Log file created at: 2019/10/14 15:07:41
Running on machine: zcu104
Log line format: [IWEF]mmdd hh:mm:ss.uuuuuu threadid file:line] msg
I1014 15:07:41.286036  8641 feature_lib.cpp:109] Feature lib read name: images/HaDM.jpg
I1014 15:07:41.286967  8641 feature_lib.cpp:131] Read lib face : images/HaDM.jpg
I1014 15:07:41.286995  8641 feature_lib.cpp:109] Feature lib read name: images/HaiHV.jpg
I1014 15:07:41.287405  8641 feature_lib.cpp:131] Read lib face : images/HaiHV.jpg
I1014 15:07:41.287425  8641 feature_lib.cpp:109] Feature lib read name: images/SonNNe.jpg
I1014 15:07:41.287827  8641 feature_lib.cpp:131] Read lib face : images/SonNNe.jpg
I1014 15:07:41.287847  8641 feature_lib.cpp:109] Feature lib read name: images/TungDM.jpg
I1014 15:07:41.288257  8641 feature_lib.cpp:131] Read lib face : images/TungDM.jpg
I1014 15:07:41.288278  8641 feature_lib.cpp:109] Feature lib read name: images/HungVTc.png
I1014 15:07:41.288691  8641 feature_lib.cpp:131] Read lib face : images/HungVTc.png
I1014 15:07:41.288720  8641 feature_lib.cpp:109] Feature lib read name: images/DangVHb.jpg
I1014 15:07:41.289119  8641 feature_lib.cpp:131] Read lib face : images/DangVHb.jpg
I1014 15:07:41.289139  8641 feature_lib.cpp:109] Feature lib read name: images/hungndn.jpg
I1014 15:07:41.289537  8641 feature_lib.cpp:131] Read lib face : images/hungndn.jpg
I1014 15:07:41.289556  8641 feature_lib.cpp:109] Feature lib read name: images/HieuPV.jpg
I1014 15:07:41.289954  8641 feature_lib.cpp:131] Read lib face : images/HieuPV.jpg
I1014 15:07:41.289973  8641 feature_lib.cpp:109] Feature lib read name: images/HuyNQz.png
I1014 15:07:41.290406  8641 feature_lib.cpp:131] Read lib face : images/HuyNQz.png
I1014 15:07:41.290444  8641 feature_lib.cpp:109] Feature lib read name: images/VuongNQb.png
I1014 15:07:41.290848  8641 feature_lib.cpp:131] Read lib face : images/VuongNQb.png
I1014 15:07:41.290874  8641 feature_lib.cpp:109] Feature lib read name: images/ThangLMb.jpg
I1014 15:07:41.291280  8641 feature_lib.cpp:131] Read lib face : images/ThangLMb.jpg
I1014 15:07:41.291299  8641 feature_lib.cpp:109] Feature lib read name: images/truongnxd.png
I1014 15:07:41.291703  8641 feature_lib.cpp:131] Read lib face : images/truongnxd.png
I1014 15:07:41.291723  8641 feature_lib.cpp:109] Feature lib read name: images/ThaoDQ.jpg
I1014 15:07:41.292124  8641 feature_lib.cpp:131] Read lib face : images/ThaoDQ.jpg
I1014 15:07:41.292186  8641 feature_lib.cpp:147] Loading normal image: images/HaDM.jpg...
I1014 15:07:41.322963  8641 feature_lib.cpp:158] Load normal image: images/HaDM.jpg done size: 838 * 1100
I1014 15:07:41.323029  8641 feature_lib.cpp:147] Loading normal image: images/HaiHV.jpg...
I1014 15:07:41.380388  8641 feature_lib.cpp:158] Load normal image: images/HaiHV.jpg done size: 1203 * 1541
I1014 15:07:41.380450  8641 feature_lib.cpp:147] Loading normal image: images/SonNNe.jpg...
I1014 15:07:41.455236  8641 feature_lib.cpp:158] Load normal image: images/SonNNe.jpg done size: 1429 * 1719
I1014 15:07:41.455297  8641 feature_lib.cpp:147] Loading normal image: images/TungDM.jpg...
I1014 15:07:41.518452  8641 feature_lib.cpp:158] Load normal image: images/TungDM.jpg done size: 1340 * 1462
I1014 15:07:41.518513  8641 feature_lib.cpp:147] Loading normal image: images/HungVTc.png...
I1014 15:07:41.526615  8641 feature_lib.cpp:158] Load normal image: images/HungVTc.png done size: 263 * 317
I1014 15:07:41.526646  8641 feature_lib.cpp:147] Loading normal image: images/DangVHb.jpg...
I1014 15:07:41.592217  8641 feature_lib.cpp:158] Load normal image: images/DangVHb.jpg done size: 1469 * 1456
I1014 15:07:41.592278  8641 feature_lib.cpp:147] Loading normal image: images/hungndn.jpg...
I1014 15:07:41.689949  8641 feature_lib.cpp:158] Load normal image: images/hungndn.jpg done size: 1636 * 1930
I1014 15:07:41.690011  8641 feature_lib.cpp:147] Loading normal image: images/HieuPV.jpg...
I1014 15:07:41.768471  8641 feature_lib.cpp:158] Load normal image: images/HieuPV.jpg done size: 1527 * 1719
I1014 15:07:41.768532  8641 feature_lib.cpp:147] Loading normal image: images/HuyNQz.png...
I1014 15:07:41.794836  8641 feature_lib.cpp:158] Load normal image: images/HuyNQz.png done size: 493 * 639
I1014 15:07:41.794890  8641 feature_lib.cpp:147] Loading normal image: images/VuongNQb.png...
I1014 15:07:41.809720  8641 feature_lib.cpp:158] Load normal image: images/VuongNQb.png done size: 351 * 514
I1014 15:07:41.809844  8641 feature_lib.cpp:147] Loading normal image: images/ThangLMb.jpg...
I1014 15:07:41.888229  8641 feature_lib.cpp:158] Load normal image: images/ThangLMb.jpg done size: 1548 * 1719
I1014 15:07:41.888293  8641 feature_lib.cpp:147] Loading normal image: images/truongnxd.png...
I1014 15:07:41.941351  8641 feature_lib.cpp:158] Load normal image: images/truongnxd.png done size: 906 * 964
I1014 15:07:41.941413  8641 feature_lib.cpp:147] Loading normal image: images/ThaoDQ.jpg...
I1014 15:07:42.013756  8641 feature_lib.cpp:158] Load normal image: images/ThaoDQ.jpg done size: 1425 * 1719
I1014 15:07:42.381719  8641 demo_inner.hpp:126] thread [DedodeThread-0] is starting
I1014 15:07:42.381891  8641 demo_inner.hpp:126] thread [GUIThread] is starting
I1014 15:07:42.381978  8645 demo_inner.hpp:101] thread [DedodeThread-0] is started
I1014 15:07:42.381985  8641 demo_inner.hpp:126] thread [SORT-0] is starting
I1014 15:07:42.382040  8646 demo_inner.hpp:101] thread [GUIThread] is started
I1014 15:07:42.382068  8641 demo_inner.hpp:126] thread [T-Work-Detect_0] is starting
I1014 15:07:42.382123  8647 demo_inner.hpp:101] thread [SORT-0] is started
I1014 15:07:42.382131  8641 demo_inner.hpp:126] thread [T-Work-Recog_0] is starting
I1014 15:07:42.382165  8648 demo_inner.hpp:101] thread [T-Work-Detect_0] is started
I1014 15:07:42.382208  8641 demo_inner.hpp:126] thread [T-Work-Recog_1] is starting
I1014 15:07:42.382263  8649 demo_inner.hpp:101] thread [T-Work-Recog_0] is started
I1014 15:07:42.382282  8641 demo_inner.hpp:126] thread [T-Intergrate-intergrate] is starting
I1014 15:07:42.382303  8650 demo_inner.hpp:101] thread [T-Work-Recog_1] is started
I1014 15:07:42.382341  8641 demo_inner.hpp:137] waiting for [GUIThread] ended
I1014 15:07:42.382369  8651 demo_inner.hpp:101] thread [T-Intergrate-intergrate] is started
I1014 15:07:43.085270  8645 demo_inner.hpp:177] decode queue size 0
I1014 15:07:43.085449  8648 work_thread.hpp:81]  [T-Work-Detect_0] Run work: WorkDetect
I1014 15:07:43.085515  8648 work_detect.cpp:102] Succeeded to add det start for frame 1
I1014 15:07:43.092631  8648 work_detect.cpp:70] Frame :1 detect result :1 face(s)
W1014 15:07:43.092674  8648 work_detect.cpp:83] Invalid bbox: [144 x 178 from (181, 206)]
I1014 15:07:43.093006  8648 work_detect.cpp:120] Succeeded to add det end for frame 1
I1014 15:07:43.093024  8648 work_thread.hpp:81]  [T-Work-Detect_0] Run work: WrokTrack
I1014 15:07:43.093055  8648 work_track.cpp:102] Succeeded to set track lock for frame 1
I1014 15:07:43.093106  8648 work_track.cpp:116] Succeeded to release track lock for frame 1
I1014 15:07:43.093122  8648 work_track.cpp:120] Track results of frame 1: 0 objects input, 0 objects tracked!
I1014 15:07:43.093140  8648 work_thread.hpp:87]  [T-Work-Detect_0] Frame :1 split
I1014 15:07:43.093185  8651 thread_intergrate.hpp:78] [T-Intergrate-intergrate] queue: frame output frame :1
I1014 15:07:43.094306  8647 demo_inner.hpp:435] thread [SORT-0]  frame id 1 sorting queue size 0   FPS: -1
I1014 15:07:43.094413  8646 demo_inner.hpp:260]  gui queue size 0, state = running
I1014 15:07:43.126899  8645 demo_inner.hpp:177] decode queue size 0
I1014 15:07:43.127007  8648 work_thread.hpp:81]  [T-Work-Detect_0] Run work: WorkDetect
I1014 15:07:43.127046  8648 work_detect.cpp:102] Succeeded to add det start for frame 2
I1014 15:07:43.133790  8648 work_detect.cpp:70] Frame :2 detect result :1 face(s)
W1014 15:07:43.133838  8648 work_detect.cpp:83] Invalid bbox: [145 x 179 from (183, 204)]
I1014 15:07:43.133909  8648 work_detect.cpp:120] Succeeded to add det end for frame 2
I1014 15:07:43.133926  8648 work_thread.hpp:81]  [T-Work-Detect_0] Run work: WrokTrack
I1014 15:07:43.133955  8648 work_track.cpp:102] Succeeded to set track lock for frame 2
I1014 15:07:43.133981  8648 work_track.cpp:116] Succeeded to release track lock for frame 2
I1014 15:07:43.133996  8648 work_track.cpp:120] Track results of frame 2: 0 objects input, 0 objects tracked!
I1014 15:07:43.134013  8648 work_thread.hpp:87]  [T-Work-Detect_0] Frame :2 split
I1014 15:07:43.134114  8651 thread_intergrate.hpp:78] [T-Intergrate-intergrate] queue: frame output frame :2
I1014 15:07:43.135706  8647 demo_inner.hpp:435] thread [SORT-0]  frame id 2 sorting queue size 0   FPS: 25
I1014 15:07:43.144007  8646 demo_inner.hpp:260]  gui queue size 0, state = running
I1014 15:07:43.156819  8645 demo_inner.hpp:177] decode queue size 0
I1014 15:07:43.156942  8648 work_thread.hpp:81]  [T-Work-Detect_0] Run work: WorkDetect
I1014 15:07:43.156981  8648 work_detect.cpp:102] Succeeded to add det start for frame 3
I1014 15:07:43.163766  8648 work_detect.cpp:70] Frame :3 detect result :1 face(s)
W1014 15:07:43.163799  8648 work_detect.cpp:83] Invalid bbox: [143 x 180 from (183, 204)]
I1014 15:07:43.163870  8648 work_detect.cpp:120] Succeeded to add det end for frame 3
I1014 15:07:43.163887  8648 work_thread.hpp:81]  [T-Work-Detect_0] Run work: WrokTrack
I1014 15:07:43.163913  8648 work_track.cpp:102] Succeeded to set track lock for frame 3
I1014 15:07:43.163940  8648 work_track.cpp:116] Succeeded to release track lock for frame 3
I1014 15:07:43.163954  8648 work_track.cpp:120] Track results of frame 3: 0 objects input, 0 objects tracked!
I1014 15:07:43.163972  8648 work_thread.hpp:87]  [T-Work-Detect_0] Frame :3 split
I1014 15:07:43.164022  8651 thread_intergrate.hpp:78] [T-Intergrate-intergrate] queue: frame output frame :3
I1014 15:07:43.165498  8647 demo_inner.hpp:435] thread [SORT-0]  frame id 3 sorting queue size 0   FPS: 28.5714
I1014 15:07:43.165560  8646 demo_inner.hpp:260]  gui queue size 0, state = running
I1014 15:07:43.192852  8645 demo_inner.hpp:177] decode queue size 0
I1014 15:07:43.192997  8648 work_thread.hpp:81]  [T-Work-Detect_0] Run work: WorkDetect
I1014 15:07:43.193035  8648 work_detect.cpp:102] Succeeded to add det start for frame 4
I1014 15:07:43.199617  8648 work_detect.cpp:70] Frame :4 detect result :1 face(s)
W1014 15:07:43.199645  8648 work_detect.cpp:83] Invalid bbox: [146 x 180 from (180, 206)]
I1014 15:07:43.199718  8648 work_detect.cpp:120] Succeeded to add det end for frame 4
I1014 15:07:43.199734  8648 work_thread.hpp:81]  [T-Work-Detect_0] Run work: WrokTrack
I1014 15:07:43.199760  8648 work_track.cpp:102] Succeeded to set track lock for frame 4
I1014 15:07:43.199787  8648 work_track.cpp:116] Succeeded to release track lock for frame 4
I1014 15:07:43.199800  8648 work_track.cpp:120] Track results of frame 4: 0 objects input, 0 objects tracked!
I1014 15:07:43.199820  8648 work_thread.hpp:87]  [T-Work-Detect_0] Frame :4 split
I1014 15:07:43.199858  8651 thread_intergrate.hpp:78] [T-Intergrate-intergrate] queue: frame output frame :4
I1014 15:07:43.201406  8647 demo_inner.hpp:435] thread [SORT-0]  frame id 4 sorting queue size 0   FPS: 28.3019
I1014 15:07:43.201493  8646 demo_inner.hpp:260]  gui queue size 0, state = running
I1014 15:07:43.222860  8645 demo_inner.hpp:177] decode queue size 0
I1014 15:07:43.222985  8648 work_thread.hpp:81]  [T-Work-Detect_0] Run work: WorkDetect
I1014 15:07:43.223022  8648 work_detect.cpp:102] Succeeded to add det start for frame 5
I1014 15:07:43.229666  8648 work_detect.cpp:70] Frame :5 detect result :1 face(s)
W1014 15:07:43.229696  8648 work_detect.cpp:83] Invalid bbox: [141 x 176 from (184, 208)]
I1014 15:07:43.229769  8648 work_detect.cpp:120] Succeeded to add det end for frame 5
I1014 15:07:43.229786  8648 work_thread.hpp:81]  [T-Work-Detect_0] Run work: WrokTrack
I1014 15:07:43.229812  8648 work_track.cpp:102] Succeeded to set track lock for frame 5
I1014 15:07:43.229840  8648 work_track.cpp:116] Succeeded to release track lock for frame 5
I1014 15:07:43.229853  8648 work_track.cpp:120] Track results of frame 5: 0 objects input, 0 objects tracked!
I1014 15:07:43.229871  8648 work_thread.hpp:87]  [T-Work-Detect_0] Frame :5 split
I1014 15:07:43.229918  8651 thread_intergrate.hpp:78] [T-Intergrate-intergrate] queue: frame output frame :5
I1014 15:07:43.231331  8647 demo_inner.hpp:435] thread [SORT-0]  frame id 5 sorting queue size 0   FPS: 29.4118
I1014 15:07:43.231395  8646 demo_inner.hpp:260]  gui queue size 0, state = running
I1014 15:07:43.258786  8645 demo_inner.hpp:177] decode queue size 0
I1014 15:07:43.258903  8648 work_thread.hpp:81]  [T-Work-Detect_0] Run work: WorkDetect
I1014 15:07:43.258940  8648 work_detect.cpp:102] Succeeded to add det start for frame 6
I1014 15:07:43.265650  8648 work_detect.cpp:70] Frame :6 detect result :1 face(s)
W1014 15:07:43.265679  8648 work_detect.cpp:83] Invalid bbox: [141 x 172 from (184, 209)]
I1014 15:07:43.265753  8648 work_detect.cpp:120] Succeeded to add det end for frame 6
I1014 15:07:43.265769  8648 work_thread.hpp:81]  [T-Work-Detect_0] Run work: WrokTrack
I1014 15:07:43.265794  8648 work_track.cpp:102] Succeeded to set track lock for frame 6
I1014 15:07:43.265821  8648 work_track.cpp:116] Succeeded to release track lock for frame 6
I1014 15:07:43.265836  8648 work_track.cpp:120] Track results of frame 6: 0 objects input, 0 objects tracked!
I1014 15:07:43.265854  8648 work_thread.hpp:87]  [T-Work-Detect_0] Frame :6 split
I1014 15:07:43.265894  8651 thread_intergrate.hpp:78] [T-Intergrate-intergrate] queue: frame output frame :6
I1014 15:07:43.267421  8647 demo_inner.hpp:435] thread [SORT-0]  frame id 6 sorting queue size 0   FPS: 29.0698
I1014 15:07:43.267490  8646 demo_inner.hpp:260]  gui queue size 0, state = running
I1014 15:07:43.288892  8645 demo_inner.hpp:177] decode queue size 0
I1014 15:07:43.289016  8648 work_thread.hpp:81]  [T-Work-Detect_0] Run work: WorkDetect
I1014 15:07:43.289054  8648 work_detect.cpp:102] Succeeded to add det start for frame 7
I1014 15:07:43.295662  8648 work_detect.cpp:70] Frame :7 detect result :1 face(s)
W1014 15:07:43.295691  8648 work_detect.cpp:83] Invalid bbox: [141 x 176 from (184, 208)]
I1014 15:07:43.295763  8648 work_detect.cpp:120] Succeeded to add det end for frame 7
I1014 15:07:43.295781  8648 work_thread.hpp:81]  [T-Work-Detect_0] Run work: WrokTrack
I1014 15:07:43.295807  8648 work_track.cpp:102] Succeeded to set track lock for frame 7
I1014 15:07:43.295835  8648 work_track.cpp:116] Succeeded to release track lock for frame 7
I1014 15:07:43.295848  8648 work_track.cpp:120] Track results of frame 7: 0 objects input, 0 objects tracked!
I1014 15:07:43.295867  8648 work_thread.hpp:87]  [T-Work-Detect_0] Frame :7 split
I1014 15:07:43.295919  8651 thread_intergrate.hpp:78] [T-Intergrate-intergrate] queue: frame output frame :7
I1014 15:07:43.297361  8647 demo_inner.hpp:435] thread [SORT-0]  frame id 7 sorting queue size 0   FPS: 29.703
I1014 15:07:43.297421  8646 demo_inner.hpp:260]  gui queue size 0, state = running
I1014 15:07:43.325068  8645 demo_inner.hpp:177] decode queue size 0
I1014 15:07:43.325215  8648 work_thread.hpp:81]  [T-Work-Detect_0] Run work: WorkDetect
I1014 15:07:43.325251  8648 work_detect.cpp:102] Succeeded to add det start for frame 8
I1014 15:07:43.331704  8648 work_detect.cpp:70] Frame :8 detect result :1 face(s)
W1014 15:07:43.331739  8648 work_detect.cpp:83] Invalid bbox: [142 x 170 from (183, 212)]
I1014 15:07:43.331820  8648 work_detect.cpp:120] Succeeded to add det end for frame 8
I1014 15:07:43.331837  8648 work_thread.hpp:81]  [T-Work-Detect_0] Run work: WrokTrack
I1014 15:07:43.331863  8648 work_track.cpp:102] Succeeded to set track lock for frame 8
I1014 15:07:43.331892  8648 work_track.cpp:116] Succeeded to release track lock for frame 8
I1014 15:07:43.331905  8648 work_track.cpp:120] Track results of frame 8: 0 objects input, 0 objects tracked!
I1014 15:07:43.331923  8648 work_thread.hpp:87]  [T-Work-Detect_0] Frame :8 split
I1014 15:07:43.331970  8651 thread_intergrate.hpp:78] [T-Intergrate-intergrate] queue: frame output frame :8
I1014 15:07:43.333371  8647 demo_inner.hpp:435] thread [SORT-0]  frame id 8 sorting queue size 0   FPS: 29.4118
I1014 15:07:43.333439  8646 demo_inner.hpp:260]  gui queue size 0, state = running
I1014 15:07:43.360651  8645 demo_inner.hpp:177] decode queue size 0
I1014 15:07:43.360764  8648 work_thread.hpp:81]  [T-Work-Detect_0] Run work: WorkDetect
I1014 15:07:43.360798  8648 work_detect.cpp:102] Succeeded to add det start for frame 9
I1014 15:07:43.367468  8648 work_detect.cpp:70] Frame :9 detect result :1 face(s)
W1014 15:07:43.367513  8648 work_detect.cpp:83] Invalid bbox: [139 x 176 from (185, 208)]
I1014 15:07:43.367584  8648 work_detect.cpp:120] Succeeded to add det end for frame 9
I1014 15:07:43.367601  8648 work_thread.hpp:81]  [T-Work-Detect_0] Run work: WrokTrack
I1014 15:07:43.367628  8648 work_track.cpp:102] Succeeded to set track lock for frame 9
I1014 15:07:43.367655  8648 work_track.cpp:116] Succeeded to release track lock for frame 9
I1014 15:07:43.367669  8648 work_track.cpp:120] Track results of frame 9: 0 objects input, 0 objects tracked!
I1014 15:07:43.367688  8648 work_thread.hpp:87]  [T-Work-Detect_0] Frame :9 split
I1014 15:07:43.367733  8651 thread_intergrate.hpp:78] [T-Intergrate-intergrate] queue: frame output frame :9
I1014 15:07:43.369201  8647 demo_inner.hpp:435] thread [SORT-0]  frame id 9 sorting queue size 0   FPS: 29.1971
I1014 15:07:43.369267  8646 demo_inner.hpp:260]  gui queue size 0, state = running
I1014 15:07:43.393062  8645 demo_inner.hpp:177] decode queue size 0
I1014 15:07:43.393218  8648 work_thread.hpp:81]  [T-Work-Detect_0] Run work: WorkDetect
I1014 15:07:43.393258  8648 work_detect.cpp:102] Succeeded to add det start for frame 10
I1014 15:07:43.400252  8648 work_detect.cpp:70] Frame :10 detect result :1 face(s)
W1014 15:07:43.400326  8648 work_detect.cpp:83] Invalid bbox: [142 x 177 from (183, 207)]
I1014 15:07:43.400421  8648 work_detect.cpp:120] Succeeded to add det end for frame 10
I1014 15:07:43.400440  8648 work_thread.hpp:81]  [T-Work-Detect_0] Run work: WrokTrack
I1014 15:07:43.400468  8648 work_track.cpp:102] Succeeded to set track lock for frame 10
I1014 15:07:43.400496  8648 work_track.cpp:116] Succeeded to release track lock for frame 10
I1014 15:07:43.400511  8648 work_track.cpp:120] Track results of frame 10: 0 objects input, 0 objects tracked!
I1014 15:07:43.400529  8648 work_thread.hpp:87]  [T-Work-Detect_0] Frame :10 split
I1014 15:07:43.400777  8651 thread_intergrate.hpp:78] [T-Intergrate-intergrate] queue: frame output frame :10
I1014 15:07:43.402410  8647 demo_inner.hpp:435] thread [SORT-0]  frame id 10 sorting queue size 0   FPS: 29.316
I1014 15:07:43.402585  8646 demo_inner.hpp:260]  gui queue size 0, state = running
I1014 15:07:43.429100  8645 demo_inner.hpp:177] decode queue size 0
I1014 15:07:43.429199  8648 work_thread.hpp:81]  [T-Work-Detect_0] Run work: WorkDetect
I1014 15:07:43.429239  8648 work_detect.cpp:102] Succeeded to add det start for frame 11
I1014 15:07:43.435722  8648 work_detect.cpp:70] Frame :11 detect result :1 face(s)
W1014 15:07:43.435770  8648 work_detect.cpp:83] Invalid bbox: [142 x 180 from (183, 204)]
I1014 15:07:43.435844  8648 work_detect.cpp:120] Succeeded to add det end for frame 11
I1014 15:07:43.435863  8648 work_thread.hpp:81]  [T-Work-Detect_0] Run work: WrokTrack
I1014 15:07:43.435889  8648 work_track.cpp:102] Succeeded to set track lock for frame 11
I1014 15:07:43.435916  8648 work_track.cpp:116] Succeeded to release track lock for frame 11
I1014 15:07:43.435930  8648 work_track.cpp:120] Track results of frame 11: 0 objects input, 0 objects tracked!
I1014 15:07:43.435948  8648 work_thread.hpp:87]  [T-Work-Detect_0] Frame :11 split
I1014 15:07:43.436038  8651 thread_intergrate.hpp:78] [T-Intergrate-intergrate] queue: frame output frame :11
I1014 15:07:43.437664  8647 demo_inner.hpp:435] thread [SORT-0]  frame id 11 sorting queue size 0   FPS: 29.2398
I1014 15:07:43.437803  8646 demo_inner.hpp:260]  gui queue size 0, state = running
I1014 15:07:43.459764  8645 demo_inner.hpp:177] decode queue size 0
I1014 15:07:43.459937  8648 work_thread.hpp:81]  [T-Work-Detect_0] Run work: WorkDetect
I1014 15:07:43.459987  8648 work_detect.cpp:102] Succeeded to add det start for frame 12
I1014 15:07:43.467252  8648 work_detect.cpp:70] Frame :12 detect result :1 face(s)
W1014 15:07:43.467317  8648 work_detect.cpp:83] Invalid bbox: [143 x 177 from (183, 206)]
I1014 15:07:43.467427  8648 work_detect.cpp:120] Succeeded to add det end for frame 12
I1014 15:07:43.467445  8648 work_thread.hpp:81]  [T-Work-Detect_0] Run work: WrokTrack
I1014 15:07:43.467525  8648 work_track.cpp:102] Succeeded to set track lock for frame 12
I1014 15:07:43.467556  8648 work_track.cpp:116] Succeeded to release track lock for frame 12
I1014 15:07:43.467571  8648 work_track.cpp:120] Track results of frame 12: 0 objects input, 0 objects tracked!
I1014 15:07:43.467591  8648 work_thread.hpp:87]  [T-Work-Detect_0] Frame :12 split
I1014 15:07:43.467628  8651 thread_intergrate.hpp:78] [T-Intergrate-intergrate] queue: frame output frame :12
I1014 15:07:43.469115  8647 demo_inner.hpp:435] thread [SORT-0]  frame id 12 sorting queue size 0   FPS: 29.4118
I1014 15:07:43.469238  8646 demo_inner.hpp:260]  gui queue size 0, state = running
I1014 15:07:43.495602  8645 demo_inner.hpp:177] decode queue size 0
I1014 15:07:43.495769  8648 work_thread.hpp:81]  [T-Work-Detect_0] Run work: WorkDetect
I1014 15:07:43.495810  8648 work_detect.cpp:102] Succeeded to add det start for frame 13
I1014 15:07:43.502887  8648 work_detect.cpp:70] Frame :13 detect result :1 face(s)
W1014 15:07:43.502964  8648 work_detect.cpp:83] Invalid bbox: [143 x 171 from (182, 211)]
I1014 15:07:43.503082  8648 work_detect.cpp:120] Succeeded to add det end for frame 13
I1014 15:07:43.503101  8648 work_thread.hpp:81]  [T-Work-Detect_0] Run work: WrokTrack
I1014 15:07:43.503135  8648 work_track.cpp:102] Succeeded to set track lock for frame 13
I1014 15:07:43.503168  8648 work_track.cpp:116] Succeeded to release track lock for frame 13
I1014 15:07:43.503183  8648 work_track.cpp:120] Track results of frame 13: 0 objects input, 0 objects tracked!
I1014 15:07:43.503203  8648 work_thread.hpp:87]  [T-Work-Detect_0] Frame :13 split
I1014 15:07:43.503295  8651 thread_intergrate.hpp:78] [T-Intergrate-intergrate] queue: frame output frame :13
I1014 15:07:43.504976  8647 demo_inner.hpp:435] thread [SORT-0]  frame id 13 sorting queue size 0   FPS: 29.2683
I1014 15:07:43.505102  8646 demo_inner.hpp:260]  gui queue size 0, state = running
I1014 15:07:43.524343  8645 demo_inner.hpp:177] decode queue size 0
I1014 15:07:43.524474  8648 work_thread.hpp:81]  [T-Work-Detect_0] Run work: WorkDetect
I1014 15:07:43.524513  8648 work_detect.cpp:102] Succeeded to add det start for frame 14
I1014 15:07:43.531016  8648 work_detect.cpp:70] Frame :14 detect result :1 face(s)
W1014 15:07:43.531055  8648 work_detect.cpp:83] Invalid bbox: [140 x 173 from (185, 208)]
I1014 15:07:43.531129  8648 work_detect.cpp:120] Succeeded to add det end for frame 14
I1014 15:07:43.531147  8648 work_thread.hpp:81]  [T-Work-Detect_0] Run work: WrokTrack
I1014 15:07:43.531173  8648 work_track.cpp:102] Succeeded to set track lock for frame 14
I1014 15:07:43.531203  8648 work_track.cpp:116] Succeeded to release track lock for frame 14
I1014 15:07:43.531216  8648 work_track.cpp:120] Track results of frame 14: 0 objects input, 0 objects tracked!
I1014 15:07:43.531234  8648 work_thread.hpp:87]  [T-Work-Detect_0] Frame :14 split
I1014 15:07:43.531282  8651 thread_intergrate.hpp:78] [T-Intergrate-intergrate] queue: frame output frame :14
I1014 15:07:43.532814  8647 demo_inner.hpp:435] thread [SORT-0]  frame id 14 sorting queue size 0   FPS: 29.6804
I1014 15:07:43.532878  8646 demo_inner.hpp:260]  gui queue size 0, state = running
I1014 15:07:43.560441  8645 demo_inner.hpp:177] decode queue size 0
I1014 15:07:43.560547  8648 work_thread.hpp:81]  [T-Work-Detect_0] Run work: WorkDetect
I1014 15:07:43.560586  8648 work_detect.cpp:102] Succeeded to add det start for frame 15
I1014 15:07:43.567078  8648 work_detect.cpp:70] Frame :15 detect result :1 face(s)
W1014 15:07:43.567121  8648 work_detect.cpp:83] Invalid bbox: [140 x 174 from (184, 209)]
I1014 15:07:43.567195  8648 work_detect.cpp:120] Succeeded to add det end for frame 15
I1014 15:07:43.567212  8648 work_thread.hpp:81]  [T-Work-Detect_0] Run work: WrokTrack
I1014 15:07:43.567239  8648 work_track.cpp:102] Succeeded to set track lock for frame 15
I1014 15:07:43.567266  8648 work_track.cpp:116] Succeeded to release track lock for frame 15
I1014 15:07:43.567281  8648 work_track.cpp:120] Track results of frame 15: 0 objects input, 0 objects tracked!
I1014 15:07:43.567346  8648 work_thread.hpp:87]  [T-Work-Detect_0] Frame :15 split
I1014 15:07:43.567394  8651 thread_intergrate.hpp:78] [T-Intergrate-intergrate] queue: frame output frame :15
I1014 15:07:43.569169  8647 demo_inner.hpp:435] thread [SORT-0]  frame id 15 sorting queue size 0   FPS: 29.5359
I1014 15:07:43.569257  8646 demo_inner.hpp:260]  gui queue size 0, state = running
I1014 15:07:43.597018  8645 demo_inner.hpp:177] decode queue size 0
I1014 15:07:43.597141  8648 work_thread.hpp:81]  [T-Work-Detect_0] Run work: WorkDetect
I1014 15:07:43.597180  8648 work_detect.cpp:102] Succeeded to add det start for frame 16
I1014 15:07:43.603646  8648 work_detect.cpp:70] Frame :16 detect result :1 face(s)
W1014 15:07:43.603689  8648 work_detect.cpp:83] Invalid bbox: [144 x 182 from (183, 204)]
I1014 15:07:43.603765  8648 work_detect.cpp:120] Succeeded to add det end for frame 16
I1014 15:07:43.603781  8648 work_thread.hpp:81]  [T-Work-Detect_0] Run work: WrokTrack
I1014 15:07:43.603807  8648 work_track.cpp:102] Succeeded to set track lock for frame 16
I1014 15:07:43.603835  8648 work_track.cpp:116] Succeeded to release track lock for frame 16
I1014 15:07:43.603849  8648 work_track.cpp:120] Track results of frame 16: 0 objects input, 0 objects tracked!
I1014 15:07:43.603868  8648 work_thread.hpp:87]  [T-Work-Detect_0] Frame :16 split
I1014 15:07:43.603917  8651 thread_intergrate.hpp:78] [T-Intergrate-intergrate] queue: frame output frame :16
I1014 15:07:43.605434  8647 demo_inner.hpp:435] thread [SORT-0]  frame id 16 sorting queue size 0   FPS: 29.4118
I1014 15:07:43.605507  8646 demo_inner.hpp:260]  gui queue size 0, state = running
I1014 15:07:43.626513  8645 demo_inner.hpp:177] decode queue size 0
I1014 15:07:43.626631  8648 work_thread.hpp:81]  [T-Work-Detect_0] Run work: WorkDetect
I1014 15:07:43.626669  8648 work_detect.cpp:102] Succeeded to add det start for frame 17
I1014 15:07:43.633237  8648 work_detect.cpp:70] Frame :17 detect result :1 face(s)
W1014 15:07:43.633280  8648 work_detect.cpp:83] Invalid bbox: [139 x 175 from (185, 208)]
I1014 15:07:43.633357  8648 work_detect.cpp:120] Succeeded to add det end for frame 17
I1014 15:07:43.633373  8648 work_thread.hpp:81]  [T-Work-Detect_0] Run work: WrokTrack
I1014 15:07:43.633400  8648 work_track.cpp:102] Succeeded to set track lock for frame 17
I1014 15:07:43.633428  8648 work_track.cpp:116] Succeeded to release track lock for frame 17
I1014 15:07:43.633443  8648 work_track.cpp:120] Track results of frame 17: 0 objects input, 0 objects tracked!
I1014 15:07:43.633462  8648 work_thread.hpp:87]  [T-Work-Detect_0] Frame :17 split
I1014 15:07:43.633514  8651 thread_intergrate.hpp:78] [T-Intergrate-intergrate] queue: frame output frame :17
I1014 15:07:43.635222  8647 demo_inner.hpp:435] thread [SORT-0]  frame id 17 sorting queue size 0   FPS: 29.6296
I1014 15:07:43.635290  8646 demo_inner.hpp:260]  gui queue size 0, state = running
I1014 15:07:43.662330  8645 demo_inner.hpp:177] decode queue size 0
I1014 15:07:43.662463  8648 work_thread.hpp:81]  [T-Work-Detect_0] Run work: WorkDetect
I1014 15:07:43.662503  8648 work_detect.cpp:102] Succeeded to add det start for frame 18
I1014 15:07:43.669122  8648 work_detect.cpp:70] Frame :18 detect result :1 face(s)
W1014 15:07:43.669171  8648 work_detect.cpp:83] Invalid bbox: [144 x 177 from (183, 207)]
I1014 15:07:43.669246  8648 work_detect.cpp:120] Succeeded to add det end for frame 18
I1014 15:07:43.669263  8648 work_thread.hpp:81]  [T-Work-Detect_0] Run work: WrokTrack
I1014 15:07:43.669291  8648 work_track.cpp:102] Succeeded to set track lock for frame 18
I1014 15:07:43.669317  8648 work_track.cpp:116] Succeeded to release track lock for frame 18
I1014 15:07:43.669332  8648 work_track.cpp:120] Track results of frame 18: 0 objects input, 0 objects tracked!
I1014 15:07:43.669350  8648 work_thread.hpp:87]  [T-Work-Detect_0] Frame :18 split
I1014 15:07:43.669396  8651 thread_intergrate.hpp:78] [T-Intergrate-intergrate] queue: frame output frame :18
I1014 15:07:43.671142  8647 demo_inner.hpp:435] thread [SORT-0]  frame id 18 sorting queue size 0   FPS: 29.5139
I1014 15:07:43.671209  8646 demo_inner.hpp:260]  gui queue size 0, state = running
I1014 15:07:43.692481  8645 demo_inner.hpp:177] decode queue size 0
I1014 15:07:43.692713  8648 work_thread.hpp:81]  [T-Work-Detect_0] Run work: WorkDetect
I1014 15:07:43.692751  8648 work_detect.cpp:102] Succeeded to add det start for frame 19
I1014 15:07:43.699203  8648 work_detect.cpp:70] Frame :19 detect result :1 face(s)
W1014 15:07:43.699239  8648 work_detect.cpp:83] Invalid bbox: [132 x 174 from (181, 207)]
I1014 15:07:43.699312  8648 work_detect.cpp:120] Succeeded to add det end for frame 19
I1014 15:07:43.699329  8648 work_thread.hpp:81]  [T-Work-Detect_0] Run work: WrokTrack
I1014 15:07:43.699355  8648 work_track.cpp:102] Succeeded to set track lock for frame 19
I1014 15:07:43.699383  8648 work_track.cpp:116] Succeeded to release track lock for frame 19
I1014 15:07:43.699398  8648 work_track.cpp:120] Track results of frame 19: 0 objects input, 0 objects tracked!
I1014 15:07:43.699416  8648 work_thread.hpp:87]  [T-Work-Detect_0] Frame :19 split
I1014 15:07:43.699471  8651 thread_intergrate.hpp:78] [T-Intergrate-intergrate] queue: frame output frame :19
I1014 15:07:43.701086  8647 demo_inner.hpp:435] thread [SORT-0]  frame id 19 sorting queue size 0   FPS: 29.703
I1014 15:07:43.701175  8646 demo_inner.hpp:260]  gui queue size 0, state = running
I1014 15:07:43.728348  8645 demo_inner.hpp:177] decode queue size 0
I1014 15:07:43.728469  8648 work_thread.hpp:81]  [T-Work-Detect_0] Run work: WorkDetect
I1014 15:07:43.728507  8648 work_detect.cpp:102] Succeeded to add det start for frame 20
I1014 15:07:43.734977  8648 work_detect.cpp:70] Frame :20 detect result :1 face(s)
W1014 15:07:43.735016  8648 work_detect.cpp:83] Invalid bbox: [138 x 188 from (180, 200)]
I1014 15:07:43.735091  8648 work_detect.cpp:120] Succeeded to add det end for frame 20
I1014 15:07:43.735110  8648 work_thread.hpp:81]  [T-Work-Detect_0] Run work: WrokTrack
I1014 15:07:43.735136  8648 work_track.cpp:102] Succeeded to set track lock for frame 20
I1014 15:07:43.735163  8648 work_track.cpp:116] Succeeded to release track lock for frame 20
I1014 15:07:43.735177  8648 work_track.cpp:120] Track results of frame 20: 0 objects input, 0 objects tracked!
I1014 15:07:43.735195  8648 work_thread.hpp:87]  [T-Work-Detect_0] Frame :20 split
I1014 15:07:43.735239  8651 thread_intergrate.hpp:78] [T-Intergrate-intergrate] queue: frame output frame :20
I1014 15:07:43.736959  8647 demo_inner.hpp:435] thread [SORT-0]  frame id 20 sorting queue size 0   FPS: 29.595
I1014 15:07:43.737035  8646 demo_inner.hpp:260]  gui queue size 0, state = running
I1014 15:07:43.758271  8645 demo_inner.hpp:177] decode queue size 0
I1014 15:07:43.758378  8648 work_thread.hpp:81]  [T-Work-Detect_0] Run work: WorkDetect
I1014 15:07:43.758415  8648 work_detect.cpp:102] Succeeded to add det start for frame 21
I1014 15:07:43.764994  8648 work_detect.cpp:70] Frame :21 detect result :1 face(s)
W1014 15:07:43.765048  8648 work_detect.cpp:83] Invalid bbox: [142 x 178 from (184, 204)]
I1014 15:07:43.765121  8648 work_detect.cpp:120] Succeeded to add det end for frame 21
I1014 15:07:43.765138  8648 work_thread.hpp:81]  [T-Work-Detect_0] Run work: WrokTrack
I1014 15:07:43.765166  8648 work_track.cpp:102] Succeeded to set track lock for frame 21
I1014 15:07:43.765192  8648 work_track.cpp:116] Succeeded to release track lock for frame 21
I1014 15:07:43.765205  8648 work_track.cpp:120] Track results of frame 21: 0 objects input, 0 objects tracked!
I1014 15:07:43.765224  8648 work_thread.hpp:87]  [T-Work-Detect_0] Frame :21 split
I1014 15:07:43.765275  8651 thread_intergrate.hpp:78] [T-Intergrate-intergrate] queue: frame output frame :21
I1014 15:07:43.766953  8647 demo_inner.hpp:435] thread [SORT-0]  frame id 21 sorting queue size 0   FPS: 29.7619
I1014 15:07:43.767019  8646 demo_inner.hpp:260]  gui queue size 0, state = running
I1014 15:07:43.794406  8645 demo_inner.hpp:177] decode queue size 0
I1014 15:07:43.794510  8648 work_thread.hpp:81]  [T-Work-Detect_0] Run work: WorkDetect
I1014 15:07:43.794627  8648 work_detect.cpp:102] Succeeded to add det start for frame 22
I1014 15:07:43.801200  8648 work_detect.cpp:70] Frame :22 detect result :1 face(s)
W1014 15:07:43.801249  8648 work_detect.cpp:83] Invalid bbox: [139 x 176 from (185, 206)]
I1014 15:07:43.801321  8648 work_detect.cpp:120] Succeeded to add det end for frame 22
I1014 15:07:43.801337  8648 work_thread.hpp:81]  [T-Work-Detect_0] Run work: WrokTrack
I1014 15:07:43.801364  8648 work_track.cpp:102] Succeeded to set track lock for frame 22
I1014 15:07:43.801393  8648 work_track.cpp:116] Succeeded to release track lock for frame 22
I1014 15:07:43.801406  8648 work_track.cpp:120] Track results of frame 22: 0 objects input, 0 objects tracked!
I1014 15:07:43.801424  8648 work_thread.hpp:87]  [T-Work-Detect_0] Frame :22 split
I1014 15:07:43.801470  8651 thread_intergrate.hpp:78] [T-Intergrate-intergrate] queue: frame output frame :22
I1014 15:07:43.803158  8647 demo_inner.hpp:435] thread [SORT-0]  frame id 22 sorting queue size 0   FPS: 29.661
I1014 15:07:43.803225  8646 demo_inner.hpp:260]  gui queue size 0, state = running
I1014 15:07:43.824456  8645 demo_inner.hpp:177] decode queue size 0
I1014 15:07:43.824561  8648 work_thread.hpp:81]  [T-Work-Detect_0] Run work: WorkDetect
I1014 15:07:43.824599  8648 work_detect.cpp:102] Succeeded to add det start for frame 23
I1014 15:07:43.831094  8648 work_detect.cpp:70] Frame :23 detect result :1 face(s)
W1014 15:07:43.831137  8648 work_detect.cpp:83] Invalid bbox: [137 x 180 from (180, 200)]
I1014 15:07:43.831216  8648 work_detect.cpp:120] Succeeded to add det end for frame 23
I1014 15:07:43.831234  8648 work_thread.hpp:81]  [T-Work-Detect_0] Run work: WrokTrack
I1014 15:07:43.831261  8648 work_track.cpp:102] Succeeded to set track lock for frame 23
I1014 15:07:43.831288  8648 work_track.cpp:116] Succeeded to release track lock for frame 23
I1014 15:07:43.831302  8648 work_track.cpp:120] Track results of frame 23: 0 objects input, 0 objects tracked!
I1014 15:07:43.831321  8648 work_thread.hpp:87]  [T-Work-Detect_0] Frame :23 split
I1014 15:07:43.831377  8651 thread_intergrate.hpp:78] [T-Intergrate-intergrate] queue: frame output frame :23
I1014 15:07:43.833029  8647 demo_inner.hpp:435] thread [SORT-0]  frame id 23 sorting queue size 0   FPS: 29.8103
I1014 15:07:43.833096  8646 demo_inner.hpp:260]  gui queue size 0, state = running
I1014 15:07:43.860458  8645 demo_inner.hpp:177] decode queue size 0
I1014 15:07:43.860574  8648 work_thread.hpp:81]  [T-Work-Detect_0] Run work: WorkDetect
I1014 15:07:43.860611  8648 work_detect.cpp:102] Succeeded to add det start for frame 24
I1014 15:07:43.867213  8648 work_detect.cpp:70] Frame :24 detect result :1 face(s)
W1014 15:07:43.867257  8648 work_detect.cpp:83] Invalid bbox: [142 x 184 from (177, 196)]
I1014 15:07:43.867333  8648 work_detect.cpp:120] Succeeded to add det end for frame 24
I1014 15:07:43.867350  8648 work_thread.hpp:81]  [T-Work-Detect_0] Run work: WrokTrack
I1014 15:07:43.867377  8648 work_track.cpp:102] Succeeded to set track lock for frame 24
I1014 15:07:43.867404  8648 work_track.cpp:116] Succeeded to release track lock for frame 24
I1014 15:07:43.867419  8648 work_track.cpp:120] Track results of frame 24: 0 objects input, 0 objects tracked!
I1014 15:07:43.867437  8648 work_thread.hpp:87]  [T-Work-Detect_0] Frame :24 split
I1014 15:07:43.867481  8651 thread_intergrate.hpp:78] [T-Intergrate-intergrate] queue: frame output frame :24
I1014 15:07:43.869093  8647 demo_inner.hpp:435] thread [SORT-0]  frame id 24 sorting queue size 0   FPS: 29.7158
I1014 15:07:43.869163  8646 demo_inner.hpp:260]  gui queue size 0, state = running
I1014 15:07:43.896447  8645 demo_inner.hpp:177] decode queue size 0
I1014 15:07:43.896575  8648 work_thread.hpp:81]  [T-Work-Detect_0] Run work: WorkDetect
I1014 15:07:43.896613  8648 work_detect.cpp:102] Succeeded to add det start for frame 25
I1014 15:07:43.903143  8648 work_detect.cpp:70] Frame :25 detect result :1 face(s)
W1014 15:07:43.903190  8648 work_detect.cpp:83] Invalid bbox: [139 x 186 from (179, 196)]
I1014 15:07:43.903308  8648 work_detect.cpp:120] Succeeded to add det end for frame 25
I1014 15:07:43.903326  8648 work_thread.hpp:81]  [T-Work-Detect_0] Run work: WrokTrack
I1014 15:07:43.903354  8648 work_track.cpp:102] Succeeded to set track lock for frame 25
I1014 15:07:43.903381  8648 work_track.cpp:116] Succeeded to release track lock for frame 25
I1014 15:07:43.903395  8648 work_track.cpp:120] Track results of frame 25: 0 objects input, 0 objects tracked!
I1014 15:07:43.903414  8648 work_thread.hpp:87]  [T-Work-Detect_0] Frame :25 split
I1014 15:07:43.903457  8651 thread_intergrate.hpp:78] [T-Intergrate-intergrate] queue: frame output frame :25
I1014 15:07:43.905266  8647 demo_inner.hpp:435] thread [SORT-0]  frame id 25 sorting queue size 0   FPS: 29.6296
I1014 15:07:43.905333  8646 demo_inner.hpp:260]  gui queue size 0, state = running
I1014 15:07:43.926503  8645 demo_inner.hpp:177] decode queue size 0
I1014 15:07:43.926656  8648 work_thread.hpp:81]  [T-Work-Detect_0] Run work: WorkDetect
I1014 15:07:43.926700  8648 work_detect.cpp:102] Succeeded to add det start for frame 26
I1014 15:07:43.933272  8648 work_detect.cpp:70] Frame :26 detect result :1 face(s)
W1014 15:07:43.933317  8648 work_detect.cpp:83] Invalid bbox: [148 x 184 from (183, 196)]
I1014 15:07:43.933390  8648 work_detect.cpp:120] Succeeded to add det end for frame 26
I1014 15:07:43.933408  8648 work_thread.hpp:81]  [T-Work-Detect_0] Run work: WrokTrack
I1014 15:07:43.933434  8648 work_track.cpp:102] Succeeded to set track lock for frame 26
I1014 15:07:43.933461  8648 work_track.cpp:116] Succeeded to release track lock for frame 26
I1014 15:07:43.933475  8648 work_track.cpp:120] Track results of frame 26: 0 objects input, 0 objects tracked!
I1014 15:07:43.933495  8648 work_thread.hpp:87]  [T-Work-Detect_0] Frame :26 split
I1014 15:07:43.933565  8651 thread_intergrate.hpp:78] [T-Intergrate-intergrate] queue: frame output frame :26
I1014 15:07:43.935163  8647 demo_inner.hpp:435] thread [SORT-0]  frame id 26 sorting queue size 0   FPS: 29.7619
I1014 15:07:43.935230  8646 demo_inner.hpp:260]  gui queue size 0, state = running
I1014 15:07:43.962412  8645 demo_inner.hpp:177] decode queue size 0
I1014 15:07:43.962546  8648 work_thread.hpp:81]  [T-Work-Detect_0] Run work: WorkDetect
I1014 15:07:43.962584  8648 work_detect.cpp:102] Succeeded to add det start for frame 27
I1014 15:07:43.969226  8648 work_detect.cpp:70] Frame :27 detect result :1 face(s)
W1014 15:07:43.969274  8648 work_detect.cpp:83] Invalid bbox: [145 x 184 from (185, 198)]
I1014 15:07:43.969349  8648 work_detect.cpp:120] Succeeded to add det end for frame 27
I1014 15:07:43.969367  8648 work_thread.hpp:81]  [T-Work-Detect_0] Run work: WrokTrack
I1014 15:07:43.969393  8648 work_track.cpp:102] Succeeded to set track lock for frame 27
I1014 15:07:43.969421  8648 work_track.cpp:116] Succeeded to release track lock for frame 27
I1014 15:07:43.969435  8648 work_track.cpp:120] Track results of frame 27: 0 objects input, 0 objects tracked!
I1014 15:07:43.969455  8648 work_thread.hpp:87]  [T-Work-Detect_0] Frame :27 split
I1014 15:07:43.969498  8651 thread_intergrate.hpp:78] [T-Intergrate-intergrate] queue: frame output frame :27
I1014 15:07:43.971364  8647 demo_inner.hpp:435] thread [SORT-0]  frame id 27 sorting queue size 0   FPS: 29.6804
I1014 15:07:43.971432  8646 demo_inner.hpp:260]  gui queue size 0, state = running
I1014 15:07:43.992625  8645 demo_inner.hpp:177] decode queue size 0
I1014 15:07:43.992729  8648 work_thread.hpp:81]  [T-Work-Detect_0] Run work: WorkDetect
I1014 15:07:43.992766  8648 work_detect.cpp:102] Succeeded to add det start for frame 28
I1014 15:07:43.999506  8648 work_detect.cpp:70] Frame :28 detect result :1 face(s)
W1014 15:07:43.999558  8648 work_detect.cpp:83] Invalid bbox: [150 x 185 from (183, 192)]
I1014 15:07:43.999634  8648 work_detect.cpp:120] Succeeded to add det end for frame 28
I1014 15:07:43.999651  8648 work_thread.hpp:81]  [T-Work-Detect_0] Run work: WrokTrack
I1014 15:07:43.999678  8648 work_track.cpp:102] Succeeded to set track lock for frame 28
I1014 15:07:43.999752  8648 work_track.cpp:116] Succeeded to release track lock for frame 28
I1014 15:07:43.999768  8648 work_track.cpp:120] Track results of frame 28: 0 objects input, 0 objects tracked!
I1014 15:07:43.999786  8648 work_thread.hpp:87]  [T-Work-Detect_0] Frame :28 split
I1014 15:07:43.999843  8651 thread_intergrate.hpp:78] [T-Intergrate-intergrate] queue: frame output frame :28
I1014 15:07:44.001422  8647 demo_inner.hpp:435] thread [SORT-0]  frame id 28 sorting queue size 0   FPS: 29.8013
I1014 15:07:44.028561  8645 demo_inner.hpp:177] decode queue size 0
I1014 15:07:44.028692  8648 work_thread.hpp:81]  [T-Work-Detect_0] Run work: WorkDetect
I1014 15:07:44.028728  8648 work_detect.cpp:102] Succeeded to add det start for frame 29
I1014 15:07:44.035272  8648 work_detect.cpp:70] Frame :29 detect result :1 face(s)
W1014 15:07:44.035315  8648 work_detect.cpp:83] Invalid bbox: [147 x 183 from (187, 192)]
I1014 15:07:44.035388  8648 work_detect.cpp:120] Succeeded to add det end for frame 29
I1014 15:07:44.035405  8648 work_thread.hpp:81]  [T-Work-Detect_0] Run work: WrokTrack
I1014 15:07:44.035432  8648 work_track.cpp:102] Succeeded to set track lock for frame 29
I1014 15:07:44.035459  8648 work_track.cpp:116] Succeeded to release track lock for frame 29
I1014 15:07:44.035472  8648 work_track.cpp:120] Track results of frame 29: 0 objects input, 0 objects tracked!
I1014 15:07:44.035490  8648 work_thread.hpp:87]  [T-Work-Detect_0] Frame :29 split
I1014 15:07:44.035558  8651 thread_intergrate.hpp:78] [T-Intergrate-intergrate] queue: frame output frame :29
I1014 15:07:44.037164  8647 demo_inner.hpp:435] thread [SORT-0]  frame id 29 sorting queue size 1   FPS: 29.724
I1014 15:07:44.043704  8646 demo_inner.hpp:260]  gui queue size 1, state = running
I1014 15:07:44.058703  8645 demo_inner.hpp:177] decode queue size 0
I1014 15:07:44.058846  8648 work_thread.hpp:81]  [T-Work-Detect_0] Run work: WorkDetect
I1014 15:07:44.058884  8648 work_detect.cpp:102] Succeeded to add det start for frame 30
I1014 15:07:44.065794  8648 work_detect.cpp:70] Frame :30 detect result :1 face(s)
W1014 15:07:44.065848  8648 work_detect.cpp:83] Invalid bbox: [149 x 186 from (186, 188)]
I1014 15:07:44.065927  8648 work_detect.cpp:120] Succeeded to add det end for frame 30
I1014 15:07:44.065944  8648 work_thread.hpp:81]  [T-Work-Detect_0] Run work: WrokTrack
I1014 15:07:44.065973  8648 work_track.cpp:102] Succeeded to set track lock for frame 30
I1014 15:07:44.066000  8648 work_track.cpp:116] Succeeded to release track lock for frame 30
I1014 15:07:44.066015  8648 work_track.cpp:120] Track results of frame 30: 0 objects input, 0 objects tracked!
I1014 15:07:44.066032  8648 work_thread.hpp:87]  [T-Work-Detect_0] Frame :30 split
I1014 15:07:44.066085  8651 thread_intergrate.hpp:78] [T-Intergrate-intergrate] queue: frame output frame :30
I1014 15:07:44.067687  8647 demo_inner.hpp:435] thread [SORT-0]  frame id 30 sorting queue size 0   FPS: 29.8354
I1014 15:07:44.095171  8645 demo_inner.hpp:177] decode queue size 0
I1014 15:07:44.095322  8648 work_thread.hpp:81]  [T-Work-Detect_0] Run work: WorkDetect
I1014 15:07:44.095360  8648 work_detect.cpp:102] Succeeded to add det start for frame 31
I1014 15:07:44.102053  8648 work_detect.cpp:70] Frame :31 detect result :1 face(s)
I1014 15:07:44.102100  8648 work_detect.cpp:86] Detected bbox: [133 x 174 from (194, 184)]
I1014 15:07:44.102144  8648 work_detect.cpp:120] Succeeded to add det end for frame 31
I1014 15:07:44.102160  8648 work_thread.hpp:81]  [T-Work-Detect_0] Run work: WrokTrack
I1014 15:07:44.102183  8648 work_track.cpp:82] Frame: 31 build input_characts: [0.207813 x 0.483333 from (0.303125, 0.511111)], 0.997488, 0
I1014 15:07:44.102244  8648 work_track.cpp:102] Succeeded to set track lock for frame 31
I1014 15:07:44.102337  8648 work_track.cpp:116] Succeeded to release track lock for frame 31
I1014 15:07:44.102355  8648 work_track.cpp:120] Track results of frame 31: 1 objects input, 0 objects tracked!
I1014 15:07:44.102372  8648 work_track.cpp:162] Frame: 31 lid: 0 not tracked, will set invalid
I1014 15:07:44.102463  8648 work_thread.hpp:87]  [T-Work-Detect_0] Frame :31 split
I1014 15:07:44.102483  8648 work_thread.hpp:126]  [T-Work-Detect_0] Invalid piece: lid = 0, drop it
I1014 15:07:44.102526  8651 thread_intergrate.hpp:78] [T-Intergrate-intergrate] queue: frame output frame :31
I1014 15:07:44.104228  8647 demo_inner.hpp:435] thread [SORT-0]  frame id 31 sorting queue size 1   FPS: 29.7324
I1014 15:07:44.121656  8646 demo_inner.hpp:260]  gui queue size 1, state = running
I1014 15:07:44.130677  8645 demo_inner.hpp:177] decode queue size 0
I1014 15:07:44.130789  8648 work_thread.hpp:81]  [T-Work-Detect_0] Run work: WorkDetect
I1014 15:07:44.130825  8648 work_detect.cpp:102] Succeeded to add det start for frame 32
I1014 15:07:44.137540  8648 work_detect.cpp:70] Frame :32 detect result :1 face(s)
I1014 15:07:44.137588  8648 work_detect.cpp:86] Detected bbox: [137 x 183 from (194, 177)]
I1014 15:07:44.137630  8648 work_detect.cpp:120] Succeeded to add det end for frame 32
I1014 15:07:44.137647  8648 work_thread.hpp:81]  [T-Work-Detect_0] Run work: WrokTrack
I1014 15:07:44.137671  8648 work_track.cpp:82] Frame: 32 build input_characts: [0.214062 x 0.508333 from (0.303125, 0.491667)], 0.999622, 0
I1014 15:07:44.137727  8648 work_track.cpp:102] Succeeded to set track lock for frame 32
I1014 15:07:44.137799  8648 work_track.cpp:116] Succeeded to release track lock for frame 32
I1014 15:07:44.137814  8648 work_track.cpp:120] Track results of frame 32: 1 objects input, 0 objects tracked!
I1014 15:07:44.137832  8648 work_track.cpp:162] Frame: 32 lid: 0 not tracked, will set invalid
I1014 15:07:44.137847  8648 work_thread.hpp:87]  [T-Work-Detect_0] Frame :32 split
I1014 15:07:44.137864  8648 work_thread.hpp:126]  [T-Work-Detect_0] Invalid piece: lid = 0, drop it
I1014 15:07:44.137934  8651 thread_intergrate.hpp:78] [T-Intergrate-intergrate] queue: frame output frame :32
I1014 15:07:44.139590  8647 demo_inner.hpp:435] thread [SORT-0]  frame id 32 sorting queue size 0   FPS: 29.6935
I1014 15:07:44.160761  8645 demo_inner.hpp:177] decode queue size 0
I1014 15:07:44.160868  8648 work_thread.hpp:81]  [T-Work-Detect_0] Run work: WorkDetect
I1014 15:07:44.160902  8648 work_detect.cpp:102] Succeeded to add det start for frame 33
I1014 15:07:44.167542  8648 work_detect.cpp:70] Frame :33 detect result :1 face(s)
I1014 15:07:44.167585  8648 work_detect.cpp:86] Detected bbox: [130 x 172 from (201, 183)]
I1014 15:07:44.167629  8648 work_detect.cpp:120] Succeeded to add det end for frame 33
I1014 15:07:44.167644  8648 work_thread.hpp:81]  [T-Work-Detect_0] Run work: WrokTrack
I1014 15:07:44.167668  8648 work_track.cpp:82] Frame: 33 build input_characts: [0.203125 x 0.477778 from (0.314063, 0.508333)], 1.00019, 0
I1014 15:07:44.167724  8648 work_track.cpp:102] Succeeded to set track lock for frame 33
I1014 15:07:44.167784  8648 work_track.cpp:116] Succeeded to release track lock for frame 33
I1014 15:07:44.167800  8648 work_track.cpp:120] Track results of frame 33: 1 objects input, 1 objects tracked!
I1014 15:07:44.167819  8648 work_track.cpp:148] Frame: 33, track bbox: [130 x 172 from (200.734, 182.48)], gid: 0, lid: 0
I1014 15:07:44.167855  8648 work_thread.hpp:87]  [T-Work-Detect_0] Frame :33 split
I1014 15:07:44.167872  8648 work_thread.hpp:120]  [T-Work-Detect_0] Valid piece: gid = 0
I1014 15:07:44.167891  8648 work_thread.hpp:91]  [T-Work-Detect_0] Push to split queue:recog
I1014 15:07:44.167937  8650 work_thread.hpp:81]  [T-Work-Recog_1] Run work: WorkCapture
I1014 15:07:44.168009  8651 thread_intergrate.hpp:78] [T-Intergrate-intergrate] queue: frame output frame :33
I1014 15:07:44.169453  8650 work_thread.hpp:81]  [T-Work-Recog_1] Run work: WorkRecog
I1014 15:07:44.169481  8650 work_recog.hpp:89] Face id: 0 will run recog: bbox [130 x 172 from (201, 183)] quality: 0.4807
I1014 15:07:44.169517  8650 work_recog.hpp:96] Recog pair: [192 x 216 from (168, 144)], [130 x 172 from (33, 39)]
I1014 15:07:44.169672  8647 demo_inner.hpp:435] thread [SORT-0]  frame id 33 sorting queue size 1   FPS: 29.7952
I1014 15:07:44.187307  8650 work_thread.hpp:81]  [T-Work-Recog_1] Run work: WorkCompare
I1014 15:07:44.187804  8650 work_compare.cpp:76] Compare face: 0 successed, similarity :0.991195, name : images/ThangLMb.jpg, normal size : 1548 * 1719!
I1014 15:07:44.188923  8646 demo_inner.hpp:260]  gui queue size 1, state = running
I1014 15:07:44.196929  8645 demo_inner.hpp:177] decode queue size 0
I1014 15:07:44.197046  8648 work_thread.hpp:81]  [T-Work-Detect_0] Run work: WorkDetect
I1014 15:07:44.197084  8648 work_detect.cpp:102] Succeeded to add det start for frame 34
