I1014 14:36:34.696732  7971 thread_intergrate.hpp:157] T-Intergrate-intergrate Show face :3, size :640 * 360
I1014 14:36:34.697288  7967 demo_inner.hpp:435] thread [SORT-0]  frame id 78 sorting queue size 2   FPS: 29.8954
I1014 14:36:34.699213  7966 demo_inner.hpp:260]  gui queue size 2, state = running
I1014 14:36:34.713600  7969 work_thread.hpp:81]  [T-Work-Recog_0] Run work: WorkCompare
I1014 14:36:34.714062  7969 work_compare.cpp:76] Compare face: 3 successed, similarity :0.99732, name : images/ThangLMb.jpg, normal size : 1548 * 1719!
I1014 14:36:34.717006  7965 demo_inner.hpp:177] decode queue size 0
I1014 14:36:34.717088  7968 work_thread.hpp:81]  [T-Work-Detect_0] Run work: WorkDetect
I1014 14:36:34.717123  7968 work_detect.cpp:102] Succeeded to add det start for frame 79
I1014 14:36:34.724588  7968 work_detect.cpp:70] Frame :79 detect result :2 face(s)
I1014 14:36:34.724632  7968 work_detect.cpp:86] Detected bbox: [160 x 214 from (241, 131)]
I1014 14:36:34.724723  7968 work_detect.cpp:86] Detected bbox: [52 x 55 from (91, 217)]
I1014 14:36:34.724774  7968 work_detect.cpp:120] Succeeded to add det end for frame 79
I1014 14:36:34.724790  7968 work_thread.hpp:81]  [T-Work-Detect_0] Run work: WrokTrack
I1014 14:36:34.724892  7968 work_track.cpp:82] Frame: 79 build input_characts: [0.25 x 0.594444 from (0.376563, 0.363889)], 1.00019, 0
I1014 14:36:34.724956  7968 work_track.cpp:82] Frame: 79 build input_characts: [0.08125 x 0.152778 from (0.142188, 0.602778)], 0.923714, 1
I1014 14:36:34.725010  7968 work_track.cpp:102] Succeeded to set track lock for frame 79
I1014 14:36:34.725064  7968 work_track.cpp:116] Succeeded to release track lock for frame 79
I1014 14:36:34.725078  7968 work_track.cpp:120] Track results of frame 79: 2 objects input, 2 objects tracked!
I1014 14:36:34.725096  7968 work_track.cpp:148] Frame: 79, track bbox: [52 x 55 from (91.2739, 214.574)], gid: 2, lid: 1
I1014 14:36:34.725129  7968 work_track.cpp:148] Frame: 79, track bbox: [160 x 214 from (241.024, 132.722)], gid: 3, lid: 0
I1014 14:36:34.725168  7968 work_thread.hpp:87]  [T-Work-Detect_0] Frame :79 split
I1014 14:36:34.725188  7968 work_thread.hpp:119]  [T-Work-Detect_0] Valid piece: gid = 3
I1014 14:36:34.725204  7968 work_thread.hpp:119]  [T-Work-Detect_0] Valid piece: gid = 2
I1014 14:36:34.725241  7968 work_thread.hpp:91]  [T-Work-Detect_0] Push to split queue:recog
I1014 14:36:34.725404  7970 work_thread.hpp:81]  [T-Work-Recog_1] Run work: WorkCapture
I1014 14:36:34.725749  7968 work_thread.hpp:91]  [T-Work-Detect_0] Push to split queue:recog
I1014 14:36:34.725785  7969 work_thread.hpp:81]  [T-Work-Recog_0] Run work: WorkCapture
I1014 14:36:34.725807  7971 thread_intergrate.hpp:78] [T-Intergrate-intergrate] queue: frame output frame :79
I1014 14:36:34.725837  7971 thread_intergrate.hpp:85] [T-Intergrate-intergrate] queue: compare output face:3
I1014 14:36:34.725857  7971 thread_intergrate.hpp:137] T-Intergrate-intergrate set matched face: 3
I1014 14:36:34.726042  7970 work_thread.hpp:81]  [T-Work-Recog_1] Run work: WorkRecog
I1014 14:36:34.726065  7970 work_recog.hpp:89] Face id: 3 will run recog: bbox [160 x 214 from (241, 131)] quality: 0.486182
I1014 14:36:34.726097  7970 work_recog.hpp:96] Recog pair: [232 x 272 from (208, 88)], [160 x 214 from (33, 43)]
I1014 14:36:34.726280  7969 work_thread.hpp:81]  [T-Work-Recog_0] Run work: WorkRecog
W1014 14:36:34.726302  7969 work_recog.hpp:118] Face id: 2 has low quality : 0.0150259, no need to recog
I1014 14:36:34.727182  7969 work_thread.hpp:81]  [T-Work-Recog_0] Run work: WorkCompare
I1014 14:36:34.727344  7971 thread_intergrate.hpp:157] T-Intergrate-intergrate Show face :3, size :640 * 360
I1014 14:36:34.727934  7967 demo_inner.hpp:435] thread [SORT-0]  frame id 79 sorting queue size 0   FPS: 29.8954
I1014 14:36:34.744555  7970 work_thread.hpp:81]  [T-Work-Recog_1] Run work: WorkCompare
I1014 14:36:34.745070  7970 work_compare.cpp:76] Compare face: 3 successed, similarity :0.997735, name : images/ThangLMb.jpg, normal size : 1548 * 1719!
I1014 14:36:34.753226  7965 demo_inner.hpp:177] decode queue size 0
I1014 14:36:34.753345  7968 work_thread.hpp:81]  [T-Work-Detect_0] Run work: WorkDetect
I1014 14:36:34.753381  7968 work_detect.cpp:102] Succeeded to add det start for frame 80
I1014 14:36:34.761199  7968 work_detect.cpp:70] Frame :80 detect result :2 face(s)
I1014 14:36:34.761255  7968 work_detect.cpp:86] Detected bbox: [157 x 211 from (242, 135)]
I1014 14:36:34.761411  7968 work_detect.cpp:86] Detected bbox: [54 x 59 from (88, 211)]
I1014 14:36:34.761445  7968 work_detect.cpp:120] Succeeded to add det end for frame 80
I1014 14:36:34.761471  7968 work_thread.hpp:81]  [T-Work-Detect_0] Run work: WrokTrack
I1014 14:36:34.761497  7968 work_track.cpp:82] Frame: 80 build input_characts: [0.245312 x 0.586111 from (0.378125, 0.375)], 1.00019, 0
I1014 14:36:34.761548  7968 work_track.cpp:82] Frame: 80 build input_characts: [0.084375 x 0.163889 from (0.1375, 0.586111)], 0.936627, 1
I1014 14:36:34.761593  7968 work_track.cpp:102] Succeeded to set track lock for frame 80
I1014 14:36:34.761656  7968 work_track.cpp:116] Succeeded to release track lock for frame 80
I1014 14:36:34.761672  7968 work_track.cpp:120] Track results of frame 80: 2 objects input, 2 objects tracked!
I1014 14:36:34.761771  7968 work_track.cpp:148] Frame: 80, track bbox: [54 x 59 from (89.4845, 211.994)], gid: 2, lid: 1
I1014 14:36:34.761808  7968 work_track.cpp:148] Frame: 80, track bbox: [157 x 211 from (242.08, 132.743)], gid: 3, lid: 0
I1014 14:36:34.761850  7968 work_thread.hpp:87]  [T-Work-Detect_0] Frame :80 split
I1014 14:36:34.761868  7968 work_thread.hpp:119]  [T-Work-Detect_0] Valid piece: gid = 3
I1014 14:36:34.761904  7968 work_thread.hpp:119]  [T-Work-Detect_0] Valid piece: gid = 2
I1014 14:36:34.761922  7968 work_thread.hpp:91]  [T-Work-Detect_0] Push to split queue:recog
I1014 14:36:34.761957  7968 work_thread.hpp:91]  [T-Work-Detect_0] Push to split queue:recog
I1014 14:36:34.761970  7970 work_thread.hpp:81]  [T-Work-Recog_1] Run work: WorkCapture
I1014 14:36:34.761996  7971 thread_intergrate.hpp:78] [T-Intergrate-intergrate] queue: frame output frame :80
I1014 14:36:34.762012  7969 work_thread.hpp:81]  [T-Work-Recog_0] Run work: WorkCapture
I1014 14:36:34.762022  7971 thread_intergrate.hpp:85] [T-Intergrate-intergrate] queue: compare output face:3
I1014 14:36:34.762042  7971 thread_intergrate.hpp:137] T-Intergrate-intergrate set matched face: 3
I1014 14:36:34.762658  7969 work_thread.hpp:81]  [T-Work-Recog_0] Run work: WorkRecog
I1014 14:36:34.762658  7970 work_thread.hpp:81]  [T-Work-Recog_1] Run work: WorkRecog
W1014 14:36:34.762686  7969 work_recog.hpp:118] Face id: 2 has low quality : 0.011857, no need to recog
I1014 14:36:34.762697  7970 work_recog.hpp:89] Face id: 3 will run recog: bbox [157 x 211 from (242, 135)] quality: 0.484073
I1014 14:36:34.762794  7969 work_thread.hpp:81]  [T-Work-Recog_0] Run work: WorkCompare
I1014 14:36:34.762801  7970 work_recog.hpp:96] Recog pair: [224 x 272 from (208, 88)], [157 x 211 from (34, 47)]
I1014 14:36:34.763520  7971 thread_intergrate.hpp:157] T-Intergrate-intergrate Show face :3, size :640 * 360
I1014 14:36:34.764078  7967 demo_inner.hpp:435] thread [SORT-0]  frame id 80 sorting queue size 1   FPS: 29.8954
I1014 14:36:34.766746  7966 demo_inner.hpp:260]  gui queue size 1, state = running
I1014 14:36:34.780411  7970 work_thread.hpp:81]  [T-Work-Recog_1] Run work: WorkCompare
I1014 14:36:34.780876  7970 work_compare.cpp:76] Compare face: 3 successed, similarity :0.996712, name : images/ThangLMb.jpg, normal size : 1548 * 1719!
I1014 14:36:34.783095  7965 demo_inner.hpp:177] decode queue size 0
I1014 14:36:34.783190  7968 work_thread.hpp:81]  [T-Work-Detect_0] Run work: WorkDetect
I1014 14:36:34.783226  7968 work_detect.cpp:102] Succeeded to add det start for frame 81
I1014 14:36:34.790642  7968 work_detect.cpp:70] Frame :81 detect result :2 face(s)
I1014 14:36:34.790758  7968 work_detect.cpp:86] Detected bbox: [159 x 200 from (244, 155)]
I1014 14:36:34.790792  7968 work_detect.cpp:86] Detected bbox: [56 x 64 from (84, 215)]
I1014 14:36:34.790824  7968 work_detect.cpp:120] Succeeded to add det end for frame 81
I1014 14:36:34.790840  7968 work_thread.hpp:81]  [T-Work-Detect_0] Run work: WrokTrack
I1014 14:36:34.790871  7968 work_track.cpp:82] Frame: 81 build input_characts: [0.248437 x 0.555556 from (0.38125, 0.430556)], 1.00019, 0
I1014 14:36:34.790947  7968 work_track.cpp:82] Frame: 81 build input_characts: [0.0875 x 0.177778 from (0.13125, 0.597222)], 0.969112, 1
I1014 14:36:34.790984  7968 work_track.cpp:102] Succeeded to set track lock for frame 81
I1014 14:36:34.791038  7968 work_track.cpp:116] Succeeded to release track lock for frame 81
I1014 14:36:34.791054  7968 work_track.cpp:120] Track results of frame 81: 2 objects input, 2 objects tracked!
I1014 14:36:34.791071  7968 work_track.cpp:148] Frame: 81, track bbox: [56 x 64 from (85.747, 212.79)], gid: 2, lid: 1
I1014 14:36:34.791105  7968 work_track.cpp:148] Frame: 81, track bbox: [159 x 200 from (242.146, 144.32)], gid: 3, lid: 0
I1014 14:36:34.791146  7968 work_thread.hpp:87]  [T-Work-Detect_0] Frame :81 split
I1014 14:36:34.791180  7968 work_thread.hpp:119]  [T-Work-Detect_0] Valid piece: gid = 3
I1014 14:36:34.791200  7968 work_thread.hpp:119]  [T-Work-Detect_0] Valid piece: gid = 2
I1014 14:36:34.791218  7968 work_thread.hpp:91]  [T-Work-Detect_0] Push to split queue:recog
I1014 14:36:34.791467  7969 work_thread.hpp:81]  [T-Work-Recog_0] Run work: WorkCapture
I1014 14:36:34.791785  7968 work_thread.hpp:91]  [T-Work-Detect_0] Push to split queue:recog
I1014 14:36:34.791824  7970 work_thread.hpp:81]  [T-Work-Recog_1] Run work: WorkCapture
I1014 14:36:34.791829  7971 thread_intergrate.hpp:78] [T-Intergrate-intergrate] queue: frame output frame :81
I1014 14:36:34.791855  7971 thread_intergrate.hpp:85] [T-Intergrate-intergrate] queue: compare output face:3
I1014 14:36:34.791874  7971 thread_intergrate.hpp:137] T-Intergrate-intergrate set matched face: 3
I1014 14:36:34.792074  7969 work_thread.hpp:81]  [T-Work-Recog_0] Run work: WorkRecog
I1014 14:36:34.792104  7969 work_recog.hpp:89] Face id: 3 will run recog: bbox [159 x 200 from (244, 155)] quality: 0.438331
I1014 14:36:34.792136  7969 work_recog.hpp:96] Recog pair: [232 x 248 from (208, 112)], [159 x 200 from (36, 43)]
I1014 14:36:34.792342  7970 work_thread.hpp:81]  [T-Work-Recog_1] Run work: WorkRecog
W1014 14:36:34.792364  7970 work_recog.hpp:118] Face id: 2 has low quality : 0.0168908, no need to recog
I1014 14:36:34.793171  7970 work_thread.hpp:81]  [T-Work-Recog_1] Run work: WorkCompare
I1014 14:36:34.793385  7971 thread_intergrate.hpp:157] T-Intergrate-intergrate Show face :3, size :640 * 360
I1014 14:36:34.793980  7967 demo_inner.hpp:435] thread [SORT-0]  frame id 81 sorting queue size 0   FPS: 29.8954
I1014 14:36:34.810487  7969 work_thread.hpp:81]  [T-Work-Recog_0] Run work: WorkCompare
I1014 14:36:34.811000  7969 work_compare.cpp:76] Compare face: 3 successed, similarity :0.997412, name : images/ThangLMb.jpg, normal size : 1548 * 1719!
I1014 14:36:34.819015  7965 demo_inner.hpp:177] decode queue size 0
I1014 14:36:34.819134  7968 work_thread.hpp:81]  [T-Work-Detect_0] Run work: WorkDetect
I1014 14:36:34.819178  7968 work_detect.cpp:102] Succeeded to add det start for frame 82
I1014 14:36:34.827050  7968 work_detect.cpp:70] Frame :82 detect result :2 face(s)
I1014 14:36:34.827150  7968 work_detect.cpp:86] Detected bbox: [153 x 216 from (238, 128)]
I1014 14:36:34.827206  7968 work_detect.cpp:86] Detected bbox: [49 x 58 from (91, 214)]
I1014 14:36:34.827247  7968 work_detect.cpp:120] Succeeded to add det end for frame 82
I1014 14:36:34.827265  7968 work_thread.hpp:81]  [T-Work-Detect_0] Run work: WrokTrack
I1014 14:36:34.827508  7968 work_track.cpp:82] Frame: 82 build input_characts: [0.239063 x 0.6 from (0.371875, 0.355556)], 1.00019, 0
I1014 14:36:34.827571  7968 work_track.cpp:82] Frame: 82 build input_characts: [0.0765625 x 0.161111 from (0.142188, 0.594444)], 0.932491, 1
I1014 14:36:34.827625  7968 work_track.cpp:102] Succeeded to set track lock for frame 82
I1014 14:36:34.827684  7968 work_track.cpp:116] Succeeded to release track lock for frame 82
I1014 14:36:34.827700  7968 work_track.cpp:120] Track results of frame 82: 2 objects input, 2 objects tracked!
I1014 14:36:34.827718  7968 work_track.cpp:148] Frame: 82, track bbox: [49 x 58 from (89.4321, 215.5)], gid: 2, lid: 1
I1014 14:36:34.827754  7968 work_track.cpp:148] Frame: 82, track bbox: [153 x 216 from (242.023, 135.689)], gid: 3, lid: 0
I1014 14:36:34.827796  7968 work_thread.hpp:87]  [T-Work-Detect_0] Frame :82 split
I1014 14:36:34.827814  7968 work_thread.hpp:119]  [T-Work-Detect_0] Valid piece: gid = 3
I1014 14:36:34.827852  7968 work_thread.hpp:119]  [T-Work-Detect_0] Valid piece: gid = 2
I1014 14:36:34.827870  7968 work_thread.hpp:91]  [T-Work-Detect_0] Push to split queue:recog
I1014 14:36:34.827950  7969 work_thread.hpp:81]  [T-Work-Recog_0] Run work: WorkCapture
I1014 14:36:34.828303  7968 work_thread.hpp:91]  [T-Work-Detect_0] Push to split queue:recog
I1014 14:36:34.828366  7971 thread_intergrate.hpp:78] [T-Intergrate-intergrate] queue: frame output frame :82
I1014 14:36:34.828374  7970 work_thread.hpp:81]  [T-Work-Recog_1] Run work: WorkCapture
I1014 14:36:34.828393  7971 thread_intergrate.hpp:85] [T-Intergrate-intergrate] queue: compare output face:3
I1014 14:36:34.828413  7971 thread_intergrate.hpp:137] T-Intergrate-intergrate set matched face: 3
I1014 14:36:34.828605  7969 work_thread.hpp:81]  [T-Work-Recog_0] Run work: WorkRecog
I1014 14:36:34.828629  7969 work_recog.hpp:89] Face id: 3 will run recog: bbox [153 x 216 from (238, 128)] quality: 0.48258
I1014 14:36:34.828670  7969 work_recog.hpp:96] Recog pair: [216 x 280 from (208, 80)], [153 x 216 from (30, 48)]
I1014 14:36:34.828877  7970 work_thread.hpp:81]  [T-Work-Recog_1] Run work: WorkRecog
W1014 14:36:34.828900  7970 work_recog.hpp:118] Face id: 2 has low quality : 0.0133518, no need to recog
I1014 14:36:34.829005  7970 work_thread.hpp:81]  [T-Work-Recog_1] Run work: WorkCompare
I1014 14:36:34.830006  7971 thread_intergrate.hpp:157] T-Intergrate-intergrate Show face :3, size :640 * 360
I1014 14:36:34.830590  7967 demo_inner.hpp:435] thread [SORT-0]  frame id 82 sorting queue size 1   FPS: 29.8954
I1014 14:36:34.838353  7966 demo_inner.hpp:260]  gui queue size 1, state = running
I1014 14:36:34.846855  7969 work_thread.hpp:81]  [T-Work-Recog_0] Run work: WorkCompare
I1014 14:36:34.847371  7969 work_compare.cpp:76] Compare face: 3 successed, similarity :0.998489, name : images/ThangLMb.jpg, normal size : 1548 * 1719!
I1014 14:36:34.849220  7965 demo_inner.hpp:177] decode queue size 0
I1014 14:36:34.849309  7968 work_thread.hpp:81]  [T-Work-Detect_0] Run work: WorkDetect
I1014 14:36:34.849341  7968 work_detect.cpp:102] Succeeded to add det start for frame 83
I1014 14:36:34.855979  7968 work_detect.cpp:70] Frame :83 detect result :2 face(s)
I1014 14:36:34.856024  7968 work_detect.cpp:86] Detected bbox: [162 x 218 from (239, 129)]
I1014 14:36:34.856055  7968 work_detect.cpp:86] Detected bbox: [54 x 64 from (88, 212)]
I1014 14:36:34.856086  7968 work_detect.cpp:120] Succeeded to add det end for frame 83
I1014 14:36:34.856102  7968 work_thread.hpp:81]  [T-Work-Detect_0] Run work: WrokTrack
I1014 14:36:34.856125  7968 work_track.cpp:82] Frame: 83 build input_characts: [0.253125 x 0.605556 from (0.373437, 0.358333)], 1.00019, 0
I1014 14:36:34.856192  7968 work_track.cpp:82] Frame: 83 build input_characts: [0.084375 x 0.177778 from (0.1375, 0.588889)], 0.983201, 1
I1014 14:36:34.856228  7968 work_track.cpp:102] Succeeded to set track lock for frame 83
I1014 14:36:34.856273  7968 work_track.cpp:116] Succeeded to release track lock for frame 83
I1014 14:36:34.856288  7968 work_track.cpp:120] Track results of frame 83: 2 objects input, 2 objects tracked!
I1014 14:36:34.856307  7968 work_track.cpp:148] Frame: 83, track bbox: [54 x 64 from (86.9898, 212.709)], gid: 2, lid: 1
I1014 14:36:34.856339  7968 work_track.cpp:148] Frame: 83, track bbox: [162 x 218 from (237.521, 132.711)], gid: 3, lid: 0
I1014 14:36:34.856371  7968 work_thread.hpp:87]  [T-Work-Detect_0] Frame :83 split
I1014 14:36:34.856389  7968 work_thread.hpp:119]  [T-Work-Detect_0] Valid piece: gid = 3
I1014 14:36:34.856406  7968 work_thread.hpp:119]  [T-Work-Detect_0] Valid piece: gid = 2
I1014 14:36:34.856423  7968 work_thread.hpp:91]  [T-Work-Detect_0] Push to split queue:recog
I1014 14:36:34.856452  7968 work_thread.hpp:91]  [T-Work-Detect_0] Push to split queue:recog
I1014 14:36:34.856484  7969 work_thread.hpp:81]  [T-Work-Recog_0] Run work: WorkCapture
I1014 14:36:34.856490  7971 thread_intergrate.hpp:78] [T-Intergrate-intergrate] queue: frame output frame :83
I1014 14:36:34.856494  7970 work_thread.hpp:81]  [T-Work-Recog_1] Run work: WorkCapture
I1014 14:36:34.856518  7971 thread_intergrate.hpp:85] [T-Intergrate-intergrate] queue: compare output face:3
I1014 14:36:34.856541  7971 thread_intergrate.hpp:137] T-Intergrate-intergrate set matched face: 3
I1014 14:36:34.857095  7970 work_thread.hpp:81]  [T-Work-Recog_1] Run work: WorkRecog
W1014 14:36:34.857123  7970 work_recog.hpp:118] Face id: 2 has low quality : 0.0168895, no need to recog
I1014 14:36:34.857193  7969 work_thread.hpp:81]  [T-Work-Recog_0] Run work: WorkRecog
I1014 14:36:34.857478  7969 work_recog.hpp:89] Face id: 3 will run recog: bbox [162 x 218 from (239, 129)] quality: 0.48908
I1014 14:36:34.857525  7969 work_recog.hpp:96] Recog pair: [240 x 280 from (200, 80)], [162 x 218 from (39, 49)]
I1014 14:36:34.857379  7970 work_thread.hpp:81]  [T-Work-Recog_1] Run work: WorkCompare
I1014 14:36:34.858027  7971 thread_intergrate.hpp:157] T-Intergrate-intergrate Show face :3, size :640 * 360
I1014 14:36:34.858572  7967 demo_inner.hpp:435] thread [SORT-0]  frame id 83 sorting queue size 0   FPS: 29.9103
I1014 14:36:34.875927  7969 work_thread.hpp:81]  [T-Work-Recog_0] Run work: WorkCompare
I1014 14:36:34.876488  7969 work_compare.cpp:76] Compare face: 3 successed, similarity :0.997171, name : images/ThangLMb.jpg, normal size : 1548 * 1719!
I1014 14:36:34.884986  7965 demo_inner.hpp:177] decode queue size 0
I1014 14:36:34.885108  7968 work_thread.hpp:81]  [T-Work-Detect_0] Run work: WorkDetect
I1014 14:36:34.885154  7968 work_detect.cpp:102] Succeeded to add det start for frame 84
I1014 14:36:34.892815  7968 work_detect.cpp:70] Frame :84 detect result :2 face(s)
I1014 14:36:34.892863  7968 work_detect.cpp:86] Detected bbox: [157 x 212 from (243, 133)]
I1014 14:36:34.892904  7968 work_detect.cpp:86] Detected bbox: [53 x 59 from (88, 212)]
I1014 14:36:34.892952  7968 work_detect.cpp:120] Succeeded to add det end for frame 84
I1014 14:36:34.892969  7968 work_thread.hpp:81]  [T-Work-Detect_0] Run work: WrokTrack
I1014 14:36:34.893002  7968 work_track.cpp:82] Frame: 84 build input_characts: [0.245312 x 0.588889 from (0.379687, 0.369444)], 0.999597, 0
I1014 14:36:34.893054  7968 work_track.cpp:82] Frame: 84 build input_characts: [0.0828125 x 0.163889 from (0.1375, 0.588889)], 0.962067, 1
I1014 14:36:34.893090  7968 work_track.cpp:102] Succeeded to set track lock for frame 84
I1014 14:36:34.893162  7968 work_track.cpp:116] Succeeded to release track lock for frame 84
I1014 14:36:34.893194  7968 work_track.cpp:120] Track results of frame 84: 2 objects input, 2 objects tracked!
I1014 14:36:34.893213  7968 work_track.cpp:148] Frame: 84, track bbox: [53 x 59 from (87.6916, 213.313)], gid: 2, lid: 1
I1014 14:36:34.893265  7968 work_track.cpp:148] Frame: 84, track bbox: [157 x 212 from (241.083, 133.555)], gid: 3, lid: 0
I1014 14:36:34.893472  7968 work_thread.hpp:87]  [T-Work-Detect_0] Frame :84 split
I1014 14:36:34.893568  7968 work_thread.hpp:119]  [T-Work-Detect_0] Valid piece: gid = 3
I1014 14:36:34.893587  7968 work_thread.hpp:119]  [T-Work-Detect_0] Valid piece: gid = 2
I1014 14:36:34.893612  7968 work_thread.hpp:91]  [T-Work-Detect_0] Push to split queue:recog
I1014 14:36:34.893640  7968 work_thread.hpp:91]  [T-Work-Detect_0] Push to split queue:recog
I1014 14:36:34.893656  7969 work_thread.hpp:81]  [T-Work-Recog_0] Run work: WorkCapture
I1014 14:36:34.893695  7971 thread_intergrate.hpp:78] [T-Intergrate-intergrate] queue: frame output frame :84
I1014 14:36:34.893692  7970 work_thread.hpp:81]  [T-Work-Recog_1] Run work: WorkCapture
I1014 14:36:34.893725  7971 thread_intergrate.hpp:85] [T-Intergrate-intergrate] queue: compare output face:3
I1014 14:36:34.893744  7971 thread_intergrate.hpp:137] T-Intergrate-intergrate set matched face: 3
I1014 14:36:34.894279  7970 work_thread.hpp:81]  [T-Work-Recog_1] Run work: WorkRecog
W1014 14:36:34.894309  7970 work_recog.hpp:118] Face id: 2 has low quality : 0.018967, no need to recog
I1014 14:36:34.894510  7970 work_thread.hpp:81]  [T-Work-Recog_1] Run work: WorkCompare
I1014 14:36:34.894551  7969 work_thread.hpp:81]  [T-Work-Recog_0] Run work: WorkRecog
I1014 14:36:34.894572  7969 work_recog.hpp:89] Face id: 3 will run recog: bbox [157 x 212 from (243, 133)] quality: 0.483307
I1014 14:36:34.894598  7969 work_recog.hpp:96] Recog pair: [224 x 272 from (208, 88)], [157 x 212 from (35, 45)]
I1014 14:36:34.895212  7971 thread_intergrate.hpp:157] T-Intergrate-intergrate Show face :3, size :640 * 360
I1014 14:36:34.895766  7967 demo_inner.hpp:435] thread [SORT-0]  frame id 84 sorting queue size 1   FPS: 29.8954
I1014 14:36:34.912587  7969 work_thread.hpp:81]  [T-Work-Recog_0] Run work: WorkCompare
I1014 14:36:34.913045  7969 work_compare.cpp:76] Compare face: 3 successed, similarity :0.998046, name : images/ThangLMb.jpg, normal size : 1548 * 1719!
I1014 14:36:34.921141  7965 demo_inner.hpp:177] decode queue size 0
I1014 14:36:34.921255  7968 work_thread.hpp:81]  [T-Work-Detect_0] Run work: WorkDetect
I1014 14:36:34.921301  7968 work_detect.cpp:102] Succeeded to add det start for frame 85
I1014 14:36:34.922039  7966 demo_inner.hpp:260]  gui queue size 1, state = running
I1014 14:36:34.930933  7968 work_detect.cpp:70] Frame :85 detect result :2 face(s)
I1014 14:36:34.930986  7968 work_detect.cpp:86] Detected bbox: [160 x 214 from (240, 132)]
I1014 14:36:34.931020  7968 work_detect.cpp:86] Detected bbox: [51 x 55 from (91, 216)]
I1014 14:36:34.931051  7968 work_detect.cpp:120] Succeeded to add det end for frame 85
I1014 14:36:34.931068  7968 work_thread.hpp:81]  [T-Work-Detect_0] Run work: WrokTrack
I1014 14:36:34.931092  7968 work_track.cpp:82] Frame: 85 build input_characts: [0.25 x 0.594444 from (0.375, 0.366667)], 1.00019, 0
I1014 14:36:34.931145  7968 work_track.cpp:82] Frame: 85 build input_characts: [0.0796875 x 0.152778 from (0.142188, 0.6)], 0.949752, 1
I1014 14:36:34.931181  7968 work_track.cpp:102] Succeeded to set track lock for frame 85
I1014 14:36:34.931226  7968 work_track.cpp:116] Succeeded to release track lock for frame 85
I1014 14:36:34.931241  7968 work_track.cpp:120] Track results of frame 85: 2 objects input, 2 objects tracked!
I1014 14:36:34.931257  7968 work_track.cpp:148] Frame: 85, track bbox: [51 x 55 from (90.2864, 215.72)], gid: 2, lid: 1
I1014 14:36:34.931290  7968 work_track.cpp:148] Frame: 85, track bbox: [160 x 214 from (239.795, 130.42)], gid: 3, lid: 0
I1014 14:36:34.931324  7968 work_thread.hpp:87]  [T-Work-Detect_0] Frame :85 split
I1014 14:36:34.931340  7968 work_thread.hpp:119]  [T-Work-Detect_0] Valid piece: gid = 3
I1014 14:36:34.931358  7968 work_thread.hpp:119]  [T-Work-Detect_0] Valid piece: gid = 2
I1014 14:36:34.931375  7968 work_thread.hpp:91]  [T-Work-Detect_0] Push to split queue:recog
I1014 14:36:34.931430  7969 work_thread.hpp:81]  [T-Work-Recog_0] Run work: WorkCapture
I1014 14:36:34.931710  7968 work_thread.hpp:91]  [T-Work-Detect_0] Push to split queue:recog
I1014 14:36:34.931756  7970 work_thread.hpp:81]  [T-Work-Recog_1] Run work: WorkCapture
I1014 14:36:34.931977  7969 work_thread.hpp:81]  [T-Work-Recog_0] Run work: WorkRecog
I1014 14:36:34.931999  7969 work_recog.hpp:89] Face id: 3 will run recog: bbox [160 x 214 from (240, 132)] quality: 0.487114
I1014 14:36:34.932025  7969 work_recog.hpp:96] Recog pair: [224 x 272 from (208, 88)], [160 x 214 from (32, 44)]
I1014 14:36:34.932880  7970 work_thread.hpp:81]  [T-Work-Recog_1] Run work: WorkRecog
W1014 14:36:34.932901  7970 work_recog.hpp:118] Face id: 2 has low quality : 0.010523, no need to recog
I1014 14:36:34.933014  7970 work_thread.hpp:81]  [T-Work-Recog_1] Run work: WorkCompare
I1014 14:36:34.933066  7971 thread_intergrate.hpp:78] [T-Intergrate-intergrate] queue: frame output frame :85
I1014 14:36:34.933094  7971 thread_intergrate.hpp:85] [T-Intergrate-intergrate] queue: compare output face:3
I1014 14:36:34.933112  7971 thread_intergrate.hpp:137] T-Intergrate-intergrate set matched face: 3
I1014 14:36:34.934687  7971 thread_intergrate.hpp:157] T-Intergrate-intergrate Show face :3, size :640 * 360
I1014 14:36:34.935245  7967 demo_inner.hpp:435] thread [SORT-0]  frame id 85 sorting queue size 0   FPS: 29.8507
I1014 14:36:34.949781  7969 work_thread.hpp:81]  [T-Work-Recog_0] Run work: WorkCompare
I1014 14:36:34.950248  7969 work_compare.cpp:76] Compare face: 3 successed, similarity :0.99857, name : images/ThangLMb.jpg, normal size : 1548 * 1719!
I1014 14:36:34.951045  7965 demo_inner.hpp:177] decode queue size 0
I1014 14:36:34.951122  7968 work_thread.hpp:81]  [T-Work-Detect_0] Run work: WorkDetect
I1014 14:36:34.951153  7968 work_detect.cpp:102] Succeeded to add det start for frame 86
I1014 14:36:34.958032  7968 work_detect.cpp:70] Frame :86 detect result :2 face(s)
I1014 14:36:34.958082  7968 work_detect.cpp:86] Detected bbox: [156 x 196 from (246, 158)]
I1014 14:36:34.958114  7968 work_detect.cpp:86] Detected bbox: [56 x 65 from (88, 212)]
I1014 14:36:34.958221  7968 work_detect.cpp:120] Succeeded to add det end for frame 86
I1014 14:36:34.958240  7968 work_thread.hpp:81]  [T-Work-Detect_0] Run work: WrokTrack
I1014 14:36:34.958263  7968 work_track.cpp:82] Frame: 86 build input_characts: [0.24375 x 0.544444 from (0.384375, 0.438889)], 1.00019, 0
I1014 14:36:34.958315  7968 work_track.cpp:82] Frame: 86 build input_characts: [0.0875 x 0.180556 from (0.1375, 0.588889)], 0.975094, 1
I1014 14:36:34.958350  7968 work_track.cpp:102] Succeeded to set track lock for frame 86
I1014 14:36:34.958393  7968 work_track.cpp:116] Succeeded to release track lock for frame 86
I1014 14:36:34.958408  7968 work_track.cpp:120] Track results of frame 86: 2 objects input, 2 objects tracked!
I1014 14:36:34.958425  7968 work_track.cpp:148] Frame: 86, track bbox: [56 x 65 from (88.524, 210.453)], gid: 2, lid: 1
I1014 14:36:34.958459  7968 work_track.cpp:148] Frame: 86, track bbox: [156 x 196 from (244.03, 146.908)], gid: 3, lid: 0
I1014 14:36:34.958492  7968 work_thread.hpp:87]  [T-Work-Detect_0] Frame :86 split
I1014 14:36:34.958509  7968 work_thread.hpp:119]  [T-Work-Detect_0] Valid piece: gid = 3
I1014 14:36:34.958528  7968 work_thread.hpp:119]  [T-Work-Detect_0] Valid piece: gid = 2
I1014 14:36:34.958544  7968 work_thread.hpp:91]  [T-Work-Detect_0] Push to split queue:recog
I1014 14:36:34.958595  7969 work_thread.hpp:81]  [T-Work-Recog_0] Run work: WorkCapture
I1014 14:36:34.958876  7968 work_thread.hpp:91]  [T-Work-Detect_0] Push to split queue:recog
I1014 14:36:34.958921  7970 work_thread.hpp:81]  [T-Work-Recog_1] Run work: WorkCapture
I1014 14:36:34.959161  7969 work_thread.hpp:81]  [T-Work-Recog_0] Run work: WorkRecog
I1014 14:36:34.959183  7969 work_recog.hpp:89] Face id: 3 will run recog: bbox [156 x 196 from (246, 158)] quality: 0.406008
I1014 14:36:34.959209  7969 work_recog.hpp:96] Recog pair: [232 x 248 from (208, 112)], [156 x 196 from (38, 46)]
I1014 14:36:34.959575  7970 work_thread.hpp:81]  [T-Work-Recog_1] Run work: WorkRecog
W1014 14:36:34.959595  7970 work_recog.hpp:118] Face id: 2 has low quality : 0.0168895, no need to recog
I1014 14:36:34.959676  7970 work_thread.hpp:81]  [T-Work-Recog_1] Run work: WorkCompare
I1014 14:36:34.960086  7971 thread_intergrate.hpp:78] [T-Intergrate-intergrate] queue: frame output frame :86
I1014 14:36:34.960112  7971 thread_intergrate.hpp:85] [T-Intergrate-intergrate] queue: compare output face:3
I1014 14:36:34.960130  7971 thread_intergrate.hpp:137] T-Intergrate-intergrate set matched face: 3
I1014 14:36:34.961726  7971 thread_intergrate.hpp:157] T-Intergrate-intergrate Show face :3, size :640 * 360
I1014 14:36:34.962308  7967 demo_inner.hpp:435] thread [SORT-0]  frame id 86 sorting queue size 1   FPS: 29.8954
I1014 14:36:34.977154  7969 work_thread.hpp:81]  [T-Work-Recog_0] Run work: WorkCompare
I1014 14:36:34.977686  7969 work_compare.cpp:76] Compare face: 3 successed, similarity :0.995794, name : images/ThangLMb.jpg, normal size : 1548 * 1719!
I1014 14:36:34.986788  7965 demo_inner.hpp:177] decode queue size 0
I1014 14:36:34.986910  7968 work_thread.hpp:81]  [T-Work-Detect_0] Run work: WorkDetect
I1014 14:36:34.986948  7968 work_detect.cpp:102] Succeeded to add det start for frame 87
I1014 14:36:34.989421  7966 demo_inner.hpp:260]  gui queue size 1, state = running
I1014 14:36:34.994909  7968 work_detect.cpp:70] Frame :87 detect result :2 face(s)
I1014 14:36:34.994961  7968 work_detect.cpp:86] Detected bbox: [160 x 201 from (243, 155)]
I1014 14:36:34.994995  7968 work_detect.cpp:86] Detected bbox: [51 x 59 from (88, 216)]
I1014 14:36:34.995026  7968 work_detect.cpp:120] Succeeded to add det end for frame 87
I1014 14:36:34.995043  7968 work_thread.hpp:81]  [T-Work-Detect_0] Run work: WrokTrack
I1014 14:36:34.995067  7968 work_track.cpp:82] Frame: 87 build input_characts: [0.25 x 0.558333 from (0.379687, 0.430556)], 1.00019, 0
I1014 14:36:34.995121  7968 work_track.cpp:82] Frame: 87 build input_characts: [0.0796875 x 0.163889 from (0.1375, 0.6)], 0.949752, 1
I1014 14:36:34.995155  7968 work_track.cpp:102] Succeeded to set track lock for frame 87
I1014 14:36:34.995275  7968 work_track.cpp:116] Succeeded to release track lock for frame 87
I1014 14:36:34.995291  7968 work_track.cpp:120] Track results of frame 87: 2 objects input, 2 objects tracked!
I1014 14:36:34.995309  7968 work_track.cpp:148] Frame: 87, track bbox: [51 x 59 from (89.3086, 215.31)], gid: 2, lid: 1
I1014 14:36:34.995343  7968 work_track.cpp:148] Frame: 87, track bbox: [160 x 201 from (244.276, 154.24)], gid: 3, lid: 0
I1014 14:36:34.995376  7968 work_thread.hpp:87]  [T-Work-Detect_0] Frame :87 split
I1014 14:36:34.995568  7968 work_thread.hpp:119]  [T-Work-Detect_0] Valid piece: gid = 3
I1014 14:36:34.995586  7968 work_thread.hpp:119]  [T-Work-Detect_0] Valid piece: gid = 2
I1014 14:36:34.995604  7968 work_thread.hpp:91]  [T-Work-Detect_0] Push to split queue:recog
I1014 14:36:34.995657  7969 work_thread.hpp:81]  [T-Work-Recog_0] Run work: WorkCapture
I1014 14:36:34.995942  7968 work_thread.hpp:91]  [T-Work-Detect_0] Push to split queue:recog
I1014 14:36:34.995987  7970 work_thread.hpp:81]  [T-Work-Recog_1] Run work: WorkCapture
I1014 14:36:34.996243  7969 work_thread.hpp:81]  [T-Work-Recog_0] Run work: WorkRecog
I1014 14:36:34.996266  7969 work_recog.hpp:89] Face id: 3 will run recog: bbox [160 x 201 from (243, 155)] quality: 0.444516
I1014 14:36:34.996292  7969 work_recog.hpp:96] Recog pair: [232 x 248 from (208, 112)], [160 x 201 from (35, 43)]
I1014 14:36:34.997105  7970 work_thread.hpp:81]  [T-Work-Recog_1] Run work: WorkRecog
W1014 14:36:34.997126  7970 work_recog.hpp:118] Face id: 2 has low quality : 0.0150264, no need to recog
I1014 14:36:34.997210  7970 work_thread.hpp:81]  [T-Work-Recog_1] Run work: WorkCompare
I1014 14:36:34.997259  7971 thread_intergrate.hpp:78] [T-Intergrate-intergrate] queue: frame output frame :87
I1014 14:36:34.997288  7971 thread_intergrate.hpp:85] [T-Intergrate-intergrate] queue: compare output face:3
I1014 14:36:34.997308  7971 thread_intergrate.hpp:137] T-Intergrate-intergrate set matched face: 3
I1014 14:36:34.999012  7971 thread_intergrate.hpp:157] T-Intergrate-intergrate Show face :3, size :640 * 360
I1014 14:36:34.999639  7967 demo_inner.hpp:435] thread [SORT-0]  frame id 87 sorting queue size 0   FPS: 29.8805
I1014 14:36:35.014262  7969 work_thread.hpp:81]  [T-Work-Recog_0] Run work: WorkCompare
I1014 14:36:35.014729  7969 work_compare.cpp:76] Compare face: 3 successed, similarity :0.994918, name : images/ThangLMb.jpg, normal size : 1548 * 1719!
I1014 14:36:35.017091  7965 demo_inner.hpp:177] decode queue size 0
I1014 14:36:35.017185  7968 work_thread.hpp:81]  [T-Work-Detect_0] Run work: WorkDetect
I1014 14:36:35.017218  7968 work_detect.cpp:102] Succeeded to add det start for frame 88
I1014 14:36:35.024144  7968 work_detect.cpp:70] Frame :88 detect result :2 face(s)
I1014 14:36:35.024214  7968 work_detect.cpp:86] Detected bbox: [159 x 212 from (242, 132)]
I1014 14:36:35.024247  7968 work_detect.cpp:86] Detected bbox: [52 x 59 from (90, 212)]
I1014 14:36:35.024278  7968 work_detect.cpp:120] Succeeded to add det end for frame 88
I1014 14:36:35.024294  7968 work_thread.hpp:81]  [T-Work-Detect_0] Run work: WrokTrack
I1014 14:36:35.024319  7968 work_track.cpp:82] Frame: 88 build input_characts: [0.248437 x 0.588889 from (0.378125, 0.366667)], 1.00019, 0
I1014 14:36:35.024371  7968 work_track.cpp:82] Frame: 88 build input_characts: [0.08125 x 0.163889 from (0.140625, 0.588889)], 0.938558, 1
I1014 14:36:35.024407  7968 work_track.cpp:102] Succeeded to set track lock for frame 88
I1014 14:36:35.024452  7968 work_track.cpp:116] Succeeded to release track lock for frame 88
I1014 14:36:35.024466  7968 work_track.cpp:120] Track results of frame 88: 2 objects input, 2 objects tracked!
I1014 14:36:35.024484  7968 work_track.cpp:148] Frame: 88, track bbox: [52 x 59 from (89.3596, 213.956)], gid: 2, lid: 1
I1014 14:36:35.024518  7968 work_track.cpp:148] Frame: 88, track bbox: [159 x 212 from (243.297, 142.991)], gid: 3, lid: 0
I1014 14:36:35.024550  7968 work_thread.hpp:87]  [T-Work-Detect_0] Frame :88 split
I1014 14:36:35.024567  7968 work_thread.hpp:119]  [T-Work-Detect_0] Valid piece: gid = 3
I1014 14:36:35.024664  7968 work_thread.hpp:119]  [T-Work-Detect_0] Valid piece: gid = 2
I1014 14:36:35.024684  7968 work_thread.hpp:91]  [T-Work-Detect_0] Push to split queue:recog
I1014 14:36:35.024739  7969 work_thread.hpp:81]  [T-Work-Recog_0] Run work: WorkCapture
I1014 14:36:35.025022  7968 work_thread.hpp:91]  [T-Work-Detect_0] Push to split queue:recog
I1014 14:36:35.025068  7970 work_thread.hpp:81]  [T-Work-Recog_1] Run work: WorkCapture
I1014 14:36:35.025302  7969 work_thread.hpp:81]  [T-Work-Recog_0] Run work: WorkRecog
I1014 14:36:35.025326  7969 work_recog.hpp:89] Face id: 3 will run recog: bbox [159 x 212 from (242, 132)] quality: 0.486454
I1014 14:36:35.025353  7969 work_recog.hpp:96] Recog pair: [224 x 272 from (208, 88)], [159 x 212 from (34, 44)]
I1014 14:36:35.025590  7970 work_thread.hpp:81]  [T-Work-Recog_1] Run work: WorkRecog
W1014 14:36:35.025610  7970 work_recog.hpp:118] Face id: 2 has low quality : 0.0168886, no need to recog
I1014 14:36:35.025684  7970 work_thread.hpp:81]  [T-Work-Recog_1] Run work: WorkCompare
I1014 14:36:35.026507  7971 thread_intergrate.hpp:78] [T-Intergrate-intergrate] queue: frame output frame :88
I1014 14:36:35.026535  7971 thread_intergrate.hpp:85] [T-Intergrate-intergrate] queue: compare output face:3
I1014 14:36:35.026554  7971 thread_intergrate.hpp:137] T-Intergrate-intergrate set matched face: 3
I1014 14:36:35.028120  7971 thread_intergrate.hpp:157] T-Intergrate-intergrate Show face :3, size :640 * 360
I1014 14:36:35.028728  7967 demo_inner.hpp:435] thread [SORT-0]  frame id 88 sorting queue size 1   FPS: 29.8954
I1014 14:36:35.043422  7969 work_thread.hpp:81]  [T-Work-Recog_0] Run work: WorkCompare
I1014 14:36:35.043889  7969 work_compare.cpp:76] Compare face: 3 successed, similarity :0.996118, name : images/ThangLMb.jpg, normal size : 1548 * 1719!
I1014 14:36:35.052834  7965 demo_inner.hpp:177] decode queue size 0
I1014 14:36:35.052939  7968 work_thread.hpp:81]  [T-Work-Detect_0] Run work: WorkDetect
I1014 14:36:35.052974  7968 work_detect.cpp:102] Succeeded to add det start for frame 89
I1014 14:36:35.059880  7968 work_detect.cpp:70] Frame :89 detect result :2 face(s)
I1014 14:36:35.059927  7968 work_detect.cpp:86] Detected bbox: [158 x 200 from (245, 156)]
I1014 14:36:35.059960  7968 work_detect.cpp:86] Detected bbox: [51 x 57 from (89, 214)]
I1014 14:36:35.059991  7968 work_detect.cpp:120] Succeeded to add det end for frame 89
I1014 14:36:35.060007  7968 work_thread.hpp:81]  [T-Work-Detect_0] Run work: WrokTrack
I1014 14:36:35.060032  7968 work_track.cpp:82] Frame: 89 build input_characts: [0.246875 x 0.555556 from (0.382812, 0.433333)], 1.00019, 0
I1014 14:36:35.060086  7968 work_track.cpp:82] Frame: 89 build input_characts: [0.0796875 x 0.158333 from (0.139062, 0.594444)], 0.967082, 1
I1014 14:36:35.060120  7968 work_track.cpp:102] Succeeded to set track lock for frame 89
I1014 14:36:35.060179  7968 work_track.cpp:116] Succeeded to release track lock for frame 89
I1014 14:36:35.060195  7968 work_track.cpp:120] Track results of frame 89: 2 objects input, 2 objects tracked!
I1014 14:36:35.060214  7968 work_track.cpp:148] Frame: 89, track bbox: [51 x 57 from (89.3828, 214.668)], gid: 2, lid: 1
I1014 14:36:35.060247  7968 work_track.cpp:148] Frame: 89, track bbox: [158 x 200 from (244.443, 153.059)], gid: 3, lid: 0
I1014 14:36:35.060281  7968 work_thread.hpp:87]  [T-Work-Detect_0] Frame :89 split
I1014 14:36:35.060298  7968 work_thread.hpp:119]  [T-Work-Detect_0] Valid piece: gid = 3
I1014 14:36:35.060317  7968 work_thread.hpp:119]  [T-Work-Detect_0] Valid piece: gid = 2
I1014 14:36:35.060333  7968 work_thread.hpp:91]  [T-Work-Detect_0] Push to split queue:recog
I1014 14:36:35.060382  7969 work_thread.hpp:81]  [T-Work-Recog_0] Run work: WorkCapture
I1014 14:36:35.060660  7968 work_thread.hpp:91]  [T-Work-Detect_0] Push to split queue:recog
I1014 14:36:35.060704  7970 work_thread.hpp:81]  [T-Work-Recog_1] Run work: WorkCapture
I1014 14:36:35.060932  7969 work_thread.hpp:81]  [T-Work-Recog_0] Run work: WorkRecog
I1014 14:36:35.061040  7969 work_recog.hpp:89] Face id: 3 will run recog: bbox [158 x 200 from (245, 156)] quality: 0.45025
I1014 14:36:35.061071  7969 work_recog.hpp:96] Recog pair: [232 x 248 from (208, 112)], [158 x 200 from (37, 44)]
I1014 14:36:35.061573  7970 work_thread.hpp:81]  [T-Work-Recog_1] Run work: WorkRecog
W1014 14:36:35.061594  7970 work_recog.hpp:118] Face id: 2 has low quality : 0.0168886, no need to recog
I1014 14:36:35.061667  7970 work_thread.hpp:81]  [T-Work-Recog_1] Run work: WorkCompare
I1014 14:36:35.061890  7971 thread_intergrate.hpp:78] [T-Intergrate-intergrate] queue: frame output frame :89
I1014 14:36:35.061918  7971 thread_intergrate.hpp:85] [T-Intergrate-intergrate] queue: compare output face:3
I1014 14:36:35.061935  7971 thread_intergrate.hpp:137] T-Intergrate-intergrate set matched face: 3
I1014 14:36:35.063475  7971 thread_intergrate.hpp:157] T-Intergrate-intergrate Show face :3, size :640 * 360
I1014 14:36:35.064054  7967 demo_inner.hpp:435] thread [SORT-0]  frame id 89 sorting queue size 2   FPS: 29.8954
I1014 14:36:35.079313  7969 work_thread.hpp:81]  [T-Work-Recog_0] Run work: WorkCompare
I1014 14:36:35.079788  7969 work_compare.cpp:76] Compare face: 3 successed, similarity :0.995169, name : images/ThangLMb.jpg, normal size : 1548 * 1719!
I1014 14:36:35.083444  7965 demo_inner.hpp:177] decode queue size 0
I1014 14:36:35.083554  7968 work_thread.hpp:81]  [T-Work-Detect_0] Run work: WorkDetect
I1014 14:36:35.083628  7968 work_detect.cpp:102] Succeeded to add det start for frame 90
I1014 14:36:35.089509  7966 demo_inner.hpp:260]  gui queue size 2, state = running
I1014 14:36:35.091269  7968 work_detect.cpp:70] Frame :90 detect result :2 face(s)
I1014 14:36:35.091323  7968 work_detect.cpp:86] Detected bbox: [156 x 212 from (243, 132)]
I1014 14:36:35.091356  7968 work_detect.cpp:86] Detected bbox: [59 x 74 from (84, 210)]
I1014 14:36:35.091389  7968 work_detect.cpp:120] Succeeded to add det end for frame 90
I1014 14:36:35.091405  7968 work_thread.hpp:81]  [T-Work-Detect_0] Run work: WrokTrack
I1014 14:36:35.091431  7968 work_track.cpp:82] Frame: 90 build input_characts: [0.24375 x 0.588889 from (0.379687, 0.366667)], 1.00019, 0
I1014 14:36:35.091490  7968 work_track.cpp:82] Frame: 90 build input_characts: [0.0921875 x 0.205556 from (0.13125, 0.583333)], 0.977486, 1
I1014 14:36:35.091528  7968 work_track.cpp:102] Succeeded to set track lock for frame 90
I1014 14:36:35.091580  7968 work_track.cpp:116] Succeeded to release track lock for frame 90
I1014 14:36:35.091596  7968 work_track.cpp:120] Track results of frame 90: 2 objects input, 2 objects tracked!
I1014 14:36:35.091615  7968 work_track.cpp:148] Frame: 90, track bbox: [59 x 74 from (84.2869, 207.622)], gid: 2, lid: 1
I1014 14:36:35.091651  7968 work_track.cpp:148] Frame: 90, track bbox: [156 x 212 from (244.483, 139.461)], gid: 3, lid: 0
I1014 14:36:35.091684  7968 work_thread.hpp:87]  [T-Work-Detect_0] Frame :90 split
I1014 14:36:35.091702  7968 work_thread.hpp:119]  [T-Work-Detect_0] Valid piece: gid = 3
I1014 14:36:35.091720  7968 work_thread.hpp:119]  [T-Work-Detect_0] Valid piece: gid = 2
I1014 14:36:35.091738  7968 work_thread.hpp:91]  [T-Work-Detect_0] Push to split queue:recog
I1014 14:36:35.091773  7968 work_thread.hpp:91]  [T-Work-Detect_0] Push to split queue:recog
I1014 14:36:35.091811  7970 work_thread.hpp:81]  [T-Work-Recog_1] Run work: WorkCapture
I1014 14:36:35.091861  7971 thread_intergrate.hpp:78] [T-Intergrate-intergrate] queue: frame output frame :90
I1014 14:36:35.091886  7971 thread_intergrate.hpp:85] [T-Intergrate-intergrate] queue: compare output face:3
I1014 14:36:35.091903  7971 thread_intergrate.hpp:137] T-Intergrate-intergrate set matched face: 3
I1014 14:36:35.092147  7969 work_thread.hpp:81]  [T-Work-Recog_0] Run work: WorkCapture
I1014 14:36:35.092497  7970 work_thread.hpp:81]  [T-Work-Recog_1] Run work: WorkRecog
I1014 14:36:35.092525  7970 work_recog.hpp:89] Face id: 3 will run recog: bbox [156 x 212 from (243, 132)] quality: 0.484073
I1014 14:36:35.092572  7970 work_recog.hpp:96] Recog pair: [224 x 272 from (208, 88)], [156 x 212 from (35, 44)]
I1014 14:36:35.093458  7969 work_thread.hpp:81]  [T-Work-Recog_0] Run work: WorkRecog
W1014 14:36:35.093497  7969 work_recog.hpp:118] Face id: 2 has low quality : 0.0238456, no need to recog
I1014 14:36:35.093535  7971 thread_intergrate.hpp:157] T-Intergrate-intergrate Show face :3, size :640 * 360
I1014 14:36:35.093645  7969 work_thread.hpp:81]  [T-Work-Recog_0] Run work: WorkCompare
I1014 14:36:35.094195  7967 demo_inner.hpp:435] thread [SORT-0]  frame id 90 sorting queue size 0   FPS: 29.8954
I1014 14:36:35.110497  7970 work_thread.hpp:81]  [T-Work-Recog_1] Run work: WorkCompare
I1014 14:36:35.110957  7970 work_compare.cpp:76] Compare face: 3 successed, similarity :0.995316, name : images/ThangLMb.jpg, normal size : 1548 * 1719!
I1014 14:36:35.119186  7965 demo_inner.hpp:177] decode queue size 0
I1014 14:36:35.119297  7968 work_thread.hpp:81]  [T-Work-Detect_0] Run work: WorkDetect
I1014 14:36:35.119333  7968 work_detect.cpp:102] Succeeded to add det start for frame 91
I1014 14:36:35.126055  7968 work_detect.cpp:70] Frame :91 detect result :2 face(s)
I1014 14:36:35.126102  7968 work_detect.cpp:86] Detected bbox: [158 x 212 from (244, 132)]
I1014 14:36:35.126135  7968 work_detect.cpp:86] Detected bbox: [52 x 55 from (91, 216)]
I1014 14:36:35.126168  7968 work_detect.cpp:120] Succeeded to add det end for frame 91
I1014 14:36:35.126183  7968 work_thread.hpp:81]  [T-Work-Detect_0] Run work: WrokTrack
I1014 14:36:35.126209  7968 work_track.cpp:82] Frame: 91 build input_characts: [0.246875 x 0.588889 from (0.38125, 0.366667)], 0.999597, 0
I1014 14:36:35.126260  7968 work_track.cpp:82] Frame: 91 build input_characts: [0.08125 x 0.152778 from (0.142188, 0.6)], 0.962067, 1
I1014 14:36:35.126296  7968 work_track.cpp:102] Succeeded to set track lock for frame 91
I1014 14:36:35.126340  7968 work_track.cpp:116] Succeeded to release track lock for frame 91
I1014 14:36:35.126354  7968 work_track.cpp:120] Track results of frame 91: 2 objects input, 2 objects tracked!
I1014 14:36:35.126372  7968 work_track.cpp:148] Frame: 91, track bbox: [52 x 55 from (89.331, 216.616)], gid: 2, lid: 1
I1014 14:36:35.126405  7968 work_track.cpp:148] Frame: 91, track bbox: [158 x 212 from (243.147, 132.024)], gid: 3, lid: 0
I1014 14:36:35.126437  7968 work_thread.hpp:87]  [T-Work-Detect_0] Frame :91 split
I1014 14:36:35.126456  7968 work_thread.hpp:119]  [T-Work-Detect_0] Valid piece: gid = 3
I1014 14:36:35.126472  7968 work_thread.hpp:119]  [T-Work-Detect_0] Valid piece: gid = 2
I1014 14:36:35.126489  7968 work_thread.hpp:91]  [T-Work-Detect_0] Push to split queue:recog
I1014 14:36:35.126516  7968 work_thread.hpp:91]  [T-Work-Detect_0] Push to split queue:recog
I1014 14:36:35.126533  7970 work_thread.hpp:81]  [T-Work-Recog_1] Run work: WorkCapture
I1014 14:36:35.126565  7971 thread_intergrate.hpp:78] [T-Intergrate-intergrate] queue: frame output frame :91
I1014 14:36:35.126554  7969 work_thread.hpp:81]  [T-Work-Recog_0] Run work: WorkCapture
I1014 14:36:35.126590  7971 thread_intergrate.hpp:85] [T-Intergrate-intergrate] queue: compare output face:3
I1014 14:36:35.126610  7971 thread_intergrate.hpp:137] T-Intergrate-intergrate set matched face: 3
I1014 14:36:35.127213  7970 work_thread.hpp:81]  [T-Work-Recog_1] Run work: WorkRecog
I1014 14:36:35.127223  7969 work_thread.hpp:81]  [T-Work-Recog_0] Run work: WorkRecog
I1014 14:36:35.127239  7970 work_recog.hpp:89] Face id: 3 will run recog: bbox [158 x 212 from (244, 132)] quality: 0.483692
W1014 14:36:35.127244  7969 work_recog.hpp:118] Face id: 2 has low quality : 0.0133534, no need to recog
I1014 14:36:35.127512  7969 work_thread.hpp:81]  [T-Work-Recog_0] Run work: WorkCompare
I1014 14:36:35.127271  7970 work_recog.hpp:96] Recog pair: [232 x 272 from (208, 88)], [158 x 212 from (36, 44)]
I1014 14:36:35.128098  7971 thread_intergrate.hpp:157] T-Intergrate-intergrate Show face :3, size :640 * 360
I1014 14:36:35.128676  7967 demo_inner.hpp:435] thread [SORT-0]  frame id 91 sorting queue size 1   FPS: 29.9252
I1014 14:36:35.145067  7970 work_thread.hpp:81]  [T-Work-Recog_1] Run work: WorkCompare
I1014 14:36:35.145678  7970 work_compare.cpp:76] Compare face: 3 successed, similarity :0.997173, name : images/ThangLMb.jpg, normal size : 1548 * 1719!
I1014 14:36:35.154737  7965 demo_inner.hpp:177] decode queue size 0
I1014 14:36:35.154842  7968 work_thread.hpp:81]  [T-Work-Detect_0] Run work: WorkDetect
I1014 14:36:35.154877  7968 work_detect.cpp:102] Succeeded to add det start for frame 92
I1014 14:36:35.156836  7966 demo_inner.hpp:260]  gui queue size 1, state = running
I1014 14:36:35.161998  7968 work_detect.cpp:70] Frame :92 detect result :1 face(s)
I1014 14:36:35.162062  7968 work_detect.cpp:86] Detected bbox: [158 x 199 from (245, 157)]
I1014 14:36:35.162112  7968 work_detect.cpp:120] Succeeded to add det end for frame 92
I1014 14:36:35.162130  7968 work_thread.hpp:81]  [T-Work-Detect_0] Run work: WrokTrack
I1014 14:36:35.162158  7968 work_track.cpp:82] Frame: 92 build input_characts: [0.246875 x 0.552778 from (0.382812, 0.436111)], 0.999622, 0
I1014 14:36:35.162220  7968 work_track.cpp:102] Succeeded to set track lock for frame 92
I1014 14:36:35.162272  7968 work_track.cpp:116] Succeeded to release track lock for frame 92
I1014 14:36:35.162287  7968 work_track.cpp:120] Track results of frame 92: 1 objects input, 2 objects tracked!
I1014 14:36:35.162307  7968 work_track.cpp:148] Frame: 92, track bbox: [52 x 55 from (89.4312, 216.631)], gid: 2, lid: -1
I1014 14:36:35.162340  7968 work_track.cpp:148] Frame: 92, track bbox: [158 x 199 from (244.213, 146.565)], gid: 3, lid: 0
I1014 14:36:35.162372  7968 work_thread.hpp:87]  [T-Work-Detect_0] Frame :92 split
I1014 14:36:35.162390  7968 work_thread.hpp:119]  [T-Work-Detect_0] Valid piece: gid = 3
I1014 14:36:35.162408  7968 work_thread.hpp:91]  [T-Work-Detect_0] Push to split queue:recog
I1014 14:36:35.162477  7970 work_thread.hpp:81]  [T-Work-Recog_1] Run work: WorkCapture
I1014 14:36:35.162793  7971 thread_intergrate.hpp:78] [T-Intergrate-intergrate] queue: frame output frame :92
I1014 14:36:35.162822  7971 thread_intergrate.hpp:85] [T-Intergrate-intergrate] queue: compare output face:3
I1014 14:36:35.162840  7971 thread_intergrate.hpp:137] T-Intergrate-intergrate set matched face: 3
I1014 14:36:35.163039  7970 work_thread.hpp:81]  [T-Work-Recog_1] Run work: WorkRecog
I1014 14:36:35.163064  7970 work_recog.hpp:89] Face id: 3 will run recog: bbox [158 x 199 from (245, 157)] quality: 0.459322
I1014 14:36:35.163091  7970 work_recog.hpp:96] Recog pair: [232 x 248 from (208, 112)], [158 x 199 from (37, 45)]
I1014 14:36:35.164309  7971 thread_intergrate.hpp:157] T-Intergrate-intergrate Show face :3, size :640 * 360
I1014 14:36:35.164916  7967 demo_inner.hpp:435] thread [SORT-0]  frame id 92 sorting queue size 0   FPS: 29.9252
I1014 14:36:35.180871  7970 work_thread.hpp:81]  [T-Work-Recog_1] Run work: WorkCompare
I1014 14:36:35.181336  7970 work_compare.cpp:76] Compare face: 3 successed, similarity :0.995592, name : images/ThangLMb.jpg, normal size : 1548 * 1719!
I1014 14:36:35.185061  7965 demo_inner.hpp:177] decode queue size 0
I1014 14:36:35.185168  7968 work_thread.hpp:81]  [T-Work-Detect_0] Run work: WorkDetect
I1014 14:36:35.185204  7968 work_detect.cpp:102] Succeeded to add det start for frame 93
I1014 14:36:35.192139  7968 work_detect.cpp:70] Frame :93 detect result :2 face(s)
I1014 14:36:35.192203  7968 work_detect.cpp:86] Detected bbox: [160 x 214 from (242, 133)]
I1014 14:36:35.192237  7968 work_detect.cpp:86] Detected bbox: [55 x 63 from (86, 216)]
I1014 14:36:35.192268  7968 work_detect.cpp:120] Succeeded to add det end for frame 93
I1014 14:36:35.192284  7968 work_thread.hpp:81]  [T-Work-Detect_0] Run work: WrokTrack
