I1014 15:41:09.754501  9329 work_track.cpp:148] Frame: 90, track bbox: [127 x 165 from (226.466, 145.846)], gid: 0, lid: 0
I1014 15:41:09.754539  9329 work_thread.hpp:87]  [T-Work-Detect_0] Frame :90 split
I1014 15:41:09.754556  9329 work_thread.hpp:120]  [T-Work-Detect_0] Valid piece: gid = 0
I1014 15:41:09.754575  9329 work_thread.hpp:91]  [T-Work-Detect_0] Push to split queue:recog
I1014 15:41:09.754616  9331 work_thread.hpp:81]  [T-Work-Recog_1] Run work: WorkCapture
I1014 15:41:09.754631  9332 thread_intergrate.hpp:78] [T-Intergrate-intergrate] queue: frame output frame :90
I1014 15:41:09.754655  9332 thread_intergrate.hpp:85] [T-Intergrate-intergrate] queue: compare output face:0
I1014 15:41:09.754673  9332 thread_intergrate.hpp:144] T-Intergrate-intergrate set matched face: 0
I1014 15:41:09.755308  9331 work_thread.hpp:81]  [T-Work-Recog_1] Run work: WorkRecog
I1014 15:41:09.755342  9331 work_recog.hpp:89] Face id: 0 will run recog: bbox [127 x 165 from (228, 148)] quality: 0.488421
I1014 15:41:09.755378  9331 work_recog.hpp:96] Recog pair: [184 x 240 from (200, 112)], [127 x 165 from (28, 36)]
I1014 15:41:09.756215  9332 thread_intergrate.hpp:188] T-Intergrate-intergrate Show face :0, size :640 * 360
I1014 15:41:09.756773  9328 demo_inner.hpp:435] thread [SORT-0]  frame id 90 sorting queue size 1   FPS: 29.9103
I1014 15:41:09.773217  9331 work_thread.hpp:81]  [T-Work-Recog_1] Run work: WorkCompare
I1014 15:41:09.773736  9331 work_compare.cpp:76] Compare face: 0 successed, similarity :0.996073, name : images/ThangLMb.jpg, normal size : 1548 * 1719!
I1014 15:41:09.782718  9326 demo_inner.hpp:177] decode queue size 0
I1014 15:41:09.782850  9329 work_thread.hpp:81]  [T-Work-Detect_0] Run work: WorkDetect
I1014 15:41:09.782881  9327 demo_inner.hpp:260]  gui queue size 1, state = running
I1014 15:41:09.782888  9329 work_detect.cpp:102] Succeeded to add det start for frame 91
I1014 15:41:09.789425  9329 work_detect.cpp:70] Frame :91 detect result :1 face(s)
I1014 15:41:09.789541  9329 work_detect.cpp:86] Detected bbox: [124 x 166 from (222, 149)]
I1014 15:41:09.789588  9329 work_detect.cpp:120] Succeeded to add det end for frame 91
I1014 15:41:09.789604  9329 work_thread.hpp:81]  [T-Work-Detect_0] Run work: WrokTrack
I1014 15:41:09.789630  9329 work_track.cpp:82] Frame: 91 build input_characts: [0.19375 x 0.461111 from (0.346875, 0.413889)], 1.00019, 0
I1014 15:41:09.789686  9329 work_track.cpp:102] Succeeded to set track lock for frame 91
I1014 15:41:09.789726  9329 work_track.cpp:116] Succeeded to release track lock for frame 91
I1014 15:41:09.789741  9329 work_track.cpp:120] Track results of frame 91: 1 objects input, 1 objects tracked!
I1014 15:41:09.789758  9329 work_track.cpp:148] Frame: 91, track bbox: [124 x 166 from (224.702, 148.256)], gid: 0, lid: 0
I1014 15:41:09.789794  9329 work_thread.hpp:87]  [T-Work-Detect_0] Frame :91 split
I1014 15:41:09.789813  9329 work_thread.hpp:120]  [T-Work-Detect_0] Valid piece: gid = 0
I1014 15:41:09.789830  9329 work_thread.hpp:91]  [T-Work-Detect_0] Push to split queue:recog
I1014 15:41:09.789885  9332 thread_intergrate.hpp:78] [T-Intergrate-intergrate] queue: frame output frame :91
I1014 15:41:09.789901  9331 work_thread.hpp:81]  [T-Work-Recog_1] Run work: WorkCapture
I1014 15:41:09.789912  9332 thread_intergrate.hpp:85] [T-Intergrate-intergrate] queue: compare output face:0
I1014 15:41:09.789932  9332 thread_intergrate.hpp:144] T-Intergrate-intergrate set matched face: 0
I1014 15:41:09.790647  9331 work_thread.hpp:81]  [T-Work-Recog_1] Run work: WorkRecog
I1014 15:41:09.790678  9331 work_recog.hpp:89] Face id: 0 will run recog: bbox [124 x 166 from (222, 149)] quality: 0.483716
I1014 15:41:09.790709  9331 work_recog.hpp:96] Recog pair: [184 x 240 from (192, 112)], [124 x 166 from (30, 37)]
I1014 15:41:09.791460  9332 thread_intergrate.hpp:188] T-Intergrate-intergrate Show face :0, size :640 * 360
I1014 15:41:09.792019  9328 demo_inner.hpp:435] thread [SORT-0]  frame id 91 sorting queue size 0   FPS: 29.9103
I1014 15:41:09.808423  9331 work_thread.hpp:81]  [T-Work-Recog_1] Run work: WorkCompare
I1014 15:41:09.808959  9331 work_compare.cpp:76] Compare face: 0 successed, similarity :0.996906, name : images/ThangLMb.jpg, normal size : 1548 * 1719!
I1014 15:41:09.817481  9326 demo_inner.hpp:177] decode queue size 0
I1014 15:41:09.817589  9329 work_thread.hpp:81]  [T-Work-Detect_0] Run work: WorkDetect
I1014 15:41:09.817621  9329 work_detect.cpp:102] Succeeded to add det start for frame 92
I1014 15:41:09.824198  9329 work_detect.cpp:70] Frame :92 detect result :1 face(s)
I1014 15:41:09.824239  9329 work_detect.cpp:86] Detected bbox: [136 x 176 from (218, 136)]
I1014 15:41:09.824278  9329 work_detect.cpp:120] Succeeded to add det end for frame 92
I1014 15:41:09.824295  9329 work_thread.hpp:81]  [T-Work-Detect_0] Run work: WrokTrack
I1014 15:41:09.824321  9329 work_track.cpp:82] Frame: 92 build input_characts: [0.2125 x 0.488889 from (0.340625, 0.377778)], 1.00019, 0
I1014 15:41:09.824375  9329 work_track.cpp:102] Succeeded to set track lock for frame 92
I1014 15:41:09.824414  9329 work_track.cpp:116] Succeeded to release track lock for frame 92
I1014 15:41:09.824429  9329 work_track.cpp:120] Track results of frame 92: 1 objects input, 1 objects tracked!
I1014 15:41:09.824446  9329 work_track.cpp:148] Frame: 92, track bbox: [136 x 176 from (218.266, 139.295)], gid: 0, lid: 0
I1014 15:41:09.824482  9329 work_thread.hpp:87]  [T-Work-Detect_0] Frame :92 split
I1014 15:41:09.824501  9329 work_thread.hpp:120]  [T-Work-Detect_0] Valid piece: gid = 0
I1014 15:41:09.824518  9329 work_thread.hpp:91]  [T-Work-Detect_0] Push to split queue:recog
I1014 15:41:09.824565  9330 work_thread.hpp:81]  [T-Work-Recog_0] Run work: WorkCapture
I1014 15:41:09.824853  9332 thread_intergrate.hpp:78] [T-Intergrate-intergrate] queue: frame output frame :92
I1014 15:41:09.824879  9332 thread_intergrate.hpp:85] [T-Intergrate-intergrate] queue: compare output face:0
I1014 15:41:09.824898  9332 thread_intergrate.hpp:144] T-Intergrate-intergrate set matched face: 0
I1014 15:41:09.826297  9330 work_thread.hpp:81]  [T-Work-Recog_0] Run work: WorkRecog
I1014 15:41:09.826341  9330 work_recog.hpp:89] Face id: 0 will run recog: bbox [136 x 176 from (218, 136)] quality: 0.486994
I1014 15:41:09.826385  9330 work_recog.hpp:96] Recog pair: [200 x 256 from (184, 96)], [136 x 176 from (34, 40)]
I1014 15:41:09.826452  9332 thread_intergrate.hpp:188] T-Intergrate-intergrate Show face :0, size :640 * 360
I1014 15:41:09.826970  9328 demo_inner.hpp:435] thread [SORT-0]  frame id 92 sorting queue size 1   FPS: 29.9401
I1014 15:41:09.843696  9330 work_thread.hpp:81]  [T-Work-Recog_0] Run work: WorkCompare
I1014 15:41:09.844177  9330 work_compare.cpp:76] Compare face: 0 successed, similarity :0.998119, name : images/ThangLMb.jpg, normal size : 1548 * 1719!
I1014 15:41:09.847590  9326 demo_inner.hpp:177] decode queue size 0
I1014 15:41:09.847676  9329 work_thread.hpp:81]  [T-Work-Detect_0] Run work: WorkDetect
I1014 15:41:09.847709  9329 work_detect.cpp:102] Succeeded to add det start for frame 93
I1014 15:41:09.850929  9327 demo_inner.hpp:260]  gui queue size 1, state = running
I1014 15:41:09.854480  9329 work_detect.cpp:70] Frame :93 detect result :1 face(s)
I1014 15:41:09.854532  9329 work_detect.cpp:86] Detected bbox: [138 x 178 from (217, 134)]
I1014 15:41:09.854576  9329 work_detect.cpp:120] Succeeded to add det end for frame 93
I1014 15:41:09.854593  9329 work_thread.hpp:81]  [T-Work-Detect_0] Run work: WrokTrack
I1014 15:41:09.854619  9329 work_track.cpp:82] Frame: 93 build input_characts: [0.215625 x 0.494444 from (0.339063, 0.372222)], 1.00019, 0
I1014 15:41:09.854673  9329 work_track.cpp:102] Succeeded to set track lock for frame 93
I1014 15:41:09.854713  9329 work_track.cpp:116] Succeeded to release track lock for frame 93
I1014 15:41:09.854728  9329 work_track.cpp:120] Track results of frame 93: 1 objects input, 1 objects tracked!
I1014 15:41:09.854745  9329 work_track.cpp:148] Frame: 93, track bbox: [138 x 178 from (216.974, 136.051)], gid: 0, lid: 0
I1014 15:41:09.854781  9329 work_thread.hpp:87]  [T-Work-Detect_0] Frame :93 split
I1014 15:41:09.854799  9329 work_thread.hpp:120]  [T-Work-Detect_0] Valid piece: gid = 0
I1014 15:41:09.854817  9329 work_thread.hpp:91]  [T-Work-Detect_0] Push to split queue:recog
I1014 15:41:09.854871  9332 thread_intergrate.hpp:78] [T-Intergrate-intergrate] queue: frame output frame :93
I1014 15:41:09.854877  9331 work_thread.hpp:81]  [T-Work-Recog_1] Run work: WorkCapture
I1014 15:41:09.854898  9332 thread_intergrate.hpp:85] [T-Intergrate-intergrate] queue: compare output face:0
I1014 15:41:09.854916  9332 thread_intergrate.hpp:144] T-Intergrate-intergrate set matched face: 0
I1014 15:41:09.855576  9331 work_thread.hpp:81]  [T-Work-Recog_1] Run work: WorkRecog
I1014 15:41:09.855607  9331 work_recog.hpp:89] Face id: 0 will run recog: bbox [138 x 178 from (217, 134)] quality: 0.486994
I1014 15:41:09.855640  9331 work_recog.hpp:96] Recog pair: [200 x 256 from (184, 96)], [138 x 178 from (33, 38)]
I1014 15:41:09.856415  9332 thread_intergrate.hpp:188] T-Intergrate-intergrate Show face :0, size :640 * 360
I1014 15:41:09.856997  9328 demo_inner.hpp:435] thread [SORT-0]  frame id 93 sorting queue size 0   FPS: 29.9252
I1014 15:41:09.873438  9331 work_thread.hpp:81]  [T-Work-Recog_1] Run work: WorkCompare
I1014 15:41:09.873906  9331 work_compare.cpp:76] Compare face: 0 successed, similarity :0.998932, name : images/ThangLMb.jpg, normal size : 1548 * 1719!
I1014 15:41:09.883291  9326 demo_inner.hpp:177] decode queue size 0
I1014 15:41:09.883404  9329 work_thread.hpp:81]  [T-Work-Detect_0] Run work: WorkDetect
I1014 15:41:09.883443  9329 work_detect.cpp:102] Succeeded to add det start for frame 94
I1014 15:41:09.889945  9329 work_detect.cpp:70] Frame :94 detect result :1 face(s)
I1014 15:41:09.889988  9329 work_detect.cpp:86] Detected bbox: [126 x 167 from (228, 147)]
I1014 15:41:09.890033  9329 work_detect.cpp:120] Succeeded to add det end for frame 94
I1014 15:41:09.890048  9329 work_thread.hpp:81]  [T-Work-Detect_0] Run work: WrokTrack
I1014 15:41:09.890146  9329 work_track.cpp:82] Frame: 94 build input_characts: [0.196875 x 0.463889 from (0.35625, 0.408333)], 0.999622, 0
I1014 15:41:09.890203  9329 work_track.cpp:102] Succeeded to set track lock for frame 94
I1014 15:41:09.890241  9329 work_track.cpp:116] Succeeded to release track lock for frame 94
I1014 15:41:09.890256  9329 work_track.cpp:120] Track results of frame 94: 1 objects input, 1 objects tracked!
I1014 15:41:09.890274  9329 work_track.cpp:148] Frame: 94, track bbox: [126 x 167 from (224.102, 143.972)], gid: 0, lid: 0
I1014 15:41:09.890311  9329 work_thread.hpp:87]  [T-Work-Detect_0] Frame :94 split
I1014 15:41:09.890328  9329 work_thread.hpp:120]  [T-Work-Detect_0] Valid piece: gid = 0
I1014 15:41:09.890347  9329 work_thread.hpp:91]  [T-Work-Detect_0] Push to split queue:recog
I1014 15:41:09.890391  9332 thread_intergrate.hpp:78] [T-Intergrate-intergrate] queue: frame output frame :94
I1014 15:41:09.890413  9331 work_thread.hpp:81]  [T-Work-Recog_1] Run work: WorkCapture
I1014 15:41:09.890419  9332 thread_intergrate.hpp:85] [T-Intergrate-intergrate] queue: compare output face:0
I1014 15:41:09.890439  9332 thread_intergrate.hpp:144] T-Intergrate-intergrate set matched face: 0
I1014 15:41:09.891021  9331 work_thread.hpp:81]  [T-Work-Recog_1] Run work: WorkRecog
I1014 15:41:09.891049  9331 work_recog.hpp:89] Face id: 0 will run recog: bbox [126 x 167 from (228, 147)] quality: 0.489279
I1014 15:41:09.891079  9331 work_recog.hpp:96] Recog pair: [184 x 240 from (200, 112)], [126 x 167 from (28, 35)]
I1014 15:41:09.891916  9332 thread_intergrate.hpp:188] T-Intergrate-intergrate Show face :0, size :640 * 360
I1014 15:41:09.892462  9328 demo_inner.hpp:435] thread [SORT-0]  frame id 94 sorting queue size 1   FPS: 29.9401
I1014 15:41:09.908944  9331 work_thread.hpp:81]  [T-Work-Recog_1] Run work: WorkCompare
I1014 15:41:09.909512  9331 work_compare.cpp:76] Compare face: 0 successed, similarity :0.995247, name : images/ThangLMb.jpg, normal size : 1548 * 1719!
I1014 15:41:09.913614  9326 demo_inner.hpp:177] decode queue size 0
I1014 15:41:09.913704  9329 work_thread.hpp:81]  [T-Work-Detect_0] Run work: WorkDetect
I1014 15:41:09.913736  9329 work_detect.cpp:102] Succeeded to add det start for frame 95
I1014 15:41:09.920231  9329 work_detect.cpp:70] Frame :95 detect result :1 face(s)
I1014 15:41:09.920270  9329 work_detect.cpp:86] Detected bbox: [119 x 167 from (225, 148)]
I1014 15:41:09.920312  9329 work_detect.cpp:120] Succeeded to add det end for frame 95
I1014 15:41:09.920330  9329 work_thread.hpp:81]  [T-Work-Detect_0] Run work: WrokTrack
I1014 15:41:09.920353  9329 work_track.cpp:82] Frame: 95 build input_characts: [0.185937 x 0.463889 from (0.351562, 0.411111)], 0.998681, 0
I1014 15:41:09.920408  9329 work_track.cpp:102] Succeeded to set track lock for frame 95
I1014 15:41:09.920447  9329 work_track.cpp:116] Succeeded to release track lock for frame 95
I1014 15:41:09.920462  9329 work_track.cpp:120] Track results of frame 95: 1 objects input, 1 objects tracked!
I1014 15:41:09.920480  9329 work_track.cpp:148] Frame: 95, track bbox: [119 x 167 from (226.647, 145.056)], gid: 0, lid: 0
I1014 15:41:09.920516  9329 work_thread.hpp:87]  [T-Work-Detect_0] Frame :95 split
I1014 15:41:09.920534  9329 work_thread.hpp:120]  [T-Work-Detect_0] Valid piece: gid = 0
I1014 15:41:09.920552  9329 work_thread.hpp:91]  [T-Work-Detect_0] Push to split queue:recog
I1014 15:41:09.920599  9330 work_thread.hpp:81]  [T-Work-Recog_0] Run work: WorkCapture
I1014 15:41:09.920603  9332 thread_intergrate.hpp:78] [T-Intergrate-intergrate] queue: frame output frame :95
I1014 15:41:09.920632  9332 thread_intergrate.hpp:85] [T-Intergrate-intergrate] queue: compare output face:0
I1014 15:41:09.920651  9332 thread_intergrate.hpp:144] T-Intergrate-intergrate set matched face: 0
I1014 15:41:09.921188  9330 work_thread.hpp:81]  [T-Work-Recog_0] Run work: WorkRecog
I1014 15:41:09.921214  9330 work_recog.hpp:89] Face id: 0 will run recog: bbox [119 x 167 from (225, 148)] quality: 0.487744
I1014 15:41:09.921247  9330 work_recog.hpp:96] Recog pair: [168 x 240 from (200, 112)], [119 x 167 from (25, 36)]
I1014 15:41:09.922132  9332 thread_intergrate.hpp:188] T-Intergrate-intergrate Show face :0, size :640 * 360
I1014 15:41:09.922739  9328 demo_inner.hpp:435] thread [SORT-0]  frame id 95 sorting queue size 2   FPS: 29.9252
I1014 15:41:09.938688  9330 work_thread.hpp:81]  [T-Work-Recog_0] Run work: WorkCompare
I1014 15:41:09.939141  9330 work_compare.cpp:76] Compare face: 0 successed, similarity :0.996975, name : images/ThangLMb.jpg, normal size : 1548 * 1719!
I1014 15:41:09.949292  9326 demo_inner.hpp:177] decode queue size 0
I1014 15:41:09.949388  9329 work_thread.hpp:81]  [T-Work-Detect_0] Run work: WorkDetect
I1014 15:41:09.949421  9329 work_detect.cpp:102] Succeeded to add det start for frame 96
I1014 15:41:09.950419  9327 demo_inner.hpp:260]  gui queue size 2, state = running
I1014 15:41:09.955983  9329 work_detect.cpp:70] Frame :96 detect result :1 face(s)
I1014 15:41:09.956038  9329 work_detect.cpp:86] Detected bbox: [127 x 172 from (228, 144)]
I1014 15:41:09.956084  9329 work_detect.cpp:120] Succeeded to add det end for frame 96
I1014 15:41:09.956099  9329 work_thread.hpp:81]  [T-Work-Detect_0] Run work: WrokTrack
I1014 15:41:09.956126  9329 work_track.cpp:82] Frame: 96 build input_characts: [0.198437 x 0.477778 from (0.35625, 0.4)], 1.00019, 0
I1014 15:41:09.956207  9329 work_track.cpp:102] Succeeded to set track lock for frame 96
I1014 15:41:09.956248  9329 work_track.cpp:116] Succeeded to release track lock for frame 96
I1014 15:41:09.956261  9329 work_track.cpp:120] Track results of frame 96: 1 objects input, 1 objects tracked!
I1014 15:41:09.956279  9329 work_track.cpp:148] Frame: 96, track bbox: [127 x 172 from (226.385, 143.934)], gid: 0, lid: 0
I1014 15:41:09.956316  9329 work_thread.hpp:87]  [T-Work-Detect_0] Frame :96 split
I1014 15:41:09.956336  9329 work_thread.hpp:120]  [T-Work-Detect_0] Valid piece: gid = 0
I1014 15:41:09.956353  9329 work_thread.hpp:91]  [T-Work-Detect_0] Push to split queue:recog
I1014 15:41:09.956410  9330 work_thread.hpp:81]  [T-Work-Recog_0] Run work: WorkCapture
I1014 15:41:09.956411  9332 thread_intergrate.hpp:78] [T-Intergrate-intergrate] queue: frame output frame :96
I1014 15:41:09.956455  9332 thread_intergrate.hpp:85] [T-Intergrate-intergrate] queue: compare output face:0
I1014 15:41:09.956475  9332 thread_intergrate.hpp:144] T-Intergrate-intergrate set matched face: 0
I1014 15:41:09.957128  9330 work_thread.hpp:81]  [T-Work-Recog_0] Run work: WorkRecog
I1014 15:41:09.957170  9330 work_recog.hpp:89] Face id: 0 will run recog: bbox [127 x 172 from (228, 144)] quality: 0.478913
I1014 15:41:09.957213  9330 work_recog.hpp:96] Recog pair: [184 x 248 from (200, 104)], [127 x 172 from (28, 40)]
I1014 15:41:09.958039  9332 thread_intergrate.hpp:188] T-Intergrate-intergrate Show face :0, size :640 * 360
I1014 15:41:09.958658  9328 demo_inner.hpp:435] thread [SORT-0]  frame id 96 sorting queue size 0   FPS: 29.9252
I1014 15:41:09.974555  9330 work_thread.hpp:81]  [T-Work-Recog_0] Run work: WorkCompare
I1014 15:41:09.975019  9330 work_compare.cpp:76] Compare face: 0 successed, similarity :0.997747, name : images/ThangLMb.jpg, normal size : 1548 * 1719!
I1014 15:41:09.979537  9326 demo_inner.hpp:177] decode queue size 0
I1014 15:41:09.979629  9329 work_thread.hpp:81]  [T-Work-Detect_0] Run work: WorkDetect
I1014 15:41:09.979666  9329 work_detect.cpp:102] Succeeded to add det start for frame 97
I1014 15:41:09.986286  9329 work_detect.cpp:70] Frame :97 detect result :1 face(s)
I1014 15:41:09.986332  9329 work_detect.cpp:86] Detected bbox: [122 x 167 from (224, 148)]
I1014 15:41:09.986374  9329 work_detect.cpp:120] Succeeded to add det end for frame 97
I1014 15:41:09.986390  9329 work_thread.hpp:81]  [T-Work-Detect_0] Run work: WrokTrack
I1014 15:41:09.986415  9329 work_track.cpp:82] Frame: 97 build input_characts: [0.190625 x 0.463889 from (0.35, 0.411111)], 0.998742, 0
I1014 15:41:09.986470  9329 work_track.cpp:102] Succeeded to set track lock for frame 97
I1014 15:41:09.986511  9329 work_track.cpp:116] Succeeded to release track lock for frame 97
I1014 15:41:09.986595  9329 work_track.cpp:120] Track results of frame 97: 1 objects input, 1 objects tracked!
I1014 15:41:09.986616  9329 work_track.cpp:148] Frame: 97, track bbox: [122 x 167 from (226.7, 149.162)], gid: 0, lid: 0
I1014 15:41:09.986654  9329 work_thread.hpp:87]  [T-Work-Detect_0] Frame :97 split
I1014 15:41:09.986672  9329 work_thread.hpp:120]  [T-Work-Detect_0] Valid piece: gid = 0
I1014 15:41:09.986690  9329 work_thread.hpp:91]  [T-Work-Detect_0] Push to split queue:recog
I1014 15:41:09.986745  9332 thread_intergrate.hpp:78] [T-Intergrate-intergrate] queue: frame output frame :97
I1014 15:41:09.986762  9331 work_thread.hpp:81]  [T-Work-Recog_1] Run work: WorkCapture
I1014 15:41:09.986771  9332 thread_intergrate.hpp:85] [T-Intergrate-intergrate] queue: compare output face:0
I1014 15:41:09.986790  9332 thread_intergrate.hpp:144] T-Intergrate-intergrate set matched face: 0
I1014 15:41:09.987432  9331 work_thread.hpp:81]  [T-Work-Recog_1] Run work: WorkRecog
I1014 15:41:09.987459  9331 work_recog.hpp:89] Face id: 0 will run recog: bbox [122 x 167 from (224, 148)] quality: 0.484637
I1014 15:41:09.987499  9331 work_recog.hpp:96] Recog pair: [176 x 240 from (200, 112)], [122 x 167 from (24, 36)]
I1014 15:41:09.988292  9332 thread_intergrate.hpp:188] T-Intergrate-intergrate Show face :0, size :640 * 360
I1014 15:41:09.988868  9328 demo_inner.hpp:435] thread [SORT-0]  frame id 97 sorting queue size 1   FPS: 29.9252
I1014 15:41:10.005403  9331 work_thread.hpp:81]  [T-Work-Recog_1] Run work: WorkCompare
I1014 15:41:10.005935  9331 work_compare.cpp:76] Compare face: 0 successed, similarity :0.997242, name : images/ThangLMb.jpg, normal size : 1548 * 1719!
I1014 15:41:10.015318  9326 demo_inner.hpp:177] decode queue size 0
I1014 15:41:10.015421  9329 work_thread.hpp:81]  [T-Work-Detect_0] Run work: WorkDetect
I1014 15:41:10.015457  9329 work_detect.cpp:102] Succeeded to add det start for frame 98
I1014 15:41:10.021970  9329 work_detect.cpp:70] Frame :98 detect result :1 face(s)
I1014 15:41:10.022011  9329 work_detect.cpp:86] Detected bbox: [119 x 169 from (225, 148)]
I1014 15:41:10.022053  9329 work_detect.cpp:120] Succeeded to add det end for frame 98
I1014 15:41:10.022068  9329 work_thread.hpp:81]  [T-Work-Detect_0] Run work: WrokTrack
I1014 15:41:10.022094  9329 work_track.cpp:82] Frame: 98 build input_characts: [0.185937 x 0.469444 from (0.351562, 0.411111)], 0.998742, 0
I1014 15:41:10.022148  9329 work_track.cpp:102] Succeeded to set track lock for frame 98
I1014 15:41:10.022187  9329 work_track.cpp:116] Succeeded to release track lock for frame 98
I1014 15:41:10.022202  9329 work_track.cpp:120] Track results of frame 98: 1 objects input, 1 objects tracked!
I1014 15:41:10.022219  9329 work_track.cpp:148] Frame: 98, track bbox: [119 x 169 from (226.265, 148.815)], gid: 0, lid: 0
I1014 15:41:10.022256  9329 work_thread.hpp:87]  [T-Work-Detect_0] Frame :98 split
I1014 15:41:10.022274  9329 work_thread.hpp:120]  [T-Work-Detect_0] Valid piece: gid = 0
I1014 15:41:10.022291  9329 work_thread.hpp:91]  [T-Work-Detect_0] Push to split queue:recog
I1014 15:41:10.022333  9330 work_thread.hpp:81]  [T-Work-Recog_0] Run work: WorkCapture
I1014 15:41:10.022337  9332 thread_intergrate.hpp:78] [T-Intergrate-intergrate] queue: frame output frame :98
I1014 15:41:10.022367  9332 thread_intergrate.hpp:85] [T-Intergrate-intergrate] queue: compare output face:0
I1014 15:41:10.022387  9332 thread_intergrate.hpp:144] T-Intergrate-intergrate set matched face: 0
I1014 15:41:10.022934  9330 work_thread.hpp:81]  [T-Work-Recog_0] Run work: WorkRecog
I1014 15:41:10.022960  9330 work_recog.hpp:89] Face id: 0 will run recog: bbox [119 x 169 from (225, 148)] quality: 0.480933
I1014 15:41:10.022994  9330 work_recog.hpp:96] Recog pair: [168 x 240 from (200, 112)], [119 x 169 from (25, 36)]
I1014 15:41:10.023898  9332 thread_intergrate.hpp:188] T-Intergrate-intergrate Show face :0, size :640 * 360
I1014 15:41:10.024489  9328 demo_inner.hpp:435] thread [SORT-0]  frame id 98 sorting queue size 2   FPS: 29.9401
I1014 15:41:10.034168  9327 demo_inner.hpp:260]  gui queue size 2, state = running
I1014 15:41:10.040697  9330 work_thread.hpp:81]  [T-Work-Recog_0] Run work: WorkCompare
I1014 15:41:10.041162  9330 work_compare.cpp:76] Compare face: 0 successed, similarity :0.994533, name : images/ThangLMb.jpg, normal size : 1548 * 1719!
I1014 15:41:10.051265  9326 demo_inner.hpp:177] decode queue size 0
I1014 15:41:10.051365  9329 work_thread.hpp:81]  [T-Work-Detect_0] Run work: WorkDetect
I1014 15:41:10.051403  9329 work_detect.cpp:102] Succeeded to add det start for frame 99
I1014 15:41:10.057968  9329 work_detect.cpp:70] Frame :99 detect result :1 face(s)
I1014 15:41:10.058008  9329 work_detect.cpp:86] Detected bbox: [115 x 166 from (227, 150)]
I1014 15:41:10.058051  9329 work_detect.cpp:120] Succeeded to add det end for frame 99
I1014 15:41:10.058068  9329 work_thread.hpp:81]  [T-Work-Detect_0] Run work: WrokTrack
I1014 15:41:10.058094  9329 work_track.cpp:82] Frame: 99 build input_characts: [0.179688 x 0.461111 from (0.354688, 0.416667)], 0.998877, 0
I1014 15:41:10.058151  9329 work_track.cpp:102] Succeeded to set track lock for frame 99
I1014 15:41:10.058188  9329 work_track.cpp:116] Succeeded to release track lock for frame 99
I1014 15:41:10.058202  9329 work_track.cpp:120] Track results of frame 99: 1 objects input, 1 objects tracked!
I1014 15:41:10.058220  9329 work_track.cpp:148] Frame: 99, track bbox: [115 x 166 from (226.543, 149.712)], gid: 0, lid: 0
I1014 15:41:10.058257  9329 work_thread.hpp:87]  [T-Work-Detect_0] Frame :99 split
I1014 15:41:10.058275  9329 work_thread.hpp:120]  [T-Work-Detect_0] Valid piece: gid = 0
I1014 15:41:10.058295  9329 work_thread.hpp:91]  [T-Work-Detect_0] Push to split queue:recog
I1014 15:41:10.058333  9330 work_thread.hpp:81]  [T-Work-Recog_0] Run work: WorkCapture
I1014 15:41:10.058338  9332 thread_intergrate.hpp:78] [T-Intergrate-intergrate] queue: frame output frame :99
I1014 15:41:10.058364  9332 thread_intergrate.hpp:85] [T-Intergrate-intergrate] queue: compare output face:0
I1014 15:41:10.058383  9332 thread_intergrate.hpp:144] T-Intergrate-intergrate set matched face: 0
I1014 15:41:10.058904  9330 work_thread.hpp:81]  [T-Work-Recog_0] Run work: WorkRecog
I1014 15:41:10.058929  9330 work_recog.hpp:89] Face id: 0 will run recog: bbox [115 x 166 from (227, 150)] quality: 0.479149
I1014 15:41:10.058957  9330 work_recog.hpp:96] Recog pair: [168 x 240 from (200, 112)], [115 x 166 from (27, 38)]
I1014 15:41:10.059880  9332 thread_intergrate.hpp:188] T-Intergrate-intergrate Show face :0, size :640 * 360
I1014 15:41:10.060515  9328 demo_inner.hpp:435] thread [SORT-0]  frame id 99 sorting queue size 0   FPS: 29.9252
I1014 15:41:10.076398  9330 work_thread.hpp:81]  [T-Work-Recog_0] Run work: WorkCompare
I1014 15:41:10.076860  9330 work_compare.cpp:76] Compare face: 0 successed, similarity :0.996572, name : images/ThangLMb.jpg, normal size : 1548 * 1719!
I1014 15:41:10.081663  9326 demo_inner.hpp:177] decode queue size 0
I1014 15:41:10.081756  9329 work_thread.hpp:81]  [T-Work-Detect_0] Run work: WorkDetect
I1014 15:41:10.081789  9329 work_detect.cpp:102] Succeeded to add det start for frame 100
I1014 15:41:10.088338  9329 work_detect.cpp:70] Frame :100 detect result :1 face(s)
I1014 15:41:10.088378  9329 work_detect.cpp:86] Detected bbox: [116 x 165 from (226, 151)]
I1014 15:41:10.088421  9329 work_detect.cpp:120] Succeeded to add det end for frame 100
I1014 15:41:10.088436  9329 work_thread.hpp:81]  [T-Work-Detect_0] Run work: WrokTrack
I1014 15:41:10.088461  9329 work_track.cpp:82] Frame: 100 build input_characts: [0.18125 x 0.458333 from (0.353125, 0.419444)], 0.999622, 0
I1014 15:41:10.088517  9329 work_track.cpp:102] Succeeded to set track lock for frame 100
I1014 15:41:10.088555  9329 work_track.cpp:116] Succeeded to release track lock for frame 100
I1014 15:41:10.088569  9329 work_track.cpp:120] Track results of frame 100: 1 objects input, 1 objects tracked!
I1014 15:41:10.088587  9329 work_track.cpp:148] Frame: 100, track bbox: [116 x 165 from (225.94, 150.926)], gid: 0, lid: 0
I1014 15:41:10.088624  9329 work_thread.hpp:87]  [T-Work-Detect_0] Frame :100 split
I1014 15:41:10.088716  9329 work_thread.hpp:120]  [T-Work-Detect_0] Valid piece: gid = 0
I1014 15:41:10.088735  9329 work_thread.hpp:91]  [T-Work-Detect_0] Push to split queue:recog
I1014 15:41:10.088781  9331 work_thread.hpp:81]  [T-Work-Recog_1] Run work: WorkCapture
I1014 15:41:10.088788  9332 thread_intergrate.hpp:78] [T-Intergrate-intergrate] queue: frame output frame :100
I1014 15:41:10.088814  9332 thread_intergrate.hpp:85] [T-Intergrate-intergrate] queue: compare output face:0
I1014 15:41:10.088831  9332 thread_intergrate.hpp:144] T-Intergrate-intergrate set matched face: 0
I1014 15:41:10.089440  9331 work_thread.hpp:81]  [T-Work-Recog_1] Run work: WorkRecog
I1014 15:41:10.089476  9331 work_recog.hpp:89] Face id: 0 will run recog: bbox [116 x 165 from (226, 151)] quality: 0.479149
I1014 15:41:10.089512  9331 work_recog.hpp:96] Recog pair: [168 x 240 from (200, 112)], [116 x 165 from (26, 39)]
I1014 15:41:10.090313  9332 thread_intergrate.hpp:188] T-Intergrate-intergrate Show face :0, size :640 * 360
I1014 15:41:10.090899  9328 demo_inner.hpp:435] thread [SORT-0]  frame id 100 sorting queue size 1   FPS: 29.9252
I1014 15:41:10.101481  9327 demo_inner.hpp:260]  gui queue size 1, state = running
I1014 15:41:10.107625  9331 work_thread.hpp:81]  [T-Work-Recog_1] Run work: WorkCompare
I1014 15:41:10.108283  9331 work_compare.cpp:76] Compare face: 0 successed, similarity :0.995717, name : images/ThangLMb.jpg, normal size : 1548 * 1719!
I1014 15:41:10.117274  9326 demo_inner.hpp:177] decode queue size 0
I1014 15:41:10.117372  9329 work_thread.hpp:81]  [T-Work-Detect_0] Run work: WorkDetect
I1014 15:41:10.117409  9329 work_detect.cpp:102] Succeeded to add det start for frame 101
I1014 15:41:10.123898  9329 work_detect.cpp:70] Frame :101 detect result :1 face(s)
I1014 15:41:10.123941  9329 work_detect.cpp:86] Detected bbox: [116 x 164 from (226, 152)]
I1014 15:41:10.123984  9329 work_detect.cpp:120] Succeeded to add det end for frame 101
I1014 15:41:10.124001  9329 work_thread.hpp:81]  [T-Work-Detect_0] Run work: WrokTrack
I1014 15:41:10.124025  9329 work_track.cpp:82] Frame: 101 build input_characts: [0.18125 x 0.455556 from (0.353125, 0.422222)], 0.999622, 0
I1014 15:41:10.124081  9329 work_track.cpp:102] Succeeded to set track lock for frame 101
I1014 15:41:10.124121  9329 work_track.cpp:116] Succeeded to release track lock for frame 101
I1014 15:41:10.124135  9329 work_track.cpp:120] Track results of frame 101: 1 objects input, 1 objects tracked!
I1014 15:41:10.124152  9329 work_track.cpp:148] Frame: 101, track bbox: [116 x 164 from (224.703, 152.327)], gid: 0, lid: 0
I1014 15:41:10.124208  9329 work_thread.hpp:87]  [T-Work-Detect_0] Frame :101 split
I1014 15:41:10.124227  9329 work_thread.hpp:120]  [T-Work-Detect_0] Valid piece: gid = 0
I1014 15:41:10.124244  9329 work_thread.hpp:91]  [T-Work-Detect_0] Push to split queue:recog
I1014 15:41:10.124289  9332 thread_intergrate.hpp:78] [T-Intergrate-intergrate] queue: frame output frame :101
I1014 15:41:10.124292  9330 work_thread.hpp:81]  [T-Work-Recog_0] Run work: WorkCapture
I1014 15:41:10.124316  9332 thread_intergrate.hpp:85] [T-Intergrate-intergrate] queue: compare output face:0
I1014 15:41:10.124336  9332 thread_intergrate.hpp:144] T-Intergrate-intergrate set matched face: 0
I1014 15:41:10.124876  9330 work_thread.hpp:81]  [T-Work-Recog_0] Run work: WorkRecog
I1014 15:41:10.124902  9330 work_recog.hpp:89] Face id: 0 will run recog: bbox [116 x 164 from (226, 152)] quality: 0.479149
I1014 15:41:10.124934  9330 work_recog.hpp:96] Recog pair: [168 x 232 from (200, 120)], [116 x 164 from (26, 32)]
I1014 15:41:10.125838  9332 thread_intergrate.hpp:188] T-Intergrate-intergrate Show face :0, size :640 * 360
I1014 15:41:10.126616  9328 demo_inner.hpp:435] thread [SORT-0]  frame id 101 sorting queue size 0   FPS: 29.9401
I1014 15:41:10.142580  9330 work_thread.hpp:81]  [T-Work-Recog_0] Run work: WorkCompare
I1014 15:41:10.143045  9330 work_compare.cpp:76] Compare face: 0 successed, similarity :0.997082, name : images/ThangLMb.jpg, normal size : 1548 * 1719!
I1014 15:41:10.147521  9326 demo_inner.hpp:177] decode queue size 0
I1014 15:41:10.147605  9329 work_thread.hpp:81]  [T-Work-Detect_0] Run work: WorkDetect
I1014 15:41:10.147639  9329 work_detect.cpp:102] Succeeded to add det start for frame 102
I1014 15:41:10.154150  9329 work_detect.cpp:70] Frame :102 detect result :1 face(s)
I1014 15:41:10.154188  9329 work_detect.cpp:86] Detected bbox: [114 x 163 from (227, 152)]
I1014 15:41:10.154230  9329 work_detect.cpp:120] Succeeded to add det end for frame 102
I1014 15:41:10.154247  9329 work_thread.hpp:81]  [T-Work-Detect_0] Run work: WrokTrack
I1014 15:41:10.154271  9329 work_track.cpp:82] Frame: 102 build input_characts: [0.178125 x 0.452778 from (0.354688, 0.422222)], 0.99799, 0
I1014 15:41:10.154326  9329 work_track.cpp:102] Succeeded to set track lock for frame 102
I1014 15:41:10.154363  9329 work_track.cpp:116] Succeeded to release track lock for frame 102
I1014 15:41:10.154378  9329 work_track.cpp:120] Track results of frame 102: 1 objects input, 1 objects tracked!
I1014 15:41:10.154397  9329 work_track.cpp:148] Frame: 102, track bbox: [114 x 163 from (226.819, 152.571)], gid: 0, lid: 0
I1014 15:41:10.154433  9329 work_thread.hpp:87]  [T-Work-Detect_0] Frame :102 split
I1014 15:41:10.154451  9329 work_thread.hpp:120]  [T-Work-Detect_0] Valid piece: gid = 0
I1014 15:41:10.154469  9329 work_thread.hpp:91]  [T-Work-Detect_0] Push to split queue:recog
I1014 15:41:10.154516  9331 work_thread.hpp:81]  [T-Work-Recog_1] Run work: WorkCapture
I1014 15:41:10.154522  9332 thread_intergrate.hpp:78] [T-Intergrate-intergrate] queue: frame output frame :102
I1014 15:41:10.154548  9332 thread_intergrate.hpp:85] [T-Intergrate-intergrate] queue: compare output face:0
I1014 15:41:10.154567  9332 thread_intergrate.hpp:144] T-Intergrate-intergrate set matched face: 0
I1014 15:41:10.155125  9331 work_thread.hpp:81]  [T-Work-Recog_1] Run work: WorkRecog
I1014 15:41:10.155151  9331 work_recog.hpp:89] Face id: 0 will run recog: bbox [114 x 163 from (227, 152)] quality: 0.478343
I1014 15:41:10.155206  9331 work_recog.hpp:96] Recog pair: [168 x 232 from (200, 120)], [114 x 163 from (27, 32)]
I1014 15:41:10.156042  9332 thread_intergrate.hpp:188] T-Intergrate-intergrate Show face :0, size :640 * 360
I1014 15:41:10.156600  9328 demo_inner.hpp:435] thread [SORT-0]  frame id 102 sorting queue size 1   FPS: 29.9401
I1014 15:41:10.173038  9331 work_thread.hpp:81]  [T-Work-Recog_1] Run work: WorkCompare
I1014 15:41:10.173614  9331 work_compare.cpp:76] Compare face: 0 successed, similarity :0.996323, name : images/ThangLMb.jpg, normal size : 1548 * 1719!
I1014 15:41:10.173828  9327 demo_inner.hpp:260]  gui queue size 1, state = running
I1014 15:41:10.183431  9326 demo_inner.hpp:177] decode queue size 0
I1014 15:41:10.183537  9329 work_thread.hpp:81]  [T-Work-Detect_0] Run work: WorkDetect
I1014 15:41:10.183573  9329 work_detect.cpp:102] Succeeded to add det start for frame 103
I1014 15:41:10.190183  9329 work_detect.cpp:70] Frame :103 detect result :1 face(s)
I1014 15:41:10.190235  9329 work_detect.cpp:86] Detected bbox: [117 x 165 from (226, 151)]
I1014 15:41:10.190282  9329 work_detect.cpp:120] Succeeded to add det end for frame 103
I1014 15:41:10.190299  9329 work_thread.hpp:81]  [T-Work-Detect_0] Run work: WrokTrack
I1014 15:41:10.190325  9329 work_track.cpp:82] Frame: 103 build input_characts: [0.182812 x 0.458333 from (0.353125, 0.419444)], 0.999622, 0
I1014 15:41:10.190383  9329 work_track.cpp:102] Succeeded to set track lock for frame 103
I1014 15:41:10.190423  9329 work_track.cpp:116] Succeeded to release track lock for frame 103
I1014 15:41:10.190438  9329 work_track.cpp:120] Track results of frame 103: 1 objects input, 1 objects tracked!
I1014 15:41:10.190454  9329 work_track.cpp:148] Frame: 103, track bbox: [117 x 165 from (225.676, 151.34)], gid: 0, lid: 0
I1014 15:41:10.190492  9329 work_thread.hpp:87]  [T-Work-Detect_0] Frame :103 split
I1014 15:41:10.190510  9329 work_thread.hpp:120]  [T-Work-Detect_0] Valid piece: gid = 0
I1014 15:41:10.190528  9329 work_thread.hpp:91]  [T-Work-Detect_0] Push to split queue:recog
I1014 15:41:10.190654  9332 thread_intergrate.hpp:78] [T-Intergrate-intergrate] queue: frame output frame :103
I1014 15:41:10.190655  9330 work_thread.hpp:81]  [T-Work-Recog_0] Run work: WorkCapture
I1014 15:41:10.190683  9332 thread_intergrate.hpp:85] [T-Intergrate-intergrate] queue: compare output face:0
I1014 15:41:10.190703  9332 thread_intergrate.hpp:144] T-Intergrate-intergrate set matched face: 0
I1014 15:41:10.191244  9330 work_thread.hpp:81]  [T-Work-Recog_0] Run work: WorkRecog
I1014 15:41:10.191269  9330 work_recog.hpp:89] Face id: 0 will run recog: bbox [117 x 165 from (226, 151)] quality: 0.471724
I1014 15:41:10.191300  9330 work_recog.hpp:96] Recog pair: [168 x 240 from (200, 112)], [117 x 165 from (26, 39)]
I1014 15:41:10.192219  9332 thread_intergrate.hpp:188] T-Intergrate-intergrate Show face :0, size :640 * 360
I1014 15:41:10.192812  9328 demo_inner.hpp:435] thread [SORT-0]  frame id 103 sorting queue size 0   FPS: 29.9252
I1014 15:41:10.208792  9330 work_thread.hpp:81]  [T-Work-Recog_0] Run work: WorkCompare
I1014 15:41:10.209255  9330 work_compare.cpp:76] Compare face: 0 successed, similarity :0.996747, name : images/ThangLMb.jpg, normal size : 1548 * 1719!
I1014 15:41:10.213685  9326 demo_inner.hpp:177] decode queue size 0
I1014 15:41:10.213793  9329 work_thread.hpp:81]  [T-Work-Detect_0] Run work: WorkDetect
I1014 15:41:10.213825  9329 work_detect.cpp:102] Succeeded to add det start for frame 104
I1014 15:41:10.220412  9329 work_detect.cpp:70] Frame :104 detect result :1 face(s)
I1014 15:41:10.220446  9329 work_detect.cpp:86] Detected bbox: [117 x 168 from (226, 149)]
I1014 15:41:10.220489  9329 work_detect.cpp:120] Succeeded to add det end for frame 104
I1014 15:41:10.220504  9329 work_thread.hpp:81]  [T-Work-Detect_0] Run work: WrokTrack
I1014 15:41:10.220530  9329 work_track.cpp:82] Frame: 104 build input_characts: [0.182812 x 0.466667 from (0.353125, 0.413889)], 0.999622, 0
I1014 15:41:10.220584  9329 work_track.cpp:102] Succeeded to set track lock for frame 104
I1014 15:41:10.220623  9329 work_track.cpp:116] Succeeded to release track lock for frame 104
I1014 15:41:10.220638  9329 work_track.cpp:120] Track results of frame 104: 1 objects input, 1 objects tracked!
I1014 15:41:10.220655  9329 work_track.cpp:148] Frame: 104, track bbox: [117 x 168 from (225.863, 149.38)], gid: 0, lid: 0
I1014 15:41:10.220692  9329 work_thread.hpp:87]  [T-Work-Detect_0] Frame :104 split
I1014 15:41:10.220710  9329 work_thread.hpp:120]  [T-Work-Detect_0] Valid piece: gid = 0
I1014 15:41:10.220728  9329 work_thread.hpp:91]  [T-Work-Detect_0] Push to split queue:recog
I1014 15:41:10.220782  9332 thread_intergrate.hpp:78] [T-Intergrate-intergrate] queue: frame output frame :104
I1014 15:41:10.220783  9331 work_thread.hpp:81]  [T-Work-Recog_1] Run work: WorkCapture
I1014 15:41:10.220810  9332 thread_intergrate.hpp:85] [T-Intergrate-intergrate] queue: compare output face:0
I1014 15:41:10.220829  9332 thread_intergrate.hpp:144] T-Intergrate-intergrate set matched face: 0
I1014 15:41:10.221458  9331 work_thread.hpp:81]  [T-Work-Recog_1] Run work: WorkRecog
I1014 15:41:10.221487  9331 work_recog.hpp:89] Face id: 0 will run recog: bbox [117 x 168 from (226, 149)] quality: 0.462443
I1014 15:41:10.221524  9331 work_recog.hpp:96] Recog pair: [168 x 240 from (200, 112)], [117 x 168 from (26, 37)]
I1014 15:41:10.222314  9332 thread_intergrate.hpp:188] T-Intergrate-intergrate Show face :0, size :640 * 360
I1014 15:41:10.222817  9328 demo_inner.hpp:435] thread [SORT-0]  frame id 104 sorting queue size 1   FPS: 29.9401
I1014 15:41:10.239437  9331 work_thread.hpp:81]  [T-Work-Recog_1] Run work: WorkCompare
I1014 15:41:10.240027  9331 work_compare.cpp:76] Compare face: 0 successed, similarity :0.997146, name : images/ThangLMb.jpg, normal size : 1548 * 1719!
I1014 15:41:10.249346  9326 demo_inner.hpp:177] decode queue size 0
I1014 15:41:10.249460  9329 work_thread.hpp:81]  [T-Work-Detect_0] Run work: WorkDetect
I1014 15:41:10.249498  9329 work_detect.cpp:102] Succeeded to add det start for frame 105
I1014 15:41:10.256091  9329 work_detect.cpp:70] Frame :105 detect result :1 face(s)
I1014 15:41:10.256135  9329 work_detect.cpp:86] Detected bbox: [125 x 167 from (228, 149)]
I1014 15:41:10.256189  9329 work_detect.cpp:120] Succeeded to add det end for frame 105
I1014 15:41:10.256206  9329 work_thread.hpp:81]  [T-Work-Detect_0] Run work: WrokTrack
I1014 15:41:10.256232  9329 work_track.cpp:82] Frame: 105 build input_characts: [0.195312 x 0.463889 from (0.35625, 0.413889)], 0.999622, 0
I1014 15:41:10.256287  9329 work_track.cpp:102] Succeeded to set track lock for frame 105
I1014 15:41:10.256327  9329 work_track.cpp:116] Succeeded to release track lock for frame 105
I1014 15:41:10.256341  9329 work_track.cpp:120] Track results of frame 105: 1 objects input, 1 objects tracked!
I1014 15:41:10.256359  9329 work_track.cpp:148] Frame: 105, track bbox: [125 x 167 from (225.227, 149.262)], gid: 0, lid: 0
I1014 15:41:10.256395  9329 work_thread.hpp:87]  [T-Work-Detect_0] Frame :105 split
I1014 15:41:10.256413  9329 work_thread.hpp:120]  [T-Work-Detect_0] Valid piece: gid = 0
I1014 15:41:10.256431  9329 work_thread.hpp:91]  [T-Work-Detect_0] Push to split queue:recog
I1014 15:41:10.256474  9330 work_thread.hpp:81]  [T-Work-Recog_0] Run work: WorkCapture
I1014 15:41:10.256476  9332 thread_intergrate.hpp:78] [T-Intergrate-intergrate] queue: frame output frame :105
I1014 15:41:10.256520  9332 thread_intergrate.hpp:85] [T-Intergrate-intergrate] queue: compare output face:0
I1014 15:41:10.256539  9332 thread_intergrate.hpp:144] T-Intergrate-intergrate set matched face: 0
I1014 15:41:10.257053  9330 work_thread.hpp:81]  [T-Work-Recog_0] Run work: WorkRecog
I1014 15:41:10.257077  9330 work_recog.hpp:89] Face id: 0 will run recog: bbox [125 x 167 from (228, 149)] quality: 0.458304
I1014 15:41:10.257109  9330 work_recog.hpp:96] Recog pair: [184 x 240 from (200, 112)], [125 x 167 from (28, 37)]
I1014 15:41:10.258025  9332 thread_intergrate.hpp:188] T-Intergrate-intergrate Show face :0, size :640 * 360
I1014 15:41:10.258626  9328 demo_inner.hpp:435] thread [SORT-0]  frame id 105 sorting queue size 2   FPS: 29.9401
I1014 15:41:10.274091  9327 demo_inner.hpp:260]  gui queue size 2, state = running
I1014 15:41:10.274549  9330 work_thread.hpp:81]  [T-Work-Recog_0] Run work: WorkCompare
I1014 15:41:10.274987  9330 work_compare.cpp:76] Compare face: 0 successed, similarity :0.995544, name : images/ThangLMb.jpg, normal size : 1548 * 1719!
I1014 15:41:10.285472  9326 demo_inner.hpp:177] decode queue size 0
I1014 15:41:10.285579  9329 work_thread.hpp:81]  [T-Work-Detect_0] Run work: WorkDetect
I1014 15:41:10.285617  9329 work_detect.cpp:102] Succeeded to add det start for frame 106
I1014 15:41:10.292253  9329 work_detect.cpp:70] Frame :106 detect result :1 face(s)
I1014 15:41:10.292296  9329 work_detect.cpp:86] Detected bbox: [113 x 164 from (227, 151)]
I1014 15:41:10.292337  9329 work_detect.cpp:120] Succeeded to add det end for frame 106
I1014 15:41:10.292354  9329 work_thread.hpp:81]  [T-Work-Detect_0] Run work: WrokTrack
I1014 15:41:10.292379  9329 work_track.cpp:82] Frame: 106 build input_characts: [0.176563 x 0.455556 from (0.354688, 0.419444)], 0.999622, 0
I1014 15:41:10.292434  9329 work_track.cpp:102] Succeeded to set track lock for frame 106
I1014 15:41:10.292474  9329 work_track.cpp:116] Succeeded to release track lock for frame 106
I1014 15:41:10.292488  9329 work_track.cpp:120] Track results of frame 106: 1 objects input, 1 objects tracked!
I1014 15:41:10.292505  9329 work_track.cpp:148] Frame: 106, track bbox: [113 x 164 from (229.879, 150.639)], gid: 0, lid: 0
I1014 15:41:10.292542  9329 work_thread.hpp:87]  [T-Work-Detect_0] Frame :106 split
I1014 15:41:10.292560  9329 work_thread.hpp:120]  [T-Work-Detect_0] Valid piece: gid = 0
I1014 15:41:10.292578  9329 work_thread.hpp:91]  [T-Work-Detect_0] Push to split queue:recog
I1014 15:41:10.292623  9332 thread_intergrate.hpp:78] [T-Intergrate-intergrate] queue: frame output frame :106
I1014 15:41:10.292623  9330 work_thread.hpp:81]  [T-Work-Recog_0] Run work: WorkCapture
I1014 15:41:10.292652  9332 thread_intergrate.hpp:85] [T-Intergrate-intergrate] queue: compare output face:0
I1014 15:41:10.292743  9332 thread_intergrate.hpp:144] T-Intergrate-intergrate set matched face: 0
I1014 15:41:10.293289  9330 work_thread.hpp:81]  [T-Work-Recog_0] Run work: WorkRecog
I1014 15:41:10.293315  9330 work_recog.hpp:89] Face id: 0 will run recog: bbox [113 x 164 from (227, 151)] quality: 0.44083
I1014 15:41:10.293346  9330 work_recog.hpp:96] Recog pair: [168 x 240 from (200, 112)], [113 x 164 from (27, 39)]
I1014 15:41:10.294214  9332 thread_intergrate.hpp:188] T-Intergrate-intergrate Show face :0, size :640 * 360
I1014 15:41:10.294806  9328 demo_inner.hpp:435] thread [SORT-0]  frame id 106 sorting queue size 0   FPS: 29.9252
I1014 15:41:10.310896  9330 work_thread.hpp:81]  [T-Work-Recog_0] Run work: WorkCompare
I1014 15:41:10.311358  9330 work_compare.cpp:76] Compare face: 0 successed, similarity :0.996899, name : images/ThangLMb.jpg, normal size : 1548 * 1719!
I1014 15:41:10.315523  9326 demo_inner.hpp:177] decode queue size 0
I1014 15:41:10.315608  9329 work_thread.hpp:81]  [T-Work-Detect_0] Run work: WorkDetect
I1014 15:41:10.315644  9329 work_detect.cpp:102] Succeeded to add det start for frame 107
I1014 15:41:10.322180  9329 work_detect.cpp:70] Frame :107 detect result :1 face(s)
I1014 15:41:10.322219  9329 work_detect.cpp:86] Detected bbox: [114 x 163 from (227, 152)]
I1014 15:41:10.322263  9329 work_detect.cpp:120] Succeeded to add det end for frame 107
I1014 15:41:10.322279  9329 work_thread.hpp:81]  [T-Work-Detect_0] Run work: WrokTrack
I1014 15:41:10.322302  9329 work_track.cpp:82] Frame: 107 build input_characts: [0.178125 x 0.452778 from (0.354688, 0.422222)], 1.00019, 0
I1014 15:41:10.322357  9329 work_track.cpp:102] Succeeded to set track lock for frame 107
I1014 15:41:10.322396  9329 work_track.cpp:116] Succeeded to release track lock for frame 107
I1014 15:41:10.322412  9329 work_track.cpp:120] Track results of frame 107: 1 objects input, 1 objects tracked!
I1014 15:41:10.322429  9329 work_track.cpp:148] Frame: 107, track bbox: [114 x 163 from (228.413, 151.517)], gid: 0, lid: 0
I1014 15:41:10.322465  9329 work_thread.hpp:87]  [T-Work-Detect_0] Frame :107 split
I1014 15:41:10.322484  9329 work_thread.hpp:120]  [T-Work-Detect_0] Valid piece: gid = 0
I1014 15:41:10.322501  9329 work_thread.hpp:91]  [T-Work-Detect_0] Push to split queue:recog
I1014 15:41:10.322544  9331 work_thread.hpp:81]  [T-Work-Recog_1] Run work: WorkCapture
I1014 15:41:10.322553  9332 thread_intergrate.hpp:78] [T-Intergrate-intergrate] queue: frame output frame :107
I1014 15:41:10.322579  9332 thread_intergrate.hpp:85] [T-Intergrate-intergrate] queue: compare output face:0
I1014 15:41:10.322598  9332 thread_intergrate.hpp:144] T-Intergrate-intergrate set matched face: 0
I1014 15:41:10.323164  9331 work_thread.hpp:81]  [T-Work-Recog_1] Run work: WorkRecog
I1014 15:41:10.323191  9331 work_recog.hpp:89] Face id: 0 will run recog: bbox [114 x 163 from (227, 152)] quality: 0.454922
I1014 15:41:10.323223  9331 work_recog.hpp:96] Recog pair: [168 x 232 from (200, 120)], [114 x 163 from (27, 32)]
I1014 15:41:10.324054  9332 thread_intergrate.hpp:188] T-Intergrate-intergrate Show face :0, size :640 * 360
I1014 15:41:10.324609  9328 demo_inner.hpp:435] thread [SORT-0]  frame id 107 sorting queue size 1   FPS: 29.9401
I1014 15:41:10.341030  9331 work_thread.hpp:81]  [T-Work-Recog_1] Run work: WorkCompare
I1014 15:41:10.341524  9327 demo_inner.hpp:260]  gui queue size 1, state = running
I1014 15:41:10.341668  9331 work_compare.cpp:76] Compare face: 0 successed, similarity :0.99678, name : images/ThangLMb.jpg, normal size : 1548 * 1719!
I1014 15:41:10.351322  9326 demo_inner.hpp:177] decode queue size 0
I1014 15:41:10.351434  9329 work_thread.hpp:81]  [T-Work-Detect_0] Run work: WorkDetect
I1014 15:41:10.351472  9329 work_detect.cpp:102] Succeeded to add det start for frame 108
I1014 15:41:10.357986  9329 work_detect.cpp:70] Frame :108 detect result :1 face(s)
I1014 15:41:10.358031  9329 work_detect.cpp:86] Detected bbox: [113 x 163 from (227, 153)]
I1014 15:41:10.358150  9329 work_detect.cpp:120] Succeeded to add det end for frame 108
I1014 15:41:10.358167  9329 work_thread.hpp:81]  [T-Work-Detect_0] Run work: WrokTrack
I1014 15:41:10.358192  9329 work_track.cpp:82] Frame: 108 build input_characts: [0.176563 x 0.452778 from (0.354688, 0.425)], 0.999622, 0
I1014 15:41:10.358248  9329 work_track.cpp:102] Succeeded to set track lock for frame 108
I1014 15:41:10.358287  9329 work_track.cpp:116] Succeeded to release track lock for frame 108
I1014 15:41:10.358302  9329 work_track.cpp:120] Track results of frame 108: 1 objects input, 1 objects tracked!
I1014 15:41:10.358319  9329 work_track.cpp:148] Frame: 108, track bbox: [113 x 163 from (227.624, 152.342)], gid: 0, lid: 0
I1014 15:41:10.358355  9329 work_thread.hpp:87]  [T-Work-Detect_0] Frame :108 split
I1014 15:41:10.358373  9329 work_thread.hpp:120]  [T-Work-Detect_0] Valid piece: gid = 0
I1014 15:41:10.358392  9329 work_thread.hpp:91]  [T-Work-Detect_0] Push to split queue:recog
I1014 15:41:10.358438  9332 thread_intergrate.hpp:78] [T-Intergrate-intergrate] queue: frame output frame :108
I1014 15:41:10.358440  9330 work_thread.hpp:81]  [T-Work-Recog_0] Run work: WorkCapture
I1014 15:41:10.358467  9332 thread_intergrate.hpp:85] [T-Intergrate-intergrate] queue: compare output face:0
I1014 15:41:10.358485  9332 thread_intergrate.hpp:144] T-Intergrate-intergrate set matched face: 0
I1014 15:41:10.359026  9330 work_thread.hpp:81]  [T-Work-Recog_0] Run work: WorkRecog
I1014 15:41:10.359051  9330 work_recog.hpp:89] Face id: 0 will run recog: bbox [113 x 163 from (227, 153)] quality: 0.459007
I1014 15:41:10.359086  9330 work_recog.hpp:96] Recog pair: [168 x 232 from (200, 120)], [113 x 163 from (27, 33)]
I1014 15:41:10.359971  9332 thread_intergrate.hpp:188] T-Intergrate-intergrate Show face :0, size :640 * 360
I1014 15:41:10.360620  9328 demo_inner.hpp:435] thread [SORT-0]  frame id 108 sorting queue size 0   FPS: 29.9252
I1014 15:41:10.376579  9330 work_thread.hpp:81]  [T-Work-Recog_0] Run work: WorkCompare
I1014 15:41:10.377044  9330 work_compare.cpp:76] Compare face: 0 successed, similarity :0.993762, name : images/ThangLMb.jpg, normal size : 1548 * 1719!
I1014 15:41:10.381698  9326 demo_inner.hpp:177] decode queue size 0
I1014 15:41:10.381796  9329 work_thread.hpp:81]  [T-Work-Detect_0] Run work: WorkDetect
I1014 15:41:10.381831  9329 work_detect.cpp:102] Succeeded to add det start for frame 109
I1014 15:41:10.388437  9329 work_detect.cpp:70] Frame :109 detect result :1 face(s)
I1014 15:41:10.388478  9329 work_detect.cpp:86] Detected bbox: [119 x 164 from (224, 153)]
I1014 15:41:10.388521  9329 work_detect.cpp:120] Succeeded to add det end for frame 109
I1014 15:41:10.388538  9329 work_thread.hpp:81]  [T-Work-Detect_0] Run work: WrokTrack
I1014 15:41:10.388563  9329 work_track.cpp:82] Frame: 109 build input_characts: [0.185937 x 0.455556 from (0.35, 0.425)], 1.00019, 0
