I1014 10:58:35.904465  4576 thread_intergrate.hpp:158] T-Intergrate-intergrate Show face :0, size :640 * 360
I1014 10:58:35.905002  4572 demo_inner.hpp:435] thread [SORT-0]  frame id 118 sorting queue size 2   FPS: 29.9551
I1014 10:58:35.910553  4571 demo_inner.hpp:260]  gui queue size 2, state = running
I1014 10:58:35.922374  4574 work_thread.hpp:81]  [T-Work-Recog_0] Run work: WorkCompare
I1014 10:58:35.922518  4574 work_compare.cpp:76] Compare face: 0 successed, similarity :0.969319, name : images/thanglmb.jpg, normal size : 640 * 360!
I1014 10:58:35.933734  4570 demo_inner.hpp:177] decode queue size 0
I1014 10:58:35.933933  4573 work_thread.hpp:81]  [T-Work-Detect_0] Run work: WorkDetect
I1014 10:58:35.933969  4573 work_detect.cpp:102] Succeeded to add det start for frame 119
I1014 10:58:35.941128  4573 work_detect.cpp:70] Frame :119 detect result :1 face(s)
I1014 10:58:35.941182  4573 work_detect.cpp:86] Detected bbox: [180 x 224 from (299, 131)]
I1014 10:58:35.941226  4573 work_detect.cpp:120] Succeeded to add det end for frame 119
I1014 10:58:35.941242  4573 work_thread.hpp:81]  [T-Work-Detect_0] Run work: WrokTrack
I1014 10:58:35.941267  4573 work_track.cpp:82] Frame: 119 build input_characts: [0.28125 x 0.622222 from (0.467187, 0.363889)], 1.00019, 0
I1014 10:58:35.941323  4573 work_track.cpp:102] Succeeded to set track lock for frame 119
I1014 10:58:35.941361  4573 work_track.cpp:116] Succeeded to release track lock for frame 119
I1014 10:58:35.941376  4573 work_track.cpp:120] Track results of frame 119: 1 objects input, 1 objects tracked!
I1014 10:58:35.941393  4573 work_track.cpp:148] Frame: 119, track bbox: [180 x 224 from (295.281, 129.35)], gid: 0, lid: 0
I1014 10:58:35.941429  4573 work_thread.hpp:88]  [T-Work-Detect_0] Frame :119 split
I1014 10:58:35.941447  4573 work_thread.hpp:120]  [T-Work-Detect_0] Valid piece: gid = 0
I1014 10:58:35.941464  4573 work_thread.hpp:92]  [T-Work-Detect_0] Push to split queue:recog
I1014 10:58:35.941519  4576 thread_intergrate.hpp:78] [T-Intergrate-intergrate] queue: frame output frame :119
I1014 10:58:35.941519  4574 work_thread.hpp:81]  [T-Work-Recog_0] Run work: WorkCapture
I1014 10:58:35.941555  4576 thread_intergrate.hpp:85] [T-Intergrate-intergrate] queue: compare output face:0
I1014 10:58:35.941572  4576 thread_intergrate.hpp:138] T-Intergrate-intergrate set matched face: 0
I1014 10:58:35.942164  4574 work_thread.hpp:81]  [T-Work-Recog_0] Run work: WorkRecog
I1014 10:58:35.942188  4574 work_recog.hpp:89] Face id: 0 will run recog: bbox [180 x 224 from (299, 131)] quality: 0.415356
I1014 10:58:35.942236  4574 work_recog.hpp:96] Recog pair: [264 x 280 from (256, 80)], [180 x 224 from (43, 51)]
I1014 10:58:35.942747  4576 thread_intergrate.hpp:158] T-Intergrate-intergrate Show face :0, size :640 * 360
I1014 10:58:35.943287  4572 demo_inner.hpp:435] thread [SORT-0]  frame id 119 sorting queue size 0   FPS: 29.9103
I1014 10:58:35.960494  4574 work_thread.hpp:81]  [T-Work-Recog_0] Run work: WorkCompare
I1014 10:58:35.960605  4574 work_compare.cpp:76] Compare face: 0 successed, similarity :0.950047, name : images/thanglmb.jpg, normal size : 640 * 360!
I1014 10:58:35.963757  4570 demo_inner.hpp:177] decode queue size 0
I1014 10:58:35.963851  4573 work_thread.hpp:81]  [T-Work-Detect_0] Run work: WorkDetect
I1014 10:58:35.963884  4573 work_detect.cpp:102] Succeeded to add det start for frame 120
I1014 10:58:35.970945  4573 work_detect.cpp:70] Frame :120 detect result :1 face(s)
I1014 10:58:35.970999  4573 work_detect.cpp:86] Detected bbox: [183 x 233 from (285, 123)]
I1014 10:58:35.971117  4573 work_detect.cpp:120] Succeeded to add det end for frame 120
I1014 10:58:35.971135  4573 work_thread.hpp:81]  [T-Work-Detect_0] Run work: WrokTrack
I1014 10:58:35.971159  4573 work_track.cpp:82] Frame: 120 build input_characts: [0.285937 x 0.647222 from (0.445312, 0.341667)], 1.00019, 0
I1014 10:58:35.971215  4573 work_track.cpp:102] Succeeded to set track lock for frame 120
I1014 10:58:35.971254  4573 work_track.cpp:116] Succeeded to release track lock for frame 120
I1014 10:58:35.971269  4573 work_track.cpp:120] Track results of frame 120: 1 objects input, 1 objects tracked!
I1014 10:58:35.971287  4573 work_track.cpp:148] Frame: 120, track bbox: [183 x 233 from (288.001, 123.841)], gid: 0, lid: 0
I1014 10:58:35.971323  4573 work_thread.hpp:88]  [T-Work-Detect_0] Frame :120 split
I1014 10:58:35.971340  4573 work_thread.hpp:120]  [T-Work-Detect_0] Valid piece: gid = 0
I1014 10:58:35.971357  4573 work_thread.hpp:92]  [T-Work-Detect_0] Push to split queue:recog
I1014 10:58:35.971408  4576 thread_intergrate.hpp:78] [T-Intergrate-intergrate] queue: frame output frame :120
I1014 10:58:35.971417  4574 work_thread.hpp:81]  [T-Work-Recog_0] Run work: WorkCapture
I1014 10:58:35.971436  4576 thread_intergrate.hpp:85] [T-Intergrate-intergrate] queue: compare output face:0
I1014 10:58:35.971453  4576 thread_intergrate.hpp:138] T-Intergrate-intergrate set matched face: 0
I1014 10:58:35.972000  4574 work_thread.hpp:81]  [T-Work-Recog_0] Run work: WorkRecog
I1014 10:58:35.972026  4574 work_recog.hpp:89] Face id: 0 will run recog: bbox [183 x 233 from (285, 123)] quality: 0.453674
I1014 10:58:35.972056  4574 work_recog.hpp:96] Recog pair: [256 x 288 from (248, 72)], [183 x 233 from (37, 51)]
I1014 10:58:35.972667  4576 thread_intergrate.hpp:158] T-Intergrate-intergrate Show face :0, size :640 * 360
I1014 10:58:35.973186  4572 demo_inner.hpp:435] thread [SORT-0]  frame id 120 sorting queue size 1   FPS: 29.9401
I1014 10:58:35.974107  4571 demo_inner.hpp:260]  gui queue size 1, state = running
I1014 10:58:35.989872  4574 work_thread.hpp:81]  [T-Work-Recog_0] Run work: WorkCompare
I1014 10:58:35.989980  4574 work_compare.cpp:76] Compare face: 0 successed, similarity :0.966226, name : images/thanglmb.jpg, normal size : 640 * 360!
I1014 10:58:35.999727  4570 demo_inner.hpp:177] decode queue size 0
I1014 10:58:35.999866  4573 work_thread.hpp:81]  [T-Work-Detect_0] Run work: WorkDetect
I1014 10:58:35.999902  4573 work_detect.cpp:102] Succeeded to add det start for frame 121
I1014 10:58:36.007136  4573 work_detect.cpp:70] Frame :121 detect result :1 face(s)
I1014 10:58:36.007190  4573 work_detect.cpp:86] Detected bbox: [181 x 235 from (287, 124)]
I1014 10:58:36.007233  4573 work_detect.cpp:120] Succeeded to add det end for frame 121
I1014 10:58:36.007251  4573 work_thread.hpp:81]  [T-Work-Detect_0] Run work: WrokTrack
I1014 10:58:36.007275  4573 work_track.cpp:82] Frame: 121 build input_characts: [0.282813 x 0.652778 from (0.448438, 0.344444)], 1.00019, 0
I1014 10:58:36.007330  4573 work_track.cpp:102] Succeeded to set track lock for frame 121
I1014 10:58:36.007369  4573 work_track.cpp:116] Succeeded to release track lock for frame 121
I1014 10:58:36.007385  4573 work_track.cpp:120] Track results of frame 121: 1 objects input, 1 objects tracked!
I1014 10:58:36.007401  4573 work_track.cpp:148] Frame: 121, track bbox: [181 x 235 from (286.7, 124.586)], gid: 0, lid: 0
I1014 10:58:36.007437  4573 work_thread.hpp:88]  [T-Work-Detect_0] Frame :121 split
I1014 10:58:36.007455  4573 work_thread.hpp:120]  [T-Work-Detect_0] Valid piece: gid = 0
I1014 10:58:36.007473  4573 work_thread.hpp:92]  [T-Work-Detect_0] Push to split queue:recog
I1014 10:58:36.007524  4576 thread_intergrate.hpp:78] [T-Intergrate-intergrate] queue: frame output frame :121
I1014 10:58:36.007524  4574 work_thread.hpp:81]  [T-Work-Recog_0] Run work: WorkCapture
I1014 10:58:36.007558  4576 thread_intergrate.hpp:85] [T-Intergrate-intergrate] queue: compare output face:0
I1014 10:58:36.007578  4576 thread_intergrate.hpp:138] T-Intergrate-intergrate set matched face: 0
I1014 10:58:36.008203  4574 work_thread.hpp:81]  [T-Work-Recog_0] Run work: WorkRecog
I1014 10:58:36.008236  4574 work_recog.hpp:89] Face id: 0 will run recog: bbox [181 x 235 from (287, 124)] quality: 0.469856
I1014 10:58:36.008268  4574 work_recog.hpp:96] Recog pair: [256 x 288 from (248, 72)], [181 x 235 from (39, 52)]
I1014 10:58:36.008847  4576 thread_intergrate.hpp:158] T-Intergrate-intergrate Show face :0, size :640 * 360
I1014 10:58:36.009400  4572 demo_inner.hpp:435] thread [SORT-0]  frame id 121 sorting queue size 0   FPS: 29.9252
I1014 10:58:36.026916  4574 work_thread.hpp:81]  [T-Work-Recog_0] Run work: WorkCompare
I1014 10:58:36.027030  4574 work_compare.cpp:76] Compare face: 0 successed, similarity :0.973154, name : images/thanglmb.jpg, normal size : 640 * 360!
I1014 10:58:36.036248  4570 demo_inner.hpp:177] decode queue size 0
I1014 10:58:36.036378  4573 work_thread.hpp:81]  [T-Work-Detect_0] Run work: WorkDetect
I1014 10:58:36.036414  4573 work_detect.cpp:102] Succeeded to add det start for frame 122
I1014 10:58:36.043331  4573 work_detect.cpp:70] Frame :122 detect result :1 face(s)
I1014 10:58:36.043382  4573 work_detect.cpp:86] Detected bbox: [184 x 237 from (284, 123)]
I1014 10:58:36.043426  4573 work_detect.cpp:120] Succeeded to add det end for frame 122
I1014 10:58:36.043442  4573 work_thread.hpp:81]  [T-Work-Detect_0] Run work: WrokTrack
I1014 10:58:36.043468  4573 work_track.cpp:82] Frame: 122 build input_characts: [0.2875 x 0.658333 from (0.44375, 0.341667)], 1.00019, 0
I1014 10:58:36.043524  4573 work_track.cpp:102] Succeeded to set track lock for frame 122
I1014 10:58:36.043562  4573 work_track.cpp:116] Succeeded to release track lock for frame 122
I1014 10:58:36.043577  4573 work_track.cpp:120] Track results of frame 122: 1 objects input, 1 objects tracked!
I1014 10:58:36.043594  4573 work_track.cpp:148] Frame: 122, track bbox: [184 x 236.668 from (283.398, 123.332)], gid: 0, lid: 0
I1014 10:58:36.043630  4573 work_thread.hpp:88]  [T-Work-Detect_0] Frame :122 split
I1014 10:58:36.043648  4573 work_thread.hpp:120]  [T-Work-Detect_0] Valid piece: gid = 0
I1014 10:58:36.043666  4573 work_thread.hpp:92]  [T-Work-Detect_0] Push to split queue:recog
I1014 10:58:36.043712  4575 work_thread.hpp:81]  [T-Work-Recog_1] Run work: WorkCapture
I1014 10:58:36.043732  4576 thread_intergrate.hpp:78] [T-Intergrate-intergrate] queue: frame output frame :122
I1014 10:58:36.043761  4576 thread_intergrate.hpp:85] [T-Intergrate-intergrate] queue: compare output face:0
I1014 10:58:36.043781  4576 thread_intergrate.hpp:138] T-Intergrate-intergrate set matched face: 0
I1014 10:58:36.044281  4575 work_thread.hpp:81]  [T-Work-Recog_1] Run work: WorkRecog
I1014 10:58:36.044306  4575 work_recog.hpp:89] Face id: 0 will run recog: bbox [184 x 237 from (284, 123)] quality: 0.469522
I1014 10:58:36.044337  4575 work_recog.hpp:96] Recog pair: [256 x 288 from (248, 72)], [184 x 237 from (36, 51)]
I1014 10:58:36.045410  4576 thread_intergrate.hpp:158] T-Intergrate-intergrate Show face :0, size :640 * 360
I1014 10:58:36.046030  4572 demo_inner.hpp:435] thread [SORT-0]  frame id 122 sorting queue size 1   FPS: 29.9252
I1014 10:58:36.062001  4575 work_thread.hpp:81]  [T-Work-Recog_1] Run work: WorkCompare
I1014 10:58:36.062113  4575 work_compare.cpp:76] Compare face: 0 successed, similarity :0.965541, name : images/thanglmb.jpg, normal size : 640 * 360!
I1014 10:58:36.065842  4570 demo_inner.hpp:177] decode queue size 0
I1014 10:58:36.065958  4573 work_thread.hpp:81]  [T-Work-Detect_0] Run work: WorkDetect
I1014 10:58:36.065991  4573 work_detect.cpp:102] Succeeded to add det start for frame 123
I1014 10:58:36.072099  4571 demo_inner.hpp:260]  gui queue size 1, state = running
I1014 10:58:36.073199  4573 work_detect.cpp:70] Frame :123 detect result :1 face(s)
I1014 10:58:36.073248  4573 work_detect.cpp:86] Detected bbox: [186 x 232 from (293, 124)]
I1014 10:58:36.073293  4573 work_detect.cpp:120] Succeeded to add det end for frame 123
I1014 10:58:36.073309  4573 work_thread.hpp:81]  [T-Work-Detect_0] Run work: WrokTrack
I1014 10:58:36.073426  4573 work_track.cpp:82] Frame: 123 build input_characts: [0.290625 x 0.644444 from (0.457812, 0.344444)], 1.00035, 0
I1014 10:58:36.073493  4573 work_track.cpp:102] Succeeded to set track lock for frame 123
I1014 10:58:36.073534  4573 work_track.cpp:116] Succeeded to release track lock for frame 123
I1014 10:58:36.073549  4573 work_track.cpp:120] Track results of frame 123: 1 objects input, 1 objects tracked!
I1014 10:58:36.073567  4573 work_track.cpp:148] Frame: 123, track bbox: [186 x 232 from (287.56, 124.84)], gid: 0, lid: 0
I1014 10:58:36.073604  4573 work_thread.hpp:88]  [T-Work-Detect_0] Frame :123 split
I1014 10:58:36.073622  4573 work_thread.hpp:120]  [T-Work-Detect_0] Valid piece: gid = 0
I1014 10:58:36.073642  4573 work_thread.hpp:92]  [T-Work-Detect_0] Push to split queue:recog
I1014 10:58:36.073720  4576 thread_intergrate.hpp:78] [T-Intergrate-intergrate] queue: frame output frame :123
I1014 10:58:36.073736  4574 work_thread.hpp:81]  [T-Work-Recog_0] Run work: WorkCapture
I1014 10:58:36.073752  4576 thread_intergrate.hpp:85] [T-Intergrate-intergrate] queue: compare output face:0
I1014 10:58:36.073772  4576 thread_intergrate.hpp:138] T-Intergrate-intergrate set matched face: 0
I1014 10:58:36.074404  4574 work_thread.hpp:81]  [T-Work-Recog_0] Run work: WorkRecog
I1014 10:58:36.074430  4574 work_recog.hpp:89] Face id: 0 will run recog: bbox [186 x 232 from (293, 124)] quality: 0.424089
I1014 10:58:36.074465  4574 work_recog.hpp:96] Recog pair: [264 x 288 from (256, 72)], [186 x 232 from (37, 52)]
I1014 10:58:36.075157  4576 thread_intergrate.hpp:158] T-Intergrate-intergrate Show face :0, size :640 * 360
I1014 10:58:36.075752  4572 demo_inner.hpp:435] thread [SORT-0]  frame id 123 sorting queue size 0   FPS: 29.9252
I1014 10:58:36.092303  4574 work_thread.hpp:81]  [T-Work-Recog_0] Run work: WorkCompare
I1014 10:58:36.092411  4574 work_compare.cpp:76] Compare face: 0 successed, similarity :0.967899, name : images/thanglmb.jpg, normal size : 640 * 360!
I1014 10:58:36.101812  4570 demo_inner.hpp:177] decode queue size 0
I1014 10:58:36.101933  4573 work_thread.hpp:81]  [T-Work-Detect_0] Run work: WorkDetect
I1014 10:58:36.101967  4573 work_detect.cpp:102] Succeeded to add det start for frame 124
I1014 10:58:36.109104  4573 work_detect.cpp:70] Frame :124 detect result :1 face(s)
I1014 10:58:36.109158  4573 work_detect.cpp:86] Detected bbox: [181 x 230 from (285, 126)]
I1014 10:58:36.109200  4573 work_detect.cpp:120] Succeeded to add det end for frame 124
I1014 10:58:36.109216  4573 work_thread.hpp:81]  [T-Work-Detect_0] Run work: WrokTrack
I1014 10:58:36.109242  4573 work_track.cpp:82] Frame: 124 build input_characts: [0.282813 x 0.638889 from (0.445312, 0.35)], 1.00019, 0
I1014 10:58:36.109298  4573 work_track.cpp:102] Succeeded to set track lock for frame 124
I1014 10:58:36.109338  4573 work_track.cpp:116] Succeeded to release track lock for frame 124
I1014 10:58:36.109352  4573 work_track.cpp:120] Track results of frame 124: 1 objects input, 1 objects tracked!
I1014 10:58:36.109370  4573 work_track.cpp:148] Frame: 124, track bbox: [181 x 230 from (286.744, 125.485)], gid: 0, lid: 0
I1014 10:58:36.109408  4573 work_thread.hpp:88]  [T-Work-Detect_0] Frame :124 split
I1014 10:58:36.109426  4573 work_thread.hpp:120]  [T-Work-Detect_0] Valid piece: gid = 0
I1014 10:58:36.109444  4573 work_thread.hpp:92]  [T-Work-Detect_0] Push to split queue:recog
I1014 10:58:36.109493  4575 work_thread.hpp:81]  [T-Work-Recog_1] Run work: WorkCapture
I1014 10:58:36.109504  4576 thread_intergrate.hpp:78] [T-Intergrate-intergrate] queue: frame output frame :124
I1014 10:58:36.109534  4576 thread_intergrate.hpp:85] [T-Intergrate-intergrate] queue: compare output face:0
I1014 10:58:36.109552  4576 thread_intergrate.hpp:138] T-Intergrate-intergrate set matched face: 0
I1014 10:58:36.110069  4575 work_thread.hpp:81]  [T-Work-Recog_1] Run work: WorkRecog
I1014 10:58:36.110093  4575 work_recog.hpp:89] Face id: 0 will run recog: bbox [181 x 230 from (285, 126)] quality: 0.465021
I1014 10:58:36.110122  4575 work_recog.hpp:96] Recog pair: [256 x 280 from (248, 80)], [181 x 230 from (37, 46)]
I1014 10:58:36.111083  4576 thread_intergrate.hpp:158] T-Intergrate-intergrate Show face :0, size :640 * 360
I1014 10:58:36.111673  4572 demo_inner.hpp:435] thread [SORT-0]  frame id 124 sorting queue size 1   FPS: 29.9252
I1014 10:58:36.127933  4575 work_thread.hpp:81]  [T-Work-Recog_1] Run work: WorkCompare
I1014 10:58:36.128048  4575 work_compare.cpp:76] Compare face: 0 successed, similarity :0.955713, name : images/thanglmb.jpg, normal size : 640 * 360!
I1014 10:58:36.131803  4570 demo_inner.hpp:177] decode queue size 0
I1014 10:58:36.131880  4573 work_thread.hpp:81]  [T-Work-Detect_0] Run work: WorkDetect
I1014 10:58:36.131916  4573 work_detect.cpp:102] Succeeded to add det start for frame 125
I1014 10:58:36.139065  4573 work_detect.cpp:70] Frame :125 detect result :1 face(s)
I1014 10:58:36.139112  4573 work_detect.cpp:86] Detected bbox: [182 x 232 from (285, 124)]
I1014 10:58:36.139154  4573 work_detect.cpp:120] Succeeded to add det end for frame 125
I1014 10:58:36.139170  4573 work_thread.hpp:81]  [T-Work-Detect_0] Run work: WrokTrack
I1014 10:58:36.139194  4573 work_track.cpp:82] Frame: 125 build input_characts: [0.284375 x 0.644444 from (0.445312, 0.344444)], 1.00019, 0
I1014 10:58:36.139248  4573 work_track.cpp:102] Succeeded to set track lock for frame 125
I1014 10:58:36.139286  4573 work_track.cpp:116] Succeeded to release track lock for frame 125
I1014 10:58:36.139300  4573 work_track.cpp:120] Track results of frame 125: 1 objects input, 1 objects tracked!
I1014 10:58:36.139317  4573 work_track.cpp:148] Frame: 125, track bbox: [182 x 232 from (287.026, 124.543)], gid: 0, lid: 0
I1014 10:58:36.139353  4573 work_thread.hpp:88]  [T-Work-Detect_0] Frame :125 split
I1014 10:58:36.139370  4573 work_thread.hpp:120]  [T-Work-Detect_0] Valid piece: gid = 0
I1014 10:58:36.139389  4573 work_thread.hpp:92]  [T-Work-Detect_0] Push to split queue:recog
I1014 10:58:36.139437  4574 work_thread.hpp:81]  [T-Work-Recog_0] Run work: WorkCapture
I1014 10:58:36.139744  4576 thread_intergrate.hpp:78] [T-Intergrate-intergrate] queue: frame output frame :125
I1014 10:58:36.139780  4576 thread_intergrate.hpp:85] [T-Intergrate-intergrate] queue: compare output face:0
I1014 10:58:36.139799  4576 thread_intergrate.hpp:138] T-Intergrate-intergrate set matched face: 0
I1014 10:58:36.139982  4574 work_thread.hpp:81]  [T-Work-Recog_0] Run work: WorkRecog
I1014 10:58:36.140007  4574 work_recog.hpp:89] Face id: 0 will run recog: bbox [182 x 232 from (285, 124)] quality: 0.469769
I1014 10:58:36.140034  4574 work_recog.hpp:96] Recog pair: [256 x 288 from (248, 72)], [182 x 232 from (37, 52)]
I1014 10:58:36.141384  4576 thread_intergrate.hpp:158] T-Intergrate-intergrate Show face :0, size :640 * 360
I1014 10:58:36.142153  4572 demo_inner.hpp:435] thread [SORT-0]  frame id 125 sorting queue size 2   FPS: 29.9252
I1014 10:58:36.158222  4574 work_thread.hpp:81]  [T-Work-Recog_0] Run work: WorkCompare
I1014 10:58:36.158329  4574 work_compare.cpp:76] Compare face: 0 successed, similarity :0.966467, name : images/thanglmb.jpg, normal size : 640 * 360!
I1014 10:58:36.166977  4571 demo_inner.hpp:260]  gui queue size 2, state = running
I1014 10:58:36.167834  4570 demo_inner.hpp:177] decode queue size 0
I1014 10:58:36.167933  4573 work_thread.hpp:81]  [T-Work-Detect_0] Run work: WorkDetect
I1014 10:58:36.167968  4573 work_detect.cpp:102] Succeeded to add det start for frame 126
I1014 10:58:36.175040  4573 work_detect.cpp:70] Frame :126 detect result :1 face(s)
W1014 10:58:36.175096  4573 work_detect.cpp:83] Invalid bbox: [178 x 225 from (282, 149)]
I1014 10:58:36.175173  4573 work_detect.cpp:120] Succeeded to add det end for frame 126
I1014 10:58:36.175189  4573 work_thread.hpp:81]  [T-Work-Detect_0] Run work: WrokTrack
I1014 10:58:36.175218  4573 work_track.cpp:102] Succeeded to set track lock for frame 126
I1014 10:58:36.175251  4573 work_track.cpp:116] Succeeded to release track lock for frame 126
I1014 10:58:36.175264  4573 work_track.cpp:120] Track results of frame 126: 0 objects input, 1 objects tracked!
I1014 10:58:36.175328  4573 work_track.cpp:148] Frame: 126, track bbox: [182 x 232 from (287.08, 124.533)], gid: 0, lid: -1
I1014 10:58:36.175382  4573 work_thread.hpp:88]  [T-Work-Detect_0] Frame :126 split
I1014 10:58:36.175431  4576 thread_intergrate.hpp:78] [T-Intergrate-intergrate] queue: frame output frame :126
I1014 10:58:36.175467  4576 thread_intergrate.hpp:85] [T-Intergrate-intergrate] queue: compare output face:0
I1014 10:58:36.175487  4576 thread_intergrate.hpp:138] T-Intergrate-intergrate set matched face: 0
I1014 10:58:36.176934  4576 thread_intergrate.hpp:158] T-Intergrate-intergrate Show face :0, size :640 * 360
I1014 10:58:36.177510  4572 demo_inner.hpp:435] thread [SORT-0]  frame id 126 sorting queue size 0   FPS: 29.9252
I1014 10:58:36.197301  4570 demo_inner.hpp:177] decode queue size 0
I1014 10:58:36.197474  4573 work_thread.hpp:81]  [T-Work-Detect_0] Run work: WorkDetect
I1014 10:58:36.197508  4573 work_detect.cpp:102] Succeeded to add det start for frame 127
I1014 10:58:36.204491  4573 work_detect.cpp:70] Frame :127 detect result :1 face(s)
I1014 10:58:36.204540  4573 work_detect.cpp:86] Detected bbox: [181 x 231 from (283, 127)]
I1014 10:58:36.204582  4573 work_detect.cpp:120] Succeeded to add det end for frame 127
I1014 10:58:36.204598  4573 work_thread.hpp:81]  [T-Work-Detect_0] Run work: WrokTrack
I1014 10:58:36.204622  4573 work_track.cpp:82] Frame: 127 build input_characts: [0.282813 x 0.641667 from (0.442187, 0.352778)], 0.999622, 0
I1014 10:58:36.204676  4573 work_track.cpp:102] Succeeded to set track lock for frame 127
I1014 10:58:36.204715  4573 work_track.cpp:116] Succeeded to release track lock for frame 127
I1014 10:58:36.204730  4573 work_track.cpp:120] Track results of frame 127: 1 objects input, 1 objects tracked!
I1014 10:58:36.204747  4573 work_track.cpp:148] Frame: 127, track bbox: [181 x 231 from (284.208, 125.9)], gid: 0, lid: 0
I1014 10:58:36.204783  4573 work_thread.hpp:88]  [T-Work-Detect_0] Frame :127 split
I1014 10:58:36.204802  4573 work_thread.hpp:120]  [T-Work-Detect_0] Valid piece: gid = 0
I1014 10:58:36.204819  4573 work_thread.hpp:92]  [T-Work-Detect_0] Push to split queue:recog
I1014 10:58:36.204866  4575 work_thread.hpp:81]  [T-Work-Recog_1] Run work: WorkCapture
I1014 10:58:36.204876  4576 thread_intergrate.hpp:78] [T-Intergrate-intergrate] queue: frame output frame :127
I1014 10:58:36.205410  4575 work_thread.hpp:81]  [T-Work-Recog_1] Run work: WorkRecog
I1014 10:58:36.205433  4575 work_recog.hpp:89] Face id: 0 will run recog: bbox [181 x 231 from (283, 127)] quality: 0.469522
I1014 10:58:36.205461  4575 work_recog.hpp:96] Recog pair: [264 x 280 from (240, 80)], [181 x 231 from (43, 47)]
I1014 10:58:36.206025  4576 thread_intergrate.hpp:158] T-Intergrate-intergrate Show face :0, size :640 * 360
I1014 10:58:36.206604  4572 demo_inner.hpp:435] thread [SORT-0]  frame id 127 sorting queue size 1   FPS: 29.9401
I1014 10:58:36.211824  4571 demo_inner.hpp:260]  gui queue size 1, state = running
I1014 10:58:36.223839  4575 work_thread.hpp:81]  [T-Work-Recog_1] Run work: WorkCompare
I1014 10:58:36.223950  4575 work_compare.cpp:76] Compare face: 0 successed, similarity :0.972649, name : images/thanglmb.jpg, normal size : 640 * 360!
I1014 10:58:36.233978  4570 demo_inner.hpp:177] decode queue size 0
I1014 10:58:36.234244  4573 work_thread.hpp:81]  [T-Work-Detect_0] Run work: WorkDetect
I1014 10:58:36.234288  4573 work_detect.cpp:102] Succeeded to add det start for frame 128
I1014 10:58:36.241863  4573 work_detect.cpp:70] Frame :128 detect result :1 face(s)
I1014 10:58:36.241920  4573 work_detect.cpp:86] Detected bbox: [182 x 233 from (284, 124)]
I1014 10:58:36.241964  4573 work_detect.cpp:120] Succeeded to add det end for frame 128
I1014 10:58:36.241981  4573 work_thread.hpp:81]  [T-Work-Detect_0] Run work: WrokTrack
I1014 10:58:36.242013  4573 work_track.cpp:82] Frame: 128 build input_characts: [0.284375 x 0.647222 from (0.44375, 0.344444)], 1.00019, 0
I1014 10:58:36.242146  4573 work_track.cpp:102] Succeeded to set track lock for frame 128
I1014 10:58:36.242267  4573 work_track.cpp:116] Succeeded to release track lock for frame 128
I1014 10:58:36.242283  4573 work_track.cpp:120] Track results of frame 128: 1 objects input, 1 objects tracked!
I1014 10:58:36.242301  4573 work_track.cpp:148] Frame: 128, track bbox: [182 x 233 from (282.911, 124.655)], gid: 0, lid: 0
I1014 10:58:36.242355  4573 work_thread.hpp:88]  [T-Work-Detect_0] Frame :128 split
I1014 10:58:36.242380  4573 work_thread.hpp:120]  [T-Work-Detect_0] Valid piece: gid = 0
I1014 10:58:36.242399  4573 work_thread.hpp:92]  [T-Work-Detect_0] Push to split queue:recog
I1014 10:58:36.242444  4575 work_thread.hpp:81]  [T-Work-Recog_1] Run work: WorkCapture
I1014 10:58:36.242458  4576 thread_intergrate.hpp:78] [T-Intergrate-intergrate] queue: frame output frame :128
I1014 10:58:36.242483  4576 thread_intergrate.hpp:85] [T-Intergrate-intergrate] queue: compare output face:0
I1014 10:58:36.242509  4576 thread_intergrate.hpp:138] T-Intergrate-intergrate set matched face: 0
I1014 10:58:36.243006  4575 work_thread.hpp:81]  [T-Work-Recog_1] Run work: WorkRecog
I1014 10:58:36.243031  4575 work_recog.hpp:89] Face id: 0 will run recog: bbox [182 x 233 from (284, 124)] quality: 0.465021
I1014 10:58:36.243060  4575 work_recog.hpp:96] Recog pair: [256 x 288 from (248, 72)], [182 x 233 from (36, 52)]
I1014 10:58:36.243921  4576 thread_intergrate.hpp:158] T-Intergrate-intergrate Show face :0, size :640 * 360
I1014 10:58:36.244663  4572 demo_inner.hpp:435] thread [SORT-0]  frame id 128 sorting queue size 0   FPS: 29.8954
I1014 10:58:36.260917  4575 work_thread.hpp:81]  [T-Work-Recog_1] Run work: WorkCompare
I1014 10:58:36.261029  4575 work_compare.cpp:76] Compare face: 0 successed, similarity :0.97671, name : images/thanglmb.jpg, normal size : 640 * 360!
I1014 10:58:36.269695  4570 demo_inner.hpp:177] decode queue size 0
I1014 10:58:36.269901  4573 work_thread.hpp:81]  [T-Work-Detect_0] Run work: WorkDetect
I1014 10:58:36.269938  4573 work_detect.cpp:102] Succeeded to add det start for frame 129
I1014 10:58:36.276841  4573 work_detect.cpp:70] Frame :129 detect result :1 face(s)
I1014 10:58:36.276893  4573 work_detect.cpp:86] Detected bbox: [181 x 233 from (284, 120)]
I1014 10:58:36.276937  4573 work_detect.cpp:120] Succeeded to add det end for frame 129
I1014 10:58:36.276954  4573 work_thread.hpp:81]  [T-Work-Detect_0] Run work: WrokTrack
I1014 10:58:36.276979  4573 work_track.cpp:82] Frame: 129 build input_characts: [0.282813 x 0.647222 from (0.44375, 0.333333)], 1.00019, 0
I1014 10:58:36.277034  4573 work_track.cpp:102] Succeeded to set track lock for frame 129
I1014 10:58:36.277073  4573 work_track.cpp:116] Succeeded to release track lock for frame 129
I1014 10:58:36.277088  4573 work_track.cpp:120] Track results of frame 129: 1 objects input, 1 objects tracked!
I1014 10:58:36.277107  4573 work_track.cpp:148] Frame: 129, track bbox: [181 x 233 from (282.236, 122.636)], gid: 0, lid: 0
I1014 10:58:36.277143  4573 work_thread.hpp:88]  [T-Work-Detect_0] Frame :129 split
I1014 10:58:36.277160  4573 work_thread.hpp:120]  [T-Work-Detect_0] Valid piece: gid = 0
I1014 10:58:36.277179  4573 work_thread.hpp:92]  [T-Work-Detect_0] Push to split queue:recog
I1014 10:58:36.277227  4574 work_thread.hpp:81]  [T-Work-Recog_0] Run work: WorkCapture
I1014 10:58:36.277535  4576 thread_intergrate.hpp:78] [T-Intergrate-intergrate] queue: frame output frame :129
I1014 10:58:36.277562  4576 thread_intergrate.hpp:85] [T-Intergrate-intergrate] queue: compare output face:0
I1014 10:58:36.277581  4576 thread_intergrate.hpp:138] T-Intergrate-intergrate set matched face: 0
I1014 10:58:36.278648  4574 work_thread.hpp:81]  [T-Work-Recog_0] Run work: WorkRecog
I1014 10:58:36.278678  4574 work_recog.hpp:89] Face id: 0 will run recog: bbox [181 x 233 from (284, 120)] quality: 0.430349
I1014 10:58:36.278717  4574 work_recog.hpp:96] Recog pair: [256 x 288 from (248, 72)], [181 x 233 from (36, 48)]
I1014 10:58:36.278764  4576 thread_intergrate.hpp:158] T-Intergrate-intergrate Show face :0, size :640 * 360
I1014 10:58:36.279322  4572 demo_inner.hpp:435] thread [SORT-0]  frame id 129 sorting queue size 1   FPS: 29.9252
I1014 10:58:36.295657  4571 demo_inner.hpp:260]  gui queue size 1, state = running
I1014 10:58:36.296653  4574 work_thread.hpp:81]  [T-Work-Recog_0] Run work: WorkCompare
I1014 10:58:36.296749  4574 work_compare.cpp:76] Compare face: 0 successed, similarity :0.959879, name : images/thanglmb.jpg, normal size : 640 * 360!
I1014 10:58:36.300150  4570 demo_inner.hpp:177] decode queue size 0
I1014 10:58:36.300266  4573 work_thread.hpp:81]  [T-Work-Detect_0] Run work: WorkDetect
I1014 10:58:36.300302  4573 work_detect.cpp:102] Succeeded to add det start for frame 130
I1014 10:58:36.307207  4573 work_detect.cpp:70] Frame :130 detect result :1 face(s)
W1014 10:58:36.307260  4573 work_detect.cpp:83] Invalid bbox: [181 x 225 from (279, 149)]
I1014 10:58:36.307335  4573 work_detect.cpp:120] Succeeded to add det end for frame 130
I1014 10:58:36.307353  4573 work_thread.hpp:81]  [T-Work-Detect_0] Run work: WrokTrack
I1014 10:58:36.307379  4573 work_track.cpp:102] Succeeded to set track lock for frame 130
I1014 10:58:36.307411  4573 work_track.cpp:116] Succeeded to release track lock for frame 130
I1014 10:58:36.307426  4573 work_track.cpp:120] Track results of frame 130: 0 objects input, 1 objects tracked!
I1014 10:58:36.307443  4573 work_track.cpp:148] Frame: 130, track bbox: [181 x 233 from (280.891, 122.319)], gid: 0, lid: -1
I1014 10:58:36.307495  4573 work_thread.hpp:88]  [T-Work-Detect_0] Frame :130 split
I1014 10:58:36.307550  4576 thread_intergrate.hpp:78] [T-Intergrate-intergrate] queue: frame output frame :130
I1014 10:58:36.307575  4576 thread_intergrate.hpp:85] [T-Intergrate-intergrate] queue: compare output face:0
I1014 10:58:36.307593  4576 thread_intergrate.hpp:138] T-Intergrate-intergrate set matched face: 0
I1014 10:58:36.308756  4576 thread_intergrate.hpp:158] T-Intergrate-intergrate Show face :0, size :640 * 360
I1014 10:58:36.309335  4572 demo_inner.hpp:435] thread [SORT-0]  frame id 130 sorting queue size 0   FPS: 29.9252
I1014 10:58:36.335304  4570 demo_inner.hpp:177] decode queue size 0
I1014 10:58:36.335476  4573 work_thread.hpp:81]  [T-Work-Detect_0] Run work: WorkDetect
I1014 10:58:36.335512  4573 work_detect.cpp:102] Succeeded to add det start for frame 131
I1014 10:58:36.342649  4573 work_detect.cpp:70] Frame :131 detect result :1 face(s)
I1014 10:58:36.342697  4573 work_detect.cpp:86] Detected bbox: [179 x 228 from (285, 126)]
I1014 10:58:36.342741  4573 work_detect.cpp:120] Succeeded to add det end for frame 131
I1014 10:58:36.342757  4573 work_thread.hpp:81]  [T-Work-Detect_0] Run work: WrokTrack
I1014 10:58:36.342782  4573 work_track.cpp:82] Frame: 131 build input_characts: [0.279687 x 0.633333 from (0.445312, 0.35)], 1.00019, 0
I1014 10:58:36.342836  4573 work_track.cpp:102] Succeeded to set track lock for frame 131
I1014 10:58:36.342875  4573 work_track.cpp:116] Succeeded to release track lock for frame 131
I1014 10:58:36.342890  4573 work_track.cpp:120] Track results of frame 131: 1 objects input, 1 objects tracked!
I1014 10:58:36.342907  4573 work_track.cpp:148] Frame: 131, track bbox: [179 x 228 from (284.665, 125.031)], gid: 0, lid: 0
I1014 10:58:36.342942  4573 work_thread.hpp:88]  [T-Work-Detect_0] Frame :131 split
I1014 10:58:36.342960  4573 work_thread.hpp:120]  [T-Work-Detect_0] Valid piece: gid = 0
I1014 10:58:36.342978  4573 work_thread.hpp:92]  [T-Work-Detect_0] Push to split queue:recog
I1014 10:58:36.343024  4574 work_thread.hpp:81]  [T-Work-Recog_0] Run work: WorkCapture
I1014 10:58:36.343318  4576 thread_intergrate.hpp:78] [T-Intergrate-intergrate] queue: frame output frame :131
I1014 10:58:36.343559  4574 work_thread.hpp:81]  [T-Work-Recog_0] Run work: WorkRecog
I1014 10:58:36.343581  4574 work_recog.hpp:89] Face id: 0 will run recog: bbox [179 x 228 from (285, 126)] quality: 0.423464
I1014 10:58:36.343607  4574 work_recog.hpp:96] Recog pair: [256 x 280 from (248, 80)], [179 x 228 from (37, 46)]
I1014 10:58:36.344449  4576 thread_intergrate.hpp:158] T-Intergrate-intergrate Show face :0, size :640 * 360
I1014 10:58:36.345007  4572 demo_inner.hpp:435] thread [SORT-0]  frame id 131 sorting queue size 1   FPS: 29.9252
I1014 10:58:36.361284  4574 work_thread.hpp:81]  [T-Work-Recog_0] Run work: WorkCompare
I1014 10:58:36.361397  4574 work_compare.cpp:76] Compare face: 0 successed, similarity :0.952089, name : images/thanglmb.jpg, normal size : 640 * 360!
I1014 10:58:36.366240  4570 demo_inner.hpp:177] decode queue size 0
I1014 10:58:36.366350  4573 work_thread.hpp:81]  [T-Work-Detect_0] Run work: WorkDetect
I1014 10:58:36.366382  4573 work_detect.cpp:102] Succeeded to add det start for frame 132
I1014 10:58:36.373368  4573 work_detect.cpp:70] Frame :132 detect result :1 face(s)
I1014 10:58:36.373414  4573 work_detect.cpp:86] Detected bbox: [183 x 232 from (282, 124)]
I1014 10:58:36.373457  4573 work_detect.cpp:120] Succeeded to add det end for frame 132
I1014 10:58:36.373474  4573 work_thread.hpp:81]  [T-Work-Detect_0] Run work: WrokTrack
I1014 10:58:36.373500  4573 work_track.cpp:82] Frame: 132 build input_characts: [0.285937 x 0.644444 from (0.440625, 0.344444)], 1.00019, 0
I1014 10:58:36.373558  4573 work_track.cpp:102] Succeeded to set track lock for frame 132
I1014 10:58:36.373597  4573 work_track.cpp:116] Succeeded to release track lock for frame 132
I1014 10:58:36.373611  4573 work_track.cpp:120] Track results of frame 132: 1 objects input, 1 objects tracked!
I1014 10:58:36.373630  4573 work_track.cpp:148] Frame: 132, track bbox: [183 x 232 from (282.266, 123.353)], gid: 0, lid: 0
I1014 10:58:36.373666  4573 work_thread.hpp:88]  [T-Work-Detect_0] Frame :132 split
I1014 10:58:36.373683  4573 work_thread.hpp:120]  [T-Work-Detect_0] Valid piece: gid = 0
I1014 10:58:36.373701  4573 work_thread.hpp:92]  [T-Work-Detect_0] Push to split queue:recog
I1014 10:58:36.373746  4574 work_thread.hpp:81]  [T-Work-Recog_0] Run work: WorkCapture
I1014 10:58:36.374048  4576 thread_intergrate.hpp:78] [T-Intergrate-intergrate] queue: frame output frame :132
I1014 10:58:36.374075  4576 thread_intergrate.hpp:85] [T-Intergrate-intergrate] queue: compare output face:0
I1014 10:58:36.374094  4576 thread_intergrate.hpp:138] T-Intergrate-intergrate set matched face: 0
I1014 10:58:36.374296  4574 work_thread.hpp:81]  [T-Work-Recog_0] Run work: WorkRecog
I1014 10:58:36.374320  4574 work_recog.hpp:89] Face id: 0 will run recog: bbox [183 x 232 from (282, 124)] quality: 0.448949
I1014 10:58:36.374348  4574 work_recog.hpp:96] Recog pair: [264 x 288 from (240, 72)], [183 x 232 from (42, 52)]
I1014 10:58:36.375272  4576 thread_intergrate.hpp:158] T-Intergrate-intergrate Show face :0, size :640 * 360
I1014 10:58:36.375854  4572 demo_inner.hpp:435] thread [SORT-0]  frame id 132 sorting queue size 2   FPS: 29.9252
I1014 10:58:36.392113  4574 work_thread.hpp:81]  [T-Work-Recog_0] Run work: WorkCompare
I1014 10:58:36.392240  4574 work_compare.cpp:76] Compare face: 0 successed, similarity :0.960132, name : images/thanglmb.jpg, normal size : 640 * 360!
I1014 10:58:36.401526  4570 demo_inner.hpp:177] decode queue size 0
I1014 10:58:36.401639  4573 work_thread.hpp:81]  [T-Work-Detect_0] Run work: WorkDetect
I1014 10:58:36.401674  4573 work_detect.cpp:102] Succeeded to add det start for frame 133
I1014 10:58:36.408815  4573 work_detect.cpp:70] Frame :133 detect result :1 face(s)
I1014 10:58:36.408864  4573 work_detect.cpp:86] Detected bbox: [180 x 230 from (283, 130)]
I1014 10:58:36.408906  4573 work_detect.cpp:120] Succeeded to add det end for frame 133
I1014 10:58:36.408923  4573 work_thread.hpp:81]  [T-Work-Detect_0] Run work: WrokTrack
I1014 10:58:36.408947  4573 work_track.cpp:82] Frame: 133 build input_characts: [0.28125 x 0.638889 from (0.442187, 0.361111)], 1.00019, 0
I1014 10:58:36.409003  4573 work_track.cpp:102] Succeeded to set track lock for frame 133
I1014 10:58:36.409041  4573 work_track.cpp:116] Succeeded to release track lock for frame 133
I1014 10:58:36.409056  4573 work_track.cpp:120] Track results of frame 133: 1 objects input, 1 objects tracked!
I1014 10:58:36.409073  4573 work_track.cpp:148] Frame: 133, track bbox: [180 x 230 from (283.55, 126.833)], gid: 0, lid: 0
I1014 10:58:36.409183  4573 work_thread.hpp:88]  [T-Work-Detect_0] Frame :133 split
I1014 10:58:36.409204  4573 work_thread.hpp:120]  [T-Work-Detect_0] Valid piece: gid = 0
I1014 10:58:36.409222  4573 work_thread.hpp:92]  [T-Work-Detect_0] Push to split queue:recog
I1014 10:58:36.409271  4575 work_thread.hpp:81]  [T-Work-Recog_1] Run work: WorkCapture
I1014 10:58:36.409282  4576 thread_intergrate.hpp:78] [T-Intergrate-intergrate] queue: frame output frame :133
I1014 10:58:36.409307  4576 thread_intergrate.hpp:85] [T-Intergrate-intergrate] queue: compare output face:0
I1014 10:58:36.409327  4576 thread_intergrate.hpp:138] T-Intergrate-intergrate set matched face: 0
I1014 10:58:36.409837  4575 work_thread.hpp:81]  [T-Work-Recog_1] Run work: WorkRecog
I1014 10:58:36.409862  4575 work_recog.hpp:89] Face id: 0 will run recog: bbox [180 x 230 from (283, 130)] quality: 0.467119
I1014 10:58:36.409893  4575 work_recog.hpp:96] Recog pair: [264 x 280 from (240, 80)], [180 x 230 from (43, 50)]
I1014 10:58:36.410498  4576 thread_intergrate.hpp:158] T-Intergrate-intergrate Show face :0, size :640 * 360
I1014 10:58:36.411073  4572 demo_inner.hpp:435] thread [SORT-0]  frame id 133 sorting queue size 3   FPS: 29.9252
I1014 10:58:36.427525  4575 work_thread.hpp:81]  [T-Work-Recog_1] Run work: WorkCompare
I1014 10:58:36.427637  4575 work_compare.cpp:76] Compare face: 0 successed, similarity :0.969822, name : images/thanglmb.jpg, normal size : 640 * 360!
I1014 10:58:36.431660  4570 demo_inner.hpp:177] decode queue size 0
I1014 10:58:36.431747  4573 work_thread.hpp:81]  [T-Work-Detect_0] Run work: WorkDetect
I1014 10:58:36.431780  4573 work_detect.cpp:102] Succeeded to add det start for frame 134
I1014 10:58:36.438757  4573 work_detect.cpp:70] Frame :134 detect result :1 face(s)
W1014 10:58:36.438805  4573 work_detect.cpp:83] Invalid bbox: [179 x 222 from (282, 152)]
I1014 10:58:36.438879  4573 work_detect.cpp:120] Succeeded to add det end for frame 134
I1014 10:58:36.438896  4573 work_thread.hpp:81]  [T-Work-Detect_0] Run work: WrokTrack
I1014 10:58:36.438925  4573 work_track.cpp:102] Succeeded to set track lock for frame 134
I1014 10:58:36.438957  4573 work_track.cpp:116] Succeeded to release track lock for frame 134
I1014 10:58:36.438971  4573 work_track.cpp:120] Track results of frame 134: 0 objects input, 1 objects tracked!
I1014 10:58:36.438988  4573 work_track.cpp:148] Frame: 134, track bbox: [180 x 230 from (283.398, 127.191)], gid: 0, lid: -1
I1014 10:58:36.439039  4573 work_thread.hpp:88]  [T-Work-Detect_0] Frame :134 split
I1014 10:58:36.439092  4576 thread_intergrate.hpp:78] [T-Intergrate-intergrate] queue: frame output frame :134
I1014 10:58:36.439117  4576 thread_intergrate.hpp:85] [T-Intergrate-intergrate] queue: compare output face:0
I1014 10:58:36.439136  4576 thread_intergrate.hpp:138] T-Intergrate-intergrate set matched face: 0
I1014 10:58:36.440291  4576 thread_intergrate.hpp:158] T-Intergrate-intergrate Show face :0, size :640 * 360
I1014 10:58:36.440867  4572 demo_inner.hpp:435] thread [SORT-0]  frame id 134 sorting queue size 4   FPS: 29.9252
I1014 10:58:36.467836  4570 demo_inner.hpp:177] decode queue size 0
I1014 10:58:36.468016  4573 work_thread.hpp:81]  [T-Work-Detect_0] Run work: WorkDetect
I1014 10:58:36.468055  4573 work_detect.cpp:102] Succeeded to add det start for frame 135
I1014 10:58:36.474810  4573 work_detect.cpp:70] Frame :135 detect result :1 face(s)
I1014 10:58:36.474862  4573 work_detect.cpp:86] Detected bbox: [179 x 232 from (284, 123)]
I1014 10:58:36.474905  4573 work_detect.cpp:120] Succeeded to add det end for frame 135
I1014 10:58:36.474922  4573 work_thread.hpp:81]  [T-Work-Detect_0] Run work: WrokTrack
I1014 10:58:36.474946  4573 work_track.cpp:82] Frame: 135 build input_characts: [0.279687 x 0.644444 from (0.44375, 0.341667)], 1.00019, 0
I1014 10:58:36.475003  4573 work_track.cpp:102] Succeeded to set track lock for frame 135
I1014 10:58:36.475045  4573 work_track.cpp:116] Succeeded to release track lock for frame 135
I1014 10:58:36.475059  4573 work_track.cpp:120] Track results of frame 135: 1 objects input, 1 objects tracked!
I1014 10:58:36.475153  4573 work_track.cpp:148] Frame: 135, track bbox: [179 x 232 from (283.593, 125.399)], gid: 0, lid: 0
I1014 10:58:36.475193  4573 work_thread.hpp:88]  [T-Work-Detect_0] Frame :135 split
I1014 10:58:36.475210  4573 work_thread.hpp:120]  [T-Work-Detect_0] Valid piece: gid = 0
I1014 10:58:36.475229  4573 work_thread.hpp:92]  [T-Work-Detect_0] Push to split queue:recog
I1014 10:58:36.475280  4575 work_thread.hpp:81]  [T-Work-Recog_1] Run work: WorkCapture
I1014 10:58:36.475586  4576 thread_intergrate.hpp:78] [T-Intergrate-intergrate] queue: frame output frame :135
I1014 10:58:36.475823  4575 work_thread.hpp:81]  [T-Work-Recog_1] Run work: WorkRecog
I1014 10:58:36.475847  4575 work_recog.hpp:89] Face id: 0 will run recog: bbox [179 x 232 from (284, 123)] quality: 0.442532
I1014 10:58:36.475873  4575 work_recog.hpp:96] Recog pair: [256 x 288 from (248, 72)], [179 x 232 from (36, 51)]
I1014 10:58:36.476722  4576 thread_intergrate.hpp:158] T-Intergrate-intergrate Show face :0, size :640 * 360
I1014 10:58:36.477290  4572 demo_inner.hpp:435] thread [SORT-0]  frame id 135 sorting queue size 5   FPS: 29.9252
I1014 10:58:36.494247  4575 work_thread.hpp:81]  [T-Work-Recog_1] Run work: WorkCompare
I1014 10:58:36.494365  4575 work_compare.cpp:76] Compare face: 0 successed, similarity :0.969448, name : images/thanglmb.jpg, normal size : 640 * 360!
I1014 10:58:36.505141  4570 demo_inner.hpp:177] decode queue size 0
I1014 10:58:36.505272  4573 work_thread.hpp:81]  [T-Work-Detect_0] Run work: WorkDetect
I1014 10:58:36.505309  4573 work_detect.cpp:102] Succeeded to add det start for frame 136
I1014 10:58:36.512143  4573 work_detect.cpp:70] Frame :136 detect result :1 face(s)
I1014 10:58:36.512209  4573 work_detect.cpp:86] Detected bbox: [189 x 233 from (292, 124)]
I1014 10:58:36.512253  4573 work_detect.cpp:120] Succeeded to add det end for frame 136
I1014 10:58:36.512269  4573 work_thread.hpp:81]  [T-Work-Detect_0] Run work: WrokTrack
I1014 10:58:36.512295  4573 work_track.cpp:82] Frame: 136 build input_characts: [0.295312 x 0.647222 from (0.45625, 0.344444)], 1.00019, 0
I1014 10:58:36.512351  4573 work_track.cpp:102] Succeeded to set track lock for frame 136
I1014 10:58:36.512392  4573 work_track.cpp:116] Succeeded to release track lock for frame 136
I1014 10:58:36.512406  4573 work_track.cpp:120] Track results of frame 136: 1 objects input, 1 objects tracked!
I1014 10:58:36.512423  4573 work_track.cpp:148] Frame: 136, track bbox: [189 x 233 from (285.197, 125.055)], gid: 0, lid: 0
I1014 10:58:36.512460  4573 work_thread.hpp:88]  [T-Work-Detect_0] Frame :136 split
I1014 10:58:36.512478  4573 work_thread.hpp:120]  [T-Work-Detect_0] Valid piece: gid = 0
I1014 10:58:36.512496  4573 work_thread.hpp:92]  [T-Work-Detect_0] Push to split queue:recog
I1014 10:58:36.512542  4574 work_thread.hpp:81]  [T-Work-Recog_0] Run work: WorkCapture
I1014 10:58:36.512555  4576 thread_intergrate.hpp:78] [T-Intergrate-intergrate] queue: frame output frame :136
I1014 10:58:36.512581  4576 thread_intergrate.hpp:85] [T-Intergrate-intergrate] queue: compare output face:0
I1014 10:58:36.512599  4576 thread_intergrate.hpp:138] T-Intergrate-intergrate set matched face: 0
I1014 10:58:36.513128  4574 work_thread.hpp:81]  [T-Work-Recog_0] Run work: WorkRecog
I1014 10:58:36.513154  4574 work_recog.hpp:89] Face id: 0 will run recog: bbox [189 x 233 from (292, 124)] quality: 0.424089
I1014 10:58:36.513185  4574 work_recog.hpp:96] Recog pair: [272 x 288 from (248, 72)], [189 x 233 from (44, 52)]
I1014 10:58:36.513780  4576 thread_intergrate.hpp:158] T-Intergrate-intergrate Show face :0, size :640 * 360
I1014 10:58:36.514346  4572 demo_inner.hpp:435] thread [SORT-0]  frame id 136 sorting queue size 6   FPS: 29.8954
I1014 10:58:36.530922  4574 work_thread.hpp:81]  [T-Work-Recog_0] Run work: WorkCompare
I1014 10:58:36.531038  4574 work_compare.cpp:76] Compare face: 0 successed, similarity :0.978135, name : images/thanglmb.jpg, normal size : 640 * 360!
I1014 10:58:36.534246  4570 demo_inner.hpp:177] decode queue size 0
I1014 10:58:36.534449  4573 work_thread.hpp:81]  [T-Work-Detect_0] Run work: WorkDetect
I1014 10:58:36.534487  4573 work_detect.cpp:102] Succeeded to add det start for frame 137
I1014 10:58:36.541411  4573 work_detect.cpp:70] Frame :137 detect result :1 face(s)
I1014 10:58:36.541460  4573 work_detect.cpp:86] Detected bbox: [188 x 233 from (292, 124)]
I1014 10:58:36.541504  4573 work_detect.cpp:120] Succeeded to add det end for frame 137
I1014 10:58:36.541522  4573 work_thread.hpp:81]  [T-Work-Detect_0] Run work: WrokTrack
I1014 10:58:36.541548  4573 work_track.cpp:82] Frame: 137 build input_characts: [0.29375 x 0.647222 from (0.45625, 0.344444)], 1.00035, 0
I1014 10:58:36.541604  4573 work_track.cpp:102] Succeeded to set track lock for frame 137
I1014 10:58:36.541642  4573 work_track.cpp:116] Succeeded to release track lock for frame 137
I1014 10:58:36.541657  4573 work_track.cpp:120] Track results of frame 137: 1 objects input, 1 objects tracked!
I1014 10:58:36.541674  4573 work_track.cpp:148] Frame: 137, track bbox: [188 x 233 from (290.378, 123.967)], gid: 0, lid: 0
I1014 10:58:36.541710  4573 work_thread.hpp:88]  [T-Work-Detect_0] Frame :137 split
I1014 10:58:36.541728  4573 work_thread.hpp:120]  [T-Work-Detect_0] Valid piece: gid = 0
I1014 10:58:36.541745  4573 work_thread.hpp:92]  [T-Work-Detect_0] Push to split queue:recog
I1014 10:58:36.541795  4575 work_thread.hpp:81]  [T-Work-Recog_1] Run work: WorkCapture
I1014 10:58:36.541805  4576 thread_intergrate.hpp:78] [T-Intergrate-intergrate] queue: frame output frame :137
I1014 10:58:36.541831  4576 thread_intergrate.hpp:85] [T-Intergrate-intergrate] queue: compare output face:0
I1014 10:58:36.541847  4576 thread_intergrate.hpp:138] T-Intergrate-intergrate set matched face: 0
I1014 10:58:36.542376  4575 work_thread.hpp:81]  [T-Work-Recog_1] Run work: WorkRecog
I1014 10:58:36.542402  4575 work_recog.hpp:89] Face id: 0 will run recog: bbox [188 x 233 from (292, 124)] quality: 0.424089
I1014 10:58:36.542433  4575 work_recog.hpp:96] Recog pair: [272 x 288 from (248, 72)], [188 x 233 from (44, 52)]
I1014 10:58:36.543026  4576 thread_intergrate.hpp:158] T-Intergrate-intergrate Show face :0, size :640 * 360
I1014 10:58:36.543586  4572 demo_inner.hpp:435] thread [SORT-0]  frame id 137 sorting queue size 7   FPS: 29.9252
I1014 10:58:36.560142  4575 work_thread.hpp:81]  [T-Work-Recog_1] Run work: WorkCompare
I1014 10:58:36.560272  4575 work_compare.cpp:76] Compare face: 0 successed, similarity :0.977953, name : images/thanglmb.jpg, normal size : 640 * 360!
I1014 10:58:36.570153  4570 demo_inner.hpp:177] decode queue size 0
I1014 10:58:36.570277  4573 work_thread.hpp:81]  [T-Work-Detect_0] Run work: WorkDetect
I1014 10:58:36.570314  4573 work_detect.cpp:102] Succeeded to add det start for frame 138
I1014 10:58:36.577179  4573 work_detect.cpp:70] Frame :138 detect result :1 face(s)
I1014 10:58:36.577226  4573 work_detect.cpp:86] Detected bbox: [182 x 232 from (285, 128)]
I1014 10:58:36.577270  4573 work_detect.cpp:120] Succeeded to add det end for frame 138
I1014 10:58:36.577286  4573 work_thread.hpp:81]  [T-Work-Detect_0] Run work: WrokTrack
I1014 10:58:36.577311  4573 work_track.cpp:82] Frame: 138 build input_characts: [0.284375 x 0.644444 from (0.445312, 0.355556)], 1.00035, 0
I1014 10:58:36.577366  4573 work_track.cpp:102] Succeeded to set track lock for frame 138
I1014 10:58:36.577405  4573 work_track.cpp:116] Succeeded to release track lock for frame 138
I1014 10:58:36.577420  4573 work_track.cpp:120] Track results of frame 138: 1 objects input, 1 objects tracked!
I1014 10:58:36.577437  4573 work_track.cpp:148] Frame: 138, track bbox: [182 x 232 from (291.509, 125.735)], gid: 0, lid: 0
I1014 10:58:36.577474  4573 work_thread.hpp:88]  [T-Work-Detect_0] Frame :138 split
I1014 10:58:36.577491  4573 work_thread.hpp:120]  [T-Work-Detect_0] Valid piece: gid = 0
I1014 10:58:36.577509  4573 work_thread.hpp:92]  [T-Work-Detect_0] Push to split queue:recog
I1014 10:58:36.577558  4575 work_thread.hpp:81]  [T-Work-Recog_1] Run work: WorkCapture
I1014 10:58:36.577858  4576 thread_intergrate.hpp:78] [T-Intergrate-intergrate] queue: frame output frame :138
I1014 10:58:36.577980  4576 thread_intergrate.hpp:85] [T-Intergrate-intergrate] queue: compare output face:0
I1014 10:58:36.577999  4576 thread_intergrate.hpp:138] T-Intergrate-intergrate set matched face: 0
I1014 10:58:36.578114  4575 work_thread.hpp:81]  [T-Work-Recog_1] Run work: WorkRecog
I1014 10:58:36.578137  4575 work_recog.hpp:89] Face id: 0 will run recog: bbox [182 x 232 from (285, 128)] quality: 0.4707
I1014 10:58:36.578167  4575 work_recog.hpp:96] Recog pair: [256 x 280 from (248, 80)], [182 x 232 from (37, 48)]
I1014 10:58:36.579185  4576 thread_intergrate.hpp:158] T-Intergrate-intergrate Show face :0, size :640 * 360
I1014 10:58:36.579763  4572 demo_inner.hpp:435] thread [SORT-0]  frame id 138 sorting queue size 8   FPS: 29.9103
I1014 10:58:36.595840  4575 work_thread.hpp:81]  [T-Work-Recog_1] Run work: WorkCompare
I1014 10:58:36.595954  4575 work_compare.cpp:76] Compare face: 0 successed, similarity :0.965345, name : images/thanglmb.jpg, normal size : 640 * 360!
I1014 10:58:36.600317  4570 demo_inner.hpp:177] decode queue size 0
I1014 10:58:36.600435  4573 work_thread.hpp:81]  [T-Work-Detect_0] Run work: WorkDetect
I1014 10:58:36.600471  4573 work_detect.cpp:102] Succeeded to add det start for frame 139
