I1014 14:53:39.965999  8296 work_compare.cpp:76] Compare face: 2 successed, similarity :0.996487, name : images/ThangLMb.jpg, normal size : 1548 * 1719!
I1014 14:53:39.999749  8292 demo_inner.hpp:177] decode queue size 0
I1014 14:53:39.999850  8295 work_thread.hpp:81]  [T-Work-Detect_0] Run work: WorkDetect
I1014 14:53:39.999886  8295 work_detect.cpp:102] Succeeded to add det start for frame 182
I1014 14:53:40.006938  8295 work_detect.cpp:70] Frame :182 detect result :1 face(s)
I1014 14:53:40.006986  8295 work_detect.cpp:86] Detected bbox: [200 x 239 from (268, 32)]
I1014 14:53:40.007030  8295 work_detect.cpp:120] Succeeded to add det end for frame 182
I1014 14:53:40.007046  8295 work_thread.hpp:81]  [T-Work-Detect_0] Run work: WrokTrack
I1014 14:53:40.007071  8295 work_track.cpp:82] Frame: 182 build input_characts: [0.3125 x 0.663889 from (0.41875, 0.0888889)], 1.00035, 0
I1014 14:53:40.007128  8295 work_track.cpp:102] Succeeded to set track lock for frame 182
I1014 14:53:40.007167  8295 work_track.cpp:116] Succeeded to release track lock for frame 182
I1014 14:53:40.007182  8295 work_track.cpp:120] Track results of frame 182: 1 objects input, 1 objects tracked!
I1014 14:53:40.007200  8295 work_track.cpp:148] Frame: 182, track bbox: [200 x 239 from (281.012, 42.1812)], gid: 2, lid: 0
I1014 14:53:40.007236  8295 work_thread.hpp:87]  [T-Work-Detect_0] Frame :182 split
I1014 14:53:40.007252  8295 work_thread.hpp:120]  [T-Work-Detect_0] Valid piece: gid = 2
I1014 14:53:40.007272  8295 work_thread.hpp:91]  [T-Work-Detect_0] Push to split queue:recog
I1014 14:53:40.007315  8297 work_thread.hpp:81]  [T-Work-Recog_1] Run work: WorkCapture
I1014 14:53:40.007612  8298 thread_intergrate.hpp:78] [T-Intergrate-intergrate] queue: frame output frame :182
I1014 14:53:40.007639  8298 thread_intergrate.hpp:85] [T-Intergrate-intergrate] queue: compare output face:2
I1014 14:53:40.007658  8298 thread_intergrate.hpp:144] T-Intergrate-intergrate set matched face: 2
I1014 14:53:40.007884  8297 work_thread.hpp:81]  [T-Work-Recog_1] Run work: WorkRecog
I1014 14:53:40.007906  8297 work_recog.hpp:89] Face id: 2 will run recog: bbox [200 x 239 from (268, 32)] quality: 0.431762
I1014 14:53:40.007935  8297 work_recog.hpp:96] Recog pair: [288 x 336 from (224, 0)], [200 x 239 from (44, 32)]
I1014 14:53:40.011416  8298 thread_intergrate.hpp:164] T-Intergrate-intergrate Show face :2, size :640 * 360
I1014 14:53:40.011961  8294 demo_inner.hpp:435] thread [SORT-0]  frame id 182 sorting queue size 0   FPS: 16.6453
I1014 14:53:40.012104  8293 demo_inner.hpp:260]  gui queue size 0, state = running
I1014 14:53:40.025579  8297 work_thread.hpp:81]  [T-Work-Recog_1] Run work: WorkCompare
I1014 14:53:40.026042  8297 work_compare.cpp:76] Compare face: 2 successed, similarity :0.996411, name : images/ThangLMb.jpg, normal size : 1548 * 1719!
I1014 14:53:40.059870  8292 demo_inner.hpp:177] decode queue size 0
I1014 14:53:40.059973  8295 work_thread.hpp:81]  [T-Work-Detect_0] Run work: WorkDetect
I1014 14:53:40.060007  8295 work_detect.cpp:102] Succeeded to add det start for frame 183
I1014 14:53:40.067082  8295 work_detect.cpp:70] Frame :183 detect result :1 face(s)
I1014 14:53:40.067127  8295 work_detect.cpp:86] Detected bbox: [183 x 229 from (275, 62)]
I1014 14:53:40.067173  8295 work_detect.cpp:120] Succeeded to add det end for frame 183
I1014 14:53:40.067189  8295 work_thread.hpp:81]  [T-Work-Detect_0] Run work: WrokTrack
I1014 14:53:40.067214  8295 work_track.cpp:82] Frame: 183 build input_characts: [0.285937 x 0.636111 from (0.429688, 0.172222)], 1.00019, 0
I1014 14:53:40.067267  8295 work_track.cpp:102] Succeeded to set track lock for frame 183
I1014 14:53:40.067307  8295 work_track.cpp:116] Succeeded to release track lock for frame 183
I1014 14:53:40.067396  8295 work_track.cpp:120] Track results of frame 183: 1 objects input, 1 objects tracked!
I1014 14:53:40.067416  8295 work_track.cpp:148] Frame: 183, track bbox: [183 x 229 from (278.31, 54.9585)], gid: 2, lid: 0
I1014 14:53:40.067454  8295 work_thread.hpp:87]  [T-Work-Detect_0] Frame :183 split
I1014 14:53:40.067472  8295 work_thread.hpp:120]  [T-Work-Detect_0] Valid piece: gid = 2
I1014 14:53:40.067490  8295 work_thread.hpp:91]  [T-Work-Detect_0] Push to split queue:recog
I1014 14:53:40.067528  8297 work_thread.hpp:81]  [T-Work-Recog_1] Run work: WorkCapture
I1014 14:53:40.067548  8298 thread_intergrate.hpp:78] [T-Intergrate-intergrate] queue: frame output frame :183
I1014 14:53:40.067572  8298 thread_intergrate.hpp:85] [T-Intergrate-intergrate] queue: compare output face:2
I1014 14:53:40.067590  8298 thread_intergrate.hpp:144] T-Intergrate-intergrate set matched face: 2
I1014 14:53:40.068114  8297 work_thread.hpp:81]  [T-Work-Recog_1] Run work: WorkRecog
I1014 14:53:40.068140  8297 work_recog.hpp:89] Face id: 2 will run recog: bbox [183 x 229 from (275, 62)] quality: 0.302433
I1014 14:53:40.068190  8297 work_recog.hpp:96] Recog pair: [264 x 320 from (232, 16)], [183 x 229 from (43, 46)]
I1014 14:53:40.069088  8298 thread_intergrate.hpp:164] T-Intergrate-intergrate Show face :2, size :640 * 360
I1014 14:53:40.069715  8294 demo_inner.hpp:435] thread [SORT-0]  frame id 183 sorting queue size 0   FPS: 16.6667
I1014 14:53:40.069793  8293 demo_inner.hpp:260]  gui queue size 0, state = running
I1014 14:53:40.085753  8297 work_thread.hpp:81]  [T-Work-Recog_1] Run work: WorkCompare
I1014 14:53:40.086220  8297 work_compare.cpp:76] Compare face: 2 successed, similarity :0.994318, name : images/ThangLMb.jpg, normal size : 1548 * 1719!
I1014 14:53:40.119761  8292 demo_inner.hpp:177] decode queue size 0
I1014 14:53:40.119894  8295 work_thread.hpp:81]  [T-Work-Detect_0] Run work: WorkDetect
I1014 14:53:40.119931  8295 work_detect.cpp:102] Succeeded to add det start for frame 184
I1014 14:53:40.127063  8295 work_detect.cpp:70] Frame :184 detect result :2 face(s)
I1014 14:53:40.127110  8295 work_detect.cpp:86] Detected bbox: [200 x 240 from (256, 56)]
I1014 14:53:40.127172  8295 work_detect.cpp:86] Detected bbox: [124 x 146 from (295, 184)]
I1014 14:53:40.127205  8295 work_detect.cpp:120] Succeeded to add det end for frame 184
I1014 14:53:40.127221  8295 work_thread.hpp:81]  [T-Work-Detect_0] Run work: WrokTrack
I1014 14:53:40.127245  8295 work_track.cpp:82] Frame: 184 build input_characts: [0.3125 x 0.666667 from (0.4, 0.155556)], 1.00035, 0
I1014 14:53:40.127296  8295 work_track.cpp:82] Frame: 184 build input_characts: [0.19375 x 0.405556 from (0.460938, 0.511111)], 0.962122, 1
I1014 14:53:40.127331  8295 work_track.cpp:102] Succeeded to set track lock for frame 184
I1014 14:53:40.127377  8295 work_track.cpp:116] Succeeded to release track lock for frame 184
I1014 14:53:40.127393  8295 work_track.cpp:120] Track results of frame 184: 2 objects input, 1 objects tracked!
I1014 14:53:40.127410  8295 work_track.cpp:148] Frame: 184, track bbox: [200 x 240 from (256.416, 52.9149)], gid: 2, lid: 0
I1014 14:53:40.127445  8295 work_track.cpp:162] Frame: 184 lid: 1 not tracked, will set invalid
I1014 14:53:40.127461  8295 work_thread.hpp:87]  [T-Work-Detect_0] Frame :184 split
I1014 14:53:40.127478  8295 work_thread.hpp:120]  [T-Work-Detect_0] Valid piece: gid = 2
I1014 14:53:40.127496  8295 work_thread.hpp:126]  [T-Work-Detect_0] Invalid piece: lid = 1, drop it
I1014 14:53:40.127511  8295 work_thread.hpp:91]  [T-Work-Detect_0] Push to split queue:recog
I1014 14:53:40.127550  8297 work_thread.hpp:81]  [T-Work-Recog_1] Run work: WorkCapture
I1014 14:53:40.127565  8298 thread_intergrate.hpp:78] [T-Intergrate-intergrate] queue: frame output frame :184
I1014 14:53:40.127589  8298 thread_intergrate.hpp:85] [T-Intergrate-intergrate] queue: compare output face:2
I1014 14:53:40.127606  8298 thread_intergrate.hpp:144] T-Intergrate-intergrate set matched face: 2
I1014 14:53:40.128129  8297 work_thread.hpp:81]  [T-Work-Recog_1] Run work: WorkRecog
I1014 14:53:40.128262  8297 work_recog.hpp:89] Face id: 2 will run recog: bbox [200 x 240 from (256, 56)] quality: 0.286065
I1014 14:53:40.128294  8297 work_recog.hpp:96] Recog pair: [280 x 336 from (216, 8)], [200 x 240 from (40, 48)]
I1014 14:53:40.129093  8298 thread_intergrate.hpp:164] T-Intergrate-intergrate Show face :2, size :640 * 360
I1014 14:53:40.129607  8294 demo_inner.hpp:435] thread [SORT-0]  frame id 184 sorting queue size 0   FPS: 16.6524
I1014 14:53:40.129684  8293 demo_inner.hpp:260]  gui queue size 0, state = running
I1014 14:53:40.146018  8297 work_thread.hpp:81]  [T-Work-Recog_1] Run work: WorkCompare
I1014 14:53:40.146488  8297 work_compare.cpp:76] Compare face: 2 successed, similarity :0.984829, name : images/ThangLMb.jpg, normal size : 1548 * 1719!
I1014 14:53:40.179805  8292 demo_inner.hpp:177] decode queue size 0
I1014 14:53:40.179903  8295 work_thread.hpp:81]  [T-Work-Detect_0] Run work: WorkDetect
I1014 14:53:40.179939  8295 work_detect.cpp:102] Succeeded to add det start for frame 185
I1014 14:53:40.187052  8295 work_detect.cpp:70] Frame :185 detect result :2 face(s)
I1014 14:53:40.187099  8295 work_detect.cpp:86] Detected bbox: [207 x 251 from (239, 51)]
I1014 14:53:40.187132  8295 work_detect.cpp:86] Detected bbox: [120 x 140 from (297, 187)]
I1014 14:53:40.187165  8295 work_detect.cpp:120] Succeeded to add det end for frame 185
I1014 14:53:40.187181  8295 work_thread.hpp:81]  [T-Work-Detect_0] Run work: WrokTrack
I1014 14:53:40.187206  8295 work_track.cpp:82] Frame: 185 build input_characts: [0.323438 x 0.697222 from (0.373437, 0.141667)], 1.00035, 0
I1014 14:53:40.187256  8295 work_track.cpp:82] Frame: 185 build input_characts: [0.1875 x 0.388889 from (0.464063, 0.519444)], 0.962122, 1
I1014 14:53:40.187291  8295 work_track.cpp:102] Succeeded to set track lock for frame 185
I1014 14:53:40.187337  8295 work_track.cpp:116] Succeeded to release track lock for frame 185
I1014 14:53:40.187352  8295 work_track.cpp:120] Track results of frame 185: 2 objects input, 1 objects tracked!
I1014 14:53:40.187369  8295 work_track.cpp:148] Frame: 185, track bbox: [207 x 251 from (239.302, 53.4556)], gid: 2, lid: 0
I1014 14:53:40.187404  8295 work_track.cpp:162] Frame: 185 lid: 1 not tracked, will set invalid
I1014 14:53:40.187422  8295 work_thread.hpp:87]  [T-Work-Detect_0] Frame :185 split
I1014 14:53:40.187438  8295 work_thread.hpp:120]  [T-Work-Detect_0] Valid piece: gid = 2
I1014 14:53:40.187456  8295 work_thread.hpp:126]  [T-Work-Detect_0] Invalid piece: lid = 1, drop it
I1014 14:53:40.187471  8295 work_thread.hpp:91]  [T-Work-Detect_0] Push to split queue:recog
I1014 14:53:40.187523  8296 work_thread.hpp:81]  [T-Work-Recog_0] Run work: WorkCapture
I1014 14:53:40.187836  8298 thread_intergrate.hpp:78] [T-Intergrate-intergrate] queue: frame output frame :185
I1014 14:53:40.187863  8298 thread_intergrate.hpp:85] [T-Intergrate-intergrate] queue: compare output face:2
I1014 14:53:40.187881  8298 thread_intergrate.hpp:144] T-Intergrate-intergrate set matched face: 2
I1014 14:53:40.189383  8298 thread_intergrate.hpp:164] T-Intergrate-intergrate Show face :2, size :640 * 360
I1014 14:53:40.189527  8296 work_thread.hpp:81]  [T-Work-Recog_0] Run work: WorkRecog
I1014 14:53:40.189560  8296 work_recog.hpp:89] Face id: 2 will run recog: bbox [207 x 251 from (239, 51)] quality: 0.234362
I1014 14:53:40.189600  8296 work_recog.hpp:96] Recog pair: [296 x 352 from (192, 0)], [207 x 251 from (47, 51)]
I1014 14:53:40.189932  8294 demo_inner.hpp:435] thread [SORT-0]  frame id 185 sorting queue size 0   FPS: 16.6524
I1014 14:53:40.189994  8293 demo_inner.hpp:260]  gui queue size 0, state = running
I1014 14:53:40.207365  8296 work_thread.hpp:81]  [T-Work-Recog_0] Run work: WorkCompare
I1014 14:53:40.207828  8296 work_compare.cpp:76] Compare face: 2 successed, similarity :0.992506, name : images/ThangLMb.jpg, normal size : 1548 * 1719!
I1014 14:53:40.239747  8292 demo_inner.hpp:177] decode queue size 0
I1014 14:53:40.239850  8295 work_thread.hpp:81]  [T-Work-Detect_0] Run work: WorkDetect
I1014 14:53:40.239982  8295 work_detect.cpp:102] Succeeded to add det start for frame 186
I1014 14:53:40.247201  8295 work_detect.cpp:70] Frame :186 detect result :1 face(s)
I1014 14:53:40.247244  8295 work_detect.cpp:86] Detected bbox: [195 x 225 from (239, 88)]
I1014 14:53:40.247288  8295 work_detect.cpp:120] Succeeded to add det end for frame 186
I1014 14:53:40.247304  8295 work_thread.hpp:81]  [T-Work-Detect_0] Run work: WrokTrack
I1014 14:53:40.247328  8295 work_track.cpp:82] Frame: 186 build input_characts: [0.304688 x 0.625 from (0.373437, 0.244444)], 0.999622, 0
I1014 14:53:40.247383  8295 work_track.cpp:102] Succeeded to set track lock for frame 186
I1014 14:53:40.247426  8295 work_track.cpp:116] Succeeded to release track lock for frame 186
I1014 14:53:40.247442  8295 work_track.cpp:120] Track results of frame 186: 1 objects input, 1 objects tracked!
I1014 14:53:40.247458  8295 work_track.cpp:148] Frame: 186, track bbox: [195 x 225 from (235.921, 78.3796)], gid: 2, lid: 0
I1014 14:53:40.247495  8295 work_thread.hpp:87]  [T-Work-Detect_0] Frame :186 split
I1014 14:53:40.247512  8295 work_thread.hpp:120]  [T-Work-Detect_0] Valid piece: gid = 2
I1014 14:53:40.247530  8295 work_thread.hpp:91]  [T-Work-Detect_0] Push to split queue:recog
I1014 14:53:40.247575  8296 work_thread.hpp:81]  [T-Work-Recog_0] Run work: WorkCapture
I1014 14:53:40.247587  8298 thread_intergrate.hpp:78] [T-Intergrate-intergrate] queue: frame output frame :186
I1014 14:53:40.247611  8298 thread_intergrate.hpp:85] [T-Intergrate-intergrate] queue: compare output face:2
I1014 14:53:40.247629  8298 thread_intergrate.hpp:144] T-Intergrate-intergrate set matched face: 2
I1014 14:53:40.248209  8296 work_thread.hpp:81]  [T-Work-Recog_0] Run work: WorkRecog
W1014 14:53:40.248239  8296 work_recog.hpp:118] Face id: 2 has low quality : 0.061277, no need to recog
I1014 14:53:40.248322  8296 work_thread.hpp:81]  [T-Work-Recog_0] Run work: WorkCompare
I1014 14:53:40.249126  8298 thread_intergrate.hpp:164] T-Intergrate-intergrate Show face :2, size :640 * 360
I1014 14:53:40.249637  8294 demo_inner.hpp:435] thread [SORT-0]  frame id 186 sorting queue size 0   FPS: 16.6524
I1014 14:53:40.249696  8293 demo_inner.hpp:260]  gui queue size 0, state = running
I1014 14:53:40.299489  8292 demo_inner.hpp:177] decode queue size 0
I1014 14:53:40.299612  8295 work_thread.hpp:81]  [T-Work-Detect_0] Run work: WorkDetect
I1014 14:53:40.299649  8295 work_detect.cpp:102] Succeeded to add det start for frame 187
I1014 14:53:40.306668  8295 work_detect.cpp:70] Frame :187 detect result :1 face(s)
I1014 14:53:40.306720  8295 work_detect.cpp:86] Detected bbox: [208 x 241 from (219, 52)]
I1014 14:53:40.306766  8295 work_detect.cpp:120] Succeeded to add det end for frame 187
I1014 14:53:40.306782  8295 work_thread.hpp:81]  [T-Work-Detect_0] Run work: WrokTrack
I1014 14:53:40.306808  8295 work_track.cpp:82] Frame: 187 build input_characts: [0.325 x 0.669444 from (0.342187, 0.144444)], 0.992159, 0
I1014 14:53:40.306862  8295 work_track.cpp:102] Succeeded to set track lock for frame 187
I1014 14:53:40.306908  8295 work_track.cpp:116] Succeeded to release track lock for frame 187
I1014 14:53:40.306923  8295 work_track.cpp:120] Track results of frame 187: 1 objects input, 1 objects tracked!
I1014 14:53:40.306941  8295 work_track.cpp:148] Frame: 187, track bbox: [208 x 241 from (221.34, 67.7385)], gid: 2, lid: 0
I1014 14:53:40.306977  8295 work_thread.hpp:87]  [T-Work-Detect_0] Frame :187 split
I1014 14:53:40.306995  8295 work_thread.hpp:120]  [T-Work-Detect_0] Valid piece: gid = 2
I1014 14:53:40.307013  8295 work_thread.hpp:91]  [T-Work-Detect_0] Push to split queue:recog
I1014 14:53:40.307076  8297 work_thread.hpp:81]  [T-Work-Recog_1] Run work: WorkCapture
I1014 14:53:40.307374  8298 thread_intergrate.hpp:78] [T-Intergrate-intergrate] queue: frame output frame :187
I1014 14:53:40.307622  8297 work_thread.hpp:81]  [T-Work-Recog_1] Run work: WorkRecog
W1014 14:53:40.307644  8297 work_recog.hpp:118] Face id: 2 has low quality : 0.0057445, no need to recog
I1014 14:53:40.307714  8297 work_thread.hpp:81]  [T-Work-Recog_1] Run work: WorkCompare
I1014 14:53:40.308540  8298 thread_intergrate.hpp:164] T-Intergrate-intergrate Show face :2, size :640 * 360
I1014 14:53:40.309067  8294 demo_inner.hpp:435] thread [SORT-0]  frame id 187 sorting queue size 0   FPS: 16.6595
I1014 14:53:40.309124  8293 demo_inner.hpp:260]  gui queue size 0, state = running
I1014 14:53:40.359653  8292 demo_inner.hpp:177] decode queue size 0
I1014 14:53:40.359758  8295 work_thread.hpp:81]  [T-Work-Detect_0] Run work: WorkDetect
I1014 14:53:40.359797  8295 work_detect.cpp:102] Succeeded to add det start for frame 188
I1014 14:53:40.366859  8295 work_detect.cpp:70] Frame :188 detect result :2 face(s)
I1014 14:53:40.366906  8295 work_detect.cpp:86] Detected bbox: [183 x 215 from (211, 94)]
I1014 14:53:40.366940  8295 work_detect.cpp:86] Detected bbox: [94 x 110 from (278, 203)]
I1014 14:53:40.366971  8295 work_detect.cpp:120] Succeeded to add det end for frame 188
I1014 14:53:40.366986  8295 work_thread.hpp:81]  [T-Work-Detect_0] Run work: WrokTrack
I1014 14:53:40.367012  8295 work_track.cpp:82] Frame: 188 build input_characts: [0.285937 x 0.597222 from (0.329688, 0.261111)], 0.983827, 0
I1014 14:53:40.367063  8295 work_track.cpp:82] Frame: 188 build input_characts: [0.146875 x 0.305556 from (0.434375, 0.563889)], 0.962122, 1
I1014 14:53:40.367099  8295 work_track.cpp:102] Succeeded to set track lock for frame 188
I1014 14:53:40.367144  8295 work_track.cpp:116] Succeeded to release track lock for frame 188
I1014 14:53:40.367158  8295 work_track.cpp:120] Track results of frame 188: 2 objects input, 1 objects tracked!
I1014 14:53:40.367177  8295 work_track.cpp:148] Frame: 188, track bbox: [183 x 215 from (216.05, 86.2929)], gid: 2, lid: 0
I1014 14:53:40.367211  8295 work_track.cpp:162] Frame: 188 lid: 1 not tracked, will set invalid
I1014 14:53:40.367228  8295 work_thread.hpp:87]  [T-Work-Detect_0] Frame :188 split
I1014 14:53:40.367244  8295 work_thread.hpp:120]  [T-Work-Detect_0] Valid piece: gid = 2
I1014 14:53:40.367262  8295 work_thread.hpp:126]  [T-Work-Detect_0] Invalid piece: lid = 1, drop it
I1014 14:53:40.367277  8295 work_thread.hpp:91]  [T-Work-Detect_0] Push to split queue:recog
I1014 14:53:40.367336  8297 work_thread.hpp:81]  [T-Work-Recog_1] Run work: WorkCapture
I1014 14:53:40.367636  8298 thread_intergrate.hpp:78] [T-Intergrate-intergrate] queue: frame output frame :188
I1014 14:53:40.367877  8297 work_thread.hpp:81]  [T-Work-Recog_1] Run work: WorkRecog
W1014 14:53:40.367899  8297 work_recog.hpp:118] Face id: 2 has low quality : 0.00827217, no need to recog
I1014 14:53:40.367969  8297 work_thread.hpp:81]  [T-Work-Recog_1] Run work: WorkCompare
I1014 14:53:40.368796  8298 thread_intergrate.hpp:164] T-Intergrate-intergrate Show face :2, size :640 * 360
I1014 14:53:40.369328  8294 demo_inner.hpp:435] thread [SORT-0]  frame id 188 sorting queue size 0   FPS: 16.6595
I1014 14:53:40.369396  8293 demo_inner.hpp:260]  gui queue size 0, state = running
I1014 14:53:40.419507  8292 demo_inner.hpp:177] decode queue size 0
I1014 14:53:40.419628  8295 work_thread.hpp:81]  [T-Work-Detect_0] Run work: WorkDetect
I1014 14:53:40.419665  8295 work_detect.cpp:102] Succeeded to add det start for frame 189
I1014 14:53:40.426301  8295 work_detect.cpp:70] Frame :189 detect result :1 face(s)
I1014 14:53:40.426354  8295 work_detect.cpp:86] Detected bbox: [142 x 166 from (186, 150)]
I1014 14:53:40.426398  8295 work_detect.cpp:120] Succeeded to add det end for frame 189
I1014 14:53:40.426414  8295 work_thread.hpp:81]  [T-Work-Detect_0] Run work: WrokTrack
I1014 14:53:40.426440  8295 work_track.cpp:82] Frame: 189 build input_characts: [0.221875 x 0.461111 from (0.290625, 0.416667)], 0.958164, 0
I1014 14:53:40.426493  8295 work_track.cpp:102] Succeeded to set track lock for frame 189
I1014 14:53:40.426535  8295 work_track.cpp:116] Succeeded to release track lock for frame 189
I1014 14:53:40.426550  8295 work_track.cpp:120] Track results of frame 189: 1 objects input, 1 objects tracked!
I1014 14:53:40.426568  8295 work_track.cpp:148] Frame: 189, track bbox: [142 x 166 from (203.782, 134.004)], gid: 2, lid: 0
I1014 14:53:40.426676  8295 work_thread.hpp:87]  [T-Work-Detect_0] Frame :189 split
I1014 14:53:40.426697  8295 work_thread.hpp:120]  [T-Work-Detect_0] Valid piece: gid = 2
I1014 14:53:40.426715  8295 work_thread.hpp:91]  [T-Work-Detect_0] Push to split queue:recog
I1014 14:53:40.426771  8298 thread_intergrate.hpp:78] [T-Intergrate-intergrate] queue: frame output frame :189
I1014 14:53:40.426784  8297 work_thread.hpp:81]  [T-Work-Recog_1] Run work: WorkCapture
I1014 14:53:40.427325  8297 work_thread.hpp:81]  [T-Work-Recog_1] Run work: WorkRecog
W1014 14:53:40.427350  8297 work_recog.hpp:118] Face id: 2 has low quality : 0.0150253, no need to recog
I1014 14:53:40.427402  8297 work_thread.hpp:81]  [T-Work-Recog_1] Run work: WorkCompare
I1014 14:53:40.427932  8298 thread_intergrate.hpp:164] T-Intergrate-intergrate Show face :2, size :640 * 360
I1014 14:53:40.428556  8294 demo_inner.hpp:435] thread [SORT-0]  frame id 189 sorting queue size 0   FPS: 16.6667
I1014 14:53:40.428622  8293 demo_inner.hpp:260]  gui queue size 0, state = running
I1014 14:53:40.479599  8292 demo_inner.hpp:177] decode queue size 0
I1014 14:53:40.479696  8295 work_thread.hpp:81]  [T-Work-Detect_0] Run work: WorkDetect
I1014 14:53:40.479732  8295 work_detect.cpp:102] Succeeded to add det start for frame 190
I1014 14:53:40.486202  8295 work_detect.cpp:70] Frame :190 detect result :0 face(s)
I1014 14:53:40.486260  8295 work_detect.cpp:120] Succeeded to add det end for frame 190
I1014 14:53:40.486276  8295 work_thread.hpp:81]  [T-Work-Detect_0] Run work: WrokTrack
I1014 14:53:40.486302  8295 work_track.cpp:102] Succeeded to set track lock for frame 190
I1014 14:53:40.486343  8295 work_track.cpp:116] Succeeded to release track lock for frame 190
I1014 14:53:40.486357  8295 work_track.cpp:120] Track results of frame 190: 0 objects input, 1 objects tracked!
I1014 14:53:40.486376  8295 work_track.cpp:148] Frame: 190, track bbox: [142 x 166 from (185.863, 143.472)], gid: 2, lid: -1
I1014 14:53:40.486428  8295 work_thread.hpp:87]  [T-Work-Detect_0] Frame :190 split
I1014 14:53:40.486479  8298 thread_intergrate.hpp:78] [T-Intergrate-intergrate] queue: frame output frame :190
I1014 14:53:40.487571  8298 thread_intergrate.hpp:164] T-Intergrate-intergrate Show face :2, size :640 * 360
I1014 14:53:40.488198  8294 demo_inner.hpp:435] thread [SORT-0]  frame id 190 sorting queue size 0   FPS: 16.6667
I1014 14:53:40.488267  8293 demo_inner.hpp:260]  gui queue size 0, state = running
I1014 14:53:40.539592  8292 demo_inner.hpp:177] decode queue size 0
I1014 14:53:40.539693  8295 work_thread.hpp:81]  [T-Work-Detect_0] Run work: WorkDetect
I1014 14:53:40.539727  8295 work_detect.cpp:102] Succeeded to add det start for frame 191
I1014 14:53:40.546105  8295 work_detect.cpp:70] Frame :191 detect result :0 face(s)
I1014 14:53:40.546156  8295 work_detect.cpp:120] Succeeded to add det end for frame 191
I1014 14:53:40.546173  8295 work_thread.hpp:81]  [T-Work-Detect_0] Run work: WrokTrack
I1014 14:53:40.546200  8295 work_track.cpp:102] Succeeded to set track lock for frame 191
I1014 14:53:40.546231  8295 work_track.cpp:116] Succeeded to release track lock for frame 191
I1014 14:53:40.546245  8295 work_track.cpp:120] Track results of frame 191: 0 objects input, 0 objects tracked!
I1014 14:53:40.546264  8295 work_thread.hpp:87]  [T-Work-Detect_0] Frame :191 split
I1014 14:53:40.546308  8298 thread_intergrate.hpp:78] [T-Intergrate-intergrate] queue: frame output frame :191
I1014 14:53:40.547399  8298 thread_intergrate.hpp:164] T-Intergrate-intergrate Show face :2, size :640 * 360
I1014 14:53:40.548018  8294 demo_inner.hpp:435] thread [SORT-0]  frame id 191 sorting queue size 0   FPS: 16.6667
I1014 14:53:40.548086  8293 demo_inner.hpp:260]  gui queue size 0, state = running
I1014 14:53:40.599567  8292 demo_inner.hpp:177] decode queue size 0
I1014 14:53:40.599700  8295 work_thread.hpp:81]  [T-Work-Detect_0] Run work: WorkDetect
I1014 14:53:40.599737  8295 work_detect.cpp:102] Succeeded to add det start for frame 192
I1014 14:53:40.606199  8295 work_detect.cpp:70] Frame :192 detect result :0 face(s)
I1014 14:53:40.606329  8295 work_detect.cpp:120] Succeeded to add det end for frame 192
I1014 14:53:40.606348  8295 work_thread.hpp:81]  [T-Work-Detect_0] Run work: WrokTrack
I1014 14:53:40.606376  8295 work_track.cpp:102] Succeeded to set track lock for frame 192
I1014 14:53:40.606408  8295 work_track.cpp:116] Succeeded to release track lock for frame 192
I1014 14:53:40.606422  8295 work_track.cpp:120] Track results of frame 192: 0 objects input, 0 objects tracked!
I1014 14:53:40.606441  8295 work_thread.hpp:87]  [T-Work-Detect_0] Frame :192 split
I1014 14:53:40.606492  8298 thread_intergrate.hpp:78] [T-Intergrate-intergrate] queue: frame output frame :192
I1014 14:53:40.607583  8298 thread_intergrate.hpp:164] T-Intergrate-intergrate Show face :2, size :640 * 360
I1014 14:53:40.608222  8294 demo_inner.hpp:435] thread [SORT-0]  frame id 192 sorting queue size 0   FPS: 16.6667
I1014 14:53:40.608294  8293 demo_inner.hpp:260]  gui queue size 0, state = running
I1014 14:53:40.659524  8292 demo_inner.hpp:177] decode queue size 0
I1014 14:53:40.659626  8295 work_thread.hpp:81]  [T-Work-Detect_0] Run work: WorkDetect
I1014 14:53:40.659658  8295 work_detect.cpp:102] Succeeded to add det start for frame 193
I1014 14:53:40.666028  8295 work_detect.cpp:70] Frame :193 detect result :0 face(s)
I1014 14:53:40.666080  8295 work_detect.cpp:120] Succeeded to add det end for frame 193
I1014 14:53:40.666097  8295 work_thread.hpp:81]  [T-Work-Detect_0] Run work: WrokTrack
I1014 14:53:40.666126  8295 work_track.cpp:102] Succeeded to set track lock for frame 193
I1014 14:53:40.666152  8295 work_track.cpp:116] Succeeded to release track lock for frame 193
I1014 14:53:40.666165  8295 work_track.cpp:120] Track results of frame 193: 0 objects input, 0 objects tracked!
I1014 14:53:40.666184  8295 work_thread.hpp:87]  [T-Work-Detect_0] Frame :193 split
I1014 14:53:40.666229  8298 thread_intergrate.hpp:78] [T-Intergrate-intergrate] queue: frame output frame :193
I1014 14:53:40.667321  8298 thread_intergrate.hpp:164] T-Intergrate-intergrate Show face :2, size :640 * 360
I1014 14:53:40.667939  8294 demo_inner.hpp:435] thread [SORT-0]  frame id 193 sorting queue size 0   FPS: 16.6667
I1014 14:53:40.668013  8293 demo_inner.hpp:260]  gui queue size 0, state = running
I1014 14:53:40.719558  8292 demo_inner.hpp:177] decode queue size 0
I1014 14:53:40.719674  8295 work_thread.hpp:81]  [T-Work-Detect_0] Run work: WorkDetect
I1014 14:53:40.719707  8295 work_detect.cpp:102] Succeeded to add det start for frame 194
I1014 14:53:40.726109  8295 work_detect.cpp:70] Frame :194 detect result :0 face(s)
I1014 14:53:40.726161  8295 work_detect.cpp:120] Succeeded to add det end for frame 194
I1014 14:53:40.726177  8295 work_thread.hpp:81]  [T-Work-Detect_0] Run work: WrokTrack
I1014 14:53:40.726204  8295 work_track.cpp:102] Succeeded to set track lock for frame 194
I1014 14:53:40.726230  8295 work_track.cpp:116] Succeeded to release track lock for frame 194
I1014 14:53:40.726244  8295 work_track.cpp:120] Track results of frame 194: 0 objects input, 0 objects tracked!
I1014 14:53:40.726261  8295 work_thread.hpp:87]  [T-Work-Detect_0] Frame :194 split
I1014 14:53:40.726307  8298 thread_intergrate.hpp:78] [T-Intergrate-intergrate] queue: frame output frame :194
I1014 14:53:40.727398  8298 thread_intergrate.hpp:164] T-Intergrate-intergrate Show face :2, size :640 * 360
I1014 14:53:40.728018  8294 demo_inner.hpp:435] thread [SORT-0]  frame id 194 sorting queue size 0   FPS: 16.6667
I1014 14:53:40.728094  8293 demo_inner.hpp:260]  gui queue size 0, state = running
I1014 14:53:40.779392  8292 demo_inner.hpp:177] decode queue size 0
I1014 14:53:40.779505  8295 work_thread.hpp:81]  [T-Work-Detect_0] Run work: WorkDetect
I1014 14:53:40.779541  8295 work_detect.cpp:102] Succeeded to add det start for frame 195
I1014 14:53:40.786036  8295 work_detect.cpp:70] Frame :195 detect result :0 face(s)
I1014 14:53:40.786095  8295 work_detect.cpp:120] Succeeded to add det end for frame 195
I1014 14:53:40.786113  8295 work_thread.hpp:81]  [T-Work-Detect_0] Run work: WrokTrack
I1014 14:53:40.786211  8295 work_track.cpp:102] Succeeded to set track lock for frame 195
I1014 14:53:40.786240  8295 work_track.cpp:116] Succeeded to release track lock for frame 195
I1014 14:53:40.786254  8295 work_track.cpp:120] Track results of frame 195: 0 objects input, 0 objects tracked!
I1014 14:53:40.786273  8295 work_thread.hpp:87]  [T-Work-Detect_0] Frame :195 split
I1014 14:53:40.786315  8298 thread_intergrate.hpp:78] [T-Intergrate-intergrate] queue: frame output frame :195
I1014 14:53:40.787403  8298 thread_intergrate.hpp:164] T-Intergrate-intergrate Show face :2, size :640 * 360
I1014 14:53:40.787904  8294 demo_inner.hpp:435] thread [SORT-0]  frame id 195 sorting queue size 0   FPS: 16.6738
I1014 14:53:40.787973  8293 demo_inner.hpp:260]  gui queue size 0, state = running
I1014 14:53:40.839498  8292 demo_inner.hpp:177] decode queue size 0
I1014 14:53:40.839639  8295 work_thread.hpp:81]  [T-Work-Detect_0] Run work: WorkDetect
I1014 14:53:40.839676  8295 work_detect.cpp:102] Succeeded to add det start for frame 196
I1014 14:53:40.846135  8295 work_detect.cpp:70] Frame :196 detect result :0 face(s)
I1014 14:53:40.846197  8295 work_detect.cpp:120] Succeeded to add det end for frame 196
I1014 14:53:40.846215  8295 work_thread.hpp:81]  [T-Work-Detect_0] Run work: WrokTrack
I1014 14:53:40.846241  8295 work_track.cpp:102] Succeeded to set track lock for frame 196
I1014 14:53:40.846267  8295 work_track.cpp:116] Succeeded to release track lock for frame 196
I1014 14:53:40.846282  8295 work_track.cpp:120] Track results of frame 196: 0 objects input, 0 objects tracked!
I1014 14:53:40.846300  8295 work_thread.hpp:87]  [T-Work-Detect_0] Frame :196 split
I1014 14:53:40.846345  8298 thread_intergrate.hpp:78] [T-Intergrate-intergrate] queue: frame output frame :196
I1014 14:53:40.847432  8298 thread_intergrate.hpp:164] T-Intergrate-intergrate Show face :2, size :640 * 360
I1014 14:53:40.847932  8294 demo_inner.hpp:435] thread [SORT-0]  frame id 196 sorting queue size 0   FPS: 16.6738
I1014 14:53:40.848001  8293 demo_inner.hpp:260]  gui queue size 0, state = running
I1014 14:53:40.899533  8292 demo_inner.hpp:177] decode queue size 0
I1014 14:53:40.899636  8295 work_thread.hpp:81]  [T-Work-Detect_0] Run work: WorkDetect
I1014 14:53:40.899673  8295 work_detect.cpp:102] Succeeded to add det start for frame 197
I1014 14:53:40.906116  8295 work_detect.cpp:70] Frame :197 detect result :0 face(s)
I1014 14:53:40.906170  8295 work_detect.cpp:120] Succeeded to add det end for frame 197
I1014 14:53:40.906188  8295 work_thread.hpp:81]  [T-Work-Detect_0] Run work: WrokTrack
I1014 14:53:40.906214  8295 work_track.cpp:102] Succeeded to set track lock for frame 197
I1014 14:53:40.906241  8295 work_track.cpp:116] Succeeded to release track lock for frame 197
I1014 14:53:40.906255  8295 work_track.cpp:120] Track results of frame 197: 0 objects input, 0 objects tracked!
I1014 14:53:40.906273  8295 work_thread.hpp:87]  [T-Work-Detect_0] Frame :197 split
I1014 14:53:40.906316  8298 thread_intergrate.hpp:78] [T-Intergrate-intergrate] queue: frame output frame :197
I1014 14:53:40.907404  8298 thread_intergrate.hpp:164] T-Intergrate-intergrate Show face :2, size :640 * 360
I1014 14:53:40.907907  8294 demo_inner.hpp:435] thread [SORT-0]  frame id 197 sorting queue size 0   FPS: 16.6738
I1014 14:53:40.907974  8293 demo_inner.hpp:260]  gui queue size 0, state = running
I1014 14:53:40.959571  8292 demo_inner.hpp:177] decode queue size 0
I1014 14:53:40.959676  8295 work_thread.hpp:81]  [T-Work-Detect_0] Run work: WorkDetect
I1014 14:53:40.959714  8295 work_detect.cpp:102] Succeeded to add det start for frame 198
I1014 14:53:40.966187  8295 work_detect.cpp:70] Frame :198 detect result :0 face(s)
I1014 14:53:40.966240  8295 work_detect.cpp:120] Succeeded to add det end for frame 198
I1014 14:53:40.966256  8295 work_thread.hpp:81]  [T-Work-Detect_0] Run work: WrokTrack
I1014 14:53:40.966284  8295 work_track.cpp:102] Succeeded to set track lock for frame 198
I1014 14:53:40.966310  8295 work_track.cpp:116] Succeeded to release track lock for frame 198
I1014 14:53:40.966397  8295 work_track.cpp:120] Track results of frame 198: 0 objects input, 0 objects tracked!
I1014 14:53:40.966418  8295 work_thread.hpp:87]  [T-Work-Detect_0] Frame :198 split
I1014 14:53:40.966459  8298 thread_intergrate.hpp:78] [T-Intergrate-intergrate] queue: frame output frame :198
I1014 14:53:40.967547  8298 thread_intergrate.hpp:164] T-Intergrate-intergrate Show face :2, size :640 * 360
I1014 14:53:40.968171  8294 demo_inner.hpp:435] thread [SORT-0]  frame id 198 sorting queue size 0   FPS: 16.6667
I1014 14:53:40.968245  8293 demo_inner.hpp:260]  gui queue size 0, state = running
I1014 14:53:41.019781  8292 demo_inner.hpp:177] decode queue size 0
I1014 14:53:41.019912  8295 work_thread.hpp:81]  [T-Work-Detect_0] Run work: WorkDetect
I1014 14:53:41.019948  8295 work_detect.cpp:102] Succeeded to add det start for frame 199
I1014 14:53:41.026381  8295 work_detect.cpp:70] Frame :199 detect result :0 face(s)
I1014 14:53:41.026432  8295 work_detect.cpp:120] Succeeded to add det end for frame 199
I1014 14:53:41.026448  8295 work_thread.hpp:81]  [T-Work-Detect_0] Run work: WrokTrack
I1014 14:53:41.026476  8295 work_track.cpp:102] Succeeded to set track lock for frame 199
I1014 14:53:41.026502  8295 work_track.cpp:116] Succeeded to release track lock for frame 199
I1014 14:53:41.026517  8295 work_track.cpp:120] Track results of frame 199: 0 objects input, 0 objects tracked!
I1014 14:53:41.026536  8295 work_thread.hpp:87]  [T-Work-Detect_0] Frame :199 split
I1014 14:53:41.026577  8298 thread_intergrate.hpp:78] [T-Intergrate-intergrate] queue: frame output frame :199
I1014 14:53:41.027665  8298 thread_intergrate.hpp:164] T-Intergrate-intergrate Show face :2, size :640 * 360
I1014 14:53:41.028288  8294 demo_inner.hpp:435] thread [SORT-0]  frame id 199 sorting queue size 0   FPS: 16.6667
I1014 14:53:41.028354  8293 demo_inner.hpp:260]  gui queue size 0, state = running
I1014 14:53:41.079586  8292 demo_inner.hpp:177] decode queue size 0
I1014 14:53:41.079715  8295 work_thread.hpp:81]  [T-Work-Detect_0] Run work: WorkDetect
I1014 14:53:41.079753  8295 work_detect.cpp:102] Succeeded to add det start for frame 200
I1014 14:53:41.086128  8295 work_detect.cpp:70] Frame :200 detect result :0 face(s)
I1014 14:53:41.086180  8295 work_detect.cpp:120] Succeeded to add det end for frame 200
I1014 14:53:41.086199  8295 work_thread.hpp:81]  [T-Work-Detect_0] Run work: WrokTrack
I1014 14:53:41.086225  8295 work_track.cpp:102] Succeeded to set track lock for frame 200
I1014 14:53:41.086252  8295 work_track.cpp:116] Succeeded to release track lock for frame 200
I1014 14:53:41.086266  8295 work_track.cpp:120] Track results of frame 200: 0 objects input, 0 objects tracked!
I1014 14:53:41.086284  8295 work_thread.hpp:87]  [T-Work-Detect_0] Frame :200 split
I1014 14:53:41.086326  8298 thread_intergrate.hpp:78] [T-Intergrate-intergrate] queue: frame output frame :200
I1014 14:53:41.087414  8298 thread_intergrate.hpp:164] T-Intergrate-intergrate Show face :2, size :640 * 360
I1014 14:53:41.088026  8294 demo_inner.hpp:435] thread [SORT-0]  frame id 200 sorting queue size 0   FPS: 16.6667
I1014 14:53:41.088094  8293 demo_inner.hpp:260]  gui queue size 0, state = running
I1014 14:53:41.139763  8292 demo_inner.hpp:177] decode queue size 0
I1014 14:53:41.139873  8295 work_thread.hpp:81]  [T-Work-Detect_0] Run work: WorkDetect
I1014 14:53:41.139910  8295 work_detect.cpp:102] Succeeded to add det start for frame 201
I1014 14:53:41.146368  8295 work_detect.cpp:70] Frame :201 detect result :0 face(s)
I1014 14:53:41.146425  8295 work_detect.cpp:120] Succeeded to add det end for frame 201
I1014 14:53:41.146441  8295 work_thread.hpp:81]  [T-Work-Detect_0] Run work: WrokTrack
I1014 14:53:41.146469  8295 work_track.cpp:102] Succeeded to set track lock for frame 201
I1014 14:53:41.146497  8295 work_track.cpp:116] Succeeded to release track lock for frame 201
I1014 14:53:41.146510  8295 work_track.cpp:120] Track results of frame 201: 0 objects input, 0 objects tracked!
I1014 14:53:41.146528  8295 work_thread.hpp:87]  [T-Work-Detect_0] Frame :201 split
I1014 14:53:41.146641  8298 thread_intergrate.hpp:78] [T-Intergrate-intergrate] queue: frame output frame :201
I1014 14:53:41.147730  8298 thread_intergrate.hpp:164] T-Intergrate-intergrate Show face :2, size :640 * 360
I1014 14:53:41.148365  8294 demo_inner.hpp:435] thread [SORT-0]  frame id 201 sorting queue size 0   FPS: 16.6667
I1014 14:53:41.148434  8293 demo_inner.hpp:260]  gui queue size 0, state = running
I1014 14:53:41.199744  8292 demo_inner.hpp:177] decode queue size 0
I1014 14:53:41.199846  8295 work_thread.hpp:81]  [T-Work-Detect_0] Run work: WorkDetect
I1014 14:53:41.199883  8295 work_detect.cpp:102] Succeeded to add det start for frame 202
I1014 14:53:41.206316  8295 work_detect.cpp:70] Frame :202 detect result :0 face(s)
I1014 14:53:41.206373  8295 work_detect.cpp:120] Succeeded to add det end for frame 202
I1014 14:53:41.206389  8295 work_thread.hpp:81]  [T-Work-Detect_0] Run work: WrokTrack
I1014 14:53:41.206418  8295 work_track.cpp:102] Succeeded to set track lock for frame 202
I1014 14:53:41.206444  8295 work_track.cpp:116] Succeeded to release track lock for frame 202
I1014 14:53:41.206459  8295 work_track.cpp:120] Track results of frame 202: 0 objects input, 0 objects tracked!
I1014 14:53:41.206477  8295 work_thread.hpp:87]  [T-Work-Detect_0] Frame :202 split
I1014 14:53:41.206526  8298 thread_intergrate.hpp:78] [T-Intergrate-intergrate] queue: frame output frame :202
I1014 14:53:41.207613  8298 thread_intergrate.hpp:164] T-Intergrate-intergrate Show face :2, size :640 * 360
I1014 14:53:41.208114  8294 demo_inner.hpp:435] thread [SORT-0]  frame id 202 sorting queue size 0   FPS: 16.6738
I1014 14:53:41.208196  8293 demo_inner.hpp:260]  gui queue size 0, state = running
I1014 14:53:41.259835  8292 demo_inner.hpp:177] decode queue size 0
I1014 14:53:41.259945  8295 work_thread.hpp:81]  [T-Work-Detect_0] Run work: WorkDetect
I1014 14:53:41.259984  8295 work_detect.cpp:102] Succeeded to add det start for frame 203
I1014 14:53:41.266407  8295 work_detect.cpp:70] Frame :203 detect result :0 face(s)
I1014 14:53:41.266463  8295 work_detect.cpp:120] Succeeded to add det end for frame 203
I1014 14:53:41.266479  8295 work_thread.hpp:81]  [T-Work-Detect_0] Run work: WrokTrack
I1014 14:53:41.266506  8295 work_track.cpp:102] Succeeded to set track lock for frame 203
I1014 14:53:41.266533  8295 work_track.cpp:116] Succeeded to release track lock for frame 203
I1014 14:53:41.266547  8295 work_track.cpp:120] Track results of frame 203: 0 objects input, 0 objects tracked!
I1014 14:53:41.266566  8295 work_thread.hpp:87]  [T-Work-Detect_0] Frame :203 split
I1014 14:53:41.266615  8298 thread_intergrate.hpp:78] [T-Intergrate-intergrate] queue: frame output frame :203
I1014 14:53:41.267702  8298 thread_intergrate.hpp:164] T-Intergrate-intergrate Show face :2, size :640 * 360
I1014 14:53:41.268218  8294 demo_inner.hpp:435] thread [SORT-0]  frame id 203 sorting queue size 0   FPS: 16.6738
I1014 14:53:41.268286  8293 demo_inner.hpp:260]  gui queue size 0, state = running
I1014 14:53:41.319981  8292 demo_inner.hpp:177] decode queue size 0
I1014 14:53:41.320091  8295 work_thread.hpp:81]  [T-Work-Detect_0] Run work: WorkDetect
I1014 14:53:41.320127  8295 work_detect.cpp:102] Succeeded to add det start for frame 204
I1014 14:53:41.326584  8295 work_detect.cpp:70] Frame :204 detect result :0 face(s)
I1014 14:53:41.326639  8295 work_detect.cpp:120] Succeeded to add det end for frame 204
I1014 14:53:41.326656  8295 work_thread.hpp:81]  [T-Work-Detect_0] Run work: WrokTrack
I1014 14:53:41.326683  8295 work_track.cpp:102] Succeeded to set track lock for frame 204
I1014 14:53:41.326710  8295 work_track.cpp:116] Succeeded to release track lock for frame 204
I1014 14:53:41.326725  8295 work_track.cpp:120] Track results of frame 204: 0 objects input, 0 objects tracked!
I1014 14:53:41.326742  8295 work_thread.hpp:87]  [T-Work-Detect_0] Frame :204 split
I1014 14:53:41.326792  8298 thread_intergrate.hpp:78] [T-Intergrate-intergrate] queue: frame output frame :204
I1014 14:53:41.327879  8298 thread_intergrate.hpp:164] T-Intergrate-intergrate Show face :2, size :640 * 360
I1014 14:53:41.328577  8294 demo_inner.hpp:435] thread [SORT-0]  frame id 204 sorting queue size 0   FPS: 16.6667
I1014 14:53:41.328649  8293 demo_inner.hpp:260]  gui queue size 0, state = running
I1014 14:53:41.379825  8292 demo_inner.hpp:177] decode queue size 0
I1014 14:53:41.380019  8295 work_thread.hpp:81]  [T-Work-Detect_0] Run work: WorkDetect
I1014 14:53:41.380057  8295 work_detect.cpp:102] Succeeded to add det start for frame 205
I1014 14:53:41.386421  8295 work_detect.cpp:70] Frame :205 detect result :0 face(s)
I1014 14:53:41.386482  8295 work_detect.cpp:120] Succeeded to add det end for frame 205
I1014 14:53:41.386498  8295 work_thread.hpp:81]  [T-Work-Detect_0] Run work: WrokTrack
I1014 14:53:41.386526  8295 work_track.cpp:102] Succeeded to set track lock for frame 205
I1014 14:53:41.386552  8295 work_track.cpp:116] Succeeded to release track lock for frame 205
I1014 14:53:41.386566  8295 work_track.cpp:120] Track results of frame 205: 0 objects input, 0 objects tracked!
I1014 14:53:41.386585  8295 work_thread.hpp:87]  [T-Work-Detect_0] Frame :205 split
I1014 14:53:41.386636  8298 thread_intergrate.hpp:78] [T-Intergrate-intergrate] queue: frame output frame :205
I1014 14:53:41.387725  8298 thread_intergrate.hpp:164] T-Intergrate-intergrate Show face :2, size :640 * 360
I1014 14:53:41.388253  8294 demo_inner.hpp:435] thread [SORT-0]  frame id 205 sorting queue size 0   FPS: 16.6738
I1014 14:53:41.388320  8293 demo_inner.hpp:260]  gui queue size 0, state = running
I1014 14:53:41.439968  8292 demo_inner.hpp:177] decode queue size 0
I1014 14:53:41.440075  8295 work_thread.hpp:81]  [T-Work-Detect_0] Run work: WorkDetect
I1014 14:53:41.440114  8295 work_detect.cpp:102] Succeeded to add det start for frame 206
I1014 14:53:41.446514  8295 work_detect.cpp:70] Frame :206 detect result :0 face(s)
I1014 14:53:41.446570  8295 work_detect.cpp:120] Succeeded to add det end for frame 206
I1014 14:53:41.446586  8295 work_thread.hpp:81]  [T-Work-Detect_0] Run work: WrokTrack
I1014 14:53:41.446614  8295 work_track.cpp:102] Succeeded to set track lock for frame 206
I1014 14:53:41.446640  8295 work_track.cpp:116] Succeeded to release track lock for frame 206
I1014 14:53:41.446655  8295 work_track.cpp:120] Track results of frame 206: 0 objects input, 0 objects tracked!
I1014 14:53:41.446672  8295 work_thread.hpp:87]  [T-Work-Detect_0] Frame :206 split
I1014 14:53:41.446720  8298 thread_intergrate.hpp:78] [T-Intergrate-intergrate] queue: frame output frame :206
I1014 14:53:41.447810  8298 thread_intergrate.hpp:164] T-Intergrate-intergrate Show face :2, size :640 * 360
I1014 14:53:41.448335  8294 demo_inner.hpp:435] thread [SORT-0]  frame id 206 sorting queue size 0   FPS: 16.6738
I1014 14:53:41.448405  8293 demo_inner.hpp:260]  gui queue size 0, state = running
I1014 14:53:41.500697  8292 demo_inner.hpp:177] decode queue size 0
I1014 14:53:41.500913  8295 work_thread.hpp:81]  [T-Work-Detect_0] Run work: WorkDetect
I1014 14:53:41.500953  8295 work_detect.cpp:102] Succeeded to add det start for frame 207
I1014 14:53:41.507421  8295 work_detect.cpp:70] Frame :207 detect result :0 face(s)
I1014 14:53:41.507483  8295 work_detect.cpp:120] Succeeded to add det end for frame 207
I1014 14:53:41.507499  8295 work_thread.hpp:81]  [T-Work-Detect_0] Run work: WrokTrack
I1014 14:53:41.507527  8295 work_track.cpp:102] Succeeded to set track lock for frame 207
I1014 14:53:41.507553  8295 work_track.cpp:116] Succeeded to release track lock for frame 207
I1014 14:53:41.507567  8295 work_track.cpp:120] Track results of frame 207: 0 objects input, 0 objects tracked!
I1014 14:53:41.507586  8295 work_thread.hpp:87]  [T-Work-Detect_0] Frame :207 split
I1014 14:53:41.507652  8298 thread_intergrate.hpp:78] [T-Intergrate-intergrate] queue: frame output frame :207
I1014 14:53:41.508738  8298 thread_intergrate.hpp:164] T-Intergrate-intergrate Show face :2, size :640 * 360
I1014 14:53:41.509366  8294 demo_inner.hpp:435] thread [SORT-0]  frame id 207 sorting queue size 0   FPS: 16.6667
I1014 14:53:41.509511  8293 demo_inner.hpp:260]  gui queue size 0, state = running
I1014 14:53:41.559938  8292 demo_inner.hpp:177] decode queue size 0
I1014 14:53:41.560052  8295 work_thread.hpp:81]  [T-Work-Detect_0] Run work: WorkDetect
I1014 14:53:41.560088  8295 work_detect.cpp:102] Succeeded to add det start for frame 208
I1014 14:53:41.566524  8295 work_detect.cpp:70] Frame :208 detect result :0 face(s)
I1014 14:53:41.566583  8295 work_detect.cpp:120] Succeeded to add det end for frame 208
I1014 14:53:41.566599  8295 work_thread.hpp:81]  [T-Work-Detect_0] Run work: WrokTrack
I1014 14:53:41.566625  8295 work_track.cpp:102] Succeeded to set track lock for frame 208
I1014 14:53:41.566653  8295 work_track.cpp:116] Succeeded to release track lock for frame 208
I1014 14:53:41.566666  8295 work_track.cpp:120] Track results of frame 208: 0 objects input, 0 objects tracked!
I1014 14:53:41.566685  8295 work_thread.hpp:87]  [T-Work-Detect_0] Frame :208 split
I1014 14:53:41.566751  8298 thread_intergrate.hpp:78] [T-Intergrate-intergrate] queue: frame output frame :208
I1014 14:53:41.567839  8298 thread_intergrate.hpp:164] T-Intergrate-intergrate Show face :2, size :640 * 360
I1014 14:53:41.568364  8294 demo_inner.hpp:435] thread [SORT-0]  frame id 208 sorting queue size 0   FPS: 16.6738
I1014 14:53:41.568434  8293 demo_inner.hpp:260]  gui queue size 0, state = running
I1014 14:53:41.619894  8292 demo_inner.hpp:177] decode queue size 0
I1014 14:53:41.620016  8295 work_thread.hpp:81]  [T-Work-Detect_0] Run work: WorkDetect
I1014 14:53:41.620054  8295 work_detect.cpp:102] Succeeded to add det start for frame 209
I1014 14:53:41.626394  8295 work_detect.cpp:70] Frame :209 detect result :0 face(s)
I1014 14:53:41.626447  8295 work_detect.cpp:120] Succeeded to add det end for frame 209
I1014 14:53:41.626463  8295 work_thread.hpp:81]  [T-Work-Detect_0] Run work: WrokTrack
I1014 14:53:41.626492  8295 work_track.cpp:102] Succeeded to set track lock for frame 209
I1014 14:53:41.626519  8295 work_track.cpp:116] Succeeded to release track lock for frame 209
I1014 14:53:41.626534  8295 work_track.cpp:120] Track results of frame 209: 0 objects input, 0 objects tracked!
I1014 14:53:41.626552  8295 work_thread.hpp:87]  [T-Work-Detect_0] Frame :209 split
I1014 14:53:41.626619  8298 thread_intergrate.hpp:78] [T-Intergrate-intergrate] queue: frame output frame :209
I1014 14:53:41.627708  8298 thread_intergrate.hpp:164] T-Intergrate-intergrate Show face :2, size :640 * 360
I1014 14:53:41.628235  8294 demo_inner.hpp:435] thread [SORT-0]  frame id 209 sorting queue size 0   FPS: 16.6738
I1014 14:53:41.628310  8293 demo_inner.hpp:260]  gui queue size 0, state = running
I1014 14:53:41.679913  8292 demo_inner.hpp:177] decode queue size 0
I1014 14:53:41.680017  8295 work_thread.hpp:81]  [T-Work-Detect_0] Run work: WorkDetect
I1014 14:53:41.680053  8295 work_detect.cpp:102] Succeeded to add det start for frame 210
I1014 14:53:41.686473  8295 work_detect.cpp:70] Frame :210 detect result :0 face(s)
I1014 14:53:41.686532  8295 work_detect.cpp:120] Succeeded to add det end for frame 210
I1014 14:53:41.686547  8295 work_thread.hpp:81]  [T-Work-Detect_0] Run work: WrokTrack
I1014 14:53:41.686575  8295 work_track.cpp:102] Succeeded to set track lock for frame 210
I1014 14:53:41.686602  8295 work_track.cpp:116] Succeeded to release track lock for frame 210
I1014 14:53:41.686616  8295 work_track.cpp:120] Track results of frame 210: 0 objects input, 0 objects tracked!
I1014 14:53:41.686635  8295 work_thread.hpp:87]  [T-Work-Detect_0] Frame :210 split
I1014 14:53:41.686700  8298 thread_intergrate.hpp:78] [T-Intergrate-intergrate] queue: frame output frame :210
I1014 14:53:41.687789  8298 thread_intergrate.hpp:164] T-Intergrate-intergrate Show face :2, size :640 * 360
I1014 14:53:41.688369  8294 demo_inner.hpp:435] thread [SORT-0]  frame id 210 sorting queue size 0   FPS: 19.0802
I1014 14:53:41.688436  8293 demo_inner.hpp:260]  gui queue size 0, state = running
I1014 14:53:41.739606  8292 demo_inner.hpp:177] decode queue size 0
I1014 14:53:41.739715  8295 work_thread.hpp:81]  [T-Work-Detect_0] Run work: WorkDetect
I1014 14:53:41.739830  8295 work_detect.cpp:102] Succeeded to add det start for frame 211
I1014 14:53:41.746248  8295 work_detect.cpp:70] Frame :211 detect result :0 face(s)
I1014 14:53:41.746305  8295 work_detect.cpp:120] Succeeded to add det end for frame 211
I1014 14:53:41.746321  8295 work_thread.hpp:81]  [T-Work-Detect_0] Run work: WrokTrack
I1014 14:53:41.746348  8295 work_track.cpp:102] Succeeded to set track lock for frame 211
I1014 14:53:41.746374  8295 work_track.cpp:116] Succeeded to release track lock for frame 211
I1014 14:53:41.746388  8295 work_track.cpp:120] Track results of frame 211: 0 objects input, 0 objects tracked!
I1014 14:53:41.746407  8295 work_thread.hpp:87]  [T-Work-Detect_0] Frame :211 split
I1014 14:53:41.746467  8298 thread_intergrate.hpp:78] [T-Intergrate-intergrate] queue: frame output frame :211
I1014 14:53:41.747555  8298 thread_intergrate.hpp:164] T-Intergrate-intergrate Show face :2, size :640 * 360
I1014 14:53:41.748124  8294 demo_inner.hpp:435] thread [SORT-0]  frame id 211 sorting queue size 0   FPS: 18.5626
