I1014 10:44:39.189903  4197 work_thread.hpp:81]  [T-Work-Detect_0] Run work: WrokTrack
I1014 10:44:39.189927  4197 work_track.cpp:82] Frame: 20 build input_characts: [0.290625 x 0.616667 from (0.432813, 0.344444)], 0.999622, 0
I1014 10:44:39.189983  4197 work_track.cpp:102] Succeeded to set track lock for frame 20
I1014 10:44:39.190022  4197 work_track.cpp:116] Succeeded to release track lock for frame 20
I1014 10:44:39.190037  4197 work_track.cpp:120] Track results of frame 20: 1 objects input, 1 objects tracked!
I1014 10:44:39.190055  4197 work_track.cpp:148] Frame: 20, track bbox: [186 x 222 from (277.492, 122.632)], gid: 0, lid: 0
I1014 10:44:39.190091  4197 work_thread.hpp:88]  [T-Work-Detect_0] Frame :20 split
I1014 10:44:39.190109  4197 work_thread.hpp:120]  [T-Work-Detect_0] Valid piece: gid = 0
I1014 10:44:39.190126  4197 work_thread.hpp:92]  [T-Work-Detect_0] Push to split queue:recog
I1014 10:44:39.190174  4199 work_thread.hpp:81]  [T-Work-Recog_1] Run work: WorkCapture
I1014 10:44:39.190500  4200 thread_intergrate.hpp:78] [T-Intergrate-intergrate] queue: frame output frame :20
I1014 10:44:39.190528  4200 thread_intergrate.hpp:85] [T-Intergrate-intergrate] queue: compare output face:0
I1014 10:44:39.190547  4200 thread_intergrate.hpp:134] T-Intergrate-intergrate set matched face: 0
I1014 10:44:39.190723  4199 work_thread.hpp:81]  [T-Work-Recog_1] Run work: WorkRecog
I1014 10:44:39.190748  4199 work_recog.hpp:89] Face id: 0 will run recog: bbox [186 x 222 from (277, 124)] quality: 0.37331
I1014 10:44:39.190775  4199 work_recog.hpp:96] Recog pair: [264 x 280 from (240, 80)], [186 x 222 from (37, 44)]
I1014 10:44:39.191889  4200 thread_intergrate.hpp:154] T-Intergrate-intergrate Show face :0, size :640 * 360
I1014 10:44:39.192595  4196 demo_inner.hpp:435] thread [SORT-0]  frame id 20 sorting queue size 0   FPS: 29.6412
I1014 10:44:39.192670  4195 demo_inner.hpp:260]  gui queue size 0, state = running
I1014 10:44:39.208617  4199 work_thread.hpp:81]  [T-Work-Recog_1] Run work: WorkCompare
I1014 10:44:39.208724  4199 work_compare.cpp:76] Compare face: 0 successed, similarity :0.950965, name : images/thanglmb.jpg, normal size : 640 * 360!
I1014 10:44:39.213372  4194 demo_inner.hpp:177] decode queue size 0
I1014 10:44:39.213465  4197 work_thread.hpp:81]  [T-Work-Detect_0] Run work: WorkDetect
I1014 10:44:39.213500  4197 work_detect.cpp:102] Succeeded to add det start for frame 21
I1014 10:44:39.220335  4197 work_detect.cpp:70] Frame :21 detect result :1 face(s)
I1014 10:44:39.220381  4197 work_detect.cpp:86] Detected bbox: [184 x 214 from (276, 109)]
I1014 10:44:39.220423  4197 work_detect.cpp:120] Succeeded to add det end for frame 21
I1014 10:44:39.220439  4197 work_thread.hpp:81]  [T-Work-Detect_0] Run work: WrokTrack
I1014 10:44:39.220464  4197 work_track.cpp:82] Frame: 21 build input_characts: [0.2875 x 0.594444 from (0.43125, 0.302778)], 0.997596, 0
I1014 10:44:39.220521  4197 work_track.cpp:102] Succeeded to set track lock for frame 21
I1014 10:44:39.220561  4197 work_track.cpp:116] Succeeded to release track lock for frame 21
I1014 10:44:39.220576  4197 work_track.cpp:120] Track results of frame 21: 1 objects input, 1 objects tracked!
I1014 10:44:39.220593  4197 work_track.cpp:148] Frame: 21, track bbox: [184 x 214 from (276.923, 117.693)], gid: 0, lid: 0
I1014 10:44:39.220629  4197 work_thread.hpp:88]  [T-Work-Detect_0] Frame :21 split
I1014 10:44:39.220647  4197 work_thread.hpp:120]  [T-Work-Detect_0] Valid piece: gid = 0
I1014 10:44:39.220665  4197 work_thread.hpp:92]  [T-Work-Detect_0] Push to split queue:recog
I1014 10:44:39.220789  4198 work_thread.hpp:81]  [T-Work-Recog_0] Run work: WorkCapture
I1014 10:44:39.221097  4200 thread_intergrate.hpp:78] [T-Intergrate-intergrate] queue: frame output frame :21
I1014 10:44:39.221132  4200 thread_intergrate.hpp:85] [T-Intergrate-intergrate] queue: compare output face:0
I1014 10:44:39.221151  4200 thread_intergrate.hpp:134] T-Intergrate-intergrate set matched face: 0
I1014 10:44:39.221335  4198 work_thread.hpp:81]  [T-Work-Recog_0] Run work: WorkRecog
I1014 10:44:39.221359  4198 work_recog.hpp:89] Face id: 0 will run recog: bbox [184 x 214 from (276, 109)] quality: 0.333139
I1014 10:44:39.221387  4198 work_recog.hpp:96] Recog pair: [256 x 296 from (240, 64)], [184 x 214 from (36, 45)]
I1014 10:44:39.222597  4200 thread_intergrate.hpp:154] T-Intergrate-intergrate Show face :0, size :640 * 360
I1014 10:44:39.223352  4196 demo_inner.hpp:435] thread [SORT-0]  frame id 21 sorting queue size 0   FPS: 29.7619
I1014 10:44:39.223421  4195 demo_inner.hpp:260]  gui queue size 0, state = running
I1014 10:44:39.238986  4198 work_thread.hpp:81]  [T-Work-Recog_0] Run work: WorkCompare
I1014 10:44:39.239094  4198 work_compare.cpp:76] Compare face: 0 successed, similarity :0.883086, name : images/thanglmb.jpg, normal size : 640 * 360!
I1014 10:44:39.248885  4194 demo_inner.hpp:177] decode queue size 0
I1014 10:44:39.248991  4197 work_thread.hpp:81]  [T-Work-Detect_0] Run work: WorkDetect
I1014 10:44:39.249027  4197 work_detect.cpp:102] Succeeded to add det start for frame 22
I1014 10:44:39.255738  4197 work_detect.cpp:70] Frame :22 detect result :1 face(s)
I1014 10:44:39.255784  4197 work_detect.cpp:86] Detected bbox: [185 x 219 from (278, 126)]
I1014 10:44:39.255825  4197 work_detect.cpp:120] Succeeded to add det end for frame 22
I1014 10:44:39.255841  4197 work_thread.hpp:81]  [T-Work-Detect_0] Run work: WrokTrack
I1014 10:44:39.255865  4197 work_track.cpp:82] Frame: 22 build input_characts: [0.289062 x 0.608333 from (0.434375, 0.35)], 1.00019, 0
I1014 10:44:39.255920  4197 work_track.cpp:102] Succeeded to set track lock for frame 22
I1014 10:44:39.255959  4197 work_track.cpp:116] Succeeded to release track lock for frame 22
I1014 10:44:39.255973  4197 work_track.cpp:120] Track results of frame 22: 1 objects input, 1 objects tracked!
I1014 10:44:39.255991  4197 work_track.cpp:148] Frame: 22, track bbox: [185 x 219 from (275.779, 116.219)], gid: 0, lid: 0
I1014 10:44:39.256026  4197 work_thread.hpp:88]  [T-Work-Detect_0] Frame :22 split
I1014 10:44:39.256044  4197 work_thread.hpp:120]  [T-Work-Detect_0] Valid piece: gid = 0
I1014 10:44:39.256062  4197 work_thread.hpp:92]  [T-Work-Detect_0] Push to split queue:recog
I1014 10:44:39.256109  4198 work_thread.hpp:81]  [T-Work-Recog_0] Run work: WorkCapture
I1014 10:44:39.256446  4200 thread_intergrate.hpp:78] [T-Intergrate-intergrate] queue: frame output frame :22
I1014 10:44:39.256475  4200 thread_intergrate.hpp:85] [T-Intergrate-intergrate] queue: compare output face:0
I1014 10:44:39.256494  4200 thread_intergrate.hpp:134] T-Intergrate-intergrate set matched face: 0
I1014 10:44:39.256671  4198 work_thread.hpp:81]  [T-Work-Recog_0] Run work: WorkRecog
I1014 10:44:39.256695  4198 work_recog.hpp:89] Face id: 0 will run recog: bbox [185 x 219 from (278, 126)] quality: 0.405165
I1014 10:44:39.256723  4198 work_recog.hpp:96] Recog pair: [264 x 280 from (240, 80)], [185 x 219 from (38, 46)]
I1014 10:44:39.257915  4200 thread_intergrate.hpp:154] T-Intergrate-intergrate Show face :0, size :640 * 360
I1014 10:44:39.258667  4196 demo_inner.hpp:435] thread [SORT-0]  frame id 22 sorting queue size 0   FPS: 29.703
I1014 10:44:39.258744  4195 demo_inner.hpp:260]  gui queue size 0, state = running
I1014 10:44:39.274778  4198 work_thread.hpp:81]  [T-Work-Recog_0] Run work: WorkCompare
I1014 10:44:39.274890  4198 work_compare.cpp:76] Compare face: 0 successed, similarity :0.9598, name : images/thanglmb.jpg, normal size : 640 * 360!
I1014 10:44:39.279420  4194 demo_inner.hpp:177] decode queue size 0
I1014 10:44:39.279603  4197 work_thread.hpp:81]  [T-Work-Detect_0] Run work: WorkDetect
I1014 10:44:39.279637  4197 work_detect.cpp:102] Succeeded to add det start for frame 23
I1014 10:44:39.286440  4197 work_detect.cpp:70] Frame :23 detect result :1 face(s)
I1014 10:44:39.286485  4197 work_detect.cpp:86] Detected bbox: [183 x 219 from (279, 127)]
I1014 10:44:39.286526  4197 work_detect.cpp:120] Succeeded to add det end for frame 23
I1014 10:44:39.286542  4197 work_thread.hpp:81]  [T-Work-Detect_0] Run work: WrokTrack
I1014 10:44:39.286567  4197 work_track.cpp:82] Frame: 23 build input_characts: [0.285937 x 0.608333 from (0.435937, 0.352778)], 0.999622, 0
I1014 10:44:39.286623  4197 work_track.cpp:102] Succeeded to set track lock for frame 23
I1014 10:44:39.286660  4197 work_track.cpp:116] Succeeded to release track lock for frame 23
I1014 10:44:39.286675  4197 work_track.cpp:120] Track results of frame 23: 1 objects input, 1 objects tracked!
I1014 10:44:39.286692  4197 work_track.cpp:148] Frame: 23, track bbox: [183 x 219 from (277.792, 122.163)], gid: 0, lid: 0
I1014 10:44:39.286727  4197 work_thread.hpp:88]  [T-Work-Detect_0] Frame :23 split
I1014 10:44:39.286746  4197 work_thread.hpp:120]  [T-Work-Detect_0] Valid piece: gid = 0
I1014 10:44:39.286763  4197 work_thread.hpp:92]  [T-Work-Detect_0] Push to split queue:recog
I1014 10:44:39.286811  4199 work_thread.hpp:81]  [T-Work-Recog_1] Run work: WorkCapture
I1014 10:44:39.287115  4200 thread_intergrate.hpp:78] [T-Intergrate-intergrate] queue: frame output frame :23
I1014 10:44:39.287142  4200 thread_intergrate.hpp:85] [T-Intergrate-intergrate] queue: compare output face:0
I1014 10:44:39.287161  4200 thread_intergrate.hpp:134] T-Intergrate-intergrate set matched face: 0
I1014 10:44:39.287360  4199 work_thread.hpp:81]  [T-Work-Recog_1] Run work: WorkRecog
I1014 10:44:39.287384  4199 work_recog.hpp:89] Face id: 0 will run recog: bbox [183 x 219 from (279, 127)] quality: 0.452751
I1014 10:44:39.287411  4199 work_recog.hpp:96] Recog pair: [264 x 280 from (240, 80)], [183 x 219 from (39, 47)]
I1014 10:44:39.288599  4200 thread_intergrate.hpp:154] T-Intergrate-intergrate Show face :0, size :640 * 360
I1014 10:44:39.289372  4196 demo_inner.hpp:435] thread [SORT-0]  frame id 23 sorting queue size 0   FPS: 29.8103
I1014 10:44:39.289440  4195 demo_inner.hpp:260]  gui queue size 0, state = running
I1014 10:44:39.304878  4199 work_thread.hpp:81]  [T-Work-Recog_1] Run work: WorkCompare
I1014 10:44:39.304989  4199 work_compare.cpp:76] Compare face: 0 successed, similarity :0.88774, name : images/thanglmb.jpg, normal size : 640 * 360!
I1014 10:44:39.314980  4194 demo_inner.hpp:177] decode queue size 0
I1014 10:44:39.315093  4197 work_thread.hpp:81]  [T-Work-Detect_0] Run work: WorkDetect
I1014 10:44:39.315140  4197 work_detect.cpp:102] Succeeded to add det start for frame 24
I1014 10:44:39.321805  4197 work_detect.cpp:70] Frame :24 detect result :1 face(s)
I1014 10:44:39.321847  4197 work_detect.cpp:86] Detected bbox: [188 x 224 from (276, 120)]
I1014 10:44:39.321889  4197 work_detect.cpp:120] Succeeded to add det end for frame 24
I1014 10:44:39.321905  4197 work_thread.hpp:81]  [T-Work-Detect_0] Run work: WrokTrack
I1014 10:44:39.321929  4197 work_track.cpp:82] Frame: 24 build input_characts: [0.29375 x 0.622222 from (0.43125, 0.333333)], 0.999622, 0
I1014 10:44:39.321985  4197 work_track.cpp:102] Succeeded to set track lock for frame 24
I1014 10:44:39.322026  4197 work_track.cpp:116] Succeeded to release track lock for frame 24
I1014 10:44:39.322039  4197 work_track.cpp:120] Track results of frame 24: 1 objects input, 1 objects tracked!
I1014 10:44:39.322057  4197 work_track.cpp:148] Frame: 24, track bbox: [188 x 224 from (276.525, 123.826)], gid: 0, lid: 0
I1014 10:44:39.322093  4197 work_thread.hpp:88]  [T-Work-Detect_0] Frame :24 split
I1014 10:44:39.322111  4197 work_thread.hpp:120]  [T-Work-Detect_0] Valid piece: gid = 0
I1014 10:44:39.322129  4197 work_thread.hpp:92]  [T-Work-Detect_0] Push to split queue:recog
I1014 10:44:39.322173  4199 work_thread.hpp:81]  [T-Work-Recog_1] Run work: WorkCapture
I1014 10:44:39.322177  4200 thread_intergrate.hpp:78] [T-Intergrate-intergrate] queue: frame output frame :24
I1014 10:44:39.322288  4200 thread_intergrate.hpp:85] [T-Intergrate-intergrate] queue: compare output face:0
I1014 10:44:39.322309  4200 thread_intergrate.hpp:134] T-Intergrate-intergrate set matched face: 0
I1014 10:44:39.322813  4199 work_thread.hpp:81]  [T-Work-Recog_1] Run work: WorkRecog
I1014 10:44:39.322839  4199 work_recog.hpp:89] Face id: 0 will run recog: bbox [188 x 224 from (276, 120)] quality: 0.396026
I1014 10:44:39.322868  4199 work_recog.hpp:96] Recog pair: [272 x 288 from (232, 72)], [188 x 224 from (44, 48)]
I1014 10:44:39.323642  4200 thread_intergrate.hpp:154] T-Intergrate-intergrate Show face :0, size :640 * 360
I1014 10:44:39.324126  4196 demo_inner.hpp:435] thread [SORT-0]  frame id 24 sorting queue size 0   FPS: 29.7542
I1014 10:44:39.324244  4195 demo_inner.hpp:260]  gui queue size 0, state = running
I1014 10:44:39.340716  4199 work_thread.hpp:81]  [T-Work-Recog_1] Run work: WorkCompare
I1014 10:44:39.340822  4199 work_compare.cpp:76] Compare face: 0 successed, similarity :0.90103, name : images/thanglmb.jpg, normal size : 640 * 360!
I1014 10:44:39.350941  4194 demo_inner.hpp:177] decode queue size 0
I1014 10:44:39.351040  4197 work_thread.hpp:81]  [T-Work-Detect_0] Run work: WorkDetect
I1014 10:44:39.351078  4197 work_detect.cpp:102] Succeeded to add det start for frame 25
I1014 10:44:39.357889  4197 work_detect.cpp:70] Frame :25 detect result :1 face(s)
I1014 10:44:39.357929  4197 work_detect.cpp:86] Detected bbox: [184 x 216 from (280, 128)]
I1014 10:44:39.357972  4197 work_detect.cpp:120] Succeeded to add det end for frame 25
I1014 10:44:39.357990  4197 work_thread.hpp:81]  [T-Work-Detect_0] Run work: WrokTrack
I1014 10:44:39.358013  4197 work_track.cpp:82] Frame: 25 build input_characts: [0.2875 x 0.6 from (0.4375, 0.355556)], 0.999622, 0
I1014 10:44:39.358068  4197 work_track.cpp:102] Succeeded to set track lock for frame 25
I1014 10:44:39.358108  4197 work_track.cpp:116] Succeeded to release track lock for frame 25
I1014 10:44:39.358122  4197 work_track.cpp:120] Track results of frame 25: 1 objects input, 1 objects tracked!
I1014 10:44:39.358140  4197 work_track.cpp:148] Frame: 25, track bbox: [184 x 216 from (279.31, 127.687)], gid: 0, lid: 0
I1014 10:44:39.358176  4197 work_thread.hpp:88]  [T-Work-Detect_0] Frame :25 split
I1014 10:44:39.358194  4197 work_thread.hpp:120]  [T-Work-Detect_0] Valid piece: gid = 0
I1014 10:44:39.358211  4197 work_thread.hpp:92]  [T-Work-Detect_0] Push to split queue:recog
I1014 10:44:39.358248  4199 work_thread.hpp:81]  [T-Work-Recog_1] Run work: WorkCapture
I1014 10:44:39.358259  4200 thread_intergrate.hpp:78] [T-Intergrate-intergrate] queue: frame output frame :25
I1014 10:44:39.358314  4200 thread_intergrate.hpp:85] [T-Intergrate-intergrate] queue: compare output face:0
I1014 10:44:39.358335  4200 thread_intergrate.hpp:134] T-Intergrate-intergrate set matched face: 0
I1014 10:44:39.358801  4199 work_thread.hpp:81]  [T-Work-Recog_1] Run work: WorkRecog
I1014 10:44:39.358824  4199 work_recog.hpp:89] Face id: 0 will run recog: bbox [184 x 216 from (280, 128)] quality: 0.395365
I1014 10:44:39.358852  4199 work_recog.hpp:96] Recog pair: [264 x 280 from (240, 80)], [184 x 216 from (40, 48)]
I1014 10:44:39.359730  4200 thread_intergrate.hpp:154] T-Intergrate-intergrate Show face :0, size :640 * 360
I1014 10:44:39.360350  4196 demo_inner.hpp:435] thread [SORT-0]  frame id 25 sorting queue size 0   FPS: 29.6663
I1014 10:44:39.360427  4195 demo_inner.hpp:260]  gui queue size 0, state = running
I1014 10:44:39.376752  4199 work_thread.hpp:81]  [T-Work-Recog_1] Run work: WorkCompare
I1014 10:44:39.376858  4199 work_compare.cpp:76] Compare face: 0 successed, similarity :0.850581, name : images/thanglmb.jpg, normal size : 640 * 360!
I1014 10:44:39.381455  4194 demo_inner.hpp:177] decode queue size 0
I1014 10:44:39.381552  4197 work_thread.hpp:81]  [T-Work-Detect_0] Run work: WorkDetect
I1014 10:44:39.381589  4197 work_detect.cpp:102] Succeeded to add det start for frame 26
I1014 10:44:39.388386  4197 work_detect.cpp:70] Frame :26 detect result :1 face(s)
I1014 10:44:39.388424  4197 work_detect.cpp:86] Detected bbox: [181 x 217 from (279, 124)]
I1014 10:44:39.388466  4197 work_detect.cpp:120] Succeeded to add det end for frame 26
I1014 10:44:39.388483  4197 work_thread.hpp:81]  [T-Work-Detect_0] Run work: WrokTrack
I1014 10:44:39.388506  4197 work_track.cpp:82] Frame: 26 build input_characts: [0.282813 x 0.602778 from (0.435937, 0.344444)], 1.00019, 0
I1014 10:44:39.388562  4197 work_track.cpp:102] Succeeded to set track lock for frame 26
I1014 10:44:39.388602  4197 work_track.cpp:116] Succeeded to release track lock for frame 26
I1014 10:44:39.388617  4197 work_track.cpp:120] Track results of frame 26: 1 objects input, 1 objects tracked!
I1014 10:44:39.388633  4197 work_track.cpp:148] Frame: 26, track bbox: [181 x 217 from (280.409, 128.608)], gid: 0, lid: 0
I1014 10:44:39.388670  4197 work_thread.hpp:88]  [T-Work-Detect_0] Frame :26 split
I1014 10:44:39.388689  4197 work_thread.hpp:120]  [T-Work-Detect_0] Valid piece: gid = 0
I1014 10:44:39.388706  4197 work_thread.hpp:92]  [T-Work-Detect_0] Push to split queue:recog
I1014 10:44:39.388747  4199 work_thread.hpp:81]  [T-Work-Recog_1] Run work: WorkCapture
I1014 10:44:39.388759  4200 thread_intergrate.hpp:78] [T-Intergrate-intergrate] queue: frame output frame :26
I1014 10:44:39.388788  4200 thread_intergrate.hpp:85] [T-Intergrate-intergrate] queue: compare output face:0
I1014 10:44:39.388816  4200 thread_intergrate.hpp:134] T-Intergrate-intergrate set matched face: 0
I1014 10:44:39.389307  4199 work_thread.hpp:81]  [T-Work-Recog_1] Run work: WorkRecog
I1014 10:44:39.389330  4199 work_recog.hpp:89] Face id: 0 will run recog: bbox [181 x 217 from (279, 124)] quality: 0.37331
I1014 10:44:39.389358  4199 work_recog.hpp:96] Recog pair: [256 x 280 from (240, 80)], [181 x 217 from (39, 44)]
I1014 10:44:39.390216  4200 thread_intergrate.hpp:154] T-Intergrate-intergrate Show face :0, size :640 * 360
I1014 10:44:39.390695  4196 demo_inner.hpp:435] thread [SORT-0]  frame id 26 sorting queue size 0   FPS: 29.7974
I1014 10:44:39.395308  4195 demo_inner.hpp:260]  gui queue size 0, state = running
I1014 10:44:39.406827  4199 work_thread.hpp:81]  [T-Work-Recog_1] Run work: WorkCompare
I1014 10:44:39.406935  4199 work_compare.cpp:76] Compare face: 0 successed, similarity :0.981563, name : images/thanglmb.jpg, normal size : 640 * 360!
I1014 10:44:39.417019  4194 demo_inner.hpp:177] decode queue size 0
I1014 10:44:39.417124  4197 work_thread.hpp:81]  [T-Work-Detect_0] Run work: WorkDetect
I1014 10:44:39.417163  4197 work_detect.cpp:102] Succeeded to add det start for frame 27
I1014 10:44:39.423913  4197 work_detect.cpp:70] Frame :27 detect result :1 face(s)
I1014 10:44:39.423961  4197 work_detect.cpp:86] Detected bbox: [185 x 220 from (279, 128)]
I1014 10:44:39.424006  4197 work_detect.cpp:120] Succeeded to add det end for frame 27
I1014 10:44:39.424023  4197 work_thread.hpp:81]  [T-Work-Detect_0] Run work: WrokTrack
I1014 10:44:39.424048  4197 work_track.cpp:82] Frame: 27 build input_characts: [0.289062 x 0.611111 from (0.435937, 0.355556)], 0.999622, 0
I1014 10:44:39.424103  4197 work_track.cpp:102] Succeeded to set track lock for frame 27
I1014 10:44:39.424142  4197 work_track.cpp:116] Succeeded to release track lock for frame 27
I1014 10:44:39.424182  4197 work_track.cpp:120] Track results of frame 27: 1 objects input, 1 objects tracked!
I1014 10:44:39.424202  4197 work_track.cpp:148] Frame: 27, track bbox: [185 x 220 from (278.449, 125.392)], gid: 0, lid: 0
I1014 10:44:39.424238  4197 work_thread.hpp:88]  [T-Work-Detect_0] Frame :27 split
I1014 10:44:39.424257  4197 work_thread.hpp:120]  [T-Work-Detect_0] Valid piece: gid = 0
I1014 10:44:39.424274  4197 work_thread.hpp:92]  [T-Work-Detect_0] Push to split queue:recog
I1014 10:44:39.424329  4199 work_thread.hpp:81]  [T-Work-Recog_1] Run work: WorkCapture
I1014 10:44:39.424331  4200 thread_intergrate.hpp:78] [T-Intergrate-intergrate] queue: frame output frame :27
I1014 10:44:39.424471  4200 thread_intergrate.hpp:85] [T-Intergrate-intergrate] queue: compare output face:0
I1014 10:44:39.424500  4200 thread_intergrate.hpp:134] T-Intergrate-intergrate set matched face: 0
I1014 10:44:39.424899  4199 work_thread.hpp:81]  [T-Work-Recog_1] Run work: WorkRecog
I1014 10:44:39.424923  4199 work_recog.hpp:89] Face id: 0 will run recog: bbox [185 x 220 from (279, 128)] quality: 0.422163
I1014 10:44:39.424952  4199 work_recog.hpp:96] Recog pair: [264 x 280 from (240, 80)], [185 x 220 from (39, 48)]
I1014 10:44:39.425993  4200 thread_intergrate.hpp:154] T-Intergrate-intergrate Show face :0, size :640 * 360
I1014 10:44:39.426578  4196 demo_inner.hpp:435] thread [SORT-0]  frame id 27 sorting queue size 0   FPS: 29.7143
I1014 10:44:39.442612  4199 work_thread.hpp:81]  [T-Work-Recog_1] Run work: WorkCompare
I1014 10:44:39.442721  4199 work_compare.cpp:76] Compare face: 0 successed, similarity :0.847505, name : images/thanglmb.jpg, normal size : 640 * 360!
I1014 10:44:39.447960  4194 demo_inner.hpp:177] decode queue size 0
I1014 10:44:39.448081  4197 work_thread.hpp:81]  [T-Work-Detect_0] Run work: WorkDetect
I1014 10:44:39.448117  4197 work_detect.cpp:102] Succeeded to add det start for frame 28
I1014 10:44:39.454854  4197 work_detect.cpp:70] Frame :28 detect result :1 face(s)
I1014 10:44:39.454896  4197 work_detect.cpp:86] Detected bbox: [186 x 225 from (277, 123)]
I1014 10:44:39.454939  4197 work_detect.cpp:120] Succeeded to add det end for frame 28
I1014 10:44:39.454957  4197 work_thread.hpp:81]  [T-Work-Detect_0] Run work: WrokTrack
I1014 10:44:39.454979  4197 work_track.cpp:82] Frame: 28 build input_characts: [0.290625 x 0.625 from (0.432813, 0.341667)], 1.00019, 0
I1014 10:44:39.455037  4197 work_track.cpp:102] Succeeded to set track lock for frame 28
I1014 10:44:39.455076  4197 work_track.cpp:116] Succeeded to release track lock for frame 28
I1014 10:44:39.455091  4197 work_track.cpp:120] Track results of frame 28: 1 objects input, 1 objects tracked!
I1014 10:44:39.455109  4197 work_track.cpp:148] Frame: 28, track bbox: [186 x 225 from (277.535, 123.267)], gid: 0, lid: 0
I1014 10:44:39.455145  4197 work_thread.hpp:88]  [T-Work-Detect_0] Frame :28 split
I1014 10:44:39.455163  4197 work_thread.hpp:120]  [T-Work-Detect_0] Valid piece: gid = 0
I1014 10:44:39.455181  4197 work_thread.hpp:92]  [T-Work-Detect_0] Push to split queue:recog
I1014 10:44:39.455229  4198 work_thread.hpp:81]  [T-Work-Recog_0] Run work: WorkCapture
I1014 10:44:39.455255  4200 thread_intergrate.hpp:78] [T-Intergrate-intergrate] queue: frame output frame :28
I1014 10:44:39.455283  4200 thread_intergrate.hpp:85] [T-Intergrate-intergrate] queue: compare output face:0
I1014 10:44:39.455303  4200 thread_intergrate.hpp:134] T-Intergrate-intergrate set matched face: 0
I1014 10:44:39.455794  4198 work_thread.hpp:81]  [T-Work-Recog_0] Run work: WorkRecog
I1014 10:44:39.455819  4198 work_recog.hpp:89] Face id: 0 will run recog: bbox [186 x 225 from (277, 123)] quality: 0.384886
I1014 10:44:39.455848  4198 work_recog.hpp:96] Recog pair: [264 x 288 from (240, 72)], [186 x 225 from (37, 51)]
I1014 10:44:39.456888  4200 thread_intergrate.hpp:154] T-Intergrate-intergrate Show face :0, size :640 * 360
I1014 10:44:39.457463  4196 demo_inner.hpp:435] thread [SORT-0]  frame id 28 sorting queue size 1   FPS: 29.8013
I1014 10:44:39.462558  4195 demo_inner.hpp:260]  gui queue size 1, state = running
I1014 10:44:39.473342  4198 work_thread.hpp:81]  [T-Work-Recog_0] Run work: WorkCompare
I1014 10:44:39.473453  4198 work_compare.cpp:76] Compare face: 0 successed, similarity :0.908811, name : images/thanglmb.jpg, normal size : 640 * 360!
I1014 10:44:39.483048  4194 demo_inner.hpp:177] decode queue size 0
I1014 10:44:39.483153  4197 work_thread.hpp:81]  [T-Work-Detect_0] Run work: WorkDetect
I1014 10:44:39.483191  4197 work_detect.cpp:102] Succeeded to add det start for frame 29
I1014 10:44:39.489890  4197 work_detect.cpp:70] Frame :29 detect result :1 face(s)
I1014 10:44:39.489933  4197 work_detect.cpp:86] Detected bbox: [181 x 212 from (280, 130)]
I1014 10:44:39.490053  4197 work_detect.cpp:120] Succeeded to add det end for frame 29
I1014 10:44:39.490072  4197 work_thread.hpp:81]  [T-Work-Detect_0] Run work: WrokTrack
I1014 10:44:39.490095  4197 work_track.cpp:82] Frame: 29 build input_characts: [0.282813 x 0.588889 from (0.4375, 0.361111)], 0.997488, 0
I1014 10:44:39.490151  4197 work_track.cpp:102] Succeeded to set track lock for frame 29
I1014 10:44:39.490193  4197 work_track.cpp:116] Succeeded to release track lock for frame 29
I1014 10:44:39.490208  4197 work_track.cpp:120] Track results of frame 29: 1 objects input, 1 objects tracked!
I1014 10:44:39.490226  4197 work_track.cpp:148] Frame: 29, track bbox: [181 x 212 from (279.999, 130.718)], gid: 0, lid: 0
I1014 10:44:39.490263  4197 work_thread.hpp:88]  [T-Work-Detect_0] Frame :29 split
I1014 10:44:39.490280  4197 work_thread.hpp:120]  [T-Work-Detect_0] Valid piece: gid = 0
I1014 10:44:39.490298  4197 work_thread.hpp:92]  [T-Work-Detect_0] Push to split queue:recog
I1014 10:44:39.490345  4199 work_thread.hpp:81]  [T-Work-Recog_1] Run work: WorkCapture
I1014 10:44:39.490350  4200 thread_intergrate.hpp:78] [T-Intergrate-intergrate] queue: frame output frame :29
I1014 10:44:39.490378  4200 thread_intergrate.hpp:85] [T-Intergrate-intergrate] queue: compare output face:0
I1014 10:44:39.490398  4200 thread_intergrate.hpp:134] T-Intergrate-intergrate set matched face: 0
I1014 10:44:39.490907  4199 work_thread.hpp:81]  [T-Work-Recog_1] Run work: WorkRecog
I1014 10:44:39.490931  4199 work_recog.hpp:89] Face id: 0 will run recog: bbox [181 x 212 from (280, 130)] quality: 0.405351
I1014 10:44:39.490960  4199 work_recog.hpp:96] Recog pair: [264 x 272 from (240, 88)], [181 x 212 from (40, 42)]
I1014 10:44:39.491761  4200 thread_intergrate.hpp:154] T-Intergrate-intergrate Show face :0, size :640 * 360
I1014 10:44:39.492331  4196 demo_inner.hpp:435] thread [SORT-0]  frame id 29 sorting queue size 0   FPS: 29.7556
I1014 10:44:39.508930  4199 work_thread.hpp:81]  [T-Work-Recog_1] Run work: WorkCompare
I1014 10:44:39.509040  4199 work_compare.cpp:76] Compare face: 0 successed, similarity :0.904145, name : images/thanglmb.jpg, normal size : 640 * 360!
I1014 10:44:39.513581  4194 demo_inner.hpp:177] decode queue size 0
I1014 10:44:39.513670  4197 work_thread.hpp:81]  [T-Work-Detect_0] Run work: WorkDetect
I1014 10:44:39.513705  4197 work_detect.cpp:102] Succeeded to add det start for frame 30
I1014 10:44:39.520428  4197 work_detect.cpp:70] Frame :30 detect result :1 face(s)
I1014 10:44:39.520473  4197 work_detect.cpp:86] Detected bbox: [184 x 217 from (276, 124)]
I1014 10:44:39.520515  4197 work_detect.cpp:120] Succeeded to add det end for frame 30
I1014 10:44:39.520531  4197 work_thread.hpp:81]  [T-Work-Detect_0] Run work: WrokTrack
I1014 10:44:39.520555  4197 work_track.cpp:82] Frame: 30 build input_characts: [0.2875 x 0.602778 from (0.43125, 0.344444)], 1.00019, 0
I1014 10:44:39.520609  4197 work_track.cpp:102] Succeeded to set track lock for frame 30
I1014 10:44:39.520648  4197 work_track.cpp:116] Succeeded to release track lock for frame 30
I1014 10:44:39.520663  4197 work_track.cpp:120] Track results of frame 30: 1 objects input, 1 objects tracked!
I1014 10:44:39.520680  4197 work_track.cpp:148] Frame: 30, track bbox: [184 x 217 from (276.94, 125.913)], gid: 0, lid: 0
I1014 10:44:39.520716  4197 work_thread.hpp:88]  [T-Work-Detect_0] Frame :30 split
I1014 10:44:39.520733  4197 work_thread.hpp:120]  [T-Work-Detect_0] Valid piece: gid = 0
I1014 10:44:39.520751  4197 work_thread.hpp:92]  [T-Work-Detect_0] Push to split queue:recog
I1014 10:44:39.520797  4198 work_thread.hpp:81]  [T-Work-Recog_0] Run work: WorkCapture
I1014 10:44:39.520805  4200 thread_intergrate.hpp:78] [T-Intergrate-intergrate] queue: frame output frame :30
I1014 10:44:39.520841  4200 thread_intergrate.hpp:85] [T-Intergrate-intergrate] queue: compare output face:0
I1014 10:44:39.520861  4200 thread_intergrate.hpp:134] T-Intergrate-intergrate set matched face: 0
I1014 10:44:39.521358  4198 work_thread.hpp:81]  [T-Work-Recog_0] Run work: WorkRecog
I1014 10:44:39.521381  4198 work_recog.hpp:89] Face id: 0 will run recog: bbox [184 x 217 from (276, 124)] quality: 0.395365
I1014 10:44:39.521490  4198 work_recog.hpp:96] Recog pair: [256 x 280 from (240, 80)], [184 x 217 from (36, 44)]
I1014 10:44:39.522250  4200 thread_intergrate.hpp:154] T-Intergrate-intergrate Show face :0, size :640 * 360
I1014 10:44:39.522775  4196 demo_inner.hpp:435] thread [SORT-0]  frame id 30 sorting queue size 1   FPS: 29.8661
I1014 10:44:39.538885  4198 work_thread.hpp:81]  [T-Work-Recog_0] Run work: WorkCompare
I1014 10:44:39.538990  4198 work_compare.cpp:76] Compare face: 0 successed, similarity :0.963857, name : images/thanglmb.jpg, normal size : 640 * 360!
I1014 10:44:39.540614  4195 demo_inner.hpp:260]  gui queue size 1, state = running
I1014 10:44:39.549346  4194 demo_inner.hpp:177] decode queue size 0
I1014 10:44:39.549448  4197 work_thread.hpp:81]  [T-Work-Detect_0] Run work: WorkDetect
I1014 10:44:39.549484  4197 work_detect.cpp:102] Succeeded to add det start for frame 31
I1014 10:44:39.556213  4197 work_detect.cpp:70] Frame :31 detect result :1 face(s)
I1014 10:44:39.556257  4197 work_detect.cpp:86] Detected bbox: [184 x 218 from (279, 128)]
I1014 10:44:39.556299  4197 work_detect.cpp:120] Succeeded to add det end for frame 31
I1014 10:44:39.556315  4197 work_thread.hpp:81]  [T-Work-Detect_0] Run work: WrokTrack
I1014 10:44:39.556339  4197 work_track.cpp:82] Frame: 31 build input_characts: [0.2875 x 0.605556 from (0.435937, 0.355556)], 1.00019, 0
I1014 10:44:39.556394  4197 work_track.cpp:102] Succeeded to set track lock for frame 31
I1014 10:44:39.556434  4197 work_track.cpp:116] Succeeded to release track lock for frame 31
I1014 10:44:39.556449  4197 work_track.cpp:120] Track results of frame 31: 1 objects input, 1 objects tracked!
I1014 10:44:39.556468  4197 work_track.cpp:148] Frame: 31, track bbox: [184 x 218 from (277.886, 126.724)], gid: 0, lid: 0
I1014 10:44:39.556504  4197 work_thread.hpp:88]  [T-Work-Detect_0] Frame :31 split
I1014 10:44:39.556521  4197 work_thread.hpp:120]  [T-Work-Detect_0] Valid piece: gid = 0
I1014 10:44:39.556540  4197 work_thread.hpp:92]  [T-Work-Detect_0] Push to split queue:recog
I1014 10:44:39.556586  4198 work_thread.hpp:81]  [T-Work-Recog_0] Run work: WorkCapture
I1014 10:44:39.556588  4200 thread_intergrate.hpp:78] [T-Intergrate-intergrate] queue: frame output frame :31
I1014 10:44:39.556650  4200 thread_intergrate.hpp:85] [T-Intergrate-intergrate] queue: compare output face:0
I1014 10:44:39.556670  4200 thread_intergrate.hpp:134] T-Intergrate-intergrate set matched face: 0
I1014 10:44:39.557152  4198 work_thread.hpp:81]  [T-Work-Recog_0] Run work: WorkRecog
I1014 10:44:39.557178  4198 work_recog.hpp:89] Face id: 0 will run recog: bbox [184 x 218 from (279, 128)] quality: 0.421838
I1014 10:44:39.557206  4198 work_recog.hpp:96] Recog pair: [264 x 280 from (240, 80)], [184 x 218 from (39, 48)]
I1014 10:44:39.558117  4200 thread_intergrate.hpp:154] T-Intergrate-intergrate Show face :0, size :640 * 360
I1014 10:44:39.558719  4196 demo_inner.hpp:435] thread [SORT-0]  frame id 31 sorting queue size 0   FPS: 29.7915
I1014 10:44:39.574761  4198 work_thread.hpp:81]  [T-Work-Recog_0] Run work: WorkCompare
I1014 10:44:39.574859  4198 work_compare.cpp:71] Compare face: 0 failed
I1014 10:44:39.585104  4194 demo_inner.hpp:177] decode queue size 0
I1014 10:44:39.585216  4197 work_thread.hpp:81]  [T-Work-Detect_0] Run work: WorkDetect
I1014 10:44:39.585253  4197 work_detect.cpp:102] Succeeded to add det start for frame 32
I1014 10:44:39.592118  4197 work_detect.cpp:70] Frame :32 detect result :1 face(s)
I1014 10:44:39.592196  4197 work_detect.cpp:86] Detected bbox: [191 x 227 from (274, 119)]
I1014 10:44:39.592242  4197 work_detect.cpp:120] Succeeded to add det end for frame 32
I1014 10:44:39.592258  4197 work_thread.hpp:81]  [T-Work-Detect_0] Run work: WrokTrack
I1014 10:44:39.592283  4197 work_track.cpp:82] Frame: 32 build input_characts: [0.298438 x 0.630556 from (0.428125, 0.330556)], 0.997488, 0
I1014 10:44:39.592339  4197 work_track.cpp:102] Succeeded to set track lock for frame 32
I1014 10:44:39.592450  4197 work_track.cpp:116] Succeeded to release track lock for frame 32
I1014 10:44:39.592468  4197 work_track.cpp:120] Track results of frame 32: 1 objects input, 1 objects tracked!
I1014 10:44:39.592484  4197 work_track.cpp:148] Frame: 32, track bbox: [191 x 227 from (273.923, 119.842)], gid: 0, lid: 0
I1014 10:44:39.592520  4197 work_thread.hpp:88]  [T-Work-Detect_0] Frame :32 split
I1014 10:44:39.592538  4197 work_thread.hpp:120]  [T-Work-Detect_0] Valid piece: gid = 0
I1014 10:44:39.592556  4197 work_thread.hpp:92]  [T-Work-Detect_0] Push to split queue:recog
I1014 10:44:39.592609  4198 work_thread.hpp:81]  [T-Work-Recog_0] Run work: WorkCapture
I1014 10:44:39.592618  4200 thread_intergrate.hpp:78] [T-Intergrate-intergrate] queue: frame output frame :32
I1014 10:44:39.593161  4198 work_thread.hpp:81]  [T-Work-Recog_0] Run work: WorkRecog
I1014 10:44:39.593185  4198 work_recog.hpp:89] Face id: 0 will run recog: bbox [191 x 227 from (274, 119)] quality: 0.405663
I1014 10:44:39.593211  4198 work_recog.hpp:96] Recog pair: [272 x 288 from (232, 72)], [191 x 227 from (42, 47)]
I1014 10:44:39.593755  4200 thread_intergrate.hpp:154] T-Intergrate-intergrate Show face :0, size :640 * 360
I1014 10:44:39.594432  4196 demo_inner.hpp:435] thread [SORT-0]  frame id 32 sorting queue size 1   FPS: 29.722
I1014 10:44:39.610896  4198 work_thread.hpp:81]  [T-Work-Recog_0] Run work: WorkCompare
I1014 10:44:39.611006  4198 work_compare.cpp:76] Compare face: 0 successed, similarity :0.914702, name : images/thanglmb.jpg, normal size : 640 * 360!
I1014 10:44:39.615888  4194 demo_inner.hpp:177] decode queue size 0
I1014 10:44:39.616031  4197 work_thread.hpp:81]  [T-Work-Detect_0] Run work: WorkDetect
I1014 10:44:39.616067  4197 work_detect.cpp:102] Succeeded to add det start for frame 33
I1014 10:44:39.622725  4197 work_detect.cpp:70] Frame :33 detect result :1 face(s)
I1014 10:44:39.622763  4197 work_detect.cpp:86] Detected bbox: [180 x 214 from (280, 127)]
I1014 10:44:39.622805  4197 work_detect.cpp:120] Succeeded to add det end for frame 33
I1014 10:44:39.622822  4197 work_thread.hpp:81]  [T-Work-Detect_0] Run work: WrokTrack
I1014 10:44:39.622844  4197 work_track.cpp:82] Frame: 33 build input_characts: [0.28125 x 0.594444 from (0.4375, 0.352778)], 0.999622, 0
I1014 10:44:39.622900  4197 work_track.cpp:102] Succeeded to set track lock for frame 33
I1014 10:44:39.622939  4197 work_track.cpp:116] Succeeded to release track lock for frame 33
I1014 10:44:39.622954  4197 work_track.cpp:120] Track results of frame 33: 1 objects input, 1 objects tracked!
I1014 10:44:39.622972  4197 work_track.cpp:148] Frame: 33, track bbox: [180 x 214 from (279.85, 126.623)], gid: 0, lid: 0
I1014 10:44:39.623008  4197 work_thread.hpp:88]  [T-Work-Detect_0] Frame :33 split
I1014 10:44:39.623025  4197 work_thread.hpp:120]  [T-Work-Detect_0] Valid piece: gid = 0
I1014 10:44:39.623044  4197 work_thread.hpp:92]  [T-Work-Detect_0] Push to split queue:recog
I1014 10:44:39.623085  4199 work_thread.hpp:81]  [T-Work-Recog_1] Run work: WorkCapture
I1014 10:44:39.623118  4200 thread_intergrate.hpp:78] [T-Intergrate-intergrate] queue: frame output frame :33
I1014 10:44:39.623147  4200 thread_intergrate.hpp:85] [T-Intergrate-intergrate] queue: compare output face:0
I1014 10:44:39.623165  4200 thread_intergrate.hpp:134] T-Intergrate-intergrate set matched face: 0
I1014 10:44:39.623647  4199 work_thread.hpp:81]  [T-Work-Recog_1] Run work: WorkRecog
I1014 10:44:39.623670  4199 work_recog.hpp:89] Face id: 0 will run recog: bbox [180 x 214 from (280, 127)] quality: 0.37331
I1014 10:44:39.623698  4199 work_recog.hpp:96] Recog pair: [256 x 280 from (240, 80)], [180 x 214 from (40, 47)]
I1014 10:44:39.624473  4195 demo_inner.hpp:260]  gui queue size 1, state = running
I1014 10:44:39.624897  4200 thread_intergrate.hpp:154] T-Intergrate-intergrate Show face :0, size :640 * 360
I1014 10:44:39.625761  4196 demo_inner.hpp:435] thread [SORT-0]  frame id 33 sorting queue size 0   FPS: 29.7952
I1014 10:44:39.641337  4199 work_thread.hpp:81]  [T-Work-Recog_1] Run work: WorkCompare
I1014 10:44:39.641516  4199 work_compare.cpp:76] Compare face: 0 successed, similarity :0.857704, name : images/thanglmb.jpg, normal size : 640 * 360!
I1014 10:44:39.651118  4194 demo_inner.hpp:177] decode queue size 0
I1014 10:44:39.651221  4197 work_thread.hpp:81]  [T-Work-Detect_0] Run work: WorkDetect
I1014 10:44:39.651257  4197 work_detect.cpp:102] Succeeded to add det start for frame 34
I1014 10:44:39.658100  4197 work_detect.cpp:70] Frame :34 detect result :1 face(s)
I1014 10:44:39.658150  4197 work_detect.cpp:86] Detected bbox: [184 x 217 from (279, 129)]
I1014 10:44:39.658195  4197 work_detect.cpp:120] Succeeded to add det end for frame 34
I1014 10:44:39.658211  4197 work_thread.hpp:81]  [T-Work-Detect_0] Run work: WrokTrack
I1014 10:44:39.658236  4197 work_track.cpp:82] Frame: 34 build input_characts: [0.2875 x 0.602778 from (0.435937, 0.358333)], 1.00019, 0
I1014 10:44:39.658290  4197 work_track.cpp:102] Succeeded to set track lock for frame 34
I1014 10:44:39.658330  4197 work_track.cpp:116] Succeeded to release track lock for frame 34
I1014 10:44:39.658344  4197 work_track.cpp:120] Track results of frame 34: 1 objects input, 1 objects tracked!
I1014 10:44:39.658362  4197 work_track.cpp:148] Frame: 34, track bbox: [184 x 217 from (278.52, 126.954)], gid: 0, lid: 0
I1014 10:44:39.658399  4197 work_thread.hpp:88]  [T-Work-Detect_0] Frame :34 split
I1014 10:44:39.658417  4197 work_thread.hpp:120]  [T-Work-Detect_0] Valid piece: gid = 0
I1014 10:44:39.658435  4197 work_thread.hpp:92]  [T-Work-Detect_0] Push to split queue:recog
I1014 10:44:39.658481  4198 work_thread.hpp:81]  [T-Work-Recog_0] Run work: WorkCapture
I1014 10:44:39.658484  4200 thread_intergrate.hpp:78] [T-Intergrate-intergrate] queue: frame output frame :34
I1014 10:44:39.658625  4200 thread_intergrate.hpp:85] [T-Intergrate-intergrate] queue: compare output face:0
I1014 10:44:39.658654  4200 thread_intergrate.hpp:134] T-Intergrate-intergrate set matched face: 0
I1014 10:44:39.659060  4198 work_thread.hpp:81]  [T-Work-Recog_0] Run work: WorkRecog
I1014 10:44:39.659085  4198 work_recog.hpp:89] Face id: 0 will run recog: bbox [184 x 217 from (279, 129)] quality: 0.422163
I1014 10:44:39.659113  4198 work_recog.hpp:96] Recog pair: [264 x 280 from (240, 80)], [184 x 217 from (39, 49)]
I1014 10:44:39.659973  4200 thread_intergrate.hpp:154] T-Intergrate-intergrate Show face :0, size :640 * 360
I1014 10:44:39.660889  4196 demo_inner.hpp:435] thread [SORT-0]  frame id 34 sorting queue size 1   FPS: 29.7565
I1014 10:44:39.676934  4198 work_thread.hpp:81]  [T-Work-Recog_0] Run work: WorkCompare
I1014 10:44:39.677040  4198 work_compare.cpp:71] Compare face: 0 failed
I1014 10:44:39.681789  4194 demo_inner.hpp:177] decode queue size 0
I1014 10:44:39.681886  4197 work_thread.hpp:81]  [T-Work-Detect_0] Run work: WorkDetect
I1014 10:44:39.681922  4197 work_detect.cpp:102] Succeeded to add det start for frame 35
I1014 10:44:39.688709  4197 work_detect.cpp:70] Frame :35 detect result :1 face(s)
I1014 10:44:39.688748  4197 work_detect.cpp:86] Detected bbox: [185 x 220 from (274, 124)]
I1014 10:44:39.688791  4197 work_detect.cpp:120] Succeeded to add det end for frame 35
I1014 10:44:39.688808  4197 work_thread.hpp:81]  [T-Work-Detect_0] Run work: WrokTrack
I1014 10:44:39.688832  4197 work_track.cpp:82] Frame: 35 build input_characts: [0.289062 x 0.611111 from (0.428125, 0.344444)], 0.997596, 0
I1014 10:44:39.688887  4197 work_track.cpp:102] Succeeded to set track lock for frame 35
I1014 10:44:39.688926  4197 work_track.cpp:116] Succeeded to release track lock for frame 35
I1014 10:44:39.688941  4197 work_track.cpp:120] Track results of frame 35: 1 objects input, 1 objects tracked!
I1014 10:44:39.688958  4197 work_track.cpp:148] Frame: 35, track bbox: [185 x 220 from (276.329, 125.334)], gid: 0, lid: 0
I1014 10:44:39.688994  4197 work_thread.hpp:88]  [T-Work-Detect_0] Frame :35 split
I1014 10:44:39.689013  4197 work_thread.hpp:120]  [T-Work-Detect_0] Valid piece: gid = 0
I1014 10:44:39.689030  4197 work_thread.hpp:92]  [T-Work-Detect_0] Push to split queue:recog
I1014 10:44:39.689143  4199 work_thread.hpp:81]  [T-Work-Recog_1] Run work: WorkCapture
I1014 10:44:39.689177  4200 thread_intergrate.hpp:78] [T-Intergrate-intergrate] queue: frame output frame :35
I1014 10:44:39.689684  4199 work_thread.hpp:81]  [T-Work-Recog_1] Run work: WorkRecog
I1014 10:44:39.689707  4199 work_recog.hpp:89] Face id: 0 will run recog: bbox [185 x 220 from (274, 124)] quality: 0.395756
I1014 10:44:39.689734  4199 work_recog.hpp:96] Recog pair: [264 x 280 from (232, 80)], [185 x 220 from (42, 44)]
I1014 10:44:39.690317  4200 thread_intergrate.hpp:154] T-Intergrate-intergrate Show face :0, size :640 * 360
I1014 10:44:39.691148  4196 demo_inner.hpp:435] thread [SORT-0]  frame id 35 sorting queue size 2   FPS: 29.8246
I1014 10:44:39.707067  4199 work_thread.hpp:81]  [T-Work-Recog_1] Run work: WorkCompare
I1014 10:44:39.707163  4199 work_compare.cpp:76] Compare face: 0 successed, similarity :0.966352, name : images/thanglmb.jpg, normal size : 640 * 360!
I1014 10:44:39.707880  4195 demo_inner.hpp:260]  gui queue size 2, state = running
I1014 10:44:39.717361  4194 demo_inner.hpp:177] decode queue size 0
I1014 10:44:39.717470  4197 work_thread.hpp:81]  [T-Work-Detect_0] Run work: WorkDetect
I1014 10:44:39.717509  4197 work_detect.cpp:102] Succeeded to add det start for frame 36
I1014 10:44:39.724180  4197 work_detect.cpp:70] Frame :36 detect result :1 face(s)
I1014 10:44:39.724223  4197 work_detect.cpp:86] Detected bbox: [184 x 212 from (276, 108)]
I1014 10:44:39.724267  4197 work_detect.cpp:120] Succeeded to add det end for frame 36
I1014 10:44:39.724283  4197 work_thread.hpp:81]  [T-Work-Detect_0] Run work: WrokTrack
I1014 10:44:39.724306  4197 work_track.cpp:82] Frame: 36 build input_characts: [0.2875 x 0.588889 from (0.43125, 0.3)], 0.999622, 0
I1014 10:44:39.724361  4197 work_track.cpp:102] Succeeded to set track lock for frame 36
I1014 10:44:39.724404  4197 work_track.cpp:116] Succeeded to release track lock for frame 36
I1014 10:44:39.724419  4197 work_track.cpp:120] Track results of frame 36: 1 objects input, 1 objects tracked!
I1014 10:44:39.724437  4197 work_track.cpp:148] Frame: 36, track bbox: [184 x 212 from (275.682, 117.848)], gid: 0, lid: 0
I1014 10:44:39.724474  4197 work_thread.hpp:88]  [T-Work-Detect_0] Frame :36 split
I1014 10:44:39.724493  4197 work_thread.hpp:120]  [T-Work-Detect_0] Valid piece: gid = 0
I1014 10:44:39.724511  4197 work_thread.hpp:92]  [T-Work-Detect_0] Push to split queue:recog
I1014 10:44:39.724550  4199 work_thread.hpp:81]  [T-Work-Recog_1] Run work: WorkCapture
I1014 10:44:39.724560  4200 thread_intergrate.hpp:78] [T-Intergrate-intergrate] queue: frame output frame :36
I1014 10:44:39.724597  4200 thread_intergrate.hpp:85] [T-Intergrate-intergrate] queue: compare output face:0
I1014 10:44:39.724617  4200 thread_intergrate.hpp:134] T-Intergrate-intergrate set matched face: 0
I1014 10:44:39.725101  4199 work_thread.hpp:81]  [T-Work-Recog_1] Run work: WorkRecog
I1014 10:44:39.725124  4199 work_recog.hpp:89] Face id: 0 will run recog: bbox [184 x 212 from (276, 108)] quality: 0.333139
I1014 10:44:39.725153  4199 work_recog.hpp:96] Recog pair: [256 x 296 from (240, 64)], [184 x 212 from (36, 44)]
I1014 10:44:39.726094  4200 thread_intergrate.hpp:154] T-Intergrate-intergrate Show face :0, size :640 * 360
I1014 10:44:39.726851  4196 demo_inner.hpp:435] thread [SORT-0]  frame id 36 sorting queue size 0   FPS: 29.7872
I1014 10:44:39.742920  4199 work_thread.hpp:81]  [T-Work-Recog_1] Run work: WorkCompare
I1014 10:44:39.743031  4199 work_compare.cpp:76] Compare face: 0 successed, similarity :0.927001, name : images/thanglmb.jpg, normal size : 640 * 360!
I1014 10:44:39.747718  4194 demo_inner.hpp:177] decode queue size 0
I1014 10:44:39.747815  4197 work_thread.hpp:81]  [T-Work-Detect_0] Run work: WorkDetect
I1014 10:44:39.747853  4197 work_detect.cpp:102] Succeeded to add det start for frame 37
I1014 10:44:39.754614  4197 work_detect.cpp:70] Frame :37 detect result :1 face(s)
I1014 10:44:39.754652  4197 work_detect.cpp:86] Detected bbox: [184 x 223 from (278, 122)]
I1014 10:44:39.754765  4197 work_detect.cpp:120] Succeeded to add det end for frame 37
I1014 10:44:39.754783  4197 work_thread.hpp:81]  [T-Work-Detect_0] Run work: WrokTrack
I1014 10:44:39.754807  4197 work_track.cpp:82] Frame: 37 build input_characts: [0.2875 x 0.619444 from (0.434375, 0.338889)], 1.00019, 0
I1014 10:44:39.754861  4197 work_track.cpp:102] Succeeded to set track lock for frame 37
I1014 10:44:39.754901  4197 work_track.cpp:116] Succeeded to release track lock for frame 37
I1014 10:44:39.754915  4197 work_track.cpp:120] Track results of frame 37: 1 objects input, 1 objects tracked!
I1014 10:44:39.754932  4197 work_track.cpp:148] Frame: 37, track bbox: [184 x 223 from (276.601, 115.233)], gid: 0, lid: 0
I1014 10:44:39.754969  4197 work_thread.hpp:88]  [T-Work-Detect_0] Frame :37 split
I1014 10:44:39.754987  4197 work_thread.hpp:120]  [T-Work-Detect_0] Valid piece: gid = 0
I1014 10:44:39.755004  4197 work_thread.hpp:92]  [T-Work-Detect_0] Push to split queue:recog
I1014 10:44:39.755049  4198 work_thread.hpp:81]  [T-Work-Recog_0] Run work: WorkCapture
I1014 10:44:39.755059  4200 thread_intergrate.hpp:78] [T-Intergrate-intergrate] queue: frame output frame :37
I1014 10:44:39.755086  4200 thread_intergrate.hpp:85] [T-Intergrate-intergrate] queue: compare output face:0
I1014 10:44:39.755127  4200 thread_intergrate.hpp:134] T-Intergrate-intergrate set matched face: 0
I1014 10:44:39.755609  4198 work_thread.hpp:81]  [T-Work-Recog_0] Run work: WorkRecog
I1014 10:44:39.755635  4198 work_recog.hpp:89] Face id: 0 will run recog: bbox [184 x 223 from (278, 122)] quality: 0.373419
I1014 10:44:39.755663  4198 work_recog.hpp:96] Recog pair: [264 x 288 from (240, 72)], [184 x 223 from (38, 50)]
I1014 10:44:39.756518  4200 thread_intergrate.hpp:154] T-Intergrate-intergrate Show face :0, size :640 * 360
I1014 10:44:39.757376  4196 demo_inner.hpp:435] thread [SORT-0]  frame id 37 sorting queue size 1   FPS: 29.8507
I1014 10:44:39.773010  4198 work_thread.hpp:81]  [T-Work-Recog_0] Run work: WorkCompare
I1014 10:44:39.773118  4198 work_compare.cpp:76] Compare face: 0 successed, similarity :0.907442, name : images/thanglmb.jpg, normal size : 640 * 360!
I1014 10:44:39.783336  4194 demo_inner.hpp:177] decode queue size 0
I1014 10:44:39.783437  4197 work_thread.hpp:81]  [T-Work-Detect_0] Run work: WorkDetect
I1014 10:44:39.783471  4197 work_detect.cpp:102] Succeeded to add det start for frame 38
I1014 10:44:39.790261  4197 work_detect.cpp:70] Frame :38 detect result :1 face(s)
I1014 10:44:39.790304  4197 work_detect.cpp:86] Detected bbox: [185 x 223 from (278, 120)]
I1014 10:44:39.790347  4197 work_detect.cpp:120] Succeeded to add det end for frame 38
I1014 10:44:39.790364  4197 work_thread.hpp:81]  [T-Work-Detect_0] Run work: WrokTrack
I1014 10:44:39.790386  4197 work_track.cpp:82] Frame: 38 build input_characts: [0.289062 x 0.619444 from (0.434375, 0.333333)], 1.00019, 0
I1014 10:44:39.790441  4197 work_track.cpp:102] Succeeded to set track lock for frame 38
I1014 10:44:39.790480  4197 work_track.cpp:116] Succeeded to release track lock for frame 38
I1014 10:44:39.790495  4197 work_track.cpp:120] Track results of frame 38: 1 objects input, 1 objects tracked!
I1014 10:44:39.790513  4197 work_track.cpp:148] Frame: 38, track bbox: [185 x 223 from (276.906, 116.089)], gid: 0, lid: 0
I1014 10:44:39.790549  4197 work_thread.hpp:88]  [T-Work-Detect_0] Frame :38 split
I1014 10:44:39.790566  4197 work_thread.hpp:120]  [T-Work-Detect_0] Valid piece: gid = 0
I1014 10:44:39.790585  4197 work_thread.hpp:92]  [T-Work-Detect_0] Push to split queue:recog
I1014 10:44:39.790629  4198 work_thread.hpp:81]  [T-Work-Recog_0] Run work: WorkCapture
I1014 10:44:39.790633  4200 thread_intergrate.hpp:78] [T-Intergrate-intergrate] queue: frame output frame :38
I1014 10:44:39.790679  4200 thread_intergrate.hpp:85] [T-Intergrate-intergrate] queue: compare output face:0
I1014 10:44:39.790699  4200 thread_intergrate.hpp:134] T-Intergrate-intergrate set matched face: 0
I1014 10:44:39.791191  4198 work_thread.hpp:81]  [T-Work-Recog_0] Run work: WorkRecog
I1014 10:44:39.791293  4198 work_recog.hpp:89] Face id: 0 will run recog: bbox [185 x 223 from (278, 120)] quality: 0.396026
I1014 10:44:39.791324  4198 work_recog.hpp:96] Recog pair: [264 x 288 from (240, 72)], [185 x 223 from (38, 48)]
I1014 10:44:39.792222  4200 thread_intergrate.hpp:154] T-Intergrate-intergrate Show face :0, size :640 * 360
I1014 10:44:39.793010  4196 demo_inner.hpp:435] thread [SORT-0]  frame id 38 sorting queue size 2   FPS: 29.8147
I1014 10:44:39.808521  4195 demo_inner.hpp:260]  gui queue size 2, state = running
I1014 10:44:39.811034  4198 work_thread.hpp:81]  [T-Work-Recog_0] Run work: WorkCompare
I1014 10:44:39.811182  4198 work_compare.cpp:76] Compare face: 0 successed, similarity :0.922043, name : images/thanglmb.jpg, normal size : 640 * 360!
I1014 10:44:39.819715  4194 demo_inner.hpp:177] decode queue size 0
I1014 10:44:39.819830  4197 work_thread.hpp:81]  [T-Work-Detect_0] Run work: WorkDetect
I1014 10:44:39.819866  4197 work_detect.cpp:102] Succeeded to add det start for frame 39
I1014 10:44:39.826920  4197 work_detect.cpp:70] Frame :39 detect result :1 face(s)
I1014 10:44:39.826961  4197 work_detect.cpp:86] Detected bbox: [184 x 215 from (283, 135)]
I1014 10:44:39.827004  4197 work_detect.cpp:120] Succeeded to add det end for frame 39
I1014 10:44:39.827019  4197 work_thread.hpp:81]  [T-Work-Detect_0] Run work: WrokTrack
