Log file created at: 2019/10/15 11:10:01
Running on machine: zcu104
Log line format: [IWEF]mmdd hh:mm:ss.uuuuuu threadid file:line] msg
I1015 11:10:01.135102  3615 feature_lib.cpp:109] Feature lib read name: images/HaDM.jpg
I1015 11:10:01.153527  3615 feature_lib.cpp:131] Read lib face : images/HaDM.jpg
I1015 11:10:01.153558  3615 feature_lib.cpp:109] Feature lib read name: images/HaiHV.jpg
I1015 11:10:01.153964  3615 feature_lib.cpp:131] Read lib face : images/HaiHV.jpg
I1015 11:10:01.153983  3615 feature_lib.cpp:109] Feature lib read name: images/SonNNe.jpg
I1015 11:10:01.154381  3615 feature_lib.cpp:131] Read lib face : images/SonNNe.jpg
I1015 11:10:01.154400  3615 feature_lib.cpp:109] Feature lib read name: images/TungDM.jpg
I1015 11:10:01.154789  3615 feature_lib.cpp:131] Read lib face : images/TungDM.jpg
I1015 11:10:01.154809  3615 feature_lib.cpp:109] Feature lib read name: images/HungVTc.png
I1015 11:10:01.155213  3615 feature_lib.cpp:131] Read lib face : images/HungVTc.png
I1015 11:10:01.155273  3615 feature_lib.cpp:109] Feature lib read name: images/DangVHb.jpg
I1015 11:10:01.155668  3615 feature_lib.cpp:131] Read lib face : images/DangVHb.jpg
I1015 11:10:01.155689  3615 feature_lib.cpp:109] Feature lib read name: images/hungndn.jpg
I1015 11:10:01.156077  3615 feature_lib.cpp:131] Read lib face : images/hungndn.jpg
I1015 11:10:01.156096  3615 feature_lib.cpp:109] Feature lib read name: images/HieuPV.jpg
I1015 11:10:01.156498  3615 feature_lib.cpp:131] Read lib face : images/HieuPV.jpg
I1015 11:10:01.156519  3615 feature_lib.cpp:109] Feature lib read name: images/HuyNQz.png
I1015 11:10:01.156953  3615 feature_lib.cpp:131] Read lib face : images/HuyNQz.png
I1015 11:10:01.156994  3615 feature_lib.cpp:109] Feature lib read name: images/VuongNQb.png
I1015 11:10:01.157392  3615 feature_lib.cpp:131] Read lib face : images/VuongNQb.png
I1015 11:10:01.161181  3615 feature_lib.cpp:109] Feature lib read name: images/ThangLMb.jpg
I1015 11:10:01.161581  3615 feature_lib.cpp:131] Read lib face : images/ThangLMb.jpg
I1015 11:10:01.161600  3615 feature_lib.cpp:109] Feature lib read name: images/truongnxd.png
I1015 11:10:01.161996  3615 feature_lib.cpp:131] Read lib face : images/truongnxd.png
I1015 11:10:01.162016  3615 feature_lib.cpp:109] Feature lib read name: images/ThaoDQ.jpg
I1015 11:10:01.162408  3615 feature_lib.cpp:131] Read lib face : images/ThaoDQ.jpg
I1015 11:10:01.162461  3615 feature_lib.cpp:147] Loading normal image: images/HaDM.jpg...
I1015 11:10:01.217300  3615 feature_lib.cpp:158] Load normal image: images/HaDM.jpg done size: 838 * 1100
I1015 11:10:01.217366  3615 feature_lib.cpp:147] Loading normal image: images/HaiHV.jpg...
I1015 11:10:01.276234  3615 feature_lib.cpp:158] Load normal image: images/HaiHV.jpg done size: 1203 * 1541
I1015 11:10:01.276295  3615 feature_lib.cpp:147] Loading normal image: images/SonNNe.jpg...
I1015 11:10:01.354794  3615 feature_lib.cpp:158] Load normal image: images/SonNNe.jpg done size: 1429 * 1719
I1015 11:10:01.354856  3615 feature_lib.cpp:147] Loading normal image: images/TungDM.jpg...
I1015 11:10:01.417196  3615 feature_lib.cpp:158] Load normal image: images/TungDM.jpg done size: 1340 * 1462
I1015 11:10:01.417258  3615 feature_lib.cpp:147] Loading normal image: images/HungVTc.png...
I1015 11:10:01.430671  3615 feature_lib.cpp:158] Load normal image: images/HungVTc.png done size: 263 * 317
I1015 11:10:01.430708  3615 feature_lib.cpp:147] Loading normal image: images/DangVHb.jpg...
I1015 11:10:01.497681  3615 feature_lib.cpp:158] Load normal image: images/DangVHb.jpg done size: 1469 * 1456
I1015 11:10:01.497742  3615 feature_lib.cpp:147] Loading normal image: images/hungndn.jpg...
I1015 11:10:01.599126  3615 feature_lib.cpp:158] Load normal image: images/hungndn.jpg done size: 1636 * 1930
I1015 11:10:01.599187  3615 feature_lib.cpp:147] Loading normal image: images/HieuPV.jpg...
I1015 11:10:01.681138  3615 feature_lib.cpp:158] Load normal image: images/HieuPV.jpg done size: 1527 * 1719
I1015 11:10:01.681197  3615 feature_lib.cpp:147] Loading normal image: images/HuyNQz.png...
I1015 11:10:01.714463  3615 feature_lib.cpp:158] Load normal image: images/HuyNQz.png done size: 493 * 639
I1015 11:10:01.714522  3615 feature_lib.cpp:147] Loading normal image: images/VuongNQb.png...
I1015 11:10:01.735301  3615 feature_lib.cpp:158] Load normal image: images/VuongNQb.png done size: 351 * 514
I1015 11:10:01.735424  3615 feature_lib.cpp:147] Loading normal image: images/ThangLMb.jpg...
I1015 11:10:01.816915  3615 feature_lib.cpp:158] Load normal image: images/ThangLMb.jpg done size: 1548 * 1719
I1015 11:10:01.816977  3615 feature_lib.cpp:147] Loading normal image: images/truongnxd.png...
I1015 11:10:01.874349  3615 feature_lib.cpp:158] Load normal image: images/truongnxd.png done size: 906 * 964
I1015 11:10:01.874410  3615 feature_lib.cpp:147] Loading normal image: images/ThaoDQ.jpg...
I1015 11:10:01.950285  3615 feature_lib.cpp:158] Load normal image: images/ThaoDQ.jpg done size: 1425 * 1719
I1015 11:10:05.029989  3615 demo_inner.hpp:126] thread [DedodeThread-0] is starting
I1015 11:10:05.030158  3615 demo_inner.hpp:126] thread [GUIThread] is starting
I1015 11:10:05.030247  3618 demo_inner.hpp:101] thread [DedodeThread-0] is started
I1015 11:10:05.030261  3615 demo_inner.hpp:126] thread [SORT-0] is starting
I1015 11:10:05.030320  3619 demo_inner.hpp:101] thread [GUIThread] is started
I1015 11:10:05.030339  3615 demo_inner.hpp:126] thread [T-Work-Detect_0] is starting
I1015 11:10:05.030395  3620 demo_inner.hpp:101] thread [SORT-0] is started
I1015 11:10:05.030402  3615 demo_inner.hpp:126] thread [T-Work-Recog_0] is starting
I1015 11:10:05.030436  3621 demo_inner.hpp:101] thread [T-Work-Detect_0] is started
I1015 11:10:05.030470  3615 demo_inner.hpp:126] thread [T-Work-Recog_1] is starting
I1015 11:10:05.030522  3622 demo_inner.hpp:101] thread [T-Work-Recog_0] is started
I1015 11:10:05.030541  3615 demo_inner.hpp:126] thread [T-Intergrate-intergrate] is starting
I1015 11:10:05.030563  3623 demo_inner.hpp:101] thread [T-Work-Recog_1] is started
I1015 11:10:05.030602  3615 demo_inner.hpp:137] waiting for [GUIThread] ended
I1015 11:10:05.030630  3624 demo_inner.hpp:101] thread [T-Intergrate-intergrate] is started
I1015 11:10:05.480741  3618 demo_inner.hpp:177] decode queue size 0
I1015 11:10:05.480886  3621 work_thread.hpp:81]  [T-Work-Detect_0] Run work: WorkDetect
I1015 11:10:05.480948  3621 work_detect.cpp:102] Succeeded to add det start for frame 1
I1015 11:10:05.487922  3621 work_detect.cpp:70] Frame :1 detect result :0 face(s)
I1015 11:10:05.487973  3621 work_detect.cpp:120] Succeeded to add det end for frame 1
I1015 11:10:05.487989  3621 work_thread.hpp:81]  [T-Work-Detect_0] Run work: WrokTrack
I1015 11:10:05.488019  3621 work_track.cpp:102] Succeeded to set track lock for frame 1
I1015 11:10:05.488068  3621 work_track.cpp:116] Succeeded to release track lock for frame 1
I1015 11:10:05.488083  3621 work_track.cpp:120] Track results of frame 1: 0 objects input, 0 objects tracked!
I1015 11:10:05.488101  3621 work_thread.hpp:87]  [T-Work-Detect_0] Frame :1 split
I1015 11:10:05.488142  3624 thread_intergrate.hpp:83] [T-Intergrate-intergrate] queue: frame output frame :1
I1015 11:10:05.489265  3620 demo_inner.hpp:435] thread [SORT-0]  frame id 1 sorting queue size 0   FPS: -1
I1015 11:10:05.489377  3619 demo_inner.hpp:260]  gui queue size 0, state = running
I1015 11:10:05.514639  3618 demo_inner.hpp:177] decode queue size 0
I1015 11:10:05.514729  3621 work_thread.hpp:81]  [T-Work-Detect_0] Run work: WorkDetect
I1015 11:10:05.514765  3621 work_detect.cpp:102] Succeeded to add det start for frame 2
I1015 11:10:05.521368  3621 work_detect.cpp:70] Frame :2 detect result :0 face(s)
I1015 11:10:05.521416  3621 work_detect.cpp:120] Succeeded to add det end for frame 2
I1015 11:10:05.521432  3621 work_thread.hpp:81]  [T-Work-Detect_0] Run work: WrokTrack
I1015 11:10:05.521458  3621 work_track.cpp:102] Succeeded to set track lock for frame 2
I1015 11:10:05.521483  3621 work_track.cpp:116] Succeeded to release track lock for frame 2
I1015 11:10:05.521497  3621 work_track.cpp:120] Track results of frame 2: 0 objects input, 0 objects tracked!
I1015 11:10:05.521515  3621 work_thread.hpp:87]  [T-Work-Detect_0] Frame :2 split
I1015 11:10:05.521555  3624 thread_intergrate.hpp:83] [T-Intergrate-intergrate] queue: frame output frame :2
I1015 11:10:05.530982  3620 demo_inner.hpp:435] thread [SORT-0]  frame id 2 sorting queue size 0   FPS: 30.303
I1015 11:10:05.544327  3619 demo_inner.hpp:260]  gui queue size 0, state = running
I1015 11:10:05.550576  3618 demo_inner.hpp:177] decode queue size 0
I1015 11:10:05.550665  3621 work_thread.hpp:81]  [T-Work-Detect_0] Run work: WorkDetect
I1015 11:10:05.550699  3621 work_detect.cpp:102] Succeeded to add det start for frame 3
I1015 11:10:05.557152  3621 work_detect.cpp:70] Frame :3 detect result :0 face(s)
I1015 11:10:05.557193  3621 work_detect.cpp:120] Succeeded to add det end for frame 3
I1015 11:10:05.557209  3621 work_thread.hpp:81]  [T-Work-Detect_0] Run work: WrokTrack
I1015 11:10:05.557233  3621 work_track.cpp:102] Succeeded to set track lock for frame 3
I1015 11:10:05.557258  3621 work_track.cpp:116] Succeeded to release track lock for frame 3
I1015 11:10:05.557271  3621 work_track.cpp:120] Track results of frame 3: 0 objects input, 0 objects tracked!
I1015 11:10:05.557291  3621 work_thread.hpp:87]  [T-Work-Detect_0] Frame :3 split
I1015 11:10:05.557328  3624 thread_intergrate.hpp:83] [T-Intergrate-intergrate] queue: frame output frame :3
I1015 11:10:05.558959  3620 demo_inner.hpp:435] thread [SORT-0]  frame id 3 sorting queue size 0   FPS: 28.9855
I1015 11:10:05.559023  3619 demo_inner.hpp:260]  gui queue size 0, state = running
I1015 11:10:05.592563  3618 demo_inner.hpp:177] decode queue size 0
I1015 11:10:05.592707  3621 work_thread.hpp:81]  [T-Work-Detect_0] Run work: WorkDetect
I1015 11:10:05.592741  3621 work_detect.cpp:102] Succeeded to add det start for frame 4
I1015 11:10:05.599319  3621 work_detect.cpp:70] Frame :4 detect result :0 face(s)
I1015 11:10:05.599364  3621 work_detect.cpp:120] Succeeded to add det end for frame 4
I1015 11:10:05.599380  3621 work_thread.hpp:81]  [T-Work-Detect_0] Run work: WrokTrack
I1015 11:10:05.599406  3621 work_track.cpp:102] Succeeded to set track lock for frame 4
I1015 11:10:05.599431  3621 work_track.cpp:116] Succeeded to release track lock for frame 4
I1015 11:10:05.599443  3621 work_track.cpp:120] Track results of frame 4: 0 objects input, 0 objects tracked!
I1015 11:10:05.599462  3621 work_thread.hpp:87]  [T-Work-Detect_0] Frame :4 split
I1015 11:10:05.599500  3624 thread_intergrate.hpp:83] [T-Intergrate-intergrate] queue: frame output frame :4
I1015 11:10:05.600919  3620 demo_inner.hpp:435] thread [SORT-0]  frame id 4 sorting queue size 0   FPS: 27.027
I1015 11:10:05.600986  3619 demo_inner.hpp:260]  gui queue size 0, state = running
I1015 11:10:05.628677  3618 demo_inner.hpp:177] decode queue size 0
I1015 11:10:05.628758  3621 work_thread.hpp:81]  [T-Work-Detect_0] Run work: WorkDetect
I1015 11:10:05.628792  3621 work_detect.cpp:102] Succeeded to add det start for frame 5
I1015 11:10:05.635244  3621 work_detect.cpp:70] Frame :5 detect result :0 face(s)
I1015 11:10:05.635277  3621 work_detect.cpp:120] Succeeded to add det end for frame 5
I1015 11:10:05.635293  3621 work_thread.hpp:81]  [T-Work-Detect_0] Run work: WrokTrack
I1015 11:10:05.635316  3621 work_track.cpp:102] Succeeded to set track lock for frame 5
I1015 11:10:05.635341  3621 work_track.cpp:116] Succeeded to release track lock for frame 5
I1015 11:10:05.635355  3621 work_track.cpp:120] Track results of frame 5: 0 objects input, 0 objects tracked!
I1015 11:10:05.635373  3621 work_thread.hpp:87]  [T-Work-Detect_0] Frame :5 split
I1015 11:10:05.635411  3624 thread_intergrate.hpp:83] [T-Intergrate-intergrate] queue: frame output frame :5
I1015 11:10:05.636880  3620 demo_inner.hpp:435] thread [SORT-0]  frame id 5 sorting queue size 0   FPS: 27.2109
I1015 11:10:05.636946  3619 demo_inner.hpp:260]  gui queue size 0, state = running
I1015 11:10:05.678679  3618 demo_inner.hpp:177] decode queue size 0
I1015 11:10:05.678813  3621 work_thread.hpp:81]  [T-Work-Detect_0] Run work: WorkDetect
I1015 11:10:05.678850  3621 work_detect.cpp:102] Succeeded to add det start for frame 6
I1015 11:10:05.685897  3621 work_detect.cpp:70] Frame :6 detect result :1 face(s)
I1015 11:10:05.685932  3621 work_detect.cpp:86] Detected bbox: [179 x 217 from (271, 105)]
I1015 11:10:05.686048  3621 work_detect.cpp:120] Succeeded to add det end for frame 6
I1015 11:10:05.686065  3621 work_thread.hpp:81]  [T-Work-Detect_0] Run work: WrokTrack
I1015 11:10:05.686089  3621 work_track.cpp:82] Frame: 6 build input_characts: [0.279687 x 0.602778 from (0.423438, 0.291667)], 0.997488, 0
I1015 11:10:05.686146  3621 work_track.cpp:102] Succeeded to set track lock for frame 6
I1015 11:10:05.694067  3621 work_track.cpp:116] Succeeded to release track lock for frame 6
I1015 11:10:05.694085  3621 work_track.cpp:120] Track results of frame 6: 1 objects input, 0 objects tracked!
I1015 11:10:05.694103  3621 work_track.cpp:162] Frame: 6 lid: 0 not tracked, will set invalid
I1015 11:10:05.694118  3621 work_thread.hpp:87]  [T-Work-Detect_0] Frame :6 split
I1015 11:10:05.694135  3621 work_thread.hpp:126]  [T-Work-Detect_0] Invalid piece: lid = 0, drop it
I1015 11:10:05.694173  3624 thread_intergrate.hpp:83] [T-Intergrate-intergrate] queue: frame output frame :6
I1015 11:10:05.695596  3620 demo_inner.hpp:435] thread [SORT-0]  frame id 6 sorting queue size 0   FPS: 24.2718
I1015 11:10:05.695658  3619 demo_inner.hpp:260]  gui queue size 0, state = running
I1015 11:10:05.714275  3618 demo_inner.hpp:177] decode queue size 0
I1015 11:10:05.714382  3621 work_thread.hpp:81]  [T-Work-Detect_0] Run work: WorkDetect
I1015 11:10:05.714419  3621 work_detect.cpp:102] Succeeded to add det start for frame 7
I1015 11:10:05.721355  3621 work_detect.cpp:70] Frame :7 detect result :1 face(s)
I1015 11:10:05.721386  3621 work_detect.cpp:86] Detected bbox: [171 x 212 from (270, 105)]
I1015 11:10:05.721426  3621 work_detect.cpp:120] Succeeded to add det end for frame 7
I1015 11:10:05.721442  3621 work_thread.hpp:81]  [T-Work-Detect_0] Run work: WrokTrack
I1015 11:10:05.721465  3621 work_track.cpp:82] Frame: 7 build input_characts: [0.267188 x 0.588889 from (0.421875, 0.291667)], 0.997488, 0
I1015 11:10:05.721518  3621 work_track.cpp:102] Succeeded to set track lock for frame 7
I1015 11:10:05.721587  3621 work_track.cpp:116] Succeeded to release track lock for frame 7
I1015 11:10:05.721602  3621 work_track.cpp:120] Track results of frame 7: 1 objects input, 0 objects tracked!
I1015 11:10:05.721619  3621 work_track.cpp:162] Frame: 7 lid: 0 not tracked, will set invalid
I1015 11:10:05.721634  3621 work_thread.hpp:87]  [T-Work-Detect_0] Frame :7 split
I1015 11:10:05.721652  3621 work_thread.hpp:126]  [T-Work-Detect_0] Invalid piece: lid = 0, drop it
I1015 11:10:05.721690  3624 thread_intergrate.hpp:83] [T-Intergrate-intergrate] queue: frame output frame :7
I1015 11:10:05.723140  3620 demo_inner.hpp:435] thread [SORT-0]  frame id 7 sorting queue size 0   FPS: 25.7511
I1015 11:10:05.723197  3619 demo_inner.hpp:260]  gui queue size 0, state = running
I1015 11:10:05.756572  3618 demo_inner.hpp:177] decode queue size 0
I1015 11:10:05.756700  3621 work_thread.hpp:81]  [T-Work-Detect_0] Run work: WorkDetect
I1015 11:10:05.756742  3621 work_detect.cpp:102] Succeeded to add det start for frame 8
I1015 11:10:05.763447  3621 work_detect.cpp:70] Frame :8 detect result :1 face(s)
I1015 11:10:05.763504  3621 work_detect.cpp:86] Detected bbox: [176 x 217 from (270, 105)]
I1015 11:10:05.763550  3621 work_detect.cpp:120] Succeeded to add det end for frame 8
I1015 11:10:05.763566  3621 work_thread.hpp:81]  [T-Work-Detect_0] Run work: WrokTrack
I1015 11:10:05.763592  3621 work_track.cpp:82] Frame: 8 build input_characts: [0.275 x 0.602778 from (0.421875, 0.291667)], 0.999622, 0
I1015 11:10:05.763648  3621 work_track.cpp:102] Succeeded to set track lock for frame 8
I1015 11:10:05.763710  3621 work_track.cpp:116] Succeeded to release track lock for frame 8
I1015 11:10:05.763725  3621 work_track.cpp:120] Track results of frame 8: 1 objects input, 1 objects tracked!
I1015 11:10:05.763743  3621 work_track.cpp:148] Frame: 8, track bbox: [176 x 217 from (268.727, 104.173)], gid: 0, lid: 0
I1015 11:10:05.763782  3621 work_thread.hpp:87]  [T-Work-Detect_0] Frame :8 split
I1015 11:10:05.763799  3621 work_thread.hpp:120]  [T-Work-Detect_0] Valid piece: gid = 0
I1015 11:10:05.763898  3621 work_thread.hpp:91]  [T-Work-Detect_0] Push to split queue:recog
I1015 11:10:05.763944  3624 thread_intergrate.hpp:83] [T-Intergrate-intergrate] queue: frame output frame :8
I1015 11:10:05.763948  3623 work_thread.hpp:81]  [T-Work-Recog_1] Run work: WorkCapture
I1015 11:10:05.765545  3620 demo_inner.hpp:435] thread [SORT-0]  frame id 8 sorting queue size 0   FPS: 25.4545
I1015 11:10:05.765614  3619 demo_inner.hpp:260]  gui queue size 0, state = running
I1015 11:10:05.787067  3618 demo_inner.hpp:177] decode queue size 0
I1015 11:10:05.787240  3621 work_thread.hpp:81]  [T-Work-Detect_0] Run work: WorkDetect
I1015 11:10:05.787288  3621 work_detect.cpp:102] Succeeded to add det start for frame 9
I1015 11:10:05.794301  3621 work_detect.cpp:70] Frame :9 detect result :1 face(s)
I1015 11:10:05.794370  3621 work_detect.cpp:86] Detected bbox: [173 x 216 from (278, 106)]
I1015 11:10:05.794423  3621 work_detect.cpp:120] Succeeded to add det end for frame 9
I1015 11:10:05.794441  3621 work_thread.hpp:81]  [T-Work-Detect_0] Run work: WrokTrack
I1015 11:10:05.794472  3621 work_track.cpp:82] Frame: 9 build input_characts: [0.270312 x 0.6 from (0.434375, 0.294444)], 1.00019, 0
I1015 11:10:05.794538  3621 work_track.cpp:102] Succeeded to set track lock for frame 9
I1015 11:10:05.794584  3621 work_track.cpp:116] Succeeded to release track lock for frame 9
I1015 11:10:05.794597  3621 work_track.cpp:120] Track results of frame 9: 1 objects input, 1 objects tracked!
I1015 11:10:05.794616  3621 work_track.cpp:148] Frame: 9, track bbox: [173 x 216 from (275.295, 105.596)], gid: 0, lid: 0
I1015 11:10:05.794657  3621 work_thread.hpp:87]  [T-Work-Detect_0] Frame :9 split
I1015 11:10:05.794675  3621 work_thread.hpp:120]  [T-Work-Detect_0] Valid piece: gid = 0
I1015 11:10:05.794693  3621 work_thread.hpp:91]  [T-Work-Detect_0] Push to split queue:recog
I1015 11:10:05.794792  3624 thread_intergrate.hpp:83] [T-Intergrate-intergrate] queue: frame output frame :9
I1015 11:10:05.794814  3622 work_thread.hpp:81]  [T-Work-Recog_0] Run work: WorkCapture
I1015 11:10:05.796301  3620 demo_inner.hpp:435] thread [SORT-0]  frame id 9 sorting queue size 0   FPS: 26.1438
I1015 11:10:05.796407  3619 demo_inner.hpp:260]  gui queue size 0, state = running
I1015 11:10:05.801184  3623 work_thread.hpp:81]  [T-Work-Recog_1] Run work: WorkRecog
I1015 11:10:05.801271  3623 work_recog.hpp:89] Face id: 0 will run recog: bbox [176 x 217 from (270, 105)] quality: 0.318157
I1015 11:10:05.801354  3623 work_recog.hpp:96] Recog pair: [256 x 304 from (232, 56)], [176 x 217 from (38, 49)]
I1015 11:10:05.802610  3622 work_thread.hpp:81]  [T-Work-Recog_0] Run work: WorkRecog
I1015 11:10:05.802678  3622 work_recog.hpp:89] Face id: 0 will run recog: bbox [173 x 216 from (278, 106)] quality: 0.251946
I1015 11:10:05.802788  3622 work_recog.hpp:96] Recog pair: [248 x 304 from (240, 56)], [173 x 216 from (38, 50)]
I1015 11:10:05.823688  3618 demo_inner.hpp:177] decode queue size 0
I1015 11:10:05.823995  3621 work_thread.hpp:81]  [T-Work-Detect_0] Run work: WorkDetect
I1015 11:10:05.824052  3621 work_detect.cpp:102] Succeeded to add det start for frame 10
I1015 11:10:05.834116  3622 work_thread.hpp:81]  [T-Work-Recog_0] Run work: WorkCompare
I1015 11:10:05.835306  3622 work_compare.cpp:76] Compare face: 0 successed, similarity :0.992115, name : images/ThangLMb.jpg, normal size : 1548 * 1719!
I1015 11:10:05.836040  3623 work_thread.hpp:81]  [T-Work-Recog_1] Run work: WorkCompare
I1015 11:10:05.836752  3623 work_compare.cpp:76] Compare face: 0 successed, similarity :0.986411, name : images/ThangLMb.jpg, normal size : 1548 * 1719!
I1015 11:10:05.838677  3621 work_detect.cpp:70] Frame :10 detect result :1 face(s)
I1015 11:10:05.838758  3621 work_detect.cpp:86] Detected bbox: [167 x 212 from (277, 106)]
I1015 11:10:05.838819  3621 work_detect.cpp:120] Succeeded to add det end for frame 10
I1015 11:10:05.838838  3621 work_thread.hpp:81]  [T-Work-Detect_0] Run work: WrokTrack
I1015 11:10:05.838869  3621 work_track.cpp:82] Frame: 10 build input_characts: [0.260938 x 0.588889 from (0.432813, 0.294444)], 0.999622, 0
I1015 11:10:05.839042  3621 work_track.cpp:102] Succeeded to set track lock for frame 10
I1015 11:10:05.839097  3621 work_track.cpp:116] Succeeded to release track lock for frame 10
I1015 11:10:05.839112  3621 work_track.cpp:120] Track results of frame 10: 1 objects input, 1 objects tracked!
I1015 11:10:05.839131  3621 work_track.cpp:148] Frame: 10, track bbox: [167 x 212 from (278.101, 106.799)], gid: 0, lid: 0
I1015 11:10:05.839174  3621 work_thread.hpp:87]  [T-Work-Detect_0] Frame :10 split
I1015 11:10:05.839193  3621 work_thread.hpp:120]  [T-Work-Detect_0] Valid piece: gid = 0
I1015 11:10:05.839215  3621 work_thread.hpp:91]  [T-Work-Detect_0] Push to split queue:recog
I1015 11:10:05.839290  3624 thread_intergrate.hpp:83] [T-Intergrate-intergrate] queue: frame output frame :10
I1015 11:10:05.839301  3622 work_thread.hpp:81]  [T-Work-Recog_0] Run work: WorkCapture
I1015 11:10:05.839323  3624 thread_intergrate.hpp:90] [T-Intergrate-intergrate] queue: compare output face:0
I1015 11:10:05.839344  3624 thread_intergrate.hpp:149] T-Intergrate-intergrate set matched face: 0
I1015 11:10:05.840174  3622 work_thread.hpp:81]  [T-Work-Recog_0] Run work: WorkRecog
I1015 11:10:05.840231  3622 work_recog.hpp:89] Face id: 0 will run recog: bbox [167 x 212 from (277, 106)] quality: 0.347475
I1015 11:10:05.840281  3622 work_recog.hpp:96] Recog pair: [240 x 296 from (240, 64)], [167 x 212 from (37, 42)]
I1015 11:10:05.857511  3624 thread_intergrate.hpp:224] T-Intergrate-intergrate Show face :0, size :640 * 360
I1015 11:10:05.858280  3620 demo_inner.hpp:435] thread [SORT-0]  frame id 10 sorting queue size 0   FPS: 24.4565
I1015 11:10:05.858458  3619 demo_inner.hpp:260]  gui queue size 0, state = running
I1015 11:10:05.861383  3618 demo_inner.hpp:177] decode queue size 0
I1015 11:10:05.862615  3622 work_thread.hpp:81]  [T-Work-Recog_0] Run work: WorkCompare
I1015 11:10:05.863174  3622 work_compare.cpp:76] Compare face: 0 successed, similarity :0.986346, name : images/ThangLMb.jpg, normal size : 1548 * 1719!
I1015 11:10:05.864192  3621 work_thread.hpp:81]  [T-Work-Detect_0] Run work: WorkDetect
I1015 11:10:05.864254  3621 work_detect.cpp:102] Succeeded to add det start for frame 11
I1015 11:10:05.871330  3621 work_detect.cpp:70] Frame :11 detect result :1 face(s)
I1015 11:10:05.871402  3621 work_detect.cpp:86] Detected bbox: [177 x 218 from (277, 107)]
I1015 11:10:05.871454  3621 work_detect.cpp:120] Succeeded to add det end for frame 11
I1015 11:10:05.871472  3621 work_thread.hpp:81]  [T-Work-Detect_0] Run work: WrokTrack
I1015 11:10:05.871501  3621 work_track.cpp:82] Frame: 11 build input_characts: [0.276563 x 0.605556 from (0.432813, 0.297222)], 1.00035, 0
I1015 11:10:05.871559  3621 work_track.cpp:102] Succeeded to set track lock for frame 11
I1015 11:10:05.871604  3621 work_track.cpp:116] Succeeded to release track lock for frame 11
I1015 11:10:05.871619  3621 work_track.cpp:120] Track results of frame 11: 1 objects input, 1 objects tracked!
I1015 11:10:05.871639  3621 work_track.cpp:148] Frame: 11, track bbox: [177 x 218 from (275.574, 105.477)], gid: 0, lid: 0
I1015 11:10:05.871675  3621 work_thread.hpp:87]  [T-Work-Detect_0] Frame :11 split
I1015 11:10:05.871693  3621 work_thread.hpp:120]  [T-Work-Detect_0] Valid piece: gid = 0
I1015 11:10:05.871711  3621 work_thread.hpp:91]  [T-Work-Detect_0] Push to split queue:recog
I1015 11:10:05.871788  3624 thread_intergrate.hpp:83] [T-Intergrate-intergrate] queue: frame output frame :11
I1015 11:10:05.871793  3622 work_thread.hpp:81]  [T-Work-Recog_0] Run work: WorkCapture
I1015 11:10:05.871819  3624 thread_intergrate.hpp:90] [T-Intergrate-intergrate] queue: compare output face:0
I1015 11:10:05.871837  3624 thread_intergrate.hpp:149] T-Intergrate-intergrate set matched face: 0
I1015 11:10:05.872653  3622 work_thread.hpp:81]  [T-Work-Recog_0] Run work: WorkRecog
I1015 11:10:05.872752  3622 work_recog.hpp:89] Face id: 0 will run recog: bbox [177 x 218 from (277, 107)] quality: 0.286077
I1015 11:10:05.872817  3622 work_recog.hpp:96] Recog pair: [256 x 296 from (240, 64)], [177 x 218 from (37, 43)]
I1015 11:10:05.874136  3624 thread_intergrate.hpp:224] T-Intergrate-intergrate Show face :0, size :640 * 360
I1015 11:10:05.874748  3620 demo_inner.hpp:435] thread [SORT-0]  frame id 11 sorting queue size 0   FPS: 25.974
I1015 11:10:05.874922  3619 demo_inner.hpp:260]  gui queue size 0, state = running
I1015 11:10:05.889324  3618 demo_inner.hpp:177] decode queue size 0
I1015 11:10:05.889539  3621 work_thread.hpp:81]  [T-Work-Detect_0] Run work: WorkDetect
I1015 11:10:05.889590  3621 work_detect.cpp:102] Succeeded to add det start for frame 12
I1015 11:10:05.893945  3622 work_thread.hpp:81]  [T-Work-Recog_0] Run work: WorkCompare
I1015 11:10:05.894783  3622 work_compare.cpp:76] Compare face: 0 successed, similarity :0.992508, name : images/ThangLMb.jpg, normal size : 1548 * 1719!
I1015 11:10:05.896967  3621 work_detect.cpp:70] Frame :12 detect result :1 face(s)
I1015 11:10:05.897038  3621 work_detect.cpp:86] Detected bbox: [174 x 216 from (275, 105)]
I1015 11:10:05.897099  3621 work_detect.cpp:120] Succeeded to add det end for frame 12
I1015 11:10:05.897116  3621 work_thread.hpp:81]  [T-Work-Detect_0] Run work: WrokTrack
I1015 11:10:05.897146  3621 work_track.cpp:82] Frame: 12 build input_characts: [0.271875 x 0.6 from (0.429688, 0.291667)], 0.999622, 0
I1015 11:10:05.897209  3621 work_track.cpp:102] Succeeded to set track lock for frame 12
I1015 11:10:05.897256  3621 work_track.cpp:116] Succeeded to release track lock for frame 12
I1015 11:10:05.897271  3621 work_track.cpp:120] Track results of frame 12: 1 objects input, 1 objects tracked!
I1015 11:10:05.897290  3621 work_track.cpp:148] Frame: 12, track bbox: [174 x 216 from (277.634, 106.359)], gid: 0, lid: 0
I1015 11:10:05.897330  3621 work_thread.hpp:87]  [T-Work-Detect_0] Frame :12 split
I1015 11:10:05.897349  3621 work_thread.hpp:120]  [T-Work-Detect_0] Valid piece: gid = 0
I1015 11:10:05.897369  3621 work_thread.hpp:91]  [T-Work-Detect_0] Push to split queue:recog
I1015 11:10:05.897450  3624 thread_intergrate.hpp:83] [T-Intergrate-intergrate] queue: frame output frame :12
I1015 11:10:05.897472  3623 work_thread.hpp:81]  [T-Work-Recog_1] Run work: WorkCapture
I1015 11:10:05.897480  3624 thread_intergrate.hpp:90] [T-Intergrate-intergrate] queue: compare output face:0
I1015 11:10:05.897501  3624 thread_intergrate.hpp:149] T-Intergrate-intergrate set matched face: 0
I1015 11:10:05.898397  3623 work_thread.hpp:81]  [T-Work-Recog_1] Run work: WorkRecog
I1015 11:10:05.898447  3623 work_recog.hpp:89] Face id: 0 will run recog: bbox [174 x 216 from (275, 105)] quality: 0.373621
I1015 11:10:05.898490  3623 work_recog.hpp:96] Recog pair: [248 x 304 from (240, 56)], [174 x 216 from (35, 49)]
I1015 11:10:05.902169  3624 thread_intergrate.hpp:224] T-Intergrate-intergrate Show face :0, size :640 * 360
I1015 11:10:05.902885  3620 demo_inner.hpp:435] thread [SORT-0]  frame id 12 sorting queue size 0   FPS: 26.6344
I1015 11:10:05.903035  3619 demo_inner.hpp:260]  gui queue size 0, state = running
I1015 11:10:05.920184  3623 work_thread.hpp:81]  [T-Work-Recog_1] Run work: WorkCompare
I1015 11:10:05.920769  3623 work_compare.cpp:76] Compare face: 0 successed, similarity :0.990192, name : images/ThangLMb.jpg, normal size : 1548 * 1719!
I1015 11:10:05.925365  3618 demo_inner.hpp:177] decode queue size 0
I1015 11:10:05.925494  3621 work_thread.hpp:81]  [T-Work-Detect_0] Run work: WorkDetect
I1015 11:10:05.925535  3621 work_detect.cpp:102] Succeeded to add det start for frame 13
I1015 11:10:05.932715  3621 work_detect.cpp:70] Frame :13 detect result :1 face(s)
I1015 11:10:05.932796  3621 work_detect.cpp:86] Detected bbox: [175 x 218 from (274, 103)]
I1015 11:10:05.932850  3621 work_detect.cpp:120] Succeeded to add det end for frame 13
I1015 11:10:05.932869  3621 work_thread.hpp:81]  [T-Work-Detect_0] Run work: WrokTrack
I1015 11:10:05.932898  3621 work_track.cpp:82] Frame: 13 build input_characts: [0.273438 x 0.605556 from (0.428125, 0.286111)], 1.00035, 0
I1015 11:10:05.932962  3621 work_track.cpp:102] Succeeded to set track lock for frame 13
I1015 11:10:05.933123  3621 work_track.cpp:116] Succeeded to release track lock for frame 13
I1015 11:10:05.933140  3621 work_track.cpp:120] Track results of frame 13: 1 objects input, 1 objects tracked!
I1015 11:10:05.933161  3621 work_track.cpp:148] Frame: 13, track bbox: [175 x 218 from (275.572, 103.948)], gid: 0, lid: 0
I1015 11:10:05.933200  3621 work_thread.hpp:87]  [T-Work-Detect_0] Frame :13 split
I1015 11:10:05.933219  3621 work_thread.hpp:120]  [T-Work-Detect_0] Valid piece: gid = 0
I1015 11:10:05.933239  3621 work_thread.hpp:91]  [T-Work-Detect_0] Push to split queue:recog
I1015 11:10:05.933302  3624 thread_intergrate.hpp:83] [T-Intergrate-intergrate] queue: frame output frame :13
I1015 11:10:05.933315  3622 work_thread.hpp:81]  [T-Work-Recog_0] Run work: WorkCapture
I1015 11:10:05.933331  3624 thread_intergrate.hpp:90] [T-Intergrate-intergrate] queue: compare output face:0
I1015 11:10:05.933351  3624 thread_intergrate.hpp:149] T-Intergrate-intergrate set matched face: 0
I1015 11:10:05.934206  3622 work_thread.hpp:81]  [T-Work-Recog_0] Run work: WorkRecog
I1015 11:10:05.934244  3622 work_recog.hpp:89] Face id: 0 will run recog: bbox [175 x 218 from (274, 103)] quality: 0.373693
I1015 11:10:05.934316  3622 work_recog.hpp:96] Recog pair: [256 x 304 from (232, 56)], [175 x 218 from (42, 47)]
I1015 11:10:05.936542  3624 thread_intergrate.hpp:224] T-Intergrate-intergrate Show face :0, size :640 * 360
I1015 11:10:05.937296  3620 demo_inner.hpp:435] thread [SORT-0]  frame id 13 sorting queue size 0   FPS: 26.8456
I1015 11:10:05.937400  3619 demo_inner.hpp:260]  gui queue size 0, state = running
I1015 11:10:05.955132  3622 work_thread.hpp:81]  [T-Work-Recog_0] Run work: WorkCompare
I1015 11:10:05.955389  3618 demo_inner.hpp:177] decode queue size 0
I1015 11:10:05.955474  3621 work_thread.hpp:81]  [T-Work-Detect_0] Run work: WorkDetect
I1015 11:10:05.955507  3621 work_detect.cpp:102] Succeeded to add det start for frame 14
I1015 11:10:05.955659  3622 work_compare.cpp:76] Compare face: 0 successed, similarity :0.996379, name : images/ThangLMb.jpg, normal size : 1548 * 1719!
I1015 11:10:05.962677  3621 work_detect.cpp:70] Frame :14 detect result :1 face(s)
I1015 11:10:05.962749  3621 work_detect.cpp:86] Detected bbox: [173 x 216 from (279, 107)]
I1015 11:10:05.962805  3621 work_detect.cpp:120] Succeeded to add det end for frame 14
I1015 11:10:05.962824  3621 work_thread.hpp:81]  [T-Work-Detect_0] Run work: WrokTrack
I1015 11:10:05.962852  3621 work_track.cpp:82] Frame: 14 build input_characts: [0.270312 x 0.6 from (0.435937, 0.297222)], 1.00035, 0
I1015 11:10:05.962915  3621 work_track.cpp:102] Succeeded to set track lock for frame 14
I1015 11:10:05.962966  3621 work_track.cpp:116] Succeeded to release track lock for frame 14
I1015 11:10:05.962982  3621 work_track.cpp:120] Track results of frame 14: 1 objects input, 1 objects tracked!
I1015 11:10:05.963001  3621 work_track.cpp:148] Frame: 14, track bbox: [173 x 216 from (277.075, 105.81)], gid: 0, lid: 0
I1015 11:10:05.963040  3621 work_thread.hpp:87]  [T-Work-Detect_0] Frame :14 split
I1015 11:10:05.963059  3621 work_thread.hpp:120]  [T-Work-Detect_0] Valid piece: gid = 0
I1015 11:10:05.963080  3621 work_thread.hpp:91]  [T-Work-Detect_0] Push to split queue:recog
I1015 11:10:05.963167  3624 thread_intergrate.hpp:83] [T-Intergrate-intergrate] queue: frame output frame :14
I1015 11:10:05.963197  3624 thread_intergrate.hpp:90] [T-Intergrate-intergrate] queue: compare output face:0
I1015 11:10:05.963199  3622 work_thread.hpp:81]  [T-Work-Recog_0] Run work: WorkCapture
I1015 11:10:05.963222  3624 thread_intergrate.hpp:149] T-Intergrate-intergrate set matched face: 0
I1015 11:10:05.963996  3622 work_thread.hpp:81]  [T-Work-Recog_0] Run work: WorkRecog
I1015 11:10:05.964042  3622 work_recog.hpp:89] Face id: 0 will run recog: bbox [173 x 216 from (279, 107)] quality: 0.360953
I1015 11:10:05.964087  3622 work_recog.hpp:96] Recog pair: [248 x 296 from (240, 64)], [173 x 216 from (39, 43)]
I1015 11:10:05.966997  3624 thread_intergrate.hpp:224] T-Intergrate-intergrate Show face :0, size :640 * 360
I1015 11:10:05.967754  3620 demo_inner.hpp:435] thread [SORT-0]  frame id 14 sorting queue size 0   FPS: 27.1967
I1015 11:10:05.967856  3619 demo_inner.hpp:260]  gui queue size 0, state = running
I1015 11:10:05.984769  3622 work_thread.hpp:81]  [T-Work-Recog_0] Run work: WorkCompare
I1015 11:10:05.985344  3622 work_compare.cpp:76] Compare face: 0 successed, similarity :0.992412, name : images/ThangLMb.jpg, normal size : 1548 * 1719!
I1015 11:10:05.991418  3618 demo_inner.hpp:177] decode queue size 0
I1015 11:10:05.991573  3621 work_thread.hpp:81]  [T-Work-Detect_0] Run work: WorkDetect
I1015 11:10:05.991618  3621 work_detect.cpp:102] Succeeded to add det start for frame 15
I1015 11:10:05.998680  3621 work_detect.cpp:70] Frame :15 detect result :1 face(s)
I1015 11:10:05.998749  3621 work_detect.cpp:86] Detected bbox: [174 x 217 from (279, 107)]
I1015 11:10:05.998806  3621 work_detect.cpp:120] Succeeded to add det end for frame 15
I1015 11:10:05.998824  3621 work_thread.hpp:81]  [T-Work-Detect_0] Run work: WrokTrack
I1015 11:10:05.998853  3621 work_track.cpp:82] Frame: 15 build input_characts: [0.271875 x 0.602778 from (0.435937, 0.297222)], 1.00035, 0
I1015 11:10:05.998915  3621 work_track.cpp:102] Succeeded to set track lock for frame 15
I1015 11:10:05.998963  3621 work_track.cpp:116] Succeeded to release track lock for frame 15
I1015 11:10:05.998977  3621 work_track.cpp:120] Track results of frame 15: 1 objects input, 1 objects tracked!
I1015 11:10:05.998997  3621 work_track.cpp:148] Frame: 15, track bbox: [174 x 217 from (278.424, 106.376)], gid: 0, lid: 0
I1015 11:10:05.999038  3621 work_thread.hpp:87]  [T-Work-Detect_0] Frame :15 split
I1015 11:10:05.999056  3621 work_thread.hpp:120]  [T-Work-Detect_0] Valid piece: gid = 0
I1015 11:10:05.999076  3621 work_thread.hpp:91]  [T-Work-Detect_0] Push to split queue:recog
I1015 11:10:05.999164  3624 thread_intergrate.hpp:83] [T-Intergrate-intergrate] queue: frame output frame :15
I1015 11:10:05.999183  3623 work_thread.hpp:81]  [T-Work-Recog_1] Run work: WorkCapture
I1015 11:10:05.999195  3624 thread_intergrate.hpp:90] [T-Intergrate-intergrate] queue: compare output face:0
I1015 11:10:05.999215  3624 thread_intergrate.hpp:149] T-Intergrate-intergrate set matched face: 0
I1015 11:10:05.999984  3623 work_thread.hpp:81]  [T-Work-Recog_1] Run work: WorkRecog
I1015 11:10:06.000030  3623 work_recog.hpp:89] Face id: 0 will run recog: bbox [174 x 217 from (279, 107)] quality: 0.360953
I1015 11:10:06.000084  3623 work_recog.hpp:96] Recog pair: [248 x 296 from (240, 64)], [174 x 217 from (39, 43)]
I1015 11:10:06.002727  3624 thread_intergrate.hpp:224] T-Intergrate-intergrate Show face :0, size :640 * 360
I1015 11:10:06.003345  3620 demo_inner.hpp:435] thread [SORT-0]  frame id 15 sorting queue size 0   FPS: 27.2904
I1015 11:10:06.003460  3619 demo_inner.hpp:260]  gui queue size 0, state = running
I1015 11:10:06.020674  3623 work_thread.hpp:81]  [T-Work-Recog_1] Run work: WorkCompare
I1015 11:10:06.021185  3623 work_compare.cpp:76] Compare face: 0 successed, similarity :0.993949, name : images/ThangLMb.jpg, normal size : 1548 * 1719!
I1015 11:10:06.021529  3618 demo_inner.hpp:177] decode queue size 0
I1015 11:10:06.021617  3621 work_thread.hpp:81]  [T-Work-Detect_0] Run work: WorkDetect
I1015 11:10:06.021654  3621 work_detect.cpp:102] Succeeded to add det start for frame 16
I1015 11:10:06.028848  3621 work_detect.cpp:70] Frame :16 detect result :1 face(s)
I1015 11:10:06.028925  3621 work_detect.cpp:86] Detected bbox: [173 x 217 from (277, 106)]
I1015 11:10:06.028982  3621 work_detect.cpp:120] Succeeded to add det end for frame 16
I1015 11:10:06.029003  3621 work_thread.hpp:81]  [T-Work-Detect_0] Run work: WrokTrack
I1015 11:10:06.029032  3621 work_track.cpp:82] Frame: 16 build input_characts: [0.270312 x 0.602778 from (0.432813, 0.294444)], 0.999622, 0
I1015 11:10:06.029099  3621 work_track.cpp:102] Succeeded to set track lock for frame 16
I1015 11:10:06.029148  3621 work_track.cpp:116] Succeeded to release track lock for frame 16
I1015 11:10:06.029165  3621 work_track.cpp:120] Track results of frame 16: 1 objects input, 1 objects tracked!
I1015 11:10:06.029300  3621 work_track.cpp:148] Frame: 16, track bbox: [173 x 217 from (277.933, 106.046)], gid: 0, lid: 0
I1015 11:10:06.029345  3621 work_thread.hpp:87]  [T-Work-Detect_0] Frame :16 split
I1015 11:10:06.029366  3621 work_thread.hpp:120]  [T-Work-Detect_0] Valid piece: gid = 0
I1015 11:10:06.029386  3621 work_thread.hpp:91]  [T-Work-Detect_0] Push to split queue:recog
I1015 11:10:06.029476  3624 thread_intergrate.hpp:83] [T-Intergrate-intergrate] queue: frame output frame :16
I1015 11:10:06.029486  3623 work_thread.hpp:81]  [T-Work-Recog_1] Run work: WorkCapture
I1015 11:10:06.029506  3624 thread_intergrate.hpp:90] [T-Intergrate-intergrate] queue: compare output face:0
I1015 11:10:06.029526  3624 thread_intergrate.hpp:149] T-Intergrate-intergrate set matched face: 0
I1015 11:10:06.030441  3623 work_thread.hpp:81]  [T-Work-Recog_1] Run work: WorkRecog
I1015 11:10:06.030494  3623 work_recog.hpp:89] Face id: 0 will run recog: bbox [173 x 217 from (277, 106)] quality: 0.385324
I1015 11:10:06.030546  3623 work_recog.hpp:96] Recog pair: [248 x 304 from (240, 56)], [173 x 217 from (37, 50)]
I1015 11:10:06.031843  3624 thread_intergrate.hpp:224] T-Intergrate-intergrate Show face :0, size :640 * 360
I1015 11:10:06.032537  3620 demo_inner.hpp:435] thread [SORT-0]  frame id 16 sorting queue size 0   FPS: 27.6753
I1015 11:10:06.032681  3619 demo_inner.hpp:260]  gui queue size 0, state = running
I1015 11:10:06.049768  3623 work_thread.hpp:81]  [T-Work-Recog_1] Run work: WorkCompare
I1015 11:10:06.050297  3623 work_compare.cpp:76] Compare face: 0 successed, similarity :0.991289, name : images/ThangLMb.jpg, normal size : 1548 * 1719!
I1015 11:10:06.056869  3618 demo_inner.hpp:177] decode queue size 0
I1015 11:10:06.057027  3621 work_thread.hpp:81]  [T-Work-Detect_0] Run work: WorkDetect
I1015 11:10:06.057075  3621 work_detect.cpp:102] Succeeded to add det start for frame 17
I1015 11:10:06.064437  3621 work_detect.cpp:70] Frame :17 detect result :1 face(s)
I1015 11:10:06.064502  3621 work_detect.cpp:86] Detected bbox: [171 x 219 from (273, 102)]
I1015 11:10:06.064554  3621 work_detect.cpp:120] Succeeded to add det end for frame 17
I1015 11:10:06.064574  3621 work_thread.hpp:81]  [T-Work-Detect_0] Run work: WrokTrack
I1015 11:10:06.064610  3621 work_track.cpp:82] Frame: 17 build input_characts: [0.267188 x 0.608333 from (0.426562, 0.283333)], 1.00019, 0
I1015 11:10:06.064668  3621 work_track.cpp:102] Succeeded to set track lock for frame 17
I1015 11:10:06.064713  3621 work_track.cpp:116] Succeeded to release track lock for frame 17
I1015 11:10:06.064728  3621 work_track.cpp:120] Track results of frame 17: 1 objects input, 1 objects tracked!
I1015 11:10:06.064746  3621 work_track.cpp:148] Frame: 17, track bbox: [171 x 219 from (276.561, 104.124)], gid: 0, lid: 0
I1015 11:10:06.064783  3621 work_thread.hpp:87]  [T-Work-Detect_0] Frame :17 split
I1015 11:10:06.064802  3621 work_thread.hpp:120]  [T-Work-Detect_0] Valid piece: gid = 0
I1015 11:10:06.064821  3621 work_thread.hpp:91]  [T-Work-Detect_0] Push to split queue:recog
I1015 11:10:06.064893  3624 thread_intergrate.hpp:83] [T-Intergrate-intergrate] queue: frame output frame :17
I1015 11:10:06.064924  3624 thread_intergrate.hpp:90] [T-Intergrate-intergrate] queue: compare output face:0
I1015 11:10:06.064944  3622 work_thread.hpp:81]  [T-Work-Recog_0] Run work: WorkCapture
I1015 11:10:06.064944  3624 thread_intergrate.hpp:149] T-Intergrate-intergrate set matched face: 0
I1015 11:10:06.065961  3622 work_thread.hpp:81]  [T-Work-Recog_0] Run work: WorkRecog
I1015 11:10:06.066038  3622 work_recog.hpp:89] Face id: 0 will run recog: bbox [171 x 219 from (273, 102)] quality: 0.415444
I1015 11:10:06.066092  3622 work_recog.hpp:96] Recog pair: [248 x 304 from (232, 56)], [171 x 219 from (41, 46)]
I1015 11:10:06.070075  3624 thread_intergrate.hpp:224] T-Intergrate-intergrate Show face :0, size :640 * 360
I1015 11:10:06.070741  3620 demo_inner.hpp:435] thread [SORT-0]  frame id 17 sorting queue size 0   FPS: 27.5387
I1015 11:10:06.070994  3619 demo_inner.hpp:260]  gui queue size 0, state = running
I1015 11:10:06.087801  3622 work_thread.hpp:81]  [T-Work-Recog_0] Run work: WorkCompare
I1015 11:10:06.088459  3622 work_compare.cpp:76] Compare face: 0 successed, similarity :0.989299, name : images/ThangLMb.jpg, normal size : 1548 * 1719!
I1015 11:10:06.093570  3618 demo_inner.hpp:177] decode queue size 0
I1015 11:10:06.093747  3621 work_thread.hpp:81]  [T-Work-Detect_0] Run work: WorkDetect
I1015 11:10:06.093803  3621 work_detect.cpp:102] Succeeded to add det start for frame 18
I1015 11:10:06.100927  3621 work_detect.cpp:70] Frame :18 detect result :1 face(s)
I1015 11:10:06.101002  3621 work_detect.cpp:86] Detected bbox: [172 x 219 from (276, 104)]
I1015 11:10:06.101053  3621 work_detect.cpp:120] Succeeded to add det end for frame 18
I1015 11:10:06.101073  3621 work_thread.hpp:81]  [T-Work-Detect_0] Run work: WrokTrack
I1015 11:10:06.101102  3621 work_track.cpp:82] Frame: 18 build input_characts: [0.26875 x 0.608333 from (0.43125, 0.288889)], 1.00019, 0
I1015 11:10:06.101167  3621 work_track.cpp:102] Succeeded to set track lock for frame 18
I1015 11:10:06.101219  3621 work_track.cpp:116] Succeeded to release track lock for frame 18
I1015 11:10:06.101234  3621 work_track.cpp:120] Track results of frame 18: 1 objects input, 1 objects tracked!
I1015 11:10:06.101253  3621 work_track.cpp:148] Frame: 18, track bbox: [172 x 219 from (275.327, 103.887)], gid: 0, lid: 0
I1015 11:10:06.101291  3621 work_thread.hpp:87]  [T-Work-Detect_0] Frame :18 split
I1015 11:10:06.101310  3621 work_thread.hpp:120]  [T-Work-Detect_0] Valid piece: gid = 0
I1015 11:10:06.101330  3621 work_thread.hpp:91]  [T-Work-Detect_0] Push to split queue:recog
I1015 11:10:06.101383  3622 work_thread.hpp:81]  [T-Work-Recog_0] Run work: WorkCapture
I1015 11:10:06.101384  3624 thread_intergrate.hpp:83] [T-Intergrate-intergrate] queue: frame output frame :18
I1015 11:10:06.101428  3624 thread_intergrate.hpp:90] [T-Intergrate-intergrate] queue: compare output face:0
I1015 11:10:06.101449  3624 thread_intergrate.hpp:149] T-Intergrate-intergrate set matched face: 0
I1015 11:10:06.102243  3622 work_thread.hpp:81]  [T-Work-Recog_0] Run work: WorkRecog
I1015 11:10:06.102274  3622 work_recog.hpp:89] Face id: 0 will run recog: bbox [172 x 219 from (276, 104)] quality: 0.347439
I1015 11:10:06.102313  3622 work_recog.hpp:96] Recog pair: [248 x 304 from (240, 56)], [172 x 219 from (36, 48)]
I1015 11:10:06.104645  3624 thread_intergrate.hpp:224] T-Intergrate-intergrate Show face :0, size :640 * 360
I1015 11:10:06.105252  3620 demo_inner.hpp:435] thread [SORT-0]  frame id 18 sorting queue size 0   FPS: 27.6423
I1015 11:10:06.105362  3619 demo_inner.hpp:260]  gui queue size 0, state = running
I1015 11:10:06.122685  3622 work_thread.hpp:81]  [T-Work-Recog_0] Run work: WorkCompare
I1015 11:10:06.123189  3622 work_compare.cpp:76] Compare face: 0 successed, similarity :0.992607, name : images/ThangLMb.jpg, normal size : 1548 * 1719!
I1015 11:10:06.123461  3618 demo_inner.hpp:177] decode queue size 0
I1015 11:10:06.123548  3621 work_thread.hpp:81]  [T-Work-Detect_0] Run work: WorkDetect
I1015 11:10:06.123584  3621 work_detect.cpp:102] Succeeded to add det start for frame 19
I1015 11:10:06.130669  3621 work_detect.cpp:70] Frame :19 detect result :1 face(s)
I1015 11:10:06.130750  3621 work_detect.cpp:86] Detected bbox: [176 x 227 from (275, 101)]
I1015 11:10:06.130812  3621 work_detect.cpp:120] Succeeded to add det end for frame 19
I1015 11:10:06.130831  3621 work_thread.hpp:81]  [T-Work-Detect_0] Run work: WrokTrack
I1015 11:10:06.130861  3621 work_track.cpp:82] Frame: 19 build input_characts: [0.275 x 0.630556 from (0.429688, 0.280556)], 1.00019, 0
I1015 11:10:06.130931  3621 work_track.cpp:102] Succeeded to set track lock for frame 19
I1015 11:10:06.130982  3621 work_track.cpp:116] Succeeded to release track lock for frame 19
I1015 11:10:06.130998  3621 work_track.cpp:120] Track results of frame 19: 1 objects input, 1 objects tracked!
I1015 11:10:06.131017  3621 work_track.cpp:148] Frame: 19, track bbox: [176 x 227 from (272.988, 99.7624)], gid: 0, lid: 0
I1015 11:10:06.131175  3621 work_thread.hpp:87]  [T-Work-Detect_0] Frame :19 split
I1015 11:10:06.131198  3621 work_thread.hpp:120]  [T-Work-Detect_0] Valid piece: gid = 0
I1015 11:10:06.131219  3621 work_thread.hpp:91]  [T-Work-Detect_0] Push to split queue:recog
I1015 11:10:06.131307  3624 thread_intergrate.hpp:83] [T-Intergrate-intergrate] queue: frame output frame :19
I1015 11:10:06.131319  3623 work_thread.hpp:81]  [T-Work-Recog_1] Run work: WorkCapture
I1015 11:10:06.131336  3624 thread_intergrate.hpp:90] [T-Intergrate-intergrate] queue: compare output face:0
I1015 11:10:06.131357  3624 thread_intergrate.hpp:149] T-Intergrate-intergrate set matched face: 0
I1015 11:10:06.132220  3623 work_thread.hpp:81]  [T-Work-Recog_1] Run work: WorkRecog
I1015 11:10:06.132285  3623 work_recog.hpp:89] Face id: 0 will run recog: bbox [176 x 227 from (275, 101)] quality: 0.415444
I1015 11:10:06.132339  3623 work_recog.hpp:96] Recog pair: [248 x 304 from (240, 56)], [176 x 227 from (35, 45)]
I1015 11:10:06.133600  3624 thread_intergrate.hpp:224] T-Intergrate-intergrate Show face :0, size :640 * 360
I1015 11:10:06.134204  3620 demo_inner.hpp:435] thread [SORT-0]  frame id 19 sorting queue size 0   FPS: 27.9503
I1015 11:10:06.134325  3619 demo_inner.hpp:260]  gui queue size 0, state = running
I1015 11:10:06.153067  3623 work_thread.hpp:81]  [T-Work-Recog_1] Run work: WorkCompare
I1015 11:10:06.153657  3623 work_compare.cpp:76] Compare face: 0 successed, similarity :0.99654, name : images/ThangLMb.jpg, normal size : 1548 * 1719!
I1015 11:10:06.159402  3618 demo_inner.hpp:177] decode queue size 0
I1015 11:10:06.159562  3621 work_thread.hpp:81]  [T-Work-Detect_0] Run work: WorkDetect
I1015 11:10:06.159610  3621 work_detect.cpp:102] Succeeded to add det start for frame 20
I1015 11:10:06.166641  3621 work_detect.cpp:70] Frame :20 detect result :1 face(s)
I1015 11:10:06.166715  3621 work_detect.cpp:86] Detected bbox: [183 x 232 from (271, 96)]
I1015 11:10:06.166771  3621 work_detect.cpp:120] Succeeded to add det end for frame 20
I1015 11:10:06.166790  3621 work_thread.hpp:81]  [T-Work-Detect_0] Run work: WrokTrack
I1015 11:10:06.166818  3621 work_track.cpp:82] Frame: 20 build input_characts: [0.285937 x 0.644444 from (0.423438, 0.266667)], 1.00019, 0
I1015 11:10:06.166880  3621 work_track.cpp:102] Succeeded to set track lock for frame 20
I1015 11:10:06.166929  3621 work_track.cpp:116] Succeeded to release track lock for frame 20
I1015 11:10:06.166944  3621 work_track.cpp:120] Track results of frame 20: 1 objects input, 1 objects tracked!
I1015 11:10:06.166963  3621 work_track.cpp:148] Frame: 20, track bbox: [183 x 232 from (269.989, 96.4774)], gid: 0, lid: 0
I1015 11:10:06.167002  3621 work_thread.hpp:87]  [T-Work-Detect_0] Frame :20 split
I1015 11:10:06.167021  3621 work_thread.hpp:120]  [T-Work-Detect_0] Valid piece: gid = 0
I1015 11:10:06.167040  3621 work_thread.hpp:91]  [T-Work-Detect_0] Push to split queue:recog
I1015 11:10:06.167138  3624 thread_intergrate.hpp:83] [T-Intergrate-intergrate] queue: frame output frame :20
I1015 11:10:06.167171  3624 thread_intergrate.hpp:90] [T-Intergrate-intergrate] queue: compare output face:0
I1015 11:10:06.167192  3624 thread_intergrate.hpp:149] T-Intergrate-intergrate set matched face: 0
I1015 11:10:06.167192  3623 work_thread.hpp:81]  [T-Work-Recog_1] Run work: WorkCapture
I1015 11:10:06.168186  3623 work_thread.hpp:81]  [T-Work-Recog_1] Run work: WorkRecog
I1015 11:10:06.168258  3623 work_recog.hpp:89] Face id: 0 will run recog: bbox [183 x 232 from (271, 96)] quality: 0.373539
I1015 11:10:06.168318  3623 work_recog.hpp:96] Recog pair: [264 x 312 from (232, 48)], [183 x 232 from (39, 48)]
I1015 11:10:06.171000  3624 thread_intergrate.hpp:224] T-Intergrate-intergrate Show face :0, size :640 * 360
I1015 11:10:06.171715  3620 demo_inner.hpp:435] thread [SORT-0]  frame id 20 sorting queue size 0   FPS: 27.8592
I1015 11:10:06.171850  3619 demo_inner.hpp:260]  gui queue size 0, state = running
I1015 11:10:06.189087  3623 work_thread.hpp:81]  [T-Work-Recog_1] Run work: WorkCompare
I1015 11:10:06.189595  3618 demo_inner.hpp:177] decode queue size 0
I1015 11:10:06.196887  3621 work_thread.hpp:81]  [T-Work-Detect_0] Run work: WorkDetect
I1015 11:10:06.196955  3621 work_detect.cpp:102] Succeeded to add det start for frame 21
I1015 11:10:06.197232  3623 work_compare.cpp:76] Compare face: 0 successed, similarity :0.992878, name : images/ThangLMb.jpg, normal size : 1548 * 1719!
I1015 11:10:06.204175  3621 work_detect.cpp:70] Frame :21 detect result :1 face(s)
