Log file created at: 2019/10/14 15:20:27
Running on machine: zcu104
Log line format: [IWEF]mmdd hh:mm:ss.uuuuuu threadid file:line] msg
I1014 15:20:27.067564  8939 feature_lib.cpp:109] Feature lib read name: images/HaDM.jpg
I1014 15:20:27.068509  8939 feature_lib.cpp:131] Read lib face : images/HaDM.jpg
I1014 15:20:27.068538  8939 feature_lib.cpp:109] Feature lib read name: images/HaiHV.jpg
I1014 15:20:27.068934  8939 feature_lib.cpp:131] Read lib face : images/HaiHV.jpg
I1014 15:20:27.068954  8939 feature_lib.cpp:109] Feature lib read name: images/SonNNe.jpg
I1014 15:20:27.069345  8939 feature_lib.cpp:131] Read lib face : images/SonNNe.jpg
I1014 15:20:27.069365  8939 feature_lib.cpp:109] Feature lib read name: images/TungDM.jpg
I1014 15:20:27.069752  8939 feature_lib.cpp:131] Read lib face : images/TungDM.jpg
I1014 15:20:27.069772  8939 feature_lib.cpp:109] Feature lib read name: images/HungVTc.png
I1014 15:20:27.070173  8939 feature_lib.cpp:131] Read lib face : images/HungVTc.png
I1014 15:20:27.070202  8939 feature_lib.cpp:109] Feature lib read name: images/DangVHb.jpg
I1014 15:20:27.070591  8939 feature_lib.cpp:131] Read lib face : images/DangVHb.jpg
I1014 15:20:27.070611  8939 feature_lib.cpp:109] Feature lib read name: images/hungndn.jpg
I1014 15:20:27.070998  8939 feature_lib.cpp:131] Read lib face : images/hungndn.jpg
I1014 15:20:27.071017  8939 feature_lib.cpp:109] Feature lib read name: images/HieuPV.jpg
I1014 15:20:27.071403  8939 feature_lib.cpp:131] Read lib face : images/HieuPV.jpg
I1014 15:20:27.071421  8939 feature_lib.cpp:109] Feature lib read name: images/HuyNQz.png
I1014 15:20:27.071841  8939 feature_lib.cpp:131] Read lib face : images/HuyNQz.png
I1014 15:20:27.071879  8939 feature_lib.cpp:109] Feature lib read name: images/VuongNQb.png
I1014 15:20:27.072281  8939 feature_lib.cpp:131] Read lib face : images/VuongNQb.png
I1014 15:20:27.072309  8939 feature_lib.cpp:109] Feature lib read name: images/ThangLMb.jpg
I1014 15:20:27.072700  8939 feature_lib.cpp:131] Read lib face : images/ThangLMb.jpg
I1014 15:20:27.072719  8939 feature_lib.cpp:109] Feature lib read name: images/truongnxd.png
I1014 15:20:27.073107  8939 feature_lib.cpp:131] Read lib face : images/truongnxd.png
I1014 15:20:27.073125  8939 feature_lib.cpp:109] Feature lib read name: images/ThaoDQ.jpg
I1014 15:20:27.073514  8939 feature_lib.cpp:131] Read lib face : images/ThaoDQ.jpg
I1014 15:20:27.073563  8939 feature_lib.cpp:147] Loading normal image: images/HaDM.jpg...
I1014 15:20:27.104138  8939 feature_lib.cpp:158] Load normal image: images/HaDM.jpg done size: 838 * 1100
I1014 15:20:27.104233  8939 feature_lib.cpp:147] Loading normal image: images/HaiHV.jpg...
I1014 15:20:27.161679  8939 feature_lib.cpp:158] Load normal image: images/HaiHV.jpg done size: 1203 * 1541
I1014 15:20:27.161741  8939 feature_lib.cpp:147] Loading normal image: images/SonNNe.jpg...
I1014 15:20:27.236498  8939 feature_lib.cpp:158] Load normal image: images/SonNNe.jpg done size: 1429 * 1719
I1014 15:20:27.236558  8939 feature_lib.cpp:147] Loading normal image: images/TungDM.jpg...
I1014 15:20:27.295195  8939 feature_lib.cpp:158] Load normal image: images/TungDM.jpg done size: 1340 * 1462
I1014 15:20:27.295258  8939 feature_lib.cpp:147] Loading normal image: images/HungVTc.png...
I1014 15:20:27.303349  8939 feature_lib.cpp:158] Load normal image: images/HungVTc.png done size: 263 * 317
I1014 15:20:27.303381  8939 feature_lib.cpp:147] Loading normal image: images/DangVHb.jpg...
I1014 15:20:27.368736  8939 feature_lib.cpp:158] Load normal image: images/DangVHb.jpg done size: 1469 * 1456
I1014 15:20:27.368796  8939 feature_lib.cpp:147] Loading normal image: images/hungndn.jpg...
I1014 15:20:27.466012  8939 feature_lib.cpp:158] Load normal image: images/hungndn.jpg done size: 1636 * 1930
I1014 15:20:27.466073  8939 feature_lib.cpp:147] Loading normal image: images/HieuPV.jpg...
I1014 15:20:27.545729  8939 feature_lib.cpp:158] Load normal image: images/HieuPV.jpg done size: 1527 * 1719
I1014 15:20:27.545790  8939 feature_lib.cpp:147] Loading normal image: images/HuyNQz.png...
I1014 15:20:27.572074  8939 feature_lib.cpp:158] Load normal image: images/HuyNQz.png done size: 493 * 639
I1014 15:20:27.572131  8939 feature_lib.cpp:147] Loading normal image: images/VuongNQb.png...
I1014 15:20:27.586941  8939 feature_lib.cpp:158] Load normal image: images/VuongNQb.png done size: 351 * 514
I1014 15:20:27.587052  8939 feature_lib.cpp:147] Loading normal image: images/ThangLMb.jpg...
I1014 15:20:27.664952  8939 feature_lib.cpp:158] Load normal image: images/ThangLMb.jpg done size: 1548 * 1719
I1014 15:20:27.665012  8939 feature_lib.cpp:147] Loading normal image: images/truongnxd.png...
I1014 15:20:27.718091  8939 feature_lib.cpp:158] Load normal image: images/truongnxd.png done size: 906 * 964
I1014 15:20:27.718153  8939 feature_lib.cpp:147] Loading normal image: images/ThaoDQ.jpg...
I1014 15:20:27.790202  8939 feature_lib.cpp:158] Load normal image: images/ThaoDQ.jpg done size: 1425 * 1719
I1014 15:20:28.157992  8939 demo_inner.hpp:126] thread [DedodeThread-0] is starting
I1014 15:20:28.158155  8939 demo_inner.hpp:126] thread [GUIThread] is starting
I1014 15:20:28.158249  8941 demo_inner.hpp:101] thread [DedodeThread-0] is started
I1014 15:20:28.158282  8939 demo_inner.hpp:126] thread [SORT-0] is starting
I1014 15:20:28.158334  8942 demo_inner.hpp:101] thread [GUIThread] is started
I1014 15:20:28.158351  8939 demo_inner.hpp:126] thread [T-Work-Detect_0] is starting
I1014 15:20:28.158408  8943 demo_inner.hpp:101] thread [SORT-0] is started
I1014 15:20:28.158421  8939 demo_inner.hpp:126] thread [T-Work-Recog_0] is starting
I1014 15:20:28.158453  8944 demo_inner.hpp:101] thread [T-Work-Detect_0] is started
I1014 15:20:28.158486  8939 demo_inner.hpp:126] thread [T-Work-Recog_1] is starting
I1014 15:20:28.158540  8945 demo_inner.hpp:101] thread [T-Work-Recog_0] is started
I1014 15:20:28.158565  8939 demo_inner.hpp:126] thread [T-Intergrate-intergrate] is starting
I1014 15:20:28.158599  8946 demo_inner.hpp:101] thread [T-Work-Recog_1] is started
I1014 15:20:28.158635  8939 demo_inner.hpp:137] waiting for [GUIThread] ended
I1014 15:20:28.158663  8947 demo_inner.hpp:101] thread [T-Intergrate-intergrate] is started
I1014 15:20:28.864377  8941 demo_inner.hpp:177] decode queue size 0
I1014 15:20:28.864542  8944 work_thread.hpp:81]  [T-Work-Detect_0] Run work: WorkDetect
I1014 15:20:28.864604  8944 work_detect.cpp:102] Succeeded to add det start for frame 1
I1014 15:20:28.871590  8944 work_detect.cpp:70] Frame :1 detect result :1 face(s)
I1014 15:20:28.871624  8944 work_detect.cpp:86] Detected bbox: [129 x 173 from (252, 162)]
I1014 15:20:28.871668  8944 work_detect.cpp:120] Succeeded to add det end for frame 1
I1014 15:20:28.871685  8944 work_thread.hpp:81]  [T-Work-Detect_0] Run work: WrokTrack
I1014 15:20:28.871707  8944 work_track.cpp:82] Frame: 1 build input_characts: [0.201562 x 0.480556 from (0.39375, 0.45)], 1.00019, 0
I1014 15:20:28.871805  8944 work_track.cpp:102] Succeeded to set track lock for frame 1
I1014 15:20:28.871891  8944 work_track.cpp:116] Succeeded to release track lock for frame 1
I1014 15:20:28.871907  8944 work_track.cpp:120] Track results of frame 1: 1 objects input, 0 objects tracked!
I1014 15:20:28.871924  8944 work_track.cpp:162] Frame: 1 lid: 0 not tracked, will set invalid
I1014 15:20:28.871939  8944 work_thread.hpp:87]  [T-Work-Detect_0] Frame :1 split
I1014 15:20:28.871958  8944 work_thread.hpp:126]  [T-Work-Detect_0] Invalid piece: lid = 0, drop it
I1014 15:20:28.871996  8947 thread_intergrate.hpp:78] [T-Intergrate-intergrate] queue: frame output frame :1
I1014 15:20:28.873119  8943 demo_inner.hpp:435] thread [SORT-0]  frame id 1 sorting queue size 0   FPS: -1
I1014 15:20:28.873186  8942 demo_inner.hpp:260]  gui queue size 0, state = running
I1014 15:20:28.905829  8941 demo_inner.hpp:177] decode queue size 0
I1014 15:20:28.905944  8944 work_thread.hpp:81]  [T-Work-Detect_0] Run work: WorkDetect
I1014 15:20:28.905980  8944 work_detect.cpp:102] Succeeded to add det start for frame 2
I1014 15:20:28.912606  8944 work_detect.cpp:70] Frame :2 detect result :1 face(s)
I1014 15:20:28.912645  8944 work_detect.cpp:86] Detected bbox: [127 x 170 from (253, 173)]
I1014 15:20:28.912689  8944 work_detect.cpp:120] Succeeded to add det end for frame 2
I1014 15:20:28.912705  8944 work_thread.hpp:81]  [T-Work-Detect_0] Run work: WrokTrack
I1014 15:20:28.912801  8944 work_track.cpp:82] Frame: 2 build input_characts: [0.198437 x 0.472222 from (0.395312, 0.480556)], 0.999885, 0
I1014 15:20:28.912855  8944 work_track.cpp:102] Succeeded to set track lock for frame 2
I1014 15:20:28.912914  8944 work_track.cpp:116] Succeeded to release track lock for frame 2
I1014 15:20:28.912930  8944 work_track.cpp:120] Track results of frame 2: 1 objects input, 0 objects tracked!
I1014 15:20:28.912946  8944 work_track.cpp:162] Frame: 2 lid: 0 not tracked, will set invalid
I1014 15:20:28.912961  8944 work_thread.hpp:87]  [T-Work-Detect_0] Frame :2 split
I1014 15:20:28.912978  8944 work_thread.hpp:126]  [T-Work-Detect_0] Invalid piece: lid = 0, drop it
I1014 15:20:28.913022  8947 thread_intergrate.hpp:78] [T-Intergrate-intergrate] queue: frame output frame :2
I1014 15:20:28.914511  8943 demo_inner.hpp:435] thread [SORT-0]  frame id 2 sorting queue size 0   FPS: 24.3902
I1014 15:20:28.920290  8942 demo_inner.hpp:260]  gui queue size 0, state = running
I1014 15:20:28.935853  8941 demo_inner.hpp:177] decode queue size 0
I1014 15:20:28.935971  8944 work_thread.hpp:81]  [T-Work-Detect_0] Run work: WorkDetect
I1014 15:20:28.936003  8944 work_detect.cpp:102] Succeeded to add det start for frame 3
I1014 15:20:28.942555  8944 work_detect.cpp:70] Frame :3 detect result :1 face(s)
I1014 15:20:28.942585  8944 work_detect.cpp:86] Detected bbox: [132 x 172 from (250, 171)]
I1014 15:20:28.942626  8944 work_detect.cpp:120] Succeeded to add det end for frame 3
I1014 15:20:28.942641  8944 work_thread.hpp:81]  [T-Work-Detect_0] Run work: WrokTrack
I1014 15:20:28.942664  8944 work_track.cpp:82] Frame: 3 build input_characts: [0.20625 x 0.477778 from (0.390625, 0.475)], 1.00008, 0
I1014 15:20:28.942718  8944 work_track.cpp:102] Succeeded to set track lock for frame 3
I1014 15:20:28.942777  8944 work_track.cpp:116] Succeeded to release track lock for frame 3
I1014 15:20:28.942792  8944 work_track.cpp:120] Track results of frame 3: 1 objects input, 1 objects tracked!
I1014 15:20:28.942811  8944 work_track.cpp:148] Frame: 3, track bbox: [132 x 172 from (250.096, 172.739)], gid: 0, lid: 0
I1014 15:20:28.942847  8944 work_thread.hpp:87]  [T-Work-Detect_0] Frame :3 split
I1014 15:20:28.942864  8944 work_thread.hpp:120]  [T-Work-Detect_0] Valid piece: gid = 0
I1014 15:20:28.942883  8944 work_thread.hpp:91]  [T-Work-Detect_0] Push to split queue:recog
I1014 15:20:28.942941  8946 work_thread.hpp:81]  [T-Work-Recog_1] Run work: WorkCapture
I1014 15:20:28.944034  8947 thread_intergrate.hpp:78] [T-Intergrate-intergrate] queue: frame output frame :3
I1014 15:20:28.944368  8946 work_thread.hpp:81]  [T-Work-Recog_1] Run work: WorkRecog
I1014 15:20:28.944393  8946 work_recog.hpp:89] Face id: 0 will run recog: bbox [132 x 172 from (250, 171)] quality: 0.835416
I1014 15:20:28.944427  8946 work_recog.hpp:96] Recog pair: [184 x 224 from (224, 136)], [132 x 172 from (26, 35)]
I1014 15:20:28.945438  8943 demo_inner.hpp:435] thread [SORT-0]  frame id 3 sorting queue size 0   FPS: 27.7778
I1014 15:20:28.945508  8942 demo_inner.hpp:260]  gui queue size 0, state = running
I1014 15:20:28.961971  8946 work_thread.hpp:81]  [T-Work-Recog_1] Run work: WorkCompare
I1014 15:20:28.962431  8946 work_compare.cpp:76] Compare face: 0 successed, similarity :0.997006, name : images/ThangLMb.jpg, normal size : 1548 * 1719!
I1014 15:20:28.972054  8941 demo_inner.hpp:177] decode queue size 0
I1014 15:20:28.972213  8944 work_thread.hpp:81]  [T-Work-Detect_0] Run work: WorkDetect
I1014 15:20:28.972249  8944 work_detect.cpp:102] Succeeded to add det start for frame 4
I1014 15:20:28.978791  8944 work_detect.cpp:70] Frame :4 detect result :1 face(s)
I1014 15:20:28.978839  8944 work_detect.cpp:86] Detected bbox: [129 x 173 from (249, 169)]
I1014 15:20:28.978883  8944 work_detect.cpp:120] Succeeded to add det end for frame 4
I1014 15:20:28.978899  8944 work_thread.hpp:81]  [T-Work-Detect_0] Run work: WrokTrack
I1014 15:20:28.978925  8944 work_track.cpp:82] Frame: 4 build input_characts: [0.201562 x 0.480556 from (0.389062, 0.469444)], 1.00019, 0
I1014 15:20:28.979053  8944 work_track.cpp:102] Succeeded to set track lock for frame 4
I1014 15:20:28.979094  8944 work_track.cpp:116] Succeeded to release track lock for frame 4
I1014 15:20:28.979108  8944 work_track.cpp:120] Track results of frame 4: 1 objects input, 1 objects tracked!
I1014 15:20:28.979125  8944 work_track.cpp:148] Frame: 4, track bbox: [129 x 173 from (249.696, 171.246)], gid: 0, lid: 0
I1014 15:20:28.979163  8944 work_thread.hpp:87]  [T-Work-Detect_0] Frame :4 split
I1014 15:20:28.979182  8944 work_thread.hpp:120]  [T-Work-Detect_0] Valid piece: gid = 0
I1014 15:20:28.979198  8944 work_thread.hpp:91]  [T-Work-Detect_0] Push to split queue:recog
I1014 15:20:28.979246  8945 work_thread.hpp:81]  [T-Work-Recog_0] Run work: WorkCapture
I1014 15:20:28.979575  8947 thread_intergrate.hpp:78] [T-Intergrate-intergrate] queue: frame output frame :4
I1014 15:20:28.979602  8947 thread_intergrate.hpp:85] [T-Intergrate-intergrate] queue: compare output face:0
I1014 15:20:28.979621  8947 thread_intergrate.hpp:144] T-Intergrate-intergrate set matched face: 0
I1014 15:20:28.979825  8945 work_thread.hpp:81]  [T-Work-Recog_0] Run work: WorkRecog
I1014 15:20:28.979849  8945 work_recog.hpp:89] Face id: 0 will run recog: bbox [129 x 173 from (249, 169)] quality: 0.777121
I1014 15:20:28.979878  8945 work_recog.hpp:96] Recog pair: [184 x 232 from (224, 128)], [129 x 173 from (25, 41)]
I1014 15:20:28.981954  8947 thread_intergrate.hpp:186] T-Intergrate-intergrate Show face :0, size :640 * 360
I1014 15:20:28.982520  8943 demo_inner.hpp:435] thread [SORT-0]  frame id 4 sorting queue size 0   FPS: 27.5229
I1014 15:20:28.982609  8942 demo_inner.hpp:260]  gui queue size 0, state = running
I1014 15:20:28.997272  8945 work_thread.hpp:81]  [T-Work-Recog_0] Run work: WorkCompare
I1014 15:20:28.997730  8945 work_compare.cpp:76] Compare face: 0 successed, similarity :0.997048, name : images/ThangLMb.jpg, normal size : 1548 * 1719!
I1014 15:20:29.002218  8941 demo_inner.hpp:177] decode queue size 0
I1014 15:20:29.002355  8944 work_thread.hpp:81]  [T-Work-Detect_0] Run work: WorkDetect
I1014 15:20:29.002388  8944 work_detect.cpp:102] Succeeded to add det start for frame 5
I1014 15:20:29.008953  8944 work_detect.cpp:70] Frame :5 detect result :1 face(s)
I1014 15:20:29.008982  8944 work_detect.cpp:86] Detected bbox: [126 x 167 from (254, 166)]
I1014 15:20:29.009022  8944 work_detect.cpp:120] Succeeded to add det end for frame 5
I1014 15:20:29.009038  8944 work_thread.hpp:81]  [T-Work-Detect_0] Run work: WrokTrack
I1014 15:20:29.009061  8944 work_track.cpp:82] Frame: 5 build input_characts: [0.196875 x 0.463889 from (0.396875, 0.461111)], 1.00019, 0
I1014 15:20:29.009115  8944 work_track.cpp:102] Succeeded to set track lock for frame 5
I1014 15:20:29.009155  8944 work_track.cpp:116] Succeeded to release track lock for frame 5
I1014 15:20:29.009171  8944 work_track.cpp:120] Track results of frame 5: 1 objects input, 1 objects tracked!
I1014 15:20:29.009188  8944 work_track.cpp:148] Frame: 5, track bbox: [126 x 167 from (252.496, 170.103)], gid: 0, lid: 0
I1014 15:20:29.009224  8944 work_thread.hpp:87]  [T-Work-Detect_0] Frame :5 split
I1014 15:20:29.009241  8944 work_thread.hpp:120]  [T-Work-Detect_0] Valid piece: gid = 0
I1014 15:20:29.009260  8944 work_thread.hpp:91]  [T-Work-Detect_0] Push to split queue:recog
I1014 15:20:29.009305  8946 work_thread.hpp:81]  [T-Work-Recog_1] Run work: WorkCapture
I1014 15:20:29.009585  8947 thread_intergrate.hpp:78] [T-Intergrate-intergrate] queue: frame output frame :5
I1014 15:20:29.009611  8947 thread_intergrate.hpp:85] [T-Intergrate-intergrate] queue: compare output face:0
I1014 15:20:29.009630  8947 thread_intergrate.hpp:144] T-Intergrate-intergrate set matched face: 0
I1014 15:20:29.009836  8946 work_thread.hpp:81]  [T-Work-Recog_1] Run work: WorkRecog
I1014 15:20:29.009860  8946 work_recog.hpp:89] Face id: 0 will run recog: bbox [126 x 167 from (254, 166)] quality: 0.450318
I1014 15:20:29.009887  8946 work_recog.hpp:96] Recog pair: [184 x 232 from (224, 128)], [126 x 167 from (30, 38)]
I1014 15:20:29.011373  8947 thread_intergrate.hpp:186] T-Intergrate-intergrate Show face :0, size :640 * 360
I1014 15:20:29.012040  8943 demo_inner.hpp:435] thread [SORT-0]  frame id 5 sorting queue size 0   FPS: 28.9855
I1014 15:20:29.012107  8942 demo_inner.hpp:260]  gui queue size 0, state = running
I1014 15:20:29.027384  8946 work_thread.hpp:81]  [T-Work-Recog_1] Run work: WorkCompare
I1014 15:20:29.027851  8946 work_compare.cpp:76] Compare face: 0 successed, similarity :0.997063, name : images/ThangLMb.jpg, normal size : 1548 * 1719!
I1014 15:20:29.039806  8941 demo_inner.hpp:177] decode queue size 0
I1014 15:20:29.039933  8944 work_thread.hpp:81]  [T-Work-Detect_0] Run work: WorkDetect
I1014 15:20:29.039970  8944 work_detect.cpp:102] Succeeded to add det start for frame 6
I1014 15:20:29.046618  8944 work_detect.cpp:70] Frame :6 detect result :1 face(s)
I1014 15:20:29.046663  8944 work_detect.cpp:86] Detected bbox: [128 x 173 from (252, 171)]
I1014 15:20:29.046705  8944 work_detect.cpp:120] Succeeded to add det end for frame 6
I1014 15:20:29.046720  8944 work_thread.hpp:81]  [T-Work-Detect_0] Run work: WrokTrack
I1014 15:20:29.046744  8944 work_track.cpp:82] Frame: 6 build input_characts: [0.2 x 0.480556 from (0.39375, 0.475)], 1.00019, 0
I1014 15:20:29.046802  8944 work_track.cpp:102] Succeeded to set track lock for frame 6
I1014 15:20:29.046841  8944 work_track.cpp:116] Succeeded to release track lock for frame 6
I1014 15:20:29.046856  8944 work_track.cpp:120] Track results of frame 6: 1 objects input, 1 objects tracked!
I1014 15:20:29.046874  8944 work_track.cpp:148] Frame: 6, track bbox: [128 x 173 from (251.672, 169.12)], gid: 0, lid: 0
I1014 15:20:29.046911  8944 work_thread.hpp:87]  [T-Work-Detect_0] Frame :6 split
I1014 15:20:29.046928  8944 work_thread.hpp:120]  [T-Work-Detect_0] Valid piece: gid = 0
I1014 15:20:29.046947  8944 work_thread.hpp:91]  [T-Work-Detect_0] Push to split queue:recog
I1014 15:20:29.046996  8946 work_thread.hpp:81]  [T-Work-Recog_1] Run work: WorkCapture
I1014 15:20:29.047294  8947 thread_intergrate.hpp:78] [T-Intergrate-intergrate] queue: frame output frame :6
I1014 15:20:29.047322  8947 thread_intergrate.hpp:85] [T-Intergrate-intergrate] queue: compare output face:0
I1014 15:20:29.047341  8947 thread_intergrate.hpp:144] T-Intergrate-intergrate set matched face: 0
I1014 15:20:29.047533  8946 work_thread.hpp:81]  [T-Work-Recog_1] Run work: WorkRecog
I1014 15:20:29.047555  8946 work_recog.hpp:89] Face id: 0 will run recog: bbox [128 x 173 from (252, 171)] quality: 0.880762
I1014 15:20:29.047585  8946 work_recog.hpp:96] Recog pair: [184 x 224 from (224, 136)], [128 x 173 from (28, 35)]
I1014 15:20:29.049171  8947 thread_intergrate.hpp:186] T-Intergrate-intergrate Show face :0, size :640 * 360
I1014 15:20:29.049841  8943 demo_inner.hpp:435] thread [SORT-0]  frame id 6 sorting queue size 0   FPS: 28.4091
I1014 15:20:29.049909  8942 demo_inner.hpp:260]  gui queue size 0, state = running
I1014 15:20:29.065286  8946 work_thread.hpp:81]  [T-Work-Recog_1] Run work: WorkCompare
I1014 15:20:29.065778  8946 work_compare.cpp:76] Compare face: 0 successed, similarity :0.995872, name : images/ThangLMb.jpg, normal size : 1548 * 1719!
I1014 15:20:29.071147  8941 demo_inner.hpp:177] decode queue size 0
I1014 15:20:29.071256  8944 work_thread.hpp:81]  [T-Work-Detect_0] Run work: WorkDetect
I1014 15:20:29.071290  8944 work_detect.cpp:102] Succeeded to add det start for frame 7
I1014 15:20:29.077877  8944 work_detect.cpp:70] Frame :7 detect result :1 face(s)
I1014 15:20:29.077919  8944 work_detect.cpp:86] Detected bbox: [127 x 172 from (250, 169)]
I1014 15:20:29.077962  8944 work_detect.cpp:120] Succeeded to add det end for frame 7
I1014 15:20:29.077978  8944 work_thread.hpp:81]  [T-Work-Detect_0] Run work: WrokTrack
I1014 15:20:29.078001  8944 work_track.cpp:82] Frame: 7 build input_characts: [0.198437 x 0.477778 from (0.390625, 0.469444)], 1.00019, 0
I1014 15:20:29.078058  8944 work_track.cpp:102] Succeeded to set track lock for frame 7
I1014 15:20:29.078097  8944 work_track.cpp:116] Succeeded to release track lock for frame 7
I1014 15:20:29.078187  8944 work_track.cpp:120] Track results of frame 7: 1 objects input, 1 objects tracked!
I1014 15:20:29.078207  8944 work_track.cpp:148] Frame: 7, track bbox: [127 x 172 from (251.09, 168.023)], gid: 0, lid: 0
I1014 15:20:29.078244  8944 work_thread.hpp:87]  [T-Work-Detect_0] Frame :7 split
I1014 15:20:29.078263  8944 work_thread.hpp:120]  [T-Work-Detect_0] Valid piece: gid = 0
I1014 15:20:29.078281  8944 work_thread.hpp:91]  [T-Work-Detect_0] Push to split queue:recog
I1014 15:20:29.078331  8945 work_thread.hpp:81]  [T-Work-Recog_0] Run work: WorkCapture
I1014 15:20:29.078634  8947 thread_intergrate.hpp:78] [T-Intergrate-intergrate] queue: frame output frame :7
I1014 15:20:29.078671  8947 thread_intergrate.hpp:85] [T-Intergrate-intergrate] queue: compare output face:0
I1014 15:20:29.078691  8947 thread_intergrate.hpp:144] T-Intergrate-intergrate set matched face: 0
I1014 15:20:29.078876  8945 work_thread.hpp:81]  [T-Work-Recog_0] Run work: WorkRecog
I1014 15:20:29.078899  8945 work_recog.hpp:89] Face id: 0 will run recog: bbox [127 x 172 from (250, 169)] quality: 0.817454
I1014 15:20:29.078927  8945 work_recog.hpp:96] Recog pair: [184 x 232 from (224, 128)], [127 x 172 from (26, 41)]
I1014 15:20:29.080770  8947 thread_intergrate.hpp:186] T-Intergrate-intergrate Show face :0, size :640 * 360
I1014 15:20:29.081436  8943 demo_inner.hpp:435] thread [SORT-0]  frame id 7 sorting queue size 0   FPS: 28.9855
I1014 15:20:29.081507  8942 demo_inner.hpp:260]  gui queue size 0, state = running
I1014 15:20:29.098242  8945 work_thread.hpp:81]  [T-Work-Recog_0] Run work: WorkCompare
I1014 15:20:29.098748  8945 work_compare.cpp:76] Compare face: 0 successed, similarity :0.995301, name : images/ThangLMb.jpg, normal size : 1548 * 1719!
I1014 15:20:29.109246  8941 demo_inner.hpp:177] decode queue size 0
I1014 15:20:29.109535  8944 work_thread.hpp:81]  [T-Work-Detect_0] Run work: WorkDetect
I1014 15:20:29.109575  8944 work_detect.cpp:102] Succeeded to add det start for frame 8
I1014 15:20:29.116034  8944 work_detect.cpp:70] Frame :8 detect result :1 face(s)
I1014 15:20:29.116086  8944 work_detect.cpp:86] Detected bbox: [124 x 163 from (252, 171)]
I1014 15:20:29.116132  8944 work_detect.cpp:120] Succeeded to add det end for frame 8
I1014 15:20:29.116148  8944 work_thread.hpp:81]  [T-Work-Detect_0] Run work: WrokTrack
I1014 15:20:29.116200  8944 work_track.cpp:82] Frame: 8 build input_characts: [0.19375 x 0.452778 from (0.39375, 0.475)], 1.00019, 0
I1014 15:20:29.116258  8944 work_track.cpp:102] Succeeded to set track lock for frame 8
I1014 15:20:29.116300  8944 work_track.cpp:116] Succeeded to release track lock for frame 8
I1014 15:20:29.116315  8944 work_track.cpp:120] Track results of frame 8: 1 objects input, 1 objects tracked!
I1014 15:20:29.116333  8944 work_track.cpp:148] Frame: 8, track bbox: [124 x 163 from (252.213, 171.854)], gid: 0, lid: 0
I1014 15:20:29.116370  8944 work_thread.hpp:87]  [T-Work-Detect_0] Frame :8 split
I1014 15:20:29.116423  8944 work_thread.hpp:120]  [T-Work-Detect_0] Valid piece: gid = 0
I1014 15:20:29.116442  8944 work_thread.hpp:91]  [T-Work-Detect_0] Push to split queue:recog
I1014 15:20:29.116489  8945 work_thread.hpp:81]  [T-Work-Recog_0] Run work: WorkCapture
I1014 15:20:29.116811  8947 thread_intergrate.hpp:78] [T-Intergrate-intergrate] queue: frame output frame :8
I1014 15:20:29.116838  8947 thread_intergrate.hpp:85] [T-Intergrate-intergrate] queue: compare output face:0
I1014 15:20:29.116858  8947 thread_intergrate.hpp:144] T-Intergrate-intergrate set matched face: 0
I1014 15:20:29.117048  8945 work_thread.hpp:81]  [T-Work-Recog_0] Run work: WorkRecog
I1014 15:20:29.117071  8945 work_recog.hpp:89] Face id: 0 will run recog: bbox [124 x 163 from (252, 171)] quality: 0.679003
I1014 15:20:29.117100  8945 work_recog.hpp:96] Recog pair: [176 x 224 from (224, 136)], [124 x 163 from (28, 35)]
I1014 15:20:29.118990  8947 thread_intergrate.hpp:186] T-Intergrate-intergrate Show face :0, size :640 * 360
I1014 15:20:29.119696  8943 demo_inner.hpp:435] thread [SORT-0]  frame id 8 sorting queue size 0   FPS: 28.4553
I1014 15:20:29.119873  8942 demo_inner.hpp:260]  gui queue size 0, state = running
I1014 15:20:29.136363  8945 work_thread.hpp:81]  [T-Work-Recog_0] Run work: WorkCompare
I1014 15:20:29.136848  8945 work_compare.cpp:76] Compare face: 0 successed, similarity :0.99687, name : images/ThangLMb.jpg, normal size : 1548 * 1719!
I1014 15:20:29.144491  8941 demo_inner.hpp:177] decode queue size 0
I1014 15:20:29.144672  8944 work_thread.hpp:81]  [T-Work-Detect_0] Run work: WorkDetect
I1014 15:20:29.144711  8944 work_detect.cpp:102] Succeeded to add det start for frame 9
I1014 15:20:29.151780  8944 work_detect.cpp:70] Frame :9 detect result :1 face(s)
I1014 15:20:29.151872  8944 work_detect.cpp:86] Detected bbox: [125 x 165 from (251, 169)]
I1014 15:20:29.151938  8944 work_detect.cpp:120] Succeeded to add det end for frame 9
I1014 15:20:29.151957  8944 work_thread.hpp:81]  [T-Work-Detect_0] Run work: WrokTrack
I1014 15:20:29.151990  8944 work_track.cpp:82] Frame: 9 build input_characts: [0.195312 x 0.458333 from (0.392188, 0.469444)], 1.00019, 0
I1014 15:20:29.152067  8944 work_track.cpp:102] Succeeded to set track lock for frame 9
I1014 15:20:29.152128  8944 work_track.cpp:116] Succeeded to release track lock for frame 9
I1014 15:20:29.152143  8944 work_track.cpp:120] Track results of frame 9: 1 objects input, 1 objects tracked!
I1014 15:20:29.152196  8944 work_track.cpp:148] Frame: 9, track bbox: [125 x 165 from (251.264, 170.115)], gid: 0, lid: 0
I1014 15:20:29.152240  8944 work_thread.hpp:87]  [T-Work-Detect_0] Frame :9 split
I1014 15:20:29.152258  8944 work_thread.hpp:120]  [T-Work-Detect_0] Valid piece: gid = 0
I1014 15:20:29.152278  8944 work_thread.hpp:91]  [T-Work-Detect_0] Push to split queue:recog
I1014 15:20:29.152359  8946 work_thread.hpp:81]  [T-Work-Recog_1] Run work: WorkCapture
I1014 15:20:29.152391  8947 thread_intergrate.hpp:78] [T-Intergrate-intergrate] queue: frame output frame :9
I1014 15:20:29.152420  8947 thread_intergrate.hpp:85] [T-Intergrate-intergrate] queue: compare output face:0
I1014 15:20:29.152439  8947 thread_intergrate.hpp:144] T-Intergrate-intergrate set matched face: 0
I1014 15:20:29.153004  8946 work_thread.hpp:81]  [T-Work-Recog_1] Run work: WorkRecog
I1014 15:20:29.153029  8946 work_recog.hpp:89] Face id: 0 will run recog: bbox [125 x 165 from (251, 169)] quality: 0.405757
I1014 15:20:29.153060  8946 work_recog.hpp:96] Recog pair: [184 x 224 from (224, 136)], [125 x 165 from (27, 33)]
I1014 15:20:29.154331  8947 thread_intergrate.hpp:186] T-Intergrate-intergrate Show face :0, size :640 * 360
I1014 15:20:29.156349  8943 demo_inner.hpp:435] thread [SORT-0]  frame id 9 sorting queue size 0   FPS: 28.4698
I1014 15:20:29.156451  8942 demo_inner.hpp:260]  gui queue size 0, state = running
I1014 15:20:29.171486  8941 demo_inner.hpp:177] decode queue size 0
I1014 15:20:29.171741  8944 work_thread.hpp:81]  [T-Work-Detect_0] Run work: WorkDetect
I1014 15:20:29.171813  8944 work_detect.cpp:102] Succeeded to add det start for frame 10
I1014 15:20:29.172461  8946 work_thread.hpp:81]  [T-Work-Recog_1] Run work: WorkCompare
I1014 15:20:29.173082  8946 work_compare.cpp:76] Compare face: 0 successed, similarity :0.996341, name : images/ThangLMb.jpg, normal size : 1548 * 1719!
I1014 15:20:29.178900  8944 work_detect.cpp:70] Frame :10 detect result :1 face(s)
I1014 15:20:29.178983  8944 work_detect.cpp:86] Detected bbox: [125 x 165 from (251, 170)]
I1014 15:20:29.179047  8944 work_detect.cpp:120] Succeeded to add det end for frame 10
I1014 15:20:29.179064  8944 work_thread.hpp:81]  [T-Work-Detect_0] Run work: WrokTrack
I1014 15:20:29.179096  8944 work_track.cpp:82] Frame: 10 build input_characts: [0.195312 x 0.458333 from (0.392188, 0.472222)], 1.00019, 0
I1014 15:20:29.179159  8944 work_track.cpp:102] Succeeded to set track lock for frame 10
I1014 15:20:29.179210  8944 work_track.cpp:116] Succeeded to release track lock for frame 10
I1014 15:20:29.179225  8944 work_track.cpp:120] Track results of frame 10: 1 objects input, 1 objects tracked!
I1014 15:20:29.179244  8944 work_track.cpp:148] Frame: 10, track bbox: [125 x 165 from (250.334, 170.191)], gid: 0, lid: 0
I1014 15:20:29.179373  8944 work_thread.hpp:87]  [T-Work-Detect_0] Frame :10 split
I1014 15:20:29.179394  8944 work_thread.hpp:120]  [T-Work-Detect_0] Valid piece: gid = 0
I1014 15:20:29.179415  8944 work_thread.hpp:91]  [T-Work-Detect_0] Push to split queue:recog
I1014 15:20:29.179472  8946 work_thread.hpp:81]  [T-Work-Recog_1] Run work: WorkCapture
I1014 15:20:29.179497  8947 thread_intergrate.hpp:78] [T-Intergrate-intergrate] queue: frame output frame :10
I1014 15:20:29.179527  8947 thread_intergrate.hpp:85] [T-Intergrate-intergrate] queue: compare output face:0
I1014 15:20:29.179548  8947 thread_intergrate.hpp:144] T-Intergrate-intergrate set matched face: 0
I1014 15:20:29.180039  8946 work_thread.hpp:81]  [T-Work-Recog_1] Run work: WorkRecog
I1014 15:20:29.180063  8946 work_recog.hpp:89] Face id: 0 will run recog: bbox [125 x 165 from (251, 170)] quality: 0.399603
I1014 15:20:29.180092  8946 work_recog.hpp:96] Recog pair: [184 x 224 from (224, 136)], [125 x 165 from (27, 34)]
I1014 15:20:29.181771  8947 thread_intergrate.hpp:186] T-Intergrate-intergrate Show face :0, size :640 * 360
I1014 15:20:29.182505  8943 demo_inner.hpp:435] thread [SORT-0]  frame id 10 sorting queue size 0   FPS: 29.1262
I1014 15:20:29.182596  8942 demo_inner.hpp:260]  gui queue size 0, state = running
I1014 15:20:29.200949  8946 work_thread.hpp:81]  [T-Work-Recog_1] Run work: WorkCompare
I1014 15:20:29.201457  8946 work_compare.cpp:76] Compare face: 0 successed, similarity :0.99563, name : images/ThangLMb.jpg, normal size : 1548 * 1719!
I1014 15:20:29.208060  8941 demo_inner.hpp:177] decode queue size 0
I1014 15:20:29.208187  8944 work_thread.hpp:81]  [T-Work-Detect_0] Run work: WorkDetect
I1014 15:20:29.208221  8944 work_detect.cpp:102] Succeeded to add det start for frame 11
I1014 15:20:29.215092  8944 work_detect.cpp:70] Frame :11 detect result :1 face(s)
I1014 15:20:29.215150  8944 work_detect.cpp:86] Detected bbox: [128 x 169 from (252, 173)]
I1014 15:20:29.215201  8944 work_detect.cpp:120] Succeeded to add det end for frame 11
I1014 15:20:29.215219  8944 work_thread.hpp:81]  [T-Work-Detect_0] Run work: WrokTrack
I1014 15:20:29.215245  8944 work_track.cpp:82] Frame: 11 build input_characts: [0.2 x 0.469444 from (0.39375, 0.480556)], 1.00019, 0
I1014 15:20:29.215301  8944 work_track.cpp:102] Succeeded to set track lock for frame 11
I1014 15:20:29.215342  8944 work_track.cpp:116] Succeeded to release track lock for frame 11
I1014 15:20:29.215356  8944 work_track.cpp:120] Track results of frame 11: 1 objects input, 1 objects tracked!
I1014 15:20:29.215374  8944 work_track.cpp:148] Frame: 11, track bbox: [128 x 169 from (250.381, 169.314)], gid: 0, lid: 0
I1014 15:20:29.215411  8944 work_thread.hpp:87]  [T-Work-Detect_0] Frame :11 split
I1014 15:20:29.215430  8944 work_thread.hpp:120]  [T-Work-Detect_0] Valid piece: gid = 0
I1014 15:20:29.215447  8944 work_thread.hpp:91]  [T-Work-Detect_0] Push to split queue:recog
I1014 15:20:29.215548  8945 work_thread.hpp:81]  [T-Work-Recog_0] Run work: WorkCapture
I1014 15:20:29.216011  8947 thread_intergrate.hpp:78] [T-Intergrate-intergrate] queue: frame output frame :11
I1014 15:20:29.216078  8947 thread_intergrate.hpp:85] [T-Intergrate-intergrate] queue: compare output face:0
I1014 15:20:29.216104  8947 thread_intergrate.hpp:144] T-Intergrate-intergrate set matched face: 0
I1014 15:20:29.216292  8945 work_thread.hpp:81]  [T-Work-Recog_0] Run work: WorkRecog
I1014 15:20:29.216317  8945 work_recog.hpp:89] Face id: 0 will run recog: bbox [128 x 169 from (252, 173)] quality: 0.851891
I1014 15:20:29.216361  8945 work_recog.hpp:96] Recog pair: [184 x 224 from (224, 136)], [128 x 169 from (28, 37)]
I1014 15:20:29.218619  8947 thread_intergrate.hpp:186] T-Intergrate-intergrate Show face :0, size :640 * 360
I1014 15:20:29.219339  8943 demo_inner.hpp:435] thread [SORT-0]  frame id 11 sorting queue size 0   FPS: 28.9855
I1014 15:20:29.219460  8942 demo_inner.hpp:260]  gui queue size 0, state = running
I1014 15:20:29.236884  8945 work_thread.hpp:81]  [T-Work-Recog_0] Run work: WorkCompare
I1014 15:20:29.237174  8941 demo_inner.hpp:177] decode queue size 0
I1014 15:20:29.237534  8945 work_compare.cpp:76] Compare face: 0 successed, similarity :0.996222, name : images/ThangLMb.jpg, normal size : 1548 * 1719!
I1014 15:20:29.237629  8944 work_thread.hpp:81]  [T-Work-Detect_0] Run work: WorkDetect
I1014 15:20:29.237660  8944 work_detect.cpp:102] Succeeded to add det start for frame 12
I1014 15:20:29.244151  8944 work_detect.cpp:70] Frame :12 detect result :1 face(s)
I1014 15:20:29.244220  8944 work_detect.cpp:86] Detected bbox: [123 x 167 from (254, 175)]
I1014 15:20:29.244266  8944 work_detect.cpp:120] Succeeded to add det end for frame 12
I1014 15:20:29.244283  8944 work_thread.hpp:81]  [T-Work-Detect_0] Run work: WrokTrack
I1014 15:20:29.244309  8944 work_track.cpp:82] Frame: 12 build input_characts: [0.192188 x 0.463889 from (0.396875, 0.486111)], 1.00019, 0
I1014 15:20:29.244365  8944 work_track.cpp:102] Succeeded to set track lock for frame 12
I1014 15:20:29.244405  8944 work_track.cpp:116] Succeeded to release track lock for frame 12
I1014 15:20:29.244419  8944 work_track.cpp:120] Track results of frame 12: 1 objects input, 1 objects tracked!
I1014 15:20:29.244437  8944 work_track.cpp:148] Frame: 12, track bbox: [123 x 167 from (253.984, 173.479)], gid: 0, lid: 0
I1014 15:20:29.244473  8944 work_thread.hpp:87]  [T-Work-Detect_0] Frame :12 split
I1014 15:20:29.244490  8944 work_thread.hpp:120]  [T-Work-Detect_0] Valid piece: gid = 0
I1014 15:20:29.244508  8944 work_thread.hpp:91]  [T-Work-Detect_0] Push to split queue:recog
I1014 15:20:29.244567  8945 work_thread.hpp:81]  [T-Work-Recog_0] Run work: WorkCapture
I1014 15:20:29.244892  8947 thread_intergrate.hpp:78] [T-Intergrate-intergrate] queue: frame output frame :12
I1014 15:20:29.244921  8947 thread_intergrate.hpp:85] [T-Intergrate-intergrate] queue: compare output face:0
I1014 15:20:29.244951  8947 thread_intergrate.hpp:144] T-Intergrate-intergrate set matched face: 0
I1014 15:20:29.245146  8945 work_thread.hpp:81]  [T-Work-Recog_0] Run work: WorkRecog
I1014 15:20:29.245169  8945 work_recog.hpp:89] Face id: 0 will run recog: bbox [123 x 167 from (254, 175)] quality: 0.817454
I1014 15:20:29.245199  8945 work_recog.hpp:96] Recog pair: [184 x 224 from (224, 136)], [123 x 167 from (30, 39)]
I1014 15:20:29.246729  8947 thread_intergrate.hpp:186] T-Intergrate-intergrate Show face :0, size :640 * 360
I1014 15:20:29.247323  8943 demo_inner.hpp:435] thread [SORT-0]  frame id 12 sorting queue size 0   FPS: 29.4906
I1014 15:20:29.247442  8942 demo_inner.hpp:260]  gui queue size 0, state = running
I1014 15:20:29.262634  8945 work_thread.hpp:81]  [T-Work-Recog_0] Run work: WorkCompare
I1014 15:20:29.263109  8945 work_compare.cpp:76] Compare face: 0 successed, similarity :0.994861, name : images/ThangLMb.jpg, normal size : 1548 * 1719!
I1014 15:20:29.271946  8941 demo_inner.hpp:177] decode queue size 0
I1014 15:20:29.272049  8944 work_thread.hpp:81]  [T-Work-Detect_0] Run work: WorkDetect
I1014 15:20:29.272083  8944 work_detect.cpp:102] Succeeded to add det start for frame 13
I1014 15:20:29.278661  8944 work_detect.cpp:70] Frame :13 detect result :1 face(s)
I1014 15:20:29.278702  8944 work_detect.cpp:86] Detected bbox: [128 x 171 from (253, 173)]
I1014 15:20:29.278744  8944 work_detect.cpp:120] Succeeded to add det end for frame 13
I1014 15:20:29.278760  8944 work_thread.hpp:81]  [T-Work-Detect_0] Run work: WrokTrack
I1014 15:20:29.278784  8944 work_track.cpp:82] Frame: 13 build input_characts: [0.2 x 0.475 from (0.395312, 0.480556)], 1.00019, 0
I1014 15:20:29.278839  8944 work_track.cpp:102] Succeeded to set track lock for frame 13
I1014 15:20:29.278879  8944 work_track.cpp:116] Succeeded to release track lock for frame 13
I1014 15:20:29.278893  8944 work_track.cpp:120] Track results of frame 13: 1 objects input, 1 objects tracked!
I1014 15:20:29.278911  8944 work_track.cpp:148] Frame: 13, track bbox: [128 x 171 from (252.584, 173.669)], gid: 0, lid: 0
I1014 15:20:29.278947  8944 work_thread.hpp:87]  [T-Work-Detect_0] Frame :13 split
I1014 15:20:29.279038  8944 work_thread.hpp:120]  [T-Work-Detect_0] Valid piece: gid = 0
I1014 15:20:29.279058  8944 work_thread.hpp:91]  [T-Work-Detect_0] Push to split queue:recog
I1014 15:20:29.279101  8946 work_thread.hpp:81]  [T-Work-Recog_1] Run work: WorkCapture
I1014 15:20:29.279108  8947 thread_intergrate.hpp:78] [T-Intergrate-intergrate] queue: frame output frame :13
I1014 15:20:29.279135  8947 thread_intergrate.hpp:85] [T-Intergrate-intergrate] queue: compare output face:0
I1014 15:20:29.279163  8947 thread_intergrate.hpp:144] T-Intergrate-intergrate set matched face: 0
I1014 15:20:29.279657  8946 work_thread.hpp:81]  [T-Work-Recog_1] Run work: WorkRecog
I1014 15:20:29.279681  8946 work_recog.hpp:89] Face id: 0 will run recog: bbox [128 x 171 from (253, 173)] quality: 0.880746
I1014 15:20:29.279711  8946 work_recog.hpp:96] Recog pair: [184 x 224 from (224, 136)], [128 x 171 from (29, 37)]
I1014 15:20:29.281147  8947 thread_intergrate.hpp:186] T-Intergrate-intergrate Show face :0, size :640 * 360
I1014 15:20:29.281702  8943 demo_inner.hpp:435] thread [SORT-0]  frame id 13 sorting queue size 0   FPS: 29.4118
I1014 15:20:29.281769  8942 demo_inner.hpp:260]  gui queue size 0, state = running
I1014 15:20:29.299347  8946 work_thread.hpp:81]  [T-Work-Recog_1] Run work: WorkCompare
I1014 15:20:29.299826  8946 work_compare.cpp:76] Compare face: 0 successed, similarity :0.997114, name : images/ThangLMb.jpg, normal size : 1548 * 1719!
I1014 15:20:29.303474  8941 demo_inner.hpp:177] decode queue size 0
I1014 15:20:29.303572  8944 work_thread.hpp:81]  [T-Work-Detect_0] Run work: WorkDetect
I1014 15:20:29.303604  8944 work_detect.cpp:102] Succeeded to add det start for frame 14
I1014 15:20:29.310113  8944 work_detect.cpp:70] Frame :14 detect result :1 face(s)
I1014 15:20:29.310156  8944 work_detect.cpp:86] Detected bbox: [132 x 174 from (252, 173)]
I1014 15:20:29.310199  8944 work_detect.cpp:120] Succeeded to add det end for frame 14
I1014 15:20:29.310215  8944 work_thread.hpp:81]  [T-Work-Detect_0] Run work: WrokTrack
I1014 15:20:29.310240  8944 work_track.cpp:82] Frame: 14 build input_characts: [0.20625 x 0.483333 from (0.39375, 0.480556)], 1.00008, 0
I1014 15:20:29.310294  8944 work_track.cpp:102] Succeeded to set track lock for frame 14
I1014 15:20:29.310334  8944 work_track.cpp:116] Succeeded to release track lock for frame 14
I1014 15:20:29.310349  8944 work_track.cpp:120] Track results of frame 14: 1 objects input, 1 objects tracked!
I1014 15:20:29.310366  8944 work_track.cpp:148] Frame: 14, track bbox: [132 x 174 from (251.911, 173.821)], gid: 0, lid: 0
I1014 15:20:29.310403  8944 work_thread.hpp:87]  [T-Work-Detect_0] Frame :14 split
I1014 15:20:29.310421  8944 work_thread.hpp:120]  [T-Work-Detect_0] Valid piece: gid = 0
I1014 15:20:29.310439  8944 work_thread.hpp:91]  [T-Work-Detect_0] Push to split queue:recog
I1014 15:20:29.310490  8945 work_thread.hpp:81]  [T-Work-Recog_0] Run work: WorkCapture
I1014 15:20:29.310802  8947 thread_intergrate.hpp:78] [T-Intergrate-intergrate] queue: frame output frame :14
I1014 15:20:29.310832  8947 thread_intergrate.hpp:85] [T-Intergrate-intergrate] queue: compare output face:0
I1014 15:20:29.310850  8947 thread_intergrate.hpp:144] T-Intergrate-intergrate set matched face: 0
I1014 15:20:29.311043  8945 work_thread.hpp:81]  [T-Work-Recog_0] Run work: WorkRecog
I1014 15:20:29.311067  8945 work_recog.hpp:89] Face id: 0 will run recog: bbox [132 x 174 from (252, 173)] quality: 0.851822
I1014 15:20:29.311096  8945 work_recog.hpp:96] Recog pair: [192 x 224 from (224, 136)], [132 x 174 from (28, 37)]
I1014 15:20:29.312639  8947 thread_intergrate.hpp:186] T-Intergrate-intergrate Show face :0, size :640 * 360
I1014 15:20:29.313202  8943 demo_inner.hpp:435] thread [SORT-0]  frame id 14 sorting queue size 0   FPS: 29.6128
I1014 15:20:29.313275  8942 demo_inner.hpp:260]  gui queue size 0, state = running
I1014 15:20:29.328543  8945 work_thread.hpp:81]  [T-Work-Recog_0] Run work: WorkCompare
I1014 15:20:29.329013  8945 work_compare.cpp:76] Compare face: 0 successed, similarity :0.995648, name : images/ThangLMb.jpg, normal size : 1548 * 1719!
I1014 15:20:29.337934  8941 demo_inner.hpp:177] decode queue size 0
I1014 15:20:29.338035  8944 work_thread.hpp:81]  [T-Work-Detect_0] Run work: WorkDetect
I1014 15:20:29.338069  8944 work_detect.cpp:102] Succeeded to add det start for frame 15
I1014 15:20:29.344750  8944 work_detect.cpp:70] Frame :15 detect result :1 face(s)
I1014 15:20:29.344795  8944 work_detect.cpp:86] Detected bbox: [130 x 174 from (253, 173)]
I1014 15:20:29.344838  8944 work_detect.cpp:120] Succeeded to add det end for frame 15
I1014 15:20:29.344854  8944 work_thread.hpp:81]  [T-Work-Detect_0] Run work: WrokTrack
I1014 15:20:29.344878  8944 work_track.cpp:82] Frame: 15 build input_characts: [0.203125 x 0.483333 from (0.395312, 0.480556)], 1.00008, 0
I1014 15:20:29.344933  8944 work_track.cpp:102] Succeeded to set track lock for frame 15
I1014 15:20:29.344974  8944 work_track.cpp:116] Succeeded to release track lock for frame 15
I1014 15:20:29.344987  8944 work_track.cpp:120] Track results of frame 15: 1 objects input, 1 objects tracked!
I1014 15:20:29.345005  8944 work_track.cpp:148] Frame: 15, track bbox: [130 x 174 from (253.468, 174.056)], gid: 0, lid: 0
I1014 15:20:29.345042  8944 work_thread.hpp:87]  [T-Work-Detect_0] Frame :15 split
I1014 15:20:29.345060  8944 work_thread.hpp:120]  [T-Work-Detect_0] Valid piece: gid = 0
I1014 15:20:29.345078  8944 work_thread.hpp:91]  [T-Work-Detect_0] Push to split queue:recog
I1014 15:20:29.345124  8945 work_thread.hpp:81]  [T-Work-Recog_0] Run work: WorkCapture
I1014 15:20:29.345419  8947 thread_intergrate.hpp:78] [T-Intergrate-intergrate] queue: frame output frame :15
I1014 15:20:29.345448  8947 thread_intergrate.hpp:85] [T-Intergrate-intergrate] queue: compare output face:0
I1014 15:20:29.345490  8947 thread_intergrate.hpp:144] T-Intergrate-intergrate set matched face: 0
I1014 15:20:29.345670  8945 work_thread.hpp:81]  [T-Work-Recog_0] Run work: WorkRecog
I1014 15:20:29.345693  8945 work_recog.hpp:89] Face id: 0 will run recog: bbox [130 x 174 from (253, 173)] quality: 0.880723
I1014 15:20:29.345721  8945 work_recog.hpp:96] Recog pair: [192 x 224 from (224, 136)], [130 x 174 from (29, 37)]
I1014 15:20:29.347510  8947 thread_intergrate.hpp:186] T-Intergrate-intergrate Show face :0, size :640 * 360
I1014 15:20:29.348140  8943 demo_inner.hpp:435] thread [SORT-0]  frame id 15 sorting queue size 0   FPS: 29.5359
I1014 15:20:29.348233  8942 demo_inner.hpp:260]  gui queue size 0, state = running
I1014 15:20:29.363158  8945 work_thread.hpp:81]  [T-Work-Recog_0] Run work: WorkCompare
I1014 15:20:29.363621  8945 work_compare.cpp:76] Compare face: 0 successed, similarity :0.99675, name : images/ThangLMb.jpg, normal size : 1548 * 1719!
I1014 15:20:29.374334  8941 demo_inner.hpp:177] decode queue size 0
I1014 15:20:29.374436  8944 work_thread.hpp:81]  [T-Work-Detect_0] Run work: WorkDetect
I1014 15:20:29.374470  8944 work_detect.cpp:102] Succeeded to add det start for frame 16
I1014 15:20:29.381011  8944 work_detect.cpp:70] Frame :16 detect result :1 face(s)
I1014 15:20:29.381062  8944 work_detect.cpp:86] Detected bbox: [125 x 166 from (251, 174)]
I1014 15:20:29.381104  8944 work_detect.cpp:120] Succeeded to add det end for frame 16
I1014 15:20:29.381120  8944 work_thread.hpp:81]  [T-Work-Detect_0] Run work: WrokTrack
I1014 15:20:29.381145  8944 work_track.cpp:82] Frame: 16 build input_characts: [0.195312 x 0.461111 from (0.392188, 0.483333)], 1.00019, 0
I1014 15:20:29.381198  8944 work_track.cpp:102] Succeeded to set track lock for frame 16
I1014 15:20:29.381237  8944 work_track.cpp:116] Succeeded to release track lock for frame 16
I1014 15:20:29.381250  8944 work_track.cpp:120] Track results of frame 16: 1 objects input, 1 objects tracked!
I1014 15:20:29.381268  8944 work_track.cpp:148] Frame: 16, track bbox: [125 x 166 from (253.538, 175.822)], gid: 0, lid: 0
I1014 15:20:29.381304  8944 work_thread.hpp:87]  [T-Work-Detect_0] Frame :16 split
I1014 15:20:29.381321  8944 work_thread.hpp:120]  [T-Work-Detect_0] Valid piece: gid = 0
I1014 15:20:29.381418  8944 work_thread.hpp:91]  [T-Work-Detect_0] Push to split queue:recog
I1014 15:20:29.381469  8945 work_thread.hpp:81]  [T-Work-Recog_0] Run work: WorkCapture
I1014 15:20:29.381788  8947 thread_intergrate.hpp:78] [T-Intergrate-intergrate] queue: frame output frame :16
I1014 15:20:29.381817  8947 thread_intergrate.hpp:85] [T-Intergrate-intergrate] queue: compare output face:0
I1014 15:20:29.381839  8947 thread_intergrate.hpp:144] T-Intergrate-intergrate set matched face: 0
I1014 15:20:29.382052  8945 work_thread.hpp:81]  [T-Work-Recog_0] Run work: WorkRecog
I1014 15:20:29.382076  8945 work_recog.hpp:89] Face id: 0 will run recog: bbox [125 x 166 from (251, 174)] quality: 0.561757
I1014 15:20:29.382104  8945 work_recog.hpp:96] Recog pair: [184 x 224 from (224, 136)], [125 x 166 from (27, 38)]
I1014 15:20:29.383910  8947 thread_intergrate.hpp:186] T-Intergrate-intergrate Show face :0, size :640 * 360
I1014 15:20:29.384512  8943 demo_inner.hpp:435] thread [SORT-0]  frame id 16 sorting queue size 0   FPS: 29.3542
I1014 15:20:29.384606  8942 demo_inner.hpp:260]  gui queue size 0, state = running
I1014 15:20:29.399605  8945 work_thread.hpp:81]  [T-Work-Recog_0] Run work: WorkCompare
I1014 15:20:29.400068  8945 work_compare.cpp:76] Compare face: 0 successed, similarity :0.993919, name : images/ThangLMb.jpg, normal size : 1548 * 1719!
I1014 15:20:29.404110  8941 demo_inner.hpp:177] decode queue size 0
I1014 15:20:29.404223  8944 work_thread.hpp:81]  [T-Work-Detect_0] Run work: WorkDetect
I1014 15:20:29.404256  8944 work_detect.cpp:102] Succeeded to add det start for frame 17
I1014 15:20:29.410732  8944 work_detect.cpp:70] Frame :17 detect result :1 face(s)
I1014 15:20:29.410775  8944 work_detect.cpp:86] Detected bbox: [126 x 170 from (252, 175)]
I1014 15:20:29.410816  8944 work_detect.cpp:120] Succeeded to add det end for frame 17
I1014 15:20:29.410832  8944 work_thread.hpp:81]  [T-Work-Detect_0] Run work: WrokTrack
I1014 15:20:29.410856  8944 work_track.cpp:82] Frame: 17 build input_characts: [0.196875 x 0.472222 from (0.39375, 0.486111)], 1.00019, 0
I1014 15:20:29.410910  8944 work_track.cpp:102] Succeeded to set track lock for frame 17
I1014 15:20:29.410950  8944 work_track.cpp:116] Succeeded to release track lock for frame 17
I1014 15:20:29.410965  8944 work_track.cpp:120] Track results of frame 17: 1 objects input, 1 objects tracked!
I1014 15:20:29.410982  8944 work_track.cpp:148] Frame: 17, track bbox: [126 x 170 from (252.233, 174.214)], gid: 0, lid: 0
I1014 15:20:29.411018  8944 work_thread.hpp:87]  [T-Work-Detect_0] Frame :17 split
I1014 15:20:29.411036  8944 work_thread.hpp:120]  [T-Work-Detect_0] Valid piece: gid = 0
I1014 15:20:29.411056  8944 work_thread.hpp:91]  [T-Work-Detect_0] Push to split queue:recog
I1014 15:20:29.411098  8945 work_thread.hpp:81]  [T-Work-Recog_0] Run work: WorkCapture
I1014 15:20:29.411399  8947 thread_intergrate.hpp:78] [T-Intergrate-intergrate] queue: frame output frame :17
I1014 15:20:29.411435  8947 thread_intergrate.hpp:85] [T-Intergrate-intergrate] queue: compare output face:0
I1014 15:20:29.411455  8947 thread_intergrate.hpp:144] T-Intergrate-intergrate set matched face: 0
I1014 15:20:29.411643  8945 work_thread.hpp:81]  [T-Work-Recog_0] Run work: WorkRecog
I1014 15:20:29.411665  8945 work_recog.hpp:89] Face id: 0 will run recog: bbox [126 x 170 from (252, 175)] quality: 0.651014
I1014 15:20:29.411693  8945 work_recog.hpp:96] Recog pair: [184 x 224 from (224, 136)], [126 x 170 from (28, 39)]
I1014 15:20:29.413445  8947 thread_intergrate.hpp:186] T-Intergrate-intergrate Show face :0, size :640 * 360
I1014 15:20:29.414134  8943 demo_inner.hpp:435] thread [SORT-0]  frame id 17 sorting queue size 0   FPS: 29.6296
I1014 15:20:29.414206  8942 demo_inner.hpp:260]  gui queue size 0, state = running
I1014 15:20:29.429143  8945 work_thread.hpp:81]  [T-Work-Recog_0] Run work: WorkCompare
I1014 15:20:29.429610  8945 work_compare.cpp:76] Compare face: 0 successed, similarity :0.99719, name : images/ThangLMb.jpg, normal size : 1548 * 1719!
I1014 15:20:29.439954  8941 demo_inner.hpp:177] decode queue size 0
I1014 15:20:29.440133  8944 work_thread.hpp:81]  [T-Work-Detect_0] Run work: WorkDetect
I1014 15:20:29.440196  8944 work_detect.cpp:102] Succeeded to add det start for frame 18
I1014 15:20:29.446732  8944 work_detect.cpp:70] Frame :18 detect result :1 face(s)
I1014 15:20:29.446779  8944 work_detect.cpp:86] Detected bbox: [128 x 172 from (250, 176)]
I1014 15:20:29.446821  8944 work_detect.cpp:120] Succeeded to add det end for frame 18
I1014 15:20:29.446837  8944 work_thread.hpp:81]  [T-Work-Detect_0] Run work: WrokTrack
