I1014 10:37:11.846398  3987 thread_intergrate.hpp:78] [T-Intergrate-intergrate] queue: frame output frame :57
I1014 10:37:11.846423  3987 thread_intergrate.hpp:85] [T-Intergrate-intergrate] queue: compare output face:0
I1014 10:37:11.846441  3987 thread_intergrate.hpp:134] T-Intergrate-intergrate set matched face: 0
I1014 10:37:11.846958  3985 work_thread.hpp:81]  [T-Work-Recog_0] Run work: WorkRecog
I1014 10:37:11.846983  3985 work_recog.hpp:89] Face id: 0 will run recog: bbox [164 x 212 from (241, 134)] quality: 0.466468
I1014 10:37:11.847012  3985 work_recog.hpp:96] Recog pair: [232 x 272 from (208, 88)], [164 x 212 from (33, 46)]
I1014 10:37:11.847606  3987 thread_intergrate.hpp:154] T-Intergrate-intergrate Show face :0, size :640 * 360
I1014 10:37:11.848124  3983 demo_inner.hpp:435] thread [SORT-0]  frame id 57 sorting queue size 0   FPS: 29.8348
I1014 10:37:11.864943  3985 work_thread.hpp:81]  [T-Work-Recog_0] Run work: WorkCompare
I1014 10:37:11.865067  3985 work_compare.cpp:76] Compare face: 0 successed, similarity :0.960624, name : images/thanglmb.jpg, normal size : 640 * 360!
I1014 10:37:11.869735  3981 demo_inner.hpp:177] decode queue size 0
I1014 10:37:11.869849  3984 work_thread.hpp:81]  [T-Work-Detect_0] Run work: WorkDetect
I1014 10:37:11.869889  3984 work_detect.cpp:102] Succeeded to add det start for frame 58
I1014 10:37:11.876487  3984 work_detect.cpp:70] Frame :58 detect result :1 face(s)
I1014 10:37:11.876536  3984 work_detect.cpp:86] Detected bbox: [161 x 212 from (242, 132)]
I1014 10:37:11.876579  3984 work_detect.cpp:120] Succeeded to add det end for frame 58
I1014 10:37:11.876595  3984 work_thread.hpp:81]  [T-Work-Detect_0] Run work: WrokTrack
I1014 10:37:11.876619  3984 work_track.cpp:82] Frame: 58 build input_characts: [0.251563 x 0.588889 from (0.378125, 0.366667)], 0.999622, 0
I1014 10:37:11.876674  3984 work_track.cpp:102] Succeeded to set track lock for frame 58
I1014 10:37:11.876787  3984 work_track.cpp:116] Succeeded to release track lock for frame 58
I1014 10:37:11.876803  3984 work_track.cpp:120] Track results of frame 58: 1 objects input, 1 objects tracked!
I1014 10:37:11.876821  3984 work_track.cpp:148] Frame: 58, track bbox: [161 x 212 from (240.942, 133.197)], gid: 0, lid: 0
I1014 10:37:11.876857  3984 work_thread.hpp:88]  [T-Work-Detect_0] Frame :58 split
I1014 10:37:11.876874  3984 work_thread.hpp:120]  [T-Work-Detect_0] Valid piece: gid = 0
I1014 10:37:11.876893  3984 work_thread.hpp:92]  [T-Work-Detect_0] Push to split queue:recog
I1014 10:37:11.876940  3986 work_thread.hpp:81]  [T-Work-Recog_1] Run work: WorkCapture
I1014 10:37:11.876950  3987 thread_intergrate.hpp:78] [T-Intergrate-intergrate] queue: frame output frame :58
I1014 10:37:11.876976  3987 thread_intergrate.hpp:85] [T-Intergrate-intergrate] queue: compare output face:0
I1014 10:37:11.876994  3987 thread_intergrate.hpp:134] T-Intergrate-intergrate set matched face: 0
I1014 10:37:11.877619  3986 work_thread.hpp:81]  [T-Work-Recog_1] Run work: WorkRecog
I1014 10:37:11.877779  3986 work_recog.hpp:89] Face id: 0 will run recog: bbox [161 x 212 from (242, 132)] quality: 0.450956
I1014 10:37:11.877811  3986 work_recog.hpp:96] Recog pair: [232 x 272 from (208, 88)], [161 x 212 from (34, 44)]
I1014 10:37:11.878175  3987 thread_intergrate.hpp:154] T-Intergrate-intergrate Show face :0, size :640 * 360
I1014 10:37:11.878764  3983 demo_inner.hpp:435] thread [SORT-0]  frame id 58 sorting queue size 1   FPS: 29.8899
I1014 10:37:11.895709  3986 work_thread.hpp:81]  [T-Work-Recog_1] Run work: WorkCompare
I1014 10:37:11.895813  3986 work_compare.cpp:76] Compare face: 0 successed, similarity :0.967953, name : images/thanglmb.jpg, normal size : 640 * 360!
I1014 10:37:11.905201  3981 demo_inner.hpp:177] decode queue size 0
I1014 10:37:11.905311  3984 work_thread.hpp:81]  [T-Work-Detect_0] Run work: WorkDetect
I1014 10:37:11.905352  3984 work_detect.cpp:102] Succeeded to add det start for frame 59
I1014 10:37:11.911993  3984 work_detect.cpp:70] Frame :59 detect result :1 face(s)
I1014 10:37:11.912042  3984 work_detect.cpp:86] Detected bbox: [166 x 219 from (240, 130)]
I1014 10:37:11.912083  3984 work_detect.cpp:120] Succeeded to add det end for frame 59
I1014 10:37:11.912101  3984 work_thread.hpp:81]  [T-Work-Detect_0] Run work: WrokTrack
I1014 10:37:11.912125  3984 work_track.cpp:82] Frame: 59 build input_characts: [0.259375 x 0.608333 from (0.375, 0.361111)], 1.00019, 0
I1014 10:37:11.912199  3984 work_track.cpp:102] Succeeded to set track lock for frame 59
I1014 10:37:11.912238  3984 work_track.cpp:116] Succeeded to release track lock for frame 59
I1014 10:37:11.912253  3984 work_track.cpp:120] Track results of frame 59: 1 objects input, 1 objects tracked!
I1014 10:37:11.912271  3984 work_track.cpp:148] Frame: 59, track bbox: [166 x 219 from (240.629, 129.67)], gid: 0, lid: 0
I1014 10:37:11.912307  3984 work_thread.hpp:88]  [T-Work-Detect_0] Frame :59 split
I1014 10:37:11.912325  3984 work_thread.hpp:120]  [T-Work-Detect_0] Valid piece: gid = 0
I1014 10:37:11.912343  3984 work_thread.hpp:92]  [T-Work-Detect_0] Push to split queue:recog
I1014 10:37:11.912394  3985 work_thread.hpp:81]  [T-Work-Recog_0] Run work: WorkCapture
I1014 10:37:11.912396  3987 thread_intergrate.hpp:78] [T-Intergrate-intergrate] queue: frame output frame :59
I1014 10:37:11.912431  3987 thread_intergrate.hpp:85] [T-Intergrate-intergrate] queue: compare output face:0
I1014 10:37:11.912449  3987 thread_intergrate.hpp:134] T-Intergrate-intergrate set matched face: 0
I1014 10:37:11.912961  3985 work_thread.hpp:81]  [T-Work-Recog_0] Run work: WorkRecog
I1014 10:37:11.912986  3985 work_recog.hpp:89] Face id: 0 will run recog: bbox [166 x 219 from (240, 130)] quality: 0.464436
I1014 10:37:11.913013  3985 work_recog.hpp:96] Recog pair: [240 x 280 from (200, 80)], [166 x 219 from (40, 50)]
I1014 10:37:11.913619  3987 thread_intergrate.hpp:154] T-Intergrate-intergrate Show face :0, size :640 * 360
I1014 10:37:11.914134  3983 demo_inner.hpp:435] thread [SORT-0]  frame id 59 sorting queue size 2   FPS: 29.8507
I1014 10:37:11.930707  3985 work_thread.hpp:81]  [T-Work-Recog_0] Run work: WorkCompare
I1014 10:37:11.930816  3985 work_compare.cpp:76] Compare face: 0 successed, similarity :0.952974, name : images/thanglmb.jpg, normal size : 640 * 360!
I1014 10:37:11.935631  3981 demo_inner.hpp:177] decode queue size 0
I1014 10:37:11.935720  3984 work_thread.hpp:81]  [T-Work-Detect_0] Run work: WorkDetect
I1014 10:37:11.935757  3984 work_detect.cpp:102] Succeeded to add det start for frame 60
I1014 10:37:11.937479  3982 demo_inner.hpp:260]  gui queue size 2, state = running
I1014 10:37:11.942387  3984 work_detect.cpp:70] Frame :60 detect result :1 face(s)
I1014 10:37:11.942430  3984 work_detect.cpp:86] Detected bbox: [162 x 212 from (242, 131)]
I1014 10:37:11.942472  3984 work_detect.cpp:120] Succeeded to add det end for frame 60
I1014 10:37:11.942488  3984 work_thread.hpp:81]  [T-Work-Detect_0] Run work: WrokTrack
I1014 10:37:11.942512  3984 work_track.cpp:82] Frame: 60 build input_characts: [0.253125 x 0.588889 from (0.378125, 0.363889)], 1.00019, 0
I1014 10:37:11.942565  3984 work_track.cpp:102] Succeeded to set track lock for frame 60
I1014 10:37:11.942605  3984 work_track.cpp:116] Succeeded to release track lock for frame 60
I1014 10:37:11.942620  3984 work_track.cpp:120] Track results of frame 60: 1 objects input, 1 objects tracked!
I1014 10:37:11.942637  3984 work_track.cpp:148] Frame: 60, track bbox: [162 x 212 from (242.414, 132.102)], gid: 0, lid: 0
I1014 10:37:11.942673  3984 work_thread.hpp:88]  [T-Work-Detect_0] Frame :60 split
I1014 10:37:11.942692  3984 work_thread.hpp:120]  [T-Work-Detect_0] Valid piece: gid = 0
I1014 10:37:11.942710  3984 work_thread.hpp:92]  [T-Work-Detect_0] Push to split queue:recog
I1014 10:37:11.942759  3986 work_thread.hpp:81]  [T-Work-Recog_1] Run work: WorkCapture
I1014 10:37:11.942768  3987 thread_intergrate.hpp:78] [T-Intergrate-intergrate] queue: frame output frame :60
I1014 10:37:11.942793  3987 thread_intergrate.hpp:85] [T-Intergrate-intergrate] queue: compare output face:0
I1014 10:37:11.942811  3987 thread_intergrate.hpp:134] T-Intergrate-intergrate set matched face: 0
I1014 10:37:11.943454  3986 work_thread.hpp:81]  [T-Work-Recog_1] Run work: WorkRecog
I1014 10:37:11.943480  3986 work_recog.hpp:89] Face id: 0 will run recog: bbox [162 x 212 from (242, 131)] quality: 0.456042
I1014 10:37:11.943509  3986 work_recog.hpp:96] Recog pair: [232 x 272 from (208, 88)], [162 x 212 from (34, 43)]
I1014 10:37:11.943979  3987 thread_intergrate.hpp:154] T-Intergrate-intergrate Show face :0, size :640 * 360
I1014 10:37:11.944511  3983 demo_inner.hpp:435] thread [SORT-0]  frame id 60 sorting queue size 0   FPS: 29.9037
I1014 10:37:11.944617  3982 demo_inner.hpp:260]  gui queue size 0, state = running
I1014 10:37:11.962016  3986 work_thread.hpp:81]  [T-Work-Recog_1] Run work: WorkCompare
I1014 10:37:11.962144  3986 work_compare.cpp:76] Compare face: 0 successed, similarity :0.974047, name : images/thanglmb.jpg, normal size : 640 * 360!
I1014 10:37:11.971107  3981 demo_inner.hpp:177] decode queue size 0
I1014 10:37:11.971243  3984 work_thread.hpp:81]  [T-Work-Detect_0] Run work: WorkDetect
I1014 10:37:11.971282  3984 work_detect.cpp:102] Succeeded to add det start for frame 61
I1014 10:37:11.977934  3984 work_detect.cpp:70] Frame :61 detect result :1 face(s)
I1014 10:37:11.977978  3984 work_detect.cpp:86] Detected bbox: [159 x 212 from (243, 132)]
I1014 10:37:11.978019  3984 work_detect.cpp:120] Succeeded to add det end for frame 61
I1014 10:37:11.978035  3984 work_thread.hpp:81]  [T-Work-Detect_0] Run work: WrokTrack
I1014 10:37:11.978060  3984 work_track.cpp:82] Frame: 61 build input_characts: [0.248437 x 0.588889 from (0.379687, 0.366667)], 1.00019, 0
I1014 10:37:11.978114  3984 work_track.cpp:102] Succeeded to set track lock for frame 61
I1014 10:37:11.978153  3984 work_track.cpp:116] Succeeded to release track lock for frame 61
I1014 10:37:11.978168  3984 work_track.cpp:120] Track results of frame 61: 1 objects input, 1 objects tracked!
I1014 10:37:11.978256  3984 work_track.cpp:148] Frame: 61, track bbox: [159 x 212 from (244.54, 131.322)], gid: 0, lid: 0
I1014 10:37:11.978296  3984 work_thread.hpp:88]  [T-Work-Detect_0] Frame :61 split
I1014 10:37:11.978313  3984 work_thread.hpp:120]  [T-Work-Detect_0] Valid piece: gid = 0
I1014 10:37:11.978332  3984 work_thread.hpp:92]  [T-Work-Detect_0] Push to split queue:recog
I1014 10:37:11.978376  3985 work_thread.hpp:81]  [T-Work-Recog_0] Run work: WorkCapture
I1014 10:37:11.978384  3987 thread_intergrate.hpp:78] [T-Intergrate-intergrate] queue: frame output frame :61
I1014 10:37:11.978407  3987 thread_intergrate.hpp:85] [T-Intergrate-intergrate] queue: compare output face:0
I1014 10:37:11.978426  3987 thread_intergrate.hpp:134] T-Intergrate-intergrate set matched face: 0
I1014 10:37:11.978932  3985 work_thread.hpp:81]  [T-Work-Recog_0] Run work: WorkRecog
I1014 10:37:11.978955  3985 work_recog.hpp:89] Face id: 0 will run recog: bbox [159 x 212 from (243, 132)] quality: 0.456042
I1014 10:37:11.978984  3985 work_recog.hpp:96] Recog pair: [232 x 272 from (208, 88)], [159 x 212 from (35, 44)]
I1014 10:37:11.979590  3987 thread_intergrate.hpp:154] T-Intergrate-intergrate Show face :0, size :640 * 360
I1014 10:37:11.980139  3983 demo_inner.hpp:435] thread [SORT-0]  frame id 61 sorting queue size 0   FPS: 29.8656
I1014 10:37:11.980264  3982 demo_inner.hpp:260]  gui queue size 0, state = running
I1014 10:37:11.996800  3985 work_thread.hpp:81]  [T-Work-Recog_0] Run work: WorkCompare
I1014 10:37:11.996908  3985 work_compare.cpp:76] Compare face: 0 successed, similarity :0.950798, name : images/thanglmb.jpg, normal size : 640 * 360!
I1014 10:37:12.007189  3981 demo_inner.hpp:177] decode queue size 0
I1014 10:37:12.007288  3984 work_thread.hpp:81]  [T-Work-Detect_0] Run work: WorkDetect
I1014 10:37:12.007325  3984 work_detect.cpp:102] Succeeded to add det start for frame 62
I1014 10:37:12.013981  3984 work_detect.cpp:70] Frame :62 detect result :1 face(s)
I1014 10:37:12.014029  3984 work_detect.cpp:86] Detected bbox: [159 x 210 from (244, 133)]
I1014 10:37:12.014071  3984 work_detect.cpp:120] Succeeded to add det end for frame 62
I1014 10:37:12.014088  3984 work_thread.hpp:81]  [T-Work-Detect_0] Run work: WrokTrack
I1014 10:37:12.014112  3984 work_track.cpp:82] Frame: 62 build input_characts: [0.248437 x 0.583333 from (0.38125, 0.369444)], 1.00019, 0
I1014 10:37:12.014168  3984 work_track.cpp:102] Succeeded to set track lock for frame 62
I1014 10:37:12.014209  3984 work_track.cpp:116] Succeeded to release track lock for frame 62
I1014 10:37:12.014222  3984 work_track.cpp:120] Track results of frame 62: 1 objects input, 1 objects tracked!
I1014 10:37:12.014240  3984 work_track.cpp:148] Frame: 62, track bbox: [159 x 210 from (243.61, 132.522)], gid: 0, lid: 0
I1014 10:37:12.014276  3984 work_thread.hpp:88]  [T-Work-Detect_0] Frame :62 split
I1014 10:37:12.014294  3984 work_thread.hpp:120]  [T-Work-Detect_0] Valid piece: gid = 0
I1014 10:37:12.014313  3984 work_thread.hpp:92]  [T-Work-Detect_0] Push to split queue:recog
I1014 10:37:12.014358  3985 work_thread.hpp:81]  [T-Work-Recog_0] Run work: WorkCapture
I1014 10:37:12.014365  3987 thread_intergrate.hpp:78] [T-Intergrate-intergrate] queue: frame output frame :62
I1014 10:37:12.014391  3987 thread_intergrate.hpp:85] [T-Intergrate-intergrate] queue: compare output face:0
I1014 10:37:12.014410  3987 thread_intergrate.hpp:134] T-Intergrate-intergrate set matched face: 0
I1014 10:37:12.014942  3985 work_thread.hpp:81]  [T-Work-Recog_0] Run work: WorkRecog
I1014 10:37:12.014968  3985 work_recog.hpp:89] Face id: 0 will run recog: bbox [159 x 210 from (244, 133)] quality: 0.450956
I1014 10:37:12.014997  3985 work_recog.hpp:96] Recog pair: [232 x 272 from (208, 88)], [159 x 210 from (36, 45)]
I1014 10:37:12.015576  3987 thread_intergrate.hpp:154] T-Intergrate-intergrate Show face :0, size :640 * 360
I1014 10:37:12.016145  3983 demo_inner.hpp:435] thread [SORT-0]  frame id 62 sorting queue size 0   FPS: 29.985
I1014 10:37:12.016261  3982 demo_inner.hpp:260]  gui queue size 0, state = running
I1014 10:37:12.032860  3985 work_thread.hpp:81]  [T-Work-Recog_0] Run work: WorkCompare
I1014 10:37:12.032966  3985 work_compare.cpp:76] Compare face: 0 successed, similarity :0.956757, name : images/thanglmb.jpg, normal size : 640 * 360!
I1014 10:37:12.037575  3981 demo_inner.hpp:177] decode queue size 0
I1014 10:37:12.037664  3984 work_thread.hpp:81]  [T-Work-Detect_0] Run work: WorkDetect
I1014 10:37:12.037701  3984 work_detect.cpp:102] Succeeded to add det start for frame 63
I1014 10:37:12.044399  3984 work_detect.cpp:70] Frame :63 detect result :1 face(s)
I1014 10:37:12.044447  3984 work_detect.cpp:86] Detected bbox: [164 x 227 from (233, 127)]
I1014 10:37:12.044492  3984 work_detect.cpp:120] Succeeded to add det end for frame 63
I1014 10:37:12.044508  3984 work_thread.hpp:81]  [T-Work-Detect_0] Run work: WrokTrack
I1014 10:37:12.044533  3984 work_track.cpp:82] Frame: 63 build input_characts: [0.25625 x 0.630556 from (0.364062, 0.352778)], 1.00019, 0
I1014 10:37:12.044587  3984 work_track.cpp:102] Succeeded to set track lock for frame 63
I1014 10:37:12.044628  3984 work_track.cpp:116] Succeeded to release track lock for frame 63
I1014 10:37:12.044642  3984 work_track.cpp:120] Track results of frame 63: 1 objects input, 1 objects tracked!
I1014 10:37:12.044661  3984 work_track.cpp:148] Frame: 63, track bbox: [164 x 227 from (236.984, 125.647)], gid: 0, lid: 0
I1014 10:37:12.044697  3984 work_thread.hpp:88]  [T-Work-Detect_0] Frame :63 split
I1014 10:37:12.044714  3984 work_thread.hpp:120]  [T-Work-Detect_0] Valid piece: gid = 0
I1014 10:37:12.044733  3984 work_thread.hpp:92]  [T-Work-Detect_0] Push to split queue:recog
I1014 10:37:12.044780  3986 work_thread.hpp:81]  [T-Work-Recog_1] Run work: WorkCapture
I1014 10:37:12.044790  3987 thread_intergrate.hpp:78] [T-Intergrate-intergrate] queue: frame output frame :63
I1014 10:37:12.044814  3987 thread_intergrate.hpp:85] [T-Intergrate-intergrate] queue: compare output face:0
I1014 10:37:12.044833  3987 thread_intergrate.hpp:134] T-Intergrate-intergrate set matched face: 0
I1014 10:37:12.045526  3986 work_thread.hpp:81]  [T-Work-Recog_1] Run work: WorkRecog
I1014 10:37:12.045552  3986 work_recog.hpp:89] Face id: 0 will run recog: bbox [164 x 227 from (233, 127)] quality: 0.47159
I1014 10:37:12.045581  3986 work_recog.hpp:96] Recog pair: [232 x 280 from (200, 80)], [164 x 227 from (33, 47)]
I1014 10:37:12.046001  3987 thread_intergrate.hpp:154] T-Intergrate-intergrate Show face :0, size :640 * 360
I1014 10:37:12.046478  3983 demo_inner.hpp:435] thread [SORT-0]  frame id 63 sorting queue size 0   FPS: 29.9401
I1014 10:37:12.063486  3986 work_thread.hpp:81]  [T-Work-Recog_1] Run work: WorkCompare
I1014 10:37:12.063602  3986 work_compare.cpp:76] Compare face: 0 successed, similarity :0.978031, name : images/thanglmb.jpg, normal size : 640 * 360!
I1014 10:37:12.071177  3982 demo_inner.hpp:260]  gui queue size 0, state = running
I1014 10:37:12.073259  3981 demo_inner.hpp:177] decode queue size 0
I1014 10:37:12.073426  3984 work_thread.hpp:81]  [T-Work-Detect_0] Run work: WorkDetect
I1014 10:37:12.073462  3984 work_detect.cpp:102] Succeeded to add det start for frame 64
I1014 10:37:12.080049  3984 work_detect.cpp:70] Frame :64 detect result :1 face(s)
I1014 10:37:12.080101  3984 work_detect.cpp:86] Detected bbox: [162 x 212 from (242, 132)]
I1014 10:37:12.080144  3984 work_detect.cpp:120] Succeeded to add det end for frame 64
I1014 10:37:12.080181  3984 work_thread.hpp:81]  [T-Work-Detect_0] Run work: WrokTrack
I1014 10:37:12.080207  3984 work_track.cpp:82] Frame: 64 build input_characts: [0.253125 x 0.588889 from (0.378125, 0.366667)], 0.999622, 0
I1014 10:37:12.080263  3984 work_track.cpp:102] Succeeded to set track lock for frame 64
I1014 10:37:12.080303  3984 work_track.cpp:116] Succeeded to release track lock for frame 64
I1014 10:37:12.080318  3984 work_track.cpp:120] Track results of frame 64: 1 objects input, 1 objects tracked!
I1014 10:37:12.080337  3984 work_track.cpp:148] Frame: 64, track bbox: [162 x 212 from (239.04, 132.721)], gid: 0, lid: 0
I1014 10:37:12.080446  3984 work_thread.hpp:88]  [T-Work-Detect_0] Frame :64 split
I1014 10:37:12.080466  3984 work_thread.hpp:120]  [T-Work-Detect_0] Valid piece: gid = 0
I1014 10:37:12.080484  3984 work_thread.hpp:92]  [T-Work-Detect_0] Push to split queue:recog
I1014 10:37:12.080533  3985 work_thread.hpp:81]  [T-Work-Recog_0] Run work: WorkCapture
I1014 10:37:12.080543  3987 thread_intergrate.hpp:78] [T-Intergrate-intergrate] queue: frame output frame :64
I1014 10:37:12.080567  3987 thread_intergrate.hpp:85] [T-Intergrate-intergrate] queue: compare output face:0
I1014 10:37:12.080586  3987 thread_intergrate.hpp:134] T-Intergrate-intergrate set matched face: 0
I1014 10:37:12.081117  3985 work_thread.hpp:81]  [T-Work-Recog_0] Run work: WorkRecog
I1014 10:37:12.081142  3985 work_recog.hpp:89] Face id: 0 will run recog: bbox [162 x 212 from (242, 132)] quality: 0.450847
I1014 10:37:12.081171  3985 work_recog.hpp:96] Recog pair: [232 x 272 from (208, 88)], [162 x 212 from (34, 44)]
I1014 10:37:12.081756  3987 thread_intergrate.hpp:154] T-Intergrate-intergrate Show face :0, size :640 * 360
I1014 10:37:12.082248  3983 demo_inner.hpp:435] thread [SORT-0]  frame id 64 sorting queue size 0   FPS: 29.9401
I1014 10:37:12.098887  3985 work_thread.hpp:81]  [T-Work-Recog_0] Run work: WorkCompare
I1014 10:37:12.098995  3985 work_compare.cpp:76] Compare face: 0 successed, similarity :0.958032, name : images/thanglmb.jpg, normal size : 640 * 360!
I1014 10:37:12.103574  3981 demo_inner.hpp:177] decode queue size 0
I1014 10:37:12.103662  3984 work_thread.hpp:81]  [T-Work-Detect_0] Run work: WorkDetect
I1014 10:37:12.103696  3984 work_detect.cpp:102] Succeeded to add det start for frame 65
I1014 10:37:12.110353  3984 work_detect.cpp:70] Frame :65 detect result :1 face(s)
I1014 10:37:12.110405  3984 work_detect.cpp:86] Detected bbox: [161 x 212 from (242, 133)]
I1014 10:37:12.110450  3984 work_detect.cpp:120] Succeeded to add det end for frame 65
I1014 10:37:12.110466  3984 work_thread.hpp:81]  [T-Work-Detect_0] Run work: WrokTrack
I1014 10:37:12.110491  3984 work_track.cpp:82] Frame: 65 build input_characts: [0.251563 x 0.588889 from (0.378125, 0.369444)], 0.999622, 0
I1014 10:37:12.110546  3984 work_track.cpp:102] Succeeded to set track lock for frame 65
I1014 10:37:12.110585  3984 work_track.cpp:116] Succeeded to release track lock for frame 65
I1014 10:37:12.110600  3984 work_track.cpp:120] Track results of frame 65: 1 objects input, 1 objects tracked!
I1014 10:37:12.110618  3984 work_track.cpp:148] Frame: 65, track bbox: [161 x 212 from (240.435, 133.317)], gid: 0, lid: 0
I1014 10:37:12.110654  3984 work_thread.hpp:88]  [T-Work-Detect_0] Frame :65 split
I1014 10:37:12.110671  3984 work_thread.hpp:120]  [T-Work-Detect_0] Valid piece: gid = 0
I1014 10:37:12.110690  3984 work_thread.hpp:92]  [T-Work-Detect_0] Push to split queue:recog
I1014 10:37:12.110735  3987 thread_intergrate.hpp:78] [T-Intergrate-intergrate] queue: frame output frame :65
I1014 10:37:12.110736  3986 work_thread.hpp:81]  [T-Work-Recog_1] Run work: WorkCapture
I1014 10:37:12.110764  3987 thread_intergrate.hpp:85] [T-Intergrate-intergrate] queue: compare output face:0
I1014 10:37:12.110783  3987 thread_intergrate.hpp:134] T-Intergrate-intergrate set matched face: 0
I1014 10:37:12.111495  3986 work_thread.hpp:81]  [T-Work-Recog_1] Run work: WorkRecog
I1014 10:37:12.111519  3986 work_recog.hpp:89] Face id: 0 will run recog: bbox [161 x 212 from (242, 133)] quality: 0.455604
I1014 10:37:12.111557  3986 work_recog.hpp:96] Recog pair: [232 x 272 from (208, 88)], [161 x 212 from (34, 45)]
I1014 10:37:12.111950  3987 thread_intergrate.hpp:154] T-Intergrate-intergrate Show face :0, size :640 * 360
I1014 10:37:12.112500  3983 demo_inner.hpp:435] thread [SORT-0]  frame id 65 sorting queue size 1   FPS: 29.9551
I1014 10:37:12.129441  3986 work_thread.hpp:81]  [T-Work-Recog_1] Run work: WorkCompare
I1014 10:37:12.129688  3986 work_compare.cpp:76] Compare face: 0 successed, similarity :0.966657, name : images/thanglmb.jpg, normal size : 640 * 360!
I1014 10:37:12.139220  3981 demo_inner.hpp:177] decode queue size 0
I1014 10:37:12.139448  3984 work_thread.hpp:81]  [T-Work-Detect_0] Run work: WorkDetect
I1014 10:37:12.139484  3984 work_detect.cpp:102] Succeeded to add det start for frame 66
I1014 10:37:12.143684  3982 demo_inner.hpp:260]  gui queue size 1, state = running
I1014 10:37:12.146347  3984 work_detect.cpp:70] Frame :66 detect result :1 face(s)
I1014 10:37:12.146409  3984 work_detect.cpp:86] Detected bbox: [159 x 207 from (244, 136)]
I1014 10:37:12.146456  3984 work_detect.cpp:120] Succeeded to add det end for frame 66
I1014 10:37:12.146474  3984 work_thread.hpp:81]  [T-Work-Detect_0] Run work: WrokTrack
I1014 10:37:12.146502  3984 work_track.cpp:82] Frame: 66 build input_characts: [0.248437 x 0.575 from (0.38125, 0.377778)], 0.999622, 0
I1014 10:37:12.146560  3984 work_track.cpp:102] Succeeded to set track lock for frame 66
I1014 10:37:12.146605  3984 work_track.cpp:116] Succeeded to release track lock for frame 66
I1014 10:37:12.146620  3984 work_track.cpp:120] Track results of frame 66: 1 objects input, 1 objects tracked!
I1014 10:37:12.146638  3984 work_track.cpp:148] Frame: 66, track bbox: [159 x 207 from (242.909, 135.906)], gid: 0, lid: 0
I1014 10:37:12.146677  3984 work_thread.hpp:88]  [T-Work-Detect_0] Frame :66 split
I1014 10:37:12.146694  3984 work_thread.hpp:120]  [T-Work-Detect_0] Valid piece: gid = 0
I1014 10:37:12.146713  3984 work_thread.hpp:92]  [T-Work-Detect_0] Push to split queue:recog
I1014 10:37:12.146777  3987 thread_intergrate.hpp:78] [T-Intergrate-intergrate] queue: frame output frame :66
I1014 10:37:12.146785  3985 work_thread.hpp:81]  [T-Work-Recog_0] Run work: WorkCapture
I1014 10:37:12.146806  3987 thread_intergrate.hpp:85] [T-Intergrate-intergrate] queue: compare output face:0
I1014 10:37:12.146826  3987 thread_intergrate.hpp:134] T-Intergrate-intergrate set matched face: 0
I1014 10:37:12.147490  3985 work_thread.hpp:81]  [T-Work-Recog_0] Run work: WorkRecog
I1014 10:37:12.147523  3985 work_recog.hpp:89] Face id: 0 will run recog: bbox [159 x 207 from (244, 136)] quality: 0.454971
I1014 10:37:12.147558  3985 work_recog.hpp:96] Recog pair: [232 x 272 from (208, 88)], [159 x 207 from (36, 48)]
I1014 10:37:12.148049  3987 thread_intergrate.hpp:154] T-Intergrate-intergrate Show face :0, size :640 * 360
I1014 10:37:12.148566  3983 demo_inner.hpp:435] thread [SORT-0]  frame id 66 sorting queue size 0   FPS: 29.9401
I1014 10:37:12.165627  3985 work_thread.hpp:81]  [T-Work-Recog_0] Run work: WorkCompare
I1014 10:37:12.165746  3985 work_compare.cpp:76] Compare face: 0 successed, similarity :0.97213, name : images/thanglmb.jpg, normal size : 640 * 360!
I1014 10:37:12.169705  3981 demo_inner.hpp:177] decode queue size 0
I1014 10:37:12.169791  3984 work_thread.hpp:81]  [T-Work-Detect_0] Run work: WorkDetect
I1014 10:37:12.169826  3984 work_detect.cpp:102] Succeeded to add det start for frame 67
I1014 10:37:12.176527  3984 work_detect.cpp:70] Frame :67 detect result :1 face(s)
I1014 10:37:12.176573  3984 work_detect.cpp:86] Detected bbox: [167 x 220 from (239, 128)]
I1014 10:37:12.176614  3984 work_detect.cpp:120] Succeeded to add det end for frame 67
I1014 10:37:12.176630  3984 work_thread.hpp:81]  [T-Work-Detect_0] Run work: WrokTrack
I1014 10:37:12.176654  3984 work_track.cpp:82] Frame: 67 build input_characts: [0.260938 x 0.611111 from (0.373437, 0.355556)], 0.999622, 0
I1014 10:37:12.176713  3984 work_track.cpp:102] Succeeded to set track lock for frame 67
I1014 10:37:12.176755  3984 work_track.cpp:116] Succeeded to release track lock for frame 67
I1014 10:37:12.176770  3984 work_track.cpp:120] Track results of frame 67: 1 objects input, 1 objects tracked!
I1014 10:37:12.176787  3984 work_track.cpp:148] Frame: 67, track bbox: [167 x 220 from (239.612, 128.698)], gid: 0, lid: 0
I1014 10:37:12.176823  3984 work_thread.hpp:88]  [T-Work-Detect_0] Frame :67 split
I1014 10:37:12.176841  3984 work_thread.hpp:120]  [T-Work-Detect_0] Valid piece: gid = 0
I1014 10:37:12.176859  3984 work_thread.hpp:92]  [T-Work-Detect_0] Push to split queue:recog
I1014 10:37:12.176905  3987 thread_intergrate.hpp:78] [T-Intergrate-intergrate] queue: frame output frame :67
I1014 10:37:12.177017  3987 thread_intergrate.hpp:85] [T-Intergrate-intergrate] queue: compare output face:0
I1014 10:37:12.177037  3987 thread_intergrate.hpp:134] T-Intergrate-intergrate set matched face: 0
I1014 10:37:12.176920  3986 work_thread.hpp:81]  [T-Work-Recog_1] Run work: WorkCapture
I1014 10:37:12.177767  3986 work_thread.hpp:81]  [T-Work-Recog_1] Run work: WorkRecog
I1014 10:37:12.177879  3986 work_recog.hpp:89] Face id: 0 will run recog: bbox [167 x 220 from (239, 128)] quality: 0.479072
I1014 10:37:12.177912  3986 work_recog.hpp:96] Recog pair: [240 x 280 from (200, 80)], [167 x 220 from (39, 48)]
I1014 10:37:12.178230  3987 thread_intergrate.hpp:154] T-Intergrate-intergrate Show face :0, size :640 * 360
I1014 10:37:12.178753  3983 demo_inner.hpp:435] thread [SORT-0]  frame id 67 sorting queue size 1   FPS: 30
I1014 10:37:12.195797  3986 work_thread.hpp:81]  [T-Work-Recog_1] Run work: WorkCompare
I1014 10:37:12.195935  3986 work_compare.cpp:76] Compare face: 0 successed, similarity :0.975955, name : images/thanglmb.jpg, normal size : 640 * 360!
I1014 10:37:12.205132  3981 demo_inner.hpp:177] decode queue size 0
I1014 10:37:12.205252  3984 work_thread.hpp:81]  [T-Work-Detect_0] Run work: WorkDetect
I1014 10:37:12.205288  3984 work_detect.cpp:102] Succeeded to add det start for frame 68
I1014 10:37:12.211871  3984 work_detect.cpp:70] Frame :68 detect result :1 face(s)
I1014 10:37:12.211912  3984 work_detect.cpp:86] Detected bbox: [163 x 211 from (241, 131)]
I1014 10:37:12.211954  3984 work_detect.cpp:120] Succeeded to add det end for frame 68
I1014 10:37:12.211971  3984 work_thread.hpp:81]  [T-Work-Detect_0] Run work: WrokTrack
I1014 10:37:12.211995  3984 work_track.cpp:82] Frame: 68 build input_characts: [0.254687 x 0.586111 from (0.376563, 0.363889)], 1.00035, 0
I1014 10:37:12.212051  3984 work_track.cpp:102] Succeeded to set track lock for frame 68
I1014 10:37:12.212092  3984 work_track.cpp:116] Succeeded to release track lock for frame 68
I1014 10:37:12.212106  3984 work_track.cpp:120] Track results of frame 68: 1 objects input, 1 objects tracked!
I1014 10:37:12.212124  3984 work_track.cpp:148] Frame: 68, track bbox: [163 x 211 from (242.661, 131.703)], gid: 0, lid: 0
I1014 10:37:12.212183  3984 work_thread.hpp:88]  [T-Work-Detect_0] Frame :68 split
I1014 10:37:12.212203  3984 work_thread.hpp:120]  [T-Work-Detect_0] Valid piece: gid = 0
I1014 10:37:12.212220  3984 work_thread.hpp:92]  [T-Work-Detect_0] Push to split queue:recog
I1014 10:37:12.212262  3987 thread_intergrate.hpp:78] [T-Intergrate-intergrate] queue: frame output frame :68
I1014 10:37:12.212268  3985 work_thread.hpp:81]  [T-Work-Recog_0] Run work: WorkCapture
I1014 10:37:12.212291  3987 thread_intergrate.hpp:85] [T-Intergrate-intergrate] queue: compare output face:0
I1014 10:37:12.212309  3987 thread_intergrate.hpp:134] T-Intergrate-intergrate set matched face: 0
I1014 10:37:12.212828  3985 work_thread.hpp:81]  [T-Work-Recog_0] Run work: WorkRecog
I1014 10:37:12.212852  3985 work_recog.hpp:89] Face id: 0 will run recog: bbox [163 x 211 from (241, 131)] quality: 0.456042
I1014 10:37:12.212880  3985 work_recog.hpp:96] Recog pair: [232 x 272 from (208, 88)], [163 x 211 from (33, 43)]
I1014 10:37:12.213471  3987 thread_intergrate.hpp:154] T-Intergrate-intergrate Show face :0, size :640 * 360
I1014 10:37:12.213986  3983 demo_inner.hpp:435] thread [SORT-0]  frame id 68 sorting queue size 2   FPS: 29.9607
I1014 10:37:12.230460  3985 work_thread.hpp:81]  [T-Work-Recog_0] Run work: WorkCompare
I1014 10:37:12.230567  3985 work_compare.cpp:76] Compare face: 0 successed, similarity :0.936041, name : images/thanglmb.jpg, normal size : 640 * 360!
I1014 10:37:12.241273  3981 demo_inner.hpp:177] decode queue size 0
I1014 10:37:12.241416  3984 work_thread.hpp:81]  [T-Work-Detect_0] Run work: WorkDetect
I1014 10:37:12.241461  3984 work_detect.cpp:102] Succeeded to add det start for frame 69
I1014 10:37:12.246927  3982 demo_inner.hpp:260]  gui queue size 2, state = running
I1014 10:37:12.248042  3984 work_detect.cpp:70] Frame :69 detect result :1 face(s)
I1014 10:37:12.248200  3984 work_detect.cpp:86] Detected bbox: [164 x 215 from (240, 132)]
I1014 10:37:12.248248  3984 work_detect.cpp:120] Succeeded to add det end for frame 69
I1014 10:37:12.248265  3984 work_thread.hpp:81]  [T-Work-Detect_0] Run work: WrokTrack
I1014 10:37:12.248291  3984 work_track.cpp:82] Frame: 69 build input_characts: [0.25625 x 0.597222 from (0.375, 0.366667)], 1.00019, 0
I1014 10:37:12.248349  3984 work_track.cpp:102] Succeeded to set track lock for frame 69
I1014 10:37:12.248390  3984 work_track.cpp:116] Succeeded to release track lock for frame 69
I1014 10:37:12.248405  3984 work_track.cpp:120] Track results of frame 69: 1 objects input, 1 objects tracked!
I1014 10:37:12.248423  3984 work_track.cpp:148] Frame: 69, track bbox: [164 x 215 from (240.251, 130.816)], gid: 0, lid: 0
I1014 10:37:12.248459  3984 work_thread.hpp:88]  [T-Work-Detect_0] Frame :69 split
I1014 10:37:12.248477  3984 work_thread.hpp:120]  [T-Work-Detect_0] Valid piece: gid = 0
I1014 10:37:12.248497  3984 work_thread.hpp:92]  [T-Work-Detect_0] Push to split queue:recog
I1014 10:37:12.248554  3985 work_thread.hpp:81]  [T-Work-Recog_0] Run work: WorkCapture
I1014 10:37:12.248554  3987 thread_intergrate.hpp:78] [T-Intergrate-intergrate] queue: frame output frame :69
I1014 10:37:12.248598  3987 thread_intergrate.hpp:85] [T-Intergrate-intergrate] queue: compare output face:0
I1014 10:37:12.248618  3987 thread_intergrate.hpp:134] T-Intergrate-intergrate set matched face: 0
I1014 10:37:12.249194  3985 work_thread.hpp:81]  [T-Work-Recog_0] Run work: WorkRecog
I1014 10:37:12.249220  3985 work_recog.hpp:89] Face id: 0 will run recog: bbox [164 x 215 from (240, 132)] quality: 0.4705
I1014 10:37:12.249255  3985 work_recog.hpp:96] Recog pair: [232 x 272 from (208, 88)], [164 x 215 from (32, 44)]
I1014 10:37:12.249828  3987 thread_intergrate.hpp:154] T-Intergrate-intergrate Show face :0, size :640 * 360
I1014 10:37:12.250370  3983 demo_inner.hpp:435] thread [SORT-0]  frame id 69 sorting queue size 0   FPS: 29.9607
I1014 10:37:12.267084  3985 work_thread.hpp:81]  [T-Work-Recog_0] Run work: WorkCompare
I1014 10:37:12.267187  3985 work_compare.cpp:76] Compare face: 0 successed, similarity :0.967072, name : images/thanglmb.jpg, normal size : 640 * 360!
I1014 10:37:12.273043  3981 demo_inner.hpp:177] decode queue size 0
I1014 10:37:12.273133  3984 work_thread.hpp:81]  [T-Work-Detect_0] Run work: WorkDetect
I1014 10:37:12.273165  3984 work_detect.cpp:102] Succeeded to add det start for frame 70
I1014 10:37:12.279749  3984 work_detect.cpp:70] Frame :70 detect result :1 face(s)
I1014 10:37:12.279791  3984 work_detect.cpp:86] Detected bbox: [163 x 212 from (241, 133)]
I1014 10:37:12.279834  3984 work_detect.cpp:120] Succeeded to add det end for frame 70
I1014 10:37:12.279850  3984 work_thread.hpp:81]  [T-Work-Detect_0] Run work: WrokTrack
I1014 10:37:12.279876  3984 work_track.cpp:82] Frame: 70 build input_characts: [0.254687 x 0.588889 from (0.376563, 0.369444)], 0.998681, 0
I1014 10:37:12.279930  3984 work_track.cpp:102] Succeeded to set track lock for frame 70
I1014 10:37:12.279971  3984 work_track.cpp:116] Succeeded to release track lock for frame 70
I1014 10:37:12.279986  3984 work_track.cpp:120] Track results of frame 70: 1 objects input, 1 objects tracked!
I1014 10:37:12.280004  3984 work_track.cpp:148] Frame: 70, track bbox: [163 x 212 from (240.789, 132.471)], gid: 0, lid: 0
I1014 10:37:12.280040  3984 work_thread.hpp:88]  [T-Work-Detect_0] Frame :70 split
I1014 10:37:12.280059  3984 work_thread.hpp:120]  [T-Work-Detect_0] Valid piece: gid = 0
I1014 10:37:12.280077  3984 work_thread.hpp:92]  [T-Work-Detect_0] Push to split queue:recog
I1014 10:37:12.280119  3986 work_thread.hpp:81]  [T-Work-Recog_1] Run work: WorkCapture
I1014 10:37:12.280133  3987 thread_intergrate.hpp:78] [T-Intergrate-intergrate] queue: frame output frame :70
I1014 10:37:12.280184  3987 thread_intergrate.hpp:85] [T-Intergrate-intergrate] queue: compare output face:0
I1014 10:37:12.280203  3987 thread_intergrate.hpp:134] T-Intergrate-intergrate set matched face: 0
I1014 10:37:12.280701  3986 work_thread.hpp:81]  [T-Work-Recog_1] Run work: WorkRecog
I1014 10:37:12.280725  3986 work_recog.hpp:89] Face id: 0 will run recog: bbox [163 x 212 from (241, 133)] quality: 0.455768
I1014 10:37:12.280753  3986 work_recog.hpp:96] Recog pair: [232 x 272 from (208, 88)], [163 x 212 from (33, 45)]
I1014 10:37:12.281440  3987 thread_intergrate.hpp:154] T-Intergrate-intergrate Show face :0, size :640 * 360
I1014 10:37:12.281941  3983 demo_inner.hpp:435] thread [SORT-0]  frame id 70 sorting queue size 1   FPS: 30.0641
I1014 10:37:12.298286  3986 work_thread.hpp:81]  [T-Work-Recog_1] Run work: WorkCompare
I1014 10:37:12.298393  3986 work_compare.cpp:76] Compare face: 0 successed, similarity :0.98081, name : images/thanglmb.jpg, normal size : 640 * 360!
I1014 10:37:12.307632  3981 demo_inner.hpp:177] decode queue size 0
I1014 10:37:12.307730  3984 work_thread.hpp:81]  [T-Work-Detect_0] Run work: WorkDetect
I1014 10:37:12.307765  3984 work_detect.cpp:102] Succeeded to add det start for frame 71
I1014 10:37:12.314189  3982 demo_inner.hpp:260]  gui queue size 1, state = running
I1014 10:37:12.314375  3984 work_detect.cpp:70] Frame :71 detect result :1 face(s)
I1014 10:37:12.314399  3984 work_detect.cpp:86] Detected bbox: [162 x 211 from (241, 133)]
I1014 10:37:12.314445  3984 work_detect.cpp:120] Succeeded to add det end for frame 71
I1014 10:37:12.314462  3984 work_thread.hpp:81]  [T-Work-Detect_0] Run work: WrokTrack
I1014 10:37:12.314484  3984 work_track.cpp:82] Frame: 71 build input_characts: [0.253125 x 0.586111 from (0.376563, 0.369444)], 1.00035, 0
I1014 10:37:12.314543  3984 work_track.cpp:102] Succeeded to set track lock for frame 71
I1014 10:37:12.314587  3984 work_track.cpp:116] Succeeded to release track lock for frame 71
I1014 10:37:12.314602  3984 work_track.cpp:120] Track results of frame 71: 1 objects input, 1 objects tracked!
I1014 10:37:12.314621  3984 work_track.cpp:148] Frame: 71, track bbox: [162 x 211 from (240.953, 133.077)], gid: 0, lid: 0
I1014 10:37:12.314659  3984 work_thread.hpp:88]  [T-Work-Detect_0] Frame :71 split
I1014 10:37:12.314677  3984 work_thread.hpp:120]  [T-Work-Detect_0] Valid piece: gid = 0
I1014 10:37:12.314697  3984 work_thread.hpp:92]  [T-Work-Detect_0] Push to split queue:recog
I1014 10:37:12.314747  3987 thread_intergrate.hpp:78] [T-Intergrate-intergrate] queue: frame output frame :71
I1014 10:37:12.314751  3985 work_thread.hpp:81]  [T-Work-Recog_0] Run work: WorkCapture
I1014 10:37:12.314775  3987 thread_intergrate.hpp:85] [T-Intergrate-intergrate] queue: compare output face:0
I1014 10:37:12.314795  3987 thread_intergrate.hpp:134] T-Intergrate-intergrate set matched face: 0
I1014 10:37:12.315352  3985 work_thread.hpp:81]  [T-Work-Recog_0] Run work: WorkRecog
I1014 10:37:12.315377  3985 work_recog.hpp:89] Face id: 0 will run recog: bbox [162 x 211 from (241, 133)] quality: 0.456042
I1014 10:37:12.315409  3985 work_recog.hpp:96] Recog pair: [232 x 272 from (208, 88)], [162 x 211 from (33, 45)]
I1014 10:37:12.315985  3987 thread_intergrate.hpp:154] T-Intergrate-intergrate Show face :0, size :640 * 360
I1014 10:37:12.316542  3983 demo_inner.hpp:435] thread [SORT-0]  frame id 71 sorting queue size 0   FPS: 29.9754
I1014 10:37:12.333540  3985 work_thread.hpp:81]  [T-Work-Recog_0] Run work: WorkCompare
I1014 10:37:12.333648  3985 work_compare.cpp:76] Compare face: 0 successed, similarity :0.956075, name : images/thanglmb.jpg, normal size : 640 * 360!
I1014 10:37:12.337641  3981 demo_inner.hpp:177] decode queue size 0
I1014 10:37:12.337736  3984 work_thread.hpp:81]  [T-Work-Detect_0] Run work: WorkDetect
I1014 10:37:12.337769  3984 work_detect.cpp:102] Succeeded to add det start for frame 72
I1014 10:37:12.344434  3984 work_detect.cpp:70] Frame :72 detect result :1 face(s)
I1014 10:37:12.344475  3984 work_detect.cpp:86] Detected bbox: [164 x 212 from (241, 132)]
I1014 10:37:12.344516  3984 work_detect.cpp:120] Succeeded to add det end for frame 72
I1014 10:37:12.344532  3984 work_thread.hpp:81]  [T-Work-Detect_0] Run work: WrokTrack
I1014 10:37:12.344631  3984 work_track.cpp:82] Frame: 72 build input_characts: [0.25625 x 0.588889 from (0.376563, 0.366667)], 1.00019, 0
I1014 10:37:12.344688  3984 work_track.cpp:102] Succeeded to set track lock for frame 72
I1014 10:37:12.344727  3984 work_track.cpp:116] Succeeded to release track lock for frame 72
I1014 10:37:12.344743  3984 work_track.cpp:120] Track results of frame 72: 1 objects input, 1 objects tracked!
I1014 10:37:12.344759  3984 work_track.cpp:148] Frame: 72, track bbox: [164 x 212 from (240.549, 132.638)], gid: 0, lid: 0
I1014 10:37:12.344795  3984 work_thread.hpp:88]  [T-Work-Detect_0] Frame :72 split
I1014 10:37:12.344813  3984 work_thread.hpp:120]  [T-Work-Detect_0] Valid piece: gid = 0
I1014 10:37:12.344830  3984 work_thread.hpp:92]  [T-Work-Detect_0] Push to split queue:recog
I1014 10:37:12.344882  3986 work_thread.hpp:81]  [T-Work-Recog_1] Run work: WorkCapture
I1014 10:37:12.344892  3987 thread_intergrate.hpp:78] [T-Intergrate-intergrate] queue: frame output frame :72
I1014 10:37:12.344918  3987 thread_intergrate.hpp:85] [T-Intergrate-intergrate] queue: compare output face:0
I1014 10:37:12.344935  3987 thread_intergrate.hpp:134] T-Intergrate-intergrate set matched face: 0
I1014 10:37:12.345443  3986 work_thread.hpp:81]  [T-Work-Recog_1] Run work: WorkRecog
I1014 10:37:12.345468  3986 work_recog.hpp:89] Face id: 0 will run recog: bbox [164 x 212 from (241, 132)] quality: 0.455914
I1014 10:37:12.345497  3986 work_recog.hpp:96] Recog pair: [232 x 272 from (208, 88)], [164 x 212 from (33, 44)]
I1014 10:37:12.346110  3987 thread_intergrate.hpp:154] T-Intergrate-intergrate Show face :0, size :640 * 360
I1014 10:37:12.346611  3983 demo_inner.hpp:435] thread [SORT-0]  frame id 72 sorting queue size 1   FPS: 30.0641
I1014 10:37:12.363013  3986 work_thread.hpp:81]  [T-Work-Recog_1] Run work: WorkCompare
I1014 10:37:12.363126  3986 work_compare.cpp:76] Compare face: 0 successed, similarity :0.961791, name : images/thanglmb.jpg, normal size : 640 * 360!
I1014 10:37:12.373149  3981 demo_inner.hpp:177] decode queue size 0
I1014 10:37:12.373250  3984 work_thread.hpp:81]  [T-Work-Detect_0] Run work: WorkDetect
I1014 10:37:12.373286  3984 work_detect.cpp:102] Succeeded to add det start for frame 73
I1014 10:37:12.379853  3984 work_detect.cpp:70] Frame :73 detect result :1 face(s)
I1014 10:37:12.379894  3984 work_detect.cpp:86] Detected bbox: [164 x 214 from (241, 131)]
I1014 10:37:12.379936  3984 work_detect.cpp:120] Succeeded to add det end for frame 73
I1014 10:37:12.379952  3984 work_thread.hpp:81]  [T-Work-Detect_0] Run work: WrokTrack
I1014 10:37:12.379976  3984 work_track.cpp:82] Frame: 73 build input_characts: [0.25625 x 0.594444 from (0.376563, 0.363889)], 0.998877, 0
I1014 10:37:12.380033  3984 work_track.cpp:102] Succeeded to set track lock for frame 73
I1014 10:37:12.380074  3984 work_track.cpp:116] Succeeded to release track lock for frame 73
I1014 10:37:12.380089  3984 work_track.cpp:120] Track results of frame 73: 1 objects input, 1 objects tracked!
I1014 10:37:12.380106  3984 work_track.cpp:148] Frame: 73, track bbox: [164 x 214 from (240.874, 131.419)], gid: 0, lid: 0
I1014 10:37:12.380142  3984 work_thread.hpp:88]  [T-Work-Detect_0] Frame :73 split
I1014 10:37:12.380185  3984 work_thread.hpp:120]  [T-Work-Detect_0] Valid piece: gid = 0
I1014 10:37:12.380204  3984 work_thread.hpp:92]  [T-Work-Detect_0] Push to split queue:recog
I1014 10:37:12.380247  3986 work_thread.hpp:81]  [T-Work-Recog_1] Run work: WorkCapture
I1014 10:37:12.380255  3987 thread_intergrate.hpp:78] [T-Intergrate-intergrate] queue: frame output frame :73
I1014 10:37:12.380280  3987 thread_intergrate.hpp:85] [T-Intergrate-intergrate] queue: compare output face:0
I1014 10:37:12.380298  3987 thread_intergrate.hpp:134] T-Intergrate-intergrate set matched face: 0
I1014 10:37:12.380822  3986 work_thread.hpp:81]  [T-Work-Recog_1] Run work: WorkRecog
I1014 10:37:12.380846  3986 work_recog.hpp:89] Face id: 0 will run recog: bbox [164 x 214 from (241, 131)] quality: 0.445279
I1014 10:37:12.380874  3986 work_recog.hpp:96] Recog pair: [232 x 272 from (208, 88)], [164 x 214 from (33, 43)]
I1014 10:37:12.381469  3987 thread_intergrate.hpp:154] T-Intergrate-intergrate Show face :0, size :640 * 360
I1014 10:37:12.382036  3983 demo_inner.hpp:435] thread [SORT-0]  frame id 73 sorting queue size 2   FPS: 29.9902
I1014 10:37:12.392302  3982 demo_inner.hpp:260]  gui queue size 2, state = running
I1014 10:37:12.398957  3986 work_thread.hpp:81]  [T-Work-Recog_1] Run work: WorkCompare
I1014 10:37:12.399067  3986 work_compare.cpp:76] Compare face: 0 successed, similarity :0.950164, name : images/thanglmb.jpg, normal size : 640 * 360!
I1014 10:37:12.403645  3981 demo_inner.hpp:177] decode queue size 0
I1014 10:37:12.403735  3984 work_thread.hpp:81]  [T-Work-Detect_0] Run work: WorkDetect
I1014 10:37:12.403771  3984 work_detect.cpp:102] Succeeded to add det start for frame 74
I1014 10:37:12.410495  3984 work_detect.cpp:70] Frame :74 detect result :1 face(s)
I1014 10:37:12.410542  3984 work_detect.cpp:86] Detected bbox: [165 x 217 from (240, 129)]
I1014 10:37:12.410583  3984 work_detect.cpp:120] Succeeded to add det end for frame 74
I1014 10:37:12.410600  3984 work_thread.hpp:81]  [T-Work-Detect_0] Run work: WrokTrack
I1014 10:37:12.410624  3984 work_track.cpp:82] Frame: 74 build input_characts: [0.257812 x 0.602778 from (0.375, 0.358333)], 0.99799, 0
I1014 10:37:12.410679  3984 work_track.cpp:102] Succeeded to set track lock for frame 74
I1014 10:37:12.410719  3984 work_track.cpp:116] Succeeded to release track lock for frame 74
I1014 10:37:12.410734  3984 work_track.cpp:120] Track results of frame 74: 1 objects input, 1 objects tracked!
I1014 10:37:12.410751  3984 work_track.cpp:148] Frame: 74, track bbox: [165 x 217 from (240.382, 128.948)], gid: 0, lid: 0
I1014 10:37:12.410787  3984 work_thread.hpp:88]  [T-Work-Detect_0] Frame :74 split
I1014 10:37:12.410805  3984 work_thread.hpp:120]  [T-Work-Detect_0] Valid piece: gid = 0
I1014 10:37:12.410823  3984 work_thread.hpp:92]  [T-Work-Detect_0] Push to split queue:recog
I1014 10:37:12.410867  3987 thread_intergrate.hpp:78] [T-Intergrate-intergrate] queue: frame output frame :74
I1014 10:37:12.410868  3985 work_thread.hpp:81]  [T-Work-Recog_0] Run work: WorkCapture
I1014 10:37:12.410897  3987 thread_intergrate.hpp:85] [T-Intergrate-intergrate] queue: compare output face:0
I1014 10:37:12.410915  3987 thread_intergrate.hpp:134] T-Intergrate-intergrate set matched face: 0
I1014 10:37:12.411429  3985 work_thread.hpp:81]  [T-Work-Recog_0] Run work: WorkRecog
I1014 10:37:12.411453  3985 work_recog.hpp:89] Face id: 0 will run recog: bbox [165 x 217 from (240, 129)] quality: 0.464612
I1014 10:37:12.411481  3985 work_recog.hpp:96] Recog pair: [240 x 280 from (200, 80)], [165 x 217 from (40, 49)]
I1014 10:37:12.412073  3987 thread_intergrate.hpp:154] T-Intergrate-intergrate Show face :0, size :640 * 360
I1014 10:37:12.412667  3983 demo_inner.hpp:435] thread [SORT-0]  frame id 74 sorting queue size 0   FPS: 30.0789
I1014 10:37:12.429003  3985 work_thread.hpp:81]  [T-Work-Recog_0] Run work: WorkCompare
I1014 10:37:12.429097  3985 work_compare.cpp:76] Compare face: 0 successed, similarity :0.935118, name : images/thanglmb.jpg, normal size : 640 * 360!
I1014 10:37:12.439098  3981 demo_inner.hpp:177] decode queue size 0
I1014 10:37:12.439215  3984 work_thread.hpp:81]  [T-Work-Detect_0] Run work: WorkDetect
I1014 10:37:12.439254  3984 work_detect.cpp:102] Succeeded to add det start for frame 75
I1014 10:37:12.445958  3984 work_detect.cpp:70] Frame :75 detect result :1 face(s)
I1014 10:37:12.446002  3984 work_detect.cpp:86] Detected bbox: [160 x 224 from (235, 123)]
I1014 10:37:12.446043  3984 work_detect.cpp:120] Succeeded to add det end for frame 75
I1014 10:37:12.446060  3984 work_thread.hpp:81]  [T-Work-Detect_0] Run work: WrokTrack
I1014 10:37:12.446086  3984 work_track.cpp:82] Frame: 75 build input_characts: [0.25 x 0.622222 from (0.367188, 0.341667)], 0.999622, 0
I1014 10:37:12.446141  3984 work_track.cpp:102] Succeeded to set track lock for frame 75
I1014 10:37:12.446179  3984 work_track.cpp:116] Succeeded to release track lock for frame 75
I1014 10:37:12.446265  3984 work_track.cpp:120] Track results of frame 75: 1 objects input, 1 objects tracked!
I1014 10:37:12.446285  3984 work_track.cpp:148] Frame: 75, track bbox: [160 x 224 from (238.772, 124.026)], gid: 0, lid: 0
I1014 10:37:12.446323  3984 work_thread.hpp:88]  [T-Work-Detect_0] Frame :75 split
I1014 10:37:12.446341  3984 work_thread.hpp:120]  [T-Work-Detect_0] Valid piece: gid = 0
I1014 10:37:12.446359  3984 work_thread.hpp:92]  [T-Work-Detect_0] Push to split queue:recog
I1014 10:37:12.446404  3987 thread_intergrate.hpp:78] [T-Intergrate-intergrate] queue: frame output frame :75
I1014 10:37:12.446405  3985 work_thread.hpp:81]  [T-Work-Recog_0] Run work: WorkCapture
I1014 10:37:12.446434  3987 thread_intergrate.hpp:85] [T-Intergrate-intergrate] queue: compare output face:0
I1014 10:37:12.446451  3987 thread_intergrate.hpp:134] T-Intergrate-intergrate set matched face: 0
I1014 10:37:12.446982  3985 work_thread.hpp:81]  [T-Work-Recog_0] Run work: WorkRecog
I1014 10:37:12.447006  3985 work_recog.hpp:89] Face id: 0 will run recog: bbox [160 x 224 from (235, 123)] quality: 0.472927
I1014 10:37:12.447034  3985 work_recog.hpp:96] Recog pair: [232 x 288 from (200, 72)], [160 x 224 from (35, 51)]
I1014 10:37:12.447618  3987 thread_intergrate.hpp:154] T-Intergrate-intergrate Show face :0, size :640 * 360
I1014 10:37:12.448113  3983 demo_inner.hpp:435] thread [SORT-0]  frame id 75 sorting queue size 1   FPS: 29.9754
I1014 10:37:12.464457  3982 demo_inner.hpp:260]  gui queue size 1, state = running
I1014 10:37:12.464766  3985 work_thread.hpp:81]  [T-Work-Recog_0] Run work: WorkCompare
I1014 10:37:12.464848  3985 work_compare.cpp:76] Compare face: 0 successed, similarity :0.972935, name : images/thanglmb.jpg, normal size : 640 * 360!
I1014 10:37:12.475206  3981 demo_inner.hpp:177] decode queue size 0
I1014 10:37:12.475312  3984 work_thread.hpp:81]  [T-Work-Detect_0] Run work: WorkDetect
I1014 10:37:12.475353  3984 work_detect.cpp:102] Succeeded to add det start for frame 76
I1014 10:37:12.482026  3984 work_detect.cpp:70] Frame :76 detect result :1 face(s)
I1014 10:37:12.482069  3984 work_detect.cpp:86] Detected bbox: [165 x 204 from (242, 153)]
I1014 10:37:12.482110  3984 work_detect.cpp:120] Succeeded to add det end for frame 76
I1014 10:37:12.482127  3984 work_thread.hpp:81]  [T-Work-Detect_0] Run work: WrokTrack
I1014 10:37:12.482152  3984 work_track.cpp:82] Frame: 76 build input_characts: [0.257812 x 0.566667 from (0.378125, 0.425)], 1.00019, 0
I1014 10:37:12.482206  3984 work_track.cpp:102] Succeeded to set track lock for frame 76
I1014 10:37:12.482246  3984 work_track.cpp:116] Succeeded to release track lock for frame 76
I1014 10:37:12.482261  3984 work_track.cpp:120] Track results of frame 76: 1 objects input, 1 objects tracked!
I1014 10:37:12.482278  3984 work_track.cpp:148] Frame: 76, track bbox: [165 x 204 from (238.324, 143.548)], gid: 0, lid: 0
