I1014 14:53:03.764776  8280 work_detect.cpp:70] Frame :100 detect result :1 face(s)
I1014 14:53:03.764828  8280 work_detect.cpp:86] Detected bbox: [184 x 220 from (304, 70)]
I1014 14:53:03.764875  8280 work_detect.cpp:120] Succeeded to add det end for frame 100
I1014 14:53:03.764891  8280 work_thread.hpp:81]  [T-Work-Detect_0] Run work: WrokTrack
I1014 14:53:03.764917  8280 work_track.cpp:82] Frame: 100 build input_characts: [0.2875 x 0.611111 from (0.475, 0.194444)], 0.999622, 0
I1014 14:53:03.764971  8280 work_track.cpp:102] Succeeded to set track lock for frame 100
I1014 14:53:03.765014  8280 work_track.cpp:116] Succeeded to release track lock for frame 100
I1014 14:53:03.765029  8280 work_track.cpp:120] Track results of frame 100: 1 objects input, 1 objects tracked!
I1014 14:53:03.765048  8280 work_track.cpp:148] Frame: 100, track bbox: [184 x 220 from (306.82, 64.1925)], gid: 0, lid: 0
I1014 14:53:03.765084  8280 work_thread.hpp:87]  [T-Work-Detect_0] Frame :100 split
I1014 14:53:03.765101  8280 work_thread.hpp:120]  [T-Work-Detect_0] Valid piece: gid = 0
I1014 14:53:03.765120  8280 work_thread.hpp:91]  [T-Work-Detect_0] Push to split queue:recog
I1014 14:53:03.765166  8281 work_thread.hpp:81]  [T-Work-Recog_0] Run work: WorkCapture
I1014 14:53:03.765166  8283 thread_intergrate.hpp:78] [T-Intergrate-intergrate] queue: frame output frame :100
I1014 14:53:03.765223  8283 thread_intergrate.hpp:85] [T-Intergrate-intergrate] queue: compare output face:0
I1014 14:53:03.765242  8283 thread_intergrate.hpp:144] T-Intergrate-intergrate set matched face: 0
I1014 14:53:03.765810  8281 work_thread.hpp:81]  [T-Work-Recog_0] Run work: WorkRecog
I1014 14:53:03.765835  8281 work_recog.hpp:89] Face id: 0 will run recog: bbox [184 x 220 from (304, 70)] quality: 0.454059
I1014 14:53:03.765866  8281 work_recog.hpp:96] Recog pair: [264 x 312 from (264, 24)], [184 x 220 from (40, 46)]
I1014 14:53:03.766690  8283 thread_intergrate.hpp:164] T-Intergrate-intergrate Show face :0, size :640 * 360
I1014 14:53:03.767477  8279 demo_inner.hpp:435] thread [SORT-0]  frame id 100 sorting queue size 0   FPS: 29.8873
I1014 14:53:03.784091  8281 work_thread.hpp:81]  [T-Work-Recog_0] Run work: WorkCompare
I1014 14:53:03.784750  8281 work_compare.cpp:76] Compare face: 0 successed, similarity :0.984588, name : images/ThangLMb.jpg, normal size : 1548 * 1719!
I1014 14:53:03.789983  8277 demo_inner.hpp:177] decode queue size 0
I1014 14:53:03.790064  8280 work_thread.hpp:81]  [T-Work-Detect_0] Run work: WorkDetect
I1014 14:53:03.790096  8280 work_detect.cpp:102] Succeeded to add det start for frame 101
I1014 14:53:03.796931  8280 work_detect.cpp:70] Frame :101 detect result :1 face(s)
I1014 14:53:03.796977  8280 work_detect.cpp:86] Detected bbox: [181 x 219 from (306, 69)]
I1014 14:53:03.797021  8280 work_detect.cpp:120] Succeeded to add det end for frame 101
I1014 14:53:03.797039  8280 work_thread.hpp:81]  [T-Work-Detect_0] Run work: WrokTrack
I1014 14:53:03.797063  8280 work_track.cpp:82] Frame: 101 build input_characts: [0.282813 x 0.608333 from (0.478125, 0.191667)], 0.997596, 0
I1014 14:53:03.797117  8280 work_track.cpp:102] Succeeded to set track lock for frame 101
I1014 14:53:03.797178  8280 work_track.cpp:116] Succeeded to release track lock for frame 101
I1014 14:53:03.797194  8280 work_track.cpp:120] Track results of frame 101: 1 objects input, 1 objects tracked!
I1014 14:53:03.797211  8280 work_track.cpp:148] Frame: 101, track bbox: [181 x 219 from (306.878, 65.9112)], gid: 0, lid: 0
I1014 14:53:03.797248  8280 work_thread.hpp:87]  [T-Work-Detect_0] Frame :101 split
I1014 14:53:03.797266  8280 work_thread.hpp:120]  [T-Work-Detect_0] Valid piece: gid = 0
I1014 14:53:03.797283  8280 work_thread.hpp:91]  [T-Work-Detect_0] Push to split queue:recog
I1014 14:53:03.797338  8282 work_thread.hpp:81]  [T-Work-Recog_1] Run work: WorkCapture
I1014 14:53:03.797642  8283 thread_intergrate.hpp:78] [T-Intergrate-intergrate] queue: frame output frame :101
I1014 14:53:03.797669  8283 thread_intergrate.hpp:85] [T-Intergrate-intergrate] queue: compare output face:0
I1014 14:53:03.797688  8283 thread_intergrate.hpp:144] T-Intergrate-intergrate set matched face: 0
I1014 14:53:03.797891  8282 work_thread.hpp:81]  [T-Work-Recog_1] Run work: WorkRecog
I1014 14:53:03.797914  8282 work_recog.hpp:89] Face id: 0 will run recog: bbox [181 x 219 from (306, 69)] quality: 0.458253
I1014 14:53:03.797942  8282 work_recog.hpp:96] Recog pair: [264 x 312 from (264, 24)], [181 x 219 from (42, 45)]
I1014 14:53:03.799201  8283 thread_intergrate.hpp:164] T-Intergrate-intergrate Show face :0, size :640 * 360
I1014 14:53:03.799855  8279 demo_inner.hpp:435] thread [SORT-0]  frame id 101 sorting queue size 1   FPS: 29.8581
I1014 14:53:03.809768  8278 demo_inner.hpp:260]  gui queue size 1, state = running
I1014 14:53:03.815985  8282 work_thread.hpp:81]  [T-Work-Recog_1] Run work: WorkCompare
I1014 14:53:03.816470  8282 work_compare.cpp:76] Compare face: 0 successed, similarity :0.988383, name : images/ThangLMb.jpg, normal size : 1548 * 1719!
I1014 14:53:03.818599  8277 demo_inner.hpp:177] decode queue size 0
I1014 14:53:03.818666  8280 work_thread.hpp:81]  [T-Work-Detect_0] Run work: WorkDetect
I1014 14:53:03.818698  8280 work_detect.cpp:102] Succeeded to add det start for frame 102
I1014 14:53:03.825558  8280 work_detect.cpp:70] Frame :102 detect result :1 face(s)
I1014 14:53:03.825604  8280 work_detect.cpp:86] Detected bbox: [181 x 227 from (305, 86)]
I1014 14:53:03.825647  8280 work_detect.cpp:120] Succeeded to add det end for frame 102
I1014 14:53:03.825664  8280 work_thread.hpp:81]  [T-Work-Detect_0] Run work: WrokTrack
I1014 14:53:03.825688  8280 work_track.cpp:82] Frame: 102 build input_characts: [0.282813 x 0.630556 from (0.476562, 0.238889)], 1.00019, 0
I1014 14:53:03.825744  8280 work_track.cpp:102] Succeeded to set track lock for frame 102
I1014 14:53:03.825783  8280 work_track.cpp:116] Succeeded to release track lock for frame 102
I1014 14:53:03.825798  8280 work_track.cpp:120] Track results of frame 102: 1 objects input, 1 objects tracked!
I1014 14:53:03.825889  8280 work_track.cpp:148] Frame: 102, track bbox: [181 x 227 from (305.844, 76.1394)], gid: 0, lid: 0
I1014 14:53:03.825928  8280 work_thread.hpp:87]  [T-Work-Detect_0] Frame :102 split
I1014 14:53:03.825948  8280 work_thread.hpp:120]  [T-Work-Detect_0] Valid piece: gid = 0
I1014 14:53:03.825966  8280 work_thread.hpp:91]  [T-Work-Detect_0] Push to split queue:recog
I1014 14:53:03.826020  8282 work_thread.hpp:81]  [T-Work-Recog_1] Run work: WorkCapture
I1014 14:53:03.826328  8283 thread_intergrate.hpp:78] [T-Intergrate-intergrate] queue: frame output frame :102
I1014 14:53:03.826354  8283 thread_intergrate.hpp:85] [T-Intergrate-intergrate] queue: compare output face:0
I1014 14:53:03.826373  8283 thread_intergrate.hpp:144] T-Intergrate-intergrate set matched face: 0
I1014 14:53:03.826583  8282 work_thread.hpp:81]  [T-Work-Recog_1] Run work: WorkRecog
I1014 14:53:03.826606  8282 work_recog.hpp:89] Face id: 0 will run recog: bbox [181 x 227 from (305, 86)] quality: 0.47445
I1014 14:53:03.826637  8282 work_recog.hpp:96] Recog pair: [264 x 320 from (264, 40)], [181 x 227 from (41, 46)]
I1014 14:53:03.828049  8283 thread_intergrate.hpp:164] T-Intergrate-intergrate Show face :0, size :640 * 360
I1014 14:53:03.828678  8279 demo_inner.hpp:435] thread [SORT-0]  frame id 102 sorting queue size 0   FPS: 29.9607
I1014 14:53:03.844244  8282 work_thread.hpp:81]  [T-Work-Recog_1] Run work: WorkCompare
I1014 14:53:03.844707  8282 work_compare.cpp:76] Compare face: 0 successed, similarity :0.987564, name : images/ThangLMb.jpg, normal size : 1548 * 1719!
I1014 14:53:03.854248  8277 demo_inner.hpp:177] decode queue size 0
I1014 14:53:03.854352  8280 work_thread.hpp:81]  [T-Work-Detect_0] Run work: WorkDetect
I1014 14:53:03.854387  8280 work_detect.cpp:102] Succeeded to add det start for frame 103
I1014 14:53:03.861335  8280 work_detect.cpp:70] Frame :103 detect result :1 face(s)
I1014 14:53:03.861379  8280 work_detect.cpp:86] Detected bbox: [190 x 233 from (303, 79)]
I1014 14:53:03.861421  8280 work_detect.cpp:120] Succeeded to add det end for frame 103
I1014 14:53:03.861438  8280 work_thread.hpp:81]  [T-Work-Detect_0] Run work: WrokTrack
I1014 14:53:03.861464  8280 work_track.cpp:82] Frame: 103 build input_characts: [0.296875 x 0.647222 from (0.473437, 0.219444)], 1.00019, 0
I1014 14:53:03.861518  8280 work_track.cpp:102] Succeeded to set track lock for frame 103
I1014 14:53:03.861557  8280 work_track.cpp:116] Succeeded to release track lock for frame 103
I1014 14:53:03.861572  8280 work_track.cpp:120] Track results of frame 103: 1 objects input, 1 objects tracked!
I1014 14:53:03.861589  8280 work_track.cpp:148] Frame: 103, track bbox: [190 x 233 from (302.214, 78.8531)], gid: 0, lid: 0
I1014 14:53:03.861625  8280 work_thread.hpp:87]  [T-Work-Detect_0] Frame :103 split
I1014 14:53:03.861644  8280 work_thread.hpp:120]  [T-Work-Detect_0] Valid piece: gid = 0
I1014 14:53:03.861661  8280 work_thread.hpp:91]  [T-Work-Detect_0] Push to split queue:recog
I1014 14:53:03.861709  8282 work_thread.hpp:81]  [T-Work-Recog_1] Run work: WorkCapture
I1014 14:53:03.862010  8283 thread_intergrate.hpp:78] [T-Intergrate-intergrate] queue: frame output frame :103
I1014 14:53:03.862036  8283 thread_intergrate.hpp:85] [T-Intergrate-intergrate] queue: compare output face:0
I1014 14:53:03.862054  8283 thread_intergrate.hpp:144] T-Intergrate-intergrate set matched face: 0
I1014 14:53:03.862272  8282 work_thread.hpp:81]  [T-Work-Recog_1] Run work: WorkRecog
I1014 14:53:03.862298  8282 work_recog.hpp:89] Face id: 0 will run recog: bbox [190 x 233 from (303, 79)] quality: 0.479877
I1014 14:53:03.862327  8282 work_recog.hpp:96] Recog pair: [272 x 328 from (264, 32)], [190 x 233 from (39, 47)]
I1014 14:53:03.863756  8283 thread_intergrate.hpp:164] T-Intergrate-intergrate Show face :0, size :640 * 360
I1014 14:53:03.864387  8279 demo_inner.hpp:435] thread [SORT-0]  frame id 103 sorting queue size 1   FPS: 29.8873
I1014 14:53:03.880091  8282 work_thread.hpp:81]  [T-Work-Recog_1] Run work: WorkCompare
I1014 14:53:03.880576  8282 work_compare.cpp:76] Compare face: 0 successed, similarity :0.992541, name : images/ThangLMb.jpg, normal size : 1548 * 1719!
I1014 14:53:03.882184  8278 demo_inner.hpp:260]  gui queue size 1, state = running
I1014 14:53:03.884742  8277 demo_inner.hpp:177] decode queue size 0
I1014 14:53:03.884863  8280 work_thread.hpp:81]  [T-Work-Detect_0] Run work: WorkDetect
I1014 14:53:03.884904  8280 work_detect.cpp:102] Succeeded to add det start for frame 104
I1014 14:53:03.891804  8280 work_detect.cpp:70] Frame :104 detect result :1 face(s)
I1014 14:53:03.891851  8280 work_detect.cpp:86] Detected bbox: [195 x 237 from (302, 82)]
I1014 14:53:03.891896  8280 work_detect.cpp:120] Succeeded to add det end for frame 104
I1014 14:53:03.891911  8280 work_thread.hpp:81]  [T-Work-Detect_0] Run work: WrokTrack
I1014 14:53:03.891937  8280 work_track.cpp:82] Frame: 104 build input_characts: [0.304688 x 0.658333 from (0.471875, 0.227778)], 1.00019, 0
I1014 14:53:03.891991  8280 work_track.cpp:102] Succeeded to set track lock for frame 104
I1014 14:53:03.892032  8280 work_track.cpp:116] Succeeded to release track lock for frame 104
I1014 14:53:03.892047  8280 work_track.cpp:120] Track results of frame 104: 1 objects input, 1 objects tracked!
I1014 14:53:03.892066  8280 work_track.cpp:148] Frame: 104, track bbox: [195 x 237 from (301.223, 82.5454)], gid: 0, lid: 0
I1014 14:53:03.892102  8280 work_thread.hpp:87]  [T-Work-Detect_0] Frame :104 split
I1014 14:53:03.892119  8280 work_thread.hpp:120]  [T-Work-Detect_0] Valid piece: gid = 0
I1014 14:53:03.892138  8280 work_thread.hpp:91]  [T-Work-Detect_0] Push to split queue:recog
I1014 14:53:03.892205  8281 work_thread.hpp:81]  [T-Work-Recog_0] Run work: WorkCapture
I1014 14:53:03.892208  8283 thread_intergrate.hpp:78] [T-Intergrate-intergrate] queue: frame output frame :104
I1014 14:53:03.892237  8283 thread_intergrate.hpp:85] [T-Intergrate-intergrate] queue: compare output face:0
I1014 14:53:03.892257  8283 thread_intergrate.hpp:144] T-Intergrate-intergrate set matched face: 0
I1014 14:53:03.892870  8281 work_thread.hpp:81]  [T-Work-Recog_0] Run work: WorkRecog
I1014 14:53:03.892904  8281 work_recog.hpp:89] Face id: 0 will run recog: bbox [195 x 237 from (302, 82)] quality: 0.465943
I1014 14:53:03.892961  8281 work_recog.hpp:96] Recog pair: [280 x 328 from (256, 32)], [195 x 237 from (46, 50)]
I1014 14:53:03.893865  8283 thread_intergrate.hpp:164] T-Intergrate-intergrate Show face :0, size :640 * 360
I1014 14:53:03.894398  8279 demo_inner.hpp:435] thread [SORT-0]  frame id 104 sorting queue size 0   FPS: 29.9754
I1014 14:53:03.911201  8281 work_thread.hpp:81]  [T-Work-Recog_0] Run work: WorkCompare
I1014 14:53:03.911918  8281 work_compare.cpp:76] Compare face: 0 successed, similarity :0.994224, name : images/ThangLMb.jpg, normal size : 1548 * 1719!
I1014 14:53:03.920377  8277 demo_inner.hpp:177] decode queue size 0
I1014 14:53:03.920477  8280 work_thread.hpp:81]  [T-Work-Detect_0] Run work: WorkDetect
I1014 14:53:03.920511  8280 work_detect.cpp:102] Succeeded to add det start for frame 105
I1014 14:53:03.927322  8280 work_detect.cpp:70] Frame :105 detect result :1 face(s)
I1014 14:53:03.927374  8280 work_detect.cpp:86] Detected bbox: [191 x 233 from (303, 79)]
I1014 14:53:03.927417  8280 work_detect.cpp:120] Succeeded to add det end for frame 105
I1014 14:53:03.927434  8280 work_thread.hpp:81]  [T-Work-Detect_0] Run work: WrokTrack
I1014 14:53:03.927459  8280 work_track.cpp:82] Frame: 105 build input_characts: [0.298438 x 0.647222 from (0.473437, 0.219444)], 1.00019, 0
I1014 14:53:03.927515  8280 work_track.cpp:102] Succeeded to set track lock for frame 105
I1014 14:53:03.927553  8280 work_track.cpp:116] Succeeded to release track lock for frame 105
I1014 14:53:03.927568  8280 work_track.cpp:120] Track results of frame 105: 1 objects input, 1 objects tracked!
I1014 14:53:03.927585  8280 work_track.cpp:148] Frame: 105, track bbox: [191 x 233 from (303.542, 85.0423)], gid: 0, lid: 0
I1014 14:53:03.927621  8280 work_thread.hpp:87]  [T-Work-Detect_0] Frame :105 split
I1014 14:53:03.927639  8280 work_thread.hpp:120]  [T-Work-Detect_0] Valid piece: gid = 0
I1014 14:53:03.927728  8280 work_thread.hpp:91]  [T-Work-Detect_0] Push to split queue:recog
I1014 14:53:03.927781  8282 work_thread.hpp:81]  [T-Work-Recog_1] Run work: WorkCapture
I1014 14:53:03.928087  8283 thread_intergrate.hpp:78] [T-Intergrate-intergrate] queue: frame output frame :105
I1014 14:53:03.928114  8283 thread_intergrate.hpp:85] [T-Intergrate-intergrate] queue: compare output face:0
I1014 14:53:03.928133  8283 thread_intergrate.hpp:144] T-Intergrate-intergrate set matched face: 0
I1014 14:53:03.928345  8282 work_thread.hpp:81]  [T-Work-Recog_1] Run work: WorkRecog
I1014 14:53:03.928370  8282 work_recog.hpp:89] Face id: 0 will run recog: bbox [191 x 233 from (303, 79)] quality: 0.46828
I1014 14:53:03.928402  8282 work_recog.hpp:96] Recog pair: [272 x 328 from (264, 32)], [191 x 233 from (39, 47)]
I1014 14:53:03.929850  8283 thread_intergrate.hpp:164] T-Intergrate-intergrate Show face :0, size :640 * 360
I1014 14:53:03.930451  8279 demo_inner.hpp:435] thread [SORT-0]  frame id 105 sorting queue size 1   FPS: 29.8873
I1014 14:53:03.945981  8282 work_thread.hpp:81]  [T-Work-Recog_1] Run work: WorkCompare
I1014 14:53:03.946446  8282 work_compare.cpp:76] Compare face: 0 successed, similarity :0.992275, name : images/ThangLMb.jpg, normal size : 1548 * 1719!
I1014 14:53:03.956213  8277 demo_inner.hpp:177] decode queue size 0
I1014 14:53:03.956310  8280 work_thread.hpp:81]  [T-Work-Detect_0] Run work: WorkDetect
I1014 14:53:03.956346  8280 work_detect.cpp:102] Succeeded to add det start for frame 106
I1014 14:53:03.963234  8280 work_detect.cpp:70] Frame :106 detect result :1 face(s)
I1014 14:53:03.963280  8280 work_detect.cpp:86] Detected bbox: [194 x 238 from (303, 79)]
I1014 14:53:03.963325  8280 work_detect.cpp:120] Succeeded to add det end for frame 106
I1014 14:53:03.963341  8280 work_thread.hpp:81]  [T-Work-Detect_0] Run work: WrokTrack
I1014 14:53:03.963366  8280 work_track.cpp:82] Frame: 106 build input_characts: [0.303125 x 0.661111 from (0.473437, 0.219444)], 1.00019, 0
I1014 14:53:03.963420  8280 work_track.cpp:102] Succeeded to set track lock for frame 106
I1014 14:53:03.963459  8280 work_track.cpp:116] Succeeded to release track lock for frame 106
I1014 14:53:03.963474  8280 work_track.cpp:120] Track results of frame 106: 1 objects input, 1 objects tracked!
I1014 14:53:03.963492  8280 work_track.cpp:148] Frame: 106, track bbox: [194 x 238 from (303.016, 82.0487)], gid: 0, lid: 0
I1014 14:53:03.963528  8280 work_thread.hpp:87]  [T-Work-Detect_0] Frame :106 split
I1014 14:53:03.963546  8280 work_thread.hpp:120]  [T-Work-Detect_0] Valid piece: gid = 0
I1014 14:53:03.963564  8280 work_thread.hpp:91]  [T-Work-Detect_0] Push to split queue:recog
I1014 14:53:03.963613  8282 work_thread.hpp:81]  [T-Work-Recog_1] Run work: WorkCapture
I1014 14:53:03.963912  8283 thread_intergrate.hpp:78] [T-Intergrate-intergrate] queue: frame output frame :106
I1014 14:53:03.963938  8283 thread_intergrate.hpp:85] [T-Intergrate-intergrate] queue: compare output face:0
I1014 14:53:03.963958  8283 thread_intergrate.hpp:144] T-Intergrate-intergrate set matched face: 0
I1014 14:53:03.964192  8282 work_thread.hpp:81]  [T-Work-Recog_1] Run work: WorkRecog
I1014 14:53:03.964216  8282 work_recog.hpp:89] Face id: 0 will run recog: bbox [194 x 238 from (303, 79)] quality: 0.475399
I1014 14:53:03.964246  8282 work_recog.hpp:96] Recog pair: [272 x 328 from (264, 32)], [194 x 238 from (39, 47)]
I1014 14:53:03.965696  8283 thread_intergrate.hpp:164] T-Intergrate-intergrate Show face :0, size :640 * 360
I1014 14:53:03.966320  8279 demo_inner.hpp:435] thread [SORT-0]  frame id 106 sorting queue size 2   FPS: 29.8873
I1014 14:53:03.977486  8278 demo_inner.hpp:260]  gui queue size 2, state = running
I1014 14:53:03.982486  8282 work_thread.hpp:81]  [T-Work-Recog_1] Run work: WorkCompare
I1014 14:53:03.982956  8282 work_compare.cpp:76] Compare face: 0 successed, similarity :0.994368, name : images/ThangLMb.jpg, normal size : 1548 * 1719!
I1014 14:53:03.986505  8277 demo_inner.hpp:177] decode queue size 0
I1014 14:53:03.986650  8280 work_thread.hpp:81]  [T-Work-Detect_0] Run work: WorkDetect
I1014 14:53:03.986682  8280 work_detect.cpp:102] Succeeded to add det start for frame 107
I1014 14:53:03.993707  8280 work_detect.cpp:70] Frame :107 detect result :1 face(s)
I1014 14:53:03.993755  8280 work_detect.cpp:86] Detected bbox: [194 x 233 from (303, 66)]
I1014 14:53:03.993801  8280 work_detect.cpp:120] Succeeded to add det end for frame 107
I1014 14:53:03.993818  8280 work_thread.hpp:81]  [T-Work-Detect_0] Run work: WrokTrack
I1014 14:53:03.993842  8280 work_track.cpp:82] Frame: 107 build input_characts: [0.303125 x 0.647222 from (0.473437, 0.183333)], 1.00035, 0
I1014 14:53:03.993897  8280 work_track.cpp:102] Succeeded to set track lock for frame 107
I1014 14:53:03.993937  8280 work_track.cpp:116] Succeeded to release track lock for frame 107
I1014 14:53:03.993950  8280 work_track.cpp:120] Track results of frame 107: 1 objects input, 1 objects tracked!
I1014 14:53:03.993968  8280 work_track.cpp:148] Frame: 107, track bbox: [194 x 233 from (303.523, 72.8568)], gid: 0, lid: 0
I1014 14:53:03.994004  8280 work_thread.hpp:87]  [T-Work-Detect_0] Frame :107 split
I1014 14:53:03.994021  8280 work_thread.hpp:120]  [T-Work-Detect_0] Valid piece: gid = 0
I1014 14:53:03.994040  8280 work_thread.hpp:91]  [T-Work-Detect_0] Push to split queue:recog
I1014 14:53:03.994087  8281 work_thread.hpp:81]  [T-Work-Recog_0] Run work: WorkCapture
I1014 14:53:03.994091  8283 thread_intergrate.hpp:78] [T-Intergrate-intergrate] queue: frame output frame :107
I1014 14:53:03.994133  8283 thread_intergrate.hpp:85] [T-Intergrate-intergrate] queue: compare output face:0
I1014 14:53:03.994153  8283 thread_intergrate.hpp:144] T-Intergrate-intergrate set matched face: 0
I1014 14:53:03.995036  8281 work_thread.hpp:81]  [T-Work-Recog_0] Run work: WorkRecog
I1014 14:53:03.995066  8281 work_recog.hpp:89] Face id: 0 will run recog: bbox [194 x 233 from (303, 66)] quality: 0.475446
I1014 14:53:03.995102  8281 work_recog.hpp:96] Recog pair: [272 x 336 from (264, 16)], [194 x 233 from (39, 50)]
I1014 14:53:03.995784  8283 thread_intergrate.hpp:164] T-Intergrate-intergrate Show face :0, size :640 * 360
I1014 14:53:03.996333  8279 demo_inner.hpp:435] thread [SORT-0]  frame id 107 sorting queue size 0   FPS: 29.9754
I1014 14:53:04.013018  8281 work_thread.hpp:81]  [T-Work-Recog_0] Run work: WorkCompare
I1014 14:53:04.013556  8281 work_compare.cpp:76] Compare face: 0 successed, similarity :0.995212, name : images/ThangLMb.jpg, normal size : 1548 * 1719!
I1014 14:53:04.022253  8277 demo_inner.hpp:177] decode queue size 0
I1014 14:53:04.022356  8280 work_thread.hpp:81]  [T-Work-Detect_0] Run work: WorkDetect
I1014 14:53:04.022388  8280 work_detect.cpp:102] Succeeded to add det start for frame 108
I1014 14:53:04.029371  8280 work_detect.cpp:70] Frame :108 detect result :2 face(s)
I1014 14:53:04.029417  8280 work_detect.cpp:86] Detected bbox: [188 x 227 from (303, 67)]
I1014 14:53:04.029450  8280 work_detect.cpp:86] Detected bbox: [111 x 129 from (362, 192)]
I1014 14:53:04.029482  8280 work_detect.cpp:120] Succeeded to add det end for frame 108
I1014 14:53:04.029498  8280 work_thread.hpp:81]  [T-Work-Detect_0] Run work: WrokTrack
I1014 14:53:04.029523  8280 work_track.cpp:82] Frame: 108 build input_characts: [0.29375 x 0.630556 from (0.473437, 0.186111)], 1.00035, 0
I1014 14:53:04.029574  8280 work_track.cpp:82] Frame: 108 build input_characts: [0.173438 x 0.358333 from (0.565625, 0.533333)], 0.943585, 1
I1014 14:53:04.029608  8280 work_track.cpp:102] Succeeded to set track lock for frame 108
I1014 14:53:04.029654  8280 work_track.cpp:116] Succeeded to release track lock for frame 108
I1014 14:53:04.029669  8280 work_track.cpp:120] Track results of frame 108: 2 objects input, 1 objects tracked!
I1014 14:53:04.029686  8280 work_track.cpp:148] Frame: 108, track bbox: [188 x 227 from (304.717, 69.5485)], gid: 0, lid: 0
I1014 14:53:04.029721  8280 work_track.cpp:162] Frame: 108 lid: 1 not tracked, will set invalid
I1014 14:53:04.029737  8280 work_thread.hpp:87]  [T-Work-Detect_0] Frame :108 split
I1014 14:53:04.029826  8280 work_thread.hpp:120]  [T-Work-Detect_0] Valid piece: gid = 0
I1014 14:53:04.029847  8280 work_thread.hpp:126]  [T-Work-Detect_0] Invalid piece: lid = 1, drop it
I1014 14:53:04.029863  8280 work_thread.hpp:91]  [T-Work-Detect_0] Push to split queue:recog
I1014 14:53:04.029911  8282 work_thread.hpp:81]  [T-Work-Recog_1] Run work: WorkCapture
I1014 14:53:04.030217  8283 thread_intergrate.hpp:78] [T-Intergrate-intergrate] queue: frame output frame :108
I1014 14:53:04.030243  8283 thread_intergrate.hpp:85] [T-Intergrate-intergrate] queue: compare output face:0
I1014 14:53:04.030262  8283 thread_intergrate.hpp:144] T-Intergrate-intergrate set matched face: 0
I1014 14:53:04.030473  8282 work_thread.hpp:81]  [T-Work-Recog_1] Run work: WorkRecog
I1014 14:53:04.030498  8282 work_recog.hpp:89] Face id: 0 will run recog: bbox [188 x 227 from (303, 67)] quality: 0.477221
I1014 14:53:04.030527  8282 work_recog.hpp:96] Recog pair: [264 x 328 from (264, 16)], [188 x 227 from (39, 51)]
I1014 14:53:04.031958  8283 thread_intergrate.hpp:164] T-Intergrate-intergrate Show face :0, size :640 * 360
I1014 14:53:04.032600  8279 demo_inner.hpp:435] thread [SORT-0]  frame id 108 sorting queue size 1   FPS: 29.8873
I1014 14:53:04.044651  8278 demo_inner.hpp:260]  gui queue size 1, state = running
I1014 14:53:04.048868  8282 work_thread.hpp:81]  [T-Work-Recog_1] Run work: WorkCompare
I1014 14:53:04.049337  8282 work_compare.cpp:76] Compare face: 0 successed, similarity :0.977013, name : images/ThangLMb.jpg, normal size : 1548 * 1719!
I1014 14:53:04.052464  8277 demo_inner.hpp:177] decode queue size 0
I1014 14:53:04.052541  8280 work_thread.hpp:81]  [T-Work-Detect_0] Run work: WorkDetect
I1014 14:53:04.052573  8280 work_detect.cpp:102] Succeeded to add det start for frame 109
I1014 14:53:04.059564  8280 work_detect.cpp:70] Frame :109 detect result :2 face(s)
I1014 14:53:04.059608  8280 work_detect.cpp:86] Detected bbox: [192 x 236 from (303, 59)]
I1014 14:53:04.059643  8280 work_detect.cpp:86] Detected bbox: [111 x 129 from (362, 192)]
I1014 14:53:04.059674  8280 work_detect.cpp:120] Succeeded to add det end for frame 109
I1014 14:53:04.059689  8280 work_thread.hpp:81]  [T-Work-Detect_0] Run work: WrokTrack
I1014 14:53:04.059713  8280 work_track.cpp:82] Frame: 109 build input_characts: [0.3 x 0.655556 from (0.473437, 0.163889)], 1.00019, 0
I1014 14:53:04.059765  8280 work_track.cpp:82] Frame: 109 build input_characts: [0.173438 x 0.358333 from (0.565625, 0.533333)], 0.947545, 1
I1014 14:53:04.059799  8280 work_track.cpp:102] Succeeded to set track lock for frame 109
I1014 14:53:04.059845  8280 work_track.cpp:116] Succeeded to release track lock for frame 109
I1014 14:53:04.059860  8280 work_track.cpp:120] Track results of frame 109: 2 objects input, 1 objects tracked!
I1014 14:53:04.059878  8280 work_track.cpp:148] Frame: 109, track bbox: [192 x 236 from (302.466, 58.2806)], gid: 0, lid: 0
I1014 14:53:04.059912  8280 work_track.cpp:162] Frame: 109 lid: 1 not tracked, will set invalid
I1014 14:53:04.059928  8280 work_thread.hpp:87]  [T-Work-Detect_0] Frame :109 split
I1014 14:53:04.059945  8280 work_thread.hpp:120]  [T-Work-Detect_0] Valid piece: gid = 0
I1014 14:53:04.059962  8280 work_thread.hpp:126]  [T-Work-Detect_0] Invalid piece: lid = 1, drop it
I1014 14:53:04.059978  8280 work_thread.hpp:91]  [T-Work-Detect_0] Push to split queue:recog
I1014 14:53:04.060029  8283 thread_intergrate.hpp:78] [T-Intergrate-intergrate] queue: frame output frame :109
I1014 14:53:04.060055  8283 thread_intergrate.hpp:85] [T-Intergrate-intergrate] queue: compare output face:0
I1014 14:53:04.060075  8283 thread_intergrate.hpp:144] T-Intergrate-intergrate set matched face: 0
I1014 14:53:04.060073  8281 work_thread.hpp:81]  [T-Work-Recog_0] Run work: WorkCapture
I1014 14:53:04.060828  8281 work_thread.hpp:81]  [T-Work-Recog_0] Run work: WorkRecog
I1014 14:53:04.060863  8281 work_recog.hpp:89] Face id: 0 will run recog: bbox [192 x 236 from (303, 59)] quality: 0.46401
I1014 14:53:04.060897  8281 work_recog.hpp:96] Recog pair: [272 x 336 from (264, 8)], [192 x 236 from (39, 51)]
I1014 14:53:04.061744  8283 thread_intergrate.hpp:164] T-Intergrate-intergrate Show face :0, size :640 * 360
I1014 14:53:04.062281  8279 demo_inner.hpp:435] thread [SORT-0]  frame id 109 sorting queue size 0   FPS: 29.9754
I1014 14:53:04.078928  8281 work_thread.hpp:81]  [T-Work-Recog_0] Run work: WorkCompare
I1014 14:53:04.079393  8281 work_compare.cpp:76] Compare face: 0 successed, similarity :0.991145, name : images/ThangLMb.jpg, normal size : 1548 * 1719!
I1014 14:53:04.089146  8277 demo_inner.hpp:177] decode queue size 0
I1014 14:53:04.089299  8280 work_thread.hpp:81]  [T-Work-Detect_0] Run work: WorkDetect
I1014 14:53:04.089334  8280 work_detect.cpp:102] Succeeded to add det start for frame 110
I1014 14:53:04.096650  8280 work_detect.cpp:70] Frame :110 detect result :2 face(s)
I1014 14:53:04.096699  8280 work_detect.cpp:86] Detected bbox: [192 x 231 from (303, 68)]
I1014 14:53:04.096891  8280 work_detect.cpp:86] Detected bbox: [93 x 108 from (332, 203)]
I1014 14:53:04.096925  8280 work_detect.cpp:120] Succeeded to add det end for frame 110
I1014 14:53:04.096942  8280 work_thread.hpp:81]  [T-Work-Detect_0] Run work: WrokTrack
I1014 14:53:04.096966  8280 work_track.cpp:82] Frame: 110 build input_characts: [0.3 x 0.641667 from (0.473437, 0.188889)], 1.00019, 0
I1014 14:53:04.097018  8280 work_track.cpp:82] Frame: 110 build input_characts: [0.145313 x 0.3 from (0.51875, 0.563889)], 0.915779, 1
I1014 14:53:04.097052  8280 work_track.cpp:102] Succeeded to set track lock for frame 110
I1014 14:53:04.097098  8280 work_track.cpp:116] Succeeded to release track lock for frame 110
I1014 14:53:04.097113  8280 work_track.cpp:120] Track results of frame 110: 2 objects input, 2 objects tracked!
I1014 14:53:04.097131  8280 work_track.cpp:148] Frame: 110, track bbox: [192 x 231 from (302.653, 61.7284)], gid: 0, lid: 0
I1014 14:53:04.097165  8280 work_track.cpp:148] Frame: 110, track bbox: [93 x 108 from (338.485, 202.909)], gid: 1, lid: 1
I1014 14:53:04.097198  8280 work_thread.hpp:87]  [T-Work-Detect_0] Frame :110 split
I1014 14:53:04.097215  8280 work_thread.hpp:120]  [T-Work-Detect_0] Valid piece: gid = 0
I1014 14:53:04.097234  8280 work_thread.hpp:120]  [T-Work-Detect_0] Valid piece: gid = 1
I1014 14:53:04.097250  8280 work_thread.hpp:91]  [T-Work-Detect_0] Push to split queue:recog
I1014 14:53:04.097301  8281 work_thread.hpp:81]  [T-Work-Recog_0] Run work: WorkCapture
I1014 14:53:04.097582  8280 work_thread.hpp:91]  [T-Work-Detect_0] Push to split queue:recog
I1014 14:53:04.097628  8282 work_thread.hpp:81]  [T-Work-Recog_1] Run work: WorkCapture
I1014 14:53:04.097635  8283 thread_intergrate.hpp:78] [T-Intergrate-intergrate] queue: frame output frame :110
I1014 14:53:04.097661  8283 thread_intergrate.hpp:85] [T-Intergrate-intergrate] queue: compare output face:0
I1014 14:53:04.097679  8283 thread_intergrate.hpp:144] T-Intergrate-intergrate set matched face: 0
I1014 14:53:04.098189  8282 work_thread.hpp:81]  [T-Work-Recog_1] Run work: WorkRecog
I1014 14:53:04.098214  8282 work_recog.hpp:89] Face id: 1 will run recog: bbox [93 x 108 from (332, 203)] quality: 0.302387
I1014 14:53:04.098245  8282 work_recog.hpp:96] Recog pair: [136 x 160 from (312, 176)], [93 x 108 from (20, 27)]
I1014 14:53:04.098980  8281 work_thread.hpp:81]  [T-Work-Recog_0] Run work: WorkRecog
I1014 14:53:04.099005  8281 work_recog.hpp:89] Face id: 0 will run recog: bbox [192 x 231 from (303, 68)] quality: 0.48278
I1014 14:53:04.099035  8281 work_recog.hpp:96] Recog pair: [272 x 336 from (264, 16)], [192 x 231 from (39, 52)]
I1014 14:53:04.099236  8283 thread_intergrate.hpp:164] T-Intergrate-intergrate Show face :0, size :640 * 360
I1014 14:53:04.099882  8279 demo_inner.hpp:435] thread [SORT-0]  frame id 110 sorting queue size 1   FPS: 29.8581
I1014 14:53:04.117645  8282 work_thread.hpp:81]  [T-Work-Recog_1] Run work: WorkCompare
I1014 14:53:04.118260  8282 work_compare.cpp:71] Compare face: 1 failed
I1014 14:53:04.118386  8281 work_thread.hpp:81]  [T-Work-Recog_0] Run work: WorkCompare
I1014 14:53:04.118888  8281 work_compare.cpp:76] Compare face: 0 successed, similarity :0.952404, name : images/ThangLMb.jpg, normal size : 1548 * 1719!
I1014 14:53:04.120815  8277 demo_inner.hpp:177] decode queue size 0
I1014 14:53:04.120883  8280 work_thread.hpp:81]  [T-Work-Detect_0] Run work: WorkDetect
I1014 14:53:04.120916  8280 work_detect.cpp:102] Succeeded to add det start for frame 111
I1014 14:53:04.128082  8280 work_detect.cpp:70] Frame :111 detect result :2 face(s)
I1014 14:53:04.128123  8280 work_detect.cpp:86] Detected bbox: [192 x 231 from (299, 65)]
I1014 14:53:04.128154  8280 work_detect.cpp:86] Detected bbox: [121 x 139 from (357, 187)]
I1014 14:53:04.128202  8280 work_detect.cpp:120] Succeeded to add det end for frame 111
I1014 14:53:04.128219  8280 work_thread.hpp:81]  [T-Work-Detect_0] Run work: WrokTrack
I1014 14:53:04.128242  8280 work_track.cpp:82] Frame: 111 build input_characts: [0.3 x 0.641667 from (0.467187, 0.180556)], 1.00019, 0
I1014 14:53:04.128294  8280 work_track.cpp:82] Frame: 111 build input_characts: [0.189063 x 0.386111 from (0.557813, 0.519444)], 0.959643, 1
I1014 14:53:04.128329  8280 work_track.cpp:102] Succeeded to set track lock for frame 111
I1014 14:53:04.128381  8280 work_track.cpp:116] Succeeded to release track lock for frame 111
I1014 14:53:04.128396  8280 work_track.cpp:120] Track results of frame 111: 2 objects input, 2 objects tracked!
I1014 14:53:04.128413  8280 work_track.cpp:148] Frame: 111, track bbox: [192 x 231 from (300.479, 61.8612)], gid: 0, lid: 0
I1014 14:53:04.128448  8280 work_track.cpp:148] Frame: 111, track bbox: [93 x 108 from (318.987, 203.16)], gid: 1, lid: -1
I1014 14:53:04.128479  8280 work_track.cpp:162] Frame: 111 lid: 1 not tracked, will set invalid
I1014 14:53:04.128495  8280 work_thread.hpp:87]  [T-Work-Detect_0] Frame :111 split
I1014 14:53:04.128511  8280 work_thread.hpp:120]  [T-Work-Detect_0] Valid piece: gid = 0
I1014 14:53:04.128530  8280 work_thread.hpp:126]  [T-Work-Detect_0] Invalid piece: lid = 1, drop it
I1014 14:53:04.128545  8280 work_thread.hpp:91]  [T-Work-Detect_0] Push to split queue:recog
I1014 14:53:04.128585  8281 work_thread.hpp:81]  [T-Work-Recog_0] Run work: WorkCapture
I1014 14:53:04.128602  8283 thread_intergrate.hpp:78] [T-Intergrate-intergrate] queue: frame output frame :111
I1014 14:53:04.128625  8283 thread_intergrate.hpp:85] [T-Intergrate-intergrate] queue: compare output face:0
I1014 14:53:04.128644  8283 thread_intergrate.hpp:144] T-Intergrate-intergrate set matched face: 0
I1014 14:53:04.129189  8281 work_thread.hpp:81]  [T-Work-Recog_0] Run work: WorkRecog
I1014 14:53:04.129215  8281 work_recog.hpp:89] Face id: 0 will run recog: bbox [192 x 231 from (299, 65)] quality: 0.476425
I1014 14:53:04.129246  8281 work_recog.hpp:96] Recog pair: [280 x 328 from (256, 16)], [192 x 231 from (43, 49)]
I1014 14:53:04.130118  8283 thread_intergrate.hpp:164] T-Intergrate-intergrate Show face :0, size :640 * 360
I1014 14:53:04.130690  8279 demo_inner.hpp:435] thread [SORT-0]  frame id 111 sorting queue size 2   FPS: 29.9313
I1014 14:53:04.139037  8278 demo_inner.hpp:260]  gui queue size 2, state = running
I1014 14:53:04.147018  8281 work_thread.hpp:81]  [T-Work-Recog_0] Run work: WorkCompare
I1014 14:53:04.147483  8281 work_compare.cpp:76] Compare face: 0 successed, similarity :0.991383, name : images/ThangLMb.jpg, normal size : 1548 * 1719!
I1014 14:53:04.154475  8277 demo_inner.hpp:177] decode queue size 0
I1014 14:53:04.154577  8280 work_thread.hpp:81]  [T-Work-Detect_0] Run work: WorkDetect
I1014 14:53:04.154613  8280 work_detect.cpp:102] Succeeded to add det start for frame 112
I1014 14:53:04.161758  8280 work_detect.cpp:70] Frame :112 detect result :1 face(s)
I1014 14:53:04.161806  8280 work_detect.cpp:86] Detected bbox: [188 x 225 from (306, 71)]
I1014 14:53:04.161849  8280 work_detect.cpp:120] Succeeded to add det end for frame 112
I1014 14:53:04.161866  8280 work_thread.hpp:81]  [T-Work-Detect_0] Run work: WrokTrack
I1014 14:53:04.161891  8280 work_track.cpp:82] Frame: 112 build input_characts: [0.29375 x 0.625 from (0.478125, 0.197222)], 1.00035, 0
I1014 14:53:04.162019  8280 work_track.cpp:102] Succeeded to set track lock for frame 112
I1014 14:53:04.162065  8280 work_track.cpp:116] Succeeded to release track lock for frame 112
I1014 14:53:04.162079  8280 work_track.cpp:120] Track results of frame 112: 1 objects input, 1 objects tracked!
I1014 14:53:04.162097  8280 work_track.cpp:148] Frame: 112, track bbox: [188 x 225 from (303.924, 69.5814)], gid: 0, lid: 0
I1014 14:53:04.162133  8280 work_thread.hpp:87]  [T-Work-Detect_0] Frame :112 split
I1014 14:53:04.162150  8280 work_thread.hpp:120]  [T-Work-Detect_0] Valid piece: gid = 0
I1014 14:53:04.162168  8280 work_thread.hpp:91]  [T-Work-Detect_0] Push to split queue:recog
I1014 14:53:04.162214  8281 work_thread.hpp:81]  [T-Work-Recog_0] Run work: WorkCapture
I1014 14:53:04.162528  8283 thread_intergrate.hpp:78] [T-Intergrate-intergrate] queue: frame output frame :112
I1014 14:53:04.162556  8283 thread_intergrate.hpp:85] [T-Intergrate-intergrate] queue: compare output face:0
I1014 14:53:04.162575  8283 thread_intergrate.hpp:144] T-Intergrate-intergrate set matched face: 0
I1014 14:53:04.162820  8281 work_thread.hpp:81]  [T-Work-Recog_0] Run work: WorkRecog
I1014 14:53:04.162843  8281 work_recog.hpp:89] Face id: 0 will run recog: bbox [188 x 225 from (306, 71)] quality: 0.46718
I1014 14:53:04.162873  8281 work_recog.hpp:96] Recog pair: [272 x 320 from (264, 24)], [188 x 225 from (42, 47)]
I1014 14:53:04.164309  8283 thread_intergrate.hpp:164] T-Intergrate-intergrate Show face :0, size :640 * 360
I1014 14:53:04.164889  8279 demo_inner.hpp:435] thread [SORT-0]  frame id 112 sorting queue size 0   FPS: 29.8727
I1014 14:53:04.180593  8281 work_thread.hpp:81]  [T-Work-Recog_0] Run work: WorkCompare
I1014 14:53:04.181061  8281 work_compare.cpp:76] Compare face: 0 successed, similarity :0.988935, name : images/ThangLMb.jpg, normal size : 1548 * 1719!
I1014 14:53:04.183671  8278 demo_inner.hpp:260]  gui queue size 0, state = running
I1014 14:53:04.185904  8277 demo_inner.hpp:177] decode queue size 0
I1014 14:53:04.186023  8280 work_thread.hpp:81]  [T-Work-Detect_0] Run work: WorkDetect
I1014 14:53:04.186062  8280 work_detect.cpp:102] Succeeded to add det start for frame 113
I1014 14:53:04.193043  8280 work_detect.cpp:70] Frame :113 detect result :2 face(s)
I1014 14:53:04.193092  8280 work_detect.cpp:86] Detected bbox: [194 x 235 from (300, 61)]
I1014 14:53:04.193125  8280 work_detect.cpp:86] Detected bbox: [122 x 140 from (356, 187)]
I1014 14:53:04.193156  8280 work_detect.cpp:120] Succeeded to add det end for frame 113
I1014 14:53:04.193171  8280 work_thread.hpp:81]  [T-Work-Detect_0] Run work: WrokTrack
I1014 14:53:04.193197  8280 work_track.cpp:82] Frame: 113 build input_characts: [0.303125 x 0.652778 from (0.46875, 0.169444)], 1.00035, 0
I1014 14:53:04.193248  8280 work_track.cpp:82] Frame: 113 build input_characts: [0.190625 x 0.388889 from (0.55625, 0.519444)], 0.981359, 1
I1014 14:53:04.193284  8280 work_track.cpp:102] Succeeded to set track lock for frame 113
I1014 14:53:04.193331  8280 work_track.cpp:116] Succeeded to release track lock for frame 113
I1014 14:53:04.193347  8280 work_track.cpp:120] Track results of frame 113: 2 objects input, 1 objects tracked!
I1014 14:53:04.193364  8280 work_track.cpp:148] Frame: 113, track bbox: [194 x 235 from (300.734, 63.5454)], gid: 0, lid: 0
I1014 14:53:04.193398  8280 work_track.cpp:162] Frame: 113 lid: 1 not tracked, will set invalid
I1014 14:53:04.193414  8280 work_thread.hpp:87]  [T-Work-Detect_0] Frame :113 split
I1014 14:53:04.193430  8280 work_thread.hpp:120]  [T-Work-Detect_0] Valid piece: gid = 0
I1014 14:53:04.193449  8280 work_thread.hpp:126]  [T-Work-Detect_0] Invalid piece: lid = 1, drop it
I1014 14:53:04.193464  8280 work_thread.hpp:91]  [T-Work-Detect_0] Push to split queue:recog
I1014 14:53:04.193509  8282 work_thread.hpp:81]  [T-Work-Recog_1] Run work: WorkCapture
I1014 14:53:04.193820  8283 thread_intergrate.hpp:78] [T-Intergrate-intergrate] queue: frame output frame :113
I1014 14:53:04.193848  8283 thread_intergrate.hpp:85] [T-Intergrate-intergrate] queue: compare output face:0
I1014 14:53:04.193972  8283 thread_intergrate.hpp:144] T-Intergrate-intergrate set matched face: 0
I1014 14:53:04.194069  8282 work_thread.hpp:81]  [T-Work-Recog_1] Run work: WorkRecog
I1014 14:53:04.194092  8282 work_recog.hpp:89] Face id: 0 will run recog: bbox [194 x 235 from (300, 61)] quality: 0.438967
I1014 14:53:04.194121  8282 work_recog.hpp:96] Recog pair: [280 x 336 from (256, 8)], [194 x 235 from (44, 53)]
I1014 14:53:04.195526  8283 thread_intergrate.hpp:164] T-Intergrate-intergrate Show face :0, size :640 * 360
I1014 14:53:04.196208  8279 demo_inner.hpp:435] thread [SORT-0]  frame id 113 sorting queue size 0   FPS: 29.946
I1014 14:53:04.212083  8282 work_thread.hpp:81]  [T-Work-Recog_1] Run work: WorkCompare
I1014 14:53:04.212568  8282 work_compare.cpp:76] Compare face: 0 successed, similarity :0.991995, name : images/ThangLMb.jpg, normal size : 1548 * 1719!
I1014 14:53:04.220564  8277 demo_inner.hpp:177] decode queue size 0
I1014 14:53:04.220677  8280 work_thread.hpp:81]  [T-Work-Detect_0] Run work: WorkDetect
I1014 14:53:04.220715  8280 work_detect.cpp:102] Succeeded to add det start for frame 114
I1014 14:53:04.227851  8280 work_detect.cpp:70] Frame :114 detect result :2 face(s)
I1014 14:53:04.227900  8280 work_detect.cpp:86] Detected bbox: [196 x 239 from (300, 59)]
I1014 14:53:04.227932  8280 work_detect.cpp:86] Detected bbox: [133 x 153 from (351, 183)]
I1014 14:53:04.227963  8280 work_detect.cpp:120] Succeeded to add det end for frame 114
I1014 14:53:04.227979  8280 work_thread.hpp:81]  [T-Work-Detect_0] Run work: WrokTrack
I1014 14:53:04.228003  8280 work_track.cpp:82] Frame: 114 build input_characts: [0.30625 x 0.663889 from (0.46875, 0.163889)], 1.00035, 0
I1014 14:53:04.228057  8280 work_track.cpp:82] Frame: 114 build input_characts: [0.207813 x 0.425 from (0.548437, 0.508333)], 0.969112, 1
I1014 14:53:04.228092  8280 work_track.cpp:102] Succeeded to set track lock for frame 114
I1014 14:53:04.228139  8280 work_track.cpp:116] Succeeded to release track lock for frame 114
I1014 14:53:04.228170  8280 work_track.cpp:120] Track results of frame 114: 2 objects input, 1 objects tracked!
I1014 14:53:04.228191  8280 work_track.cpp:148] Frame: 114, track bbox: [196 x 239 from (299.546, 60.43)], gid: 0, lid: 0
I1014 14:53:04.228226  8280 work_track.cpp:162] Frame: 114 lid: 1 not tracked, will set invalid
I1014 14:53:04.228242  8280 work_thread.hpp:87]  [T-Work-Detect_0] Frame :114 split
I1014 14:53:04.228260  8280 work_thread.hpp:120]  [T-Work-Detect_0] Valid piece: gid = 0
I1014 14:53:04.228277  8280 work_thread.hpp:126]  [T-Work-Detect_0] Invalid piece: lid = 1, drop it
I1014 14:53:04.228292  8280 work_thread.hpp:91]  [T-Work-Detect_0] Push to split queue:recog
I1014 14:53:04.228343  8281 work_thread.hpp:81]  [T-Work-Recog_0] Run work: WorkCapture
I1014 14:53:04.228652  8283 thread_intergrate.hpp:78] [T-Intergrate-intergrate] queue: frame output frame :114
I1014 14:53:04.228679  8283 thread_intergrate.hpp:85] [T-Intergrate-intergrate] queue: compare output face:0
I1014 14:53:04.228698  8283 thread_intergrate.hpp:144] T-Intergrate-intergrate set matched face: 0
I1014 14:53:04.228895  8281 work_thread.hpp:81]  [T-Work-Recog_0] Run work: WorkRecog
I1014 14:53:04.228919  8281 work_recog.hpp:89] Face id: 0 will run recog: bbox [196 x 239 from (300, 59)] quality: 0.450956
I1014 14:53:04.228947  8281 work_recog.hpp:96] Recog pair: [280 x 344 from (256, 8)], [196 x 239 from (44, 51)]
I1014 14:53:04.230422  8283 thread_intergrate.hpp:164] T-Intergrate-intergrate Show face :0, size :640 * 360
I1014 14:53:04.231024  8279 demo_inner.hpp:435] thread [SORT-0]  frame id 114 sorting queue size 1   FPS: 29.9607
I1014 14:53:04.246657  8281 work_thread.hpp:81]  [T-Work-Recog_0] Run work: WorkCompare
I1014 14:53:04.247115  8281 work_compare.cpp:76] Compare face: 0 successed, similarity :0.989812, name : images/ThangLMb.jpg, normal size : 1548 * 1719!
I1014 14:53:04.256384  8277 demo_inner.hpp:177] decode queue size 0
I1014 14:53:04.256518  8280 work_thread.hpp:81]  [T-Work-Detect_0] Run work: WorkDetect
I1014 14:53:04.256633  8280 work_detect.cpp:102] Succeeded to add det start for frame 115
I1014 14:53:04.263810  8280 work_detect.cpp:70] Frame :115 detect result :2 face(s)
I1014 14:53:04.263864  8280 work_detect.cpp:86] Detected bbox: [196 x 238 from (301, 65)]
I1014 14:53:04.263897  8280 work_detect.cpp:86] Detected bbox: [124 x 144 from (355, 185)]
I1014 14:53:04.263929  8280 work_detect.cpp:120] Succeeded to add det end for frame 115
I1014 14:53:04.263945  8280 work_thread.hpp:81]  [T-Work-Detect_0] Run work: WrokTrack
I1014 14:53:04.263970  8280 work_track.cpp:82] Frame: 115 build input_characts: [0.30625 x 0.661111 from (0.470313, 0.180556)], 1.00019, 0
I1014 14:53:04.264024  8280 work_track.cpp:82] Frame: 115 build input_characts: [0.19375 x 0.4 from (0.554688, 0.513889)], 0.972103, 1
I1014 14:53:04.264060  8280 work_track.cpp:102] Succeeded to set track lock for frame 115
I1014 14:53:04.264103  8280 work_track.cpp:116] Succeeded to release track lock for frame 115
I1014 14:53:04.264118  8280 work_track.cpp:120] Track results of frame 115: 2 objects input, 2 objects tracked!
I1014 14:53:04.264137  8280 work_track.cpp:148] Frame: 115, track bbox: [196 x 238 from (300.452, 61.8103)], gid: 0, lid: 0
I1014 14:53:04.264194  8280 work_track.cpp:148] Frame: 115, track bbox: [124 x 144 from (355.109, 186.105)], gid: 2, lid: 1
I1014 14:53:04.264227  8280 work_thread.hpp:87]  [T-Work-Detect_0] Frame :115 split
I1014 14:53:04.264245  8280 work_thread.hpp:120]  [T-Work-Detect_0] Valid piece: gid = 0
I1014 14:53:04.264263  8280 work_thread.hpp:120]  [T-Work-Detect_0] Valid piece: gid = 2
I1014 14:53:04.264281  8280 work_thread.hpp:91]  [T-Work-Detect_0] Push to split queue:recog
I1014 14:53:04.264307  8280 work_thread.hpp:91]  [T-Work-Detect_0] Push to split queue:recog
I1014 14:53:04.264324  8281 work_thread.hpp:81]  [T-Work-Recog_0] Run work: WorkCapture
I1014 14:53:04.264351  8282 work_thread.hpp:81]  [T-Work-Recog_1] Run work: WorkCapture
I1014 14:53:04.264645  8283 thread_intergrate.hpp:78] [T-Intergrate-intergrate] queue: frame output frame :115
I1014 14:53:04.264672  8283 thread_intergrate.hpp:85] [T-Intergrate-intergrate] queue: compare output face:0
I1014 14:53:04.264691  8283 thread_intergrate.hpp:144] T-Intergrate-intergrate set matched face: 0
I1014 14:53:04.264964  8282 work_thread.hpp:81]  [T-Work-Recog_1] Run work: WorkRecog
W1014 14:53:04.264986  8282 work_recog.hpp:118] Face id: 2 has low quality : 0.0944734, no need to recog
I1014 14:53:04.266423  8283 thread_intergrate.hpp:164] T-Intergrate-intergrate Show face :0, size :640 * 360
I1014 14:53:04.266501  8282 work_thread.hpp:81]  [T-Work-Recog_1] Run work: WorkCompare
I1014 14:53:04.266448  8281 work_thread.hpp:81]  [T-Work-Recog_0] Run work: WorkRecog
I1014 14:53:04.266543  8281 work_recog.hpp:89] Face id: 0 will run recog: bbox [196 x 238 from (301, 65)] quality: 0.455604
I1014 14:53:04.266577  8281 work_recog.hpp:96] Recog pair: [280 x 336 from (256, 16)], [196 x 238 from (45, 49)]
I1014 14:53:04.267004  8279 demo_inner.hpp:435] thread [SORT-0]  frame id 115 sorting queue size 2   FPS: 29.8727
I1014 14:53:04.267993  8278 demo_inner.hpp:260]  gui queue size 2, state = running
I1014 14:53:04.284284  8281 work_thread.hpp:81]  [T-Work-Recog_0] Run work: WorkCompare
I1014 14:53:04.284757  8281 work_compare.cpp:76] Compare face: 0 successed, similarity :0.984515, name : images/ThangLMb.jpg, normal size : 1548 * 1719!
I1014 14:53:04.287147  8277 demo_inner.hpp:177] decode queue size 0
I1014 14:53:04.287243  8280 work_thread.hpp:81]  [T-Work-Detect_0] Run work: WorkDetect
I1014 14:53:04.287277  8280 work_detect.cpp:102] Succeeded to add det start for frame 116
I1014 14:53:04.294345  8280 work_detect.cpp:70] Frame :116 detect result :2 face(s)
I1014 14:53:04.294387  8280 work_detect.cpp:86] Detected bbox: [194 x 231 from (304, 65)]
I1014 14:53:04.294420  8280 work_detect.cpp:86] Detected bbox: [101 x 116 from (328, 199)]
I1014 14:53:04.294451  8280 work_detect.cpp:120] Succeeded to add det end for frame 116
I1014 14:53:04.294467  8280 work_thread.hpp:81]  [T-Work-Detect_0] Run work: WrokTrack
I1014 14:53:04.294565  8280 work_track.cpp:82] Frame: 116 build input_characts: [0.303125 x 0.641667 from (0.475, 0.180556)], 1.00019, 0
I1014 14:53:04.294620  8280 work_track.cpp:82] Frame: 116 build input_characts: [0.157813 x 0.322222 from (0.5125, 0.552778)], 0.923714, 1
I1014 14:53:04.294653  8280 work_track.cpp:102] Succeeded to set track lock for frame 116
I1014 14:53:04.294701  8280 work_track.cpp:116] Succeeded to release track lock for frame 116
I1014 14:53:04.294716  8280 work_track.cpp:120] Track results of frame 116: 2 objects input, 2 objects tracked!
I1014 14:53:04.294734  8280 work_track.cpp:148] Frame: 116, track bbox: [194 x 231 from (303.31, 65.5166)], gid: 0, lid: 0
I1014 14:53:04.294770  8280 work_track.cpp:148] Frame: 116, track bbox: [101 x 116 from (346.215, 199.68)], gid: 2, lid: 1
I1014 14:53:04.294801  8280 work_thread.hpp:87]  [T-Work-Detect_0] Frame :116 split
I1014 14:53:04.294818  8280 work_thread.hpp:120]  [T-Work-Detect_0] Valid piece: gid = 0
I1014 14:53:04.294837  8280 work_thread.hpp:120]  [T-Work-Detect_0] Valid piece: gid = 2
I1014 14:53:04.294854  8280 work_thread.hpp:91]  [T-Work-Detect_0] Push to split queue:recog
I1014 14:53:04.294919  8281 work_thread.hpp:81]  [T-Work-Recog_0] Run work: WorkCapture
I1014 14:53:04.295212  8280 work_thread.hpp:91]  [T-Work-Detect_0] Push to split queue:recog
I1014 14:53:04.295260  8282 work_thread.hpp:81]  [T-Work-Recog_1] Run work: WorkCapture
I1014 14:53:04.295537  8281 work_thread.hpp:81]  [T-Work-Recog_0] Run work: WorkRecog
I1014 14:53:04.295560  8281 work_recog.hpp:89] Face id: 0 will run recog: bbox [194 x 231 from (304, 65)] quality: 0.445279
I1014 14:53:04.295588  8281 work_recog.hpp:96] Recog pair: [272 x 328 from (264, 16)], [194 x 231 from (40, 49)]
I1014 14:53:04.296428  8282 work_thread.hpp:81]  [T-Work-Recog_1] Run work: WorkRecog
I1014 14:53:04.296450  8282 work_recog.hpp:89] Face id: 2 will run recog: bbox [101 x 116 from (328, 199)] quality: 0.269317
I1014 14:53:04.296475  8282 work_recog.hpp:96] Recog pair: [152 x 168 from (304, 176)], [101 x 116 from (24, 23)]
I1014 14:53:04.296537  8283 thread_intergrate.hpp:78] [T-Intergrate-intergrate] queue: frame output frame :116
I1014 14:53:04.296566  8283 thread_intergrate.hpp:85] [T-Intergrate-intergrate] queue: compare output face:0
I1014 14:53:04.296586  8283 thread_intergrate.hpp:144] T-Intergrate-intergrate set matched face: 0
I1014 14:53:04.298375  8283 thread_intergrate.hpp:164] T-Intergrate-intergrate Show face :0, size :640 * 360
I1014 14:53:04.298931  8279 demo_inner.hpp:435] thread [SORT-0]  frame id 116 sorting queue size 0   FPS: 29.9313
I1014 14:53:04.316059  8281 work_thread.hpp:81]  [T-Work-Recog_0] Run work: WorkCompare
I1014 14:53:04.316608  8281 work_compare.cpp:76] Compare face: 0 successed, similarity :0.977136, name : images/ThangLMb.jpg, normal size : 1548 * 1719!
