I1014 10:40:47.433162  4110 work_thread.hpp:81]  [T-Work-Detect_0] Run work: WrokTrack
I1014 10:40:47.433187  4110 work_track.cpp:82] Frame: 95 build input_characts: [0.2375 x 0.555556 from (0.30625, 0.372222)], 1.00019, 0
I1014 10:40:47.433236  4110 work_track.cpp:82] Frame: 95 build input_characts: [0.0453125 x 0.15 from (0.7, 0.508333)], 0.967082, 1
I1014 10:40:47.433347  4110 work_track.cpp:102] Succeeded to set track lock for frame 95
I1014 10:40:47.433393  4110 work_track.cpp:116] Succeeded to release track lock for frame 95
I1014 10:40:47.433408  4110 work_track.cpp:120] Track results of frame 95: 2 objects input, 2 objects tracked!
I1014 10:40:47.433425  4110 work_track.cpp:148] Frame: 95, track bbox: [152 x 200 from (196.253, 132.478)], gid: 2, lid: 0
I1014 10:40:47.433459  4110 work_track.cpp:148] Frame: 95, track bbox: [29 x 54 from (448.357, 181.711)], gid: 3, lid: 1
I1014 10:40:47.433492  4110 work_thread.hpp:88]  [T-Work-Detect_0] Frame :95 split
I1014 10:40:47.433509  4110 work_thread.hpp:120]  [T-Work-Detect_0] Valid piece: gid = 2
I1014 10:40:47.433527  4110 work_thread.hpp:120]  [T-Work-Detect_0] Valid piece: gid = 3
I1014 10:40:47.433544  4110 work_thread.hpp:92]  [T-Work-Detect_0] Push to split queue:recog
I1014 10:40:47.433593  4111 work_thread.hpp:81]  [T-Work-Recog_0] Run work: WorkCapture
I1014 10:40:47.433876  4110 work_thread.hpp:92]  [T-Work-Detect_0] Push to split queue:recog
I1014 10:40:47.433910  4112 work_thread.hpp:81]  [T-Work-Recog_1] Run work: WorkCapture
I1014 10:40:47.433951  4113 thread_intergrate.hpp:78] [T-Intergrate-intergrate] queue: frame output frame :95
I1014 10:40:47.433982  4113 thread_intergrate.hpp:85] [T-Intergrate-intergrate] queue: compare output face:2
I1014 10:40:47.434003  4113 thread_intergrate.hpp:134] T-Intergrate-intergrate set matched face: 2
I1014 10:40:47.434242  4111 work_thread.hpp:81]  [T-Work-Recog_0] Run work: WorkRecog
I1014 10:40:47.434274  4111 work_recog.hpp:89] Face id: 2 will run recog: bbox [152 x 200 from (196, 134)] quality: 0.463142
I1014 10:40:47.434320  4111 work_recog.hpp:96] Recog pair: [224 x 272 from (160, 88)], [152 x 200 from (36, 46)]
I1014 10:40:47.434434  4112 work_thread.hpp:81]  [T-Work-Recog_1] Run work: WorkRecog
W1014 10:40:47.434456  4112 work_recog.hpp:118] Face id: 3 has low quality : 0.0133563, no need to recog
I1014 10:40:47.434523  4112 work_thread.hpp:81]  [T-Work-Recog_1] Run work: WorkCompare
I1014 10:40:47.435619  4113 thread_intergrate.hpp:154] T-Intergrate-intergrate Show face :2, size :640 * 360
I1014 10:40:47.436225  4109 demo_inner.hpp:435] thread [SORT-0]  frame id 95 sorting queue size 1   FPS: 30.0049
I1014 10:40:47.451942  4111 work_thread.hpp:81]  [T-Work-Recog_0] Run work: WorkCompare
I1014 10:40:47.452044  4111 work_compare.cpp:76] Compare face: 2 successed, similarity :0.95762, name : images/thanglmb.jpg, normal size : 640 * 360!
I1014 10:40:47.462077  4107 demo_inner.hpp:177] decode queue size 0
I1014 10:40:47.462219  4110 work_thread.hpp:81]  [T-Work-Detect_0] Run work: WorkDetect
I1014 10:40:47.462255  4110 work_detect.cpp:102] Succeeded to add det start for frame 96
I1014 10:40:47.469316  4110 work_detect.cpp:70] Frame :96 detect result :2 face(s)
I1014 10:40:47.469363  4110 work_detect.cpp:86] Detected bbox: [160 x 212 from (194, 128)]
I1014 10:40:47.469396  4110 work_detect.cpp:86] Detected bbox: [30 x 54 from (448, 183)]
I1014 10:40:47.469426  4110 work_detect.cpp:120] Succeeded to add det end for frame 96
I1014 10:40:47.469442  4110 work_thread.hpp:81]  [T-Work-Detect_0] Run work: WrokTrack
I1014 10:40:47.469466  4110 work_track.cpp:82] Frame: 96 build input_characts: [0.25 x 0.588889 from (0.303125, 0.355556)], 0.998681, 0
I1014 10:40:47.469518  4110 work_track.cpp:82] Frame: 96 build input_characts: [0.046875 x 0.15 from (0.7, 0.508333)], 0.959737, 1
I1014 10:40:47.469554  4110 work_track.cpp:102] Succeeded to set track lock for frame 96
I1014 10:40:47.469597  4110 work_track.cpp:116] Succeeded to release track lock for frame 96
I1014 10:40:47.469611  4110 work_track.cpp:120] Track results of frame 96: 2 objects input, 2 objects tracked!
I1014 10:40:47.469630  4110 work_track.cpp:148] Frame: 96, track bbox: [160 x 212 from (192.954, 129.232)], gid: 2, lid: 0
I1014 10:40:47.469662  4110 work_track.cpp:148] Frame: 96, track bbox: [30 x 54 from (447.936, 182.687)], gid: 3, lid: 1
I1014 10:40:47.469766  4110 work_thread.hpp:88]  [T-Work-Detect_0] Frame :96 split
I1014 10:40:47.469786  4110 work_thread.hpp:120]  [T-Work-Detect_0] Valid piece: gid = 2
I1014 10:40:47.469805  4110 work_thread.hpp:120]  [T-Work-Detect_0] Valid piece: gid = 3
I1014 10:40:47.469821  4110 work_thread.hpp:92]  [T-Work-Detect_0] Push to split queue:recog
I1014 10:40:47.469871  4111 work_thread.hpp:81]  [T-Work-Recog_0] Run work: WorkCapture
I1014 10:40:47.470157  4110 work_thread.hpp:92]  [T-Work-Detect_0] Push to split queue:recog
I1014 10:40:47.470192  4112 work_thread.hpp:81]  [T-Work-Recog_1] Run work: WorkCapture
I1014 10:40:47.470211  4113 thread_intergrate.hpp:78] [T-Intergrate-intergrate] queue: frame output frame :96
I1014 10:40:47.470247  4113 thread_intergrate.hpp:85] [T-Intergrate-intergrate] queue: compare output face:2
I1014 10:40:47.470268  4113 thread_intergrate.hpp:134] T-Intergrate-intergrate set matched face: 2
I1014 10:40:47.470434  4111 work_thread.hpp:81]  [T-Work-Recog_0] Run work: WorkRecog
I1014 10:40:47.470456  4111 work_recog.hpp:89] Face id: 2 will run recog: bbox [160 x 212 from (194, 128)] quality: 0.459601
I1014 10:40:47.470484  4111 work_recog.hpp:96] Recog pair: [232 x 280 from (160, 80)], [160 x 212 from (34, 48)]
I1014 10:40:47.470656  4112 work_thread.hpp:81]  [T-Work-Recog_1] Run work: WorkRecog
W1014 10:40:47.470677  4112 work_recog.hpp:118] Face id: 3 has low quality : 0.0238626, no need to recog
I1014 10:40:47.470731  4112 work_thread.hpp:81]  [T-Work-Recog_1] Run work: WorkCompare
I1014 10:40:47.471738  4113 thread_intergrate.hpp:154] T-Intergrate-intergrate Show face :2, size :640 * 360
I1014 10:40:47.472349  4109 demo_inner.hpp:435] thread [SORT-0]  frame id 96 sorting queue size 2   FPS: 29.8873
I1014 10:40:47.488013  4111 work_thread.hpp:81]  [T-Work-Recog_0] Run work: WorkCompare
I1014 10:40:47.488121  4111 work_compare.cpp:76] Compare face: 2 successed, similarity :0.97135, name : images/thanglmb.jpg, normal size : 640 * 360!
I1014 10:40:47.492043  4107 demo_inner.hpp:177] decode queue size 0
I1014 10:40:47.492172  4110 work_thread.hpp:81]  [T-Work-Detect_0] Run work: WorkDetect
I1014 10:40:47.492205  4110 work_detect.cpp:102] Succeeded to add det start for frame 97
I1014 10:40:47.499155  4110 work_detect.cpp:70] Frame :97 detect result :2 face(s)
I1014 10:40:47.499199  4110 work_detect.cpp:86] Detected bbox: [153 x 207 from (197, 130)]
I1014 10:40:47.499231  4110 work_detect.cpp:86] Detected bbox: [29 x 52 from (448, 184)]
I1014 10:40:47.499261  4110 work_detect.cpp:120] Succeeded to add det end for frame 97
I1014 10:40:47.499277  4110 work_thread.hpp:81]  [T-Work-Detect_0] Run work: WrokTrack
I1014 10:40:47.499302  4110 work_track.cpp:82] Frame: 97 build input_characts: [0.239063 x 0.575 from (0.307813, 0.361111)], 1.00019, 0
I1014 10:40:47.499354  4110 work_track.cpp:82] Frame: 97 build input_characts: [0.0453125 x 0.144444 from (0.7, 0.511111)], 0.953864, 1
I1014 10:40:47.499390  4110 work_track.cpp:102] Succeeded to set track lock for frame 97
I1014 10:40:47.499452  4110 work_track.cpp:116] Succeeded to release track lock for frame 97
I1014 10:40:47.499467  4110 work_track.cpp:120] Track results of frame 97: 2 objects input, 2 objects tracked!
I1014 10:40:47.499485  4110 work_track.cpp:148] Frame: 97, track bbox: [153 x 207 from (196.934, 133.685)], gid: 2, lid: 0
I1014 10:40:47.499518  4110 work_track.cpp:148] Frame: 97, track bbox: [29 x 52 from (448.127, 184.307)], gid: 3, lid: 1
I1014 10:40:47.499552  4110 work_thread.hpp:88]  [T-Work-Detect_0] Frame :97 split
I1014 10:40:47.499569  4110 work_thread.hpp:120]  [T-Work-Detect_0] Valid piece: gid = 2
I1014 10:40:47.499588  4110 work_thread.hpp:120]  [T-Work-Detect_0] Valid piece: gid = 3
I1014 10:40:47.499603  4110 work_thread.hpp:92]  [T-Work-Detect_0] Push to split queue:recog
I1014 10:40:47.499629  4110 work_thread.hpp:92]  [T-Work-Detect_0] Push to split queue:recog
I1014 10:40:47.499639  4112 work_thread.hpp:81]  [T-Work-Recog_1] Run work: WorkCapture
I1014 10:40:47.499667  4111 work_thread.hpp:81]  [T-Work-Recog_0] Run work: WorkCapture
I1014 10:40:47.499956  4113 thread_intergrate.hpp:78] [T-Intergrate-intergrate] queue: frame output frame :97
I1014 10:40:47.499984  4113 thread_intergrate.hpp:85] [T-Intergrate-intergrate] queue: compare output face:2
I1014 10:40:47.500003  4113 thread_intergrate.hpp:134] T-Intergrate-intergrate set matched face: 2
I1014 10:40:47.500293  4112 work_thread.hpp:81]  [T-Work-Recog_1] Run work: WorkRecog
I1014 10:40:47.500298  4111 work_thread.hpp:81]  [T-Work-Recog_0] Run work: WorkRecog
I1014 10:40:47.500317  4112 work_recog.hpp:89] Face id: 2 will run recog: bbox [153 x 207 from (197, 130)] quality: 0.454971
W1014 10:40:47.500320  4111 work_recog.hpp:118] Face id: 3 has low quality : 0.0105269, no need to recog
I1014 10:40:47.500346  4112 work_recog.hpp:96] Recog pair: [224 x 272 from (160, 88)], [153 x 207 from (37, 42)]
I1014 10:40:47.500375  4111 work_thread.hpp:81]  [T-Work-Recog_0] Run work: WorkCompare
I1014 10:40:47.501384  4113 thread_intergrate.hpp:154] T-Intergrate-intergrate Show face :2, size :640 * 360
I1014 10:40:47.501921  4109 demo_inner.hpp:435] thread [SORT-0]  frame id 97 sorting queue size 3   FPS: 29.9754
I1014 10:40:47.502430  4108 demo_inner.hpp:260]  gui queue size 3, state = running
I1014 10:40:47.518008  4112 work_thread.hpp:81]  [T-Work-Recog_1] Run work: WorkCompare
I1014 10:40:47.518115  4112 work_compare.cpp:76] Compare face: 2 successed, similarity :0.956999, name : images/thanglmb.jpg, normal size : 640 * 360!
I1014 10:40:47.527978  4107 demo_inner.hpp:177] decode queue size 0
I1014 10:40:47.528084  4110 work_thread.hpp:81]  [T-Work-Detect_0] Run work: WorkDetect
I1014 10:40:47.528120  4110 work_detect.cpp:102] Succeeded to add det start for frame 98
I1014 10:40:47.535229  4110 work_detect.cpp:70] Frame :98 detect result :2 face(s)
I1014 10:40:47.535280  4110 work_detect.cpp:86] Detected bbox: [152 x 201 from (198, 134)]
I1014 10:40:47.535313  4110 work_detect.cpp:86] Detected bbox: [29 x 54 from (448, 183)]
I1014 10:40:47.535346  4110 work_detect.cpp:120] Succeeded to add det end for frame 98
I1014 10:40:47.535362  4110 work_thread.hpp:81]  [T-Work-Detect_0] Run work: WrokTrack
I1014 10:40:47.535385  4110 work_track.cpp:82] Frame: 98 build input_characts: [0.2375 x 0.558333 from (0.309375, 0.372222)], 1.00019, 0
I1014 10:40:47.535436  4110 work_track.cpp:82] Frame: 98 build input_characts: [0.0453125 x 0.15 from (0.7, 0.508333)], 0.962067, 1
I1014 10:40:47.535471  4110 work_track.cpp:102] Succeeded to set track lock for frame 98
I1014 10:40:47.535514  4110 work_track.cpp:116] Succeeded to release track lock for frame 98
I1014 10:40:47.535529  4110 work_track.cpp:120] Track results of frame 98: 2 objects input, 2 objects tracked!
I1014 10:40:47.535547  4110 work_track.cpp:148] Frame: 98, track bbox: [152 x 201 from (197.959, 133.672)], gid: 2, lid: 0
I1014 10:40:47.535581  4110 work_track.cpp:148] Frame: 98, track bbox: [29 x 54 from (448.107, 183.368)], gid: 3, lid: 1
I1014 10:40:47.535614  4110 work_thread.hpp:88]  [T-Work-Detect_0] Frame :98 split
I1014 10:40:47.535631  4110 work_thread.hpp:120]  [T-Work-Detect_0] Valid piece: gid = 2
I1014 10:40:47.535650  4110 work_thread.hpp:120]  [T-Work-Detect_0] Valid piece: gid = 3
I1014 10:40:47.535665  4110 work_thread.hpp:92]  [T-Work-Detect_0] Push to split queue:recog
I1014 10:40:47.535691  4110 work_thread.hpp:92]  [T-Work-Detect_0] Push to split queue:recog
I1014 10:40:47.535703  4112 work_thread.hpp:81]  [T-Work-Recog_1] Run work: WorkCapture
I1014 10:40:47.536248  4112 work_thread.hpp:81]  [T-Work-Recog_1] Run work: WorkRecog
I1014 10:40:47.536273  4112 work_recog.hpp:89] Face id: 2 will run recog: bbox [152 x 201 from (198, 134)] quality: 0.454971
I1014 10:40:47.536300  4112 work_recog.hpp:96] Recog pair: [216 x 272 from (168, 88)], [152 x 201 from (30, 46)]
I1014 10:40:47.536471  4111 work_thread.hpp:81]  [T-Work-Recog_0] Run work: WorkCapture
I1014 10:40:47.536696  4113 thread_intergrate.hpp:78] [T-Intergrate-intergrate] queue: frame output frame :98
I1014 10:40:47.536725  4113 thread_intergrate.hpp:85] [T-Intergrate-intergrate] queue: compare output face:2
I1014 10:40:47.536887  4113 thread_intergrate.hpp:134] T-Intergrate-intergrate set matched face: 2
I1014 10:40:47.536947  4111 work_thread.hpp:81]  [T-Work-Recog_0] Run work: WorkRecog
W1014 10:40:47.536968  4111 work_recog.hpp:118] Face id: 3 has low quality : 0.0133598, no need to recog
I1014 10:40:47.538381  4113 thread_intergrate.hpp:154] T-Intergrate-intergrate Show face :2, size :640 * 360
I1014 10:40:47.538514  4111 work_thread.hpp:81]  [T-Work-Recog_0] Run work: WorkCompare
I1014 10:40:47.539122  4109 demo_inner.hpp:435] thread [SORT-0]  frame id 98 sorting queue size 0   FPS: 29.8727
I1014 10:40:47.553946  4112 work_thread.hpp:81]  [T-Work-Recog_1] Run work: WorkCompare
I1014 10:40:47.554051  4112 work_compare.cpp:76] Compare face: 2 successed, similarity :0.962578, name : images/thanglmb.jpg, normal size : 640 * 360!
I1014 10:40:47.563846  4107 demo_inner.hpp:177] decode queue size 0
I1014 10:40:47.563969  4110 work_thread.hpp:81]  [T-Work-Detect_0] Run work: WorkDetect
I1014 10:40:47.564005  4110 work_detect.cpp:102] Succeeded to add det start for frame 99
I1014 10:40:47.570996  4110 work_detect.cpp:70] Frame :99 detect result :2 face(s)
I1014 10:40:47.571040  4110 work_detect.cpp:86] Detected bbox: [155 x 208 from (197, 131)]
I1014 10:40:47.571074  4110 work_detect.cpp:86] Detected bbox: [30 x 56 from (447, 182)]
I1014 10:40:47.571103  4110 work_detect.cpp:120] Succeeded to add det end for frame 99
I1014 10:40:47.571120  4110 work_thread.hpp:81]  [T-Work-Detect_0] Run work: WrokTrack
I1014 10:40:47.571143  4110 work_track.cpp:82] Frame: 99 build input_characts: [0.242188 x 0.577778 from (0.307813, 0.363889)], 1.00019, 0
I1014 10:40:47.571194  4110 work_track.cpp:82] Frame: 99 build input_characts: [0.046875 x 0.155556 from (0.698438, 0.505556)], 0.959737, 1
I1014 10:40:47.571230  4110 work_track.cpp:102] Succeeded to set track lock for frame 99
I1014 10:40:47.571274  4110 work_track.cpp:116] Succeeded to release track lock for frame 99
I1014 10:40:47.571288  4110 work_track.cpp:120] Track results of frame 99: 2 objects input, 2 objects tracked!
I1014 10:40:47.571305  4110 work_track.cpp:148] Frame: 99, track bbox: [155 x 208 from (196.93, 130.6)], gid: 2, lid: 0
I1014 10:40:47.571338  4110 work_track.cpp:148] Frame: 99, track bbox: [30 x 56 from (447.2, 182.295)], gid: 3, lid: 1
I1014 10:40:47.571372  4110 work_thread.hpp:88]  [T-Work-Detect_0] Frame :99 split
I1014 10:40:47.571389  4110 work_thread.hpp:120]  [T-Work-Detect_0] Valid piece: gid = 2
I1014 10:40:47.571406  4110 work_thread.hpp:120]  [T-Work-Detect_0] Valid piece: gid = 3
I1014 10:40:47.571424  4110 work_thread.hpp:92]  [T-Work-Detect_0] Push to split queue:recog
I1014 10:40:47.571449  4110 work_thread.hpp:92]  [T-Work-Detect_0] Push to split queue:recog
I1014 10:40:47.571458  4112 work_thread.hpp:81]  [T-Work-Recog_1] Run work: WorkCapture
I1014 10:40:47.571486  4111 work_thread.hpp:81]  [T-Work-Recog_0] Run work: WorkCapture
I1014 10:40:47.571722  4113 thread_intergrate.hpp:78] [T-Intergrate-intergrate] queue: frame output frame :99
I1014 10:40:47.571750  4113 thread_intergrate.hpp:85] [T-Intergrate-intergrate] queue: compare output face:2
I1014 10:40:47.571777  4113 thread_intergrate.hpp:134] T-Intergrate-intergrate set matched face: 2
I1014 10:40:47.572041  4111 work_thread.hpp:81]  [T-Work-Recog_0] Run work: WorkRecog
I1014 10:40:47.572062  4112 work_thread.hpp:81]  [T-Work-Recog_1] Run work: WorkRecog
W1014 10:40:47.572063  4111 work_recog.hpp:118] Face id: 3 has low quality : 0.0168993, no need to recog
I1014 10:40:47.572088  4112 work_recog.hpp:89] Face id: 2 will run recog: bbox [155 x 208 from (197, 131)] quality: 0.454059
I1014 10:40:47.573340  4113 thread_intergrate.hpp:154] T-Intergrate-intergrate Show face :2, size :640 * 360
I1014 10:40:47.573410  4111 work_thread.hpp:81]  [T-Work-Recog_0] Run work: WorkCompare
I1014 10:40:47.573420  4112 work_recog.hpp:96] Recog pair: [224 x 272 from (160, 88)], [155 x 208 from (37, 43)]
I1014 10:40:47.573951  4109 demo_inner.hpp:435] thread [SORT-0]  frame id 99 sorting queue size 1   FPS: 29.8873
I1014 10:40:47.590898  4112 work_thread.hpp:81]  [T-Work-Recog_1] Run work: WorkCompare
I1014 10:40:47.591009  4112 work_compare.cpp:76] Compare face: 2 successed, similarity :0.976878, name : images/thanglmb.jpg, normal size : 640 * 360!
I1014 10:40:47.593886  4107 demo_inner.hpp:177] decode queue size 0
I1014 10:40:47.594063  4110 work_thread.hpp:81]  [T-Work-Detect_0] Run work: WorkDetect
I1014 10:40:47.594094  4110 work_detect.cpp:102] Succeeded to add det start for frame 100
I1014 10:40:47.601109  4110 work_detect.cpp:70] Frame :100 detect result :2 face(s)
I1014 10:40:47.601153  4110 work_detect.cpp:86] Detected bbox: [155 x 211 from (198, 131)]
I1014 10:40:47.601187  4110 work_detect.cpp:86] Detected bbox: [30 x 57 from (447, 183)]
I1014 10:40:47.601217  4110 work_detect.cpp:120] Succeeded to add det end for frame 100
I1014 10:40:47.601233  4110 work_thread.hpp:81]  [T-Work-Detect_0] Run work: WrokTrack
I1014 10:40:47.601256  4110 work_track.cpp:82] Frame: 100 build input_characts: [0.242188 x 0.586111 from (0.309375, 0.363889)], 1.00019, 0
I1014 10:40:47.601306  4110 work_track.cpp:82] Frame: 100 build input_characts: [0.046875 x 0.158333 from (0.698438, 0.508333)], 0.962067, 1
I1014 10:40:47.601342  4110 work_track.cpp:102] Succeeded to set track lock for frame 100
I1014 10:40:47.601385  4110 work_track.cpp:116] Succeeded to release track lock for frame 100
I1014 10:40:47.601400  4110 work_track.cpp:120] Track results of frame 100: 2 objects input, 2 objects tracked!
I1014 10:40:47.601418  4110 work_track.cpp:148] Frame: 100, track bbox: [155 x 211 from (197.815, 130.265)], gid: 2, lid: 0
I1014 10:40:47.601452  4110 work_track.cpp:148] Frame: 100, track bbox: [30 x 57 from (447.015, 182.292)], gid: 3, lid: 1
I1014 10:40:47.601485  4110 work_thread.hpp:88]  [T-Work-Detect_0] Frame :100 split
I1014 10:40:47.601502  4110 work_thread.hpp:120]  [T-Work-Detect_0] Valid piece: gid = 2
I1014 10:40:47.601521  4110 work_thread.hpp:120]  [T-Work-Detect_0] Valid piece: gid = 3
I1014 10:40:47.601537  4110 work_thread.hpp:92]  [T-Work-Detect_0] Push to split queue:recog
I1014 10:40:47.601586  4111 work_thread.hpp:81]  [T-Work-Recog_0] Run work: WorkCapture
I1014 10:40:47.601869  4110 work_thread.hpp:92]  [T-Work-Detect_0] Push to split queue:recog
I1014 10:40:47.601909  4112 work_thread.hpp:81]  [T-Work-Recog_1] Run work: WorkCapture
I1014 10:40:47.601929  4113 thread_intergrate.hpp:78] [T-Intergrate-intergrate] queue: frame output frame :100
I1014 10:40:47.601958  4113 thread_intergrate.hpp:85] [T-Intergrate-intergrate] queue: compare output face:2
I1014 10:40:47.601979  4113 thread_intergrate.hpp:134] T-Intergrate-intergrate set matched face: 2
I1014 10:40:47.602147  4111 work_thread.hpp:81]  [T-Work-Recog_0] Run work: WorkRecog
I1014 10:40:47.602169  4111 work_recog.hpp:89] Face id: 2 will run recog: bbox [155 x 211 from (198, 131)] quality: 0.459322
I1014 10:40:47.602197  4111 work_recog.hpp:96] Recog pair: [224 x 272 from (160, 88)], [155 x 211 from (38, 43)]
I1014 10:40:47.602386  4112 work_thread.hpp:81]  [T-Work-Recog_1] Run work: WorkRecog
W1014 10:40:47.602407  4112 work_recog.hpp:118] Face id: 3 has low quality : 0.0064908, no need to recog
I1014 10:40:47.602535  4112 work_thread.hpp:81]  [T-Work-Recog_1] Run work: WorkCompare
I1014 10:40:47.603317  4113 thread_intergrate.hpp:154] T-Intergrate-intergrate Show face :2, size :640 * 360
I1014 10:40:47.603838  4109 demo_inner.hpp:435] thread [SORT-0]  frame id 100 sorting queue size 2   FPS: 29.9754
I1014 10:40:47.619897  4111 work_thread.hpp:81]  [T-Work-Recog_0] Run work: WorkCompare
I1014 10:40:47.620000  4111 work_compare.cpp:76] Compare face: 2 successed, similarity :0.977963, name : images/thanglmb.jpg, normal size : 640 * 360!
I1014 10:40:47.630026  4107 demo_inner.hpp:177] decode queue size 0
I1014 10:40:47.630143  4110 work_thread.hpp:81]  [T-Work-Detect_0] Run work: WorkDetect
I1014 10:40:47.630177  4110 work_detect.cpp:102] Succeeded to add det start for frame 101
I1014 10:40:47.637154  4110 work_detect.cpp:70] Frame :101 detect result :2 face(s)
I1014 10:40:47.637270  4110 work_detect.cpp:86] Detected bbox: [151 x 198 from (200, 137)]
I1014 10:40:47.637305  4110 work_detect.cpp:86] Detected bbox: [29 x 54 from (448, 183)]
I1014 10:40:47.637337  4110 work_detect.cpp:120] Succeeded to add det end for frame 101
I1014 10:40:47.637353  4110 work_thread.hpp:81]  [T-Work-Detect_0] Run work: WrokTrack
I1014 10:40:47.637377  4110 work_track.cpp:82] Frame: 101 build input_characts: [0.235938 x 0.55 from (0.3125, 0.380556)], 0.999622, 0
I1014 10:40:47.637428  4110 work_track.cpp:82] Frame: 101 build input_characts: [0.0453125 x 0.15 from (0.7, 0.508333)], 0.969403, 1
I1014 10:40:47.637465  4110 work_track.cpp:102] Succeeded to set track lock for frame 101
I1014 10:40:47.637509  4110 work_track.cpp:116] Succeeded to release track lock for frame 101
I1014 10:40:47.637524  4110 work_track.cpp:120] Track results of frame 101: 2 objects input, 2 objects tracked!
I1014 10:40:47.637542  4110 work_track.cpp:148] Frame: 101, track bbox: [151 x 198 from (199.995, 137.311)], gid: 2, lid: 0
I1014 10:40:47.637575  4110 work_track.cpp:148] Frame: 101, track bbox: [29 x 54 from (447.588, 183.568)], gid: 3, lid: 1
I1014 10:40:47.637607  4110 work_thread.hpp:88]  [T-Work-Detect_0] Frame :101 split
I1014 10:40:47.637625  4110 work_thread.hpp:120]  [T-Work-Detect_0] Valid piece: gid = 2
I1014 10:40:47.637643  4110 work_thread.hpp:120]  [T-Work-Detect_0] Valid piece: gid = 3
I1014 10:40:47.637660  4110 work_thread.hpp:92]  [T-Work-Detect_0] Push to split queue:recog
I1014 10:40:47.637686  4110 work_thread.hpp:92]  [T-Work-Detect_0] Push to split queue:recog
I1014 10:40:47.637724  4112 work_thread.hpp:81]  [T-Work-Recog_1] Run work: WorkCapture
I1014 10:40:47.637745  4113 thread_intergrate.hpp:78] [T-Intergrate-intergrate] queue: frame output frame :101
I1014 10:40:47.637773  4113 thread_intergrate.hpp:85] [T-Intergrate-intergrate] queue: compare output face:2
I1014 10:40:47.637792  4113 thread_intergrate.hpp:134] T-Intergrate-intergrate set matched face: 2
I1014 10:40:47.638236  4112 work_thread.hpp:81]  [T-Work-Recog_1] Run work: WorkRecog
W1014 10:40:47.638259  4112 work_recog.hpp:118] Face id: 3 has low quality : 0.0105323, no need to recog
I1014 10:40:47.638381  4112 work_thread.hpp:81]  [T-Work-Recog_1] Run work: WorkCompare
I1014 10:40:47.637727  4111 work_thread.hpp:81]  [T-Work-Recog_0] Run work: WorkCapture
I1014 10:40:47.638907  4111 work_thread.hpp:81]  [T-Work-Recog_0] Run work: WorkRecog
I1014 10:40:47.638929  4111 work_recog.hpp:89] Face id: 2 will run recog: bbox [151 x 198 from (200, 137)] quality: 0.454971
I1014 10:40:47.638957  4111 work_recog.hpp:96] Recog pair: [216 x 264 from (168, 96)], [151 x 198 from (32, 41)]
I1014 10:40:47.639281  4113 thread_intergrate.hpp:154] T-Intergrate-intergrate Show face :2, size :640 * 360
I1014 10:40:47.639822  4109 demo_inner.hpp:435] thread [SORT-0]  frame id 101 sorting queue size 3   FPS: 29.8873
I1014 10:40:47.656388  4111 work_thread.hpp:81]  [T-Work-Recog_0] Run work: WorkCompare
I1014 10:40:47.656502  4111 work_compare.cpp:76] Compare face: 2 successed, similarity :0.971899, name : images/thanglmb.jpg, normal size : 640 * 360!
I1014 10:40:47.660640  4107 demo_inner.hpp:177] decode queue size 0
I1014 10:40:47.660754  4110 work_thread.hpp:81]  [T-Work-Detect_0] Run work: WorkDetect
I1014 10:40:47.660789  4110 work_detect.cpp:102] Succeeded to add det start for frame 102
I1014 10:40:47.667500  4110 work_detect.cpp:70] Frame :102 detect result :2 face(s)
I1014 10:40:47.667541  4110 work_detect.cpp:86] Detected bbox: [156 x 209 from (197, 131)]
I1014 10:40:47.667573  4110 work_detect.cpp:86] Detected bbox: [30 x 57 from (447, 182)]
I1014 10:40:47.667603  4110 work_detect.cpp:120] Succeeded to add det end for frame 102
I1014 10:40:47.667619  4110 work_thread.hpp:81]  [T-Work-Detect_0] Run work: WrokTrack
I1014 10:40:47.667644  4110 work_track.cpp:82] Frame: 102 build input_characts: [0.24375 x 0.580556 from (0.307813, 0.363889)], 1.00019, 0
I1014 10:40:47.667695  4110 work_track.cpp:82] Frame: 102 build input_characts: [0.046875 x 0.158333 from (0.698438, 0.505556)], 0.949752, 1
I1014 10:40:47.667804  4110 work_track.cpp:102] Succeeded to set track lock for frame 102
I1014 10:40:47.667848  4110 work_track.cpp:116] Succeeded to release track lock for frame 102
I1014 10:40:47.667863  4110 work_track.cpp:120] Track results of frame 102: 2 objects input, 2 objects tracked!
I1014 10:40:47.667881  4110 work_track.cpp:148] Frame: 102, track bbox: [156 x 209 from (197.603, 131.819)], gid: 2, lid: 0
I1014 10:40:47.667915  4110 work_track.cpp:148] Frame: 102, track bbox: [30 x 57 from (447.09, 182.126)], gid: 3, lid: 1
I1014 10:40:47.667948  4110 work_thread.hpp:88]  [T-Work-Detect_0] Frame :102 split
I1014 10:40:47.667965  4110 work_thread.hpp:120]  [T-Work-Detect_0] Valid piece: gid = 2
I1014 10:40:47.667984  4110 work_thread.hpp:120]  [T-Work-Detect_0] Valid piece: gid = 3
I1014 10:40:47.668000  4110 work_thread.hpp:92]  [T-Work-Detect_0] Push to split queue:recog
I1014 10:40:47.668026  4110 work_thread.hpp:92]  [T-Work-Detect_0] Push to split queue:recog
I1014 10:40:47.668040  4112 work_thread.hpp:81]  [T-Work-Recog_1] Run work: WorkCapture
I1014 10:40:47.668079  4111 work_thread.hpp:81]  [T-Work-Recog_0] Run work: WorkCapture
I1014 10:40:47.668076  4113 thread_intergrate.hpp:78] [T-Intergrate-intergrate] queue: frame output frame :102
I1014 10:40:47.668128  4113 thread_intergrate.hpp:85] [T-Intergrate-intergrate] queue: compare output face:2
I1014 10:40:47.668148  4113 thread_intergrate.hpp:134] T-Intergrate-intergrate set matched face: 2
I1014 10:40:47.668695  4111 work_thread.hpp:81]  [T-Work-Recog_0] Run work: WorkRecog
I1014 10:40:47.668707  4112 work_thread.hpp:81]  [T-Work-Recog_1] Run work: WorkRecog
W1014 10:40:47.668720  4111 work_recog.hpp:118] Face id: 3 has low quality : 0.00933559, no need to recog
I1014 10:40:47.668730  4112 work_recog.hpp:89] Face id: 2 will run recog: bbox [156 x 209 from (197, 131)] quality: 0.459322
I1014 10:40:47.669659  4113 thread_intergrate.hpp:154] T-Intergrate-intergrate Show face :2, size :640 * 360
I1014 10:40:47.669714  4111 work_thread.hpp:81]  [T-Work-Recog_0] Run work: WorkCompare
I1014 10:40:47.669723  4112 work_recog.hpp:96] Recog pair: [224 x 272 from (160, 88)], [156 x 209 from (37, 43)]
I1014 10:40:47.670228  4109 demo_inner.hpp:435] thread [SORT-0]  frame id 102 sorting queue size 4   FPS: 29.9754
I1014 10:40:47.687351  4112 work_thread.hpp:81]  [T-Work-Recog_1] Run work: WorkCompare
I1014 10:40:47.687458  4112 work_compare.cpp:76] Compare face: 2 successed, similarity :0.968064, name : images/thanglmb.jpg, normal size : 640 * 360!
I1014 10:40:47.696784  4107 demo_inner.hpp:177] decode queue size 0
I1014 10:40:47.696893  4110 work_thread.hpp:81]  [T-Work-Detect_0] Run work: WorkDetect
I1014 10:40:47.696928  4110 work_detect.cpp:102] Succeeded to add det start for frame 103
I1014 10:40:47.703675  4110 work_detect.cpp:70] Frame :103 detect result :2 face(s)
I1014 10:40:47.703716  4110 work_detect.cpp:86] Detected bbox: [155 x 208 from (198, 132)]
I1014 10:40:47.703748  4110 work_detect.cpp:86] Detected bbox: [30 x 57 from (447, 180)]
I1014 10:40:47.703779  4110 work_detect.cpp:120] Succeeded to add det end for frame 103
I1014 10:40:47.703795  4110 work_thread.hpp:81]  [T-Work-Detect_0] Run work: WrokTrack
I1014 10:40:47.703819  4110 work_track.cpp:82] Frame: 103 build input_characts: [0.242188 x 0.577778 from (0.309375, 0.366667)], 0.999622, 0
I1014 10:40:47.703869  4110 work_track.cpp:82] Frame: 103 build input_characts: [0.046875 x 0.158333 from (0.698438, 0.5)], 0.962122, 1
I1014 10:40:47.703904  4110 work_track.cpp:102] Succeeded to set track lock for frame 103
I1014 10:40:47.703948  4110 work_track.cpp:116] Succeeded to release track lock for frame 103
I1014 10:40:47.703963  4110 work_track.cpp:120] Track results of frame 103: 2 objects input, 2 objects tracked!
I1014 10:40:47.703980  4110 work_track.cpp:148] Frame: 103, track bbox: [155 x 208 from (198.147, 132.197)], gid: 2, lid: 0
I1014 10:40:47.704015  4110 work_track.cpp:148] Frame: 103, track bbox: [30 x 57 from (446.98, 181.058)], gid: 3, lid: 1
I1014 10:40:47.704123  4110 work_thread.hpp:88]  [T-Work-Detect_0] Frame :103 split
I1014 10:40:47.704144  4110 work_thread.hpp:120]  [T-Work-Detect_0] Valid piece: gid = 2
I1014 10:40:47.704186  4110 work_thread.hpp:120]  [T-Work-Detect_0] Valid piece: gid = 3
I1014 10:40:47.704205  4110 work_thread.hpp:92]  [T-Work-Detect_0] Push to split queue:recog
I1014 10:40:47.704232  4110 work_thread.hpp:92]  [T-Work-Detect_0] Push to split queue:recog
I1014 10:40:47.704244  4112 work_thread.hpp:81]  [T-Work-Recog_1] Run work: WorkCapture
I1014 10:40:47.704274  4111 work_thread.hpp:81]  [T-Work-Recog_0] Run work: WorkCapture
I1014 10:40:47.704502  4113 thread_intergrate.hpp:78] [T-Intergrate-intergrate] queue: frame output frame :103
I1014 10:40:47.704612  4113 thread_intergrate.hpp:85] [T-Intergrate-intergrate] queue: compare output face:2
I1014 10:40:47.704632  4113 thread_intergrate.hpp:134] T-Intergrate-intergrate set matched face: 2
I1014 10:40:47.704824  4111 work_thread.hpp:81]  [T-Work-Recog_0] Run work: WorkRecog
I1014 10:40:47.704843  4112 work_thread.hpp:81]  [T-Work-Recog_1] Run work: WorkRecog
W1014 10:40:47.704845  4111 work_recog.hpp:118] Face id: 3 has low quality : 0.0093338, no need to recog
I1014 10:40:47.704869  4112 work_recog.hpp:89] Face id: 2 will run recog: bbox [155 x 208 from (198, 132)] quality: 0.454971
I1014 10:40:47.706117  4111 work_thread.hpp:81]  [T-Work-Recog_0] Run work: WorkCompare
I1014 10:40:47.706127  4112 work_recog.hpp:96] Recog pair: [224 x 272 from (160, 88)], [155 x 208 from (38, 44)]
I1014 10:40:47.706065  4113 thread_intergrate.hpp:154] T-Intergrate-intergrate Show face :2, size :640 * 360
I1014 10:40:47.706756  4109 demo_inner.hpp:435] thread [SORT-0]  frame id 103 sorting queue size 5   FPS: 29.902
I1014 10:40:47.723628  4112 work_thread.hpp:81]  [T-Work-Recog_1] Run work: WorkCompare
I1014 10:40:47.723739  4112 work_compare.cpp:76] Compare face: 2 successed, similarity :0.94985, name : images/thanglmb.jpg, normal size : 640 * 360!
I1014 10:40:47.726613  4107 demo_inner.hpp:177] decode queue size 0
I1014 10:40:47.726718  4110 work_thread.hpp:81]  [T-Work-Detect_0] Run work: WorkDetect
I1014 10:40:47.726754  4110 work_detect.cpp:102] Succeeded to add det start for frame 104
I1014 10:40:47.733568  4110 work_detect.cpp:70] Frame :104 detect result :2 face(s)
I1014 10:40:47.733613  4110 work_detect.cpp:86] Detected bbox: [159 x 212 from (197, 131)]
I1014 10:40:47.733644  4110 work_detect.cpp:86] Detected bbox: [29 x 56 from (448, 180)]
I1014 10:40:47.733676  4110 work_detect.cpp:120] Succeeded to add det end for frame 104
I1014 10:40:47.733692  4110 work_thread.hpp:81]  [T-Work-Detect_0] Run work: WrokTrack
I1014 10:40:47.733716  4110 work_track.cpp:82] Frame: 104 build input_characts: [0.248437 x 0.588889 from (0.307813, 0.363889)], 1.00019, 0
I1014 10:40:47.733768  4110 work_track.cpp:82] Frame: 104 build input_characts: [0.0453125 x 0.155556 from (0.7, 0.5)], 0.967082, 1
I1014 10:40:47.733803  4110 work_track.cpp:102] Succeeded to set track lock for frame 104
I1014 10:40:47.733850  4110 work_track.cpp:116] Succeeded to release track lock for frame 104
I1014 10:40:47.733863  4110 work_track.cpp:120] Track results of frame 104: 2 objects input, 2 objects tracked!
I1014 10:40:47.733881  4110 work_track.cpp:148] Frame: 104, track bbox: [159 x 212 from (196.597, 130.579)], gid: 2, lid: 0
I1014 10:40:47.733916  4110 work_track.cpp:148] Frame: 104, track bbox: [29 x 56 from (447.747, 180.419)], gid: 3, lid: 1
I1014 10:40:47.733948  4110 work_thread.hpp:88]  [T-Work-Detect_0] Frame :104 split
I1014 10:40:47.733965  4110 work_thread.hpp:120]  [T-Work-Detect_0] Valid piece: gid = 2
I1014 10:40:47.733983  4110 work_thread.hpp:120]  [T-Work-Detect_0] Valid piece: gid = 3
I1014 10:40:47.734000  4110 work_thread.hpp:92]  [T-Work-Detect_0] Push to split queue:recog
I1014 10:40:47.734050  4111 work_thread.hpp:81]  [T-Work-Recog_0] Run work: WorkCapture
I1014 10:40:47.734330  4110 work_thread.hpp:92]  [T-Work-Detect_0] Push to split queue:recog
I1014 10:40:47.734438  4112 work_thread.hpp:81]  [T-Work-Recog_1] Run work: WorkCapture
I1014 10:40:47.734462  4113 thread_intergrate.hpp:78] [T-Intergrate-intergrate] queue: frame output frame :104
I1014 10:40:47.734493  4113 thread_intergrate.hpp:85] [T-Intergrate-intergrate] queue: compare output face:2
I1014 10:40:47.734511  4113 thread_intergrate.hpp:134] T-Intergrate-intergrate set matched face: 2
I1014 10:40:47.734611  4111 work_thread.hpp:81]  [T-Work-Recog_0] Run work: WorkRecog
I1014 10:40:47.734634  4111 work_recog.hpp:89] Face id: 2 will run recog: bbox [159 x 212 from (197, 131)] quality: 0.459847
I1014 10:40:47.734661  4111 work_recog.hpp:96] Recog pair: [232 x 272 from (160, 88)], [159 x 212 from (37, 43)]
I1014 10:40:47.734906  4112 work_thread.hpp:81]  [T-Work-Recog_1] Run work: WorkRecog
W1014 10:40:47.734927  4112 work_recog.hpp:118] Face id: 3 has low quality : 0.0118594, no need to recog
I1014 10:40:47.735505  4112 work_thread.hpp:81]  [T-Work-Recog_1] Run work: WorkCompare
I1014 10:40:47.735981  4113 thread_intergrate.hpp:154] T-Intergrate-intergrate Show face :2, size :640 * 360
I1014 10:40:47.736644  4109 demo_inner.hpp:435] thread [SORT-0]  frame id 104 sorting queue size 6   FPS: 29.9902
I1014 10:40:47.752388  4111 work_thread.hpp:81]  [T-Work-Recog_0] Run work: WorkCompare
I1014 10:40:47.752491  4111 work_compare.cpp:76] Compare face: 2 successed, similarity :0.965715, name : images/thanglmb.jpg, normal size : 640 * 360!
I1014 10:40:47.762604  4107 demo_inner.hpp:177] decode queue size 0
I1014 10:40:47.762701  4110 work_thread.hpp:81]  [T-Work-Detect_0] Run work: WorkDetect
I1014 10:40:47.762737  4110 work_detect.cpp:102] Succeeded to add det start for frame 105
I1014 10:40:47.769524  4110 work_detect.cpp:70] Frame :105 detect result :2 face(s)
I1014 10:40:47.769569  4110 work_detect.cpp:86] Detected bbox: [178 x 225 from (196, 128)]
I1014 10:40:47.769601  4110 work_detect.cpp:86] Detected bbox: [30 x 56 from (447, 180)]
I1014 10:40:47.769631  4110 work_detect.cpp:120] Succeeded to add det end for frame 105
I1014 10:40:47.769647  4110 work_thread.hpp:81]  [T-Work-Detect_0] Run work: WrokTrack
I1014 10:40:47.769671  4110 work_track.cpp:82] Frame: 105 build input_characts: [0.278125 x 0.625 from (0.30625, 0.355556)], 1.00019, 0
I1014 10:40:47.769724  4110 work_track.cpp:82] Frame: 105 build input_characts: [0.046875 x 0.155556 from (0.698438, 0.5)], 0.971381, 1
I1014 10:40:47.769762  4110 work_track.cpp:102] Succeeded to set track lock for frame 105
I1014 10:40:47.769805  4110 work_track.cpp:116] Succeeded to release track lock for frame 105
I1014 10:40:47.769819  4110 work_track.cpp:120] Track results of frame 105: 2 objects input, 2 objects tracked!
I1014 10:40:47.769837  4110 work_track.cpp:148] Frame: 105, track bbox: [178 x 225 from (191.807, 126.1)], gid: 2, lid: 0
I1014 10:40:47.769870  4110 work_track.cpp:148] Frame: 105, track bbox: [30 x 56 from (447.187, 179.578)], gid: 3, lid: 1
I1014 10:40:47.769903  4110 work_thread.hpp:88]  [T-Work-Detect_0] Frame :105 split
I1014 10:40:47.769920  4110 work_thread.hpp:120]  [T-Work-Detect_0] Valid piece: gid = 2
I1014 10:40:47.769938  4110 work_thread.hpp:120]  [T-Work-Detect_0] Valid piece: gid = 3
I1014 10:40:47.769954  4110 work_thread.hpp:92]  [T-Work-Detect_0] Push to split queue:recog
I1014 10:40:47.770004  4111 work_thread.hpp:81]  [T-Work-Recog_0] Run work: WorkCapture
I1014 10:40:47.770287  4110 work_thread.hpp:92]  [T-Work-Detect_0] Push to split queue:recog
I1014 10:40:47.770323  4112 work_thread.hpp:81]  [T-Work-Recog_1] Run work: WorkCapture
I1014 10:40:47.770344  4113 thread_intergrate.hpp:78] [T-Intergrate-intergrate] queue: frame output frame :105
I1014 10:40:47.770373  4113 thread_intergrate.hpp:85] [T-Intergrate-intergrate] queue: compare output face:2
I1014 10:40:47.770393  4113 thread_intergrate.hpp:134] T-Intergrate-intergrate set matched face: 2
I1014 10:40:47.770570  4111 work_thread.hpp:81]  [T-Work-Recog_0] Run work: WorkRecog
I1014 10:40:47.770591  4111 work_recog.hpp:89] Face id: 2 will run recog: bbox [178 x 225 from (196, 128)] quality: 0.463467
I1014 10:40:47.770735  4111 work_recog.hpp:96] Recog pair: [256 x 280 from (160, 80)], [178 x 225 from (36, 48)]
I1014 10:40:47.770804  4112 work_thread.hpp:81]  [T-Work-Recog_1] Run work: WorkRecog
W1014 10:40:47.770825  4112 work_recog.hpp:118] Face id: 3 has low quality : 0.0118594, no need to recog
I1014 10:40:47.771961  4113 thread_intergrate.hpp:154] T-Intergrate-intergrate Show face :2, size :640 * 360
I1014 10:40:47.772027  4112 work_thread.hpp:81]  [T-Work-Recog_1] Run work: WorkCompare
I1014 10:40:47.772626  4109 demo_inner.hpp:435] thread [SORT-0]  frame id 105 sorting queue size 7   FPS: 29.8873
I1014 10:40:47.788450  4111 work_thread.hpp:81]  [T-Work-Recog_0] Run work: WorkCompare
I1014 10:40:47.788554  4111 work_compare.cpp:76] Compare face: 2 successed, similarity :0.973801, name : images/thanglmb.jpg, normal size : 640 * 360!
I1014 10:40:47.798476  4107 demo_inner.hpp:177] decode queue size 0
I1014 10:40:47.798607  4110 work_thread.hpp:81]  [T-Work-Detect_0] Run work: WorkDetect
I1014 10:40:47.798643  4110 work_detect.cpp:102] Succeeded to add det start for frame 106
I1014 10:40:47.805544  4110 work_detect.cpp:70] Frame :106 detect result :2 face(s)
I1014 10:40:47.805593  4110 work_detect.cpp:86] Detected bbox: [151 x 208 from (200, 134)]
I1014 10:40:47.805625  4110 work_detect.cpp:86] Detected bbox: [30 x 56 from (447, 182)]
I1014 10:40:47.805657  4110 work_detect.cpp:120] Succeeded to add det end for frame 106
I1014 10:40:47.805672  4110 work_thread.hpp:81]  [T-Work-Detect_0] Run work: WrokTrack
I1014 10:40:47.805697  4110 work_track.cpp:82] Frame: 106 build input_characts: [0.235938 x 0.577778 from (0.3125, 0.372222)], 1.00019, 0
I1014 10:40:47.805748  4110 work_track.cpp:82] Frame: 106 build input_characts: [0.046875 x 0.155556 from (0.698438, 0.505556)], 0.959737, 1
I1014 10:40:47.805784  4110 work_track.cpp:102] Succeeded to set track lock for frame 106
I1014 10:40:47.805830  4110 work_track.cpp:116] Succeeded to release track lock for frame 106
I1014 10:40:47.805843  4110 work_track.cpp:120] Track results of frame 106: 2 objects input, 2 objects tracked!
I1014 10:40:47.805861  4110 work_track.cpp:148] Frame: 106, track bbox: [151 x 208 from (203.885, 135.028)], gid: 2, lid: 0
I1014 10:40:47.805896  4110 work_track.cpp:148] Frame: 106, track bbox: [30 x 56 from (446.995, 180.588)], gid: 3, lid: 1
I1014 10:40:47.805927  4110 work_thread.hpp:88]  [T-Work-Detect_0] Frame :106 split
I1014 10:40:47.805945  4110 work_thread.hpp:120]  [T-Work-Detect_0] Valid piece: gid = 2
I1014 10:40:47.805963  4110 work_thread.hpp:120]  [T-Work-Detect_0] Valid piece: gid = 3
I1014 10:40:47.805979  4110 work_thread.hpp:92]  [T-Work-Detect_0] Push to split queue:recog
I1014 10:40:47.806030  4111 work_thread.hpp:81]  [T-Work-Recog_0] Run work: WorkCapture
I1014 10:40:47.806311  4110 work_thread.hpp:92]  [T-Work-Detect_0] Push to split queue:recog
I1014 10:40:47.806344  4112 work_thread.hpp:81]  [T-Work-Recog_1] Run work: WorkCapture
I1014 10:40:47.806360  4113 thread_intergrate.hpp:78] [T-Intergrate-intergrate] queue: frame output frame :106
I1014 10:40:47.806411  4113 thread_intergrate.hpp:85] [T-Intergrate-intergrate] queue: compare output face:2
I1014 10:40:47.806435  4113 thread_intergrate.hpp:134] T-Intergrate-intergrate set matched face: 2
I1014 10:40:47.806596  4111 work_thread.hpp:81]  [T-Work-Recog_0] Run work: WorkRecog
I1014 10:40:47.806618  4111 work_recog.hpp:89] Face id: 2 will run recog: bbox [151 x 208 from (200, 134)] quality: 0.458653
I1014 10:40:47.806646  4111 work_recog.hpp:96] Recog pair: [216 x 272 from (168, 88)], [151 x 208 from (32, 46)]
I1014 10:40:47.806812  4112 work_thread.hpp:81]  [T-Work-Recog_1] Run work: WorkRecog
W1014 10:40:47.806833  4112 work_recog.hpp:118] Face id: 3 has low quality : 0.0082726, no need to recog
I1014 10:40:47.807950  4113 thread_intergrate.hpp:154] T-Intergrate-intergrate Show face :2, size :640 * 360
I1014 10:40:47.808028  4112 work_thread.hpp:81]  [T-Work-Recog_1] Run work: WorkCompare
I1014 10:40:47.808627  4109 demo_inner.hpp:435] thread [SORT-0]  frame id 106 sorting queue size 8   FPS: 29.8873
I1014 10:40:47.824177  4111 work_thread.hpp:81]  [T-Work-Recog_0] Run work: WorkCompare
I1014 10:40:47.824286  4111 work_compare.cpp:76] Compare face: 2 successed, similarity :0.946427, name : images/thanglmb.jpg, normal size : 640 * 360!
I1014 10:40:47.828625  4107 demo_inner.hpp:177] decode queue size 0
I1014 10:40:47.828727  4110 work_thread.hpp:81]  [T-Work-Detect_0] Run work: WorkDetect
I1014 10:40:47.828761  4110 work_detect.cpp:102] Succeeded to add det start for frame 107
I1014 10:40:47.835470  4110 work_detect.cpp:70] Frame :107 detect result :2 face(s)
I1014 10:40:47.835510  4110 work_detect.cpp:86] Detected bbox: [171 x 218 from (199, 132)]
I1014 10:40:47.835546  4110 work_detect.cpp:86] Detected bbox: [30 x 57 from (447, 180)]
I1014 10:40:47.835575  4110 work_detect.cpp:120] Succeeded to add det end for frame 107
I1014 10:40:47.835593  4110 work_thread.hpp:81]  [T-Work-Detect_0] Run work: WrokTrack
I1014 10:40:47.835618  4110 work_track.cpp:82] Frame: 107 build input_characts: [0.267188 x 0.605556 from (0.310937, 0.366667)], 1.00035, 0
I1014 10:40:47.835670  4110 work_track.cpp:82] Frame: 107 build input_characts: [0.046875 x 0.158333 from (0.698438, 0.5)], 0.958486, 1
I1014 10:40:47.835708  4110 work_track.cpp:102] Succeeded to set track lock for frame 107
I1014 10:40:47.835752  4110 work_track.cpp:116] Succeeded to release track lock for frame 107
I1014 10:40:47.835767  4110 work_track.cpp:120] Track results of frame 107: 2 objects input, 2 objects tracked!
I1014 10:40:47.835784  4110 work_track.cpp:148] Frame: 107, track bbox: [171 x 218 from (197.16, 131.642)], gid: 2, lid: 0
I1014 10:40:47.835817  4110 work_track.cpp:148] Frame: 107, track bbox: [30 x 57 from (447.063, 180.037)], gid: 3, lid: 1
I1014 10:40:47.835850  4110 work_thread.hpp:88]  [T-Work-Detect_0] Frame :107 split
I1014 10:40:47.835868  4110 work_thread.hpp:120]  [T-Work-Detect_0] Valid piece: gid = 2
I1014 10:40:47.835886  4110 work_thread.hpp:120]  [T-Work-Detect_0] Valid piece: gid = 3
I1014 10:40:47.835902  4110 work_thread.hpp:92]  [T-Work-Detect_0] Push to split queue:recog
I1014 10:40:47.835928  4110 work_thread.hpp:92]  [T-Work-Detect_0] Push to split queue:recog
I1014 10:40:47.835940  4112 work_thread.hpp:81]  [T-Work-Recog_1] Run work: WorkCapture
I1014 10:40:47.835969  4111 work_thread.hpp:81]  [T-Work-Recog_0] Run work: WorkCapture
I1014 10:40:47.836241  4113 thread_intergrate.hpp:78] [T-Intergrate-intergrate] queue: frame output frame :107
I1014 10:40:47.836268  4113 thread_intergrate.hpp:85] [T-Intergrate-intergrate] queue: compare output face:2
I1014 10:40:47.836295  4113 thread_intergrate.hpp:134] T-Intergrate-intergrate set matched face: 2
I1014 10:40:47.836565  4111 work_thread.hpp:81]  [T-Work-Recog_0] Run work: WorkRecog
I1014 10:40:47.836583  4112 work_thread.hpp:81]  [T-Work-Recog_1] Run work: WorkRecog
W1014 10:40:47.836586  4111 work_recog.hpp:118] Face id: 3 has low quality : 0.00933354, no need to recog
I1014 10:40:47.836609  4112 work_recog.hpp:89] Face id: 2 will run recog: bbox [171 x 218 from (199, 132)] quality: 0.471766
I1014 10:40:47.837815  4113 thread_intergrate.hpp:154] T-Intergrate-intergrate Show face :2, size :640 * 360
I1014 10:40:47.837867  4111 work_thread.hpp:81]  [T-Work-Recog_0] Run work: WorkCompare
I1014 10:40:47.837873  4112 work_recog.hpp:96] Recog pair: [248 x 272 from (160, 88)], [171 x 218 from (39, 44)]
I1014 10:40:47.838374  4109 demo_inner.hpp:435] thread [SORT-0]  frame id 107 sorting queue size 9   FPS: 29.9754
I1014 10:40:47.855523  4112 work_thread.hpp:81]  [T-Work-Recog_1] Run work: WorkCompare
I1014 10:40:47.855631  4112 work_compare.cpp:76] Compare face: 2 successed, similarity :0.947387, name : images/thanglmb.jpg, normal size : 640 * 360!
I1014 10:40:47.864643  4107 demo_inner.hpp:177] decode queue size 0
I1014 10:40:47.864768  4110 work_thread.hpp:81]  [T-Work-Detect_0] Run work: WorkDetect
I1014 10:40:47.864804  4110 work_detect.cpp:102] Succeeded to add det start for frame 108
I1014 10:40:47.871554  4110 work_detect.cpp:70] Frame :108 detect result :2 face(s)
I1014 10:40:47.871670  4110 work_detect.cpp:86] Detected bbox: [175 x 216 from (198, 132)]
I1014 10:40:47.871706  4110 work_detect.cpp:86] Detected bbox: [31 x 59 from (447, 179)]
I1014 10:40:47.871737  4110 work_detect.cpp:120] Succeeded to add det end for frame 108
I1014 10:40:47.871752  4110 work_thread.hpp:81]  [T-Work-Detect_0] Run work: WrokTrack
I1014 10:40:47.871776  4110 work_track.cpp:82] Frame: 108 build input_characts: [0.273438 x 0.6 from (0.309375, 0.366667)], 1.00019, 0
I1014 10:40:47.871827  4110 work_track.cpp:82] Frame: 108 build input_characts: [0.0484375 x 0.163889 from (0.698438, 0.497222)], 0.967082, 1
I1014 10:40:47.871862  4110 work_track.cpp:102] Succeeded to set track lock for frame 108
I1014 10:40:47.871907  4110 work_track.cpp:116] Succeeded to release track lock for frame 108
I1014 10:40:47.871922  4110 work_track.cpp:120] Track results of frame 108: 2 objects input, 2 objects tracked!
I1014 10:40:47.871940  4110 work_track.cpp:148] Frame: 108, track bbox: [175 x 216 from (197.512, 132.856)], gid: 2, lid: 0
I1014 10:40:47.871973  4110 work_track.cpp:148] Frame: 108, track bbox: [31 x 59 from (446.746, 179.332)], gid: 3, lid: 1
I1014 10:40:47.872007  4110 work_thread.hpp:88]  [T-Work-Detect_0] Frame :108 split
I1014 10:40:47.872025  4110 work_thread.hpp:120]  [T-Work-Detect_0] Valid piece: gid = 2
I1014 10:40:47.872043  4110 work_thread.hpp:120]  [T-Work-Detect_0] Valid piece: gid = 3
I1014 10:40:47.872061  4110 work_thread.hpp:92]  [T-Work-Detect_0] Push to split queue:recog
I1014 10:40:47.872085  4110 work_thread.hpp:92]  [T-Work-Detect_0] Push to split queue:recog
I1014 10:40:47.872097  4112 work_thread.hpp:81]  [T-Work-Recog_1] Run work: WorkCapture
I1014 10:40:47.872129  4111 work_thread.hpp:81]  [T-Work-Recog_0] Run work: WorkCapture
I1014 10:40:47.872375  4113 thread_intergrate.hpp:78] [T-Intergrate-intergrate] queue: frame output frame :108
I1014 10:40:47.872404  4113 thread_intergrate.hpp:85] [T-Intergrate-intergrate] queue: compare output face:2
I1014 10:40:47.872423  4113 thread_intergrate.hpp:134] T-Intergrate-intergrate set matched face: 2
I1014 10:40:47.872700  4111 work_thread.hpp:81]  [T-Work-Recog_0] Run work: WorkRecog
I1014 10:40:47.872720  4112 work_thread.hpp:81]  [T-Work-Recog_1] Run work: WorkRecog
W1014 10:40:47.872723  4111 work_recog.hpp:118] Face id: 3 has low quality : 0.0118603, no need to recog
I1014 10:40:47.872743  4112 work_recog.hpp:89] Face id: 2 will run recog: bbox [175 x 216 from (198, 132)] quality: 0.474052
I1014 10:40:47.872810  4111 work_thread.hpp:81]  [T-Work-Recog_0] Run work: WorkCompare
I1014 10:40:47.872817  4112 work_recog.hpp:96] Recog pair: [248 x 272 from (160, 88)], [175 x 216 from (38, 44)]
I1014 10:40:47.873875  4113 thread_intergrate.hpp:154] T-Intergrate-intergrate Show face :2, size :640 * 360
I1014 10:40:47.874450  4109 demo_inner.hpp:435] thread [SORT-0]  frame id 108 sorting queue size 10   FPS: 29.8873
I1014 10:40:47.890298  4112 work_thread.hpp:81]  [T-Work-Recog_1] Run work: WorkCompare
I1014 10:40:47.890409  4112 work_compare.cpp:76] Compare face: 2 successed, similarity :0.948362, name : images/thanglmb.jpg, normal size : 640 * 360!
I1014 10:40:47.894773  4107 demo_inner.hpp:177] decode queue size 0
I1014 10:40:47.894870  4110 work_thread.hpp:81]  [T-Work-Detect_0] Run work: WorkDetect
I1014 10:40:47.894906  4110 work_detect.cpp:102] Succeeded to add det start for frame 109
I1014 10:40:47.901743  4110 work_detect.cpp:70] Frame :109 detect result :2 face(s)
I1014 10:40:47.901787  4110 work_detect.cpp:86] Detected bbox: [155 x 210 from (200, 130)]
I1014 10:40:47.901818  4110 work_detect.cpp:86] Detected bbox: [29 x 56 from (448, 180)]
I1014 10:40:47.901849  4110 work_detect.cpp:120] Succeeded to add det end for frame 109
I1014 10:40:47.901865  4110 work_thread.hpp:81]  [T-Work-Detect_0] Run work: WrokTrack
I1014 10:40:47.901890  4110 work_track.cpp:82] Frame: 109 build input_characts: [0.242188 x 0.583333 from (0.3125, 0.361111)], 1.00019, 0
I1014 10:40:47.901940  4110 work_track.cpp:82] Frame: 109 build input_characts: [0.0453125 x 0.155556 from (0.7, 0.5)], 0.939748, 1
I1014 10:40:47.902078  4110 work_track.cpp:102] Succeeded to set track lock for frame 109
I1014 10:40:47.902127  4110 work_track.cpp:116] Succeeded to release track lock for frame 109
I1014 10:40:47.902143  4110 work_track.cpp:120] Track results of frame 109: 2 objects input, 2 objects tracked!
I1014 10:40:47.902160  4110 work_track.cpp:148] Frame: 109, track bbox: [155 x 210 from (204.36, 132.985)], gid: 2, lid: 0
