I1014 15:30:22.628623  9102 work_thread.hpp:81]  [T-Work-Detect_0] Run work: WrokTrack
I1014 15:30:22.628646  9102 work_track.cpp:82] Frame: 41 build input_characts: [0.223438 x 0.527778 from (0.38125, 0.472222)], 1.00019, 0
I1014 15:30:22.628701  9102 work_track.cpp:102] Succeeded to set track lock for frame 41
I1014 15:30:22.628742  9102 work_track.cpp:116] Succeeded to release track lock for frame 41
I1014 15:30:22.628757  9102 work_track.cpp:120] Track results of frame 41: 1 objects input, 0 objects tracked!
I1014 15:30:22.628774  9102 work_track.cpp:162] Frame: 41 lid: 0 not tracked, will set invalid
I1014 15:30:22.628789  9102 work_thread.hpp:87]  [T-Work-Detect_0] Frame :41 split
I1014 15:30:22.628806  9102 work_thread.hpp:126]  [T-Work-Detect_0] Invalid piece: lid = 0, drop it
I1014 15:30:22.628859  9105 thread_intergrate.hpp:78] [T-Intergrate-intergrate] queue: frame output frame :41
I1014 15:30:22.630034  9105 thread_intergrate.hpp:186] T-Intergrate-intergrate Show face :0, size :640 * 360
I1014 15:30:22.630542  9101 demo_inner.hpp:435] thread [SORT-0]  frame id 41 sorting queue size 9   FPS: 20.0401
I1014 15:30:22.675662  9099 demo_inner.hpp:177] decode queue size 0
I1014 15:30:22.675768  9102 work_thread.hpp:81]  [T-Work-Detect_0] Run work: WorkDetect
I1014 15:30:22.675801  9102 work_detect.cpp:102] Succeeded to add det start for frame 42
I1014 15:30:22.682322  9102 work_detect.cpp:70] Frame :42 detect result :1 face(s)
W1014 15:30:22.682364  9102 work_detect.cpp:83] Invalid bbox: [148 x 192 from (241, 173)]
I1014 15:30:22.682438  9102 work_detect.cpp:120] Succeeded to add det end for frame 42
I1014 15:30:22.682456  9102 work_thread.hpp:81]  [T-Work-Detect_0] Run work: WrokTrack
I1014 15:30:22.682483  9102 work_track.cpp:102] Succeeded to set track lock for frame 42
I1014 15:30:22.682515  9102 work_track.cpp:116] Succeeded to release track lock for frame 42
I1014 15:30:22.682529  9102 work_track.cpp:120] Track results of frame 42: 0 objects input, 0 objects tracked!
I1014 15:30:22.682548  9102 work_thread.hpp:87]  [T-Work-Detect_0] Frame :42 split
I1014 15:30:22.682595  9105 thread_intergrate.hpp:78] [T-Intergrate-intergrate] queue: frame output frame :42
I1014 15:30:22.683740  9105 thread_intergrate.hpp:186] T-Intergrate-intergrate Show face :0, size :640 * 360
I1014 15:30:22.684331  9101 demo_inner.hpp:435] thread [SORT-0]  frame id 42 sorting queue size 10   FPS: 20
I1014 15:30:22.723664  9099 demo_inner.hpp:177] decode queue size 0
I1014 15:30:22.723767  9102 work_thread.hpp:81]  [T-Work-Detect_0] Run work: WorkDetect
I1014 15:30:22.723800  9102 work_detect.cpp:102] Succeeded to add det start for frame 43
I1014 15:30:22.730367  9102 work_detect.cpp:70] Frame :43 detect result :1 face(s)
W1014 15:30:22.730482  9102 work_detect.cpp:83] Invalid bbox: [147 x 193 from (241, 170)]
I1014 15:30:22.730530  9102 work_detect.cpp:120] Succeeded to add det end for frame 43
I1014 15:30:22.730545  9102 work_thread.hpp:81]  [T-Work-Detect_0] Run work: WrokTrack
I1014 15:30:22.730571  9102 work_track.cpp:102] Succeeded to set track lock for frame 43
I1014 15:30:22.730605  9102 work_track.cpp:116] Succeeded to release track lock for frame 43
I1014 15:30:22.730618  9102 work_track.cpp:120] Track results of frame 43: 0 objects input, 0 objects tracked!
I1014 15:30:22.730638  9102 work_thread.hpp:87]  [T-Work-Detect_0] Frame :43 split
I1014 15:30:22.730686  9105 thread_intergrate.hpp:78] [T-Intergrate-intergrate] queue: frame output frame :43
I1014 15:30:22.731778  9105 thread_intergrate.hpp:186] T-Intergrate-intergrate Show face :0, size :640 * 360
I1014 15:30:22.771715  9099 demo_inner.hpp:177] decode queue size 0
I1014 15:30:22.771829  9102 work_thread.hpp:81]  [T-Work-Detect_0] Run work: WorkDetect
I1014 15:30:22.771867  9102 work_detect.cpp:102] Succeeded to add det start for frame 44
I1014 15:30:22.778378  9102 work_detect.cpp:70] Frame :44 detect result :1 face(s)
W1014 15:30:22.778416  9102 work_detect.cpp:83] Invalid bbox: [144 x 191 from (243, 170)]
I1014 15:30:22.778491  9102 work_detect.cpp:120] Succeeded to add det end for frame 44
I1014 15:30:22.778507  9102 work_thread.hpp:81]  [T-Work-Detect_0] Run work: WrokTrack
I1014 15:30:22.778534  9102 work_track.cpp:102] Succeeded to set track lock for frame 44
I1014 15:30:22.778561  9102 work_track.cpp:116] Succeeded to release track lock for frame 44
I1014 15:30:22.778574  9102 work_track.cpp:120] Track results of frame 44: 0 objects input, 0 objects tracked!
I1014 15:30:22.778594  9102 work_thread.hpp:87]  [T-Work-Detect_0] Frame :44 split
I1014 15:30:22.778645  9105 thread_intergrate.hpp:78] [T-Intergrate-intergrate] queue: frame output frame :44
I1014 15:30:22.779736  9105 thread_intergrate.hpp:186] T-Intergrate-intergrate Show face :0, size :640 * 360
I1014 15:30:22.825654  9099 demo_inner.hpp:177] decode queue size 0
I1014 15:30:22.825786  9102 work_thread.hpp:81]  [T-Work-Detect_0] Run work: WorkDetect
I1014 15:30:22.825822  9102 work_detect.cpp:102] Succeeded to add det start for frame 45
I1014 15:30:22.832417  9102 work_detect.cpp:70] Frame :45 detect result :1 face(s)
W1014 15:30:22.832448  9102 work_detect.cpp:83] Invalid bbox: [147 x 196 from (242, 168)]
I1014 15:30:22.832521  9102 work_detect.cpp:120] Succeeded to add det end for frame 45
I1014 15:30:22.832538  9102 work_thread.hpp:81]  [T-Work-Detect_0] Run work: WrokTrack
I1014 15:30:22.832564  9102 work_track.cpp:102] Succeeded to set track lock for frame 45
I1014 15:30:22.832592  9102 work_track.cpp:116] Succeeded to release track lock for frame 45
I1014 15:30:22.832605  9102 work_track.cpp:120] Track results of frame 45: 0 objects input, 0 objects tracked!
I1014 15:30:22.832624  9102 work_thread.hpp:87]  [T-Work-Detect_0] Frame :45 split
I1014 15:30:22.832692  9105 thread_intergrate.hpp:78] [T-Intergrate-intergrate] queue: frame output frame :45
I1014 15:30:22.833783  9105 thread_intergrate.hpp:186] T-Intergrate-intergrate Show face :0, size :640 * 360
I1014 15:30:22.873633  9099 demo_inner.hpp:177] decode queue size 0
I1014 15:30:22.873745  9102 work_thread.hpp:81]  [T-Work-Detect_0] Run work: WorkDetect
I1014 15:30:22.873778  9102 work_detect.cpp:102] Succeeded to add det start for frame 46
I1014 15:30:22.880295  9102 work_detect.cpp:70] Frame :46 detect result :1 face(s)
W1014 15:30:22.880326  9102 work_detect.cpp:83] Invalid bbox: [145 x 191 from (242, 173)]
I1014 15:30:22.880398  9102 work_detect.cpp:120] Succeeded to add det end for frame 46
I1014 15:30:22.880415  9102 work_thread.hpp:81]  [T-Work-Detect_0] Run work: WrokTrack
I1014 15:30:22.880441  9102 work_track.cpp:102] Succeeded to set track lock for frame 46
I1014 15:30:22.880468  9102 work_track.cpp:116] Succeeded to release track lock for frame 46
I1014 15:30:22.880481  9102 work_track.cpp:120] Track results of frame 46: 0 objects input, 0 objects tracked!
I1014 15:30:22.880544  9102 work_thread.hpp:87]  [T-Work-Detect_0] Frame :46 split
I1014 15:30:22.880594  9105 thread_intergrate.hpp:78] [T-Intergrate-intergrate] queue: frame output frame :46
I1014 15:30:22.881687  9105 thread_intergrate.hpp:186] T-Intergrate-intergrate Show face :0, size :640 * 360
I1014 15:30:22.886179  9101 demo_inner.hpp:435] thread [SORT-0]  frame id 43 sorting queue size 10   FPS: 18.5941
I1014 15:30:22.886234  9100 demo_inner.hpp:260]  gui queue size 10, state = running
I1014 15:30:22.886634  9101 demo_inner.hpp:435] thread [SORT-0]  frame id 44 sorting queue size 10   FPS: 19.0609
I1014 15:30:22.887050  9101 demo_inner.hpp:435] thread [SORT-0]  frame id 45 sorting queue size 10   FPS: 19.496
I1014 15:30:22.887444  9101 demo_inner.hpp:435] thread [SORT-0]  frame id 46 sorting queue size 10   FPS: 19.9513
I1014 15:30:22.921200  9099 demo_inner.hpp:177] decode queue size 0
I1014 15:30:22.921285  9102 work_thread.hpp:81]  [T-Work-Detect_0] Run work: WorkDetect
I1014 15:30:22.921316  9102 work_detect.cpp:102] Succeeded to add det start for frame 47
I1014 15:30:22.927940  9102 work_detect.cpp:70] Frame :47 detect result :1 face(s)
W1014 15:30:22.927973  9102 work_detect.cpp:83] Invalid bbox: [146 x 195 from (242, 168)]
I1014 15:30:22.928048  9102 work_detect.cpp:120] Succeeded to add det end for frame 47
I1014 15:30:22.928066  9102 work_thread.hpp:81]  [T-Work-Detect_0] Run work: WrokTrack
I1014 15:30:22.928090  9102 work_track.cpp:102] Succeeded to set track lock for frame 47
I1014 15:30:22.928117  9102 work_track.cpp:116] Succeeded to release track lock for frame 47
I1014 15:30:22.928131  9102 work_track.cpp:120] Track results of frame 47: 0 objects input, 0 objects tracked!
I1014 15:30:22.928149  9102 work_thread.hpp:87]  [T-Work-Detect_0] Frame :47 split
I1014 15:30:22.928299  9105 thread_intergrate.hpp:78] [T-Intergrate-intergrate] queue: frame output frame :47
I1014 15:30:22.929389  9105 thread_intergrate.hpp:186] T-Intergrate-intergrate Show face :0, size :640 * 360
I1014 15:30:22.929939  9101 demo_inner.hpp:435] thread [SORT-0]  frame id 47 sorting queue size 0   FPS: 20.0685
I1014 15:30:22.930006  9100 demo_inner.hpp:260]  gui queue size 0, state = running
I1014 15:30:22.975250  9099 demo_inner.hpp:177] decode queue size 0
I1014 15:30:22.975353  9102 work_thread.hpp:81]  [T-Work-Detect_0] Run work: WorkDetect
I1014 15:30:22.975385  9102 work_detect.cpp:102] Succeeded to add det start for frame 48
I1014 15:30:22.981977  9102 work_detect.cpp:70] Frame :48 detect result :1 face(s)
W1014 15:30:22.982013  9102 work_detect.cpp:83] Invalid bbox: [147 x 192 from (242, 172)]
I1014 15:30:22.982087  9102 work_detect.cpp:120] Succeeded to add det end for frame 48
I1014 15:30:22.982105  9102 work_thread.hpp:81]  [T-Work-Detect_0] Run work: WrokTrack
I1014 15:30:22.982131  9102 work_track.cpp:102] Succeeded to set track lock for frame 48
I1014 15:30:22.982157  9102 work_track.cpp:116] Succeeded to release track lock for frame 48
I1014 15:30:22.982172  9102 work_track.cpp:120] Track results of frame 48: 0 objects input, 0 objects tracked!
I1014 15:30:22.982190  9102 work_thread.hpp:87]  [T-Work-Detect_0] Frame :48 split
I1014 15:30:22.982254  9105 thread_intergrate.hpp:78] [T-Intergrate-intergrate] queue: frame output frame :48
I1014 15:30:22.983386  9105 thread_intergrate.hpp:186] T-Intergrate-intergrate Show face :0, size :640 * 360
I1014 15:30:22.983956  9101 demo_inner.hpp:435] thread [SORT-0]  frame id 48 sorting queue size 0   FPS: 20.0098
I1014 15:30:22.984026  9100 demo_inner.hpp:260]  gui queue size 0, state = running
I1014 15:30:23.023144  9099 demo_inner.hpp:177] decode queue size 0
I1014 15:30:23.023231  9102 work_thread.hpp:81]  [T-Work-Detect_0] Run work: WorkDetect
I1014 15:30:23.023262  9102 work_detect.cpp:102] Succeeded to add det start for frame 49
I1014 15:30:23.029850  9102 work_detect.cpp:70] Frame :49 detect result :1 face(s)
W1014 15:30:23.029884  9102 work_detect.cpp:83] Invalid bbox: [148 x 195 from (240, 168)]
I1014 15:30:23.029959  9102 work_detect.cpp:120] Succeeded to add det end for frame 49
I1014 15:30:23.030019  9102 work_thread.hpp:81]  [T-Work-Detect_0] Run work: WrokTrack
I1014 15:30:23.030047  9102 work_track.cpp:102] Succeeded to set track lock for frame 49
I1014 15:30:23.030074  9102 work_track.cpp:116] Succeeded to release track lock for frame 49
I1014 15:30:23.030088  9102 work_track.cpp:120] Track results of frame 49: 0 objects input, 0 objects tracked!
I1014 15:30:23.030107  9102 work_thread.hpp:87]  [T-Work-Detect_0] Frame :49 split
I1014 15:30:23.030153  9105 thread_intergrate.hpp:78] [T-Intergrate-intergrate] queue: frame output frame :49
I1014 15:30:23.031251  9105 thread_intergrate.hpp:186] T-Intergrate-intergrate Show face :0, size :640 * 360
I1014 15:30:23.031844  9101 demo_inner.hpp:435] thread [SORT-0]  frame id 49 sorting queue size 0   FPS: 20.0098
I1014 15:30:23.031911  9100 demo_inner.hpp:260]  gui queue size 0, state = running
I1014 15:30:23.073174  9099 demo_inner.hpp:177] decode queue size 0
I1014 15:30:23.073282  9102 work_thread.hpp:81]  [T-Work-Detect_0] Run work: WorkDetect
I1014 15:30:23.073315  9102 work_detect.cpp:102] Succeeded to add det start for frame 50
I1014 15:30:23.079910  9102 work_detect.cpp:70] Frame :50 detect result :1 face(s)
W1014 15:30:23.079957  9102 work_detect.cpp:83] Invalid bbox: [147 x 192 from (241, 172)]
I1014 15:30:23.080034  9102 work_detect.cpp:120] Succeeded to add det end for frame 50
I1014 15:30:23.080052  9102 work_thread.hpp:81]  [T-Work-Detect_0] Run work: WrokTrack
I1014 15:30:23.080080  9102 work_track.cpp:102] Succeeded to set track lock for frame 50
I1014 15:30:23.080107  9102 work_track.cpp:116] Succeeded to release track lock for frame 50
I1014 15:30:23.080121  9102 work_track.cpp:120] Track results of frame 50: 0 objects input, 0 objects tracked!
I1014 15:30:23.080139  9102 work_thread.hpp:87]  [T-Work-Detect_0] Frame :50 split
I1014 15:30:23.080231  9105 thread_intergrate.hpp:78] [T-Intergrate-intergrate] queue: frame output frame :50
I1014 15:30:23.081322  9105 thread_intergrate.hpp:186] T-Intergrate-intergrate Show face :0, size :640 * 360
I1014 15:30:23.081867  9101 demo_inner.hpp:435] thread [SORT-0]  frame id 50 sorting queue size 0   FPS: 20.0391
I1014 15:30:23.081935  9100 demo_inner.hpp:260]  gui queue size 0, state = running
I1014 15:30:23.126631  9099 demo_inner.hpp:177] decode queue size 0
I1014 15:30:23.126729  9102 work_thread.hpp:81]  [T-Work-Detect_0] Run work: WorkDetect
I1014 15:30:23.126762  9102 work_detect.cpp:102] Succeeded to add det start for frame 51
I1014 15:30:23.133361  9102 work_detect.cpp:70] Frame :51 detect result :1 face(s)
W1014 15:30:23.133407  9102 work_detect.cpp:83] Invalid bbox: [144 x 190 from (243, 172)]
I1014 15:30:23.133481  9102 work_detect.cpp:120] Succeeded to add det end for frame 51
I1014 15:30:23.133497  9102 work_thread.hpp:81]  [T-Work-Detect_0] Run work: WrokTrack
I1014 15:30:23.133524  9102 work_track.cpp:102] Succeeded to set track lock for frame 51
I1014 15:30:23.133550  9102 work_track.cpp:116] Succeeded to release track lock for frame 51
I1014 15:30:23.133564  9102 work_track.cpp:120] Track results of frame 51: 0 objects input, 0 objects tracked!
I1014 15:30:23.133584  9102 work_thread.hpp:87]  [T-Work-Detect_0] Frame :51 split
I1014 15:30:23.133635  9105 thread_intergrate.hpp:78] [T-Intergrate-intergrate] queue: frame output frame :51
I1014 15:30:23.134737  9105 thread_intergrate.hpp:186] T-Intergrate-intergrate Show face :0, size :640 * 360
I1014 15:30:23.135300  9101 demo_inner.hpp:435] thread [SORT-0]  frame id 51 sorting queue size 0   FPS: 19.9902
I1014 15:30:23.135368  9100 demo_inner.hpp:260]  gui queue size 0, state = running
I1014 15:30:23.175086  9099 demo_inner.hpp:177] decode queue size 0
I1014 15:30:23.175190  9102 work_thread.hpp:81]  [T-Work-Detect_0] Run work: WorkDetect
I1014 15:30:23.175228  9102 work_detect.cpp:102] Succeeded to add det start for frame 52
I1014 15:30:23.181847  9102 work_detect.cpp:70] Frame :52 detect result :1 face(s)
W1014 15:30:23.181891  9102 work_detect.cpp:83] Invalid bbox: [144 x 192 from (243, 169)]
I1014 15:30:23.182009  9102 work_detect.cpp:120] Succeeded to add det end for frame 52
I1014 15:30:23.182026  9102 work_thread.hpp:81]  [T-Work-Detect_0] Run work: WrokTrack
I1014 15:30:23.182054  9102 work_track.cpp:102] Succeeded to set track lock for frame 52
I1014 15:30:23.182080  9102 work_track.cpp:116] Succeeded to release track lock for frame 52
I1014 15:30:23.182094  9102 work_track.cpp:120] Track results of frame 52: 0 objects input, 0 objects tracked!
I1014 15:30:23.182112  9102 work_thread.hpp:87]  [T-Work-Detect_0] Frame :52 split
I1014 15:30:23.182158  9105 thread_intergrate.hpp:78] [T-Intergrate-intergrate] queue: frame output frame :52
I1014 15:30:23.183250  9105 thread_intergrate.hpp:186] T-Intergrate-intergrate Show face :0, size :640 * 360
I1014 15:30:23.183815  9101 demo_inner.hpp:435] thread [SORT-0]  frame id 52 sorting queue size 0   FPS: 20
I1014 15:30:23.183887  9100 demo_inner.hpp:260]  gui queue size 0, state = running
I1014 15:30:23.225524  9099 demo_inner.hpp:177] decode queue size 0
I1014 15:30:23.225643  9102 work_thread.hpp:81]  [T-Work-Detect_0] Run work: WorkDetect
I1014 15:30:23.225678  9102 work_detect.cpp:102] Succeeded to add det start for frame 53
I1014 15:30:23.232218  9102 work_detect.cpp:70] Frame :53 detect result :1 face(s)
W1014 15:30:23.232255  9102 work_detect.cpp:83] Invalid bbox: [144 x 194 from (243, 169)]
I1014 15:30:23.232331  9102 work_detect.cpp:120] Succeeded to add det end for frame 53
I1014 15:30:23.232347  9102 work_thread.hpp:81]  [T-Work-Detect_0] Run work: WrokTrack
I1014 15:30:23.232373  9102 work_track.cpp:102] Succeeded to set track lock for frame 53
I1014 15:30:23.232400  9102 work_track.cpp:116] Succeeded to release track lock for frame 53
I1014 15:30:23.232414  9102 work_track.cpp:120] Track results of frame 53: 0 objects input, 0 objects tracked!
I1014 15:30:23.232434  9102 work_thread.hpp:87]  [T-Work-Detect_0] Frame :53 split
I1014 15:30:23.232501  9105 thread_intergrate.hpp:78] [T-Intergrate-intergrate] queue: frame output frame :53
I1014 15:30:23.233592  9105 thread_intergrate.hpp:186] T-Intergrate-intergrate Show face :0, size :640 * 360
I1014 15:30:23.234149  9101 demo_inner.hpp:435] thread [SORT-0]  frame id 53 sorting queue size 0   FPS: 20.0293
I1014 15:30:23.234217  9100 demo_inner.hpp:260]  gui queue size 0, state = running
I1014 15:30:23.277199  9099 demo_inner.hpp:177] decode queue size 0
I1014 15:30:23.277302  9102 work_thread.hpp:81]  [T-Work-Detect_0] Run work: WorkDetect
I1014 15:30:23.277336  9102 work_detect.cpp:102] Succeeded to add det start for frame 54
I1014 15:30:23.283887  9102 work_detect.cpp:70] Frame :54 detect result :1 face(s)
W1014 15:30:23.283931  9102 work_detect.cpp:83] Invalid bbox: [146 x 194 from (242, 168)]
I1014 15:30:23.284005  9102 work_detect.cpp:120] Succeeded to add det end for frame 54
I1014 15:30:23.284023  9102 work_thread.hpp:81]  [T-Work-Detect_0] Run work: WrokTrack
I1014 15:30:23.284049  9102 work_track.cpp:102] Succeeded to set track lock for frame 54
I1014 15:30:23.284076  9102 work_track.cpp:116] Succeeded to release track lock for frame 54
I1014 15:30:23.284090  9102 work_track.cpp:120] Track results of frame 54: 0 objects input, 0 objects tracked!
I1014 15:30:23.284109  9102 work_thread.hpp:87]  [T-Work-Detect_0] Frame :54 split
I1014 15:30:23.284189  9105 thread_intergrate.hpp:78] [T-Intergrate-intergrate] queue: frame output frame :54
I1014 15:30:23.285281  9105 thread_intergrate.hpp:186] T-Intergrate-intergrate Show face :0, size :640 * 360
I1014 15:30:23.285864  9101 demo_inner.hpp:435] thread [SORT-0]  frame id 54 sorting queue size 0   FPS: 19.9805
I1014 15:30:23.285933  9100 demo_inner.hpp:260]  gui queue size 0, state = running
I1014 15:30:23.326404  9099 demo_inner.hpp:177] decode queue size 0
I1014 15:30:23.326512  9102 work_thread.hpp:81]  [T-Work-Detect_0] Run work: WorkDetect
I1014 15:30:23.326550  9102 work_detect.cpp:102] Succeeded to add det start for frame 55
I1014 15:30:23.333828  9102 work_detect.cpp:70] Frame :55 detect result :1 face(s)
W1014 15:30:23.333865  9102 work_detect.cpp:83] Invalid bbox: [147 x 191 from (241, 172)]
I1014 15:30:23.333986  9102 work_detect.cpp:120] Succeeded to add det end for frame 55
I1014 15:30:23.334028  9102 work_thread.hpp:81]  [T-Work-Detect_0] Run work: WrokTrack
I1014 15:30:23.334058  9102 work_track.cpp:102] Succeeded to set track lock for frame 55
I1014 15:30:23.334084  9102 work_track.cpp:116] Succeeded to release track lock for frame 55
I1014 15:30:23.334098  9102 work_track.cpp:120] Track results of frame 55: 0 objects input, 0 objects tracked!
I1014 15:30:23.334117  9102 work_thread.hpp:87]  [T-Work-Detect_0] Frame :55 split
I1014 15:30:23.334470  9105 thread_intergrate.hpp:78] [T-Intergrate-intergrate] queue: frame output frame :55
I1014 15:30:23.335582  9105 thread_intergrate.hpp:186] T-Intergrate-intergrate Show face :0, size :640 * 360
I1014 15:30:23.336149  9101 demo_inner.hpp:435] thread [SORT-0]  frame id 55 sorting queue size 0   FPS: 19.9611
I1014 15:30:23.336232  9100 demo_inner.hpp:260]  gui queue size 0, state = running
I1014 15:30:23.371367  9099 demo_inner.hpp:177] decode queue size 0
I1014 15:30:23.371481  9102 work_thread.hpp:81]  [T-Work-Detect_0] Run work: WorkDetect
I1014 15:30:23.371544  9102 work_detect.cpp:102] Succeeded to add det start for frame 56
I1014 15:30:23.379074  9102 work_detect.cpp:70] Frame :56 detect result :1 face(s)
W1014 15:30:23.379122  9102 work_detect.cpp:83] Invalid bbox: [145 x 193 from (242, 170)]
I1014 15:30:23.379204  9102 work_detect.cpp:120] Succeeded to add det end for frame 56
I1014 15:30:23.379220  9102 work_thread.hpp:81]  [T-Work-Detect_0] Run work: WrokTrack
I1014 15:30:23.379248  9102 work_track.cpp:102] Succeeded to set track lock for frame 56
I1014 15:30:23.379299  9102 work_track.cpp:116] Succeeded to release track lock for frame 56
I1014 15:30:23.379366  9102 work_track.cpp:120] Track results of frame 56: 0 objects input, 0 objects tracked!
I1014 15:30:23.379386  9102 work_thread.hpp:87]  [T-Work-Detect_0] Frame :56 split
I1014 15:30:23.379441  9105 thread_intergrate.hpp:78] [T-Intergrate-intergrate] queue: frame output frame :56
I1014 15:30:23.380551  9105 thread_intergrate.hpp:186] T-Intergrate-intergrate Show face :0, size :640 * 360
I1014 15:30:23.381245  9101 demo_inner.hpp:435] thread [SORT-0]  frame id 56 sorting queue size 0   FPS: 20.0489
I1014 15:30:23.381314  9100 demo_inner.hpp:260]  gui queue size 0, state = running
I1014 15:30:23.425252  9099 demo_inner.hpp:177] decode queue size 0
I1014 15:30:23.425357  9102 work_thread.hpp:81]  [T-Work-Detect_0] Run work: WorkDetect
I1014 15:30:23.425392  9102 work_detect.cpp:102] Succeeded to add det start for frame 57
I1014 15:30:23.432668  9102 work_detect.cpp:70] Frame :57 detect result :1 face(s)
W1014 15:30:23.432737  9102 work_detect.cpp:83] Invalid bbox: [148 x 193 from (241, 172)]
I1014 15:30:23.432811  9102 work_detect.cpp:120] Succeeded to add det end for frame 57
I1014 15:30:23.432837  9102 work_thread.hpp:81]  [T-Work-Detect_0] Run work: WrokTrack
I1014 15:30:23.432864  9102 work_track.cpp:102] Succeeded to set track lock for frame 57
I1014 15:30:23.432891  9102 work_track.cpp:116] Succeeded to release track lock for frame 57
I1014 15:30:23.432904  9102 work_track.cpp:120] Track results of frame 57: 0 objects input, 0 objects tracked!
I1014 15:30:23.432947  9102 work_thread.hpp:87]  [T-Work-Detect_0] Frame :57 split
I1014 15:30:23.432999  9105 thread_intergrate.hpp:78] [T-Intergrate-intergrate] queue: frame output frame :57
I1014 15:30:23.434087  9105 thread_intergrate.hpp:186] T-Intergrate-intergrate Show face :0, size :640 * 360
I1014 15:30:23.434669  9101 demo_inner.hpp:435] thread [SORT-0]  frame id 57 sorting queue size 0   FPS: 19.9902
I1014 15:30:23.434736  9100 demo_inner.hpp:260]  gui queue size 0, state = running
I1014 15:30:23.473369  9099 demo_inner.hpp:177] decode queue size 0
I1014 15:30:23.473465  9102 work_thread.hpp:81]  [T-Work-Detect_0] Run work: WorkDetect
I1014 15:30:23.473500  9102 work_detect.cpp:102] Succeeded to add det start for frame 58
I1014 15:30:23.480911  9102 work_detect.cpp:70] Frame :58 detect result :1 face(s)
W1014 15:30:23.481036  9102 work_detect.cpp:83] Invalid bbox: [147 x 195 from (241, 167)]
I1014 15:30:23.481113  9102 work_detect.cpp:120] Succeeded to add det end for frame 58
I1014 15:30:23.481132  9102 work_thread.hpp:81]  [T-Work-Detect_0] Run work: WrokTrack
I1014 15:30:23.481159  9102 work_track.cpp:102] Succeeded to set track lock for frame 58
I1014 15:30:23.481194  9102 work_track.cpp:116] Succeeded to release track lock for frame 58
I1014 15:30:23.481209  9102 work_track.cpp:120] Track results of frame 58: 0 objects input, 0 objects tracked!
I1014 15:30:23.481228  9102 work_thread.hpp:87]  [T-Work-Detect_0] Frame :58 split
I1014 15:30:23.481283  9105 thread_intergrate.hpp:78] [T-Intergrate-intergrate] queue: frame output frame :58
I1014 15:30:23.482446  9105 thread_intergrate.hpp:186] T-Intergrate-intergrate Show face :0, size :640 * 360
I1014 15:30:23.483019  9101 demo_inner.hpp:435] thread [SORT-0]  frame id 58 sorting queue size 0   FPS: 19.9902
I1014 15:30:23.483089  9100 demo_inner.hpp:260]  gui queue size 0, state = running
I1014 15:30:23.521401  9099 demo_inner.hpp:177] decode queue size 0
I1014 15:30:23.521540  9102 work_thread.hpp:81]  [T-Work-Detect_0] Run work: WorkDetect
I1014 15:30:23.521577  9102 work_detect.cpp:102] Succeeded to add det start for frame 59
I1014 15:30:23.529176  9102 work_detect.cpp:70] Frame :59 detect result :1 face(s)
W1014 15:30:23.529223  9102 work_detect.cpp:83] Invalid bbox: [145 x 190 from (243, 173)]
I1014 15:30:23.534231  9102 work_detect.cpp:120] Succeeded to add det end for frame 59
I1014 15:30:23.534258  9102 work_thread.hpp:81]  [T-Work-Detect_0] Run work: WrokTrack
I1014 15:30:23.534286  9102 work_track.cpp:102] Succeeded to set track lock for frame 59
I1014 15:30:23.534363  9102 work_track.cpp:116] Succeeded to release track lock for frame 59
I1014 15:30:23.534379  9102 work_track.cpp:120] Track results of frame 59: 0 objects input, 0 objects tracked!
I1014 15:30:23.534399  9102 work_thread.hpp:87]  [T-Work-Detect_0] Frame :59 split
I1014 15:30:23.534454  9105 thread_intergrate.hpp:78] [T-Intergrate-intergrate] queue: frame output frame :59
I1014 15:30:23.535573  9105 thread_intergrate.hpp:186] T-Intergrate-intergrate Show face :0, size :640 * 360
I1014 15:30:23.536177  9101 demo_inner.hpp:435] thread [SORT-0]  frame id 59 sorting queue size 0   FPS: 20
I1014 15:30:23.536245  9100 demo_inner.hpp:260]  gui queue size 0, state = running
I1014 15:30:23.575202  9099 demo_inner.hpp:177] decode queue size 0
I1014 15:30:23.575310  9102 work_thread.hpp:81]  [T-Work-Detect_0] Run work: WorkDetect
I1014 15:30:23.575346  9102 work_detect.cpp:102] Succeeded to add det start for frame 60
I1014 15:30:23.582721  9102 work_detect.cpp:70] Frame :60 detect result :2 face(s)
W1014 15:30:23.582769  9102 work_detect.cpp:83] Invalid bbox: [146 x 191 from (242, 171)]
I1014 15:30:23.582870  9102 work_detect.cpp:86] Detected bbox: [28 x 35 from (149, 107)]
I1014 15:30:23.582939  9102 work_detect.cpp:120] Succeeded to add det end for frame 60
I1014 15:30:23.582958  9102 work_thread.hpp:81]  [T-Work-Detect_0] Run work: WrokTrack
I1014 15:30:23.582983  9102 work_track.cpp:82] Frame: 60 build input_characts: [0.04375 x 0.0972222 from (0.232812, 0.297222)], 0.949752, 0
I1014 15:30:23.583040  9102 work_track.cpp:102] Succeeded to set track lock for frame 60
I1014 15:30:23.583082  9102 work_track.cpp:116] Succeeded to release track lock for frame 60
I1014 15:30:23.583097  9102 work_track.cpp:120] Track results of frame 60: 1 objects input, 0 objects tracked!
I1014 15:30:23.583114  9102 work_track.cpp:162] Frame: 60 lid: 1 not tracked, will set invalid
I1014 15:30:23.583130  9102 work_thread.hpp:87]  [T-Work-Detect_0] Frame :60 split
I1014 15:30:23.583148  9102 work_thread.hpp:126]  [T-Work-Detect_0] Invalid piece: lid = 1, drop it
I1014 15:30:23.583225  9105 thread_intergrate.hpp:78] [T-Intergrate-intergrate] queue: frame output frame :60
I1014 15:30:23.584314  9105 thread_intergrate.hpp:186] T-Intergrate-intergrate Show face :0, size :640 * 360
I1014 15:30:23.584892  9101 demo_inner.hpp:435] thread [SORT-0]  frame id 60 sorting queue size 0   FPS: 19.9902
I1014 15:30:23.585012  9100 demo_inner.hpp:260]  gui queue size 0, state = running
I1014 15:30:23.623265  9099 demo_inner.hpp:177] decode queue size 0
I1014 15:30:23.623386  9102 work_thread.hpp:81]  [T-Work-Detect_0] Run work: WorkDetect
I1014 15:30:23.623450  9102 work_detect.cpp:102] Succeeded to add det start for frame 61
I1014 15:30:23.630833  9102 work_detect.cpp:70] Frame :61 detect result :1 face(s)
W1014 15:30:23.630877  9102 work_detect.cpp:83] Invalid bbox: [148 x 193 from (241, 170)]
I1014 15:30:23.631009  9102 work_detect.cpp:120] Succeeded to add det end for frame 61
I1014 15:30:23.631026  9102 work_thread.hpp:81]  [T-Work-Detect_0] Run work: WrokTrack
I1014 15:30:23.631080  9102 work_track.cpp:102] Succeeded to set track lock for frame 61
I1014 15:30:23.631112  9102 work_track.cpp:116] Succeeded to release track lock for frame 61
I1014 15:30:23.631127  9102 work_track.cpp:120] Track results of frame 61: 0 objects input, 0 objects tracked!
I1014 15:30:23.631145  9102 work_thread.hpp:87]  [T-Work-Detect_0] Frame :61 split
I1014 15:30:23.631206  9105 thread_intergrate.hpp:78] [T-Intergrate-intergrate] queue: frame output frame :61
I1014 15:30:23.632302  9105 thread_intergrate.hpp:186] T-Intergrate-intergrate Show face :0, size :640 * 360
I1014 15:30:23.632872  9101 demo_inner.hpp:435] thread [SORT-0]  frame id 61 sorting queue size 0   FPS: 19.9902
I1014 15:30:23.632941  9100 demo_inner.hpp:260]  gui queue size 0, state = running
I1014 15:30:23.671326  9099 demo_inner.hpp:177] decode queue size 0
I1014 15:30:23.671442  9102 work_thread.hpp:81]  [T-Work-Detect_0] Run work: WorkDetect
I1014 15:30:23.671478  9102 work_detect.cpp:102] Succeeded to add det start for frame 62
I1014 15:30:23.679044  9102 work_detect.cpp:70] Frame :62 detect result :1 face(s)
W1014 15:30:23.679095  9102 work_detect.cpp:83] Invalid bbox: [147 x 192 from (241, 169)]
I1014 15:30:23.679198  9102 work_detect.cpp:120] Succeeded to add det end for frame 62
I1014 15:30:23.679216  9102 work_thread.hpp:81]  [T-Work-Detect_0] Run work: WrokTrack
I1014 15:30:23.679244  9102 work_track.cpp:102] Succeeded to set track lock for frame 62
I1014 15:30:23.679303  9102 work_track.cpp:116] Succeeded to release track lock for frame 62
I1014 15:30:23.679369  9102 work_track.cpp:120] Track results of frame 62: 0 objects input, 0 objects tracked!
I1014 15:30:23.679389  9102 work_thread.hpp:87]  [T-Work-Detect_0] Frame :62 split
I1014 15:30:23.679448  9105 thread_intergrate.hpp:78] [T-Intergrate-intergrate] queue: frame output frame :62
I1014 15:30:23.680537  9105 thread_intergrate.hpp:186] T-Intergrate-intergrate Show face :0, size :640 * 360
I1014 15:30:23.681061  9101 demo_inner.hpp:435] thread [SORT-0]  frame id 62 sorting queue size 0   FPS: 20.0391
I1014 15:30:23.681129  9100 demo_inner.hpp:260]  gui queue size 0, state = running
I1014 15:30:23.725266  9099 demo_inner.hpp:177] decode queue size 0
I1014 15:30:23.725379  9102 work_thread.hpp:81]  [T-Work-Detect_0] Run work: WorkDetect
I1014 15:30:23.725442  9102 work_detect.cpp:102] Succeeded to add det start for frame 63
I1014 15:30:23.732817  9102 work_detect.cpp:70] Frame :63 detect result :2 face(s)
W1014 15:30:23.732861  9102 work_detect.cpp:83] Invalid bbox: [149 x 198 from (241, 166)]
I1014 15:30:23.732995  9102 work_detect.cpp:86] Detected bbox: [28 x 36 from (149, 106)]
I1014 15:30:23.733038  9102 work_detect.cpp:120] Succeeded to add det end for frame 63
I1014 15:30:23.733064  9102 work_thread.hpp:81]  [T-Work-Detect_0] Run work: WrokTrack
I1014 15:30:23.733109  9102 work_track.cpp:82] Frame: 63 build input_characts: [0.04375 x 0.1 from (0.232812, 0.294444)], 0.932491, 0
I1014 15:30:23.733178  9102 work_track.cpp:102] Succeeded to set track lock for frame 63
I1014 15:30:23.733216  9102 work_track.cpp:116] Succeeded to release track lock for frame 63
I1014 15:30:23.733229  9102 work_track.cpp:120] Track results of frame 63: 1 objects input, 0 objects tracked!
I1014 15:30:23.733247  9102 work_track.cpp:162] Frame: 63 lid: 1 not tracked, will set invalid
I1014 15:30:23.733398  9102 work_thread.hpp:87]  [T-Work-Detect_0] Frame :63 split
I1014 15:30:23.733425  9102 work_thread.hpp:126]  [T-Work-Detect_0] Invalid piece: lid = 1, drop it
I1014 15:30:23.733474  9105 thread_intergrate.hpp:78] [T-Intergrate-intergrate] queue: frame output frame :63
I1014 15:30:23.734562  9105 thread_intergrate.hpp:186] T-Intergrate-intergrate Show face :0, size :640 * 360
I1014 15:30:23.735116  9101 demo_inner.hpp:435] thread [SORT-0]  frame id 63 sorting queue size 0   FPS: 19.9805
I1014 15:30:23.735180  9100 demo_inner.hpp:260]  gui queue size 0, state = running
I1014 15:30:23.773286  9099 demo_inner.hpp:177] decode queue size 0
I1014 15:30:23.773430  9102 work_thread.hpp:81]  [T-Work-Detect_0] Run work: WorkDetect
I1014 15:30:23.773466  9102 work_detect.cpp:102] Succeeded to add det start for frame 64
I1014 15:30:23.780869  9102 work_detect.cpp:70] Frame :64 detect result :2 face(s)
W1014 15:30:23.780939  9102 work_detect.cpp:83] Invalid bbox: [148 x 194 from (241, 168)]
I1014 15:30:23.781026  9102 work_detect.cpp:86] Detected bbox: [28 x 37 from (148, 106)]
I1014 15:30:23.781077  9102 work_detect.cpp:120] Succeeded to add det end for frame 64
I1014 15:30:23.781095  9102 work_thread.hpp:81]  [T-Work-Detect_0] Run work: WrokTrack
I1014 15:30:23.781118  9102 work_track.cpp:82] Frame: 64 build input_characts: [0.04375 x 0.102778 from (0.23125, 0.294444)], 0.959737, 0
I1014 15:30:23.781203  9102 work_track.cpp:102] Succeeded to set track lock for frame 64
I1014 15:30:23.781244  9102 work_track.cpp:116] Succeeded to release track lock for frame 64
I1014 15:30:23.781258  9102 work_track.cpp:120] Track results of frame 64: 1 objects input, 0 objects tracked!
I1014 15:30:23.781276  9102 work_track.cpp:162] Frame: 64 lid: 1 not tracked, will set invalid
I1014 15:30:23.781301  9102 work_thread.hpp:87]  [T-Work-Detect_0] Frame :64 split
I1014 15:30:23.781369  9102 work_thread.hpp:126]  [T-Work-Detect_0] Invalid piece: lid = 1, drop it
I1014 15:30:23.781445  9105 thread_intergrate.hpp:78] [T-Intergrate-intergrate] queue: frame output frame :64
I1014 15:30:23.782534  9105 thread_intergrate.hpp:186] T-Intergrate-intergrate Show face :0, size :640 * 360
I1014 15:30:23.783103  9101 demo_inner.hpp:435] thread [SORT-0]  frame id 64 sorting queue size 0   FPS: 20
I1014 15:30:23.783169  9100 demo_inner.hpp:260]  gui queue size 0, state = running
I1014 15:30:23.821311  9099 demo_inner.hpp:177] decode queue size 0
I1014 15:30:23.821429  9102 work_thread.hpp:81]  [T-Work-Detect_0] Run work: WorkDetect
I1014 15:30:23.821465  9102 work_detect.cpp:102] Succeeded to add det start for frame 65
I1014 15:30:23.829023  9102 work_detect.cpp:70] Frame :65 detect result :2 face(s)
W1014 15:30:23.829073  9102 work_detect.cpp:83] Invalid bbox: [148 x 195 from (241, 169)]
I1014 15:30:23.829166  9102 work_detect.cpp:86] Detected bbox: [26 x 36 from (149, 106)]
I1014 15:30:23.829210  9102 work_detect.cpp:120] Succeeded to add det end for frame 65
I1014 15:30:23.829226  9102 work_thread.hpp:81]  [T-Work-Detect_0] Run work: WrokTrack
I1014 15:30:23.829398  9102 work_track.cpp:82] Frame: 65 build input_characts: [0.040625 x 0.1 from (0.232812, 0.294444)], 0.938558, 0
I1014 15:30:23.829458  9102 work_track.cpp:102] Succeeded to set track lock for frame 65
I1014 15:30:23.829521  9102 work_track.cpp:116] Succeeded to release track lock for frame 65
I1014 15:30:23.829537  9102 work_track.cpp:120] Track results of frame 65: 1 objects input, 1 objects tracked!
I1014 15:30:23.829555  9102 work_track.cpp:148] Frame: 65, track bbox: [26 x 36 from (148.825, 106.163)], gid: 2, lid: 0
I1014 15:30:23.829592  9102 work_thread.hpp:87]  [T-Work-Detect_0] Frame :65 split
I1014 15:30:23.829612  9102 work_thread.hpp:120]  [T-Work-Detect_0] Valid piece: gid = 2
I1014 15:30:23.829629  9102 work_thread.hpp:91]  [T-Work-Detect_0] Push to split queue:recog
I1014 15:30:23.829686  9103 work_thread.hpp:81]  [T-Work-Recog_0] Run work: WorkCapture
I1014 15:30:23.830027  9105 thread_intergrate.hpp:78] [T-Intergrate-intergrate] queue: frame output frame :65
I1014 15:30:23.830196  9103 work_thread.hpp:81]  [T-Work-Recog_0] Run work: WorkRecog
W1014 15:30:23.830219  9103 work_recog.hpp:118] Face id: 2 has low quality : 0.0411406, no need to recog
I1014 15:30:23.830293  9103 work_thread.hpp:81]  [T-Work-Recog_0] Run work: WorkCompare
I1014 15:30:23.831243  9105 thread_intergrate.hpp:186] T-Intergrate-intergrate Show face :0, size :640 * 360
I1014 15:30:23.831737  9101 demo_inner.hpp:435] thread [SORT-0]  frame id 65 sorting queue size 0   FPS: 20.0391
I1014 15:30:23.831799  9100 demo_inner.hpp:260]  gui queue size 0, state = running
I1014 15:30:23.875221  9099 demo_inner.hpp:177] decode queue size 0
I1014 15:30:23.875332  9102 work_thread.hpp:81]  [T-Work-Detect_0] Run work: WorkDetect
I1014 15:30:23.875368  9102 work_detect.cpp:102] Succeeded to add det start for frame 66
I1014 15:30:23.882750  9102 work_detect.cpp:70] Frame :66 detect result :2 face(s)
W1014 15:30:23.882803  9102 work_detect.cpp:83] Invalid bbox: [144 x 190 from (243, 173)]
I1014 15:30:23.882889  9102 work_detect.cpp:86] Detected bbox: [28 x 38 from (148, 105)]
I1014 15:30:23.882967  9102 work_detect.cpp:120] Succeeded to add det end for frame 66
I1014 15:30:23.882985  9102 work_thread.hpp:81]  [T-Work-Detect_0] Run work: WrokTrack
I1014 15:30:23.883010  9102 work_track.cpp:82] Frame: 66 build input_characts: [0.04375 x 0.105556 from (0.23125, 0.291667)], 0.927122, 0
I1014 15:30:23.883076  9102 work_track.cpp:102] Succeeded to set track lock for frame 66
I1014 15:30:23.883116  9102 work_track.cpp:116] Succeeded to release track lock for frame 66
I1014 15:30:23.883131  9102 work_track.cpp:120] Track results of frame 66: 1 objects input, 1 objects tracked!
I1014 15:30:23.883173  9102 work_track.cpp:148] Frame: 66, track bbox: [28 x 38 from (147.802, 105.048)], gid: 2, lid: 0
I1014 15:30:23.883211  9102 work_thread.hpp:87]  [T-Work-Detect_0] Frame :66 split
I1014 15:30:23.883229  9102 work_thread.hpp:120]  [T-Work-Detect_0] Valid piece: gid = 2
I1014 15:30:23.883247  9102 work_thread.hpp:91]  [T-Work-Detect_0] Push to split queue:recog
I1014 15:30:23.883307  9104 work_thread.hpp:81]  [T-Work-Recog_1] Run work: WorkCapture
I1014 15:30:23.883613  9105 thread_intergrate.hpp:78] [T-Intergrate-intergrate] queue: frame output frame :66
I1014 15:30:23.883860  9104 work_thread.hpp:81]  [T-Work-Recog_1] Run work: WorkRecog
W1014 15:30:23.883883  9104 work_recog.hpp:118] Face id: 2 has low quality : 0.0370292, no need to recog
I1014 15:30:23.884029  9104 work_thread.hpp:81]  [T-Work-Recog_1] Run work: WorkCompare
I1014 15:30:23.884826  9105 thread_intergrate.hpp:186] T-Intergrate-intergrate Show face :0, size :640 * 360
I1014 15:30:23.885370  9101 demo_inner.hpp:435] thread [SORT-0]  frame id 66 sorting queue size 0   FPS: 19.9902
I1014 15:30:23.885432  9100 demo_inner.hpp:260]  gui queue size 0, state = running
I1014 15:30:23.923297  9099 demo_inner.hpp:177] decode queue size 0
I1014 15:30:23.923429  9102 work_thread.hpp:81]  [T-Work-Detect_0] Run work: WorkDetect
I1014 15:30:23.923465  9102 work_detect.cpp:102] Succeeded to add det start for frame 67
I1014 15:30:23.930768  9102 work_detect.cpp:70] Frame :67 detect result :2 face(s)
W1014 15:30:23.930819  9102 work_detect.cpp:83] Invalid bbox: [148 x 192 from (241, 173)]
I1014 15:30:23.930930  9102 work_detect.cpp:86] Detected bbox: [28 x 39 from (148, 104)]
I1014 15:30:23.930974  9102 work_detect.cpp:120] Succeeded to add det end for frame 67
I1014 15:30:23.930990  9102 work_thread.hpp:81]  [T-Work-Detect_0] Run work: WrokTrack
I1014 15:30:23.931048  9102 work_track.cpp:82] Frame: 67 build input_characts: [0.04375 x 0.108333 from (0.23125, 0.288889)], 0.915779, 0
I1014 15:30:23.931107  9102 work_track.cpp:102] Succeeded to set track lock for frame 67
I1014 15:30:23.931169  9102 work_track.cpp:116] Succeeded to release track lock for frame 67
I1014 15:30:23.931185  9102 work_track.cpp:120] Track results of frame 67: 1 objects input, 1 objects tracked!
I1014 15:30:23.931205  9102 work_track.cpp:148] Frame: 67, track bbox: [28 x 39 from (147.799, 104.197)], gid: 2, lid: 0
I1014 15:30:23.931291  9102 work_thread.hpp:87]  [T-Work-Detect_0] Frame :67 split
I1014 15:30:23.931362  9102 work_thread.hpp:120]  [T-Work-Detect_0] Valid piece: gid = 2
I1014 15:30:23.931382  9102 work_thread.hpp:91]  [T-Work-Detect_0] Push to split queue:recog
I1014 15:30:23.931452  9104 work_thread.hpp:81]  [T-Work-Recog_1] Run work: WorkCapture
I1014 15:30:23.931712  9105 thread_intergrate.hpp:78] [T-Intergrate-intergrate] queue: frame output frame :67
I1014 15:30:23.932013  9104 work_thread.hpp:81]  [T-Work-Recog_1] Run work: WorkRecog
W1014 15:30:23.932035  9104 work_recog.hpp:118] Face id: 2 has low quality : 0.0266797, no need to recog
I1014 15:30:23.932086  9104 work_thread.hpp:81]  [T-Work-Recog_1] Run work: WorkCompare
I1014 15:30:23.932832  9105 thread_intergrate.hpp:186] T-Intergrate-intergrate Show face :0, size :640 * 360
I1014 15:30:23.933395  9101 demo_inner.hpp:435] thread [SORT-0]  frame id 67 sorting queue size 0   FPS: 19.9805
I1014 15:30:23.933457  9100 demo_inner.hpp:260]  gui queue size 0, state = running
I1014 15:30:23.971343  9099 demo_inner.hpp:177] decode queue size 0
I1014 15:30:23.971609  9102 work_thread.hpp:81]  [T-Work-Detect_0] Run work: WorkDetect
I1014 15:30:23.971670  9102 work_detect.cpp:102] Succeeded to add det start for frame 68
I1014 15:30:23.979122  9102 work_detect.cpp:70] Frame :68 detect result :1 face(s)
W1014 15:30:23.979197  9102 work_detect.cpp:83] Invalid bbox: [147 x 193 from (241, 170)]
I1014 15:30:23.979302  9102 work_detect.cpp:120] Succeeded to add det end for frame 68
I1014 15:30:23.979372  9102 work_thread.hpp:81]  [T-Work-Detect_0] Run work: WrokTrack
I1014 15:30:23.979424  9102 work_track.cpp:102] Succeeded to set track lock for frame 68
I1014 15:30:23.979459  9102 work_track.cpp:116] Succeeded to release track lock for frame 68
I1014 15:30:23.979472  9102 work_track.cpp:120] Track results of frame 68: 0 objects input, 1 objects tracked!
I1014 15:30:23.979490  9102 work_track.cpp:148] Frame: 68, track bbox: [28 x 39 from (147.598, 104.047)], gid: 2, lid: -1
I1014 15:30:23.979552  9102 work_thread.hpp:87]  [T-Work-Detect_0] Frame :68 split
I1014 15:30:23.980145  9105 thread_intergrate.hpp:78] [T-Intergrate-intergrate] queue: frame output frame :68
I1014 15:30:23.981256  9105 thread_intergrate.hpp:186] T-Intergrate-intergrate Show face :0, size :640 * 360
I1014 15:30:23.981796  9101 demo_inner.hpp:435] thread [SORT-0]  frame id 68 sorting queue size 0   FPS: 20.0391
I1014 15:30:23.981864  9100 demo_inner.hpp:260]  gui queue size 0, state = running
I1014 15:30:24.025272  9099 demo_inner.hpp:177] decode queue size 0
I1014 15:30:24.025380  9102 work_thread.hpp:81]  [T-Work-Detect_0] Run work: WorkDetect
I1014 15:30:24.025424  9102 work_detect.cpp:102] Succeeded to add det start for frame 69
I1014 15:30:24.032862  9102 work_detect.cpp:70] Frame :69 detect result :2 face(s)
W1014 15:30:24.032939  9102 work_detect.cpp:83] Invalid bbox: [146 x 195 from (242, 167)]
I1014 15:30:24.033047  9102 work_detect.cpp:86] Detected bbox: [27 x 37 from (147, 106)]
I1014 15:30:24.033090  9102 work_detect.cpp:120] Succeeded to add det end for frame 69
I1014 15:30:24.033107  9102 work_thread.hpp:81]  [T-Work-Detect_0] Run work: WrokTrack
I1014 15:30:24.033131  9102 work_track.cpp:82] Frame: 69 build input_characts: [0.0421875 x 0.102778 from (0.229687, 0.294444)], 0.923714, 0
I1014 15:30:24.033195  9102 work_track.cpp:102] Succeeded to set track lock for frame 69
I1014 15:30:24.033236  9102 work_track.cpp:116] Succeeded to release track lock for frame 69
I1014 15:30:24.033251  9102 work_track.cpp:120] Track results of frame 69: 1 objects input, 1 objects tracked!
I1014 15:30:24.033290  9102 work_track.cpp:148] Frame: 69, track bbox: [27 x 37 from (147.323, 105.608)], gid: 2, lid: 0
I1014 15:30:24.033380  9102 work_thread.hpp:87]  [T-Work-Detect_0] Frame :69 split
I1014 15:30:24.033407  9102 work_thread.hpp:120]  [T-Work-Detect_0] Valid piece: gid = 2
I1014 15:30:24.033427  9102 work_thread.hpp:91]  [T-Work-Detect_0] Push to split queue:recog
I1014 15:30:24.033471  9103 work_thread.hpp:81]  [T-Work-Recog_0] Run work: WorkCapture
I1014 15:30:24.033815  9105 thread_intergrate.hpp:78] [T-Intergrate-intergrate] queue: frame output frame :69
I1014 15:30:24.034121  9103 work_thread.hpp:81]  [T-Work-Recog_0] Run work: WorkRecog
W1014 15:30:24.034216  9103 work_recog.hpp:118] Face id: 2 has low quality : 0.0411535, no need to recog
I1014 15:30:24.034291  9103 work_thread.hpp:81]  [T-Work-Recog_0] Run work: WorkCompare
I1014 15:30:24.034934  9105 thread_intergrate.hpp:186] T-Intergrate-intergrate Show face :0, size :640 * 360
I1014 15:30:24.035487  9101 demo_inner.hpp:435] thread [SORT-0]  frame id 69 sorting queue size 0   FPS: 19.9805
I1014 15:30:24.035549  9100 demo_inner.hpp:260]  gui queue size 0, state = running
I1014 15:30:24.073237  9099 demo_inner.hpp:177] decode queue size 0
I1014 15:30:24.073338  9102 work_thread.hpp:81]  [T-Work-Detect_0] Run work: WorkDetect
I1014 15:30:24.073382  9102 work_detect.cpp:102] Succeeded to add det start for frame 70
I1014 15:30:24.080745  9102 work_detect.cpp:70] Frame :70 detect result :2 face(s)
W1014 15:30:24.080801  9102 work_detect.cpp:83] Invalid bbox: [146 x 188 from (242, 175)]
I1014 15:30:24.080911  9102 work_detect.cpp:86] Detected bbox: [27 x 37 from (147, 106)]
I1014 15:30:24.080957  9102 work_detect.cpp:120] Succeeded to add det end for frame 70
I1014 15:30:24.080974  9102 work_thread.hpp:81]  [T-Work-Detect_0] Run work: WrokTrack
I1014 15:30:24.080998  9102 work_track.cpp:82] Frame: 70 build input_characts: [0.0421875 x 0.102778 from (0.229687, 0.294444)], 0.918981, 0
I1014 15:30:24.081064  9102 work_track.cpp:102] Succeeded to set track lock for frame 70
I1014 15:30:24.081104  9102 work_track.cpp:116] Succeeded to release track lock for frame 70
I1014 15:30:24.081118  9102 work_track.cpp:120] Track results of frame 70: 1 objects input, 1 objects tracked!
I1014 15:30:24.081166  9102 work_track.cpp:148] Frame: 70, track bbox: [27 x 37 from (147.056, 105.802)], gid: 2, lid: 0
I1014 15:30:24.081202  9102 work_thread.hpp:87]  [T-Work-Detect_0] Frame :70 split
I1014 15:30:24.081220  9102 work_thread.hpp:120]  [T-Work-Detect_0] Valid piece: gid = 2
I1014 15:30:24.081239  9102 work_thread.hpp:91]  [T-Work-Detect_0] Push to split queue:recog
I1014 15:30:24.081297  9104 work_thread.hpp:81]  [T-Work-Recog_1] Run work: WorkCapture
I1014 15:30:24.081605  9105 thread_intergrate.hpp:78] [T-Intergrate-intergrate] queue: frame output frame :70
I1014 15:30:24.081835  9104 work_thread.hpp:81]  [T-Work-Recog_1] Run work: WorkRecog
W1014 15:30:24.081856  9104 work_recog.hpp:118] Face id: 2 has low quality : 0.0456329, no need to recog
I1014 15:30:24.081933  9104 work_thread.hpp:81]  [T-Work-Recog_1] Run work: WorkCompare
I1014 15:30:24.082756  9105 thread_intergrate.hpp:186] T-Intergrate-intergrate Show face :0, size :640 * 360
I1014 15:30:24.083300  9101 demo_inner.hpp:435] thread [SORT-0]  frame id 70 sorting queue size 0   FPS: 19.9805
I1014 15:30:24.083362  9100 demo_inner.hpp:260]  gui queue size 0, state = running
I1014 15:30:24.121361  9099 demo_inner.hpp:177] decode queue size 0
I1014 15:30:24.121476  9102 work_thread.hpp:81]  [T-Work-Detect_0] Run work: WorkDetect
I1014 15:30:24.121640  9102 work_detect.cpp:102] Succeeded to add det start for frame 71
I1014 15:30:24.129091  9102 work_detect.cpp:70] Frame :71 detect result :2 face(s)
W1014 15:30:24.129144  9102 work_detect.cpp:83] Invalid bbox: [146 x 193 from (242, 170)]
I1014 15:30:24.129276  9102 work_detect.cpp:86] Detected bbox: [26 x 36 from (148, 106)]
I1014 15:30:24.129379  9102 work_detect.cpp:120] Succeeded to add det end for frame 71
I1014 15:30:24.129397  9102 work_thread.hpp:81]  [T-Work-Detect_0] Run work: WrokTrack
I1014 15:30:24.129441  9102 work_track.cpp:82] Frame: 71 build input_characts: [0.040625 x 0.1 from (0.23125, 0.294444)], 0.901423, 0
I1014 15:30:24.129511  9102 work_track.cpp:102] Succeeded to set track lock for frame 71
I1014 15:30:24.129552  9102 work_track.cpp:116] Succeeded to release track lock for frame 71
I1014 15:30:24.129567  9102 work_track.cpp:120] Track results of frame 71: 1 objects input, 1 objects tracked!
I1014 15:30:24.129658  9102 work_track.cpp:148] Frame: 71, track bbox: [26 x 36 from (147.531, 106.298)], gid: 2, lid: 0
I1014 15:30:24.129698  9102 work_thread.hpp:87]  [T-Work-Detect_0] Frame :71 split
I1014 15:30:24.129717  9102 work_thread.hpp:120]  [T-Work-Detect_0] Valid piece: gid = 2
I1014 15:30:24.129745  9102 work_thread.hpp:91]  [T-Work-Detect_0] Push to split queue:recog
I1014 15:30:24.129793  9104 work_thread.hpp:81]  [T-Work-Recog_1] Run work: WorkCapture
I1014 15:30:24.130134  9105 thread_intergrate.hpp:78] [T-Intergrate-intergrate] queue: frame output frame :71
I1014 15:30:24.130364  9104 work_thread.hpp:81]  [T-Work-Recog_1] Run work: WorkRecog
W1014 15:30:24.130386  9104 work_recog.hpp:118] Face id: 2 has low quality : 0.0504707, no need to recog
I1014 15:30:24.130439  9104 work_thread.hpp:81]  [T-Work-Recog_1] Run work: WorkCompare
I1014 15:30:24.131261  9105 thread_intergrate.hpp:186] T-Intergrate-intergrate Show face :0, size :640 * 360
I1014 15:30:24.131767  9101 demo_inner.hpp:435] thread [SORT-0]  frame id 71 sorting queue size 0   FPS: 20.0391
I1014 15:30:24.131829  9100 demo_inner.hpp:260]  gui queue size 0, state = running
I1014 15:30:24.175204  9099 demo_inner.hpp:177] decode queue size 0
I1014 15:30:24.175316  9102 work_thread.hpp:81]  [T-Work-Detect_0] Run work: WorkDetect
I1014 15:30:24.175354  9102 work_detect.cpp:102] Succeeded to add det start for frame 72
I1014 15:30:24.182775  9102 work_detect.cpp:70] Frame :72 detect result :2 face(s)
W1014 15:30:24.182823  9102 work_detect.cpp:83] Invalid bbox: [145 x 193 from (242, 168)]
I1014 15:30:24.182917  9102 work_detect.cpp:86] Detected bbox: [27 x 35 from (149, 107)]
I1014 15:30:24.182960  9102 work_detect.cpp:120] Succeeded to add det end for frame 72
I1014 15:30:24.182976  9102 work_thread.hpp:81]  [T-Work-Detect_0] Run work: WrokTrack
I1014 15:30:24.183001  9102 work_track.cpp:82] Frame: 72 build input_characts: [0.0421875 x 0.0972222 from (0.232812, 0.297222)], 0.932491, 0
I1014 15:30:24.183079  9102 work_track.cpp:102] Succeeded to set track lock for frame 72
