I1014 15:41:12.898366  9329 work_track.cpp:82] Frame: 181 build input_characts: [0.196875 x 0.480556 from (0.357812, 0.433333)], 0.999622, 0
I1014 15:41:12.898422  9329 work_track.cpp:102] Succeeded to set track lock for frame 181
I1014 15:41:12.898463  9329 work_track.cpp:116] Succeeded to release track lock for frame 181
I1014 15:41:12.898476  9329 work_track.cpp:120] Track results of frame 181: 1 objects input, 1 objects tracked!
I1014 15:41:12.898494  9329 work_track.cpp:148] Frame: 181, track bbox: [126 x 173 from (226.901, 162.645)], gid: 0, lid: 0
I1014 15:41:12.898530  9329 work_thread.hpp:87]  [T-Work-Detect_0] Frame :181 split
I1014 15:41:12.898550  9329 work_thread.hpp:120]  [T-Work-Detect_0] Valid piece: gid = 0
I1014 15:41:12.898567  9329 work_thread.hpp:91]  [T-Work-Detect_0] Push to split queue:recog
I1014 15:41:12.898622  9330 work_thread.hpp:81]  [T-Work-Recog_0] Run work: WorkCapture
I1014 15:41:12.898639  9332 thread_intergrate.hpp:78] [T-Intergrate-intergrate] queue: frame output frame :181
I1014 15:41:12.898664  9332 thread_intergrate.hpp:85] [T-Intergrate-intergrate] queue: compare output face:0
I1014 15:41:12.898682  9332 thread_intergrate.hpp:144] T-Intergrate-intergrate set matched face: 0
I1014 15:41:12.899196  9330 work_thread.hpp:81]  [T-Work-Recog_0] Run work: WorkRecog
I1014 15:41:12.899221  9330 work_recog.hpp:89] Face id: 0 will run recog: bbox [126 x 173 from (229, 156)] quality: 0.445161
I1014 15:41:12.899251  9330 work_recog.hpp:96] Recog pair: [184 x 240 from (200, 120)], [126 x 173 from (29, 36)]
I1014 15:41:12.900197  9332 thread_intergrate.hpp:188] T-Intergrate-intergrate Show face :0, size :640 * 360
I1014 15:41:12.900796  9328 demo_inner.hpp:435] thread [SORT-0]  frame id 181 sorting queue size 1   FPS: 28.463
I1014 15:41:12.916607  9330 work_thread.hpp:81]  [T-Work-Recog_0] Run work: WorkCompare
I1014 15:41:12.917078  9330 work_compare.cpp:76] Compare face: 0 successed, similarity :0.996105, name : images/ThangLMb.jpg, normal size : 1548 * 1719!
I1014 15:41:12.921546  9326 demo_inner.hpp:177] decode queue size 0
I1014 15:41:12.921753  9329 work_thread.hpp:81]  [T-Work-Detect_0] Run work: WorkDetect
I1014 15:41:12.921787  9329 work_detect.cpp:102] Succeeded to add det start for frame 182
I1014 15:41:12.928393  9329 work_detect.cpp:70] Frame :182 detect result :1 face(s)
I1014 15:41:12.928441  9329 work_detect.cpp:86] Detected bbox: [124 x 171 from (230, 159)]
I1014 15:41:12.928483  9329 work_detect.cpp:120] Succeeded to add det end for frame 182
I1014 15:41:12.928499  9329 work_thread.hpp:81]  [T-Work-Detect_0] Run work: WrokTrack
I1014 15:41:12.928525  9329 work_track.cpp:82] Frame: 182 build input_characts: [0.19375 x 0.475 from (0.359375, 0.441667)], 1.00035, 0
I1014 15:41:12.928581  9329 work_track.cpp:102] Succeeded to set track lock for frame 182
I1014 15:41:12.928619  9329 work_track.cpp:116] Succeeded to release track lock for frame 182
I1014 15:41:12.928633  9329 work_track.cpp:120] Track results of frame 182: 1 objects input, 1 objects tracked!
I1014 15:41:12.928650  9329 work_track.cpp:148] Frame: 182, track bbox: [124 x 171 from (228.845, 159.713)], gid: 0, lid: 0
I1014 15:41:12.928687  9329 work_thread.hpp:87]  [T-Work-Detect_0] Frame :182 split
I1014 15:41:12.928705  9329 work_thread.hpp:120]  [T-Work-Detect_0] Valid piece: gid = 0
I1014 15:41:12.928723  9329 work_thread.hpp:91]  [T-Work-Detect_0] Push to split queue:recog
I1014 15:41:12.928776  9331 work_thread.hpp:81]  [T-Work-Recog_1] Run work: WorkCapture
I1014 15:41:12.929085  9332 thread_intergrate.hpp:78] [T-Intergrate-intergrate] queue: frame output frame :182
I1014 15:41:12.929111  9332 thread_intergrate.hpp:85] [T-Intergrate-intergrate] queue: compare output face:0
I1014 15:41:12.929131  9332 thread_intergrate.hpp:144] T-Intergrate-intergrate set matched face: 0
I1014 15:41:12.930032  9331 work_thread.hpp:81]  [T-Work-Recog_1] Run work: WorkRecog
I1014 15:41:12.930061  9331 work_recog.hpp:89] Face id: 0 will run recog: bbox [124 x 171 from (230, 159)] quality: 0.435436
I1014 15:41:12.930096  9331 work_recog.hpp:96] Recog pair: [184 x 240 from (200, 120)], [124 x 171 from (30, 39)]
I1014 15:41:12.930596  9332 thread_intergrate.hpp:188] T-Intergrate-intergrate Show face :0, size :640 * 360
I1014 15:41:12.931200  9328 demo_inner.hpp:435] thread [SORT-0]  frame id 182 sorting queue size 2   FPS: 28.5442
I1014 15:41:12.931891  9327 demo_inner.hpp:260]  gui queue size 2, state = running
I1014 15:41:12.947695  9331 work_thread.hpp:81]  [T-Work-Recog_1] Run work: WorkCompare
I1014 15:41:12.948179  9331 work_compare.cpp:76] Compare face: 0 successed, similarity :0.993941, name : images/ThangLMb.jpg, normal size : 1548 * 1719!
I1014 15:41:12.957522  9326 demo_inner.hpp:177] decode queue size 0
I1014 15:41:12.957614  9329 work_thread.hpp:81]  [T-Work-Detect_0] Run work: WorkDetect
I1014 15:41:12.957650  9329 work_detect.cpp:102] Succeeded to add det start for frame 183
I1014 15:41:12.964241  9329 work_detect.cpp:70] Frame :183 detect result :1 face(s)
I1014 15:41:12.964294  9329 work_detect.cpp:86] Detected bbox: [146 x 187 from (220, 161)]
I1014 15:41:12.964337  9329 work_detect.cpp:120] Succeeded to add det end for frame 183
I1014 15:41:12.964354  9329 work_thread.hpp:81]  [T-Work-Detect_0] Run work: WrokTrack
I1014 15:41:12.964378  9329 work_track.cpp:82] Frame: 183 build input_characts: [0.228125 x 0.519444 from (0.34375, 0.447222)], 1.00019, 0
I1014 15:41:12.964434  9329 work_track.cpp:102] Succeeded to set track lock for frame 183
I1014 15:41:12.964475  9329 work_track.cpp:116] Succeeded to release track lock for frame 183
I1014 15:41:12.964490  9329 work_track.cpp:120] Track results of frame 183: 1 objects input, 1 objects tracked!
I1014 15:41:12.964509  9329 work_track.cpp:148] Frame: 183, track bbox: [146 x 187 from (219.942, 154.167)], gid: 0, lid: 0
I1014 15:41:12.964546  9329 work_thread.hpp:87]  [T-Work-Detect_0] Frame :183 split
I1014 15:41:12.964566  9329 work_thread.hpp:120]  [T-Work-Detect_0] Valid piece: gid = 0
I1014 15:41:12.964586  9329 work_thread.hpp:91]  [T-Work-Detect_0] Push to split queue:recog
I1014 15:41:12.964710  9330 work_thread.hpp:81]  [T-Work-Recog_0] Run work: WorkCapture
I1014 15:41:12.964717  9332 thread_intergrate.hpp:78] [T-Intergrate-intergrate] queue: frame output frame :183
I1014 15:41:12.964742  9332 thread_intergrate.hpp:85] [T-Intergrate-intergrate] queue: compare output face:0
I1014 15:41:12.964761  9332 thread_intergrate.hpp:144] T-Intergrate-intergrate set matched face: 0
I1014 15:41:12.965299  9330 work_thread.hpp:81]  [T-Work-Recog_0] Run work: WorkRecog
I1014 15:41:12.965327  9330 work_recog.hpp:89] Face id: 0 will run recog: bbox [146 x 187 from (220, 161)] quality: 0.453058
I1014 15:41:12.965360  9330 work_recog.hpp:96] Recog pair: [216 x 240 from (184, 120)], [146 x 187 from (36, 41)]
I1014 15:41:12.966259  9332 thread_intergrate.hpp:188] T-Intergrate-intergrate Show face :0, size :640 * 360
I1014 15:41:12.966771  9328 demo_inner.hpp:435] thread [SORT-0]  frame id 183 sorting queue size 0   FPS: 28.4765
I1014 15:41:12.983070  9330 work_thread.hpp:81]  [T-Work-Recog_0] Run work: WorkCompare
I1014 15:41:12.983536  9330 work_compare.cpp:76] Compare face: 0 successed, similarity :0.997142, name : images/ThangLMb.jpg, normal size : 1548 * 1719!
I1014 15:41:12.987758  9326 demo_inner.hpp:177] decode queue size 0
I1014 15:41:12.987926  9329 work_thread.hpp:81]  [T-Work-Detect_0] Run work: WorkDetect
I1014 15:41:12.987960  9329 work_detect.cpp:102] Succeeded to add det start for frame 184
I1014 15:41:12.994741  9329 work_detect.cpp:70] Frame :184 detect result :1 face(s)
I1014 15:41:12.994796  9329 work_detect.cpp:86] Detected bbox: [122 x 176 from (223, 155)]
I1014 15:41:12.994839  9329 work_detect.cpp:120] Succeeded to add det end for frame 184
I1014 15:41:12.994855  9329 work_thread.hpp:81]  [T-Work-Detect_0] Run work: WrokTrack
I1014 15:41:12.994880  9329 work_track.cpp:82] Frame: 184 build input_characts: [0.190625 x 0.488889 from (0.348437, 0.430556)], 0.999622, 0
I1014 15:41:12.994937  9329 work_track.cpp:102] Succeeded to set track lock for frame 184
I1014 15:41:12.994976  9329 work_track.cpp:116] Succeeded to release track lock for frame 184
I1014 15:41:12.994992  9329 work_track.cpp:120] Track results of frame 184: 1 objects input, 1 objects tracked!
I1014 15:41:12.995008  9329 work_track.cpp:148] Frame: 184, track bbox: [122 x 176 from (228.144, 156.74)], gid: 0, lid: 0
I1014 15:41:12.995045  9329 work_thread.hpp:87]  [T-Work-Detect_0] Frame :184 split
I1014 15:41:12.995064  9329 work_thread.hpp:120]  [T-Work-Detect_0] Valid piece: gid = 0
I1014 15:41:12.995081  9329 work_thread.hpp:91]  [T-Work-Detect_0] Push to split queue:recog
I1014 15:41:12.995131  9331 work_thread.hpp:81]  [T-Work-Recog_1] Run work: WorkCapture
I1014 15:41:12.995431  9332 thread_intergrate.hpp:78] [T-Intergrate-intergrate] queue: frame output frame :184
I1014 15:41:12.995458  9332 thread_intergrate.hpp:85] [T-Intergrate-intergrate] queue: compare output face:0
I1014 15:41:12.995477  9332 thread_intergrate.hpp:144] T-Intergrate-intergrate set matched face: 0
I1014 15:41:12.995697  9331 work_thread.hpp:81]  [T-Work-Recog_1] Run work: WorkRecog
I1014 15:41:12.995720  9331 work_recog.hpp:89] Face id: 0 will run recog: bbox [122 x 176 from (223, 155)] quality: 0.412304
I1014 15:41:12.995748  9331 work_recog.hpp:96] Recog pair: [184 x 240 from (192, 120)], [122 x 176 from (31, 35)]
I1014 15:41:12.997056  9332 thread_intergrate.hpp:188] T-Intergrate-intergrate Show face :0, size :640 * 360
I1014 15:41:12.997586  9328 demo_inner.hpp:435] thread [SORT-0]  frame id 184 sorting queue size 1   FPS: 28.5442
I1014 15:41:12.998541  9327 demo_inner.hpp:260]  gui queue size 1, state = running
I1014 15:41:13.013548  9331 work_thread.hpp:81]  [T-Work-Recog_1] Run work: WorkCompare
I1014 15:41:13.014019  9331 work_compare.cpp:76] Compare face: 0 successed, similarity :0.997167, name : images/ThangLMb.jpg, normal size : 1548 * 1719!
I1014 15:41:13.023497  9326 demo_inner.hpp:177] decode queue size 0
I1014 15:41:13.023599  9329 work_thread.hpp:81]  [T-Work-Detect_0] Run work: WorkDetect
I1014 15:41:13.023634  9329 work_detect.cpp:102] Succeeded to add det start for frame 185
I1014 15:41:13.030421  9329 work_detect.cpp:70] Frame :185 detect result :1 face(s)
I1014 15:41:13.030473  9329 work_detect.cpp:86] Detected bbox: [124 x 173 from (230, 157)]
I1014 15:41:13.030516  9329 work_detect.cpp:120] Succeeded to add det end for frame 185
I1014 15:41:13.030534  9329 work_thread.hpp:81]  [T-Work-Detect_0] Run work: WrokTrack
I1014 15:41:13.030558  9329 work_track.cpp:82] Frame: 185 build input_characts: [0.19375 x 0.480556 from (0.359375, 0.436111)], 1.00035, 0
I1014 15:41:13.030614  9329 work_track.cpp:102] Succeeded to set track lock for frame 185
I1014 15:41:13.030654  9329 work_track.cpp:116] Succeeded to release track lock for frame 185
I1014 15:41:13.030669  9329 work_track.cpp:120] Track results of frame 185: 1 objects input, 1 objects tracked!
I1014 15:41:13.030688  9329 work_track.cpp:148] Frame: 185, track bbox: [124 x 173 from (227.878, 157.237)], gid: 0, lid: 0
I1014 15:41:13.030723  9329 work_thread.hpp:87]  [T-Work-Detect_0] Frame :185 split
I1014 15:41:13.030742  9329 work_thread.hpp:120]  [T-Work-Detect_0] Valid piece: gid = 0
I1014 15:41:13.030759  9329 work_thread.hpp:91]  [T-Work-Detect_0] Push to split queue:recog
I1014 15:41:13.030814  9331 work_thread.hpp:81]  [T-Work-Recog_1] Run work: WorkCapture
I1014 15:41:13.031113  9332 thread_intergrate.hpp:78] [T-Intergrate-intergrate] queue: frame output frame :185
I1014 15:41:13.031139  9332 thread_intergrate.hpp:85] [T-Intergrate-intergrate] queue: compare output face:0
I1014 15:41:13.031158  9332 thread_intergrate.hpp:144] T-Intergrate-intergrate set matched face: 0
I1014 15:41:13.031379  9331 work_thread.hpp:81]  [T-Work-Recog_1] Run work: WorkRecog
I1014 15:41:13.031404  9331 work_recog.hpp:89] Face id: 0 will run recog: bbox [124 x 173 from (230, 157)] quality: 0.429785
I1014 15:41:13.031435  9331 work_recog.hpp:96] Recog pair: [184 x 240 from (200, 120)], [124 x 173 from (30, 37)]
I1014 15:41:13.032766  9332 thread_intergrate.hpp:188] T-Intergrate-intergrate Show face :0, size :640 * 360
I1014 15:41:13.033401  9328 demo_inner.hpp:435] thread [SORT-0]  frame id 185 sorting queue size 0   FPS: 28.463
I1014 15:41:13.049203  9331 work_thread.hpp:81]  [T-Work-Recog_1] Run work: WorkCompare
I1014 15:41:13.049664  9331 work_compare.cpp:76] Compare face: 0 successed, similarity :0.996565, name : images/ThangLMb.jpg, normal size : 1548 * 1719!
I1014 15:41:13.059471  9326 demo_inner.hpp:177] decode queue size 0
I1014 15:41:13.059600  9329 work_thread.hpp:81]  [T-Work-Detect_0] Run work: WorkDetect
I1014 15:41:13.059636  9329 work_detect.cpp:102] Succeeded to add det start for frame 186
I1014 15:41:13.066206  9329 work_detect.cpp:70] Frame :186 detect result :1 face(s)
I1014 15:41:13.066260  9329 work_detect.cpp:86] Detected bbox: [144 x 185 from (216, 162)]
I1014 15:41:13.066304  9329 work_detect.cpp:120] Succeeded to add det end for frame 186
I1014 15:41:13.066321  9329 work_thread.hpp:81]  [T-Work-Detect_0] Run work: WrokTrack
I1014 15:41:13.066346  9329 work_track.cpp:82] Frame: 186 build input_characts: [0.225 x 0.513889 from (0.3375, 0.45)], 0.998681, 0
I1014 15:41:13.066401  9329 work_track.cpp:102] Succeeded to set track lock for frame 186
I1014 15:41:13.066440  9329 work_track.cpp:116] Succeeded to release track lock for frame 186
I1014 15:41:13.066455  9329 work_track.cpp:120] Track results of frame 186: 1 objects input, 1 objects tracked!
I1014 15:41:13.066473  9329 work_track.cpp:148] Frame: 186, track bbox: [144 x 185 from (216.124, 157.825)], gid: 0, lid: 0
I1014 15:41:13.066509  9329 work_thread.hpp:87]  [T-Work-Detect_0] Frame :186 split
I1014 15:41:13.066527  9329 work_thread.hpp:120]  [T-Work-Detect_0] Valid piece: gid = 0
I1014 15:41:13.066545  9329 work_thread.hpp:91]  [T-Work-Detect_0] Push to split queue:recog
I1014 15:41:13.066601  9331 work_thread.hpp:81]  [T-Work-Recog_1] Run work: WorkCapture
I1014 15:41:13.066906  9332 thread_intergrate.hpp:78] [T-Intergrate-intergrate] queue: frame output frame :186
I1014 15:41:13.066932  9332 thread_intergrate.hpp:85] [T-Intergrate-intergrate] queue: compare output face:0
I1014 15:41:13.067039  9332 thread_intergrate.hpp:144] T-Intergrate-intergrate set matched face: 0
I1014 15:41:13.067164  9331 work_thread.hpp:81]  [T-Work-Recog_1] Run work: WorkRecog
I1014 15:41:13.067188  9331 work_recog.hpp:89] Face id: 0 will run recog: bbox [144 x 185 from (216, 162)] quality: 0.457442
I1014 15:41:13.067216  9331 work_recog.hpp:96] Recog pair: [208 x 240 from (184, 120)], [144 x 185 from (32, 42)]
I1014 15:41:13.068598  9332 thread_intergrate.hpp:188] T-Intergrate-intergrate Show face :0, size :640 * 360
I1014 15:41:13.069142  9328 demo_inner.hpp:435] thread [SORT-0]  frame id 186 sorting queue size 1   FPS: 28.4765
I1014 15:41:13.084816  9331 work_thread.hpp:81]  [T-Work-Recog_1] Run work: WorkCompare
I1014 15:41:13.085281  9331 work_compare.cpp:76] Compare face: 0 successed, similarity :0.997872, name : images/ThangLMb.jpg, normal size : 1548 * 1719!
I1014 15:41:13.089449  9326 demo_inner.hpp:177] decode queue size 0
I1014 15:41:13.089535  9329 work_thread.hpp:81]  [T-Work-Detect_0] Run work: WorkDetect
I1014 15:41:13.089570  9329 work_detect.cpp:102] Succeeded to add det start for frame 187
I1014 15:41:13.093227  9327 demo_inner.hpp:260]  gui queue size 1, state = running
I1014 15:41:13.096699  9329 work_detect.cpp:70] Frame :187 detect result :1 face(s)
I1014 15:41:13.096757  9329 work_detect.cpp:86] Detected bbox: [124 x 172 from (230, 158)]
I1014 15:41:13.096801  9329 work_detect.cpp:120] Succeeded to add det end for frame 187
I1014 15:41:13.096817  9329 work_thread.hpp:81]  [T-Work-Detect_0] Run work: WrokTrack
I1014 15:41:13.096843  9329 work_track.cpp:82] Frame: 187 build input_characts: [0.19375 x 0.477778 from (0.359375, 0.438889)], 1.00035, 0
I1014 15:41:13.096900  9329 work_track.cpp:102] Succeeded to set track lock for frame 187
I1014 15:41:13.096940  9329 work_track.cpp:116] Succeeded to release track lock for frame 187
I1014 15:41:13.096956  9329 work_track.cpp:120] Track results of frame 187: 1 objects input, 1 objects tracked!
I1014 15:41:13.096972  9329 work_track.cpp:148] Frame: 187, track bbox: [124 x 172 from (227.673, 161.207)], gid: 0, lid: 0
I1014 15:41:13.097009  9329 work_thread.hpp:87]  [T-Work-Detect_0] Frame :187 split
I1014 15:41:13.097028  9329 work_thread.hpp:120]  [T-Work-Detect_0] Valid piece: gid = 0
I1014 15:41:13.097045  9329 work_thread.hpp:91]  [T-Work-Detect_0] Push to split queue:recog
I1014 15:41:13.097100  9330 work_thread.hpp:81]  [T-Work-Recog_0] Run work: WorkCapture
I1014 15:41:13.097402  9332 thread_intergrate.hpp:78] [T-Intergrate-intergrate] queue: frame output frame :187
I1014 15:41:13.097429  9332 thread_intergrate.hpp:85] [T-Intergrate-intergrate] queue: compare output face:0
I1014 15:41:13.097447  9332 thread_intergrate.hpp:144] T-Intergrate-intergrate set matched face: 0
I1014 15:41:13.097666  9330 work_thread.hpp:81]  [T-Work-Recog_0] Run work: WorkRecog
I1014 15:41:13.097689  9330 work_recog.hpp:89] Face id: 0 will run recog: bbox [124 x 172 from (230, 158)] quality: 0.445393
I1014 15:41:13.097718  9330 work_recog.hpp:96] Recog pair: [184 x 240 from (200, 120)], [124 x 172 from (30, 38)]
I1014 15:41:13.099012  9332 thread_intergrate.hpp:188] T-Intergrate-intergrate Show face :0, size :640 * 360
I1014 15:41:13.099633  9328 demo_inner.hpp:435] thread [SORT-0]  frame id 187 sorting queue size 0   FPS: 28.463
I1014 15:41:13.115471  9330 work_thread.hpp:81]  [T-Work-Recog_0] Run work: WorkCompare
I1014 15:41:13.115941  9330 work_compare.cpp:76] Compare face: 0 successed, similarity :0.995861, name : images/ThangLMb.jpg, normal size : 1548 * 1719!
I1014 15:41:13.125301  9326 demo_inner.hpp:177] decode queue size 0
I1014 15:41:13.125483  9329 work_thread.hpp:81]  [T-Work-Detect_0] Run work: WorkDetect
I1014 15:41:13.125517  9329 work_detect.cpp:102] Succeeded to add det start for frame 188
I1014 15:41:13.132081  9329 work_detect.cpp:70] Frame :188 detect result :1 face(s)
I1014 15:41:13.132149  9329 work_detect.cpp:86] Detected bbox: [144 x 187 from (220, 161)]
I1014 15:41:13.132218  9329 work_detect.cpp:120] Succeeded to add det end for frame 188
I1014 15:41:13.132309  9329 work_thread.hpp:81]  [T-Work-Detect_0] Run work: WrokTrack
I1014 15:41:13.132338  9329 work_track.cpp:82] Frame: 188 build input_characts: [0.225 x 0.519444 from (0.34375, 0.447222)], 0.998681, 0
I1014 15:41:13.132396  9329 work_track.cpp:102] Succeeded to set track lock for frame 188
I1014 15:41:13.132441  9329 work_track.cpp:116] Succeeded to release track lock for frame 188
I1014 15:41:13.132457  9329 work_track.cpp:120] Track results of frame 188: 1 objects input, 1 objects tracked!
I1014 15:41:13.132473  9329 work_track.cpp:148] Frame: 188, track bbox: [144 x 187 from (219.234, 156.512)], gid: 0, lid: 0
I1014 15:41:13.132510  9329 work_thread.hpp:87]  [T-Work-Detect_0] Frame :188 split
I1014 15:41:13.132529  9329 work_thread.hpp:120]  [T-Work-Detect_0] Valid piece: gid = 0
I1014 15:41:13.132546  9329 work_thread.hpp:91]  [T-Work-Detect_0] Push to split queue:recog
I1014 15:41:13.132606  9330 work_thread.hpp:81]  [T-Work-Recog_0] Run work: WorkCapture
I1014 15:41:13.132911  9332 thread_intergrate.hpp:78] [T-Intergrate-intergrate] queue: frame output frame :188
I1014 15:41:13.132936  9332 thread_intergrate.hpp:85] [T-Intergrate-intergrate] queue: compare output face:0
I1014 15:41:13.132956  9332 thread_intergrate.hpp:144] T-Intergrate-intergrate set matched face: 0
I1014 15:41:13.133183  9330 work_thread.hpp:81]  [T-Work-Recog_0] Run work: WorkRecog
I1014 15:41:13.133208  9330 work_recog.hpp:89] Face id: 0 will run recog: bbox [144 x 187 from (220, 161)] quality: 0.453058
I1014 15:41:13.133235  9330 work_recog.hpp:96] Recog pair: [200 x 240 from (192, 120)], [144 x 187 from (28, 41)]
I1014 15:41:13.134493  9332 thread_intergrate.hpp:188] T-Intergrate-intergrate Show face :0, size :640 * 360
I1014 15:41:13.135102  9328 demo_inner.hpp:435] thread [SORT-0]  frame id 188 sorting queue size 1   FPS: 28.463
I1014 15:41:13.151069  9330 work_thread.hpp:81]  [T-Work-Recog_0] Run work: WorkCompare
I1014 15:41:13.151533  9330 work_compare.cpp:76] Compare face: 0 successed, similarity :0.996586, name : images/ThangLMb.jpg, normal size : 1548 * 1719!
I1014 15:41:13.156313  9326 demo_inner.hpp:177] decode queue size 0
I1014 15:41:13.156473  9329 work_thread.hpp:81]  [T-Work-Detect_0] Run work: WorkDetect
I1014 15:41:13.156509  9329 work_detect.cpp:102] Succeeded to add det start for frame 189
I1014 15:41:13.160389  9327 demo_inner.hpp:260]  gui queue size 1, state = running
I1014 15:41:13.163702  9329 work_detect.cpp:70] Frame :189 detect result :1 face(s)
I1014 15:41:13.163760  9329 work_detect.cpp:86] Detected bbox: [123 x 171 from (230, 158)]
I1014 15:41:13.163805  9329 work_detect.cpp:120] Succeeded to add det end for frame 189
I1014 15:41:13.163821  9329 work_thread.hpp:81]  [T-Work-Detect_0] Run work: WrokTrack
I1014 15:41:13.163847  9329 work_track.cpp:82] Frame: 189 build input_characts: [0.192188 x 0.475 from (0.359375, 0.438889)], 1.00035, 0
I1014 15:41:13.163904  9329 work_track.cpp:102] Succeeded to set track lock for frame 189
I1014 15:41:13.163944  9329 work_track.cpp:116] Succeeded to release track lock for frame 189
I1014 15:41:13.163959  9329 work_track.cpp:120] Track results of frame 189: 1 objects input, 1 objects tracked!
I1014 15:41:13.163975  9329 work_track.cpp:148] Frame: 189, track bbox: [123 x 171 from (231.367, 163.45)], gid: 0, lid: 0
I1014 15:41:13.164012  9329 work_thread.hpp:87]  [T-Work-Detect_0] Frame :189 split
I1014 15:41:13.164031  9329 work_thread.hpp:120]  [T-Work-Detect_0] Valid piece: gid = 0
I1014 15:41:13.164048  9329 work_thread.hpp:91]  [T-Work-Detect_0] Push to split queue:recog
I1014 15:41:13.164105  9332 thread_intergrate.hpp:78] [T-Intergrate-intergrate] queue: frame output frame :189
I1014 15:41:13.164127  9331 work_thread.hpp:81]  [T-Work-Recog_1] Run work: WorkCapture
I1014 15:41:13.164131  9332 thread_intergrate.hpp:85] [T-Intergrate-intergrate] queue: compare output face:0
I1014 15:41:13.164151  9332 thread_intergrate.hpp:144] T-Intergrate-intergrate set matched face: 0
I1014 15:41:13.164813  9331 work_thread.hpp:81]  [T-Work-Recog_1] Run work: WorkRecog
I1014 15:41:13.164943  9331 work_recog.hpp:89] Face id: 0 will run recog: bbox [123 x 171 from (230, 158)] quality: 0.453807
I1014 15:41:13.165060  9331 work_recog.hpp:96] Recog pair: [184 x 240 from (200, 120)], [123 x 171 from (30, 38)]
I1014 15:41:13.165663  9332 thread_intergrate.hpp:188] T-Intergrate-intergrate Show face :0, size :640 * 360
I1014 15:41:13.166198  9328 demo_inner.hpp:435] thread [SORT-0]  frame id 189 sorting queue size 0   FPS: 28.5307
I1014 15:41:13.183085  9331 work_thread.hpp:81]  [T-Work-Recog_1] Run work: WorkCompare
I1014 15:41:13.183598  9331 work_compare.cpp:76] Compare face: 0 successed, similarity :0.994756, name : images/ThangLMb.jpg, normal size : 1548 * 1719!
I1014 15:41:13.189895  9326 demo_inner.hpp:177] decode queue size 0
I1014 15:41:13.190011  9329 work_thread.hpp:81]  [T-Work-Detect_0] Run work: WorkDetect
I1014 15:41:13.190047  9329 work_detect.cpp:102] Succeeded to add det start for frame 190
I1014 15:41:13.197063  9329 work_detect.cpp:70] Frame :190 detect result :1 face(s)
I1014 15:41:13.197115  9329 work_detect.cpp:86] Detected bbox: [125 x 172 from (229, 158)]
I1014 15:41:13.197157  9329 work_detect.cpp:120] Succeeded to add det end for frame 190
I1014 15:41:13.197173  9329 work_thread.hpp:81]  [T-Work-Detect_0] Run work: WrokTrack
I1014 15:41:13.197201  9329 work_track.cpp:82] Frame: 190 build input_characts: [0.195312 x 0.477778 from (0.357812, 0.438889)], 1.00035, 0
I1014 15:41:13.197255  9329 work_track.cpp:102] Succeeded to set track lock for frame 190
I1014 15:41:13.197294  9329 work_track.cpp:116] Succeeded to release track lock for frame 190
I1014 15:41:13.197309  9329 work_track.cpp:120] Track results of frame 190: 1 objects input, 1 objects tracked!
I1014 15:41:13.197326  9329 work_track.cpp:148] Frame: 190, track bbox: [125 x 172 from (229.247, 159.944)], gid: 0, lid: 0
I1014 15:41:13.197363  9329 work_thread.hpp:87]  [T-Work-Detect_0] Frame :190 split
I1014 15:41:13.197381  9329 work_thread.hpp:120]  [T-Work-Detect_0] Valid piece: gid = 0
I1014 15:41:13.197399  9329 work_thread.hpp:91]  [T-Work-Detect_0] Push to split queue:recog
I1014 15:41:13.197710  9330 work_thread.hpp:81]  [T-Work-Recog_0] Run work: WorkCapture
I1014 15:41:13.198274  9330 work_thread.hpp:81]  [T-Work-Recog_0] Run work: WorkRecog
I1014 15:41:13.198297  9330 work_recog.hpp:89] Face id: 0 will run recog: bbox [125 x 172 from (229, 158)] quality: 0.449577
I1014 15:41:13.198308  9332 thread_intergrate.hpp:78] [T-Intergrate-intergrate] queue: frame output frame :190
I1014 15:41:13.198326  9330 work_recog.hpp:96] Recog pair: [184 x 240 from (200, 120)], [125 x 172 from (29, 38)]
I1014 15:41:13.198338  9332 thread_intergrate.hpp:85] [T-Intergrate-intergrate] queue: compare output face:0
I1014 15:41:13.198357  9332 thread_intergrate.hpp:144] T-Intergrate-intergrate set matched face: 0
I1014 15:41:13.200044  9332 thread_intergrate.hpp:188] T-Intergrate-intergrate Show face :0, size :640 * 360
I1014 15:41:13.200727  9328 demo_inner.hpp:435] thread [SORT-0]  frame id 190 sorting queue size 1   FPS: 28.5036
I1014 15:41:13.215812  9330 work_thread.hpp:81]  [T-Work-Recog_0] Run work: WorkCompare
I1014 15:41:13.216295  9330 work_compare.cpp:76] Compare face: 0 successed, similarity :0.995101, name : images/ThangLMb.jpg, normal size : 1548 * 1719!
I1014 15:41:13.219574  9326 demo_inner.hpp:177] decode queue size 0
I1014 15:41:13.219646  9329 work_thread.hpp:81]  [T-Work-Detect_0] Run work: WorkDetect
I1014 15:41:13.219681  9329 work_detect.cpp:102] Succeeded to add det start for frame 191
I1014 15:41:13.226347  9329 work_detect.cpp:70] Frame :191 detect result :1 face(s)
I1014 15:41:13.226388  9329 work_detect.cpp:86] Detected bbox: [126 x 175 from (229, 157)]
I1014 15:41:13.226433  9329 work_detect.cpp:120] Succeeded to add det end for frame 191
I1014 15:41:13.226449  9329 work_thread.hpp:81]  [T-Work-Detect_0] Run work: WrokTrack
I1014 15:41:13.226474  9329 work_track.cpp:82] Frame: 191 build input_characts: [0.196875 x 0.486111 from (0.357812, 0.436111)], 1.00019, 0
I1014 15:41:13.226610  9329 work_track.cpp:102] Succeeded to set track lock for frame 191
I1014 15:41:13.226650  9329 work_track.cpp:116] Succeeded to release track lock for frame 191
I1014 15:41:13.226665  9329 work_track.cpp:120] Track results of frame 191: 1 objects input, 1 objects tracked!
I1014 15:41:13.226683  9329 work_track.cpp:148] Frame: 191, track bbox: [126 x 175 from (229.459, 155.669)], gid: 0, lid: 0
I1014 15:41:13.226722  9329 work_thread.hpp:87]  [T-Work-Detect_0] Frame :191 split
I1014 15:41:13.226739  9329 work_thread.hpp:120]  [T-Work-Detect_0] Valid piece: gid = 0
I1014 15:41:13.226756  9329 work_thread.hpp:91]  [T-Work-Detect_0] Push to split queue:recog
I1014 15:41:13.226802  9331 work_thread.hpp:81]  [T-Work-Recog_1] Run work: WorkCapture
I1014 15:41:13.226816  9332 thread_intergrate.hpp:78] [T-Intergrate-intergrate] queue: frame output frame :191
I1014 15:41:13.226861  9332 thread_intergrate.hpp:85] [T-Intergrate-intergrate] queue: compare output face:0
I1014 15:41:13.226879  9332 thread_intergrate.hpp:144] T-Intergrate-intergrate set matched face: 0
I1014 15:41:13.227465  9331 work_thread.hpp:81]  [T-Work-Recog_1] Run work: WorkRecog
I1014 15:41:13.227493  9331 work_recog.hpp:89] Face id: 0 will run recog: bbox [126 x 175 from (229, 157)] quality: 0.435255
I1014 15:41:13.227524  9331 work_recog.hpp:96] Recog pair: [184 x 240 from (200, 120)], [126 x 175 from (29, 37)]
I1014 15:41:13.228574  9332 thread_intergrate.hpp:188] T-Intergrate-intergrate Show face :0, size :640 * 360
I1014 15:41:13.229172  9328 demo_inner.hpp:435] thread [SORT-0]  frame id 191 sorting queue size 2   FPS: 28.585
I1014 15:41:13.238169  9327 demo_inner.hpp:260]  gui queue size 2, state = running
I1014 15:41:13.245657  9331 work_thread.hpp:81]  [T-Work-Recog_1] Run work: WorkCompare
I1014 15:41:13.246258  9331 work_compare.cpp:76] Compare face: 0 successed, similarity :0.99613, name : images/ThangLMb.jpg, normal size : 1548 * 1719!
I1014 15:41:13.255280  9326 demo_inner.hpp:177] decode queue size 0
I1014 15:41:13.255388  9329 work_thread.hpp:81]  [T-Work-Detect_0] Run work: WorkDetect
I1014 15:41:13.255426  9329 work_detect.cpp:102] Succeeded to add det start for frame 192
I1014 15:41:13.262043  9329 work_detect.cpp:70] Frame :192 detect result :1 face(s)
I1014 15:41:13.262085  9329 work_detect.cpp:86] Detected bbox: [145 x 188 from (220, 160)]
I1014 15:41:13.262128  9329 work_detect.cpp:120] Succeeded to add det end for frame 192
I1014 15:41:13.262145  9329 work_thread.hpp:81]  [T-Work-Detect_0] Run work: WrokTrack
I1014 15:41:13.262169  9329 work_track.cpp:82] Frame: 192 build input_characts: [0.226562 x 0.522222 from (0.34375, 0.444444)], 0.999622, 0
I1014 15:41:13.262224  9329 work_track.cpp:102] Succeeded to set track lock for frame 192
I1014 15:41:13.262264  9329 work_track.cpp:116] Succeeded to release track lock for frame 192
I1014 15:41:13.262277  9329 work_track.cpp:120] Track results of frame 192: 1 objects input, 1 objects tracked!
I1014 15:41:13.262295  9329 work_track.cpp:148] Frame: 192, track bbox: [145 x 188 from (219.6, 154.896)], gid: 0, lid: 0
I1014 15:41:13.262331  9329 work_thread.hpp:87]  [T-Work-Detect_0] Frame :192 split
I1014 15:41:13.262349  9329 work_thread.hpp:120]  [T-Work-Detect_0] Valid piece: gid = 0
I1014 15:41:13.262367  9329 work_thread.hpp:91]  [T-Work-Detect_0] Push to split queue:recog
I1014 15:41:13.262419  9332 thread_intergrate.hpp:78] [T-Intergrate-intergrate] queue: frame output frame :192
I1014 15:41:13.262431  9331 work_thread.hpp:81]  [T-Work-Recog_1] Run work: WorkCapture
I1014 15:41:13.262447  9332 thread_intergrate.hpp:85] [T-Intergrate-intergrate] queue: compare output face:0
I1014 15:41:13.262466  9332 thread_intergrate.hpp:144] T-Intergrate-intergrate set matched face: 0
I1014 15:41:13.263052  9331 work_thread.hpp:81]  [T-Work-Recog_1] Run work: WorkRecog
I1014 15:41:13.263079  9331 work_recog.hpp:89] Face id: 0 will run recog: bbox [145 x 188 from (220, 160)] quality: 0.423635
I1014 15:41:13.263110  9331 work_recog.hpp:96] Recog pair: [216 x 240 from (184, 120)], [145 x 188 from (36, 40)]
I1014 15:41:13.263962  9332 thread_intergrate.hpp:188] T-Intergrate-intergrate Show face :0, size :640 * 360
I1014 15:41:13.264528  9328 demo_inner.hpp:435] thread [SORT-0]  frame id 192 sorting queue size 0   FPS: 28.5307
I1014 15:41:13.281306  9331 work_thread.hpp:81]  [T-Work-Recog_1] Run work: WorkCompare
I1014 15:41:13.281882  9331 work_compare.cpp:76] Compare face: 0 successed, similarity :0.994307, name : images/ThangLMb.jpg, normal size : 1548 * 1719!
I1014 15:41:13.291249  9326 demo_inner.hpp:177] decode queue size 0
I1014 15:41:13.291352  9329 work_thread.hpp:81]  [T-Work-Detect_0] Run work: WorkDetect
I1014 15:41:13.291388  9329 work_detect.cpp:102] Succeeded to add det start for frame 193
I1014 15:41:13.298012  9329 work_detect.cpp:70] Frame :193 detect result :1 face(s)
I1014 15:41:13.298055  9329 work_detect.cpp:86] Detected bbox: [141 x 183 from (223, 164)]
I1014 15:41:13.298097  9329 work_detect.cpp:120] Succeeded to add det end for frame 193
I1014 15:41:13.298115  9329 work_thread.hpp:81]  [T-Work-Detect_0] Run work: WrokTrack
I1014 15:41:13.298139  9329 work_track.cpp:82] Frame: 193 build input_characts: [0.220313 x 0.508333 from (0.348437, 0.455556)], 0.998742, 0
I1014 15:41:13.298194  9329 work_track.cpp:102] Succeeded to set track lock for frame 193
I1014 15:41:13.298233  9329 work_track.cpp:116] Succeeded to release track lock for frame 193
I1014 15:41:13.298247  9329 work_track.cpp:120] Track results of frame 193: 1 objects input, 1 objects tracked!
I1014 15:41:13.298265  9329 work_track.cpp:148] Frame: 193, track bbox: [141 x 183 from (222.426, 160.48)], gid: 0, lid: 0
I1014 15:41:13.298301  9329 work_thread.hpp:87]  [T-Work-Detect_0] Frame :193 split
I1014 15:41:13.298319  9329 work_thread.hpp:120]  [T-Work-Detect_0] Valid piece: gid = 0
I1014 15:41:13.298336  9329 work_thread.hpp:91]  [T-Work-Detect_0] Push to split queue:recog
I1014 15:41:13.298386  9331 work_thread.hpp:81]  [T-Work-Recog_1] Run work: WorkCapture
I1014 15:41:13.298389  9332 thread_intergrate.hpp:78] [T-Intergrate-intergrate] queue: frame output frame :193
I1014 15:41:13.298429  9332 thread_intergrate.hpp:85] [T-Intergrate-intergrate] queue: compare output face:0
I1014 15:41:13.298449  9332 thread_intergrate.hpp:144] T-Intergrate-intergrate set matched face: 0
I1014 15:41:13.299001  9331 work_thread.hpp:81]  [T-Work-Recog_1] Run work: WorkRecog
I1014 15:41:13.299027  9331 work_recog.hpp:89] Face id: 0 will run recog: bbox [141 x 183 from (223, 164)] quality: 0.464109
I1014 15:41:13.299082  9331 work_recog.hpp:96] Recog pair: [200 x 232 from (192, 128)], [141 x 183 from (31, 36)]
I1014 15:41:13.299930  9332 thread_intergrate.hpp:188] T-Intergrate-intergrate Show face :0, size :640 * 360
I1014 15:41:13.300392  9328 demo_inner.hpp:435] thread [SORT-0]  frame id 193 sorting queue size 1   FPS: 28.5171
I1014 15:41:13.317072  9331 work_thread.hpp:81]  [T-Work-Recog_1] Run work: WorkCompare
I1014 15:41:13.317667  9331 work_compare.cpp:76] Compare face: 0 successed, similarity :0.996027, name : images/ThangLMb.jpg, normal size : 1548 * 1719!
I1014 15:41:13.321457  9326 demo_inner.hpp:177] decode queue size 0
I1014 15:41:13.321529  9329 work_thread.hpp:81]  [T-Work-Detect_0] Run work: WorkDetect
I1014 15:41:13.321563  9329 work_detect.cpp:102] Succeeded to add det start for frame 194
I1014 15:41:13.321977  9327 demo_inner.hpp:260]  gui queue size 1, state = running
I1014 15:41:13.328706  9329 work_detect.cpp:70] Frame :194 detect result :1 face(s)
I1014 15:41:13.328758  9329 work_detect.cpp:86] Detected bbox: [139 x 183 from (223, 164)]
I1014 15:41:13.328801  9329 work_detect.cpp:120] Succeeded to add det end for frame 194
I1014 15:41:13.328817  9329 work_thread.hpp:81]  [T-Work-Detect_0] Run work: WrokTrack
I1014 15:41:13.328842  9329 work_track.cpp:82] Frame: 194 build input_characts: [0.217187 x 0.508333 from (0.348437, 0.455556)], 1.00019, 0
I1014 15:41:13.328899  9329 work_track.cpp:102] Succeeded to set track lock for frame 194
I1014 15:41:13.328939  9329 work_track.cpp:116] Succeeded to release track lock for frame 194
I1014 15:41:13.329030  9329 work_track.cpp:120] Track results of frame 194: 1 objects input, 1 objects tracked!
I1014 15:41:13.329051  9329 work_track.cpp:148] Frame: 194, track bbox: [139 x 183 from (223.567, 165.399)], gid: 0, lid: 0
I1014 15:41:13.329088  9329 work_thread.hpp:87]  [T-Work-Detect_0] Frame :194 split
I1014 15:41:13.329107  9329 work_thread.hpp:120]  [T-Work-Detect_0] Valid piece: gid = 0
I1014 15:41:13.329124  9329 work_thread.hpp:91]  [T-Work-Detect_0] Push to split queue:recog
I1014 15:41:13.329682  9330 work_thread.hpp:81]  [T-Work-Recog_0] Run work: WorkCapture
I1014 15:41:13.329998  9332 thread_intergrate.hpp:78] [T-Intergrate-intergrate] queue: frame output frame :194
I1014 15:41:13.330025  9332 thread_intergrate.hpp:85] [T-Intergrate-intergrate] queue: compare output face:0
I1014 15:41:13.330044  9332 thread_intergrate.hpp:144] T-Intergrate-intergrate set matched face: 0
I1014 15:41:13.331542  9332 thread_intergrate.hpp:188] T-Intergrate-intergrate Show face :0, size :640 * 360
I1014 15:41:13.331761  9330 work_thread.hpp:81]  [T-Work-Recog_0] Run work: WorkRecog
I1014 15:41:13.331787  9330 work_recog.hpp:89] Face id: 0 will run recog: bbox [139 x 183 from (223, 164)] quality: 0.434051
I1014 15:41:13.331820  9330 work_recog.hpp:96] Recog pair: [200 x 232 from (192, 128)], [139 x 183 from (31, 36)]
I1014 15:41:13.332036  9328 demo_inner.hpp:435] thread [SORT-0]  frame id 194 sorting queue size 0   FPS: 28.5442
I1014 15:41:13.349370  9330 work_thread.hpp:81]  [T-Work-Recog_0] Run work: WorkCompare
I1014 15:41:13.349830  9330 work_compare.cpp:76] Compare face: 0 successed, similarity :0.996021, name : images/ThangLMb.jpg, normal size : 1548 * 1719!
I1014 15:41:13.357620  9326 demo_inner.hpp:177] decode queue size 0
I1014 15:41:13.357735  9329 work_thread.hpp:81]  [T-Work-Detect_0] Run work: WorkDetect
I1014 15:41:13.357772  9329 work_detect.cpp:102] Succeeded to add det start for frame 195
I1014 15:41:13.365047  9329 work_detect.cpp:70] Frame :195 detect result :1 face(s)
I1014 15:41:13.365094  9329 work_detect.cpp:86] Detected bbox: [137 x 183 from (224, 164)]
I1014 15:41:13.365137  9329 work_detect.cpp:120] Succeeded to add det end for frame 195
I1014 15:41:13.365154  9329 work_thread.hpp:81]  [T-Work-Detect_0] Run work: WrokTrack
I1014 15:41:13.365180  9329 work_track.cpp:82] Frame: 195 build input_characts: [0.214062 x 0.508333 from (0.35, 0.455556)], 0.999622, 0
I1014 15:41:13.365236  9329 work_track.cpp:102] Succeeded to set track lock for frame 195
I1014 15:41:13.365275  9329 work_track.cpp:116] Succeeded to release track lock for frame 195
I1014 15:41:13.365290  9329 work_track.cpp:120] Track results of frame 195: 1 objects input, 1 objects tracked!
I1014 15:41:13.365308  9329 work_track.cpp:148] Frame: 195, track bbox: [137 x 183 from (224.45, 166.542)], gid: 0, lid: 0
I1014 15:41:13.365345  9329 work_thread.hpp:87]  [T-Work-Detect_0] Frame :195 split
I1014 15:41:13.365362  9329 work_thread.hpp:120]  [T-Work-Detect_0] Valid piece: gid = 0
I1014 15:41:13.365379  9329 work_thread.hpp:91]  [T-Work-Detect_0] Push to split queue:recog
I1014 15:41:13.365428  9331 work_thread.hpp:81]  [T-Work-Recog_1] Run work: WorkCapture
I1014 15:41:13.365433  9332 thread_intergrate.hpp:78] [T-Intergrate-intergrate] queue: frame output frame :195
I1014 15:41:13.365458  9332 thread_intergrate.hpp:85] [T-Intergrate-intergrate] queue: compare output face:0
I1014 15:41:13.365476  9332 thread_intergrate.hpp:144] T-Intergrate-intergrate set matched face: 0
I1014 15:41:13.366165  9331 work_thread.hpp:81]  [T-Work-Recog_1] Run work: WorkRecog
I1014 15:41:13.366194  9331 work_recog.hpp:89] Face id: 0 will run recog: bbox [137 x 183 from (224, 164)] quality: 0.44867
I1014 15:41:13.366230  9331 work_recog.hpp:96] Recog pair: [200 x 232 from (192, 128)], [137 x 183 from (32, 36)]
I1014 15:41:13.366973  9332 thread_intergrate.hpp:188] T-Intergrate-intergrate Show face :0, size :640 * 360
I1014 15:41:13.367530  9328 demo_inner.hpp:435] thread [SORT-0]  frame id 195 sorting queue size 1   FPS: 28.5036
I1014 15:41:13.384251  9331 work_thread.hpp:81]  [T-Work-Recog_1] Run work: WorkCompare
I1014 15:41:13.384860  9331 work_compare.cpp:76] Compare face: 0 successed, similarity :0.994941, name : images/ThangLMb.jpg, normal size : 1548 * 1719!
I1014 15:41:13.387590  9326 demo_inner.hpp:177] decode queue size 0
I1014 15:41:13.387666  9329 work_thread.hpp:81]  [T-Work-Detect_0] Run work: WorkDetect
I1014 15:41:13.387701  9329 work_detect.cpp:102] Succeeded to add det start for frame 196
I1014 15:41:13.389189  9327 demo_inner.hpp:260]  gui queue size 1, state = running
I1014 15:41:13.396714  9329 work_detect.cpp:70] Frame :196 detect result :1 face(s)
I1014 15:41:13.396790  9329 work_detect.cpp:86] Detected bbox: [134 x 182 from (226, 165)]
I1014 15:41:13.396834  9329 work_detect.cpp:120] Succeeded to add det end for frame 196
I1014 15:41:13.396852  9329 work_thread.hpp:81]  [T-Work-Detect_0] Run work: WrokTrack
I1014 15:41:13.396876  9329 work_track.cpp:82] Frame: 196 build input_characts: [0.209375 x 0.505556 from (0.353125, 0.458333)], 0.999622, 0
I1014 15:41:13.396941  9329 work_track.cpp:102] Succeeded to set track lock for frame 196
I1014 15:41:13.396980  9329 work_track.cpp:116] Succeeded to release track lock for frame 196
I1014 15:41:13.396994  9329 work_track.cpp:120] Track results of frame 196: 1 objects input, 1 objects tracked!
I1014 15:41:13.397035  9329 work_track.cpp:148] Frame: 196, track bbox: [134 x 182 from (225.942, 166.938)], gid: 0, lid: 0
I1014 15:41:13.397073  9329 work_thread.hpp:87]  [T-Work-Detect_0] Frame :196 split
I1014 15:41:13.397092  9329 work_thread.hpp:120]  [T-Work-Detect_0] Valid piece: gid = 0
I1014 15:41:13.397111  9329 work_thread.hpp:91]  [T-Work-Detect_0] Push to split queue:recog
I1014 15:41:13.397168  9330 work_thread.hpp:81]  [T-Work-Recog_0] Run work: WorkCapture
I1014 15:41:13.397181  9332 thread_intergrate.hpp:78] [T-Intergrate-intergrate] queue: frame output frame :196
I1014 15:41:13.397207  9332 thread_intergrate.hpp:85] [T-Intergrate-intergrate] queue: compare output face:0
I1014 15:41:13.397224  9332 thread_intergrate.hpp:144] T-Intergrate-intergrate set matched face: 0
I1014 15:41:13.397747  9330 work_thread.hpp:81]  [T-Work-Recog_0] Run work: WorkRecog
I1014 15:41:13.397773  9330 work_recog.hpp:89] Face id: 0 will run recog: bbox [134 x 182 from (226, 165)] quality: 0.434051
I1014 15:41:13.397804  9330 work_recog.hpp:96] Recog pair: [192 x 232 from (200, 128)], [134 x 182 from (26, 37)]
I1014 15:41:13.399121  9332 thread_intergrate.hpp:188] T-Intergrate-intergrate Show face :0, size :640 * 360
I1014 15:41:13.399736  9328 demo_inner.hpp:435] thread [SORT-0]  frame id 196 sorting queue size 0   FPS: 28.5578
I1014 15:41:13.415422  9330 work_thread.hpp:81]  [T-Work-Recog_0] Run work: WorkCompare
I1014 15:41:13.415879  9330 work_compare.cpp:76] Compare face: 0 successed, similarity :0.993387, name : images/ThangLMb.jpg, normal size : 1548 * 1719!
I1014 15:41:13.423610  9326 demo_inner.hpp:177] decode queue size 0
I1014 15:41:13.423738  9329 work_thread.hpp:81]  [T-Work-Detect_0] Run work: WorkDetect
I1014 15:41:13.423775  9329 work_detect.cpp:102] Succeeded to add det start for frame 197
I1014 15:41:13.431243  9329 work_detect.cpp:70] Frame :197 detect result :1 face(s)
I1014 15:41:13.431286  9329 work_detect.cpp:86] Detected bbox: [140 x 182 from (223, 164)]
I1014 15:41:13.431401  9329 work_detect.cpp:120] Succeeded to add det end for frame 197
I1014 15:41:13.431418  9329 work_thread.hpp:81]  [T-Work-Detect_0] Run work: WrokTrack
I1014 15:41:13.431444  9329 work_track.cpp:82] Frame: 197 build input_characts: [0.21875 x 0.505556 from (0.348437, 0.455556)], 0.998681, 0
I1014 15:41:13.431506  9329 work_track.cpp:102] Succeeded to set track lock for frame 197
I1014 15:41:13.431546  9329 work_track.cpp:116] Succeeded to release track lock for frame 197
I1014 15:41:13.431560  9329 work_track.cpp:120] Track results of frame 197: 1 objects input, 1 objects tracked!
I1014 15:41:13.431601  9329 work_track.cpp:148] Frame: 197, track bbox: [140 x 182 from (222.907, 164.723)], gid: 0, lid: 0
I1014 15:41:13.431638  9329 work_thread.hpp:87]  [T-Work-Detect_0] Frame :197 split
I1014 15:41:13.431735  9329 work_thread.hpp:120]  [T-Work-Detect_0] Valid piece: gid = 0
I1014 15:41:13.431754  9329 work_thread.hpp:91]  [T-Work-Detect_0] Push to split queue:recog
I1014 15:41:13.431803  9331 work_thread.hpp:81]  [T-Work-Recog_1] Run work: WorkCapture
I1014 15:41:13.432284  9332 thread_intergrate.hpp:78] [T-Intergrate-intergrate] queue: frame output frame :197
I1014 15:41:13.432335  9332 thread_intergrate.hpp:85] [T-Intergrate-intergrate] queue: compare output face:0
I1014 15:41:13.432358  9332 thread_intergrate.hpp:144] T-Intergrate-intergrate set matched face: 0
I1014 15:41:13.433459  9331 work_thread.hpp:81]  [T-Work-Recog_1] Run work: WorkRecog
I1014 15:41:13.433495  9331 work_recog.hpp:89] Face id: 0 will run recog: bbox [140 x 182 from (223, 164)] quality: 0.405757
I1014 15:41:13.433535  9331 work_recog.hpp:96] Recog pair: [200 x 232 from (192, 128)], [140 x 182 from (31, 36)]
I1014 15:41:13.434072  9332 thread_intergrate.hpp:188] T-Intergrate-intergrate Show face :0, size :640 * 360
I1014 15:41:13.434598  9328 demo_inner.hpp:435] thread [SORT-0]  frame id 197 sorting queue size 1   FPS: 28.4765
I1014 15:41:13.451117  9331 work_thread.hpp:81]  [T-Work-Recog_1] Run work: WorkCompare
I1014 15:41:13.451586  9331 work_compare.cpp:76] Compare face: 0 successed, similarity :0.994871, name : images/ThangLMb.jpg, normal size : 1548 * 1719!
I1014 15:41:13.453572  9326 demo_inner.hpp:177] decode queue size 0
I1014 15:41:13.453652  9329 work_thread.hpp:81]  [T-Work-Detect_0] Run work: WorkDetect
I1014 15:41:13.453686  9329 work_detect.cpp:102] Succeeded to add det start for frame 198
I1014 15:41:13.461138  9329 work_detect.cpp:70] Frame :198 detect result :1 face(s)
I1014 15:41:13.461207  9329 work_detect.cpp:86] Detected bbox: [129 x 183 from (220, 155)]
I1014 15:41:13.461261  9329 work_detect.cpp:120] Succeeded to add det end for frame 198
I1014 15:41:13.461278  9329 work_thread.hpp:81]  [T-Work-Detect_0] Run work: WrokTrack
I1014 15:41:13.461305  9329 work_track.cpp:82] Frame: 198 build input_characts: [0.201562 x 0.508333 from (0.34375, 0.430556)], 0.999622, 0
I1014 15:41:13.461441  9329 work_track.cpp:102] Succeeded to set track lock for frame 198
I1014 15:41:13.461488  9329 work_track.cpp:116] Succeeded to release track lock for frame 198
I1014 15:41:13.461504  9329 work_track.cpp:120] Track results of frame 198: 1 objects input, 1 objects tracked!
I1014 15:41:13.461522  9329 work_track.cpp:148] Frame: 198, track bbox: [129 x 183 from (223.973, 159.257)], gid: 0, lid: 0
I1014 15:41:13.461558  9329 work_thread.hpp:87]  [T-Work-Detect_0] Frame :198 split
I1014 15:41:13.461576  9329 work_thread.hpp:120]  [T-Work-Detect_0] Valid piece: gid = 0
I1014 15:41:13.461594  9329 work_thread.hpp:91]  [T-Work-Detect_0] Push to split queue:recog
I1014 15:41:13.461668  9331 work_thread.hpp:81]  [T-Work-Recog_1] Run work: WorkCapture
I1014 15:41:13.461678  9332 thread_intergrate.hpp:78] [T-Intergrate-intergrate] queue: frame output frame :198
I1014 15:41:13.461704  9332 thread_intergrate.hpp:85] [T-Intergrate-intergrate] queue: compare output face:0
I1014 15:41:13.461721  9332 thread_intergrate.hpp:144] T-Intergrate-intergrate set matched face: 0
I1014 15:41:13.462246  9331 work_thread.hpp:81]  [T-Work-Recog_1] Run work: WorkRecog
I1014 15:41:13.462272  9331 work_recog.hpp:89] Face id: 0 will run recog: bbox [129 x 183 from (220, 155)] quality: 0.531033
I1014 15:41:13.462303  9331 work_recog.hpp:96] Recog pair: [184 x 248 from (192, 112)], [129 x 183 from (28, 43)]
I1014 15:41:13.463712  9332 thread_intergrate.hpp:188] T-Intergrate-intergrate Show face :0, size :640 * 360
I1014 15:41:13.464354  9328 demo_inner.hpp:435] thread [SORT-0]  frame id 198 sorting queue size 2   FPS: 28.5578
I1014 15:41:13.479723  9331 work_thread.hpp:81]  [T-Work-Recog_1] Run work: WorkCompare
I1014 15:41:13.480207  9331 work_compare.cpp:76] Compare face: 0 successed, similarity :0.99657, name : images/ThangLMb.jpg, normal size : 1548 * 1719!
I1014 15:41:13.489259  9326 demo_inner.hpp:177] decode queue size 0
I1014 15:41:13.489478  9329 work_thread.hpp:81]  [T-Work-Detect_0] Run work: WorkDetect
I1014 15:41:13.489504  9327 demo_inner.hpp:260]  gui queue size 2, state = running
I1014 15:41:13.489517  9329 work_detect.cpp:102] Succeeded to add det start for frame 199
I1014 15:41:13.496007  9329 work_detect.cpp:70] Frame :199 detect result :1 face(s)
I1014 15:41:13.496062  9329 work_detect.cpp:86] Detected bbox: [130 x 183 from (220, 154)]
I1014 15:41:13.496105  9329 work_detect.cpp:120] Succeeded to add det end for frame 199
I1014 15:41:13.496122  9329 work_thread.hpp:81]  [T-Work-Detect_0] Run work: WrokTrack
I1014 15:41:13.496147  9329 work_track.cpp:82] Frame: 199 build input_characts: [0.203125 x 0.508333 from (0.34375, 0.427778)], 1.00019, 0
I1014 15:41:13.496220  9329 work_track.cpp:102] Succeeded to set track lock for frame 199
I1014 15:41:13.496260  9329 work_track.cpp:116] Succeeded to release track lock for frame 199
I1014 15:41:13.496275  9329 work_track.cpp:120] Track results of frame 199: 1 objects input, 1 objects tracked!
I1014 15:41:13.496292  9329 work_track.cpp:148] Frame: 199, track bbox: [130 x 183 from (220.719, 155.312)], gid: 0, lid: 0
I1014 15:41:13.496330  9329 work_thread.hpp:87]  [T-Work-Detect_0] Frame :199 split
I1014 15:41:13.496348  9329 work_thread.hpp:120]  [T-Work-Detect_0] Valid piece: gid = 0
I1014 15:41:13.496366  9329 work_thread.hpp:91]  [T-Work-Detect_0] Push to split queue:recog
I1014 15:41:13.496417  9330 work_thread.hpp:81]  [T-Work-Recog_0] Run work: WorkCapture
I1014 15:41:13.496417  9332 thread_intergrate.hpp:78] [T-Intergrate-intergrate] queue: frame output frame :199
I1014 15:41:13.496469  9332 thread_intergrate.hpp:85] [T-Intergrate-intergrate] queue: compare output face:0
I1014 15:41:13.496489  9332 thread_intergrate.hpp:144] T-Intergrate-intergrate set matched face: 0
I1014 15:41:13.497001  9330 work_thread.hpp:81]  [T-Work-Recog_0] Run work: WorkRecog
I1014 15:41:13.497027  9330 work_recog.hpp:89] Face id: 0 will run recog: bbox [130 x 183 from (220, 154)] quality: 0.679096
I1014 15:41:13.497057  9330 work_recog.hpp:96] Recog pair: [184 x 248 from (192, 112)], [130 x 183 from (28, 42)]
I1014 15:41:13.498569  9332 thread_intergrate.hpp:188] T-Intergrate-intergrate Show face :0, size :640 * 360
I1014 15:41:13.499167  9328 demo_inner.hpp:435] thread [SORT-0]  frame id 199 sorting queue size 0   FPS: 28.5036
I1014 15:41:13.514484  9330 work_thread.hpp:81]  [T-Work-Recog_0] Run work: WorkCompare
I1014 15:41:13.514943  9330 work_compare.cpp:76] Compare face: 0 successed, similarity :0.995613, name : images/ThangLMb.jpg, normal size : 1548 * 1719!
I1014 15:41:13.519657  9326 demo_inner.hpp:177] decode queue size 0
I1014 15:41:13.519768  9329 work_thread.hpp:81]  [T-Work-Detect_0] Run work: WorkDetect
