I1012 13:44:05.138206  6819 work_track.cpp:102] Succeeded to set track lock for frame 66
I1012 13:44:05.138244  6819 work_track.cpp:116] Succeeded to release track lock for frame 66
I1012 13:44:05.138259  6819 work_track.cpp:120] Track results of frame 66: 1 objects input, 1 objects tracked!
I1012 13:44:05.138276  6819 work_track.cpp:148] Frame: 66, track bbox: [102 x 124 from (16.9532, 108.946)], gid: 0, lid: 0
I1012 13:44:05.138311  6819 work_thread.hpp:88]  [T-Work-Detect_0] Frame :66 split
I1012 13:44:05.138329  6819 work_thread.hpp:120]  [T-Work-Detect_0] Valid piece: gid = 0
I1012 13:44:05.138347  6819 work_thread.hpp:92]  [T-Work-Detect_0] Push to split queue:recog
I1012 13:44:05.138386  6821 work_thread.hpp:81]  [T-Work-Recog_1] Run work: WorkCapture
I1012 13:44:05.138391  6822 thread_intergrate.hpp:78] [T-Intergrate-intergrate] queue: frame output frame :66
I1012 13:44:05.138921  6821 work_thread.hpp:81]  [T-Work-Recog_1] Run work: WorkRecog
W1012 13:44:05.138942  6821 work_recog.hpp:118] Face id: 0 has low quality : 0.0013051, no need to recog
I1012 13:44:05.138993  6821 work_thread.hpp:81]  [T-Work-Recog_1] Run work: WorkCompare
I1012 13:44:05.139878  6818 demo_inner.hpp:435] thread [SORT-0]  frame id 66 sorting queue size 0   FPS: 7.15397
I1012 13:44:05.139940  6817 demo_inner.hpp:260]  gui queue size 0, state = running
I1012 13:44:05.275143  6816 demo_inner.hpp:177] decode queue size 0
I1012 13:44:05.275239  6819 work_thread.hpp:81]  [T-Work-Detect_0] Run work: WorkDetect
I1012 13:44:05.275276  6819 work_detect.cpp:102] Succeeded to add det start for frame 67
I1012 13:44:05.281860  6819 work_detect.cpp:70] Frame :67 detect result :2 face(s)
W1012 13:44:05.281896  6819 work_detect.cpp:83] Invalid bbox: [133 x 161 from (301, 212)]
I1012 13:44:05.281982  6819 work_detect.cpp:86] Detected bbox: [111 x 122 from (13, 119)]
I1012 13:44:05.282022  6819 work_detect.cpp:120] Succeeded to add det end for frame 67
I1012 13:44:05.282038  6819 work_thread.hpp:81]  [T-Work-Detect_0] Run work: WrokTrack
I1012 13:44:05.282060  6819 work_track.cpp:82] Frame: 67 build input_characts: [0.173438 x 0.338889 from (0.0203125, 0.330556)], 0.932765, 0
I1012 13:44:05.282116  6819 work_track.cpp:102] Succeeded to set track lock for frame 67
I1012 13:44:05.282155  6819 work_track.cpp:116] Succeeded to release track lock for frame 67
I1012 13:44:05.282171  6819 work_track.cpp:120] Track results of frame 67: 1 objects input, 1 objects tracked!
I1012 13:44:05.282187  6819 work_track.cpp:148] Frame: 67, track bbox: [111 x 122 from (14.3113, 116.194)], gid: 0, lid: 0
I1012 13:44:05.282222  6819 work_thread.hpp:88]  [T-Work-Detect_0] Frame :67 split
I1012 13:44:05.282240  6819 work_thread.hpp:120]  [T-Work-Detect_0] Valid piece: gid = 0
I1012 13:44:05.282312  6819 work_thread.hpp:92]  [T-Work-Detect_0] Push to split queue:recog
I1012 13:44:05.282353  6820 work_thread.hpp:81]  [T-Work-Recog_0] Run work: WorkCapture
I1012 13:44:05.282356  6822 thread_intergrate.hpp:78] [T-Intergrate-intergrate] queue: frame output frame :67
I1012 13:44:05.282879  6820 work_thread.hpp:81]  [T-Work-Recog_0] Run work: WorkRecog
W1012 13:44:05.282902  6820 work_recog.hpp:118] Face id: 0 has low quality : 0.00147781, no need to recog
I1012 13:44:05.282974  6820 work_thread.hpp:81]  [T-Work-Recog_0] Run work: WorkCompare
I1012 13:44:05.283782  6818 demo_inner.hpp:435] thread [SORT-0]  frame id 67 sorting queue size 0   FPS: 7.14064
I1012 13:44:05.283843  6817 demo_inner.hpp:260]  gui queue size 0, state = running
I1012 13:44:05.413169  6816 demo_inner.hpp:177] decode queue size 0
I1012 13:44:05.413264  6819 work_thread.hpp:81]  [T-Work-Detect_0] Run work: WorkDetect
I1012 13:44:05.413297  6819 work_detect.cpp:102] Succeeded to add det start for frame 68
I1012 13:44:05.419919  6819 work_detect.cpp:70] Frame :68 detect result :2 face(s)
W1012 13:44:05.419955  6819 work_detect.cpp:83] Invalid bbox: [129 x 162 from (303, 214)]
I1012 13:44:05.420042  6819 work_detect.cpp:86] Detected bbox: [119 x 127 from (19, 116)]
I1012 13:44:05.420083  6819 work_detect.cpp:120] Succeeded to add det end for frame 68
I1012 13:44:05.420099  6819 work_thread.hpp:81]  [T-Work-Detect_0] Run work: WrokTrack
I1012 13:44:05.420123  6819 work_track.cpp:82] Frame: 68 build input_characts: [0.185937 x 0.352778 from (0.0296875, 0.322222)], 0.984445, 0
I1012 13:44:05.420179  6819 work_track.cpp:102] Succeeded to set track lock for frame 68
I1012 13:44:05.420219  6819 work_track.cpp:116] Succeeded to release track lock for frame 68
I1012 13:44:05.420233  6819 work_track.cpp:120] Track results of frame 68: 1 objects input, 1 objects tracked!
I1012 13:44:05.420250  6819 work_track.cpp:148] Frame: 68, track bbox: [119 x 127 from (15.5974, 118.052)], gid: 0, lid: 0
I1012 13:44:05.420307  6819 work_thread.hpp:88]  [T-Work-Detect_0] Frame :68 split
I1012 13:44:05.420326  6819 work_thread.hpp:120]  [T-Work-Detect_0] Valid piece: gid = 0
I1012 13:44:05.420344  6819 work_thread.hpp:92]  [T-Work-Detect_0] Push to split queue:recog
I1012 13:44:05.420387  6821 work_thread.hpp:81]  [T-Work-Recog_1] Run work: WorkCapture
I1012 13:44:05.420387  6822 thread_intergrate.hpp:78] [T-Intergrate-intergrate] queue: frame output frame :68
I1012 13:44:05.420910  6821 work_thread.hpp:81]  [T-Work-Recog_1] Run work: WorkRecog
W1012 13:44:05.420933  6821 work_recog.hpp:118] Face id: 0 has low quality : 0.00167322, no need to recog
I1012 13:44:05.420981  6821 work_thread.hpp:81]  [T-Work-Recog_1] Run work: WorkCompare
I1012 13:44:05.421816  6818 demo_inner.hpp:435] thread [SORT-0]  frame id 68 sorting queue size 0   FPS: 7.14064
I1012 13:44:05.421883  6817 demo_inner.hpp:260]  gui queue size 0, state = running
I1012 13:44:05.551209  6816 demo_inner.hpp:177] decode queue size 0
I1012 13:44:05.551301  6819 work_thread.hpp:81]  [T-Work-Detect_0] Run work: WorkDetect
I1012 13:44:05.551334  6819 work_detect.cpp:102] Succeeded to add det start for frame 69
I1012 13:44:05.557950  6819 work_detect.cpp:70] Frame :69 detect result :2 face(s)
W1012 13:44:05.557986  6819 work_detect.cpp:83] Invalid bbox: [131 x 162 from (303, 212)]
I1012 13:44:05.558071  6819 work_detect.cpp:86] Detected bbox: [108 x 116 from (26, 130)]
I1012 13:44:05.558111  6819 work_detect.cpp:120] Succeeded to add det end for frame 69
I1012 13:44:05.558127  6819 work_thread.hpp:81]  [T-Work-Detect_0] Run work: WrokTrack
I1012 13:44:05.558151  6819 work_track.cpp:82] Frame: 69 build input_characts: [0.16875 x 0.322222 from (0.040625, 0.361111)], 0.955078, 0
I1012 13:44:05.558205  6819 work_track.cpp:102] Succeeded to set track lock for frame 69
I1012 13:44:05.558244  6819 work_track.cpp:116] Succeeded to release track lock for frame 69
I1012 13:44:05.558259  6819 work_track.cpp:120] Track results of frame 69: 1 objects input, 1 objects tracked!
I1012 13:44:05.558276  6819 work_track.cpp:148] Frame: 69, track bbox: [108 x 116 from (23.7852, 129.899)], gid: 0, lid: 0
I1012 13:44:05.558359  6819 work_thread.hpp:88]  [T-Work-Detect_0] Frame :69 split
I1012 13:44:05.558379  6819 work_thread.hpp:120]  [T-Work-Detect_0] Valid piece: gid = 0
I1012 13:44:05.558398  6819 work_thread.hpp:92]  [T-Work-Detect_0] Push to split queue:recog
I1012 13:44:05.558436  6821 work_thread.hpp:81]  [T-Work-Recog_1] Run work: WorkCapture
I1012 13:44:05.558439  6822 thread_intergrate.hpp:78] [T-Intergrate-intergrate] queue: frame output frame :69
I1012 13:44:05.558975  6821 work_thread.hpp:81]  [T-Work-Recog_1] Run work: WorkRecog
W1012 13:44:05.558998  6821 work_recog.hpp:118] Face id: 0 has low quality : 0.00214443, no need to recog
I1012 13:44:05.559245  6821 work_thread.hpp:81]  [T-Work-Recog_1] Run work: WorkCompare
I1012 13:44:05.559808  6818 demo_inner.hpp:435] thread [SORT-0]  frame id 69 sorting queue size 0   FPS: 7.15174
I1012 13:44:05.559870  6817 demo_inner.hpp:260]  gui queue size 0, state = running
I1012 13:44:05.695107  6816 demo_inner.hpp:177] decode queue size 0
I1012 13:44:05.695199  6819 work_thread.hpp:81]  [T-Work-Detect_0] Run work: WorkDetect
I1012 13:44:05.695232  6819 work_detect.cpp:102] Succeeded to add det start for frame 70
I1012 13:44:05.701835  6819 work_detect.cpp:70] Frame :70 detect result :2 face(s)
W1012 13:44:05.701870  6819 work_detect.cpp:83] Invalid bbox: [130 x 160 from (303, 215)]
I1012 13:44:05.701994  6819 work_detect.cpp:86] Detected bbox: [110 x 129 from (25, 116)]
I1012 13:44:05.702036  6819 work_detect.cpp:120] Succeeded to add det end for frame 70
I1012 13:44:05.702052  6819 work_thread.hpp:81]  [T-Work-Detect_0] Run work: WrokTrack
I1012 13:44:05.702077  6819 work_track.cpp:82] Frame: 70 build input_characts: [0.171875 x 0.358333 from (0.0390625, 0.322222)], 0.981281, 0
I1012 13:44:05.702136  6819 work_track.cpp:102] Succeeded to set track lock for frame 70
I1012 13:44:05.702178  6819 work_track.cpp:116] Succeeded to release track lock for frame 70
I1012 13:44:05.702193  6819 work_track.cpp:120] Track results of frame 70: 1 objects input, 1 objects tracked!
I1012 13:44:05.702210  6819 work_track.cpp:148] Frame: 70, track bbox: [110 x 129 from (26.8329, 122.644)], gid: 0, lid: 0
I1012 13:44:05.702245  6819 work_thread.hpp:88]  [T-Work-Detect_0] Frame :70 split
I1012 13:44:05.702263  6819 work_thread.hpp:120]  [T-Work-Detect_0] Valid piece: gid = 0
I1012 13:44:05.702281  6819 work_thread.hpp:92]  [T-Work-Detect_0] Push to split queue:recog
I1012 13:44:05.702320  6820 work_thread.hpp:81]  [T-Work-Recog_0] Run work: WorkCapture
I1012 13:44:05.702323  6822 thread_intergrate.hpp:78] [T-Intergrate-intergrate] queue: frame output frame :70
I1012 13:44:05.702857  6820 work_thread.hpp:81]  [T-Work-Recog_0] Run work: WorkRecog
W1012 13:44:05.702879  6820 work_recog.hpp:118] Face id: 0 has low quality : 0.00147778, no need to recog
I1012 13:44:05.702934  6820 work_thread.hpp:81]  [T-Work-Recog_0] Run work: WorkCompare
I1012 13:44:05.703749  6818 demo_inner.hpp:435] thread [SORT-0]  frame id 70 sorting queue size 0   FPS: 7.14064
I1012 13:44:05.703812  6817 demo_inner.hpp:260]  gui queue size 0, state = running
I1012 13:44:05.833114  6816 demo_inner.hpp:177] decode queue size 0
I1012 13:44:05.833204  6819 work_thread.hpp:81]  [T-Work-Detect_0] Run work: WorkDetect
I1012 13:44:05.833237  6819 work_detect.cpp:102] Succeeded to add det start for frame 71
I1012 13:44:05.839745  6819 work_detect.cpp:70] Frame :71 detect result :2 face(s)
W1012 13:44:05.839776  6819 work_detect.cpp:83] Invalid bbox: [133 x 162 from (301, 215)]
I1012 13:44:05.839864  6819 work_detect.cpp:86] Detected bbox: [111 x 131 from (19, 108)]
I1012 13:44:05.839905  6819 work_detect.cpp:120] Succeeded to add det end for frame 71
I1012 13:44:05.839920  6819 work_thread.hpp:81]  [T-Work-Detect_0] Run work: WrokTrack
I1012 13:44:05.839943  6819 work_track.cpp:82] Frame: 71 build input_characts: [0.173438 x 0.363889 from (0.0296875, 0.3)], 0.987331, 0
I1012 13:44:05.840000  6819 work_track.cpp:102] Succeeded to set track lock for frame 71
I1012 13:44:05.840088  6819 work_track.cpp:116] Succeeded to release track lock for frame 71
I1012 13:44:05.840104  6819 work_track.cpp:120] Track results of frame 71: 1 objects input, 1 objects tracked!
I1012 13:44:05.840121  6819 work_track.cpp:148] Frame: 71, track bbox: [111 x 131 from (23.7367, 113.715)], gid: 0, lid: 0
I1012 13:44:05.840157  6819 work_thread.hpp:88]  [T-Work-Detect_0] Frame :71 split
I1012 13:44:05.840175  6819 work_thread.hpp:120]  [T-Work-Detect_0] Valid piece: gid = 0
I1012 13:44:05.840193  6819 work_thread.hpp:92]  [T-Work-Detect_0] Push to split queue:recog
I1012 13:44:05.840234  6821 work_thread.hpp:81]  [T-Work-Recog_1] Run work: WorkCapture
I1012 13:44:05.840235  6822 thread_intergrate.hpp:78] [T-Intergrate-intergrate] queue: frame output frame :71
I1012 13:44:05.840795  6821 work_thread.hpp:81]  [T-Work-Recog_1] Run work: WorkRecog
W1012 13:44:05.840816  6821 work_recog.hpp:118] Face id: 0 has low quality : 0.00274678, no need to recog
I1012 13:44:05.840893  6821 work_thread.hpp:81]  [T-Work-Recog_1] Run work: WorkCompare
I1012 13:44:05.841666  6818 demo_inner.hpp:435] thread [SORT-0]  frame id 71 sorting queue size 0   FPS: 7.14064
I1012 13:44:05.841733  6817 demo_inner.hpp:260]  gui queue size 0, state = running
I1012 13:44:05.971155  6816 demo_inner.hpp:177] decode queue size 0
I1012 13:44:05.971248  6819 work_thread.hpp:81]  [T-Work-Detect_0] Run work: WorkDetect
I1012 13:44:05.971282  6819 work_detect.cpp:102] Succeeded to add det start for frame 72
I1012 13:44:05.977850  6819 work_detect.cpp:70] Frame :72 detect result :1 face(s)
W1012 13:44:05.977890  6819 work_detect.cpp:83] Invalid bbox: [131 x 162 from (302, 212)]
I1012 13:44:05.977998  6819 work_detect.cpp:120] Succeeded to add det end for frame 72
I1012 13:44:05.978014  6819 work_thread.hpp:81]  [T-Work-Detect_0] Run work: WrokTrack
I1012 13:44:05.978044  6819 work_track.cpp:102] Succeeded to set track lock for frame 72
I1012 13:44:05.978076  6819 work_track.cpp:116] Succeeded to release track lock for frame 72
I1012 13:44:05.978091  6819 work_track.cpp:120] Track results of frame 72: 0 objects input, 1 objects tracked!
I1012 13:44:05.978108  6819 work_track.cpp:148] Frame: 72, track bbox: [111 x 131 from (25.2651, 113.5)], gid: 0, lid: -1
I1012 13:44:05.978160  6819 work_thread.hpp:88]  [T-Work-Detect_0] Frame :72 split
I1012 13:44:05.978201  6822 thread_intergrate.hpp:78] [T-Intergrate-intergrate] queue: frame output frame :72
I1012 13:44:05.979651  6818 demo_inner.hpp:435] thread [SORT-0]  frame id 72 sorting queue size 0   FPS: 7.15397
I1012 13:44:05.979723  6817 demo_inner.hpp:260]  gui queue size 0, state = running
I1012 13:44:06.115046  6816 demo_inner.hpp:177] decode queue size 0
I1012 13:44:06.115135  6819 work_thread.hpp:81]  [T-Work-Detect_0] Run work: WorkDetect
I1012 13:44:06.115170  6819 work_detect.cpp:102] Succeeded to add det start for frame 73
I1012 13:44:06.121721  6819 work_detect.cpp:70] Frame :73 detect result :1 face(s)
W1012 13:44:06.121755  6819 work_detect.cpp:83] Invalid bbox: [127 x 160 from (305, 215)]
I1012 13:44:06.121881  6819 work_detect.cpp:120] Succeeded to add det end for frame 73
I1012 13:44:06.121898  6819 work_thread.hpp:81]  [T-Work-Detect_0] Run work: WrokTrack
I1012 13:44:06.121924  6819 work_track.cpp:102] Succeeded to set track lock for frame 73
I1012 13:44:06.121955  6819 work_track.cpp:116] Succeeded to release track lock for frame 73
I1012 13:44:06.121969  6819 work_track.cpp:120] Track results of frame 73: 0 objects input, 0 objects tracked!
I1012 13:44:06.121989  6819 work_thread.hpp:88]  [T-Work-Detect_0] Frame :73 split
I1012 13:44:06.122026  6822 thread_intergrate.hpp:78] [T-Intergrate-intergrate] queue: frame output frame :73
I1012 13:44:06.123423  6818 demo_inner.hpp:435] thread [SORT-0]  frame id 73 sorting queue size 0   FPS: 7.14064
I1012 13:44:06.123492  6817 demo_inner.hpp:260]  gui queue size 0, state = running
I1012 13:44:06.253083  6816 demo_inner.hpp:177] decode queue size 0
I1012 13:44:06.253173  6819 work_thread.hpp:81]  [T-Work-Detect_0] Run work: WorkDetect
I1012 13:44:06.253283  6819 work_detect.cpp:102] Succeeded to add det start for frame 74
I1012 13:44:06.259845  6819 work_detect.cpp:70] Frame :74 detect result :2 face(s)
W1012 13:44:06.259882  6819 work_detect.cpp:83] Invalid bbox: [135 x 163 from (300, 215)]
I1012 13:44:06.259964  6819 work_detect.cpp:86] Detected bbox: [90 x 126 from (6, 115)]
I1012 13:44:06.260006  6819 work_detect.cpp:120] Succeeded to add det end for frame 74
I1012 13:44:06.260022  6819 work_thread.hpp:81]  [T-Work-Detect_0] Run work: WrokTrack
I1012 13:44:06.260046  6819 work_track.cpp:82] Frame: 74 build input_characts: [0.140625 x 0.35 from (0.009375, 0.319444)], 0.92504, 0
I1012 13:44:06.260102  6819 work_track.cpp:102] Succeeded to set track lock for frame 74
I1012 13:44:06.260138  6819 work_track.cpp:116] Succeeded to release track lock for frame 74
I1012 13:44:06.260152  6819 work_track.cpp:120] Track results of frame 74: 1 objects input, 0 objects tracked!
I1012 13:44:06.260169  6819 work_track.cpp:162] Frame: 74 lid: 1 not tracked, will set invalid
I1012 13:44:06.260185  6819 work_thread.hpp:88]  [T-Work-Detect_0] Frame :74 split
I1012 13:44:06.260201  6819 work_thread.hpp:124]  [T-Work-Detect_0] Invalid piece: lid = 1, drop it
I1012 13:44:06.260239  6822 thread_intergrate.hpp:78] [T-Intergrate-intergrate] queue: frame output frame :74
I1012 13:44:06.261632  6818 demo_inner.hpp:435] thread [SORT-0]  frame id 74 sorting queue size 0   FPS: 7.14064
I1012 13:44:06.261701  6817 demo_inner.hpp:260]  gui queue size 0, state = running
I1012 13:44:06.391121  6816 demo_inner.hpp:177] decode queue size 0
I1012 13:44:06.391209  6819 work_thread.hpp:81]  [T-Work-Detect_0] Run work: WorkDetect
I1012 13:44:06.391242  6819 work_detect.cpp:102] Succeeded to add det start for frame 75
I1012 13:44:06.397851  6819 work_detect.cpp:70] Frame :75 detect result :2 face(s)
W1012 13:44:06.397886  6819 work_detect.cpp:83] Invalid bbox: [132 x 162 from (302, 212)]
I1012 13:44:06.397974  6819 work_detect.cpp:86] Detected bbox: [80 x 108 from (7, 134)]
I1012 13:44:06.398012  6819 work_detect.cpp:120] Succeeded to add det end for frame 75
I1012 13:44:06.398028  6819 work_thread.hpp:81]  [T-Work-Detect_0] Run work: WrokTrack
I1012 13:44:06.398051  6819 work_track.cpp:82] Frame: 75 build input_characts: [0.125 x 0.3 from (0.0109375, 0.372222)], 0.985729, 0
I1012 13:44:06.398106  6819 work_track.cpp:102] Succeeded to set track lock for frame 75
I1012 13:44:06.398144  6819 work_track.cpp:116] Succeeded to release track lock for frame 75
I1012 13:44:06.398159  6819 work_track.cpp:120] Track results of frame 75: 1 objects input, 0 objects tracked!
I1012 13:44:06.398175  6819 work_track.cpp:162] Frame: 75 lid: 1 not tracked, will set invalid
I1012 13:44:06.398190  6819 work_thread.hpp:88]  [T-Work-Detect_0] Frame :75 split
I1012 13:44:06.398207  6819 work_thread.hpp:124]  [T-Work-Detect_0] Invalid piece: lid = 1, drop it
I1012 13:44:06.398245  6822 thread_intergrate.hpp:78] [T-Intergrate-intergrate] queue: frame output frame :75
I1012 13:44:06.399694  6818 demo_inner.hpp:435] thread [SORT-0]  frame id 75 sorting queue size 0   FPS: 7.15397
I1012 13:44:06.399756  6817 demo_inner.hpp:260]  gui queue size 0, state = running
I1012 13:44:06.535003  6816 demo_inner.hpp:177] decode queue size 0
I1012 13:44:06.535091  6819 work_thread.hpp:81]  [T-Work-Detect_0] Run work: WorkDetect
I1012 13:44:06.535125  6819 work_detect.cpp:102] Succeeded to add det start for frame 76
I1012 13:44:06.541739  6819 work_detect.cpp:70] Frame :76 detect result :2 face(s)
W1012 13:44:06.541774  6819 work_detect.cpp:83] Invalid bbox: [134 x 166 from (300, 212)]
I1012 13:44:06.541862  6819 work_detect.cpp:86] Detected bbox: [83 x 107 from (6, 130)]
I1012 13:44:06.541903  6819 work_detect.cpp:120] Succeeded to add det end for frame 76
I1012 13:44:06.541918  6819 work_thread.hpp:81]  [T-Work-Detect_0] Run work: WrokTrack
I1012 13:44:06.541942  6819 work_track.cpp:82] Frame: 76 build input_characts: [0.129688 x 0.297222 from (0.009375, 0.361111)], 0.951921, 0
I1012 13:44:06.541997  6819 work_track.cpp:102] Succeeded to set track lock for frame 76
I1012 13:44:06.542083  6819 work_track.cpp:116] Succeeded to release track lock for frame 76
I1012 13:44:06.542098  6819 work_track.cpp:120] Track results of frame 76: 1 objects input, 1 objects tracked!
I1012 13:44:06.542116  6819 work_track.cpp:148] Frame: 76, track bbox: [83 x 107 from (2.31039, 129.24)], gid: 0, lid: 0
I1012 13:44:06.542152  6819 work_thread.hpp:88]  [T-Work-Detect_0] Frame :76 split
I1012 13:44:06.542171  6819 work_thread.hpp:120]  [T-Work-Detect_0] Valid piece: gid = 0
I1012 13:44:06.542188  6819 work_thread.hpp:92]  [T-Work-Detect_0] Push to split queue:recog
I1012 13:44:06.542228  6821 work_thread.hpp:81]  [T-Work-Recog_1] Run work: WorkCapture
I1012 13:44:06.542229  6822 thread_intergrate.hpp:78] [T-Intergrate-intergrate] queue: frame output frame :76
I1012 13:44:06.542760  6821 work_thread.hpp:81]  [T-Work-Recog_1] Run work: WorkRecog
W1012 13:44:06.542783  6821 work_recog.hpp:118] Face id: 0 has low quality : 0.00167342, no need to recog
I1012 13:44:06.542856  6821 work_thread.hpp:81]  [T-Work-Recog_1] Run work: WorkCompare
I1012 13:44:06.543656  6818 demo_inner.hpp:435] thread [SORT-0]  frame id 76 sorting queue size 0   FPS: 7.14064
I1012 13:44:06.543722  6817 demo_inner.hpp:260]  gui queue size 0, state = running
I1012 13:44:06.673058  6816 demo_inner.hpp:177] decode queue size 0
I1012 13:44:06.673151  6819 work_thread.hpp:81]  [T-Work-Detect_0] Run work: WorkDetect
I1012 13:44:06.673183  6819 work_detect.cpp:102] Succeeded to add det start for frame 77
I1012 13:44:06.679708  6819 work_detect.cpp:70] Frame :77 detect result :1 face(s)
W1012 13:44:06.679745  6819 work_detect.cpp:83] Invalid bbox: [131 x 158 from (301, 215)]
I1012 13:44:06.679842  6819 work_detect.cpp:120] Succeeded to add det end for frame 77
I1012 13:44:06.679859  6819 work_thread.hpp:81]  [T-Work-Detect_0] Run work: WrokTrack
I1012 13:44:06.679885  6819 work_track.cpp:102] Succeeded to set track lock for frame 77
I1012 13:44:06.679917  6819 work_track.cpp:116] Succeeded to release track lock for frame 77
I1012 13:44:06.679931  6819 work_track.cpp:120] Track results of frame 77: 0 objects input, 1 objects tracked!
I1012 13:44:06.679949  6819 work_track.cpp:148] Frame: 77, track bbox: [79.7323 x 107 from (0, 129.475)], gid: 0, lid: -1
I1012 13:44:06.679998  6819 work_thread.hpp:88]  [T-Work-Detect_0] Frame :77 split
I1012 13:44:06.680040  6822 thread_intergrate.hpp:78] [T-Intergrate-intergrate] queue: frame output frame :77
I1012 13:44:06.681430  6818 demo_inner.hpp:435] thread [SORT-0]  frame id 77 sorting queue size 0   FPS: 7.14064
I1012 13:44:06.681497  6817 demo_inner.hpp:260]  gui queue size 0, state = running
I1012 13:44:06.811090  6816 demo_inner.hpp:177] decode queue size 0
I1012 13:44:06.811180  6819 work_thread.hpp:81]  [T-Work-Detect_0] Run work: WorkDetect
I1012 13:44:06.811213  6819 work_detect.cpp:102] Succeeded to add det start for frame 78
I1012 13:44:06.817796  6819 work_detect.cpp:70] Frame :78 detect result :1 face(s)
W1012 13:44:06.817831  6819 work_detect.cpp:83] Invalid bbox: [132 x 162 from (303, 214)]
I1012 13:44:06.817927  6819 work_detect.cpp:120] Succeeded to add det end for frame 78
I1012 13:44:06.817945  6819 work_thread.hpp:81]  [T-Work-Detect_0] Run work: WrokTrack
I1012 13:44:06.817971  6819 work_track.cpp:102] Succeeded to set track lock for frame 78
I1012 13:44:06.818002  6819 work_track.cpp:116] Succeeded to release track lock for frame 78
I1012 13:44:06.818017  6819 work_track.cpp:120] Track results of frame 78: 0 objects input, 0 objects tracked!
I1012 13:44:06.818034  6819 work_thread.hpp:88]  [T-Work-Detect_0] Frame :78 split
I1012 13:44:06.818075  6822 thread_intergrate.hpp:78] [T-Intergrate-intergrate] queue: frame output frame :78
I1012 13:44:06.819533  6818 demo_inner.hpp:435] thread [SORT-0]  frame id 78 sorting queue size 0   FPS: 7.15397
I1012 13:44:06.819603  6817 demo_inner.hpp:260]  gui queue size 0, state = running
I1012 13:44:06.954975  6816 demo_inner.hpp:177] decode queue size 0
I1012 13:44:06.955068  6819 work_thread.hpp:81]  [T-Work-Detect_0] Run work: WorkDetect
I1012 13:44:06.955178  6819 work_detect.cpp:102] Succeeded to add det start for frame 79
I1012 13:44:06.961746  6819 work_detect.cpp:70] Frame :79 detect result :1 face(s)
W1012 13:44:06.961782  6819 work_detect.cpp:83] Invalid bbox: [132 x 162 from (303, 214)]
I1012 13:44:06.961872  6819 work_detect.cpp:120] Succeeded to add det end for frame 79
I1012 13:44:06.961890  6819 work_thread.hpp:81]  [T-Work-Detect_0] Run work: WrokTrack
I1012 13:44:06.961916  6819 work_track.cpp:102] Succeeded to set track lock for frame 79
I1012 13:44:06.961948  6819 work_track.cpp:116] Succeeded to release track lock for frame 79
I1012 13:44:06.961962  6819 work_track.cpp:120] Track results of frame 79: 0 objects input, 0 objects tracked!
I1012 13:44:06.961982  6819 work_thread.hpp:88]  [T-Work-Detect_0] Frame :79 split
I1012 13:44:06.962020  6822 thread_intergrate.hpp:78] [T-Intergrate-intergrate] queue: frame output frame :79
I1012 13:44:06.963418  6818 demo_inner.hpp:435] thread [SORT-0]  frame id 79 sorting queue size 0   FPS: 7.14064
I1012 13:44:06.963487  6817 demo_inner.hpp:260]  gui queue size 0, state = running
I1012 13:44:07.093032  6816 demo_inner.hpp:177] decode queue size 0
I1012 13:44:07.093123  6819 work_thread.hpp:81]  [T-Work-Detect_0] Run work: WorkDetect
I1012 13:44:07.093158  6819 work_detect.cpp:102] Succeeded to add det start for frame 80
I1012 13:44:07.099592  6819 work_detect.cpp:70] Frame :80 detect result :2 face(s)
W1012 13:44:07.099625  6819 work_detect.cpp:83] Invalid bbox: [132 x 164 from (302, 212)]
I1012 13:44:07.099714  6819 work_detect.cpp:86] Detected bbox: [69 x 81 from (2, 128)]
I1012 13:44:07.099756  6819 work_detect.cpp:120] Succeeded to add det end for frame 80
I1012 13:44:07.099771  6819 work_thread.hpp:81]  [T-Work-Detect_0] Run work: WrokTrack
I1012 13:44:07.099795  6819 work_track.cpp:82] Frame: 80 build input_characts: [0.107813 x 0.225 from (0.003125, 0.355556)], 0.909375, 0
I1012 13:44:07.099853  6819 work_track.cpp:102] Succeeded to set track lock for frame 80
I1012 13:44:07.099886  6819 work_track.cpp:116] Succeeded to release track lock for frame 80
I1012 13:44:07.099901  6819 work_track.cpp:120] Track results of frame 80: 1 objects input, 0 objects tracked!
I1012 13:44:07.099918  6819 work_track.cpp:162] Frame: 80 lid: 1 not tracked, will set invalid
I1012 13:44:07.099933  6819 work_thread.hpp:88]  [T-Work-Detect_0] Frame :80 split
I1012 13:44:07.099951  6819 work_thread.hpp:124]  [T-Work-Detect_0] Invalid piece: lid = 1, drop it
I1012 13:44:07.099988  6822 thread_intergrate.hpp:78] [T-Intergrate-intergrate] queue: frame output frame :80
I1012 13:44:07.101384  6818 demo_inner.hpp:435] thread [SORT-0]  frame id 80 sorting queue size 0   FPS: 7.14064
I1012 13:44:07.101455  6817 demo_inner.hpp:260]  gui queue size 0, state = running
I1012 13:44:07.231042  6816 demo_inner.hpp:177] decode queue size 0
I1012 13:44:07.231132  6819 work_thread.hpp:81]  [T-Work-Detect_0] Run work: WorkDetect
I1012 13:44:07.231164  6819 work_detect.cpp:102] Succeeded to add det start for frame 81
I1012 13:44:07.237710  6819 work_detect.cpp:70] Frame :81 detect result :1 face(s)
W1012 13:44:07.237746  6819 work_detect.cpp:83] Invalid bbox: [130 x 163 from (304, 212)]
I1012 13:44:07.237841  6819 work_detect.cpp:120] Succeeded to add det end for frame 81
I1012 13:44:07.237859  6819 work_thread.hpp:81]  [T-Work-Detect_0] Run work: WrokTrack
I1012 13:44:07.237884  6819 work_track.cpp:102] Succeeded to set track lock for frame 81
I1012 13:44:07.237913  6819 work_track.cpp:116] Succeeded to release track lock for frame 81
I1012 13:44:07.237927  6819 work_track.cpp:120] Track results of frame 81: 0 objects input, 0 objects tracked!
I1012 13:44:07.237946  6819 work_thread.hpp:88]  [T-Work-Detect_0] Frame :81 split
I1012 13:44:07.237985  6822 thread_intergrate.hpp:78] [T-Intergrate-intergrate] queue: frame output frame :81
I1012 13:44:07.239441  6818 demo_inner.hpp:435] thread [SORT-0]  frame id 81 sorting queue size 0   FPS: 7.15397
I1012 13:44:07.239509  6817 demo_inner.hpp:260]  gui queue size 0, state = running
I1012 13:44:07.374928  6816 demo_inner.hpp:177] decode queue size 0
I1012 13:44:07.375017  6819 work_thread.hpp:81]  [T-Work-Detect_0] Run work: WorkDetect
I1012 13:44:07.375048  6819 work_detect.cpp:102] Succeeded to add det start for frame 82
I1012 13:44:07.381628  6819 work_detect.cpp:70] Frame :82 detect result :1 face(s)
W1012 13:44:07.381661  6819 work_detect.cpp:83] Invalid bbox: [131 x 162 from (302, 215)]
I1012 13:44:07.381784  6819 work_detect.cpp:120] Succeeded to add det end for frame 82
I1012 13:44:07.381803  6819 work_thread.hpp:81]  [T-Work-Detect_0] Run work: WrokTrack
I1012 13:44:07.381829  6819 work_track.cpp:102] Succeeded to set track lock for frame 82
I1012 13:44:07.381860  6819 work_track.cpp:116] Succeeded to release track lock for frame 82
I1012 13:44:07.381875  6819 work_track.cpp:120] Track results of frame 82: 0 objects input, 0 objects tracked!
I1012 13:44:07.381893  6819 work_thread.hpp:88]  [T-Work-Detect_0] Frame :82 split
I1012 13:44:07.381932  6822 thread_intergrate.hpp:78] [T-Intergrate-intergrate] queue: frame output frame :82
I1012 13:44:07.383330  6818 demo_inner.hpp:435] thread [SORT-0]  frame id 82 sorting queue size 0   FPS: 7.14064
I1012 13:44:07.383409  6817 demo_inner.hpp:260]  gui queue size 0, state = running
I1012 13:44:07.512943  6816 demo_inner.hpp:177] decode queue size 0
I1012 13:44:07.513029  6819 work_thread.hpp:81]  [T-Work-Detect_0] Run work: WorkDetect
I1012 13:44:07.513062  6819 work_detect.cpp:102] Succeeded to add det start for frame 83
I1012 13:44:07.519528  6819 work_detect.cpp:70] Frame :83 detect result :1 face(s)
W1012 13:44:07.519559  6819 work_detect.cpp:83] Invalid bbox: [133 x 162 from (302, 214)]
I1012 13:44:07.519656  6819 work_detect.cpp:120] Succeeded to add det end for frame 83
I1012 13:44:07.519673  6819 work_thread.hpp:81]  [T-Work-Detect_0] Run work: WrokTrack
I1012 13:44:07.519697  6819 work_track.cpp:102] Succeeded to set track lock for frame 83
I1012 13:44:07.519724  6819 work_track.cpp:116] Succeeded to release track lock for frame 83
I1012 13:44:07.519738  6819 work_track.cpp:120] Track results of frame 83: 0 objects input, 0 objects tracked!
I1012 13:44:07.519757  6819 work_thread.hpp:88]  [T-Work-Detect_0] Frame :83 split
I1012 13:44:07.519798  6822 thread_intergrate.hpp:78] [T-Intergrate-intergrate] queue: frame output frame :83
I1012 13:44:07.521193  6818 demo_inner.hpp:435] thread [SORT-0]  frame id 83 sorting queue size 0   FPS: 7.14064
I1012 13:44:07.521260  6817 demo_inner.hpp:260]  gui queue size 0, state = running
I1012 13:44:07.650977  6816 demo_inner.hpp:177] decode queue size 0
I1012 13:44:07.651067  6819 work_thread.hpp:81]  [T-Work-Detect_0] Run work: WorkDetect
I1012 13:44:07.651098  6819 work_detect.cpp:102] Succeeded to add det start for frame 84
I1012 13:44:07.657660  6819 work_detect.cpp:70] Frame :84 detect result :1 face(s)
W1012 13:44:07.657694  6819 work_detect.cpp:83] Invalid bbox: [133 x 164 from (300, 212)]
I1012 13:44:07.657790  6819 work_detect.cpp:120] Succeeded to add det end for frame 84
I1012 13:44:07.657807  6819 work_thread.hpp:81]  [T-Work-Detect_0] Run work: WrokTrack
I1012 13:44:07.657833  6819 work_track.cpp:102] Succeeded to set track lock for frame 84
I1012 13:44:07.657860  6819 work_track.cpp:116] Succeeded to release track lock for frame 84
I1012 13:44:07.657873  6819 work_track.cpp:120] Track results of frame 84: 0 objects input, 0 objects tracked!
I1012 13:44:07.657891  6819 work_thread.hpp:88]  [T-Work-Detect_0] Frame :84 split
I1012 13:44:07.657933  6822 thread_intergrate.hpp:78] [T-Intergrate-intergrate] queue: frame output frame :84
I1012 13:44:07.659389  6818 demo_inner.hpp:435] thread [SORT-0]  frame id 84 sorting queue size 0   FPS: 7.15397
I1012 13:44:07.659463  6817 demo_inner.hpp:260]  gui queue size 0, state = running
I1012 13:44:07.794893  6816 demo_inner.hpp:177] decode queue size 0
I1012 13:44:07.794984  6819 work_thread.hpp:81]  [T-Work-Detect_0] Run work: WorkDetect
I1012 13:44:07.795017  6819 work_detect.cpp:102] Succeeded to add det start for frame 85
I1012 13:44:07.801668  6819 work_detect.cpp:70] Frame :85 detect result :2 face(s)
W1012 13:44:07.801705  6819 work_detect.cpp:83] Invalid bbox: [134 x 162 from (299, 212)]
I1012 13:44:07.801784  6819 work_detect.cpp:86] Detected bbox: [91 x 119 from (2, 116)]
I1012 13:44:07.801823  6819 work_detect.cpp:120] Succeeded to add det end for frame 85
I1012 13:44:07.801839  6819 work_thread.hpp:81]  [T-Work-Detect_0] Run work: WrokTrack
I1012 13:44:07.801862  6819 work_track.cpp:82] Frame: 85 build input_characts: [0.142188 x 0.330556 from (0.003125, 0.322222)], 0.936119, 0
I1012 13:44:07.801918  6819 work_track.cpp:102] Succeeded to set track lock for frame 85
I1012 13:44:07.801950  6819 work_track.cpp:116] Succeeded to release track lock for frame 85
I1012 13:44:07.801964  6819 work_track.cpp:120] Track results of frame 85: 1 objects input, 0 objects tracked!
I1012 13:44:07.801981  6819 work_track.cpp:162] Frame: 85 lid: 1 not tracked, will set invalid
I1012 13:44:07.801997  6819 work_thread.hpp:88]  [T-Work-Detect_0] Frame :85 split
I1012 13:44:07.802013  6819 work_thread.hpp:124]  [T-Work-Detect_0] Invalid piece: lid = 1, drop it
I1012 13:44:07.802052  6822 thread_intergrate.hpp:78] [T-Intergrate-intergrate] queue: frame output frame :85
I1012 13:44:07.803442  6818 demo_inner.hpp:435] thread [SORT-0]  frame id 85 sorting queue size 0   FPS: 7.14064
I1012 13:44:07.803509  6817 demo_inner.hpp:260]  gui queue size 0, state = running
I1012 13:44:07.932889  6816 demo_inner.hpp:177] decode queue size 0
I1012 13:44:07.932976  6819 work_thread.hpp:81]  [T-Work-Detect_0] Run work: WorkDetect
I1012 13:44:07.933008  6819 work_detect.cpp:102] Succeeded to add det start for frame 86
I1012 13:44:07.939563  6819 work_detect.cpp:70] Frame :86 detect result :2 face(s)
W1012 13:44:07.939596  6819 work_detect.cpp:83] Invalid bbox: [130 x 163 from (301, 214)]
I1012 13:44:07.939685  6819 work_detect.cpp:86] Detected bbox: [91 x 116 from (2, 114)]
I1012 13:44:07.939726  6819 work_detect.cpp:120] Succeeded to add det end for frame 86
I1012 13:44:07.939743  6819 work_thread.hpp:81]  [T-Work-Detect_0] Run work: WrokTrack
I1012 13:44:07.939766  6819 work_track.cpp:82] Frame: 86 build input_characts: [0.142188 x 0.322222 from (0.003125, 0.316667)], 0.906671, 0
I1012 13:44:07.939822  6819 work_track.cpp:102] Succeeded to set track lock for frame 86
I1012 13:44:07.939862  6819 work_track.cpp:116] Succeeded to release track lock for frame 86
I1012 13:44:07.939877  6819 work_track.cpp:120] Track results of frame 86: 1 objects input, 0 objects tracked!
I1012 13:44:07.939893  6819 work_track.cpp:162] Frame: 86 lid: 1 not tracked, will set invalid
I1012 13:44:07.939908  6819 work_thread.hpp:88]  [T-Work-Detect_0] Frame :86 split
I1012 13:44:07.939926  6819 work_thread.hpp:124]  [T-Work-Detect_0] Invalid piece: lid = 1, drop it
I1012 13:44:07.939965  6822 thread_intergrate.hpp:78] [T-Intergrate-intergrate] queue: frame output frame :86
I1012 13:44:07.941360  6818 demo_inner.hpp:435] thread [SORT-0]  frame id 86 sorting queue size 0   FPS: 7.14064
I1012 13:44:07.941424  6817 demo_inner.hpp:260]  gui queue size 0, state = running
I1012 13:44:08.070907  6816 demo_inner.hpp:177] decode queue size 0
I1012 13:44:08.070998  6819 work_thread.hpp:81]  [T-Work-Detect_0] Run work: WorkDetect
I1012 13:44:08.071033  6819 work_detect.cpp:102] Succeeded to add det start for frame 87
I1012 13:44:08.077636  6819 work_detect.cpp:70] Frame :87 detect result :2 face(s)
W1012 13:44:08.077670  6819 work_detect.cpp:83] Invalid bbox: [134 x 162 from (299, 212)]
I1012 13:44:08.077756  6819 work_detect.cpp:86] Detected bbox: [97 x 114 from (6, 116)]
I1012 13:44:08.077796  6819 work_detect.cpp:120] Succeeded to add det end for frame 87
I1012 13:44:08.077813  6819 work_thread.hpp:81]  [T-Work-Detect_0] Run work: WrokTrack
I1012 13:44:08.077836  6819 work_track.cpp:82] Frame: 87 build input_characts: [0.151562 x 0.316667 from (0.009375, 0.322222)], 0.962067, 0
I1012 13:44:08.077893  6819 work_track.cpp:102] Succeeded to set track lock for frame 87
I1012 13:44:08.077932  6819 work_track.cpp:116] Succeeded to release track lock for frame 87
I1012 13:44:08.077993  6819 work_track.cpp:120] Track results of frame 87: 1 objects input, 1 objects tracked!
I1012 13:44:08.078013  6819 work_track.cpp:148] Frame: 87, track bbox: [97 x 114 from (4.83294, 115.245)], gid: 1, lid: 0
I1012 13:44:08.078048  6819 work_thread.hpp:88]  [T-Work-Detect_0] Frame :87 split
I1012 13:44:08.078066  6819 work_thread.hpp:120]  [T-Work-Detect_0] Valid piece: gid = 1
I1012 13:44:08.078084  6819 work_thread.hpp:92]  [T-Work-Detect_0] Push to split queue:recog
I1012 13:44:08.078131  6820 work_thread.hpp:81]  [T-Work-Recog_0] Run work: WorkCapture
I1012 13:44:08.078416  6822 thread_intergrate.hpp:78] [T-Intergrate-intergrate] queue: frame output frame :87
I1012 13:44:08.078650  6820 work_thread.hpp:81]  [T-Work-Recog_0] Run work: WorkRecog
W1012 13:44:08.078671  6820 work_recog.hpp:118] Face id: 1 has low quality : 0.00574513, no need to recog
I1012 13:44:08.078721  6820 work_thread.hpp:81]  [T-Work-Recog_0] Run work: WorkCompare
I1012 13:44:08.079887  6818 demo_inner.hpp:435] thread [SORT-0]  frame id 87 sorting queue size 0   FPS: 7.15397
I1012 13:44:08.079952  6817 demo_inner.hpp:260]  gui queue size 0, state = running
I1012 13:44:08.214808  6816 demo_inner.hpp:177] decode queue size 0
I1012 13:44:08.214911  6819 work_thread.hpp:81]  [T-Work-Detect_0] Run work: WorkDetect
I1012 13:44:08.214948  6819 work_detect.cpp:102] Succeeded to add det start for frame 88
I1012 13:44:08.221529  6819 work_detect.cpp:70] Frame :88 detect result :2 face(s)
W1012 13:44:08.221565  6819 work_detect.cpp:83] Invalid bbox: [132 x 163 from (300, 212)]
I1012 13:44:08.221652  6819 work_detect.cpp:86] Detected bbox: [95 x 112 from (6, 118)]
I1012 13:44:08.221693  6819 work_detect.cpp:120] Succeeded to add det end for frame 88
I1012 13:44:08.221709  6819 work_thread.hpp:81]  [T-Work-Detect_0] Run work: WrokTrack
I1012 13:44:08.221732  6819 work_track.cpp:82] Frame: 88 build input_characts: [0.148438 x 0.311111 from (0.009375, 0.327778)], 0.918981, 0
I1012 13:44:08.221789  6819 work_track.cpp:102] Succeeded to set track lock for frame 88
I1012 13:44:08.221828  6819 work_track.cpp:116] Succeeded to release track lock for frame 88
I1012 13:44:08.221843  6819 work_track.cpp:120] Track results of frame 88: 1 objects input, 1 objects tracked!
I1012 13:44:08.221860  6819 work_track.cpp:148] Frame: 88, track bbox: [95 x 112 from (7.00056, 117.094)], gid: 1, lid: 0
I1012 13:44:08.221894  6819 work_thread.hpp:88]  [T-Work-Detect_0] Frame :88 split
I1012 13:44:08.221912  6819 work_thread.hpp:120]  [T-Work-Detect_0] Valid piece: gid = 1
I1012 13:44:08.221931  6819 work_thread.hpp:92]  [T-Work-Detect_0] Push to split queue:recog
I1012 13:44:08.221968  6821 work_thread.hpp:81]  [T-Work-Recog_1] Run work: WorkCapture
I1012 13:44:08.221972  6822 thread_intergrate.hpp:78] [T-Intergrate-intergrate] queue: frame output frame :88
I1012 13:44:08.222499  6821 work_thread.hpp:81]  [T-Work-Recog_1] Run work: WorkRecog
W1012 13:44:08.222522  6821 work_recog.hpp:118] Face id: 1 has low quality : 0.00449787, no need to recog
I1012 13:44:08.222571  6821 work_thread.hpp:81]  [T-Work-Recog_1] Run work: WorkCompare
I1012 13:44:08.223395  6818 demo_inner.hpp:435] thread [SORT-0]  frame id 88 sorting queue size 0   FPS: 7.14064
I1012 13:44:08.223462  6817 demo_inner.hpp:260]  gui queue size 0, state = running
I1012 13:44:08.352840  6816 demo_inner.hpp:177] decode queue size 0
I1012 13:44:08.352931  6819 work_thread.hpp:81]  [T-Work-Detect_0] Run work: WorkDetect
I1012 13:44:08.352964  6819 work_detect.cpp:102] Succeeded to add det start for frame 89
I1012 13:44:08.359545  6819 work_detect.cpp:70] Frame :89 detect result :2 face(s)
W1012 13:44:08.359580  6819 work_detect.cpp:83] Invalid bbox: [132 x 166 from (304, 207)]
I1012 13:44:08.359666  6819 work_detect.cpp:86] Detected bbox: [102 x 128 from (1, 112)]
I1012 13:44:08.359706  6819 work_detect.cpp:120] Succeeded to add det end for frame 89
I1012 13:44:08.359724  6819 work_thread.hpp:81]  [T-Work-Detect_0] Run work: WrokTrack
I1012 13:44:08.359791  6819 work_track.cpp:82] Frame: 89 build input_characts: [0.159375 x 0.355556 from (0.0015625, 0.311111)], 0.98291, 0
I1012 13:44:08.359849  6819 work_track.cpp:102] Succeeded to set track lock for frame 89
I1012 13:44:08.359890  6819 work_track.cpp:116] Succeeded to release track lock for frame 89
I1012 13:44:08.359905  6819 work_track.cpp:120] Track results of frame 89: 1 objects input, 1 objects tracked!
I1012 13:44:08.359922  6819 work_track.cpp:148] Frame: 89, track bbox: [102 x 128 from (2.99957, 110.699)], gid: 1, lid: 0
I1012 13:44:08.359957  6819 work_thread.hpp:88]  [T-Work-Detect_0] Frame :89 split
I1012 13:44:08.359974  6819 work_thread.hpp:120]  [T-Work-Detect_0] Valid piece: gid = 1
I1012 13:44:08.359992  6819 work_thread.hpp:92]  [T-Work-Detect_0] Push to split queue:recog
I1012 13:44:08.360039  6820 work_thread.hpp:81]  [T-Work-Recog_0] Run work: WorkCapture
I1012 13:44:08.360347  6822 thread_intergrate.hpp:78] [T-Intergrate-intergrate] queue: frame output frame :89
I1012 13:44:08.360589  6820 work_thread.hpp:81]  [T-Work-Recog_0] Run work: WorkRecog
W1012 13:44:08.360611  6820 work_recog.hpp:118] Face id: 1 has low quality : 0.00397763, no need to recog
I1012 13:44:08.360661  6820 work_thread.hpp:81]  [T-Work-Recog_0] Run work: WorkCompare
I1012 13:44:08.361762  6818 demo_inner.hpp:435] thread [SORT-0]  frame id 89 sorting queue size 0   FPS: 7.14064
I1012 13:44:08.361824  6817 demo_inner.hpp:260]  gui queue size 0, state = running
I1012 13:44:08.490891  6816 demo_inner.hpp:177] decode queue size 0
I1012 13:44:08.490988  6819 work_thread.hpp:81]  [T-Work-Detect_0] Run work: WorkDetect
I1012 13:44:08.491022  6819 work_detect.cpp:102] Succeeded to add det start for frame 90
I1012 13:44:08.497623  6819 work_detect.cpp:70] Frame :90 detect result :2 face(s)
W1012 13:44:08.497661  6819 work_detect.cpp:83] Invalid bbox: [143 x 177 from (309, 202)]
I1012 13:44:08.497748  6819 work_detect.cpp:86] Detected bbox: [94 x 116 from (5, 116)]
I1012 13:44:08.497789  6819 work_detect.cpp:120] Succeeded to add det end for frame 90
I1012 13:44:08.497807  6819 work_thread.hpp:81]  [T-Work-Detect_0] Run work: WrokTrack
I1012 13:44:08.497830  6819 work_track.cpp:82] Frame: 90 build input_characts: [0.146875 x 0.322222 from (0.0078125, 0.322222)], 0.901423, 0
I1012 13:44:08.497885  6819 work_track.cpp:102] Succeeded to set track lock for frame 90
I1012 13:44:08.497925  6819 work_track.cpp:116] Succeeded to release track lock for frame 90
I1012 13:44:08.497938  6819 work_track.cpp:120] Track results of frame 90: 1 objects input, 1 objects tracked!
I1012 13:44:08.497956  6819 work_track.cpp:148] Frame: 90, track bbox: [94 x 116 from (6.66715, 116.481)], gid: 1, lid: 0
I1012 13:44:08.497989  6819 work_thread.hpp:88]  [T-Work-Detect_0] Frame :90 split
I1012 13:44:08.498008  6819 work_thread.hpp:120]  [T-Work-Detect_0] Valid piece: gid = 1
I1012 13:44:08.498025  6819 work_thread.hpp:92]  [T-Work-Detect_0] Push to split queue:recog
I1012 13:44:08.498069  6820 work_thread.hpp:81]  [T-Work-Recog_0] Run work: WorkCapture
I1012 13:44:08.498351  6822 thread_intergrate.hpp:78] [T-Intergrate-intergrate] queue: frame output frame :90
I1012 13:44:08.498582  6820 work_thread.hpp:81]  [T-Work-Recog_0] Run work: WorkRecog
W1012 13:44:08.498605  6820 work_recog.hpp:118] Face id: 1 has low quality : 0.00508498, no need to recog
I1012 13:44:08.498653  6820 work_thread.hpp:81]  [T-Work-Recog_0] Run work: WorkCompare
I1012 13:44:08.499824  6818 demo_inner.hpp:435] thread [SORT-0]  frame id 90 sorting queue size 0   FPS: 7.15397
I1012 13:44:08.499886  6817 demo_inner.hpp:260]  gui queue size 0, state = running
I1012 13:44:08.634765  6816 demo_inner.hpp:177] decode queue size 0
I1012 13:44:08.634860  6819 work_thread.hpp:81]  [T-Work-Detect_0] Run work: WorkDetect
I1012 13:44:08.634893  6819 work_detect.cpp:102] Succeeded to add det start for frame 91
I1012 13:44:08.641470  6819 work_detect.cpp:70] Frame :91 detect result :2 face(s)
W1012 13:44:08.641507  6819 work_detect.cpp:83] Invalid bbox: [133 x 176 from (312, 200)]
I1012 13:44:08.641643  6819 work_detect.cpp:86] Detected bbox: [95 x 120 from (5, 116)]
I1012 13:44:08.641682  6819 work_detect.cpp:120] Succeeded to add det end for frame 91
I1012 13:44:08.641698  6819 work_thread.hpp:81]  [T-Work-Detect_0] Run work: WrokTrack
I1012 13:44:08.641721  6819 work_track.cpp:82] Frame: 91 build input_characts: [0.148438 x 0.333333 from (0.0078125, 0.322222)], 0.936119, 0
I1012 13:44:08.641775  6819 work_track.cpp:102] Succeeded to set track lock for frame 91
I1012 13:44:08.641815  6819 work_track.cpp:116] Succeeded to release track lock for frame 91
I1012 13:44:08.641830  6819 work_track.cpp:120] Track results of frame 91: 1 objects input, 1 objects tracked!
I1012 13:44:08.641847  6819 work_track.cpp:148] Frame: 91, track bbox: [95 x 120 from (5.64259, 115.952)], gid: 1, lid: 0
I1012 13:44:08.641881  6819 work_thread.hpp:88]  [T-Work-Detect_0] Frame :91 split
I1012 13:44:08.641899  6819 work_thread.hpp:120]  [T-Work-Detect_0] Valid piece: gid = 1
I1012 13:44:08.641917  6819 work_thread.hpp:92]  [T-Work-Detect_0] Push to split queue:recog
I1012 13:44:08.641957  6821 work_thread.hpp:81]  [T-Work-Recog_1] Run work: WorkCapture
I1012 13:44:08.641959  6822 thread_intergrate.hpp:78] [T-Intergrate-intergrate] queue: frame output frame :91
I1012 13:44:08.642501  6821 work_thread.hpp:81]  [T-Work-Recog_1] Run work: WorkRecog
W1012 13:44:08.642522  6821 work_recog.hpp:118] Face id: 1 has low quality : 0.00167377, no need to recog
I1012 13:44:08.642598  6821 work_thread.hpp:81]  [T-Work-Recog_1] Run work: WorkCompare
I1012 13:44:08.643386  6818 demo_inner.hpp:435] thread [SORT-0]  frame id 91 sorting queue size 0   FPS: 7.14064
I1012 13:44:08.643445  6817 demo_inner.hpp:260]  gui queue size 0, state = running
I1012 13:44:08.772822  6816 demo_inner.hpp:177] decode queue size 0
I1012 13:44:08.772922  6819 work_thread.hpp:81]  [T-Work-Detect_0] Run work: WorkDetect
I1012 13:44:08.772955  6819 work_detect.cpp:102] Succeeded to add det start for frame 92
I1012 13:44:08.779522  6819 work_detect.cpp:70] Frame :92 detect result :2 face(s)
W1012 13:44:08.779557  6819 work_detect.cpp:83] Invalid bbox: [137 x 179 from (315, 202)]
I1012 13:44:08.779645  6819 work_detect.cpp:86] Detected bbox: [95 x 116 from (6, 118)]
I1012 13:44:08.779687  6819 work_detect.cpp:120] Succeeded to add det end for frame 92
I1012 13:44:08.779703  6819 work_thread.hpp:81]  [T-Work-Detect_0] Run work: WrokTrack
I1012 13:44:08.779727  6819 work_track.cpp:82] Frame: 92 build input_characts: [0.148438 x 0.322222 from (0.009375, 0.327778)], 0.951921, 0
I1012 13:44:08.779783  6819 work_track.cpp:102] Succeeded to set track lock for frame 92
I1012 13:44:08.779822  6819 work_track.cpp:116] Succeeded to release track lock for frame 92
I1012 13:44:08.779837  6819 work_track.cpp:120] Track results of frame 92: 1 objects input, 1 objects tracked!
I1012 13:44:08.779855  6819 work_track.cpp:148] Frame: 92, track bbox: [95 x 116 from (4.92748, 118.186)], gid: 1, lid: 0
I1012 13:44:08.779888  6819 work_thread.hpp:88]  [T-Work-Detect_0] Frame :92 split
I1012 13:44:08.779906  6819 work_thread.hpp:120]  [T-Work-Detect_0] Valid piece: gid = 1
I1012 13:44:08.779925  6819 work_thread.hpp:92]  [T-Work-Detect_0] Push to split queue:recog
I1012 13:44:08.779973  6820 work_thread.hpp:81]  [T-Work-Recog_0] Run work: WorkCapture
I1012 13:44:08.780253  6822 thread_intergrate.hpp:78] [T-Intergrate-intergrate] queue: frame output frame :92
I1012 13:44:08.780500  6820 work_thread.hpp:81]  [T-Work-Recog_0] Run work: WorkRecog
W1012 13:44:08.780521  6820 work_recog.hpp:118] Face id: 1 has low quality : 0.0018948, no need to recog
I1012 13:44:08.780572  6820 work_thread.hpp:81]  [T-Work-Recog_0] Run work: WorkCompare
I1012 13:44:08.781667  6818 demo_inner.hpp:435] thread [SORT-0]  frame id 92 sorting queue size 0   FPS: 7.14064
I1012 13:44:08.781733  6817 demo_inner.hpp:260]  gui queue size 0, state = running
I1012 13:44:08.910926  6816 demo_inner.hpp:177] decode queue size 0
I1012 13:44:08.911029  6819 work_thread.hpp:81]  [T-Work-Detect_0] Run work: WorkDetect
I1012 13:44:08.911064  6819 work_detect.cpp:102] Succeeded to add det start for frame 93
I1012 13:44:08.917775  6819 work_detect.cpp:70] Frame :93 detect result :2 face(s)
W1012 13:44:08.917814  6819 work_detect.cpp:83] Invalid bbox: [132 x 163 from (329, 203)]
I1012 13:44:08.917894  6819 work_detect.cpp:86] Detected bbox: [95 x 118 from (4, 119)]
I1012 13:44:08.917934  6819 work_detect.cpp:120] Succeeded to add det end for frame 93
I1012 13:44:08.917950  6819 work_thread.hpp:81]  [T-Work-Detect_0] Run work: WrokTrack
I1012 13:44:08.917973  6819 work_track.cpp:82] Frame: 93 build input_characts: [0.148438 x 0.327778 from (0.00625, 0.330556)], 0.981281, 0
I1012 13:44:08.918028  6819 work_track.cpp:102] Succeeded to set track lock for frame 93
I1012 13:44:08.918068  6819 work_track.cpp:116] Succeeded to release track lock for frame 93
I1012 13:44:08.918082  6819 work_track.cpp:120] Track results of frame 93: 1 objects input, 1 objects tracked!
I1012 13:44:08.918099  6819 work_track.cpp:148] Frame: 93, track bbox: [95 x 118 from (4.64318, 118.238)], gid: 1, lid: 0
I1012 13:44:08.918134  6819 work_thread.hpp:88]  [T-Work-Detect_0] Frame :93 split
I1012 13:44:08.918151  6819 work_thread.hpp:120]  [T-Work-Detect_0] Valid piece: gid = 1
I1012 13:44:08.918169  6819 work_thread.hpp:92]  [T-Work-Detect_0] Push to split queue:recog
I1012 13:44:08.918212  6820 work_thread.hpp:81]  [T-Work-Recog_0] Run work: WorkCapture
I1012 13:44:08.918496  6822 thread_intergrate.hpp:78] [T-Intergrate-intergrate] queue: frame output frame :93
I1012 13:44:08.918728  6820 work_thread.hpp:81]  [T-Work-Recog_0] Run work: WorkRecog
W1012 13:44:08.918750  6820 work_recog.hpp:118] Face id: 1 has low quality : 0.0018948, no need to recog
I1012 13:44:08.918797  6820 work_thread.hpp:81]  [T-Work-Recog_0] Run work: WorkCompare
I1012 13:44:08.919845  6818 demo_inner.hpp:435] thread [SORT-0]  frame id 93 sorting queue size 0   FPS: 7.15174
I1012 13:44:08.919906  6817 demo_inner.hpp:260]  gui queue size 0, state = running
I1012 13:44:09.054714  6816 demo_inner.hpp:177] decode queue size 0
I1012 13:44:09.054811  6819 work_thread.hpp:81]  [T-Work-Detect_0] Run work: WorkDetect
