Log file created at: 2019/10/14 10:44:37
Running on machine: zcu104
Log line format: [IWEF]mmdd hh:mm:ss.uuuuuu threadid file:line] msg
I1014 10:44:37.457934  4192 feature_lib.cpp:107] Feature lib read name: images/thanglmb.jpg
I1014 10:44:37.458844  4192 feature_lib.cpp:129] Read lib face : images/thanglmb.jpg
I1014 10:44:37.458900  4192 feature_lib.cpp:143] Loading normal image: images/thanglmb.jpg...
I1014 10:44:37.466765  4192 feature_lib.cpp:148] Load normal image: images/thanglmb.jpg done size: 640 * 360
I1014 10:44:37.835345  4192 demo_inner.hpp:126] thread [DedodeThread-0] is starting
I1014 10:44:37.835505  4192 demo_inner.hpp:126] thread [GUIThread] is starting
I1014 10:44:37.835575  4194 demo_inner.hpp:101] thread [DedodeThread-0] is started
I1014 10:44:37.835609  4192 demo_inner.hpp:126] thread [SORT-0] is starting
I1014 10:44:37.835682  4195 demo_inner.hpp:101] thread [GUIThread] is started
I1014 10:44:37.835701  4192 demo_inner.hpp:126] thread [T-Work-Detect_0] is starting
I1014 10:44:37.835759  4196 demo_inner.hpp:101] thread [SORT-0] is started
I1014 10:44:37.835763  4192 demo_inner.hpp:126] thread [T-Work-Recog_0] is starting
I1014 10:44:37.835786  4197 demo_inner.hpp:101] thread [T-Work-Detect_0] is started
I1014 10:44:37.835829  4192 demo_inner.hpp:126] thread [T-Work-Recog_1] is starting
I1014 10:44:37.835885  4198 demo_inner.hpp:101] thread [T-Work-Recog_0] is started
I1014 10:44:37.835902  4192 demo_inner.hpp:126] thread [T-Intergrate-intergrate] is starting
I1014 10:44:37.835925  4199 demo_inner.hpp:101] thread [T-Work-Recog_1] is started
I1014 10:44:37.835963  4192 demo_inner.hpp:137] waiting for [GUIThread] ended
I1014 10:44:37.835988  4200 demo_inner.hpp:101] thread [T-Intergrate-intergrate] is started
I1014 10:44:38.541525  4194 demo_inner.hpp:177] decode queue size 0
I1014 10:44:38.541666  4197 work_thread.hpp:81]  [T-Work-Detect_0] Run work: WorkDetect
I1014 10:44:38.541728  4197 work_detect.cpp:102] Succeeded to add det start for frame 1
I1014 10:44:38.548939  4197 work_detect.cpp:70] Frame :1 detect result :1 face(s)
I1014 10:44:38.548979  4197 work_detect.cpp:86] Detected bbox: [186 x 223 from (277, 118)]
I1014 10:44:38.549022  4197 work_detect.cpp:120] Succeeded to add det end for frame 1
I1014 10:44:38.549039  4197 work_thread.hpp:81]  [T-Work-Detect_0] Run work: WrokTrack
I1014 10:44:38.549062  4197 work_track.cpp:82] Frame: 1 build input_characts: [0.290625 x 0.619444 from (0.432813, 0.327778)], 0.996759, 0
I1014 10:44:38.549147  4197 work_track.cpp:102] Succeeded to set track lock for frame 1
I1014 10:44:38.549234  4197 work_track.cpp:116] Succeeded to release track lock for frame 1
I1014 10:44:38.549249  4197 work_track.cpp:120] Track results of frame 1: 1 objects input, 0 objects tracked!
I1014 10:44:38.549268  4197 work_track.cpp:162] Frame: 1 lid: 0 not tracked, will set invalid
I1014 10:44:38.549283  4197 work_thread.hpp:88]  [T-Work-Detect_0] Frame :1 split
I1014 10:44:38.549299  4197 work_thread.hpp:124]  [T-Work-Detect_0] Invalid piece: lid = 0, drop it
I1014 10:44:38.549358  4200 thread_intergrate.hpp:78] [T-Intergrate-intergrate] queue: frame output frame :1
I1014 10:44:38.550482  4196 demo_inner.hpp:435] thread [SORT-0]  frame id 1 sorting queue size 0   FPS: -1
I1014 10:44:38.550550  4195 demo_inner.hpp:260]  gui queue size 0, state = running
I1014 10:44:38.583076  4194 demo_inner.hpp:177] decode queue size 0
I1014 10:44:38.583179  4197 work_thread.hpp:81]  [T-Work-Detect_0] Run work: WorkDetect
I1014 10:44:38.583216  4197 work_detect.cpp:102] Succeeded to add det start for frame 2
I1014 10:44:38.590054  4197 work_detect.cpp:70] Frame :2 detect result :1 face(s)
I1014 10:44:38.590096  4197 work_detect.cpp:86] Detected bbox: [181 x 219 from (280, 123)]
I1014 10:44:38.590140  4197 work_detect.cpp:120] Succeeded to add det end for frame 2
I1014 10:44:38.590157  4197 work_thread.hpp:81]  [T-Work-Detect_0] Run work: WrokTrack
I1014 10:44:38.590181  4197 work_track.cpp:82] Frame: 2 build input_characts: [0.282813 x 0.608333 from (0.4375, 0.341667)], 0.999622, 0
I1014 10:44:38.590234  4197 work_track.cpp:102] Succeeded to set track lock for frame 2
I1014 10:44:38.590292  4197 work_track.cpp:116] Succeeded to release track lock for frame 2
I1014 10:44:38.590307  4197 work_track.cpp:120] Track results of frame 2: 1 objects input, 0 objects tracked!
I1014 10:44:38.590405  4197 work_track.cpp:162] Frame: 2 lid: 0 not tracked, will set invalid
I1014 10:44:38.590423  4197 work_thread.hpp:88]  [T-Work-Detect_0] Frame :2 split
I1014 10:44:38.590441  4197 work_thread.hpp:124]  [T-Work-Detect_0] Invalid piece: lid = 0, drop it
I1014 10:44:38.590503  4200 thread_intergrate.hpp:78] [T-Intergrate-intergrate] queue: frame output frame :2
I1014 10:44:38.592012  4196 demo_inner.hpp:435] thread [SORT-0]  frame id 2 sorting queue size 0   FPS: 24.3902
I1014 10:44:38.595985  4195 demo_inner.hpp:260]  gui queue size 0, state = running
I1014 10:44:38.613003  4194 demo_inner.hpp:177] decode queue size 0
I1014 10:44:38.613113  4197 work_thread.hpp:81]  [T-Work-Detect_0] Run work: WorkDetect
I1014 10:44:38.613148  4197 work_detect.cpp:102] Succeeded to add det start for frame 3
I1014 10:44:38.619902  4197 work_detect.cpp:70] Frame :3 detect result :1 face(s)
I1014 10:44:38.619930  4197 work_detect.cpp:86] Detected bbox: [177 x 215 from (279, 129)]
I1014 10:44:38.619971  4197 work_detect.cpp:120] Succeeded to add det end for frame 3
I1014 10:44:38.619985  4197 work_thread.hpp:81]  [T-Work-Detect_0] Run work: WrokTrack
I1014 10:44:38.620008  4197 work_track.cpp:82] Frame: 3 build input_characts: [0.276563 x 0.597222 from (0.435937, 0.358333)], 0.997596, 0
I1014 10:44:38.620061  4197 work_track.cpp:102] Succeeded to set track lock for frame 3
I1014 10:44:38.620119  4197 work_track.cpp:116] Succeeded to release track lock for frame 3
I1014 10:44:38.620134  4197 work_track.cpp:120] Track results of frame 3: 1 objects input, 1 objects tracked!
I1014 10:44:38.620152  4197 work_track.cpp:148] Frame: 3, track bbox: [177 x 215 from (279.568, 128.815)], gid: 0, lid: 0
I1014 10:44:38.620216  4197 work_thread.hpp:88]  [T-Work-Detect_0] Frame :3 split
I1014 10:44:38.620234  4197 work_thread.hpp:120]  [T-Work-Detect_0] Valid piece: gid = 0
I1014 10:44:38.620252  4197 work_thread.hpp:92]  [T-Work-Detect_0] Push to split queue:recog
I1014 10:44:38.620311  4198 work_thread.hpp:81]  [T-Work-Recog_0] Run work: WorkCapture
I1014 10:44:38.621392  4200 thread_intergrate.hpp:78] [T-Intergrate-intergrate] queue: frame output frame :3
I1014 10:44:38.621713  4198 work_thread.hpp:81]  [T-Work-Recog_0] Run work: WorkRecog
I1014 10:44:38.621737  4198 work_recog.hpp:89] Face id: 0 will run recog: bbox [177 x 215 from (279, 129)] quality: 0.414089
I1014 10:44:38.621771  4198 work_recog.hpp:96] Recog pair: [256 x 280 from (240, 80)], [177 x 215 from (39, 49)]
I1014 10:44:38.622925  4196 demo_inner.hpp:435] thread [SORT-0]  frame id 3 sorting queue size 0   FPS: 27.7778
I1014 10:44:38.623016  4195 demo_inner.hpp:260]  gui queue size 0, state = running
I1014 10:44:38.639755  4198 work_thread.hpp:81]  [T-Work-Recog_0] Run work: WorkCompare
I1014 10:44:38.639879  4198 work_compare.cpp:71] Compare face: 0 failed
I1014 10:44:38.649250  4194 demo_inner.hpp:177] decode queue size 0
I1014 10:44:38.649374  4197 work_thread.hpp:81]  [T-Work-Detect_0] Run work: WorkDetect
I1014 10:44:38.649410  4197 work_detect.cpp:102] Succeeded to add det start for frame 4
I1014 10:44:38.656102  4197 work_detect.cpp:70] Frame :4 detect result :1 face(s)
I1014 10:44:38.656133  4197 work_detect.cpp:86] Detected bbox: [183 x 217 from (277, 126)]
I1014 10:44:38.656188  4197 work_detect.cpp:120] Succeeded to add det end for frame 4
I1014 10:44:38.656206  4197 work_thread.hpp:81]  [T-Work-Detect_0] Run work: WrokTrack
I1014 10:44:38.656229  4197 work_track.cpp:82] Frame: 4 build input_characts: [0.285937 x 0.602778 from (0.432813, 0.35)], 0.997488, 0
I1014 10:44:38.656285  4197 work_track.cpp:102] Succeeded to set track lock for frame 4
I1014 10:44:38.656323  4197 work_track.cpp:116] Succeeded to release track lock for frame 4
I1014 10:44:38.656337  4197 work_track.cpp:120] Track results of frame 4: 1 objects input, 1 objects tracked!
I1014 10:44:38.656355  4197 work_track.cpp:148] Frame: 4, track bbox: [183 x 217 from (276.495, 127.598)], gid: 0, lid: 0
I1014 10:44:38.656391  4197 work_thread.hpp:88]  [T-Work-Detect_0] Frame :4 split
I1014 10:44:38.656482  4197 work_thread.hpp:120]  [T-Work-Detect_0] Valid piece: gid = 0
I1014 10:44:38.656502  4197 work_thread.hpp:92]  [T-Work-Detect_0] Push to split queue:recog
I1014 10:44:38.656548  4199 work_thread.hpp:81]  [T-Work-Recog_1] Run work: WorkCapture
I1014 10:44:38.656874  4200 thread_intergrate.hpp:78] [T-Intergrate-intergrate] queue: frame output frame :4
I1014 10:44:38.657109  4199 work_thread.hpp:81]  [T-Work-Recog_1] Run work: WorkRecog
I1014 10:44:38.657132  4199 work_recog.hpp:89] Face id: 0 will run recog: bbox [183 x 217 from (277, 126)] quality: 0.36061
I1014 10:44:38.657160  4199 work_recog.hpp:96] Recog pair: [256 x 280 from (240, 80)], [183 x 217 from (37, 46)]
I1014 10:44:38.658426  4196 demo_inner.hpp:435] thread [SORT-0]  frame id 4 sorting queue size 0   FPS: 28.0374
I1014 10:44:38.674687  4199 work_thread.hpp:81]  [T-Work-Recog_1] Run work: WorkCompare
I1014 10:44:38.674790  4199 work_compare.cpp:76] Compare face: 0 successed, similarity :0.946485, name : images/thanglmb.jpg, normal size : 640 * 360!
I1014 10:44:38.679409  4194 demo_inner.hpp:177] decode queue size 0
I1014 10:44:38.679510  4197 work_thread.hpp:81]  [T-Work-Detect_0] Run work: WorkDetect
I1014 10:44:38.679544  4197 work_detect.cpp:102] Succeeded to add det start for frame 5
I1014 10:44:38.686297  4197 work_detect.cpp:70] Frame :5 detect result :1 face(s)
I1014 10:44:38.686329  4197 work_detect.cpp:86] Detected bbox: [178 x 215 from (278, 128)]
I1014 10:44:38.686370  4197 work_detect.cpp:120] Succeeded to add det end for frame 5
I1014 10:44:38.686385  4197 work_thread.hpp:81]  [T-Work-Detect_0] Run work: WrokTrack
I1014 10:44:38.686408  4197 work_track.cpp:82] Frame: 5 build input_characts: [0.278125 x 0.597222 from (0.434375, 0.355556)], 0.997596, 0
I1014 10:44:38.686462  4197 work_track.cpp:102] Succeeded to set track lock for frame 5
I1014 10:44:38.686504  4197 work_track.cpp:116] Succeeded to release track lock for frame 5
I1014 10:44:38.686519  4197 work_track.cpp:120] Track results of frame 5: 1 objects input, 1 objects tracked!
I1014 10:44:38.686537  4197 work_track.cpp:148] Frame: 5, track bbox: [178 x 215 from (278.107, 129.006)], gid: 0, lid: 0
I1014 10:44:38.686574  4197 work_thread.hpp:88]  [T-Work-Detect_0] Frame :5 split
I1014 10:44:38.686591  4197 work_thread.hpp:120]  [T-Work-Detect_0] Valid piece: gid = 0
I1014 10:44:38.686609  4197 work_thread.hpp:92]  [T-Work-Detect_0] Push to split queue:recog
I1014 10:44:38.686653  4198 work_thread.hpp:81]  [T-Work-Recog_0] Run work: WorkCapture
I1014 10:44:38.686944  4200 thread_intergrate.hpp:78] [T-Intergrate-intergrate] queue: frame output frame :5
I1014 10:44:38.686970  4200 thread_intergrate.hpp:85] [T-Intergrate-intergrate] queue: compare output face:0
I1014 10:44:38.686988  4200 thread_intergrate.hpp:134] T-Intergrate-intergrate set matched face: 0
I1014 10:44:38.688292  4200 thread_intergrate.hpp:154] T-Intergrate-intergrate Show face :0, size :640 * 360
I1014 10:44:38.688791  4196 demo_inner.hpp:435] thread [SORT-0]  frame id 5 sorting queue size 1   FPS: 29.1971
I1014 10:44:38.688865  4198 work_thread.hpp:81]  [T-Work-Recog_0] Run work: WorkRecog
I1014 10:44:38.688889  4198 work_recog.hpp:89] Face id: 0 will run recog: bbox [178 x 215 from (278, 128)] quality: 0.384886
I1014 10:44:38.688915  4198 work_recog.hpp:96] Recog pair: [256 x 280 from (240, 80)], [178 x 215 from (38, 48)]
I1014 10:44:38.706224  4198 work_thread.hpp:81]  [T-Work-Recog_0] Run work: WorkCompare
I1014 10:44:38.706302  4198 work_compare.cpp:76] Compare face: 0 successed, similarity :0.965819, name : images/thanglmb.jpg, normal size : 640 * 360!
I1014 10:44:38.711555  4195 demo_inner.hpp:260]  gui queue size 1, state = running
I1014 10:44:38.715068  4194 demo_inner.hpp:177] decode queue size 0
I1014 10:44:38.715173  4197 work_thread.hpp:81]  [T-Work-Detect_0] Run work: WorkDetect
I1014 10:44:38.715210  4197 work_detect.cpp:102] Succeeded to add det start for frame 6
I1014 10:44:38.721916  4197 work_detect.cpp:70] Frame :6 detect result :1 face(s)
I1014 10:44:38.721946  4197 work_detect.cpp:86] Detected bbox: [185 x 212 from (275, 110)]
I1014 10:44:38.722071  4197 work_detect.cpp:120] Succeeded to add det end for frame 6
I1014 10:44:38.722088  4197 work_thread.hpp:81]  [T-Work-Detect_0] Run work: WrokTrack
I1014 10:44:38.722110  4197 work_track.cpp:82] Frame: 6 build input_characts: [0.289062 x 0.588889 from (0.429688, 0.305556)], 0.997596, 0
I1014 10:44:38.722167  4197 work_track.cpp:102] Succeeded to set track lock for frame 6
I1014 10:44:38.722203  4197 work_track.cpp:116] Succeeded to release track lock for frame 6
I1014 10:44:38.722218  4197 work_track.cpp:120] Track results of frame 6: 1 objects input, 1 objects tracked!
I1014 10:44:38.722235  4197 work_track.cpp:148] Frame: 6, track bbox: [185 x 212 from (274.435, 120.429)], gid: 0, lid: 0
I1014 10:44:38.722270  4197 work_thread.hpp:88]  [T-Work-Detect_0] Frame :6 split
I1014 10:44:38.722288  4197 work_thread.hpp:120]  [T-Work-Detect_0] Valid piece: gid = 0
I1014 10:44:38.722306  4197 work_thread.hpp:92]  [T-Work-Detect_0] Push to split queue:recog
I1014 10:44:38.722352  4199 work_thread.hpp:81]  [T-Work-Recog_1] Run work: WorkCapture
I1014 10:44:38.722628  4200 thread_intergrate.hpp:78] [T-Intergrate-intergrate] queue: frame output frame :6
I1014 10:44:38.722653  4200 thread_intergrate.hpp:85] [T-Intergrate-intergrate] queue: compare output face:0
I1014 10:44:38.722671  4200 thread_intergrate.hpp:134] T-Intergrate-intergrate set matched face: 0
I1014 10:44:38.723855  4200 thread_intergrate.hpp:154] T-Intergrate-intergrate Show face :0, size :640 * 360
I1014 10:44:38.724025  4199 work_thread.hpp:81]  [T-Work-Recog_1] Run work: WorkRecog
I1014 10:44:38.724050  4199 work_recog.hpp:89] Face id: 0 will run recog: bbox [185 x 212 from (275, 110)] quality: 0.318151
I1014 10:44:38.724077  4199 work_recog.hpp:96] Recog pair: [272 x 296 from (232, 64)], [185 x 212 from (43, 46)]
I1014 10:44:38.725255  4196 demo_inner.hpp:435] thread [SORT-0]  frame id 6 sorting queue size 0   FPS: 28.7356
I1014 10:44:38.725324  4195 demo_inner.hpp:260]  gui queue size 0, state = running
I1014 10:44:38.745697  4194 demo_inner.hpp:177] decode queue size 0
I1014 10:44:38.745666  4199 work_thread.hpp:81]  [T-Work-Recog_1] Run work: WorkCompare
I1014 10:44:38.745776  4197 work_thread.hpp:81]  [T-Work-Detect_0] Run work: WorkDetect
I1014 10:44:38.745808  4197 work_detect.cpp:102] Succeeded to add det start for frame 7
I1014 10:44:38.745810  4199 work_compare.cpp:76] Compare face: 0 successed, similarity :0.918286, name : images/thanglmb.jpg, normal size : 640 * 360!
I1014 10:44:38.752642  4197 work_detect.cpp:70] Frame :7 detect result :1 face(s)
I1014 10:44:38.752679  4197 work_detect.cpp:86] Detected bbox: [180 x 212 from (279, 129)]
I1014 10:44:38.752720  4197 work_detect.cpp:120] Succeeded to add det end for frame 7
I1014 10:44:38.752737  4197 work_thread.hpp:81]  [T-Work-Detect_0] Run work: WrokTrack
I1014 10:44:38.752759  4197 work_track.cpp:82] Frame: 7 build input_characts: [0.28125 x 0.588889 from (0.435937, 0.358333)], 0.997596, 0
I1014 10:44:38.752813  4197 work_track.cpp:102] Succeeded to set track lock for frame 7
I1014 10:44:38.752852  4197 work_track.cpp:116] Succeeded to release track lock for frame 7
I1014 10:44:38.752866  4197 work_track.cpp:120] Track results of frame 7: 1 objects input, 1 objects tracked!
I1014 10:44:38.752884  4197 work_track.cpp:148] Frame: 7, track bbox: [180 x 212 from (277.694, 122.234)], gid: 0, lid: 0
I1014 10:44:38.752920  4197 work_thread.hpp:88]  [T-Work-Detect_0] Frame :7 split
I1014 10:44:38.752938  4197 work_thread.hpp:120]  [T-Work-Detect_0] Valid piece: gid = 0
I1014 10:44:38.752956  4197 work_thread.hpp:92]  [T-Work-Detect_0] Push to split queue:recog
I1014 10:44:38.752996  4199 work_thread.hpp:81]  [T-Work-Recog_1] Run work: WorkCapture
I1014 10:44:38.753019  4200 thread_intergrate.hpp:78] [T-Intergrate-intergrate] queue: frame output frame :7
I1014 10:44:38.753043  4200 thread_intergrate.hpp:85] [T-Intergrate-intergrate] queue: compare output face:0
I1014 10:44:38.753062  4200 thread_intergrate.hpp:134] T-Intergrate-intergrate set matched face: 0
I1014 10:44:38.753551  4199 work_thread.hpp:81]  [T-Work-Recog_1] Run work: WorkRecog
I1014 10:44:38.753573  4199 work_recog.hpp:89] Face id: 0 will run recog: bbox [180 x 212 from (279, 129)] quality: 0.405165
I1014 10:44:38.753602  4199 work_recog.hpp:96] Recog pair: [256 x 280 from (240, 80)], [180 x 212 from (39, 49)]
I1014 10:44:38.754323  4200 thread_intergrate.hpp:154] T-Intergrate-intergrate Show face :0, size :640 * 360
I1014 10:44:38.754750  4196 demo_inner.hpp:435] thread [SORT-0]  frame id 7 sorting queue size 0   FPS: 29.4118
I1014 10:44:38.754827  4195 demo_inner.hpp:260]  gui queue size 0, state = running
I1014 10:44:38.771208  4199 work_thread.hpp:81]  [T-Work-Recog_1] Run work: WorkCompare
I1014 10:44:38.771318  4199 work_compare.cpp:76] Compare face: 0 successed, similarity :0.952573, name : images/thanglmb.jpg, normal size : 640 * 360!
I1014 10:44:38.781291  4194 demo_inner.hpp:177] decode queue size 0
I1014 10:44:38.781406  4197 work_thread.hpp:81]  [T-Work-Detect_0] Run work: WorkDetect
I1014 10:44:38.781445  4197 work_detect.cpp:102] Succeeded to add det start for frame 8
I1014 10:44:38.788077  4197 work_detect.cpp:70] Frame :8 detect result :1 face(s)
I1014 10:44:38.788110  4197 work_detect.cpp:86] Detected bbox: [179 x 211 from (282, 132)]
I1014 10:44:38.788153  4197 work_detect.cpp:120] Succeeded to add det end for frame 8
I1014 10:44:38.788183  4197 work_thread.hpp:81]  [T-Work-Detect_0] Run work: WrokTrack
I1014 10:44:38.788206  4197 work_track.cpp:82] Frame: 8 build input_characts: [0.279687 x 0.586111 from (0.440625, 0.366667)], 0.999622, 0
I1014 10:44:38.788261  4197 work_track.cpp:102] Succeeded to set track lock for frame 8
I1014 10:44:38.788300  4197 work_track.cpp:116] Succeeded to release track lock for frame 8
I1014 10:44:38.788314  4197 work_track.cpp:120] Track results of frame 8: 1 objects input, 1 objects tracked!
I1014 10:44:38.788332  4197 work_track.cpp:148] Frame: 8, track bbox: [179 x 211 from (280.573, 126.073)], gid: 0, lid: 0
I1014 10:44:38.788369  4197 work_thread.hpp:88]  [T-Work-Detect_0] Frame :8 split
I1014 10:44:38.788388  4197 work_thread.hpp:120]  [T-Work-Detect_0] Valid piece: gid = 0
I1014 10:44:38.788405  4197 work_thread.hpp:92]  [T-Work-Detect_0] Push to split queue:recog
I1014 10:44:38.788448  4198 work_thread.hpp:81]  [T-Work-Recog_0] Run work: WorkCapture
I1014 10:44:38.788458  4200 thread_intergrate.hpp:78] [T-Intergrate-intergrate] queue: frame output frame :8
I1014 10:44:38.788487  4200 thread_intergrate.hpp:85] [T-Intergrate-intergrate] queue: compare output face:0
I1014 10:44:38.788628  4200 thread_intergrate.hpp:134] T-Intergrate-intergrate set matched face: 0
I1014 10:44:38.789012  4198 work_thread.hpp:81]  [T-Work-Recog_0] Run work: WorkRecog
I1014 10:44:38.789036  4198 work_recog.hpp:89] Face id: 0 will run recog: bbox [179 x 211 from (282, 132)] quality: 0.395365
I1014 10:44:38.789064  4198 work_recog.hpp:96] Recog pair: [256 x 272 from (240, 88)], [179 x 211 from (42, 44)]
I1014 10:44:38.790002  4200 thread_intergrate.hpp:154] T-Intergrate-intergrate Show face :0, size :640 * 360
I1014 10:44:38.790650  4196 demo_inner.hpp:435] thread [SORT-0]  frame id 8 sorting queue size 0   FPS: 29.2887
I1014 10:44:38.790729  4195 demo_inner.hpp:260]  gui queue size 0, state = running
I1014 10:44:38.808423  4198 work_thread.hpp:81]  [T-Work-Recog_0] Run work: WorkCompare
I1014 10:44:38.808537  4198 work_compare.cpp:76] Compare face: 0 successed, similarity :0.907619, name : images/thanglmb.jpg, normal size : 640 * 360!
I1014 10:44:38.817239  4194 demo_inner.hpp:177] decode queue size 0
I1014 10:44:38.817366  4197 work_thread.hpp:81]  [T-Work-Detect_0] Run work: WorkDetect
I1014 10:44:38.817402  4197 work_detect.cpp:102] Succeeded to add det start for frame 9
I1014 10:44:38.824676  4197 work_detect.cpp:70] Frame :9 detect result :1 face(s)
I1014 10:44:38.824733  4197 work_detect.cpp:86] Detected bbox: [181 x 217 from (280, 124)]
I1014 10:44:38.824780  4197 work_detect.cpp:120] Succeeded to add det end for frame 9
I1014 10:44:38.824879  4197 work_thread.hpp:81]  [T-Work-Detect_0] Run work: WrokTrack
I1014 10:44:38.824908  4197 work_track.cpp:82] Frame: 9 build input_characts: [0.282813 x 0.602778 from (0.4375, 0.344444)], 0.997488, 0
I1014 10:44:38.824967  4197 work_track.cpp:102] Succeeded to set track lock for frame 9
I1014 10:44:38.825009  4197 work_track.cpp:116] Succeeded to release track lock for frame 9
I1014 10:44:38.825023  4197 work_track.cpp:120] Track results of frame 9: 1 objects input, 1 objects tracked!
I1014 10:44:38.825042  4197 work_track.cpp:148] Frame: 9, track bbox: [181 x 217 from (280.286, 124.406)], gid: 0, lid: 0
I1014 10:44:38.825078  4197 work_thread.hpp:88]  [T-Work-Detect_0] Frame :9 split
I1014 10:44:38.825096  4197 work_thread.hpp:120]  [T-Work-Detect_0] Valid piece: gid = 0
I1014 10:44:38.825114  4197 work_thread.hpp:92]  [T-Work-Detect_0] Push to split queue:recog
I1014 10:44:38.825186  4198 work_thread.hpp:81]  [T-Work-Recog_0] Run work: WorkCapture
I1014 10:44:38.825198  4200 thread_intergrate.hpp:78] [T-Intergrate-intergrate] queue: frame output frame :9
I1014 10:44:38.825227  4200 thread_intergrate.hpp:85] [T-Intergrate-intergrate] queue: compare output face:0
I1014 10:44:38.825246  4200 thread_intergrate.hpp:134] T-Intergrate-intergrate set matched face: 0
I1014 10:44:38.825795  4198 work_thread.hpp:81]  [T-Work-Recog_0] Run work: WorkRecog
I1014 10:44:38.825822  4198 work_recog.hpp:89] Face id: 0 will run recog: bbox [181 x 217 from (280, 124)] quality: 0.360768
I1014 10:44:38.825852  4198 work_recog.hpp:96] Recog pair: [264 x 280 from (240, 80)], [181 x 217 from (40, 44)]
I1014 10:44:38.826990  4200 thread_intergrate.hpp:154] T-Intergrate-intergrate Show face :0, size :640 * 360
I1014 10:44:38.827659  4196 demo_inner.hpp:435] thread [SORT-0]  frame id 9 sorting queue size 0   FPS: 28.9855
I1014 10:44:38.827726  4195 demo_inner.hpp:260]  gui queue size 0, state = running
I1014 10:44:38.845504  4198 work_thread.hpp:81]  [T-Work-Recog_0] Run work: WorkCompare
I1014 10:44:38.845615  4198 work_compare.cpp:76] Compare face: 0 successed, similarity :0.925518, name : images/thanglmb.jpg, normal size : 640 * 360!
I1014 10:44:38.847548  4194 demo_inner.hpp:177] decode queue size 0
I1014 10:44:38.847649  4197 work_thread.hpp:81]  [T-Work-Detect_0] Run work: WorkDetect
I1014 10:44:38.847685  4197 work_detect.cpp:102] Succeeded to add det start for frame 10
I1014 10:44:38.854616  4197 work_detect.cpp:70] Frame :10 detect result :1 face(s)
I1014 10:44:38.854681  4197 work_detect.cpp:86] Detected bbox: [182 x 211 from (279, 111)]
I1014 10:44:38.854737  4197 work_detect.cpp:120] Succeeded to add det end for frame 10
I1014 10:44:38.854753  4197 work_thread.hpp:81]  [T-Work-Detect_0] Run work: WrokTrack
I1014 10:44:38.854781  4197 work_track.cpp:82] Frame: 10 build input_characts: [0.284375 x 0.586111 from (0.435937, 0.308333)], 0.997596, 0
I1014 10:44:38.854840  4197 work_track.cpp:102] Succeeded to set track lock for frame 10
I1014 10:44:38.854892  4197 work_track.cpp:116] Succeeded to release track lock for frame 10
I1014 10:44:38.854907  4197 work_track.cpp:120] Track results of frame 10: 1 objects input, 1 objects tracked!
I1014 10:44:38.854925  4197 work_track.cpp:148] Frame: 10, track bbox: [182 x 211 from (280.14, 120.259)], gid: 0, lid: 0
I1014 10:44:38.854967  4197 work_thread.hpp:88]  [T-Work-Detect_0] Frame :10 split
I1014 10:44:38.854988  4197 work_thread.hpp:120]  [T-Work-Detect_0] Valid piece: gid = 0
I1014 10:44:38.855010  4197 work_thread.hpp:92]  [T-Work-Detect_0] Push to split queue:recog
I1014 10:44:38.855123  4198 work_thread.hpp:81]  [T-Work-Recog_0] Run work: WorkCapture
I1014 10:44:38.855513  4200 thread_intergrate.hpp:78] [T-Intergrate-intergrate] queue: frame output frame :10
I1014 10:44:38.855628  4200 thread_intergrate.hpp:85] [T-Intergrate-intergrate] queue: compare output face:0
I1014 10:44:38.855651  4200 thread_intergrate.hpp:134] T-Intergrate-intergrate set matched face: 0
I1014 10:44:38.855834  4198 work_thread.hpp:81]  [T-Work-Recog_0] Run work: WorkRecog
I1014 10:44:38.855865  4198 work_recog.hpp:89] Face id: 0 will run recog: bbox [182 x 211 from (279, 111)] quality: 0.302427
I1014 10:44:38.856050  4198 work_recog.hpp:96] Recog pair: [264 x 296 from (240, 64)], [182 x 211 from (39, 47)]
I1014 10:44:38.857699  4200 thread_intergrate.hpp:154] T-Intergrate-intergrate Show face :0, size :640 * 360
I1014 10:44:38.858564  4196 demo_inner.hpp:435] thread [SORT-0]  frame id 10 sorting queue size 0   FPS: 29.316
I1014 10:44:38.858680  4195 demo_inner.hpp:260]  gui queue size 0, state = running
I1014 10:44:38.876296  4198 work_thread.hpp:81]  [T-Work-Recog_0] Run work: WorkCompare
I1014 10:44:38.876406  4198 work_compare.cpp:76] Compare face: 0 successed, similarity :0.870821, name : images/thanglmb.jpg, normal size : 640 * 360!
I1014 10:44:38.883581  4194 demo_inner.hpp:177] decode queue size 0
I1014 10:44:38.883749  4197 work_thread.hpp:81]  [T-Work-Detect_0] Run work: WorkDetect
I1014 10:44:38.883786  4197 work_detect.cpp:102] Succeeded to add det start for frame 11
I1014 10:44:38.891084  4197 work_detect.cpp:70] Frame :11 detect result :1 face(s)
I1014 10:44:38.891136  4197 work_detect.cpp:86] Detected bbox: [186 x 220 from (274, 129)]
I1014 10:44:38.891181  4197 work_detect.cpp:120] Succeeded to add det end for frame 11
I1014 10:44:38.891197  4197 work_thread.hpp:81]  [T-Work-Detect_0] Run work: WrokTrack
I1014 10:44:38.891223  4197 work_track.cpp:82] Frame: 11 build input_characts: [0.290625 x 0.611111 from (0.428125, 0.358333)], 0.997596, 0
I1014 10:44:38.891278  4197 work_track.cpp:102] Succeeded to set track lock for frame 11
I1014 10:44:38.891316  4197 work_track.cpp:116] Succeeded to release track lock for frame 11
I1014 10:44:38.891330  4197 work_track.cpp:120] Track results of frame 11: 1 objects input, 1 objects tracked!
I1014 10:44:38.891348  4197 work_track.cpp:148] Frame: 11, track bbox: [186 x 220 from (276.216, 123.306)], gid: 0, lid: 0
I1014 10:44:38.891384  4197 work_thread.hpp:88]  [T-Work-Detect_0] Frame :11 split
I1014 10:44:38.891402  4197 work_thread.hpp:120]  [T-Work-Detect_0] Valid piece: gid = 0
I1014 10:44:38.891420  4197 work_thread.hpp:92]  [T-Work-Detect_0] Push to split queue:recog
I1014 10:44:38.891470  4199 work_thread.hpp:81]  [T-Work-Recog_1] Run work: WorkCapture
I1014 10:44:38.891499  4200 thread_intergrate.hpp:78] [T-Intergrate-intergrate] queue: frame output frame :11
I1014 10:44:38.891531  4200 thread_intergrate.hpp:85] [T-Intergrate-intergrate] queue: compare output face:0
I1014 10:44:38.891551  4200 thread_intergrate.hpp:134] T-Intergrate-intergrate set matched face: 0
I1014 10:44:38.892195  4199 work_thread.hpp:81]  [T-Work-Recog_1] Run work: WorkRecog
I1014 10:44:38.892237  4199 work_recog.hpp:89] Face id: 0 will run recog: bbox [186 x 220 from (274, 129)] quality: 0.446577
I1014 10:44:38.892285  4199 work_recog.hpp:96] Recog pair: [272 x 280 from (232, 80)], [186 x 220 from (42, 49)]
I1014 10:44:38.893365  4200 thread_intergrate.hpp:154] T-Intergrate-intergrate Show face :0, size :640 * 360
I1014 10:44:38.894060  4196 demo_inner.hpp:435] thread [SORT-0]  frame id 11 sorting queue size 0   FPS: 29.1545
I1014 10:44:38.894260  4195 demo_inner.hpp:260]  gui queue size 0, state = running
I1014 10:44:38.913094  4199 work_thread.hpp:81]  [T-Work-Recog_1] Run work: WorkCompare
I1014 10:44:38.913220  4199 work_compare.cpp:76] Compare face: 0 successed, similarity :0.965273, name : images/thanglmb.jpg, normal size : 640 * 360!
I1014 10:44:38.913808  4194 demo_inner.hpp:177] decode queue size 0
I1014 10:44:38.913902  4197 work_thread.hpp:81]  [T-Work-Detect_0] Run work: WorkDetect
I1014 10:44:38.913936  4197 work_detect.cpp:102] Succeeded to add det start for frame 12
I1014 10:44:38.921284  4197 work_detect.cpp:70] Frame :12 detect result :1 face(s)
I1014 10:44:38.921346  4197 work_detect.cpp:86] Detected bbox: [186 x 222 from (279, 128)]
I1014 10:44:38.921397  4197 work_detect.cpp:120] Succeeded to add det end for frame 12
I1014 10:44:38.921416  4197 work_thread.hpp:81]  [T-Work-Detect_0] Run work: WrokTrack
I1014 10:44:38.921442  4197 work_track.cpp:82] Frame: 12 build input_characts: [0.290625 x 0.616667 from (0.435937, 0.355556)], 1.00019, 0
I1014 10:44:38.921592  4197 work_track.cpp:102] Succeeded to set track lock for frame 12
I1014 10:44:38.921643  4197 work_track.cpp:116] Succeeded to release track lock for frame 12
I1014 10:44:38.921658  4197 work_track.cpp:120] Track results of frame 12: 1 objects input, 1 objects tracked!
I1014 10:44:38.921676  4197 work_track.cpp:148] Frame: 12, track bbox: [186 x 222 from (277.08, 122.862)], gid: 0, lid: 0
I1014 10:44:38.921718  4197 work_thread.hpp:88]  [T-Work-Detect_0] Frame :12 split
I1014 10:44:38.921739  4197 work_thread.hpp:120]  [T-Work-Detect_0] Valid piece: gid = 0
I1014 10:44:38.921761  4197 work_thread.hpp:92]  [T-Work-Detect_0] Push to split queue:recog
I1014 10:44:38.921839  4199 work_thread.hpp:81]  [T-Work-Recog_1] Run work: WorkCapture
I1014 10:44:38.921841  4200 thread_intergrate.hpp:78] [T-Intergrate-intergrate] queue: frame output frame :12
I1014 10:44:38.921895  4200 thread_intergrate.hpp:85] [T-Intergrate-intergrate] queue: compare output face:0
I1014 10:44:38.921916  4200 thread_intergrate.hpp:134] T-Intergrate-intergrate set matched face: 0
I1014 10:44:38.922533  4199 work_thread.hpp:81]  [T-Work-Recog_1] Run work: WorkRecog
I1014 10:44:38.922557  4199 work_recog.hpp:89] Face id: 0 will run recog: bbox [186 x 222 from (279, 128)] quality: 0.422931
I1014 10:44:38.922587  4199 work_recog.hpp:96] Recog pair: [264 x 280 from (240, 80)], [186 x 222 from (39, 48)]
I1014 10:44:38.923575  4200 thread_intergrate.hpp:154] T-Intergrate-intergrate Show face :0, size :640 * 360
I1014 10:44:38.924238  4196 demo_inner.hpp:435] thread [SORT-0]  frame id 12 sorting queue size 0   FPS: 29.4906
I1014 10:44:38.924316  4195 demo_inner.hpp:260]  gui queue size 0, state = running
I1014 10:44:38.945379  4199 work_thread.hpp:81]  [T-Work-Recog_1] Run work: WorkCompare
I1014 10:44:38.945499  4199 work_compare.cpp:76] Compare face: 0 successed, similarity :0.930125, name : images/thanglmb.jpg, normal size : 640 * 360!
I1014 10:44:38.950430  4194 demo_inner.hpp:177] decode queue size 0
I1014 10:44:38.950577  4197 work_thread.hpp:81]  [T-Work-Detect_0] Run work: WorkDetect
I1014 10:44:38.950616  4197 work_detect.cpp:102] Succeeded to add det start for frame 13
I1014 10:44:38.957832  4197 work_detect.cpp:70] Frame :13 detect result :1 face(s)
I1014 10:44:38.957881  4197 work_detect.cpp:86] Detected bbox: [181 x 208 from (280, 128)]
I1014 10:44:38.957924  4197 work_detect.cpp:120] Succeeded to add det end for frame 13
I1014 10:44:38.957940  4197 work_thread.hpp:81]  [T-Work-Detect_0] Run work: WrokTrack
I1014 10:44:38.957964  4197 work_track.cpp:82] Frame: 13 build input_characts: [0.282813 x 0.577778 from (0.4375, 0.355556)], 0.997596, 0
I1014 10:44:38.958020  4197 work_track.cpp:102] Succeeded to set track lock for frame 13
I1014 10:44:38.958061  4197 work_track.cpp:116] Succeeded to release track lock for frame 13
I1014 10:44:38.958076  4197 work_track.cpp:120] Track results of frame 13: 1 objects input, 1 objects tracked!
I1014 10:44:38.958093  4197 work_track.cpp:148] Frame: 13, track bbox: [181 x 208 from (279.494, 129.787)], gid: 0, lid: 0
I1014 10:44:38.958129  4197 work_thread.hpp:88]  [T-Work-Detect_0] Frame :13 split
I1014 10:44:38.958148  4197 work_thread.hpp:120]  [T-Work-Detect_0] Valid piece: gid = 0
I1014 10:44:38.958165  4197 work_thread.hpp:92]  [T-Work-Detect_0] Push to split queue:recog
I1014 10:44:38.958214  4199 work_thread.hpp:81]  [T-Work-Recog_1] Run work: WorkCapture
I1014 10:44:38.958552  4200 thread_intergrate.hpp:78] [T-Intergrate-intergrate] queue: frame output frame :13
I1014 10:44:38.958582  4200 thread_intergrate.hpp:85] [T-Intergrate-intergrate] queue: compare output face:0
I1014 10:44:38.958601  4200 thread_intergrate.hpp:134] T-Intergrate-intergrate set matched face: 0
I1014 10:44:38.958915  4199 work_thread.hpp:81]  [T-Work-Recog_1] Run work: WorkRecog
I1014 10:44:38.958938  4199 work_recog.hpp:89] Face id: 0 will run recog: bbox [181 x 208 from (280, 128)] quality: 0.385181
I1014 10:44:38.958968  4199 work_recog.hpp:96] Recog pair: [264 x 280 from (240, 80)], [181 x 208 from (40, 48)]
I1014 10:44:38.960232  4200 thread_intergrate.hpp:154] T-Intergrate-intergrate Show face :0, size :640 * 360
I1014 10:44:38.960917  4196 demo_inner.hpp:435] thread [SORT-0]  frame id 13 sorting queue size 0   FPS: 29.2683
I1014 10:44:38.960989  4195 demo_inner.hpp:260]  gui queue size 0, state = running
I1014 10:44:38.976567  4199 work_thread.hpp:81]  [T-Work-Recog_1] Run work: WorkCompare
I1014 10:44:38.976677  4199 work_compare.cpp:76] Compare face: 0 successed, similarity :0.968511, name : images/thanglmb.jpg, normal size : 640 * 360!
I1014 10:44:38.979120  4194 demo_inner.hpp:177] decode queue size 0
I1014 10:44:38.979197  4197 work_thread.hpp:81]  [T-Work-Detect_0] Run work: WorkDetect
I1014 10:44:38.979231  4197 work_detect.cpp:102] Succeeded to add det start for frame 14
I1014 10:44:38.985992  4197 work_detect.cpp:70] Frame :14 detect result :1 face(s)
I1014 10:44:38.986034  4197 work_detect.cpp:86] Detected bbox: [178 x 211 from (287, 137)]
I1014 10:44:38.986078  4197 work_detect.cpp:120] Succeeded to add det end for frame 14
I1014 10:44:38.986093  4197 work_thread.hpp:81]  [T-Work-Detect_0] Run work: WrokTrack
I1014 10:44:38.986119  4197 work_track.cpp:82] Frame: 14 build input_characts: [0.278125 x 0.586111 from (0.448438, 0.380556)], 0.997596, 0
I1014 10:44:38.986172  4197 work_track.cpp:102] Succeeded to set track lock for frame 14
I1014 10:44:38.986212  4197 work_track.cpp:116] Succeeded to release track lock for frame 14
I1014 10:44:38.986227  4197 work_track.cpp:120] Track results of frame 14: 1 objects input, 1 objects tracked!
I1014 10:44:38.986244  4197 work_track.cpp:148] Frame: 14, track bbox: [178 x 211 from (284.435, 134.978)], gid: 0, lid: 0
I1014 10:44:38.986281  4197 work_thread.hpp:88]  [T-Work-Detect_0] Frame :14 split
I1014 10:44:38.986299  4197 work_thread.hpp:120]  [T-Work-Detect_0] Valid piece: gid = 0
I1014 10:44:38.986316  4197 work_thread.hpp:92]  [T-Work-Detect_0] Push to split queue:recog
I1014 10:44:38.986371  4199 work_thread.hpp:81]  [T-Work-Recog_1] Run work: WorkCapture
I1014 10:44:38.986670  4200 thread_intergrate.hpp:78] [T-Intergrate-intergrate] queue: frame output frame :14
I1014 10:44:38.986698  4200 thread_intergrate.hpp:85] [T-Intergrate-intergrate] queue: compare output face:0
I1014 10:44:38.986726  4200 thread_intergrate.hpp:134] T-Intergrate-intergrate set matched face: 0
I1014 10:44:38.986914  4199 work_thread.hpp:81]  [T-Work-Recog_1] Run work: WorkRecog
I1014 10:44:38.986937  4199 work_recog.hpp:89] Face id: 0 will run recog: bbox [178 x 211 from (287, 137)] quality: 0.347394
I1014 10:44:38.986963  4199 work_recog.hpp:96] Recog pair: [256 x 272 from (248, 88)], [178 x 211 from (39, 49)]
I1014 10:44:38.988389  4200 thread_intergrate.hpp:154] T-Intergrate-intergrate Show face :0, size :640 * 360
I1014 10:44:38.989012  4196 demo_inner.hpp:435] thread [SORT-0]  frame id 14 sorting queue size 0   FPS: 29.6804
I1014 10:44:38.989080  4195 demo_inner.hpp:260]  gui queue size 0, state = running
I1014 10:44:39.004477  4199 work_thread.hpp:81]  [T-Work-Recog_1] Run work: WorkCompare
I1014 10:44:39.004587  4199 work_compare.cpp:76] Compare face: 0 successed, similarity :0.833934, name : images/thanglmb.jpg, normal size : 640 * 360!
I1014 10:44:39.014816  4194 demo_inner.hpp:177] decode queue size 0
I1014 10:44:39.014917  4197 work_thread.hpp:81]  [T-Work-Detect_0] Run work: WorkDetect
I1014 10:44:39.014953  4197 work_detect.cpp:102] Succeeded to add det start for frame 15
I1014 10:44:39.021771  4197 work_detect.cpp:70] Frame :15 detect result :1 face(s)
I1014 10:44:39.021818  4197 work_detect.cpp:86] Detected bbox: [178 x 207 from (282, 112)]
I1014 10:44:39.021862  4197 work_detect.cpp:120] Succeeded to add det end for frame 15
I1014 10:44:39.021878  4197 work_thread.hpp:81]  [T-Work-Detect_0] Run work: WrokTrack
I1014 10:44:39.021903  4197 work_track.cpp:82] Frame: 15 build input_characts: [0.278125 x 0.575 from (0.440625, 0.311111)], 0.997596, 0
I1014 10:44:39.021958  4197 work_track.cpp:102] Succeeded to set track lock for frame 15
I1014 10:44:39.022071  4197 work_track.cpp:116] Succeeded to release track lock for frame 15
I1014 10:44:39.022087  4197 work_track.cpp:120] Track results of frame 15: 1 objects input, 1 objects tracked!
I1014 10:44:39.022105  4197 work_track.cpp:148] Frame: 15, track bbox: [178 x 207 from (284.265, 127.139)], gid: 0, lid: 0
I1014 10:44:39.022141  4197 work_thread.hpp:88]  [T-Work-Detect_0] Frame :15 split
I1014 10:44:39.022159  4197 work_thread.hpp:120]  [T-Work-Detect_0] Valid piece: gid = 0
I1014 10:44:39.022177  4197 work_thread.hpp:92]  [T-Work-Detect_0] Push to split queue:recog
I1014 10:44:39.022226  4199 work_thread.hpp:81]  [T-Work-Recog_1] Run work: WorkCapture
I1014 10:44:39.022554  4200 thread_intergrate.hpp:78] [T-Intergrate-intergrate] queue: frame output frame :15
I1014 10:44:39.022583  4200 thread_intergrate.hpp:85] [T-Intergrate-intergrate] queue: compare output face:0
I1014 10:44:39.022601  4200 thread_intergrate.hpp:134] T-Intergrate-intergrate set matched face: 0
I1014 10:44:39.022778  4199 work_thread.hpp:81]  [T-Work-Recog_1] Run work: WorkRecog
I1014 10:44:39.022802  4199 work_recog.hpp:89] Face id: 0 will run recog: bbox [178 x 207 from (282, 112)] quality: 0.286088
I1014 10:44:39.022830  4199 work_recog.hpp:96] Recog pair: [256 x 296 from (240, 64)], [178 x 207 from (42, 48)]
I1014 10:44:39.023928  4200 thread_intergrate.hpp:154] T-Intergrate-intergrate Show face :0, size :640 * 360
I1014 10:44:39.024686  4196 demo_inner.hpp:435] thread [SORT-0]  frame id 15 sorting queue size 0   FPS: 29.5983
I1014 10:44:39.024755  4195 demo_inner.hpp:260]  gui queue size 0, state = running
I1014 10:44:39.040464  4199 work_thread.hpp:81]  [T-Work-Recog_1] Run work: WorkCompare
I1014 10:44:39.040575  4199 work_compare.cpp:76] Compare face: 0 successed, similarity :0.963241, name : images/thanglmb.jpg, normal size : 640 * 360!
I1014 10:44:39.050798  4194 demo_inner.hpp:177] decode queue size 0
I1014 10:44:39.050904  4197 work_thread.hpp:81]  [T-Work-Detect_0] Run work: WorkDetect
I1014 10:44:39.050940  4197 work_detect.cpp:102] Succeeded to add det start for frame 16
I1014 10:44:39.057651  4197 work_detect.cpp:70] Frame :16 detect result :1 face(s)
I1014 10:44:39.057693  4197 work_detect.cpp:86] Detected bbox: [183 x 212 from (277, 109)]
I1014 10:44:39.057736  4197 work_detect.cpp:120] Succeeded to add det end for frame 16
I1014 10:44:39.057752  4197 work_thread.hpp:81]  [T-Work-Detect_0] Run work: WrokTrack
I1014 10:44:39.057776  4197 work_track.cpp:82] Frame: 16 build input_characts: [0.285937 x 0.588889 from (0.432813, 0.302778)], 1.00019, 0
I1014 10:44:39.057832  4197 work_track.cpp:102] Succeeded to set track lock for frame 16
I1014 10:44:39.057871  4197 work_track.cpp:116] Succeeded to release track lock for frame 16
I1014 10:44:39.057886  4197 work_track.cpp:120] Track results of frame 16: 1 objects input, 1 objects tracked!
I1014 10:44:39.057904  4197 work_track.cpp:148] Frame: 16, track bbox: [183 x 212 from (280.047, 111.643)], gid: 0, lid: 0
I1014 10:44:39.057940  4197 work_thread.hpp:88]  [T-Work-Detect_0] Frame :16 split
I1014 10:44:39.057958  4197 work_thread.hpp:120]  [T-Work-Detect_0] Valid piece: gid = 0
I1014 10:44:39.057976  4197 work_thread.hpp:92]  [T-Work-Detect_0] Push to split queue:recog
I1014 10:44:39.058030  4198 work_thread.hpp:81]  [T-Work-Recog_0] Run work: WorkCapture
I1014 10:44:39.058339  4200 thread_intergrate.hpp:78] [T-Intergrate-intergrate] queue: frame output frame :16
I1014 10:44:39.058367  4200 thread_intergrate.hpp:85] [T-Intergrate-intergrate] queue: compare output face:0
I1014 10:44:39.058387  4200 thread_intergrate.hpp:134] T-Intergrate-intergrate set matched face: 0
I1014 10:44:39.058575  4198 work_thread.hpp:81]  [T-Work-Recog_0] Run work: WorkRecog
I1014 10:44:39.058599  4198 work_recog.hpp:89] Face id: 0 will run recog: bbox [183 x 212 from (277, 109)] quality: 0.286096
I1014 10:44:39.058627  4198 work_recog.hpp:96] Recog pair: [256 x 296 from (240, 64)], [183 x 212 from (37, 45)]
I1014 10:44:39.059772  4200 thread_intergrate.hpp:154] T-Intergrate-intergrate Show face :0, size :640 * 360
I1014 10:44:39.060575  4196 demo_inner.hpp:435] thread [SORT-0]  frame id 16 sorting queue size 0   FPS: 29.4695
I1014 10:44:39.060647  4195 demo_inner.hpp:260]  gui queue size 0, state = running
I1014 10:44:39.076669  4198 work_thread.hpp:81]  [T-Work-Recog_0] Run work: WorkCompare
I1014 10:44:39.076776  4198 work_compare.cpp:76] Compare face: 0 successed, similarity :0.888257, name : images/thanglmb.jpg, normal size : 640 * 360!
I1014 10:44:39.081241  4194 demo_inner.hpp:177] decode queue size 0
I1014 10:44:39.081326  4197 work_thread.hpp:81]  [T-Work-Detect_0] Run work: WorkDetect
I1014 10:44:39.081362  4197 work_detect.cpp:102] Succeeded to add det start for frame 17
I1014 10:44:39.088119  4197 work_detect.cpp:70] Frame :17 detect result :1 face(s)
I1014 10:44:39.088176  4197 work_detect.cpp:86] Detected bbox: [185 x 214 from (282, 130)]
I1014 10:44:39.088223  4197 work_detect.cpp:120] Succeeded to add det end for frame 17
I1014 10:44:39.088240  4197 work_thread.hpp:81]  [T-Work-Detect_0] Run work: WrokTrack
I1014 10:44:39.088265  4197 work_track.cpp:82] Frame: 17 build input_characts: [0.289062 x 0.594444 from (0.440625, 0.361111)], 0.997596, 0
I1014 10:44:39.088320  4197 work_track.cpp:102] Succeeded to set track lock for frame 17
I1014 10:44:39.088359  4197 work_track.cpp:116] Succeeded to release track lock for frame 17
I1014 10:44:39.088373  4197 work_track.cpp:120] Track results of frame 17: 1 objects input, 1 objects tracked!
I1014 10:44:39.088392  4197 work_track.cpp:148] Frame: 17, track bbox: [185 x 214 from (279.687, 116.869)], gid: 0, lid: 0
I1014 10:44:39.088428  4197 work_thread.hpp:88]  [T-Work-Detect_0] Frame :17 split
I1014 10:44:39.088446  4197 work_thread.hpp:120]  [T-Work-Detect_0] Valid piece: gid = 0
I1014 10:44:39.088464  4197 work_thread.hpp:92]  [T-Work-Detect_0] Push to split queue:recog
I1014 10:44:39.088523  4200 thread_intergrate.hpp:78] [T-Intergrate-intergrate] queue: frame output frame :17
I1014 10:44:39.088557  4200 thread_intergrate.hpp:85] [T-Intergrate-intergrate] queue: compare output face:0
I1014 10:44:39.088526  4198 work_thread.hpp:81]  [T-Work-Recog_0] Run work: WorkCapture
I1014 10:44:39.088577  4200 thread_intergrate.hpp:134] T-Intergrate-intergrate set matched face: 0
I1014 10:44:39.089138  4198 work_thread.hpp:81]  [T-Work-Recog_0] Run work: WorkRecog
I1014 10:44:39.089162  4198 work_recog.hpp:89] Face id: 0 will run recog: bbox [185 x 214 from (282, 130)] quality: 0.395365
I1014 10:44:39.089192  4198 work_recog.hpp:96] Recog pair: [264 x 272 from (240, 88)], [185 x 214 from (42, 42)]
I1014 10:44:39.089900  4200 thread_intergrate.hpp:154] T-Intergrate-intergrate Show face :0, size :640 * 360
I1014 10:44:39.090548  4196 demo_inner.hpp:435] thread [SORT-0]  frame id 17 sorting queue size 0   FPS: 29.6846
I1014 10:44:39.090652  4195 demo_inner.hpp:260]  gui queue size 0, state = running
I1014 10:44:39.107105  4198 work_thread.hpp:81]  [T-Work-Recog_0] Run work: WorkCompare
I1014 10:44:39.107214  4198 work_compare.cpp:76] Compare face: 0 successed, similarity :0.874487, name : images/thanglmb.jpg, normal size : 640 * 360!
I1014 10:44:39.116820  4194 demo_inner.hpp:177] decode queue size 0
I1014 10:44:39.116926  4197 work_thread.hpp:81]  [T-Work-Detect_0] Run work: WorkDetect
I1014 10:44:39.116962  4197 work_detect.cpp:102] Succeeded to add det start for frame 18
I1014 10:44:39.123795  4197 work_detect.cpp:70] Frame :18 detect result :1 face(s)
I1014 10:44:39.123838  4197 work_detect.cpp:86] Detected bbox: [182 x 217 from (283, 130)]
I1014 10:44:39.123881  4197 work_detect.cpp:120] Succeeded to add det end for frame 18
I1014 10:44:39.123898  4197 work_thread.hpp:81]  [T-Work-Detect_0] Run work: WrokTrack
I1014 10:44:39.123922  4197 work_track.cpp:82] Frame: 18 build input_characts: [0.284375 x 0.602778 from (0.442187, 0.361111)], 0.997596, 0
I1014 10:44:39.123977  4197 work_track.cpp:102] Succeeded to set track lock for frame 18
I1014 10:44:39.124017  4197 work_track.cpp:116] Succeeded to release track lock for frame 18
I1014 10:44:39.124104  4197 work_track.cpp:120] Track results of frame 18: 1 objects input, 1 objects tracked!
I1014 10:44:39.124125  4197 work_track.cpp:148] Frame: 18, track bbox: [182 x 217 from (282.176, 122.687)], gid: 0, lid: 0
I1014 10:44:39.124177  4197 work_thread.hpp:88]  [T-Work-Detect_0] Frame :18 split
I1014 10:44:39.124195  4197 work_thread.hpp:120]  [T-Work-Detect_0] Valid piece: gid = 0
I1014 10:44:39.124213  4197 work_thread.hpp:92]  [T-Work-Detect_0] Push to split queue:recog
I1014 10:44:39.124259  4198 work_thread.hpp:81]  [T-Work-Recog_0] Run work: WorkCapture
I1014 10:44:39.124562  4200 thread_intergrate.hpp:78] [T-Intergrate-intergrate] queue: frame output frame :18
I1014 10:44:39.124593  4200 thread_intergrate.hpp:85] [T-Intergrate-intergrate] queue: compare output face:0
I1014 10:44:39.124611  4200 thread_intergrate.hpp:134] T-Intergrate-intergrate set matched face: 0
I1014 10:44:39.124806  4198 work_thread.hpp:81]  [T-Work-Recog_0] Run work: WorkRecog
I1014 10:44:39.124830  4198 work_recog.hpp:89] Face id: 0 will run recog: bbox [182 x 217 from (283, 130)] quality: 0.42245
I1014 10:44:39.124857  4198 work_recog.hpp:96] Recog pair: [264 x 280 from (240, 80)], [182 x 217 from (43, 50)]
I1014 10:44:39.126003  4200 thread_intergrate.hpp:154] T-Intergrate-intergrate Show face :0, size :640 * 360
I1014 10:44:39.126667  4196 demo_inner.hpp:435] thread [SORT-0]  frame id 18 sorting queue size 0   FPS: 29.5652
I1014 10:44:39.126734  4195 demo_inner.hpp:260]  gui queue size 0, state = running
I1014 10:44:39.142632  4198 work_thread.hpp:81]  [T-Work-Recog_0] Run work: WorkCompare
I1014 10:44:39.142740  4198 work_compare.cpp:71] Compare face: 0 failed
I1014 10:44:39.147337  4194 demo_inner.hpp:177] decode queue size 0
I1014 10:44:39.147429  4197 work_thread.hpp:81]  [T-Work-Detect_0] Run work: WorkDetect
I1014 10:44:39.147464  4197 work_detect.cpp:102] Succeeded to add det start for frame 19
I1014 10:44:39.154196  4197 work_detect.cpp:70] Frame :19 detect result :1 face(s)
I1014 10:44:39.154239  4197 work_detect.cpp:86] Detected bbox: [190 x 211 from (273, 111)]
I1014 10:44:39.154281  4197 work_detect.cpp:120] Succeeded to add det end for frame 19
I1014 10:44:39.154299  4197 work_thread.hpp:81]  [T-Work-Detect_0] Run work: WrokTrack
I1014 10:44:39.154322  4197 work_track.cpp:82] Frame: 19 build input_characts: [0.296875 x 0.586111 from (0.426562, 0.308333)], 0.996759, 0
I1014 10:44:39.154376  4197 work_track.cpp:102] Succeeded to set track lock for frame 19
I1014 10:44:39.154417  4197 work_track.cpp:116] Succeeded to release track lock for frame 19
I1014 10:44:39.154431  4197 work_track.cpp:120] Track results of frame 19: 1 objects input, 1 objects tracked!
I1014 10:44:39.154449  4197 work_track.cpp:148] Frame: 19, track bbox: [190 x 211 from (275.218, 119.215)], gid: 0, lid: 0
I1014 10:44:39.154485  4197 work_thread.hpp:88]  [T-Work-Detect_0] Frame :19 split
I1014 10:44:39.154503  4197 work_thread.hpp:120]  [T-Work-Detect_0] Valid piece: gid = 0
I1014 10:44:39.154520  4197 work_thread.hpp:92]  [T-Work-Detect_0] Push to split queue:recog
I1014 10:44:39.154567  4199 work_thread.hpp:81]  [T-Work-Recog_1] Run work: WorkCapture
I1014 10:44:39.154875  4200 thread_intergrate.hpp:78] [T-Intergrate-intergrate] queue: frame output frame :19
I1014 10:44:39.155109  4199 work_thread.hpp:81]  [T-Work-Recog_1] Run work: WorkRecog
I1014 10:44:39.155133  4199 work_recog.hpp:89] Face id: 0 will run recog: bbox [190 x 211 from (273, 111)] quality: 0.333182
I1014 10:44:39.155160  4199 work_recog.hpp:96] Recog pair: [272 x 296 from (232, 64)], [190 x 211 from (41, 47)]
I1014 10:44:39.156021  4200 thread_intergrate.hpp:154] T-Intergrate-intergrate Show face :0, size :640 * 360
I1014 10:44:39.156678  4196 demo_inner.hpp:435] thread [SORT-0]  frame id 19 sorting queue size 0   FPS: 29.7521
I1014 10:44:39.156751  4195 demo_inner.hpp:260]  gui queue size 0, state = running
I1014 10:44:39.173069  4199 work_thread.hpp:81]  [T-Work-Recog_1] Run work: WorkCompare
I1014 10:44:39.173175  4199 work_compare.cpp:76] Compare face: 0 successed, similarity :0.918289, name : images/thanglmb.jpg, normal size : 640 * 360!
I1014 10:44:39.182844  4194 demo_inner.hpp:177] decode queue size 0
I1014 10:44:39.182960  4197 work_thread.hpp:81]  [T-Work-Detect_0] Run work: WorkDetect
I1014 10:44:39.183001  4197 work_detect.cpp:102] Succeeded to add det start for frame 20
I1014 10:44:39.189801  4197 work_detect.cpp:70] Frame :20 detect result :1 face(s)
I1014 10:44:39.189844  4197 work_detect.cpp:86] Detected bbox: [186 x 222 from (277, 124)]
I1014 10:44:39.189888  4197 work_detect.cpp:120] Succeeded to add det end for frame 20
