I1012 13:41:38.338099  6716 work_track.cpp:120] Track results of frame 31: 0 objects input, 0 objects tracked!
I1012 13:41:38.338116  6716 work_thread.hpp:88]  [T-Work-Detect_0] Frame :31 split
I1012 13:41:38.338161  6719 thread_intergrate.hpp:78] [T-Intergrate-intergrate] queue: frame output frame :31
I1012 13:41:38.339712  6715 demo_inner.hpp:435] thread [SORT-0]  frame id 31 sorting queue size 0   FPS: 8.57889
I1012 13:41:38.339782  6714 demo_inner.hpp:260]  gui queue size 0, state = running
I1012 13:41:38.469158  6713 demo_inner.hpp:177] decode queue size 0
I1012 13:41:38.469254  6716 work_thread.hpp:81]  [T-Work-Detect_0] Run work: WorkDetect
I1012 13:41:38.469290  6716 work_detect.cpp:102] Succeeded to add det start for frame 32
I1012 13:41:38.475893  6716 work_detect.cpp:70] Frame :32 detect result :1 face(s)
W1012 13:41:38.475931  6716 work_detect.cpp:83] Invalid bbox: [153 x 185 from (308, 182)]
I1012 13:41:38.476003  6716 work_detect.cpp:120] Succeeded to add det end for frame 32
I1012 13:41:38.476022  6716 work_thread.hpp:81]  [T-Work-Detect_0] Run work: WrokTrack
I1012 13:41:38.476047  6716 work_track.cpp:102] Succeeded to set track lock for frame 32
I1012 13:41:38.476073  6716 work_track.cpp:116] Succeeded to release track lock for frame 32
I1012 13:41:38.476088  6716 work_track.cpp:120] Track results of frame 32: 0 objects input, 0 objects tracked!
I1012 13:41:38.476105  6716 work_thread.hpp:88]  [T-Work-Detect_0] Frame :32 split
I1012 13:41:38.476156  6719 thread_intergrate.hpp:78] [T-Intergrate-intergrate] queue: frame output frame :32
I1012 13:41:38.477612  6715 demo_inner.hpp:435] thread [SORT-0]  frame id 32 sorting queue size 0   FPS: 8.33333
I1012 13:41:38.477686  6714 demo_inner.hpp:260]  gui queue size 0, state = running
I1012 13:41:38.607215  6713 demo_inner.hpp:177] decode queue size 0
I1012 13:41:38.607306  6716 work_thread.hpp:81]  [T-Work-Detect_0] Run work: WorkDetect
I1012 13:41:38.607340  6716 work_detect.cpp:102] Succeeded to add det start for frame 33
I1012 13:41:38.613962  6716 work_detect.cpp:70] Frame :33 detect result :1 face(s)
W1012 13:41:38.613996  6716 work_detect.cpp:83] Invalid bbox: [151 x 188 from (313, 190)]
I1012 13:41:38.614070  6716 work_detect.cpp:120] Succeeded to add det end for frame 33
I1012 13:41:38.614087  6716 work_thread.hpp:81]  [T-Work-Detect_0] Run work: WrokTrack
I1012 13:41:38.614112  6716 work_track.cpp:102] Succeeded to set track lock for frame 33
I1012 13:41:38.614140  6716 work_track.cpp:116] Succeeded to release track lock for frame 33
I1012 13:41:38.614153  6716 work_track.cpp:120] Track results of frame 33: 0 objects input, 0 objects tracked!
I1012 13:41:38.614171  6716 work_thread.hpp:88]  [T-Work-Detect_0] Frame :33 split
I1012 13:41:38.614219  6719 thread_intergrate.hpp:78] [T-Intergrate-intergrate] queue: frame output frame :33
I1012 13:41:38.615655  6715 demo_inner.hpp:435] thread [SORT-0]  frame id 33 sorting queue size 0   FPS: 8.10716
I1012 13:41:38.615725  6714 demo_inner.hpp:260]  gui queue size 0, state = running
I1012 13:41:38.751103  6713 demo_inner.hpp:177] decode queue size 0
I1012 13:41:38.751194  6716 work_thread.hpp:81]  [T-Work-Detect_0] Run work: WorkDetect
I1012 13:41:38.751230  6716 work_detect.cpp:102] Succeeded to add det start for frame 34
I1012 13:41:38.757810  6716 work_detect.cpp:70] Frame :34 detect result :1 face(s)
W1012 13:41:38.757844  6716 work_detect.cpp:83] Invalid bbox: [154 x 190 from (310, 188)]
I1012 13:41:38.757920  6716 work_detect.cpp:120] Succeeded to add det end for frame 34
I1012 13:41:38.757982  6716 work_thread.hpp:81]  [T-Work-Detect_0] Run work: WrokTrack
I1012 13:41:38.758011  6716 work_track.cpp:102] Succeeded to set track lock for frame 34
I1012 13:41:38.758038  6716 work_track.cpp:116] Succeeded to release track lock for frame 34
I1012 13:41:38.758052  6716 work_track.cpp:120] Track results of frame 34: 0 objects input, 0 objects tracked!
I1012 13:41:38.758070  6716 work_thread.hpp:88]  [T-Work-Detect_0] Frame :34 split
I1012 13:41:38.758116  6719 thread_intergrate.hpp:78] [T-Intergrate-intergrate] queue: frame output frame :34
I1012 13:41:38.759519  6715 demo_inner.hpp:435] thread [SORT-0]  frame id 34 sorting queue size 0   FPS: 7.87671
I1012 13:41:38.759618  6714 demo_inner.hpp:260]  gui queue size 0, state = running
I1012 13:41:38.889196  6713 demo_inner.hpp:177] decode queue size 0
I1012 13:41:38.889288  6716 work_thread.hpp:81]  [T-Work-Detect_0] Run work: WorkDetect
I1012 13:41:38.889323  6716 work_detect.cpp:102] Succeeded to add det start for frame 35
I1012 13:41:38.895908  6716 work_detect.cpp:70] Frame :35 detect result :1 face(s)
W1012 13:41:38.895941  6716 work_detect.cpp:83] Invalid bbox: [146 x 185 from (314, 179)]
I1012 13:41:38.896014  6716 work_detect.cpp:120] Succeeded to add det end for frame 35
I1012 13:41:38.896030  6716 work_thread.hpp:81]  [T-Work-Detect_0] Run work: WrokTrack
I1012 13:41:38.896057  6716 work_track.cpp:102] Succeeded to set track lock for frame 35
I1012 13:41:38.896083  6716 work_track.cpp:116] Succeeded to release track lock for frame 35
I1012 13:41:38.896097  6716 work_track.cpp:120] Track results of frame 35: 0 objects input, 0 objects tracked!
I1012 13:41:38.896116  6716 work_thread.hpp:88]  [T-Work-Detect_0] Frame :35 split
I1012 13:41:38.896162  6719 thread_intergrate.hpp:78] [T-Intergrate-intergrate] queue: frame output frame :35
I1012 13:41:38.897632  6715 demo_inner.hpp:435] thread [SORT-0]  frame id 35 sorting queue size 0   FPS: 7.66922
I1012 13:41:38.897703  6714 demo_inner.hpp:260]  gui queue size 0, state = running
I1012 13:41:39.027282  6713 demo_inner.hpp:177] decode queue size 0
I1012 13:41:39.027377  6716 work_thread.hpp:81]  [T-Work-Detect_0] Run work: WorkDetect
I1012 13:41:39.027412  6716 work_detect.cpp:102] Succeeded to add det start for frame 36
I1012 13:41:39.034024  6716 work_detect.cpp:70] Frame :36 detect result :1 face(s)
W1012 13:41:39.034060  6716 work_detect.cpp:83] Invalid bbox: [148 x 185 from (312, 178)]
I1012 13:41:39.034133  6716 work_detect.cpp:120] Succeeded to add det end for frame 36
I1012 13:41:39.034150  6716 work_thread.hpp:81]  [T-Work-Detect_0] Run work: WrokTrack
I1012 13:41:39.034176  6716 work_track.cpp:102] Succeeded to set track lock for frame 36
I1012 13:41:39.034204  6716 work_track.cpp:116] Succeeded to release track lock for frame 36
I1012 13:41:39.034217  6716 work_track.cpp:120] Track results of frame 36: 0 objects input, 0 objects tracked!
I1012 13:41:39.034235  6716 work_thread.hpp:88]  [T-Work-Detect_0] Frame :36 split
I1012 13:41:39.034284  6719 thread_intergrate.hpp:78] [T-Intergrate-intergrate] queue: frame output frame :36
I1012 13:41:39.035732  6715 demo_inner.hpp:435] thread [SORT-0]  frame id 36 sorting queue size 0   FPS: 7.54841
I1012 13:41:39.035811  6714 demo_inner.hpp:260]  gui queue size 0, state = running
I1012 13:41:39.171146  6713 demo_inner.hpp:177] decode queue size 0
I1012 13:41:39.171245  6716 work_thread.hpp:81]  [T-Work-Detect_0] Run work: WorkDetect
I1012 13:41:39.171280  6716 work_detect.cpp:102] Succeeded to add det start for frame 37
I1012 13:41:39.177847  6716 work_detect.cpp:70] Frame :37 detect result :1 face(s)
W1012 13:41:39.177881  6716 work_detect.cpp:83] Invalid bbox: [146 x 184 from (312, 178)]
I1012 13:41:39.177953  6716 work_detect.cpp:120] Succeeded to add det end for frame 37
I1012 13:41:39.177969  6716 work_thread.hpp:81]  [T-Work-Detect_0] Run work: WrokTrack
I1012 13:41:39.177996  6716 work_track.cpp:102] Succeeded to set track lock for frame 37
I1012 13:41:39.178023  6716 work_track.cpp:116] Succeeded to release track lock for frame 37
I1012 13:41:39.178092  6716 work_track.cpp:120] Track results of frame 37: 0 objects input, 0 objects tracked!
I1012 13:41:39.178112  6716 work_thread.hpp:88]  [T-Work-Detect_0] Frame :37 split
I1012 13:41:39.178158  6719 thread_intergrate.hpp:78] [T-Intergrate-intergrate] queue: frame output frame :37
I1012 13:41:39.179590  6715 demo_inner.hpp:435] thread [SORT-0]  frame id 37 sorting queue size 0   FPS: 7.41696
I1012 13:41:39.179662  6714 demo_inner.hpp:260]  gui queue size 0, state = running
I1012 13:41:39.309211  6713 demo_inner.hpp:177] decode queue size 0
I1012 13:41:39.309301  6716 work_thread.hpp:81]  [T-Work-Detect_0] Run work: WorkDetect
I1012 13:41:39.309339  6716 work_detect.cpp:102] Succeeded to add det start for frame 38
I1012 13:41:39.315868  6716 work_detect.cpp:70] Frame :38 detect result :1 face(s)
W1012 13:41:39.315902  6716 work_detect.cpp:83] Invalid bbox: [145 x 183 from (313, 179)]
I1012 13:41:39.315975  6716 work_detect.cpp:120] Succeeded to add det end for frame 38
I1012 13:41:39.315994  6716 work_thread.hpp:81]  [T-Work-Detect_0] Run work: WrokTrack
I1012 13:41:39.316020  6716 work_track.cpp:102] Succeeded to set track lock for frame 38
I1012 13:41:39.316046  6716 work_track.cpp:116] Succeeded to release track lock for frame 38
I1012 13:41:39.316061  6716 work_track.cpp:120] Track results of frame 38: 0 objects input, 0 objects tracked!
I1012 13:41:39.316078  6716 work_thread.hpp:88]  [T-Work-Detect_0] Frame :38 split
I1012 13:41:39.316126  6719 thread_intergrate.hpp:78] [T-Intergrate-intergrate] queue: frame output frame :38
I1012 13:41:39.317597  6715 demo_inner.hpp:435] thread [SORT-0]  frame id 38 sorting queue size 0   FPS: 7.3459
I1012 13:41:39.317672  6714 demo_inner.hpp:260]  gui queue size 0, state = running
I1012 13:41:39.447214  6713 demo_inner.hpp:177] decode queue size 0
I1012 13:41:39.447307  6716 work_thread.hpp:81]  [T-Work-Detect_0] Run work: WorkDetect
I1012 13:41:39.447345  6716 work_detect.cpp:102] Succeeded to add det start for frame 39
I1012 13:41:39.453933  6716 work_detect.cpp:70] Frame :39 detect result :1 face(s)
W1012 13:41:39.453969  6716 work_detect.cpp:83] Invalid bbox: [148 x 185 from (311, 178)]
I1012 13:41:39.454044  6716 work_detect.cpp:120] Succeeded to add det end for frame 39
I1012 13:41:39.454062  6716 work_thread.hpp:81]  [T-Work-Detect_0] Run work: WrokTrack
I1012 13:41:39.454088  6716 work_track.cpp:102] Succeeded to set track lock for frame 39
I1012 13:41:39.454114  6716 work_track.cpp:116] Succeeded to release track lock for frame 39
I1012 13:41:39.454128  6716 work_track.cpp:120] Track results of frame 39: 0 objects input, 0 objects tracked!
I1012 13:41:39.454146  6716 work_thread.hpp:88]  [T-Work-Detect_0] Frame :39 split
I1012 13:41:39.454195  6719 thread_intergrate.hpp:78] [T-Intergrate-intergrate] queue: frame output frame :39
I1012 13:41:39.455646  6715 demo_inner.hpp:435] thread [SORT-0]  frame id 39 sorting queue size 0   FPS: 7.29002
I1012 13:41:39.455725  6714 demo_inner.hpp:260]  gui queue size 0, state = running
I1012 13:41:39.591104  6713 demo_inner.hpp:177] decode queue size 0
I1012 13:41:39.591204  6716 work_thread.hpp:81]  [T-Work-Detect_0] Run work: WorkDetect
I1012 13:41:39.591241  6716 work_detect.cpp:102] Succeeded to add det start for frame 40
I1012 13:41:39.597823  6716 work_detect.cpp:70] Frame :40 detect result :1 face(s)
I1012 13:41:39.597858  6716 work_detect.cpp:86] Detected bbox: [146 x 180 from (312, 180)]
I1012 13:41:39.597899  6716 work_detect.cpp:120] Succeeded to add det end for frame 40
I1012 13:41:39.597915  6716 work_thread.hpp:81]  [T-Work-Detect_0] Run work: WrokTrack
I1012 13:41:39.597939  6716 work_track.cpp:82] Frame: 40 build input_characts: [0.228125 x 0.5 from (0.4875, 0.5)], 0.999622, 0
I1012 13:41:39.597993  6716 work_track.cpp:102] Succeeded to set track lock for frame 40
I1012 13:41:39.598026  6716 work_track.cpp:116] Succeeded to release track lock for frame 40
I1012 13:41:39.598040  6716 work_track.cpp:120] Track results of frame 40: 1 objects input, 0 objects tracked!
I1012 13:41:39.598135  6716 work_track.cpp:162] Frame: 40 lid: 0 not tracked, will set invalid
I1012 13:41:39.598153  6716 work_thread.hpp:88]  [T-Work-Detect_0] Frame :40 split
I1012 13:41:39.598171  6716 work_thread.hpp:124]  [T-Work-Detect_0] Invalid piece: lid = 0, drop it
I1012 13:41:39.598215  6719 thread_intergrate.hpp:78] [T-Intergrate-intergrate] queue: frame output frame :40
I1012 13:41:39.599578  6715 demo_inner.hpp:435] thread [SORT-0]  frame id 40 sorting queue size 0   FPS: 7.20777
I1012 13:41:39.599653  6714 demo_inner.hpp:260]  gui queue size 0, state = running
I1012 13:41:39.729190  6713 demo_inner.hpp:177] decode queue size 0
I1012 13:41:39.729282  6716 work_thread.hpp:81]  [T-Work-Detect_0] Run work: WorkDetect
I1012 13:41:39.729318  6716 work_detect.cpp:102] Succeeded to add det start for frame 41
I1012 13:41:39.735864  6716 work_detect.cpp:70] Frame :41 detect result :1 face(s)
W1012 13:41:39.735898  6716 work_detect.cpp:83] Invalid bbox: [147 x 188 from (312, 176)]
I1012 13:41:39.735970  6716 work_detect.cpp:120] Succeeded to add det end for frame 41
I1012 13:41:39.735987  6716 work_thread.hpp:81]  [T-Work-Detect_0] Run work: WrokTrack
I1012 13:41:39.736013  6716 work_track.cpp:102] Succeeded to set track lock for frame 41
I1012 13:41:39.736066  6716 work_track.cpp:116] Succeeded to release track lock for frame 41
I1012 13:41:39.736081  6716 work_track.cpp:120] Track results of frame 41: 0 objects input, 0 objects tracked!
I1012 13:41:39.736100  6716 work_thread.hpp:88]  [T-Work-Detect_0] Frame :41 split
I1012 13:41:39.736146  6719 thread_intergrate.hpp:78] [T-Intergrate-intergrate] queue: frame output frame :41
I1012 13:41:39.737538  6715 demo_inner.hpp:435] thread [SORT-0]  frame id 41 sorting queue size 0   FPS: 7.19424
I1012 13:41:39.737619  6714 demo_inner.hpp:260]  gui queue size 0, state = running
I1012 13:41:39.867244  6713 demo_inner.hpp:177] decode queue size 0
I1012 13:41:39.867334  6716 work_thread.hpp:81]  [T-Work-Detect_0] Run work: WorkDetect
I1012 13:41:39.867369  6716 work_detect.cpp:102] Succeeded to add det start for frame 42
I1012 13:41:39.873960  6716 work_detect.cpp:70] Frame :42 detect result :1 face(s)
W1012 13:41:39.873994  6716 work_detect.cpp:83] Invalid bbox: [147 x 184 from (312, 178)]
I1012 13:41:39.874070  6716 work_detect.cpp:120] Succeeded to add det end for frame 42
I1012 13:41:39.874087  6716 work_thread.hpp:81]  [T-Work-Detect_0] Run work: WrokTrack
I1012 13:41:39.874114  6716 work_track.cpp:102] Succeeded to set track lock for frame 42
I1012 13:41:39.874148  6716 work_track.cpp:116] Succeeded to release track lock for frame 42
I1012 13:41:39.874162  6716 work_track.cpp:120] Track results of frame 42: 0 objects input, 0 objects tracked!
I1012 13:41:39.874181  6716 work_thread.hpp:88]  [T-Work-Detect_0] Frame :42 split
I1012 13:41:39.874228  6719 thread_intergrate.hpp:78] [T-Intergrate-intergrate] queue: frame output frame :42
I1012 13:41:39.875610  6715 demo_inner.hpp:435] thread [SORT-0]  frame id 42 sorting queue size 0   FPS: 7.16734
I1012 13:41:39.875685  6714 demo_inner.hpp:260]  gui queue size 0, state = running
I1012 13:41:40.011137  6713 demo_inner.hpp:177] decode queue size 0
I1012 13:41:40.011234  6716 work_thread.hpp:81]  [T-Work-Detect_0] Run work: WorkDetect
I1012 13:41:40.011270  6716 work_detect.cpp:102] Succeeded to add det start for frame 43
I1012 13:41:40.017879  6716 work_detect.cpp:70] Frame :43 detect result :1 face(s)
W1012 13:41:40.017915  6716 work_detect.cpp:83] Invalid bbox: [146 x 183 from (312, 179)]
I1012 13:41:40.017988  6716 work_detect.cpp:120] Succeeded to add det end for frame 43
I1012 13:41:40.018007  6716 work_thread.hpp:81]  [T-Work-Detect_0] Run work: WrokTrack
I1012 13:41:40.018031  6716 work_track.cpp:102] Succeeded to set track lock for frame 43
I1012 13:41:40.018059  6716 work_track.cpp:116] Succeeded to release track lock for frame 43
I1012 13:41:40.018072  6716 work_track.cpp:120] Track results of frame 43: 0 objects input, 0 objects tracked!
I1012 13:41:40.018090  6716 work_thread.hpp:88]  [T-Work-Detect_0] Frame :43 split
I1012 13:41:40.018182  6719 thread_intergrate.hpp:78] [T-Intergrate-intergrate] queue: frame output frame :43
I1012 13:41:40.019578  6715 demo_inner.hpp:435] thread [SORT-0]  frame id 43 sorting queue size 0   FPS: 7.14064
I1012 13:41:40.019652  6714 demo_inner.hpp:260]  gui queue size 0, state = running
I1012 13:41:40.149184  6713 demo_inner.hpp:177] decode queue size 0
I1012 13:41:40.149279  6716 work_thread.hpp:81]  [T-Work-Detect_0] Run work: WorkDetect
I1012 13:41:40.149314  6716 work_detect.cpp:102] Succeeded to add det start for frame 44
I1012 13:41:40.155840  6716 work_detect.cpp:70] Frame :44 detect result :1 face(s)
W1012 13:41:40.155874  6716 work_detect.cpp:83] Invalid bbox: [146 x 184 from (312, 178)]
I1012 13:41:40.155947  6716 work_detect.cpp:120] Succeeded to add det end for frame 44
I1012 13:41:40.155964  6716 work_thread.hpp:81]  [T-Work-Detect_0] Run work: WrokTrack
I1012 13:41:40.155990  6716 work_track.cpp:102] Succeeded to set track lock for frame 44
I1012 13:41:40.156018  6716 work_track.cpp:116] Succeeded to release track lock for frame 44
I1012 13:41:40.156031  6716 work_track.cpp:120] Track results of frame 44: 0 objects input, 0 objects tracked!
I1012 13:41:40.156049  6716 work_thread.hpp:88]  [T-Work-Detect_0] Frame :44 split
I1012 13:41:40.156097  6719 thread_intergrate.hpp:78] [T-Intergrate-intergrate] queue: frame output frame :44
I1012 13:41:40.157498  6715 demo_inner.hpp:435] thread [SORT-0]  frame id 44 sorting queue size 0   FPS: 7.14064
I1012 13:41:40.157622  6714 demo_inner.hpp:260]  gui queue size 0, state = running
I1012 13:41:40.287317  6713 demo_inner.hpp:177] decode queue size 0
I1012 13:41:40.287410  6716 work_thread.hpp:81]  [T-Work-Detect_0] Run work: WorkDetect
I1012 13:41:40.287446  6716 work_detect.cpp:102] Succeeded to add det start for frame 45
I1012 13:41:40.294044  6716 work_detect.cpp:70] Frame :45 detect result :1 face(s)
W1012 13:41:40.294075  6716 work_detect.cpp:83] Invalid bbox: [146 x 184 from (312, 178)]
I1012 13:41:40.294147  6716 work_detect.cpp:120] Succeeded to add det end for frame 45
I1012 13:41:40.294163  6716 work_thread.hpp:81]  [T-Work-Detect_0] Run work: WrokTrack
I1012 13:41:40.294189  6716 work_track.cpp:102] Succeeded to set track lock for frame 45
I1012 13:41:40.294216  6716 work_track.cpp:116] Succeeded to release track lock for frame 45
I1012 13:41:40.294230  6716 work_track.cpp:120] Track results of frame 45: 0 objects input, 0 objects tracked!
I1012 13:41:40.294248  6716 work_thread.hpp:88]  [T-Work-Detect_0] Frame :45 split
I1012 13:41:40.294296  6719 thread_intergrate.hpp:78] [T-Intergrate-intergrate] queue: frame output frame :45
I1012 13:41:40.295631  6715 demo_inner.hpp:435] thread [SORT-0]  frame id 45 sorting queue size 0   FPS: 7.15174
I1012 13:41:40.295711  6714 demo_inner.hpp:260]  gui queue size 0, state = running
I1012 13:41:40.431123  6713 demo_inner.hpp:177] decode queue size 0
I1012 13:41:40.431215  6716 work_thread.hpp:81]  [T-Work-Detect_0] Run work: WorkDetect
I1012 13:41:40.431250  6716 work_detect.cpp:102] Succeeded to add det start for frame 46
I1012 13:41:40.437834  6716 work_detect.cpp:70] Frame :46 detect result :1 face(s)
I1012 13:41:40.437870  6716 work_detect.cpp:86] Detected bbox: [141 x 179 from (314, 179)]
I1012 13:41:40.437909  6716 work_detect.cpp:120] Succeeded to add det end for frame 46
I1012 13:41:40.437925  6716 work_thread.hpp:81]  [T-Work-Detect_0] Run work: WrokTrack
I1012 13:41:40.437948  6716 work_track.cpp:82] Frame: 46 build input_characts: [0.220313 x 0.497222 from (0.490625, 0.497222)], 0.999622, 0
I1012 13:41:40.438004  6716 work_track.cpp:102] Succeeded to set track lock for frame 46
I1012 13:41:40.438037  6716 work_track.cpp:116] Succeeded to release track lock for frame 46
I1012 13:41:40.438051  6716 work_track.cpp:120] Track results of frame 46: 1 objects input, 0 objects tracked!
I1012 13:41:40.438068  6716 work_track.cpp:162] Frame: 46 lid: 0 not tracked, will set invalid
I1012 13:41:40.438083  6716 work_thread.hpp:88]  [T-Work-Detect_0] Frame :46 split
I1012 13:41:40.438100  6716 work_thread.hpp:124]  [T-Work-Detect_0] Invalid piece: lid = 0, drop it
I1012 13:41:40.438226  6719 thread_intergrate.hpp:78] [T-Intergrate-intergrate] queue: frame output frame :46
I1012 13:41:40.439617  6715 demo_inner.hpp:435] thread [SORT-0]  frame id 46 sorting queue size 0   FPS: 7.14064
I1012 13:41:40.439684  6714 demo_inner.hpp:260]  gui queue size 0, state = running
I1012 13:41:40.569183  6713 demo_inner.hpp:177] decode queue size 0
I1012 13:41:40.569275  6716 work_thread.hpp:81]  [T-Work-Detect_0] Run work: WorkDetect
I1012 13:41:40.569311  6716 work_detect.cpp:102] Succeeded to add det start for frame 47
I1012 13:41:40.575913  6716 work_detect.cpp:70] Frame :47 detect result :1 face(s)
W1012 13:41:40.575947  6716 work_detect.cpp:83] Invalid bbox: [149 x 188 from (310, 177)]
I1012 13:41:40.576021  6716 work_detect.cpp:120] Succeeded to add det end for frame 47
I1012 13:41:40.576040  6716 work_thread.hpp:81]  [T-Work-Detect_0] Run work: WrokTrack
I1012 13:41:40.576066  6716 work_track.cpp:102] Succeeded to set track lock for frame 47
I1012 13:41:40.576097  6716 work_track.cpp:116] Succeeded to release track lock for frame 47
I1012 13:41:40.576110  6716 work_track.cpp:120] Track results of frame 47: 0 objects input, 0 objects tracked!
I1012 13:41:40.576128  6716 work_thread.hpp:88]  [T-Work-Detect_0] Frame :47 split
I1012 13:41:40.576176  6719 thread_intergrate.hpp:78] [T-Intergrate-intergrate] queue: frame output frame :47
I1012 13:41:40.577572  6715 demo_inner.hpp:435] thread [SORT-0]  frame id 47 sorting queue size 0   FPS: 7.14064
I1012 13:41:40.577643  6714 demo_inner.hpp:260]  gui queue size 0, state = running
I1012 13:41:40.707190  6713 demo_inner.hpp:177] decode queue size 0
I1012 13:41:40.707285  6716 work_thread.hpp:81]  [T-Work-Detect_0] Run work: WorkDetect
I1012 13:41:40.707321  6716 work_detect.cpp:102] Succeeded to add det start for frame 48
I1012 13:41:40.713939  6716 work_detect.cpp:70] Frame :48 detect result :1 face(s)
W1012 13:41:40.713974  6716 work_detect.cpp:83] Invalid bbox: [151 x 188 from (309, 176)]
I1012 13:41:40.714049  6716 work_detect.cpp:120] Succeeded to add det end for frame 48
I1012 13:41:40.714066  6716 work_thread.hpp:81]  [T-Work-Detect_0] Run work: WrokTrack
I1012 13:41:40.714093  6716 work_track.cpp:102] Succeeded to set track lock for frame 48
I1012 13:41:40.714128  6716 work_track.cpp:116] Succeeded to release track lock for frame 48
I1012 13:41:40.714141  6716 work_track.cpp:120] Track results of frame 48: 0 objects input, 0 objects tracked!
I1012 13:41:40.714160  6716 work_thread.hpp:88]  [T-Work-Detect_0] Frame :48 split
I1012 13:41:40.714207  6719 thread_intergrate.hpp:78] [T-Intergrate-intergrate] queue: frame output frame :48
I1012 13:41:40.715543  6715 demo_inner.hpp:435] thread [SORT-0]  frame id 48 sorting queue size 0   FPS: 7.15174
I1012 13:41:40.715626  6714 demo_inner.hpp:260]  gui queue size 0, state = running
I1012 13:41:40.851209  6713 demo_inner.hpp:177] decode queue size 0
I1012 13:41:40.851305  6716 work_thread.hpp:81]  [T-Work-Detect_0] Run work: WorkDetect
I1012 13:41:40.851341  6716 work_detect.cpp:102] Succeeded to add det start for frame 49
I1012 13:41:40.857954  6716 work_detect.cpp:70] Frame :49 detect result :1 face(s)
W1012 13:41:40.857992  6716 work_detect.cpp:83] Invalid bbox: [148 x 190 from (310, 174)]
I1012 13:41:40.858067  6716 work_detect.cpp:120] Succeeded to add det end for frame 49
I1012 13:41:40.858083  6716 work_thread.hpp:81]  [T-Work-Detect_0] Run work: WrokTrack
I1012 13:41:40.858109  6716 work_track.cpp:102] Succeeded to set track lock for frame 49
I1012 13:41:40.858135  6716 work_track.cpp:116] Succeeded to release track lock for frame 49
I1012 13:41:40.858150  6716 work_track.cpp:120] Track results of frame 49: 0 objects input, 0 objects tracked!
I1012 13:41:40.858168  6716 work_thread.hpp:88]  [T-Work-Detect_0] Frame :49 split
I1012 13:41:40.858212  6719 thread_intergrate.hpp:78] [T-Intergrate-intergrate] queue: frame output frame :49
I1012 13:41:40.859625  6715 demo_inner.hpp:435] thread [SORT-0]  frame id 49 sorting queue size 0   FPS: 7.13842
I1012 13:41:40.859750  6714 demo_inner.hpp:260]  gui queue size 0, state = running
I1012 13:41:40.989185  6713 demo_inner.hpp:177] decode queue size 0
I1012 13:41:40.989272  6716 work_thread.hpp:81]  [T-Work-Detect_0] Run work: WorkDetect
I1012 13:41:40.989307  6716 work_detect.cpp:102] Succeeded to add det start for frame 50
I1012 13:41:40.995895  6716 work_detect.cpp:70] Frame :50 detect result :1 face(s)
W1012 13:41:40.995929  6716 work_detect.cpp:83] Invalid bbox: [152 x 188 from (308, 176)]
I1012 13:41:40.996003  6716 work_detect.cpp:120] Succeeded to add det end for frame 50
I1012 13:41:40.996021  6716 work_thread.hpp:81]  [T-Work-Detect_0] Run work: WrokTrack
I1012 13:41:40.996047  6716 work_track.cpp:102] Succeeded to set track lock for frame 50
I1012 13:41:40.996073  6716 work_track.cpp:116] Succeeded to release track lock for frame 50
I1012 13:41:40.996088  6716 work_track.cpp:120] Track results of frame 50: 0 objects input, 0 objects tracked!
I1012 13:41:40.996106  6716 work_thread.hpp:88]  [T-Work-Detect_0] Frame :50 split
I1012 13:41:40.996153  6719 thread_intergrate.hpp:78] [T-Intergrate-intergrate] queue: frame output frame :50
I1012 13:41:40.997553  6715 demo_inner.hpp:435] thread [SORT-0]  frame id 50 sorting queue size 0   FPS: 7.14064
I1012 13:41:40.997632  6714 demo_inner.hpp:260]  gui queue size 0, state = running
I1012 13:41:41.101552  6710 demo_inner.hpp:131] thread [DedodeThread-0] is stopped.
I1012 13:41:41.101613  6710 demo_inner.hpp:131] thread [GUIThread] is stopped.
I1012 13:41:41.101629  6710 demo_inner.hpp:131] thread [SORT-0] is stopped.
I1012 13:41:41.101642  6710 demo_inner.hpp:131] thread [T-Work-Detect_0] is stopped.
I1012 13:41:41.101656  6710 demo_inner.hpp:131] thread [T-Work-Recog_0] is stopped.
I1012 13:41:41.101670  6710 demo_inner.hpp:131] thread [T-Work-Recog_1] is stopped.
I1012 13:41:41.101683  6710 demo_inner.hpp:131] thread [T-Intergrate-intergrate] is stopped.
I1012 13:41:41.104794  6718 demo_inner.hpp:108] thread [T-Work-Recog_1] is ended
I1012 13:41:41.106861  6716 demo_inner.hpp:108] thread [T-Work-Detect_0] is ended
I1012 13:41:41.107909  6719 demo_inner.hpp:108] thread [T-Intergrate-intergrate] is ended
I1012 13:41:41.109714  6717 demo_inner.hpp:108] thread [T-Work-Recog_0] is ended
I1012 13:41:41.127209  6713 demo_inner.hpp:177] decode queue size 0
I1012 13:41:41.127264  6713 demo_inner.hpp:108] thread [DedodeThread-0] is ended
I1012 13:41:41.497684  6715 demo_inner.hpp:108] thread [SORT-0] is ended
I1012 13:41:41.499198  6714 demo_inner.hpp:108] thread [GUIThread] is ended
I1012 13:41:41.499403  6710 demo_inner.hpp:131] thread [DedodeThread-0] is stopped.
I1012 13:41:41.499433  6710 demo_inner.hpp:131] thread [GUIThread] is stopped.
I1012 13:41:41.499446  6710 demo_inner.hpp:131] thread [SORT-0] is stopped.
I1012 13:41:41.499460  6710 demo_inner.hpp:131] thread [T-Work-Detect_0] is stopped.
I1012 13:41:41.499475  6710 demo_inner.hpp:131] thread [T-Work-Recog_0] is stopped.
I1012 13:41:41.499488  6710 demo_inner.hpp:131] thread [T-Work-Recog_1] is stopped.
I1012 13:41:41.499501  6710 demo_inner.hpp:131] thread [T-Intergrate-intergrate] is stopped.
I1012 13:41:41.499519  6710 demo_inner.hpp:137] waiting for [DedodeThread-0] ended
I1012 13:41:41.499538  6710 demo_inner.hpp:137] waiting for [SORT-0] ended
I1012 13:41:41.499553  6710 demo_inner.hpp:137] waiting for [T-Work-Detect_0] ended
I1012 13:41:41.499569  6710 demo_inner.hpp:137] waiting for [T-Work-Recog_0] ended
I1012 13:41:41.499673  6710 demo_inner.hpp:137] waiting for [T-Work-Recog_1] ended
I1012 13:41:41.499706  6710 demo_inner.hpp:137] waiting for [T-Intergrate-intergrate] ended
I1012 13:41:41.519785  6710 test_video_face_recog_multi.cpp:178] BYEBYE
