I1014 10:48:33.354749  4284 work_track.cpp:120] Track results of frame 184: 1 objects input, 1 objects tracked!
I1014 10:48:33.354768  4284 work_track.cpp:148] Frame: 184, track bbox: [144 x 200 from (248.997, 110.413)], gid: 0, lid: 0
I1014 10:48:33.354802  4284 work_thread.hpp:88]  [T-Work-Detect_0] Frame :184 split
I1014 10:48:33.354820  4284 work_thread.hpp:120]  [T-Work-Detect_0] Valid piece: gid = 0
I1014 10:48:33.354838  4284 work_thread.hpp:92]  [T-Work-Detect_0] Push to split queue:recog
I1014 10:48:33.354876  4285 work_thread.hpp:81]  [T-Work-Recog_0] Run work: WorkCapture
I1014 10:48:33.354887  4287 thread_intergrate.hpp:78] [T-Intergrate-intergrate] queue: frame output frame :184
I1014 10:48:33.354914  4287 thread_intergrate.hpp:85] [T-Intergrate-intergrate] queue: compare output face:0
I1014 10:48:33.354933  4287 thread_intergrate.hpp:136] T-Intergrate-intergrate set matched face: 0
I1014 10:48:33.355429  4285 work_thread.hpp:81]  [T-Work-Recog_0] Run work: WorkRecog
I1014 10:48:33.355453  4285 work_recog.hpp:89] Face id: 0 will run recog: bbox [144 x 200 from (250, 105)] quality: 0.482043
I1014 10:48:33.355482  4285 work_recog.hpp:96] Recog pair: [208 x 288 from (216, 64)], [144 x 200 from (34, 41)]
I1014 10:48:33.356102  4287 thread_intergrate.hpp:156] T-Intergrate-intergrate Show face :0, size :640 * 360
I1014 10:48:33.366356  4287 thread_intergrate.hpp:95] T-Intergrate-intergrate Try push queue sorting again 5 vs 5
I1014 10:48:33.372848  4285 work_thread.hpp:81]  [T-Work-Recog_0] Run work: WorkCompare
I1014 10:48:33.372920  4285 work_compare.cpp:76] Compare face: 0 successed, similarity :0.973151, name : images/thanglmb.jpg, normal size : 640 * 360!
I1014 10:48:33.376457  4287 thread_intergrate.hpp:95] T-Intergrate-intergrate Try push queue sorting again 5 vs 5
I1014 10:48:33.386556  4287 thread_intergrate.hpp:95] T-Intergrate-intergrate Try push queue sorting again 5 vs 5
I1014 10:48:33.395764  4281 demo_inner.hpp:177] decode queue size 0
I1014 10:48:33.395884  4284 work_thread.hpp:81]  [T-Work-Detect_0] Run work: WorkDetect
I1014 10:48:33.395920  4284 work_detect.cpp:102] Succeeded to add det start for frame 185
I1014 10:48:33.396673  4287 thread_intergrate.hpp:95] T-Intergrate-intergrate Try push queue sorting again 5 vs 5
I1014 10:48:33.402482  4284 work_detect.cpp:70] Frame :185 detect result :1 face(s)
I1014 10:48:33.402505  4284 work_detect.cpp:86] Detected bbox: [141 x 193 from (251, 110)]
I1014 10:48:33.402546  4284 work_detect.cpp:120] Succeeded to add det end for frame 185
I1014 10:48:33.402562  4284 work_thread.hpp:81]  [T-Work-Detect_0] Run work: WrokTrack
I1014 10:48:33.402583  4284 work_track.cpp:82] Frame: 185 build input_characts: [0.220313 x 0.536111 from (0.392188, 0.305556)], 1.00019, 0
I1014 10:48:33.402637  4284 work_track.cpp:102] Succeeded to set track lock for frame 185
I1014 10:48:33.402676  4284 work_track.cpp:116] Succeeded to release track lock for frame 185
I1014 10:48:33.402691  4284 work_track.cpp:120] Track results of frame 185: 1 objects input, 1 objects tracked!
I1014 10:48:33.402709  4284 work_track.cpp:148] Frame: 185, track bbox: [141 x 193 from (251.014, 111.054)], gid: 0, lid: 0
I1014 10:48:33.402745  4284 work_thread.hpp:88]  [T-Work-Detect_0] Frame :185 split
I1014 10:48:33.402763  4284 work_thread.hpp:120]  [T-Work-Detect_0] Valid piece: gid = 0
I1014 10:48:33.402781  4284 work_thread.hpp:92]  [T-Work-Detect_0] Push to split queue:recog
I1014 10:48:33.402819  4285 work_thread.hpp:81]  [T-Work-Recog_0] Run work: WorkCapture
I1014 10:48:33.403348  4285 work_thread.hpp:81]  [T-Work-Recog_0] Run work: WorkRecog
I1014 10:48:33.403371  4285 work_recog.hpp:89] Face id: 0 will run recog: bbox [141 x 193 from (251, 110)] quality: 0.4705
I1014 10:48:33.403399  4285 work_recog.hpp:96] Recog pair: [208 x 272 from (216, 72)], [141 x 193 from (35, 38)]
I1014 10:48:33.406863  4287 thread_intergrate.hpp:95] T-Intergrate-intergrate Try push queue sorting again 5 vs 5
I1014 10:48:33.416970  4287 thread_intergrate.hpp:95] T-Intergrate-intergrate Try push queue sorting again 5 vs 5
I1014 10:48:33.420709  4285 work_thread.hpp:81]  [T-Work-Recog_0] Run work: WorkCompare
I1014 10:48:33.420778  4285 work_compare.cpp:76] Compare face: 0 successed, similarity :0.985597, name : images/thanglmb.jpg, normal size : 640 * 360!
I1014 10:48:33.427057  4287 thread_intergrate.hpp:95] T-Intergrate-intergrate Try push queue sorting again 5 vs 5
I1014 10:48:33.437140  4287 thread_intergrate.hpp:95] T-Intergrate-intergrate Try push queue sorting again 5 vs 5
I1014 10:48:33.447242  4287 thread_intergrate.hpp:95] T-Intergrate-intergrate Try push queue sorting again 5 vs 5
I1014 10:48:33.449529  4281 demo_inner.hpp:177] decode queue size 0
I1014 10:48:33.449707  4284 work_thread.hpp:81]  [T-Work-Detect_0] Run work: WorkDetect
I1014 10:48:33.449743  4284 work_detect.cpp:102] Succeeded to add det start for frame 186
I1014 10:48:33.456388  4284 work_detect.cpp:70] Frame :186 detect result :1 face(s)
I1014 10:48:33.456423  4284 work_detect.cpp:86] Detected bbox: [145 x 198 from (249, 109)]
I1014 10:48:33.456463  4284 work_detect.cpp:120] Succeeded to add det end for frame 186
I1014 10:48:33.456480  4284 work_thread.hpp:81]  [T-Work-Detect_0] Run work: WrokTrack
I1014 10:48:33.456502  4284 work_track.cpp:82] Frame: 186 build input_characts: [0.226562 x 0.55 from (0.389062, 0.302778)], 1.00019, 0
I1014 10:48:33.456557  4284 work_track.cpp:102] Succeeded to set track lock for frame 186
I1014 10:48:33.456596  4284 work_track.cpp:116] Succeeded to release track lock for frame 186
I1014 10:48:33.456611  4284 work_track.cpp:120] Track results of frame 186: 1 objects input, 1 objects tracked!
I1014 10:48:33.456629  4284 work_track.cpp:148] Frame: 186, track bbox: [145 x 198 from (249.266, 106.817)], gid: 0, lid: 0
I1014 10:48:33.456665  4284 work_thread.hpp:88]  [T-Work-Detect_0] Frame :186 split
I1014 10:48:33.456682  4284 work_thread.hpp:120]  [T-Work-Detect_0] Valid piece: gid = 0
I1014 10:48:33.456701  4284 work_thread.hpp:92]  [T-Work-Detect_0] Push to split queue:recog
I1014 10:48:33.456735  4285 work_thread.hpp:81]  [T-Work-Recog_0] Run work: WorkCapture
I1014 10:48:33.457262  4285 work_thread.hpp:81]  [T-Work-Recog_0] Run work: WorkRecog
I1014 10:48:33.457285  4285 work_recog.hpp:89] Face id: 0 will run recog: bbox [145 x 198 from (249, 109)] quality: 0.467739
I1014 10:48:33.457361  4287 thread_intergrate.hpp:95] T-Intergrate-intergrate Try push queue sorting again 5 vs 5
I1014 10:48:33.457391  4285 work_recog.hpp:96] Recog pair: [208 x 288 from (216, 64)], [145 x 198 from (33, 45)]
I1014 10:48:33.467454  4287 thread_intergrate.hpp:95] T-Intergrate-intergrate Try push queue sorting again 5 vs 5
I1014 10:48:33.474633  4285 work_thread.hpp:81]  [T-Work-Recog_0] Run work: WorkCompare
I1014 10:48:33.474701  4285 work_compare.cpp:76] Compare face: 0 successed, similarity :0.98014, name : images/thanglmb.jpg, normal size : 640 * 360!
I1014 10:48:33.477545  4287 thread_intergrate.hpp:95] T-Intergrate-intergrate Try push queue sorting again 5 vs 5
I1014 10:48:33.487634  4287 thread_intergrate.hpp:95] T-Intergrate-intergrate Try push queue sorting again 5 vs 5
I1014 10:48:33.497485  4281 demo_inner.hpp:177] decode queue size 0
I1014 10:48:33.497706  4284 work_thread.hpp:81]  [T-Work-Detect_0] Run work: WorkDetect
I1014 10:48:33.497745  4284 work_detect.cpp:102] Succeeded to add det start for frame 187
I1014 10:48:33.497738  4287 thread_intergrate.hpp:95] T-Intergrate-intergrate Try push queue sorting again 5 vs 5
I1014 10:48:33.501152  4287 thread_intergrate.hpp:78] [T-Intergrate-intergrate] queue: frame output frame :185
I1014 10:48:33.501194  4287 thread_intergrate.hpp:85] [T-Intergrate-intergrate] queue: compare output face:0
I1014 10:48:33.501214  4287 thread_intergrate.hpp:136] T-Intergrate-intergrate set matched face: 0
I1014 10:48:33.501448  4283 demo_inner.hpp:435] thread [SORT-0]  frame id 179 sorting queue size 10   FPS: 17.2232
I1014 10:48:33.501511  4282 demo_inner.hpp:260]  gui queue size 10, state = running
I1014 10:48:33.501806  4283 demo_inner.hpp:435] thread [SORT-0]  frame id 180 sorting queue size 10   FPS: 17.5188
I1014 10:48:33.502204  4283 demo_inner.hpp:435] thread [SORT-0]  frame id 181 sorting queue size 10   FPS: 17.8637
I1014 10:48:33.502424  4287 thread_intergrate.hpp:156] T-Intergrate-intergrate Show face :0, size :640 * 360
I1014 10:48:33.502552  4283 demo_inner.hpp:435] thread [SORT-0]  frame id 182 sorting queue size 10   FPS: 18.1751
I1014 10:48:33.502599  4287 thread_intergrate.hpp:78] [T-Intergrate-intergrate] queue: frame output frame :186
I1014 10:48:33.502624  4287 thread_intergrate.hpp:85] [T-Intergrate-intergrate] queue: compare output face:0
I1014 10:48:33.502641  4287 thread_intergrate.hpp:136] T-Intergrate-intergrate set matched face: 0
I1014 10:48:33.502928  4283 demo_inner.hpp:435] thread [SORT-0]  frame id 183 sorting queue size 10   FPS: 18.5045
I1014 10:48:33.503334  4283 demo_inner.hpp:435] thread [SORT-0]  frame id 184 sorting queue size 10   FPS: 18.8825
I1014 10:48:33.503722  4283 demo_inner.hpp:435] thread [SORT-0]  frame id 185 sorting queue size 10   FPS: 19.2383
I1014 10:48:33.503777  4287 thread_intergrate.hpp:156] T-Intergrate-intergrate Show face :0, size :640 * 360
I1014 10:48:33.504271  4283 demo_inner.hpp:435] thread [SORT-0]  frame id 186 sorting queue size 0   FPS: 19.6078
I1014 10:48:33.504580  4284 work_detect.cpp:70] Frame :187 detect result :1 face(s)
I1014 10:48:33.504602  4284 work_detect.cpp:86] Detected bbox: [141 x 188 from (252, 115)]
I1014 10:48:33.504642  4284 work_detect.cpp:120] Succeeded to add det end for frame 187
I1014 10:48:33.504659  4284 work_thread.hpp:81]  [T-Work-Detect_0] Run work: WrokTrack
I1014 10:48:33.504680  4284 work_track.cpp:82] Frame: 187 build input_characts: [0.220313 x 0.522222 from (0.39375, 0.319444)], 1.00019, 0
I1014 10:48:33.504722  4284 work_track.cpp:102] Succeeded to set track lock for frame 187
I1014 10:48:33.504763  4284 work_track.cpp:116] Succeeded to release track lock for frame 187
I1014 10:48:33.504777  4284 work_track.cpp:120] Track results of frame 187: 1 objects input, 1 objects tracked!
I1014 10:48:33.504796  4284 work_track.cpp:148] Frame: 187, track bbox: [141 x 188 from (252.314, 111.086)], gid: 0, lid: 0
I1014 10:48:33.504830  4284 work_thread.hpp:88]  [T-Work-Detect_0] Frame :187 split
I1014 10:48:33.504925  4284 work_thread.hpp:120]  [T-Work-Detect_0] Valid piece: gid = 0
I1014 10:48:33.504945  4284 work_thread.hpp:92]  [T-Work-Detect_0] Push to split queue:recog
I1014 10:48:33.504992  4287 thread_intergrate.hpp:78] [T-Intergrate-intergrate] queue: frame output frame :187
I1014 10:48:33.505007  4285 work_thread.hpp:81]  [T-Work-Recog_0] Run work: WorkCapture
I1014 10:48:33.505015  4287 thread_intergrate.hpp:85] [T-Intergrate-intergrate] queue: compare output face:0
I1014 10:48:33.505033  4287 thread_intergrate.hpp:136] T-Intergrate-intergrate set matched face: 0
I1014 10:48:33.505556  4285 work_thread.hpp:81]  [T-Work-Recog_0] Run work: WorkRecog
I1014 10:48:33.505579  4285 work_recog.hpp:89] Face id: 0 will run recog: bbox [141 x 188 from (252, 115)] quality: 0.4705
I1014 10:48:33.505606  4285 work_recog.hpp:96] Recog pair: [200 x 272 from (224, 72)], [141 x 188 from (28, 43)]
I1014 10:48:33.505822  4282 demo_inner.hpp:260]  gui queue size 0, state = running
I1014 10:48:33.506201  4287 thread_intergrate.hpp:156] T-Intergrate-intergrate Show face :0, size :640 * 360
I1014 10:48:33.506726  4283 demo_inner.hpp:435] thread [SORT-0]  frame id 187 sorting queue size 0   FPS: 20.0163
I1014 10:48:33.513639  4282 demo_inner.hpp:260]  gui queue size 0, state = running
I1014 10:48:33.523520  4285 work_thread.hpp:81]  [T-Work-Recog_0] Run work: WorkCompare
I1014 10:48:33.523633  4285 work_compare.cpp:76] Compare face: 0 successed, similarity :0.98228, name : images/thanglmb.jpg, normal size : 640 * 360!
I1014 10:48:33.545213  4281 demo_inner.hpp:177] decode queue size 0
I1014 10:48:33.545337  4284 work_thread.hpp:81]  [T-Work-Detect_0] Run work: WorkDetect
I1014 10:48:33.545375  4284 work_detect.cpp:102] Succeeded to add det start for frame 188
I1014 10:48:33.551935  4284 work_detect.cpp:70] Frame :188 detect result :1 face(s)
I1014 10:48:33.551971  4284 work_detect.cpp:86] Detected bbox: [144 x 199 from (250, 108)]
I1014 10:48:33.552011  4284 work_detect.cpp:120] Succeeded to add det end for frame 188
I1014 10:48:33.552027  4284 work_thread.hpp:81]  [T-Work-Detect_0] Run work: WrokTrack
I1014 10:48:33.552052  4284 work_track.cpp:82] Frame: 188 build input_characts: [0.225 x 0.552778 from (0.390625, 0.3)], 1.00019, 0
I1014 10:48:33.552109  4284 work_track.cpp:102] Succeeded to set track lock for frame 188
I1014 10:48:33.552148  4284 work_track.cpp:116] Succeeded to release track lock for frame 188
I1014 10:48:33.552186  4284 work_track.cpp:120] Track results of frame 188: 1 objects input, 1 objects tracked!
I1014 10:48:33.552206  4284 work_track.cpp:148] Frame: 188, track bbox: [144 x 199 from (250.034, 108.354)], gid: 0, lid: 0
I1014 10:48:33.552242  4284 work_thread.hpp:88]  [T-Work-Detect_0] Frame :188 split
I1014 10:48:33.552260  4284 work_thread.hpp:120]  [T-Work-Detect_0] Valid piece: gid = 0
I1014 10:48:33.552278  4284 work_thread.hpp:92]  [T-Work-Detect_0] Push to split queue:recog
I1014 10:48:33.552320  4285 work_thread.hpp:81]  [T-Work-Recog_0] Run work: WorkCapture
I1014 10:48:33.552322  4287 thread_intergrate.hpp:78] [T-Intergrate-intergrate] queue: frame output frame :188
I1014 10:48:33.552361  4287 thread_intergrate.hpp:85] [T-Intergrate-intergrate] queue: compare output face:0
I1014 10:48:33.552381  4287 thread_intergrate.hpp:136] T-Intergrate-intergrate set matched face: 0
I1014 10:48:33.552870  4285 work_thread.hpp:81]  [T-Work-Recog_0] Run work: WorkRecog
I1014 10:48:33.552893  4285 work_recog.hpp:89] Face id: 0 will run recog: bbox [144 x 199 from (250, 108)] quality: 0.479997
I1014 10:48:33.552922  4285 work_recog.hpp:96] Recog pair: [208 x 288 from (216, 64)], [144 x 199 from (34, 44)]
I1014 10:48:33.553536  4287 thread_intergrate.hpp:156] T-Intergrate-intergrate Show face :0, size :640 * 360
I1014 10:48:33.554041  4283 demo_inner.hpp:435] thread [SORT-0]  frame id 188 sorting queue size 0   FPS: 20.0245
I1014 10:48:33.556613  4282 demo_inner.hpp:260]  gui queue size 0, state = running
I1014 10:48:33.571321  4285 work_thread.hpp:81]  [T-Work-Recog_0] Run work: WorkCompare
I1014 10:48:33.571434  4285 work_compare.cpp:76] Compare face: 0 successed, similarity :0.968032, name : images/thanglmb.jpg, normal size : 640 * 360!
I1014 10:48:33.599474  4281 demo_inner.hpp:177] decode queue size 0
I1014 10:48:33.599764  4284 work_thread.hpp:81]  [T-Work-Detect_0] Run work: WorkDetect
I1014 10:48:33.599802  4284 work_detect.cpp:102] Succeeded to add det start for frame 189
I1014 10:48:33.606446  4284 work_detect.cpp:70] Frame :189 detect result :1 face(s)
I1014 10:48:33.606480  4284 work_detect.cpp:86] Detected bbox: [143 x 196 from (251, 110)]
I1014 10:48:33.606523  4284 work_detect.cpp:120] Succeeded to add det end for frame 189
I1014 10:48:33.606537  4284 work_thread.hpp:81]  [T-Work-Detect_0] Run work: WrokTrack
I1014 10:48:33.606561  4284 work_track.cpp:82] Frame: 189 build input_characts: [0.223438 x 0.544444 from (0.392188, 0.305556)], 0.998742, 0
I1014 10:48:33.606617  4284 work_track.cpp:102] Succeeded to set track lock for frame 189
I1014 10:48:33.606657  4284 work_track.cpp:116] Succeeded to release track lock for frame 189
I1014 10:48:33.606671  4284 work_track.cpp:120] Track results of frame 189: 1 objects input, 1 objects tracked!
I1014 10:48:33.606689  4284 work_track.cpp:148] Frame: 189, track bbox: [143 x 196 from (250.865, 110.696)], gid: 0, lid: 0
I1014 10:48:33.606726  4284 work_thread.hpp:88]  [T-Work-Detect_0] Frame :189 split
I1014 10:48:33.606743  4284 work_thread.hpp:120]  [T-Work-Detect_0] Valid piece: gid = 0
I1014 10:48:33.606761  4284 work_thread.hpp:92]  [T-Work-Detect_0] Push to split queue:recog
I1014 10:48:33.606807  4285 work_thread.hpp:81]  [T-Work-Recog_0] Run work: WorkCapture
I1014 10:48:33.607092  4287 thread_intergrate.hpp:78] [T-Intergrate-intergrate] queue: frame output frame :189
I1014 10:48:33.607118  4287 thread_intergrate.hpp:85] [T-Intergrate-intergrate] queue: compare output face:0
I1014 10:48:33.607136  4287 thread_intergrate.hpp:136] T-Intergrate-intergrate set matched face: 0
I1014 10:48:33.607336  4285 work_thread.hpp:81]  [T-Work-Recog_0] Run work: WorkRecog
I1014 10:48:33.607360  4285 work_recog.hpp:89] Face id: 0 will run recog: bbox [143 x 196 from (251, 110)] quality: 0.473113
I1014 10:48:33.607388  4285 work_recog.hpp:96] Recog pair: [208 x 288 from (216, 64)], [143 x 196 from (35, 46)]
I1014 10:48:33.608320  4287 thread_intergrate.hpp:156] T-Intergrate-intergrate Show face :0, size :640 * 360
I1014 10:48:33.608889  4283 demo_inner.hpp:435] thread [SORT-0]  frame id 189 sorting queue size 0   FPS: 19.9674
I1014 10:48:33.608966  4282 demo_inner.hpp:260]  gui queue size 0, state = running
I1014 10:48:33.625020  4285 work_thread.hpp:81]  [T-Work-Recog_0] Run work: WorkCompare
I1014 10:48:33.625134  4285 work_compare.cpp:76] Compare face: 0 successed, similarity :0.985431, name : images/thanglmb.jpg, normal size : 640 * 360!
I1014 10:48:33.645957  4281 demo_inner.hpp:177] decode queue size 0
I1014 10:48:33.646081  4284 work_thread.hpp:81]  [T-Work-Detect_0] Run work: WorkDetect
I1014 10:48:33.646116  4284 work_detect.cpp:102] Succeeded to add det start for frame 190
I1014 10:48:33.652710  4284 work_detect.cpp:70] Frame :190 detect result :1 face(s)
I1014 10:48:33.652750  4284 work_detect.cpp:86] Detected bbox: [143 x 198 from (251, 109)]
I1014 10:48:33.652791  4284 work_detect.cpp:120] Succeeded to add det end for frame 190
I1014 10:48:33.652807  4284 work_thread.hpp:81]  [T-Work-Detect_0] Run work: WrokTrack
I1014 10:48:33.652830  4284 work_track.cpp:82] Frame: 190 build input_characts: [0.223438 x 0.55 from (0.392188, 0.302778)], 1.00019, 0
I1014 10:48:33.652887  4284 work_track.cpp:102] Succeeded to set track lock for frame 190
I1014 10:48:33.652928  4284 work_track.cpp:116] Succeeded to release track lock for frame 190
I1014 10:48:33.652943  4284 work_track.cpp:120] Track results of frame 190: 1 objects input, 1 objects tracked!
I1014 10:48:33.652961  4284 work_track.cpp:148] Frame: 190, track bbox: [143 x 198 from (251.124, 109.281)], gid: 0, lid: 0
I1014 10:48:33.652997  4284 work_thread.hpp:88]  [T-Work-Detect_0] Frame :190 split
I1014 10:48:33.653014  4284 work_thread.hpp:120]  [T-Work-Detect_0] Valid piece: gid = 0
I1014 10:48:33.653106  4284 work_thread.hpp:92]  [T-Work-Detect_0] Push to split queue:recog
I1014 10:48:33.653162  4286 work_thread.hpp:81]  [T-Work-Recog_1] Run work: WorkCapture
I1014 10:48:33.653462  4287 thread_intergrate.hpp:78] [T-Intergrate-intergrate] queue: frame output frame :190
I1014 10:48:33.653489  4287 thread_intergrate.hpp:85] [T-Intergrate-intergrate] queue: compare output face:0
I1014 10:48:33.653508  4287 thread_intergrate.hpp:136] T-Intergrate-intergrate set matched face: 0
I1014 10:48:33.653710  4286 work_thread.hpp:81]  [T-Work-Recog_1] Run work: WorkRecog
I1014 10:48:33.653733  4286 work_recog.hpp:89] Face id: 0 will run recog: bbox [143 x 198 from (251, 109)] quality: 0.444516
I1014 10:48:33.653764  4286 work_recog.hpp:96] Recog pair: [208 x 288 from (216, 64)], [143 x 198 from (35, 45)]
I1014 10:48:33.654688  4287 thread_intergrate.hpp:156] T-Intergrate-intergrate Show face :0, size :640 * 360
I1014 10:48:33.655244  4283 demo_inner.hpp:435] thread [SORT-0]  frame id 190 sorting queue size 0   FPS: 20.0245
I1014 10:48:33.655323  4282 demo_inner.hpp:260]  gui queue size 0, state = running
I1014 10:48:33.671332  4286 work_thread.hpp:81]  [T-Work-Recog_1] Run work: WorkCompare
I1014 10:48:33.671447  4286 work_compare.cpp:76] Compare face: 0 successed, similarity :0.974395, name : images/thanglmb.jpg, normal size : 640 * 360!
I1014 10:48:33.693495  4281 demo_inner.hpp:177] decode queue size 0
I1014 10:48:33.693604  4284 work_thread.hpp:81]  [T-Work-Detect_0] Run work: WorkDetect
I1014 10:48:33.693644  4284 work_detect.cpp:102] Succeeded to add det start for frame 191
I1014 10:48:33.700345  4284 work_detect.cpp:70] Frame :191 detect result :1 face(s)
I1014 10:48:33.700387  4284 work_detect.cpp:86] Detected bbox: [142 x 193 from (252, 110)]
I1014 10:48:33.700429  4284 work_detect.cpp:120] Succeeded to add det end for frame 191
I1014 10:48:33.700446  4284 work_thread.hpp:81]  [T-Work-Detect_0] Run work: WrokTrack
I1014 10:48:33.700470  4284 work_track.cpp:82] Frame: 191 build input_characts: [0.221875 x 0.536111 from (0.39375, 0.305556)], 0.999622, 0
I1014 10:48:33.700525  4284 work_track.cpp:102] Succeeded to set track lock for frame 191
I1014 10:48:33.700565  4284 work_track.cpp:116] Succeeded to release track lock for frame 191
I1014 10:48:33.700580  4284 work_track.cpp:120] Track results of frame 191: 1 objects input, 1 objects tracked!
I1014 10:48:33.700598  4284 work_track.cpp:148] Frame: 191, track bbox: [142 x 193 from (251.917, 110.634)], gid: 0, lid: 0
I1014 10:48:33.700634  4284 work_thread.hpp:88]  [T-Work-Detect_0] Frame :191 split
I1014 10:48:33.700651  4284 work_thread.hpp:120]  [T-Work-Detect_0] Valid piece: gid = 0
I1014 10:48:33.700670  4284 work_thread.hpp:92]  [T-Work-Detect_0] Push to split queue:recog
I1014 10:48:33.700718  4286 work_thread.hpp:81]  [T-Work-Recog_1] Run work: WorkCapture
I1014 10:48:33.701021  4287 thread_intergrate.hpp:78] [T-Intergrate-intergrate] queue: frame output frame :191
I1014 10:48:33.701047  4287 thread_intergrate.hpp:85] [T-Intergrate-intergrate] queue: compare output face:0
I1014 10:48:33.701066  4287 thread_intergrate.hpp:136] T-Intergrate-intergrate set matched face: 0
I1014 10:48:33.701262  4286 work_thread.hpp:81]  [T-Work-Recog_1] Run work: WorkRecog
I1014 10:48:33.701284  4286 work_recog.hpp:89] Face id: 0 will run recog: bbox [142 x 193 from (252, 110)] quality: 0.474889
I1014 10:48:33.701311  4286 work_recog.hpp:96] Recog pair: [200 x 272 from (224, 72)], [142 x 193 from (28, 38)]
I1014 10:48:33.704355  4287 thread_intergrate.hpp:156] T-Intergrate-intergrate Show face :0, size :640 * 360
I1014 10:48:33.704932  4283 demo_inner.hpp:435] thread [SORT-0]  frame id 191 sorting queue size 0   FPS: 20.0163
I1014 10:48:33.705013  4282 demo_inner.hpp:260]  gui queue size 0, state = running
I1014 10:48:33.718828  4286 work_thread.hpp:81]  [T-Work-Recog_1] Run work: WorkCompare
I1014 10:48:33.718938  4286 work_compare.cpp:76] Compare face: 0 successed, similarity :0.980891, name : images/thanglmb.jpg, normal size : 640 * 360!
I1014 10:48:33.747345  4281 demo_inner.hpp:177] decode queue size 0
I1014 10:48:33.747453  4284 work_thread.hpp:81]  [T-Work-Detect_0] Run work: WorkDetect
I1014 10:48:33.747491  4284 work_detect.cpp:102] Succeeded to add det start for frame 192
I1014 10:48:33.754153  4284 work_detect.cpp:70] Frame :192 detect result :1 face(s)
I1014 10:48:33.754194  4284 work_detect.cpp:86] Detected bbox: [142 x 194 from (252, 111)]
I1014 10:48:33.754236  4284 work_detect.cpp:120] Succeeded to add det end for frame 192
I1014 10:48:33.754252  4284 work_thread.hpp:81]  [T-Work-Detect_0] Run work: WrokTrack
I1014 10:48:33.754276  4284 work_track.cpp:82] Frame: 192 build input_characts: [0.221875 x 0.538889 from (0.39375, 0.308333)], 1.00019, 0
I1014 10:48:33.754333  4284 work_track.cpp:102] Succeeded to set track lock for frame 192
I1014 10:48:33.754372  4284 work_track.cpp:116] Succeeded to release track lock for frame 192
I1014 10:48:33.754387  4284 work_track.cpp:120] Track results of frame 192: 1 objects input, 1 objects tracked!
I1014 10:48:33.754405  4284 work_track.cpp:148] Frame: 192, track bbox: [142 x 194 from (251.981, 110.276)], gid: 0, lid: 0
I1014 10:48:33.754441  4284 work_thread.hpp:88]  [T-Work-Detect_0] Frame :192 split
I1014 10:48:33.754458  4284 work_thread.hpp:120]  [T-Work-Detect_0] Valid piece: gid = 0
I1014 10:48:33.754477  4284 work_thread.hpp:92]  [T-Work-Detect_0] Push to split queue:recog
I1014 10:48:33.754528  4285 work_thread.hpp:81]  [T-Work-Recog_0] Run work: WorkCapture
I1014 10:48:33.754834  4287 thread_intergrate.hpp:78] [T-Intergrate-intergrate] queue: frame output frame :192
I1014 10:48:33.754860  4287 thread_intergrate.hpp:85] [T-Intergrate-intergrate] queue: compare output face:0
I1014 10:48:33.754878  4287 thread_intergrate.hpp:136] T-Intergrate-intergrate set matched face: 0
I1014 10:48:33.756052  4287 thread_intergrate.hpp:156] T-Intergrate-intergrate Show face :0, size :640 * 360
I1014 10:48:33.756291  4285 work_thread.hpp:81]  [T-Work-Recog_0] Run work: WorkRecog
I1014 10:48:33.756315  4285 work_recog.hpp:89] Face id: 0 will run recog: bbox [142 x 194 from (252, 111)] quality: 0.471766
I1014 10:48:33.756345  4285 work_recog.hpp:96] Recog pair: [200 x 272 from (224, 72)], [142 x 194 from (28, 39)]
I1014 10:48:33.756652  4283 demo_inner.hpp:435] thread [SORT-0]  frame id 192 sorting queue size 0   FPS: 19.9918
I1014 10:48:33.756719  4282 demo_inner.hpp:260]  gui queue size 0, state = running
I1014 10:48:33.774147  4285 work_thread.hpp:81]  [T-Work-Recog_0] Run work: WorkCompare
I1014 10:48:33.774255  4285 work_compare.cpp:76] Compare face: 0 successed, similarity :0.988147, name : images/thanglmb.jpg, normal size : 640 * 360!
I1014 10:48:33.795441  4281 demo_inner.hpp:177] decode queue size 0
I1014 10:48:33.795548  4284 work_thread.hpp:81]  [T-Work-Detect_0] Run work: WorkDetect
I1014 10:48:33.795585  4284 work_detect.cpp:102] Succeeded to add det start for frame 193
I1014 10:48:33.802237  4284 work_detect.cpp:70] Frame :193 detect result :1 face(s)
I1014 10:48:33.802281  4284 work_detect.cpp:86] Detected bbox: [144 x 196 from (250, 110)]
I1014 10:48:33.802323  4284 work_detect.cpp:120] Succeeded to add det end for frame 193
I1014 10:48:33.802340  4284 work_thread.hpp:81]  [T-Work-Detect_0] Run work: WrokTrack
I1014 10:48:33.802366  4284 work_track.cpp:82] Frame: 193 build input_characts: [0.225 x 0.544444 from (0.390625, 0.305556)], 1.00019, 0
I1014 10:48:33.802422  4284 work_track.cpp:102] Succeeded to set track lock for frame 193
I1014 10:48:33.802461  4284 work_track.cpp:116] Succeeded to release track lock for frame 193
I1014 10:48:33.802475  4284 work_track.cpp:120] Track results of frame 193: 1 objects input, 1 objects tracked!
I1014 10:48:33.802493  4284 work_track.cpp:148] Frame: 193, track bbox: [144 x 196 from (250.666, 109.76)], gid: 0, lid: 0
I1014 10:48:33.802531  4284 work_thread.hpp:88]  [T-Work-Detect_0] Frame :193 split
I1014 10:48:33.802548  4284 work_thread.hpp:120]  [T-Work-Detect_0] Valid piece: gid = 0
I1014 10:48:33.802565  4284 work_thread.hpp:92]  [T-Work-Detect_0] Push to split queue:recog
I1014 10:48:33.802687  4285 work_thread.hpp:81]  [T-Work-Recog_0] Run work: WorkCapture
I1014 10:48:33.802991  4287 thread_intergrate.hpp:78] [T-Intergrate-intergrate] queue: frame output frame :193
I1014 10:48:33.803017  4287 thread_intergrate.hpp:85] [T-Intergrate-intergrate] queue: compare output face:0
I1014 10:48:33.803035  4287 thread_intergrate.hpp:136] T-Intergrate-intergrate set matched face: 0
I1014 10:48:33.804234  4287 thread_intergrate.hpp:156] T-Intergrate-intergrate Show face :0, size :640 * 360
I1014 10:48:33.804453  4285 work_thread.hpp:81]  [T-Work-Recog_0] Run work: WorkRecog
I1014 10:48:33.804477  4285 work_recog.hpp:89] Face id: 0 will run recog: bbox [144 x 196 from (250, 110)] quality: 0.472738
I1014 10:48:33.804507  4285 work_recog.hpp:96] Recog pair: [208 x 288 from (216, 64)], [144 x 196 from (34, 46)]
I1014 10:48:33.804756  4283 demo_inner.hpp:435] thread [SORT-0]  frame id 193 sorting queue size 0   FPS: 20.0327
I1014 10:48:33.804823  4282 demo_inner.hpp:260]  gui queue size 0, state = running
I1014 10:48:33.822544  4285 work_thread.hpp:81]  [T-Work-Recog_0] Run work: WorkCompare
I1014 10:48:33.822651  4285 work_compare.cpp:76] Compare face: 0 successed, similarity :0.983355, name : images/thanglmb.jpg, normal size : 640 * 360!
I1014 10:48:33.843468  4281 demo_inner.hpp:177] decode queue size 0
I1014 10:48:33.843571  4284 work_thread.hpp:81]  [T-Work-Detect_0] Run work: WorkDetect
I1014 10:48:33.843608  4284 work_detect.cpp:102] Succeeded to add det start for frame 194
I1014 10:48:33.850219  4284 work_detect.cpp:70] Frame :194 detect result :1 face(s)
I1014 10:48:33.850266  4284 work_detect.cpp:86] Detected bbox: [142 x 193 from (252, 110)]
I1014 10:48:33.850309  4284 work_detect.cpp:120] Succeeded to add det end for frame 194
I1014 10:48:33.850325  4284 work_thread.hpp:81]  [T-Work-Detect_0] Run work: WrokTrack
I1014 10:48:33.850350  4284 work_track.cpp:82] Frame: 194 build input_characts: [0.221875 x 0.536111 from (0.39375, 0.305556)], 1.00019, 0
I1014 10:48:33.850405  4284 work_track.cpp:102] Succeeded to set track lock for frame 194
I1014 10:48:33.850445  4284 work_track.cpp:116] Succeeded to release track lock for frame 194
I1014 10:48:33.850458  4284 work_track.cpp:120] Track results of frame 194: 1 objects input, 1 objects tracked!
I1014 10:48:33.850477  4284 work_track.cpp:148] Frame: 194, track bbox: [142 x 193 from (251.73, 110.577)], gid: 0, lid: 0
I1014 10:48:33.850513  4284 work_thread.hpp:88]  [T-Work-Detect_0] Frame :194 split
I1014 10:48:33.850531  4284 work_thread.hpp:120]  [T-Work-Detect_0] Valid piece: gid = 0
I1014 10:48:33.850549  4284 work_thread.hpp:92]  [T-Work-Detect_0] Push to split queue:recog
I1014 10:48:33.850603  4286 work_thread.hpp:81]  [T-Work-Recog_1] Run work: WorkCapture
I1014 10:48:33.850914  4287 thread_intergrate.hpp:78] [T-Intergrate-intergrate] queue: frame output frame :194
I1014 10:48:33.850941  4287 thread_intergrate.hpp:85] [T-Intergrate-intergrate] queue: compare output face:0
I1014 10:48:33.850960  4287 thread_intergrate.hpp:136] T-Intergrate-intergrate set matched face: 0
I1014 10:48:33.851151  4286 work_thread.hpp:81]  [T-Work-Recog_1] Run work: WorkRecog
I1014 10:48:33.851174  4286 work_recog.hpp:89] Face id: 0 will run recog: bbox [142 x 193 from (252, 110)] quality: 0.471766
I1014 10:48:33.851202  4286 work_recog.hpp:96] Recog pair: [200 x 272 from (224, 72)], [142 x 193 from (28, 38)]
I1014 10:48:33.852569  4287 thread_intergrate.hpp:156] T-Intergrate-intergrate Show face :0, size :640 * 360
I1014 10:48:33.853266  4283 demo_inner.hpp:435] thread [SORT-0]  frame id 194 sorting queue size 0   FPS: 20.0327
I1014 10:48:33.853335  4282 demo_inner.hpp:260]  gui queue size 0, state = running
I1014 10:48:33.868713  4286 work_thread.hpp:81]  [T-Work-Recog_1] Run work: WorkCompare
I1014 10:48:33.868824  4286 work_compare.cpp:76] Compare face: 0 successed, similarity :0.967401, name : images/thanglmb.jpg, normal size : 640 * 360!
I1014 10:48:33.897389  4281 demo_inner.hpp:177] decode queue size 0
I1014 10:48:33.897578  4284 work_thread.hpp:81]  [T-Work-Detect_0] Run work: WorkDetect
I1014 10:48:33.897617  4284 work_detect.cpp:102] Succeeded to add det start for frame 195
I1014 10:48:33.904296  4284 work_detect.cpp:70] Frame :195 detect result :1 face(s)
I1014 10:48:33.904342  4284 work_detect.cpp:86] Detected bbox: [140 x 190 from (253, 112)]
I1014 10:48:33.904384  4284 work_detect.cpp:120] Succeeded to add det end for frame 195
I1014 10:48:33.904402  4284 work_thread.hpp:81]  [T-Work-Detect_0] Run work: WrokTrack
I1014 10:48:33.904426  4284 work_track.cpp:82] Frame: 195 build input_characts: [0.21875 x 0.527778 from (0.395312, 0.311111)], 1.00019, 0
I1014 10:48:33.904482  4284 work_track.cpp:102] Succeeded to set track lock for frame 195
I1014 10:48:33.904522  4284 work_track.cpp:116] Succeeded to release track lock for frame 195
I1014 10:48:33.904536  4284 work_track.cpp:120] Track results of frame 195: 1 objects input, 1 objects tracked!
I1014 10:48:33.904553  4284 work_track.cpp:148] Frame: 195, track bbox: [140 x 190 from (252.879, 111.993)], gid: 0, lid: 0
I1014 10:48:33.904589  4284 work_thread.hpp:88]  [T-Work-Detect_0] Frame :195 split
I1014 10:48:33.904606  4284 work_thread.hpp:120]  [T-Work-Detect_0] Valid piece: gid = 0
I1014 10:48:33.904624  4284 work_thread.hpp:92]  [T-Work-Detect_0] Push to split queue:recog
I1014 10:48:33.904670  4286 work_thread.hpp:81]  [T-Work-Recog_1] Run work: WorkCapture
I1014 10:48:33.904975  4287 thread_intergrate.hpp:78] [T-Intergrate-intergrate] queue: frame output frame :195
I1014 10:48:33.905010  4287 thread_intergrate.hpp:85] [T-Intergrate-intergrate] queue: compare output face:0
I1014 10:48:33.905030  4287 thread_intergrate.hpp:136] T-Intergrate-intergrate set matched face: 0
I1014 10:48:33.905215  4286 work_thread.hpp:81]  [T-Work-Recog_1] Run work: WorkRecog
I1014 10:48:33.905237  4286 work_recog.hpp:89] Face id: 0 will run recog: bbox [140 x 190 from (253, 112)] quality: 0.474429
I1014 10:48:33.905267  4286 work_recog.hpp:96] Recog pair: [200 x 272 from (224, 72)], [140 x 190 from (29, 40)]
I1014 10:48:33.906561  4287 thread_intergrate.hpp:156] T-Intergrate-intergrate Show face :0, size :640 * 360
I1014 10:48:33.907269  4283 demo_inner.hpp:435] thread [SORT-0]  frame id 195 sorting queue size 0   FPS: 19.9837
I1014 10:48:33.907341  4282 demo_inner.hpp:260]  gui queue size 0, state = running
I1014 10:48:33.922809  4286 work_thread.hpp:81]  [T-Work-Recog_1] Run work: WorkCompare
I1014 10:48:33.922919  4286 work_compare.cpp:76] Compare face: 0 successed, similarity :0.982362, name : images/thanglmb.jpg, normal size : 640 * 360!
I1014 10:48:33.945454  4281 demo_inner.hpp:177] decode queue size 0
I1014 10:48:33.945559  4284 work_thread.hpp:81]  [T-Work-Detect_0] Run work: WorkDetect
I1014 10:48:33.945595  4284 work_detect.cpp:102] Succeeded to add det start for frame 196
I1014 10:48:33.952133  4284 work_detect.cpp:70] Frame :196 detect result :1 face(s)
I1014 10:48:33.952188  4284 work_detect.cpp:86] Detected bbox: [139 x 193 from (253, 110)]
I1014 10:48:33.952231  4284 work_detect.cpp:120] Succeeded to add det end for frame 196
I1014 10:48:33.952248  4284 work_thread.hpp:81]  [T-Work-Detect_0] Run work: WrokTrack
I1014 10:48:33.952273  4284 work_track.cpp:82] Frame: 196 build input_characts: [0.217187 x 0.536111 from (0.395312, 0.305556)], 1.00019, 0
I1014 10:48:33.952330  4284 work_track.cpp:102] Succeeded to set track lock for frame 196
I1014 10:48:33.952370  4284 work_track.cpp:116] Succeeded to release track lock for frame 196
I1014 10:48:33.952385  4284 work_track.cpp:120] Track results of frame 196: 1 objects input, 1 objects tracked!
I1014 10:48:33.952402  4284 work_track.cpp:148] Frame: 196, track bbox: [139 x 193 from (253.14, 110.271)], gid: 0, lid: 0
I1014 10:48:33.952438  4284 work_thread.hpp:88]  [T-Work-Detect_0] Frame :196 split
I1014 10:48:33.952456  4284 work_thread.hpp:120]  [T-Work-Detect_0] Valid piece: gid = 0
I1014 10:48:33.952474  4284 work_thread.hpp:92]  [T-Work-Detect_0] Push to split queue:recog
I1014 10:48:33.952528  4286 work_thread.hpp:81]  [T-Work-Recog_1] Run work: WorkCapture
I1014 10:48:33.952911  4287 thread_intergrate.hpp:78] [T-Intergrate-intergrate] queue: frame output frame :196
I1014 10:48:33.952939  4287 thread_intergrate.hpp:85] [T-Intergrate-intergrate] queue: compare output face:0
I1014 10:48:33.952958  4287 thread_intergrate.hpp:136] T-Intergrate-intergrate set matched face: 0
I1014 10:48:33.953152  4286 work_thread.hpp:81]  [T-Work-Recog_1] Run work: WorkRecog
I1014 10:48:33.953176  4286 work_recog.hpp:89] Face id: 0 will run recog: bbox [139 x 193 from (253, 110)] quality: 0.47445
I1014 10:48:33.953204  4286 work_recog.hpp:96] Recog pair: [200 x 272 from (224, 72)], [139 x 193 from (29, 38)]
I1014 10:48:33.954543  4287 thread_intergrate.hpp:156] T-Intergrate-intergrate Show face :0, size :640 * 360
I1014 10:48:33.955195  4283 demo_inner.hpp:435] thread [SORT-0]  frame id 196 sorting queue size 0   FPS: 20.0409
I1014 10:48:33.955269  4282 demo_inner.hpp:260]  gui queue size 0, state = running
I1014 10:48:33.970706  4286 work_thread.hpp:81]  [T-Work-Recog_1] Run work: WorkCompare
I1014 10:48:33.970815  4286 work_compare.cpp:76] Compare face: 0 successed, similarity :0.98983, name : images/thanglmb.jpg, normal size : 640 * 360!
I1014 10:48:33.993489  4281 demo_inner.hpp:177] decode queue size 0
I1014 10:48:33.993589  4284 work_thread.hpp:81]  [T-Work-Detect_0] Run work: WorkDetect
I1014 10:48:33.993626  4284 work_detect.cpp:102] Succeeded to add det start for frame 197
I1014 10:48:34.000257  4284 work_detect.cpp:70] Frame :197 detect result :1 face(s)
I1014 10:48:34.000303  4284 work_detect.cpp:86] Detected bbox: [141 x 193 from (251, 110)]
I1014 10:48:34.000347  4284 work_detect.cpp:120] Succeeded to add det end for frame 197
I1014 10:48:34.000365  4284 work_thread.hpp:81]  [T-Work-Detect_0] Run work: WrokTrack
I1014 10:48:34.000391  4284 work_track.cpp:82] Frame: 197 build input_characts: [0.220313 x 0.536111 from (0.392188, 0.305556)], 1.00019, 0
I1014 10:48:34.000447  4284 work_track.cpp:102] Succeeded to set track lock for frame 197
I1014 10:48:34.000488  4284 work_track.cpp:116] Succeeded to release track lock for frame 197
I1014 10:48:34.000502  4284 work_track.cpp:120] Track results of frame 197: 1 objects input, 1 objects tracked!
I1014 10:48:34.000521  4284 work_track.cpp:148] Frame: 197, track bbox: [141 x 193 from (251.589, 109.767)], gid: 0, lid: 0
I1014 10:48:34.000557  4284 work_thread.hpp:88]  [T-Work-Detect_0] Frame :197 split
I1014 10:48:34.000576  4284 work_thread.hpp:120]  [T-Work-Detect_0] Valid piece: gid = 0
I1014 10:48:34.000594  4284 work_thread.hpp:92]  [T-Work-Detect_0] Push to split queue:recog
I1014 10:48:34.000649  4286 work_thread.hpp:81]  [T-Work-Recog_1] Run work: WorkCapture
I1014 10:48:34.000962  4287 thread_intergrate.hpp:78] [T-Intergrate-intergrate] queue: frame output frame :197
I1014 10:48:34.000998  4287 thread_intergrate.hpp:85] [T-Intergrate-intergrate] queue: compare output face:0
I1014 10:48:34.001018  4287 thread_intergrate.hpp:136] T-Intergrate-intergrate set matched face: 0
I1014 10:48:34.001202  4286 work_thread.hpp:81]  [T-Work-Recog_1] Run work: WorkRecog
I1014 10:48:34.001225  4286 work_recog.hpp:89] Face id: 0 will run recog: bbox [141 x 193 from (251, 110)] quality: 0.468736
I1014 10:48:34.001252  4286 work_recog.hpp:96] Recog pair: [208 x 272 from (216, 72)], [141 x 193 from (35, 38)]
I1014 10:48:34.002631  4287 thread_intergrate.hpp:156] T-Intergrate-intergrate Show face :0, size :640 * 360
I1014 10:48:34.003226  4283 demo_inner.hpp:435] thread [SORT-0]  frame id 197 sorting queue size 0   FPS: 20.0327
I1014 10:48:34.003296  4282 demo_inner.hpp:260]  gui queue size 0, state = running
I1014 10:48:34.018740  4286 work_thread.hpp:81]  [T-Work-Recog_1] Run work: WorkCompare
I1014 10:48:34.018851  4286 work_compare.cpp:76] Compare face: 0 successed, similarity :0.983874, name : images/thanglmb.jpg, normal size : 640 * 360!
I1014 10:48:34.047374  4281 demo_inner.hpp:177] decode queue size 0
I1014 10:48:34.047480  4284 work_thread.hpp:81]  [T-Work-Detect_0] Run work: WorkDetect
I1014 10:48:34.047518  4284 work_detect.cpp:102] Succeeded to add det start for frame 198
I1014 10:48:34.054256  4284 work_detect.cpp:70] Frame :198 detect result :1 face(s)
I1014 10:48:34.054301  4284 work_detect.cpp:86] Detected bbox: [144 x 195 from (250, 110)]
I1014 10:48:34.054342  4284 work_detect.cpp:120] Succeeded to add det end for frame 198
I1014 10:48:34.054359  4284 work_thread.hpp:81]  [T-Work-Detect_0] Run work: WrokTrack
I1014 10:48:34.054384  4284 work_track.cpp:82] Frame: 198 build input_characts: [0.225 x 0.541667 from (0.390625, 0.305556)], 1.00019, 0
I1014 10:48:34.054440  4284 work_track.cpp:102] Succeeded to set track lock for frame 198
I1014 10:48:34.054479  4284 work_track.cpp:116] Succeeded to release track lock for frame 198
I1014 10:48:34.054494  4284 work_track.cpp:120] Track results of frame 198: 1 objects input, 1 objects tracked!
I1014 10:48:34.054512  4284 work_track.cpp:148] Frame: 198, track bbox: [144 x 195 from (249.987, 109.29)], gid: 0, lid: 0
I1014 10:48:34.054548  4284 work_thread.hpp:88]  [T-Work-Detect_0] Frame :198 split
I1014 10:48:34.054566  4284 work_thread.hpp:120]  [T-Work-Detect_0] Valid piece: gid = 0
I1014 10:48:34.054584  4284 work_thread.hpp:92]  [T-Work-Detect_0] Push to split queue:recog
I1014 10:48:34.054644  4285 work_thread.hpp:81]  [T-Work-Recog_0] Run work: WorkCapture
I1014 10:48:34.054971  4287 thread_intergrate.hpp:78] [T-Intergrate-intergrate] queue: frame output frame :198
I1014 10:48:34.055006  4287 thread_intergrate.hpp:85] [T-Intergrate-intergrate] queue: compare output face:0
I1014 10:48:34.055025  4287 thread_intergrate.hpp:136] T-Intergrate-intergrate set matched face: 0
I1014 10:48:34.055235  4285 work_thread.hpp:81]  [T-Work-Recog_0] Run work: WorkRecog
I1014 10:48:34.055258  4285 work_recog.hpp:89] Face id: 0 will run recog: bbox [144 x 195 from (250, 110)] quality: 0.465943
I1014 10:48:34.055287  4285 work_recog.hpp:96] Recog pair: [208 x 280 from (216, 64)], [144 x 195 from (34, 46)]
I1014 10:48:34.057304  4287 thread_intergrate.hpp:156] T-Intergrate-intergrate Show face :0, size :640 * 360
I1014 10:48:34.057863  4283 demo_inner.hpp:435] thread [SORT-0]  frame id 198 sorting queue size 0   FPS: 19.9755
I1014 10:48:34.057935  4282 demo_inner.hpp:260]  gui queue size 0, state = running
I1014 10:48:34.073328  4285 work_thread.hpp:81]  [T-Work-Recog_0] Run work: WorkCompare
I1014 10:48:34.073462  4285 work_compare.cpp:76] Compare face: 0 successed, similarity :0.986545, name : images/thanglmb.jpg, normal size : 640 * 360!
I1014 10:48:34.095448  4281 demo_inner.hpp:177] decode queue size 0
I1014 10:48:34.095552  4284 work_thread.hpp:81]  [T-Work-Detect_0] Run work: WorkDetect
I1014 10:48:34.095592  4284 work_detect.cpp:102] Succeeded to add det start for frame 199
I1014 10:48:34.102257  4284 work_detect.cpp:70] Frame :199 detect result :1 face(s)
I1014 10:48:34.102303  4284 work_detect.cpp:86] Detected bbox: [141 x 195 from (252, 110)]
I1014 10:48:34.102345  4284 work_detect.cpp:120] Succeeded to add det end for frame 199
I1014 10:48:34.102361  4284 work_thread.hpp:81]  [T-Work-Detect_0] Run work: WrokTrack
I1014 10:48:34.102386  4284 work_track.cpp:82] Frame: 199 build input_characts: [0.220313 x 0.541667 from (0.39375, 0.305556)], 0.999622, 0
I1014 10:48:34.102442  4284 work_track.cpp:102] Succeeded to set track lock for frame 199
I1014 10:48:34.102481  4284 work_track.cpp:116] Succeeded to release track lock for frame 199
I1014 10:48:34.102495  4284 work_track.cpp:120] Track results of frame 199: 1 objects input, 1 objects tracked!
I1014 10:48:34.102514  4284 work_track.cpp:148] Frame: 199, track bbox: [141 x 195 from (251.453, 109.888)], gid: 0, lid: 0
I1014 10:48:34.102550  4284 work_thread.hpp:88]  [T-Work-Detect_0] Frame :199 split
I1014 10:48:34.102568  4284 work_thread.hpp:120]  [T-Work-Detect_0] Valid piece: gid = 0
I1014 10:48:34.102586  4284 work_thread.hpp:92]  [T-Work-Detect_0] Push to split queue:recog
I1014 10:48:34.102632  4285 work_thread.hpp:81]  [T-Work-Recog_0] Run work: WorkCapture
I1014 10:48:34.102638  4287 thread_intergrate.hpp:78] [T-Intergrate-intergrate] queue: frame output frame :199
I1014 10:48:34.102737  4287 thread_intergrate.hpp:85] [T-Intergrate-intergrate] queue: compare output face:0
I1014 10:48:34.102757  4287 thread_intergrate.hpp:136] T-Intergrate-intergrate set matched face: 0
I1014 10:48:34.103247  4285 work_thread.hpp:81]  [T-Work-Recog_0] Run work: WorkRecog
I1014 10:48:34.103273  4285 work_recog.hpp:89] Face id: 0 will run recog: bbox [141 x 195 from (252, 110)] quality: 0.47445
I1014 10:48:34.103303  4285 work_recog.hpp:96] Recog pair: [200 x 280 from (224, 64)], [141 x 195 from (28, 46)]
I1014 10:48:34.103935  4287 thread_intergrate.hpp:156] T-Intergrate-intergrate Show face :0, size :640 * 360
I1014 10:48:34.104540  4283 demo_inner.hpp:435] thread [SORT-0]  frame id 199 sorting queue size 0   FPS: 20.0409
I1014 10:48:34.104607  4282 demo_inner.hpp:260]  gui queue size 0, state = running
I1014 10:48:34.121855  4285 work_thread.hpp:81]  [T-Work-Recog_0] Run work: WorkCompare
I1014 10:48:34.121971  4285 work_compare.cpp:76] Compare face: 0 successed, similarity :0.983974, name : images/thanglmb.jpg, normal size : 640 * 360!
I1014 10:48:34.143481  4281 demo_inner.hpp:177] decode queue size 0
I1014 10:48:34.143590  4284 work_thread.hpp:81]  [T-Work-Detect_0] Run work: WorkDetect
I1014 10:48:34.143630  4284 work_detect.cpp:102] Succeeded to add det start for frame 200
I1014 10:48:34.150319  4284 work_detect.cpp:70] Frame :200 detect result :1 face(s)
I1014 10:48:34.150362  4284 work_detect.cpp:86] Detected bbox: [143 x 194 from (252, 112)]
I1014 10:48:34.150403  4284 work_detect.cpp:120] Succeeded to add det end for frame 200
I1014 10:48:34.150419  4284 work_thread.hpp:81]  [T-Work-Detect_0] Run work: WrokTrack
I1014 10:48:34.150445  4284 work_track.cpp:82] Frame: 200 build input_characts: [0.223438 x 0.538889 from (0.39375, 0.311111)], 1.00019, 0
I1014 10:48:34.150501  4284 work_track.cpp:102] Succeeded to set track lock for frame 200
I1014 10:48:34.150542  4284 work_track.cpp:116] Succeeded to release track lock for frame 200
I1014 10:48:34.150557  4284 work_track.cpp:120] Track results of frame 200: 1 objects input, 1 objects tracked!
I1014 10:48:34.150574  4284 work_track.cpp:148] Frame: 200, track bbox: [143 x 194 from (251.201, 111.345)], gid: 0, lid: 0
I1014 10:48:34.150610  4284 work_thread.hpp:88]  [T-Work-Detect_0] Frame :200 split
I1014 10:48:34.150629  4284 work_thread.hpp:120]  [T-Work-Detect_0] Valid piece: gid = 0
I1014 10:48:34.150646  4284 work_thread.hpp:92]  [T-Work-Detect_0] Push to split queue:recog
I1014 10:48:34.150696  4286 work_thread.hpp:81]  [T-Work-Recog_1] Run work: WorkCapture
I1014 10:48:34.151001  4287 thread_intergrate.hpp:78] [T-Intergrate-intergrate] queue: frame output frame :200
I1014 10:48:34.151027  4287 thread_intergrate.hpp:85] [T-Intergrate-intergrate] queue: compare output face:0
I1014 10:48:34.151046  4287 thread_intergrate.hpp:136] T-Intergrate-intergrate set matched face: 0
I1014 10:48:34.152245  4287 thread_intergrate.hpp:156] T-Intergrate-intergrate Show face :0, size :640 * 360
I1014 10:48:34.152354  4286 work_thread.hpp:81]  [T-Work-Recog_1] Run work: WorkRecog
I1014 10:48:34.152379  4286 work_recog.hpp:89] Face id: 0 will run recog: bbox [143 x 194 from (252, 112)] quality: 0.468736
I1014 10:48:34.152412  4286 work_recog.hpp:96] Recog pair: [200 x 272 from (224, 72)], [143 x 194 from (28, 40)]
I1014 10:48:34.152767  4283 demo_inner.hpp:435] thread [SORT-0]  frame id 200 sorting queue size 0   FPS: 20.0327
I1014 10:48:34.152838  4282 demo_inner.hpp:260]  gui queue size 0, state = running
I1014 10:48:34.170758  4286 work_thread.hpp:81]  [T-Work-Recog_1] Run work: WorkCompare
I1014 10:48:34.170897  4286 work_compare.cpp:76] Compare face: 0 successed, similarity :0.980538, name : images/thanglmb.jpg, normal size : 640 * 360!
I1014 10:48:34.197363  4281 demo_inner.hpp:177] decode queue size 0
I1014 10:48:34.197480  4284 work_thread.hpp:81]  [T-Work-Detect_0] Run work: WorkDetect
I1014 10:48:34.197523  4284 work_detect.cpp:102] Succeeded to add det start for frame 201
I1014 10:48:34.204126  4284 work_detect.cpp:70] Frame :201 detect result :1 face(s)
I1014 10:48:34.204259  4284 work_detect.cpp:86] Detected bbox: [145 x 194 from (250, 111)]
I1014 10:48:34.204303  4284 work_detect.cpp:120] Succeeded to add det end for frame 201
I1014 10:48:34.204319  4284 work_thread.hpp:81]  [T-Work-Detect_0] Run work: WrokTrack
I1014 10:48:34.204344  4284 work_track.cpp:82] Frame: 201 build input_characts: [0.226562 x 0.538889 from (0.390625, 0.308333)], 1.00019, 0
I1014 10:48:34.204401  4284 work_track.cpp:102] Succeeded to set track lock for frame 201
I1014 10:48:34.204439  4284 work_track.cpp:116] Succeeded to release track lock for frame 201
I1014 10:48:34.204453  4284 work_track.cpp:120] Track results of frame 201: 1 objects input, 1 objects tracked!
I1014 10:48:34.204471  4284 work_track.cpp:148] Frame: 201, track bbox: [145 x 194 from (250.415, 111.564)], gid: 0, lid: 0
I1014 10:48:34.204509  4284 work_thread.hpp:88]  [T-Work-Detect_0] Frame :201 split
I1014 10:48:34.204526  4284 work_thread.hpp:120]  [T-Work-Detect_0] Valid piece: gid = 0
I1014 10:48:34.204543  4284 work_thread.hpp:92]  [T-Work-Detect_0] Push to split queue:recog
I1014 10:48:34.204598  4287 thread_intergrate.hpp:78] [T-Intergrate-intergrate] queue: frame output frame :201
I1014 10:48:34.204605  4286 work_thread.hpp:81]  [T-Work-Recog_1] Run work: WorkCapture
I1014 10:48:34.204622  4287 thread_intergrate.hpp:85] [T-Intergrate-intergrate] queue: compare output face:0
I1014 10:48:34.204640  4287 thread_intergrate.hpp:136] T-Intergrate-intergrate set matched face: 0
I1014 10:48:34.205201  4286 work_thread.hpp:81]  [T-Work-Recog_1] Run work: WorkRecog
I1014 10:48:34.205233  4286 work_recog.hpp:89] Face id: 0 will run recog: bbox [145 x 194 from (250, 111)] quality: 0.465943
I1014 10:48:34.205265  4286 work_recog.hpp:96] Recog pair: [208 x 272 from (216, 72)], [145 x 194 from (34, 39)]
I1014 10:48:34.205811  4287 thread_intergrate.hpp:156] T-Intergrate-intergrate Show face :0, size :640 * 360
I1014 10:48:34.206389  4283 demo_inner.hpp:435] thread [SORT-0]  frame id 201 sorting queue size 0   FPS: 19.9918
I1014 10:48:34.206454  4282 demo_inner.hpp:260]  gui queue size 0, state = running
I1014 10:48:34.224033  4286 work_thread.hpp:81]  [T-Work-Recog_1] Run work: WorkCompare
I1014 10:48:34.224300  4286 work_compare.cpp:76] Compare face: 0 successed, similarity :0.983109, name : images/thanglmb.jpg, normal size : 640 * 360!
I1014 10:48:34.245491  4281 demo_inner.hpp:177] decode queue size 0
I1014 10:48:34.245605  4284 work_thread.hpp:81]  [T-Work-Detect_0] Run work: WorkDetect
I1014 10:48:34.245640  4284 work_detect.cpp:102] Succeeded to add det start for frame 202
