I1014 11:00:54.966375  4644 demo_inner.hpp:177] decode queue size 0
I1014 11:00:54.966480  4647 work_thread.hpp:81]  [T-Work-Detect_0] Run work: WorkDetect
I1014 11:00:54.966522  4647 work_detect.cpp:102] Succeeded to add det start for frame 87
I1014 11:00:54.973999  4647 work_detect.cpp:70] Frame :87 detect result :1 face(s)
I1014 11:00:54.974071  4647 work_detect.cpp:86] Detected bbox: [130 x 174 from (299, 180)]
I1014 11:00:54.974115  4647 work_detect.cpp:120] Succeeded to add det end for frame 87
I1014 11:00:54.974139  4647 work_thread.hpp:81]  [T-Work-Detect_0] Run work: WrokTrack
I1014 11:00:54.974165  4647 work_track.cpp:82] Frame: 87 build input_characts: [0.203125 x 0.483333 from (0.467187, 0.5)], 1.00019, 0
I1014 11:00:54.974220  4647 work_track.cpp:102] Succeeded to set track lock for frame 87
I1014 11:00:54.974334  4647 work_track.cpp:116] Succeeded to release track lock for frame 87
I1014 11:00:54.974349  4647 work_track.cpp:120] Track results of frame 87: 1 objects input, 1 objects tracked!
I1014 11:00:54.974367  4647 work_track.cpp:148] Frame: 87, track bbox: [130 x 174 from (300.978, 180.714)], gid: 2, lid: 0
I1014 11:00:54.974483  4647 work_thread.hpp:88]  [T-Work-Detect_0] Frame :87 split
I1014 11:00:54.974511  4647 work_thread.hpp:120]  [T-Work-Detect_0] Valid piece: gid = 2
I1014 11:00:54.974547  4647 work_thread.hpp:92]  [T-Work-Detect_0] Push to split queue:recog
I1014 11:00:54.974597  4648 work_thread.hpp:81]  [T-Work-Recog_0] Run work: WorkCapture
I1014 11:00:54.975059  4650 thread_intergrate.hpp:78] [T-Intergrate-intergrate] queue: frame output frame :87
I1014 11:00:54.975085  4650 thread_intergrate.hpp:85] [T-Intergrate-intergrate] queue: compare output face:2
I1014 11:00:54.975106  4650 thread_intergrate.hpp:138] T-Intergrate-intergrate set matched face: 2
I1014 11:00:54.975306  4648 work_thread.hpp:81]  [T-Work-Recog_0] Run work: WorkRecog
I1014 11:00:54.975330  4648 work_recog.hpp:89] Face id: 2 will run recog: bbox [130 x 174 from (299, 180)] quality: 0.465942
I1014 11:00:54.975366  4648 work_recog.hpp:96] Recog pair: [184 x 216 from (272, 144)], [130 x 174 from (27, 36)]
I1014 11:00:54.976326  4650 thread_intergrate.hpp:158] T-Intergrate-intergrate Show face :2, size :640 * 360
I1014 11:00:54.976964  4646 demo_inner.hpp:435] thread [SORT-0]  frame id 87 sorting queue size 2   FPS: 29.9551
I1014 11:00:54.993392  4648 work_thread.hpp:81]  [T-Work-Recog_0] Run work: WorkCompare
I1014 11:00:54.993525  4648 work_compare.cpp:76] Compare face: 2 successed, similarity :0.985052, name : images/thanglmb.jpg, normal size : 640 * 360!
I1014 11:00:54.996479  4644 demo_inner.hpp:177] decode queue size 0
I1014 11:00:54.996556  4647 work_thread.hpp:81]  [T-Work-Detect_0] Run work: WorkDetect
I1014 11:00:54.996588  4647 work_detect.cpp:102] Succeeded to add det start for frame 88
I1014 11:00:54.998607  4645 demo_inner.hpp:260]  gui queue size 2, state = running
I1014 11:00:55.004142  4647 work_detect.cpp:70] Frame :88 detect result :1 face(s)
I1014 11:00:55.004314  4647 work_detect.cpp:86] Detected bbox: [130 x 172 from (300, 182)]
I1014 11:00:55.004362  4647 work_detect.cpp:120] Succeeded to add det end for frame 88
I1014 11:00:55.004379  4647 work_thread.hpp:81]  [T-Work-Detect_0] Run work: WrokTrack
I1014 11:00:55.004415  4647 work_track.cpp:82] Frame: 88 build input_characts: [0.203125 x 0.477778 from (0.46875, 0.505556)], 1.00019, 0
I1014 11:00:55.004474  4647 work_track.cpp:102] Succeeded to set track lock for frame 88
I1014 11:00:55.004530  4647 work_track.cpp:116] Succeeded to release track lock for frame 88
I1014 11:00:55.004564  4647 work_track.cpp:120] Track results of frame 88: 1 objects input, 1 objects tracked!
I1014 11:00:55.004583  4647 work_track.cpp:148] Frame: 88, track bbox: [130 x 172 from (299.904, 181.269)], gid: 2, lid: 0
I1014 11:00:55.004623  4647 work_thread.hpp:88]  [T-Work-Detect_0] Frame :88 split
I1014 11:00:55.004652  4647 work_thread.hpp:120]  [T-Work-Detect_0] Valid piece: gid = 2
I1014 11:00:55.004671  4647 work_thread.hpp:92]  [T-Work-Detect_0] Push to split queue:recog
I1014 11:00:55.004727  4650 thread_intergrate.hpp:78] [T-Intergrate-intergrate] queue: frame output frame :88
I1014 11:00:55.004729  4649 work_thread.hpp:81]  [T-Work-Recog_1] Run work: WorkCapture
I1014 11:00:55.004757  4650 thread_intergrate.hpp:85] [T-Intergrate-intergrate] queue: compare output face:2
I1014 11:00:55.004776  4650 thread_intergrate.hpp:138] T-Intergrate-intergrate set matched face: 2
I1014 11:00:55.005489  4649 work_thread.hpp:81]  [T-Work-Recog_1] Run work: WorkRecog
I1014 11:00:55.005515  4649 work_recog.hpp:89] Face id: 2 will run recog: bbox [130 x 172 from (300, 182)] quality: 0.46276
I1014 11:00:55.005547  4649 work_recog.hpp:96] Recog pair: [184 x 216 from (272, 144)], [130 x 172 from (28, 38)]
I1014 11:00:55.005936  4650 thread_intergrate.hpp:158] T-Intergrate-intergrate Show face :2, size :640 * 360
I1014 11:00:55.006451  4646 demo_inner.hpp:435] thread [SORT-0]  frame id 88 sorting queue size 0   FPS: 29.97
I1014 11:00:55.022853  4649 work_thread.hpp:81]  [T-Work-Recog_1] Run work: WorkCompare
I1014 11:00:55.023039  4649 work_compare.cpp:76] Compare face: 2 successed, similarity :0.984833, name : images/thanglmb.jpg, normal size : 640 * 360!
I1014 11:00:55.032461  4644 demo_inner.hpp:177] decode queue size 0
I1014 11:00:55.032582  4647 work_thread.hpp:81]  [T-Work-Detect_0] Run work: WorkDetect
I1014 11:00:55.032620  4647 work_detect.cpp:102] Succeeded to add det start for frame 89
I1014 11:00:55.040153  4647 work_detect.cpp:70] Frame :89 detect result :1 face(s)
I1014 11:00:55.040280  4647 work_detect.cpp:86] Detected bbox: [127 x 171 from (303, 182)]
I1014 11:00:55.040331  4647 work_detect.cpp:120] Succeeded to add det end for frame 89
I1014 11:00:55.040365  4647 work_thread.hpp:81]  [T-Work-Detect_0] Run work: WrokTrack
I1014 11:00:55.040392  4647 work_track.cpp:82] Frame: 89 build input_characts: [0.198437 x 0.475 from (0.473437, 0.505556)], 1.00019, 0
I1014 11:00:55.040457  4647 work_track.cpp:102] Succeeded to set track lock for frame 89
I1014 11:00:55.040496  4647 work_track.cpp:116] Succeeded to release track lock for frame 89
I1014 11:00:55.040510  4647 work_track.cpp:120] Track results of frame 89: 1 objects input, 1 objects tracked!
I1014 11:00:55.040529  4647 work_track.cpp:148] Frame: 89, track bbox: [127 x 171 from (302.544, 181.918)], gid: 2, lid: 0
I1014 11:00:55.040565  4647 work_thread.hpp:88]  [T-Work-Detect_0] Frame :89 split
I1014 11:00:55.040591  4647 work_thread.hpp:120]  [T-Work-Detect_0] Valid piece: gid = 2
I1014 11:00:55.040625  4647 work_thread.hpp:92]  [T-Work-Detect_0] Push to split queue:recog
I1014 11:00:55.040673  4650 thread_intergrate.hpp:78] [T-Intergrate-intergrate] queue: frame output frame :89
I1014 11:00:55.040673  4649 work_thread.hpp:81]  [T-Work-Recog_1] Run work: WorkCapture
I1014 11:00:55.040701  4650 thread_intergrate.hpp:85] [T-Intergrate-intergrate] queue: compare output face:2
I1014 11:00:55.040720  4650 thread_intergrate.hpp:138] T-Intergrate-intergrate set matched face: 2
I1014 11:00:55.041271  4649 work_thread.hpp:81]  [T-Work-Recog_1] Run work: WorkRecog
I1014 11:00:55.041296  4649 work_recog.hpp:89] Face id: 2 will run recog: bbox [127 x 171 from (303, 182)] quality: 0.471801
I1014 11:00:55.041326  4649 work_recog.hpp:96] Recog pair: [184 x 216 from (272, 144)], [127 x 171 from (31, 38)]
I1014 11:00:55.041880  4650 thread_intergrate.hpp:158] T-Intergrate-intergrate Show face :2, size :640 * 360
I1014 11:00:55.042415  4646 demo_inner.hpp:435] thread [SORT-0]  frame id 89 sorting queue size 1   FPS: 29.9551
I1014 11:00:55.058727  4649 work_thread.hpp:81]  [T-Work-Recog_1] Run work: WorkCompare
I1014 11:00:55.058835  4649 work_compare.cpp:76] Compare face: 2 successed, similarity :0.982266, name : images/thanglmb.jpg, normal size : 640 * 360!
I1014 11:00:55.062741  4644 demo_inner.hpp:177] decode queue size 0
I1014 11:00:55.062835  4647 work_thread.hpp:81]  [T-Work-Detect_0] Run work: WorkDetect
I1014 11:00:55.062893  4647 work_detect.cpp:102] Succeeded to add det start for frame 90
I1014 11:00:55.065830  4645 demo_inner.hpp:260]  gui queue size 1, state = running
I1014 11:00:55.071017  4647 work_detect.cpp:70] Frame :90 detect result :1 face(s)
I1014 11:00:55.071076  4647 work_detect.cpp:86] Detected bbox: [128 x 170 from (301, 182)]
I1014 11:00:55.071151  4647 work_detect.cpp:120] Succeeded to add det end for frame 90
I1014 11:00:55.071169  4647 work_thread.hpp:81]  [T-Work-Detect_0] Run work: WrokTrack
I1014 11:00:55.071197  4647 work_track.cpp:82] Frame: 90 build input_characts: [0.2 x 0.472222 from (0.470313, 0.505556)], 1.00035, 0
I1014 11:00:55.071261  4647 work_track.cpp:102] Succeeded to set track lock for frame 90
I1014 11:00:55.071302  4647 work_track.cpp:116] Succeeded to release track lock for frame 90
I1014 11:00:55.071316  4647 work_track.cpp:120] Track results of frame 90: 1 objects input, 1 objects tracked!
I1014 11:00:55.071342  4647 work_track.cpp:148] Frame: 90, track bbox: [128 x 170 from (301.873, 182.297)], gid: 2, lid: 0
I1014 11:00:55.071396  4647 work_thread.hpp:88]  [T-Work-Detect_0] Frame :90 split
I1014 11:00:55.071415  4647 work_thread.hpp:120]  [T-Work-Detect_0] Valid piece: gid = 2
I1014 11:00:55.071434  4647 work_thread.hpp:92]  [T-Work-Detect_0] Push to split queue:recog
I1014 11:00:55.071605  4648 work_thread.hpp:81]  [T-Work-Recog_0] Run work: WorkCapture
I1014 11:00:55.072072  4650 thread_intergrate.hpp:78] [T-Intergrate-intergrate] queue: frame output frame :90
I1014 11:00:55.072101  4650 thread_intergrate.hpp:85] [T-Intergrate-intergrate] queue: compare output face:2
I1014 11:00:55.072120  4650 thread_intergrate.hpp:138] T-Intergrate-intergrate set matched face: 2
I1014 11:00:55.072216  4648 work_thread.hpp:81]  [T-Work-Recog_0] Run work: WorkRecog
I1014 11:00:55.072240  4648 work_recog.hpp:89] Face id: 2 will run recog: bbox [128 x 170 from (301, 182)] quality: 0.444252
I1014 11:00:55.072274  4648 work_recog.hpp:96] Recog pair: [184 x 216 from (272, 144)], [128 x 170 from (29, 38)]
I1014 11:00:55.073310  4650 thread_intergrate.hpp:158] T-Intergrate-intergrate Show face :2, size :640 * 360
I1014 11:00:55.073834  4646 demo_inner.hpp:435] thread [SORT-0]  frame id 90 sorting queue size 0   FPS: 29.9401
I1014 11:00:55.090117  4648 work_thread.hpp:81]  [T-Work-Recog_0] Run work: WorkCompare
I1014 11:00:55.090231  4648 work_compare.cpp:76] Compare face: 2 successed, similarity :0.988748, name : images/thanglmb.jpg, normal size : 640 * 360!
I1014 11:00:55.098533  4644 demo_inner.hpp:177] decode queue size 0
I1014 11:00:55.098662  4647 work_thread.hpp:81]  [T-Work-Detect_0] Run work: WorkDetect
I1014 11:00:55.098696  4647 work_detect.cpp:102] Succeeded to add det start for frame 91
I1014 11:00:55.105510  4647 work_detect.cpp:70] Frame :91 detect result :1 face(s)
I1014 11:00:55.105563  4647 work_detect.cpp:86] Detected bbox: [127 x 171 from (303, 183)]
I1014 11:00:55.105607  4647 work_detect.cpp:120] Succeeded to add det end for frame 91
I1014 11:00:55.105624  4647 work_thread.hpp:81]  [T-Work-Detect_0] Run work: WrokTrack
I1014 11:00:55.105649  4647 work_track.cpp:82] Frame: 91 build input_characts: [0.198437 x 0.475 from (0.473437, 0.508333)], 1.00019, 0
I1014 11:00:55.105705  4647 work_track.cpp:102] Succeeded to set track lock for frame 91
I1014 11:00:55.105743  4647 work_track.cpp:116] Succeeded to release track lock for frame 91
I1014 11:00:55.105757  4647 work_track.cpp:120] Track results of frame 91: 1 objects input, 1 objects tracked!
I1014 11:00:55.105775  4647 work_track.cpp:148] Frame: 91, track bbox: [127 x 171 from (302.797, 182.326)], gid: 2, lid: 0
I1014 11:00:55.105811  4647 work_thread.hpp:88]  [T-Work-Detect_0] Frame :91 split
I1014 11:00:55.105829  4647 work_thread.hpp:120]  [T-Work-Detect_0] Valid piece: gid = 2
I1014 11:00:55.105847  4647 work_thread.hpp:92]  [T-Work-Detect_0] Push to split queue:recog
I1014 11:00:55.105898  4649 work_thread.hpp:81]  [T-Work-Recog_1] Run work: WorkCapture
I1014 11:00:55.106196  4650 thread_intergrate.hpp:78] [T-Intergrate-intergrate] queue: frame output frame :91
I1014 11:00:55.106222  4650 thread_intergrate.hpp:85] [T-Intergrate-intergrate] queue: compare output face:2
I1014 11:00:55.106240  4650 thread_intergrate.hpp:138] T-Intergrate-intergrate set matched face: 2
I1014 11:00:55.106451  4649 work_thread.hpp:81]  [T-Work-Recog_1] Run work: WorkRecog
I1014 11:00:55.106474  4649 work_recog.hpp:89] Face id: 2 will run recog: bbox [127 x 171 from (303, 183)] quality: 0.470207
I1014 11:00:55.106503  4649 work_recog.hpp:96] Recog pair: [184 x 216 from (272, 144)], [127 x 171 from (31, 39)]
I1014 11:00:55.107405  4650 thread_intergrate.hpp:158] T-Intergrate-intergrate Show face :2, size :640 * 360
I1014 11:00:55.107941  4646 demo_inner.hpp:435] thread [SORT-0]  frame id 91 sorting queue size 1   FPS: 29.9551
I1014 11:00:55.123956  4649 work_thread.hpp:81]  [T-Work-Recog_1] Run work: WorkCompare
I1014 11:00:55.124056  4649 work_compare.cpp:76] Compare face: 2 successed, similarity :0.976511, name : images/thanglmb.jpg, normal size : 640 * 360!
I1014 11:00:55.134289  4644 demo_inner.hpp:177] decode queue size 0
I1014 11:00:55.134392  4647 work_thread.hpp:81]  [T-Work-Detect_0] Run work: WorkDetect
I1014 11:00:55.134429  4647 work_detect.cpp:102] Succeeded to add det start for frame 92
I1014 11:00:55.138203  4645 demo_inner.hpp:260]  gui queue size 1, state = running
I1014 11:00:55.142122  4647 work_detect.cpp:70] Frame :92 detect result :1 face(s)
I1014 11:00:55.142177  4647 work_detect.cpp:86] Detected bbox: [124 x 167 from (305, 184)]
I1014 11:00:55.142302  4647 work_detect.cpp:120] Succeeded to add det end for frame 92
I1014 11:00:55.142328  4647 work_thread.hpp:81]  [T-Work-Detect_0] Run work: WrokTrack
I1014 11:00:55.142354  4647 work_track.cpp:82] Frame: 92 build input_characts: [0.19375 x 0.463889 from (0.476562, 0.511111)], 1.00019, 0
I1014 11:00:55.142410  4647 work_track.cpp:102] Succeeded to set track lock for frame 92
I1014 11:00:55.142458  4647 work_track.cpp:116] Succeeded to release track lock for frame 92
I1014 11:00:55.142489  4647 work_track.cpp:120] Track results of frame 92: 1 objects input, 1 objects tracked!
I1014 11:00:55.142508  4647 work_track.cpp:148] Frame: 92, track bbox: [124 x 167 from (304.938, 184.331)], gid: 2, lid: 0
I1014 11:00:55.142545  4647 work_thread.hpp:88]  [T-Work-Detect_0] Frame :92 split
I1014 11:00:55.142563  4647 work_thread.hpp:120]  [T-Work-Detect_0] Valid piece: gid = 2
I1014 11:00:55.142590  4647 work_thread.hpp:92]  [T-Work-Detect_0] Push to split queue:recog
I1014 11:00:55.142637  4650 thread_intergrate.hpp:78] [T-Intergrate-intergrate] queue: frame output frame :92
I1014 11:00:55.142637  4649 work_thread.hpp:81]  [T-Work-Recog_1] Run work: WorkCapture
I1014 11:00:55.142665  4650 thread_intergrate.hpp:85] [T-Intergrate-intergrate] queue: compare output face:2
I1014 11:00:55.142684  4650 thread_intergrate.hpp:138] T-Intergrate-intergrate set matched face: 2
I1014 11:00:55.143244  4649 work_thread.hpp:81]  [T-Work-Recog_1] Run work: WorkRecog
I1014 11:00:55.143268  4649 work_recog.hpp:89] Face id: 2 will run recog: bbox [124 x 167 from (305, 184)] quality: 0.451972
I1014 11:00:55.143298  4649 work_recog.hpp:96] Recog pair: [176 x 216 from (280, 144)], [124 x 167 from (25, 40)]
I1014 11:00:55.143851  4650 thread_intergrate.hpp:158] T-Intergrate-intergrate Show face :2, size :640 * 360
I1014 11:00:55.144410  4646 demo_inner.hpp:435] thread [SORT-0]  frame id 92 sorting queue size 0   FPS: 29.9551
I1014 11:00:55.160878  4649 work_thread.hpp:81]  [T-Work-Recog_1] Run work: WorkCompare
I1014 11:00:55.160991  4649 work_compare.cpp:76] Compare face: 2 successed, similarity :0.983394, name : images/thanglmb.jpg, normal size : 640 * 360!
I1014 11:00:55.164675  4644 demo_inner.hpp:177] decode queue size 0
I1014 11:00:55.164763  4647 work_thread.hpp:81]  [T-Work-Detect_0] Run work: WorkDetect
I1014 11:00:55.164799  4647 work_detect.cpp:102] Succeeded to add det start for frame 93
I1014 11:00:55.172397  4647 work_detect.cpp:70] Frame :93 detect result :1 face(s)
I1014 11:00:55.172451  4647 work_detect.cpp:86] Detected bbox: [127 x 172 from (304, 180)]
I1014 11:00:55.172523  4647 work_detect.cpp:120] Succeeded to add det end for frame 93
I1014 11:00:55.172540  4647 work_thread.hpp:81]  [T-Work-Detect_0] Run work: WrokTrack
I1014 11:00:55.172566  4647 work_track.cpp:82] Frame: 93 build input_characts: [0.198437 x 0.477778 from (0.475, 0.5)], 0.999622, 0
I1014 11:00:55.172628  4647 work_track.cpp:102] Succeeded to set track lock for frame 93
I1014 11:00:55.172667  4647 work_track.cpp:116] Succeeded to release track lock for frame 93
I1014 11:00:55.172683  4647 work_track.cpp:120] Track results of frame 93: 1 objects input, 1 objects tracked!
I1014 11:00:55.172700  4647 work_track.cpp:148] Frame: 93, track bbox: [127 x 172 from (303.866, 180.809)], gid: 2, lid: 0
I1014 11:00:55.172763  4647 work_thread.hpp:88]  [T-Work-Detect_0] Frame :93 split
I1014 11:00:55.172782  4647 work_thread.hpp:120]  [T-Work-Detect_0] Valid piece: gid = 2
I1014 11:00:55.172801  4647 work_thread.hpp:92]  [T-Work-Detect_0] Push to split queue:recog
I1014 11:00:55.173065  4648 work_thread.hpp:81]  [T-Work-Recog_0] Run work: WorkCapture
I1014 11:00:55.173408  4650 thread_intergrate.hpp:78] [T-Intergrate-intergrate] queue: frame output frame :93
I1014 11:00:55.173432  4650 thread_intergrate.hpp:85] [T-Intergrate-intergrate] queue: compare output face:2
I1014 11:00:55.173552  4650 thread_intergrate.hpp:138] T-Intergrate-intergrate set matched face: 2
I1014 11:00:55.173671  4648 work_thread.hpp:81]  [T-Work-Recog_0] Run work: WorkRecog
I1014 11:00:55.173694  4648 work_recog.hpp:89] Face id: 2 will run recog: bbox [127 x 172 from (304, 180)] quality: 0.434608
I1014 11:00:55.173748  4648 work_recog.hpp:96] Recog pair: [184 x 216 from (272, 144)], [127 x 172 from (32, 36)]
I1014 11:00:55.174710  4650 thread_intergrate.hpp:158] T-Intergrate-intergrate Show face :2, size :640 * 360
I1014 11:00:55.175267  4646 demo_inner.hpp:435] thread [SORT-0]  frame id 93 sorting queue size 1   FPS: 29.9551
I1014 11:00:55.191686  4648 work_thread.hpp:81]  [T-Work-Recog_0] Run work: WorkCompare
I1014 11:00:55.191815  4648 work_compare.cpp:76] Compare face: 2 successed, similarity :0.985884, name : images/thanglmb.jpg, normal size : 640 * 360!
I1014 11:00:55.200531  4644 demo_inner.hpp:177] decode queue size 0
I1014 11:00:55.200666  4647 work_thread.hpp:81]  [T-Work-Detect_0] Run work: WorkDetect
I1014 11:00:55.200702  4647 work_detect.cpp:102] Succeeded to add det start for frame 94
I1014 11:00:55.205312  4645 demo_inner.hpp:260]  gui queue size 1, state = running
I1014 11:00:55.207643  4647 work_detect.cpp:70] Frame :94 detect result :1 face(s)
I1014 11:00:55.207702  4647 work_detect.cpp:86] Detected bbox: [127 x 169 from (304, 184)]
I1014 11:00:55.207752  4647 work_detect.cpp:120] Succeeded to add det end for frame 94
I1014 11:00:55.207770  4647 work_thread.hpp:81]  [T-Work-Detect_0] Run work: WrokTrack
I1014 11:00:55.207796  4647 work_track.cpp:82] Frame: 94 build input_characts: [0.198437 x 0.469444 from (0.475, 0.511111)], 1.00019, 0
I1014 11:00:55.207855  4647 work_track.cpp:102] Succeeded to set track lock for frame 94
I1014 11:00:55.207901  4647 work_track.cpp:116] Succeeded to release track lock for frame 94
I1014 11:00:55.207916  4647 work_track.cpp:120] Track results of frame 94: 1 objects input, 1 objects tracked!
I1014 11:00:55.207935  4647 work_track.cpp:148] Frame: 94, track bbox: [127 x 169 from (304.093, 183.077)], gid: 2, lid: 0
I1014 11:00:55.207973  4647 work_thread.hpp:88]  [T-Work-Detect_0] Frame :94 split
I1014 11:00:55.207993  4647 work_thread.hpp:120]  [T-Work-Detect_0] Valid piece: gid = 2
I1014 11:00:55.208010  4647 work_thread.hpp:92]  [T-Work-Detect_0] Push to split queue:recog
I1014 11:00:55.208079  4649 work_thread.hpp:81]  [T-Work-Recog_1] Run work: WorkCapture
I1014 11:00:55.208446  4650 thread_intergrate.hpp:78] [T-Intergrate-intergrate] queue: frame output frame :94
I1014 11:00:55.208472  4650 thread_intergrate.hpp:85] [T-Intergrate-intergrate] queue: compare output face:2
I1014 11:00:55.208490  4650 thread_intergrate.hpp:138] T-Intergrate-intergrate set matched face: 2
I1014 11:00:55.208708  4649 work_thread.hpp:81]  [T-Work-Recog_1] Run work: WorkRecog
I1014 11:00:55.208732  4649 work_recog.hpp:89] Face id: 2 will run recog: bbox [127 x 169 from (304, 184)] quality: 0.470207
I1014 11:00:55.208761  4649 work_recog.hpp:96] Recog pair: [184 x 216 from (272, 144)], [127 x 169 from (32, 40)]
I1014 11:00:55.209656  4650 thread_intergrate.hpp:158] T-Intergrate-intergrate Show face :2, size :640 * 360
I1014 11:00:55.210194  4646 demo_inner.hpp:435] thread [SORT-0]  frame id 94 sorting queue size 0   FPS: 29.9551
I1014 11:00:55.226300  4649 work_thread.hpp:81]  [T-Work-Recog_1] Run work: WorkCompare
I1014 11:00:55.226406  4649 work_compare.cpp:76] Compare face: 2 successed, similarity :0.982253, name : images/thanglmb.jpg, normal size : 640 * 360!
I1014 11:00:55.230782  4644 demo_inner.hpp:177] decode queue size 0
I1014 11:00:55.230883  4647 work_thread.hpp:81]  [T-Work-Detect_0] Run work: WorkDetect
I1014 11:00:55.230917  4647 work_detect.cpp:102] Succeeded to add det start for frame 95
I1014 11:00:55.237653  4647 work_detect.cpp:70] Frame :95 detect result :1 face(s)
I1014 11:00:55.237700  4647 work_detect.cpp:86] Detected bbox: [126 x 171 from (304, 183)]
I1014 11:00:55.237743  4647 work_detect.cpp:120] Succeeded to add det end for frame 95
I1014 11:00:55.237833  4647 work_thread.hpp:81]  [T-Work-Detect_0] Run work: WrokTrack
I1014 11:00:55.237859  4647 work_track.cpp:82] Frame: 95 build input_characts: [0.196875 x 0.475 from (0.475, 0.508333)], 1.00019, 0
I1014 11:00:55.237915  4647 work_track.cpp:102] Succeeded to set track lock for frame 95
I1014 11:00:55.237953  4647 work_track.cpp:116] Succeeded to release track lock for frame 95
I1014 11:00:55.237968  4647 work_track.cpp:120] Track results of frame 95: 1 objects input, 1 objects tracked!
I1014 11:00:55.237985  4647 work_track.cpp:148] Frame: 95, track bbox: [126 x 171 from (304.73, 182.613)], gid: 2, lid: 0
I1014 11:00:55.238021  4647 work_thread.hpp:88]  [T-Work-Detect_0] Frame :95 split
I1014 11:00:55.238039  4647 work_thread.hpp:120]  [T-Work-Detect_0] Valid piece: gid = 2
I1014 11:00:55.238056  4647 work_thread.hpp:92]  [T-Work-Detect_0] Push to split queue:recog
I1014 11:00:55.238101  4650 thread_intergrate.hpp:78] [T-Intergrate-intergrate] queue: frame output frame :95
I1014 11:00:55.238127  4650 thread_intergrate.hpp:85] [T-Intergrate-intergrate] queue: compare output face:2
I1014 11:00:55.238116  4648 work_thread.hpp:81]  [T-Work-Recog_0] Run work: WorkCapture
I1014 11:00:55.238145  4650 thread_intergrate.hpp:138] T-Intergrate-intergrate set matched face: 2
I1014 11:00:55.238838  4648 work_thread.hpp:81]  [T-Work-Recog_0] Run work: WorkRecog
I1014 11:00:55.238994  4648 work_recog.hpp:89] Face id: 2 will run recog: bbox [126 x 171 from (304, 183)] quality: 0.468255
I1014 11:00:55.239042  4648 work_recog.hpp:96] Recog pair: [184 x 216 from (272, 144)], [126 x 171 from (32, 39)]
I1014 11:00:55.239339  4650 thread_intergrate.hpp:158] T-Intergrate-intergrate Show face :2, size :640 * 360
I1014 11:00:55.239884  4646 demo_inner.hpp:435] thread [SORT-0]  frame id 95 sorting queue size 1   FPS: 29.9551
I1014 11:00:55.256774  4648 work_thread.hpp:81]  [T-Work-Recog_0] Run work: WorkCompare
I1014 11:00:55.256948  4648 work_compare.cpp:76] Compare face: 2 successed, similarity :0.982503, name : images/thanglmb.jpg, normal size : 640 * 360!
I1014 11:00:55.266242  4644 demo_inner.hpp:177] decode queue size 0
I1014 11:00:55.266376  4647 work_thread.hpp:81]  [T-Work-Detect_0] Run work: WorkDetect
I1014 11:00:55.266422  4647 work_detect.cpp:102] Succeeded to add det start for frame 96
I1014 11:00:55.273165  4647 work_detect.cpp:70] Frame :96 detect result :1 face(s)
I1014 11:00:55.273218  4647 work_detect.cpp:86] Detected bbox: [128 x 170 from (303, 183)]
I1014 11:00:55.273262  4647 work_detect.cpp:120] Succeeded to add det end for frame 96
I1014 11:00:55.273277  4647 work_thread.hpp:81]  [T-Work-Detect_0] Run work: WrokTrack
I1014 11:00:55.273303  4647 work_track.cpp:82] Frame: 96 build input_characts: [0.2 x 0.472222 from (0.473437, 0.508333)], 0.999622, 0
I1014 11:00:55.273358  4647 work_track.cpp:102] Succeeded to set track lock for frame 96
I1014 11:00:55.273398  4647 work_track.cpp:116] Succeeded to release track lock for frame 96
I1014 11:00:55.273413  4647 work_track.cpp:120] Track results of frame 96: 1 objects input, 1 objects tracked!
I1014 11:00:55.273430  4647 work_track.cpp:148] Frame: 96, track bbox: [128 x 170 from (303.319, 183.048)], gid: 2, lid: 0
I1014 11:00:55.273468  4647 work_thread.hpp:88]  [T-Work-Detect_0] Frame :96 split
I1014 11:00:55.273486  4647 work_thread.hpp:120]  [T-Work-Detect_0] Valid piece: gid = 2
I1014 11:00:55.273504  4647 work_thread.hpp:92]  [T-Work-Detect_0] Push to split queue:recog
I1014 11:00:55.273551  4648 work_thread.hpp:81]  [T-Work-Recog_0] Run work: WorkCapture
I1014 11:00:55.273558  4650 thread_intergrate.hpp:78] [T-Intergrate-intergrate] queue: frame output frame :96
I1014 11:00:55.273586  4650 thread_intergrate.hpp:85] [T-Intergrate-intergrate] queue: compare output face:2
I1014 11:00:55.273605  4650 thread_intergrate.hpp:138] T-Intergrate-intergrate set matched face: 2
I1014 11:00:55.274157  4648 work_thread.hpp:81]  [T-Work-Recog_0] Run work: WorkRecog
I1014 11:00:55.274180  4648 work_recog.hpp:89] Face id: 2 will run recog: bbox [128 x 170 from (303, 183)] quality: 0.423246
I1014 11:00:55.274369  4648 work_recog.hpp:96] Recog pair: [184 x 216 from (272, 144)], [128 x 170 from (31, 39)]
I1014 11:00:55.274770  4650 thread_intergrate.hpp:158] T-Intergrate-intergrate Show face :2, size :640 * 360
I1014 11:00:55.275290  4646 demo_inner.hpp:435] thread [SORT-0]  frame id 96 sorting queue size 2   FPS: 29.97
I1014 11:00:55.292346  4648 work_thread.hpp:81]  [T-Work-Recog_0] Run work: WorkCompare
I1014 11:00:55.292485  4648 work_compare.cpp:76] Compare face: 2 successed, similarity :0.975804, name : images/thanglmb.jpg, normal size : 640 * 360!
I1014 11:00:55.298969  4644 demo_inner.hpp:177] decode queue size 0
I1014 11:00:55.299078  4647 work_thread.hpp:81]  [T-Work-Detect_0] Run work: WorkDetect
I1014 11:00:55.299113  4647 work_detect.cpp:102] Succeeded to add det start for frame 97
I1014 11:00:55.305424  4645 demo_inner.hpp:260]  gui queue size 2, state = running
I1014 11:00:55.305825  4647 work_detect.cpp:70] Frame :97 detect result :1 face(s)
I1014 11:00:55.305861  4647 work_detect.cpp:86] Detected bbox: [128 x 168 from (303, 185)]
I1014 11:00:55.305907  4647 work_detect.cpp:120] Succeeded to add det end for frame 97
I1014 11:00:55.305923  4647 work_thread.hpp:81]  [T-Work-Detect_0] Run work: WrokTrack
I1014 11:00:55.305946  4647 work_track.cpp:82] Frame: 97 build input_characts: [0.2 x 0.466667 from (0.473437, 0.513889)], 1.00019, 0
I1014 11:00:55.306002  4647 work_track.cpp:102] Succeeded to set track lock for frame 97
I1014 11:00:55.306042  4647 work_track.cpp:116] Succeeded to release track lock for frame 97
I1014 11:00:55.306057  4647 work_track.cpp:120] Track results of frame 97: 1 objects input, 1 objects tracked!
I1014 11:00:55.306075  4647 work_track.cpp:148] Frame: 97, track bbox: [128 x 168 from (303.008, 184.886)], gid: 2, lid: 0
I1014 11:00:55.306113  4647 work_thread.hpp:88]  [T-Work-Detect_0] Frame :97 split
I1014 11:00:55.306131  4647 work_thread.hpp:120]  [T-Work-Detect_0] Valid piece: gid = 2
I1014 11:00:55.306149  4647 work_thread.hpp:92]  [T-Work-Detect_0] Push to split queue:recog
I1014 11:00:55.306196  4650 thread_intergrate.hpp:78] [T-Intergrate-intergrate] queue: frame output frame :97
I1014 11:00:55.306200  4649 work_thread.hpp:81]  [T-Work-Recog_1] Run work: WorkCapture
I1014 11:00:55.306226  4650 thread_intergrate.hpp:85] [T-Intergrate-intergrate] queue: compare output face:2
I1014 11:00:55.306246  4650 thread_intergrate.hpp:138] T-Intergrate-intergrate set matched face: 2
I1014 11:00:55.306910  4649 work_thread.hpp:81]  [T-Work-Recog_1] Run work: WorkRecog
I1014 11:00:55.306939  4649 work_recog.hpp:89] Face id: 2 will run recog: bbox [128 x 168 from (303, 185)] quality: 0.458743
I1014 11:00:55.306999  4649 work_recog.hpp:96] Recog pair: [184 x 208 from (272, 152)], [128 x 168 from (31, 33)]
I1014 11:00:55.307482  4650 thread_intergrate.hpp:158] T-Intergrate-intergrate Show face :2, size :640 * 360
I1014 11:00:55.308079  4646 demo_inner.hpp:435] thread [SORT-0]  frame id 97 sorting queue size 0   FPS: 29.9252
I1014 11:00:55.325258  4649 work_thread.hpp:81]  [T-Work-Recog_1] Run work: WorkCompare
I1014 11:00:55.325371  4649 work_compare.cpp:76] Compare face: 2 successed, similarity :0.98476, name : images/thanglmb.jpg, normal size : 640 * 360!
I1014 11:00:55.335014  4644 demo_inner.hpp:177] decode queue size 0
I1014 11:00:55.335124  4647 work_thread.hpp:81]  [T-Work-Detect_0] Run work: WorkDetect
I1014 11:00:55.335160  4647 work_detect.cpp:102] Succeeded to add det start for frame 98
I1014 11:00:55.341969  4647 work_detect.cpp:70] Frame :98 detect result :1 face(s)
I1014 11:00:55.342020  4647 work_detect.cpp:86] Detected bbox: [128 x 168 from (303, 184)]
I1014 11:00:55.342061  4647 work_detect.cpp:120] Succeeded to add det end for frame 98
I1014 11:00:55.342077  4647 work_thread.hpp:81]  [T-Work-Detect_0] Run work: WrokTrack
I1014 11:00:55.342103  4647 work_track.cpp:82] Frame: 98 build input_characts: [0.2 x 0.466667 from (0.473437, 0.511111)], 1.00019, 0
I1014 11:00:55.342159  4647 work_track.cpp:102] Succeeded to set track lock for frame 98
I1014 11:00:55.342272  4647 work_track.cpp:116] Succeeded to release track lock for frame 98
I1014 11:00:55.342288  4647 work_track.cpp:120] Track results of frame 98: 1 objects input, 1 objects tracked!
I1014 11:00:55.342305  4647 work_track.cpp:148] Frame: 98, track bbox: [128 x 168 from (302.876, 184.795)], gid: 2, lid: 0
I1014 11:00:55.342341  4647 work_thread.hpp:88]  [T-Work-Detect_0] Frame :98 split
I1014 11:00:55.342360  4647 work_thread.hpp:120]  [T-Work-Detect_0] Valid piece: gid = 2
I1014 11:00:55.342377  4647 work_thread.hpp:92]  [T-Work-Detect_0] Push to split queue:recog
I1014 11:00:55.342428  4650 thread_intergrate.hpp:78] [T-Intergrate-intergrate] queue: frame output frame :98
I1014 11:00:55.342440  4648 work_thread.hpp:81]  [T-Work-Recog_0] Run work: WorkCapture
I1014 11:00:55.342456  4650 thread_intergrate.hpp:85] [T-Intergrate-intergrate] queue: compare output face:2
I1014 11:00:55.342475  4650 thread_intergrate.hpp:138] T-Intergrate-intergrate set matched face: 2
I1014 11:00:55.343044  4648 work_thread.hpp:81]  [T-Work-Recog_0] Run work: WorkRecog
I1014 11:00:55.343070  4648 work_recog.hpp:89] Face id: 2 will run recog: bbox [128 x 168 from (303, 184)] quality: 0.423246
I1014 11:00:55.343098  4648 work_recog.hpp:96] Recog pair: [184 x 216 from (272, 144)], [128 x 168 from (31, 40)]
I1014 11:00:55.343642  4650 thread_intergrate.hpp:158] T-Intergrate-intergrate Show face :2, size :640 * 360
I1014 11:00:55.344225  4646 demo_inner.hpp:435] thread [SORT-0]  frame id 98 sorting queue size 1   FPS: 29.9252
I1014 11:00:55.361080  4648 work_thread.hpp:81]  [T-Work-Recog_0] Run work: WorkCompare
I1014 11:00:55.361192  4648 work_compare.cpp:76] Compare face: 2 successed, similarity :0.984142, name : images/thanglmb.jpg, normal size : 640 * 360!
I1014 11:00:55.370792  4644 demo_inner.hpp:177] decode queue size 0
I1014 11:00:55.371088  4647 work_thread.hpp:81]  [T-Work-Detect_0] Run work: WorkDetect
I1014 11:00:55.371124  4647 work_detect.cpp:102] Succeeded to add det start for frame 99
I1014 11:00:55.378490  4647 work_detect.cpp:70] Frame :99 detect result :1 face(s)
I1014 11:00:55.378542  4647 work_detect.cpp:86] Detected bbox: [126 x 167 from (304, 185)]
I1014 11:00:55.378610  4647 work_detect.cpp:120] Succeeded to add det end for frame 99
I1014 11:00:55.378628  4647 work_thread.hpp:81]  [T-Work-Detect_0] Run work: WrokTrack
I1014 11:00:55.378654  4647 work_track.cpp:82] Frame: 99 build input_characts: [0.196875 x 0.463889 from (0.475, 0.513889)], 1.00019, 0
I1014 11:00:55.378717  4647 work_track.cpp:102] Succeeded to set track lock for frame 99
I1014 11:00:55.378756  4647 work_track.cpp:116] Succeeded to release track lock for frame 99
I1014 11:00:55.378772  4647 work_track.cpp:120] Track results of frame 99: 1 objects input, 1 objects tracked!
I1014 11:00:55.378789  4647 work_track.cpp:148] Frame: 99, track bbox: [126 x 167 from (303.894, 184.865)], gid: 2, lid: 0
I1014 11:00:55.378856  4647 work_thread.hpp:88]  [T-Work-Detect_0] Frame :99 split
I1014 11:00:55.378875  4647 work_thread.hpp:120]  [T-Work-Detect_0] Valid piece: gid = 2
I1014 11:00:55.378895  4647 work_thread.hpp:92]  [T-Work-Detect_0] Push to split queue:recog
I1014 11:00:55.378952  4648 work_thread.hpp:81]  [T-Work-Recog_0] Run work: WorkCapture
I1014 11:00:55.379272  4650 thread_intergrate.hpp:78] [T-Intergrate-intergrate] queue: frame output frame :99
I1014 11:00:55.379298  4650 thread_intergrate.hpp:85] [T-Intergrate-intergrate] queue: compare output face:2
I1014 11:00:55.379317  4650 thread_intergrate.hpp:138] T-Intergrate-intergrate set matched face: 2
I1014 11:00:55.379524  4648 work_thread.hpp:81]  [T-Work-Recog_0] Run work: WorkRecog
I1014 11:00:55.379557  4648 work_recog.hpp:89] Face id: 2 will run recog: bbox [126 x 167 from (304, 185)] quality: 0.443698
I1014 11:00:55.379654  4648 work_recog.hpp:96] Recog pair: [184 x 208 from (272, 152)], [126 x 167 from (32, 33)]
I1014 11:00:55.380493  4650 thread_intergrate.hpp:158] T-Intergrate-intergrate Show face :2, size :640 * 360
I1014 11:00:55.381052  4646 demo_inner.hpp:435] thread [SORT-0]  frame id 99 sorting queue size 2   FPS: 29.9252
I1014 11:00:55.391502  4645 demo_inner.hpp:260]  gui queue size 2, state = running
I1014 11:00:55.398356  4648 work_thread.hpp:81]  [T-Work-Recog_0] Run work: WorkCompare
I1014 11:00:55.398476  4648 work_compare.cpp:76] Compare face: 2 successed, similarity :0.979921, name : images/thanglmb.jpg, normal size : 640 * 360!
I1014 11:00:55.401518  4644 demo_inner.hpp:177] decode queue size 0
I1014 11:00:55.401620  4647 work_thread.hpp:81]  [T-Work-Detect_0] Run work: WorkDetect
I1014 11:00:55.401656  4647 work_detect.cpp:102] Succeeded to add det start for frame 100
I1014 11:00:55.408288  4647 work_detect.cpp:70] Frame :100 detect result :1 face(s)
I1014 11:00:55.408331  4647 work_detect.cpp:86] Detected bbox: [128 x 169 from (302, 183)]
I1014 11:00:55.408375  4647 work_detect.cpp:120] Succeeded to add det end for frame 100
I1014 11:00:55.408391  4647 work_thread.hpp:81]  [T-Work-Detect_0] Run work: WrokTrack
I1014 11:00:55.408416  4647 work_track.cpp:82] Frame: 100 build input_characts: [0.2 x 0.469444 from (0.471875, 0.508333)], 1.00019, 0
I1014 11:00:55.408470  4647 work_track.cpp:102] Succeeded to set track lock for frame 100
I1014 11:00:55.408509  4647 work_track.cpp:116] Succeeded to release track lock for frame 100
I1014 11:00:55.408524  4647 work_track.cpp:120] Track results of frame 100: 1 objects input, 1 objects tracked!
I1014 11:00:55.408542  4647 work_track.cpp:148] Frame: 100, track bbox: [128 x 169 from (302.486, 183.435)], gid: 2, lid: 0
I1014 11:00:55.408579  4647 work_thread.hpp:88]  [T-Work-Detect_0] Frame :100 split
I1014 11:00:55.408596  4647 work_thread.hpp:120]  [T-Work-Detect_0] Valid piece: gid = 2
I1014 11:00:55.408614  4647 work_thread.hpp:92]  [T-Work-Detect_0] Push to split queue:recog
I1014 11:00:55.408658  4648 work_thread.hpp:81]  [T-Work-Recog_0] Run work: WorkCapture
I1014 11:00:55.408676  4650 thread_intergrate.hpp:78] [T-Intergrate-intergrate] queue: frame output frame :100
I1014 11:00:55.408701  4650 thread_intergrate.hpp:85] [T-Intergrate-intergrate] queue: compare output face:2
I1014 11:00:55.408718  4650 thread_intergrate.hpp:138] T-Intergrate-intergrate set matched face: 2
I1014 11:00:55.409255  4648 work_thread.hpp:81]  [T-Work-Recog_0] Run work: WorkRecog
I1014 11:00:55.409281  4648 work_recog.hpp:89] Face id: 2 will run recog: bbox [128 x 169 from (302, 183)] quality: 0.40562
I1014 11:00:55.409310  4648 work_recog.hpp:96] Recog pair: [184 x 216 from (272, 144)], [128 x 169 from (30, 39)]
I1014 11:00:55.409880  4650 thread_intergrate.hpp:158] T-Intergrate-intergrate Show face :2, size :640 * 360
I1014 11:00:55.410430  4646 demo_inner.hpp:435] thread [SORT-0]  frame id 100 sorting queue size 0   FPS: 29.9252
I1014 11:00:55.427295  4648 work_thread.hpp:81]  [T-Work-Recog_0] Run work: WorkCompare
I1014 11:00:55.427410  4648 work_compare.cpp:76] Compare face: 2 successed, similarity :0.974578, name : images/thanglmb.jpg, normal size : 640 * 360!
I1014 11:00:55.436769  4644 demo_inner.hpp:177] decode queue size 0
I1014 11:00:55.437006  4647 work_thread.hpp:81]  [T-Work-Detect_0] Run work: WorkDetect
I1014 11:00:55.437043  4647 work_detect.cpp:102] Succeeded to add det start for frame 101
I1014 11:00:55.443584  4647 work_detect.cpp:70] Frame :101 detect result :1 face(s)
I1014 11:00:55.443634  4647 work_detect.cpp:86] Detected bbox: [128 x 169 from (303, 183)]
I1014 11:00:55.443675  4647 work_detect.cpp:120] Succeeded to add det end for frame 101
I1014 11:00:55.443691  4647 work_thread.hpp:81]  [T-Work-Detect_0] Run work: WrokTrack
I1014 11:00:55.443714  4647 work_track.cpp:82] Frame: 101 build input_characts: [0.2 x 0.469444 from (0.473437, 0.508333)], 1.00019, 0
I1014 11:00:55.443769  4647 work_track.cpp:102] Succeeded to set track lock for frame 101
I1014 11:00:55.443809  4647 work_track.cpp:116] Succeeded to release track lock for frame 101
I1014 11:00:55.443822  4647 work_track.cpp:120] Track results of frame 101: 1 objects input, 1 objects tracked!
I1014 11:00:55.443840  4647 work_track.cpp:148] Frame: 101, track bbox: [128 x 169 from (302.658, 183.148)], gid: 2, lid: 0
I1014 11:00:55.443949  4647 work_thread.hpp:88]  [T-Work-Detect_0] Frame :101 split
I1014 11:00:55.443969  4647 work_thread.hpp:120]  [T-Work-Detect_0] Valid piece: gid = 2
I1014 11:00:55.443987  4647 work_thread.hpp:92]  [T-Work-Detect_0] Push to split queue:recog
I1014 11:00:55.444039  4650 thread_intergrate.hpp:78] [T-Intergrate-intergrate] queue: frame output frame :101
I1014 11:00:55.444041  4648 work_thread.hpp:81]  [T-Work-Recog_0] Run work: WorkCapture
I1014 11:00:55.444067  4650 thread_intergrate.hpp:85] [T-Intergrate-intergrate] queue: compare output face:2
I1014 11:00:55.444099  4650 thread_intergrate.hpp:138] T-Intergrate-intergrate set matched face: 2
I1014 11:00:55.444744  4648 work_thread.hpp:81]  [T-Work-Recog_0] Run work: WorkRecog
I1014 11:00:55.444778  4648 work_recog.hpp:89] Face id: 2 will run recog: bbox [128 x 169 from (303, 183)] quality: 0.41158
I1014 11:00:55.444828  4648 work_recog.hpp:96] Recog pair: [184 x 216 from (272, 144)], [128 x 169 from (31, 39)]
I1014 11:00:55.445277  4650 thread_intergrate.hpp:158] T-Intergrate-intergrate Show face :2, size :640 * 360
I1014 11:00:55.445771  4646 demo_inner.hpp:435] thread [SORT-0]  frame id 101 sorting queue size 1   FPS: 29.9401
I1014 11:00:55.456785  4645 demo_inner.hpp:260]  gui queue size 1, state = running
I1014 11:00:55.463029  4648 work_thread.hpp:81]  [T-Work-Recog_0] Run work: WorkCompare
I1014 11:00:55.463152  4648 work_compare.cpp:76] Compare face: 2 successed, similarity :0.979286, name : images/thanglmb.jpg, normal size : 640 * 360!
I1014 11:00:55.467422  4644 demo_inner.hpp:177] decode queue size 0
I1014 11:00:55.467519  4647 work_thread.hpp:81]  [T-Work-Detect_0] Run work: WorkDetect
I1014 11:00:55.467555  4647 work_detect.cpp:102] Succeeded to add det start for frame 102
I1014 11:00:55.474159  4647 work_detect.cpp:70] Frame :102 detect result :1 face(s)
I1014 11:00:55.474205  4647 work_detect.cpp:86] Detected bbox: [127 x 167 from (303, 185)]
I1014 11:00:55.474247  4647 work_detect.cpp:120] Succeeded to add det end for frame 102
I1014 11:00:55.474263  4647 work_thread.hpp:81]  [T-Work-Detect_0] Run work: WrokTrack
I1014 11:00:55.474287  4647 work_track.cpp:82] Frame: 102 build input_characts: [0.198437 x 0.463889 from (0.473437, 0.513889)], 1.00019, 0
I1014 11:00:55.474344  4647 work_track.cpp:102] Succeeded to set track lock for frame 102
I1014 11:00:55.474383  4647 work_track.cpp:116] Succeeded to release track lock for frame 102
I1014 11:00:55.474398  4647 work_track.cpp:120] Track results of frame 102: 1 objects input, 1 objects tracked!
I1014 11:00:55.474416  4647 work_track.cpp:148] Frame: 102, track bbox: [127 x 167 from (302.964, 184.289)], gid: 2, lid: 0
I1014 11:00:55.474452  4647 work_thread.hpp:88]  [T-Work-Detect_0] Frame :102 split
I1014 11:00:55.474470  4647 work_thread.hpp:120]  [T-Work-Detect_0] Valid piece: gid = 2
I1014 11:00:55.474488  4647 work_thread.hpp:92]  [T-Work-Detect_0] Push to split queue:recog
I1014 11:00:55.474539  4649 work_thread.hpp:81]  [T-Work-Recog_1] Run work: WorkCapture
I1014 11:00:55.474545  4650 thread_intergrate.hpp:78] [T-Intergrate-intergrate] queue: frame output frame :102
I1014 11:00:55.474570  4650 thread_intergrate.hpp:85] [T-Intergrate-intergrate] queue: compare output face:2
I1014 11:00:55.474588  4650 thread_intergrate.hpp:138] T-Intergrate-intergrate set matched face: 2
I1014 11:00:55.475124  4649 work_thread.hpp:81]  [T-Work-Recog_1] Run work: WorkRecog
I1014 11:00:55.475157  4649 work_recog.hpp:89] Face id: 2 will run recog: bbox [127 x 167 from (303, 185)] quality: 0.423246
I1014 11:00:55.475206  4649 work_recog.hpp:96] Recog pair: [184 x 208 from (272, 152)], [127 x 167 from (31, 33)]
I1014 11:00:55.475746  4650 thread_intergrate.hpp:158] T-Intergrate-intergrate Show face :2, size :640 * 360
I1014 11:00:55.476320  4646 demo_inner.hpp:435] thread [SORT-0]  frame id 102 sorting queue size 0   FPS: 29.8954
I1014 11:00:55.493252  4649 work_thread.hpp:81]  [T-Work-Recog_1] Run work: WorkCompare
I1014 11:00:55.493468  4649 work_compare.cpp:76] Compare face: 2 successed, similarity :0.970672, name : images/thanglmb.jpg, normal size : 640 * 360!
I1014 11:00:55.503005  4644 demo_inner.hpp:177] decode queue size 0
I1014 11:00:55.503123  4647 work_thread.hpp:81]  [T-Work-Detect_0] Run work: WorkDetect
I1014 11:00:55.503161  4647 work_detect.cpp:102] Succeeded to add det start for frame 103
I1014 11:00:55.509697  4647 work_detect.cpp:70] Frame :103 detect result :1 face(s)
I1014 11:00:55.509743  4647 work_detect.cpp:86] Detected bbox: [132 x 174 from (300, 180)]
I1014 11:00:55.509786  4647 work_detect.cpp:120] Succeeded to add det end for frame 103
I1014 11:00:55.509802  4647 work_thread.hpp:81]  [T-Work-Detect_0] Run work: WrokTrack
I1014 11:00:55.509827  4647 work_track.cpp:82] Frame: 103 build input_characts: [0.20625 x 0.483333 from (0.46875, 0.5)], 1.00019, 0
I1014 11:00:55.509883  4647 work_track.cpp:102] Succeeded to set track lock for frame 103
I1014 11:00:55.509922  4647 work_track.cpp:116] Succeeded to release track lock for frame 103
I1014 11:00:55.509938  4647 work_track.cpp:120] Track results of frame 103: 1 objects input, 1 objects tracked!
I1014 11:00:55.509955  4647 work_track.cpp:148] Frame: 103, track bbox: [132 x 174 from (300.163, 180.481)], gid: 2, lid: 0
I1014 11:00:55.509992  4647 work_thread.hpp:88]  [T-Work-Detect_0] Frame :103 split
I1014 11:00:55.510010  4647 work_thread.hpp:120]  [T-Work-Detect_0] Valid piece: gid = 2
I1014 11:00:55.510027  4647 work_thread.hpp:92]  [T-Work-Detect_0] Push to split queue:recog
I1014 11:00:55.510073  4649 work_thread.hpp:81]  [T-Work-Recog_1] Run work: WorkCapture
I1014 11:00:55.510076  4650 thread_intergrate.hpp:78] [T-Intergrate-intergrate] queue: frame output frame :103
I1014 11:00:55.510118  4650 thread_intergrate.hpp:85] [T-Intergrate-intergrate] queue: compare output face:2
I1014 11:00:55.510140  4650 thread_intergrate.hpp:138] T-Intergrate-intergrate set matched face: 2
I1014 11:00:55.510713  4649 work_thread.hpp:81]  [T-Work-Recog_1] Run work: WorkRecog
I1014 11:00:55.510738  4649 work_recog.hpp:89] Face id: 2 will run recog: bbox [132 x 174 from (300, 180)] quality: 0.41158
I1014 11:00:55.510768  4649 work_recog.hpp:96] Recog pair: [192 x 216 from (272, 144)], [132 x 174 from (28, 36)]
I1014 11:00:55.511296  4650 thread_intergrate.hpp:158] T-Intergrate-intergrate Show face :2, size :640 * 360
I1014 11:00:55.511787  4646 demo_inner.hpp:435] thread [SORT-0]  frame id 103 sorting queue size 1   FPS: 29.9401
I1014 11:00:55.528331  4649 work_thread.hpp:81]  [T-Work-Recog_1] Run work: WorkCompare
I1014 11:00:55.528463  4649 work_compare.cpp:76] Compare face: 2 successed, similarity :0.987709, name : images/thanglmb.jpg, normal size : 640 * 360!
I1014 11:00:55.528725  4645 demo_inner.hpp:260]  gui queue size 1, state = running
I1014 11:00:55.533318  4644 demo_inner.hpp:177] decode queue size 0
I1014 11:00:55.533447  4647 work_thread.hpp:81]  [T-Work-Detect_0] Run work: WorkDetect
I1014 11:00:55.533484  4647 work_detect.cpp:102] Succeeded to add det start for frame 104
I1014 11:00:55.539964  4647 work_detect.cpp:70] Frame :104 detect result :1 face(s)
I1014 11:00:55.540006  4647 work_detect.cpp:86] Detected bbox: [130 x 173 from (302, 182)]
I1014 11:00:55.540047  4647 work_detect.cpp:120] Succeeded to add det end for frame 104
I1014 11:00:55.540064  4647 work_thread.hpp:81]  [T-Work-Detect_0] Run work: WrokTrack
I1014 11:00:55.540089  4647 work_track.cpp:82] Frame: 104 build input_characts: [0.203125 x 0.480556 from (0.471875, 0.505556)], 1.00019, 0
I1014 11:00:55.540144  4647 work_track.cpp:102] Succeeded to set track lock for frame 104
I1014 11:00:55.540222  4647 work_track.cpp:116] Succeeded to release track lock for frame 104
I1014 11:00:55.540238  4647 work_track.cpp:120] Track results of frame 104: 1 objects input, 1 objects tracked!
I1014 11:00:55.540256  4647 work_track.cpp:148] Frame: 104, track bbox: [130 x 173 from (301.552, 181.396)], gid: 2, lid: 0
I1014 11:00:55.540293  4647 work_thread.hpp:88]  [T-Work-Detect_0] Frame :104 split
I1014 11:00:55.540311  4647 work_thread.hpp:120]  [T-Work-Detect_0] Valid piece: gid = 2
I1014 11:00:55.540402  4647 work_thread.hpp:92]  [T-Work-Detect_0] Push to split queue:recog
I1014 11:00:55.540453  4648 work_thread.hpp:81]  [T-Work-Recog_0] Run work: WorkCapture
I1014 11:00:55.540459  4650 thread_intergrate.hpp:78] [T-Intergrate-intergrate] queue: frame output frame :104
I1014 11:00:55.540488  4650 thread_intergrate.hpp:85] [T-Intergrate-intergrate] queue: compare output face:2
I1014 11:00:55.540506  4650 thread_intergrate.hpp:138] T-Intergrate-intergrate set matched face: 2
I1014 11:00:55.541055  4648 work_thread.hpp:81]  [T-Work-Recog_0] Run work: WorkRecog
I1014 11:00:55.541079  4648 work_recog.hpp:89] Face id: 2 will run recog: bbox [130 x 173 from (302, 182)] quality: 0.433815
I1014 11:00:55.541131  4648 work_recog.hpp:96] Recog pair: [192 x 216 from (272, 144)], [130 x 173 from (30, 38)]
I1014 11:00:55.541676  4650 thread_intergrate.hpp:158] T-Intergrate-intergrate Show face :2, size :640 * 360
I1014 11:00:55.542229  4646 demo_inner.hpp:435] thread [SORT-0]  frame id 104 sorting queue size 0   FPS: 29.9252
I1014 11:00:55.559167  4648 work_thread.hpp:81]  [T-Work-Recog_0] Run work: WorkCompare
I1014 11:00:55.559280  4648 work_compare.cpp:76] Compare face: 2 successed, similarity :0.982027, name : images/thanglmb.jpg, normal size : 640 * 360!
I1014 11:00:55.569209  4644 demo_inner.hpp:177] decode queue size 0
I1014 11:00:55.569319  4647 work_thread.hpp:81]  [T-Work-Detect_0] Run work: WorkDetect
I1014 11:00:55.569355  4647 work_detect.cpp:102] Succeeded to add det start for frame 105
I1014 11:00:55.575939  4647 work_detect.cpp:70] Frame :105 detect result :1 face(s)
I1014 11:00:55.575989  4647 work_detect.cpp:86] Detected bbox: [130 x 169 from (301, 183)]
I1014 11:00:55.576031  4647 work_detect.cpp:120] Succeeded to add det end for frame 105
I1014 11:00:55.576048  4647 work_thread.hpp:81]  [T-Work-Detect_0] Run work: WrokTrack
I1014 11:00:55.576072  4647 work_track.cpp:82] Frame: 105 build input_characts: [0.203125 x 0.469444 from (0.470313, 0.508333)], 0.999622, 0
I1014 11:00:55.576128  4647 work_track.cpp:102] Succeeded to set track lock for frame 105
I1014 11:00:55.576189  4647 work_track.cpp:116] Succeeded to release track lock for frame 105
I1014 11:00:55.576205  4647 work_track.cpp:120] Track results of frame 105: 1 objects input, 1 objects tracked!
I1014 11:00:55.576222  4647 work_track.cpp:148] Frame: 105, track bbox: [130 x 169 from (301.393, 183.373)], gid: 2, lid: 0
I1014 11:00:55.576258  4647 work_thread.hpp:88]  [T-Work-Detect_0] Frame :105 split
I1014 11:00:55.576277  4647 work_thread.hpp:120]  [T-Work-Detect_0] Valid piece: gid = 2
I1014 11:00:55.576294  4647 work_thread.hpp:92]  [T-Work-Detect_0] Push to split queue:recog
I1014 11:00:55.576346  4650 thread_intergrate.hpp:78] [T-Intergrate-intergrate] queue: frame output frame :105
I1014 11:00:55.576349  4649 work_thread.hpp:81]  [T-Work-Recog_1] Run work: WorkCapture
I1014 11:00:55.576377  4650 thread_intergrate.hpp:85] [T-Intergrate-intergrate] queue: compare output face:2
I1014 11:00:55.576396  4650 thread_intergrate.hpp:138] T-Intergrate-intergrate set matched face: 2
I1014 11:00:55.576958  4649 work_thread.hpp:81]  [T-Work-Recog_1] Run work: WorkRecog
I1014 11:00:55.576982  4649 work_recog.hpp:89] Face id: 2 will run recog: bbox [130 x 169 from (301, 183)] quality: 0.423246
I1014 11:00:55.577011  4649 work_recog.hpp:96] Recog pair: [192 x 216 from (272, 144)], [130 x 169 from (29, 39)]
I1014 11:00:55.577566  4650 thread_intergrate.hpp:158] T-Intergrate-intergrate Show face :2, size :640 * 360
I1014 11:00:55.578059  4646 demo_inner.hpp:435] thread [SORT-0]  frame id 105 sorting queue size 1   FPS: 29.9401
I1014 11:00:55.595104  4649 work_thread.hpp:81]  [T-Work-Recog_1] Run work: WorkCompare
