I1014 15:20:30.800766  8946 work_compare.cpp:76] Compare face: 1 successed, similarity :0.993672, name : images/ThangLMb.jpg, normal size : 1548 * 1719!
I1014 15:20:30.810226  8941 demo_inner.hpp:177] decode queue size 0
I1014 15:20:30.810361  8944 work_thread.hpp:81]  [T-Work-Detect_0] Run work: WorkDetect
I1014 15:20:30.810428  8944 work_detect.cpp:102] Succeeded to add det start for frame 59
I1014 15:20:30.817031  8944 work_detect.cpp:70] Frame :59 detect result :1 face(s)
I1014 15:20:30.817080  8944 work_detect.cpp:86] Detected bbox: [135 x 180 from (235, 170)]
I1014 15:20:30.817124  8944 work_detect.cpp:120] Succeeded to add det end for frame 59
I1014 15:20:30.817140  8944 work_thread.hpp:81]  [T-Work-Detect_0] Run work: WrokTrack
I1014 15:20:30.817164  8944 work_track.cpp:82] Frame: 59 build input_characts: [0.210938 x 0.5 from (0.367188, 0.472222)], 0.998681, 0
I1014 15:20:30.817219  8944 work_track.cpp:102] Succeeded to set track lock for frame 59
I1014 15:20:30.817260  8944 work_track.cpp:116] Succeeded to release track lock for frame 59
I1014 15:20:30.817275  8944 work_track.cpp:120] Track results of frame 59: 1 objects input, 1 objects tracked!
I1014 15:20:30.817291  8944 work_track.cpp:148] Frame: 59, track bbox: [135 x 180 from (234.508, 168.347)], gid: 1, lid: 0
I1014 15:20:30.817327  8944 work_thread.hpp:87]  [T-Work-Detect_0] Frame :59 split
I1014 15:20:30.817345  8944 work_thread.hpp:120]  [T-Work-Detect_0] Valid piece: gid = 1
I1014 15:20:30.817363  8944 work_thread.hpp:91]  [T-Work-Detect_0] Push to split queue:recog
I1014 15:20:30.817415  8945 work_thread.hpp:81]  [T-Work-Recog_0] Run work: WorkCapture
I1014 15:20:30.817710  8947 thread_intergrate.hpp:78] [T-Intergrate-intergrate] queue: frame output frame :59
I1014 15:20:30.817737  8947 thread_intergrate.hpp:85] [T-Intergrate-intergrate] queue: compare output face:1
I1014 15:20:30.817756  8947 thread_intergrate.hpp:144] T-Intergrate-intergrate set matched face: 1
I1014 15:20:30.817981  8945 work_thread.hpp:81]  [T-Work-Recog_0] Run work: WorkRecog
I1014 15:20:30.818084  8945 work_recog.hpp:89] Face id: 1 will run recog: bbox [135 x 180 from (235, 170)] quality: 0.443698
I1014 15:20:30.818114  8945 work_recog.hpp:96] Recog pair: [192 x 232 from (208, 128)], [135 x 180 from (27, 42)]
I1014 15:20:30.819249  8947 thread_intergrate.hpp:186] T-Intergrate-intergrate Show face :1, size :640 * 360
I1014 15:20:30.819835  8943 demo_inner.hpp:435] thread [SORT-0]  frame id 59 sorting queue size 0   FPS: 29.8047
I1014 15:20:30.835691  8945 work_thread.hpp:81]  [T-Work-Recog_0] Run work: WorkCompare
I1014 15:20:30.836181  8945 work_compare.cpp:76] Compare face: 1 successed, similarity :0.993745, name : images/ThangLMb.jpg, normal size : 1548 * 1719!
I1014 15:20:30.840227  8941 demo_inner.hpp:177] decode queue size 0
I1014 15:20:30.840339  8944 work_thread.hpp:81]  [T-Work-Detect_0] Run work: WorkDetect
I1014 15:20:30.840371  8944 work_detect.cpp:102] Succeeded to add det start for frame 60
I1014 15:20:30.847005  8944 work_detect.cpp:70] Frame :60 detect result :1 face(s)
I1014 15:20:30.847049  8944 work_detect.cpp:86] Detected bbox: [138 x 185 from (233, 167)]
I1014 15:20:30.847091  8944 work_detect.cpp:120] Succeeded to add det end for frame 60
I1014 15:20:30.847107  8944 work_thread.hpp:81]  [T-Work-Detect_0] Run work: WrokTrack
I1014 15:20:30.847132  8944 work_track.cpp:82] Frame: 60 build input_characts: [0.215625 x 0.513889 from (0.364062, 0.463889)], 1.00019, 0
I1014 15:20:30.847187  8944 work_track.cpp:102] Succeeded to set track lock for frame 60
I1014 15:20:30.847226  8944 work_track.cpp:116] Succeeded to release track lock for frame 60
I1014 15:20:30.847241  8944 work_track.cpp:120] Track results of frame 60: 1 objects input, 1 objects tracked!
I1014 15:20:30.847259  8944 work_track.cpp:148] Frame: 60, track bbox: [138 x 185 from (232.872, 165.324)], gid: 1, lid: 0
I1014 15:20:30.847295  8944 work_thread.hpp:87]  [T-Work-Detect_0] Frame :60 split
I1014 15:20:30.847311  8944 work_thread.hpp:120]  [T-Work-Detect_0] Valid piece: gid = 1
I1014 15:20:30.847331  8944 work_thread.hpp:91]  [T-Work-Detect_0] Push to split queue:recog
I1014 15:20:30.847374  8947 thread_intergrate.hpp:78] [T-Intergrate-intergrate] queue: frame output frame :60
I1014 15:20:30.847375  8946 work_thread.hpp:81]  [T-Work-Recog_1] Run work: WorkCapture
I1014 15:20:30.847404  8947 thread_intergrate.hpp:85] [T-Intergrate-intergrate] queue: compare output face:1
I1014 15:20:30.847424  8947 thread_intergrate.hpp:144] T-Intergrate-intergrate set matched face: 1
I1014 15:20:30.847965  8946 work_thread.hpp:81]  [T-Work-Recog_1] Run work: WorkRecog
I1014 15:20:30.847990  8946 work_recog.hpp:89] Face id: 1 will run recog: bbox [138 x 185 from (233, 167)] quality: 0.434051
I1014 15:20:30.848022  8946 work_recog.hpp:96] Recog pair: [200 x 232 from (200, 128)], [138 x 185 from (33, 39)]
I1014 15:20:30.848901  8947 thread_intergrate.hpp:186] T-Intergrate-intergrate Show face :1, size :640 * 360
I1014 15:20:30.849391  8943 demo_inner.hpp:435] thread [SORT-0]  frame id 60 sorting queue size 1   FPS: 29.8734
I1014 15:20:30.861685  8942 demo_inner.hpp:260]  gui queue size 1, state = running
I1014 15:20:30.866369  8946 work_thread.hpp:81]  [T-Work-Recog_1] Run work: WorkCompare
I1014 15:20:30.866837  8946 work_compare.cpp:76] Compare face: 1 successed, similarity :0.995981, name : images/ThangLMb.jpg, normal size : 1548 * 1719!
I1014 15:20:30.876503  8941 demo_inner.hpp:177] decode queue size 0
I1014 15:20:30.876739  8944 work_thread.hpp:81]  [T-Work-Detect_0] Run work: WorkDetect
I1014 15:20:30.876777  8944 work_detect.cpp:102] Succeeded to add det start for frame 61
I1014 15:20:30.883327  8944 work_detect.cpp:70] Frame :61 detect result :1 face(s)
I1014 15:20:30.883381  8944 work_detect.cpp:86] Detected bbox: [137 x 187 from (235, 166)]
I1014 15:20:30.883432  8944 work_detect.cpp:120] Succeeded to add det end for frame 61
I1014 15:20:30.883450  8944 work_thread.hpp:81]  [T-Work-Detect_0] Run work: WrokTrack
I1014 15:20:30.883478  8944 work_track.cpp:82] Frame: 61 build input_characts: [0.214062 x 0.519444 from (0.367188, 0.461111)], 0.999622, 0
I1014 15:20:30.883635  8944 work_track.cpp:102] Succeeded to set track lock for frame 61
I1014 15:20:30.883683  8944 work_track.cpp:116] Succeeded to release track lock for frame 61
I1014 15:20:30.883699  8944 work_track.cpp:120] Track results of frame 61: 1 objects input, 1 objects tracked!
I1014 15:20:30.883718  8944 work_track.cpp:148] Frame: 61, track bbox: [137 x 187 from (234.243, 165.158)], gid: 1, lid: 0
I1014 15:20:30.883756  8944 work_thread.hpp:87]  [T-Work-Detect_0] Frame :61 split
I1014 15:20:30.883775  8944 work_thread.hpp:120]  [T-Work-Detect_0] Valid piece: gid = 1
I1014 15:20:30.883795  8944 work_thread.hpp:91]  [T-Work-Detect_0] Push to split queue:recog
I1014 15:20:30.883867  8945 work_thread.hpp:81]  [T-Work-Recog_0] Run work: WorkCapture
I1014 15:20:30.884212  8947 thread_intergrate.hpp:78] [T-Intergrate-intergrate] queue: frame output frame :61
I1014 15:20:30.884240  8947 thread_intergrate.hpp:85] [T-Intergrate-intergrate] queue: compare output face:1
I1014 15:20:30.884258  8947 thread_intergrate.hpp:144] T-Intergrate-intergrate set matched face: 1
I1014 15:20:30.884434  8945 work_thread.hpp:81]  [T-Work-Recog_0] Run work: WorkRecog
I1014 15:20:30.884457  8945 work_recog.hpp:89] Face id: 1 will run recog: bbox [137 x 187 from (235, 166)] quality: 0.417727
I1014 15:20:30.884486  8945 work_recog.hpp:96] Recog pair: [192 x 232 from (208, 128)], [137 x 187 from (27, 38)]
I1014 15:20:30.885757  8947 thread_intergrate.hpp:186] T-Intergrate-intergrate Show face :1, size :640 * 360
I1014 15:20:30.886301  8943 demo_inner.hpp:435] thread [SORT-0]  frame id 61 sorting queue size 0   FPS: 29.8211
I1014 15:20:30.902222  8945 work_thread.hpp:81]  [T-Work-Recog_0] Run work: WorkCompare
I1014 15:20:30.902685  8945 work_compare.cpp:76] Compare face: 1 successed, similarity :0.993952, name : images/ThangLMb.jpg, normal size : 1548 * 1719!
I1014 15:20:30.912076  8941 demo_inner.hpp:177] decode queue size 0
I1014 15:20:30.912222  8944 work_thread.hpp:81]  [T-Work-Detect_0] Run work: WorkDetect
I1014 15:20:30.912256  8944 work_detect.cpp:102] Succeeded to add det start for frame 62
I1014 15:20:30.918896  8944 work_detect.cpp:70] Frame :62 detect result :1 face(s)
I1014 15:20:30.918946  8944 work_detect.cpp:86] Detected bbox: [152 x 193 from (238, 162)]
I1014 15:20:30.918987  8944 work_detect.cpp:120] Succeeded to add det end for frame 62
I1014 15:20:30.919003  8944 work_thread.hpp:81]  [T-Work-Detect_0] Run work: WrokTrack
I1014 15:20:30.919028  8944 work_track.cpp:82] Frame: 62 build input_characts: [0.2375 x 0.536111 from (0.371875, 0.45)], 1.00019, 0
I1014 15:20:30.919085  8944 work_track.cpp:102] Succeeded to set track lock for frame 62
I1014 15:20:30.919123  8944 work_track.cpp:116] Succeeded to release track lock for frame 62
I1014 15:20:30.919137  8944 work_track.cpp:120] Track results of frame 62: 1 objects input, 1 objects tracked!
I1014 15:20:30.919155  8944 work_track.cpp:148] Frame: 62, track bbox: [152 x 193 from (233.057, 162.718)], gid: 1, lid: 0
I1014 15:20:30.919190  8944 work_thread.hpp:87]  [T-Work-Detect_0] Frame :62 split
I1014 15:20:30.919209  8944 work_thread.hpp:120]  [T-Work-Detect_0] Valid piece: gid = 1
I1014 15:20:30.919226  8944 work_thread.hpp:91]  [T-Work-Detect_0] Push to split queue:recog
I1014 15:20:30.919275  8945 work_thread.hpp:81]  [T-Work-Recog_0] Run work: WorkCapture
I1014 15:20:30.919569  8947 thread_intergrate.hpp:78] [T-Intergrate-intergrate] queue: frame output frame :62
I1014 15:20:30.919595  8947 thread_intergrate.hpp:85] [T-Intergrate-intergrate] queue: compare output face:1
I1014 15:20:30.919615  8947 thread_intergrate.hpp:144] T-Intergrate-intergrate set matched face: 1
I1014 15:20:30.919842  8945 work_thread.hpp:81]  [T-Work-Recog_0] Run work: WorkRecog
I1014 15:20:30.919867  8945 work_recog.hpp:89] Face id: 1 will run recog: bbox [152 x 193 from (238, 162)] quality: 0.465942
I1014 15:20:30.919896  8945 work_recog.hpp:96] Recog pair: [216 x 240 from (208, 120)], [152 x 193 from (30, 42)]
I1014 15:20:30.921151  8947 thread_intergrate.hpp:186] T-Intergrate-intergrate Show face :1, size :640 * 360
I1014 15:20:30.921772  8943 demo_inner.hpp:435] thread [SORT-0]  frame id 62 sorting queue size 1   FPS: 29.8954
I1014 15:20:30.934003  8942 demo_inner.hpp:260]  gui queue size 1, state = running
I1014 15:20:30.938261  8945 work_thread.hpp:81]  [T-Work-Recog_0] Run work: WorkCompare
I1014 15:20:30.938727  8945 work_compare.cpp:76] Compare face: 1 successed, similarity :0.994481, name : images/ThangLMb.jpg, normal size : 1548 * 1719!
I1014 15:20:30.942504  8941 demo_inner.hpp:177] decode queue size 0
I1014 15:20:30.942703  8944 work_thread.hpp:81]  [T-Work-Detect_0] Run work: WorkDetect
I1014 15:20:30.942737  8944 work_detect.cpp:102] Succeeded to add det start for frame 63
I1014 15:20:30.949357  8944 work_detect.cpp:70] Frame :63 detect result :1 face(s)
I1014 15:20:30.949399  8944 work_detect.cpp:86] Detected bbox: [144 x 195 from (234, 161)]
I1014 15:20:30.949442  8944 work_detect.cpp:120] Succeeded to add det end for frame 63
I1014 15:20:30.949457  8944 work_thread.hpp:81]  [T-Work-Detect_0] Run work: WrokTrack
I1014 15:20:30.949481  8944 work_track.cpp:82] Frame: 63 build input_characts: [0.225 x 0.541667 from (0.365625, 0.447222)], 0.998877, 0
I1014 15:20:30.949537  8944 work_track.cpp:102] Succeeded to set track lock for frame 63
I1014 15:20:30.949576  8944 work_track.cpp:116] Succeeded to release track lock for frame 63
I1014 15:20:30.949590  8944 work_track.cpp:120] Track results of frame 63: 1 objects input, 1 objects tracked!
I1014 15:20:30.949609  8944 work_track.cpp:148] Frame: 63, track bbox: [144 x 195 from (237.19, 162.209)], gid: 1, lid: 0
I1014 15:20:30.949645  8944 work_thread.hpp:87]  [T-Work-Detect_0] Frame :63 split
I1014 15:20:30.949662  8944 work_thread.hpp:120]  [T-Work-Detect_0] Valid piece: gid = 1
I1014 15:20:30.949681  8944 work_thread.hpp:91]  [T-Work-Detect_0] Push to split queue:recog
I1014 15:20:30.949725  8946 work_thread.hpp:81]  [T-Work-Recog_1] Run work: WorkCapture
I1014 15:20:30.949728  8947 thread_intergrate.hpp:78] [T-Intergrate-intergrate] queue: frame output frame :63
I1014 15:20:30.949767  8947 thread_intergrate.hpp:85] [T-Intergrate-intergrate] queue: compare output face:1
I1014 15:20:30.949786  8947 thread_intergrate.hpp:144] T-Intergrate-intergrate set matched face: 1
I1014 15:20:30.950310  8946 work_thread.hpp:81]  [T-Work-Recog_1] Run work: WorkRecog
I1014 15:20:30.950335  8946 work_recog.hpp:89] Face id: 1 will run recog: bbox [144 x 195 from (234, 161)] quality: 0.442562
I1014 15:20:30.950371  8946 work_recog.hpp:96] Recog pair: [208 x 240 from (200, 120)], [144 x 195 from (34, 41)]
I1014 15:20:30.951246  8947 thread_intergrate.hpp:186] T-Intergrate-intergrate Show face :1, size :640 * 360
I1014 15:20:30.951822  8943 demo_inner.hpp:435] thread [SORT-0]  frame id 63 sorting queue size 0   FPS: 29.9103
I1014 15:20:30.968327  8946 work_thread.hpp:81]  [T-Work-Recog_1] Run work: WorkCompare
I1014 15:20:30.968791  8946 work_compare.cpp:76] Compare face: 1 successed, similarity :0.993526, name : images/ThangLMb.jpg, normal size : 1548 * 1719!
I1014 15:20:30.978720  8941 demo_inner.hpp:177] decode queue size 0
I1014 15:20:30.978843  8944 work_thread.hpp:81]  [T-Work-Detect_0] Run work: WorkDetect
I1014 15:20:30.978881  8944 work_detect.cpp:102] Succeeded to add det start for frame 64
I1014 15:20:30.985505  8944 work_detect.cpp:70] Frame :64 detect result :1 face(s)
I1014 15:20:30.985551  8944 work_detect.cpp:86] Detected bbox: [147 x 196 from (233, 160)]
I1014 15:20:30.985594  8944 work_detect.cpp:120] Succeeded to add det end for frame 64
I1014 15:20:30.985610  8944 work_thread.hpp:81]  [T-Work-Detect_0] Run work: WrokTrack
I1014 15:20:30.985635  8944 work_track.cpp:82] Frame: 64 build input_characts: [0.229687 x 0.544444 from (0.364062, 0.444444)], 0.999622, 0
I1014 15:20:30.985688  8944 work_track.cpp:102] Succeeded to set track lock for frame 64
I1014 15:20:30.985728  8944 work_track.cpp:116] Succeeded to release track lock for frame 64
I1014 15:20:30.985743  8944 work_track.cpp:120] Track results of frame 64: 1 objects input, 1 objects tracked!
I1014 15:20:30.985833  8944 work_track.cpp:148] Frame: 64, track bbox: [147 x 196 from (235.285, 160.005)], gid: 1, lid: 0
I1014 15:20:30.985872  8944 work_thread.hpp:87]  [T-Work-Detect_0] Frame :64 split
I1014 15:20:30.985889  8944 work_thread.hpp:120]  [T-Work-Detect_0] Valid piece: gid = 1
I1014 15:20:30.985908  8944 work_thread.hpp:91]  [T-Work-Detect_0] Push to split queue:recog
I1014 15:20:30.985956  8946 work_thread.hpp:81]  [T-Work-Recog_1] Run work: WorkCapture
I1014 15:20:30.985958  8947 thread_intergrate.hpp:78] [T-Intergrate-intergrate] queue: frame output frame :64
I1014 15:20:30.985998  8947 thread_intergrate.hpp:85] [T-Intergrate-intergrate] queue: compare output face:1
I1014 15:20:30.986018  8947 thread_intergrate.hpp:144] T-Intergrate-intergrate set matched face: 1
I1014 15:20:30.986552  8946 work_thread.hpp:81]  [T-Work-Recog_1] Run work: WorkRecog
I1014 15:20:30.986577  8946 work_recog.hpp:89] Face id: 1 will run recog: bbox [147 x 196 from (233, 160)] quality: 0.46415
I1014 15:20:30.986608  8946 work_recog.hpp:96] Recog pair: [216 x 240 from (200, 120)], [147 x 196 from (33, 40)]
I1014 15:20:30.987489  8947 thread_intergrate.hpp:186] T-Intergrate-intergrate Show face :1, size :640 * 360
I1014 15:20:30.988075  8943 demo_inner.hpp:435] thread [SORT-0]  frame id 64 sorting queue size 1   FPS: 29.9252
I1014 15:20:31.004072  8946 work_thread.hpp:81]  [T-Work-Recog_1] Run work: WorkCompare
I1014 15:20:31.004554  8946 work_compare.cpp:76] Compare face: 1 successed, similarity :0.99261, name : images/ThangLMb.jpg, normal size : 1548 * 1719!
I1014 15:20:31.008275  8941 demo_inner.hpp:177] decode queue size 0
I1014 15:20:31.008373  8944 work_thread.hpp:81]  [T-Work-Detect_0] Run work: WorkDetect
I1014 15:20:31.008406  8944 work_detect.cpp:102] Succeeded to add det start for frame 65
I1014 15:20:31.012151  8942 demo_inner.hpp:260]  gui queue size 1, state = running
I1014 15:20:31.016187  8944 work_detect.cpp:70] Frame :65 detect result :1 face(s)
I1014 15:20:31.016244  8944 work_detect.cpp:86] Detected bbox: [158 x 208 from (236, 137)]
I1014 15:20:31.016288  8944 work_detect.cpp:120] Succeeded to add det end for frame 65
I1014 15:20:31.016304  8944 work_thread.hpp:81]  [T-Work-Detect_0] Run work: WrokTrack
I1014 15:20:31.016330  8944 work_track.cpp:82] Frame: 65 build input_characts: [0.246875 x 0.577778 from (0.36875, 0.380556)], 0.999622, 0
I1014 15:20:31.016386  8944 work_track.cpp:102] Succeeded to set track lock for frame 65
I1014 15:20:31.016425  8944 work_track.cpp:116] Succeeded to release track lock for frame 65
I1014 15:20:31.016440  8944 work_track.cpp:120] Track results of frame 65: 1 objects input, 1 objects tracked!
I1014 15:20:31.016458  8944 work_track.cpp:148] Frame: 65, track bbox: [158 x 208 from (233.568, 144.918)], gid: 1, lid: 0
I1014 15:20:31.016495  8944 work_thread.hpp:87]  [T-Work-Detect_0] Frame :65 split
I1014 15:20:31.016513  8944 work_thread.hpp:120]  [T-Work-Detect_0] Valid piece: gid = 1
I1014 15:20:31.016532  8944 work_thread.hpp:91]  [T-Work-Detect_0] Push to split queue:recog
I1014 15:20:31.016583  8945 work_thread.hpp:81]  [T-Work-Recog_0] Run work: WorkCapture
I1014 15:20:31.016592  8947 thread_intergrate.hpp:78] [T-Intergrate-intergrate] queue: frame output frame :65
I1014 15:20:31.016616  8947 thread_intergrate.hpp:85] [T-Intergrate-intergrate] queue: compare output face:1
I1014 15:20:31.016635  8947 thread_intergrate.hpp:144] T-Intergrate-intergrate set matched face: 1
I1014 15:20:31.017176  8945 work_thread.hpp:81]  [T-Work-Recog_0] Run work: WorkRecog
I1014 15:20:31.017201  8945 work_recog.hpp:89] Face id: 1 will run recog: bbox [158 x 208 from (236, 137)] quality: 0.477174
I1014 15:20:31.017235  8945 work_recog.hpp:96] Recog pair: [232 x 264 from (200, 96)], [158 x 208 from (36, 41)]
I1014 15:20:31.018102  8947 thread_intergrate.hpp:186] T-Intergrate-intergrate Show face :1, size :640 * 360
I1014 15:20:31.018678  8943 demo_inner.hpp:435] thread [SORT-0]  frame id 65 sorting queue size 0   FPS: 29.9103
I1014 15:20:31.034885  8945 work_thread.hpp:81]  [T-Work-Recog_0] Run work: WorkCompare
I1014 15:20:31.035351  8945 work_compare.cpp:76] Compare face: 1 successed, similarity :0.995393, name : images/ThangLMb.jpg, normal size : 1548 * 1719!
I1014 15:20:31.044019  8941 demo_inner.hpp:177] decode queue size 0
I1014 15:20:31.044142  8944 work_thread.hpp:81]  [T-Work-Detect_0] Run work: WorkDetect
I1014 15:20:31.044198  8944 work_detect.cpp:102] Succeeded to add det start for frame 66
I1014 15:20:31.051046  8944 work_detect.cpp:70] Frame :66 detect result :1 face(s)
I1014 15:20:31.051092  8944 work_detect.cpp:86] Detected bbox: [156 x 193 from (239, 157)]
I1014 15:20:31.051141  8944 work_detect.cpp:120] Succeeded to add det end for frame 66
I1014 15:20:31.051157  8944 work_thread.hpp:81]  [T-Work-Detect_0] Run work: WrokTrack
I1014 15:20:31.051185  8944 work_track.cpp:82] Frame: 66 build input_characts: [0.24375 x 0.536111 from (0.373437, 0.436111)], 0.999622, 0
I1014 15:20:31.051247  8944 work_track.cpp:102] Succeeded to set track lock for frame 66
I1014 15:20:31.051292  8944 work_track.cpp:116] Succeeded to release track lock for frame 66
I1014 15:20:31.051307  8944 work_track.cpp:120] Track results of frame 66: 1 objects input, 1 objects tracked!
I1014 15:20:31.051326  8944 work_track.cpp:148] Frame: 66, track bbox: [156 x 193 from (237.401, 152.403)], gid: 1, lid: 0
I1014 15:20:31.051364  8944 work_thread.hpp:87]  [T-Work-Detect_0] Frame :66 split
I1014 15:20:31.051383  8944 work_thread.hpp:120]  [T-Work-Detect_0] Valid piece: gid = 1
I1014 15:20:31.051403  8944 work_thread.hpp:91]  [T-Work-Detect_0] Push to split queue:recog
I1014 15:20:31.051456  8946 work_thread.hpp:81]  [T-Work-Recog_1] Run work: WorkCapture
I1014 15:20:31.051461  8947 thread_intergrate.hpp:78] [T-Intergrate-intergrate] queue: frame output frame :66
I1014 15:20:31.051486  8947 thread_intergrate.hpp:85] [T-Intergrate-intergrate] queue: compare output face:1
I1014 15:20:31.051504  8947 thread_intergrate.hpp:144] T-Intergrate-intergrate set matched face: 1
I1014 15:20:31.052248  8946 work_thread.hpp:81]  [T-Work-Recog_1] Run work: WorkRecog
I1014 15:20:31.052273  8946 work_recog.hpp:89] Face id: 1 will run recog: bbox [156 x 193 from (239, 157)] quality: 0.467119
I1014 15:20:31.052307  8946 work_recog.hpp:96] Recog pair: [224 x 248 from (208, 112)], [156 x 193 from (31, 45)]
I1014 15:20:31.053025  8947 thread_intergrate.hpp:186] T-Intergrate-intergrate Show face :1, size :640 * 360
I1014 15:20:31.053578  8943 demo_inner.hpp:435] thread [SORT-0]  frame id 66 sorting queue size 1   FPS: 29.9551
I1014 15:20:31.069983  8946 work_thread.hpp:81]  [T-Work-Recog_1] Run work: WorkCompare
I1014 15:20:31.070456  8946 work_compare.cpp:76] Compare face: 1 successed, similarity :0.993907, name : images/ThangLMb.jpg, normal size : 1548 * 1719!
I1014 15:20:31.074213  8941 demo_inner.hpp:177] decode queue size 0
I1014 15:20:31.074296  8944 work_thread.hpp:81]  [T-Work-Detect_0] Run work: WorkDetect
I1014 15:20:31.074331  8944 work_detect.cpp:102] Succeeded to add det start for frame 67
I1014 15:20:31.081233  8944 work_detect.cpp:70] Frame :67 detect result :1 face(s)
I1014 15:20:31.081282  8944 work_detect.cpp:86] Detected bbox: [145 x 195 from (245, 143)]
I1014 15:20:31.081326  8944 work_detect.cpp:120] Succeeded to add det end for frame 67
I1014 15:20:31.081341  8944 work_thread.hpp:81]  [T-Work-Detect_0] Run work: WrokTrack
I1014 15:20:31.081365  8944 work_track.cpp:82] Frame: 67 build input_characts: [0.226562 x 0.541667 from (0.382812, 0.397222)], 0.999622, 0
I1014 15:20:31.081420  8944 work_track.cpp:102] Succeeded to set track lock for frame 67
I1014 15:20:31.081460  8944 work_track.cpp:116] Succeeded to release track lock for frame 67
I1014 15:20:31.081475  8944 work_track.cpp:120] Track results of frame 67: 1 objects input, 1 objects tracked!
I1014 15:20:31.081492  8944 work_track.cpp:148] Frame: 67, track bbox: [145 x 195 from (244.392, 145.46)], gid: 1, lid: 0
I1014 15:20:31.081528  8944 work_thread.hpp:87]  [T-Work-Detect_0] Frame :67 split
I1014 15:20:31.081621  8944 work_thread.hpp:120]  [T-Work-Detect_0] Valid piece: gid = 1
I1014 15:20:31.081641  8944 work_thread.hpp:91]  [T-Work-Detect_0] Push to split queue:recog
I1014 15:20:31.081682  8945 work_thread.hpp:81]  [T-Work-Recog_0] Run work: WorkCapture
I1014 15:20:31.081698  8947 thread_intergrate.hpp:78] [T-Intergrate-intergrate] queue: frame output frame :67
I1014 15:20:31.081723  8947 thread_intergrate.hpp:85] [T-Intergrate-intergrate] queue: compare output face:1
I1014 15:20:31.081743  8947 thread_intergrate.hpp:144] T-Intergrate-intergrate set matched face: 1
I1014 15:20:31.082264  8945 work_thread.hpp:81]  [T-Work-Recog_0] Run work: WorkRecog
I1014 15:20:31.082293  8945 work_recog.hpp:89] Face id: 1 will run recog: bbox [145 x 195 from (245, 143)] quality: 0.468255
I1014 15:20:31.082326  8945 work_recog.hpp:96] Recog pair: [208 x 256 from (216, 104)], [145 x 195 from (29, 39)]
I1014 15:20:31.083206  8947 thread_intergrate.hpp:186] T-Intergrate-intergrate Show face :1, size :640 * 360
I1014 15:20:31.083755  8943 demo_inner.hpp:435] thread [SORT-0]  frame id 67 sorting queue size 2   FPS: 29.97
I1014 15:20:31.099956  8945 work_thread.hpp:81]  [T-Work-Recog_0] Run work: WorkCompare
I1014 15:20:31.100440  8945 work_compare.cpp:76] Compare face: 1 successed, similarity :0.995707, name : images/ThangLMb.jpg, normal size : 1548 * 1719!
I1014 15:20:31.110091  8941 demo_inner.hpp:177] decode queue size 0
I1014 15:20:31.110206  8944 work_thread.hpp:81]  [T-Work-Detect_0] Run work: WorkDetect
I1014 15:20:31.110239  8944 work_detect.cpp:102] Succeeded to add det start for frame 68
I1014 15:20:31.116864  8944 work_detect.cpp:70] Frame :68 detect result :1 face(s)
I1014 15:20:31.116910  8944 work_detect.cpp:86] Detected bbox: [143 x 191 from (248, 142)]
I1014 15:20:31.116953  8944 work_detect.cpp:120] Succeeded to add det end for frame 68
I1014 15:20:31.116971  8944 work_thread.hpp:81]  [T-Work-Detect_0] Run work: WrokTrack
I1014 15:20:31.116994  8944 work_track.cpp:82] Frame: 68 build input_characts: [0.223438 x 0.530556 from (0.3875, 0.394444)], 1.00019, 0
I1014 15:20:31.117050  8944 work_track.cpp:102] Succeeded to set track lock for frame 68
I1014 15:20:31.117089  8944 work_track.cpp:116] Succeeded to release track lock for frame 68
I1014 15:20:31.117105  8944 work_track.cpp:120] Track results of frame 68: 1 objects input, 1 objects tracked!
I1014 15:20:31.117122  8944 work_track.cpp:148] Frame: 68, track bbox: [143 x 191 from (249.389, 142.31)], gid: 1, lid: 0
I1014 15:20:31.117158  8944 work_thread.hpp:87]  [T-Work-Detect_0] Frame :68 split
I1014 15:20:31.117177  8944 work_thread.hpp:120]  [T-Work-Detect_0] Valid piece: gid = 1
I1014 15:20:31.117194  8944 work_thread.hpp:91]  [T-Work-Detect_0] Push to split queue:recog
I1014 15:20:31.117242  8945 work_thread.hpp:81]  [T-Work-Recog_0] Run work: WorkCapture
I1014 15:20:31.117537  8947 thread_intergrate.hpp:78] [T-Intergrate-intergrate] queue: frame output frame :68
I1014 15:20:31.117563  8947 thread_intergrate.hpp:85] [T-Intergrate-intergrate] queue: compare output face:1
I1014 15:20:31.117583  8947 thread_intergrate.hpp:144] T-Intergrate-intergrate set matched face: 1
I1014 15:20:31.117799  8945 work_thread.hpp:81]  [T-Work-Recog_0] Run work: WorkRecog
I1014 15:20:31.117822  8945 work_recog.hpp:89] Face id: 1 will run recog: bbox [143 x 191 from (248, 142)] quality: 0.4759
I1014 15:20:31.117852  8945 work_recog.hpp:96] Recog pair: [208 x 256 from (216, 104)], [143 x 191 from (32, 38)]
I1014 15:20:31.118446  8942 demo_inner.hpp:260]  gui queue size 2, state = running
I1014 15:20:31.119182  8947 thread_intergrate.hpp:186] T-Intergrate-intergrate Show face :1, size :640 * 360
I1014 15:20:31.119825  8943 demo_inner.hpp:435] thread [SORT-0]  frame id 68 sorting queue size 0   FPS: 30
I1014 15:20:31.135984  8945 work_thread.hpp:81]  [T-Work-Recog_0] Run work: WorkCompare
I1014 15:20:31.136476  8945 work_compare.cpp:76] Compare face: 1 successed, similarity :0.996071, name : images/ThangLMb.jpg, normal size : 1548 * 1719!
I1014 15:20:31.146328  8941 demo_inner.hpp:177] decode queue size 0
I1014 15:20:31.146553  8944 work_thread.hpp:81]  [T-Work-Detect_0] Run work: WorkDetect
I1014 15:20:31.146589  8944 work_detect.cpp:102] Succeeded to add det start for frame 69
I1014 15:20:31.153265  8944 work_detect.cpp:70] Frame :69 detect result :1 face(s)
I1014 15:20:31.153311  8944 work_detect.cpp:86] Detected bbox: [127 x 182 from (251, 144)]
I1014 15:20:31.153354  8944 work_detect.cpp:120] Succeeded to add det end for frame 69
I1014 15:20:31.153370  8944 work_thread.hpp:81]  [T-Work-Detect_0] Run work: WrokTrack
I1014 15:20:31.153394  8944 work_track.cpp:82] Frame: 69 build input_characts: [0.198437 x 0.505556 from (0.392188, 0.4)], 1.00019, 0
I1014 15:20:31.153450  8944 work_track.cpp:102] Succeeded to set track lock for frame 69
I1014 15:20:31.153488  8944 work_track.cpp:116] Succeeded to release track lock for frame 69
I1014 15:20:31.153502  8944 work_track.cpp:120] Track results of frame 69: 1 objects input, 1 objects tracked!
I1014 15:20:31.153520  8944 work_track.cpp:148] Frame: 69, track bbox: [127 x 182 from (255.364, 143.365)], gid: 1, lid: 0
I1014 15:20:31.153558  8944 work_thread.hpp:87]  [T-Work-Detect_0] Frame :69 split
I1014 15:20:31.153574  8944 work_thread.hpp:120]  [T-Work-Detect_0] Valid piece: gid = 1
I1014 15:20:31.153594  8944 work_thread.hpp:91]  [T-Work-Detect_0] Push to split queue:recog
I1014 15:20:31.153640  8945 work_thread.hpp:81]  [T-Work-Recog_0] Run work: WorkCapture
I1014 15:20:31.153944  8947 thread_intergrate.hpp:78] [T-Intergrate-intergrate] queue: frame output frame :69
I1014 15:20:31.153972  8947 thread_intergrate.hpp:85] [T-Intergrate-intergrate] queue: compare output face:1
I1014 15:20:31.153991  8947 thread_intergrate.hpp:144] T-Intergrate-intergrate set matched face: 1
I1014 15:20:31.154196  8945 work_thread.hpp:81]  [T-Work-Recog_0] Run work: WorkRecog
I1014 15:20:31.154220  8945 work_recog.hpp:89] Face id: 1 will run recog: bbox [127 x 182 from (251, 144)] quality: 0.463942
I1014 15:20:31.154249  8945 work_recog.hpp:96] Recog pair: [184 x 256 from (224, 104)], [127 x 182 from (27, 40)]
I1014 15:20:31.155527  8947 thread_intergrate.hpp:186] T-Intergrate-intergrate Show face :1, size :640 * 360
I1014 15:20:31.156112  8943 demo_inner.hpp:435] thread [SORT-0]  frame id 69 sorting queue size 1   FPS: 29.9607
I1014 15:20:31.171739  8945 work_thread.hpp:81]  [T-Work-Recog_0] Run work: WorkCompare
I1014 15:20:31.172230  8945 work_compare.cpp:76] Compare face: 1 successed, similarity :0.996229, name : images/ThangLMb.jpg, normal size : 1548 * 1719!
I1014 15:20:31.176254  8941 demo_inner.hpp:177] decode queue size 0
I1014 15:20:31.176362  8944 work_thread.hpp:81]  [T-Work-Detect_0] Run work: WorkDetect
I1014 15:20:31.176396  8944 work_detect.cpp:102] Succeeded to add det start for frame 70
I1014 15:20:31.183050  8944 work_detect.cpp:70] Frame :70 detect result :1 face(s)
I1014 15:20:31.183099  8944 work_detect.cpp:86] Detected bbox: [141 x 188 from (252, 139)]
I1014 15:20:31.183142  8944 work_detect.cpp:120] Succeeded to add det end for frame 70
I1014 15:20:31.183159  8944 work_thread.hpp:81]  [T-Work-Detect_0] Run work: WrokTrack
I1014 15:20:31.183183  8944 work_track.cpp:82] Frame: 70 build input_characts: [0.220313 x 0.522222 from (0.39375, 0.386111)], 1.00019, 0
I1014 15:20:31.183238  8944 work_track.cpp:102] Succeeded to set track lock for frame 70
I1014 15:20:31.183279  8944 work_track.cpp:116] Succeeded to release track lock for frame 70
I1014 15:20:31.183292  8944 work_track.cpp:120] Track results of frame 70: 1 objects input, 1 objects tracked!
I1014 15:20:31.183311  8944 work_track.cpp:148] Frame: 70, track bbox: [141 x 188 from (249.454, 139.046)], gid: 1, lid: 0
I1014 15:20:31.183348  8944 work_thread.hpp:87]  [T-Work-Detect_0] Frame :70 split
I1014 15:20:31.183365  8944 work_thread.hpp:120]  [T-Work-Detect_0] Valid piece: gid = 1
I1014 15:20:31.183383  8944 work_thread.hpp:91]  [T-Work-Detect_0] Push to split queue:recog
I1014 15:20:31.183430  8946 work_thread.hpp:81]  [T-Work-Recog_1] Run work: WorkCapture
I1014 15:20:31.183732  8947 thread_intergrate.hpp:78] [T-Intergrate-intergrate] queue: frame output frame :70
I1014 15:20:31.183846  8947 thread_intergrate.hpp:85] [T-Intergrate-intergrate] queue: compare output face:1
I1014 15:20:31.183867  8947 thread_intergrate.hpp:144] T-Intergrate-intergrate set matched face: 1
I1014 15:20:31.183984  8946 work_thread.hpp:81]  [T-Work-Recog_1] Run work: WorkRecog
I1014 15:20:31.184006  8946 work_recog.hpp:89] Face id: 1 will run recog: bbox [141 x 188 from (252, 139)] quality: 0.470899
I1014 15:20:31.184036  8946 work_recog.hpp:96] Recog pair: [200 x 264 from (224, 96)], [141 x 188 from (28, 43)]
I1014 15:20:31.185443  8947 thread_intergrate.hpp:186] T-Intergrate-intergrate Show face :1, size :640 * 360
I1014 15:20:31.186038  8942 demo_inner.hpp:260]  gui queue size 1, state = running
I1014 15:20:31.186081  8943 demo_inner.hpp:435] thread [SORT-0]  frame id 70 sorting queue size 0   FPS: 30.0345
I1014 15:20:31.201840  8946 work_thread.hpp:81]  [T-Work-Recog_1] Run work: WorkCompare
I1014 15:20:31.202306  8946 work_compare.cpp:76] Compare face: 1 successed, similarity :0.997617, name : images/ThangLMb.jpg, normal size : 1548 * 1719!
I1014 15:20:31.212049  8941 demo_inner.hpp:177] decode queue size 0
I1014 15:20:31.212193  8944 work_thread.hpp:81]  [T-Work-Detect_0] Run work: WorkDetect
I1014 15:20:31.212229  8944 work_detect.cpp:102] Succeeded to add det start for frame 71
I1014 15:20:31.218796  8944 work_detect.cpp:70] Frame :71 detect result :1 face(s)
I1014 15:20:31.218847  8944 work_detect.cpp:86] Detected bbox: [138 x 188 from (255, 139)]
I1014 15:20:31.218894  8944 work_detect.cpp:120] Succeeded to add det end for frame 71
I1014 15:20:31.218911  8944 work_thread.hpp:81]  [T-Work-Detect_0] Run work: WrokTrack
I1014 15:20:31.218940  8944 work_track.cpp:82] Frame: 71 build input_characts: [0.215625 x 0.522222 from (0.398438, 0.386111)], 1.00019, 0
I1014 15:20:31.219005  8944 work_track.cpp:102] Succeeded to set track lock for frame 71
I1014 15:20:31.219050  8944 work_track.cpp:116] Succeeded to release track lock for frame 71
I1014 15:20:31.219065  8944 work_track.cpp:120] Track results of frame 71: 1 objects input, 1 objects tracked!
I1014 15:20:31.219084  8944 work_track.cpp:148] Frame: 71, track bbox: [138 x 188 from (253.376, 135.647)], gid: 1, lid: 0
I1014 15:20:31.219123  8944 work_thread.hpp:87]  [T-Work-Detect_0] Frame :71 split
I1014 15:20:31.219142  8944 work_thread.hpp:120]  [T-Work-Detect_0] Valid piece: gid = 1
I1014 15:20:31.219162  8944 work_thread.hpp:91]  [T-Work-Detect_0] Push to split queue:recog
I1014 15:20:31.219221  8946 work_thread.hpp:81]  [T-Work-Recog_1] Run work: WorkCapture
I1014 15:20:31.219240  8947 thread_intergrate.hpp:78] [T-Intergrate-intergrate] queue: frame output frame :71
I1014 15:20:31.219266  8947 thread_intergrate.hpp:85] [T-Intergrate-intergrate] queue: compare output face:1
I1014 15:20:31.219285  8947 thread_intergrate.hpp:144] T-Intergrate-intergrate set matched face: 1
I1014 15:20:31.219830  8946 work_thread.hpp:81]  [T-Work-Recog_1] Run work: WorkRecog
I1014 15:20:31.219856  8946 work_recog.hpp:89] Face id: 1 will run recog: bbox [138 x 188 from (255, 139)] quality: 0.475482
I1014 15:20:31.219887  8946 work_recog.hpp:96] Recog pair: [200 x 264 from (224, 96)], [138 x 188 from (31, 43)]
I1014 15:20:31.220800  8947 thread_intergrate.hpp:186] T-Intergrate-intergrate Show face :1, size :640 * 360
I1014 15:20:31.221345  8943 demo_inner.hpp:435] thread [SORT-0]  frame id 71 sorting queue size 1   FPS: 29.9313
I1014 15:20:31.237387  8946 work_thread.hpp:81]  [T-Work-Recog_1] Run work: WorkCompare
I1014 15:20:31.237855  8946 work_compare.cpp:76] Compare face: 1 successed, similarity :0.997324, name : images/ThangLMb.jpg, normal size : 1548 * 1719!
I1014 15:20:31.242210  8941 demo_inner.hpp:177] decode queue size 0
I1014 15:20:31.242326  8944 work_thread.hpp:81]  [T-Work-Detect_0] Run work: WorkDetect
I1014 15:20:31.242358  8944 work_detect.cpp:102] Succeeded to add det start for frame 72
I1014 15:20:31.249030  8944 work_detect.cpp:70] Frame :72 detect result :1 face(s)
I1014 15:20:31.249155  8944 work_detect.cpp:86] Detected bbox: [150 x 204 from (252, 116)]
I1014 15:20:31.249199  8944 work_detect.cpp:120] Succeeded to add det end for frame 72
I1014 15:20:31.249217  8944 work_thread.hpp:81]  [T-Work-Detect_0] Run work: WrokTrack
I1014 15:20:31.249241  8944 work_track.cpp:82] Frame: 72 build input_characts: [0.234375 x 0.566667 from (0.39375, 0.322222)], 0.999622, 0
I1014 15:20:31.249296  8944 work_track.cpp:102] Succeeded to set track lock for frame 72
I1014 15:20:31.249336  8944 work_track.cpp:116] Succeeded to release track lock for frame 72
I1014 15:20:31.249349  8944 work_track.cpp:120] Track results of frame 72: 1 objects input, 1 objects tracked!
I1014 15:20:31.249367  8944 work_track.cpp:148] Frame: 72, track bbox: [150 x 204 from (250.761, 121.699)], gid: 1, lid: 0
I1014 15:20:31.249403  8944 work_thread.hpp:87]  [T-Work-Detect_0] Frame :72 split
I1014 15:20:31.249420  8944 work_thread.hpp:120]  [T-Work-Detect_0] Valid piece: gid = 1
I1014 15:20:31.249439  8944 work_thread.hpp:91]  [T-Work-Detect_0] Push to split queue:recog
I1014 15:20:31.249485  8945 work_thread.hpp:81]  [T-Work-Recog_0] Run work: WorkCapture
I1014 15:20:31.249496  8947 thread_intergrate.hpp:78] [T-Intergrate-intergrate] queue: frame output frame :72
I1014 15:20:31.249521  8947 thread_intergrate.hpp:85] [T-Intergrate-intergrate] queue: compare output face:1
I1014 15:20:31.249541  8947 thread_intergrate.hpp:144] T-Intergrate-intergrate set matched face: 1
I1014 15:20:31.250070  8945 work_thread.hpp:81]  [T-Work-Recog_0] Run work: WorkRecog
I1014 15:20:31.250097  8945 work_recog.hpp:89] Face id: 1 will run recog: bbox [150 x 204 from (252, 116)] quality: 0.444481
I1014 15:20:31.250128  8945 work_recog.hpp:96] Recog pair: [216 x 288 from (216, 72)], [150 x 204 from (36, 44)]
I1014 15:20:31.251013  8947 thread_intergrate.hpp:186] T-Intergrate-intergrate Show face :1, size :640 * 360
I1014 15:20:31.251587  8943 demo_inner.hpp:435] thread [SORT-0]  frame id 72 sorting queue size 2   FPS: 30.0197
I1014 15:20:31.257975  8942 demo_inner.hpp:260]  gui queue size 2, state = running
I1014 15:20:31.267925  8945 work_thread.hpp:81]  [T-Work-Recog_0] Run work: WorkCompare
I1014 15:20:31.268416  8945 work_compare.cpp:76] Compare face: 1 successed, similarity :0.99896, name : images/ThangLMb.jpg, normal size : 1548 * 1719!
I1014 15:20:31.278141  8941 demo_inner.hpp:177] decode queue size 0
I1014 15:20:31.278270  8944 work_thread.hpp:81]  [T-Work-Detect_0] Run work: WorkDetect
I1014 15:20:31.278307  8944 work_detect.cpp:102] Succeeded to add det start for frame 73
I1014 15:20:31.284894  8944 work_detect.cpp:70] Frame :73 detect result :1 face(s)
I1014 15:20:31.284940  8944 work_detect.cpp:86] Detected bbox: [133 x 187 from (262, 136)]
I1014 15:20:31.284983  8944 work_detect.cpp:120] Succeeded to add det end for frame 73
I1014 15:20:31.284999  8944 work_thread.hpp:81]  [T-Work-Detect_0] Run work: WrokTrack
I1014 15:20:31.285024  8944 work_track.cpp:82] Frame: 73 build input_characts: [0.207813 x 0.519444 from (0.409375, 0.377778)], 0.998877, 0
I1014 15:20:31.285080  8944 work_track.cpp:102] Succeeded to set track lock for frame 73
I1014 15:20:31.285121  8944 work_track.cpp:116] Succeeded to release track lock for frame 73
I1014 15:20:31.285135  8944 work_track.cpp:120] Track results of frame 73: 1 objects input, 1 objects tracked!
I1014 15:20:31.285153  8944 work_track.cpp:148] Frame: 73, track bbox: [133 x 187 from (262.181, 131.025)], gid: 1, lid: 0
I1014 15:20:31.285189  8944 work_thread.hpp:87]  [T-Work-Detect_0] Frame :73 split
I1014 15:20:31.285207  8944 work_thread.hpp:120]  [T-Work-Detect_0] Valid piece: gid = 1
I1014 15:20:31.285225  8944 work_thread.hpp:91]  [T-Work-Detect_0] Push to split queue:recog
I1014 15:20:31.285270  8947 thread_intergrate.hpp:78] [T-Intergrate-intergrate] queue: frame output frame :73
I1014 15:20:31.285274  8945 work_thread.hpp:81]  [T-Work-Recog_0] Run work: WorkCapture
I1014 15:20:31.285301  8947 thread_intergrate.hpp:85] [T-Intergrate-intergrate] queue: compare output face:1
I1014 15:20:31.285398  8947 thread_intergrate.hpp:144] T-Intergrate-intergrate set matched face: 1
I1014 15:20:31.285876  8945 work_thread.hpp:81]  [T-Work-Recog_0] Run work: WorkRecog
I1014 15:20:31.285902  8945 work_recog.hpp:89] Face id: 1 will run recog: bbox [133 x 187 from (262, 136)] quality: 0.478607
I1014 15:20:31.285931  8945 work_recog.hpp:96] Recog pair: [192 x 264 from (232, 96)], [133 x 187 from (30, 40)]
I1014 15:20:31.286875  8947 thread_intergrate.hpp:186] T-Intergrate-intergrate Show face :1, size :640 * 360
I1014 15:20:31.287465  8943 demo_inner.hpp:435] thread [SORT-0]  frame id 73 sorting queue size 0   FPS: 29.902
I1014 15:20:31.303653  8945 work_thread.hpp:81]  [T-Work-Recog_0] Run work: WorkCompare
I1014 15:20:31.304119  8945 work_compare.cpp:76] Compare face: 1 successed, similarity :0.99867, name : images/ThangLMb.jpg, normal size : 1548 * 1719!
I1014 15:20:31.308447  8941 demo_inner.hpp:177] decode queue size 0
I1014 15:20:31.308537  8944 work_thread.hpp:81]  [T-Work-Detect_0] Run work: WorkDetect
I1014 15:20:31.308569  8944 work_detect.cpp:102] Succeeded to add det start for frame 74
I1014 15:20:31.315246  8944 work_detect.cpp:70] Frame :74 detect result :1 face(s)
I1014 15:20:31.315289  8944 work_detect.cpp:86] Detected bbox: [144 x 196 from (256, 129)]
I1014 15:20:31.315331  8944 work_detect.cpp:120] Succeeded to add det end for frame 74
I1014 15:20:31.315348  8944 work_thread.hpp:81]  [T-Work-Detect_0] Run work: WrokTrack
I1014 15:20:31.315372  8944 work_track.cpp:82] Frame: 74 build input_characts: [0.225 x 0.544444 from (0.4, 0.358333)], 0.999622, 0
I1014 15:20:31.315428  8944 work_track.cpp:102] Succeeded to set track lock for frame 74
I1014 15:20:31.315467  8944 work_track.cpp:116] Succeeded to release track lock for frame 74
I1014 15:20:31.315481  8944 work_track.cpp:120] Track results of frame 74: 1 objects input, 1 objects tracked!
I1014 15:20:31.315498  8944 work_track.cpp:148] Frame: 74, track bbox: [144 x 196 from (258.412, 126.577)], gid: 1, lid: 0
I1014 15:20:31.315534  8944 work_thread.hpp:87]  [T-Work-Detect_0] Frame :74 split
I1014 15:20:31.315552  8944 work_thread.hpp:120]  [T-Work-Detect_0] Valid piece: gid = 1
I1014 15:20:31.315572  8944 work_thread.hpp:91]  [T-Work-Detect_0] Push to split queue:recog
I1014 15:20:31.315616  8947 thread_intergrate.hpp:78] [T-Intergrate-intergrate] queue: frame output frame :74
I1014 15:20:31.315618  8946 work_thread.hpp:81]  [T-Work-Recog_1] Run work: WorkCapture
I1014 15:20:31.315649  8947 thread_intergrate.hpp:85] [T-Intergrate-intergrate] queue: compare output face:1
I1014 15:20:31.315668  8947 thread_intergrate.hpp:144] T-Intergrate-intergrate set matched face: 1
I1014 15:20:31.316220  8946 work_thread.hpp:81]  [T-Work-Recog_1] Run work: WorkRecog
I1014 15:20:31.316246  8946 work_recog.hpp:89] Face id: 1 will run recog: bbox [144 x 196 from (256, 129)] quality: 0.471801
I1014 15:20:31.316277  8946 work_recog.hpp:96] Recog pair: [208 x 272 from (224, 88)], [144 x 196 from (32, 41)]
I1014 15:20:31.317171  8947 thread_intergrate.hpp:186] T-Intergrate-intergrate Show face :1, size :640 * 360
I1014 15:20:31.317704  8943 demo_inner.hpp:435] thread [SORT-0]  frame id 74 sorting queue size 1   FPS: 29.9754
I1014 15:20:31.325325  8942 demo_inner.hpp:260]  gui queue size 1, state = running
I1014 15:20:31.333899  8946 work_thread.hpp:81]  [T-Work-Recog_1] Run work: WorkCompare
I1014 15:20:31.334367  8946 work_compare.cpp:76] Compare face: 1 successed, similarity :0.998159, name : images/ThangLMb.jpg, normal size : 1548 * 1719!
I1014 15:20:31.344205  8941 demo_inner.hpp:177] decode queue size 0
I1014 15:20:31.344346  8944 work_thread.hpp:81]  [T-Work-Detect_0] Run work: WorkDetect
I1014 15:20:31.344383  8944 work_detect.cpp:102] Succeeded to add det start for frame 75
I1014 15:20:31.351413  8944 work_detect.cpp:70] Frame :75 detect result :1 face(s)
I1014 15:20:31.351460  8944 work_detect.cpp:86] Detected bbox: [149 x 198 from (254, 126)]
I1014 15:20:31.351505  8944 work_detect.cpp:120] Succeeded to add det end for frame 75
I1014 15:20:31.351521  8944 work_thread.hpp:81]  [T-Work-Detect_0] Run work: WrokTrack
I1014 15:20:31.351622  8944 work_track.cpp:82] Frame: 75 build input_characts: [0.232812 x 0.55 from (0.396875, 0.35)], 1.00019, 0
I1014 15:20:31.351680  8944 work_track.cpp:102] Succeeded to set track lock for frame 75
I1014 15:20:31.351718  8944 work_track.cpp:116] Succeeded to release track lock for frame 75
I1014 15:20:31.351732  8944 work_track.cpp:120] Track results of frame 75: 1 objects input, 1 objects tracked!
I1014 15:20:31.351752  8944 work_track.cpp:148] Frame: 75, track bbox: [149 x 198 from (255.031, 125.267)], gid: 1, lid: 0
I1014 15:20:31.351788  8944 work_thread.hpp:87]  [T-Work-Detect_0] Frame :75 split
I1014 15:20:31.351805  8944 work_thread.hpp:120]  [T-Work-Detect_0] Valid piece: gid = 1
I1014 15:20:31.351824  8944 work_thread.hpp:91]  [T-Work-Detect_0] Push to split queue:recog
I1014 15:20:31.351881  8946 work_thread.hpp:81]  [T-Work-Recog_1] Run work: WorkCapture
I1014 15:20:31.352198  8947 thread_intergrate.hpp:78] [T-Intergrate-intergrate] queue: frame output frame :75
I1014 15:20:31.352226  8947 thread_intergrate.hpp:85] [T-Intergrate-intergrate] queue: compare output face:1
I1014 15:20:31.352247  8947 thread_intergrate.hpp:144] T-Intergrate-intergrate set matched face: 1
I1014 15:20:31.352447  8946 work_thread.hpp:81]  [T-Work-Recog_1] Run work: WorkRecog
I1014 15:20:31.352473  8946 work_recog.hpp:89] Face id: 1 will run recog: bbox [149 x 198 from (254, 126)] quality: 0.458743
I1014 15:20:31.352502  8946 work_recog.hpp:96] Recog pair: [208 x 280 from (224, 80)], [149 x 198 from (30, 46)]
I1014 15:20:31.353767  8947 thread_intergrate.hpp:186] T-Intergrate-intergrate Show face :1, size :640 * 360
I1014 15:20:31.354362  8943 demo_inner.hpp:435] thread [SORT-0]  frame id 75 sorting queue size 0   FPS: 29.8873
I1014 15:20:31.370235  8946 work_thread.hpp:81]  [T-Work-Recog_1] Run work: WorkCompare
I1014 15:20:31.370704  8946 work_compare.cpp:76] Compare face: 1 successed, similarity :0.996955, name : images/ThangLMb.jpg, normal size : 1548 * 1719!
I1014 15:20:31.380023  8941 demo_inner.hpp:177] decode queue size 0
I1014 15:20:31.380141  8944 work_thread.hpp:81]  [T-Work-Detect_0] Run work: WorkDetect
I1014 15:20:31.380199  8944 work_detect.cpp:102] Succeeded to add det start for frame 76
I1014 15:20:31.387251  8944 work_detect.cpp:70] Frame :76 detect result :1 face(s)
I1014 15:20:31.387306  8944 work_detect.cpp:86] Detected bbox: [147 x 196 from (256, 126)]
I1014 15:20:31.387349  8944 work_detect.cpp:120] Succeeded to add det end for frame 76
I1014 15:20:31.387365  8944 work_thread.hpp:81]  [T-Work-Detect_0] Run work: WrokTrack
I1014 15:20:31.387390  8944 work_track.cpp:82] Frame: 76 build input_characts: [0.229687 x 0.544444 from (0.4, 0.35)], 1.00019, 0
I1014 15:20:31.387446  8944 work_track.cpp:102] Succeeded to set track lock for frame 76
I1014 15:20:31.387485  8944 work_track.cpp:116] Succeeded to release track lock for frame 76
I1014 15:20:31.387500  8944 work_track.cpp:120] Track results of frame 76: 1 objects input, 1 objects tracked!
I1014 15:20:31.387517  8944 work_track.cpp:148] Frame: 76, track bbox: [147 x 196 from (256.347, 126.193)], gid: 1, lid: 0
I1014 15:20:31.387553  8944 work_thread.hpp:87]  [T-Work-Detect_0] Frame :76 split
I1014 15:20:31.387571  8944 work_thread.hpp:120]  [T-Work-Detect_0] Valid piece: gid = 1
I1014 15:20:31.387589  8944 work_thread.hpp:91]  [T-Work-Detect_0] Push to split queue:recog
I1014 15:20:31.387639  8946 work_thread.hpp:81]  [T-Work-Recog_1] Run work: WorkCapture
I1014 15:20:31.387943  8947 thread_intergrate.hpp:78] [T-Intergrate-intergrate] queue: frame output frame :76
I1014 15:20:31.387969  8947 thread_intergrate.hpp:85] [T-Intergrate-intergrate] queue: compare output face:1
I1014 15:20:31.387987  8947 thread_intergrate.hpp:144] T-Intergrate-intergrate set matched face: 1
I1014 15:20:31.388231  8946 work_thread.hpp:81]  [T-Work-Recog_1] Run work: WorkRecog
I1014 15:20:31.388254  8946 work_recog.hpp:89] Face id: 1 will run recog: bbox [147 x 196 from (256, 126)] quality: 0.4709
I1014 15:20:31.388283  8946 work_recog.hpp:96] Recog pair: [208 x 280 from (224, 80)], [147 x 196 from (32, 46)]
I1014 15:20:31.389497  8947 thread_intergrate.hpp:186] T-Intergrate-intergrate Show face :1, size :640 * 360
I1014 15:20:31.390097  8943 demo_inner.hpp:435] thread [SORT-0]  frame id 76 sorting queue size 1   FPS: 29.8873
I1014 15:20:31.405869  8946 work_thread.hpp:81]  [T-Work-Recog_1] Run work: WorkCompare
I1014 15:20:31.406345  8946 work_compare.cpp:76] Compare face: 1 successed, similarity :0.998007, name : images/ThangLMb.jpg, normal size : 1548 * 1719!
I1014 15:20:31.410185  8941 demo_inner.hpp:177] decode queue size 0
I1014 15:20:31.410285  8944 work_thread.hpp:81]  [T-Work-Detect_0] Run work: WorkDetect
I1014 15:20:31.410320  8944 work_detect.cpp:102] Succeeded to add det start for frame 77
I1014 15:20:31.417346  8944 work_detect.cpp:70] Frame :77 detect result :1 face(s)
I1014 15:20:31.417395  8944 work_detect.cpp:86] Detected bbox: [144 x 195 from (257, 127)]
I1014 15:20:31.417439  8944 work_detect.cpp:120] Succeeded to add det end for frame 77
I1014 15:20:31.417455  8944 work_thread.hpp:81]  [T-Work-Detect_0] Run work: WrokTrack
I1014 15:20:31.417480  8944 work_track.cpp:82] Frame: 77 build input_characts: [0.225 x 0.541667 from (0.401563, 0.352778)], 1.00019, 0
I1014 15:20:31.417536  8944 work_track.cpp:102] Succeeded to set track lock for frame 77
I1014 15:20:31.417574  8944 work_track.cpp:116] Succeeded to release track lock for frame 77
I1014 15:20:31.417589  8944 work_track.cpp:120] Track results of frame 77: 1 objects input, 1 objects tracked!
I1014 15:20:31.417608  8944 work_track.cpp:148] Frame: 77, track bbox: [144 x 195 from (257.404, 128.164)], gid: 1, lid: 0
I1014 15:20:31.417644  8944 work_thread.hpp:87]  [T-Work-Detect_0] Frame :77 split
I1014 15:20:31.417661  8944 work_thread.hpp:120]  [T-Work-Detect_0] Valid piece: gid = 1
I1014 15:20:31.417680  8944 work_thread.hpp:91]  [T-Work-Detect_0] Push to split queue:recog
I1014 15:20:31.417724  8947 thread_intergrate.hpp:78] [T-Intergrate-intergrate] queue: frame output frame :77
I1014 15:20:31.417729  8946 work_thread.hpp:81]  [T-Work-Recog_1] Run work: WorkCapture
I1014 15:20:31.417754  8947 thread_intergrate.hpp:85] [T-Intergrate-intergrate] queue: compare output face:1
I1014 15:20:31.417773  8947 thread_intergrate.hpp:144] T-Intergrate-intergrate set matched face: 1
I1014 15:20:31.418316  8946 work_thread.hpp:81]  [T-Work-Recog_1] Run work: WorkRecog
I1014 15:20:31.418342  8946 work_recog.hpp:89] Face id: 1 will run recog: bbox [144 x 195 from (257, 127)] quality: 0.462188
I1014 15:20:31.418375  8946 work_recog.hpp:96] Recog pair: [208 x 272 from (224, 88)], [144 x 195 from (33, 39)]
I1014 15:20:31.419232  8947 thread_intergrate.hpp:186] T-Intergrate-intergrate Show face :1, size :640 * 360
I1014 15:20:31.419760  8943 demo_inner.hpp:435] thread [SORT-0]  frame id 77 sorting queue size 2   FPS: 29.9754
