I1014 15:30:24.183118  9102 work_track.cpp:116] Succeeded to release track lock for frame 72
I1014 15:30:24.183140  9102 work_track.cpp:120] Track results of frame 72: 1 objects input, 1 objects tracked!
I1014 15:30:24.183159  9102 work_track.cpp:148] Frame: 72, track bbox: [27 x 35 from (147.766, 106.965)], gid: 2, lid: 0
I1014 15:30:24.183195  9102 work_thread.hpp:87]  [T-Work-Detect_0] Frame :72 split
I1014 15:30:24.183213  9102 work_thread.hpp:120]  [T-Work-Detect_0] Valid piece: gid = 2
I1014 15:30:24.183231  9102 work_thread.hpp:91]  [T-Work-Detect_0] Push to split queue:recog
I1014 15:30:24.183308  9103 work_thread.hpp:81]  [T-Work-Recog_0] Run work: WorkCapture
I1014 15:30:24.183763  9105 thread_intergrate.hpp:78] [T-Intergrate-intergrate] queue: frame output frame :72
I1014 15:30:24.184057  9103 work_thread.hpp:81]  [T-Work-Recog_0] Run work: WorkRecog
W1014 15:30:24.184078  9103 work_recog.hpp:118] Face id: 2 has low quality : 0.0168895, no need to recog
I1014 15:30:24.184139  9103 work_thread.hpp:81]  [T-Work-Recog_0] Run work: WorkCompare
I1014 15:30:24.184888  9105 thread_intergrate.hpp:186] T-Intergrate-intergrate Show face :0, size :640 * 360
I1014 15:30:24.185436  9101 demo_inner.hpp:435] thread [SORT-0]  frame id 72 sorting queue size 0   FPS: 19.9805
I1014 15:30:24.185501  9100 demo_inner.hpp:260]  gui queue size 0, state = running
I1014 15:30:24.223258  9099 demo_inner.hpp:177] decode queue size 0
I1014 15:30:24.223373  9102 work_thread.hpp:81]  [T-Work-Detect_0] Run work: WorkDetect
I1014 15:30:24.223430  9102 work_detect.cpp:102] Succeeded to add det start for frame 73
I1014 15:30:24.230772  9102 work_detect.cpp:70] Frame :73 detect result :1 face(s)
W1014 15:30:24.230824  9102 work_detect.cpp:83] Invalid bbox: [146 x 190 from (242, 174)]
I1014 15:30:24.230927  9102 work_detect.cpp:120] Succeeded to add det end for frame 73
I1014 15:30:24.230945  9102 work_thread.hpp:81]  [T-Work-Detect_0] Run work: WrokTrack
I1014 15:30:24.231041  9102 work_track.cpp:102] Succeeded to set track lock for frame 73
I1014 15:30:24.231076  9102 work_track.cpp:116] Succeeded to release track lock for frame 73
I1014 15:30:24.231091  9102 work_track.cpp:120] Track results of frame 73: 0 objects input, 1 objects tracked!
I1014 15:30:24.231108  9102 work_track.cpp:148] Frame: 73, track bbox: [27 x 35 from (147.714, 107.07)], gid: 2, lid: -1
I1014 15:30:24.231168  9102 work_thread.hpp:87]  [T-Work-Detect_0] Frame :73 split
I1014 15:30:24.231261  9105 thread_intergrate.hpp:78] [T-Intergrate-intergrate] queue: frame output frame :73
I1014 15:30:24.232357  9105 thread_intergrate.hpp:186] T-Intergrate-intergrate Show face :0, size :640 * 360
I1014 15:30:24.232926  9101 demo_inner.hpp:435] thread [SORT-0]  frame id 73 sorting queue size 0   FPS: 19.9902
I1014 15:30:24.232990  9100 demo_inner.hpp:260]  gui queue size 0, state = running
I1014 15:30:24.271355  9099 demo_inner.hpp:177] decode queue size 0
I1014 15:30:24.271468  9102 work_thread.hpp:81]  [T-Work-Detect_0] Run work: WorkDetect
I1014 15:30:24.271546  9102 work_detect.cpp:102] Succeeded to add det start for frame 74
I1014 15:30:24.278934  9102 work_detect.cpp:70] Frame :74 detect result :1 face(s)
W1014 15:30:24.278991  9102 work_detect.cpp:83] Invalid bbox: [147 x 194 from (241, 167)]
I1014 15:30:24.279090  9102 work_detect.cpp:120] Succeeded to add det end for frame 74
I1014 15:30:24.279134  9102 work_thread.hpp:81]  [T-Work-Detect_0] Run work: WrokTrack
I1014 15:30:24.279165  9102 work_track.cpp:102] Succeeded to set track lock for frame 74
I1014 15:30:24.279196  9102 work_track.cpp:116] Succeeded to release track lock for frame 74
I1014 15:30:24.279209  9102 work_track.cpp:120] Track results of frame 74: 0 objects input, 0 objects tracked!
I1014 15:30:24.279237  9102 work_thread.hpp:87]  [T-Work-Detect_0] Frame :74 split
I1014 15:30:24.279289  9105 thread_intergrate.hpp:78] [T-Intergrate-intergrate] queue: frame output frame :74
I1014 15:30:24.280378  9105 thread_intergrate.hpp:186] T-Intergrate-intergrate Show face :0, size :640 * 360
I1014 15:30:24.280980  9101 demo_inner.hpp:435] thread [SORT-0]  frame id 74 sorting queue size 0   FPS: 20.0489
I1014 15:30:24.281049  9100 demo_inner.hpp:260]  gui queue size 0, state = running
I1014 15:30:24.325263  9099 demo_inner.hpp:177] decode queue size 0
I1014 15:30:24.325388  9102 work_thread.hpp:81]  [T-Work-Detect_0] Run work: WorkDetect
I1014 15:30:24.325425  9102 work_detect.cpp:102] Succeeded to add det start for frame 75
I1014 15:30:24.332924  9102 work_detect.cpp:70] Frame :75 detect result :1 face(s)
W1014 15:30:24.332971  9102 work_detect.cpp:83] Invalid bbox: [147 x 192 from (241, 170)]
I1014 15:30:24.333097  9102 work_detect.cpp:120] Succeeded to add det end for frame 75
I1014 15:30:24.333132  9102 work_thread.hpp:81]  [T-Work-Detect_0] Run work: WrokTrack
I1014 15:30:24.333159  9102 work_track.cpp:102] Succeeded to set track lock for frame 75
I1014 15:30:24.333194  9102 work_track.cpp:116] Succeeded to release track lock for frame 75
I1014 15:30:24.333209  9102 work_track.cpp:120] Track results of frame 75: 0 objects input, 0 objects tracked!
I1014 15:30:24.333226  9102 work_thread.hpp:87]  [T-Work-Detect_0] Frame :75 split
I1014 15:30:24.333465  9105 thread_intergrate.hpp:78] [T-Intergrate-intergrate] queue: frame output frame :75
I1014 15:30:24.334578  9105 thread_intergrate.hpp:186] T-Intergrate-intergrate Show face :0, size :640 * 360
I1014 15:30:24.335170  9101 demo_inner.hpp:435] thread [SORT-0]  frame id 75 sorting queue size 0   FPS: 19.9902
I1014 15:30:24.335237  9100 demo_inner.hpp:260]  gui queue size 0, state = running
I1014 15:30:24.373368  9099 demo_inner.hpp:177] decode queue size 0
I1014 15:30:24.373507  9102 work_thread.hpp:81]  [T-Work-Detect_0] Run work: WorkDetect
I1014 15:30:24.373548  9102 work_detect.cpp:102] Succeeded to add det start for frame 76
I1014 15:30:24.380959  9102 work_detect.cpp:70] Frame :76 detect result :2 face(s)
W1014 15:30:24.381032  9102 work_detect.cpp:83] Invalid bbox: [152 x 199 from (238, 167)]
I1014 15:30:24.381165  9102 work_detect.cpp:86] Detected bbox: [26 x 34 from (150, 109)]
I1014 15:30:24.381208  9102 work_detect.cpp:120] Succeeded to add det end for frame 76
I1014 15:30:24.381232  9102 work_thread.hpp:81]  [T-Work-Detect_0] Run work: WrokTrack
I1014 15:30:24.381285  9102 work_track.cpp:82] Frame: 76 build input_characts: [0.040625 x 0.0944444 from (0.234375, 0.302778)], 0.905415, 0
I1014 15:30:24.381402  9102 work_track.cpp:102] Succeeded to set track lock for frame 76
I1014 15:30:24.381438  9102 work_track.cpp:116] Succeeded to release track lock for frame 76
I1014 15:30:24.381451  9102 work_track.cpp:120] Track results of frame 76: 1 objects input, 0 objects tracked!
I1014 15:30:24.381476  9102 work_track.cpp:162] Frame: 76 lid: 1 not tracked, will set invalid
I1014 15:30:24.381510  9102 work_thread.hpp:87]  [T-Work-Detect_0] Frame :76 split
I1014 15:30:24.381527  9102 work_thread.hpp:126]  [T-Work-Detect_0] Invalid piece: lid = 1, drop it
I1014 15:30:24.381577  9105 thread_intergrate.hpp:78] [T-Intergrate-intergrate] queue: frame output frame :76
I1014 15:30:24.382675  9105 thread_intergrate.hpp:186] T-Intergrate-intergrate Show face :0, size :640 * 360
I1014 15:30:24.383313  9101 demo_inner.hpp:435] thread [SORT-0]  frame id 76 sorting queue size 0   FPS: 19.9805
I1014 15:30:24.383379  9100 demo_inner.hpp:260]  gui queue size 0, state = running
I1014 15:30:24.421394  9099 demo_inner.hpp:177] decode queue size 0
I1014 15:30:24.421506  9102 work_thread.hpp:81]  [T-Work-Detect_0] Run work: WorkDetect
I1014 15:30:24.421542  9102 work_detect.cpp:102] Succeeded to add det start for frame 77
I1014 15:30:24.428912  9102 work_detect.cpp:70] Frame :77 detect result :1 face(s)
W1014 15:30:24.428956  9102 work_detect.cpp:83] Invalid bbox: [151 x 201 from (238, 163)]
I1014 15:30:24.429062  9102 work_detect.cpp:120] Succeeded to add det end for frame 77
I1014 15:30:24.429080  9102 work_thread.hpp:81]  [T-Work-Detect_0] Run work: WrokTrack
I1014 15:30:24.429131  9102 work_track.cpp:102] Succeeded to set track lock for frame 77
I1014 15:30:24.429163  9102 work_track.cpp:116] Succeeded to release track lock for frame 77
I1014 15:30:24.429178  9102 work_track.cpp:120] Track results of frame 77: 0 objects input, 0 objects tracked!
I1014 15:30:24.429198  9102 work_thread.hpp:87]  [T-Work-Detect_0] Frame :77 split
I1014 15:30:24.429257  9105 thread_intergrate.hpp:78] [T-Intergrate-intergrate] queue: frame output frame :77
I1014 15:30:24.430351  9105 thread_intergrate.hpp:186] T-Intergrate-intergrate Show face :0, size :640 * 360
I1014 15:30:24.430873  9101 demo_inner.hpp:435] thread [SORT-0]  frame id 77 sorting queue size 0   FPS: 20.0391
I1014 15:30:24.430943  9100 demo_inner.hpp:260]  gui queue size 0, state = running
I1014 15:30:24.475198  9099 demo_inner.hpp:177] decode queue size 0
I1014 15:30:24.475329  9102 work_thread.hpp:81]  [T-Work-Detect_0] Run work: WorkDetect
I1014 15:30:24.475375  9102 work_detect.cpp:102] Succeeded to add det start for frame 78
I1014 15:30:24.482913  9102 work_detect.cpp:70] Frame :78 detect result :1 face(s)
I1014 15:30:24.482962  9102 work_detect.cpp:86] Detected bbox: [133 x 169 from (239, 182)]
I1014 15:30:24.483026  9102 work_detect.cpp:120] Succeeded to add det end for frame 78
I1014 15:30:24.483044  9102 work_thread.hpp:81]  [T-Work-Detect_0] Run work: WrokTrack
I1014 15:30:24.483068  9102 work_track.cpp:82] Frame: 78 build input_characts: [0.207813 x 0.469444 from (0.373437, 0.505556)], 0.997488, 0
I1014 15:30:24.483158  9102 work_track.cpp:102] Succeeded to set track lock for frame 78
I1014 15:30:24.483201  9102 work_track.cpp:116] Succeeded to release track lock for frame 78
I1014 15:30:24.483216  9102 work_track.cpp:120] Track results of frame 78: 1 objects input, 0 objects tracked!
I1014 15:30:24.483258  9102 work_track.cpp:162] Frame: 78 lid: 0 not tracked, will set invalid
I1014 15:30:24.483275  9102 work_thread.hpp:87]  [T-Work-Detect_0] Frame :78 split
I1014 15:30:24.483294  9102 work_thread.hpp:126]  [T-Work-Detect_0] Invalid piece: lid = 0, drop it
I1014 15:30:24.483466  9105 thread_intergrate.hpp:78] [T-Intergrate-intergrate] queue: frame output frame :78
I1014 15:30:24.484587  9105 thread_intergrate.hpp:186] T-Intergrate-intergrate Show face :0, size :640 * 360
I1014 15:30:24.485155  9101 demo_inner.hpp:435] thread [SORT-0]  frame id 78 sorting queue size 0   FPS: 19.9805
I1014 15:30:24.485219  9100 demo_inner.hpp:260]  gui queue size 0, state = running
I1014 15:30:24.523252  9099 demo_inner.hpp:177] decode queue size 0
I1014 15:30:24.523372  9102 work_thread.hpp:81]  [T-Work-Detect_0] Run work: WorkDetect
I1014 15:30:24.523407  9102 work_detect.cpp:102] Succeeded to add det start for frame 79
I1014 15:30:24.530797  9102 work_detect.cpp:70] Frame :79 detect result :1 face(s)
I1014 15:30:24.530849  9102 work_detect.cpp:86] Detected bbox: [134 x 173 from (236, 180)]
I1014 15:30:24.530892  9102 work_detect.cpp:120] Succeeded to add det end for frame 79
I1014 15:30:24.530908  9102 work_thread.hpp:81]  [T-Work-Detect_0] Run work: WrokTrack
I1014 15:30:24.530932  9102 work_track.cpp:82] Frame: 79 build input_characts: [0.209375 x 0.480556 from (0.36875, 0.5)], 0.997596, 0
I1014 15:30:24.531013  9102 work_track.cpp:102] Succeeded to set track lock for frame 79
I1014 15:30:24.531054  9102 work_track.cpp:116] Succeeded to release track lock for frame 79
I1014 15:30:24.531067  9102 work_track.cpp:120] Track results of frame 79: 1 objects input, 0 objects tracked!
I1014 15:30:24.531092  9102 work_track.cpp:162] Frame: 79 lid: 0 not tracked, will set invalid
I1014 15:30:24.531108  9102 work_thread.hpp:87]  [T-Work-Detect_0] Frame :79 split
I1014 15:30:24.531126  9102 work_thread.hpp:126]  [T-Work-Detect_0] Invalid piece: lid = 0, drop it
I1014 15:30:24.531173  9105 thread_intergrate.hpp:78] [T-Intergrate-intergrate] queue: frame output frame :79
I1014 15:30:24.532289  9105 thread_intergrate.hpp:186] T-Intergrate-intergrate Show face :0, size :640 * 360
I1014 15:30:24.532927  9101 demo_inner.hpp:435] thread [SORT-0]  frame id 79 sorting queue size 0   FPS: 19.9805
I1014 15:30:24.532994  9100 demo_inner.hpp:260]  gui queue size 0, state = running
I1014 15:30:24.571277  9099 demo_inner.hpp:177] decode queue size 0
I1014 15:30:24.571396  9102 work_thread.hpp:81]  [T-Work-Detect_0] Run work: WorkDetect
I1014 15:30:24.571432  9102 work_detect.cpp:102] Succeeded to add det start for frame 80
I1014 15:30:24.578785  9102 work_detect.cpp:70] Frame :80 detect result :1 face(s)
I1014 15:30:24.578853  9102 work_detect.cpp:86] Detected bbox: [133 x 172 from (236, 183)]
I1014 15:30:24.578897  9102 work_detect.cpp:120] Succeeded to add det end for frame 80
I1014 15:30:24.578914  9102 work_thread.hpp:81]  [T-Work-Detect_0] Run work: WrokTrack
I1014 15:30:24.578938  9102 work_track.cpp:82] Frame: 80 build input_characts: [0.207813 x 0.477778 from (0.36875, 0.508333)], 0.997596, 0
I1014 15:30:24.579002  9102 work_track.cpp:102] Succeeded to set track lock for frame 80
I1014 15:30:24.579042  9102 work_track.cpp:116] Succeeded to release track lock for frame 80
I1014 15:30:24.579057  9102 work_track.cpp:120] Track results of frame 80: 1 objects input, 1 objects tracked!
I1014 15:30:24.579099  9102 work_track.cpp:148] Frame: 80, track bbox: [133 x 172 from (235.642, 182.563)], gid: 4, lid: 0
I1014 15:30:24.579138  9102 work_thread.hpp:87]  [T-Work-Detect_0] Frame :80 split
I1014 15:30:24.579156  9102 work_thread.hpp:120]  [T-Work-Detect_0] Valid piece: gid = 4
I1014 15:30:24.579174  9102 work_thread.hpp:91]  [T-Work-Detect_0] Push to split queue:recog
I1014 15:30:24.579228  9104 work_thread.hpp:81]  [T-Work-Recog_1] Run work: WorkCapture
I1014 15:30:24.579630  9105 thread_intergrate.hpp:78] [T-Intergrate-intergrate] queue: frame output frame :80
I1014 15:30:24.579871  9104 work_thread.hpp:81]  [T-Work-Recog_1] Run work: WorkRecog
I1014 15:30:24.579895  9104 work_recog.hpp:89] Face id: 4 will run recog: bbox [133 x 172 from (236, 183)] quality: 0.468662
I1014 15:30:24.579921  9104 work_recog.hpp:96] Recog pair: [192 x 216 from (208, 144)], [133 x 172 from (28, 39)]
I1014 15:30:24.580899  9105 thread_intergrate.hpp:186] T-Intergrate-intergrate Show face :0, size :640 * 360
I1014 15:30:24.581537  9101 demo_inner.hpp:435] thread [SORT-0]  frame id 80 sorting queue size 0   FPS: 20.0293
I1014 15:30:24.581621  9100 demo_inner.hpp:260]  gui queue size 0, state = running
I1014 15:30:24.598132  9104 work_thread.hpp:81]  [T-Work-Recog_1] Run work: WorkCompare
I1014 15:30:24.598680  9104 work_compare.cpp:76] Compare face: 4 successed, similarity :0.993584, name : images/ThangLMb.jpg, normal size : 1548 * 1719!
I1014 15:30:24.625187  9099 demo_inner.hpp:177] decode queue size 0
I1014 15:30:24.625296  9102 work_thread.hpp:81]  [T-Work-Detect_0] Run work: WorkDetect
I1014 15:30:24.625332  9102 work_detect.cpp:102] Succeeded to add det start for frame 81
I1014 15:30:24.632931  9102 work_detect.cpp:70] Frame :81 detect result :1 face(s)
I1014 15:30:24.632990  9102 work_detect.cpp:86] Detected bbox: [136 x 176 from (236, 180)]
I1014 15:30:24.633034  9102 work_detect.cpp:120] Succeeded to add det end for frame 81
I1014 15:30:24.633051  9102 work_thread.hpp:81]  [T-Work-Detect_0] Run work: WrokTrack
I1014 15:30:24.633075  9102 work_track.cpp:82] Frame: 81 build input_characts: [0.2125 x 0.488889 from (0.36875, 0.5)], 0.996, 0
I1014 15:30:24.633155  9102 work_track.cpp:102] Succeeded to set track lock for frame 81
I1014 15:30:24.633195  9102 work_track.cpp:116] Succeeded to release track lock for frame 81
I1014 15:30:24.633217  9102 work_track.cpp:120] Track results of frame 81: 1 objects input, 1 objects tracked!
I1014 15:30:24.633235  9102 work_track.cpp:148] Frame: 81, track bbox: [136 x 176 from (235.003, 180.56)], gid: 4, lid: 0
I1014 15:30:24.633273  9102 work_thread.hpp:87]  [T-Work-Detect_0] Frame :81 split
I1014 15:30:24.633291  9102 work_thread.hpp:120]  [T-Work-Detect_0] Valid piece: gid = 4
I1014 15:30:24.633309  9102 work_thread.hpp:91]  [T-Work-Detect_0] Push to split queue:recog
I1014 15:30:24.633430  9103 work_thread.hpp:81]  [T-Work-Recog_0] Run work: WorkCapture
I1014 15:30:24.633772  9105 thread_intergrate.hpp:78] [T-Intergrate-intergrate] queue: frame output frame :81
I1014 15:30:24.633798  9105 thread_intergrate.hpp:85] [T-Intergrate-intergrate] queue: compare output face:4
I1014 15:30:24.633816  9105 thread_intergrate.hpp:144] T-Intergrate-intergrate set matched face: 4
I1014 15:30:24.634646  9103 work_thread.hpp:81]  [T-Work-Recog_0] Run work: WorkRecog
I1014 15:30:24.634676  9103 work_recog.hpp:89] Face id: 4 will run recog: bbox [136 x 176 from (236, 180)] quality: 0.479325
I1014 15:30:24.634711  9103 work_recog.hpp:96] Recog pair: [192 x 216 from (208, 144)], [136 x 176 from (28, 36)]
I1014 15:30:24.635586  9105 thread_intergrate.hpp:186] T-Intergrate-intergrate Show face :4, size :640 * 360
I1014 15:30:24.636087  9101 demo_inner.hpp:435] thread [SORT-0]  frame id 81 sorting queue size 0   FPS: 19.9708
I1014 15:30:24.636188  9100 demo_inner.hpp:260]  gui queue size 0, state = running
I1014 15:30:24.652371  9103 work_thread.hpp:81]  [T-Work-Recog_0] Run work: WorkCompare
I1014 15:30:24.652837  9103 work_compare.cpp:76] Compare face: 4 successed, similarity :0.991848, name : images/ThangLMb.jpg, normal size : 1548 * 1719!
I1014 15:30:24.673251  9099 demo_inner.hpp:177] decode queue size 0
I1014 15:30:24.673353  9102 work_thread.hpp:81]  [T-Work-Detect_0] Run work: WorkDetect
I1014 15:30:24.673388  9102 work_detect.cpp:102] Succeeded to add det start for frame 82
I1014 15:30:24.680001  9102 work_detect.cpp:70] Frame :82 detect result :1 face(s)
I1014 15:30:24.680043  9102 work_detect.cpp:86] Detected bbox: [131 x 170 from (236, 184)]
I1014 15:30:24.680085  9102 work_detect.cpp:120] Succeeded to add det end for frame 82
I1014 15:30:24.680101  9102 work_thread.hpp:81]  [T-Work-Detect_0] Run work: WrokTrack
I1014 15:30:24.680126  9102 work_track.cpp:82] Frame: 82 build input_characts: [0.204688 x 0.472222 from (0.36875, 0.511111)], 0.997596, 0
I1014 15:30:24.680196  9102 work_track.cpp:102] Succeeded to set track lock for frame 82
I1014 15:30:24.680238  9102 work_track.cpp:116] Succeeded to release track lock for frame 82
I1014 15:30:24.680328  9102 work_track.cpp:120] Track results of frame 82: 1 objects input, 1 objects tracked!
I1014 15:30:24.680348  9102 work_track.cpp:148] Frame: 82, track bbox: [131 x 170 from (236.398, 184.105)], gid: 4, lid: 0
I1014 15:30:24.680387  9102 work_thread.hpp:87]  [T-Work-Detect_0] Frame :82 split
I1014 15:30:24.680404  9102 work_thread.hpp:120]  [T-Work-Detect_0] Valid piece: gid = 4
I1014 15:30:24.680423  9102 work_thread.hpp:91]  [T-Work-Detect_0] Push to split queue:recog
I1014 15:30:24.680471  9103 work_thread.hpp:81]  [T-Work-Recog_0] Run work: WorkCapture
I1014 15:30:24.680775  9105 thread_intergrate.hpp:78] [T-Intergrate-intergrate] queue: frame output frame :82
I1014 15:30:24.680802  9105 thread_intergrate.hpp:85] [T-Intergrate-intergrate] queue: compare output face:4
I1014 15:30:24.680821  9105 thread_intergrate.hpp:144] T-Intergrate-intergrate set matched face: 4
I1014 15:30:24.681027  9103 work_thread.hpp:81]  [T-Work-Recog_0] Run work: WorkRecog
I1014 15:30:24.681051  9103 work_recog.hpp:89] Face id: 4 will run recog: bbox [131 x 170 from (236, 184)] quality: 0.474702
I1014 15:30:24.681078  9103 work_recog.hpp:96] Recog pair: [192 x 216 from (208, 144)], [131 x 170 from (28, 40)]
I1014 15:30:24.682968  9105 thread_intergrate.hpp:186] T-Intergrate-intergrate Show face :4, size :640 * 360
I1014 15:30:24.683562  9101 demo_inner.hpp:435] thread [SORT-0]  frame id 82 sorting queue size 0   FPS: 19.9805
I1014 15:30:24.683632  9100 demo_inner.hpp:260]  gui queue size 0, state = running
I1014 15:30:24.698499  9103 work_thread.hpp:81]  [T-Work-Recog_0] Run work: WorkCompare
I1014 15:30:24.698968  9103 work_compare.cpp:76] Compare face: 4 successed, similarity :0.992537, name : images/ThangLMb.jpg, normal size : 1548 * 1719!
I1014 15:30:24.721345  9099 demo_inner.hpp:177] decode queue size 0
I1014 15:30:24.721449  9102 work_thread.hpp:81]  [T-Work-Detect_0] Run work: WorkDetect
I1014 15:30:24.721485  9102 work_detect.cpp:102] Succeeded to add det start for frame 83
I1014 15:30:24.728207  9102 work_detect.cpp:70] Frame :83 detect result :1 face(s)
I1014 15:30:24.728257  9102 work_detect.cpp:86] Detected bbox: [134 x 175 from (238, 180)]
I1014 15:30:24.728302  9102 work_detect.cpp:120] Succeeded to add det end for frame 83
I1014 15:30:24.728317  9102 work_thread.hpp:81]  [T-Work-Detect_0] Run work: WrokTrack
I1014 15:30:24.728343  9102 work_track.cpp:82] Frame: 83 build input_characts: [0.209375 x 0.486111 from (0.371875, 0.5)], 0.996759, 0
I1014 15:30:24.728397  9102 work_track.cpp:102] Succeeded to set track lock for frame 83
I1014 15:30:24.728436  9102 work_track.cpp:116] Succeeded to release track lock for frame 83
I1014 15:30:24.728451  9102 work_track.cpp:120] Track results of frame 83: 1 objects input, 1 objects tracked!
I1014 15:30:24.728468  9102 work_track.cpp:148] Frame: 83, track bbox: [134 x 175 from (236.198, 181.071)], gid: 4, lid: 0
I1014 15:30:24.728507  9102 work_thread.hpp:87]  [T-Work-Detect_0] Frame :83 split
I1014 15:30:24.728524  9102 work_thread.hpp:120]  [T-Work-Detect_0] Valid piece: gid = 4
I1014 15:30:24.728543  9102 work_thread.hpp:91]  [T-Work-Detect_0] Push to split queue:recog
I1014 15:30:24.728601  9103 work_thread.hpp:81]  [T-Work-Recog_0] Run work: WorkCapture
I1014 15:30:24.728914  9105 thread_intergrate.hpp:78] [T-Intergrate-intergrate] queue: frame output frame :83
I1014 15:30:24.728965  9105 thread_intergrate.hpp:85] [T-Intergrate-intergrate] queue: compare output face:4
I1014 15:30:24.728987  9105 thread_intergrate.hpp:144] T-Intergrate-intergrate set matched face: 4
I1014 15:30:24.729156  9103 work_thread.hpp:81]  [T-Work-Recog_0] Run work: WorkRecog
I1014 15:30:24.729178  9103 work_recog.hpp:89] Face id: 4 will run recog: bbox [134 x 175 from (238, 180)] quality: 0.474702
I1014 15:30:24.729205  9103 work_recog.hpp:96] Recog pair: [192 x 216 from (208, 144)], [134 x 175 from (30, 36)]
I1014 15:30:24.730993  9105 thread_intergrate.hpp:186] T-Intergrate-intergrate Show face :4, size :640 * 360
I1014 15:30:24.731523  9101 demo_inner.hpp:435] thread [SORT-0]  frame id 83 sorting queue size 0   FPS: 20.0293
I1014 15:30:24.731663  9100 demo_inner.hpp:260]  gui queue size 0, state = running
I1014 15:30:24.746758  9103 work_thread.hpp:81]  [T-Work-Recog_0] Run work: WorkCompare
I1014 15:30:24.747225  9103 work_compare.cpp:76] Compare face: 4 successed, similarity :0.987673, name : images/ThangLMb.jpg, normal size : 1548 * 1719!
I1014 15:30:24.775199  9099 demo_inner.hpp:177] decode queue size 0
I1014 15:30:24.775315  9102 work_thread.hpp:81]  [T-Work-Detect_0] Run work: WorkDetect
I1014 15:30:24.775351  9102 work_detect.cpp:102] Succeeded to add det start for frame 84
I1014 15:30:24.782018  9102 work_detect.cpp:70] Frame :84 detect result :1 face(s)
I1014 15:30:24.782064  9102 work_detect.cpp:86] Detected bbox: [136 x 176 from (236, 180)]
I1014 15:30:24.782106  9102 work_detect.cpp:120] Succeeded to add det end for frame 84
I1014 15:30:24.782122  9102 work_thread.hpp:81]  [T-Work-Detect_0] Run work: WrokTrack
I1014 15:30:24.782146  9102 work_track.cpp:82] Frame: 84 build input_characts: [0.2125 x 0.488889 from (0.36875, 0.5)], 0.997596, 0
I1014 15:30:24.782202  9102 work_track.cpp:102] Succeeded to set track lock for frame 84
I1014 15:30:24.782240  9102 work_track.cpp:116] Succeeded to release track lock for frame 84
I1014 15:30:24.782255  9102 work_track.cpp:120] Track results of frame 84: 1 objects input, 1 objects tracked!
I1014 15:30:24.782274  9102 work_track.cpp:148] Frame: 84, track bbox: [136 x 176 from (236.047, 180.284)], gid: 4, lid: 0
I1014 15:30:24.782310  9102 work_thread.hpp:87]  [T-Work-Detect_0] Frame :84 split
I1014 15:30:24.782327  9102 work_thread.hpp:120]  [T-Work-Detect_0] Valid piece: gid = 4
I1014 15:30:24.782346  9102 work_thread.hpp:91]  [T-Work-Detect_0] Push to split queue:recog
I1014 15:30:24.782392  9103 work_thread.hpp:81]  [T-Work-Recog_0] Run work: WorkCapture
I1014 15:30:24.782696  9105 thread_intergrate.hpp:78] [T-Intergrate-intergrate] queue: frame output frame :84
I1014 15:30:24.782734  9105 thread_intergrate.hpp:85] [T-Intergrate-intergrate] queue: compare output face:4
I1014 15:30:24.782753  9105 thread_intergrate.hpp:144] T-Intergrate-intergrate set matched face: 4
I1014 15:30:24.782948  9103 work_thread.hpp:81]  [T-Work-Recog_0] Run work: WorkRecog
I1014 15:30:24.782971  9103 work_recog.hpp:89] Face id: 4 will run recog: bbox [136 x 176 from (236, 180)] quality: 0.481176
I1014 15:30:24.783002  9103 work_recog.hpp:96] Recog pair: [192 x 216 from (208, 144)], [136 x 176 from (28, 36)]
I1014 15:30:24.784736  9105 thread_intergrate.hpp:186] T-Intergrate-intergrate Show face :4, size :640 * 360
I1014 15:30:24.785270  9101 demo_inner.hpp:435] thread [SORT-0]  frame id 84 sorting queue size 0   FPS: 21.5903
I1014 15:30:24.799904  9100 demo_inner.hpp:260]  gui queue size 0, state = running
I1014 15:30:24.800681  9103 work_thread.hpp:81]  [T-Work-Recog_0] Run work: WorkCompare
I1014 15:30:24.801126  9103 work_compare.cpp:76] Compare face: 4 successed, similarity :0.99498, name : images/ThangLMb.jpg, normal size : 1548 * 1719!
I1014 15:30:24.823209  9099 demo_inner.hpp:177] decode queue size 0
I1014 15:30:24.823310  9102 work_thread.hpp:81]  [T-Work-Detect_0] Run work: WorkDetect
I1014 15:30:24.823346  9102 work_detect.cpp:102] Succeeded to add det start for frame 85
I1014 15:30:24.829972  9102 work_detect.cpp:70] Frame :85 detect result :1 face(s)
W1014 15:30:24.830021  9102 work_detect.cpp:83] Invalid bbox: [153 x 199 from (236, 162)]
I1014 15:30:24.830147  9102 work_detect.cpp:120] Succeeded to add det end for frame 85
I1014 15:30:24.830164  9102 work_thread.hpp:81]  [T-Work-Detect_0] Run work: WrokTrack
I1014 15:30:24.830193  9102 work_track.cpp:102] Succeeded to set track lock for frame 85
I1014 15:30:24.830225  9102 work_track.cpp:116] Succeeded to release track lock for frame 85
I1014 15:30:24.830240  9102 work_track.cpp:120] Track results of frame 85: 0 objects input, 1 objects tracked!
I1014 15:30:24.830257  9102 work_track.cpp:148] Frame: 85, track bbox: [136 x 176 from (236.333, 180.398)], gid: 4, lid: -1
I1014 15:30:24.830309  9102 work_thread.hpp:87]  [T-Work-Detect_0] Frame :85 split
I1014 15:30:24.830407  9105 thread_intergrate.hpp:78] [T-Intergrate-intergrate] queue: frame output frame :85
I1014 15:30:24.830436  9105 thread_intergrate.hpp:85] [T-Intergrate-intergrate] queue: compare output face:4
I1014 15:30:24.830478  9105 thread_intergrate.hpp:144] T-Intergrate-intergrate set matched face: 4
I1014 15:30:24.832386  9105 thread_intergrate.hpp:186] T-Intergrate-intergrate Show face :4, size :640 * 360
I1014 15:30:24.832950  9101 demo_inner.hpp:435] thread [SORT-0]  frame id 85 sorting queue size 0   FPS: 21.5827
I1014 15:30:24.871598  9099 demo_inner.hpp:177] decode queue size 0
I1014 15:30:24.871696  9102 work_thread.hpp:81]  [T-Work-Detect_0] Run work: WorkDetect
I1014 15:30:24.871732  9102 work_detect.cpp:102] Succeeded to add det start for frame 86
I1014 15:30:24.872398  9100 demo_inner.hpp:260]  gui queue size 0, state = running
I1014 15:30:24.878296  9102 work_detect.cpp:70] Frame :86 detect result :1 face(s)
I1014 15:30:24.878350  9102 work_detect.cpp:86] Detected bbox: [134 x 171 from (237, 182)]
I1014 15:30:24.878393  9102 work_detect.cpp:120] Succeeded to add det end for frame 86
I1014 15:30:24.878409  9102 work_thread.hpp:81]  [T-Work-Detect_0] Run work: WrokTrack
I1014 15:30:24.878433  9102 work_track.cpp:82] Frame: 86 build input_characts: [0.209375 x 0.475 from (0.370313, 0.505556)], 0.995025, 0
I1014 15:30:24.878489  9102 work_track.cpp:102] Succeeded to set track lock for frame 86
I1014 15:30:24.878530  9102 work_track.cpp:116] Succeeded to release track lock for frame 86
I1014 15:30:24.878545  9102 work_track.cpp:120] Track results of frame 86: 1 objects input, 1 objects tracked!
I1014 15:30:24.878562  9102 work_track.cpp:148] Frame: 86, track bbox: [134 x 171 from (237.357, 181.927)], gid: 4, lid: 0
I1014 15:30:24.878599  9102 work_thread.hpp:87]  [T-Work-Detect_0] Frame :86 split
I1014 15:30:24.878618  9102 work_thread.hpp:120]  [T-Work-Detect_0] Valid piece: gid = 4
I1014 15:30:24.878636  9102 work_thread.hpp:91]  [T-Work-Detect_0] Push to split queue:recog
I1014 15:30:24.878703  9104 work_thread.hpp:81]  [T-Work-Recog_1] Run work: WorkCapture
I1014 15:30:24.879016  9105 thread_intergrate.hpp:78] [T-Intergrate-intergrate] queue: frame output frame :86
I1014 15:30:24.879249  9104 work_thread.hpp:81]  [T-Work-Recog_1] Run work: WorkRecog
I1014 15:30:24.879273  9104 work_recog.hpp:89] Face id: 4 will run recog: bbox [134 x 171 from (237, 182)] quality: 0.474052
I1014 15:30:24.879299  9104 work_recog.hpp:96] Recog pair: [192 x 216 from (208, 144)], [134 x 171 from (29, 38)]
I1014 15:30:24.880182  9105 thread_intergrate.hpp:186] T-Intergrate-intergrate Show face :4, size :640 * 360
I1014 15:30:24.880734  9101 demo_inner.hpp:435] thread [SORT-0]  frame id 86 sorting queue size 0   FPS: 21.5647
I1014 15:30:24.896876  9104 work_thread.hpp:81]  [T-Work-Recog_1] Run work: WorkCompare
I1014 15:30:24.897334  9104 work_compare.cpp:76] Compare face: 4 successed, similarity :0.995472, name : images/ThangLMb.jpg, normal size : 1548 * 1719!
I1014 15:30:24.925213  9099 demo_inner.hpp:177] decode queue size 0
I1014 15:30:24.925312  9102 work_thread.hpp:81]  [T-Work-Detect_0] Run work: WorkDetect
I1014 15:30:24.925348  9102 work_detect.cpp:102] Succeeded to add det start for frame 87
I1014 15:30:24.931996  9102 work_detect.cpp:70] Frame :87 detect result :1 face(s)
I1014 15:30:24.932039  9102 work_detect.cpp:86] Detected bbox: [136 x 177 from (236, 177)]
I1014 15:30:24.932082  9102 work_detect.cpp:120] Succeeded to add det end for frame 87
I1014 15:30:24.932098  9102 work_thread.hpp:81]  [T-Work-Detect_0] Run work: WrokTrack
I1014 15:30:24.932122  9102 work_track.cpp:82] Frame: 87 build input_characts: [0.2125 x 0.491667 from (0.36875, 0.491667)], 0.997596, 0
I1014 15:30:24.932193  9102 work_track.cpp:102] Succeeded to set track lock for frame 87
I1014 15:30:24.932232  9102 work_track.cpp:116] Succeeded to release track lock for frame 87
I1014 15:30:24.932247  9102 work_track.cpp:120] Track results of frame 87: 1 objects input, 1 objects tracked!
I1014 15:30:24.932343  9102 work_track.cpp:148] Frame: 87, track bbox: [136 x 177 from (236.192, 177.854)], gid: 4, lid: 0
I1014 15:30:24.932382  9102 work_thread.hpp:87]  [T-Work-Detect_0] Frame :87 split
I1014 15:30:24.932400  9102 work_thread.hpp:120]  [T-Work-Detect_0] Valid piece: gid = 4
I1014 15:30:24.932418  9102 work_thread.hpp:91]  [T-Work-Detect_0] Push to split queue:recog
I1014 15:30:24.932468  9103 work_thread.hpp:81]  [T-Work-Recog_0] Run work: WorkCapture
I1014 15:30:24.932770  9105 thread_intergrate.hpp:78] [T-Intergrate-intergrate] queue: frame output frame :87
I1014 15:30:24.932797  9105 thread_intergrate.hpp:85] [T-Intergrate-intergrate] queue: compare output face:4
I1014 15:30:24.932824  9105 thread_intergrate.hpp:144] T-Intergrate-intergrate set matched face: 4
I1014 15:30:24.933017  9103 work_thread.hpp:81]  [T-Work-Recog_0] Run work: WorkRecog
I1014 15:30:24.933039  9103 work_recog.hpp:89] Face id: 4 will run recog: bbox [136 x 177 from (236, 177)] quality: 0.479072
I1014 15:30:24.933066  9103 work_recog.hpp:96] Recog pair: [192 x 224 from (208, 136)], [136 x 177 from (28, 41)]
I1014 15:30:24.934975  9105 thread_intergrate.hpp:186] T-Intergrate-intergrate Show face :4, size :640 * 360
I1014 15:30:24.935634  9101 demo_inner.hpp:435] thread [SORT-0]  frame id 87 sorting queue size 1   FPS: 21.4739
I1014 15:30:24.950532  9103 work_thread.hpp:81]  [T-Work-Recog_0] Run work: WorkCompare
I1014 15:30:24.950985  9103 work_compare.cpp:76] Compare face: 4 successed, similarity :0.993682, name : images/ThangLMb.jpg, normal size : 1548 * 1719!
I1014 15:30:24.967191  9100 demo_inner.hpp:260]  gui queue size 1, state = running
I1014 15:30:24.974566  9099 demo_inner.hpp:177] decode queue size 0
I1014 15:30:24.974673  9102 work_thread.hpp:81]  [T-Work-Detect_0] Run work: WorkDetect
I1014 15:30:24.974705  9102 work_detect.cpp:102] Succeeded to add det start for frame 88
I1014 15:30:24.981361  9102 work_detect.cpp:70] Frame :88 detect result :1 face(s)
I1014 15:30:24.981411  9102 work_detect.cpp:86] Detected bbox: [135 x 172 from (237, 182)]
I1014 15:30:24.981454  9102 work_detect.cpp:120] Succeeded to add det end for frame 88
I1014 15:30:24.981470  9102 work_thread.hpp:81]  [T-Work-Detect_0] Run work: WrokTrack
I1014 15:30:24.981494  9102 work_track.cpp:82] Frame: 88 build input_characts: [0.210938 x 0.477778 from (0.370313, 0.505556)], 0.997488, 0
I1014 15:30:24.981549  9102 work_track.cpp:102] Succeeded to set track lock for frame 88
I1014 15:30:24.981587  9102 work_track.cpp:116] Succeeded to release track lock for frame 88
I1014 15:30:24.981602  9102 work_track.cpp:120] Track results of frame 88: 1 objects input, 1 objects tracked!
I1014 15:30:24.981621  9102 work_track.cpp:148] Frame: 88, track bbox: [135 x 172 from (237.088, 180.776)], gid: 4, lid: 0
I1014 15:30:24.981657  9102 work_thread.hpp:87]  [T-Work-Detect_0] Frame :88 split
I1014 15:30:24.981674  9102 work_thread.hpp:120]  [T-Work-Detect_0] Valid piece: gid = 4
I1014 15:30:24.981693  9102 work_thread.hpp:91]  [T-Work-Detect_0] Push to split queue:recog
I1014 15:30:24.981739  9104 work_thread.hpp:81]  [T-Work-Recog_1] Run work: WorkCapture
I1014 15:30:24.982061  9105 thread_intergrate.hpp:78] [T-Intergrate-intergrate] queue: frame output frame :88
I1014 15:30:24.982089  9105 thread_intergrate.hpp:85] [T-Intergrate-intergrate] queue: compare output face:4
I1014 15:30:24.982108  9105 thread_intergrate.hpp:144] T-Intergrate-intergrate set matched face: 4
I1014 15:30:24.982286  9104 work_thread.hpp:81]  [T-Work-Recog_1] Run work: WorkRecog
I1014 15:30:24.982309  9104 work_recog.hpp:89] Face id: 4 will run recog: bbox [135 x 172 from (237, 182)] quality: 0.477176
I1014 15:30:24.982336  9104 work_recog.hpp:96] Recog pair: [192 x 216 from (208, 144)], [135 x 172 from (29, 38)]
I1014 15:30:24.983975  9105 thread_intergrate.hpp:186] T-Intergrate-intergrate Show face :4, size :640 * 360
I1014 15:30:24.984639  9101 demo_inner.hpp:435] thread [SORT-0]  frame id 88 sorting queue size 0   FPS: 20.9824
I1014 15:30:24.999660  9104 work_thread.hpp:81]  [T-Work-Recog_1] Run work: WorkCompare
I1014 15:30:25.000358  9104 work_compare.cpp:76] Compare face: 4 successed, similarity :0.992815, name : images/ThangLMb.jpg, normal size : 1548 * 1719!
I1014 15:30:25.023216  9099 demo_inner.hpp:177] decode queue size 0
I1014 15:30:25.023319  9102 work_thread.hpp:81]  [T-Work-Detect_0] Run work: WorkDetect
I1014 15:30:25.023353  9102 work_detect.cpp:102] Succeeded to add det start for frame 89
I1014 15:30:25.029916  9102 work_detect.cpp:70] Frame :89 detect result :1 face(s)
I1014 15:30:25.029958  9102 work_detect.cpp:86] Detected bbox: [135 x 173 from (236, 180)]
I1014 15:30:25.030002  9102 work_detect.cpp:120] Succeeded to add det end for frame 89
I1014 15:30:25.030019  9102 work_thread.hpp:81]  [T-Work-Detect_0] Run work: WrokTrack
I1014 15:30:25.030042  9102 work_track.cpp:82] Frame: 89 build input_characts: [0.210938 x 0.480556 from (0.36875, 0.5)], 0.997012, 0
I1014 15:30:25.030097  9102 work_track.cpp:102] Succeeded to set track lock for frame 89
I1014 15:30:25.030138  9102 work_track.cpp:116] Succeeded to release track lock for frame 89
I1014 15:30:25.030151  9102 work_track.cpp:120] Track results of frame 89: 1 objects input, 1 objects tracked!
I1014 15:30:25.030169  9102 work_track.cpp:148] Frame: 89, track bbox: [135 x 173 from (236.277, 180.176)], gid: 4, lid: 0
I1014 15:30:25.030205  9102 work_thread.hpp:87]  [T-Work-Detect_0] Frame :89 split
I1014 15:30:25.030223  9102 work_thread.hpp:120]  [T-Work-Detect_0] Valid piece: gid = 4
I1014 15:30:25.030241  9102 work_thread.hpp:91]  [T-Work-Detect_0] Push to split queue:recog
I1014 15:30:25.030294  9104 work_thread.hpp:81]  [T-Work-Recog_1] Run work: WorkCapture
I1014 15:30:25.030594  9105 thread_intergrate.hpp:78] [T-Intergrate-intergrate] queue: frame output frame :89
I1014 15:30:25.030622  9105 thread_intergrate.hpp:85] [T-Intergrate-intergrate] queue: compare output face:4
I1014 15:30:25.030675  9105 thread_intergrate.hpp:144] T-Intergrate-intergrate set matched face: 4
I1014 15:30:25.030834  9104 work_thread.hpp:81]  [T-Work-Recog_1] Run work: WorkRecog
I1014 15:30:25.030858  9104 work_recog.hpp:89] Face id: 4 will run recog: bbox [135 x 173 from (236, 180)] quality: 0.482419
I1014 15:30:25.030884  9104 work_recog.hpp:96] Recog pair: [192 x 216 from (208, 144)], [135 x 173 from (28, 36)]
I1014 15:30:25.032651  9105 thread_intergrate.hpp:186] T-Intergrate-intergrate Show face :4, size :640 * 360
I1014 15:30:25.033288  9101 demo_inner.hpp:435] thread [SORT-0]  frame id 89 sorting queue size 1   FPS: 20.5033
I1014 15:30:25.034400  9100 demo_inner.hpp:260]  gui queue size 1, state = running
I1014 15:30:25.048355  9104 work_thread.hpp:81]  [T-Work-Recog_1] Run work: WorkCompare
I1014 15:30:25.048816  9104 work_compare.cpp:76] Compare face: 4 successed, similarity :0.992777, name : images/ThangLMb.jpg, normal size : 1548 * 1719!
I1014 15:30:25.077181  9099 demo_inner.hpp:177] decode queue size 0
I1014 15:30:25.077286  9102 work_thread.hpp:81]  [T-Work-Detect_0] Run work: WorkDetect
I1014 15:30:25.077320  9102 work_detect.cpp:102] Succeeded to add det start for frame 90
I1014 15:30:25.083925  9102 work_detect.cpp:70] Frame :90 detect result :1 face(s)
I1014 15:30:25.083968  9102 work_detect.cpp:86] Detected bbox: [138 x 174 from (235, 179)]
I1014 15:30:25.084010  9102 work_detect.cpp:120] Succeeded to add det end for frame 90
I1014 15:30:25.084026  9102 work_thread.hpp:81]  [T-Work-Detect_0] Run work: WrokTrack
I1014 15:30:25.084050  9102 work_track.cpp:82] Frame: 90 build input_characts: [0.215625 x 0.483333 from (0.367188, 0.497222)], 0.997596, 0
I1014 15:30:25.084107  9102 work_track.cpp:102] Succeeded to set track lock for frame 90
I1014 15:30:25.084151  9102 work_track.cpp:116] Succeeded to release track lock for frame 90
I1014 15:30:25.084187  9102 work_track.cpp:120] Track results of frame 90: 1 objects input, 1 objects tracked!
I1014 15:30:25.084206  9102 work_track.cpp:148] Frame: 90, track bbox: [138 x 174 from (234.944, 179.196)], gid: 4, lid: 0
I1014 15:30:25.084244  9102 work_thread.hpp:87]  [T-Work-Detect_0] Frame :90 split
I1014 15:30:25.084336  9102 work_thread.hpp:120]  [T-Work-Detect_0] Valid piece: gid = 4
I1014 15:30:25.084357  9102 work_thread.hpp:91]  [T-Work-Detect_0] Push to split queue:recog
I1014 15:30:25.084404  9104 work_thread.hpp:81]  [T-Work-Recog_1] Run work: WorkCapture
I1014 15:30:25.084708  9105 thread_intergrate.hpp:78] [T-Intergrate-intergrate] queue: frame output frame :90
I1014 15:30:25.084735  9105 thread_intergrate.hpp:85] [T-Intergrate-intergrate] queue: compare output face:4
I1014 15:30:25.084754  9105 thread_intergrate.hpp:144] T-Intergrate-intergrate set matched face: 4
I1014 15:30:25.084954  9104 work_thread.hpp:81]  [T-Work-Recog_1] Run work: WorkRecog
I1014 15:30:25.084977  9104 work_recog.hpp:89] Face id: 4 will run recog: bbox [138 x 174 from (235, 179)] quality: 0.481141
I1014 15:30:25.085005  9104 work_recog.hpp:96] Recog pair: [192 x 216 from (208, 144)], [138 x 174 from (27, 35)]
I1014 15:30:25.086688  9105 thread_intergrate.hpp:186] T-Intergrate-intergrate Show face :4, size :640 * 360
I1014 15:30:25.087347  9101 demo_inner.hpp:435] thread [SORT-0]  frame id 90 sorting queue size 0   FPS: 20.0091
I1014 15:30:25.102416  9104 work_thread.hpp:81]  [T-Work-Recog_1] Run work: WorkCompare
I1014 15:30:25.102869  9104 work_compare.cpp:76] Compare face: 4 successed, similarity :0.996267, name : images/ThangLMb.jpg, normal size : 1548 * 1719!
I1014 15:30:25.125083  9099 demo_inner.hpp:177] decode queue size 0
I1014 15:30:25.125183  9102 work_thread.hpp:81]  [T-Work-Detect_0] Run work: WorkDetect
I1014 15:30:25.125216  9102 work_detect.cpp:102] Succeeded to add det start for frame 91
I1014 15:30:25.131706  9102 work_detect.cpp:70] Frame :91 detect result :1 face(s)
I1014 15:30:25.131748  9102 work_detect.cpp:86] Detected bbox: [135 x 174 from (235, 179)]
I1014 15:30:25.131791  9102 work_detect.cpp:120] Succeeded to add det end for frame 91
I1014 15:30:25.131808  9102 work_thread.hpp:81]  [T-Work-Detect_0] Run work: WrokTrack
I1014 15:30:25.131832  9102 work_track.cpp:82] Frame: 91 build input_characts: [0.210938 x 0.483333 from (0.367188, 0.497222)], 0.997488, 0
I1014 15:30:25.131887  9102 work_track.cpp:102] Succeeded to set track lock for frame 91
I1014 15:30:25.131927  9102 work_track.cpp:116] Succeeded to release track lock for frame 91
I1014 15:30:25.131942  9102 work_track.cpp:120] Track results of frame 91: 1 objects input, 1 objects tracked!
I1014 15:30:25.131960  9102 work_track.cpp:148] Frame: 91, track bbox: [135 x 174 from (235.648, 179.054)], gid: 4, lid: 0
I1014 15:30:25.131996  9102 work_thread.hpp:87]  [T-Work-Detect_0] Frame :91 split
I1014 15:30:25.132014  9102 work_thread.hpp:120]  [T-Work-Detect_0] Valid piece: gid = 4
I1014 15:30:25.132032  9102 work_thread.hpp:91]  [T-Work-Detect_0] Push to split queue:recog
I1014 15:30:25.132086  9103 work_thread.hpp:81]  [T-Work-Recog_0] Run work: WorkCapture
I1014 15:30:25.132411  9105 thread_intergrate.hpp:78] [T-Intergrate-intergrate] queue: frame output frame :91
I1014 15:30:25.132458  9105 thread_intergrate.hpp:85] [T-Intergrate-intergrate] queue: compare output face:4
I1014 15:30:25.132477  9105 thread_intergrate.hpp:144] T-Intergrate-intergrate set matched face: 4
I1014 15:30:25.132660  9103 work_thread.hpp:81]  [T-Work-Recog_0] Run work: WorkRecog
I1014 15:30:25.132684  9103 work_recog.hpp:89] Face id: 4 will run recog: bbox [135 x 174 from (235, 179)] quality: 0.483683
I1014 15:30:25.132714  9103 work_recog.hpp:96] Recog pair: [192 x 216 from (208, 144)], [135 x 174 from (27, 35)]
I1014 15:30:25.134366  9105 thread_intergrate.hpp:186] T-Intergrate-intergrate Show face :4, size :640 * 360
I1014 15:30:25.134902  9101 demo_inner.hpp:435] thread [SORT-0]  frame id 91 sorting queue size 1   FPS: 19.9546
I1014 15:30:25.150298  9103 work_thread.hpp:81]  [T-Work-Recog_0] Run work: WorkCompare
I1014 15:30:25.150754  9103 work_compare.cpp:76] Compare face: 4 successed, similarity :0.994424, name : images/ThangLMb.jpg, normal size : 1548 * 1719!
I1014 15:30:25.173290  9099 demo_inner.hpp:177] decode queue size 0
I1014 15:30:25.173470  9102 work_thread.hpp:81]  [T-Work-Detect_0] Run work: WorkDetect
I1014 15:30:25.173588  9102 work_detect.cpp:102] Succeeded to add det start for frame 92
I1014 15:30:25.180200  9102 work_detect.cpp:70] Frame :92 detect result :1 face(s)
I1014 15:30:25.180240  9102 work_detect.cpp:86] Detected bbox: [133 x 171 from (236, 180)]
I1014 15:30:25.180284  9102 work_detect.cpp:120] Succeeded to add det end for frame 92
I1014 15:30:25.180299  9102 work_thread.hpp:81]  [T-Work-Detect_0] Run work: WrokTrack
I1014 15:30:25.180322  9102 work_track.cpp:82] Frame: 92 build input_characts: [0.207813 x 0.475 from (0.36875, 0.5)], 0.996, 0
I1014 15:30:25.180377  9102 work_track.cpp:102] Succeeded to set track lock for frame 92
I1014 15:30:25.180418  9102 work_track.cpp:116] Succeeded to release track lock for frame 92
I1014 15:30:25.180433  9102 work_track.cpp:120] Track results of frame 92: 1 objects input, 1 objects tracked!
I1014 15:30:25.180450  9102 work_track.cpp:148] Frame: 92, track bbox: [133 x 171 from (236.078, 180.296)], gid: 4, lid: 0
I1014 15:30:25.180486  9102 work_thread.hpp:87]  [T-Work-Detect_0] Frame :92 split
I1014 15:30:25.180503  9102 work_thread.hpp:120]  [T-Work-Detect_0] Valid piece: gid = 4
I1014 15:30:25.180521  9102 work_thread.hpp:91]  [T-Work-Detect_0] Push to split queue:recog
I1014 15:30:25.180572  9103 work_thread.hpp:81]  [T-Work-Recog_0] Run work: WorkCapture
I1014 15:30:25.180874  9105 thread_intergrate.hpp:78] [T-Intergrate-intergrate] queue: frame output frame :92
I1014 15:30:25.180919  9105 thread_intergrate.hpp:85] [T-Intergrate-intergrate] queue: compare output face:4
I1014 15:30:25.180939  9105 thread_intergrate.hpp:144] T-Intergrate-intergrate set matched face: 4
I1014 15:30:25.181115  9103 work_thread.hpp:81]  [T-Work-Recog_0] Run work: WorkRecog
I1014 15:30:25.181139  9103 work_recog.hpp:89] Face id: 4 will run recog: bbox [133 x 171 from (236, 180)] quality: 0.477176
I1014 15:30:25.181166  9103 work_recog.hpp:96] Recog pair: [192 x 216 from (208, 144)], [133 x 171 from (28, 36)]
I1014 15:30:25.182823  9105 thread_intergrate.hpp:186] T-Intergrate-intergrate Show face :4, size :640 * 360
I1014 15:30:25.183423  9101 demo_inner.hpp:435] thread [SORT-0]  frame id 92 sorting queue size 2   FPS: 20.0091
I1014 15:30:25.198494  9103 work_thread.hpp:81]  [T-Work-Recog_0] Run work: WorkCompare
I1014 15:30:25.198941  9103 work_compare.cpp:76] Compare face: 4 successed, similarity :0.994541, name : images/ThangLMb.jpg, normal size : 1548 * 1719!
I1014 15:30:25.227051  9099 demo_inner.hpp:177] decode queue size 0
I1014 15:30:25.227149  9102 work_thread.hpp:81]  [T-Work-Detect_0] Run work: WorkDetect
I1014 15:30:25.227183  9102 work_detect.cpp:102] Succeeded to add det start for frame 93
I1014 15:30:25.233772  9102 work_detect.cpp:70] Frame :93 detect result :1 face(s)
I1014 15:30:25.233820  9102 work_detect.cpp:86] Detected bbox: [133 x 173 from (236, 179)]
I1014 15:30:25.233865  9102 work_detect.cpp:120] Succeeded to add det end for frame 93
I1014 15:30:25.233881  9102 work_thread.hpp:81]  [T-Work-Detect_0] Run work: WrokTrack
I1014 15:30:25.233906  9102 work_track.cpp:82] Frame: 93 build input_characts: [0.207813 x 0.480556 from (0.36875, 0.497222)], 0.996, 0
I1014 15:30:25.233960  9102 work_track.cpp:102] Succeeded to set track lock for frame 93
I1014 15:30:25.234000  9102 work_track.cpp:116] Succeeded to release track lock for frame 93
I1014 15:30:25.234015  9102 work_track.cpp:120] Track results of frame 93: 1 objects input, 1 objects tracked!
I1014 15:30:25.234033  9102 work_track.cpp:148] Frame: 93, track bbox: [133 x 173 from (235.718, 178.645)], gid: 4, lid: 0
I1014 15:30:25.234068  9102 work_thread.hpp:87]  [T-Work-Detect_0] Frame :93 split
I1014 15:30:25.234087  9102 work_thread.hpp:120]  [T-Work-Detect_0] Valid piece: gid = 4
I1014 15:30:25.234105  9102 work_thread.hpp:91]  [T-Work-Detect_0] Push to split queue:recog
I1014 15:30:25.234156  9104 work_thread.hpp:81]  [T-Work-Recog_1] Run work: WorkCapture
I1014 15:30:25.234457  9105 thread_intergrate.hpp:78] [T-Intergrate-intergrate] queue: frame output frame :93
I1014 15:30:25.234599  9105 thread_intergrate.hpp:85] [T-Intergrate-intergrate] queue: compare output face:4
I1014 15:30:25.234621  9105 thread_intergrate.hpp:144] T-Intergrate-intergrate set matched face: 4
I1014 15:30:25.234707  9104 work_thread.hpp:81]  [T-Work-Recog_1] Run work: WorkRecog
I1014 15:30:25.234730  9104 work_recog.hpp:89] Face id: 4 will run recog: bbox [133 x 173 from (236, 179)] quality: 0.476425
I1014 15:30:25.234758  9104 work_recog.hpp:96] Recog pair: [192 x 216 from (208, 144)], [133 x 173 from (28, 35)]
I1014 15:30:25.236490  9105 thread_intergrate.hpp:186] T-Intergrate-intergrate Show face :4, size :640 * 360
I1014 15:30:25.237023  9101 demo_inner.hpp:435] thread [SORT-0]  frame id 93 sorting queue size 3   FPS: 19.9546
I1014 15:30:25.252280  9104 work_thread.hpp:81]  [T-Work-Recog_1] Run work: WorkCompare
I1014 15:30:25.252732  9104 work_compare.cpp:76] Compare face: 4 successed, similarity :0.993853, name : images/ThangLMb.jpg, normal size : 1548 * 1719!
I1014 15:30:25.275125  9099 demo_inner.hpp:177] decode queue size 0
I1014 15:30:25.275220  9102 work_thread.hpp:81]  [T-Work-Detect_0] Run work: WorkDetect
I1014 15:30:25.275255  9102 work_detect.cpp:102] Succeeded to add det start for frame 94
I1014 15:30:25.281868  9102 work_detect.cpp:70] Frame :94 detect result :1 face(s)
I1014 15:30:25.281913  9102 work_detect.cpp:86] Detected bbox: [132 x 169 from (234, 182)]
I1014 15:30:25.281960  9102 work_detect.cpp:120] Succeeded to add det end for frame 94
I1014 15:30:25.281976  9102 work_thread.hpp:81]  [T-Work-Detect_0] Run work: WrokTrack
I1014 15:30:25.282001  9102 work_track.cpp:82] Frame: 94 build input_characts: [0.20625 x 0.469444 from (0.365625, 0.505556)], 0.997596, 0
I1014 15:30:25.282057  9102 work_track.cpp:102] Succeeded to set track lock for frame 94
I1014 15:30:25.282096  9102 work_track.cpp:116] Succeeded to release track lock for frame 94
I1014 15:30:25.282111  9102 work_track.cpp:120] Track results of frame 94: 1 objects input, 1 objects tracked!
I1014 15:30:25.282128  9102 work_track.cpp:148] Frame: 94, track bbox: [132 x 169 from (234.923, 181.354)], gid: 4, lid: 0
I1014 15:30:25.282164  9102 work_thread.hpp:87]  [T-Work-Detect_0] Frame :94 split
I1014 15:30:25.282182  9102 work_thread.hpp:120]  [T-Work-Detect_0] Valid piece: gid = 4
I1014 15:30:25.282200  9102 work_thread.hpp:91]  [T-Work-Detect_0] Push to split queue:recog
I1014 15:30:25.282248  9104 work_thread.hpp:81]  [T-Work-Recog_1] Run work: WorkCapture
I1014 15:30:25.282258  9105 thread_intergrate.hpp:78] [T-Intergrate-intergrate] queue: frame output frame :94
I1014 15:30:25.282285  9105 thread_intergrate.hpp:85] [T-Intergrate-intergrate] queue: compare output face:4
I1014 15:30:25.282305  9105 thread_intergrate.hpp:144] T-Intergrate-intergrate set matched face: 4
I1014 15:30:25.282825  9104 work_thread.hpp:81]  [T-Work-Recog_1] Run work: WorkRecog
