I1014 10:56:52.646435  4507 thread_intergrate.hpp:85] [T-Intergrate-intergrate] queue: compare output face:0
I1014 10:56:52.646453  4507 thread_intergrate.hpp:137] T-Intergrate-intergrate set matched face: 0
I1014 10:56:52.646706  4506 work_thread.hpp:81]  [T-Work-Recog_1] Run work: WorkRecog
I1014 10:56:52.646730  4506 work_recog.hpp:89] Face id: 0 will run recog: bbox [177 x 225 from (306, 119)] quality: 0.46401
I1014 10:56:52.646759  4506 work_recog.hpp:96] Recog pair: [256 x 288 from (264, 72)], [177 x 225 from (42, 47)]
I1014 10:56:52.647636  4507 thread_intergrate.hpp:157] T-Intergrate-intergrate Show face :0, size :640 * 360
I1014 10:56:52.648233  4503 demo_inner.hpp:435] thread [SORT-0]  frame id 114 sorting queue size 1   FPS: 29.9551
I1014 10:56:52.664594  4506 work_thread.hpp:81]  [T-Work-Recog_1] Run work: WorkCompare
I1014 10:56:52.664703  4506 work_compare.cpp:76] Compare face: 0 successed, similarity :0.985989, name : images/thanglmb.jpg, normal size : 640 * 360!
I1014 10:56:52.674116  4501 demo_inner.hpp:177] decode queue size 0
I1014 10:56:52.674228  4504 work_thread.hpp:81]  [T-Work-Detect_0] Run work: WorkDetect
I1014 10:56:52.674266  4504 work_detect.cpp:102] Succeeded to add det start for frame 115
I1014 10:56:52.681493  4504 work_detect.cpp:70] Frame :115 detect result :1 face(s)
I1014 10:56:52.681540  4504 work_detect.cpp:86] Detected bbox: [189 x 241 from (288, 89)]
I1014 10:56:52.681582  4504 work_detect.cpp:120] Succeeded to add det end for frame 115
I1014 10:56:52.681598  4504 work_thread.hpp:81]  [T-Work-Detect_0] Run work: WrokTrack
I1014 10:56:52.681623  4504 work_track.cpp:82] Frame: 115 build input_characts: [0.295312 x 0.669444 from (0.45, 0.247222)], 1.00035, 0
I1014 10:56:52.681679  4504 work_track.cpp:102] Succeeded to set track lock for frame 115
I1014 10:56:52.681718  4504 work_track.cpp:116] Succeeded to release track lock for frame 115
I1014 10:56:52.681733  4504 work_track.cpp:120] Track results of frame 115: 1 objects input, 1 objects tracked!
I1014 10:56:52.681751  4504 work_track.cpp:148] Frame: 115, track bbox: [189 x 241 from (293.499, 92.957)], gid: 0, lid: 0
I1014 10:56:52.681787  4504 work_thread.hpp:88]  [T-Work-Detect_0] Frame :115 split
I1014 10:56:52.681805  4504 work_thread.hpp:120]  [T-Work-Detect_0] Valid piece: gid = 0
I1014 10:56:52.681823  4504 work_thread.hpp:92]  [T-Work-Detect_0] Push to split queue:recog
I1014 10:56:52.681869  4506 work_thread.hpp:81]  [T-Work-Recog_1] Run work: WorkCapture
I1014 10:56:52.682168  4507 thread_intergrate.hpp:78] [T-Intergrate-intergrate] queue: frame output frame :115
I1014 10:56:52.682194  4507 thread_intergrate.hpp:85] [T-Intergrate-intergrate] queue: compare output face:0
I1014 10:56:52.682212  4507 thread_intergrate.hpp:137] T-Intergrate-intergrate set matched face: 0
I1014 10:56:52.682426  4506 work_thread.hpp:81]  [T-Work-Recog_1] Run work: WorkRecog
I1014 10:56:52.682451  4506 work_recog.hpp:89] Face id: 0 will run recog: bbox [189 x 241 from (288, 89)] quality: 0.470157
I1014 10:56:52.682479  4506 work_recog.hpp:96] Recog pair: [272 x 320 from (248, 40)], [189 x 241 from (40, 49)]
I1014 10:56:52.683401  4507 thread_intergrate.hpp:157] T-Intergrate-intergrate Show face :0, size :640 * 360
I1014 10:56:52.683984  4503 demo_inner.hpp:435] thread [SORT-0]  frame id 115 sorting queue size 2   FPS: 29.9551
I1014 10:56:52.688774  4502 demo_inner.hpp:260]  gui queue size 2, state = running
I1014 10:56:52.700479  4506 work_thread.hpp:81]  [T-Work-Recog_1] Run work: WorkCompare
I1014 10:56:52.700590  4506 work_compare.cpp:76] Compare face: 0 successed, similarity :0.979495, name : images/thanglmb.jpg, normal size : 640 * 360!
I1014 10:56:52.704071  4501 demo_inner.hpp:177] decode queue size 0
I1014 10:56:52.704293  4504 work_thread.hpp:81]  [T-Work-Detect_0] Run work: WorkDetect
I1014 10:56:52.704330  4504 work_detect.cpp:102] Succeeded to add det start for frame 116
I1014 10:56:52.711458  4504 work_detect.cpp:70] Frame :116 detect result :1 face(s)
I1014 10:56:52.711504  4504 work_detect.cpp:86] Detected bbox: [186 x 240 from (286, 91)]
I1014 10:56:52.711549  4504 work_detect.cpp:120] Succeeded to add det end for frame 116
I1014 10:56:52.711565  4504 work_thread.hpp:81]  [T-Work-Detect_0] Run work: WrokTrack
I1014 10:56:52.711591  4504 work_track.cpp:82] Frame: 116 build input_characts: [0.290625 x 0.666667 from (0.446875, 0.252778)], 1.00019, 0
I1014 10:56:52.711647  4504 work_track.cpp:102] Succeeded to set track lock for frame 116
I1014 10:56:52.711686  4504 work_track.cpp:116] Succeeded to release track lock for frame 116
I1014 10:56:52.711701  4504 work_track.cpp:120] Track results of frame 116: 1 objects input, 1 objects tracked!
I1014 10:56:52.711719  4504 work_track.cpp:148] Frame: 116, track bbox: [186 x 240 from (287.927, 91.4571)], gid: 0, lid: 0
I1014 10:56:52.711755  4504 work_thread.hpp:88]  [T-Work-Detect_0] Frame :116 split
I1014 10:56:52.711773  4504 work_thread.hpp:120]  [T-Work-Detect_0] Valid piece: gid = 0
I1014 10:56:52.711791  4504 work_thread.hpp:92]  [T-Work-Detect_0] Push to split queue:recog
I1014 10:56:52.711843  4507 thread_intergrate.hpp:78] [T-Intergrate-intergrate] queue: frame output frame :116
I1014 10:56:52.711850  4506 work_thread.hpp:81]  [T-Work-Recog_1] Run work: WorkCapture
I1014 10:56:52.711869  4507 thread_intergrate.hpp:85] [T-Intergrate-intergrate] queue: compare output face:0
I1014 10:56:52.711886  4507 thread_intergrate.hpp:137] T-Intergrate-intergrate set matched face: 0
I1014 10:56:52.712412  4506 work_thread.hpp:81]  [T-Work-Recog_1] Run work: WorkRecog
I1014 10:56:52.712440  4506 work_recog.hpp:89] Face id: 0 will run recog: bbox [186 x 240 from (286, 91)] quality: 0.471312
I1014 10:56:52.712471  4506 work_recog.hpp:96] Recog pair: [264 x 320 from (248, 40)], [186 x 240 from (38, 51)]
I1014 10:56:52.713078  4507 thread_intergrate.hpp:157] T-Intergrate-intergrate Show face :0, size :640 * 360
I1014 10:56:52.713634  4503 demo_inner.hpp:435] thread [SORT-0]  frame id 116 sorting queue size 0   FPS: 29.9252
I1014 10:56:52.730201  4506 work_thread.hpp:81]  [T-Work-Recog_1] Run work: WorkCompare
I1014 10:56:52.730309  4506 work_compare.cpp:76] Compare face: 0 successed, similarity :0.979574, name : images/thanglmb.jpg, normal size : 640 * 360!
I1014 10:56:52.739985  4501 demo_inner.hpp:177] decode queue size 0
I1014 10:56:52.740099  4504 work_thread.hpp:81]  [T-Work-Detect_0] Run work: WorkDetect
I1014 10:56:52.740139  4504 work_detect.cpp:102] Succeeded to add det start for frame 117
I1014 10:56:52.747313  4504 work_detect.cpp:70] Frame :117 detect result :1 face(s)
I1014 10:56:52.747364  4504 work_detect.cpp:86] Detected bbox: [183 x 233 from (294, 111)]
I1014 10:56:52.747408  4504 work_detect.cpp:120] Succeeded to add det end for frame 117
I1014 10:56:52.747426  4504 work_thread.hpp:81]  [T-Work-Detect_0] Run work: WrokTrack
I1014 10:56:52.747450  4504 work_track.cpp:82] Frame: 117 build input_characts: [0.285937 x 0.647222 from (0.459375, 0.308333)], 1.00019, 0
I1014 10:56:52.747505  4504 work_track.cpp:102] Succeeded to set track lock for frame 117
I1014 10:56:52.747545  4504 work_track.cpp:116] Succeeded to release track lock for frame 117
I1014 10:56:52.747560  4504 work_track.cpp:120] Track results of frame 117: 1 objects input, 1 objects tracked!
I1014 10:56:52.747578  4504 work_track.cpp:148] Frame: 117, track bbox: [183 x 233 from (288.977, 104.945)], gid: 0, lid: 0
I1014 10:56:52.747614  4504 work_thread.hpp:88]  [T-Work-Detect_0] Frame :117 split
I1014 10:56:52.747632  4504 work_thread.hpp:120]  [T-Work-Detect_0] Valid piece: gid = 0
I1014 10:56:52.747650  4504 work_thread.hpp:92]  [T-Work-Detect_0] Push to split queue:recog
I1014 10:56:52.747701  4506 work_thread.hpp:81]  [T-Work-Recog_1] Run work: WorkCapture
I1014 10:56:52.748008  4507 thread_intergrate.hpp:78] [T-Intergrate-intergrate] queue: frame output frame :117
I1014 10:56:52.748119  4507 thread_intergrate.hpp:85] [T-Intergrate-intergrate] queue: compare output face:0
I1014 10:56:52.748139  4507 thread_intergrate.hpp:137] T-Intergrate-intergrate set matched face: 0
I1014 10:56:52.748265  4506 work_thread.hpp:81]  [T-Work-Recog_1] Run work: WorkRecog
I1014 10:56:52.748288  4506 work_recog.hpp:89] Face id: 0 will run recog: bbox [183 x 233 from (294, 111)] quality: 0.481619
I1014 10:56:52.748318  4506 work_recog.hpp:96] Recog pair: [264 x 296 from (256, 64)], [183 x 233 from (38, 47)]
I1014 10:56:52.749351  4507 thread_intergrate.hpp:157] T-Intergrate-intergrate Show face :0, size :640 * 360
I1014 10:56:52.749933  4503 demo_inner.hpp:435] thread [SORT-0]  frame id 117 sorting queue size 1   FPS: 29.9103
I1014 10:56:52.765995  4506 work_thread.hpp:81]  [T-Work-Recog_1] Run work: WorkCompare
I1014 10:56:52.766108  4506 work_compare.cpp:76] Compare face: 0 successed, similarity :0.983903, name : images/thanglmb.jpg, normal size : 640 * 360!
I1014 10:56:52.769953  4501 demo_inner.hpp:177] decode queue size 0
I1014 10:56:52.770045  4504 work_thread.hpp:81]  [T-Work-Detect_0] Run work: WorkDetect
I1014 10:56:52.770077  4504 work_detect.cpp:102] Succeeded to add det start for frame 118
I1014 10:56:52.777092  4504 work_detect.cpp:70] Frame :118 detect result :1 face(s)
I1014 10:56:52.777138  4504 work_detect.cpp:86] Detected bbox: [175 x 231 from (288, 93)]
I1014 10:56:52.777180  4504 work_detect.cpp:120] Succeeded to add det end for frame 118
I1014 10:56:52.777197  4504 work_thread.hpp:81]  [T-Work-Detect_0] Run work: WrokTrack
I1014 10:56:52.777222  4504 work_track.cpp:82] Frame: 118 build input_characts: [0.273438 x 0.641667 from (0.45, 0.258333)], 1.00019, 0
I1014 10:56:52.777278  4504 work_track.cpp:102] Succeeded to set track lock for frame 118
I1014 10:56:52.777318  4504 work_track.cpp:116] Succeeded to release track lock for frame 118
I1014 10:56:52.777333  4504 work_track.cpp:120] Track results of frame 118: 1 objects input, 1 objects tracked!
I1014 10:56:52.777350  4504 work_track.cpp:148] Frame: 118, track bbox: [175 x 231 from (288.316, 99.4779)], gid: 0, lid: 0
I1014 10:56:52.777385  4504 work_thread.hpp:88]  [T-Work-Detect_0] Frame :118 split
I1014 10:56:52.777403  4504 work_thread.hpp:120]  [T-Work-Detect_0] Valid piece: gid = 0
I1014 10:56:52.777421  4504 work_thread.hpp:92]  [T-Work-Detect_0] Push to split queue:recog
I1014 10:56:52.777468  4505 work_thread.hpp:81]  [T-Work-Recog_0] Run work: WorkCapture
I1014 10:56:52.777774  4507 thread_intergrate.hpp:78] [T-Intergrate-intergrate] queue: frame output frame :118
I1014 10:56:52.777802  4507 thread_intergrate.hpp:85] [T-Intergrate-intergrate] queue: compare output face:0
I1014 10:56:52.777822  4507 thread_intergrate.hpp:137] T-Intergrate-intergrate set matched face: 0
I1014 10:56:52.778018  4505 work_thread.hpp:81]  [T-Work-Recog_0] Run work: WorkRecog
I1014 10:56:52.778041  4505 work_recog.hpp:89] Face id: 0 will run recog: bbox [175 x 231 from (288, 93)] quality: 0.460065
I1014 10:56:52.778069  4505 work_recog.hpp:96] Recog pair: [256 x 320 from (248, 40)], [175 x 231 from (40, 53)]
I1014 10:56:52.779012  4507 thread_intergrate.hpp:157] T-Intergrate-intergrate Show face :0, size :640 * 360
I1014 10:56:52.779608  4503 demo_inner.hpp:435] thread [SORT-0]  frame id 118 sorting queue size 2   FPS: 29.9252
I1014 10:56:52.783783  4502 demo_inner.hpp:260]  gui queue size 2, state = running
I1014 10:56:52.795923  4505 work_thread.hpp:81]  [T-Work-Recog_0] Run work: WorkCompare
I1014 10:56:52.796030  4505 work_compare.cpp:76] Compare face: 0 successed, similarity :0.984699, name : images/thanglmb.jpg, normal size : 640 * 360!
I1014 10:56:52.806216  4501 demo_inner.hpp:177] decode queue size 0
I1014 10:56:52.806562  4504 work_thread.hpp:81]  [T-Work-Detect_0] Run work: WorkDetect
I1014 10:56:52.806602  4504 work_detect.cpp:102] Succeeded to add det start for frame 119
I1014 10:56:52.814126  4504 work_detect.cpp:70] Frame :119 detect result :1 face(s)
I1014 10:56:52.814288  4504 work_detect.cpp:86] Detected bbox: [177 x 227 from (283, 118)]
I1014 10:56:52.814335  4504 work_detect.cpp:120] Succeeded to add det end for frame 119
I1014 10:56:52.814352  4504 work_thread.hpp:81]  [T-Work-Detect_0] Run work: WrokTrack
I1014 10:56:52.814378  4504 work_track.cpp:82] Frame: 119 build input_characts: [0.276563 x 0.630556 from (0.442187, 0.327778)], 0.999622, 0
I1014 10:56:52.814441  4504 work_track.cpp:102] Succeeded to set track lock for frame 119
I1014 10:56:52.814482  4504 work_track.cpp:116] Succeeded to release track lock for frame 119
I1014 10:56:52.814497  4504 work_track.cpp:120] Track results of frame 119: 1 objects input, 1 objects tracked!
I1014 10:56:52.814536  4504 work_track.cpp:148] Frame: 119, track bbox: [177 x 227 from (283.758, 107.391)], gid: 0, lid: 0
I1014 10:56:52.814575  4504 work_thread.hpp:88]  [T-Work-Detect_0] Frame :119 split
I1014 10:56:52.814594  4504 work_thread.hpp:120]  [T-Work-Detect_0] Valid piece: gid = 0
I1014 10:56:52.814611  4504 work_thread.hpp:92]  [T-Work-Detect_0] Push to split queue:recog
I1014 10:56:52.814669  4507 thread_intergrate.hpp:78] [T-Intergrate-intergrate] queue: frame output frame :119
I1014 10:56:52.814671  4505 work_thread.hpp:81]  [T-Work-Recog_0] Run work: WorkCapture
I1014 10:56:52.814699  4507 thread_intergrate.hpp:85] [T-Intergrate-intergrate] queue: compare output face:0
I1014 10:56:52.814718  4507 thread_intergrate.hpp:137] T-Intergrate-intergrate set matched face: 0
I1014 10:56:52.815264  4505 work_thread.hpp:81]  [T-Work-Recog_0] Run work: WorkRecog
I1014 10:56:52.815290  4505 work_recog.hpp:89] Face id: 0 will run recog: bbox [177 x 227 from (283, 118)] quality: 0.47445
I1014 10:56:52.815321  4505 work_recog.hpp:96] Recog pair: [248 x 288 from (248, 72)], [177 x 227 from (35, 46)]
I1014 10:56:52.815888  4507 thread_intergrate.hpp:157] T-Intergrate-intergrate Show face :0, size :640 * 360
I1014 10:56:52.816475  4503 demo_inner.hpp:435] thread [SORT-0]  frame id 119 sorting queue size 0   FPS: 29.8954
I1014 10:56:52.832914  4505 work_thread.hpp:81]  [T-Work-Recog_0] Run work: WorkCompare
I1014 10:56:52.833026  4505 work_compare.cpp:76] Compare face: 0 successed, similarity :0.980477, name : images/thanglmb.jpg, normal size : 640 * 360!
I1014 10:56:52.836048  4501 demo_inner.hpp:177] decode queue size 0
I1014 10:56:52.836131  4504 work_thread.hpp:81]  [T-Work-Detect_0] Run work: WorkDetect
I1014 10:56:52.836191  4504 work_detect.cpp:102] Succeeded to add det start for frame 120
I1014 10:56:52.843282  4504 work_detect.cpp:70] Frame :120 detect result :1 face(s)
I1014 10:56:52.843327  4504 work_detect.cpp:86] Detected bbox: [169 x 222 from (285, 98)]
I1014 10:56:52.843369  4504 work_detect.cpp:120] Succeeded to add det end for frame 120
I1014 10:56:52.843386  4504 work_thread.hpp:81]  [T-Work-Detect_0] Run work: WrokTrack
I1014 10:56:52.843411  4504 work_track.cpp:82] Frame: 120 build input_characts: [0.264062 x 0.616667 from (0.445312, 0.272222)], 1.00019, 0
I1014 10:56:52.843468  4504 work_track.cpp:102] Succeeded to set track lock for frame 120
I1014 10:56:52.843508  4504 work_track.cpp:116] Succeeded to release track lock for frame 120
I1014 10:56:52.843523  4504 work_track.cpp:120] Track results of frame 120: 1 objects input, 1 objects tracked!
I1014 10:56:52.843540  4504 work_track.cpp:148] Frame: 120, track bbox: [169 x 222 from (285.874, 108.016)], gid: 0, lid: 0
I1014 10:56:52.843576  4504 work_thread.hpp:88]  [T-Work-Detect_0] Frame :120 split
I1014 10:56:52.843595  4504 work_thread.hpp:120]  [T-Work-Detect_0] Valid piece: gid = 0
I1014 10:56:52.843612  4504 work_thread.hpp:92]  [T-Work-Detect_0] Push to split queue:recog
I1014 10:56:52.843659  4506 work_thread.hpp:81]  [T-Work-Recog_1] Run work: WorkCapture
I1014 10:56:52.843962  4507 thread_intergrate.hpp:78] [T-Intergrate-intergrate] queue: frame output frame :120
I1014 10:56:52.843991  4507 thread_intergrate.hpp:85] [T-Intergrate-intergrate] queue: compare output face:0
I1014 10:56:52.844008  4507 thread_intergrate.hpp:137] T-Intergrate-intergrate set matched face: 0
I1014 10:56:52.844216  4506 work_thread.hpp:81]  [T-Work-Recog_1] Run work: WorkRecog
I1014 10:56:52.844239  4506 work_recog.hpp:89] Face id: 0 will run recog: bbox [169 x 222 from (285, 98)] quality: 0.460065
I1014 10:56:52.844266  4506 work_recog.hpp:96] Recog pair: [240 x 312 from (248, 48)], [169 x 222 from (37, 50)]
I1014 10:56:52.845332  4507 thread_intergrate.hpp:157] T-Intergrate-intergrate Show face :0, size :640 * 360
I1014 10:56:52.845932  4503 demo_inner.hpp:435] thread [SORT-0]  frame id 120 sorting queue size 1   FPS: 29.9103
I1014 10:56:52.851138  4502 demo_inner.hpp:260]  gui queue size 1, state = running
I1014 10:56:52.862099  4506 work_thread.hpp:81]  [T-Work-Recog_1] Run work: WorkCompare
I1014 10:56:52.862207  4506 work_compare.cpp:76] Compare face: 0 successed, similarity :0.985534, name : images/thanglmb.jpg, normal size : 640 * 360!
I1014 10:56:52.872077  4501 demo_inner.hpp:177] decode queue size 0
I1014 10:56:52.872226  4504 work_thread.hpp:81]  [T-Work-Detect_0] Run work: WorkDetect
I1014 10:56:52.872262  4504 work_detect.cpp:102] Succeeded to add det start for frame 121
I1014 10:56:52.879323  4504 work_detect.cpp:70] Frame :121 detect result :1 face(s)
I1014 10:56:52.879371  4504 work_detect.cpp:86] Detected bbox: [171 x 215 from (282, 104)]
I1014 10:56:52.879415  4504 work_detect.cpp:120] Succeeded to add det end for frame 121
I1014 10:56:52.879431  4504 work_thread.hpp:81]  [T-Work-Detect_0] Run work: WrokTrack
I1014 10:56:52.879456  4504 work_track.cpp:82] Frame: 121 build input_characts: [0.267188 x 0.597222 from (0.440625, 0.288889)], 0.999622, 0
I1014 10:56:52.879510  4504 work_track.cpp:102] Succeeded to set track lock for frame 121
I1014 10:56:52.879550  4504 work_track.cpp:116] Succeeded to release track lock for frame 121
I1014 10:56:52.879565  4504 work_track.cpp:120] Track results of frame 121: 1 objects input, 1 objects tracked!
I1014 10:56:52.879583  4504 work_track.cpp:148] Frame: 121, track bbox: [171 x 215 from (281.495, 106.886)], gid: 0, lid: 0
I1014 10:56:52.879619  4504 work_thread.hpp:88]  [T-Work-Detect_0] Frame :121 split
I1014 10:56:52.879637  4504 work_thread.hpp:120]  [T-Work-Detect_0] Valid piece: gid = 0
I1014 10:56:52.879654  4504 work_thread.hpp:92]  [T-Work-Detect_0] Push to split queue:recog
I1014 10:56:52.879703  4506 work_thread.hpp:81]  [T-Work-Recog_1] Run work: WorkCapture
I1014 10:56:52.880000  4507 thread_intergrate.hpp:78] [T-Intergrate-intergrate] queue: frame output frame :121
I1014 10:56:52.880026  4507 thread_intergrate.hpp:85] [T-Intergrate-intergrate] queue: compare output face:0
I1014 10:56:52.880045  4507 thread_intergrate.hpp:137] T-Intergrate-intergrate set matched face: 0
I1014 10:56:52.880255  4506 work_thread.hpp:81]  [T-Work-Recog_1] Run work: WorkRecog
I1014 10:56:52.880280  4506 work_recog.hpp:89] Face id: 0 will run recog: bbox [171 x 215 from (282, 104)] quality: 0.423834
I1014 10:56:52.880308  4506 work_recog.hpp:96] Recog pair: [240 x 304 from (248, 56)], [171 x 215 from (34, 48)]
I1014 10:56:52.881263  4507 thread_intergrate.hpp:157] T-Intergrate-intergrate Show face :0, size :640 * 360
I1014 10:56:52.881851  4503 demo_inner.hpp:435] thread [SORT-0]  frame id 121 sorting queue size 0   FPS: 29.9103
I1014 10:56:52.898190  4506 work_thread.hpp:81]  [T-Work-Recog_1] Run work: WorkCompare
I1014 10:56:52.898298  4506 work_compare.cpp:76] Compare face: 0 successed, similarity :0.989056, name : images/thanglmb.jpg, normal size : 640 * 360!
I1014 10:56:52.907843  4501 demo_inner.hpp:177] decode queue size 0
I1014 10:56:52.907972  4504 work_thread.hpp:81]  [T-Work-Detect_0] Run work: WorkDetect
I1014 10:56:52.908010  4504 work_detect.cpp:102] Succeeded to add det start for frame 122
I1014 10:56:52.915047  4504 work_detect.cpp:70] Frame :122 detect result :1 face(s)
I1014 10:56:52.915094  4504 work_detect.cpp:86] Detected bbox: [168 x 212 from (279, 120)]
I1014 10:56:52.915138  4504 work_detect.cpp:120] Succeeded to add det end for frame 122
I1014 10:56:52.915153  4504 work_thread.hpp:81]  [T-Work-Detect_0] Run work: WrokTrack
I1014 10:56:52.915251  4504 work_track.cpp:82] Frame: 122 build input_characts: [0.2625 x 0.588889 from (0.435937, 0.333333)], 0.999622, 0
I1014 10:56:52.915307  4504 work_track.cpp:102] Succeeded to set track lock for frame 122
I1014 10:56:52.915347  4504 work_track.cpp:116] Succeeded to release track lock for frame 122
I1014 10:56:52.915362  4504 work_track.cpp:120] Track results of frame 122: 1 objects input, 1 objects tracked!
I1014 10:56:52.915380  4504 work_track.cpp:148] Frame: 122, track bbox: [168 x 212 from (278.292, 111.53)], gid: 0, lid: 0
I1014 10:56:52.915416  4504 work_thread.hpp:88]  [T-Work-Detect_0] Frame :122 split
I1014 10:56:52.915433  4504 work_thread.hpp:120]  [T-Work-Detect_0] Valid piece: gid = 0
I1014 10:56:52.915450  4504 work_thread.hpp:92]  [T-Work-Detect_0] Push to split queue:recog
I1014 10:56:52.915496  4506 work_thread.hpp:81]  [T-Work-Recog_1] Run work: WorkCapture
I1014 10:56:52.915791  4507 thread_intergrate.hpp:78] [T-Intergrate-intergrate] queue: frame output frame :122
I1014 10:56:52.915817  4507 thread_intergrate.hpp:85] [T-Intergrate-intergrate] queue: compare output face:0
I1014 10:56:52.915836  4507 thread_intergrate.hpp:137] T-Intergrate-intergrate set matched face: 0
I1014 10:56:52.916044  4506 work_thread.hpp:81]  [T-Work-Recog_1] Run work: WorkRecog
I1014 10:56:52.916069  4506 work_recog.hpp:89] Face id: 0 will run recog: bbox [168 x 212 from (279, 120)] quality: 0.476738
I1014 10:56:52.916096  4506 work_recog.hpp:96] Recog pair: [240 x 288 from (240, 72)], [168 x 212 from (39, 48)]
I1014 10:56:52.917033  4507 thread_intergrate.hpp:157] T-Intergrate-intergrate Show face :0, size :640 * 360
I1014 10:56:52.917615  4503 demo_inner.hpp:435] thread [SORT-0]  frame id 122 sorting queue size 1   FPS: 29.9103
I1014 10:56:52.933785  4506 work_thread.hpp:81]  [T-Work-Recog_1] Run work: WorkCompare
I1014 10:56:52.933897  4506 work_compare.cpp:76] Compare face: 0 successed, similarity :0.976304, name : images/thanglmb.jpg, normal size : 640 * 360!
I1014 10:56:52.938084  4501 demo_inner.hpp:177] decode queue size 0
I1014 10:56:52.938177  4504 work_thread.hpp:81]  [T-Work-Detect_0] Run work: WorkDetect
I1014 10:56:52.938215  4504 work_detect.cpp:102] Succeeded to add det start for frame 123
I1014 10:56:52.945266  4504 work_detect.cpp:70] Frame :123 detect result :1 face(s)
I1014 10:56:52.945312  4504 work_detect.cpp:86] Detected bbox: [167 x 214 from (277, 103)]
I1014 10:56:52.945355  4504 work_detect.cpp:120] Succeeded to add det end for frame 123
I1014 10:56:52.945371  4504 work_thread.hpp:81]  [T-Work-Detect_0] Run work: WrokTrack
I1014 10:56:52.945396  4504 work_track.cpp:82] Frame: 123 build input_characts: [0.260938 x 0.594444 from (0.432813, 0.286111)], 0.999622, 0
I1014 10:56:52.945451  4504 work_track.cpp:102] Succeeded to set track lock for frame 123
I1014 10:56:52.945492  4504 work_track.cpp:116] Succeeded to release track lock for frame 123
I1014 10:56:52.945505  4504 work_track.cpp:120] Track results of frame 123: 1 objects input, 1 objects tracked!
I1014 10:56:52.945524  4504 work_track.cpp:148] Frame: 123, track bbox: [167 x 214 from (277.186, 108.641)], gid: 0, lid: 0
I1014 10:56:52.945561  4504 work_thread.hpp:88]  [T-Work-Detect_0] Frame :123 split
I1014 10:56:52.945578  4504 work_thread.hpp:120]  [T-Work-Detect_0] Valid piece: gid = 0
I1014 10:56:52.945596  4504 work_thread.hpp:92]  [T-Work-Detect_0] Push to split queue:recog
I1014 10:56:52.945642  4507 thread_intergrate.hpp:78] [T-Intergrate-intergrate] queue: frame output frame :123
I1014 10:56:52.945652  4505 work_thread.hpp:81]  [T-Work-Recog_0] Run work: WorkCapture
I1014 10:56:52.945668  4507 thread_intergrate.hpp:85] [T-Intergrate-intergrate] queue: compare output face:0
I1014 10:56:52.945686  4507 thread_intergrate.hpp:137] T-Intergrate-intergrate set matched face: 0
I1014 10:56:52.946216  4505 work_thread.hpp:81]  [T-Work-Recog_0] Run work: WorkRecog
I1014 10:56:52.946243  4505 work_recog.hpp:89] Face id: 0 will run recog: bbox [167 x 214 from (277, 103)] quality: 0.444516
I1014 10:56:52.946272  4505 work_recog.hpp:96] Recog pair: [240 x 304 from (240, 56)], [167 x 214 from (37, 47)]
I1014 10:56:52.946856  4507 thread_intergrate.hpp:157] T-Intergrate-intergrate Show face :0, size :640 * 360
I1014 10:56:52.947412  4503 demo_inner.hpp:435] thread [SORT-0]  frame id 123 sorting queue size 2   FPS: 29.9252
I1014 10:56:52.948107  4502 demo_inner.hpp:260]  gui queue size 2, state = running
I1014 10:56:52.964136  4505 work_thread.hpp:81]  [T-Work-Recog_0] Run work: WorkCompare
I1014 10:56:52.964269  4505 work_compare.cpp:76] Compare face: 0 successed, similarity :0.973406, name : images/thanglmb.jpg, normal size : 640 * 360!
I1014 10:56:52.974436  4501 demo_inner.hpp:177] decode queue size 0
I1014 10:56:52.974565  4504 work_thread.hpp:81]  [T-Work-Detect_0] Run work: WorkDetect
I1014 10:56:52.974601  4504 work_detect.cpp:102] Succeeded to add det start for frame 124
I1014 10:56:52.981390  4504 work_detect.cpp:70] Frame :124 detect result :1 face(s)
I1014 10:56:52.981432  4504 work_detect.cpp:86] Detected bbox: [163 x 210 from (278, 122)]
I1014 10:56:52.981474  4504 work_detect.cpp:120] Succeeded to add det end for frame 124
I1014 10:56:52.981490  4504 work_thread.hpp:81]  [T-Work-Detect_0] Run work: WrokTrack
I1014 10:56:52.981515  4504 work_track.cpp:82] Frame: 124 build input_characts: [0.254687 x 0.583333 from (0.434375, 0.338889)], 1.00019, 0
I1014 10:56:52.981570  4504 work_track.cpp:102] Succeeded to set track lock for frame 124
I1014 10:56:52.981611  4504 work_track.cpp:116] Succeeded to release track lock for frame 124
I1014 10:56:52.981626  4504 work_track.cpp:120] Track results of frame 124: 1 objects input, 1 objects tracked!
I1014 10:56:52.981643  4504 work_track.cpp:148] Frame: 124, track bbox: [163 x 210 from (277.298, 113.825)], gid: 0, lid: 0
I1014 10:56:52.981679  4504 work_thread.hpp:88]  [T-Work-Detect_0] Frame :124 split
I1014 10:56:52.981696  4504 work_thread.hpp:120]  [T-Work-Detect_0] Valid piece: gid = 0
I1014 10:56:52.981714  4504 work_thread.hpp:92]  [T-Work-Detect_0] Push to split queue:recog
I1014 10:56:52.981768  4505 work_thread.hpp:81]  [T-Work-Recog_0] Run work: WorkCapture
I1014 10:56:52.982065  4507 thread_intergrate.hpp:78] [T-Intergrate-intergrate] queue: frame output frame :124
I1014 10:56:52.982095  4507 thread_intergrate.hpp:85] [T-Intergrate-intergrate] queue: compare output face:0
I1014 10:56:52.982112  4507 thread_intergrate.hpp:137] T-Intergrate-intergrate set matched face: 0
I1014 10:56:52.982314  4505 work_thread.hpp:81]  [T-Work-Recog_0] Run work: WorkRecog
I1014 10:56:52.982339  4505 work_recog.hpp:89] Face id: 0 will run recog: bbox [163 x 210 from (278, 122)] quality: 0.43145
I1014 10:56:52.982368  4505 work_recog.hpp:96] Recog pair: [240 x 280 from (240, 80)], [163 x 210 from (38, 42)]
I1014 10:56:52.983290  4507 thread_intergrate.hpp:157] T-Intergrate-intergrate Show face :0, size :640 * 360
I1014 10:56:52.983877  4503 demo_inner.hpp:435] thread [SORT-0]  frame id 124 sorting queue size 0   FPS: 29.9103
I1014 10:56:52.999940  4505 work_thread.hpp:81]  [T-Work-Recog_0] Run work: WorkCompare
I1014 10:56:53.000062  4505 work_compare.cpp:76] Compare face: 0 successed, similarity :0.973583, name : images/thanglmb.jpg, normal size : 640 * 360!
I1014 10:56:53.004087  4501 demo_inner.hpp:177] decode queue size 0
I1014 10:56:53.004195  4504 work_thread.hpp:81]  [T-Work-Detect_0] Run work: WorkDetect
I1014 10:56:53.004230  4504 work_detect.cpp:102] Succeeded to add det start for frame 125
I1014 10:56:53.010946  4504 work_detect.cpp:70] Frame :125 detect result :1 face(s)
I1014 10:56:53.010993  4504 work_detect.cpp:86] Detected bbox: [167 x 222 from (272, 95)]
I1014 10:56:53.011036  4504 work_detect.cpp:120] Succeeded to add det end for frame 125
I1014 10:56:53.011054  4504 work_thread.hpp:81]  [T-Work-Detect_0] Run work: WrokTrack
I1014 10:56:53.011080  4504 work_track.cpp:82] Frame: 125 build input_characts: [0.260938 x 0.616667 from (0.425, 0.263889)], 1.00019, 0
I1014 10:56:53.011135  4504 work_track.cpp:102] Succeeded to set track lock for frame 125
I1014 10:56:53.011175  4504 work_track.cpp:116] Succeeded to release track lock for frame 125
I1014 10:56:53.011265  4504 work_track.cpp:120] Track results of frame 125: 1 objects input, 1 objects tracked!
I1014 10:56:53.011284  4504 work_track.cpp:148] Frame: 125, track bbox: [167 x 222 from (272.277, 105.041)], gid: 0, lid: 0
I1014 10:56:53.011322  4504 work_thread.hpp:88]  [T-Work-Detect_0] Frame :125 split
I1014 10:56:53.011340  4504 work_thread.hpp:120]  [T-Work-Detect_0] Valid piece: gid = 0
I1014 10:56:53.011358  4504 work_thread.hpp:92]  [T-Work-Detect_0] Push to split queue:recog
I1014 10:56:53.011406  4506 work_thread.hpp:81]  [T-Work-Recog_1] Run work: WorkCapture
I1014 10:56:53.011422  4507 thread_intergrate.hpp:78] [T-Intergrate-intergrate] queue: frame output frame :125
I1014 10:56:53.011447  4507 thread_intergrate.hpp:85] [T-Intergrate-intergrate] queue: compare output face:0
I1014 10:56:53.011466  4507 thread_intergrate.hpp:137] T-Intergrate-intergrate set matched face: 0
I1014 10:56:53.011979  4506 work_thread.hpp:81]  [T-Work-Recog_1] Run work: WorkRecog
I1014 10:56:53.012004  4506 work_recog.hpp:89] Face id: 0 will run recog: bbox [167 x 222 from (272, 95)] quality: 0.460065
I1014 10:56:53.012035  4506 work_recog.hpp:96] Recog pair: [240 x 312 from (232, 48)], [167 x 222 from (40, 47)]
I1014 10:56:53.012662  4507 thread_intergrate.hpp:157] T-Intergrate-intergrate Show face :0, size :640 * 360
I1014 10:56:53.013221  4503 demo_inner.hpp:435] thread [SORT-0]  frame id 125 sorting queue size 1   FPS: 29.9551
I1014 10:56:53.013885  4502 demo_inner.hpp:260]  gui queue size 1, state = running
I1014 10:56:53.029948  4506 work_thread.hpp:81]  [T-Work-Recog_1] Run work: WorkCompare
I1014 10:56:53.030057  4506 work_compare.cpp:76] Compare face: 0 successed, similarity :0.981557, name : images/thanglmb.jpg, normal size : 640 * 360!
I1014 10:56:53.040225  4501 demo_inner.hpp:177] decode queue size 0
I1014 10:56:53.040442  4504 work_thread.hpp:81]  [T-Work-Detect_0] Run work: WorkDetect
I1014 10:56:53.040478  4504 work_detect.cpp:102] Succeeded to add det start for frame 126
I1014 10:56:53.047055  4504 work_detect.cpp:70] Frame :126 detect result :1 face(s)
I1014 10:56:53.047096  4504 work_detect.cpp:86] Detected bbox: [162 x 210 from (273, 100)]
I1014 10:56:53.047138  4504 work_detect.cpp:120] Succeeded to add det end for frame 126
I1014 10:56:53.047154  4504 work_thread.hpp:81]  [T-Work-Detect_0] Run work: WrokTrack
I1014 10:56:53.047179  4504 work_track.cpp:82] Frame: 126 build input_characts: [0.253125 x 0.583333 from (0.426562, 0.277778)], 1.00035, 0
I1014 10:56:53.047235  4504 work_track.cpp:102] Succeeded to set track lock for frame 126
I1014 10:56:53.047276  4504 work_track.cpp:116] Succeeded to release track lock for frame 126
I1014 10:56:53.047291  4504 work_track.cpp:120] Track results of frame 126: 1 objects input, 1 objects tracked!
I1014 10:56:53.047308  4504 work_track.cpp:148] Frame: 126, track bbox: [162 x 210 from (272.598, 103.898)], gid: 0, lid: 0
I1014 10:56:53.047344  4504 work_thread.hpp:88]  [T-Work-Detect_0] Frame :126 split
I1014 10:56:53.047363  4504 work_thread.hpp:120]  [T-Work-Detect_0] Valid piece: gid = 0
I1014 10:56:53.047380  4504 work_thread.hpp:92]  [T-Work-Detect_0] Push to split queue:recog
I1014 10:56:53.047425  4506 work_thread.hpp:81]  [T-Work-Recog_1] Run work: WorkCapture
I1014 10:56:53.047435  4507 thread_intergrate.hpp:78] [T-Intergrate-intergrate] queue: frame output frame :126
I1014 10:56:53.047459  4507 thread_intergrate.hpp:85] [T-Intergrate-intergrate] queue: compare output face:0
I1014 10:56:53.047477  4507 thread_intergrate.hpp:137] T-Intergrate-intergrate set matched face: 0
I1014 10:56:53.047991  4506 work_thread.hpp:81]  [T-Work-Recog_1] Run work: WorkRecog
I1014 10:56:53.048015  4506 work_recog.hpp:89] Face id: 0 will run recog: bbox [162 x 210 from (273, 100)] quality: 0.415793
I1014 10:56:53.048046  4506 work_recog.hpp:96] Recog pair: [232 x 296 from (240, 56)], [162 x 210 from (33, 44)]
I1014 10:56:53.048678  4507 thread_intergrate.hpp:157] T-Intergrate-intergrate Show face :0, size :640 * 360
I1014 10:56:53.049325  4503 demo_inner.hpp:435] thread [SORT-0]  frame id 126 sorting queue size 0   FPS: 29.9252
I1014 10:56:53.065644  4506 work_thread.hpp:81]  [T-Work-Recog_1] Run work: WorkCompare
I1014 10:56:53.065763  4506 work_compare.cpp:76] Compare face: 0 successed, similarity :0.987207, name : images/thanglmb.jpg, normal size : 640 * 360!
I1014 10:56:53.070272  4501 demo_inner.hpp:177] decode queue size 0
I1014 10:56:53.070488  4504 work_thread.hpp:81]  [T-Work-Detect_0] Run work: WorkDetect
I1014 10:56:53.070523  4504 work_detect.cpp:102] Succeeded to add det start for frame 127
I1014 10:56:53.077857  4504 work_detect.cpp:70] Frame :127 detect result :1 face(s)
I1014 10:56:53.077905  4504 work_detect.cpp:86] Detected bbox: [161 x 203 from (273, 106)]
I1014 10:56:53.078011  4504 work_detect.cpp:120] Succeeded to add det end for frame 127
I1014 10:56:53.078029  4504 work_thread.hpp:81]  [T-Work-Detect_0] Run work: WrokTrack
I1014 10:56:53.078056  4504 work_track.cpp:82] Frame: 127 build input_characts: [0.251563 x 0.563889 from (0.426562, 0.294444)], 1.00019, 0
I1014 10:56:53.078133  4504 work_track.cpp:102] Succeeded to set track lock for frame 127
I1014 10:56:53.078173  4504 work_track.cpp:116] Succeeded to release track lock for frame 127
I1014 10:56:53.078197  4504 work_track.cpp:120] Track results of frame 127: 1 objects input, 1 objects tracked!
I1014 10:56:53.078215  4504 work_track.cpp:148] Frame: 127, track bbox: [161 x 203 from (272.158, 102.966)], gid: 0, lid: 0
I1014 10:56:53.078251  4504 work_thread.hpp:88]  [T-Work-Detect_0] Frame :127 split
I1014 10:56:53.078269  4504 work_thread.hpp:120]  [T-Work-Detect_0] Valid piece: gid = 0
I1014 10:56:53.078287  4504 work_thread.hpp:92]  [T-Work-Detect_0] Push to split queue:recog
I1014 10:56:53.078361  4505 work_thread.hpp:81]  [T-Work-Recog_0] Run work: WorkCapture
I1014 10:56:53.078375  4507 thread_intergrate.hpp:78] [T-Intergrate-intergrate] queue: frame output frame :127
I1014 10:56:53.078402  4507 thread_intergrate.hpp:85] [T-Intergrate-intergrate] queue: compare output face:0
I1014 10:56:53.078420  4507 thread_intergrate.hpp:137] T-Intergrate-intergrate set matched face: 0
I1014 10:56:53.078924  4505 work_thread.hpp:81]  [T-Work-Recog_0] Run work: WorkRecog
I1014 10:56:53.078950  4505 work_recog.hpp:89] Face id: 0 will run recog: bbox [161 x 203 from (273, 106)] quality: 0.444967
I1014 10:56:53.078981  4505 work_recog.hpp:96] Recog pair: [232 x 288 from (240, 64)], [161 x 203 from (33, 42)]
I1014 10:56:53.079834  4507 thread_intergrate.hpp:157] T-Intergrate-intergrate Show face :0, size :640 * 360
I1014 10:56:53.080546  4503 demo_inner.hpp:435] thread [SORT-0]  frame id 127 sorting queue size 1   FPS: 29.9103
I1014 10:56:53.085278  4502 demo_inner.hpp:260]  gui queue size 1, state = running
I1014 10:56:53.096884  4505 work_thread.hpp:81]  [T-Work-Recog_0] Run work: WorkCompare
I1014 10:56:53.096997  4505 work_compare.cpp:76] Compare face: 0 successed, similarity :0.985884, name : images/thanglmb.jpg, normal size : 640 * 360!
I1014 10:56:53.106405  4501 demo_inner.hpp:177] decode queue size 0
I1014 10:56:53.106537  4504 work_thread.hpp:81]  [T-Work-Detect_0] Run work: WorkDetect
I1014 10:56:53.106575  4504 work_detect.cpp:102] Succeeded to add det start for frame 128
I1014 10:56:53.113466  4504 work_detect.cpp:70] Frame :128 detect result :1 face(s)
I1014 10:56:53.113517  4504 work_detect.cpp:86] Detected bbox: [145 x 203 from (271, 103)]
I1014 10:56:53.113562  4504 work_detect.cpp:120] Succeeded to add det end for frame 128
I1014 10:56:53.113579  4504 work_thread.hpp:81]  [T-Work-Detect_0] Run work: WrokTrack
I1014 10:56:53.113605  4504 work_track.cpp:82] Frame: 128 build input_characts: [0.226562 x 0.563889 from (0.423438, 0.286111)], 1.00019, 0
I1014 10:56:53.113660  4504 work_track.cpp:102] Succeeded to set track lock for frame 128
I1014 10:56:53.113701  4504 work_track.cpp:116] Succeeded to release track lock for frame 128
I1014 10:56:53.113715  4504 work_track.cpp:120] Track results of frame 128: 1 objects input, 1 objects tracked!
I1014 10:56:53.113808  4504 work_track.cpp:148] Frame: 128, track bbox: [145 x 203 from (274.534, 102.357)], gid: 0, lid: 0
I1014 10:56:53.113847  4504 work_thread.hpp:88]  [T-Work-Detect_0] Frame :128 split
I1014 10:56:53.113865  4504 work_thread.hpp:120]  [T-Work-Detect_0] Valid piece: gid = 0
I1014 10:56:53.113883  4504 work_thread.hpp:92]  [T-Work-Detect_0] Push to split queue:recog
I1014 10:56:53.113927  4506 work_thread.hpp:81]  [T-Work-Recog_1] Run work: WorkCapture
I1014 10:56:53.113939  4507 thread_intergrate.hpp:78] [T-Intergrate-intergrate] queue: frame output frame :128
I1014 10:56:53.113966  4507 thread_intergrate.hpp:85] [T-Intergrate-intergrate] queue: compare output face:0
I1014 10:56:53.114006  4507 thread_intergrate.hpp:137] T-Intergrate-intergrate set matched face: 0
I1014 10:56:53.114490  4506 work_thread.hpp:81]  [T-Work-Recog_1] Run work: WorkRecog
I1014 10:56:53.114512  4506 work_recog.hpp:89] Face id: 0 will run recog: bbox [145 x 203 from (271, 103)] quality: 0.437556
I1014 10:56:53.114540  4506 work_recog.hpp:96] Recog pair: [208 x 296 from (240, 56)], [145 x 203 from (31, 47)]
I1014 10:56:53.115423  4507 thread_intergrate.hpp:157] T-Intergrate-intergrate Show face :0, size :640 * 360
I1014 10:56:53.116240  4503 demo_inner.hpp:435] thread [SORT-0]  frame id 128 sorting queue size 0   FPS: 29.9103
I1014 10:56:53.132241  4506 work_thread.hpp:81]  [T-Work-Recog_1] Run work: WorkCompare
I1014 10:56:53.132351  4506 work_compare.cpp:76] Compare face: 0 successed, similarity :0.987961, name : images/thanglmb.jpg, normal size : 640 * 360!
I1014 10:56:53.142107  4501 demo_inner.hpp:177] decode queue size 0
I1014 10:56:53.142222  4504 work_thread.hpp:81]  [T-Work-Detect_0] Run work: WorkDetect
I1014 10:56:53.142258  4504 work_detect.cpp:102] Succeeded to add det start for frame 129
I1014 10:56:53.148907  4504 work_detect.cpp:70] Frame :129 detect result :1 face(s)
I1014 10:56:53.148947  4504 work_detect.cpp:86] Detected bbox: [142 x 198 from (271, 106)]
I1014 10:56:53.148988  4504 work_detect.cpp:120] Succeeded to add det end for frame 129
I1014 10:56:53.149004  4504 work_thread.hpp:81]  [T-Work-Detect_0] Run work: WrokTrack
I1014 10:56:53.149029  4504 work_track.cpp:82] Frame: 129 build input_characts: [0.221875 x 0.55 from (0.423438, 0.294444)], 0.999622, 0
I1014 10:56:53.149085  4504 work_track.cpp:102] Succeeded to set track lock for frame 129
I1014 10:56:53.149124  4504 work_track.cpp:116] Succeeded to release track lock for frame 129
I1014 10:56:53.149139  4504 work_track.cpp:120] Track results of frame 129: 1 objects input, 1 objects tracked!
I1014 10:56:53.149157  4504 work_track.cpp:148] Frame: 129, track bbox: [142 x 198 from (271.566, 102.225)], gid: 0, lid: 0
I1014 10:56:53.149194  4504 work_thread.hpp:88]  [T-Work-Detect_0] Frame :129 split
I1014 10:56:53.149211  4504 work_thread.hpp:120]  [T-Work-Detect_0] Valid piece: gid = 0
I1014 10:56:53.149230  4504 work_thread.hpp:92]  [T-Work-Detect_0] Push to split queue:recog
I1014 10:56:53.149266  4506 work_thread.hpp:81]  [T-Work-Recog_1] Run work: WorkCapture
I1014 10:56:53.149278  4507 thread_intergrate.hpp:78] [T-Intergrate-intergrate] queue: frame output frame :129
I1014 10:56:53.149314  4507 thread_intergrate.hpp:85] [T-Intergrate-intergrate] queue: compare output face:0
I1014 10:56:53.149333  4507 thread_intergrate.hpp:137] T-Intergrate-intergrate set matched face: 0
I1014 10:56:53.149829  4506 work_thread.hpp:81]  [T-Work-Recog_1] Run work: WorkRecog
I1014 10:56:53.149853  4506 work_recog.hpp:89] Face id: 0 will run recog: bbox [142 x 198 from (271, 106)] quality: 0.437786
I1014 10:56:53.149883  4506 work_recog.hpp:96] Recog pair: [208 x 280 from (240, 64)], [142 x 198 from (31, 42)]
I1014 10:56:53.150732  4507 thread_intergrate.hpp:157] T-Intergrate-intergrate Show face :0, size :640 * 360
I1014 10:56:53.151427  4503 demo_inner.hpp:435] thread [SORT-0]  frame id 129 sorting queue size 1   FPS: 29.9401
I1014 10:56:53.163393  4502 demo_inner.hpp:260]  gui queue size 1, state = running
I1014 10:56:53.168134  4506 work_thread.hpp:81]  [T-Work-Recog_1] Run work: WorkCompare
I1014 10:56:53.168346  4506 work_compare.cpp:76] Compare face: 0 successed, similarity :0.988943, name : images/thanglmb.jpg, normal size : 640 * 360!
I1014 10:56:53.172654  4501 demo_inner.hpp:177] decode queue size 0
I1014 10:56:53.172765  4504 work_thread.hpp:81]  [T-Work-Detect_0] Run work: WorkDetect
I1014 10:56:53.172801  4504 work_detect.cpp:102] Succeeded to add det start for frame 130
I1014 10:56:53.179366  4504 work_detect.cpp:70] Frame :130 detect result :1 face(s)
I1014 10:56:53.179406  4504 work_detect.cpp:86] Detected bbox: [141 x 195 from (271, 108)]
I1014 10:56:53.179447  4504 work_detect.cpp:120] Succeeded to add det end for frame 130
I1014 10:56:53.179464  4504 work_thread.hpp:81]  [T-Work-Detect_0] Run work: WrokTrack
I1014 10:56:53.179488  4504 work_track.cpp:82] Frame: 130 build input_characts: [0.220313 x 0.541667 from (0.423438, 0.3)], 0.999622, 0
I1014 10:56:53.179543  4504 work_track.cpp:102] Succeeded to set track lock for frame 130
I1014 10:56:53.179582  4504 work_track.cpp:116] Succeeded to release track lock for frame 130
I1014 10:56:53.179597  4504 work_track.cpp:120] Track results of frame 130: 1 objects input, 1 objects tracked!
I1014 10:56:53.179615  4504 work_track.cpp:148] Frame: 130, track bbox: [141 x 195 from (269.66, 107.692)], gid: 0, lid: 0
I1014 10:56:53.179651  4504 work_thread.hpp:88]  [T-Work-Detect_0] Frame :130 split
I1014 10:56:53.179669  4504 work_thread.hpp:120]  [T-Work-Detect_0] Valid piece: gid = 0
I1014 10:56:53.179687  4504 work_thread.hpp:92]  [T-Work-Detect_0] Push to split queue:recog
I1014 10:56:53.179733  4505 work_thread.hpp:81]  [T-Work-Recog_0] Run work: WorkCapture
I1014 10:56:53.179761  4507 thread_intergrate.hpp:78] [T-Intergrate-intergrate] queue: frame output frame :130
I1014 10:56:53.179790  4507 thread_intergrate.hpp:85] [T-Intergrate-intergrate] queue: compare output face:0
I1014 10:56:53.179808  4507 thread_intergrate.hpp:137] T-Intergrate-intergrate set matched face: 0
I1014 10:56:53.180318  4505 work_thread.hpp:81]  [T-Work-Recog_0] Run work: WorkRecog
I1014 10:56:53.180344  4505 work_recog.hpp:89] Face id: 0 will run recog: bbox [141 x 195 from (271, 108)] quality: 0.463467
I1014 10:56:53.180375  4505 work_recog.hpp:96] Recog pair: [200 x 280 from (240, 64)], [141 x 195 from (31, 44)]
I1014 10:56:53.181265  4507 thread_intergrate.hpp:157] T-Intergrate-intergrate Show face :0, size :640 * 360
I1014 10:56:53.182080  4503 demo_inner.hpp:435] thread [SORT-0]  frame id 130 sorting queue size 0   FPS: 29.9252
I1014 10:56:53.198009  4505 work_thread.hpp:81]  [T-Work-Recog_0] Run work: WorkCompare
I1014 10:56:53.198114  4505 work_compare.cpp:76] Compare face: 0 successed, similarity :0.985312, name : images/thanglmb.jpg, normal size : 640 * 360!
I1014 10:56:53.208068  4501 demo_inner.hpp:177] decode queue size 0
I1014 10:56:53.208278  4504 work_thread.hpp:81]  [T-Work-Detect_0] Run work: WorkDetect
I1014 10:56:53.208525  4504 work_detect.cpp:102] Succeeded to add det start for frame 131
I1014 10:56:53.215935  4504 work_detect.cpp:70] Frame :131 detect result :1 face(s)
I1014 10:56:53.215977  4504 work_detect.cpp:86] Detected bbox: [173 x 218 from (261, 99)]
I1014 10:56:53.216086  4504 work_detect.cpp:120] Succeeded to add det end for frame 131
I1014 10:56:53.216104  4504 work_thread.hpp:81]  [T-Work-Detect_0] Run work: WrokTrack
I1014 10:56:53.216148  4504 work_track.cpp:82] Frame: 131 build input_characts: [0.270312 x 0.605556 from (0.407813, 0.275)], 1.00035, 0
I1014 10:56:53.216223  4504 work_track.cpp:102] Succeeded to set track lock for frame 131
I1014 10:56:53.216270  4504 work_track.cpp:116] Succeeded to release track lock for frame 131
I1014 10:56:53.216286  4504 work_track.cpp:120] Track results of frame 131: 1 objects input, 1 objects tracked!
I1014 10:56:53.216303  4504 work_track.cpp:148] Frame: 131, track bbox: [173 x 218 from (255.575, 97.5916)], gid: 0, lid: 0
I1014 10:56:53.216339  4504 work_thread.hpp:88]  [T-Work-Detect_0] Frame :131 split
I1014 10:56:53.216379  4504 work_thread.hpp:120]  [T-Work-Detect_0] Valid piece: gid = 0
I1014 10:56:53.216473  4504 work_thread.hpp:92]  [T-Work-Detect_0] Push to split queue:recog
I1014 10:56:53.216529  4505 work_thread.hpp:81]  [T-Work-Recog_0] Run work: WorkCapture
I1014 10:56:53.216538  4507 thread_intergrate.hpp:78] [T-Intergrate-intergrate] queue: frame output frame :131
I1014 10:56:53.216564  4507 thread_intergrate.hpp:85] [T-Intergrate-intergrate] queue: compare output face:0
I1014 10:56:53.216583  4507 thread_intergrate.hpp:137] T-Intergrate-intergrate set matched face: 0
I1014 10:56:53.217145  4505 work_thread.hpp:81]  [T-Work-Recog_0] Run work: WorkRecog
I1014 10:56:53.217170  4505 work_recog.hpp:89] Face id: 0 will run recog: bbox [173 x 218 from (261, 99)] quality: 0.487114
I1014 10:56:53.217202  4505 work_recog.hpp:96] Recog pair: [248 x 304 from (224, 56)], [173 x 218 from (37, 43)]
I1014 10:56:53.217985  4507 thread_intergrate.hpp:157] T-Intergrate-intergrate Show face :0, size :640 * 360
I1014 10:56:53.218647  4503 demo_inner.hpp:435] thread [SORT-0]  frame id 131 sorting queue size 1   FPS: 29.9252
I1014 10:56:53.234628  4505 work_thread.hpp:81]  [T-Work-Recog_0] Run work: WorkCompare
I1014 10:56:53.234745  4505 work_compare.cpp:76] Compare face: 0 successed, similarity :0.984301, name : images/thanglmb.jpg, normal size : 640 * 360!
I1014 10:56:53.238185  4501 demo_inner.hpp:177] decode queue size 0
I1014 10:56:53.238284  4504 work_thread.hpp:81]  [T-Work-Detect_0] Run work: WorkDetect
I1014 10:56:53.238323  4504 work_detect.cpp:102] Succeeded to add det start for frame 132
I1014 10:56:53.245301  4504 work_detect.cpp:70] Frame :132 detect result :1 face(s)
I1014 10:56:53.245352  4504 work_detect.cpp:86] Detected bbox: [139 x 190 from (270, 109)]
I1014 10:56:53.245394  4504 work_detect.cpp:120] Succeeded to add det end for frame 132
I1014 10:56:53.245410  4504 work_thread.hpp:81]  [T-Work-Detect_0] Run work: WrokTrack
I1014 10:56:53.245436  4504 work_track.cpp:82] Frame: 132 build input_characts: [0.217187 x 0.527778 from (0.421875, 0.302778)], 1.00019, 0
I1014 10:56:53.245492  4504 work_track.cpp:102] Succeeded to set track lock for frame 132
I1014 10:56:53.245532  4504 work_track.cpp:116] Succeeded to release track lock for frame 132
I1014 10:56:53.245548  4504 work_track.cpp:120] Track results of frame 132: 1 objects input, 1 objects tracked!
I1014 10:56:53.245565  4504 work_track.cpp:148] Frame: 132, track bbox: [139 x 190 from (270.943, 110.282)], gid: 0, lid: 0
I1014 10:56:53.245601  4504 work_thread.hpp:88]  [T-Work-Detect_0] Frame :132 split
I1014 10:56:53.245620  4504 work_thread.hpp:120]  [T-Work-Detect_0] Valid piece: gid = 0
I1014 10:56:53.245637  4504 work_thread.hpp:92]  [T-Work-Detect_0] Push to split queue:recog
I1014 10:56:53.245684  4506 work_thread.hpp:81]  [T-Work-Recog_1] Run work: WorkCapture
I1014 10:56:53.245693  4507 thread_intergrate.hpp:78] [T-Intergrate-intergrate] queue: frame output frame :132
I1014 10:56:53.245721  4507 thread_intergrate.hpp:85] [T-Intergrate-intergrate] queue: compare output face:0
I1014 10:56:53.245740  4507 thread_intergrate.hpp:137] T-Intergrate-intergrate set matched face: 0
I1014 10:56:53.246330  4506 work_thread.hpp:81]  [T-Work-Recog_1] Run work: WorkRecog
I1014 10:56:53.246354  4506 work_recog.hpp:89] Face id: 0 will run recog: bbox [139 x 190 from (270, 109)] quality: 0.43145
I1014 10:56:53.246385  4506 work_recog.hpp:96] Recog pair: [200 x 280 from (240, 64)], [139 x 190 from (30, 45)]
I1014 10:56:53.247180  4507 thread_intergrate.hpp:157] T-Intergrate-intergrate Show face :0, size :640 * 360
I1014 10:56:53.247833  4503 demo_inner.hpp:435] thread [SORT-0]  frame id 132 sorting queue size 2   FPS: 29.9252
I1014 10:56:53.264041  4506 work_thread.hpp:81]  [T-Work-Recog_1] Run work: WorkCompare
I1014 10:56:53.264153  4506 work_compare.cpp:76] Compare face: 0 successed, similarity :0.980928, name : images/thanglmb.jpg, normal size : 640 * 360!
I1014 10:56:53.273905  4501 demo_inner.hpp:177] decode queue size 0
I1014 10:56:53.274030  4504 work_thread.hpp:81]  [T-Work-Detect_0] Run work: WorkDetect
I1014 10:56:53.274066  4504 work_detect.cpp:102] Succeeded to add det start for frame 133
I1014 10:56:53.281087  4504 work_detect.cpp:70] Frame :133 detect result :1 face(s)
I1014 10:56:53.281138  4504 work_detect.cpp:86] Detected bbox: [142 x 190 from (267, 110)]
I1014 10:56:53.281180  4504 work_detect.cpp:120] Succeeded to add det end for frame 133
I1014 10:56:53.281198  4504 work_thread.hpp:81]  [T-Work-Detect_0] Run work: WrokTrack
I1014 10:56:53.281222  4504 work_track.cpp:82] Frame: 133 build input_characts: [0.221875 x 0.527778 from (0.417188, 0.305556)], 0.999622, 0
I1014 10:56:53.281280  4504 work_track.cpp:102] Succeeded to set track lock for frame 133
I1014 10:56:53.281318  4504 work_track.cpp:116] Succeeded to release track lock for frame 133
I1014 10:56:53.281333  4504 work_track.cpp:120] Track results of frame 133: 1 objects input, 1 objects tracked!
I1014 10:56:53.281352  4504 work_track.cpp:148] Frame: 133, track bbox: [142 x 190 from (268.977, 110.473)], gid: 0, lid: 0
I1014 10:56:53.281388  4504 work_thread.hpp:88]  [T-Work-Detect_0] Frame :133 split
I1014 10:56:53.281404  4504 work_thread.hpp:120]  [T-Work-Detect_0] Valid piece: gid = 0
