I1015 11:10:36.061161  3640 work_detect.cpp:70] Frame :164 detect result :0 face(s)
I1015 11:10:36.061221  3640 work_detect.cpp:120] Succeeded to add det end for frame 164
I1015 11:10:36.061239  3640 work_thread.hpp:81]  [T-Work-Detect_0] Run work: WrokTrack
I1015 11:10:36.061266  3640 work_track.cpp:102] Succeeded to set track lock for frame 164
I1015 11:10:36.061291  3640 work_track.cpp:116] Succeeded to release track lock for frame 164
I1015 11:10:36.061305  3640 work_track.cpp:120] Track results of frame 164: 0 objects input, 0 objects tracked!
I1015 11:10:36.061323  3640 work_thread.hpp:87]  [T-Work-Detect_0] Frame :164 split
I1015 11:10:36.061372  3643 thread_intergrate.hpp:83] [T-Intergrate-intergrate] queue: frame output frame :164
I1015 11:10:36.062909  3639 demo_inner.hpp:435] thread [SORT-0]  frame id 164 sorting queue size 0   FPS: 28.5036
I1015 11:10:36.062978  3638 demo_inner.hpp:260]  gui queue size 0, state = running
I1015 11:10:36.090479  3637 demo_inner.hpp:177] decode queue size 0
I1015 11:10:36.090595  3640 work_thread.hpp:81]  [T-Work-Detect_0] Run work: WorkDetect
I1015 11:10:36.090703  3640 work_detect.cpp:102] Succeeded to add det start for frame 165
I1015 11:10:36.097134  3640 work_detect.cpp:70] Frame :165 detect result :0 face(s)
I1015 11:10:36.097185  3640 work_detect.cpp:120] Succeeded to add det end for frame 165
I1015 11:10:36.097201  3640 work_thread.hpp:81]  [T-Work-Detect_0] Run work: WrokTrack
I1015 11:10:36.097229  3640 work_track.cpp:102] Succeeded to set track lock for frame 165
I1015 11:10:36.097254  3640 work_track.cpp:116] Succeeded to release track lock for frame 165
I1015 11:10:36.097268  3640 work_track.cpp:120] Track results of frame 165: 0 objects input, 0 objects tracked!
I1015 11:10:36.097286  3640 work_thread.hpp:87]  [T-Work-Detect_0] Frame :165 split
I1015 11:10:36.097332  3643 thread_intergrate.hpp:83] [T-Intergrate-intergrate] queue: frame output frame :165
I1015 11:10:36.098865  3639 demo_inner.hpp:435] thread [SORT-0]  frame id 165 sorting queue size 0   FPS: 28.5036
I1015 11:10:36.098928  3638 demo_inner.hpp:260]  gui queue size 0, state = running
I1015 11:10:36.120543  3637 demo_inner.hpp:177] decode queue size 0
I1015 11:10:36.120636  3640 work_thread.hpp:81]  [T-Work-Detect_0] Run work: WorkDetect
I1015 11:10:36.120671  3640 work_detect.cpp:102] Succeeded to add det start for frame 166
I1015 11:10:36.126966  3640 work_detect.cpp:70] Frame :166 detect result :0 face(s)
I1015 11:10:36.127017  3640 work_detect.cpp:120] Succeeded to add det end for frame 166
I1015 11:10:36.127034  3640 work_thread.hpp:81]  [T-Work-Detect_0] Run work: WrokTrack
I1015 11:10:36.127059  3640 work_track.cpp:102] Succeeded to set track lock for frame 166
I1015 11:10:36.127085  3640 work_track.cpp:116] Succeeded to release track lock for frame 166
I1015 11:10:36.127099  3640 work_track.cpp:120] Track results of frame 166: 0 objects input, 0 objects tracked!
I1015 11:10:36.127117  3640 work_thread.hpp:87]  [T-Work-Detect_0] Frame :166 split
I1015 11:10:36.127159  3643 thread_intergrate.hpp:83] [T-Intergrate-intergrate] queue: frame output frame :166
I1015 11:10:36.128679  3639 demo_inner.hpp:435] thread [SORT-0]  frame id 166 sorting queue size 0   FPS: 28.585
I1015 11:10:36.128743  3638 demo_inner.hpp:260]  gui queue size 0, state = running
I1015 11:10:36.156538  3637 demo_inner.hpp:177] decode queue size 0
I1015 11:10:36.156632  3640 work_thread.hpp:81]  [T-Work-Detect_0] Run work: WorkDetect
I1015 11:10:36.156666  3640 work_detect.cpp:102] Succeeded to add det start for frame 167
I1015 11:10:36.163069  3640 work_detect.cpp:70] Frame :167 detect result :0 face(s)
I1015 11:10:36.163122  3640 work_detect.cpp:120] Succeeded to add det end for frame 167
I1015 11:10:36.163138  3640 work_thread.hpp:81]  [T-Work-Detect_0] Run work: WrokTrack
I1015 11:10:36.163166  3640 work_track.cpp:102] Succeeded to set track lock for frame 167
I1015 11:10:36.163192  3640 work_track.cpp:116] Succeeded to release track lock for frame 167
I1015 11:10:36.163204  3640 work_track.cpp:120] Track results of frame 167: 0 objects input, 0 objects tracked!
I1015 11:10:36.163223  3640 work_thread.hpp:87]  [T-Work-Detect_0] Frame :167 split
I1015 11:10:36.163265  3643 thread_intergrate.hpp:83] [T-Intergrate-intergrate] queue: frame output frame :167
I1015 11:10:36.164806  3639 demo_inner.hpp:435] thread [SORT-0]  frame id 167 sorting queue size 0   FPS: 28.5036
I1015 11:10:36.164870  3638 demo_inner.hpp:260]  gui queue size 0, state = running
I1015 11:10:36.186604  3637 demo_inner.hpp:177] decode queue size 0
I1015 11:10:36.186699  3640 work_thread.hpp:81]  [T-Work-Detect_0] Run work: WorkDetect
I1015 11:10:36.186733  3640 work_detect.cpp:102] Succeeded to add det start for frame 168
I1015 11:10:36.193125  3640 work_detect.cpp:70] Frame :168 detect result :0 face(s)
I1015 11:10:36.193178  3640 work_detect.cpp:120] Succeeded to add det end for frame 168
I1015 11:10:36.193194  3640 work_thread.hpp:81]  [T-Work-Detect_0] Run work: WrokTrack
I1015 11:10:36.193222  3640 work_track.cpp:102] Succeeded to set track lock for frame 168
I1015 11:10:36.193248  3640 work_track.cpp:116] Succeeded to release track lock for frame 168
I1015 11:10:36.193334  3640 work_track.cpp:120] Track results of frame 168: 0 objects input, 0 objects tracked!
I1015 11:10:36.193356  3640 work_thread.hpp:87]  [T-Work-Detect_0] Frame :168 split
I1015 11:10:36.193408  3643 thread_intergrate.hpp:83] [T-Intergrate-intergrate] queue: frame output frame :168
I1015 11:10:36.194886  3639 demo_inner.hpp:435] thread [SORT-0]  frame id 168 sorting queue size 0   FPS: 28.5714
I1015 11:10:36.194953  3638 demo_inner.hpp:260]  gui queue size 0, state = running
I1015 11:10:36.222543  3637 demo_inner.hpp:177] decode queue size 0
I1015 11:10:36.222672  3640 work_thread.hpp:81]  [T-Work-Detect_0] Run work: WorkDetect
I1015 11:10:36.222709  3640 work_detect.cpp:102] Succeeded to add det start for frame 169
I1015 11:10:36.229090  3640 work_detect.cpp:70] Frame :169 detect result :0 face(s)
I1015 11:10:36.229146  3640 work_detect.cpp:120] Succeeded to add det end for frame 169
I1015 11:10:36.229162  3640 work_thread.hpp:81]  [T-Work-Detect_0] Run work: WrokTrack
I1015 11:10:36.229189  3640 work_track.cpp:102] Succeeded to set track lock for frame 169
I1015 11:10:36.229214  3640 work_track.cpp:116] Succeeded to release track lock for frame 169
I1015 11:10:36.229228  3640 work_track.cpp:120] Track results of frame 169: 0 objects input, 0 objects tracked!
I1015 11:10:36.229245  3640 work_thread.hpp:87]  [T-Work-Detect_0] Frame :169 split
I1015 11:10:36.229287  3643 thread_intergrate.hpp:83] [T-Intergrate-intergrate] queue: frame output frame :169
I1015 11:10:36.230816  3639 demo_inner.hpp:435] thread [SORT-0]  frame id 169 sorting queue size 0   FPS: 28.5036
I1015 11:10:36.230880  3638 demo_inner.hpp:260]  gui queue size 0, state = running
I1015 11:10:36.258405  3637 demo_inner.hpp:177] decode queue size 0
I1015 11:10:36.258504  3640 work_thread.hpp:81]  [T-Work-Detect_0] Run work: WorkDetect
I1015 11:10:36.258538  3640 work_detect.cpp:102] Succeeded to add det start for frame 170
I1015 11:10:36.264976  3640 work_detect.cpp:70] Frame :170 detect result :0 face(s)
I1015 11:10:36.265028  3640 work_detect.cpp:120] Succeeded to add det end for frame 170
I1015 11:10:36.265044  3640 work_thread.hpp:81]  [T-Work-Detect_0] Run work: WrokTrack
I1015 11:10:36.265072  3640 work_track.cpp:102] Succeeded to set track lock for frame 170
I1015 11:10:36.265097  3640 work_track.cpp:116] Succeeded to release track lock for frame 170
I1015 11:10:36.265110  3640 work_track.cpp:120] Track results of frame 170: 0 objects input, 0 objects tracked!
I1015 11:10:36.265128  3640 work_thread.hpp:87]  [T-Work-Detect_0] Frame :170 split
I1015 11:10:36.265172  3643 thread_intergrate.hpp:83] [T-Intergrate-intergrate] queue: frame output frame :170
I1015 11:10:36.266703  3639 demo_inner.hpp:435] thread [SORT-0]  frame id 170 sorting queue size 0   FPS: 28.5036
I1015 11:10:36.266767  3638 demo_inner.hpp:260]  gui queue size 0, state = running
I1015 11:10:36.288548  3637 demo_inner.hpp:177] decode queue size 0
I1015 11:10:36.288641  3640 work_thread.hpp:81]  [T-Work-Detect_0] Run work: WorkDetect
I1015 11:10:36.288676  3640 work_detect.cpp:102] Succeeded to add det start for frame 171
I1015 11:10:36.294965  3640 work_detect.cpp:70] Frame :171 detect result :0 face(s)
I1015 11:10:36.295018  3640 work_detect.cpp:120] Succeeded to add det end for frame 171
I1015 11:10:36.295034  3640 work_thread.hpp:81]  [T-Work-Detect_0] Run work: WrokTrack
I1015 11:10:36.295060  3640 work_track.cpp:102] Succeeded to set track lock for frame 171
I1015 11:10:36.295086  3640 work_track.cpp:116] Succeeded to release track lock for frame 171
I1015 11:10:36.295100  3640 work_track.cpp:120] Track results of frame 171: 0 objects input, 0 objects tracked!
I1015 11:10:36.295119  3640 work_thread.hpp:87]  [T-Work-Detect_0] Frame :171 split
I1015 11:10:36.295166  3643 thread_intergrate.hpp:83] [T-Intergrate-intergrate] queue: frame output frame :171
I1015 11:10:36.296715  3639 demo_inner.hpp:435] thread [SORT-0]  frame id 171 sorting queue size 0   FPS: 28.5036
I1015 11:10:36.296779  3638 demo_inner.hpp:260]  gui queue size 0, state = running
I1015 11:10:36.324471  3637 demo_inner.hpp:177] decode queue size 0
I1015 11:10:36.324574  3640 work_thread.hpp:81]  [T-Work-Detect_0] Run work: WorkDetect
I1015 11:10:36.324607  3640 work_detect.cpp:102] Succeeded to add det start for frame 172
I1015 11:10:36.330994  3640 work_detect.cpp:70] Frame :172 detect result :0 face(s)
I1015 11:10:36.331048  3640 work_detect.cpp:120] Succeeded to add det end for frame 172
I1015 11:10:36.331064  3640 work_thread.hpp:81]  [T-Work-Detect_0] Run work: WrokTrack
I1015 11:10:36.331090  3640 work_track.cpp:102] Succeeded to set track lock for frame 172
I1015 11:10:36.331116  3640 work_track.cpp:116] Succeeded to release track lock for frame 172
I1015 11:10:36.331130  3640 work_track.cpp:120] Track results of frame 172: 0 objects input, 0 objects tracked!
I1015 11:10:36.331148  3640 work_thread.hpp:87]  [T-Work-Detect_0] Frame :172 split
I1015 11:10:36.331189  3643 thread_intergrate.hpp:83] [T-Intergrate-intergrate] queue: frame output frame :172
I1015 11:10:36.332731  3639 demo_inner.hpp:435] thread [SORT-0]  frame id 172 sorting queue size 0   FPS: 28.5036
I1015 11:10:36.332800  3638 demo_inner.hpp:260]  gui queue size 0, state = running
I1015 11:10:36.354526  3637 demo_inner.hpp:177] decode queue size 0
I1015 11:10:36.354622  3640 work_thread.hpp:81]  [T-Work-Detect_0] Run work: WorkDetect
I1015 11:10:36.354656  3640 work_detect.cpp:102] Succeeded to add det start for frame 173
I1015 11:10:36.361011  3640 work_detect.cpp:70] Frame :173 detect result :0 face(s)
I1015 11:10:36.361064  3640 work_detect.cpp:120] Succeeded to add det end for frame 173
I1015 11:10:36.361080  3640 work_thread.hpp:81]  [T-Work-Detect_0] Run work: WrokTrack
I1015 11:10:36.361106  3640 work_track.cpp:102] Succeeded to set track lock for frame 173
I1015 11:10:36.361132  3640 work_track.cpp:116] Succeeded to release track lock for frame 173
I1015 11:10:36.361146  3640 work_track.cpp:120] Track results of frame 173: 0 objects input, 0 objects tracked!
I1015 11:10:36.361165  3640 work_thread.hpp:87]  [T-Work-Detect_0] Frame :173 split
I1015 11:10:36.361207  3643 thread_intergrate.hpp:83] [T-Intergrate-intergrate] queue: frame output frame :173
I1015 11:10:36.362710  3639 demo_inner.hpp:435] thread [SORT-0]  frame id 173 sorting queue size 0   FPS: 28.585
I1015 11:10:36.362776  3638 demo_inner.hpp:260]  gui queue size 0, state = running
I1015 11:10:36.390542  3637 demo_inner.hpp:177] decode queue size 0
I1015 11:10:36.390643  3640 work_thread.hpp:81]  [T-Work-Detect_0] Run work: WorkDetect
I1015 11:10:36.390677  3640 work_detect.cpp:102] Succeeded to add det start for frame 174
I1015 11:10:36.397241  3640 work_detect.cpp:70] Frame :174 detect result :0 face(s)
I1015 11:10:36.397294  3640 work_detect.cpp:120] Succeeded to add det end for frame 174
I1015 11:10:36.397311  3640 work_thread.hpp:81]  [T-Work-Detect_0] Run work: WrokTrack
I1015 11:10:36.397337  3640 work_track.cpp:102] Succeeded to set track lock for frame 174
I1015 11:10:36.397363  3640 work_track.cpp:116] Succeeded to release track lock for frame 174
I1015 11:10:36.397377  3640 work_track.cpp:120] Track results of frame 174: 0 objects input, 0 objects tracked!
I1015 11:10:36.397395  3640 work_thread.hpp:87]  [T-Work-Detect_0] Frame :174 split
I1015 11:10:36.397435  3643 thread_intergrate.hpp:83] [T-Intergrate-intergrate] queue: frame output frame :174
I1015 11:10:36.398969  3639 demo_inner.hpp:435] thread [SORT-0]  frame id 174 sorting queue size 0   FPS: 28.5036
I1015 11:10:36.399036  3638 demo_inner.hpp:260]  gui queue size 0, state = running
I1015 11:10:36.420605  3637 demo_inner.hpp:177] decode queue size 0
I1015 11:10:36.420709  3640 work_thread.hpp:81]  [T-Work-Detect_0] Run work: WorkDetect
I1015 11:10:36.420747  3640 work_detect.cpp:102] Succeeded to add det start for frame 175
I1015 11:10:36.427110  3640 work_detect.cpp:70] Frame :175 detect result :0 face(s)
I1015 11:10:36.427160  3640 work_detect.cpp:120] Succeeded to add det end for frame 175
I1015 11:10:36.427176  3640 work_thread.hpp:81]  [T-Work-Detect_0] Run work: WrokTrack
I1015 11:10:36.427204  3640 work_track.cpp:102] Succeeded to set track lock for frame 175
I1015 11:10:36.427302  3640 work_track.cpp:116] Succeeded to release track lock for frame 175
I1015 11:10:36.427318  3640 work_track.cpp:120] Track results of frame 175: 0 objects input, 0 objects tracked!
I1015 11:10:36.427337  3640 work_thread.hpp:87]  [T-Work-Detect_0] Frame :175 split
I1015 11:10:36.427378  3643 thread_intergrate.hpp:83] [T-Intergrate-intergrate] queue: frame output frame :175
I1015 11:10:36.428886  3639 demo_inner.hpp:435] thread [SORT-0]  frame id 175 sorting queue size 0   FPS: 28.585
I1015 11:10:36.428952  3638 demo_inner.hpp:260]  gui queue size 0, state = running
I1015 11:10:36.456519  3637 demo_inner.hpp:177] decode queue size 0
I1015 11:10:36.456635  3640 work_thread.hpp:81]  [T-Work-Detect_0] Run work: WorkDetect
I1015 11:10:36.456676  3640 work_detect.cpp:102] Succeeded to add det start for frame 176
I1015 11:10:36.462973  3640 work_detect.cpp:70] Frame :176 detect result :0 face(s)
I1015 11:10:36.463032  3640 work_detect.cpp:120] Succeeded to add det end for frame 176
I1015 11:10:36.463049  3640 work_thread.hpp:81]  [T-Work-Detect_0] Run work: WrokTrack
I1015 11:10:36.463078  3640 work_track.cpp:102] Succeeded to set track lock for frame 176
I1015 11:10:36.463102  3640 work_track.cpp:116] Succeeded to release track lock for frame 176
I1015 11:10:36.463115  3640 work_track.cpp:120] Track results of frame 176: 0 objects input, 0 objects tracked!
I1015 11:10:36.463135  3640 work_thread.hpp:87]  [T-Work-Detect_0] Frame :176 split
I1015 11:10:36.463179  3643 thread_intergrate.hpp:83] [T-Intergrate-intergrate] queue: frame output frame :176
I1015 11:10:36.464726  3639 demo_inner.hpp:435] thread [SORT-0]  frame id 176 sorting queue size 0   FPS: 28.5036
I1015 11:10:36.464795  3638 demo_inner.hpp:260]  gui queue size 0, state = running
I1015 11:10:36.486680  3637 demo_inner.hpp:177] decode queue size 0
I1015 11:10:36.486780  3640 work_thread.hpp:81]  [T-Work-Detect_0] Run work: WorkDetect
I1015 11:10:36.486814  3640 work_detect.cpp:102] Succeeded to add det start for frame 177
I1015 11:10:36.493247  3640 work_detect.cpp:70] Frame :177 detect result :0 face(s)
I1015 11:10:36.493297  3640 work_detect.cpp:120] Succeeded to add det end for frame 177
I1015 11:10:36.493312  3640 work_thread.hpp:81]  [T-Work-Detect_0] Run work: WrokTrack
I1015 11:10:36.493340  3640 work_track.cpp:102] Succeeded to set track lock for frame 177
I1015 11:10:36.493364  3640 work_track.cpp:116] Succeeded to release track lock for frame 177
I1015 11:10:36.493378  3640 work_track.cpp:120] Track results of frame 177: 0 objects input, 0 objects tracked!
I1015 11:10:36.493396  3640 work_thread.hpp:87]  [T-Work-Detect_0] Frame :177 split
I1015 11:10:36.493450  3643 thread_intergrate.hpp:83] [T-Intergrate-intergrate] queue: frame output frame :177
I1015 11:10:36.494953  3639 demo_inner.hpp:435] thread [SORT-0]  frame id 177 sorting queue size 0   FPS: 28.585
I1015 11:10:36.501724  3638 demo_inner.hpp:260]  gui queue size 0, state = running
I1015 11:10:36.522560  3637 demo_inner.hpp:177] decode queue size 0
I1015 11:10:36.522661  3640 work_thread.hpp:81]  [T-Work-Detect_0] Run work: WorkDetect
I1015 11:10:36.522694  3640 work_detect.cpp:102] Succeeded to add det start for frame 178
I1015 11:10:36.529088  3640 work_detect.cpp:70] Frame :178 detect result :0 face(s)
I1015 11:10:36.529139  3640 work_detect.cpp:120] Succeeded to add det end for frame 178
I1015 11:10:36.529155  3640 work_thread.hpp:81]  [T-Work-Detect_0] Run work: WrokTrack
I1015 11:10:36.529182  3640 work_track.cpp:102] Succeeded to set track lock for frame 178
I1015 11:10:36.529209  3640 work_track.cpp:116] Succeeded to release track lock for frame 178
I1015 11:10:36.529223  3640 work_track.cpp:120] Track results of frame 178: 0 objects input, 0 objects tracked!
I1015 11:10:36.529242  3640 work_thread.hpp:87]  [T-Work-Detect_0] Frame :178 split
I1015 11:10:36.529285  3643 thread_intergrate.hpp:83] [T-Intergrate-intergrate] queue: frame output frame :178
I1015 11:10:36.530814  3639 demo_inner.hpp:435] thread [SORT-0]  frame id 178 sorting queue size 0   FPS: 28.5036
I1015 11:10:36.558471  3637 demo_inner.hpp:177] decode queue size 0
I1015 11:10:36.558567  3640 work_thread.hpp:81]  [T-Work-Detect_0] Run work: WorkDetect
I1015 11:10:36.558600  3640 work_detect.cpp:102] Succeeded to add det start for frame 179
I1015 11:10:36.565042  3640 work_detect.cpp:70] Frame :179 detect result :0 face(s)
I1015 11:10:36.565099  3640 work_detect.cpp:120] Succeeded to add det end for frame 179
I1015 11:10:36.565115  3640 work_thread.hpp:81]  [T-Work-Detect_0] Run work: WrokTrack
I1015 11:10:36.565142  3640 work_track.cpp:102] Succeeded to set track lock for frame 179
I1015 11:10:36.565169  3640 work_track.cpp:116] Succeeded to release track lock for frame 179
I1015 11:10:36.565183  3640 work_track.cpp:120] Track results of frame 179: 0 objects input, 0 objects tracked!
I1015 11:10:36.565201  3640 work_thread.hpp:87]  [T-Work-Detect_0] Frame :179 split
I1015 11:10:36.565241  3643 thread_intergrate.hpp:83] [T-Intergrate-intergrate] queue: frame output frame :179
I1015 11:10:36.566771  3639 demo_inner.hpp:435] thread [SORT-0]  frame id 179 sorting queue size 1   FPS: 28.5036
I1015 11:10:36.568857  3638 demo_inner.hpp:260]  gui queue size 1, state = running
I1015 11:10:36.588551  3637 demo_inner.hpp:177] decode queue size 0
I1015 11:10:36.588650  3640 work_thread.hpp:81]  [T-Work-Detect_0] Run work: WorkDetect
I1015 11:10:36.588685  3640 work_detect.cpp:102] Succeeded to add det start for frame 180
I1015 11:10:36.595067  3640 work_detect.cpp:70] Frame :180 detect result :0 face(s)
I1015 11:10:36.595121  3640 work_detect.cpp:120] Succeeded to add det end for frame 180
I1015 11:10:36.595137  3640 work_thread.hpp:81]  [T-Work-Detect_0] Run work: WrokTrack
I1015 11:10:36.595165  3640 work_track.cpp:102] Succeeded to set track lock for frame 180
I1015 11:10:36.595191  3640 work_track.cpp:116] Succeeded to release track lock for frame 180
I1015 11:10:36.595203  3640 work_track.cpp:120] Track results of frame 180: 0 objects input, 0 objects tracked!
I1015 11:10:36.595221  3640 work_thread.hpp:87]  [T-Work-Detect_0] Frame :180 split
I1015 11:10:36.595271  3643 thread_intergrate.hpp:83] [T-Intergrate-intergrate] queue: frame output frame :180
I1015 11:10:36.596824  3639 demo_inner.hpp:435] thread [SORT-0]  frame id 180 sorting queue size 0   FPS: 28.5036
I1015 11:10:36.624624  3637 demo_inner.hpp:177] decode queue size 0
I1015 11:10:36.624730  3640 work_thread.hpp:81]  [T-Work-Detect_0] Run work: WorkDetect
I1015 11:10:36.624763  3640 work_detect.cpp:102] Succeeded to add det start for frame 181
I1015 11:10:36.631132  3640 work_detect.cpp:70] Frame :181 detect result :0 face(s)
I1015 11:10:36.631188  3640 work_detect.cpp:120] Succeeded to add det end for frame 181
I1015 11:10:36.631204  3640 work_thread.hpp:81]  [T-Work-Detect_0] Run work: WrokTrack
I1015 11:10:36.631232  3640 work_track.cpp:102] Succeeded to set track lock for frame 181
I1015 11:10:36.631256  3640 work_track.cpp:116] Succeeded to release track lock for frame 181
I1015 11:10:36.631269  3640 work_track.cpp:120] Track results of frame 181: 0 objects input, 0 objects tracked!
I1015 11:10:36.631287  3640 work_thread.hpp:87]  [T-Work-Detect_0] Frame :181 split
I1015 11:10:36.631333  3643 thread_intergrate.hpp:83] [T-Intergrate-intergrate] queue: frame output frame :181
I1015 11:10:36.632874  3639 demo_inner.hpp:435] thread [SORT-0]  frame id 181 sorting queue size 1   FPS: 28.49
I1015 11:10:36.646742  3638 demo_inner.hpp:260]  gui queue size 1, state = running
I1015 11:10:36.654698  3637 demo_inner.hpp:177] decode queue size 0
I1015 11:10:36.654794  3640 work_thread.hpp:81]  [T-Work-Detect_0] Run work: WorkDetect
I1015 11:10:36.654827  3640 work_detect.cpp:102] Succeeded to add det start for frame 182
I1015 11:10:36.661238  3640 work_detect.cpp:70] Frame :182 detect result :0 face(s)
I1015 11:10:36.661293  3640 work_detect.cpp:120] Succeeded to add det end for frame 182
I1015 11:10:36.661309  3640 work_thread.hpp:81]  [T-Work-Detect_0] Run work: WrokTrack
I1015 11:10:36.661335  3640 work_track.cpp:102] Succeeded to set track lock for frame 182
I1015 11:10:36.661435  3640 work_track.cpp:116] Succeeded to release track lock for frame 182
I1015 11:10:36.661451  3640 work_track.cpp:120] Track results of frame 182: 0 objects input, 0 objects tracked!
I1015 11:10:36.661469  3640 work_thread.hpp:87]  [T-Work-Detect_0] Frame :182 split
I1015 11:10:36.661514  3643 thread_intergrate.hpp:83] [T-Intergrate-intergrate] queue: frame output frame :182
I1015 11:10:36.662986  3639 demo_inner.hpp:435] thread [SORT-0]  frame id 182 sorting queue size 0   FPS: 28.5714
I1015 11:10:36.690513  3637 demo_inner.hpp:177] decode queue size 0
I1015 11:10:36.690611  3640 work_thread.hpp:81]  [T-Work-Detect_0] Run work: WorkDetect
I1015 11:10:36.690646  3640 work_detect.cpp:102] Succeeded to add det start for frame 183
I1015 11:10:36.697044  3640 work_detect.cpp:70] Frame :183 detect result :0 face(s)
I1015 11:10:36.697108  3640 work_detect.cpp:120] Succeeded to add det end for frame 183
I1015 11:10:36.697124  3640 work_thread.hpp:81]  [T-Work-Detect_0] Run work: WrokTrack
I1015 11:10:36.697150  3640 work_track.cpp:102] Succeeded to set track lock for frame 183
I1015 11:10:36.697176  3640 work_track.cpp:116] Succeeded to release track lock for frame 183
I1015 11:10:36.697190  3640 work_track.cpp:120] Track results of frame 183: 0 objects input, 0 objects tracked!
I1015 11:10:36.697208  3640 work_thread.hpp:87]  [T-Work-Detect_0] Frame :183 split
I1015 11:10:36.697257  3643 thread_intergrate.hpp:83] [T-Intergrate-intergrate] queue: frame output frame :183
I1015 11:10:36.698788  3639 demo_inner.hpp:435] thread [SORT-0]  frame id 183 sorting queue size 1   FPS: 28.5036
I1015 11:10:36.720680  3637 demo_inner.hpp:177] decode queue size 0
I1015 11:10:36.720777  3640 work_thread.hpp:81]  [T-Work-Detect_0] Run work: WorkDetect
I1015 11:10:36.720811  3640 work_detect.cpp:102] Succeeded to add det start for frame 184
I1015 11:10:36.727223  3640 work_detect.cpp:70] Frame :184 detect result :0 face(s)
I1015 11:10:36.727275  3640 work_detect.cpp:120] Succeeded to add det end for frame 184
I1015 11:10:36.727293  3640 work_thread.hpp:81]  [T-Work-Detect_0] Run work: WrokTrack
I1015 11:10:36.727319  3640 work_track.cpp:102] Succeeded to set track lock for frame 184
I1015 11:10:36.727345  3640 work_track.cpp:116] Succeeded to release track lock for frame 184
I1015 11:10:36.727360  3640 work_track.cpp:120] Track results of frame 184: 0 objects input, 0 objects tracked!
I1015 11:10:36.727376  3640 work_thread.hpp:87]  [T-Work-Detect_0] Frame :184 split
I1015 11:10:36.727427  3643 thread_intergrate.hpp:83] [T-Intergrate-intergrate] queue: frame output frame :184
I1015 11:10:36.728935  3639 demo_inner.hpp:435] thread [SORT-0]  frame id 184 sorting queue size 2   FPS: 28.585
I1015 11:10:36.730433  3638 demo_inner.hpp:260]  gui queue size 2, state = running
I1015 11:10:36.756525  3637 demo_inner.hpp:177] decode queue size 0
I1015 11:10:36.756626  3640 work_thread.hpp:81]  [T-Work-Detect_0] Run work: WorkDetect
I1015 11:10:36.756659  3640 work_detect.cpp:102] Succeeded to add det start for frame 185
I1015 11:10:36.763022  3640 work_detect.cpp:70] Frame :185 detect result :1 face(s)
I1015 11:10:36.763069  3640 work_detect.cpp:86] Detected bbox: [15 x 19 from (492, 89)]
I1015 11:10:36.763113  3640 work_detect.cpp:120] Succeeded to add det end for frame 185
I1015 11:10:36.763130  3640 work_thread.hpp:81]  [T-Work-Detect_0] Run work: WrokTrack
I1015 11:10:36.763154  3640 work_track.cpp:82] Frame: 185 build input_characts: [0.0234375 x 0.0527778 from (0.76875, 0.247222)], 0.938558, 0
I1015 11:10:36.763209  3640 work_track.cpp:102] Succeeded to set track lock for frame 185
I1015 11:10:36.763244  3640 work_track.cpp:116] Succeeded to release track lock for frame 185
I1015 11:10:36.763258  3640 work_track.cpp:120] Track results of frame 185: 1 objects input, 0 objects tracked!
I1015 11:10:36.763275  3640 work_track.cpp:162] Frame: 185 lid: 0 not tracked, will set invalid
I1015 11:10:36.763290  3640 work_thread.hpp:87]  [T-Work-Detect_0] Frame :185 split
I1015 11:10:36.763381  3640 work_thread.hpp:126]  [T-Work-Detect_0] Invalid piece: lid = 0, drop it
I1015 11:10:36.763422  3643 thread_intergrate.hpp:83] [T-Intergrate-intergrate] queue: frame output frame :185
I1015 11:10:36.764951  3639 demo_inner.hpp:435] thread [SORT-0]  frame id 185 sorting queue size 0   FPS: 28.49
I1015 11:10:36.792528  3637 demo_inner.hpp:177] decode queue size 0
I1015 11:10:36.792629  3640 work_thread.hpp:81]  [T-Work-Detect_0] Run work: WorkDetect
I1015 11:10:36.792663  3640 work_detect.cpp:102] Succeeded to add det start for frame 186
I1015 11:10:36.799082  3640 work_detect.cpp:70] Frame :186 detect result :1 face(s)
I1015 11:10:36.799120  3640 work_detect.cpp:86] Detected bbox: [15 x 19 from (492, 88)]
I1015 11:10:36.799163  3640 work_detect.cpp:120] Succeeded to add det end for frame 186
I1015 11:10:36.799180  3640 work_thread.hpp:81]  [T-Work-Detect_0] Run work: WrokTrack
I1015 11:10:36.799204  3640 work_track.cpp:82] Frame: 186 build input_characts: [0.0234375 x 0.0527778 from (0.76875, 0.244444)], 0.938558, 0
I1015 11:10:36.799259  3640 work_track.cpp:102] Succeeded to set track lock for frame 186
I1015 11:10:36.799322  3640 work_track.cpp:116] Succeeded to release track lock for frame 186
I1015 11:10:36.799337  3640 work_track.cpp:120] Track results of frame 186: 1 objects input, 0 objects tracked!
I1015 11:10:36.799355  3640 work_track.cpp:162] Frame: 186 lid: 0 not tracked, will set invalid
I1015 11:10:36.799371  3640 work_thread.hpp:87]  [T-Work-Detect_0] Frame :186 split
I1015 11:10:36.799386  3640 work_thread.hpp:126]  [T-Work-Detect_0] Invalid piece: lid = 0, drop it
I1015 11:10:36.799427  3643 thread_intergrate.hpp:83] [T-Intergrate-intergrate] queue: frame output frame :186
I1015 11:10:36.800947  3639 demo_inner.hpp:435] thread [SORT-0]  frame id 186 sorting queue size 1   FPS: 28.5036
I1015 11:10:36.814244  3638 demo_inner.hpp:260]  gui queue size 1, state = running
I1015 11:10:36.822557  3637 demo_inner.hpp:177] decode queue size 0
I1015 11:10:36.822645  3640 work_thread.hpp:81]  [T-Work-Detect_0] Run work: WorkDetect
I1015 11:10:36.822679  3640 work_detect.cpp:102] Succeeded to add det start for frame 187
I1015 11:10:36.829104  3640 work_detect.cpp:70] Frame :187 detect result :1 face(s)
I1015 11:10:36.829149  3640 work_detect.cpp:86] Detected bbox: [14 x 18 from (493, 88)]
I1015 11:10:36.829195  3640 work_detect.cpp:120] Succeeded to add det end for frame 187
I1015 11:10:36.829210  3640 work_thread.hpp:81]  [T-Work-Detect_0] Run work: WrokTrack
I1015 11:10:36.829234  3640 work_track.cpp:82] Frame: 187 build input_characts: [0.021875 x 0.05 from (0.770312, 0.244444)], 0.923714, 0
I1015 11:10:36.829289  3640 work_track.cpp:102] Succeeded to set track lock for frame 187
I1015 11:10:36.829350  3640 work_track.cpp:116] Succeeded to release track lock for frame 187
I1015 11:10:36.829366  3640 work_track.cpp:120] Track results of frame 187: 1 objects input, 1 objects tracked!
I1015 11:10:36.829385  3640 work_track.cpp:148] Frame: 187, track bbox: [14 x 18 from (492.894, 87.9111)], gid: 0, lid: 0
I1015 11:10:36.829419  3640 work_thread.hpp:87]  [T-Work-Detect_0] Frame :187 split
I1015 11:10:36.829437  3640 work_thread.hpp:120]  [T-Work-Detect_0] Valid piece: gid = 0
I1015 11:10:36.829454  3640 work_thread.hpp:91]  [T-Work-Detect_0] Push to split queue:recog
I1015 11:10:36.829507  3643 thread_intergrate.hpp:83] [T-Intergrate-intergrate] queue: frame output frame :187
I1015 11:10:36.829509  3642 work_thread.hpp:81]  [T-Work-Recog_1] Run work: WorkCapture
I1015 11:10:36.831073  3639 demo_inner.hpp:435] thread [SORT-0]  frame id 187 sorting queue size 0   FPS: 28.49
I1015 11:10:36.831547  3642 work_thread.hpp:81]  [T-Work-Recog_1] Run work: WorkRecog
W1015 11:10:36.831578  3642 work_recog.hpp:118] Face id: 0 has low quality : 0.00310811, no need to recog
I1015 11:10:36.831933  3642 work_thread.hpp:81]  [T-Work-Recog_1] Run work: WorkCompare
I1015 11:10:36.858498  3637 demo_inner.hpp:177] decode queue size 0
I1015 11:10:36.858609  3640 work_thread.hpp:81]  [T-Work-Detect_0] Run work: WorkDetect
I1015 11:10:36.858721  3640 work_detect.cpp:102] Succeeded to add det start for frame 188
I1015 11:10:36.865137  3640 work_detect.cpp:70] Frame :188 detect result :1 face(s)
I1015 11:10:36.865178  3640 work_detect.cpp:86] Detected bbox: [14 x 20 from (493, 86)]
I1015 11:10:36.865221  3640 work_detect.cpp:120] Succeeded to add det end for frame 188
I1015 11:10:36.865236  3640 work_thread.hpp:81]  [T-Work-Detect_0] Run work: WrokTrack
I1015 11:10:36.865262  3640 work_track.cpp:82] Frame: 188 build input_characts: [0.021875 x 0.0555556 from (0.770312, 0.238889)], 0.947697, 0
I1015 11:10:36.865316  3640 work_track.cpp:102] Succeeded to set track lock for frame 188
I1015 11:10:36.865355  3640 work_track.cpp:116] Succeeded to release track lock for frame 188
I1015 11:10:36.865370  3640 work_track.cpp:120] Track results of frame 188: 1 objects input, 1 objects tracked!
I1015 11:10:36.865387  3640 work_track.cpp:148] Frame: 188, track bbox: [14 x 20 from (493.054, 86.0485)], gid: 0, lid: 0
I1015 11:10:36.865422  3640 work_thread.hpp:87]  [T-Work-Detect_0] Frame :188 split
I1015 11:10:36.865440  3640 work_thread.hpp:120]  [T-Work-Detect_0] Valid piece: gid = 0
I1015 11:10:36.865458  3640 work_thread.hpp:91]  [T-Work-Detect_0] Push to split queue:recog
I1015 11:10:36.865501  3641 work_thread.hpp:81]  [T-Work-Recog_0] Run work: WorkCapture
I1015 11:10:36.865712  3643 thread_intergrate.hpp:83] [T-Intergrate-intergrate] queue: frame output frame :188
I1015 11:10:36.865963  3641 work_thread.hpp:81]  [T-Work-Recog_0] Run work: WorkRecog
W1015 11:10:36.865984  3641 work_recog.hpp:118] Face id: 0 has low quality : 0.00449675, no need to recog
I1015 11:10:36.866055  3641 work_thread.hpp:81]  [T-Work-Recog_0] Run work: WorkCompare
I1015 11:10:36.867249  3639 demo_inner.hpp:435] thread [SORT-0]  frame id 188 sorting queue size 1   FPS: 28.49
I1015 11:10:36.888640  3637 demo_inner.hpp:177] decode queue size 0
I1015 11:10:36.888733  3640 work_thread.hpp:81]  [T-Work-Detect_0] Run work: WorkDetect
I1015 11:10:36.888767  3640 work_detect.cpp:102] Succeeded to add det start for frame 189
I1015 11:10:36.895115  3640 work_detect.cpp:70] Frame :189 detect result :1 face(s)
I1015 11:10:36.895155  3640 work_detect.cpp:86] Detected bbox: [14 x 19 from (494, 87)]
I1015 11:10:36.895198  3640 work_detect.cpp:120] Succeeded to add det end for frame 189
I1015 11:10:36.895215  3640 work_thread.hpp:81]  [T-Work-Detect_0] Run work: WrokTrack
I1015 11:10:36.895238  3640 work_track.cpp:82] Frame: 189 build input_characts: [0.021875 x 0.0527778 from (0.771875, 0.241667)], 0.951921, 0
I1015 11:10:36.895294  3640 work_track.cpp:102] Succeeded to set track lock for frame 189
I1015 11:10:36.895335  3640 work_track.cpp:116] Succeeded to release track lock for frame 189
I1015 11:10:36.895350  3640 work_track.cpp:120] Track results of frame 189: 1 objects input, 1 objects tracked!
I1015 11:10:36.895368  3640 work_track.cpp:148] Frame: 189, track bbox: [14 x 19 from (493.712, 86.5008)], gid: 0, lid: 0
I1015 11:10:36.895403  3640 work_thread.hpp:87]  [T-Work-Detect_0] Frame :189 split
I1015 11:10:36.895421  3640 work_thread.hpp:120]  [T-Work-Detect_0] Valid piece: gid = 0
I1015 11:10:36.895439  3640 work_thread.hpp:91]  [T-Work-Detect_0] Push to split queue:recog
I1015 11:10:36.895488  3641 work_thread.hpp:81]  [T-Work-Recog_0] Run work: WorkCapture
I1015 11:10:36.895684  3643 thread_intergrate.hpp:83] [T-Intergrate-intergrate] queue: frame output frame :189
I1015 11:10:36.895936  3641 work_thread.hpp:81]  [T-Work-Recog_0] Run work: WorkRecog
W1015 11:10:36.895957  3641 work_recog.hpp:118] Face id: 0 has low quality : 0.00449675, no need to recog
I1015 11:10:36.896028  3641 work_thread.hpp:81]  [T-Work-Recog_0] Run work: WorkCompare
I1015 11:10:36.897159  3639 demo_inner.hpp:435] thread [SORT-0]  frame id 189 sorting queue size 2   FPS: 28.5714
I1015 11:10:36.914618  3638 demo_inner.hpp:260]  gui queue size 2, state = running
I1015 11:10:36.924635  3637 demo_inner.hpp:177] decode queue size 0
I1015 11:10:36.924731  3640 work_thread.hpp:81]  [T-Work-Detect_0] Run work: WorkDetect
I1015 11:10:36.924837  3640 work_detect.cpp:102] Succeeded to add det start for frame 190
I1015 11:10:36.931159  3640 work_detect.cpp:70] Frame :190 detect result :1 face(s)
I1015 11:10:36.931206  3640 work_detect.cpp:86] Detected bbox: [15 x 21 from (493, 85)]
I1015 11:10:36.931250  3640 work_detect.cpp:120] Succeeded to add det end for frame 190
I1015 11:10:36.931267  3640 work_thread.hpp:81]  [T-Work-Detect_0] Run work: WrokTrack
I1015 11:10:36.931291  3640 work_track.cpp:82] Frame: 190 build input_characts: [0.0234375 x 0.0583333 from (0.770312, 0.236111)], 0.959737, 0
I1015 11:10:36.931346  3640 work_track.cpp:102] Succeeded to set track lock for frame 190
I1015 11:10:36.931385  3640 work_track.cpp:116] Succeeded to release track lock for frame 190
I1015 11:10:36.931399  3640 work_track.cpp:120] Track results of frame 190: 1 objects input, 1 objects tracked!
I1015 11:10:36.931417  3640 work_track.cpp:148] Frame: 190, track bbox: [15 x 21 from (493.269, 84.9758)], gid: 0, lid: 0
I1015 11:10:36.931452  3640 work_thread.hpp:87]  [T-Work-Detect_0] Frame :190 split
I1015 11:10:36.931470  3640 work_thread.hpp:120]  [T-Work-Detect_0] Valid piece: gid = 0
I1015 11:10:36.931488  3640 work_thread.hpp:91]  [T-Work-Detect_0] Push to split queue:recog
I1015 11:10:36.931536  3643 thread_intergrate.hpp:83] [T-Intergrate-intergrate] queue: frame output frame :190
I1015 11:10:36.931536  3642 work_thread.hpp:81]  [T-Work-Recog_1] Run work: WorkCapture
I1015 11:10:36.932046  3642 work_thread.hpp:81]  [T-Work-Recog_1] Run work: WorkRecog
W1015 11:10:36.932070  3642 work_recog.hpp:118] Face id: 0 has low quality : 0.00397672, no need to recog
I1015 11:10:36.932138  3642 work_thread.hpp:81]  [T-Work-Recog_1] Run work: WorkCompare
I1015 11:10:36.933076  3639 demo_inner.hpp:435] thread [SORT-0]  frame id 190 sorting queue size 0   FPS: 28.5036
I1015 11:10:36.954638  3637 demo_inner.hpp:177] decode queue size 0
I1015 11:10:36.954731  3640 work_thread.hpp:81]  [T-Work-Detect_0] Run work: WorkDetect
I1015 11:10:36.954764  3640 work_detect.cpp:102] Succeeded to add det start for frame 191
I1015 11:10:36.961124  3640 work_detect.cpp:70] Frame :191 detect result :1 face(s)
I1015 11:10:36.961164  3640 work_detect.cpp:86] Detected bbox: [15 x 21 from (494, 85)]
I1015 11:10:36.961207  3640 work_detect.cpp:120] Succeeded to add det end for frame 191
I1015 11:10:36.961223  3640 work_thread.hpp:81]  [T-Work-Detect_0] Run work: WrokTrack
I1015 11:10:36.961247  3640 work_track.cpp:82] Frame: 191 build input_characts: [0.0234375 x 0.0583333 from (0.771875, 0.236111)], 0.959737, 0
I1015 11:10:36.961302  3640 work_track.cpp:102] Succeeded to set track lock for frame 191
I1015 11:10:36.961342  3640 work_track.cpp:116] Succeeded to release track lock for frame 191
I1015 11:10:36.961356  3640 work_track.cpp:120] Track results of frame 191: 1 objects input, 1 objects tracked!
I1015 11:10:36.961374  3640 work_track.cpp:148] Frame: 191, track bbox: [15 x 21 from (493.811, 84.8332)], gid: 0, lid: 0
I1015 11:10:36.961410  3640 work_thread.hpp:87]  [T-Work-Detect_0] Frame :191 split
I1015 11:10:36.961426  3640 work_thread.hpp:120]  [T-Work-Detect_0] Valid piece: gid = 0
I1015 11:10:36.961446  3640 work_thread.hpp:91]  [T-Work-Detect_0] Push to split queue:recog
I1015 11:10:36.961493  3643 thread_intergrate.hpp:83] [T-Intergrate-intergrate] queue: frame output frame :191
I1015 11:10:36.961493  3642 work_thread.hpp:81]  [T-Work-Recog_1] Run work: WorkCapture
I1015 11:10:36.961978  3642 work_thread.hpp:81]  [T-Work-Recog_1] Run work: WorkRecog
W1015 11:10:36.962002  3642 work_recog.hpp:118] Face id: 0 has low quality : 0.00351611, no need to recog
I1015 11:10:36.962095  3642 work_thread.hpp:81]  [T-Work-Recog_1] Run work: WorkCompare
I1015 11:10:36.963009  3639 demo_inner.hpp:435] thread [SORT-0]  frame id 191 sorting queue size 1   FPS: 28.585
I1015 11:10:36.981711  3638 demo_inner.hpp:260]  gui queue size 1, state = running
I1015 11:10:36.990628  3637 demo_inner.hpp:177] decode queue size 0
I1015 11:10:36.990728  3640 work_thread.hpp:81]  [T-Work-Detect_0] Run work: WorkDetect
I1015 11:10:36.990836  3640 work_detect.cpp:102] Succeeded to add det start for frame 192
I1015 11:10:36.997211  3640 work_detect.cpp:70] Frame :192 detect result :1 face(s)
I1015 11:10:36.997253  3640 work_detect.cpp:86] Detected bbox: [16 x 20 from (494, 85)]
I1015 11:10:36.997296  3640 work_detect.cpp:120] Succeeded to add det end for frame 192
I1015 11:10:36.997313  3640 work_thread.hpp:81]  [T-Work-Detect_0] Run work: WrokTrack
I1015 11:10:36.997337  3640 work_track.cpp:82] Frame: 192 build input_characts: [0.025 x 0.0555556 from (0.771875, 0.236111)], 0.959737, 0
I1015 11:10:36.997393  3640 work_track.cpp:102] Succeeded to set track lock for frame 192
I1015 11:10:36.997432  3640 work_track.cpp:116] Succeeded to release track lock for frame 192
I1015 11:10:36.997447  3640 work_track.cpp:120] Track results of frame 192: 1 objects input, 1 objects tracked!
I1015 11:10:36.997464  3640 work_track.cpp:148] Frame: 192, track bbox: [16 x 20 from (493.821, 85.0238)], gid: 0, lid: 0
I1015 11:10:36.997500  3640 work_thread.hpp:87]  [T-Work-Detect_0] Frame :192 split
I1015 11:10:36.997519  3640 work_thread.hpp:120]  [T-Work-Detect_0] Valid piece: gid = 0
I1015 11:10:36.997536  3640 work_thread.hpp:91]  [T-Work-Detect_0] Push to split queue:recog
I1015 11:10:36.997579  3641 work_thread.hpp:81]  [T-Work-Recog_0] Run work: WorkCapture
I1015 11:10:36.997771  3643 thread_intergrate.hpp:83] [T-Intergrate-intergrate] queue: frame output frame :192
I1015 11:10:36.998023  3641 work_thread.hpp:81]  [T-Work-Recog_0] Run work: WorkRecog
W1015 11:10:36.998044  3641 work_recog.hpp:118] Face id: 0 has low quality : 0.00242721, no need to recog
I1015 11:10:36.998116  3641 work_thread.hpp:81]  [T-Work-Recog_0] Run work: WorkCompare
I1015 11:10:36.999308  3639 demo_inner.hpp:435] thread [SORT-0]  frame id 192 sorting queue size 0   FPS: 28.49
I1015 11:10:37.026520  3637 demo_inner.hpp:177] decode queue size 0
I1015 11:10:37.026624  3640 work_thread.hpp:81]  [T-Work-Detect_0] Run work: WorkDetect
I1015 11:10:37.026657  3640 work_detect.cpp:102] Succeeded to add det start for frame 193
I1015 11:10:37.033082  3640 work_detect.cpp:70] Frame :193 detect result :1 face(s)
I1015 11:10:37.033123  3640 work_detect.cpp:86] Detected bbox: [17 x 22 from (494, 84)]
I1015 11:10:37.033165  3640 work_detect.cpp:120] Succeeded to add det end for frame 193
I1015 11:10:37.033182  3640 work_thread.hpp:81]  [T-Work-Detect_0] Run work: WrokTrack
I1015 11:10:37.033206  3640 work_track.cpp:82] Frame: 193 build input_characts: [0.0265625 x 0.0611111 from (0.771875, 0.233333)], 0.962122, 0
I1015 11:10:37.033262  3640 work_track.cpp:102] Succeeded to set track lock for frame 193
I1015 11:10:37.033301  3640 work_track.cpp:116] Succeeded to release track lock for frame 193
I1015 11:10:37.033316  3640 work_track.cpp:120] Track results of frame 193: 1 objects input, 1 objects tracked!
I1015 11:10:37.033334  3640 work_track.cpp:148] Frame: 193, track bbox: [17 x 22 from (493.929, 83.9051)], gid: 0, lid: 0
I1015 11:10:37.033370  3640 work_thread.hpp:87]  [T-Work-Detect_0] Frame :193 split
I1015 11:10:37.033387  3640 work_thread.hpp:120]  [T-Work-Detect_0] Valid piece: gid = 0
I1015 11:10:37.033406  3640 work_thread.hpp:91]  [T-Work-Detect_0] Push to split queue:recog
I1015 11:10:37.033445  3641 work_thread.hpp:81]  [T-Work-Recog_0] Run work: WorkCapture
I1015 11:10:37.033638  3643 thread_intergrate.hpp:83] [T-Intergrate-intergrate] queue: frame output frame :193
I1015 11:10:37.033890  3641 work_thread.hpp:81]  [T-Work-Recog_0] Run work: WorkRecog
W1015 11:10:37.033910  3641 work_recog.hpp:118] Face id: 0 has low quality : 0.00189438, no need to recog
I1015 11:10:37.033982  3641 work_thread.hpp:81]  [T-Work-Recog_0] Run work: WorkCompare
I1015 11:10:37.035168  3639 demo_inner.hpp:435] thread [SORT-0]  frame id 193 sorting queue size 1   FPS: 28.5036
I1015 11:10:37.048993  3638 demo_inner.hpp:260]  gui queue size 1, state = running
I1015 11:10:37.056656  3637 demo_inner.hpp:177] decode queue size 0
I1015 11:10:37.056753  3640 work_thread.hpp:81]  [T-Work-Detect_0] Run work: WorkDetect
I1015 11:10:37.056867  3640 work_detect.cpp:102] Succeeded to add det start for frame 194
I1015 11:10:37.063272  3640 work_detect.cpp:70] Frame :194 detect result :1 face(s)
I1015 11:10:37.063315  3640 work_detect.cpp:86] Detected bbox: [17 x 23 from (494, 83)]
I1015 11:10:37.063360  3640 work_detect.cpp:120] Succeeded to add det end for frame 194
I1015 11:10:37.063377  3640 work_thread.hpp:81]  [T-Work-Detect_0] Run work: WrokTrack
I1015 11:10:37.063402  3640 work_track.cpp:82] Frame: 194 build input_characts: [0.0265625 x 0.0638889 from (0.771875, 0.230556)], 0.968742, 0
I1015 11:10:37.063459  3640 work_track.cpp:102] Succeeded to set track lock for frame 194
I1015 11:10:37.063499  3640 work_track.cpp:116] Succeeded to release track lock for frame 194
I1015 11:10:37.063513  3640 work_track.cpp:120] Track results of frame 194: 1 objects input, 1 objects tracked!
I1015 11:10:37.063531  3640 work_track.cpp:148] Frame: 194, track bbox: [17 x 23 from (494.16, 82.9763)], gid: 0, lid: 0
I1015 11:10:37.063567  3640 work_thread.hpp:87]  [T-Work-Detect_0] Frame :194 split
I1015 11:10:37.063585  3640 work_thread.hpp:120]  [T-Work-Detect_0] Valid piece: gid = 0
I1015 11:10:37.063603  3640 work_thread.hpp:91]  [T-Work-Detect_0] Push to split queue:recog
I1015 11:10:37.063647  3641 work_thread.hpp:81]  [T-Work-Recog_0] Run work: WorkCapture
I1015 11:10:37.063657  3643 thread_intergrate.hpp:83] [T-Intergrate-intergrate] queue: frame output frame :194
I1015 11:10:37.064091  3641 work_thread.hpp:81]  [T-Work-Recog_0] Run work: WorkRecog
W1015 11:10:37.064113  3641 work_recog.hpp:118] Face id: 0 has low quality : 0.00214443, no need to recog
I1015 11:10:37.064183  3641 work_thread.hpp:81]  [T-Work-Recog_0] Run work: WorkCompare
I1015 11:10:37.065119  3639 demo_inner.hpp:435] thread [SORT-0]  frame id 194 sorting queue size 0   FPS: 28.5442
I1015 11:10:37.092520  3637 demo_inner.hpp:177] decode queue size 0
I1015 11:10:37.092622  3640 work_thread.hpp:81]  [T-Work-Detect_0] Run work: WorkDetect
I1015 11:10:37.092658  3640 work_detect.cpp:102] Succeeded to add det start for frame 195
I1015 11:10:37.098990  3640 work_detect.cpp:70] Frame :195 detect result :1 face(s)
I1015 11:10:37.099032  3640 work_detect.cpp:86] Detected bbox: [16 x 23 from (495, 82)]
I1015 11:10:37.099076  3640 work_detect.cpp:120] Succeeded to add det end for frame 195
I1015 11:10:37.099092  3640 work_thread.hpp:81]  [T-Work-Detect_0] Run work: WrokTrack
I1015 11:10:37.099117  3640 work_track.cpp:82] Frame: 195 build input_characts: [0.025 x 0.0638889 from (0.773438, 0.227778)], 0.968742, 0
I1015 11:10:37.099174  3640 work_track.cpp:102] Succeeded to set track lock for frame 195
I1015 11:10:37.099215  3640 work_track.cpp:116] Succeeded to release track lock for frame 195
I1015 11:10:37.099228  3640 work_track.cpp:120] Track results of frame 195: 1 objects input, 1 objects tracked!
I1015 11:10:37.099246  3640 work_track.cpp:148] Frame: 195, track bbox: [16 x 23 from (495.146, 82.4024)], gid: 0, lid: 0
I1015 11:10:37.099283  3640 work_thread.hpp:87]  [T-Work-Detect_0] Frame :195 split
I1015 11:10:37.099301  3640 work_thread.hpp:120]  [T-Work-Detect_0] Valid piece: gid = 0
I1015 11:10:37.099319  3640 work_thread.hpp:91]  [T-Work-Detect_0] Push to split queue:recog
I1015 11:10:37.099364  3642 work_thread.hpp:81]  [T-Work-Recog_1] Run work: WorkCapture
I1015 11:10:37.099370  3643 thread_intergrate.hpp:83] [T-Intergrate-intergrate] queue: frame output frame :195
I1015 11:10:37.099843  3642 work_thread.hpp:81]  [T-Work-Recog_1] Run work: WorkRecog
W1015 11:10:37.099889  3642 work_recog.hpp:118] Face id: 0 has low quality : 0.00397678, no need to recog
I1015 11:10:37.099961  3642 work_thread.hpp:81]  [T-Work-Recog_1] Run work: WorkCompare
I1015 11:10:37.100920  3639 demo_inner.hpp:435] thread [SORT-0]  frame id 195 sorting queue size 1   FPS: 28.5307
I1015 11:10:37.121093  3638 demo_inner.hpp:260]  gui queue size 1, state = running
I1015 11:10:37.122714  3637 demo_inner.hpp:177] decode queue size 0
I1015 11:10:37.122838  3640 work_thread.hpp:81]  [T-Work-Detect_0] Run work: WorkDetect
I1015 11:10:37.122961  3640 work_detect.cpp:102] Succeeded to add det start for frame 196
I1015 11:10:37.129338  3640 work_detect.cpp:70] Frame :196 detect result :1 face(s)
I1015 11:10:37.129384  3640 work_detect.cpp:86] Detected bbox: [15 x 21 from (496, 83)]
I1015 11:10:37.129427  3640 work_detect.cpp:120] Succeeded to add det end for frame 196
I1015 11:10:37.129444  3640 work_thread.hpp:81]  [T-Work-Detect_0] Run work: WrokTrack
I1015 11:10:37.129468  3640 work_track.cpp:82] Frame: 196 build input_characts: [0.0234375 x 0.0583333 from (0.775, 0.230556)], 0.951921, 0
I1015 11:10:37.129523  3640 work_track.cpp:102] Succeeded to set track lock for frame 196
I1015 11:10:37.129564  3640 work_track.cpp:116] Succeeded to release track lock for frame 196
I1015 11:10:37.129577  3640 work_track.cpp:120] Track results of frame 196: 1 objects input, 1 objects tracked!
I1015 11:10:37.129595  3640 work_track.cpp:148] Frame: 196, track bbox: [15 x 21 from (495.944, 82.9286)], gid: 0, lid: 0
I1015 11:10:37.129631  3640 work_thread.hpp:87]  [T-Work-Detect_0] Frame :196 split
I1015 11:10:37.129648  3640 work_thread.hpp:120]  [T-Work-Detect_0] Valid piece: gid = 0
I1015 11:10:37.129667  3640 work_thread.hpp:91]  [T-Work-Detect_0] Push to split queue:recog
I1015 11:10:37.129715  3642 work_thread.hpp:81]  [T-Work-Recog_1] Run work: WorkCapture
I1015 11:10:37.129724  3643 thread_intergrate.hpp:83] [T-Intergrate-intergrate] queue: frame output frame :196
I1015 11:10:37.130200  3642 work_thread.hpp:81]  [T-Work-Recog_1] Run work: WorkRecog
W1015 11:10:37.130223  3642 work_recog.hpp:118] Face id: 0 has low quality : 0.00242716, no need to recog
I1015 11:10:37.130301  3642 work_thread.hpp:81]  [T-Work-Recog_1] Run work: WorkCompare
I1015 11:10:37.131287  3639 demo_inner.hpp:435] thread [SORT-0]  frame id 196 sorting queue size 0   FPS: 28.5987
I1015 11:10:37.158491  3637 demo_inner.hpp:177] decode queue size 0
I1015 11:10:37.158594  3640 work_thread.hpp:81]  [T-Work-Detect_0] Run work: WorkDetect
I1015 11:10:37.158628  3640 work_detect.cpp:102] Succeeded to add det start for frame 197
I1015 11:10:37.165035  3640 work_detect.cpp:70] Frame :197 detect result :1 face(s)
I1015 11:10:37.165086  3640 work_detect.cpp:86] Detected bbox: [15 x 20 from (496, 84)]
I1015 11:10:37.165129  3640 work_detect.cpp:120] Succeeded to add det end for frame 197
I1015 11:10:37.165145  3640 work_thread.hpp:81]  [T-Work-Detect_0] Run work: WrokTrack
I1015 11:10:37.165169  3640 work_track.cpp:82] Frame: 197 build input_characts: [0.0234375 x 0.0555556 from (0.775, 0.233333)], 0.936119, 0
I1015 11:10:37.165225  3640 work_track.cpp:102] Succeeded to set track lock for frame 197
I1015 11:10:37.165266  3640 work_track.cpp:116] Succeeded to release track lock for frame 197
I1015 11:10:37.165280  3640 work_track.cpp:120] Track results of frame 197: 1 objects input, 1 objects tracked!
I1015 11:10:37.165297  3640 work_track.cpp:148] Frame: 197, track bbox: [15 x 20 from (496.125, 83.4996)], gid: 0, lid: 0
I1015 11:10:37.165333  3640 work_thread.hpp:87]  [T-Work-Detect_0] Frame :197 split
I1015 11:10:37.165350  3640 work_thread.hpp:120]  [T-Work-Detect_0] Valid piece: gid = 0
I1015 11:10:37.165369  3640 work_thread.hpp:91]  [T-Work-Detect_0] Push to split queue:recog
I1015 11:10:37.165419  3643 thread_intergrate.hpp:83] [T-Intergrate-intergrate] queue: frame output frame :197
I1015 11:10:37.165431  3642 work_thread.hpp:81]  [T-Work-Recog_1] Run work: WorkCapture
I1015 11:10:37.165905  3642 work_thread.hpp:81]  [T-Work-Recog_1] Run work: WorkRecog
W1015 11:10:37.165927  3642 work_recog.hpp:118] Face id: 0 has low quality : 0.00214443, no need to recog
I1015 11:10:37.166007  3642 work_thread.hpp:81]  [T-Work-Recog_1] Run work: WorkCompare
