I1014 14:12:41.113813  7471 work_thread.hpp:81]  [T-Work-Recog_1] Run work: WorkCompare
I1014 14:12:41.114279  7471 work_compare.cpp:76] Compare face: 1 successed, similarity :0.99661, name : images/ThangLMb.jpg, normal size : 1548 * 1719!
I1014 14:12:41.147887  7466 demo_inner.hpp:177] decode queue size 0
I1014 14:12:41.148049  7469 work_thread.hpp:81]  [T-Work-Detect_0] Run work: WorkDetect
I1014 14:12:41.148084  7469 work_detect.cpp:102] Succeeded to add det start for frame 183
I1014 14:12:41.154778  7469 work_detect.cpp:70] Frame :183 detect result :1 face(s)
I1014 14:12:41.154829  7469 work_detect.cpp:86] Detected bbox: [157 x 222 from (233, 131)]
I1014 14:12:41.154872  7469 work_detect.cpp:120] Succeeded to add det end for frame 183
I1014 14:12:41.154889  7469 work_thread.hpp:81]  [T-Work-Detect_0] Run work: WrokTrack
I1014 14:12:41.154914  7469 work_track.cpp:82] Frame: 183 build input_characts: [0.245312 x 0.616667 from (0.364062, 0.363889)], 1.00019, 0
I1014 14:12:41.154969  7469 work_track.cpp:102] Succeeded to set track lock for frame 183
I1014 14:12:41.155009  7469 work_track.cpp:116] Succeeded to release track lock for frame 183
I1014 14:12:41.155023  7469 work_track.cpp:120] Track results of frame 183: 1 objects input, 1 objects tracked!
I1014 14:12:41.155041  7469 work_track.cpp:148] Frame: 183, track bbox: [157 x 222 from (234.113, 127.237)], gid: 1, lid: 0
I1014 14:12:41.155076  7469 work_thread.hpp:87]  [T-Work-Detect_0] Frame :183 split
I1014 14:12:41.155094  7469 work_thread.hpp:119]  [T-Work-Detect_0] Valid piece: gid = 1
I1014 14:12:41.155112  7469 work_thread.hpp:91]  [T-Work-Detect_0] Push to split queue:recog
I1014 14:12:41.155160  7470 work_thread.hpp:81]  [T-Work-Recog_0] Run work: WorkCapture
I1014 14:12:41.155464  7472 thread_intergrate.hpp:78] [T-Intergrate-intergrate] queue: frame output frame :183
I1014 14:12:41.155491  7472 thread_intergrate.hpp:85] [T-Intergrate-intergrate] queue: compare output face:1
I1014 14:12:41.155510  7472 thread_intergrate.hpp:137] T-Intergrate-intergrate set matched face: 1
I1014 14:12:41.155714  7470 work_thread.hpp:81]  [T-Work-Recog_0] Run work: WorkRecog
I1014 14:12:41.155737  7470 work_recog.hpp:89] Face id: 1 will run recog: bbox [157 x 222 from (233, 131)] quality: 0.476108
I1014 14:12:41.155764  7470 work_recog.hpp:96] Recog pair: [224 x 280 from (200, 80)], [157 x 222 from (33, 51)]
I1014 14:12:41.157014  7472 thread_intergrate.hpp:157] T-Intergrate-intergrate Show face :1, size :640 * 360
I1014 14:12:41.157595  7468 demo_inner.hpp:435] thread [SORT-0]  frame id 183 sorting queue size 0   FPS: 16.9534
I1014 14:12:41.157666  7467 demo_inner.hpp:260]  gui queue size 0, state = running
I1014 14:12:41.173250  7470 work_thread.hpp:81]  [T-Work-Recog_0] Run work: WorkCompare
I1014 14:12:41.173714  7470 work_compare.cpp:76] Compare face: 1 successed, similarity :0.997727, name : images/ThangLMb.jpg, normal size : 1548 * 1719!
I1014 14:12:41.207893  7466 demo_inner.hpp:177] decode queue size 0
I1014 14:12:41.208058  7469 work_thread.hpp:81]  [T-Work-Detect_0] Run work: WorkDetect
I1014 14:12:41.208096  7469 work_detect.cpp:102] Succeeded to add det start for frame 184
I1014 14:12:41.214872  7469 work_detect.cpp:70] Frame :184 detect result :1 face(s)
I1014 14:12:41.214917  7469 work_detect.cpp:86] Detected bbox: [171 x 222 from (233, 131)]
I1014 14:12:41.214962  7469 work_detect.cpp:120] Succeeded to add det end for frame 184
I1014 14:12:41.214978  7469 work_thread.hpp:81]  [T-Work-Detect_0] Run work: WrokTrack
I1014 14:12:41.215010  7469 work_track.cpp:82] Frame: 184 build input_characts: [0.267188 x 0.616667 from (0.364062, 0.363889)], 1.00035, 0
I1014 14:12:41.215137  7469 work_track.cpp:102] Succeeded to set track lock for frame 184
I1014 14:12:41.215178  7469 work_track.cpp:116] Succeeded to release track lock for frame 184
I1014 14:12:41.215193  7469 work_track.cpp:120] Track results of frame 184: 1 objects input, 1 objects tracked!
I1014 14:12:41.215211  7469 work_track.cpp:148] Frame: 184, track bbox: [171 x 222 from (231.028, 131.029)], gid: 1, lid: 0
I1014 14:12:41.215248  7469 work_thread.hpp:87]  [T-Work-Detect_0] Frame :184 split
I1014 14:12:41.215266  7469 work_thread.hpp:119]  [T-Work-Detect_0] Valid piece: gid = 1
I1014 14:12:41.215284  7469 work_thread.hpp:91]  [T-Work-Detect_0] Push to split queue:recog
I1014 14:12:41.215334  7472 thread_intergrate.hpp:78] [T-Intergrate-intergrate] queue: frame output frame :184
I1014 14:12:41.215344  7470 work_thread.hpp:81]  [T-Work-Recog_0] Run work: WorkCapture
I1014 14:12:41.215360  7472 thread_intergrate.hpp:85] [T-Intergrate-intergrate] queue: compare output face:1
I1014 14:12:41.215379  7472 thread_intergrate.hpp:137] T-Intergrate-intergrate set matched face: 1
I1014 14:12:41.215919  7470 work_thread.hpp:81]  [T-Work-Recog_0] Run work: WorkRecog
I1014 14:12:41.215946  7470 work_recog.hpp:89] Face id: 1 will run recog: bbox [171 x 222 from (233, 131)] quality: 0.468899
I1014 14:12:41.215976  7470 work_recog.hpp:96] Recog pair: [248 x 280 from (192, 80)], [171 x 222 from (41, 51)]
I1014 14:12:41.216816  7472 thread_intergrate.hpp:157] T-Intergrate-intergrate Show face :1, size :640 * 360
I1014 14:12:41.217350  7468 demo_inner.hpp:435] thread [SORT-0]  frame id 184 sorting queue size 0   FPS: 16.8776
I1014 14:12:41.217427  7467 demo_inner.hpp:260]  gui queue size 0, state = running
I1014 14:12:41.233700  7470 work_thread.hpp:81]  [T-Work-Recog_0] Run work: WorkCompare
I1014 14:12:41.234169  7470 work_compare.cpp:76] Compare face: 1 successed, similarity :0.99636, name : images/ThangLMb.jpg, normal size : 1548 * 1719!
I1014 14:12:41.267983  7466 demo_inner.hpp:177] decode queue size 0
I1014 14:12:41.268107  7469 work_thread.hpp:81]  [T-Work-Detect_0] Run work: WorkDetect
I1014 14:12:41.268143  7469 work_detect.cpp:102] Succeeded to add det start for frame 185
I1014 14:12:41.274899  7469 work_detect.cpp:70] Frame :185 detect result :1 face(s)
I1014 14:12:41.274953  7469 work_detect.cpp:86] Detected bbox: [161 x 224 from (231, 131)]
I1014 14:12:41.274997  7469 work_detect.cpp:120] Succeeded to add det end for frame 185
I1014 14:12:41.275014  7469 work_thread.hpp:81]  [T-Work-Detect_0] Run work: WrokTrack
I1014 14:12:41.275039  7469 work_track.cpp:82] Frame: 185 build input_characts: [0.251563 x 0.622222 from (0.360938, 0.363889)], 1.00019, 0
I1014 14:12:41.275094  7469 work_track.cpp:102] Succeeded to set track lock for frame 185
I1014 14:12:41.275132  7469 work_track.cpp:116] Succeeded to release track lock for frame 185
I1014 14:12:41.275146  7469 work_track.cpp:120] Track results of frame 185: 1 objects input, 1 objects tracked!
I1014 14:12:41.275164  7469 work_track.cpp:148] Frame: 185, track bbox: [161 x 224 from (234.487, 130.948)], gid: 1, lid: 0
I1014 14:12:41.275202  7469 work_thread.hpp:87]  [T-Work-Detect_0] Frame :185 split
I1014 14:12:41.275219  7469 work_thread.hpp:119]  [T-Work-Detect_0] Valid piece: gid = 1
I1014 14:12:41.275238  7469 work_thread.hpp:91]  [T-Work-Detect_0] Push to split queue:recog
I1014 14:12:41.275288  7472 thread_intergrate.hpp:78] [T-Intergrate-intergrate] queue: frame output frame :185
I1014 14:12:41.275300  7470 work_thread.hpp:81]  [T-Work-Recog_0] Run work: WorkCapture
I1014 14:12:41.275315  7472 thread_intergrate.hpp:85] [T-Intergrate-intergrate] queue: compare output face:1
I1014 14:12:41.275333  7472 thread_intergrate.hpp:137] T-Intergrate-intergrate set matched face: 1
I1014 14:12:41.275864  7470 work_thread.hpp:81]  [T-Work-Recog_0] Run work: WorkRecog
I1014 14:12:41.275889  7470 work_recog.hpp:89] Face id: 1 will run recog: bbox [161 x 224 from (231, 131)] quality: 0.476108
I1014 14:12:41.275919  7470 work_recog.hpp:96] Recog pair: [232 x 280 from (192, 80)], [161 x 224 from (39, 51)]
I1014 14:12:41.276762  7472 thread_intergrate.hpp:157] T-Intergrate-intergrate Show face :1, size :640 * 360
I1014 14:12:41.277285  7468 demo_inner.hpp:435] thread [SORT-0]  frame id 185 sorting queue size 0   FPS: 16.8275
I1014 14:12:41.277369  7467 demo_inner.hpp:260]  gui queue size 0, state = running
I1014 14:12:41.293761  7470 work_thread.hpp:81]  [T-Work-Recog_0] Run work: WorkCompare
I1014 14:12:41.294230  7470 work_compare.cpp:76] Compare face: 1 successed, similarity :0.99615, name : images/ThangLMb.jpg, normal size : 1548 * 1719!
I1014 14:12:41.328095  7466 demo_inner.hpp:177] decode queue size 0
I1014 14:12:41.328225  7469 work_thread.hpp:81]  [T-Work-Detect_0] Run work: WorkDetect
I1014 14:12:41.328263  7469 work_detect.cpp:102] Succeeded to add det start for frame 186
I1014 14:12:41.334975  7469 work_detect.cpp:70] Frame :186 detect result :1 face(s)
I1014 14:12:41.335019  7469 work_detect.cpp:86] Detected bbox: [162 x 223 from (230, 132)]
I1014 14:12:41.335063  7469 work_detect.cpp:120] Succeeded to add det end for frame 186
I1014 14:12:41.335080  7469 work_thread.hpp:81]  [T-Work-Detect_0] Run work: WrokTrack
I1014 14:12:41.335104  7469 work_track.cpp:82] Frame: 186 build input_characts: [0.253125 x 0.619444 from (0.359375, 0.366667)], 0.999622, 0
I1014 14:12:41.335160  7469 work_track.cpp:102] Succeeded to set track lock for frame 186
I1014 14:12:41.335199  7469 work_track.cpp:116] Succeeded to release track lock for frame 186
I1014 14:12:41.335213  7469 work_track.cpp:120] Track results of frame 186: 1 objects input, 1 objects tracked!
I1014 14:12:41.335232  7469 work_track.cpp:148] Frame: 186, track bbox: [162 x 223 from (232.076, 132.195)], gid: 1, lid: 0
I1014 14:12:41.335268  7469 work_thread.hpp:87]  [T-Work-Detect_0] Frame :186 split
I1014 14:12:41.335286  7469 work_thread.hpp:119]  [T-Work-Detect_0] Valid piece: gid = 1
I1014 14:12:41.335304  7469 work_thread.hpp:91]  [T-Work-Detect_0] Push to split queue:recog
I1014 14:12:41.335356  7472 thread_intergrate.hpp:78] [T-Intergrate-intergrate] queue: frame output frame :186
I1014 14:12:41.335366  7470 work_thread.hpp:81]  [T-Work-Recog_0] Run work: WorkCapture
I1014 14:12:41.335383  7472 thread_intergrate.hpp:85] [T-Intergrate-intergrate] queue: compare output face:1
I1014 14:12:41.335402  7472 thread_intergrate.hpp:137] T-Intergrate-intergrate set matched face: 1
I1014 14:12:41.335932  7470 work_thread.hpp:81]  [T-Work-Recog_0] Run work: WorkRecog
I1014 14:12:41.335958  7470 work_recog.hpp:89] Face id: 1 will run recog: bbox [162 x 223 from (230, 132)] quality: 0.463467
I1014 14:12:41.335988  7470 work_recog.hpp:96] Recog pair: [232 x 272 from (192, 88)], [162 x 223 from (38, 44)]
I1014 14:12:41.336830  7472 thread_intergrate.hpp:157] T-Intergrate-intergrate Show face :1, size :640 * 360
I1014 14:12:41.337304  7468 demo_inner.hpp:435] thread [SORT-0]  frame id 186 sorting queue size 0   FPS: 16.7777
I1014 14:12:41.337384  7467 demo_inner.hpp:260]  gui queue size 0, state = running
I1014 14:12:41.353675  7470 work_thread.hpp:81]  [T-Work-Recog_0] Run work: WorkCompare
I1014 14:12:41.354146  7470 work_compare.cpp:76] Compare face: 1 successed, similarity :0.995836, name : images/ThangLMb.jpg, normal size : 1548 * 1719!
I1014 14:12:41.387914  7466 demo_inner.hpp:177] decode queue size 0
I1014 14:12:41.388075  7469 work_thread.hpp:81]  [T-Work-Detect_0] Run work: WorkDetect
I1014 14:12:41.388111  7469 work_detect.cpp:102] Succeeded to add det start for frame 187
I1014 14:12:41.394845  7469 work_detect.cpp:70] Frame :187 detect result :1 face(s)
I1014 14:12:41.394891  7469 work_detect.cpp:86] Detected bbox: [167 x 227 from (228, 130)]
I1014 14:12:41.394934  7469 work_detect.cpp:120] Succeeded to add det end for frame 187
I1014 14:12:41.394950  7469 work_thread.hpp:81]  [T-Work-Detect_0] Run work: WrokTrack
I1014 14:12:41.394974  7469 work_track.cpp:82] Frame: 187 build input_characts: [0.260938 x 0.630556 from (0.35625, 0.361111)], 1.00019, 0
I1014 14:12:41.395030  7469 work_track.cpp:102] Succeeded to set track lock for frame 187
I1014 14:12:41.395160  7469 work_track.cpp:116] Succeeded to release track lock for frame 187
I1014 14:12:41.395176  7469 work_track.cpp:120] Track results of frame 187: 1 objects input, 1 objects tracked!
I1014 14:12:41.395195  7469 work_track.cpp:148] Frame: 187, track bbox: [167 x 227 from (227.247, 130.573)], gid: 1, lid: 0
I1014 14:12:41.395231  7469 work_thread.hpp:87]  [T-Work-Detect_0] Frame :187 split
I1014 14:12:41.395249  7469 work_thread.hpp:119]  [T-Work-Detect_0] Valid piece: gid = 1
I1014 14:12:41.395267  7469 work_thread.hpp:91]  [T-Work-Detect_0] Push to split queue:recog
I1014 14:12:41.395319  7472 thread_intergrate.hpp:78] [T-Intergrate-intergrate] queue: frame output frame :187
I1014 14:12:41.395328  7470 work_thread.hpp:81]  [T-Work-Recog_0] Run work: WorkCapture
I1014 14:12:41.395345  7472 thread_intergrate.hpp:85] [T-Intergrate-intergrate] queue: compare output face:1
I1014 14:12:41.395364  7472 thread_intergrate.hpp:137] T-Intergrate-intergrate set matched face: 1
I1014 14:12:41.395900  7470 work_thread.hpp:81]  [T-Work-Recog_0] Run work: WorkRecog
I1014 14:12:41.395925  7470 work_recog.hpp:89] Face id: 1 will run recog: bbox [167 x 227 from (228, 130)] quality: 0.459322
I1014 14:12:41.395954  7470 work_recog.hpp:96] Recog pair: [240 x 280 from (192, 80)], [167 x 227 from (36, 50)]
I1014 14:12:41.396800  7472 thread_intergrate.hpp:157] T-Intergrate-intergrate Show face :1, size :640 * 360
I1014 14:12:41.397352  7468 demo_inner.hpp:435] thread [SORT-0]  frame id 187 sorting queue size 0   FPS: 16.7529
I1014 14:12:41.397430  7467 demo_inner.hpp:260]  gui queue size 0, state = running
I1014 14:12:41.413702  7470 work_thread.hpp:81]  [T-Work-Recog_0] Run work: WorkCompare
I1014 14:12:41.414175  7470 work_compare.cpp:76] Compare face: 1 successed, similarity :0.995835, name : images/ThangLMb.jpg, normal size : 1548 * 1719!
I1014 14:12:41.448096  7466 demo_inner.hpp:177] decode queue size 0
I1014 14:12:41.448220  7469 work_thread.hpp:81]  [T-Work-Detect_0] Run work: WorkDetect
I1014 14:12:41.448256  7469 work_detect.cpp:102] Succeeded to add det start for frame 188
I1014 14:12:41.454962  7469 work_detect.cpp:70] Frame :188 detect result :1 face(s)
I1014 14:12:41.455010  7469 work_detect.cpp:86] Detected bbox: [176 x 223 from (232, 131)]
I1014 14:12:41.455054  7469 work_detect.cpp:120] Succeeded to add det end for frame 188
I1014 14:12:41.455070  7469 work_thread.hpp:81]  [T-Work-Detect_0] Run work: WrokTrack
I1014 14:12:41.455096  7469 work_track.cpp:82] Frame: 188 build input_characts: [0.275 x 0.619444 from (0.3625, 0.363889)], 1.00035, 0
I1014 14:12:41.455152  7469 work_track.cpp:102] Succeeded to set track lock for frame 188
I1014 14:12:41.455190  7469 work_track.cpp:116] Succeeded to release track lock for frame 188
I1014 14:12:41.455205  7469 work_track.cpp:120] Track results of frame 188: 1 objects input, 1 objects tracked!
I1014 14:12:41.455224  7469 work_track.cpp:148] Frame: 188, track bbox: [176 x 223 from (227.506, 131.793)], gid: 1, lid: 0
I1014 14:12:41.455258  7469 work_thread.hpp:87]  [T-Work-Detect_0] Frame :188 split
I1014 14:12:41.455276  7469 work_thread.hpp:119]  [T-Work-Detect_0] Valid piece: gid = 1
I1014 14:12:41.455294  7469 work_thread.hpp:91]  [T-Work-Detect_0] Push to split queue:recog
I1014 14:12:41.455346  7472 thread_intergrate.hpp:78] [T-Intergrate-intergrate] queue: frame output frame :188
I1014 14:12:41.455356  7470 work_thread.hpp:81]  [T-Work-Recog_0] Run work: WorkCapture
I1014 14:12:41.455374  7472 thread_intergrate.hpp:85] [T-Intergrate-intergrate] queue: compare output face:1
I1014 14:12:41.455391  7472 thread_intergrate.hpp:137] T-Intergrate-intergrate set matched face: 1
I1014 14:12:41.455925  7470 work_thread.hpp:81]  [T-Work-Recog_0] Run work: WorkRecog
I1014 14:12:41.455950  7470 work_recog.hpp:89] Face id: 1 will run recog: bbox [176 x 223 from (232, 131)] quality: 0.46058
I1014 14:12:41.455979  7470 work_recog.hpp:96] Recog pair: [256 x 280 from (192, 80)], [176 x 223 from (40, 51)]
I1014 14:12:41.456826  7472 thread_intergrate.hpp:157] T-Intergrate-intergrate Show face :1, size :640 * 360
I1014 14:12:41.461674  7468 demo_inner.hpp:435] thread [SORT-0]  frame id 188 sorting queue size 0   FPS: 16.6871
I1014 14:12:41.461781  7467 demo_inner.hpp:260]  gui queue size 0, state = running
I1014 14:12:41.473683  7470 work_thread.hpp:81]  [T-Work-Recog_0] Run work: WorkCompare
I1014 14:12:41.474154  7470 work_compare.cpp:76] Compare face: 1 successed, similarity :0.994187, name : images/ThangLMb.jpg, normal size : 1548 * 1719!
I1014 14:12:41.509364  7466 demo_inner.hpp:177] decode queue size 0
I1014 14:12:41.509476  7469 work_thread.hpp:81]  [T-Work-Detect_0] Run work: WorkDetect
I1014 14:12:41.509521  7469 work_detect.cpp:102] Succeeded to add det start for frame 189
I1014 14:12:41.516211  7469 work_detect.cpp:70] Frame :189 detect result :1 face(s)
I1014 14:12:41.516255  7469 work_detect.cpp:86] Detected bbox: [174 x 220 from (234, 136)]
I1014 14:12:41.516297  7469 work_detect.cpp:120] Succeeded to add det end for frame 189
I1014 14:12:41.516314  7469 work_thread.hpp:81]  [T-Work-Detect_0] Run work: WrokTrack
I1014 14:12:41.516338  7469 work_track.cpp:82] Frame: 189 build input_characts: [0.271875 x 0.611111 from (0.365625, 0.377778)], 1.00019, 0
I1014 14:12:41.516393  7469 work_track.cpp:102] Succeeded to set track lock for frame 189
I1014 14:12:41.516433  7469 work_track.cpp:116] Succeeded to release track lock for frame 189
I1014 14:12:41.516448  7469 work_track.cpp:120] Track results of frame 189: 1 objects input, 1 objects tracked!
I1014 14:12:41.516466  7469 work_track.cpp:148] Frame: 189, track bbox: [174 x 220 from (231.336, 134.743)], gid: 1, lid: 0
I1014 14:12:41.516502  7469 work_thread.hpp:87]  [T-Work-Detect_0] Frame :189 split
I1014 14:12:41.516520  7469 work_thread.hpp:119]  [T-Work-Detect_0] Valid piece: gid = 1
I1014 14:12:41.516539  7469 work_thread.hpp:91]  [T-Work-Detect_0] Push to split queue:recog
I1014 14:12:41.516583  7471 work_thread.hpp:81]  [T-Work-Recog_1] Run work: WorkCapture
I1014 14:12:41.516597  7472 thread_intergrate.hpp:78] [T-Intergrate-intergrate] queue: frame output frame :189
I1014 14:12:41.516621  7472 thread_intergrate.hpp:85] [T-Intergrate-intergrate] queue: compare output face:1
I1014 14:12:41.516639  7472 thread_intergrate.hpp:137] T-Intergrate-intergrate set matched face: 1
I1014 14:12:41.517161  7471 work_thread.hpp:81]  [T-Work-Recog_1] Run work: WorkRecog
I1014 14:12:41.517187  7471 work_recog.hpp:89] Face id: 1 will run recog: bbox [174 x 220 from (234, 136)] quality: 0.438967
I1014 14:12:41.517225  7471 work_recog.hpp:96] Recog pair: [248 x 272 from (200, 88)], [174 x 220 from (34, 48)]
I1014 14:12:41.518071  7472 thread_intergrate.hpp:157] T-Intergrate-intergrate Show face :1, size :640 * 360
I1014 14:12:41.518648  7468 demo_inner.hpp:435] thread [SORT-0]  frame id 189 sorting queue size 0   FPS: 16.6626
I1014 14:12:41.518730  7467 demo_inner.hpp:260]  gui queue size 0, state = running
I1014 14:12:41.534874  7471 work_thread.hpp:81]  [T-Work-Recog_1] Run work: WorkCompare
I1014 14:12:41.535338  7471 work_compare.cpp:76] Compare face: 1 successed, similarity :0.994652, name : images/ThangLMb.jpg, normal size : 1548 * 1719!
I1014 14:12:41.566107  7466 demo_inner.hpp:177] decode queue size 0
I1014 14:12:41.566210  7469 work_thread.hpp:81]  [T-Work-Detect_0] Run work: WorkDetect
I1014 14:12:41.566246  7469 work_detect.cpp:102] Succeeded to add det start for frame 190
I1014 14:12:41.572999  7469 work_detect.cpp:70] Frame :190 detect result :1 face(s)
I1014 14:12:41.573041  7469 work_detect.cpp:86] Detected bbox: [174 x 218 from (234, 137)]
I1014 14:12:41.573083  7469 work_detect.cpp:120] Succeeded to add det end for frame 190
I1014 14:12:41.573101  7469 work_thread.hpp:81]  [T-Work-Detect_0] Run work: WrokTrack
I1014 14:12:41.573124  7469 work_track.cpp:82] Frame: 190 build input_characts: [0.271875 x 0.605556 from (0.365625, 0.380556)], 1.00019, 0
I1014 14:12:41.573176  7469 work_track.cpp:102] Succeeded to set track lock for frame 190
I1014 14:12:41.573216  7469 work_track.cpp:116] Succeeded to release track lock for frame 190
I1014 14:12:41.573303  7469 work_track.cpp:120] Track results of frame 190: 1 objects input, 1 objects tracked!
I1014 14:12:41.573324  7469 work_track.cpp:148] Frame: 190, track bbox: [174 x 218 from (235.132, 136.623)], gid: 1, lid: 0
I1014 14:12:41.573361  7469 work_thread.hpp:87]  [T-Work-Detect_0] Frame :190 split
I1014 14:12:41.573379  7469 work_thread.hpp:119]  [T-Work-Detect_0] Valid piece: gid = 1
I1014 14:12:41.573396  7469 work_thread.hpp:91]  [T-Work-Detect_0] Push to split queue:recog
I1014 14:12:41.573449  7470 work_thread.hpp:81]  [T-Work-Recog_0] Run work: WorkCapture
I1014 14:12:41.573751  7472 thread_intergrate.hpp:78] [T-Intergrate-intergrate] queue: frame output frame :190
I1014 14:12:41.573776  7472 thread_intergrate.hpp:85] [T-Intergrate-intergrate] queue: compare output face:1
I1014 14:12:41.573794  7472 thread_intergrate.hpp:137] T-Intergrate-intergrate set matched face: 1
I1014 14:12:41.574035  7470 work_thread.hpp:81]  [T-Work-Recog_0] Run work: WorkRecog
I1014 14:12:41.574059  7470 work_recog.hpp:89] Face id: 1 will run recog: bbox [174 x 218 from (234, 137)] quality: 0.450847
I1014 14:12:41.574084  7470 work_recog.hpp:96] Recog pair: [248 x 272 from (200, 88)], [174 x 218 from (34, 49)]
I1014 14:12:41.577149  7472 thread_intergrate.hpp:157] T-Intergrate-intergrate Show face :1, size :640 * 360
I1014 14:12:41.577771  7468 demo_inner.hpp:435] thread [SORT-0]  frame id 190 sorting queue size 0   FPS: 16.6626
I1014 14:12:41.577849  7467 demo_inner.hpp:260]  gui queue size 0, state = running
I1014 14:12:41.591791  7470 work_thread.hpp:81]  [T-Work-Recog_0] Run work: WorkCompare
I1014 14:12:41.592278  7470 work_compare.cpp:76] Compare face: 1 successed, similarity :0.997399, name : images/ThangLMb.jpg, normal size : 1548 * 1719!
I1014 14:12:41.626063  7466 demo_inner.hpp:177] decode queue size 0
I1014 14:12:41.626157  7469 work_thread.hpp:81]  [T-Work-Detect_0] Run work: WorkDetect
I1014 14:12:41.626191  7469 work_detect.cpp:102] Succeeded to add det start for frame 191
I1014 14:12:41.632850  7469 work_detect.cpp:70] Frame :191 detect result :1 face(s)
W1014 14:12:41.632891  7469 work_detect.cpp:83] Invalid bbox: [160 x 211 from (232, 155)]
I1014 14:12:41.633014  7469 work_detect.cpp:120] Succeeded to add det end for frame 191
I1014 14:12:41.633033  7469 work_thread.hpp:81]  [T-Work-Detect_0] Run work: WrokTrack
I1014 14:12:41.633059  7469 work_track.cpp:102] Succeeded to set track lock for frame 191
I1014 14:12:41.633093  7469 work_track.cpp:116] Succeeded to release track lock for frame 191
I1014 14:12:41.633108  7469 work_track.cpp:120] Track results of frame 191: 0 objects input, 1 objects tracked!
I1014 14:12:41.633126  7469 work_track.cpp:148] Frame: 191, track bbox: [174 x 218 from (237.587, 137.239)], gid: 1, lid: -1
I1014 14:12:41.633177  7469 work_thread.hpp:87]  [T-Work-Detect_0] Frame :191 split
I1014 14:12:41.633224  7472 thread_intergrate.hpp:78] [T-Intergrate-intergrate] queue: frame output frame :191
I1014 14:12:41.633253  7472 thread_intergrate.hpp:85] [T-Intergrate-intergrate] queue: compare output face:1
I1014 14:12:41.633271  7472 thread_intergrate.hpp:137] T-Intergrate-intergrate set matched face: 1
I1014 14:12:41.634650  7472 thread_intergrate.hpp:157] T-Intergrate-intergrate Show face :1, size :640 * 360
I1014 14:12:41.635143  7468 demo_inner.hpp:435] thread [SORT-0]  frame id 191 sorting queue size 0   FPS: 16.6748
I1014 14:12:41.635215  7467 demo_inner.hpp:260]  gui queue size 0, state = running
I1014 14:12:41.686110  7466 demo_inner.hpp:177] decode queue size 0
I1014 14:12:41.686210  7469 work_thread.hpp:81]  [T-Work-Detect_0] Run work: WorkDetect
I1014 14:12:41.686244  7469 work_detect.cpp:102] Succeeded to add det start for frame 192
I1014 14:12:41.693118  7469 work_detect.cpp:70] Frame :192 detect result :1 face(s)
I1014 14:12:41.693166  7469 work_detect.cpp:86] Detected bbox: [175 x 230 from (227, 129)]
I1014 14:12:41.693210  7469 work_detect.cpp:120] Succeeded to add det end for frame 192
I1014 14:12:41.693228  7469 work_thread.hpp:81]  [T-Work-Detect_0] Run work: WrokTrack
I1014 14:12:41.693325  7469 work_track.cpp:82] Frame: 192 build input_characts: [0.273438 x 0.638889 from (0.354688, 0.358333)], 1.00019, 0
I1014 14:12:41.693379  7469 work_track.cpp:102] Succeeded to set track lock for frame 192
I1014 14:12:41.693418  7469 work_track.cpp:116] Succeeded to release track lock for frame 192
I1014 14:12:41.693434  7469 work_track.cpp:120] Track results of frame 192: 1 objects input, 1 objects tracked!
I1014 14:12:41.693451  7469 work_track.cpp:148] Frame: 192, track bbox: [175 x 229.812 from (232.074, 130.188)], gid: 1, lid: 0
I1014 14:12:41.693487  7469 work_thread.hpp:87]  [T-Work-Detect_0] Frame :192 split
I1014 14:12:41.693506  7469 work_thread.hpp:119]  [T-Work-Detect_0] Valid piece: gid = 1
I1014 14:12:41.693523  7469 work_thread.hpp:91]  [T-Work-Detect_0] Push to split queue:recog
I1014 14:12:41.693573  7471 work_thread.hpp:81]  [T-Work-Recog_1] Run work: WorkCapture
I1014 14:12:41.693876  7472 thread_intergrate.hpp:78] [T-Intergrate-intergrate] queue: frame output frame :192
I1014 14:12:41.694124  7471 work_thread.hpp:81]  [T-Work-Recog_1] Run work: WorkRecog
I1014 14:12:41.694146  7471 work_recog.hpp:89] Face id: 1 will run recog: bbox [175 x 230 from (227, 129)] quality: 0.471074
I1014 14:12:41.694172  7471 work_recog.hpp:96] Recog pair: [248 x 280 from (192, 80)], [175 x 230 from (35, 49)]
I1014 14:12:41.695016  7472 thread_intergrate.hpp:157] T-Intergrate-intergrate Show face :1, size :640 * 360
I1014 14:12:41.695514  7468 demo_inner.hpp:435] thread [SORT-0]  frame id 192 sorting queue size 0   FPS: 16.6708
I1014 14:12:41.695588  7467 demo_inner.hpp:260]  gui queue size 0, state = running
I1014 14:12:41.711886  7471 work_thread.hpp:81]  [T-Work-Recog_1] Run work: WorkCompare
I1014 14:12:41.712368  7471 work_compare.cpp:76] Compare face: 1 successed, similarity :0.994626, name : images/ThangLMb.jpg, normal size : 1548 * 1719!
I1014 14:12:41.746078  7466 demo_inner.hpp:177] decode queue size 0
I1014 14:12:41.746173  7469 work_thread.hpp:81]  [T-Work-Detect_0] Run work: WorkDetect
I1014 14:12:41.746206  7469 work_detect.cpp:102] Succeeded to add det start for frame 193
I1014 14:12:41.752955  7469 work_detect.cpp:70] Frame :193 detect result :1 face(s)
W1014 14:12:41.753001  7469 work_detect.cpp:83] Invalid bbox: [167 x 212 from (239, 156)]
I1014 14:12:41.753098  7469 work_detect.cpp:120] Succeeded to add det end for frame 193
I1014 14:12:41.753116  7469 work_thread.hpp:81]  [T-Work-Detect_0] Run work: WrokTrack
I1014 14:12:41.753144  7469 work_track.cpp:102] Succeeded to set track lock for frame 193
I1014 14:12:41.753177  7469 work_track.cpp:116] Succeeded to release track lock for frame 193
I1014 14:12:41.753191  7469 work_track.cpp:120] Track results of frame 193: 0 objects input, 1 objects tracked!
I1014 14:12:41.753209  7469 work_track.cpp:148] Frame: 193, track bbox: [175 x 229.531 from (232.996, 130.469)], gid: 1, lid: -1
I1014 14:12:41.753260  7469 work_thread.hpp:87]  [T-Work-Detect_0] Frame :193 split
I1014 14:12:41.753311  7472 thread_intergrate.hpp:78] [T-Intergrate-intergrate] queue: frame output frame :193
I1014 14:12:41.753340  7472 thread_intergrate.hpp:85] [T-Intergrate-intergrate] queue: compare output face:1
I1014 14:12:41.753360  7472 thread_intergrate.hpp:137] T-Intergrate-intergrate set matched face: 1
I1014 14:12:41.754726  7472 thread_intergrate.hpp:157] T-Intergrate-intergrate Show face :1, size :640 * 360
I1014 14:12:41.755237  7468 demo_inner.hpp:435] thread [SORT-0]  frame id 193 sorting queue size 0   FPS: 16.6708
I1014 14:12:41.755316  7467 demo_inner.hpp:260]  gui queue size 0, state = running
I1014 14:12:41.806176  7466 demo_inner.hpp:177] decode queue size 0
I1014 14:12:41.806274  7469 work_thread.hpp:81]  [T-Work-Detect_0] Run work: WorkDetect
I1014 14:12:41.806308  7469 work_detect.cpp:102] Succeeded to add det start for frame 194
I1014 14:12:41.812981  7469 work_detect.cpp:70] Frame :194 detect result :1 face(s)
I1014 14:12:41.813021  7469 work_detect.cpp:86] Detected bbox: [176 x 219 from (235, 138)]
I1014 14:12:41.813064  7469 work_detect.cpp:120] Succeeded to add det end for frame 194
I1014 14:12:41.813161  7469 work_thread.hpp:81]  [T-Work-Detect_0] Run work: WrokTrack
I1014 14:12:41.813186  7469 work_track.cpp:82] Frame: 194 build input_characts: [0.275 x 0.608333 from (0.367188, 0.383333)], 1.00019, 0
I1014 14:12:41.813242  7469 work_track.cpp:102] Succeeded to set track lock for frame 194
I1014 14:12:41.813282  7469 work_track.cpp:116] Succeeded to release track lock for frame 194
I1014 14:12:41.813297  7469 work_track.cpp:120] Track results of frame 194: 1 objects input, 1 objects tracked!
I1014 14:12:41.813315  7469 work_track.cpp:148] Frame: 194, track bbox: [176 x 219 from (233.503, 137.362)], gid: 1, lid: 0
I1014 14:12:41.813352  7469 work_thread.hpp:87]  [T-Work-Detect_0] Frame :194 split
I1014 14:12:41.813370  7469 work_thread.hpp:119]  [T-Work-Detect_0] Valid piece: gid = 1
I1014 14:12:41.813388  7469 work_thread.hpp:91]  [T-Work-Detect_0] Push to split queue:recog
I1014 14:12:41.813439  7470 work_thread.hpp:81]  [T-Work-Recog_0] Run work: WorkCapture
I1014 14:12:41.813740  7472 thread_intergrate.hpp:78] [T-Intergrate-intergrate] queue: frame output frame :194
I1014 14:12:41.814019  7470 work_thread.hpp:81]  [T-Work-Recog_0] Run work: WorkRecog
I1014 14:12:41.814043  7470 work_recog.hpp:89] Face id: 1 will run recog: bbox [176 x 219 from (235, 138)] quality: 0.415751
I1014 14:12:41.814069  7470 work_recog.hpp:96] Recog pair: [248 x 272 from (200, 88)], [176 x 219 from (35, 50)]
I1014 14:12:41.814878  7472 thread_intergrate.hpp:157] T-Intergrate-intergrate Show face :1, size :640 * 360
I1014 14:12:41.815368  7468 demo_inner.hpp:435] thread [SORT-0]  frame id 194 sorting queue size 0   FPS: 16.6708
I1014 14:12:41.815438  7467 demo_inner.hpp:260]  gui queue size 0, state = running
I1014 14:12:41.831739  7470 work_thread.hpp:81]  [T-Work-Recog_0] Run work: WorkCompare
I1014 14:12:41.832213  7470 work_compare.cpp:76] Compare face: 1 successed, similarity :0.995138, name : images/ThangLMb.jpg, normal size : 1548 * 1719!
I1014 14:12:41.866163  7466 demo_inner.hpp:177] decode queue size 0
I1014 14:12:41.866261  7469 work_thread.hpp:81]  [T-Work-Detect_0] Run work: WorkDetect
I1014 14:12:41.866297  7469 work_detect.cpp:102] Succeeded to add det start for frame 195
I1014 14:12:41.872977  7469 work_detect.cpp:70] Frame :195 detect result :1 face(s)
I1014 14:12:41.873018  7469 work_detect.cpp:86] Detected bbox: [176 x 218 from (236, 137)]
I1014 14:12:41.873060  7469 work_detect.cpp:120] Succeeded to add det end for frame 195
I1014 14:12:41.873076  7469 work_thread.hpp:81]  [T-Work-Detect_0] Run work: WrokTrack
I1014 14:12:41.873100  7469 work_track.cpp:82] Frame: 195 build input_characts: [0.275 x 0.605556 from (0.36875, 0.380556)], 1.00019, 0
I1014 14:12:41.873155  7469 work_track.cpp:102] Succeeded to set track lock for frame 195
I1014 14:12:41.873195  7469 work_track.cpp:116] Succeeded to release track lock for frame 195
I1014 14:12:41.873209  7469 work_track.cpp:120] Track results of frame 195: 1 objects input, 1 objects tracked!
I1014 14:12:41.873229  7469 work_track.cpp:148] Frame: 195, track bbox: [176 x 218 from (234.011, 137.673)], gid: 1, lid: 0
I1014 14:12:41.873265  7469 work_thread.hpp:87]  [T-Work-Detect_0] Frame :195 split
I1014 14:12:41.873282  7469 work_thread.hpp:119]  [T-Work-Detect_0] Valid piece: gid = 1
I1014 14:12:41.873301  7469 work_thread.hpp:91]  [T-Work-Detect_0] Push to split queue:recog
I1014 14:12:41.873347  7471 work_thread.hpp:81]  [T-Work-Recog_1] Run work: WorkCapture
I1014 14:12:41.873641  7472 thread_intergrate.hpp:78] [T-Intergrate-intergrate] queue: frame output frame :195
I1014 14:12:41.873667  7472 thread_intergrate.hpp:85] [T-Intergrate-intergrate] queue: compare output face:1
I1014 14:12:41.873685  7472 thread_intergrate.hpp:137] T-Intergrate-intergrate set matched face: 1
I1014 14:12:41.875118  7472 thread_intergrate.hpp:157] T-Intergrate-intergrate Show face :1, size :640 * 360
I1014 14:12:41.875337  7471 work_thread.hpp:81]  [T-Work-Recog_1] Run work: WorkRecog
I1014 14:12:41.875365  7471 work_recog.hpp:89] Face id: 1 will run recog: bbox [176 x 218 from (236, 137)] quality: 0.373642
I1014 14:12:41.875474  7471 work_recog.hpp:96] Recog pair: [248 x 272 from (200, 88)], [176 x 218 from (36, 49)]
I1014 14:12:41.875603  7468 demo_inner.hpp:435] thread [SORT-0]  frame id 195 sorting queue size 0   FPS: 16.6748
I1014 14:12:41.875679  7467 demo_inner.hpp:260]  gui queue size 0, state = running
I1014 14:12:41.892964  7471 work_thread.hpp:81]  [T-Work-Recog_1] Run work: WorkCompare
I1014 14:12:41.893427  7471 work_compare.cpp:76] Compare face: 1 successed, similarity :0.993622, name : images/ThangLMb.jpg, normal size : 1548 * 1719!
I1014 14:12:41.926098  7466 demo_inner.hpp:177] decode queue size 0
I1014 14:12:41.926201  7469 work_thread.hpp:81]  [T-Work-Detect_0] Run work: WorkDetect
I1014 14:12:41.926236  7469 work_detect.cpp:102] Succeeded to add det start for frame 196
I1014 14:12:41.932963  7469 work_detect.cpp:70] Frame :196 detect result :1 face(s)
W1014 14:12:41.933007  7469 work_detect.cpp:83] Invalid bbox: [161 x 210 from (234, 159)]
I1014 14:12:41.933130  7469 work_detect.cpp:120] Succeeded to add det end for frame 196
I1014 14:12:41.933148  7469 work_thread.hpp:81]  [T-Work-Detect_0] Run work: WrokTrack
I1014 14:12:41.933176  7469 work_track.cpp:102] Succeeded to set track lock for frame 196
I1014 14:12:41.933208  7469 work_track.cpp:116] Succeeded to release track lock for frame 196
I1014 14:12:41.933223  7469 work_track.cpp:120] Track results of frame 196: 0 objects input, 1 objects tracked!
I1014 14:12:41.933240  7469 work_track.cpp:148] Frame: 196, track bbox: [176 x 218 from (234.402, 138.038)], gid: 1, lid: -1
I1014 14:12:41.933291  7469 work_thread.hpp:87]  [T-Work-Detect_0] Frame :196 split
I1014 14:12:41.933334  7472 thread_intergrate.hpp:78] [T-Intergrate-intergrate] queue: frame output frame :196
I1014 14:12:41.933360  7472 thread_intergrate.hpp:85] [T-Intergrate-intergrate] queue: compare output face:1
I1014 14:12:41.933378  7472 thread_intergrate.hpp:137] T-Intergrate-intergrate set matched face: 1
I1014 14:12:41.934742  7472 thread_intergrate.hpp:157] T-Intergrate-intergrate Show face :1, size :640 * 360
I1014 14:12:41.935241  7468 demo_inner.hpp:435] thread [SORT-0]  frame id 196 sorting queue size 0   FPS: 16.6748
I1014 14:12:41.935312  7467 demo_inner.hpp:260]  gui queue size 0, state = running
I1014 14:12:41.986137  7466 demo_inner.hpp:177] decode queue size 0
I1014 14:12:41.986232  7469 work_thread.hpp:81]  [T-Work-Detect_0] Run work: WorkDetect
I1014 14:12:41.986263  7469 work_detect.cpp:102] Succeeded to add det start for frame 197
I1014 14:12:41.992928  7469 work_detect.cpp:70] Frame :197 detect result :1 face(s)
W1014 14:12:41.992974  7469 work_detect.cpp:83] Invalid bbox: [163 x 201 from (243, 164)]
I1014 14:12:41.993074  7469 work_detect.cpp:120] Succeeded to add det end for frame 197
I1014 14:12:41.993093  7469 work_thread.hpp:81]  [T-Work-Detect_0] Run work: WrokTrack
I1014 14:12:41.993120  7469 work_track.cpp:102] Succeeded to set track lock for frame 197
I1014 14:12:41.993152  7469 work_track.cpp:116] Succeeded to release track lock for frame 197
I1014 14:12:41.993166  7469 work_track.cpp:120] Track results of frame 197: 0 objects input, 0 objects tracked!
I1014 14:12:41.993185  7469 work_thread.hpp:87]  [T-Work-Detect_0] Frame :197 split
I1014 14:12:41.993237  7472 thread_intergrate.hpp:78] [T-Intergrate-intergrate] queue: frame output frame :197
I1014 14:12:41.994323  7472 thread_intergrate.hpp:157] T-Intergrate-intergrate Show face :1, size :640 * 360
I1014 14:12:41.994807  7468 demo_inner.hpp:435] thread [SORT-0]  frame id 197 sorting queue size 0   FPS: 16.6748
I1014 14:12:41.994877  7467 demo_inner.hpp:260]  gui queue size 0, state = running
I1014 14:12:42.046082  7466 demo_inner.hpp:177] decode queue size 0
I1014 14:12:42.046177  7469 work_thread.hpp:81]  [T-Work-Detect_0] Run work: WorkDetect
I1014 14:12:42.046211  7469 work_detect.cpp:102] Succeeded to add det start for frame 198
I1014 14:12:42.052862  7469 work_detect.cpp:70] Frame :198 detect result :1 face(s)
W1014 14:12:42.052983  7469 work_detect.cpp:83] Invalid bbox: [166 x 209 from (241, 158)]
I1014 14:12:42.053056  7469 work_detect.cpp:120] Succeeded to add det end for frame 198
I1014 14:12:42.053074  7469 work_thread.hpp:81]  [T-Work-Detect_0] Run work: WrokTrack
I1014 14:12:42.053102  7469 work_track.cpp:102] Succeeded to set track lock for frame 198
I1014 14:12:42.053134  7469 work_track.cpp:116] Succeeded to release track lock for frame 198
I1014 14:12:42.053148  7469 work_track.cpp:120] Track results of frame 198: 0 objects input, 0 objects tracked!
I1014 14:12:42.053167  7469 work_thread.hpp:87]  [T-Work-Detect_0] Frame :198 split
I1014 14:12:42.053220  7472 thread_intergrate.hpp:78] [T-Intergrate-intergrate] queue: frame output frame :198
I1014 14:12:42.054306  7472 thread_intergrate.hpp:157] T-Intergrate-intergrate Show face :1, size :640 * 360
I1014 14:12:42.054791  7468 demo_inner.hpp:435] thread [SORT-0]  frame id 198 sorting queue size 0   FPS: 16.6748
I1014 14:12:42.054863  7467 demo_inner.hpp:260]  gui queue size 0, state = running
I1014 14:12:42.106103  7466 demo_inner.hpp:177] decode queue size 0
I1014 14:12:42.106200  7469 work_thread.hpp:81]  [T-Work-Detect_0] Run work: WorkDetect
I1014 14:12:42.106235  7469 work_detect.cpp:102] Succeeded to add det start for frame 199
I1014 14:12:42.112926  7469 work_detect.cpp:70] Frame :199 detect result :1 face(s)
W1014 14:12:42.112977  7469 work_detect.cpp:83] Invalid bbox: [165 x 208 from (242, 159)]
I1014 14:12:42.113075  7469 work_detect.cpp:120] Succeeded to add det end for frame 199
I1014 14:12:42.113095  7469 work_thread.hpp:81]  [T-Work-Detect_0] Run work: WrokTrack
I1014 14:12:42.113121  7469 work_track.cpp:102] Succeeded to set track lock for frame 199
I1014 14:12:42.113147  7469 work_track.cpp:116] Succeeded to release track lock for frame 199
I1014 14:12:42.113160  7469 work_track.cpp:120] Track results of frame 199: 0 objects input, 0 objects tracked!
I1014 14:12:42.113179  7469 work_thread.hpp:87]  [T-Work-Detect_0] Frame :199 split
I1014 14:12:42.113230  7472 thread_intergrate.hpp:78] [T-Intergrate-intergrate] queue: frame output frame :199
I1014 14:12:42.114317  7472 thread_intergrate.hpp:157] T-Intergrate-intergrate Show face :1, size :640 * 360
I1014 14:12:42.114799  7468 demo_inner.hpp:435] thread [SORT-0]  frame id 199 sorting queue size 0   FPS: 16.6748
I1014 14:12:42.114871  7467 demo_inner.hpp:260]  gui queue size 0, state = running
I1014 14:12:42.166108  7466 demo_inner.hpp:177] decode queue size 0
I1014 14:12:42.166210  7469 work_thread.hpp:81]  [T-Work-Detect_0] Run work: WorkDetect
I1014 14:12:42.166244  7469 work_detect.cpp:102] Succeeded to add det start for frame 200
I1014 14:12:42.172890  7469 work_detect.cpp:70] Frame :200 detect result :1 face(s)
W1014 14:12:42.172931  7469 work_detect.cpp:83] Invalid bbox: [167 x 206 from (241, 161)]
I1014 14:12:42.173030  7469 work_detect.cpp:120] Succeeded to add det end for frame 200
I1014 14:12:42.173048  7469 work_thread.hpp:81]  [T-Work-Detect_0] Run work: WrokTrack
I1014 14:12:42.173075  7469 work_track.cpp:102] Succeeded to set track lock for frame 200
I1014 14:12:42.173102  7469 work_track.cpp:116] Succeeded to release track lock for frame 200
I1014 14:12:42.173116  7469 work_track.cpp:120] Track results of frame 200: 0 objects input, 0 objects tracked!
I1014 14:12:42.173135  7469 work_thread.hpp:87]  [T-Work-Detect_0] Frame :200 split
I1014 14:12:42.173183  7472 thread_intergrate.hpp:78] [T-Intergrate-intergrate] queue: frame output frame :200
I1014 14:12:42.174271  7472 thread_intergrate.hpp:157] T-Intergrate-intergrate Show face :1, size :640 * 360
I1014 14:12:42.174753  7468 demo_inner.hpp:435] thread [SORT-0]  frame id 200 sorting queue size 0   FPS: 16.6748
I1014 14:12:42.174829  7467 demo_inner.hpp:260]  gui queue size 0, state = running
I1014 14:12:42.226482  7466 demo_inner.hpp:177] decode queue size 0
I1014 14:12:42.226579  7469 work_thread.hpp:81]  [T-Work-Detect_0] Run work: WorkDetect
I1014 14:12:42.226613  7469 work_detect.cpp:102] Succeeded to add det start for frame 201
I1014 14:12:42.233321  7469 work_detect.cpp:70] Frame :201 detect result :1 face(s)
W1014 14:12:42.233367  7469 work_detect.cpp:83] Invalid bbox: [161 x 200 from (242, 164)]
I1014 14:12:42.233465  7469 work_detect.cpp:120] Succeeded to add det end for frame 201
I1014 14:12:42.233482  7469 work_thread.hpp:81]  [T-Work-Detect_0] Run work: WrokTrack
I1014 14:12:42.233510  7469 work_track.cpp:102] Succeeded to set track lock for frame 201
I1014 14:12:42.233536  7469 work_track.cpp:116] Succeeded to release track lock for frame 201
I1014 14:12:42.233551  7469 work_track.cpp:120] Track results of frame 201: 0 objects input, 0 objects tracked!
I1014 14:12:42.233569  7469 work_thread.hpp:87]  [T-Work-Detect_0] Frame :201 split
I1014 14:12:42.233619  7472 thread_intergrate.hpp:78] [T-Intergrate-intergrate] queue: frame output frame :201
I1014 14:12:42.234706  7472 thread_intergrate.hpp:157] T-Intergrate-intergrate Show face :1, size :640 * 360
I1014 14:12:42.235203  7468 demo_inner.hpp:435] thread [SORT-0]  frame id 201 sorting queue size 0   FPS: 16.6708
I1014 14:12:42.249022  7467 demo_inner.hpp:260]  gui queue size 0, state = running
I1014 14:12:42.286221  7466 demo_inner.hpp:177] decode queue size 0
I1014 14:12:42.286319  7469 work_thread.hpp:81]  [T-Work-Detect_0] Run work: WorkDetect
I1014 14:12:42.286350  7469 work_detect.cpp:102] Succeeded to add det start for frame 202
I1014 14:12:42.293156  7469 work_detect.cpp:70] Frame :202 detect result :1 face(s)
W1014 14:12:42.293208  7469 work_detect.cpp:83] Invalid bbox: [162 x 206 from (242, 160)]
I1014 14:12:42.293306  7469 work_detect.cpp:120] Succeeded to add det end for frame 202
I1014 14:12:42.293324  7469 work_thread.hpp:81]  [T-Work-Detect_0] Run work: WrokTrack
I1014 14:12:42.293351  7469 work_track.cpp:102] Succeeded to set track lock for frame 202
I1014 14:12:42.293378  7469 work_track.cpp:116] Succeeded to release track lock for frame 202
I1014 14:12:42.293392  7469 work_track.cpp:120] Track results of frame 202: 0 objects input, 0 objects tracked!
I1014 14:12:42.293411  7469 work_thread.hpp:87]  [T-Work-Detect_0] Frame :202 split
I1014 14:12:42.293463  7472 thread_intergrate.hpp:78] [T-Intergrate-intergrate] queue: frame output frame :202
I1014 14:12:42.294551  7472 thread_intergrate.hpp:157] T-Intergrate-intergrate Show face :1, size :640 * 360
I1014 14:12:42.295039  7468 demo_inner.hpp:435] thread [SORT-0]  frame id 202 sorting queue size 0   FPS: 17.923
I1014 14:12:42.316126  7467 demo_inner.hpp:260]  gui queue size 0, state = running
I1014 14:12:42.346088  7466 demo_inner.hpp:177] decode queue size 0
I1014 14:12:42.346185  7469 work_thread.hpp:81]  [T-Work-Detect_0] Run work: WorkDetect
I1014 14:12:42.346217  7469 work_detect.cpp:102] Succeeded to add det start for frame 203
I1014 14:12:42.352809  7469 work_detect.cpp:70] Frame :203 detect result :1 face(s)
W1014 14:12:42.352847  7469 work_detect.cpp:83] Invalid bbox: [166 x 211 from (241, 158)]
I1014 14:12:42.352946  7469 work_detect.cpp:120] Succeeded to add det end for frame 203
I1014 14:12:42.352962  7469 work_thread.hpp:81]  [T-Work-Detect_0] Run work: WrokTrack
I1014 14:12:42.352989  7469 work_track.cpp:102] Succeeded to set track lock for frame 203
I1014 14:12:42.353015  7469 work_track.cpp:116] Succeeded to release track lock for frame 203
I1014 14:12:42.353029  7469 work_track.cpp:120] Track results of frame 203: 0 objects input, 0 objects tracked!
I1014 14:12:42.353049  7469 work_thread.hpp:87]  [T-Work-Detect_0] Frame :203 split
I1014 14:12:42.353097  7472 thread_intergrate.hpp:78] [T-Intergrate-intergrate] queue: frame output frame :203
I1014 14:12:42.354185  7472 thread_intergrate.hpp:157] T-Intergrate-intergrate Show face :1, size :640 * 360
I1014 14:12:42.354697  7468 demo_inner.hpp:435] thread [SORT-0]  frame id 203 sorting queue size 0   FPS: 17.6486
I1014 14:12:42.399725  7467 demo_inner.hpp:260]  gui queue size 0, state = running
I1014 14:12:42.409071  7466 demo_inner.hpp:177] decode queue size 0
I1014 14:12:42.409198  7469 work_thread.hpp:81]  [T-Work-Detect_0] Run work: WorkDetect
I1014 14:12:42.409229  7469 work_detect.cpp:102] Succeeded to add det start for frame 204
I1014 14:12:42.415956  7469 work_detect.cpp:70] Frame :204 detect result :1 face(s)
W1014 14:12:42.416002  7469 work_detect.cpp:83] Invalid bbox: [171 x 224 from (229, 152)]
I1014 14:12:42.416097  7469 work_detect.cpp:120] Succeeded to add det end for frame 204
I1014 14:12:42.416115  7469 work_thread.hpp:81]  [T-Work-Detect_0] Run work: WrokTrack
I1014 14:12:42.416141  7469 work_track.cpp:102] Succeeded to set track lock for frame 204
I1014 14:12:42.416190  7469 work_track.cpp:116] Succeeded to release track lock for frame 204
I1014 14:12:42.416206  7469 work_track.cpp:120] Track results of frame 204: 0 objects input, 0 objects tracked!
I1014 14:12:42.416225  7469 work_thread.hpp:87]  [T-Work-Detect_0] Frame :204 split
I1014 14:12:42.416267  7472 thread_intergrate.hpp:78] [T-Intergrate-intergrate] queue: frame output frame :204
I1014 14:12:42.417353  7472 thread_intergrate.hpp:157] T-Intergrate-intergrate Show face :1, size :640 * 360
I1014 14:12:42.417874  7468 demo_inner.hpp:435] thread [SORT-0]  frame id 204 sorting queue size 0   FPS: 17.3647
I1014 14:12:42.468696  7466 demo_inner.hpp:177] decode queue size 0
I1014 14:12:42.468822  7469 work_thread.hpp:81]  [T-Work-Detect_0] Run work: WorkDetect
I1014 14:12:42.468858  7469 work_detect.cpp:102] Succeeded to add det start for frame 205
I1014 14:12:42.475443  7469 work_detect.cpp:70] Frame :205 detect result :1 face(s)
W1014 14:12:42.475478  7469 work_detect.cpp:83] Invalid bbox: [165 x 208 from (241, 161)]
I1014 14:12:42.475602  7469 work_detect.cpp:120] Succeeded to add det end for frame 205
I1014 14:12:42.475621  7469 work_thread.hpp:81]  [T-Work-Detect_0] Run work: WrokTrack
I1014 14:12:42.475646  7469 work_track.cpp:102] Succeeded to set track lock for frame 205
I1014 14:12:42.475673  7469 work_track.cpp:116] Succeeded to release track lock for frame 205
I1014 14:12:42.475687  7469 work_track.cpp:120] Track results of frame 205: 0 objects input, 0 objects tracked!
I1014 14:12:42.475705  7469 work_thread.hpp:87]  [T-Work-Detect_0] Frame :205 split
I1014 14:12:42.475754  7472 thread_intergrate.hpp:78] [T-Intergrate-intergrate] queue: frame output frame :205
I1014 14:12:42.476841  7472 thread_intergrate.hpp:157] T-Intergrate-intergrate Show face :1, size :640 * 360
I1014 14:12:42.477347  7468 demo_inner.hpp:435] thread [SORT-0]  frame id 205 sorting queue size 1   FPS: 17.1069
I1014 14:12:42.477922  7467 demo_inner.hpp:260]  gui queue size 1, state = running
I1014 14:12:42.528507  7466 demo_inner.hpp:177] decode queue size 0
I1014 14:12:42.528698  7469 work_thread.hpp:81]  [T-Work-Detect_0] Run work: WorkDetect
I1014 14:12:42.528733  7469 work_detect.cpp:102] Succeeded to add det start for frame 206
I1014 14:12:42.535393  7469 work_detect.cpp:70] Frame :206 detect result :1 face(s)
W1014 14:12:42.535432  7469 work_detect.cpp:83] Invalid bbox: [163 x 207 from (241, 161)]
I1014 14:12:42.535531  7469 work_detect.cpp:120] Succeeded to add det end for frame 206
I1014 14:12:42.535548  7469 work_thread.hpp:81]  [T-Work-Detect_0] Run work: WrokTrack
I1014 14:12:42.535574  7469 work_track.cpp:102] Succeeded to set track lock for frame 206
I1014 14:12:42.535601  7469 work_track.cpp:116] Succeeded to release track lock for frame 206
I1014 14:12:42.535615  7469 work_track.cpp:120] Track results of frame 206: 0 objects input, 0 objects tracked!
I1014 14:12:42.535634  7469 work_thread.hpp:87]  [T-Work-Detect_0] Frame :206 split
I1014 14:12:42.535682  7472 thread_intergrate.hpp:78] [T-Intergrate-intergrate] queue: frame output frame :206
I1014 14:12:42.536769  7472 thread_intergrate.hpp:157] T-Intergrate-intergrate Show face :1, size :640 * 360
I1014 14:12:42.537318  7468 demo_inner.hpp:435] thread [SORT-0]  frame id 206 sorting queue size 0   FPS: 16.8567
I1014 14:12:42.587864  7466 demo_inner.hpp:177] decode queue size 0
I1014 14:12:42.588040  7469 work_thread.hpp:81]  [T-Work-Detect_0] Run work: WorkDetect
I1014 14:12:42.588071  7469 work_detect.cpp:102] Succeeded to add det start for frame 207
I1014 14:12:42.594700  7469 work_detect.cpp:70] Frame :207 detect result :1 face(s)
W1014 14:12:42.594746  7469 work_detect.cpp:83] Invalid bbox: [165 x 204 from (239, 164)]
I1014 14:12:42.594847  7469 work_detect.cpp:120] Succeeded to add det end for frame 207
I1014 14:12:42.594866  7469 work_thread.hpp:81]  [T-Work-Detect_0] Run work: WrokTrack
I1014 14:12:42.594892  7469 work_track.cpp:102] Succeeded to set track lock for frame 207
I1014 14:12:42.594920  7469 work_track.cpp:116] Succeeded to release track lock for frame 207
I1014 14:12:42.594934  7469 work_track.cpp:120] Track results of frame 207: 0 objects input, 0 objects tracked!
I1014 14:12:42.594954  7469 work_thread.hpp:87]  [T-Work-Detect_0] Frame :207 split
I1014 14:12:42.595000  7472 thread_intergrate.hpp:78] [T-Intergrate-intergrate] queue: frame output frame :207
I1014 14:12:42.596087  7472 thread_intergrate.hpp:157] T-Intergrate-intergrate Show face :1, size :640 * 360
I1014 14:12:42.596726  7468 demo_inner.hpp:435] thread [SORT-0]  frame id 207 sorting queue size 1   FPS: 16.6667
I1014 14:12:42.648491  7466 demo_inner.hpp:177] decode queue size 0
I1014 14:12:42.648710  7469 work_thread.hpp:81]  [T-Work-Detect_0] Run work: WorkDetect
I1014 14:12:42.648742  7469 work_detect.cpp:102] Succeeded to add det start for frame 208
