I1014 15:11:47.304795  8764 thread_intergrate.hpp:171] T-Intergrate-intergrate Show face :0, size :640 * 360
I1014 15:11:47.305301  8760 demo_inner.hpp:435] thread [SORT-0]  frame id 52 sorting queue size 1   FPS: 29.8071
I1014 15:11:47.321369  8763 work_thread.hpp:81]  [T-Work-Recog_1] Run work: WorkCompare
I1014 15:11:47.321841  8763 work_compare.cpp:76] Compare face: 0 successed, similarity :0.995087, name : images/ThangLMb.jpg, normal size : 1548 * 1719!
I1014 15:11:47.325279  8759 demo_inner.hpp:260]  gui queue size 1, state = running
I1014 15:11:47.326086  8758 demo_inner.hpp:177] decode queue size 0
I1014 15:11:47.326326  8761 work_thread.hpp:81]  [T-Work-Detect_0] Run work: WorkDetect
I1014 15:11:47.326364  8761 work_detect.cpp:102] Succeeded to add det start for frame 53
I1014 15:11:47.333842  8761 work_detect.cpp:70] Frame :53 detect result :1 face(s)
I1014 15:11:47.333920  8761 work_detect.cpp:86] Detected bbox: [160 x 204 from (262, 60)]
I1014 15:11:47.333966  8761 work_detect.cpp:120] Succeeded to add det end for frame 53
I1014 15:11:47.333982  8761 work_thread.hpp:81]  [T-Work-Detect_0] Run work: WrokTrack
I1014 15:11:47.334007  8761 work_track.cpp:82] Frame: 53 build input_characts: [0.25 x 0.566667 from (0.409375, 0.166667)], 0.999622, 0
I1014 15:11:47.334070  8761 work_track.cpp:102] Succeeded to set track lock for frame 53
I1014 15:11:47.334110  8761 work_track.cpp:116] Succeeded to release track lock for frame 53
I1014 15:11:47.334125  8761 work_track.cpp:120] Track results of frame 53: 1 objects input, 1 objects tracked!
I1014 15:11:47.334167  8761 work_track.cpp:148] Frame: 53, track bbox: [160 x 204 from (259.733, 59.2355)], gid: 0, lid: 0
I1014 15:11:47.334205  8761 work_thread.hpp:87]  [T-Work-Detect_0] Frame :53 split
I1014 15:11:47.334223  8761 work_thread.hpp:120]  [T-Work-Detect_0] Valid piece: gid = 0
I1014 15:11:47.334241  8761 work_thread.hpp:91]  [T-Work-Detect_0] Push to split queue:recog
I1014 15:11:47.334286  8762 work_thread.hpp:81]  [T-Work-Recog_0] Run work: WorkCapture
I1014 15:11:47.334293  8764 thread_intergrate.hpp:78] [T-Intergrate-intergrate] queue: frame output frame :53
I1014 15:11:47.334319  8764 thread_intergrate.hpp:85] [T-Intergrate-intergrate] queue: compare output face:0
I1014 15:11:47.334338  8764 thread_intergrate.hpp:144] T-Intergrate-intergrate set matched face: 0
I1014 15:11:47.334859  8762 work_thread.hpp:81]  [T-Work-Recog_0] Run work: WorkRecog
I1014 15:11:47.334885  8762 work_recog.hpp:89] Face id: 0 will run recog: bbox [160 x 204 from (262, 60)] quality: 0.465021
I1014 15:11:47.334914  8762 work_recog.hpp:96] Recog pair: [232 x 288 from (224, 16)], [160 x 204 from (38, 44)]
I1014 15:11:47.335819  8764 thread_intergrate.hpp:171] T-Intergrate-intergrate Show face :0, size :640 * 360
I1014 15:11:47.336541  8760 demo_inner.hpp:435] thread [SORT-0]  frame id 53 sorting queue size 0   FPS: 29.8336
I1014 15:11:47.352517  8762 work_thread.hpp:81]  [T-Work-Recog_0] Run work: WorkCompare
I1014 15:11:47.352980  8762 work_compare.cpp:76] Compare face: 0 successed, similarity :0.995557, name : images/ThangLMb.jpg, normal size : 1548 * 1719!
I1014 15:11:47.361825  8758 demo_inner.hpp:177] decode queue size 0
I1014 15:11:47.361943  8761 work_thread.hpp:81]  [T-Work-Detect_0] Run work: WorkDetect
I1014 15:11:47.361980  8761 work_detect.cpp:102] Succeeded to add det start for frame 54
I1014 15:11:47.368996  8761 work_detect.cpp:70] Frame :54 detect result :1 face(s)
I1014 15:11:47.369050  8761 work_detect.cpp:86] Detected bbox: [160 x 207 from (260, 62)]
I1014 15:11:47.369096  8761 work_detect.cpp:120] Succeeded to add det end for frame 54
I1014 15:11:47.369112  8761 work_thread.hpp:81]  [T-Work-Detect_0] Run work: WrokTrack
I1014 15:11:47.369136  8761 work_track.cpp:82] Frame: 54 build input_characts: [0.25 x 0.575 from (0.40625, 0.172222)], 1.00019, 0
I1014 15:11:47.369191  8761 work_track.cpp:102] Succeeded to set track lock for frame 54
I1014 15:11:47.369230  8761 work_track.cpp:116] Succeeded to release track lock for frame 54
I1014 15:11:47.369244  8761 work_track.cpp:120] Track results of frame 54: 1 objects input, 1 objects tracked!
I1014 15:11:47.369262  8761 work_track.cpp:148] Frame: 54, track bbox: [160 x 207 from (260.922, 59.83)], gid: 0, lid: 0
I1014 15:11:47.369299  8761 work_thread.hpp:87]  [T-Work-Detect_0] Frame :54 split
I1014 15:11:47.369318  8761 work_thread.hpp:120]  [T-Work-Detect_0] Valid piece: gid = 0
I1014 15:11:47.369336  8761 work_thread.hpp:91]  [T-Work-Detect_0] Push to split queue:recog
I1014 15:11:47.369392  8763 work_thread.hpp:81]  [T-Work-Recog_1] Run work: WorkCapture
I1014 15:11:47.369699  8764 thread_intergrate.hpp:78] [T-Intergrate-intergrate] queue: frame output frame :54
I1014 15:11:47.369727  8764 thread_intergrate.hpp:85] [T-Intergrate-intergrate] queue: compare output face:0
I1014 15:11:47.369746  8764 thread_intergrate.hpp:144] T-Intergrate-intergrate set matched face: 0
I1014 15:11:47.370086  8763 work_thread.hpp:81]  [T-Work-Recog_1] Run work: WorkRecog
I1014 15:11:47.370116  8763 work_recog.hpp:89] Face id: 0 will run recog: bbox [160 x 207 from (260, 62)] quality: 0.448165
I1014 15:11:47.370155  8763 work_recog.hpp:96] Recog pair: [232 x 296 from (224, 16)], [160 x 207 from (36, 46)]
I1014 15:11:47.371301  8764 thread_intergrate.hpp:171] T-Intergrate-intergrate Show face :0, size :640 * 360
I1014 15:11:47.371886  8760 demo_inner.hpp:435] thread [SORT-0]  frame id 54 sorting queue size 1   FPS: 29.8088
I1014 15:11:47.387842  8763 work_thread.hpp:81]  [T-Work-Recog_1] Run work: WorkCompare
I1014 15:11:47.388326  8763 work_compare.cpp:76] Compare face: 0 successed, similarity :0.992517, name : images/ThangLMb.jpg, normal size : 1548 * 1719!
I1014 15:11:47.397662  8758 demo_inner.hpp:177] decode queue size 0
I1014 15:11:47.397768  8761 work_thread.hpp:81]  [T-Work-Detect_0] Run work: WorkDetect
I1014 15:11:47.397802  8761 work_detect.cpp:102] Succeeded to add det start for frame 55
I1014 15:11:47.404685  8761 work_detect.cpp:70] Frame :55 detect result :1 face(s)
I1014 15:11:47.404736  8761 work_detect.cpp:86] Detected bbox: [166 x 214 from (258, 42)]
I1014 15:11:47.404779  8761 work_detect.cpp:120] Succeeded to add det end for frame 55
I1014 15:11:47.404795  8761 work_thread.hpp:81]  [T-Work-Detect_0] Run work: WrokTrack
I1014 15:11:47.404819  8761 work_track.cpp:82] Frame: 55 build input_characts: [0.259375 x 0.594444 from (0.403125, 0.116667)], 0.999622, 0
I1014 15:11:47.404876  8761 work_track.cpp:102] Succeeded to set track lock for frame 55
I1014 15:11:47.404917  8761 work_track.cpp:116] Succeeded to release track lock for frame 55
I1014 15:11:47.404932  8761 work_track.cpp:120] Track results of frame 55: 1 objects input, 1 objects tracked!
I1014 15:11:47.404948  8761 work_track.cpp:148] Frame: 55, track bbox: [166 x 214 from (257.652, 48.7588)], gid: 0, lid: 0
I1014 15:11:47.405057  8761 work_thread.hpp:87]  [T-Work-Detect_0] Frame :55 split
I1014 15:11:47.405077  8761 work_thread.hpp:120]  [T-Work-Detect_0] Valid piece: gid = 0
I1014 15:11:47.405095  8761 work_thread.hpp:91]  [T-Work-Detect_0] Push to split queue:recog
I1014 15:11:47.405138  8764 thread_intergrate.hpp:78] [T-Intergrate-intergrate] queue: frame output frame :55
I1014 15:11:47.405140  8763 work_thread.hpp:81]  [T-Work-Recog_1] Run work: WorkCapture
I1014 15:11:47.405167  8764 thread_intergrate.hpp:85] [T-Intergrate-intergrate] queue: compare output face:0
I1014 15:11:47.405185  8764 thread_intergrate.hpp:144] T-Intergrate-intergrate set matched face: 0
I1014 15:11:47.405733  8763 work_thread.hpp:81]  [T-Work-Recog_1] Run work: WorkRecog
I1014 15:11:47.405757  8763 work_recog.hpp:89] Face id: 0 will run recog: bbox [166 x 214 from (258, 42)] quality: 0.48278
I1014 15:11:47.405788  8763 work_recog.hpp:96] Recog pair: [240 x 304 from (224, 0)], [166 x 214 from (34, 42)]
I1014 15:11:47.406672  8764 thread_intergrate.hpp:171] T-Intergrate-intergrate Show face :0, size :640 * 360
I1014 15:11:47.407235  8760 demo_inner.hpp:435] thread [SORT-0]  frame id 55 sorting queue size 2   FPS: 29.7849
I1014 15:11:47.423250  8763 work_thread.hpp:81]  [T-Work-Recog_1] Run work: WorkCompare
I1014 15:11:47.423746  8763 work_compare.cpp:76] Compare face: 0 successed, similarity :0.997255, name : images/ThangLMb.jpg, normal size : 1548 * 1719!
I1014 15:11:47.428305  8758 demo_inner.hpp:177] decode queue size 0
I1014 15:11:47.428412  8761 work_thread.hpp:81]  [T-Work-Detect_0] Run work: WorkDetect
I1014 15:11:47.428447  8761 work_detect.cpp:102] Succeeded to add det start for frame 56
I1014 15:11:47.431970  8759 demo_inner.hpp:260]  gui queue size 2, state = running
I1014 15:11:47.435474  8761 work_detect.cpp:70] Frame :56 detect result :1 face(s)
I1014 15:11:47.435529  8761 work_detect.cpp:86] Detected bbox: [162 x 210 from (259, 43)]
I1014 15:11:47.435575  8761 work_detect.cpp:120] Succeeded to add det end for frame 56
I1014 15:11:47.435590  8761 work_thread.hpp:81]  [T-Work-Detect_0] Run work: WrokTrack
I1014 15:11:47.435614  8761 work_track.cpp:82] Frame: 56 build input_characts: [0.253125 x 0.583333 from (0.404687, 0.119444)], 0.999622, 0
I1014 15:11:47.435672  8761 work_track.cpp:102] Succeeded to set track lock for frame 56
I1014 15:11:47.435710  8761 work_track.cpp:116] Succeeded to release track lock for frame 56
I1014 15:11:47.435725  8761 work_track.cpp:120] Track results of frame 56: 1 objects input, 1 objects tracked!
I1014 15:11:47.435744  8761 work_track.cpp:148] Frame: 56, track bbox: [162 x 210 from (258.972, 45.074)], gid: 0, lid: 0
I1014 15:11:47.435778  8761 work_thread.hpp:87]  [T-Work-Detect_0] Frame :56 split
I1014 15:11:47.435796  8761 work_thread.hpp:120]  [T-Work-Detect_0] Valid piece: gid = 0
I1014 15:11:47.435814  8761 work_thread.hpp:91]  [T-Work-Detect_0] Push to split queue:recog
I1014 15:11:47.435864  8763 work_thread.hpp:81]  [T-Work-Recog_1] Run work: WorkCapture
I1014 15:11:47.435879  8764 thread_intergrate.hpp:78] [T-Intergrate-intergrate] queue: frame output frame :56
I1014 15:11:47.435904  8764 thread_intergrate.hpp:85] [T-Intergrate-intergrate] queue: compare output face:0
I1014 15:11:47.435922  8764 thread_intergrate.hpp:144] T-Intergrate-intergrate set matched face: 0
I1014 15:11:47.436465  8763 work_thread.hpp:81]  [T-Work-Recog_1] Run work: WorkRecog
I1014 15:11:47.436491  8763 work_recog.hpp:89] Face id: 0 will run recog: bbox [162 x 210 from (259, 43)] quality: 0.48468
I1014 15:11:47.436522  8763 work_recog.hpp:96] Recog pair: [232 x 296 from (224, 0)], [162 x 210 from (35, 43)]
I1014 15:11:47.437440  8764 thread_intergrate.hpp:171] T-Intergrate-intergrate Show face :0, size :640 * 360
I1014 15:11:47.438015  8760 demo_inner.hpp:435] thread [SORT-0]  frame id 56 sorting queue size 0   FPS: 29.8265
I1014 15:11:47.454200  8763 work_thread.hpp:81]  [T-Work-Recog_1] Run work: WorkCompare
I1014 15:11:47.454669  8763 work_compare.cpp:76] Compare face: 0 successed, similarity :0.995424, name : images/ThangLMb.jpg, normal size : 1548 * 1719!
I1014 15:11:47.463798  8758 demo_inner.hpp:177] decode queue size 0
I1014 15:11:47.463913  8761 work_thread.hpp:81]  [T-Work-Detect_0] Run work: WorkDetect
I1014 15:11:47.463949  8761 work_detect.cpp:102] Succeeded to add det start for frame 57
I1014 15:11:47.470877  8761 work_detect.cpp:70] Frame :57 detect result :1 face(s)
I1014 15:11:47.470932  8761 work_detect.cpp:86] Detected bbox: [155 x 203 from (260, 64)]
I1014 15:11:47.470974  8761 work_detect.cpp:120] Succeeded to add det end for frame 57
I1014 15:11:47.470990  8761 work_thread.hpp:81]  [T-Work-Detect_0] Run work: WrokTrack
I1014 15:11:47.471014  8761 work_track.cpp:82] Frame: 57 build input_characts: [0.242188 x 0.563889 from (0.40625, 0.177778)], 0.999622, 0
I1014 15:11:47.471071  8761 work_track.cpp:102] Succeeded to set track lock for frame 57
I1014 15:11:47.471109  8761 work_track.cpp:116] Succeeded to release track lock for frame 57
I1014 15:11:47.471124  8761 work_track.cpp:120] Track results of frame 57: 1 objects input, 1 objects tracked!
I1014 15:11:47.471143  8761 work_track.cpp:148] Frame: 57, track bbox: [155 x 203 from (261.129, 53.8537)], gid: 0, lid: 0
I1014 15:11:47.471177  8761 work_thread.hpp:87]  [T-Work-Detect_0] Frame :57 split
I1014 15:11:47.471194  8761 work_thread.hpp:120]  [T-Work-Detect_0] Valid piece: gid = 0
I1014 15:11:47.471212  8761 work_thread.hpp:91]  [T-Work-Detect_0] Push to split queue:recog
I1014 15:11:47.471259  8763 work_thread.hpp:81]  [T-Work-Recog_1] Run work: WorkCapture
I1014 15:11:47.471268  8764 thread_intergrate.hpp:78] [T-Intergrate-intergrate] queue: frame output frame :57
I1014 15:11:47.471293  8764 thread_intergrate.hpp:85] [T-Intergrate-intergrate] queue: compare output face:0
I1014 15:11:47.471312  8764 thread_intergrate.hpp:144] T-Intergrate-intergrate set matched face: 0
I1014 15:11:47.471843  8763 work_thread.hpp:81]  [T-Work-Recog_1] Run work: WorkRecog
I1014 15:11:47.471868  8763 work_recog.hpp:89] Face id: 0 will run recog: bbox [155 x 203 from (260, 64)] quality: 0.469856
I1014 15:11:47.471899  8763 work_recog.hpp:96] Recog pair: [224 x 288 from (224, 24)], [155 x 203 from (36, 40)]
I1014 15:11:47.472800  8764 thread_intergrate.hpp:171] T-Intergrate-intergrate Show face :0, size :640 * 360
I1014 15:11:47.473394  8760 demo_inner.hpp:435] thread [SORT-0]  frame id 57 sorting queue size 1   FPS: 29.8031
I1014 15:11:47.489342  8763 work_thread.hpp:81]  [T-Work-Recog_1] Run work: WorkCompare
I1014 15:11:47.489809  8763 work_compare.cpp:76] Compare face: 0 successed, similarity :0.993329, name : images/ThangLMb.jpg, normal size : 1548 * 1719!
I1014 15:11:47.493947  8758 demo_inner.hpp:177] decode queue size 0
I1014 15:11:47.494057  8761 work_thread.hpp:81]  [T-Work-Detect_0] Run work: WorkDetect
I1014 15:11:47.494092  8761 work_detect.cpp:102] Succeeded to add det start for frame 58
I1014 15:11:47.498556  8759 demo_inner.hpp:260]  gui queue size 1, state = running
I1014 15:11:47.501071  8761 work_detect.cpp:70] Frame :58 detect result :1 face(s)
I1014 15:11:47.501137  8761 work_detect.cpp:86] Detected bbox: [155 x 203 from (260, 64)]
I1014 15:11:47.501185  8761 work_detect.cpp:120] Succeeded to add det end for frame 58
I1014 15:11:47.501201  8761 work_thread.hpp:81]  [T-Work-Detect_0] Run work: WrokTrack
I1014 15:11:47.501229  8761 work_track.cpp:82] Frame: 58 build input_characts: [0.242188 x 0.563889 from (0.40625, 0.177778)], 0.999622, 0
I1014 15:11:47.501289  8761 work_track.cpp:102] Succeeded to set track lock for frame 58
I1014 15:11:47.501333  8761 work_track.cpp:116] Succeeded to release track lock for frame 58
I1014 15:11:47.501348  8761 work_track.cpp:120] Track results of frame 58: 1 objects input, 1 objects tracked!
I1014 15:11:47.501366  8761 work_track.cpp:148] Frame: 58, track bbox: [155 x 203 from (259.964, 58.9284)], gid: 0, lid: 0
I1014 15:11:47.501405  8761 work_thread.hpp:87]  [T-Work-Detect_0] Frame :58 split
I1014 15:11:47.501425  8761 work_thread.hpp:120]  [T-Work-Detect_0] Valid piece: gid = 0
I1014 15:11:47.501555  8761 work_thread.hpp:91]  [T-Work-Detect_0] Push to split queue:recog
I1014 15:11:47.501626  8762 work_thread.hpp:81]  [T-Work-Recog_0] Run work: WorkCapture
I1014 15:11:47.501627  8764 thread_intergrate.hpp:78] [T-Intergrate-intergrate] queue: frame output frame :58
I1014 15:11:47.501669  8764 thread_intergrate.hpp:85] [T-Intergrate-intergrate] queue: compare output face:0
I1014 15:11:47.501688  8764 thread_intergrate.hpp:144] T-Intergrate-intergrate set matched face: 0
I1014 15:11:47.502235  8762 work_thread.hpp:81]  [T-Work-Recog_0] Run work: WorkRecog
I1014 15:11:47.502260  8762 work_recog.hpp:89] Face id: 0 will run recog: bbox [155 x 203 from (260, 64)] quality: 0.47159
I1014 15:11:47.502295  8762 work_recog.hpp:96] Recog pair: [224 x 288 from (224, 24)], [155 x 203 from (36, 40)]
I1014 15:11:47.503185  8764 thread_intergrate.hpp:171] T-Intergrate-intergrate Show face :0, size :640 * 360
I1014 15:11:47.503751  8760 demo_inner.hpp:435] thread [SORT-0]  frame id 58 sorting queue size 0   FPS: 29.8429
I1014 15:11:47.520006  8762 work_thread.hpp:81]  [T-Work-Recog_0] Run work: WorkCompare
I1014 15:11:47.520496  8762 work_compare.cpp:76] Compare face: 0 successed, similarity :0.995319, name : images/ThangLMb.jpg, normal size : 1548 * 1719!
I1014 15:11:47.529723  8758 demo_inner.hpp:177] decode queue size 0
I1014 15:11:47.529865  8761 work_thread.hpp:81]  [T-Work-Detect_0] Run work: WorkDetect
I1014 15:11:47.529989  8761 work_detect.cpp:102] Succeeded to add det start for frame 59
I1014 15:11:47.537639  8761 work_detect.cpp:70] Frame :59 detect result :1 face(s)
I1014 15:11:47.537712  8761 work_detect.cpp:86] Detected bbox: [161 x 206 from (255, 61)]
I1014 15:11:47.537756  8761 work_detect.cpp:120] Succeeded to add det end for frame 59
I1014 15:11:47.537772  8761 work_thread.hpp:81]  [T-Work-Detect_0] Run work: WrokTrack
I1014 15:11:47.537806  8761 work_track.cpp:82] Frame: 59 build input_characts: [0.251563 x 0.572222 from (0.398438, 0.169444)], 0.999622, 0
I1014 15:11:47.537863  8761 work_track.cpp:102] Succeeded to set track lock for frame 59
I1014 15:11:47.537925  8761 work_track.cpp:116] Succeeded to release track lock for frame 59
I1014 15:11:47.537940  8761 work_track.cpp:120] Track results of frame 59: 1 objects input, 1 objects tracked!
I1014 15:11:47.537958  8761 work_track.cpp:148] Frame: 59, track bbox: [161 x 206 from (255.539, 60.8319)], gid: 0, lid: 0
I1014 15:11:47.537995  8761 work_thread.hpp:87]  [T-Work-Detect_0] Frame :59 split
I1014 15:11:47.538012  8761 work_thread.hpp:120]  [T-Work-Detect_0] Valid piece: gid = 0
I1014 15:11:47.538039  8761 work_thread.hpp:91]  [T-Work-Detect_0] Push to split queue:recog
I1014 15:11:47.538094  8764 thread_intergrate.hpp:78] [T-Intergrate-intergrate] queue: frame output frame :59
I1014 15:11:47.538095  8763 work_thread.hpp:81]  [T-Work-Recog_1] Run work: WorkCapture
I1014 15:11:47.538123  8764 thread_intergrate.hpp:85] [T-Intergrate-intergrate] queue: compare output face:0
I1014 15:11:47.538142  8764 thread_intergrate.hpp:144] T-Intergrate-intergrate set matched face: 0
I1014 15:11:47.538702  8763 work_thread.hpp:81]  [T-Work-Recog_1] Run work: WorkRecog
I1014 15:11:47.538728  8763 work_recog.hpp:89] Face id: 0 will run recog: bbox [161 x 206 from (255, 61)] quality: 0.46848
I1014 15:11:47.538758  8763 work_recog.hpp:96] Recog pair: [232 x 296 from (216, 16)], [161 x 206 from (39, 45)]
I1014 15:11:47.539641  8764 thread_intergrate.hpp:171] T-Intergrate-intergrate Show face :0, size :640 * 360
I1014 15:11:47.540238  8760 demo_inner.hpp:435] thread [SORT-0]  frame id 59 sorting queue size 1   FPS: 29.8047
I1014 15:11:47.556187  8763 work_thread.hpp:81]  [T-Work-Recog_1] Run work: WorkCompare
I1014 15:11:47.556661  8763 work_compare.cpp:76] Compare face: 0 successed, similarity :0.996584, name : images/ThangLMb.jpg, normal size : 1548 * 1719!
I1014 15:11:47.559988  8758 demo_inner.hpp:177] decode queue size 0
I1014 15:11:47.560109  8761 work_thread.hpp:81]  [T-Work-Detect_0] Run work: WorkDetect
I1014 15:11:47.560143  8761 work_detect.cpp:102] Succeeded to add det start for frame 60
I1014 15:11:47.567740  8761 work_detect.cpp:70] Frame :60 detect result :1 face(s)
I1014 15:11:47.567795  8761 work_detect.cpp:86] Detected bbox: [156 x 201 from (259, 64)]
I1014 15:11:47.567845  8761 work_detect.cpp:120] Succeeded to add det end for frame 60
I1014 15:11:47.567862  8761 work_thread.hpp:81]  [T-Work-Detect_0] Run work: WrokTrack
I1014 15:11:47.567886  8761 work_track.cpp:82] Frame: 60 build input_characts: [0.24375 x 0.558333 from (0.404687, 0.177778)], 0.999622, 0
I1014 15:11:47.567966  8761 work_track.cpp:102] Succeeded to set track lock for frame 60
I1014 15:11:47.568006  8761 work_track.cpp:116] Succeeded to release track lock for frame 60
I1014 15:11:47.568020  8761 work_track.cpp:120] Track results of frame 60: 1 objects input, 1 objects tracked!
I1014 15:11:47.568037  8761 work_track.cpp:148] Frame: 60, track bbox: [156 x 201 from (257.687, 67.8683)], gid: 0, lid: 0
I1014 15:11:47.568083  8761 work_thread.hpp:87]  [T-Work-Detect_0] Frame :60 split
I1014 15:11:47.568100  8761 work_thread.hpp:120]  [T-Work-Detect_0] Valid piece: gid = 0
I1014 15:11:47.568118  8761 work_thread.hpp:91]  [T-Work-Detect_0] Push to split queue:recog
I1014 15:11:47.568183  8762 work_thread.hpp:81]  [T-Work-Recog_0] Run work: WorkCapture
I1014 15:11:47.568183  8764 thread_intergrate.hpp:78] [T-Intergrate-intergrate] queue: frame output frame :60
I1014 15:11:47.568226  8764 thread_intergrate.hpp:85] [T-Intergrate-intergrate] queue: compare output face:0
I1014 15:11:47.568245  8764 thread_intergrate.hpp:144] T-Intergrate-intergrate set matched face: 0
I1014 15:11:47.568780  8762 work_thread.hpp:81]  [T-Work-Recog_0] Run work: WorkRecog
I1014 15:11:47.568806  8762 work_recog.hpp:89] Face id: 0 will run recog: bbox [156 x 201 from (259, 64)] quality: 0.464488
I1014 15:11:47.568836  8762 work_recog.hpp:96] Recog pair: [224 x 288 from (224, 24)], [156 x 201 from (35, 40)]
I1014 15:11:47.569748  8764 thread_intergrate.hpp:171] T-Intergrate-intergrate Show face :0, size :640 * 360
I1014 15:11:47.570328  8760 demo_inner.hpp:435] thread [SORT-0]  frame id 60 sorting queue size 2   FPS: 29.8583
I1014 15:11:47.586599  8762 work_thread.hpp:81]  [T-Work-Recog_0] Run work: WorkCompare
I1014 15:11:47.587070  8762 work_compare.cpp:76] Compare face: 0 successed, similarity :0.993799, name : images/ThangLMb.jpg, normal size : 1548 * 1719!
I1014 15:11:47.594643  8758 demo_inner.hpp:177] decode queue size 0
I1014 15:11:47.594749  8761 work_thread.hpp:81]  [T-Work-Detect_0] Run work: WorkDetect
I1014 15:11:47.594810  8761 work_detect.cpp:102] Succeeded to add det start for frame 61
I1014 15:11:47.602607  8761 work_detect.cpp:70] Frame :61 detect result :1 face(s)
I1014 15:11:47.602669  8761 work_detect.cpp:86] Detected bbox: [169 x 216 from (253, 41)]
I1014 15:11:47.602713  8761 work_detect.cpp:120] Succeeded to add det end for frame 61
I1014 15:11:47.602730  8761 work_thread.hpp:81]  [T-Work-Detect_0] Run work: WrokTrack
I1014 15:11:47.602754  8761 work_track.cpp:82] Frame: 61 build input_characts: [0.264062 x 0.6 from (0.395312, 0.113889)], 1.00019, 0
I1014 15:11:47.602833  8761 work_track.cpp:102] Succeeded to set track lock for frame 61
I1014 15:11:47.602872  8761 work_track.cpp:116] Succeeded to release track lock for frame 61
I1014 15:11:47.602887  8761 work_track.cpp:120] Track results of frame 61: 1 objects input, 1 objects tracked!
I1014 15:11:47.602913  8761 work_track.cpp:148] Frame: 61, track bbox: [169 x 216 from (251.862, 51.4592)], gid: 0, lid: 0
I1014 15:11:47.602950  8761 work_thread.hpp:87]  [T-Work-Detect_0] Frame :61 split
I1014 15:11:47.602968  8761 work_thread.hpp:120]  [T-Work-Detect_0] Valid piece: gid = 0
I1014 15:11:47.602986  8761 work_thread.hpp:91]  [T-Work-Detect_0] Push to split queue:recog
I1014 15:11:47.603054  8763 work_thread.hpp:81]  [T-Work-Recog_1] Run work: WorkCapture
I1014 15:11:47.603056  8764 thread_intergrate.hpp:78] [T-Intergrate-intergrate] queue: frame output frame :61
I1014 15:11:47.603096  8764 thread_intergrate.hpp:85] [T-Intergrate-intergrate] queue: compare output face:0
I1014 15:11:47.603189  8764 thread_intergrate.hpp:144] T-Intergrate-intergrate set matched face: 0
I1014 15:11:47.603641  8763 work_thread.hpp:81]  [T-Work-Recog_1] Run work: WorkRecog
I1014 15:11:47.603665  8763 work_recog.hpp:89] Face id: 0 will run recog: bbox [169 x 216 from (253, 41)] quality: 0.475781
I1014 15:11:47.603696  8763 work_recog.hpp:96] Recog pair: [240 x 304 from (216, 0)], [169 x 216 from (37, 41)]
I1014 15:11:47.604710  8764 thread_intergrate.hpp:171] T-Intergrate-intergrate Show face :0, size :640 * 360
I1014 15:11:47.605302  8760 demo_inner.hpp:435] thread [SORT-0]  frame id 61 sorting queue size 3   FPS: 29.8359
I1014 15:11:47.621395  8763 work_thread.hpp:81]  [T-Work-Recog_1] Run work: WorkCompare
I1014 15:11:47.621861  8763 work_compare.cpp:76] Compare face: 0 successed, similarity :0.997839, name : images/ThangLMb.jpg, normal size : 1548 * 1719!
I1014 15:11:47.629912  8758 demo_inner.hpp:177] decode queue size 0
I1014 15:11:47.630039  8761 work_thread.hpp:81]  [T-Work-Detect_0] Run work: WorkDetect
I1014 15:11:47.630074  8761 work_detect.cpp:102] Succeeded to add det start for frame 62
I1014 15:11:47.636801  8761 work_detect.cpp:70] Frame :62 detect result :1 face(s)
I1014 15:11:47.636852  8761 work_detect.cpp:86] Detected bbox: [164 x 211 from (256, 43)]
I1014 15:11:47.636896  8761 work_detect.cpp:120] Succeeded to add det end for frame 62
I1014 15:11:47.636911  8761 work_thread.hpp:81]  [T-Work-Detect_0] Run work: WrokTrack
I1014 15:11:47.636935  8761 work_track.cpp:82] Frame: 62 build input_characts: [0.25625 x 0.586111 from (0.4, 0.119444)], 1.00019, 0
I1014 15:11:47.636991  8761 work_track.cpp:102] Succeeded to set track lock for frame 62
I1014 15:11:47.637030  8761 work_track.cpp:116] Succeeded to release track lock for frame 62
I1014 15:11:47.637044  8761 work_track.cpp:120] Track results of frame 62: 1 objects input, 1 objects tracked!
I1014 15:11:47.637063  8761 work_track.cpp:148] Frame: 62, track bbox: [164 x 211 from (255.482, 44.4333)], gid: 0, lid: 0
I1014 15:11:47.637097  8761 work_thread.hpp:87]  [T-Work-Detect_0] Frame :62 split
I1014 15:11:47.637115  8761 work_thread.hpp:120]  [T-Work-Detect_0] Valid piece: gid = 0
I1014 15:11:47.637132  8761 work_thread.hpp:91]  [T-Work-Detect_0] Push to split queue:recog
I1014 15:11:47.637184  8762 work_thread.hpp:81]  [T-Work-Recog_0] Run work: WorkCapture
I1014 15:11:47.637485  8764 thread_intergrate.hpp:78] [T-Intergrate-intergrate] queue: frame output frame :62
I1014 15:11:47.637511  8764 thread_intergrate.hpp:85] [T-Intergrate-intergrate] queue: compare output face:0
I1014 15:11:47.637531  8764 thread_intergrate.hpp:144] T-Intergrate-intergrate set matched face: 0
I1014 15:11:47.637763  8762 work_thread.hpp:81]  [T-Work-Recog_0] Run work: WorkRecog
I1014 15:11:47.637787  8762 work_recog.hpp:89] Face id: 0 will run recog: bbox [164 x 211 from (256, 43)] quality: 0.481141
I1014 15:11:47.637817  8762 work_recog.hpp:96] Recog pair: [232 x 296 from (224, 0)], [164 x 211 from (32, 43)]
I1014 15:11:47.639286  8764 thread_intergrate.hpp:171] T-Intergrate-intergrate Show face :0, size :640 * 360
I1014 15:11:47.639835  8760 demo_inner.hpp:435] thread [SORT-0]  frame id 62 sorting queue size 4   FPS: 29.9401
I1014 15:11:47.655330  8762 work_thread.hpp:81]  [T-Work-Recog_0] Run work: WorkCompare
I1014 15:11:47.655793  8762 work_compare.cpp:76] Compare face: 0 successed, similarity :0.996515, name : images/ThangLMb.jpg, normal size : 1548 * 1719!
I1014 15:11:47.660872  8758 demo_inner.hpp:177] decode queue size 0
I1014 15:11:47.660995  8761 work_thread.hpp:81]  [T-Work-Detect_0] Run work: WorkDetect
I1014 15:11:47.661033  8761 work_detect.cpp:102] Succeeded to add det start for frame 63
I1014 15:11:47.667659  8761 work_detect.cpp:70] Frame :63 detect result :1 face(s)
I1014 15:11:47.667702  8761 work_detect.cpp:86] Detected bbox: [162 x 208 from (255, 62)]
I1014 15:11:47.667747  8761 work_detect.cpp:120] Succeeded to add det end for frame 63
I1014 15:11:47.667762  8761 work_thread.hpp:81]  [T-Work-Detect_0] Run work: WrokTrack
I1014 15:11:47.667862  8761 work_track.cpp:82] Frame: 63 build input_characts: [0.253125 x 0.577778 from (0.398438, 0.172222)], 1.00019, 0
I1014 15:11:47.667922  8761 work_track.cpp:102] Succeeded to set track lock for frame 63
I1014 15:11:47.667963  8761 work_track.cpp:116] Succeeded to release track lock for frame 63
I1014 15:11:47.667977  8761 work_track.cpp:120] Track results of frame 63: 1 objects input, 1 objects tracked!
I1014 15:11:47.667995  8761 work_track.cpp:148] Frame: 63, track bbox: [162 x 208 from (255.96, 51.3458)], gid: 0, lid: 0
I1014 15:11:47.668033  8761 work_thread.hpp:87]  [T-Work-Detect_0] Frame :63 split
I1014 15:11:47.668051  8761 work_thread.hpp:120]  [T-Work-Detect_0] Valid piece: gid = 0
I1014 15:11:47.668068  8761 work_thread.hpp:91]  [T-Work-Detect_0] Push to split queue:recog
I1014 15:11:47.668120  8763 work_thread.hpp:81]  [T-Work-Recog_1] Run work: WorkCapture
I1014 15:11:47.668448  8764 thread_intergrate.hpp:78] [T-Intergrate-intergrate] queue: frame output frame :63
I1014 15:11:47.668476  8764 thread_intergrate.hpp:85] [T-Intergrate-intergrate] queue: compare output face:0
I1014 15:11:47.668494  8764 thread_intergrate.hpp:144] T-Intergrate-intergrate set matched face: 0
I1014 15:11:47.668699  8763 work_thread.hpp:81]  [T-Work-Recog_1] Run work: WorkRecog
I1014 15:11:47.668722  8763 work_recog.hpp:89] Face id: 0 will run recog: bbox [162 x 208 from (255, 62)] quality: 0.467541
I1014 15:11:47.668752  8763 work_recog.hpp:96] Recog pair: [240 x 296 from (216, 16)], [162 x 208 from (39, 46)]
I1014 15:11:47.670048  8764 thread_intergrate.hpp:171] T-Intergrate-intergrate Show face :0, size :640 * 360
I1014 15:11:47.670640  8760 demo_inner.hpp:435] thread [SORT-0]  frame id 63 sorting queue size 5   FPS: 29.9103
I1014 15:11:47.686355  8763 work_thread.hpp:81]  [T-Work-Recog_1] Run work: WorkCompare
I1014 15:11:47.686830  8763 work_compare.cpp:76] Compare face: 0 successed, similarity :0.991885, name : images/ThangLMb.jpg, normal size : 1548 * 1719!
I1014 15:11:47.696211  8758 demo_inner.hpp:177] decode queue size 0
I1014 15:11:47.696329  8761 work_thread.hpp:81]  [T-Work-Detect_0] Run work: WorkDetect
I1014 15:11:47.696365  8761 work_detect.cpp:102] Succeeded to add det start for frame 64
I1014 15:11:47.703011  8761 work_detect.cpp:70] Frame :64 detect result :1 face(s)
I1014 15:11:47.703052  8761 work_detect.cpp:86] Detected bbox: [166 x 211 from (252, 45)]
I1014 15:11:47.703096  8761 work_detect.cpp:120] Succeeded to add det end for frame 64
I1014 15:11:47.703114  8761 work_thread.hpp:81]  [T-Work-Detect_0] Run work: WrokTrack
I1014 15:11:47.703137  8761 work_track.cpp:82] Frame: 64 build input_characts: [0.259375 x 0.586111 from (0.39375, 0.125)], 1.00035, 0
I1014 15:11:47.703192  8761 work_track.cpp:102] Succeeded to set track lock for frame 64
I1014 15:11:47.703233  8761 work_track.cpp:116] Succeeded to release track lock for frame 64
I1014 15:11:47.703248  8761 work_track.cpp:120] Track results of frame 64: 1 objects input, 1 objects tracked!
I1014 15:11:47.703264  8761 work_track.cpp:148] Frame: 64, track bbox: [166 x 211 from (253.167, 47.0535)], gid: 0, lid: 0
I1014 15:11:47.703302  8761 work_thread.hpp:87]  [T-Work-Detect_0] Frame :64 split
I1014 15:11:47.703320  8761 work_thread.hpp:120]  [T-Work-Detect_0] Valid piece: gid = 0
I1014 15:11:47.703338  8761 work_thread.hpp:91]  [T-Work-Detect_0] Push to split queue:recog
I1014 15:11:47.703384  8762 work_thread.hpp:81]  [T-Work-Recog_0] Run work: WorkCapture
I1014 15:11:47.703388  8764 thread_intergrate.hpp:78] [T-Intergrate-intergrate] queue: frame output frame :64
I1014 15:11:47.703418  8764 thread_intergrate.hpp:85] [T-Intergrate-intergrate] queue: compare output face:0
I1014 15:11:47.703436  8764 thread_intergrate.hpp:144] T-Intergrate-intergrate set matched face: 0
I1014 15:11:47.703954  8762 work_thread.hpp:81]  [T-Work-Recog_0] Run work: WorkRecog
I1014 15:11:47.703979  8762 work_recog.hpp:89] Face id: 0 will run recog: bbox [166 x 211 from (252, 45)] quality: 0.470961
I1014 15:11:47.704010  8762 work_recog.hpp:96] Recog pair: [240 x 304 from (216, 0)], [166 x 211 from (36, 45)]
I1014 15:11:47.705142  8764 thread_intergrate.hpp:171] T-Intergrate-intergrate Show face :0, size :640 * 360
I1014 15:11:47.705752  8760 demo_inner.hpp:435] thread [SORT-0]  frame id 64 sorting queue size 6   FPS: 29.9252
I1014 15:11:47.721685  8762 work_thread.hpp:81]  [T-Work-Recog_0] Run work: WorkCompare
I1014 15:11:47.722146  8762 work_compare.cpp:76] Compare face: 0 successed, similarity :0.996699, name : images/ThangLMb.jpg, normal size : 1548 * 1719!
I1014 15:11:47.727061  8758 demo_inner.hpp:177] decode queue size 0
I1014 15:11:47.727161  8761 work_thread.hpp:81]  [T-Work-Detect_0] Run work: WorkDetect
I1014 15:11:47.727195  8761 work_detect.cpp:102] Succeeded to add det start for frame 65
I1014 15:11:47.733863  8761 work_detect.cpp:70] Frame :65 detect result :1 face(s)
I1014 15:11:47.733908  8761 work_detect.cpp:86] Detected bbox: [167 x 214 from (252, 43)]
I1014 15:11:47.733952  8761 work_detect.cpp:120] Succeeded to add det end for frame 65
I1014 15:11:47.733968  8761 work_thread.hpp:81]  [T-Work-Detect_0] Run work: WrokTrack
I1014 15:11:47.733992  8761 work_track.cpp:82] Frame: 65 build input_characts: [0.260938 x 0.594444 from (0.39375, 0.119444)], 1.00035, 0
I1014 15:11:47.734047  8761 work_track.cpp:102] Succeeded to set track lock for frame 65
I1014 15:11:47.734086  8761 work_track.cpp:116] Succeeded to release track lock for frame 65
I1014 15:11:47.734099  8761 work_track.cpp:120] Track results of frame 65: 1 objects input, 1 objects tracked!
I1014 15:11:47.734117  8761 work_track.cpp:148] Frame: 65, track bbox: [167 x 214 from (251.789, 44.1395)], gid: 0, lid: 0
I1014 15:11:47.734154  8761 work_thread.hpp:87]  [T-Work-Detect_0] Frame :65 split
I1014 15:11:47.734171  8761 work_thread.hpp:120]  [T-Work-Detect_0] Valid piece: gid = 0
I1014 15:11:47.734189  8761 work_thread.hpp:91]  [T-Work-Detect_0] Push to split queue:recog
I1014 15:11:47.734256  8764 thread_intergrate.hpp:78] [T-Intergrate-intergrate] queue: frame output frame :65
I1014 15:11:47.734282  8764 thread_intergrate.hpp:85] [T-Intergrate-intergrate] queue: compare output face:0
I1014 15:11:47.734300  8764 thread_intergrate.hpp:144] T-Intergrate-intergrate set matched face: 0
I1014 15:11:47.734238  8763 work_thread.hpp:81]  [T-Work-Recog_1] Run work: WorkCapture
I1014 15:11:47.734988  8763 work_thread.hpp:81]  [T-Work-Recog_1] Run work: WorkRecog
I1014 15:11:47.735016  8763 work_recog.hpp:89] Face id: 0 will run recog: bbox [167 x 214 from (252, 43)] quality: 0.479167
I1014 15:11:47.735051  8763 work_recog.hpp:96] Recog pair: [240 x 304 from (216, 0)], [167 x 214 from (36, 43)]
I1014 15:11:47.735814  8764 thread_intergrate.hpp:171] T-Intergrate-intergrate Show face :0, size :640 * 360
I1014 15:11:47.736407  8760 demo_inner.hpp:435] thread [SORT-0]  frame id 65 sorting queue size 7   FPS: 29.9103
I1014 15:11:47.752526  8763 work_thread.hpp:81]  [T-Work-Recog_1] Run work: WorkCompare
I1014 15:11:47.753008  8763 work_compare.cpp:76] Compare face: 0 successed, similarity :0.995772, name : images/ThangLMb.jpg, normal size : 1548 * 1719!
I1014 15:11:47.762110  8758 demo_inner.hpp:177] decode queue size 0
I1014 15:11:47.762223  8761 work_thread.hpp:81]  [T-Work-Detect_0] Run work: WorkDetect
I1014 15:11:47.762259  8761 work_detect.cpp:102] Succeeded to add det start for frame 66
I1014 15:11:47.768973  8761 work_detect.cpp:70] Frame :66 detect result :1 face(s)
I1014 15:11:47.769024  8761 work_detect.cpp:86] Detected bbox: [170 x 218 from (252, 39)]
I1014 15:11:47.769069  8761 work_detect.cpp:120] Succeeded to add det end for frame 66
I1014 15:11:47.769085  8761 work_thread.hpp:81]  [T-Work-Detect_0] Run work: WrokTrack
I1014 15:11:47.769109  8761 work_track.cpp:82] Frame: 66 build input_characts: [0.265625 x 0.605556 from (0.39375, 0.108333)], 1.00019, 0
I1014 15:11:47.769165  8761 work_track.cpp:102] Succeeded to set track lock for frame 66
I1014 15:11:47.769206  8761 work_track.cpp:116] Succeeded to release track lock for frame 66
I1014 15:11:47.769219  8761 work_track.cpp:120] Track results of frame 66: 1 objects input, 1 objects tracked!
I1014 15:11:47.769311  8761 work_track.cpp:148] Frame: 66, track bbox: [170 x 218 from (250.734, 41.8472)], gid: 0, lid: 0
I1014 15:11:47.769349  8761 work_thread.hpp:87]  [T-Work-Detect_0] Frame :66 split
I1014 15:11:47.769366  8761 work_thread.hpp:120]  [T-Work-Detect_0] Valid piece: gid = 0
I1014 15:11:47.769384  8761 work_thread.hpp:91]  [T-Work-Detect_0] Push to split queue:recog
I1014 15:11:47.769433  8762 work_thread.hpp:81]  [T-Work-Recog_0] Run work: WorkCapture
I1014 15:11:47.769443  8764 thread_intergrate.hpp:78] [T-Intergrate-intergrate] queue: frame output frame :66
I1014 15:11:47.769467  8764 thread_intergrate.hpp:85] [T-Intergrate-intergrate] queue: compare output face:0
I1014 15:11:47.769485  8764 thread_intergrate.hpp:144] T-Intergrate-intergrate set matched face: 0
I1014 15:11:47.770009  8762 work_thread.hpp:81]  [T-Work-Recog_0] Run work: WorkRecog
I1014 15:11:47.770035  8762 work_recog.hpp:89] Face id: 0 will run recog: bbox [170 x 218 from (252, 39)] quality: 0.481581
I1014 15:11:47.770066  8762 work_recog.hpp:96] Recog pair: [240 x 304 from (216, 0)], [170 x 218 from (36, 39)]
I1014 15:11:47.770983  8764 thread_intergrate.hpp:171] T-Intergrate-intergrate Show face :0, size :640 * 360
I1014 15:11:47.771558  8760 demo_inner.hpp:435] thread [SORT-0]  frame id 66 sorting queue size 8   FPS: 29.9252
I1014 15:11:47.787607  8762 work_thread.hpp:81]  [T-Work-Recog_0] Run work: WorkCompare
I1014 15:11:47.788070  8762 work_compare.cpp:76] Compare face: 0 successed, similarity :0.995901, name : images/ThangLMb.jpg, normal size : 1548 * 1719!
I1014 15:11:47.792966  8758 demo_inner.hpp:177] decode queue size 0
I1014 15:11:47.793085  8761 work_thread.hpp:81]  [T-Work-Detect_0] Run work: WorkDetect
I1014 15:11:47.793123  8761 work_detect.cpp:102] Succeeded to add det start for frame 67
I1014 15:11:47.799896  8761 work_detect.cpp:70] Frame :67 detect result :1 face(s)
I1014 15:11:47.799943  8761 work_detect.cpp:86] Detected bbox: [168 x 211 from (253, 45)]
I1014 15:11:47.799988  8761 work_detect.cpp:120] Succeeded to add det end for frame 67
I1014 15:11:47.800004  8761 work_thread.hpp:81]  [T-Work-Detect_0] Run work: WrokTrack
I1014 15:11:47.800029  8761 work_track.cpp:82] Frame: 67 build input_characts: [0.2625 x 0.586111 from (0.395312, 0.125)], 0.999622, 0
I1014 15:11:47.800083  8761 work_track.cpp:102] Succeeded to set track lock for frame 67
I1014 15:11:47.800122  8761 work_track.cpp:116] Succeeded to release track lock for frame 67
I1014 15:11:47.800137  8761 work_track.cpp:120] Track results of frame 67: 1 objects input, 1 objects tracked!
I1014 15:11:47.800154  8761 work_track.cpp:148] Frame: 67, track bbox: [168 x 211 from (252.297, 43.5712)], gid: 0, lid: 0
I1014 15:11:47.800211  8761 work_thread.hpp:87]  [T-Work-Detect_0] Frame :67 split
I1014 15:11:47.800230  8761 work_thread.hpp:120]  [T-Work-Detect_0] Valid piece: gid = 0
I1014 15:11:47.800247  8761 work_thread.hpp:91]  [T-Work-Detect_0] Push to split queue:recog
I1014 15:11:47.800456  8763 work_thread.hpp:81]  [T-Work-Recog_1] Run work: WorkCapture
I1014 15:11:47.800753  8764 thread_intergrate.hpp:78] [T-Intergrate-intergrate] queue: frame output frame :67
I1014 15:11:47.800782  8764 thread_intergrate.hpp:85] [T-Intergrate-intergrate] queue: compare output face:0
I1014 15:11:47.800801  8764 thread_intergrate.hpp:144] T-Intergrate-intergrate set matched face: 0
I1014 15:11:47.801017  8763 work_thread.hpp:81]  [T-Work-Recog_1] Run work: WorkRecog
I1014 15:11:47.801041  8763 work_recog.hpp:89] Face id: 0 will run recog: bbox [168 x 211 from (253, 45)] quality: 0.478462
I1014 15:11:47.801070  8763 work_recog.hpp:96] Recog pair: [240 x 304 from (216, 0)], [168 x 211 from (37, 45)]
I1014 15:11:47.802354  8764 thread_intergrate.hpp:171] T-Intergrate-intergrate Show face :0, size :640 * 360
I1014 15:11:47.802955  8760 demo_inner.hpp:435] thread [SORT-0]  frame id 67 sorting queue size 9   FPS: 29.9103
I1014 15:11:47.818701  8763 work_thread.hpp:81]  [T-Work-Recog_1] Run work: WorkCompare
I1014 15:11:47.819180  8763 work_compare.cpp:76] Compare face: 0 successed, similarity :0.996885, name : images/ThangLMb.jpg, normal size : 1548 * 1719!
I1014 15:11:47.828281  8758 demo_inner.hpp:177] decode queue size 0
I1014 15:11:47.828428  8761 work_thread.hpp:81]  [T-Work-Detect_0] Run work: WorkDetect
I1014 15:11:47.828465  8761 work_detect.cpp:102] Succeeded to add det start for frame 68
I1014 15:11:47.835292  8761 work_detect.cpp:70] Frame :68 detect result :1 face(s)
I1014 15:11:47.835337  8761 work_detect.cpp:86] Detected bbox: [159 x 204 from (255, 65)]
I1014 15:11:47.835381  8761 work_detect.cpp:120] Succeeded to add det end for frame 68
I1014 15:11:47.835397  8761 work_thread.hpp:81]  [T-Work-Detect_0] Run work: WrokTrack
I1014 15:11:47.835422  8761 work_track.cpp:82] Frame: 68 build input_characts: [0.248437 x 0.566667 from (0.398438, 0.180556)], 1.00035, 0
I1014 15:11:47.835477  8761 work_track.cpp:102] Succeeded to set track lock for frame 68
I1014 15:11:47.835516  8761 work_track.cpp:116] Succeeded to release track lock for frame 68
I1014 15:11:47.835530  8761 work_track.cpp:120] Track results of frame 68: 1 objects input, 1 objects tracked!
I1014 15:11:47.835548  8761 work_track.cpp:148] Frame: 68, track bbox: [159 x 204 from (256.324, 53.5363)], gid: 0, lid: 0
I1014 15:11:47.835585  8761 work_thread.hpp:87]  [T-Work-Detect_0] Frame :68 split
I1014 15:11:47.835602  8761 work_thread.hpp:120]  [T-Work-Detect_0] Valid piece: gid = 0
I1014 15:11:47.835620  8761 work_thread.hpp:91]  [T-Work-Detect_0] Push to split queue:recog
I1014 15:11:47.835664  8764 thread_intergrate.hpp:78] [T-Intergrate-intergrate] queue: frame output frame :68
I1014 15:11:47.835664  8762 work_thread.hpp:81]  [T-Work-Recog_0] Run work: WorkCapture
I1014 15:11:47.835695  8764 thread_intergrate.hpp:85] [T-Intergrate-intergrate] queue: compare output face:0
I1014 15:11:47.835714  8764 thread_intergrate.hpp:144] T-Intergrate-intergrate set matched face: 0
I1014 15:11:47.836336  8762 work_thread.hpp:81]  [T-Work-Recog_0] Run work: WorkRecog
I1014 15:11:47.836364  8762 work_recog.hpp:89] Face id: 0 will run recog: bbox [159 x 204 from (255, 65)] quality: 0.469522
I1014 15:11:47.836398  8762 work_recog.hpp:96] Recog pair: [224 x 288 from (224, 24)], [159 x 204 from (31, 41)]
I1014 15:11:47.837234  8764 thread_intergrate.hpp:171] T-Intergrate-intergrate Show face :0, size :640 * 360
I1014 15:11:47.837786  8760 demo_inner.hpp:435] thread [SORT-0]  frame id 68 sorting queue size 10   FPS: 29.9551
I1014 15:11:47.853844  8762 work_thread.hpp:81]  [T-Work-Recog_0] Run work: WorkCompare
I1014 15:11:47.854313  8762 work_compare.cpp:76] Compare face: 0 successed, similarity :0.986356, name : images/ThangLMb.jpg, normal size : 1548 * 1719!
I1014 15:11:47.864729  8758 demo_inner.hpp:177] decode queue size 0
I1014 15:11:47.864851  8761 work_thread.hpp:81]  [T-Work-Detect_0] Run work: WorkDetect
I1014 15:11:47.864886  8761 work_detect.cpp:102] Succeeded to add det start for frame 69
I1014 15:11:47.871670  8761 work_detect.cpp:70] Frame :69 detect result :1 face(s)
I1014 15:11:47.871714  8761 work_detect.cpp:86] Detected bbox: [165 x 209 from (254, 63)]
I1014 15:11:47.871757  8761 work_detect.cpp:120] Succeeded to add det end for frame 69
I1014 15:11:47.871773  8761 work_thread.hpp:81]  [T-Work-Detect_0] Run work: WrokTrack
I1014 15:11:47.871798  8761 work_track.cpp:82] Frame: 69 build input_characts: [0.257812 x 0.580556 from (0.396875, 0.175)], 1.00019, 0
I1014 15:11:47.871852  8761 work_track.cpp:102] Succeeded to set track lock for frame 69
I1014 15:11:47.871891  8761 work_track.cpp:116] Succeeded to release track lock for frame 69
I1014 15:11:47.871906  8761 work_track.cpp:120] Track results of frame 69: 1 objects input, 1 objects tracked!
I1014 15:11:47.871924  8761 work_track.cpp:148] Frame: 69, track bbox: [165 x 209 from (253.742, 60.9769)], gid: 0, lid: 0
I1014 15:11:47.871960  8761 work_thread.hpp:87]  [T-Work-Detect_0] Frame :69 split
I1014 15:11:47.871978  8761 work_thread.hpp:120]  [T-Work-Detect_0] Valid piece: gid = 0
I1014 15:11:47.871995  8761 work_thread.hpp:91]  [T-Work-Detect_0] Push to split queue:recog
I1014 15:11:47.872136  8764 thread_intergrate.hpp:78] [T-Intergrate-intergrate] queue: frame output frame :69
I1014 15:11:47.872136  8763 work_thread.hpp:81]  [T-Work-Recog_1] Run work: WorkCapture
I1014 15:11:47.872203  8764 thread_intergrate.hpp:85] [T-Intergrate-intergrate] queue: compare output face:0
I1014 15:11:47.872223  8764 thread_intergrate.hpp:144] T-Intergrate-intergrate set matched face: 0
I1014 15:11:47.872771  8763 work_thread.hpp:81]  [T-Work-Recog_1] Run work: WorkRecog
I1014 15:11:47.872795  8763 work_recog.hpp:89] Face id: 0 will run recog: bbox [165 x 209 from (254, 63)] quality: 0.47159
I1014 15:11:47.872828  8763 work_recog.hpp:96] Recog pair: [240 x 304 from (216, 16)], [165 x 209 from (38, 47)]
I1014 15:11:47.873929  8764 thread_intergrate.hpp:171] T-Intergrate-intergrate Show face :0, size :640 * 360
I1014 15:11:47.890326  8763 work_thread.hpp:81]  [T-Work-Recog_1] Run work: WorkCompare
I1014 15:11:47.890786  8763 work_compare.cpp:76] Compare face: 0 successed, similarity :0.995287, name : images/ThangLMb.jpg, normal size : 1548 * 1719!
I1014 15:11:47.895042  8758 demo_inner.hpp:177] decode queue size 0
I1014 15:11:47.895153  8761 work_thread.hpp:81]  [T-Work-Detect_0] Run work: WorkDetect
I1014 15:11:47.895190  8761 work_detect.cpp:102] Succeeded to add det start for frame 70
I1014 15:11:47.902017  8761 work_detect.cpp:70] Frame :70 detect result :1 face(s)
I1014 15:11:47.902061  8761 work_detect.cpp:86] Detected bbox: [168 x 212 from (249, 42)]
I1014 15:11:47.902106  8761 work_detect.cpp:120] Succeeded to add det end for frame 70
I1014 15:11:47.902122  8761 work_thread.hpp:81]  [T-Work-Detect_0] Run work: WrokTrack
I1014 15:11:47.902145  8761 work_track.cpp:82] Frame: 70 build input_characts: [0.2625 x 0.588889 from (0.389062, 0.116667)], 1.00019, 0
I1014 15:11:47.902202  8761 work_track.cpp:102] Succeeded to set track lock for frame 70
I1014 15:11:47.902242  8761 work_track.cpp:116] Succeeded to release track lock for frame 70
I1014 15:11:47.902420  8761 work_track.cpp:120] Track results of frame 70: 1 objects input, 1 objects tracked!
I1014 15:11:47.902441  8761 work_track.cpp:148] Frame: 70, track bbox: [168 x 212 from (250.411, 53.8221)], gid: 0, lid: 0
I1014 15:11:47.902477  8761 work_thread.hpp:87]  [T-Work-Detect_0] Frame :70 split
I1014 15:11:47.902495  8761 work_thread.hpp:120]  [T-Work-Detect_0] Valid piece: gid = 0
I1014 15:11:47.902513  8761 work_thread.hpp:91]  [T-Work-Detect_0] Push to split queue:recog
I1014 15:11:47.902552  8762 work_thread.hpp:81]  [T-Work-Recog_0] Run work: WorkCapture
I1014 15:11:47.902570  8764 thread_intergrate.hpp:78] [T-Intergrate-intergrate] queue: frame output frame :70
I1014 15:11:47.902595  8764 thread_intergrate.hpp:85] [T-Intergrate-intergrate] queue: compare output face:0
I1014 15:11:47.902612  8764 thread_intergrate.hpp:144] T-Intergrate-intergrate set matched face: 0
I1014 15:11:47.903137  8762 work_thread.hpp:81]  [T-Work-Recog_0] Run work: WorkRecog
I1014 15:11:47.903163  8762 work_recog.hpp:89] Face id: 0 will run recog: bbox [168 x 212 from (249, 42)] quality: 0.4705
I1014 15:11:47.903193  8762 work_recog.hpp:96] Recog pair: [240 x 296 from (216, 0)], [168 x 212 from (33, 42)]
I1014 15:11:47.904108  8764 thread_intergrate.hpp:171] T-Intergrate-intergrate Show face :0, size :640 * 360
I1014 15:11:47.920701  8762 work_thread.hpp:81]  [T-Work-Recog_0] Run work: WorkCompare
I1014 15:11:47.921178  8762 work_compare.cpp:76] Compare face: 0 successed, similarity :0.995383, name : images/ThangLMb.jpg, normal size : 1548 * 1719!
I1014 15:11:47.930204  8758 demo_inner.hpp:177] decode queue size 0
I1014 15:11:47.930337  8761 work_thread.hpp:81]  [T-Work-Detect_0] Run work: WorkDetect
I1014 15:11:47.930378  8761 work_detect.cpp:102] Succeeded to add det start for frame 71
I1014 15:11:47.937216  8761 work_detect.cpp:70] Frame :71 detect result :1 face(s)
I1014 15:11:47.937268  8761 work_detect.cpp:86] Detected bbox: [159 x 204 from (255, 64)]
I1014 15:11:47.937312  8761 work_detect.cpp:120] Succeeded to add det end for frame 71
I1014 15:11:47.937402  8761 work_thread.hpp:81]  [T-Work-Detect_0] Run work: WrokTrack
I1014 15:11:47.937427  8761 work_track.cpp:82] Frame: 71 build input_characts: [0.248437 x 0.566667 from (0.398438, 0.177778)], 1.00019, 0
I1014 15:11:47.937484  8761 work_track.cpp:102] Succeeded to set track lock for frame 71
I1014 15:11:47.937523  8761 work_track.cpp:116] Succeeded to release track lock for frame 71
I1014 15:11:47.937537  8761 work_track.cpp:120] Track results of frame 71: 1 objects input, 1 objects tracked!
I1014 15:11:47.937556  8761 work_track.cpp:148] Frame: 71, track bbox: [159 x 204 from (254.322, 61.7681)], gid: 0, lid: 0
I1014 15:11:47.937592  8761 work_thread.hpp:87]  [T-Work-Detect_0] Frame :71 split
I1014 15:11:47.937609  8761 work_thread.hpp:120]  [T-Work-Detect_0] Valid piece: gid = 0
I1014 15:11:47.937628  8761 work_thread.hpp:91]  [T-Work-Detect_0] Push to split queue:recog
I1014 15:11:47.937674  8763 work_thread.hpp:81]  [T-Work-Recog_1] Run work: WorkCapture
I1014 15:11:47.937682  8764 thread_intergrate.hpp:78] [T-Intergrate-intergrate] queue: frame output frame :71
I1014 15:11:47.937706  8764 thread_intergrate.hpp:85] [T-Intergrate-intergrate] queue: compare output face:0
I1014 15:11:47.937724  8764 thread_intergrate.hpp:144] T-Intergrate-intergrate set matched face: 0
I1014 15:11:47.938330  8763 work_thread.hpp:81]  [T-Work-Recog_1] Run work: WorkRecog
I1014 15:11:47.938355  8763 work_recog.hpp:89] Face id: 0 will run recog: bbox [159 x 204 from (255, 64)] quality: 0.479283
I1014 15:11:47.938383  8763 work_recog.hpp:96] Recog pair: [224 x 288 from (224, 24)], [159 x 204 from (31, 40)]
I1014 15:11:47.939399  8764 thread_intergrate.hpp:171] T-Intergrate-intergrate Show face :0, size :640 * 360
I1014 15:11:47.955832  8763 work_thread.hpp:81]  [T-Work-Recog_1] Run work: WorkCompare
I1014 15:11:47.956311  8763 work_compare.cpp:76] Compare face: 0 successed, similarity :0.995329, name : images/ThangLMb.jpg, normal size : 1548 * 1719!
I1014 15:11:47.961032  8758 demo_inner.hpp:177] decode queue size 0
I1014 15:11:47.961170  8761 work_thread.hpp:81]  [T-Work-Detect_0] Run work: WorkDetect
