I1014 15:47:19.564970  9486 work_thread.hpp:87]  [T-Work-Detect_0] Frame :35 split
I1014 15:47:19.565021  9489 thread_intergrate.hpp:78] [T-Intergrate-intergrate] queue: frame output frame :35
I1014 15:47:19.566555  9485 demo_inner.hpp:435] thread [SORT-0]  frame id 35 sorting queue size 0   FPS: 29.877
I1014 15:47:19.593926  9483 demo_inner.hpp:177] decode queue size 0
I1014 15:47:19.594034  9486 work_thread.hpp:81]  [T-Work-Detect_0] Run work: WorkDetect
I1014 15:47:19.594069  9486 work_detect.cpp:102] Succeeded to add det start for frame 36
I1014 15:47:19.600551  9486 work_detect.cpp:70] Frame :36 detect result :1 face(s)
W1014 15:47:19.600587  9486 work_detect.cpp:83] Invalid bbox: [136 x 155 from (271, 238)]
I1014 15:47:19.600661  9486 work_detect.cpp:120] Succeeded to add det end for frame 36
I1014 15:47:19.600678  9486 work_thread.hpp:81]  [T-Work-Detect_0] Run work: WrokTrack
I1014 15:47:19.600704  9486 work_track.cpp:102] Succeeded to set track lock for frame 36
I1014 15:47:19.600731  9486 work_track.cpp:116] Succeeded to release track lock for frame 36
I1014 15:47:19.600745  9486 work_track.cpp:120] Track results of frame 36: 0 objects input, 0 objects tracked!
I1014 15:47:19.600764  9486 work_thread.hpp:87]  [T-Work-Detect_0] Frame :36 split
I1014 15:47:19.600811  9489 thread_intergrate.hpp:78] [T-Intergrate-intergrate] queue: frame output frame :36
I1014 15:47:19.602334  9485 demo_inner.hpp:435] thread [SORT-0]  frame id 36 sorting queue size 1   FPS: 29.8126
I1014 15:47:19.623948  9483 demo_inner.hpp:177] decode queue size 0
I1014 15:47:19.624053  9486 work_thread.hpp:81]  [T-Work-Detect_0] Run work: WorkDetect
I1014 15:47:19.624089  9486 work_detect.cpp:102] Succeeded to add det start for frame 37
I1014 15:47:19.630643  9486 work_detect.cpp:70] Frame :37 detect result :1 face(s)
W1014 15:47:19.630686  9486 work_detect.cpp:83] Invalid bbox: [138 x 159 from (271, 237)]
I1014 15:47:19.630759  9486 work_detect.cpp:120] Succeeded to add det end for frame 37
I1014 15:47:19.630776  9486 work_thread.hpp:81]  [T-Work-Detect_0] Run work: WrokTrack
I1014 15:47:19.630803  9486 work_track.cpp:102] Succeeded to set track lock for frame 37
I1014 15:47:19.630831  9486 work_track.cpp:116] Succeeded to release track lock for frame 37
I1014 15:47:19.630843  9486 work_track.cpp:120] Track results of frame 37: 0 objects input, 0 objects tracked!
I1014 15:47:19.630862  9486 work_thread.hpp:87]  [T-Work-Detect_0] Frame :37 split
I1014 15:47:19.630923  9489 thread_intergrate.hpp:78] [T-Intergrate-intergrate] queue: frame output frame :37
I1014 15:47:19.632462  9485 demo_inner.hpp:435] thread [SORT-0]  frame id 37 sorting queue size 2   FPS: 29.9003
I1014 15:47:19.652002  9484 demo_inner.hpp:260]  gui queue size 2, state = running
I1014 15:47:19.659976  9483 demo_inner.hpp:177] decode queue size 0
I1014 15:47:19.660094  9486 work_thread.hpp:81]  [T-Work-Detect_0] Run work: WorkDetect
I1014 15:47:19.660137  9486 work_detect.cpp:102] Succeeded to add det start for frame 38
I1014 15:47:19.667261  9486 work_detect.cpp:70] Frame :38 detect result :1 face(s)
W1014 15:47:19.667305  9486 work_detect.cpp:83] Invalid bbox: [137 x 159 from (275, 236)]
I1014 15:47:19.667379  9486 work_detect.cpp:120] Succeeded to add det end for frame 38
I1014 15:47:19.667395  9486 work_thread.hpp:81]  [T-Work-Detect_0] Run work: WrokTrack
I1014 15:47:19.667423  9486 work_track.cpp:102] Succeeded to set track lock for frame 38
I1014 15:47:19.667449  9486 work_track.cpp:116] Succeeded to release track lock for frame 38
I1014 15:47:19.667508  9486 work_track.cpp:120] Track results of frame 38: 0 objects input, 0 objects tracked!
I1014 15:47:19.667529  9486 work_thread.hpp:87]  [T-Work-Detect_0] Frame :38 split
I1014 15:47:19.667835  9489 thread_intergrate.hpp:78] [T-Intergrate-intergrate] queue: frame output frame :38
I1014 15:47:19.669332  9485 demo_inner.hpp:435] thread [SORT-0]  frame id 38 sorting queue size 0   FPS: 29.8147
I1014 15:47:19.695953  9483 demo_inner.hpp:177] decode queue size 0
I1014 15:47:19.696058  9486 work_thread.hpp:81]  [T-Work-Detect_0] Run work: WorkDetect
I1014 15:47:19.696095  9486 work_detect.cpp:102] Succeeded to add det start for frame 39
I1014 15:47:19.702669  9486 work_detect.cpp:70] Frame :39 detect result :1 face(s)
W1014 15:47:19.702714  9486 work_detect.cpp:83] Invalid bbox: [134 x 156 from (276, 240)]
I1014 15:47:19.702787  9486 work_detect.cpp:120] Succeeded to add det end for frame 39
I1014 15:47:19.702805  9486 work_thread.hpp:81]  [T-Work-Detect_0] Run work: WrokTrack
I1014 15:47:19.702831  9486 work_track.cpp:102] Succeeded to set track lock for frame 39
I1014 15:47:19.702857  9486 work_track.cpp:116] Succeeded to release track lock for frame 39
I1014 15:47:19.702872  9486 work_track.cpp:120] Track results of frame 39: 0 objects input, 0 objects tracked!
I1014 15:47:19.702889  9486 work_thread.hpp:87]  [T-Work-Detect_0] Frame :39 split
I1014 15:47:19.702935  9489 thread_intergrate.hpp:78] [T-Intergrate-intergrate] queue: frame output frame :39
I1014 15:47:19.704484  9485 demo_inner.hpp:435] thread [SORT-0]  frame id 39 sorting queue size 1   FPS: 29.7806
I1014 15:47:19.719105  9484 demo_inner.hpp:260]  gui queue size 1, state = running
I1014 15:47:19.726163  9483 demo_inner.hpp:177] decode queue size 0
I1014 15:47:19.726279  9486 work_thread.hpp:81]  [T-Work-Detect_0] Run work: WorkDetect
I1014 15:47:19.726315  9486 work_detect.cpp:102] Succeeded to add det start for frame 40
I1014 15:47:19.732897  9486 work_detect.cpp:70] Frame :40 detect result :1 face(s)
W1014 15:47:19.732937  9486 work_detect.cpp:83] Invalid bbox: [143 x 159 from (273, 241)]
I1014 15:47:19.733011  9486 work_detect.cpp:120] Succeeded to add det end for frame 40
I1014 15:47:19.733026  9486 work_thread.hpp:81]  [T-Work-Detect_0] Run work: WrokTrack
I1014 15:47:19.733053  9486 work_track.cpp:102] Succeeded to set track lock for frame 40
I1014 15:47:19.733080  9486 work_track.cpp:116] Succeeded to release track lock for frame 40
I1014 15:47:19.733093  9486 work_track.cpp:120] Track results of frame 40: 0 objects input, 0 objects tracked!
I1014 15:47:19.733112  9486 work_thread.hpp:87]  [T-Work-Detect_0] Frame :40 split
I1014 15:47:19.733162  9489 thread_intergrate.hpp:78] [T-Intergrate-intergrate] queue: frame output frame :40
I1014 15:47:19.734678  9485 demo_inner.hpp:435] thread [SORT-0]  frame id 40 sorting queue size 0   FPS: 29.8393
I1014 15:47:19.762027  9483 demo_inner.hpp:177] decode queue size 0
I1014 15:47:19.762136  9486 work_thread.hpp:81]  [T-Work-Detect_0] Run work: WorkDetect
I1014 15:47:19.762176  9486 work_detect.cpp:102] Succeeded to add det start for frame 41
I1014 15:47:19.768761  9486 work_detect.cpp:70] Frame :41 detect result :1 face(s)
W1014 15:47:19.768806  9486 work_detect.cpp:83] Invalid bbox: [147 x 149 from (280, 245)]
I1014 15:47:19.768878  9486 work_detect.cpp:120] Succeeded to add det end for frame 41
I1014 15:47:19.768895  9486 work_thread.hpp:81]  [T-Work-Detect_0] Run work: WrokTrack
I1014 15:47:19.768923  9486 work_track.cpp:102] Succeeded to set track lock for frame 41
I1014 15:47:19.768949  9486 work_track.cpp:116] Succeeded to release track lock for frame 41
I1014 15:47:19.768963  9486 work_track.cpp:120] Track results of frame 41: 0 objects input, 0 objects tracked!
I1014 15:47:19.768981  9486 work_thread.hpp:87]  [T-Work-Detect_0] Frame :41 split
I1014 15:47:19.769028  9489 thread_intergrate.hpp:78] [T-Intergrate-intergrate] queue: frame output frame :41
I1014 15:47:19.770570  9485 demo_inner.hpp:435] thread [SORT-0]  frame id 41 sorting queue size 1   FPS: 29.7841
I1014 15:47:19.786316  9484 demo_inner.hpp:260]  gui queue size 1, state = running
I1014 15:47:19.792217  9483 demo_inner.hpp:177] decode queue size 0
I1014 15:47:19.792322  9486 work_thread.hpp:81]  [T-Work-Detect_0] Run work: WorkDetect
I1014 15:47:19.792359  9486 work_detect.cpp:102] Succeeded to add det start for frame 42
I1014 15:47:19.798893  9486 work_detect.cpp:70] Frame :42 detect result :1 face(s)
W1014 15:47:19.798933  9486 work_detect.cpp:83] Invalid bbox: [144 x 148 from (286, 245)]
I1014 15:47:19.799005  9486 work_detect.cpp:120] Succeeded to add det end for frame 42
I1014 15:47:19.799022  9486 work_thread.hpp:81]  [T-Work-Detect_0] Run work: WrokTrack
I1014 15:47:19.799049  9486 work_track.cpp:102] Succeeded to set track lock for frame 42
I1014 15:47:19.799077  9486 work_track.cpp:116] Succeeded to release track lock for frame 42
I1014 15:47:19.799090  9486 work_track.cpp:120] Track results of frame 42: 0 objects input, 0 objects tracked!
I1014 15:47:19.799108  9486 work_thread.hpp:87]  [T-Work-Detect_0] Frame :42 split
I1014 15:47:19.799160  9489 thread_intergrate.hpp:78] [T-Intergrate-intergrate] queue: frame output frame :42
I1014 15:47:19.800685  9485 demo_inner.hpp:435] thread [SORT-0]  frame id 42 sorting queue size 0   FPS: 29.8616
I1014 15:47:19.828335  9483 demo_inner.hpp:177] decode queue size 0
I1014 15:47:19.828440  9486 work_thread.hpp:81]  [T-Work-Detect_0] Run work: WorkDetect
I1014 15:47:19.828478  9486 work_detect.cpp:102] Succeeded to add det start for frame 43
I1014 15:47:19.834990  9486 work_detect.cpp:70] Frame :43 detect result :1 face(s)
W1014 15:47:19.835031  9486 work_detect.cpp:83] Invalid bbox: [145 x 149 from (287, 243)]
I1014 15:47:19.835105  9486 work_detect.cpp:120] Succeeded to add det end for frame 43
I1014 15:47:19.835122  9486 work_thread.hpp:81]  [T-Work-Detect_0] Run work: WrokTrack
I1014 15:47:19.835150  9486 work_track.cpp:102] Succeeded to set track lock for frame 43
I1014 15:47:19.835176  9486 work_track.cpp:116] Succeeded to release track lock for frame 43
I1014 15:47:19.835189  9486 work_track.cpp:120] Track results of frame 43: 0 objects input, 0 objects tracked!
I1014 15:47:19.835208  9486 work_thread.hpp:87]  [T-Work-Detect_0] Frame :43 split
I1014 15:47:19.835256  9489 thread_intergrate.hpp:78] [T-Intergrate-intergrate] queue: frame output frame :43
I1014 15:47:19.836769  9485 demo_inner.hpp:435] thread [SORT-0]  frame id 43 sorting queue size 1   FPS: 29.8084
I1014 15:47:19.858407  9483 demo_inner.hpp:177] decode queue size 0
I1014 15:47:19.858525  9486 work_thread.hpp:81]  [T-Work-Detect_0] Run work: WorkDetect
I1014 15:47:19.858561  9486 work_detect.cpp:102] Succeeded to add det start for frame 44
I1014 15:47:19.861415  9484 demo_inner.hpp:260]  gui queue size 1, state = running
I1014 15:47:19.865402  9486 work_detect.cpp:70] Frame :44 detect result :1 face(s)
W1014 15:47:19.865456  9486 work_detect.cpp:83] Invalid bbox: [143 x 149 from (295, 244)]
I1014 15:47:19.865788  9486 work_detect.cpp:120] Succeeded to add det end for frame 44
I1014 15:47:19.865808  9486 work_thread.hpp:81]  [T-Work-Detect_0] Run work: WrokTrack
I1014 15:47:19.865837  9486 work_track.cpp:102] Succeeded to set track lock for frame 44
I1014 15:47:19.865865  9486 work_track.cpp:116] Succeeded to release track lock for frame 44
I1014 15:47:19.865878  9486 work_track.cpp:120] Track results of frame 44: 0 objects input, 0 objects tracked!
I1014 15:47:19.865897  9486 work_thread.hpp:87]  [T-Work-Detect_0] Frame :44 split
I1014 15:47:19.865947  9489 thread_intergrate.hpp:78] [T-Intergrate-intergrate] queue: frame output frame :44
I1014 15:47:19.867636  9485 demo_inner.hpp:435] thread [SORT-0]  frame id 44 sorting queue size 0   FPS: 29.8819
I1014 15:47:19.894281  9483 demo_inner.hpp:177] decode queue size 0
I1014 15:47:19.894398  9486 work_thread.hpp:81]  [T-Work-Detect_0] Run work: WorkDetect
I1014 15:47:19.894435  9486 work_detect.cpp:102] Succeeded to add det start for frame 45
I1014 15:47:19.901005  9486 work_detect.cpp:70] Frame :45 detect result :1 face(s)
W1014 15:47:19.901049  9486 work_detect.cpp:83] Invalid bbox: [144 x 152 from (298, 241)]
I1014 15:47:19.901233  9486 work_detect.cpp:120] Succeeded to add det end for frame 45
I1014 15:47:19.901252  9486 work_thread.hpp:81]  [T-Work-Detect_0] Run work: WrokTrack
I1014 15:47:19.901278  9486 work_track.cpp:102] Succeeded to set track lock for frame 45
I1014 15:47:19.901306  9486 work_track.cpp:116] Succeeded to release track lock for frame 45
I1014 15:47:19.901320  9486 work_track.cpp:120] Track results of frame 45: 0 objects input, 0 objects tracked!
I1014 15:47:19.901338  9486 work_thread.hpp:87]  [T-Work-Detect_0] Frame :45 split
I1014 15:47:19.901384  9489 thread_intergrate.hpp:78] [T-Intergrate-intergrate] queue: frame output frame :45
I1014 15:47:19.902894  9485 demo_inner.hpp:435] thread [SORT-0]  frame id 45 sorting queue size 1   FPS: 29.8305
I1014 15:47:19.930610  9483 demo_inner.hpp:177] decode queue size 0
I1014 15:47:19.930743  9486 work_thread.hpp:81]  [T-Work-Detect_0] Run work: WorkDetect
I1014 15:47:19.930783  9486 work_detect.cpp:102] Succeeded to add det start for frame 46
I1014 15:47:19.937325  9486 work_detect.cpp:70] Frame :46 detect result :1 face(s)
W1014 15:47:19.937377  9486 work_detect.cpp:83] Invalid bbox: [143 x 164 from (299, 235)]
I1014 15:47:19.937501  9486 work_detect.cpp:120] Succeeded to add det end for frame 46
I1014 15:47:19.937520  9486 work_thread.hpp:81]  [T-Work-Detect_0] Run work: WrokTrack
I1014 15:47:19.937546  9486 work_track.cpp:102] Succeeded to set track lock for frame 46
I1014 15:47:19.937573  9486 work_track.cpp:116] Succeeded to release track lock for frame 46
I1014 15:47:19.937587  9486 work_track.cpp:120] Track results of frame 46: 0 objects input, 0 objects tracked!
I1014 15:47:19.937605  9486 work_thread.hpp:87]  [T-Work-Detect_0] Frame :46 split
I1014 15:47:19.937659  9489 thread_intergrate.hpp:78] [T-Intergrate-intergrate] queue: frame output frame :46
I1014 15:47:19.939159  9485 demo_inner.hpp:435] thread [SORT-0]  frame id 46 sorting queue size 2   FPS: 29.7816
I1014 15:47:19.953389  9484 demo_inner.hpp:260]  gui queue size 2, state = running
I1014 15:47:19.960722  9483 demo_inner.hpp:177] decode queue size 0
I1014 15:47:19.960822  9486 work_thread.hpp:81]  [T-Work-Detect_0] Run work: WorkDetect
I1014 15:47:19.960858  9486 work_detect.cpp:102] Succeeded to add det start for frame 47
I1014 15:47:19.967455  9486 work_detect.cpp:70] Frame :47 detect result :1 face(s)
W1014 15:47:19.967499  9486 work_detect.cpp:83] Invalid bbox: [149 x 162 from (297, 237)]
I1014 15:47:19.967594  9486 work_detect.cpp:120] Succeeded to add det end for frame 47
I1014 15:47:19.967612  9486 work_thread.hpp:81]  [T-Work-Detect_0] Run work: WrokTrack
I1014 15:47:19.967638  9486 work_track.cpp:102] Succeeded to set track lock for frame 47
I1014 15:47:19.967664  9486 work_track.cpp:116] Succeeded to release track lock for frame 47
I1014 15:47:19.967679  9486 work_track.cpp:120] Track results of frame 47: 0 objects input, 0 objects tracked!
I1014 15:47:19.967696  9486 work_thread.hpp:87]  [T-Work-Detect_0] Frame :47 split
I1014 15:47:19.967746  9489 thread_intergrate.hpp:78] [T-Intergrate-intergrate] queue: frame output frame :47
I1014 15:47:19.969247  9485 demo_inner.hpp:435] thread [SORT-0]  frame id 47 sorting queue size 0   FPS: 29.8507
I1014 15:47:19.996556  9483 demo_inner.hpp:177] decode queue size 0
I1014 15:47:19.996692  9486 work_thread.hpp:81]  [T-Work-Detect_0] Run work: WorkDetect
I1014 15:47:19.996728  9486 work_detect.cpp:102] Succeeded to add det start for frame 48
I1014 15:47:20.003199  9486 work_detect.cpp:70] Frame :48 detect result :1 face(s)
W1014 15:47:20.003240  9486 work_detect.cpp:83] Invalid bbox: [156 x 178 from (303, 217)]
I1014 15:47:20.003335  9486 work_detect.cpp:120] Succeeded to add det end for frame 48
I1014 15:47:20.003352  9486 work_thread.hpp:81]  [T-Work-Detect_0] Run work: WrokTrack
I1014 15:47:20.003379  9486 work_track.cpp:102] Succeeded to set track lock for frame 48
I1014 15:47:20.003407  9486 work_track.cpp:116] Succeeded to release track lock for frame 48
I1014 15:47:20.003422  9486 work_track.cpp:120] Track results of frame 48: 0 objects input, 0 objects tracked!
I1014 15:47:20.003486  9486 work_thread.hpp:87]  [T-Work-Detect_0] Frame :48 split
I1014 15:47:20.003540  9489 thread_intergrate.hpp:78] [T-Intergrate-intergrate] queue: frame output frame :48
I1014 15:47:20.005048  9485 demo_inner.hpp:435] thread [SORT-0]  frame id 48 sorting queue size 1   FPS: 29.8034
I1014 15:47:20.026362  9484 demo_inner.hpp:260]  gui queue size 1, state = running
I1014 15:47:20.026856  9483 demo_inner.hpp:177] decode queue size 0
I1014 15:47:20.026978  9486 work_thread.hpp:81]  [T-Work-Detect_0] Run work: WorkDetect
I1014 15:47:20.027015  9486 work_detect.cpp:102] Succeeded to add det start for frame 49
I1014 15:47:20.033615  9486 work_detect.cpp:70] Frame :49 detect result :1 face(s)
W1014 15:47:20.033669  9486 work_detect.cpp:83] Invalid bbox: [147 x 176 from (296, 207)]
I1014 15:47:20.033799  9486 work_detect.cpp:120] Succeeded to add det end for frame 49
I1014 15:47:20.033818  9486 work_thread.hpp:81]  [T-Work-Detect_0] Run work: WrokTrack
I1014 15:47:20.033846  9486 work_track.cpp:102] Succeeded to set track lock for frame 49
I1014 15:47:20.033874  9486 work_track.cpp:116] Succeeded to release track lock for frame 49
I1014 15:47:20.033888  9486 work_track.cpp:120] Track results of frame 49: 0 objects input, 0 objects tracked!
I1014 15:47:20.033906  9486 work_thread.hpp:87]  [T-Work-Detect_0] Frame :49 split
I1014 15:47:20.033965  9489 thread_intergrate.hpp:78] [T-Intergrate-intergrate] queue: frame output frame :49
I1014 15:47:20.035667  9485 demo_inner.hpp:435] thread [SORT-0]  frame id 49 sorting queue size 0   FPS: 29.8693
I1014 15:47:20.062695  9483 demo_inner.hpp:177] decode queue size 0
I1014 15:47:20.062810  9486 work_thread.hpp:81]  [T-Work-Detect_0] Run work: WorkDetect
I1014 15:47:20.062847  9486 work_detect.cpp:102] Succeeded to add det start for frame 50
I1014 15:47:20.070554  9486 work_detect.cpp:70] Frame :50 detect result :1 face(s)
W1014 15:47:20.070598  9486 work_detect.cpp:83] Invalid bbox: [149 x 192 from (297, 191)]
I1014 15:47:20.070694  9486 work_detect.cpp:120] Succeeded to add det end for frame 50
I1014 15:47:20.070711  9486 work_thread.hpp:81]  [T-Work-Detect_0] Run work: WrokTrack
I1014 15:47:20.070739  9486 work_track.cpp:102] Succeeded to set track lock for frame 50
I1014 15:47:20.070765  9486 work_track.cpp:116] Succeeded to release track lock for frame 50
I1014 15:47:20.070780  9486 work_track.cpp:120] Track results of frame 50: 0 objects input, 0 objects tracked!
I1014 15:47:20.070797  9486 work_thread.hpp:87]  [T-Work-Detect_0] Frame :50 split
I1014 15:47:20.071319  9489 thread_intergrate.hpp:78] [T-Intergrate-intergrate] queue: frame output frame :50
I1014 15:47:20.072806  9485 demo_inner.hpp:435] thread [SORT-0]  frame id 50 sorting queue size 1   FPS: 29.7872
I1014 15:47:20.092682  9483 demo_inner.hpp:177] decode queue size 0
I1014 15:47:20.092794  9486 work_thread.hpp:81]  [T-Work-Detect_0] Run work: WorkDetect
I1014 15:47:20.092831  9486 work_detect.cpp:102] Succeeded to add det start for frame 51
I1014 15:47:20.099648  9486 work_detect.cpp:70] Frame :51 detect result :1 face(s)
W1014 15:47:20.099694  9486 work_detect.cpp:83] Invalid bbox: [152 x 185 from (308, 196)]
I1014 15:47:20.099790  9486 work_detect.cpp:120] Succeeded to add det end for frame 51
I1014 15:47:20.099807  9486 work_thread.hpp:81]  [T-Work-Detect_0] Run work: WrokTrack
I1014 15:47:20.099833  9486 work_track.cpp:102] Succeeded to set track lock for frame 51
I1014 15:47:20.099860  9486 work_track.cpp:116] Succeeded to release track lock for frame 51
I1014 15:47:20.099874  9486 work_track.cpp:120] Track results of frame 51: 0 objects input, 0 objects tracked!
I1014 15:47:20.099894  9486 work_thread.hpp:87]  [T-Work-Detect_0] Frame :51 split
I1014 15:47:20.099944  9489 thread_intergrate.hpp:78] [T-Intergrate-intergrate] queue: frame output frame :51
I1014 15:47:20.101488  9485 demo_inner.hpp:435] thread [SORT-0]  frame id 51 sorting queue size 2   FPS: 29.8864
I1014 15:47:20.109863  9484 demo_inner.hpp:260]  gui queue size 2, state = running
I1014 15:47:20.128618  9483 demo_inner.hpp:177] decode queue size 0
I1014 15:47:20.128729  9486 work_thread.hpp:81]  [T-Work-Detect_0] Run work: WorkDetect
I1014 15:47:20.128768  9486 work_detect.cpp:102] Succeeded to add det start for frame 52
I1014 15:47:20.135442  9486 work_detect.cpp:70] Frame :52 detect result :1 face(s)
W1014 15:47:20.135483  9486 work_detect.cpp:83] Invalid bbox: [150 x 188 from (296, 175)]
I1014 15:47:20.135610  9486 work_detect.cpp:120] Succeeded to add det end for frame 52
I1014 15:47:20.135628  9486 work_thread.hpp:81]  [T-Work-Detect_0] Run work: WrokTrack
I1014 15:47:20.135655  9486 work_track.cpp:102] Succeeded to set track lock for frame 52
I1014 15:47:20.135682  9486 work_track.cpp:116] Succeeded to release track lock for frame 52
I1014 15:47:20.135696  9486 work_track.cpp:120] Track results of frame 52: 0 objects input, 0 objects tracked!
I1014 15:47:20.135715  9486 work_thread.hpp:87]  [T-Work-Detect_0] Frame :52 split
I1014 15:47:20.135762  9489 thread_intergrate.hpp:78] [T-Intergrate-intergrate] queue: frame output frame :52
I1014 15:47:20.137234  9485 demo_inner.hpp:435] thread [SORT-0]  frame id 52 sorting queue size 0   FPS: 29.842
I1014 15:47:20.158742  9483 demo_inner.hpp:177] decode queue size 0
I1014 15:47:20.158843  9486 work_thread.hpp:81]  [T-Work-Detect_0] Run work: WorkDetect
I1014 15:47:20.158879  9486 work_detect.cpp:102] Succeeded to add det start for frame 53
I1014 15:47:20.165604  9486 work_detect.cpp:70] Frame :53 detect result :1 face(s)
W1014 15:47:20.165650  9486 work_detect.cpp:83] Invalid bbox: [159 x 196 from (302, 173)]
I1014 15:47:20.165747  9486 work_detect.cpp:120] Succeeded to add det end for frame 53
I1014 15:47:20.165765  9486 work_thread.hpp:81]  [T-Work-Detect_0] Run work: WrokTrack
I1014 15:47:20.165792  9486 work_track.cpp:102] Succeeded to set track lock for frame 53
I1014 15:47:20.165818  9486 work_track.cpp:116] Succeeded to release track lock for frame 53
I1014 15:47:20.165832  9486 work_track.cpp:120] Track results of frame 53: 0 objects input, 0 objects tracked!
I1014 15:47:20.165850  9486 work_thread.hpp:87]  [T-Work-Detect_0] Frame :53 split
I1014 15:47:20.165915  9489 thread_intergrate.hpp:78] [T-Intergrate-intergrate] queue: frame output frame :53
I1014 15:47:20.167412  9485 demo_inner.hpp:435] thread [SORT-0]  frame id 53 sorting queue size 1   FPS: 29.9022
I1014 15:47:20.176995  9484 demo_inner.hpp:260]  gui queue size 1, state = running
I1014 15:47:20.194703  9483 demo_inner.hpp:177] decode queue size 0
I1014 15:47:20.194819  9486 work_thread.hpp:81]  [T-Work-Detect_0] Run work: WorkDetect
I1014 15:47:20.194857  9486 work_detect.cpp:102] Succeeded to add det start for frame 54
I1014 15:47:20.201694  9486 work_detect.cpp:70] Frame :54 detect result :1 face(s)
W1014 15:47:20.201740  9486 work_detect.cpp:83] Invalid bbox: [148 x 196 from (295, 167)]
I1014 15:47:20.201872  9486 work_detect.cpp:120] Succeeded to add det end for frame 54
I1014 15:47:20.201890  9486 work_thread.hpp:81]  [T-Work-Detect_0] Run work: WrokTrack
I1014 15:47:20.201917  9486 work_track.cpp:102] Succeeded to set track lock for frame 54
I1014 15:47:20.201944  9486 work_track.cpp:116] Succeeded to release track lock for frame 54
I1014 15:47:20.201958  9486 work_track.cpp:120] Track results of frame 54: 0 objects input, 0 objects tracked!
I1014 15:47:20.201977  9486 work_thread.hpp:87]  [T-Work-Detect_0] Frame :54 split
I1014 15:47:20.202024  9489 thread_intergrate.hpp:78] [T-Intergrate-intergrate] queue: frame output frame :54
I1014 15:47:20.203704  9485 demo_inner.hpp:435] thread [SORT-0]  frame id 54 sorting queue size 0   FPS: 29.8592
I1014 15:47:20.230609  9483 demo_inner.hpp:177] decode queue size 0
I1014 15:47:20.230716  9486 work_thread.hpp:81]  [T-Work-Detect_0] Run work: WorkDetect
I1014 15:47:20.230753  9486 work_detect.cpp:102] Succeeded to add det start for frame 55
I1014 15:47:20.237416  9486 work_detect.cpp:70] Frame :55 detect result :1 face(s)
W1014 15:47:20.237462  9486 work_detect.cpp:83] Invalid bbox: [163 x 211 from (288, 157)]
I1014 15:47:20.237601  9486 work_detect.cpp:120] Succeeded to add det end for frame 55
I1014 15:47:20.237620  9486 work_thread.hpp:81]  [T-Work-Detect_0] Run work: WrokTrack
I1014 15:47:20.237648  9486 work_track.cpp:102] Succeeded to set track lock for frame 55
I1014 15:47:20.237675  9486 work_track.cpp:116] Succeeded to release track lock for frame 55
I1014 15:47:20.237689  9486 work_track.cpp:120] Track results of frame 55: 0 objects input, 0 objects tracked!
I1014 15:47:20.237707  9486 work_thread.hpp:87]  [T-Work-Detect_0] Frame :55 split
I1014 15:47:20.237756  9489 thread_intergrate.hpp:78] [T-Intergrate-intergrate] queue: frame output frame :55
I1014 15:47:20.239240  9485 demo_inner.hpp:435] thread [SORT-0]  frame id 55 sorting queue size 1   FPS: 29.8178
I1014 15:47:20.249236  9484 demo_inner.hpp:260]  gui queue size 1, state = running
I1014 15:47:20.260933  9483 demo_inner.hpp:177] decode queue size 0
I1014 15:47:20.261042  9486 work_thread.hpp:81]  [T-Work-Detect_0] Run work: WorkDetect
I1014 15:47:20.261077  9486 work_detect.cpp:102] Succeeded to add det start for frame 56
I1014 15:47:20.267820  9486 work_detect.cpp:70] Frame :56 detect result :1 face(s)
W1014 15:47:20.267863  9486 work_detect.cpp:83] Invalid bbox: [154 x 204 from (295, 162)]
I1014 15:47:20.267963  9486 work_detect.cpp:120] Succeeded to add det end for frame 56
I1014 15:47:20.267980  9486 work_thread.hpp:81]  [T-Work-Detect_0] Run work: WrokTrack
I1014 15:47:20.268007  9486 work_track.cpp:102] Succeeded to set track lock for frame 56
I1014 15:47:20.268033  9486 work_track.cpp:116] Succeeded to release track lock for frame 56
I1014 15:47:20.268048  9486 work_track.cpp:120] Track results of frame 56: 0 objects input, 0 objects tracked!
I1014 15:47:20.268066  9486 work_thread.hpp:87]  [T-Work-Detect_0] Frame :56 split
I1014 15:47:20.268126  9489 thread_intergrate.hpp:78] [T-Intergrate-intergrate] queue: frame output frame :56
I1014 15:47:20.269840  9485 demo_inner.hpp:435] thread [SORT-0]  frame id 56 sorting queue size 0   FPS: 29.8589
I1014 15:47:20.296782  9483 demo_inner.hpp:177] decode queue size 0
I1014 15:47:20.296892  9486 work_thread.hpp:81]  [T-Work-Detect_0] Run work: WorkDetect
I1014 15:47:20.296927  9486 work_detect.cpp:102] Succeeded to add det start for frame 57
I1014 15:47:20.303753  9486 work_detect.cpp:70] Frame :57 detect result :1 face(s)
W1014 15:47:20.303795  9486 work_detect.cpp:83] Invalid bbox: [154 x 202 from (296, 161)]
I1014 15:47:20.303892  9486 work_detect.cpp:120] Succeeded to add det end for frame 57
I1014 15:47:20.303910  9486 work_thread.hpp:81]  [T-Work-Detect_0] Run work: WrokTrack
I1014 15:47:20.303936  9486 work_track.cpp:102] Succeeded to set track lock for frame 57
I1014 15:47:20.303962  9486 work_track.cpp:116] Succeeded to release track lock for frame 57
I1014 15:47:20.303977  9486 work_track.cpp:120] Track results of frame 57: 0 objects input, 0 objects tracked!
I1014 15:47:20.303994  9486 work_thread.hpp:87]  [T-Work-Detect_0] Frame :57 split
I1014 15:47:20.304040  9489 thread_intergrate.hpp:78] [T-Intergrate-intergrate] queue: frame output frame :57
I1014 15:47:20.305749  9485 demo_inner.hpp:435] thread [SORT-0]  frame id 57 sorting queue size 1   FPS: 29.819
I1014 15:47:20.326761  9483 demo_inner.hpp:177] decode queue size 0
I1014 15:47:20.326862  9486 work_thread.hpp:81]  [T-Work-Detect_0] Run work: WorkDetect
I1014 15:47:20.326900  9486 work_detect.cpp:102] Succeeded to add det start for frame 58
I1014 15:47:20.333678  9486 work_detect.cpp:70] Frame :58 detect result :1 face(s)
I1014 15:47:20.333722  9486 work_detect.cpp:86] Detected bbox: [179 x 220 from (296, 136)]
I1014 15:47:20.333766  9486 work_detect.cpp:120] Succeeded to add det end for frame 58
I1014 15:47:20.333781  9486 work_thread.hpp:81]  [T-Work-Detect_0] Run work: WrokTrack
I1014 15:47:20.333806  9486 work_track.cpp:82] Frame: 58 build input_characts: [0.279687 x 0.611111 from (0.4625, 0.377778)], 1.00019, 0
I1014 15:47:20.333863  9486 work_track.cpp:102] Succeeded to set track lock for frame 58
I1014 15:47:20.333954  9486 work_track.cpp:116] Succeeded to release track lock for frame 58
I1014 15:47:20.334044  9486 work_track.cpp:120] Track results of frame 58: 1 objects input, 0 objects tracked!
I1014 15:47:20.334064  9486 work_track.cpp:162] Frame: 58 lid: 0 not tracked, will set invalid
I1014 15:47:20.334080  9486 work_thread.hpp:87]  [T-Work-Detect_0] Frame :58 split
I1014 15:47:20.334096  9486 work_thread.hpp:126]  [T-Work-Detect_0] Invalid piece: lid = 0, drop it
I1014 15:47:20.334148  9489 thread_intergrate.hpp:78] [T-Intergrate-intergrate] queue: frame output frame :58
I1014 15:47:20.335745  9485 demo_inner.hpp:435] thread [SORT-0]  frame id 58 sorting queue size 2   FPS: 29.8742
I1014 15:47:20.349871  9484 demo_inner.hpp:260]  gui queue size 2, state = running
I1014 15:47:20.362728  9483 demo_inner.hpp:177] decode queue size 0
I1014 15:47:20.362839  9486 work_thread.hpp:81]  [T-Work-Detect_0] Run work: WorkDetect
I1014 15:47:20.362874  9486 work_detect.cpp:102] Succeeded to add det start for frame 59
I1014 15:47:20.369787  9486 work_detect.cpp:70] Frame :59 detect result :1 face(s)
I1014 15:47:20.369832  9486 work_detect.cpp:86] Detected bbox: [173 x 216 from (300, 137)]
I1014 15:47:20.369874  9486 work_detect.cpp:120] Succeeded to add det end for frame 59
I1014 15:47:20.369890  9486 work_thread.hpp:81]  [T-Work-Detect_0] Run work: WrokTrack
I1014 15:47:20.369915  9486 work_track.cpp:82] Frame: 59 build input_characts: [0.270312 x 0.6 from (0.46875, 0.380556)], 1.00019, 0
I1014 15:47:20.369969  9486 work_track.cpp:102] Succeeded to set track lock for frame 59
I1014 15:47:20.370041  9486 work_track.cpp:116] Succeeded to release track lock for frame 59
I1014 15:47:20.370056  9486 work_track.cpp:120] Track results of frame 59: 1 objects input, 0 objects tracked!
I1014 15:47:20.370074  9486 work_track.cpp:162] Frame: 59 lid: 0 not tracked, will set invalid
I1014 15:47:20.370090  9486 work_thread.hpp:87]  [T-Work-Detect_0] Frame :59 split
I1014 15:47:20.370106  9486 work_thread.hpp:126]  [T-Work-Detect_0] Invalid piece: lid = 0, drop it
I1014 15:47:20.370151  9489 thread_intergrate.hpp:78] [T-Intergrate-intergrate] queue: frame output frame :59
I1014 15:47:20.371834  9485 demo_inner.hpp:435] thread [SORT-0]  frame id 59 sorting queue size 0   FPS: 29.8354
I1014 15:47:20.392801  9483 demo_inner.hpp:177] decode queue size 0
I1014 15:47:20.392908  9486 work_thread.hpp:81]  [T-Work-Detect_0] Run work: WorkDetect
I1014 15:47:20.392946  9486 work_detect.cpp:102] Succeeded to add det start for frame 60
I1014 15:47:20.399829  9486 work_detect.cpp:70] Frame :60 detect result :1 face(s)
I1014 15:47:20.399873  9486 work_detect.cpp:86] Detected bbox: [173 x 227 from (291, 129)]
I1014 15:47:20.399919  9486 work_detect.cpp:120] Succeeded to add det end for frame 60
I1014 15:47:20.399936  9486 work_thread.hpp:81]  [T-Work-Detect_0] Run work: WrokTrack
I1014 15:47:20.399961  9486 work_track.cpp:82] Frame: 60 build input_characts: [0.270312 x 0.630556 from (0.454688, 0.358333)], 1.00019, 0
I1014 15:47:20.400015  9486 work_track.cpp:102] Succeeded to set track lock for frame 60
I1014 15:47:20.400075  9486 work_track.cpp:116] Succeeded to release track lock for frame 60
I1014 15:47:20.400090  9486 work_track.cpp:120] Track results of frame 60: 1 objects input, 1 objects tracked!
I1014 15:47:20.400108  9486 work_track.cpp:148] Frame: 60, track bbox: [173 x 227 from (292.655, 129.248)], gid: 0, lid: 0
I1014 15:47:20.400146  9486 work_thread.hpp:87]  [T-Work-Detect_0] Frame :60 split
I1014 15:47:20.400187  9486 work_thread.hpp:120]  [T-Work-Detect_0] Valid piece: gid = 0
I1014 15:47:20.400207  9486 work_thread.hpp:91]  [T-Work-Detect_0] Push to split queue:recog
I1014 15:47:20.400250  9488 work_thread.hpp:81]  [T-Work-Recog_1] Run work: WorkCapture
I1014 15:47:20.401196  9489 thread_intergrate.hpp:78] [T-Intergrate-intergrate] queue: frame output frame :60
I1014 15:47:20.401859  9488 work_thread.hpp:81]  [T-Work-Recog_1] Run work: WorkRecog
I1014 15:47:20.401885  9488 work_recog.hpp:89] Face id: 0 will run recog: bbox [173 x 227 from (291, 129)] quality: 0.477371
I1014 15:47:20.401989  9488 work_recog.hpp:96] Recog pair: [248 x 280 from (256, 80)], [173 x 227 from (35, 49)]
I1014 15:47:20.403059  9485 demo_inner.hpp:435] thread [SORT-0]  frame id 60 sorting queue size 1   FPS: 29.8734
I1014 15:47:20.417348  9484 demo_inner.hpp:260]  gui queue size 1, state = running
I1014 15:47:20.420537  9488 work_thread.hpp:81]  [T-Work-Recog_1] Run work: WorkCompare
I1014 15:47:20.421037  9488 work_compare.cpp:76] Compare face: 0 successed, similarity :0.996559, name : images/ThangLMb.jpg, normal size : 1548 * 1719!
I1014 15:47:20.429320  9483 demo_inner.hpp:177] decode queue size 0
I1014 15:47:20.429430  9486 work_thread.hpp:81]  [T-Work-Detect_0] Run work: WorkDetect
I1014 15:47:20.429476  9486 work_detect.cpp:102] Succeeded to add det start for frame 61
I1014 15:47:20.437294  9486 work_detect.cpp:70] Frame :61 detect result :1 face(s)
I1014 15:47:20.437348  9486 work_detect.cpp:86] Detected bbox: [182 x 233 from (287, 124)]
I1014 15:47:20.437393  9486 work_detect.cpp:120] Succeeded to add det end for frame 61
I1014 15:47:20.437409  9486 work_thread.hpp:81]  [T-Work-Detect_0] Run work: WrokTrack
I1014 15:47:20.437559  9486 work_track.cpp:82] Frame: 61 build input_characts: [0.284375 x 0.647222 from (0.448438, 0.344444)], 1.00019, 0
I1014 15:47:20.437626  9486 work_track.cpp:102] Succeeded to set track lock for frame 61
I1014 15:47:20.437665  9486 work_track.cpp:116] Succeeded to release track lock for frame 61
I1014 15:47:20.437697  9486 work_track.cpp:120] Track results of frame 61: 1 objects input, 1 objects tracked!
I1014 15:47:20.437726  9486 work_track.cpp:148] Frame: 61, track bbox: [182 x 233 from (286.157, 124.152)], gid: 0, lid: 0
I1014 15:47:20.437762  9486 work_thread.hpp:87]  [T-Work-Detect_0] Frame :61 split
I1014 15:47:20.437780  9486 work_thread.hpp:120]  [T-Work-Detect_0] Valid piece: gid = 0
I1014 15:47:20.437798  9486 work_thread.hpp:91]  [T-Work-Detect_0] Push to split queue:recog
I1014 15:47:20.437840  9487 work_thread.hpp:81]  [T-Work-Recog_0] Run work: WorkCapture
I1014 15:47:20.437867  9489 thread_intergrate.hpp:78] [T-Intergrate-intergrate] queue: frame output frame :61
I1014 15:47:20.437893  9489 thread_intergrate.hpp:85] [T-Intergrate-intergrate] queue: compare output face:0
I1014 15:47:20.437911  9489 thread_intergrate.hpp:144] T-Intergrate-intergrate set matched face: 0
I1014 15:47:20.438447  9487 work_thread.hpp:81]  [T-Work-Recog_0] Run work: WorkRecog
I1014 15:47:20.438472  9487 work_recog.hpp:89] Face id: 0 will run recog: bbox [182 x 233 from (287, 124)] quality: 0.481176
I1014 15:47:20.438503  9487 work_recog.hpp:96] Recog pair: [264 x 288 from (248, 72)], [182 x 233 from (39, 52)]
I1014 15:47:20.439896  9489 thread_intergrate.hpp:188] T-Intergrate-intergrate Show face :0, size :640 * 360
I1014 15:47:20.441048  9485 demo_inner.hpp:435] thread [SORT-0]  frame id 61 sorting queue size 0   FPS: 29.8063
I1014 15:47:20.456436  9487 work_thread.hpp:81]  [T-Work-Recog_0] Run work: WorkCompare
I1014 15:47:20.456898  9487 work_compare.cpp:76] Compare face: 0 successed, similarity :0.995775, name : images/ThangLMb.jpg, normal size : 1548 * 1719!
I1014 15:47:20.464988  9483 demo_inner.hpp:177] decode queue size 0
I1014 15:47:20.465086  9486 work_thread.hpp:81]  [T-Work-Detect_0] Run work: WorkDetect
I1014 15:47:20.465142  9486 work_detect.cpp:102] Succeeded to add det start for frame 62
I1014 15:47:20.472685  9486 work_detect.cpp:70] Frame :62 detect result :1 face(s)
I1014 15:47:20.472734  9486 work_detect.cpp:86] Detected bbox: [183 x 238 from (286, 122)]
I1014 15:47:20.472859  9486 work_detect.cpp:120] Succeeded to add det end for frame 62
I1014 15:47:20.472877  9486 work_thread.hpp:81]  [T-Work-Detect_0] Run work: WrokTrack
I1014 15:47:20.472909  9486 work_track.cpp:82] Frame: 62 build input_characts: [0.285937 x 0.661111 from (0.446875, 0.338889)], 1.00019, 0
I1014 15:47:20.472965  9486 work_track.cpp:102] Succeeded to set track lock for frame 62
I1014 15:47:20.473028  9486 work_track.cpp:116] Succeeded to release track lock for frame 62
I1014 15:47:20.473044  9486 work_track.cpp:120] Track results of frame 62: 1 objects input, 1 objects tracked!
I1014 15:47:20.473140  9486 work_track.cpp:148] Frame: 62, track bbox: [183 x 238 from (284.603, 121.098)], gid: 0, lid: 0
I1014 15:47:20.473186  9486 work_thread.hpp:87]  [T-Work-Detect_0] Frame :62 split
I1014 15:47:20.473203  9486 work_thread.hpp:120]  [T-Work-Detect_0] Valid piece: gid = 0
I1014 15:47:20.473222  9486 work_thread.hpp:91]  [T-Work-Detect_0] Push to split queue:recog
I1014 15:47:20.473282  9487 work_thread.hpp:81]  [T-Work-Recog_0] Run work: WorkCapture
I1014 15:47:20.473302  9489 thread_intergrate.hpp:78] [T-Intergrate-intergrate] queue: frame output frame :62
I1014 15:47:20.473327  9489 thread_intergrate.hpp:85] [T-Intergrate-intergrate] queue: compare output face:0
I1014 15:47:20.473345  9489 thread_intergrate.hpp:144] T-Intergrate-intergrate set matched face: 0
I1014 15:47:20.474042  9487 work_thread.hpp:81]  [T-Work-Recog_0] Run work: WorkRecog
I1014 15:47:20.474066  9487 work_recog.hpp:89] Face id: 0 will run recog: bbox [183 x 238 from (286, 122)] quality: 0.480931
I1014 15:47:20.474097  9487 work_recog.hpp:96] Recog pair: [264 x 288 from (248, 72)], [183 x 238 from (38, 50)]
I1014 15:47:20.475299  9489 thread_intergrate.hpp:188] T-Intergrate-intergrate Show face :0, size :640 * 360
I1014 15:47:20.476121  9485 demo_inner.hpp:435] thread [SORT-0]  frame id 62 sorting queue size 1   FPS: 29.9252
I1014 15:47:20.491652  9487 work_thread.hpp:81]  [T-Work-Recog_0] Run work: WorkCompare
I1014 15:47:20.492113  9487 work_compare.cpp:76] Compare face: 0 successed, similarity :0.996807, name : images/ThangLMb.jpg, normal size : 1548 * 1719!
I1014 15:47:20.494977  9483 demo_inner.hpp:177] decode queue size 0
I1014 15:47:20.495064  9486 work_thread.hpp:81]  [T-Work-Detect_0] Run work: WorkDetect
I1014 15:47:20.495096  9486 work_detect.cpp:102] Succeeded to add det start for frame 63
I1014 15:47:20.502002  9486 work_detect.cpp:70] Frame :63 detect result :1 face(s)
I1014 15:47:20.502048  9486 work_detect.cpp:86] Detected bbox: [171 x 223 from (303, 128)]
I1014 15:47:20.502091  9486 work_detect.cpp:120] Succeeded to add det end for frame 63
I1014 15:47:20.502108  9486 work_thread.hpp:81]  [T-Work-Detect_0] Run work: WrokTrack
I1014 15:47:20.502132  9486 work_track.cpp:82] Frame: 63 build input_characts: [0.267188 x 0.619444 from (0.473437, 0.355556)], 1.00035, 0
I1014 15:47:20.502187  9486 work_track.cpp:102] Succeeded to set track lock for frame 63
I1014 15:47:20.502228  9486 work_track.cpp:116] Succeeded to release track lock for frame 63
I1014 15:47:20.502241  9486 work_track.cpp:120] Track results of frame 63: 1 objects input, 1 objects tracked!
I1014 15:47:20.502310  9486 work_track.cpp:148] Frame: 63, track bbox: [171 x 223 from (295.931, 127.594)], gid: 0, lid: 0
I1014 15:47:20.502348  9486 work_thread.hpp:87]  [T-Work-Detect_0] Frame :63 split
I1014 15:47:20.502367  9486 work_thread.hpp:120]  [T-Work-Detect_0] Valid piece: gid = 0
I1014 15:47:20.502384  9486 work_thread.hpp:91]  [T-Work-Detect_0] Push to split queue:recog
I1014 15:47:20.502426  9487 work_thread.hpp:81]  [T-Work-Recog_0] Run work: WorkCapture
I1014 15:47:20.502725  9489 thread_intergrate.hpp:78] [T-Intergrate-intergrate] queue: frame output frame :63
I1014 15:47:20.502753  9489 thread_intergrate.hpp:85] [T-Intergrate-intergrate] queue: compare output face:0
I1014 15:47:20.502771  9489 thread_intergrate.hpp:144] T-Intergrate-intergrate set matched face: 0
I1014 15:47:20.502969  9487 work_thread.hpp:81]  [T-Work-Recog_0] Run work: WorkRecog
I1014 15:47:20.502992  9487 work_recog.hpp:89] Face id: 0 will run recog: bbox [171 x 223 from (303, 128)] quality: 0.455604
I1014 15:47:20.503021  9487 work_recog.hpp:96] Recog pair: [248 x 280 from (264, 80)], [171 x 223 from (39, 48)]
I1014 15:47:20.504859  9489 thread_intergrate.hpp:188] T-Intergrate-intergrate Show face :0, size :640 * 360
I1014 15:47:20.505622  9485 demo_inner.hpp:435] thread [SORT-0]  frame id 63 sorting queue size 2   FPS: 29.8954
I1014 15:47:20.511793  9484 demo_inner.hpp:260]  gui queue size 2, state = running
I1014 15:47:20.520839  9487 work_thread.hpp:81]  [T-Work-Recog_0] Run work: WorkCompare
I1014 15:47:20.521304  9487 work_compare.cpp:76] Compare face: 0 successed, similarity :0.996626, name : images/ThangLMb.jpg, normal size : 1548 * 1719!
I1014 15:47:20.530727  9483 demo_inner.hpp:177] decode queue size 0
I1014 15:47:20.530833  9486 work_thread.hpp:81]  [T-Work-Detect_0] Run work: WorkDetect
I1014 15:47:20.530869  9486 work_detect.cpp:102] Succeeded to add det start for frame 64
I1014 15:47:20.537853  9486 work_detect.cpp:70] Frame :64 detect result :1 face(s)
I1014 15:47:20.537899  9486 work_detect.cpp:86] Detected bbox: [174 x 220 from (303, 130)]
I1014 15:47:20.537941  9486 work_detect.cpp:120] Succeeded to add det end for frame 64
I1014 15:47:20.537956  9486 work_thread.hpp:81]  [T-Work-Detect_0] Run work: WrokTrack
I1014 15:47:20.537981  9486 work_track.cpp:82] Frame: 64 build input_characts: [0.271875 x 0.611111 from (0.473437, 0.361111)], 1.00035, 0
I1014 15:47:20.538034  9486 work_track.cpp:102] Succeeded to set track lock for frame 64
I1014 15:47:20.538074  9486 work_track.cpp:116] Succeeded to release track lock for frame 64
I1014 15:47:20.538089  9486 work_track.cpp:120] Track results of frame 64: 1 objects input, 1 objects tracked!
I1014 15:47:20.538106  9486 work_track.cpp:148] Frame: 64, track bbox: [174 x 220 from (299.568, 129.021)], gid: 0, lid: 0
I1014 15:47:20.538143  9486 work_thread.hpp:87]  [T-Work-Detect_0] Frame :64 split
I1014 15:47:20.538161  9486 work_thread.hpp:120]  [T-Work-Detect_0] Valid piece: gid = 0
I1014 15:47:20.538178  9486 work_thread.hpp:91]  [T-Work-Detect_0] Push to split queue:recog
I1014 15:47:20.538228  9487 work_thread.hpp:81]  [T-Work-Recog_0] Run work: WorkCapture
I1014 15:47:20.538532  9489 thread_intergrate.hpp:78] [T-Intergrate-intergrate] queue: frame output frame :64
I1014 15:47:20.538559  9489 thread_intergrate.hpp:85] [T-Intergrate-intergrate] queue: compare output face:0
I1014 15:47:20.538595  9489 thread_intergrate.hpp:144] T-Intergrate-intergrate set matched face: 0
I1014 15:47:20.538777  9487 work_thread.hpp:81]  [T-Work-Recog_0] Run work: WorkRecog
I1014 15:47:20.538800  9487 work_recog.hpp:89] Face id: 0 will run recog: bbox [174 x 220 from (303, 130)] quality: 0.438967
I1014 15:47:20.538828  9487 work_recog.hpp:96] Recog pair: [248 x 280 from (264, 80)], [174 x 220 from (39, 50)]
I1014 15:47:20.540840  9489 thread_intergrate.hpp:188] T-Intergrate-intergrate Show face :0, size :640 * 360
I1014 15:47:20.541517  9485 demo_inner.hpp:435] thread [SORT-0]  frame id 64 sorting queue size 0   FPS: 29.8954
I1014 15:47:20.556740  9487 work_thread.hpp:81]  [T-Work-Recog_0] Run work: WorkCompare
I1014 15:47:20.556798  9484 demo_inner.hpp:260]  gui queue size 0, state = running
I1014 15:47:20.557214  9487 work_compare.cpp:76] Compare face: 0 successed, similarity :0.99426, name : images/ThangLMb.jpg, normal size : 1548 * 1719!
I1014 15:47:20.561097  9483 demo_inner.hpp:177] decode queue size 0
I1014 15:47:20.561197  9486 work_thread.hpp:81]  [T-Work-Detect_0] Run work: WorkDetect
I1014 15:47:20.561233  9486 work_detect.cpp:102] Succeeded to add det start for frame 65
I1014 15:47:20.568110  9486 work_detect.cpp:70] Frame :65 detect result :1 face(s)
I1014 15:47:20.568150  9486 work_detect.cpp:86] Detected bbox: [173 x 222 from (305, 126)]
I1014 15:47:20.568209  9486 work_detect.cpp:120] Succeeded to add det end for frame 65
I1014 15:47:20.568226  9486 work_thread.hpp:81]  [T-Work-Detect_0] Run work: WrokTrack
I1014 15:47:20.568250  9486 work_track.cpp:82] Frame: 65 build input_characts: [0.270312 x 0.616667 from (0.476562, 0.35)], 1.00019, 0
I1014 15:47:20.568303  9486 work_track.cpp:102] Succeeded to set track lock for frame 65
I1014 15:47:20.568343  9486 work_track.cpp:116] Succeeded to release track lock for frame 65
I1014 15:47:20.568357  9486 work_track.cpp:120] Track results of frame 65: 1 objects input, 1 objects tracked!
I1014 15:47:20.568375  9486 work_track.cpp:148] Frame: 65, track bbox: [173 x 222 from (305.688, 126.907)], gid: 0, lid: 0
I1014 15:47:20.568498  9486 work_thread.hpp:87]  [T-Work-Detect_0] Frame :65 split
I1014 15:47:20.568517  9486 work_thread.hpp:120]  [T-Work-Detect_0] Valid piece: gid = 0
I1014 15:47:20.568536  9486 work_thread.hpp:91]  [T-Work-Detect_0] Push to split queue:recog
I1014 15:47:20.568585  9488 work_thread.hpp:81]  [T-Work-Recog_1] Run work: WorkCapture
I1014 15:47:20.568899  9489 thread_intergrate.hpp:78] [T-Intergrate-intergrate] queue: frame output frame :65
I1014 15:47:20.568928  9489 thread_intergrate.hpp:85] [T-Intergrate-intergrate] queue: compare output face:0
I1014 15:47:20.568946  9489 thread_intergrate.hpp:144] T-Intergrate-intergrate set matched face: 0
I1014 15:47:20.569142  9488 work_thread.hpp:81]  [T-Work-Recog_1] Run work: WorkRecog
I1014 15:47:20.569165  9488 work_recog.hpp:89] Face id: 0 will run recog: bbox [173 x 222 from (305, 126)] quality: 0.455604
I1014 15:47:20.569196  9488 work_recog.hpp:96] Recog pair: [248 x 280 from (264, 80)], [173 x 222 from (41, 46)]
I1014 15:47:20.570706  9489 thread_intergrate.hpp:188] T-Intergrate-intergrate Show face :0, size :640 * 360
I1014 15:47:20.571660  9485 demo_inner.hpp:435] thread [SORT-0]  frame id 65 sorting queue size 0   FPS: 29.8954
I1014 15:47:20.587018  9488 work_thread.hpp:81]  [T-Work-Recog_1] Run work: WorkCompare
I1014 15:47:20.587580  9488 work_compare.cpp:76] Compare face: 0 successed, similarity :0.996789, name : images/ThangLMb.jpg, normal size : 1548 * 1719!
I1014 15:47:20.596776  9483 demo_inner.hpp:177] decode queue size 0
I1014 15:47:20.596880  9486 work_thread.hpp:81]  [T-Work-Detect_0] Run work: WorkDetect
I1014 15:47:20.596915  9486 work_detect.cpp:102] Succeeded to add det start for frame 66
I1014 15:47:20.603648  9486 work_detect.cpp:70] Frame :66 detect result :1 face(s)
I1014 15:47:20.603690  9486 work_detect.cpp:86] Detected bbox: [175 x 222 from (303, 126)]
I1014 15:47:20.603732  9486 work_detect.cpp:120] Succeeded to add det end for frame 66
I1014 15:47:20.603749  9486 work_thread.hpp:81]  [T-Work-Detect_0] Run work: WrokTrack
I1014 15:47:20.603772  9486 work_track.cpp:82] Frame: 66 build input_characts: [0.273438 x 0.616667 from (0.473437, 0.35)], 1.00019, 0
I1014 15:47:20.603826  9486 work_track.cpp:102] Succeeded to set track lock for frame 66
I1014 15:47:20.603866  9486 work_track.cpp:116] Succeeded to release track lock for frame 66
I1014 15:47:20.603880  9486 work_track.cpp:120] Track results of frame 66: 1 objects input, 1 objects tracked!
I1014 15:47:20.603899  9486 work_track.cpp:148] Frame: 66, track bbox: [175 x 222 from (306.068, 126.092)], gid: 0, lid: 0
I1014 15:47:20.603933  9486 work_thread.hpp:87]  [T-Work-Detect_0] Frame :66 split
I1014 15:47:20.603950  9486 work_thread.hpp:120]  [T-Work-Detect_0] Valid piece: gid = 0
I1014 15:47:20.603969  9486 work_thread.hpp:91]  [T-Work-Detect_0] Push to split queue:recog
I1014 15:47:20.604017  9487 work_thread.hpp:81]  [T-Work-Recog_0] Run work: WorkCapture
I1014 15:47:20.604341  9489 thread_intergrate.hpp:78] [T-Intergrate-intergrate] queue: frame output frame :66
I1014 15:47:20.604369  9489 thread_intergrate.hpp:85] [T-Intergrate-intergrate] queue: compare output face:0
I1014 15:47:20.604388  9489 thread_intergrate.hpp:144] T-Intergrate-intergrate set matched face: 0
I1014 15:47:20.604593  9487 work_thread.hpp:81]  [T-Work-Recog_0] Run work: WorkRecog
I1014 15:47:20.604617  9487 work_recog.hpp:89] Face id: 0 will run recog: bbox [175 x 222 from (303, 126)] quality: 0.455604
I1014 15:47:20.604646  9487 work_recog.hpp:96] Recog pair: [256 x 280 from (264, 80)], [175 x 222 from (39, 46)]
I1014 15:47:20.606426  9489 thread_intergrate.hpp:188] T-Intergrate-intergrate Show face :0, size :640 * 360
I1014 15:47:20.607204  9485 demo_inner.hpp:435] thread [SORT-0]  frame id 66 sorting queue size 1   FPS: 29.9103
I1014 15:47:20.622207  9487 work_thread.hpp:81]  [T-Work-Recog_0] Run work: WorkCompare
I1014 15:47:20.622670  9487 work_compare.cpp:76] Compare face: 0 successed, similarity :0.995445, name : images/ThangLMb.jpg, normal size : 1548 * 1719!
I1014 15:47:20.626974  9483 demo_inner.hpp:177] decode queue size 0
I1014 15:47:20.627135  9486 work_thread.hpp:81]  [T-Work-Detect_0] Run work: WorkDetect
I1014 15:47:20.627168  9486 work_detect.cpp:102] Succeeded to add det start for frame 67
I1014 15:47:20.634065  9486 work_detect.cpp:70] Frame :67 detect result :1 face(s)
I1014 15:47:20.634112  9486 work_detect.cpp:86] Detected bbox: [178 x 222 from (301, 128)]
I1014 15:47:20.634155  9486 work_detect.cpp:120] Succeeded to add det end for frame 67
I1014 15:47:20.634172  9486 work_thread.hpp:81]  [T-Work-Detect_0] Run work: WrokTrack
I1014 15:47:20.634196  9486 work_track.cpp:82] Frame: 67 build input_characts: [0.278125 x 0.616667 from (0.470313, 0.355556)], 1.00035, 0
I1014 15:47:20.634249  9486 work_track.cpp:102] Succeeded to set track lock for frame 67
I1014 15:47:20.634289  9486 work_track.cpp:116] Succeeded to release track lock for frame 67
I1014 15:47:20.634305  9486 work_track.cpp:120] Track results of frame 67: 1 objects input, 1 objects tracked!
I1014 15:47:20.634322  9486 work_track.cpp:148] Frame: 67, track bbox: [178 x 222 from (303.992, 126.452)], gid: 0, lid: 0
I1014 15:47:20.634359  9486 work_thread.hpp:87]  [T-Work-Detect_0] Frame :67 split
I1014 15:47:20.634378  9486 work_thread.hpp:120]  [T-Work-Detect_0] Valid piece: gid = 0
I1014 15:47:20.634398  9486 work_thread.hpp:91]  [T-Work-Detect_0] Push to split queue:recog
