I1014 11:38:10.248657  5121 work_track.cpp:148] Frame: 87, track bbox: [55 x 45 from (93.5567, 188.895)], gid: 0, lid: 1
I1014 11:38:10.248689  5121 work_track.cpp:148] Frame: 87, track bbox: [161 x 203 from (246.068, 99.2655)], gid: 1, lid: 0
I1014 11:38:10.248723  5121 work_thread.hpp:88]  [T-Work-Detect_0] Frame :87 split
I1014 11:38:10.248739  5121 work_thread.hpp:120]  [T-Work-Detect_0] Valid piece: gid = 1
I1014 11:38:10.248757  5121 work_thread.hpp:120]  [T-Work-Detect_0] Valid piece: gid = 0
I1014 11:38:10.248773  5121 work_thread.hpp:92]  [T-Work-Detect_0] Push to split queue:recog
I1014 11:38:10.248817  5123 work_thread.hpp:81]  [T-Work-Recog_1] Run work: WorkCapture
I1014 11:38:10.249095  5121 work_thread.hpp:92]  [T-Work-Detect_0] Push to split queue:recog
I1014 11:38:10.249135  5122 work_thread.hpp:81]  [T-Work-Recog_0] Run work: WorkCapture
I1014 11:38:10.249207  5124 thread_intergrate.hpp:78] [T-Intergrate-intergrate] queue: frame output frame :87
I1014 11:38:10.249238  5124 thread_intergrate.hpp:85] [T-Intergrate-intergrate] queue: compare output face:1
I1014 11:38:10.249256  5124 thread_intergrate.hpp:138] T-Intergrate-intergrate set matched face: 1
I1014 11:38:10.249367  5123 work_thread.hpp:81]  [T-Work-Recog_1] Run work: WorkRecog
I1014 11:38:10.249485  5123 work_recog.hpp:89] Face id: 1 will run recog: bbox [161 x 203 from (247, 101)] quality: 0.471074
I1014 11:38:10.249516  5123 work_recog.hpp:96] Recog pair: [232 x 288 from (208, 56)], [161 x 203 from (39, 45)]
I1014 11:38:10.249603  5122 work_thread.hpp:81]  [T-Work-Recog_0] Run work: WorkRecog
W1014 11:38:10.249625  5122 work_recog.hpp:118] Face id: 0 has low quality : 0.0298095, no need to recog
I1014 11:38:10.250056  5122 work_thread.hpp:81]  [T-Work-Recog_0] Run work: WorkCompare
I1014 11:38:10.250771  5124 thread_intergrate.hpp:158] T-Intergrate-intergrate Show face :1, size :640 * 360
I1014 11:38:10.251363  5120 demo_inner.hpp:435] thread [SORT-0]  frame id 87 sorting queue size 0   FPS: 29.8873
I1014 11:38:10.261461  5119 demo_inner.hpp:260]  gui queue size 0, state = running
I1014 11:38:10.267818  5123 work_thread.hpp:81]  [T-Work-Recog_1] Run work: WorkCompare
I1014 11:38:10.267932  5123 work_compare.cpp:76] Compare face: 1 successed, similarity :0.993102, name : images/thanglmb.jpg, normal size : 640 * 360!
I1014 11:38:10.271814  5118 demo_inner.hpp:177] decode queue size 0
I1014 11:38:10.271893  5121 work_thread.hpp:81]  [T-Work-Detect_0] Run work: WorkDetect
I1014 11:38:10.271924  5121 work_detect.cpp:102] Succeeded to add det start for frame 88
I1014 11:38:10.278769  5121 work_detect.cpp:70] Frame :88 detect result :2 face(s)
I1014 11:38:10.278811  5121 work_detect.cpp:86] Detected bbox: [159 x 202 from (249, 98)]
I1014 11:38:10.278844  5121 work_detect.cpp:86] Detected bbox: [54 x 44 from (94, 190)]
I1014 11:38:10.278875  5121 work_detect.cpp:120] Succeeded to add det end for frame 88
I1014 11:38:10.278892  5121 work_thread.hpp:81]  [T-Work-Detect_0] Run work: WrokTrack
I1014 11:38:10.278916  5121 work_track.cpp:82] Frame: 88 build input_characts: [0.248437 x 0.561111 from (0.389062, 0.272222)], 1.00019, 0
I1014 11:38:10.278967  5121 work_track.cpp:82] Frame: 88 build input_characts: [0.084375 x 0.122222 from (0.146875, 0.527778)], 0.977486, 1
I1014 11:38:10.279003  5121 work_track.cpp:102] Succeeded to set track lock for frame 88
I1014 11:38:10.279048  5121 work_track.cpp:116] Succeeded to release track lock for frame 88
I1014 11:38:10.279063  5121 work_track.cpp:120] Track results of frame 88: 2 objects input, 2 objects tracked!
I1014 11:38:10.279081  5121 work_track.cpp:148] Frame: 88, track bbox: [54 x 44 from (93.7663, 189.466)], gid: 0, lid: 1
I1014 11:38:10.279114  5121 work_track.cpp:148] Frame: 88, track bbox: [159 x 202 from (247.437, 99.1641)], gid: 1, lid: 0
I1014 11:38:10.279146  5121 work_thread.hpp:88]  [T-Work-Detect_0] Frame :88 split
I1014 11:38:10.279165  5121 work_thread.hpp:120]  [T-Work-Detect_0] Valid piece: gid = 1
I1014 11:38:10.279181  5121 work_thread.hpp:120]  [T-Work-Detect_0] Valid piece: gid = 0
I1014 11:38:10.279198  5121 work_thread.hpp:92]  [T-Work-Detect_0] Push to split queue:recog
I1014 11:38:10.279224  5121 work_thread.hpp:92]  [T-Work-Detect_0] Push to split queue:recog
I1014 11:38:10.279242  5122 work_thread.hpp:81]  [T-Work-Recog_0] Run work: WorkCapture
I1014 11:38:10.279265  5123 work_thread.hpp:81]  [T-Work-Recog_1] Run work: WorkCapture
I1014 11:38:10.279477  5124 thread_intergrate.hpp:78] [T-Intergrate-intergrate] queue: frame output frame :88
I1014 11:38:10.279505  5124 thread_intergrate.hpp:85] [T-Intergrate-intergrate] queue: compare output face:1
I1014 11:38:10.279523  5124 thread_intergrate.hpp:138] T-Intergrate-intergrate set matched face: 1
I1014 11:38:10.279768  5123 work_thread.hpp:81]  [T-Work-Recog_1] Run work: WorkRecog
W1014 11:38:10.279790  5123 work_recog.hpp:118] Face id: 0 has low quality : 0.0411459, no need to recog
I1014 11:38:10.279902  5122 work_thread.hpp:81]  [T-Work-Recog_0] Run work: WorkRecog
I1014 11:38:10.280048  5123 work_thread.hpp:81]  [T-Work-Recog_1] Run work: WorkCompare
I1014 11:38:10.280055  5122 work_recog.hpp:89] Face id: 1 will run recog: bbox [159 x 202 from (249, 98)] quality: 0.479923
I1014 11:38:10.280083  5122 work_recog.hpp:96] Recog pair: [224 x 288 from (216, 56)], [159 x 202 from (33, 42)]
I1014 11:38:10.281147  5124 thread_intergrate.hpp:158] T-Intergrate-intergrate Show face :1, size :640 * 360
I1014 11:38:10.281690  5120 demo_inner.hpp:435] thread [SORT-0]  frame id 88 sorting queue size 0   FPS: 29.9754
I1014 11:38:10.297578  5122 work_thread.hpp:81]  [T-Work-Recog_0] Run work: WorkCompare
I1014 11:38:10.297672  5122 work_compare.cpp:76] Compare face: 1 successed, similarity :0.995032, name : images/thanglmb.jpg, normal size : 640 * 360!
I1014 11:38:10.307250  5118 demo_inner.hpp:177] decode queue size 0
I1014 11:38:10.307363  5121 work_thread.hpp:81]  [T-Work-Detect_0] Run work: WorkDetect
I1014 11:38:10.307399  5121 work_detect.cpp:102] Succeeded to add det start for frame 89
I1014 11:38:10.314204  5121 work_detect.cpp:70] Frame :89 detect result :2 face(s)
I1014 11:38:10.314251  5121 work_detect.cpp:86] Detected bbox: [165 x 207 from (244, 95)]
I1014 11:38:10.314283  5121 work_detect.cpp:86] Detected bbox: [56 x 48 from (94, 188)]
I1014 11:38:10.314314  5121 work_detect.cpp:120] Succeeded to add det end for frame 89
I1014 11:38:10.314330  5121 work_thread.hpp:81]  [T-Work-Detect_0] Run work: WrokTrack
I1014 11:38:10.314354  5121 work_track.cpp:82] Frame: 89 build input_characts: [0.257812 x 0.575 from (0.38125, 0.263889)], 1.00019, 0
I1014 11:38:10.314406  5121 work_track.cpp:82] Frame: 89 build input_characts: [0.0875 x 0.133333 from (0.146875, 0.522222)], 0.981359, 1
I1014 11:38:10.314442  5121 work_track.cpp:102] Succeeded to set track lock for frame 89
I1014 11:38:10.314486  5121 work_track.cpp:116] Succeeded to release track lock for frame 89
I1014 11:38:10.314501  5121 work_track.cpp:120] Track results of frame 89: 2 objects input, 2 objects tracked!
I1014 11:38:10.314518  5121 work_track.cpp:148] Frame: 89, track bbox: [56 x 48 from (93.3503, 187.544)], gid: 0, lid: 1
I1014 11:38:10.314551  5121 work_track.cpp:148] Frame: 89, track bbox: [165 x 207 from (244.14, 95.2374)], gid: 1, lid: 0
I1014 11:38:10.314584  5121 work_thread.hpp:88]  [T-Work-Detect_0] Frame :89 split
I1014 11:38:10.314600  5121 work_thread.hpp:120]  [T-Work-Detect_0] Valid piece: gid = 1
I1014 11:38:10.314617  5121 work_thread.hpp:120]  [T-Work-Detect_0] Valid piece: gid = 0
I1014 11:38:10.314635  5121 work_thread.hpp:92]  [T-Work-Detect_0] Push to split queue:recog
I1014 11:38:10.314658  5121 work_thread.hpp:92]  [T-Work-Detect_0] Push to split queue:recog
I1014 11:38:10.314671  5122 work_thread.hpp:81]  [T-Work-Recog_0] Run work: WorkCapture
I1014 11:38:10.314698  5123 work_thread.hpp:81]  [T-Work-Recog_1] Run work: WorkCapture
I1014 11:38:10.314918  5124 thread_intergrate.hpp:78] [T-Intergrate-intergrate] queue: frame output frame :89
I1014 11:38:10.314946  5124 thread_intergrate.hpp:85] [T-Intergrate-intergrate] queue: compare output face:1
I1014 11:38:10.314965  5124 thread_intergrate.hpp:138] T-Intergrate-intergrate set matched face: 1
I1014 11:38:10.315246  5123 work_thread.hpp:81]  [T-Work-Recog_1] Run work: WorkRecog
I1014 11:38:10.315249  5122 work_thread.hpp:81]  [T-Work-Recog_0] Run work: WorkRecog
W1014 11:38:10.315273  5123 work_recog.hpp:118] Face id: 0 has low quality : 0.0332486, no need to recog
I1014 11:38:10.315284  5122 work_recog.hpp:89] Face id: 1 will run recog: bbox [165 x 207 from (244, 95)] quality: 0.481176
I1014 11:38:10.315397  5123 work_thread.hpp:81]  [T-Work-Recog_1] Run work: WorkCompare
I1014 11:38:10.315403  5122 work_recog.hpp:96] Recog pair: [240 x 296 from (208, 48)], [165 x 207 from (36, 47)]
I1014 11:38:10.316627  5124 thread_intergrate.hpp:158] T-Intergrate-intergrate Show face :1, size :640 * 360
I1014 11:38:10.317237  5120 demo_inner.hpp:435] thread [SORT-0]  frame id 89 sorting queue size 1   FPS: 29.902
I1014 11:38:10.333009  5122 work_thread.hpp:81]  [T-Work-Recog_0] Run work: WorkCompare
I1014 11:38:10.333117  5122 work_compare.cpp:76] Compare face: 1 successed, similarity :0.99233, name : images/thanglmb.jpg, normal size : 640 * 360!
I1014 11:38:10.337728  5118 demo_inner.hpp:177] decode queue size 0
I1014 11:38:10.337888  5121 work_thread.hpp:81]  [T-Work-Detect_0] Run work: WorkDetect
I1014 11:38:10.337921  5121 work_detect.cpp:102] Succeeded to add det start for frame 90
I1014 11:38:10.344744  5121 work_detect.cpp:70] Frame :90 detect result :2 face(s)
I1014 11:38:10.344792  5121 work_detect.cpp:86] Detected bbox: [166 x 218 from (236, 93)]
I1014 11:38:10.344810  5119 demo_inner.hpp:260]  gui queue size 1, state = running
I1014 11:38:10.344825  5121 work_detect.cpp:86] Detected bbox: [56 x 51 from (94, 186)]
I1014 11:38:10.344856  5121 work_detect.cpp:120] Succeeded to add det end for frame 90
I1014 11:38:10.344872  5121 work_thread.hpp:81]  [T-Work-Detect_0] Run work: WrokTrack
I1014 11:38:10.344894  5121 work_track.cpp:82] Frame: 90 build input_characts: [0.259375 x 0.605556 from (0.36875, 0.258333)], 0.999622, 0
I1014 11:38:10.344950  5121 work_track.cpp:82] Frame: 90 build input_characts: [0.0875 x 0.141667 from (0.146875, 0.516667)], 0.986762, 1
I1014 11:38:10.344987  5121 work_track.cpp:102] Succeeded to set track lock for frame 90
I1014 11:38:10.345038  5121 work_track.cpp:116] Succeeded to release track lock for frame 90
I1014 11:38:10.345053  5121 work_track.cpp:120] Track results of frame 90: 2 objects input, 2 objects tracked!
I1014 11:38:10.345072  5121 work_track.cpp:148] Frame: 90, track bbox: [56 x 51 from (93.7518, 186.174)], gid: 0, lid: 1
I1014 11:38:10.345106  5121 work_track.cpp:148] Frame: 90, track bbox: [166 x 218 from (239.512, 90.793)], gid: 1, lid: 0
I1014 11:38:10.345139  5121 work_thread.hpp:88]  [T-Work-Detect_0] Frame :90 split
I1014 11:38:10.345158  5121 work_thread.hpp:120]  [T-Work-Detect_0] Valid piece: gid = 1
I1014 11:38:10.345177  5121 work_thread.hpp:120]  [T-Work-Detect_0] Valid piece: gid = 0
I1014 11:38:10.345194  5121 work_thread.hpp:92]  [T-Work-Detect_0] Push to split queue:recog
I1014 11:38:10.345252  5123 work_thread.hpp:81]  [T-Work-Recog_1] Run work: WorkCapture
I1014 11:38:10.345538  5121 work_thread.hpp:92]  [T-Work-Detect_0] Push to split queue:recog
I1014 11:38:10.345577  5122 work_thread.hpp:81]  [T-Work-Recog_0] Run work: WorkCapture
I1014 11:38:10.345593  5124 thread_intergrate.hpp:78] [T-Intergrate-intergrate] queue: frame output frame :90
I1014 11:38:10.345633  5124 thread_intergrate.hpp:85] [T-Intergrate-intergrate] queue: compare output face:1
I1014 11:38:10.345654  5124 thread_intergrate.hpp:138] T-Intergrate-intergrate set matched face: 1
I1014 11:38:10.346133  5122 work_thread.hpp:81]  [T-Work-Recog_0] Run work: WorkRecog
W1014 11:38:10.346155  5122 work_recog.hpp:118] Face id: 0 has low quality : 0.0370191, no need to recog
I1014 11:38:10.346207  5123 work_thread.hpp:81]  [T-Work-Recog_1] Run work: WorkRecog
I1014 11:38:10.346293  5122 work_thread.hpp:81]  [T-Work-Recog_0] Run work: WorkCompare
I1014 11:38:10.346299  5123 work_recog.hpp:89] Face id: 1 will run recog: bbox [166 x 218 from (236, 93)] quality: 0.463713
I1014 11:38:10.346331  5123 work_recog.hpp:96] Recog pair: [240 x 312 from (200, 48)], [166 x 218 from (36, 45)]
I1014 11:38:10.347622  5124 thread_intergrate.hpp:158] T-Intergrate-intergrate Show face :1, size :640 * 360
I1014 11:38:10.348363  5120 demo_inner.hpp:435] thread [SORT-0]  frame id 90 sorting queue size 0   FPS: 29.9607
I1014 11:38:10.364248  5123 work_thread.hpp:81]  [T-Work-Recog_1] Run work: WorkCompare
I1014 11:38:10.364372  5123 work_compare.cpp:76] Compare face: 1 successed, similarity :0.995658, name : images/thanglmb.jpg, normal size : 640 * 360!
I1014 11:38:10.373364  5118 demo_inner.hpp:177] decode queue size 0
I1014 11:38:10.373476  5121 work_thread.hpp:81]  [T-Work-Detect_0] Run work: WorkDetect
I1014 11:38:10.373512  5121 work_detect.cpp:102] Succeeded to add det start for frame 91
I1014 11:38:10.380548  5121 work_detect.cpp:70] Frame :91 detect result :2 face(s)
I1014 11:38:10.380602  5121 work_detect.cpp:86] Detected bbox: [160 x 204 from (249, 98)]
I1014 11:38:10.380635  5121 work_detect.cpp:86] Detected bbox: [55 x 45 from (94, 190)]
I1014 11:38:10.380666  5121 work_detect.cpp:120] Succeeded to add det end for frame 91
I1014 11:38:10.380753  5121 work_thread.hpp:81]  [T-Work-Detect_0] Run work: WrokTrack
I1014 11:38:10.380779  5121 work_track.cpp:82] Frame: 91 build input_characts: [0.25 x 0.566667 from (0.389062, 0.272222)], 1.00019, 0
I1014 11:38:10.380832  5121 work_track.cpp:82] Frame: 91 build input_characts: [0.0859375 x 0.125 from (0.146875, 0.527778)], 0.972103, 1
I1014 11:38:10.380869  5121 work_track.cpp:102] Succeeded to set track lock for frame 91
I1014 11:38:10.380913  5121 work_track.cpp:116] Succeeded to release track lock for frame 91
I1014 11:38:10.380928  5121 work_track.cpp:120] Track results of frame 91: 2 objects input, 2 objects tracked!
I1014 11:38:10.380945  5121 work_track.cpp:148] Frame: 91, track bbox: [55 x 45 from (94.3091, 189.57)], gid: 0, lid: 1
I1014 11:38:10.380977  5121 work_track.cpp:148] Frame: 91, track bbox: [160 x 204 from (244.811, 98.0941)], gid: 1, lid: 0
I1014 11:38:10.381011  5121 work_thread.hpp:88]  [T-Work-Detect_0] Frame :91 split
I1014 11:38:10.381028  5121 work_thread.hpp:120]  [T-Work-Detect_0] Valid piece: gid = 1
I1014 11:38:10.381045  5121 work_thread.hpp:120]  [T-Work-Detect_0] Valid piece: gid = 0
I1014 11:38:10.381062  5121 work_thread.hpp:92]  [T-Work-Detect_0] Push to split queue:recog
I1014 11:38:10.381110  5123 work_thread.hpp:81]  [T-Work-Recog_1] Run work: WorkCapture
I1014 11:38:10.381397  5121 work_thread.hpp:92]  [T-Work-Detect_0] Push to split queue:recog
I1014 11:38:10.381436  5122 work_thread.hpp:81]  [T-Work-Recog_0] Run work: WorkCapture
I1014 11:38:10.381445  5124 thread_intergrate.hpp:78] [T-Intergrate-intergrate] queue: frame output frame :91
I1014 11:38:10.381472  5124 thread_intergrate.hpp:85] [T-Intergrate-intergrate] queue: compare output face:1
I1014 11:38:10.381491  5124 thread_intergrate.hpp:138] T-Intergrate-intergrate set matched face: 1
I1014 11:38:10.381687  5123 work_thread.hpp:81]  [T-Work-Recog_1] Run work: WorkRecog
I1014 11:38:10.381711  5123 work_recog.hpp:89] Face id: 1 will run recog: bbox [160 x 204 from (249, 98)] quality: 0.466468
I1014 11:38:10.381742  5123 work_recog.hpp:96] Recog pair: [232 x 288 from (216, 56)], [160 x 204 from (33, 42)]
I1014 11:38:10.381927  5122 work_thread.hpp:81]  [T-Work-Recog_0] Run work: WorkRecog
W1014 11:38:10.381948  5122 work_recog.hpp:118] Face id: 0 has low quality : 0.0370211, no need to recog
I1014 11:38:10.382102  5122 work_thread.hpp:81]  [T-Work-Recog_0] Run work: WorkCompare
I1014 11:38:10.383008  5124 thread_intergrate.hpp:158] T-Intergrate-intergrate Show face :1, size :640 * 360
I1014 11:38:10.383635  5120 demo_inner.hpp:435] thread [SORT-0]  frame id 91 sorting queue size 1   FPS: 29.8873
I1014 11:38:10.399406  5123 work_thread.hpp:81]  [T-Work-Recog_1] Run work: WorkCompare
I1014 11:38:10.399511  5123 work_compare.cpp:76] Compare face: 1 successed, similarity :0.99145, name : images/thanglmb.jpg, normal size : 640 * 360!
I1014 11:38:10.409291  5118 demo_inner.hpp:177] decode queue size 0
I1014 11:38:10.409409  5121 work_thread.hpp:81]  [T-Work-Detect_0] Run work: WorkDetect
I1014 11:38:10.409445  5121 work_detect.cpp:102] Succeeded to add det start for frame 92
I1014 11:38:10.416390  5121 work_detect.cpp:70] Frame :92 detect result :2 face(s)
I1014 11:38:10.416431  5121 work_detect.cpp:86] Detected bbox: [168 x 211 from (247, 76)]
I1014 11:38:10.416463  5121 work_detect.cpp:86] Detected bbox: [57 x 50 from (93, 187)]
I1014 11:38:10.416494  5121 work_detect.cpp:120] Succeeded to add det end for frame 92
I1014 11:38:10.416510  5121 work_thread.hpp:81]  [T-Work-Detect_0] Run work: WrokTrack
I1014 11:38:10.416535  5121 work_track.cpp:82] Frame: 92 build input_characts: [0.2625 x 0.586111 from (0.385938, 0.211111)], 1.00019, 0
I1014 11:38:10.416586  5121 work_track.cpp:82] Frame: 92 build input_characts: [0.0890625 x 0.138889 from (0.145313, 0.519444)], 0.981281, 1
I1014 11:38:10.416622  5121 work_track.cpp:102] Succeeded to set track lock for frame 92
I1014 11:38:10.416666  5121 work_track.cpp:116] Succeeded to release track lock for frame 92
I1014 11:38:10.416680  5121 work_track.cpp:120] Track results of frame 92: 2 objects input, 2 objects tracked!
I1014 11:38:10.416772  5121 work_track.cpp:148] Frame: 92, track bbox: [57 x 50 from (93.3888, 187.386)], gid: 0, lid: 1
I1014 11:38:10.416807  5121 work_track.cpp:148] Frame: 92, track bbox: [168 x 211 from (243.737, 84.7095)], gid: 1, lid: 0
I1014 11:38:10.416841  5121 work_thread.hpp:88]  [T-Work-Detect_0] Frame :92 split
I1014 11:38:10.416858  5121 work_thread.hpp:120]  [T-Work-Detect_0] Valid piece: gid = 1
I1014 11:38:10.416877  5121 work_thread.hpp:120]  [T-Work-Detect_0] Valid piece: gid = 0
I1014 11:38:10.416893  5121 work_thread.hpp:92]  [T-Work-Detect_0] Push to split queue:recog
I1014 11:38:10.416937  5123 work_thread.hpp:81]  [T-Work-Recog_1] Run work: WorkCapture
I1014 11:38:10.417212  5121 work_thread.hpp:92]  [T-Work-Detect_0] Push to split queue:recog
I1014 11:38:10.417248  5122 work_thread.hpp:81]  [T-Work-Recog_0] Run work: WorkCapture
I1014 11:38:10.417259  5124 thread_intergrate.hpp:78] [T-Intergrate-intergrate] queue: frame output frame :92
I1014 11:38:10.417289  5124 thread_intergrate.hpp:85] [T-Intergrate-intergrate] queue: compare output face:1
I1014 11:38:10.417307  5124 thread_intergrate.hpp:138] T-Intergrate-intergrate set matched face: 1
I1014 11:38:10.417490  5123 work_thread.hpp:81]  [T-Work-Recog_1] Run work: WorkRecog
I1014 11:38:10.417512  5123 work_recog.hpp:89] Face id: 1 will run recog: bbox [168 x 211 from (247, 76)] quality: 0.463142
I1014 11:38:10.417539  5123 work_recog.hpp:96] Recog pair: [240 x 304 from (208, 32)], [168 x 211 from (39, 44)]
I1014 11:38:10.417717  5122 work_thread.hpp:81]  [T-Work-Recog_0] Run work: WorkRecog
W1014 11:38:10.417738  5122 work_recog.hpp:118] Face id: 0 has low quality : 0.0212769, no need to recog
I1014 11:38:10.418085  5122 work_thread.hpp:81]  [T-Work-Recog_0] Run work: WorkCompare
I1014 11:38:10.418954  5124 thread_intergrate.hpp:158] T-Intergrate-intergrate Show face :1, size :640 * 360
I1014 11:38:10.419237  5119 demo_inner.hpp:260]  gui queue size 1, state = running
I1014 11:38:10.419581  5120 demo_inner.hpp:435] thread [SORT-0]  frame id 92 sorting queue size 0   FPS: 29.902
I1014 11:38:10.435595  5123 work_thread.hpp:81]  [T-Work-Recog_1] Run work: WorkCompare
I1014 11:38:10.435701  5123 work_compare.cpp:76] Compare face: 1 successed, similarity :0.991982, name : images/thanglmb.jpg, normal size : 640 * 360!
I1014 11:38:10.439462  5118 demo_inner.hpp:177] decode queue size 0
I1014 11:38:10.439538  5121 work_thread.hpp:81]  [T-Work-Detect_0] Run work: WorkDetect
I1014 11:38:10.439570  5121 work_detect.cpp:102] Succeeded to add det start for frame 93
I1014 11:38:10.446481  5121 work_detect.cpp:70] Frame :93 detect result :2 face(s)
I1014 11:38:10.446527  5121 work_detect.cpp:86] Detected bbox: [156 x 201 from (255, 98)]
I1014 11:38:10.446558  5121 work_detect.cpp:86] Detected bbox: [55 x 48 from (94, 188)]
I1014 11:38:10.446590  5121 work_detect.cpp:120] Succeeded to add det end for frame 93
I1014 11:38:10.446606  5121 work_thread.hpp:81]  [T-Work-Detect_0] Run work: WrokTrack
I1014 11:38:10.446630  5121 work_track.cpp:82] Frame: 93 build input_characts: [0.24375 x 0.558333 from (0.398438, 0.272222)], 1.00019, 0
I1014 11:38:10.446681  5121 work_track.cpp:82] Frame: 93 build input_characts: [0.0859375 x 0.133333 from (0.146875, 0.522222)], 0.977486, 1
I1014 11:38:10.446717  5121 work_track.cpp:102] Succeeded to set track lock for frame 93
I1014 11:38:10.446761  5121 work_track.cpp:116] Succeeded to release track lock for frame 93
I1014 11:38:10.446775  5121 work_track.cpp:120] Track results of frame 93: 2 objects input, 2 objects tracked!
I1014 11:38:10.446794  5121 work_track.cpp:148] Frame: 93, track bbox: [55 x 48 from (94.1201, 188.091)], gid: 0, lid: 1
I1014 11:38:10.446826  5121 work_track.cpp:148] Frame: 93, track bbox: [156 x 201 from (253.113, 92.1158)], gid: 1, lid: 0
I1014 11:38:10.446859  5121 work_thread.hpp:88]  [T-Work-Detect_0] Frame :93 split
I1014 11:38:10.446877  5121 work_thread.hpp:120]  [T-Work-Detect_0] Valid piece: gid = 1
I1014 11:38:10.446893  5121 work_thread.hpp:120]  [T-Work-Detect_0] Valid piece: gid = 0
I1014 11:38:10.446982  5121 work_thread.hpp:92]  [T-Work-Detect_0] Push to split queue:recog
I1014 11:38:10.447010  5121 work_thread.hpp:92]  [T-Work-Detect_0] Push to split queue:recog
I1014 11:38:10.447029  5122 work_thread.hpp:81]  [T-Work-Recog_0] Run work: WorkCapture
I1014 11:38:10.447050  5123 work_thread.hpp:81]  [T-Work-Recog_1] Run work: WorkCapture
I1014 11:38:10.447283  5124 thread_intergrate.hpp:78] [T-Intergrate-intergrate] queue: frame output frame :93
I1014 11:38:10.447309  5124 thread_intergrate.hpp:85] [T-Intergrate-intergrate] queue: compare output face:1
I1014 11:38:10.447329  5124 thread_intergrate.hpp:138] T-Intergrate-intergrate set matched face: 1
I1014 11:38:10.447618  5122 work_thread.hpp:81]  [T-Work-Recog_0] Run work: WorkRecog
I1014 11:38:10.447640  5122 work_recog.hpp:89] Face id: 1 will run recog: bbox [156 x 201 from (255, 98)] quality: 0.46401
I1014 11:38:10.447669  5122 work_recog.hpp:96] Recog pair: [224 x 288 from (224, 56)], [156 x 201 from (31, 42)]
I1014 11:38:10.447964  5123 work_thread.hpp:81]  [T-Work-Recog_1] Run work: WorkRecog
W1014 11:38:10.448010  5123 work_recog.hpp:118] Face id: 0 has low quality : 0.0298049, no need to recog
I1014 11:38:10.448730  5124 thread_intergrate.hpp:158] T-Intergrate-intergrate Show face :1, size :640 * 360
I1014 11:38:10.448794  5123 work_thread.hpp:81]  [T-Work-Recog_1] Run work: WorkCompare
I1014 11:38:10.449306  5120 demo_inner.hpp:435] thread [SORT-0]  frame id 93 sorting queue size 1   FPS: 29.9754
I1014 11:38:10.465194  5122 work_thread.hpp:81]  [T-Work-Recog_0] Run work: WorkCompare
I1014 11:38:10.465301  5122 work_compare.cpp:76] Compare face: 1 successed, similarity :0.989191, name : images/thanglmb.jpg, normal size : 640 * 360!
I1014 11:38:10.475172  5118 demo_inner.hpp:177] decode queue size 0
I1014 11:38:10.475281  5121 work_thread.hpp:81]  [T-Work-Detect_0] Run work: WorkDetect
I1014 11:38:10.475317  5121 work_detect.cpp:102] Succeeded to add det start for frame 94
I1014 11:38:10.482148  5121 work_detect.cpp:70] Frame :94 detect result :2 face(s)
I1014 11:38:10.482192  5121 work_detect.cpp:86] Detected bbox: [159 x 208 from (256, 97)]
I1014 11:38:10.482223  5121 work_detect.cpp:86] Detected bbox: [53 x 44 from (95, 190)]
I1014 11:38:10.482255  5121 work_detect.cpp:120] Succeeded to add det end for frame 94
I1014 11:38:10.482271  5121 work_thread.hpp:81]  [T-Work-Detect_0] Run work: WrokTrack
I1014 11:38:10.482295  5121 work_track.cpp:82] Frame: 94 build input_characts: [0.248437 x 0.577778 from (0.4, 0.269444)], 1.00019, 0
I1014 11:38:10.482347  5121 work_track.cpp:82] Frame: 94 build input_characts: [0.0828125 x 0.122222 from (0.148438, 0.527778)], 0.981359, 1
I1014 11:38:10.482384  5121 work_track.cpp:102] Succeeded to set track lock for frame 94
I1014 11:38:10.482426  5121 work_track.cpp:116] Succeeded to release track lock for frame 94
I1014 11:38:10.482441  5121 work_track.cpp:120] Track results of frame 94: 2 objects input, 2 objects tracked!
I1014 11:38:10.482460  5121 work_track.cpp:148] Frame: 94, track bbox: [53 x 44 from (94.8966, 190.069)], gid: 0, lid: 1
I1014 11:38:10.482492  5121 work_track.cpp:148] Frame: 94, track bbox: [159 x 208 from (255.852, 91.7419)], gid: 1, lid: 0
I1014 11:38:10.482525  5121 work_thread.hpp:88]  [T-Work-Detect_0] Frame :94 split
I1014 11:38:10.482542  5121 work_thread.hpp:120]  [T-Work-Detect_0] Valid piece: gid = 1
I1014 11:38:10.482559  5121 work_thread.hpp:120]  [T-Work-Detect_0] Valid piece: gid = 0
I1014 11:38:10.482576  5121 work_thread.hpp:92]  [T-Work-Detect_0] Push to split queue:recog
I1014 11:38:10.482600  5121 work_thread.hpp:92]  [T-Work-Detect_0] Push to split queue:recog
I1014 11:38:10.482614  5122 work_thread.hpp:81]  [T-Work-Recog_0] Run work: WorkCapture
I1014 11:38:10.482637  5123 work_thread.hpp:81]  [T-Work-Recog_1] Run work: WorkCapture
I1014 11:38:10.482645  5124 thread_intergrate.hpp:78] [T-Intergrate-intergrate] queue: frame output frame :94
I1014 11:38:10.482671  5124 thread_intergrate.hpp:85] [T-Intergrate-intergrate] queue: compare output face:1
I1014 11:38:10.482764  5124 thread_intergrate.hpp:138] T-Intergrate-intergrate set matched face: 1
I1014 11:38:10.483258  5122 work_thread.hpp:81]  [T-Work-Recog_0] Run work: WorkRecog
I1014 11:38:10.483269  5123 work_thread.hpp:81]  [T-Work-Recog_1] Run work: WorkRecog
I1014 11:38:10.483281  5122 work_recog.hpp:89] Face id: 1 will run recog: bbox [159 x 208 from (256, 97)] quality: 0.469332
W1014 11:38:10.483299  5123 work_recog.hpp:118] Face id: 0 has low quality : 0.0411459, no need to recog
I1014 11:38:10.483310  5122 work_recog.hpp:96] Recog pair: [224 x 296 from (224, 56)], [159 x 208 from (32, 41)]
I1014 11:38:10.484068  5123 work_thread.hpp:81]  [T-Work-Recog_1] Run work: WorkCompare
I1014 11:38:10.484149  5124 thread_intergrate.hpp:158] T-Intergrate-intergrate Show face :1, size :640 * 360
I1014 11:38:10.484724  5120 demo_inner.hpp:435] thread [SORT-0]  frame id 94 sorting queue size 2   FPS: 29.902
I1014 11:38:10.501478  5119 demo_inner.hpp:260]  gui queue size 2, state = running
I1014 11:38:10.501492  5122 work_thread.hpp:81]  [T-Work-Recog_0] Run work: WorkCompare
I1014 11:38:10.501603  5122 work_compare.cpp:76] Compare face: 1 successed, similarity :0.992474, name : images/thanglmb.jpg, normal size : 640 * 360!
I1014 11:38:10.505911  5118 demo_inner.hpp:177] decode queue size 0
I1014 11:38:10.506016  5121 work_thread.hpp:81]  [T-Work-Detect_0] Run work: WorkDetect
I1014 11:38:10.506050  5121 work_detect.cpp:102] Succeeded to add det start for frame 95
I1014 11:38:10.512709  5121 work_detect.cpp:70] Frame :95 detect result :2 face(s)
I1014 11:38:10.512753  5121 work_detect.cpp:86] Detected bbox: [155 x 210 from (259, 96)]
I1014 11:38:10.512784  5121 work_detect.cpp:86] Detected bbox: [54 x 44 from (95, 190)]
I1014 11:38:10.512814  5121 work_detect.cpp:120] Succeeded to add det end for frame 95
I1014 11:38:10.512830  5121 work_thread.hpp:81]  [T-Work-Detect_0] Run work: WrokTrack
I1014 11:38:10.512856  5121 work_track.cpp:82] Frame: 95 build input_characts: [0.242188 x 0.583333 from (0.404687, 0.266667)], 1.00019, 0
I1014 11:38:10.512907  5121 work_track.cpp:82] Frame: 95 build input_characts: [0.084375 x 0.122222 from (0.148438, 0.527778)], 0.959643, 1
I1014 11:38:10.512943  5121 work_track.cpp:102] Succeeded to set track lock for frame 95
I1014 11:38:10.512986  5121 work_track.cpp:116] Succeeded to release track lock for frame 95
I1014 11:38:10.513001  5121 work_track.cpp:120] Track results of frame 95: 2 objects input, 2 objects tracked!
I1014 11:38:10.513018  5121 work_track.cpp:148] Frame: 95, track bbox: [54 x 44 from (94.673, 190.084)], gid: 0, lid: 1
I1014 11:38:10.513052  5121 work_track.cpp:148] Frame: 95, track bbox: [155 x 210 from (260.962, 93.4135)], gid: 1, lid: 0
I1014 11:38:10.513085  5121 work_thread.hpp:88]  [T-Work-Detect_0] Frame :95 split
I1014 11:38:10.513101  5121 work_thread.hpp:120]  [T-Work-Detect_0] Valid piece: gid = 1
I1014 11:38:10.513119  5121 work_thread.hpp:120]  [T-Work-Detect_0] Valid piece: gid = 0
I1014 11:38:10.513136  5121 work_thread.hpp:92]  [T-Work-Detect_0] Push to split queue:recog
I1014 11:38:10.513162  5121 work_thread.hpp:92]  [T-Work-Detect_0] Push to split queue:recog
I1014 11:38:10.513203  5124 thread_intergrate.hpp:78] [T-Intergrate-intergrate] queue: frame output frame :95
I1014 11:38:10.513213  5123 work_thread.hpp:81]  [T-Work-Recog_1] Run work: WorkCapture
I1014 11:38:10.513224  5122 work_thread.hpp:81]  [T-Work-Recog_0] Run work: WorkCapture
I1014 11:38:10.513231  5124 thread_intergrate.hpp:85] [T-Intergrate-intergrate] queue: compare output face:1
I1014 11:38:10.513248  5124 thread_intergrate.hpp:138] T-Intergrate-intergrate set matched face: 1
I1014 11:38:10.513931  5123 work_thread.hpp:81]  [T-Work-Recog_1] Run work: WorkRecog
I1014 11:38:10.513936  5122 work_thread.hpp:81]  [T-Work-Recog_0] Run work: WorkRecog
I1014 11:38:10.513954  5123 work_recog.hpp:89] Face id: 1 will run recog: bbox [155 x 210 from (259, 96)] quality: 0.46401
W1014 11:38:10.513958  5122 work_recog.hpp:118] Face id: 0 has low quality : 0.0370224, no need to recog
I1014 11:38:10.513984  5123 work_recog.hpp:96] Recog pair: [224 x 304 from (224, 48)], [155 x 210 from (35, 48)]
I1014 11:38:10.514109  5122 work_thread.hpp:81]  [T-Work-Recog_0] Run work: WorkCompare
I1014 11:38:10.514621  5124 thread_intergrate.hpp:158] T-Intergrate-intergrate Show face :1, size :640 * 360
I1014 11:38:10.515126  5120 demo_inner.hpp:435] thread [SORT-0]  frame id 95 sorting queue size 0   FPS: 29.9754
I1014 11:38:10.531524  5123 work_thread.hpp:81]  [T-Work-Recog_1] Run work: WorkCompare
I1014 11:38:10.531628  5123 work_compare.cpp:76] Compare face: 1 successed, similarity :0.992357, name : images/thanglmb.jpg, normal size : 640 * 360!
I1014 11:38:10.543121  5118 demo_inner.hpp:177] decode queue size 0
I1014 11:38:10.543292  5121 work_thread.hpp:81]  [T-Work-Detect_0] Run work: WorkDetect
I1014 11:38:10.543328  5121 work_detect.cpp:102] Succeeded to add det start for frame 96
I1014 11:38:10.550025  5121 work_detect.cpp:70] Frame :96 detect result :2 face(s)
I1014 11:38:10.550073  5121 work_detect.cpp:86] Detected bbox: [160 x 216 from (259, 92)]
I1014 11:38:10.550104  5121 work_detect.cpp:86] Detected bbox: [53 x 47 from (96, 188)]
I1014 11:38:10.550137  5121 work_detect.cpp:120] Succeeded to add det end for frame 96
I1014 11:38:10.550153  5121 work_thread.hpp:81]  [T-Work-Detect_0] Run work: WrokTrack
I1014 11:38:10.550177  5121 work_track.cpp:82] Frame: 96 build input_characts: [0.25 x 0.6 from (0.404687, 0.255556)], 0.998877, 0
I1014 11:38:10.550230  5121 work_track.cpp:82] Frame: 96 build input_characts: [0.0828125 x 0.130556 from (0.15, 0.522222)], 0.983243, 1
I1014 11:38:10.550266  5121 work_track.cpp:102] Succeeded to set track lock for frame 96
I1014 11:38:10.550309  5121 work_track.cpp:116] Succeeded to release track lock for frame 96
I1014 11:38:10.550324  5121 work_track.cpp:120] Track results of frame 96: 2 objects input, 2 objects tracked!
I1014 11:38:10.550341  5121 work_track.cpp:148] Frame: 96, track bbox: [53 x 47 from (95.7121, 188.163)], gid: 0, lid: 1
I1014 11:38:10.550374  5121 work_track.cpp:148] Frame: 96, track bbox: [160 x 216 from (258.927, 93.3505)], gid: 1, lid: 0
I1014 11:38:10.550405  5121 work_thread.hpp:88]  [T-Work-Detect_0] Frame :96 split
I1014 11:38:10.550422  5121 work_thread.hpp:120]  [T-Work-Detect_0] Valid piece: gid = 1
I1014 11:38:10.550441  5121 work_thread.hpp:120]  [T-Work-Detect_0] Valid piece: gid = 0
I1014 11:38:10.550457  5121 work_thread.hpp:92]  [T-Work-Detect_0] Push to split queue:recog
I1014 11:38:10.550506  5123 work_thread.hpp:81]  [T-Work-Recog_1] Run work: WorkCapture
I1014 11:38:10.550781  5121 work_thread.hpp:92]  [T-Work-Detect_0] Push to split queue:recog
I1014 11:38:10.550833  5124 thread_intergrate.hpp:78] [T-Intergrate-intergrate] queue: frame output frame :96
I1014 11:38:10.550827  5122 work_thread.hpp:81]  [T-Work-Recog_0] Run work: WorkCapture
I1014 11:38:10.550864  5124 thread_intergrate.hpp:85] [T-Intergrate-intergrate] queue: compare output face:1
I1014 11:38:10.550885  5124 thread_intergrate.hpp:138] T-Intergrate-intergrate set matched face: 1
I1014 11:38:10.551054  5123 work_thread.hpp:81]  [T-Work-Recog_1] Run work: WorkRecog
I1014 11:38:10.551076  5123 work_recog.hpp:89] Face id: 1 will run recog: bbox [160 x 216 from (259, 92)] quality: 0.471312
I1014 11:38:10.551103  5123 work_recog.hpp:96] Recog pair: [232 x 304 from (224, 48)], [160 x 216 from (35, 44)]
I1014 11:38:10.551369  5122 work_thread.hpp:81]  [T-Work-Recog_0] Run work: WorkRecog
W1014 11:38:10.551391  5122 work_recog.hpp:118] Face id: 0 has low quality : 0.0411406, no need to recog
I1014 11:38:10.551498  5122 work_thread.hpp:81]  [T-Work-Recog_0] Run work: WorkCompare
I1014 11:38:10.552078  5124 thread_intergrate.hpp:158] T-Intergrate-intergrate Show face :1, size :640 * 360
I1014 11:38:10.552652  5120 demo_inner.hpp:435] thread [SORT-0]  frame id 96 sorting queue size 1   FPS: 29.8727
I1014 11:38:10.568738  5123 work_thread.hpp:81]  [T-Work-Recog_1] Run work: WorkCompare
I1014 11:38:10.568852  5123 work_compare.cpp:76] Compare face: 1 successed, similarity :0.986354, name : images/thanglmb.jpg, normal size : 640 * 360!
I1014 11:38:10.573580  5118 demo_inner.hpp:177] decode queue size 0
I1014 11:38:10.573695  5121 work_thread.hpp:81]  [T-Work-Detect_0] Run work: WorkDetect
I1014 11:38:10.573730  5121 work_detect.cpp:102] Succeeded to add det start for frame 97
I1014 11:38:10.577330  5119 demo_inner.hpp:260]  gui queue size 1, state = running
I1014 11:38:10.580763  5121 work_detect.cpp:70] Frame :97 detect result :2 face(s)
I1014 11:38:10.580821  5121 work_detect.cpp:86] Detected bbox: [159 x 212 from (260, 98)]
I1014 11:38:10.580854  5121 work_detect.cpp:86] Detected bbox: [55 x 46 from (94, 188)]
I1014 11:38:10.580886  5121 work_detect.cpp:120] Succeeded to add det end for frame 97
I1014 11:38:10.580904  5121 work_thread.hpp:81]  [T-Work-Detect_0] Run work: WrokTrack
I1014 11:38:10.580927  5121 work_track.cpp:82] Frame: 97 build input_characts: [0.248437 x 0.588889 from (0.40625, 0.272222)], 0.999622, 0
I1014 11:38:10.580981  5121 work_track.cpp:82] Frame: 97 build input_characts: [0.0859375 x 0.127778 from (0.146875, 0.522222)], 0.977486, 1
I1014 11:38:10.581017  5121 work_track.cpp:102] Succeeded to set track lock for frame 97
I1014 11:38:10.581061  5121 work_track.cpp:116] Succeeded to release track lock for frame 97
I1014 11:38:10.581076  5121 work_track.cpp:120] Track results of frame 97: 2 objects input, 2 objects tracked!
I1014 11:38:10.581094  5121 work_track.cpp:148] Frame: 97, track bbox: [55 x 46 from (94.5103, 188.295)], gid: 0, lid: 1
I1014 11:38:10.581127  5121 work_track.cpp:148] Frame: 97, track bbox: [159 x 212 from (260.632, 100.025)], gid: 1, lid: 0
I1014 11:38:10.581161  5121 work_thread.hpp:88]  [T-Work-Detect_0] Frame :97 split
I1014 11:38:10.581177  5121 work_thread.hpp:120]  [T-Work-Detect_0] Valid piece: gid = 1
I1014 11:38:10.581195  5121 work_thread.hpp:120]  [T-Work-Detect_0] Valid piece: gid = 0
I1014 11:38:10.581212  5121 work_thread.hpp:92]  [T-Work-Detect_0] Push to split queue:recog
I1014 11:38:10.581243  5121 work_thread.hpp:92]  [T-Work-Detect_0] Push to split queue:recog
I1014 11:38:10.581295  5122 work_thread.hpp:81]  [T-Work-Recog_0] Run work: WorkCapture
I1014 11:38:10.581300  5123 work_thread.hpp:81]  [T-Work-Recog_1] Run work: WorkCapture
I1014 11:38:10.581302  5124 thread_intergrate.hpp:78] [T-Intergrate-intergrate] queue: frame output frame :97
I1014 11:38:10.581338  5124 thread_intergrate.hpp:85] [T-Intergrate-intergrate] queue: compare output face:1
I1014 11:38:10.581359  5124 thread_intergrate.hpp:138] T-Intergrate-intergrate set matched face: 1
I1014 11:38:10.581856  5123 work_thread.hpp:81]  [T-Work-Recog_1] Run work: WorkRecog
W1014 11:38:10.581881  5123 work_recog.hpp:118] Face id: 0 has low quality : 0.0332486, no need to recog
I1014 11:38:10.581910  5122 work_thread.hpp:81]  [T-Work-Recog_0] Run work: WorkRecog
I1014 11:38:10.581986  5123 work_thread.hpp:81]  [T-Work-Recog_1] Run work: WorkCompare
I1014 11:38:10.582008  5122 work_recog.hpp:89] Face id: 1 will run recog: bbox [159 x 212 from (260, 98)] quality: 0.47159
I1014 11:38:10.582038  5122 work_recog.hpp:96] Recog pair: [232 x 296 from (224, 56)], [159 x 212 from (36, 42)]
I1014 11:38:10.582569  5124 thread_intergrate.hpp:158] T-Intergrate-intergrate Show face :1, size :640 * 360
I1014 11:38:10.583065  5120 demo_inner.hpp:435] thread [SORT-0]  frame id 97 sorting queue size 0   FPS: 29.9754
I1014 11:38:10.600294  5122 work_thread.hpp:81]  [T-Work-Recog_0] Run work: WorkCompare
I1014 11:38:10.600411  5122 work_compare.cpp:76] Compare face: 1 successed, similarity :0.98927, name : images/thanglmb.jpg, normal size : 640 * 360!
I1014 11:38:10.610074  5118 demo_inner.hpp:177] decode queue size 0
I1014 11:38:10.610195  5121 work_thread.hpp:81]  [T-Work-Detect_0] Run work: WorkDetect
I1014 11:38:10.610232  5121 work_detect.cpp:102] Succeeded to add det start for frame 98
I1014 11:38:10.616997  5121 work_detect.cpp:70] Frame :98 detect result :2 face(s)
I1014 11:38:10.617051  5121 work_detect.cpp:86] Detected bbox: [161 x 219 from (260, 91)]
I1014 11:38:10.617084  5121 work_detect.cpp:86] Detected bbox: [56 x 46 from (93, 188)]
I1014 11:38:10.617190  5121 work_detect.cpp:120] Succeeded to add det end for frame 98
I1014 11:38:10.617208  5121 work_thread.hpp:81]  [T-Work-Detect_0] Run work: WrokTrack
I1014 11:38:10.617233  5121 work_track.cpp:82] Frame: 98 build input_characts: [0.251563 x 0.608333 from (0.40625, 0.252778)], 1.00019, 0
I1014 11:38:10.617285  5121 work_track.cpp:82] Frame: 98 build input_characts: [0.0875 x 0.127778 from (0.145313, 0.522222)], 0.974302, 1
I1014 11:38:10.617321  5121 work_track.cpp:102] Succeeded to set track lock for frame 98
I1014 11:38:10.617363  5121 work_track.cpp:116] Succeeded to release track lock for frame 98
I1014 11:38:10.617378  5121 work_track.cpp:120] Track results of frame 98: 2 objects input, 2 objects tracked!
I1014 11:38:10.617395  5121 work_track.cpp:148] Frame: 98, track bbox: [56 x 46 from (93.5388, 187.987)], gid: 0, lid: 1
I1014 11:38:10.617429  5121 work_track.cpp:148] Frame: 98, track bbox: [161 x 219 from (260.544, 92.6317)], gid: 1, lid: 0
I1014 11:38:10.617461  5121 work_thread.hpp:88]  [T-Work-Detect_0] Frame :98 split
I1014 11:38:10.617478  5121 work_thread.hpp:120]  [T-Work-Detect_0] Valid piece: gid = 1
I1014 11:38:10.617496  5121 work_thread.hpp:120]  [T-Work-Detect_0] Valid piece: gid = 0
I1014 11:38:10.617513  5121 work_thread.hpp:92]  [T-Work-Detect_0] Push to split queue:recog
I1014 11:38:10.617540  5121 work_thread.hpp:92]  [T-Work-Detect_0] Push to split queue:recog
I1014 11:38:10.617559  5122 work_thread.hpp:81]  [T-Work-Recog_0] Run work: WorkCapture
I1014 11:38:10.617585  5123 work_thread.hpp:81]  [T-Work-Recog_1] Run work: WorkCapture
I1014 11:38:10.617803  5124 thread_intergrate.hpp:78] [T-Intergrate-intergrate] queue: frame output frame :98
I1014 11:38:10.617830  5124 thread_intergrate.hpp:85] [T-Intergrate-intergrate] queue: compare output face:1
I1014 11:38:10.617848  5124 thread_intergrate.hpp:138] T-Intergrate-intergrate set matched face: 1
I1014 11:38:10.618104  5123 work_thread.hpp:81]  [T-Work-Recog_1] Run work: WorkRecog
W1014 11:38:10.618126  5123 work_recog.hpp:118] Face id: 0 has low quality : 0.0266775, no need to recog
I1014 11:38:10.618181  5122 work_thread.hpp:81]  [T-Work-Recog_0] Run work: WorkRecog
I1014 11:38:10.618216  5123 work_thread.hpp:81]  [T-Work-Recog_1] Run work: WorkCompare
I1014 11:38:10.618223  5122 work_recog.hpp:89] Face id: 1 will run recog: bbox [161 x 219 from (260, 91)] quality: 0.477221
I1014 11:38:10.618252  5122 work_recog.hpp:96] Recog pair: [232 x 312 from (224, 48)], [161 x 219 from (36, 43)]
I1014 11:38:10.619050  5124 thread_intergrate.hpp:158] T-Intergrate-intergrate Show face :1, size :640 * 360
I1014 11:38:10.619633  5120 demo_inner.hpp:435] thread [SORT-0]  frame id 98 sorting queue size 1   FPS: 29.8581
I1014 11:38:10.636436  5122 work_thread.hpp:81]  [T-Work-Recog_0] Run work: WorkCompare
I1014 11:38:10.636631  5122 work_compare.cpp:76] Compare face: 1 successed, similarity :0.994057, name : images/thanglmb.jpg, normal size : 640 * 360!
I1014 11:38:10.645908  5118 demo_inner.hpp:177] decode queue size 0
I1014 11:38:10.646046  5121 work_thread.hpp:81]  [T-Work-Detect_0] Run work: WorkDetect
I1014 11:38:10.646083  5121 work_detect.cpp:102] Succeeded to add det start for frame 99
I1014 11:38:10.652398  5119 demo_inner.hpp:260]  gui queue size 1, state = running
I1014 11:38:10.652765  5121 work_detect.cpp:70] Frame :99 detect result :2 face(s)
I1014 11:38:10.652798  5121 work_detect.cpp:86] Detected bbox: [162 x 219 from (262, 91)]
I1014 11:38:10.652837  5121 work_detect.cpp:86] Detected bbox: [52 x 43 from (95, 190)]
I1014 11:38:10.652871  5121 work_detect.cpp:120] Succeeded to add det end for frame 99
I1014 11:38:10.652887  5121 work_thread.hpp:81]  [T-Work-Detect_0] Run work: WrokTrack
I1014 11:38:10.652910  5121 work_track.cpp:82] Frame: 99 build input_characts: [0.253125 x 0.608333 from (0.409375, 0.252778)], 0.999622, 0
I1014 11:38:10.652962  5121 work_track.cpp:82] Frame: 99 build input_characts: [0.08125 x 0.119444 from (0.148438, 0.527778)], 0.955078, 1
I1014 11:38:10.653079  5121 work_track.cpp:102] Succeeded to set track lock for frame 99
I1014 11:38:10.653126  5121 work_track.cpp:116] Succeeded to release track lock for frame 99
I1014 11:38:10.653141  5121 work_track.cpp:120] Track results of frame 99: 2 objects input, 2 objects tracked!
I1014 11:38:10.653159  5121 work_track.cpp:148] Frame: 99, track bbox: [52 x 43 from (95.1427, 189.614)], gid: 0, lid: 1
I1014 11:38:10.653193  5121 work_track.cpp:148] Frame: 99, track bbox: [162 x 219 from (261.572, 91.6714)], gid: 1, lid: 0
I1014 11:38:10.653226  5121 work_thread.hpp:88]  [T-Work-Detect_0] Frame :99 split
I1014 11:38:10.653244  5121 work_thread.hpp:120]  [T-Work-Detect_0] Valid piece: gid = 1
I1014 11:38:10.653262  5121 work_thread.hpp:120]  [T-Work-Detect_0] Valid piece: gid = 0
I1014 11:38:10.653280  5121 work_thread.hpp:92]  [T-Work-Detect_0] Push to split queue:recog
I1014 11:38:10.653311  5121 work_thread.hpp:92]  [T-Work-Detect_0] Push to split queue:recog
I1014 11:38:10.653347  5122 work_thread.hpp:81]  [T-Work-Recog_0] Run work: WorkCapture
I1014 11:38:10.653375  5123 work_thread.hpp:81]  [T-Work-Recog_1] Run work: WorkCapture
I1014 11:38:10.653606  5124 thread_intergrate.hpp:78] [T-Intergrate-intergrate] queue: frame output frame :99
I1014 11:38:10.653635  5124 thread_intergrate.hpp:85] [T-Intergrate-intergrate] queue: compare output face:1
I1014 11:38:10.653652  5124 thread_intergrate.hpp:138] T-Intergrate-intergrate set matched face: 1
I1014 11:38:10.653997  5123 work_thread.hpp:81]  [T-Work-Recog_1] Run work: WorkRecog
W1014 11:38:10.654024  5123 work_recog.hpp:118] Face id: 0 has low quality : 0.0298076, no need to recog
I1014 11:38:10.654089  5122 work_thread.hpp:81]  [T-Work-Recog_0] Run work: WorkRecog
I1014 11:38:10.654142  5123 work_thread.hpp:81]  [T-Work-Recog_1] Run work: WorkCompare
I1014 11:38:10.654150  5122 work_recog.hpp:89] Face id: 1 will run recog: bbox [162 x 219 from (262, 91)] quality: 0.478462
I1014 11:38:10.654179  5122 work_recog.hpp:96] Recog pair: [232 x 312 from (224, 48)], [162 x 219 from (38, 43)]
I1014 11:38:10.654919  5124 thread_intergrate.hpp:158] T-Intergrate-intergrate Show face :1, size :640 * 360
I1014 11:38:10.655555  5120 demo_inner.hpp:435] thread [SORT-0]  frame id 99 sorting queue size 0   FPS: 29.8581
I1014 11:38:10.672413  5122 work_thread.hpp:81]  [T-Work-Recog_0] Run work: WorkCompare
I1014 11:38:10.672582  5122 work_compare.cpp:76] Compare face: 1 successed, similarity :0.986436, name : images/thanglmb.jpg, normal size : 640 * 360!
I1014 11:38:10.675947  5118 demo_inner.hpp:177] decode queue size 0
I1014 11:38:10.676044  5121 work_thread.hpp:81]  [T-Work-Detect_0] Run work: WorkDetect
I1014 11:38:10.676077  5121 work_detect.cpp:102] Succeeded to add det start for frame 100
I1014 11:38:10.682785  5121 work_detect.cpp:70] Frame :100 detect result :2 face(s)
I1014 11:38:10.682830  5121 work_detect.cpp:86] Detected bbox: [165 x 222 from (260, 93)]
I1014 11:38:10.682863  5121 work_detect.cpp:86] Detected bbox: [53 x 45 from (94, 188)]
I1014 11:38:10.682894  5121 work_detect.cpp:120] Succeeded to add det end for frame 100
I1014 11:38:10.682910  5121 work_thread.hpp:81]  [T-Work-Detect_0] Run work: WrokTrack
I1014 11:38:10.682934  5121 work_track.cpp:82] Frame: 100 build input_characts: [0.257812 x 0.616667 from (0.40625, 0.258333)], 1.00019, 0
I1014 11:38:10.682986  5121 work_track.cpp:82] Frame: 100 build input_characts: [0.0828125 x 0.125 from (0.146875, 0.522222)], 0.966593, 1
I1014 11:38:10.683022  5121 work_track.cpp:102] Succeeded to set track lock for frame 100
I1014 11:38:10.683064  5121 work_track.cpp:116] Succeeded to release track lock for frame 100
I1014 11:38:10.683079  5121 work_track.cpp:120] Track results of frame 100: 2 objects input, 2 objects tracked!
I1014 11:38:10.683097  5121 work_track.cpp:148] Frame: 100, track bbox: [53 x 45 from (94.047, 188.251)], gid: 0, lid: 1
I1014 11:38:10.683128  5121 work_track.cpp:148] Frame: 100, track bbox: [165 x 222 from (260.736, 91.5964)], gid: 1, lid: 0
I1014 11:38:10.683161  5121 work_thread.hpp:88]  [T-Work-Detect_0] Frame :100 split
I1014 11:38:10.683250  5121 work_thread.hpp:120]  [T-Work-Detect_0] Valid piece: gid = 1
I1014 11:38:10.683270  5121 work_thread.hpp:120]  [T-Work-Detect_0] Valid piece: gid = 0
I1014 11:38:10.683287  5121 work_thread.hpp:92]  [T-Work-Detect_0] Push to split queue:recog
I1014 11:38:10.683337  5123 work_thread.hpp:81]  [T-Work-Recog_1] Run work: WorkCapture
I1014 11:38:10.683614  5121 work_thread.hpp:92]  [T-Work-Detect_0] Push to split queue:recog
I1014 11:38:10.683663  5124 thread_intergrate.hpp:78] [T-Intergrate-intergrate] queue: frame output frame :100
I1014 11:38:10.683686  5122 work_thread.hpp:81]  [T-Work-Recog_0] Run work: WorkCapture
I1014 11:38:10.683692  5124 thread_intergrate.hpp:85] [T-Intergrate-intergrate] queue: compare output face:1
I1014 11:38:10.683712  5124 thread_intergrate.hpp:138] T-Intergrate-intergrate set matched face: 1
I1014 11:38:10.683888  5123 work_thread.hpp:81]  [T-Work-Recog_1] Run work: WorkRecog
I1014 11:38:10.683910  5123 work_recog.hpp:89] Face id: 1 will run recog: bbox [165 x 222 from (260, 93)] quality: 0.465021
I1014 11:38:10.683938  5123 work_recog.hpp:96] Recog pair: [240 x 312 from (224, 48)], [165 x 222 from (36, 45)]
I1014 11:38:10.684191  5122 work_thread.hpp:81]  [T-Work-Recog_0] Run work: WorkRecog
W1014 11:38:10.684221  5122 work_recog.hpp:118] Face id: 0 has low quality : 0.0266797, no need to recog
I1014 11:38:10.684814  5122 work_thread.hpp:81]  [T-Work-Recog_0] Run work: WorkCompare
I1014 11:38:10.684936  5124 thread_intergrate.hpp:158] T-Intergrate-intergrate Show face :1, size :640 * 360
I1014 11:38:10.685524  5120 demo_inner.hpp:435] thread [SORT-0]  frame id 100 sorting queue size 1   FPS: 29.946
I1014 11:38:10.701730  5123 work_thread.hpp:81]  [T-Work-Recog_1] Run work: WorkCompare
I1014 11:38:10.701839  5123 work_compare.cpp:76] Compare face: 1 successed, similarity :0.9909, name : images/thanglmb.jpg, normal size : 640 * 360!
I1014 11:38:10.711494  5118 demo_inner.hpp:177] decode queue size 0
I1014 11:38:10.711661  5121 work_thread.hpp:81]  [T-Work-Detect_0] Run work: WorkDetect
I1014 11:38:10.711696  5121 work_detect.cpp:102] Succeeded to add det start for frame 101
I1014 11:38:10.719342  5121 work_detect.cpp:70] Frame :101 detect result :2 face(s)
I1014 11:38:10.719400  5121 work_detect.cpp:86] Detected bbox: [175 x 216 from (265, 73)]
I1014 11:38:10.719444  5121 work_detect.cpp:86] Detected bbox: [55 x 47 from (94, 187)]
I1014 11:38:10.719476  5121 work_detect.cpp:120] Succeeded to add det end for frame 101
I1014 11:38:10.719492  5121 work_thread.hpp:81]  [T-Work-Detect_0] Run work: WrokTrack
I1014 11:38:10.719517  5121 work_track.cpp:82] Frame: 101 build input_characts: [0.273438 x 0.6 from (0.414062, 0.202778)], 0.999622, 0
I1014 11:38:10.719601  5121 work_track.cpp:82] Frame: 101 build input_characts: [0.0859375 x 0.130556 from (0.146875, 0.519444)], 0.981281, 1
I1014 11:38:10.719640  5121 work_track.cpp:102] Succeeded to set track lock for frame 101
I1014 11:38:10.719691  5121 work_track.cpp:116] Succeeded to release track lock for frame 101
I1014 11:38:10.719707  5121 work_track.cpp:120] Track results of frame 101: 2 objects input, 2 objects tracked!
I1014 11:38:10.719723  5121 work_track.cpp:148] Frame: 101, track bbox: [55 x 47 from (93.2704, 187.084)], gid: 0, lid: 1
I1014 11:38:10.719756  5121 work_track.cpp:148] Frame: 101, track bbox: [175 x 216 from (260.954, 83.538)], gid: 1, lid: 0
I1014 11:38:10.719815  5121 work_thread.hpp:88]  [T-Work-Detect_0] Frame :101 split
I1014 11:38:10.719833  5121 work_thread.hpp:120]  [T-Work-Detect_0] Valid piece: gid = 1
I1014 11:38:10.719851  5121 work_thread.hpp:120]  [T-Work-Detect_0] Valid piece: gid = 0
