I1014 10:27:56.415645  3863 work_recog.hpp:96] Recog pair: [208 x 280 from (224, 0)], [148 x 195 from (30, 19)]
I1014 10:27:56.416194  3864 thread_intergrate.hpp:154] T-Intergrate-intergrate Show face :1, size :640 * 360
I1014 10:27:56.416702  3860 demo_inner.hpp:435] thread [SORT-0]  frame id 138 sorting queue size 1   FPS: 29.8727
I1014 10:27:56.433895  3863 work_thread.hpp:81]  [T-Work-Recog_1] Run work: WorkCompare
I1014 10:27:56.434017  3863 work_compare.cpp:76] Compare face: 1 successed, similarity :0.989204, name : images/thanglmb.jpg, normal size : 640 * 360!
I1014 10:27:56.437863  3858 demo_inner.hpp:177] decode queue size 0
I1014 10:27:56.437939  3861 work_thread.hpp:81]  [T-Work-Detect_0] Run work: WorkDetect
I1014 10:27:56.437973  3861 work_detect.cpp:102] Succeeded to add det start for frame 139
I1014 10:27:56.444527  3861 work_detect.cpp:70] Frame :139 detect result :1 face(s)
I1014 10:27:56.444576  3861 work_detect.cpp:86] Detected bbox: [152 x 196 from (256, 28)]
I1014 10:27:56.444617  3861 work_detect.cpp:120] Succeeded to add det end for frame 139
I1014 10:27:56.444633  3861 work_thread.hpp:81]  [T-Work-Detect_0] Run work: WrokTrack
I1014 10:27:56.444658  3861 work_track.cpp:82] Frame: 139 build input_characts: [0.2375 x 0.544444 from (0.4, 0.0777778)], 0.999622, 0
I1014 10:27:56.444715  3861 work_track.cpp:102] Succeeded to set track lock for frame 139
I1014 10:27:56.444756  3861 work_track.cpp:116] Succeeded to release track lock for frame 139
I1014 10:27:56.444770  3861 work_track.cpp:120] Track results of frame 139: 1 objects input, 1 objects tracked!
I1014 10:27:56.444788  3861 work_track.cpp:148] Frame: 139, track bbox: [152 x 196 from (254.469, 23.2972)], gid: 1, lid: 0
I1014 10:27:56.444823  3861 work_thread.hpp:88]  [T-Work-Detect_0] Frame :139 split
I1014 10:27:56.444840  3861 work_thread.hpp:120]  [T-Work-Detect_0] Valid piece: gid = 1
I1014 10:27:56.444859  3861 work_thread.hpp:92]  [T-Work-Detect_0] Push to split queue:recog
I1014 10:27:56.444905  3862 work_thread.hpp:81]  [T-Work-Recog_0] Run work: WorkCapture
I1014 10:27:56.445215  3864 thread_intergrate.hpp:78] [T-Intergrate-intergrate] queue: frame output frame :139
I1014 10:27:56.445242  3864 thread_intergrate.hpp:85] [T-Intergrate-intergrate] queue: compare output face:1
I1014 10:27:56.445261  3864 thread_intergrate.hpp:134] T-Intergrate-intergrate set matched face: 1
I1014 10:27:56.445461  3862 work_thread.hpp:81]  [T-Work-Recog_0] Run work: WorkRecog
I1014 10:27:56.445484  3862 work_recog.hpp:89] Face id: 1 will run recog: bbox [152 x 196 from (256, 28)] quality: 0.437002
I1014 10:27:56.445513  3862 work_recog.hpp:96] Recog pair: [216 x 280 from (224, 0)], [152 x 196 from (32, 28)]
I1014 10:27:56.446435  3864 thread_intergrate.hpp:154] T-Intergrate-intergrate Show face :1, size :640 * 360
I1014 10:27:56.446964  3860 demo_inner.hpp:435] thread [SORT-0]  frame id 139 sorting queue size 2   FPS: 29.9607
I1014 10:27:56.463208  3862 work_thread.hpp:81]  [T-Work-Recog_0] Run work: WorkCompare
I1014 10:27:56.463318  3862 work_compare.cpp:76] Compare face: 1 successed, similarity :0.978821, name : images/thanglmb.jpg, normal size : 640 * 360!
I1014 10:27:56.472352  3859 demo_inner.hpp:260]  gui queue size 2, state = running
I1014 10:27:56.473294  3858 demo_inner.hpp:177] decode queue size 0
I1014 10:27:56.473405  3861 work_thread.hpp:81]  [T-Work-Detect_0] Run work: WorkDetect
I1014 10:27:56.473477  3861 work_detect.cpp:102] Succeeded to add det start for frame 140
I1014 10:27:56.479993  3861 work_detect.cpp:70] Frame :140 detect result :1 face(s)
I1014 10:27:56.480047  3861 work_detect.cpp:86] Detected bbox: [142 x 191 from (257, 20)]
I1014 10:27:56.480089  3861 work_detect.cpp:120] Succeeded to add det end for frame 140
I1014 10:27:56.480106  3861 work_thread.hpp:81]  [T-Work-Detect_0] Run work: WrokTrack
I1014 10:27:56.480130  3861 work_track.cpp:82] Frame: 140 build input_characts: [0.221875 x 0.530556 from (0.401563, 0.0555556)], 0.997596, 0
I1014 10:27:56.480208  3861 work_track.cpp:102] Succeeded to set track lock for frame 140
I1014 10:27:56.480250  3861 work_track.cpp:116] Succeeded to release track lock for frame 140
I1014 10:27:56.480264  3861 work_track.cpp:120] Track results of frame 140: 1 objects input, 1 objects tracked!
I1014 10:27:56.480283  3861 work_track.cpp:148] Frame: 140, track bbox: [142 x 191 from (258.817, 24.4864)], gid: 1, lid: 0
I1014 10:27:56.480319  3861 work_thread.hpp:88]  [T-Work-Detect_0] Frame :140 split
I1014 10:27:56.480336  3861 work_thread.hpp:120]  [T-Work-Detect_0] Valid piece: gid = 1
I1014 10:27:56.480355  3861 work_thread.hpp:92]  [T-Work-Detect_0] Push to split queue:recog
I1014 10:27:56.480406  3862 work_thread.hpp:81]  [T-Work-Recog_0] Run work: WorkCapture
I1014 10:27:56.480717  3864 thread_intergrate.hpp:78] [T-Intergrate-intergrate] queue: frame output frame :140
I1014 10:27:56.480746  3864 thread_intergrate.hpp:85] [T-Intergrate-intergrate] queue: compare output face:1
I1014 10:27:56.480764  3864 thread_intergrate.hpp:134] T-Intergrate-intergrate set matched face: 1
I1014 10:27:56.480969  3862 work_thread.hpp:81]  [T-Work-Recog_0] Run work: WorkRecog
I1014 10:27:56.480993  3862 work_recog.hpp:89] Face id: 1 will run recog: bbox [142 x 191 from (257, 20)] quality: 0.450887
I1014 10:27:56.481019  3862 work_recog.hpp:96] Recog pair: [208 x 272 from (224, 0)], [142 x 191 from (33, 20)]
I1014 10:27:56.481935  3864 thread_intergrate.hpp:154] T-Intergrate-intergrate Show face :1, size :640 * 360
I1014 10:27:56.482466  3860 demo_inner.hpp:435] thread [SORT-0]  frame id 140 sorting queue size 0   FPS: 29.8727
I1014 10:27:56.498925  3862 work_thread.hpp:81]  [T-Work-Recog_0] Run work: WorkCompare
I1014 10:27:56.499047  3862 work_compare.cpp:76] Compare face: 1 successed, similarity :0.981145, name : images/thanglmb.jpg, normal size : 640 * 360!
I1014 10:27:56.505393  3858 demo_inner.hpp:177] decode queue size 0
I1014 10:27:56.506067  3861 work_thread.hpp:81]  [T-Work-Detect_0] Run work: WorkDetect
I1014 10:27:56.506115  3861 work_detect.cpp:102] Succeeded to add det start for frame 141
I1014 10:27:56.512785  3861 work_detect.cpp:70] Frame :141 detect result :1 face(s)
I1014 10:27:56.512840  3861 work_detect.cpp:86] Detected bbox: [142 x 187 from (257, 21)]
I1014 10:27:56.512883  3861 work_detect.cpp:120] Succeeded to add det end for frame 141
I1014 10:27:56.512900  3861 work_thread.hpp:81]  [T-Work-Detect_0] Run work: WrokTrack
I1014 10:27:56.512925  3861 work_track.cpp:82] Frame: 141 build input_characts: [0.221875 x 0.519444 from (0.401563, 0.0583333)], 0.997596, 0
I1014 10:27:56.512981  3861 work_track.cpp:102] Succeeded to set track lock for frame 141
I1014 10:27:56.513021  3861 work_track.cpp:116] Succeeded to release track lock for frame 141
I1014 10:27:56.513036  3861 work_track.cpp:120] Track results of frame 141: 1 objects input, 1 objects tracked!
I1014 10:27:56.513054  3861 work_track.cpp:148] Frame: 141, track bbox: [142 x 187 from (258.122, 24.1407)], gid: 1, lid: 0
I1014 10:27:56.513164  3861 work_thread.hpp:88]  [T-Work-Detect_0] Frame :141 split
I1014 10:27:56.513183  3861 work_thread.hpp:120]  [T-Work-Detect_0] Valid piece: gid = 1
I1014 10:27:56.513201  3861 work_thread.hpp:92]  [T-Work-Detect_0] Push to split queue:recog
I1014 10:27:56.513245  3864 thread_intergrate.hpp:78] [T-Intergrate-intergrate] queue: frame output frame :141
I1014 10:27:56.513257  3863 work_thread.hpp:81]  [T-Work-Recog_1] Run work: WorkCapture
I1014 10:27:56.513273  3864 thread_intergrate.hpp:85] [T-Intergrate-intergrate] queue: compare output face:1
I1014 10:27:56.513293  3864 thread_intergrate.hpp:134] T-Intergrate-intergrate set matched face: 1
I1014 10:27:56.513887  3863 work_thread.hpp:81]  [T-Work-Recog_1] Run work: WorkRecog
I1014 10:27:56.513914  3863 work_recog.hpp:89] Face id: 1 will run recog: bbox [142 x 187 from (257, 21)] quality: 0.460053
I1014 10:27:56.513945  3863 work_recog.hpp:96] Recog pair: [208 x 264 from (224, 0)], [142 x 187 from (33, 21)]
I1014 10:27:56.514466  3864 thread_intergrate.hpp:154] T-Intergrate-intergrate Show face :1, size :640 * 360
I1014 10:27:56.515015  3860 demo_inner.hpp:435] thread [SORT-0]  frame id 141 sorting queue size 1   FPS: 29.9166
I1014 10:27:56.531898  3863 work_thread.hpp:81]  [T-Work-Recog_1] Run work: WorkCompare
I1014 10:27:56.532014  3863 work_compare.cpp:76] Compare face: 1 successed, similarity :0.96851, name : images/thanglmb.jpg, normal size : 640 * 360!
I1014 10:27:56.539629  3858 demo_inner.hpp:177] decode queue size 0
I1014 10:27:56.539851  3861 work_thread.hpp:81]  [T-Work-Detect_0] Run work: WorkDetect
I1014 10:27:56.539886  3861 work_detect.cpp:102] Succeeded to add det start for frame 142
I1014 10:27:56.546476  3861 work_detect.cpp:70] Frame :142 detect result :1 face(s)
I1014 10:27:56.546519  3861 work_detect.cpp:86] Detected bbox: [149 x 193 from (255, 20)]
I1014 10:27:56.546561  3861 work_detect.cpp:120] Succeeded to add det end for frame 142
I1014 10:27:56.546576  3861 work_thread.hpp:81]  [T-Work-Detect_0] Run work: WrokTrack
I1014 10:27:56.546602  3861 work_track.cpp:82] Frame: 142 build input_characts: [0.232812 x 0.536111 from (0.398438, 0.0555556)], 1.00019, 0
I1014 10:27:56.546658  3861 work_track.cpp:102] Succeeded to set track lock for frame 142
I1014 10:27:56.546696  3861 work_track.cpp:116] Succeeded to release track lock for frame 142
I1014 10:27:56.546711  3861 work_track.cpp:120] Track results of frame 142: 1 objects input, 1 objects tracked!
I1014 10:27:56.546730  3861 work_track.cpp:148] Frame: 142, track bbox: [149 x 193 from (254.613, 20.0069)], gid: 1, lid: 0
I1014 10:27:56.546764  3861 work_thread.hpp:88]  [T-Work-Detect_0] Frame :142 split
I1014 10:27:56.546782  3861 work_thread.hpp:120]  [T-Work-Detect_0] Valid piece: gid = 1
I1014 10:27:56.546800  3861 work_thread.hpp:92]  [T-Work-Detect_0] Push to split queue:recog
I1014 10:27:56.546850  3862 work_thread.hpp:81]  [T-Work-Recog_0] Run work: WorkCapture
I1014 10:27:56.547152  3864 thread_intergrate.hpp:78] [T-Intergrate-intergrate] queue: frame output frame :142
I1014 10:27:56.547180  3864 thread_intergrate.hpp:85] [T-Intergrate-intergrate] queue: compare output face:1
I1014 10:27:56.547200  3864 thread_intergrate.hpp:134] T-Intergrate-intergrate set matched face: 1
I1014 10:27:56.547406  3862 work_thread.hpp:81]  [T-Work-Recog_0] Run work: WorkRecog
I1014 10:27:56.547431  3862 work_recog.hpp:89] Face id: 1 will run recog: bbox [149 x 193 from (255, 20)] quality: 0.465286
I1014 10:27:56.547459  3862 work_recog.hpp:96] Recog pair: [216 x 272 from (224, 0)], [149 x 193 from (31, 20)]
I1014 10:27:56.548401  3864 thread_intergrate.hpp:154] T-Intergrate-intergrate Show face :1, size :640 * 360
I1014 10:27:56.548933  3860 demo_inner.hpp:435] thread [SORT-0]  frame id 142 sorting queue size 2   FPS: 29.8727
I1014 10:27:56.564986  3862 work_thread.hpp:81]  [T-Work-Recog_0] Run work: WorkCompare
I1014 10:27:56.565099  3862 work_compare.cpp:76] Compare face: 1 successed, similarity :0.98596, name : images/thanglmb.jpg, normal size : 640 * 360!
I1014 10:27:56.569200  3858 demo_inner.hpp:177] decode queue size 0
I1014 10:27:56.569324  3861 work_thread.hpp:81]  [T-Work-Detect_0] Run work: WorkDetect
I1014 10:27:56.569358  3861 work_detect.cpp:102] Succeeded to add det start for frame 143
I1014 10:27:56.575955  3861 work_detect.cpp:70] Frame :143 detect result :1 face(s)
I1014 10:27:56.575999  3861 work_detect.cpp:86] Detected bbox: [144 x 190 from (257, 20)]
I1014 10:27:56.576041  3861 work_detect.cpp:120] Succeeded to add det end for frame 143
I1014 10:27:56.576057  3861 work_thread.hpp:81]  [T-Work-Detect_0] Run work: WrokTrack
I1014 10:27:56.576081  3861 work_track.cpp:82] Frame: 143 build input_characts: [0.225 x 0.527778 from (0.401563, 0.0555556)], 1.00035, 0
I1014 10:27:56.576138  3861 work_track.cpp:102] Succeeded to set track lock for frame 143
I1014 10:27:56.576203  3861 work_track.cpp:116] Succeeded to release track lock for frame 143
I1014 10:27:56.576218  3861 work_track.cpp:120] Track results of frame 143: 1 objects input, 1 objects tracked!
I1014 10:27:56.576236  3861 work_track.cpp:148] Frame: 143, track bbox: [144 x 190 from (256.943, 19.7)], gid: 1, lid: 0
I1014 10:27:56.576272  3861 work_thread.hpp:88]  [T-Work-Detect_0] Frame :143 split
I1014 10:27:56.576289  3861 work_thread.hpp:120]  [T-Work-Detect_0] Valid piece: gid = 1
I1014 10:27:56.576306  3861 work_thread.hpp:92]  [T-Work-Detect_0] Push to split queue:recog
I1014 10:27:56.576350  3863 work_thread.hpp:81]  [T-Work-Recog_1] Run work: WorkCapture
I1014 10:27:56.576351  3864 thread_intergrate.hpp:78] [T-Intergrate-intergrate] queue: frame output frame :143
I1014 10:27:56.576390  3864 thread_intergrate.hpp:85] [T-Intergrate-intergrate] queue: compare output face:1
I1014 10:27:56.576409  3864 thread_intergrate.hpp:134] T-Intergrate-intergrate set matched face: 1
I1014 10:27:56.576957  3863 work_thread.hpp:81]  [T-Work-Recog_1] Run work: WorkRecog
I1014 10:27:56.576982  3863 work_recog.hpp:89] Face id: 1 will run recog: bbox [144 x 190 from (257, 20)] quality: 0.452751
I1014 10:27:56.577037  3863 work_recog.hpp:96] Recog pair: [208 x 272 from (224, 0)], [144 x 190 from (33, 20)]
I1014 10:27:56.577574  3864 thread_intergrate.hpp:154] T-Intergrate-intergrate Show face :1, size :640 * 360
I1014 10:27:56.578083  3860 demo_inner.hpp:435] thread [SORT-0]  frame id 143 sorting queue size 3   FPS: 29.9607
I1014 10:27:56.595101  3863 work_thread.hpp:81]  [T-Work-Recog_1] Run work: WorkCompare
I1014 10:27:56.595209  3863 work_compare.cpp:76] Compare face: 1 successed, similarity :0.984377, name : images/thanglmb.jpg, normal size : 640 * 360!
I1014 10:27:56.605638  3858 demo_inner.hpp:177] decode queue size 0
I1014 10:27:56.605862  3861 work_thread.hpp:81]  [T-Work-Detect_0] Run work: WorkDetect
I1014 10:27:56.605899  3861 work_detect.cpp:102] Succeeded to add det start for frame 144
I1014 10:27:56.612478  3861 work_detect.cpp:70] Frame :144 detect result :1 face(s)
I1014 10:27:56.612524  3861 work_detect.cpp:86] Detected bbox: [145 x 194 from (257, 20)]
I1014 10:27:56.612566  3861 work_detect.cpp:120] Succeeded to add det end for frame 144
I1014 10:27:56.612582  3861 work_thread.hpp:81]  [T-Work-Detect_0] Run work: WrokTrack
I1014 10:27:56.612607  3861 work_track.cpp:82] Frame: 144 build input_characts: [0.226562 x 0.538889 from (0.401563, 0.0555556)], 1.00035, 0
I1014 10:27:56.612663  3861 work_track.cpp:102] Succeeded to set track lock for frame 144
I1014 10:27:56.612704  3861 work_track.cpp:116] Succeeded to release track lock for frame 144
I1014 10:27:56.612718  3861 work_track.cpp:120] Track results of frame 144: 1 objects input, 1 objects tracked!
I1014 10:27:56.612736  3861 work_track.cpp:148] Frame: 144, track bbox: [145 x 194 from (256.289, 17.2484)], gid: 1, lid: 0
I1014 10:27:56.612771  3861 work_thread.hpp:88]  [T-Work-Detect_0] Frame :144 split
I1014 10:27:56.612789  3861 work_thread.hpp:120]  [T-Work-Detect_0] Valid piece: gid = 1
I1014 10:27:56.612807  3861 work_thread.hpp:92]  [T-Work-Detect_0] Push to split queue:recog
I1014 10:27:56.612856  3863 work_thread.hpp:81]  [T-Work-Recog_1] Run work: WorkCapture
I1014 10:27:56.612856  3864 thread_intergrate.hpp:78] [T-Intergrate-intergrate] queue: frame output frame :144
I1014 10:27:56.612990  3864 thread_intergrate.hpp:85] [T-Intergrate-intergrate] queue: compare output face:1
I1014 10:27:56.613010  3864 thread_intergrate.hpp:134] T-Intergrate-intergrate set matched face: 1
I1014 10:27:56.613564  3863 work_thread.hpp:81]  [T-Work-Recog_1] Run work: WorkRecog
I1014 10:27:56.613590  3863 work_recog.hpp:89] Face id: 1 will run recog: bbox [145 x 194 from (257, 20)] quality: 0.465286
I1014 10:27:56.613620  3863 work_recog.hpp:96] Recog pair: [208 x 272 from (224, 0)], [145 x 194 from (33, 20)]
I1014 10:27:56.614166  3864 thread_intergrate.hpp:154] T-Intergrate-intergrate Show face :1, size :640 * 360
I1014 10:27:56.614691  3860 demo_inner.hpp:435] thread [SORT-0]  frame id 144 sorting queue size 4   FPS: 29.8873
I1014 10:27:56.631685  3863 work_thread.hpp:81]  [T-Work-Recog_1] Run work: WorkCompare
I1014 10:27:56.631798  3863 work_compare.cpp:76] Compare face: 1 successed, similarity :0.977591, name : images/thanglmb.jpg, normal size : 640 * 360!
I1014 10:27:56.642289  3858 demo_inner.hpp:177] decode queue size 0
I1014 10:27:56.642390  3861 work_thread.hpp:81]  [T-Work-Detect_0] Run work: WorkDetect
I1014 10:27:56.642424  3861 work_detect.cpp:102] Succeeded to add det start for frame 145
I1014 10:27:56.649058  3861 work_detect.cpp:70] Frame :145 detect result :1 face(s)
I1014 10:27:56.649102  3861 work_detect.cpp:86] Detected bbox: [142 x 191 from (258, 20)]
I1014 10:27:56.649144  3861 work_detect.cpp:120] Succeeded to add det end for frame 145
I1014 10:27:56.649160  3861 work_thread.hpp:81]  [T-Work-Detect_0] Run work: WrokTrack
I1014 10:27:56.649184  3861 work_track.cpp:82] Frame: 145 build input_characts: [0.221875 x 0.530556 from (0.403125, 0.0555556)], 1.00035, 0
I1014 10:27:56.649240  3861 work_track.cpp:102] Succeeded to set track lock for frame 145
I1014 10:27:56.649281  3861 work_track.cpp:116] Succeeded to release track lock for frame 145
I1014 10:27:56.649294  3861 work_track.cpp:120] Track results of frame 145: 1 objects input, 1 objects tracked!
I1014 10:27:56.649312  3861 work_track.cpp:148] Frame: 145, track bbox: [142 x 191 from (258.493, 20.5954)], gid: 1, lid: 0
I1014 10:27:56.649348  3861 work_thread.hpp:88]  [T-Work-Detect_0] Frame :145 split
I1014 10:27:56.649366  3861 work_thread.hpp:120]  [T-Work-Detect_0] Valid piece: gid = 1
I1014 10:27:56.649385  3861 work_thread.hpp:92]  [T-Work-Detect_0] Push to split queue:recog
I1014 10:27:56.649435  3863 work_thread.hpp:81]  [T-Work-Recog_1] Run work: WorkCapture
I1014 10:27:56.649435  3864 thread_intergrate.hpp:78] [T-Intergrate-intergrate] queue: frame output frame :145
I1014 10:27:56.649475  3864 thread_intergrate.hpp:85] [T-Intergrate-intergrate] queue: compare output face:1
I1014 10:27:56.649493  3864 thread_intergrate.hpp:134] T-Intergrate-intergrate set matched face: 1
I1014 10:27:56.650071  3863 work_thread.hpp:81]  [T-Work-Recog_1] Run work: WorkRecog
I1014 10:27:56.650097  3863 work_recog.hpp:89] Face id: 1 will run recog: bbox [142 x 191 from (258, 20)] quality: 0.450887
I1014 10:27:56.650141  3863 work_recog.hpp:96] Recog pair: [208 x 272 from (224, 0)], [142 x 191 from (34, 20)]
I1014 10:27:56.650667  3864 thread_intergrate.hpp:154] T-Intergrate-intergrate Show face :1, size :640 * 360
I1014 10:27:56.651181  3860 demo_inner.hpp:435] thread [SORT-0]  frame id 145 sorting queue size 5   FPS: 29.8727
I1014 10:27:56.668350  3863 work_thread.hpp:81]  [T-Work-Recog_1] Run work: WorkCompare
I1014 10:27:56.668535  3863 work_compare.cpp:76] Compare face: 1 successed, similarity :0.986814, name : images/thanglmb.jpg, normal size : 640 * 360!
I1014 10:27:56.672246  3858 demo_inner.hpp:177] decode queue size 0
I1014 10:27:56.672354  3861 work_thread.hpp:81]  [T-Work-Detect_0] Run work: WorkDetect
I1014 10:27:56.672387  3861 work_detect.cpp:102] Succeeded to add det start for frame 146
I1014 10:27:56.678992  3861 work_detect.cpp:70] Frame :146 detect result :1 face(s)
I1014 10:27:56.679112  3861 work_detect.cpp:86] Detected bbox: [146 x 193 from (256, 18)]
I1014 10:27:56.679157  3861 work_detect.cpp:120] Succeeded to add det end for frame 146
I1014 10:27:56.679172  3861 work_thread.hpp:81]  [T-Work-Detect_0] Run work: WrokTrack
I1014 10:27:56.679198  3861 work_track.cpp:82] Frame: 146 build input_characts: [0.228125 x 0.536111 from (0.4, 0.05)], 1.00019, 0
I1014 10:27:56.679252  3861 work_track.cpp:102] Succeeded to set track lock for frame 146
I1014 10:27:56.679293  3861 work_track.cpp:116] Succeeded to release track lock for frame 146
I1014 10:27:56.679307  3861 work_track.cpp:120] Track results of frame 146: 1 objects input, 1 objects tracked!
I1014 10:27:56.679325  3861 work_track.cpp:148] Frame: 146, track bbox: [146 x 193 from (256.307, 18.9325)], gid: 1, lid: 0
I1014 10:27:56.679360  3861 work_thread.hpp:88]  [T-Work-Detect_0] Frame :146 split
I1014 10:27:56.679378  3861 work_thread.hpp:120]  [T-Work-Detect_0] Valid piece: gid = 1
I1014 10:27:56.679396  3861 work_thread.hpp:92]  [T-Work-Detect_0] Push to split queue:recog
I1014 10:27:56.679445  3862 work_thread.hpp:81]  [T-Work-Recog_0] Run work: WorkCapture
I1014 10:27:56.679749  3864 thread_intergrate.hpp:78] [T-Intergrate-intergrate] queue: frame output frame :146
I1014 10:27:56.679776  3864 thread_intergrate.hpp:85] [T-Intergrate-intergrate] queue: compare output face:1
I1014 10:27:56.679795  3864 thread_intergrate.hpp:134] T-Intergrate-intergrate set matched face: 1
I1014 10:27:56.680009  3862 work_thread.hpp:81]  [T-Work-Recog_0] Run work: WorkRecog
I1014 10:27:56.680032  3862 work_recog.hpp:89] Face id: 1 will run recog: bbox [146 x 193 from (256, 18)] quality: 0.448165
I1014 10:27:56.680061  3862 work_recog.hpp:96] Recog pair: [208 x 272 from (224, 0)], [146 x 193 from (32, 18)]
I1014 10:27:56.680992  3864 thread_intergrate.hpp:154] T-Intergrate-intergrate Show face :1, size :640 * 360
I1014 10:27:56.681521  3860 demo_inner.hpp:435] thread [SORT-0]  frame id 146 sorting queue size 6   FPS: 29.9607
I1014 10:27:56.697692  3862 work_thread.hpp:81]  [T-Work-Recog_0] Run work: WorkCompare
I1014 10:27:56.697805  3862 work_compare.cpp:76] Compare face: 1 successed, similarity :0.976938, name : images/thanglmb.jpg, normal size : 640 * 360!
I1014 10:27:56.707778  3858 demo_inner.hpp:177] decode queue size 0
I1014 10:27:56.707911  3861 work_thread.hpp:81]  [T-Work-Detect_0] Run work: WorkDetect
I1014 10:27:56.707976  3861 work_detect.cpp:102] Succeeded to add det start for frame 147
I1014 10:27:56.714568  3861 work_detect.cpp:70] Frame :147 detect result :1 face(s)
I1014 10:27:56.714614  3861 work_detect.cpp:86] Detected bbox: [155 x 202 from (252, 26)]
I1014 10:27:56.714655  3861 work_detect.cpp:120] Succeeded to add det end for frame 147
I1014 10:27:56.714671  3861 work_thread.hpp:81]  [T-Work-Detect_0] Run work: WrokTrack
I1014 10:27:56.714696  3861 work_track.cpp:82] Frame: 147 build input_characts: [0.242188 x 0.561111 from (0.39375, 0.0722222)], 1.00019, 0
I1014 10:27:56.714753  3861 work_track.cpp:102] Succeeded to set track lock for frame 147
I1014 10:27:56.714793  3861 work_track.cpp:116] Succeeded to release track lock for frame 147
I1014 10:27:56.714808  3861 work_track.cpp:120] Track results of frame 147: 1 objects input, 1 objects tracked!
I1014 10:27:56.714826  3861 work_track.cpp:148] Frame: 147, track bbox: [155 x 202 from (251.73, 20.1076)], gid: 1, lid: 0
I1014 10:27:56.714860  3861 work_thread.hpp:88]  [T-Work-Detect_0] Frame :147 split
I1014 10:27:56.714879  3861 work_thread.hpp:120]  [T-Work-Detect_0] Valid piece: gid = 1
I1014 10:27:56.714897  3861 work_thread.hpp:92]  [T-Work-Detect_0] Push to split queue:recog
I1014 10:27:56.714947  3862 work_thread.hpp:81]  [T-Work-Recog_0] Run work: WorkCapture
I1014 10:27:56.715255  3864 thread_intergrate.hpp:78] [T-Intergrate-intergrate] queue: frame output frame :147
I1014 10:27:56.715283  3864 thread_intergrate.hpp:85] [T-Intergrate-intergrate] queue: compare output face:1
I1014 10:27:56.715302  3864 thread_intergrate.hpp:134] T-Intergrate-intergrate set matched face: 1
I1014 10:27:56.715514  3862 work_thread.hpp:81]  [T-Work-Recog_0] Run work: WorkRecog
I1014 10:27:56.715538  3862 work_recog.hpp:89] Face id: 1 will run recog: bbox [155 x 202 from (252, 26)] quality: 0.460116
I1014 10:27:56.715566  3862 work_recog.hpp:96] Recog pair: [224 x 288 from (216, 0)], [155 x 202 from (36, 26)]
I1014 10:27:56.716603  3864 thread_intergrate.hpp:154] T-Intergrate-intergrate Show face :1, size :640 * 360
I1014 10:27:56.717139  3860 demo_inner.hpp:435] thread [SORT-0]  frame id 147 sorting queue size 7   FPS: 29.8727
I1014 10:27:56.733058  3862 work_thread.hpp:81]  [T-Work-Recog_0] Run work: WorkCompare
I1014 10:27:56.733170  3862 work_compare.cpp:76] Compare face: 1 successed, similarity :0.987082, name : images/thanglmb.jpg, normal size : 640 * 360!
I1014 10:27:56.737892  3858 demo_inner.hpp:177] decode queue size 0
I1014 10:27:56.738000  3861 work_thread.hpp:81]  [T-Work-Detect_0] Run work: WorkDetect
I1014 10:27:56.738034  3861 work_detect.cpp:102] Succeeded to add det start for frame 148
I1014 10:27:56.744570  3861 work_detect.cpp:70] Frame :148 detect result :1 face(s)
I1014 10:27:56.744613  3861 work_detect.cpp:86] Detected bbox: [146 x 191 from (255, 21)]
I1014 10:27:56.744655  3861 work_detect.cpp:120] Succeeded to add det end for frame 148
I1014 10:27:56.744671  3861 work_thread.hpp:81]  [T-Work-Detect_0] Run work: WrokTrack
I1014 10:27:56.744696  3861 work_track.cpp:82] Frame: 148 build input_characts: [0.228125 x 0.530556 from (0.398438, 0.0583333)], 1.00019, 0
I1014 10:27:56.744753  3861 work_track.cpp:102] Succeeded to set track lock for frame 148
I1014 10:27:56.744796  3861 work_track.cpp:116] Succeeded to release track lock for frame 148
I1014 10:27:56.744810  3861 work_track.cpp:120] Track results of frame 148: 1 objects input, 1 objects tracked!
I1014 10:27:56.744827  3861 work_track.cpp:148] Frame: 148, track bbox: [146 x 191 from (255.69, 24.6812)], gid: 1, lid: 0
I1014 10:27:56.744863  3861 work_thread.hpp:88]  [T-Work-Detect_0] Frame :148 split
I1014 10:27:56.744880  3861 work_thread.hpp:120]  [T-Work-Detect_0] Valid piece: gid = 1
I1014 10:27:56.744899  3861 work_thread.hpp:92]  [T-Work-Detect_0] Push to split queue:recog
I1014 10:27:56.744947  3864 thread_intergrate.hpp:78] [T-Intergrate-intergrate] queue: frame output frame :148
I1014 10:27:56.744947  3863 work_thread.hpp:81]  [T-Work-Recog_1] Run work: WorkCapture
I1014 10:27:56.744978  3864 thread_intergrate.hpp:85] [T-Intergrate-intergrate] queue: compare output face:1
I1014 10:27:56.744997  3864 thread_intergrate.hpp:134] T-Intergrate-intergrate set matched face: 1
I1014 10:27:56.745591  3863 work_thread.hpp:81]  [T-Work-Recog_1] Run work: WorkRecog
I1014 10:27:56.745618  3863 work_recog.hpp:89] Face id: 1 will run recog: bbox [146 x 191 from (255, 21)] quality: 0.44717
I1014 10:27:56.745673  3863 work_recog.hpp:96] Recog pair: [208 x 272 from (224, 0)], [146 x 191 from (31, 21)]
I1014 10:27:56.746176  3864 thread_intergrate.hpp:154] T-Intergrate-intergrate Show face :1, size :640 * 360
I1014 10:27:56.746686  3860 demo_inner.hpp:435] thread [SORT-0]  frame id 148 sorting queue size 8   FPS: 29.9607
I1014 10:27:56.763810  3863 work_thread.hpp:81]  [T-Work-Recog_1] Run work: WorkCompare
I1014 10:27:56.763936  3863 work_compare.cpp:76] Compare face: 1 successed, similarity :0.986309, name : images/thanglmb.jpg, normal size : 640 * 360!
I1014 10:27:56.774235  3858 demo_inner.hpp:177] decode queue size 0
I1014 10:27:56.774355  3861 work_thread.hpp:81]  [T-Work-Detect_0] Run work: WorkDetect
I1014 10:27:56.774389  3861 work_detect.cpp:102] Succeeded to add det start for frame 149
I1014 10:27:56.781014  3861 work_detect.cpp:70] Frame :149 detect result :1 face(s)
I1014 10:27:56.781057  3861 work_detect.cpp:86] Detected bbox: [147 x 196 from (254, 17)]
I1014 10:27:56.781100  3861 work_detect.cpp:120] Succeeded to add det end for frame 149
I1014 10:27:56.781116  3861 work_thread.hpp:81]  [T-Work-Detect_0] Run work: WrokTrack
I1014 10:27:56.781139  3861 work_track.cpp:82] Frame: 149 build input_characts: [0.229687 x 0.544444 from (0.396875, 0.0472222)], 1.00019, 0
I1014 10:27:56.781272  3861 work_track.cpp:102] Succeeded to set track lock for frame 149
I1014 10:27:56.781313  3861 work_track.cpp:116] Succeeded to release track lock for frame 149
I1014 10:27:56.781328  3861 work_track.cpp:120] Track results of frame 149: 1 objects input, 1 objects tracked!
I1014 10:27:56.781347  3861 work_track.cpp:148] Frame: 149, track bbox: [147 x 196 from (254.4, 19.9766)], gid: 1, lid: 0
I1014 10:27:56.781383  3861 work_thread.hpp:88]  [T-Work-Detect_0] Frame :149 split
I1014 10:27:56.781400  3861 work_thread.hpp:120]  [T-Work-Detect_0] Valid piece: gid = 1
I1014 10:27:56.781419  3861 work_thread.hpp:92]  [T-Work-Detect_0] Push to split queue:recog
I1014 10:27:56.781472  3862 work_thread.hpp:81]  [T-Work-Recog_0] Run work: WorkCapture
I1014 10:27:56.781780  3864 thread_intergrate.hpp:78] [T-Intergrate-intergrate] queue: frame output frame :149
I1014 10:27:56.781810  3864 thread_intergrate.hpp:85] [T-Intergrate-intergrate] queue: compare output face:1
I1014 10:27:56.781828  3864 thread_intergrate.hpp:134] T-Intergrate-intergrate set matched face: 1
I1014 10:27:56.782032  3862 work_thread.hpp:81]  [T-Work-Recog_0] Run work: WorkRecog
I1014 10:27:56.782055  3862 work_recog.hpp:89] Face id: 1 will run recog: bbox [147 x 196 from (254, 17)] quality: 0.457294
I1014 10:27:56.782083  3862 work_recog.hpp:96] Recog pair: [208 x 280 from (224, 0)], [147 x 196 from (30, 17)]
I1014 10:27:56.783004  3864 thread_intergrate.hpp:154] T-Intergrate-intergrate Show face :1, size :640 * 360
I1014 10:27:56.783551  3860 demo_inner.hpp:435] thread [SORT-0]  frame id 149 sorting queue size 9   FPS: 29.8727
I1014 10:27:56.799597  3862 work_thread.hpp:81]  [T-Work-Recog_0] Run work: WorkCompare
I1014 10:27:56.799708  3862 work_compare.cpp:76] Compare face: 1 successed, similarity :0.984872, name : images/thanglmb.jpg, normal size : 640 * 360!
I1014 10:27:56.803795  3858 demo_inner.hpp:177] decode queue size 0
I1014 10:27:56.803900  3861 work_thread.hpp:81]  [T-Work-Detect_0] Run work: WorkDetect
I1014 10:27:56.803933  3861 work_detect.cpp:102] Succeeded to add det start for frame 150
I1014 10:27:56.810495  3861 work_detect.cpp:70] Frame :150 detect result :1 face(s)
I1014 10:27:56.810544  3861 work_detect.cpp:86] Detected bbox: [149 x 199 from (253, 16)]
I1014 10:27:56.810585  3861 work_detect.cpp:120] Succeeded to add det end for frame 150
I1014 10:27:56.810601  3861 work_thread.hpp:81]  [T-Work-Detect_0] Run work: WrokTrack
I1014 10:27:56.810626  3861 work_track.cpp:82] Frame: 150 build input_characts: [0.232812 x 0.552778 from (0.395312, 0.0444444)], 0.999622, 0
I1014 10:27:56.810684  3861 work_track.cpp:102] Succeeded to set track lock for frame 150
I1014 10:27:56.810725  3861 work_track.cpp:116] Succeeded to release track lock for frame 150
I1014 10:27:56.810739  3861 work_track.cpp:120] Track results of frame 150: 1 objects input, 1 objects tracked!
I1014 10:27:56.810757  3861 work_track.cpp:148] Frame: 150, track bbox: [149 x 199 from (252.976, 17.1965)], gid: 1, lid: 0
I1014 10:27:56.810793  3861 work_thread.hpp:88]  [T-Work-Detect_0] Frame :150 split
I1014 10:27:56.810811  3861 work_thread.hpp:120]  [T-Work-Detect_0] Valid piece: gid = 1
I1014 10:27:56.810829  3861 work_thread.hpp:92]  [T-Work-Detect_0] Push to split queue:recog
I1014 10:27:56.810876  3863 work_thread.hpp:81]  [T-Work-Recog_1] Run work: WorkCapture
I1014 10:27:56.810876  3864 thread_intergrate.hpp:78] [T-Intergrate-intergrate] queue: frame output frame :150
I1014 10:27:56.810916  3864 thread_intergrate.hpp:85] [T-Intergrate-intergrate] queue: compare output face:1
I1014 10:27:56.810935  3864 thread_intergrate.hpp:134] T-Intergrate-intergrate set matched face: 1
I1014 10:27:56.811517  3863 work_thread.hpp:81]  [T-Work-Recog_1] Run work: WorkRecog
I1014 10:27:56.811542  3863 work_recog.hpp:89] Face id: 1 will run recog: bbox [149 x 199 from (253, 16)] quality: 0.465286
I1014 10:27:56.811571  3863 work_recog.hpp:96] Recog pair: [208 x 280 from (224, 0)], [149 x 199 from (29, 16)]
I1014 10:27:56.812106  3864 thread_intergrate.hpp:154] T-Intergrate-intergrate Show face :1, size :640 * 360
I1014 10:27:56.812716  3860 demo_inner.hpp:435] thread [SORT-0]  frame id 150 sorting queue size 10   FPS: 29.9607
I1014 10:27:56.829712  3863 work_thread.hpp:81]  [T-Work-Recog_1] Run work: WorkCompare
I1014 10:27:56.829825  3863 work_compare.cpp:76] Compare face: 1 successed, similarity :0.987642, name : images/thanglmb.jpg, normal size : 640 * 360!
I1014 10:27:56.839993  3858 demo_inner.hpp:177] decode queue size 0
I1014 10:27:56.840096  3861 work_thread.hpp:81]  [T-Work-Detect_0] Run work: WorkDetect
I1014 10:27:56.840131  3861 work_detect.cpp:102] Succeeded to add det start for frame 151
I1014 10:27:56.846652  3861 work_detect.cpp:70] Frame :151 detect result :1 face(s)
I1014 10:27:56.846698  3861 work_detect.cpp:86] Detected bbox: [155 x 202 from (254, 26)]
I1014 10:27:56.846740  3861 work_detect.cpp:120] Succeeded to add det end for frame 151
I1014 10:27:56.846755  3861 work_thread.hpp:81]  [T-Work-Detect_0] Run work: WrokTrack
I1014 10:27:56.846781  3861 work_track.cpp:82] Frame: 151 build input_characts: [0.242188 x 0.561111 from (0.396875, 0.0722222)], 1.00019, 0
I1014 10:27:56.846837  3861 work_track.cpp:102] Succeeded to set track lock for frame 151
I1014 10:27:56.846876  3861 work_track.cpp:116] Succeeded to release track lock for frame 151
I1014 10:27:56.846891  3861 work_track.cpp:120] Track results of frame 151: 1 objects input, 1 objects tracked!
I1014 10:27:56.846909  3861 work_track.cpp:148] Frame: 151, track bbox: [155 x 202 from (251.795, 20.1412)], gid: 1, lid: 0
I1014 10:27:56.846945  3861 work_thread.hpp:88]  [T-Work-Detect_0] Frame :151 split
I1014 10:27:56.846962  3861 work_thread.hpp:120]  [T-Work-Detect_0] Valid piece: gid = 1
I1014 10:27:56.846980  3861 work_thread.hpp:92]  [T-Work-Detect_0] Push to split queue:recog
I1014 10:27:56.847028  3864 thread_intergrate.hpp:78] [T-Intergrate-intergrate] queue: frame output frame :151
I1014 10:27:56.847036  3863 work_thread.hpp:81]  [T-Work-Recog_1] Run work: WorkCapture
I1014 10:27:56.847055  3864 thread_intergrate.hpp:85] [T-Intergrate-intergrate] queue: compare output face:1
I1014 10:27:56.847074  3864 thread_intergrate.hpp:134] T-Intergrate-intergrate set matched face: 1
I1014 10:27:56.847671  3863 work_thread.hpp:81]  [T-Work-Recog_1] Run work: WorkRecog
I1014 10:27:56.847695  3863 work_recog.hpp:89] Face id: 1 will run recog: bbox [155 x 202 from (254, 26)] quality: 0.459322
I1014 10:27:56.847725  3863 work_recog.hpp:96] Recog pair: [224 x 288 from (216, 0)], [155 x 202 from (38, 26)]
I1014 10:27:56.848281  3864 thread_intergrate.hpp:154] T-Intergrate-intergrate Show face :1, size :640 * 360
I1014 10:27:56.865872  3863 work_thread.hpp:81]  [T-Work-Recog_1] Run work: WorkCompare
I1014 10:27:56.865983  3863 work_compare.cpp:76] Compare face: 1 successed, similarity :0.987396, name : images/thanglmb.jpg, normal size : 640 * 360!
I1014 10:27:56.873798  3858 demo_inner.hpp:177] decode queue size 0
I1014 10:27:56.873926  3861 work_thread.hpp:81]  [T-Work-Detect_0] Run work: WorkDetect
I1014 10:27:56.873967  3861 work_detect.cpp:102] Succeeded to add det start for frame 152
I1014 10:27:56.880636  3861 work_detect.cpp:70] Frame :152 detect result :1 face(s)
I1014 10:27:56.880690  3861 work_detect.cpp:86] Detected bbox: [151 x 196 from (251, 20)]
I1014 10:27:56.880733  3861 work_detect.cpp:120] Succeeded to add det end for frame 152
I1014 10:27:56.880749  3861 work_thread.hpp:81]  [T-Work-Detect_0] Run work: WrokTrack
I1014 10:27:56.880774  3861 work_track.cpp:82] Frame: 152 build input_characts: [0.235938 x 0.544444 from (0.392188, 0.0555556)], 1.00035, 0
I1014 10:27:56.880831  3861 work_track.cpp:102] Succeeded to set track lock for frame 152
I1014 10:27:56.880872  3861 work_track.cpp:116] Succeeded to release track lock for frame 152
I1014 10:27:56.880885  3861 work_track.cpp:120] Track results of frame 152: 1 objects input, 1 objects tracked!
I1014 10:27:56.880904  3861 work_track.cpp:148] Frame: 152, track bbox: [151 x 196 from (252.597, 20.903)], gid: 1, lid: 0
I1014 10:27:56.881016  3861 work_thread.hpp:88]  [T-Work-Detect_0] Frame :152 split
I1014 10:27:56.881036  3861 work_thread.hpp:120]  [T-Work-Detect_0] Valid piece: gid = 1
I1014 10:27:56.881054  3861 work_thread.hpp:92]  [T-Work-Detect_0] Push to split queue:recog
I1014 10:27:56.881099  3864 thread_intergrate.hpp:78] [T-Intergrate-intergrate] queue: frame output frame :152
I1014 10:27:56.881119  3863 work_thread.hpp:81]  [T-Work-Recog_1] Run work: WorkCapture
I1014 10:27:56.881129  3864 thread_intergrate.hpp:85] [T-Intergrate-intergrate] queue: compare output face:1
I1014 10:27:56.881147  3864 thread_intergrate.hpp:134] T-Intergrate-intergrate set matched face: 1
I1014 10:27:56.881906  3863 work_thread.hpp:81]  [T-Work-Recog_1] Run work: WorkRecog
I1014 10:27:56.881930  3863 work_recog.hpp:89] Face id: 1 will run recog: bbox [151 x 196 from (251, 20)] quality: 0.46296
I1014 10:27:56.881971  3863 work_recog.hpp:96] Recog pair: [216 x 280 from (216, 0)], [151 x 196 from (35, 20)]
I1014 10:27:56.882488  3864 thread_intergrate.hpp:154] T-Intergrate-intergrate Show face :1, size :640 * 360
I1014 10:27:56.899843  3863 work_thread.hpp:81]  [T-Work-Recog_1] Run work: WorkCompare
I1014 10:27:56.899957  3863 work_compare.cpp:76] Compare face: 1 successed, similarity :0.990035, name : images/thanglmb.jpg, normal size : 640 * 360!
I1014 10:27:56.903635  3858 demo_inner.hpp:177] decode queue size 0
I1014 10:27:56.903738  3861 work_thread.hpp:81]  [T-Work-Detect_0] Run work: WorkDetect
I1014 10:27:56.903771  3861 work_detect.cpp:102] Succeeded to add det start for frame 153
I1014 10:27:56.910310  3861 work_detect.cpp:70] Frame :153 detect result :1 face(s)
I1014 10:27:56.910353  3861 work_detect.cpp:86] Detected bbox: [153 x 199 from (250, 17)]
I1014 10:27:56.910395  3861 work_detect.cpp:120] Succeeded to add det end for frame 153
I1014 10:27:56.910411  3861 work_thread.hpp:81]  [T-Work-Detect_0] Run work: WrokTrack
I1014 10:27:56.910436  3861 work_track.cpp:82] Frame: 153 build input_characts: [0.239063 x 0.552778 from (0.390625, 0.0472222)], 1.00019, 0
I1014 10:27:56.910493  3861 work_track.cpp:102] Succeeded to set track lock for frame 153
I1014 10:27:56.910559  3861 work_track.cpp:116] Succeeded to release track lock for frame 153
I1014 10:27:56.910575  3861 work_track.cpp:120] Track results of frame 153: 1 objects input, 1 objects tracked!
I1014 10:27:56.910593  3861 work_track.cpp:148] Frame: 153, track bbox: [153 x 199 from (250.96, 20.0391)], gid: 1, lid: 0
I1014 10:27:56.910629  3861 work_thread.hpp:88]  [T-Work-Detect_0] Frame :153 split
I1014 10:27:56.910646  3861 work_thread.hpp:120]  [T-Work-Detect_0] Valid piece: gid = 1
I1014 10:27:56.910665  3861 work_thread.hpp:92]  [T-Work-Detect_0] Push to split queue:recog
I1014 10:27:56.910702  3863 work_thread.hpp:81]  [T-Work-Recog_1] Run work: WorkCapture
I1014 10:27:56.910714  3864 thread_intergrate.hpp:78] [T-Intergrate-intergrate] queue: frame output frame :153
I1014 10:27:56.910742  3864 thread_intergrate.hpp:85] [T-Intergrate-intergrate] queue: compare output face:1
I1014 10:27:56.910761  3864 thread_intergrate.hpp:134] T-Intergrate-intergrate set matched face: 1
I1014 10:27:56.911383  3863 work_thread.hpp:81]  [T-Work-Recog_1] Run work: WorkRecog
I1014 10:27:56.911407  3863 work_recog.hpp:89] Face id: 1 will run recog: bbox [153 x 199 from (250, 17)] quality: 0.46766
I1014 10:27:56.911435  3863 work_recog.hpp:96] Recog pair: [224 x 280 from (216, 0)], [153 x 199 from (34, 17)]
I1014 10:27:56.912111  3864 thread_intergrate.hpp:154] T-Intergrate-intergrate Show face :1, size :640 * 360
I1014 10:27:56.929447  3863 work_thread.hpp:81]  [T-Work-Recog_1] Run work: WorkCompare
I1014 10:27:56.929580  3863 work_compare.cpp:76] Compare face: 1 successed, similarity :0.988695, name : images/thanglmb.jpg, normal size : 640 * 360!
I1014 10:27:56.939545  3858 demo_inner.hpp:177] decode queue size 0
I1014 10:27:56.939667  3861 work_thread.hpp:81]  [T-Work-Detect_0] Run work: WorkDetect
I1014 10:27:56.939703  3861 work_detect.cpp:102] Succeeded to add det start for frame 154
I1014 10:27:56.946293  3861 work_detect.cpp:70] Frame :154 detect result :1 face(s)
I1014 10:27:56.946409  3861 work_detect.cpp:86] Detected bbox: [155 x 200 from (253, 28)]
I1014 10:27:56.946453  3861 work_detect.cpp:120] Succeeded to add det end for frame 154
I1014 10:27:56.946470  3861 work_thread.hpp:81]  [T-Work-Detect_0] Run work: WrokTrack
I1014 10:27:56.946496  3861 work_track.cpp:82] Frame: 154 build input_characts: [0.242188 x 0.555556 from (0.395312, 0.0777778)], 1.00019, 0
I1014 10:27:56.946557  3861 work_track.cpp:102] Succeeded to set track lock for frame 154
I1014 10:27:56.946597  3861 work_track.cpp:116] Succeeded to release track lock for frame 154
I1014 10:27:56.946611  3861 work_track.cpp:120] Track results of frame 154: 1 objects input, 1 objects tracked!
I1014 10:27:56.946630  3861 work_track.cpp:148] Frame: 154, track bbox: [155 x 200 from (251.342, 24.2002)], gid: 1, lid: 0
I1014 10:27:56.946666  3861 work_thread.hpp:88]  [T-Work-Detect_0] Frame :154 split
I1014 10:27:56.946683  3861 work_thread.hpp:120]  [T-Work-Detect_0] Valid piece: gid = 1
I1014 10:27:56.946702  3861 work_thread.hpp:92]  [T-Work-Detect_0] Push to split queue:recog
I1014 10:27:56.946748  3864 thread_intergrate.hpp:78] [T-Intergrate-intergrate] queue: frame output frame :154
I1014 10:27:56.946760  3863 work_thread.hpp:81]  [T-Work-Recog_1] Run work: WorkCapture
I1014 10:27:56.946774  3864 thread_intergrate.hpp:85] [T-Intergrate-intergrate] queue: compare output face:1
I1014 10:27:56.946794  3864 thread_intergrate.hpp:134] T-Intergrate-intergrate set matched face: 1
I1014 10:27:56.947459  3863 work_thread.hpp:81]  [T-Work-Recog_1] Run work: WorkRecog
I1014 10:27:56.947484  3863 work_recog.hpp:89] Face id: 1 will run recog: bbox [155 x 200 from (253, 28)] quality: 0.443865
I1014 10:27:56.947515  3863 work_recog.hpp:96] Recog pair: [224 x 280 from (216, 0)], [155 x 200 from (37, 28)]
I1014 10:27:56.948143  3864 thread_intergrate.hpp:154] T-Intergrate-intergrate Show face :1, size :640 * 360
I1014 10:27:56.965534  3863 work_thread.hpp:81]  [T-Work-Recog_1] Run work: WorkCompare
I1014 10:27:56.965710  3863 work_compare.cpp:76] Compare face: 1 successed, similarity :0.980173, name : images/thanglmb.jpg, normal size : 640 * 360!
I1014 10:27:56.969600  3858 demo_inner.hpp:177] decode queue size 0
I1014 10:27:56.969704  3861 work_thread.hpp:81]  [T-Work-Detect_0] Run work: WorkDetect
I1014 10:27:56.969738  3861 work_detect.cpp:102] Succeeded to add det start for frame 155
I1014 10:27:56.976368  3861 work_detect.cpp:70] Frame :155 detect result :1 face(s)
I1014 10:27:56.976415  3861 work_detect.cpp:86] Detected bbox: [154 x 196 from (248, 21)]
I1014 10:27:56.976457  3861 work_detect.cpp:120] Succeeded to add det end for frame 155
I1014 10:27:56.976474  3861 work_thread.hpp:81]  [T-Work-Detect_0] Run work: WrokTrack
I1014 10:27:56.976498  3861 work_track.cpp:82] Frame: 155 build input_characts: [0.240625 x 0.544444 from (0.3875, 0.0583333)], 1.00019, 0
I1014 10:27:56.976553  3861 work_track.cpp:102] Succeeded to set track lock for frame 155
I1014 10:27:56.976594  3861 work_track.cpp:116] Succeeded to release track lock for frame 155
I1014 10:27:56.976608  3861 work_track.cpp:120] Track results of frame 155: 1 objects input, 1 objects tracked!
I1014 10:27:56.976626  3861 work_track.cpp:148] Frame: 155, track bbox: [154 x 196 from (249.84, 24.0217)], gid: 1, lid: 0
I1014 10:27:56.976660  3861 work_thread.hpp:88]  [T-Work-Detect_0] Frame :155 split
I1014 10:27:56.976678  3861 work_thread.hpp:120]  [T-Work-Detect_0] Valid piece: gid = 1
I1014 10:27:56.976697  3861 work_thread.hpp:92]  [T-Work-Detect_0] Push to split queue:recog
I1014 10:27:56.976747  3862 work_thread.hpp:81]  [T-Work-Recog_0] Run work: WorkCapture
I1014 10:27:56.977054  3864 thread_intergrate.hpp:78] [T-Intergrate-intergrate] queue: frame output frame :155
I1014 10:27:56.977082  3864 thread_intergrate.hpp:85] [T-Intergrate-intergrate] queue: compare output face:1
I1014 10:27:56.977100  3864 thread_intergrate.hpp:134] T-Intergrate-intergrate set matched face: 1
I1014 10:27:56.977311  3862 work_thread.hpp:81]  [T-Work-Recog_0] Run work: WorkRecog
I1014 10:27:56.977418  3862 work_recog.hpp:89] Face id: 1 will run recog: bbox [154 x 196 from (248, 21)] quality: 0.465021
I1014 10:27:56.977449  3862 work_recog.hpp:96] Recog pair: [216 x 280 from (216, 0)], [154 x 196 from (32, 21)]
I1014 10:27:56.978459  3864 thread_intergrate.hpp:154] T-Intergrate-intergrate Show face :1, size :640 * 360
I1014 10:27:56.994892  3862 work_thread.hpp:81]  [T-Work-Recog_0] Run work: WorkCompare
I1014 10:27:56.994987  3862 work_compare.cpp:76] Compare face: 1 successed, similarity :0.987373, name : images/thanglmb.jpg, normal size : 640 * 360!
I1014 10:27:57.005466  3858 demo_inner.hpp:177] decode queue size 0
I1014 10:27:57.005573  3861 work_thread.hpp:81]  [T-Work-Detect_0] Run work: WorkDetect
I1014 10:27:57.005605  3861 work_detect.cpp:102] Succeeded to add det start for frame 156
I1014 10:27:57.012208  3861 work_detect.cpp:70] Frame :156 detect result :1 face(s)
I1014 10:27:57.012250  3861 work_detect.cpp:86] Detected bbox: [154 x 194 from (250, 32)]
I1014 10:27:57.012292  3861 work_detect.cpp:120] Succeeded to add det end for frame 156
I1014 10:27:57.012310  3861 work_thread.hpp:81]  [T-Work-Detect_0] Run work: WrokTrack
I1014 10:27:57.012333  3861 work_track.cpp:82] Frame: 156 build input_characts: [0.240625 x 0.538889 from (0.390625, 0.0888889)], 1.00019, 0
I1014 10:27:57.012392  3861 work_track.cpp:102] Succeeded to set track lock for frame 156
I1014 10:27:57.012432  3861 work_track.cpp:116] Succeeded to release track lock for frame 156
I1014 10:27:57.012447  3861 work_track.cpp:120] Track results of frame 156: 1 objects input, 1 objects tracked!
I1014 10:27:57.012465  3861 work_track.cpp:148] Frame: 156, track bbox: [154 x 194 from (249.22, 27.6556)], gid: 1, lid: 0
I1014 10:27:57.012501  3861 work_thread.hpp:88]  [T-Work-Detect_0] Frame :156 split
I1014 10:27:57.012518  3861 work_thread.hpp:120]  [T-Work-Detect_0] Valid piece: gid = 1
I1014 10:27:57.012537  3861 work_thread.hpp:92]  [T-Work-Detect_0] Push to split queue:recog
I1014 10:27:57.012586  3862 work_thread.hpp:81]  [T-Work-Recog_0] Run work: WorkCapture
I1014 10:27:57.012884  3864 thread_intergrate.hpp:78] [T-Intergrate-intergrate] queue: frame output frame :156
I1014 10:27:57.012912  3864 thread_intergrate.hpp:85] [T-Intergrate-intergrate] queue: compare output face:1
I1014 10:27:57.012929  3864 thread_intergrate.hpp:134] T-Intergrate-intergrate set matched face: 1
I1014 10:27:57.013139  3862 work_thread.hpp:81]  [T-Work-Recog_0] Run work: WorkRecog
I1014 10:27:57.013164  3862 work_recog.hpp:89] Face id: 1 will run recog: bbox [154 x 194 from (250, 32)] quality: 0.415145
I1014 10:27:57.013192  3862 work_recog.hpp:96] Recog pair: [224 x 272 from (216, 0)], [154 x 194 from (34, 32)]
I1014 10:27:57.014292  3864 thread_intergrate.hpp:154] T-Intergrate-intergrate Show face :1, size :640 * 360
I1014 10:27:57.024520  3864 thread_intergrate.hpp:94] T-Intergrate-intergrate Try push queue sorting again 5 vs 5
I1014 10:27:57.030695  3862 work_thread.hpp:81]  [T-Work-Recog_0] Run work: WorkCompare
I1014 10:27:57.030792  3862 work_compare.cpp:76] Compare face: 1 successed, similarity :0.985284, name : images/thanglmb.jpg, normal size : 640 * 360!
I1014 10:27:57.034636  3864 thread_intergrate.hpp:94] T-Intergrate-intergrate Try push queue sorting again 5 vs 5
I1014 10:27:57.035707  3858 demo_inner.hpp:177] decode queue size 0
I1014 10:27:57.035789  3861 work_thread.hpp:81]  [T-Work-Detect_0] Run work: WorkDetect
I1014 10:27:57.035826  3861 work_detect.cpp:102] Succeeded to add det start for frame 157
I1014 10:27:57.042408  3861 work_detect.cpp:70] Frame :157 detect result :1 face(s)
I1014 10:27:57.042454  3861 work_detect.cpp:86] Detected bbox: [157 x 199 from (248, 29)]
I1014 10:27:57.042496  3861 work_detect.cpp:120] Succeeded to add det end for frame 157
I1014 10:27:57.042512  3861 work_thread.hpp:81]  [T-Work-Detect_0] Run work: WrokTrack
I1014 10:27:57.042536  3861 work_track.cpp:82] Frame: 157 build input_characts: [0.245312 x 0.552778 from (0.3875, 0.0805556)], 0.999622, 0
I1014 10:27:57.042667  3861 work_track.cpp:102] Succeeded to set track lock for frame 157
I1014 10:27:57.042711  3861 work_track.cpp:116] Succeeded to release track lock for frame 157
I1014 10:27:57.042726  3861 work_track.cpp:120] Track results of frame 157: 1 objects input, 1 objects tracked!
I1014 10:27:57.042743  3861 work_track.cpp:148] Frame: 157, track bbox: [157 x 199 from (248.259, 29.4307)], gid: 1, lid: 0
I1014 10:27:57.042780  3861 work_thread.hpp:88]  [T-Work-Detect_0] Frame :157 split
I1014 10:27:57.042799  3861 work_thread.hpp:120]  [T-Work-Detect_0] Valid piece: gid = 1
I1014 10:27:57.042817  3861 work_thread.hpp:92]  [T-Work-Detect_0] Push to split queue:recog
I1014 10:27:57.042865  3863 work_thread.hpp:81]  [T-Work-Recog_1] Run work: WorkCapture
I1014 10:27:57.043512  3863 work_thread.hpp:81]  [T-Work-Recog_1] Run work: WorkRecog
I1014 10:27:57.043545  3863 work_recog.hpp:89] Face id: 1 will run recog: bbox [157 x 199 from (248, 29)] quality: 0.458253
I1014 10:27:57.043571  3863 work_recog.hpp:96] Recog pair: [224 x 280 from (216, 0)], [157 x 199 from (32, 29)]
I1014 10:27:57.044740  3864 thread_intergrate.hpp:94] T-Intergrate-intergrate Try push queue sorting again 5 vs 5
I1014 10:27:57.054837  3864 thread_intergrate.hpp:94] T-Intergrate-intergrate Try push queue sorting again 5 vs 5
I1014 10:27:57.061545  3863 work_thread.hpp:81]  [T-Work-Recog_1] Run work: WorkCompare
I1014 10:27:57.061697  3863 work_compare.cpp:76] Compare face: 1 successed, similarity :0.989388, name : images/thanglmb.jpg, normal size : 640 * 360!
I1014 10:27:57.064951  3864 thread_intergrate.hpp:94] T-Intergrate-intergrate Try push queue sorting again 5 vs 5
I1014 10:27:57.073454  3858 demo_inner.hpp:177] decode queue size 0
I1014 10:27:57.073547  3861 work_thread.hpp:81]  [T-Work-Detect_0] Run work: WorkDetect
I1014 10:27:57.073580  3861 work_detect.cpp:102] Succeeded to add det start for frame 158
I1014 10:27:57.075067  3864 thread_intergrate.hpp:94] T-Intergrate-intergrate Try push queue sorting again 5 vs 5
