Log file created at: 2019/10/15 11:10:28
Running on machine: zcu104
Log line format: [IWEF]mmdd hh:mm:ss.uuuuuu threadid file:line] msg
I1015 11:10:28.708531  3635 feature_lib.cpp:109] Feature lib read name: images/HaDM.jpg
I1015 11:10:28.709470  3635 feature_lib.cpp:131] Read lib face : images/HaDM.jpg
I1015 11:10:28.709499  3635 feature_lib.cpp:109] Feature lib read name: images/HaiHV.jpg
I1015 11:10:28.709894  3635 feature_lib.cpp:131] Read lib face : images/HaiHV.jpg
I1015 11:10:28.709914  3635 feature_lib.cpp:109] Feature lib read name: images/SonNNe.jpg
I1015 11:10:28.710304  3635 feature_lib.cpp:131] Read lib face : images/SonNNe.jpg
I1015 11:10:28.710323  3635 feature_lib.cpp:109] Feature lib read name: images/TungDM.jpg
I1015 11:10:28.710708  3635 feature_lib.cpp:131] Read lib face : images/TungDM.jpg
I1015 11:10:28.710727  3635 feature_lib.cpp:109] Feature lib read name: images/HungVTc.png
I1015 11:10:28.711125  3635 feature_lib.cpp:131] Read lib face : images/HungVTc.png
I1015 11:10:28.711155  3635 feature_lib.cpp:109] Feature lib read name: images/DangVHb.jpg
I1015 11:10:28.711539  3635 feature_lib.cpp:131] Read lib face : images/DangVHb.jpg
I1015 11:10:28.711560  3635 feature_lib.cpp:109] Feature lib read name: images/hungndn.jpg
I1015 11:10:28.711942  3635 feature_lib.cpp:131] Read lib face : images/hungndn.jpg
I1015 11:10:28.711961  3635 feature_lib.cpp:109] Feature lib read name: images/HieuPV.jpg
I1015 11:10:28.712342  3635 feature_lib.cpp:131] Read lib face : images/HieuPV.jpg
I1015 11:10:28.712361  3635 feature_lib.cpp:109] Feature lib read name: images/HuyNQz.png
I1015 11:10:28.712791  3635 feature_lib.cpp:131] Read lib face : images/HuyNQz.png
I1015 11:10:28.712832  3635 feature_lib.cpp:109] Feature lib read name: images/VuongNQb.png
I1015 11:10:28.713219  3635 feature_lib.cpp:131] Read lib face : images/VuongNQb.png
I1015 11:10:28.713248  3635 feature_lib.cpp:109] Feature lib read name: images/ThangLMb.jpg
I1015 11:10:28.713634  3635 feature_lib.cpp:131] Read lib face : images/ThangLMb.jpg
I1015 11:10:28.713652  3635 feature_lib.cpp:109] Feature lib read name: images/truongnxd.png
I1015 11:10:28.714038  3635 feature_lib.cpp:131] Read lib face : images/truongnxd.png
I1015 11:10:28.714057  3635 feature_lib.cpp:109] Feature lib read name: images/ThaoDQ.jpg
I1015 11:10:28.714445  3635 feature_lib.cpp:131] Read lib face : images/ThaoDQ.jpg
I1015 11:10:28.714495  3635 feature_lib.cpp:147] Loading normal image: images/HaDM.jpg...
I1015 11:10:28.745180  3635 feature_lib.cpp:158] Load normal image: images/HaDM.jpg done size: 838 * 1100
I1015 11:10:28.745246  3635 feature_lib.cpp:147] Loading normal image: images/HaiHV.jpg...
I1015 11:10:28.802507  3635 feature_lib.cpp:158] Load normal image: images/HaiHV.jpg done size: 1203 * 1541
I1015 11:10:28.802567  3635 feature_lib.cpp:147] Loading normal image: images/SonNNe.jpg...
I1015 11:10:28.877490  3635 feature_lib.cpp:158] Load normal image: images/SonNNe.jpg done size: 1429 * 1719
I1015 11:10:28.877550  3635 feature_lib.cpp:147] Loading normal image: images/TungDM.jpg...
I1015 11:10:28.936234  3635 feature_lib.cpp:158] Load normal image: images/TungDM.jpg done size: 1340 * 1462
I1015 11:10:28.936295  3635 feature_lib.cpp:147] Loading normal image: images/HungVTc.png...
I1015 11:10:28.944425  3635 feature_lib.cpp:158] Load normal image: images/HungVTc.png done size: 263 * 317
I1015 11:10:28.944458  3635 feature_lib.cpp:147] Loading normal image: images/DangVHb.jpg...
I1015 11:10:29.009822  3635 feature_lib.cpp:158] Load normal image: images/DangVHb.jpg done size: 1469 * 1456
I1015 11:10:29.009883  3635 feature_lib.cpp:147] Loading normal image: images/hungndn.jpg...
I1015 11:10:29.107319  3635 feature_lib.cpp:158] Load normal image: images/hungndn.jpg done size: 1636 * 1930
I1015 11:10:29.107381  3635 feature_lib.cpp:147] Loading normal image: images/HieuPV.jpg...
I1015 11:10:29.185902  3635 feature_lib.cpp:158] Load normal image: images/HieuPV.jpg done size: 1527 * 1719
I1015 11:10:29.185962  3635 feature_lib.cpp:147] Loading normal image: images/HuyNQz.png...
I1015 11:10:29.212303  3635 feature_lib.cpp:158] Load normal image: images/HuyNQz.png done size: 493 * 639
I1015 11:10:29.212359  3635 feature_lib.cpp:147] Loading normal image: images/VuongNQb.png...
I1015 11:10:29.227214  3635 feature_lib.cpp:158] Load normal image: images/VuongNQb.png done size: 351 * 514
I1015 11:10:29.227327  3635 feature_lib.cpp:147] Loading normal image: images/ThangLMb.jpg...
I1015 11:10:29.305375  3635 feature_lib.cpp:158] Load normal image: images/ThangLMb.jpg done size: 1548 * 1719
I1015 11:10:29.305435  3635 feature_lib.cpp:147] Loading normal image: images/truongnxd.png...
I1015 11:10:29.358626  3635 feature_lib.cpp:158] Load normal image: images/truongnxd.png done size: 906 * 964
I1015 11:10:29.358688  3635 feature_lib.cpp:147] Loading normal image: images/ThaoDQ.jpg...
I1015 11:10:29.430842  3635 feature_lib.cpp:158] Load normal image: images/ThaoDQ.jpg done size: 1425 * 1719
I1015 11:10:29.797159  3635 demo_inner.hpp:126] thread [DedodeThread-0] is starting
I1015 11:10:29.797327  3635 demo_inner.hpp:126] thread [GUIThread] is starting
I1015 11:10:29.797394  3637 demo_inner.hpp:101] thread [DedodeThread-0] is started
I1015 11:10:29.797413  3635 demo_inner.hpp:126] thread [SORT-0] is starting
I1015 11:10:29.797472  3638 demo_inner.hpp:101] thread [GUIThread] is started
I1015 11:10:29.797484  3635 demo_inner.hpp:126] thread [T-Work-Detect_0] is starting
I1015 11:10:29.797540  3639 demo_inner.hpp:101] thread [SORT-0] is started
I1015 11:10:29.797546  3635 demo_inner.hpp:126] thread [T-Work-Recog_0] is starting
I1015 11:10:29.797590  3640 demo_inner.hpp:101] thread [T-Work-Detect_0] is started
I1015 11:10:29.797622  3635 demo_inner.hpp:126] thread [T-Work-Recog_1] is starting
I1015 11:10:29.797674  3641 demo_inner.hpp:101] thread [T-Work-Recog_0] is started
I1015 11:10:29.797693  3635 demo_inner.hpp:126] thread [T-Intergrate-intergrate] is starting
I1015 11:10:29.797715  3642 demo_inner.hpp:101] thread [T-Work-Recog_1] is started
I1015 11:10:29.797756  3635 demo_inner.hpp:137] waiting for [GUIThread] ended
I1015 11:10:29.797782  3643 demo_inner.hpp:101] thread [T-Intergrate-intergrate] is started
I1015 11:10:30.504467  3637 demo_inner.hpp:177] decode queue size 0
I1015 11:10:30.504624  3640 work_thread.hpp:81]  [T-Work-Detect_0] Run work: WorkDetect
I1015 11:10:30.504691  3640 work_detect.cpp:102] Succeeded to add det start for frame 1
I1015 11:10:30.511507  3640 work_detect.cpp:70] Frame :1 detect result :0 face(s)
I1015 11:10:30.511552  3640 work_detect.cpp:120] Succeeded to add det end for frame 1
I1015 11:10:30.511569  3640 work_thread.hpp:81]  [T-Work-Detect_0] Run work: WrokTrack
I1015 11:10:30.511600  3640 work_track.cpp:102] Succeeded to set track lock for frame 1
I1015 11:10:30.511648  3640 work_track.cpp:116] Succeeded to release track lock for frame 1
I1015 11:10:30.511663  3640 work_track.cpp:120] Track results of frame 1: 0 objects input, 0 objects tracked!
I1015 11:10:30.511682  3640 work_thread.hpp:87]  [T-Work-Detect_0] Frame :1 split
I1015 11:10:30.511725  3643 thread_intergrate.hpp:83] [T-Intergrate-intergrate] queue: frame output frame :1
I1015 11:10:30.512846  3639 demo_inner.hpp:435] thread [SORT-0]  frame id 1 sorting queue size 0   FPS: -1
I1015 11:10:30.512953  3638 demo_inner.hpp:260]  gui queue size 0, state = running
I1015 11:10:30.545962  3637 demo_inner.hpp:177] decode queue size 0
I1015 11:10:30.546083  3640 work_thread.hpp:81]  [T-Work-Detect_0] Run work: WorkDetect
I1015 11:10:30.546121  3640 work_detect.cpp:102] Succeeded to add det start for frame 2
I1015 11:10:30.552541  3640 work_detect.cpp:70] Frame :2 detect result :0 face(s)
I1015 11:10:30.552592  3640 work_detect.cpp:120] Succeeded to add det end for frame 2
I1015 11:10:30.552608  3640 work_thread.hpp:81]  [T-Work-Detect_0] Run work: WrokTrack
I1015 11:10:30.552636  3640 work_track.cpp:102] Succeeded to set track lock for frame 2
I1015 11:10:30.552664  3640 work_track.cpp:116] Succeeded to release track lock for frame 2
I1015 11:10:30.552676  3640 work_track.cpp:120] Track results of frame 2: 0 objects input, 0 objects tracked!
I1015 11:10:30.552695  3640 work_thread.hpp:87]  [T-Work-Detect_0] Frame :2 split
I1015 11:10:30.552747  3643 thread_intergrate.hpp:83] [T-Intergrate-intergrate] queue: frame output frame :2
I1015 11:10:30.554298  3639 demo_inner.hpp:435] thread [SORT-0]  frame id 2 sorting queue size 0   FPS: 24.3902
I1015 11:10:30.558179  3638 demo_inner.hpp:260]  gui queue size 0, state = running
I1015 11:10:30.576078  3637 demo_inner.hpp:177] decode queue size 0
I1015 11:10:30.576191  3640 work_thread.hpp:81]  [T-Work-Detect_0] Run work: WorkDetect
I1015 11:10:30.576226  3640 work_detect.cpp:102] Succeeded to add det start for frame 3
I1015 11:10:30.582614  3640 work_detect.cpp:70] Frame :3 detect result :0 face(s)
I1015 11:10:30.582659  3640 work_detect.cpp:120] Succeeded to add det end for frame 3
I1015 11:10:30.582674  3640 work_thread.hpp:81]  [T-Work-Detect_0] Run work: WrokTrack
I1015 11:10:30.582700  3640 work_track.cpp:102] Succeeded to set track lock for frame 3
I1015 11:10:30.582726  3640 work_track.cpp:116] Succeeded to release track lock for frame 3
I1015 11:10:30.582738  3640 work_track.cpp:120] Track results of frame 3: 0 objects input, 0 objects tracked!
I1015 11:10:30.582756  3640 work_thread.hpp:87]  [T-Work-Detect_0] Frame :3 split
I1015 11:10:30.582808  3643 thread_intergrate.hpp:83] [T-Intergrate-intergrate] queue: frame output frame :3
I1015 11:10:30.584290  3639 demo_inner.hpp:435] thread [SORT-0]  frame id 3 sorting queue size 0   FPS: 28.169
I1015 11:10:30.584358  3638 demo_inner.hpp:260]  gui queue size 0, state = running
I1015 11:10:30.612069  3637 demo_inner.hpp:177] decode queue size 0
I1015 11:10:30.612202  3640 work_thread.hpp:81]  [T-Work-Detect_0] Run work: WorkDetect
I1015 11:10:30.612236  3640 work_detect.cpp:102] Succeeded to add det start for frame 4
I1015 11:10:30.618633  3640 work_detect.cpp:70] Frame :4 detect result :0 face(s)
I1015 11:10:30.618669  3640 work_detect.cpp:120] Succeeded to add det end for frame 4
I1015 11:10:30.618683  3640 work_thread.hpp:81]  [T-Work-Detect_0] Run work: WrokTrack
I1015 11:10:30.618710  3640 work_track.cpp:102] Succeeded to set track lock for frame 4
I1015 11:10:30.618734  3640 work_track.cpp:116] Succeeded to release track lock for frame 4
I1015 11:10:30.618748  3640 work_track.cpp:120] Track results of frame 4: 0 objects input, 0 objects tracked!
I1015 11:10:30.618765  3640 work_thread.hpp:87]  [T-Work-Detect_0] Frame :4 split
I1015 11:10:30.618809  3643 thread_intergrate.hpp:83] [T-Intergrate-intergrate] queue: frame output frame :4
I1015 11:10:30.620311  3639 demo_inner.hpp:435] thread [SORT-0]  frame id 4 sorting queue size 0   FPS: 28.0374
I1015 11:10:30.620399  3638 demo_inner.hpp:260]  gui queue size 0, state = running
I1015 11:10:30.642045  3637 demo_inner.hpp:177] decode queue size 0
I1015 11:10:30.642148  3640 work_thread.hpp:81]  [T-Work-Detect_0] Run work: WorkDetect
I1015 11:10:30.642180  3640 work_detect.cpp:102] Succeeded to add det start for frame 5
I1015 11:10:30.648494  3640 work_detect.cpp:70] Frame :5 detect result :0 face(s)
I1015 11:10:30.648525  3640 work_detect.cpp:120] Succeeded to add det end for frame 5
I1015 11:10:30.648540  3640 work_thread.hpp:81]  [T-Work-Detect_0] Run work: WrokTrack
I1015 11:10:30.648566  3640 work_track.cpp:102] Succeeded to set track lock for frame 5
I1015 11:10:30.648591  3640 work_track.cpp:116] Succeeded to release track lock for frame 5
I1015 11:10:30.648604  3640 work_track.cpp:120] Track results of frame 5: 0 objects input, 0 objects tracked!
I1015 11:10:30.648622  3640 work_thread.hpp:87]  [T-Work-Detect_0] Frame :5 split
I1015 11:10:30.648669  3643 thread_intergrate.hpp:83] [T-Intergrate-intergrate] queue: frame output frame :5
I1015 11:10:30.650085  3639 demo_inner.hpp:435] thread [SORT-0]  frame id 5 sorting queue size 0   FPS: 29.4118
I1015 11:10:30.650168  3638 demo_inner.hpp:260]  gui queue size 0, state = running
I1015 11:10:30.678066  3637 demo_inner.hpp:177] decode queue size 0
I1015 11:10:30.678179  3640 work_thread.hpp:81]  [T-Work-Detect_0] Run work: WorkDetect
I1015 11:10:30.678212  3640 work_detect.cpp:102] Succeeded to add det start for frame 6
I1015 11:10:30.684705  3640 work_detect.cpp:70] Frame :6 detect result :0 face(s)
I1015 11:10:30.684741  3640 work_detect.cpp:120] Succeeded to add det end for frame 6
I1015 11:10:30.684835  3640 work_thread.hpp:81]  [T-Work-Detect_0] Run work: WrokTrack
I1015 11:10:30.684864  3640 work_track.cpp:102] Succeeded to set track lock for frame 6
I1015 11:10:30.684890  3640 work_track.cpp:116] Succeeded to release track lock for frame 6
I1015 11:10:30.684903  3640 work_track.cpp:120] Track results of frame 6: 0 objects input, 0 objects tracked!
I1015 11:10:30.684921  3640 work_thread.hpp:87]  [T-Work-Detect_0] Frame :6 split
I1015 11:10:30.684964  3643 thread_intergrate.hpp:83] [T-Intergrate-intergrate] queue: frame output frame :6
I1015 11:10:30.686436  3639 demo_inner.hpp:435] thread [SORT-0]  frame id 6 sorting queue size 0   FPS: 28.9017
I1015 11:10:30.686520  3638 demo_inner.hpp:260]  gui queue size 0, state = running
I1015 11:10:30.708602  3637 demo_inner.hpp:177] decode queue size 0
I1015 11:10:30.708719  3640 work_thread.hpp:81]  [T-Work-Detect_0] Run work: WorkDetect
I1015 11:10:30.708753  3640 work_detect.cpp:102] Succeeded to add det start for frame 7
I1015 11:10:30.715063  3640 work_detect.cpp:70] Frame :7 detect result :0 face(s)
I1015 11:10:30.715104  3640 work_detect.cpp:120] Succeeded to add det end for frame 7
I1015 11:10:30.715121  3640 work_thread.hpp:81]  [T-Work-Detect_0] Run work: WrokTrack
I1015 11:10:30.715145  3640 work_track.cpp:102] Succeeded to set track lock for frame 7
I1015 11:10:30.715170  3640 work_track.cpp:116] Succeeded to release track lock for frame 7
I1015 11:10:30.715184  3640 work_track.cpp:120] Track results of frame 7: 0 objects input, 0 objects tracked!
I1015 11:10:30.715203  3640 work_thread.hpp:87]  [T-Work-Detect_0] Frame :7 split
I1015 11:10:30.715251  3643 thread_intergrate.hpp:83] [T-Intergrate-intergrate] queue: frame output frame :7
I1015 11:10:30.716794  3639 demo_inner.hpp:435] thread [SORT-0]  frame id 7 sorting queue size 0   FPS: 29.5567
I1015 11:10:30.716861  3638 demo_inner.hpp:260]  gui queue size 0, state = running
I1015 11:10:30.744916  3637 demo_inner.hpp:177] decode queue size 0
I1015 11:10:30.745055  3640 work_thread.hpp:81]  [T-Work-Detect_0] Run work: WorkDetect
I1015 11:10:30.745090  3640 work_detect.cpp:102] Succeeded to add det start for frame 8
I1015 11:10:30.751935  3640 work_detect.cpp:70] Frame :8 detect result :0 face(s)
I1015 11:10:30.752023  3640 work_detect.cpp:120] Succeeded to add det end for frame 8
I1015 11:10:30.752040  3640 work_thread.hpp:81]  [T-Work-Detect_0] Run work: WrokTrack
I1015 11:10:30.752070  3640 work_track.cpp:102] Succeeded to set track lock for frame 8
I1015 11:10:30.752099  3640 work_track.cpp:116] Succeeded to release track lock for frame 8
I1015 11:10:30.752112  3640 work_track.cpp:120] Track results of frame 8: 0 objects input, 0 objects tracked!
I1015 11:10:30.752131  3640 work_thread.hpp:87]  [T-Work-Detect_0] Frame :8 split
I1015 11:10:30.752219  3643 thread_intergrate.hpp:83] [T-Intergrate-intergrate] queue: frame output frame :8
I1015 11:10:30.753847  3639 demo_inner.hpp:435] thread [SORT-0]  frame id 8 sorting queue size 0   FPS: 29.1667
I1015 11:10:30.753962  3638 demo_inner.hpp:260]  gui queue size 0, state = running
I1015 11:10:30.780488  3637 demo_inner.hpp:177] decode queue size 0
I1015 11:10:30.780619  3640 work_thread.hpp:81]  [T-Work-Detect_0] Run work: WorkDetect
I1015 11:10:30.780655  3640 work_detect.cpp:102] Succeeded to add det start for frame 9
I1015 11:10:30.787392  3640 work_detect.cpp:70] Frame :9 detect result :0 face(s)
I1015 11:10:30.787493  3640 work_detect.cpp:120] Succeeded to add det end for frame 9
I1015 11:10:30.787511  3640 work_thread.hpp:81]  [T-Work-Detect_0] Run work: WrokTrack
I1015 11:10:30.787549  3640 work_track.cpp:102] Succeeded to set track lock for frame 9
I1015 11:10:30.787585  3640 work_track.cpp:116] Succeeded to release track lock for frame 9
I1015 11:10:30.787600  3640 work_track.cpp:120] Track results of frame 9: 0 objects input, 0 objects tracked!
I1015 11:10:30.787619  3640 work_thread.hpp:87]  [T-Work-Detect_0] Frame :9 split
I1015 11:10:30.787739  3643 thread_intergrate.hpp:83] [T-Intergrate-intergrate] queue: frame output frame :9
I1015 11:10:30.789508  3639 demo_inner.hpp:435] thread [SORT-0]  frame id 9 sorting queue size 0   FPS: 28.9855
I1015 11:10:30.789667  3638 demo_inner.hpp:260]  gui queue size 0, state = running
I1015 11:10:30.810300  3637 demo_inner.hpp:177] decode queue size 0
I1015 11:10:30.810446  3640 work_thread.hpp:81]  [T-Work-Detect_0] Run work: WorkDetect
I1015 11:10:30.810489  3640 work_detect.cpp:102] Succeeded to add det start for frame 10
I1015 11:10:30.817364  3640 work_detect.cpp:70] Frame :10 detect result :0 face(s)
I1015 11:10:30.817457  3640 work_detect.cpp:120] Succeeded to add det end for frame 10
I1015 11:10:30.817474  3640 work_thread.hpp:81]  [T-Work-Detect_0] Run work: WrokTrack
I1015 11:10:30.817510  3640 work_track.cpp:102] Succeeded to set track lock for frame 10
I1015 11:10:30.817546  3640 work_track.cpp:116] Succeeded to release track lock for frame 10
I1015 11:10:30.817561  3640 work_track.cpp:120] Track results of frame 10: 0 objects input, 0 objects tracked!
I1015 11:10:30.817581  3640 work_thread.hpp:87]  [T-Work-Detect_0] Frame :10 split
I1015 11:10:30.817685  3643 thread_intergrate.hpp:83] [T-Intergrate-intergrate] queue: frame output frame :10
I1015 11:10:30.819157  3639 demo_inner.hpp:435] thread [SORT-0]  frame id 10 sorting queue size 0   FPS: 29.4118
I1015 11:10:30.819268  3638 demo_inner.hpp:260]  gui queue size 0, state = running
I1015 11:10:30.846673  3637 demo_inner.hpp:177] decode queue size 0
I1015 11:10:30.846807  3640 work_thread.hpp:81]  [T-Work-Detect_0] Run work: WorkDetect
I1015 11:10:30.846845  3640 work_detect.cpp:102] Succeeded to add det start for frame 11
I1015 11:10:30.853628  3640 work_detect.cpp:70] Frame :11 detect result :0 face(s)
I1015 11:10:30.853698  3640 work_detect.cpp:120] Succeeded to add det end for frame 11
I1015 11:10:30.853715  3640 work_thread.hpp:81]  [T-Work-Detect_0] Run work: WrokTrack
I1015 11:10:30.853744  3640 work_track.cpp:102] Succeeded to set track lock for frame 11
I1015 11:10:30.853772  3640 work_track.cpp:116] Succeeded to release track lock for frame 11
I1015 11:10:30.853785  3640 work_track.cpp:120] Track results of frame 11: 0 objects input, 0 objects tracked!
I1015 11:10:30.853804  3640 work_thread.hpp:87]  [T-Work-Detect_0] Frame :11 split
I1015 11:10:30.853884  3643 thread_intergrate.hpp:83] [T-Intergrate-intergrate] queue: frame output frame :11
I1015 11:10:30.855454  3639 demo_inner.hpp:435] thread [SORT-0]  frame id 11 sorting queue size 0   FPS: 29.2398
I1015 11:10:30.855593  3638 demo_inner.hpp:260]  gui queue size 0, state = running
I1015 11:10:30.876587  3637 demo_inner.hpp:177] decode queue size 0
I1015 11:10:30.876739  3640 work_thread.hpp:81]  [T-Work-Detect_0] Run work: WorkDetect
I1015 11:10:30.876781  3640 work_detect.cpp:102] Succeeded to add det start for frame 12
I1015 11:10:30.883358  3640 work_detect.cpp:70] Frame :12 detect result :0 face(s)
I1015 11:10:30.883430  3640 work_detect.cpp:120] Succeeded to add det end for frame 12
I1015 11:10:30.883446  3640 work_thread.hpp:81]  [T-Work-Detect_0] Run work: WrokTrack
I1015 11:10:30.883476  3640 work_track.cpp:102] Succeeded to set track lock for frame 12
I1015 11:10:30.883503  3640 work_track.cpp:116] Succeeded to release track lock for frame 12
I1015 11:10:30.883517  3640 work_track.cpp:120] Track results of frame 12: 0 objects input, 0 objects tracked!
I1015 11:10:30.883535  3640 work_thread.hpp:87]  [T-Work-Detect_0] Frame :12 split
I1015 11:10:30.883616  3643 thread_intergrate.hpp:83] [T-Intergrate-intergrate] queue: frame output frame :12
I1015 11:10:30.885187  3639 demo_inner.hpp:435] thread [SORT-0]  frame id 12 sorting queue size 0   FPS: 29.6496
I1015 11:10:30.885313  3638 demo_inner.hpp:260]  gui queue size 0, state = running
I1015 11:10:30.912362  3637 demo_inner.hpp:177] decode queue size 0
I1015 11:10:30.912520  3640 work_thread.hpp:81]  [T-Work-Detect_0] Run work: WorkDetect
I1015 11:10:30.912562  3640 work_detect.cpp:102] Succeeded to add det start for frame 13
I1015 11:10:30.919263  3640 work_detect.cpp:70] Frame :13 detect result :0 face(s)
I1015 11:10:30.919453  3640 work_detect.cpp:120] Succeeded to add det end for frame 13
I1015 11:10:30.919472  3640 work_thread.hpp:81]  [T-Work-Detect_0] Run work: WrokTrack
I1015 11:10:30.919503  3640 work_track.cpp:102] Succeeded to set track lock for frame 13
I1015 11:10:30.919530  3640 work_track.cpp:116] Succeeded to release track lock for frame 13
I1015 11:10:30.919543  3640 work_track.cpp:120] Track results of frame 13: 0 objects input, 0 objects tracked!
I1015 11:10:30.919564  3640 work_thread.hpp:87]  [T-Work-Detect_0] Frame :13 split
I1015 11:10:30.919652  3643 thread_intergrate.hpp:83] [T-Intergrate-intergrate] queue: frame output frame :13
I1015 11:10:30.921208  3639 demo_inner.hpp:435] thread [SORT-0]  frame id 13 sorting queue size 0   FPS: 29.484
I1015 11:10:30.921335  3638 demo_inner.hpp:260]  gui queue size 0, state = running
I1015 11:10:30.942708  3637 demo_inner.hpp:177] decode queue size 0
I1015 11:10:30.942838  3640 work_thread.hpp:81]  [T-Work-Detect_0] Run work: WorkDetect
I1015 11:10:30.942875  3640 work_detect.cpp:102] Succeeded to add det start for frame 14
I1015 11:10:30.949635  3640 work_detect.cpp:70] Frame :14 detect result :0 face(s)
I1015 11:10:30.949707  3640 work_detect.cpp:120] Succeeded to add det end for frame 14
I1015 11:10:30.949723  3640 work_thread.hpp:81]  [T-Work-Detect_0] Run work: WrokTrack
I1015 11:10:30.949757  3640 work_track.cpp:102] Succeeded to set track lock for frame 14
I1015 11:10:30.949790  3640 work_track.cpp:116] Succeeded to release track lock for frame 14
I1015 11:10:30.949803  3640 work_track.cpp:120] Track results of frame 14: 0 objects input, 0 objects tracked!
I1015 11:10:30.949822  3640 work_thread.hpp:87]  [T-Work-Detect_0] Frame :14 split
I1015 11:10:30.949932  3643 thread_intergrate.hpp:83] [T-Intergrate-intergrate] queue: frame output frame :14
I1015 11:10:30.951506  3639 demo_inner.hpp:435] thread [SORT-0]  frame id 14 sorting queue size 0   FPS: 29.6804
I1015 11:10:30.951599  3638 demo_inner.hpp:260]  gui queue size 0, state = running
I1015 11:10:30.978935  3637 demo_inner.hpp:177] decode queue size 0
I1015 11:10:30.979102  3640 work_thread.hpp:81]  [T-Work-Detect_0] Run work: WorkDetect
I1015 11:10:30.979149  3640 work_detect.cpp:102] Succeeded to add det start for frame 15
I1015 11:10:30.985905  3640 work_detect.cpp:70] Frame :15 detect result :0 face(s)
I1015 11:10:30.985975  3640 work_detect.cpp:120] Succeeded to add det end for frame 15
I1015 11:10:30.985991  3640 work_thread.hpp:81]  [T-Work-Detect_0] Run work: WrokTrack
I1015 11:10:30.986021  3640 work_track.cpp:102] Succeeded to set track lock for frame 15
I1015 11:10:30.986050  3640 work_track.cpp:116] Succeeded to release track lock for frame 15
I1015 11:10:30.986064  3640 work_track.cpp:120] Track results of frame 15: 0 objects input, 0 objects tracked!
I1015 11:10:30.986083  3640 work_thread.hpp:87]  [T-Work-Detect_0] Frame :15 split
I1015 11:10:30.986160  3643 thread_intergrate.hpp:83] [T-Intergrate-intergrate] queue: frame output frame :15
I1015 11:10:30.987761  3639 demo_inner.hpp:435] thread [SORT-0]  frame id 15 sorting queue size 0   FPS: 29.5359
I1015 11:10:30.987862  3638 demo_inner.hpp:260]  gui queue size 0, state = running
I1015 11:10:31.014930  3637 demo_inner.hpp:177] decode queue size 0
I1015 11:10:31.015064  3640 work_thread.hpp:81]  [T-Work-Detect_0] Run work: WorkDetect
I1015 11:10:31.015100  3640 work_detect.cpp:102] Succeeded to add det start for frame 16
I1015 11:10:31.021901  3640 work_detect.cpp:70] Frame :16 detect result :0 face(s)
I1015 11:10:31.021973  3640 work_detect.cpp:120] Succeeded to add det end for frame 16
I1015 11:10:31.021991  3640 work_thread.hpp:81]  [T-Work-Detect_0] Run work: WrokTrack
I1015 11:10:31.022018  3640 work_track.cpp:102] Succeeded to set track lock for frame 16
I1015 11:10:31.022047  3640 work_track.cpp:116] Succeeded to release track lock for frame 16
I1015 11:10:31.022060  3640 work_track.cpp:120] Track results of frame 16: 0 objects input, 0 objects tracked!
I1015 11:10:31.022078  3640 work_thread.hpp:87]  [T-Work-Detect_0] Frame :16 split
I1015 11:10:31.022289  3643 thread_intergrate.hpp:83] [T-Intergrate-intergrate] queue: frame output frame :16
I1015 11:10:31.023761  3639 demo_inner.hpp:435] thread [SORT-0]  frame id 16 sorting queue size 0   FPS: 29.4118
I1015 11:10:31.023874  3638 demo_inner.hpp:260]  gui queue size 0, state = running
I1015 11:10:31.045063  3637 demo_inner.hpp:177] decode queue size 0
I1015 11:10:31.045193  3640 work_thread.hpp:81]  [T-Work-Detect_0] Run work: WorkDetect
I1015 11:10:31.045230  3640 work_detect.cpp:102] Succeeded to add det start for frame 17
I1015 11:10:31.051565  3640 work_detect.cpp:70] Frame :17 detect result :0 face(s)
I1015 11:10:31.051623  3640 work_detect.cpp:120] Succeeded to add det end for frame 17
I1015 11:10:31.051641  3640 work_thread.hpp:81]  [T-Work-Detect_0] Run work: WrokTrack
I1015 11:10:31.051671  3640 work_track.cpp:102] Succeeded to set track lock for frame 17
I1015 11:10:31.051697  3640 work_track.cpp:116] Succeeded to release track lock for frame 17
I1015 11:10:31.051712  3640 work_track.cpp:120] Track results of frame 17: 0 objects input, 0 objects tracked!
I1015 11:10:31.051729  3640 work_thread.hpp:87]  [T-Work-Detect_0] Frame :17 split
I1015 11:10:31.051795  3643 thread_intergrate.hpp:83] [T-Intergrate-intergrate] queue: frame output frame :17
I1015 11:10:31.053354  3639 demo_inner.hpp:435] thread [SORT-0]  frame id 17 sorting queue size 0   FPS: 29.6296
I1015 11:10:31.053423  3638 demo_inner.hpp:260]  gui queue size 0, state = running
I1015 11:10:31.080546  3637 demo_inner.hpp:177] decode queue size 0
I1015 11:10:31.080649  3640 work_thread.hpp:81]  [T-Work-Detect_0] Run work: WorkDetect
I1015 11:10:31.080683  3640 work_detect.cpp:102] Succeeded to add det start for frame 18
I1015 11:10:31.087051  3640 work_detect.cpp:70] Frame :18 detect result :0 face(s)
I1015 11:10:31.087102  3640 work_detect.cpp:120] Succeeded to add det end for frame 18
I1015 11:10:31.087118  3640 work_thread.hpp:81]  [T-Work-Detect_0] Run work: WrokTrack
I1015 11:10:31.087146  3640 work_track.cpp:102] Succeeded to set track lock for frame 18
I1015 11:10:31.087172  3640 work_track.cpp:116] Succeeded to release track lock for frame 18
I1015 11:10:31.087185  3640 work_track.cpp:120] Track results of frame 18: 0 objects input, 0 objects tracked!
I1015 11:10:31.087203  3640 work_thread.hpp:87]  [T-Work-Detect_0] Frame :18 split
I1015 11:10:31.087249  3643 thread_intergrate.hpp:83] [T-Intergrate-intergrate] queue: frame output frame :18
I1015 11:10:31.088768  3639 demo_inner.hpp:435] thread [SORT-0]  frame id 18 sorting queue size 0   FPS: 29.5652
I1015 11:10:31.088836  3638 demo_inner.hpp:260]  gui queue size 0, state = running
I1015 11:10:31.110602  3637 demo_inner.hpp:177] decode queue size 0
I1015 11:10:31.110704  3640 work_thread.hpp:81]  [T-Work-Detect_0] Run work: WorkDetect
I1015 11:10:31.110739  3640 work_detect.cpp:102] Succeeded to add det start for frame 19
I1015 11:10:31.117130  3640 work_detect.cpp:70] Frame :19 detect result :0 face(s)
I1015 11:10:31.117188  3640 work_detect.cpp:120] Succeeded to add det end for frame 19
I1015 11:10:31.117205  3640 work_thread.hpp:81]  [T-Work-Detect_0] Run work: WrokTrack
I1015 11:10:31.117233  3640 work_track.cpp:102] Succeeded to set track lock for frame 19
I1015 11:10:31.117259  3640 work_track.cpp:116] Succeeded to release track lock for frame 19
I1015 11:10:31.117272  3640 work_track.cpp:120] Track results of frame 19: 0 objects input, 0 objects tracked!
I1015 11:10:31.117290  3640 work_thread.hpp:87]  [T-Work-Detect_0] Frame :19 split
I1015 11:10:31.117342  3643 thread_intergrate.hpp:83] [T-Intergrate-intergrate] queue: frame output frame :19
I1015 11:10:31.118851  3639 demo_inner.hpp:435] thread [SORT-0]  frame id 19 sorting queue size 0   FPS: 29.7521
I1015 11:10:31.118919  3638 demo_inner.hpp:260]  gui queue size 0, state = running
I1015 11:10:31.146500  3637 demo_inner.hpp:177] decode queue size 0
I1015 11:10:31.146610  3640 work_thread.hpp:81]  [T-Work-Detect_0] Run work: WorkDetect
I1015 11:10:31.146644  3640 work_detect.cpp:102] Succeeded to add det start for frame 20
I1015 11:10:31.153163  3640 work_detect.cpp:70] Frame :20 detect result :0 face(s)
I1015 11:10:31.153219  3640 work_detect.cpp:120] Succeeded to add det end for frame 20
I1015 11:10:31.153235  3640 work_thread.hpp:81]  [T-Work-Detect_0] Run work: WrokTrack
I1015 11:10:31.153261  3640 work_track.cpp:102] Succeeded to set track lock for frame 20
I1015 11:10:31.153287  3640 work_track.cpp:116] Succeeded to release track lock for frame 20
I1015 11:10:31.153301  3640 work_track.cpp:120] Track results of frame 20: 0 objects input, 0 objects tracked!
I1015 11:10:31.153319  3640 work_thread.hpp:87]  [T-Work-Detect_0] Frame :20 split
I1015 11:10:31.153365  3643 thread_intergrate.hpp:83] [T-Intergrate-intergrate] queue: frame output frame :20
I1015 11:10:31.154867  3639 demo_inner.hpp:435] thread [SORT-0]  frame id 20 sorting queue size 0   FPS: 29.6412
I1015 11:10:31.154942  3638 demo_inner.hpp:260]  gui queue size 0, state = running
I1015 11:10:31.176615  3637 demo_inner.hpp:177] decode queue size 0
I1015 11:10:31.176709  3640 work_thread.hpp:81]  [T-Work-Detect_0] Run work: WorkDetect
I1015 11:10:31.176743  3640 work_detect.cpp:102] Succeeded to add det start for frame 21
I1015 11:10:31.183112  3640 work_detect.cpp:70] Frame :21 detect result :0 face(s)
I1015 11:10:31.183166  3640 work_detect.cpp:120] Succeeded to add det end for frame 21
I1015 11:10:31.183182  3640 work_thread.hpp:81]  [T-Work-Detect_0] Run work: WrokTrack
I1015 11:10:31.183208  3640 work_track.cpp:102] Succeeded to set track lock for frame 21
I1015 11:10:31.183234  3640 work_track.cpp:116] Succeeded to release track lock for frame 21
I1015 11:10:31.183248  3640 work_track.cpp:120] Track results of frame 21: 0 objects input, 0 objects tracked!
I1015 11:10:31.183266  3640 work_thread.hpp:87]  [T-Work-Detect_0] Frame :21 split
I1015 11:10:31.183318  3643 thread_intergrate.hpp:83] [T-Intergrate-intergrate] queue: frame output frame :21
I1015 11:10:31.184886  3639 demo_inner.hpp:435] thread [SORT-0]  frame id 21 sorting queue size 0   FPS: 29.8063
I1015 11:10:31.184954  3638 demo_inner.hpp:260]  gui queue size 0, state = running
I1015 11:10:31.212584  3637 demo_inner.hpp:177] decode queue size 0
I1015 11:10:31.212687  3640 work_thread.hpp:81]  [T-Work-Detect_0] Run work: WorkDetect
I1015 11:10:31.212720  3640 work_detect.cpp:102] Succeeded to add det start for frame 22
I1015 11:10:31.219141  3640 work_detect.cpp:70] Frame :22 detect result :0 face(s)
I1015 11:10:31.219192  3640 work_detect.cpp:120] Succeeded to add det end for frame 22
I1015 11:10:31.219206  3640 work_thread.hpp:81]  [T-Work-Detect_0] Run work: WrokTrack
I1015 11:10:31.219233  3640 work_track.cpp:102] Succeeded to set track lock for frame 22
I1015 11:10:31.219259  3640 work_track.cpp:116] Succeeded to release track lock for frame 22
I1015 11:10:31.219271  3640 work_track.cpp:120] Track results of frame 22: 0 objects input, 0 objects tracked!
I1015 11:10:31.219290  3640 work_thread.hpp:87]  [T-Work-Detect_0] Frame :22 split
I1015 11:10:31.219336  3643 thread_intergrate.hpp:83] [T-Intergrate-intergrate] queue: frame output frame :22
I1015 11:10:31.220788  3639 demo_inner.hpp:435] thread [SORT-0]  frame id 22 sorting queue size 0   FPS: 29.703
I1015 11:10:31.220857  3638 demo_inner.hpp:260]  gui queue size 0, state = running
I1015 11:10:31.248459  3637 demo_inner.hpp:177] decode queue size 0
I1015 11:10:31.248550  3640 work_thread.hpp:81]  [T-Work-Detect_0] Run work: WorkDetect
I1015 11:10:31.248584  3640 work_detect.cpp:102] Succeeded to add det start for frame 23
I1015 11:10:31.255283  3640 work_detect.cpp:70] Frame :23 detect result :0 face(s)
I1015 11:10:31.255353  3640 work_detect.cpp:120] Succeeded to add det end for frame 23
I1015 11:10:31.255368  3640 work_thread.hpp:81]  [T-Work-Detect_0] Run work: WrokTrack
I1015 11:10:31.255398  3640 work_track.cpp:102] Succeeded to set track lock for frame 23
I1015 11:10:31.255425  3640 work_track.cpp:116] Succeeded to release track lock for frame 23
I1015 11:10:31.255439  3640 work_track.cpp:120] Track results of frame 23: 0 objects input, 0 objects tracked!
I1015 11:10:31.255545  3640 work_thread.hpp:87]  [T-Work-Detect_0] Frame :23 split
I1015 11:10:31.255616  3643 thread_intergrate.hpp:83] [T-Intergrate-intergrate] queue: frame output frame :23
I1015 11:10:31.257236  3639 demo_inner.hpp:435] thread [SORT-0]  frame id 23 sorting queue size 0   FPS: 29.6097
I1015 11:10:31.257333  3638 demo_inner.hpp:260]  gui queue size 0, state = running
I1015 11:10:31.278476  3637 demo_inner.hpp:177] decode queue size 0
I1015 11:10:31.278578  3640 work_thread.hpp:81]  [T-Work-Detect_0] Run work: WorkDetect
I1015 11:10:31.278612  3640 work_detect.cpp:102] Succeeded to add det start for frame 24
I1015 11:10:31.284983  3640 work_detect.cpp:70] Frame :24 detect result :0 face(s)
I1015 11:10:31.285038  3640 work_detect.cpp:120] Succeeded to add det end for frame 24
I1015 11:10:31.285054  3640 work_thread.hpp:81]  [T-Work-Detect_0] Run work: WrokTrack
I1015 11:10:31.285082  3640 work_track.cpp:102] Succeeded to set track lock for frame 24
I1015 11:10:31.285107  3640 work_track.cpp:116] Succeeded to release track lock for frame 24
I1015 11:10:31.285121  3640 work_track.cpp:120] Track results of frame 24: 0 objects input, 0 objects tracked!
I1015 11:10:31.285140  3640 work_thread.hpp:87]  [T-Work-Detect_0] Frame :24 split
I1015 11:10:31.285202  3643 thread_intergrate.hpp:83] [T-Intergrate-intergrate] queue: frame output frame :24
I1015 11:10:31.286646  3639 demo_inner.hpp:435] thread [SORT-0]  frame id 24 sorting queue size 0   FPS: 29.7542
I1015 11:10:31.286721  3638 demo_inner.hpp:260]  gui queue size 0, state = running
I1015 11:10:31.314493  3637 demo_inner.hpp:177] decode queue size 0
I1015 11:10:31.314599  3640 work_thread.hpp:81]  [T-Work-Detect_0] Run work: WorkDetect
I1015 11:10:31.314632  3640 work_detect.cpp:102] Succeeded to add det start for frame 25
I1015 11:10:31.321070  3640 work_detect.cpp:70] Frame :25 detect result :0 face(s)
I1015 11:10:31.321118  3640 work_detect.cpp:120] Succeeded to add det end for frame 25
I1015 11:10:31.321135  3640 work_thread.hpp:81]  [T-Work-Detect_0] Run work: WrokTrack
I1015 11:10:31.321162  3640 work_track.cpp:102] Succeeded to set track lock for frame 25
I1015 11:10:31.321188  3640 work_track.cpp:116] Succeeded to release track lock for frame 25
I1015 11:10:31.321202  3640 work_track.cpp:120] Track results of frame 25: 0 objects input, 0 objects tracked!
I1015 11:10:31.321220  3640 work_thread.hpp:87]  [T-Work-Detect_0] Frame :25 split
I1015 11:10:31.321266  3643 thread_intergrate.hpp:83] [T-Intergrate-intergrate] queue: frame output frame :25
I1015 11:10:31.323603  3639 demo_inner.hpp:435] thread [SORT-0]  frame id 25 sorting queue size 0   FPS: 29.6296
I1015 11:10:31.323683  3638 demo_inner.hpp:260]  gui queue size 0, state = running
I1015 11:10:31.344533  3637 demo_inner.hpp:177] decode queue size 0
I1015 11:10:31.344633  3640 work_thread.hpp:81]  [T-Work-Detect_0] Run work: WorkDetect
I1015 11:10:31.344669  3640 work_detect.cpp:102] Succeeded to add det start for frame 26
I1015 11:10:31.351003  3640 work_detect.cpp:70] Frame :26 detect result :0 face(s)
I1015 11:10:31.351058  3640 work_detect.cpp:120] Succeeded to add det end for frame 26
I1015 11:10:31.351074  3640 work_thread.hpp:81]  [T-Work-Detect_0] Run work: WrokTrack
I1015 11:10:31.351100  3640 work_track.cpp:102] Succeeded to set track lock for frame 26
I1015 11:10:31.351126  3640 work_track.cpp:116] Succeeded to release track lock for frame 26
I1015 11:10:31.351140  3640 work_track.cpp:120] Track results of frame 26: 0 objects input, 0 objects tracked!
I1015 11:10:31.351158  3640 work_thread.hpp:87]  [T-Work-Detect_0] Frame :26 split
I1015 11:10:31.351208  3643 thread_intergrate.hpp:83] [T-Intergrate-intergrate] queue: frame output frame :26
I1015 11:10:31.352666  3639 demo_inner.hpp:435] thread [SORT-0]  frame id 26 sorting queue size 0   FPS: 29.7974
I1015 11:10:31.380903  3637 demo_inner.hpp:177] decode queue size 0
I1015 11:10:31.381016  3640 work_thread.hpp:81]  [T-Work-Detect_0] Run work: WorkDetect
I1015 11:10:31.381052  3640 work_detect.cpp:102] Succeeded to add det start for frame 27
I1015 11:10:31.385355  3638 demo_inner.hpp:260]  gui queue size 0, state = running
I1015 11:10:31.387868  3640 work_detect.cpp:70] Frame :27 detect result :0 face(s)
I1015 11:10:31.387948  3640 work_detect.cpp:120] Succeeded to add det end for frame 27
I1015 11:10:31.387965  3640 work_thread.hpp:81]  [T-Work-Detect_0] Run work: WrokTrack
I1015 11:10:31.387995  3640 work_track.cpp:102] Succeeded to set track lock for frame 27
I1015 11:10:31.388025  3640 work_track.cpp:116] Succeeded to release track lock for frame 27
I1015 11:10:31.388038  3640 work_track.cpp:120] Track results of frame 27: 0 objects input, 0 objects tracked!
I1015 11:10:31.388057  3640 work_thread.hpp:87]  [T-Work-Detect_0] Frame :27 split
I1015 11:10:31.388134  3643 thread_intergrate.hpp:83] [T-Intergrate-intergrate] queue: frame output frame :27
I1015 11:10:31.389679  3639 demo_inner.hpp:435] thread [SORT-0]  frame id 27 sorting queue size 0   FPS: 29.6804
I1015 11:10:31.410871  3637 demo_inner.hpp:177] decode queue size 0
I1015 11:10:31.410969  3640 work_thread.hpp:81]  [T-Work-Detect_0] Run work: WorkDetect
I1015 11:10:31.411003  3640 work_detect.cpp:102] Succeeded to add det start for frame 28
I1015 11:10:31.417404  3640 work_detect.cpp:70] Frame :28 detect result :0 face(s)
I1015 11:10:31.417456  3640 work_detect.cpp:120] Succeeded to add det end for frame 28
I1015 11:10:31.417472  3640 work_thread.hpp:81]  [T-Work-Detect_0] Run work: WrokTrack
I1015 11:10:31.417500  3640 work_track.cpp:102] Succeeded to set track lock for frame 28
I1015 11:10:31.417526  3640 work_track.cpp:116] Succeeded to release track lock for frame 28
I1015 11:10:31.417541  3640 work_track.cpp:120] Track results of frame 28: 0 objects input, 0 objects tracked!
I1015 11:10:31.417557  3640 work_thread.hpp:87]  [T-Work-Detect_0] Frame :28 split
I1015 11:10:31.417620  3643 thread_intergrate.hpp:83] [T-Intergrate-intergrate] queue: frame output frame :28
I1015 11:10:31.419149  3639 demo_inner.hpp:435] thread [SORT-0]  frame id 28 sorting queue size 1   FPS: 29.8343
I1015 11:10:31.446929  3637 demo_inner.hpp:177] decode queue size 0
I1015 11:10:31.447037  3640 work_thread.hpp:81]  [T-Work-Detect_0] Run work: WorkDetect
I1015 11:10:31.447072  3640 work_detect.cpp:102] Succeeded to add det start for frame 29
I1015 11:10:31.452600  3638 demo_inner.hpp:260]  gui queue size 1, state = running
I1015 11:10:31.453599  3640 work_detect.cpp:70] Frame :29 detect result :0 face(s)
I1015 11:10:31.453655  3640 work_detect.cpp:120] Succeeded to add det end for frame 29
I1015 11:10:31.453670  3640 work_thread.hpp:81]  [T-Work-Detect_0] Run work: WrokTrack
I1015 11:10:31.453697  3640 work_track.cpp:102] Succeeded to set track lock for frame 29
I1015 11:10:31.453723  3640 work_track.cpp:116] Succeeded to release track lock for frame 29
I1015 11:10:31.453737  3640 work_track.cpp:120] Track results of frame 29: 0 objects input, 0 objects tracked!
I1015 11:10:31.453755  3640 work_thread.hpp:87]  [T-Work-Detect_0] Frame :29 split
I1015 11:10:31.453824  3643 thread_intergrate.hpp:83] [T-Intergrate-intergrate] queue: frame output frame :29
I1015 11:10:31.455351  3639 demo_inner.hpp:435] thread [SORT-0]  frame id 29 sorting queue size 0   FPS: 29.724
I1015 11:10:31.476619  3637 demo_inner.hpp:177] decode queue size 0
I1015 11:10:31.476716  3640 work_thread.hpp:81]  [T-Work-Detect_0] Run work: WorkDetect
I1015 11:10:31.476748  3640 work_detect.cpp:102] Succeeded to add det start for frame 30
I1015 11:10:31.483072  3640 work_detect.cpp:70] Frame :30 detect result :0 face(s)
I1015 11:10:31.483121  3640 work_detect.cpp:120] Succeeded to add det end for frame 30
I1015 11:10:31.483136  3640 work_thread.hpp:81]  [T-Work-Detect_0] Run work: WrokTrack
I1015 11:10:31.483163  3640 work_track.cpp:102] Succeeded to set track lock for frame 30
I1015 11:10:31.483189  3640 work_track.cpp:116] Succeeded to release track lock for frame 30
I1015 11:10:31.483202  3640 work_track.cpp:120] Track results of frame 30: 0 objects input, 0 objects tracked!
I1015 11:10:31.483222  3640 work_thread.hpp:87]  [T-Work-Detect_0] Frame :30 split
I1015 11:10:31.483346  3643 thread_intergrate.hpp:83] [T-Intergrate-intergrate] queue: frame output frame :30
I1015 11:10:31.484835  3639 demo_inner.hpp:435] thread [SORT-0]  frame id 30 sorting queue size 1   FPS: 29.8661
I1015 11:10:31.512537  3637 demo_inner.hpp:177] decode queue size 0
I1015 11:10:31.512634  3640 work_thread.hpp:81]  [T-Work-Detect_0] Run work: WorkDetect
I1015 11:10:31.512666  3640 work_detect.cpp:102] Succeeded to add det start for frame 31
I1015 11:10:31.519057  3640 work_detect.cpp:70] Frame :31 detect result :0 face(s)
I1015 11:10:31.519117  3640 work_detect.cpp:120] Succeeded to add det end for frame 31
I1015 11:10:31.519134  3640 work_thread.hpp:81]  [T-Work-Detect_0] Run work: WrokTrack
I1015 11:10:31.519162  3640 work_track.cpp:102] Succeeded to set track lock for frame 31
I1015 11:10:31.519188  3640 work_track.cpp:116] Succeeded to release track lock for frame 31
I1015 11:10:31.519201  3640 work_track.cpp:120] Track results of frame 31: 0 objects input, 0 objects tracked!
I1015 11:10:31.519219  3640 work_thread.hpp:87]  [T-Work-Detect_0] Frame :31 split
I1015 11:10:31.519269  3643 thread_intergrate.hpp:83] [T-Intergrate-intergrate] queue: frame output frame :31
I1015 11:10:31.520761  3639 demo_inner.hpp:435] thread [SORT-0]  frame id 31 sorting queue size 2   FPS: 29.7915
I1015 11:10:31.530294  3638 demo_inner.hpp:260]  gui queue size 2, state = running
I1015 11:10:31.548799  3637 demo_inner.hpp:177] decode queue size 0
I1015 11:10:31.548902  3640 work_thread.hpp:81]  [T-Work-Detect_0] Run work: WorkDetect
I1015 11:10:31.548936  3640 work_detect.cpp:102] Succeeded to add det start for frame 32
I1015 11:10:31.555379  3640 work_detect.cpp:70] Frame :32 detect result :0 face(s)
I1015 11:10:31.555428  3640 work_detect.cpp:120] Succeeded to add det end for frame 32
I1015 11:10:31.555444  3640 work_thread.hpp:81]  [T-Work-Detect_0] Run work: WrokTrack
I1015 11:10:31.555471  3640 work_track.cpp:102] Succeeded to set track lock for frame 32
I1015 11:10:31.555496  3640 work_track.cpp:116] Succeeded to release track lock for frame 32
I1015 11:10:31.555510  3640 work_track.cpp:120] Track results of frame 32: 0 objects input, 0 objects tracked!
I1015 11:10:31.555528  3640 work_thread.hpp:87]  [T-Work-Detect_0] Frame :32 split
I1015 11:10:31.555577  3643 thread_intergrate.hpp:83] [T-Intergrate-intergrate] queue: frame output frame :32
I1015 11:10:31.557061  3639 demo_inner.hpp:435] thread [SORT-0]  frame id 32 sorting queue size 0   FPS: 29.722
I1015 11:10:31.578527  3637 demo_inner.hpp:177] decode queue size 0
I1015 11:10:31.578619  3640 work_thread.hpp:81]  [T-Work-Detect_0] Run work: WorkDetect
I1015 11:10:31.578652  3640 work_detect.cpp:102] Succeeded to add det start for frame 33
I1015 11:10:31.585006  3640 work_detect.cpp:70] Frame :33 detect result :0 face(s)
I1015 11:10:31.585065  3640 work_detect.cpp:120] Succeeded to add det end for frame 33
I1015 11:10:31.585080  3640 work_thread.hpp:81]  [T-Work-Detect_0] Run work: WrokTrack
I1015 11:10:31.585108  3640 work_track.cpp:102] Succeeded to set track lock for frame 33
I1015 11:10:31.585134  3640 work_track.cpp:116] Succeeded to release track lock for frame 33
I1015 11:10:31.585146  3640 work_track.cpp:120] Track results of frame 33: 0 objects input, 0 objects tracked!
I1015 11:10:31.585165  3640 work_thread.hpp:87]  [T-Work-Detect_0] Frame :33 split
I1015 11:10:31.585217  3643 thread_intergrate.hpp:83] [T-Intergrate-intergrate] queue: frame output frame :33
I1015 11:10:31.586725  3639 demo_inner.hpp:435] thread [SORT-0]  frame id 33 sorting queue size 1   FPS: 29.8229
I1015 11:10:31.614476  3637 demo_inner.hpp:177] decode queue size 0
I1015 11:10:31.614580  3640 work_thread.hpp:81]  [T-Work-Detect_0] Run work: WorkDetect
I1015 11:10:31.614614  3640 work_detect.cpp:102] Succeeded to add det start for frame 34
I1015 11:10:31.621153  3640 work_detect.cpp:70] Frame :34 detect result :0 face(s)
I1015 11:10:31.621210  3640 work_detect.cpp:120] Succeeded to add det end for frame 34
I1015 11:10:31.621227  3640 work_thread.hpp:81]  [T-Work-Detect_0] Run work: WrokTrack
I1015 11:10:31.621325  3640 work_track.cpp:102] Succeeded to set track lock for frame 34
I1015 11:10:31.621356  3640 work_track.cpp:116] Succeeded to release track lock for frame 34
I1015 11:10:31.621371  3640 work_track.cpp:120] Track results of frame 34: 0 objects input, 0 objects tracked!
I1015 11:10:31.621388  3640 work_thread.hpp:87]  [T-Work-Detect_0] Frame :34 split
I1015 11:10:31.621692  3643 thread_intergrate.hpp:83] [T-Intergrate-intergrate] queue: frame output frame :34
I1015 11:10:31.623206  3639 demo_inner.hpp:435] thread [SORT-0]  frame id 34 sorting queue size 2   FPS: 29.7565
I1015 11:10:31.630820  3638 demo_inner.hpp:260]  gui queue size 2, state = running
I1015 11:10:31.644819  3637 demo_inner.hpp:177] decode queue size 0
I1015 11:10:31.644922  3640 work_thread.hpp:81]  [T-Work-Detect_0] Run work: WorkDetect
I1015 11:10:31.644958  3640 work_detect.cpp:102] Succeeded to add det start for frame 35
I1015 11:10:31.651367  3640 work_detect.cpp:70] Frame :35 detect result :0 face(s)
I1015 11:10:31.651417  3640 work_detect.cpp:120] Succeeded to add det end for frame 35
I1015 11:10:31.651433  3640 work_thread.hpp:81]  [T-Work-Detect_0] Run work: WrokTrack
I1015 11:10:31.651460  3640 work_track.cpp:102] Succeeded to set track lock for frame 35
I1015 11:10:31.651486  3640 work_track.cpp:116] Succeeded to release track lock for frame 35
I1015 11:10:31.651500  3640 work_track.cpp:120] Track results of frame 35: 0 objects input, 0 objects tracked!
I1015 11:10:31.651518  3640 work_thread.hpp:87]  [T-Work-Detect_0] Frame :35 split
I1015 11:10:31.651568  3643 thread_intergrate.hpp:83] [T-Intergrate-intergrate] queue: frame output frame :35
I1015 11:10:31.653072  3639 demo_inner.hpp:435] thread [SORT-0]  frame id 35 sorting queue size 0   FPS: 29.8507
I1015 11:10:31.680495  3637 demo_inner.hpp:177] decode queue size 0
I1015 11:10:31.680603  3640 work_thread.hpp:81]  [T-Work-Detect_0] Run work: WorkDetect
I1015 11:10:31.680636  3640 work_detect.cpp:102] Succeeded to add det start for frame 36
I1015 11:10:31.686969  3640 work_detect.cpp:70] Frame :36 detect result :0 face(s)
I1015 11:10:31.687029  3640 work_detect.cpp:120] Succeeded to add det end for frame 36
I1015 11:10:31.687047  3640 work_thread.hpp:81]  [T-Work-Detect_0] Run work: WrokTrack
I1015 11:10:31.687073  3640 work_track.cpp:102] Succeeded to set track lock for frame 36
I1015 11:10:31.687099  3640 work_track.cpp:116] Succeeded to release track lock for frame 36
I1015 11:10:31.687114  3640 work_track.cpp:120] Track results of frame 36: 0 objects input, 0 objects tracked!
I1015 11:10:31.687131  3640 work_thread.hpp:87]  [T-Work-Detect_0] Frame :36 split
I1015 11:10:31.687178  3643 thread_intergrate.hpp:83] [T-Intergrate-intergrate] queue: frame output frame :36
I1015 11:10:31.688673  3639 demo_inner.hpp:435] thread [SORT-0]  frame id 36 sorting queue size 1   FPS: 29.7872
I1015 11:10:31.710536  3637 demo_inner.hpp:177] decode queue size 0
I1015 11:10:31.710633  3640 work_thread.hpp:81]  [T-Work-Detect_0] Run work: WorkDetect
I1015 11:10:31.710667  3640 work_detect.cpp:102] Succeeded to add det start for frame 37
I1015 11:10:31.714646  3638 demo_inner.hpp:260]  gui queue size 1, state = running
I1015 11:10:31.717248  3640 work_detect.cpp:70] Frame :37 detect result :0 face(s)
I1015 11:10:31.717324  3640 work_detect.cpp:120] Succeeded to add det end for frame 37
I1015 11:10:31.717340  3640 work_thread.hpp:81]  [T-Work-Detect_0] Run work: WrokTrack
I1015 11:10:31.717371  3640 work_track.cpp:102] Succeeded to set track lock for frame 37
I1015 11:10:31.717404  3640 work_track.cpp:116] Succeeded to release track lock for frame 37
I1015 11:10:31.717418  3640 work_track.cpp:120] Track results of frame 37: 0 objects input, 0 objects tracked!
I1015 11:10:31.717438  3640 work_thread.hpp:87]  [T-Work-Detect_0] Frame :37 split
I1015 11:10:31.717521  3643 thread_intergrate.hpp:83] [T-Intergrate-intergrate] queue: frame output frame :37
I1015 11:10:31.719033  3639 demo_inner.hpp:435] thread [SORT-0]  frame id 37 sorting queue size 0   FPS: 29.8755
I1015 11:10:31.746500  3637 demo_inner.hpp:177] decode queue size 0
I1015 11:10:31.746601  3640 work_thread.hpp:81]  [T-Work-Detect_0] Run work: WorkDetect
I1015 11:10:31.746635  3640 work_detect.cpp:102] Succeeded to add det start for frame 38
I1015 11:10:31.753078  3640 work_detect.cpp:70] Frame :38 detect result :0 face(s)
I1015 11:10:31.753141  3640 work_detect.cpp:120] Succeeded to add det end for frame 38
I1015 11:10:31.753157  3640 work_thread.hpp:81]  [T-Work-Detect_0] Run work: WrokTrack
I1015 11:10:31.753185  3640 work_track.cpp:102] Succeeded to set track lock for frame 38
