I1014 11:00:52.833400  4648 work_thread.hpp:81]  [T-Work-Recog_0] Run work: WorkCapture
I1014 11:00:52.833411  4650 thread_intergrate.hpp:78] [T-Intergrate-intergrate] queue: frame output frame :23
I1014 11:00:52.833879  4648 work_thread.hpp:81]  [T-Work-Recog_0] Run work: WorkRecog
W1014 11:00:52.833901  4648 work_recog.hpp:118] Face id: 0 has low quality : 0.0212793, no need to recog
I1014 11:00:52.833981  4648 work_thread.hpp:81]  [T-Work-Recog_0] Run work: WorkCompare
I1014 11:00:52.834950  4646 demo_inner.hpp:435] thread [SORT-0]  frame id 23 sorting queue size 0   FPS: 29.8103
I1014 11:00:52.835014  4645 demo_inner.hpp:260]  gui queue size 0, state = running
I1014 11:00:52.862028  4644 demo_inner.hpp:177] decode queue size 0
I1014 11:00:52.862141  4647 work_thread.hpp:81]  [T-Work-Detect_0] Run work: WorkDetect
I1014 11:00:52.862179  4647 work_detect.cpp:102] Succeeded to add det start for frame 24
I1014 11:00:52.868788  4647 work_detect.cpp:70] Frame :24 detect result :2 face(s)
W1014 11:00:52.868835  4647 work_detect.cpp:83] Invalid bbox: [132 x 170 from (327, 209)]
I1014 11:00:52.868923  4647 work_detect.cpp:86] Detected bbox: [31 x 31 from (26, 81)]
I1014 11:00:52.868968  4647 work_detect.cpp:120] Succeeded to add det end for frame 24
I1014 11:00:52.868983  4647 work_thread.hpp:81]  [T-Work-Detect_0] Run work: WrokTrack
I1014 11:00:52.869033  4647 work_track.cpp:82] Frame: 24 build input_characts: [0.0484375 x 0.0861111 from (0.040625, 0.225)], 0.951921, 0
I1014 11:00:52.869094  4647 work_track.cpp:102] Succeeded to set track lock for frame 24
I1014 11:00:52.869135  4647 work_track.cpp:116] Succeeded to release track lock for frame 24
I1014 11:00:52.869149  4647 work_track.cpp:120] Track results of frame 24: 1 objects input, 1 objects tracked!
I1014 11:00:52.869168  4647 work_track.cpp:148] Frame: 24, track bbox: [31 x 31 from (25.1903, 80.0492)], gid: 0, lid: 0
I1014 11:00:52.869202  4647 work_thread.hpp:88]  [T-Work-Detect_0] Frame :24 split
I1014 11:00:52.869220  4647 work_thread.hpp:120]  [T-Work-Detect_0] Valid piece: gid = 0
I1014 11:00:52.869237  4647 work_thread.hpp:92]  [T-Work-Detect_0] Push to split queue:recog
I1014 11:00:52.869287  4650 thread_intergrate.hpp:78] [T-Intergrate-intergrate] queue: frame output frame :24
I1014 11:00:52.869295  4648 work_thread.hpp:81]  [T-Work-Recog_0] Run work: WorkCapture
I1014 11:00:52.869786  4648 work_thread.hpp:81]  [T-Work-Recog_0] Run work: WorkRecog
W1014 11:00:52.869809  4648 work_recog.hpp:118] Face id: 0 has low quality : 0.0266829, no need to recog
I1014 11:00:52.869863  4648 work_thread.hpp:81]  [T-Work-Recog_0] Run work: WorkCompare
I1014 11:00:52.870729  4646 demo_inner.hpp:435] thread [SORT-0]  frame id 24 sorting queue size 0   FPS: 29.7158
I1014 11:00:52.870796  4645 demo_inner.hpp:260]  gui queue size 0, state = running
I1014 11:00:52.897891  4644 demo_inner.hpp:177] decode queue size 0
I1014 11:00:52.898025  4647 work_thread.hpp:81]  [T-Work-Detect_0] Run work: WorkDetect
I1014 11:00:52.898062  4647 work_detect.cpp:102] Succeeded to add det start for frame 25
I1014 11:00:52.904707  4647 work_detect.cpp:70] Frame :25 detect result :2 face(s)
W1014 11:00:52.904755  4647 work_detect.cpp:83] Invalid bbox: [133 x 173 from (327, 207)]
I1014 11:00:52.904842  4647 work_detect.cpp:86] Detected bbox: [31 x 31 from (27, 82)]
I1014 11:00:52.904886  4647 work_detect.cpp:120] Succeeded to add det end for frame 25
I1014 11:00:52.904902  4647 work_thread.hpp:81]  [T-Work-Detect_0] Run work: WrokTrack
I1014 11:00:52.904973  4647 work_track.cpp:82] Frame: 25 build input_characts: [0.0484375 x 0.0861111 from (0.0421875, 0.227778)], 0.959737, 0
I1014 11:00:52.905031  4647 work_track.cpp:102] Succeeded to set track lock for frame 25
I1014 11:00:52.905071  4647 work_track.cpp:116] Succeeded to release track lock for frame 25
I1014 11:00:52.905086  4647 work_track.cpp:120] Track results of frame 25: 1 objects input, 1 objects tracked!
I1014 11:00:52.905104  4647 work_track.cpp:148] Frame: 25, track bbox: [31 x 31 from (26.6402, 81.3495)], gid: 0, lid: 0
I1014 11:00:52.905139  4647 work_thread.hpp:88]  [T-Work-Detect_0] Frame :25 split
I1014 11:00:52.905158  4647 work_thread.hpp:120]  [T-Work-Detect_0] Valid piece: gid = 0
I1014 11:00:52.905175  4647 work_thread.hpp:92]  [T-Work-Detect_0] Push to split queue:recog
I1014 11:00:52.905222  4649 work_thread.hpp:81]  [T-Work-Recog_1] Run work: WorkCapture
I1014 11:00:52.905436  4650 thread_intergrate.hpp:78] [T-Intergrate-intergrate] queue: frame output frame :25
I1014 11:00:52.905701  4649 work_thread.hpp:81]  [T-Work-Recog_1] Run work: WorkRecog
W1014 11:00:52.905723  4649 work_recog.hpp:118] Face id: 0 has low quality : 0.0189681, no need to recog
I1014 11:00:52.905779  4649 work_thread.hpp:81]  [T-Work-Recog_1] Run work: WorkCompare
I1014 11:00:52.907001  4646 demo_inner.hpp:435] thread [SORT-0]  frame id 25 sorting queue size 0   FPS: 29.6296
I1014 11:00:52.907064  4645 demo_inner.hpp:260]  gui queue size 0, state = running
I1014 11:00:52.928184  4644 demo_inner.hpp:177] decode queue size 0
I1014 11:00:52.928386  4647 work_thread.hpp:81]  [T-Work-Detect_0] Run work: WorkDetect
I1014 11:00:52.928423  4647 work_detect.cpp:102] Succeeded to add det start for frame 26
I1014 11:00:52.934909  4647 work_detect.cpp:70] Frame :26 detect result :2 face(s)
W1014 11:00:52.934948  4647 work_detect.cpp:83] Invalid bbox: [133 x 175 from (327, 207)]
I1014 11:00:52.935036  4647 work_detect.cpp:86] Detected bbox: [32 x 31 from (27, 83)]
I1014 11:00:52.935078  4647 work_detect.cpp:120] Succeeded to add det end for frame 26
I1014 11:00:52.935096  4647 work_thread.hpp:81]  [T-Work-Detect_0] Run work: WrokTrack
I1014 11:00:52.935120  4647 work_track.cpp:82] Frame: 26 build input_characts: [0.05 x 0.0861111 from (0.0421875, 0.230556)], 0.968742, 0
I1014 11:00:52.935178  4647 work_track.cpp:102] Succeeded to set track lock for frame 26
I1014 11:00:52.935216  4647 work_track.cpp:116] Succeeded to release track lock for frame 26
I1014 11:00:52.935231  4647 work_track.cpp:120] Track results of frame 26: 1 objects input, 1 objects tracked!
I1014 11:00:52.935248  4647 work_track.cpp:148] Frame: 26, track bbox: [32 x 31 from (27.6902, 82.876)], gid: 0, lid: 0
I1014 11:00:52.935284  4647 work_thread.hpp:88]  [T-Work-Detect_0] Frame :26 split
I1014 11:00:52.935302  4647 work_thread.hpp:120]  [T-Work-Detect_0] Valid piece: gid = 0
I1014 11:00:52.935319  4647 work_thread.hpp:92]  [T-Work-Detect_0] Push to split queue:recog
I1014 11:00:52.935370  4649 work_thread.hpp:81]  [T-Work-Recog_1] Run work: WorkCapture
I1014 11:00:52.935585  4650 thread_intergrate.hpp:78] [T-Intergrate-intergrate] queue: frame output frame :26
I1014 11:00:52.935824  4649 work_thread.hpp:81]  [T-Work-Recog_1] Run work: WorkRecog
W1014 11:00:52.935845  4649 work_recog.hpp:118] Face id: 0 has low quality : 0.0298095, no need to recog
I1014 11:00:52.935897  4649 work_thread.hpp:81]  [T-Work-Recog_1] Run work: WorkCompare
I1014 11:00:52.937098  4646 demo_inner.hpp:435] thread [SORT-0]  frame id 26 sorting queue size 0   FPS: 29.7619
I1014 11:00:52.944525  4645 demo_inner.hpp:260]  gui queue size 0, state = running
I1014 11:00:52.964000  4644 demo_inner.hpp:177] decode queue size 0
I1014 11:00:52.964123  4647 work_thread.hpp:81]  [T-Work-Detect_0] Run work: WorkDetect
I1014 11:00:52.964186  4647 work_detect.cpp:102] Succeeded to add det start for frame 27
I1014 11:00:52.970902  4647 work_detect.cpp:70] Frame :27 detect result :2 face(s)
W1014 11:00:52.970959  4647 work_detect.cpp:83] Invalid bbox: [137 x 175 from (327, 201)]
I1014 11:00:52.971051  4647 work_detect.cpp:86] Detected bbox: [34 x 31 from (26, 84)]
I1014 11:00:52.971146  4647 work_detect.cpp:120] Succeeded to add det end for frame 27
I1014 11:00:52.971164  4647 work_thread.hpp:81]  [T-Work-Detect_0] Run work: WrokTrack
I1014 11:00:52.971190  4647 work_track.cpp:82] Frame: 27 build input_characts: [0.053125 x 0.0861111 from (0.040625, 0.233333)], 0.968742, 0
I1014 11:00:52.971246  4647 work_track.cpp:102] Succeeded to set track lock for frame 27
I1014 11:00:52.971285  4647 work_track.cpp:116] Succeeded to release track lock for frame 27
I1014 11:00:52.971299  4647 work_track.cpp:120] Track results of frame 27: 1 objects input, 1 objects tracked!
I1014 11:00:52.971318  4647 work_track.cpp:148] Frame: 27, track bbox: [34 x 31 from (27.0213, 83.9078)], gid: 0, lid: 0
I1014 11:00:52.971352  4647 work_thread.hpp:88]  [T-Work-Detect_0] Frame :27 split
I1014 11:00:52.971370  4647 work_thread.hpp:120]  [T-Work-Detect_0] Valid piece: gid = 0
I1014 11:00:52.971388  4647 work_thread.hpp:92]  [T-Work-Detect_0] Push to split queue:recog
I1014 11:00:52.971436  4649 work_thread.hpp:81]  [T-Work-Recog_1] Run work: WorkCapture
I1014 11:00:52.971649  4650 thread_intergrate.hpp:78] [T-Intergrate-intergrate] queue: frame output frame :27
I1014 11:00:52.971889  4649 work_thread.hpp:81]  [T-Work-Recog_1] Run work: WorkRecog
W1014 11:00:52.971911  4649 work_recog.hpp:118] Face id: 0 has low quality : 0.0212813, no need to recog
I1014 11:00:52.971962  4649 work_thread.hpp:81]  [T-Work-Recog_1] Run work: WorkCompare
I1014 11:00:52.973153  4646 demo_inner.hpp:435] thread [SORT-0]  frame id 27 sorting queue size 0   FPS: 29.6465
I1014 11:00:52.994860  4644 demo_inner.hpp:177] decode queue size 0
I1014 11:00:52.994995  4647 work_thread.hpp:81]  [T-Work-Detect_0] Run work: WorkDetect
I1014 11:00:52.995033  4647 work_detect.cpp:102] Succeeded to add det start for frame 28
I1014 11:00:53.001574  4647 work_detect.cpp:70] Frame :28 detect result :2 face(s)
W1014 11:00:53.001622  4647 work_detect.cpp:83] Invalid bbox: [131 x 172 from (329, 208)]
I1014 11:00:53.001711  4647 work_detect.cpp:86] Detected bbox: [33 x 31 from (27, 84)]
I1014 11:00:53.001755  4647 work_detect.cpp:120] Succeeded to add det end for frame 28
I1014 11:00:53.001771  4647 work_thread.hpp:81]  [T-Work-Detect_0] Run work: WrokTrack
I1014 11:00:53.001796  4647 work_track.cpp:82] Frame: 28 build input_characts: [0.0515625 x 0.0861111 from (0.0421875, 0.233333)], 0.968742, 0
I1014 11:00:53.001853  4647 work_track.cpp:102] Succeeded to set track lock for frame 28
I1014 11:00:53.001893  4647 work_track.cpp:116] Succeeded to release track lock for frame 28
I1014 11:00:53.001907  4647 work_track.cpp:120] Track results of frame 28: 1 objects input, 1 objects tracked!
I1014 11:00:53.001925  4647 work_track.cpp:148] Frame: 28, track bbox: [33 x 31 from (27.3522, 84.4714)], gid: 0, lid: 0
I1014 11:00:53.001960  4647 work_thread.hpp:88]  [T-Work-Detect_0] Frame :28 split
I1014 11:00:53.001977  4647 work_thread.hpp:120]  [T-Work-Detect_0] Valid piece: gid = 0
I1014 11:00:53.001996  4647 work_thread.hpp:92]  [T-Work-Detect_0] Push to split queue:recog
I1014 11:00:53.002046  4649 work_thread.hpp:81]  [T-Work-Recog_1] Run work: WorkCapture
I1014 11:00:53.002254  4650 thread_intergrate.hpp:78] [T-Intergrate-intergrate] queue: frame output frame :28
I1014 11:00:53.002491  4649 work_thread.hpp:81]  [T-Work-Recog_1] Run work: WorkRecog
W1014 11:00:53.002514  4649 work_recog.hpp:118] Face id: 0 has low quality : 0.0150249, no need to recog
I1014 11:00:53.002566  4649 work_thread.hpp:81]  [T-Work-Recog_1] Run work: WorkCompare
I1014 11:00:53.003748  4646 demo_inner.hpp:435] thread [SORT-0]  frame id 28 sorting queue size 1   FPS: 29.7685
I1014 11:00:53.012027  4645 demo_inner.hpp:260]  gui queue size 1, state = running
I1014 11:00:53.030055  4644 demo_inner.hpp:177] decode queue size 0
I1014 11:00:53.030191  4647 work_thread.hpp:81]  [T-Work-Detect_0] Run work: WorkDetect
I1014 11:00:53.030228  4647 work_detect.cpp:102] Succeeded to add det start for frame 29
I1014 11:00:53.036898  4647 work_detect.cpp:70] Frame :29 detect result :2 face(s)
W1014 11:00:53.037022  4647 work_detect.cpp:83] Invalid bbox: [131 x 171 from (328, 208)]
I1014 11:00:53.037083  4647 work_detect.cpp:86] Detected bbox: [34 x 30 from (26, 85)]
I1014 11:00:53.037128  4647 work_detect.cpp:120] Succeeded to add det end for frame 29
I1014 11:00:53.037144  4647 work_thread.hpp:81]  [T-Work-Detect_0] Run work: WrokTrack
I1014 11:00:53.037169  4647 work_track.cpp:82] Frame: 29 build input_characts: [0.053125 x 0.0833333 from (0.040625, 0.236111)], 0.942421, 0
I1014 11:00:53.037226  4647 work_track.cpp:102] Succeeded to set track lock for frame 29
I1014 11:00:53.037264  4647 work_track.cpp:116] Succeeded to release track lock for frame 29
I1014 11:00:53.037279  4647 work_track.cpp:120] Track results of frame 29: 1 objects input, 1 objects tracked!
I1014 11:00:53.037297  4647 work_track.cpp:148] Frame: 29, track bbox: [34 x 30 from (26.5004, 85.3305)], gid: 0, lid: 0
I1014 11:00:53.037333  4647 work_thread.hpp:88]  [T-Work-Detect_0] Frame :29 split
I1014 11:00:53.037349  4647 work_thread.hpp:120]  [T-Work-Detect_0] Valid piece: gid = 0
I1014 11:00:53.037367  4647 work_thread.hpp:92]  [T-Work-Detect_0] Push to split queue:recog
I1014 11:00:53.037411  4648 work_thread.hpp:81]  [T-Work-Recog_0] Run work: WorkCapture
I1014 11:00:53.037412  4650 thread_intergrate.hpp:78] [T-Intergrate-intergrate] queue: frame output frame :29
I1014 11:00:53.037904  4648 work_thread.hpp:81]  [T-Work-Recog_0] Run work: WorkRecog
W1014 11:00:53.037926  4648 work_recog.hpp:118] Face id: 0 has low quality : 0.0266829, no need to recog
I1014 11:00:53.038002  4648 work_thread.hpp:81]  [T-Work-Recog_0] Run work: WorkCompare
I1014 11:00:53.038918  4646 demo_inner.hpp:435] thread [SORT-0]  frame id 29 sorting queue size 0   FPS: 29.724
I1014 11:00:53.060427  4644 demo_inner.hpp:177] decode queue size 0
I1014 11:00:53.060542  4647 work_thread.hpp:81]  [T-Work-Detect_0] Run work: WorkDetect
I1014 11:00:53.060575  4647 work_detect.cpp:102] Succeeded to add det start for frame 30
I1014 11:00:53.067104  4647 work_detect.cpp:70] Frame :30 detect result :1 face(s)
W1014 11:00:53.067152  4647 work_detect.cpp:83] Invalid bbox: [131 x 173 from (328, 207)]
I1014 11:00:53.067252  4647 work_detect.cpp:120] Succeeded to add det end for frame 30
I1014 11:00:53.067270  4647 work_thread.hpp:81]  [T-Work-Detect_0] Run work: WrokTrack
I1014 11:00:53.067299  4647 work_track.cpp:102] Succeeded to set track lock for frame 30
I1014 11:00:53.067349  4647 work_track.cpp:116] Succeeded to release track lock for frame 30
I1014 11:00:53.067364  4647 work_track.cpp:120] Track results of frame 30: 0 objects input, 1 objects tracked!
I1014 11:00:53.067382  4647 work_track.cpp:148] Frame: 30, track bbox: [34 x 30 from (26.8004, 86.0303)], gid: 0, lid: -1
I1014 11:00:53.067437  4647 work_thread.hpp:88]  [T-Work-Detect_0] Frame :30 split
I1014 11:00:53.067486  4650 thread_intergrate.hpp:78] [T-Intergrate-intergrate] queue: frame output frame :30
I1014 11:00:53.069011  4646 demo_inner.hpp:435] thread [SORT-0]  frame id 30 sorting queue size 1   FPS: 29.8354
I1014 11:00:53.089942  4645 demo_inner.hpp:260]  gui queue size 1, state = running
I1014 11:00:53.096220  4644 demo_inner.hpp:177] decode queue size 0
I1014 11:00:53.096382  4647 work_thread.hpp:81]  [T-Work-Detect_0] Run work: WorkDetect
I1014 11:00:53.096417  4647 work_detect.cpp:102] Succeeded to add det start for frame 31
I1014 11:00:53.102919  4647 work_detect.cpp:70] Frame :31 detect result :1 face(s)
W1014 11:00:53.102962  4647 work_detect.cpp:83] Invalid bbox: [138 x 174 from (325, 201)]
I1014 11:00:53.103061  4647 work_detect.cpp:120] Succeeded to add det end for frame 31
I1014 11:00:53.103080  4647 work_thread.hpp:81]  [T-Work-Detect_0] Run work: WrokTrack
I1014 11:00:53.103108  4647 work_track.cpp:102] Succeeded to set track lock for frame 31
I1014 11:00:53.103139  4647 work_track.cpp:116] Succeeded to release track lock for frame 31
I1014 11:00:53.103154  4647 work_track.cpp:120] Track results of frame 31: 0 objects input, 0 objects tracked!
I1014 11:00:53.103221  4647 work_thread.hpp:88]  [T-Work-Detect_0] Frame :31 split
I1014 11:00:53.103265  4650 thread_intergrate.hpp:78] [T-Intergrate-intergrate] queue: frame output frame :31
I1014 11:00:53.104774  4646 demo_inner.hpp:435] thread [SORT-0]  frame id 31 sorting queue size 0   FPS: 29.7619
I1014 11:00:53.131929  4644 demo_inner.hpp:177] decode queue size 0
I1014 11:00:53.132040  4647 work_thread.hpp:81]  [T-Work-Detect_0] Run work: WorkDetect
I1014 11:00:53.132072  4647 work_detect.cpp:102] Succeeded to add det start for frame 32
I1014 11:00:53.138622  4647 work_detect.cpp:70] Frame :32 detect result :1 face(s)
W1014 11:00:53.138672  4647 work_detect.cpp:83] Invalid bbox: [132 x 168 from (325, 207)]
I1014 11:00:53.138772  4647 work_detect.cpp:120] Succeeded to add det end for frame 32
I1014 11:00:53.138789  4647 work_thread.hpp:81]  [T-Work-Detect_0] Run work: WrokTrack
I1014 11:00:53.138816  4647 work_track.cpp:102] Succeeded to set track lock for frame 32
I1014 11:00:53.138864  4647 work_track.cpp:116] Succeeded to release track lock for frame 32
I1014 11:00:53.138878  4647 work_track.cpp:120] Track results of frame 32: 0 objects input, 0 objects tracked!
I1014 11:00:53.138896  4647 work_thread.hpp:88]  [T-Work-Detect_0] Frame :32 split
I1014 11:00:53.138940  4650 thread_intergrate.hpp:78] [T-Intergrate-intergrate] queue: frame output frame :32
I1014 11:00:53.140506  4646 demo_inner.hpp:435] thread [SORT-0]  frame id 32 sorting queue size 1   FPS: 29.6935
I1014 11:00:53.162699  4644 demo_inner.hpp:177] decode queue size 0
I1014 11:00:53.162827  4647 work_thread.hpp:81]  [T-Work-Detect_0] Run work: WorkDetect
I1014 11:00:53.162861  4647 work_detect.cpp:102] Succeeded to add det start for frame 33
I1014 11:00:53.169486  4647 work_detect.cpp:70] Frame :33 detect result :1 face(s)
W1014 11:00:53.169533  4647 work_detect.cpp:83] Invalid bbox: [129 x 170 from (327, 206)]
I1014 11:00:53.169629  4647 work_detect.cpp:120] Succeeded to add det end for frame 33
I1014 11:00:53.169646  4647 work_thread.hpp:81]  [T-Work-Detect_0] Run work: WrokTrack
I1014 11:00:53.169674  4647 work_track.cpp:102] Succeeded to set track lock for frame 33
I1014 11:00:53.169701  4647 work_track.cpp:116] Succeeded to release track lock for frame 33
I1014 11:00:53.169715  4647 work_track.cpp:120] Track results of frame 33: 0 objects input, 0 objects tracked!
I1014 11:00:53.169734  4647 work_thread.hpp:88]  [T-Work-Detect_0] Frame :33 split
I1014 11:00:53.169775  4650 thread_intergrate.hpp:78] [T-Intergrate-intergrate] queue: frame output frame :33
I1014 11:00:53.171211  4646 demo_inner.hpp:435] thread [SORT-0]  frame id 33 sorting queue size 2   FPS: 29.7674
I1014 11:00:53.173650  4645 demo_inner.hpp:260]  gui queue size 2, state = running
I1014 11:00:53.197938  4644 demo_inner.hpp:177] decode queue size 0
I1014 11:00:53.198050  4647 work_thread.hpp:81]  [T-Work-Detect_0] Run work: WorkDetect
I1014 11:00:53.198091  4647 work_detect.cpp:102] Succeeded to add det start for frame 34
I1014 11:00:53.204763  4647 work_detect.cpp:70] Frame :34 detect result :1 face(s)
W1014 11:00:53.204818  4647 work_detect.cpp:83] Invalid bbox: [129 x 168 from (328, 208)]
I1014 11:00:53.204916  4647 work_detect.cpp:120] Succeeded to add det end for frame 34
I1014 11:00:53.204934  4647 work_thread.hpp:81]  [T-Work-Detect_0] Run work: WrokTrack
I1014 11:00:53.204962  4647 work_track.cpp:102] Succeeded to set track lock for frame 34
I1014 11:00:53.204988  4647 work_track.cpp:116] Succeeded to release track lock for frame 34
I1014 11:00:53.205003  4647 work_track.cpp:120] Track results of frame 34: 0 objects input, 0 objects tracked!
I1014 11:00:53.205021  4647 work_thread.hpp:88]  [T-Work-Detect_0] Frame :34 split
I1014 11:00:53.205067  4650 thread_intergrate.hpp:78] [T-Intergrate-intergrate] queue: frame output frame :34
I1014 11:00:53.206559  4646 demo_inner.hpp:435] thread [SORT-0]  frame id 34 sorting queue size 0   FPS: 29.7297
I1014 11:00:53.228045  4644 demo_inner.hpp:177] decode queue size 0
I1014 11:00:53.228143  4647 work_thread.hpp:81]  [T-Work-Detect_0] Run work: WorkDetect
I1014 11:00:53.228266  4647 work_detect.cpp:102] Succeeded to add det start for frame 35
I1014 11:00:53.234767  4647 work_detect.cpp:70] Frame :35 detect result :1 face(s)
W1014 11:00:53.234822  4647 work_detect.cpp:83] Invalid bbox: [132 x 171 from (324, 206)]
I1014 11:00:53.234926  4647 work_detect.cpp:120] Succeeded to add det end for frame 35
I1014 11:00:53.234944  4647 work_thread.hpp:81]  [T-Work-Detect_0] Run work: WrokTrack
I1014 11:00:53.234972  4647 work_track.cpp:102] Succeeded to set track lock for frame 35
I1014 11:00:53.235000  4647 work_track.cpp:116] Succeeded to release track lock for frame 35
I1014 11:00:53.235013  4647 work_track.cpp:120] Track results of frame 35: 0 objects input, 0 objects tracked!
I1014 11:00:53.235031  4647 work_thread.hpp:88]  [T-Work-Detect_0] Frame :35 split
I1014 11:00:53.235078  4650 thread_intergrate.hpp:78] [T-Intergrate-intergrate] queue: frame output frame :35
I1014 11:00:53.236615  4646 demo_inner.hpp:435] thread [SORT-0]  frame id 35 sorting queue size 1   FPS: 29.8246
I1014 11:00:53.257380  4645 demo_inner.hpp:260]  gui queue size 1, state = running
I1014 11:00:53.264195  4644 demo_inner.hpp:177] decode queue size 0
I1014 11:00:53.264384  4647 work_thread.hpp:81]  [T-Work-Detect_0] Run work: WorkDetect
I1014 11:00:53.264415  4647 work_detect.cpp:102] Succeeded to add det start for frame 36
I1014 11:00:53.270889  4647 work_detect.cpp:70] Frame :36 detect result :1 face(s)
W1014 11:00:53.270931  4647 work_detect.cpp:83] Invalid bbox: [130 x 171 from (325, 206)]
I1014 11:00:53.271028  4647 work_detect.cpp:120] Succeeded to add det end for frame 36
I1014 11:00:53.271045  4647 work_thread.hpp:81]  [T-Work-Detect_0] Run work: WrokTrack
I1014 11:00:53.271072  4647 work_track.cpp:102] Succeeded to set track lock for frame 36
I1014 11:00:53.271100  4647 work_track.cpp:116] Succeeded to release track lock for frame 36
I1014 11:00:53.271113  4647 work_track.cpp:120] Track results of frame 36: 0 objects input, 0 objects tracked!
I1014 11:00:53.271131  4647 work_thread.hpp:88]  [T-Work-Detect_0] Frame :36 split
I1014 11:00:53.271175  4650 thread_intergrate.hpp:78] [T-Intergrate-intergrate] queue: frame output frame :36
I1014 11:00:53.272686  4646 demo_inner.hpp:435] thread [SORT-0]  frame id 36 sorting queue size 0   FPS: 29.7619
I1014 11:00:53.294128  4644 demo_inner.hpp:177] decode queue size 0
I1014 11:00:53.294374  4647 work_thread.hpp:81]  [T-Work-Detect_0] Run work: WorkDetect
I1014 11:00:53.294409  4647 work_detect.cpp:102] Succeeded to add det start for frame 37
I1014 11:00:53.300987  4647 work_detect.cpp:70] Frame :37 detect result :2 face(s)
W1014 11:00:53.301038  4647 work_detect.cpp:83] Invalid bbox: [129 x 172 from (325, 204)]
I1014 11:00:53.301124  4647 work_detect.cpp:86] Detected bbox: [31 x 32 from (20, 82)]
I1014 11:00:53.301168  4647 work_detect.cpp:120] Succeeded to add det end for frame 37
I1014 11:00:53.301185  4647 work_thread.hpp:81]  [T-Work-Detect_0] Run work: WrokTrack
I1014 11:00:53.301208  4647 work_track.cpp:82] Frame: 37 build input_characts: [0.0484375 x 0.0888889 from (0.03125, 0.227778)], 0.909375, 0
I1014 11:00:53.301267  4647 work_track.cpp:102] Succeeded to set track lock for frame 37
I1014 11:00:53.301302  4647 work_track.cpp:116] Succeeded to release track lock for frame 37
I1014 11:00:53.301316  4647 work_track.cpp:120] Track results of frame 37: 1 objects input, 0 objects tracked!
I1014 11:00:53.301334  4647 work_track.cpp:162] Frame: 37 lid: 1 not tracked, will set invalid
I1014 11:00:53.301349  4647 work_thread.hpp:88]  [T-Work-Detect_0] Frame :37 split
I1014 11:00:53.301367  4647 work_thread.hpp:124]  [T-Work-Detect_0] Invalid piece: lid = 1, drop it
I1014 11:00:53.301411  4650 thread_intergrate.hpp:78] [T-Intergrate-intergrate] queue: frame output frame :37
I1014 11:00:53.302953  4646 demo_inner.hpp:435] thread [SORT-0]  frame id 37 sorting queue size 1   FPS: 29.8507
I1014 11:00:53.330101  4644 demo_inner.hpp:177] decode queue size 0
I1014 11:00:53.330204  4647 work_thread.hpp:81]  [T-Work-Detect_0] Run work: WorkDetect
I1014 11:00:53.330313  4647 work_detect.cpp:102] Succeeded to add det start for frame 38
I1014 11:00:53.336938  4647 work_detect.cpp:70] Frame :38 detect result :2 face(s)
W1014 11:00:53.336988  4647 work_detect.cpp:83] Invalid bbox: [134 x 179 from (317, 202)]
I1014 11:00:53.337075  4647 work_detect.cpp:86] Detected bbox: [30 x 32 from (20, 81)]
I1014 11:00:53.337118  4647 work_detect.cpp:120] Succeeded to add det end for frame 38
I1014 11:00:53.337134  4647 work_thread.hpp:81]  [T-Work-Detect_0] Run work: WrokTrack
I1014 11:00:53.337158  4647 work_track.cpp:82] Frame: 38 build input_characts: [0.046875 x 0.0888889 from (0.03125, 0.225)], 0.968742, 0
I1014 11:00:53.337216  4647 work_track.cpp:102] Succeeded to set track lock for frame 38
I1014 11:00:53.337255  4647 work_track.cpp:116] Succeeded to release track lock for frame 38
I1014 11:00:53.337270  4647 work_track.cpp:120] Track results of frame 38: 1 objects input, 0 objects tracked!
I1014 11:00:53.337286  4647 work_track.cpp:162] Frame: 38 lid: 1 not tracked, will set invalid
I1014 11:00:53.337302  4647 work_thread.hpp:88]  [T-Work-Detect_0] Frame :38 split
I1014 11:00:53.337319  4647 work_thread.hpp:124]  [T-Work-Detect_0] Invalid piece: lid = 1, drop it
I1014 11:00:53.337361  4650 thread_intergrate.hpp:78] [T-Intergrate-intergrate] queue: frame output frame :38
I1014 11:00:53.338865  4646 demo_inner.hpp:435] thread [SORT-0]  frame id 38 sorting queue size 2   FPS: 29.7907
I1014 11:00:53.357852  4645 demo_inner.hpp:260]  gui queue size 2, state = running
I1014 11:00:53.366194  4644 demo_inner.hpp:177] decode queue size 0
I1014 11:00:53.366497  4647 work_thread.hpp:81]  [T-Work-Detect_0] Run work: WorkDetect
I1014 11:00:53.366539  4647 work_detect.cpp:102] Succeeded to add det start for frame 39
I1014 11:00:53.373433  4647 work_detect.cpp:70] Frame :39 detect result :2 face(s)
W1014 11:00:53.373484  4647 work_detect.cpp:83] Invalid bbox: [130 x 174 from (324, 204)]
I1014 11:00:53.373575  4647 work_detect.cpp:86] Detected bbox: [29 x 32 from (20, 81)]
I1014 11:00:53.373618  4647 work_detect.cpp:120] Succeeded to add det end for frame 39
I1014 11:00:53.373634  4647 work_thread.hpp:81]  [T-Work-Detect_0] Run work: WrokTrack
I1014 11:00:53.373659  4647 work_track.cpp:82] Frame: 39 build input_characts: [0.0453125 x 0.0888889 from (0.03125, 0.225)], 0.915779, 0
I1014 11:00:53.373718  4647 work_track.cpp:102] Succeeded to set track lock for frame 39
I1014 11:00:53.373756  4647 work_track.cpp:116] Succeeded to release track lock for frame 39
I1014 11:00:53.373771  4647 work_track.cpp:120] Track results of frame 39: 1 objects input, 1 objects tracked!
I1014 11:00:53.373788  4647 work_track.cpp:148] Frame: 39, track bbox: [29 x 32 from (19.9972, 80.826)], gid: 1, lid: 0
I1014 11:00:53.373823  4647 work_thread.hpp:88]  [T-Work-Detect_0] Frame :39 split
I1014 11:00:53.373842  4647 work_thread.hpp:120]  [T-Work-Detect_0] Valid piece: gid = 1
I1014 11:00:53.373859  4647 work_thread.hpp:92]  [T-Work-Detect_0] Push to split queue:recog
I1014 11:00:53.373903  4649 work_thread.hpp:81]  [T-Work-Recog_1] Run work: WorkCapture
I1014 11:00:53.373905  4650 thread_intergrate.hpp:78] [T-Intergrate-intergrate] queue: frame output frame :39
I1014 11:00:53.374367  4649 work_thread.hpp:81]  [T-Work-Recog_1] Run work: WorkRecog
W1014 11:00:53.374390  4649 work_recog.hpp:118] Face id: 1 has low quality : 0.0736317, no need to recog
I1014 11:00:53.374447  4649 work_thread.hpp:81]  [T-Work-Recog_1] Run work: WorkCompare
I1014 11:00:53.375349  4646 demo_inner.hpp:435] thread [SORT-0]  frame id 39 sorting queue size 0   FPS: 29.7107
I1014 11:00:53.396113  4644 demo_inner.hpp:177] decode queue size 0
I1014 11:00:53.396252  4647 work_thread.hpp:81]  [T-Work-Detect_0] Run work: WorkDetect
I1014 11:00:53.396286  4647 work_detect.cpp:102] Succeeded to add det start for frame 40
I1014 11:00:53.402905  4647 work_detect.cpp:70] Frame :40 detect result :1 face(s)
W1014 11:00:53.402953  4647 work_detect.cpp:83] Invalid bbox: [135 x 180 from (316, 202)]
I1014 11:00:53.403204  4647 work_detect.cpp:120] Succeeded to add det end for frame 40
I1014 11:00:53.403272  4647 work_thread.hpp:81]  [T-Work-Detect_0] Run work: WrokTrack
I1014 11:00:53.403303  4647 work_track.cpp:102] Succeeded to set track lock for frame 40
I1014 11:00:53.403337  4647 work_track.cpp:116] Succeeded to release track lock for frame 40
I1014 11:00:53.403350  4647 work_track.cpp:120] Track results of frame 40: 0 objects input, 1 objects tracked!
I1014 11:00:53.403368  4647 work_track.cpp:148] Frame: 40, track bbox: [29 x 32 from (19.4972, 80.3256)], gid: 1, lid: -1
I1014 11:00:53.403419  4647 work_thread.hpp:88]  [T-Work-Detect_0] Frame :40 split
I1014 11:00:53.403468  4650 thread_intergrate.hpp:78] [T-Intergrate-intergrate] queue: frame output frame :40
I1014 11:00:53.404964  4646 demo_inner.hpp:435] thread [SORT-0]  frame id 40 sorting queue size 1   FPS: 29.8165
I1014 11:00:53.424808  4645 demo_inner.hpp:260]  gui queue size 1, state = running
I1014 11:00:53.432185  4644 demo_inner.hpp:177] decode queue size 0
I1014 11:00:53.432370  4647 work_thread.hpp:81]  [T-Work-Detect_0] Run work: WorkDetect
I1014 11:00:53.432404  4647 work_detect.cpp:102] Succeeded to add det start for frame 41
I1014 11:00:53.439196  4647 work_detect.cpp:70] Frame :41 detect result :1 face(s)
W1014 11:00:53.439240  4647 work_detect.cpp:83] Invalid bbox: [132 x 175 from (322, 204)]
I1014 11:00:53.439340  4647 work_detect.cpp:120] Succeeded to add det end for frame 41
I1014 11:00:53.439357  4647 work_thread.hpp:81]  [T-Work-Detect_0] Run work: WrokTrack
I1014 11:00:53.439384  4647 work_track.cpp:102] Succeeded to set track lock for frame 41
I1014 11:00:53.439415  4647 work_track.cpp:116] Succeeded to release track lock for frame 41
I1014 11:00:53.439429  4647 work_track.cpp:120] Track results of frame 41: 0 objects input, 0 objects tracked!
I1014 11:00:53.439447  4647 work_thread.hpp:88]  [T-Work-Detect_0] Frame :41 split
I1014 11:00:53.439491  4650 thread_intergrate.hpp:78] [T-Intergrate-intergrate] queue: frame output frame :41
I1014 11:00:53.441005  4646 demo_inner.hpp:435] thread [SORT-0]  frame id 41 sorting queue size 0   FPS: 29.7619
I1014 11:00:53.460310  4644 demo_inner.hpp:177] decode queue size 0
I1014 11:00:53.460412  4647 work_thread.hpp:81]  [T-Work-Detect_0] Run work: WorkDetect
I1014 11:00:53.460446  4647 work_detect.cpp:102] Succeeded to add det start for frame 42
I1014 11:00:53.467118  4647 work_detect.cpp:70] Frame :42 detect result :2 face(s)
W1014 11:00:53.467161  4647 work_detect.cpp:83] Invalid bbox: [133 x 171 from (320, 204)]
I1014 11:00:53.467247  4647 work_detect.cpp:86] Detected bbox: [31 x 31 from (15, 80)]
I1014 11:00:53.467289  4647 work_detect.cpp:120] Succeeded to add det end for frame 42
I1014 11:00:53.467306  4647 work_thread.hpp:81]  [T-Work-Detect_0] Run work: WrokTrack
I1014 11:00:53.467329  4647 work_track.cpp:82] Frame: 42 build input_characts: [0.0484375 x 0.0861111 from (0.0234375, 0.222222)], 0.932491, 0
I1014 11:00:53.467387  4647 work_track.cpp:102] Succeeded to set track lock for frame 42
I1014 11:00:53.467425  4647 work_track.cpp:116] Succeeded to release track lock for frame 42
I1014 11:00:53.467440  4647 work_track.cpp:120] Track results of frame 42: 1 objects input, 0 objects tracked!
I1014 11:00:53.467458  4647 work_track.cpp:162] Frame: 42 lid: 1 not tracked, will set invalid
I1014 11:00:53.467473  4647 work_thread.hpp:88]  [T-Work-Detect_0] Frame :42 split
I1014 11:00:53.467490  4647 work_thread.hpp:124]  [T-Work-Detect_0] Invalid piece: lid = 1, drop it
I1014 11:00:53.467535  4650 thread_intergrate.hpp:78] [T-Intergrate-intergrate] queue: frame output frame :42
I1014 11:00:53.469103  4646 demo_inner.hpp:435] thread [SORT-0]  frame id 42 sorting queue size 1   FPS: 29.8834
I1014 11:00:53.492033  4645 demo_inner.hpp:260]  gui queue size 1, state = running
I1014 11:00:53.498203  4644 demo_inner.hpp:177] decode queue size 0
I1014 11:00:53.498371  4647 work_thread.hpp:81]  [T-Work-Detect_0] Run work: WorkDetect
I1014 11:00:53.498406  4647 work_detect.cpp:102] Succeeded to add det start for frame 43
I1014 11:00:53.505465  4647 work_detect.cpp:70] Frame :43 detect result :2 face(s)
W1014 11:00:53.505592  4647 work_detect.cpp:83] Invalid bbox: [133 x 173 from (321, 203)]
I1014 11:00:53.505648  4647 work_detect.cpp:86] Detected bbox: [28 x 30 from (13, 80)]
I1014 11:00:53.505692  4647 work_detect.cpp:120] Succeeded to add det end for frame 43
I1014 11:00:53.505708  4647 work_thread.hpp:81]  [T-Work-Detect_0] Run work: WrokTrack
I1014 11:00:53.505733  4647 work_track.cpp:82] Frame: 43 build input_characts: [0.04375 x 0.0833333 from (0.0203125, 0.222222)], 0.959643, 0
I1014 11:00:53.505791  4647 work_track.cpp:102] Succeeded to set track lock for frame 43
I1014 11:00:53.505831  4647 work_track.cpp:116] Succeeded to release track lock for frame 43
I1014 11:00:53.505846  4647 work_track.cpp:120] Track results of frame 43: 1 objects input, 0 objects tracked!
I1014 11:00:53.505862  4647 work_track.cpp:162] Frame: 43 lid: 1 not tracked, will set invalid
I1014 11:00:53.505877  4647 work_thread.hpp:88]  [T-Work-Detect_0] Frame :43 split
I1014 11:00:53.505894  4647 work_thread.hpp:124]  [T-Work-Detect_0] Invalid piece: lid = 1, drop it
I1014 11:00:53.505939  4650 thread_intergrate.hpp:78] [T-Intergrate-intergrate] queue: frame output frame :43
I1014 11:00:53.507421  4646 demo_inner.hpp:435] thread [SORT-0]  frame id 43 sorting queue size 0   FPS: 29.7661
I1014 11:00:53.528071  4644 demo_inner.hpp:177] decode queue size 0
I1014 11:00:53.528188  4647 work_thread.hpp:81]  [T-Work-Detect_0] Run work: WorkDetect
I1014 11:00:53.528223  4647 work_detect.cpp:102] Succeeded to add det start for frame 44
I1014 11:00:53.534845  4647 work_detect.cpp:70] Frame :44 detect result :2 face(s)
W1014 11:00:53.534889  4647 work_detect.cpp:83] Invalid bbox: [131 x 169 from (321, 204)]
I1014 11:00:53.535120  4647 work_detect.cpp:86] Detected bbox: [31 x 35 from (9, 77)]
I1014 11:00:53.535164  4647 work_detect.cpp:120] Succeeded to add det end for frame 44
I1014 11:00:53.535181  4647 work_thread.hpp:81]  [T-Work-Detect_0] Run work: WrokTrack
I1014 11:00:53.535205  4647 work_track.cpp:82] Frame: 44 build input_characts: [0.0484375 x 0.0972222 from (0.0140625, 0.213889)], 0.981359, 0
I1014 11:00:53.535264  4647 work_track.cpp:102] Succeeded to set track lock for frame 44
I1014 11:00:53.535301  4647 work_track.cpp:116] Succeeded to release track lock for frame 44
I1014 11:00:53.535316  4647 work_track.cpp:120] Track results of frame 44: 1 objects input, 1 objects tracked!
I1014 11:00:53.535333  4647 work_track.cpp:148] Frame: 44, track bbox: [31 x 35 from (10.2267, 77.0219)], gid: 1, lid: 0
I1014 11:00:53.535368  4647 work_thread.hpp:88]  [T-Work-Detect_0] Frame :44 split
I1014 11:00:53.535387  4647 work_thread.hpp:120]  [T-Work-Detect_0] Valid piece: gid = 1
I1014 11:00:53.535404  4647 work_thread.hpp:92]  [T-Work-Detect_0] Push to split queue:recog
I1014 11:00:53.535441  4649 work_thread.hpp:81]  [T-Work-Recog_1] Run work: WorkCapture
I1014 11:00:53.535454  4650 thread_intergrate.hpp:78] [T-Intergrate-intergrate] queue: frame output frame :44
I1014 11:00:53.535897  4649 work_thread.hpp:81]  [T-Work-Recog_1] Run work: WorkRecog
W1014 11:00:53.535919  4649 work_recog.hpp:118] Face id: 1 has low quality : 0.0802691, no need to recog
I1014 11:00:53.535972  4649 work_thread.hpp:81]  [T-Work-Recog_1] Run work: WorkCompare
I1014 11:00:53.536926  4646 demo_inner.hpp:435] thread [SORT-0]  frame id 44 sorting queue size 1   FPS: 29.8611
I1014 11:00:53.564360  4645 demo_inner.hpp:260]  gui queue size 1, state = running
I1014 11:00:53.564424  4644 demo_inner.hpp:177] decode queue size 0
I1014 11:00:53.564499  4647 work_thread.hpp:81]  [T-Work-Detect_0] Run work: WorkDetect
I1014 11:00:53.564536  4647 work_detect.cpp:102] Succeeded to add det start for frame 45
I1014 11:00:53.571374  4647 work_detect.cpp:70] Frame :45 detect result :2 face(s)
W1014 11:00:53.571426  4647 work_detect.cpp:83] Invalid bbox: [131 x 171 from (321, 203)]
I1014 11:00:53.571513  4647 work_detect.cpp:86] Detected bbox: [30 x 37 from (9, 75)]
I1014 11:00:53.571558  4647 work_detect.cpp:120] Succeeded to add det end for frame 45
I1014 11:00:53.571622  4647 work_thread.hpp:81]  [T-Work-Detect_0] Run work: WrokTrack
I1014 11:00:53.571650  4647 work_track.cpp:82] Frame: 45 build input_characts: [0.046875 x 0.102778 from (0.0140625, 0.208333)], 0.977486, 0
I1014 11:00:53.571708  4647 work_track.cpp:102] Succeeded to set track lock for frame 45
I1014 11:00:53.571748  4647 work_track.cpp:116] Succeeded to release track lock for frame 45
I1014 11:00:53.571763  4647 work_track.cpp:120] Track results of frame 45: 1 objects input, 1 objects tracked!
I1014 11:00:53.571780  4647 work_track.cpp:148] Frame: 45, track bbox: [30 x 37 from (8.84739, 75.3604)], gid: 1, lid: 0
I1014 11:00:53.571815  4647 work_thread.hpp:88]  [T-Work-Detect_0] Frame :45 split
I1014 11:00:53.571832  4647 work_thread.hpp:120]  [T-Work-Detect_0] Valid piece: gid = 1
I1014 11:00:53.571851  4647 work_thread.hpp:92]  [T-Work-Detect_0] Push to split queue:recog
I1014 11:00:53.571900  4648 work_thread.hpp:81]  [T-Work-Recog_0] Run work: WorkCapture
I1014 11:00:53.571902  4650 thread_intergrate.hpp:78] [T-Intergrate-intergrate] queue: frame output frame :45
I1014 11:00:53.572422  4648 work_thread.hpp:81]  [T-Work-Recog_0] Run work: WorkRecog
W1014 11:00:53.572443  4648 work_recog.hpp:118] Face id: 1 has low quality : 0.087213, no need to recog
I1014 11:00:53.572548  4648 work_thread.hpp:81]  [T-Work-Recog_0] Run work: WorkCompare
I1014 11:00:53.573385  4646 demo_inner.hpp:435] thread [SORT-0]  frame id 45 sorting queue size 0   FPS: 29.7901
I1014 11:00:53.599968  4644 demo_inner.hpp:177] decode queue size 0
I1014 11:00:53.600082  4647 work_thread.hpp:81]  [T-Work-Detect_0] Run work: WorkDetect
I1014 11:00:53.600117  4647 work_detect.cpp:102] Succeeded to add det start for frame 46
I1014 11:00:53.606787  4647 work_detect.cpp:70] Frame :46 detect result :2 face(s)
W1014 11:00:53.606834  4647 work_detect.cpp:83] Invalid bbox: [133 x 175 from (319, 202)]
I1014 11:00:53.606921  4647 work_detect.cpp:86] Detected bbox: [27 x 33 from (10, 77)]
I1014 11:00:53.607131  4647 work_detect.cpp:120] Succeeded to add det end for frame 46
I1014 11:00:53.607151  4647 work_thread.hpp:81]  [T-Work-Detect_0] Run work: WrokTrack
I1014 11:00:53.607174  4647 work_track.cpp:82] Frame: 46 build input_characts: [0.0421875 x 0.0916667 from (0.015625, 0.213889)], 0.983201, 0
I1014 11:00:53.607233  4647 work_track.cpp:102] Succeeded to set track lock for frame 46
I1014 11:00:53.607270  4647 work_track.cpp:116] Succeeded to release track lock for frame 46
I1014 11:00:53.607285  4647 work_track.cpp:120] Track results of frame 46: 1 objects input, 1 objects tracked!
I1014 11:00:53.607303  4647 work_track.cpp:148] Frame: 46, track bbox: [27 x 33 from (8.97838, 76.8324)], gid: 1, lid: 0
I1014 11:00:53.607337  4647 work_thread.hpp:88]  [T-Work-Detect_0] Frame :46 split
I1014 11:00:53.607355  4647 work_thread.hpp:120]  [T-Work-Detect_0] Valid piece: gid = 1
I1014 11:00:53.607373  4647 work_thread.hpp:92]  [T-Work-Detect_0] Push to split queue:recog
I1014 11:00:53.607422  4650 thread_intergrate.hpp:78] [T-Intergrate-intergrate] queue: frame output frame :46
I1014 11:00:53.607440  4648 work_thread.hpp:81]  [T-Work-Recog_0] Run work: WorkCapture
I1014 11:00:53.607923  4648 work_thread.hpp:81]  [T-Work-Recog_0] Run work: WorkRecog
I1014 11:00:53.607946  4648 work_recog.hpp:89] Face id: 1 will run recog: bbox [27 x 33 from (10, 77)] quality: 0.234411
I1014 11:00:53.607992  4648 work_recog.hpp:96] Recog pair: [48 x 56 from (0, 64)], [27 x 33 from (10, 13)]
I1014 11:00:53.608945  4646 demo_inner.hpp:435] thread [SORT-0]  frame id 46 sorting queue size 1   FPS: 29.7619
I1014 11:00:53.625670  4648 work_thread.hpp:81]  [T-Work-Recog_0] Run work: WorkCompare
I1014 11:00:53.625847  4648 work_compare.cpp:71] Compare face: 1 failed
I1014 11:00:53.631538  4644 demo_inner.hpp:177] decode queue size 0
I1014 11:00:53.631651  4647 work_thread.hpp:81]  [T-Work-Detect_0] Run work: WorkDetect
I1014 11:00:53.631686  4647 work_detect.cpp:102] Succeeded to add det start for frame 47
I1014 11:00:53.638458  4647 work_detect.cpp:70] Frame :47 detect result :2 face(s)
W1014 11:00:53.638586  4647 work_detect.cpp:83] Invalid bbox: [132 x 177 from (313, 200)]
I1014 11:00:53.638680  4647 work_detect.cpp:86] Detected bbox: [29 x 34 from (7, 77)]
I1014 11:00:53.638725  4647 work_detect.cpp:120] Succeeded to add det end for frame 47
I1014 11:00:53.638742  4647 work_thread.hpp:81]  [T-Work-Detect_0] Run work: WrokTrack
I1014 11:00:53.638767  4647 work_track.cpp:82] Frame: 47 build input_characts: [0.0453125 x 0.0944444 from (0.0109375, 0.213889)], 0.981359, 0
I1014 11:00:53.638823  4647 work_track.cpp:102] Succeeded to set track lock for frame 47
I1014 11:00:53.638860  4647 work_track.cpp:116] Succeeded to release track lock for frame 47
I1014 11:00:53.638875  4647 work_track.cpp:120] Track results of frame 47: 1 objects input, 1 objects tracked!
I1014 11:00:53.638892  4647 work_track.cpp:148] Frame: 47, track bbox: [29 x 34 from (6.66619, 76.4067)], gid: 1, lid: 0
I1014 11:00:53.638926  4647 work_thread.hpp:88]  [T-Work-Detect_0] Frame :47 split
I1014 11:00:53.638943  4647 work_thread.hpp:120]  [T-Work-Detect_0] Valid piece: gid = 1
I1014 11:00:53.638962  4647 work_thread.hpp:92]  [T-Work-Detect_0] Push to split queue:recog
I1014 11:00:53.639005  4648 work_thread.hpp:81]  [T-Work-Recog_0] Run work: WorkCapture
I1014 11:00:53.639006  4650 thread_intergrate.hpp:78] [T-Intergrate-intergrate] queue: frame output frame :47
I1014 11:00:53.639503  4648 work_thread.hpp:81]  [T-Work-Recog_0] Run work: WorkRecog
I1014 11:00:53.639534  4648 work_recog.hpp:89] Face id: 1 will run recog: bbox [29 x 34 from (7, 77)] quality: 0.199132
I1014 11:00:53.639562  4648 work_recog.hpp:96] Recog pair: [48 x 56 from (0, 64)], [29 x 34 from (7, 13)]
I1014 11:00:53.640527  4646 demo_inner.hpp:435] thread [SORT-0]  frame id 47 sorting queue size 2   FPS: 29.7927
I1014 11:00:53.656884  4648 work_thread.hpp:81]  [T-Work-Recog_0] Run work: WorkCompare
I1014 11:00:53.657011  4648 work_compare.cpp:71] Compare face: 1 failed
I1014 11:00:53.659052  4645 demo_inner.hpp:260]  gui queue size 2, state = running
I1014 11:00:53.667148  4644 demo_inner.hpp:177] decode queue size 0
I1014 11:00:53.667259  4647 work_thread.hpp:81]  [T-Work-Detect_0] Run work: WorkDetect
I1014 11:00:53.667294  4647 work_detect.cpp:102] Succeeded to add det start for frame 48
I1014 11:00:53.674022  4647 work_detect.cpp:70] Frame :48 detect result :2 face(s)
W1014 11:00:53.674069  4647 work_detect.cpp:83] Invalid bbox: [146 x 182 from (311, 195)]
I1014 11:00:53.674183  4647 work_detect.cpp:86] Detected bbox: [28 x 33 from (7, 77)]
I1014 11:00:53.674227  4647 work_detect.cpp:120] Succeeded to add det end for frame 48
I1014 11:00:53.674244  4647 work_thread.hpp:81]  [T-Work-Detect_0] Run work: WrokTrack
I1014 11:00:53.674270  4647 work_track.cpp:82] Frame: 48 build input_characts: [0.04375 x 0.0916667 from (0.0109375, 0.213889)], 0.966102, 0
I1014 11:00:53.674327  4647 work_track.cpp:102] Succeeded to set track lock for frame 48
I1014 11:00:53.674366  4647 work_track.cpp:116] Succeeded to release track lock for frame 48
I1014 11:00:53.674381  4647 work_track.cpp:120] Track results of frame 48: 1 objects input, 1 objects tracked!
I1014 11:00:53.674399  4647 work_track.cpp:148] Frame: 48, track bbox: [28 x 33 from (6.76184, 76.8555)], gid: 1, lid: 0
I1014 11:00:53.674432  4647 work_thread.hpp:88]  [T-Work-Detect_0] Frame :48 split
I1014 11:00:53.674450  4647 work_thread.hpp:120]  [T-Work-Detect_0] Valid piece: gid = 1
I1014 11:00:53.674468  4647 work_thread.hpp:92]  [T-Work-Detect_0] Push to split queue:recog
I1014 11:00:53.674515  4649 work_thread.hpp:81]  [T-Work-Recog_1] Run work: WorkCapture
I1014 11:00:53.674722  4650 thread_intergrate.hpp:78] [T-Intergrate-intergrate] queue: frame output frame :48
I1014 11:00:53.674973  4649 work_thread.hpp:81]  [T-Work-Recog_1] Run work: WorkRecog
I1014 11:00:53.674995  4649 work_recog.hpp:89] Face id: 1 will run recog: bbox [28 x 33 from (7, 77)] quality: 0.251941
I1014 11:00:53.675021  4649 work_recog.hpp:96] Recog pair: [40 x 56 from (0, 64)], [28 x 33 from (7, 13)]
I1014 11:00:53.676298  4646 demo_inner.hpp:435] thread [SORT-0]  frame id 48 sorting queue size 0   FPS: 29.7468
I1014 11:00:53.691952  4649 work_thread.hpp:81]  [T-Work-Recog_1] Run work: WorkCompare
I1014 11:00:53.692060  4649 work_compare.cpp:71] Compare face: 1 failed
I1014 11:00:53.696514  4644 demo_inner.hpp:177] decode queue size 0
I1014 11:00:53.696609  4647 work_thread.hpp:81]  [T-Work-Detect_0] Run work: WorkDetect
I1014 11:00:53.696642  4647 work_detect.cpp:102] Succeeded to add det start for frame 49
I1014 11:00:53.703421  4647 work_detect.cpp:70] Frame :49 detect result :2 face(s)
W1014 11:00:53.703469  4647 work_detect.cpp:83] Invalid bbox: [144 x 176 from (311, 196)]
I1014 11:00:53.703586  4647 work_detect.cpp:86] Detected bbox: [32 x 38 from (2, 74)]
I1014 11:00:53.703634  4647 work_detect.cpp:120] Succeeded to add det end for frame 49
I1014 11:00:53.703651  4647 work_thread.hpp:81]  [T-Work-Detect_0] Run work: WrokTrack
I1014 11:00:53.703678  4647 work_track.cpp:82] Frame: 49 build input_characts: [0.05 x 0.105556 from (0.003125, 0.205556)], 0.983201, 0
I1014 11:00:53.703735  4647 work_track.cpp:102] Succeeded to set track lock for frame 49
I1014 11:00:53.703775  4647 work_track.cpp:116] Succeeded to release track lock for frame 49
I1014 11:00:53.703790  4647 work_track.cpp:120] Track results of frame 49: 1 objects input, 1 objects tracked!
I1014 11:00:53.703807  4647 work_track.cpp:148] Frame: 49, track bbox: [32 x 38 from (2.97645, 74.166)], gid: 1, lid: 0
I1014 11:00:53.703841  4647 work_thread.hpp:88]  [T-Work-Detect_0] Frame :49 split
I1014 11:00:53.703858  4647 work_thread.hpp:120]  [T-Work-Detect_0] Valid piece: gid = 1
I1014 11:00:53.703876  4647 work_thread.hpp:92]  [T-Work-Detect_0] Push to split queue:recog
I1014 11:00:53.703922  4648 work_thread.hpp:81]  [T-Work-Recog_0] Run work: WorkCapture
I1014 11:00:53.703927  4650 thread_intergrate.hpp:78] [T-Intergrate-intergrate] queue: frame output frame :49
I1014 11:00:53.704516  4648 work_thread.hpp:81]  [T-Work-Recog_0] Run work: WorkRecog
I1014 11:00:53.704540  4648 work_recog.hpp:89] Face id: 1 will run recog: bbox [32 x 38 from (2, 74)] quality: 0.234494
I1014 11:00:53.704568  4648 work_recog.hpp:96] Recog pair: [48 x 56 from (0, 64)], [32 x 38 from (2, 10)]
I1014 11:00:53.705451  4646 demo_inner.hpp:435] thread [SORT-0]  frame id 49 sorting queue size 1   FPS: 29.8322
I1014 11:00:53.722020  4648 work_thread.hpp:81]  [T-Work-Recog_0] Run work: WorkCompare
I1014 11:00:53.722131  4648 work_compare.cpp:71] Compare face: 1 failed
I1014 11:00:53.732048  4645 demo_inner.hpp:260]  gui queue size 1, state = running
I1014 11:00:53.733067  4644 demo_inner.hpp:177] decode queue size 0
I1014 11:00:53.733167  4647 work_thread.hpp:81]  [T-Work-Detect_0] Run work: WorkDetect
I1014 11:00:53.733202  4647 work_detect.cpp:102] Succeeded to add det start for frame 50
I1014 11:00:53.739871  4647 work_detect.cpp:70] Frame :50 detect result :2 face(s)
I1014 11:00:53.739924  4647 work_detect.cpp:86] Detected bbox: [134 x 167 from (314, 193)]
I1014 11:00:53.739958  4647 work_detect.cpp:86] Detected bbox: [31 x 39 from (2, 72)]
I1014 11:00:53.739989  4647 work_detect.cpp:120] Succeeded to add det end for frame 50
I1014 11:00:53.740005  4647 work_thread.hpp:81]  [T-Work-Detect_0] Run work: WrokTrack
I1014 11:00:53.740031  4647 work_track.cpp:82] Frame: 50 build input_characts: [0.209375 x 0.463889 from (0.490625, 0.536111)], 1.00019, 0
I1014 11:00:53.740083  4647 work_track.cpp:82] Frame: 50 build input_characts: [0.0484375 x 0.108333 from (0.003125, 0.2)], 0.967082, 1
I1014 11:00:53.740123  4647 work_track.cpp:102] Succeeded to set track lock for frame 50
I1014 11:00:53.740200  4647 work_track.cpp:116] Succeeded to release track lock for frame 50
I1014 11:00:53.740216  4647 work_track.cpp:120] Track results of frame 50: 2 objects input, 1 objects tracked!
I1014 11:00:53.740233  4647 work_track.cpp:148] Frame: 50, track bbox: [31 x 39 from (1.88123, 72.8106)], gid: 1, lid: 1
I1014 11:00:53.740265  4647 work_track.cpp:162] Frame: 50 lid: 0 not tracked, will set invalid
I1014 11:00:53.740281  4647 work_thread.hpp:88]  [T-Work-Detect_0] Frame :50 split
I1014 11:00:53.740371  4647 work_thread.hpp:124]  [T-Work-Detect_0] Invalid piece: lid = 0, drop it
I1014 11:00:53.740389  4647 work_thread.hpp:120]  [T-Work-Detect_0] Valid piece: gid = 1
I1014 11:00:53.740407  4647 work_thread.hpp:92]  [T-Work-Detect_0] Push to split queue:recog
I1014 11:00:53.740464  4648 work_thread.hpp:81]  [T-Work-Recog_0] Run work: WorkCapture
I1014 11:00:53.740464  4650 thread_intergrate.hpp:78] [T-Intergrate-intergrate] queue: frame output frame :50
I1014 11:00:53.740969  4648 work_thread.hpp:81]  [T-Work-Recog_0] Run work: WorkRecog
I1014 11:00:53.740993  4648 work_recog.hpp:89] Face id: 1 will run recog: bbox [31 x 39 from (2, 72)] quality: 0.347418
I1014 11:00:53.741027  4648 work_recog.hpp:96] Recog pair: [48 x 56 from (0, 64)], [31 x 39 from (2, 8)]
I1014 11:00:53.741991  4646 demo_inner.hpp:435] thread [SORT-0]  frame id 50 sorting queue size 0   FPS: 29.7872
I1014 11:00:53.758133  4648 work_thread.hpp:81]  [T-Work-Recog_0] Run work: WorkCompare
I1014 11:00:53.758262  4648 work_compare.cpp:71] Compare face: 1 failed
I1014 11:00:53.762737  4644 demo_inner.hpp:177] decode queue size 0
I1014 11:00:53.762814  4647 work_thread.hpp:81]  [T-Work-Detect_0] Run work: WorkDetect
I1014 11:00:53.762847  4647 work_detect.cpp:102] Succeeded to add det start for frame 51
