I1012 13:48:07.564254  6909 work_detect.cpp:120] Succeeded to add det end for frame 77
I1012 13:48:07.564271  6909 work_thread.hpp:81]  [T-Work-Detect_0] Run work: WrokTrack
I1012 13:48:07.564321  6909 work_track.cpp:82] Frame: 77 build input_characts: [0.19375 x 0.477778 from (0.4875, 0.4)], 1.00019, 0
I1012 13:48:07.564378  6909 work_track.cpp:102] Succeeded to set track lock for frame 77
I1012 13:48:07.564419  6909 work_track.cpp:116] Succeeded to release track lock for frame 77
I1012 13:48:07.564432  6909 work_track.cpp:120] Track results of frame 77: 1 objects input, 1 objects tracked!
I1012 13:48:07.564450  6909 work_track.cpp:148] Frame: 77, track bbox: [124 x 172 from (311.414, 143.147)], gid: 0, lid: 0
I1012 13:48:07.564486  6909 work_thread.hpp:88]  [T-Work-Detect_0] Frame :77 split
I1012 13:48:07.564505  6909 work_thread.hpp:120]  [T-Work-Detect_0] Valid piece: gid = 0
I1012 13:48:07.564523  6909 work_thread.hpp:92]  [T-Work-Detect_0] Push to split queue:recog
I1012 13:48:07.564563  6911 work_thread.hpp:81]  [T-Work-Recog_1] Run work: WorkCapture
I1012 13:48:07.564571  6912 thread_intergrate.hpp:78] [T-Intergrate-intergrate] queue: frame output frame :77
I1012 13:48:07.564599  6912 thread_intergrate.hpp:85] [T-Intergrate-intergrate] queue: compare output face:0
I1012 13:48:07.564707  6912 thread_intergrate.hpp:134] T-Intergrate-intergrate set matched face: 0
I1012 13:48:07.565099  6911 work_thread.hpp:81]  [T-Work-Recog_1] Run work: WorkRecog
I1012 13:48:07.565121  6911 work_recog.hpp:89] Face id: 0 will run recog: bbox [124 x 172 from (312, 144)] quality: 0.939882
I1012 13:48:07.565150  6911 work_recog.hpp:96] Recog pair: [176 x 248 from (288, 104)], [124 x 172 from (24, 40)]
I1012 13:48:07.565863  6912 thread_intergrate.hpp:154] T-Intergrate-intergrate Show face :0, size :640 * 360
I1012 13:48:07.566340  6908 demo_inner.hpp:435] thread [SORT-0]  frame id 77 sorting queue size 0   FPS: 7.14064
I1012 13:48:07.566406  6907 demo_inner.hpp:260]  gui queue size 0, state = running
I1012 13:48:07.582598  6911 work_thread.hpp:81]  [T-Work-Recog_1] Run work: WorkCompare
I1012 13:48:07.582706  6911 work_compare.cpp:76] Compare face: 0 successed, similarity :0.923243, name : images/thanglmb.jpg, normal size : 640 * 360!
I1012 13:48:07.695655  6906 demo_inner.hpp:177] decode queue size 0
I1012 13:48:07.695749  6909 work_thread.hpp:81]  [T-Work-Detect_0] Run work: WorkDetect
I1012 13:48:07.695786  6909 work_detect.cpp:102] Succeeded to add det start for frame 78
I1012 13:48:07.702414  6909 work_detect.cpp:70] Frame :78 detect result :1 face(s)
I1012 13:48:07.702450  6909 work_detect.cpp:86] Detected bbox: [135 x 180 from (303, 134)]
I1012 13:48:07.702491  6909 work_detect.cpp:120] Succeeded to add det end for frame 78
I1012 13:48:07.702507  6909 work_thread.hpp:81]  [T-Work-Detect_0] Run work: WrokTrack
I1012 13:48:07.702530  6909 work_track.cpp:82] Frame: 78 build input_characts: [0.210938 x 0.5 from (0.473437, 0.372222)], 1.00019, 0
I1012 13:48:07.702584  6909 work_track.cpp:102] Succeeded to set track lock for frame 78
I1012 13:48:07.702623  6909 work_track.cpp:116] Succeeded to release track lock for frame 78
I1012 13:48:07.702638  6909 work_track.cpp:120] Track results of frame 78: 1 objects input, 1 objects tracked!
I1012 13:48:07.702656  6909 work_track.cpp:148] Frame: 78, track bbox: [135 x 180 from (304.616, 136.205)], gid: 0, lid: 0
I1012 13:48:07.702692  6909 work_thread.hpp:88]  [T-Work-Detect_0] Frame :78 split
I1012 13:48:07.702709  6909 work_thread.hpp:120]  [T-Work-Detect_0] Valid piece: gid = 0
I1012 13:48:07.702728  6909 work_thread.hpp:92]  [T-Work-Detect_0] Push to split queue:recog
I1012 13:48:07.702765  6911 work_thread.hpp:81]  [T-Work-Recog_1] Run work: WorkCapture
I1012 13:48:07.702775  6912 thread_intergrate.hpp:78] [T-Intergrate-intergrate] queue: frame output frame :78
I1012 13:48:07.702803  6912 thread_intergrate.hpp:85] [T-Intergrate-intergrate] queue: compare output face:0
I1012 13:48:07.702823  6912 thread_intergrate.hpp:134] T-Intergrate-intergrate set matched face: 0
I1012 13:48:07.703299  6911 work_thread.hpp:81]  [T-Work-Recog_1] Run work: WorkRecog
I1012 13:48:07.703322  6911 work_recog.hpp:89] Face id: 0 will run recog: bbox [135 x 180 from (303, 134)] quality: 0.984085
I1012 13:48:07.703348  6911 work_recog.hpp:96] Recog pair: [200 x 256 from (272, 96)], [135 x 180 from (31, 38)]
I1012 13:48:07.704044  6912 thread_intergrate.hpp:154] T-Intergrate-intergrate Show face :0, size :640 * 360
I1012 13:48:07.704546  6908 demo_inner.hpp:435] thread [SORT-0]  frame id 78 sorting queue size 0   FPS: 7.15397
I1012 13:48:07.704612  6907 demo_inner.hpp:260]  gui queue size 0, state = running
I1012 13:48:07.720880  6911 work_thread.hpp:81]  [T-Work-Recog_1] Run work: WorkCompare
I1012 13:48:07.720990  6911 work_compare.cpp:76] Compare face: 0 successed, similarity :0.972063, name : images/thanglmb.jpg, normal size : 640 * 360!
I1012 13:48:07.839581  6906 demo_inner.hpp:177] decode queue size 0
I1012 13:48:07.839677  6909 work_thread.hpp:81]  [T-Work-Detect_0] Run work: WorkDetect
I1012 13:48:07.839715  6909 work_detect.cpp:102] Succeeded to add det start for frame 79
I1012 13:48:07.846323  6909 work_detect.cpp:70] Frame :79 detect result :1 face(s)
I1012 13:48:07.846359  6909 work_detect.cpp:86] Detected bbox: [124 x 170 from (312, 146)]
I1012 13:48:07.846477  6909 work_detect.cpp:120] Succeeded to add det end for frame 79
I1012 13:48:07.846494  6909 work_thread.hpp:81]  [T-Work-Detect_0] Run work: WrokTrack
I1012 13:48:07.846518  6909 work_track.cpp:82] Frame: 79 build input_characts: [0.19375 x 0.472222 from (0.4875, 0.405556)], 1.00019, 0
I1012 13:48:07.846575  6909 work_track.cpp:102] Succeeded to set track lock for frame 79
I1012 13:48:07.846614  6909 work_track.cpp:116] Succeeded to release track lock for frame 79
I1012 13:48:07.846628  6909 work_track.cpp:120] Track results of frame 79: 1 objects input, 1 objects tracked!
I1012 13:48:07.846645  6909 work_track.cpp:148] Frame: 79, track bbox: [124 x 170 from (311.59, 144.656)], gid: 0, lid: 0
I1012 13:48:07.846681  6909 work_thread.hpp:88]  [T-Work-Detect_0] Frame :79 split
I1012 13:48:07.846698  6909 work_thread.hpp:120]  [T-Work-Detect_0] Valid piece: gid = 0
I1012 13:48:07.846716  6909 work_thread.hpp:92]  [T-Work-Detect_0] Push to split queue:recog
I1012 13:48:07.846757  6910 work_thread.hpp:81]  [T-Work-Recog_0] Run work: WorkCapture
I1012 13:48:07.846761  6912 thread_intergrate.hpp:78] [T-Intergrate-intergrate] queue: frame output frame :79
I1012 13:48:07.846791  6912 thread_intergrate.hpp:85] [T-Intergrate-intergrate] queue: compare output face:0
I1012 13:48:07.846810  6912 thread_intergrate.hpp:134] T-Intergrate-intergrate set matched face: 0
I1012 13:48:07.847287  6910 work_thread.hpp:81]  [T-Work-Recog_0] Run work: WorkRecog
I1012 13:48:07.847311  6910 work_recog.hpp:89] Face id: 0 will run recog: bbox [124 x 170 from (312, 146)] quality: 0.939873
I1012 13:48:07.847337  6910 work_recog.hpp:96] Recog pair: [176 x 240 from (288, 112)], [124 x 170 from (24, 34)]
I1012 13:48:07.848023  6912 thread_intergrate.hpp:154] T-Intergrate-intergrate Show face :0, size :640 * 360
I1012 13:48:07.848461  6908 demo_inner.hpp:435] thread [SORT-0]  frame id 79 sorting queue size 0   FPS: 7.14064
I1012 13:48:07.848529  6907 demo_inner.hpp:260]  gui queue size 0, state = running
I1012 13:48:07.864799  6910 work_thread.hpp:81]  [T-Work-Recog_0] Run work: WorkCompare
I1012 13:48:07.864907  6910 work_compare.cpp:76] Compare face: 0 successed, similarity :0.961257, name : images/thanglmb.jpg, normal size : 640 * 360!
I1012 13:48:07.977558  6906 demo_inner.hpp:177] decode queue size 0
I1012 13:48:07.977656  6909 work_thread.hpp:81]  [T-Work-Detect_0] Run work: WorkDetect
I1012 13:48:07.977694  6909 work_detect.cpp:102] Succeeded to add det start for frame 80
I1012 13:48:07.984299  6909 work_detect.cpp:70] Frame :80 detect result :2 face(s)
I1012 13:48:07.984336  6909 work_detect.cpp:86] Detected bbox: [124 x 171 from (313, 147)]
I1012 13:48:07.984367  6909 work_detect.cpp:86] Detected bbox: [31 x 51 from (560, 166)]
I1012 13:48:07.984396  6909 work_detect.cpp:120] Succeeded to add det end for frame 80
I1012 13:48:07.984412  6909 work_thread.hpp:81]  [T-Work-Detect_0] Run work: WrokTrack
I1012 13:48:07.984436  6909 work_track.cpp:82] Frame: 80 build input_characts: [0.19375 x 0.475 from (0.489062, 0.408333)], 1.00019, 0
I1012 13:48:07.984488  6909 work_track.cpp:82] Frame: 80 build input_characts: [0.0484375 x 0.141667 from (0.875, 0.461111)], 0.923714, 1
I1012 13:48:07.984524  6909 work_track.cpp:102] Succeeded to set track lock for frame 80
I1012 13:48:07.984570  6909 work_track.cpp:116] Succeeded to release track lock for frame 80
I1012 13:48:07.984585  6909 work_track.cpp:120] Track results of frame 80: 2 objects input, 1 objects tracked!
I1012 13:48:07.984601  6909 work_track.cpp:148] Frame: 80, track bbox: [124 x 171 from (312.407, 145.899)], gid: 0, lid: 0
I1012 13:48:07.984635  6909 work_track.cpp:162] Frame: 80 lid: 1 not tracked, will set invalid
I1012 13:48:07.984652  6909 work_thread.hpp:88]  [T-Work-Detect_0] Frame :80 split
I1012 13:48:07.984668  6909 work_thread.hpp:120]  [T-Work-Detect_0] Valid piece: gid = 0
I1012 13:48:07.984686  6909 work_thread.hpp:124]  [T-Work-Detect_0] Invalid piece: lid = 1, drop it
I1012 13:48:07.984701  6909 work_thread.hpp:92]  [T-Work-Detect_0] Push to split queue:recog
I1012 13:48:07.984819  6910 work_thread.hpp:81]  [T-Work-Recog_0] Run work: WorkCapture
I1012 13:48:07.984827  6912 thread_intergrate.hpp:78] [T-Intergrate-intergrate] queue: frame output frame :80
I1012 13:48:07.984854  6912 thread_intergrate.hpp:85] [T-Intergrate-intergrate] queue: compare output face:0
I1012 13:48:07.984874  6912 thread_intergrate.hpp:134] T-Intergrate-intergrate set matched face: 0
I1012 13:48:07.985354  6910 work_thread.hpp:81]  [T-Work-Recog_0] Run work: WorkRecog
I1012 13:48:07.985378  6910 work_recog.hpp:89] Face id: 0 will run recog: bbox [124 x 171 from (313, 147)] quality: 0.939817
I1012 13:48:07.985404  6910 work_recog.hpp:96] Recog pair: [176 x 240 from (288, 112)], [124 x 171 from (25, 35)]
I1012 13:48:07.986083  6912 thread_intergrate.hpp:154] T-Intergrate-intergrate Show face :0, size :640 * 360
I1012 13:48:07.986500  6908 demo_inner.hpp:435] thread [SORT-0]  frame id 80 sorting queue size 0   FPS: 7.14064
I1012 13:48:07.986569  6907 demo_inner.hpp:260]  gui queue size 0, state = running
I1012 13:48:08.002867  6910 work_thread.hpp:81]  [T-Work-Recog_0] Run work: WorkCompare
I1012 13:48:08.002980  6910 work_compare.cpp:76] Compare face: 0 successed, similarity :0.955347, name : images/thanglmb.jpg, normal size : 640 * 360!
I1012 13:48:08.115628  6906 demo_inner.hpp:177] decode queue size 0
I1012 13:48:08.115723  6909 work_thread.hpp:81]  [T-Work-Detect_0] Run work: WorkDetect
I1012 13:48:08.115761  6909 work_detect.cpp:102] Succeeded to add det start for frame 81
I1012 13:48:08.122359  6909 work_detect.cpp:70] Frame :81 detect result :1 face(s)
I1012 13:48:08.122395  6909 work_detect.cpp:86] Detected bbox: [126 x 174 from (311, 144)]
I1012 13:48:08.122436  6909 work_detect.cpp:120] Succeeded to add det end for frame 81
I1012 13:48:08.122452  6909 work_thread.hpp:81]  [T-Work-Detect_0] Run work: WrokTrack
I1012 13:48:08.122476  6909 work_track.cpp:82] Frame: 81 build input_characts: [0.196875 x 0.483333 from (0.485938, 0.4)], 1.00019, 0
I1012 13:48:08.122531  6909 work_track.cpp:102] Succeeded to set track lock for frame 81
I1012 13:48:08.122572  6909 work_track.cpp:116] Succeeded to release track lock for frame 81
I1012 13:48:08.122587  6909 work_track.cpp:120] Track results of frame 81: 1 objects input, 1 objects tracked!
I1012 13:48:08.122606  6909 work_track.cpp:148] Frame: 81, track bbox: [126 x 174 from (311.249, 144.15)], gid: 0, lid: 0
I1012 13:48:08.122640  6909 work_thread.hpp:88]  [T-Work-Detect_0] Frame :81 split
I1012 13:48:08.122659  6909 work_thread.hpp:120]  [T-Work-Detect_0] Valid piece: gid = 0
I1012 13:48:08.122678  6909 work_thread.hpp:92]  [T-Work-Detect_0] Push to split queue:recog
I1012 13:48:08.122720  6910 work_thread.hpp:81]  [T-Work-Recog_0] Run work: WorkCapture
I1012 13:48:08.122721  6912 thread_intergrate.hpp:78] [T-Intergrate-intergrate] queue: frame output frame :81
I1012 13:48:08.122762  6912 thread_intergrate.hpp:85] [T-Intergrate-intergrate] queue: compare output face:0
I1012 13:48:08.122781  6912 thread_intergrate.hpp:134] T-Intergrate-intergrate set matched face: 0
I1012 13:48:08.123263  6910 work_thread.hpp:81]  [T-Work-Recog_0] Run work: WorkRecog
I1012 13:48:08.123286  6910 work_recog.hpp:89] Face id: 0 will run recog: bbox [126 x 174 from (311, 144)] quality: 0.952549
I1012 13:48:08.123314  6910 work_recog.hpp:96] Recog pair: [184 x 248 from (280, 104)], [126 x 174 from (31, 40)]
I1012 13:48:08.123994  6912 thread_intergrate.hpp:154] T-Intergrate-intergrate Show face :0, size :640 * 360
I1012 13:48:08.124485  6908 demo_inner.hpp:435] thread [SORT-0]  frame id 81 sorting queue size 0   FPS: 7.15397
I1012 13:48:08.124553  6907 demo_inner.hpp:260]  gui queue size 0, state = running
I1012 13:48:08.140794  6910 work_thread.hpp:81]  [T-Work-Recog_0] Run work: WorkCompare
I1012 13:48:08.140905  6910 work_compare.cpp:76] Compare face: 0 successed, similarity :0.960611, name : images/thanglmb.jpg, normal size : 640 * 360!
I1012 13:48:08.259517  6906 demo_inner.hpp:177] decode queue size 0
I1012 13:48:08.259614  6909 work_thread.hpp:81]  [T-Work-Detect_0] Run work: WorkDetect
I1012 13:48:08.259728  6909 work_detect.cpp:102] Succeeded to add det start for frame 82
I1012 13:48:08.266310  6909 work_detect.cpp:70] Frame :82 detect result :1 face(s)
I1012 13:48:08.266341  6909 work_detect.cpp:86] Detected bbox: [126 x 168 from (309, 148)]
I1012 13:48:08.266381  6909 work_detect.cpp:120] Succeeded to add det end for frame 82
I1012 13:48:08.266396  6909 work_thread.hpp:81]  [T-Work-Detect_0] Run work: WrokTrack
I1012 13:48:08.266422  6909 work_track.cpp:82] Frame: 82 build input_characts: [0.196875 x 0.466667 from (0.482812, 0.411111)], 0.999622, 0
I1012 13:48:08.266475  6909 work_track.cpp:102] Succeeded to set track lock for frame 82
I1012 13:48:08.266520  6909 work_track.cpp:116] Succeeded to release track lock for frame 82
I1012 13:48:08.266535  6909 work_track.cpp:120] Track results of frame 82: 1 objects input, 1 objects tracked!
I1012 13:48:08.266552  6909 work_track.cpp:148] Frame: 82, track bbox: [126 x 168 from (310.331, 148.413)], gid: 0, lid: 0
I1012 13:48:08.266588  6909 work_thread.hpp:88]  [T-Work-Detect_0] Frame :82 split
I1012 13:48:08.266607  6909 work_thread.hpp:120]  [T-Work-Detect_0] Valid piece: gid = 0
I1012 13:48:08.266624  6909 work_thread.hpp:92]  [T-Work-Detect_0] Push to split queue:recog
I1012 13:48:08.266662  6910 work_thread.hpp:81]  [T-Work-Recog_0] Run work: WorkCapture
I1012 13:48:08.266669  6912 thread_intergrate.hpp:78] [T-Intergrate-intergrate] queue: frame output frame :82
I1012 13:48:08.266696  6912 thread_intergrate.hpp:85] [T-Intergrate-intergrate] queue: compare output face:0
I1012 13:48:08.266716  6912 thread_intergrate.hpp:134] T-Intergrate-intergrate set matched face: 0
I1012 13:48:08.267199  6910 work_thread.hpp:81]  [T-Work-Recog_0] Run work: WorkRecog
I1012 13:48:08.267222  6910 work_recog.hpp:89] Face id: 0 will run recog: bbox [126 x 168 from (309, 148)] quality: 0.904561
I1012 13:48:08.267249  6910 work_recog.hpp:96] Recog pair: [184 x 240 from (280, 112)], [126 x 168 from (29, 36)]
I1012 13:48:08.267868  6912 thread_intergrate.hpp:154] T-Intergrate-intergrate Show face :0, size :640 * 360
I1012 13:48:08.268369  6908 demo_inner.hpp:435] thread [SORT-0]  frame id 82 sorting queue size 0   FPS: 7.14064
I1012 13:48:08.268437  6907 demo_inner.hpp:260]  gui queue size 0, state = running
I1012 13:48:08.284696  6910 work_thread.hpp:81]  [T-Work-Recog_0] Run work: WorkCompare
I1012 13:48:08.284807  6910 work_compare.cpp:76] Compare face: 0 successed, similarity :0.955332, name : images/thanglmb.jpg, normal size : 640 * 360!
I1012 13:48:08.397567  6906 demo_inner.hpp:177] decode queue size 0
I1012 13:48:08.397662  6909 work_thread.hpp:81]  [T-Work-Detect_0] Run work: WorkDetect
I1012 13:48:08.397701  6909 work_detect.cpp:102] Succeeded to add det start for frame 83
I1012 13:48:08.404295  6909 work_detect.cpp:70] Frame :83 detect result :1 face(s)
I1012 13:48:08.404331  6909 work_detect.cpp:86] Detected bbox: [125 x 171 from (310, 148)]
I1012 13:48:08.404373  6909 work_detect.cpp:120] Succeeded to add det end for frame 83
I1012 13:48:08.404390  6909 work_thread.hpp:81]  [T-Work-Detect_0] Run work: WrokTrack
I1012 13:48:08.404414  6909 work_track.cpp:82] Frame: 83 build input_characts: [0.195312 x 0.475 from (0.484375, 0.411111)], 1.00019, 0
I1012 13:48:08.404469  6909 work_track.cpp:102] Succeeded to set track lock for frame 83
I1012 13:48:08.404507  6909 work_track.cpp:116] Succeeded to release track lock for frame 83
I1012 13:48:08.404522  6909 work_track.cpp:120] Track results of frame 83: 1 objects input, 1 objects tracked!
I1012 13:48:08.404541  6909 work_track.cpp:148] Frame: 83, track bbox: [125 x 171 from (310.712, 148.655)], gid: 0, lid: 0
I1012 13:48:08.404577  6909 work_thread.hpp:88]  [T-Work-Detect_0] Frame :83 split
I1012 13:48:08.404594  6909 work_thread.hpp:120]  [T-Work-Detect_0] Valid piece: gid = 0
I1012 13:48:08.404613  6909 work_thread.hpp:92]  [T-Work-Detect_0] Push to split queue:recog
I1012 13:48:08.404651  6910 work_thread.hpp:81]  [T-Work-Recog_0] Run work: WorkCapture
I1012 13:48:08.404659  6912 thread_intergrate.hpp:78] [T-Intergrate-intergrate] queue: frame output frame :83
I1012 13:48:08.404767  6912 thread_intergrate.hpp:85] [T-Intergrate-intergrate] queue: compare output face:0
I1012 13:48:08.404788  6912 thread_intergrate.hpp:134] T-Intergrate-intergrate set matched face: 0
I1012 13:48:08.405185  6910 work_thread.hpp:81]  [T-Work-Recog_0] Run work: WorkRecog
I1012 13:48:08.405208  6910 work_recog.hpp:89] Face id: 0 will run recog: bbox [125 x 171 from (310, 148)] quality: 0.914653
I1012 13:48:08.405234  6910 work_recog.hpp:96] Recog pair: [184 x 248 from (280, 112)], [125 x 171 from (30, 36)]
I1012 13:48:08.406008  6912 thread_intergrate.hpp:154] T-Intergrate-intergrate Show face :0, size :640 * 360
I1012 13:48:08.406427  6908 demo_inner.hpp:435] thread [SORT-0]  frame id 83 sorting queue size 0   FPS: 7.14064
I1012 13:48:08.406492  6907 demo_inner.hpp:260]  gui queue size 0, state = running
I1012 13:48:08.422647  6910 work_thread.hpp:81]  [T-Work-Recog_0] Run work: WorkCompare
I1012 13:48:08.422756  6910 work_compare.cpp:76] Compare face: 0 successed, similarity :0.950092, name : images/thanglmb.jpg, normal size : 640 * 360!
I1012 13:48:08.535555  6906 demo_inner.hpp:177] decode queue size 0
I1012 13:48:08.535655  6909 work_thread.hpp:81]  [T-Work-Detect_0] Run work: WorkDetect
I1012 13:48:08.535692  6909 work_detect.cpp:102] Succeeded to add det start for frame 84
I1012 13:48:08.542299  6909 work_detect.cpp:70] Frame :84 detect result :1 face(s)
I1012 13:48:08.542336  6909 work_detect.cpp:86] Detected bbox: [128 x 171 from (304, 138)]
I1012 13:48:08.542377  6909 work_detect.cpp:120] Succeeded to add det end for frame 84
I1012 13:48:08.542393  6909 work_thread.hpp:81]  [T-Work-Detect_0] Run work: WrokTrack
I1012 13:48:08.542418  6909 work_track.cpp:82] Frame: 84 build input_characts: [0.2 x 0.475 from (0.475, 0.383333)], 1.00019, 0
I1012 13:48:08.542472  6909 work_track.cpp:102] Succeeded to set track lock for frame 84
I1012 13:48:08.542511  6909 work_track.cpp:116] Succeeded to release track lock for frame 84
I1012 13:48:08.542526  6909 work_track.cpp:120] Track results of frame 84: 1 objects input, 1 objects tracked!
I1012 13:48:08.542543  6909 work_track.cpp:148] Frame: 84, track bbox: [128 x 171 from (305.769, 142.705)], gid: 0, lid: 0
I1012 13:48:08.542580  6909 work_thread.hpp:88]  [T-Work-Detect_0] Frame :84 split
I1012 13:48:08.542598  6909 work_thread.hpp:120]  [T-Work-Detect_0] Valid piece: gid = 0
I1012 13:48:08.542615  6909 work_thread.hpp:92]  [T-Work-Detect_0] Push to split queue:recog
I1012 13:48:08.542652  6910 work_thread.hpp:81]  [T-Work-Recog_0] Run work: WorkCapture
I1012 13:48:08.542659  6912 thread_intergrate.hpp:78] [T-Intergrate-intergrate] queue: frame output frame :84
I1012 13:48:08.542688  6912 thread_intergrate.hpp:85] [T-Intergrate-intergrate] queue: compare output face:0
I1012 13:48:08.542707  6912 thread_intergrate.hpp:134] T-Intergrate-intergrate set matched face: 0
I1012 13:48:08.543184  6910 work_thread.hpp:81]  [T-Work-Recog_0] Run work: WorkRecog
I1012 13:48:08.543206  6910 work_recog.hpp:89] Face id: 0 will run recog: bbox [128 x 171 from (304, 138)] quality: 0.946565
I1012 13:48:08.543234  6910 work_recog.hpp:96] Recog pair: [192 x 240 from (272, 104)], [128 x 171 from (32, 34)]
I1012 13:48:08.543869  6912 thread_intergrate.hpp:154] T-Intergrate-intergrate Show face :0, size :640 * 360
I1012 13:48:08.544416  6908 demo_inner.hpp:435] thread [SORT-0]  frame id 84 sorting queue size 0   FPS: 7.15397
I1012 13:48:08.544490  6907 demo_inner.hpp:260]  gui queue size 0, state = running
I1012 13:48:08.560724  6910 work_thread.hpp:81]  [T-Work-Recog_0] Run work: WorkCompare
I1012 13:48:08.560838  6910 work_compare.cpp:76] Compare face: 0 successed, similarity :0.927602, name : images/thanglmb.jpg, normal size : 640 * 360!
I1012 13:48:08.679484  6906 demo_inner.hpp:177] decode queue size 0
I1012 13:48:08.679579  6909 work_thread.hpp:81]  [T-Work-Detect_0] Run work: WorkDetect
I1012 13:48:08.679616  6909 work_detect.cpp:102] Succeeded to add det start for frame 85
I1012 13:48:08.686095  6909 work_detect.cpp:70] Frame :85 detect result :1 face(s)
I1012 13:48:08.686208  6909 work_detect.cpp:86] Detected bbox: [128 x 172 from (307, 146)]
I1012 13:48:08.686250  6909 work_detect.cpp:120] Succeeded to add det end for frame 85
I1012 13:48:08.686267  6909 work_thread.hpp:81]  [T-Work-Detect_0] Run work: WrokTrack
I1012 13:48:08.686291  6909 work_track.cpp:82] Frame: 85 build input_characts: [0.2 x 0.477778 from (0.479688, 0.405556)], 1.00019, 0
I1012 13:48:08.686345  6909 work_track.cpp:102] Succeeded to set track lock for frame 85
I1012 13:48:08.686386  6909 work_track.cpp:116] Succeeded to release track lock for frame 85
I1012 13:48:08.686400  6909 work_track.cpp:120] Track results of frame 85: 1 objects input, 1 objects tracked!
I1012 13:48:08.686419  6909 work_track.cpp:148] Frame: 85, track bbox: [128 x 172 from (305.418, 143.086)], gid: 0, lid: 0
I1012 13:48:08.686455  6909 work_thread.hpp:88]  [T-Work-Detect_0] Frame :85 split
I1012 13:48:08.686472  6909 work_thread.hpp:120]  [T-Work-Detect_0] Valid piece: gid = 0
I1012 13:48:08.686491  6909 work_thread.hpp:92]  [T-Work-Detect_0] Push to split queue:recog
I1012 13:48:08.686530  6911 work_thread.hpp:81]  [T-Work-Recog_1] Run work: WorkCapture
I1012 13:48:08.686534  6912 thread_intergrate.hpp:78] [T-Intergrate-intergrate] queue: frame output frame :85
I1012 13:48:08.686575  6912 thread_intergrate.hpp:85] [T-Intergrate-intergrate] queue: compare output face:0
I1012 13:48:08.686594  6912 thread_intergrate.hpp:134] T-Intergrate-intergrate set matched face: 0
I1012 13:48:08.687075  6911 work_thread.hpp:81]  [T-Work-Recog_1] Run work: WorkRecog
I1012 13:48:08.687098  6911 work_recog.hpp:89] Face id: 0 will run recog: bbox [128 x 172 from (307, 146)] quality: 0.924078
I1012 13:48:08.687125  6911 work_recog.hpp:96] Recog pair: [184 x 240 from (280, 112)], [128 x 172 from (27, 34)]
I1012 13:48:08.687762  6912 thread_intergrate.hpp:154] T-Intergrate-intergrate Show face :0, size :640 * 360
I1012 13:48:08.688238  6908 demo_inner.hpp:435] thread [SORT-0]  frame id 85 sorting queue size 0   FPS: 7.14064
I1012 13:48:08.688326  6907 demo_inner.hpp:260]  gui queue size 0, state = running
I1012 13:48:08.704550  6911 work_thread.hpp:81]  [T-Work-Recog_1] Run work: WorkCompare
I1012 13:48:08.704658  6911 work_compare.cpp:76] Compare face: 0 successed, similarity :0.957587, name : images/thanglmb.jpg, normal size : 640 * 360!
I1012 13:48:08.817543  6906 demo_inner.hpp:177] decode queue size 0
I1012 13:48:08.817634  6909 work_thread.hpp:81]  [T-Work-Detect_0] Run work: WorkDetect
I1012 13:48:08.817672  6909 work_detect.cpp:102] Succeeded to add det start for frame 86
I1012 13:48:08.824363  6909 work_detect.cpp:70] Frame :86 detect result :1 face(s)
I1012 13:48:08.824398  6909 work_detect.cpp:86] Detected bbox: [130 x 174 from (306, 145)]
I1012 13:48:08.824438  6909 work_detect.cpp:120] Succeeded to add det end for frame 86
I1012 13:48:08.824455  6909 work_thread.hpp:81]  [T-Work-Detect_0] Run work: WrokTrack
I1012 13:48:08.824478  6909 work_track.cpp:82] Frame: 86 build input_characts: [0.203125 x 0.483333 from (0.478125, 0.402778)], 1.00019, 0
I1012 13:48:08.824534  6909 work_track.cpp:102] Succeeded to set track lock for frame 86
I1012 13:48:08.824573  6909 work_track.cpp:116] Succeeded to release track lock for frame 86
I1012 13:48:08.824589  6909 work_track.cpp:120] Track results of frame 86: 1 objects input, 1 objects tracked!
I1012 13:48:08.824605  6909 work_track.cpp:148] Frame: 86, track bbox: [130 x 174 from (304.805, 143.324)], gid: 0, lid: 0
I1012 13:48:08.824641  6909 work_thread.hpp:88]  [T-Work-Detect_0] Frame :86 split
I1012 13:48:08.824659  6909 work_thread.hpp:120]  [T-Work-Detect_0] Valid piece: gid = 0
I1012 13:48:08.824677  6909 work_thread.hpp:92]  [T-Work-Detect_0] Push to split queue:recog
I1012 13:48:08.824717  6911 work_thread.hpp:81]  [T-Work-Recog_1] Run work: WorkCapture
I1012 13:48:08.824723  6912 thread_intergrate.hpp:78] [T-Intergrate-intergrate] queue: frame output frame :86
I1012 13:48:08.824751  6912 thread_intergrate.hpp:85] [T-Intergrate-intergrate] queue: compare output face:0
I1012 13:48:08.824847  6912 thread_intergrate.hpp:134] T-Intergrate-intergrate set matched face: 0
I1012 13:48:08.825255  6911 work_thread.hpp:81]  [T-Work-Recog_1] Run work: WorkRecog
I1012 13:48:08.825278  6911 work_recog.hpp:89] Face id: 0 will run recog: bbox [130 x 174 from (306, 145)] quality: 0.952538
I1012 13:48:08.825306  6911 work_recog.hpp:96] Recog pair: [184 x 256 from (280, 104)], [130 x 174 from (26, 41)]
I1012 13:48:08.826066  6912 thread_intergrate.hpp:154] T-Intergrate-intergrate Show face :0, size :640 * 360
I1012 13:48:08.826488  6908 demo_inner.hpp:435] thread [SORT-0]  frame id 86 sorting queue size 0   FPS: 7.14064
I1012 13:48:08.826629  6907 demo_inner.hpp:260]  gui queue size 0, state = running
I1012 13:48:08.842762  6911 work_thread.hpp:81]  [T-Work-Recog_1] Run work: WorkCompare
I1012 13:48:08.842875  6911 work_compare.cpp:76] Compare face: 0 successed, similarity :0.941418, name : images/thanglmb.jpg, normal size : 640 * 360!
I1012 13:48:08.955570  6906 demo_inner.hpp:177] decode queue size 0
I1012 13:48:08.955663  6909 work_thread.hpp:81]  [T-Work-Detect_0] Run work: WorkDetect
I1012 13:48:08.955701  6909 work_detect.cpp:102] Succeeded to add det start for frame 87
I1012 13:48:08.962311  6909 work_detect.cpp:70] Frame :87 detect result :1 face(s)
I1012 13:48:08.962347  6909 work_detect.cpp:86] Detected bbox: [131 x 176 from (304, 136)]
I1012 13:48:08.962388  6909 work_detect.cpp:120] Succeeded to add det end for frame 87
I1012 13:48:08.962404  6909 work_thread.hpp:81]  [T-Work-Detect_0] Run work: WrokTrack
I1012 13:48:08.962429  6909 work_track.cpp:82] Frame: 87 build input_characts: [0.204688 x 0.488889 from (0.475, 0.377778)], 0.999622, 0
I1012 13:48:08.962482  6909 work_track.cpp:102] Succeeded to set track lock for frame 87
I1012 13:48:08.962522  6909 work_track.cpp:116] Succeeded to release track lock for frame 87
I1012 13:48:08.962536  6909 work_track.cpp:120] Track results of frame 87: 1 objects input, 1 objects tracked!
I1012 13:48:08.962553  6909 work_track.cpp:148] Frame: 87, track bbox: [131 x 176 from (304.182, 138.94)], gid: 0, lid: 0
I1012 13:48:08.962590  6909 work_thread.hpp:88]  [T-Work-Detect_0] Frame :87 split
I1012 13:48:08.962607  6909 work_thread.hpp:120]  [T-Work-Detect_0] Valid piece: gid = 0
I1012 13:48:08.962625  6909 work_thread.hpp:92]  [T-Work-Detect_0] Push to split queue:recog
I1012 13:48:08.962668  6910 work_thread.hpp:81]  [T-Work-Recog_0] Run work: WorkCapture
I1012 13:48:08.962671  6912 thread_intergrate.hpp:78] [T-Intergrate-intergrate] queue: frame output frame :87
I1012 13:48:08.962713  6912 thread_intergrate.hpp:85] [T-Intergrate-intergrate] queue: compare output face:0
I1012 13:48:08.962731  6912 thread_intergrate.hpp:134] T-Intergrate-intergrate set matched face: 0
I1012 13:48:08.963207  6910 work_thread.hpp:81]  [T-Work-Recog_0] Run work: WorkRecog
I1012 13:48:08.963230  6910 work_recog.hpp:89] Face id: 0 will run recog: bbox [131 x 176 from (304, 136)] quality: 0.893183
I1012 13:48:08.963258  6910 work_recog.hpp:96] Recog pair: [192 x 256 from (272, 96)], [131 x 176 from (32, 40)]
I1012 13:48:08.963946  6912 thread_intergrate.hpp:154] T-Intergrate-intergrate Show face :0, size :640 * 360
I1012 13:48:08.964440  6908 demo_inner.hpp:435] thread [SORT-0]  frame id 87 sorting queue size 0   FPS: 7.15397
I1012 13:48:08.964507  6907 demo_inner.hpp:260]  gui queue size 0, state = running
I1012 13:48:08.980737  6910 work_thread.hpp:81]  [T-Work-Recog_0] Run work: WorkCompare
I1012 13:48:08.980849  6910 work_compare.cpp:76] Compare face: 0 successed, similarity :0.960321, name : images/thanglmb.jpg, normal size : 640 * 360!
I1012 13:48:09.099452  6906 demo_inner.hpp:177] decode queue size 0
I1012 13:48:09.099555  6909 work_thread.hpp:81]  [T-Work-Detect_0] Run work: WorkDetect
I1012 13:48:09.099592  6909 work_detect.cpp:102] Succeeded to add det start for frame 88
I1012 13:48:09.106109  6909 work_detect.cpp:70] Frame :88 detect result :1 face(s)
I1012 13:48:09.106144  6909 work_detect.cpp:86] Detected bbox: [127 x 170 from (308, 148)]
I1012 13:48:09.106264  6909 work_detect.cpp:120] Succeeded to add det end for frame 88
I1012 13:48:09.106282  6909 work_thread.hpp:81]  [T-Work-Detect_0] Run work: WrokTrack
I1012 13:48:09.106305  6909 work_track.cpp:82] Frame: 88 build input_characts: [0.198437 x 0.472222 from (0.48125, 0.411111)], 0.999622, 0
I1012 13:48:09.106361  6909 work_track.cpp:102] Succeeded to set track lock for frame 88
I1012 13:48:09.106401  6909 work_track.cpp:116] Succeeded to release track lock for frame 88
I1012 13:48:09.106415  6909 work_track.cpp:120] Track results of frame 88: 1 objects input, 1 objects tracked!
I1012 13:48:09.106433  6909 work_track.cpp:148] Frame: 88, track bbox: [127 x 170 from (307.083, 144.609)], gid: 0, lid: 0
I1012 13:48:09.106470  6909 work_thread.hpp:88]  [T-Work-Detect_0] Frame :88 split
I1012 13:48:09.106488  6909 work_thread.hpp:120]  [T-Work-Detect_0] Valid piece: gid = 0
I1012 13:48:09.106506  6909 work_thread.hpp:92]  [T-Work-Detect_0] Push to split queue:recog
I1012 13:48:09.106545  6910 work_thread.hpp:81]  [T-Work-Recog_0] Run work: WorkCapture
I1012 13:48:09.106550  6912 thread_intergrate.hpp:78] [T-Intergrate-intergrate] queue: frame output frame :88
I1012 13:48:09.106580  6912 thread_intergrate.hpp:85] [T-Intergrate-intergrate] queue: compare output face:0
I1012 13:48:09.106598  6912 thread_intergrate.hpp:134] T-Intergrate-intergrate set matched face: 0
I1012 13:48:09.107084  6910 work_thread.hpp:81]  [T-Work-Recog_0] Run work: WorkRecog
I1012 13:48:09.107108  6910 work_recog.hpp:89] Face id: 0 will run recog: bbox [127 x 170 from (308, 148)] quality: 0.797529
I1012 13:48:09.107134  6910 work_recog.hpp:96] Recog pair: [184 x 240 from (280, 112)], [127 x 170 from (28, 36)]
I1012 13:48:09.107764  6912 thread_intergrate.hpp:154] T-Intergrate-intergrate Show face :0, size :640 * 360
I1012 13:48:09.108238  6908 demo_inner.hpp:435] thread [SORT-0]  frame id 88 sorting queue size 0   FPS: 7.14064
I1012 13:48:09.108338  6907 demo_inner.hpp:260]  gui queue size 0, state = running
I1012 13:48:09.124542  6910 work_thread.hpp:81]  [T-Work-Recog_0] Run work: WorkCompare
I1012 13:48:09.124652  6910 work_compare.cpp:76] Compare face: 0 successed, similarity :0.967544, name : images/thanglmb.jpg, normal size : 640 * 360!
I1012 13:48:09.237480  6906 demo_inner.hpp:177] decode queue size 0
I1012 13:48:09.237574  6909 work_thread.hpp:81]  [T-Work-Detect_0] Run work: WorkDetect
I1012 13:48:09.237613  6909 work_detect.cpp:102] Succeeded to add det start for frame 89
I1012 13:48:09.244150  6909 work_detect.cpp:70] Frame :89 detect result :1 face(s)
I1012 13:48:09.244182  6909 work_detect.cpp:86] Detected bbox: [133 x 177 from (304, 135)]
I1012 13:48:09.244222  6909 work_detect.cpp:120] Succeeded to add det end for frame 89
I1012 13:48:09.244238  6909 work_thread.hpp:81]  [T-Work-Detect_0] Run work: WrokTrack
I1012 13:48:09.244262  6909 work_track.cpp:82] Frame: 89 build input_characts: [0.207813 x 0.491667 from (0.475, 0.375)], 1.00019, 0
I1012 13:48:09.244344  6909 work_track.cpp:102] Succeeded to set track lock for frame 89
I1012 13:48:09.244385  6909 work_track.cpp:116] Succeeded to release track lock for frame 89
I1012 13:48:09.244400  6909 work_track.cpp:120] Track results of frame 89: 1 objects input, 1 objects tracked!
I1012 13:48:09.244416  6909 work_track.cpp:148] Frame: 89, track bbox: [133 x 177 from (304.642, 139.152)], gid: 0, lid: 0
I1012 13:48:09.244452  6909 work_thread.hpp:88]  [T-Work-Detect_0] Frame :89 split
I1012 13:48:09.244470  6909 work_thread.hpp:120]  [T-Work-Detect_0] Valid piece: gid = 0
I1012 13:48:09.244488  6909 work_thread.hpp:92]  [T-Work-Detect_0] Push to split queue:recog
I1012 13:48:09.244529  6910 work_thread.hpp:81]  [T-Work-Recog_0] Run work: WorkCapture
I1012 13:48:09.244534  6912 thread_intergrate.hpp:78] [T-Intergrate-intergrate] queue: frame output frame :89
I1012 13:48:09.244562  6912 thread_intergrate.hpp:85] [T-Intergrate-intergrate] queue: compare output face:0
I1012 13:48:09.244580  6912 thread_intergrate.hpp:134] T-Intergrate-intergrate set matched face: 0
I1012 13:48:09.245061  6910 work_thread.hpp:81]  [T-Work-Recog_0] Run work: WorkRecog
I1012 13:48:09.245173  6910 work_recog.hpp:89] Face id: 0 will run recog: bbox [133 x 177 from (304, 135)] quality: 0.914751
I1012 13:48:09.245201  6910 work_recog.hpp:96] Recog pair: [192 x 256 from (272, 96)], [133 x 177 from (32, 39)]
I1012 13:48:09.245769  6912 thread_intergrate.hpp:154] T-Intergrate-intergrate Show face :0, size :640 * 360
I1012 13:48:09.246237  6908 demo_inner.hpp:435] thread [SORT-0]  frame id 89 sorting queue size 0   FPS: 7.14064
I1012 13:48:09.246304  6907 demo_inner.hpp:260]  gui queue size 0, state = running
I1012 13:48:09.262722  6910 work_thread.hpp:81]  [T-Work-Recog_0] Run work: WorkCompare
I1012 13:48:09.262830  6910 work_compare.cpp:76] Compare face: 0 successed, similarity :0.957983, name : images/thanglmb.jpg, normal size : 640 * 360!
I1012 13:48:09.375524  6906 demo_inner.hpp:177] decode queue size 0
I1012 13:48:09.375615  6909 work_thread.hpp:81]  [T-Work-Detect_0] Run work: WorkDetect
I1012 13:48:09.375654  6909 work_detect.cpp:102] Succeeded to add det start for frame 90
I1012 13:48:09.382304  6909 work_detect.cpp:70] Frame :90 detect result :1 face(s)
I1012 13:48:09.382340  6909 work_detect.cpp:86] Detected bbox: [125 x 174 from (314, 145)]
I1012 13:48:09.382380  6909 work_detect.cpp:120] Succeeded to add det end for frame 90
I1012 13:48:09.382396  6909 work_thread.hpp:81]  [T-Work-Detect_0] Run work: WrokTrack
I1012 13:48:09.382419  6909 work_track.cpp:82] Frame: 90 build input_characts: [0.195312 x 0.483333 from (0.490625, 0.402778)], 1.00019, 0
I1012 13:48:09.382473  6909 work_track.cpp:102] Succeeded to set track lock for frame 90
I1012 13:48:09.382513  6909 work_track.cpp:116] Succeeded to release track lock for frame 90
I1012 13:48:09.382527  6909 work_track.cpp:120] Track results of frame 90: 1 objects input, 1 objects tracked!
I1012 13:48:09.382545  6909 work_track.cpp:148] Frame: 90, track bbox: [125 x 174 from (311.164, 141.26)], gid: 0, lid: 0
I1012 13:48:09.382581  6909 work_thread.hpp:88]  [T-Work-Detect_0] Frame :90 split
I1012 13:48:09.382599  6909 work_thread.hpp:120]  [T-Work-Detect_0] Valid piece: gid = 0
I1012 13:48:09.382617  6909 work_thread.hpp:92]  [T-Work-Detect_0] Push to split queue:recog
I1012 13:48:09.382656  6910 work_thread.hpp:81]  [T-Work-Recog_0] Run work: WorkCapture
I1012 13:48:09.382663  6912 thread_intergrate.hpp:78] [T-Intergrate-intergrate] queue: frame output frame :90
I1012 13:48:09.382690  6912 thread_intergrate.hpp:85] [T-Intergrate-intergrate] queue: compare output face:0
I1012 13:48:09.382709  6912 thread_intergrate.hpp:134] T-Intergrate-intergrate set matched face: 0
I1012 13:48:09.383191  6910 work_thread.hpp:81]  [T-Work-Recog_0] Run work: WorkRecog
I1012 13:48:09.383214  6910 work_recog.hpp:89] Face id: 0 will run recog: bbox [125 x 174 from (314, 145)] quality: 0.982008
I1012 13:48:09.383241  6910 work_recog.hpp:96] Recog pair: [176 x 256 from (288, 104)], [125 x 174 from (26, 41)]
I1012 13:48:09.383929  6912 thread_intergrate.hpp:154] T-Intergrate-intergrate Show face :0, size :640 * 360
I1012 13:48:09.384431  6908 demo_inner.hpp:435] thread [SORT-0]  frame id 90 sorting queue size 0   FPS: 7.15397
I1012 13:48:09.384500  6907 demo_inner.hpp:260]  gui queue size 0, state = running
I1012 13:48:09.400717  6910 work_thread.hpp:81]  [T-Work-Recog_0] Run work: WorkCompare
I1012 13:48:09.400830  6910 work_compare.cpp:76] Compare face: 0 successed, similarity :0.966942, name : images/thanglmb.jpg, normal size : 640 * 360!
I1012 13:48:09.519455  6906 demo_inner.hpp:177] decode queue size 0
I1012 13:48:09.519552  6909 work_thread.hpp:81]  [T-Work-Detect_0] Run work: WorkDetect
I1012 13:48:09.519590  6909 work_detect.cpp:102] Succeeded to add det start for frame 91
I1012 13:48:09.526161  6909 work_detect.cpp:70] Frame :91 detect result :1 face(s)
I1012 13:48:09.526197  6909 work_detect.cpp:86] Detected bbox: [128 x 171 from (318, 148)]
I1012 13:48:09.526237  6909 work_detect.cpp:120] Succeeded to add det end for frame 91
I1012 13:48:09.526253  6909 work_thread.hpp:81]  [T-Work-Detect_0] Run work: WrokTrack
I1012 13:48:09.526355  6909 work_track.cpp:82] Frame: 91 build input_characts: [0.2 x 0.475 from (0.496875, 0.411111)], 1.00019, 0
I1012 13:48:09.526412  6909 work_track.cpp:102] Succeeded to set track lock for frame 91
I1012 13:48:09.526451  6909 work_track.cpp:116] Succeeded to release track lock for frame 91
I1012 13:48:09.526466  6909 work_track.cpp:120] Track results of frame 91: 1 objects input, 1 objects tracked!
I1012 13:48:09.526484  6909 work_track.cpp:148] Frame: 91, track bbox: [128 x 171 from (314.827, 145.759)], gid: 0, lid: 0
I1012 13:48:09.526520  6909 work_thread.hpp:88]  [T-Work-Detect_0] Frame :91 split
I1012 13:48:09.526537  6909 work_thread.hpp:120]  [T-Work-Detect_0] Valid piece: gid = 0
I1012 13:48:09.526556  6909 work_thread.hpp:92]  [T-Work-Detect_0] Push to split queue:recog
I1012 13:48:09.526597  6911 work_thread.hpp:81]  [T-Work-Recog_1] Run work: WorkCapture
I1012 13:48:09.526600  6912 thread_intergrate.hpp:78] [T-Intergrate-intergrate] queue: frame output frame :91
I1012 13:48:09.526640  6912 thread_intergrate.hpp:85] [T-Intergrate-intergrate] queue: compare output face:0
I1012 13:48:09.526660  6912 thread_intergrate.hpp:134] T-Intergrate-intergrate set matched face: 0
I1012 13:48:09.527138  6911 work_thread.hpp:81]  [T-Work-Recog_1] Run work: WorkRecog
I1012 13:48:09.527161  6911 work_recog.hpp:89] Face id: 0 will run recog: bbox [128 x 171 from (318, 148)] quality: 0.939828
I1012 13:48:09.527189  6911 work_recog.hpp:96] Recog pair: [184 x 248 from (288, 112)], [128 x 171 from (30, 36)]
I1012 13:48:09.527818  6912 thread_intergrate.hpp:154] T-Intergrate-intergrate Show face :0, size :640 * 360
I1012 13:48:09.528318  6908 demo_inner.hpp:435] thread [SORT-0]  frame id 91 sorting queue size 0   FPS: 7.14064
I1012 13:48:09.528385  6907 demo_inner.hpp:260]  gui queue size 0, state = running
I1012 13:48:09.544652  6911 work_thread.hpp:81]  [T-Work-Recog_1] Run work: WorkCompare
I1012 13:48:09.544764  6911 work_compare.cpp:76] Compare face: 0 successed, similarity :0.956961, name : images/thanglmb.jpg, normal size : 640 * 360!
I1012 13:48:09.657450  6906 demo_inner.hpp:177] decode queue size 0
I1012 13:48:09.657548  6909 work_thread.hpp:81]  [T-Work-Detect_0] Run work: WorkDetect
I1012 13:48:09.657586  6909 work_detect.cpp:102] Succeeded to add det start for frame 92
I1012 13:48:09.664127  6909 work_detect.cpp:70] Frame :92 detect result :1 face(s)
I1012 13:48:09.664160  6909 work_detect.cpp:86] Detected bbox: [129 x 172 from (317, 148)]
I1012 13:48:09.664201  6909 work_detect.cpp:120] Succeeded to add det end for frame 92
I1012 13:48:09.664217  6909 work_thread.hpp:81]  [T-Work-Detect_0] Run work: WrokTrack
I1012 13:48:09.664242  6909 work_track.cpp:82] Frame: 92 build input_characts: [0.201562 x 0.477778 from (0.495313, 0.411111)], 1.00019, 0
I1012 13:48:09.664335  6909 work_track.cpp:102] Succeeded to set track lock for frame 92
I1012 13:48:09.664376  6909 work_track.cpp:116] Succeeded to release track lock for frame 92
I1012 13:48:09.664391  6909 work_track.cpp:120] Track results of frame 92: 1 objects input, 1 objects tracked!
I1012 13:48:09.664407  6909 work_track.cpp:148] Frame: 92, track bbox: [129 x 172 from (317.699, 148.277)], gid: 0, lid: 0
I1012 13:48:09.664444  6909 work_thread.hpp:88]  [T-Work-Detect_0] Frame :92 split
I1012 13:48:09.664461  6909 work_thread.hpp:120]  [T-Work-Detect_0] Valid piece: gid = 0
I1012 13:48:09.664479  6909 work_thread.hpp:92]  [T-Work-Detect_0] Push to split queue:recog
I1012 13:48:09.664520  6911 work_thread.hpp:81]  [T-Work-Recog_1] Run work: WorkCapture
I1012 13:48:09.664525  6912 thread_intergrate.hpp:78] [T-Intergrate-intergrate] queue: frame output frame :92
I1012 13:48:09.664554  6912 thread_intergrate.hpp:85] [T-Intergrate-intergrate] queue: compare output face:0
I1012 13:48:09.664574  6912 thread_intergrate.hpp:134] T-Intergrate-intergrate set matched face: 0
I1012 13:48:09.665055  6911 work_thread.hpp:81]  [T-Work-Recog_1] Run work: WorkRecog
I1012 13:48:09.665078  6911 work_recog.hpp:89] Face id: 0 will run recog: bbox [129 x 172 from (317, 148)] quality: 0.924007
I1012 13:48:09.665186  6911 work_recog.hpp:96] Recog pair: [184 x 248 from (288, 112)], [129 x 172 from (29, 36)]
I1012 13:48:09.665765  6912 thread_intergrate.hpp:154] T-Intergrate-intergrate Show face :0, size :640 * 360
I1012 13:48:09.666231  6908 demo_inner.hpp:435] thread [SORT-0]  frame id 92 sorting queue size 0   FPS: 7.14064
I1012 13:48:09.666302  6907 demo_inner.hpp:260]  gui queue size 0, state = running
I1012 13:48:09.682485  6911 work_thread.hpp:81]  [T-Work-Recog_1] Run work: WorkCompare
I1012 13:48:09.682579  6911 work_compare.cpp:76] Compare face: 0 successed, similarity :0.972829, name : images/thanglmb.jpg, normal size : 640 * 360!
I1012 13:48:09.795625  6906 demo_inner.hpp:177] decode queue size 0
I1012 13:48:09.795720  6909 work_thread.hpp:81]  [T-Work-Detect_0] Run work: WorkDetect
I1012 13:48:09.795758  6909 work_detect.cpp:102] Succeeded to add det start for frame 93
I1012 13:48:09.802342  6909 work_detect.cpp:70] Frame :93 detect result :1 face(s)
I1012 13:48:09.802373  6909 work_detect.cpp:86] Detected bbox: [126 x 174 from (313, 144)]
I1012 13:48:09.802412  6909 work_detect.cpp:120] Succeeded to add det end for frame 93
I1012 13:48:09.802428  6909 work_thread.hpp:81]  [T-Work-Detect_0] Run work: WrokTrack
I1012 13:48:09.802450  6909 work_track.cpp:82] Frame: 93 build input_characts: [0.196875 x 0.483333 from (0.489062, 0.4)], 1.00019, 0
I1012 13:48:09.802505  6909 work_track.cpp:102] Succeeded to set track lock for frame 93
I1012 13:48:09.802543  6909 work_track.cpp:116] Succeeded to release track lock for frame 93
I1012 13:48:09.802558  6909 work_track.cpp:120] Track results of frame 93: 1 objects input, 1 objects tracked!
I1012 13:48:09.802577  6909 work_track.cpp:148] Frame: 93, track bbox: [126 x 174 from (317.689, 145.815)], gid: 0, lid: 0
I1012 13:48:09.802613  6909 work_thread.hpp:88]  [T-Work-Detect_0] Frame :93 split
I1012 13:48:09.802629  6909 work_thread.hpp:120]  [T-Work-Detect_0] Valid piece: gid = 0
I1012 13:48:09.802647  6909 work_thread.hpp:92]  [T-Work-Detect_0] Push to split queue:recog
I1012 13:48:09.802691  6910 work_thread.hpp:81]  [T-Work-Recog_0] Run work: WorkCapture
I1012 13:48:09.802693  6912 thread_intergrate.hpp:78] [T-Intergrate-intergrate] queue: frame output frame :93
I1012 13:48:09.802731  6912 thread_intergrate.hpp:85] [T-Intergrate-intergrate] queue: compare output face:0
I1012 13:48:09.802752  6912 thread_intergrate.hpp:134] T-Intergrate-intergrate set matched face: 0
I1012 13:48:09.803223  6910 work_thread.hpp:81]  [T-Work-Recog_0] Run work: WorkRecog
I1012 13:48:09.803247  6910 work_recog.hpp:89] Face id: 0 will run recog: bbox [126 x 174 from (313, 144)] quality: 0.962656
I1012 13:48:09.803274  6910 work_recog.hpp:96] Recog pair: [176 x 248 from (288, 104)], [126 x 174 from (25, 40)]
I1012 13:48:09.803962  6912 thread_intergrate.hpp:154] T-Intergrate-intergrate Show face :0, size :640 * 360
I1012 13:48:09.804533  6908 demo_inner.hpp:435] thread [SORT-0]  frame id 93 sorting queue size 0   FPS: 7.15397
I1012 13:48:09.804595  6907 demo_inner.hpp:260]  gui queue size 0, state = running
I1012 13:48:09.820740  6910 work_thread.hpp:81]  [T-Work-Recog_0] Run work: WorkCompare
I1012 13:48:09.820850  6910 work_compare.cpp:76] Compare face: 0 successed, similarity :0.93797, name : images/thanglmb.jpg, normal size : 640 * 360!
I1012 13:48:09.939429  6906 demo_inner.hpp:177] decode queue size 0
I1012 13:48:09.939532  6909 work_thread.hpp:81]  [T-Work-Detect_0] Run work: WorkDetect
I1012 13:48:09.939569  6909 work_detect.cpp:102] Succeeded to add det start for frame 94
I1012 13:48:09.946157  6909 work_detect.cpp:70] Frame :94 detect result :1 face(s)
I1012 13:48:09.946194  6909 work_detect.cpp:86] Detected bbox: [137 x 180 from (311, 143)]
I1012 13:48:09.946235  6909 work_detect.cpp:120] Succeeded to add det end for frame 94
I1012 13:48:09.946251  6909 work_thread.hpp:81]  [T-Work-Detect_0] Run work: WrokTrack
I1012 13:48:09.946274  6909 work_track.cpp:82] Frame: 94 build input_characts: [0.214062 x 0.5 from (0.485938, 0.397222)], 1.00019, 0
I1012 13:48:09.946399  6909 work_track.cpp:102] Succeeded to set track lock for frame 94
I1012 13:48:09.946440  6909 work_track.cpp:116] Succeeded to release track lock for frame 94
I1012 13:48:09.946455  6909 work_track.cpp:120] Track results of frame 94: 1 objects input, 1 objects tracked!
I1012 13:48:09.946473  6909 work_track.cpp:148] Frame: 94, track bbox: [137 x 180 from (312.225, 144.384)], gid: 0, lid: 0
I1012 13:48:09.946508  6909 work_thread.hpp:88]  [T-Work-Detect_0] Frame :94 split
I1012 13:48:09.946527  6909 work_thread.hpp:120]  [T-Work-Detect_0] Valid piece: gid = 0
I1012 13:48:09.946545  6909 work_thread.hpp:92]  [T-Work-Detect_0] Push to split queue:recog
I1012 13:48:09.946583  6910 work_thread.hpp:81]  [T-Work-Recog_0] Run work: WorkCapture
I1012 13:48:09.946593  6912 thread_intergrate.hpp:78] [T-Intergrate-intergrate] queue: frame output frame :94
I1012 13:48:09.946620  6912 thread_intergrate.hpp:85] [T-Intergrate-intergrate] queue: compare output face:0
I1012 13:48:09.946640  6912 thread_intergrate.hpp:134] T-Intergrate-intergrate set matched face: 0
I1012 13:48:09.947118  6910 work_thread.hpp:81]  [T-Work-Recog_0] Run work: WorkRecog
I1012 13:48:09.947141  6910 work_recog.hpp:89] Face id: 0 will run recog: bbox [137 x 180 from (311, 143)] quality: 0.974027
I1012 13:48:09.947168  6910 work_recog.hpp:96] Recog pair: [200 x 256 from (280, 104)], [137 x 180 from (31, 39)]
I1012 13:48:09.947799  6912 thread_intergrate.hpp:154] T-Intergrate-intergrate Show face :0, size :640 * 360
I1012 13:48:09.948271  6908 demo_inner.hpp:435] thread [SORT-0]  frame id 94 sorting queue size 0   FPS: 7.14064
I1012 13:48:09.948364  6907 demo_inner.hpp:260]  gui queue size 0, state = running
I1012 13:48:09.964483  6910 work_thread.hpp:81]  [T-Work-Recog_0] Run work: WorkCompare
I1012 13:48:09.964562  6910 work_compare.cpp:76] Compare face: 0 successed, similarity :0.972913, name : images/thanglmb.jpg, normal size : 640 * 360!
I1012 13:48:10.077438  6906 demo_inner.hpp:177] decode queue size 0
I1012 13:48:10.077527  6909 work_thread.hpp:81]  [T-Work-Detect_0] Run work: WorkDetect
I1012 13:48:10.077565  6909 work_detect.cpp:102] Succeeded to add det start for frame 95
I1012 13:48:10.084105  6909 work_detect.cpp:70] Frame :95 detect result :1 face(s)
I1012 13:48:10.084138  6909 work_detect.cpp:86] Detected bbox: [134 x 176 from (312, 146)]
I1012 13:48:10.084179  6909 work_detect.cpp:120] Succeeded to add det end for frame 95
I1012 13:48:10.084195  6909 work_thread.hpp:81]  [T-Work-Detect_0] Run work: WrokTrack
I1012 13:48:10.084218  6909 work_track.cpp:82] Frame: 95 build input_characts: [0.209375 x 0.488889 from (0.4875, 0.405556)], 0.999622, 0
I1012 13:48:10.084273  6909 work_track.cpp:102] Succeeded to set track lock for frame 95
I1012 13:48:10.084326  6909 work_track.cpp:116] Succeeded to release track lock for frame 95
I1012 13:48:10.084342  6909 work_track.cpp:120] Track results of frame 95: 1 objects input, 1 objects tracked!
I1012 13:48:10.084360  6909 work_track.cpp:148] Frame: 95, track bbox: [134 x 176 from (312.045, 145.336)], gid: 0, lid: 0
I1012 13:48:10.084396  6909 work_thread.hpp:88]  [T-Work-Detect_0] Frame :95 split
I1012 13:48:10.084415  6909 work_thread.hpp:120]  [T-Work-Detect_0] Valid piece: gid = 0
I1012 13:48:10.084434  6909 work_thread.hpp:92]  [T-Work-Detect_0] Push to split queue:recog
I1012 13:48:10.084471  6910 work_thread.hpp:81]  [T-Work-Recog_0] Run work: WorkCapture
I1012 13:48:10.084478  6912 thread_intergrate.hpp:78] [T-Intergrate-intergrate] queue: frame output frame :95
