I1014 15:11:50.439718  8764 thread_intergrate.hpp:144] T-Intergrate-intergrate set matched face: 0
I1014 15:11:50.440389  8762 work_thread.hpp:81]  [T-Work-Recog_0] Run work: WorkRecog
I1014 15:11:50.440418  8762 work_recog.hpp:89] Face id: 0 will run recog: bbox [179 x 232 from (221, 62)] quality: 0.471524
I1014 15:11:50.440449  8762 work_recog.hpp:96] Recog pair: [256 x 328 from (184, 16)], [179 x 232 from (37, 46)]
I1014 15:11:50.441206  8764 thread_intergrate.hpp:171] T-Intergrate-intergrate Show face :0, size :640 * 360
I1014 15:11:50.458258  8762 work_thread.hpp:81]  [T-Work-Recog_0] Run work: WorkCompare
I1014 15:11:50.458801  8762 work_compare.cpp:76] Compare face: 0 successed, similarity :0.996225, name : images/ThangLMb.jpg, normal size : 1548 * 1719!
I1014 15:11:50.467978  8758 demo_inner.hpp:177] decode queue size 0
I1014 15:11:50.468106  8761 work_thread.hpp:81]  [T-Work-Detect_0] Run work: WorkDetect
I1014 15:11:50.468142  8761 work_detect.cpp:102] Succeeded to add det start for frame 144
I1014 15:11:50.474997  8761 work_detect.cpp:70] Frame :144 detect result :1 face(s)
I1014 15:11:50.475040  8761 work_detect.cpp:86] Detected bbox: [178 x 230 from (221, 65)]
I1014 15:11:50.475082  8761 work_detect.cpp:120] Succeeded to add det end for frame 144
I1014 15:11:50.475098  8761 work_thread.hpp:81]  [T-Work-Detect_0] Run work: WrokTrack
I1014 15:11:50.475122  8761 work_track.cpp:82] Frame: 144 build input_characts: [0.278125 x 0.638889 from (0.345313, 0.180556)], 1.00019, 0
I1014 15:11:50.475178  8761 work_track.cpp:102] Succeeded to set track lock for frame 144
I1014 15:11:50.475219  8761 work_track.cpp:116] Succeeded to release track lock for frame 144
I1014 15:11:50.475234  8761 work_track.cpp:120] Track results of frame 144: 1 objects input, 1 objects tracked!
I1014 15:11:50.475251  8761 work_track.cpp:148] Frame: 144, track bbox: [178 x 230 from (221.844, 62.4857)], gid: 0, lid: 0
I1014 15:11:50.475287  8761 work_thread.hpp:87]  [T-Work-Detect_0] Frame :144 split
I1014 15:11:50.475306  8761 work_thread.hpp:120]  [T-Work-Detect_0] Valid piece: gid = 0
I1014 15:11:50.475322  8761 work_thread.hpp:91]  [T-Work-Detect_0] Push to split queue:recog
I1014 15:11:50.475368  8762 work_thread.hpp:81]  [T-Work-Recog_0] Run work: WorkCapture
I1014 15:11:50.475371  8764 thread_intergrate.hpp:78] [T-Intergrate-intergrate] queue: frame output frame :144
I1014 15:11:50.475402  8764 thread_intergrate.hpp:85] [T-Intergrate-intergrate] queue: compare output face:0
I1014 15:11:50.475421  8764 thread_intergrate.hpp:144] T-Intergrate-intergrate set matched face: 0
I1014 15:11:50.476058  8762 work_thread.hpp:81]  [T-Work-Recog_0] Run work: WorkRecog
I1014 15:11:50.476083  8762 work_recog.hpp:89] Face id: 0 will run recog: bbox [178 x 230 from (221, 65)] quality: 0.483692
I1014 15:11:50.476112  8762 work_recog.hpp:96] Recog pair: [256 x 328 from (184, 16)], [178 x 230 from (37, 49)]
I1014 15:11:50.476891  8764 thread_intergrate.hpp:171] T-Intergrate-intergrate Show face :0, size :640 * 360
I1014 15:11:50.487102  8764 thread_intergrate.hpp:95] T-Intergrate-intergrate Try push queue sorting again 5 vs 5
I1014 15:11:50.494343  8762 work_thread.hpp:81]  [T-Work-Recog_0] Run work: WorkCompare
I1014 15:11:50.494848  8762 work_compare.cpp:76] Compare face: 0 successed, similarity :0.996581, name : images/ThangLMb.jpg, normal size : 1548 * 1719!
I1014 15:11:50.497220  8764 thread_intergrate.hpp:95] T-Intergrate-intergrate Try push queue sorting again 5 vs 5
I1014 15:11:50.498258  8758 demo_inner.hpp:177] decode queue size 0
I1014 15:11:50.498361  8761 work_thread.hpp:81]  [T-Work-Detect_0] Run work: WorkDetect
I1014 15:11:50.498396  8761 work_detect.cpp:102] Succeeded to add det start for frame 145
I1014 15:11:50.505208  8761 work_detect.cpp:70] Frame :145 detect result :1 face(s)
I1014 15:11:50.505250  8761 work_detect.cpp:86] Detected bbox: [176 x 229 from (222, 61)]
I1014 15:11:50.505293  8761 work_detect.cpp:120] Succeeded to add det end for frame 145
I1014 15:11:50.505311  8761 work_thread.hpp:81]  [T-Work-Detect_0] Run work: WrokTrack
I1014 15:11:50.505333  8761 work_track.cpp:82] Frame: 145 build input_characts: [0.275 x 0.636111 from (0.346875, 0.169444)], 1.00019, 0
I1014 15:11:50.505388  8761 work_track.cpp:102] Succeeded to set track lock for frame 145
I1014 15:11:50.505429  8761 work_track.cpp:116] Succeeded to release track lock for frame 145
I1014 15:11:50.505445  8761 work_track.cpp:120] Track results of frame 145: 1 objects input, 1 objects tracked!
I1014 15:11:50.505462  8761 work_track.cpp:148] Frame: 145, track bbox: [176 x 229 from (223.363, 62.3457)], gid: 0, lid: 0
I1014 15:11:50.505498  8761 work_thread.hpp:87]  [T-Work-Detect_0] Frame :145 split
I1014 15:11:50.505517  8761 work_thread.hpp:120]  [T-Work-Detect_0] Valid piece: gid = 0
I1014 15:11:50.505534  8761 work_thread.hpp:91]  [T-Work-Detect_0] Push to split queue:recog
I1014 15:11:50.505640  8763 work_thread.hpp:81]  [T-Work-Recog_1] Run work: WorkCapture
I1014 15:11:50.506335  8763 work_thread.hpp:81]  [T-Work-Recog_1] Run work: WorkRecog
I1014 15:11:50.506361  8763 work_recog.hpp:89] Face id: 0 will run recog: bbox [176 x 229 from (222, 61)] quality: 0.468177
I1014 15:11:50.506387  8763 work_recog.hpp:96] Recog pair: [256 x 320 from (184, 16)], [176 x 229 from (38, 45)]
I1014 15:11:50.507311  8764 thread_intergrate.hpp:95] T-Intergrate-intergrate Try push queue sorting again 5 vs 5
I1014 15:11:50.517402  8764 thread_intergrate.hpp:95] T-Intergrate-intergrate Try push queue sorting again 5 vs 5
I1014 15:11:50.524034  8763 work_thread.hpp:81]  [T-Work-Recog_1] Run work: WorkCompare
I1014 15:11:50.524583  8763 work_compare.cpp:76] Compare face: 0 successed, similarity :0.997307, name : images/ThangLMb.jpg, normal size : 1548 * 1719!
I1014 15:11:50.527513  8764 thread_intergrate.hpp:95] T-Intergrate-intergrate Try push queue sorting again 5 vs 5
I1014 15:11:50.534093  8758 demo_inner.hpp:177] decode queue size 0
I1014 15:11:50.534206  8761 work_thread.hpp:81]  [T-Work-Detect_0] Run work: WorkDetect
I1014 15:11:50.534243  8761 work_detect.cpp:102] Succeeded to add det start for frame 146
I1014 15:11:50.537618  8764 thread_intergrate.hpp:95] T-Intergrate-intergrate Try push queue sorting again 5 vs 5
I1014 15:11:50.541074  8761 work_detect.cpp:70] Frame :146 detect result :1 face(s)
I1014 15:11:50.541100  8761 work_detect.cpp:86] Detected bbox: [185 x 230 from (228, 61)]
I1014 15:11:50.541143  8761 work_detect.cpp:120] Succeeded to add det end for frame 146
I1014 15:11:50.541159  8761 work_thread.hpp:81]  [T-Work-Detect_0] Run work: WrokTrack
I1014 15:11:50.541182  8761 work_track.cpp:82] Frame: 146 build input_characts: [0.289062 x 0.638889 from (0.35625, 0.169444)], 1.00019, 0
I1014 15:11:50.541235  8761 work_track.cpp:102] Succeeded to set track lock for frame 146
I1014 15:11:50.541275  8761 work_track.cpp:116] Succeeded to release track lock for frame 146
I1014 15:11:50.541363  8761 work_track.cpp:120] Track results of frame 146: 1 objects input, 1 objects tracked!
I1014 15:11:50.541383  8761 work_track.cpp:148] Frame: 146, track bbox: [185 x 230 from (223.306, 61.65)], gid: 0, lid: 0
I1014 15:11:50.541419  8761 work_thread.hpp:87]  [T-Work-Detect_0] Frame :146 split
I1014 15:11:50.541437  8761 work_thread.hpp:120]  [T-Work-Detect_0] Valid piece: gid = 0
I1014 15:11:50.541455  8761 work_thread.hpp:91]  [T-Work-Detect_0] Push to split queue:recog
I1014 15:11:50.541510  8763 work_thread.hpp:81]  [T-Work-Recog_1] Run work: WorkCapture
I1014 15:11:50.542167  8763 work_thread.hpp:81]  [T-Work-Recog_1] Run work: WorkRecog
I1014 15:11:50.542304  8763 work_recog.hpp:89] Face id: 0 will run recog: bbox [185 x 230 from (228, 61)] quality: 0.432125
I1014 15:11:50.542330  8763 work_recog.hpp:96] Recog pair: [272 x 336 from (184, 8)], [185 x 230 from (44, 53)]
I1014 15:11:50.547747  8764 thread_intergrate.hpp:95] T-Intergrate-intergrate Try push queue sorting again 5 vs 5
I1014 15:11:50.557868  8764 thread_intergrate.hpp:95] T-Intergrate-intergrate Try push queue sorting again 5 vs 5
I1014 15:11:50.560129  8763 work_thread.hpp:81]  [T-Work-Recog_1] Run work: WorkCompare
I1014 15:11:50.560698  8763 work_compare.cpp:76] Compare face: 0 successed, similarity :0.997953, name : images/ThangLMb.jpg, normal size : 1548 * 1719!
I1014 15:11:50.564350  8758 demo_inner.hpp:177] decode queue size 0
I1014 15:11:50.564465  8761 work_thread.hpp:81]  [T-Work-Detect_0] Run work: WorkDetect
I1014 15:11:50.564501  8761 work_detect.cpp:102] Succeeded to add det start for frame 147
I1014 15:11:50.568006  8764 thread_intergrate.hpp:95] T-Intergrate-intergrate Try push queue sorting again 5 vs 5
I1014 15:11:50.571228  8761 work_detect.cpp:70] Frame :147 detect result :1 face(s)
I1014 15:11:50.571252  8761 work_detect.cpp:86] Detected bbox: [178 x 232 from (222, 59)]
I1014 15:11:50.571295  8761 work_detect.cpp:120] Succeeded to add det end for frame 147
I1014 15:11:50.571310  8761 work_thread.hpp:81]  [T-Work-Detect_0] Run work: WrokTrack
I1014 15:11:50.571332  8761 work_track.cpp:82] Frame: 147 build input_characts: [0.278125 x 0.644444 from (0.346875, 0.163889)], 1.00019, 0
I1014 15:11:50.571386  8761 work_track.cpp:102] Succeeded to set track lock for frame 147
I1014 15:11:50.571426  8761 work_track.cpp:116] Succeeded to release track lock for frame 147
I1014 15:11:50.571441  8761 work_track.cpp:120] Track results of frame 147: 1 objects input, 1 objects tracked!
I1014 15:11:50.571460  8761 work_track.cpp:148] Frame: 147, track bbox: [178 x 232 from (225.8, 59.9342)], gid: 0, lid: 0
I1014 15:11:50.571494  8761 work_thread.hpp:87]  [T-Work-Detect_0] Frame :147 split
I1014 15:11:50.571511  8761 work_thread.hpp:120]  [T-Work-Detect_0] Valid piece: gid = 0
I1014 15:11:50.571529  8761 work_thread.hpp:91]  [T-Work-Detect_0] Push to split queue:recog
I1014 15:11:50.571619  8762 work_thread.hpp:81]  [T-Work-Recog_0] Run work: WorkCapture
I1014 15:11:50.572366  8762 work_thread.hpp:81]  [T-Work-Recog_0] Run work: WorkRecog
I1014 15:11:50.572399  8762 work_recog.hpp:89] Face id: 0 will run recog: bbox [178 x 232 from (222, 59)] quality: 0.467972
I1014 15:11:50.572428  8762 work_recog.hpp:96] Recog pair: [256 x 336 from (184, 8)], [178 x 232 from (38, 51)]
I1014 15:11:50.578120  8764 thread_intergrate.hpp:95] T-Intergrate-intergrate Try push queue sorting again 5 vs 5
I1014 15:11:50.588223  8764 thread_intergrate.hpp:95] T-Intergrate-intergrate Try push queue sorting again 5 vs 5
I1014 15:11:50.590128  8762 work_thread.hpp:81]  [T-Work-Recog_0] Run work: WorkCompare
I1014 15:11:50.590762  8762 work_compare.cpp:76] Compare face: 0 successed, similarity :0.997265, name : images/ThangLMb.jpg, normal size : 1548 * 1719!
I1014 15:11:50.598331  8764 thread_intergrate.hpp:95] T-Intergrate-intergrate Try push queue sorting again 5 vs 5
I1014 15:11:50.600080  8758 demo_inner.hpp:177] decode queue size 0
I1014 15:11:50.600234  8761 work_thread.hpp:81]  [T-Work-Detect_0] Run work: WorkDetect
I1014 15:11:50.600270  8761 work_detect.cpp:102] Succeeded to add det start for frame 148
I1014 15:11:50.607137  8761 work_detect.cpp:70] Frame :148 detect result :1 face(s)
I1014 15:11:50.607177  8761 work_detect.cpp:86] Detected bbox: [175 x 211 from (234, 90)]
I1014 15:11:50.607221  8761 work_detect.cpp:120] Succeeded to add det end for frame 148
I1014 15:11:50.607237  8761 work_thread.hpp:81]  [T-Work-Detect_0] Run work: WrokTrack
I1014 15:11:50.607260  8761 work_track.cpp:82] Frame: 148 build input_characts: [0.273438 x 0.586111 from (0.365625, 0.25)], 1.00019, 0
I1014 15:11:50.607316  8761 work_track.cpp:102] Succeeded to set track lock for frame 148
I1014 15:11:50.607357  8761 work_track.cpp:116] Succeeded to release track lock for frame 148
I1014 15:11:50.607372  8761 work_track.cpp:120] Track results of frame 148: 1 objects input, 1 objects tracked!
I1014 15:11:50.607389  8761 work_track.cpp:148] Frame: 148, track bbox: [175 x 211 from (231.306, 79.6953)], gid: 0, lid: 0
I1014 15:11:50.607425  8761 work_thread.hpp:87]  [T-Work-Detect_0] Frame :148 split
I1014 15:11:50.607444  8761 work_thread.hpp:120]  [T-Work-Detect_0] Valid piece: gid = 0
I1014 15:11:50.607461  8761 work_thread.hpp:91]  [T-Work-Detect_0] Push to split queue:recog
I1014 15:11:50.607527  8762 work_thread.hpp:81]  [T-Work-Recog_0] Run work: WorkCapture
I1014 15:11:50.608321  8762 work_thread.hpp:81]  [T-Work-Recog_0] Run work: WorkRecog
I1014 15:11:50.608345  8762 work_recog.hpp:89] Face id: 0 will run recog: bbox [175 x 211 from (234, 90)] quality: 0.360953
I1014 15:11:50.608373  8762 work_recog.hpp:96] Recog pair: [256 x 296 from (192, 48)], [175 x 211 from (42, 42)]
I1014 15:11:50.608435  8764 thread_intergrate.hpp:95] T-Intergrate-intergrate Try push queue sorting again 5 vs 5
I1014 15:11:50.618530  8764 thread_intergrate.hpp:95] T-Intergrate-intergrate Try push queue sorting again 5 vs 5
I1014 15:11:50.626094  8762 work_thread.hpp:81]  [T-Work-Recog_0] Run work: WorkCompare
I1014 15:11:50.626659  8762 work_compare.cpp:76] Compare face: 0 successed, similarity :0.997175, name : images/ThangLMb.jpg, normal size : 1548 * 1719!
I1014 15:11:50.628636  8764 thread_intergrate.hpp:95] T-Intergrate-intergrate Try push queue sorting again 5 vs 5
I1014 15:11:50.635982  8758 demo_inner.hpp:177] decode queue size 0
I1014 15:11:50.636111  8761 work_thread.hpp:81]  [T-Work-Detect_0] Run work: WorkDetect
I1014 15:11:50.636148  8761 work_detect.cpp:102] Succeeded to add det start for frame 149
I1014 15:11:50.638729  8764 thread_intergrate.hpp:95] T-Intergrate-intergrate Try push queue sorting again 5 vs 5
I1014 15:11:50.642967  8761 work_detect.cpp:70] Frame :149 detect result :1 face(s)
I1014 15:11:50.642990  8761 work_detect.cpp:86] Detected bbox: [174 x 227 from (223, 68)]
I1014 15:11:50.643033  8761 work_detect.cpp:120] Succeeded to add det end for frame 149
I1014 15:11:50.643049  8761 work_thread.hpp:81]  [T-Work-Detect_0] Run work: WrokTrack
I1014 15:11:50.643070  8761 work_track.cpp:82] Frame: 149 build input_characts: [0.271875 x 0.630556 from (0.348437, 0.188889)], 1.00019, 0
I1014 15:11:50.643126  8761 work_track.cpp:102] Succeeded to set track lock for frame 149
I1014 15:11:50.643165  8761 work_track.cpp:116] Succeeded to release track lock for frame 149
I1014 15:11:50.643180  8761 work_track.cpp:120] Track results of frame 149: 1 objects input, 1 objects tracked!
I1014 15:11:50.643198  8761 work_track.cpp:148] Frame: 149, track bbox: [174 x 227 from (228.652, 71.8099)], gid: 0, lid: 0
I1014 15:11:50.643234  8761 work_thread.hpp:87]  [T-Work-Detect_0] Frame :149 split
I1014 15:11:50.643252  8761 work_thread.hpp:120]  [T-Work-Detect_0] Valid piece: gid = 0
I1014 15:11:50.643270  8761 work_thread.hpp:91]  [T-Work-Detect_0] Push to split queue:recog
I1014 15:11:50.643314  8762 work_thread.hpp:81]  [T-Work-Recog_0] Run work: WorkCapture
I1014 15:11:50.643959  8762 work_thread.hpp:81]  [T-Work-Recog_0] Run work: WorkRecog
I1014 15:11:50.643982  8762 work_recog.hpp:89] Face id: 0 will run recog: bbox [174 x 227 from (223, 68)] quality: 0.477176
I1014 15:11:50.644018  8762 work_recog.hpp:96] Recog pair: [248 x 328 from (184, 16)], [174 x 227 from (39, 52)]
I1014 15:11:50.648831  8764 thread_intergrate.hpp:95] T-Intergrate-intergrate Try push queue sorting again 5 vs 5
I1014 15:11:50.658955  8764 thread_intergrate.hpp:95] T-Intergrate-intergrate Try push queue sorting again 5 vs 5
I1014 15:11:50.662266  8762 work_thread.hpp:81]  [T-Work-Recog_0] Run work: WorkCompare
I1014 15:11:50.662904  8762 work_compare.cpp:76] Compare face: 0 successed, similarity :0.997348, name : images/ThangLMb.jpg, normal size : 1548 * 1719!
I1014 15:11:50.666249  8758 demo_inner.hpp:177] decode queue size 0
I1014 15:11:50.666365  8761 work_thread.hpp:81]  [T-Work-Detect_0] Run work: WorkDetect
I1014 15:11:50.666404  8761 work_detect.cpp:102] Succeeded to add det start for frame 150
I1014 15:11:50.669098  8764 thread_intergrate.hpp:95] T-Intergrate-intergrate Try push queue sorting again 5 vs 5
I1014 15:11:50.673276  8761 work_detect.cpp:70] Frame :150 detect result :1 face(s)
I1014 15:11:50.673301  8761 work_detect.cpp:86] Detected bbox: [184 x 228 from (229, 67)]
I1014 15:11:50.673344  8761 work_detect.cpp:120] Succeeded to add det end for frame 150
I1014 15:11:50.673360  8761 work_thread.hpp:81]  [T-Work-Detect_0] Run work: WrokTrack
I1014 15:11:50.673382  8761 work_track.cpp:82] Frame: 150 build input_characts: [0.2875 x 0.633333 from (0.357812, 0.186111)], 1.00019, 0
I1014 15:11:50.673437  8761 work_track.cpp:102] Succeeded to set track lock for frame 150
I1014 15:11:50.673477  8761 work_track.cpp:116] Succeeded to release track lock for frame 150
I1014 15:11:50.673491  8761 work_track.cpp:120] Track results of frame 150: 1 objects input, 1 objects tracked!
I1014 15:11:50.673509  8761 work_track.cpp:148] Frame: 150, track bbox: [184 x 228 from (226.118, 71.3414)], gid: 0, lid: 0
I1014 15:11:50.673547  8761 work_thread.hpp:87]  [T-Work-Detect_0] Frame :150 split
I1014 15:11:50.673564  8761 work_thread.hpp:120]  [T-Work-Detect_0] Valid piece: gid = 0
I1014 15:11:50.673583  8761 work_thread.hpp:91]  [T-Work-Detect_0] Push to split queue:recog
I1014 15:11:50.673624  8763 work_thread.hpp:81]  [T-Work-Recog_1] Run work: WorkCapture
I1014 15:11:50.674352  8763 work_thread.hpp:81]  [T-Work-Recog_1] Run work: WorkRecog
I1014 15:11:50.674376  8763 work_recog.hpp:89] Face id: 0 will run recog: bbox [184 x 228 from (229, 67)] quality: 0.456345
I1014 15:11:50.674413  8763 work_recog.hpp:96] Recog pair: [264 x 328 from (192, 16)], [184 x 228 from (37, 51)]
I1014 15:11:50.679222  8764 thread_intergrate.hpp:95] T-Intergrate-intergrate Try push queue sorting again 5 vs 5
I1014 15:11:50.689332  8764 thread_intergrate.hpp:95] T-Intergrate-intergrate Try push queue sorting again 5 vs 5
I1014 15:11:50.692147  8763 work_thread.hpp:81]  [T-Work-Recog_1] Run work: WorkCompare
I1014 15:11:50.692685  8763 work_compare.cpp:76] Compare face: 0 successed, similarity :0.996395, name : images/ThangLMb.jpg, normal size : 1548 * 1719!
I1014 15:11:50.699450  8764 thread_intergrate.hpp:95] T-Intergrate-intergrate Try push queue sorting again 5 vs 5
I1014 15:11:50.702005  8758 demo_inner.hpp:177] decode queue size 0
I1014 15:11:50.702132  8761 work_thread.hpp:81]  [T-Work-Detect_0] Run work: WorkDetect
I1014 15:11:50.702169  8761 work_detect.cpp:102] Succeeded to add det start for frame 151
I1014 15:11:50.708986  8761 work_detect.cpp:70] Frame :151 detect result :1 face(s)
I1014 15:11:50.709036  8761 work_detect.cpp:86] Detected bbox: [177 x 232 from (220, 61)]
I1014 15:11:50.709080  8761 work_detect.cpp:120] Succeeded to add det end for frame 151
I1014 15:11:50.709097  8761 work_thread.hpp:81]  [T-Work-Detect_0] Run work: WrokTrack
I1014 15:11:50.709120  8761 work_track.cpp:82] Frame: 151 build input_characts: [0.276563 x 0.644444 from (0.34375, 0.169444)], 1.00019, 0
I1014 15:11:50.709175  8761 work_track.cpp:102] Succeeded to set track lock for frame 151
I1014 15:11:50.709213  8761 work_track.cpp:116] Succeeded to release track lock for frame 151
I1014 15:11:50.709228  8761 work_track.cpp:120] Track results of frame 151: 1 objects input, 1 objects tracked!
I1014 15:11:50.709318  8761 work_track.cpp:148] Frame: 151, track bbox: [177 x 232 from (223.98, 65.6425)], gid: 0, lid: 0
I1014 15:11:50.709357  8761 work_thread.hpp:87]  [T-Work-Detect_0] Frame :151 split
I1014 15:11:50.709375  8761 work_thread.hpp:120]  [T-Work-Detect_0] Valid piece: gid = 0
I1014 15:11:50.709393  8761 work_thread.hpp:91]  [T-Work-Detect_0] Push to split queue:recog
I1014 15:11:50.709466  8763 work_thread.hpp:81]  [T-Work-Recog_1] Run work: WorkCapture
I1014 15:11:50.709563  8764 thread_intergrate.hpp:95] T-Intergrate-intergrate Try push queue sorting again 5 vs 5
I1014 15:11:50.710109  8763 work_thread.hpp:81]  [T-Work-Recog_1] Run work: WorkRecog
I1014 15:11:50.710132  8763 work_recog.hpp:89] Face id: 0 will run recog: bbox [177 x 232 from (220, 61)] quality: 0.474296
I1014 15:11:50.710160  8763 work_recog.hpp:96] Recog pair: [248 x 336 from (184, 8)], [177 x 232 from (36, 53)]
I1014 15:11:50.719673  8764 thread_intergrate.hpp:95] T-Intergrate-intergrate Try push queue sorting again 5 vs 5
I1014 15:11:50.728300  8763 work_thread.hpp:81]  [T-Work-Recog_1] Run work: WorkCompare
I1014 15:11:50.728818  8763 work_compare.cpp:76] Compare face: 0 successed, similarity :0.995289, name : images/ThangLMb.jpg, normal size : 1548 * 1719!
I1014 15:11:50.729794  8764 thread_intergrate.hpp:95] T-Intergrate-intergrate Try push queue sorting again 5 vs 5
I1014 15:11:50.732254  8758 demo_inner.hpp:177] decode queue size 0
I1014 15:11:50.732368  8761 work_thread.hpp:81]  [T-Work-Detect_0] Run work: WorkDetect
I1014 15:11:50.732403  8761 work_detect.cpp:102] Succeeded to add det start for frame 152
I1014 15:11:50.739210  8761 work_detect.cpp:70] Frame :152 detect result :1 face(s)
I1014 15:11:50.739253  8761 work_detect.cpp:86] Detected bbox: [183 x 229 from (228, 63)]
I1014 15:11:50.739297  8761 work_detect.cpp:120] Succeeded to add det end for frame 152
I1014 15:11:50.739313  8761 work_thread.hpp:81]  [T-Work-Detect_0] Run work: WrokTrack
I1014 15:11:50.739336  8761 work_track.cpp:82] Frame: 152 build input_characts: [0.285937 x 0.636111 from (0.35625, 0.175)], 1.00035, 0
I1014 15:11:50.739392  8761 work_track.cpp:102] Succeeded to set track lock for frame 152
I1014 15:11:50.739432  8761 work_track.cpp:116] Succeeded to release track lock for frame 152
I1014 15:11:50.739447  8761 work_track.cpp:120] Track results of frame 152: 1 objects input, 1 objects tracked!
I1014 15:11:50.739464  8761 work_track.cpp:148] Frame: 152, track bbox: [183 x 229 from (224.796, 63.668)], gid: 0, lid: 0
I1014 15:11:50.739502  8761 work_thread.hpp:87]  [T-Work-Detect_0] Frame :152 split
I1014 15:11:50.739519  8761 work_thread.hpp:120]  [T-Work-Detect_0] Valid piece: gid = 0
I1014 15:11:50.739537  8761 work_thread.hpp:91]  [T-Work-Detect_0] Push to split queue:recog
I1014 15:11:50.739626  8762 work_thread.hpp:81]  [T-Work-Recog_0] Run work: WorkCapture
I1014 15:11:50.739894  8764 thread_intergrate.hpp:95] T-Intergrate-intergrate Try push queue sorting again 5 vs 5
I1014 15:11:50.740340  8762 work_thread.hpp:81]  [T-Work-Recog_0] Run work: WorkRecog
I1014 15:11:50.740365  8762 work_recog.hpp:89] Face id: 0 will run recog: bbox [183 x 229 from (228, 63)] quality: 0.424351
I1014 15:11:50.740391  8762 work_recog.hpp:96] Recog pair: [256 x 328 from (192, 16)], [183 x 229 from (36, 47)]
I1014 15:11:50.750000  8764 thread_intergrate.hpp:95] T-Intergrate-intergrate Try push queue sorting again 5 vs 5
I1014 15:11:50.758061  8762 work_thread.hpp:81]  [T-Work-Recog_0] Run work: WorkCompare
I1014 15:11:50.758623  8762 work_compare.cpp:76] Compare face: 0 successed, similarity :0.995102, name : images/ThangLMb.jpg, normal size : 1548 * 1719!
I1014 15:11:50.760121  8764 thread_intergrate.hpp:95] T-Intergrate-intergrate Try push queue sorting again 5 vs 5
I1014 15:11:50.767949  8758 demo_inner.hpp:177] decode queue size 0
I1014 15:11:50.768072  8761 work_thread.hpp:81]  [T-Work-Detect_0] Run work: WorkDetect
I1014 15:11:50.768110  8761 work_detect.cpp:102] Succeeded to add det start for frame 153
I1014 15:11:50.768802  8762 work_thread.hpp:102]  [T-Work-Recog_0] Try to push queue compare again 8 vs 8
I1014 15:11:50.770222  8764 thread_intergrate.hpp:95] T-Intergrate-intergrate Try push queue sorting again 5 vs 5
I1014 15:11:50.774956  8761 work_detect.cpp:70] Frame :153 detect result :1 face(s)
I1014 15:11:50.774978  8761 work_detect.cpp:86] Detected bbox: [175 x 225 from (223, 66)]
I1014 15:11:50.775020  8761 work_detect.cpp:120] Succeeded to add det end for frame 153
I1014 15:11:50.775036  8761 work_thread.hpp:81]  [T-Work-Detect_0] Run work: WrokTrack
I1014 15:11:50.775056  8761 work_track.cpp:82] Frame: 153 build input_characts: [0.273438 x 0.625 from (0.348437, 0.183333)], 1.00019, 0
I1014 15:11:50.775111  8761 work_track.cpp:102] Succeeded to set track lock for frame 153
I1014 15:11:50.775152  8761 work_track.cpp:116] Succeeded to release track lock for frame 153
I1014 15:11:50.775166  8761 work_track.cpp:120] Track results of frame 153: 1 objects input, 1 objects tracked!
I1014 15:11:50.775184  8761 work_track.cpp:148] Frame: 153, track bbox: [175 x 225 from (224.932, 62.1681)], gid: 0, lid: 0
I1014 15:11:50.775220  8761 work_thread.hpp:87]  [T-Work-Detect_0] Frame :153 split
I1014 15:11:50.775238  8761 work_thread.hpp:120]  [T-Work-Detect_0] Valid piece: gid = 0
I1014 15:11:50.775255  8761 work_thread.hpp:91]  [T-Work-Detect_0] Push to split queue:recog
I1014 15:11:50.775307  8763 work_thread.hpp:81]  [T-Work-Recog_1] Run work: WorkCapture
I1014 15:11:50.775838  8763 work_thread.hpp:81]  [T-Work-Recog_1] Run work: WorkRecog
I1014 15:11:50.775861  8763 work_recog.hpp:89] Face id: 0 will run recog: bbox [175 x 225 from (223, 66)] quality: 0.46058
I1014 15:11:50.775887  8763 work_recog.hpp:96] Recog pair: [256 x 320 from (184, 16)], [175 x 225 from (39, 50)]
I1014 15:11:50.779155  8762 work_thread.hpp:102]  [T-Work-Recog_0] Try to push queue compare again 8 vs 8
I1014 15:11:50.780321  8764 thread_intergrate.hpp:95] T-Intergrate-intergrate Try push queue sorting again 5 vs 5
I1014 15:11:50.785351  8761 work_thread.hpp:102]  [T-Work-Detect_0] Try to push queue frame again 8 vs 8
I1014 15:11:50.789266  8762 work_thread.hpp:102]  [T-Work-Recog_0] Try to push queue compare again 8 vs 8
I1014 15:11:50.790424  8764 thread_intergrate.hpp:95] T-Intergrate-intergrate Try push queue sorting again 5 vs 5
I1014 15:11:50.793449  8763 work_thread.hpp:81]  [T-Work-Recog_1] Run work: WorkCompare
I1014 15:11:50.793874  8763 work_compare.cpp:76] Compare face: 0 successed, similarity :0.997061, name : images/ThangLMb.jpg, normal size : 1548 * 1719!
I1014 15:11:50.795442  8761 work_thread.hpp:102]  [T-Work-Detect_0] Try to push queue frame again 8 vs 8
I1014 15:11:50.798259  8758 demo_inner.hpp:177] decode queue size 0
I1014 15:11:50.799669  8762 work_thread.hpp:102]  [T-Work-Recog_0] Try to push queue compare again 8 vs 8
I1014 15:11:50.800526  8764 thread_intergrate.hpp:95] T-Intergrate-intergrate Try push queue sorting again 5 vs 5
I1014 15:11:50.803989  8763 work_thread.hpp:102]  [T-Work-Recog_1] Try to push queue compare again 8 vs 8
I1014 15:11:50.805527  8761 work_thread.hpp:102]  [T-Work-Detect_0] Try to push queue frame again 8 vs 8
I1014 15:11:50.809763  8762 work_thread.hpp:102]  [T-Work-Recog_0] Try to push queue compare again 8 vs 8
I1014 15:11:50.810619  8764 thread_intergrate.hpp:95] T-Intergrate-intergrate Try push queue sorting again 5 vs 5
I1014 15:11:50.814074  8763 work_thread.hpp:102]  [T-Work-Recog_1] Try to push queue compare again 8 vs 8
I1014 15:11:50.815608  8761 work_thread.hpp:102]  [T-Work-Detect_0] Try to push queue frame again 8 vs 8
I1014 15:11:50.819851  8762 work_thread.hpp:102]  [T-Work-Recog_0] Try to push queue compare again 8 vs 8
I1014 15:11:50.820708  8764 thread_intergrate.hpp:95] T-Intergrate-intergrate Try push queue sorting again 5 vs 5
I1014 15:11:50.824175  8763 work_thread.hpp:102]  [T-Work-Recog_1] Try to push queue compare again 8 vs 8
I1014 15:11:50.825697  8761 work_thread.hpp:102]  [T-Work-Detect_0] Try to push queue frame again 8 vs 8
I1014 15:11:50.829943  8762 work_thread.hpp:102]  [T-Work-Recog_0] Try to push queue compare again 8 vs 8
I1014 15:11:50.830799  8764 thread_intergrate.hpp:95] T-Intergrate-intergrate Try push queue sorting again 5 vs 5
I1014 15:11:50.834043  8758 demo_inner.hpp:177] decode queue size 1
I1014 15:11:50.834282  8763 work_thread.hpp:102]  [T-Work-Recog_1] Try to push queue compare again 8 vs 8
I1014 15:11:50.835786  8761 work_thread.hpp:102]  [T-Work-Detect_0] Try to push queue frame again 8 vs 8
I1014 15:11:50.840139  8762 work_thread.hpp:102]  [T-Work-Recog_0] Try to push queue compare again 8 vs 8
I1014 15:11:50.840898  8764 thread_intergrate.hpp:95] T-Intergrate-intergrate Try push queue sorting again 5 vs 5
I1014 15:11:50.844373  8763 work_thread.hpp:102]  [T-Work-Recog_1] Try to push queue compare again 8 vs 8
I1014 15:11:50.845868  8761 work_thread.hpp:102]  [T-Work-Detect_0] Try to push queue frame again 8 vs 8
I1014 15:11:50.850250  8762 work_thread.hpp:102]  [T-Work-Recog_0] Try to push queue compare again 8 vs 8
I1014 15:11:50.850991  8764 thread_intergrate.hpp:95] T-Intergrate-intergrate Try push queue sorting again 5 vs 5
I1014 15:11:50.854455  8763 work_thread.hpp:102]  [T-Work-Recog_1] Try to push queue compare again 8 vs 8
I1014 15:11:50.855949  8761 work_thread.hpp:102]  [T-Work-Detect_0] Try to push queue frame again 8 vs 8
I1014 15:11:50.860338  8762 work_thread.hpp:102]  [T-Work-Recog_0] Try to push queue compare again 8 vs 8
I1014 15:11:50.861078  8764 thread_intergrate.hpp:95] T-Intergrate-intergrate Try push queue sorting again 5 vs 5
I1014 15:11:50.864538  8763 work_thread.hpp:102]  [T-Work-Recog_1] Try to push queue compare again 8 vs 8
I1014 15:11:50.866031  8761 work_thread.hpp:102]  [T-Work-Detect_0] Try to push queue frame again 8 vs 8
I1014 15:11:50.869488  8758 demo_inner.hpp:177] decode queue size 1
I1014 15:11:50.870434  8762 work_thread.hpp:102]  [T-Work-Recog_0] Try to push queue compare again 8 vs 8
I1014 15:11:50.871168  8764 thread_intergrate.hpp:95] T-Intergrate-intergrate Try push queue sorting again 5 vs 5
I1014 15:11:50.874622  8763 work_thread.hpp:102]  [T-Work-Recog_1] Try to push queue compare again 8 vs 8
I1014 15:11:50.876116  8761 work_thread.hpp:102]  [T-Work-Detect_0] Try to push queue frame again 8 vs 8
I1014 15:11:50.880527  8762 work_thread.hpp:102]  [T-Work-Recog_0] Try to push queue compare again 8 vs 8
I1014 15:11:50.881254  8764 thread_intergrate.hpp:95] T-Intergrate-intergrate Try push queue sorting again 5 vs 5
I1014 15:11:50.884704  8763 work_thread.hpp:102]  [T-Work-Recog_1] Try to push queue compare again 8 vs 8
I1014 15:11:50.886196  8761 work_thread.hpp:102]  [T-Work-Detect_0] Try to push queue frame again 8 vs 8
I1014 15:11:50.890617  8762 work_thread.hpp:102]  [T-Work-Recog_0] Try to push queue compare again 8 vs 8
I1014 15:11:50.891340  8764 thread_intergrate.hpp:95] T-Intergrate-intergrate Try push queue sorting again 5 vs 5
I1014 15:11:50.894788  8763 work_thread.hpp:102]  [T-Work-Recog_1] Try to push queue compare again 8 vs 8
I1014 15:11:50.896281  8761 work_thread.hpp:102]  [T-Work-Detect_0] Try to push queue frame again 8 vs 8
I1014 15:11:50.899597  8758 demo_inner.hpp:177] decode queue size 1
I1014 15:11:50.900714  8762 work_thread.hpp:102]  [T-Work-Recog_0] Try to push queue compare again 8 vs 8
I1014 15:11:50.901430  8764 thread_intergrate.hpp:95] T-Intergrate-intergrate Try push queue sorting again 5 vs 5
I1014 15:11:50.904872  8763 work_thread.hpp:102]  [T-Work-Recog_1] Try to push queue compare again 8 vs 8
I1014 15:11:50.906363  8761 work_thread.hpp:102]  [T-Work-Detect_0] Try to push queue frame again 8 vs 8
I1014 15:11:50.910804  8762 work_thread.hpp:102]  [T-Work-Recog_0] Try to push queue compare again 8 vs 8
I1014 15:11:50.911517  8764 thread_intergrate.hpp:95] T-Intergrate-intergrate Try push queue sorting again 5 vs 5
I1014 15:11:50.914954  8763 work_thread.hpp:102]  [T-Work-Recog_1] Try to push queue compare again 8 vs 8
I1014 15:11:50.916443  8761 work_thread.hpp:102]  [T-Work-Detect_0] Try to push queue frame again 8 vs 8
I1014 15:11:50.920891  8762 work_thread.hpp:102]  [T-Work-Recog_0] Try to push queue compare again 8 vs 8
I1014 15:11:50.921600  8764 thread_intergrate.hpp:95] T-Intergrate-intergrate Try push queue sorting again 5 vs 5
I1014 15:11:50.925036  8763 work_thread.hpp:102]  [T-Work-Recog_1] Try to push queue compare again 8 vs 8
I1014 15:11:50.926525  8761 work_thread.hpp:102]  [T-Work-Detect_0] Try to push queue frame again 8 vs 8
I1014 15:11:50.931100  8762 work_thread.hpp:102]  [T-Work-Recog_0] Try to push queue compare again 8 vs 8
I1014 15:11:50.931687  8764 thread_intergrate.hpp:95] T-Intergrate-intergrate Try push queue sorting again 5 vs 5
I1014 15:11:50.933776  8759 demo_inner.hpp:260]  gui queue size 10, state = running
I1014 15:11:50.933818  8764 thread_intergrate.hpp:78] [T-Intergrate-intergrate] queue: frame output frame :145
I1014 15:11:50.933838  8761 work_thread.hpp:81]  [T-Work-Detect_0] Run work: WorkDetect
I1014 15:11:50.933848  8764 thread_intergrate.hpp:85] [T-Intergrate-intergrate] queue: compare output face:0
I1014 15:11:50.933867  8764 thread_intergrate.hpp:144] T-Intergrate-intergrate set matched face: 0
I1014 15:11:50.933874  8761 work_detect.cpp:102] Succeeded to add det start for frame 154
I1014 15:11:50.934116  8760 demo_inner.hpp:435] thread [SORT-0]  frame id 139 sorting queue size 0   FPS: 28.4784
I1014 15:11:50.934475  8760 demo_inner.hpp:435] thread [SORT-0]  frame id 140 sorting queue size 1   FPS: 28.4784
I1014 15:11:50.934801  8760 demo_inner.hpp:435] thread [SORT-0]  frame id 141 sorting queue size 2   FPS: 28.4784
I1014 15:11:50.935123  8760 demo_inner.hpp:435] thread [SORT-0]  frame id 142 sorting queue size 3   FPS: 28.4784
I1014 15:11:50.935400  8764 thread_intergrate.hpp:171] T-Intergrate-intergrate Show face :0, size :640 * 360
I1014 15:11:50.935446  8760 demo_inner.hpp:435] thread [SORT-0]  frame id 143 sorting queue size 4   FPS: 28.4784
I1014 15:11:50.935492  8759 demo_inner.hpp:260]  gui queue size 4, state = running
I1014 15:11:50.935549  8764 thread_intergrate.hpp:78] [T-Intergrate-intergrate] queue: frame output frame :146
I1014 15:11:50.935587  8764 thread_intergrate.hpp:85] [T-Intergrate-intergrate] queue: compare output face:0
I1014 15:11:50.935606  8764 thread_intergrate.hpp:144] T-Intergrate-intergrate set matched face: 0
I1014 15:11:50.935767  8760 demo_inner.hpp:435] thread [SORT-0]  frame id 144 sorting queue size 0   FPS: 28.4784
I1014 15:11:50.936190  8760 demo_inner.hpp:435] thread [SORT-0]  frame id 145 sorting queue size 1   FPS: 28.5016
I1014 15:11:50.937266  8764 thread_intergrate.hpp:171] T-Intergrate-intergrate Show face :0, size :640 * 360
I1014 15:11:50.937507  8764 thread_intergrate.hpp:78] [T-Intergrate-intergrate] queue: frame output frame :147
I1014 15:11:50.937537  8764 thread_intergrate.hpp:85] [T-Intergrate-intergrate] queue: compare output face:0
I1014 15:11:50.937556  8764 thread_intergrate.hpp:144] T-Intergrate-intergrate set matched face: 0
I1014 15:11:50.937865  8760 demo_inner.hpp:435] thread [SORT-0]  frame id 146 sorting queue size 2   FPS: 28.5132
I1014 15:11:50.938982  8758 demo_inner.hpp:177] decode queue size 0
I1014 15:11:50.939416  8764 thread_intergrate.hpp:171] T-Intergrate-intergrate Show face :0, size :640 * 360
I1014 15:11:50.939649  8764 thread_intergrate.hpp:78] [T-Intergrate-intergrate] queue: frame output frame :148
I1014 15:11:50.939682  8764 thread_intergrate.hpp:85] [T-Intergrate-intergrate] queue: compare output face:0
I1014 15:11:50.939700  8764 thread_intergrate.hpp:144] T-Intergrate-intergrate set matched face: 0
I1014 15:11:50.940011  8760 demo_inner.hpp:435] thread [SORT-0]  frame id 147 sorting queue size 3   FPS: 28.5132
I1014 15:11:50.940146  8759 demo_inner.hpp:260]  gui queue size 3, state = running
I1014 15:11:50.941131  8761 work_detect.cpp:70] Frame :154 detect result :1 face(s)
I1014 15:11:50.941180  8761 work_detect.cpp:86] Detected bbox: [191 x 233 from (223, 63)]
I1014 15:11:50.941228  8761 work_detect.cpp:120] Succeeded to add det end for frame 154
I1014 15:11:50.941246  8761 work_thread.hpp:81]  [T-Work-Detect_0] Run work: WrokTrack
I1014 15:11:50.941267  8764 thread_intergrate.hpp:171] T-Intergrate-intergrate Show face :0, size :640 * 360
I1014 15:11:50.941268  8761 work_track.cpp:82] Frame: 154 build input_characts: [0.298438 x 0.647222 from (0.348437, 0.175)], 1.00035, 0
I1014 15:11:50.941390  8761 work_track.cpp:102] Succeeded to set track lock for frame 154
I1014 15:11:50.941435  8761 work_track.cpp:116] Succeeded to release track lock for frame 154
I1014 15:11:50.941452  8761 work_track.cpp:120] Track results of frame 154: 1 objects input, 1 objects tracked!
I1014 15:11:50.941470  8761 work_track.cpp:148] Frame: 154, track bbox: [191 x 233 from (220.756, 61.4678)], gid: 0, lid: 0
I1014 15:11:50.941509  8761 work_thread.hpp:87]  [T-Work-Detect_0] Frame :154 split
I1014 15:11:50.941511  8764 thread_intergrate.hpp:78] [T-Intergrate-intergrate] queue: frame output frame :149
I1014 15:11:50.941542  8761 work_thread.hpp:120]  [T-Work-Detect_0] Valid piece: gid = 0
I1014 15:11:50.941571  8764 thread_intergrate.hpp:85] [T-Intergrate-intergrate] queue: compare output face:0
I1014 15:11:50.941578  8761 work_thread.hpp:91]  [T-Work-Detect_0] Push to split queue:recog
I1014 15:11:50.941589  8764 thread_intergrate.hpp:144] T-Intergrate-intergrate set matched face: 0
I1014 15:11:50.941627  8763 work_thread.hpp:81]  [T-Work-Recog_1] Run work: WorkCapture
I1014 15:11:50.941877  8760 demo_inner.hpp:435] thread [SORT-0]  frame id 148 sorting queue size 0   FPS: 28.5249
I1014 15:11:50.941928  8761 work_thread.hpp:81]  [T-Work-Detect_0] Run work: WorkDetect
I1014 15:11:50.941956  8761 work_detect.cpp:102] Succeeded to add det start for frame 155
I1014 15:11:50.942286  8763 work_thread.hpp:81]  [T-Work-Recog_1] Run work: WorkRecog
I1014 15:11:50.942308  8763 work_recog.hpp:89] Face id: 0 will run recog: bbox [191 x 233 from (223, 63)] quality: 0.451388
I1014 15:11:50.942337  8763 work_recog.hpp:96] Recog pair: [272 x 328 from (184, 16)], [191 x 233 from (39, 47)]
I1014 15:11:50.943202  8764 thread_intergrate.hpp:171] T-Intergrate-intergrate Show face :0, size :640 * 360
I1014 15:11:50.943418  8764 thread_intergrate.hpp:78] [T-Intergrate-intergrate] queue: frame output frame :150
I1014 15:11:50.943446  8764 thread_intergrate.hpp:85] [T-Intergrate-intergrate] queue: compare output face:0
I1014 15:11:50.943464  8764 thread_intergrate.hpp:144] T-Intergrate-intergrate set matched face: 0
I1014 15:11:50.943814  8760 demo_inner.hpp:435] thread [SORT-0]  frame id 149 sorting queue size 1   FPS: 28.5249
I1014 15:11:50.945341  8764 thread_intergrate.hpp:171] T-Intergrate-intergrate Show face :0, size :640 * 360
I1014 15:11:50.945570  8764 thread_intergrate.hpp:78] [T-Intergrate-intergrate] queue: frame output frame :151
I1014 15:11:50.945601  8764 thread_intergrate.hpp:85] [T-Intergrate-intergrate] queue: compare output face:0
I1014 15:11:50.945621  8764 thread_intergrate.hpp:144] T-Intergrate-intergrate set matched face: 0
I1014 15:11:50.945945  8760 demo_inner.hpp:435] thread [SORT-0]  frame id 150 sorting queue size 2   FPS: 28.5249
I1014 15:11:50.946043  8759 demo_inner.hpp:260]  gui queue size 2, state = running
I1014 15:11:50.947361  8764 thread_intergrate.hpp:171] T-Intergrate-intergrate Show face :0, size :640 * 360
I1014 15:11:50.947633  8764 thread_intergrate.hpp:78] [T-Intergrate-intergrate] queue: frame output frame :152
I1014 15:11:50.947662  8764 thread_intergrate.hpp:85] [T-Intergrate-intergrate] queue: compare output face:0
I1014 15:11:50.947680  8764 thread_intergrate.hpp:144] T-Intergrate-intergrate set matched face: 0
I1014 15:11:50.948019  8760 demo_inner.hpp:435] thread [SORT-0]  frame id 151 sorting queue size 0   FPS: 28.5249
I1014 15:11:50.949690  8764 thread_intergrate.hpp:171] T-Intergrate-intergrate Show face :0, size :640 * 360
I1014 15:11:50.949955  8764 thread_intergrate.hpp:78] [T-Intergrate-intergrate] queue: frame output frame :153
I1014 15:11:50.949981  8764 thread_intergrate.hpp:85] [T-Intergrate-intergrate] queue: compare output face:0
I1014 15:11:50.950001  8764 thread_intergrate.hpp:144] T-Intergrate-intergrate set matched face: 0
I1014 15:11:50.950404  8760 demo_inner.hpp:435] thread [SORT-0]  frame id 152 sorting queue size 1   FPS: 28.5365
I1014 15:11:50.951923  8764 thread_intergrate.hpp:171] T-Intergrate-intergrate Show face :0, size :640 * 360
I1014 15:11:50.952209  8764 thread_intergrate.hpp:78] [T-Intergrate-intergrate] queue: frame output frame :154
I1014 15:11:50.952246  8764 thread_intergrate.hpp:85] [T-Intergrate-intergrate] queue: compare output face:0
I1014 15:11:50.952266  8764 thread_intergrate.hpp:144] T-Intergrate-intergrate set matched face: 0
I1014 15:11:50.952270  8761 work_detect.cpp:70] Frame :155 detect result :1 face(s)
I1014 15:11:50.952293  8761 work_detect.cpp:86] Detected bbox: [187 x 232 from (226, 62)]
I1014 15:11:50.952333  8761 work_detect.cpp:120] Succeeded to add det end for frame 155
I1014 15:11:50.952350  8761 work_thread.hpp:81]  [T-Work-Detect_0] Run work: WrokTrack
I1014 15:11:50.952376  8761 work_track.cpp:82] Frame: 155 build input_characts: [0.292188 x 0.644444 from (0.353125, 0.172222)], 1.00035, 0
I1014 15:11:50.952438  8761 work_track.cpp:102] Succeeded to set track lock for frame 155
I1014 15:11:50.952453  8759 demo_inner.hpp:260]  gui queue size 1, state = running
I1014 15:11:50.952486  8761 work_track.cpp:116] Succeeded to release track lock for frame 155
I1014 15:11:50.952500  8761 work_track.cpp:120] Track results of frame 155: 1 objects input, 1 objects tracked!
I1014 15:11:50.952520  8761 work_track.cpp:148] Frame: 155, track bbox: [187 x 232 from (223.73, 62.1275)], gid: 0, lid: 0
I1014 15:11:50.952558  8761 work_thread.hpp:87]  [T-Work-Detect_0] Frame :155 split
I1014 15:11:50.952579  8761 work_thread.hpp:120]  [T-Work-Detect_0] Valid piece: gid = 0
I1014 15:11:50.952600  8761 work_thread.hpp:91]  [T-Work-Detect_0] Push to split queue:recog
I1014 15:11:50.952605  8760 demo_inner.hpp:435] thread [SORT-0]  frame id 153 sorting queue size 0   FPS: 28.5481
I1014 15:11:50.952684  8762 work_thread.hpp:81]  [T-Work-Recog_0] Run work: WorkCapture
I1014 15:11:50.953467  8762 work_thread.hpp:81]  [T-Work-Recog_0] Run work: WorkRecog
I1014 15:11:50.953529  8762 work_recog.hpp:89] Face id: 0 will run recog: bbox [187 x 232 from (226, 62)] quality: 0.445494
I1014 15:11:50.953574  8762 work_recog.hpp:96] Recog pair: [272 x 328 from (184, 16)], [187 x 232 from (42, 46)]
I1014 15:11:50.954098  8764 thread_intergrate.hpp:171] T-Intergrate-intergrate Show face :0, size :640 * 360
I1014 15:11:50.954301  8764 thread_intergrate.hpp:78] [T-Intergrate-intergrate] queue: frame output frame :155
I1014 15:11:50.954699  8760 demo_inner.hpp:435] thread [SORT-0]  frame id 154 sorting queue size 1   FPS: 28.5481
I1014 15:11:50.955482  8764 thread_intergrate.hpp:171] T-Intergrate-intergrate Show face :0, size :640 * 360
I1014 15:11:50.956110  8760 demo_inner.hpp:435] thread [SORT-0]  frame id 155 sorting queue size 2   FPS: 28.6299
I1014 15:11:50.959352  8759 demo_inner.hpp:260]  gui queue size 2, state = running
I1014 15:11:50.962889  8763 work_thread.hpp:81]  [T-Work-Recog_1] Run work: WorkCompare
I1014 15:11:50.963418  8763 work_compare.cpp:76] Compare face: 0 successed, similarity :0.996679, name : images/ThangLMb.jpg, normal size : 1548 * 1719!
I1014 15:11:50.968355  8758 demo_inner.hpp:177] decode queue size 0
I1014 15:11:50.968514  8761 work_thread.hpp:81]  [T-Work-Detect_0] Run work: WorkDetect
I1014 15:11:50.968564  8761 work_detect.cpp:102] Succeeded to add det start for frame 156
I1014 15:11:50.974122  8762 work_thread.hpp:81]  [T-Work-Recog_0] Run work: WorkCompare
I1014 15:11:50.974725  8762 work_compare.cpp:76] Compare face: 0 successed, similarity :0.994796, name : images/ThangLMb.jpg, normal size : 1548 * 1719!
I1014 15:11:50.975517  8761 work_detect.cpp:70] Frame :156 detect result :1 face(s)
I1014 15:11:50.975538  8761 work_detect.cpp:86] Detected bbox: [174 x 227 from (222, 63)]
I1014 15:11:50.975575  8761 work_detect.cpp:120] Succeeded to add det end for frame 156
I1014 15:11:50.975591  8761 work_thread.hpp:81]  [T-Work-Detect_0] Run work: WrokTrack
I1014 15:11:50.975612  8761 work_track.cpp:82] Frame: 156 build input_characts: [0.271875 x 0.630556 from (0.346875, 0.175)], 1.00019, 0
I1014 15:11:50.975729  8761 work_track.cpp:102] Succeeded to set track lock for frame 156
I1014 15:11:50.975775  8761 work_track.cpp:116] Succeeded to release track lock for frame 156
I1014 15:11:50.975790  8761 work_track.cpp:120] Track results of frame 156: 1 objects input, 1 objects tracked!
I1014 15:11:50.975807  8761 work_track.cpp:148] Frame: 156, track bbox: [174 x 227 from (228.028, 64.3359)], gid: 0, lid: 0
I1014 15:11:50.975844  8761 work_thread.hpp:87]  [T-Work-Detect_0] Frame :156 split
I1014 15:11:50.975862  8761 work_thread.hpp:120]  [T-Work-Detect_0] Valid piece: gid = 0
I1014 15:11:50.975879  8761 work_thread.hpp:91]  [T-Work-Detect_0] Push to split queue:recog
I1014 15:11:50.975926  8763 work_thread.hpp:81]  [T-Work-Recog_1] Run work: WorkCapture
I1014 15:11:50.975932  8764 thread_intergrate.hpp:78] [T-Intergrate-intergrate] queue: frame output frame :156
I1014 15:11:50.975960  8764 thread_intergrate.hpp:85] [T-Intergrate-intergrate] queue: compare output face:0
I1014 15:11:50.975978  8764 thread_intergrate.hpp:144] T-Intergrate-intergrate set matched face: 0
I1014 15:11:50.976541  8763 work_thread.hpp:81]  [T-Work-Recog_1] Run work: WorkRecog
I1014 15:11:50.976567  8763 work_recog.hpp:89] Face id: 0 will run recog: bbox [174 x 227 from (222, 63)] quality: 0.465029
I1014 15:11:50.976596  8763 work_recog.hpp:96] Recog pair: [248 x 320 from (184, 16)], [174 x 227 from (38, 47)]
I1014 15:11:50.977490  8764 thread_intergrate.hpp:171] T-Intergrate-intergrate Show face :0, size :640 * 360
I1014 15:11:50.978015  8760 demo_inner.hpp:435] thread [SORT-0]  frame id 156 sorting queue size 0   FPS: 28.7238
I1014 15:11:50.978102  8759 demo_inner.hpp:260]  gui queue size 0, state = running
I1014 15:11:50.994453  8763 work_thread.hpp:81]  [T-Work-Recog_1] Run work: WorkCompare
I1014 15:11:50.994916  8763 work_compare.cpp:76] Compare face: 0 successed, similarity :0.995786, name : images/ThangLMb.jpg, normal size : 1548 * 1719!
I1014 15:11:51.002420  8758 demo_inner.hpp:177] decode queue size 0
I1014 15:11:51.002533  8761 work_thread.hpp:81]  [T-Work-Detect_0] Run work: WorkDetect
I1014 15:11:51.002568  8761 work_detect.cpp:102] Succeeded to add det start for frame 157
I1014 15:11:51.009263  8761 work_detect.cpp:70] Frame :157 detect result :1 face(s)
I1014 15:11:51.009307  8761 work_detect.cpp:86] Detected bbox: [177 x 225 from (220, 64)]
I1014 15:11:51.009351  8761 work_detect.cpp:120] Succeeded to add det end for frame 157
I1014 15:11:51.009366  8761 work_thread.hpp:81]  [T-Work-Detect_0] Run work: WrokTrack
I1014 15:11:51.009390  8761 work_track.cpp:82] Frame: 157 build input_characts: [0.276563 x 0.625 from (0.34375, 0.177778)], 1.00019, 0
I1014 15:11:51.009444  8761 work_track.cpp:102] Succeeded to set track lock for frame 157
I1014 15:11:51.009485  8761 work_track.cpp:116] Succeeded to release track lock for frame 157
I1014 15:11:51.009500  8761 work_track.cpp:120] Track results of frame 157: 1 objects input, 1 objects tracked!
I1014 15:11:51.009517  8761 work_track.cpp:148] Frame: 157, track bbox: [177 x 225 from (221.632, 64.3739)], gid: 0, lid: 0
I1014 15:11:51.009553  8761 work_thread.hpp:87]  [T-Work-Detect_0] Frame :157 split
I1014 15:11:51.009572  8761 work_thread.hpp:120]  [T-Work-Detect_0] Valid piece: gid = 0
I1014 15:11:51.009588  8761 work_thread.hpp:91]  [T-Work-Detect_0] Push to split queue:recog
I1014 15:11:51.009631  8763 work_thread.hpp:81]  [T-Work-Recog_1] Run work: WorkCapture
I1014 15:11:51.009634  8764 thread_intergrate.hpp:78] [T-Intergrate-intergrate] queue: frame output frame :157
I1014 15:11:51.009673  8764 thread_intergrate.hpp:85] [T-Intergrate-intergrate] queue: compare output face:0
I1014 15:11:51.009692  8764 thread_intergrate.hpp:144] T-Intergrate-intergrate set matched face: 0
I1014 15:11:51.010502  8763 work_thread.hpp:81]  [T-Work-Recog_1] Run work: WorkRecog
I1014 15:11:51.010530  8763 work_recog.hpp:89] Face id: 0 will run recog: bbox [177 x 225 from (220, 64)] quality: 0.474052
I1014 15:11:51.010565  8763 work_recog.hpp:96] Recog pair: [248 x 320 from (184, 16)], [177 x 225 from (36, 48)]
I1014 15:11:51.011168  8764 thread_intergrate.hpp:171] T-Intergrate-intergrate Show face :0, size :640 * 360
I1014 15:11:51.011767  8760 demo_inner.hpp:435] thread [SORT-0]  frame id 157 sorting queue size 0   FPS: 28.6885
I1014 15:11:51.011859  8759 demo_inner.hpp:260]  gui queue size 0, state = running
I1014 15:11:51.028241  8763 work_thread.hpp:81]  [T-Work-Recog_1] Run work: WorkCompare
I1014 15:11:51.028702  8763 work_compare.cpp:76] Compare face: 0 successed, similarity :0.996067, name : images/ThangLMb.jpg, normal size : 1548 * 1719!
I1014 15:11:51.031924  8758 demo_inner.hpp:177] decode queue size 0
I1014 15:11:51.031993  8761 work_thread.hpp:81]  [T-Work-Detect_0] Run work: WorkDetect
I1014 15:11:51.032023  8761 work_detect.cpp:102] Succeeded to add det start for frame 158
I1014 15:11:51.038653  8761 work_detect.cpp:70] Frame :158 detect result :1 face(s)
I1014 15:11:51.038697  8761 work_detect.cpp:86] Detected bbox: [182 x 232 from (219, 65)]
I1014 15:11:51.038743  8761 work_detect.cpp:120] Succeeded to add det end for frame 158
I1014 15:11:51.038759  8761 work_thread.hpp:81]  [T-Work-Detect_0] Run work: WrokTrack
I1014 15:11:51.038782  8761 work_track.cpp:82] Frame: 158 build input_characts: [0.284375 x 0.644444 from (0.342187, 0.180556)], 1.00019, 0
I1014 15:11:51.038837  8761 work_track.cpp:102] Succeeded to set track lock for frame 158
I1014 15:11:51.038877  8761 work_track.cpp:116] Succeeded to release track lock for frame 158
I1014 15:11:51.038892  8761 work_track.cpp:120] Track results of frame 158: 1 objects input, 1 objects tracked!
I1014 15:11:51.038909  8761 work_track.cpp:148] Frame: 158, track bbox: [182 x 232 from (218.618, 62.4734)], gid: 0, lid: 0
I1014 15:11:51.038945  8761 work_thread.hpp:87]  [T-Work-Detect_0] Frame :158 split
I1014 15:11:51.038964  8761 work_thread.hpp:120]  [T-Work-Detect_0] Valid piece: gid = 0
I1014 15:11:51.038981  8761 work_thread.hpp:91]  [T-Work-Detect_0] Push to split queue:recog
I1014 15:11:51.039021  8762 work_thread.hpp:81]  [T-Work-Recog_0] Run work: WorkCapture
