I1014 15:07:49.213865  8650 work_thread.hpp:81]  [T-Work-Recog_1] Run work: WorkCapture
I1014 15:07:49.214306  8651 thread_intergrate.hpp:78] [T-Intergrate-intergrate] queue: frame output frame :181
I1014 15:07:49.214334  8651 thread_intergrate.hpp:85] [T-Intergrate-intergrate] queue: compare output face:0
I1014 15:07:49.214352  8651 thread_intergrate.hpp:144] T-Intergrate-intergrate set matched face: 0
I1014 15:07:49.214579  8650 work_thread.hpp:81]  [T-Work-Recog_1] Run work: WorkRecog
I1014 15:07:49.214603  8650 work_recog.hpp:89] Face id: 0 will run recog: bbox [130 x 176 from (171, 177)] quality: 0.463142
I1014 15:07:49.214783  8650 work_recog.hpp:96] Recog pair: [184 x 224 from (144, 136)], [130 x 176 from (27, 41)]
I1014 15:07:49.216011  8651 thread_intergrate.hpp:168] T-Intergrate-intergrate Show face :0, size :640 * 360
I1014 15:07:49.216631  8647 demo_inner.hpp:435] thread [SORT-0]  frame id 181 sorting queue size 1   FPS: 28.4781
I1014 15:07:49.232569  8650 work_thread.hpp:81]  [T-Work-Recog_1] Run work: WorkCompare
I1014 15:07:49.233167  8650 work_compare.cpp:76] Compare face: 0 successed, similarity :0.987193, name : images/ThangLMb.jpg, normal size : 1548 * 1719!
I1014 15:07:49.236346  8645 demo_inner.hpp:177] decode queue size 0
I1014 15:07:49.236479  8648 work_thread.hpp:81]  [T-Work-Detect_0] Run work: WorkDetect
I1014 15:07:49.236515  8648 work_detect.cpp:102] Succeeded to add det start for frame 182
I1014 15:07:49.242460  8646 demo_inner.hpp:260]  gui queue size 1, state = running
I1014 15:07:49.243880  8648 work_detect.cpp:70] Frame :182 detect result :1 face(s)
I1014 15:07:49.243950  8648 work_detect.cpp:86] Detected bbox: [139 x 182 from (164, 175)]
I1014 15:07:49.244069  8648 work_detect.cpp:120] Succeeded to add det end for frame 182
I1014 15:07:49.244087  8648 work_thread.hpp:81]  [T-Work-Detect_0] Run work: WrokTrack
I1014 15:07:49.244113  8648 work_track.cpp:82] Frame: 182 build input_characts: [0.217187 x 0.505556 from (0.25625, 0.486111)], 0.997596, 0
I1014 15:07:49.244223  8648 work_track.cpp:102] Succeeded to set track lock for frame 182
I1014 15:07:49.244269  8648 work_track.cpp:116] Succeeded to release track lock for frame 182
I1014 15:07:49.244284  8648 work_track.cpp:120] Track results of frame 182: 1 objects input, 1 objects tracked!
I1014 15:07:49.244310  8648 work_track.cpp:148] Frame: 182, track bbox: [139 x 182 from (165.202, 175.785)], gid: 0, lid: 0
I1014 15:07:49.244349  8648 work_thread.hpp:87]  [T-Work-Detect_0] Frame :182 split
I1014 15:07:49.244369  8648 work_thread.hpp:120]  [T-Work-Detect_0] Valid piece: gid = 0
I1014 15:07:49.244387  8648 work_thread.hpp:91]  [T-Work-Detect_0] Push to split queue:recog
I1014 15:07:49.244467  8651 thread_intergrate.hpp:78] [T-Intergrate-intergrate] queue: frame output frame :182
I1014 15:07:49.244491  8649 work_thread.hpp:81]  [T-Work-Recog_0] Run work: WorkCapture
I1014 15:07:49.244498  8651 thread_intergrate.hpp:85] [T-Intergrate-intergrate] queue: compare output face:0
I1014 15:07:49.244516  8651 thread_intergrate.hpp:144] T-Intergrate-intergrate set matched face: 0
I1014 15:07:49.245426  8649 work_thread.hpp:81]  [T-Work-Recog_0] Run work: WorkRecog
I1014 15:07:49.245470  8649 work_recog.hpp:89] Face id: 0 will run recog: bbox [139 x 182 from (164, 175)] quality: 0.469522
I1014 15:07:49.245512  8649 work_recog.hpp:96] Recog pair: [200 x 224 from (136, 136)], [139 x 182 from (28, 39)]
I1014 15:07:49.246302  8651 thread_intergrate.hpp:168] T-Intergrate-intergrate Show face :0, size :640 * 360
I1014 15:07:49.246871  8647 demo_inner.hpp:435] thread [SORT-0]  frame id 182 sorting queue size 0   FPS: 28.5447
I1014 15:07:49.263813  8649 work_thread.hpp:81]  [T-Work-Recog_0] Run work: WorkCompare
I1014 15:07:49.264513  8649 work_compare.cpp:76] Compare face: 0 successed, similarity :0.99237, name : images/ThangLMb.jpg, normal size : 1548 * 1719!
I1014 15:07:49.272044  8645 demo_inner.hpp:177] decode queue size 0
I1014 15:07:49.272198  8648 work_thread.hpp:81]  [T-Work-Detect_0] Run work: WorkDetect
I1014 15:07:49.272235  8648 work_detect.cpp:102] Succeeded to add det start for frame 183
I1014 15:07:49.279783  8648 work_detect.cpp:70] Frame :183 detect result :1 face(s)
I1014 15:07:49.279834  8648 work_detect.cpp:86] Detected bbox: [138 x 184 from (166, 175)]
I1014 15:07:49.279902  8648 work_detect.cpp:120] Succeeded to add det end for frame 183
I1014 15:07:49.279922  8648 work_thread.hpp:81]  [T-Work-Detect_0] Run work: WrokTrack
I1014 15:07:49.279947  8648 work_track.cpp:82] Frame: 183 build input_characts: [0.215625 x 0.511111 from (0.259375, 0.486111)], 0.999622, 0
I1014 15:07:49.280064  8648 work_track.cpp:102] Succeeded to set track lock for frame 183
I1014 15:07:49.280104  8648 work_track.cpp:116] Succeeded to release track lock for frame 183
I1014 15:07:49.280119  8648 work_track.cpp:120] Track results of frame 183: 1 objects input, 1 objects tracked!
I1014 15:07:49.280175  8648 work_track.cpp:148] Frame: 183, track bbox: [138 x 184 from (165.752, 174.51)], gid: 0, lid: 0
I1014 15:07:49.280215  8648 work_thread.hpp:87]  [T-Work-Detect_0] Frame :183 split
I1014 15:07:49.280233  8648 work_thread.hpp:120]  [T-Work-Detect_0] Valid piece: gid = 0
I1014 15:07:49.280259  8648 work_thread.hpp:91]  [T-Work-Detect_0] Push to split queue:recog
I1014 15:07:49.280405  8650 work_thread.hpp:81]  [T-Work-Recog_1] Run work: WorkCapture
I1014 15:07:49.281041  8651 thread_intergrate.hpp:78] [T-Intergrate-intergrate] queue: frame output frame :183
I1014 15:07:49.281072  8651 thread_intergrate.hpp:85] [T-Intergrate-intergrate] queue: compare output face:0
I1014 15:07:49.281092  8651 thread_intergrate.hpp:144] T-Intergrate-intergrate set matched face: 0
I1014 15:07:49.281152  8650 work_thread.hpp:81]  [T-Work-Recog_1] Run work: WorkRecog
I1014 15:07:49.281177  8650 work_recog.hpp:89] Face id: 0 will run recog: bbox [138 x 184 from (166, 175)] quality: 0.474621
I1014 15:07:49.281206  8650 work_recog.hpp:96] Recog pair: [200 x 224 from (136, 136)], [138 x 184 from (30, 39)]
I1014 15:07:49.282598  8651 thread_intergrate.hpp:168] T-Intergrate-intergrate Show face :0, size :640 * 360
I1014 15:07:49.283181  8647 demo_inner.hpp:435] thread [SORT-0]  frame id 183 sorting queue size 1   FPS: 28.5313
I1014 15:07:49.299126  8650 work_thread.hpp:81]  [T-Work-Recog_1] Run work: WorkCompare
I1014 15:07:49.299643  8650 work_compare.cpp:76] Compare face: 0 successed, similarity :0.991117, name : images/ThangLMb.jpg, normal size : 1548 * 1719!
I1014 15:07:49.302038  8645 demo_inner.hpp:177] decode queue size 0
I1014 15:07:49.302117  8648 work_thread.hpp:81]  [T-Work-Detect_0] Run work: WorkDetect
I1014 15:07:49.302152  8648 work_detect.cpp:102] Succeeded to add det start for frame 184
I1014 15:07:49.309572  8648 work_detect.cpp:70] Frame :184 detect result :1 face(s)
I1014 15:07:49.309623  8648 work_detect.cpp:86] Detected bbox: [135 x 178 from (170, 178)]
I1014 15:07:49.309675  8648 work_detect.cpp:120] Succeeded to add det end for frame 184
I1014 15:07:49.309692  8648 work_thread.hpp:81]  [T-Work-Detect_0] Run work: WrokTrack
I1014 15:07:49.309718  8648 work_track.cpp:82] Frame: 184 build input_characts: [0.210938 x 0.494444 from (0.265625, 0.494444)], 0.997596, 0
I1014 15:07:49.309832  8648 work_track.cpp:102] Succeeded to set track lock for frame 184
I1014 15:07:49.309875  8648 work_track.cpp:116] Succeeded to release track lock for frame 184
I1014 15:07:49.309890  8648 work_track.cpp:120] Track results of frame 184: 1 objects input, 1 objects tracked!
I1014 15:07:49.309908  8648 work_track.cpp:148] Frame: 184, track bbox: [135 x 178 from (168.414, 178.508)], gid: 0, lid: 0
I1014 15:07:49.309957  8648 work_thread.hpp:87]  [T-Work-Detect_0] Frame :184 split
I1014 15:07:49.309975  8648 work_thread.hpp:120]  [T-Work-Detect_0] Valid piece: gid = 0
I1014 15:07:49.310067  8648 work_thread.hpp:91]  [T-Work-Detect_0] Push to split queue:recog
I1014 15:07:49.310115  8649 work_thread.hpp:81]  [T-Work-Recog_0] Run work: WorkCapture
I1014 15:07:49.310464  8651 thread_intergrate.hpp:78] [T-Intergrate-intergrate] queue: frame output frame :184
I1014 15:07:49.310492  8651 thread_intergrate.hpp:85] [T-Intergrate-intergrate] queue: compare output face:0
I1014 15:07:49.310511  8651 thread_intergrate.hpp:144] T-Intergrate-intergrate set matched face: 0
I1014 15:07:49.310822  8649 work_thread.hpp:81]  [T-Work-Recog_0] Run work: WorkRecog
I1014 15:07:49.310845  8649 work_recog.hpp:89] Face id: 0 will run recog: bbox [135 x 178 from (170, 178)] quality: 0.471198
I1014 15:07:49.310873  8649 work_recog.hpp:96] Recog pair: [200 x 224 from (136, 136)], [135 x 178 from (34, 42)]
I1014 15:07:49.312204  8651 thread_intergrate.hpp:168] T-Intergrate-intergrate Show face :0, size :640 * 360
I1014 15:07:49.312747  8647 demo_inner.hpp:435] thread [SORT-0]  frame id 184 sorting queue size 2   FPS: 28.5714
I1014 15:07:49.314870  8646 demo_inner.hpp:260]  gui queue size 2, state = running
I1014 15:07:49.328905  8649 work_thread.hpp:81]  [T-Work-Recog_0] Run work: WorkCompare
I1014 15:07:49.329407  8649 work_compare.cpp:76] Compare face: 0 successed, similarity :0.986747, name : images/ThangLMb.jpg, normal size : 1548 * 1719!
I1014 15:07:49.337770  8645 demo_inner.hpp:177] decode queue size 0
I1014 15:07:49.337883  8648 work_thread.hpp:81]  [T-Work-Detect_0] Run work: WorkDetect
I1014 15:07:49.338016  8648 work_detect.cpp:102] Succeeded to add det start for frame 185
I1014 15:07:49.345464  8648 work_detect.cpp:70] Frame :185 detect result :1 face(s)
I1014 15:07:49.345553  8648 work_detect.cpp:86] Detected bbox: [134 x 177 from (174, 180)]
I1014 15:07:49.345597  8648 work_detect.cpp:120] Succeeded to add det end for frame 185
I1014 15:07:49.345625  8648 work_thread.hpp:81]  [T-Work-Detect_0] Run work: WrokTrack
I1014 15:07:49.345651  8648 work_track.cpp:82] Frame: 185 build input_characts: [0.209375 x 0.491667 from (0.271875, 0.5)], 0.997596, 0
I1014 15:07:49.345707  8648 work_track.cpp:102] Succeeded to set track lock for frame 185
I1014 15:07:49.345769  8648 work_track.cpp:116] Succeeded to release track lock for frame 185
I1014 15:07:49.345785  8648 work_track.cpp:120] Track results of frame 185: 1 objects input, 1 objects tracked!
I1014 15:07:49.345803  8648 work_track.cpp:148] Frame: 185, track bbox: [134 x 177 from (171.71, 180.031)], gid: 0, lid: 0
I1014 15:07:49.345840  8648 work_thread.hpp:87]  [T-Work-Detect_0] Frame :185 split
I1014 15:07:49.345866  8648 work_thread.hpp:120]  [T-Work-Detect_0] Valid piece: gid = 0
I1014 15:07:49.345885  8648 work_thread.hpp:91]  [T-Work-Detect_0] Push to split queue:recog
I1014 15:07:49.345934  8649 work_thread.hpp:81]  [T-Work-Recog_0] Run work: WorkCapture
I1014 15:07:49.346335  8651 thread_intergrate.hpp:78] [T-Intergrate-intergrate] queue: frame output frame :185
I1014 15:07:49.346364  8651 thread_intergrate.hpp:85] [T-Intergrate-intergrate] queue: compare output face:0
I1014 15:07:49.346382  8651 thread_intergrate.hpp:144] T-Intergrate-intergrate set matched face: 0
I1014 15:07:49.346601  8649 work_thread.hpp:81]  [T-Work-Recog_0] Run work: WorkRecog
I1014 15:07:49.346765  8649 work_recog.hpp:89] Face id: 0 will run recog: bbox [134 x 177 from (174, 180)] quality: 0.466468
I1014 15:07:49.346792  8649 work_recog.hpp:96] Recog pair: [192 x 216 from (144, 144)], [134 x 177 from (30, 36)]
I1014 15:07:49.348002  8651 thread_intergrate.hpp:168] T-Intergrate-intergrate Show face :0, size :640 * 360
I1014 15:07:49.348559  8647 demo_inner.hpp:435] thread [SORT-0]  frame id 185 sorting queue size 0   FPS: 28.5714
I1014 15:07:49.364723  8649 work_thread.hpp:81]  [T-Work-Recog_0] Run work: WorkCompare
I1014 15:07:49.365264  8649 work_compare.cpp:76] Compare face: 0 successed, similarity :0.986792, name : images/ThangLMb.jpg, normal size : 1548 * 1719!
I1014 15:07:49.373865  8645 demo_inner.hpp:177] decode queue size 0
I1014 15:07:49.373970  8648 work_thread.hpp:81]  [T-Work-Detect_0] Run work: WorkDetect
I1014 15:07:49.374006  8648 work_detect.cpp:102] Succeeded to add det start for frame 186
I1014 15:07:49.381702  8648 work_detect.cpp:70] Frame :186 detect result :1 face(s)
I1014 15:07:49.381757  8648 work_detect.cpp:86] Detected bbox: [135 x 179 from (174, 179)]
I1014 15:07:49.381810  8648 work_detect.cpp:120] Succeeded to add det end for frame 186
I1014 15:07:49.381827  8648 work_thread.hpp:81]  [T-Work-Detect_0] Run work: WrokTrack
I1014 15:07:49.381853  8648 work_track.cpp:82] Frame: 186 build input_characts: [0.210938 x 0.497222 from (0.271875, 0.497222)], 0.997488, 0
I1014 15:07:49.381938  8648 work_track.cpp:102] Succeeded to set track lock for frame 186
I1014 15:07:49.381963  8646 demo_inner.hpp:260]  gui queue size 0, state = running
I1014 15:07:49.382053  8648 work_track.cpp:116] Succeeded to release track lock for frame 186
I1014 15:07:49.382069  8648 work_track.cpp:120] Track results of frame 186: 1 objects input, 1 objects tracked!
I1014 15:07:49.382089  8648 work_track.cpp:148] Frame: 186, track bbox: [135 x 179 from (173.652, 179.276)], gid: 0, lid: 0
I1014 15:07:49.382128  8648 work_thread.hpp:87]  [T-Work-Detect_0] Frame :186 split
I1014 15:07:49.382175  8648 work_thread.hpp:120]  [T-Work-Detect_0] Valid piece: gid = 0
I1014 15:07:49.382197  8648 work_thread.hpp:91]  [T-Work-Detect_0] Push to split queue:recog
I1014 15:07:49.382259  8649 work_thread.hpp:81]  [T-Work-Recog_0] Run work: WorkCapture
I1014 15:07:49.382295  8651 thread_intergrate.hpp:78] [T-Intergrate-intergrate] queue: frame output frame :186
I1014 15:07:49.382445  8651 thread_intergrate.hpp:85] [T-Intergrate-intergrate] queue: compare output face:0
I1014 15:07:49.382467  8651 thread_intergrate.hpp:144] T-Intergrate-intergrate set matched face: 0
I1014 15:07:49.382982  8649 work_thread.hpp:81]  [T-Work-Recog_0] Run work: WorkRecog
I1014 15:07:49.383008  8649 work_recog.hpp:89] Face id: 0 will run recog: bbox [135 x 179 from (174, 179)] quality: 0.471766
I1014 15:07:49.383044  8649 work_recog.hpp:96] Recog pair: [192 x 216 from (144, 144)], [135 x 179 from (30, 35)]
I1014 15:07:49.384946  8651 thread_intergrate.hpp:168] T-Intergrate-intergrate Show face :0, size :640 * 360
I1014 15:07:49.385612  8647 demo_inner.hpp:435] thread [SORT-0]  frame id 186 sorting queue size 0   FPS: 28.4515
I1014 15:07:49.400900  8649 work_thread.hpp:81]  [T-Work-Recog_0] Run work: WorkCompare
I1014 15:07:49.401365  8649 work_compare.cpp:76] Compare face: 0 successed, similarity :0.987457, name : images/ThangLMb.jpg, normal size : 1548 * 1719!
I1014 15:07:49.403960  8645 demo_inner.hpp:177] decode queue size 0
I1014 15:07:49.404036  8648 work_thread.hpp:81]  [T-Work-Detect_0] Run work: WorkDetect
I1014 15:07:49.404080  8648 work_detect.cpp:102] Succeeded to add det start for frame 187
I1014 15:07:49.411526  8648 work_detect.cpp:70] Frame :187 detect result :1 face(s)
I1014 15:07:49.411583  8648 work_detect.cpp:86] Detected bbox: [135 x 180 from (172, 178)]
I1014 15:07:49.411628  8648 work_detect.cpp:120] Succeeded to add det end for frame 187
I1014 15:07:49.411644  8648 work_thread.hpp:81]  [T-Work-Detect_0] Run work: WrokTrack
I1014 15:07:49.411669  8648 work_track.cpp:82] Frame: 187 build input_characts: [0.210938 x 0.5 from (0.26875, 0.494444)], 0.997596, 0
I1014 15:07:49.411749  8648 work_track.cpp:102] Succeeded to set track lock for frame 187
I1014 15:07:49.411792  8648 work_track.cpp:116] Succeeded to release track lock for frame 187
I1014 15:07:49.411806  8648 work_track.cpp:120] Track results of frame 187: 1 objects input, 1 objects tracked!
I1014 15:07:49.411833  8648 work_track.cpp:148] Frame: 187, track bbox: [135 x 180 from (174.271, 178.639)], gid: 0, lid: 0
I1014 15:07:49.411870  8648 work_thread.hpp:87]  [T-Work-Detect_0] Frame :187 split
I1014 15:07:49.411887  8648 work_thread.hpp:120]  [T-Work-Detect_0] Valid piece: gid = 0
I1014 15:07:49.411906  8648 work_thread.hpp:91]  [T-Work-Detect_0] Push to split queue:recog
I1014 15:07:49.412040  8650 work_thread.hpp:81]  [T-Work-Recog_1] Run work: WorkCapture
I1014 15:07:49.412410  8651 thread_intergrate.hpp:78] [T-Intergrate-intergrate] queue: frame output frame :187
I1014 15:07:49.412461  8651 thread_intergrate.hpp:85] [T-Intergrate-intergrate] queue: compare output face:0
I1014 15:07:49.412482  8651 thread_intergrate.hpp:144] T-Intergrate-intergrate set matched face: 0
I1014 15:07:49.412766  8650 work_thread.hpp:81]  [T-Work-Recog_1] Run work: WorkRecog
I1014 15:07:49.412791  8650 work_recog.hpp:89] Face id: 0 will run recog: bbox [135 x 180 from (172, 178)] quality: 0.469856
I1014 15:07:49.412822  8650 work_recog.hpp:96] Recog pair: [192 x 224 from (144, 136)], [135 x 180 from (28, 42)]
I1014 15:07:49.416904  8651 thread_intergrate.hpp:168] T-Intergrate-intergrate Show face :0, size :640 * 360
I1014 15:07:49.417557  8647 demo_inner.hpp:435] thread [SORT-0]  frame id 187 sorting queue size 1   FPS: 28.518
I1014 15:07:49.430524  8650 work_thread.hpp:81]  [T-Work-Recog_1] Run work: WorkCompare
I1014 15:07:49.431082  8650 work_compare.cpp:76] Compare face: 0 successed, similarity :0.99215, name : images/ThangLMb.jpg, normal size : 1548 * 1719!
I1014 15:07:49.439718  8645 demo_inner.hpp:177] decode queue size 0
I1014 15:07:49.439829  8648 work_thread.hpp:81]  [T-Work-Detect_0] Run work: WorkDetect
I1014 15:07:49.439865  8648 work_detect.cpp:102] Succeeded to add det start for frame 188
I1014 15:07:49.447537  8648 work_detect.cpp:70] Frame :188 detect result :1 face(s)
I1014 15:07:49.447588  8648 work_detect.cpp:86] Detected bbox: [134 x 176 from (171, 180)]
I1014 15:07:49.447726  8648 work_detect.cpp:120] Succeeded to add det end for frame 188
I1014 15:07:49.447744  8648 work_thread.hpp:81]  [T-Work-Detect_0] Run work: WrokTrack
I1014 15:07:49.447779  8648 work_track.cpp:82] Frame: 188 build input_characts: [0.209375 x 0.488889 from (0.267188, 0.5)], 0.997596, 0
I1014 15:07:49.447835  8648 work_track.cpp:102] Succeeded to set track lock for frame 188
I1014 15:07:49.447898  8648 work_track.cpp:116] Succeeded to release track lock for frame 188
I1014 15:07:49.447914  8648 work_track.cpp:120] Track results of frame 188: 1 objects input, 1 objects tracked!
I1014 15:07:49.447933  8648 work_track.cpp:148] Frame: 188, track bbox: [134 x 176 from (173.288, 180.402)], gid: 0, lid: 0
I1014 15:07:49.447969  8648 work_thread.hpp:87]  [T-Work-Detect_0] Frame :188 split
I1014 15:07:49.448045  8648 work_thread.hpp:120]  [T-Work-Detect_0] Valid piece: gid = 0
I1014 15:07:49.448065  8648 work_thread.hpp:91]  [T-Work-Detect_0] Push to split queue:recog
I1014 15:07:49.448114  8650 work_thread.hpp:81]  [T-Work-Recog_1] Run work: WorkCapture
I1014 15:07:49.448540  8651 thread_intergrate.hpp:78] [T-Intergrate-intergrate] queue: frame output frame :188
I1014 15:07:49.448571  8651 thread_intergrate.hpp:85] [T-Intergrate-intergrate] queue: compare output face:0
I1014 15:07:49.448590  8651 thread_intergrate.hpp:144] T-Intergrate-intergrate set matched face: 0
I1014 15:07:49.448837  8650 work_thread.hpp:81]  [T-Work-Recog_1] Run work: WorkRecog
I1014 15:07:49.448865  8650 work_recog.hpp:89] Face id: 0 will run recog: bbox [134 x 176 from (171, 180)] quality: 0.468203
I1014 15:07:49.448904  8650 work_recog.hpp:96] Recog pair: [192 x 216 from (144, 144)], [134 x 176 from (27, 36)]
I1014 15:07:49.452515  8651 thread_intergrate.hpp:168] T-Intergrate-intergrate Show face :0, size :640 * 360
I1014 15:07:49.453109  8647 demo_inner.hpp:435] thread [SORT-0]  frame id 188 sorting queue size 2   FPS: 28.4382
I1014 15:07:49.466585  8650 work_thread.hpp:81]  [T-Work-Recog_1] Run work: WorkCompare
I1014 15:07:49.467176  8650 work_compare.cpp:76] Compare face: 0 successed, similarity :0.993408, name : images/ThangLMb.jpg, normal size : 1548 * 1719!
I1014 15:07:49.470309  8645 demo_inner.hpp:177] decode queue size 0
I1014 15:07:49.470403  8648 work_thread.hpp:81]  [T-Work-Detect_0] Run work: WorkDetect
I1014 15:07:49.470440  8648 work_detect.cpp:102] Succeeded to add det start for frame 189
I1014 15:07:49.476912  8646 demo_inner.hpp:260]  gui queue size 2, state = running
I1014 15:07:49.477958  8648 work_detect.cpp:70] Frame :189 detect result :1 face(s)
W1014 15:07:49.478075  8648 work_detect.cpp:83] Invalid bbox: [152 x 190 from (173, 177)]
I1014 15:07:49.478178  8648 work_detect.cpp:120] Succeeded to add det end for frame 189
I1014 15:07:49.478197  8648 work_thread.hpp:81]  [T-Work-Detect_0] Run work: WrokTrack
I1014 15:07:49.478226  8648 work_track.cpp:102] Succeeded to set track lock for frame 189
I1014 15:07:49.478260  8648 work_track.cpp:116] Succeeded to release track lock for frame 189
I1014 15:07:49.478273  8648 work_track.cpp:120] Track results of frame 189: 0 objects input, 1 objects tracked!
I1014 15:07:49.478298  8648 work_track.cpp:148] Frame: 189, track bbox: [134 x 176 from (173.902, 180.628)], gid: 0, lid: -1
I1014 15:07:49.478351  8648 work_thread.hpp:87]  [T-Work-Detect_0] Frame :189 split
I1014 15:07:49.478402  8651 thread_intergrate.hpp:78] [T-Intergrate-intergrate] queue: frame output frame :189
I1014 15:07:49.478432  8651 thread_intergrate.hpp:85] [T-Intergrate-intergrate] queue: compare output face:0
I1014 15:07:49.478452  8651 thread_intergrate.hpp:144] T-Intergrate-intergrate set matched face: 0
I1014 15:07:49.480008  8651 thread_intergrate.hpp:168] T-Intergrate-intergrate Show face :0, size :640 * 360
I1014 15:07:49.480628  8647 demo_inner.hpp:435] thread [SORT-0]  frame id 189 sorting queue size 0   FPS: 28.5447
I1014 15:07:49.480695  8646 demo_inner.hpp:260]  gui queue size 0, state = running
I1014 15:07:49.505722  8645 demo_inner.hpp:177] decode queue size 0
I1014 15:07:49.505832  8648 work_thread.hpp:81]  [T-Work-Detect_0] Run work: WorkDetect
I1014 15:07:49.505949  8648 work_detect.cpp:102] Succeeded to add det start for frame 190
I1014 15:07:49.513592  8648 work_detect.cpp:70] Frame :190 detect result :1 face(s)
W1014 15:07:49.513667  8648 work_detect.cpp:83] Invalid bbox: [157 x 198 from (171, 172)]
I1014 15:07:49.513741  8648 work_detect.cpp:120] Succeeded to add det end for frame 190
I1014 15:07:49.513767  8648 work_thread.hpp:81]  [T-Work-Detect_0] Run work: WrokTrack
I1014 15:07:49.513797  8648 work_track.cpp:102] Succeeded to set track lock for frame 190
I1014 15:07:49.513829  8648 work_track.cpp:116] Succeeded to release track lock for frame 190
I1014 15:07:49.513844  8648 work_track.cpp:120] Track results of frame 190: 0 objects input, 0 objects tracked!
I1014 15:07:49.513890  8648 work_thread.hpp:87]  [T-Work-Detect_0] Frame :190 split
I1014 15:07:49.513936  8651 thread_intergrate.hpp:78] [T-Intergrate-intergrate] queue: frame output frame :190
I1014 15:07:49.515028  8651 thread_intergrate.hpp:168] T-Intergrate-intergrate Show face :0, size :640 * 360
I1014 15:07:49.515610  8647 demo_inner.hpp:435] thread [SORT-0]  frame id 190 sorting queue size 0   FPS: 28.5581
I1014 15:07:49.535804  8645 demo_inner.hpp:177] decode queue size 0
I1014 15:07:49.535928  8648 work_thread.hpp:81]  [T-Work-Detect_0] Run work: WorkDetect
I1014 15:07:49.535966  8648 work_detect.cpp:102] Succeeded to add det start for frame 191
I1014 15:07:49.543262  8648 work_detect.cpp:70] Frame :191 detect result :1 face(s)
W1014 15:07:49.543332  8648 work_detect.cpp:83] Invalid bbox: [154 x 194 from (172, 173)]
I1014 15:07:49.543407  8648 work_detect.cpp:120] Succeeded to add det end for frame 191
I1014 15:07:49.543434  8648 work_thread.hpp:81]  [T-Work-Detect_0] Run work: WrokTrack
I1014 15:07:49.543463  8648 work_track.cpp:102] Succeeded to set track lock for frame 191
I1014 15:07:49.543499  8648 work_track.cpp:116] Succeeded to release track lock for frame 191
I1014 15:07:49.543514  8648 work_track.cpp:120] Track results of frame 191: 0 objects input, 0 objects tracked!
I1014 15:07:49.543562  8648 work_thread.hpp:87]  [T-Work-Detect_0] Frame :191 split
I1014 15:07:49.543617  8651 thread_intergrate.hpp:78] [T-Intergrate-intergrate] queue: frame output frame :191
I1014 15:07:49.544070  8646 demo_inner.hpp:260]  gui queue size 0, state = running
I1014 15:07:49.544726  8651 thread_intergrate.hpp:168] T-Intergrate-intergrate Show face :0, size :640 * 360
I1014 15:07:49.545300  8647 demo_inner.hpp:435] thread [SORT-0]  frame id 191 sorting queue size 0   FPS: 28.5581
I1014 15:07:49.545747  8646 demo_inner.hpp:260]  gui queue size 0, state = running
I1014 15:07:49.571748  8645 demo_inner.hpp:177] decode queue size 0
I1014 15:07:49.571872  8648 work_thread.hpp:81]  [T-Work-Detect_0] Run work: WorkDetect
I1014 15:07:49.571909  8648 work_detect.cpp:102] Succeeded to add det start for frame 192
I1014 15:07:49.579895  8648 work_detect.cpp:70] Frame :192 detect result :1 face(s)
I1014 15:07:49.579952  8648 work_detect.cpp:86] Detected bbox: [127 x 171 from (181, 183)]
I1014 15:07:49.579998  8648 work_detect.cpp:120] Succeeded to add det end for frame 192
I1014 15:07:49.580014  8648 work_thread.hpp:81]  [T-Work-Detect_0] Run work: WrokTrack
I1014 15:07:49.580039  8648 work_track.cpp:82] Frame: 192 build input_characts: [0.198437 x 0.475 from (0.282813, 0.508333)], 0.997596, 0
I1014 15:07:49.580096  8648 work_track.cpp:102] Succeeded to set track lock for frame 192
I1014 15:07:49.580130  8648 work_track.cpp:116] Succeeded to release track lock for frame 192
I1014 15:07:49.580145  8648 work_track.cpp:120] Track results of frame 192: 1 objects input, 0 objects tracked!
I1014 15:07:49.580181  8648 work_track.cpp:162] Frame: 192 lid: 0 not tracked, will set invalid
I1014 15:07:49.580199  8648 work_thread.hpp:87]  [T-Work-Detect_0] Frame :192 split
I1014 15:07:49.580215  8648 work_thread.hpp:126]  [T-Work-Detect_0] Invalid piece: lid = 0, drop it
I1014 15:07:49.580266  8651 thread_intergrate.hpp:78] [T-Intergrate-intergrate] queue: frame output frame :192
I1014 15:07:49.581434  8651 thread_intergrate.hpp:168] T-Intergrate-intergrate Show face :0, size :640 * 360
I1014 15:07:49.581995  8647 demo_inner.hpp:435] thread [SORT-0]  frame id 192 sorting queue size 0   FPS: 28.5581
I1014 15:07:49.607708  8645 demo_inner.hpp:177] decode queue size 0
I1014 15:07:49.607818  8648 work_thread.hpp:81]  [T-Work-Detect_0] Run work: WorkDetect
I1014 15:07:49.607854  8648 work_detect.cpp:102] Succeeded to add det start for frame 193
I1014 15:07:49.614379  8648 work_detect.cpp:70] Frame :193 detect result :1 face(s)
W1014 15:07:49.614414  8648 work_detect.cpp:83] Invalid bbox: [153 x 194 from (173, 171)]
I1014 15:07:49.614492  8648 work_detect.cpp:120] Succeeded to add det end for frame 193
I1014 15:07:49.614509  8648 work_thread.hpp:81]  [T-Work-Detect_0] Run work: WrokTrack
I1014 15:07:49.614537  8648 work_track.cpp:102] Succeeded to set track lock for frame 193
I1014 15:07:49.614568  8648 work_track.cpp:116] Succeeded to release track lock for frame 193
I1014 15:07:49.614583  8648 work_track.cpp:120] Track results of frame 193: 0 objects input, 0 objects tracked!
I1014 15:07:49.614601  8648 work_thread.hpp:87]  [T-Work-Detect_0] Frame :193 split
I1014 15:07:49.614645  8651 thread_intergrate.hpp:78] [T-Intergrate-intergrate] queue: frame output frame :193
I1014 15:07:49.615736  8651 thread_intergrate.hpp:168] T-Intergrate-intergrate Show face :0, size :640 * 360
I1014 15:07:49.616287  8647 demo_inner.hpp:435] thread [SORT-0]  frame id 193 sorting queue size 1   FPS: 28.5047
I1014 15:07:49.622107  8646 demo_inner.hpp:260]  gui queue size 1, state = running
I1014 15:07:49.637743  8645 demo_inner.hpp:177] decode queue size 0
I1014 15:07:49.637845  8648 work_thread.hpp:81]  [T-Work-Detect_0] Run work: WorkDetect
I1014 15:07:49.637882  8648 work_detect.cpp:102] Succeeded to add det start for frame 194
I1014 15:07:49.644431  8648 work_detect.cpp:70] Frame :194 detect result :1 face(s)
W1014 15:07:49.644476  8648 work_detect.cpp:83] Invalid bbox: [150 x 191 from (175, 174)]
I1014 15:07:49.644551  8648 work_detect.cpp:120] Succeeded to add det end for frame 194
I1014 15:07:49.644568  8648 work_thread.hpp:81]  [T-Work-Detect_0] Run work: WrokTrack
I1014 15:07:49.644594  8648 work_track.cpp:102] Succeeded to set track lock for frame 194
I1014 15:07:49.644631  8648 work_track.cpp:116] Succeeded to release track lock for frame 194
I1014 15:07:49.644645  8648 work_track.cpp:120] Track results of frame 194: 0 objects input, 0 objects tracked!
I1014 15:07:49.644665  8648 work_thread.hpp:87]  [T-Work-Detect_0] Frame :194 split
I1014 15:07:49.644713  8651 thread_intergrate.hpp:78] [T-Intergrate-intergrate] queue: frame output frame :194
I1014 15:07:49.645804  8651 thread_intergrate.hpp:168] T-Intergrate-intergrate Show face :0, size :640 * 360
I1014 15:07:49.646385  8647 demo_inner.hpp:435] thread [SORT-0]  frame id 194 sorting queue size 0   FPS: 28.5848
I1014 15:07:49.673736  8645 demo_inner.hpp:177] decode queue size 0
I1014 15:07:49.673837  8648 work_thread.hpp:81]  [T-Work-Detect_0] Run work: WorkDetect
I1014 15:07:49.673872  8648 work_detect.cpp:102] Succeeded to add det start for frame 195
I1014 15:07:49.680519  8648 work_detect.cpp:70] Frame :195 detect result :1 face(s)
W1014 15:07:49.680563  8648 work_detect.cpp:83] Invalid bbox: [155 x 195 from (172, 170)]
I1014 15:07:49.680636  8648 work_detect.cpp:120] Succeeded to add det end for frame 195
I1014 15:07:49.680653  8648 work_thread.hpp:81]  [T-Work-Detect_0] Run work: WrokTrack
I1014 15:07:49.680680  8648 work_track.cpp:102] Succeeded to set track lock for frame 195
I1014 15:07:49.680707  8648 work_track.cpp:116] Succeeded to release track lock for frame 195
I1014 15:07:49.680721  8648 work_track.cpp:120] Track results of frame 195: 0 objects input, 0 objects tracked!
I1014 15:07:49.680740  8648 work_thread.hpp:87]  [T-Work-Detect_0] Frame :195 split
I1014 15:07:49.680784  8651 thread_intergrate.hpp:78] [T-Intergrate-intergrate] queue: frame output frame :195
I1014 15:07:49.681874  8651 thread_intergrate.hpp:168] T-Intergrate-intergrate Show face :0, size :640 * 360
I1014 15:07:49.682458  8647 demo_inner.hpp:435] thread [SORT-0]  frame id 195 sorting queue size 1   FPS: 28.4914
I1014 15:07:49.703765  8645 demo_inner.hpp:177] decode queue size 0
I1014 15:07:49.703864  8648 work_thread.hpp:81]  [T-Work-Detect_0] Run work: WorkDetect
I1014 15:07:49.703898  8648 work_detect.cpp:102] Succeeded to add det start for frame 196
I1014 15:07:49.705883  8646 demo_inner.hpp:260]  gui queue size 1, state = running
I1014 15:07:49.710709  8648 work_detect.cpp:70] Frame :196 detect result :1 face(s)
W1014 15:07:49.710762  8648 work_detect.cpp:83] Invalid bbox: [151 x 192 from (175, 173)]
I1014 15:07:49.710839  8648 work_detect.cpp:120] Succeeded to add det end for frame 196
I1014 15:07:49.710855  8648 work_thread.hpp:81]  [T-Work-Detect_0] Run work: WrokTrack
I1014 15:07:49.710882  8648 work_track.cpp:102] Succeeded to set track lock for frame 196
I1014 15:07:49.710909  8648 work_track.cpp:116] Succeeded to release track lock for frame 196
I1014 15:07:49.710923  8648 work_track.cpp:120] Track results of frame 196: 0 objects input, 0 objects tracked!
I1014 15:07:49.710942  8648 work_thread.hpp:87]  [T-Work-Detect_0] Frame :196 split
I1014 15:07:49.710997  8651 thread_intergrate.hpp:78] [T-Intergrate-intergrate] queue: frame output frame :196
I1014 15:07:49.712090  8651 thread_intergrate.hpp:168] T-Intergrate-intergrate Show face :0, size :640 * 360
I1014 15:07:49.712630  8647 demo_inner.hpp:435] thread [SORT-0]  frame id 196 sorting queue size 0   FPS: 28.5714
I1014 15:07:49.739800  8645 demo_inner.hpp:177] decode queue size 0
I1014 15:07:49.739897  8648 work_thread.hpp:81]  [T-Work-Detect_0] Run work: WorkDetect
I1014 15:07:49.739930  8648 work_detect.cpp:102] Succeeded to add det start for frame 197
I1014 15:07:49.746497  8648 work_detect.cpp:70] Frame :197 detect result :1 face(s)
W1014 15:07:49.746533  8648 work_detect.cpp:83] Invalid bbox: [147 x 191 from (177, 170)]
I1014 15:07:49.746605  8648 work_detect.cpp:120] Succeeded to add det end for frame 197
I1014 15:07:49.746623  8648 work_thread.hpp:81]  [T-Work-Detect_0] Run work: WrokTrack
I1014 15:07:49.746649  8648 work_track.cpp:102] Succeeded to set track lock for frame 197
I1014 15:07:49.746676  8648 work_track.cpp:116] Succeeded to release track lock for frame 197
I1014 15:07:49.746690  8648 work_track.cpp:120] Track results of frame 197: 0 objects input, 0 objects tracked!
I1014 15:07:49.746708  8648 work_thread.hpp:87]  [T-Work-Detect_0] Frame :197 split
I1014 15:07:49.746752  8651 thread_intergrate.hpp:78] [T-Intergrate-intergrate] queue: frame output frame :197
I1014 15:07:49.747840  8651 thread_intergrate.hpp:168] T-Intergrate-intergrate Show face :0, size :640 * 360
I1014 15:07:49.748430  8647 demo_inner.hpp:435] thread [SORT-0]  frame id 197 sorting queue size 1   FPS: 28.5848
I1014 15:07:49.769898  8645 demo_inner.hpp:177] decode queue size 0
I1014 15:07:49.769992  8648 work_thread.hpp:81]  [T-Work-Detect_0] Run work: WorkDetect
I1014 15:07:49.770028  8648 work_detect.cpp:102] Succeeded to add det start for frame 198
I1014 15:07:49.773830  8646 demo_inner.hpp:260]  gui queue size 1, state = running
I1014 15:07:49.776890  8648 work_detect.cpp:70] Frame :198 detect result :1 face(s)
W1014 15:07:49.776943  8648 work_detect.cpp:83] Invalid bbox: [150 x 192 from (175, 172)]
I1014 15:07:49.777232  8648 work_detect.cpp:120] Succeeded to add det end for frame 198
I1014 15:07:49.777251  8648 work_thread.hpp:81]  [T-Work-Detect_0] Run work: WrokTrack
I1014 15:07:49.777278  8648 work_track.cpp:102] Succeeded to set track lock for frame 198
I1014 15:07:49.777305  8648 work_track.cpp:116] Succeeded to release track lock for frame 198
I1014 15:07:49.777319  8648 work_track.cpp:120] Track results of frame 198: 0 objects input, 0 objects tracked!
I1014 15:07:49.777338  8648 work_thread.hpp:87]  [T-Work-Detect_0] Frame :198 split
I1014 15:07:49.777393  8651 thread_intergrate.hpp:78] [T-Intergrate-intergrate] queue: frame output frame :198
I1014 15:07:49.778484  8651 thread_intergrate.hpp:168] T-Intergrate-intergrate Show face :0, size :640 * 360
I1014 15:07:49.779103  8647 demo_inner.hpp:435] thread [SORT-0]  frame id 198 sorting queue size 0   FPS: 28.5581
I1014 15:07:49.805721  8645 demo_inner.hpp:177] decode queue size 0
I1014 15:07:49.805819  8648 work_thread.hpp:81]  [T-Work-Detect_0] Run work: WorkDetect
I1014 15:07:49.805855  8648 work_detect.cpp:102] Succeeded to add det start for frame 199
I1014 15:07:49.812418  8648 work_detect.cpp:70] Frame :199 detect result :1 face(s)
W1014 15:07:49.812465  8648 work_detect.cpp:83] Invalid bbox: [149 x 190 from (176, 173)]
I1014 15:07:49.812628  8648 work_detect.cpp:120] Succeeded to add det end for frame 199
I1014 15:07:49.812646  8648 work_thread.hpp:81]  [T-Work-Detect_0] Run work: WrokTrack
I1014 15:07:49.812672  8648 work_track.cpp:102] Succeeded to set track lock for frame 199
I1014 15:07:49.812700  8648 work_track.cpp:116] Succeeded to release track lock for frame 199
I1014 15:07:49.812713  8648 work_track.cpp:120] Track results of frame 199: 0 objects input, 0 objects tracked!
I1014 15:07:49.812732  8648 work_thread.hpp:87]  [T-Work-Detect_0] Frame :199 split
I1014 15:07:49.812775  8651 thread_intergrate.hpp:78] [T-Intergrate-intergrate] queue: frame output frame :199
I1014 15:07:49.813865  8651 thread_intergrate.hpp:168] T-Intergrate-intergrate Show face :0, size :640 * 360
I1014 15:07:49.814443  8647 demo_inner.hpp:435] thread [SORT-0]  frame id 199 sorting queue size 1   FPS: 28.5848
I1014 15:07:49.835872  8645 demo_inner.hpp:177] decode queue size 0
I1014 15:07:49.835970  8648 work_thread.hpp:81]  [T-Work-Detect_0] Run work: WorkDetect
I1014 15:07:49.836004  8648 work_detect.cpp:102] Succeeded to add det start for frame 200
I1014 15:07:49.842546  8648 work_detect.cpp:70] Frame :200 detect result :1 face(s)
W1014 15:07:49.842592  8648 work_detect.cpp:83] Invalid bbox: [153 x 196 from (173, 170)]
I1014 15:07:49.842689  8648 work_detect.cpp:120] Succeeded to add det end for frame 200
I1014 15:07:49.842705  8648 work_thread.hpp:81]  [T-Work-Detect_0] Run work: WrokTrack
I1014 15:07:49.842731  8648 work_track.cpp:102] Succeeded to set track lock for frame 200
I1014 15:07:49.842758  8648 work_track.cpp:116] Succeeded to release track lock for frame 200
I1014 15:07:49.842773  8648 work_track.cpp:120] Track results of frame 200: 0 objects input, 0 objects tracked!
I1014 15:07:49.842792  8648 work_thread.hpp:87]  [T-Work-Detect_0] Frame :200 split
I1014 15:07:49.842841  8651 thread_intergrate.hpp:78] [T-Intergrate-intergrate] queue: frame output frame :200
I1014 15:07:49.843931  8651 thread_intergrate.hpp:168] T-Intergrate-intergrate Show face :0, size :640 * 360
I1014 15:07:49.844501  8647 demo_inner.hpp:435] thread [SORT-0]  frame id 200 sorting queue size 2   FPS: 28.6251
I1014 15:07:49.872205  8645 demo_inner.hpp:177] decode queue size 0
I1014 15:07:49.872326  8648 work_thread.hpp:81]  [T-Work-Detect_0] Run work: WorkDetect
I1014 15:07:49.872362  8648 work_detect.cpp:102] Succeeded to add det start for frame 201
I1014 15:07:49.873167  8646 demo_inner.hpp:260]  gui queue size 2, state = running
I1014 15:07:49.878898  8648 work_detect.cpp:70] Frame :201 detect result :1 face(s)
W1014 15:07:49.878952  8648 work_detect.cpp:83] Invalid bbox: [153 x 193 from (173, 173)]
I1014 15:07:49.879076  8648 work_detect.cpp:120] Succeeded to add det end for frame 201
I1014 15:07:49.879094  8648 work_thread.hpp:81]  [T-Work-Detect_0] Run work: WrokTrack
I1014 15:07:49.879122  8648 work_track.cpp:102] Succeeded to set track lock for frame 201
I1014 15:07:49.879148  8648 work_track.cpp:116] Succeeded to release track lock for frame 201
I1014 15:07:49.879163  8648 work_track.cpp:120] Track results of frame 201: 0 objects input, 0 objects tracked!
I1014 15:07:49.879180  8648 work_thread.hpp:87]  [T-Work-Detect_0] Frame :201 split
I1014 15:07:49.879231  8651 thread_intergrate.hpp:78] [T-Intergrate-intergrate] queue: frame output frame :201
I1014 15:07:49.880322  8651 thread_intergrate.hpp:168] T-Intergrate-intergrate Show face :0, size :640 * 360
I1014 15:07:49.880841  8647 demo_inner.hpp:435] thread [SORT-0]  frame id 201 sorting queue size 0   FPS: 28.6116
I1014 15:07:49.907791  8645 demo_inner.hpp:177] decode queue size 0
I1014 15:07:49.907891  8648 work_thread.hpp:81]  [T-Work-Detect_0] Run work: WorkDetect
I1014 15:07:49.907927  8648 work_detect.cpp:102] Succeeded to add det start for frame 202
I1014 15:07:49.914506  8648 work_detect.cpp:70] Frame :202 detect result :1 face(s)
W1014 15:07:49.914546  8648 work_detect.cpp:83] Invalid bbox: [151 x 193 from (174, 171)]
I1014 15:07:49.914644  8648 work_detect.cpp:120] Succeeded to add det end for frame 202
I1014 15:07:49.914661  8648 work_thread.hpp:81]  [T-Work-Detect_0] Run work: WrokTrack
I1014 15:07:49.914688  8648 work_track.cpp:102] Succeeded to set track lock for frame 202
I1014 15:07:49.914716  8648 work_track.cpp:116] Succeeded to release track lock for frame 202
I1014 15:07:49.914731  8648 work_track.cpp:120] Track results of frame 202: 0 objects input, 0 objects tracked!
I1014 15:07:49.914748  8648 work_thread.hpp:87]  [T-Work-Detect_0] Frame :202 split
I1014 15:07:49.914793  8651 thread_intergrate.hpp:78] [T-Intergrate-intergrate] queue: frame output frame :202
I1014 15:07:49.915881  8651 thread_intergrate.hpp:168] T-Intergrate-intergrate Show face :0, size :640 * 360
I1014 15:07:49.916457  8647 demo_inner.hpp:435] thread [SORT-0]  frame id 202 sorting queue size 1   FPS: 28.5447
I1014 15:07:49.937774  8645 demo_inner.hpp:177] decode queue size 0
I1014 15:07:49.937870  8648 work_thread.hpp:81]  [T-Work-Detect_0] Run work: WorkDetect
I1014 15:07:49.937903  8648 work_detect.cpp:102] Succeeded to add det start for frame 203
I1014 15:07:49.941267  8646 demo_inner.hpp:260]  gui queue size 1, state = running
I1014 15:07:49.944751  8648 work_detect.cpp:70] Frame :203 detect result :1 face(s)
W1014 15:07:49.944803  8648 work_detect.cpp:83] Invalid bbox: [153 x 195 from (174, 170)]
I1014 15:07:49.944903  8648 work_detect.cpp:120] Succeeded to add det end for frame 203
I1014 15:07:49.944921  8648 work_thread.hpp:81]  [T-Work-Detect_0] Run work: WrokTrack
I1014 15:07:49.944948  8648 work_track.cpp:102] Succeeded to set track lock for frame 203
I1014 15:07:49.944977  8648 work_track.cpp:116] Succeeded to release track lock for frame 203
I1014 15:07:49.944990  8648 work_track.cpp:120] Track results of frame 203: 0 objects input, 0 objects tracked!
I1014 15:07:49.945009  8648 work_thread.hpp:87]  [T-Work-Detect_0] Frame :203 split
I1014 15:07:49.945073  8651 thread_intergrate.hpp:78] [T-Intergrate-intergrate] queue: frame output frame :203
I1014 15:07:49.946169  8651 thread_intergrate.hpp:168] T-Intergrate-intergrate Show face :0, size :640 * 360
I1014 15:07:49.946723  8647 demo_inner.hpp:435] thread [SORT-0]  frame id 203 sorting queue size 0   FPS: 39.6877
I1014 15:07:49.973801  8645 demo_inner.hpp:177] decode queue size 0
I1014 15:07:49.973912  8648 work_thread.hpp:81]  [T-Work-Detect_0] Run work: WorkDetect
I1014 15:07:49.973945  8648 work_detect.cpp:102] Succeeded to add det start for frame 204
I1014 15:07:49.980563  8648 work_detect.cpp:70] Frame :204 detect result :1 face(s)
W1014 15:07:49.980605  8648 work_detect.cpp:83] Invalid bbox: [152 x 194 from (174, 170)]
I1014 15:07:49.980701  8648 work_detect.cpp:120] Succeeded to add det end for frame 204
I1014 15:07:49.980718  8648 work_thread.hpp:81]  [T-Work-Detect_0] Run work: WrokTrack
I1014 15:07:49.980744  8648 work_track.cpp:102] Succeeded to set track lock for frame 204
I1014 15:07:49.980772  8648 work_track.cpp:116] Succeeded to release track lock for frame 204
I1014 15:07:49.980785  8648 work_track.cpp:120] Track results of frame 204: 0 objects input, 0 objects tracked!
I1014 15:07:49.980804  8648 work_thread.hpp:87]  [T-Work-Detect_0] Frame :204 split
I1014 15:07:49.980849  8651 thread_intergrate.hpp:78] [T-Intergrate-intergrate] queue: frame output frame :204
I1014 15:07:49.981937  8651 thread_intergrate.hpp:168] T-Intergrate-intergrate Show face :0, size :640 * 360
I1014 15:07:49.982395  8647 demo_inner.hpp:435] thread [SORT-0]  frame id 204 sorting queue size 1   FPS: 39.4151
I1014 15:07:50.003818  8645 demo_inner.hpp:177] decode queue size 0
I1014 15:07:50.003986  8648 work_thread.hpp:81]  [T-Work-Detect_0] Run work: WorkDetect
I1014 15:07:50.004020  8648 work_detect.cpp:102] Succeeded to add det start for frame 205
I1014 15:07:50.010515  8648 work_detect.cpp:70] Frame :205 detect result :1 face(s)
W1014 15:07:50.010565  8648 work_detect.cpp:83] Invalid bbox: [149 x 192 from (175, 172)]
I1014 15:07:50.010686  8648 work_detect.cpp:120] Succeeded to add det end for frame 205
I1014 15:07:50.010705  8648 work_thread.hpp:81]  [T-Work-Detect_0] Run work: WrokTrack
I1014 15:07:50.010732  8648 work_track.cpp:102] Succeeded to set track lock for frame 205
I1014 15:07:50.010759  8648 work_track.cpp:116] Succeeded to release track lock for frame 205
I1014 15:07:50.010773  8648 work_track.cpp:120] Track results of frame 205: 0 objects input, 0 objects tracked!
I1014 15:07:50.010792  8648 work_thread.hpp:87]  [T-Work-Detect_0] Frame :205 split
I1014 15:07:50.010840  8651 thread_intergrate.hpp:78] [T-Intergrate-intergrate] queue: frame output frame :205
I1014 15:07:50.011930  8651 thread_intergrate.hpp:168] T-Intergrate-intergrate Show face :0, size :640 * 360
I1014 15:07:50.012434  8647 demo_inner.hpp:435] thread [SORT-0]  frame id 205 sorting queue size 2   FPS: 39.3013
I1014 15:07:50.034698  8646 demo_inner.hpp:260]  gui queue size 2, state = running
I1014 15:07:50.039762  8645 demo_inner.hpp:177] decode queue size 0
I1014 15:07:50.039863  8648 work_thread.hpp:81]  [T-Work-Detect_0] Run work: WorkDetect
I1014 15:07:50.039898  8648 work_detect.cpp:102] Succeeded to add det start for frame 206
I1014 15:07:50.046418  8648 work_detect.cpp:70] Frame :206 detect result :1 face(s)
W1014 15:07:50.046466  8648 work_detect.cpp:83] Invalid bbox: [151 x 190 from (175, 174)]
I1014 15:07:50.046562  8648 work_detect.cpp:120] Succeeded to add det end for frame 206
I1014 15:07:50.046581  8648 work_thread.hpp:81]  [T-Work-Detect_0] Run work: WrokTrack
I1014 15:07:50.046607  8648 work_track.cpp:102] Succeeded to set track lock for frame 206
I1014 15:07:50.046634  8648 work_track.cpp:116] Succeeded to release track lock for frame 206
I1014 15:07:50.046648  8648 work_track.cpp:120] Track results of frame 206: 0 objects input, 0 objects tracked!
I1014 15:07:50.046666  8648 work_thread.hpp:87]  [T-Work-Detect_0] Frame :206 split
I1014 15:07:50.046713  8651 thread_intergrate.hpp:78] [T-Intergrate-intergrate] queue: frame output frame :206
I1014 15:07:50.047804  8651 thread_intergrate.hpp:168] T-Intergrate-intergrate Show face :0, size :640 * 360
I1014 15:07:50.048379  8647 demo_inner.hpp:435] thread [SORT-0]  frame id 206 sorting queue size 0   FPS: 39.0482
I1014 15:07:50.069851  8645 demo_inner.hpp:177] decode queue size 0
I1014 15:07:50.069947  8648 work_thread.hpp:81]  [T-Work-Detect_0] Run work: WorkDetect
I1014 15:07:50.069983  8648 work_detect.cpp:102] Succeeded to add det start for frame 207
I1014 15:07:50.076634  8648 work_detect.cpp:70] Frame :207 detect result :1 face(s)
W1014 15:07:50.076683  8648 work_detect.cpp:83] Invalid bbox: [150 x 191 from (175, 172)]
I1014 15:07:50.076779  8648 work_detect.cpp:120] Succeeded to add det end for frame 207
I1014 15:07:50.076797  8648 work_thread.hpp:81]  [T-Work-Detect_0] Run work: WrokTrack
I1014 15:07:50.076823  8648 work_track.cpp:102] Succeeded to set track lock for frame 207
I1014 15:07:50.076850  8648 work_track.cpp:116] Succeeded to release track lock for frame 207
I1014 15:07:50.076864  8648 work_track.cpp:120] Track results of frame 207: 0 objects input, 0 objects tracked!
I1014 15:07:50.076884  8648 work_thread.hpp:87]  [T-Work-Detect_0] Frame :207 split
I1014 15:07:50.076932  8651 thread_intergrate.hpp:78] [T-Intergrate-intergrate] queue: frame output frame :207
I1014 15:07:50.078022  8651 thread_intergrate.hpp:168] T-Intergrate-intergrate Show face :0, size :640 * 360
I1014 15:07:50.078508  8647 demo_inner.hpp:435] thread [SORT-0]  frame id 207 sorting queue size 1   FPS: 38.9455
I1014 15:07:50.101969  8646 demo_inner.hpp:260]  gui queue size 1, state = running
I1014 15:07:50.105868  8645 demo_inner.hpp:177] decode queue size 0
I1014 15:07:50.106057  8648 work_thread.hpp:81]  [T-Work-Detect_0] Run work: WorkDetect
I1014 15:07:50.106092  8648 work_detect.cpp:102] Succeeded to add det start for frame 208
I1014 15:07:50.112746  8648 work_detect.cpp:70] Frame :208 detect result :1 face(s)
W1014 15:07:50.112798  8648 work_detect.cpp:83] Invalid bbox: [146 x 174 from (180, 196)]
I1014 15:07:50.112915  8648 work_detect.cpp:120] Succeeded to add det end for frame 208
I1014 15:07:50.112932  8648 work_thread.hpp:81]  [T-Work-Detect_0] Run work: WrokTrack
I1014 15:07:50.112960  8648 work_track.cpp:102] Succeeded to set track lock for frame 208
I1014 15:07:50.112988  8648 work_track.cpp:116] Succeeded to release track lock for frame 208
I1014 15:07:50.113003  8648 work_track.cpp:120] Track results of frame 208: 0 objects input, 0 objects tracked!
I1014 15:07:50.113020  8648 work_thread.hpp:87]  [T-Work-Detect_0] Frame :208 split
I1014 15:07:50.113067  8651 thread_intergrate.hpp:78] [T-Intergrate-intergrate] queue: frame output frame :208
I1014 15:07:50.114157  8651 thread_intergrate.hpp:168] T-Intergrate-intergrate Show face :0, size :640 * 360
I1014 15:07:50.114709  8647 demo_inner.hpp:435] thread [SORT-0]  frame id 208 sorting queue size 0   FPS: 38.7097
I1014 15:07:50.141727  8645 demo_inner.hpp:177] decode queue size 0
I1014 15:07:50.141834  8648 work_thread.hpp:81]  [T-Work-Detect_0] Run work: WorkDetect
I1014 15:07:50.141871  8648 work_detect.cpp:102] Succeeded to add det start for frame 209
I1014 15:07:50.148461  8648 work_detect.cpp:70] Frame :209 detect result :1 face(s)
W1014 15:07:50.148500  8648 work_detect.cpp:83] Invalid bbox: [149 x 188 from (176, 173)]
I1014 15:07:50.148597  8648 work_detect.cpp:120] Succeeded to add det end for frame 209
I1014 15:07:50.148614  8648 work_thread.hpp:81]  [T-Work-Detect_0] Run work: WrokTrack
I1014 15:07:50.148640  8648 work_track.cpp:102] Succeeded to set track lock for frame 209
I1014 15:07:50.148667  8648 work_track.cpp:116] Succeeded to release track lock for frame 209
I1014 15:07:50.148681  8648 work_track.cpp:120] Track results of frame 209: 0 objects input, 0 objects tracked!
I1014 15:07:50.148699  8648 work_thread.hpp:87]  [T-Work-Detect_0] Frame :209 split
I1014 15:07:50.148743  8651 thread_intergrate.hpp:78] [T-Intergrate-intergrate] queue: frame output frame :209
I1014 15:07:50.149834  8651 thread_intergrate.hpp:168] T-Intergrate-intergrate Show face :0, size :640 * 360
I1014 15:07:50.150380  8647 demo_inner.hpp:435] thread [SORT-0]  frame id 209 sorting queue size 1   FPS: 38.4836
I1014 15:07:50.171754  8645 demo_inner.hpp:177] decode queue size 0
I1014 15:07:50.171847  8648 work_thread.hpp:81]  [T-Work-Detect_0] Run work: WorkDetect
I1014 15:07:50.171882  8648 work_detect.cpp:102] Succeeded to add det start for frame 210
I1014 15:07:50.178467  8648 work_detect.cpp:70] Frame :210 detect result :1 face(s)
W1014 15:07:50.178508  8648 work_detect.cpp:83] Invalid bbox: [152 x 194 from (173, 169)]
I1014 15:07:50.178606  8648 work_detect.cpp:120] Succeeded to add det end for frame 210
I1014 15:07:50.178623  8648 work_thread.hpp:81]  [T-Work-Detect_0] Run work: WrokTrack
I1014 15:07:50.178649  8648 work_track.cpp:102] Succeeded to set track lock for frame 210
I1014 15:07:50.178678  8648 work_track.cpp:116] Succeeded to release track lock for frame 210
I1014 15:07:50.178692  8648 work_track.cpp:120] Track results of frame 210: 0 objects input, 0 objects tracked!
I1014 15:07:50.178710  8648 work_thread.hpp:87]  [T-Work-Detect_0] Frame :210 split
I1014 15:07:50.178753  8651 thread_intergrate.hpp:78] [T-Intergrate-intergrate] queue: frame output frame :210
