Log file created at: 2019/10/14 11:38:06
Running on machine: zcu104
Log line format: [IWEF]mmdd hh:mm:ss.uuuuuu threadid file:line] msg
I1014 11:38:06.274545  5114 feature_lib.cpp:107] Feature lib read name: images/thanglmb.jpg
I1014 11:38:06.275496  5114 feature_lib.cpp:129] Read lib face : images/thanglmb.jpg
I1014 11:38:06.275553  5114 feature_lib.cpp:143] Loading normal image: images/thanglmb.jpg...
I1014 11:38:06.283442  5114 feature_lib.cpp:148] Load normal image: images/thanglmb.jpg done size: 640 * 360
I1014 11:38:06.653909  5114 demo_inner.hpp:126] thread [DedodeThread-0] is starting
I1014 11:38:06.654079  5114 demo_inner.hpp:126] thread [GUIThread] is starting
I1014 11:38:06.654167  5118 demo_inner.hpp:101] thread [DedodeThread-0] is started
I1014 11:38:06.654281  5114 demo_inner.hpp:126] thread [SORT-0] is starting
I1014 11:38:06.654336  5119 demo_inner.hpp:101] thread [GUIThread] is started
I1014 11:38:06.654354  5114 demo_inner.hpp:126] thread [T-Work-Detect_0] is starting
I1014 11:38:06.654412  5120 demo_inner.hpp:101] thread [SORT-0] is started
I1014 11:38:06.654417  5114 demo_inner.hpp:126] thread [T-Work-Recog_0] is starting
I1014 11:38:06.654443  5121 demo_inner.hpp:101] thread [T-Work-Detect_0] is started
I1014 11:38:06.654480  5114 demo_inner.hpp:126] thread [T-Work-Recog_1] is starting
I1014 11:38:06.654532  5122 demo_inner.hpp:101] thread [T-Work-Recog_0] is started
I1014 11:38:06.654552  5114 demo_inner.hpp:126] thread [T-Intergrate-intergrate] is starting
I1014 11:38:06.654573  5123 demo_inner.hpp:101] thread [T-Work-Recog_1] is started
I1014 11:38:06.654613  5114 demo_inner.hpp:137] waiting for [GUIThread] ended
I1014 11:38:06.654640  5124 demo_inner.hpp:101] thread [T-Intergrate-intergrate] is started
I1014 11:38:07.361369  5118 demo_inner.hpp:177] decode queue size 0
I1014 11:38:07.361536  5121 work_thread.hpp:81]  [T-Work-Detect_0] Run work: WorkDetect
I1014 11:38:07.361599  5121 work_detect.cpp:102] Succeeded to add det start for frame 1
I1014 11:38:07.368748  5121 work_detect.cpp:70] Frame :1 detect result :2 face(s)
W1014 11:38:07.368796  5121 work_detect.cpp:83] Invalid bbox: [141 x 156 from (214, 223)]
I1014 11:38:07.369102  5121 work_detect.cpp:86] Detected bbox: [52 x 44 from (96, 190)]
I1014 11:38:07.369199  5121 work_detect.cpp:120] Succeeded to add det end for frame 1
I1014 11:38:07.369215  5121 work_thread.hpp:81]  [T-Work-Detect_0] Run work: WrokTrack
I1014 11:38:07.369238  5121 work_track.cpp:82] Frame: 1 build input_characts: [0.08125 x 0.122222 from (0.15, 0.527778)], 0.943585, 0
I1014 11:38:07.369328  5121 work_track.cpp:102] Succeeded to set track lock for frame 1
I1014 11:38:07.369416  5121 work_track.cpp:116] Succeeded to release track lock for frame 1
I1014 11:38:07.369431  5121 work_track.cpp:120] Track results of frame 1: 1 objects input, 0 objects tracked!
I1014 11:38:07.369448  5121 work_track.cpp:162] Frame: 1 lid: 1 not tracked, will set invalid
I1014 11:38:07.369463  5121 work_thread.hpp:88]  [T-Work-Detect_0] Frame :1 split
I1014 11:38:07.369480  5121 work_thread.hpp:124]  [T-Work-Detect_0] Invalid piece: lid = 1, drop it
I1014 11:38:07.369518  5124 thread_intergrate.hpp:78] [T-Intergrate-intergrate] queue: frame output frame :1
I1014 11:38:07.370640  5120 demo_inner.hpp:435] thread [SORT-0]  frame id 1 sorting queue size 0   FPS: -1
I1014 11:38:07.370709  5119 demo_inner.hpp:260]  gui queue size 0, state = running
I1014 11:38:07.405859  5118 demo_inner.hpp:177] decode queue size 0
I1014 11:38:07.406080  5121 work_thread.hpp:81]  [T-Work-Detect_0] Run work: WorkDetect
I1014 11:38:07.406117  5121 work_detect.cpp:102] Succeeded to add det start for frame 2
I1014 11:38:07.413053  5121 work_detect.cpp:70] Frame :2 detect result :2 face(s)
W1014 11:38:07.413091  5121 work_detect.cpp:83] Invalid bbox: [142 x 156 from (213, 222)]
I1014 11:38:07.413151  5121 work_detect.cpp:86] Detected bbox: [57 x 51 from (93, 186)]
I1014 11:38:07.413194  5121 work_detect.cpp:120] Succeeded to add det end for frame 2
I1014 11:38:07.413210  5121 work_thread.hpp:81]  [T-Work-Detect_0] Run work: WrokTrack
I1014 11:38:07.413235  5121 work_track.cpp:82] Frame: 2 build input_characts: [0.0890625 x 0.141667 from (0.145313, 0.516667)], 0.981281, 0
I1014 11:38:07.413290  5121 work_track.cpp:102] Succeeded to set track lock for frame 2
I1014 11:38:07.413399  5121 work_track.cpp:116] Succeeded to release track lock for frame 2
I1014 11:38:07.413416  5121 work_track.cpp:120] Track results of frame 2: 1 objects input, 0 objects tracked!
I1014 11:38:07.413434  5121 work_track.cpp:162] Frame: 2 lid: 1 not tracked, will set invalid
I1014 11:38:07.413450  5121 work_thread.hpp:88]  [T-Work-Detect_0] Frame :2 split
I1014 11:38:07.413466  5121 work_thread.hpp:124]  [T-Work-Detect_0] Invalid piece: lid = 1, drop it
I1014 11:38:07.413504  5124 thread_intergrate.hpp:78] [T-Intergrate-intergrate] queue: frame output frame :2
I1014 11:38:07.415045  5120 demo_inner.hpp:435] thread [SORT-0]  frame id 2 sorting queue size 0   FPS: 23.2558
I1014 11:38:07.420514  5119 demo_inner.hpp:260]  gui queue size 0, state = running
I1014 11:38:07.433101  5118 demo_inner.hpp:177] decode queue size 0
I1014 11:38:07.433226  5121 work_thread.hpp:81]  [T-Work-Detect_0] Run work: WorkDetect
I1014 11:38:07.433264  5121 work_detect.cpp:102] Succeeded to add det start for frame 3
I1014 11:38:07.440174  5121 work_detect.cpp:70] Frame :3 detect result :2 face(s)
W1014 11:38:07.440209  5121 work_detect.cpp:83] Invalid bbox: [143 x 154 from (212, 224)]
I1014 11:38:07.440271  5121 work_detect.cpp:86] Detected bbox: [55 x 46 from (93, 188)]
I1014 11:38:07.440312  5121 work_detect.cpp:120] Succeeded to add det end for frame 3
I1014 11:38:07.440328  5121 work_thread.hpp:81]  [T-Work-Detect_0] Run work: WrokTrack
I1014 11:38:07.440352  5121 work_track.cpp:82] Frame: 3 build input_characts: [0.0859375 x 0.127778 from (0.145313, 0.522222)], 0.972103, 0
I1014 11:38:07.440428  5121 work_track.cpp:102] Succeeded to set track lock for frame 3
I1014 11:38:07.440490  5121 work_track.cpp:116] Succeeded to release track lock for frame 3
I1014 11:38:07.440505  5121 work_track.cpp:120] Track results of frame 3: 1 objects input, 1 objects tracked!
I1014 11:38:07.440523  5121 work_track.cpp:148] Frame: 3, track bbox: [55 x 46 from (93.0807, 187.987)], gid: 0, lid: 0
I1014 11:38:07.440559  5121 work_thread.hpp:88]  [T-Work-Detect_0] Frame :3 split
I1014 11:38:07.440577  5121 work_thread.hpp:120]  [T-Work-Detect_0] Valid piece: gid = 0
I1014 11:38:07.440595  5121 work_thread.hpp:92]  [T-Work-Detect_0] Push to split queue:recog
I1014 11:38:07.440631  5123 work_thread.hpp:81]  [T-Work-Recog_1] Run work: WorkCapture
I1014 11:38:07.440641  5124 thread_intergrate.hpp:78] [T-Intergrate-intergrate] queue: frame output frame :3
I1014 11:38:07.442178  5120 demo_inner.hpp:435] thread [SORT-0]  frame id 3 sorting queue size 0   FPS: 28.169
I1014 11:38:07.442247  5119 demo_inner.hpp:260]  gui queue size 0, state = running
I1014 11:38:07.442423  5123 work_thread.hpp:81]  [T-Work-Recog_1] Run work: WorkRecog
W1014 11:38:07.442448  5123 work_recog.hpp:118] Face id: 0 has low quality : 0.0298095, no need to recog
I1014 11:38:07.442526  5123 work_thread.hpp:81]  [T-Work-Recog_1] Run work: WorkCompare
I1014 11:38:07.469162  5118 demo_inner.hpp:177] decode queue size 0
I1014 11:38:07.469303  5121 work_thread.hpp:81]  [T-Work-Detect_0] Run work: WorkDetect
I1014 11:38:07.469341  5121 work_detect.cpp:102] Succeeded to add det start for frame 4
I1014 11:38:07.476209  5121 work_detect.cpp:70] Frame :4 detect result :2 face(s)
W1014 11:38:07.476238  5121 work_detect.cpp:83] Invalid bbox: [139 x 155 from (215, 224)]
I1014 11:38:07.476301  5121 work_detect.cpp:86] Detected bbox: [55 x 49 from (94, 187)]
I1014 11:38:07.476341  5121 work_detect.cpp:120] Succeeded to add det end for frame 4
I1014 11:38:07.476357  5121 work_thread.hpp:81]  [T-Work-Detect_0] Run work: WrokTrack
I1014 11:38:07.476382  5121 work_track.cpp:82] Frame: 4 build input_characts: [0.0859375 x 0.136111 from (0.146875, 0.519444)], 0.983243, 0
I1014 11:38:07.476436  5121 work_track.cpp:102] Succeeded to set track lock for frame 4
I1014 11:38:07.476475  5121 work_track.cpp:116] Succeeded to release track lock for frame 4
I1014 11:38:07.476490  5121 work_track.cpp:120] Track results of frame 4: 1 objects input, 1 objects tracked!
I1014 11:38:07.476507  5121 work_track.cpp:148] Frame: 4, track bbox: [55 x 49 from (93.4968, 186.704)], gid: 0, lid: 0
I1014 11:38:07.476588  5121 work_thread.hpp:88]  [T-Work-Detect_0] Frame :4 split
I1014 11:38:07.476608  5121 work_thread.hpp:120]  [T-Work-Detect_0] Valid piece: gid = 0
I1014 11:38:07.476626  5121 work_thread.hpp:92]  [T-Work-Detect_0] Push to split queue:recog
I1014 11:38:07.476670  5122 work_thread.hpp:81]  [T-Work-Recog_0] Run work: WorkCapture
I1014 11:38:07.476936  5124 thread_intergrate.hpp:78] [T-Intergrate-intergrate] queue: frame output frame :4
I1014 11:38:07.477221  5122 work_thread.hpp:81]  [T-Work-Recog_0] Run work: WorkRecog
W1014 11:38:07.477243  5122 work_recog.hpp:118] Face id: 0 has low quality : 0.0370191, no need to recog
I1014 11:38:07.477283  5122 work_thread.hpp:81]  [T-Work-Recog_0] Run work: WorkCompare
I1014 11:38:07.478446  5120 demo_inner.hpp:435] thread [SORT-0]  frame id 4 sorting queue size 0   FPS: 28.0374
I1014 11:38:07.478524  5119 demo_inner.hpp:260]  gui queue size 0, state = running
I1014 11:38:07.499197  5118 demo_inner.hpp:177] decode queue size 0
I1014 11:38:07.499315  5121 work_thread.hpp:81]  [T-Work-Detect_0] Run work: WorkDetect
I1014 11:38:07.499352  5121 work_detect.cpp:102] Succeeded to add det start for frame 5
I1014 11:38:07.506093  5121 work_detect.cpp:70] Frame :5 detect result :2 face(s)
W1014 11:38:07.506121  5121 work_detect.cpp:83] Invalid bbox: [144 x 160 from (212, 222)]
I1014 11:38:07.506186  5121 work_detect.cpp:86] Detected bbox: [51 x 44 from (97, 190)]
I1014 11:38:07.506224  5121 work_detect.cpp:120] Succeeded to add det end for frame 5
I1014 11:38:07.506240  5121 work_thread.hpp:81]  [T-Work-Detect_0] Run work: WrokTrack
I1014 11:38:07.506263  5121 work_track.cpp:82] Frame: 5 build input_characts: [0.0796875 x 0.122222 from (0.151562, 0.527778)], 0.909375, 0
I1014 11:38:07.506319  5121 work_track.cpp:102] Succeeded to set track lock for frame 5
I1014 11:38:07.506359  5121 work_track.cpp:116] Succeeded to release track lock for frame 5
I1014 11:38:07.506374  5121 work_track.cpp:120] Track results of frame 5: 1 objects input, 1 objects tracked!
I1014 11:38:07.506392  5121 work_track.cpp:148] Frame: 5, track bbox: [51 x 44 from (96.2995, 189.599)], gid: 0, lid: 0
I1014 11:38:07.506428  5121 work_thread.hpp:88]  [T-Work-Detect_0] Frame :5 split
I1014 11:38:07.506444  5121 work_thread.hpp:120]  [T-Work-Detect_0] Valid piece: gid = 0
I1014 11:38:07.506462  5121 work_thread.hpp:92]  [T-Work-Detect_0] Push to split queue:recog
I1014 11:38:07.506512  5122 work_thread.hpp:81]  [T-Work-Recog_0] Run work: WorkCapture
I1014 11:38:07.506747  5124 thread_intergrate.hpp:78] [T-Intergrate-intergrate] queue: frame output frame :5
I1014 11:38:07.506974  5122 work_thread.hpp:81]  [T-Work-Recog_0] Run work: WorkRecog
W1014 11:38:07.506996  5122 work_recog.hpp:118] Face id: 0 has low quality : 0.050473, no need to recog
I1014 11:38:07.507036  5122 work_thread.hpp:81]  [T-Work-Recog_0] Run work: WorkCompare
I1014 11:38:07.508239  5120 demo_inner.hpp:435] thread [SORT-0]  frame id 5 sorting queue size 0   FPS: 29.1971
I1014 11:38:07.508299  5119 demo_inner.hpp:260]  gui queue size 0, state = running
I1014 11:38:07.535369  5118 demo_inner.hpp:177] decode queue size 0
I1014 11:38:07.535497  5121 work_thread.hpp:81]  [T-Work-Detect_0] Run work: WorkDetect
I1014 11:38:07.535535  5121 work_detect.cpp:102] Succeeded to add det start for frame 6
I1014 11:38:07.542426  5121 work_detect.cpp:70] Frame :6 detect result :2 face(s)
W1014 11:38:07.542457  5121 work_detect.cpp:83] Invalid bbox: [142 x 156 from (214, 225)]
I1014 11:38:07.542520  5121 work_detect.cpp:86] Detected bbox: [54 x 48 from (95, 188)]
I1014 11:38:07.542562  5121 work_detect.cpp:120] Succeeded to add det end for frame 6
I1014 11:38:07.542578  5121 work_thread.hpp:81]  [T-Work-Detect_0] Run work: WrokTrack
I1014 11:38:07.542603  5121 work_track.cpp:82] Frame: 6 build input_characts: [0.084375 x 0.133333 from (0.148438, 0.522222)], 0.976131, 0
I1014 11:38:07.542657  5121 work_track.cpp:102] Succeeded to set track lock for frame 6
I1014 11:38:07.542696  5121 work_track.cpp:116] Succeeded to release track lock for frame 6
I1014 11:38:07.542757  5121 work_track.cpp:120] Track results of frame 6: 1 objects input, 1 objects tracked!
I1014 11:38:07.542778  5121 work_track.cpp:148] Frame: 6, track bbox: [54 x 48 from (94.9521, 187.808)], gid: 0, lid: 0
I1014 11:38:07.542814  5121 work_thread.hpp:88]  [T-Work-Detect_0] Frame :6 split
I1014 11:38:07.542831  5121 work_thread.hpp:120]  [T-Work-Detect_0] Valid piece: gid = 0
I1014 11:38:07.542848  5121 work_thread.hpp:92]  [T-Work-Detect_0] Push to split queue:recog
I1014 11:38:07.542886  5123 work_thread.hpp:81]  [T-Work-Recog_1] Run work: WorkCapture
I1014 11:38:07.542891  5124 thread_intergrate.hpp:78] [T-Intergrate-intergrate] queue: frame output frame :6
I1014 11:38:07.543356  5123 work_thread.hpp:81]  [T-Work-Recog_1] Run work: WorkRecog
W1014 11:38:07.543377  5123 work_recog.hpp:118] Face id: 0 has low quality : 0.033252, no need to recog
I1014 11:38:07.543416  5123 work_thread.hpp:81]  [T-Work-Recog_1] Run work: WorkCompare
I1014 11:38:07.544386  5120 demo_inner.hpp:435] thread [SORT-0]  frame id 6 sorting queue size 0   FPS: 28.9017
I1014 11:38:07.544445  5119 demo_inner.hpp:260]  gui queue size 0, state = running
I1014 11:38:07.568300  5118 demo_inner.hpp:177] decode queue size 0
I1014 11:38:07.568434  5121 work_thread.hpp:81]  [T-Work-Detect_0] Run work: WorkDetect
I1014 11:38:07.568470  5121 work_detect.cpp:102] Succeeded to add det start for frame 7
I1014 11:38:07.575512  5121 work_detect.cpp:70] Frame :7 detect result :2 face(s)
W1014 11:38:07.575554  5121 work_detect.cpp:83] Invalid bbox: [143 x 163 from (213, 222)]
I1014 11:38:07.575618  5121 work_detect.cpp:86] Detected bbox: [54 x 47 from (95, 188)]
I1014 11:38:07.575680  5121 work_detect.cpp:120] Succeeded to add det end for frame 7
I1014 11:38:07.575698  5121 work_thread.hpp:81]  [T-Work-Detect_0] Run work: WrokTrack
I1014 11:38:07.575722  5121 work_track.cpp:82] Frame: 7 build input_characts: [0.084375 x 0.130556 from (0.148438, 0.522222)], 0.972103, 0
I1014 11:38:07.575785  5121 work_track.cpp:102] Succeeded to set track lock for frame 7
I1014 11:38:07.575824  5121 work_track.cpp:116] Succeeded to release track lock for frame 7
I1014 11:38:07.575839  5121 work_track.cpp:120] Track results of frame 7: 1 objects input, 1 objects tracked!
I1014 11:38:07.575857  5121 work_track.cpp:148] Frame: 7, track bbox: [54 x 47 from (95.2375, 188.332)], gid: 0, lid: 0
I1014 11:38:07.575917  5121 work_thread.hpp:88]  [T-Work-Detect_0] Frame :7 split
I1014 11:38:07.575934  5121 work_thread.hpp:120]  [T-Work-Detect_0] Valid piece: gid = 0
I1014 11:38:07.575953  5121 work_thread.hpp:92]  [T-Work-Detect_0] Push to split queue:recog
I1014 11:38:07.576001  5122 work_thread.hpp:81]  [T-Work-Recog_0] Run work: WorkCapture
I1014 11:38:07.576292  5124 thread_intergrate.hpp:78] [T-Intergrate-intergrate] queue: frame output frame :7
I1014 11:38:07.576587  5122 work_thread.hpp:81]  [T-Work-Recog_0] Run work: WorkRecog
W1014 11:38:07.576609  5122 work_recog.hpp:118] Face id: 0 has low quality : 0.0370224, no need to recog
I1014 11:38:07.576679  5122 work_thread.hpp:81]  [T-Work-Recog_0] Run work: WorkCompare
I1014 11:38:07.577756  5120 demo_inner.hpp:435] thread [SORT-0]  frame id 7 sorting queue size 0   FPS: 29.1262
I1014 11:38:07.577816  5119 demo_inner.hpp:260]  gui queue size 0, state = running
I1014 11:38:07.604271  5118 demo_inner.hpp:177] decode queue size 0
I1014 11:38:07.604403  5121 work_thread.hpp:81]  [T-Work-Detect_0] Run work: WorkDetect
I1014 11:38:07.604466  5121 work_detect.cpp:102] Succeeded to add det start for frame 8
I1014 11:38:07.611902  5121 work_detect.cpp:70] Frame :8 detect result :2 face(s)
W1014 11:38:07.611970  5121 work_detect.cpp:83] Invalid bbox: [143 x 158 from (215, 225)]
I1014 11:38:07.612033  5121 work_detect.cpp:86] Detected bbox: [56 x 52 from (94, 186)]
I1014 11:38:07.612084  5121 work_detect.cpp:120] Succeeded to add det end for frame 8
I1014 11:38:07.612102  5121 work_thread.hpp:81]  [T-Work-Detect_0] Run work: WrokTrack
I1014 11:38:07.612126  5121 work_track.cpp:82] Frame: 8 build input_characts: [0.0875 x 0.144444 from (0.146875, 0.516667)], 0.988759, 0
I1014 11:38:07.612275  5121 work_track.cpp:102] Succeeded to set track lock for frame 8
I1014 11:38:07.612324  5121 work_track.cpp:116] Succeeded to release track lock for frame 8
I1014 11:38:07.612340  5121 work_track.cpp:120] Track results of frame 8: 1 objects input, 1 objects tracked!
I1014 11:38:07.612357  5121 work_track.cpp:148] Frame: 8, track bbox: [56 x 52 from (94.3549, 186.026)], gid: 0, lid: 0
I1014 11:38:07.612393  5121 work_thread.hpp:88]  [T-Work-Detect_0] Frame :8 split
I1014 11:38:07.612411  5121 work_thread.hpp:120]  [T-Work-Detect_0] Valid piece: gid = 0
I1014 11:38:07.612454  5121 work_thread.hpp:92]  [T-Work-Detect_0] Push to split queue:recog
I1014 11:38:07.612493  5123 work_thread.hpp:81]  [T-Work-Recog_1] Run work: WorkCapture
I1014 11:38:07.612504  5124 thread_intergrate.hpp:78] [T-Intergrate-intergrate] queue: frame output frame :8
I1014 11:38:07.612991  5123 work_thread.hpp:81]  [T-Work-Recog_1] Run work: WorkRecog
W1014 11:38:07.613013  5123 work_recog.hpp:118] Face id: 0 has low quality : 0.026676, no need to recog
I1014 11:38:07.613056  5123 work_thread.hpp:81]  [T-Work-Recog_1] Run work: WorkCompare
I1014 11:38:07.614078  5120 demo_inner.hpp:435] thread [SORT-0]  frame id 8 sorting queue size 0   FPS: 28.8066
I1014 11:38:07.614140  5119 demo_inner.hpp:260]  gui queue size 0, state = running
I1014 11:38:07.637663  5118 demo_inner.hpp:177] decode queue size 0
I1014 11:38:07.637796  5121 work_thread.hpp:81]  [T-Work-Detect_0] Run work: WorkDetect
I1014 11:38:07.637833  5121 work_detect.cpp:102] Succeeded to add det start for frame 9
I1014 11:38:07.646214  5121 work_detect.cpp:70] Frame :9 detect result :2 face(s)
W1014 11:38:07.646270  5121 work_detect.cpp:83] Invalid bbox: [143 x 159 from (215, 224)]
I1014 11:38:07.646343  5121 work_detect.cpp:86] Detected bbox: [54 x 47 from (94, 187)]
I1014 11:38:07.646410  5121 work_detect.cpp:120] Succeeded to add det end for frame 9
I1014 11:38:07.646428  5121 work_thread.hpp:81]  [T-Work-Detect_0] Run work: WrokTrack
I1014 11:38:07.646454  5121 work_track.cpp:82] Frame: 9 build input_characts: [0.084375 x 0.130556 from (0.146875, 0.519444)], 0.966593, 0
I1014 11:38:07.646512  5121 work_track.cpp:102] Succeeded to set track lock for frame 9
I1014 11:38:07.646559  5121 work_track.cpp:116] Succeeded to release track lock for frame 9
I1014 11:38:07.646574  5121 work_track.cpp:120] Track results of frame 9: 1 objects input, 1 objects tracked!
I1014 11:38:07.646592  5121 work_track.cpp:148] Frame: 9, track bbox: [54 x 47 from (94.5475, 187.691)], gid: 0, lid: 0
I1014 11:38:07.646651  5121 work_thread.hpp:88]  [T-Work-Detect_0] Frame :9 split
I1014 11:38:07.646672  5121 work_thread.hpp:120]  [T-Work-Detect_0] Valid piece: gid = 0
I1014 11:38:07.646690  5121 work_thread.hpp:92]  [T-Work-Detect_0] Push to split queue:recog
I1014 11:38:07.646741  5122 work_thread.hpp:81]  [T-Work-Recog_0] Run work: WorkCapture
I1014 11:38:07.647029  5124 thread_intergrate.hpp:78] [T-Intergrate-intergrate] queue: frame output frame :9
I1014 11:38:07.647317  5122 work_thread.hpp:81]  [T-Work-Recog_0] Run work: WorkRecog
W1014 11:38:07.647341  5122 work_recog.hpp:118] Face id: 0 has low quality : 0.033252, no need to recog
I1014 11:38:07.647400  5122 work_thread.hpp:81]  [T-Work-Recog_0] Run work: WorkCompare
I1014 11:38:07.648700  5120 demo_inner.hpp:435] thread [SORT-0]  frame id 9 sorting queue size 0   FPS: 28.8809
I1014 11:38:07.648815  5119 demo_inner.hpp:260]  gui queue size 0, state = running
I1014 11:38:07.667672  5118 demo_inner.hpp:177] decode queue size 0
I1014 11:38:07.667791  5121 work_thread.hpp:81]  [T-Work-Detect_0] Run work: WorkDetect
I1014 11:38:07.667948  5121 work_detect.cpp:102] Succeeded to add det start for frame 10
I1014 11:38:07.675662  5121 work_detect.cpp:70] Frame :10 detect result :2 face(s)
W1014 11:38:07.675724  5121 work_detect.cpp:83] Invalid bbox: [140 x 154 from (216, 227)]
I1014 11:38:07.676127  5121 work_detect.cpp:86] Detected bbox: [54 x 48 from (94, 188)]
I1014 11:38:07.676256  5121 work_detect.cpp:120] Succeeded to add det end for frame 10
I1014 11:38:07.676275  5121 work_thread.hpp:81]  [T-Work-Detect_0] Run work: WrokTrack
I1014 11:38:07.676326  5121 work_track.cpp:82] Frame: 10 build input_characts: [0.084375 x 0.133333 from (0.146875, 0.522222)], 0.976131, 0
I1014 11:38:07.676383  5121 work_track.cpp:102] Succeeded to set track lock for frame 10
I1014 11:38:07.676430  5121 work_track.cpp:116] Succeeded to release track lock for frame 10
I1014 11:38:07.676445  5121 work_track.cpp:120] Track results of frame 10: 1 objects input, 1 objects tracked!
I1014 11:38:07.676463  5121 work_track.cpp:148] Frame: 10, track bbox: [54 x 48 from (93.9981, 187.375)], gid: 0, lid: 0
I1014 11:38:07.676498  5121 work_thread.hpp:88]  [T-Work-Detect_0] Frame :10 split
I1014 11:38:07.676517  5121 work_thread.hpp:120]  [T-Work-Detect_0] Valid piece: gid = 0
I1014 11:38:07.676560  5121 work_thread.hpp:92]  [T-Work-Detect_0] Push to split queue:recog
I1014 11:38:07.676609  5122 work_thread.hpp:81]  [T-Work-Recog_0] Run work: WorkCapture
I1014 11:38:07.676865  5124 thread_intergrate.hpp:78] [T-Intergrate-intergrate] queue: frame output frame :10
I1014 11:38:07.677151  5122 work_thread.hpp:81]  [T-Work-Recog_0] Run work: WorkRecog
W1014 11:38:07.677172  5122 work_recog.hpp:118] Face id: 0 has low quality : 0.0370182, no need to recog
I1014 11:38:07.677222  5122 work_thread.hpp:81]  [T-Work-Recog_0] Run work: WorkCompare
I1014 11:38:07.678465  5120 demo_inner.hpp:435] thread [SORT-0]  frame id 10 sorting queue size 0   FPS: 29.316
I1014 11:38:07.678565  5119 demo_inner.hpp:260]  gui queue size 0, state = running
I1014 11:38:07.703680  5118 demo_inner.hpp:177] decode queue size 0
I1014 11:38:07.703836  5121 work_thread.hpp:81]  [T-Work-Detect_0] Run work: WorkDetect
I1014 11:38:07.703886  5121 work_detect.cpp:102] Succeeded to add det start for frame 11
I1014 11:38:07.712296  5121 work_detect.cpp:70] Frame :11 detect result :2 face(s)
W1014 11:38:07.712365  5121 work_detect.cpp:83] Invalid bbox: [139 x 156 from (218, 224)]
I1014 11:38:07.712442  5121 work_detect.cpp:86] Detected bbox: [57 x 52 from (94, 187)]
I1014 11:38:07.712494  5121 work_detect.cpp:120] Succeeded to add det end for frame 11
I1014 11:38:07.712510  5121 work_thread.hpp:81]  [T-Work-Detect_0] Run work: WrokTrack
I1014 11:38:07.712540  5121 work_track.cpp:82] Frame: 11 build input_characts: [0.0890625 x 0.144444 from (0.146875, 0.519444)], 0.988759, 0
I1014 11:38:07.712612  5121 work_track.cpp:102] Succeeded to set track lock for frame 11
I1014 11:38:07.712656  5121 work_track.cpp:116] Succeeded to release track lock for frame 11
I1014 11:38:07.712671  5121 work_track.cpp:120] Track results of frame 11: 1 objects input, 1 objects tracked!
I1014 11:38:07.712690  5121 work_track.cpp:148] Frame: 11, track bbox: [57 x 52 from (93.1417, 186.189)], gid: 0, lid: 0
I1014 11:38:07.712728  5121 work_thread.hpp:88]  [T-Work-Detect_0] Frame :11 split
I1014 11:38:07.712746  5121 work_thread.hpp:120]  [T-Work-Detect_0] Valid piece: gid = 0
I1014 11:38:07.712764  5121 work_thread.hpp:92]  [T-Work-Detect_0] Push to split queue:recog
I1014 11:38:07.712821  5123 work_thread.hpp:81]  [T-Work-Recog_1] Run work: WorkCapture
I1014 11:38:07.712828  5124 thread_intergrate.hpp:78] [T-Intergrate-intergrate] queue: frame output frame :11
I1014 11:38:07.713485  5123 work_thread.hpp:81]  [T-Work-Recog_1] Run work: WorkRecog
W1014 11:38:07.713511  5123 work_recog.hpp:118] Face id: 0 has low quality : 0.0266749, no need to recog
I1014 11:38:07.713611  5123 work_thread.hpp:81]  [T-Work-Recog_1] Run work: WorkCompare
I1014 11:38:07.714344  5120 demo_inner.hpp:435] thread [SORT-0]  frame id 11 sorting queue size 0   FPS: 29.1545
I1014 11:38:07.714429  5119 demo_inner.hpp:260]  gui queue size 0, state = running
I1014 11:38:07.733656  5118 demo_inner.hpp:177] decode queue size 0
I1014 11:38:07.733834  5121 work_thread.hpp:81]  [T-Work-Detect_0] Run work: WorkDetect
I1014 11:38:07.733873  5121 work_detect.cpp:102] Succeeded to add det start for frame 12
I1014 11:38:07.741178  5121 work_detect.cpp:70] Frame :12 detect result :2 face(s)
W1014 11:38:07.741241  5121 work_detect.cpp:83] Invalid bbox: [138 x 153 from (219, 227)]
I1014 11:38:07.741314  5121 work_detect.cpp:86] Detected bbox: [55 x 46 from (95, 188)]
I1014 11:38:07.741362  5121 work_detect.cpp:120] Succeeded to add det end for frame 12
I1014 11:38:07.741379  5121 work_thread.hpp:81]  [T-Work-Detect_0] Run work: WrokTrack
I1014 11:38:07.741405  5121 work_track.cpp:82] Frame: 12 build input_characts: [0.0859375 x 0.127778 from (0.148438, 0.522222)], 0.955078, 0
I1014 11:38:07.741477  5121 work_track.cpp:102] Succeeded to set track lock for frame 12
I1014 11:38:07.741521  5121 work_track.cpp:116] Succeeded to release track lock for frame 12
I1014 11:38:07.741538  5121 work_track.cpp:120] Track results of frame 12: 1 objects input, 1 objects tracked!
I1014 11:38:07.741555  5121 work_track.cpp:148] Frame: 12, track bbox: [55 x 46 from (94.6239, 188.816)], gid: 0, lid: 0
I1014 11:38:07.741592  5121 work_thread.hpp:88]  [T-Work-Detect_0] Frame :12 split
I1014 11:38:07.741611  5121 work_thread.hpp:120]  [T-Work-Detect_0] Valid piece: gid = 0
I1014 11:38:07.741629  5121 work_thread.hpp:92]  [T-Work-Detect_0] Push to split queue:recog
I1014 11:38:07.741703  5124 thread_intergrate.hpp:78] [T-Intergrate-intergrate] queue: frame output frame :12
I1014 11:38:07.741709  5123 work_thread.hpp:81]  [T-Work-Recog_1] Run work: WorkCapture
I1014 11:38:07.742267  5123 work_thread.hpp:81]  [T-Work-Recog_1] Run work: WorkRecog
W1014 11:38:07.742291  5123 work_recog.hpp:118] Face id: 0 has low quality : 0.0332486, no need to recog
I1014 11:38:07.742363  5123 work_thread.hpp:81]  [T-Work-Recog_1] Run work: WorkCompare
I1014 11:38:07.743317  5120 demo_inner.hpp:435] thread [SORT-0]  frame id 12 sorting queue size 0   FPS: 29.5699
I1014 11:38:07.743386  5119 demo_inner.hpp:260]  gui queue size 0, state = running
I1014 11:38:07.769539  5118 demo_inner.hpp:177] decode queue size 0
I1014 11:38:07.769651  5121 work_thread.hpp:81]  [T-Work-Detect_0] Run work: WorkDetect
I1014 11:38:07.769687  5121 work_detect.cpp:102] Succeeded to add det start for frame 13
I1014 11:38:07.776268  5121 work_detect.cpp:70] Frame :13 detect result :2 face(s)
W1014 11:38:07.776309  5121 work_detect.cpp:83] Invalid bbox: [143 x 155 from (216, 225)]
I1014 11:38:07.776371  5121 work_detect.cpp:86] Detected bbox: [58 x 53 from (93, 186)]
I1014 11:38:07.776412  5121 work_detect.cpp:120] Succeeded to add det end for frame 13
I1014 11:38:07.776429  5121 work_thread.hpp:81]  [T-Work-Detect_0] Run work: WrokTrack
I1014 11:38:07.776454  5121 work_track.cpp:82] Frame: 13 build input_characts: [0.090625 x 0.147222 from (0.145313, 0.516667)], 0.988759, 0
I1014 11:38:07.776511  5121 work_track.cpp:102] Succeeded to set track lock for frame 13
I1014 11:38:07.776551  5121 work_track.cpp:116] Succeeded to release track lock for frame 13
I1014 11:38:07.776566  5121 work_track.cpp:120] Track results of frame 13: 1 objects input, 1 objects tracked!
I1014 11:38:07.776583  5121 work_track.cpp:148] Frame: 13, track bbox: [58 x 53 from (93.2629, 185.691)], gid: 0, lid: 0
I1014 11:38:07.776618  5121 work_thread.hpp:88]  [T-Work-Detect_0] Frame :13 split
I1014 11:38:07.776634  5121 work_thread.hpp:120]  [T-Work-Detect_0] Valid piece: gid = 0
I1014 11:38:07.776652  5121 work_thread.hpp:92]  [T-Work-Detect_0] Push to split queue:recog
I1014 11:38:07.776697  5122 work_thread.hpp:81]  [T-Work-Recog_0] Run work: WorkCapture
I1014 11:38:07.776944  5124 thread_intergrate.hpp:78] [T-Intergrate-intergrate] queue: frame output frame :13
I1014 11:38:07.777235  5122 work_thread.hpp:81]  [T-Work-Recog_0] Run work: WorkRecog
W1014 11:38:07.777256  5122 work_recog.hpp:118] Face id: 0 has low quality : 0.0238392, no need to recog
I1014 11:38:07.777300  5122 work_thread.hpp:81]  [T-Work-Recog_0] Run work: WorkCompare
I1014 11:38:07.778457  5120 demo_inner.hpp:435] thread [SORT-0]  frame id 13 sorting queue size 0   FPS: 29.484
I1014 11:38:07.778522  5119 demo_inner.hpp:260]  gui queue size 0, state = running
I1014 11:38:07.799202  5118 demo_inner.hpp:177] decode queue size 0
I1014 11:38:07.799298  5121 work_thread.hpp:81]  [T-Work-Detect_0] Run work: WorkDetect
I1014 11:38:07.799330  5121 work_detect.cpp:102] Succeeded to add det start for frame 14
I1014 11:38:07.805837  5121 work_detect.cpp:70] Frame :14 detect result :2 face(s)
W1014 11:38:07.805881  5121 work_detect.cpp:83] Invalid bbox: [131 x 156 from (220, 227)]
I1014 11:38:07.805944  5121 work_detect.cpp:86] Detected bbox: [53 x 45 from (95, 188)]
I1014 11:38:07.805989  5121 work_detect.cpp:120] Succeeded to add det end for frame 14
I1014 11:38:07.806005  5121 work_thread.hpp:81]  [T-Work-Detect_0] Run work: WrokTrack
I1014 11:38:07.806028  5121 work_track.cpp:82] Frame: 14 build input_characts: [0.0828125 x 0.125 from (0.148438, 0.522222)], 0.966593, 0
I1014 11:38:07.806084  5121 work_track.cpp:102] Succeeded to set track lock for frame 14
I1014 11:38:07.806123  5121 work_track.cpp:116] Succeeded to release track lock for frame 14
I1014 11:38:07.806138  5121 work_track.cpp:120] Track results of frame 14: 1 objects input, 1 objects tracked!
I1014 11:38:07.806155  5121 work_track.cpp:148] Frame: 14, track bbox: [53 x 45 from (95.6438, 189.051)], gid: 0, lid: 0
I1014 11:38:07.806190  5121 work_thread.hpp:88]  [T-Work-Detect_0] Frame :14 split
I1014 11:38:07.806206  5121 work_thread.hpp:120]  [T-Work-Detect_0] Valid piece: gid = 0
I1014 11:38:07.806224  5121 work_thread.hpp:92]  [T-Work-Detect_0] Push to split queue:recog
I1014 11:38:07.806275  5122 work_thread.hpp:81]  [T-Work-Recog_0] Run work: WorkCapture
I1014 11:38:07.806499  5124 thread_intergrate.hpp:78] [T-Intergrate-intergrate] queue: frame output frame :14
I1014 11:38:07.806756  5122 work_thread.hpp:81]  [T-Work-Recog_0] Run work: WorkRecog
W1014 11:38:07.806777  5122 work_recog.hpp:118] Face id: 0 has low quality : 0.033252, no need to recog
I1014 11:38:07.806820  5122 work_thread.hpp:81]  [T-Work-Recog_0] Run work: WorkCompare
I1014 11:38:07.808009  5120 demo_inner.hpp:435] thread [SORT-0]  frame id 14 sorting queue size 0   FPS: 29.7483
I1014 11:38:07.808075  5119 demo_inner.hpp:260]  gui queue size 0, state = running
I1014 11:38:07.835381  5118 demo_inner.hpp:177] decode queue size 0
I1014 11:38:07.835484  5121 work_thread.hpp:81]  [T-Work-Detect_0] Run work: WorkDetect
I1014 11:38:07.835516  5121 work_detect.cpp:102] Succeeded to add det start for frame 15
I1014 11:38:07.842110  5121 work_detect.cpp:70] Frame :15 detect result :2 face(s)
W1014 11:38:07.842154  5121 work_detect.cpp:83] Invalid bbox: [136 x 151 from (223, 229)]
I1014 11:38:07.842217  5121 work_detect.cpp:86] Detected bbox: [54 x 49 from (95, 188)]
I1014 11:38:07.842260  5121 work_detect.cpp:120] Succeeded to add det end for frame 15
I1014 11:38:07.842276  5121 work_thread.hpp:81]  [T-Work-Detect_0] Run work: WrokTrack
I1014 11:38:07.842301  5121 work_track.cpp:82] Frame: 15 build input_characts: [0.084375 x 0.136111 from (0.148438, 0.522222)], 0.966593, 0
I1014 11:38:07.842357  5121 work_track.cpp:102] Succeeded to set track lock for frame 15
I1014 11:38:07.842396  5121 work_track.cpp:116] Succeeded to release track lock for frame 15
I1014 11:38:07.842411  5121 work_track.cpp:120] Track results of frame 15: 1 objects input, 1 objects tracked!
I1014 11:38:07.842429  5121 work_track.cpp:148] Frame: 15, track bbox: [54 x 49 from (95.0251, 187.165)], gid: 0, lid: 0
I1014 11:38:07.842465  5121 work_thread.hpp:88]  [T-Work-Detect_0] Frame :15 split
I1014 11:38:07.842483  5121 work_thread.hpp:120]  [T-Work-Detect_0] Valid piece: gid = 0
I1014 11:38:07.842501  5121 work_thread.hpp:92]  [T-Work-Detect_0] Push to split queue:recog
I1014 11:38:07.842542  5123 work_thread.hpp:81]  [T-Work-Recog_1] Run work: WorkCapture
I1014 11:38:07.842546  5124 thread_intergrate.hpp:78] [T-Intergrate-intergrate] queue: frame output frame :15
I1014 11:38:07.843037  5123 work_thread.hpp:81]  [T-Work-Recog_1] Run work: WorkRecog
W1014 11:38:07.843060  5123 work_recog.hpp:118] Face id: 0 has low quality : 0.0332496, no need to recog
I1014 11:38:07.843104  5123 work_thread.hpp:81]  [T-Work-Recog_1] Run work: WorkCompare
I1014 11:38:07.844106  5120 demo_inner.hpp:435] thread [SORT-0]  frame id 15 sorting queue size 0   FPS: 29.5983
I1014 11:38:07.844185  5119 demo_inner.hpp:260]  gui queue size 0, state = running
I1014 11:38:07.865250  5118 demo_inner.hpp:177] decode queue size 0
I1014 11:38:07.865348  5121 work_thread.hpp:81]  [T-Work-Detect_0] Run work: WorkDetect
I1014 11:38:07.865381  5121 work_detect.cpp:102] Succeeded to add det start for frame 16
I1014 11:38:07.871877  5121 work_detect.cpp:70] Frame :16 detect result :2 face(s)
W1014 11:38:07.871922  5121 work_detect.cpp:83] Invalid bbox: [133 x 158 from (220, 225)]
I1014 11:38:07.871984  5121 work_detect.cpp:86] Detected bbox: [57 x 53 from (93, 186)]
I1014 11:38:07.872025  5121 work_detect.cpp:120] Succeeded to add det end for frame 16
I1014 11:38:07.872042  5121 work_thread.hpp:81]  [T-Work-Detect_0] Run work: WrokTrack
I1014 11:38:07.872066  5121 work_track.cpp:82] Frame: 16 build input_characts: [0.0890625 x 0.147222 from (0.145313, 0.516667)], 0.986762, 0
I1014 11:38:07.872125  5121 work_track.cpp:102] Succeeded to set track lock for frame 16
I1014 11:38:07.872187  5121 work_track.cpp:116] Succeeded to release track lock for frame 16
I1014 11:38:07.872203  5121 work_track.cpp:120] Track results of frame 16: 1 objects input, 1 objects tracked!
I1014 11:38:07.872221  5121 work_track.cpp:148] Frame: 16, track bbox: [57 x 53 from (92.9996, 185.496)], gid: 0, lid: 0
I1014 11:38:07.872256  5121 work_thread.hpp:88]  [T-Work-Detect_0] Frame :16 split
I1014 11:38:07.872274  5121 work_thread.hpp:120]  [T-Work-Detect_0] Valid piece: gid = 0
I1014 11:38:07.872292  5121 work_thread.hpp:92]  [T-Work-Detect_0] Push to split queue:recog
I1014 11:38:07.872337  5123 work_thread.hpp:81]  [T-Work-Recog_1] Run work: WorkCapture
I1014 11:38:07.872344  5124 thread_intergrate.hpp:78] [T-Intergrate-intergrate] queue: frame output frame :16
I1014 11:38:07.872826  5123 work_thread.hpp:81]  [T-Work-Recog_1] Run work: WorkRecog
W1014 11:38:07.872848  5123 work_recog.hpp:118] Face id: 0 has low quality : 0.0238392, no need to recog
I1014 11:38:07.872897  5123 work_thread.hpp:81]  [T-Work-Recog_1] Run work: WorkCompare
I1014 11:38:07.873905  5120 demo_inner.hpp:435] thread [SORT-0]  frame id 16 sorting queue size 0   FPS: 29.8805
I1014 11:38:07.873968  5119 demo_inner.hpp:260]  gui queue size 0, state = running
I1014 11:38:07.901242  5118 demo_inner.hpp:177] decode queue size 0
I1014 11:38:07.901342  5121 work_thread.hpp:81]  [T-Work-Detect_0] Run work: WorkDetect
I1014 11:38:07.901373  5121 work_detect.cpp:102] Succeeded to add det start for frame 17
I1014 11:38:07.907958  5121 work_detect.cpp:70] Frame :17 detect result :2 face(s)
W1014 11:38:07.908000  5121 work_detect.cpp:83] Invalid bbox: [138 x 149 from (223, 228)]
I1014 11:38:07.908062  5121 work_detect.cpp:86] Detected bbox: [57 x 51 from (93, 185)]
I1014 11:38:07.908105  5121 work_detect.cpp:120] Succeeded to add det end for frame 17
I1014 11:38:07.908121  5121 work_thread.hpp:81]  [T-Work-Detect_0] Run work: WrokTrack
I1014 11:38:07.908145  5121 work_track.cpp:82] Frame: 17 build input_characts: [0.0890625 x 0.141667 from (0.145313, 0.513889)], 0.976131, 0
I1014 11:38:07.908215  5121 work_track.cpp:102] Succeeded to set track lock for frame 17
I1014 11:38:07.908254  5121 work_track.cpp:116] Succeeded to release track lock for frame 17
I1014 11:38:07.908269  5121 work_track.cpp:120] Track results of frame 17: 1 objects input, 1 objects tracked!
I1014 11:38:07.908286  5121 work_track.cpp:148] Frame: 17, track bbox: [57 x 51 from (92.9034, 186.043)], gid: 0, lid: 0
I1014 11:38:07.908322  5121 work_thread.hpp:88]  [T-Work-Detect_0] Frame :17 split
I1014 11:38:07.908339  5121 work_thread.hpp:120]  [T-Work-Detect_0] Valid piece: gid = 0
I1014 11:38:07.908357  5121 work_thread.hpp:92]  [T-Work-Detect_0] Push to split queue:recog
I1014 11:38:07.908396  5123 work_thread.hpp:81]  [T-Work-Recog_1] Run work: WorkCapture
I1014 11:38:07.908401  5124 thread_intergrate.hpp:78] [T-Intergrate-intergrate] queue: frame output frame :17
I1014 11:38:07.908897  5123 work_thread.hpp:81]  [T-Work-Recog_1] Run work: WorkRecog
W1014 11:38:07.908919  5123 work_recog.hpp:118] Face id: 0 has low quality : 0.0266769, no need to recog
I1014 11:38:07.908964  5123 work_thread.hpp:81]  [T-Work-Recog_1] Run work: WorkCompare
I1014 11:38:07.909886  5120 demo_inner.hpp:435] thread [SORT-0]  frame id 17 sorting queue size 0   FPS: 29.7398
I1014 11:38:07.909950  5119 demo_inner.hpp:260]  gui queue size 0, state = running
I1014 11:38:07.937006  5118 demo_inner.hpp:177] decode queue size 0
I1014 11:38:07.937121  5121 work_thread.hpp:81]  [T-Work-Detect_0] Run work: WorkDetect
I1014 11:38:07.937157  5121 work_detect.cpp:102] Succeeded to add det start for frame 18
I1014 11:38:07.943635  5121 work_detect.cpp:70] Frame :18 detect result :2 face(s)
W1014 11:38:07.943681  5121 work_detect.cpp:83] Invalid bbox: [134 x 156 from (221, 227)]
I1014 11:38:07.943742  5121 work_detect.cpp:86] Detected bbox: [55 x 46 from (94, 188)]
I1014 11:38:07.943785  5121 work_detect.cpp:120] Succeeded to add det end for frame 18
I1014 11:38:07.943801  5121 work_thread.hpp:81]  [T-Work-Detect_0] Run work: WrokTrack
I1014 11:38:07.943826  5121 work_track.cpp:82] Frame: 18 build input_characts: [0.0859375 x 0.127778 from (0.146875, 0.522222)], 0.972103, 0
I1014 11:38:07.943881  5121 work_track.cpp:102] Succeeded to set track lock for frame 18
I1014 11:38:07.943922  5121 work_track.cpp:116] Succeeded to release track lock for frame 18
I1014 11:38:07.943936  5121 work_track.cpp:120] Track results of frame 18: 1 objects input, 1 objects tracked!
I1014 11:38:07.943954  5121 work_track.cpp:148] Frame: 18, track bbox: [55 x 46 from (93.9522, 188.053)], gid: 0, lid: 0
I1014 11:38:07.943989  5121 work_thread.hpp:88]  [T-Work-Detect_0] Frame :18 split
I1014 11:38:07.944007  5121 work_thread.hpp:120]  [T-Work-Detect_0] Valid piece: gid = 0
I1014 11:38:07.944025  5121 work_thread.hpp:92]  [T-Work-Detect_0] Push to split queue:recog
I1014 11:38:07.944070  5122 work_thread.hpp:81]  [T-Work-Recog_0] Run work: WorkCapture
I1014 11:38:07.944317  5124 thread_intergrate.hpp:78] [T-Intergrate-intergrate] queue: frame output frame :18
I1014 11:38:07.944581  5122 work_thread.hpp:81]  [T-Work-Recog_0] Run work: WorkRecog
W1014 11:38:07.944602  5122 work_recog.hpp:118] Face id: 0 has low quality : 0.0370254, no need to recog
I1014 11:38:07.944649  5122 work_thread.hpp:81]  [T-Work-Recog_0] Run work: WorkCompare
I1014 11:38:07.945792  5120 demo_inner.hpp:435] thread [SORT-0]  frame id 18 sorting queue size 0   FPS: 29.6167
I1014 11:38:07.945858  5119 demo_inner.hpp:260]  gui queue size 0, state = running
I1014 11:38:07.967160  5118 demo_inner.hpp:177] decode queue size 0
I1014 11:38:07.967257  5121 work_thread.hpp:81]  [T-Work-Detect_0] Run work: WorkDetect
I1014 11:38:07.967288  5121 work_detect.cpp:102] Succeeded to add det start for frame 19
I1014 11:38:07.973852  5121 work_detect.cpp:70] Frame :19 detect result :2 face(s)
W1014 11:38:07.973894  5121 work_detect.cpp:83] Invalid bbox: [136 x 150 from (225, 228)]
I1014 11:38:07.973958  5121 work_detect.cpp:86] Detected bbox: [56 x 50 from (94, 187)]
I1014 11:38:07.973999  5121 work_detect.cpp:120] Succeeded to add det end for frame 19
I1014 11:38:07.974015  5121 work_thread.hpp:81]  [T-Work-Detect_0] Run work: WrokTrack
I1014 11:38:07.974040  5121 work_track.cpp:82] Frame: 19 build input_characts: [0.0875 x 0.138889 from (0.146875, 0.519444)], 0.976131, 0
I1014 11:38:07.974095  5121 work_track.cpp:102] Succeeded to set track lock for frame 19
I1014 11:38:07.974135  5121 work_track.cpp:116] Succeeded to release track lock for frame 19
I1014 11:38:07.974149  5121 work_track.cpp:120] Track results of frame 19: 1 objects input, 1 objects tracked!
I1014 11:38:07.974167  5121 work_track.cpp:148] Frame: 19, track bbox: [56 x 50 from (93.7386, 186.571)], gid: 0, lid: 0
I1014 11:38:07.974202  5121 work_thread.hpp:88]  [T-Work-Detect_0] Frame :19 split
I1014 11:38:07.974220  5121 work_thread.hpp:120]  [T-Work-Detect_0] Valid piece: gid = 0
I1014 11:38:07.974283  5121 work_thread.hpp:92]  [T-Work-Detect_0] Push to split queue:recog
I1014 11:38:07.974334  5122 work_thread.hpp:81]  [T-Work-Recog_0] Run work: WorkCapture
I1014 11:38:07.974562  5124 thread_intergrate.hpp:78] [T-Intergrate-intergrate] queue: frame output frame :19
I1014 11:38:07.974819  5122 work_thread.hpp:81]  [T-Work-Recog_0] Run work: WorkRecog
W1014 11:38:07.974840  5122 work_recog.hpp:118] Face id: 0 has low quality : 0.02384, no need to recog
I1014 11:38:07.974880  5122 work_thread.hpp:81]  [T-Work-Recog_0] Run work: WorkCompare
I1014 11:38:07.976081  5120 demo_inner.hpp:435] thread [SORT-0]  frame id 19 sorting queue size 0   FPS: 29.7521
I1014 11:38:07.976148  5119 demo_inner.hpp:260]  gui queue size 0, state = running
I1014 11:38:08.003036  5118 demo_inner.hpp:177] decode queue size 0
I1014 11:38:08.003139  5121 work_thread.hpp:81]  [T-Work-Detect_0] Run work: WorkDetect
I1014 11:38:08.003170  5121 work_detect.cpp:102] Succeeded to add det start for frame 20
I1014 11:38:08.009685  5121 work_detect.cpp:70] Frame :20 detect result :2 face(s)
W1014 11:38:08.009727  5121 work_detect.cpp:83] Invalid bbox: [134 x 149 from (227, 227)]
I1014 11:38:08.009790  5121 work_detect.cpp:86] Detected bbox: [55 x 46 from (95, 188)]
I1014 11:38:08.009832  5121 work_detect.cpp:120] Succeeded to add det end for frame 20
I1014 11:38:08.009848  5121 work_thread.hpp:81]  [T-Work-Detect_0] Run work: WrokTrack
I1014 11:38:08.009874  5121 work_track.cpp:82] Frame: 20 build input_characts: [0.0859375 x 0.127778 from (0.148438, 0.522222)], 0.959643, 0
I1014 11:38:08.009932  5121 work_track.cpp:102] Succeeded to set track lock for frame 20
I1014 11:38:08.009972  5121 work_track.cpp:116] Succeeded to release track lock for frame 20
I1014 11:38:08.009986  5121 work_track.cpp:120] Track results of frame 20: 1 objects input, 1 objects tracked!
I1014 11:38:08.010004  5121 work_track.cpp:148] Frame: 20, track bbox: [55 x 46 from (94.6223, 187.968)], gid: 0, lid: 0
I1014 11:38:08.010040  5121 work_thread.hpp:88]  [T-Work-Detect_0] Frame :20 split
I1014 11:38:08.010057  5121 work_thread.hpp:120]  [T-Work-Detect_0] Valid piece: gid = 0
I1014 11:38:08.010076  5121 work_thread.hpp:92]  [T-Work-Detect_0] Push to split queue:recog
I1014 11:38:08.010115  5122 work_thread.hpp:81]  [T-Work-Recog_0] Run work: WorkCapture
I1014 11:38:08.010334  5124 thread_intergrate.hpp:78] [T-Intergrate-intergrate] queue: frame output frame :20
I1014 11:38:08.010587  5122 work_thread.hpp:81]  [T-Work-Recog_0] Run work: WorkRecog
W1014 11:38:08.010608  5122 work_recog.hpp:118] Face id: 0 has low quality : 0.0370211, no need to recog
I1014 11:38:08.010653  5122 work_thread.hpp:81]  [T-Work-Recog_0] Run work: WorkCompare
I1014 11:38:08.011878  5120 demo_inner.hpp:435] thread [SORT-0]  frame id 20 sorting queue size 0   FPS: 29.6875
I1014 11:38:08.011950  5119 demo_inner.hpp:260]  gui queue size 0, state = running
I1014 11:38:08.033190  5118 demo_inner.hpp:177] decode queue size 0
I1014 11:38:08.033280  5121 work_thread.hpp:81]  [T-Work-Detect_0] Run work: WorkDetect
I1014 11:38:08.033313  5121 work_detect.cpp:102] Succeeded to add det start for frame 21
I1014 11:38:08.039917  5121 work_detect.cpp:70] Frame :21 detect result :2 face(s)
W1014 11:38:08.039965  5121 work_detect.cpp:83] Invalid bbox: [136 x 152 from (229, 225)]
I1014 11:38:08.040030  5121 work_detect.cpp:86] Detected bbox: [55 x 48 from (94, 188)]
I1014 11:38:08.040074  5121 work_detect.cpp:120] Succeeded to add det end for frame 21
I1014 11:38:08.040091  5121 work_thread.hpp:81]  [T-Work-Detect_0] Run work: WrokTrack
I1014 11:38:08.040114  5121 work_track.cpp:82] Frame: 21 build input_characts: [0.0859375 x 0.133333 from (0.146875, 0.522222)], 0.972103, 0
I1014 11:38:08.040210  5121 work_track.cpp:102] Succeeded to set track lock for frame 21
I1014 11:38:08.040251  5121 work_track.cpp:116] Succeeded to release track lock for frame 21
I1014 11:38:08.040266  5121 work_track.cpp:120] Track results of frame 21: 1 objects input, 1 objects tracked!
I1014 11:38:08.040283  5121 work_track.cpp:148] Frame: 21, track bbox: [55 x 48 from (94.4987, 187.499)], gid: 0, lid: 0
I1014 11:38:08.040364  5121 work_thread.hpp:88]  [T-Work-Detect_0] Frame :21 split
I1014 11:38:08.040383  5121 work_thread.hpp:120]  [T-Work-Detect_0] Valid piece: gid = 0
I1014 11:38:08.040402  5121 work_thread.hpp:92]  [T-Work-Detect_0] Push to split queue:recog
I1014 11:38:08.040448  5122 work_thread.hpp:81]  [T-Work-Recog_0] Run work: WorkCapture
I1014 11:38:08.040678  5124 thread_intergrate.hpp:78] [T-Intergrate-intergrate] queue: frame output frame :21
I1014 11:38:08.040933  5122 work_thread.hpp:81]  [T-Work-Recog_0] Run work: WorkRecog
W1014 11:38:08.040953  5122 work_recog.hpp:118] Face id: 0 has low quality : 0.0298068, no need to recog
I1014 11:38:08.040998  5122 work_thread.hpp:81]  [T-Work-Recog_0] Run work: WorkCompare
I1014 11:38:08.042246  5120 demo_inner.hpp:435] thread [SORT-0]  frame id 21 sorting queue size 0   FPS: 29.8063
I1014 11:38:08.042311  5119 demo_inner.hpp:260]  gui queue size 0, state = running
I1014 11:38:08.069098  5118 demo_inner.hpp:177] decode queue size 0
I1014 11:38:08.069200  5121 work_thread.hpp:81]  [T-Work-Detect_0] Run work: WorkDetect
I1014 11:38:08.069233  5121 work_detect.cpp:102] Succeeded to add det start for frame 22
I1014 11:38:08.075768  5121 work_detect.cpp:70] Frame :22 detect result :2 face(s)
W1014 11:38:08.075809  5121 work_detect.cpp:83] Invalid bbox: [137 x 154 from (230, 224)]
I1014 11:38:08.076177  5121 work_detect.cpp:86] Detected bbox: [56 x 49 from (94, 188)]
I1014 11:38:08.076225  5121 work_detect.cpp:120] Succeeded to add det end for frame 22
I1014 11:38:08.076241  5121 work_thread.hpp:81]  [T-Work-Detect_0] Run work: WrokTrack
I1014 11:38:08.076267  5121 work_track.cpp:82] Frame: 22 build input_characts: [0.0875 x 0.136111 from (0.146875, 0.522222)], 0.985729, 0
I1014 11:38:08.076323  5121 work_track.cpp:102] Succeeded to set track lock for frame 22
I1014 11:38:08.076362  5121 work_track.cpp:116] Succeeded to release track lock for frame 22
I1014 11:38:08.076376  5121 work_track.cpp:120] Track results of frame 22: 1 objects input, 1 objects tracked!
I1014 11:38:08.076395  5121 work_track.cpp:148] Frame: 22, track bbox: [56 x 49 from (94.0493, 187.866)], gid: 0, lid: 0
I1014 11:38:08.076431  5121 work_thread.hpp:88]  [T-Work-Detect_0] Frame :22 split
I1014 11:38:08.076447  5121 work_thread.hpp:120]  [T-Work-Detect_0] Valid piece: gid = 0
I1014 11:38:08.076465  5121 work_thread.hpp:92]  [T-Work-Detect_0] Push to split queue:recog
I1014 11:38:08.076506  5123 work_thread.hpp:81]  [T-Work-Recog_1] Run work: WorkCapture
I1014 11:38:08.076510  5124 thread_intergrate.hpp:78] [T-Intergrate-intergrate] queue: frame output frame :22
I1014 11:38:08.077018  5123 work_thread.hpp:81]  [T-Work-Recog_1] Run work: WorkRecog
W1014 11:38:08.077039  5123 work_recog.hpp:118] Face id: 0 has low quality : 0.0266775, no need to recog
I1014 11:38:08.077103  5123 work_thread.hpp:81]  [T-Work-Recog_1] Run work: WorkCompare
I1014 11:38:08.077978  5120 demo_inner.hpp:435] thread [SORT-0]  frame id 22 sorting queue size 0   FPS: 29.703
I1014 11:38:08.078042  5119 demo_inner.hpp:260]  gui queue size 0, state = running
I1014 11:38:08.099231  5118 demo_inner.hpp:177] decode queue size 0
I1014 11:38:08.099323  5121 work_thread.hpp:81]  [T-Work-Detect_0] Run work: WorkDetect
I1014 11:38:08.099355  5121 work_detect.cpp:102] Succeeded to add det start for frame 23
I1014 11:38:08.105892  5121 work_detect.cpp:70] Frame :23 detect result :2 face(s)
W1014 11:38:08.105937  5121 work_detect.cpp:83] Invalid bbox: [136 x 149 from (235, 229)]
I1014 11:38:08.106060  5121 work_detect.cpp:86] Detected bbox: [58 x 51 from (93, 186)]
I1014 11:38:08.106103  5121 work_detect.cpp:120] Succeeded to add det end for frame 23
I1014 11:38:08.106119  5121 work_thread.hpp:81]  [T-Work-Detect_0] Run work: WrokTrack
I1014 11:38:08.106144  5121 work_track.cpp:82] Frame: 23 build input_characts: [0.090625 x 0.141667 from (0.145313, 0.516667)], 0.983243, 0
I1014 11:38:08.106202  5121 work_track.cpp:102] Succeeded to set track lock for frame 23
I1014 11:38:08.106284  5121 work_track.cpp:116] Succeeded to release track lock for frame 23
I1014 11:38:08.106300  5121 work_track.cpp:120] Track results of frame 23: 1 objects input, 1 objects tracked!
I1014 11:38:08.106318  5121 work_track.cpp:148] Frame: 23, track bbox: [58 x 51 from (93.0197, 186.517)], gid: 0, lid: 0
I1014 11:38:08.106354  5121 work_thread.hpp:88]  [T-Work-Detect_0] Frame :23 split
I1014 11:38:08.106372  5121 work_thread.hpp:120]  [T-Work-Detect_0] Valid piece: gid = 0
I1014 11:38:08.106390  5121 work_thread.hpp:92]  [T-Work-Detect_0] Push to split queue:recog
