I1014 10:40:46.956099  4110 work_thread.hpp:81]  [T-Work-Detect_0] Run work: WorkDetect
I1014 10:40:46.956135  4110 work_detect.cpp:102] Succeeded to add det start for frame 81
I1014 10:40:46.962950  4110 work_detect.cpp:70] Frame :81 detect result :2 face(s)
I1014 10:40:46.962993  4110 work_detect.cpp:86] Detected bbox: [159 x 202 from (211, 135)]
I1014 10:40:46.963024  4110 work_detect.cpp:86] Detected bbox: [28 x 55 from (448, 182)]
I1014 10:40:46.963054  4110 work_detect.cpp:120] Succeeded to add det end for frame 81
I1014 10:40:46.963070  4110 work_thread.hpp:81]  [T-Work-Detect_0] Run work: WrokTrack
I1014 10:40:46.963094  4110 work_track.cpp:82] Frame: 81 build input_characts: [0.248437 x 0.561111 from (0.329688, 0.375)], 0.999622, 0
I1014 10:40:46.963145  4110 work_track.cpp:82] Frame: 81 build input_characts: [0.04375 x 0.152778 from (0.7, 0.505556)], 0.953864, 1
I1014 10:40:46.963181  4110 work_track.cpp:102] Succeeded to set track lock for frame 81
I1014 10:40:46.963224  4110 work_track.cpp:116] Succeeded to release track lock for frame 81
I1014 10:40:46.963312  4110 work_track.cpp:120] Track results of frame 81: 2 objects input, 2 objects tracked!
I1014 10:40:46.963332  4110 work_track.cpp:148] Frame: 81, track bbox: [159 x 202 from (211.203, 135.061)], gid: 2, lid: 0
I1014 10:40:46.963366  4110 work_track.cpp:148] Frame: 81, track bbox: [28 x 55 from (447.472, 182.835)], gid: 3, lid: 1
I1014 10:40:46.963399  4110 work_thread.hpp:88]  [T-Work-Detect_0] Frame :81 split
I1014 10:40:46.963418  4110 work_thread.hpp:120]  [T-Work-Detect_0] Valid piece: gid = 2
I1014 10:40:46.963435  4110 work_thread.hpp:120]  [T-Work-Detect_0] Valid piece: gid = 3
I1014 10:40:46.963452  4110 work_thread.hpp:92]  [T-Work-Detect_0] Push to split queue:recog
I1014 10:40:46.963477  4110 work_thread.hpp:92]  [T-Work-Detect_0] Push to split queue:recog
I1014 10:40:46.963488  4112 work_thread.hpp:81]  [T-Work-Recog_1] Run work: WorkCapture
I1014 10:40:46.963512  4111 work_thread.hpp:81]  [T-Work-Recog_0] Run work: WorkCapture
I1014 10:40:46.963527  4113 thread_intergrate.hpp:78] [T-Intergrate-intergrate] queue: frame output frame :81
I1014 10:40:46.963553  4113 thread_intergrate.hpp:85] [T-Intergrate-intergrate] queue: compare output face:2
I1014 10:40:46.963572  4113 thread_intergrate.hpp:134] T-Intergrate-intergrate set matched face: 2
I1014 10:40:46.964149  4112 work_thread.hpp:81]  [T-Work-Recog_1] Run work: WorkRecog
I1014 10:40:46.964197  4112 work_recog.hpp:89] Face id: 2 will run recog: bbox [159 x 202 from (211, 135)] quality: 0.438707
I1014 10:40:46.964227  4112 work_recog.hpp:96] Recog pair: [232 x 272 from (176, 88)], [159 x 202 from (35, 47)]
I1014 10:40:46.964267  4111 work_thread.hpp:81]  [T-Work-Recog_0] Run work: WorkRecog
W1014 10:40:46.964313  4111 work_recog.hpp:118] Face id: 3 has low quality : 0.0150317, no need to recog
I1014 10:40:46.964496  4111 work_thread.hpp:81]  [T-Work-Recog_0] Run work: WorkCompare
I1014 10:40:46.964946  4113 thread_intergrate.hpp:154] T-Intergrate-intergrate Show face :2, size :640 * 360
I1014 10:40:46.965462  4109 demo_inner.hpp:435] thread [SORT-0]  frame id 81 sorting queue size 0   FPS: 30.0345
I1014 10:40:46.981571  4112 work_thread.hpp:81]  [T-Work-Recog_1] Run work: WorkCompare
I1014 10:40:46.981679  4112 work_compare.cpp:76] Compare face: 2 successed, similarity :0.985322, name : images/thanglmb.jpg, normal size : 640 * 360!
I1014 10:40:46.991747  4107 demo_inner.hpp:177] decode queue size 0
I1014 10:40:46.991876  4110 work_thread.hpp:81]  [T-Work-Detect_0] Run work: WorkDetect
I1014 10:40:46.991912  4110 work_detect.cpp:102] Succeeded to add det start for frame 82
I1014 10:40:46.999416  4110 work_detect.cpp:70] Frame :82 detect result :2 face(s)
I1014 10:40:46.999464  4110 work_detect.cpp:86] Detected bbox: [158 x 199 from (212, 138)]
I1014 10:40:46.999507  4110 work_detect.cpp:86] Detected bbox: [29 x 55 from (448, 183)]
I1014 10:40:46.999539  4110 work_detect.cpp:120] Succeeded to add det end for frame 82
I1014 10:40:46.999555  4110 work_thread.hpp:81]  [T-Work-Detect_0] Run work: WrokTrack
I1014 10:40:46.999579  4110 work_track.cpp:82] Frame: 82 build input_characts: [0.246875 x 0.552778 from (0.33125, 0.383333)], 1.00019, 0
I1014 10:40:46.999651  4110 work_track.cpp:82] Frame: 82 build input_characts: [0.0453125 x 0.152778 from (0.7, 0.508333)], 0.959737, 1
I1014 10:40:46.999688  4110 work_track.cpp:102] Succeeded to set track lock for frame 82
I1014 10:40:46.999790  4110 work_track.cpp:116] Succeeded to release track lock for frame 82
I1014 10:40:46.999806  4110 work_track.cpp:120] Track results of frame 82: 2 objects input, 2 objects tracked!
I1014 10:40:46.999824  4110 work_track.cpp:148] Frame: 82, track bbox: [158 x 199 from (211.194, 136.82)], gid: 2, lid: 0
I1014 10:40:46.999882  4110 work_track.cpp:148] Frame: 82, track bbox: [29 x 55 from (447.675, 182.673)], gid: 3, lid: 1
I1014 10:40:46.999917  4110 work_thread.hpp:88]  [T-Work-Detect_0] Frame :82 split
I1014 10:40:46.999934  4110 work_thread.hpp:120]  [T-Work-Detect_0] Valid piece: gid = 2
I1014 10:40:46.999953  4110 work_thread.hpp:120]  [T-Work-Detect_0] Valid piece: gid = 3
I1014 10:40:47.000048  4110 work_thread.hpp:92]  [T-Work-Detect_0] Push to split queue:recog
I1014 10:40:47.000089  4112 work_thread.hpp:81]  [T-Work-Recog_1] Run work: WorkCapture
I1014 10:40:47.000077  4110 work_thread.hpp:92]  [T-Work-Detect_0] Push to split queue:recog
I1014 10:40:47.000144  4111 work_thread.hpp:81]  [T-Work-Recog_0] Run work: WorkCapture
I1014 10:40:47.000538  4113 thread_intergrate.hpp:78] [T-Intergrate-intergrate] queue: frame output frame :82
I1014 10:40:47.000567  4113 thread_intergrate.hpp:85] [T-Intergrate-intergrate] queue: compare output face:2
I1014 10:40:47.000612  4113 thread_intergrate.hpp:134] T-Intergrate-intergrate set matched face: 2
I1014 10:40:47.000703  4112 work_thread.hpp:81]  [T-Work-Recog_1] Run work: WorkRecog
I1014 10:40:47.000728  4112 work_recog.hpp:89] Face id: 2 will run recog: bbox [158 x 199 from (212, 138)] quality: 0.445188
I1014 10:40:47.000759  4112 work_recog.hpp:96] Recog pair: [232 x 264 from (176, 96)], [158 x 199 from (36, 42)]
I1014 10:40:47.001718  4111 work_thread.hpp:81]  [T-Work-Recog_0] Run work: WorkRecog
W1014 10:40:47.001746  4111 work_recog.hpp:118] Face id: 3 has low quality : 0.0118635, no need to recog
I1014 10:40:47.001827  4111 work_thread.hpp:81]  [T-Work-Recog_0] Run work: WorkCompare
I1014 10:40:47.002092  4113 thread_intergrate.hpp:154] T-Intergrate-intergrate Show face :2, size :640 * 360
I1014 10:40:47.002677  4109 demo_inner.hpp:435] thread [SORT-0]  frame id 82 sorting queue size 1   FPS: 29.9166
I1014 10:40:47.018239  4112 work_thread.hpp:81]  [T-Work-Recog_1] Run work: WorkCompare
I1014 10:40:47.018347  4112 work_compare.cpp:76] Compare face: 2 successed, similarity :0.975372, name : images/thanglmb.jpg, normal size : 640 * 360!
I1014 10:40:47.020931  4108 demo_inner.hpp:260]  gui queue size 1, state = running
I1014 10:40:47.023910  4107 demo_inner.hpp:177] decode queue size 0
I1014 10:40:47.024044  4110 work_thread.hpp:81]  [T-Work-Detect_0] Run work: WorkDetect
I1014 10:40:47.024077  4110 work_detect.cpp:102] Succeeded to add det start for frame 83
I1014 10:40:47.030977  4110 work_detect.cpp:70] Frame :83 detect result :2 face(s)
I1014 10:40:47.031018  4110 work_detect.cpp:86] Detected bbox: [156 x 210 from (202, 128)]
I1014 10:40:47.031050  4110 work_detect.cpp:86] Detected bbox: [28 x 55 from (448, 183)]
I1014 10:40:47.031080  4110 work_detect.cpp:120] Succeeded to add det end for frame 83
I1014 10:40:47.031096  4110 work_thread.hpp:81]  [T-Work-Detect_0] Run work: WrokTrack
I1014 10:40:47.031121  4110 work_track.cpp:82] Frame: 83 build input_characts: [0.24375 x 0.583333 from (0.315625, 0.355556)], 0.999622, 0
I1014 10:40:47.031172  4110 work_track.cpp:82] Frame: 83 build input_characts: [0.04375 x 0.152778 from (0.7, 0.508333)], 0.969403, 1
I1014 10:40:47.031208  4110 work_track.cpp:102] Succeeded to set track lock for frame 83
I1014 10:40:47.031252  4110 work_track.cpp:116] Succeeded to release track lock for frame 83
I1014 10:40:47.031267  4110 work_track.cpp:120] Track results of frame 83: 2 objects input, 2 objects tracked!
I1014 10:40:47.031286  4110 work_track.cpp:148] Frame: 83, track bbox: [156 x 210 from (206.521, 129.826)], gid: 2, lid: 0
I1014 10:40:47.031319  4110 work_track.cpp:148] Frame: 83, track bbox: [28 x 55 from (448.285, 182.673)], gid: 3, lid: 1
I1014 10:40:47.031352  4110 work_thread.hpp:88]  [T-Work-Detect_0] Frame :83 split
I1014 10:40:47.031370  4110 work_thread.hpp:120]  [T-Work-Detect_0] Valid piece: gid = 2
I1014 10:40:47.031388  4110 work_thread.hpp:120]  [T-Work-Detect_0] Valid piece: gid = 3
I1014 10:40:47.031405  4110 work_thread.hpp:92]  [T-Work-Detect_0] Push to split queue:recog
I1014 10:40:47.031457  4111 work_thread.hpp:81]  [T-Work-Recog_0] Run work: WorkCapture
I1014 10:40:47.031735  4110 work_thread.hpp:92]  [T-Work-Detect_0] Push to split queue:recog
I1014 10:40:47.031769  4112 work_thread.hpp:81]  [T-Work-Recog_1] Run work: WorkCapture
I1014 10:40:47.031785  4113 thread_intergrate.hpp:78] [T-Intergrate-intergrate] queue: frame output frame :83
I1014 10:40:47.031814  4113 thread_intergrate.hpp:85] [T-Intergrate-intergrate] queue: compare output face:2
I1014 10:40:47.031977  4113 thread_intergrate.hpp:134] T-Intergrate-intergrate set matched face: 2
I1014 10:40:47.032022  4111 work_thread.hpp:81]  [T-Work-Recog_0] Run work: WorkRecog
I1014 10:40:47.032045  4111 work_recog.hpp:89] Face id: 2 will run recog: bbox [156 x 210 from (202, 128)] quality: 0.469842
I1014 10:40:47.032083  4111 work_recog.hpp:96] Recog pair: [224 x 280 from (168, 80)], [156 x 210 from (34, 48)]
I1014 10:40:47.032443  4112 work_thread.hpp:81]  [T-Work-Recog_1] Run work: WorkRecog
W1014 10:40:47.032465  4112 work_recog.hpp:118] Face id: 3 has low quality : 0.0150317, no need to recog
I1014 10:40:47.032521  4112 work_thread.hpp:81]  [T-Work-Recog_1] Run work: WorkCompare
I1014 10:40:47.033486  4113 thread_intergrate.hpp:154] T-Intergrate-intergrate Show face :2, size :640 * 360
I1014 10:40:47.034106  4109 demo_inner.hpp:435] thread [SORT-0]  frame id 83 sorting queue size 0   FPS: 29.9902
I1014 10:40:47.049760  4111 work_thread.hpp:81]  [T-Work-Recog_0] Run work: WorkCompare
I1014 10:40:47.049865  4111 work_compare.cpp:76] Compare face: 2 successed, similarity :0.979288, name : images/thanglmb.jpg, normal size : 640 * 360!
I1014 10:40:47.058352  4107 demo_inner.hpp:177] decode queue size 0
I1014 10:40:47.058465  4110 work_thread.hpp:81]  [T-Work-Detect_0] Run work: WorkDetect
I1014 10:40:47.058502  4110 work_detect.cpp:102] Succeeded to add det start for frame 84
I1014 10:40:47.065181  4110 work_detect.cpp:70] Frame :84 detect result :2 face(s)
I1014 10:40:47.065232  4110 work_detect.cpp:86] Detected bbox: [160 x 215 from (199, 124)]
I1014 10:40:47.065264  4110 work_detect.cpp:86] Detected bbox: [30 x 56 from (447, 182)]
I1014 10:40:47.065295  4110 work_detect.cpp:120] Succeeded to add det end for frame 84
I1014 10:40:47.065312  4110 work_thread.hpp:81]  [T-Work-Detect_0] Run work: WrokTrack
I1014 10:40:47.065337  4110 work_track.cpp:82] Frame: 84 build input_characts: [0.25 x 0.597222 from (0.310937, 0.344444)], 0.997488, 0
I1014 10:40:47.065389  4110 work_track.cpp:82] Frame: 84 build input_characts: [0.046875 x 0.155556 from (0.698438, 0.505556)], 0.962067, 1
I1014 10:40:47.065426  4110 work_track.cpp:102] Succeeded to set track lock for frame 84
I1014 10:40:47.065474  4110 work_track.cpp:116] Succeeded to release track lock for frame 84
I1014 10:40:47.065488  4110 work_track.cpp:120] Track results of frame 84: 2 objects input, 2 objects tracked!
I1014 10:40:47.065508  4110 work_track.cpp:148] Frame: 84, track bbox: [160 x 215 from (199.886, 125.119)], gid: 2, lid: 0
I1014 10:40:47.065547  4110 work_track.cpp:148] Frame: 84, track bbox: [30 x 56 from (447.342, 182.199)], gid: 3, lid: 1
I1014 10:40:47.065582  4110 work_thread.hpp:88]  [T-Work-Detect_0] Frame :84 split
I1014 10:40:47.065606  4110 work_thread.hpp:120]  [T-Work-Detect_0] Valid piece: gid = 2
I1014 10:40:47.065625  4110 work_thread.hpp:120]  [T-Work-Detect_0] Valid piece: gid = 3
I1014 10:40:47.065642  4110 work_thread.hpp:92]  [T-Work-Detect_0] Push to split queue:recog
I1014 10:40:47.065673  4110 work_thread.hpp:92]  [T-Work-Detect_0] Push to split queue:recog
I1014 10:40:47.065697  4111 work_thread.hpp:81]  [T-Work-Recog_0] Run work: WorkCapture
I1014 10:40:47.065722  4112 work_thread.hpp:81]  [T-Work-Recog_1] Run work: WorkCapture
I1014 10:40:47.065965  4113 thread_intergrate.hpp:78] [T-Intergrate-intergrate] queue: frame output frame :84
I1014 10:40:47.065994  4113 thread_intergrate.hpp:85] [T-Intergrate-intergrate] queue: compare output face:2
I1014 10:40:47.066013  4113 thread_intergrate.hpp:134] T-Intergrate-intergrate set matched face: 2
I1014 10:40:47.066315  4112 work_thread.hpp:81]  [T-Work-Recog_1] Run work: WorkRecog
W1014 10:40:47.066339  4112 work_recog.hpp:118] Face id: 3 has low quality : 0.0150317, no need to recog
I1014 10:40:47.066416  4112 work_thread.hpp:81]  [T-Work-Recog_1] Run work: WorkCompare
I1014 10:40:47.066431  4111 work_thread.hpp:81]  [T-Work-Recog_0] Run work: WorkRecog
I1014 10:40:47.066617  4111 work_recog.hpp:89] Face id: 2 will run recog: bbox [160 x 215 from (199, 124)] quality: 0.471766
I1014 10:40:47.066699  4111 work_recog.hpp:96] Recog pair: [232 x 280 from (160, 80)], [160 x 215 from (39, 44)]
I1014 10:40:47.067593  4113 thread_intergrate.hpp:154] T-Intergrate-intergrate Show face :2, size :640 * 360
I1014 10:40:47.068145  4109 demo_inner.hpp:435] thread [SORT-0]  frame id 84 sorting queue size 1   FPS: 29.9313
I1014 10:40:47.084141  4111 work_thread.hpp:81]  [T-Work-Recog_0] Run work: WorkCompare
I1014 10:40:47.084265  4111 work_compare.cpp:76] Compare face: 2 successed, similarity :0.971566, name : images/thanglmb.jpg, normal size : 640 * 360!
I1014 10:40:47.093783  4107 demo_inner.hpp:177] decode queue size 0
I1014 10:40:47.093897  4110 work_thread.hpp:81]  [T-Work-Detect_0] Run work: WorkDetect
I1014 10:40:47.093933  4110 work_detect.cpp:102] Succeeded to add det start for frame 85
I1014 10:40:47.099426  4108 demo_inner.hpp:260]  gui queue size 1, state = running
I1014 10:40:47.101399  4110 work_detect.cpp:70] Frame :85 detect result :2 face(s)
I1014 10:40:47.101465  4110 work_detect.cpp:86] Detected bbox: [161 x 217 from (198, 124)]
I1014 10:40:47.101503  4110 work_detect.cpp:86] Detected bbox: [30 x 56 from (447, 182)]
I1014 10:40:47.101537  4110 work_detect.cpp:120] Succeeded to add det end for frame 85
I1014 10:40:47.101553  4110 work_thread.hpp:81]  [T-Work-Detect_0] Run work: WrokTrack
I1014 10:40:47.101579  4110 work_track.cpp:82] Frame: 85 build input_characts: [0.251563 x 0.602778 from (0.309375, 0.344444)], 0.999622, 0
I1014 10:40:47.101639  4110 work_track.cpp:82] Frame: 85 build input_characts: [0.046875 x 0.155556 from (0.698438, 0.505556)], 0.959737, 1
I1014 10:40:47.101675  4110 work_track.cpp:102] Succeeded to set track lock for frame 85
I1014 10:40:47.101723  4110 work_track.cpp:116] Succeeded to release track lock for frame 85
I1014 10:40:47.101738  4110 work_track.cpp:120] Track results of frame 85: 2 objects input, 2 objects tracked!
I1014 10:40:47.101756  4110 work_track.cpp:148] Frame: 85, track bbox: [161 x 217 from (196.412, 123.549)], gid: 2, lid: 0
I1014 10:40:47.101792  4110 work_track.cpp:148] Frame: 85, track bbox: [30 x 56 from (447.137, 182.285)], gid: 3, lid: 1
I1014 10:40:47.101825  4110 work_thread.hpp:88]  [T-Work-Detect_0] Frame :85 split
I1014 10:40:47.101843  4110 work_thread.hpp:120]  [T-Work-Detect_0] Valid piece: gid = 2
I1014 10:40:47.101861  4110 work_thread.hpp:120]  [T-Work-Detect_0] Valid piece: gid = 3
I1014 10:40:47.101878  4110 work_thread.hpp:92]  [T-Work-Detect_0] Push to split queue:recog
I1014 10:40:47.101918  4110 work_thread.hpp:92]  [T-Work-Detect_0] Push to split queue:recog
I1014 10:40:47.101958  4111 work_thread.hpp:81]  [T-Work-Recog_0] Run work: WorkCapture
I1014 10:40:47.102617  4112 work_thread.hpp:81]  [T-Work-Recog_1] Run work: WorkCapture
I1014 10:40:47.102694  4111 work_thread.hpp:81]  [T-Work-Recog_0] Run work: WorkRecog
I1014 10:40:47.102718  4111 work_recog.hpp:89] Face id: 2 will run recog: bbox [161 x 217 from (198, 124)] quality: 0.472717
I1014 10:40:47.102748  4111 work_recog.hpp:96] Recog pair: [232 x 280 from (160, 80)], [161 x 217 from (38, 44)]
I1014 10:40:47.102864  4113 thread_intergrate.hpp:78] [T-Intergrate-intergrate] queue: frame output frame :85
I1014 10:40:47.102893  4113 thread_intergrate.hpp:85] [T-Intergrate-intergrate] queue: compare output face:2
I1014 10:40:47.102913  4113 thread_intergrate.hpp:134] T-Intergrate-intergrate set matched face: 2
I1014 10:40:47.103097  4112 work_thread.hpp:81]  [T-Work-Recog_1] Run work: WorkRecog
W1014 10:40:47.103118  4112 work_recog.hpp:118] Face id: 3 has low quality : 0.0150305, no need to recog
I1014 10:40:47.103193  4112 work_thread.hpp:81]  [T-Work-Recog_1] Run work: WorkCompare
I1014 10:40:47.104374  4113 thread_intergrate.hpp:154] T-Intergrate-intergrate Show face :2, size :640 * 360
I1014 10:40:47.104959  4109 demo_inner.hpp:435] thread [SORT-0]  frame id 85 sorting queue size 0   FPS: 29.9313
I1014 10:40:47.120277  4111 work_thread.hpp:81]  [T-Work-Recog_0] Run work: WorkCompare
I1014 10:40:47.120385  4111 work_compare.cpp:76] Compare face: 2 successed, similarity :0.971476, name : images/thanglmb.jpg, normal size : 640 * 360!
I1014 10:40:47.124424  4107 demo_inner.hpp:177] decode queue size 0
I1014 10:40:47.124508  4110 work_thread.hpp:81]  [T-Work-Detect_0] Run work: WorkDetect
I1014 10:40:47.124543  4110 work_detect.cpp:102] Succeeded to add det start for frame 86
I1014 10:40:47.131235  4110 work_detect.cpp:70] Frame :86 detect result :2 face(s)
I1014 10:40:47.131283  4110 work_detect.cpp:86] Detected bbox: [164 x 216 from (204, 132)]
I1014 10:40:47.131316  4110 work_detect.cpp:86] Detected bbox: [29 x 55 from (448, 180)]
I1014 10:40:47.131347  4110 work_detect.cpp:120] Succeeded to add det end for frame 86
I1014 10:40:47.131362  4110 work_thread.hpp:81]  [T-Work-Detect_0] Run work: WrokTrack
I1014 10:40:47.131387  4110 work_track.cpp:82] Frame: 86 build input_characts: [0.25625 x 0.6 from (0.31875, 0.366667)], 0.997488, 0
I1014 10:40:47.131438  4110 work_track.cpp:82] Frame: 86 build input_characts: [0.0453125 x 0.152778 from (0.7, 0.5)], 0.953864, 1
I1014 10:40:47.131474  4110 work_track.cpp:102] Succeeded to set track lock for frame 86
I1014 10:40:47.131518  4110 work_track.cpp:116] Succeeded to release track lock for frame 86
I1014 10:40:47.131533  4110 work_track.cpp:120] Track results of frame 86: 2 objects input, 2 objects tracked!
I1014 10:40:47.131551  4110 work_track.cpp:148] Frame: 86, track bbox: [164 x 216 from (197.8, 127.344)], gid: 2, lid: 0
I1014 10:40:47.131584  4110 work_track.cpp:148] Frame: 86, track bbox: [29 x 55 from (447.713, 181.306)], gid: 3, lid: 1
I1014 10:40:47.131618  4110 work_thread.hpp:88]  [T-Work-Detect_0] Frame :86 split
I1014 10:40:47.131634  4110 work_thread.hpp:120]  [T-Work-Detect_0] Valid piece: gid = 2
I1014 10:40:47.131652  4110 work_thread.hpp:120]  [T-Work-Detect_0] Valid piece: gid = 3
I1014 10:40:47.131669  4110 work_thread.hpp:92]  [T-Work-Detect_0] Push to split queue:recog
I1014 10:40:47.131719  4112 work_thread.hpp:81]  [T-Work-Recog_1] Run work: WorkCapture
I1014 10:40:47.131999  4110 work_thread.hpp:92]  [T-Work-Detect_0] Push to split queue:recog
I1014 10:40:47.132037  4111 work_thread.hpp:81]  [T-Work-Recog_0] Run work: WorkCapture
I1014 10:40:47.132050  4113 thread_intergrate.hpp:78] [T-Intergrate-intergrate] queue: frame output frame :86
I1014 10:40:47.132078  4113 thread_intergrate.hpp:85] [T-Intergrate-intergrate] queue: compare output face:2
I1014 10:40:47.132097  4113 thread_intergrate.hpp:134] T-Intergrate-intergrate set matched face: 2
I1014 10:40:47.132279  4112 work_thread.hpp:81]  [T-Work-Recog_1] Run work: WorkRecog
I1014 10:40:47.132302  4112 work_recog.hpp:89] Face id: 2 will run recog: bbox [164 x 216 from (204, 132)] quality: 0.431762
I1014 10:40:47.132329  4112 work_recog.hpp:96] Recog pair: [232 x 272 from (168, 88)], [164 x 216 from (36, 44)]
I1014 10:40:47.132661  4111 work_thread.hpp:81]  [T-Work-Recog_0] Run work: WorkRecog
W1014 10:40:47.132683  4111 work_recog.hpp:118] Face id: 3 has low quality : 0.0238596, no need to recog
I1014 10:40:47.132760  4111 work_thread.hpp:81]  [T-Work-Recog_0] Run work: WorkCompare
I1014 10:40:47.133752  4113 thread_intergrate.hpp:154] T-Intergrate-intergrate Show face :2, size :640 * 360
I1014 10:40:47.134337  4109 demo_inner.hpp:435] thread [SORT-0]  frame id 86 sorting queue size 1   FPS: 30.0049
I1014 10:40:47.149868  4112 work_thread.hpp:81]  [T-Work-Recog_1] Run work: WorkCompare
I1014 10:40:47.149962  4112 work_compare.cpp:76] Compare face: 2 successed, similarity :0.973403, name : images/thanglmb.jpg, normal size : 640 * 360!
I1014 10:40:47.159781  4107 demo_inner.hpp:177] decode queue size 0
I1014 10:40:47.159888  4110 work_thread.hpp:81]  [T-Work-Detect_0] Run work: WorkDetect
I1014 10:40:47.159924  4110 work_detect.cpp:102] Succeeded to add det start for frame 87
I1014 10:40:47.166679  4110 work_detect.cpp:70] Frame :87 detect result :2 face(s)
I1014 10:40:47.166725  4110 work_detect.cpp:86] Detected bbox: [171 x 220 from (190, 103)]
I1014 10:40:47.166759  4110 work_detect.cpp:86] Detected bbox: [29 x 54 from (448, 182)]
I1014 10:40:47.166862  4110 work_detect.cpp:120] Succeeded to add det end for frame 87
I1014 10:40:47.166878  4110 work_thread.hpp:81]  [T-Work-Detect_0] Run work: WrokTrack
I1014 10:40:47.166903  4110 work_track.cpp:82] Frame: 87 build input_characts: [0.267188 x 0.611111 from (0.296875, 0.286111)], 0.997596, 0
I1014 10:40:47.166954  4110 work_track.cpp:82] Frame: 87 build input_characts: [0.0453125 x 0.15 from (0.7, 0.505556)], 0.967082, 1
I1014 10:40:47.166990  4110 work_track.cpp:102] Succeeded to set track lock for frame 87
I1014 10:40:47.167033  4110 work_track.cpp:116] Succeeded to release track lock for frame 87
I1014 10:40:47.167047  4110 work_track.cpp:120] Track results of frame 87: 2 objects input, 2 objects tracked!
I1014 10:40:47.167064  4110 work_track.cpp:148] Frame: 87, track bbox: [171 x 220 from (191.869, 114.067)], gid: 2, lid: 0
I1014 10:40:47.167098  4110 work_track.cpp:148] Frame: 87, track bbox: [29 x 54 from (447.865, 181.411)], gid: 3, lid: 1
I1014 10:40:47.167130  4110 work_thread.hpp:88]  [T-Work-Detect_0] Frame :87 split
I1014 10:40:47.167148  4110 work_thread.hpp:120]  [T-Work-Detect_0] Valid piece: gid = 2
I1014 10:40:47.167166  4110 work_thread.hpp:120]  [T-Work-Detect_0] Valid piece: gid = 3
I1014 10:40:47.167182  4110 work_thread.hpp:92]  [T-Work-Detect_0] Push to split queue:recog
I1014 10:40:47.167886  4110 work_thread.hpp:92]  [T-Work-Detect_0] Push to split queue:recog
I1014 10:40:47.167903  4112 work_thread.hpp:81]  [T-Work-Recog_1] Run work: WorkCapture
I1014 10:40:47.167944  4111 work_thread.hpp:81]  [T-Work-Recog_0] Run work: WorkCapture
I1014 10:40:47.167974  4113 thread_intergrate.hpp:78] [T-Intergrate-intergrate] queue: frame output frame :87
I1014 10:40:47.168004  4113 thread_intergrate.hpp:85] [T-Intergrate-intergrate] queue: compare output face:2
I1014 10:40:47.168023  4113 thread_intergrate.hpp:134] T-Intergrate-intergrate set matched face: 2
I1014 10:40:47.168675  4112 work_thread.hpp:81]  [T-Work-Recog_1] Run work: WorkRecog
I1014 10:40:47.168700  4112 work_recog.hpp:89] Face id: 2 will run recog: bbox [171 x 220 from (190, 103)] quality: 0.438707
I1014 10:40:47.168742  4112 work_recog.hpp:96] Recog pair: [248 x 304 from (152, 56)], [171 x 220 from (38, 47)]
I1014 10:40:47.168798  4111 work_thread.hpp:81]  [T-Work-Recog_0] Run work: WorkRecog
W1014 10:40:47.168819  4111 work_recog.hpp:118] Face id: 3 has low quality : 0.0133563, no need to recog
I1014 10:40:47.168895  4111 work_thread.hpp:81]  [T-Work-Recog_0] Run work: WorkCompare
I1014 10:40:47.169840  4113 thread_intergrate.hpp:154] T-Intergrate-intergrate Show face :2, size :640 * 360
I1014 10:40:47.170454  4109 demo_inner.hpp:435] thread [SORT-0]  frame id 87 sorting queue size 2   FPS: 29.9166
I1014 10:40:47.186321  4112 work_thread.hpp:81]  [T-Work-Recog_1] Run work: WorkCompare
I1014 10:40:47.186429  4112 work_compare.cpp:76] Compare face: 2 successed, similarity :0.983968, name : images/thanglmb.jpg, normal size : 640 * 360!
I1014 10:40:47.190026  4107 demo_inner.hpp:177] decode queue size 0
I1014 10:40:47.190110  4110 work_thread.hpp:81]  [T-Work-Detect_0] Run work: WorkDetect
I1014 10:40:47.190145  4110 work_detect.cpp:102] Succeeded to add det start for frame 88
I1014 10:40:47.194015  4108 demo_inner.hpp:260]  gui queue size 2, state = running
I1014 10:40:47.197145  4110 work_detect.cpp:70] Frame :88 detect result :2 face(s)
I1014 10:40:47.197201  4110 work_detect.cpp:86] Detected bbox: [173 x 217 from (188, 107)]
I1014 10:40:47.197235  4110 work_detect.cpp:86] Detected bbox: [29 x 54 from (448, 182)]
I1014 10:40:47.197268  4110 work_detect.cpp:120] Succeeded to add det end for frame 88
I1014 10:40:47.197284  4110 work_thread.hpp:81]  [T-Work-Detect_0] Run work: WrokTrack
I1014 10:40:47.197309  4110 work_track.cpp:82] Frame: 88 build input_characts: [0.270312 x 0.602778 from (0.29375, 0.297222)], 0.999622, 0
I1014 10:40:47.197363  4110 work_track.cpp:82] Frame: 88 build input_characts: [0.0453125 x 0.15 from (0.7, 0.505556)], 0.953864, 1
I1014 10:40:47.197401  4110 work_track.cpp:102] Succeeded to set track lock for frame 88
I1014 10:40:47.197518  4110 work_track.cpp:116] Succeeded to release track lock for frame 88
I1014 10:40:47.197535  4110 work_track.cpp:120] Track results of frame 88: 2 objects input, 2 objects tracked!
I1014 10:40:47.197552  4110 work_track.cpp:148] Frame: 88, track bbox: [173 x 217 from (190.251, 109.445)], gid: 2, lid: 0
I1014 10:40:47.197587  4110 work_track.cpp:148] Frame: 88, track bbox: [29 x 54 from (448.094, 181.407)], gid: 3, lid: 1
I1014 10:40:47.197619  4110 work_thread.hpp:88]  [T-Work-Detect_0] Frame :88 split
I1014 10:40:47.197638  4110 work_thread.hpp:120]  [T-Work-Detect_0] Valid piece: gid = 2
I1014 10:40:47.197654  4110 work_thread.hpp:120]  [T-Work-Detect_0] Valid piece: gid = 3
I1014 10:40:47.197671  4110 work_thread.hpp:92]  [T-Work-Detect_0] Push to split queue:recog
I1014 10:40:47.197698  4110 work_thread.hpp:92]  [T-Work-Detect_0] Push to split queue:recog
I1014 10:40:47.197717  4111 work_thread.hpp:81]  [T-Work-Recog_0] Run work: WorkCapture
I1014 10:40:47.197741  4112 work_thread.hpp:81]  [T-Work-Recog_1] Run work: WorkCapture
I1014 10:40:47.197983  4113 thread_intergrate.hpp:78] [T-Intergrate-intergrate] queue: frame output frame :88
I1014 10:40:47.198012  4113 thread_intergrate.hpp:85] [T-Intergrate-intergrate] queue: compare output face:2
I1014 10:40:47.198031  4113 thread_intergrate.hpp:134] T-Intergrate-intergrate set matched face: 2
I1014 10:40:47.198309  4112 work_thread.hpp:81]  [T-Work-Recog_1] Run work: WorkRecog
I1014 10:40:47.198329  4111 work_thread.hpp:81]  [T-Work-Recog_0] Run work: WorkRecog
W1014 10:40:47.198331  4112 work_recog.hpp:118] Face id: 3 has low quality : 0.0168993, no need to recog
I1014 10:40:47.198354  4111 work_recog.hpp:89] Face id: 2 will run recog: bbox [173 x 217 from (188, 107)] quality: 0.459322
I1014 10:40:47.198400  4112 work_thread.hpp:81]  [T-Work-Recog_1] Run work: WorkCompare
I1014 10:40:47.198405  4111 work_recog.hpp:96] Recog pair: [248 x 296 from (152, 64)], [173 x 217 from (36, 43)]
I1014 10:40:47.199589  4113 thread_intergrate.hpp:154] T-Intergrate-intergrate Show face :2, size :640 * 360
I1014 10:40:47.200480  4109 demo_inner.hpp:435] thread [SORT-0]  frame id 88 sorting queue size 0   FPS: 30.0197
I1014 10:40:47.216148  4111 work_thread.hpp:81]  [T-Work-Recog_0] Run work: WorkCompare
I1014 10:40:47.216265  4111 work_compare.cpp:76] Compare face: 2 successed, similarity :0.974829, name : images/thanglmb.jpg, normal size : 640 * 360!
I1014 10:40:47.225778  4107 demo_inner.hpp:177] decode queue size 0
I1014 10:40:47.225879  4110 work_thread.hpp:81]  [T-Work-Detect_0] Run work: WorkDetect
I1014 10:40:47.225914  4110 work_detect.cpp:102] Succeeded to add det start for frame 89
I1014 10:40:47.232749  4110 work_detect.cpp:70] Frame :89 detect result :2 face(s)
I1014 10:40:47.232797  4110 work_detect.cpp:86] Detected bbox: [171 x 215 from (188, 108)]
I1014 10:40:47.232830  4110 work_detect.cpp:86] Detected bbox: [29 x 53 from (448, 184)]
I1014 10:40:47.232861  4110 work_detect.cpp:120] Succeeded to add det end for frame 89
I1014 10:40:47.232877  4110 work_thread.hpp:81]  [T-Work-Detect_0] Run work: WrokTrack
I1014 10:40:47.232903  4110 work_track.cpp:82] Frame: 89 build input_characts: [0.267188 x 0.597222 from (0.29375, 0.3)], 0.999622, 0
I1014 10:40:47.232956  4110 work_track.cpp:82] Frame: 89 build input_characts: [0.0453125 x 0.147222 from (0.7, 0.511111)], 0.947697, 1
I1014 10:40:47.232995  4110 work_track.cpp:102] Succeeded to set track lock for frame 89
I1014 10:40:47.233044  4110 work_track.cpp:116] Succeeded to release track lock for frame 89
I1014 10:40:47.233058  4110 work_track.cpp:120] Track results of frame 89: 2 objects input, 2 objects tracked!
I1014 10:40:47.233078  4110 work_track.cpp:148] Frame: 89, track bbox: [171 x 215 from (188.769, 105.903)], gid: 2, lid: 0
I1014 10:40:47.233114  4110 work_track.cpp:148] Frame: 89, track bbox: [29 x 53 from (448.137, 182.896)], gid: 3, lid: 1
I1014 10:40:47.233147  4110 work_thread.hpp:88]  [T-Work-Detect_0] Frame :89 split
I1014 10:40:47.233167  4110 work_thread.hpp:120]  [T-Work-Detect_0] Valid piece: gid = 2
I1014 10:40:47.233261  4110 work_thread.hpp:120]  [T-Work-Detect_0] Valid piece: gid = 3
I1014 10:40:47.233280  4110 work_thread.hpp:92]  [T-Work-Detect_0] Push to split queue:recog
I1014 10:40:47.233310  4110 work_thread.hpp:92]  [T-Work-Detect_0] Push to split queue:recog
I1014 10:40:47.233328  4111 work_thread.hpp:81]  [T-Work-Recog_0] Run work: WorkCapture
I1014 10:40:47.233355  4112 work_thread.hpp:81]  [T-Work-Recog_1] Run work: WorkCapture
I1014 10:40:47.233587  4113 thread_intergrate.hpp:78] [T-Intergrate-intergrate] queue: frame output frame :89
I1014 10:40:47.233615  4113 thread_intergrate.hpp:85] [T-Intergrate-intergrate] queue: compare output face:2
I1014 10:40:47.233644  4113 thread_intergrate.hpp:134] T-Intergrate-intergrate set matched face: 2
I1014 10:40:47.233887  4112 work_thread.hpp:81]  [T-Work-Recog_1] Run work: WorkRecog
I1014 10:40:47.233914  4111 work_thread.hpp:81]  [T-Work-Recog_0] Run work: WorkRecog
W1014 10:40:47.233911  4112 work_recog.hpp:118] Face id: 3 has low quality : 0.00933559, no need to recog
I1014 10:40:47.233940  4111 work_recog.hpp:89] Face id: 2 will run recog: bbox [171 x 215 from (188, 108)] quality: 0.459322
I1014 10:40:47.233979  4112 work_thread.hpp:81]  [T-Work-Recog_1] Run work: WorkCompare
I1014 10:40:47.233985  4111 work_recog.hpp:96] Recog pair: [248 x 296 from (152, 64)], [171 x 215 from (36, 44)]
I1014 10:40:47.235328  4113 thread_intergrate.hpp:154] T-Intergrate-intergrate Show face :2, size :640 * 360
I1014 10:40:47.235911  4109 demo_inner.hpp:435] thread [SORT-0]  frame id 89 sorting queue size 1   FPS: 29.9313
I1014 10:40:47.251741  4111 work_thread.hpp:81]  [T-Work-Recog_0] Run work: WorkCompare
I1014 10:40:47.251847  4111 work_compare.cpp:76] Compare face: 2 successed, similarity :0.979824, name : images/thanglmb.jpg, normal size : 640 * 360!
I1014 10:40:47.256443  4107 demo_inner.hpp:177] decode queue size 0
I1014 10:40:47.256537  4110 work_thread.hpp:81]  [T-Work-Detect_0] Run work: WorkDetect
I1014 10:40:47.256569  4110 work_detect.cpp:102] Succeeded to add det start for frame 90
I1014 10:40:47.261178  4108 demo_inner.hpp:260]  gui queue size 1, state = running
I1014 10:40:47.263361  4110 work_detect.cpp:70] Frame :90 detect result :2 face(s)
I1014 10:40:47.263424  4110 work_detect.cpp:86] Detected bbox: [149 x 200 from (199, 133)]
I1014 10:40:47.263461  4110 work_detect.cpp:86] Detected bbox: [28 x 52 from (448, 185)]
I1014 10:40:47.263496  4110 work_detect.cpp:120] Succeeded to add det end for frame 90
I1014 10:40:47.263514  4110 work_thread.hpp:81]  [T-Work-Detect_0] Run work: WrokTrack
I1014 10:40:47.263541  4110 work_track.cpp:82] Frame: 90 build input_characts: [0.232812 x 0.555556 from (0.310937, 0.369444)], 0.999622, 0
I1014 10:40:47.263597  4110 work_track.cpp:82] Frame: 90 build input_characts: [0.04375 x 0.144444 from (0.7, 0.513889)], 0.962122, 1
I1014 10:40:47.263634  4110 work_track.cpp:102] Succeeded to set track lock for frame 90
I1014 10:40:47.263685  4110 work_track.cpp:116] Succeeded to release track lock for frame 90
I1014 10:40:47.263700  4110 work_track.cpp:120] Track results of frame 90: 2 objects input, 2 objects tracked!
I1014 10:40:47.263718  4110 work_track.cpp:148] Frame: 90, track bbox: [149 x 200 from (197.875, 120.043)], gid: 2, lid: 0
I1014 10:40:47.263752  4110 work_track.cpp:148] Frame: 90, track bbox: [28 x 52 from (448.315, 184.491)], gid: 3, lid: 1
I1014 10:40:47.263785  4110 work_thread.hpp:88]  [T-Work-Detect_0] Frame :90 split
I1014 10:40:47.263804  4110 work_thread.hpp:120]  [T-Work-Detect_0] Valid piece: gid = 2
I1014 10:40:47.263823  4110 work_thread.hpp:120]  [T-Work-Detect_0] Valid piece: gid = 3
I1014 10:40:47.263840  4110 work_thread.hpp:92]  [T-Work-Detect_0] Push to split queue:recog
I1014 10:40:47.263917  4112 work_thread.hpp:81]  [T-Work-Recog_1] Run work: WorkCapture
I1014 10:40:47.264272  4110 work_thread.hpp:92]  [T-Work-Detect_0] Push to split queue:recog
I1014 10:40:47.264320  4111 work_thread.hpp:81]  [T-Work-Recog_0] Run work: WorkCapture
I1014 10:40:47.264500  4113 thread_intergrate.hpp:78] [T-Intergrate-intergrate] queue: frame output frame :90
I1014 10:40:47.264564  4112 work_thread.hpp:81]  [T-Work-Recog_1] Run work: WorkRecog
I1014 10:40:47.264569  4113 thread_intergrate.hpp:85] [T-Intergrate-intergrate] queue: compare output face:2
I1014 10:40:47.264588  4113 thread_intergrate.hpp:134] T-Intergrate-intergrate set matched face: 2
I1014 10:40:47.264587  4112 work_recog.hpp:89] Face id: 2 will run recog: bbox [149 x 200 from (199, 133)] quality: 0.438331
I1014 10:40:47.264644  4112 work_recog.hpp:96] Recog pair: [216 x 272 from (168, 88)], [149 x 200 from (31, 45)]
I1014 10:40:47.265072  4111 work_thread.hpp:81]  [T-Work-Recog_0] Run work: WorkRecog
W1014 10:40:47.265094  4111 work_recog.hpp:118] Face id: 3 has low quality : 0.0073297, no need to recog
I1014 10:40:47.265148  4111 work_thread.hpp:81]  [T-Work-Recog_0] Run work: WorkCompare
I1014 10:40:47.265976  4113 thread_intergrate.hpp:154] T-Intergrate-intergrate Show face :2, size :640 * 360
I1014 10:40:47.266600  4109 demo_inner.hpp:435] thread [SORT-0]  frame id 90 sorting queue size 0   FPS: 30.0197
I1014 10:40:47.282074  4112 work_thread.hpp:81]  [T-Work-Recog_1] Run work: WorkCompare
I1014 10:40:47.282176  4112 work_compare.cpp:76] Compare face: 2 successed, similarity :0.962259, name : images/thanglmb.jpg, normal size : 640 * 360!
I1014 10:40:47.291728  4107 demo_inner.hpp:177] decode queue size 0
I1014 10:40:47.291862  4110 work_thread.hpp:81]  [T-Work-Detect_0] Run work: WorkDetect
I1014 10:40:47.291896  4110 work_detect.cpp:102] Succeeded to add det start for frame 91
I1014 10:40:47.298704  4110 work_detect.cpp:70] Frame :91 detect result :2 face(s)
I1014 10:40:47.298753  4110 work_detect.cpp:86] Detected bbox: [159 x 209 from (194, 127)]
I1014 10:40:47.298785  4110 work_detect.cpp:86] Detected bbox: [30 x 55 from (447, 182)]
I1014 10:40:47.298815  4110 work_detect.cpp:120] Succeeded to add det end for frame 91
I1014 10:40:47.298831  4110 work_thread.hpp:81]  [T-Work-Detect_0] Run work: WrokTrack
I1014 10:40:47.298856  4110 work_track.cpp:82] Frame: 91 build input_characts: [0.248437 x 0.580556 from (0.303125, 0.352778)], 0.999622, 0
I1014 10:40:47.298908  4110 work_track.cpp:82] Frame: 91 build input_characts: [0.046875 x 0.152778 from (0.698438, 0.505556)], 0.943376, 1
I1014 10:40:47.298944  4110 work_track.cpp:102] Succeeded to set track lock for frame 91
I1014 10:40:47.298987  4110 work_track.cpp:116] Succeeded to release track lock for frame 91
I1014 10:40:47.299001  4110 work_track.cpp:120] Track results of frame 91: 2 objects input, 2 objects tracked!
I1014 10:40:47.299019  4110 work_track.cpp:148] Frame: 91, track bbox: [159 x 209 from (191.605, 121.49)], gid: 2, lid: 0
I1014 10:40:47.299053  4110 work_track.cpp:148] Frame: 91, track bbox: [30 x 55 from (447.046, 183.166)], gid: 3, lid: 1
I1014 10:40:47.299085  4110 work_thread.hpp:88]  [T-Work-Detect_0] Frame :91 split
I1014 10:40:47.299103  4110 work_thread.hpp:120]  [T-Work-Detect_0] Valid piece: gid = 2
I1014 10:40:47.299121  4110 work_thread.hpp:120]  [T-Work-Detect_0] Valid piece: gid = 3
I1014 10:40:47.299139  4110 work_thread.hpp:92]  [T-Work-Detect_0] Push to split queue:recog
I1014 10:40:47.299163  4110 work_thread.hpp:92]  [T-Work-Detect_0] Push to split queue:recog
I1014 10:40:47.299180  4112 work_thread.hpp:81]  [T-Work-Recog_1] Run work: WorkCapture
I1014 10:40:47.299202  4111 work_thread.hpp:81]  [T-Work-Recog_0] Run work: WorkCapture
I1014 10:40:47.299432  4113 thread_intergrate.hpp:78] [T-Intergrate-intergrate] queue: frame output frame :91
I1014 10:40:47.299468  4113 thread_intergrate.hpp:85] [T-Intergrate-intergrate] queue: compare output face:2
I1014 10:40:47.299489  4113 thread_intergrate.hpp:134] T-Intergrate-intergrate set matched face: 2
I1014 10:40:47.299803  4111 work_thread.hpp:81]  [T-Work-Recog_0] Run work: WorkRecog
I1014 10:40:47.299803  4112 work_thread.hpp:81]  [T-Work-Recog_1] Run work: WorkRecog
W1014 10:40:47.299827  4111 work_recog.hpp:118] Face id: 3 has low quality : 0.0133546, no need to recog
I1014 10:40:47.299952  4111 work_thread.hpp:81]  [T-Work-Recog_0] Run work: WorkCompare
I1014 10:40:47.299840  4112 work_recog.hpp:89] Face id: 2 will run recog: bbox [159 x 209 from (194, 127)] quality: 0.459847
I1014 10:40:47.299983  4112 work_recog.hpp:96] Recog pair: [224 x 280 from (160, 80)], [159 x 209 from (34, 47)]
I1014 10:40:47.301241  4113 thread_intergrate.hpp:154] T-Intergrate-intergrate Show face :2, size :640 * 360
I1014 10:40:47.301875  4109 demo_inner.hpp:435] thread [SORT-0]  frame id 91 sorting queue size 1   FPS: 29.9313
I1014 10:40:47.317437  4112 work_thread.hpp:81]  [T-Work-Recog_1] Run work: WorkCompare
I1014 10:40:47.317528  4112 work_compare.cpp:76] Compare face: 2 successed, similarity :0.943887, name : images/thanglmb.jpg, normal size : 640 * 360!
I1014 10:40:47.327769  4107 demo_inner.hpp:177] decode queue size 0
I1014 10:40:47.327904  4110 work_thread.hpp:81]  [T-Work-Detect_0] Run work: WorkDetect
I1014 10:40:47.327949  4110 work_detect.cpp:102] Succeeded to add det start for frame 92
I1014 10:40:47.333472  4108 demo_inner.hpp:260]  gui queue size 1, state = running
I1014 10:40:47.335952  4110 work_detect.cpp:70] Frame :92 detect result :2 face(s)
I1014 10:40:47.336024  4110 work_detect.cpp:86] Detected bbox: [172 x 216 from (187, 108)]
I1014 10:40:47.336061  4110 work_detect.cpp:86] Detected bbox: [30 x 56 from (448, 180)]
I1014 10:40:47.336094  4110 work_detect.cpp:120] Succeeded to add det end for frame 92
I1014 10:40:47.336112  4110 work_thread.hpp:81]  [T-Work-Detect_0] Run work: WrokTrack
I1014 10:40:47.336194  4110 work_track.cpp:82] Frame: 92 build input_characts: [0.26875 x 0.6 from (0.292188, 0.3)], 0.999622, 0
I1014 10:40:47.336264  4110 work_track.cpp:82] Frame: 92 build input_characts: [0.046875 x 0.155556 from (0.7, 0.5)], 0.971381, 1
I1014 10:40:47.336303  4110 work_track.cpp:102] Succeeded to set track lock for frame 92
I1014 10:40:47.336532  4110 work_track.cpp:116] Succeeded to release track lock for frame 92
I1014 10:40:47.336549  4110 work_track.cpp:120] Track results of frame 92: 2 objects input, 2 objects tracked!
I1014 10:40:47.336567  4110 work_track.cpp:148] Frame: 92, track bbox: [172 x 216 from (186.791, 118.479)], gid: 2, lid: 0
I1014 10:40:47.336602  4110 work_track.cpp:148] Frame: 92, track bbox: [30 x 56 from (447.461, 181.274)], gid: 3, lid: 1
I1014 10:40:47.336660  4110 work_thread.hpp:88]  [T-Work-Detect_0] Frame :92 split
I1014 10:40:47.336681  4110 work_thread.hpp:120]  [T-Work-Detect_0] Valid piece: gid = 2
I1014 10:40:47.336700  4110 work_thread.hpp:120]  [T-Work-Detect_0] Valid piece: gid = 3
I1014 10:40:47.336717  4110 work_thread.hpp:92]  [T-Work-Detect_0] Push to split queue:recog
I1014 10:40:47.336757  4110 work_thread.hpp:92]  [T-Work-Detect_0] Push to split queue:recog
I1014 10:40:47.336773  4112 work_thread.hpp:81]  [T-Work-Recog_1] Run work: WorkCapture
I1014 10:40:47.336799  4111 work_thread.hpp:81]  [T-Work-Recog_0] Run work: WorkCapture
I1014 10:40:47.336817  4113 thread_intergrate.hpp:78] [T-Intergrate-intergrate] queue: frame output frame :92
I1014 10:40:47.336841  4113 thread_intergrate.hpp:85] [T-Intergrate-intergrate] queue: compare output face:2
I1014 10:40:47.336859  4113 thread_intergrate.hpp:134] T-Intergrate-intergrate set matched face: 2
I1014 10:40:47.337364  4111 work_thread.hpp:81]  [T-Work-Recog_0] Run work: WorkRecog
I1014 10:40:47.337384  4112 work_thread.hpp:81]  [T-Work-Recog_1] Run work: WorkRecog
W1014 10:40:47.337388  4111 work_recog.hpp:118] Face id: 3 has low quality : 0.023857, no need to recog
I1014 10:40:47.337409  4112 work_recog.hpp:89] Face id: 2 will run recog: bbox [172 x 216 from (187, 108)] quality: 0.450049
I1014 10:40:47.337467  4111 work_thread.hpp:81]  [T-Work-Recog_0] Run work: WorkCompare
I1014 10:40:47.337473  4112 work_recog.hpp:96] Recog pair: [248 x 296 from (152, 64)], [172 x 216 from (35, 44)]
I1014 10:40:47.338246  4113 thread_intergrate.hpp:154] T-Intergrate-intergrate Show face :2, size :640 * 360
I1014 10:40:47.338789  4109 demo_inner.hpp:435] thread [SORT-0]  frame id 92 sorting queue size 0   FPS: 29.9313
I1014 10:40:47.355134  4112 work_thread.hpp:81]  [T-Work-Recog_1] Run work: WorkCompare
I1014 10:40:47.355242  4112 work_compare.cpp:76] Compare face: 2 successed, similarity :0.981076, name : images/thanglmb.jpg, normal size : 640 * 360!
I1014 10:40:47.360513  4107 demo_inner.hpp:177] decode queue size 0
I1014 10:40:47.360605  4110 work_thread.hpp:81]  [T-Work-Detect_0] Run work: WorkDetect
I1014 10:40:47.360641  4110 work_detect.cpp:102] Succeeded to add det start for frame 93
I1014 10:40:47.367486  4110 work_detect.cpp:70] Frame :93 detect result :2 face(s)
I1014 10:40:47.367532  4110 work_detect.cpp:86] Detected bbox: [151 x 203 from (197, 132)]
I1014 10:40:47.367564  4110 work_detect.cpp:86] Detected bbox: [31 x 57 from (447, 180)]
I1014 10:40:47.367595  4110 work_detect.cpp:120] Succeeded to add det end for frame 93
I1014 10:40:47.367610  4110 work_thread.hpp:81]  [T-Work-Detect_0] Run work: WrokTrack
I1014 10:40:47.367635  4110 work_track.cpp:82] Frame: 93 build input_characts: [0.235938 x 0.563889 from (0.307813, 0.366667)], 1.00019, 0
I1014 10:40:47.368125  4110 work_track.cpp:82] Frame: 93 build input_characts: [0.0484375 x 0.158333 from (0.698438, 0.5)], 0.962067, 1
I1014 10:40:47.368197  4110 work_track.cpp:102] Succeeded to set track lock for frame 93
I1014 10:40:47.368247  4110 work_track.cpp:116] Succeeded to release track lock for frame 93
I1014 10:40:47.368263  4110 work_track.cpp:120] Track results of frame 93: 2 objects input, 2 objects tracked!
I1014 10:40:47.368280  4110 work_track.cpp:148] Frame: 93, track bbox: [151 x 203 from (197.082, 129.08)], gid: 2, lid: 0
I1014 10:40:47.368314  4110 work_track.cpp:148] Frame: 93, track bbox: [31 x 57 from (447.023, 180.087)], gid: 3, lid: 1
I1014 10:40:47.368347  4110 work_thread.hpp:88]  [T-Work-Detect_0] Frame :93 split
I1014 10:40:47.368367  4110 work_thread.hpp:120]  [T-Work-Detect_0] Valid piece: gid = 2
I1014 10:40:47.368386  4110 work_thread.hpp:120]  [T-Work-Detect_0] Valid piece: gid = 3
I1014 10:40:47.368403  4110 work_thread.hpp:92]  [T-Work-Detect_0] Push to split queue:recog
I1014 10:40:47.368432  4110 work_thread.hpp:92]  [T-Work-Detect_0] Push to split queue:recog
I1014 10:40:47.368443  4112 work_thread.hpp:81]  [T-Work-Recog_1] Run work: WorkCapture
I1014 10:40:47.368746  4111 work_thread.hpp:81]  [T-Work-Recog_0] Run work: WorkCapture
I1014 10:40:47.368968  4113 thread_intergrate.hpp:78] [T-Intergrate-intergrate] queue: frame output frame :93
I1014 10:40:47.369009  4113 thread_intergrate.hpp:85] [T-Intergrate-intergrate] queue: compare output face:2
I1014 10:40:47.369010  4112 work_thread.hpp:81]  [T-Work-Recog_1] Run work: WorkRecog
I1014 10:40:47.369031  4113 thread_intergrate.hpp:134] T-Intergrate-intergrate set matched face: 2
I1014 10:40:47.369046  4112 work_recog.hpp:89] Face id: 2 will run recog: bbox [151 x 203 from (197, 132)] quality: 0.450049
I1014 10:40:47.369079  4112 work_recog.hpp:96] Recog pair: [224 x 272 from (160, 88)], [151 x 203 from (37, 44)]
I1014 10:40:47.369217  4111 work_thread.hpp:81]  [T-Work-Recog_0] Run work: WorkRecog
W1014 10:40:47.369240  4111 work_recog.hpp:118] Face id: 3 has low quality : 0.023857, no need to recog
I1014 10:40:47.369313  4111 work_thread.hpp:81]  [T-Work-Recog_0] Run work: WorkCompare
I1014 10:40:47.370502  4113 thread_intergrate.hpp:154] T-Intergrate-intergrate Show face :2, size :640 * 360
I1014 10:40:47.371049  4109 demo_inner.hpp:435] thread [SORT-0]  frame id 93 sorting queue size 1   FPS: 29.9754
I1014 10:40:47.386701  4112 work_thread.hpp:81]  [T-Work-Recog_1] Run work: WorkCompare
I1014 10:40:47.386803  4112 work_compare.cpp:76] Compare face: 2 successed, similarity :0.966743, name : images/thanglmb.jpg, normal size : 640 * 360!
I1014 10:40:47.396062  4107 demo_inner.hpp:177] decode queue size 0
I1014 10:40:47.396200  4110 work_thread.hpp:81]  [T-Work-Detect_0] Run work: WorkDetect
I1014 10:40:47.396239  4110 work_detect.cpp:102] Succeeded to add det start for frame 94
I1014 10:40:47.400686  4108 demo_inner.hpp:260]  gui queue size 1, state = running
I1014 10:40:47.403517  4110 work_detect.cpp:70] Frame :94 detect result :2 face(s)
I1014 10:40:47.403599  4110 work_detect.cpp:86] Detected bbox: [150 x 200 from (198, 134)]
I1014 10:40:47.403638  4110 work_detect.cpp:86] Detected bbox: [30 x 57 from (448, 180)]
I1014 10:40:47.403676  4110 work_detect.cpp:120] Succeeded to add det end for frame 94
I1014 10:40:47.403692  4110 work_thread.hpp:81]  [T-Work-Detect_0] Run work: WrokTrack
I1014 10:40:47.403719  4110 work_track.cpp:82] Frame: 94 build input_characts: [0.234375 x 0.555556 from (0.309375, 0.372222)], 0.999622, 0
I1014 10:40:47.403774  4110 work_track.cpp:82] Frame: 94 build input_characts: [0.046875 x 0.158333 from (0.7, 0.5)], 0.953864, 1
I1014 10:40:47.403810  4110 work_track.cpp:102] Succeeded to set track lock for frame 94
I1014 10:40:47.403854  4110 work_track.cpp:116] Succeeded to release track lock for frame 94
I1014 10:40:47.403868  4110 work_track.cpp:120] Track results of frame 94: 2 objects input, 2 objects tracked!
I1014 10:40:47.403885  4110 work_track.cpp:148] Frame: 94, track bbox: [150 x 200 from (197.755, 132.842)], gid: 2, lid: 0
I1014 10:40:47.403919  4110 work_track.cpp:148] Frame: 94, track bbox: [30 x 57 from (447.836, 179.479)], gid: 3, lid: 1
I1014 10:40:47.403952  4110 work_thread.hpp:88]  [T-Work-Detect_0] Frame :94 split
I1014 10:40:47.403970  4110 work_thread.hpp:120]  [T-Work-Detect_0] Valid piece: gid = 2
I1014 10:40:47.403988  4110 work_thread.hpp:120]  [T-Work-Detect_0] Valid piece: gid = 3
I1014 10:40:47.404006  4110 work_thread.hpp:92]  [T-Work-Detect_0] Push to split queue:recog
I1014 10:40:47.404042  4110 work_thread.hpp:92]  [T-Work-Detect_0] Push to split queue:recog
I1014 10:40:47.404062  4112 work_thread.hpp:81]  [T-Work-Recog_1] Run work: WorkCapture
I1014 10:40:47.404089  4111 work_thread.hpp:81]  [T-Work-Recog_0] Run work: WorkCapture
I1014 10:40:47.404357  4113 thread_intergrate.hpp:78] [T-Intergrate-intergrate] queue: frame output frame :94
I1014 10:40:47.404386  4113 thread_intergrate.hpp:85] [T-Intergrate-intergrate] queue: compare output face:2
I1014 10:40:47.404404  4113 thread_intergrate.hpp:134] T-Intergrate-intergrate set matched face: 2
I1014 10:40:47.404701  4111 work_thread.hpp:81]  [T-Work-Recog_0] Run work: WorkRecog
I1014 10:40:47.404721  4112 work_thread.hpp:81]  [T-Work-Recog_1] Run work: WorkRecog
W1014 10:40:47.404724  4111 work_recog.hpp:118] Face id: 3 has low quality : 0.0212855, no need to recog
I1014 10:40:47.404744  4112 work_recog.hpp:89] Face id: 2 will run recog: bbox [150 x 200 from (198, 134)] quality: 0.450049
I1014 10:40:47.404804  4111 work_thread.hpp:81]  [T-Work-Recog_0] Run work: WorkCompare
I1014 10:40:47.404809  4112 work_recog.hpp:96] Recog pair: [216 x 272 from (168, 88)], [150 x 200 from (30, 46)]
I1014 10:40:47.406005  4113 thread_intergrate.hpp:154] T-Intergrate-intergrate Show face :2, size :640 * 360
I1014 10:40:47.406610  4109 demo_inner.hpp:435] thread [SORT-0]  frame id 94 sorting queue size 0   FPS: 29.8873
I1014 10:40:47.422235  4112 work_thread.hpp:81]  [T-Work-Recog_1] Run work: WorkCompare
I1014 10:40:47.422345  4112 work_compare.cpp:76] Compare face: 2 successed, similarity :0.960104, name : images/thanglmb.jpg, normal size : 640 * 360!
I1014 10:40:47.425978  4107 demo_inner.hpp:177] decode queue size 0
I1014 10:40:47.426057  4110 work_thread.hpp:81]  [T-Work-Detect_0] Run work: WorkDetect
I1014 10:40:47.426088  4110 work_detect.cpp:102] Succeeded to add det start for frame 95
I1014 10:40:47.433039  4110 work_detect.cpp:70] Frame :95 detect result :2 face(s)
I1014 10:40:47.433082  4110 work_detect.cpp:86] Detected bbox: [152 x 200 from (196, 134)]
I1014 10:40:47.433115  4110 work_detect.cpp:86] Detected bbox: [29 x 54 from (448, 183)]
I1014 10:40:47.433146  4110 work_detect.cpp:120] Succeeded to add det end for frame 95
