I1014 12:15:29.730159  5860 work_track.cpp:116] Succeeded to release track lock for frame 243
I1014 12:15:29.730175  5860 work_track.cpp:120] Track results of frame 243: 1 objects input, 1 objects tracked!
I1014 12:15:29.730213  5860 work_track.cpp:148] Frame: 243, track bbox: [158 x 199 from (258.637, 153.789)], gid: 1, lid: 0
I1014 12:15:29.730252  5860 work_thread.hpp:88]  [T-Work-Detect_0] Frame :243 split
I1014 12:15:29.730270  5860 work_thread.hpp:120]  [T-Work-Detect_0] Valid piece: gid = 1
I1014 12:15:29.730288  5860 work_thread.hpp:92]  [T-Work-Detect_0] Push to split queue:recog
I1014 12:15:29.730334  5862 work_thread.hpp:81]  [T-Work-Recog_1] Run work: WorkCapture
I1014 12:15:29.730340  5863 thread_intergrate.hpp:78] [T-Intergrate-intergrate] queue: frame output frame :243
I1014 12:15:29.730365  5863 thread_intergrate.hpp:85] [T-Intergrate-intergrate] queue: compare output face:1
I1014 12:15:29.730383  5863 thread_intergrate.hpp:137] T-Intergrate-intergrate set matched face: 1
I1014 12:15:29.730911  5862 work_thread.hpp:81]  [T-Work-Recog_1] Run work: WorkRecog
I1014 12:15:29.730935  5862 work_recog.hpp:89] Face id: 1 will run recog: bbox [158 x 199 from (259, 154)] quality: 0.459008
I1014 12:15:29.730964  5862 work_recog.hpp:96] Recog pair: [224 x 248 from (224, 112)], [158 x 199 from (35, 42)]
I1014 12:15:29.731561  5863 thread_intergrate.hpp:157] T-Intergrate-intergrate Show face :1, size :640 * 360
I1014 12:15:29.732103  5859 demo_inner.hpp:435] thread [SORT-0]  frame id 243 sorting queue size 1   FPS: 29.9043
I1014 12:15:29.748450  5862 work_thread.hpp:81]  [T-Work-Recog_1] Run work: WorkCompare
I1014 12:15:29.748559  5862 work_compare.cpp:76] Compare face: 1 successed, similarity :0.830864, name : images/thanglmb.jpg, normal size : 640 * 360!
I1014 12:15:29.752305  5857 demo_inner.hpp:177] decode queue size 0
I1014 12:15:29.752393  5860 work_thread.hpp:81]  [T-Work-Detect_0] Run work: WorkDetect
I1014 12:15:29.752427  5860 work_detect.cpp:102] Succeeded to add det start for frame 244
I1014 12:15:29.759985  5860 work_detect.cpp:70] Frame :244 detect result :1 face(s)
W1014 12:15:29.760032  5860 work_detect.cpp:83] Invalid bbox: [150 x 192 from (272, 169)]
I1014 12:15:29.760195  5860 work_detect.cpp:120] Succeeded to add det end for frame 244
I1014 12:15:29.760212  5860 work_thread.hpp:81]  [T-Work-Detect_0] Run work: WrokTrack
I1014 12:15:29.760247  5860 work_track.cpp:102] Succeeded to set track lock for frame 244
I1014 12:15:29.760280  5860 work_track.cpp:116] Succeeded to release track lock for frame 244
I1014 12:15:29.760294  5860 work_track.cpp:120] Track results of frame 244: 0 objects input, 1 objects tracked!
I1014 12:15:29.760313  5860 work_track.cpp:148] Frame: 244, track bbox: [158 x 199 from (258.556, 153.661)], gid: 1, lid: -1
I1014 12:15:29.760393  5860 work_thread.hpp:88]  [T-Work-Detect_0] Frame :244 split
I1014 12:15:29.760438  5863 thread_intergrate.hpp:78] [T-Intergrate-intergrate] queue: frame output frame :244
I1014 12:15:29.760463  5863 thread_intergrate.hpp:85] [T-Intergrate-intergrate] queue: compare output face:1
I1014 12:15:29.760481  5863 thread_intergrate.hpp:137] T-Intergrate-intergrate set matched face: 1
I1014 12:15:29.761639  5863 thread_intergrate.hpp:157] T-Intergrate-intergrate Show face :1, size :640 * 360
I1014 12:15:29.762207  5859 demo_inner.hpp:435] thread [SORT-0]  frame id 244 sorting queue size 2   FPS: 29.976
I1014 12:15:29.787719  5857 demo_inner.hpp:177] decode queue size 0
I1014 12:15:29.787823  5860 work_thread.hpp:81]  [T-Work-Detect_0] Run work: WorkDetect
I1014 12:15:29.787859  5860 work_detect.cpp:102] Succeeded to add det start for frame 245
I1014 12:15:29.788919  5858 demo_inner.hpp:260]  gui queue size 2, state = running
I1014 12:15:29.795428  5860 work_detect.cpp:70] Frame :245 detect result :1 face(s)
I1014 12:15:29.795483  5860 work_detect.cpp:86] Detected bbox: [132 x 171 from (273, 180)]
I1014 12:15:29.795534  5860 work_detect.cpp:120] Succeeded to add det end for frame 245
I1014 12:15:29.795552  5860 work_thread.hpp:81]  [T-Work-Detect_0] Run work: WrokTrack
I1014 12:15:29.795578  5860 work_track.cpp:82] Frame: 245 build input_characts: [0.20625 x 0.475 from (0.426562, 0.5)], 0.997596, 0
I1014 12:15:29.795632  5860 work_track.cpp:102] Succeeded to set track lock for frame 245
I1014 12:15:29.795696  5860 work_track.cpp:116] Succeeded to release track lock for frame 245
I1014 12:15:29.795711  5860 work_track.cpp:120] Track results of frame 245: 1 objects input, 1 objects tracked!
I1014 12:15:29.795730  5860 work_track.cpp:148] Frame: 245, track bbox: [132 x 171 from (272.643, 174.496)], gid: 1, lid: 0
I1014 12:15:29.795768  5860 work_thread.hpp:88]  [T-Work-Detect_0] Frame :245 split
I1014 12:15:29.795794  5860 work_thread.hpp:120]  [T-Work-Detect_0] Valid piece: gid = 1
I1014 12:15:29.795812  5860 work_thread.hpp:92]  [T-Work-Detect_0] Push to split queue:recog
I1014 12:15:29.795861  5863 thread_intergrate.hpp:78] [T-Intergrate-intergrate] queue: frame output frame :245
I1014 12:15:29.795863  5861 work_thread.hpp:81]  [T-Work-Recog_0] Run work: WorkCapture
I1014 12:15:29.796609  5861 work_thread.hpp:81]  [T-Work-Recog_0] Run work: WorkRecog
I1014 12:15:29.796794  5861 work_recog.hpp:89] Face id: 1 will run recog: bbox [132 x 171 from (273, 180)] quality: 0.405165
I1014 12:15:29.796831  5861 work_recog.hpp:96] Recog pair: [192 x 216 from (240, 144)], [132 x 171 from (33, 36)]
I1014 12:15:29.796999  5863 thread_intergrate.hpp:157] T-Intergrate-intergrate Show face :1, size :640 * 360
I1014 12:15:29.797541  5859 demo_inner.hpp:435] thread [SORT-0]  frame id 245 sorting queue size 0   FPS: 29.9043
I1014 12:15:29.814185  5861 work_thread.hpp:81]  [T-Work-Recog_0] Run work: WorkCompare
I1014 12:15:29.814283  5861 work_compare.cpp:76] Compare face: 1 successed, similarity :0.967478, name : images/thanglmb.jpg, normal size : 640 * 360!
I1014 12:15:29.823709  5857 demo_inner.hpp:177] decode queue size 0
I1014 12:15:29.823817  5860 work_thread.hpp:81]  [T-Work-Detect_0] Run work: WorkDetect
I1014 12:15:29.823873  5860 work_detect.cpp:102] Succeeded to add det start for frame 246
I1014 12:15:29.831280  5860 work_detect.cpp:70] Frame :246 detect result :1 face(s)
I1014 12:15:29.831331  5860 work_detect.cpp:86] Detected bbox: [136 x 176 from (272, 179)]
I1014 12:15:29.831451  5860 work_detect.cpp:120] Succeeded to add det end for frame 246
I1014 12:15:29.831475  5860 work_thread.hpp:81]  [T-Work-Detect_0] Run work: WrokTrack
I1014 12:15:29.831501  5860 work_track.cpp:82] Frame: 246 build input_characts: [0.2125 x 0.488889 from (0.425, 0.497222)], 0.997596, 0
I1014 12:15:29.831555  5860 work_track.cpp:102] Succeeded to set track lock for frame 246
I1014 12:15:29.831620  5860 work_track.cpp:116] Succeeded to release track lock for frame 246
I1014 12:15:29.831637  5860 work_track.cpp:120] Track results of frame 246: 1 objects input, 1 objects tracked!
I1014 12:15:29.831655  5860 work_track.cpp:148] Frame: 246, track bbox: [136 x 176 from (271.62, 177.955)], gid: 1, lid: 0
I1014 12:15:29.831692  5860 work_thread.hpp:88]  [T-Work-Detect_0] Frame :246 split
I1014 12:15:29.831718  5860 work_thread.hpp:120]  [T-Work-Detect_0] Valid piece: gid = 1
I1014 12:15:29.831737  5860 work_thread.hpp:92]  [T-Work-Detect_0] Push to split queue:recog
I1014 12:15:29.831781  5863 thread_intergrate.hpp:78] [T-Intergrate-intergrate] queue: frame output frame :246
I1014 12:15:29.831782  5861 work_thread.hpp:81]  [T-Work-Recog_0] Run work: WorkCapture
I1014 12:15:29.831810  5863 thread_intergrate.hpp:85] [T-Intergrate-intergrate] queue: compare output face:1
I1014 12:15:29.831828  5863 thread_intergrate.hpp:137] T-Intergrate-intergrate set matched face: 1
I1014 12:15:29.832368  5861 work_thread.hpp:81]  [T-Work-Recog_0] Run work: WorkRecog
I1014 12:15:29.832393  5861 work_recog.hpp:89] Face id: 1 will run recog: bbox [136 x 176 from (272, 179)] quality: 0.414529
I1014 12:15:29.832422  5861 work_recog.hpp:96] Recog pair: [200 x 216 from (240, 144)], [136 x 176 from (32, 35)]
I1014 12:15:29.833017  5863 thread_intergrate.hpp:157] T-Intergrate-intergrate Show face :1, size :640 * 360
I1014 12:15:29.833552  5859 demo_inner.hpp:435] thread [SORT-0]  frame id 246 sorting queue size 1   FPS: 29.9043
I1014 12:15:29.849923  5861 work_thread.hpp:81]  [T-Work-Recog_0] Run work: WorkCompare
I1014 12:15:29.850028  5861 work_compare.cpp:71] Compare face: 1 failed
I1014 12:15:29.853993  5857 demo_inner.hpp:177] decode queue size 0
I1014 12:15:29.854084  5860 work_thread.hpp:81]  [T-Work-Detect_0] Run work: WorkDetect
I1014 12:15:29.854125  5860 work_detect.cpp:102] Succeeded to add det start for frame 247
I1014 12:15:29.856148  5858 demo_inner.hpp:260]  gui queue size 1, state = running
I1014 12:15:29.861765  5860 work_detect.cpp:70] Frame :247 detect result :1 face(s)
W1014 12:15:29.861819  5860 work_detect.cpp:83] Invalid bbox: [151 x 190 from (270, 175)]
I1014 12:15:29.862637  5860 work_detect.cpp:120] Succeeded to add det end for frame 247
I1014 12:15:29.862886  5860 work_thread.hpp:81]  [T-Work-Detect_0] Run work: WrokTrack
I1014 12:15:29.862920  5860 work_track.cpp:102] Succeeded to set track lock for frame 247
I1014 12:15:29.862958  5860 work_track.cpp:116] Succeeded to release track lock for frame 247
I1014 12:15:29.862973  5860 work_track.cpp:120] Track results of frame 247: 0 objects input, 1 objects tracked!
I1014 12:15:29.862993  5860 work_track.cpp:148] Frame: 247, track bbox: [136 x 176 from (272.061, 180.652)], gid: 1, lid: -1
I1014 12:15:29.863135  5860 work_thread.hpp:88]  [T-Work-Detect_0] Frame :247 split
I1014 12:15:29.863196  5863 thread_intergrate.hpp:78] [T-Intergrate-intergrate] queue: frame output frame :247
I1014 12:15:29.864289  5863 thread_intergrate.hpp:157] T-Intergrate-intergrate Show face :1, size :640 * 360
I1014 12:15:29.864815  5859 demo_inner.hpp:435] thread [SORT-0]  frame id 247 sorting queue size 0   FPS: 29.964
I1014 12:15:29.889734  5857 demo_inner.hpp:177] decode queue size 0
I1014 12:15:29.889832  5860 work_thread.hpp:81]  [T-Work-Detect_0] Run work: WorkDetect
I1014 12:15:29.889866  5860 work_detect.cpp:102] Succeeded to add det start for frame 248
I1014 12:15:29.896580  5860 work_detect.cpp:70] Frame :248 detect result :1 face(s)
W1014 12:15:29.896631  5860 work_detect.cpp:83] Invalid bbox: [153 x 187 from (270, 177)]
I1014 12:15:29.896729  5860 work_detect.cpp:120] Succeeded to add det end for frame 248
I1014 12:15:29.896747  5860 work_thread.hpp:81]  [T-Work-Detect_0] Run work: WrokTrack
I1014 12:15:29.896775  5860 work_track.cpp:102] Succeeded to set track lock for frame 248
I1014 12:15:29.896806  5860 work_track.cpp:116] Succeeded to release track lock for frame 248
I1014 12:15:29.896821  5860 work_track.cpp:120] Track results of frame 248: 0 objects input, 0 objects tracked!
I1014 12:15:29.896839  5860 work_thread.hpp:88]  [T-Work-Detect_0] Frame :248 split
I1014 12:15:29.896883  5863 thread_intergrate.hpp:78] [T-Intergrate-intergrate] queue: frame output frame :248
I1014 12:15:29.897969  5863 thread_intergrate.hpp:157] T-Intergrate-intergrate Show face :1, size :640 * 360
I1014 12:15:29.898484  5859 demo_inner.hpp:435] thread [SORT-0]  frame id 248 sorting queue size 1   FPS: 29.9282
I1014 12:15:29.919771  5857 demo_inner.hpp:177] decode queue size 0
I1014 12:15:29.919893  5860 work_thread.hpp:81]  [T-Work-Detect_0] Run work: WorkDetect
I1014 12:15:29.919929  5860 work_detect.cpp:102] Succeeded to add det start for frame 249
I1014 12:15:29.926481  5860 work_detect.cpp:70] Frame :249 detect result :1 face(s)
I1014 12:15:29.926522  5860 work_detect.cpp:86] Detected bbox: [134 x 174 from (272, 182)]
I1014 12:15:29.926566  5860 work_detect.cpp:120] Succeeded to add det end for frame 249
I1014 12:15:29.926582  5860 work_thread.hpp:81]  [T-Work-Detect_0] Run work: WrokTrack
I1014 12:15:29.926607  5860 work_track.cpp:82] Frame: 249 build input_characts: [0.209375 x 0.483333 from (0.425, 0.505556)], 0.997596, 0
I1014 12:15:29.926661  5860 work_track.cpp:102] Succeeded to set track lock for frame 249
I1014 12:15:29.926702  5860 work_track.cpp:116] Succeeded to release track lock for frame 249
I1014 12:15:29.926717  5860 work_track.cpp:120] Track results of frame 249: 1 objects input, 0 objects tracked!
I1014 12:15:29.926733  5860 work_track.cpp:162] Frame: 249 lid: 0 not tracked, will set invalid
I1014 12:15:29.926749  5860 work_thread.hpp:88]  [T-Work-Detect_0] Frame :249 split
I1014 12:15:29.926766  5860 work_thread.hpp:124]  [T-Work-Detect_0] Invalid piece: lid = 0, drop it
I1014 12:15:29.926808  5863 thread_intergrate.hpp:78] [T-Intergrate-intergrate] queue: frame output frame :249
I1014 12:15:29.927896  5863 thread_intergrate.hpp:157] T-Intergrate-intergrate Show face :1, size :640 * 360
I1014 12:15:29.928455  5859 demo_inner.hpp:435] thread [SORT-0]  frame id 249 sorting queue size 2   FPS: 30
I1014 12:15:29.939824  5858 demo_inner.hpp:260]  gui queue size 2, state = running
I1014 12:15:29.955808  5857 demo_inner.hpp:177] decode queue size 0
I1014 12:15:29.955912  5860 work_thread.hpp:81]  [T-Work-Detect_0] Run work: WorkDetect
I1014 12:15:29.955950  5860 work_detect.cpp:102] Succeeded to add det start for frame 250
I1014 12:15:29.962766  5860 work_detect.cpp:70] Frame :250 detect result :1 face(s)
W1014 12:15:29.962815  5860 work_detect.cpp:83] Invalid bbox: [146 x 182 from (275, 179)]
I1014 12:15:29.962914  5860 work_detect.cpp:120] Succeeded to add det end for frame 250
I1014 12:15:29.962931  5860 work_thread.hpp:81]  [T-Work-Detect_0] Run work: WrokTrack
I1014 12:15:29.963003  5860 work_track.cpp:102] Succeeded to set track lock for frame 250
I1014 12:15:29.963037  5860 work_track.cpp:116] Succeeded to release track lock for frame 250
I1014 12:15:29.963050  5860 work_track.cpp:120] Track results of frame 250: 0 objects input, 0 objects tracked!
I1014 12:15:29.963069  5860 work_thread.hpp:88]  [T-Work-Detect_0] Frame :250 split
I1014 12:15:29.963111  5863 thread_intergrate.hpp:78] [T-Intergrate-intergrate] queue: frame output frame :250
I1014 12:15:29.964198  5863 thread_intergrate.hpp:157] T-Intergrate-intergrate Show face :1, size :640 * 360
I1014 12:15:29.964709  5859 demo_inner.hpp:435] thread [SORT-0]  frame id 250 sorting queue size 0   FPS: 29.9282
I1014 12:15:29.985852  5857 demo_inner.hpp:177] decode queue size 0
I1014 12:15:29.985949  5860 work_thread.hpp:81]  [T-Work-Detect_0] Run work: WorkDetect
I1014 12:15:29.985983  5860 work_detect.cpp:102] Succeeded to add det start for frame 251
I1014 12:15:29.992704  5860 work_detect.cpp:70] Frame :251 detect result :1 face(s)
W1014 12:15:29.992748  5860 work_detect.cpp:83] Invalid bbox: [153 x 183 from (271, 180)]
I1014 12:15:29.992847  5860 work_detect.cpp:120] Succeeded to add det end for frame 251
I1014 12:15:29.992866  5860 work_thread.hpp:81]  [T-Work-Detect_0] Run work: WrokTrack
I1014 12:15:29.992892  5860 work_track.cpp:102] Succeeded to set track lock for frame 251
I1014 12:15:29.992926  5860 work_track.cpp:116] Succeeded to release track lock for frame 251
I1014 12:15:29.992941  5860 work_track.cpp:120] Track results of frame 251: 0 objects input, 0 objects tracked!
I1014 12:15:29.992959  5860 work_thread.hpp:88]  [T-Work-Detect_0] Frame :251 split
I1014 12:15:29.993000  5863 thread_intergrate.hpp:78] [T-Intergrate-intergrate] queue: frame output frame :251
I1014 12:15:29.994086  5863 thread_intergrate.hpp:157] T-Intergrate-intergrate Show face :1, size :640 * 360
I1014 12:15:29.994693  5859 demo_inner.hpp:435] thread [SORT-0]  frame id 251 sorting queue size 1   FPS: 29.988
I1014 12:15:30.006939  5858 demo_inner.hpp:260]  gui queue size 1, state = running
I1014 12:15:30.021755  5857 demo_inner.hpp:177] decode queue size 0
I1014 12:15:30.021859  5860 work_thread.hpp:81]  [T-Work-Detect_0] Run work: WorkDetect
I1014 12:15:30.021896  5860 work_detect.cpp:102] Succeeded to add det start for frame 252
I1014 12:15:30.028457  5860 work_detect.cpp:70] Frame :252 detect result :1 face(s)
W1014 12:15:30.028501  5860 work_detect.cpp:83] Invalid bbox: [149 x 184 from (273, 182)]
I1014 12:15:30.028599  5860 work_detect.cpp:120] Succeeded to add det end for frame 252
I1014 12:15:30.028617  5860 work_thread.hpp:81]  [T-Work-Detect_0] Run work: WrokTrack
I1014 12:15:30.028645  5860 work_track.cpp:102] Succeeded to set track lock for frame 252
I1014 12:15:30.028671  5860 work_track.cpp:116] Succeeded to release track lock for frame 252
I1014 12:15:30.028686  5860 work_track.cpp:120] Track results of frame 252: 0 objects input, 0 objects tracked!
I1014 12:15:30.028704  5860 work_thread.hpp:88]  [T-Work-Detect_0] Frame :252 split
I1014 12:15:30.028751  5863 thread_intergrate.hpp:78] [T-Intergrate-intergrate] queue: frame output frame :252
I1014 12:15:30.029848  5863 thread_intergrate.hpp:157] T-Intergrate-intergrate Show face :1, size :640 * 360
I1014 12:15:30.030375  5859 demo_inner.hpp:435] thread [SORT-0]  frame id 252 sorting queue size 0   FPS: 29.9282
I1014 12:15:30.057710  5857 demo_inner.hpp:177] decode queue size 0
I1014 12:15:30.057821  5860 work_thread.hpp:81]  [T-Work-Detect_0] Run work: WorkDetect
I1014 12:15:30.057858  5860 work_detect.cpp:102] Succeeded to add det start for frame 253
I1014 12:15:30.064483  5860 work_detect.cpp:70] Frame :253 detect result :1 face(s)
W1014 12:15:30.064527  5860 work_detect.cpp:83] Invalid bbox: [152 x 186 from (273, 180)]
I1014 12:15:30.064625  5860 work_detect.cpp:120] Succeeded to add det end for frame 253
I1014 12:15:30.064642  5860 work_thread.hpp:81]  [T-Work-Detect_0] Run work: WrokTrack
I1014 12:15:30.064669  5860 work_track.cpp:102] Succeeded to set track lock for frame 253
I1014 12:15:30.064743  5860 work_track.cpp:116] Succeeded to release track lock for frame 253
I1014 12:15:30.064757  5860 work_track.cpp:120] Track results of frame 253: 0 objects input, 0 objects tracked!
I1014 12:15:30.064777  5860 work_thread.hpp:88]  [T-Work-Detect_0] Frame :253 split
I1014 12:15:30.064821  5863 thread_intergrate.hpp:78] [T-Intergrate-intergrate] queue: frame output frame :253
I1014 12:15:30.065907  5863 thread_intergrate.hpp:157] T-Intergrate-intergrate Show face :1, size :640 * 360
I1014 12:15:30.066452  5859 demo_inner.hpp:435] thread [SORT-0]  frame id 253 sorting queue size 1   FPS: 29.9162
I1014 12:15:30.085021  5858 demo_inner.hpp:260]  gui queue size 1, state = running
I1014 12:15:30.088001  5857 demo_inner.hpp:177] decode queue size 0
I1014 12:15:30.088099  5860 work_thread.hpp:81]  [T-Work-Detect_0] Run work: WorkDetect
I1014 12:15:30.088135  5860 work_detect.cpp:102] Succeeded to add det start for frame 254
I1014 12:15:30.094866  5860 work_detect.cpp:70] Frame :254 detect result :1 face(s)
W1014 12:15:30.094907  5860 work_detect.cpp:83] Invalid bbox: [152 x 184 from (272, 182)]
I1014 12:15:30.095005  5860 work_detect.cpp:120] Succeeded to add det end for frame 254
I1014 12:15:30.095023  5860 work_thread.hpp:81]  [T-Work-Detect_0] Run work: WrokTrack
I1014 12:15:30.095050  5860 work_track.cpp:102] Succeeded to set track lock for frame 254
I1014 12:15:30.095077  5860 work_track.cpp:116] Succeeded to release track lock for frame 254
I1014 12:15:30.095093  5860 work_track.cpp:120] Track results of frame 254: 0 objects input, 0 objects tracked!
I1014 12:15:30.095110  5860 work_thread.hpp:88]  [T-Work-Detect_0] Frame :254 split
I1014 12:15:30.095152  5863 thread_intergrate.hpp:78] [T-Intergrate-intergrate] queue: frame output frame :254
I1014 12:15:30.096240  5863 thread_intergrate.hpp:157] T-Intergrate-intergrate Show face :1, size :640 * 360
I1014 12:15:30.096848  5859 demo_inner.hpp:435] thread [SORT-0]  frame id 254 sorting queue size 0   FPS: 29.988
I1014 12:15:30.123711  5857 demo_inner.hpp:177] decode queue size 0
I1014 12:15:30.123900  5860 work_thread.hpp:81]  [T-Work-Detect_0] Run work: WorkDetect
I1014 12:15:30.123981  5860 work_detect.cpp:102] Succeeded to add det start for frame 255
I1014 12:15:30.131500  5860 work_detect.cpp:70] Frame :255 detect result :1 face(s)
W1014 12:15:30.131568  5860 work_detect.cpp:83] Invalid bbox: [147 x 180 from (275, 183)]
I1014 12:15:30.131667  5860 work_detect.cpp:120] Succeeded to add det end for frame 255
I1014 12:15:30.131693  5860 work_thread.hpp:81]  [T-Work-Detect_0] Run work: WrokTrack
I1014 12:15:30.131721  5860 work_track.cpp:102] Succeeded to set track lock for frame 255
I1014 12:15:30.131748  5860 work_track.cpp:116] Succeeded to release track lock for frame 255
I1014 12:15:30.131762  5860 work_track.cpp:120] Track results of frame 255: 0 objects input, 0 objects tracked!
I1014 12:15:30.131780  5860 work_thread.hpp:88]  [T-Work-Detect_0] Frame :255 split
I1014 12:15:30.131841  5863 thread_intergrate.hpp:78] [T-Intergrate-intergrate] queue: frame output frame :255
I1014 12:15:30.132928  5863 thread_intergrate.hpp:157] T-Intergrate-intergrate Show face :1, size :640 * 360
I1014 12:15:30.133476  5859 demo_inner.hpp:435] thread [SORT-0]  frame id 255 sorting queue size 1   FPS: 29.9162
I1014 12:15:30.153802  5857 demo_inner.hpp:177] decode queue size 0
I1014 12:15:30.153908  5860 work_thread.hpp:81]  [T-Work-Detect_0] Run work: WorkDetect
I1014 12:15:30.153951  5860 work_detect.cpp:102] Succeeded to add det start for frame 256
I1014 12:15:30.161316  5860 work_detect.cpp:70] Frame :256 detect result :1 face(s)
W1014 12:15:30.161386  5860 work_detect.cpp:83] Invalid bbox: [146 x 178 from (276, 186)]
I1014 12:15:30.161681  5860 work_detect.cpp:120] Succeeded to add det end for frame 256
I1014 12:15:30.161707  5860 work_thread.hpp:81]  [T-Work-Detect_0] Run work: WrokTrack
I1014 12:15:30.161736  5860 work_track.cpp:102] Succeeded to set track lock for frame 256
I1014 12:15:30.161762  5860 work_track.cpp:116] Succeeded to release track lock for frame 256
I1014 12:15:30.163133  5858 demo_inner.hpp:260]  gui queue size 1, state = running
I1014 12:15:30.165232  5860 work_track.cpp:120] Track results of frame 256: 0 objects input, 0 objects tracked!
I1014 12:15:30.165443  5860 work_thread.hpp:88]  [T-Work-Detect_0] Frame :256 split
I1014 12:15:30.165500  5863 thread_intergrate.hpp:78] [T-Intergrate-intergrate] queue: frame output frame :256
I1014 12:15:30.166601  5863 thread_intergrate.hpp:157] T-Intergrate-intergrate Show face :1, size :640 * 360
I1014 12:15:30.167202  5859 demo_inner.hpp:435] thread [SORT-0]  frame id 256 sorting queue size 0   FPS: 29.9521
I1014 12:15:30.189740  5857 demo_inner.hpp:177] decode queue size 0
I1014 12:15:30.189847  5860 work_thread.hpp:81]  [T-Work-Detect_0] Run work: WorkDetect
I1014 12:15:30.189893  5860 work_detect.cpp:102] Succeeded to add det start for frame 257
I1014 12:15:30.197558  5860 work_detect.cpp:70] Frame :257 detect result :1 face(s)
W1014 12:15:30.197613  5860 work_detect.cpp:83] Invalid bbox: [148 x 180 from (276, 183)]
I1014 12:15:30.197721  5860 work_detect.cpp:120] Succeeded to add det end for frame 257
I1014 12:15:30.197738  5860 work_thread.hpp:81]  [T-Work-Detect_0] Run work: WrokTrack
I1014 12:15:30.197790  5860 work_track.cpp:102] Succeeded to set track lock for frame 257
I1014 12:15:30.197818  5860 work_track.cpp:116] Succeeded to release track lock for frame 257
I1014 12:15:30.197832  5860 work_track.cpp:120] Track results of frame 257: 0 objects input, 0 objects tracked!
I1014 12:15:30.197851  5860 work_thread.hpp:88]  [T-Work-Detect_0] Frame :257 split
I1014 12:15:30.197901  5863 thread_intergrate.hpp:78] [T-Intergrate-intergrate] queue: frame output frame :257
I1014 12:15:30.198987  5863 thread_intergrate.hpp:157] T-Intergrate-intergrate Show face :1, size :640 * 360
I1014 12:15:30.199534  5859 demo_inner.hpp:435] thread [SORT-0]  frame id 257 sorting queue size 1   FPS: 29.9162
I1014 12:15:30.219859  5857 demo_inner.hpp:177] decode queue size 0
I1014 12:15:30.219956  5860 work_thread.hpp:81]  [T-Work-Detect_0] Run work: WorkDetect
I1014 12:15:30.219991  5860 work_detect.cpp:102] Succeeded to add det start for frame 258
I1014 12:15:30.227375  5860 work_detect.cpp:70] Frame :258 detect result :1 face(s)
W1014 12:15:30.227444  5860 work_detect.cpp:83] Invalid bbox: [148 x 182 from (274, 183)]
I1014 12:15:30.227550  5860 work_detect.cpp:120] Succeeded to add det end for frame 258
I1014 12:15:30.227567  5860 work_thread.hpp:81]  [T-Work-Detect_0] Run work: WrokTrack
I1014 12:15:30.227593  5860 work_track.cpp:102] Succeeded to set track lock for frame 258
I1014 12:15:30.227620  5860 work_track.cpp:116] Succeeded to release track lock for frame 258
I1014 12:15:30.227635  5860 work_track.cpp:120] Track results of frame 258: 0 objects input, 0 objects tracked!
I1014 12:15:30.227680  5860 work_thread.hpp:88]  [T-Work-Detect_0] Frame :258 split
I1014 12:15:30.227725  5863 thread_intergrate.hpp:78] [T-Intergrate-intergrate] queue: frame output frame :258
I1014 12:15:30.228811  5863 thread_intergrate.hpp:157] T-Intergrate-intergrate Show face :1, size :640 * 360
I1014 12:15:30.229419  5859 demo_inner.hpp:435] thread [SORT-0]  frame id 258 sorting queue size 2   FPS: 29.988
I1014 12:15:30.246850  5858 demo_inner.hpp:260]  gui queue size 2, state = running
I1014 12:15:30.255913  5857 demo_inner.hpp:177] decode queue size 0
I1014 12:15:30.256042  5860 work_thread.hpp:81]  [T-Work-Detect_0] Run work: WorkDetect
I1014 12:15:30.256078  5860 work_detect.cpp:102] Succeeded to add det start for frame 259
I1014 12:15:30.262657  5860 work_detect.cpp:70] Frame :259 detect result :1 face(s)
W1014 12:15:30.262701  5860 work_detect.cpp:83] Invalid bbox: [150 x 186 from (273, 182)]
I1014 12:15:30.262799  5860 work_detect.cpp:120] Succeeded to add det end for frame 259
I1014 12:15:30.262816  5860 work_thread.hpp:81]  [T-Work-Detect_0] Run work: WrokTrack
I1014 12:15:30.262845  5860 work_track.cpp:102] Succeeded to set track lock for frame 259
I1014 12:15:30.262871  5860 work_track.cpp:116] Succeeded to release track lock for frame 259
I1014 12:15:30.262931  5860 work_track.cpp:120] Track results of frame 259: 0 objects input, 0 objects tracked!
I1014 12:15:30.262953  5860 work_thread.hpp:88]  [T-Work-Detect_0] Frame :259 split
I1014 12:15:30.262995  5863 thread_intergrate.hpp:78] [T-Intergrate-intergrate] queue: frame output frame :259
I1014 12:15:30.264081  5863 thread_intergrate.hpp:157] T-Intergrate-intergrate Show face :1, size :640 * 360
I1014 12:15:30.264642  5859 demo_inner.hpp:435] thread [SORT-0]  frame id 259 sorting queue size 0   FPS: 29.9162
I1014 12:15:30.286090  5857 demo_inner.hpp:177] decode queue size 0
I1014 12:15:30.286216  5860 work_thread.hpp:81]  [T-Work-Detect_0] Run work: WorkDetect
I1014 12:15:30.286250  5860 work_detect.cpp:102] Succeeded to add det start for frame 260
I1014 12:15:30.292902  5860 work_detect.cpp:70] Frame :260 detect result :1 face(s)
W1014 12:15:30.292944  5860 work_detect.cpp:83] Invalid bbox: [151 x 185 from (273, 180)]
I1014 12:15:30.293043  5860 work_detect.cpp:120] Succeeded to add det end for frame 260
I1014 12:15:30.293061  5860 work_thread.hpp:81]  [T-Work-Detect_0] Run work: WrokTrack
I1014 12:15:30.293087  5860 work_track.cpp:102] Succeeded to set track lock for frame 260
I1014 12:15:30.293115  5860 work_track.cpp:116] Succeeded to release track lock for frame 260
I1014 12:15:30.293128  5860 work_track.cpp:120] Track results of frame 260: 0 objects input, 0 objects tracked!
I1014 12:15:30.293148  5860 work_thread.hpp:88]  [T-Work-Detect_0] Frame :260 split
I1014 12:15:30.293190  5863 thread_intergrate.hpp:78] [T-Intergrate-intergrate] queue: frame output frame :260
I1014 12:15:30.294276  5863 thread_intergrate.hpp:157] T-Intergrate-intergrate Show face :1, size :640 * 360
I1014 12:15:30.294879  5859 demo_inner.hpp:435] thread [SORT-0]  frame id 260 sorting queue size 1   FPS: 29.988
I1014 12:15:30.318915  5858 demo_inner.hpp:260]  gui queue size 1, state = running
I1014 12:15:30.323695  5857 demo_inner.hpp:177] decode queue size 0
I1014 12:15:30.323814  5860 work_thread.hpp:81]  [T-Work-Detect_0] Run work: WorkDetect
I1014 12:15:30.323850  5860 work_detect.cpp:102] Succeeded to add det start for frame 261
I1014 12:15:30.330374  5860 work_detect.cpp:70] Frame :261 detect result :1 face(s)
W1014 12:15:30.330416  5860 work_detect.cpp:83] Invalid bbox: [152 x 187 from (272, 180)]
I1014 12:15:30.330538  5860 work_detect.cpp:120] Succeeded to add det end for frame 261
I1014 12:15:30.330556  5860 work_thread.hpp:81]  [T-Work-Detect_0] Run work: WrokTrack
I1014 12:15:30.330582  5860 work_track.cpp:102] Succeeded to set track lock for frame 261
I1014 12:15:30.330610  5860 work_track.cpp:116] Succeeded to release track lock for frame 261
I1014 12:15:30.330624  5860 work_track.cpp:120] Track results of frame 261: 0 objects input, 0 objects tracked!
I1014 12:15:30.330642  5860 work_thread.hpp:88]  [T-Work-Detect_0] Frame :261 split
I1014 12:15:30.330687  5863 thread_intergrate.hpp:78] [T-Intergrate-intergrate] queue: frame output frame :261
I1014 12:15:30.331775  5863 thread_intergrate.hpp:157] T-Intergrate-intergrate Show face :1, size :640 * 360
I1014 12:15:30.332327  5859 demo_inner.hpp:435] thread [SORT-0]  frame id 261 sorting queue size 0   FPS: 29.964
I1014 12:15:30.359601  5857 demo_inner.hpp:177] decode queue size 0
I1014 12:15:30.359712  5860 work_thread.hpp:81]  [T-Work-Detect_0] Run work: WorkDetect
I1014 12:15:30.359745  5860 work_detect.cpp:102] Succeeded to add det start for frame 262
I1014 12:15:30.366324  5860 work_detect.cpp:70] Frame :262 detect result :1 face(s)
I1014 12:15:30.366366  5860 work_detect.cpp:86] Detected bbox: [137 x 173 from (272, 184)]
I1014 12:15:30.366408  5860 work_detect.cpp:120] Succeeded to add det end for frame 262
I1014 12:15:30.366425  5860 work_thread.hpp:81]  [T-Work-Detect_0] Run work: WrokTrack
I1014 12:15:30.366447  5860 work_track.cpp:82] Frame: 262 build input_characts: [0.214062 x 0.480556 from (0.425, 0.511111)], 0.997488, 0
I1014 12:15:30.366503  5860 work_track.cpp:102] Succeeded to set track lock for frame 262
I1014 12:15:30.366539  5860 work_track.cpp:116] Succeeded to release track lock for frame 262
I1014 12:15:30.366629  5860 work_track.cpp:120] Track results of frame 262: 1 objects input, 0 objects tracked!
I1014 12:15:30.366649  5860 work_track.cpp:162] Frame: 262 lid: 0 not tracked, will set invalid
I1014 12:15:30.366665  5860 work_thread.hpp:88]  [T-Work-Detect_0] Frame :262 split
I1014 12:15:30.366683  5860 work_thread.hpp:124]  [T-Work-Detect_0] Invalid piece: lid = 0, drop it
I1014 12:15:30.366724  5863 thread_intergrate.hpp:78] [T-Intergrate-intergrate] queue: frame output frame :262
I1014 12:15:30.367810  5863 thread_intergrate.hpp:157] T-Intergrate-intergrate Show face :1, size :640 * 360
I1014 12:15:30.368378  5859 demo_inner.hpp:435] thread [SORT-0]  frame id 262 sorting queue size 1   FPS: 29.9043
I1014 12:15:30.386304  5858 demo_inner.hpp:260]  gui queue size 1, state = running
I1014 12:15:30.389782  5857 demo_inner.hpp:177] decode queue size 0
I1014 12:15:30.389899  5860 work_thread.hpp:81]  [T-Work-Detect_0] Run work: WorkDetect
I1014 12:15:30.389932  5860 work_detect.cpp:102] Succeeded to add det start for frame 263
I1014 12:15:30.396522  5860 work_detect.cpp:70] Frame :263 detect result :1 face(s)
W1014 12:15:30.396562  5860 work_detect.cpp:83] Invalid bbox: [152 x 185 from (271, 182)]
I1014 12:15:30.396663  5860 work_detect.cpp:120] Succeeded to add det end for frame 263
I1014 12:15:30.396680  5860 work_thread.hpp:81]  [T-Work-Detect_0] Run work: WrokTrack
I1014 12:15:30.396708  5860 work_track.cpp:102] Succeeded to set track lock for frame 263
I1014 12:15:30.396739  5860 work_track.cpp:116] Succeeded to release track lock for frame 263
I1014 12:15:30.396754  5860 work_track.cpp:120] Track results of frame 263: 0 objects input, 0 objects tracked!
I1014 12:15:30.396771  5860 work_thread.hpp:88]  [T-Work-Detect_0] Frame :263 split
I1014 12:15:30.396816  5863 thread_intergrate.hpp:78] [T-Intergrate-intergrate] queue: frame output frame :263
I1014 12:15:30.397903  5863 thread_intergrate.hpp:157] T-Intergrate-intergrate Show face :1, size :640 * 360
I1014 12:15:30.398437  5859 demo_inner.hpp:435] thread [SORT-0]  frame id 263 sorting queue size 0   FPS: 29.964
I1014 12:15:30.425580  5857 demo_inner.hpp:177] decode queue size 0
I1014 12:15:30.425690  5860 work_thread.hpp:81]  [T-Work-Detect_0] Run work: WorkDetect
I1014 12:15:30.425725  5860 work_detect.cpp:102] Succeeded to add det start for frame 264
I1014 12:15:30.432301  5860 work_detect.cpp:70] Frame :264 detect result :1 face(s)
W1014 12:15:30.432341  5860 work_detect.cpp:83] Invalid bbox: [154 x 188 from (269, 180)]
I1014 12:15:30.432437  5860 work_detect.cpp:120] Succeeded to add det end for frame 264
I1014 12:15:30.432454  5860 work_thread.hpp:81]  [T-Work-Detect_0] Run work: WrokTrack
I1014 12:15:30.432480  5860 work_track.cpp:102] Succeeded to set track lock for frame 264
I1014 12:15:30.432515  5860 work_track.cpp:116] Succeeded to release track lock for frame 264
I1014 12:15:30.432529  5860 work_track.cpp:120] Track results of frame 264: 0 objects input, 0 objects tracked!
I1014 12:15:30.432548  5860 work_thread.hpp:88]  [T-Work-Detect_0] Frame :264 split
I1014 12:15:30.432591  5863 thread_intergrate.hpp:78] [T-Intergrate-intergrate] queue: frame output frame :264
I1014 12:15:30.433678  5863 thread_intergrate.hpp:157] T-Intergrate-intergrate Show face :1, size :640 * 360
I1014 12:15:30.434238  5859 demo_inner.hpp:435] thread [SORT-0]  frame id 264 sorting queue size 1   FPS: 29.9521
I1014 12:15:30.453804  5857 demo_inner.hpp:177] decode queue size 0
I1014 12:15:30.453900  5860 work_thread.hpp:81]  [T-Work-Detect_0] Run work: WorkDetect
I1014 12:15:30.453933  5860 work_detect.cpp:102] Succeeded to add det start for frame 265
I1014 12:15:30.460546  5860 work_detect.cpp:70] Frame :265 detect result :1 face(s)
W1014 12:15:30.460587  5860 work_detect.cpp:83] Invalid bbox: [154 x 187 from (270, 180)]
I1014 12:15:30.460685  5860 work_detect.cpp:120] Succeeded to add det end for frame 265
I1014 12:15:30.460701  5860 work_thread.hpp:81]  [T-Work-Detect_0] Run work: WrokTrack
I1014 12:15:30.460727  5860 work_track.cpp:102] Succeeded to set track lock for frame 265
I1014 12:15:30.460808  5860 work_track.cpp:116] Succeeded to release track lock for frame 265
I1014 12:15:30.460824  5860 work_track.cpp:120] Track results of frame 265: 0 objects input, 0 objects tracked!
I1014 12:15:30.460844  5860 work_thread.hpp:88]  [T-Work-Detect_0] Frame :265 split
I1014 12:15:30.460891  5863 thread_intergrate.hpp:78] [T-Intergrate-intergrate] queue: frame output frame :265
I1014 12:15:30.461977  5863 thread_intergrate.hpp:157] T-Intergrate-intergrate Show face :1, size :640 * 360
I1014 12:15:30.462499  5859 demo_inner.hpp:435] thread [SORT-0]  frame id 265 sorting queue size 2   FPS: 30.012
I1014 12:15:30.469776  5858 demo_inner.hpp:260]  gui queue size 2, state = running
I1014 12:15:30.489835  5857 demo_inner.hpp:177] decode queue size 0
I1014 12:15:30.489935  5860 work_thread.hpp:81]  [T-Work-Detect_0] Run work: WorkDetect
I1014 12:15:30.489969  5860 work_detect.cpp:102] Succeeded to add det start for frame 266
I1014 12:15:30.496608  5860 work_detect.cpp:70] Frame :266 detect result :1 face(s)
I1014 12:15:30.496652  5860 work_detect.cpp:86] Detected bbox: [134 x 169 from (270, 188)]
I1014 12:15:30.496695  5860 work_detect.cpp:120] Succeeded to add det end for frame 266
I1014 12:15:30.496711  5860 work_thread.hpp:81]  [T-Work-Detect_0] Run work: WrokTrack
I1014 12:15:30.496733  5860 work_track.cpp:82] Frame: 266 build input_characts: [0.209375 x 0.469444 from (0.421875, 0.522222)], 0.997596, 0
I1014 12:15:30.496788  5860 work_track.cpp:102] Succeeded to set track lock for frame 266
I1014 12:15:30.496822  5860 work_track.cpp:116] Succeeded to release track lock for frame 266
I1014 12:15:30.496836  5860 work_track.cpp:120] Track results of frame 266: 1 objects input, 0 objects tracked!
I1014 12:15:30.496853  5860 work_track.cpp:162] Frame: 266 lid: 0 not tracked, will set invalid
I1014 12:15:30.496870  5860 work_thread.hpp:88]  [T-Work-Detect_0] Frame :266 split
I1014 12:15:30.496886  5860 work_thread.hpp:124]  [T-Work-Detect_0] Invalid piece: lid = 0, drop it
I1014 12:15:30.496925  5863 thread_intergrate.hpp:78] [T-Intergrate-intergrate] queue: frame output frame :266
I1014 12:15:30.498011  5863 thread_intergrate.hpp:157] T-Intergrate-intergrate Show face :1, size :640 * 360
I1014 12:15:30.498513  5859 demo_inner.hpp:435] thread [SORT-0]  frame id 266 sorting queue size 0   FPS: 29.9401
I1014 12:15:30.519826  5857 demo_inner.hpp:177] decode queue size 0
I1014 12:15:30.519917  5860 work_thread.hpp:81]  [T-Work-Detect_0] Run work: WorkDetect
I1014 12:15:30.519948  5860 work_detect.cpp:102] Succeeded to add det start for frame 267
I1014 12:15:30.526548  5860 work_detect.cpp:70] Frame :267 detect result :1 face(s)
I1014 12:15:30.526602  5860 work_detect.cpp:86] Detected bbox: [139 x 175 from (270, 184)]
I1014 12:15:30.526645  5860 work_detect.cpp:120] Succeeded to add det end for frame 267
I1014 12:15:30.526661  5860 work_thread.hpp:81]  [T-Work-Detect_0] Run work: WrokTrack
I1014 12:15:30.526684  5860 work_track.cpp:82] Frame: 267 build input_characts: [0.217187 x 0.486111 from (0.421875, 0.511111)], 0.997596, 0
I1014 12:15:30.526738  5860 work_track.cpp:102] Succeeded to set track lock for frame 267
I1014 12:15:30.526777  5860 work_track.cpp:116] Succeeded to release track lock for frame 267
I1014 12:15:30.526791  5860 work_track.cpp:120] Track results of frame 267: 1 objects input, 0 objects tracked!
I1014 12:15:30.526809  5860 work_track.cpp:162] Frame: 267 lid: 0 not tracked, will set invalid
I1014 12:15:30.526825  5860 work_thread.hpp:88]  [T-Work-Detect_0] Frame :267 split
I1014 12:15:30.526842  5860 work_thread.hpp:124]  [T-Work-Detect_0] Invalid piece: lid = 0, drop it
I1014 12:15:30.526886  5863 thread_intergrate.hpp:78] [T-Intergrate-intergrate] queue: frame output frame :267
I1014 12:15:30.527974  5863 thread_intergrate.hpp:157] T-Intergrate-intergrate Show face :1, size :640 * 360
I1014 12:15:30.528508  5859 demo_inner.hpp:435] thread [SORT-0]  frame id 267 sorting queue size 1   FPS: 30.012
I1014 12:15:30.555805  5857 demo_inner.hpp:177] decode queue size 0
I1014 12:15:30.555985  5860 work_thread.hpp:81]  [T-Work-Detect_0] Run work: WorkDetect
I1014 12:15:30.556018  5860 work_detect.cpp:102] Succeeded to add det start for frame 268
I1014 12:15:30.562525  5860 work_detect.cpp:70] Frame :268 detect result :1 face(s)
I1014 12:15:30.562562  5860 work_detect.cpp:86] Detected bbox: [137 x 171 from (271, 186)]
I1014 12:15:30.562603  5860 work_detect.cpp:120] Succeeded to add det end for frame 268
I1014 12:15:30.562620  5860 work_thread.hpp:81]  [T-Work-Detect_0] Run work: WrokTrack
I1014 12:15:30.562644  5860 work_track.cpp:82] Frame: 268 build input_characts: [0.214062 x 0.475 from (0.423438, 0.516667)], 0.997596, 0
I1014 12:15:30.562698  5860 work_track.cpp:102] Succeeded to set track lock for frame 268
I1014 12:15:30.562741  5860 work_track.cpp:116] Succeeded to release track lock for frame 268
I1014 12:15:30.562755  5860 work_track.cpp:120] Track results of frame 268: 1 objects input, 1 objects tracked!
I1014 12:15:30.562774  5860 work_track.cpp:148] Frame: 268, track bbox: [137 x 171 from (271.403, 185.832)], gid: 2, lid: 0
I1014 12:15:30.562811  5860 work_thread.hpp:88]  [T-Work-Detect_0] Frame :268 split
I1014 12:15:30.562829  5860 work_thread.hpp:120]  [T-Work-Detect_0] Valid piece: gid = 2
I1014 12:15:30.562847  5860 work_thread.hpp:92]  [T-Work-Detect_0] Push to split queue:recog
I1014 12:15:30.562903  5862 work_thread.hpp:81]  [T-Work-Recog_1] Run work: WorkCapture
I1014 12:15:30.563197  5863 thread_intergrate.hpp:78] [T-Intergrate-intergrate] queue: frame output frame :268
I1014 12:15:30.563436  5862 work_thread.hpp:81]  [T-Work-Recog_1] Run work: WorkRecog
I1014 12:15:30.563459  5862 work_recog.hpp:89] Face id: 2 will run recog: bbox [137 x 171 from (271, 186)] quality: 0.405663
I1014 12:15:30.563486  5862 work_recog.hpp:96] Recog pair: [200 x 208 from (240, 152)], [137 x 171 from (31, 34)]
I1014 12:15:30.564326  5863 thread_intergrate.hpp:157] T-Intergrate-intergrate Show face :1, size :640 * 360
I1014 12:15:30.564841  5859 demo_inner.hpp:435] thread [SORT-0]  frame id 268 sorting queue size 2   FPS: 30.012
I1014 12:15:30.570354  5858 demo_inner.hpp:260]  gui queue size 2, state = running
I1014 12:15:30.580895  5862 work_thread.hpp:81]  [T-Work-Recog_1] Run work: WorkCompare
I1014 12:15:30.581005  5862 work_compare.cpp:76] Compare face: 2 successed, similarity :0.933275, name : images/thanglmb.jpg, normal size : 640 * 360!
I1014 12:15:30.591764  5857 demo_inner.hpp:177] decode queue size 0
I1014 12:15:30.591859  5860 work_thread.hpp:81]  [T-Work-Detect_0] Run work: WorkDetect
I1014 12:15:30.591893  5860 work_detect.cpp:102] Succeeded to add det start for frame 269
I1014 12:15:30.598400  5860 work_detect.cpp:70] Frame :269 detect result :1 face(s)
I1014 12:15:30.598443  5860 work_detect.cpp:86] Detected bbox: [135 x 174 from (273, 185)]
I1014 12:15:30.598484  5860 work_detect.cpp:120] Succeeded to add det end for frame 269
I1014 12:15:30.598500  5860 work_thread.hpp:81]  [T-Work-Detect_0] Run work: WrokTrack
I1014 12:15:30.598525  5860 work_track.cpp:82] Frame: 269 build input_characts: [0.210938 x 0.483333 from (0.426562, 0.513889)], 0.997596, 0
I1014 12:15:30.598579  5860 work_track.cpp:102] Succeeded to set track lock for frame 269
I1014 12:15:30.598619  5860 work_track.cpp:116] Succeeded to release track lock for frame 269
I1014 12:15:30.598634  5860 work_track.cpp:120] Track results of frame 269: 1 objects input, 1 objects tracked!
I1014 12:15:30.598652  5860 work_track.cpp:148] Frame: 269, track bbox: [135 x 174 from (273.209, 184.649)], gid: 2, lid: 0
I1014 12:15:30.598688  5860 work_thread.hpp:88]  [T-Work-Detect_0] Frame :269 split
I1014 12:15:30.598706  5860 work_thread.hpp:120]  [T-Work-Detect_0] Valid piece: gid = 2
I1014 12:15:30.598724  5860 work_thread.hpp:92]  [T-Work-Detect_0] Push to split queue:recog
I1014 12:15:30.598774  5862 work_thread.hpp:81]  [T-Work-Recog_1] Run work: WorkCapture
I1014 12:15:30.599069  5863 thread_intergrate.hpp:78] [T-Intergrate-intergrate] queue: frame output frame :269
I1014 12:15:30.599094  5863 thread_intergrate.hpp:85] [T-Intergrate-intergrate] queue: compare output face:2
I1014 12:15:30.599213  5863 thread_intergrate.hpp:137] T-Intergrate-intergrate set matched face: 2
I1014 12:15:30.599324  5862 work_thread.hpp:81]  [T-Work-Recog_1] Run work: WorkRecog
I1014 12:15:30.599349  5862 work_recog.hpp:89] Face id: 2 will run recog: bbox [135 x 174 from (273, 185)] quality: 0.414713
I1014 12:15:30.599376  5862 work_recog.hpp:96] Recog pair: [200 x 216 from (240, 144)], [135 x 174 from (33, 41)]
I1014 12:15:30.600440  5863 thread_intergrate.hpp:157] T-Intergrate-intergrate Show face :2, size :640 * 360
I1014 12:15:30.600965  5859 demo_inner.hpp:435] thread [SORT-0]  frame id 269 sorting queue size 0   FPS: 29.9282
I1014 12:15:30.616863  5862 work_thread.hpp:81]  [T-Work-Recog_1] Run work: WorkCompare
I1014 12:15:30.616969  5862 work_compare.cpp:76] Compare face: 2 successed, similarity :0.873145, name : images/thanglmb.jpg, normal size : 640 * 360!
I1014 12:15:30.622428  5857 demo_inner.hpp:177] decode queue size 0
I1014 12:15:30.622515  5860 work_thread.hpp:81]  [T-Work-Detect_0] Run work: WorkDetect
I1014 12:15:30.622548  5860 work_detect.cpp:102] Succeeded to add det start for frame 270
I1014 12:15:30.629202  5860 work_detect.cpp:70] Frame :270 detect result :1 face(s)
I1014 12:15:30.629246  5860 work_detect.cpp:86] Detected bbox: [134 x 174 from (273, 184)]
I1014 12:15:30.629288  5860 work_detect.cpp:120] Succeeded to add det end for frame 270
I1014 12:15:30.629304  5860 work_thread.hpp:81]  [T-Work-Detect_0] Run work: WrokTrack
I1014 12:15:30.629328  5860 work_track.cpp:82] Frame: 270 build input_characts: [0.209375 x 0.483333 from (0.426562, 0.511111)], 0.997596, 0
I1014 12:15:30.629384  5860 work_track.cpp:102] Succeeded to set track lock for frame 270
I1014 12:15:30.629426  5860 work_track.cpp:116] Succeeded to release track lock for frame 270
I1014 12:15:30.629441  5860 work_track.cpp:120] Track results of frame 270: 1 objects input, 1 objects tracked!
I1014 12:15:30.629459  5860 work_track.cpp:148] Frame: 270, track bbox: [134 x 174 from (273.701, 184.197)], gid: 2, lid: 0
I1014 12:15:30.629496  5860 work_thread.hpp:88]  [T-Work-Detect_0] Frame :270 split
I1014 12:15:30.629514  5860 work_thread.hpp:120]  [T-Work-Detect_0] Valid piece: gid = 2
I1014 12:15:30.629532  5860 work_thread.hpp:92]  [T-Work-Detect_0] Push to split queue:recog
I1014 12:15:30.629575  5861 work_thread.hpp:81]  [T-Work-Recog_0] Run work: WorkCapture
I1014 12:15:30.629577  5863 thread_intergrate.hpp:78] [T-Intergrate-intergrate] queue: frame output frame :270
I1014 12:15:30.629616  5863 thread_intergrate.hpp:85] [T-Intergrate-intergrate] queue: compare output face:2
I1014 12:15:30.629633  5863 thread_intergrate.hpp:137] T-Intergrate-intergrate set matched face: 2
I1014 12:15:30.630236  5861 work_thread.hpp:81]  [T-Work-Recog_0] Run work: WorkRecog
I1014 12:15:30.630285  5861 work_recog.hpp:89] Face id: 2 will run recog: bbox [134 x 174 from (273, 184)] quality: 0.414713
I1014 12:15:30.630314  5861 work_recog.hpp:96] Recog pair: [200 x 216 from (240, 144)], [134 x 174 from (33, 40)]
I1014 12:15:30.630798  5863 thread_intergrate.hpp:157] T-Intergrate-intergrate Show face :2, size :640 * 360
I1014 12:15:30.631302  5859 demo_inner.hpp:435] thread [SORT-0]  frame id 270 sorting queue size 1   FPS: 30.012
I1014 12:15:30.648141  5861 work_thread.hpp:81]  [T-Work-Recog_0] Run work: WorkCompare
I1014 12:15:30.648264  5861 work_compare.cpp:71] Compare face: 2 failed
I1014 12:15:30.648413  5858 demo_inner.hpp:260]  gui queue size 1, state = running
I1014 12:15:30.659015  5857 demo_inner.hpp:177] decode queue size 0
I1014 12:15:30.659126  5860 work_thread.hpp:81]  [T-Work-Detect_0] Run work: WorkDetect
I1014 12:15:30.659162  5860 work_detect.cpp:102] Succeeded to add det start for frame 271
I1014 12:15:30.665699  5860 work_detect.cpp:70] Frame :271 detect result :1 face(s)
I1014 12:15:30.665742  5860 work_detect.cpp:86] Detected bbox: [136 x 172 from (270, 186)]
I1014 12:15:30.665784  5860 work_detect.cpp:120] Succeeded to add det end for frame 271
I1014 12:15:30.665875  5860 work_thread.hpp:81]  [T-Work-Detect_0] Run work: WrokTrack
I1014 12:15:30.665902  5860 work_track.cpp:82] Frame: 271 build input_characts: [0.2125 x 0.477778 from (0.421875, 0.516667)], 0.997488, 0
I1014 12:15:30.665958  5860 work_track.cpp:102] Succeeded to set track lock for frame 271
I1014 12:15:30.665998  5860 work_track.cpp:116] Succeeded to release track lock for frame 271
I1014 12:15:30.666013  5860 work_track.cpp:120] Track results of frame 271: 1 objects input, 1 objects tracked!
I1014 12:15:30.666031  5860 work_track.cpp:148] Frame: 271, track bbox: [136 x 172 from (271.617, 185.503)], gid: 2, lid: 0
I1014 12:15:30.666069  5860 work_thread.hpp:88]  [T-Work-Detect_0] Frame :271 split
I1014 12:15:30.666086  5860 work_thread.hpp:120]  [T-Work-Detect_0] Valid piece: gid = 2
I1014 12:15:30.666105  5860 work_thread.hpp:92]  [T-Work-Detect_0] Push to split queue:recog
I1014 12:15:30.666160  5862 work_thread.hpp:81]  [T-Work-Recog_1] Run work: WorkCapture
I1014 12:15:30.666453  5863 thread_intergrate.hpp:78] [T-Intergrate-intergrate] queue: frame output frame :271
I1014 12:15:30.666703  5862 work_thread.hpp:81]  [T-Work-Recog_1] Run work: WorkRecog
I1014 12:15:30.666726  5862 work_recog.hpp:89] Face id: 2 will run recog: bbox [136 x 172 from (270, 186)] quality: 0.384974
I1014 12:15:30.666754  5862 work_recog.hpp:96] Recog pair: [200 x 208 from (240, 152)], [136 x 172 from (30, 34)]
I1014 12:15:30.667582  5863 thread_intergrate.hpp:157] T-Intergrate-intergrate Show face :2, size :640 * 360
I1014 12:15:30.668123  5859 demo_inner.hpp:435] thread [SORT-0]  frame id 271 sorting queue size 0   FPS: 29.9162
I1014 12:15:30.684121  5862 work_thread.hpp:81]  [T-Work-Recog_1] Run work: WorkCompare
I1014 12:15:30.684247  5862 work_compare.cpp:71] Compare face: 2 failed
I1014 12:15:30.688467  5857 demo_inner.hpp:177] decode queue size 0
I1014 12:15:30.688562  5860 work_thread.hpp:81]  [T-Work-Detect_0] Run work: WorkDetect
I1014 12:15:30.688596  5860 work_detect.cpp:102] Succeeded to add det start for frame 272
I1014 12:15:30.695335  5860 work_detect.cpp:70] Frame :272 detect result :1 face(s)
I1014 12:15:30.695386  5860 work_detect.cpp:86] Detected bbox: [134 x 169 from (271, 188)]
I1014 12:15:30.695430  5860 work_detect.cpp:120] Succeeded to add det end for frame 272
I1014 12:15:30.695446  5860 work_thread.hpp:81]  [T-Work-Detect_0] Run work: WrokTrack
I1014 12:15:30.695472  5860 work_track.cpp:82] Frame: 272 build input_characts: [0.209375 x 0.469444 from (0.423438, 0.522222)], 0.997596, 0
I1014 12:15:30.695525  5860 work_track.cpp:102] Succeeded to set track lock for frame 272
I1014 12:15:30.695565  5860 work_track.cpp:116] Succeeded to release track lock for frame 272
I1014 12:15:30.695580  5860 work_track.cpp:120] Track results of frame 272: 1 objects input, 1 objects tracked!
I1014 12:15:30.695600  5860 work_track.cpp:148] Frame: 272, track bbox: [134 x 169 from (271.356, 187.637)], gid: 2, lid: 0
I1014 12:15:30.695636  5860 work_thread.hpp:88]  [T-Work-Detect_0] Frame :272 split
I1014 12:15:30.695653  5860 work_thread.hpp:120]  [T-Work-Detect_0] Valid piece: gid = 2
I1014 12:15:30.695672  5860 work_thread.hpp:92]  [T-Work-Detect_0] Push to split queue:recog
I1014 12:15:30.695719  5863 thread_intergrate.hpp:78] [T-Intergrate-intergrate] queue: frame output frame :272
I1014 12:15:30.695729  5861 work_thread.hpp:81]  [T-Work-Recog_0] Run work: WorkCapture
I1014 12:15:30.696354  5861 work_thread.hpp:81]  [T-Work-Recog_0] Run work: WorkRecog
