I1014 10:52:23.415944  4371 demo_inner.hpp:435] thread [SORT-0]  frame id 175 sorting queue size 1   FPS: 28.5581
I1014 10:52:23.442481  4369 demo_inner.hpp:177] decode queue size 0
I1014 10:52:23.442628  4372 work_thread.hpp:81]  [T-Work-Detect_0] Run work: WorkDetect
I1014 10:52:23.442665  4372 work_detect.cpp:102] Succeeded to add det start for frame 176
I1014 10:52:23.450397  4372 work_detect.cpp:70] Frame :176 detect result :1 face(s)
I1014 10:52:23.450476  4372 work_detect.cpp:86] Detected bbox: [196 x 238 from (249, 122)]
I1014 10:52:23.450523  4372 work_detect.cpp:120] Succeeded to add det end for frame 176
I1014 10:52:23.450539  4372 work_thread.hpp:81]  [T-Work-Detect_0] Run work: WrokTrack
I1014 10:52:23.450564  4370 demo_inner.hpp:260]  gui queue size 1, state = running
I1014 10:52:23.450573  4372 work_track.cpp:82] Frame: 176 build input_characts: [0.30625 x 0.661111 from (0.389062, 0.338889)], 1.00035, 0
I1014 10:52:23.450791  4372 work_track.cpp:102] Succeeded to set track lock for frame 176
I1014 10:52:23.450841  4372 work_track.cpp:116] Succeeded to release track lock for frame 176
I1014 10:52:23.450856  4372 work_track.cpp:120] Track results of frame 176: 1 objects input, 0 objects tracked!
I1014 10:52:23.450875  4372 work_track.cpp:162] Frame: 176 lid: 0 not tracked, will set invalid
I1014 10:52:23.450891  4372 work_thread.hpp:88]  [T-Work-Detect_0] Frame :176 split
I1014 10:52:23.450909  4372 work_thread.hpp:124]  [T-Work-Detect_0] Invalid piece: lid = 0, drop it
I1014 10:52:23.450989  4375 thread_intergrate.hpp:78] [T-Intergrate-intergrate] queue: frame output frame :176
I1014 10:52:23.452095  4375 thread_intergrate.hpp:157] T-Intergrate-intergrate Show face :0, size :640 * 360
I1014 10:52:23.452731  4371 demo_inner.hpp:435] thread [SORT-0]  frame id 176 sorting queue size 0   FPS: 28.5447
I1014 10:52:23.472084  4369 demo_inner.hpp:177] decode queue size 0
I1014 10:52:23.472226  4372 work_thread.hpp:81]  [T-Work-Detect_0] Run work: WorkDetect
I1014 10:52:23.472265  4372 work_detect.cpp:102] Succeeded to add det start for frame 177
I1014 10:52:23.479949  4372 work_detect.cpp:70] Frame :177 detect result :1 face(s)
W1014 10:52:23.480062  4372 work_detect.cpp:83] Invalid bbox: [177 x 210 from (272, 157)]
I1014 10:52:23.480288  4372 work_detect.cpp:120] Succeeded to add det end for frame 177
I1014 10:52:23.480306  4372 work_thread.hpp:81]  [T-Work-Detect_0] Run work: WrokTrack
I1014 10:52:23.480360  4372 work_track.cpp:102] Succeeded to set track lock for frame 177
I1014 10:52:23.480393  4372 work_track.cpp:116] Succeeded to release track lock for frame 177
I1014 10:52:23.480408  4372 work_track.cpp:120] Track results of frame 177: 0 objects input, 0 objects tracked!
I1014 10:52:23.480427  4372 work_thread.hpp:88]  [T-Work-Detect_0] Frame :177 split
I1014 10:52:23.480484  4375 thread_intergrate.hpp:78] [T-Intergrate-intergrate] queue: frame output frame :177
I1014 10:52:23.481576  4375 thread_intergrate.hpp:157] T-Intergrate-intergrate Show face :0, size :640 * 360
I1014 10:52:23.482151  4371 demo_inner.hpp:435] thread [SORT-0]  frame id 177 sorting queue size 1   FPS: 28.5581
I1014 10:52:23.508538  4369 demo_inner.hpp:177] decode queue size 0
I1014 10:52:23.508659  4372 work_thread.hpp:81]  [T-Work-Detect_0] Run work: WorkDetect
I1014 10:52:23.508697  4372 work_detect.cpp:102] Succeeded to add det start for frame 178
I1014 10:52:23.516324  4372 work_detect.cpp:70] Frame :178 detect result :1 face(s)
W1014 10:52:23.516373  4372 work_detect.cpp:83] Invalid bbox: [192 x 231 from (252, 146)]
I1014 10:52:23.516510  4372 work_detect.cpp:120] Succeeded to add det end for frame 178
I1014 10:52:23.516544  4372 work_thread.hpp:81]  [T-Work-Detect_0] Run work: WrokTrack
I1014 10:52:23.516573  4372 work_track.cpp:102] Succeeded to set track lock for frame 178
I1014 10:52:23.516719  4372 work_track.cpp:116] Succeeded to release track lock for frame 178
I1014 10:52:23.516736  4372 work_track.cpp:120] Track results of frame 178: 0 objects input, 0 objects tracked!
I1014 10:52:23.516777  4372 work_thread.hpp:88]  [T-Work-Detect_0] Frame :178 split
I1014 10:52:23.516824  4375 thread_intergrate.hpp:78] [T-Intergrate-intergrate] queue: frame output frame :178
I1014 10:52:23.517918  4375 thread_intergrate.hpp:157] T-Intergrate-intergrate Show face :0, size :640 * 360
I1014 10:52:23.518491  4371 demo_inner.hpp:435] thread [SORT-0]  frame id 178 sorting queue size 2   FPS: 28.5581
I1014 10:52:23.533886  4370 demo_inner.hpp:260]  gui queue size 2, state = running
I1014 10:52:23.544209  4369 demo_inner.hpp:177] decode queue size 0
I1014 10:52:23.544342  4372 work_thread.hpp:81]  [T-Work-Detect_0] Run work: WorkDetect
I1014 10:52:23.544379  4372 work_detect.cpp:102] Succeeded to add det start for frame 179
I1014 10:52:23.552049  4372 work_detect.cpp:70] Frame :179 detect result :1 face(s)
W1014 10:52:23.552114  4372 work_detect.cpp:83] Invalid bbox: [173 x 207 from (274, 159)]
I1014 10:52:23.552317  4372 work_detect.cpp:120] Succeeded to add det end for frame 179
I1014 10:52:23.552336  4372 work_thread.hpp:81]  [T-Work-Detect_0] Run work: WrokTrack
I1014 10:52:23.552363  4372 work_track.cpp:102] Succeeded to set track lock for frame 179
I1014 10:52:23.552390  4372 work_track.cpp:116] Succeeded to release track lock for frame 179
I1014 10:52:23.552404  4372 work_track.cpp:120] Track results of frame 179: 0 objects input, 0 objects tracked!
I1014 10:52:23.552423  4372 work_thread.hpp:88]  [T-Work-Detect_0] Frame :179 split
I1014 10:52:23.552491  4375 thread_intergrate.hpp:78] [T-Intergrate-intergrate] queue: frame output frame :179
I1014 10:52:23.553580  4375 thread_intergrate.hpp:157] T-Intergrate-intergrate Show face :0, size :640 * 360
I1014 10:52:23.554129  4371 demo_inner.hpp:435] thread [SORT-0]  frame id 179 sorting queue size 0   FPS: 28.4914
I1014 10:52:23.574095  4369 demo_inner.hpp:177] decode queue size 0
I1014 10:52:23.574203  4372 work_thread.hpp:81]  [T-Work-Detect_0] Run work: WorkDetect
I1014 10:52:23.574271  4372 work_detect.cpp:102] Succeeded to add det start for frame 180
I1014 10:52:23.582078  4372 work_detect.cpp:70] Frame :180 detect result :1 face(s)
I1014 10:52:23.582144  4372 work_detect.cpp:86] Detected bbox: [194 x 237 from (250, 122)]
I1014 10:52:23.582188  4372 work_detect.cpp:120] Succeeded to add det end for frame 180
I1014 10:52:23.582212  4372 work_thread.hpp:81]  [T-Work-Detect_0] Run work: WrokTrack
I1014 10:52:23.582237  4372 work_track.cpp:82] Frame: 180 build input_characts: [0.303125 x 0.658333 from (0.390625, 0.338889)], 1.00035, 0
I1014 10:52:23.582293  4372 work_track.cpp:102] Succeeded to set track lock for frame 180
I1014 10:52:23.582335  4372 work_track.cpp:116] Succeeded to release track lock for frame 180
I1014 10:52:23.582366  4372 work_track.cpp:120] Track results of frame 180: 1 objects input, 0 objects tracked!
I1014 10:52:23.582386  4372 work_track.cpp:162] Frame: 180 lid: 0 not tracked, will set invalid
I1014 10:52:23.582401  4372 work_thread.hpp:88]  [T-Work-Detect_0] Frame :180 split
I1014 10:52:23.582417  4372 work_thread.hpp:124]  [T-Work-Detect_0] Invalid piece: lid = 0, drop it
I1014 10:52:23.582463  4375 thread_intergrate.hpp:78] [T-Intergrate-intergrate] queue: frame output frame :180
I1014 10:52:23.583554  4375 thread_intergrate.hpp:157] T-Intergrate-intergrate Show face :0, size :640 * 360
I1014 10:52:23.584116  4371 demo_inner.hpp:435] thread [SORT-0]  frame id 180 sorting queue size 1   FPS: 28.5581
I1014 10:52:23.610160  4369 demo_inner.hpp:177] decode queue size 0
I1014 10:52:23.610287  4372 work_thread.hpp:81]  [T-Work-Detect_0] Run work: WorkDetect
I1014 10:52:23.610324  4372 work_detect.cpp:102] Succeeded to add det start for frame 181
I1014 10:52:23.617928  4372 work_detect.cpp:70] Frame :181 detect result :1 face(s)
W1014 10:52:23.618036  4372 work_detect.cpp:83] Invalid bbox: [180 x 214 from (267, 153)]
I1014 10:52:23.618156  4372 work_detect.cpp:120] Succeeded to add det end for frame 181
I1014 10:52:23.618175  4372 work_thread.hpp:81]  [T-Work-Detect_0] Run work: WrokTrack
I1014 10:52:23.618203  4372 work_track.cpp:102] Succeeded to set track lock for frame 181
I1014 10:52:23.618234  4372 work_track.cpp:116] Succeeded to release track lock for frame 181
I1014 10:52:23.618248  4372 work_track.cpp:120] Track results of frame 181: 0 objects input, 0 objects tracked!
I1014 10:52:23.618274  4372 work_thread.hpp:88]  [T-Work-Detect_0] Frame :181 split
I1014 10:52:23.618319  4375 thread_intergrate.hpp:78] [T-Intergrate-intergrate] queue: frame output frame :181
I1014 10:52:23.619410  4375 thread_intergrate.hpp:157] T-Intergrate-intergrate Show face :0, size :640 * 360
I1014 10:52:23.619946  4371 demo_inner.hpp:435] thread [SORT-0]  frame id 181 sorting queue size 2   FPS: 28.4648
I1014 10:52:23.634304  4370 demo_inner.hpp:260]  gui queue size 2, state = running
I1014 10:52:23.640350  4369 demo_inner.hpp:177] decode queue size 0
I1014 10:52:23.640480  4372 work_thread.hpp:81]  [T-Work-Detect_0] Run work: WorkDetect
I1014 10:52:23.640517  4372 work_detect.cpp:102] Succeeded to add det start for frame 182
I1014 10:52:23.648262  4372 work_detect.cpp:70] Frame :182 detect result :1 face(s)
W1014 10:52:23.648339  4372 work_detect.cpp:83] Invalid bbox: [197 x 241 from (248, 120)]
I1014 10:52:23.648443  4372 work_detect.cpp:120] Succeeded to add det end for frame 182
I1014 10:52:23.648461  4372 work_thread.hpp:81]  [T-Work-Detect_0] Run work: WrokTrack
I1014 10:52:23.648489  4372 work_track.cpp:102] Succeeded to set track lock for frame 182
I1014 10:52:23.648545  4372 work_track.cpp:116] Succeeded to release track lock for frame 182
I1014 10:52:23.648561  4372 work_track.cpp:120] Track results of frame 182: 0 objects input, 0 objects tracked!
I1014 10:52:23.648581  4372 work_thread.hpp:88]  [T-Work-Detect_0] Frame :182 split
I1014 10:52:23.648736  4375 thread_intergrate.hpp:78] [T-Intergrate-intergrate] queue: frame output frame :182
I1014 10:52:23.649829  4375 thread_intergrate.hpp:157] T-Intergrate-intergrate Show face :0, size :640 * 360
I1014 10:52:23.650398  4371 demo_inner.hpp:435] thread [SORT-0]  frame id 182 sorting queue size 0   FPS: 28.5447
I1014 10:52:23.676092  4369 demo_inner.hpp:177] decode queue size 0
I1014 10:52:23.676242  4372 work_thread.hpp:81]  [T-Work-Detect_0] Run work: WorkDetect
I1014 10:52:23.676280  4372 work_detect.cpp:102] Succeeded to add det start for frame 183
I1014 10:52:23.683751  4372 work_detect.cpp:70] Frame :183 detect result :1 face(s)
W1014 10:52:23.683799  4372 work_detect.cpp:83] Invalid bbox: [198 x 243 from (248, 122)]
I1014 10:52:23.683923  4372 work_detect.cpp:120] Succeeded to add det end for frame 183
I1014 10:52:23.683941  4372 work_thread.hpp:81]  [T-Work-Detect_0] Run work: WrokTrack
I1014 10:52:23.684041  4372 work_track.cpp:102] Succeeded to set track lock for frame 183
I1014 10:52:23.684069  4372 work_track.cpp:116] Succeeded to release track lock for frame 183
I1014 10:52:23.684092  4372 work_track.cpp:120] Track results of frame 183: 0 objects input, 0 objects tracked!
I1014 10:52:23.684110  4372 work_thread.hpp:88]  [T-Work-Detect_0] Frame :183 split
I1014 10:52:23.684154  4375 thread_intergrate.hpp:78] [T-Intergrate-intergrate] queue: frame output frame :183
I1014 10:52:23.685266  4375 thread_intergrate.hpp:157] T-Intergrate-intergrate Show face :0, size :640 * 360
I1014 10:52:23.685838  4371 demo_inner.hpp:435] thread [SORT-0]  frame id 183 sorting queue size 1   FPS: 28.5447
I1014 10:52:23.701546  4370 demo_inner.hpp:260]  gui queue size 1, state = running
I1014 10:52:23.706192  4369 demo_inner.hpp:177] decode queue size 0
I1014 10:52:23.706295  4372 work_thread.hpp:81]  [T-Work-Detect_0] Run work: WorkDetect
I1014 10:52:23.706331  4372 work_detect.cpp:102] Succeeded to add det start for frame 184
I1014 10:52:23.714162  4372 work_detect.cpp:70] Frame :184 detect result :1 face(s)
W1014 10:52:23.714216  4372 work_detect.cpp:83] Invalid bbox: [184 x 220 from (267, 151)]
I1014 10:52:23.714336  4372 work_detect.cpp:120] Succeeded to add det end for frame 184
I1014 10:52:23.714361  4372 work_thread.hpp:81]  [T-Work-Detect_0] Run work: WrokTrack
I1014 10:52:23.714390  4372 work_track.cpp:102] Succeeded to set track lock for frame 184
I1014 10:52:23.714417  4372 work_track.cpp:116] Succeeded to release track lock for frame 184
I1014 10:52:23.714432  4372 work_track.cpp:120] Track results of frame 184: 0 objects input, 0 objects tracked!
I1014 10:52:23.714450  4372 work_thread.hpp:88]  [T-Work-Detect_0] Frame :184 split
I1014 10:52:23.714571  4375 thread_intergrate.hpp:78] [T-Intergrate-intergrate] queue: frame output frame :184
I1014 10:52:23.715663  4375 thread_intergrate.hpp:157] T-Intergrate-intergrate Show face :0, size :640 * 360
I1014 10:52:23.716245  4371 demo_inner.hpp:435] thread [SORT-0]  frame id 184 sorting queue size 0   FPS: 28.5447
I1014 10:52:23.742048  4369 demo_inner.hpp:177] decode queue size 0
I1014 10:52:23.742162  4372 work_thread.hpp:81]  [T-Work-Detect_0] Run work: WorkDetect
I1014 10:52:23.742219  4372 work_detect.cpp:102] Succeeded to add det start for frame 185
I1014 10:52:23.749807  4372 work_detect.cpp:70] Frame :185 detect result :1 face(s)
W1014 10:52:23.749867  4372 work_detect.cpp:83] Invalid bbox: [182 x 215 from (265, 152)]
I1014 10:52:23.750020  4372 work_detect.cpp:120] Succeeded to add det end for frame 185
I1014 10:52:23.750046  4372 work_thread.hpp:81]  [T-Work-Detect_0] Run work: WrokTrack
I1014 10:52:23.750094  4372 work_track.cpp:102] Succeeded to set track lock for frame 185
I1014 10:52:23.750123  4372 work_track.cpp:116] Succeeded to release track lock for frame 185
I1014 10:52:23.750136  4372 work_track.cpp:120] Track results of frame 185: 0 objects input, 0 objects tracked!
I1014 10:52:23.750161  4372 work_thread.hpp:88]  [T-Work-Detect_0] Frame :185 split
I1014 10:52:23.750207  4375 thread_intergrate.hpp:78] [T-Intergrate-intergrate] queue: frame output frame :185
I1014 10:52:23.751297  4375 thread_intergrate.hpp:157] T-Intergrate-intergrate Show face :0, size :640 * 360
I1014 10:52:23.751868  4371 demo_inner.hpp:435] thread [SORT-0]  frame id 185 sorting queue size 1   FPS: 28.5447
I1014 10:52:23.768617  4370 demo_inner.hpp:260]  gui queue size 1, state = running
I1014 10:52:23.778210  4369 demo_inner.hpp:177] decode queue size 0
I1014 10:52:23.778322  4372 work_thread.hpp:81]  [T-Work-Detect_0] Run work: WorkDetect
I1014 10:52:23.778403  4372 work_detect.cpp:102] Succeeded to add det start for frame 186
I1014 10:52:23.786123  4372 work_detect.cpp:70] Frame :186 detect result :1 face(s)
W1014 10:52:23.786173  4372 work_detect.cpp:83] Invalid bbox: [201 x 247 from (245, 116)]
I1014 10:52:23.786299  4372 work_detect.cpp:120] Succeeded to add det end for frame 186
I1014 10:52:23.786317  4372 work_thread.hpp:81]  [T-Work-Detect_0] Run work: WrokTrack
I1014 10:52:23.786423  4372 work_track.cpp:102] Succeeded to set track lock for frame 186
I1014 10:52:23.786459  4372 work_track.cpp:116] Succeeded to release track lock for frame 186
I1014 10:52:23.786474  4372 work_track.cpp:120] Track results of frame 186: 0 objects input, 0 objects tracked!
I1014 10:52:23.786494  4372 work_thread.hpp:88]  [T-Work-Detect_0] Frame :186 split
I1014 10:52:23.786540  4375 thread_intergrate.hpp:78] [T-Intergrate-intergrate] queue: frame output frame :186
I1014 10:52:23.787631  4375 thread_intergrate.hpp:157] T-Intergrate-intergrate Show face :0, size :640 * 360
I1014 10:52:23.788189  4371 demo_inner.hpp:435] thread [SORT-0]  frame id 186 sorting queue size 0   FPS: 28.4648
I1014 10:52:23.808073  4369 demo_inner.hpp:177] decode queue size 0
I1014 10:52:23.808197  4372 work_thread.hpp:81]  [T-Work-Detect_0] Run work: WorkDetect
I1014 10:52:23.808241  4372 work_detect.cpp:102] Succeeded to add det start for frame 187
I1014 10:52:23.815692  4372 work_detect.cpp:70] Frame :187 detect result :1 face(s)
W1014 10:52:23.815749  4372 work_detect.cpp:83] Invalid bbox: [193 x 241 from (249, 120)]
I1014 10:52:23.815870  4372 work_detect.cpp:120] Succeeded to add det end for frame 187
I1014 10:52:23.815887  4372 work_thread.hpp:81]  [T-Work-Detect_0] Run work: WrokTrack
I1014 10:52:23.815917  4372 work_track.cpp:102] Succeeded to set track lock for frame 187
I1014 10:52:23.815943  4372 work_track.cpp:116] Succeeded to release track lock for frame 187
I1014 10:52:23.816023  4372 work_track.cpp:120] Track results of frame 187: 0 objects input, 0 objects tracked!
I1014 10:52:23.816045  4372 work_thread.hpp:88]  [T-Work-Detect_0] Frame :187 split
I1014 10:52:23.816099  4375 thread_intergrate.hpp:78] [T-Intergrate-intergrate] queue: frame output frame :187
I1014 10:52:23.817193  4375 thread_intergrate.hpp:157] T-Intergrate-intergrate Show face :0, size :640 * 360
I1014 10:52:23.817759  4371 demo_inner.hpp:435] thread [SORT-0]  frame id 187 sorting queue size 1   FPS: 28.5581
I1014 10:52:23.840886  4370 demo_inner.hpp:260]  gui queue size 1, state = running
I1014 10:52:23.844231  4369 demo_inner.hpp:177] decode queue size 0
I1014 10:52:23.844357  4372 work_thread.hpp:81]  [T-Work-Detect_0] Run work: WorkDetect
I1014 10:52:23.844393  4372 work_detect.cpp:102] Succeeded to add det start for frame 188
I1014 10:52:23.852223  4372 work_detect.cpp:70] Frame :188 detect result :1 face(s)
W1014 10:52:23.852270  4372 work_detect.cpp:83] Invalid bbox: [199 x 244 from (246, 119)]
I1014 10:52:23.852391  4372 work_detect.cpp:120] Succeeded to add det end for frame 188
I1014 10:52:23.852416  4372 work_thread.hpp:81]  [T-Work-Detect_0] Run work: WrokTrack
I1014 10:52:23.852445  4372 work_track.cpp:102] Succeeded to set track lock for frame 188
I1014 10:52:23.852473  4372 work_track.cpp:116] Succeeded to release track lock for frame 188
I1014 10:52:23.852486  4372 work_track.cpp:120] Track results of frame 188: 0 objects input, 0 objects tracked!
I1014 10:52:23.852505  4372 work_thread.hpp:88]  [T-Work-Detect_0] Frame :188 split
I1014 10:52:23.852557  4375 thread_intergrate.hpp:78] [T-Intergrate-intergrate] queue: frame output frame :188
I1014 10:52:23.853648  4375 thread_intergrate.hpp:157] T-Intergrate-intergrate Show face :0, size :640 * 360
I1014 10:52:23.854183  4371 demo_inner.hpp:435] thread [SORT-0]  frame id 188 sorting queue size 0   FPS: 28.4648
I1014 10:52:23.875272  4369 demo_inner.hpp:177] decode queue size 0
I1014 10:52:23.875375  4372 work_thread.hpp:81]  [T-Work-Detect_0] Run work: WorkDetect
I1014 10:52:23.875512  4372 work_detect.cpp:102] Succeeded to add det start for frame 189
I1014 10:52:23.883136  4372 work_detect.cpp:70] Frame :189 detect result :1 face(s)
I1014 10:52:23.883203  4372 work_detect.cpp:86] Detected bbox: [190 x 231 from (260, 126)]
I1014 10:52:23.883247  4372 work_detect.cpp:120] Succeeded to add det end for frame 189
I1014 10:52:23.883265  4372 work_thread.hpp:81]  [T-Work-Detect_0] Run work: WrokTrack
I1014 10:52:23.883296  4372 work_track.cpp:82] Frame: 189 build input_characts: [0.296875 x 0.641667 from (0.40625, 0.35)], 1.00019, 0
I1014 10:52:23.883352  4372 work_track.cpp:102] Succeeded to set track lock for frame 189
I1014 10:52:23.883388  4372 work_track.cpp:116] Succeeded to release track lock for frame 189
I1014 10:52:23.883401  4372 work_track.cpp:120] Track results of frame 189: 1 objects input, 0 objects tracked!
I1014 10:52:23.883450  4372 work_track.cpp:162] Frame: 189 lid: 0 not tracked, will set invalid
I1014 10:52:23.883468  4372 work_thread.hpp:88]  [T-Work-Detect_0] Frame :189 split
I1014 10:52:23.883486  4372 work_thread.hpp:124]  [T-Work-Detect_0] Invalid piece: lid = 0, drop it
I1014 10:52:23.883532  4375 thread_intergrate.hpp:78] [T-Intergrate-intergrate] queue: frame output frame :189
I1014 10:52:23.884624  4375 thread_intergrate.hpp:157] T-Intergrate-intergrate Show face :0, size :640 * 360
I1014 10:52:23.885169  4371 demo_inner.hpp:435] thread [SORT-0]  frame id 189 sorting queue size 1   FPS: 28.5313
I1014 10:52:23.910501  4369 demo_inner.hpp:177] decode queue size 0
I1014 10:52:23.910615  4372 work_thread.hpp:81]  [T-Work-Detect_0] Run work: WorkDetect
I1014 10:52:23.910670  4372 work_detect.cpp:102] Succeeded to add det start for frame 190
I1014 10:52:23.918490  4372 work_detect.cpp:70] Frame :190 detect result :1 face(s)
W1014 10:52:23.918537  4372 work_detect.cpp:83] Invalid bbox: [187 x 238 from (252, 124)]
I1014 10:52:23.918776  4372 work_detect.cpp:120] Succeeded to add det end for frame 190
I1014 10:52:23.918797  4372 work_thread.hpp:81]  [T-Work-Detect_0] Run work: WrokTrack
I1014 10:52:23.918828  4372 work_track.cpp:102] Succeeded to set track lock for frame 190
I1014 10:52:23.918884  4372 work_track.cpp:116] Succeeded to release track lock for frame 190
I1014 10:52:23.918900  4372 work_track.cpp:120] Track results of frame 190: 0 objects input, 0 objects tracked!
I1014 10:52:23.918918  4372 work_thread.hpp:88]  [T-Work-Detect_0] Frame :190 split
I1014 10:52:23.918965  4375 thread_intergrate.hpp:78] [T-Intergrate-intergrate] queue: frame output frame :190
I1014 10:52:23.920055  4375 thread_intergrate.hpp:157] T-Intergrate-intergrate Show face :0, size :640 * 360
I1014 10:52:23.920641  4371 demo_inner.hpp:435] thread [SORT-0]  frame id 190 sorting queue size 2   FPS: 28.5447
I1014 10:52:23.935767  4370 demo_inner.hpp:260]  gui queue size 2, state = running
I1014 10:52:23.940732  4369 demo_inner.hpp:177] decode queue size 0
I1014 10:52:23.940831  4372 work_thread.hpp:81]  [T-Work-Detect_0] Run work: WorkDetect
I1014 10:52:23.940877  4372 work_detect.cpp:102] Succeeded to add det start for frame 191
I1014 10:52:23.948541  4372 work_detect.cpp:70] Frame :191 detect result :1 face(s)
W1014 10:52:23.948705  4372 work_detect.cpp:83] Invalid bbox: [190 x 238 from (257, 123)]
I1014 10:52:23.948813  4372 work_detect.cpp:120] Succeeded to add det end for frame 191
I1014 10:52:23.948832  4372 work_thread.hpp:81]  [T-Work-Detect_0] Run work: WrokTrack
I1014 10:52:23.948859  4372 work_track.cpp:102] Succeeded to set track lock for frame 191
I1014 10:52:23.948918  4372 work_track.cpp:116] Succeeded to release track lock for frame 191
I1014 10:52:23.948933  4372 work_track.cpp:120] Track results of frame 191: 0 objects input, 0 objects tracked!
I1014 10:52:23.948952  4372 work_thread.hpp:88]  [T-Work-Detect_0] Frame :191 split
I1014 10:52:23.949007  4375 thread_intergrate.hpp:78] [T-Intergrate-intergrate] queue: frame output frame :191
I1014 10:52:23.950093  4375 thread_intergrate.hpp:157] T-Intergrate-intergrate Show face :0, size :640 * 360
I1014 10:52:23.950657  4371 demo_inner.hpp:435] thread [SORT-0]  frame id 191 sorting queue size 0   FPS: 28.5714
I1014 10:52:23.976063  4369 demo_inner.hpp:177] decode queue size 0
I1014 10:52:23.976203  4372 work_thread.hpp:81]  [T-Work-Detect_0] Run work: WorkDetect
I1014 10:52:23.976240  4372 work_detect.cpp:102] Succeeded to add det start for frame 192
I1014 10:52:23.983821  4372 work_detect.cpp:70] Frame :192 detect result :1 face(s)
I1014 10:52:23.983865  4372 work_detect.cpp:86] Detected bbox: [188 x 236 from (258, 124)]
I1014 10:52:23.983907  4372 work_detect.cpp:120] Succeeded to add det end for frame 192
I1014 10:52:23.983923  4372 work_thread.hpp:81]  [T-Work-Detect_0] Run work: WrokTrack
I1014 10:52:23.984030  4372 work_track.cpp:82] Frame: 192 build input_characts: [0.29375 x 0.655556 from (0.403125, 0.344444)], 1.00035, 0
I1014 10:52:23.984181  4372 work_track.cpp:102] Succeeded to set track lock for frame 192
I1014 10:52:23.984237  4372 work_track.cpp:116] Succeeded to release track lock for frame 192
I1014 10:52:23.984253  4372 work_track.cpp:120] Track results of frame 192: 1 objects input, 0 objects tracked!
I1014 10:52:23.984272  4372 work_track.cpp:162] Frame: 192 lid: 0 not tracked, will set invalid
I1014 10:52:23.984287  4372 work_thread.hpp:88]  [T-Work-Detect_0] Frame :192 split
I1014 10:52:23.984311  4372 work_thread.hpp:124]  [T-Work-Detect_0] Invalid piece: lid = 0, drop it
I1014 10:52:23.984354  4375 thread_intergrate.hpp:78] [T-Intergrate-intergrate] queue: frame output frame :192
I1014 10:52:23.985441  4375 thread_intergrate.hpp:157] T-Intergrate-intergrate Show face :0, size :640 * 360
I1014 10:52:23.985944  4371 demo_inner.hpp:435] thread [SORT-0]  frame id 192 sorting queue size 1   FPS: 28.5714
I1014 10:52:24.006141  4369 demo_inner.hpp:177] decode queue size 0
I1014 10:52:24.006335  4372 work_thread.hpp:81]  [T-Work-Detect_0] Run work: WorkDetect
I1014 10:52:24.006373  4372 work_detect.cpp:102] Succeeded to add det start for frame 193
I1014 10:52:24.008623  4370 demo_inner.hpp:260]  gui queue size 1, state = running
I1014 10:52:24.014235  4372 work_detect.cpp:70] Frame :193 detect result :1 face(s)
I1014 10:52:24.014305  4372 work_detect.cpp:86] Detected bbox: [178 x 231 from (254, 126)]
I1014 10:52:24.014358  4372 work_detect.cpp:120] Succeeded to add det end for frame 193
I1014 10:52:24.014374  4372 work_thread.hpp:81]  [T-Work-Detect_0] Run work: WrokTrack
I1014 10:52:24.014400  4372 work_track.cpp:82] Frame: 193 build input_characts: [0.278125 x 0.641667 from (0.396875, 0.35)], 1.00035, 0
I1014 10:52:24.014467  4372 work_track.cpp:102] Succeeded to set track lock for frame 193
I1014 10:52:24.014524  4372 work_track.cpp:116] Succeeded to release track lock for frame 193
I1014 10:52:24.014540  4372 work_track.cpp:120] Track results of frame 193: 1 objects input, 0 objects tracked!
I1014 10:52:24.014559  4372 work_track.cpp:162] Frame: 193 lid: 0 not tracked, will set invalid
I1014 10:52:24.014694  4372 work_thread.hpp:88]  [T-Work-Detect_0] Frame :193 split
I1014 10:52:24.014714  4372 work_thread.hpp:124]  [T-Work-Detect_0] Invalid piece: lid = 0, drop it
I1014 10:52:24.014782  4375 thread_intergrate.hpp:78] [T-Intergrate-intergrate] queue: frame output frame :193
I1014 10:52:24.015874  4375 thread_intergrate.hpp:157] T-Intergrate-intergrate Show face :0, size :640 * 360
I1014 10:52:24.016414  4371 demo_inner.hpp:435] thread [SORT-0]  frame id 193 sorting queue size 0   FPS: 28.5714
I1014 10:52:24.042186  4369 demo_inner.hpp:177] decode queue size 0
I1014 10:52:24.042307  4372 work_thread.hpp:81]  [T-Work-Detect_0] Run work: WorkDetect
I1014 10:52:24.042345  4372 work_detect.cpp:102] Succeeded to add det start for frame 194
I1014 10:52:24.050070  4372 work_detect.cpp:70] Frame :194 detect result :1 face(s)
I1014 10:52:24.050112  4372 work_detect.cpp:86] Detected bbox: [181 x 235 from (251, 119)]
I1014 10:52:24.050163  4372 work_detect.cpp:120] Succeeded to add det end for frame 194
I1014 10:52:24.050196  4372 work_thread.hpp:81]  [T-Work-Detect_0] Run work: WrokTrack
I1014 10:52:24.050302  4372 work_track.cpp:82] Frame: 194 build input_characts: [0.282813 x 0.652778 from (0.392188, 0.330556)], 1.00019, 0
I1014 10:52:24.050359  4372 work_track.cpp:102] Succeeded to set track lock for frame 194
I1014 10:52:24.050416  4372 work_track.cpp:116] Succeeded to release track lock for frame 194
I1014 10:52:24.050448  4372 work_track.cpp:120] Track results of frame 194: 1 objects input, 1 objects tracked!
I1014 10:52:24.050467  4372 work_track.cpp:148] Frame: 194, track bbox: [181 x 235 from (249.718, 119.745)], gid: 2, lid: 0
I1014 10:52:24.050580  4372 work_thread.hpp:88]  [T-Work-Detect_0] Frame :194 split
I1014 10:52:24.050719  4372 work_thread.hpp:120]  [T-Work-Detect_0] Valid piece: gid = 2
I1014 10:52:24.050745  4372 work_thread.hpp:92]  [T-Work-Detect_0] Push to split queue:recog
I1014 10:52:24.050791  4375 thread_intergrate.hpp:78] [T-Intergrate-intergrate] queue: frame output frame :194
I1014 10:52:24.050846  4374 work_thread.hpp:81]  [T-Work-Recog_1] Run work: WorkCapture
I1014 10:52:24.051393  4374 work_thread.hpp:81]  [T-Work-Recog_1] Run work: WorkRecog
I1014 10:52:24.051416  4374 work_recog.hpp:89] Face id: 2 will run recog: bbox [181 x 235 from (251, 119)] quality: 0.46848
I1014 10:52:24.051445  4374 work_recog.hpp:96] Recog pair: [264 x 288 from (208, 72)], [181 x 235 from (43, 47)]
I1014 10:52:24.051921  4375 thread_intergrate.hpp:157] T-Intergrate-intergrate Show face :0, size :640 * 360
I1014 10:52:24.052497  4371 demo_inner.hpp:435] thread [SORT-0]  frame id 194 sorting queue size 1   FPS: 28.5581
I1014 10:52:24.069525  4374 work_thread.hpp:81]  [T-Work-Recog_1] Run work: WorkCompare
I1014 10:52:24.069631  4374 work_compare.cpp:76] Compare face: 2 successed, similarity :0.948019, name : images/thanglmb.jpg, normal size : 640 * 360!
I1014 10:52:24.078266  4369 demo_inner.hpp:177] decode queue size 0
I1014 10:52:24.078387  4372 work_thread.hpp:81]  [T-Work-Detect_0] Run work: WorkDetect
I1014 10:52:24.078431  4372 work_detect.cpp:102] Succeeded to add det start for frame 195
I1014 10:52:24.086107  4372 work_detect.cpp:70] Frame :195 detect result :1 face(s)
I1014 10:52:24.086158  4372 work_detect.cpp:86] Detected bbox: [174 x 228 from (253, 126)]
I1014 10:52:24.086208  4372 work_detect.cpp:120] Succeeded to add det end for frame 195
I1014 10:52:24.086244  4372 work_thread.hpp:81]  [T-Work-Detect_0] Run work: WrokTrack
I1014 10:52:24.086272  4372 work_track.cpp:82] Frame: 195 build input_characts: [0.271875 x 0.633333 from (0.395312, 0.35)], 1.00019, 0
I1014 10:52:24.086334  4372 work_track.cpp:102] Succeeded to set track lock for frame 195
I1014 10:52:24.086374  4372 work_track.cpp:116] Succeeded to release track lock for frame 195
I1014 10:52:24.086388  4372 work_track.cpp:120] Track results of frame 195: 1 objects input, 1 objects tracked!
I1014 10:52:24.086407  4372 work_track.cpp:148] Frame: 195, track bbox: [174 x 228 from (251.508, 124.355)], gid: 2, lid: 0
I1014 10:52:24.086452  4372 work_thread.hpp:88]  [T-Work-Detect_0] Frame :195 split
I1014 10:52:24.086485  4372 work_thread.hpp:120]  [T-Work-Detect_0] Valid piece: gid = 2
I1014 10:52:24.086505  4372 work_thread.hpp:92]  [T-Work-Detect_0] Push to split queue:recog
I1014 10:52:24.086549  4375 thread_intergrate.hpp:78] [T-Intergrate-intergrate] queue: frame output frame :195
I1014 10:52:24.086550  4374 work_thread.hpp:81]  [T-Work-Recog_1] Run work: WorkCapture
I1014 10:52:24.086580  4375 thread_intergrate.hpp:85] [T-Intergrate-intergrate] queue: compare output face:2
I1014 10:52:24.086598  4375 thread_intergrate.hpp:137] T-Intergrate-intergrate set matched face: 2
I1014 10:52:24.087298  4374 work_thread.hpp:81]  [T-Work-Recog_1] Run work: WorkRecog
I1014 10:52:24.087324  4374 work_recog.hpp:89] Face id: 2 will run recog: bbox [174 x 228 from (253, 126)] quality: 0.473776
I1014 10:52:24.087353  4374 work_recog.hpp:96] Recog pair: [248 x 280 from (216, 80)], [174 x 228 from (37, 46)]
I1014 10:52:24.087775  4375 thread_intergrate.hpp:157] T-Intergrate-intergrate Show face :2, size :640 * 360
I1014 10:52:24.088398  4371 demo_inner.hpp:435] thread [SORT-0]  frame id 195 sorting queue size 2   FPS: 28.5047
I1014 10:52:24.092331  4370 demo_inner.hpp:260]  gui queue size 2, state = running
I1014 10:52:24.104977  4374 work_thread.hpp:81]  [T-Work-Recog_1] Run work: WorkCompare
I1014 10:52:24.105088  4374 work_compare.cpp:76] Compare face: 2 successed, similarity :0.976069, name : images/thanglmb.jpg, normal size : 640 * 360!
I1014 10:52:24.108280  4369 demo_inner.hpp:177] decode queue size 0
I1014 10:52:24.108366  4372 work_thread.hpp:81]  [T-Work-Detect_0] Run work: WorkDetect
I1014 10:52:24.108398  4372 work_detect.cpp:102] Succeeded to add det start for frame 196
I1014 10:52:24.115917  4372 work_detect.cpp:70] Frame :196 detect result :1 face(s)
I1014 10:52:24.116024  4372 work_detect.cpp:86] Detected bbox: [174 x 227 from (250, 124)]
I1014 10:52:24.116067  4372 work_detect.cpp:120] Succeeded to add det end for frame 196
I1014 10:52:24.116092  4372 work_thread.hpp:81]  [T-Work-Detect_0] Run work: WrokTrack
I1014 10:52:24.116118  4372 work_track.cpp:82] Frame: 196 build input_characts: [0.271875 x 0.630556 from (0.390625, 0.344444)], 1.00019, 0
I1014 10:52:24.116228  4372 work_track.cpp:102] Succeeded to set track lock for frame 196
I1014 10:52:24.116271  4372 work_track.cpp:116] Succeeded to release track lock for frame 196
I1014 10:52:24.116286  4372 work_track.cpp:120] Track results of frame 196: 1 objects input, 1 objects tracked!
I1014 10:52:24.116303  4372 work_track.cpp:148] Frame: 196, track bbox: [174 x 227 from (249.105, 123.905)], gid: 2, lid: 0
I1014 10:52:24.116348  4372 work_thread.hpp:88]  [T-Work-Detect_0] Frame :196 split
I1014 10:52:24.116365  4372 work_thread.hpp:120]  [T-Work-Detect_0] Valid piece: gid = 2
I1014 10:52:24.116401  4372 work_thread.hpp:92]  [T-Work-Detect_0] Push to split queue:recog
I1014 10:52:24.116443  4373 work_thread.hpp:81]  [T-Work-Recog_0] Run work: WorkCapture
I1014 10:52:24.116477  4375 thread_intergrate.hpp:78] [T-Intergrate-intergrate] queue: frame output frame :196
I1014 10:52:24.116502  4375 thread_intergrate.hpp:85] [T-Intergrate-intergrate] queue: compare output face:2
I1014 10:52:24.116519  4375 thread_intergrate.hpp:137] T-Intergrate-intergrate set matched face: 2
I1014 10:52:24.117014  4373 work_thread.hpp:81]  [T-Work-Recog_0] Run work: WorkRecog
I1014 10:52:24.117038  4373 work_recog.hpp:89] Face id: 2 will run recog: bbox [174 x 227 from (250, 124)] quality: 0.475345
I1014 10:52:24.117067  4373 work_recog.hpp:96] Recog pair: [248 x 288 from (216, 72)], [174 x 227 from (34, 52)]
I1014 10:52:24.118070  4375 thread_intergrate.hpp:157] T-Intergrate-intergrate Show face :2, size :640 * 360
I1014 10:52:24.118624  4371 demo_inner.hpp:435] thread [SORT-0]  frame id 196 sorting queue size 0   FPS: 28.5714
I1014 10:52:24.134727  4373 work_thread.hpp:81]  [T-Work-Recog_0] Run work: WorkCompare
I1014 10:52:24.134858  4373 work_compare.cpp:76] Compare face: 2 successed, similarity :0.969028, name : images/thanglmb.jpg, normal size : 640 * 360!
I1014 10:52:24.144445  4369 demo_inner.hpp:177] decode queue size 0
I1014 10:52:24.144573  4372 work_thread.hpp:81]  [T-Work-Detect_0] Run work: WorkDetect
I1014 10:52:24.144609  4372 work_detect.cpp:102] Succeeded to add det start for frame 197
I1014 10:52:24.152310  4372 work_detect.cpp:70] Frame :197 detect result :1 face(s)
I1014 10:52:24.152360  4372 work_detect.cpp:86] Detected bbox: [170 x 218 from (249, 124)]
I1014 10:52:24.152410  4372 work_detect.cpp:120] Succeeded to add det end for frame 197
I1014 10:52:24.152426  4372 work_thread.hpp:81]  [T-Work-Detect_0] Run work: WrokTrack
I1014 10:52:24.152451  4372 work_track.cpp:82] Frame: 197 build input_characts: [0.265625 x 0.605556 from (0.389062, 0.344444)], 1.00019, 0
I1014 10:52:24.152513  4372 work_track.cpp:102] Succeeded to set track lock for frame 197
I1014 10:52:24.152570  4372 work_track.cpp:116] Succeeded to release track lock for frame 197
I1014 10:52:24.152693  4372 work_track.cpp:120] Track results of frame 197: 1 objects input, 1 objects tracked!
I1014 10:52:24.152714  4372 work_track.cpp:148] Frame: 197, track bbox: [170 x 218 from (248.436, 125.595)], gid: 2, lid: 0
I1014 10:52:24.152854  4372 work_thread.hpp:88]  [T-Work-Detect_0] Frame :197 split
I1014 10:52:24.152881  4372 work_thread.hpp:120]  [T-Work-Detect_0] Valid piece: gid = 2
I1014 10:52:24.152900  4372 work_thread.hpp:92]  [T-Work-Detect_0] Push to split queue:recog
I1014 10:52:24.152937  4373 work_thread.hpp:81]  [T-Work-Recog_0] Run work: WorkCapture
I1014 10:52:24.152953  4375 thread_intergrate.hpp:78] [T-Intergrate-intergrate] queue: frame output frame :197
I1014 10:52:24.152977  4375 thread_intergrate.hpp:85] [T-Intergrate-intergrate] queue: compare output face:2
I1014 10:52:24.153007  4375 thread_intergrate.hpp:137] T-Intergrate-intergrate set matched face: 2
I1014 10:52:24.153514  4373 work_thread.hpp:81]  [T-Work-Recog_0] Run work: WorkRecog
I1014 10:52:24.153540  4373 work_recog.hpp:89] Face id: 2 will run recog: bbox [170 x 218 from (249, 124)] quality: 0.471766
I1014 10:52:24.153571  4373 work_recog.hpp:96] Recog pair: [248 x 280 from (208, 80)], [170 x 218 from (41, 44)]
I1014 10:52:24.154371  4375 thread_intergrate.hpp:157] T-Intergrate-intergrate Show face :2, size :640 * 360
I1014 10:52:24.154929  4371 demo_inner.hpp:435] thread [SORT-0]  frame id 197 sorting queue size 1   FPS: 28.4914
I1014 10:52:24.159704  4370 demo_inner.hpp:260]  gui queue size 1, state = running
I1014 10:52:24.171254  4373 work_thread.hpp:81]  [T-Work-Recog_0] Run work: WorkCompare
I1014 10:52:24.171365  4373 work_compare.cpp:76] Compare face: 2 successed, similarity :0.972999, name : images/thanglmb.jpg, normal size : 640 * 360!
I1014 10:52:24.174399  4369 demo_inner.hpp:177] decode queue size 0
I1014 10:52:24.174497  4372 work_thread.hpp:81]  [T-Work-Detect_0] Run work: WorkDetect
I1014 10:52:24.174530  4372 work_detect.cpp:102] Succeeded to add det start for frame 198
I1014 10:52:24.181432  4372 work_detect.cpp:70] Frame :198 detect result :1 face(s)
I1014 10:52:24.181483  4372 work_detect.cpp:86] Detected bbox: [180 x 224 from (245, 104)]
I1014 10:52:24.181524  4372 work_detect.cpp:120] Succeeded to add det end for frame 198
I1014 10:52:24.181540  4372 work_thread.hpp:81]  [T-Work-Detect_0] Run work: WrokTrack
I1014 10:52:24.181565  4372 work_track.cpp:82] Frame: 198 build input_characts: [0.28125 x 0.622222 from (0.382812, 0.288889)], 1.00035, 0
I1014 10:52:24.181620  4372 work_track.cpp:102] Succeeded to set track lock for frame 198
I1014 10:52:24.181661  4372 work_track.cpp:116] Succeeded to release track lock for frame 198
I1014 10:52:24.181675  4372 work_track.cpp:120] Track results of frame 198: 1 objects input, 1 objects tracked!
I1014 10:52:24.181694  4372 work_track.cpp:148] Frame: 198, track bbox: [180 x 224 from (243.734, 112.042)], gid: 2, lid: 0
I1014 10:52:24.181730  4372 work_thread.hpp:88]  [T-Work-Detect_0] Frame :198 split
I1014 10:52:24.181746  4372 work_thread.hpp:120]  [T-Work-Detect_0] Valid piece: gid = 2
I1014 10:52:24.181764  4372 work_thread.hpp:92]  [T-Work-Detect_0] Push to split queue:recog
I1014 10:52:24.181808  4374 work_thread.hpp:81]  [T-Work-Recog_1] Run work: WorkCapture
I1014 10:52:24.181818  4375 thread_intergrate.hpp:78] [T-Intergrate-intergrate] queue: frame output frame :198
I1014 10:52:24.181846  4375 thread_intergrate.hpp:85] [T-Intergrate-intergrate] queue: compare output face:2
I1014 10:52:24.181865  4375 thread_intergrate.hpp:137] T-Intergrate-intergrate set matched face: 2
I1014 10:52:24.182355  4374 work_thread.hpp:81]  [T-Work-Recog_1] Run work: WorkRecog
I1014 10:52:24.182379  4374 work_recog.hpp:89] Face id: 2 will run recog: bbox [180 x 224 from (245, 104)] quality: 0.466042
I1014 10:52:24.182409  4374 work_recog.hpp:96] Recog pair: [256 x 304 from (208, 56)], [180 x 224 from (37, 48)]
I1014 10:52:24.183409  4375 thread_intergrate.hpp:157] T-Intergrate-intergrate Show face :2, size :640 * 360
I1014 10:52:24.184128  4371 demo_inner.hpp:435] thread [SORT-0]  frame id 198 sorting queue size 0   FPS: 28.5848
I1014 10:52:24.200048  4374 work_thread.hpp:81]  [T-Work-Recog_1] Run work: WorkCompare
I1014 10:52:24.200255  4374 work_compare.cpp:76] Compare face: 2 successed, similarity :0.982426, name : images/thanglmb.jpg, normal size : 640 * 360!
I1014 10:52:24.209980  4369 demo_inner.hpp:177] decode queue size 0
I1014 10:52:24.210090  4372 work_thread.hpp:81]  [T-Work-Detect_0] Run work: WorkDetect
I1014 10:52:24.210127  4372 work_detect.cpp:102] Succeeded to add det start for frame 199
I1014 10:52:24.217013  4372 work_detect.cpp:70] Frame :199 detect result :1 face(s)
I1014 10:52:24.217062  4372 work_detect.cpp:86] Detected bbox: [178 x 220 from (244, 106)]
I1014 10:52:24.217104  4372 work_detect.cpp:120] Succeeded to add det end for frame 199
I1014 10:52:24.217120  4372 work_thread.hpp:81]  [T-Work-Detect_0] Run work: WrokTrack
I1014 10:52:24.217145  4372 work_track.cpp:82] Frame: 199 build input_characts: [0.278125 x 0.611111 from (0.38125, 0.294444)], 1.00019, 0
I1014 10:52:24.217200  4372 work_track.cpp:102] Succeeded to set track lock for frame 199
I1014 10:52:24.217240  4372 work_track.cpp:116] Succeeded to release track lock for frame 199
I1014 10:52:24.217255  4372 work_track.cpp:120] Track results of frame 199: 1 objects input, 1 objects tracked!
I1014 10:52:24.217272  4372 work_track.cpp:148] Frame: 199, track bbox: [178 x 220 from (243.429, 107.043)], gid: 2, lid: 0
I1014 10:52:24.217308  4372 work_thread.hpp:88]  [T-Work-Detect_0] Frame :199 split
I1014 10:52:24.217326  4372 work_thread.hpp:120]  [T-Work-Detect_0] Valid piece: gid = 2
I1014 10:52:24.217344  4372 work_thread.hpp:92]  [T-Work-Detect_0] Push to split queue:recog
I1014 10:52:24.217387  4374 work_thread.hpp:81]  [T-Work-Recog_1] Run work: WorkCapture
I1014 10:52:24.217406  4375 thread_intergrate.hpp:78] [T-Intergrate-intergrate] queue: frame output frame :199
I1014 10:52:24.217434  4375 thread_intergrate.hpp:85] [T-Intergrate-intergrate] queue: compare output face:2
I1014 10:52:24.217453  4375 thread_intergrate.hpp:137] T-Intergrate-intergrate set matched face: 2
I1014 10:52:24.217941  4374 work_thread.hpp:81]  [T-Work-Recog_1] Run work: WorkRecog
I1014 10:52:24.217967  4374 work_recog.hpp:89] Face id: 2 will run recog: bbox [178 x 220 from (244, 106)] quality: 0.460065
I1014 10:52:24.217995  4374 work_recog.hpp:96] Recog pair: [256 x 304 from (208, 56)], [178 x 220 from (36, 50)]
I1014 10:52:24.219061  4375 thread_intergrate.hpp:157] T-Intergrate-intergrate Show face :2, size :640 * 360
I1014 10:52:24.219686  4371 demo_inner.hpp:435] thread [SORT-0]  frame id 199 sorting queue size 1   FPS: 28.5848
I1014 10:52:24.235584  4374 work_thread.hpp:81]  [T-Work-Recog_1] Run work: WorkCompare
I1014 10:52:24.235695  4374 work_compare.cpp:76] Compare face: 2 successed, similarity :0.989163, name : images/thanglmb.jpg, normal size : 640 * 360!
I1014 10:52:24.237468  4370 demo_inner.hpp:260]  gui queue size 1, state = running
I1014 10:52:24.240759  4369 demo_inner.hpp:177] decode queue size 0
I1014 10:52:24.240864  4372 work_thread.hpp:81]  [T-Work-Detect_0] Run work: WorkDetect
I1014 10:52:24.240898  4372 work_detect.cpp:102] Succeeded to add det start for frame 200
I1014 10:52:24.247743  4372 work_detect.cpp:70] Frame :200 detect result :1 face(s)
I1014 10:52:24.247781  4372 work_detect.cpp:86] Detected bbox: [176 x 220 from (245, 105)]
I1014 10:52:24.247822  4372 work_detect.cpp:120] Succeeded to add det end for frame 200
I1014 10:52:24.247838  4372 work_thread.hpp:81]  [T-Work-Detect_0] Run work: WrokTrack
I1014 10:52:24.247862  4372 work_track.cpp:82] Frame: 200 build input_characts: [0.275 x 0.611111 from (0.382812, 0.291667)], 1.00035, 0
I1014 10:52:24.247917  4372 work_track.cpp:102] Succeeded to set track lock for frame 200
I1014 10:52:24.247956  4372 work_track.cpp:116] Succeeded to release track lock for frame 200
I1014 10:52:24.247972  4372 work_track.cpp:120] Track results of frame 200: 1 objects input, 1 objects tracked!
I1014 10:52:24.247989  4372 work_track.cpp:148] Frame: 200, track bbox: [176 x 220 from (244.052, 101.498)], gid: 2, lid: 0
I1014 10:52:24.248026  4372 work_thread.hpp:88]  [T-Work-Detect_0] Frame :200 split
I1014 10:52:24.248119  4372 work_thread.hpp:120]  [T-Work-Detect_0] Valid piece: gid = 2
I1014 10:52:24.248139  4372 work_thread.hpp:92]  [T-Work-Detect_0] Push to split queue:recog
I1014 10:52:24.248203  4373 work_thread.hpp:81]  [T-Work-Recog_0] Run work: WorkCapture
I1014 10:52:24.248229  4375 thread_intergrate.hpp:78] [T-Intergrate-intergrate] queue: frame output frame :200
I1014 10:52:24.248258  4375 thread_intergrate.hpp:85] [T-Intergrate-intergrate] queue: compare output face:2
I1014 10:52:24.248277  4375 thread_intergrate.hpp:137] T-Intergrate-intergrate set matched face: 2
I1014 10:52:24.248765  4373 work_thread.hpp:81]  [T-Work-Recog_0] Run work: WorkRecog
I1014 10:52:24.248790  4373 work_recog.hpp:89] Face id: 2 will run recog: bbox [176 x 220 from (245, 105)] quality: 0.438891
I1014 10:52:24.248818  4373 work_recog.hpp:96] Recog pair: [248 x 304 from (208, 56)], [176 x 220 from (37, 49)]
I1014 10:52:24.249771  4375 thread_intergrate.hpp:157] T-Intergrate-intergrate Show face :2, size :640 * 360
I1014 10:52:24.250421  4371 demo_inner.hpp:435] thread [SORT-0]  frame id 200 sorting queue size 0   FPS: 28.5714
I1014 10:52:24.266445  4373 work_thread.hpp:81]  [T-Work-Recog_0] Run work: WorkCompare
I1014 10:52:24.266554  4373 work_compare.cpp:76] Compare face: 2 successed, similarity :0.983263, name : images/thanglmb.jpg, normal size : 640 * 360!
I1014 10:52:24.275977  4369 demo_inner.hpp:177] decode queue size 0
I1014 10:52:24.276127  4372 work_thread.hpp:81]  [T-Work-Detect_0] Run work: WorkDetect
I1014 10:52:24.276187  4372 work_detect.cpp:102] Succeeded to add det start for frame 201
I1014 10:52:24.282954  4372 work_detect.cpp:70] Frame :201 detect result :1 face(s)
I1014 10:52:24.282994  4372 work_detect.cpp:86] Detected bbox: [169 x 220 from (245, 104)]
I1014 10:52:24.283036  4372 work_detect.cpp:120] Succeeded to add det end for frame 201
I1014 10:52:24.283052  4372 work_thread.hpp:81]  [T-Work-Detect_0] Run work: WrokTrack
I1014 10:52:24.283077  4372 work_track.cpp:82] Frame: 201 build input_characts: [0.264062 x 0.611111 from (0.382812, 0.288889)], 1.00019, 0
I1014 10:52:24.283135  4372 work_track.cpp:102] Succeeded to set track lock for frame 201
I1014 10:52:24.283175  4372 work_track.cpp:116] Succeeded to release track lock for frame 201
I1014 10:52:24.283190  4372 work_track.cpp:120] Track results of frame 201: 1 objects input, 1 objects tracked!
I1014 10:52:24.283208  4372 work_track.cpp:148] Frame: 201, track bbox: [169 x 220 from (246.044, 99.6649)], gid: 2, lid: 0
I1014 10:52:24.283246  4372 work_thread.hpp:88]  [T-Work-Detect_0] Frame :201 split
I1014 10:52:24.283262  4372 work_thread.hpp:120]  [T-Work-Detect_0] Valid piece: gid = 2
I1014 10:52:24.283280  4372 work_thread.hpp:92]  [T-Work-Detect_0] Push to split queue:recog
I1014 10:52:24.283326  4374 work_thread.hpp:81]  [T-Work-Recog_1] Run work: WorkCapture
I1014 10:52:24.283330  4375 thread_intergrate.hpp:78] [T-Intergrate-intergrate] queue: frame output frame :201
I1014 10:52:24.283385  4375 thread_intergrate.hpp:85] [T-Intergrate-intergrate] queue: compare output face:2
I1014 10:52:24.283412  4375 thread_intergrate.hpp:137] T-Intergrate-intergrate set matched face: 2
I1014 10:52:24.283891  4374 work_thread.hpp:81]  [T-Work-Recog_1] Run work: WorkRecog
I1014 10:52:24.283915  4374 work_recog.hpp:89] Face id: 2 will run recog: bbox [169 x 220 from (245, 104)] quality: 0.467477
I1014 10:52:24.283944  4374 work_recog.hpp:96] Recog pair: [240 x 304 from (208, 56)], [169 x 220 from (37, 48)]
I1014 10:52:24.284958  4375 thread_intergrate.hpp:157] T-Intergrate-intergrate Show face :2, size :640 * 360
I1014 10:52:24.285593  4371 demo_inner.hpp:435] thread [SORT-0]  frame id 201 sorting queue size 1   FPS: 28.5982
I1014 10:52:24.301630  4374 work_thread.hpp:81]  [T-Work-Recog_1] Run work: WorkCompare
I1014 10:52:24.301740  4374 work_compare.cpp:76] Compare face: 2 successed, similarity :0.978588, name : images/thanglmb.jpg, normal size : 640 * 360!
I1014 10:52:24.312014  4369 demo_inner.hpp:177] decode queue size 0
I1014 10:52:24.312119  4372 work_thread.hpp:81]  [T-Work-Detect_0] Run work: WorkDetect
I1014 10:52:24.312253  4372 work_detect.cpp:102] Succeeded to add det start for frame 202
I1014 10:52:24.319000  4372 work_detect.cpp:70] Frame :202 detect result :1 face(s)
I1014 10:52:24.319043  4372 work_detect.cpp:86] Detected bbox: [157 x 202 from (252, 128)]
I1014 10:52:24.319084  4372 work_detect.cpp:120] Succeeded to add det end for frame 202
I1014 10:52:24.319100  4372 work_thread.hpp:81]  [T-Work-Detect_0] Run work: WrokTrack
I1014 10:52:24.319125  4372 work_track.cpp:82] Frame: 202 build input_characts: [0.245312 x 0.561111 from (0.39375, 0.355556)], 1.00019, 0
I1014 10:52:24.319180  4372 work_track.cpp:102] Succeeded to set track lock for frame 202
I1014 10:52:24.319221  4372 work_track.cpp:116] Succeeded to release track lock for frame 202
I1014 10:52:24.319236  4372 work_track.cpp:120] Track results of frame 202: 1 objects input, 1 objects tracked!
I1014 10:52:24.319253  4372 work_track.cpp:148] Frame: 202, track bbox: [157 x 202 from (251.573, 117.571)], gid: 2, lid: 0
I1014 10:52:24.319290  4372 work_thread.hpp:88]  [T-Work-Detect_0] Frame :202 split
I1014 10:52:24.319308  4372 work_thread.hpp:120]  [T-Work-Detect_0] Valid piece: gid = 2
I1014 10:52:24.319326  4372 work_thread.hpp:92]  [T-Work-Detect_0] Push to split queue:recog
I1014 10:52:24.319370  4374 work_thread.hpp:81]  [T-Work-Recog_1] Run work: WorkCapture
I1014 10:52:24.319375  4375 thread_intergrate.hpp:78] [T-Intergrate-intergrate] queue: frame output frame :202
I1014 10:52:24.319403  4375 thread_intergrate.hpp:85] [T-Intergrate-intergrate] queue: compare output face:2
I1014 10:52:24.319422  4375 thread_intergrate.hpp:137] T-Intergrate-intergrate set matched face: 2
I1014 10:52:24.319932  4374 work_thread.hpp:81]  [T-Work-Recog_1] Run work: WorkRecog
I1014 10:52:24.319957  4374 work_recog.hpp:89] Face id: 2 will run recog: bbox [157 x 202 from (252, 128)] quality: 0.444967
I1014 10:52:24.319985  4374 work_recog.hpp:96] Recog pair: [224 x 272 from (216, 88)], [157 x 202 from (36, 40)]
I1014 10:52:24.321137  4375 thread_intergrate.hpp:157] T-Intergrate-intergrate Show face :2, size :640 * 360
I1014 10:52:24.321684  4371 demo_inner.hpp:435] thread [SORT-0]  frame id 202 sorting queue size 2   FPS: 39.7394
I1014 10:52:24.332023  4370 demo_inner.hpp:260]  gui queue size 2, state = running
I1014 10:52:24.338068  4374 work_thread.hpp:81]  [T-Work-Recog_1] Run work: WorkCompare
I1014 10:52:24.338179  4374 work_compare.cpp:76] Compare face: 2 successed, similarity :0.984746, name : images/thanglmb.jpg, normal size : 640 * 360!
I1014 10:52:24.342721  4369 demo_inner.hpp:177] decode queue size 0
I1014 10:52:24.342798  4372 work_thread.hpp:81]  [T-Work-Detect_0] Run work: WorkDetect
I1014 10:52:24.342833  4372 work_detect.cpp:102] Succeeded to add det start for frame 203
I1014 10:52:24.349592  4372 work_detect.cpp:70] Frame :203 detect result :1 face(s)
