I1012 15:58:33.044348  8550 thread_intergrate.hpp:134] T-Intergrate-intergrate set matched face: 0
I1012 15:58:33.044538  8549 work_thread.hpp:81]  [T-Work-Recog_1] Run work: WorkRecog
I1012 15:58:33.044560  8549 work_recog.hpp:89] Face id: 0 will run recog: bbox [141 x 192 from (281, 46)] quality: 0.484765
I1012 15:58:33.044587  8549 work_recog.hpp:96] Recog pair: [208 x 272 from (248, 8)], [141 x 192 from (33, 38)]
I1012 15:58:33.045503  8550 thread_intergrate.hpp:154] T-Intergrate-intergrate Show face :0, size :640 * 360
I1012 15:58:33.045974  8546 demo_inner.hpp:435] thread [SORT-0]  frame id 74 sorting queue size 0   FPS: 7.1409
I1012 15:58:33.046046  8545 demo_inner.hpp:260]  gui queue size 0, state = running
I1012 15:58:33.062152  8549 work_thread.hpp:81]  [T-Work-Recog_1] Run work: WorkCompare
I1012 15:58:33.062264  8549 work_compare.cpp:76] Compare face: 0 successed, similarity :0.994283, name : images/thanglmb.jpg, normal size : 640 * 360!
I1012 15:58:33.175251  8544 demo_inner.hpp:177] decode queue size 0
I1012 15:58:33.175421  8547 work_thread.hpp:81]  [T-Work-Detect_0] Run work: WorkDetect
I1012 15:58:33.175457  8547 work_detect.cpp:102] Succeeded to add det start for frame 75
I1012 15:58:33.182044  8547 work_detect.cpp:70] Frame :75 detect result :1 face(s)
I1012 15:58:33.182080  8547 work_detect.cpp:86] Detected bbox: [146 x 196 from (277, 44)]
I1012 15:58:33.182119  8547 work_detect.cpp:120] Succeeded to add det end for frame 75
I1012 15:58:33.182135  8547 work_thread.hpp:81]  [T-Work-Detect_0] Run work: WrokTrack
I1012 15:58:33.182159  8547 work_track.cpp:82] Frame: 75 build input_characts: [0.228125 x 0.544444 from (0.432813, 0.122222)], 0.998742, 0
I1012 15:58:33.182215  8547 work_track.cpp:102] Succeeded to set track lock for frame 75
I1012 15:58:33.182255  8547 work_track.cpp:116] Succeeded to release track lock for frame 75
I1012 15:58:33.182269  8547 work_track.cpp:120] Track results of frame 75: 1 objects input, 1 objects tracked!
I1012 15:58:33.182286  8547 work_track.cpp:148] Frame: 75, track bbox: [146 x 196 from (276.851, 43.9837)], gid: 0, lid: 0
I1012 15:58:33.182322  8547 work_thread.hpp:88]  [T-Work-Detect_0] Frame :75 split
I1012 15:58:33.182339  8547 work_thread.hpp:120]  [T-Work-Detect_0] Valid piece: gid = 0
I1012 15:58:33.182358  8547 work_thread.hpp:92]  [T-Work-Detect_0] Push to split queue:recog
I1012 15:58:33.182409  8549 work_thread.hpp:81]  [T-Work-Recog_1] Run work: WorkCapture
I1012 15:58:33.182698  8550 thread_intergrate.hpp:78] [T-Intergrate-intergrate] queue: frame output frame :75
I1012 15:58:33.182725  8550 thread_intergrate.hpp:85] [T-Intergrate-intergrate] queue: compare output face:0
I1012 15:58:33.182745  8550 thread_intergrate.hpp:134] T-Intergrate-intergrate set matched face: 0
I1012 15:58:33.182940  8549 work_thread.hpp:81]  [T-Work-Recog_1] Run work: WorkRecog
I1012 15:58:33.182962  8549 work_recog.hpp:89] Face id: 0 will run recog: bbox [146 x 196 from (277, 44)] quality: 0.486389
I1012 15:58:33.182989  8549 work_recog.hpp:96] Recog pair: [208 x 280 from (248, 0)], [146 x 196 from (29, 44)]
I1012 15:58:33.183905  8550 thread_intergrate.hpp:154] T-Intergrate-intergrate Show face :0, size :640 * 360
I1012 15:58:33.184407  8546 demo_inner.hpp:435] thread [SORT-0]  frame id 75 sorting queue size 0   FPS: 7.1409
I1012 15:58:33.184476  8545 demo_inner.hpp:260]  gui queue size 0, state = running
I1012 15:58:33.200521  8549 work_thread.hpp:81]  [T-Work-Recog_1] Run work: WorkCompare
I1012 15:58:33.200636  8549 work_compare.cpp:76] Compare face: 0 successed, similarity :0.988509, name : images/thanglmb.jpg, normal size : 640 * 360!
I1012 15:58:33.313297  8544 demo_inner.hpp:177] decode queue size 0
I1012 15:58:33.313393  8547 work_thread.hpp:81]  [T-Work-Detect_0] Run work: WorkDetect
I1012 15:58:33.313428  8547 work_detect.cpp:102] Succeeded to add det start for frame 76
I1012 15:58:33.320901  8547 work_detect.cpp:70] Frame :76 detect result :1 face(s)
I1012 15:58:33.320953  8547 work_detect.cpp:86] Detected bbox: [158 x 206 from (268, 42)]
I1012 15:58:33.320996  8547 work_detect.cpp:120] Succeeded to add det end for frame 76
I1012 15:58:33.321012  8547 work_thread.hpp:81]  [T-Work-Detect_0] Run work: WrokTrack
I1012 15:58:33.321038  8547 work_track.cpp:82] Frame: 76 build input_characts: [0.246875 x 0.572222 from (0.41875, 0.116667)], 0.999622, 0
I1012 15:58:33.321094  8547 work_track.cpp:102] Succeeded to set track lock for frame 76
I1012 15:58:33.321132  8547 work_track.cpp:116] Succeeded to release track lock for frame 76
I1012 15:58:33.321147  8547 work_track.cpp:120] Track results of frame 76: 1 objects input, 1 objects tracked!
I1012 15:58:33.321164  8547 work_track.cpp:148] Frame: 76, track bbox: [158 x 206 from (269.082, 40.8264)], gid: 0, lid: 0
I1012 15:58:33.321200  8547 work_thread.hpp:88]  [T-Work-Detect_0] Frame :76 split
I1012 15:58:33.321218  8547 work_thread.hpp:120]  [T-Work-Detect_0] Valid piece: gid = 0
I1012 15:58:33.321235  8547 work_thread.hpp:92]  [T-Work-Detect_0] Push to split queue:recog
I1012 15:58:33.321290  8549 work_thread.hpp:81]  [T-Work-Recog_1] Run work: WorkCapture
I1012 15:58:33.321662  8550 thread_intergrate.hpp:78] [T-Intergrate-intergrate] queue: frame output frame :76
I1012 15:58:33.321691  8550 thread_intergrate.hpp:85] [T-Intergrate-intergrate] queue: compare output face:0
I1012 15:58:33.321709  8550 thread_intergrate.hpp:134] T-Intergrate-intergrate set matched face: 0
I1012 15:58:33.321897  8549 work_thread.hpp:81]  [T-Work-Recog_1] Run work: WorkRecog
I1012 15:58:33.321920  8549 work_recog.hpp:89] Face id: 0 will run recog: bbox [158 x 206 from (268, 42)] quality: 0.454851
I1012 15:58:33.321947  8549 work_recog.hpp:96] Recog pair: [232 x 296 from (232, 0)], [158 x 206 from (36, 42)]
I1012 15:58:33.322870  8550 thread_intergrate.hpp:154] T-Intergrate-intergrate Show face :0, size :640 * 360
I1012 15:58:33.323356  8546 demo_inner.hpp:435] thread [SORT-0]  frame id 76 sorting queue size 0   FPS: 7.13893
I1012 15:58:33.323428  8545 demo_inner.hpp:260]  gui queue size 0, state = running
I1012 15:58:33.339519  8549 work_thread.hpp:81]  [T-Work-Recog_1] Run work: WorkCompare
I1012 15:58:33.339630  8549 work_compare.cpp:76] Compare face: 0 successed, similarity :0.986769, name : images/thanglmb.jpg, normal size : 640 * 360!
I1012 15:58:33.451313  8544 demo_inner.hpp:177] decode queue size 0
I1012 15:58:33.451409  8547 work_thread.hpp:81]  [T-Work-Detect_0] Run work: WorkDetect
I1012 15:58:33.451444  8547 work_detect.cpp:102] Succeeded to add det start for frame 77
I1012 15:58:33.458086  8547 work_detect.cpp:70] Frame :77 detect result :3 face(s)
I1012 15:58:33.458119  8547 work_detect.cpp:86] Detected bbox: [137 x 191 from (268, 47)]
I1012 15:58:33.458150  8547 work_detect.cpp:86] Detected bbox: [33 x 61 from (509, 110)]
I1012 15:58:33.458170  8547 work_detect.cpp:86] Detected bbox: [15 x 22 from (541, 35)]
I1012 15:58:33.458199  8547 work_detect.cpp:120] Succeeded to add det end for frame 77
I1012 15:58:33.458215  8547 work_thread.hpp:81]  [T-Work-Detect_0] Run work: WrokTrack
I1012 15:58:33.458240  8547 work_track.cpp:82] Frame: 77 build input_characts: [0.214062 x 0.530556 from (0.41875, 0.130556)], 0.997596, 0
I1012 15:58:33.458292  8547 work_track.cpp:82] Frame: 77 build input_characts: [0.0515625 x 0.169444 from (0.795313, 0.305556)], 0.955078, 1
I1012 15:58:33.458323  8547 work_track.cpp:82] Frame: 77 build input_characts: [0.0234375 x 0.0611111 from (0.845312, 0.0972222)], 0.905415, 2
I1012 15:58:33.458362  8547 work_track.cpp:102] Succeeded to set track lock for frame 77
I1012 15:58:33.458410  8547 work_track.cpp:116] Succeeded to release track lock for frame 77
I1012 15:58:33.458425  8547 work_track.cpp:120] Track results of frame 77: 3 objects input, 1 objects tracked!
I1012 15:58:33.458441  8547 work_track.cpp:148] Frame: 77, track bbox: [137 x 191 from (272.578, 47.897)], gid: 0, lid: 0
I1012 15:58:33.458475  8547 work_track.cpp:162] Frame: 77 lid: 1 not tracked, will set invalid
I1012 15:58:33.458489  8547 work_track.cpp:162] Frame: 77 lid: 2 not tracked, will set invalid
I1012 15:58:33.458504  8547 work_thread.hpp:88]  [T-Work-Detect_0] Frame :77 split
I1012 15:58:33.458521  8547 work_thread.hpp:120]  [T-Work-Detect_0] Valid piece: gid = 0
I1012 15:58:33.458539  8547 work_thread.hpp:124]  [T-Work-Detect_0] Invalid piece: lid = 1, drop it
I1012 15:58:33.458554  8547 work_thread.hpp:124]  [T-Work-Detect_0] Invalid piece: lid = 2, drop it
I1012 15:58:33.458568  8547 work_thread.hpp:92]  [T-Work-Detect_0] Push to split queue:recog
I1012 15:58:33.458616  8549 work_thread.hpp:81]  [T-Work-Recog_1] Run work: WorkCapture
I1012 15:58:33.458902  8550 thread_intergrate.hpp:78] [T-Intergrate-intergrate] queue: frame output frame :77
I1012 15:58:33.458931  8550 thread_intergrate.hpp:85] [T-Intergrate-intergrate] queue: compare output face:0
I1012 15:58:33.458950  8550 thread_intergrate.hpp:134] T-Intergrate-intergrate set matched face: 0
I1012 15:58:33.459146  8549 work_thread.hpp:81]  [T-Work-Recog_1] Run work: WorkRecog
I1012 15:58:33.459168  8549 work_recog.hpp:89] Face id: 0 will run recog: bbox [137 x 191 from (268, 47)] quality: 0.480819
I1012 15:58:33.459280  8549 work_recog.hpp:96] Recog pair: [192 x 272 from (240, 8)], [137 x 191 from (28, 39)]
I1012 15:58:33.460109  8550 thread_intergrate.hpp:154] T-Intergrate-intergrate Show face :0, size :640 * 360
I1012 15:58:33.460543  8546 demo_inner.hpp:435] thread [SORT-0]  frame id 77 sorting queue size 0   FPS: 7.15072
I1012 15:58:33.460613  8545 demo_inner.hpp:260]  gui queue size 0, state = running
I1012 15:58:33.476827  8549 work_thread.hpp:81]  [T-Work-Recog_1] Run work: WorkCompare
I1012 15:58:33.476936  8549 work_compare.cpp:76] Compare face: 0 successed, similarity :0.980384, name : images/thanglmb.jpg, normal size : 640 * 360!
I1012 15:58:33.595149  8544 demo_inner.hpp:177] decode queue size 0
I1012 15:58:33.595242  8547 work_thread.hpp:81]  [T-Work-Detect_0] Run work: WorkDetect
I1012 15:58:33.595275  8547 work_detect.cpp:102] Succeeded to add det start for frame 78
I1012 15:58:33.601912  8547 work_detect.cpp:70] Frame :78 detect result :2 face(s)
I1012 15:58:33.601948  8547 work_detect.cpp:86] Detected bbox: [140 x 186 from (253, 51)]
I1012 15:58:33.601979  8547 work_detect.cpp:86] Detected bbox: [33 x 54 from (506, 115)]
I1012 15:58:33.602007  8547 work_detect.cpp:120] Succeeded to add det end for frame 78
I1012 15:58:33.602023  8547 work_thread.hpp:81]  [T-Work-Detect_0] Run work: WrokTrack
I1012 15:58:33.602046  8547 work_track.cpp:82] Frame: 78 build input_characts: [0.21875 x 0.516667 from (0.395312, 0.141667)], 0.999622, 0
I1012 15:58:33.602098  8547 work_track.cpp:82] Frame: 78 build input_characts: [0.0515625 x 0.15 from (0.790625, 0.319444)], 0.969403, 1
I1012 15:58:33.602134  8547 work_track.cpp:102] Succeeded to set track lock for frame 78
I1012 15:58:33.602181  8547 work_track.cpp:116] Succeeded to release track lock for frame 78
I1012 15:58:33.602195  8547 work_track.cpp:120] Track results of frame 78: 2 objects input, 1 objects tracked!
I1012 15:58:33.602212  8547 work_track.cpp:148] Frame: 78, track bbox: [140 x 186 from (259.514, 50.8614)], gid: 0, lid: 0
I1012 15:58:33.602246  8547 work_track.cpp:162] Frame: 78 lid: 1 not tracked, will set invalid
I1012 15:58:33.602262  8547 work_thread.hpp:88]  [T-Work-Detect_0] Frame :78 split
I1012 15:58:33.602278  8547 work_thread.hpp:120]  [T-Work-Detect_0] Valid piece: gid = 0
I1012 15:58:33.602295  8547 work_thread.hpp:124]  [T-Work-Detect_0] Invalid piece: lid = 1, drop it
I1012 15:58:33.602310  8547 work_thread.hpp:92]  [T-Work-Detect_0] Push to split queue:recog
I1012 15:58:33.602353  8548 work_thread.hpp:81]  [T-Work-Recog_0] Run work: WorkCapture
I1012 15:58:33.602355  8550 thread_intergrate.hpp:78] [T-Intergrate-intergrate] queue: frame output frame :78
I1012 15:58:33.602397  8550 thread_intergrate.hpp:85] [T-Intergrate-intergrate] queue: compare output face:0
I1012 15:58:33.602417  8550 thread_intergrate.hpp:134] T-Intergrate-intergrate set matched face: 0
I1012 15:58:33.602901  8548 work_thread.hpp:81]  [T-Work-Recog_0] Run work: WorkRecog
I1012 15:58:33.602926  8548 work_recog.hpp:89] Face id: 0 will run recog: bbox [140 x 186 from (253, 51)] quality: 0.445279
I1012 15:58:33.602952  8548 work_recog.hpp:96] Recog pair: [200 x 272 from (224, 8)], [140 x 186 from (29, 43)]
I1012 15:58:33.603574  8550 thread_intergrate.hpp:154] T-Intergrate-intergrate Show face :0, size :640 * 360
I1012 15:58:33.604032  8546 demo_inner.hpp:435] thread [SORT-0]  frame id 78 sorting queue size 0   FPS: 7.1409
I1012 15:58:33.604102  8545 demo_inner.hpp:260]  gui queue size 0, state = running
I1012 15:58:33.620549  8548 work_thread.hpp:81]  [T-Work-Recog_0] Run work: WorkCompare
I1012 15:58:33.620666  8548 work_compare.cpp:71] Compare face: 0 failed
I1012 15:58:33.733234  8544 demo_inner.hpp:177] decode queue size 0
I1012 15:58:33.733326  8547 work_thread.hpp:81]  [T-Work-Detect_0] Run work: WorkDetect
I1012 15:58:33.733362  8547 work_detect.cpp:102] Succeeded to add det start for frame 79
I1012 15:58:33.739962  8547 work_detect.cpp:70] Frame :79 detect result :3 face(s)
I1012 15:58:33.739996  8547 work_detect.cpp:86] Detected bbox: [161 x 204 from (230, 53)]
I1012 15:58:33.740142  8547 work_detect.cpp:86] Detected bbox: [60 x 65 from (444, 172)]
I1012 15:58:33.740167  8547 work_detect.cpp:86] Detected bbox: [35 x 57 from (500, 116)]
I1012 15:58:33.740197  8547 work_detect.cpp:120] Succeeded to add det end for frame 79
I1012 15:58:33.740213  8547 work_thread.hpp:81]  [T-Work-Detect_0] Run work: WrokTrack
I1012 15:58:33.740236  8547 work_track.cpp:82] Frame: 79 build input_characts: [0.251563 x 0.566667 from (0.359375, 0.147222)], 1.00019, 0
I1012 15:58:33.740314  8547 work_track.cpp:82] Frame: 79 build input_characts: [0.09375 x 0.180556 from (0.69375, 0.477778)], 0.972103, 1
I1012 15:58:33.740350  8547 work_track.cpp:82] Frame: 79 build input_characts: [0.0546875 x 0.158333 from (0.78125, 0.322222)], 0.947697, 2
I1012 15:58:33.740383  8547 work_track.cpp:102] Succeeded to set track lock for frame 79
I1012 15:58:33.740438  8547 work_track.cpp:116] Succeeded to release track lock for frame 79
I1012 15:58:33.740453  8547 work_track.cpp:120] Track results of frame 79: 3 objects input, 2 objects tracked!
I1012 15:58:33.740471  8547 work_track.cpp:148] Frame: 79, track bbox: [161 x 204 from (234.791, 47.9763)], gid: 0, lid: 0
I1012 15:58:33.740504  8547 work_track.cpp:148] Frame: 79, track bbox: [35 x 57 from (500.307, 115.828)], gid: 1, lid: 2
I1012 15:58:33.740535  8547 work_track.cpp:162] Frame: 79 lid: 1 not tracked, will set invalid
I1012 15:58:33.740550  8547 work_thread.hpp:88]  [T-Work-Detect_0] Frame :79 split
I1012 15:58:33.740567  8547 work_thread.hpp:120]  [T-Work-Detect_0] Valid piece: gid = 0
I1012 15:58:33.740584  8547 work_thread.hpp:124]  [T-Work-Detect_0] Invalid piece: lid = 1, drop it
I1012 15:58:33.740599  8547 work_thread.hpp:120]  [T-Work-Detect_0] Valid piece: gid = 1
I1012 15:58:33.740617  8547 work_thread.hpp:92]  [T-Work-Detect_0] Push to split queue:recog
I1012 15:58:33.740640  8547 work_thread.hpp:92]  [T-Work-Detect_0] Push to split queue:recog
I1012 15:58:33.740655  8548 work_thread.hpp:81]  [T-Work-Recog_0] Run work: WorkCapture
I1012 15:58:33.740681  8549 work_thread.hpp:81]  [T-Work-Recog_1] Run work: WorkCapture
I1012 15:58:33.740906  8550 thread_intergrate.hpp:78] [T-Intergrate-intergrate] queue: frame output frame :79
I1012 15:58:33.741189  8549 work_thread.hpp:81]  [T-Work-Recog_1] Run work: WorkRecog
I1012 15:58:33.741217  8548 work_thread.hpp:81]  [T-Work-Recog_0] Run work: WorkRecog
W1012 15:58:33.741232  8549 work_recog.hpp:118] Face id: 1 has low quality : 0.000700548, no need to recog
I1012 15:58:33.741240  8548 work_recog.hpp:89] Face id: 0 will run recog: bbox [161 x 204 from (230, 53)] quality: 0.446069
I1012 15:58:33.741495  8549 work_thread.hpp:81]  [T-Work-Recog_1] Run work: WorkCompare
I1012 15:58:33.741503  8548 work_recog.hpp:96] Recog pair: [232 x 296 from (192, 8)], [161 x 204 from (38, 45)]
I1012 15:58:33.742049  8550 thread_intergrate.hpp:154] T-Intergrate-intergrate Show face :0, size :640 * 360
I1012 15:58:33.742508  8546 demo_inner.hpp:435] thread [SORT-0]  frame id 79 sorting queue size 0   FPS: 7.1409
I1012 15:58:33.742574  8545 demo_inner.hpp:260]  gui queue size 0, state = running
I1012 15:58:33.759547  8548 work_thread.hpp:81]  [T-Work-Recog_0] Run work: WorkCompare
I1012 15:58:33.759667  8548 work_compare.cpp:76] Compare face: 0 successed, similarity :0.989454, name : images/thanglmb.jpg, normal size : 640 * 360!
I1012 15:58:33.871337  8544 demo_inner.hpp:177] decode queue size 0
I1012 15:58:33.871440  8547 work_thread.hpp:81]  [T-Work-Detect_0] Run work: WorkDetect
I1012 15:58:33.871476  8547 work_detect.cpp:102] Succeeded to add det start for frame 80
I1012 15:58:33.878116  8547 work_detect.cpp:70] Frame :80 detect result :2 face(s)
I1012 15:58:33.878152  8547 work_detect.cpp:86] Detected bbox: [142 x 196 from (233, 43)]
I1012 15:58:33.878183  8547 work_detect.cpp:86] Detected bbox: [38 x 60 from (491, 116)]
I1012 15:58:33.878212  8547 work_detect.cpp:120] Succeeded to add det end for frame 80
I1012 15:58:33.878228  8547 work_thread.hpp:81]  [T-Work-Detect_0] Run work: WrokTrack
I1012 15:58:33.878252  8547 work_track.cpp:82] Frame: 80 build input_characts: [0.221875 x 0.544444 from (0.364062, 0.119444)], 0.997596, 0
I1012 15:58:33.878381  8547 work_track.cpp:82] Frame: 80 build input_characts: [0.059375 x 0.166667 from (0.767187, 0.322222)], 0.972213, 1
I1012 15:58:33.878418  8547 work_track.cpp:102] Succeeded to set track lock for frame 80
I1012 15:58:33.878463  8547 work_track.cpp:116] Succeeded to release track lock for frame 80
I1012 15:58:33.878479  8547 work_track.cpp:120] Track results of frame 80: 2 objects input, 2 objects tracked!
I1012 15:58:33.878496  8547 work_track.cpp:148] Frame: 80, track bbox: [142 x 196 from (232.364, 48.8124)], gid: 0, lid: 0
I1012 15:58:33.878530  8547 work_track.cpp:148] Frame: 80, track bbox: [38 x 60 from (492.156, 116.104)], gid: 1, lid: 1
I1012 15:58:33.878562  8547 work_thread.hpp:88]  [T-Work-Detect_0] Frame :80 split
I1012 15:58:33.878581  8547 work_thread.hpp:120]  [T-Work-Detect_0] Valid piece: gid = 0
I1012 15:58:33.878598  8547 work_thread.hpp:120]  [T-Work-Detect_0] Valid piece: gid = 1
I1012 15:58:33.878614  8547 work_thread.hpp:92]  [T-Work-Detect_0] Push to split queue:recog
I1012 15:58:33.878639  8547 work_thread.hpp:92]  [T-Work-Detect_0] Push to split queue:recog
I1012 15:58:33.878679  8550 thread_intergrate.hpp:78] [T-Intergrate-intergrate] queue: frame output frame :80
I1012 15:58:33.878670  8549 work_thread.hpp:81]  [T-Work-Recog_1] Run work: WorkCapture
I1012 15:58:33.878711  8550 thread_intergrate.hpp:85] [T-Intergrate-intergrate] queue: compare output face:0
I1012 15:58:33.878731  8550 thread_intergrate.hpp:134] T-Intergrate-intergrate set matched face: 0
I1012 15:58:33.878655  8548 work_thread.hpp:81]  [T-Work-Recog_0] Run work: WorkCapture
I1012 15:58:33.879194  8549 work_thread.hpp:81]  [T-Work-Recog_1] Run work: WorkRecog
W1012 15:58:33.879215  8549 work_recog.hpp:118] Face id: 1 has low quality : 0.000481695, no need to recog
I1012 15:58:33.879267  8549 work_thread.hpp:81]  [T-Work-Recog_1] Run work: WorkCompare
I1012 15:58:33.879436  8548 work_thread.hpp:81]  [T-Work-Recog_0] Run work: WorkRecog
I1012 15:58:33.879456  8548 work_recog.hpp:89] Face id: 0 will run recog: bbox [142 x 196 from (233, 43)] quality: 0.479325
I1012 15:58:33.879482  8548 work_recog.hpp:96] Recog pair: [208 x 280 from (200, 0)], [142 x 196 from (33, 43)]
I1012 15:58:33.879912  8550 thread_intergrate.hpp:154] T-Intergrate-intergrate Show face :0, size :640 * 360
I1012 15:58:33.880401  8546 demo_inner.hpp:435] thread [SORT-0]  frame id 80 sorting queue size 0   FPS: 7.15268
I1012 15:58:33.880470  8545 demo_inner.hpp:260]  gui queue size 0, state = running
I1012 15:58:33.897117  8548 work_thread.hpp:81]  [T-Work-Recog_0] Run work: WorkCompare
I1012 15:58:33.897235  8548 work_compare.cpp:76] Compare face: 0 successed, similarity :0.988414, name : images/thanglmb.jpg, normal size : 640 * 360!
I1012 15:58:34.015274  8544 demo_inner.hpp:177] decode queue size 0
I1012 15:58:34.015368  8547 work_thread.hpp:81]  [T-Work-Detect_0] Run work: WorkDetect
I1012 15:58:34.015404  8547 work_detect.cpp:102] Succeeded to add det start for frame 81
I1012 15:58:34.022037  8547 work_detect.cpp:70] Frame :81 detect result :2 face(s)
I1012 15:58:34.022071  8547 work_detect.cpp:86] Detected bbox: [144 x 198 from (231, 44)]
I1012 15:58:34.022104  8547 work_detect.cpp:86] Detected bbox: [45 x 66 from (481, 116)]
I1012 15:58:34.022133  8547 work_detect.cpp:120] Succeeded to add det end for frame 81
I1012 15:58:34.022150  8547 work_thread.hpp:81]  [T-Work-Detect_0] Run work: WrokTrack
I1012 15:58:34.022173  8547 work_track.cpp:82] Frame: 81 build input_characts: [0.225 x 0.55 from (0.360938, 0.122222)], 0.997596, 0
I1012 15:58:34.022226  8547 work_track.cpp:82] Frame: 81 build input_characts: [0.0703125 x 0.183333 from (0.751562, 0.322222)], 0.986762, 1
I1012 15:58:34.022260  8547 work_track.cpp:102] Succeeded to set track lock for frame 81
I1012 15:58:34.022311  8547 work_track.cpp:116] Succeeded to release track lock for frame 81
I1012 15:58:34.022326  8547 work_track.cpp:120] Track results of frame 81: 2 objects input, 2 objects tracked!
I1012 15:58:34.022423  8547 work_track.cpp:148] Frame: 81, track bbox: [144 x 198 from (225.168, 45.8459)], gid: 0, lid: 0
I1012 15:58:34.022459  8547 work_track.cpp:148] Frame: 81, track bbox: [45 x 66 from (481.989, 115.6)], gid: 1, lid: 1
I1012 15:58:34.022490  8547 work_thread.hpp:88]  [T-Work-Detect_0] Frame :81 split
I1012 15:58:34.022508  8547 work_thread.hpp:120]  [T-Work-Detect_0] Valid piece: gid = 0
I1012 15:58:34.022526  8547 work_thread.hpp:120]  [T-Work-Detect_0] Valid piece: gid = 1
I1012 15:58:34.022542  8547 work_thread.hpp:92]  [T-Work-Detect_0] Push to split queue:recog
I1012 15:58:34.022567  8547 work_thread.hpp:92]  [T-Work-Detect_0] Push to split queue:recog
I1012 15:58:34.022608  8550 thread_intergrate.hpp:78] [T-Intergrate-intergrate] queue: frame output frame :81
I1012 15:58:34.022599  8549 work_thread.hpp:81]  [T-Work-Recog_1] Run work: WorkCapture
I1012 15:58:34.022639  8550 thread_intergrate.hpp:85] [T-Intergrate-intergrate] queue: compare output face:0
I1012 15:58:34.022658  8550 thread_intergrate.hpp:134] T-Intergrate-intergrate set matched face: 0
I1012 15:58:34.022581  8548 work_thread.hpp:81]  [T-Work-Recog_0] Run work: WorkCapture
I1012 15:58:34.023144  8549 work_thread.hpp:81]  [T-Work-Recog_1] Run work: WorkRecog
W1012 15:58:34.023166  8549 work_recog.hpp:118] Face id: 1 has low quality : 0.00732824, no need to recog
I1012 15:58:34.023217  8549 work_thread.hpp:81]  [T-Work-Recog_1] Run work: WorkCompare
I1012 15:58:34.023416  8548 work_thread.hpp:81]  [T-Work-Recog_0] Run work: WorkRecog
I1012 15:58:34.023437  8548 work_recog.hpp:89] Face id: 0 will run recog: bbox [144 x 198 from (231, 44)] quality: 0.481912
I1012 15:58:34.023463  8548 work_recog.hpp:96] Recog pair: [208 x 288 from (200, 0)], [144 x 198 from (31, 44)]
I1012 15:58:34.023844  8550 thread_intergrate.hpp:154] T-Intergrate-intergrate Show face :0, size :640 * 360
I1012 15:58:34.024325  8546 demo_inner.hpp:435] thread [SORT-0]  frame id 81 sorting queue size 0   FPS: 7.1409
I1012 15:58:34.024389  8545 demo_inner.hpp:260]  gui queue size 0, state = running
I1012 15:58:34.041082  8548 work_thread.hpp:81]  [T-Work-Recog_0] Run work: WorkCompare
I1012 15:58:34.041234  8548 work_compare.cpp:76] Compare face: 0 successed, similarity :0.993014, name : images/thanglmb.jpg, normal size : 640 * 360!
I1012 15:58:34.153352  8544 demo_inner.hpp:177] decode queue size 0
I1012 15:58:34.153448  8547 work_thread.hpp:81]  [T-Work-Detect_0] Run work: WorkDetect
I1012 15:58:34.153486  8547 work_detect.cpp:102] Succeeded to add det start for frame 82
I1012 15:58:34.160059  8547 work_detect.cpp:70] Frame :82 detect result :2 face(s)
I1012 15:58:34.160091  8547 work_detect.cpp:86] Detected bbox: [140 x 193 from (231, 46)]
I1012 15:58:34.160122  8547 work_detect.cpp:86] Detected bbox: [41 x 61 from (484, 116)]
I1012 15:58:34.160151  8547 work_detect.cpp:120] Succeeded to add det end for frame 82
I1012 15:58:34.160167  8547 work_thread.hpp:81]  [T-Work-Detect_0] Run work: WrokTrack
I1012 15:58:34.160190  8547 work_track.cpp:82] Frame: 82 build input_characts: [0.21875 x 0.536111 from (0.360938, 0.127778)], 0.997596, 0
I1012 15:58:34.160243  8547 work_track.cpp:82] Frame: 82 build input_characts: [0.0640625 x 0.169444 from (0.75625, 0.322222)], 0.983243, 1
I1012 15:58:34.160279  8547 work_track.cpp:102] Succeeded to set track lock for frame 82
I1012 15:58:34.160336  8547 work_track.cpp:116] Succeeded to release track lock for frame 82
I1012 15:58:34.160351  8547 work_track.cpp:120] Track results of frame 82: 2 objects input, 2 objects tracked!
I1012 15:58:34.160369  8547 work_track.cpp:148] Frame: 82, track bbox: [140 x 193 from (225.616, 46.9733)], gid: 0, lid: 0
I1012 15:58:34.160403  8547 work_track.cpp:148] Frame: 82, track bbox: [41 x 61 from (481.312, 118.003)], gid: 1, lid: 1
I1012 15:58:34.160434  8547 work_thread.hpp:88]  [T-Work-Detect_0] Frame :82 split
I1012 15:58:34.160452  8547 work_thread.hpp:120]  [T-Work-Detect_0] Valid piece: gid = 0
I1012 15:58:34.160470  8547 work_thread.hpp:120]  [T-Work-Detect_0] Valid piece: gid = 1
I1012 15:58:34.160563  8547 work_thread.hpp:92]  [T-Work-Detect_0] Push to split queue:recog
I1012 15:58:34.160591  8547 work_thread.hpp:92]  [T-Work-Detect_0] Push to split queue:recog
I1012 15:58:34.160631  8550 thread_intergrate.hpp:78] [T-Intergrate-intergrate] queue: frame output frame :82
I1012 15:58:34.160624  8549 work_thread.hpp:81]  [T-Work-Recog_1] Run work: WorkCapture
I1012 15:58:34.160663  8550 thread_intergrate.hpp:85] [T-Intergrate-intergrate] queue: compare output face:0
I1012 15:58:34.160683  8550 thread_intergrate.hpp:134] T-Intergrate-intergrate set matched face: 0
I1012 15:58:34.160607  8548 work_thread.hpp:81]  [T-Work-Recog_0] Run work: WorkCapture
I1012 15:58:34.161159  8549 work_thread.hpp:81]  [T-Work-Recog_1] Run work: WorkRecog
W1012 15:58:34.161181  8549 work_recog.hpp:118] Face id: 1 has low quality : 0.000898421, no need to recog
I1012 15:58:34.161236  8549 work_thread.hpp:81]  [T-Work-Recog_1] Run work: WorkCompare
I1012 15:58:34.161420  8548 work_thread.hpp:81]  [T-Work-Recog_0] Run work: WorkRecog
I1012 15:58:34.161440  8548 work_recog.hpp:89] Face id: 0 will run recog: bbox [140 x 193 from (231, 46)] quality: 0.475482
I1012 15:58:34.161466  8548 work_recog.hpp:96] Recog pair: [200 x 272 from (200, 8)], [140 x 193 from (31, 38)]
I1012 15:58:34.161862  8550 thread_intergrate.hpp:154] T-Intergrate-intergrate Show face :0, size :640 * 360
I1012 15:58:34.162323  8546 demo_inner.hpp:435] thread [SORT-0]  frame id 82 sorting queue size 0   FPS: 7.1409
I1012 15:58:34.162389  8545 demo_inner.hpp:260]  gui queue size 0, state = running
I1012 15:58:34.179131  8548 work_thread.hpp:81]  [T-Work-Recog_0] Run work: WorkCompare
I1012 15:58:34.179277  8548 work_compare.cpp:76] Compare face: 0 successed, similarity :0.995761, name : images/thanglmb.jpg, normal size : 640 * 360!
I1012 15:58:34.291334  8544 demo_inner.hpp:177] decode queue size 0
I1012 15:58:34.291430  8547 work_thread.hpp:81]  [T-Work-Detect_0] Run work: WorkDetect
I1012 15:58:34.291466  8547 work_detect.cpp:102] Succeeded to add det start for frame 83
I1012 15:58:34.298133  8547 work_detect.cpp:70] Frame :83 detect result :2 face(s)
I1012 15:58:34.298167  8547 work_detect.cpp:86] Detected bbox: [166 x 212 from (231, 39)]
I1012 15:58:34.298197  8547 work_detect.cpp:86] Detected bbox: [37 x 56 from (488, 116)]
I1012 15:58:34.298226  8547 work_detect.cpp:120] Succeeded to add det end for frame 83
I1012 15:58:34.298243  8547 work_thread.hpp:81]  [T-Work-Detect_0] Run work: WrokTrack
I1012 15:58:34.298265  8547 work_track.cpp:82] Frame: 83 build input_characts: [0.259375 x 0.588889 from (0.360938, 0.108333)], 0.997488, 0
I1012 15:58:34.298318  8547 work_track.cpp:82] Frame: 83 build input_characts: [0.0578125 x 0.155556 from (0.7625, 0.322222)], 0.991394, 1
I1012 15:58:34.298354  8547 work_track.cpp:102] Succeeded to set track lock for frame 83
I1012 15:58:34.298398  8547 work_track.cpp:116] Succeeded to release track lock for frame 83
I1012 15:58:34.298413  8547 work_track.cpp:120] Track results of frame 83: 2 objects input, 2 objects tracked!
I1012 15:58:34.298429  8547 work_track.cpp:148] Frame: 83, track bbox: [166 x 212 from (220.947, 36.9264)], gid: 0, lid: 0
I1012 15:58:34.298463  8547 work_track.cpp:148] Frame: 83, track bbox: [37 x 56 from (483.272, 118.688)], gid: 1, lid: 1
I1012 15:58:34.298496  8547 work_thread.hpp:88]  [T-Work-Detect_0] Frame :83 split
I1012 15:58:34.298513  8547 work_thread.hpp:120]  [T-Work-Detect_0] Valid piece: gid = 0
I1012 15:58:34.298532  8547 work_thread.hpp:120]  [T-Work-Detect_0] Valid piece: gid = 1
I1012 15:58:34.298548  8547 work_thread.hpp:92]  [T-Work-Detect_0] Push to split queue:recog
I1012 15:58:34.298574  8547 work_thread.hpp:92]  [T-Work-Detect_0] Push to split queue:recog
I1012 15:58:34.298614  8550 thread_intergrate.hpp:78] [T-Intergrate-intergrate] queue: frame output frame :83
I1012 15:58:34.298605  8549 work_thread.hpp:81]  [T-Work-Recog_1] Run work: WorkCapture
I1012 15:58:34.298646  8550 thread_intergrate.hpp:85] [T-Intergrate-intergrate] queue: compare output face:0
I1012 15:58:34.298744  8550 thread_intergrate.hpp:134] T-Intergrate-intergrate set matched face: 0
I1012 15:58:34.298590  8548 work_thread.hpp:81]  [T-Work-Recog_0] Run work: WorkCapture
I1012 15:58:34.299135  8549 work_thread.hpp:81]  [T-Work-Recog_1] Run work: WorkRecog
W1012 15:58:34.299157  8549 work_recog.hpp:118] Face id: 1 has low quality : 0.00189455, no need to recog
I1012 15:58:34.299208  8549 work_thread.hpp:81]  [T-Work-Recog_1] Run work: WorkCompare
I1012 15:58:34.299414  8548 work_thread.hpp:81]  [T-Work-Recog_0] Run work: WorkRecog
I1012 15:58:34.299435  8548 work_recog.hpp:89] Face id: 0 will run recog: bbox [166 x 212 from (231, 39)] quality: 0.485796
I1012 15:58:34.299460  8548 work_recog.hpp:96] Recog pair: [240 x 296 from (192, 0)], [166 x 212 from (39, 39)]
I1012 15:58:34.299926  8550 thread_intergrate.hpp:154] T-Intergrate-intergrate Show face :0, size :640 * 360
I1012 15:58:34.300415  8546 demo_inner.hpp:435] thread [SORT-0]  frame id 83 sorting queue size 0   FPS: 7.15268
I1012 15:58:34.300478  8545 demo_inner.hpp:260]  gui queue size 0, state = running
I1012 15:58:34.317220  8548 work_thread.hpp:81]  [T-Work-Recog_0] Run work: WorkCompare
I1012 15:58:34.317415  8548 work_compare.cpp:76] Compare face: 0 successed, similarity :0.990504, name : images/thanglmb.jpg, normal size : 640 * 360!
I1012 15:58:34.435171  8544 demo_inner.hpp:177] decode queue size 0
I1012 15:58:34.435271  8547 work_thread.hpp:81]  [T-Work-Detect_0] Run work: WorkDetect
I1012 15:58:34.435307  8547 work_detect.cpp:102] Succeeded to add det start for frame 84
I1012 15:58:34.441911  8547 work_detect.cpp:70] Frame :84 detect result :2 face(s)
I1012 15:58:34.441946  8547 work_detect.cpp:86] Detected bbox: [159 x 202 from (237, 44)]
I1012 15:58:34.441975  8547 work_detect.cpp:86] Detected bbox: [37 x 60 from (490, 112)]
I1012 15:58:34.442006  8547 work_detect.cpp:120] Succeeded to add det end for frame 84
I1012 15:58:34.442023  8547 work_thread.hpp:81]  [T-Work-Detect_0] Run work: WrokTrack
I1012 15:58:34.442045  8547 work_track.cpp:82] Frame: 84 build input_characts: [0.248437 x 0.561111 from (0.370313, 0.122222)], 1.00019, 0
I1012 15:58:34.442098  8547 work_track.cpp:82] Frame: 84 build input_characts: [0.0578125 x 0.166667 from (0.765625, 0.311111)], 0.991394, 1
I1012 15:58:34.442133  8547 work_track.cpp:102] Succeeded to set track lock for frame 84
I1012 15:58:34.442178  8547 work_track.cpp:116] Succeeded to release track lock for frame 84
I1012 15:58:34.442193  8547 work_track.cpp:120] Track results of frame 84: 2 objects input, 2 objects tracked!
I1012 15:58:34.442209  8547 work_track.cpp:148] Frame: 84, track bbox: [159 x 202 from (232.798, 41.5146)], gid: 0, lid: 0
I1012 15:58:34.442242  8547 work_track.cpp:148] Frame: 84, track bbox: [37 x 60 from (486.011, 113.834)], gid: 1, lid: 1
I1012 15:58:34.442276  8547 work_thread.hpp:88]  [T-Work-Detect_0] Frame :84 split
I1012 15:58:34.442292  8547 work_thread.hpp:120]  [T-Work-Detect_0] Valid piece: gid = 0
I1012 15:58:34.442310  8547 work_thread.hpp:120]  [T-Work-Detect_0] Valid piece: gid = 1
I1012 15:58:34.442327  8547 work_thread.hpp:92]  [T-Work-Detect_0] Push to split queue:recog
I1012 15:58:34.442353  8547 work_thread.hpp:92]  [T-Work-Detect_0] Push to split queue:recog
I1012 15:58:34.442391  8550 thread_intergrate.hpp:78] [T-Intergrate-intergrate] queue: frame output frame :84
I1012 15:58:34.442385  8549 work_thread.hpp:81]  [T-Work-Recog_1] Run work: WorkCapture
I1012 15:58:34.442425  8550 thread_intergrate.hpp:85] [T-Intergrate-intergrate] queue: compare output face:0
I1012 15:58:34.442445  8550 thread_intergrate.hpp:134] T-Intergrate-intergrate set matched face: 0
I1012 15:58:34.442366  8548 work_thread.hpp:81]  [T-Work-Recog_0] Run work: WorkCapture
I1012 15:58:34.442920  8549 work_thread.hpp:81]  [T-Work-Recog_1] Run work: WorkRecog
W1012 15:58:34.442942  8549 work_recog.hpp:118] Face id: 1 has low quality : 0.000793219, no need to recog
I1012 15:58:34.443038  8549 work_thread.hpp:81]  [T-Work-Recog_1] Run work: WorkCompare
I1012 15:58:34.443150  8548 work_thread.hpp:81]  [T-Work-Recog_0] Run work: WorkRecog
I1012 15:58:34.443217  8548 work_recog.hpp:89] Face id: 0 will run recog: bbox [159 x 202 from (237, 44)] quality: 0.487114
I1012 15:58:34.443244  8548 work_recog.hpp:96] Recog pair: [232 x 288 from (200, 0)], [159 x 202 from (37, 44)]
I1012 15:58:34.443635  8550 thread_intergrate.hpp:154] T-Intergrate-intergrate Show face :0, size :640 * 360
I1012 15:58:34.444094  8546 demo_inner.hpp:435] thread [SORT-0]  frame id 84 sorting queue size 0   FPS: 7.1409
I1012 15:58:34.444164  8545 demo_inner.hpp:260]  gui queue size 0, state = running
I1012 15:58:34.460942  8548 work_thread.hpp:81]  [T-Work-Recog_0] Run work: WorkCompare
I1012 15:58:34.461078  8548 work_compare.cpp:76] Compare face: 0 successed, similarity :0.968898, name : images/thanglmb.jpg, normal size : 640 * 360!
I1012 15:58:34.573181  8544 demo_inner.hpp:177] decode queue size 0
I1012 15:58:34.573273  8547 work_thread.hpp:81]  [T-Work-Detect_0] Run work: WorkDetect
I1012 15:58:34.573309  8547 work_detect.cpp:102] Succeeded to add det start for frame 85
I1012 15:58:34.579885  8547 work_detect.cpp:70] Frame :85 detect result :2 face(s)
I1012 15:58:34.579917  8547 work_detect.cpp:86] Detected bbox: [140 x 180 from (251, 47)]
I1012 15:58:34.579948  8547 work_detect.cpp:86] Detected bbox: [37 x 59 from (488, 114)]
I1012 15:58:34.579977  8547 work_detect.cpp:120] Succeeded to add det end for frame 85
I1012 15:58:34.579993  8547 work_thread.hpp:81]  [T-Work-Detect_0] Run work: WrokTrack
I1012 15:58:34.580015  8547 work_track.cpp:82] Frame: 85 build input_characts: [0.21875 x 0.5 from (0.392188, 0.130556)], 1.00019, 0
I1012 15:58:34.580066  8547 work_track.cpp:82] Frame: 85 build input_characts: [0.0578125 x 0.163889 from (0.7625, 0.316667)], 0.987331, 1
I1012 15:58:34.580102  8547 work_track.cpp:102] Succeeded to set track lock for frame 85
I1012 15:58:34.580145  8547 work_track.cpp:116] Succeeded to release track lock for frame 85
I1012 15:58:34.580160  8547 work_track.cpp:120] Track results of frame 85: 2 objects input, 2 objects tracked!
I1012 15:58:34.580178  8547 work_track.cpp:148] Frame: 85, track bbox: [140 x 180 from (249.817, 51.455)], gid: 0, lid: 0
I1012 15:58:34.580210  8547 work_track.cpp:148] Frame: 85, track bbox: [37 x 59 from (488.045, 113.094)], gid: 1, lid: 1
I1012 15:58:34.580243  8547 work_thread.hpp:88]  [T-Work-Detect_0] Frame :85 split
I1012 15:58:34.580260  8547 work_thread.hpp:120]  [T-Work-Detect_0] Valid piece: gid = 0
I1012 15:58:34.580278  8547 work_thread.hpp:120]  [T-Work-Detect_0] Valid piece: gid = 1
I1012 15:58:34.580317  8547 work_thread.hpp:92]  [T-Work-Detect_0] Push to split queue:recog
I1012 15:58:34.580343  8547 work_thread.hpp:92]  [T-Work-Detect_0] Push to split queue:recog
I1012 15:58:34.580382  8550 thread_intergrate.hpp:78] [T-Intergrate-intergrate] queue: frame output frame :85
I1012 15:58:34.580375  8549 work_thread.hpp:81]  [T-Work-Recog_1] Run work: WorkCapture
I1012 15:58:34.580415  8550 thread_intergrate.hpp:85] [T-Intergrate-intergrate] queue: compare output face:0
I1012 15:58:34.580435  8550 thread_intergrate.hpp:134] T-Intergrate-intergrate set matched face: 0
I1012 15:58:34.580358  8548 work_thread.hpp:81]  [T-Work-Recog_0] Run work: WorkCapture
I1012 15:58:34.580909  8549 work_thread.hpp:81]  [T-Work-Recog_1] Run work: WorkRecog
W1012 15:58:34.580930  8549 work_recog.hpp:118] Face id: 1 has low quality : 0.00070034, no need to recog
I1012 15:58:34.581032  8549 work_thread.hpp:81]  [T-Work-Recog_1] Run work: WorkCompare
I1012 15:58:34.581136  8548 work_thread.hpp:81]  [T-Work-Recog_0] Run work: WorkRecog
I1012 15:58:34.581156  8548 work_recog.hpp:89] Face id: 0 will run recog: bbox [140 x 180 from (251, 47)] quality: 0.424265
I1012 15:58:34.581182  8548 work_recog.hpp:96] Recog pair: [208 x 256 from (216, 8)], [140 x 180 from (35, 39)]
I1012 15:58:34.581616  8550 thread_intergrate.hpp:154] T-Intergrate-intergrate Show face :0, size :640 * 360
I1012 15:58:34.582075  8546 demo_inner.hpp:435] thread [SORT-0]  frame id 85 sorting queue size 0   FPS: 7.1409
I1012 15:58:34.582195  8545 demo_inner.hpp:260]  gui queue size 0, state = running
I1012 15:58:34.598894  8548 work_thread.hpp:81]  [T-Work-Recog_0] Run work: WorkCompare
I1012 15:58:34.599026  8548 work_compare.cpp:76] Compare face: 0 successed, similarity :0.920711, name : images/thanglmb.jpg, normal size : 640 * 360!
I1012 15:58:34.711201  8544 demo_inner.hpp:177] decode queue size 0
I1012 15:58:34.711295  8547 work_thread.hpp:81]  [T-Work-Detect_0] Run work: WorkDetect
I1012 15:58:34.711331  8547 work_detect.cpp:102] Succeeded to add det start for frame 86
I1012 15:58:34.717989  8547 work_detect.cpp:70] Frame :86 detect result :2 face(s)
I1012 15:58:34.718022  8547 work_detect.cpp:86] Detected bbox: [136 x 188 from (271, 40)]
I1012 15:58:34.718053  8547 work_detect.cpp:86] Detected bbox: [35 x 50 from (486, 119)]
I1012 15:58:34.718082  8547 work_detect.cpp:120] Succeeded to add det end for frame 86
I1012 15:58:34.718097  8547 work_thread.hpp:81]  [T-Work-Detect_0] Run work: WrokTrack
I1012 15:58:34.718122  8547 work_track.cpp:82] Frame: 86 build input_characts: [0.2125 x 0.522222 from (0.423438, 0.111111)], 0.999622, 0
I1012 15:58:34.718174  8547 work_track.cpp:82] Frame: 86 build input_characts: [0.0546875 x 0.138889 from (0.759375, 0.330556)], 0.967082, 1
I1012 15:58:34.718209  8547 work_track.cpp:102] Succeeded to set track lock for frame 86
I1012 15:58:34.718253  8547 work_track.cpp:116] Succeeded to release track lock for frame 86
I1012 15:58:34.718267  8547 work_track.cpp:120] Track results of frame 86: 2 objects input, 2 objects tracked!
I1012 15:58:34.718286  8547 work_track.cpp:148] Frame: 86, track bbox: [136 x 188 from (265.053, 42.7049)], gid: 0, lid: 0
I1012 15:58:34.718319  8547 work_track.cpp:148] Frame: 86, track bbox: [35 x 50 from (488.554, 117.257)], gid: 1, lid: 1
I1012 15:58:34.718351  8547 work_thread.hpp:88]  [T-Work-Detect_0] Frame :86 split
I1012 15:58:34.718369  8547 work_thread.hpp:120]  [T-Work-Detect_0] Valid piece: gid = 0
I1012 15:58:34.718386  8547 work_thread.hpp:120]  [T-Work-Detect_0] Valid piece: gid = 1
I1012 15:58:34.718403  8547 work_thread.hpp:92]  [T-Work-Detect_0] Push to split queue:recog
I1012 15:58:34.718430  8547 work_thread.hpp:92]  [T-Work-Detect_0] Push to split queue:recog
I1012 15:58:34.718469  8550 thread_intergrate.hpp:78] [T-Intergrate-intergrate] queue: frame output frame :86
I1012 15:58:34.718461  8549 work_thread.hpp:81]  [T-Work-Recog_1] Run work: WorkCapture
I1012 15:58:34.718502  8550 thread_intergrate.hpp:85] [T-Intergrate-intergrate] queue: compare output face:0
I1012 15:58:34.718520  8550 thread_intergrate.hpp:134] T-Intergrate-intergrate set matched face: 0
I1012 15:58:34.718446  8548 work_thread.hpp:81]  [T-Work-Recog_0] Run work: WorkCapture
I1012 15:58:34.718976  8549 work_thread.hpp:81]  [T-Work-Recog_1] Run work: WorkRecog
W1012 15:58:34.718997  8549 work_recog.hpp:118] Face id: 1 has low quality : 0.00214508, no need to recog
I1012 15:58:34.719092  8549 work_thread.hpp:81]  [T-Work-Recog_1] Run work: WorkCompare
I1012 15:58:34.719211  8548 work_thread.hpp:81]  [T-Work-Recog_0] Run work: WorkRecog
I1012 15:58:34.719233  8548 work_recog.hpp:89] Face id: 0 will run recog: bbox [136 x 188 from (271, 40)] quality: 0.438967
I1012 15:58:34.719259  8548 work_recog.hpp:96] Recog pair: [200 x 272 from (240, 0)], [136 x 188 from (31, 40)]
I1012 15:58:34.719702  8550 thread_intergrate.hpp:154] T-Intergrate-intergrate Show face :0, size :640 * 360
I1012 15:58:34.720167  8546 demo_inner.hpp:435] thread [SORT-0]  frame id 86 sorting queue size 0   FPS: 7.15268
I1012 15:58:34.720229  8545 demo_inner.hpp:260]  gui queue size 0, state = running
I1012 15:58:34.737018  8548 work_thread.hpp:81]  [T-Work-Recog_0] Run work: WorkCompare
I1012 15:58:34.737140  8548 work_compare.cpp:71] Compare face: 0 failed
I1012 15:58:34.855139  8544 demo_inner.hpp:177] decode queue size 0
I1012 15:58:34.855235  8547 work_thread.hpp:81]  [T-Work-Detect_0] Run work: WorkDetect
I1012 15:58:34.855271  8547 work_detect.cpp:102] Succeeded to add det start for frame 87
I1012 15:58:34.861879  8547 work_detect.cpp:70] Frame :87 detect result :1 face(s)
I1012 15:58:34.861996  8547 work_detect.cpp:86] Detected bbox: [151 x 198 from (287, 36)]
I1012 15:58:34.862038  8547 work_detect.cpp:120] Succeeded to add det end for frame 87
I1012 15:58:34.862054  8547 work_thread.hpp:81]  [T-Work-Detect_0] Run work: WrokTrack
I1012 15:58:34.862078  8547 work_track.cpp:82] Frame: 87 build input_characts: [0.235938 x 0.55 from (0.448438, 0.1)], 0.999622, 0
I1012 15:58:34.862135  8547 work_track.cpp:102] Succeeded to set track lock for frame 87
I1012 15:58:34.862177  8547 work_track.cpp:116] Succeeded to release track lock for frame 87
I1012 15:58:34.862191  8547 work_track.cpp:120] Track results of frame 87: 1 objects input, 2 objects tracked!
I1012 15:58:34.862210  8547 work_track.cpp:148] Frame: 87, track bbox: [151 x 198 from (277.726, 35.1774)], gid: 0, lid: 0
I1012 15:58:34.862242  8547 work_track.cpp:148] Frame: 87, track bbox: [35 x 50 from (488.782, 116.229)], gid: 1, lid: -1
I1012 15:58:34.862273  8547 work_thread.hpp:88]  [T-Work-Detect_0] Frame :87 split
I1012 15:58:34.862291  8547 work_thread.hpp:120]  [T-Work-Detect_0] Valid piece: gid = 0
I1012 15:58:34.862308  8547 work_thread.hpp:92]  [T-Work-Detect_0] Push to split queue:recog
I1012 15:58:34.862349  8548 work_thread.hpp:81]  [T-Work-Recog_0] Run work: WorkCapture
I1012 15:58:34.862352  8550 thread_intergrate.hpp:78] [T-Intergrate-intergrate] queue: frame output frame :87
I1012 15:58:34.862881  8548 work_thread.hpp:81]  [T-Work-Recog_0] Run work: WorkRecog
I1012 15:58:34.862905  8548 work_recog.hpp:89] Face id: 0 will run recog: bbox [151 x 198 from (287, 36)] quality: 0.468736
I1012 15:58:34.862931  8548 work_recog.hpp:96] Recog pair: [216 x 280 from (256, 0)], [151 x 198 from (31, 36)]
I1012 15:58:34.863495  8550 thread_intergrate.hpp:154] T-Intergrate-intergrate Show face :0, size :640 * 360
I1012 15:58:34.863950  8546 demo_inner.hpp:435] thread [SORT-0]  frame id 87 sorting queue size 0   FPS: 7.1409
I1012 15:58:34.864059  8545 demo_inner.hpp:260]  gui queue size 0, state = running
I1012 15:58:34.880638  8548 work_thread.hpp:81]  [T-Work-Recog_0] Run work: WorkCompare
I1012 15:58:34.880769  8548 work_compare.cpp:71] Compare face: 0 failed
I1012 15:58:34.993180  8544 demo_inner.hpp:177] decode queue size 0
I1012 15:58:34.993276  8547 work_thread.hpp:81]  [T-Work-Detect_0] Run work: WorkDetect
I1012 15:58:34.993312  8547 work_detect.cpp:102] Succeeded to add det start for frame 88
I1012 15:58:34.999883  8547 work_detect.cpp:70] Frame :88 detect result :1 face(s)
I1012 15:58:34.999914  8547 work_detect.cpp:86] Detected bbox: [168 x 207 from (298, 20)]
I1012 15:58:34.999954  8547 work_detect.cpp:120] Succeeded to add det end for frame 88
I1012 15:58:34.999970  8547 work_thread.hpp:81]  [T-Work-Detect_0] Run work: WrokTrack
I1012 15:58:34.999994  8547 work_track.cpp:82] Frame: 88 build input_characts: [0.2625 x 0.575 from (0.465625, 0.0555556)], 0.999622, 0
I1012 15:58:35.000051  8547 work_track.cpp:102] Succeeded to set track lock for frame 88
I1012 15:58:35.000092  8547 work_track.cpp:116] Succeeded to release track lock for frame 88
I1012 15:58:35.000106  8547 work_track.cpp:120] Track results of frame 88: 1 objects input, 1 objects tracked!
I1012 15:58:35.000123  8547 work_track.cpp:148] Frame: 88, track bbox: [168 x 207 from (290.517, 23.1021)], gid: 0, lid: 0
I1012 15:58:35.000159  8547 work_thread.hpp:88]  [T-Work-Detect_0] Frame :88 split
I1012 15:58:35.000177  8547 work_thread.hpp:120]  [T-Work-Detect_0] Valid piece: gid = 0
I1012 15:58:35.000195  8547 work_thread.hpp:92]  [T-Work-Detect_0] Push to split queue:recog
I1012 15:58:35.000239  8549 work_thread.hpp:81]  [T-Work-Recog_1] Run work: WorkCapture
I1012 15:58:35.000241  8550 thread_intergrate.hpp:78] [T-Intergrate-intergrate] queue: frame output frame :88
I1012 15:58:35.000793  8549 work_thread.hpp:81]  [T-Work-Recog_1] Run work: WorkRecog
I1012 15:58:35.000818  8549 work_recog.hpp:89] Face id: 0 will run recog: bbox [168 x 207 from (298, 20)] quality: 0.476677
I1012 15:58:35.000844  8549 work_recog.hpp:96] Recog pair: [240 x 296 from (264, 0)], [168 x 207 from (34, 20)]
I1012 15:58:35.001387  8550 thread_intergrate.hpp:154] T-Intergrate-intergrate Show face :0, size :640 * 360
I1012 15:58:35.001842  8546 demo_inner.hpp:435] thread [SORT-0]  frame id 88 sorting queue size 0   FPS: 7.1409
I1012 15:58:35.001909  8545 demo_inner.hpp:260]  gui queue size 0, state = running
I1012 15:58:35.018702  8549 work_thread.hpp:81]  [T-Work-Recog_1] Run work: WorkCompare
I1012 15:58:35.018824  8549 work_compare.cpp:76] Compare face: 0 successed, similarity :0.911956, name : images/thanglmb.jpg, normal size : 640 * 360!
I1012 15:58:35.131276  8544 demo_inner.hpp:177] decode queue size 0
I1012 15:58:35.131369  8547 work_thread.hpp:81]  [T-Work-Detect_0] Run work: WorkDetect
I1012 15:58:35.131405  8547 work_detect.cpp:102] Succeeded to add det start for frame 89
I1012 15:58:35.138026  8547 work_detect.cpp:70] Frame :89 detect result :1 face(s)
I1012 15:58:35.138062  8547 work_detect.cpp:86] Detected bbox: [151 x 202 from (320, 21)]
I1012 15:58:35.138103  8547 work_detect.cpp:120] Succeeded to add det end for frame 89
I1012 15:58:35.138119  8547 work_thread.hpp:81]  [T-Work-Detect_0] Run work: WrokTrack
I1012 15:58:35.138142  8547 work_track.cpp:82] Frame: 89 build input_characts: [0.235938 x 0.561111 from (0.5, 0.0583333)], 1.00019, 0
I1012 15:58:35.138198  8547 work_track.cpp:102] Succeeded to set track lock for frame 89
I1012 15:58:35.138242  8547 work_track.cpp:116] Succeeded to release track lock for frame 89
I1012 15:58:35.138257  8547 work_track.cpp:120] Track results of frame 89: 1 objects input, 1 objects tracked!
I1012 15:58:35.138274  8547 work_track.cpp:148] Frame: 89, track bbox: [151 x 202 from (320.114, 20.7736)], gid: 0, lid: 0
I1012 15:58:35.138309  8547 work_thread.hpp:88]  [T-Work-Detect_0] Frame :89 split
I1012 15:58:35.138327  8547 work_thread.hpp:120]  [T-Work-Detect_0] Valid piece: gid = 0
I1012 15:58:35.138345  8547 work_thread.hpp:92]  [T-Work-Detect_0] Push to split queue:recog
I1012 15:58:35.138386  8549 work_thread.hpp:81]  [T-Work-Recog_1] Run work: WorkCapture
I1012 15:58:35.138391  8550 thread_intergrate.hpp:78] [T-Intergrate-intergrate] queue: frame output frame :89
I1012 15:58:35.138418  8550 thread_intergrate.hpp:85] [T-Intergrate-intergrate] queue: compare output face:0
I1012 15:58:35.138438  8550 thread_intergrate.hpp:134] T-Intergrate-intergrate set matched face: 0
I1012 15:58:35.138931  8549 work_thread.hpp:81]  [T-Work-Recog_1] Run work: WorkRecog
I1012 15:58:35.138955  8549 work_recog.hpp:89] Face id: 0 will run recog: bbox [151 x 202 from (320, 21)] quality: 0.476116
I1012 15:58:35.138983  8549 work_recog.hpp:96] Recog pair: [216 x 288 from (288, 0)], [151 x 202 from (32, 21)]
I1012 15:58:35.139595  8550 thread_intergrate.hpp:154] T-Intergrate-intergrate Show face :0, size :640 * 360
I1012 15:58:35.140060  8546 demo_inner.hpp:435] thread [SORT-0]  frame id 89 sorting queue size 0   FPS: 7.15268
I1012 15:58:35.140126  8545 demo_inner.hpp:260]  gui queue size 0, state = running
I1012 15:58:35.156715  8549 work_thread.hpp:81]  [T-Work-Recog_1] Run work: WorkCompare
I1012 15:58:35.156834  8549 work_compare.cpp:76] Compare face: 0 successed, similarity :0.979649, name : images/thanglmb.jpg, normal size : 640 * 360!
I1012 15:58:35.275223  8544 demo_inner.hpp:177] decode queue size 0
I1012 15:58:35.275318  8547 work_thread.hpp:81]  [T-Work-Detect_0] Run work: WorkDetect
I1012 15:58:35.275353  8547 work_detect.cpp:102] Succeeded to add det start for frame 90
I1012 15:58:35.281986  8547 work_detect.cpp:70] Frame :90 detect result :1 face(s)
I1012 15:58:35.282021  8547 work_detect.cpp:86] Detected bbox: [161 x 201 from (327, 25)]
I1012 15:58:35.282060  8547 work_detect.cpp:120] Succeeded to add det end for frame 90
I1012 15:58:35.282076  8547 work_thread.hpp:81]  [T-Work-Detect_0] Run work: WrokTrack
