I1015 11:10:08.760170  3622 work_thread.hpp:102]  [T-Work-Recog_0] Try to push queue compare again 8 vs 8
I1015 11:10:08.763437  3618 demo_inner.hpp:177] decode queue size 1
I1015 11:10:08.765729  3621 work_thread.hpp:102]  [T-Work-Detect_0] Try to push queue frame again 8 vs 8
I1015 11:10:08.765821  3623 work_thread.hpp:102]  [T-Work-Recog_1] Try to push queue compare again 8 vs 8
I1015 11:10:08.770262  3622 work_thread.hpp:102]  [T-Work-Recog_0] Try to push queue compare again 8 vs 8
I1015 11:10:08.775818  3621 work_thread.hpp:102]  [T-Work-Detect_0] Try to push queue frame again 8 vs 8
I1015 11:10:08.775908  3623 work_thread.hpp:102]  [T-Work-Recog_1] Try to push queue compare again 8 vs 8
I1015 11:10:08.780351  3622 work_thread.hpp:102]  [T-Work-Recog_0] Try to push queue compare again 8 vs 8
I1015 11:10:08.785910  3621 work_thread.hpp:102]  [T-Work-Detect_0] Try to push queue frame again 8 vs 8
I1015 11:10:08.785998  3623 work_thread.hpp:102]  [T-Work-Recog_1] Try to push queue compare again 8 vs 8
I1015 11:10:08.790452  3622 work_thread.hpp:102]  [T-Work-Recog_0] Try to push queue compare again 8 vs 8
I1015 11:10:08.793527  3618 demo_inner.hpp:177] decode queue size 1
I1015 11:10:08.796021  3621 work_thread.hpp:102]  [T-Work-Detect_0] Try to push queue frame again 8 vs 8
I1015 11:10:08.796093  3623 work_thread.hpp:102]  [T-Work-Recog_1] Try to push queue compare again 8 vs 8
I1015 11:10:08.800546  3622 work_thread.hpp:102]  [T-Work-Recog_0] Try to push queue compare again 8 vs 8
I1015 11:10:08.806187  3621 work_thread.hpp:102]  [T-Work-Detect_0] Try to push queue frame again 8 vs 8
I1015 11:10:08.806200  3623 work_thread.hpp:102]  [T-Work-Recog_1] Try to push queue compare again 8 vs 8
I1015 11:10:08.810726  3622 work_thread.hpp:102]  [T-Work-Recog_0] Try to push queue compare again 8 vs 8
I1015 11:10:08.816278  3621 work_thread.hpp:102]  [T-Work-Detect_0] Try to push queue frame again 8 vs 8
I1015 11:10:08.816293  3623 work_thread.hpp:102]  [T-Work-Recog_1] Try to push queue compare again 8 vs 8
I1015 11:10:08.820829  3622 work_thread.hpp:102]  [T-Work-Recog_0] Try to push queue compare again 8 vs 8
I1015 11:10:08.826386  3621 work_thread.hpp:102]  [T-Work-Detect_0] Try to push queue frame again 8 vs 8
I1015 11:10:08.826386  3623 work_thread.hpp:102]  [T-Work-Recog_1] Try to push queue compare again 8 vs 8
I1015 11:10:08.829370  3618 demo_inner.hpp:177] decode queue size 1
I1015 11:10:08.830926  3622 work_thread.hpp:102]  [T-Work-Recog_0] Try to push queue compare again 8 vs 8
I1015 11:10:08.836490  3621 work_thread.hpp:102]  [T-Work-Detect_0] Try to push queue frame again 8 vs 8
I1015 11:10:08.836511  3623 work_thread.hpp:102]  [T-Work-Recog_1] Try to push queue compare again 8 vs 8
I1015 11:10:08.841014  3622 work_thread.hpp:102]  [T-Work-Recog_0] Try to push queue compare again 8 vs 8
I1015 11:10:08.846573  3621 work_thread.hpp:102]  [T-Work-Detect_0] Try to push queue frame again 8 vs 8
I1015 11:10:08.846606  3623 work_thread.hpp:102]  [T-Work-Recog_1] Try to push queue compare again 8 vs 8
I1015 11:10:08.851097  3622 work_thread.hpp:102]  [T-Work-Recog_0] Try to push queue compare again 8 vs 8
I1015 11:10:08.856662  3621 work_thread.hpp:102]  [T-Work-Detect_0] Try to push queue frame again 8 vs 8
I1015 11:10:08.856699  3623 work_thread.hpp:102]  [T-Work-Recog_1] Try to push queue compare again 8 vs 8
I1015 11:10:08.861179  3622 work_thread.hpp:102]  [T-Work-Recog_0] Try to push queue compare again 8 vs 8
I1015 11:10:08.865366  3618 demo_inner.hpp:177] decode queue size 1
I1015 11:10:08.866758  3621 work_thread.hpp:102]  [T-Work-Detect_0] Try to push queue frame again 8 vs 8
I1015 11:10:08.866814  3623 work_thread.hpp:102]  [T-Work-Recog_1] Try to push queue compare again 8 vs 8
I1015 11:10:08.871263  3622 work_thread.hpp:102]  [T-Work-Recog_0] Try to push queue compare again 8 vs 8
I1015 11:10:08.875771  3624 thread_intergrate.hpp:224] T-Intergrate-intergrate Show face :0, size :640 * 360
I1015 11:10:08.875946  3624 thread_intergrate.hpp:83] [T-Intergrate-intergrate] queue: frame output frame :50
I1015 11:10:08.875972  3624 thread_intergrate.hpp:90] [T-Intergrate-intergrate] queue: compare output face:0
I1015 11:10:08.875990  3623 work_thread.hpp:81]  [T-Work-Recog_1] Run work: WorkCapture
I1015 11:10:08.876025  3621 work_thread.hpp:81]  [T-Work-Detect_0] Run work: WorkDetect
I1015 11:10:08.876053  3621 work_detect.cpp:102] Succeeded to add det start for frame 59
I1015 11:10:08.876245  3620 demo_inner.hpp:435] thread [SORT-0]  frame id 49 sorting queue size 0   FPS: 11.1913
I1015 11:10:08.876325  3619 demo_inner.hpp:260]  gui queue size 0, state = running
I1015 11:10:08.876706  3623 work_thread.hpp:81]  [T-Work-Recog_1] Run work: WorkRecog
I1015 11:10:08.876730  3623 work_recog.hpp:89] Face id: 0 will run recog: bbox [184 x 232 from (265, 96)] quality: 0.449565
I1015 11:10:08.876760  3623 work_recog.hpp:96] Recog pair: [264 x 312 from (224, 48)], [184 x 232 from (41, 48)]
I1015 11:10:08.875991  3624 thread_intergrate.hpp:149] T-Intergrate-intergrate set matched face: 0
I1015 11:10:08.880990  3624 thread_intergrate.hpp:224] T-Intergrate-intergrate Show face :0, size :640 * 360
I1015 11:10:08.881208  3624 thread_intergrate.hpp:83] [T-Intergrate-intergrate] queue: frame output frame :51
I1015 11:10:08.881238  3624 thread_intergrate.hpp:90] [T-Intergrate-intergrate] queue: compare output face:0
I1015 11:10:08.881371  3624 thread_intergrate.hpp:149] T-Intergrate-intergrate set matched face: 0
I1015 11:10:08.881572  3620 demo_inner.hpp:435] thread [SORT-0]  frame id 50 sorting queue size 0   FPS: 11.285
I1015 11:10:08.883240  3621 work_detect.cpp:70] Frame :59 detect result :2 face(s)
I1015 11:10:08.883301  3621 work_detect.cpp:86] Detected bbox: [190 x 240 from (253, 91)]
I1015 11:10:08.883335  3621 work_detect.cpp:86] Detected bbox: [100 x 114 from (295, 199)]
I1015 11:10:08.883375  3621 work_detect.cpp:120] Succeeded to add det end for frame 59
I1015 11:10:08.883392  3621 work_thread.hpp:81]  [T-Work-Detect_0] Run work: WrokTrack
I1015 11:10:08.883435  3619 demo_inner.hpp:260]  gui queue size 0, state = running
I1015 11:10:08.883417  3621 work_track.cpp:82] Frame: 59 build input_characts: [0.296875 x 0.666667 from (0.395312, 0.252778)], 0.99799, 0
I1015 11:10:08.883471  3621 work_track.cpp:82] Frame: 59 build input_characts: [0.15625 x 0.316667 from (0.460938, 0.552778)], 0.923714, 1
I1015 11:10:08.883507  3621 work_track.cpp:102] Succeeded to set track lock for frame 59
I1015 11:10:08.883559  3621 work_track.cpp:116] Succeeded to release track lock for frame 59
I1015 11:10:08.883575  3621 work_track.cpp:120] Track results of frame 59: 2 objects input, 1 objects tracked!
I1015 11:10:08.883594  3621 work_track.cpp:148] Frame: 59, track bbox: [190 x 240 from (256.135, 91.1779)], gid: 0, lid: 0
I1015 11:10:08.883632  3621 work_track.cpp:162] Frame: 59 lid: 1 not tracked, will set invalid
I1015 11:10:08.883651  3621 work_thread.hpp:87]  [T-Work-Detect_0] Frame :59 split
I1015 11:10:08.883671  3621 work_thread.hpp:120]  [T-Work-Detect_0] Valid piece: gid = 0
I1015 11:10:08.883692  3621 work_thread.hpp:126]  [T-Work-Detect_0] Invalid piece: lid = 1, drop it
I1015 11:10:08.883708  3621 work_thread.hpp:91]  [T-Work-Detect_0] Push to split queue:recog
I1015 11:10:08.883774  3622 work_thread.hpp:81]  [T-Work-Recog_0] Run work: WorkCapture
I1015 11:10:08.884438  3622 work_thread.hpp:81]  [T-Work-Recog_0] Run work: WorkRecog
I1015 11:10:08.884464  3622 work_recog.hpp:89] Face id: 0 will run recog: bbox [190 x 240 from (253, 91)] quality: 0.473868
I1015 11:10:08.884493  3622 work_recog.hpp:96] Recog pair: [280 x 320 from (208, 40)], [190 x 240 from (45, 51)]
I1015 11:10:08.884805  3624 thread_intergrate.hpp:224] T-Intergrate-intergrate Show face :0, size :640 * 360
I1015 11:10:08.884976  3624 thread_intergrate.hpp:83] [T-Intergrate-intergrate] queue: frame output frame :52
I1015 11:10:08.884999  3624 thread_intergrate.hpp:90] [T-Intergrate-intergrate] queue: compare output face:0
I1015 11:10:08.885017  3624 thread_intergrate.hpp:149] T-Intergrate-intergrate set matched face: 0
I1015 11:10:08.885291  3620 demo_inner.hpp:435] thread [SORT-0]  frame id 51 sorting queue size 0   FPS: 11.4265
I1015 11:10:08.891793  3619 demo_inner.hpp:260]  gui queue size 0, state = running
I1015 11:10:08.897166  3618 demo_inner.hpp:177] decode queue size 0
I1015 11:10:08.897410  3621 work_thread.hpp:81]  [T-Work-Detect_0] Run work: WorkDetect
I1015 11:10:08.897460  3621 work_detect.cpp:102] Succeeded to add det start for frame 60
I1015 11:10:08.900722  3623 work_thread.hpp:81]  [T-Work-Recog_1] Run work: WorkCompare
I1015 11:10:08.901259  3623 work_compare.cpp:76] Compare face: 0 successed, similarity :0.992518, name : images/ThangLMb.jpg, normal size : 1548 * 1719!
I1015 11:10:08.905390  3621 work_detect.cpp:70] Frame :60 detect result :1 face(s)
I1015 11:10:08.905458  3621 work_detect.cpp:86] Detected bbox: [178 x 233 from (258, 94)]
I1015 11:10:08.905516  3621 work_detect.cpp:120] Succeeded to add det end for frame 60
I1015 11:10:08.905534  3621 work_thread.hpp:81]  [T-Work-Detect_0] Run work: WrokTrack
I1015 11:10:08.905565  3621 work_track.cpp:82] Frame: 60 build input_characts: [0.278125 x 0.647222 from (0.403125, 0.261111)], 1.00035, 0
I1015 11:10:08.905632  3621 work_track.cpp:102] Succeeded to set track lock for frame 60
I1015 11:10:08.905684  3621 work_track.cpp:116] Succeeded to release track lock for frame 60
I1015 11:10:08.905782  3621 work_track.cpp:120] Track results of frame 60: 1 objects input, 1 objects tracked!
I1015 11:10:08.905786  3622 work_thread.hpp:81]  [T-Work-Recog_0] Run work: WorkCompare
I1015 11:10:08.905803  3621 work_track.cpp:148] Frame: 60, track bbox: [178 x 233 from (260.584, 94.5287)], gid: 0, lid: 0
I1015 11:10:08.905841  3621 work_thread.hpp:87]  [T-Work-Detect_0] Frame :60 split
I1015 11:10:08.905859  3621 work_thread.hpp:120]  [T-Work-Detect_0] Valid piece: gid = 0
I1015 11:10:08.905877  3621 work_thread.hpp:91]  [T-Work-Detect_0] Push to split queue:recog
I1015 11:10:08.905933  3623 work_thread.hpp:81]  [T-Work-Recog_1] Run work: WorkCapture
I1015 11:10:08.906210  3622 work_compare.cpp:76] Compare face: 0 successed, similarity :0.989394, name : images/ThangLMb.jpg, normal size : 1548 * 1719!
I1015 11:10:08.906566  3623 work_thread.hpp:81]  [T-Work-Recog_1] Run work: WorkRecog
I1015 11:10:08.906597  3623 work_recog.hpp:89] Face id: 0 will run recog: bbox [178 x 233 from (258, 94)] quality: 0.461371
I1015 11:10:08.906625  3623 work_recog.hpp:96] Recog pair: [256 x 312 from (216, 48)], [178 x 233 from (42, 46)]
I1015 11:10:08.916339  3622 work_thread.hpp:102]  [T-Work-Recog_0] Try to push queue compare again 8 vs 8
I1015 11:10:08.924904  3623 work_thread.hpp:81]  [T-Work-Recog_1] Run work: WorkCompare
I1015 11:10:08.925493  3623 work_compare.cpp:76] Compare face: 0 successed, similarity :0.99593, name : images/ThangLMb.jpg, normal size : 1548 * 1719!
I1015 11:10:08.926481  3622 work_thread.hpp:102]  [T-Work-Recog_0] Try to push queue compare again 8 vs 8
I1015 11:10:08.931876  3618 demo_inner.hpp:177] decode queue size 0
I1015 11:10:08.931960  3621 work_thread.hpp:81]  [T-Work-Detect_0] Run work: WorkDetect
I1015 11:10:08.931991  3621 work_detect.cpp:102] Succeeded to add det start for frame 61
I1015 11:10:08.935665  3623 work_thread.hpp:102]  [T-Work-Recog_1] Try to push queue compare again 8 vs 8
I1015 11:10:08.936583  3622 work_thread.hpp:102]  [T-Work-Recog_0] Try to push queue compare again 8 vs 8
I1015 11:10:08.938647  3621 work_detect.cpp:70] Frame :61 detect result :1 face(s)
I1015 11:10:08.938669  3621 work_detect.cpp:86] Detected bbox: [178 x 227 from (266, 94)]
I1015 11:10:08.938712  3621 work_detect.cpp:120] Succeeded to add det end for frame 61
I1015 11:10:08.938730  3621 work_thread.hpp:81]  [T-Work-Detect_0] Run work: WrokTrack
I1015 11:10:08.938750  3621 work_track.cpp:82] Frame: 61 build input_characts: [0.278125 x 0.630556 from (0.415625, 0.261111)], 1.00019, 0
I1015 11:10:08.938802  3621 work_track.cpp:102] Succeeded to set track lock for frame 61
I1015 11:10:08.938850  3621 work_track.cpp:116] Succeeded to release track lock for frame 61
I1015 11:10:08.938865  3621 work_track.cpp:120] Track results of frame 61: 1 objects input, 1 objects tracked!
I1015 11:10:08.938884  3621 work_track.cpp:148] Frame: 61, track bbox: [178 x 227 from (263.175, 95.9865)], gid: 0, lid: 0
I1015 11:10:08.938920  3621 work_thread.hpp:87]  [T-Work-Detect_0] Frame :61 split
I1015 11:10:08.938937  3621 work_thread.hpp:120]  [T-Work-Detect_0] Valid piece: gid = 0
I1015 11:10:08.938956  3621 work_thread.hpp:91]  [T-Work-Detect_0] Push to split queue:recog
I1015 11:10:08.945811  3623 work_thread.hpp:102]  [T-Work-Recog_1] Try to push queue compare again 8 vs 8
I1015 11:10:08.946669  3622 work_thread.hpp:102]  [T-Work-Recog_0] Try to push queue compare again 8 vs 8
I1015 11:10:08.949039  3621 work_thread.hpp:102]  [T-Work-Detect_0] Try to push queue frame again 8 vs 8
I1015 11:10:08.955940  3623 work_thread.hpp:102]  [T-Work-Recog_1] Try to push queue compare again 8 vs 8
I1015 11:10:08.956758  3622 work_thread.hpp:102]  [T-Work-Recog_0] Try to push queue compare again 8 vs 8
I1015 11:10:08.959121  3621 work_thread.hpp:102]  [T-Work-Detect_0] Try to push queue frame again 8 vs 8
I1015 11:10:08.961482  3618 demo_inner.hpp:177] decode queue size 0
I1015 11:10:08.966051  3623 work_thread.hpp:102]  [T-Work-Recog_1] Try to push queue compare again 8 vs 8
I1015 11:10:08.966851  3622 work_thread.hpp:102]  [T-Work-Recog_0] Try to push queue compare again 8 vs 8
I1015 11:10:08.969202  3621 work_thread.hpp:102]  [T-Work-Detect_0] Try to push queue frame again 8 vs 8
I1015 11:10:08.976145  3623 work_thread.hpp:102]  [T-Work-Recog_1] Try to push queue compare again 8 vs 8
I1015 11:10:08.977007  3622 work_thread.hpp:102]  [T-Work-Recog_0] Try to push queue compare again 8 vs 8
I1015 11:10:08.979284  3621 work_thread.hpp:102]  [T-Work-Detect_0] Try to push queue frame again 8 vs 8
I1015 11:10:08.986279  3623 work_thread.hpp:102]  [T-Work-Recog_1] Try to push queue compare again 8 vs 8
I1015 11:10:08.987092  3622 work_thread.hpp:102]  [T-Work-Recog_0] Try to push queue compare again 8 vs 8
I1015 11:10:08.989367  3621 work_thread.hpp:102]  [T-Work-Detect_0] Try to push queue frame again 8 vs 8
I1015 11:10:08.996387  3623 work_thread.hpp:102]  [T-Work-Recog_1] Try to push queue compare again 8 vs 8
I1015 11:10:08.997180  3622 work_thread.hpp:102]  [T-Work-Recog_0] Try to push queue compare again 8 vs 8
I1015 11:10:08.997512  3618 demo_inner.hpp:177] decode queue size 1
I1015 11:10:08.999455  3621 work_thread.hpp:102]  [T-Work-Detect_0] Try to push queue frame again 8 vs 8
I1015 11:10:09.006567  3623 work_thread.hpp:102]  [T-Work-Recog_1] Try to push queue compare again 8 vs 8
I1015 11:10:09.007272  3622 work_thread.hpp:102]  [T-Work-Recog_0] Try to push queue compare again 8 vs 8
I1015 11:10:09.009536  3621 work_thread.hpp:102]  [T-Work-Detect_0] Try to push queue frame again 8 vs 8
I1015 11:10:09.016655  3623 work_thread.hpp:102]  [T-Work-Recog_1] Try to push queue compare again 8 vs 8
I1015 11:10:09.017357  3622 work_thread.hpp:102]  [T-Work-Recog_0] Try to push queue compare again 8 vs 8
I1015 11:10:09.019620  3621 work_thread.hpp:102]  [T-Work-Detect_0] Try to push queue frame again 8 vs 8
I1015 11:10:09.026752  3623 work_thread.hpp:102]  [T-Work-Recog_1] Try to push queue compare again 8 vs 8
I1015 11:10:09.027453  3622 work_thread.hpp:102]  [T-Work-Recog_0] Try to push queue compare again 8 vs 8
I1015 11:10:09.027640  3618 demo_inner.hpp:177] decode queue size 1
I1015 11:10:09.029706  3621 work_thread.hpp:102]  [T-Work-Detect_0] Try to push queue frame again 8 vs 8
I1015 11:10:09.036851  3623 work_thread.hpp:102]  [T-Work-Recog_1] Try to push queue compare again 8 vs 8
I1015 11:10:09.037549  3622 work_thread.hpp:102]  [T-Work-Recog_0] Try to push queue compare again 8 vs 8
I1015 11:10:09.039788  3621 work_thread.hpp:102]  [T-Work-Detect_0] Try to push queue frame again 8 vs 8
I1015 11:10:09.046939  3623 work_thread.hpp:102]  [T-Work-Recog_1] Try to push queue compare again 8 vs 8
I1015 11:10:09.047632  3622 work_thread.hpp:102]  [T-Work-Recog_0] Try to push queue compare again 8 vs 8
I1015 11:10:09.049866  3621 work_thread.hpp:102]  [T-Work-Detect_0] Try to push queue frame again 8 vs 8
I1015 11:10:09.057039  3623 work_thread.hpp:102]  [T-Work-Recog_1] Try to push queue compare again 8 vs 8
I1015 11:10:09.057720  3622 work_thread.hpp:102]  [T-Work-Recog_0] Try to push queue compare again 8 vs 8
I1015 11:10:09.059947  3621 work_thread.hpp:102]  [T-Work-Detect_0] Try to push queue frame again 8 vs 8
I1015 11:10:09.063452  3618 demo_inner.hpp:177] decode queue size 1
I1015 11:10:09.067193  3623 work_thread.hpp:102]  [T-Work-Recog_1] Try to push queue compare again 8 vs 8
I1015 11:10:09.067813  3622 work_thread.hpp:102]  [T-Work-Recog_0] Try to push queue compare again 8 vs 8
I1015 11:10:09.070029  3621 work_thread.hpp:102]  [T-Work-Detect_0] Try to push queue frame again 8 vs 8
I1015 11:10:09.077288  3623 work_thread.hpp:102]  [T-Work-Recog_1] Try to push queue compare again 8 vs 8
I1015 11:10:09.077955  3622 work_thread.hpp:102]  [T-Work-Recog_0] Try to push queue compare again 8 vs 8
I1015 11:10:09.080108  3621 work_thread.hpp:102]  [T-Work-Detect_0] Try to push queue frame again 8 vs 8
I1015 11:10:09.087375  3623 work_thread.hpp:102]  [T-Work-Recog_1] Try to push queue compare again 8 vs 8
I1015 11:10:09.088037  3622 work_thread.hpp:102]  [T-Work-Recog_0] Try to push queue compare again 8 vs 8
I1015 11:10:09.090191  3621 work_thread.hpp:102]  [T-Work-Detect_0] Try to push queue frame again 8 vs 8
I1015 11:10:09.097470  3623 work_thread.hpp:102]  [T-Work-Recog_1] Try to push queue compare again 8 vs 8
I1015 11:10:09.098201  3622 work_thread.hpp:102]  [T-Work-Recog_0] Try to push queue compare again 8 vs 8
I1015 11:10:09.099505  3618 demo_inner.hpp:177] decode queue size 1
I1015 11:10:09.100282  3621 work_thread.hpp:102]  [T-Work-Detect_0] Try to push queue frame again 8 vs 8
I1015 11:10:09.107565  3623 work_thread.hpp:102]  [T-Work-Recog_1] Try to push queue compare again 8 vs 8
I1015 11:10:09.108292  3622 work_thread.hpp:102]  [T-Work-Recog_0] Try to push queue compare again 8 vs 8
I1015 11:10:09.110366  3621 work_thread.hpp:102]  [T-Work-Detect_0] Try to push queue frame again 8 vs 8
I1015 11:10:09.117651  3623 work_thread.hpp:102]  [T-Work-Recog_1] Try to push queue compare again 8 vs 8
I1015 11:10:09.118376  3622 work_thread.hpp:102]  [T-Work-Recog_0] Try to push queue compare again 8 vs 8
I1015 11:10:09.119061  3624 thread_intergrate.hpp:224] T-Intergrate-intergrate Show face :0, size :640 * 360
I1015 11:10:09.119238  3624 thread_intergrate.hpp:83] [T-Intergrate-intergrate] queue: frame output frame :53
I1015 11:10:09.119264  3624 thread_intergrate.hpp:90] [T-Intergrate-intergrate] queue: compare output face:0
I1015 11:10:09.119280  3623 work_thread.hpp:81]  [T-Work-Recog_1] Run work: WorkCapture
I1015 11:10:09.119283  3624 thread_intergrate.hpp:149] T-Intergrate-intergrate set matched face: 0
I1015 11:10:09.119583  3620 demo_inner.hpp:435] thread [SORT-0]  frame id 52 sorting queue size 0   FPS: 10.6529
I1015 11:10:09.119665  3621 work_thread.hpp:81]  [T-Work-Detect_0] Run work: WorkDetect
I1015 11:10:09.119668  3619 demo_inner.hpp:260]  gui queue size 0, state = running
I1015 11:10:09.119700  3621 work_detect.cpp:102] Succeeded to add det start for frame 62
I1015 11:10:09.119992  3623 work_thread.hpp:81]  [T-Work-Recog_1] Run work: WorkRecog
I1015 11:10:09.120018  3623 work_recog.hpp:89] Face id: 0 will run recog: bbox [178 x 227 from (266, 94)] quality: 0.431977
I1015 11:10:09.120049  3623 work_recog.hpp:96] Recog pair: [256 x 312 from (224, 48)], [178 x 227 from (42, 46)]
I1015 11:10:09.121657  3624 thread_intergrate.hpp:224] T-Intergrate-intergrate Show face :0, size :640 * 360
I1015 11:10:09.122072  3624 thread_intergrate.hpp:83] [T-Intergrate-intergrate] queue: frame output frame :54
I1015 11:10:09.122110  3624 thread_intergrate.hpp:90] [T-Intergrate-intergrate] queue: compare output face:0
I1015 11:10:09.122130  3624 thread_intergrate.hpp:149] T-Intergrate-intergrate set matched face: 0
I1015 11:10:09.122395  3620 demo_inner.hpp:435] thread [SORT-0]  frame id 53 sorting queue size 0   FPS: 10.7452
I1015 11:10:09.124478  3624 thread_intergrate.hpp:224] T-Intergrate-intergrate Show face :0, size :640 * 360
I1015 11:10:09.124779  3624 thread_intergrate.hpp:83] [T-Intergrate-intergrate] queue: frame output frame :55
I1015 11:10:09.124810  3624 thread_intergrate.hpp:90] [T-Intergrate-intergrate] queue: compare output face:0
I1015 11:10:09.124830  3624 thread_intergrate.hpp:149] T-Intergrate-intergrate set matched face: 0
I1015 11:10:09.124871  3619 demo_inner.hpp:260]  gui queue size 0, state = running
I1015 11:10:09.125145  3620 demo_inner.hpp:435] thread [SORT-0]  frame id 54 sorting queue size 0   FPS: 10.8467
I1015 11:10:09.127513  3621 work_detect.cpp:70] Frame :62 detect result :1 face(s)
I1015 11:10:09.127590  3621 work_detect.cpp:86] Detected bbox: [177 x 225 from (267, 98)]
I1015 11:10:09.127646  3621 work_detect.cpp:120] Succeeded to add det end for frame 62
I1015 11:10:09.127665  3621 work_thread.hpp:81]  [T-Work-Detect_0] Run work: WrokTrack
I1015 11:10:09.127696  3621 work_track.cpp:82] Frame: 62 build input_characts: [0.276563 x 0.625 from (0.417188, 0.272222)], 1.00019, 0
I1015 11:10:09.127759  3621 work_track.cpp:102] Succeeded to set track lock for frame 62
I1015 11:10:09.127809  3621 work_track.cpp:116] Succeeded to release track lock for frame 62
I1015 11:10:09.127823  3621 work_track.cpp:120] Track results of frame 62: 1 objects input, 1 objects tracked!
I1015 11:10:09.127943  3621 work_track.cpp:148] Frame: 62, track bbox: [177 x 225 from (265.531, 96.8434)], gid: 0, lid: 0
I1015 11:10:09.127990  3621 work_thread.hpp:87]  [T-Work-Detect_0] Frame :62 split
I1015 11:10:09.128008  3621 work_thread.hpp:120]  [T-Work-Detect_0] Valid piece: gid = 0
I1015 11:10:09.128028  3621 work_thread.hpp:91]  [T-Work-Detect_0] Push to split queue:recog
I1015 11:10:09.129415  3622 work_thread.hpp:81]  [T-Work-Recog_0] Run work: WorkCapture
I1015 11:10:09.129854  3619 demo_inner.hpp:260]  gui queue size 0, state = running
I1015 11:10:09.130259  3622 work_thread.hpp:81]  [T-Work-Recog_0] Run work: WorkRecog
I1015 11:10:09.130283  3622 work_recog.hpp:89] Face id: 0 will run recog: bbox [177 x 225 from (267, 98)] quality: 0.415793
I1015 11:10:09.130331  3622 work_recog.hpp:96] Recog pair: [248 x 312 from (232, 48)], [177 x 225 from (35, 50)]
I1015 11:10:09.136756  3618 demo_inner.hpp:177] decode queue size 0
I1015 11:10:09.136768  3624 thread_intergrate.hpp:224] T-Intergrate-intergrate Show face :0, size :640 * 360
I1015 11:10:09.137004  3621 work_thread.hpp:81]  [T-Work-Detect_0] Run work: WorkDetect
I1015 11:10:09.137049  3621 work_detect.cpp:102] Succeeded to add det start for frame 63
I1015 11:10:09.137142  3624 thread_intergrate.hpp:83] [T-Intergrate-intergrate] queue: frame output frame :56
I1015 11:10:09.137172  3624 thread_intergrate.hpp:90] [T-Intergrate-intergrate] queue: compare output face:0
I1015 11:10:09.137194  3624 thread_intergrate.hpp:149] T-Intergrate-intergrate set matched face: 0
I1015 11:10:09.137583  3620 demo_inner.hpp:435] thread [SORT-0]  frame id 55 sorting queue size 0   FPS: 10.9386
I1015 11:10:09.139078  3619 demo_inner.hpp:260]  gui queue size 0, state = running
I1015 11:10:09.143597  3623 work_thread.hpp:81]  [T-Work-Recog_1] Run work: WorkCompare
I1015 11:10:09.144731  3623 work_compare.cpp:76] Compare face: 0 successed, similarity :0.994724, name : images/ThangLMb.jpg, normal size : 1548 * 1719!
I1015 11:10:09.147815  3621 work_detect.cpp:70] Frame :63 detect result :1 face(s)
I1015 11:10:09.147891  3621 work_detect.cpp:86] Detected bbox: [159 x 217 from (263, 95)]
I1015 11:10:09.147948  3621 work_detect.cpp:120] Succeeded to add det end for frame 63
I1015 11:10:09.147966  3621 work_thread.hpp:81]  [T-Work-Detect_0] Run work: WrokTrack
I1015 11:10:09.147997  3621 work_track.cpp:82] Frame: 63 build input_characts: [0.248437 x 0.602778 from (0.410937, 0.263889)], 0.999622, 0
I1015 11:10:09.148061  3621 work_track.cpp:102] Succeeded to set track lock for frame 63
I1015 11:10:09.148113  3621 work_track.cpp:116] Succeeded to release track lock for frame 63
I1015 11:10:09.148128  3621 work_track.cpp:120] Track results of frame 63: 1 objects input, 1 objects tracked!
I1015 11:10:09.148147  3621 work_track.cpp:148] Frame: 63, track bbox: [159 x 217 from (268.357, 97.3264)], gid: 0, lid: 0
I1015 11:10:09.148186  3621 work_thread.hpp:87]  [T-Work-Detect_0] Frame :63 split
I1015 11:10:09.148205  3621 work_thread.hpp:120]  [T-Work-Detect_0] Valid piece: gid = 0
I1015 11:10:09.148223  3621 work_thread.hpp:91]  [T-Work-Detect_0] Push to split queue:recog
I1015 11:10:09.148284  3623 work_thread.hpp:81]  [T-Work-Recog_1] Run work: WorkCapture
I1015 11:10:09.149168  3623 work_thread.hpp:81]  [T-Work-Recog_1] Run work: WorkRecog
I1015 11:10:09.149194  3623 work_recog.hpp:89] Face id: 0 will run recog: bbox [159 x 217 from (263, 95)] quality: 0.431842
I1015 11:10:09.149230  3623 work_recog.hpp:96] Recog pair: [224 x 312 from (232, 48)], [159 x 217 from (31, 47)]
I1015 11:10:09.150852  3622 work_thread.hpp:81]  [T-Work-Recog_0] Run work: WorkCompare
I1015 11:10:09.151281  3622 work_compare.cpp:76] Compare face: 0 successed, similarity :0.995193, name : images/ThangLMb.jpg, normal size : 1548 * 1719!
I1015 11:10:09.167580  3623 work_thread.hpp:81]  [T-Work-Recog_1] Run work: WorkCompare
I1015 11:10:09.168218  3623 work_compare.cpp:76] Compare face: 0 successed, similarity :0.996195, name : images/ThangLMb.jpg, normal size : 1548 * 1719!
I1015 11:10:09.168586  3618 demo_inner.hpp:177] decode queue size 0
I1015 11:10:09.168642  3621 work_thread.hpp:81]  [T-Work-Detect_0] Run work: WorkDetect
I1015 11:10:09.168668  3621 work_detect.cpp:102] Succeeded to add det start for frame 64
I1015 11:10:09.175274  3621 work_detect.cpp:70] Frame :64 detect result :1 face(s)
I1015 11:10:09.175321  3621 work_detect.cpp:86] Detected bbox: [177 x 222 from (263, 98)]
I1015 11:10:09.175364  3621 work_detect.cpp:120] Succeeded to add det end for frame 64
I1015 11:10:09.175380  3621 work_thread.hpp:81]  [T-Work-Detect_0] Run work: WrokTrack
I1015 11:10:09.175403  3621 work_track.cpp:82] Frame: 64 build input_characts: [0.276563 x 0.616667 from (0.410937, 0.272222)], 0.997596, 0
I1015 11:10:09.175457  3621 work_track.cpp:102] Succeeded to set track lock for frame 64
I1015 11:10:09.175496  3621 work_track.cpp:116] Succeeded to release track lock for frame 64
I1015 11:10:09.175511  3621 work_track.cpp:120] Track results of frame 64: 1 objects input, 1 objects tracked!
I1015 11:10:09.175529  3621 work_track.cpp:148] Frame: 64, track bbox: [177 x 222 from (261.752, 95.6796)], gid: 0, lid: 0
I1015 11:10:09.175565  3621 work_thread.hpp:87]  [T-Work-Detect_0] Frame :64 split
I1015 11:10:09.175582  3621 work_thread.hpp:120]  [T-Work-Detect_0] Valid piece: gid = 0
I1015 11:10:09.175601  3621 work_thread.hpp:91]  [T-Work-Detect_0] Push to split queue:recog
I1015 11:10:09.175640  3622 work_thread.hpp:81]  [T-Work-Recog_0] Run work: WorkCapture
I1015 11:10:09.176182  3622 work_thread.hpp:81]  [T-Work-Recog_0] Run work: WorkRecog
I1015 11:10:09.176206  3622 work_recog.hpp:89] Face id: 0 will run recog: bbox [177 x 222 from (263, 98)] quality: 0.41565
I1015 11:10:09.176232  3622 work_recog.hpp:96] Recog pair: [256 x 312 from (224, 48)], [177 x 222 from (39, 50)]
I1015 11:10:09.178429  3623 work_thread.hpp:102]  [T-Work-Recog_1] Try to push queue compare again 8 vs 8
I1015 11:10:09.188553  3623 work_thread.hpp:102]  [T-Work-Recog_1] Try to push queue compare again 8 vs 8
I1015 11:10:09.193773  3622 work_thread.hpp:81]  [T-Work-Recog_0] Run work: WorkCompare
I1015 11:10:09.194219  3622 work_compare.cpp:76] Compare face: 0 successed, similarity :0.997863, name : images/ThangLMb.jpg, normal size : 1548 * 1719!
I1015 11:10:09.198050  3618 demo_inner.hpp:177] decode queue size 0
I1015 11:10:09.198137  3621 work_thread.hpp:81]  [T-Work-Detect_0] Run work: WorkDetect
I1015 11:10:09.198166  3621 work_detect.cpp:102] Succeeded to add det start for frame 65
I1015 11:10:09.198719  3623 work_thread.hpp:102]  [T-Work-Recog_1] Try to push queue compare again 8 vs 8
I1015 11:10:09.204344  3622 work_thread.hpp:102]  [T-Work-Recog_0] Try to push queue compare again 8 vs 8
I1015 11:10:09.204838  3621 work_detect.cpp:70] Frame :65 detect result :1 face(s)
I1015 11:10:09.204859  3621 work_detect.cpp:86] Detected bbox: [162 x 218 from (259, 96)]
I1015 11:10:09.204901  3621 work_detect.cpp:120] Succeeded to add det end for frame 65
I1015 11:10:09.204918  3621 work_thread.hpp:81]  [T-Work-Detect_0] Run work: WrokTrack
I1015 11:10:09.204938  3621 work_track.cpp:82] Frame: 65 build input_characts: [0.253125 x 0.605556 from (0.404687, 0.266667)], 1.00019, 0
I1015 11:10:09.204991  3621 work_track.cpp:102] Succeeded to set track lock for frame 65
I1015 11:10:09.205031  3621 work_track.cpp:116] Succeeded to release track lock for frame 65
I1015 11:10:09.205045  3621 work_track.cpp:120] Track results of frame 65: 1 objects input, 1 objects tracked!
I1015 11:10:09.205063  3621 work_track.cpp:148] Frame: 65, track bbox: [162 x 218 from (263.435, 96.536)], gid: 0, lid: 0
I1015 11:10:09.205099  3621 work_thread.hpp:87]  [T-Work-Detect_0] Frame :65 split
I1015 11:10:09.205116  3621 work_thread.hpp:120]  [T-Work-Detect_0] Valid piece: gid = 0
I1015 11:10:09.205134  3621 work_thread.hpp:91]  [T-Work-Detect_0] Push to split queue:recog
I1015 11:10:09.208811  3623 work_thread.hpp:102]  [T-Work-Recog_1] Try to push queue compare again 8 vs 8
I1015 11:10:09.214452  3622 work_thread.hpp:102]  [T-Work-Recog_0] Try to push queue compare again 8 vs 8
I1015 11:10:09.215219  3621 work_thread.hpp:102]  [T-Work-Detect_0] Try to push queue frame again 8 vs 8
I1015 11:10:09.218901  3623 work_thread.hpp:102]  [T-Work-Recog_1] Try to push queue compare again 8 vs 8
I1015 11:10:09.224623  3622 work_thread.hpp:102]  [T-Work-Recog_0] Try to push queue compare again 8 vs 8
I1015 11:10:09.225301  3621 work_thread.hpp:102]  [T-Work-Detect_0] Try to push queue frame again 8 vs 8
I1015 11:10:09.228998  3623 work_thread.hpp:102]  [T-Work-Recog_1] Try to push queue compare again 8 vs 8
I1015 11:10:09.233327  3618 demo_inner.hpp:177] decode queue size 0
I1015 11:10:09.234732  3622 work_thread.hpp:102]  [T-Work-Recog_0] Try to push queue compare again 8 vs 8
I1015 11:10:09.235385  3621 work_thread.hpp:102]  [T-Work-Detect_0] Try to push queue frame again 8 vs 8
I1015 11:10:09.239131  3623 work_thread.hpp:102]  [T-Work-Recog_1] Try to push queue compare again 8 vs 8
I1015 11:10:09.244820  3622 work_thread.hpp:102]  [T-Work-Recog_0] Try to push queue compare again 8 vs 8
I1015 11:10:09.245466  3621 work_thread.hpp:102]  [T-Work-Detect_0] Try to push queue frame again 8 vs 8
I1015 11:10:09.249266  3623 work_thread.hpp:102]  [T-Work-Recog_1] Try to push queue compare again 8 vs 8
I1015 11:10:09.254920  3622 work_thread.hpp:102]  [T-Work-Recog_0] Try to push queue compare again 8 vs 8
I1015 11:10:09.255548  3621 work_thread.hpp:102]  [T-Work-Detect_0] Try to push queue frame again 8 vs 8
I1015 11:10:09.259375  3623 work_thread.hpp:102]  [T-Work-Recog_1] Try to push queue compare again 8 vs 8
I1015 11:10:09.263622  3618 demo_inner.hpp:177] decode queue size 1
I1015 11:10:09.265031  3622 work_thread.hpp:102]  [T-Work-Recog_0] Try to push queue compare again 8 vs 8
I1015 11:10:09.265630  3621 work_thread.hpp:102]  [T-Work-Detect_0] Try to push queue frame again 8 vs 8
I1015 11:10:09.269484  3623 work_thread.hpp:102]  [T-Work-Recog_1] Try to push queue compare again 8 vs 8
I1015 11:10:09.275120  3622 work_thread.hpp:102]  [T-Work-Recog_0] Try to push queue compare again 8 vs 8
I1015 11:10:09.275709  3621 work_thread.hpp:102]  [T-Work-Detect_0] Try to push queue frame again 8 vs 8
I1015 11:10:09.279573  3623 work_thread.hpp:102]  [T-Work-Recog_1] Try to push queue compare again 8 vs 8
I1015 11:10:09.285202  3622 work_thread.hpp:102]  [T-Work-Recog_0] Try to push queue compare again 8 vs 8
I1015 11:10:09.285789  3621 work_thread.hpp:102]  [T-Work-Detect_0] Try to push queue frame again 8 vs 8
I1015 11:10:09.289671  3623 work_thread.hpp:102]  [T-Work-Recog_1] Try to push queue compare again 8 vs 8
I1015 11:10:09.295289  3622 work_thread.hpp:102]  [T-Work-Recog_0] Try to push queue compare again 8 vs 8
I1015 11:10:09.295871  3621 work_thread.hpp:102]  [T-Work-Detect_0] Try to push queue frame again 8 vs 8
I1015 11:10:09.299427  3618 demo_inner.hpp:177] decode queue size 1
I1015 11:10:09.299839  3623 work_thread.hpp:102]  [T-Work-Recog_1] Try to push queue compare again 8 vs 8
I1015 11:10:09.305382  3622 work_thread.hpp:102]  [T-Work-Recog_0] Try to push queue compare again 8 vs 8
I1015 11:10:09.305950  3621 work_thread.hpp:102]  [T-Work-Detect_0] Try to push queue frame again 8 vs 8
I1015 11:10:09.309933  3623 work_thread.hpp:102]  [T-Work-Recog_1] Try to push queue compare again 8 vs 8
I1015 11:10:09.315465  3622 work_thread.hpp:102]  [T-Work-Recog_0] Try to push queue compare again 8 vs 8
I1015 11:10:09.316031  3621 work_thread.hpp:102]  [T-Work-Detect_0] Try to push queue frame again 8 vs 8
I1015 11:10:09.320076  3623 work_thread.hpp:102]  [T-Work-Recog_1] Try to push queue compare again 8 vs 8
I1015 11:10:09.325556  3622 work_thread.hpp:102]  [T-Work-Recog_0] Try to push queue compare again 8 vs 8
I1015 11:10:09.326112  3621 work_thread.hpp:102]  [T-Work-Detect_0] Try to push queue frame again 8 vs 8
I1015 11:10:09.330171  3623 work_thread.hpp:102]  [T-Work-Recog_1] Try to push queue compare again 8 vs 8
I1015 11:10:09.335290  3618 demo_inner.hpp:177] decode queue size 1
I1015 11:10:09.335662  3622 work_thread.hpp:102]  [T-Work-Recog_0] Try to push queue compare again 8 vs 8
I1015 11:10:09.336194  3621 work_thread.hpp:102]  [T-Work-Detect_0] Try to push queue frame again 8 vs 8
I1015 11:10:09.340272  3623 work_thread.hpp:102]  [T-Work-Recog_1] Try to push queue compare again 8 vs 8
I1015 11:10:09.345824  3622 work_thread.hpp:102]  [T-Work-Recog_0] Try to push queue compare again 8 vs 8
I1015 11:10:09.346276  3621 work_thread.hpp:102]  [T-Work-Detect_0] Try to push queue frame again 8 vs 8
I1015 11:10:09.350383  3623 work_thread.hpp:102]  [T-Work-Recog_1] Try to push queue compare again 8 vs 8
I1015 11:10:09.355916  3622 work_thread.hpp:102]  [T-Work-Recog_0] Try to push queue compare again 8 vs 8
I1015 11:10:09.356356  3621 work_thread.hpp:102]  [T-Work-Detect_0] Try to push queue frame again 8 vs 8
I1015 11:10:09.360492  3623 work_thread.hpp:102]  [T-Work-Recog_1] Try to push queue compare again 8 vs 8
I1015 11:10:09.365440  3618 demo_inner.hpp:177] decode queue size 1
I1015 11:10:09.366021  3622 work_thread.hpp:102]  [T-Work-Recog_0] Try to push queue compare again 8 vs 8
I1015 11:10:09.366454  3621 work_thread.hpp:102]  [T-Work-Detect_0] Try to push queue frame again 8 vs 8
I1015 11:10:09.370599  3623 work_thread.hpp:102]  [T-Work-Recog_1] Try to push queue compare again 8 vs 8
I1015 11:10:09.376109  3622 work_thread.hpp:102]  [T-Work-Recog_0] Try to push queue compare again 8 vs 8
I1015 11:10:09.376534  3621 work_thread.hpp:102]  [T-Work-Detect_0] Try to push queue frame again 8 vs 8
I1015 11:10:09.380688  3623 work_thread.hpp:102]  [T-Work-Recog_1] Try to push queue compare again 8 vs 8
I1015 11:10:09.386191  3622 work_thread.hpp:102]  [T-Work-Recog_0] Try to push queue compare again 8 vs 8
I1015 11:10:09.386615  3621 work_thread.hpp:102]  [T-Work-Detect_0] Try to push queue frame again 8 vs 8
I1015 11:10:09.390789  3623 work_thread.hpp:102]  [T-Work-Recog_1] Try to push queue compare again 8 vs 8
I1015 11:10:09.396278  3622 work_thread.hpp:102]  [T-Work-Recog_0] Try to push queue compare again 8 vs 8
I1015 11:10:09.396695  3621 work_thread.hpp:102]  [T-Work-Detect_0] Try to push queue frame again 8 vs 8
I1015 11:10:09.400893  3623 work_thread.hpp:102]  [T-Work-Recog_1] Try to push queue compare again 8 vs 8
I1015 11:10:09.401466  3618 demo_inner.hpp:177] decode queue size 1
I1015 11:10:09.406371  3622 work_thread.hpp:102]  [T-Work-Recog_0] Try to push queue compare again 8 vs 8
I1015 11:10:09.406776  3621 work_thread.hpp:102]  [T-Work-Detect_0] Try to push queue frame again 8 vs 8
I1015 11:10:09.410989  3623 work_thread.hpp:102]  [T-Work-Recog_1] Try to push queue compare again 8 vs 8
I1015 11:10:09.416455  3622 work_thread.hpp:102]  [T-Work-Recog_0] Try to push queue compare again 8 vs 8
I1015 11:10:09.416857  3621 work_thread.hpp:102]  [T-Work-Detect_0] Try to push queue frame again 8 vs 8
I1015 11:10:09.421083  3623 work_thread.hpp:102]  [T-Work-Recog_1] Try to push queue compare again 8 vs 8
I1015 11:10:09.426542  3622 work_thread.hpp:102]  [T-Work-Recog_0] Try to push queue compare again 8 vs 8
I1015 11:10:09.426937  3621 work_thread.hpp:102]  [T-Work-Detect_0] Try to push queue frame again 8 vs 8
I1015 11:10:09.431188  3623 work_thread.hpp:102]  [T-Work-Recog_1] Try to push queue compare again 8 vs 8
I1015 11:10:09.431385  3618 demo_inner.hpp:177] decode queue size 1
I1015 11:10:09.436626  3622 work_thread.hpp:102]  [T-Work-Recog_0] Try to push queue compare again 8 vs 8
I1015 11:10:09.437019  3621 work_thread.hpp:102]  [T-Work-Detect_0] Try to push queue frame again 8 vs 8
I1015 11:10:09.441289  3623 work_thread.hpp:102]  [T-Work-Recog_1] Try to push queue compare again 8 vs 8
I1015 11:10:09.441658  3624 thread_intergrate.hpp:224] T-Intergrate-intergrate Show face :0, size :640 * 360
I1015 11:10:09.441836  3624 thread_intergrate.hpp:83] [T-Intergrate-intergrate] queue: frame output frame :57
I1015 11:10:09.441862  3624 thread_intergrate.hpp:90] [T-Intergrate-intergrate] queue: compare output face:0
I1015 11:10:09.441876  3622 work_thread.hpp:81]  [T-Work-Recog_0] Run work: WorkCapture
I1015 11:10:09.441881  3624 thread_intergrate.hpp:149] T-Intergrate-intergrate set matched face: 0
I1015 11:10:09.442189  3620 demo_inner.hpp:435] thread [SORT-0]  frame id 56 sorting queue size 0   FPS: 9.99678
I1015 11:10:09.442270  3621 work_thread.hpp:81]  [T-Work-Detect_0] Run work: WorkDetect
I1015 11:10:09.442307  3621 work_detect.cpp:102] Succeeded to add det start for frame 66
I1015 11:10:09.442412  3619 demo_inner.hpp:260]  gui queue size 0, state = running
I1015 11:10:09.442553  3622 work_thread.hpp:81]  [T-Work-Recog_0] Run work: WorkRecog
I1015 11:10:09.442576  3622 work_recog.hpp:89] Face id: 0 will run recog: bbox [162 x 218 from (259, 96)] quality: 0.455604
I1015 11:10:09.442606  3622 work_recog.hpp:96] Recog pair: [232 x 312 from (224, 48)], [162 x 218 from (35, 48)]
I1015 11:10:09.444149  3624 thread_intergrate.hpp:224] T-Intergrate-intergrate Show face :0, size :640 * 360
I1015 11:10:09.444445  3624 thread_intergrate.hpp:83] [T-Intergrate-intergrate] queue: frame output frame :58
I1015 11:10:09.444479  3624 thread_intergrate.hpp:90] [T-Intergrate-intergrate] queue: compare output face:0
I1015 11:10:09.444499  3624 thread_intergrate.hpp:149] T-Intergrate-intergrate set matched face: 0
I1015 11:10:09.444805  3620 demo_inner.hpp:435] thread [SORT-0]  frame id 57 sorting queue size 0   FPS: 10.0813
I1015 11:10:09.446689  3624 thread_intergrate.hpp:224] T-Intergrate-intergrate Show face :0, size :640 * 360
I1015 11:10:09.446970  3624 thread_intergrate.hpp:83] [T-Intergrate-intergrate] queue: frame output frame :59
I1015 11:10:09.446995  3624 thread_intergrate.hpp:90] [T-Intergrate-intergrate] queue: compare output face:0
I1015 11:10:09.447015  3624 thread_intergrate.hpp:149] T-Intergrate-intergrate set matched face: 0
I1015 11:10:09.447289  3620 demo_inner.hpp:435] thread [SORT-0]  frame id 58 sorting queue size 1   FPS: 10.194
I1015 11:10:09.449635  3624 thread_intergrate.hpp:224] T-Intergrate-intergrate Show face :0, size :640 * 360
I1015 11:10:09.449887  3624 thread_intergrate.hpp:83] [T-Intergrate-intergrate] queue: frame output frame :60
I1015 11:10:09.449913  3624 thread_intergrate.hpp:90] [T-Intergrate-intergrate] queue: compare output face:0
I1015 11:10:09.449934  3624 thread_intergrate.hpp:149] T-Intergrate-intergrate set matched face: 0
I1015 11:10:09.450259  3620 demo_inner.hpp:435] thread [SORT-0]  frame id 59 sorting queue size 2   FPS: 10.2853
I1015 11:10:09.450359  3619 demo_inner.hpp:260]  gui queue size 2, state = running
I1015 11:10:09.450539  3621 work_detect.cpp:70] Frame :66 detect result :1 face(s)
I1015 11:10:09.450567  3621 work_detect.cpp:86] Detected bbox: [163 x 220 from (258, 93)]
I1015 11:10:09.450619  3621 work_detect.cpp:120] Succeeded to add det end for frame 66
I1015 11:10:09.450637  3621 work_thread.hpp:81]  [T-Work-Detect_0] Run work: WrokTrack
I1015 11:10:09.450660  3621 work_track.cpp:82] Frame: 66 build input_characts: [0.254687 x 0.611111 from (0.403125, 0.258333)], 1.00019, 0
I1015 11:10:09.450712  3621 work_track.cpp:102] Succeeded to set track lock for frame 66
I1015 11:10:09.450775  3621 work_track.cpp:116] Succeeded to release track lock for frame 66
I1015 11:10:09.450790  3621 work_track.cpp:120] Track results of frame 66: 1 objects input, 1 objects tracked!
I1015 11:10:09.450811  3621 work_track.cpp:148] Frame: 66, track bbox: [163 x 220 from (257.653, 94.034)], gid: 0, lid: 0
I1015 11:10:09.450848  3621 work_thread.hpp:87]  [T-Work-Detect_0] Frame :66 split
I1015 11:10:09.450872  3621 work_thread.hpp:120]  [T-Work-Detect_0] Valid piece: gid = 0
I1015 11:10:09.450893  3621 work_thread.hpp:91]  [T-Work-Detect_0] Push to split queue:recog
I1015 11:10:09.451004  3623 work_thread.hpp:81]  [T-Work-Recog_1] Run work: WorkCapture
I1015 11:10:09.451808  3623 work_thread.hpp:81]  [T-Work-Recog_1] Run work: WorkRecog
I1015 11:10:09.451843  3623 work_recog.hpp:89] Face id: 0 will run recog: bbox [163 x 220 from (258, 93)] quality: 0.464907
I1015 11:10:09.451891  3623 work_recog.hpp:96] Recog pair: [232 x 312 from (224, 48)], [163 x 220 from (34, 45)]
I1015 11:10:09.457197  3624 thread_intergrate.hpp:224] T-Intergrate-intergrate Show face :0, size :640 * 360
I1015 11:10:09.457572  3624 thread_intergrate.hpp:83] [T-Intergrate-intergrate] queue: frame output frame :61
I1015 11:10:09.457604  3624 thread_intergrate.hpp:90] [T-Intergrate-intergrate] queue: compare output face:0
I1015 11:10:09.457625  3624 thread_intergrate.hpp:149] T-Intergrate-intergrate set matched face: 0
I1015 11:10:09.457922  3620 demo_inner.hpp:435] thread [SORT-0]  frame id 60 sorting queue size 0   FPS: 15.1663
I1015 11:10:09.458045  3619 demo_inner.hpp:260]  gui queue size 0, state = running
I1015 11:10:09.463856  3622 work_thread.hpp:81]  [T-Work-Recog_0] Run work: WorkCompare
I1015 11:10:09.464326  3622 work_compare.cpp:76] Compare face: 0 successed, similarity :0.997426, name : images/ThangLMb.jpg, normal size : 1548 * 1719!
I1015 11:10:09.465907  3624 thread_intergrate.hpp:224] T-Intergrate-intergrate Show face :0, size :640 * 360
I1015 11:10:09.466106  3624 thread_intergrate.hpp:83] [T-Intergrate-intergrate] queue: frame output frame :62
I1015 11:10:09.466130  3624 thread_intergrate.hpp:90] [T-Intergrate-intergrate] queue: compare output face:0
I1015 11:10:09.466150  3624 thread_intergrate.hpp:149] T-Intergrate-intergrate set matched face: 0
I1015 11:10:09.466419  3620 demo_inner.hpp:435] thread [SORT-0]  frame id 61 sorting queue size 0   FPS: 15.122
I1015 11:10:09.466504  3619 demo_inner.hpp:260]  gui queue size 0, state = running
I1015 11:10:09.467286  3618 demo_inner.hpp:177] decode queue size 0
I1015 11:10:09.467447  3621 work_thread.hpp:81]  [T-Work-Detect_0] Run work: WorkDetect
I1015 11:10:09.467490  3621 work_detect.cpp:102] Succeeded to add det start for frame 67
I1015 11:10:09.472106  3624 thread_intergrate.hpp:224] T-Intergrate-intergrate Show face :0, size :640 * 360
I1015 11:10:09.472446  3624 thread_intergrate.hpp:83] [T-Intergrate-intergrate] queue: frame output frame :63
I1015 11:10:09.472481  3624 thread_intergrate.hpp:90] [T-Intergrate-intergrate] queue: compare output face:0
I1015 11:10:09.472499  3624 thread_intergrate.hpp:149] T-Intergrate-intergrate set matched face: 0
I1015 11:10:09.472774  3620 demo_inner.hpp:435] thread [SORT-0]  frame id 62 sorting queue size 0   FPS: 15.0778
I1015 11:10:09.472895  3619 demo_inner.hpp:260]  gui queue size 0, state = running
I1015 11:10:09.474733  3623 work_thread.hpp:81]  [T-Work-Recog_1] Run work: WorkCompare
I1015 11:10:09.475286  3623 work_compare.cpp:76] Compare face: 0 successed, similarity :0.994603, name : images/ThangLMb.jpg, normal size : 1548 * 1719!
I1015 11:10:09.475793  3621 work_detect.cpp:70] Frame :67 detect result :1 face(s)
I1015 11:10:09.475818  3621 work_detect.cpp:86] Detected bbox: [171 x 220 from (245, 93)]
I1015 11:10:09.475863  3621 work_detect.cpp:120] Succeeded to add det end for frame 67
I1015 11:10:09.475878  3621 work_thread.hpp:81]  [T-Work-Detect_0] Run work: WrokTrack
I1015 11:10:09.475901  3621 work_track.cpp:82] Frame: 67 build input_characts: [0.267188 x 0.611111 from (0.382812, 0.258333)], 0.999622, 0
I1015 11:10:09.475946  3621 work_track.cpp:102] Succeeded to set track lock for frame 67
I1015 11:10:09.475998  3621 work_track.cpp:116] Succeeded to release track lock for frame 67
I1015 11:10:09.476013  3621 work_track.cpp:120] Track results of frame 67: 1 objects input, 1 objects tracked!
I1015 11:10:09.476033  3621 work_track.cpp:148] Frame: 67, track bbox: [171 x 220 from (247.38, 92.6062)], gid: 0, lid: 0
I1015 11:10:09.476073  3621 work_thread.hpp:87]  [T-Work-Detect_0] Frame :67 split
I1015 11:10:09.476092  3621 work_thread.hpp:120]  [T-Work-Detect_0] Valid piece: gid = 0
I1015 11:10:09.476111  3621 work_thread.hpp:91]  [T-Work-Detect_0] Push to split queue:recog
I1015 11:10:09.476184  3622 work_thread.hpp:81]  [T-Work-Recog_0] Run work: WorkCapture
I1015 11:10:09.476917  3622 work_thread.hpp:81]  [T-Work-Recog_0] Run work: WorkRecog
I1015 11:10:09.476984  3622 work_recog.hpp:89] Face id: 0 will run recog: bbox [171 x 220 from (245, 93)] quality: 0.450428
I1015 11:10:09.477036  3622 work_recog.hpp:96] Recog pair: [248 x 312 from (208, 48)], [171 x 220 from (37, 45)]
I1015 11:10:09.480105  3624 thread_intergrate.hpp:224] T-Intergrate-intergrate Show face :0, size :640 * 360
I1015 11:10:09.480418  3624 thread_intergrate.hpp:83] [T-Intergrate-intergrate] queue: frame output frame :64
I1015 11:10:09.480448  3624 thread_intergrate.hpp:90] [T-Intergrate-intergrate] queue: compare output face:0
I1015 11:10:09.480466  3624 thread_intergrate.hpp:149] T-Intergrate-intergrate set matched face: 0
I1015 11:10:09.480711  3620 demo_inner.hpp:435] thread [SORT-0]  frame id 63 sorting queue size 0   FPS: 16.2644
I1015 11:10:09.480803  3619 demo_inner.hpp:260]  gui queue size 0, state = running
I1015 11:10:09.495219  3622 work_thread.hpp:81]  [T-Work-Recog_0] Run work: WorkCompare
I1015 11:10:09.495688  3618 demo_inner.hpp:177] decode queue size 0
I1015 11:10:09.495690  3622 work_compare.cpp:76] Compare face: 0 successed, similarity :0.994112, name : images/ThangLMb.jpg, normal size : 1548 * 1719!
I1015 11:10:09.495800  3621 work_thread.hpp:81]  [T-Work-Detect_0] Run work: WorkDetect
I1015 11:10:09.495828  3621 work_detect.cpp:102] Succeeded to add det start for frame 68
I1015 11:10:09.502527  3621 work_detect.cpp:70] Frame :68 detect result :1 face(s)
I1015 11:10:09.502570  3621 work_detect.cpp:86] Detected bbox: [168 x 218 from (250, 90)]
I1015 11:10:09.502614  3621 work_detect.cpp:120] Succeeded to add det end for frame 68
I1015 11:10:09.502630  3621 work_thread.hpp:81]  [T-Work-Detect_0] Run work: WrokTrack
I1015 11:10:09.502653  3621 work_track.cpp:82] Frame: 68 build input_characts: [0.2625 x 0.605556 from (0.390625, 0.25)], 0.999622, 0
I1015 11:10:09.502707  3621 work_track.cpp:102] Succeeded to set track lock for frame 68
I1015 11:10:09.502746  3621 work_track.cpp:116] Succeeded to release track lock for frame 68
I1015 11:10:09.502761  3621 work_track.cpp:120] Track results of frame 68: 1 objects input, 1 objects tracked!
I1015 11:10:09.502779  3621 work_track.cpp:148] Frame: 68, track bbox: [168 x 218 from (248.121, 91.7277)], gid: 0, lid: 0
I1015 11:10:09.502816  3621 work_thread.hpp:87]  [T-Work-Detect_0] Frame :68 split
I1015 11:10:09.502835  3621 work_thread.hpp:120]  [T-Work-Detect_0] Valid piece: gid = 0
I1015 11:10:09.502853  3621 work_thread.hpp:91]  [T-Work-Detect_0] Push to split queue:recog
I1015 11:10:09.502907  3623 work_thread.hpp:81]  [T-Work-Recog_1] Run work: WorkCapture
I1015 11:10:09.503540  3623 work_thread.hpp:81]  [T-Work-Recog_1] Run work: WorkRecog
I1015 11:10:09.503587  3623 work_recog.hpp:89] Face id: 0 will run recog: bbox [168 x 218 from (250, 90)] quality: 0.450956
I1015 11:10:09.503616  3623 work_recog.hpp:96] Recog pair: [240 x 312 from (216, 40)], [168 x 218 from (34, 50)]
I1015 11:10:09.521669  3623 work_thread.hpp:81]  [T-Work-Recog_1] Run work: WorkCompare
I1015 11:10:09.522351  3623 work_compare.cpp:76] Compare face: 0 successed, similarity :0.997226, name : images/ThangLMb.jpg, normal size : 1548 * 1719!
I1015 11:10:09.531400  3618 demo_inner.hpp:177] decode queue size 0
I1015 11:10:09.531522  3621 work_thread.hpp:81]  [T-Work-Detect_0] Run work: WorkDetect
I1015 11:10:09.531559  3621 work_detect.cpp:102] Succeeded to add det start for frame 69
I1015 11:10:09.539373  3621 work_detect.cpp:70] Frame :69 detect result :1 face(s)
I1015 11:10:09.539422  3621 work_detect.cpp:86] Detected bbox: [162 x 211 from (250, 97)]
I1015 11:10:09.539467  3621 work_detect.cpp:120] Succeeded to add det end for frame 69
I1015 11:10:09.539551  3621 work_thread.hpp:81]  [T-Work-Detect_0] Run work: WrokTrack
I1015 11:10:09.539577  3621 work_track.cpp:82] Frame: 69 build input_characts: [0.253125 x 0.586111 from (0.390625, 0.269444)], 1.00019, 0
