I1012 13:44:09.054843  6819 work_detect.cpp:102] Succeeded to add det start for frame 94
I1012 13:44:09.061429  6819 work_detect.cpp:70] Frame :94 detect result :1 face(s)
W1012 13:44:09.061467  6819 work_detect.cpp:83] Invalid bbox: [147 x 188 from (322, 188)]
I1012 13:44:09.061564  6819 work_detect.cpp:120] Succeeded to add det end for frame 94
I1012 13:44:09.061581  6819 work_thread.hpp:81]  [T-Work-Detect_0] Run work: WrokTrack
I1012 13:44:09.061609  6819 work_track.cpp:102] Succeeded to set track lock for frame 94
I1012 13:44:09.061641  6819 work_track.cpp:116] Succeeded to release track lock for frame 94
I1012 13:44:09.061655  6819 work_track.cpp:120] Track results of frame 94: 0 objects input, 1 objects tracked!
I1012 13:44:09.061672  6819 work_track.cpp:148] Frame: 94, track bbox: [95 x 118 from (4.50039, 118.867)], gid: 1, lid: -1
I1012 13:44:09.061722  6819 work_thread.hpp:88]  [T-Work-Detect_0] Frame :94 split
I1012 13:44:09.061762  6822 thread_intergrate.hpp:78] [T-Intergrate-intergrate] queue: frame output frame :94
I1012 13:44:09.063153  6818 demo_inner.hpp:435] thread [SORT-0]  frame id 94 sorting queue size 0   FPS: 7.14064
I1012 13:44:09.063216  6817 demo_inner.hpp:260]  gui queue size 0, state = running
I1012 13:44:09.192620  6816 demo_inner.hpp:177] decode queue size 0
I1012 13:44:09.192711  6819 work_thread.hpp:81]  [T-Work-Detect_0] Run work: WorkDetect
I1012 13:44:09.192745  6819 work_detect.cpp:102] Succeeded to add det start for frame 95
I1012 13:44:09.199285  6819 work_detect.cpp:70] Frame :95 detect result :1 face(s)
W1012 13:44:09.199318  6819 work_detect.cpp:83] Invalid bbox: [154 x 190 from (333, 176)]
I1012 13:44:09.199415  6819 work_detect.cpp:120] Succeeded to add det end for frame 95
I1012 13:44:09.199432  6819 work_thread.hpp:81]  [T-Work-Detect_0] Run work: WrokTrack
I1012 13:44:09.199457  6819 work_track.cpp:102] Succeeded to set track lock for frame 95
I1012 13:44:09.199488  6819 work_track.cpp:116] Succeeded to release track lock for frame 95
I1012 13:44:09.199548  6819 work_track.cpp:120] Track results of frame 95: 0 objects input, 0 objects tracked!
I1012 13:44:09.199568  6819 work_thread.hpp:88]  [T-Work-Detect_0] Frame :95 split
I1012 13:44:09.199609  6822 thread_intergrate.hpp:78] [T-Intergrate-intergrate] queue: frame output frame :95
I1012 13:44:09.201004  6818 demo_inner.hpp:435] thread [SORT-0]  frame id 95 sorting queue size 0   FPS: 7.14064
I1012 13:44:09.201073  6817 demo_inner.hpp:260]  gui queue size 0, state = running
I1012 13:44:09.330619  6816 demo_inner.hpp:177] decode queue size 0
I1012 13:44:09.330716  6819 work_thread.hpp:81]  [T-Work-Detect_0] Run work: WorkDetect
I1012 13:44:09.330751  6819 work_detect.cpp:102] Succeeded to add det start for frame 96
I1012 13:44:09.337193  6819 work_detect.cpp:70] Frame :96 detect result :0 face(s)
I1012 13:44:09.337239  6819 work_detect.cpp:120] Succeeded to add det end for frame 96
I1012 13:44:09.337255  6819 work_thread.hpp:81]  [T-Work-Detect_0] Run work: WrokTrack
I1012 13:44:09.337281  6819 work_track.cpp:102] Succeeded to set track lock for frame 96
I1012 13:44:09.337314  6819 work_track.cpp:116] Succeeded to release track lock for frame 96
I1012 13:44:09.337328  6819 work_track.cpp:120] Track results of frame 96: 0 objects input, 0 objects tracked!
I1012 13:44:09.337347  6819 work_thread.hpp:88]  [T-Work-Detect_0] Frame :96 split
I1012 13:44:09.337393  6822 thread_intergrate.hpp:78] [T-Intergrate-intergrate] queue: frame output frame :96
I1012 13:44:09.338850  6818 demo_inner.hpp:435] thread [SORT-0]  frame id 96 sorting queue size 0   FPS: 7.15397
I1012 13:44:09.338919  6817 demo_inner.hpp:260]  gui queue size 0, state = running
I1012 13:44:09.474547  6816 demo_inner.hpp:177] decode queue size 0
I1012 13:44:09.474638  6819 work_thread.hpp:81]  [T-Work-Detect_0] Run work: WorkDetect
I1012 13:44:09.474670  6819 work_detect.cpp:102] Succeeded to add det start for frame 97
I1012 13:44:09.481292  6819 work_detect.cpp:70] Frame :97 detect result :1 face(s)
I1012 13:44:09.481326  6819 work_detect.cpp:86] Detected bbox: [152 x 203 from (368, 76)]
I1012 13:44:09.481365  6819 work_detect.cpp:120] Succeeded to add det end for frame 97
I1012 13:44:09.481381  6819 work_thread.hpp:81]  [T-Work-Detect_0] Run work: WrokTrack
I1012 13:44:09.481403  6819 work_track.cpp:82] Frame: 97 build input_characts: [0.2375 x 0.563889 from (0.575, 0.211111)], 0.996759, 0
I1012 13:44:09.481458  6819 work_track.cpp:102] Succeeded to set track lock for frame 97
I1012 13:44:09.481490  6819 work_track.cpp:116] Succeeded to release track lock for frame 97
I1012 13:44:09.481505  6819 work_track.cpp:120] Track results of frame 97: 1 objects input, 0 objects tracked!
I1012 13:44:09.481523  6819 work_track.cpp:162] Frame: 97 lid: 0 not tracked, will set invalid
I1012 13:44:09.481537  6819 work_thread.hpp:88]  [T-Work-Detect_0] Frame :97 split
I1012 13:44:09.481554  6819 work_thread.hpp:124]  [T-Work-Detect_0] Invalid piece: lid = 0, drop it
I1012 13:44:09.481592  6822 thread_intergrate.hpp:78] [T-Intergrate-intergrate] queue: frame output frame :97
I1012 13:44:09.482983  6818 demo_inner.hpp:435] thread [SORT-0]  frame id 97 sorting queue size 0   FPS: 7.14064
I1012 13:44:09.483044  6817 demo_inner.hpp:260]  gui queue size 0, state = running
I1012 13:44:09.612448  6816 demo_inner.hpp:177] decode queue size 0
I1012 13:44:09.612540  6819 work_thread.hpp:81]  [T-Work-Detect_0] Run work: WorkDetect
I1012 13:44:09.612574  6819 work_detect.cpp:102] Succeeded to add det start for frame 98
I1012 13:44:09.618985  6819 work_detect.cpp:70] Frame :98 detect result :0 face(s)
I1012 13:44:09.619030  6819 work_detect.cpp:120] Succeeded to add det end for frame 98
I1012 13:44:09.619046  6819 work_thread.hpp:81]  [T-Work-Detect_0] Run work: WrokTrack
I1012 13:44:09.619073  6819 work_track.cpp:102] Succeeded to set track lock for frame 98
I1012 13:44:09.619102  6819 work_track.cpp:116] Succeeded to release track lock for frame 98
I1012 13:44:09.619117  6819 work_track.cpp:120] Track results of frame 98: 0 objects input, 0 objects tracked!
I1012 13:44:09.619210  6819 work_thread.hpp:88]  [T-Work-Detect_0] Frame :98 split
I1012 13:44:09.619253  6822 thread_intergrate.hpp:78] [T-Intergrate-intergrate] queue: frame output frame :98
I1012 13:44:09.620656  6818 demo_inner.hpp:435] thread [SORT-0]  frame id 98 sorting queue size 0   FPS: 7.14064
I1012 13:44:09.620723  6817 demo_inner.hpp:260]  gui queue size 0, state = running
I1012 13:44:09.750463  6816 demo_inner.hpp:177] decode queue size 0
I1012 13:44:09.750560  6819 work_thread.hpp:81]  [T-Work-Detect_0] Run work: WorkDetect
I1012 13:44:09.750597  6819 work_detect.cpp:102] Succeeded to add det start for frame 99
I1012 13:44:09.757001  6819 work_detect.cpp:70] Frame :99 detect result :0 face(s)
I1012 13:44:09.757043  6819 work_detect.cpp:120] Succeeded to add det end for frame 99
I1012 13:44:09.757061  6819 work_thread.hpp:81]  [T-Work-Detect_0] Run work: WrokTrack
I1012 13:44:09.757086  6819 work_track.cpp:102] Succeeded to set track lock for frame 99
I1012 13:44:09.757117  6819 work_track.cpp:116] Succeeded to release track lock for frame 99
I1012 13:44:09.757133  6819 work_track.cpp:120] Track results of frame 99: 0 objects input, 0 objects tracked!
I1012 13:44:09.757150  6819 work_thread.hpp:88]  [T-Work-Detect_0] Frame :99 split
I1012 13:44:09.757191  6822 thread_intergrate.hpp:78] [T-Intergrate-intergrate] queue: frame output frame :99
I1012 13:44:09.758610  6818 demo_inner.hpp:435] thread [SORT-0]  frame id 99 sorting queue size 0   FPS: 7.15619
I1012 13:44:09.758677  6817 demo_inner.hpp:260]  gui queue size 0, state = running
I1012 13:44:09.894466  6816 demo_inner.hpp:177] decode queue size 0
I1012 13:44:09.894563  6819 work_thread.hpp:81]  [T-Work-Detect_0] Run work: WorkDetect
I1012 13:44:09.894598  6819 work_detect.cpp:102] Succeeded to add det start for frame 100
I1012 13:44:09.901041  6819 work_detect.cpp:70] Frame :100 detect result :0 face(s)
I1012 13:44:09.901084  6819 work_detect.cpp:120] Succeeded to add det end for frame 100
I1012 13:44:09.901100  6819 work_thread.hpp:81]  [T-Work-Detect_0] Run work: WrokTrack
I1012 13:44:09.901126  6819 work_track.cpp:102] Succeeded to set track lock for frame 100
I1012 13:44:09.901154  6819 work_track.cpp:116] Succeeded to release track lock for frame 100
I1012 13:44:09.901167  6819 work_track.cpp:120] Track results of frame 100: 0 objects input, 0 objects tracked!
I1012 13:44:09.901185  6819 work_thread.hpp:88]  [T-Work-Detect_0] Frame :100 split
I1012 13:44:09.901226  6822 thread_intergrate.hpp:78] [T-Intergrate-intergrate] queue: frame output frame :100
I1012 13:44:09.902623  6818 demo_inner.hpp:435] thread [SORT-0]  frame id 100 sorting queue size 0   FPS: 7.14064
I1012 13:44:09.902698  6817 demo_inner.hpp:260]  gui queue size 0, state = running
I1012 13:44:10.032604  6816 demo_inner.hpp:177] decode queue size 0
I1012 13:44:10.032697  6819 work_thread.hpp:81]  [T-Work-Detect_0] Run work: WorkDetect
I1012 13:44:10.032730  6819 work_detect.cpp:102] Succeeded to add det start for frame 101
I1012 13:44:10.039134  6819 work_detect.cpp:70] Frame :101 detect result :1 face(s)
W1012 13:44:10.039168  6819 work_detect.cpp:83] Invalid bbox: [127 x 108 from (334, -1)]
I1012 13:44:10.039265  6819 work_detect.cpp:120] Succeeded to add det end for frame 101
I1012 13:44:10.039283  6819 work_thread.hpp:81]  [T-Work-Detect_0] Run work: WrokTrack
I1012 13:44:10.039309  6819 work_track.cpp:102] Succeeded to set track lock for frame 101
I1012 13:44:10.039335  6819 work_track.cpp:116] Succeeded to release track lock for frame 101
I1012 13:44:10.039350  6819 work_track.cpp:120] Track results of frame 101: 0 objects input, 0 objects tracked!
I1012 13:44:10.039367  6819 work_thread.hpp:88]  [T-Work-Detect_0] Frame :101 split
I1012 13:44:10.039407  6822 thread_intergrate.hpp:78] [T-Intergrate-intergrate] queue: frame output frame :101
I1012 13:44:10.040807  6818 demo_inner.hpp:435] thread [SORT-0]  frame id 101 sorting queue size 0   FPS: 7.14064
I1012 13:44:10.040876  6817 demo_inner.hpp:260]  gui queue size 0, state = running
I1012 13:44:10.170850  6816 demo_inner.hpp:177] decode queue size 0
I1012 13:44:10.170943  6819 work_thread.hpp:81]  [T-Work-Detect_0] Run work: WorkDetect
I1012 13:44:10.170976  6819 work_detect.cpp:102] Succeeded to add det start for frame 102
I1012 13:44:10.177621  6819 work_detect.cpp:70] Frame :102 detect result :1 face(s)
I1012 13:44:10.177659  6819 work_detect.cpp:86] Detected bbox: [145 x 138 from (327, 10)]
I1012 13:44:10.177700  6819 work_detect.cpp:120] Succeeded to add det end for frame 102
I1012 13:44:10.177716  6819 work_thread.hpp:81]  [T-Work-Detect_0] Run work: WrokTrack
I1012 13:44:10.177739  6819 work_track.cpp:82] Frame: 102 build input_characts: [0.226562 x 0.383333 from (0.510938, 0.0277778)], 1.00019, 0
I1012 13:44:10.177795  6819 work_track.cpp:102] Succeeded to set track lock for frame 102
I1012 13:44:10.177829  6819 work_track.cpp:116] Succeeded to release track lock for frame 102
I1012 13:44:10.177842  6819 work_track.cpp:120] Track results of frame 102: 1 objects input, 0 objects tracked!
I1012 13:44:10.177860  6819 work_track.cpp:162] Frame: 102 lid: 0 not tracked, will set invalid
I1012 13:44:10.177875  6819 work_thread.hpp:88]  [T-Work-Detect_0] Frame :102 split
I1012 13:44:10.177891  6819 work_thread.hpp:124]  [T-Work-Detect_0] Invalid piece: lid = 0, drop it
I1012 13:44:10.177930  6822 thread_intergrate.hpp:78] [T-Intergrate-intergrate] queue: frame output frame :102
I1012 13:44:10.179383  6818 demo_inner.hpp:435] thread [SORT-0]  frame id 102 sorting queue size 0   FPS: 7.15397
I1012 13:44:10.179447  6817 demo_inner.hpp:260]  gui queue size 0, state = running
I1012 13:44:10.314779  6816 demo_inner.hpp:177] decode queue size 0
I1012 13:44:10.314877  6819 work_thread.hpp:81]  [T-Work-Detect_0] Run work: WorkDetect
I1012 13:44:10.314914  6819 work_detect.cpp:102] Succeeded to add det start for frame 103
I1012 13:44:10.321523  6819 work_detect.cpp:70] Frame :103 detect result :1 face(s)
I1012 13:44:10.321560  6819 work_detect.cpp:86] Detected bbox: [151 x 143 from (321, 7)]
I1012 13:44:10.321599  6819 work_detect.cpp:120] Succeeded to add det end for frame 103
I1012 13:44:10.321615  6819 work_thread.hpp:81]  [T-Work-Detect_0] Run work: WrokTrack
I1012 13:44:10.321637  6819 work_track.cpp:82] Frame: 103 build input_characts: [0.235938 x 0.397222 from (0.501562, 0.0194444)], 1.00019, 0
I1012 13:44:10.321691  6819 work_track.cpp:102] Succeeded to set track lock for frame 103
I1012 13:44:10.321730  6819 work_track.cpp:116] Succeeded to release track lock for frame 103
I1012 13:44:10.321745  6819 work_track.cpp:120] Track results of frame 103: 1 objects input, 0 objects tracked!
I1012 13:44:10.321763  6819 work_track.cpp:162] Frame: 103 lid: 0 not tracked, will set invalid
I1012 13:44:10.321777  6819 work_thread.hpp:88]  [T-Work-Detect_0] Frame :103 split
I1012 13:44:10.321794  6819 work_thread.hpp:124]  [T-Work-Detect_0] Invalid piece: lid = 0, drop it
I1012 13:44:10.321831  6822 thread_intergrate.hpp:78] [T-Intergrate-intergrate] queue: frame output frame :103
I1012 13:44:10.323220  6818 demo_inner.hpp:435] thread [SORT-0]  frame id 103 sorting queue size 0   FPS: 7.14064
I1012 13:44:10.323283  6817 demo_inner.hpp:260]  gui queue size 0, state = running
I1012 13:44:10.452670  6816 demo_inner.hpp:177] decode queue size 0
I1012 13:44:10.452769  6819 work_thread.hpp:81]  [T-Work-Detect_0] Run work: WorkDetect
I1012 13:44:10.452801  6819 work_detect.cpp:102] Succeeded to add det start for frame 104
I1012 13:44:10.459249  6819 work_detect.cpp:70] Frame :104 detect result :1 face(s)
W1012 13:44:10.459285  6819 work_detect.cpp:83] Invalid bbox: [129 x 143 from (318, -1)]
I1012 13:44:10.459408  6819 work_detect.cpp:120] Succeeded to add det end for frame 104
I1012 13:44:10.459425  6819 work_thread.hpp:81]  [T-Work-Detect_0] Run work: WrokTrack
I1012 13:44:10.459451  6819 work_track.cpp:102] Succeeded to set track lock for frame 104
I1012 13:44:10.459481  6819 work_track.cpp:116] Succeeded to release track lock for frame 104
I1012 13:44:10.459496  6819 work_track.cpp:120] Track results of frame 104: 0 objects input, 0 objects tracked!
I1012 13:44:10.459564  6819 work_thread.hpp:88]  [T-Work-Detect_0] Frame :104 split
I1012 13:44:10.459605  6822 thread_intergrate.hpp:78] [T-Intergrate-intergrate] queue: frame output frame :104
I1012 13:44:10.461005  6818 demo_inner.hpp:435] thread [SORT-0]  frame id 104 sorting queue size 0   FPS: 7.14064
I1012 13:44:10.461078  6817 demo_inner.hpp:260]  gui queue size 0, state = running
I1012 13:44:10.590917  6816 demo_inner.hpp:177] decode queue size 0
I1012 13:44:10.591008  6819 work_thread.hpp:81]  [T-Work-Detect_0] Run work: WorkDetect
I1012 13:44:10.591042  6819 work_detect.cpp:102] Succeeded to add det start for frame 105
I1012 13:44:10.597472  6819 work_detect.cpp:70] Frame :105 detect result :0 face(s)
I1012 13:44:10.597515  6819 work_detect.cpp:120] Succeeded to add det end for frame 105
I1012 13:44:10.597532  6819 work_thread.hpp:81]  [T-Work-Detect_0] Run work: WrokTrack
I1012 13:44:10.597558  6819 work_track.cpp:102] Succeeded to set track lock for frame 105
I1012 13:44:10.597591  6819 work_track.cpp:116] Succeeded to release track lock for frame 105
I1012 13:44:10.597605  6819 work_track.cpp:120] Track results of frame 105: 0 objects input, 0 objects tracked!
I1012 13:44:10.597623  6819 work_thread.hpp:88]  [T-Work-Detect_0] Frame :105 split
I1012 13:44:10.597663  6822 thread_intergrate.hpp:78] [T-Intergrate-intergrate] queue: frame output frame :105
I1012 13:44:10.599119  6818 demo_inner.hpp:435] thread [SORT-0]  frame id 105 sorting queue size 0   FPS: 7.15397
I1012 13:44:10.599186  6817 demo_inner.hpp:260]  gui queue size 0, state = running
I1012 13:44:10.734820  6816 demo_inner.hpp:177] decode queue size 0
I1012 13:44:10.734915  6819 work_thread.hpp:81]  [T-Work-Detect_0] Run work: WorkDetect
I1012 13:44:10.734948  6819 work_detect.cpp:102] Succeeded to add det start for frame 106
I1012 13:44:10.741452  6819 work_detect.cpp:70] Frame :106 detect result :0 face(s)
I1012 13:44:10.741495  6819 work_detect.cpp:120] Succeeded to add det end for frame 106
I1012 13:44:10.741513  6819 work_thread.hpp:81]  [T-Work-Detect_0] Run work: WrokTrack
I1012 13:44:10.741539  6819 work_track.cpp:102] Succeeded to set track lock for frame 106
I1012 13:44:10.741564  6819 work_track.cpp:116] Succeeded to release track lock for frame 106
I1012 13:44:10.741577  6819 work_track.cpp:120] Track results of frame 106: 0 objects input, 0 objects tracked!
I1012 13:44:10.741595  6819 work_thread.hpp:88]  [T-Work-Detect_0] Frame :106 split
I1012 13:44:10.741636  6822 thread_intergrate.hpp:78] [T-Intergrate-intergrate] queue: frame output frame :106
I1012 13:44:10.743032  6818 demo_inner.hpp:435] thread [SORT-0]  frame id 106 sorting queue size 0   FPS: 7.14064
I1012 13:44:10.743101  6817 demo_inner.hpp:260]  gui queue size 0, state = running
I1012 13:44:10.872689  6816 demo_inner.hpp:177] decode queue size 0
I1012 13:44:10.872786  6819 work_thread.hpp:81]  [T-Work-Detect_0] Run work: WorkDetect
I1012 13:44:10.872822  6819 work_detect.cpp:102] Succeeded to add det start for frame 107
I1012 13:44:10.879436  6819 work_detect.cpp:70] Frame :107 detect result :1 face(s)
I1012 13:44:10.879469  6819 work_detect.cpp:86] Detected bbox: [151 x 200 from (304, 143)]
I1012 13:44:10.879509  6819 work_detect.cpp:120] Succeeded to add det end for frame 107
I1012 13:44:10.879524  6819 work_thread.hpp:81]  [T-Work-Detect_0] Run work: WrokTrack
I1012 13:44:10.879546  6819 work_track.cpp:82] Frame: 107 build input_characts: [0.235938 x 0.555556 from (0.475, 0.397222)], 0.997488, 0
I1012 13:44:10.879602  6819 work_track.cpp:102] Succeeded to set track lock for frame 107
I1012 13:44:10.879635  6819 work_track.cpp:116] Succeeded to release track lock for frame 107
I1012 13:44:10.879649  6819 work_track.cpp:120] Track results of frame 107: 1 objects input, 0 objects tracked!
I1012 13:44:10.879667  6819 work_track.cpp:162] Frame: 107 lid: 0 not tracked, will set invalid
I1012 13:44:10.879681  6819 work_thread.hpp:88]  [T-Work-Detect_0] Frame :107 split
I1012 13:44:10.879698  6819 work_thread.hpp:124]  [T-Work-Detect_0] Invalid piece: lid = 0, drop it
I1012 13:44:10.879810  6822 thread_intergrate.hpp:78] [T-Intergrate-intergrate] queue: frame output frame :107
I1012 13:44:10.881201  6818 demo_inner.hpp:435] thread [SORT-0]  frame id 107 sorting queue size 0   FPS: 7.14064
I1012 13:44:10.881263  6817 demo_inner.hpp:260]  gui queue size 0, state = running
I1012 13:44:11.010632  6816 demo_inner.hpp:177] decode queue size 0
I1012 13:44:11.010730  6819 work_thread.hpp:81]  [T-Work-Detect_0] Run work: WorkDetect
I1012 13:44:11.010762  6819 work_detect.cpp:102] Succeeded to add det start for frame 108
I1012 13:44:11.017434  6819 work_detect.cpp:70] Frame :108 detect result :1 face(s)
I1012 13:44:11.017472  6819 work_detect.cpp:86] Detected bbox: [158 x 207 from (299, 138)]
I1012 13:44:11.017510  6819 work_detect.cpp:120] Succeeded to add det end for frame 108
I1012 13:44:11.017526  6819 work_thread.hpp:81]  [T-Work-Detect_0] Run work: WrokTrack
I1012 13:44:11.017550  6819 work_track.cpp:82] Frame: 108 build input_characts: [0.246875 x 0.575 from (0.467187, 0.383333)], 1.00019, 0
I1012 13:44:11.017604  6819 work_track.cpp:102] Succeeded to set track lock for frame 108
I1012 13:44:11.017644  6819 work_track.cpp:116] Succeeded to release track lock for frame 108
I1012 13:44:11.017658  6819 work_track.cpp:120] Track results of frame 108: 1 objects input, 0 objects tracked!
I1012 13:44:11.017675  6819 work_track.cpp:162] Frame: 108 lid: 0 not tracked, will set invalid
I1012 13:44:11.017690  6819 work_thread.hpp:88]  [T-Work-Detect_0] Frame :108 split
I1012 13:44:11.017709  6819 work_thread.hpp:124]  [T-Work-Detect_0] Invalid piece: lid = 0, drop it
I1012 13:44:11.017745  6822 thread_intergrate.hpp:78] [T-Intergrate-intergrate] queue: frame output frame :108
I1012 13:44:11.019196  6818 demo_inner.hpp:435] thread [SORT-0]  frame id 108 sorting queue size 0   FPS: 7.15397
I1012 13:44:11.019263  6817 demo_inner.hpp:260]  gui queue size 0, state = running
I1012 13:44:11.154507  6816 demo_inner.hpp:177] decode queue size 0
I1012 13:44:11.154604  6819 work_thread.hpp:81]  [T-Work-Detect_0] Run work: WorkDetect
I1012 13:44:11.154642  6819 work_detect.cpp:102] Succeeded to add det start for frame 109
I1012 13:44:11.161247  6819 work_detect.cpp:70] Frame :109 detect result :1 face(s)
I1012 13:44:11.161293  6819 work_detect.cpp:86] Detected bbox: [150 x 204 from (304, 105)]
I1012 13:44:11.161335  6819 work_detect.cpp:120] Succeeded to add det end for frame 109
I1012 13:44:11.161352  6819 work_thread.hpp:81]  [T-Work-Detect_0] Run work: WrokTrack
I1012 13:44:11.161376  6819 work_track.cpp:82] Frame: 109 build input_characts: [0.234375 x 0.566667 from (0.475, 0.291667)], 1.00019, 0
I1012 13:44:11.161432  6819 work_track.cpp:102] Succeeded to set track lock for frame 109
I1012 13:44:11.161473  6819 work_track.cpp:116] Succeeded to release track lock for frame 109
I1012 13:44:11.161486  6819 work_track.cpp:120] Track results of frame 109: 1 objects input, 1 objects tracked!
I1012 13:44:11.161504  6819 work_track.cpp:148] Frame: 109, track bbox: [150 x 204 from (303.586, 110.481)], gid: 2, lid: 0
I1012 13:44:11.161540  6819 work_thread.hpp:88]  [T-Work-Detect_0] Frame :109 split
I1012 13:44:11.161557  6819 work_thread.hpp:120]  [T-Work-Detect_0] Valid piece: gid = 2
I1012 13:44:11.161574  6819 work_thread.hpp:92]  [T-Work-Detect_0] Push to split queue:recog
I1012 13:44:11.161620  6820 work_thread.hpp:81]  [T-Work-Recog_0] Run work: WorkCapture
I1012 13:44:11.161917  6822 thread_intergrate.hpp:78] [T-Intergrate-intergrate] queue: frame output frame :109
I1012 13:44:11.162163  6820 work_thread.hpp:81]  [T-Work-Recog_0] Run work: WorkRecog
I1012 13:44:11.162186  6820 work_recog.hpp:89] Face id: 2 will run recog: bbox [150 x 204 from (304, 105)] quality: 0.382738
I1012 13:44:11.162231  6820 work_recog.hpp:96] Recog pair: [216 x 288 from (272, 64)], [150 x 204 from (32, 41)]
I1012 13:44:11.163347  6818 demo_inner.hpp:435] thread [SORT-0]  frame id 109 sorting queue size 0   FPS: 7.14064
I1012 13:44:11.163414  6817 demo_inner.hpp:260]  gui queue size 0, state = running
I1012 13:44:11.180491  6820 work_thread.hpp:81]  [T-Work-Recog_0] Run work: WorkCompare
I1012 13:44:11.180567  6820 work_compare.cpp:71] Compare face: 2 failed
I1012 13:44:11.292587  6816 demo_inner.hpp:177] decode queue size 0
I1012 13:44:11.292686  6819 work_thread.hpp:81]  [T-Work-Detect_0] Run work: WorkDetect
I1012 13:44:11.292722  6819 work_detect.cpp:102] Succeeded to add det start for frame 110
I1012 13:44:11.299376  6819 work_detect.cpp:70] Frame :110 detect result :1 face(s)
I1012 13:44:11.299412  6819 work_detect.cpp:86] Detected bbox: [134 x 192 from (303, 104)]
I1012 13:44:11.299453  6819 work_detect.cpp:120] Succeeded to add det end for frame 110
I1012 13:44:11.299469  6819 work_thread.hpp:81]  [T-Work-Detect_0] Run work: WrokTrack
I1012 13:44:11.299494  6819 work_track.cpp:82] Frame: 110 build input_characts: [0.209375 x 0.533333 from (0.473437, 0.288889)], 1.00019, 0
I1012 13:44:11.299548  6819 work_track.cpp:102] Succeeded to set track lock for frame 110
I1012 13:44:11.299587  6819 work_track.cpp:116] Succeeded to release track lock for frame 110
I1012 13:44:11.299600  6819 work_track.cpp:120] Track results of frame 110: 1 objects input, 1 objects tracked!
I1012 13:44:11.299618  6819 work_track.cpp:148] Frame: 110, track bbox: [134 x 192 from (305.507, 102.357)], gid: 2, lid: 0
I1012 13:44:11.299654  6819 work_thread.hpp:88]  [T-Work-Detect_0] Frame :110 split
I1012 13:44:11.299670  6819 work_thread.hpp:120]  [T-Work-Detect_0] Valid piece: gid = 2
I1012 13:44:11.299688  6819 work_thread.hpp:92]  [T-Work-Detect_0] Push to split queue:recog
I1012 13:44:11.299738  6821 work_thread.hpp:81]  [T-Work-Recog_1] Run work: WorkCapture
I1012 13:44:11.300021  6822 thread_intergrate.hpp:78] [T-Intergrate-intergrate] queue: frame output frame :110
I1012 13:44:11.300259  6821 work_thread.hpp:81]  [T-Work-Recog_1] Run work: WorkRecog
I1012 13:44:11.300297  6821 work_recog.hpp:89] Face id: 2 will run recog: bbox [134 x 192 from (303, 104)] quality: 0.398133
I1012 13:44:11.300325  6821 work_recog.hpp:96] Recog pair: [192 x 272 from (272, 64)], [134 x 192 from (31, 40)]
I1012 13:44:11.301442  6818 demo_inner.hpp:435] thread [SORT-0]  frame id 110 sorting queue size 0   FPS: 7.14064
I1012 13:44:11.301512  6817 demo_inner.hpp:260]  gui queue size 0, state = running
I1012 13:44:11.318087  6821 work_thread.hpp:81]  [T-Work-Recog_1] Run work: WorkCompare
I1012 13:44:11.318173  6821 work_compare.cpp:71] Compare face: 2 failed
I1012 13:44:11.430476  6816 demo_inner.hpp:177] decode queue size 0
I1012 13:44:11.430577  6819 work_thread.hpp:81]  [T-Work-Detect_0] Run work: WorkDetect
I1012 13:44:11.430615  6819 work_detect.cpp:102] Succeeded to add det start for frame 111
I1012 13:44:11.437181  6819 work_detect.cpp:70] Frame :111 detect result :1 face(s)
I1012 13:44:11.437216  6819 work_detect.cpp:86] Detected bbox: [150 x 217 from (295, 64)]
I1012 13:44:11.437254  6819 work_detect.cpp:120] Succeeded to add det end for frame 111
I1012 13:44:11.437269  6819 work_thread.hpp:81]  [T-Work-Detect_0] Run work: WrokTrack
I1012 13:44:11.437292  6819 work_track.cpp:82] Frame: 111 build input_characts: [0.234375 x 0.602778 from (0.460938, 0.177778)], 0.994144, 0
I1012 13:44:11.437347  6819 work_track.cpp:102] Succeeded to set track lock for frame 111
I1012 13:44:11.437386  6819 work_track.cpp:116] Succeeded to release track lock for frame 111
I1012 13:44:11.437402  6819 work_track.cpp:120] Track results of frame 111: 1 objects input, 1 objects tracked!
I1012 13:44:11.437418  6819 work_track.cpp:148] Frame: 111, track bbox: [150 x 217 from (294.908, 67.801)], gid: 2, lid: 0
I1012 13:44:11.437453  6819 work_thread.hpp:88]  [T-Work-Detect_0] Frame :111 split
I1012 13:44:11.437471  6819 work_thread.hpp:120]  [T-Work-Detect_0] Valid piece: gid = 2
I1012 13:44:11.437489  6819 work_thread.hpp:92]  [T-Work-Detect_0] Push to split queue:recog
I1012 13:44:11.437528  6821 work_thread.hpp:81]  [T-Work-Recog_1] Run work: WorkCapture
I1012 13:44:11.437532  6822 thread_intergrate.hpp:78] [T-Intergrate-intergrate] queue: frame output frame :111
I1012 13:44:11.438060  6821 work_thread.hpp:81]  [T-Work-Recog_1] Run work: WorkRecog
I1012 13:44:11.438083  6821 work_recog.hpp:89] Face id: 2 will run recog: bbox [150 x 217 from (295, 64)] quality: 0.181579
I1012 13:44:11.438110  6821 work_recog.hpp:96] Recog pair: [216 x 312 from (264, 16)], [150 x 217 from (31, 48)]
I1012 13:44:11.439092  6818 demo_inner.hpp:435] thread [SORT-0]  frame id 111 sorting queue size 0   FPS: 7.15397
I1012 13:44:11.439162  6817 demo_inner.hpp:260]  gui queue size 0, state = running
I1012 13:44:11.455850  6821 work_thread.hpp:81]  [T-Work-Recog_1] Run work: WorkCompare
I1012 13:44:11.455935  6821 work_compare.cpp:71] Compare face: 2 failed
I1012 13:44:11.574357  6816 demo_inner.hpp:177] decode queue size 0
I1012 13:44:11.574455  6819 work_thread.hpp:81]  [T-Work-Detect_0] Run work: WorkDetect
I1012 13:44:11.574491  6819 work_detect.cpp:102] Succeeded to add det start for frame 112
I1012 13:44:11.581121  6819 work_detect.cpp:70] Frame :112 detect result :1 face(s)
I1012 13:44:11.581156  6819 work_detect.cpp:86] Detected bbox: [144 x 208 from (299, 34)]
I1012 13:44:11.581197  6819 work_detect.cpp:120] Succeeded to add det end for frame 112
I1012 13:44:11.581212  6819 work_thread.hpp:81]  [T-Work-Detect_0] Run work: WrokTrack
I1012 13:44:11.581235  6819 work_track.cpp:82] Frame: 112 build input_characts: [0.225 x 0.577778 from (0.467187, 0.0944444)], 0.997596, 0
I1012 13:44:11.581291  6819 work_track.cpp:102] Succeeded to set track lock for frame 112
I1012 13:44:11.581331  6819 work_track.cpp:116] Succeeded to release track lock for frame 112
I1012 13:44:11.581344  6819 work_track.cpp:120] Track results of frame 112: 1 objects input, 1 objects tracked!
I1012 13:44:11.581362  6819 work_track.cpp:148] Frame: 112, track bbox: [144 x 208 from (297.193, 43.5476)], gid: 2, lid: 0
I1012 13:44:11.581398  6819 work_thread.hpp:88]  [T-Work-Detect_0] Frame :112 split
I1012 13:44:11.581415  6819 work_thread.hpp:120]  [T-Work-Detect_0] Valid piece: gid = 2
I1012 13:44:11.581432  6819 work_thread.hpp:92]  [T-Work-Detect_0] Push to split queue:recog
I1012 13:44:11.581480  6820 work_thread.hpp:81]  [T-Work-Recog_0] Run work: WorkCapture
I1012 13:44:11.581766  6822 thread_intergrate.hpp:78] [T-Intergrate-intergrate] queue: frame output frame :112
I1012 13:44:11.582000  6820 work_thread.hpp:81]  [T-Work-Recog_0] Run work: WorkRecog
I1012 13:44:11.582022  6820 work_recog.hpp:89] Face id: 2 will run recog: bbox [144 x 208 from (299, 34)] quality: 0.217127
I1012 13:44:11.582048  6820 work_recog.hpp:96] Recog pair: [208 x 296 from (264, 0)], [144 x 208 from (35, 34)]
I1012 13:44:11.583194  6818 demo_inner.hpp:435] thread [SORT-0]  frame id 112 sorting queue size 0   FPS: 7.14064
I1012 13:44:11.583268  6817 demo_inner.hpp:260]  gui queue size 0, state = running
I1012 13:44:11.599743  6820 work_thread.hpp:81]  [T-Work-Recog_0] Run work: WorkCompare
I1012 13:44:11.599819  6820 work_compare.cpp:71] Compare face: 2 failed
I1012 13:44:11.712555  6816 demo_inner.hpp:177] decode queue size 0
I1012 13:44:11.712649  6819 work_thread.hpp:81]  [T-Work-Detect_0] Run work: WorkDetect
I1012 13:44:11.712687  6819 work_detect.cpp:102] Succeeded to add det start for frame 113
I1012 13:44:11.719264  6819 work_detect.cpp:70] Frame :113 detect result :1 face(s)
I1012 13:44:11.719298  6819 work_detect.cpp:86] Detected bbox: [151 x 208 from (306, 31)]
I1012 13:44:11.719337  6819 work_detect.cpp:120] Succeeded to add det end for frame 113
I1012 13:44:11.719353  6819 work_thread.hpp:81]  [T-Work-Detect_0] Run work: WrokTrack
I1012 13:44:11.719377  6819 work_track.cpp:82] Frame: 113 build input_characts: [0.235938 x 0.577778 from (0.478125, 0.0861111)], 0.998877, 0
I1012 13:44:11.719432  6819 work_track.cpp:102] Succeeded to set track lock for frame 113
I1012 13:44:11.719470  6819 work_track.cpp:116] Succeeded to release track lock for frame 113
I1012 13:44:11.719485  6819 work_track.cpp:120] Track results of frame 113: 1 objects input, 1 objects tracked!
I1012 13:44:11.719502  6819 work_track.cpp:148] Frame: 113, track bbox: [151 x 208 from (298.947, 23.5448)], gid: 2, lid: 0
I1012 13:44:11.719614  6819 work_thread.hpp:88]  [T-Work-Detect_0] Frame :113 split
I1012 13:44:11.719633  6819 work_thread.hpp:120]  [T-Work-Detect_0] Valid piece: gid = 2
I1012 13:44:11.719651  6819 work_thread.hpp:92]  [T-Work-Detect_0] Push to split queue:recog
I1012 13:44:11.719697  6820 work_thread.hpp:81]  [T-Work-Recog_0] Run work: WorkCapture
I1012 13:44:11.719985  6822 thread_intergrate.hpp:78] [T-Intergrate-intergrate] queue: frame output frame :113
I1012 13:44:11.720217  6820 work_thread.hpp:81]  [T-Work-Recog_0] Run work: WorkRecog
I1012 13:44:11.720240  6820 work_recog.hpp:89] Face id: 2 will run recog: bbox [151 x 208 from (306, 31)] quality: 0.408121
I1012 13:44:11.720266  6820 work_recog.hpp:96] Recog pair: [216 x 296 from (272, 0)], [151 x 208 from (34, 31)]
I1012 13:44:11.721405  6818 demo_inner.hpp:435] thread [SORT-0]  frame id 113 sorting queue size 0   FPS: 7.14064
I1012 13:44:11.721474  6817 demo_inner.hpp:260]  gui queue size 0, state = running
I1012 13:44:11.738075  6820 work_thread.hpp:81]  [T-Work-Recog_0] Run work: WorkCompare
I1012 13:44:11.738152  6820 work_compare.cpp:71] Compare face: 2 failed
I1012 13:44:11.850561  6816 demo_inner.hpp:177] decode queue size 0
I1012 13:44:11.850656  6819 work_thread.hpp:81]  [T-Work-Detect_0] Run work: WorkDetect
I1012 13:44:11.850692  6819 work_detect.cpp:102] Succeeded to add det start for frame 114
I1012 13:44:11.857344  6819 work_detect.cpp:70] Frame :114 detect result :1 face(s)
I1012 13:44:11.857379  6819 work_detect.cpp:86] Detected bbox: [162 x 209 from (299, 12)]
I1012 13:44:11.857419  6819 work_detect.cpp:120] Succeeded to add det end for frame 114
I1012 13:44:11.857435  6819 work_thread.hpp:81]  [T-Work-Detect_0] Run work: WrokTrack
I1012 13:44:11.857460  6819 work_track.cpp:82] Frame: 114 build input_characts: [0.253125 x 0.580556 from (0.467187, 0.0333333)], 1.00019, 0
I1012 13:44:11.857515  6819 work_track.cpp:102] Succeeded to set track lock for frame 114
I1012 13:44:11.857554  6819 work_track.cpp:116] Succeeded to release track lock for frame 114
I1012 13:44:11.857568  6819 work_track.cpp:120] Track results of frame 114: 1 objects input, 1 objects tracked!
I1012 13:44:11.857586  6819 work_track.cpp:148] Frame: 114, track bbox: [162 x 209 from (297.135, 8.2811)], gid: 2, lid: 0
I1012 13:44:11.857620  6819 work_thread.hpp:88]  [T-Work-Detect_0] Frame :114 split
I1012 13:44:11.857640  6819 work_thread.hpp:120]  [T-Work-Detect_0] Valid piece: gid = 2
I1012 13:44:11.857656  6819 work_thread.hpp:92]  [T-Work-Detect_0] Push to split queue:recog
I1012 13:44:11.857702  6822 thread_intergrate.hpp:78] [T-Intergrate-intergrate] queue: frame output frame :114
I1012 13:44:11.857702  6821 work_thread.hpp:81]  [T-Work-Recog_1] Run work: WorkCapture
I1012 13:44:11.858242  6821 work_thread.hpp:81]  [T-Work-Recog_1] Run work: WorkRecog
I1012 13:44:11.858265  6821 work_recog.hpp:89] Face id: 2 will run recog: bbox [162 x 209 from (299, 12)] quality: 0.441175
I1012 13:44:11.858292  6821 work_recog.hpp:96] Recog pair: [232 x 296 from (264, 0)], [162 x 209 from (35, 12)]
I1012 13:44:11.859185  6818 demo_inner.hpp:435] thread [SORT-0]  frame id 114 sorting queue size 0   FPS: 7.15397
I1012 13:44:11.859249  6817 demo_inner.hpp:260]  gui queue size 0, state = running
I1012 13:44:11.876070  6821 work_thread.hpp:81]  [T-Work-Recog_1] Run work: WorkCompare
I1012 13:44:11.876143  6821 work_compare.cpp:71] Compare face: 2 failed
I1012 13:44:11.994449  6816 demo_inner.hpp:177] decode queue size 0
I1012 13:44:11.994545  6819 work_thread.hpp:81]  [T-Work-Detect_0] Run work: WorkDetect
I1012 13:44:11.994582  6819 work_detect.cpp:102] Succeeded to add det start for frame 115
I1012 13:44:12.001229  6819 work_detect.cpp:70] Frame :115 detect result :1 face(s)
I1012 13:44:12.001264  6819 work_detect.cpp:86] Detected bbox: [148 x 188 from (306, 13)]
I1012 13:44:12.001304  6819 work_detect.cpp:120] Succeeded to add det end for frame 115
I1012 13:44:12.001320  6819 work_thread.hpp:81]  [T-Work-Detect_0] Run work: WrokTrack
I1012 13:44:12.001343  6819 work_track.cpp:82] Frame: 115 build input_characts: [0.23125 x 0.522222 from (0.478125, 0.0361111)], 1.00035, 0
I1012 13:44:12.001472  6819 work_track.cpp:102] Succeeded to set track lock for frame 115
I1012 13:44:12.001513  6819 work_track.cpp:116] Succeeded to release track lock for frame 115
I1012 13:44:12.001528  6819 work_track.cpp:120] Track results of frame 115: 1 objects input, 1 objects tracked!
I1012 13:44:12.001545  6819 work_track.cpp:148] Frame: 115, track bbox: [148 x 188 from (307.876, 5.40137)], gid: 2, lid: 0
I1012 13:44:12.001580  6819 work_thread.hpp:88]  [T-Work-Detect_0] Frame :115 split
I1012 13:44:12.001598  6819 work_thread.hpp:120]  [T-Work-Detect_0] Valid piece: gid = 2
I1012 13:44:12.001616  6819 work_thread.hpp:92]  [T-Work-Detect_0] Push to split queue:recog
I1012 13:44:12.001654  6821 work_thread.hpp:81]  [T-Work-Recog_1] Run work: WorkCapture
I1012 13:44:12.001658  6822 thread_intergrate.hpp:78] [T-Intergrate-intergrate] queue: frame output frame :115
I1012 13:44:12.002187  6821 work_thread.hpp:81]  [T-Work-Recog_1] Run work: WorkRecog
W1012 13:44:12.002209  6821 work_recog.hpp:118] Face id: 2 has low quality : 0.0737938, no need to recog
I1012 13:44:12.002315  6821 work_thread.hpp:81]  [T-Work-Recog_1] Run work: WorkCompare
I1012 13:44:12.003093  6818 demo_inner.hpp:435] thread [SORT-0]  frame id 115 sorting queue size 0   FPS: 7.14064
I1012 13:44:12.003155  6817 demo_inner.hpp:260]  gui queue size 0, state = running
I1012 13:44:12.132510  6816 demo_inner.hpp:177] decode queue size 0
I1012 13:44:12.132613  6819 work_thread.hpp:81]  [T-Work-Detect_0] Run work: WorkDetect
I1012 13:44:12.132649  6819 work_detect.cpp:102] Succeeded to add det start for frame 116
I1012 13:44:12.139242  6819 work_detect.cpp:70] Frame :116 detect result :1 face(s)
I1012 13:44:12.139277  6819 work_detect.cpp:86] Detected bbox: [135 x 176 from (308, 13)]
I1012 13:44:12.139317  6819 work_detect.cpp:120] Succeeded to add det end for frame 116
I1012 13:44:12.139333  6819 work_thread.hpp:81]  [T-Work-Detect_0] Run work: WrokTrack
I1012 13:44:12.139356  6819 work_track.cpp:82] Frame: 116 build input_characts: [0.210938 x 0.488889 from (0.48125, 0.0361111)], 0.999622, 0
I1012 13:44:12.139413  6819 work_track.cpp:102] Succeeded to set track lock for frame 116
I1012 13:44:12.139452  6819 work_track.cpp:116] Succeeded to release track lock for frame 116
I1012 13:44:12.139467  6819 work_track.cpp:120] Track results of frame 116: 1 objects input, 1 objects tracked!
I1012 13:44:12.139483  6819 work_track.cpp:148] Frame: 116, track bbox: [135 x 176 from (312.605, 6.83248)], gid: 2, lid: 0
I1012 13:44:12.139518  6819 work_thread.hpp:88]  [T-Work-Detect_0] Frame :116 split
I1012 13:44:12.139536  6819 work_thread.hpp:120]  [T-Work-Detect_0] Valid piece: gid = 2
I1012 13:44:12.139554  6819 work_thread.hpp:92]  [T-Work-Detect_0] Push to split queue:recog
I1012 13:44:12.139600  6820 work_thread.hpp:81]  [T-Work-Recog_0] Run work: WorkCapture
I1012 13:44:12.139890  6822 thread_intergrate.hpp:78] [T-Intergrate-intergrate] queue: frame output frame :116
I1012 13:44:12.140125  6820 work_thread.hpp:81]  [T-Work-Recog_0] Run work: WorkRecog
I1012 13:44:12.140147  6820 work_recog.hpp:89] Face id: 2 will run recog: bbox [135 x 176 from (308, 13)] quality: 0.344569
I1012 13:44:12.140173  6820 work_recog.hpp:96] Recog pair: [192 x 248 from (280, 0)], [135 x 176 from (28, 13)]
I1012 13:44:12.141311  6818 demo_inner.hpp:435] thread [SORT-0]  frame id 116 sorting queue size 0   FPS: 7.14064
I1012 13:44:12.141389  6817 demo_inner.hpp:260]  gui queue size 0, state = running
I1012 13:44:12.157699  6820 work_thread.hpp:81]  [T-Work-Recog_0] Run work: WorkCompare
I1012 13:44:12.157774  6820 work_compare.cpp:71] Compare face: 2 failed
I1012 13:44:12.270516  6816 demo_inner.hpp:177] decode queue size 0
I1012 13:44:12.270615  6819 work_thread.hpp:81]  [T-Work-Detect_0] Run work: WorkDetect
I1012 13:44:12.270651  6819 work_detect.cpp:102] Succeeded to add det start for frame 117
I1012 13:44:12.277281  6819 work_detect.cpp:70] Frame :117 detect result :1 face(s)
I1012 13:44:12.277390  6819 work_detect.cpp:86] Detected bbox: [155 x 193 from (297, 9)]
I1012 13:44:12.277432  6819 work_detect.cpp:120] Succeeded to add det end for frame 117
I1012 13:44:12.277448  6819 work_thread.hpp:81]  [T-Work-Detect_0] Run work: WrokTrack
I1012 13:44:12.277472  6819 work_track.cpp:82] Frame: 117 build input_characts: [0.242188 x 0.536111 from (0.464063, 0.025)], 1.00019, 0
I1012 13:44:12.277525  6819 work_track.cpp:102] Succeeded to set track lock for frame 117
I1012 13:44:12.277565  6819 work_track.cpp:116] Succeeded to release track lock for frame 117
I1012 13:44:12.277580  6819 work_track.cpp:120] Track results of frame 117: 1 objects input, 1 objects tracked!
I1012 13:44:12.277596  6819 work_track.cpp:148] Frame: 117, track bbox: [155 x 193 from (299.538, 1.09836)], gid: 2, lid: 0
I1012 13:44:12.277631  6819 work_thread.hpp:88]  [T-Work-Detect_0] Frame :117 split
I1012 13:44:12.277647  6819 work_thread.hpp:120]  [T-Work-Detect_0] Valid piece: gid = 2
I1012 13:44:12.277665  6819 work_thread.hpp:92]  [T-Work-Detect_0] Push to split queue:recog
I1012 13:44:12.277712  6820 work_thread.hpp:81]  [T-Work-Recog_0] Run work: WorkCapture
I1012 13:44:12.278003  6822 thread_intergrate.hpp:78] [T-Intergrate-intergrate] queue: frame output frame :117
I1012 13:44:12.278236  6820 work_thread.hpp:81]  [T-Work-Recog_0] Run work: WorkRecog
I1012 13:44:12.278259  6820 work_recog.hpp:89] Face id: 2 will run recog: bbox [155 x 193 from (297, 9)] quality: 0.234846
I1012 13:44:12.278285  6820 work_recog.hpp:96] Recog pair: [224 x 272 from (264, 0)], [155 x 193 from (33, 9)]
I1012 13:44:12.279362  6818 demo_inner.hpp:435] thread [SORT-0]  frame id 117 sorting queue size 0   FPS: 7.15174
I1012 13:44:12.279433  6817 demo_inner.hpp:260]  gui queue size 0, state = running
I1012 13:44:12.295987  6820 work_thread.hpp:81]  [T-Work-Recog_0] Run work: WorkCompare
I1012 13:44:12.296061  6820 work_compare.cpp:71] Compare face: 2 failed
I1012 13:44:12.414396  6816 demo_inner.hpp:177] decode queue size 0
I1012 13:44:12.414491  6819 work_thread.hpp:81]  [T-Work-Detect_0] Run work: WorkDetect
I1012 13:44:12.414528  6819 work_detect.cpp:102] Succeeded to add det start for frame 118
I1012 13:44:12.421200  6819 work_detect.cpp:70] Frame :118 detect result :1 face(s)
I1012 13:44:12.421236  6819 work_detect.cpp:86] Detected bbox: [139 x 187 from (304, 15)]
I1012 13:44:12.421277  6819 work_detect.cpp:120] Succeeded to add det end for frame 118
I1012 13:44:12.421293  6819 work_thread.hpp:81]  [T-Work-Detect_0] Run work: WrokTrack
I1012 13:44:12.421317  6819 work_track.cpp:82] Frame: 118 build input_characts: [0.217187 x 0.519444 from (0.475, 0.0416667)], 0.999622, 0
I1012 13:44:12.421373  6819 work_track.cpp:102] Succeeded to set track lock for frame 118
I1012 13:44:12.421413  6819 work_track.cpp:116] Succeeded to release track lock for frame 118
I1012 13:44:12.421427  6819 work_track.cpp:120] Track results of frame 118: 1 objects input, 1 objects tracked!
I1012 13:44:12.421444  6819 work_track.cpp:148] Frame: 118, track bbox: [139 x 187 from (303.64, 6.50308)], gid: 2, lid: 0
I1012 13:44:12.421478  6819 work_thread.hpp:88]  [T-Work-Detect_0] Frame :118 split
I1012 13:44:12.421496  6819 work_thread.hpp:120]  [T-Work-Detect_0] Valid piece: gid = 2
I1012 13:44:12.421514  6819 work_thread.hpp:92]  [T-Work-Detect_0] Push to split queue:recog
I1012 13:44:12.421553  6821 work_thread.hpp:81]  [T-Work-Recog_1] Run work: WorkCapture
I1012 13:44:12.421555  6822 thread_intergrate.hpp:78] [T-Intergrate-intergrate] queue: frame output frame :118
I1012 13:44:12.422086  6821 work_thread.hpp:81]  [T-Work-Recog_1] Run work: WorkRecog
I1012 13:44:12.422108  6821 work_recog.hpp:89] Face id: 2 will run recog: bbox [139 x 187 from (304, 15)] quality: 0.234985
I1012 13:44:12.422134  6821 work_recog.hpp:96] Recog pair: [200 x 264 from (272, 0)], [139 x 187 from (32, 15)]
I1012 13:44:12.423003  6818 demo_inner.hpp:435] thread [SORT-0]  frame id 118 sorting queue size 0   FPS: 7.13842
I1012 13:44:12.423068  6817 demo_inner.hpp:260]  gui queue size 0, state = running
I1012 13:44:12.439873  6821 work_thread.hpp:81]  [T-Work-Recog_1] Run work: WorkCompare
I1012 13:44:12.439972  6821 work_compare.cpp:71] Compare face: 2 failed
I1012 13:44:12.552398  6816 demo_inner.hpp:177] decode queue size 0
I1012 13:44:12.552492  6819 work_thread.hpp:81]  [T-Work-Detect_0] Run work: WorkDetect
I1012 13:44:12.552529  6819 work_detect.cpp:102] Succeeded to add det start for frame 119
I1012 13:44:12.559132  6819 work_detect.cpp:70] Frame :119 detect result :1 face(s)
I1012 13:44:12.559167  6819 work_detect.cpp:86] Detected bbox: [156 x 217 from (304, 24)]
I1012 13:44:12.559206  6819 work_detect.cpp:120] Succeeded to add det end for frame 119
I1012 13:44:12.559223  6819 work_thread.hpp:81]  [T-Work-Detect_0] Run work: WrokTrack
I1012 13:44:12.559247  6819 work_track.cpp:82] Frame: 119 build input_characts: [0.24375 x 0.602778 from (0.475, 0.0666667)], 0.998877, 0
I1012 13:44:12.559303  6819 work_track.cpp:102] Succeeded to set track lock for frame 119
I1012 13:44:12.559341  6819 work_track.cpp:116] Succeeded to release track lock for frame 119
I1012 13:44:12.559356  6819 work_track.cpp:120] Track results of frame 119: 1 objects input, 1 objects tracked!
I1012 13:44:12.559373  6819 work_track.cpp:148] Frame: 119, track bbox: [156 x 217 from (298.842, 9.69022)], gid: 2, lid: 0
I1012 13:44:12.559408  6819 work_thread.hpp:88]  [T-Work-Detect_0] Frame :119 split
I1012 13:44:12.559425  6819 work_thread.hpp:120]  [T-Work-Detect_0] Valid piece: gid = 2
I1012 13:44:12.559443  6819 work_thread.hpp:92]  [T-Work-Detect_0] Push to split queue:recog
I1012 13:44:12.559487  6822 thread_intergrate.hpp:78] [T-Intergrate-intergrate] queue: frame output frame :119
I1012 13:44:12.559491  6820 work_thread.hpp:81]  [T-Work-Recog_0] Run work: WorkCapture
I1012 13:44:12.560032  6820 work_thread.hpp:81]  [T-Work-Recog_0] Run work: WorkRecog
I1012 13:44:12.560055  6820 work_recog.hpp:89] Face id: 2 will run recog: bbox [156 x 217 from (304, 24)] quality: 0.252106
I1012 13:44:12.560081  6820 work_recog.hpp:96] Recog pair: [224 x 304 from (272, 0)], [156 x 217 from (32, 24)]
I1012 13:44:12.560933  6818 demo_inner.hpp:435] thread [SORT-0]  frame id 119 sorting queue size 0   FPS: 7.13842
I1012 13:44:12.560995  6817 demo_inner.hpp:260]  gui queue size 0, state = running
I1012 13:44:12.577862  6820 work_thread.hpp:81]  [T-Work-Recog_0] Run work: WorkCompare
I1012 13:44:12.577937  6820 work_compare.cpp:71] Compare face: 2 failed
I1012 13:44:12.690542  6816 demo_inner.hpp:177] decode queue size 0
I1012 13:44:12.690642  6819 work_thread.hpp:81]  [T-Work-Detect_0] Run work: WorkDetect
I1012 13:44:12.690678  6819 work_detect.cpp:102] Succeeded to add det start for frame 120
I1012 13:44:12.697283  6819 work_detect.cpp:70] Frame :120 detect result :1 face(s)
I1012 13:44:12.697315  6819 work_detect.cpp:86] Detected bbox: [135 x 187 from (297, 44)]
I1012 13:44:12.697356  6819 work_detect.cpp:120] Succeeded to add det end for frame 120
I1012 13:44:12.697372  6819 work_thread.hpp:81]  [T-Work-Detect_0] Run work: WrokTrack
I1012 13:44:12.697396  6819 work_track.cpp:82] Frame: 120 build input_characts: [0.210938 x 0.519444 from (0.464063, 0.122222)], 0.997596, 0
I1012 13:44:12.697451  6819 work_track.cpp:102] Succeeded to set track lock for frame 120
I1012 13:44:12.697491  6819 work_track.cpp:116] Succeeded to release track lock for frame 120
I1012 13:44:12.697505  6819 work_track.cpp:120] Track results of frame 120: 1 objects input, 1 objects tracked!
I1012 13:44:12.697522  6819 work_track.cpp:148] Frame: 120, track bbox: [135 x 187 from (303.284, 39.6951)], gid: 2, lid: 0
I1012 13:44:12.697557  6819 work_thread.hpp:88]  [T-Work-Detect_0] Frame :120 split
I1012 13:44:12.697576  6819 work_thread.hpp:120]  [T-Work-Detect_0] Valid piece: gid = 2
I1012 13:44:12.697593  6819 work_thread.hpp:92]  [T-Work-Detect_0] Push to split queue:recog
I1012 13:44:12.697641  6820 work_thread.hpp:81]  [T-Work-Recog_0] Run work: WorkCapture
I1012 13:44:12.697930  6822 thread_intergrate.hpp:78] [T-Intergrate-intergrate] queue: frame output frame :120
I1012 13:44:12.698170  6820 work_thread.hpp:81]  [T-Work-Recog_0] Run work: WorkRecog
I1012 13:44:12.698194  6820 work_recog.hpp:89] Face id: 2 will run recog: bbox [135 x 187 from (297, 44)] quality: 0.394576
I1012 13:44:12.698220  6820 work_recog.hpp:96] Recog pair: [200 x 272 from (264, 0)], [135 x 187 from (33, 44)]
I1012 13:44:12.699393  6818 demo_inner.hpp:435] thread [SORT-0]  frame id 120 sorting queue size 0   FPS: 7.15174
I1012 13:44:12.699563  6817 demo_inner.hpp:260]  gui queue size 0, state = running
I1012 13:44:12.715762  6820 work_thread.hpp:81]  [T-Work-Recog_0] Run work: WorkCompare
I1012 13:44:12.715837  6820 work_compare.cpp:71] Compare face: 2 failed
I1012 13:44:12.834543  6816 demo_inner.hpp:177] decode queue size 0
I1012 13:44:12.834638  6819 work_thread.hpp:81]  [T-Work-Detect_0] Run work: WorkDetect
I1012 13:44:12.834674  6819 work_detect.cpp:102] Succeeded to add det start for frame 121
I1012 13:44:12.841328  6819 work_detect.cpp:70] Frame :121 detect result :1 face(s)
I1012 13:44:12.841362  6819 work_detect.cpp:86] Detected bbox: [161 x 203 from (285, 56)]
I1012 13:44:12.841401  6819 work_detect.cpp:120] Succeeded to add det end for frame 121
I1012 13:44:12.841418  6819 work_thread.hpp:81]  [T-Work-Detect_0] Run work: WrokTrack
I1012 13:44:12.841439  6819 work_track.cpp:82] Frame: 121 build input_characts: [0.251563 x 0.563889 from (0.445312, 0.155556)], 0.997488, 0
I1012 13:44:12.841495  6819 work_track.cpp:102] Succeeded to set track lock for frame 121
I1012 13:44:12.841532  6819 work_track.cpp:116] Succeeded to release track lock for frame 121
I1012 13:44:12.841547  6819 work_track.cpp:120] Track results of frame 121: 1 objects input, 1 objects tracked!
I1012 13:44:12.841564  6819 work_track.cpp:148] Frame: 121, track bbox: [161 x 203 from (286.979, 51.0004)], gid: 2, lid: 0
I1012 13:44:12.841599  6819 work_thread.hpp:88]  [T-Work-Detect_0] Frame :121 split
I1012 13:44:12.841616  6819 work_thread.hpp:120]  [T-Work-Detect_0] Valid piece: gid = 2
I1012 13:44:12.841634  6819 work_thread.hpp:92]  [T-Work-Detect_0] Push to split queue:recog
I1012 13:44:12.841675  6821 work_thread.hpp:81]  [T-Work-Recog_1] Run work: WorkCapture
I1012 13:44:12.841675  6822 thread_intergrate.hpp:78] [T-Intergrate-intergrate] queue: frame output frame :121
I1012 13:44:12.842203  6821 work_thread.hpp:81]  [T-Work-Recog_1] Run work: WorkRecog
I1012 13:44:12.842226  6821 work_recog.hpp:89] Face id: 2 will run recog: bbox [161 x 203 from (285, 56)] quality: 0.605889
I1012 13:44:12.842252  6821 work_recog.hpp:96] Recog pair: [232 x 288 from (248, 16)], [161 x 203 from (37, 40)]
I1012 13:44:12.843123  6818 demo_inner.hpp:435] thread [SORT-0]  frame id 121 sorting queue size 0   FPS: 7.13842
I1012 13:44:12.843185  6817 demo_inner.hpp:260]  gui queue size 0, state = running
I1012 13:44:12.859961  6821 work_thread.hpp:81]  [T-Work-Recog_1] Run work: WorkCompare
I1012 13:44:12.860056  6821 work_compare.cpp:71] Compare face: 2 failed
