Log file created at: 2019/10/14 16:40:16
Running on machine: zcu104
Log line format: [IWEF]mmdd hh:mm:ss.uuuuuu threadid file:line] msg
I1014 16:40:16.784602 10241 feature_lib.cpp:109] Feature lib read name: images/HaDM.jpg
I1014 16:40:16.785511 10241 feature_lib.cpp:131] Read lib face : images/HaDM.jpg
I1014 16:40:16.785538 10241 feature_lib.cpp:109] Feature lib read name: images/HaiHV.jpg
I1014 16:40:16.785939 10241 feature_lib.cpp:131] Read lib face : images/HaiHV.jpg
I1014 16:40:16.785959 10241 feature_lib.cpp:109] Feature lib read name: images/SonNNe.jpg
I1014 16:40:16.786352 10241 feature_lib.cpp:131] Read lib face : images/SonNNe.jpg
I1014 16:40:16.786371 10241 feature_lib.cpp:109] Feature lib read name: images/TungDM.jpg
I1014 16:40:16.786761 10241 feature_lib.cpp:131] Read lib face : images/TungDM.jpg
I1014 16:40:16.786779 10241 feature_lib.cpp:109] Feature lib read name: images/HungVTc.png
I1014 16:40:16.787181 10241 feature_lib.cpp:131] Read lib face : images/HungVTc.png
I1014 16:40:16.787211 10241 feature_lib.cpp:109] Feature lib read name: images/DangVHb.jpg
I1014 16:40:16.787600 10241 feature_lib.cpp:131] Read lib face : images/DangVHb.jpg
I1014 16:40:16.787619 10241 feature_lib.cpp:109] Feature lib read name: images/hungndn.jpg
I1014 16:40:16.788012 10241 feature_lib.cpp:131] Read lib face : images/hungndn.jpg
I1014 16:40:16.788030 10241 feature_lib.cpp:109] Feature lib read name: images/HieuPV.jpg
I1014 16:40:16.788450 10241 feature_lib.cpp:131] Read lib face : images/HieuPV.jpg
I1014 16:40:16.788470 10241 feature_lib.cpp:109] Feature lib read name: images/HuyNQz.png
I1014 16:40:16.788897 10241 feature_lib.cpp:131] Read lib face : images/HuyNQz.png
I1014 16:40:16.788935 10241 feature_lib.cpp:109] Feature lib read name: images/VuongNQb.png
I1014 16:40:16.789332 10241 feature_lib.cpp:131] Read lib face : images/VuongNQb.png
I1014 16:40:16.789360 10241 feature_lib.cpp:109] Feature lib read name: images/ThangLMb.jpg
I1014 16:40:16.789754 10241 feature_lib.cpp:131] Read lib face : images/ThangLMb.jpg
I1014 16:40:16.789773 10241 feature_lib.cpp:109] Feature lib read name: images/truongnxd.png
I1014 16:40:16.790172 10241 feature_lib.cpp:131] Read lib face : images/truongnxd.png
I1014 16:40:16.790191 10241 feature_lib.cpp:109] Feature lib read name: images/ThaoDQ.jpg
I1014 16:40:16.790582 10241 feature_lib.cpp:131] Read lib face : images/ThaoDQ.jpg
I1014 16:40:16.790632 10241 feature_lib.cpp:147] Loading normal image: images/HaDM.jpg...
I1014 16:40:16.821573 10241 feature_lib.cpp:158] Load normal image: images/HaDM.jpg done size: 838 * 1100
I1014 16:40:16.821638 10241 feature_lib.cpp:147] Loading normal image: images/HaiHV.jpg...
I1014 16:40:16.879371 10241 feature_lib.cpp:158] Load normal image: images/HaiHV.jpg done size: 1203 * 1541
I1014 16:40:16.879432 10241 feature_lib.cpp:147] Loading normal image: images/SonNNe.jpg...
I1014 16:40:16.954988 10241 feature_lib.cpp:158] Load normal image: images/SonNNe.jpg done size: 1429 * 1719
I1014 16:40:16.955047 10241 feature_lib.cpp:147] Loading normal image: images/TungDM.jpg...
I1014 16:40:17.014220 10241 feature_lib.cpp:158] Load normal image: images/TungDM.jpg done size: 1340 * 1462
I1014 16:40:17.014305 10241 feature_lib.cpp:147] Loading normal image: images/HungVTc.png...
I1014 16:40:17.022414 10241 feature_lib.cpp:158] Load normal image: images/HungVTc.png done size: 263 * 317
I1014 16:40:17.022442 10241 feature_lib.cpp:147] Loading normal image: images/DangVHb.jpg...
I1014 16:40:17.088301 10241 feature_lib.cpp:158] Load normal image: images/DangVHb.jpg done size: 1469 * 1456
I1014 16:40:17.088362 10241 feature_lib.cpp:147] Loading normal image: images/hungndn.jpg...
I1014 16:40:17.186587 10241 feature_lib.cpp:158] Load normal image: images/hungndn.jpg done size: 1636 * 1930
I1014 16:40:17.186648 10241 feature_lib.cpp:147] Loading normal image: images/HieuPV.jpg...
I1014 16:40:17.265820 10241 feature_lib.cpp:158] Load normal image: images/HieuPV.jpg done size: 1527 * 1719
I1014 16:40:17.265879 10241 feature_lib.cpp:147] Loading normal image: images/HuyNQz.png...
I1014 16:40:17.292307 10241 feature_lib.cpp:158] Load normal image: images/HuyNQz.png done size: 493 * 639
I1014 16:40:17.292362 10241 feature_lib.cpp:147] Loading normal image: images/VuongNQb.png...
I1014 16:40:17.307271 10241 feature_lib.cpp:158] Load normal image: images/VuongNQb.png done size: 351 * 514
I1014 16:40:17.307385 10241 feature_lib.cpp:147] Loading normal image: images/ThangLMb.jpg...
I1014 16:40:17.386108 10241 feature_lib.cpp:158] Load normal image: images/ThangLMb.jpg done size: 1548 * 1719
I1014 16:40:17.386169 10241 feature_lib.cpp:147] Loading normal image: images/truongnxd.png...
I1014 16:40:17.439321 10241 feature_lib.cpp:158] Load normal image: images/truongnxd.png done size: 906 * 964
I1014 16:40:17.439379 10241 feature_lib.cpp:147] Loading normal image: images/ThaoDQ.jpg...
I1014 16:40:17.512110 10241 feature_lib.cpp:158] Load normal image: images/ThaoDQ.jpg done size: 1425 * 1719
I1014 16:40:17.883307 10241 demo_inner.hpp:126] thread [DedodeThread-0] is starting
I1014 16:40:17.883466 10241 demo_inner.hpp:126] thread [GUIThread] is starting
I1014 16:40:17.883566 10244 demo_inner.hpp:101] thread [DedodeThread-0] is started
I1014 16:40:17.883599 10241 demo_inner.hpp:126] thread [SORT-0] is starting
I1014 16:40:17.883653 10245 demo_inner.hpp:101] thread [GUIThread] is started
I1014 16:40:17.883671 10241 demo_inner.hpp:126] thread [T-Work-Detect_0] is starting
I1014 16:40:17.883724 10246 demo_inner.hpp:101] thread [SORT-0] is started
I1014 16:40:17.883733 10241 demo_inner.hpp:126] thread [T-Work-Recog_0] is starting
I1014 16:40:17.883766 10247 demo_inner.hpp:101] thread [T-Work-Detect_0] is started
I1014 16:40:17.883798 10241 demo_inner.hpp:126] thread [T-Work-Recog_1] is starting
I1014 16:40:17.883850 10248 demo_inner.hpp:101] thread [T-Work-Recog_0] is started
I1014 16:40:17.883868 10241 demo_inner.hpp:126] thread [T-Intergrate-intergrate] is starting
I1014 16:40:17.883890 10249 demo_inner.hpp:101] thread [T-Work-Recog_1] is started
I1014 16:40:17.883927 10241 demo_inner.hpp:137] waiting for [GUIThread] ended
I1014 16:40:17.883955 10250 demo_inner.hpp:101] thread [T-Intergrate-intergrate] is started
I1014 16:40:18.590664 10244 demo_inner.hpp:177] decode queue size 0
I1014 16:40:18.590818 10247 work_thread.hpp:81]  [T-Work-Detect_0] Run work: WorkDetect
I1014 16:40:18.590883 10247 work_detect.cpp:102] Succeeded to add det start for frame 1
I1014 16:40:18.598083 10247 work_detect.cpp:70] Frame :1 detect result :1 face(s)
I1014 16:40:18.598119 10247 work_detect.cpp:86] Detected bbox: [137 x 196 from (225, 70)]
I1014 16:40:18.598163 10247 work_detect.cpp:120] Succeeded to add det end for frame 1
I1014 16:40:18.598179 10247 work_thread.hpp:81]  [T-Work-Detect_0] Run work: WrokTrack
I1014 16:40:18.598202 10247 work_track.cpp:82] Frame: 1 build input_characts: [0.214062 x 0.544444 from (0.351562, 0.194444)], 0.998742, 0
I1014 16:40:18.598289 10247 work_track.cpp:102] Succeeded to set track lock for frame 1
I1014 16:40:18.598376 10247 work_track.cpp:116] Succeeded to release track lock for frame 1
I1014 16:40:18.598390 10247 work_track.cpp:120] Track results of frame 1: 1 objects input, 0 objects tracked!
I1014 16:40:18.598408 10247 work_track.cpp:162] Frame: 1 lid: 0 not tracked, will set invalid
I1014 16:40:18.598423 10247 work_thread.hpp:87]  [T-Work-Detect_0] Frame :1 split
I1014 16:40:18.598439 10247 work_thread.hpp:126]  [T-Work-Detect_0] Invalid piece: lid = 0, drop it
I1014 16:40:18.598476 10250 thread_intergrate.hpp:83] [T-Intergrate-intergrate] queue: frame output frame :1
I1014 16:40:18.599602 10246 demo_inner.hpp:435] thread [SORT-0]  frame id 1 sorting queue size 0   FPS: -1
I1014 16:40:18.599671 10245 demo_inner.hpp:260]  gui queue size 0, state = running
I1014 16:40:18.632256 10244 demo_inner.hpp:177] decode queue size 0
I1014 16:40:18.632365 10247 work_thread.hpp:81]  [T-Work-Detect_0] Run work: WorkDetect
I1014 16:40:18.632403 10247 work_detect.cpp:102] Succeeded to add det start for frame 2
I1014 16:40:18.639133 10247 work_detect.cpp:70] Frame :2 detect result :1 face(s)
I1014 16:40:18.639176 10247 work_detect.cpp:86] Detected bbox: [135 x 190 from (226, 74)]
I1014 16:40:18.639222 10247 work_detect.cpp:120] Succeeded to add det end for frame 2
I1014 16:40:18.639238 10247 work_thread.hpp:81]  [T-Work-Detect_0] Run work: WrokTrack
I1014 16:40:18.639331 10247 work_track.cpp:82] Frame: 2 build input_characts: [0.210938 x 0.527778 from (0.353125, 0.205556)], 0.999622, 0
I1014 16:40:18.639385 10247 work_track.cpp:102] Succeeded to set track lock for frame 2
I1014 16:40:18.639446 10247 work_track.cpp:116] Succeeded to release track lock for frame 2
I1014 16:40:18.639461 10247 work_track.cpp:120] Track results of frame 2: 1 objects input, 0 objects tracked!
I1014 16:40:18.639477 10247 work_track.cpp:162] Frame: 2 lid: 0 not tracked, will set invalid
I1014 16:40:18.639493 10247 work_thread.hpp:87]  [T-Work-Detect_0] Frame :2 split
I1014 16:40:18.639510 10247 work_thread.hpp:126]  [T-Work-Detect_0] Invalid piece: lid = 0, drop it
I1014 16:40:18.643604 10250 thread_intergrate.hpp:83] [T-Intergrate-intergrate] queue: frame output frame :2
I1014 16:40:18.645177 10246 demo_inner.hpp:435] thread [SORT-0]  frame id 2 sorting queue size 0   FPS: 22.2222
I1014 16:40:18.647692 10245 demo_inner.hpp:260]  gui queue size 0, state = running
I1014 16:40:18.662313 10244 demo_inner.hpp:177] decode queue size 0
I1014 16:40:18.662485 10247 work_thread.hpp:81]  [T-Work-Detect_0] Run work: WorkDetect
I1014 16:40:18.662525 10247 work_detect.cpp:102] Succeeded to add det start for frame 3
I1014 16:40:18.669446 10247 work_detect.cpp:70] Frame :3 detect result :1 face(s)
I1014 16:40:18.669481 10247 work_detect.cpp:86] Detected bbox: [137 x 195 from (225, 71)]
I1014 16:40:18.669522 10247 work_detect.cpp:120] Succeeded to add det end for frame 3
I1014 16:40:18.669538 10247 work_thread.hpp:81]  [T-Work-Detect_0] Run work: WrokTrack
I1014 16:40:18.669561 10247 work_track.cpp:82] Frame: 3 build input_characts: [0.214062 x 0.541667 from (0.351562, 0.197222)], 1.00019, 0
I1014 16:40:18.669615 10247 work_track.cpp:102] Succeeded to set track lock for frame 3
I1014 16:40:18.669673 10247 work_track.cpp:116] Succeeded to release track lock for frame 3
I1014 16:40:18.669688 10247 work_track.cpp:120] Track results of frame 3: 1 objects input, 1 objects tracked!
I1014 16:40:18.669706 10247 work_track.cpp:148] Frame: 3, track bbox: [137 x 195 from (224.995, 71.2424)], gid: 0, lid: 0
I1014 16:40:18.669760 10247 work_thread.hpp:87]  [T-Work-Detect_0] Frame :3 split
I1014 16:40:18.669778 10247 work_thread.hpp:120]  [T-Work-Detect_0] Valid piece: gid = 0
I1014 16:40:18.669796 10247 work_thread.hpp:91]  [T-Work-Detect_0] Push to split queue:recog
I1014 16:40:18.669834 10248 work_thread.hpp:81]  [T-Work-Recog_0] Run work: WorkCapture
I1014 16:40:18.669849 10250 thread_intergrate.hpp:83] [T-Intergrate-intergrate] queue: frame output frame :3
I1014 16:40:18.671380 10246 demo_inner.hpp:435] thread [SORT-0]  frame id 3 sorting queue size 0   FPS: 28.169
I1014 16:40:18.671572 10248 work_thread.hpp:81]  [T-Work-Recog_0] Run work: WorkRecog
I1014 16:40:18.671595 10248 work_recog.hpp:89] Face id: 0 will run recog: bbox [137 x 195 from (225, 71)] quality: 0.461541
I1014 16:40:18.671627 10248 work_recog.hpp:96] Recog pair: [200 x 280 from (192, 32)], [137 x 195 from (33, 39)]
I1014 16:40:18.672484 10245 demo_inner.hpp:260]  gui queue size 0, state = running
I1014 16:40:18.689347 10248 work_thread.hpp:81]  [T-Work-Recog_0] Run work: WorkCompare
I1014 16:40:18.689836 10248 work_compare.cpp:76] Compare face: 0 successed, similarity :0.991965, name : images/ThangLMb.jpg, normal size : 1548 * 1719!
I1014 16:40:18.698385 10244 demo_inner.hpp:177] decode queue size 0
I1014 16:40:18.698530 10247 work_thread.hpp:81]  [T-Work-Detect_0] Run work: WorkDetect
I1014 16:40:18.698567 10247 work_detect.cpp:102] Succeeded to add det start for frame 4
I1014 16:40:18.705507 10247 work_detect.cpp:70] Frame :4 detect result :1 face(s)
I1014 16:40:18.705533 10247 work_detect.cpp:86] Detected bbox: [138 x 192 from (227, 72)]
I1014 16:40:18.705574 10247 work_detect.cpp:120] Succeeded to add det end for frame 4
I1014 16:40:18.705588 10247 work_thread.hpp:81]  [T-Work-Detect_0] Run work: WrokTrack
I1014 16:40:18.705611 10247 work_track.cpp:82] Frame: 4 build input_characts: [0.215625 x 0.533333 from (0.354688, 0.2)], 1.00019, 0
I1014 16:40:18.705736 10247 work_track.cpp:102] Succeeded to set track lock for frame 4
I1014 16:40:18.705776 10247 work_track.cpp:116] Succeeded to release track lock for frame 4
I1014 16:40:18.705790 10247 work_track.cpp:120] Track results of frame 4: 1 objects input, 1 objects tracked!
I1014 16:40:18.705808 10247 work_track.cpp:148] Frame: 4, track bbox: [138 x 192 from (226.26, 72.3058)], gid: 0, lid: 0
I1014 16:40:18.705843 10247 work_thread.hpp:87]  [T-Work-Detect_0] Frame :4 split
I1014 16:40:18.705860 10247 work_thread.hpp:120]  [T-Work-Detect_0] Valid piece: gid = 0
I1014 16:40:18.705878 10247 work_thread.hpp:91]  [T-Work-Detect_0] Push to split queue:recog
I1014 16:40:18.705916 10249 work_thread.hpp:81]  [T-Work-Recog_1] Run work: WorkCapture
I1014 16:40:18.705929 10250 thread_intergrate.hpp:83] [T-Intergrate-intergrate] queue: frame output frame :4
I1014 16:40:18.705951 10250 thread_intergrate.hpp:90] [T-Intergrate-intergrate] queue: compare output face:0
I1014 16:40:18.705969 10250 thread_intergrate.hpp:149] T-Intergrate-intergrate set matched face: 0
I1014 16:40:18.706502 10249 work_thread.hpp:81]  [T-Work-Recog_1] Run work: WorkRecog
I1014 16:40:18.706526 10249 work_recog.hpp:89] Face id: 0 will run recog: bbox [138 x 192 from (227, 72)] quality: 0.466809
I1014 16:40:18.706555 10249 work_recog.hpp:96] Recog pair: [192 x 272 from (200, 32)], [138 x 192 from (27, 40)]
I1014 16:40:18.708799 10250 thread_intergrate.hpp:224] T-Intergrate-intergrate Show face :0, size :640 * 360
I1014 16:40:18.709363 10246 demo_inner.hpp:435] thread [SORT-0]  frame id 4 sorting queue size 0   FPS: 27.5229
I1014 16:40:18.709440 10245 demo_inner.hpp:260]  gui queue size 0, state = running
I1014 16:40:18.724084 10249 work_thread.hpp:81]  [T-Work-Recog_1] Run work: WorkCompare
I1014 16:40:18.724551 10249 work_compare.cpp:76] Compare face: 0 successed, similarity :0.992449, name : images/ThangLMb.jpg, normal size : 1548 * 1719!
I1014 16:40:18.728580 10244 demo_inner.hpp:177] decode queue size 0
I1014 16:40:18.728675 10247 work_thread.hpp:81]  [T-Work-Detect_0] Run work: WorkDetect
I1014 16:40:18.728708 10247 work_detect.cpp:102] Succeeded to add det start for frame 5
I1014 16:40:18.735296 10247 work_detect.cpp:70] Frame :5 detect result :1 face(s)
I1014 16:40:18.735324 10247 work_detect.cpp:86] Detected bbox: [138 x 194 from (226, 71)]
I1014 16:40:18.735363 10247 work_detect.cpp:120] Succeeded to add det end for frame 5
I1014 16:40:18.735379 10247 work_thread.hpp:81]  [T-Work-Detect_0] Run work: WrokTrack
I1014 16:40:18.735401 10247 work_track.cpp:82] Frame: 5 build input_characts: [0.215625 x 0.538889 from (0.353125, 0.197222)], 0.999622, 0
I1014 16:40:18.735455 10247 work_track.cpp:102] Succeeded to set track lock for frame 5
I1014 16:40:18.735496 10247 work_track.cpp:116] Succeeded to release track lock for frame 5
I1014 16:40:18.735510 10247 work_track.cpp:120] Track results of frame 5: 1 objects input, 1 objects tracked!
I1014 16:40:18.735527 10247 work_track.cpp:148] Frame: 5, track bbox: [138 x 194 from (226.399, 71.1006)], gid: 0, lid: 0
I1014 16:40:18.735563 10247 work_thread.hpp:87]  [T-Work-Detect_0] Frame :5 split
I1014 16:40:18.735579 10247 work_thread.hpp:120]  [T-Work-Detect_0] Valid piece: gid = 0
I1014 16:40:18.735597 10247 work_thread.hpp:91]  [T-Work-Detect_0] Push to split queue:recog
I1014 16:40:18.735642 10248 work_thread.hpp:81]  [T-Work-Recog_0] Run work: WorkCapture
I1014 16:40:18.735925 10250 thread_intergrate.hpp:83] [T-Intergrate-intergrate] queue: frame output frame :5
I1014 16:40:18.735955 10250 thread_intergrate.hpp:90] [T-Intergrate-intergrate] queue: compare output face:0
I1014 16:40:18.735973 10250 thread_intergrate.hpp:149] T-Intergrate-intergrate set matched face: 0
I1014 16:40:18.736194 10248 work_thread.hpp:81]  [T-Work-Recog_0] Run work: WorkRecog
I1014 16:40:18.736217 10248 work_recog.hpp:89] Face id: 0 will run recog: bbox [138 x 194 from (226, 71)] quality: 0.423246
I1014 16:40:18.736244 10248 work_recog.hpp:96] Recog pair: [200 x 272 from (192, 32)], [138 x 194 from (34, 39)]
I1014 16:40:18.738404 10250 thread_intergrate.hpp:224] T-Intergrate-intergrate Show face :0, size :640 * 360
I1014 16:40:18.739023 10246 demo_inner.hpp:435] thread [SORT-0]  frame id 5 sorting queue size 0   FPS: 28.9855
I1014 16:40:18.739110 10245 demo_inner.hpp:260]  gui queue size 0, state = running
I1014 16:40:18.753763 10248 work_thread.hpp:81]  [T-Work-Recog_0] Run work: WorkCompare
I1014 16:40:18.754199 10248 work_compare.cpp:76] Compare face: 0 successed, similarity :0.993235, name : images/ThangLMb.jpg, normal size : 1548 * 1719!
I1014 16:40:18.764358 10244 demo_inner.hpp:177] decode queue size 0
I1014 16:40:18.764461 10247 work_thread.hpp:81]  [T-Work-Detect_0] Run work: WorkDetect
I1014 16:40:18.764495 10247 work_detect.cpp:102] Succeeded to add det start for frame 6
I1014 16:40:18.771054 10247 work_detect.cpp:70] Frame :6 detect result :1 face(s)
I1014 16:40:18.771078 10247 work_detect.cpp:86] Detected bbox: [138 x 191 from (227, 71)]
I1014 16:40:18.771119 10247 work_detect.cpp:120] Succeeded to add det end for frame 6
I1014 16:40:18.771134 10247 work_thread.hpp:81]  [T-Work-Detect_0] Run work: WrokTrack
I1014 16:40:18.771157 10247 work_track.cpp:82] Frame: 6 build input_characts: [0.215625 x 0.530556 from (0.354688, 0.197222)], 1.00019, 0
I1014 16:40:18.771209 10247 work_track.cpp:102] Succeeded to set track lock for frame 6
I1014 16:40:18.771248 10247 work_track.cpp:116] Succeeded to release track lock for frame 6
I1014 16:40:18.771263 10247 work_track.cpp:120] Track results of frame 6: 1 objects input, 1 objects tracked!
I1014 16:40:18.771281 10247 work_track.cpp:148] Frame: 6, track bbox: [138 x 191 from (226.98, 71.7155)], gid: 0, lid: 0
I1014 16:40:18.771317 10247 work_thread.hpp:87]  [T-Work-Detect_0] Frame :6 split
I1014 16:40:18.771333 10247 work_thread.hpp:120]  [T-Work-Detect_0] Valid piece: gid = 0
I1014 16:40:18.771351 10247 work_thread.hpp:91]  [T-Work-Detect_0] Push to split queue:recog
I1014 16:40:18.771397 10248 work_thread.hpp:81]  [T-Work-Recog_0] Run work: WorkCapture
I1014 16:40:18.771682 10250 thread_intergrate.hpp:83] [T-Intergrate-intergrate] queue: frame output frame :6
I1014 16:40:18.771709 10250 thread_intergrate.hpp:90] [T-Intergrate-intergrate] queue: compare output face:0
I1014 16:40:18.771728 10250 thread_intergrate.hpp:149] T-Intergrate-intergrate set matched face: 0
I1014 16:40:18.771930 10248 work_thread.hpp:81]  [T-Work-Recog_0] Run work: WorkRecog
I1014 16:40:18.771953 10248 work_recog.hpp:89] Face id: 0 will run recog: bbox [138 x 191 from (227, 71)] quality: 0.411847
I1014 16:40:18.771980 10248 work_recog.hpp:96] Recog pair: [192 x 272 from (200, 32)], [138 x 191 from (27, 39)]
I1014 16:40:18.774240 10250 thread_intergrate.hpp:224] T-Intergrate-intergrate Show face :0, size :640 * 360
I1014 16:40:18.774816 10246 demo_inner.hpp:435] thread [SORT-0]  frame id 6 sorting queue size 0   FPS: 28.7356
I1014 16:40:18.783094 10245 demo_inner.hpp:260]  gui queue size 0, state = running
I1014 16:40:18.790123 10248 work_thread.hpp:81]  [T-Work-Recog_0] Run work: WorkCompare
I1014 16:40:18.790586 10248 work_compare.cpp:76] Compare face: 0 successed, similarity :0.990105, name : images/ThangLMb.jpg, normal size : 1548 * 1719!
I1014 16:40:18.795778 10244 demo_inner.hpp:177] decode queue size 0
I1014 16:40:18.795889 10247 work_thread.hpp:81]  [T-Work-Detect_0] Run work: WorkDetect
I1014 16:40:18.795924 10247 work_detect.cpp:102] Succeeded to add det start for frame 7
I1014 16:40:18.802474 10247 work_detect.cpp:70] Frame :7 detect result :1 face(s)
I1014 16:40:18.802525 10247 work_detect.cpp:86] Detected bbox: [138 x 187 from (227, 74)]
I1014 16:40:18.802568 10247 work_detect.cpp:120] Succeeded to add det end for frame 7
I1014 16:40:18.802584 10247 work_thread.hpp:81]  [T-Work-Detect_0] Run work: WrokTrack
I1014 16:40:18.802608 10247 work_track.cpp:82] Frame: 7 build input_characts: [0.215625 x 0.519444 from (0.354688, 0.205556)], 0.997596, 0
I1014 16:40:18.802662 10247 work_track.cpp:102] Succeeded to set track lock for frame 7
I1014 16:40:18.802703 10247 work_track.cpp:116] Succeeded to release track lock for frame 7
I1014 16:40:18.802798 10247 work_track.cpp:120] Track results of frame 7: 1 objects input, 1 objects tracked!
I1014 16:40:18.802817 10247 work_track.cpp:148] Frame: 7, track bbox: [138 x 187 from (227.357, 73.4521)], gid: 0, lid: 0
I1014 16:40:18.802856 10247 work_thread.hpp:87]  [T-Work-Detect_0] Frame :7 split
I1014 16:40:18.802873 10247 work_thread.hpp:120]  [T-Work-Detect_0] Valid piece: gid = 0
I1014 16:40:18.802891 10247 work_thread.hpp:91]  [T-Work-Detect_0] Push to split queue:recog
I1014 16:40:18.802943 10249 work_thread.hpp:81]  [T-Work-Recog_1] Run work: WorkCapture
I1014 16:40:18.803267 10250 thread_intergrate.hpp:83] [T-Intergrate-intergrate] queue: frame output frame :7
I1014 16:40:18.803293 10250 thread_intergrate.hpp:90] [T-Intergrate-intergrate] queue: compare output face:0
I1014 16:40:18.803313 10250 thread_intergrate.hpp:149] T-Intergrate-intergrate set matched face: 0
I1014 16:40:18.804958 10249 work_thread.hpp:81]  [T-Work-Recog_1] Run work: WorkRecog
I1014 16:40:18.805004 10249 work_recog.hpp:89] Face id: 0 will run recog: bbox [138 x 187 from (227, 74)] quality: 0.453339
I1014 16:40:18.805042 10249 work_recog.hpp:96] Recog pair: [192 x 272 from (200, 32)], [138 x 187 from (27, 42)]
I1014 16:40:18.822998 10249 work_thread.hpp:81]  [T-Work-Recog_1] Run work: WorkCompare
I1014 16:40:18.823465 10249 work_compare.cpp:76] Compare face: 0 successed, similarity :0.992582, name : images/ThangLMb.jpg, normal size : 1548 * 1719!
I1014 16:40:18.831401 10244 demo_inner.hpp:177] decode queue size 0
I1014 16:40:18.831513 10247 work_thread.hpp:81]  [T-Work-Detect_0] Run work: WorkDetect
I1014 16:40:18.831547 10247 work_detect.cpp:102] Succeeded to add det start for frame 8
I1014 16:40:18.838153 10247 work_detect.cpp:70] Frame :8 detect result :1 face(s)
I1014 16:40:18.838197 10247 work_detect.cpp:86] Detected bbox: [138 x 185 from (228, 75)]
I1014 16:40:18.838241 10247 work_detect.cpp:120] Succeeded to add det end for frame 8
I1014 16:40:18.838256 10247 work_thread.hpp:81]  [T-Work-Detect_0] Run work: WrokTrack
I1014 16:40:18.838280 10247 work_track.cpp:82] Frame: 8 build input_characts: [0.215625 x 0.513889 from (0.35625, 0.208333)], 0.997596, 0
I1014 16:40:18.838335 10247 work_track.cpp:102] Succeeded to set track lock for frame 8
I1014 16:40:18.838376 10247 work_track.cpp:116] Succeeded to release track lock for frame 8
I1014 16:40:18.838389 10247 work_track.cpp:120] Track results of frame 8: 1 objects input, 1 objects tracked!
I1014 16:40:18.838407 10247 work_track.cpp:148] Frame: 8, track bbox: [138 x 185 from (227.909, 74.597)], gid: 0, lid: 0
I1014 16:40:18.838443 10247 work_thread.hpp:87]  [T-Work-Detect_0] Frame :8 split
I1014 16:40:18.838460 10247 work_thread.hpp:120]  [T-Work-Detect_0] Valid piece: gid = 0
I1014 16:40:18.838479 10247 work_thread.hpp:91]  [T-Work-Detect_0] Push to split queue:recog
I1014 16:40:18.838527 10248 work_thread.hpp:81]  [T-Work-Recog_0] Run work: WorkCapture
I1014 16:40:18.839057 10248 work_thread.hpp:81]  [T-Work-Recog_0] Run work: WorkRecog
I1014 16:40:18.839080 10248 work_recog.hpp:89] Face id: 0 will run recog: bbox [138 x 185 from (228, 75)] quality: 0.456822
I1014 16:40:18.839107 10248 work_recog.hpp:96] Recog pair: [200 x 272 from (200, 32)], [138 x 185 from (28, 43)]
I1014 16:40:18.856441 10248 work_thread.hpp:81]  [T-Work-Recog_0] Run work: WorkCompare
I1014 16:40:18.856879 10248 work_compare.cpp:76] Compare face: 0 successed, similarity :0.993675, name : images/ThangLMb.jpg, normal size : 1548 * 1719!
I1014 16:40:18.866732 10244 demo_inner.hpp:177] decode queue size 0
I1014 16:40:18.866852 10247 work_thread.hpp:81]  [T-Work-Detect_0] Run work: WorkDetect
I1014 16:40:18.866888 10247 work_detect.cpp:102] Succeeded to add det start for frame 9
I1014 16:40:18.873546 10247 work_detect.cpp:70] Frame :9 detect result :1 face(s)
I1014 16:40:18.873576 10247 work_detect.cpp:86] Detected bbox: [137 x 184 from (231, 75)]
I1014 16:40:18.873618 10247 work_detect.cpp:120] Succeeded to add det end for frame 9
I1014 16:40:18.873633 10247 work_thread.hpp:81]  [T-Work-Detect_0] Run work: WrokTrack
I1014 16:40:18.873733 10247 work_track.cpp:82] Frame: 9 build input_characts: [0.214062 x 0.511111 from (0.360938, 0.208333)], 0.994679, 0
I1014 16:40:18.873792 10247 work_track.cpp:102] Succeeded to set track lock for frame 9
I1014 16:40:18.873831 10247 work_track.cpp:116] Succeeded to release track lock for frame 9
I1014 16:40:18.873879 10247 work_track.cpp:120] Track results of frame 9: 1 objects input, 1 objects tracked!
I1014 16:40:18.873898 10247 work_track.cpp:148] Frame: 9, track bbox: [137 x 184 from (229.765, 75.0261)], gid: 0, lid: 0
I1014 16:40:18.873935 10247 work_thread.hpp:87]  [T-Work-Detect_0] Frame :9 split
I1014 16:40:18.873952 10247 work_thread.hpp:120]  [T-Work-Detect_0] Valid piece: gid = 0
I1014 16:40:18.873971 10247 work_thread.hpp:91]  [T-Work-Detect_0] Push to split queue:recog
I1014 16:40:18.874017 10248 work_thread.hpp:81]  [T-Work-Recog_0] Run work: WorkCapture
I1014 16:40:18.874574 10248 work_thread.hpp:81]  [T-Work-Recog_0] Run work: WorkRecog
I1014 16:40:18.874596 10248 work_recog.hpp:89] Face id: 0 will run recog: bbox [137 x 184 from (231, 75)] quality: 0.455551
I1014 16:40:18.874624 10248 work_recog.hpp:96] Recog pair: [200 x 264 from (200, 32)], [137 x 184 from (31, 43)]
I1014 16:40:18.891990 10248 work_thread.hpp:81]  [T-Work-Recog_0] Run work: WorkCompare
I1014 16:40:18.892460 10248 work_compare.cpp:76] Compare face: 0 successed, similarity :0.993178, name : images/ThangLMb.jpg, normal size : 1548 * 1719!
I1014 16:40:18.897024 10244 demo_inner.hpp:177] decode queue size 0
I1014 16:40:18.897138 10247 work_thread.hpp:81]  [T-Work-Detect_0] Run work: WorkDetect
I1014 16:40:18.897171 10247 work_detect.cpp:102] Succeeded to add det start for frame 10
I1014 16:40:18.903829 10247 work_detect.cpp:70] Frame :10 detect result :1 face(s)
I1014 16:40:18.903865 10247 work_detect.cpp:86] Detected bbox: [152 x 199 from (225, 58)]
I1014 16:40:18.903906 10247 work_detect.cpp:120] Succeeded to add det end for frame 10
I1014 16:40:18.903923 10247 work_thread.hpp:81]  [T-Work-Detect_0] Run work: WrokTrack
I1014 16:40:18.903945 10247 work_track.cpp:82] Frame: 10 build input_characts: [0.2375 x 0.552778 from (0.351562, 0.161111)], 0.999622, 0
I1014 16:40:18.904000 10247 work_track.cpp:102] Succeeded to set track lock for frame 10
I1014 16:40:18.904038 10247 work_track.cpp:116] Succeeded to release track lock for frame 10
I1014 16:40:18.904076 10247 work_track.cpp:120] Track results of frame 10: 1 objects input, 1 objects tracked!
I1014 16:40:18.904095 10247 work_track.cpp:148] Frame: 10, track bbox: [152 x 199 from (224.38, 62.5234)], gid: 0, lid: 0
I1014 16:40:18.904131 10247 work_thread.hpp:87]  [T-Work-Detect_0] Frame :10 split
I1014 16:40:18.904148 10247 work_thread.hpp:120]  [T-Work-Detect_0] Valid piece: gid = 0
I1014 16:40:18.904196 10247 work_thread.hpp:91]  [T-Work-Detect_0] Push to split queue:recog
I1014 16:40:18.904239 10248 work_thread.hpp:81]  [T-Work-Recog_0] Run work: WorkCapture
I1014 16:40:18.904770 10248 work_thread.hpp:81]  [T-Work-Recog_0] Run work: WorkRecog
I1014 16:40:18.904793 10248 work_recog.hpp:89] Face id: 0 will run recog: bbox [152 x 199 from (225, 58)] quality: 0.466461
I1014 16:40:18.904819 10248 work_recog.hpp:96] Recog pair: [216 x 280 from (192, 16)], [152 x 199 from (33, 42)]
I1014 16:40:18.922101 10248 work_thread.hpp:81]  [T-Work-Recog_0] Run work: WorkCompare
I1014 16:40:18.922538 10248 work_compare.cpp:76] Compare face: 0 successed, similarity :0.994097, name : images/ThangLMb.jpg, normal size : 1548 * 1719!
I1014 16:40:18.932723 10244 demo_inner.hpp:177] decode queue size 0
I1014 16:40:18.932821 10247 work_thread.hpp:81]  [T-Work-Detect_0] Run work: WorkDetect
I1014 16:40:18.932859 10247 work_detect.cpp:102] Succeeded to add det start for frame 11
I1014 16:40:18.937340 10250 thread_intergrate.hpp:224] T-Intergrate-intergrate Show face :0, size :640 * 360
I1014 16:40:18.937531 10250 thread_intergrate.hpp:83] [T-Intergrate-intergrate] queue: frame output frame :8
I1014 16:40:18.937554 10250 thread_intergrate.hpp:90] [T-Intergrate-intergrate] queue: compare output face:0
I1014 16:40:18.937661 10250 thread_intergrate.hpp:149] T-Intergrate-intergrate set matched face: 0
I1014 16:40:18.937930 10246 demo_inner.hpp:435] thread [SORT-0]  frame id 7 sorting queue size 0   FPS: 17.8042
I1014 16:40:18.938017 10245 demo_inner.hpp:260]  gui queue size 0, state = running
I1014 16:40:18.939792 10250 thread_intergrate.hpp:224] T-Intergrate-intergrate Show face :0, size :640 * 360
I1014 16:40:18.940008 10250 thread_intergrate.hpp:83] [T-Intergrate-intergrate] queue: frame output frame :9
I1014 16:40:18.940032 10250 thread_intergrate.hpp:90] [T-Intergrate-intergrate] queue: compare output face:0
I1014 16:40:18.940050 10250 thread_intergrate.hpp:149] T-Intergrate-intergrate set matched face: 0
I1014 16:40:18.940457 10246 demo_inner.hpp:435] thread [SORT-0]  frame id 8 sorting queue size 0   FPS: 20.5882
I1014 16:40:18.940603 10247 work_detect.cpp:70] Frame :11 detect result :1 face(s)
I1014 16:40:18.940625 10247 work_detect.cpp:86] Detected bbox: [136 x 183 from (234, 76)]
I1014 16:40:18.940668 10247 work_detect.cpp:120] Succeeded to add det end for frame 11
I1014 16:40:18.940685 10247 work_thread.hpp:81]  [T-Work-Detect_0] Run work: WrokTrack
I1014 16:40:18.940706 10247 work_track.cpp:82] Frame: 11 build input_characts: [0.2125 x 0.508333 from (0.365625, 0.211111)], 0.997596, 0
I1014 16:40:18.940750 10247 work_track.cpp:102] Succeeded to set track lock for frame 11
I1014 16:40:18.940801 10247 work_track.cpp:116] Succeeded to release track lock for frame 11
I1014 16:40:18.940815 10247 work_track.cpp:120] Track results of frame 11: 1 objects input, 1 objects tracked!
I1014 16:40:18.940834 10247 work_track.cpp:148] Frame: 11, track bbox: [136 x 183 from (233.978, 72.2613)], gid: 0, lid: 0
I1014 16:40:18.940870 10247 work_thread.hpp:87]  [T-Work-Detect_0] Frame :11 split
I1014 16:40:18.940887 10247 work_thread.hpp:120]  [T-Work-Detect_0] Valid piece: gid = 0
I1014 16:40:18.940908 10247 work_thread.hpp:91]  [T-Work-Detect_0] Push to split queue:recog
I1014 16:40:18.940968 10248 work_thread.hpp:81]  [T-Work-Recog_0] Run work: WorkCapture
I1014 16:40:18.941622 10248 work_thread.hpp:81]  [T-Work-Recog_0] Run work: WorkRecog
I1014 16:40:18.941666 10248 work_recog.hpp:89] Face id: 0 will run recog: bbox [136 x 183 from (234, 76)] quality: 0.456449
I1014 16:40:18.941710 10248 work_recog.hpp:96] Recog pair: [200 x 256 from (200, 40)], [136 x 183 from (34, 36)]
I1014 16:40:18.942072 10245 demo_inner.hpp:260]  gui queue size 0, state = running
I1014 16:40:18.959760 10248 work_thread.hpp:81]  [T-Work-Recog_0] Run work: WorkCompare
I1014 16:40:18.960248 10248 work_compare.cpp:76] Compare face: 0 successed, similarity :0.995422, name : images/ThangLMb.jpg, normal size : 1548 * 1719!
I1014 16:40:18.962800 10244 demo_inner.hpp:177] decode queue size 0
I1014 16:40:18.962895 10247 work_thread.hpp:81]  [T-Work-Detect_0] Run work: WorkDetect
I1014 16:40:18.962925 10247 work_detect.cpp:102] Succeeded to add det start for frame 12
I1014 16:40:18.969527 10247 work_detect.cpp:70] Frame :12 detect result :1 face(s)
I1014 16:40:18.969573 10247 work_detect.cpp:86] Detected bbox: [151 x 196 from (227, 60)]
I1014 16:40:18.969616 10247 work_detect.cpp:120] Succeeded to add det end for frame 12
I1014 16:40:18.969632 10247 work_thread.hpp:81]  [T-Work-Detect_0] Run work: WrokTrack
I1014 16:40:18.969656 10247 work_track.cpp:82] Frame: 12 build input_characts: [0.235938 x 0.544444 from (0.354688, 0.166667)], 0.997488, 0
I1014 16:40:18.969710 10247 work_track.cpp:102] Succeeded to set track lock for frame 12
I1014 16:40:18.969749 10247 work_track.cpp:116] Succeeded to release track lock for frame 12
I1014 16:40:18.969764 10247 work_track.cpp:120] Track results of frame 12: 1 objects input, 1 objects tracked!
I1014 16:40:18.969782 10247 work_track.cpp:148] Frame: 12, track bbox: [151 x 196 from (227.671, 62.0941)], gid: 0, lid: 0
I1014 16:40:18.969817 10247 work_thread.hpp:87]  [T-Work-Detect_0] Frame :12 split
I1014 16:40:18.969835 10247 work_thread.hpp:120]  [T-Work-Detect_0] Valid piece: gid = 0
I1014 16:40:18.969931 10247 work_thread.hpp:91]  [T-Work-Detect_0] Push to split queue:recog
I1014 16:40:18.969980 10248 work_thread.hpp:81]  [T-Work-Recog_0] Run work: WorkCapture
I1014 16:40:18.970587 10248 work_thread.hpp:81]  [T-Work-Recog_0] Run work: WorkRecog
I1014 16:40:18.970613 10248 work_recog.hpp:89] Face id: 0 will run recog: bbox [151 x 196 from (227, 60)] quality: 0.468255
I1014 16:40:18.970644 10248 work_recog.hpp:96] Recog pair: [216 x 280 from (192, 16)], [151 x 196 from (35, 44)]
I1014 16:40:18.988572 10248 work_thread.hpp:81]  [T-Work-Recog_0] Run work: WorkCompare
I1014 16:40:18.989034 10248 work_compare.cpp:76] Compare face: 0 successed, similarity :0.995672, name : images/ThangLMb.jpg, normal size : 1548 * 1719!
I1014 16:40:18.998874 10244 demo_inner.hpp:177] decode queue size 0
I1014 16:40:18.998986 10247 work_thread.hpp:81]  [T-Work-Detect_0] Run work: WorkDetect
I1014 16:40:18.999019 10247 work_detect.cpp:102] Succeeded to add det start for frame 13
I1014 16:40:19.005584 10247 work_detect.cpp:70] Frame :13 detect result :1 face(s)
I1014 16:40:19.005623 10247 work_detect.cpp:86] Detected bbox: [138 x 183 from (231, 76)]
I1014 16:40:19.005667 10247 work_detect.cpp:120] Succeeded to add det end for frame 13
I1014 16:40:19.005683 10247 work_thread.hpp:81]  [T-Work-Detect_0] Run work: WrokTrack
I1014 16:40:19.005707 10247 work_track.cpp:82] Frame: 13 build input_characts: [0.215625 x 0.508333 from (0.360938, 0.211111)], 0.997596, 0
I1014 16:40:19.005761 10247 work_track.cpp:102] Succeeded to set track lock for frame 13
I1014 16:40:19.005801 10247 work_track.cpp:116] Succeeded to release track lock for frame 13
I1014 16:40:19.005815 10247 work_track.cpp:120] Track results of frame 13: 1 objects input, 1 objects tracked!
I1014 16:40:19.005833 10247 work_track.cpp:148] Frame: 13, track bbox: [138 x 183 from (233.128, 71.4514)], gid: 0, lid: 0
I1014 16:40:19.005869 10247 work_thread.hpp:87]  [T-Work-Detect_0] Frame :13 split
I1014 16:40:19.005887 10247 work_thread.hpp:120]  [T-Work-Detect_0] Valid piece: gid = 0
I1014 16:40:19.005904 10247 work_thread.hpp:91]  [T-Work-Detect_0] Push to split queue:recog
I1014 16:40:19.005944 10248 work_thread.hpp:81]  [T-Work-Recog_0] Run work: WorkCapture
I1014 16:40:19.006480 10248 work_thread.hpp:81]  [T-Work-Recog_0] Run work: WorkRecog
I1014 16:40:19.006502 10248 work_recog.hpp:89] Face id: 0 will run recog: bbox [138 x 183 from (231, 76)] quality: 0.434051
I1014 16:40:19.006531 10248 work_recog.hpp:96] Recog pair: [200 x 256 from (200, 40)], [138 x 183 from (31, 36)]
I1014 16:40:19.023865 10248 work_thread.hpp:81]  [T-Work-Recog_0] Run work: WorkCompare
I1014 16:40:19.024333 10248 work_compare.cpp:76] Compare face: 0 successed, similarity :0.996101, name : images/ThangLMb.jpg, normal size : 1548 * 1719!
I1014 16:40:19.029762 10244 demo_inner.hpp:177] decode queue size 0
I1014 16:40:19.029880 10247 work_thread.hpp:81]  [T-Work-Detect_0] Run work: WorkDetect
I1014 16:40:19.029912 10247 work_detect.cpp:102] Succeeded to add det start for frame 14
I1014 16:40:19.036473 10247 work_detect.cpp:70] Frame :14 detect result :1 face(s)
I1014 16:40:19.036505 10247 work_detect.cpp:86] Detected bbox: [136 x 187 from (234, 74)]
I1014 16:40:19.036546 10247 work_detect.cpp:120] Succeeded to add det end for frame 14
I1014 16:40:19.036562 10247 work_thread.hpp:81]  [T-Work-Detect_0] Run work: WrokTrack
I1014 16:40:19.036584 10247 work_track.cpp:82] Frame: 14 build input_characts: [0.2125 x 0.519444 from (0.365625, 0.205556)], 0.997596, 0
I1014 16:40:19.036639 10247 work_track.cpp:102] Succeeded to set track lock for frame 14
I1014 16:40:19.036679 10247 work_track.cpp:116] Succeeded to release track lock for frame 14
I1014 16:40:19.036692 10247 work_track.cpp:120] Track results of frame 14: 1 objects input, 1 objects tracked!
I1014 16:40:19.036710 10247 work_track.cpp:148] Frame: 14, track bbox: [136 x 187 from (233.889, 72.3155)], gid: 0, lid: 0
I1014 16:40:19.036746 10247 work_thread.hpp:87]  [T-Work-Detect_0] Frame :14 split
I1014 16:40:19.036763 10247 work_thread.hpp:120]  [T-Work-Detect_0] Valid piece: gid = 0
I1014 16:40:19.036861 10247 work_thread.hpp:91]  [T-Work-Detect_0] Push to split queue:recog
I1014 16:40:19.036903 10248 work_thread.hpp:81]  [T-Work-Recog_0] Run work: WorkCapture
I1014 16:40:19.037470 10248 work_thread.hpp:81]  [T-Work-Recog_0] Run work: WorkRecog
I1014 16:40:19.037493 10248 work_recog.hpp:89] Face id: 0 will run recog: bbox [136 x 187 from (234, 74)] quality: 0.428777
I1014 16:40:19.037521 10248 work_recog.hpp:96] Recog pair: [200 x 272 from (200, 32)], [136 x 187 from (34, 42)]
I1014 16:40:19.054780 10248 work_thread.hpp:81]  [T-Work-Recog_0] Run work: WorkCompare
I1014 16:40:19.055217 10248 work_compare.cpp:76] Compare face: 0 successed, similarity :0.995482, name : images/ThangLMb.jpg, normal size : 1548 * 1719!
I1014 16:40:19.066980 10244 demo_inner.hpp:177] decode queue size 0
I1014 16:40:19.067114 10247 work_thread.hpp:81]  [T-Work-Detect_0] Run work: WorkDetect
I1014 16:40:19.067152 10247 work_detect.cpp:102] Succeeded to add det start for frame 15
I1014 16:40:19.073875 10247 work_detect.cpp:70] Frame :15 detect result :1 face(s)
I1014 16:40:19.073910 10247 work_detect.cpp:86] Detected bbox: [135 x 185 from (233, 76)]
I1014 16:40:19.073952 10247 work_detect.cpp:120] Succeeded to add det end for frame 15
I1014 16:40:19.073968 10247 work_thread.hpp:81]  [T-Work-Detect_0] Run work: WrokTrack
I1014 16:40:19.073992 10247 work_track.cpp:82] Frame: 15 build input_characts: [0.210938 x 0.513889 from (0.364062, 0.211111)], 0.997596, 0
I1014 16:40:19.074045 10247 work_track.cpp:102] Succeeded to set track lock for frame 15
I1014 16:40:19.074084 10247 work_track.cpp:116] Succeeded to release track lock for frame 15
I1014 16:40:19.074098 10247 work_track.cpp:120] Track results of frame 15: 1 objects input, 1 objects tracked!
I1014 16:40:19.074116 10247 work_track.cpp:148] Frame: 15, track bbox: [135 x 185 from (233.482, 76.5297)], gid: 0, lid: 0
I1014 16:40:19.074152 10247 work_thread.hpp:87]  [T-Work-Detect_0] Frame :15 split
I1014 16:40:19.074169 10247 work_thread.hpp:120]  [T-Work-Detect_0] Valid piece: gid = 0
I1014 16:40:19.074187 10247 work_thread.hpp:91]  [T-Work-Detect_0] Push to split queue:recog
I1014 16:40:19.074229 10248 work_thread.hpp:81]  [T-Work-Recog_0] Run work: WorkCapture
I1014 16:40:19.074756 10248 work_thread.hpp:81]  [T-Work-Recog_0] Run work: WorkRecog
I1014 16:40:19.074779 10248 work_recog.hpp:89] Face id: 0 will run recog: bbox [135 x 185 from (233, 76)] quality: 0.423246
I1014 16:40:19.074805 10248 work_recog.hpp:96] Recog pair: [200 x 272 from (200, 32)], [135 x 185 from (33, 44)]
I1014 16:40:19.092085 10248 work_thread.hpp:81]  [T-Work-Recog_0] Run work: WorkCompare
I1014 16:40:19.092561 10248 work_compare.cpp:76] Compare face: 0 successed, similarity :0.996478, name : images/ThangLMb.jpg, normal size : 1548 * 1719!
I1014 16:40:19.097041 10244 demo_inner.hpp:177] decode queue size 0
I1014 16:40:19.097365 10247 work_thread.hpp:81]  [T-Work-Detect_0] Run work: WorkDetect
I1014 16:40:19.097399 10247 work_detect.cpp:102] Succeeded to add det start for frame 16
I1014 16:40:19.099356 10250 thread_intergrate.hpp:224] T-Intergrate-intergrate Show face :0, size :640 * 360
I1014 16:40:19.099539 10250 thread_intergrate.hpp:83] [T-Intergrate-intergrate] queue: frame output frame :10
I1014 16:40:19.099563 10250 thread_intergrate.hpp:90] [T-Intergrate-intergrate] queue: compare output face:0
I1014 16:40:19.099581 10250 thread_intergrate.hpp:149] T-Intergrate-intergrate set matched face: 0
I1014 16:40:19.099973 10246 demo_inner.hpp:435] thread [SORT-0]  frame id 9 sorting queue size 0   FPS: 16.0321
I1014 16:40:19.100052 10245 demo_inner.hpp:260]  gui queue size 0, state = running
I1014 16:40:19.101786 10250 thread_intergrate.hpp:224] T-Intergrate-intergrate Show face :0, size :640 * 360
I1014 16:40:19.102025 10250 thread_intergrate.hpp:83] [T-Intergrate-intergrate] queue: frame output frame :11
I1014 16:40:19.102051 10250 thread_intergrate.hpp:90] [T-Intergrate-intergrate] queue: compare output face:0
I1014 16:40:19.102071 10250 thread_intergrate.hpp:149] T-Intergrate-intergrate set matched face: 0
I1014 16:40:19.102435 10246 demo_inner.hpp:435] thread [SORT-0]  frame id 10 sorting queue size 0   FPS: 17.9283
I1014 16:40:19.104329 10245 demo_inner.hpp:260]  gui queue size 0, state = running
I1014 16:40:19.106882 10250 thread_intergrate.hpp:224] T-Intergrate-intergrate Show face :0, size :640 * 360
I1014 16:40:19.107125 10250 thread_intergrate.hpp:83] [T-Intergrate-intergrate] queue: frame output frame :12
I1014 16:40:19.107152 10250 thread_intergrate.hpp:90] [T-Intergrate-intergrate] queue: compare output face:0
I1014 16:40:19.107172 10250 thread_intergrate.hpp:149] T-Intergrate-intergrate set matched face: 0
I1014 16:40:19.107591 10246 demo_inner.hpp:435] thread [SORT-0]  frame id 11 sorting queue size 0   FPS: 19.7239
I1014 16:40:19.108206 10245 demo_inner.hpp:260]  gui queue size 0, state = running
I1014 16:40:19.109845 10247 work_detect.cpp:70] Frame :16 detect result :1 face(s)
I1014 16:40:19.109902 10247 work_detect.cpp:86] Detected bbox: [136 x 186 from (234, 76)]
I1014 16:40:19.109982 10247 work_detect.cpp:120] Succeeded to add det end for frame 16
I1014 16:40:19.109999 10247 work_thread.hpp:81]  [T-Work-Detect_0] Run work: WrokTrack
I1014 16:40:19.110026 10247 work_track.cpp:82] Frame: 16 build input_characts: [0.2125 x 0.516667 from (0.365625, 0.211111)], 0.997596, 0
I1014 16:40:19.110096 10247 work_track.cpp:102] Succeeded to set track lock for frame 16
I1014 16:40:19.110141 10247 work_track.cpp:116] Succeeded to release track lock for frame 16
I1014 16:40:19.110155 10247 work_track.cpp:120] Track results of frame 16: 1 objects input, 1 objects tracked!
I1014 16:40:19.110198 10247 work_track.cpp:148] Frame: 16, track bbox: [136 x 186 from (233.221, 76.1137)], gid: 0, lid: 0
I1014 16:40:19.110239 10247 work_thread.hpp:87]  [T-Work-Detect_0] Frame :16 split
I1014 16:40:19.110257 10247 work_thread.hpp:120]  [T-Work-Detect_0] Valid piece: gid = 0
I1014 16:40:19.110276 10247 work_thread.hpp:91]  [T-Work-Detect_0] Push to split queue:recog
I1014 16:40:19.110357 10248 work_thread.hpp:81]  [T-Work-Recog_0] Run work: WorkCapture
I1014 16:40:19.111002 10248 work_thread.hpp:81]  [T-Work-Recog_0] Run work: WorkRecog
I1014 16:40:19.111030 10248 work_recog.hpp:89] Face id: 0 will run recog: bbox [136 x 186 from (234, 76)] quality: 0.439035
I1014 16:40:19.111064 10248 work_recog.hpp:96] Recog pair: [200 x 272 from (200, 32)], [136 x 186 from (34, 44)]
I1014 16:40:19.119431 10250 thread_intergrate.hpp:224] T-Intergrate-intergrate Show face :0, size :640 * 360
I1014 16:40:19.119679 10250 thread_intergrate.hpp:83] [T-Intergrate-intergrate] queue: frame output frame :13
I1014 16:40:19.119707 10250 thread_intergrate.hpp:90] [T-Intergrate-intergrate] queue: compare output face:0
I1014 16:40:19.119726 10250 thread_intergrate.hpp:149] T-Intergrate-intergrate set matched face: 0
I1014 16:40:19.120054 10246 demo_inner.hpp:435] thread [SORT-0]  frame id 12 sorting queue size 0   FPS: 21.1538
I1014 16:40:19.120187 10245 demo_inner.hpp:260]  gui queue size 0, state = running
I1014 16:40:19.128330 10250 thread_intergrate.hpp:224] T-Intergrate-intergrate Show face :0, size :640 * 360
I1014 16:40:19.128743 10250 thread_intergrate.hpp:83] [T-Intergrate-intergrate] queue: frame output frame :14
I1014 16:40:19.128789 10250 thread_intergrate.hpp:90] [T-Intergrate-intergrate] queue: compare output face:0
I1014 16:40:19.128813 10250 thread_intergrate.hpp:149] T-Intergrate-intergrate set matched face: 0
I1014 16:40:19.129367 10246 demo_inner.hpp:435] thread [SORT-0]  frame id 13 sorting queue size 0   FPS: 22.6843
I1014 16:40:19.129582 10245 demo_inner.hpp:260]  gui queue size 0, state = running
I1014 16:40:19.131101 10248 work_thread.hpp:81]  [T-Work-Recog_0] Run work: WorkCompare
I1014 16:40:19.131592 10248 work_compare.cpp:76] Compare face: 0 successed, similarity :0.994922, name : images/ThangLMb.jpg, normal size : 1548 * 1719!
I1014 16:40:19.136518 10244 demo_inner.hpp:177] decode queue size 0
I1014 16:40:19.136684 10247 work_thread.hpp:81]  [T-Work-Detect_0] Run work: WorkDetect
I1014 16:40:19.136719 10247 work_detect.cpp:102] Succeeded to add det start for frame 17
I1014 16:40:19.146052 10247 work_detect.cpp:70] Frame :17 detect result :1 face(s)
I1014 16:40:19.146131 10247 work_detect.cpp:86] Detected bbox: [138 x 186 from (229, 76)]
I1014 16:40:19.146225 10247 work_detect.cpp:120] Succeeded to add det end for frame 17
I1014 16:40:19.146243 10247 work_thread.hpp:81]  [T-Work-Detect_0] Run work: WrokTrack
I1014 16:40:19.146284 10247 work_track.cpp:82] Frame: 17 build input_characts: [0.215625 x 0.516667 from (0.357812, 0.211111)], 0.997596, 0
I1014 16:40:19.146351 10247 work_track.cpp:102] Succeeded to set track lock for frame 17
I1014 16:40:19.146428 10247 work_track.cpp:116] Succeeded to release track lock for frame 17
I1014 16:40:19.146445 10247 work_track.cpp:120] Track results of frame 17: 1 objects input, 1 objects tracked!
I1014 16:40:19.146463 10247 work_track.cpp:148] Frame: 17, track bbox: [138 x 186 from (230.539, 77.8977)], gid: 0, lid: 0
I1014 16:40:19.146500 10247 work_thread.hpp:87]  [T-Work-Detect_0] Frame :17 split
I1014 16:40:19.146528 10247 work_thread.hpp:120]  [T-Work-Detect_0] Valid piece: gid = 0
I1014 16:40:19.146548 10247 work_thread.hpp:91]  [T-Work-Detect_0] Push to split queue:recog
I1014 16:40:19.146631 10249 work_thread.hpp:81]  [T-Work-Recog_1] Run work: WorkCapture
I1014 16:40:19.147336 10249 work_thread.hpp:81]  [T-Work-Recog_1] Run work: WorkRecog
I1014 16:40:19.147382 10249 work_recog.hpp:89] Face id: 0 will run recog: bbox [138 x 186 from (229, 76)] quality: 0.434608
I1014 16:40:19.147426 10249 work_recog.hpp:96] Recog pair: [200 x 272 from (200, 32)], [138 x 186 from (29, 44)]
I1014 16:40:19.168107 10249 work_thread.hpp:81]  [T-Work-Recog_1] Run work: WorkCompare
I1014 16:40:19.168618 10249 work_compare.cpp:76] Compare face: 0 successed, similarity :0.997209, name : images/ThangLMb.jpg, normal size : 1548 * 1719!
I1014 16:40:19.172544 10244 demo_inner.hpp:177] decode queue size 0
I1014 16:40:19.172682 10247 work_thread.hpp:81]  [T-Work-Detect_0] Run work: WorkDetect
I1014 16:40:19.172744 10247 work_detect.cpp:102] Succeeded to add det start for frame 18
I1014 16:40:19.181890 10247 work_detect.cpp:70] Frame :18 detect result :1 face(s)
I1014 16:40:19.181996 10247 work_detect.cpp:86] Detected bbox: [152 x 199 from (226, 59)]
I1014 16:40:19.182062 10247 work_detect.cpp:120] Succeeded to add det end for frame 18
I1014 16:40:19.182090 10247 work_thread.hpp:81]  [T-Work-Detect_0] Run work: WrokTrack
I1014 16:40:19.182123 10247 work_track.cpp:82] Frame: 18 build input_characts: [0.2375 x 0.552778 from (0.353125, 0.163889)], 0.997596, 0
I1014 16:40:19.182221 10247 work_track.cpp:102] Succeeded to set track lock for frame 18
I1014 16:40:19.182284 10247 work_track.cpp:116] Succeeded to release track lock for frame 18
I1014 16:40:19.182301 10247 work_track.cpp:120] Track results of frame 18: 1 objects input, 1 objects tracked!
I1014 16:40:19.182329 10247 work_track.cpp:148] Frame: 18, track bbox: [152 x 199 from (224.714, 64.3115)], gid: 0, lid: 0
I1014 16:40:19.182371 10247 work_thread.hpp:87]  [T-Work-Detect_0] Frame :18 split
I1014 16:40:19.182390 10247 work_thread.hpp:120]  [T-Work-Detect_0] Valid piece: gid = 0
I1014 16:40:19.182410 10247 work_thread.hpp:91]  [T-Work-Detect_0] Push to split queue:recog
I1014 16:40:19.182493 10249 work_thread.hpp:81]  [T-Work-Recog_1] Run work: WorkCapture
I1014 16:40:19.183118 10249 work_thread.hpp:81]  [T-Work-Recog_1] Run work: WorkRecog
I1014 16:40:19.183147 10249 work_recog.hpp:89] Face id: 0 will run recog: bbox [152 x 199 from (226, 59)] quality: 0.469855
I1014 16:40:19.183178 10249 work_recog.hpp:96] Recog pair: [216 x 288 from (192, 16)], [152 x 199 from (34, 43)]
I1014 16:40:19.199102 10244 demo_inner.hpp:177] decode queue size 0
I1014 16:40:19.199627 10247 work_thread.hpp:81]  [T-Work-Detect_0] Run work: WorkDetect
I1014 16:40:19.199679 10247 work_detect.cpp:102] Succeeded to add det start for frame 19
I1014 16:40:19.201951 10249 work_thread.hpp:81]  [T-Work-Recog_1] Run work: WorkCompare
I1014 16:40:19.202400 10249 work_compare.cpp:76] Compare face: 0 successed, similarity :0.995274, name : images/ThangLMb.jpg, normal size : 1548 * 1719!
I1014 16:40:19.206979 10247 work_detect.cpp:70] Frame :19 detect result :1 face(s)
I1014 16:40:19.207003 10247 work_detect.cpp:86] Detected bbox: [137 x 187 from (229, 75)]
I1014 16:40:19.207042 10247 work_detect.cpp:120] Succeeded to add det end for frame 19
I1014 16:40:19.207065 10247 work_thread.hpp:81]  [T-Work-Detect_0] Run work: WrokTrack
I1014 16:40:19.207087 10247 work_track.cpp:82] Frame: 19 build input_characts: [0.214062 x 0.519444 from (0.357812, 0.208333)], 0.997488, 0
