I1014 14:51:04.853395  8215 work_thread.hpp:91]  [T-Work-Detect_0] Push to split queue:recog
I1014 14:51:04.853446  8217 work_thread.hpp:81]  [T-Work-Recog_1] Run work: WorkCapture
I1014 14:51:04.853747  8218 thread_intergrate.hpp:78] [T-Intergrate-intergrate] queue: frame output frame :174
I1014 14:51:04.853776  8218 thread_intergrate.hpp:85] [T-Intergrate-intergrate] queue: compare output face:1
I1014 14:51:04.853796  8218 thread_intergrate.hpp:144] T-Intergrate-intergrate set matched face: 1
I1014 14:51:04.853999  8217 work_thread.hpp:81]  [T-Work-Recog_1] Run work: WorkRecog
I1014 14:51:04.854023  8217 work_recog.hpp:89] Face id: 1 will run recog: bbox [178 x 220 from (309, 31)] quality: 0.385422
I1014 14:51:04.854053  8217 work_recog.hpp:96] Recog pair: [256 x 312 from (272, 0)], [178 x 220 from (37, 31)]
I1014 14:51:04.855540  8218 thread_intergrate.hpp:164] T-Intergrate-intergrate Show face :1, size :640 * 360
I1014 14:51:04.856128  8214 demo_inner.hpp:435] thread [SORT-0]  frame id 174 sorting queue size 0   FPS: 28.6075
I1014 14:51:04.871768  8217 work_thread.hpp:81]  [T-Work-Recog_1] Run work: WorkCompare
I1014 14:51:04.872244  8217 work_compare.cpp:76] Compare face: 1 successed, similarity :0.979761, name : images/ThangLMb.jpg, normal size : 1548 * 1719!
I1014 14:51:04.876042  8212 demo_inner.hpp:177] decode queue size 0
I1014 14:51:04.876116  8215 work_thread.hpp:81]  [T-Work-Detect_0] Run work: WorkDetect
I1014 14:51:04.876150  8215 work_detect.cpp:102] Succeeded to add det start for frame 175
I1014 14:51:04.883000  8215 work_detect.cpp:70] Frame :175 detect result :2 face(s)
I1014 14:51:04.883049  8215 work_detect.cpp:86] Detected bbox: [197 x 236 from (298, 48)]
I1014 14:51:04.883081  8215 work_detect.cpp:86] Detected bbox: [109 x 126 from (363, 133)]
I1014 14:51:04.883114  8215 work_detect.cpp:120] Succeeded to add det end for frame 175
I1014 14:51:04.883131  8215 work_thread.hpp:81]  [T-Work-Detect_0] Run work: WrokTrack
I1014 14:51:04.883229  8215 work_track.cpp:82] Frame: 175 build input_characts: [0.307813 x 0.655556 from (0.465625, 0.133333)], 1.00035, 0
I1014 14:51:04.883283  8215 work_track.cpp:82] Frame: 175 build input_characts: [0.170312 x 0.35 from (0.567187, 0.369444)], 0.932765, 1
I1014 14:51:04.883323  8215 work_track.cpp:102] Succeeded to set track lock for frame 175
I1014 14:51:04.883368  8215 work_track.cpp:116] Succeeded to release track lock for frame 175
I1014 14:51:04.883383  8215 work_track.cpp:120] Track results of frame 175: 2 objects input, 1 objects tracked!
I1014 14:51:04.883401  8215 work_track.cpp:148] Frame: 175, track bbox: [197 x 236 from (297.381, 36.7382)], gid: 1, lid: 0
I1014 14:51:04.883436  8215 work_track.cpp:162] Frame: 175 lid: 1 not tracked, will set invalid
I1014 14:51:04.883452  8215 work_thread.hpp:87]  [T-Work-Detect_0] Frame :175 split
I1014 14:51:04.883469  8215 work_thread.hpp:120]  [T-Work-Detect_0] Valid piece: gid = 1
I1014 14:51:04.883486  8215 work_thread.hpp:126]  [T-Work-Detect_0] Invalid piece: lid = 1, drop it
I1014 14:51:04.883502  8215 work_thread.hpp:91]  [T-Work-Detect_0] Push to split queue:recog
I1014 14:51:04.883549  8218 thread_intergrate.hpp:78] [T-Intergrate-intergrate] queue: frame output frame :175
I1014 14:51:04.883556  8216 work_thread.hpp:81]  [T-Work-Recog_0] Run work: WorkCapture
I1014 14:51:04.883577  8218 thread_intergrate.hpp:85] [T-Intergrate-intergrate] queue: compare output face:1
I1014 14:51:04.883596  8218 thread_intergrate.hpp:144] T-Intergrate-intergrate set matched face: 1
I1014 14:51:04.884269  8216 work_thread.hpp:81]  [T-Work-Recog_0] Run work: WorkRecog
I1014 14:51:04.884301  8216 work_recog.hpp:89] Face id: 1 will run recog: bbox [197 x 236 from (298, 48)] quality: 0.252041
I1014 14:51:04.884333  8216 work_recog.hpp:96] Recog pair: [280 x 336 from (256, 0)], [197 x 236 from (42, 48)]
I1014 14:51:04.885242  8218 thread_intergrate.hpp:164] T-Intergrate-intergrate Show face :1, size :640 * 360
I1014 14:51:04.885833  8214 demo_inner.hpp:435] thread [SORT-0]  frame id 175 sorting queue size 1   FPS: 28.6799
I1014 14:51:04.902415  8216 work_thread.hpp:81]  [T-Work-Recog_0] Run work: WorkCompare
I1014 14:51:04.902976  8216 work_compare.cpp:71] Compare face: 1 failed
I1014 14:51:04.912189  8212 demo_inner.hpp:177] decode queue size 0
I1014 14:51:04.912310  8215 work_thread.hpp:81]  [T-Work-Detect_0] Run work: WorkDetect
I1014 14:51:04.912345  8215 work_detect.cpp:102] Succeeded to add det start for frame 176
I1014 14:51:04.919190  8215 work_detect.cpp:70] Frame :176 detect result :1 face(s)
I1014 14:51:04.919234  8215 work_detect.cpp:86] Detected bbox: [187 x 225 from (304, 31)]
I1014 14:51:04.919279  8215 work_detect.cpp:120] Succeeded to add det end for frame 176
I1014 14:51:04.919296  8215 work_thread.hpp:81]  [T-Work-Detect_0] Run work: WrokTrack
I1014 14:51:04.919320  8215 work_track.cpp:82] Frame: 176 build input_characts: [0.292188 x 0.625 from (0.475, 0.0861111)], 1.00019, 0
I1014 14:51:04.919378  8215 work_track.cpp:102] Succeeded to set track lock for frame 176
I1014 14:51:04.919420  8215 work_track.cpp:116] Succeeded to release track lock for frame 176
I1014 14:51:04.919435  8215 work_track.cpp:120] Track results of frame 176: 1 objects input, 1 objects tracked!
I1014 14:51:04.919453  8215 work_track.cpp:148] Frame: 176, track bbox: [187 x 225 from (303.466, 39.6741)], gid: 1, lid: 0
I1014 14:51:04.919488  8215 work_thread.hpp:87]  [T-Work-Detect_0] Frame :176 split
I1014 14:51:04.919507  8215 work_thread.hpp:120]  [T-Work-Detect_0] Valid piece: gid = 1
I1014 14:51:04.919524  8215 work_thread.hpp:91]  [T-Work-Detect_0] Push to split queue:recog
I1014 14:51:04.919575  8217 work_thread.hpp:81]  [T-Work-Recog_1] Run work: WorkCapture
I1014 14:51:04.919872  8218 thread_intergrate.hpp:78] [T-Intergrate-intergrate] queue: frame output frame :176
I1014 14:51:04.920114  8217 work_thread.hpp:81]  [T-Work-Recog_1] Run work: WorkRecog
I1014 14:51:04.920137  8217 work_recog.hpp:89] Face id: 1 will run recog: bbox [187 x 225 from (304, 31)] quality: 0.41565
I1014 14:51:04.920262  8217 work_recog.hpp:96] Recog pair: [264 x 320 from (264, 0)], [187 x 225 from (40, 31)]
I1014 14:51:04.921037  8218 thread_intergrate.hpp:164] T-Intergrate-intergrate Show face :1, size :640 * 360
I1014 14:51:04.921627  8214 demo_inner.hpp:435] thread [SORT-0]  frame id 176 sorting queue size 2   FPS: 28.6799
I1014 14:51:04.937819  8217 work_thread.hpp:81]  [T-Work-Recog_1] Run work: WorkCompare
I1014 14:51:04.938282  8217 work_compare.cpp:76] Compare face: 1 successed, similarity :0.99213, name : images/ThangLMb.jpg, normal size : 1548 * 1719!
I1014 14:51:04.942473  8212 demo_inner.hpp:177] decode queue size 0
I1014 14:51:04.942584  8215 work_thread.hpp:81]  [T-Work-Detect_0] Run work: WorkDetect
I1014 14:51:04.942617  8215 work_detect.cpp:102] Succeeded to add det start for frame 177
I1014 14:51:04.943802  8213 demo_inner.hpp:260]  gui queue size 2, state = running
I1014 14:51:04.949517  8215 work_detect.cpp:70] Frame :177 detect result :2 face(s)
I1014 14:51:04.949568  8215 work_detect.cpp:86] Detected bbox: [190 x 225 from (301, 28)]
I1014 14:51:04.949601  8215 work_detect.cpp:86] Detected bbox: [93 x 109 from (370, 69)]
I1014 14:51:04.949635  8215 work_detect.cpp:120] Succeeded to add det end for frame 177
I1014 14:51:04.949651  8215 work_thread.hpp:81]  [T-Work-Detect_0] Run work: WrokTrack
I1014 14:51:04.949676  8215 work_track.cpp:82] Frame: 177 build input_characts: [0.296875 x 0.625 from (0.470313, 0.0777778)], 1.00019, 0
I1014 14:51:04.949729  8215 work_track.cpp:82] Frame: 177 build input_characts: [0.145313 x 0.302778 from (0.578125, 0.191667)], 0.939748, 1
I1014 14:51:04.949764  8215 work_track.cpp:102] Succeeded to set track lock for frame 177
I1014 14:51:04.949817  8215 work_track.cpp:116] Succeeded to release track lock for frame 177
I1014 14:51:04.949832  8215 work_track.cpp:120] Track results of frame 177: 2 objects input, 1 objects tracked!
I1014 14:51:04.949851  8215 work_track.cpp:148] Frame: 177, track bbox: [190 x 225 from (301.88, 35.3451)], gid: 1, lid: 0
I1014 14:51:04.949885  8215 work_track.cpp:162] Frame: 177 lid: 1 not tracked, will set invalid
I1014 14:51:04.949901  8215 work_thread.hpp:87]  [T-Work-Detect_0] Frame :177 split
I1014 14:51:04.949918  8215 work_thread.hpp:120]  [T-Work-Detect_0] Valid piece: gid = 1
I1014 14:51:04.949935  8215 work_thread.hpp:126]  [T-Work-Detect_0] Invalid piece: lid = 1, drop it
I1014 14:51:04.949950  8215 work_thread.hpp:91]  [T-Work-Detect_0] Push to split queue:recog
I1014 14:51:04.950006  8216 work_thread.hpp:81]  [T-Work-Recog_0] Run work: WorkCapture
I1014 14:51:04.950006  8218 thread_intergrate.hpp:78] [T-Intergrate-intergrate] queue: frame output frame :177
I1014 14:51:04.950048  8218 thread_intergrate.hpp:85] [T-Intergrate-intergrate] queue: compare output face:1
I1014 14:51:04.950068  8218 thread_intergrate.hpp:144] T-Intergrate-intergrate set matched face: 1
I1014 14:51:04.950670  8216 work_thread.hpp:81]  [T-Work-Recog_0] Run work: WorkRecog
I1014 14:51:04.950693  8216 work_recog.hpp:89] Face id: 1 will run recog: bbox [190 x 225 from (301, 28)] quality: 0.251915
I1014 14:51:04.950723  8216 work_recog.hpp:96] Recog pair: [280 x 320 from (256, 0)], [190 x 225 from (45, 28)]
I1014 14:51:04.951707  8218 thread_intergrate.hpp:164] T-Intergrate-intergrate Show face :1, size :640 * 360
I1014 14:51:04.952345  8214 demo_inner.hpp:435] thread [SORT-0]  frame id 177 sorting queue size 0   FPS: 28.6799
I1014 14:51:04.968705  8216 work_thread.hpp:81]  [T-Work-Recog_0] Run work: WorkCompare
I1014 14:51:04.969202  8216 work_compare.cpp:76] Compare face: 1 successed, similarity :0.994721, name : images/ThangLMb.jpg, normal size : 1548 * 1719!
I1014 14:51:04.977946  8212 demo_inner.hpp:177] decode queue size 0
I1014 14:51:04.978054  8215 work_thread.hpp:81]  [T-Work-Detect_0] Run work: WorkDetect
I1014 14:51:04.978090  8215 work_detect.cpp:102] Succeeded to add det start for frame 178
I1014 14:51:04.984887  8215 work_detect.cpp:70] Frame :178 detect result :2 face(s)
I1014 14:51:04.984923  8215 work_detect.cpp:86] Detected bbox: [191 x 220 from (292, 32)]
I1014 14:51:04.985028  8215 work_detect.cpp:86] Detected bbox: [78 x 92 from (377, 76)]
I1014 14:51:04.985060  8215 work_detect.cpp:120] Succeeded to add det end for frame 178
I1014 14:51:04.985076  8215 work_thread.hpp:81]  [T-Work-Detect_0] Run work: WrokTrack
I1014 14:51:04.985100  8215 work_track.cpp:82] Frame: 178 build input_characts: [0.298438 x 0.611111 from (0.45625, 0.0888889)], 1.00035, 0
I1014 14:51:04.985152  8215 work_track.cpp:82] Frame: 178 build input_characts: [0.121875 x 0.255556 from (0.589063, 0.211111)], 0.922183, 1
I1014 14:51:04.985188  8215 work_track.cpp:102] Succeeded to set track lock for frame 178
I1014 14:51:04.985232  8215 work_track.cpp:116] Succeeded to release track lock for frame 178
I1014 14:51:04.985247  8215 work_track.cpp:120] Track results of frame 178: 2 objects input, 1 objects tracked!
I1014 14:51:04.985265  8215 work_track.cpp:148] Frame: 178, track bbox: [191 x 220 from (296.383, 34.3183)], gid: 1, lid: 0
I1014 14:51:04.985298  8215 work_track.cpp:162] Frame: 178 lid: 1 not tracked, will set invalid
I1014 14:51:04.985314  8215 work_thread.hpp:87]  [T-Work-Detect_0] Frame :178 split
I1014 14:51:04.985332  8215 work_thread.hpp:120]  [T-Work-Detect_0] Valid piece: gid = 1
I1014 14:51:04.985348  8215 work_thread.hpp:126]  [T-Work-Detect_0] Invalid piece: lid = 1, drop it
I1014 14:51:04.985363  8215 work_thread.hpp:91]  [T-Work-Detect_0] Push to split queue:recog
I1014 14:51:04.985411  8217 work_thread.hpp:81]  [T-Work-Recog_1] Run work: WorkCapture
I1014 14:51:04.985713  8218 thread_intergrate.hpp:78] [T-Intergrate-intergrate] queue: frame output frame :178
I1014 14:51:04.985738  8218 thread_intergrate.hpp:85] [T-Intergrate-intergrate] queue: compare output face:1
I1014 14:51:04.985757  8218 thread_intergrate.hpp:144] T-Intergrate-intergrate set matched face: 1
I1014 14:51:04.985976  8217 work_thread.hpp:81]  [T-Work-Recog_1] Run work: WorkRecog
I1014 14:51:04.986001  8217 work_recog.hpp:89] Face id: 1 will run recog: bbox [191 x 220 from (292, 32)] quality: 0.347548
I1014 14:51:04.986029  8217 work_recog.hpp:96] Recog pair: [280 x 312 from (248, 0)], [191 x 220 from (44, 32)]
I1014 14:51:04.987452  8218 thread_intergrate.hpp:164] T-Intergrate-intergrate Show face :1, size :640 * 360
I1014 14:51:04.988083  8214 demo_inner.hpp:435] thread [SORT-0]  frame id 178 sorting queue size 1   FPS: 28.6799
I1014 14:51:05.003644  8217 work_thread.hpp:81]  [T-Work-Recog_1] Run work: WorkCompare
I1014 14:51:05.004094  8217 work_compare.cpp:76] Compare face: 1 successed, similarity :0.991682, name : images/ThangLMb.jpg, normal size : 1548 * 1719!
I1014 14:51:05.013833  8212 demo_inner.hpp:177] decode queue size 0
I1014 14:51:05.013937  8215 work_thread.hpp:81]  [T-Work-Detect_0] Run work: WorkDetect
I1014 14:51:05.013972  8215 work_detect.cpp:102] Succeeded to add det start for frame 179
I1014 14:51:05.016002  8213 demo_inner.hpp:260]  gui queue size 1, state = running
I1014 14:51:05.021114  8215 work_detect.cpp:70] Frame :179 detect result :2 face(s)
I1014 14:51:05.021167  8215 work_detect.cpp:86] Detected bbox: [181 x 214 from (307, 56)]
I1014 14:51:05.021200  8215 work_detect.cpp:86] Detected bbox: [86 x 102 from (373, 72)]
I1014 14:51:05.021232  8215 work_detect.cpp:120] Succeeded to add det end for frame 179
I1014 14:51:05.021248  8215 work_thread.hpp:81]  [T-Work-Detect_0] Run work: WrokTrack
I1014 14:51:05.021275  8215 work_track.cpp:82] Frame: 179 build input_characts: [0.282813 x 0.594444 from (0.479688, 0.155556)], 0.999622, 0
I1014 14:51:05.021328  8215 work_track.cpp:82] Frame: 179 build input_characts: [0.134375 x 0.283333 from (0.582812, 0.2)], 0.914439, 1
I1014 14:51:05.021363  8215 work_track.cpp:102] Succeeded to set track lock for frame 179
I1014 14:51:05.021410  8215 work_track.cpp:116] Succeeded to release track lock for frame 179
I1014 14:51:05.021425  8215 work_track.cpp:120] Track results of frame 179: 2 objects input, 2 objects tracked!
I1014 14:51:05.021443  8215 work_track.cpp:148] Frame: 179, track bbox: [181 x 214 from (302.824, 44.8431)], gid: 1, lid: 0
I1014 14:51:05.021550  8215 work_track.cpp:148] Frame: 179, track bbox: [86 x 102 from (372.88, 71.5796)], gid: 3, lid: 1
I1014 14:51:05.021586  8215 work_thread.hpp:87]  [T-Work-Detect_0] Frame :179 split
I1014 14:51:05.021605  8215 work_thread.hpp:120]  [T-Work-Detect_0] Valid piece: gid = 1
I1014 14:51:05.021623  8215 work_thread.hpp:120]  [T-Work-Detect_0] Valid piece: gid = 3
I1014 14:51:05.021641  8215 work_thread.hpp:91]  [T-Work-Detect_0] Push to split queue:recog
I1014 14:51:05.021694  8217 work_thread.hpp:81]  [T-Work-Recog_1] Run work: WorkCapture
I1014 14:51:05.021981  8215 work_thread.hpp:91]  [T-Work-Detect_0] Push to split queue:recog
I1014 14:51:05.022022  8216 work_thread.hpp:81]  [T-Work-Recog_0] Run work: WorkCapture
I1014 14:51:05.022032  8218 thread_intergrate.hpp:78] [T-Intergrate-intergrate] queue: frame output frame :179
I1014 14:51:05.022060  8218 thread_intergrate.hpp:85] [T-Intergrate-intergrate] queue: compare output face:1
I1014 14:51:05.022080  8218 thread_intergrate.hpp:144] T-Intergrate-intergrate set matched face: 1
I1014 14:51:05.022264  8217 work_thread.hpp:81]  [T-Work-Recog_1] Run work: WorkRecog
I1014 14:51:05.022287  8217 work_recog.hpp:89] Face id: 1 will run recog: bbox [181 x 214 from (307, 56)] quality: 0.269229
I1014 14:51:05.022315  8217 work_recog.hpp:96] Recog pair: [264 x 304 from (264, 8)], [181 x 214 from (43, 48)]
I1014 14:51:05.022665  8216 work_thread.hpp:81]  [T-Work-Recog_0] Run work: WorkRecog
W1014 14:51:05.022687  8216 work_recog.hpp:118] Face id: 3 has low quality : 0.0456246, no need to recog
I1014 14:51:05.023896  8218 thread_intergrate.hpp:164] T-Intergrate-intergrate Show face :1, size :640 * 360
I1014 14:51:05.023985  8216 work_thread.hpp:81]  [T-Work-Recog_0] Run work: WorkCompare
I1014 14:51:05.024514  8214 demo_inner.hpp:435] thread [SORT-0]  frame id 179 sorting queue size 0   FPS: 28.6075
I1014 14:51:05.039819  8217 work_thread.hpp:81]  [T-Work-Recog_1] Run work: WorkCompare
I1014 14:51:05.040364  8217 work_compare.cpp:71] Compare face: 1 failed
I1014 14:51:05.044028  8212 demo_inner.hpp:177] decode queue size 0
I1014 14:51:05.044147  8215 work_thread.hpp:81]  [T-Work-Detect_0] Run work: WorkDetect
I1014 14:51:05.044217  8215 work_detect.cpp:102] Succeeded to add det start for frame 180
I1014 14:51:05.051031  8215 work_detect.cpp:70] Frame :180 detect result :2 face(s)
I1014 14:51:05.051070  8215 work_detect.cpp:86] Detected bbox: [182 x 218 from (305, 57)]
I1014 14:51:05.051102  8215 work_detect.cpp:86] Detected bbox: [48 x 45 from (95, 219)]
I1014 14:51:05.051134  8215 work_detect.cpp:120] Succeeded to add det end for frame 180
I1014 14:51:05.051151  8215 work_thread.hpp:81]  [T-Work-Detect_0] Run work: WrokTrack
I1014 14:51:05.051174  8215 work_track.cpp:82] Frame: 180 build input_characts: [0.284375 x 0.605556 from (0.476562, 0.158333)], 1.00035, 0
I1014 14:51:05.051226  8215 work_track.cpp:82] Frame: 180 build input_characts: [0.075 x 0.125 from (0.148438, 0.608333)], 0.918981, 1
I1014 14:51:05.051261  8215 work_track.cpp:102] Succeeded to set track lock for frame 180
I1014 14:51:05.051311  8215 work_track.cpp:116] Succeeded to release track lock for frame 180
I1014 14:51:05.051326  8215 work_track.cpp:120] Track results of frame 180: 2 objects input, 2 objects tracked!
I1014 14:51:05.051343  8215 work_track.cpp:148] Frame: 180, track bbox: [182 x 218 from (303.36, 48.7683)], gid: 1, lid: 0
I1014 14:51:05.051376  8215 work_track.cpp:148] Frame: 180, track bbox: [86 x 102 from (372.631, 71.3298)], gid: 3, lid: -1
I1014 14:51:05.051407  8215 work_track.cpp:162] Frame: 180 lid: 1 not tracked, will set invalid
I1014 14:51:05.051424  8215 work_thread.hpp:87]  [T-Work-Detect_0] Frame :180 split
I1014 14:51:05.051440  8215 work_thread.hpp:120]  [T-Work-Detect_0] Valid piece: gid = 1
I1014 14:51:05.051457  8215 work_thread.hpp:126]  [T-Work-Detect_0] Invalid piece: lid = 1, drop it
I1014 14:51:05.051473  8215 work_thread.hpp:91]  [T-Work-Detect_0] Push to split queue:recog
I1014 14:51:05.051523  8218 thread_intergrate.hpp:78] [T-Intergrate-intergrate] queue: frame output frame :180
I1014 14:51:05.051529  8216 work_thread.hpp:81]  [T-Work-Recog_0] Run work: WorkCapture
I1014 14:51:05.052292  8216 work_thread.hpp:81]  [T-Work-Recog_0] Run work: WorkRecog
I1014 14:51:05.052316  8216 work_recog.hpp:89] Face id: 1 will run recog: bbox [182 x 218 from (305, 57)] quality: 0.269223
I1014 14:51:05.052472  8216 work_recog.hpp:96] Recog pair: [264 x 312 from (264, 8)], [182 x 218 from (41, 49)]
I1014 14:51:05.052758  8218 thread_intergrate.hpp:164] T-Intergrate-intergrate Show face :1, size :640 * 360
I1014 14:51:05.053329  8214 demo_inner.hpp:435] thread [SORT-0]  frame id 180 sorting queue size 1   FPS: 28.692
I1014 14:51:05.070494  8216 work_thread.hpp:81]  [T-Work-Recog_0] Run work: WorkCompare
I1014 14:51:05.071125  8216 work_compare.cpp:71] Compare face: 1 failed
I1014 14:51:05.079840  8212 demo_inner.hpp:177] decode queue size 0
I1014 14:51:05.079949  8215 work_thread.hpp:81]  [T-Work-Detect_0] Run work: WorkDetect
I1014 14:51:05.079984  8215 work_detect.cpp:102] Succeeded to add det start for frame 181
I1014 14:51:05.082937  8213 demo_inner.hpp:260]  gui queue size 1, state = running
I1014 14:51:05.087152  8215 work_detect.cpp:70] Frame :181 detect result :1 face(s)
I1014 14:51:05.087208  8215 work_detect.cpp:86] Detected bbox: [173 x 206 from (311, 66)]
I1014 14:51:05.087254  8215 work_detect.cpp:120] Succeeded to add det end for frame 181
I1014 14:51:05.087270  8215 work_thread.hpp:81]  [T-Work-Detect_0] Run work: WrokTrack
I1014 14:51:05.087296  8215 work_track.cpp:82] Frame: 181 build input_characts: [0.270312 x 0.572222 from (0.485938, 0.183333)], 0.998681, 0
I1014 14:51:05.087352  8215 work_track.cpp:102] Succeeded to set track lock for frame 181
I1014 14:51:05.087396  8215 work_track.cpp:116] Succeeded to release track lock for frame 181
I1014 14:51:05.087411  8215 work_track.cpp:120] Track results of frame 181: 1 objects input, 1 objects tracked!
I1014 14:51:05.087430  8215 work_track.cpp:148] Frame: 181, track bbox: [173 x 206 from (309.558, 67.0535)], gid: 1, lid: 0
I1014 14:51:05.087466  8215 work_thread.hpp:87]  [T-Work-Detect_0] Frame :181 split
I1014 14:51:05.087483  8215 work_thread.hpp:120]  [T-Work-Detect_0] Valid piece: gid = 1
I1014 14:51:05.087502  8215 work_thread.hpp:91]  [T-Work-Detect_0] Push to split queue:recog
I1014 14:51:05.087563  8217 work_thread.hpp:81]  [T-Work-Recog_1] Run work: WorkCapture
I1014 14:51:05.087877  8218 thread_intergrate.hpp:78] [T-Intergrate-intergrate] queue: frame output frame :181
I1014 14:51:05.088110  8217 work_thread.hpp:81]  [T-Work-Recog_1] Run work: WorkRecog
I1014 14:51:05.088133  8217 work_recog.hpp:89] Face id: 1 will run recog: bbox [173 x 206 from (311, 66)] quality: 0.21677
I1014 14:51:05.088186  8217 work_recog.hpp:96] Recog pair: [248 x 296 from (272, 24)], [173 x 206 from (39, 42)]
I1014 14:51:05.089046  8218 thread_intergrate.hpp:164] T-Intergrate-intergrate Show face :1, size :640 * 360
I1014 14:51:05.089581  8214 demo_inner.hpp:435] thread [SORT-0]  frame id 181 sorting queue size 0   FPS: 28.6075
I1014 14:51:05.105628  8217 work_thread.hpp:81]  [T-Work-Recog_1] Run work: WorkCompare
I1014 14:51:05.106166  8217 work_compare.cpp:71] Compare face: 1 failed
I1014 14:51:05.110095  8212 demo_inner.hpp:177] decode queue size 0
I1014 14:51:05.110174  8215 work_thread.hpp:81]  [T-Work-Detect_0] Run work: WorkDetect
I1014 14:51:05.110208  8215 work_detect.cpp:102] Succeeded to add det start for frame 182
I1014 14:51:05.117043  8215 work_detect.cpp:70] Frame :182 detect result :1 face(s)
I1014 14:51:05.117092  8215 work_detect.cpp:86] Detected bbox: [181 x 215 from (305, 33)]
I1014 14:51:05.117136  8215 work_detect.cpp:120] Succeeded to add det end for frame 182
I1014 14:51:05.117152  8215 work_thread.hpp:81]  [T-Work-Detect_0] Run work: WrokTrack
I1014 14:51:05.117177  8215 work_track.cpp:82] Frame: 182 build input_characts: [0.282813 x 0.597222 from (0.476562, 0.0916667)], 1.00019, 0
I1014 14:51:05.117235  8215 work_track.cpp:102] Succeeded to set track lock for frame 182
I1014 14:51:05.117283  8215 work_track.cpp:116] Succeeded to release track lock for frame 182
I1014 14:51:05.117377  8215 work_track.cpp:120] Track results of frame 182: 1 objects input, 1 objects tracked!
I1014 14:51:05.117396  8215 work_track.cpp:148] Frame: 182, track bbox: [181 x 215 from (306.358, 51.9832)], gid: 1, lid: 0
I1014 14:51:05.117434  8215 work_thread.hpp:87]  [T-Work-Detect_0] Frame :182 split
I1014 14:51:05.117451  8215 work_thread.hpp:120]  [T-Work-Detect_0] Valid piece: gid = 1
I1014 14:51:05.117470  8215 work_thread.hpp:91]  [T-Work-Detect_0] Push to split queue:recog
I1014 14:51:05.117513  8216 work_thread.hpp:81]  [T-Work-Recog_0] Run work: WorkCapture
I1014 14:51:05.117522  8218 thread_intergrate.hpp:78] [T-Intergrate-intergrate] queue: frame output frame :182
I1014 14:51:05.118165  8216 work_thread.hpp:81]  [T-Work-Recog_0] Run work: WorkRecog
I1014 14:51:05.118204  8216 work_recog.hpp:89] Face id: 1 will run recog: bbox [181 x 215 from (305, 33)] quality: 0.302433
I1014 14:51:05.118234  8216 work_recog.hpp:96] Recog pair: [264 x 304 from (264, 0)], [181 x 215 from (41, 33)]
I1014 14:51:05.118680  8218 thread_intergrate.hpp:164] T-Intergrate-intergrate Show face :1, size :640 * 360
I1014 14:51:05.119253  8214 demo_inner.hpp:435] thread [SORT-0]  frame id 182 sorting queue size 1   FPS: 28.692
I1014 14:51:05.136289  8216 work_thread.hpp:81]  [T-Work-Recog_0] Run work: WorkCompare
I1014 14:51:05.136860  8216 work_compare.cpp:76] Compare face: 1 successed, similarity :0.94922, name : images/ThangLMb.jpg, normal size : 1548 * 1719!
I1014 14:51:05.145920  8212 demo_inner.hpp:177] decode queue size 0
I1014 14:51:05.146023  8215 work_thread.hpp:81]  [T-Work-Detect_0] Run work: WorkDetect
I1014 14:51:05.146056  8215 work_detect.cpp:102] Succeeded to add det start for frame 183
I1014 14:51:05.152977  8215 work_detect.cpp:70] Frame :183 detect result :2 face(s)
I1014 14:51:05.153026  8215 work_detect.cpp:86] Detected bbox: [187 x 224 from (283, 32)]
I1014 14:51:05.153060  8215 work_detect.cpp:86] Detected bbox: [102 x 116 from (365, 135)]
I1014 14:51:05.153092  8215 work_detect.cpp:120] Succeeded to add det end for frame 183
I1014 14:51:05.153110  8215 work_thread.hpp:81]  [T-Work-Detect_0] Run work: WrokTrack
I1014 14:51:05.153134  8215 work_track.cpp:82] Frame: 183 build input_characts: [0.292188 x 0.622222 from (0.442187, 0.0888889)], 1.00019, 0
I1014 14:51:05.153187  8215 work_track.cpp:82] Frame: 183 build input_characts: [0.159375 x 0.322222 from (0.570312, 0.375)], 0.936627, 1
I1014 14:51:05.153221  8215 work_track.cpp:102] Succeeded to set track lock for frame 183
I1014 14:51:05.153266  8215 work_track.cpp:116] Succeeded to release track lock for frame 183
I1014 14:51:05.153281  8215 work_track.cpp:120] Track results of frame 183: 2 objects input, 1 objects tracked!
I1014 14:51:05.153300  8215 work_track.cpp:148] Frame: 183, track bbox: [187 x 224 from (294.061, 38.2194)], gid: 1, lid: 0
I1014 14:51:05.153333  8215 work_track.cpp:162] Frame: 183 lid: 1 not tracked, will set invalid
I1014 14:51:05.153349  8215 work_thread.hpp:87]  [T-Work-Detect_0] Frame :183 split
I1014 14:51:05.153367  8215 work_thread.hpp:120]  [T-Work-Detect_0] Valid piece: gid = 1
I1014 14:51:05.153383  8215 work_thread.hpp:126]  [T-Work-Detect_0] Invalid piece: lid = 1, drop it
I1014 14:51:05.153398  8215 work_thread.hpp:91]  [T-Work-Detect_0] Push to split queue:recog
I1014 14:51:05.153448  8217 work_thread.hpp:81]  [T-Work-Recog_1] Run work: WorkCapture
I1014 14:51:05.153748  8218 thread_intergrate.hpp:78] [T-Intergrate-intergrate] queue: frame output frame :183
I1014 14:51:05.153774  8218 thread_intergrate.hpp:85] [T-Intergrate-intergrate] queue: compare output face:1
I1014 14:51:05.153792  8218 thread_intergrate.hpp:144] T-Intergrate-intergrate set matched face: 1
I1014 14:51:05.154011  8217 work_thread.hpp:81]  [T-Work-Recog_1] Run work: WorkRecog
I1014 14:51:05.154034  8217 work_recog.hpp:89] Face id: 1 will run recog: bbox [187 x 224 from (283, 32)] quality: 0.385422
I1014 14:51:05.154063  8217 work_recog.hpp:96] Recog pair: [272 x 312 from (240, 0)], [187 x 224 from (43, 32)]
I1014 14:51:05.155298  8218 thread_intergrate.hpp:164] T-Intergrate-intergrate Show face :1, size :640 * 360
I1014 14:51:05.155987  8214 demo_inner.hpp:435] thread [SORT-0]  frame id 183 sorting queue size 2   FPS: 28.6799
I1014 14:51:05.171648  8217 work_thread.hpp:81]  [T-Work-Recog_1] Run work: WorkCompare
I1014 14:51:05.172112  8217 work_compare.cpp:76] Compare face: 1 successed, similarity :0.989961, name : images/ThangLMb.jpg, normal size : 1548 * 1719!
I1014 14:51:05.176278  8212 demo_inner.hpp:177] decode queue size 0
I1014 14:51:05.176364  8215 work_thread.hpp:81]  [T-Work-Detect_0] Run work: WorkDetect
I1014 14:51:05.176398  8215 work_detect.cpp:102] Succeeded to add det start for frame 184
I1014 14:51:05.178133  8213 demo_inner.hpp:260]  gui queue size 2, state = running
I1014 14:51:05.183457  8215 work_detect.cpp:70] Frame :184 detect result :2 face(s)
I1014 14:51:05.183509  8215 work_detect.cpp:86] Detected bbox: [186 x 224 from (284, 34)]
I1014 14:51:05.183543  8215 work_detect.cpp:86] Detected bbox: [98 x 116 from (367, 136)]
I1014 14:51:05.183575  8215 work_detect.cpp:120] Succeeded to add det end for frame 184
I1014 14:51:05.183591  8215 work_thread.hpp:81]  [T-Work-Detect_0] Run work: WrokTrack
I1014 14:51:05.183617  8215 work_track.cpp:82] Frame: 184 build input_characts: [0.290625 x 0.622222 from (0.44375, 0.0944444)], 1.00019, 0
I1014 14:51:05.183671  8215 work_track.cpp:82] Frame: 184 build input_characts: [0.153125 x 0.322222 from (0.573438, 0.377778)], 0.920305, 1
I1014 14:51:05.183706  8215 work_track.cpp:102] Succeeded to set track lock for frame 184
I1014 14:51:05.183753  8215 work_track.cpp:116] Succeeded to release track lock for frame 184
I1014 14:51:05.183768  8215 work_track.cpp:120] Track results of frame 184: 2 objects input, 1 objects tracked!
I1014 14:51:05.183786  8215 work_track.cpp:148] Frame: 184, track bbox: [186 x 224 from (285.393, 29.9506)], gid: 1, lid: 0
I1014 14:51:05.183820  8215 work_track.cpp:162] Frame: 184 lid: 1 not tracked, will set invalid
I1014 14:51:05.183835  8215 work_thread.hpp:87]  [T-Work-Detect_0] Frame :184 split
I1014 14:51:05.183852  8215 work_thread.hpp:120]  [T-Work-Detect_0] Valid piece: gid = 1
I1014 14:51:05.183869  8215 work_thread.hpp:126]  [T-Work-Detect_0] Invalid piece: lid = 1, drop it
I1014 14:51:05.183884  8215 work_thread.hpp:91]  [T-Work-Detect_0] Push to split queue:recog
I1014 14:51:05.183933  8216 work_thread.hpp:81]  [T-Work-Recog_0] Run work: WorkCapture
I1014 14:51:05.183936  8218 thread_intergrate.hpp:78] [T-Intergrate-intergrate] queue: frame output frame :184
I1014 14:51:05.183965  8218 thread_intergrate.hpp:85] [T-Intergrate-intergrate] queue: compare output face:1
I1014 14:51:05.183985  8218 thread_intergrate.hpp:144] T-Intergrate-intergrate set matched face: 1
I1014 14:51:05.184618  8216 work_thread.hpp:81]  [T-Work-Recog_0] Run work: WorkRecog
I1014 14:51:05.184667  8216 work_recog.hpp:89] Face id: 1 will run recog: bbox [186 x 224 from (284, 34)] quality: 0.406453
I1014 14:51:05.184703  8216 work_recog.hpp:96] Recog pair: [272 x 312 from (240, 0)], [186 x 224 from (44, 34)]
I1014 14:51:05.185492  8218 thread_intergrate.hpp:164] T-Intergrate-intergrate Show face :1, size :640 * 360
I1014 14:51:05.186113  8214 demo_inner.hpp:435] thread [SORT-0]  frame id 184 sorting queue size 0   FPS: 28.6799
I1014 14:51:05.202612  8216 work_thread.hpp:81]  [T-Work-Recog_0] Run work: WorkCompare
I1014 14:51:05.203157  8216 work_compare.cpp:76] Compare face: 1 successed, similarity :0.993474, name : images/ThangLMb.jpg, normal size : 1548 * 1719!
I1014 14:51:05.211985  8212 demo_inner.hpp:177] decode queue size 0
I1014 14:51:05.212107  8215 work_thread.hpp:81]  [T-Work-Detect_0] Run work: WorkDetect
I1014 14:51:05.212144  8215 work_detect.cpp:102] Succeeded to add det start for frame 185
I1014 14:51:05.219136  8215 work_detect.cpp:70] Frame :185 detect result :1 face(s)
I1014 14:51:05.219185  8215 work_detect.cpp:86] Detected bbox: [188 x 228 from (282, 30)]
I1014 14:51:05.219229  8215 work_detect.cpp:120] Succeeded to add det end for frame 185
I1014 14:51:05.219318  8215 work_thread.hpp:81]  [T-Work-Detect_0] Run work: WrokTrack
I1014 14:51:05.219347  8215 work_track.cpp:82] Frame: 185 build input_characts: [0.29375 x 0.633333 from (0.440625, 0.0833333)], 1.00035, 0
I1014 14:51:05.219403  8215 work_track.cpp:102] Succeeded to set track lock for frame 185
I1014 14:51:05.219445  8215 work_track.cpp:116] Succeeded to release track lock for frame 185
I1014 14:51:05.219460  8215 work_track.cpp:120] Track results of frame 185: 1 objects input, 1 objects tracked!
I1014 14:51:05.219477  8215 work_track.cpp:148] Frame: 185, track bbox: [188 x 228 from (279.543, 25.0532)], gid: 1, lid: 0
I1014 14:51:05.219513  8215 work_thread.hpp:87]  [T-Work-Detect_0] Frame :185 split
I1014 14:51:05.219530  8215 work_thread.hpp:120]  [T-Work-Detect_0] Valid piece: gid = 1
I1014 14:51:05.219549  8215 work_thread.hpp:91]  [T-Work-Detect_0] Push to split queue:recog
I1014 14:51:05.219606  8217 work_thread.hpp:81]  [T-Work-Recog_1] Run work: WorkCapture
I1014 14:51:05.219911  8218 thread_intergrate.hpp:78] [T-Intergrate-intergrate] queue: frame output frame :185
I1014 14:51:05.219938  8218 thread_intergrate.hpp:85] [T-Intergrate-intergrate] queue: compare output face:1
I1014 14:51:05.219955  8218 thread_intergrate.hpp:144] T-Intergrate-intergrate set matched face: 1
I1014 14:51:05.220191  8217 work_thread.hpp:81]  [T-Work-Recog_1] Run work: WorkRecog
I1014 14:51:05.220216  8217 work_recog.hpp:89] Face id: 1 will run recog: bbox [188 x 228 from (282, 30)] quality: 0.396375
I1014 14:51:05.220247  8217 work_recog.hpp:96] Recog pair: [272 x 320 from (240, 0)], [188 x 228 from (42, 30)]
I1014 14:51:05.221499  8218 thread_intergrate.hpp:164] T-Intergrate-intergrate Show face :1, size :640 * 360
I1014 14:51:05.222165  8214 demo_inner.hpp:435] thread [SORT-0]  frame id 185 sorting queue size 1   FPS: 28.6799
I1014 14:51:05.237767  8217 work_thread.hpp:81]  [T-Work-Recog_1] Run work: WorkCompare
I1014 14:51:05.238227  8217 work_compare.cpp:76] Compare face: 1 successed, similarity :0.994345, name : images/ThangLMb.jpg, normal size : 1548 * 1719!
I1014 14:51:05.245002  8213 demo_inner.hpp:260]  gui queue size 1, state = running
I1014 14:51:05.247994  8212 demo_inner.hpp:177] decode queue size 0
I1014 14:51:05.248100  8215 work_thread.hpp:81]  [T-Work-Detect_0] Run work: WorkDetect
I1014 14:51:05.248136  8215 work_detect.cpp:102] Succeeded to add det start for frame 186
I1014 14:51:05.255043  8215 work_detect.cpp:70] Frame :186 detect result :1 face(s)
I1014 14:51:05.255084  8215 work_detect.cpp:86] Detected bbox: [179 x 209 from (298, 38)]
I1014 14:51:05.255126  8215 work_detect.cpp:120] Succeeded to add det end for frame 186
I1014 14:51:05.255143  8215 work_thread.hpp:81]  [T-Work-Detect_0] Run work: WrokTrack
I1014 14:51:05.255168  8215 work_track.cpp:82] Frame: 186 build input_characts: [0.279687 x 0.580556 from (0.465625, 0.105556)], 1.00035, 0
I1014 14:51:05.255226  8215 work_track.cpp:102] Succeeded to set track lock for frame 186
I1014 14:51:05.255275  8215 work_track.cpp:116] Succeeded to release track lock for frame 186
I1014 14:51:05.255290  8215 work_track.cpp:120] Track results of frame 186: 1 objects input, 1 objects tracked!
I1014 14:51:05.255307  8215 work_track.cpp:148] Frame: 186, track bbox: [179 x 209 from (287.815, 34.615)], gid: 1, lid: 0
I1014 14:51:05.255342  8215 work_thread.hpp:87]  [T-Work-Detect_0] Frame :186 split
I1014 14:51:05.255360  8215 work_thread.hpp:120]  [T-Work-Detect_0] Valid piece: gid = 1
I1014 14:51:05.255378  8215 work_thread.hpp:91]  [T-Work-Detect_0] Push to split queue:recog
I1014 14:51:05.255426  8217 work_thread.hpp:81]  [T-Work-Recog_1] Run work: WorkCapture
I1014 14:51:05.255723  8218 thread_intergrate.hpp:78] [T-Intergrate-intergrate] queue: frame output frame :186
I1014 14:51:05.255750  8218 thread_intergrate.hpp:85] [T-Intergrate-intergrate] queue: compare output face:1
I1014 14:51:05.255769  8218 thread_intergrate.hpp:144] T-Intergrate-intergrate set matched face: 1
I1014 14:51:05.255982  8217 work_thread.hpp:81]  [T-Work-Recog_1] Run work: WorkRecog
I1014 14:51:05.256089  8217 work_recog.hpp:89] Face id: 1 will run recog: bbox [179 x 209 from (298, 38)] quality: 0.302433
I1014 14:51:05.256124  8217 work_recog.hpp:96] Recog pair: [256 x 296 from (256, 0)], [179 x 209 from (42, 38)]
I1014 14:51:05.257304  8218 thread_intergrate.hpp:164] T-Intergrate-intergrate Show face :1, size :640 * 360
I1014 14:51:05.257885  8214 demo_inner.hpp:435] thread [SORT-0]  frame id 186 sorting queue size 0   FPS: 28.6075
I1014 14:51:05.273769  8217 work_thread.hpp:81]  [T-Work-Recog_1] Run work: WorkCompare
I1014 14:51:05.274236  8217 work_compare.cpp:76] Compare face: 1 successed, similarity :0.915328, name : images/ThangLMb.jpg, normal size : 1548 * 1719!
I1014 14:51:05.278086  8212 demo_inner.hpp:177] decode queue size 0
I1014 14:51:05.278157  8215 work_thread.hpp:81]  [T-Work-Detect_0] Run work: WorkDetect
I1014 14:51:05.278190  8215 work_detect.cpp:102] Succeeded to add det start for frame 187
I1014 14:51:05.285080  8215 work_detect.cpp:70] Frame :187 detect result :1 face(s)
I1014 14:51:05.285130  8215 work_detect.cpp:86] Detected bbox: [187 x 227 from (282, 31)]
I1014 14:51:05.285173  8215 work_detect.cpp:120] Succeeded to add det end for frame 187
I1014 14:51:05.285189  8215 work_thread.hpp:81]  [T-Work-Detect_0] Run work: WrokTrack
I1014 14:51:05.285214  8215 work_track.cpp:82] Frame: 187 build input_characts: [0.292188 x 0.630556 from (0.440625, 0.0861111)], 1.00019, 0
I1014 14:51:05.285271  8215 work_track.cpp:102] Succeeded to set track lock for frame 187
I1014 14:51:05.285310  8215 work_track.cpp:116] Succeeded to release track lock for frame 187
I1014 14:51:05.285326  8215 work_track.cpp:120] Track results of frame 187: 1 objects input, 1 objects tracked!
I1014 14:51:05.285343  8215 work_track.cpp:148] Frame: 187, track bbox: [187 x 227 from (282.997, 31.0519)], gid: 1, lid: 0
I1014 14:51:05.285378  8215 work_thread.hpp:87]  [T-Work-Detect_0] Frame :187 split
I1014 14:51:05.285396  8215 work_thread.hpp:120]  [T-Work-Detect_0] Valid piece: gid = 1
I1014 14:51:05.285414  8215 work_thread.hpp:91]  [T-Work-Detect_0] Push to split queue:recog
I1014 14:51:05.285459  8216 work_thread.hpp:81]  [T-Work-Recog_0] Run work: WorkCapture
I1014 14:51:05.285465  8218 thread_intergrate.hpp:78] [T-Intergrate-intergrate] queue: frame output frame :187
I1014 14:51:05.285492  8218 thread_intergrate.hpp:85] [T-Intergrate-intergrate] queue: compare output face:1
I1014 14:51:05.285511  8218 thread_intergrate.hpp:144] T-Intergrate-intergrate set matched face: 1
I1014 14:51:05.286164  8216 work_thread.hpp:81]  [T-Work-Recog_0] Run work: WorkRecog
I1014 14:51:05.286191  8216 work_recog.hpp:89] Face id: 1 will run recog: bbox [187 x 227 from (282, 31)] quality: 0.406602
I1014 14:51:05.286222  8216 work_recog.hpp:96] Recog pair: [272 x 320 from (240, 0)], [187 x 227 from (42, 31)]
I1014 14:51:05.286962  8218 thread_intergrate.hpp:164] T-Intergrate-intergrate Show face :1, size :640 * 360
I1014 14:51:05.287559  8214 demo_inner.hpp:435] thread [SORT-0]  frame id 187 sorting queue size 1   FPS: 28.6799
I1014 14:51:05.304307  8216 work_thread.hpp:81]  [T-Work-Recog_0] Run work: WorkCompare
I1014 14:51:05.304864  8216 work_compare.cpp:76] Compare face: 1 successed, similarity :0.990322, name : images/ThangLMb.jpg, normal size : 1548 * 1719!
I1014 14:51:05.313860  8212 demo_inner.hpp:177] decode queue size 0
I1014 14:51:05.313975  8215 work_thread.hpp:81]  [T-Work-Detect_0] Run work: WorkDetect
I1014 14:51:05.314009  8215 work_detect.cpp:102] Succeeded to add det start for frame 188
I1014 14:51:05.320919  8215 work_detect.cpp:70] Frame :188 detect result :1 face(s)
I1014 14:51:05.320956  8215 work_detect.cpp:86] Detected bbox: [182 x 217 from (299, 39)]
I1014 14:51:05.320998  8215 work_detect.cpp:120] Succeeded to add det end for frame 188
I1014 14:51:05.321015  8215 work_thread.hpp:81]  [T-Work-Detect_0] Run work: WrokTrack
I1014 14:51:05.321039  8215 work_track.cpp:82] Frame: 188 build input_characts: [0.284375 x 0.602778 from (0.467187, 0.108333)], 1.00019, 0
I1014 14:51:05.321096  8215 work_track.cpp:102] Succeeded to set track lock for frame 188
I1014 14:51:05.321209  8215 work_track.cpp:116] Succeeded to release track lock for frame 188
I1014 14:51:05.321226  8215 work_track.cpp:120] Track results of frame 188: 1 objects input, 1 objects tracked!
I1014 14:51:05.321244  8215 work_track.cpp:148] Frame: 188, track bbox: [182 x 217 from (294.737, 37.077)], gid: 1, lid: 0
I1014 14:51:05.321280  8215 work_thread.hpp:87]  [T-Work-Detect_0] Frame :188 split
I1014 14:51:05.321298  8215 work_thread.hpp:120]  [T-Work-Detect_0] Valid piece: gid = 1
I1014 14:51:05.321317  8215 work_thread.hpp:91]  [T-Work-Detect_0] Push to split queue:recog
I1014 14:51:05.321367  8217 work_thread.hpp:81]  [T-Work-Recog_1] Run work: WorkCapture
I1014 14:51:05.321664  8218 thread_intergrate.hpp:78] [T-Intergrate-intergrate] queue: frame output frame :188
I1014 14:51:05.321689  8218 thread_intergrate.hpp:85] [T-Intergrate-intergrate] queue: compare output face:1
I1014 14:51:05.321708  8218 thread_intergrate.hpp:144] T-Intergrate-intergrate set matched face: 1
I1014 14:51:05.321933  8217 work_thread.hpp:81]  [T-Work-Recog_1] Run work: WorkRecog
I1014 14:51:05.321955  8217 work_recog.hpp:89] Face id: 1 will run recog: bbox [182 x 217 from (299, 39)] quality: 0.347564
I1014 14:51:05.321983  8217 work_recog.hpp:96] Recog pair: [264 x 304 from (256, 0)], [182 x 217 from (43, 39)]
I1014 14:51:05.323233  8218 thread_intergrate.hpp:164] T-Intergrate-intergrate Show face :1, size :640 * 360
I1014 14:51:05.323820  8214 demo_inner.hpp:435] thread [SORT-0]  frame id 188 sorting queue size 2   FPS: 28.6075
I1014 14:51:05.339401  8217 work_thread.hpp:81]  [T-Work-Recog_1] Run work: WorkCompare
I1014 14:51:05.339864  8217 work_compare.cpp:76] Compare face: 1 successed, similarity :0.952779, name : images/ThangLMb.jpg, normal size : 1548 * 1719!
I1014 14:51:05.344096  8212 demo_inner.hpp:177] decode queue size 0
I1014 14:51:05.344188  8215 work_thread.hpp:81]  [T-Work-Detect_0] Run work: WorkDetect
I1014 14:51:05.344221  8215 work_detect.cpp:102] Succeeded to add det start for frame 189
I1014 14:51:05.345283  8213 demo_inner.hpp:260]  gui queue size 2, state = running
I1014 14:51:05.351198  8215 work_detect.cpp:70] Frame :189 detect result :1 face(s)
I1014 14:51:05.351251  8215 work_detect.cpp:86] Detected bbox: [191 x 231 from (278, 27)]
I1014 14:51:05.351295  8215 work_detect.cpp:120] Succeeded to add det end for frame 189
I1014 14:51:05.351312  8215 work_thread.hpp:81]  [T-Work-Detect_0] Run work: WrokTrack
I1014 14:51:05.351337  8215 work_track.cpp:82] Frame: 189 build input_characts: [0.298438 x 0.641667 from (0.434375, 0.075)], 1.00019, 0
I1014 14:51:05.351395  8215 work_track.cpp:102] Succeeded to set track lock for frame 189
I1014 14:51:05.351434  8215 work_track.cpp:116] Succeeded to release track lock for frame 189
I1014 14:51:05.351449  8215 work_track.cpp:120] Track results of frame 189: 1 objects input, 1 objects tracked!
I1014 14:51:05.351467  8215 work_track.cpp:148] Frame: 189, track bbox: [191 x 231 from (285.321, 28.6489)], gid: 1, lid: 0
I1014 14:51:05.351502  8215 work_thread.hpp:87]  [T-Work-Detect_0] Frame :189 split
I1014 14:51:05.351521  8215 work_thread.hpp:120]  [T-Work-Detect_0] Valid piece: gid = 1
I1014 14:51:05.351538  8215 work_thread.hpp:91]  [T-Work-Detect_0] Push to split queue:recog
I1014 14:51:05.351590  8218 thread_intergrate.hpp:78] [T-Intergrate-intergrate] queue: frame output frame :189
I1014 14:51:05.351585  8216 work_thread.hpp:81]  [T-Work-Recog_0] Run work: WorkCapture
I1014 14:51:05.351625  8218 thread_intergrate.hpp:85] [T-Intergrate-intergrate] queue: compare output face:1
I1014 14:51:05.351644  8218 thread_intergrate.hpp:144] T-Intergrate-intergrate set matched face: 1
I1014 14:51:05.352500  8216 work_thread.hpp:81]  [T-Work-Recog_0] Run work: WorkRecog
I1014 14:51:05.352555  8216 work_recog.hpp:89] Face id: 1 will run recog: bbox [191 x 231 from (278, 27)] quality: 0.439094
I1014 14:51:05.352607  8216 work_recog.hpp:96] Recog pair: [272 x 328 from (240, 0)], [191 x 231 from (38, 27)]
I1014 14:51:05.353183  8218 thread_intergrate.hpp:164] T-Intergrate-intergrate Show face :1, size :640 * 360
I1014 14:51:05.353787  8214 demo_inner.hpp:435] thread [SORT-0]  frame id 189 sorting queue size 0   FPS: 28.6799
I1014 14:51:05.370816  8216 work_thread.hpp:81]  [T-Work-Recog_0] Run work: WorkCompare
I1014 14:51:05.371345  8216 work_compare.cpp:76] Compare face: 1 successed, similarity :0.991554, name : images/ThangLMb.jpg, normal size : 1548 * 1719!
I1014 14:51:05.379974  8212 demo_inner.hpp:177] decode queue size 0
I1014 14:51:05.380091  8215 work_thread.hpp:81]  [T-Work-Detect_0] Run work: WorkDetect
I1014 14:51:05.380127  8215 work_detect.cpp:102] Succeeded to add det start for frame 190
I1014 14:51:05.387032  8215 work_detect.cpp:70] Frame :190 detect result :1 face(s)
I1014 14:51:05.387074  8215 work_detect.cpp:86] Detected bbox: [188 x 228 from (280, 31)]
I1014 14:51:05.387117  8215 work_detect.cpp:120] Succeeded to add det end for frame 190
I1014 14:51:05.387133  8215 work_thread.hpp:81]  [T-Work-Detect_0] Run work: WrokTrack
I1014 14:51:05.387159  8215 work_track.cpp:82] Frame: 190 build input_characts: [0.29375 x 0.633333 from (0.4375, 0.0861111)], 1.00019, 0
I1014 14:51:05.387215  8215 work_track.cpp:102] Succeeded to set track lock for frame 190
I1014 14:51:05.387255  8215 work_track.cpp:116] Succeeded to release track lock for frame 190
I1014 14:51:05.387270  8215 work_track.cpp:120] Track results of frame 190: 1 objects input, 1 objects tracked!
I1014 14:51:05.387290  8215 work_track.cpp:148] Frame: 190, track bbox: [188 x 228 from (282.751, 30.906)], gid: 1, lid: 0
I1014 14:51:05.387324  8215 work_thread.hpp:87]  [T-Work-Detect_0] Frame :190 split
I1014 14:51:05.387341  8215 work_thread.hpp:120]  [T-Work-Detect_0] Valid piece: gid = 1
I1014 14:51:05.387359  8215 work_thread.hpp:91]  [T-Work-Detect_0] Push to split queue:recog
I1014 14:51:05.387410  8217 work_thread.hpp:81]  [T-Work-Recog_1] Run work: WorkCapture
I1014 14:51:05.387710  8218 thread_intergrate.hpp:78] [T-Intergrate-intergrate] queue: frame output frame :190
I1014 14:51:05.387735  8218 thread_intergrate.hpp:85] [T-Intergrate-intergrate] queue: compare output face:1
I1014 14:51:05.387754  8218 thread_intergrate.hpp:144] T-Intergrate-intergrate set matched face: 1
I1014 14:51:05.387969  8217 work_thread.hpp:81]  [T-Work-Recog_1] Run work: WorkRecog
I1014 14:51:05.387993  8217 work_recog.hpp:89] Face id: 1 will run recog: bbox [188 x 228 from (280, 31)] quality: 0.415891
I1014 14:51:05.388023  8217 work_recog.hpp:96] Recog pair: [272 x 320 from (240, 0)], [188 x 228 from (40, 31)]
I1014 14:51:05.389277  8218 thread_intergrate.hpp:164] T-Intergrate-intergrate Show face :1, size :640 * 360
I1014 14:51:05.389935  8214 demo_inner.hpp:435] thread [SORT-0]  frame id 190 sorting queue size 1   FPS: 28.6799
I1014 14:51:05.405665  8217 work_thread.hpp:81]  [T-Work-Recog_1] Run work: WorkCompare
I1014 14:51:05.406126  8217 work_compare.cpp:76] Compare face: 1 successed, similarity :0.987626, name : images/ThangLMb.jpg, normal size : 1548 * 1719!
I1014 14:51:05.410173  8212 demo_inner.hpp:177] decode queue size 0
I1014 14:51:05.410259  8215 work_thread.hpp:81]  [T-Work-Detect_0] Run work: WorkDetect
I1014 14:51:05.410292  8215 work_detect.cpp:102] Succeeded to add det start for frame 191
I1014 14:51:05.412683  8213 demo_inner.hpp:260]  gui queue size 1, state = running
I1014 14:51:05.417558  8215 work_detect.cpp:70] Frame :191 detect result :1 face(s)
I1014 14:51:05.417613  8215 work_detect.cpp:86] Detected bbox: [187 x 225 from (283, 32)]
I1014 14:51:05.417656  8215 work_detect.cpp:120] Succeeded to add det end for frame 191
I1014 14:51:05.417673  8215 work_thread.hpp:81]  [T-Work-Detect_0] Run work: WrokTrack
I1014 14:51:05.417698  8215 work_track.cpp:82] Frame: 191 build input_characts: [0.292188 x 0.625 from (0.442187, 0.0888889)], 1.00019, 0
I1014 14:51:05.417757  8215 work_track.cpp:102] Succeeded to set track lock for frame 191
I1014 14:51:05.417799  8215 work_track.cpp:116] Succeeded to release track lock for frame 191
I1014 14:51:05.417814  8215 work_track.cpp:120] Track results of frame 191: 1 objects input, 1 objects tracked!
I1014 14:51:05.417915  8215 work_track.cpp:148] Frame: 191, track bbox: [187 x 225 from (280.6, 32.3874)], gid: 1, lid: 0
I1014 14:51:05.417960  8215 work_thread.hpp:87]  [T-Work-Detect_0] Frame :191 split
I1014 14:51:05.417980  8215 work_thread.hpp:120]  [T-Work-Detect_0] Valid piece: gid = 1
I1014 14:51:05.417999  8215 work_thread.hpp:91]  [T-Work-Detect_0] Push to split queue:recog
I1014 14:51:05.418066  8218 thread_intergrate.hpp:78] [T-Intergrate-intergrate] queue: frame output frame :191
I1014 14:51:05.418069  8216 work_thread.hpp:81]  [T-Work-Recog_0] Run work: WorkCapture
I1014 14:51:05.418100  8218 thread_intergrate.hpp:85] [T-Intergrate-intergrate] queue: compare output face:1
I1014 14:51:05.418120  8218 thread_intergrate.hpp:144] T-Intergrate-intergrate set matched face: 1
I1014 14:51:05.418850  8216 work_thread.hpp:81]  [T-Work-Recog_0] Run work: WorkRecog
I1014 14:51:05.418879  8216 work_recog.hpp:89] Face id: 1 will run recog: bbox [187 x 225 from (283, 32)] quality: 0.406656
I1014 14:51:05.418944  8216 work_recog.hpp:96] Recog pair: [272 x 320 from (240, 0)], [187 x 225 from (43, 32)]
I1014 14:51:05.419595  8218 thread_intergrate.hpp:164] T-Intergrate-intergrate Show face :1, size :640 * 360
I1014 14:51:05.420239  8214 demo_inner.hpp:435] thread [SORT-0]  frame id 191 sorting queue size 0   FPS: 28.6799
I1014 14:51:05.437122  8216 work_thread.hpp:81]  [T-Work-Recog_0] Run work: WorkCompare
I1014 14:51:05.437595  8216 work_compare.cpp:76] Compare face: 1 successed, similarity :0.986869, name : images/ThangLMb.jpg, normal size : 1548 * 1719!
I1014 14:51:05.446166  8212 demo_inner.hpp:177] decode queue size 0
I1014 14:51:05.446274  8215 work_thread.hpp:81]  [T-Work-Detect_0] Run work: WorkDetect
I1014 14:51:05.446307  8215 work_detect.cpp:102] Succeeded to add det start for frame 192
I1014 14:51:05.453343  8215 work_detect.cpp:70] Frame :192 detect result :1 face(s)
I1014 14:51:05.453387  8215 work_detect.cpp:86] Detected bbox: [187 x 225 from (283, 32)]
I1014 14:51:05.453431  8215 work_detect.cpp:120] Succeeded to add det end for frame 192
I1014 14:51:05.453449  8215 work_thread.hpp:81]  [T-Work-Detect_0] Run work: WrokTrack
I1014 14:51:05.453474  8215 work_track.cpp:82] Frame: 192 build input_characts: [0.292188 x 0.625 from (0.442187, 0.0888889)], 1.00035, 0
I1014 14:51:05.453528  8215 work_track.cpp:102] Succeeded to set track lock for frame 192
I1014 14:51:05.453568  8215 work_track.cpp:116] Succeeded to release track lock for frame 192
I1014 14:51:05.453583  8215 work_track.cpp:120] Track results of frame 192: 1 objects input, 1 objects tracked!
I1014 14:51:05.453601  8215 work_track.cpp:148] Frame: 192, track bbox: [187 x 225 from (281.681, 31.7931)], gid: 1, lid: 0
I1014 14:51:05.453636  8215 work_thread.hpp:87]  [T-Work-Detect_0] Frame :192 split
