I1014 10:37:14.318369  3984 work_track.cpp:120] Track results of frame 130: 1 objects input, 1 objects tracked!
I1014 10:37:14.318387  3984 work_track.cpp:148] Frame: 130, track bbox: [155 x 206 from (254.191, 131.333)], gid: 0, lid: 0
I1014 10:37:14.318423  3984 work_thread.hpp:88]  [T-Work-Detect_0] Frame :130 split
I1014 10:37:14.318440  3984 work_thread.hpp:120]  [T-Work-Detect_0] Valid piece: gid = 0
I1014 10:37:14.318459  3984 work_thread.hpp:92]  [T-Work-Detect_0] Push to split queue:recog
I1014 10:37:14.318507  3987 thread_intergrate.hpp:78] [T-Intergrate-intergrate] queue: frame output frame :130
I1014 10:37:14.318516  3985 work_thread.hpp:81]  [T-Work-Recog_0] Run work: WorkCapture
I1014 10:37:14.318533  3987 thread_intergrate.hpp:85] [T-Intergrate-intergrate] queue: compare output face:0
I1014 10:37:14.318552  3987 thread_intergrate.hpp:134] T-Intergrate-intergrate set matched face: 0
I1014 10:37:14.319135  3985 work_thread.hpp:81]  [T-Work-Recog_0] Run work: WorkRecog
I1014 10:37:14.319159  3985 work_recog.hpp:89] Face id: 0 will run recog: bbox [155 x 206 from (254, 132)] quality: 0.450585
I1014 10:37:14.319203  3985 work_recog.hpp:96] Recog pair: [224 x 272 from (216, 88)], [155 x 206 from (38, 44)]
I1014 10:37:14.319713  3987 thread_intergrate.hpp:154] T-Intergrate-intergrate Show face :0, size :640 * 360
I1014 10:37:14.320242  3983 demo_inner.hpp:435] thread [SORT-0]  frame id 130 sorting queue size 0   FPS: 29.4828
I1014 10:37:14.320317  3982 demo_inner.hpp:260]  gui queue size 0, state = running
I1014 10:37:14.337687  3985 work_thread.hpp:81]  [T-Work-Recog_0] Run work: WorkCompare
I1014 10:37:14.337815  3985 work_compare.cpp:76] Compare face: 0 successed, similarity :0.951358, name : images/thanglmb.jpg, normal size : 640 * 360!
I1014 10:37:14.341282  3981 demo_inner.hpp:177] decode queue size 0
I1014 10:37:14.341374  3984 work_thread.hpp:81]  [T-Work-Detect_0] Run work: WorkDetect
I1014 10:37:14.341410  3984 work_detect.cpp:102] Succeeded to add det start for frame 131
I1014 10:37:14.348214  3984 work_detect.cpp:70] Frame :131 detect result :1 face(s)
I1014 10:37:14.348258  3984 work_detect.cpp:86] Detected bbox: [157 x 208 from (255, 131)]
I1014 10:37:14.348302  3984 work_detect.cpp:120] Succeeded to add det end for frame 131
I1014 10:37:14.348318  3984 work_thread.hpp:81]  [T-Work-Detect_0] Run work: WrokTrack
I1014 10:37:14.348343  3984 work_track.cpp:82] Frame: 131 build input_characts: [0.245312 x 0.577778 from (0.398438, 0.363889)], 1.00019, 0
I1014 10:37:14.348398  3984 work_track.cpp:102] Succeeded to set track lock for frame 131
I1014 10:37:14.348438  3984 work_track.cpp:116] Succeeded to release track lock for frame 131
I1014 10:37:14.348453  3984 work_track.cpp:120] Track results of frame 131: 1 objects input, 1 objects tracked!
I1014 10:37:14.348469  3984 work_track.cpp:148] Frame: 131, track bbox: [157 x 208 from (254.214, 130.631)], gid: 0, lid: 0
I1014 10:37:14.348580  3984 work_thread.hpp:88]  [T-Work-Detect_0] Frame :131 split
I1014 10:37:14.348600  3984 work_thread.hpp:120]  [T-Work-Detect_0] Valid piece: gid = 0
I1014 10:37:14.348618  3984 work_thread.hpp:92]  [T-Work-Detect_0] Push to split queue:recog
I1014 10:37:14.348662  3987 thread_intergrate.hpp:78] [T-Intergrate-intergrate] queue: frame output frame :131
I1014 10:37:14.348677  3986 work_thread.hpp:81]  [T-Work-Recog_1] Run work: WorkCapture
I1014 10:37:14.348688  3987 thread_intergrate.hpp:85] [T-Intergrate-intergrate] queue: compare output face:0
I1014 10:37:14.348706  3987 thread_intergrate.hpp:134] T-Intergrate-intergrate set matched face: 0
I1014 10:37:14.349328  3986 work_thread.hpp:81]  [T-Work-Recog_1] Run work: WorkRecog
I1014 10:37:14.349354  3986 work_recog.hpp:89] Face id: 0 will run recog: bbox [157 x 208 from (255, 131)] quality: 0.455604
I1014 10:37:14.349411  3986 work_recog.hpp:96] Recog pair: [224 x 272 from (224, 88)], [157 x 208 from (31, 43)]
I1014 10:37:14.349872  3987 thread_intergrate.hpp:154] T-Intergrate-intergrate Show face :0, size :640 * 360
I1014 10:37:14.350394  3983 demo_inner.hpp:435] thread [SORT-0]  frame id 131 sorting queue size 0   FPS: 29.4971
I1014 10:37:14.367523  3986 work_thread.hpp:81]  [T-Work-Recog_1] Run work: WorkCompare
I1014 10:37:14.367698  3986 work_compare.cpp:76] Compare face: 0 successed, similarity :0.963352, name : images/thanglmb.jpg, normal size : 640 * 360!
I1014 10:37:14.377610  3981 demo_inner.hpp:177] decode queue size 0
I1014 10:37:14.377754  3984 work_thread.hpp:81]  [T-Work-Detect_0] Run work: WorkDetect
I1014 10:37:14.377794  3984 work_detect.cpp:102] Succeeded to add det start for frame 132
I1014 10:37:14.384654  3984 work_detect.cpp:70] Frame :132 detect result :1 face(s)
I1014 10:37:14.384701  3984 work_detect.cpp:86] Detected bbox: [155 x 207 from (256, 130)]
I1014 10:37:14.384743  3984 work_detect.cpp:120] Succeeded to add det end for frame 132
I1014 10:37:14.384760  3984 work_thread.hpp:81]  [T-Work-Detect_0] Run work: WrokTrack
I1014 10:37:14.384785  3984 work_track.cpp:82] Frame: 132 build input_characts: [0.242188 x 0.575 from (0.4, 0.361111)], 1.00019, 0
I1014 10:37:14.384842  3984 work_track.cpp:102] Succeeded to set track lock for frame 132
I1014 10:37:14.384883  3984 work_track.cpp:116] Succeeded to release track lock for frame 132
I1014 10:37:14.384898  3984 work_track.cpp:120] Track results of frame 132: 1 objects input, 1 objects tracked!
I1014 10:37:14.384917  3984 work_track.cpp:148] Frame: 132, track bbox: [155 x 207 from (255.761, 130.438)], gid: 0, lid: 0
I1014 10:37:14.384953  3984 work_thread.hpp:88]  [T-Work-Detect_0] Frame :132 split
I1014 10:37:14.384970  3984 work_thread.hpp:120]  [T-Work-Detect_0] Valid piece: gid = 0
I1014 10:37:14.384989  3984 work_thread.hpp:92]  [T-Work-Detect_0] Push to split queue:recog
I1014 10:37:14.385036  3987 thread_intergrate.hpp:78] [T-Intergrate-intergrate] queue: frame output frame :132
I1014 10:37:14.385067  3987 thread_intergrate.hpp:85] [T-Intergrate-intergrate] queue: compare output face:0
I1014 10:37:14.385071  3986 work_thread.hpp:81]  [T-Work-Recog_1] Run work: WorkCapture
I1014 10:37:14.385087  3987 thread_intergrate.hpp:134] T-Intergrate-intergrate set matched face: 0
I1014 10:37:14.385782  3986 work_thread.hpp:81]  [T-Work-Recog_1] Run work: WorkRecog
I1014 10:37:14.385833  3986 work_recog.hpp:89] Face id: 0 will run recog: bbox [155 x 207 from (256, 130)] quality: 0.444967
I1014 10:37:14.385864  3986 work_recog.hpp:96] Recog pair: [224 x 272 from (224, 88)], [155 x 207 from (32, 42)]
I1014 10:37:14.386273  3987 thread_intergrate.hpp:154] T-Intergrate-intergrate Show face :0, size :640 * 360
I1014 10:37:14.386847  3983 demo_inner.hpp:435] thread [SORT-0]  frame id 132 sorting queue size 1   FPS: 29.4686
I1014 10:37:14.403760  3986 work_thread.hpp:81]  [T-Work-Recog_1] Run work: WorkCompare
I1014 10:37:14.403892  3986 work_compare.cpp:76] Compare face: 0 successed, similarity :0.968078, name : images/thanglmb.jpg, normal size : 640 * 360!
I1014 10:37:14.407752  3981 demo_inner.hpp:177] decode queue size 0
I1014 10:37:14.407862  3984 work_thread.hpp:81]  [T-Work-Detect_0] Run work: WorkDetect
I1014 10:37:14.407896  3984 work_detect.cpp:102] Succeeded to add det start for frame 133
I1014 10:37:14.414636  3984 work_detect.cpp:70] Frame :133 detect result :1 face(s)
I1014 10:37:14.414676  3984 work_detect.cpp:86] Detected bbox: [156 x 206 from (254, 130)]
I1014 10:37:14.414719  3984 work_detect.cpp:120] Succeeded to add det end for frame 133
I1014 10:37:14.414736  3984 work_thread.hpp:81]  [T-Work-Detect_0] Run work: WrokTrack
I1014 10:37:14.414760  3984 work_track.cpp:82] Frame: 133 build input_characts: [0.24375 x 0.572222 from (0.396875, 0.361111)], 1.00019, 0
I1014 10:37:14.414815  3984 work_track.cpp:102] Succeeded to set track lock for frame 133
I1014 10:37:14.414855  3984 work_track.cpp:116] Succeeded to release track lock for frame 133
I1014 10:37:14.414870  3984 work_track.cpp:120] Track results of frame 133: 1 objects input, 1 objects tracked!
I1014 10:37:14.414887  3984 work_track.cpp:148] Frame: 133, track bbox: [156 x 206 from (255.054, 130.62)], gid: 0, lid: 0
I1014 10:37:14.414923  3984 work_thread.hpp:88]  [T-Work-Detect_0] Frame :133 split
I1014 10:37:14.414942  3984 work_thread.hpp:120]  [T-Work-Detect_0] Valid piece: gid = 0
I1014 10:37:14.414959  3984 work_thread.hpp:92]  [T-Work-Detect_0] Push to split queue:recog
I1014 10:37:14.415005  3987 thread_intergrate.hpp:78] [T-Intergrate-intergrate] queue: frame output frame :133
I1014 10:37:14.415031  3987 thread_intergrate.hpp:85] [T-Intergrate-intergrate] queue: compare output face:0
I1014 10:37:14.415050  3987 thread_intergrate.hpp:134] T-Intergrate-intergrate set matched face: 0
I1014 10:37:14.415067  3985 work_thread.hpp:81]  [T-Work-Recog_0] Run work: WorkCapture
I1014 10:37:14.415760  3985 work_thread.hpp:81]  [T-Work-Recog_0] Run work: WorkRecog
I1014 10:37:14.415786  3985 work_recog.hpp:89] Face id: 0 will run recog: bbox [156 x 206 from (254, 130)] quality: 0.459601
I1014 10:37:14.415817  3985 work_recog.hpp:96] Recog pair: [232 x 272 from (216, 88)], [156 x 206 from (38, 42)]
I1014 10:37:14.416265  3987 thread_intergrate.hpp:154] T-Intergrate-intergrate Show face :0, size :640 * 360
I1014 10:37:14.416833  3983 demo_inner.hpp:435] thread [SORT-0]  frame id 133 sorting queue size 2   FPS: 29.4686
I1014 10:37:14.433539  3985 work_thread.hpp:81]  [T-Work-Recog_0] Run work: WorkCompare
I1014 10:37:14.433708  3985 work_compare.cpp:76] Compare face: 0 successed, similarity :0.963855, name : images/thanglmb.jpg, normal size : 640 * 360!
I1014 10:37:14.443454  3981 demo_inner.hpp:177] decode queue size 0
I1014 10:37:14.443573  3984 work_thread.hpp:81]  [T-Work-Detect_0] Run work: WorkDetect
I1014 10:37:14.443614  3984 work_detect.cpp:102] Succeeded to add det start for frame 134
I1014 10:37:14.450420  3984 work_detect.cpp:70] Frame :134 detect result :1 face(s)
I1014 10:37:14.450465  3984 work_detect.cpp:86] Detected bbox: [159 x 209 from (253, 131)]
I1014 10:37:14.450507  3984 work_detect.cpp:120] Succeeded to add det end for frame 134
I1014 10:37:14.450525  3984 work_thread.hpp:81]  [T-Work-Detect_0] Run work: WrokTrack
I1014 10:37:14.450549  3984 work_track.cpp:82] Frame: 134 build input_characts: [0.248437 x 0.580556 from (0.395312, 0.363889)], 1.00019, 0
I1014 10:37:14.450603  3984 work_track.cpp:102] Succeeded to set track lock for frame 134
I1014 10:37:14.450644  3984 work_track.cpp:116] Succeeded to release track lock for frame 134
I1014 10:37:14.450659  3984 work_track.cpp:120] Track results of frame 134: 1 objects input, 1 objects tracked!
I1014 10:37:14.450677  3984 work_track.cpp:148] Frame: 134, track bbox: [159 x 209 from (253.414, 129.761)], gid: 0, lid: 0
I1014 10:37:14.450712  3984 work_thread.hpp:88]  [T-Work-Detect_0] Frame :134 split
I1014 10:37:14.450731  3984 work_thread.hpp:120]  [T-Work-Detect_0] Valid piece: gid = 0
I1014 10:37:14.450748  3984 work_thread.hpp:92]  [T-Work-Detect_0] Push to split queue:recog
I1014 10:37:14.450793  3987 thread_intergrate.hpp:78] [T-Intergrate-intergrate] queue: frame output frame :134
I1014 10:37:14.450801  3985 work_thread.hpp:81]  [T-Work-Recog_0] Run work: WorkCapture
I1014 10:37:14.450894  3987 thread_intergrate.hpp:85] [T-Intergrate-intergrate] queue: compare output face:0
I1014 10:37:14.450932  3987 thread_intergrate.hpp:134] T-Intergrate-intergrate set matched face: 0
I1014 10:37:14.451556  3985 work_thread.hpp:81]  [T-Work-Recog_0] Run work: WorkRecog
I1014 10:37:14.451581  3985 work_recog.hpp:89] Face id: 0 will run recog: bbox [159 x 209 from (253, 131)] quality: 0.464436
I1014 10:37:14.451745  3985 work_recog.hpp:96] Recog pair: [232 x 272 from (216, 88)], [159 x 209 from (37, 43)]
I1014 10:37:14.452103  3987 thread_intergrate.hpp:154] T-Intergrate-intergrate Show face :0, size :640 * 360
I1014 10:37:14.452704  3983 demo_inner.hpp:435] thread [SORT-0]  frame id 134 sorting queue size 3   FPS: 29.4686
I1014 10:37:14.469844  3985 work_thread.hpp:81]  [T-Work-Recog_0] Run work: WorkCompare
I1014 10:37:14.470002  3985 work_compare.cpp:76] Compare face: 0 successed, similarity :0.972604, name : images/thanglmb.jpg, normal size : 640 * 360!
I1014 10:37:14.479346  3981 demo_inner.hpp:177] decode queue size 0
I1014 10:37:14.479468  3984 work_thread.hpp:81]  [T-Work-Detect_0] Run work: WorkDetect
I1014 10:37:14.479508  3984 work_detect.cpp:102] Succeeded to add det start for frame 135
I1014 10:37:14.486383  3984 work_detect.cpp:70] Frame :135 detect result :1 face(s)
I1014 10:37:14.486430  3984 work_detect.cpp:86] Detected bbox: [157 x 204 from (253, 134)]
I1014 10:37:14.486472  3984 work_detect.cpp:120] Succeeded to add det end for frame 135
I1014 10:37:14.486490  3984 work_thread.hpp:81]  [T-Work-Detect_0] Run work: WrokTrack
I1014 10:37:14.486515  3984 work_track.cpp:82] Frame: 135 build input_characts: [0.245312 x 0.566667 from (0.395312, 0.372222)], 1.00019, 0
I1014 10:37:14.486568  3984 work_track.cpp:102] Succeeded to set track lock for frame 135
I1014 10:37:14.486608  3984 work_track.cpp:116] Succeeded to release track lock for frame 135
I1014 10:37:14.486624  3984 work_track.cpp:120] Track results of frame 135: 1 objects input, 1 objects tracked!
I1014 10:37:14.486640  3984 work_track.cpp:148] Frame: 135, track bbox: [157 x 204 from (253.658, 133.102)], gid: 0, lid: 0
I1014 10:37:14.486675  3984 work_thread.hpp:88]  [T-Work-Detect_0] Frame :135 split
I1014 10:37:14.486693  3984 work_thread.hpp:120]  [T-Work-Detect_0] Valid piece: gid = 0
I1014 10:37:14.486711  3984 work_thread.hpp:92]  [T-Work-Detect_0] Push to split queue:recog
I1014 10:37:14.486757  3985 work_thread.hpp:81]  [T-Work-Recog_0] Run work: WorkCapture
I1014 10:37:14.486757  3987 thread_intergrate.hpp:78] [T-Intergrate-intergrate] queue: frame output frame :135
I1014 10:37:14.486798  3987 thread_intergrate.hpp:85] [T-Intergrate-intergrate] queue: compare output face:0
I1014 10:37:14.486815  3987 thread_intergrate.hpp:134] T-Intergrate-intergrate set matched face: 0
I1014 10:37:14.487416  3985 work_thread.hpp:81]  [T-Work-Recog_0] Run work: WorkRecog
I1014 10:37:14.487463  3985 work_recog.hpp:89] Face id: 0 will run recog: bbox [157 x 204 from (253, 134)] quality: 0.464612
I1014 10:37:14.487494  3985 work_recog.hpp:96] Recog pair: [232 x 272 from (216, 88)], [157 x 204 from (37, 46)]
I1014 10:37:14.487982  3987 thread_intergrate.hpp:154] T-Intergrate-intergrate Show face :0, size :640 * 360
I1014 10:37:14.488507  3983 demo_inner.hpp:435] thread [SORT-0]  frame id 135 sorting queue size 4   FPS: 29.3976
I1014 10:37:14.505473  3985 work_thread.hpp:81]  [T-Work-Recog_0] Run work: WorkCompare
I1014 10:37:14.505587  3985 work_compare.cpp:76] Compare face: 0 successed, similarity :0.969163, name : images/thanglmb.jpg, normal size : 640 * 360!
I1014 10:37:14.509697  3981 demo_inner.hpp:177] decode queue size 0
I1014 10:37:14.509829  3984 work_thread.hpp:81]  [T-Work-Detect_0] Run work: WorkDetect
I1014 10:37:14.509867  3984 work_detect.cpp:102] Succeeded to add det start for frame 136
I1014 10:37:14.516736  3984 work_detect.cpp:70] Frame :136 detect result :1 face(s)
I1014 10:37:14.516856  3984 work_detect.cpp:86] Detected bbox: [155 x 206 from (255, 132)]
I1014 10:37:14.516901  3984 work_detect.cpp:120] Succeeded to add det end for frame 136
I1014 10:37:14.516916  3984 work_thread.hpp:81]  [T-Work-Detect_0] Run work: WrokTrack
I1014 10:37:14.516942  3984 work_track.cpp:82] Frame: 136 build input_characts: [0.242188 x 0.572222 from (0.398438, 0.366667)], 1.00019, 0
I1014 10:37:14.516996  3984 work_track.cpp:102] Succeeded to set track lock for frame 136
I1014 10:37:14.517038  3984 work_track.cpp:116] Succeeded to release track lock for frame 136
I1014 10:37:14.517052  3984 work_track.cpp:120] Track results of frame 136: 1 objects input, 1 objects tracked!
I1014 10:37:14.517069  3984 work_track.cpp:148] Frame: 136, track bbox: [155 x 206 from (254.39, 132.412)], gid: 0, lid: 0
I1014 10:37:14.517105  3984 work_thread.hpp:88]  [T-Work-Detect_0] Frame :136 split
I1014 10:37:14.517123  3984 work_thread.hpp:120]  [T-Work-Detect_0] Valid piece: gid = 0
I1014 10:37:14.517141  3984 work_thread.hpp:92]  [T-Work-Detect_0] Push to split queue:recog
I1014 10:37:14.517190  3986 work_thread.hpp:81]  [T-Work-Recog_1] Run work: WorkCapture
I1014 10:37:14.517484  3987 thread_intergrate.hpp:78] [T-Intergrate-intergrate] queue: frame output frame :136
I1014 10:37:14.517511  3987 thread_intergrate.hpp:85] [T-Intergrate-intergrate] queue: compare output face:0
I1014 10:37:14.517529  3987 thread_intergrate.hpp:134] T-Intergrate-intergrate set matched face: 0
I1014 10:37:14.517946  3986 work_thread.hpp:81]  [T-Work-Recog_1] Run work: WorkRecog
I1014 10:37:14.517971  3986 work_recog.hpp:89] Face id: 0 will run recog: bbox [155 x 206 from (255, 132)] quality: 0.445279
I1014 10:37:14.517998  3986 work_recog.hpp:96] Recog pair: [224 x 272 from (224, 88)], [155 x 206 from (31, 44)]
I1014 10:37:14.518694  3987 thread_intergrate.hpp:154] T-Intergrate-intergrate Show face :0, size :640 * 360
I1014 10:37:14.519209  3983 demo_inner.hpp:435] thread [SORT-0]  frame id 136 sorting queue size 5   FPS: 29.4544
I1014 10:37:14.535521  3986 work_thread.hpp:81]  [T-Work-Recog_1] Run work: WorkCompare
I1014 10:37:14.535621  3986 work_compare.cpp:76] Compare face: 0 successed, similarity :0.961634, name : images/thanglmb.jpg, normal size : 640 * 360!
I1014 10:37:14.545452  3981 demo_inner.hpp:177] decode queue size 0
I1014 10:37:14.545568  3984 work_thread.hpp:81]  [T-Work-Detect_0] Run work: WorkDetect
I1014 10:37:14.545606  3984 work_detect.cpp:102] Succeeded to add det start for frame 137
I1014 10:37:14.552495  3984 work_detect.cpp:70] Frame :137 detect result :1 face(s)
I1014 10:37:14.552539  3984 work_detect.cpp:86] Detected bbox: [155 x 203 from (255, 133)]
I1014 10:37:14.552583  3984 work_detect.cpp:120] Succeeded to add det end for frame 137
I1014 10:37:14.552599  3984 work_thread.hpp:81]  [T-Work-Detect_0] Run work: WrokTrack
I1014 10:37:14.552624  3984 work_track.cpp:82] Frame: 137 build input_characts: [0.242188 x 0.563889 from (0.398438, 0.369444)], 1.00019, 0
I1014 10:37:14.552680  3984 work_track.cpp:102] Succeeded to set track lock for frame 137
I1014 10:37:14.552721  3984 work_track.cpp:116] Succeeded to release track lock for frame 137
I1014 10:37:14.552736  3984 work_track.cpp:120] Track results of frame 137: 1 objects input, 1 objects tracked!
I1014 10:37:14.552753  3984 work_track.cpp:148] Frame: 137, track bbox: [155 x 203 from (254.626, 133.91)], gid: 0, lid: 0
I1014 10:37:14.552789  3984 work_thread.hpp:88]  [T-Work-Detect_0] Frame :137 split
I1014 10:37:14.552808  3984 work_thread.hpp:120]  [T-Work-Detect_0] Valid piece: gid = 0
I1014 10:37:14.552825  3984 work_thread.hpp:92]  [T-Work-Detect_0] Push to split queue:recog
I1014 10:37:14.552871  3987 thread_intergrate.hpp:78] [T-Intergrate-intergrate] queue: frame output frame :137
I1014 10:37:14.552877  3985 work_thread.hpp:81]  [T-Work-Recog_0] Run work: WorkCapture
I1014 10:37:14.552898  3987 thread_intergrate.hpp:85] [T-Intergrate-intergrate] queue: compare output face:0
I1014 10:37:14.552917  3987 thread_intergrate.hpp:134] T-Intergrate-intergrate set matched face: 0
I1014 10:37:14.553561  3985 work_thread.hpp:81]  [T-Work-Recog_0] Run work: WorkRecog
I1014 10:37:14.553587  3985 work_recog.hpp:89] Face id: 0 will run recog: bbox [155 x 203 from (255, 133)] quality: 0.455914
I1014 10:37:14.553750  3985 work_recog.hpp:96] Recog pair: [224 x 272 from (224, 88)], [155 x 203 from (31, 45)]
I1014 10:37:14.554160  3987 thread_intergrate.hpp:154] T-Intergrate-intergrate Show face :0, size :640 * 360
I1014 10:37:14.554733  3983 demo_inner.hpp:435] thread [SORT-0]  frame id 137 sorting queue size 6   FPS: 29.4686
I1014 10:37:14.571805  3985 work_thread.hpp:81]  [T-Work-Recog_0] Run work: WorkCompare
I1014 10:37:14.571943  3985 work_compare.cpp:76] Compare face: 0 successed, similarity :0.969585, name : images/thanglmb.jpg, normal size : 640 * 360!
I1014 10:37:14.575637  3981 demo_inner.hpp:177] decode queue size 0
I1014 10:37:14.575747  3984 work_thread.hpp:81]  [T-Work-Detect_0] Run work: WorkDetect
I1014 10:37:14.575783  3984 work_detect.cpp:102] Succeeded to add det start for frame 138
I1014 10:37:14.582564  3984 work_detect.cpp:70] Frame :138 detect result :1 face(s)
I1014 10:37:14.582607  3984 work_detect.cpp:86] Detected bbox: [153 x 203 from (255, 134)]
I1014 10:37:14.582649  3984 work_detect.cpp:120] Succeeded to add det end for frame 138
I1014 10:37:14.582666  3984 work_thread.hpp:81]  [T-Work-Detect_0] Run work: WrokTrack
I1014 10:37:14.582691  3984 work_track.cpp:82] Frame: 138 build input_characts: [0.239063 x 0.563889 from (0.398438, 0.372222)], 0.998877, 0
I1014 10:37:14.582746  3984 work_track.cpp:102] Succeeded to set track lock for frame 138
I1014 10:37:14.582785  3984 work_track.cpp:116] Succeeded to release track lock for frame 138
I1014 10:37:14.582800  3984 work_track.cpp:120] Track results of frame 138: 1 objects input, 1 objects tracked!
I1014 10:37:14.582818  3984 work_track.cpp:148] Frame: 138, track bbox: [153 x 203 from (255.534, 134.02)], gid: 0, lid: 0
I1014 10:37:14.582856  3984 work_thread.hpp:88]  [T-Work-Detect_0] Frame :138 split
I1014 10:37:14.582875  3984 work_thread.hpp:120]  [T-Work-Detect_0] Valid piece: gid = 0
I1014 10:37:14.582892  3984 work_thread.hpp:92]  [T-Work-Detect_0] Push to split queue:recog
I1014 10:37:14.582937  3986 work_thread.hpp:81]  [T-Work-Recog_1] Run work: WorkCapture
I1014 10:37:14.582937  3987 thread_intergrate.hpp:78] [T-Intergrate-intergrate] queue: frame output frame :138
I1014 10:37:14.582984  3987 thread_intergrate.hpp:85] [T-Intergrate-intergrate] queue: compare output face:0
I1014 10:37:14.583003  3987 thread_intergrate.hpp:134] T-Intergrate-intergrate set matched face: 0
I1014 10:37:14.583725  3986 work_thread.hpp:81]  [T-Work-Recog_1] Run work: WorkRecog
I1014 10:37:14.583751  3986 work_recog.hpp:89] Face id: 0 will run recog: bbox [153 x 203 from (255, 134)] quality: 0.445279
I1014 10:37:14.583781  3986 work_recog.hpp:96] Recog pair: [216 x 272 from (224, 88)], [153 x 203 from (31, 46)]
I1014 10:37:14.584206  3987 thread_intergrate.hpp:154] T-Intergrate-intergrate Show face :0, size :640 * 360
I1014 10:37:14.584708  3983 demo_inner.hpp:435] thread [SORT-0]  frame id 138 sorting queue size 7   FPS: 29.4828
I1014 10:37:14.601783  3986 work_thread.hpp:81]  [T-Work-Recog_1] Run work: WorkCompare
I1014 10:37:14.601908  3986 work_compare.cpp:76] Compare face: 0 successed, similarity :0.964641, name : images/thanglmb.jpg, normal size : 640 * 360!
I1014 10:37:14.611377  3981 demo_inner.hpp:177] decode queue size 0
I1014 10:37:14.611490  3984 work_thread.hpp:81]  [T-Work-Detect_0] Run work: WorkDetect
I1014 10:37:14.611524  3984 work_detect.cpp:102] Succeeded to add det start for frame 139
I1014 10:37:14.618363  3984 work_detect.cpp:70] Frame :139 detect result :1 face(s)
I1014 10:37:14.618410  3984 work_detect.cpp:86] Detected bbox: [154 x 204 from (253, 134)]
I1014 10:37:14.618451  3984 work_detect.cpp:120] Succeeded to add det end for frame 139
I1014 10:37:14.618468  3984 work_thread.hpp:81]  [T-Work-Detect_0] Run work: WrokTrack
I1014 10:37:14.618492  3984 work_track.cpp:82] Frame: 139 build input_characts: [0.240625 x 0.566667 from (0.395312, 0.372222)], 1.00019, 0
I1014 10:37:14.618623  3984 work_track.cpp:102] Succeeded to set track lock for frame 139
I1014 10:37:14.618664  3984 work_track.cpp:116] Succeeded to release track lock for frame 139
I1014 10:37:14.618680  3984 work_track.cpp:120] Track results of frame 139: 1 objects input, 1 objects tracked!
I1014 10:37:14.618696  3984 work_track.cpp:148] Frame: 139, track bbox: [154 x 204 from (253.915, 133.485)], gid: 0, lid: 0
I1014 10:37:14.618732  3984 work_thread.hpp:88]  [T-Work-Detect_0] Frame :139 split
I1014 10:37:14.618750  3984 work_thread.hpp:120]  [T-Work-Detect_0] Valid piece: gid = 0
I1014 10:37:14.618768  3984 work_thread.hpp:92]  [T-Work-Detect_0] Push to split queue:recog
I1014 10:37:14.618814  3987 thread_intergrate.hpp:78] [T-Intergrate-intergrate] queue: frame output frame :139
I1014 10:37:14.618814  3986 work_thread.hpp:81]  [T-Work-Recog_1] Run work: WorkCapture
I1014 10:37:14.618842  3987 thread_intergrate.hpp:85] [T-Intergrate-intergrate] queue: compare output face:0
I1014 10:37:14.618861  3987 thread_intergrate.hpp:134] T-Intergrate-intergrate set matched face: 0
I1014 10:37:14.619557  3986 work_thread.hpp:81]  [T-Work-Recog_1] Run work: WorkRecog
I1014 10:37:14.619583  3986 work_recog.hpp:89] Face id: 0 will run recog: bbox [154 x 204 from (253, 134)] quality: 0.456042
I1014 10:37:14.619755  3986 work_recog.hpp:96] Recog pair: [224 x 272 from (216, 88)], [154 x 204 from (37, 46)]
I1014 10:37:14.620033  3987 thread_intergrate.hpp:154] T-Intergrate-intergrate Show face :0, size :640 * 360
I1014 10:37:14.620558  3983 demo_inner.hpp:435] thread [SORT-0]  frame id 139 sorting queue size 8   FPS: 29.4828
I1014 10:37:14.637784  3986 work_thread.hpp:81]  [T-Work-Recog_1] Run work: WorkCompare
I1014 10:37:14.637917  3986 work_compare.cpp:76] Compare face: 0 successed, similarity :0.952737, name : images/thanglmb.jpg, normal size : 640 * 360!
I1014 10:37:14.641670  3981 demo_inner.hpp:177] decode queue size 0
I1014 10:37:14.641779  3984 work_thread.hpp:81]  [T-Work-Detect_0] Run work: WorkDetect
I1014 10:37:14.641814  3984 work_detect.cpp:102] Succeeded to add det start for frame 140
I1014 10:37:14.648689  3984 work_detect.cpp:70] Frame :140 detect result :1 face(s)
I1014 10:37:14.648735  3984 work_detect.cpp:86] Detected bbox: [155 x 204 from (252, 136)]
I1014 10:37:14.648777  3984 work_detect.cpp:120] Succeeded to add det end for frame 140
I1014 10:37:14.648793  3984 work_thread.hpp:81]  [T-Work-Detect_0] Run work: WrokTrack
I1014 10:37:14.648818  3984 work_track.cpp:82] Frame: 140 build input_characts: [0.242188 x 0.566667 from (0.39375, 0.377778)], 1.00019, 0
I1014 10:37:14.648872  3984 work_track.cpp:102] Succeeded to set track lock for frame 140
I1014 10:37:14.648912  3984 work_track.cpp:116] Succeeded to release track lock for frame 140
I1014 10:37:14.648926  3984 work_track.cpp:120] Track results of frame 140: 1 objects input, 1 objects tracked!
I1014 10:37:14.648943  3984 work_track.cpp:148] Frame: 140, track bbox: [155 x 204 from (252.466, 134.84)], gid: 0, lid: 0
I1014 10:37:14.648979  3984 work_thread.hpp:88]  [T-Work-Detect_0] Frame :140 split
I1014 10:37:14.648998  3984 work_thread.hpp:120]  [T-Work-Detect_0] Valid piece: gid = 0
I1014 10:37:14.649015  3984 work_thread.hpp:92]  [T-Work-Detect_0] Push to split queue:recog
I1014 10:37:14.649068  3987 thread_intergrate.hpp:78] [T-Intergrate-intergrate] queue: frame output frame :140
I1014 10:37:14.649078  3985 work_thread.hpp:81]  [T-Work-Recog_0] Run work: WorkCapture
I1014 10:37:14.649098  3987 thread_intergrate.hpp:85] [T-Intergrate-intergrate] queue: compare output face:0
I1014 10:37:14.649117  3987 thread_intergrate.hpp:134] T-Intergrate-intergrate set matched face: 0
I1014 10:37:14.649791  3985 work_thread.hpp:81]  [T-Work-Recog_0] Run work: WorkRecog
I1014 10:37:14.649814  3985 work_recog.hpp:89] Face id: 0 will run recog: bbox [155 x 204 from (252, 136)] quality: 0.455768
I1014 10:37:14.649844  3985 work_recog.hpp:96] Recog pair: [224 x 264 from (216, 96)], [155 x 204 from (36, 40)]
I1014 10:37:14.650292  3987 thread_intergrate.hpp:154] T-Intergrate-intergrate Show face :0, size :640 * 360
I1014 10:37:14.650861  3983 demo_inner.hpp:435] thread [SORT-0]  frame id 140 sorting queue size 9   FPS: 29.4686
I1014 10:37:14.668026  3985 work_thread.hpp:81]  [T-Work-Recog_0] Run work: WorkCompare
I1014 10:37:14.668186  3985 work_compare.cpp:76] Compare face: 0 successed, similarity :0.96936, name : images/thanglmb.jpg, normal size : 640 * 360!
I1014 10:37:14.677469  3981 demo_inner.hpp:177] decode queue size 0
I1014 10:37:14.677585  3984 work_thread.hpp:81]  [T-Work-Detect_0] Run work: WorkDetect
I1014 10:37:14.677620  3984 work_detect.cpp:102] Succeeded to add det start for frame 141
I1014 10:37:14.684468  3984 work_detect.cpp:70] Frame :141 detect result :1 face(s)
I1014 10:37:14.684514  3984 work_detect.cpp:86] Detected bbox: [157 x 209 from (251, 135)]
I1014 10:37:14.684556  3984 work_detect.cpp:120] Succeeded to add det end for frame 141
I1014 10:37:14.684573  3984 work_thread.hpp:81]  [T-Work-Detect_0] Run work: WrokTrack
I1014 10:37:14.684598  3984 work_track.cpp:82] Frame: 141 build input_characts: [0.245312 x 0.580556 from (0.392188, 0.375)], 1.00019, 0
I1014 10:37:14.684653  3984 work_track.cpp:102] Succeeded to set track lock for frame 141
I1014 10:37:14.684693  3984 work_track.cpp:116] Succeeded to release track lock for frame 141
I1014 10:37:14.684708  3984 work_track.cpp:120] Track results of frame 141: 1 objects input, 1 objects tracked!
I1014 10:37:14.684727  3984 work_track.cpp:148] Frame: 141, track bbox: [157 x 209 from (250.634, 134.316)], gid: 0, lid: 0
I1014 10:37:14.684762  3984 work_thread.hpp:88]  [T-Work-Detect_0] Frame :141 split
I1014 10:37:14.684779  3984 work_thread.hpp:120]  [T-Work-Detect_0] Valid piece: gid = 0
I1014 10:37:14.684798  3984 work_thread.hpp:92]  [T-Work-Detect_0] Push to split queue:recog
I1014 10:37:14.684849  3987 thread_intergrate.hpp:78] [T-Intergrate-intergrate] queue: frame output frame :141
I1014 10:37:14.684852  3986 work_thread.hpp:81]  [T-Work-Recog_1] Run work: WorkCapture
I1014 10:37:14.684886  3987 thread_intergrate.hpp:85] [T-Intergrate-intergrate] queue: compare output face:0
I1014 10:37:14.684906  3987 thread_intergrate.hpp:134] T-Intergrate-intergrate set matched face: 0
I1014 10:37:14.685534  3986 work_thread.hpp:81]  [T-Work-Recog_1] Run work: WorkRecog
I1014 10:37:14.685565  3986 work_recog.hpp:89] Face id: 0 will run recog: bbox [157 x 209 from (251, 135)] quality: 0.455604
I1014 10:37:14.685596  3986 work_recog.hpp:96] Recog pair: [224 x 272 from (216, 88)], [157 x 209 from (35, 47)]
I1014 10:37:14.686075  3987 thread_intergrate.hpp:154] T-Intergrate-intergrate Show face :0, size :640 * 360
I1014 10:37:14.686597  3983 demo_inner.hpp:435] thread [SORT-0]  frame id 141 sorting queue size 10   FPS: 29.4828
I1014 10:37:14.703826  3986 work_thread.hpp:81]  [T-Work-Recog_1] Run work: WorkCompare
I1014 10:37:14.703953  3986 work_compare.cpp:76] Compare face: 0 successed, similarity :0.967444, name : images/thanglmb.jpg, normal size : 640 * 360!
I1014 10:37:14.707659  3981 demo_inner.hpp:177] decode queue size 0
I1014 10:37:14.707767  3984 work_thread.hpp:81]  [T-Work-Detect_0] Run work: WorkDetect
I1014 10:37:14.707804  3984 work_detect.cpp:102] Succeeded to add det start for frame 142
I1014 10:37:14.714613  3984 work_detect.cpp:70] Frame :142 detect result :1 face(s)
I1014 10:37:14.714661  3984 work_detect.cpp:86] Detected bbox: [155 x 202 from (252, 135)]
I1014 10:37:14.714704  3984 work_detect.cpp:120] Succeeded to add det end for frame 142
I1014 10:37:14.714721  3984 work_thread.hpp:81]  [T-Work-Detect_0] Run work: WrokTrack
I1014 10:37:14.714746  3984 work_track.cpp:82] Frame: 142 build input_characts: [0.242188 x 0.561111 from (0.39375, 0.375)], 1.00019, 0
I1014 10:37:14.714800  3984 work_track.cpp:102] Succeeded to set track lock for frame 142
I1014 10:37:14.714840  3984 work_track.cpp:116] Succeeded to release track lock for frame 142
I1014 10:37:14.714855  3984 work_track.cpp:120] Track results of frame 142: 1 objects input, 1 objects tracked!
I1014 10:37:14.714946  3984 work_track.cpp:148] Frame: 142, track bbox: [155 x 202 from (251.43, 137.137)], gid: 0, lid: 0
I1014 10:37:14.714984  3984 work_thread.hpp:88]  [T-Work-Detect_0] Frame :142 split
I1014 10:37:14.715003  3984 work_thread.hpp:120]  [T-Work-Detect_0] Valid piece: gid = 0
I1014 10:37:14.715021  3984 work_thread.hpp:92]  [T-Work-Detect_0] Push to split queue:recog
I1014 10:37:14.715070  3985 work_thread.hpp:81]  [T-Work-Recog_0] Run work: WorkCapture
I1014 10:37:14.715368  3987 thread_intergrate.hpp:78] [T-Intergrate-intergrate] queue: frame output frame :142
I1014 10:37:14.715394  3987 thread_intergrate.hpp:85] [T-Intergrate-intergrate] queue: compare output face:0
I1014 10:37:14.715411  3987 thread_intergrate.hpp:134] T-Intergrate-intergrate set matched face: 0
I1014 10:37:14.715633  3985 work_thread.hpp:81]  [T-Work-Recog_0] Run work: WorkRecog
I1014 10:37:14.715657  3985 work_recog.hpp:89] Face id: 0 will run recog: bbox [155 x 202 from (252, 135)] quality: 0.450956
I1014 10:37:14.715684  3985 work_recog.hpp:96] Recog pair: [224 x 272 from (216, 88)], [155 x 202 from (36, 47)]
I1014 10:37:14.716600  3987 thread_intergrate.hpp:154] T-Intergrate-intergrate Show face :0, size :640 * 360
I1014 10:37:14.733319  3985 work_thread.hpp:81]  [T-Work-Recog_0] Run work: WorkCompare
I1014 10:37:14.733424  3985 work_compare.cpp:76] Compare face: 0 successed, similarity :0.96851, name : images/thanglmb.jpg, normal size : 640 * 360!
I1014 10:37:14.743399  3981 demo_inner.hpp:177] decode queue size 0
I1014 10:37:14.743521  3984 work_thread.hpp:81]  [T-Work-Detect_0] Run work: WorkDetect
I1014 10:37:14.743588  3984 work_detect.cpp:102] Succeeded to add det start for frame 143
I1014 10:37:14.750416  3984 work_detect.cpp:70] Frame :143 detect result :1 face(s)
I1014 10:37:14.750458  3984 work_detect.cpp:86] Detected bbox: [159 x 208 from (249, 131)]
I1014 10:37:14.750501  3984 work_detect.cpp:120] Succeeded to add det end for frame 143
I1014 10:37:14.750519  3984 work_thread.hpp:81]  [T-Work-Detect_0] Run work: WrokTrack
I1014 10:37:14.750543  3984 work_track.cpp:82] Frame: 143 build input_characts: [0.248437 x 0.577778 from (0.389062, 0.363889)], 0.999622, 0
I1014 10:37:14.750598  3984 work_track.cpp:102] Succeeded to set track lock for frame 143
I1014 10:37:14.750639  3984 work_track.cpp:116] Succeeded to release track lock for frame 143
I1014 10:37:14.750654  3984 work_track.cpp:120] Track results of frame 143: 1 objects input, 1 objects tracked!
I1014 10:37:14.750671  3984 work_track.cpp:148] Frame: 143, track bbox: [159 x 208 from (249.119, 132.619)], gid: 0, lid: 0
I1014 10:37:14.750708  3984 work_thread.hpp:88]  [T-Work-Detect_0] Frame :143 split
I1014 10:37:14.750726  3984 work_thread.hpp:120]  [T-Work-Detect_0] Valid piece: gid = 0
I1014 10:37:14.750744  3984 work_thread.hpp:92]  [T-Work-Detect_0] Push to split queue:recog
I1014 10:37:14.750794  3985 work_thread.hpp:81]  [T-Work-Recog_0] Run work: WorkCapture
I1014 10:37:14.751087  3987 thread_intergrate.hpp:78] [T-Intergrate-intergrate] queue: frame output frame :143
I1014 10:37:14.751113  3987 thread_intergrate.hpp:85] [T-Intergrate-intergrate] queue: compare output face:0
I1014 10:37:14.751132  3987 thread_intergrate.hpp:134] T-Intergrate-intergrate set matched face: 0
I1014 10:37:14.751338  3985 work_thread.hpp:81]  [T-Work-Recog_0] Run work: WorkRecog
I1014 10:37:14.751361  3985 work_recog.hpp:89] Face id: 0 will run recog: bbox [159 x 208 from (249, 131)] quality: 0.450956
I1014 10:37:14.751389  3985 work_recog.hpp:96] Recog pair: [224 x 272 from (216, 88)], [159 x 208 from (33, 43)]
I1014 10:37:14.752321  3987 thread_intergrate.hpp:154] T-Intergrate-intergrate Show face :0, size :640 * 360
I1014 10:37:14.769038  3985 work_thread.hpp:81]  [T-Work-Recog_0] Run work: WorkCompare
I1014 10:37:14.769137  3985 work_compare.cpp:76] Compare face: 0 successed, similarity :0.959217, name : images/thanglmb.jpg, normal size : 640 * 360!
I1014 10:37:14.776919  3979 demo_inner.hpp:131] thread [DedodeThread-0] is stopped.
I1014 10:37:14.777007  3979 demo_inner.hpp:131] thread [GUIThread] is stopped.
I1014 10:37:14.777108  3979 demo_inner.hpp:131] thread [SORT-0] is stopped.
I1014 10:37:14.777127  3979 demo_inner.hpp:131] thread [T-Work-Detect_0] is stopped.
I1014 10:37:14.777143  3979 demo_inner.hpp:131] thread [T-Work-Recog_0] is stopped.
I1014 10:37:14.777156  3979 demo_inner.hpp:131] thread [T-Work-Recog_1] is stopped.
I1014 10:37:14.777169  3979 demo_inner.hpp:131] thread [T-Intergrate-intergrate] is stopped.
I1014 10:37:14.779300  3985 demo_inner.hpp:108] thread [T-Work-Recog_0] is ended
I1014 10:37:14.779392  3981 demo_inner.hpp:177] decode queue size 0
I1014 10:37:14.779439  3981 demo_inner.hpp:108] thread [DedodeThread-0] is ended
I1014 10:37:14.779584  3984 work_thread.hpp:81]  [T-Work-Detect_0] Run work: WorkDetect
I1014 10:37:14.779615  3984 work_detect.cpp:102] Succeeded to add det start for frame 144
I1014 10:37:14.782675  3987 demo_inner.hpp:108] thread [T-Intergrate-intergrate] is ended
I1014 10:37:14.784648  3986 demo_inner.hpp:108] thread [T-Work-Recog_1] is ended
I1014 10:37:14.786415  3984 work_detect.cpp:70] Frame :144 detect result :1 face(s)
I1014 10:37:14.786437  3984 work_detect.cpp:86] Detected bbox: [158 x 207 from (250, 133)]
I1014 10:37:14.786479  3984 work_detect.cpp:120] Succeeded to add det end for frame 144
I1014 10:37:14.786496  3984 work_thread.hpp:81]  [T-Work-Detect_0] Run work: WrokTrack
I1014 10:37:14.786518  3984 work_track.cpp:82] Frame: 144 build input_characts: [0.246875 x 0.575 from (0.390625, 0.369444)], 1.00019, 0
I1014 10:37:14.786574  3984 work_track.cpp:102] Succeeded to set track lock for frame 144
I1014 10:37:14.786615  3984 work_track.cpp:116] Succeeded to release track lock for frame 144
I1014 10:37:14.786630  3984 work_track.cpp:120] Track results of frame 144: 1 objects input, 1 objects tracked!
I1014 10:37:14.786648  3984 work_track.cpp:148] Frame: 144, track bbox: [158 x 207 from (249.795, 132.631)], gid: 0, lid: 0
I1014 10:37:14.786685  3984 work_thread.hpp:88]  [T-Work-Detect_0] Frame :144 split
I1014 10:37:14.786702  3984 work_thread.hpp:120]  [T-Work-Detect_0] Valid piece: gid = 0
I1014 10:37:14.786720  3984 work_thread.hpp:92]  [T-Work-Detect_0] Push to split queue:recog
I1014 10:37:14.786746  3984 demo_inner.hpp:108] thread [T-Work-Detect_0] is ended
I1014 10:37:14.944864  3979 demo_inner.hpp:131] thread [DedodeThread-0] is stopped.
I1014 10:37:14.944959  3979 demo_inner.hpp:131] thread [GUIThread] is stopped.
I1014 10:37:14.944977  3979 demo_inner.hpp:131] thread [SORT-0] is stopped.
I1014 10:37:14.944993  3979 demo_inner.hpp:131] thread [T-Work-Detect_0] is stopped.
I1014 10:37:14.945006  3979 demo_inner.hpp:131] thread [T-Work-Recog_0] is stopped.
I1014 10:37:14.945020  3979 demo_inner.hpp:131] thread [T-Work-Recog_1] is stopped.
I1014 10:37:14.945034  3979 demo_inner.hpp:131] thread [T-Intergrate-intergrate] is stopped.
I1014 10:37:15.119505  3982 demo_inner.hpp:108] thread [GUIThread] is ended
I1014 10:37:15.119783  3979 demo_inner.hpp:131] thread [DedodeThread-0] is stopped.
I1014 10:37:15.119820  3979 demo_inner.hpp:131] thread [GUIThread] is stopped.
I1014 10:37:15.119837  3979 demo_inner.hpp:131] thread [SORT-0] is stopped.
I1014 10:37:15.119850  3979 demo_inner.hpp:131] thread [T-Work-Detect_0] is stopped.
I1014 10:37:15.119865  3979 demo_inner.hpp:131] thread [T-Work-Recog_0] is stopped.
I1014 10:37:15.119879  3979 demo_inner.hpp:131] thread [T-Work-Recog_1] is stopped.
I1014 10:37:15.119892  3979 demo_inner.hpp:131] thread [T-Intergrate-intergrate] is stopped.
I1014 10:37:15.119910  3979 demo_inner.hpp:137] waiting for [DedodeThread-0] ended
I1014 10:37:15.119930  3979 demo_inner.hpp:137] waiting for [SORT-0] ended
I1014 10:37:15.129051  3979 demo_inner.hpp:131] thread [DedodeThread-0] is stopped.
I1014 10:37:15.129072  3979 demo_inner.hpp:131] thread [GUIThread] is stopped.
I1014 10:37:15.129087  3979 demo_inner.hpp:131] thread [SORT-0] is stopped.
I1014 10:37:15.129101  3979 demo_inner.hpp:131] thread [T-Work-Detect_0] is stopped.
I1014 10:37:15.129115  3979 demo_inner.hpp:131] thread [T-Work-Recog_0] is stopped.
I1014 10:37:15.129209  3979 demo_inner.hpp:131] thread [T-Work-Recog_1] is stopped.
I1014 10:37:15.129226  3979 demo_inner.hpp:131] thread [T-Intergrate-intergrate] is stopped.
I1014 10:37:15.186717  3983 demo_inner.hpp:108] thread [SORT-0] is ended
I1014 10:37:15.186779  3979 demo_inner.hpp:137] waiting for [T-Work-Detect_0] ended
I1014 10:37:15.186800  3979 demo_inner.hpp:137] waiting for [T-Work-Recog_0] ended
I1014 10:37:15.186900  3979 demo_inner.hpp:137] waiting for [T-Work-Recog_1] ended
I1014 10:37:15.186934  3979 demo_inner.hpp:137] waiting for [T-Intergrate-intergrate] ended
I1014 10:37:15.207495  3979 test_video_face_recog_multi.cpp:178] BYEBYE
