I1014 14:12:42.655254  7469 work_detect.cpp:70] Frame :208 detect result :1 face(s)
W1014 14:12:42.655293  7469 work_detect.cpp:83] Invalid bbox: [163 x 203 from (240, 165)]
I1014 14:12:42.655391  7469 work_detect.cpp:120] Succeeded to add det end for frame 208
I1014 14:12:42.655409  7469 work_thread.hpp:81]  [T-Work-Detect_0] Run work: WrokTrack
I1014 14:12:42.655436  7469 work_track.cpp:102] Succeeded to set track lock for frame 208
I1014 14:12:42.655462  7469 work_track.cpp:116] Succeeded to release track lock for frame 208
I1014 14:12:42.655475  7469 work_track.cpp:120] Track results of frame 208: 0 objects input, 0 objects tracked!
I1014 14:12:42.655494  7469 work_thread.hpp:87]  [T-Work-Detect_0] Frame :208 split
I1014 14:12:42.655540  7472 thread_intergrate.hpp:78] [T-Intergrate-intergrate] queue: frame output frame :208
I1014 14:12:42.656628  7472 thread_intergrate.hpp:157] T-Intergrate-intergrate Show face :1, size :640 * 360
I1014 14:12:42.657204  7468 demo_inner.hpp:435] thread [SORT-0]  frame id 208 sorting queue size 2   FPS: 16.6626
I1014 14:12:42.708531  7466 demo_inner.hpp:177] decode queue size 0
I1014 14:12:42.708708  7469 work_thread.hpp:81]  [T-Work-Detect_0] Run work: WorkDetect
I1014 14:12:42.708742  7469 work_detect.cpp:102] Succeeded to add det start for frame 209
I1014 14:12:42.715303  7469 work_detect.cpp:70] Frame :209 detect result :1 face(s)
W1014 14:12:42.715350  7469 work_detect.cpp:83] Invalid bbox: [164 x 202 from (240, 166)]
I1014 14:12:42.715471  7469 work_detect.cpp:120] Succeeded to add det end for frame 209
I1014 14:12:42.715490  7469 work_thread.hpp:81]  [T-Work-Detect_0] Run work: WrokTrack
I1014 14:12:42.715517  7469 work_track.cpp:102] Succeeded to set track lock for frame 209
I1014 14:12:42.715543  7469 work_track.cpp:116] Succeeded to release track lock for frame 209
I1014 14:12:42.715557  7469 work_track.cpp:120] Track results of frame 209: 0 objects input, 0 objects tracked!
I1014 14:12:42.715575  7469 work_thread.hpp:87]  [T-Work-Detect_0] Frame :209 split
I1014 14:12:42.715622  7472 thread_intergrate.hpp:78] [T-Intergrate-intergrate] queue: frame output frame :209
I1014 14:12:42.716709  7472 thread_intergrate.hpp:157] T-Intergrate-intergrate Show face :1, size :640 * 360
I1014 14:12:42.717211  7468 demo_inner.hpp:435] thread [SORT-0]  frame id 209 sorting queue size 3   FPS: 16.6708
I1014 14:12:42.768690  7466 demo_inner.hpp:177] decode queue size 0
I1014 14:12:42.768795  7469 work_thread.hpp:81]  [T-Work-Detect_0] Run work: WorkDetect
I1014 14:12:42.768828  7469 work_detect.cpp:102] Succeeded to add det start for frame 210
I1014 14:12:42.775351  7469 work_detect.cpp:70] Frame :210 detect result :1 face(s)
W1014 14:12:42.775393  7469 work_detect.cpp:83] Invalid bbox: [166 x 204 from (238, 165)]
I1014 14:12:42.775563  7469 work_detect.cpp:120] Succeeded to add det end for frame 210
I1014 14:12:42.775581  7469 work_thread.hpp:81]  [T-Work-Detect_0] Run work: WrokTrack
I1014 14:12:42.775609  7469 work_track.cpp:102] Succeeded to set track lock for frame 210
I1014 14:12:42.775635  7469 work_track.cpp:116] Succeeded to release track lock for frame 210
I1014 14:12:42.775650  7469 work_track.cpp:120] Track results of frame 210: 0 objects input, 0 objects tracked!
I1014 14:12:42.775668  7469 work_thread.hpp:87]  [T-Work-Detect_0] Frame :210 split
I1014 14:12:42.775714  7472 thread_intergrate.hpp:78] [T-Intergrate-intergrate] queue: frame output frame :210
I1014 14:12:42.776803  7472 thread_intergrate.hpp:157] T-Intergrate-intergrate Show face :1, size :640 * 360
I1014 14:12:42.777426  7468 demo_inner.hpp:435] thread [SORT-0]  frame id 210 sorting queue size 4   FPS: 16.6667
I1014 14:12:42.828745  7466 demo_inner.hpp:177] decode queue size 0
I1014 14:12:42.828846  7469 work_thread.hpp:81]  [T-Work-Detect_0] Run work: WorkDetect
I1014 14:12:42.828879  7469 work_detect.cpp:102] Succeeded to add det start for frame 211
I1014 14:12:42.835394  7469 work_detect.cpp:70] Frame :211 detect result :1 face(s)
W1014 14:12:42.835438  7469 work_detect.cpp:83] Invalid bbox: [165 x 198 from (240, 168)]
I1014 14:12:42.835562  7469 work_detect.cpp:120] Succeeded to add det end for frame 211
I1014 14:12:42.835579  7469 work_thread.hpp:81]  [T-Work-Detect_0] Run work: WrokTrack
I1014 14:12:42.835605  7469 work_track.cpp:102] Succeeded to set track lock for frame 211
I1014 14:12:42.835633  7469 work_track.cpp:116] Succeeded to release track lock for frame 211
I1014 14:12:42.835646  7469 work_track.cpp:120] Track results of frame 211: 0 objects input, 0 objects tracked!
I1014 14:12:42.835665  7469 work_thread.hpp:87]  [T-Work-Detect_0] Frame :211 split
I1014 14:12:42.835708  7472 thread_intergrate.hpp:78] [T-Intergrate-intergrate] queue: frame output frame :211
I1014 14:12:42.836796  7472 thread_intergrate.hpp:157] T-Intergrate-intergrate Show face :1, size :640 * 360
I1014 14:12:42.837414  7468 demo_inner.hpp:435] thread [SORT-0]  frame id 211 sorting queue size 5   FPS: 16.6667
I1014 14:12:42.888512  7466 demo_inner.hpp:177] decode queue size 0
I1014 14:12:42.888726  7469 work_thread.hpp:81]  [T-Work-Detect_0] Run work: WorkDetect
I1014 14:12:42.888761  7469 work_detect.cpp:102] Succeeded to add det start for frame 212
I1014 14:12:42.895390  7469 work_detect.cpp:70] Frame :212 detect result :1 face(s)
W1014 14:12:42.895433  7469 work_detect.cpp:83] Invalid bbox: [167 x 203 from (239, 166)]
I1014 14:12:42.895608  7469 work_detect.cpp:120] Succeeded to add det end for frame 212
I1014 14:12:42.895627  7469 work_thread.hpp:81]  [T-Work-Detect_0] Run work: WrokTrack
I1014 14:12:42.895653  7469 work_track.cpp:102] Succeeded to set track lock for frame 212
I1014 14:12:42.895680  7469 work_track.cpp:116] Succeeded to release track lock for frame 212
I1014 14:12:42.895694  7469 work_track.cpp:120] Track results of frame 212: 0 objects input, 0 objects tracked!
I1014 14:12:42.895712  7469 work_thread.hpp:87]  [T-Work-Detect_0] Frame :212 split
I1014 14:12:42.895756  7472 thread_intergrate.hpp:78] [T-Intergrate-intergrate] queue: frame output frame :212
I1014 14:12:42.896842  7472 thread_intergrate.hpp:157] T-Intergrate-intergrate Show face :1, size :640 * 360
I1014 14:12:42.897464  7468 demo_inner.hpp:435] thread [SORT-0]  frame id 212 sorting queue size 6   FPS: 16.6667
I1014 14:12:42.948498  7466 demo_inner.hpp:177] decode queue size 0
I1014 14:12:42.948777  7469 work_thread.hpp:81]  [T-Work-Detect_0] Run work: WorkDetect
I1014 14:12:42.948812  7469 work_detect.cpp:102] Succeeded to add det start for frame 213
I1014 14:12:42.955361  7469 work_detect.cpp:70] Frame :213 detect result :1 face(s)
W1014 14:12:42.955400  7469 work_detect.cpp:83] Invalid bbox: [168 x 201 from (239, 167)]
I1014 14:12:42.955587  7469 work_detect.cpp:120] Succeeded to add det end for frame 213
I1014 14:12:42.955605  7469 work_thread.hpp:81]  [T-Work-Detect_0] Run work: WrokTrack
I1014 14:12:42.955673  7469 work_track.cpp:102] Succeeded to set track lock for frame 213
I1014 14:12:42.955701  7469 work_track.cpp:116] Succeeded to release track lock for frame 213
I1014 14:12:42.955715  7469 work_track.cpp:120] Track results of frame 213: 0 objects input, 0 objects tracked!
I1014 14:12:42.955734  7469 work_thread.hpp:87]  [T-Work-Detect_0] Frame :213 split
I1014 14:12:42.955777  7472 thread_intergrate.hpp:78] [T-Intergrate-intergrate] queue: frame output frame :213
I1014 14:12:42.956866  7472 thread_intergrate.hpp:157] T-Intergrate-intergrate Show face :1, size :640 * 360
I1014 14:12:42.957442  7468 demo_inner.hpp:435] thread [SORT-0]  frame id 213 sorting queue size 7   FPS: 16.6626
I1014 14:12:43.008692  7466 demo_inner.hpp:177] decode queue size 0
I1014 14:12:43.008831  7469 work_thread.hpp:81]  [T-Work-Detect_0] Run work: WorkDetect
I1014 14:12:43.008865  7469 work_detect.cpp:102] Succeeded to add det start for frame 214
I1014 14:12:43.015440  7469 work_detect.cpp:70] Frame :214 detect result :1 face(s)
W1014 14:12:43.015478  7469 work_detect.cpp:83] Invalid bbox: [167 x 198 from (239, 170)]
I1014 14:12:43.015602  7469 work_detect.cpp:120] Succeeded to add det end for frame 214
I1014 14:12:43.015620  7469 work_thread.hpp:81]  [T-Work-Detect_0] Run work: WrokTrack
I1014 14:12:43.015646  7469 work_track.cpp:102] Succeeded to set track lock for frame 214
I1014 14:12:43.015673  7469 work_track.cpp:116] Succeeded to release track lock for frame 214
I1014 14:12:43.015687  7469 work_track.cpp:120] Track results of frame 214: 0 objects input, 0 objects tracked!
I1014 14:12:43.015705  7469 work_thread.hpp:87]  [T-Work-Detect_0] Frame :214 split
I1014 14:12:43.015749  7472 thread_intergrate.hpp:78] [T-Intergrate-intergrate] queue: frame output frame :214
I1014 14:12:43.016837  7472 thread_intergrate.hpp:157] T-Intergrate-intergrate Show face :1, size :640 * 360
I1014 14:12:43.017397  7468 demo_inner.hpp:435] thread [SORT-0]  frame id 214 sorting queue size 8   FPS: 16.6585
I1014 14:12:43.068634  7466 demo_inner.hpp:177] decode queue size 0
I1014 14:12:43.068774  7469 work_thread.hpp:81]  [T-Work-Detect_0] Run work: WorkDetect
I1014 14:12:43.068807  7469 work_detect.cpp:102] Succeeded to add det start for frame 215
I1014 14:12:43.075350  7469 work_detect.cpp:70] Frame :215 detect result :1 face(s)
W1014 14:12:43.075394  7469 work_detect.cpp:83] Invalid bbox: [167 x 195 from (239, 172)]
I1014 14:12:43.075518  7469 work_detect.cpp:120] Succeeded to add det end for frame 215
I1014 14:12:43.075536  7469 work_thread.hpp:81]  [T-Work-Detect_0] Run work: WrokTrack
I1014 14:12:43.075563  7469 work_track.cpp:102] Succeeded to set track lock for frame 215
I1014 14:12:43.075589  7469 work_track.cpp:116] Succeeded to release track lock for frame 215
I1014 14:12:43.075603  7469 work_track.cpp:120] Track results of frame 215: 0 objects input, 0 objects tracked!
I1014 14:12:43.075623  7469 work_thread.hpp:87]  [T-Work-Detect_0] Frame :215 split
I1014 14:12:43.075664  7472 thread_intergrate.hpp:78] [T-Intergrate-intergrate] queue: frame output frame :215
I1014 14:12:43.076750  7472 thread_intergrate.hpp:157] T-Intergrate-intergrate Show face :1, size :640 * 360
I1014 14:12:43.077327  7468 demo_inner.hpp:435] thread [SORT-0]  frame id 215 sorting queue size 9   FPS: 16.6626
I1014 14:12:43.128677  7466 demo_inner.hpp:177] decode queue size 0
I1014 14:12:43.128800  7469 work_thread.hpp:81]  [T-Work-Detect_0] Run work: WorkDetect
I1014 14:12:43.128834  7469 work_detect.cpp:102] Succeeded to add det start for frame 216
I1014 14:12:43.135448  7469 work_detect.cpp:70] Frame :216 detect result :1 face(s)
W1014 14:12:43.135491  7469 work_detect.cpp:83] Invalid bbox: [169 x 199 from (237, 169)]
I1014 14:12:43.135589  7469 work_detect.cpp:120] Succeeded to add det end for frame 216
I1014 14:12:43.135607  7469 work_thread.hpp:81]  [T-Work-Detect_0] Run work: WrokTrack
I1014 14:12:43.135632  7469 work_track.cpp:102] Succeeded to set track lock for frame 216
I1014 14:12:43.135659  7469 work_track.cpp:116] Succeeded to release track lock for frame 216
I1014 14:12:43.135717  7469 work_track.cpp:120] Track results of frame 216: 0 objects input, 0 objects tracked!
I1014 14:12:43.135738  7469 work_thread.hpp:87]  [T-Work-Detect_0] Frame :216 split
I1014 14:12:43.135780  7472 thread_intergrate.hpp:78] [T-Intergrate-intergrate] queue: frame output frame :216
I1014 14:12:43.136868  7472 thread_intergrate.hpp:157] T-Intergrate-intergrate Show face :1, size :640 * 360
I1014 14:12:43.137442  7468 demo_inner.hpp:435] thread [SORT-0]  frame id 216 sorting queue size 10   FPS: 16.6626
I1014 14:12:43.188700  7466 demo_inner.hpp:177] decode queue size 0
I1014 14:12:43.188838  7469 work_thread.hpp:81]  [T-Work-Detect_0] Run work: WorkDetect
I1014 14:12:43.188874  7469 work_detect.cpp:102] Succeeded to add det start for frame 217
I1014 14:12:43.195559  7469 work_detect.cpp:70] Frame :217 detect result :1 face(s)
W1014 14:12:43.195601  7469 work_detect.cpp:83] Invalid bbox: [174 x 208 from (234, 166)]
I1014 14:12:43.195726  7469 work_detect.cpp:120] Succeeded to add det end for frame 217
I1014 14:12:43.195744  7469 work_thread.hpp:81]  [T-Work-Detect_0] Run work: WrokTrack
I1014 14:12:43.195770  7469 work_track.cpp:102] Succeeded to set track lock for frame 217
I1014 14:12:43.195797  7469 work_track.cpp:116] Succeeded to release track lock for frame 217
I1014 14:12:43.195811  7469 work_track.cpp:120] Track results of frame 217: 0 objects input, 0 objects tracked!
I1014 14:12:43.195830  7469 work_thread.hpp:87]  [T-Work-Detect_0] Frame :217 split
I1014 14:12:43.195873  7472 thread_intergrate.hpp:78] [T-Intergrate-intergrate] queue: frame output frame :217
I1014 14:12:43.196960  7472 thread_intergrate.hpp:157] T-Intergrate-intergrate Show face :1, size :640 * 360
I1014 14:12:43.248528  7466 demo_inner.hpp:177] decode queue size 0
I1014 14:12:43.248713  7469 work_thread.hpp:81]  [T-Work-Detect_0] Run work: WorkDetect
I1014 14:12:43.248749  7469 work_detect.cpp:102] Succeeded to add det start for frame 218
I1014 14:12:43.255326  7469 work_detect.cpp:70] Frame :218 detect result :1 face(s)
W1014 14:12:43.255365  7469 work_detect.cpp:83] Invalid bbox: [166 x 218 from (229, 159)]
I1014 14:12:43.255498  7469 work_detect.cpp:120] Succeeded to add det end for frame 218
I1014 14:12:43.255517  7469 work_thread.hpp:81]  [T-Work-Detect_0] Run work: WrokTrack
I1014 14:12:43.255543  7469 work_track.cpp:102] Succeeded to set track lock for frame 218
I1014 14:12:43.255570  7469 work_track.cpp:116] Succeeded to release track lock for frame 218
I1014 14:12:43.255584  7469 work_track.cpp:120] Track results of frame 218: 0 objects input, 0 objects tracked!
I1014 14:12:43.255602  7469 work_thread.hpp:87]  [T-Work-Detect_0] Frame :218 split
I1014 14:12:43.255645  7472 thread_intergrate.hpp:78] [T-Intergrate-intergrate] queue: frame output frame :218
I1014 14:12:43.256732  7472 thread_intergrate.hpp:157] T-Intergrate-intergrate Show face :1, size :640 * 360
I1014 14:12:43.308674  7466 demo_inner.hpp:177] decode queue size 0
I1014 14:12:43.308812  7469 work_thread.hpp:81]  [T-Work-Detect_0] Run work: WorkDetect
I1014 14:12:43.308845  7469 work_detect.cpp:102] Succeeded to add det start for frame 219
I1014 14:12:43.315330  7469 work_detect.cpp:70] Frame :219 detect result :1 face(s)
W1014 14:12:43.315363  7469 work_detect.cpp:83] Invalid bbox: [170 x 208 from (235, 164)]
I1014 14:12:43.315497  7469 work_detect.cpp:120] Succeeded to add det end for frame 219
I1014 14:12:43.315515  7469 work_thread.hpp:81]  [T-Work-Detect_0] Run work: WrokTrack
I1014 14:12:43.315541  7469 work_track.cpp:102] Succeeded to set track lock for frame 219
I1014 14:12:43.315567  7469 work_track.cpp:116] Succeeded to release track lock for frame 219
I1014 14:12:43.315580  7469 work_track.cpp:120] Track results of frame 219: 0 objects input, 0 objects tracked!
I1014 14:12:43.315599  7469 work_thread.hpp:87]  [T-Work-Detect_0] Frame :219 split
I1014 14:12:43.315642  7472 thread_intergrate.hpp:78] [T-Intergrate-intergrate] queue: frame output frame :219
I1014 14:12:43.316731  7472 thread_intergrate.hpp:157] T-Intergrate-intergrate Show face :1, size :640 * 360
I1014 14:12:43.368461  7466 demo_inner.hpp:177] decode queue size 0
I1014 14:12:43.368585  7469 work_thread.hpp:81]  [T-Work-Detect_0] Run work: WorkDetect
I1014 14:12:43.368620  7469 work_detect.cpp:102] Succeeded to add det start for frame 220
I1014 14:12:43.375212  7469 work_detect.cpp:70] Frame :220 detect result :1 face(s)
W1014 14:12:43.375246  7469 work_detect.cpp:83] Invalid bbox: [167 x 199 from (235, 170)]
I1014 14:12:43.375363  7469 work_detect.cpp:120] Succeeded to add det end for frame 220
I1014 14:12:43.375380  7469 work_thread.hpp:81]  [T-Work-Detect_0] Run work: WrokTrack
I1014 14:12:43.375406  7469 work_track.cpp:102] Succeeded to set track lock for frame 220
I1014 14:12:43.375432  7469 work_track.cpp:116] Succeeded to release track lock for frame 220
I1014 14:12:43.375447  7469 work_track.cpp:120] Track results of frame 220: 0 objects input, 0 objects tracked!
I1014 14:12:43.375464  7469 work_thread.hpp:87]  [T-Work-Detect_0] Frame :220 split
I1014 14:12:43.375506  7472 thread_intergrate.hpp:78] [T-Intergrate-intergrate] queue: frame output frame :220
I1014 14:12:43.376595  7472 thread_intergrate.hpp:157] T-Intergrate-intergrate Show face :1, size :640 * 360
I1014 14:12:43.428304  7466 demo_inner.hpp:177] decode queue size 0
I1014 14:12:43.428449  7469 work_thread.hpp:81]  [T-Work-Detect_0] Run work: WorkDetect
I1014 14:12:43.428483  7469 work_detect.cpp:102] Succeeded to add det start for frame 221
I1014 14:12:43.435086  7469 work_detect.cpp:70] Frame :221 detect result :1 face(s)
W1014 14:12:43.435118  7469 work_detect.cpp:83] Invalid bbox: [151 x 194 from (233, 170)]
I1014 14:12:43.435245  7469 work_detect.cpp:120] Succeeded to add det end for frame 221
I1014 14:12:43.435263  7469 work_thread.hpp:81]  [T-Work-Detect_0] Run work: WrokTrack
I1014 14:12:43.435289  7469 work_track.cpp:102] Succeeded to set track lock for frame 221
I1014 14:12:43.435315  7469 work_track.cpp:116] Succeeded to release track lock for frame 221
I1014 14:12:43.435329  7469 work_track.cpp:120] Track results of frame 221: 0 objects input, 0 objects tracked!
I1014 14:12:43.435348  7469 work_thread.hpp:87]  [T-Work-Detect_0] Frame :221 split
I1014 14:12:43.435389  7472 thread_intergrate.hpp:78] [T-Intergrate-intergrate] queue: frame output frame :221
I1014 14:12:43.436475  7472 thread_intergrate.hpp:157] T-Intergrate-intergrate Show face :1, size :640 * 360
I1014 14:12:43.453647  7467 demo_inner.hpp:260]  gui queue size 9, state = running
I1014 14:12:43.454540  7468 demo_inner.hpp:435] thread [SORT-0]  frame id 217 sorting queue size 1   FPS: 15.6718
I1014 14:12:43.454926  7468 demo_inner.hpp:435] thread [SORT-0]  frame id 218 sorting queue size 2   FPS: 15.8916
I1014 14:12:43.455229  7468 demo_inner.hpp:435] thread [SORT-0]  frame id 219 sorting queue size 3   FPS: 16.1176
I1014 14:12:43.455371  7467 demo_inner.hpp:260]  gui queue size 3, state = running
I1014 14:12:43.455592  7468 demo_inner.hpp:435] thread [SORT-0]  frame id 220 sorting queue size 0   FPS: 16.3501
I1014 14:12:43.455943  7468 demo_inner.hpp:435] thread [SORT-0]  frame id 221 sorting queue size 1   FPS: 16.5894
I1014 14:12:43.460201  7467 demo_inner.hpp:260]  gui queue size 1, state = running
I1014 14:12:43.488211  7466 demo_inner.hpp:177] decode queue size 0
I1014 14:12:43.488337  7469 work_thread.hpp:81]  [T-Work-Detect_0] Run work: WorkDetect
I1014 14:12:43.488373  7469 work_detect.cpp:102] Succeeded to add det start for frame 222
I1014 14:12:43.495014  7469 work_detect.cpp:70] Frame :222 detect result :1 face(s)
W1014 14:12:43.495052  7469 work_detect.cpp:83] Invalid bbox: [152 x 196 from (232, 169)]
I1014 14:12:43.495151  7469 work_detect.cpp:120] Succeeded to add det end for frame 222
I1014 14:12:43.495168  7469 work_thread.hpp:81]  [T-Work-Detect_0] Run work: WrokTrack
I1014 14:12:43.495194  7469 work_track.cpp:102] Succeeded to set track lock for frame 222
I1014 14:12:43.495220  7469 work_track.cpp:116] Succeeded to release track lock for frame 222
I1014 14:12:43.495234  7469 work_track.cpp:120] Track results of frame 222: 0 objects input, 0 objects tracked!
I1014 14:12:43.495303  7469 work_thread.hpp:87]  [T-Work-Detect_0] Frame :222 split
I1014 14:12:43.495348  7472 thread_intergrate.hpp:78] [T-Intergrate-intergrate] queue: frame output frame :222
I1014 14:12:43.496435  7472 thread_intergrate.hpp:157] T-Intergrate-intergrate Show face :1, size :640 * 360
I1014 14:12:43.497004  7468 demo_inner.hpp:435] thread [SORT-0]  frame id 222 sorting queue size 0   FPS: 16.6626
I1014 14:12:43.544407  7467 demo_inner.hpp:260]  gui queue size 0, state = running
I1014 14:12:43.547394  7466 demo_inner.hpp:177] decode queue size 0
I1014 14:12:43.547513  7469 work_thread.hpp:81]  [T-Work-Detect_0] Run work: WorkDetect
I1014 14:12:43.547554  7469 work_detect.cpp:102] Succeeded to add det start for frame 223
I1014 14:12:43.554163  7469 work_detect.cpp:70] Frame :223 detect result :1 face(s)
W1014 14:12:43.554215  7469 work_detect.cpp:83] Invalid bbox: [154 x 199 from (228, 167)]
I1014 14:12:43.554352  7469 work_detect.cpp:120] Succeeded to add det end for frame 223
I1014 14:12:43.554369  7469 work_thread.hpp:81]  [T-Work-Detect_0] Run work: WrokTrack
I1014 14:12:43.554397  7469 work_track.cpp:102] Succeeded to set track lock for frame 223
I1014 14:12:43.554425  7469 work_track.cpp:116] Succeeded to release track lock for frame 223
I1014 14:12:43.554438  7469 work_track.cpp:120] Track results of frame 223: 0 objects input, 0 objects tracked!
I1014 14:12:43.554457  7469 work_thread.hpp:87]  [T-Work-Detect_0] Frame :223 split
I1014 14:12:43.554500  7472 thread_intergrate.hpp:78] [T-Intergrate-intergrate] queue: frame output frame :223
I1014 14:12:43.555586  7472 thread_intergrate.hpp:157] T-Intergrate-intergrate Show face :1, size :640 * 360
I1014 14:12:43.556092  7468 demo_inner.hpp:435] thread [SORT-0]  frame id 223 sorting queue size 0   FPS: 16.6708
I1014 14:12:43.556179  7467 demo_inner.hpp:260]  gui queue size 0, state = running
I1014 14:12:43.606534  7466 demo_inner.hpp:177] decode queue size 0
I1014 14:12:43.606658  7469 work_thread.hpp:81]  [T-Work-Detect_0] Run work: WorkDetect
I1014 14:12:43.606694  7469 work_detect.cpp:102] Succeeded to add det start for frame 224
I1014 14:12:43.613335  7469 work_detect.cpp:70] Frame :224 detect result :1 face(s)
I1014 14:12:43.613370  7469 work_detect.cpp:86] Detected bbox: [181 x 222 from (216, 138)]
I1014 14:12:43.613413  7469 work_detect.cpp:120] Succeeded to add det end for frame 224
I1014 14:12:43.613430  7469 work_thread.hpp:81]  [T-Work-Detect_0] Run work: WrokTrack
I1014 14:12:43.613452  7469 work_track.cpp:82] Frame: 224 build input_characts: [0.282813 x 0.616667 from (0.3375, 0.383333)], 1.00019, 0
I1014 14:12:43.613507  7469 work_track.cpp:102] Succeeded to set track lock for frame 224
I1014 14:12:43.613541  7469 work_track.cpp:116] Succeeded to release track lock for frame 224
I1014 14:12:43.613761  7469 work_track.cpp:120] Track results of frame 224: 1 objects input, 0 objects tracked!
I1014 14:12:43.613781  7469 work_track.cpp:162] Frame: 224 lid: 0 not tracked, will set invalid
I1014 14:12:43.613797  7469 work_thread.hpp:87]  [T-Work-Detect_0] Frame :224 split
I1014 14:12:43.613814  7469 work_thread.hpp:123]  [T-Work-Detect_0] Invalid piece: lid = 0, drop it
I1014 14:12:43.613858  7472 thread_intergrate.hpp:78] [T-Intergrate-intergrate] queue: frame output frame :224
I1014 14:12:43.614944  7472 thread_intergrate.hpp:157] T-Intergrate-intergrate Show face :1, size :640 * 360
I1014 14:12:43.615422  7468 demo_inner.hpp:435] thread [SORT-0]  frame id 224 sorting queue size 0   FPS: 16.6748
I1014 14:12:43.615489  7467 demo_inner.hpp:260]  gui queue size 0, state = running
I1014 14:12:43.666098  7466 demo_inner.hpp:177] decode queue size 0
I1014 14:12:43.666198  7469 work_thread.hpp:81]  [T-Work-Detect_0] Run work: WorkDetect
I1014 14:12:43.666234  7469 work_detect.cpp:102] Succeeded to add det start for frame 225
I1014 14:12:43.672945  7469 work_detect.cpp:70] Frame :225 detect result :1 face(s)
I1014 14:12:43.672984  7469 work_detect.cpp:86] Detected bbox: [173 x 217 from (223, 139)]
I1014 14:12:43.673027  7469 work_detect.cpp:120] Succeeded to add det end for frame 225
I1014 14:12:43.673117  7469 work_thread.hpp:81]  [T-Work-Detect_0] Run work: WrokTrack
I1014 14:12:43.673142  7469 work_track.cpp:82] Frame: 225 build input_characts: [0.270312 x 0.602778 from (0.348437, 0.386111)], 0.999622, 0
I1014 14:12:43.673197  7469 work_track.cpp:102] Succeeded to set track lock for frame 225
I1014 14:12:43.673238  7469 work_track.cpp:116] Succeeded to release track lock for frame 225
I1014 14:12:43.673251  7469 work_track.cpp:120] Track results of frame 225: 1 objects input, 0 objects tracked!
I1014 14:12:43.673269  7469 work_track.cpp:162] Frame: 225 lid: 0 not tracked, will set invalid
I1014 14:12:43.673285  7469 work_thread.hpp:87]  [T-Work-Detect_0] Frame :225 split
I1014 14:12:43.673301  7469 work_thread.hpp:123]  [T-Work-Detect_0] Invalid piece: lid = 0, drop it
I1014 14:12:43.673348  7472 thread_intergrate.hpp:78] [T-Intergrate-intergrate] queue: frame output frame :225
I1014 14:12:43.674435  7472 thread_intergrate.hpp:157] T-Intergrate-intergrate Show face :1, size :640 * 360
I1014 14:12:43.674906  7468 demo_inner.hpp:435] thread [SORT-0]  frame id 225 sorting queue size 0   FPS: 16.6748
I1014 14:12:43.674971  7467 demo_inner.hpp:260]  gui queue size 0, state = running
I1014 14:12:43.726045  7466 demo_inner.hpp:177] decode queue size 0
I1014 14:12:43.726146  7469 work_thread.hpp:81]  [T-Work-Detect_0] Run work: WorkDetect
I1014 14:12:43.726182  7469 work_detect.cpp:102] Succeeded to add det start for frame 226
I1014 14:12:43.732909  7469 work_detect.cpp:70] Frame :226 detect result :1 face(s)
I1014 14:12:43.732945  7469 work_detect.cpp:86] Detected bbox: [164 x 212 from (228, 140)]
I1014 14:12:43.732988  7469 work_detect.cpp:120] Succeeded to add det end for frame 226
I1014 14:12:43.733006  7469 work_thread.hpp:81]  [T-Work-Detect_0] Run work: WrokTrack
I1014 14:12:43.733029  7469 work_track.cpp:82] Frame: 226 build input_characts: [0.25625 x 0.588889 from (0.35625, 0.388889)], 1.00019, 0
I1014 14:12:43.733083  7469 work_track.cpp:102] Succeeded to set track lock for frame 226
I1014 14:12:43.733124  7469 work_track.cpp:116] Succeeded to release track lock for frame 226
I1014 14:12:43.733139  7469 work_track.cpp:120] Track results of frame 226: 1 objects input, 1 objects tracked!
I1014 14:12:43.733157  7469 work_track.cpp:148] Frame: 226, track bbox: [164 x 212 from (228.412, 139.973)], gid: 2, lid: 0
I1014 14:12:43.733194  7469 work_thread.hpp:87]  [T-Work-Detect_0] Frame :226 split
I1014 14:12:43.733212  7469 work_thread.hpp:119]  [T-Work-Detect_0] Valid piece: gid = 2
I1014 14:12:43.733230  7469 work_thread.hpp:91]  [T-Work-Detect_0] Push to split queue:recog
I1014 14:12:43.733290  7470 work_thread.hpp:81]  [T-Work-Recog_0] Run work: WorkCapture
I1014 14:12:43.733583  7472 thread_intergrate.hpp:78] [T-Intergrate-intergrate] queue: frame output frame :226
I1014 14:12:43.733824  7470 work_thread.hpp:81]  [T-Work-Recog_0] Run work: WorkRecog
I1014 14:12:43.733846  7470 work_recog.hpp:89] Face id: 2 will run recog: bbox [164 x 212 from (228, 140)] quality: 0.361057
I1014 14:12:43.733873  7470 work_recog.hpp:96] Recog pair: [232 x 264 from (192, 96)], [164 x 212 from (36, 44)]
I1014 14:12:43.734711  7472 thread_intergrate.hpp:157] T-Intergrate-intergrate Show face :1, size :640 * 360
I1014 14:12:43.735186  7468 demo_inner.hpp:435] thread [SORT-0]  frame id 226 sorting queue size 0   FPS: 16.6748
I1014 14:12:43.735257  7467 demo_inner.hpp:260]  gui queue size 0, state = running
I1014 14:12:43.751600  7470 work_thread.hpp:81]  [T-Work-Recog_0] Run work: WorkCompare
I1014 14:12:43.752065  7470 work_compare.cpp:76] Compare face: 2 successed, similarity :0.994388, name : images/ThangLMb.jpg, normal size : 1548 * 1719!
I1014 14:12:43.786057  7466 demo_inner.hpp:177] decode queue size 0
I1014 14:12:43.786159  7469 work_thread.hpp:81]  [T-Work-Detect_0] Run work: WorkDetect
I1014 14:12:43.786196  7469 work_detect.cpp:102] Succeeded to add det start for frame 227
I1014 14:12:43.792948  7469 work_detect.cpp:70] Frame :227 detect result :1 face(s)
I1014 14:12:43.793061  7469 work_detect.cpp:86] Detected bbox: [159 x 218 from (232, 134)]
I1014 14:12:43.793107  7469 work_detect.cpp:120] Succeeded to add det end for frame 227
I1014 14:12:43.793123  7469 work_thread.hpp:81]  [T-Work-Detect_0] Run work: WrokTrack
I1014 14:12:43.793148  7469 work_track.cpp:82] Frame: 227 build input_characts: [0.248437 x 0.605556 from (0.3625, 0.372222)], 0.999622, 0
I1014 14:12:43.793201  7469 work_track.cpp:102] Succeeded to set track lock for frame 227
I1014 14:12:43.793241  7469 work_track.cpp:116] Succeeded to release track lock for frame 227
I1014 14:12:43.793256  7469 work_track.cpp:120] Track results of frame 227: 1 objects input, 1 objects tracked!
I1014 14:12:43.793273  7469 work_track.cpp:148] Frame: 227, track bbox: [159 x 218 from (232.217, 134.447)], gid: 2, lid: 0
I1014 14:12:43.793310  7469 work_thread.hpp:87]  [T-Work-Detect_0] Frame :227 split
I1014 14:12:43.793329  7469 work_thread.hpp:119]  [T-Work-Detect_0] Valid piece: gid = 2
I1014 14:12:43.793346  7469 work_thread.hpp:91]  [T-Work-Detect_0] Push to split queue:recog
I1014 14:12:43.793396  7472 thread_intergrate.hpp:78] [T-Intergrate-intergrate] queue: frame output frame :227
I1014 14:12:43.793403  7470 work_thread.hpp:81]  [T-Work-Recog_0] Run work: WorkCapture
I1014 14:12:43.793421  7472 thread_intergrate.hpp:85] [T-Intergrate-intergrate] queue: compare output face:2
I1014 14:12:43.793440  7472 thread_intergrate.hpp:137] T-Intergrate-intergrate set matched face: 2
I1014 14:12:43.793965  7470 work_thread.hpp:81]  [T-Work-Recog_0] Run work: WorkRecog
I1014 14:12:43.793990  7470 work_recog.hpp:89] Face id: 2 will run recog: bbox [159 x 218 from (232, 134)] quality: 0.474702
I1014 14:12:43.794020  7470 work_recog.hpp:96] Recog pair: [224 x 272 from (200, 88)], [159 x 218 from (32, 46)]
I1014 14:12:43.794844  7472 thread_intergrate.hpp:157] T-Intergrate-intergrate Show face :2, size :640 * 360
I1014 14:12:43.795336  7468 demo_inner.hpp:435] thread [SORT-0]  frame id 227 sorting queue size 0   FPS: 16.6748
I1014 14:12:43.795420  7467 demo_inner.hpp:260]  gui queue size 0, state = running
I1014 14:12:43.811703  7470 work_thread.hpp:81]  [T-Work-Recog_0] Run work: WorkCompare
I1014 14:12:43.812183  7470 work_compare.cpp:76] Compare face: 2 successed, similarity :0.994744, name : images/ThangLMb.jpg, normal size : 1548 * 1719!
I1014 14:12:43.846127  7466 demo_inner.hpp:177] decode queue size 0
I1014 14:12:43.846233  7469 work_thread.hpp:81]  [T-Work-Detect_0] Run work: WorkDetect
I1014 14:12:43.846269  7469 work_detect.cpp:102] Succeeded to add det start for frame 228
I1014 14:12:43.852993  7469 work_detect.cpp:70] Frame :228 detect result :1 face(s)
I1014 14:12:43.853034  7469 work_detect.cpp:86] Detected bbox: [165 x 220 from (237, 133)]
I1014 14:12:43.853075  7469 work_detect.cpp:120] Succeeded to add det end for frame 228
I1014 14:12:43.853091  7469 work_thread.hpp:81]  [T-Work-Detect_0] Run work: WrokTrack
I1014 14:12:43.853116  7469 work_track.cpp:82] Frame: 228 build input_characts: [0.257812 x 0.611111 from (0.370313, 0.369444)], 1.00019, 0
I1014 14:12:43.853170  7469 work_track.cpp:102] Succeeded to set track lock for frame 228
I1014 14:12:43.853211  7469 work_track.cpp:116] Succeeded to release track lock for frame 228
I1014 14:12:43.853226  7469 work_track.cpp:120] Track results of frame 228: 1 objects input, 1 objects tracked!
I1014 14:12:43.853245  7469 work_track.cpp:148] Frame: 228, track bbox: [165 x 220 from (234.502, 132.403)], gid: 2, lid: 0
I1014 14:12:43.853281  7469 work_thread.hpp:87]  [T-Work-Detect_0] Frame :228 split
I1014 14:12:43.853299  7469 work_thread.hpp:119]  [T-Work-Detect_0] Valid piece: gid = 2
I1014 14:12:43.853317  7469 work_thread.hpp:91]  [T-Work-Detect_0] Push to split queue:recog
I1014 14:12:43.853358  7471 work_thread.hpp:81]  [T-Work-Recog_1] Run work: WorkCapture
I1014 14:12:43.853642  7472 thread_intergrate.hpp:78] [T-Intergrate-intergrate] queue: frame output frame :228
I1014 14:12:43.853668  7472 thread_intergrate.hpp:85] [T-Intergrate-intergrate] queue: compare output face:2
I1014 14:12:43.853770  7472 thread_intergrate.hpp:137] T-Intergrate-intergrate set matched face: 2
I1014 14:12:43.853905  7471 work_thread.hpp:81]  [T-Work-Recog_1] Run work: WorkRecog
I1014 14:12:43.853927  7471 work_recog.hpp:89] Face id: 2 will run recog: bbox [165 x 220 from (237, 133)] quality: 0.474052
I1014 14:12:43.853955  7471 work_recog.hpp:96] Recog pair: [240 x 272 from (200, 88)], [165 x 220 from (37, 45)]
I1014 14:12:43.857436  7472 thread_intergrate.hpp:157] T-Intergrate-intergrate Show face :2, size :640 * 360
I1014 14:12:43.858027  7468 demo_inner.hpp:435] thread [SORT-0]  frame id 228 sorting queue size 0   FPS: 16.6585
I1014 14:12:43.858100  7467 demo_inner.hpp:260]  gui queue size 0, state = running
I1014 14:12:43.871541  7471 work_thread.hpp:81]  [T-Work-Recog_1] Run work: WorkCompare
I1014 14:12:43.871996  7471 work_compare.cpp:76] Compare face: 2 successed, similarity :0.996111, name : images/ThangLMb.jpg, normal size : 1548 * 1719!
I1014 14:12:43.906127  7466 demo_inner.hpp:177] decode queue size 0
I1014 14:12:43.906224  7469 work_thread.hpp:81]  [T-Work-Detect_0] Run work: WorkDetect
I1014 14:12:43.906257  7469 work_detect.cpp:102] Succeeded to add det start for frame 229
I1014 14:12:43.912963  7469 work_detect.cpp:70] Frame :229 detect result :1 face(s)
I1014 14:12:43.913003  7469 work_detect.cpp:86] Detected bbox: [168 x 223 from (237, 129)]
I1014 14:12:43.913046  7469 work_detect.cpp:120] Succeeded to add det end for frame 229
I1014 14:12:43.913062  7469 work_thread.hpp:81]  [T-Work-Detect_0] Run work: WrokTrack
I1014 14:12:43.913085  7469 work_track.cpp:82] Frame: 229 build input_characts: [0.2625 x 0.619444 from (0.370313, 0.358333)], 1.00019, 0
I1014 14:12:43.913141  7469 work_track.cpp:102] Succeeded to set track lock for frame 229
I1014 14:12:43.913179  7469 work_track.cpp:116] Succeeded to release track lock for frame 229
I1014 14:12:43.913193  7469 work_track.cpp:120] Track results of frame 229: 1 objects input, 1 objects tracked!
I1014 14:12:43.913211  7469 work_track.cpp:148] Frame: 229, track bbox: [168 x 223 from (236.429, 129.121)], gid: 2, lid: 0
I1014 14:12:43.913249  7469 work_thread.hpp:87]  [T-Work-Detect_0] Frame :229 split
I1014 14:12:43.913266  7469 work_thread.hpp:119]  [T-Work-Detect_0] Valid piece: gid = 2
I1014 14:12:43.913285  7469 work_thread.hpp:91]  [T-Work-Detect_0] Push to split queue:recog
I1014 14:12:43.913322  7471 work_thread.hpp:81]  [T-Work-Recog_1] Run work: WorkCapture
I1014 14:12:43.913341  7472 thread_intergrate.hpp:78] [T-Intergrate-intergrate] queue: frame output frame :229
I1014 14:12:43.913367  7472 thread_intergrate.hpp:85] [T-Intergrate-intergrate] queue: compare output face:2
I1014 14:12:43.913384  7472 thread_intergrate.hpp:137] T-Intergrate-intergrate set matched face: 2
I1014 14:12:43.913887  7471 work_thread.hpp:81]  [T-Work-Recog_1] Run work: WorkRecog
I1014 14:12:43.913911  7471 work_recog.hpp:89] Face id: 2 will run recog: bbox [168 x 223 from (237, 129)] quality: 0.481619
I1014 14:12:43.913940  7471 work_recog.hpp:96] Recog pair: [240 x 280 from (200, 80)], [168 x 223 from (37, 49)]
I1014 14:12:43.914806  7472 thread_intergrate.hpp:157] T-Intergrate-intergrate Show face :2, size :640 * 360
I1014 14:12:43.915324  7468 demo_inner.hpp:435] thread [SORT-0]  frame id 229 sorting queue size 0   FPS: 16.6708
I1014 14:12:43.915401  7467 demo_inner.hpp:260]  gui queue size 0, state = running
I1014 14:12:43.931650  7471 work_thread.hpp:81]  [T-Work-Recog_1] Run work: WorkCompare
I1014 14:12:43.932116  7471 work_compare.cpp:76] Compare face: 2 successed, similarity :0.995793, name : images/ThangLMb.jpg, normal size : 1548 * 1719!
I1014 14:12:43.966176  7466 demo_inner.hpp:177] decode queue size 0
I1014 14:12:43.966274  7469 work_thread.hpp:81]  [T-Work-Detect_0] Run work: WorkDetect
I1014 14:12:43.966308  7469 work_detect.cpp:102] Succeeded to add det start for frame 230
I1014 14:12:43.972996  7469 work_detect.cpp:70] Frame :230 detect result :1 face(s)
I1014 14:12:43.973035  7469 work_detect.cpp:86] Detected bbox: [160 x 207 from (241, 131)]
I1014 14:12:43.973148  7469 work_detect.cpp:120] Succeeded to add det end for frame 230
I1014 14:12:43.973166  7469 work_thread.hpp:81]  [T-Work-Detect_0] Run work: WrokTrack
I1014 14:12:43.973191  7469 work_track.cpp:82] Frame: 230 build input_characts: [0.25 x 0.575 from (0.376563, 0.363889)], 1.00019, 0
I1014 14:12:43.973244  7469 work_track.cpp:102] Succeeded to set track lock for frame 230
I1014 14:12:43.973314  7469 work_track.cpp:116] Succeeded to release track lock for frame 230
I1014 14:12:43.973328  7469 work_track.cpp:120] Track results of frame 230: 1 objects input, 1 objects tracked!
I1014 14:12:43.973346  7469 work_track.cpp:148] Frame: 230, track bbox: [160 x 207 from (242.446, 133.094)], gid: 2, lid: 0
I1014 14:12:43.973383  7469 work_thread.hpp:87]  [T-Work-Detect_0] Frame :230 split
I1014 14:12:43.973402  7469 work_thread.hpp:119]  [T-Work-Detect_0] Valid piece: gid = 2
I1014 14:12:43.973419  7469 work_thread.hpp:91]  [T-Work-Detect_0] Push to split queue:recog
I1014 14:12:43.973454  7471 work_thread.hpp:81]  [T-Work-Recog_1] Run work: WorkCapture
I1014 14:12:43.973471  7472 thread_intergrate.hpp:78] [T-Intergrate-intergrate] queue: frame output frame :230
I1014 14:12:43.973495  7472 thread_intergrate.hpp:85] [T-Intergrate-intergrate] queue: compare output face:2
I1014 14:12:43.973513  7472 thread_intergrate.hpp:137] T-Intergrate-intergrate set matched face: 2
I1014 14:12:43.974050  7471 work_thread.hpp:81]  [T-Work-Recog_1] Run work: WorkRecog
I1014 14:12:43.974076  7471 work_recog.hpp:89] Face id: 2 will run recog: bbox [160 x 207 from (241, 131)] quality: 0.468177
I1014 14:12:43.974107  7471 work_recog.hpp:96] Recog pair: [232 x 272 from (208, 88)], [160 x 207 from (33, 43)]
I1014 14:12:43.974933  7472 thread_intergrate.hpp:157] T-Intergrate-intergrate Show face :2, size :640 * 360
I1014 14:12:43.975488  7468 demo_inner.hpp:435] thread [SORT-0]  frame id 230 sorting queue size 0   FPS: 16.6789
I1014 14:12:43.975564  7467 demo_inner.hpp:260]  gui queue size 0, state = running
I1014 14:12:43.991662  7471 work_thread.hpp:81]  [T-Work-Recog_1] Run work: WorkCompare
I1014 14:12:43.992126  7471 work_compare.cpp:76] Compare face: 2 successed, similarity :0.997067, name : images/ThangLMb.jpg, normal size : 1548 * 1719!
I1014 14:12:44.026167  7466 demo_inner.hpp:177] decode queue size 0
I1014 14:12:44.026271  7469 work_thread.hpp:81]  [T-Work-Detect_0] Run work: WorkDetect
I1014 14:12:44.026306  7469 work_detect.cpp:102] Succeeded to add det start for frame 231
I1014 14:12:44.032946  7469 work_detect.cpp:70] Frame :231 detect result :1 face(s)
I1014 14:12:44.032986  7469 work_detect.cpp:86] Detected bbox: [138 x 194 from (242, 134)]
I1014 14:12:44.033028  7469 work_detect.cpp:120] Succeeded to add det end for frame 231
I1014 14:12:44.033044  7469 work_thread.hpp:81]  [T-Work-Detect_0] Run work: WrokTrack
I1014 14:12:44.033067  7469 work_track.cpp:82] Frame: 231 build input_characts: [0.215625 x 0.538889 from (0.378125, 0.372222)], 1.00019, 0
I1014 14:12:44.033123  7469 work_track.cpp:102] Succeeded to set track lock for frame 231
I1014 14:12:44.033164  7469 work_track.cpp:116] Succeeded to release track lock for frame 231
I1014 14:12:44.033179  7469 work_track.cpp:120] Track results of frame 231: 1 objects input, 1 objects tracked!
I1014 14:12:44.033196  7469 work_track.cpp:148] Frame: 231, track bbox: [138 x 194 from (249.163, 135.308)], gid: 2, lid: 0
I1014 14:12:44.033233  7469 work_thread.hpp:87]  [T-Work-Detect_0] Frame :231 split
I1014 14:12:44.033252  7469 work_thread.hpp:119]  [T-Work-Detect_0] Valid piece: gid = 2
I1014 14:12:44.033269  7469 work_thread.hpp:91]  [T-Work-Detect_0] Push to split queue:recog
I1014 14:12:44.033325  7470 work_thread.hpp:81]  [T-Work-Recog_0] Run work: WorkCapture
I1014 14:12:44.033628  7472 thread_intergrate.hpp:78] [T-Intergrate-intergrate] queue: frame output frame :231
I1014 14:12:44.033654  7472 thread_intergrate.hpp:85] [T-Intergrate-intergrate] queue: compare output face:2
I1014 14:12:44.033673  7472 thread_intergrate.hpp:137] T-Intergrate-intergrate set matched face: 2
I1014 14:12:44.033877  7470 work_thread.hpp:81]  [T-Work-Recog_0] Run work: WorkRecog
I1014 14:12:44.033900  7470 work_recog.hpp:89] Face id: 2 will run recog: bbox [138 x 194 from (242, 134)] quality: 0.477686
I1014 14:12:44.033927  7470 work_recog.hpp:96] Recog pair: [200 x 264 from (208, 96)], [138 x 194 from (34, 38)]
I1014 14:12:44.036238  7472 thread_intergrate.hpp:157] T-Intergrate-intergrate Show face :2, size :640 * 360
I1014 14:12:44.036789  7468 demo_inner.hpp:435] thread [SORT-0]  frame id 231 sorting queue size 0   FPS: 16.6708
I1014 14:12:44.036864  7467 demo_inner.hpp:260]  gui queue size 0, state = running
I1014 14:12:44.051827  7470 work_thread.hpp:81]  [T-Work-Recog_0] Run work: WorkCompare
I1014 14:12:44.052305  7470 work_compare.cpp:76] Compare face: 2 successed, similarity :0.998457, name : images/ThangLMb.jpg, normal size : 1548 * 1719!
I1014 14:12:44.086129  7466 demo_inner.hpp:177] decode queue size 0
I1014 14:12:44.086232  7469 work_thread.hpp:81]  [T-Work-Detect_0] Run work: WorkDetect
I1014 14:12:44.086266  7469 work_detect.cpp:102] Succeeded to add det start for frame 232
I1014 14:12:44.092907  7469 work_detect.cpp:70] Frame :232 detect result :1 face(s)
I1014 14:12:44.092954  7469 work_detect.cpp:86] Detected bbox: [139 x 188 from (240, 135)]
I1014 14:12:44.092998  7469 work_detect.cpp:120] Succeeded to add det end for frame 232
I1014 14:12:44.093015  7469 work_thread.hpp:81]  [T-Work-Detect_0] Run work: WrokTrack
I1014 14:12:44.093040  7469 work_track.cpp:82] Frame: 232 build input_characts: [0.217187 x 0.522222 from (0.375, 0.375)], 1.00019, 0
I1014 14:12:44.093094  7469 work_track.cpp:102] Succeeded to set track lock for frame 232
I1014 14:12:44.093134  7469 work_track.cpp:116] Succeeded to release track lock for frame 232
I1014 14:12:44.093148  7469 work_track.cpp:120] Track results of frame 232: 1 objects input, 1 objects tracked!
I1014 14:12:44.093168  7469 work_track.cpp:148] Frame: 232, track bbox: [139 x 188 from (243.553, 134.836)], gid: 2, lid: 0
I1014 14:12:44.093204  7469 work_thread.hpp:87]  [T-Work-Detect_0] Frame :232 split
I1014 14:12:44.093222  7469 work_thread.hpp:119]  [T-Work-Detect_0] Valid piece: gid = 2
I1014 14:12:44.093240  7469 work_thread.hpp:91]  [T-Work-Detect_0] Push to split queue:recog
I1014 14:12:44.093288  7470 work_thread.hpp:81]  [T-Work-Recog_0] Run work: WorkCapture
I1014 14:12:44.093590  7472 thread_intergrate.hpp:78] [T-Intergrate-intergrate] queue: frame output frame :232
I1014 14:12:44.093626  7472 thread_intergrate.hpp:85] [T-Intergrate-intergrate] queue: compare output face:2
I1014 14:12:44.093645  7472 thread_intergrate.hpp:137] T-Intergrate-intergrate set matched face: 2
I1014 14:12:44.093835  7470 work_thread.hpp:81]  [T-Work-Recog_0] Run work: WorkRecog
I1014 14:12:44.093859  7470 work_recog.hpp:89] Face id: 2 will run recog: bbox [139 x 188 from (240, 135)] quality: 0.469898
I1014 14:12:44.093886  7470 work_recog.hpp:96] Recog pair: [200 x 264 from (208, 96)], [139 x 188 from (32, 39)]
I1014 14:12:44.095499  7472 thread_intergrate.hpp:157] T-Intergrate-intergrate Show face :2, size :640 * 360
I1014 14:12:44.096086  7468 demo_inner.hpp:435] thread [SORT-0]  frame id 232 sorting queue size 0   FPS: 16.683
I1014 14:12:44.096154  7467 demo_inner.hpp:260]  gui queue size 0, state = running
I1014 14:12:44.111434  7470 work_thread.hpp:81]  [T-Work-Recog_0] Run work: WorkCompare
I1014 14:12:44.111897  7470 work_compare.cpp:76] Compare face: 2 successed, similarity :0.995961, name : images/ThangLMb.jpg, normal size : 1548 * 1719!
I1014 14:12:44.146097  7466 demo_inner.hpp:177] decode queue size 0
I1014 14:12:44.146198  7469 work_thread.hpp:81]  [T-Work-Detect_0] Run work: WorkDetect
I1014 14:12:44.146234  7469 work_detect.cpp:102] Succeeded to add det start for frame 233
I1014 14:12:44.152890  7469 work_detect.cpp:70] Frame :233 detect result :1 face(s)
I1014 14:12:44.152928  7469 work_detect.cpp:86] Detected bbox: [160 x 211 from (238, 105)]
I1014 14:12:44.152971  7469 work_detect.cpp:120] Succeeded to add det end for frame 233
I1014 14:12:44.153061  7469 work_thread.hpp:81]  [T-Work-Detect_0] Run work: WrokTrack
I1014 14:12:44.153089  7469 work_track.cpp:82] Frame: 233 build input_characts: [0.25 x 0.586111 from (0.371875, 0.291667)], 1.00019, 0
I1014 14:12:44.153142  7469 work_track.cpp:102] Succeeded to set track lock for frame 233
I1014 14:12:44.153183  7469 work_track.cpp:116] Succeeded to release track lock for frame 233
I1014 14:12:44.153198  7469 work_track.cpp:120] Track results of frame 233: 1 objects input, 1 objects tracked!
I1014 14:12:44.153216  7469 work_track.cpp:148] Frame: 233, track bbox: [160 x 211 from (232.95, 111.595)], gid: 2, lid: 0
I1014 14:12:44.153254  7469 work_thread.hpp:87]  [T-Work-Detect_0] Frame :233 split
I1014 14:12:44.153271  7469 work_thread.hpp:119]  [T-Work-Detect_0] Valid piece: gid = 2
I1014 14:12:44.153290  7469 work_thread.hpp:91]  [T-Work-Detect_0] Push to split queue:recog
I1014 14:12:44.153343  7472 thread_intergrate.hpp:78] [T-Intergrate-intergrate] queue: frame output frame :233
I1014 14:12:44.153345  7470 work_thread.hpp:81]  [T-Work-Recog_0] Run work: WorkCapture
I1014 14:12:44.153376  7472 thread_intergrate.hpp:85] [T-Intergrate-intergrate] queue: compare output face:2
I1014 14:12:44.153396  7472 thread_intergrate.hpp:137] T-Intergrate-intergrate set matched face: 2
I1014 14:12:44.153921  7470 work_thread.hpp:81]  [T-Work-Recog_0] Run work: WorkRecog
I1014 14:12:44.153946  7470 work_recog.hpp:89] Face id: 2 will run recog: bbox [160 x 211 from (238, 105)] quality: 0.480931
I1014 14:12:44.153975  7470 work_recog.hpp:96] Recog pair: [232 x 304 from (200, 56)], [160 x 211 from (38, 49)]
I1014 14:12:44.155201  7472 thread_intergrate.hpp:157] T-Intergrate-intergrate Show face :2, size :640 * 360
I1014 14:12:44.155755  7468 demo_inner.hpp:435] thread [SORT-0]  frame id 233 sorting queue size 0   FPS: 16.6748
I1014 14:12:44.155827  7467 demo_inner.hpp:260]  gui queue size 0, state = running
I1014 14:12:44.171458  7470 work_thread.hpp:81]  [T-Work-Recog_0] Run work: WorkCompare
I1014 14:12:44.171922  7470 work_compare.cpp:76] Compare face: 2 successed, similarity :0.996939, name : images/ThangLMb.jpg, normal size : 1548 * 1719!
I1014 14:12:44.206115  7466 demo_inner.hpp:177] decode queue size 0
I1014 14:12:44.206207  7469 work_thread.hpp:81]  [T-Work-Detect_0] Run work: WorkDetect
I1014 14:12:44.206243  7469 work_detect.cpp:102] Succeeded to add det start for frame 234
I1014 14:12:44.212913  7469 work_detect.cpp:70] Frame :234 detect result :1 face(s)
I1014 14:12:44.212954  7469 work_detect.cpp:86] Detected bbox: [163 x 210 from (235, 104)]
I1014 14:12:44.212997  7469 work_detect.cpp:120] Succeeded to add det end for frame 234
I1014 14:12:44.213013  7469 work_thread.hpp:81]  [T-Work-Detect_0] Run work: WrokTrack
I1014 14:12:44.213037  7469 work_track.cpp:82] Frame: 234 build input_characts: [0.254687 x 0.583333 from (0.367188, 0.288889)], 0.999622, 0
I1014 14:12:44.213093  7469 work_track.cpp:102] Succeeded to set track lock for frame 234
I1014 14:12:44.213132  7469 work_track.cpp:116] Succeeded to release track lock for frame 234
I1014 14:12:44.213146  7469 work_track.cpp:120] Track results of frame 234: 1 objects input, 1 objects tracked!
I1014 14:12:44.213165  7469 work_track.cpp:148] Frame: 234, track bbox: [163 x 210 from (232.308, 104.212)], gid: 2, lid: 0
I1014 14:12:44.213201  7469 work_thread.hpp:87]  [T-Work-Detect_0] Frame :234 split
I1014 14:12:44.213218  7469 work_thread.hpp:119]  [T-Work-Detect_0] Valid piece: gid = 2
I1014 14:12:44.213237  7469 work_thread.hpp:91]  [T-Work-Detect_0] Push to split queue:recog
I1014 14:12:44.213284  7471 work_thread.hpp:81]  [T-Work-Recog_1] Run work: WorkCapture
I1014 14:12:44.213289  7472 thread_intergrate.hpp:78] [T-Intergrate-intergrate] queue: frame output frame :234
I1014 14:12:44.213317  7472 thread_intergrate.hpp:85] [T-Intergrate-intergrate] queue: compare output face:2
I1014 14:12:44.213346  7472 thread_intergrate.hpp:137] T-Intergrate-intergrate set matched face: 2
I1014 14:12:44.213851  7471 work_thread.hpp:81]  [T-Work-Recog_1] Run work: WorkRecog
I1014 14:12:44.213956  7471 work_recog.hpp:89] Face id: 2 will run recog: bbox [163 x 210 from (235, 104)] quality: 0.484341
I1014 14:12:44.213987  7471 work_recog.hpp:96] Recog pair: [232 x 304 from (200, 56)], [163 x 210 from (35, 48)]
I1014 14:12:44.215103  7472 thread_intergrate.hpp:157] T-Intergrate-intergrate Show face :2, size :640 * 360
I1014 14:12:44.215647  7468 demo_inner.hpp:435] thread [SORT-0]  frame id 234 sorting queue size 0   FPS: 16.6748
I1014 14:12:44.215726  7467 demo_inner.hpp:260]  gui queue size 0, state = running
I1014 14:12:44.231566  7471 work_thread.hpp:81]  [T-Work-Recog_1] Run work: WorkCompare
I1014 14:12:44.232031  7471 work_compare.cpp:76] Compare face: 2 successed, similarity :0.995069, name : images/ThangLMb.jpg, normal size : 1548 * 1719!
I1014 14:12:44.266129  7466 demo_inner.hpp:177] decode queue size 0
I1014 14:12:44.266223  7469 work_thread.hpp:81]  [T-Work-Detect_0] Run work: WorkDetect
I1014 14:12:44.266255  7469 work_detect.cpp:102] Succeeded to add det start for frame 235
I1014 14:12:44.272941  7469 work_detect.cpp:70] Frame :235 detect result :1 face(s)
I1014 14:12:44.272982  7469 work_detect.cpp:86] Detected bbox: [165 x 209 from (233, 105)]
I1014 14:12:44.273025  7469 work_detect.cpp:120] Succeeded to add det end for frame 235
I1014 14:12:44.273041  7469 work_thread.hpp:81]  [T-Work-Detect_0] Run work: WrokTrack
I1014 14:12:44.273064  7469 work_track.cpp:82] Frame: 235 build input_characts: [0.257812 x 0.580556 from (0.364062, 0.291667)], 1.00019, 0
I1014 14:12:44.273119  7469 work_track.cpp:102] Succeeded to set track lock for frame 235
I1014 14:12:44.273159  7469 work_track.cpp:116] Succeeded to release track lock for frame 235
I1014 14:12:44.273174  7469 work_track.cpp:120] Track results of frame 235: 1 objects input, 1 objects tracked!
I1014 14:12:44.273191  7469 work_track.cpp:148] Frame: 235, track bbox: [165 x 209 from (232.575, 101.12)], gid: 2, lid: 0
I1014 14:12:44.273227  7469 work_thread.hpp:87]  [T-Work-Detect_0] Frame :235 split
I1014 14:12:44.273245  7469 work_thread.hpp:119]  [T-Work-Detect_0] Valid piece: gid = 2
