I1014 10:52:18.674258  4372 work_track.cpp:102] Succeeded to set track lock for frame 36
I1014 10:52:18.674307  4372 work_track.cpp:116] Succeeded to release track lock for frame 36
I1014 10:52:18.674324  4372 work_track.cpp:120] Track results of frame 36: 1 objects input, 1 objects tracked!
I1014 10:52:18.674341  4372 work_track.cpp:148] Frame: 36, track bbox: [144 x 196 from (254.205, 106.807)], gid: 0, lid: 0
I1014 10:52:18.674377  4372 work_thread.hpp:88]  [T-Work-Detect_0] Frame :36 split
I1014 10:52:18.674417  4372 work_thread.hpp:120]  [T-Work-Detect_0] Valid piece: gid = 0
I1014 10:52:18.674437  4372 work_thread.hpp:92]  [T-Work-Detect_0] Push to split queue:recog
I1014 10:52:18.674479  4374 work_thread.hpp:81]  [T-Work-Recog_1] Run work: WorkCapture
I1014 10:52:18.674482  4375 thread_intergrate.hpp:78] [T-Intergrate-intergrate] queue: frame output frame :36
I1014 10:52:18.674515  4375 thread_intergrate.hpp:85] [T-Intergrate-intergrate] queue: compare output face:0
I1014 10:52:18.674535  4375 thread_intergrate.hpp:137] T-Intergrate-intergrate set matched face: 0
I1014 10:52:18.675037  4374 work_thread.hpp:81]  [T-Work-Recog_1] Run work: WorkRecog
I1014 10:52:18.675061  4374 work_recog.hpp:89] Face id: 0 will run recog: bbox [144 x 196 from (253, 104)] quality: 0.473145
I1014 10:52:18.675088  4374 work_recog.hpp:96] Recog pair: [208 x 280 from (224, 64)], [144 x 196 from (29, 40)]
I1014 10:52:18.675885  4375 thread_intergrate.hpp:157] T-Intergrate-intergrate Show face :0, size :640 * 360
I1014 10:52:18.676471  4371 demo_inner.hpp:435] thread [SORT-0]  frame id 36 sorting queue size 0   FPS: 29.7366
I1014 10:52:18.692566  4374 work_thread.hpp:81]  [T-Work-Recog_1] Run work: WorkCompare
I1014 10:52:18.692677  4374 work_compare.cpp:76] Compare face: 0 successed, similarity :0.980394, name : images/thanglmb.jpg, normal size : 640 * 360!
I1014 10:52:18.696563  4369 demo_inner.hpp:177] decode queue size 0
I1014 10:52:18.696667  4372 work_thread.hpp:81]  [T-Work-Detect_0] Run work: WorkDetect
I1014 10:52:18.696722  4372 work_detect.cpp:102] Succeeded to add det start for frame 37
I1014 10:52:18.704231  4372 work_detect.cpp:70] Frame :37 detect result :1 face(s)
I1014 10:52:18.704278  4372 work_detect.cpp:86] Detected bbox: [144 x 196 from (255, 106)]
I1014 10:52:18.704344  4372 work_detect.cpp:120] Succeeded to add det end for frame 37
I1014 10:52:18.704362  4372 work_thread.hpp:81]  [T-Work-Detect_0] Run work: WrokTrack
I1014 10:52:18.704387  4372 work_track.cpp:82] Frame: 37 build input_characts: [0.225 x 0.544444 from (0.398438, 0.294444)], 1.00019, 0
I1014 10:52:18.704452  4372 work_track.cpp:102] Succeeded to set track lock for frame 37
I1014 10:52:18.704495  4372 work_track.cpp:116] Succeeded to release track lock for frame 37
I1014 10:52:18.704605  4372 work_track.cpp:120] Track results of frame 37: 1 objects input, 1 objects tracked!
I1014 10:52:18.704735  4372 work_track.cpp:148] Frame: 37, track bbox: [144 x 196 from (254.798, 103.857)], gid: 0, lid: 0
I1014 10:52:18.704774  4372 work_thread.hpp:88]  [T-Work-Detect_0] Frame :37 split
I1014 10:52:18.704792  4372 work_thread.hpp:120]  [T-Work-Detect_0] Valid piece: gid = 0
I1014 10:52:18.704836  4372 work_thread.hpp:92]  [T-Work-Detect_0] Push to split queue:recog
I1014 10:52:18.704891  4373 work_thread.hpp:81]  [T-Work-Recog_0] Run work: WorkCapture
I1014 10:52:18.705231  4375 thread_intergrate.hpp:78] [T-Intergrate-intergrate] queue: frame output frame :37
I1014 10:52:18.705258  4375 thread_intergrate.hpp:85] [T-Intergrate-intergrate] queue: compare output face:0
I1014 10:52:18.705276  4375 thread_intergrate.hpp:137] T-Intergrate-intergrate set matched face: 0
I1014 10:52:18.705478  4373 work_thread.hpp:81]  [T-Work-Recog_0] Run work: WorkRecog
I1014 10:52:18.705502  4373 work_recog.hpp:89] Face id: 0 will run recog: bbox [144 x 196 from (255, 106)] quality: 0.463142
I1014 10:52:18.705529  4373 work_recog.hpp:96] Recog pair: [208 x 280 from (224, 64)], [144 x 196 from (31, 42)]
I1014 10:52:18.706454  4375 thread_intergrate.hpp:157] T-Intergrate-intergrate Show face :0, size :640 * 360
I1014 10:52:18.707010  4371 demo_inner.hpp:435] thread [SORT-0]  frame id 37 sorting queue size 1   FPS: 29.826
I1014 10:52:18.723647  4373 work_thread.hpp:81]  [T-Work-Recog_0] Run work: WorkCompare
I1014 10:52:18.723763  4373 work_compare.cpp:76] Compare face: 0 successed, similarity :0.980325, name : images/thanglmb.jpg, normal size : 640 * 360!
I1014 10:52:18.732246  4369 demo_inner.hpp:177] decode queue size 0
I1014 10:52:18.732352  4372 work_thread.hpp:81]  [T-Work-Detect_0] Run work: WorkDetect
I1014 10:52:18.732409  4372 work_detect.cpp:102] Succeeded to add det start for frame 38
I1014 10:52:18.739897  4372 work_detect.cpp:70] Frame :38 detect result :1 face(s)
I1014 10:52:18.739945  4372 work_detect.cpp:86] Detected bbox: [148 x 196 from (256, 106)]
I1014 10:52:18.739995  4372 work_detect.cpp:120] Succeeded to add det end for frame 38
I1014 10:52:18.740063  4372 work_thread.hpp:81]  [T-Work-Detect_0] Run work: WrokTrack
I1014 10:52:18.740088  4372 work_track.cpp:82] Frame: 38 build input_characts: [0.23125 x 0.544444 from (0.4, 0.294444)], 1.00019, 0
I1014 10:52:18.740181  4372 work_track.cpp:102] Succeeded to set track lock for frame 38
I1014 10:52:18.740221  4372 work_track.cpp:116] Succeeded to release track lock for frame 38
I1014 10:52:18.740244  4372 work_track.cpp:120] Track results of frame 38: 1 objects input, 1 objects tracked!
I1014 10:52:18.740262  4372 work_track.cpp:148] Frame: 38, track bbox: [148 x 196 from (254.599, 101.925)], gid: 0, lid: 0
I1014 10:52:18.740298  4372 work_thread.hpp:88]  [T-Work-Detect_0] Frame :38 split
I1014 10:52:18.740315  4372 work_thread.hpp:120]  [T-Work-Detect_0] Valid piece: gid = 0
I1014 10:52:18.740334  4372 work_thread.hpp:92]  [T-Work-Detect_0] Push to split queue:recog
I1014 10:52:18.740396  4374 work_thread.hpp:81]  [T-Work-Recog_1] Run work: WorkCapture
I1014 10:52:18.740399  4375 thread_intergrate.hpp:78] [T-Intergrate-intergrate] queue: frame output frame :38
I1014 10:52:18.740429  4375 thread_intergrate.hpp:85] [T-Intergrate-intergrate] queue: compare output face:0
I1014 10:52:18.740448  4375 thread_intergrate.hpp:137] T-Intergrate-intergrate set matched face: 0
I1014 10:52:18.740957  4374 work_thread.hpp:81]  [T-Work-Recog_1] Run work: WorkRecog
I1014 10:52:18.740980  4374 work_recog.hpp:89] Face id: 0 will run recog: bbox [148 x 196 from (256, 106)] quality: 0.444109
I1014 10:52:18.741008  4374 work_recog.hpp:96] Recog pair: [216 x 280 from (224, 64)], [148 x 196 from (32, 42)]
I1014 10:52:18.741816  4375 thread_intergrate.hpp:157] T-Intergrate-intergrate Show face :0, size :640 * 360
I1014 10:52:18.742384  4371 demo_inner.hpp:435] thread [SORT-0]  frame id 38 sorting queue size 2   FPS: 29.7667
I1014 10:52:18.758425  4374 work_thread.hpp:81]  [T-Work-Recog_1] Run work: WorkCompare
I1014 10:52:18.758602  4374 work_compare.cpp:76] Compare face: 0 successed, similarity :0.982631, name : images/thanglmb.jpg, normal size : 640 * 360!
I1014 10:52:18.762157  4370 demo_inner.hpp:260]  gui queue size 2, state = running
I1014 10:52:18.767971  4369 demo_inner.hpp:177] decode queue size 0
I1014 10:52:18.768111  4372 work_thread.hpp:81]  [T-Work-Detect_0] Run work: WorkDetect
I1014 10:52:18.768149  4372 work_detect.cpp:102] Succeeded to add det start for frame 39
I1014 10:52:18.775701  4372 work_detect.cpp:70] Frame :39 detect result :1 face(s)
I1014 10:52:18.775744  4372 work_detect.cpp:86] Detected bbox: [147 x 198 from (257, 103)]
I1014 10:52:18.775786  4372 work_detect.cpp:120] Succeeded to add det end for frame 39
I1014 10:52:18.775830  4372 work_thread.hpp:81]  [T-Work-Detect_0] Run work: WrokTrack
I1014 10:52:18.775857  4372 work_track.cpp:82] Frame: 39 build input_characts: [0.229687 x 0.55 from (0.401563, 0.286111)], 1.00019, 0
I1014 10:52:18.775921  4372 work_track.cpp:102] Succeeded to set track lock for frame 39
I1014 10:52:18.775960  4372 work_track.cpp:116] Succeeded to release track lock for frame 39
I1014 10:52:18.775975  4372 work_track.cpp:120] Track results of frame 39: 1 objects input, 1 objects tracked!
I1014 10:52:18.775993  4372 work_track.cpp:148] Frame: 39, track bbox: [147 x 198 from (257.189, 102.911)], gid: 0, lid: 0
I1014 10:52:18.776099  4372 work_thread.hpp:88]  [T-Work-Detect_0] Frame :39 split
I1014 10:52:18.776118  4372 work_thread.hpp:120]  [T-Work-Detect_0] Valid piece: gid = 0
I1014 10:52:18.776136  4372 work_thread.hpp:92]  [T-Work-Detect_0] Push to split queue:recog
I1014 10:52:18.776203  4374 work_thread.hpp:81]  [T-Work-Recog_1] Run work: WorkCapture
I1014 10:52:18.776209  4375 thread_intergrate.hpp:78] [T-Intergrate-intergrate] queue: frame output frame :39
I1014 10:52:18.776238  4375 thread_intergrate.hpp:85] [T-Intergrate-intergrate] queue: compare output face:0
I1014 10:52:18.776257  4375 thread_intergrate.hpp:137] T-Intergrate-intergrate set matched face: 0
I1014 10:52:18.776806  4374 work_thread.hpp:81]  [T-Work-Recog_1] Run work: WorkRecog
I1014 10:52:18.776830  4374 work_recog.hpp:89] Face id: 0 will run recog: bbox [147 x 198 from (257, 103)] quality: 0.454703
I1014 10:52:18.776859  4374 work_recog.hpp:96] Recog pair: [216 x 280 from (224, 64)], [147 x 198 from (33, 39)]
I1014 10:52:18.777585  4375 thread_intergrate.hpp:157] T-Intergrate-intergrate Show face :0, size :640 * 360
I1014 10:52:18.778116  4371 demo_inner.hpp:435] thread [SORT-0]  frame id 39 sorting queue size 0   FPS: 29.734
I1014 10:52:18.794320  4374 work_thread.hpp:81]  [T-Work-Recog_1] Run work: WorkCompare
I1014 10:52:18.794430  4374 work_compare.cpp:76] Compare face: 0 successed, similarity :0.962489, name : images/thanglmb.jpg, normal size : 640 * 360!
I1014 10:52:18.798480  4369 demo_inner.hpp:177] decode queue size 0
I1014 10:52:18.798588  4372 work_thread.hpp:81]  [T-Work-Detect_0] Run work: WorkDetect
I1014 10:52:18.798624  4372 work_detect.cpp:102] Succeeded to add det start for frame 40
I1014 10:52:18.806125  4372 work_detect.cpp:70] Frame :40 detect result :1 face(s)
I1014 10:52:18.806169  4372 work_detect.cpp:86] Detected bbox: [148 x 194 from (258, 107)]
I1014 10:52:18.806242  4372 work_detect.cpp:120] Succeeded to add det end for frame 40
I1014 10:52:18.806259  4372 work_thread.hpp:81]  [T-Work-Detect_0] Run work: WrokTrack
I1014 10:52:18.806284  4372 work_track.cpp:82] Frame: 40 build input_characts: [0.23125 x 0.538889 from (0.403125, 0.297222)], 1.00019, 0
I1014 10:52:18.806349  4372 work_track.cpp:102] Succeeded to set track lock for frame 40
I1014 10:52:18.806409  4372 work_track.cpp:116] Succeeded to release track lock for frame 40
I1014 10:52:18.806425  4372 work_track.cpp:120] Track results of frame 40: 1 objects input, 1 objects tracked!
I1014 10:52:18.806452  4372 work_track.cpp:148] Frame: 40, track bbox: [148 x 194 from (258.353, 105.956)], gid: 0, lid: 0
I1014 10:52:18.806490  4372 work_thread.hpp:88]  [T-Work-Detect_0] Frame :40 split
I1014 10:52:18.806608  4372 work_thread.hpp:120]  [T-Work-Detect_0] Valid piece: gid = 0
I1014 10:52:18.806740  4372 work_thread.hpp:92]  [T-Work-Detect_0] Push to split queue:recog
I1014 10:52:18.806813  4373 work_thread.hpp:81]  [T-Work-Recog_0] Run work: WorkCapture
I1014 10:52:18.807231  4375 thread_intergrate.hpp:78] [T-Intergrate-intergrate] queue: frame output frame :40
I1014 10:52:18.807260  4375 thread_intergrate.hpp:85] [T-Intergrate-intergrate] queue: compare output face:0
I1014 10:52:18.807277  4375 thread_intergrate.hpp:137] T-Intergrate-intergrate set matched face: 0
I1014 10:52:18.807476  4373 work_thread.hpp:81]  [T-Work-Recog_0] Run work: WorkRecog
I1014 10:52:18.807500  4373 work_recog.hpp:89] Face id: 0 will run recog: bbox [148 x 194 from (258, 107)] quality: 0.430999
I1014 10:52:18.807551  4373 work_recog.hpp:96] Recog pair: [216 x 280 from (224, 64)], [148 x 194 from (34, 43)]
I1014 10:52:18.808470  4375 thread_intergrate.hpp:157] T-Intergrate-intergrate Show face :0, size :640 * 360
I1014 10:52:18.808987  4371 demo_inner.hpp:435] thread [SORT-0]  frame id 40 sorting queue size 1   FPS: 29.7937
I1014 10:52:18.825565  4373 work_thread.hpp:81]  [T-Work-Recog_0] Run work: WorkCompare
I1014 10:52:18.825678  4373 work_compare.cpp:76] Compare face: 0 successed, similarity :0.981693, name : images/thanglmb.jpg, normal size : 640 * 360!
I1014 10:52:18.829285  4370 demo_inner.hpp:260]  gui queue size 1, state = running
I1014 10:52:18.834203  4369 demo_inner.hpp:177] decode queue size 0
I1014 10:52:18.834311  4372 work_thread.hpp:81]  [T-Work-Detect_0] Run work: WorkDetect
I1014 10:52:18.834379  4372 work_detect.cpp:102] Succeeded to add det start for frame 41
I1014 10:52:18.841925  4372 work_detect.cpp:70] Frame :41 detect result :2 face(s)
I1014 10:52:18.841974  4372 work_detect.cpp:86] Detected bbox: [147 x 196 from (259, 105)]
I1014 10:52:18.842140  4372 work_detect.cpp:86] Detected bbox: [26 x 50 from (523, 182)]
I1014 10:52:18.842175  4372 work_detect.cpp:120] Succeeded to add det end for frame 41
I1014 10:52:18.842190  4372 work_thread.hpp:81]  [T-Work-Detect_0] Run work: WrokTrack
I1014 10:52:18.842216  4372 work_track.cpp:82] Frame: 41 build input_characts: [0.229687 x 0.544444 from (0.404687, 0.291667)], 0.999622, 0
I1014 10:52:18.842278  4372 work_track.cpp:82] Frame: 41 build input_characts: [0.040625 x 0.138889 from (0.817187, 0.505556)], 0.901423, 1
I1014 10:52:18.842312  4372 work_track.cpp:102] Succeeded to set track lock for frame 41
I1014 10:52:18.842378  4372 work_track.cpp:116] Succeeded to release track lock for frame 41
I1014 10:52:18.842396  4372 work_track.cpp:120] Track results of frame 41: 2 objects input, 1 objects tracked!
I1014 10:52:18.842414  4372 work_track.cpp:148] Frame: 41, track bbox: [147 x 196 from (259.8, 105.398)], gid: 0, lid: 0
I1014 10:52:18.842449  4372 work_track.cpp:162] Frame: 41 lid: 1 not tracked, will set invalid
I1014 10:52:18.842465  4372 work_thread.hpp:88]  [T-Work-Detect_0] Frame :41 split
I1014 10:52:18.842489  4372 work_thread.hpp:120]  [T-Work-Detect_0] Valid piece: gid = 0
I1014 10:52:18.842507  4372 work_thread.hpp:124]  [T-Work-Detect_0] Invalid piece: lid = 1, drop it
I1014 10:52:18.842523  4372 work_thread.hpp:92]  [T-Work-Detect_0] Push to split queue:recog
I1014 10:52:18.842564  4374 work_thread.hpp:81]  [T-Work-Recog_1] Run work: WorkCapture
I1014 10:52:18.842567  4375 thread_intergrate.hpp:78] [T-Intergrate-intergrate] queue: frame output frame :41
I1014 10:52:18.842609  4375 thread_intergrate.hpp:85] [T-Intergrate-intergrate] queue: compare output face:0
I1014 10:52:18.842628  4375 thread_intergrate.hpp:137] T-Intergrate-intergrate set matched face: 0
I1014 10:52:18.843117  4374 work_thread.hpp:81]  [T-Work-Recog_1] Run work: WorkRecog
I1014 10:52:18.843142  4374 work_recog.hpp:89] Face id: 0 will run recog: bbox [147 x 196 from (259, 105)] quality: 0.437556
I1014 10:52:18.843170  4374 work_recog.hpp:96] Recog pair: [216 x 280 from (224, 64)], [147 x 196 from (35, 41)]
I1014 10:52:18.843958  4375 thread_intergrate.hpp:157] T-Intergrate-intergrate Show face :0, size :640 * 360
I1014 10:52:18.844537  4371 demo_inner.hpp:435] thread [SORT-0]  frame id 41 sorting queue size 0   FPS: 29.7398
I1014 10:52:18.860677  4374 work_thread.hpp:81]  [T-Work-Recog_1] Run work: WorkCompare
I1014 10:52:18.860787  4374 work_compare.cpp:76] Compare face: 0 successed, similarity :0.988274, name : images/thanglmb.jpg, normal size : 640 * 360!
I1014 10:52:18.864542  4369 demo_inner.hpp:177] decode queue size 0
I1014 10:52:18.864658  4372 work_thread.hpp:81]  [T-Work-Detect_0] Run work: WorkDetect
I1014 10:52:18.864693  4372 work_detect.cpp:102] Succeeded to add det start for frame 42
I1014 10:52:18.872056  4372 work_detect.cpp:70] Frame :42 detect result :1 face(s)
I1014 10:52:18.872097  4372 work_detect.cpp:86] Detected bbox: [147 x 200 from (260, 102)]
I1014 10:52:18.872181  4372 work_detect.cpp:120] Succeeded to add det end for frame 42
I1014 10:52:18.872200  4372 work_thread.hpp:81]  [T-Work-Detect_0] Run work: WrokTrack
I1014 10:52:18.872225  4372 work_track.cpp:82] Frame: 42 build input_characts: [0.229687 x 0.555556 from (0.40625, 0.283333)], 1.00019, 0
I1014 10:52:18.872290  4372 work_track.cpp:102] Succeeded to set track lock for frame 42
I1014 10:52:18.872331  4372 work_track.cpp:116] Succeeded to release track lock for frame 42
I1014 10:52:18.872346  4372 work_track.cpp:120] Track results of frame 42: 1 objects input, 1 objects tracked!
I1014 10:52:18.872364  4372 work_track.cpp:148] Frame: 42, track bbox: [147 x 200 from (260.383, 102.389)], gid: 0, lid: 0
I1014 10:52:18.872423  4372 work_thread.hpp:88]  [T-Work-Detect_0] Frame :42 split
I1014 10:52:18.872442  4372 work_thread.hpp:120]  [T-Work-Detect_0] Valid piece: gid = 0
I1014 10:52:18.872460  4372 work_thread.hpp:92]  [T-Work-Detect_0] Push to split queue:recog
I1014 10:52:18.872516  4373 work_thread.hpp:81]  [T-Work-Recog_0] Run work: WorkCapture
I1014 10:52:18.872970  4375 thread_intergrate.hpp:78] [T-Intergrate-intergrate] queue: frame output frame :42
I1014 10:52:18.872997  4375 thread_intergrate.hpp:85] [T-Intergrate-intergrate] queue: compare output face:0
I1014 10:52:18.873015  4375 thread_intergrate.hpp:137] T-Intergrate-intergrate set matched face: 0
I1014 10:52:18.873216  4373 work_thread.hpp:81]  [T-Work-Recog_0] Run work: WorkRecog
I1014 10:52:18.873247  4373 work_recog.hpp:89] Face id: 0 will run recog: bbox [147 x 200 from (260, 102)] quality: 0.452751
I1014 10:52:18.873275  4373 work_recog.hpp:96] Recog pair: [216 x 288 from (224, 56)], [147 x 200 from (36, 46)]
I1014 10:52:18.874186  4375 thread_intergrate.hpp:157] T-Intergrate-intergrate Show face :0, size :640 * 360
I1014 10:52:18.874756  4371 demo_inner.hpp:435] thread [SORT-0]  frame id 42 sorting queue size 1   FPS: 29.8182
I1014 10:52:18.891367  4373 work_thread.hpp:81]  [T-Work-Recog_0] Run work: WorkCompare
I1014 10:52:18.891481  4373 work_compare.cpp:76] Compare face: 0 successed, similarity :0.985857, name : images/thanglmb.jpg, normal size : 640 * 360!
I1014 10:52:18.896317  4370 demo_inner.hpp:260]  gui queue size 1, state = running
I1014 10:52:18.900193  4369 demo_inner.hpp:177] decode queue size 0
I1014 10:52:18.900359  4372 work_thread.hpp:81]  [T-Work-Detect_0] Run work: WorkDetect
I1014 10:52:18.900396  4372 work_detect.cpp:102] Succeeded to add det start for frame 43
I1014 10:52:18.907940  4372 work_detect.cpp:70] Frame :43 detect result :1 face(s)
I1014 10:52:18.907990  4372 work_detect.cpp:86] Detected bbox: [139 x 196 from (267, 102)]
I1014 10:52:18.908102  4372 work_detect.cpp:120] Succeeded to add det end for frame 43
I1014 10:52:18.908119  4372 work_thread.hpp:81]  [T-Work-Detect_0] Run work: WrokTrack
I1014 10:52:18.908145  4372 work_track.cpp:82] Frame: 43 build input_characts: [0.217187 x 0.544444 from (0.417188, 0.283333)], 0.998877, 0
I1014 10:52:18.908229  4372 work_track.cpp:102] Succeeded to set track lock for frame 43
I1014 10:52:18.908273  4372 work_track.cpp:116] Succeeded to release track lock for frame 43
I1014 10:52:18.908288  4372 work_track.cpp:120] Track results of frame 43: 1 objects input, 1 objects tracked!
I1014 10:52:18.908402  4372 work_track.cpp:148] Frame: 43, track bbox: [139 x 196 from (266.003, 102.99)], gid: 0, lid: 0
I1014 10:52:18.908501  4372 work_thread.hpp:88]  [T-Work-Detect_0] Frame :43 split
I1014 10:52:18.908520  4372 work_thread.hpp:120]  [T-Work-Detect_0] Valid piece: gid = 0
I1014 10:52:18.908538  4372 work_thread.hpp:92]  [T-Work-Detect_0] Push to split queue:recog
I1014 10:52:18.908604  4374 work_thread.hpp:81]  [T-Work-Recog_1] Run work: WorkCapture
I1014 10:52:18.908608  4375 thread_intergrate.hpp:78] [T-Intergrate-intergrate] queue: frame output frame :43
I1014 10:52:18.908649  4375 thread_intergrate.hpp:85] [T-Intergrate-intergrate] queue: compare output face:0
I1014 10:52:18.908668  4375 thread_intergrate.hpp:137] T-Intergrate-intergrate set matched face: 0
I1014 10:52:18.909166  4374 work_thread.hpp:81]  [T-Work-Recog_1] Run work: WorkRecog
I1014 10:52:18.909190  4374 work_recog.hpp:89] Face id: 0 will run recog: bbox [139 x 196 from (267, 102)] quality: 0.423308
I1014 10:52:18.909219  4374 work_recog.hpp:96] Recog pair: [200 x 288 from (240, 56)], [139 x 196 from (27, 46)]
I1014 10:52:18.910004  4375 thread_intergrate.hpp:157] T-Intergrate-intergrate Show face :0, size :640 * 360
I1014 10:52:18.910519  4371 demo_inner.hpp:435] thread [SORT-0]  frame id 43 sorting queue size 0   FPS: 29.7661
I1014 10:52:18.926678  4374 work_thread.hpp:81]  [T-Work-Recog_1] Run work: WorkCompare
I1014 10:52:18.926789  4374 work_compare.cpp:76] Compare face: 0 successed, similarity :0.9768, name : images/thanglmb.jpg, normal size : 640 * 360!
I1014 10:52:18.930555  4369 demo_inner.hpp:177] decode queue size 0
I1014 10:52:18.930658  4372 work_thread.hpp:81]  [T-Work-Detect_0] Run work: WorkDetect
I1014 10:52:18.930696  4372 work_detect.cpp:102] Succeeded to add det start for frame 44
I1014 10:52:18.938166  4372 work_detect.cpp:70] Frame :44 detect result :1 face(s)
I1014 10:52:18.938231  4372 work_detect.cpp:86] Detected bbox: [136 x 192 from (270, 103)]
I1014 10:52:18.938274  4372 work_detect.cpp:120] Succeeded to add det end for frame 44
I1014 10:52:18.938290  4372 work_thread.hpp:81]  [T-Work-Detect_0] Run work: WrokTrack
I1014 10:52:18.938315  4372 work_track.cpp:82] Frame: 44 build input_characts: [0.2125 x 0.533333 from (0.421875, 0.286111)], 0.999622, 0
I1014 10:52:18.938378  4372 work_track.cpp:102] Succeeded to set track lock for frame 44
I1014 10:52:18.938418  4372 work_track.cpp:116] Succeeded to release track lock for frame 44
I1014 10:52:18.938433  4372 work_track.cpp:120] Track results of frame 44: 1 objects input, 1 objects tracked!
I1014 10:52:18.938473  4372 work_track.cpp:148] Frame: 44, track bbox: [136 x 192 from (269.539, 103.682)], gid: 0, lid: 0
I1014 10:52:18.938513  4372 work_thread.hpp:88]  [T-Work-Detect_0] Frame :44 split
I1014 10:52:18.938530  4372 work_thread.hpp:120]  [T-Work-Detect_0] Valid piece: gid = 0
I1014 10:52:18.938549  4372 work_thread.hpp:92]  [T-Work-Detect_0] Push to split queue:recog
I1014 10:52:18.938607  4373 work_thread.hpp:81]  [T-Work-Recog_0] Run work: WorkCapture
I1014 10:52:18.939056  4375 thread_intergrate.hpp:78] [T-Intergrate-intergrate] queue: frame output frame :44
I1014 10:52:18.939083  4375 thread_intergrate.hpp:85] [T-Intergrate-intergrate] queue: compare output face:0
I1014 10:52:18.939102  4375 thread_intergrate.hpp:137] T-Intergrate-intergrate set matched face: 0
I1014 10:52:18.939306  4373 work_thread.hpp:81]  [T-Work-Recog_0] Run work: WorkRecog
I1014 10:52:18.939337  4373 work_recog.hpp:89] Face id: 0 will run recog: bbox [136 x 192 from (270, 103)] quality: 0.423464
I1014 10:52:18.939365  4373 work_recog.hpp:96] Recog pair: [200 x 272 from (240, 64)], [136 x 192 from (30, 39)]
I1014 10:52:18.940295  4375 thread_intergrate.hpp:157] T-Intergrate-intergrate Show face :0, size :640 * 360
I1014 10:52:18.940873  4371 demo_inner.hpp:435] thread [SORT-0]  frame id 44 sorting queue size 1   FPS: 29.8404
I1014 10:52:18.957476  4373 work_thread.hpp:81]  [T-Work-Recog_0] Run work: WorkCompare
I1014 10:52:18.957607  4373 work_compare.cpp:76] Compare face: 0 successed, similarity :0.984501, name : images/thanglmb.jpg, normal size : 640 * 360!
I1014 10:52:18.966276  4369 demo_inner.hpp:177] decode queue size 0
I1014 10:52:18.966398  4372 work_thread.hpp:81]  [T-Work-Detect_0] Run work: WorkDetect
I1014 10:52:18.966434  4372 work_detect.cpp:102] Succeeded to add det start for frame 45
I1014 10:52:18.968623  4370 demo_inner.hpp:260]  gui queue size 1, state = running
I1014 10:52:18.974289  4372 work_detect.cpp:70] Frame :45 detect result :1 face(s)
I1014 10:52:18.974345  4372 work_detect.cpp:86] Detected bbox: [162 x 208 from (268, 100)]
I1014 10:52:18.974398  4372 work_detect.cpp:120] Succeeded to add det end for frame 45
I1014 10:52:18.974416  4372 work_thread.hpp:81]  [T-Work-Detect_0] Run work: WrokTrack
I1014 10:52:18.974440  4372 work_track.cpp:82] Frame: 45 build input_characts: [0.253125 x 0.577778 from (0.41875, 0.277778)], 1.00035, 0
I1014 10:52:18.974520  4372 work_track.cpp:102] Succeeded to set track lock for frame 45
I1014 10:52:18.974561  4372 work_track.cpp:116] Succeeded to release track lock for frame 45
I1014 10:52:18.974576  4372 work_track.cpp:120] Track results of frame 45: 1 objects input, 1 objects tracked!
I1014 10:52:18.974594  4372 work_track.cpp:148] Frame: 45, track bbox: [162 x 208 from (263.343, 97.0003)], gid: 0, lid: 0
I1014 10:52:18.974771  4372 work_thread.hpp:88]  [T-Work-Detect_0] Frame :45 split
I1014 10:52:18.974790  4372 work_thread.hpp:120]  [T-Work-Detect_0] Valid piece: gid = 0
I1014 10:52:18.974809  4372 work_thread.hpp:92]  [T-Work-Detect_0] Push to split queue:recog
I1014 10:52:18.974856  4374 work_thread.hpp:81]  [T-Work-Recog_1] Run work: WorkCapture
I1014 10:52:18.974861  4375 thread_intergrate.hpp:78] [T-Intergrate-intergrate] queue: frame output frame :45
I1014 10:52:18.974892  4375 thread_intergrate.hpp:85] [T-Intergrate-intergrate] queue: compare output face:0
I1014 10:52:18.974912  4375 thread_intergrate.hpp:137] T-Intergrate-intergrate set matched face: 0
I1014 10:52:18.975435  4374 work_thread.hpp:81]  [T-Work-Recog_1] Run work: WorkRecog
I1014 10:52:18.975458  4374 work_recog.hpp:89] Face id: 0 will run recog: bbox [162 x 208 from (268, 100)] quality: 0.444516
I1014 10:52:18.975487  4374 work_recog.hpp:96] Recog pair: [232 x 296 from (232, 56)], [162 x 208 from (36, 44)]
I1014 10:52:18.976085  4375 thread_intergrate.hpp:157] T-Intergrate-intergrate Show face :0, size :640 * 360
I1014 10:52:18.976589  4371 demo_inner.hpp:435] thread [SORT-0]  frame id 45 sorting queue size 0   FPS: 29.7901
I1014 10:52:18.993041  4374 work_thread.hpp:81]  [T-Work-Recog_1] Run work: WorkCompare
I1014 10:52:18.993150  4374 work_compare.cpp:76] Compare face: 0 successed, similarity :0.976023, name : images/thanglmb.jpg, normal size : 640 * 360!
I1014 10:52:18.996536  4369 demo_inner.hpp:177] decode queue size 0
I1014 10:52:18.996640  4372 work_thread.hpp:81]  [T-Work-Detect_0] Run work: WorkDetect
I1014 10:52:18.996712  4372 work_detect.cpp:102] Succeeded to add det start for frame 46
I1014 10:52:19.004124  4372 work_detect.cpp:70] Frame :46 detect result :1 face(s)
I1014 10:52:19.004221  4372 work_detect.cpp:86] Detected bbox: [166 x 208 from (268, 78)]
I1014 10:52:19.004266  4372 work_detect.cpp:120] Succeeded to add det end for frame 46
I1014 10:52:19.004290  4372 work_thread.hpp:81]  [T-Work-Detect_0] Run work: WrokTrack
I1014 10:52:19.004317  4372 work_track.cpp:82] Frame: 46 build input_characts: [0.259375 x 0.577778 from (0.41875, 0.216667)], 1.00019, 0
I1014 10:52:19.004371  4372 work_track.cpp:102] Succeeded to set track lock for frame 46
I1014 10:52:19.004433  4372 work_track.cpp:116] Succeeded to release track lock for frame 46
I1014 10:52:19.004449  4372 work_track.cpp:120] Track results of frame 46: 1 objects input, 1 objects tracked!
I1014 10:52:19.004467  4372 work_track.cpp:148] Frame: 46, track bbox: [166 x 208 from (267.077, 87.2115)], gid: 0, lid: 0
I1014 10:52:19.004504  4372 work_thread.hpp:88]  [T-Work-Detect_0] Frame :46 split
I1014 10:52:19.004528  4372 work_thread.hpp:120]  [T-Work-Detect_0] Valid piece: gid = 0
I1014 10:52:19.004616  4372 work_thread.hpp:92]  [T-Work-Detect_0] Push to split queue:recog
I1014 10:52:19.004806  4373 work_thread.hpp:81]  [T-Work-Recog_0] Run work: WorkCapture
I1014 10:52:19.005144  4375 thread_intergrate.hpp:78] [T-Intergrate-intergrate] queue: frame output frame :46
I1014 10:52:19.005173  4375 thread_intergrate.hpp:85] [T-Intergrate-intergrate] queue: compare output face:0
I1014 10:52:19.005192  4375 thread_intergrate.hpp:137] T-Intergrate-intergrate set matched face: 0
I1014 10:52:19.005421  4373 work_thread.hpp:81]  [T-Work-Recog_0] Run work: WorkRecog
I1014 10:52:19.005445  4373 work_recog.hpp:89] Face id: 0 will run recog: bbox [166 x 208 from (268, 78)] quality: 0.38549
I1014 10:52:19.005473  4373 work_recog.hpp:96] Recog pair: [240 x 296 from (232, 32)], [166 x 208 from (36, 46)]
I1014 10:52:19.006372  4375 thread_intergrate.hpp:157] T-Intergrate-intergrate Show face :0, size :640 * 360
I1014 10:52:19.006937  4371 demo_inner.hpp:435] thread [SORT-0]  frame id 46 sorting queue size 1   FPS: 29.8607
I1014 10:52:19.023646  4373 work_thread.hpp:81]  [T-Work-Recog_0] Run work: WorkCompare
I1014 10:52:19.023759  4373 work_compare.cpp:76] Compare face: 0 successed, similarity :0.988284, name : images/thanglmb.jpg, normal size : 640 * 360!
I1014 10:52:19.032716  4369 demo_inner.hpp:177] decode queue size 0
I1014 10:52:19.032857  4372 work_thread.hpp:81]  [T-Work-Detect_0] Run work: WorkDetect
I1014 10:52:19.032894  4372 work_detect.cpp:102] Succeeded to add det start for frame 47
I1014 10:52:19.040529  4372 work_detect.cpp:70] Frame :47 detect result :1 face(s)
I1014 10:52:19.040607  4372 work_detect.cpp:86] Detected bbox: [144 x 198 from (275, 101)]
I1014 10:52:19.040788  4372 work_detect.cpp:120] Succeeded to add det end for frame 47
I1014 10:52:19.040807  4372 work_thread.hpp:81]  [T-Work-Detect_0] Run work: WrokTrack
I1014 10:52:19.040843  4372 work_track.cpp:82] Frame: 47 build input_characts: [0.225 x 0.55 from (0.429688, 0.280556)], 1.00019, 0
I1014 10:52:19.040904  4372 work_track.cpp:102] Succeeded to set track lock for frame 47
I1014 10:52:19.040966  4372 work_track.cpp:116] Succeeded to release track lock for frame 47
I1014 10:52:19.040983  4372 work_track.cpp:120] Track results of frame 47: 1 objects input, 1 objects tracked!
I1014 10:52:19.041002  4372 work_track.cpp:148] Frame: 47, track bbox: [144 x 198 from (279.163, 94.6226)], gid: 0, lid: 0
I1014 10:52:19.041038  4372 work_thread.hpp:88]  [T-Work-Detect_0] Frame :47 split
I1014 10:52:19.041056  4372 work_thread.hpp:120]  [T-Work-Detect_0] Valid piece: gid = 0
I1014 10:52:19.041081  4372 work_thread.hpp:92]  [T-Work-Detect_0] Push to split queue:recog
I1014 10:52:19.041126  4375 thread_intergrate.hpp:78] [T-Intergrate-intergrate] queue: frame output frame :47
I1014 10:52:19.041129  4374 work_thread.hpp:81]  [T-Work-Recog_1] Run work: WorkCapture
I1014 10:52:19.041157  4375 thread_intergrate.hpp:85] [T-Intergrate-intergrate] queue: compare output face:0
I1014 10:52:19.041175  4375 thread_intergrate.hpp:137] T-Intergrate-intergrate set matched face: 0
I1014 10:52:19.041716  4374 work_thread.hpp:81]  [T-Work-Recog_1] Run work: WorkRecog
I1014 10:52:19.041743  4374 work_recog.hpp:89] Face id: 0 will run recog: bbox [144 x 198 from (275, 101)] quality: 0.437296
I1014 10:52:19.041774  4374 work_recog.hpp:96] Recog pair: [208 x 288 from (240, 56)], [144 x 198 from (35, 45)]
I1014 10:52:19.042343  4375 thread_intergrate.hpp:157] T-Intergrate-intergrate Show face :0, size :640 * 360
I1014 10:52:19.042883  4371 demo_inner.hpp:435] thread [SORT-0]  frame id 47 sorting queue size 2   FPS: 29.8121
I1014 10:52:19.059393  4374 work_thread.hpp:81]  [T-Work-Recog_1] Run work: WorkCompare
I1014 10:52:19.059499  4374 work_compare.cpp:76] Compare face: 0 successed, similarity :0.9709, name : images/thanglmb.jpg, normal size : 640 * 360!
I1014 10:52:19.063475  4370 demo_inner.hpp:260]  gui queue size 2, state = running
I1014 10:52:19.068512  4369 demo_inner.hpp:177] decode queue size 0
I1014 10:52:19.068640  4372 work_thread.hpp:81]  [T-Work-Detect_0] Run work: WorkDetect
I1014 10:52:19.068789  4372 work_detect.cpp:102] Succeeded to add det start for frame 48
I1014 10:52:19.076311  4372 work_detect.cpp:70] Frame :48 detect result :1 face(s)
I1014 10:52:19.076359  4372 work_detect.cpp:86] Detected bbox: [159 x 208 from (275, 96)]
I1014 10:52:19.076409  4372 work_detect.cpp:120] Succeeded to add det end for frame 48
I1014 10:52:19.076426  4372 work_thread.hpp:81]  [T-Work-Detect_0] Run work: WrokTrack
I1014 10:52:19.076452  4372 work_track.cpp:82] Frame: 48 build input_characts: [0.248437 x 0.577778 from (0.429688, 0.266667)], 1.00019, 0
I1014 10:52:19.076532  4372 work_track.cpp:102] Succeeded to set track lock for frame 48
I1014 10:52:19.076572  4372 work_track.cpp:116] Succeeded to release track lock for frame 48
I1014 10:52:19.076587  4372 work_track.cpp:120] Track results of frame 48: 1 objects input, 1 objects tracked!
I1014 10:52:19.076606  4372 work_track.cpp:148] Frame: 48, track bbox: [159 x 208 from (274.998, 92.1454)], gid: 0, lid: 0
I1014 10:52:19.076769  4372 work_thread.hpp:88]  [T-Work-Detect_0] Frame :48 split
I1014 10:52:19.076788  4372 work_thread.hpp:120]  [T-Work-Detect_0] Valid piece: gid = 0
I1014 10:52:19.076807  4372 work_thread.hpp:92]  [T-Work-Detect_0] Push to split queue:recog
I1014 10:52:19.076846  4374 work_thread.hpp:81]  [T-Work-Recog_1] Run work: WorkCapture
I1014 10:52:19.076856  4375 thread_intergrate.hpp:78] [T-Intergrate-intergrate] queue: frame output frame :48
I1014 10:52:19.076885  4375 thread_intergrate.hpp:85] [T-Intergrate-intergrate] queue: compare output face:0
I1014 10:52:19.076905  4375 thread_intergrate.hpp:137] T-Intergrate-intergrate set matched face: 0
I1014 10:52:19.077406  4374 work_thread.hpp:81]  [T-Work-Recog_1] Run work: WorkRecog
I1014 10:52:19.077430  4374 work_recog.hpp:89] Face id: 0 will run recog: bbox [159 x 208 from (275, 96)] quality: 0.458253
I1014 10:52:19.077459  4374 work_recog.hpp:96] Recog pair: [232 x 304 from (240, 48)], [159 x 208 from (35, 48)]
I1014 10:52:19.078076  4375 thread_intergrate.hpp:157] T-Intergrate-intergrate Show face :0, size :640 * 360
I1014 10:52:19.078588  4371 demo_inner.hpp:435] thread [SORT-0]  frame id 48 sorting queue size 0   FPS: 29.7657
I1014 10:52:19.094965  4374 work_thread.hpp:81]  [T-Work-Recog_1] Run work: WorkCompare
I1014 10:52:19.095077  4374 work_compare.cpp:76] Compare face: 0 successed, similarity :0.969458, name : images/thanglmb.jpg, normal size : 640 * 360!
I1014 10:52:19.098583  4369 demo_inner.hpp:177] decode queue size 0
I1014 10:52:19.098692  4372 work_thread.hpp:81]  [T-Work-Detect_0] Run work: WorkDetect
I1014 10:52:19.098728  4372 work_detect.cpp:102] Succeeded to add det start for frame 49
I1014 10:52:19.106325  4372 work_detect.cpp:70] Frame :49 detect result :1 face(s)
I1014 10:52:19.106369  4372 work_detect.cpp:86] Detected bbox: [167 x 212 from (273, 75)]
I1014 10:52:19.106418  4372 work_detect.cpp:120] Succeeded to add det end for frame 49
I1014 10:52:19.106436  4372 work_thread.hpp:81]  [T-Work-Detect_0] Run work: WrokTrack
I1014 10:52:19.106459  4372 work_track.cpp:82] Frame: 49 build input_characts: [0.260938 x 0.588889 from (0.426562, 0.208333)], 1.00019, 0
I1014 10:52:19.106537  4372 work_track.cpp:102] Succeeded to set track lock for frame 49
I1014 10:52:19.106576  4372 work_track.cpp:116] Succeeded to release track lock for frame 49
I1014 10:52:19.106591  4372 work_track.cpp:120] Track results of frame 49: 1 objects input, 1 objects tracked!
I1014 10:52:19.106609  4372 work_track.cpp:148] Frame: 49, track bbox: [167 x 212 from (273.372, 82.3819)], gid: 0, lid: 0
I1014 10:52:19.106755  4372 work_thread.hpp:88]  [T-Work-Detect_0] Frame :49 split
I1014 10:52:19.106798  4372 work_thread.hpp:120]  [T-Work-Detect_0] Valid piece: gid = 0
I1014 10:52:19.106818  4372 work_thread.hpp:92]  [T-Work-Detect_0] Push to split queue:recog
I1014 10:52:19.106858  4374 work_thread.hpp:81]  [T-Work-Recog_1] Run work: WorkCapture
I1014 10:52:19.106870  4375 thread_intergrate.hpp:78] [T-Intergrate-intergrate] queue: frame output frame :49
I1014 10:52:19.106981  4375 thread_intergrate.hpp:85] [T-Intergrate-intergrate] queue: compare output face:0
I1014 10:52:19.107002  4375 thread_intergrate.hpp:137] T-Intergrate-intergrate set matched face: 0
I1014 10:52:19.107426  4374 work_thread.hpp:81]  [T-Work-Recog_1] Run work: WorkRecog
I1014 10:52:19.107450  4374 work_recog.hpp:89] Face id: 0 will run recog: bbox [167 x 212 from (273, 75)] quality: 0.406246
I1014 10:52:19.107481  4374 work_recog.hpp:96] Recog pair: [240 x 304 from (240, 32)], [167 x 212 from (33, 43)]
I1014 10:52:19.108196  4375 thread_intergrate.hpp:157] T-Intergrate-intergrate Show face :0, size :640 * 360
I1014 10:52:19.108731  4371 demo_inner.hpp:435] thread [SORT-0]  frame id 49 sorting queue size 1   FPS: 29.8322
I1014 10:52:19.125057  4374 work_thread.hpp:81]  [T-Work-Recog_1] Run work: WorkCompare
I1014 10:52:19.125160  4374 work_compare.cpp:76] Compare face: 0 successed, similarity :0.987837, name : images/thanglmb.jpg, normal size : 640 * 360!
I1014 10:52:19.134356  4369 demo_inner.hpp:177] decode queue size 0
I1014 10:52:19.134491  4372 work_thread.hpp:81]  [T-Work-Detect_0] Run work: WorkDetect
I1014 10:52:19.134529  4372 work_detect.cpp:102] Succeeded to add det start for frame 50
I1014 10:52:19.136565  4370 demo_inner.hpp:260]  gui queue size 1, state = running
I1014 10:52:19.142251  4372 work_detect.cpp:70] Frame :50 detect result :1 face(s)
I1014 10:52:19.142307  4372 work_detect.cpp:86] Detected bbox: [153 x 201 from (283, 100)]
I1014 10:52:19.142359  4372 work_detect.cpp:120] Succeeded to add det end for frame 50
I1014 10:52:19.142376  4372 work_thread.hpp:81]  [T-Work-Detect_0] Run work: WrokTrack
I1014 10:52:19.142401  4372 work_track.cpp:82] Frame: 50 build input_characts: [0.239063 x 0.558333 from (0.442187, 0.277778)], 1.00019, 0
I1014 10:52:19.142482  4372 work_track.cpp:102] Succeeded to set track lock for frame 50
I1014 10:52:19.142521  4372 work_track.cpp:116] Succeeded to release track lock for frame 50
I1014 10:52:19.142536  4372 work_track.cpp:120] Track results of frame 50: 1 objects input, 1 objects tracked!
I1014 10:52:19.142554  4372 work_track.cpp:148] Frame: 50, track bbox: [153 x 201 from (281.867, 92.6294)], gid: 0, lid: 0
I1014 10:52:19.142598  4372 work_thread.hpp:88]  [T-Work-Detect_0] Frame :50 split
I1014 10:52:19.142741  4372 work_thread.hpp:120]  [T-Work-Detect_0] Valid piece: gid = 0
I1014 10:52:19.142762  4372 work_thread.hpp:92]  [T-Work-Detect_0] Push to split queue:recog
I1014 10:52:19.142817  4375 thread_intergrate.hpp:78] [T-Intergrate-intergrate] queue: frame output frame :50
I1014 10:52:19.142817  4374 work_thread.hpp:81]  [T-Work-Recog_1] Run work: WorkCapture
I1014 10:52:19.142846  4375 thread_intergrate.hpp:85] [T-Intergrate-intergrate] queue: compare output face:0
I1014 10:52:19.142865  4375 thread_intergrate.hpp:137] T-Intergrate-intergrate set matched face: 0
I1014 10:52:19.143412  4374 work_thread.hpp:81]  [T-Work-Recog_1] Run work: WorkRecog
I1014 10:52:19.143436  4374 work_recog.hpp:89] Face id: 0 will run recog: bbox [153 x 201 from (283, 100)] quality: 0.423464
I1014 10:52:19.143466  4374 work_recog.hpp:96] Recog pair: [224 x 288 from (248, 56)], [153 x 201 from (35, 44)]
I1014 10:52:19.144033  4375 thread_intergrate.hpp:157] T-Intergrate-intergrate Show face :0, size :640 * 360
I1014 10:52:19.144556  4371 demo_inner.hpp:435] thread [SORT-0]  frame id 50 sorting queue size 0   FPS: 29.7872
I1014 10:52:19.160995  4374 work_thread.hpp:81]  [T-Work-Recog_1] Run work: WorkCompare
I1014 10:52:19.161106  4374 work_compare.cpp:76] Compare face: 0 successed, similarity :0.974665, name : images/thanglmb.jpg, normal size : 640 * 360!
I1014 10:52:19.164506  4369 demo_inner.hpp:177] decode queue size 0
I1014 10:52:19.164589  4372 work_thread.hpp:81]  [T-Work-Detect_0] Run work: WorkDetect
I1014 10:52:19.164630  4372 work_detect.cpp:102] Succeeded to add det start for frame 51
I1014 10:52:19.172132  4372 work_detect.cpp:70] Frame :51 detect result :1 face(s)
I1014 10:52:19.172204  4372 work_detect.cpp:86] Detected bbox: [154 x 206 from (284, 99)]
I1014 10:52:19.172334  4372 work_detect.cpp:120] Succeeded to add det end for frame 51
I1014 10:52:19.172385  4372 work_thread.hpp:81]  [T-Work-Detect_0] Run work: WrokTrack
I1014 10:52:19.172412  4372 work_track.cpp:82] Frame: 51 build input_characts: [0.240625 x 0.572222 from (0.44375, 0.275)], 1.00035, 0
I1014 10:52:19.172544  4372 work_track.cpp:102] Succeeded to set track lock for frame 51
I1014 10:52:19.172585  4372 work_track.cpp:116] Succeeded to release track lock for frame 51
I1014 10:52:19.172734  4372 work_track.cpp:120] Track results of frame 51: 1 objects input, 1 objects tracked!
I1014 10:52:19.172753  4372 work_track.cpp:148] Frame: 51, track bbox: [154 x 206 from (284.321, 97.1073)], gid: 0, lid: 0
I1014 10:52:19.172791  4372 work_thread.hpp:88]  [T-Work-Detect_0] Frame :51 split
I1014 10:52:19.172808  4372 work_thread.hpp:120]  [T-Work-Detect_0] Valid piece: gid = 0
I1014 10:52:19.172827  4372 work_thread.hpp:92]  [T-Work-Detect_0] Push to split queue:recog
I1014 10:52:19.172897  4373 work_thread.hpp:81]  [T-Work-Recog_0] Run work: WorkCapture
I1014 10:52:19.172917  4375 thread_intergrate.hpp:78] [T-Intergrate-intergrate] queue: frame output frame :51
I1014 10:52:19.172942  4375 thread_intergrate.hpp:85] [T-Intergrate-intergrate] queue: compare output face:0
I1014 10:52:19.172969  4375 thread_intergrate.hpp:137] T-Intergrate-intergrate set matched face: 0
I1014 10:52:19.173465  4373 work_thread.hpp:81]  [T-Work-Recog_0] Run work: WorkRecog
I1014 10:52:19.173487  4373 work_recog.hpp:89] Face id: 0 will run recog: bbox [154 x 206 from (284, 99)] quality: 0.423464
I1014 10:52:19.173516  4373 work_recog.hpp:96] Recog pair: [224 x 296 from (248, 56)], [154 x 206 from (36, 43)]
I1014 10:52:19.174392  4375 thread_intergrate.hpp:157] T-Intergrate-intergrate Show face :0, size :640 * 360
I1014 10:52:19.174935  4371 demo_inner.hpp:435] thread [SORT-0]  frame id 51 sorting queue size 1   FPS: 29.8507
I1014 10:52:19.191213  4373 work_thread.hpp:81]  [T-Work-Recog_0] Run work: WorkCompare
I1014 10:52:19.191334  4373 work_compare.cpp:76] Compare face: 0 successed, similarity :0.957521, name : images/thanglmb.jpg, normal size : 640 * 360!
I1014 10:52:19.200080  4369 demo_inner.hpp:177] decode queue size 0
I1014 10:52:19.200240  4372 work_thread.hpp:81]  [T-Work-Detect_0] Run work: WorkDetect
I1014 10:52:19.200276  4372 work_detect.cpp:102] Succeeded to add det start for frame 52
I1014 10:52:19.206949  4372 work_detect.cpp:70] Frame :52 detect result :1 face(s)
I1014 10:52:19.206992  4372 work_detect.cpp:86] Detected bbox: [166 x 212 from (279, 76)]
I1014 10:52:19.207034  4372 work_detect.cpp:120] Succeeded to add det end for frame 52
I1014 10:52:19.207051  4372 work_thread.hpp:81]  [T-Work-Detect_0] Run work: WrokTrack
I1014 10:52:19.207075  4372 work_track.cpp:82] Frame: 52 build input_characts: [0.259375 x 0.588889 from (0.435937, 0.211111)], 1.00019, 0
I1014 10:52:19.207130  4372 work_track.cpp:102] Succeeded to set track lock for frame 52
I1014 10:52:19.207190  4372 work_track.cpp:116] Succeeded to release track lock for frame 52
I1014 10:52:19.207203  4372 work_track.cpp:120] Track results of frame 52: 1 objects input, 1 objects tracked!
I1014 10:52:19.207221  4372 work_track.cpp:148] Frame: 52, track bbox: [166 x 212 from (280.716, 83.6643)], gid: 0, lid: 0
I1014 10:52:19.207258  4372 work_thread.hpp:88]  [T-Work-Detect_0] Frame :52 split
I1014 10:52:19.207276  4372 work_thread.hpp:120]  [T-Work-Detect_0] Valid piece: gid = 0
I1014 10:52:19.207293  4372 work_thread.hpp:92]  [T-Work-Detect_0] Push to split queue:recog
I1014 10:52:19.207345  4374 work_thread.hpp:81]  [T-Work-Recog_1] Run work: WorkCapture
I1014 10:52:19.207645  4375 thread_intergrate.hpp:78] [T-Intergrate-intergrate] queue: frame output frame :52
I1014 10:52:19.207679  4375 thread_intergrate.hpp:85] [T-Intergrate-intergrate] queue: compare output face:0
I1014 10:52:19.207700  4375 thread_intergrate.hpp:137] T-Intergrate-intergrate set matched face: 0
I1014 10:52:19.207887  4374 work_thread.hpp:81]  [T-Work-Recog_1] Run work: WorkRecog
I1014 10:52:19.207911  4374 work_recog.hpp:89] Face id: 0 will run recog: bbox [166 x 212 from (279, 76)] quality: 0.43799
I1014 10:52:19.208011  4374 work_recog.hpp:96] Recog pair: [240 x 304 from (240, 32)], [166 x 212 from (39, 44)]
I1014 10:52:19.209275  4375 thread_intergrate.hpp:157] T-Intergrate-intergrate Show face :0, size :640 * 360
I1014 10:52:19.209878  4371 demo_inner.hpp:435] thread [SORT-0]  frame id 52 sorting queue size 2   FPS: 29.8246
I1014 10:52:19.220013  4370 demo_inner.hpp:260]  gui queue size 2, state = running
I1014 10:52:19.226209  4374 work_thread.hpp:81]  [T-Work-Recog_1] Run work: WorkCompare
I1014 10:52:19.226323  4374 work_compare.cpp:76] Compare face: 0 successed, similarity :0.969773, name : images/thanglmb.jpg, normal size : 640 * 360!
I1014 10:52:19.230695  4369 demo_inner.hpp:177] decode queue size 0
I1014 10:52:19.230798  4372 work_thread.hpp:81]  [T-Work-Detect_0] Run work: WorkDetect
I1014 10:52:19.230830  4372 work_detect.cpp:102] Succeeded to add det start for frame 53
I1014 10:52:19.237603  4372 work_detect.cpp:70] Frame :53 detect result :1 face(s)
I1014 10:52:19.237651  4372 work_detect.cpp:86] Detected bbox: [156 x 204 from (286, 100)]
I1014 10:52:19.237694  4372 work_detect.cpp:120] Succeeded to add det end for frame 53
I1014 10:52:19.237709  4372 work_thread.hpp:81]  [T-Work-Detect_0] Run work: WrokTrack
I1014 10:52:19.237735  4372 work_track.cpp:82] Frame: 53 build input_characts: [0.24375 x 0.566667 from (0.446875, 0.277778)], 1.00019, 0
I1014 10:52:19.237789  4372 work_track.cpp:102] Succeeded to set track lock for frame 53
I1014 10:52:19.237831  4372 work_track.cpp:116] Succeeded to release track lock for frame 53
I1014 10:52:19.237846  4372 work_track.cpp:120] Track results of frame 53: 1 objects input, 1 objects tracked!
I1014 10:52:19.237864  4372 work_track.cpp:148] Frame: 53, track bbox: [156 x 204 from (286.265, 93.6292)], gid: 0, lid: 0
I1014 10:52:19.237900  4372 work_thread.hpp:88]  [T-Work-Detect_0] Frame :53 split
I1014 10:52:19.237917  4372 work_thread.hpp:120]  [T-Work-Detect_0] Valid piece: gid = 0
I1014 10:52:19.237936  4372 work_thread.hpp:92]  [T-Work-Detect_0] Push to split queue:recog
I1014 10:52:19.237982  4373 work_thread.hpp:81]  [T-Work-Recog_0] Run work: WorkCapture
I1014 10:52:19.237989  4375 thread_intergrate.hpp:78] [T-Intergrate-intergrate] queue: frame output frame :53
I1014 10:52:19.238103  4375 thread_intergrate.hpp:85] [T-Intergrate-intergrate] queue: compare output face:0
I1014 10:52:19.238123  4375 thread_intergrate.hpp:137] T-Intergrate-intergrate set matched face: 0
I1014 10:52:19.238538  4373 work_thread.hpp:81]  [T-Work-Recog_0] Run work: WorkRecog
I1014 10:52:19.238562  4373 work_recog.hpp:89] Face id: 0 will run recog: bbox [156 x 204 from (286, 100)] quality: 0.444325
I1014 10:52:19.238591  4373 work_recog.hpp:96] Recog pair: [232 x 288 from (248, 56)], [156 x 204 from (38, 44)]
I1014 10:52:19.239670  4375 thread_intergrate.hpp:157] T-Intergrate-intergrate Show face :0, size :640 * 360
I1014 10:52:19.240311  4371 demo_inner.hpp:435] thread [SORT-0]  frame id 53 sorting queue size 0   FPS: 29.8679
I1014 10:52:19.256075  4373 work_thread.hpp:81]  [T-Work-Recog_0] Run work: WorkCompare
I1014 10:52:19.256181  4373 work_compare.cpp:76] Compare face: 0 successed, similarity :0.979758, name : images/thanglmb.jpg, normal size : 640 * 360!
I1014 10:52:19.265933  4369 demo_inner.hpp:177] decode queue size 0
I1014 10:52:19.266039  4372 work_thread.hpp:81]  [T-Work-Detect_0] Run work: WorkDetect
I1014 10:52:19.266077  4372 work_detect.cpp:102] Succeeded to add det start for frame 54
I1014 10:52:19.272797  4372 work_detect.cpp:70] Frame :54 detect result :1 face(s)
I1014 10:52:19.272840  4372 work_detect.cpp:86] Detected bbox: [156 x 207 from (288, 100)]
I1014 10:52:19.272883  4372 work_detect.cpp:120] Succeeded to add det end for frame 54
I1014 10:52:19.272899  4372 work_thread.hpp:81]  [T-Work-Detect_0] Run work: WrokTrack
I1014 10:52:19.272924  4372 work_track.cpp:82] Frame: 54 build input_characts: [0.24375 x 0.575 from (0.45, 0.277778)], 0.999622, 0
I1014 10:52:19.273051  4372 work_track.cpp:102] Succeeded to set track lock for frame 54
I1014 10:52:19.273092  4372 work_track.cpp:116] Succeeded to release track lock for frame 54
I1014 10:52:19.273108  4372 work_track.cpp:120] Track results of frame 54: 1 objects input, 1 objects tracked!
I1014 10:52:19.273125  4372 work_track.cpp:148] Frame: 54, track bbox: [156 x 207 from (287.939, 98.597)], gid: 0, lid: 0
I1014 10:52:19.273161  4372 work_thread.hpp:88]  [T-Work-Detect_0] Frame :54 split
I1014 10:52:19.273180  4372 work_thread.hpp:120]  [T-Work-Detect_0] Valid piece: gid = 0
I1014 10:52:19.273197  4372 work_thread.hpp:92]  [T-Work-Detect_0] Push to split queue:recog
I1014 10:52:19.273238  4373 work_thread.hpp:81]  [T-Work-Recog_0] Run work: WorkCapture
I1014 10:52:19.273265  4375 thread_intergrate.hpp:78] [T-Intergrate-intergrate] queue: frame output frame :54
I1014 10:52:19.273293  4375 thread_intergrate.hpp:85] [T-Intergrate-intergrate] queue: compare output face:0
I1014 10:52:19.273313  4375 thread_intergrate.hpp:137] T-Intergrate-intergrate set matched face: 0
I1014 10:52:19.273797  4373 work_thread.hpp:81]  [T-Work-Recog_0] Run work: WorkRecog
I1014 10:52:19.273820  4373 work_recog.hpp:89] Face id: 0 will run recog: bbox [156 x 207 from (288, 100)] quality: 0.437786
I1014 10:52:19.273847  4373 work_recog.hpp:96] Recog pair: [224 x 296 from (256, 56)], [156 x 207 from (32, 44)]
I1014 10:52:19.274899  4375 thread_intergrate.hpp:157] T-Intergrate-intergrate Show face :0, size :640 * 360
I1014 10:52:19.275451  4371 demo_inner.hpp:435] thread [SORT-0]  frame id 54 sorting queue size 1   FPS: 29.8423
I1014 10:52:19.287184  4370 demo_inner.hpp:260]  gui queue size 1, state = running
I1014 10:52:19.291908  4373 work_thread.hpp:81]  [T-Work-Recog_0] Run work: WorkCompare
I1014 10:52:19.292018  4373 work_compare.cpp:76] Compare face: 0 successed, similarity :0.983189, name : images/thanglmb.jpg, normal size : 640 * 360!
I1014 10:52:19.301915  4369 demo_inner.hpp:177] decode queue size 0
I1014 10:52:19.302023  4372 work_thread.hpp:81]  [T-Work-Detect_0] Run work: WorkDetect
