I1014 15:43:34.930080  9400 work_thread.hpp:120]  [T-Work-Detect_0] Valid piece: gid = 0
I1014 15:43:34.930099  9400 work_thread.hpp:91]  [T-Work-Detect_0] Push to split queue:recog
I1014 15:43:34.930140  9401 work_thread.hpp:81]  [T-Work-Recog_0] Run work: WorkCapture
I1014 15:43:34.930155  9403 thread_intergrate.hpp:78] [T-Intergrate-intergrate] queue: frame output frame :113
I1014 15:43:34.930186  9403 thread_intergrate.hpp:85] [T-Intergrate-intergrate] queue: compare output face:0
I1014 15:43:34.930204  9403 thread_intergrate.hpp:144] T-Intergrate-intergrate set matched face: 0
I1014 15:43:34.930866  9401 work_thread.hpp:81]  [T-Work-Recog_0] Run work: WorkRecog
I1014 15:43:34.930892  9401 work_recog.hpp:89] Face id: 0 will run recog: bbox [158 x 204 from (266, 142)] quality: 0.454922
I1014 15:43:34.930922  9401 work_recog.hpp:96] Recog pair: [224 x 264 from (232, 96)], [158 x 204 from (34, 46)]
I1014 15:43:34.932400  9403 thread_intergrate.hpp:188] T-Intergrate-intergrate Show face :0, size :640 * 360
I1014 15:43:34.933113  9399 demo_inner.hpp:435] thread [SORT-0]  frame id 113 sorting queue size 1   FPS: 29.9607
I1014 15:43:34.948556  9401 work_thread.hpp:81]  [T-Work-Recog_0] Run work: WorkCompare
I1014 15:43:34.949043  9401 work_compare.cpp:76] Compare face: 0 successed, similarity :0.993179, name : images/ThangLMb.jpg, normal size : 1548 * 1719!
I1014 15:43:34.957808  9397 demo_inner.hpp:177] decode queue size 0
I1014 15:43:34.957947  9400 work_thread.hpp:81]  [T-Work-Detect_0] Run work: WorkDetect
I1014 15:43:34.957988  9400 work_detect.cpp:102] Succeeded to add det start for frame 114
I1014 15:43:34.964800  9400 work_detect.cpp:70] Frame :114 detect result :1 face(s)
I1014 15:43:34.964845  9400 work_detect.cpp:86] Detected bbox: [161 x 212 from (265, 136)]
I1014 15:43:34.964888  9400 work_detect.cpp:120] Succeeded to add det end for frame 114
I1014 15:43:34.964905  9400 work_thread.hpp:81]  [T-Work-Detect_0] Run work: WrokTrack
I1014 15:43:34.965000  9400 work_track.cpp:82] Frame: 114 build input_characts: [0.251563 x 0.588889 from (0.414062, 0.377778)], 1.00019, 0
I1014 15:43:34.965057  9400 work_track.cpp:102] Succeeded to set track lock for frame 114
I1014 15:43:34.965098  9400 work_track.cpp:116] Succeeded to release track lock for frame 114
I1014 15:43:34.965113  9400 work_track.cpp:120] Track results of frame 114: 1 objects input, 1 objects tracked!
I1014 15:43:34.965131  9400 work_track.cpp:148] Frame: 114, track bbox: [161 x 212 from (264.402, 135.795)], gid: 0, lid: 0
I1014 15:43:34.965167  9400 work_thread.hpp:87]  [T-Work-Detect_0] Frame :114 split
I1014 15:43:34.965185  9400 work_thread.hpp:120]  [T-Work-Detect_0] Valid piece: gid = 0
I1014 15:43:34.965204  9400 work_thread.hpp:91]  [T-Work-Detect_0] Push to split queue:recog
I1014 15:43:34.965255  9402 work_thread.hpp:81]  [T-Work-Recog_1] Run work: WorkCapture
I1014 15:43:34.965687  9403 thread_intergrate.hpp:78] [T-Intergrate-intergrate] queue: frame output frame :114
I1014 15:43:34.965713  9403 thread_intergrate.hpp:85] [T-Intergrate-intergrate] queue: compare output face:0
I1014 15:43:34.965732  9403 thread_intergrate.hpp:144] T-Intergrate-intergrate set matched face: 0
I1014 15:43:34.966564  9402 work_thread.hpp:81]  [T-Work-Recog_1] Run work: WorkRecog
I1014 15:43:34.966588  9402 work_recog.hpp:89] Face id: 0 will run recog: bbox [161 x 212 from (265, 136)] quality: 0.46828
I1014 15:43:34.966619  9402 work_recog.hpp:96] Recog pair: [232 x 272 from (232, 88)], [161 x 212 from (33, 48)]
I1014 15:43:34.967617  9403 thread_intergrate.hpp:188] T-Intergrate-intergrate Show face :0, size :640 * 360
I1014 15:43:34.968338  9399 demo_inner.hpp:435] thread [SORT-0]  frame id 114 sorting queue size 2   FPS: 29.8873
I1014 15:43:34.974349  9398 demo_inner.hpp:260]  gui queue size 2, state = running
I1014 15:43:34.984345  9402 work_thread.hpp:81]  [T-Work-Recog_1] Run work: WorkCompare
I1014 15:43:34.984833  9402 work_compare.cpp:76] Compare face: 0 successed, similarity :0.996686, name : images/ThangLMb.jpg, normal size : 1548 * 1719!
I1014 15:43:34.993556  9397 demo_inner.hpp:177] decode queue size 0
I1014 15:43:34.993659  9400 work_thread.hpp:81]  [T-Work-Detect_0] Run work: WorkDetect
I1014 15:43:34.993695  9400 work_detect.cpp:102] Succeeded to add det start for frame 115
I1014 15:43:35.000617  9400 work_detect.cpp:70] Frame :115 detect result :1 face(s)
I1014 15:43:35.000663  9400 work_detect.cpp:86] Detected bbox: [140 x 201 from (268, 136)]
I1014 15:43:35.000705  9400 work_detect.cpp:120] Succeeded to add det end for frame 115
I1014 15:43:35.000720  9400 work_thread.hpp:81]  [T-Work-Detect_0] Run work: WrokTrack
I1014 15:43:35.000744  9400 work_track.cpp:82] Frame: 115 build input_characts: [0.21875 x 0.558333 from (0.41875, 0.377778)], 0.997596, 0
I1014 15:43:35.000799  9400 work_track.cpp:102] Succeeded to set track lock for frame 115
I1014 15:43:35.000839  9400 work_track.cpp:116] Succeeded to release track lock for frame 115
I1014 15:43:35.000854  9400 work_track.cpp:120] Track results of frame 115: 1 objects input, 1 objects tracked!
I1014 15:43:35.000872  9400 work_track.cpp:148] Frame: 115, track bbox: [140 x 201 from (272.1, 135.72)], gid: 0, lid: 0
I1014 15:43:35.000908  9400 work_thread.hpp:87]  [T-Work-Detect_0] Frame :115 split
I1014 15:43:35.000926  9400 work_thread.hpp:120]  [T-Work-Detect_0] Valid piece: gid = 0
I1014 15:43:35.000944  9400 work_thread.hpp:91]  [T-Work-Detect_0] Push to split queue:recog
I1014 15:43:35.000991  9402 work_thread.hpp:81]  [T-Work-Recog_1] Run work: WorkCapture
I1014 15:43:35.001289  9403 thread_intergrate.hpp:78] [T-Intergrate-intergrate] queue: frame output frame :115
I1014 15:43:35.001323  9403 thread_intergrate.hpp:85] [T-Intergrate-intergrate] queue: compare output face:0
I1014 15:43:35.001343  9403 thread_intergrate.hpp:144] T-Intergrate-intergrate set matched face: 0
I1014 15:43:35.001539  9402 work_thread.hpp:81]  [T-Work-Recog_1] Run work: WorkRecog
I1014 15:43:35.001564  9402 work_recog.hpp:89] Face id: 0 will run recog: bbox [140 x 201 from (268, 136)] quality: 0.454
I1014 15:43:35.001664  9402 work_recog.hpp:96] Recog pair: [200 x 264 from (240, 96)], [140 x 201 from (28, 40)]
I1014 15:43:35.003338  9403 thread_intergrate.hpp:188] T-Intergrate-intergrate Show face :0, size :640 * 360
I1014 15:43:35.004150  9399 demo_inner.hpp:435] thread [SORT-0]  frame id 115 sorting queue size 0   FPS: 29.8873
I1014 15:43:35.019524  9402 work_thread.hpp:81]  [T-Work-Recog_1] Run work: WorkCompare
I1014 15:43:35.019990  9402 work_compare.cpp:76] Compare face: 0 successed, similarity :0.991837, name : images/ThangLMb.jpg, normal size : 1548 * 1719!
I1014 15:43:35.023856  9397 demo_inner.hpp:177] decode queue size 0
I1014 15:43:35.023941  9400 work_thread.hpp:81]  [T-Work-Detect_0] Run work: WorkDetect
I1014 15:43:35.023972  9400 work_detect.cpp:102] Succeeded to add det start for frame 116
I1014 15:43:35.030707  9400 work_detect.cpp:70] Frame :116 detect result :1 face(s)
I1014 15:43:35.030753  9400 work_detect.cpp:86] Detected bbox: [163 x 212 from (264, 124)]
I1014 15:43:35.030797  9400 work_detect.cpp:120] Succeeded to add det end for frame 116
I1014 15:43:35.030813  9400 work_thread.hpp:81]  [T-Work-Detect_0] Run work: WrokTrack
I1014 15:43:35.030838  9400 work_track.cpp:82] Frame: 116 build input_characts: [0.254687 x 0.588889 from (0.4125, 0.344444)], 0.998877, 0
I1014 15:43:35.030894  9400 work_track.cpp:102] Succeeded to set track lock for frame 116
I1014 15:43:35.030932  9400 work_track.cpp:116] Succeeded to release track lock for frame 116
I1014 15:43:35.030947  9400 work_track.cpp:120] Track results of frame 116: 1 objects input, 1 objects tracked!
I1014 15:43:35.030966  9400 work_track.cpp:148] Frame: 116, track bbox: [163 x 212 from (262.681, 123.427)], gid: 0, lid: 0
I1014 15:43:35.031000  9400 work_thread.hpp:87]  [T-Work-Detect_0] Frame :116 split
I1014 15:43:35.031018  9400 work_thread.hpp:120]  [T-Work-Detect_0] Valid piece: gid = 0
I1014 15:43:35.031036  9400 work_thread.hpp:91]  [T-Work-Detect_0] Push to split queue:recog
I1014 15:43:35.031080  9402 work_thread.hpp:81]  [T-Work-Recog_1] Run work: WorkCapture
I1014 15:43:35.031383  9403 thread_intergrate.hpp:78] [T-Intergrate-intergrate] queue: frame output frame :116
I1014 15:43:35.031410  9403 thread_intergrate.hpp:85] [T-Intergrate-intergrate] queue: compare output face:0
I1014 15:43:35.031430  9403 thread_intergrate.hpp:144] T-Intergrate-intergrate set matched face: 0
I1014 15:43:35.031628  9402 work_thread.hpp:81]  [T-Work-Recog_1] Run work: WorkRecog
I1014 15:43:35.031651  9402 work_recog.hpp:89] Face id: 0 will run recog: bbox [163 x 212 from (264, 124)] quality: 0.429785
I1014 15:43:35.031678  9402 work_recog.hpp:96] Recog pair: [232 x 280 from (232, 80)], [163 x 212 from (32, 44)]
I1014 15:43:35.033608  9403 thread_intergrate.hpp:188] T-Intergrate-intergrate Show face :0, size :640 * 360
I1014 15:43:35.034341  9399 demo_inner.hpp:435] thread [SORT-0]  frame id 116 sorting queue size 1   FPS: 29.9607
I1014 15:43:35.047108  9398 demo_inner.hpp:260]  gui queue size 1, state = running
I1014 15:43:35.049901  9402 work_thread.hpp:81]  [T-Work-Recog_1] Run work: WorkCompare
I1014 15:43:35.050561  9402 work_compare.cpp:76] Compare face: 0 successed, similarity :0.996403, name : images/ThangLMb.jpg, normal size : 1548 * 1719!
I1014 15:43:35.059725  9397 demo_inner.hpp:177] decode queue size 0
I1014 15:43:35.059828  9400 work_thread.hpp:81]  [T-Work-Detect_0] Run work: WorkDetect
I1014 15:43:35.059862  9400 work_detect.cpp:102] Succeeded to add det start for frame 117
I1014 15:43:35.066746  9400 work_detect.cpp:70] Frame :117 detect result :1 face(s)
I1014 15:43:35.066792  9400 work_detect.cpp:86] Detected bbox: [135 x 188 from (270, 137)]
I1014 15:43:35.066834  9400 work_detect.cpp:120] Succeeded to add det end for frame 117
I1014 15:43:35.066851  9400 work_thread.hpp:81]  [T-Work-Detect_0] Run work: WrokTrack
I1014 15:43:35.066876  9400 work_track.cpp:82] Frame: 117 build input_characts: [0.210938 x 0.522222 from (0.421875, 0.380556)], 0.999622, 0
I1014 15:43:35.066931  9400 work_track.cpp:102] Succeeded to set track lock for frame 117
I1014 15:43:35.067044  9400 work_track.cpp:116] Succeeded to release track lock for frame 117
I1014 15:43:35.067060  9400 work_track.cpp:120] Track results of frame 117: 1 objects input, 1 objects tracked!
I1014 15:43:35.067078  9400 work_track.cpp:148] Frame: 117, track bbox: [135 x 188 from (273.471, 133.219)], gid: 0, lid: 0
I1014 15:43:35.067114  9400 work_thread.hpp:87]  [T-Work-Detect_0] Frame :117 split
I1014 15:43:35.067132  9400 work_thread.hpp:120]  [T-Work-Detect_0] Valid piece: gid = 0
I1014 15:43:35.067150  9400 work_thread.hpp:91]  [T-Work-Detect_0] Push to split queue:recog
I1014 15:43:35.067199  9401 work_thread.hpp:81]  [T-Work-Recog_0] Run work: WorkCapture
I1014 15:43:35.067502  9403 thread_intergrate.hpp:78] [T-Intergrate-intergrate] queue: frame output frame :117
I1014 15:43:35.067529  9403 thread_intergrate.hpp:85] [T-Intergrate-intergrate] queue: compare output face:0
I1014 15:43:35.067548  9403 thread_intergrate.hpp:144] T-Intergrate-intergrate set matched face: 0
I1014 15:43:35.067736  9401 work_thread.hpp:81]  [T-Work-Recog_0] Run work: WorkRecog
I1014 15:43:35.067759  9401 work_recog.hpp:89] Face id: 0 will run recog: bbox [135 x 188 from (270, 137)] quality: 0.472054
I1014 15:43:35.067786  9401 work_recog.hpp:96] Recog pair: [192 x 264 from (240, 96)], [135 x 188 from (30, 41)]
I1014 15:43:35.069613  9403 thread_intergrate.hpp:188] T-Intergrate-intergrate Show face :0, size :640 * 360
I1014 15:43:35.070289  9399 demo_inner.hpp:435] thread [SORT-0]  frame id 117 sorting queue size 0   FPS: 29.8727
I1014 15:43:35.085573  9401 work_thread.hpp:81]  [T-Work-Recog_0] Run work: WorkCompare
I1014 15:43:35.086040  9401 work_compare.cpp:76] Compare face: 0 successed, similarity :0.994672, name : images/ThangLMb.jpg, normal size : 1548 * 1719!
I1014 15:43:35.090019  9397 demo_inner.hpp:177] decode queue size 0
I1014 15:43:35.090097  9400 work_thread.hpp:81]  [T-Work-Detect_0] Run work: WorkDetect
I1014 15:43:35.090131  9400 work_detect.cpp:102] Succeeded to add det start for frame 118
I1014 15:43:35.096911  9400 work_detect.cpp:70] Frame :118 detect result :1 face(s)
I1014 15:43:35.096961  9400 work_detect.cpp:86] Detected bbox: [138 x 191 from (267, 135)]
I1014 15:43:35.097002  9400 work_detect.cpp:120] Succeeded to add det end for frame 118
I1014 15:43:35.097018  9400 work_thread.hpp:81]  [T-Work-Detect_0] Run work: WrokTrack
I1014 15:43:35.097043  9400 work_track.cpp:82] Frame: 118 build input_characts: [0.215625 x 0.530556 from (0.417188, 0.375)], 0.999622, 0
I1014 15:43:35.097097  9400 work_track.cpp:102] Succeeded to set track lock for frame 118
I1014 15:43:35.097137  9400 work_track.cpp:116] Succeeded to release track lock for frame 118
I1014 15:43:35.097152  9400 work_track.cpp:120] Track results of frame 118: 1 objects input, 1 objects tracked!
I1014 15:43:35.097170  9400 work_track.cpp:148] Frame: 118, track bbox: [138 x 191 from (267.853, 132.524)], gid: 0, lid: 0
I1014 15:43:35.097208  9400 work_thread.hpp:87]  [T-Work-Detect_0] Frame :118 split
I1014 15:43:35.097224  9400 work_thread.hpp:120]  [T-Work-Detect_0] Valid piece: gid = 0
I1014 15:43:35.097242  9400 work_thread.hpp:91]  [T-Work-Detect_0] Push to split queue:recog
I1014 15:43:35.097292  9402 work_thread.hpp:81]  [T-Work-Recog_1] Run work: WorkCapture
I1014 15:43:35.097594  9403 thread_intergrate.hpp:78] [T-Intergrate-intergrate] queue: frame output frame :118
I1014 15:43:35.097622  9403 thread_intergrate.hpp:85] [T-Intergrate-intergrate] queue: compare output face:0
I1014 15:43:35.097813  9403 thread_intergrate.hpp:144] T-Intergrate-intergrate set matched face: 0
I1014 15:43:35.097836  9402 work_thread.hpp:81]  [T-Work-Recog_1] Run work: WorkRecog
I1014 15:43:35.097859  9402 work_recog.hpp:89] Face id: 0 will run recog: bbox [138 x 191 from (267, 135)] quality: 0.44894
I1014 15:43:35.097885  9402 work_recog.hpp:96] Recog pair: [192 x 264 from (240, 96)], [138 x 191 from (27, 39)]
I1014 15:43:35.099699  9403 thread_intergrate.hpp:188] T-Intergrate-intergrate Show face :0, size :640 * 360
I1014 15:43:35.100562  9399 demo_inner.hpp:435] thread [SORT-0]  frame id 118 sorting queue size 1   FPS: 29.9607
I1014 15:43:35.115656  9402 work_thread.hpp:81]  [T-Work-Recog_1] Run work: WorkCompare
I1014 15:43:35.116118  9402 work_compare.cpp:76] Compare face: 0 successed, similarity :0.992248, name : images/ThangLMb.jpg, normal size : 1548 * 1719!
I1014 15:43:35.125767  9397 demo_inner.hpp:177] decode queue size 0
I1014 15:43:35.125885  9400 work_thread.hpp:81]  [T-Work-Detect_0] Run work: WorkDetect
I1014 15:43:35.125923  9400 work_detect.cpp:102] Succeeded to add det start for frame 119
I1014 15:43:35.132758  9400 work_detect.cpp:70] Frame :119 detect result :1 face(s)
I1014 15:43:35.132798  9400 work_detect.cpp:86] Detected bbox: [170 x 210 from (262, 122)]
I1014 15:43:35.132840  9400 work_detect.cpp:120] Succeeded to add det end for frame 119
I1014 15:43:35.132856  9400 work_thread.hpp:81]  [T-Work-Detect_0] Run work: WrokTrack
I1014 15:43:35.132880  9400 work_track.cpp:82] Frame: 119 build input_characts: [0.265625 x 0.583333 from (0.409375, 0.338889)], 1.00019, 0
I1014 15:43:35.132936  9400 work_track.cpp:102] Succeeded to set track lock for frame 119
I1014 15:43:35.132975  9400 work_track.cpp:116] Succeeded to release track lock for frame 119
I1014 15:43:35.132990  9400 work_track.cpp:120] Track results of frame 119: 1 objects input, 1 objects tracked!
I1014 15:43:35.133008  9400 work_track.cpp:148] Frame: 119, track bbox: [170 x 210 from (256.116, 121.265)], gid: 0, lid: 0
I1014 15:43:35.133045  9400 work_thread.hpp:87]  [T-Work-Detect_0] Frame :119 split
I1014 15:43:35.133062  9400 work_thread.hpp:120]  [T-Work-Detect_0] Valid piece: gid = 0
I1014 15:43:35.133081  9400 work_thread.hpp:91]  [T-Work-Detect_0] Push to split queue:recog
I1014 15:43:35.133128  9402 work_thread.hpp:81]  [T-Work-Recog_1] Run work: WorkCapture
I1014 15:43:35.133430  9403 thread_intergrate.hpp:78] [T-Intergrate-intergrate] queue: frame output frame :119
I1014 15:43:35.133463  9403 thread_intergrate.hpp:85] [T-Intergrate-intergrate] queue: compare output face:0
I1014 15:43:35.133482  9403 thread_intergrate.hpp:144] T-Intergrate-intergrate set matched face: 0
I1014 15:43:35.133718  9402 work_thread.hpp:81]  [T-Work-Recog_1] Run work: WorkRecog
I1014 15:43:35.133743  9402 work_recog.hpp:89] Face id: 0 will run recog: bbox [170 x 210 from (262, 122)] quality: 0.475482
I1014 15:43:35.133769  9402 work_recog.hpp:96] Recog pair: [248 x 280 from (224, 80)], [170 x 210 from (38, 42)]
I1014 15:43:35.135468  9403 thread_intergrate.hpp:188] T-Intergrate-intergrate Show face :0, size :640 * 360
I1014 15:43:35.136193  9399 demo_inner.hpp:435] thread [SORT-0]  frame id 119 sorting queue size 2   FPS: 29.8873
I1014 15:43:35.147451  9398 demo_inner.hpp:260]  gui queue size 2, state = running
I1014 15:43:35.152303  9402 work_thread.hpp:81]  [T-Work-Recog_1] Run work: WorkCompare
I1014 15:43:35.152772  9402 work_compare.cpp:76] Compare face: 0 successed, similarity :0.997205, name : images/ThangLMb.jpg, normal size : 1548 * 1719!
I1014 15:43:35.155978  9397 demo_inner.hpp:177] decode queue size 0
I1014 15:43:35.156052  9400 work_thread.hpp:81]  [T-Work-Detect_0] Run work: WorkDetect
I1014 15:43:35.156085  9400 work_detect.cpp:102] Succeeded to add det start for frame 120
I1014 15:43:35.162870  9400 work_detect.cpp:70] Frame :120 detect result :1 face(s)
I1014 15:43:35.162945  9400 work_detect.cpp:86] Detected bbox: [171 x 212 from (262, 120)]
I1014 15:43:35.162988  9400 work_detect.cpp:120] Succeeded to add det end for frame 120
I1014 15:43:35.163004  9400 work_thread.hpp:81]  [T-Work-Detect_0] Run work: WrokTrack
I1014 15:43:35.163028  9400 work_track.cpp:82] Frame: 120 build input_characts: [0.267188 x 0.588889 from (0.409375, 0.333333)], 0.999622, 0
I1014 15:43:35.163082  9400 work_track.cpp:102] Succeeded to set track lock for frame 120
I1014 15:43:35.163122  9400 work_track.cpp:116] Succeeded to release track lock for frame 120
I1014 15:43:35.163137  9400 work_track.cpp:120] Track results of frame 120: 1 objects input, 1 objects tracked!
I1014 15:43:35.163228  9400 work_track.cpp:148] Frame: 120, track bbox: [171 x 212 from (260.025, 119.738)], gid: 0, lid: 0
I1014 15:43:35.163267  9400 work_thread.hpp:87]  [T-Work-Detect_0] Frame :120 split
I1014 15:43:35.163285  9400 work_thread.hpp:120]  [T-Work-Detect_0] Valid piece: gid = 0
I1014 15:43:35.163303  9400 work_thread.hpp:91]  [T-Work-Detect_0] Push to split queue:recog
I1014 15:43:35.163348  9401 work_thread.hpp:81]  [T-Work-Recog_0] Run work: WorkCapture
I1014 15:43:35.163368  9403 thread_intergrate.hpp:78] [T-Intergrate-intergrate] queue: frame output frame :120
I1014 15:43:35.163396  9403 thread_intergrate.hpp:85] [T-Intergrate-intergrate] queue: compare output face:0
I1014 15:43:35.163415  9403 thread_intergrate.hpp:144] T-Intergrate-intergrate set matched face: 0
I1014 15:43:35.163918  9401 work_thread.hpp:81]  [T-Work-Recog_0] Run work: WorkRecog
I1014 15:43:35.163942  9401 work_recog.hpp:89] Face id: 0 will run recog: bbox [171 x 212 from (262, 120)] quality: 0.472054
I1014 15:43:35.163971  9401 work_recog.hpp:96] Recog pair: [248 x 288 from (224, 72)], [171 x 212 from (38, 48)]
I1014 15:43:35.165565  9403 thread_intergrate.hpp:188] T-Intergrate-intergrate Show face :0, size :640 * 360
I1014 15:43:35.166213  9399 demo_inner.hpp:435] thread [SORT-0]  frame id 120 sorting queue size 0   FPS: 29.9607
I1014 15:43:35.181556  9401 work_thread.hpp:81]  [T-Work-Recog_0] Run work: WorkCompare
I1014 15:43:35.182020  9401 work_compare.cpp:76] Compare face: 0 successed, similarity :0.996887, name : images/ThangLMb.jpg, normal size : 1548 * 1719!
I1014 15:43:35.191656  9397 demo_inner.hpp:177] decode queue size 0
I1014 15:43:35.191766  9400 work_thread.hpp:81]  [T-Work-Detect_0] Run work: WorkDetect
I1014 15:43:35.191803  9400 work_detect.cpp:102] Succeeded to add det start for frame 121
I1014 15:43:35.198632  9400 work_detect.cpp:70] Frame :121 detect result :1 face(s)
I1014 15:43:35.198678  9400 work_detect.cpp:86] Detected bbox: [151 x 201 from (262, 128)]
I1014 15:43:35.198721  9400 work_detect.cpp:120] Succeeded to add det end for frame 121
I1014 15:43:35.198738  9400 work_thread.hpp:81]  [T-Work-Detect_0] Run work: WrokTrack
I1014 15:43:35.198763  9400 work_track.cpp:82] Frame: 121 build input_characts: [0.235938 x 0.558333 from (0.409375, 0.355556)], 1.00019, 0
I1014 15:43:35.198818  9400 work_track.cpp:102] Succeeded to set track lock for frame 121
I1014 15:43:35.198858  9400 work_track.cpp:116] Succeeded to release track lock for frame 121
I1014 15:43:35.198873  9400 work_track.cpp:120] Track results of frame 121: 1 objects input, 1 objects tracked!
I1014 15:43:35.198890  9400 work_track.cpp:148] Frame: 121, track bbox: [151 x 201 from (266.406, 126.478)], gid: 0, lid: 0
I1014 15:43:35.198926  9400 work_thread.hpp:87]  [T-Work-Detect_0] Frame :121 split
I1014 15:43:35.198943  9400 work_thread.hpp:120]  [T-Work-Detect_0] Valid piece: gid = 0
I1014 15:43:35.198961  9400 work_thread.hpp:91]  [T-Work-Detect_0] Push to split queue:recog
I1014 15:43:35.198998  9401 work_thread.hpp:81]  [T-Work-Recog_0] Run work: WorkCapture
I1014 15:43:35.199007  9403 thread_intergrate.hpp:78] [T-Intergrate-intergrate] queue: frame output frame :121
I1014 15:43:35.199043  9403 thread_intergrate.hpp:85] [T-Intergrate-intergrate] queue: compare output face:0
I1014 15:43:35.199061  9403 thread_intergrate.hpp:144] T-Intergrate-intergrate set matched face: 0
I1014 15:43:35.199556  9401 work_thread.hpp:81]  [T-Work-Recog_0] Run work: WorkRecog
I1014 15:43:35.199580  9401 work_recog.hpp:89] Face id: 0 will run recog: bbox [151 x 201 from (262, 128)] quality: 0.443698
I1014 15:43:35.199609  9401 work_recog.hpp:96] Recog pair: [216 x 272 from (232, 88)], [151 x 201 from (30, 40)]
I1014 15:43:35.201123  9403 thread_intergrate.hpp:188] T-Intergrate-intergrate Show face :0, size :640 * 360
I1014 15:43:35.201792  9399 demo_inner.hpp:435] thread [SORT-0]  frame id 121 sorting queue size 1   FPS: 29.8873
I1014 15:43:35.214854  9398 demo_inner.hpp:260]  gui queue size 1, state = running
I1014 15:43:35.217674  9401 work_thread.hpp:81]  [T-Work-Recog_0] Run work: WorkCompare
I1014 15:43:35.218216  9401 work_compare.cpp:76] Compare face: 0 successed, similarity :0.997189, name : images/ThangLMb.jpg, normal size : 1548 * 1719!
I1014 15:43:35.227715  9397 demo_inner.hpp:177] decode queue size 0
I1014 15:43:35.227820  9400 work_thread.hpp:81]  [T-Work-Detect_0] Run work: WorkDetect
I1014 15:43:35.227859  9400 work_detect.cpp:102] Succeeded to add det start for frame 122
I1014 15:43:35.234720  9400 work_detect.cpp:70] Frame :122 detect result :1 face(s)
I1014 15:43:35.234763  9400 work_detect.cpp:86] Detected bbox: [174 x 210 from (262, 120)]
I1014 15:43:35.234807  9400 work_detect.cpp:120] Succeeded to add det end for frame 122
I1014 15:43:35.234822  9400 work_thread.hpp:81]  [T-Work-Detect_0] Run work: WrokTrack
I1014 15:43:35.234848  9400 work_track.cpp:82] Frame: 122 build input_characts: [0.271875 x 0.583333 from (0.409375, 0.333333)], 0.999622, 0
I1014 15:43:35.234903  9400 work_track.cpp:102] Succeeded to set track lock for frame 122
I1014 15:43:35.234942  9400 work_track.cpp:116] Succeeded to release track lock for frame 122
I1014 15:43:35.234957  9400 work_track.cpp:120] Track results of frame 122: 1 objects input, 1 objects tracked!
I1014 15:43:35.234975  9400 work_track.cpp:148] Frame: 122, track bbox: [174 x 210 from (259.89, 120.36)], gid: 0, lid: 0
I1014 15:43:35.235013  9400 work_thread.hpp:87]  [T-Work-Detect_0] Frame :122 split
I1014 15:43:35.235029  9400 work_thread.hpp:120]  [T-Work-Detect_0] Valid piece: gid = 0
I1014 15:43:35.235047  9400 work_thread.hpp:91]  [T-Work-Detect_0] Push to split queue:recog
I1014 15:43:35.235090  9401 work_thread.hpp:81]  [T-Work-Recog_0] Run work: WorkCapture
I1014 15:43:35.235096  9403 thread_intergrate.hpp:78] [T-Intergrate-intergrate] queue: frame output frame :122
I1014 15:43:35.235139  9403 thread_intergrate.hpp:85] [T-Intergrate-intergrate] queue: compare output face:0
I1014 15:43:35.235159  9403 thread_intergrate.hpp:144] T-Intergrate-intergrate set matched face: 0
I1014 15:43:35.235653  9401 work_thread.hpp:81]  [T-Work-Recog_0] Run work: WorkRecog
I1014 15:43:35.235677  9401 work_recog.hpp:89] Face id: 0 will run recog: bbox [174 x 210 from (262, 120)] quality: 0.473928
I1014 15:43:35.235707  9401 work_recog.hpp:96] Recog pair: [248 x 288 from (224, 72)], [174 x 210 from (38, 48)]
I1014 15:43:35.237296  9403 thread_intergrate.hpp:188] T-Intergrate-intergrate Show face :0, size :640 * 360
I1014 15:43:35.237969  9399 demo_inner.hpp:435] thread [SORT-0]  frame id 122 sorting queue size 0   FPS: 29.8873
I1014 15:43:35.253403  9401 work_thread.hpp:81]  [T-Work-Recog_0] Run work: WorkCompare
I1014 15:43:35.253867  9401 work_compare.cpp:76] Compare face: 0 successed, similarity :0.996845, name : images/ThangLMb.jpg, normal size : 1548 * 1719!
I1014 15:43:35.257836  9397 demo_inner.hpp:177] decode queue size 0
I1014 15:43:35.257915  9400 work_thread.hpp:81]  [T-Work-Detect_0] Run work: WorkDetect
I1014 15:43:35.257947  9400 work_detect.cpp:102] Succeeded to add det start for frame 123
I1014 15:43:35.264747  9400 work_detect.cpp:70] Frame :123 detect result :1 face(s)
I1014 15:43:35.264792  9400 work_detect.cpp:86] Detected bbox: [161 x 210 from (268, 105)]
I1014 15:43:35.264835  9400 work_detect.cpp:120] Succeeded to add det end for frame 123
I1014 15:43:35.264852  9400 work_thread.hpp:81]  [T-Work-Detect_0] Run work: WrokTrack
I1014 15:43:35.264875  9400 work_track.cpp:82] Frame: 123 build input_characts: [0.251563 x 0.583333 from (0.41875, 0.291667)], 0.999622, 0
I1014 15:43:35.264930  9400 work_track.cpp:102] Succeeded to set track lock for frame 123
I1014 15:43:35.264969  9400 work_track.cpp:116] Succeeded to release track lock for frame 123
I1014 15:43:35.264984  9400 work_track.cpp:120] Track results of frame 123: 1 objects input, 1 objects tracked!
I1014 15:43:35.265002  9400 work_track.cpp:148] Frame: 123, track bbox: [161 x 210 from (267.931, 111.935)], gid: 0, lid: 0
I1014 15:43:35.265038  9400 work_thread.hpp:87]  [T-Work-Detect_0] Frame :123 split
I1014 15:43:35.265055  9400 work_thread.hpp:120]  [T-Work-Detect_0] Valid piece: gid = 0
I1014 15:43:35.265144  9400 work_thread.hpp:91]  [T-Work-Detect_0] Push to split queue:recog
I1014 15:43:35.265192  9402 work_thread.hpp:81]  [T-Work-Recog_1] Run work: WorkCapture
I1014 15:43:35.265502  9403 thread_intergrate.hpp:78] [T-Intergrate-intergrate] queue: frame output frame :123
I1014 15:43:35.265547  9403 thread_intergrate.hpp:85] [T-Intergrate-intergrate] queue: compare output face:0
I1014 15:43:35.265568  9403 thread_intergrate.hpp:144] T-Intergrate-intergrate set matched face: 0
I1014 15:43:35.265746  9402 work_thread.hpp:81]  [T-Work-Recog_1] Run work: WorkRecog
I1014 15:43:35.265770  9402 work_recog.hpp:89] Face id: 0 will run recog: bbox [161 x 210 from (268, 105)] quality: 0.471724
I1014 15:43:35.265797  9402 work_recog.hpp:96] Recog pair: [232 x 304 from (232, 56)], [161 x 210 from (36, 49)]
I1014 15:43:35.267647  9403 thread_intergrate.hpp:188] T-Intergrate-intergrate Show face :0, size :640 * 360
I1014 15:43:35.268335  9399 demo_inner.hpp:435] thread [SORT-0]  frame id 123 sorting queue size 1   FPS: 29.9607
I1014 15:43:35.283536  9402 work_thread.hpp:81]  [T-Work-Recog_1] Run work: WorkCompare
I1014 15:43:35.283995  9402 work_compare.cpp:76] Compare face: 0 successed, similarity :0.997074, name : images/ThangLMb.jpg, normal size : 1548 * 1719!
I1014 15:43:35.293722  9397 demo_inner.hpp:177] decode queue size 0
I1014 15:43:35.293838  9400 work_thread.hpp:81]  [T-Work-Detect_0] Run work: WorkDetect
I1014 15:43:35.293874  9400 work_detect.cpp:102] Succeeded to add det start for frame 124
I1014 15:43:35.300753  9400 work_detect.cpp:70] Frame :124 detect result :1 face(s)
I1014 15:43:35.300796  9400 work_detect.cpp:86] Detected bbox: [161 x 209 from (269, 105)]
I1014 15:43:35.300837  9400 work_detect.cpp:120] Succeeded to add det end for frame 124
I1014 15:43:35.300853  9400 work_thread.hpp:81]  [T-Work-Detect_0] Run work: WrokTrack
I1014 15:43:35.300878  9400 work_track.cpp:82] Frame: 124 build input_characts: [0.251563 x 0.580556 from (0.420312, 0.291667)], 1.00019, 0
I1014 15:43:35.300931  9400 work_track.cpp:102] Succeeded to set track lock for frame 124
I1014 15:43:35.300971  9400 work_track.cpp:116] Succeeded to release track lock for frame 124
I1014 15:43:35.300984  9400 work_track.cpp:120] Track results of frame 124: 1 objects input, 1 objects tracked!
I1014 15:43:35.301002  9400 work_track.cpp:148] Frame: 124, track bbox: [161 x 209 from (267.932, 106.573)], gid: 0, lid: 0
I1014 15:43:35.301038  9400 work_thread.hpp:87]  [T-Work-Detect_0] Frame :124 split
I1014 15:43:35.301055  9400 work_thread.hpp:120]  [T-Work-Detect_0] Valid piece: gid = 0
I1014 15:43:35.301074  9400 work_thread.hpp:91]  [T-Work-Detect_0] Push to split queue:recog
I1014 15:43:35.301121  9402 work_thread.hpp:81]  [T-Work-Recog_1] Run work: WorkCapture
I1014 15:43:35.301426  9403 thread_intergrate.hpp:78] [T-Intergrate-intergrate] queue: frame output frame :124
I1014 15:43:35.301455  9403 thread_intergrate.hpp:85] [T-Intergrate-intergrate] queue: compare output face:0
I1014 15:43:35.301473  9403 thread_intergrate.hpp:144] T-Intergrate-intergrate set matched face: 0
I1014 15:43:35.301721  9402 work_thread.hpp:81]  [T-Work-Recog_1] Run work: WorkRecog
I1014 15:43:35.301743  9402 work_recog.hpp:89] Face id: 0 will run recog: bbox [161 x 209 from (269, 105)] quality: 0.47482
I1014 15:43:35.301771  9402 work_recog.hpp:96] Recog pair: [232 x 296 from (232, 64)], [161 x 209 from (37, 41)]
I1014 15:43:35.303582  9403 thread_intergrate.hpp:188] T-Intergrate-intergrate Show face :0, size :640 * 360
I1014 15:43:35.304291  9399 demo_inner.hpp:435] thread [SORT-0]  frame id 124 sorting queue size 2   FPS: 29.8873
I1014 15:43:35.309337  9398 demo_inner.hpp:260]  gui queue size 2, state = running
I1014 15:43:35.319581  9402 work_thread.hpp:81]  [T-Work-Recog_1] Run work: WorkCompare
I1014 15:43:35.320049  9402 work_compare.cpp:76] Compare face: 0 successed, similarity :0.994411, name : images/ThangLMb.jpg, normal size : 1548 * 1719!
I1014 15:43:35.324017  9397 demo_inner.hpp:177] decode queue size 0
I1014 15:43:35.324102  9400 work_thread.hpp:81]  [T-Work-Detect_0] Run work: WorkDetect
I1014 15:43:35.324234  9400 work_detect.cpp:102] Succeeded to add det start for frame 125
I1014 15:43:35.331125  9400 work_detect.cpp:70] Frame :125 detect result :1 face(s)
I1014 15:43:35.331171  9400 work_detect.cpp:86] Detected bbox: [161 x 212 from (268, 102)]
I1014 15:43:35.331212  9400 work_detect.cpp:120] Succeeded to add det end for frame 125
I1014 15:43:35.331228  9400 work_thread.hpp:81]  [T-Work-Detect_0] Run work: WrokTrack
I1014 15:43:35.331252  9400 work_track.cpp:82] Frame: 125 build input_characts: [0.251563 x 0.588889 from (0.41875, 0.283333)], 0.999622, 0
I1014 15:43:35.331306  9400 work_track.cpp:102] Succeeded to set track lock for frame 125
I1014 15:43:35.331346  9400 work_track.cpp:116] Succeeded to release track lock for frame 125
I1014 15:43:35.331360  9400 work_track.cpp:120] Track results of frame 125: 1 objects input, 1 objects tracked!
I1014 15:43:35.331378  9400 work_track.cpp:148] Frame: 125, track bbox: [161 x 212 from (269.133, 100.252)], gid: 0, lid: 0
I1014 15:43:35.331413  9400 work_thread.hpp:87]  [T-Work-Detect_0] Frame :125 split
I1014 15:43:35.331430  9400 work_thread.hpp:120]  [T-Work-Detect_0] Valid piece: gid = 0
I1014 15:43:35.331449  9400 work_thread.hpp:91]  [T-Work-Detect_0] Push to split queue:recog
I1014 15:43:35.331487  9401 work_thread.hpp:81]  [T-Work-Recog_0] Run work: WorkCapture
I1014 15:43:35.331501  9403 thread_intergrate.hpp:78] [T-Intergrate-intergrate] queue: frame output frame :125
I1014 15:43:35.331528  9403 thread_intergrate.hpp:85] [T-Intergrate-intergrate] queue: compare output face:0
I1014 15:43:35.331555  9403 thread_intergrate.hpp:144] T-Intergrate-intergrate set matched face: 0
I1014 15:43:35.332049  9401 work_thread.hpp:81]  [T-Work-Recog_0] Run work: WorkRecog
I1014 15:43:35.332074  9401 work_recog.hpp:89] Face id: 0 will run recog: bbox [161 x 212 from (268, 102)] quality: 0.468938
I1014 15:43:35.332103  9401 work_recog.hpp:96] Recog pair: [232 x 304 from (232, 56)], [161 x 212 from (36, 46)]
I1014 15:43:35.333623  9403 thread_intergrate.hpp:188] T-Intergrate-intergrate Show face :0, size :640 * 360
I1014 15:43:35.334288  9399 demo_inner.hpp:435] thread [SORT-0]  frame id 125 sorting queue size 0   FPS: 29.9754
I1014 15:43:35.349635  9401 work_thread.hpp:81]  [T-Work-Recog_0] Run work: WorkCompare
I1014 15:43:35.350095  9401 work_compare.cpp:76] Compare face: 0 successed, similarity :0.995646, name : images/ThangLMb.jpg, normal size : 1548 * 1719!
I1014 15:43:35.359639  9397 demo_inner.hpp:177] decode queue size 0
I1014 15:43:35.359748  9400 work_thread.hpp:81]  [T-Work-Detect_0] Run work: WorkDetect
I1014 15:43:35.359784  9400 work_detect.cpp:102] Succeeded to add det start for frame 126
I1014 15:43:35.366693  9400 work_detect.cpp:70] Frame :126 detect result :1 face(s)
I1014 15:43:35.366737  9400 work_detect.cpp:86] Detected bbox: [150 x 202 from (266, 128)]
I1014 15:43:35.366780  9400 work_detect.cpp:120] Succeeded to add det end for frame 126
I1014 15:43:35.366796  9400 work_thread.hpp:81]  [T-Work-Detect_0] Run work: WrokTrack
I1014 15:43:35.366820  9400 work_track.cpp:82] Frame: 126 build input_characts: [0.234375 x 0.561111 from (0.415625, 0.355556)], 1.00019, 0
I1014 15:43:35.366874  9400 work_track.cpp:102] Succeeded to set track lock for frame 126
I1014 15:43:35.366914  9400 work_track.cpp:116] Succeeded to release track lock for frame 126
I1014 15:43:35.366928  9400 work_track.cpp:120] Track results of frame 126: 1 objects input, 1 objects tracked!
I1014 15:43:35.366946  9400 work_track.cpp:148] Frame: 126, track bbox: [150 x 202 from (271.882, 113.825)], gid: 0, lid: 0
I1014 15:43:35.366982  9400 work_thread.hpp:87]  [T-Work-Detect_0] Frame :126 split
I1014 15:43:35.367000  9400 work_thread.hpp:120]  [T-Work-Detect_0] Valid piece: gid = 0
I1014 15:43:35.367018  9400 work_thread.hpp:91]  [T-Work-Detect_0] Push to split queue:recog
I1014 15:43:35.367054  9401 work_thread.hpp:81]  [T-Work-Recog_0] Run work: WorkCapture
I1014 15:43:35.367065  9403 thread_intergrate.hpp:78] [T-Intergrate-intergrate] queue: frame output frame :126
I1014 15:43:35.367190  9403 thread_intergrate.hpp:85] [T-Intergrate-intergrate] queue: compare output face:0
I1014 15:43:35.367211  9403 thread_intergrate.hpp:144] T-Intergrate-intergrate set matched face: 0
I1014 15:43:35.367612  9401 work_thread.hpp:81]  [T-Work-Recog_0] Run work: WorkRecog
I1014 15:43:35.367635  9401 work_recog.hpp:89] Face id: 0 will run recog: bbox [150 x 202 from (266, 128)] quality: 0.450401
I1014 15:43:35.367664  9401 work_recog.hpp:96] Recog pair: [216 x 272 from (232, 88)], [150 x 202 from (34, 40)]
I1014 15:43:35.369335  9403 thread_intergrate.hpp:188] T-Intergrate-intergrate Show face :0, size :640 * 360
I1014 15:43:35.369992  9399 demo_inner.hpp:435] thread [SORT-0]  frame id 126 sorting queue size 1   FPS: 29.8873
I1014 15:43:35.377298  9398 demo_inner.hpp:260]  gui queue size 1, state = running
I1014 15:43:35.385293  9401 work_thread.hpp:81]  [T-Work-Recog_0] Run work: WorkCompare
I1014 15:43:35.385757  9401 work_compare.cpp:76] Compare face: 0 successed, similarity :0.995262, name : images/ThangLMb.jpg, normal size : 1548 * 1719!
I1014 15:43:35.390137  9397 demo_inner.hpp:177] decode queue size 0
I1014 15:43:35.390231  9400 work_thread.hpp:81]  [T-Work-Detect_0] Run work: WorkDetect
I1014 15:43:35.390266  9400 work_detect.cpp:102] Succeeded to add det start for frame 127
I1014 15:43:35.397076  9400 work_detect.cpp:70] Frame :127 detect result :1 face(s)
I1014 15:43:35.397119  9400 work_detect.cpp:86] Detected bbox: [161 x 211 from (269, 103)]
I1014 15:43:35.397161  9400 work_detect.cpp:120] Succeeded to add det end for frame 127
I1014 15:43:35.397177  9400 work_thread.hpp:81]  [T-Work-Detect_0] Run work: WrokTrack
I1014 15:43:35.397202  9400 work_track.cpp:82] Frame: 127 build input_characts: [0.251563 x 0.586111 from (0.420312, 0.286111)], 1.00035, 0
I1014 15:43:35.397254  9400 work_track.cpp:102] Succeeded to set track lock for frame 127
I1014 15:43:35.397294  9400 work_track.cpp:116] Succeeded to release track lock for frame 127
I1014 15:43:35.397310  9400 work_track.cpp:120] Track results of frame 127: 1 objects input, 1 objects tracked!
I1014 15:43:35.397326  9400 work_track.cpp:148] Frame: 127, track bbox: [161 x 211 from (265.668, 107.571)], gid: 0, lid: 0
I1014 15:43:35.397363  9400 work_thread.hpp:87]  [T-Work-Detect_0] Frame :127 split
I1014 15:43:35.397382  9400 work_thread.hpp:120]  [T-Work-Detect_0] Valid piece: gid = 0
I1014 15:43:35.397399  9400 work_thread.hpp:91]  [T-Work-Detect_0] Push to split queue:recog
I1014 15:43:35.397460  9403 thread_intergrate.hpp:78] [T-Intergrate-intergrate] queue: frame output frame :127
I1014 15:43:35.397462  9402 work_thread.hpp:81]  [T-Work-Recog_1] Run work: WorkCapture
I1014 15:43:35.397492  9403 thread_intergrate.hpp:85] [T-Intergrate-intergrate] queue: compare output face:0
I1014 15:43:35.397511  9403 thread_intergrate.hpp:144] T-Intergrate-intergrate set matched face: 0
I1014 15:43:35.398195  9402 work_thread.hpp:81]  [T-Work-Recog_1] Run work: WorkRecog
I1014 15:43:35.398231  9402 work_recog.hpp:89] Face id: 0 will run recog: bbox [161 x 211 from (269, 103)] quality: 0.468938
I1014 15:43:35.398383  9402 work_recog.hpp:96] Recog pair: [232 x 304 from (232, 56)], [161 x 211 from (37, 47)]
I1014 15:43:35.399164  9403 thread_intergrate.hpp:188] T-Intergrate-intergrate Show face :0, size :640 * 360
I1014 15:43:35.399832  9399 demo_inner.hpp:435] thread [SORT-0]  frame id 127 sorting queue size 0   FPS: 29.9754
I1014 15:43:35.416105  9402 work_thread.hpp:81]  [T-Work-Recog_1] Run work: WorkCompare
I1014 15:43:35.416698  9402 work_compare.cpp:76] Compare face: 0 successed, similarity :0.997248, name : images/ThangLMb.jpg, normal size : 1548 * 1719!
I1014 15:43:35.425667  9397 demo_inner.hpp:177] decode queue size 0
I1014 15:43:35.425776  9400 work_thread.hpp:81]  [T-Work-Detect_0] Run work: WorkDetect
I1014 15:43:35.425812  9400 work_detect.cpp:102] Succeeded to add det start for frame 128
I1014 15:43:35.432605  9400 work_detect.cpp:70] Frame :128 detect result :1 face(s)
I1014 15:43:35.432729  9400 work_detect.cpp:86] Detected bbox: [159 x 211 from (270, 103)]
I1014 15:43:35.432773  9400 work_detect.cpp:120] Succeeded to add det end for frame 128
I1014 15:43:35.432790  9400 work_thread.hpp:81]  [T-Work-Detect_0] Run work: WrokTrack
I1014 15:43:35.432816  9400 work_track.cpp:82] Frame: 128 build input_characts: [0.248437 x 0.586111 from (0.421875, 0.286111)], 1.00019, 0
I1014 15:43:35.432870  9400 work_track.cpp:102] Succeeded to set track lock for frame 128
I1014 15:43:35.432910  9400 work_track.cpp:116] Succeeded to release track lock for frame 128
I1014 15:43:35.432924  9400 work_track.cpp:120] Track results of frame 128: 1 objects input, 1 objects tracked!
I1014 15:43:35.432942  9400 work_track.cpp:148] Frame: 128, track bbox: [159 x 211 from (268.082, 107.505)], gid: 0, lid: 0
I1014 15:43:35.432979  9400 work_thread.hpp:87]  [T-Work-Detect_0] Frame :128 split
I1014 15:43:35.432997  9400 work_thread.hpp:120]  [T-Work-Detect_0] Valid piece: gid = 0
I1014 15:43:35.433015  9400 work_thread.hpp:91]  [T-Work-Detect_0] Push to split queue:recog
I1014 15:43:35.433070  9403 thread_intergrate.hpp:78] [T-Intergrate-intergrate] queue: frame output frame :128
I1014 15:43:35.433094  9403 thread_intergrate.hpp:85] [T-Intergrate-intergrate] queue: compare output face:0
I1014 15:43:35.433112  9403 thread_intergrate.hpp:144] T-Intergrate-intergrate set matched face: 0
I1014 15:43:35.433244  9401 work_thread.hpp:81]  [T-Work-Recog_0] Run work: WorkCapture
I1014 15:43:35.433796  9401 work_thread.hpp:81]  [T-Work-Recog_0] Run work: WorkRecog
I1014 15:43:35.433821  9401 work_recog.hpp:89] Face id: 0 will run recog: bbox [159 x 211 from (270, 103)] quality: 0.4623
I1014 15:43:35.433852  9401 work_recog.hpp:96] Recog pair: [232 x 304 from (232, 56)], [159 x 211 from (38, 47)]
I1014 15:43:35.434761  9403 thread_intergrate.hpp:188] T-Intergrate-intergrate Show face :0, size :640 * 360
I1014 15:43:35.435377  9399 demo_inner.hpp:435] thread [SORT-0]  frame id 128 sorting queue size 1   FPS: 29.8873
I1014 15:43:35.451277  9401 work_thread.hpp:81]  [T-Work-Recog_0] Run work: WorkCompare
I1014 15:43:35.451731  9401 work_compare.cpp:76] Compare face: 0 successed, similarity :0.997317, name : images/ThangLMb.jpg, normal size : 1548 * 1719!
I1014 15:43:35.460850  9398 demo_inner.hpp:260]  gui queue size 1, state = running
I1014 15:43:35.461688  9397 demo_inner.hpp:177] decode queue size 0
I1014 15:43:35.461794  9400 work_thread.hpp:81]  [T-Work-Detect_0] Run work: WorkDetect
I1014 15:43:35.461830  9400 work_detect.cpp:102] Succeeded to add det start for frame 129
I1014 15:43:35.468683  9400 work_detect.cpp:70] Frame :129 detect result :1 face(s)
I1014 15:43:35.468735  9400 work_detect.cpp:86] Detected bbox: [163 x 216 from (268, 99)]
I1014 15:43:35.468780  9400 work_detect.cpp:120] Succeeded to add det end for frame 129
I1014 15:43:35.468796  9400 work_thread.hpp:81]  [T-Work-Detect_0] Run work: WrokTrack
I1014 15:43:35.468820  9400 work_track.cpp:82] Frame: 129 build input_characts: [0.254687 x 0.6 from (0.41875, 0.275)], 1.00019, 0
I1014 15:43:35.468876  9400 work_track.cpp:102] Succeeded to set track lock for frame 129
I1014 15:43:35.468916  9400 work_track.cpp:116] Succeeded to release track lock for frame 129
I1014 15:43:35.468931  9400 work_track.cpp:120] Track results of frame 129: 1 objects input, 1 objects tracked!
I1014 15:43:35.468950  9400 work_track.cpp:148] Frame: 129, track bbox: [163 x 216 from (267.241, 101.498)], gid: 0, lid: 0
I1014 15:43:35.468986  9400 work_thread.hpp:87]  [T-Work-Detect_0] Frame :129 split
I1014 15:43:35.469003  9400 work_thread.hpp:120]  [T-Work-Detect_0] Valid piece: gid = 0
I1014 15:43:35.469022  9400 work_thread.hpp:91]  [T-Work-Detect_0] Push to split queue:recog
I1014 15:43:35.469065  9401 work_thread.hpp:81]  [T-Work-Recog_0] Run work: WorkCapture
I1014 15:43:35.469072  9403 thread_intergrate.hpp:78] [T-Intergrate-intergrate] queue: frame output frame :129
I1014 15:43:35.469097  9403 thread_intergrate.hpp:85] [T-Intergrate-intergrate] queue: compare output face:0
I1014 15:43:35.469115  9403 thread_intergrate.hpp:144] T-Intergrate-intergrate set matched face: 0
I1014 15:43:35.469658  9401 work_thread.hpp:81]  [T-Work-Recog_0] Run work: WorkRecog
I1014 15:43:35.469683  9401 work_recog.hpp:89] Face id: 0 will run recog: bbox [163 x 216 from (268, 99)] quality: 0.440466
I1014 15:43:35.469714  9401 work_recog.hpp:96] Recog pair: [232 x 304 from (232, 56)], [163 x 216 from (36, 43)]
I1014 15:43:35.470911  9403 thread_intergrate.hpp:188] T-Intergrate-intergrate Show face :0, size :640 * 360
I1014 15:43:35.471505  9399 demo_inner.hpp:435] thread [SORT-0]  frame id 129 sorting queue size 0   FPS: 29.8873
I1014 15:43:35.487229  9401 work_thread.hpp:81]  [T-Work-Recog_0] Run work: WorkCompare
I1014 15:43:35.487691  9401 work_compare.cpp:76] Compare face: 0 successed, similarity :0.996791, name : images/ThangLMb.jpg, normal size : 1548 * 1719!
I1014 15:43:35.491879  9397 demo_inner.hpp:177] decode queue size 0
I1014 15:43:35.491971  9400 work_thread.hpp:81]  [T-Work-Detect_0] Run work: WorkDetect
I1014 15:43:35.492012  9400 work_detect.cpp:102] Succeeded to add det start for frame 130
I1014 15:43:35.499517  9400 work_detect.cpp:70] Frame :130 detect result :1 face(s)
I1014 15:43:35.499569  9400 work_detect.cpp:86] Detected bbox: [160 x 222 from (264, 98)]
I1014 15:43:35.499620  9400 work_detect.cpp:120] Succeeded to add det end for frame 130
I1014 15:43:35.499709  9400 work_thread.hpp:81]  [T-Work-Detect_0] Run work: WrokTrack
I1014 15:43:35.499742  9400 work_track.cpp:82] Frame: 130 build input_characts: [0.25 x 0.616667 from (0.4125, 0.272222)], 0.999622, 0
I1014 15:43:35.499799  9400 work_track.cpp:102] Succeeded to set track lock for frame 130
I1014 15:43:35.499837  9400 work_track.cpp:116] Succeeded to release track lock for frame 130
I1014 15:43:35.499861  9400 work_track.cpp:120] Track results of frame 130: 1 objects input, 1 objects tracked!
I1014 15:43:35.499879  9400 work_track.cpp:148] Frame: 130, track bbox: [160 x 222 from (267.211, 96.3062)], gid: 0, lid: 0
I1014 15:43:35.499915  9400 work_thread.hpp:87]  [T-Work-Detect_0] Frame :130 split
I1014 15:43:35.499958  9400 work_thread.hpp:120]  [T-Work-Detect_0] Valid piece: gid = 0
I1014 15:43:35.499984  9400 work_thread.hpp:91]  [T-Work-Detect_0] Push to split queue:recog
I1014 15:43:35.500036  9402 work_thread.hpp:81]  [T-Work-Recog_1] Run work: WorkCapture
I1014 15:43:35.500535  9403 thread_intergrate.hpp:78] [T-Intergrate-intergrate] queue: frame output frame :130
I1014 15:43:35.500562  9403 thread_intergrate.hpp:85] [T-Intergrate-intergrate] queue: compare output face:0
I1014 15:43:35.500581  9403 thread_intergrate.hpp:144] T-Intergrate-intergrate set matched face: 0
I1014 15:43:35.500782  9402 work_thread.hpp:81]  [T-Work-Recog_1] Run work: WorkRecog
I1014 15:43:35.500805  9402 work_recog.hpp:89] Face id: 0 will run recog: bbox [160 x 222 from (264, 98)] quality: 0.424087
I1014 15:43:35.500834  9402 work_recog.hpp:96] Recog pair: [224 x 312 from (232, 48)], [160 x 222 from (32, 50)]
I1014 15:43:35.502115  9403 thread_intergrate.hpp:188] T-Intergrate-intergrate Show face :0, size :640 * 360
I1014 15:43:35.502723  9399 demo_inner.hpp:435] thread [SORT-0]  frame id 130 sorting queue size 1   FPS: 29.9607
I1014 15:43:35.518865  9402 work_thread.hpp:81]  [T-Work-Recog_1] Run work: WorkCompare
I1014 15:43:35.519428  9402 work_compare.cpp:76] Compare face: 0 successed, similarity :0.997417, name : images/ThangLMb.jpg, normal size : 1548 * 1719!
I1014 15:43:35.527772  9397 demo_inner.hpp:177] decode queue size 0
I1014 15:43:35.527884  9400 work_thread.hpp:81]  [T-Work-Detect_0] Run work: WorkDetect
I1014 15:43:35.527928  9400 work_detect.cpp:102] Succeeded to add det start for frame 131
I1014 15:43:35.535113  9400 work_detect.cpp:70] Frame :131 detect result :1 face(s)
I1014 15:43:35.535192  9400 work_detect.cpp:86] Detected bbox: [161 x 225 from (264, 95)]
I1014 15:43:35.535235  9400 work_detect.cpp:120] Succeeded to add det end for frame 131
I1014 15:43:35.535251  9400 work_thread.hpp:81]  [T-Work-Detect_0] Run work: WrokTrack
I1014 15:43:35.535276  9400 work_track.cpp:82] Frame: 131 build input_characts: [0.251563 x 0.625 from (0.4125, 0.263889)], 1.00019, 0
I1014 15:43:35.535454  9400 work_track.cpp:102] Succeeded to set track lock for frame 131
I1014 15:43:35.535495  9400 work_track.cpp:116] Succeeded to release track lock for frame 131
I1014 15:43:35.535511  9400 work_track.cpp:120] Track results of frame 131: 1 objects input, 1 objects tracked!
I1014 15:43:35.535528  9400 work_track.cpp:148] Frame: 131, track bbox: [161 x 225 from (265.916, 91.4099)], gid: 0, lid: 0
I1014 15:43:35.535585  9400 work_thread.hpp:87]  [T-Work-Detect_0] Frame :131 split
I1014 15:43:35.535604  9400 work_thread.hpp:120]  [T-Work-Detect_0] Valid piece: gid = 0
I1014 15:43:35.535773  9400 work_thread.hpp:91]  [T-Work-Detect_0] Push to split queue:recog
I1014 15:43:35.535828  9403 thread_intergrate.hpp:78] [T-Intergrate-intergrate] queue: frame output frame :131
I1014 15:43:35.535830  9401 work_thread.hpp:81]  [T-Work-Recog_0] Run work: WorkCapture
I1014 15:43:35.535858  9403 thread_intergrate.hpp:85] [T-Intergrate-intergrate] queue: compare output face:0
I1014 15:43:35.535877  9403 thread_intergrate.hpp:144] T-Intergrate-intergrate set matched face: 0
I1014 15:43:35.536458  9401 work_thread.hpp:81]  [T-Work-Recog_0] Run work: WorkRecog
I1014 15:43:35.536481  9401 work_recog.hpp:89] Face id: 0 will run recog: bbox [161 x 225 from (264, 95)] quality: 0.417822
I1014 15:43:35.536511  9401 work_recog.hpp:96] Recog pair: [232 x 312 from (232, 48)], [161 x 225 from (32, 47)]
I1014 15:43:35.537576  9403 thread_intergrate.hpp:188] T-Intergrate-intergrate Show face :0, size :640 * 360
I1014 15:43:35.538326  9399 demo_inner.hpp:435] thread [SORT-0]  frame id 131 sorting queue size 2   FPS: 29.8873
I1014 15:43:35.554085  9401 work_thread.hpp:81]  [T-Work-Recog_0] Run work: WorkCompare
I1014 15:43:35.554555  9401 work_compare.cpp:76] Compare face: 0 successed, similarity :0.996694, name : images/ThangLMb.jpg, normal size : 1548 * 1719!
I1014 15:43:35.557854  9397 demo_inner.hpp:177] decode queue size 0
I1014 15:43:35.557953  9400 work_thread.hpp:81]  [T-Work-Detect_0] Run work: WorkDetect
I1014 15:43:35.557987  9400 work_detect.cpp:102] Succeeded to add det start for frame 132
I1014 15:43:35.565521  9400 work_detect.cpp:70] Frame :132 detect result :1 face(s)
I1014 15:43:35.565574  9400 work_detect.cpp:86] Detected bbox: [162 x 212 from (271, 101)]
I1014 15:43:35.565618  9400 work_detect.cpp:120] Succeeded to add det end for frame 132
I1014 15:43:35.565706  9400 work_thread.hpp:81]  [T-Work-Detect_0] Run work: WrokTrack
I1014 15:43:35.565733  9400 work_track.cpp:82] Frame: 132 build input_characts: [0.253125 x 0.588889 from (0.423438, 0.280556)], 0.999622, 0
I1014 15:43:35.565789  9400 work_track.cpp:102] Succeeded to set track lock for frame 132
I1014 15:43:35.565836  9400 work_track.cpp:116] Succeeded to release track lock for frame 132
