I1014 14:25:02.131332  7750 work_track.cpp:120] Track results of frame 129: 1 objects input, 1 objects tracked!
I1014 14:25:02.131358  7750 work_track.cpp:148] Frame: 129, track bbox: [174 x 218 from (312.378, 124.89)], gid: 0, lid: 0
I1014 14:25:02.131397  7750 work_thread.hpp:87]  [T-Work-Detect_0] Frame :129 split
I1014 14:25:02.131414  7750 work_thread.hpp:119]  [T-Work-Detect_0] Valid piece: gid = 0
I1014 14:25:02.131431  7750 work_thread.hpp:91]  [T-Work-Detect_0] Push to split queue:recog
I1014 14:25:02.131474  7753 thread_intergrate.hpp:78] [T-Intergrate-intergrate] queue: frame output frame :129
I1014 14:25:02.131474  7752 work_thread.hpp:81]  [T-Work-Recog_1] Run work: WorkCapture
I1014 14:25:02.131505  7753 thread_intergrate.hpp:85] [T-Intergrate-intergrate] queue: compare output face:0
I1014 14:25:02.131523  7753 thread_intergrate.hpp:137] T-Intergrate-intergrate set matched face: 0
I1014 14:25:02.132071  7752 work_thread.hpp:81]  [T-Work-Recog_1] Run work: WorkRecog
I1014 14:25:02.132097  7752 work_recog.hpp:89] Face id: 0 will run recog: bbox [174 x 218 from (312, 127)] quality: 0.396213
I1014 14:25:02.132127  7752 work_recog.hpp:96] Recog pair: [248 x 280 from (272, 80)], [174 x 218 from (40, 47)]
I1014 14:25:02.132967  7753 thread_intergrate.hpp:157] T-Intergrate-intergrate Show face :0, size :640 * 360
I1014 14:25:02.133493  7749 demo_inner.hpp:435] thread [SORT-0]  frame id 129 sorting queue size 1   FPS: 29.8727
I1014 14:25:02.145287  7748 demo_inner.hpp:260]  gui queue size 1, state = running
I1014 14:25:02.150420  7752 work_thread.hpp:81]  [T-Work-Recog_1] Run work: WorkCompare
I1014 14:25:02.150893  7752 work_compare.cpp:76] Compare face: 0 successed, similarity :0.987809, name : images/ThangLMb.jpg, normal size : 1548 * 1719!
I1014 14:25:02.152650  7747 demo_inner.hpp:177] decode queue size 0
I1014 14:25:02.152719  7750 work_thread.hpp:81]  [T-Work-Detect_0] Run work: WorkDetect
I1014 14:25:02.152760  7750 work_detect.cpp:102] Succeeded to add det start for frame 130
I1014 14:25:02.161015  7750 work_detect.cpp:70] Frame :130 detect result :1 face(s)
I1014 14:25:02.161068  7750 work_detect.cpp:86] Detected bbox: [179 x 223 from (309, 124)]
I1014 14:25:02.161110  7750 work_detect.cpp:120] Succeeded to add det end for frame 130
I1014 14:25:02.161135  7750 work_thread.hpp:81]  [T-Work-Detect_0] Run work: WrokTrack
I1014 14:25:02.161178  7750 work_track.cpp:82] Frame: 130 build input_characts: [0.279687 x 0.619444 from (0.482812, 0.344444)], 0.997488, 0
I1014 14:25:02.161236  7750 work_track.cpp:102] Succeeded to set track lock for frame 130
I1014 14:25:02.161283  7750 work_track.cpp:116] Succeeded to release track lock for frame 130
I1014 14:25:02.161298  7750 work_track.cpp:120] Track results of frame 130: 1 objects input, 1 objects tracked!
I1014 14:25:02.161316  7750 work_track.cpp:148] Frame: 130, track bbox: [179 x 223 from (308.861, 122.811)], gid: 0, lid: 0
I1014 14:25:02.161353  7750 work_thread.hpp:87]  [T-Work-Detect_0] Frame :130 split
I1014 14:25:02.161379  7750 work_thread.hpp:119]  [T-Work-Detect_0] Valid piece: gid = 0
I1014 14:25:02.161414  7750 work_thread.hpp:91]  [T-Work-Detect_0] Push to split queue:recog
I1014 14:25:02.161463  7751 work_thread.hpp:81]  [T-Work-Recog_0] Run work: WorkCapture
I1014 14:25:02.161868  7753 thread_intergrate.hpp:78] [T-Intergrate-intergrate] queue: frame output frame :130
I1014 14:25:02.161897  7753 thread_intergrate.hpp:85] [T-Intergrate-intergrate] queue: compare output face:0
I1014 14:25:02.161917  7753 thread_intergrate.hpp:137] T-Intergrate-intergrate set matched face: 0
I1014 14:25:02.162145  7751 work_thread.hpp:81]  [T-Work-Recog_0] Run work: WorkRecog
I1014 14:25:02.162256  7751 work_recog.hpp:89] Face id: 0 will run recog: bbox [179 x 223 from (309, 124)] quality: 0.373678
I1014 14:25:02.162287  7751 work_recog.hpp:96] Recog pair: [256 x 280 from (272, 80)], [179 x 223 from (37, 44)]
I1014 14:25:02.163370  7753 thread_intergrate.hpp:157] T-Intergrate-intergrate Show face :0, size :640 * 360
I1014 14:25:02.163919  7749 demo_inner.hpp:435] thread [SORT-0]  frame id 130 sorting queue size 0   FPS: 29.9607
I1014 14:25:02.180704  7751 work_thread.hpp:81]  [T-Work-Recog_0] Run work: WorkCompare
I1014 14:25:02.181272  7751 work_compare.cpp:76] Compare face: 0 successed, similarity :0.991185, name : images/ThangLMb.jpg, normal size : 1548 * 1719!
I1014 14:25:02.188145  7747 demo_inner.hpp:177] decode queue size 0
I1014 14:25:02.188275  7750 work_thread.hpp:81]  [T-Work-Detect_0] Run work: WorkDetect
I1014 14:25:02.188320  7750 work_detect.cpp:102] Succeeded to add det start for frame 131
I1014 14:25:02.196853  7750 work_detect.cpp:70] Frame :131 detect result :1 face(s)
I1014 14:25:02.196907  7750 work_detect.cpp:86] Detected bbox: [190 x 224 from (303, 99)]
I1014 14:25:02.196959  7750 work_detect.cpp:120] Succeeded to add det end for frame 131
I1014 14:25:02.196976  7750 work_thread.hpp:81]  [T-Work-Detect_0] Run work: WrokTrack
I1014 14:25:02.197002  7750 work_track.cpp:82] Frame: 131 build input_characts: [0.296875 x 0.622222 from (0.473437, 0.275)], 0.997596, 0
I1014 14:25:02.197065  7750 work_track.cpp:102] Succeeded to set track lock for frame 131
I1014 14:25:02.197122  7750 work_track.cpp:116] Succeeded to release track lock for frame 131
I1014 14:25:02.197139  7750 work_track.cpp:120] Track results of frame 131: 1 objects input, 1 objects tracked!
I1014 14:25:02.197156  7750 work_track.cpp:148] Frame: 131, track bbox: [190 x 224 from (302.782, 116.17)], gid: 0, lid: 0
I1014 14:25:02.197204  7750 work_thread.hpp:87]  [T-Work-Detect_0] Frame :131 split
I1014 14:25:02.197222  7750 work_thread.hpp:119]  [T-Work-Detect_0] Valid piece: gid = 0
I1014 14:25:02.197240  7750 work_thread.hpp:91]  [T-Work-Detect_0] Push to split queue:recog
I1014 14:25:02.197284  7753 thread_intergrate.hpp:78] [T-Intergrate-intergrate] queue: frame output frame :131
I1014 14:25:02.197286  7752 work_thread.hpp:81]  [T-Work-Recog_1] Run work: WorkCapture
I1014 14:25:02.197315  7753 thread_intergrate.hpp:85] [T-Intergrate-intergrate] queue: compare output face:0
I1014 14:25:02.197335  7753 thread_intergrate.hpp:137] T-Intergrate-intergrate set matched face: 0
I1014 14:25:02.197888  7752 work_thread.hpp:81]  [T-Work-Recog_1] Run work: WorkRecog
I1014 14:25:02.197914  7752 work_recog.hpp:89] Face id: 0 will run recog: bbox [190 x 224 from (303, 99)] quality: 0.318194
I1014 14:25:02.197944  7752 work_recog.hpp:96] Recog pair: [272 x 312 from (264, 48)], [190 x 224 from (39, 51)]
I1014 14:25:02.198757  7753 thread_intergrate.hpp:157] T-Intergrate-intergrate Show face :0, size :640 * 360
I1014 14:25:02.199301  7749 demo_inner.hpp:435] thread [SORT-0]  frame id 131 sorting queue size 1   FPS: 29.8873
I1014 14:25:02.215598  7752 work_thread.hpp:81]  [T-Work-Recog_1] Run work: WorkCompare
I1014 14:25:02.216064  7752 work_compare.cpp:76] Compare face: 0 successed, similarity :0.978814, name : images/ThangLMb.jpg, normal size : 1548 * 1719!
I1014 14:25:02.218502  7747 demo_inner.hpp:177] decode queue size 0
I1014 14:25:02.218685  7750 work_thread.hpp:81]  [T-Work-Detect_0] Run work: WorkDetect
I1014 14:25:02.218726  7750 work_detect.cpp:102] Succeeded to add det start for frame 132
I1014 14:25:02.226883  7750 work_detect.cpp:70] Frame :132 detect result :1 face(s)
I1014 14:25:02.226934  7750 work_detect.cpp:86] Detected bbox: [178 x 222 from (308, 124)]
I1014 14:25:02.227001  7750 work_detect.cpp:120] Succeeded to add det end for frame 132
I1014 14:25:02.227020  7750 work_thread.hpp:81]  [T-Work-Detect_0] Run work: WrokTrack
I1014 14:25:02.227044  7750 work_track.cpp:82] Frame: 132 build input_characts: [0.278125 x 0.616667 from (0.48125, 0.344444)], 0.999622, 0
I1014 14:25:02.227108  7750 work_track.cpp:102] Succeeded to set track lock for frame 132
I1014 14:25:02.227241  7750 work_track.cpp:116] Succeeded to release track lock for frame 132
I1014 14:25:02.227257  7750 work_track.cpp:120] Track results of frame 132: 1 objects input, 1 objects tracked!
I1014 14:25:02.227277  7750 work_track.cpp:148] Frame: 132, track bbox: [178 x 222 from (308.275, 119.221)], gid: 0, lid: 0
I1014 14:25:02.227321  7750 work_thread.hpp:87]  [T-Work-Detect_0] Frame :132 split
I1014 14:25:02.227340  7750 work_thread.hpp:119]  [T-Work-Detect_0] Valid piece: gid = 0
I1014 14:25:02.227360  7750 work_thread.hpp:91]  [T-Work-Detect_0] Push to split queue:recog
I1014 14:25:02.227408  7751 work_thread.hpp:81]  [T-Work-Recog_0] Run work: WorkCapture
I1014 14:25:02.227771  7753 thread_intergrate.hpp:78] [T-Intergrate-intergrate] queue: frame output frame :132
I1014 14:25:02.227799  7753 thread_intergrate.hpp:85] [T-Intergrate-intergrate] queue: compare output face:0
I1014 14:25:02.227818  7753 thread_intergrate.hpp:137] T-Intergrate-intergrate set matched face: 0
I1014 14:25:02.228253  7751 work_thread.hpp:81]  [T-Work-Recog_0] Run work: WorkRecog
I1014 14:25:02.228284  7751 work_recog.hpp:89] Face id: 0 will run recog: bbox [178 x 222 from (308, 124)] quality: 0.333243
I1014 14:25:02.228482  7751 work_recog.hpp:96] Recog pair: [256 x 280 from (272, 80)], [178 x 222 from (36, 44)]
I1014 14:25:02.229372  7753 thread_intergrate.hpp:157] T-Intergrate-intergrate Show face :0, size :640 * 360
I1014 14:25:02.229905  7749 demo_inner.hpp:435] thread [SORT-0]  frame id 132 sorting queue size 2   FPS: 29.9607
I1014 14:25:02.246749  7751 work_thread.hpp:81]  [T-Work-Recog_0] Run work: WorkCompare
I1014 14:25:02.247340  7751 work_compare.cpp:76] Compare face: 0 successed, similarity :0.991211, name : images/ThangLMb.jpg, normal size : 1548 * 1719!
I1014 14:25:02.253994  7747 demo_inner.hpp:177] decode queue size 0
I1014 14:25:02.254103  7750 work_thread.hpp:81]  [T-Work-Detect_0] Run work: WorkDetect
I1014 14:25:02.254148  7750 work_detect.cpp:102] Succeeded to add det start for frame 133
I1014 14:25:02.262758  7750 work_detect.cpp:70] Frame :133 detect result :1 face(s)
I1014 14:25:02.262827  7750 work_detect.cpp:86] Detected bbox: [168 x 211 from (312, 139)]
I1014 14:25:02.262879  7750 work_detect.cpp:120] Succeeded to add det end for frame 133
I1014 14:25:02.262897  7750 work_thread.hpp:81]  [T-Work-Detect_0] Run work: WrokTrack
I1014 14:25:02.262921  7750 work_track.cpp:82] Frame: 133 build input_characts: [0.2625 x 0.586111 from (0.4875, 0.386111)], 0.997596, 0
I1014 14:25:02.262977  7750 work_track.cpp:102] Succeeded to set track lock for frame 133
I1014 14:25:02.263041  7750 work_track.cpp:116] Succeeded to release track lock for frame 133
I1014 14:25:02.263057  7750 work_track.cpp:120] Track results of frame 133: 1 objects input, 1 objects tracked!
I1014 14:25:02.263074  7750 work_track.cpp:148] Frame: 133, track bbox: [168 x 211 from (312.296, 127.914)], gid: 0, lid: 0
I1014 14:25:02.263111  7750 work_thread.hpp:87]  [T-Work-Detect_0] Frame :133 split
I1014 14:25:02.263137  7750 work_thread.hpp:119]  [T-Work-Detect_0] Valid piece: gid = 0
I1014 14:25:02.263156  7750 work_thread.hpp:91]  [T-Work-Detect_0] Push to split queue:recog
I1014 14:25:02.263200  7753 thread_intergrate.hpp:78] [T-Intergrate-intergrate] queue: frame output frame :133
I1014 14:25:02.263203  7752 work_thread.hpp:81]  [T-Work-Recog_1] Run work: WorkCapture
I1014 14:25:02.263231  7753 thread_intergrate.hpp:85] [T-Intergrate-intergrate] queue: compare output face:0
I1014 14:25:02.263250  7753 thread_intergrate.hpp:137] T-Intergrate-intergrate set matched face: 0
I1014 14:25:02.263803  7752 work_thread.hpp:81]  [T-Work-Recog_1] Run work: WorkRecog
I1014 14:25:02.263828  7752 work_recog.hpp:89] Face id: 0 will run recog: bbox [168 x 211 from (312, 139)] quality: 0.19903
I1014 14:25:02.263859  7752 work_recog.hpp:96] Recog pair: [248 x 264 from (272, 96)], [168 x 211 from (40, 43)]
I1014 14:25:02.264714  7753 thread_intergrate.hpp:157] T-Intergrate-intergrate Show face :0, size :640 * 360
I1014 14:25:02.265357  7749 demo_inner.hpp:435] thread [SORT-0]  frame id 133 sorting queue size 3   FPS: 29.8873
I1014 14:25:02.281515  7752 work_thread.hpp:81]  [T-Work-Recog_1] Run work: WorkCompare
I1014 14:25:02.281981  7752 work_compare.cpp:76] Compare face: 0 successed, similarity :0.993773, name : images/ThangLMb.jpg, normal size : 1548 * 1719!
I1014 14:25:02.284590  7747 demo_inner.hpp:177] decode queue size 0
I1014 14:25:02.284699  7750 work_thread.hpp:81]  [T-Work-Detect_0] Run work: WorkDetect
I1014 14:25:02.284734  7750 work_detect.cpp:102] Succeeded to add det start for frame 134
I1014 14:25:02.293951  7750 work_detect.cpp:70] Frame :134 detect result :1 face(s)
I1014 14:25:02.293999  7750 work_detect.cpp:86] Detected bbox: [170 x 214 from (312, 130)]
I1014 14:25:02.294051  7750 work_detect.cpp:120] Succeeded to add det end for frame 134
I1014 14:25:02.294067  7750 work_thread.hpp:81]  [T-Work-Detect_0] Run work: WrokTrack
I1014 14:25:02.294091  7750 work_track.cpp:82] Frame: 134 build input_characts: [0.265625 x 0.594444 from (0.4875, 0.361111)], 0.997596, 0
I1014 14:25:02.294170  7750 work_track.cpp:102] Succeeded to set track lock for frame 134
I1014 14:25:02.294212  7750 work_track.cpp:116] Succeeded to release track lock for frame 134
I1014 14:25:02.294227  7750 work_track.cpp:120] Track results of frame 134: 1 objects input, 1 objects tracked!
I1014 14:25:02.294245  7750 work_track.cpp:148] Frame: 134, track bbox: [170 x 214 from (311.29, 130.204)], gid: 0, lid: 0
I1014 14:25:02.294289  7750 work_thread.hpp:87]  [T-Work-Detect_0] Frame :134 split
I1014 14:25:02.294307  7750 work_thread.hpp:119]  [T-Work-Detect_0] Valid piece: gid = 0
I1014 14:25:02.294325  7750 work_thread.hpp:91]  [T-Work-Detect_0] Push to split queue:recog
I1014 14:25:02.295192  7751 work_thread.hpp:81]  [T-Work-Recog_0] Run work: WorkCapture
I1014 14:25:02.295197  7753 thread_intergrate.hpp:78] [T-Intergrate-intergrate] queue: frame output frame :134
I1014 14:25:02.295224  7753 thread_intergrate.hpp:85] [T-Intergrate-intergrate] queue: compare output face:0
I1014 14:25:02.295243  7753 thread_intergrate.hpp:137] T-Intergrate-intergrate set matched face: 0
I1014 14:25:02.295822  7751 work_thread.hpp:81]  [T-Work-Recog_0] Run work: WorkRecog
I1014 14:25:02.295861  7751 work_recog.hpp:89] Face id: 0 will run recog: bbox [170 x 214 from (312, 130)] quality: 0.269209
I1014 14:25:02.295894  7751 work_recog.hpp:96] Recog pair: [248 x 272 from (272, 88)], [170 x 214 from (40, 42)]
I1014 14:25:02.296685  7753 thread_intergrate.hpp:157] T-Intergrate-intergrate Show face :0, size :640 * 360
I1014 14:25:02.297252  7749 demo_inner.hpp:435] thread [SORT-0]  frame id 134 sorting queue size 4   FPS: 29.946
I1014 14:25:02.314561  7751 work_thread.hpp:81]  [T-Work-Recog_0] Run work: WorkCompare
I1014 14:25:02.315076  7751 work_compare.cpp:76] Compare face: 0 successed, similarity :0.988934, name : images/ThangLMb.jpg, normal size : 1548 * 1719!
I1014 14:25:02.320626  7747 demo_inner.hpp:177] decode queue size 0
I1014 14:25:02.320742  7750 work_thread.hpp:81]  [T-Work-Detect_0] Run work: WorkDetect
I1014 14:25:02.320777  7750 work_detect.cpp:102] Succeeded to add det start for frame 135
I1014 14:25:02.327625  7750 work_detect.cpp:70] Frame :135 detect result :1 face(s)
I1014 14:25:02.327673  7750 work_detect.cpp:86] Detected bbox: [171 x 214 from (307, 129)]
I1014 14:25:02.327715  7750 work_detect.cpp:120] Succeeded to add det end for frame 135
I1014 14:25:02.327733  7750 work_thread.hpp:81]  [T-Work-Detect_0] Run work: WrokTrack
I1014 14:25:02.327756  7750 work_track.cpp:82] Frame: 135 build input_characts: [0.267188 x 0.594444 from (0.479688, 0.358333)], 0.997596, 0
I1014 14:25:02.327811  7750 work_track.cpp:102] Succeeded to set track lock for frame 135
I1014 14:25:02.327852  7750 work_track.cpp:116] Succeeded to release track lock for frame 135
I1014 14:25:02.327867  7750 work_track.cpp:120] Track results of frame 135: 1 objects input, 1 objects tracked!
I1014 14:25:02.327884  7750 work_track.cpp:148] Frame: 135, track bbox: [171 x 214 from (308.583, 132.592)], gid: 0, lid: 0
I1014 14:25:02.327993  7750 work_thread.hpp:87]  [T-Work-Detect_0] Frame :135 split
I1014 14:25:02.328013  7750 work_thread.hpp:119]  [T-Work-Detect_0] Valid piece: gid = 0
I1014 14:25:02.328032  7750 work_thread.hpp:91]  [T-Work-Detect_0] Push to split queue:recog
I1014 14:25:02.328074  7752 work_thread.hpp:81]  [T-Work-Recog_1] Run work: WorkCapture
I1014 14:25:02.328085  7753 thread_intergrate.hpp:78] [T-Intergrate-intergrate] queue: frame output frame :135
I1014 14:25:02.328110  7753 thread_intergrate.hpp:85] [T-Intergrate-intergrate] queue: compare output face:0
I1014 14:25:02.328130  7753 thread_intergrate.hpp:137] T-Intergrate-intergrate set matched face: 0
I1014 14:25:02.328711  7752 work_thread.hpp:81]  [T-Work-Recog_1] Run work: WorkRecog
I1014 14:25:02.328739  7752 work_recog.hpp:89] Face id: 0 will run recog: bbox [171 x 214 from (307, 129)] quality: 0.2167
I1014 14:25:02.328774  7752 work_recog.hpp:96] Recog pair: [240 x 280 from (272, 80)], [171 x 214 from (35, 49)]
I1014 14:25:02.329622  7753 thread_intergrate.hpp:157] T-Intergrate-intergrate Show face :0, size :640 * 360
I1014 14:25:02.330202  7749 demo_inner.hpp:435] thread [SORT-0]  frame id 135 sorting queue size 5   FPS: 29.902
I1014 14:25:02.346385  7752 work_thread.hpp:81]  [T-Work-Recog_1] Run work: WorkCompare
I1014 14:25:02.346843  7752 work_compare.cpp:76] Compare face: 0 successed, similarity :0.989117, name : images/ThangLMb.jpg, normal size : 1548 * 1719!
I1014 14:25:02.356658  7747 demo_inner.hpp:177] decode queue size 0
I1014 14:25:02.356788  7750 work_thread.hpp:81]  [T-Work-Detect_0] Run work: WorkDetect
I1014 14:25:02.356825  7750 work_detect.cpp:102] Succeeded to add det start for frame 136
I1014 14:25:02.363720  7750 work_detect.cpp:70] Frame :136 detect result :1 face(s)
I1014 14:25:02.363767  7750 work_detect.cpp:86] Detected bbox: [192 x 236 from (280, 120)]
I1014 14:25:02.363811  7750 work_detect.cpp:120] Succeeded to add det end for frame 136
I1014 14:25:02.363827  7750 work_thread.hpp:81]  [T-Work-Detect_0] Run work: WrokTrack
I1014 14:25:02.363852  7750 work_track.cpp:82] Frame: 136 build input_characts: [0.3 x 0.655556 from (0.4375, 0.333333)], 1.00035, 0
I1014 14:25:02.363907  7750 work_track.cpp:102] Succeeded to set track lock for frame 136
I1014 14:25:02.363948  7750 work_track.cpp:116] Succeeded to release track lock for frame 136
I1014 14:25:02.363962  7750 work_track.cpp:120] Track results of frame 136: 1 objects input, 1 objects tracked!
I1014 14:25:02.363981  7750 work_track.cpp:148] Frame: 136, track bbox: [192 x 235.138 from (288.121, 124.862)], gid: 0, lid: 0
I1014 14:25:02.364017  7750 work_thread.hpp:87]  [T-Work-Detect_0] Frame :136 split
I1014 14:25:02.364034  7750 work_thread.hpp:119]  [T-Work-Detect_0] Valid piece: gid = 0
I1014 14:25:02.364053  7750 work_thread.hpp:91]  [T-Work-Detect_0] Push to split queue:recog
I1014 14:25:02.364101  7751 work_thread.hpp:81]  [T-Work-Recog_0] Run work: WorkCapture
I1014 14:25:02.364107  7753 thread_intergrate.hpp:78] [T-Intergrate-intergrate] queue: frame output frame :136
I1014 14:25:02.364132  7753 thread_intergrate.hpp:85] [T-Intergrate-intergrate] queue: compare output face:0
I1014 14:25:02.364151  7753 thread_intergrate.hpp:137] T-Intergrate-intergrate set matched face: 0
I1014 14:25:02.365072  7751 work_thread.hpp:81]  [T-Work-Recog_0] Run work: WorkRecog
I1014 14:25:02.365105  7751 work_recog.hpp:89] Face id: 0 will run recog: bbox [192 x 236 from (280, 120)] quality: 0.38549
I1014 14:25:02.365150  7751 work_recog.hpp:96] Recog pair: [272 x 288 from (240, 72)], [192 x 236 from (40, 48)]
I1014 14:25:02.365634  7753 thread_intergrate.hpp:157] T-Intergrate-intergrate Show face :0, size :640 * 360
I1014 14:25:02.366190  7749 demo_inner.hpp:435] thread [SORT-0]  frame id 136 sorting queue size 6   FPS: 29.902
I1014 14:25:02.383256  7751 work_thread.hpp:81]  [T-Work-Recog_0] Run work: WorkCompare
I1014 14:25:02.383776  7751 work_compare.cpp:76] Compare face: 0 successed, similarity :0.990162, name : images/ThangLMb.jpg, normal size : 1548 * 1719!
I1014 14:25:02.386193  7747 demo_inner.hpp:177] decode queue size 0
I1014 14:25:02.386287  7750 work_thread.hpp:81]  [T-Work-Detect_0] Run work: WorkDetect
I1014 14:25:02.386324  7750 work_detect.cpp:102] Succeeded to add det start for frame 137
I1014 14:25:02.393242  7750 work_detect.cpp:70] Frame :137 detect result :2 face(s)
W1014 14:25:02.393290  7750 work_detect.cpp:83] Invalid bbox: [199 x 237 from (270, 141)]
I1014 14:25:02.393353  7750 work_detect.cpp:86] Detected bbox: [106 x 120 from (332, 225)]
I1014 14:25:02.393398  7750 work_detect.cpp:120] Succeeded to add det end for frame 137
I1014 14:25:02.393414  7750 work_thread.hpp:81]  [T-Work-Detect_0] Run work: WrokTrack
I1014 14:25:02.393438  7750 work_track.cpp:82] Frame: 137 build input_characts: [0.165625 x 0.333333 from (0.51875, 0.625)], 0.936627, 0
I1014 14:25:02.393494  7750 work_track.cpp:102] Succeeded to set track lock for frame 137
I1014 14:25:02.393539  7750 work_track.cpp:116] Succeeded to release track lock for frame 137
I1014 14:25:02.393554  7750 work_track.cpp:120] Track results of frame 137: 1 objects input, 1 objects tracked!
I1014 14:25:02.393573  7750 work_track.cpp:148] Frame: 137, track bbox: [192 x 231.426 from (284.568, 128.574)], gid: 0, lid: -1
I1014 14:25:02.393607  7750 work_track.cpp:162] Frame: 137 lid: 1 not tracked, will set invalid
I1014 14:25:02.393625  7750 work_thread.hpp:87]  [T-Work-Detect_0] Frame :137 split
I1014 14:25:02.393641  7750 work_thread.hpp:123]  [T-Work-Detect_0] Invalid piece: lid = 1, drop it
I1014 14:25:02.393699  7753 thread_intergrate.hpp:78] [T-Intergrate-intergrate] queue: frame output frame :137
I1014 14:25:02.393723  7753 thread_intergrate.hpp:85] [T-Intergrate-intergrate] queue: compare output face:0
I1014 14:25:02.393743  7753 thread_intergrate.hpp:137] T-Intergrate-intergrate set matched face: 0
I1014 14:25:02.395125  7753 thread_intergrate.hpp:157] T-Intergrate-intergrate Show face :0, size :640 * 360
I1014 14:25:02.395725  7749 demo_inner.hpp:435] thread [SORT-0]  frame id 137 sorting queue size 7   FPS: 29.9902
I1014 14:25:02.421942  7747 demo_inner.hpp:177] decode queue size 0
I1014 14:25:02.422070  7750 work_thread.hpp:81]  [T-Work-Detect_0] Run work: WorkDetect
I1014 14:25:02.422117  7750 work_detect.cpp:102] Succeeded to add det start for frame 138
I1014 14:25:02.430517  7750 work_detect.cpp:70] Frame :138 detect result :2 face(s)
I1014 14:25:02.430570  7750 work_detect.cpp:86] Detected bbox: [187 x 232 from (274, 116)]
I1014 14:25:02.430611  7750 work_detect.cpp:86] Detected bbox: [97 x 111 from (336, 231)]
I1014 14:25:02.430644  7750 work_detect.cpp:120] Succeeded to add det end for frame 138
I1014 14:25:02.430660  7750 work_thread.hpp:81]  [T-Work-Detect_0] Run work: WrokTrack
I1014 14:25:02.430685  7750 work_track.cpp:82] Frame: 138 build input_characts: [0.292188 x 0.644444 from (0.428125, 0.322222)], 0.997596, 0
I1014 14:25:02.430763  7750 work_track.cpp:82] Frame: 138 build input_characts: [0.151562 x 0.308333 from (0.525, 0.641667)], 0.920305, 1
I1014 14:25:02.430799  7750 work_track.cpp:102] Succeeded to set track lock for frame 138
I1014 14:25:02.430853  7750 work_track.cpp:116] Succeeded to release track lock for frame 138
I1014 14:25:02.430868  7750 work_track.cpp:120] Track results of frame 138: 2 objects input, 1 objects tracked!
I1014 14:25:02.430886  7750 work_track.cpp:148] Frame: 138, track bbox: [187 x 232 from (276.213, 117.834)], gid: 0, lid: 0
I1014 14:25:02.430920  7750 work_track.cpp:162] Frame: 138 lid: 1 not tracked, will set invalid
I1014 14:25:02.430936  7750 work_thread.hpp:87]  [T-Work-Detect_0] Frame :138 split
I1014 14:25:02.430963  7750 work_thread.hpp:119]  [T-Work-Detect_0] Valid piece: gid = 0
I1014 14:25:02.430997  7750 work_thread.hpp:123]  [T-Work-Detect_0] Invalid piece: lid = 1, drop it
I1014 14:25:02.431015  7750 work_thread.hpp:91]  [T-Work-Detect_0] Push to split queue:recog
I1014 14:25:02.431063  7751 work_thread.hpp:81]  [T-Work-Recog_0] Run work: WorkCapture
I1014 14:25:02.431417  7753 thread_intergrate.hpp:78] [T-Intergrate-intergrate] queue: frame output frame :138
I1014 14:25:02.431665  7751 work_thread.hpp:81]  [T-Work-Recog_0] Run work: WorkRecog
I1014 14:25:02.431696  7751 work_recog.hpp:89] Face id: 0 will run recog: bbox [187 x 232 from (274, 116)] quality: 0.361081
I1014 14:25:02.431740  7751 work_recog.hpp:96] Recog pair: [272 x 296 from (232, 64)], [187 x 232 from (42, 52)]
I1014 14:25:02.432643  7753 thread_intergrate.hpp:157] T-Intergrate-intergrate Show face :0, size :640 * 360
I1014 14:25:02.433185  7749 demo_inner.hpp:435] thread [SORT-0]  frame id 138 sorting queue size 8   FPS: 29.8873
I1014 14:25:02.449816  7751 work_thread.hpp:81]  [T-Work-Recog_0] Run work: WorkCompare
I1014 14:25:02.450335  7751 work_compare.cpp:76] Compare face: 0 successed, similarity :0.985933, name : images/ThangLMb.jpg, normal size : 1548 * 1719!
I1014 14:25:02.452371  7747 demo_inner.hpp:177] decode queue size 0
I1014 14:25:02.452503  7750 work_thread.hpp:81]  [T-Work-Detect_0] Run work: WorkDetect
I1014 14:25:02.452556  7750 work_detect.cpp:102] Succeeded to add det start for frame 139
I1014 14:25:02.460835  7750 work_detect.cpp:70] Frame :139 detect result :1 face(s)
I1014 14:25:02.460907  7750 work_detect.cpp:86] Detected bbox: [183 x 224 from (272, 132)]
I1014 14:25:02.460952  7750 work_detect.cpp:120] Succeeded to add det end for frame 139
I1014 14:25:02.460976  7750 work_thread.hpp:81]  [T-Work-Detect_0] Run work: WrokTrack
I1014 14:25:02.461001  7750 work_track.cpp:82] Frame: 139 build input_characts: [0.285937 x 0.622222 from (0.425, 0.366667)], 0.997488, 0
I1014 14:25:02.461057  7750 work_track.cpp:102] Succeeded to set track lock for frame 139
I1014 14:25:02.461107  7750 work_track.cpp:116] Succeeded to release track lock for frame 139
I1014 14:25:02.461122  7750 work_track.cpp:120] Track results of frame 139: 1 objects input, 1 objects tracked!
I1014 14:25:02.461158  7750 work_track.cpp:148] Frame: 139, track bbox: [183 x 224 from (270.957, 125.535)], gid: 0, lid: 0
I1014 14:25:02.461195  7750 work_thread.hpp:87]  [T-Work-Detect_0] Frame :139 split
I1014 14:25:02.461221  7750 work_thread.hpp:119]  [T-Work-Detect_0] Valid piece: gid = 0
I1014 14:25:02.461241  7750 work_thread.hpp:91]  [T-Work-Detect_0] Push to split queue:recog
I1014 14:25:02.461282  7752 work_thread.hpp:81]  [T-Work-Recog_1] Run work: WorkCapture
I1014 14:25:02.461292  7753 thread_intergrate.hpp:78] [T-Intergrate-intergrate] queue: frame output frame :139
I1014 14:25:02.461321  7753 thread_intergrate.hpp:85] [T-Intergrate-intergrate] queue: compare output face:0
I1014 14:25:02.461340  7753 thread_intergrate.hpp:137] T-Intergrate-intergrate set matched face: 0
I1014 14:25:02.461877  7752 work_thread.hpp:81]  [T-Work-Recog_1] Run work: WorkRecog
I1014 14:25:02.461903  7752 work_recog.hpp:89] Face id: 0 will run recog: bbox [183 x 224 from (272, 132)] quality: 0.396491
I1014 14:25:02.461933  7752 work_recog.hpp:96] Recog pair: [264 x 272 from (232, 88)], [183 x 224 from (40, 44)]
I1014 14:25:02.462792  7753 thread_intergrate.hpp:157] T-Intergrate-intergrate Show face :0, size :640 * 360
I1014 14:25:02.463321  7749 demo_inner.hpp:435] thread [SORT-0]  frame id 139 sorting queue size 9   FPS: 29.9754
I1014 14:25:02.479748  7752 work_thread.hpp:81]  [T-Work-Recog_1] Run work: WorkCompare
I1014 14:25:02.480227  7752 work_compare.cpp:76] Compare face: 0 successed, similarity :0.990047, name : images/ThangLMb.jpg, normal size : 1548 * 1719!
I1014 14:25:02.488858  7747 demo_inner.hpp:177] decode queue size 0
I1014 14:25:02.489003  7750 work_thread.hpp:81]  [T-Work-Detect_0] Run work: WorkDetect
I1014 14:25:02.489053  7750 work_detect.cpp:102] Succeeded to add det start for frame 140
I1014 14:25:02.497412  7750 work_detect.cpp:70] Frame :140 detect result :1 face(s)
I1014 14:25:02.497481  7750 work_detect.cpp:86] Detected bbox: [182 x 224 from (273, 127)]
I1014 14:25:02.497531  7750 work_detect.cpp:120] Succeeded to add det end for frame 140
I1014 14:25:02.497548  7750 work_thread.hpp:81]  [T-Work-Detect_0] Run work: WrokTrack
I1014 14:25:02.497573  7750 work_track.cpp:82] Frame: 140 build input_characts: [0.284375 x 0.622222 from (0.426562, 0.352778)], 0.997596, 0
I1014 14:25:02.497725  7750 work_track.cpp:102] Succeeded to set track lock for frame 140
I1014 14:25:02.497781  7750 work_track.cpp:116] Succeeded to release track lock for frame 140
I1014 14:25:02.497797  7750 work_track.cpp:120] Track results of frame 140: 1 objects input, 1 objects tracked!
I1014 14:25:02.497814  7750 work_track.cpp:148] Frame: 140, track bbox: [182 x 224 from (268.078, 127.378)], gid: 0, lid: 0
I1014 14:25:02.497851  7750 work_thread.hpp:87]  [T-Work-Detect_0] Frame :140 split
I1014 14:25:02.497869  7750 work_thread.hpp:119]  [T-Work-Detect_0] Valid piece: gid = 0
I1014 14:25:02.497896  7750 work_thread.hpp:91]  [T-Work-Detect_0] Push to split queue:recog
I1014 14:25:02.497953  7752 work_thread.hpp:81]  [T-Work-Recog_1] Run work: WorkCapture
I1014 14:25:02.497956  7753 thread_intergrate.hpp:78] [T-Intergrate-intergrate] queue: frame output frame :140
I1014 14:25:02.497995  7753 thread_intergrate.hpp:85] [T-Intergrate-intergrate] queue: compare output face:0
I1014 14:25:02.498014  7753 thread_intergrate.hpp:137] T-Intergrate-intergrate set matched face: 0
I1014 14:25:02.498549  7752 work_thread.hpp:81]  [T-Work-Recog_1] Run work: WorkRecog
I1014 14:25:02.498576  7752 work_recog.hpp:89] Face id: 0 will run recog: bbox [182 x 224 from (273, 127)] quality: 0.269188
I1014 14:25:02.498606  7752 work_recog.hpp:96] Recog pair: [264 x 280 from (232, 80)], [182 x 224 from (41, 47)]
I1014 14:25:02.499435  7753 thread_intergrate.hpp:157] T-Intergrate-intergrate Show face :0, size :640 * 360
I1014 14:25:02.499977  7749 demo_inner.hpp:435] thread [SORT-0]  frame id 140 sorting queue size 10   FPS: 29.8873
I1014 14:25:02.516271  7752 work_thread.hpp:81]  [T-Work-Recog_1] Run work: WorkCompare
I1014 14:25:02.516741  7752 work_compare.cpp:76] Compare face: 0 successed, similarity :0.977556, name : images/ThangLMb.jpg, normal size : 1548 * 1719!
I1014 14:25:02.518975  7747 demo_inner.hpp:177] decode queue size 0
I1014 14:25:02.519109  7750 work_thread.hpp:81]  [T-Work-Detect_0] Run work: WorkDetect
I1014 14:25:02.519145  7750 work_detect.cpp:102] Succeeded to add det start for frame 141
I1014 14:25:02.527417  7750 work_detect.cpp:70] Frame :141 detect result :1 face(s)
I1014 14:25:02.527468  7750 work_detect.cpp:86] Detected bbox: [200 x 241 from (241, 116)]
I1014 14:25:02.527513  7750 work_detect.cpp:120] Succeeded to add det end for frame 141
I1014 14:25:02.527529  7750 work_thread.hpp:81]  [T-Work-Detect_0] Run work: WrokTrack
I1014 14:25:02.527561  7750 work_track.cpp:82] Frame: 141 build input_characts: [0.3125 x 0.669444 from (0.376563, 0.322222)], 1.00019, 0
I1014 14:25:02.527638  7750 work_track.cpp:102] Succeeded to set track lock for frame 141
I1014 14:25:02.527686  7750 work_track.cpp:116] Succeeded to release track lock for frame 141
I1014 14:25:02.527703  7750 work_track.cpp:120] Track results of frame 141: 1 objects input, 1 objects tracked!
I1014 14:25:02.527720  7750 work_track.cpp:148] Frame: 141, track bbox: [200 x 241 from (248.225, 118.127)], gid: 0, lid: 0
I1014 14:25:02.527757  7750 work_thread.hpp:87]  [T-Work-Detect_0] Frame :141 split
I1014 14:25:02.527776  7750 work_thread.hpp:119]  [T-Work-Detect_0] Valid piece: gid = 0
I1014 14:25:02.527802  7750 work_thread.hpp:91]  [T-Work-Detect_0] Push to split queue:recog
I1014 14:25:02.527870  7751 work_thread.hpp:81]  [T-Work-Recog_0] Run work: WorkCapture
I1014 14:25:02.528230  7753 thread_intergrate.hpp:78] [T-Intergrate-intergrate] queue: frame output frame :141
I1014 14:25:02.528255  7753 thread_intergrate.hpp:85] [T-Intergrate-intergrate] queue: compare output face:0
I1014 14:25:02.528273  7753 thread_intergrate.hpp:137] T-Intergrate-intergrate set matched face: 0
I1014 14:25:02.528498  7751 work_thread.hpp:81]  [T-Work-Recog_0] Run work: WorkRecog
I1014 14:25:02.528532  7751 work_recog.hpp:89] Face id: 0 will run recog: bbox [200 x 241 from (241, 116)] quality: 0.477695
I1014 14:25:02.528578  7751 work_recog.hpp:96] Recog pair: [288 x 296 from (200, 64)], [200 x 241 from (41, 52)]
I1014 14:25:02.529713  7753 thread_intergrate.hpp:157] T-Intergrate-intergrate Show face :0, size :640 * 360
I1014 14:25:02.547376  7751 work_thread.hpp:81]  [T-Work-Recog_0] Run work: WorkCompare
I1014 14:25:02.547906  7751 work_compare.cpp:76] Compare face: 0 successed, similarity :0.994616, name : images/ThangLMb.jpg, normal size : 1548 * 1719!
I1014 14:25:02.554381  7747 demo_inner.hpp:177] decode queue size 0
I1014 14:25:02.554545  7750 work_thread.hpp:81]  [T-Work-Detect_0] Run work: WorkDetect
I1014 14:25:02.554585  7750 work_detect.cpp:102] Succeeded to add det start for frame 142
I1014 14:25:02.562913  7750 work_detect.cpp:70] Frame :142 detect result :1 face(s)
I1014 14:25:02.562990  7750 work_detect.cpp:86] Detected bbox: [190 x 231 from (248, 124)]
I1014 14:25:02.563043  7750 work_detect.cpp:120] Succeeded to add det end for frame 142
I1014 14:25:02.563060  7750 work_thread.hpp:81]  [T-Work-Detect_0] Run work: WrokTrack
I1014 14:25:02.563088  7750 work_track.cpp:82] Frame: 142 build input_characts: [0.296875 x 0.641667 from (0.3875, 0.344444)], 0.997596, 0
I1014 14:25:02.563179  7750 work_track.cpp:102] Succeeded to set track lock for frame 142
I1014 14:25:02.563237  7750 work_track.cpp:116] Succeeded to release track lock for frame 142
I1014 14:25:02.563253  7750 work_track.cpp:120] Track results of frame 142: 1 objects input, 1 objects tracked!
I1014 14:25:02.563272  7750 work_track.cpp:148] Frame: 142, track bbox: [190 x 231 from (248.364, 123.596)], gid: 0, lid: 0
I1014 14:25:02.563308  7750 work_thread.hpp:87]  [T-Work-Detect_0] Frame :142 split
I1014 14:25:02.563328  7750 work_thread.hpp:119]  [T-Work-Detect_0] Valid piece: gid = 0
I1014 14:25:02.563354  7750 work_thread.hpp:91]  [T-Work-Detect_0] Push to split queue:recog
I1014 14:25:02.563424  7753 thread_intergrate.hpp:78] [T-Intergrate-intergrate] queue: frame output frame :142
I1014 14:25:02.563426  7752 work_thread.hpp:81]  [T-Work-Recog_1] Run work: WorkCapture
I1014 14:25:02.563454  7753 thread_intergrate.hpp:85] [T-Intergrate-intergrate] queue: compare output face:0
I1014 14:25:02.563473  7753 thread_intergrate.hpp:137] T-Intergrate-intergrate set matched face: 0
I1014 14:25:02.564035  7752 work_thread.hpp:81]  [T-Work-Recog_1] Run work: WorkRecog
I1014 14:25:02.564060  7752 work_recog.hpp:89] Face id: 0 will run recog: bbox [190 x 231 from (248, 124)] quality: 0.373693
I1014 14:25:02.564090  7752 work_recog.hpp:96] Recog pair: [272 x 288 from (208, 72)], [190 x 231 from (40, 52)]
I1014 14:25:02.564926  7753 thread_intergrate.hpp:157] T-Intergrate-intergrate Show face :0, size :640 * 360
I1014 14:25:02.581763  7752 work_thread.hpp:81]  [T-Work-Recog_1] Run work: WorkCompare
I1014 14:25:02.582231  7752 work_compare.cpp:76] Compare face: 0 successed, similarity :0.980659, name : images/ThangLMb.jpg, normal size : 1548 * 1719!
I1014 14:25:02.584995  7747 demo_inner.hpp:177] decode queue size 0
I1014 14:25:02.585155  7750 work_thread.hpp:81]  [T-Work-Detect_0] Run work: WorkDetect
I1014 14:25:02.585191  7750 work_detect.cpp:102] Succeeded to add det start for frame 143
I1014 14:25:02.591924  7750 work_detect.cpp:70] Frame :143 detect result :2 face(s)
I1014 14:25:02.591965  7750 work_detect.cpp:86] Detected bbox: [187 x 231 from (240, 129)]
I1014 14:25:02.591998  7750 work_detect.cpp:86] Detected bbox: [104 x 120 from (301, 225)]
I1014 14:25:02.592028  7750 work_detect.cpp:120] Succeeded to add det end for frame 143
I1014 14:25:02.592044  7750 work_thread.hpp:81]  [T-Work-Detect_0] Run work: WrokTrack
I1014 14:25:02.592068  7750 work_track.cpp:82] Frame: 143 build input_characts: [0.292188 x 0.641667 from (0.375, 0.358333)], 0.999622, 0
I1014 14:25:02.592120  7750 work_track.cpp:82] Frame: 143 build input_characts: [0.1625 x 0.333333 from (0.470313, 0.625)], 0.936627, 1
I1014 14:25:02.592180  7750 work_track.cpp:102] Succeeded to set track lock for frame 143
I1014 14:25:02.592228  7750 work_track.cpp:116] Succeeded to release track lock for frame 143
I1014 14:25:02.592244  7750 work_track.cpp:120] Track results of frame 143: 2 objects input, 1 objects tracked!
I1014 14:25:02.592339  7750 work_track.cpp:148] Frame: 143, track bbox: [187 x 231 from (240.504, 127.06)], gid: 0, lid: 0
I1014 14:25:02.592375  7750 work_track.cpp:162] Frame: 143 lid: 1 not tracked, will set invalid
I1014 14:25:02.592392  7750 work_thread.hpp:87]  [T-Work-Detect_0] Frame :143 split
I1014 14:25:02.592409  7750 work_thread.hpp:119]  [T-Work-Detect_0] Valid piece: gid = 0
I1014 14:25:02.592427  7750 work_thread.hpp:123]  [T-Work-Detect_0] Invalid piece: lid = 1, drop it
I1014 14:25:02.592442  7750 work_thread.hpp:91]  [T-Work-Detect_0] Push to split queue:recog
I1014 14:25:02.592487  7751 work_thread.hpp:81]  [T-Work-Recog_0] Run work: WorkCapture
I1014 14:25:02.592489  7753 thread_intergrate.hpp:78] [T-Intergrate-intergrate] queue: frame output frame :143
I1014 14:25:02.592527  7753 thread_intergrate.hpp:85] [T-Intergrate-intergrate] queue: compare output face:0
I1014 14:25:02.592547  7753 thread_intergrate.hpp:137] T-Intergrate-intergrate set matched face: 0
I1014 14:25:02.593166  7751 work_thread.hpp:81]  [T-Work-Recog_0] Run work: WorkRecog
I1014 14:25:02.593194  7751 work_recog.hpp:89] Face id: 0 will run recog: bbox [187 x 231 from (240, 129)] quality: 0.42447
I1014 14:25:02.593225  7751 work_recog.hpp:96] Recog pair: [264 x 280 from (200, 80)], [187 x 231 from (40, 49)]
I1014 14:25:02.593986  7753 thread_intergrate.hpp:157] T-Intergrate-intergrate Show face :0, size :640 * 360
I1014 14:25:02.611279  7751 work_thread.hpp:81]  [T-Work-Recog_0] Run work: WorkCompare
I1014 14:25:02.611901  7751 work_compare.cpp:76] Compare face: 0 successed, similarity :0.968984, name : images/ThangLMb.jpg, normal size : 1548 * 1719!
I1014 14:25:02.620374  7747 demo_inner.hpp:177] decode queue size 0
I1014 14:25:02.620499  7750 work_thread.hpp:81]  [T-Work-Detect_0] Run work: WorkDetect
I1014 14:25:02.620538  7750 work_detect.cpp:102] Succeeded to add det start for frame 144
I1014 14:25:02.627288  7750 work_detect.cpp:70] Frame :144 detect result :1 face(s)
I1014 14:25:02.627334  7750 work_detect.cpp:86] Detected bbox: [182 x 227 from (244, 129)]
I1014 14:25:02.627378  7750 work_detect.cpp:120] Succeeded to add det end for frame 144
I1014 14:25:02.627394  7750 work_thread.hpp:81]  [T-Work-Detect_0] Run work: WrokTrack
I1014 14:25:02.627418  7750 work_track.cpp:82] Frame: 144 build input_characts: [0.284375 x 0.630556 from (0.38125, 0.358333)], 0.997596, 0
I1014 14:25:02.627475  7750 work_track.cpp:102] Succeeded to set track lock for frame 144
I1014 14:25:02.627519  7750 work_track.cpp:116] Succeeded to release track lock for frame 144
I1014 14:25:02.627533  7750 work_track.cpp:120] Track results of frame 144: 1 objects input, 1 objects tracked!
I1014 14:25:02.627552  7750 work_track.cpp:148] Frame: 144, track bbox: [182 x 227 from (239.186, 128.357)], gid: 0, lid: 0
I1014 14:25:02.627588  7750 work_thread.hpp:87]  [T-Work-Detect_0] Frame :144 split
I1014 14:25:02.627605  7750 work_thread.hpp:119]  [T-Work-Detect_0] Valid piece: gid = 0
I1014 14:25:02.627624  7750 work_thread.hpp:91]  [T-Work-Detect_0] Push to split queue:recog
I1014 14:25:02.627667  7751 work_thread.hpp:81]  [T-Work-Recog_0] Run work: WorkCapture
I1014 14:25:02.627676  7753 thread_intergrate.hpp:78] [T-Intergrate-intergrate] queue: frame output frame :144
I1014 14:25:02.627701  7753 thread_intergrate.hpp:85] [T-Intergrate-intergrate] queue: compare output face:0
I1014 14:25:02.627719  7753 thread_intergrate.hpp:137] T-Intergrate-intergrate set matched face: 0
I1014 14:25:02.628590  7751 work_thread.hpp:81]  [T-Work-Recog_0] Run work: WorkRecog
I1014 14:25:02.628624  7751 work_recog.hpp:89] Face id: 0 will run recog: bbox [182 x 227 from (244, 129)] quality: 0.347583
I1014 14:25:02.628660  7751 work_recog.hpp:96] Recog pair: [256 x 280 from (208, 80)], [182 x 227 from (36, 49)]
I1014 14:25:02.629211  7753 thread_intergrate.hpp:157] T-Intergrate-intergrate Show face :0, size :640 * 360
I1014 14:25:02.646769  7751 work_thread.hpp:81]  [T-Work-Recog_0] Run work: WorkCompare
I1014 14:25:02.647327  7751 work_compare.cpp:76] Compare face: 0 successed, similarity :0.989688, name : images/ThangLMb.jpg, normal size : 1548 * 1719!
I1014 14:25:02.656181  7747 demo_inner.hpp:177] decode queue size 0
I1014 14:25:02.656296  7750 work_thread.hpp:81]  [T-Work-Detect_0] Run work: WorkDetect
I1014 14:25:02.656333  7750 work_detect.cpp:102] Succeeded to add det start for frame 145
I1014 14:25:02.663111  7750 work_detect.cpp:70] Frame :145 detect result :1 face(s)
W1014 14:25:02.663161  7750 work_detect.cpp:83] Invalid bbox: [188 x 225 from (237, 149)]
I1014 14:25:02.663239  7750 work_detect.cpp:120] Succeeded to add det end for frame 145
I1014 14:25:02.663255  7750 work_thread.hpp:81]  [T-Work-Detect_0] Run work: WrokTrack
I1014 14:25:02.663283  7750 work_track.cpp:102] Succeeded to set track lock for frame 145
I1014 14:25:02.663321  7750 work_track.cpp:116] Succeeded to release track lock for frame 145
I1014 14:25:02.663336  7750 work_track.cpp:120] Track results of frame 145: 0 objects input, 1 objects tracked!
I1014 14:25:02.663353  7750 work_track.cpp:148] Frame: 145, track bbox: [182 x 227 from (232.594, 128.699)], gid: 0, lid: -1
I1014 14:25:02.663405  7750 work_thread.hpp:87]  [T-Work-Detect_0] Frame :145 split
I1014 14:25:02.663457  7753 thread_intergrate.hpp:78] [T-Intergrate-intergrate] queue: frame output frame :145
I1014 14:25:02.663482  7753 thread_intergrate.hpp:85] [T-Intergrate-intergrate] queue: compare output face:0
I1014 14:25:02.663501  7753 thread_intergrate.hpp:137] T-Intergrate-intergrate set matched face: 0
I1014 14:25:02.664916  7753 thread_intergrate.hpp:157] T-Intergrate-intergrate Show face :0, size :640 * 360
I1014 14:25:02.686035  7747 demo_inner.hpp:177] decode queue size 0
I1014 14:25:02.686152  7750 work_thread.hpp:81]  [T-Work-Detect_0] Run work: WorkDetect
I1014 14:25:02.686188  7750 work_detect.cpp:102] Succeeded to add det start for frame 146
I1014 14:25:02.692960  7750 work_detect.cpp:70] Frame :146 detect result :1 face(s)
I1014 14:25:02.693032  7750 work_detect.cpp:86] Detected bbox: [198 x 243 from (210, 116)]
I1014 14:25:02.693078  7750 work_detect.cpp:120] Succeeded to add det end for frame 146
I1014 14:25:02.693094  7750 work_thread.hpp:81]  [T-Work-Detect_0] Run work: WrokTrack
I1014 14:25:02.693117  7750 work_track.cpp:82] Frame: 146 build input_characts: [0.309375 x 0.675 from (0.328125, 0.322222)], 1.00019, 0
I1014 14:25:02.693173  7750 work_track.cpp:102] Succeeded to set track lock for frame 146
I1014 14:25:02.693214  7750 work_track.cpp:116] Succeeded to release track lock for frame 146
I1014 14:25:02.693229  7750 work_track.cpp:120] Track results of frame 146: 1 objects input, 1 objects tracked!
I1014 14:25:02.693248  7750 work_track.cpp:148] Frame: 146, track bbox: [198 x 240.821 from (213.002, 119.179)], gid: 0, lid: 0
I1014 14:25:02.693284  7750 work_thread.hpp:87]  [T-Work-Detect_0] Frame :146 split
I1014 14:25:02.693301  7750 work_thread.hpp:119]  [T-Work-Detect_0] Valid piece: gid = 0
I1014 14:25:02.693320  7750 work_thread.hpp:91]  [T-Work-Detect_0] Push to split queue:recog
I1014 14:25:02.693363  7753 thread_intergrate.hpp:78] [T-Intergrate-intergrate] queue: frame output frame :146
I1014 14:25:02.693365  7751 work_thread.hpp:81]  [T-Work-Recog_0] Run work: WorkCapture
I1014 14:25:02.694018  7751 work_thread.hpp:81]  [T-Work-Recog_0] Run work: WorkRecog
I1014 14:25:02.694057  7751 work_recog.hpp:89] Face id: 0 will run recog: bbox [198 x 243 from (210, 116)] quality: 0.468997
I1014 14:25:02.694087  7751 work_recog.hpp:96] Recog pair: [280 x 296 from (168, 64)], [198 x 243 from (42, 52)]
I1014 14:25:02.694502  7753 thread_intergrate.hpp:157] T-Intergrate-intergrate Show face :0, size :640 * 360
I1014 14:25:02.704712  7753 thread_intergrate.hpp:95] T-Intergrate-intergrate Try push queue sorting again 5 vs 5
I1014 14:25:02.712419  7751 work_thread.hpp:81]  [T-Work-Recog_0] Run work: WorkCompare
I1014 14:25:02.712936  7751 work_compare.cpp:76] Compare face: 0 successed, similarity :0.971199, name : images/ThangLMb.jpg, normal size : 1548 * 1719!
I1014 14:25:02.714841  7753 thread_intergrate.hpp:95] T-Intergrate-intergrate Try push queue sorting again 5 vs 5
I1014 14:25:02.721999  7747 demo_inner.hpp:177] decode queue size 0
I1014 14:25:02.722106  7750 work_thread.hpp:81]  [T-Work-Detect_0] Run work: WorkDetect
I1014 14:25:02.722138  7750 work_detect.cpp:102] Succeeded to add det start for frame 147
I1014 14:25:02.725024  7753 thread_intergrate.hpp:95] T-Intergrate-intergrate Try push queue sorting again 5 vs 5
I1014 14:25:02.728992  7750 work_detect.cpp:70] Frame :147 detect result :1 face(s)
I1014 14:25:02.729015  7750 work_detect.cpp:86] Detected bbox: [185 x 225 from (214, 131)]
I1014 14:25:02.729058  7750 work_detect.cpp:120] Succeeded to add det end for frame 147
I1014 14:25:02.729074  7750 work_thread.hpp:81]  [T-Work-Detect_0] Run work: WrokTrack
I1014 14:25:02.729094  7750 work_track.cpp:82] Frame: 147 build input_characts: [0.289062 x 0.625 from (0.334375, 0.363889)], 0.999622, 0
I1014 14:25:02.729151  7750 work_track.cpp:102] Succeeded to set track lock for frame 147
I1014 14:25:02.729189  7750 work_track.cpp:116] Succeeded to release track lock for frame 147
I1014 14:25:02.729204  7750 work_track.cpp:120] Track results of frame 147: 1 objects input, 1 objects tracked!
I1014 14:25:02.729223  7750 work_track.cpp:148] Frame: 147, track bbox: [185 x 225 from (214.684, 129.71)], gid: 0, lid: 0
I1014 14:25:02.729259  7750 work_thread.hpp:87]  [T-Work-Detect_0] Frame :147 split
I1014 14:25:02.729275  7750 work_thread.hpp:119]  [T-Work-Detect_0] Valid piece: gid = 0
I1014 14:25:02.729293  7750 work_thread.hpp:91]  [T-Work-Detect_0] Push to split queue:recog
I1014 14:25:02.729346  7751 work_thread.hpp:81]  [T-Work-Recog_0] Run work: WorkCapture
I1014 14:25:02.729980  7751 work_thread.hpp:81]  [T-Work-Recog_0] Run work: WorkRecog
I1014 14:25:02.730005  7751 work_recog.hpp:89] Face id: 0 will run recog: bbox [185 x 225 from (214, 131)] quality: 0.432227
I1014 14:25:02.730032  7751 work_recog.hpp:96] Recog pair: [264 x 280 from (176, 80)], [185 x 225 from (38, 51)]
I1014 14:25:02.735165  7753 thread_intergrate.hpp:95] T-Intergrate-intergrate Try push queue sorting again 5 vs 5
I1014 14:25:02.745322  7753 thread_intergrate.hpp:95] T-Intergrate-intergrate Try push queue sorting again 5 vs 5
I1014 14:25:02.748430  7751 work_thread.hpp:81]  [T-Work-Recog_0] Run work: WorkCompare
I1014 14:25:02.748970  7751 work_compare.cpp:76] Compare face: 0 successed, similarity :0.994263, name : images/ThangLMb.jpg, normal size : 1548 * 1719!
I1014 14:25:02.752254  7747 demo_inner.hpp:177] decode queue size 0
I1014 14:25:02.752364  7750 work_thread.hpp:81]  [T-Work-Detect_0] Run work: WorkDetect
I1014 14:25:02.752396  7750 work_detect.cpp:102] Succeeded to add det start for frame 148
I1014 14:25:02.755486  7753 thread_intergrate.hpp:95] T-Intergrate-intergrate Try push queue sorting again 5 vs 5
I1014 14:25:02.759150  7750 work_detect.cpp:70] Frame :148 detect result :1 face(s)
W1014 14:25:02.759173  7750 work_detect.cpp:83] Invalid bbox: [189 x 229 from (209, 132)]
I1014 14:25:02.759248  7750 work_detect.cpp:120] Succeeded to add det end for frame 148
I1014 14:25:02.759265  7750 work_thread.hpp:81]  [T-Work-Detect_0] Run work: WrokTrack
I1014 14:25:02.759290  7750 work_track.cpp:102] Succeeded to set track lock for frame 148
I1014 14:25:02.759323  7750 work_track.cpp:116] Succeeded to release track lock for frame 148
I1014 14:25:02.759338  7750 work_track.cpp:120] Track results of frame 148: 0 objects input, 1 objects tracked!
I1014 14:25:02.759356  7750 work_track.cpp:148] Frame: 148, track bbox: [185 x 225 from (208.111, 130.199)], gid: 0, lid: -1
I1014 14:25:02.759407  7750 work_thread.hpp:87]  [T-Work-Detect_0] Frame :148 split
I1014 14:25:02.765604  7753 thread_intergrate.hpp:95] T-Intergrate-intergrate Try push queue sorting again 5 vs 5
I1014 14:25:02.775698  7753 thread_intergrate.hpp:95] T-Intergrate-intergrate Try push queue sorting again 5 vs 5
I1014 14:25:02.785807  7753 thread_intergrate.hpp:95] T-Intergrate-intergrate Try push queue sorting again 5 vs 5
I1014 14:25:02.787999  7747 demo_inner.hpp:177] decode queue size 0
I1014 14:25:02.788206  7750 work_thread.hpp:81]  [T-Work-Detect_0] Run work: WorkDetect
I1014 14:25:02.788239  7750 work_detect.cpp:102] Succeeded to add det start for frame 149
I1014 14:25:02.794965  7750 work_detect.cpp:70] Frame :149 detect result :1 face(s)
I1014 14:25:02.795007  7750 work_detect.cpp:86] Detected bbox: [178 x 217 from (211, 135)]
I1014 14:25:02.795051  7750 work_detect.cpp:120] Succeeded to add det end for frame 149
I1014 14:25:02.795068  7750 work_thread.hpp:81]  [T-Work-Detect_0] Run work: WrokTrack
I1014 14:25:02.795091  7750 work_track.cpp:82] Frame: 149 build input_characts: [0.278125 x 0.602778 from (0.329688, 0.375)], 0.999622, 0
I1014 14:25:02.795146  7750 work_track.cpp:102] Succeeded to set track lock for frame 149
I1014 14:25:02.795187  7750 work_track.cpp:116] Succeeded to release track lock for frame 149
I1014 14:25:02.795202  7750 work_track.cpp:120] Track results of frame 149: 1 objects input, 1 objects tracked!
I1014 14:25:02.795219  7750 work_track.cpp:148] Frame: 149, track bbox: [178 x 217 from (206.913, 134.066)], gid: 0, lid: 0
I1014 14:25:02.795255  7750 work_thread.hpp:87]  [T-Work-Detect_0] Frame :149 split
I1014 14:25:02.795274  7750 work_thread.hpp:119]  [T-Work-Detect_0] Valid piece: gid = 0
