I1014 16:29:58.203094 10063 work_track.cpp:116] Succeeded to release track lock for frame 215
I1014 16:29:58.203107 10063 work_track.cpp:120] Track results of frame 215: 0 objects input, 0 objects tracked!
I1014 16:29:58.203125 10063 work_thread.hpp:87]  [T-Work-Detect_0] Frame :215 split
I1014 16:29:58.203167 10066 thread_intergrate.hpp:78] [T-Intergrate-intergrate] queue: frame output frame :215
I1014 16:29:58.204257 10066 thread_intergrate.hpp:188] T-Intergrate-intergrate Show face :0, size :640 * 360
I1014 16:29:58.204784 10062 demo_inner.hpp:435] thread [SORT-0]  frame id 215 sorting queue size 0   FPS: 12.5033
I1014 16:29:58.204852 10061 demo_inner.hpp:260]  gui queue size 0, state = running
I1014 16:29:58.274657 10060 demo_inner.hpp:177] decode queue size 0
I1014 16:29:58.274751 10063 work_thread.hpp:81]  [T-Work-Detect_0] Run work: WorkDetect
I1014 16:29:58.274785 10063 work_detect.cpp:102] Succeeded to add det start for frame 216
I1014 16:29:58.281250 10063 work_detect.cpp:70] Frame :216 detect result :0 face(s)
I1014 16:29:58.281296 10063 work_detect.cpp:120] Succeeded to add det end for frame 216
I1014 16:29:58.281311 10063 work_thread.hpp:81]  [T-Work-Detect_0] Run work: WrokTrack
I1014 16:29:58.281410 10063 work_track.cpp:102] Succeeded to set track lock for frame 216
I1014 16:29:58.281440 10063 work_track.cpp:116] Succeeded to release track lock for frame 216
I1014 16:29:58.281452 10063 work_track.cpp:120] Track results of frame 216: 0 objects input, 0 objects tracked!
I1014 16:29:58.281471 10063 work_thread.hpp:87]  [T-Work-Detect_0] Frame :216 split
I1014 16:29:58.281515 10066 thread_intergrate.hpp:78] [T-Intergrate-intergrate] queue: frame output frame :216
I1014 16:29:58.282606 10066 thread_intergrate.hpp:188] T-Intergrate-intergrate Show face :0, size :640 * 360
I1014 16:29:58.283133 10062 demo_inner.hpp:435] thread [SORT-0]  frame id 216 sorting queue size 0   FPS: 12.5033
I1014 16:29:58.283205 10061 demo_inner.hpp:260]  gui queue size 0, state = running
I1014 16:29:58.353128 10060 demo_inner.hpp:177] decode queue size 0
I1014 16:29:58.353241 10063 work_thread.hpp:81]  [T-Work-Detect_0] Run work: WorkDetect
I1014 16:29:58.353274 10063 work_detect.cpp:102] Succeeded to add det start for frame 217
I1014 16:29:58.359740 10063 work_detect.cpp:70] Frame :217 detect result :1 face(s)
I1014 16:29:58.359787 10063 work_detect.cpp:86] Detected bbox: [25 x 41 from (425, 97)]
I1014 16:29:58.359831 10063 work_detect.cpp:120] Succeeded to add det end for frame 217
I1014 16:29:58.359848 10063 work_thread.hpp:81]  [T-Work-Detect_0] Run work: WrokTrack
I1014 16:29:58.359871 10063 work_track.cpp:82] Frame: 217 build input_characts: [0.0390625 x 0.113889 from (0.664062, 0.269444)], 0.967082, 0
I1014 16:29:58.359927 10063 work_track.cpp:102] Succeeded to set track lock for frame 217
I1014 16:29:58.359961 10063 work_track.cpp:116] Succeeded to release track lock for frame 217
I1014 16:29:58.359974 10063 work_track.cpp:120] Track results of frame 217: 1 objects input, 0 objects tracked!
I1014 16:29:58.359992 10063 work_track.cpp:162] Frame: 217 lid: 0 not tracked, will set invalid
I1014 16:29:58.360008 10063 work_thread.hpp:87]  [T-Work-Detect_0] Frame :217 split
I1014 16:29:58.360024 10063 work_thread.hpp:126]  [T-Work-Detect_0] Invalid piece: lid = 0, drop it
I1014 16:29:58.360067 10066 thread_intergrate.hpp:78] [T-Intergrate-intergrate] queue: frame output frame :217
I1014 16:29:58.361157 10066 thread_intergrate.hpp:188] T-Intergrate-intergrate Show face :0, size :640 * 360
I1014 16:29:58.361681 10062 demo_inner.hpp:435] thread [SORT-0]  frame id 217 sorting queue size 0   FPS: 12.5
I1014 16:29:58.361747 10061 demo_inner.hpp:260]  gui queue size 0, state = running
I1014 16:29:58.436663 10060 demo_inner.hpp:177] decode queue size 0
I1014 16:29:58.436770 10063 work_thread.hpp:81]  [T-Work-Detect_0] Run work: WorkDetect
I1014 16:29:58.436802 10063 work_detect.cpp:102] Succeeded to add det start for frame 218
I1014 16:29:58.443199 10063 work_detect.cpp:70] Frame :218 detect result :0 face(s)
I1014 16:29:58.443244 10063 work_detect.cpp:120] Succeeded to add det end for frame 218
I1014 16:29:58.443260 10063 work_thread.hpp:81]  [T-Work-Detect_0] Run work: WrokTrack
I1014 16:29:58.443287 10063 work_track.cpp:102] Succeeded to set track lock for frame 218
I1014 16:29:58.443316 10063 work_track.cpp:116] Succeeded to release track lock for frame 218
I1014 16:29:58.443331 10063 work_track.cpp:120] Track results of frame 218: 0 objects input, 0 objects tracked!
I1014 16:29:58.443349 10063 work_thread.hpp:87]  [T-Work-Detect_0] Frame :218 split
I1014 16:29:58.443392 10066 thread_intergrate.hpp:78] [T-Intergrate-intergrate] queue: frame output frame :218
I1014 16:29:58.444483 10066 thread_intergrate.hpp:188] T-Intergrate-intergrate Show face :0, size :640 * 360
I1014 16:29:58.445006 10062 demo_inner.hpp:435] thread [SORT-0]  frame id 218 sorting queue size 0   FPS: 12.5033
I1014 16:29:58.445075 10061 demo_inner.hpp:260]  gui queue size 0, state = running
I1014 16:29:58.514681 10060 demo_inner.hpp:177] decode queue size 0
I1014 16:29:58.514796 10063 work_thread.hpp:81]  [T-Work-Detect_0] Run work: WorkDetect
I1014 16:29:58.514828 10063 work_detect.cpp:102] Succeeded to add det start for frame 219
I1014 16:29:58.521267 10063 work_detect.cpp:70] Frame :219 detect result :0 face(s)
I1014 16:29:58.521311 10063 work_detect.cpp:120] Succeeded to add det end for frame 219
I1014 16:29:58.521327 10063 work_thread.hpp:81]  [T-Work-Detect_0] Run work: WrokTrack
I1014 16:29:58.521353 10063 work_track.cpp:102] Succeeded to set track lock for frame 219
I1014 16:29:58.521385 10063 work_track.cpp:116] Succeeded to release track lock for frame 219
I1014 16:29:58.521399 10063 work_track.cpp:120] Track results of frame 219: 0 objects input, 0 objects tracked!
I1014 16:29:58.521417 10063 work_thread.hpp:87]  [T-Work-Detect_0] Frame :219 split
I1014 16:29:58.521461 10066 thread_intergrate.hpp:78] [T-Intergrate-intergrate] queue: frame output frame :219
I1014 16:29:58.522550 10066 thread_intergrate.hpp:188] T-Intergrate-intergrate Show face :0, size :640 * 360
I1014 16:29:58.523077 10062 demo_inner.hpp:435] thread [SORT-0]  frame id 219 sorting queue size 0   FPS: 12.5033
I1014 16:29:58.523144 10061 demo_inner.hpp:260]  gui queue size 0, state = running
I1014 16:29:58.592828 10060 demo_inner.hpp:177] decode queue size 0
I1014 16:29:58.592926 10063 work_thread.hpp:81]  [T-Work-Detect_0] Run work: WorkDetect
I1014 16:29:58.592957 10063 work_detect.cpp:102] Succeeded to add det start for frame 220
I1014 16:29:58.599376 10063 work_detect.cpp:70] Frame :220 detect result :0 face(s)
I1014 16:29:58.599421 10063 work_detect.cpp:120] Succeeded to add det end for frame 220
I1014 16:29:58.599438 10063 work_thread.hpp:81]  [T-Work-Detect_0] Run work: WrokTrack
I1014 16:29:58.599465 10063 work_track.cpp:102] Succeeded to set track lock for frame 220
I1014 16:29:58.599490 10063 work_track.cpp:116] Succeeded to release track lock for frame 220
I1014 16:29:58.599503 10063 work_track.cpp:120] Track results of frame 220: 0 objects input, 0 objects tracked!
I1014 16:29:58.599522 10063 work_thread.hpp:87]  [T-Work-Detect_0] Frame :220 split
I1014 16:29:58.599570 10066 thread_intergrate.hpp:78] [T-Intergrate-intergrate] queue: frame output frame :220
I1014 16:29:58.600662 10066 thread_intergrate.hpp:188] T-Intergrate-intergrate Show face :0, size :640 * 360
I1014 16:29:58.601186 10062 demo_inner.hpp:435] thread [SORT-0]  frame id 220 sorting queue size 0   FPS: 12.5033
I1014 16:29:58.601256 10061 demo_inner.hpp:260]  gui queue size 0, state = running
I1014 16:29:58.676720 10060 demo_inner.hpp:177] decode queue size 0
I1014 16:29:58.676815 10063 work_thread.hpp:81]  [T-Work-Detect_0] Run work: WorkDetect
I1014 16:29:58.676847 10063 work_detect.cpp:102] Succeeded to add det start for frame 221
I1014 16:29:58.683145 10063 work_detect.cpp:70] Frame :221 detect result :0 face(s)
I1014 16:29:58.683187 10063 work_detect.cpp:120] Succeeded to add det end for frame 221
I1014 16:29:58.683203 10063 work_thread.hpp:81]  [T-Work-Detect_0] Run work: WrokTrack
I1014 16:29:58.683229 10063 work_track.cpp:102] Succeeded to set track lock for frame 221
I1014 16:29:58.683255 10063 work_track.cpp:116] Succeeded to release track lock for frame 221
I1014 16:29:58.683269 10063 work_track.cpp:120] Track results of frame 221: 0 objects input, 0 objects tracked!
I1014 16:29:58.683287 10063 work_thread.hpp:87]  [T-Work-Detect_0] Frame :221 split
I1014 16:29:58.683331 10066 thread_intergrate.hpp:78] [T-Intergrate-intergrate] queue: frame output frame :221
I1014 16:29:58.684420 10066 thread_intergrate.hpp:188] T-Intergrate-intergrate Show face :0, size :640 * 360
I1014 16:29:58.684947 10062 demo_inner.hpp:435] thread [SORT-0]  frame id 221 sorting queue size 0   FPS: 12.5033
I1014 16:29:58.685014 10061 demo_inner.hpp:260]  gui queue size 0, state = running
I1014 16:29:58.736805 10060 demo_inner.hpp:177] decode queue size 0
I1014 16:29:58.736923 10063 work_thread.hpp:81]  [T-Work-Detect_0] Run work: WorkDetect
I1014 16:29:58.736955 10063 work_detect.cpp:102] Succeeded to add det start for frame 222
I1014 16:29:58.743283 10063 work_detect.cpp:70] Frame :222 detect result :0 face(s)
I1014 16:29:58.743330 10063 work_detect.cpp:120] Succeeded to add det end for frame 222
I1014 16:29:58.743423 10063 work_thread.hpp:81]  [T-Work-Detect_0] Run work: WrokTrack
I1014 16:29:58.743453 10063 work_track.cpp:102] Succeeded to set track lock for frame 222
I1014 16:29:58.743479 10063 work_track.cpp:116] Succeeded to release track lock for frame 222
I1014 16:29:58.743492 10063 work_track.cpp:120] Track results of frame 222: 0 objects input, 0 objects tracked!
I1014 16:29:58.743510 10063 work_thread.hpp:87]  [T-Work-Detect_0] Frame :222 split
I1014 16:29:58.743556 10066 thread_intergrate.hpp:78] [T-Intergrate-intergrate] queue: frame output frame :222
I1014 16:29:58.744644 10066 thread_intergrate.hpp:188] T-Intergrate-intergrate Show face :0, size :640 * 360
I1014 16:29:58.745128 10062 demo_inner.hpp:435] thread [SORT-0]  frame id 222 sorting queue size 0   FPS: 12.5622
I1014 16:29:58.745198 10061 demo_inner.hpp:260]  gui queue size 0, state = running
I1014 16:29:58.796584 10060 demo_inner.hpp:177] decode queue size 0
I1014 16:29:58.796677 10063 work_thread.hpp:81]  [T-Work-Detect_0] Run work: WorkDetect
I1014 16:29:58.796710 10063 work_detect.cpp:102] Succeeded to add det start for frame 223
I1014 16:29:58.803131 10063 work_detect.cpp:70] Frame :223 detect result :0 face(s)
I1014 16:29:58.803179 10063 work_detect.cpp:120] Succeeded to add det end for frame 223
I1014 16:29:58.803195 10063 work_thread.hpp:81]  [T-Work-Detect_0] Run work: WrokTrack
I1014 16:29:58.803222 10063 work_track.cpp:102] Succeeded to set track lock for frame 223
I1014 16:29:58.803247 10063 work_track.cpp:116] Succeeded to release track lock for frame 223
I1014 16:29:58.803261 10063 work_track.cpp:120] Track results of frame 223: 0 objects input, 0 objects tracked!
I1014 16:29:58.803279 10063 work_thread.hpp:87]  [T-Work-Detect_0] Frame :223 split
I1014 16:29:58.803331 10066 thread_intergrate.hpp:78] [T-Intergrate-intergrate] queue: frame output frame :223
I1014 16:29:58.804422 10066 thread_intergrate.hpp:188] T-Intergrate-intergrate Show face :0, size :640 * 360
I1014 16:29:58.804896 10062 demo_inner.hpp:435] thread [SORT-0]  frame id 223 sorting queue size 0   FPS: 12.6216
I1014 16:29:58.804965 10061 demo_inner.hpp:260]  gui queue size 0, state = running
I1014 16:29:58.856304 10060 demo_inner.hpp:177] decode queue size 0
I1014 16:29:58.856415 10063 work_thread.hpp:81]  [T-Work-Detect_0] Run work: WorkDetect
I1014 16:29:58.856448 10063 work_detect.cpp:102] Succeeded to add det start for frame 224
I1014 16:29:58.862771 10063 work_detect.cpp:70] Frame :224 detect result :0 face(s)
I1014 16:29:58.862812 10063 work_detect.cpp:120] Succeeded to add det end for frame 224
I1014 16:29:58.862828 10063 work_thread.hpp:81]  [T-Work-Detect_0] Run work: WrokTrack
I1014 16:29:58.862854 10063 work_track.cpp:102] Succeeded to set track lock for frame 224
I1014 16:29:58.862880 10063 work_track.cpp:116] Succeeded to release track lock for frame 224
I1014 16:29:58.862895 10063 work_track.cpp:120] Track results of frame 224: 0 objects input, 0 objects tracked!
I1014 16:29:58.862912 10063 work_thread.hpp:87]  [T-Work-Detect_0] Frame :224 split
I1014 16:29:58.862967 10066 thread_intergrate.hpp:78] [T-Intergrate-intergrate] queue: frame output frame :224
I1014 16:29:58.864058 10066 thread_intergrate.hpp:188] T-Intergrate-intergrate Show face :0, size :640 * 360
I1014 16:29:58.864504 10062 demo_inner.hpp:435] thread [SORT-0]  frame id 224 sorting queue size 0   FPS: 12.7018
I1014 16:29:58.864576 10061 demo_inner.hpp:260]  gui queue size 0, state = running
I1014 16:29:58.916334 10060 demo_inner.hpp:177] decode queue size 0
I1014 16:29:58.916453 10063 work_thread.hpp:81]  [T-Work-Detect_0] Run work: WorkDetect
I1014 16:29:58.916486 10063 work_detect.cpp:102] Succeeded to add det start for frame 225
I1014 16:29:58.922813 10063 work_detect.cpp:70] Frame :225 detect result :0 face(s)
I1014 16:29:58.922855 10063 work_detect.cpp:120] Succeeded to add det end for frame 225
I1014 16:29:58.922873 10063 work_thread.hpp:81]  [T-Work-Detect_0] Run work: WrokTrack
I1014 16:29:58.922899 10063 work_track.cpp:102] Succeeded to set track lock for frame 225
I1014 16:29:58.926236 10063 work_track.cpp:116] Succeeded to release track lock for frame 225
I1014 16:29:58.926254 10063 work_track.cpp:120] Track results of frame 225: 0 objects input, 0 objects tracked!
I1014 16:29:58.926275 10063 work_thread.hpp:87]  [T-Work-Detect_0] Frame :225 split
I1014 16:29:58.926318 10066 thread_intergrate.hpp:78] [T-Intergrate-intergrate] queue: frame output frame :225
I1014 16:29:58.927407 10066 thread_intergrate.hpp:188] T-Intergrate-intergrate Show face :0, size :640 * 360
I1014 16:29:58.927906 10062 demo_inner.hpp:435] thread [SORT-0]  frame id 225 sorting queue size 0   FPS: 12.7524
I1014 16:29:58.927974 10061 demo_inner.hpp:260]  gui queue size 0, state = running
I1014 16:29:58.976595 10060 demo_inner.hpp:177] decode queue size 0
I1014 16:29:58.976685 10063 work_thread.hpp:81]  [T-Work-Detect_0] Run work: WorkDetect
I1014 16:29:58.976717 10063 work_detect.cpp:102] Succeeded to add det start for frame 226
I1014 16:29:58.983032 10063 work_detect.cpp:70] Frame :226 detect result :0 face(s)
I1014 16:29:58.983075 10063 work_detect.cpp:120] Succeeded to add det end for frame 226
I1014 16:29:58.983091 10063 work_thread.hpp:81]  [T-Work-Detect_0] Run work: WrokTrack
I1014 16:29:58.983120 10063 work_track.cpp:102] Succeeded to set track lock for frame 226
I1014 16:29:58.983146 10063 work_track.cpp:116] Succeeded to release track lock for frame 226
I1014 16:29:58.983160 10063 work_track.cpp:120] Track results of frame 226: 0 objects input, 0 objects tracked!
I1014 16:29:58.983178 10063 work_thread.hpp:87]  [T-Work-Detect_0] Frame :226 split
I1014 16:29:58.983227 10066 thread_intergrate.hpp:78] [T-Intergrate-intergrate] queue: frame output frame :226
I1014 16:29:58.984316 10066 thread_intergrate.hpp:188] T-Intergrate-intergrate Show face :0, size :640 * 360
I1014 16:29:58.984887 10062 demo_inner.hpp:435] thread [SORT-0]  frame id 226 sorting queue size 0   FPS: 12.8239
I1014 16:29:58.984956 10061 demo_inner.hpp:260]  gui queue size 0, state = running
I1014 16:29:59.036401 10060 demo_inner.hpp:177] decode queue size 0
I1014 16:29:59.036494 10063 work_thread.hpp:81]  [T-Work-Detect_0] Run work: WorkDetect
I1014 16:29:59.036526 10063 work_detect.cpp:102] Succeeded to add det start for frame 227
I1014 16:29:59.042874 10063 work_detect.cpp:70] Frame :227 detect result :0 face(s)
I1014 16:29:59.042922 10063 work_detect.cpp:120] Succeeded to add det end for frame 227
I1014 16:29:59.042939 10063 work_thread.hpp:81]  [T-Work-Detect_0] Run work: WrokTrack
I1014 16:29:59.042968 10063 work_track.cpp:102] Succeeded to set track lock for frame 227
I1014 16:29:59.042994 10063 work_track.cpp:116] Succeeded to release track lock for frame 227
I1014 16:29:59.043007 10063 work_track.cpp:120] Track results of frame 227: 0 objects input, 0 objects tracked!
I1014 16:29:59.043026 10063 work_thread.hpp:87]  [T-Work-Detect_0] Frame :227 split
I1014 16:29:59.043076 10066 thread_intergrate.hpp:78] [T-Intergrate-intergrate] queue: frame output frame :227
I1014 16:29:59.044173 10066 thread_intergrate.hpp:188] T-Intergrate-intergrate Show face :0, size :640 * 360
I1014 16:29:59.044750 10062 demo_inner.hpp:435] thread [SORT-0]  frame id 227 sorting queue size 0   FPS: 12.9067
I1014 16:29:59.044819 10061 demo_inner.hpp:260]  gui queue size 0, state = running
I1014 16:29:59.096508 10060 demo_inner.hpp:177] decode queue size 0
I1014 16:29:59.096626 10063 work_thread.hpp:81]  [T-Work-Detect_0] Run work: WorkDetect
I1014 16:29:59.096658 10063 work_detect.cpp:102] Succeeded to add det start for frame 228
I1014 16:29:59.102969 10063 work_detect.cpp:70] Frame :228 detect result :0 face(s)
I1014 16:29:59.103010 10063 work_detect.cpp:120] Succeeded to add det end for frame 228
I1014 16:29:59.103026 10063 work_thread.hpp:81]  [T-Work-Detect_0] Run work: WrokTrack
I1014 16:29:59.103054 10063 work_track.cpp:102] Succeeded to set track lock for frame 228
I1014 16:29:59.103080 10063 work_track.cpp:116] Succeeded to release track lock for frame 228
I1014 16:29:59.103094 10063 work_track.cpp:120] Track results of frame 228: 0 objects input, 0 objects tracked!
I1014 16:29:59.103186 10063 work_thread.hpp:87]  [T-Work-Detect_0] Frame :228 split
I1014 16:29:59.103240 10066 thread_intergrate.hpp:78] [T-Intergrate-intergrate] queue: frame output frame :228
I1014 16:29:59.104332 10066 thread_intergrate.hpp:188] T-Intergrate-intergrate Show face :0, size :640 * 360
I1014 16:29:59.104904 10062 demo_inner.hpp:435] thread [SORT-0]  frame id 228 sorting queue size 0   FPS: 12.9695
I1014 16:29:59.104979 10061 demo_inner.hpp:260]  gui queue size 0, state = running
I1014 16:29:59.156512 10060 demo_inner.hpp:177] decode queue size 0
I1014 16:29:59.156610 10063 work_thread.hpp:81]  [T-Work-Detect_0] Run work: WorkDetect
I1014 16:29:59.156643 10063 work_detect.cpp:102] Succeeded to add det start for frame 229
I1014 16:29:59.162971 10063 work_detect.cpp:70] Frame :229 detect result :0 face(s)
I1014 16:29:59.163015 10063 work_detect.cpp:120] Succeeded to add det end for frame 229
I1014 16:29:59.163031 10063 work_thread.hpp:81]  [T-Work-Detect_0] Run work: WrokTrack
I1014 16:29:59.163058 10063 work_track.cpp:102] Succeeded to set track lock for frame 229
I1014 16:29:59.163085 10063 work_track.cpp:116] Succeeded to release track lock for frame 229
I1014 16:29:59.163098 10063 work_track.cpp:120] Track results of frame 229: 0 objects input, 0 objects tracked!
I1014 16:29:59.163117 10063 work_thread.hpp:87]  [T-Work-Detect_0] Frame :229 split
I1014 16:29:59.163168 10066 thread_intergrate.hpp:78] [T-Intergrate-intergrate] queue: frame output frame :229
I1014 16:29:59.164260 10066 thread_intergrate.hpp:188] T-Intergrate-intergrate Show face :0, size :640 * 360
I1014 16:29:59.164783 10062 demo_inner.hpp:435] thread [SORT-0]  frame id 229 sorting queue size 0   FPS: 13.0329
I1014 16:29:59.164851 10061 demo_inner.hpp:260]  gui queue size 0, state = running
I1014 16:29:59.216629 10060 demo_inner.hpp:177] decode queue size 0
I1014 16:29:59.216745 10063 work_thread.hpp:81]  [T-Work-Detect_0] Run work: WorkDetect
I1014 16:29:59.216778 10063 work_detect.cpp:102] Succeeded to add det start for frame 230
I1014 16:29:59.223150 10063 work_detect.cpp:70] Frame :230 detect result :0 face(s)
I1014 16:29:59.223198 10063 work_detect.cpp:120] Succeeded to add det end for frame 230
I1014 16:29:59.223214 10063 work_thread.hpp:81]  [T-Work-Detect_0] Run work: WrokTrack
I1014 16:29:59.223242 10063 work_track.cpp:102] Succeeded to set track lock for frame 230
I1014 16:29:59.223268 10063 work_track.cpp:116] Succeeded to release track lock for frame 230
I1014 16:29:59.223280 10063 work_track.cpp:120] Track results of frame 230: 0 objects input, 0 objects tracked!
I1014 16:29:59.223299 10063 work_thread.hpp:87]  [T-Work-Detect_0] Frame :230 split
I1014 16:29:59.223351 10066 thread_intergrate.hpp:78] [T-Intergrate-intergrate] queue: frame output frame :230
I1014 16:29:59.224442 10066 thread_intergrate.hpp:188] T-Intergrate-intergrate Show face :0, size :640 * 360
I1014 16:29:59.224951 10062 demo_inner.hpp:435] thread [SORT-0]  frame id 230 sorting queue size 0   FPS: 13.1183
I1014 16:29:59.225021 10061 demo_inner.hpp:260]  gui queue size 0, state = running
I1014 16:29:59.276515 10060 demo_inner.hpp:177] decode queue size 0
I1014 16:29:59.276630 10063 work_thread.hpp:81]  [T-Work-Detect_0] Run work: WorkDetect
I1014 16:29:59.276662 10063 work_detect.cpp:102] Succeeded to add det start for frame 231
I1014 16:29:59.282966 10063 work_detect.cpp:70] Frame :231 detect result :0 face(s)
I1014 16:29:59.283016 10063 work_detect.cpp:120] Succeeded to add det end for frame 231
I1014 16:29:59.283031 10063 work_thread.hpp:81]  [T-Work-Detect_0] Run work: WrokTrack
I1014 16:29:59.283059 10063 work_track.cpp:102] Succeeded to set track lock for frame 231
I1014 16:29:59.283084 10063 work_track.cpp:116] Succeeded to release track lock for frame 231
I1014 16:29:59.283098 10063 work_track.cpp:120] Track results of frame 231: 0 objects input, 0 objects tracked!
I1014 16:29:59.283116 10063 work_thread.hpp:87]  [T-Work-Detect_0] Frame :231 split
I1014 16:29:59.283164 10066 thread_intergrate.hpp:78] [T-Intergrate-intergrate] queue: frame output frame :231
I1014 16:29:59.284334 10066 thread_intergrate.hpp:188] T-Intergrate-intergrate Show face :0, size :640 * 360
I1014 16:29:59.284827 10062 demo_inner.hpp:435] thread [SORT-0]  frame id 231 sorting queue size 0   FPS: 13.1832
I1014 16:29:59.284898 10061 demo_inner.hpp:260]  gui queue size 0, state = running
I1014 16:29:59.336884 10060 demo_inner.hpp:177] decode queue size 0
I1014 16:29:59.337008 10063 work_thread.hpp:81]  [T-Work-Detect_0] Run work: WorkDetect
I1014 16:29:59.337040 10063 work_detect.cpp:102] Succeeded to add det start for frame 232
I1014 16:29:59.343459 10063 work_detect.cpp:70] Frame :232 detect result :0 face(s)
I1014 16:29:59.343504 10063 work_detect.cpp:120] Succeeded to add det end for frame 232
I1014 16:29:59.343520 10063 work_thread.hpp:81]  [T-Work-Detect_0] Run work: WrokTrack
I1014 16:29:59.343547 10063 work_track.cpp:102] Succeeded to set track lock for frame 232
I1014 16:29:59.343572 10063 work_track.cpp:116] Succeeded to release track lock for frame 232
I1014 16:29:59.343586 10063 work_track.cpp:120] Track results of frame 232: 0 objects input, 0 objects tracked!
I1014 16:29:59.343605 10063 work_thread.hpp:87]  [T-Work-Detect_0] Frame :232 split
I1014 16:29:59.343652 10066 thread_intergrate.hpp:78] [T-Intergrate-intergrate] queue: frame output frame :232
I1014 16:29:59.344743 10066 thread_intergrate.hpp:188] T-Intergrate-intergrate Show face :0, size :640 * 360
I1014 16:29:59.345306 10062 demo_inner.hpp:435] thread [SORT-0]  frame id 232 sorting queue size 0   FPS: 13.2487
I1014 16:29:59.345376 10061 demo_inner.hpp:260]  gui queue size 0, state = running
I1014 16:29:59.384665 10060 demo_inner.hpp:177] decode queue size 0
I1014 16:29:59.384764 10063 work_thread.hpp:81]  [T-Work-Detect_0] Run work: WorkDetect
I1014 16:29:59.384797 10063 work_detect.cpp:102] Succeeded to add det start for frame 233
I1014 16:29:59.391172 10063 work_detect.cpp:70] Frame :233 detect result :0 face(s)
I1014 16:29:59.391225 10063 work_detect.cpp:120] Succeeded to add det end for frame 233
I1014 16:29:59.391240 10063 work_thread.hpp:81]  [T-Work-Detect_0] Run work: WrokTrack
I1014 16:29:59.391268 10063 work_track.cpp:102] Succeeded to set track lock for frame 233
I1014 16:29:59.391294 10063 work_track.cpp:116] Succeeded to release track lock for frame 233
I1014 16:29:59.391307 10063 work_track.cpp:120] Track results of frame 233: 0 objects input, 0 objects tracked!
I1014 16:29:59.391325 10063 work_thread.hpp:87]  [T-Work-Detect_0] Frame :233 split
I1014 16:29:59.391369 10066 thread_intergrate.hpp:78] [T-Intergrate-intergrate] queue: frame output frame :233
I1014 16:29:59.392460 10066 thread_intergrate.hpp:188] T-Intergrate-intergrate Show face :0, size :640 * 360
I1014 16:29:59.392971 10062 demo_inner.hpp:435] thread [SORT-0]  frame id 233 sorting queue size 0   FPS: 13.3817
I1014 16:29:59.393041 10061 demo_inner.hpp:260]  gui queue size 0, state = running
I1014 16:29:59.432771 10060 demo_inner.hpp:177] decode queue size 0
I1014 16:29:59.432886 10063 work_thread.hpp:81]  [T-Work-Detect_0] Run work: WorkDetect
I1014 16:29:59.432917 10063 work_detect.cpp:102] Succeeded to add det start for frame 234
I1014 16:29:59.439229 10063 work_detect.cpp:70] Frame :234 detect result :0 face(s)
I1014 16:29:59.439276 10063 work_detect.cpp:120] Succeeded to add det end for frame 234
I1014 16:29:59.439292 10063 work_thread.hpp:81]  [T-Work-Detect_0] Run work: WrokTrack
I1014 16:29:59.439319 10063 work_track.cpp:102] Succeeded to set track lock for frame 234
I1014 16:29:59.439344 10063 work_track.cpp:116] Succeeded to release track lock for frame 234
I1014 16:29:59.439357 10063 work_track.cpp:120] Track results of frame 234: 0 objects input, 0 objects tracked!
I1014 16:29:59.439375 10063 work_thread.hpp:87]  [T-Work-Detect_0] Frame :234 split
I1014 16:29:59.439420 10066 thread_intergrate.hpp:78] [T-Intergrate-intergrate] queue: frame output frame :234
I1014 16:29:59.440510 10066 thread_intergrate.hpp:188] T-Intergrate-intergrate Show face :0, size :640 * 360
I1014 16:29:59.441061 10062 demo_inner.hpp:435] thread [SORT-0]  frame id 234 sorting queue size 0   FPS: 13.6635
I1014 16:29:59.441203 10061 demo_inner.hpp:260]  gui queue size 0, state = running
I1014 16:29:59.486547 10060 demo_inner.hpp:177] decode queue size 0
I1014 16:29:59.486668 10063 work_thread.hpp:81]  [T-Work-Detect_0] Run work: WorkDetect
I1014 16:29:59.486702 10063 work_detect.cpp:102] Succeeded to add det start for frame 235
I1014 16:29:59.493149 10063 work_detect.cpp:70] Frame :235 detect result :1 face(s)
W1014 16:29:59.493196 10063 work_detect.cpp:83] Invalid bbox: [31 x 32 from (263, 341)]
I1014 16:29:59.493322 10063 work_detect.cpp:120] Succeeded to add det end for frame 235
I1014 16:29:59.493340 10063 work_thread.hpp:81]  [T-Work-Detect_0] Run work: WrokTrack
I1014 16:29:59.493366 10063 work_track.cpp:102] Succeeded to set track lock for frame 235
I1014 16:29:59.493392 10063 work_track.cpp:116] Succeeded to release track lock for frame 235
I1014 16:29:59.493405 10063 work_track.cpp:120] Track results of frame 235: 0 objects input, 0 objects tracked!
I1014 16:29:59.493423 10063 work_thread.hpp:87]  [T-Work-Detect_0] Frame :235 split
I1014 16:29:59.493466 10066 thread_intergrate.hpp:78] [T-Intergrate-intergrate] queue: frame output frame :235
I1014 16:29:59.494556 10066 thread_intergrate.hpp:188] T-Intergrate-intergrate Show face :0, size :640 * 360
I1014 16:29:59.495090 10062 demo_inner.hpp:435] thread [SORT-0]  frame id 235 sorting queue size 0   FPS: 13.5862
I1014 16:29:59.495158 10061 demo_inner.hpp:260]  gui queue size 0, state = running
I1014 16:29:59.534803 10060 demo_inner.hpp:177] decode queue size 0
I1014 16:29:59.534899 10063 work_thread.hpp:81]  [T-Work-Detect_0] Run work: WorkDetect
I1014 16:29:59.534931 10063 work_detect.cpp:102] Succeeded to add det start for frame 236
I1014 16:29:59.541350 10063 work_detect.cpp:70] Frame :236 detect result :1 face(s)
W1014 16:29:59.541399 10063 work_detect.cpp:83] Invalid bbox: [38 x 44 from (255, 334)]
I1014 16:29:59.541494 10063 work_detect.cpp:120] Succeeded to add det end for frame 236
I1014 16:29:59.541512 10063 work_thread.hpp:81]  [T-Work-Detect_0] Run work: WrokTrack
I1014 16:29:59.541538 10063 work_track.cpp:102] Succeeded to set track lock for frame 236
I1014 16:29:59.541564 10063 work_track.cpp:116] Succeeded to release track lock for frame 236
I1014 16:29:59.541579 10063 work_track.cpp:120] Track results of frame 236: 0 objects input, 0 objects tracked!
I1014 16:29:59.541596 10063 work_thread.hpp:87]  [T-Work-Detect_0] Frame :236 split
I1014 16:29:59.541640 10066 thread_intergrate.hpp:78] [T-Intergrate-intergrate] queue: frame output frame :236
I1014 16:29:59.542729 10066 thread_intergrate.hpp:188] T-Intergrate-intergrate Show face :0, size :640 * 360
I1014 16:29:59.543179 10062 demo_inner.hpp:435] thread [SORT-0]  frame id 236 sorting queue size 0   FPS: 13.7221
I1014 16:29:59.543251 10061 demo_inner.hpp:260]  gui queue size 0, state = running
I1014 16:29:59.583051 10060 demo_inner.hpp:177] decode queue size 0
I1014 16:29:59.583143 10063 work_thread.hpp:81]  [T-Work-Detect_0] Run work: WorkDetect
I1014 16:29:59.583175 10063 work_detect.cpp:102] Succeeded to add det start for frame 237
I1014 16:29:59.589753 10063 work_detect.cpp:70] Frame :237 detect result :2 face(s)
W1014 16:29:59.589805 10063 work_detect.cpp:83] Invalid bbox: [41 x 45 from (253, 329)]
I1014 16:29:59.589888 10063 work_detect.cpp:86] Detected bbox: [26 x 39 from (107, 289)]
I1014 16:29:59.589931 10063 work_detect.cpp:120] Succeeded to add det end for frame 237
I1014 16:29:59.589946 10063 work_thread.hpp:81]  [T-Work-Detect_0] Run work: WrokTrack
I1014 16:29:59.589969 10063 work_track.cpp:82] Frame: 237 build input_characts: [0.040625 x 0.108333 from (0.167187, 0.802778)], 0.969112, 0
I1014 16:29:59.590024 10063 work_track.cpp:102] Succeeded to set track lock for frame 237
I1014 16:29:59.590057 10063 work_track.cpp:116] Succeeded to release track lock for frame 237
I1014 16:29:59.590071 10063 work_track.cpp:120] Track results of frame 237: 1 objects input, 0 objects tracked!
I1014 16:29:59.590088 10063 work_track.cpp:162] Frame: 237 lid: 1 not tracked, will set invalid
I1014 16:29:59.590148 10063 work_thread.hpp:87]  [T-Work-Detect_0] Frame :237 split
I1014 16:29:59.590167 10063 work_thread.hpp:126]  [T-Work-Detect_0] Invalid piece: lid = 1, drop it
I1014 16:29:59.590210 10066 thread_intergrate.hpp:78] [T-Intergrate-intergrate] queue: frame output frame :237
I1014 16:29:59.591300 10066 thread_intergrate.hpp:188] T-Intergrate-intergrate Show face :0, size :640 * 360
I1014 16:29:59.591814 10062 demo_inner.hpp:435] thread [SORT-0]  frame id 237 sorting queue size 0   FPS: 13.8408
I1014 16:29:59.591879 10061 demo_inner.hpp:260]  gui queue size 0, state = running
I1014 16:29:59.636636 10060 demo_inner.hpp:177] decode queue size 0
I1014 16:29:59.636812 10063 work_thread.hpp:81]  [T-Work-Detect_0] Run work: WorkDetect
I1014 16:29:59.636847 10063 work_detect.cpp:102] Succeeded to add det start for frame 238
I1014 16:29:59.643296 10063 work_detect.cpp:70] Frame :238 detect result :2 face(s)
W1014 16:29:59.643342 10063 work_detect.cpp:83] Invalid bbox: [38 x 44 from (253, 333)]
I1014 16:29:59.643427 10063 work_detect.cpp:86] Detected bbox: [25 x 37 from (105, 296)]
I1014 16:29:59.643471 10063 work_detect.cpp:120] Succeeded to add det end for frame 238
I1014 16:29:59.643486 10063 work_thread.hpp:81]  [T-Work-Detect_0] Run work: WrokTrack
I1014 16:29:59.643510 10063 work_track.cpp:82] Frame: 238 build input_characts: [0.0390625 x 0.102778 from (0.164062, 0.822222)], 0.918981, 0
I1014 16:29:59.643566 10063 work_track.cpp:102] Succeeded to set track lock for frame 238
I1014 16:29:59.643605 10063 work_track.cpp:116] Succeeded to release track lock for frame 238
I1014 16:29:59.643620 10063 work_track.cpp:120] Track results of frame 238: 1 objects input, 0 objects tracked!
I1014 16:29:59.643636 10063 work_track.cpp:162] Frame: 238 lid: 1 not tracked, will set invalid
I1014 16:29:59.643651 10063 work_thread.hpp:87]  [T-Work-Detect_0] Frame :238 split
I1014 16:29:59.643667 10063 work_thread.hpp:126]  [T-Work-Detect_0] Invalid piece: lid = 1, drop it
I1014 16:29:59.643710 10066 thread_intergrate.hpp:78] [T-Intergrate-intergrate] queue: frame output frame :238
I1014 16:29:59.644800 10066 thread_intergrate.hpp:188] T-Intergrate-intergrate Show face :0, size :640 * 360
I1014 16:29:59.645316 10062 demo_inner.hpp:435] thread [SORT-0]  frame id 238 sorting queue size 0   FPS: 13.9373
I1014 16:29:59.645380 10061 demo_inner.hpp:260]  gui queue size 0, state = running
I1014 16:29:59.684824 10060 demo_inner.hpp:177] decode queue size 0
I1014 16:29:59.684919 10063 work_thread.hpp:81]  [T-Work-Detect_0] Run work: WorkDetect
I1014 16:29:59.684952 10063 work_detect.cpp:102] Succeeded to add det start for frame 239
I1014 16:29:59.691318 10063 work_detect.cpp:70] Frame :239 detect result :2 face(s)
W1014 16:29:59.691359 10063 work_detect.cpp:83] Invalid bbox: [39 x 44 from (253, 332)]
I1014 16:29:59.691443 10063 work_detect.cpp:86] Detected bbox: [25 x 37 from (106, 296)]
I1014 16:29:59.691485 10063 work_detect.cpp:120] Succeeded to add det end for frame 239
I1014 16:29:59.691501 10063 work_thread.hpp:81]  [T-Work-Detect_0] Run work: WrokTrack
I1014 16:29:59.691524 10063 work_track.cpp:82] Frame: 239 build input_characts: [0.0390625 x 0.102778 from (0.165625, 0.822222)], 0.95411, 0
I1014 16:29:59.691581 10063 work_track.cpp:102] Succeeded to set track lock for frame 239
I1014 16:29:59.691622 10063 work_track.cpp:116] Succeeded to release track lock for frame 239
I1014 16:29:59.691635 10063 work_track.cpp:120] Track results of frame 239: 1 objects input, 1 objects tracked!
I1014 16:29:59.691653 10063 work_track.cpp:148] Frame: 239, track bbox: [25 x 37 from (105.413, 297.01)], gid: 2, lid: 0
I1014 16:29:59.691686 10063 work_thread.hpp:87]  [T-Work-Detect_0] Frame :239 split
I1014 16:29:59.691704 10063 work_thread.hpp:120]  [T-Work-Detect_0] Valid piece: gid = 2
I1014 16:29:59.691722 10063 work_thread.hpp:91]  [T-Work-Detect_0] Push to split queue:recog
I1014 16:29:59.691768 10065 work_thread.hpp:81]  [T-Work-Recog_1] Run work: WorkCapture
I1014 16:29:59.691989 10066 thread_intergrate.hpp:78] [T-Intergrate-intergrate] queue: frame output frame :239
I1014 16:29:59.692248 10065 work_thread.hpp:81]  [T-Work-Recog_1] Run work: WorkRecog
W1014 16:29:59.692270 10065 work_recog.hpp:118] Face id: 2 has low quality : 0.0212798, no need to recog
I1014 16:29:59.692349 10065 work_thread.hpp:81]  [T-Work-Recog_1] Run work: WorkCompare
I1014 16:29:59.693163 10066 thread_intergrate.hpp:188] T-Intergrate-intergrate Show face :0, size :640 * 360
I1014 16:29:59.693632 10062 demo_inner.hpp:435] thread [SORT-0]  frame id 239 sorting queue size 0   FPS: 14.0845
I1014 16:29:59.693697 10061 demo_inner.hpp:260]  gui queue size 0, state = running
I1014 16:29:59.732931 10060 demo_inner.hpp:177] decode queue size 0
I1014 16:29:59.733031 10063 work_thread.hpp:81]  [T-Work-Detect_0] Run work: WorkDetect
I1014 16:29:59.733065 10063 work_detect.cpp:102] Succeeded to add det start for frame 240
I1014 16:29:59.739480 10063 work_detect.cpp:70] Frame :240 detect result :1 face(s)
W1014 16:29:59.739521 10063 work_detect.cpp:83] Invalid bbox: [37 x 43 from (256, 335)]
I1014 16:29:59.739619 10063 work_detect.cpp:120] Succeeded to add det end for frame 240
I1014 16:29:59.739636 10063 work_thread.hpp:81]  [T-Work-Detect_0] Run work: WrokTrack
I1014 16:29:59.739665 10063 work_track.cpp:102] Succeeded to set track lock for frame 240
I1014 16:29:59.739697 10063 work_track.cpp:116] Succeeded to release track lock for frame 240
I1014 16:29:59.739711 10063 work_track.cpp:120] Track results of frame 240: 0 objects input, 1 objects tracked!
I1014 16:29:59.739728 10063 work_track.cpp:148] Frame: 240, track bbox: [25 x 37 from (104.663, 300.011)], gid: 2, lid: -1
I1014 16:29:59.739778 10063 work_thread.hpp:87]  [T-Work-Detect_0] Frame :240 split
I1014 16:29:59.739828 10066 thread_intergrate.hpp:78] [T-Intergrate-intergrate] queue: frame output frame :240
I1014 16:29:59.740917 10066 thread_intergrate.hpp:188] T-Intergrate-intergrate Show face :0, size :640 * 360
I1014 16:29:59.741430 10062 demo_inner.hpp:435] thread [SORT-0]  frame id 240 sorting queue size 0   FPS: 14.2096
I1014 16:29:59.741497 10061 demo_inner.hpp:260]  gui queue size 0, state = running
I1014 16:29:59.786558 10060 demo_inner.hpp:177] decode queue size 0
I1014 16:29:59.786659 10063 work_thread.hpp:81]  [T-Work-Detect_0] Run work: WorkDetect
I1014 16:29:59.786695 10063 work_detect.cpp:102] Succeeded to add det start for frame 241
I1014 16:29:59.793135 10063 work_detect.cpp:70] Frame :241 detect result :1 face(s)
W1014 16:29:59.793182 10063 work_detect.cpp:83] Invalid bbox: [31 x 29 from (269, 344)]
I1014 16:29:59.793277 10063 work_detect.cpp:120] Succeeded to add det end for frame 241
I1014 16:29:59.793293 10063 work_thread.hpp:81]  [T-Work-Detect_0] Run work: WrokTrack
I1014 16:29:59.793321 10063 work_track.cpp:102] Succeeded to set track lock for frame 241
I1014 16:29:59.793351 10063 work_track.cpp:116] Succeeded to release track lock for frame 241
I1014 16:29:59.793365 10063 work_track.cpp:120] Track results of frame 241: 0 objects input, 0 objects tracked!
I1014 16:29:59.793383 10063 work_thread.hpp:87]  [T-Work-Detect_0] Frame :241 split
I1014 16:29:59.793428 10066 thread_intergrate.hpp:78] [T-Intergrate-intergrate] queue: frame output frame :241
I1014 16:29:59.794517 10066 thread_intergrate.hpp:188] T-Intergrate-intergrate Show face :0, size :640 * 360
I1014 16:29:59.795017 10062 demo_inner.hpp:435] thread [SORT-0]  frame id 241 sorting queue size 0   FPS: 14.3155
I1014 16:29:59.795087 10061 demo_inner.hpp:260]  gui queue size 0, state = running
I1014 16:29:59.834760 10060 demo_inner.hpp:177] decode queue size 0
I1014 16:29:59.834859 10063 work_thread.hpp:81]  [T-Work-Detect_0] Run work: WorkDetect
I1014 16:29:59.834892 10063 work_detect.cpp:102] Succeeded to add det start for frame 242
I1014 16:29:59.841343 10063 work_detect.cpp:70] Frame :242 detect result :1 face(s)
W1014 16:29:59.841394 10063 work_detect.cpp:83] Invalid bbox: [31 x 31 from (272, 343)]
I1014 16:29:59.841491 10063 work_detect.cpp:120] Succeeded to add det end for frame 242
I1014 16:29:59.841509 10063 work_thread.hpp:81]  [T-Work-Detect_0] Run work: WrokTrack
I1014 16:29:59.841583 10063 work_track.cpp:102] Succeeded to set track lock for frame 242
I1014 16:29:59.841619 10063 work_track.cpp:116] Succeeded to release track lock for frame 242
I1014 16:29:59.841632 10063 work_track.cpp:120] Track results of frame 242: 0 objects input, 0 objects tracked!
I1014 16:29:59.841650 10063 work_thread.hpp:87]  [T-Work-Detect_0] Frame :242 split
I1014 16:29:59.841696 10066 thread_intergrate.hpp:78] [T-Intergrate-intergrate] queue: frame output frame :242
I1014 16:29:59.842787 10066 thread_intergrate.hpp:188] T-Intergrate-intergrate Show face :0, size :640 * 360
I1014 16:29:59.843286 10062 demo_inner.hpp:435] thread [SORT-0]  frame id 242 sorting queue size 0   FPS: 14.4665
I1014 16:29:59.843354 10061 demo_inner.hpp:260]  gui queue size 0, state = running
I1014 16:29:59.882791 10060 demo_inner.hpp:177] decode queue size 0
I1014 16:29:59.882885 10063 work_thread.hpp:81]  [T-Work-Detect_0] Run work: WorkDetect
I1014 16:29:59.882922 10063 work_detect.cpp:102] Succeeded to add det start for frame 243
I1014 16:29:59.889370 10063 work_detect.cpp:70] Frame :243 detect result :0 face(s)
I1014 16:29:59.889428 10063 work_detect.cpp:120] Succeeded to add det end for frame 243
I1014 16:29:59.889444 10063 work_thread.hpp:81]  [T-Work-Detect_0] Run work: WrokTrack
I1014 16:29:59.889472 10063 work_track.cpp:102] Succeeded to set track lock for frame 243
I1014 16:29:59.889498 10063 work_track.cpp:116] Succeeded to release track lock for frame 243
I1014 16:29:59.889511 10063 work_track.cpp:120] Track results of frame 243: 0 objects input, 0 objects tracked!
I1014 16:29:59.889530 10063 work_thread.hpp:87]  [T-Work-Detect_0] Frame :243 split
I1014 16:29:59.889577 10066 thread_intergrate.hpp:78] [T-Intergrate-intergrate] queue: frame output frame :243
I1014 16:29:59.890668 10066 thread_intergrate.hpp:188] T-Intergrate-intergrate Show face :0, size :640 * 360
I1014 16:29:59.891213 10062 demo_inner.hpp:435] thread [SORT-0]  frame id 243 sorting queue size 0   FPS: 14.603
I1014 16:29:59.891283 10061 demo_inner.hpp:260]  gui queue size 0, state = running
I1014 16:29:59.936543 10060 demo_inner.hpp:177] decode queue size 0
I1014 16:29:59.936643 10063 work_thread.hpp:81]  [T-Work-Detect_0] Run work: WorkDetect
I1014 16:29:59.936676 10063 work_detect.cpp:102] Succeeded to add det start for frame 244
I1014 16:29:59.943058 10063 work_detect.cpp:70] Frame :244 detect result :0 face(s)
I1014 16:29:59.943109 10063 work_detect.cpp:120] Succeeded to add det end for frame 244
I1014 16:29:59.943125 10063 work_thread.hpp:81]  [T-Work-Detect_0] Run work: WrokTrack
I1014 16:29:59.943152 10063 work_track.cpp:102] Succeeded to set track lock for frame 244
I1014 16:29:59.943178 10063 work_track.cpp:116] Succeeded to release track lock for frame 244
I1014 16:29:59.943192 10063 work_track.cpp:120] Track results of frame 244: 0 objects input, 0 objects tracked!
I1014 16:29:59.943210 10063 work_thread.hpp:87]  [T-Work-Detect_0] Frame :244 split
I1014 16:29:59.943254 10066 thread_intergrate.hpp:78] [T-Intergrate-intergrate] queue: frame output frame :244
I1014 16:29:59.944344 10066 thread_intergrate.hpp:188] T-Intergrate-intergrate Show face :0, size :640 * 360
I1014 16:29:59.944839 10062 demo_inner.hpp:435] thread [SORT-0]  frame id 244 sorting queue size 0   FPS: 14.7104
I1014 16:29:59.944914 10061 demo_inner.hpp:260]  gui queue size 0, state = running
I1014 16:29:59.984709 10060 demo_inner.hpp:177] decode queue size 0
I1014 16:29:59.984807 10063 work_thread.hpp:81]  [T-Work-Detect_0] Run work: WorkDetect
I1014 16:29:59.984839 10063 work_detect.cpp:102] Succeeded to add det start for frame 245
I1014 16:29:59.991192 10063 work_detect.cpp:70] Frame :245 detect result :0 face(s)
I1014 16:29:59.991245 10063 work_detect.cpp:120] Succeeded to add det end for frame 245
I1014 16:29:59.991262 10063 work_thread.hpp:81]  [T-Work-Detect_0] Run work: WrokTrack
I1014 16:29:59.991289 10063 work_track.cpp:102] Succeeded to set track lock for frame 245
I1014 16:29:59.991315 10063 work_track.cpp:116] Succeeded to release track lock for frame 245
I1014 16:29:59.991402 10063 work_track.cpp:120] Track results of frame 245: 0 objects input, 0 objects tracked!
I1014 16:29:59.991423 10063 work_thread.hpp:87]  [T-Work-Detect_0] Frame :245 split
I1014 16:29:59.991477 10066 thread_intergrate.hpp:78] [T-Intergrate-intergrate] queue: frame output frame :245
I1014 16:29:59.992566 10066 thread_intergrate.hpp:188] T-Intergrate-intergrate Show face :0, size :640 * 360
I1014 16:29:59.993059 10062 demo_inner.hpp:435] thread [SORT-0]  frame id 245 sorting queue size 0   FPS: 14.8745
I1014 16:29:59.993126 10061 demo_inner.hpp:260]  gui queue size 0, state = running
I1014 16:30:00.032706 10060 demo_inner.hpp:177] decode queue size 0
I1014 16:30:00.032819 10063 work_thread.hpp:81]  [T-Work-Detect_0] Run work: WorkDetect
I1014 16:30:00.032852 10063 work_detect.cpp:102] Succeeded to add det start for frame 246
I1014 16:30:00.039252 10063 work_detect.cpp:70] Frame :246 detect result :1 face(s)
W1014 16:30:00.039300 10063 work_detect.cpp:83] Invalid bbox: [21 x 30 from (141, 340)]
I1014 16:30:00.039404 10063 work_detect.cpp:120] Succeeded to add det end for frame 246
I1014 16:30:00.039422 10063 work_thread.hpp:81]  [T-Work-Detect_0] Run work: WrokTrack
I1014 16:30:00.039451 10063 work_track.cpp:102] Succeeded to set track lock for frame 246
I1014 16:30:00.039477 10063 work_track.cpp:116] Succeeded to release track lock for frame 246
I1014 16:30:00.039490 10063 work_track.cpp:120] Track results of frame 246: 0 objects input, 0 objects tracked!
I1014 16:30:00.039510 10063 work_thread.hpp:87]  [T-Work-Detect_0] Frame :246 split
I1014 16:30:00.039554 10066 thread_intergrate.hpp:78] [T-Intergrate-intergrate] queue: frame output frame :246
I1014 16:30:00.040647 10066 thread_intergrate.hpp:188] T-Intergrate-intergrate Show face :0, size :640 * 360
I1014 16:30:00.041113 10062 demo_inner.hpp:435] thread [SORT-0]  frame id 246 sorting queue size 0   FPS: 15.0141
I1014 16:30:00.041182 10061 demo_inner.hpp:260]  gui queue size 0, state = running
I1014 16:30:00.086622 10060 demo_inner.hpp:177] decode queue size 0
I1014 16:30:00.086724 10063 work_thread.hpp:81]  [T-Work-Detect_0] Run work: WorkDetect
I1014 16:30:00.086757 10063 work_detect.cpp:102] Succeeded to add det start for frame 247
I1014 16:30:00.093235 10063 work_detect.cpp:70] Frame :247 detect result :1 face(s)
W1014 16:30:00.093288 10063 work_detect.cpp:83] Invalid bbox: [21 x 29 from (143, 340)]
I1014 16:30:00.093384 10063 work_detect.cpp:120] Succeeded to add det end for frame 247
I1014 16:30:00.093400 10063 work_thread.hpp:81]  [T-Work-Detect_0] Run work: WrokTrack
I1014 16:30:00.093428 10063 work_track.cpp:102] Succeeded to set track lock for frame 247
I1014 16:30:00.093454 10063 work_track.cpp:116] Succeeded to release track lock for frame 247
I1014 16:30:00.093468 10063 work_track.cpp:120] Track results of frame 247: 0 objects input, 0 objects tracked!
I1014 16:30:00.093487 10063 work_thread.hpp:87]  [T-Work-Detect_0] Frame :247 split
I1014 16:30:00.093534 10066 thread_intergrate.hpp:78] [T-Intergrate-intergrate] queue: frame output frame :247
I1014 16:30:00.094622 10066 thread_intergrate.hpp:188] T-Intergrate-intergrate Show face :0, size :640 * 360
I1014 16:30:00.095122 10062 demo_inner.hpp:435] thread [SORT-0]  frame id 247 sorting queue size 0   FPS: 15.1276
I1014 16:30:00.095192 10061 demo_inner.hpp:260]  gui queue size 0, state = running
I1014 16:30:00.134656 10060 demo_inner.hpp:177] decode queue size 0
I1014 16:30:00.134763 10063 work_thread.hpp:81]  [T-Work-Detect_0] Run work: WorkDetect
I1014 16:30:00.134796 10063 work_detect.cpp:102] Succeeded to add det start for frame 248
I1014 16:30:00.141278 10063 work_detect.cpp:70] Frame :248 detect result :1 face(s)
W1014 16:30:00.141325 10063 work_detect.cpp:83] Invalid bbox: [21 x 31 from (143, 339)]
I1014 16:30:00.141422 10063 work_detect.cpp:120] Succeeded to add det end for frame 248
I1014 16:30:00.141438 10063 work_thread.hpp:81]  [T-Work-Detect_0] Run work: WrokTrack
I1014 16:30:00.141466 10063 work_track.cpp:102] Succeeded to set track lock for frame 248
I1014 16:30:00.141537 10063 work_track.cpp:116] Succeeded to release track lock for frame 248
I1014 16:30:00.141552 10063 work_track.cpp:120] Track results of frame 248: 0 objects input, 0 objects tracked!
I1014 16:30:00.141571 10063 work_thread.hpp:87]  [T-Work-Detect_0] Frame :248 split
I1014 16:30:00.141623 10066 thread_intergrate.hpp:78] [T-Intergrate-intergrate] queue: frame output frame :248
I1014 16:30:00.142714 10066 thread_intergrate.hpp:188] T-Intergrate-intergrate Show face :0, size :640 * 360
I1014 16:30:00.143173 10062 demo_inner.hpp:435] thread [SORT-0]  frame id 248 sorting queue size 0   FPS: 15.3012
I1014 16:30:00.143246 10061 demo_inner.hpp:260]  gui queue size 0, state = running
I1014 16:30:00.182832 10060 demo_inner.hpp:177] decode queue size 0
I1014 16:30:00.182948 10063 work_thread.hpp:81]  [T-Work-Detect_0] Run work: WorkDetect
I1014 16:30:00.182982 10063 work_detect.cpp:102] Succeeded to add det start for frame 249
I1014 16:30:00.189378 10063 work_detect.cpp:70] Frame :249 detect result :1 face(s)
W1014 16:30:00.189421 10063 work_detect.cpp:83] Invalid bbox: [19 x 30 from (144, 337)]
I1014 16:30:00.189519 10063 work_detect.cpp:120] Succeeded to add det end for frame 249
I1014 16:30:00.189536 10063 work_thread.hpp:81]  [T-Work-Detect_0] Run work: WrokTrack
I1014 16:30:00.189563 10063 work_track.cpp:102] Succeeded to set track lock for frame 249
I1014 16:30:00.189589 10063 work_track.cpp:116] Succeeded to release track lock for frame 249
I1014 16:30:00.189604 10063 work_track.cpp:120] Track results of frame 249: 0 objects input, 0 objects tracked!
I1014 16:30:00.189621 10063 work_thread.hpp:87]  [T-Work-Detect_0] Frame :249 split
I1014 16:30:00.189666 10066 thread_intergrate.hpp:78] [T-Intergrate-intergrate] queue: frame output frame :249
I1014 16:30:00.190755 10066 thread_intergrate.hpp:188] T-Intergrate-intergrate Show face :0, size :640 * 360
I1014 16:30:00.191274 10062 demo_inner.hpp:435] thread [SORT-0]  frame id 249 sorting queue size 0   FPS: 15.449
I1014 16:30:00.191344 10061 demo_inner.hpp:260]  gui queue size 0, state = running
I1014 16:30:00.236595 10060 demo_inner.hpp:177] decode queue size 0
I1014 16:30:00.236696 10063 work_thread.hpp:81]  [T-Work-Detect_0] Run work: WorkDetect
I1014 16:30:00.236727 10063 work_detect.cpp:102] Succeeded to add det start for frame 250
I1014 16:30:00.243057 10063 work_detect.cpp:70] Frame :250 detect result :1 face(s)
W1014 16:30:00.243098 10063 work_detect.cpp:83] Invalid bbox: [27 x 31 from (146, 337)]
I1014 16:30:00.243196 10063 work_detect.cpp:120] Succeeded to add det end for frame 250
I1014 16:30:00.243212 10063 work_thread.hpp:81]  [T-Work-Detect_0] Run work: WrokTrack
I1014 16:30:00.243239 10063 work_track.cpp:102] Succeeded to set track lock for frame 250
I1014 16:30:00.243265 10063 work_track.cpp:116] Succeeded to release track lock for frame 250
I1014 16:30:00.243279 10063 work_track.cpp:120] Track results of frame 250: 0 objects input, 0 objects tracked!
I1014 16:30:00.243299 10063 work_thread.hpp:87]  [T-Work-Detect_0] Frame :250 split
I1014 16:30:00.243345 10066 thread_intergrate.hpp:78] [T-Intergrate-intergrate] queue: frame output frame :250
I1014 16:30:00.244437 10066 thread_intergrate.hpp:188] T-Intergrate-intergrate Show face :0, size :640 * 360
I1014 16:30:00.244966 10062 demo_inner.hpp:435] thread [SORT-0]  frame id 250 sorting queue size 0   FPS: 15.5693
I1014 16:30:00.284597 10060 demo_inner.hpp:177] decode queue size 0
I1014 16:30:00.284714 10063 work_thread.hpp:81]  [T-Work-Detect_0] Run work: WorkDetect
I1014 16:30:00.284747 10063 work_detect.cpp:102] Succeeded to add det start for frame 251
I1014 16:30:00.291138 10063 work_detect.cpp:70] Frame :251 detect result :0 face(s)
