I1014 10:48:27.754681  4284 work_track.cpp:120] Track results of frame 72: 1 objects input, 1 objects tracked!
I1014 10:48:27.754699  4284 work_track.cpp:148] Frame: 72, track bbox: [168 x 224 from (264.55, 87.7384)], gid: 0, lid: 0
I1014 10:48:27.754735  4284 work_thread.hpp:88]  [T-Work-Detect_0] Frame :72 split
I1014 10:48:27.754752  4284 work_thread.hpp:120]  [T-Work-Detect_0] Valid piece: gid = 0
I1014 10:48:27.754770  4284 work_thread.hpp:92]  [T-Work-Detect_0] Push to split queue:recog
I1014 10:48:27.754814  4287 thread_intergrate.hpp:78] [T-Intergrate-intergrate] queue: frame output frame :72
I1014 10:48:27.754814  4285 work_thread.hpp:81]  [T-Work-Recog_0] Run work: WorkCapture
I1014 10:48:27.754848  4287 thread_intergrate.hpp:85] [T-Intergrate-intergrate] queue: compare output face:0
I1014 10:48:27.754865  4287 thread_intergrate.hpp:136] T-Intergrate-intergrate set matched face: 0
I1014 10:48:27.755450  4285 work_thread.hpp:81]  [T-Work-Recog_0] Run work: WorkRecog
I1014 10:48:27.755475  4285 work_recog.hpp:89] Face id: 0 will run recog: bbox [168 x 224 from (261, 94)] quality: 0.38549
I1014 10:48:27.755515  4285 work_recog.hpp:96] Recog pair: [240 x 312 from (224, 48)], [168 x 224 from (37, 46)]
I1014 10:48:27.756067  4287 thread_intergrate.hpp:156] T-Intergrate-intergrate Show face :0, size :640 * 360
I1014 10:48:27.756654  4283 demo_inner.hpp:435] thread [SORT-0]  frame id 72 sorting queue size 0   FPS: 19.9805
I1014 10:48:27.773794  4285 work_thread.hpp:81]  [T-Work-Recog_0] Run work: WorkCompare
I1014 10:48:27.773914  4285 work_compare.cpp:76] Compare face: 0 successed, similarity :0.967375, name : images/thanglmb.jpg, normal size : 640 * 360!
I1014 10:48:27.795460  4281 demo_inner.hpp:177] decode queue size 0
I1014 10:48:27.795557  4284 work_thread.hpp:81]  [T-Work-Detect_0] Run work: WorkDetect
I1014 10:48:27.795595  4284 work_detect.cpp:102] Succeeded to add det start for frame 73
I1014 10:48:27.802266  4284 work_detect.cpp:70] Frame :73 detect result :1 face(s)
I1014 10:48:27.802307  4284 work_detect.cpp:86] Detected bbox: [174 x 229 from (261, 67)]
I1014 10:48:27.802350  4284 work_detect.cpp:120] Succeeded to add det end for frame 73
I1014 10:48:27.802366  4284 work_thread.hpp:81]  [T-Work-Detect_0] Run work: WrokTrack
I1014 10:48:27.802392  4284 work_track.cpp:82] Frame: 73 build input_characts: [0.271875 x 0.636111 from (0.407813, 0.186111)], 1.00035, 0
I1014 10:48:27.802448  4284 work_track.cpp:102] Succeeded to set track lock for frame 73
I1014 10:48:27.802487  4284 work_track.cpp:116] Succeeded to release track lock for frame 73
I1014 10:48:27.802502  4284 work_track.cpp:120] Track results of frame 73: 1 objects input, 1 objects tracked!
I1014 10:48:27.802520  4284 work_track.cpp:148] Frame: 73, track bbox: [174 x 229 from (262.406, 73.3092)], gid: 0, lid: 0
I1014 10:48:27.802636  4284 work_thread.hpp:88]  [T-Work-Detect_0] Frame :73 split
I1014 10:48:27.802656  4284 work_thread.hpp:120]  [T-Work-Detect_0] Valid piece: gid = 0
I1014 10:48:27.802675  4284 work_thread.hpp:92]  [T-Work-Detect_0] Push to split queue:recog
I1014 10:48:27.802724  4286 work_thread.hpp:81]  [T-Work-Recog_1] Run work: WorkCapture
I1014 10:48:27.802742  4287 thread_intergrate.hpp:78] [T-Intergrate-intergrate] queue: frame output frame :73
I1014 10:48:27.802765  4287 thread_intergrate.hpp:85] [T-Intergrate-intergrate] queue: compare output face:0
I1014 10:48:27.802784  4287 thread_intergrate.hpp:136] T-Intergrate-intergrate set matched face: 0
I1014 10:48:27.803331  4286 work_thread.hpp:81]  [T-Work-Recog_1] Run work: WorkRecog
I1014 10:48:27.803356  4286 work_recog.hpp:89] Face id: 0 will run recog: bbox [174 x 229 from (261, 67)] quality: 0.42447
I1014 10:48:27.803391  4286 work_recog.hpp:96] Recog pair: [248 x 328 from (224, 16)], [174 x 229 from (37, 51)]
I1014 10:48:27.803992  4287 thread_intergrate.hpp:156] T-Intergrate-intergrate Show face :0, size :640 * 360
I1014 10:48:27.804611  4283 demo_inner.hpp:435] thread [SORT-0]  frame id 73 sorting queue size 1   FPS: 19.9805
I1014 10:48:27.809012  4282 demo_inner.hpp:260]  gui queue size 1, state = running
I1014 10:48:27.821086  4286 work_thread.hpp:81]  [T-Work-Recog_1] Run work: WorkCompare
I1014 10:48:27.821194  4286 work_compare.cpp:76] Compare face: 0 successed, similarity :0.990951, name : images/thanglmb.jpg, normal size : 640 * 360!
I1014 10:48:27.843542  4281 demo_inner.hpp:177] decode queue size 0
I1014 10:48:27.843641  4284 work_thread.hpp:81]  [T-Work-Detect_0] Run work: WorkDetect
I1014 10:48:27.843677  4284 work_detect.cpp:102] Succeeded to add det start for frame 74
I1014 10:48:27.850383  4284 work_detect.cpp:70] Frame :74 detect result :1 face(s)
I1014 10:48:27.850430  4284 work_detect.cpp:86] Detected bbox: [172 x 220 from (268, 72)]
I1014 10:48:27.850472  4284 work_detect.cpp:120] Succeeded to add det end for frame 74
I1014 10:48:27.850489  4284 work_thread.hpp:81]  [T-Work-Detect_0] Run work: WrokTrack
I1014 10:48:27.850514  4284 work_track.cpp:82] Frame: 74 build input_characts: [0.26875 x 0.611111 from (0.41875, 0.2)], 1.00019, 0
I1014 10:48:27.850570  4284 work_track.cpp:102] Succeeded to set track lock for frame 74
I1014 10:48:27.850611  4284 work_track.cpp:116] Succeeded to release track lock for frame 74
I1014 10:48:27.850625  4284 work_track.cpp:120] Track results of frame 74: 1 objects input, 1 objects tracked!
I1014 10:48:27.850644  4284 work_track.cpp:148] Frame: 74, track bbox: [172 x 220 from (264.804, 73.1382)], gid: 0, lid: 0
I1014 10:48:27.850680  4284 work_thread.hpp:88]  [T-Work-Detect_0] Frame :74 split
I1014 10:48:27.850698  4284 work_thread.hpp:120]  [T-Work-Detect_0] Valid piece: gid = 0
I1014 10:48:27.850716  4284 work_thread.hpp:92]  [T-Work-Detect_0] Push to split queue:recog
I1014 10:48:27.850769  4286 work_thread.hpp:81]  [T-Work-Recog_1] Run work: WorkCapture
I1014 10:48:27.850782  4287 thread_intergrate.hpp:78] [T-Intergrate-intergrate] queue: frame output frame :74
I1014 10:48:27.850808  4287 thread_intergrate.hpp:85] [T-Intergrate-intergrate] queue: compare output face:0
I1014 10:48:27.850826  4287 thread_intergrate.hpp:136] T-Intergrate-intergrate set matched face: 0
I1014 10:48:27.851351  4286 work_thread.hpp:81]  [T-Work-Recog_1] Run work: WorkRecog
I1014 10:48:27.851375  4286 work_recog.hpp:89] Face id: 0 will run recog: bbox [172 x 220 from (268, 72)] quality: 0.43927
I1014 10:48:27.851405  4286 work_recog.hpp:96] Recog pair: [248 x 312 from (232, 24)], [172 x 220 from (36, 48)]
I1014 10:48:27.852046  4287 thread_intergrate.hpp:156] T-Intergrate-intergrate Show face :0, size :640 * 360
I1014 10:48:27.852620  4283 demo_inner.hpp:435] thread [SORT-0]  frame id 74 sorting queue size 0   FPS: 20.0391
I1014 10:48:27.868975  4286 work_thread.hpp:81]  [T-Work-Recog_1] Run work: WorkCompare
I1014 10:48:27.869071  4286 work_compare.cpp:76] Compare face: 0 successed, similarity :0.990252, name : images/thanglmb.jpg, normal size : 640 * 360!
I1014 10:48:27.875767  4282 demo_inner.hpp:260]  gui queue size 0, state = running
I1014 10:48:27.897449  4281 demo_inner.hpp:177] decode queue size 0
I1014 10:48:27.897550  4284 work_thread.hpp:81]  [T-Work-Detect_0] Run work: WorkDetect
I1014 10:48:27.897585  4284 work_detect.cpp:102] Succeeded to add det start for frame 75
I1014 10:48:27.904258  4284 work_detect.cpp:70] Frame :75 detect result :1 face(s)
I1014 10:48:27.904300  4284 work_detect.cpp:86] Detected bbox: [163 x 224 from (265, 66)]
I1014 10:48:27.904341  4284 work_detect.cpp:120] Succeeded to add det end for frame 75
I1014 10:48:27.904358  4284 work_thread.hpp:81]  [T-Work-Detect_0] Run work: WrokTrack
I1014 10:48:27.904383  4284 work_track.cpp:82] Frame: 75 build input_characts: [0.254687 x 0.622222 from (0.414062, 0.183333)], 0.999622, 0
I1014 10:48:27.904440  4284 work_track.cpp:102] Succeeded to set track lock for frame 75
I1014 10:48:27.904479  4284 work_track.cpp:116] Succeeded to release track lock for frame 75
I1014 10:48:27.904495  4284 work_track.cpp:120] Track results of frame 75: 1 objects input, 1 objects tracked!
I1014 10:48:27.904511  4284 work_track.cpp:148] Frame: 75, track bbox: [163 x 224 from (266.075, 63.1203)], gid: 0, lid: 0
I1014 10:48:27.904548  4284 work_thread.hpp:88]  [T-Work-Detect_0] Frame :75 split
I1014 10:48:27.904567  4284 work_thread.hpp:120]  [T-Work-Detect_0] Valid piece: gid = 0
I1014 10:48:27.904584  4284 work_thread.hpp:92]  [T-Work-Detect_0] Push to split queue:recog
I1014 10:48:27.904634  4285 work_thread.hpp:81]  [T-Work-Recog_0] Run work: WorkCapture
I1014 10:48:27.904637  4287 thread_intergrate.hpp:78] [T-Intergrate-intergrate] queue: frame output frame :75
I1014 10:48:27.904677  4287 thread_intergrate.hpp:85] [T-Intergrate-intergrate] queue: compare output face:0
I1014 10:48:27.904696  4287 thread_intergrate.hpp:136] T-Intergrate-intergrate set matched face: 0
I1014 10:48:27.905242  4285 work_thread.hpp:81]  [T-Work-Recog_0] Run work: WorkRecog
I1014 10:48:27.905282  4285 work_recog.hpp:89] Face id: 0 will run recog: bbox [163 x 224 from (265, 66)] quality: 0.480819
I1014 10:48:27.905313  4285 work_recog.hpp:96] Recog pair: [232 x 320 from (232, 16)], [163 x 224 from (33, 50)]
I1014 10:48:27.905864  4287 thread_intergrate.hpp:156] T-Intergrate-intergrate Show face :0, size :640 * 360
I1014 10:48:27.906430  4283 demo_inner.hpp:435] thread [SORT-0]  frame id 75 sorting queue size 0   FPS: 19.9805
I1014 10:48:27.923424  4285 work_thread.hpp:81]  [T-Work-Recog_0] Run work: WorkCompare
I1014 10:48:27.923558  4285 work_compare.cpp:76] Compare face: 0 successed, similarity :0.988778, name : images/thanglmb.jpg, normal size : 640 * 360!
I1014 10:48:27.945585  4281 demo_inner.hpp:177] decode queue size 0
I1014 10:48:27.945696  4284 work_thread.hpp:81]  [T-Work-Detect_0] Run work: WorkDetect
I1014 10:48:27.945734  4284 work_detect.cpp:102] Succeeded to add det start for frame 76
I1014 10:48:27.948953  4282 demo_inner.hpp:260]  gui queue size 0, state = running
I1014 10:48:27.952651  4284 work_detect.cpp:70] Frame :76 detect result :1 face(s)
I1014 10:48:27.952710  4284 work_detect.cpp:86] Detected bbox: [154 x 215 from (270, 69)]
I1014 10:48:27.952755  4284 work_detect.cpp:120] Succeeded to add det end for frame 76
I1014 10:48:27.952771  4284 work_thread.hpp:81]  [T-Work-Detect_0] Run work: WrokTrack
I1014 10:48:27.952798  4284 work_track.cpp:82] Frame: 76 build input_characts: [0.240625 x 0.597222 from (0.421875, 0.191667)], 0.999622, 0
I1014 10:48:27.952854  4284 work_track.cpp:102] Succeeded to set track lock for frame 76
I1014 10:48:27.952894  4284 work_track.cpp:116] Succeeded to release track lock for frame 76
I1014 10:48:27.952909  4284 work_track.cpp:120] Track results of frame 76: 1 objects input, 1 objects tracked!
I1014 10:48:27.952927  4284 work_track.cpp:148] Frame: 76, track bbox: [154 x 215 from (271.763, 63.9497)], gid: 0, lid: 0
I1014 10:48:27.952963  4284 work_thread.hpp:88]  [T-Work-Detect_0] Frame :76 split
I1014 10:48:27.953055  4284 work_thread.hpp:120]  [T-Work-Detect_0] Valid piece: gid = 0
I1014 10:48:27.953075  4284 work_thread.hpp:92]  [T-Work-Detect_0] Push to split queue:recog
I1014 10:48:27.953130  4287 thread_intergrate.hpp:78] [T-Intergrate-intergrate] queue: frame output frame :76
I1014 10:48:27.953132  4285 work_thread.hpp:81]  [T-Work-Recog_0] Run work: WorkCapture
I1014 10:48:27.953160  4287 thread_intergrate.hpp:85] [T-Intergrate-intergrate] queue: compare output face:0
I1014 10:48:27.953178  4287 thread_intergrate.hpp:136] T-Intergrate-intergrate set matched face: 0
I1014 10:48:27.953784  4285 work_thread.hpp:81]  [T-Work-Recog_0] Run work: WorkRecog
I1014 10:48:27.953809  4285 work_recog.hpp:89] Face id: 0 will run recog: bbox [154 x 215 from (270, 69)] quality: 0.4807
I1014 10:48:27.953867  4285 work_recog.hpp:96] Recog pair: [216 x 304 from (240, 24)], [154 x 215 from (30, 45)]
I1014 10:48:27.954339  4287 thread_intergrate.hpp:156] T-Intergrate-intergrate Show face :0, size :640 * 360
I1014 10:48:27.954901  4283 demo_inner.hpp:435] thread [SORT-0]  frame id 76 sorting queue size 0   FPS: 19.9805
I1014 10:48:27.971925  4285 work_thread.hpp:81]  [T-Work-Recog_0] Run work: WorkCompare
I1014 10:48:27.972024  4285 work_compare.cpp:76] Compare face: 0 successed, similarity :0.985545, name : images/thanglmb.jpg, normal size : 640 * 360!
I1014 10:48:27.993571  4281 demo_inner.hpp:177] decode queue size 0
I1014 10:48:27.993664  4284 work_thread.hpp:81]  [T-Work-Detect_0] Run work: WorkDetect
I1014 10:48:27.993702  4284 work_detect.cpp:102] Succeeded to add det start for frame 77
I1014 10:48:28.000368  4284 work_detect.cpp:70] Frame :77 detect result :1 face(s)
I1014 10:48:28.000407  4284 work_detect.cpp:86] Detected bbox: [154 x 204 from (277, 74)]
I1014 10:48:28.000449  4284 work_detect.cpp:120] Succeeded to add det end for frame 77
I1014 10:48:28.000465  4284 work_thread.hpp:81]  [T-Work-Detect_0] Run work: WrokTrack
I1014 10:48:28.000489  4284 work_track.cpp:82] Frame: 77 build input_characts: [0.240625 x 0.566667 from (0.432813, 0.205556)], 1.00019, 0
I1014 10:48:28.000545  4284 work_track.cpp:102] Succeeded to set track lock for frame 77
I1014 10:48:28.000586  4284 work_track.cpp:116] Succeeded to release track lock for frame 77
I1014 10:48:28.000600  4284 work_track.cpp:120] Track results of frame 77: 1 objects input, 1 objects tracked!
I1014 10:48:28.000618  4284 work_track.cpp:148] Frame: 77, track bbox: [154 x 204 from (274.545, 69.2632)], gid: 0, lid: 0
I1014 10:48:28.000654  4284 work_thread.hpp:88]  [T-Work-Detect_0] Frame :77 split
I1014 10:48:28.000672  4284 work_thread.hpp:120]  [T-Work-Detect_0] Valid piece: gid = 0
I1014 10:48:28.000690  4284 work_thread.hpp:92]  [T-Work-Detect_0] Push to split queue:recog
I1014 10:48:28.000741  4287 thread_intergrate.hpp:78] [T-Intergrate-intergrate] queue: frame output frame :77
I1014 10:48:28.000768  4287 thread_intergrate.hpp:85] [T-Intergrate-intergrate] queue: compare output face:0
I1014 10:48:28.000792  4287 thread_intergrate.hpp:136] T-Intergrate-intergrate set matched face: 0
I1014 10:48:28.000795  4285 work_thread.hpp:81]  [T-Work-Recog_0] Run work: WorkCapture
I1014 10:48:28.001381  4285 work_thread.hpp:81]  [T-Work-Recog_0] Run work: WorkRecog
I1014 10:48:28.001407  4285 work_recog.hpp:89] Face id: 0 will run recog: bbox [154 x 204 from (277, 74)] quality: 0.467972
I1014 10:48:28.001446  4285 work_recog.hpp:96] Recog pair: [224 x 288 from (240, 32)], [154 x 204 from (37, 42)]
I1014 10:48:28.001986  4287 thread_intergrate.hpp:156] T-Intergrate-intergrate Show face :0, size :640 * 360
I1014 10:48:28.002506  4283 demo_inner.hpp:435] thread [SORT-0]  frame id 77 sorting queue size 1   FPS: 20.0391
I1014 10:48:28.019582  4285 work_thread.hpp:81]  [T-Work-Recog_0] Run work: WorkCompare
I1014 10:48:28.019744  4285 work_compare.cpp:76] Compare face: 0 successed, similarity :0.975632, name : images/thanglmb.jpg, normal size : 640 * 360!
I1014 10:48:28.047838  4281 demo_inner.hpp:177] decode queue size 0
I1014 10:48:28.047964  4284 work_thread.hpp:81]  [T-Work-Detect_0] Run work: WorkDetect
I1014 10:48:28.048079  4284 work_detect.cpp:102] Succeeded to add det start for frame 78
I1014 10:48:28.054740  4284 work_detect.cpp:70] Frame :78 detect result :1 face(s)
I1014 10:48:28.054790  4284 work_detect.cpp:86] Detected bbox: [153 x 204 from (278, 76)]
I1014 10:48:28.054833  4284 work_detect.cpp:120] Succeeded to add det end for frame 78
I1014 10:48:28.054849  4284 work_thread.hpp:81]  [T-Work-Detect_0] Run work: WrokTrack
I1014 10:48:28.054873  4284 work_track.cpp:82] Frame: 78 build input_characts: [0.239063 x 0.566667 from (0.434375, 0.211111)], 1.00019, 0
I1014 10:48:28.054929  4284 work_track.cpp:102] Succeeded to set track lock for frame 78
I1014 10:48:28.054970  4284 work_track.cpp:116] Succeeded to release track lock for frame 78
I1014 10:48:28.054986  4284 work_track.cpp:120] Track results of frame 78: 1 objects input, 1 objects tracked!
I1014 10:48:28.055003  4284 work_track.cpp:148] Frame: 78, track bbox: [153 x 204 from (276.521, 74.0281)], gid: 0, lid: 0
I1014 10:48:28.055039  4284 work_thread.hpp:88]  [T-Work-Detect_0] Frame :78 split
I1014 10:48:28.055058  4284 work_thread.hpp:120]  [T-Work-Detect_0] Valid piece: gid = 0
I1014 10:48:28.055075  4284 work_thread.hpp:92]  [T-Work-Detect_0] Push to split queue:recog
I1014 10:48:28.055120  4287 thread_intergrate.hpp:78] [T-Intergrate-intergrate] queue: frame output frame :78
I1014 10:48:28.055137  4285 work_thread.hpp:81]  [T-Work-Recog_0] Run work: WorkCapture
I1014 10:48:28.055147  4287 thread_intergrate.hpp:85] [T-Intergrate-intergrate] queue: compare output face:0
I1014 10:48:28.055166  4287 thread_intergrate.hpp:136] T-Intergrate-intergrate set matched face: 0
I1014 10:48:28.055907  4285 work_thread.hpp:81]  [T-Work-Recog_0] Run work: WorkRecog
I1014 10:48:28.055933  4285 work_recog.hpp:89] Face id: 0 will run recog: bbox [153 x 204 from (278, 76)] quality: 0.464612
I1014 10:48:28.055974  4285 work_recog.hpp:96] Recog pair: [216 x 288 from (248, 32)], [153 x 204 from (30, 44)]
I1014 10:48:28.056361  4287 thread_intergrate.hpp:156] T-Intergrate-intergrate Show face :0, size :640 * 360
I1014 10:48:28.056910  4283 demo_inner.hpp:435] thread [SORT-0]  frame id 78 sorting queue size 2   FPS: 19.9805
I1014 10:48:28.073997  4285 work_thread.hpp:81]  [T-Work-Recog_0] Run work: WorkCompare
I1014 10:48:28.074122  4285 work_compare.cpp:76] Compare face: 0 successed, similarity :0.983228, name : images/thanglmb.jpg, normal size : 640 * 360!
I1014 10:48:28.095892  4281 demo_inner.hpp:177] decode queue size 0
I1014 10:48:28.096004  4284 work_thread.hpp:81]  [T-Work-Detect_0] Run work: WorkDetect
I1014 10:48:28.096042  4284 work_detect.cpp:102] Succeeded to add det start for frame 79
I1014 10:48:28.102622  4284 work_detect.cpp:70] Frame :79 detect result :1 face(s)
I1014 10:48:28.102665  4284 work_detect.cpp:86] Detected bbox: [159 x 203 from (276, 91)]
I1014 10:48:28.102708  4284 work_detect.cpp:120] Succeeded to add det end for frame 79
I1014 10:48:28.102725  4284 work_thread.hpp:81]  [T-Work-Detect_0] Run work: WrokTrack
I1014 10:48:28.102749  4284 work_track.cpp:82] Frame: 79 build input_characts: [0.248437 x 0.563889 from (0.43125, 0.252778)], 0.999622, 0
I1014 10:48:28.102807  4284 work_track.cpp:102] Succeeded to set track lock for frame 79
I1014 10:48:28.102845  4284 work_track.cpp:116] Succeeded to release track lock for frame 79
I1014 10:48:28.102860  4284 work_track.cpp:120] Track results of frame 79: 1 objects input, 1 objects tracked!
I1014 10:48:28.102879  4284 work_track.cpp:148] Frame: 79, track bbox: [159 x 203 from (275.157, 82.714)], gid: 0, lid: 0
I1014 10:48:28.102916  4284 work_thread.hpp:88]  [T-Work-Detect_0] Frame :79 split
I1014 10:48:28.102933  4284 work_thread.hpp:120]  [T-Work-Detect_0] Valid piece: gid = 0
I1014 10:48:28.102952  4284 work_thread.hpp:92]  [T-Work-Detect_0] Push to split queue:recog
I1014 10:48:28.103003  4287 thread_intergrate.hpp:78] [T-Intergrate-intergrate] queue: frame output frame :79
I1014 10:48:28.103008  4285 work_thread.hpp:81]  [T-Work-Recog_0] Run work: WorkCapture
I1014 10:48:28.103034  4287 thread_intergrate.hpp:85] [T-Intergrate-intergrate] queue: compare output face:0
I1014 10:48:28.103129  4287 thread_intergrate.hpp:136] T-Intergrate-intergrate set matched face: 0
I1014 10:48:28.103691  4285 work_thread.hpp:81]  [T-Work-Recog_0] Run work: WorkRecog
I1014 10:48:28.103715  4285 work_recog.hpp:89] Face id: 0 will run recog: bbox [159 x 203 from (276, 91)] quality: 0.444967
I1014 10:48:28.103762  4285 work_recog.hpp:96] Recog pair: [232 x 288 from (240, 48)], [159 x 203 from (36, 43)]
I1014 10:48:28.104321  4287 thread_intergrate.hpp:156] T-Intergrate-intergrate Show face :0, size :640 * 360
I1014 10:48:28.104879  4283 demo_inner.hpp:435] thread [SORT-0]  frame id 79 sorting queue size 3   FPS: 19.9805
I1014 10:48:28.121887  4285 work_thread.hpp:81]  [T-Work-Recog_0] Run work: WorkCompare
I1014 10:48:28.121997  4285 work_compare.cpp:76] Compare face: 0 successed, similarity :0.977659, name : images/thanglmb.jpg, normal size : 640 * 360!
I1014 10:48:28.144086  4281 demo_inner.hpp:177] decode queue size 0
I1014 10:48:28.144253  4284 work_thread.hpp:81]  [T-Work-Detect_0] Run work: WorkDetect
I1014 10:48:28.144290  4284 work_detect.cpp:102] Succeeded to add det start for frame 80
I1014 10:48:28.150913  4284 work_detect.cpp:70] Frame :80 detect result :1 face(s)
I1014 10:48:28.150954  4284 work_detect.cpp:86] Detected bbox: [148 x 196 from (280, 80)]
I1014 10:48:28.150995  4284 work_detect.cpp:120] Succeeded to add det end for frame 80
I1014 10:48:28.151011  4284 work_thread.hpp:81]  [T-Work-Detect_0] Run work: WrokTrack
I1014 10:48:28.151036  4284 work_track.cpp:82] Frame: 80 build input_characts: [0.23125 x 0.544444 from (0.4375, 0.222222)], 1.00019, 0
I1014 10:48:28.151091  4284 work_track.cpp:102] Succeeded to set track lock for frame 80
I1014 10:48:28.151131  4284 work_track.cpp:116] Succeeded to release track lock for frame 80
I1014 10:48:28.151145  4284 work_track.cpp:120] Track results of frame 80: 1 objects input, 1 objects tracked!
I1014 10:48:28.151163  4284 work_track.cpp:148] Frame: 80, track bbox: [148 x 196 from (282.455, 85.4137)], gid: 0, lid: 0
I1014 10:48:28.151199  4284 work_thread.hpp:88]  [T-Work-Detect_0] Frame :80 split
I1014 10:48:28.151216  4284 work_thread.hpp:120]  [T-Work-Detect_0] Valid piece: gid = 0
I1014 10:48:28.151234  4284 work_thread.hpp:92]  [T-Work-Detect_0] Push to split queue:recog
I1014 10:48:28.151289  4286 work_thread.hpp:81]  [T-Work-Recog_1] Run work: WorkCapture
I1014 10:48:28.151597  4287 thread_intergrate.hpp:78] [T-Intergrate-intergrate] queue: frame output frame :80
I1014 10:48:28.151626  4287 thread_intergrate.hpp:85] [T-Intergrate-intergrate] queue: compare output face:0
I1014 10:48:28.151646  4287 thread_intergrate.hpp:136] T-Intergrate-intergrate set matched face: 0
I1014 10:48:28.151839  4286 work_thread.hpp:81]  [T-Work-Recog_1] Run work: WorkRecog
I1014 10:48:28.151862  4286 work_recog.hpp:89] Face id: 0 will run recog: bbox [148 x 196 from (280, 80)] quality: 0.468662
I1014 10:48:28.151890  4286 work_recog.hpp:96] Recog pair: [216 x 280 from (248, 40)], [148 x 196 from (32, 40)]
I1014 10:48:28.152855  4287 thread_intergrate.hpp:156] T-Intergrate-intergrate Show face :0, size :640 * 360
I1014 10:48:28.153422  4283 demo_inner.hpp:435] thread [SORT-0]  frame id 80 sorting queue size 4   FPS: 20.0391
I1014 10:48:28.169390  4286 work_thread.hpp:81]  [T-Work-Recog_1] Run work: WorkCompare
I1014 10:48:28.169486  4286 work_compare.cpp:76] Compare face: 0 successed, similarity :0.982018, name : images/thanglmb.jpg, normal size : 640 * 360!
I1014 10:48:28.197877  4281 demo_inner.hpp:177] decode queue size 0
I1014 10:48:28.197993  4284 work_thread.hpp:81]  [T-Work-Detect_0] Run work: WorkDetect
I1014 10:48:28.198030  4284 work_detect.cpp:102] Succeeded to add det start for frame 81
I1014 10:48:28.204655  4284 work_detect.cpp:70] Frame :81 detect result :1 face(s)
I1014 10:48:28.204695  4284 work_detect.cpp:86] Detected bbox: [146 x 194 from (280, 82)]
I1014 10:48:28.204738  4284 work_detect.cpp:120] Succeeded to add det end for frame 81
I1014 10:48:28.204754  4284 work_thread.hpp:81]  [T-Work-Detect_0] Run work: WrokTrack
I1014 10:48:28.204854  4284 work_track.cpp:82] Frame: 81 build input_characts: [0.228125 x 0.538889 from (0.4375, 0.227778)], 1.00019, 0
I1014 10:48:28.204910  4284 work_track.cpp:102] Succeeded to set track lock for frame 81
I1014 10:48:28.204952  4284 work_track.cpp:116] Succeeded to release track lock for frame 81
I1014 10:48:28.204967  4284 work_track.cpp:120] Track results of frame 81: 1 objects input, 1 objects tracked!
I1014 10:48:28.204985  4284 work_track.cpp:148] Frame: 81, track bbox: [146 x 194 from (282.218, 85.3613)], gid: 0, lid: 0
I1014 10:48:28.205022  4284 work_thread.hpp:88]  [T-Work-Detect_0] Frame :81 split
I1014 10:48:28.205040  4284 work_thread.hpp:120]  [T-Work-Detect_0] Valid piece: gid = 0
I1014 10:48:28.205060  4284 work_thread.hpp:92]  [T-Work-Detect_0] Push to split queue:recog
I1014 10:48:28.205107  4286 work_thread.hpp:81]  [T-Work-Recog_1] Run work: WorkCapture
I1014 10:48:28.205406  4287 thread_intergrate.hpp:78] [T-Intergrate-intergrate] queue: frame output frame :81
I1014 10:48:28.205432  4287 thread_intergrate.hpp:85] [T-Intergrate-intergrate] queue: compare output face:0
I1014 10:48:28.205451  4287 thread_intergrate.hpp:136] T-Intergrate-intergrate set matched face: 0
I1014 10:48:28.205739  4286 work_thread.hpp:81]  [T-Work-Recog_1] Run work: WorkRecog
I1014 10:48:28.205763  4286 work_recog.hpp:89] Face id: 0 will run recog: bbox [146 x 194 from (280, 82)] quality: 0.465029
I1014 10:48:28.205791  4286 work_recog.hpp:96] Recog pair: [208 x 280 from (248, 40)], [146 x 194 from (32, 42)]
I1014 10:48:28.206627  4287 thread_intergrate.hpp:156] T-Intergrate-intergrate Show face :0, size :640 * 360
I1014 10:48:28.207208  4283 demo_inner.hpp:435] thread [SORT-0]  frame id 81 sorting queue size 5   FPS: 19.9805
I1014 10:48:28.223315  4286 work_thread.hpp:81]  [T-Work-Recog_1] Run work: WorkCompare
I1014 10:48:28.223412  4286 work_compare.cpp:76] Compare face: 0 successed, similarity :0.972723, name : images/thanglmb.jpg, normal size : 640 * 360!
I1014 10:48:28.245898  4281 demo_inner.hpp:177] decode queue size 0
I1014 10:48:28.246001  4284 work_thread.hpp:81]  [T-Work-Detect_0] Run work: WorkDetect
I1014 10:48:28.246038  4284 work_detect.cpp:102] Succeeded to add det start for frame 82
I1014 10:48:28.252593  4284 work_detect.cpp:70] Frame :82 detect result :1 face(s)
I1014 10:48:28.252633  4284 work_detect.cpp:86] Detected bbox: [154 x 200 from (278, 93)]
I1014 10:48:28.252676  4284 work_detect.cpp:120] Succeeded to add det end for frame 82
I1014 10:48:28.252692  4284 work_thread.hpp:81]  [T-Work-Detect_0] Run work: WrokTrack
I1014 10:48:28.252715  4284 work_track.cpp:82] Frame: 82 build input_characts: [0.240625 x 0.555556 from (0.434375, 0.258333)], 1.00019, 0
I1014 10:48:28.252771  4284 work_track.cpp:102] Succeeded to set track lock for frame 82
I1014 10:48:28.252812  4284 work_track.cpp:116] Succeeded to release track lock for frame 82
I1014 10:48:28.252827  4284 work_track.cpp:120] Track results of frame 82: 1 objects input, 1 objects tracked!
I1014 10:48:28.252846  4284 work_track.cpp:148] Frame: 82, track bbox: [154 x 200 from (277.261, 87.9987)], gid: 0, lid: 0
I1014 10:48:28.252882  4284 work_thread.hpp:88]  [T-Work-Detect_0] Frame :82 split
I1014 10:48:28.252899  4284 work_thread.hpp:120]  [T-Work-Detect_0] Valid piece: gid = 0
I1014 10:48:28.252918  4284 work_thread.hpp:92]  [T-Work-Detect_0] Push to split queue:recog
I1014 10:48:28.252966  4287 thread_intergrate.hpp:78] [T-Intergrate-intergrate] queue: frame output frame :82
I1014 10:48:28.252979  4285 work_thread.hpp:81]  [T-Work-Recog_0] Run work: WorkCapture
I1014 10:48:28.252993  4287 thread_intergrate.hpp:85] [T-Intergrate-intergrate] queue: compare output face:0
I1014 10:48:28.253012  4287 thread_intergrate.hpp:136] T-Intergrate-intergrate set matched face: 0
I1014 10:48:28.253561  4285 work_thread.hpp:81]  [T-Work-Recog_0] Run work: WorkRecog
I1014 10:48:28.253592  4285 work_recog.hpp:89] Face id: 0 will run recog: bbox [154 x 200 from (278, 93)] quality: 0.46401
I1014 10:48:28.253785  4285 work_recog.hpp:96] Recog pair: [216 x 288 from (248, 48)], [154 x 200 from (30, 45)]
I1014 10:48:28.254184  4287 thread_intergrate.hpp:156] T-Intergrate-intergrate Show face :0, size :640 * 360
I1014 10:48:28.254732  4283 demo_inner.hpp:435] thread [SORT-0]  frame id 82 sorting queue size 6   FPS: 19.9805
I1014 10:48:28.271840  4285 work_thread.hpp:81]  [T-Work-Recog_0] Run work: WorkCompare
I1014 10:48:28.272006  4285 work_compare.cpp:76] Compare face: 0 successed, similarity :0.97382, name : images/thanglmb.jpg, normal size : 640 * 360!
I1014 10:48:28.293962  4281 demo_inner.hpp:177] decode queue size 0
I1014 10:48:28.294085  4284 work_thread.hpp:81]  [T-Work-Detect_0] Run work: WorkDetect
I1014 10:48:28.294126  4284 work_detect.cpp:102] Succeeded to add det start for frame 83
I1014 10:48:28.300753  4284 work_detect.cpp:70] Frame :83 detect result :1 face(s)
I1014 10:48:28.300798  4284 work_detect.cpp:86] Detected bbox: [154 x 201 from (277, 92)]
I1014 10:48:28.300842  4284 work_detect.cpp:120] Succeeded to add det end for frame 83
I1014 10:48:28.300858  4284 work_thread.hpp:81]  [T-Work-Detect_0] Run work: WrokTrack
I1014 10:48:28.300881  4284 work_track.cpp:82] Frame: 83 build input_characts: [0.240625 x 0.558333 from (0.432813, 0.255556)], 1.00008, 0
I1014 10:48:28.300940  4284 work_track.cpp:102] Succeeded to set track lock for frame 83
I1014 10:48:28.300981  4284 work_track.cpp:116] Succeeded to release track lock for frame 83
I1014 10:48:28.300994  4284 work_track.cpp:120] Track results of frame 83: 1 objects input, 1 objects tracked!
I1014 10:48:28.301012  4284 work_track.cpp:148] Frame: 83, track bbox: [154 x 201 from (276.971, 90.3553)], gid: 0, lid: 0
I1014 10:48:28.301049  4284 work_thread.hpp:88]  [T-Work-Detect_0] Frame :83 split
I1014 10:48:28.301067  4284 work_thread.hpp:120]  [T-Work-Detect_0] Valid piece: gid = 0
I1014 10:48:28.301085  4284 work_thread.hpp:92]  [T-Work-Detect_0] Push to split queue:recog
I1014 10:48:28.301141  4287 thread_intergrate.hpp:78] [T-Intergrate-intergrate] queue: frame output frame :83
I1014 10:48:28.301149  4285 work_thread.hpp:81]  [T-Work-Recog_0] Run work: WorkCapture
I1014 10:48:28.301169  4287 thread_intergrate.hpp:85] [T-Intergrate-intergrate] queue: compare output face:0
I1014 10:48:28.301189  4287 thread_intergrate.hpp:136] T-Intergrate-intergrate set matched face: 0
I1014 10:48:28.301753  4285 work_thread.hpp:81]  [T-Work-Recog_0] Run work: WorkRecog
I1014 10:48:28.301777  4285 work_recog.hpp:89] Face id: 0 will run recog: bbox [154 x 201 from (277, 92)] quality: 0.46401
I1014 10:48:28.301807  4285 work_recog.hpp:96] Recog pair: [224 x 288 from (240, 48)], [154 x 201 from (37, 44)]
I1014 10:48:28.302363  4287 thread_intergrate.hpp:156] T-Intergrate-intergrate Show face :0, size :640 * 360
I1014 10:48:28.302875  4283 demo_inner.hpp:435] thread [SORT-0]  frame id 83 sorting queue size 7   FPS: 20.0391
I1014 10:48:28.319816  4285 work_thread.hpp:81]  [T-Work-Recog_0] Run work: WorkCompare
I1014 10:48:28.319927  4285 work_compare.cpp:76] Compare face: 0 successed, similarity :0.98602, name : images/thanglmb.jpg, normal size : 640 * 360!
I1014 10:48:28.347851  4281 demo_inner.hpp:177] decode queue size 0
I1014 10:48:28.347980  4284 work_thread.hpp:81]  [T-Work-Detect_0] Run work: WorkDetect
I1014 10:48:28.348017  4284 work_detect.cpp:102] Succeeded to add det start for frame 84
I1014 10:48:28.354640  4284 work_detect.cpp:70] Frame :84 detect result :1 face(s)
I1014 10:48:28.354684  4284 work_detect.cpp:86] Detected bbox: [147 x 190 from (280, 100)]
I1014 10:48:28.354727  4284 work_detect.cpp:120] Succeeded to add det end for frame 84
I1014 10:48:28.354743  4284 work_thread.hpp:81]  [T-Work-Detect_0] Run work: WrokTrack
I1014 10:48:28.354766  4284 work_track.cpp:82] Frame: 84 build input_characts: [0.229687 x 0.527778 from (0.4375, 0.277778)], 1.00019, 0
I1014 10:48:28.354823  4284 work_track.cpp:102] Succeeded to set track lock for frame 84
I1014 10:48:28.354862  4284 work_track.cpp:116] Succeeded to release track lock for frame 84
I1014 10:48:28.354952  4284 work_track.cpp:120] Track results of frame 84: 1 objects input, 1 objects tracked!
I1014 10:48:28.354974  4284 work_track.cpp:148] Frame: 84, track bbox: [147 x 190 from (280.091, 98.3298)], gid: 0, lid: 0
I1014 10:48:28.355011  4284 work_thread.hpp:88]  [T-Work-Detect_0] Frame :84 split
I1014 10:48:28.355028  4284 work_thread.hpp:120]  [T-Work-Detect_0] Valid piece: gid = 0
I1014 10:48:28.355046  4284 work_thread.hpp:92]  [T-Work-Detect_0] Push to split queue:recog
I1014 10:48:28.355088  4285 work_thread.hpp:81]  [T-Work-Recog_0] Run work: WorkCapture
I1014 10:48:28.355095  4287 thread_intergrate.hpp:78] [T-Intergrate-intergrate] queue: frame output frame :84
I1014 10:48:28.355124  4287 thread_intergrate.hpp:85] [T-Intergrate-intergrate] queue: compare output face:0
I1014 10:48:28.355144  4287 thread_intergrate.hpp:136] T-Intergrate-intergrate set matched face: 0
I1014 10:48:28.356086  4285 work_thread.hpp:81]  [T-Work-Recog_0] Run work: WorkRecog
I1014 10:48:28.356124  4285 work_recog.hpp:89] Face id: 0 will run recog: bbox [147 x 190 from (280, 100)] quality: 0.471766
I1014 10:48:28.356184  4285 work_recog.hpp:96] Recog pair: [208 x 272 from (248, 56)], [147 x 190 from (32, 44)]
I1014 10:48:28.356369  4287 thread_intergrate.hpp:156] T-Intergrate-intergrate Show face :0, size :640 * 360
I1014 10:48:28.356922  4283 demo_inner.hpp:435] thread [SORT-0]  frame id 84 sorting queue size 8   FPS: 19.9805
I1014 10:48:28.374142  4285 work_thread.hpp:81]  [T-Work-Recog_0] Run work: WorkCompare
I1014 10:48:28.374362  4285 work_compare.cpp:76] Compare face: 0 successed, similarity :0.967735, name : images/thanglmb.jpg, normal size : 640 * 360!
I1014 10:48:28.395977  4281 demo_inner.hpp:177] decode queue size 0
I1014 10:48:28.396095  4284 work_thread.hpp:81]  [T-Work-Detect_0] Run work: WorkDetect
I1014 10:48:28.396132  4284 work_detect.cpp:102] Succeeded to add det start for frame 85
I1014 10:48:28.402686  4284 work_detect.cpp:70] Frame :85 detect result :1 face(s)
I1014 10:48:28.402726  4284 work_detect.cpp:86] Detected bbox: [148 x 190 from (280, 99)]
I1014 10:48:28.402768  4284 work_detect.cpp:120] Succeeded to add det end for frame 85
I1014 10:48:28.402786  4284 work_thread.hpp:81]  [T-Work-Detect_0] Run work: WrokTrack
I1014 10:48:28.402809  4284 work_track.cpp:82] Frame: 85 build input_characts: [0.23125 x 0.527778 from (0.4375, 0.275)], 1.00019, 0
I1014 10:48:28.402865  4284 work_track.cpp:102] Succeeded to set track lock for frame 85
I1014 10:48:28.402906  4284 work_track.cpp:116] Succeeded to release track lock for frame 85
I1014 10:48:28.402920  4284 work_track.cpp:120] Track results of frame 85: 1 objects input, 1 objects tracked!
I1014 10:48:28.402940  4284 work_track.cpp:148] Frame: 85, track bbox: [148 x 190 from (279.945, 102.697)], gid: 0, lid: 0
I1014 10:48:28.402977  4284 work_thread.hpp:88]  [T-Work-Detect_0] Frame :85 split
I1014 10:48:28.402995  4284 work_thread.hpp:120]  [T-Work-Detect_0] Valid piece: gid = 0
I1014 10:48:28.403013  4284 work_thread.hpp:92]  [T-Work-Detect_0] Push to split queue:recog
I1014 10:48:28.403064  4285 work_thread.hpp:81]  [T-Work-Recog_0] Run work: WorkCapture
I1014 10:48:28.403069  4287 thread_intergrate.hpp:78] [T-Intergrate-intergrate] queue: frame output frame :85
I1014 10:48:28.403100  4287 thread_intergrate.hpp:85] [T-Intergrate-intergrate] queue: compare output face:0
I1014 10:48:28.403120  4287 thread_intergrate.hpp:136] T-Intergrate-intergrate set matched face: 0
I1014 10:48:28.403743  4285 work_thread.hpp:81]  [T-Work-Recog_0] Run work: WorkRecog
I1014 10:48:28.403767  4285 work_recog.hpp:89] Face id: 0 will run recog: bbox [148 x 190 from (280, 99)] quality: 0.466468
I1014 10:48:28.403796  4285 work_recog.hpp:96] Recog pair: [216 x 272 from (248, 56)], [148 x 190 from (32, 43)]
I1014 10:48:28.404312  4287 thread_intergrate.hpp:156] T-Intergrate-intergrate Show face :0, size :640 * 360
I1014 10:48:28.404892  4283 demo_inner.hpp:435] thread [SORT-0]  frame id 85 sorting queue size 9   FPS: 19.9805
I1014 10:48:28.421838  4285 work_thread.hpp:81]  [T-Work-Recog_0] Run work: WorkCompare
I1014 10:48:28.422037  4285 work_compare.cpp:76] Compare face: 0 successed, similarity :0.981017, name : images/thanglmb.jpg, normal size : 640 * 360!
I1014 10:48:28.443892  4281 demo_inner.hpp:177] decode queue size 0
I1014 10:48:28.444002  4284 work_thread.hpp:81]  [T-Work-Detect_0] Run work: WorkDetect
I1014 10:48:28.444041  4284 work_detect.cpp:102] Succeeded to add det start for frame 86
I1014 10:48:28.450588  4284 work_detect.cpp:70] Frame :86 detect result :1 face(s)
I1014 10:48:28.450635  4284 work_detect.cpp:86] Detected bbox: [144 x 186 from (284, 102)]
I1014 10:48:28.450680  4284 work_detect.cpp:120] Succeeded to add det end for frame 86
I1014 10:48:28.450696  4284 work_thread.hpp:81]  [T-Work-Detect_0] Run work: WrokTrack
I1014 10:48:28.450721  4284 work_track.cpp:82] Frame: 86 build input_characts: [0.225 x 0.516667 from (0.44375, 0.283333)], 0.999183, 0
I1014 10:48:28.450778  4284 work_track.cpp:102] Succeeded to set track lock for frame 86
I1014 10:48:28.450817  4284 work_track.cpp:116] Succeeded to release track lock for frame 86
I1014 10:48:28.450831  4284 work_track.cpp:120] Track results of frame 86: 1 objects input, 1 objects tracked!
I1014 10:48:28.450850  4284 work_track.cpp:148] Frame: 86, track bbox: [144 x 186 from (283.046, 104.526)], gid: 0, lid: 0
I1014 10:48:28.450886  4284 work_thread.hpp:88]  [T-Work-Detect_0] Frame :86 split
I1014 10:48:28.450903  4284 work_thread.hpp:120]  [T-Work-Detect_0] Valid piece: gid = 0
I1014 10:48:28.450922  4284 work_thread.hpp:92]  [T-Work-Detect_0] Push to split queue:recog
I1014 10:48:28.450971  4285 work_thread.hpp:81]  [T-Work-Recog_0] Run work: WorkCapture
I1014 10:48:28.450976  4287 thread_intergrate.hpp:78] [T-Intergrate-intergrate] queue: frame output frame :86
I1014 10:48:28.451009  4287 thread_intergrate.hpp:85] [T-Intergrate-intergrate] queue: compare output face:0
I1014 10:48:28.451027  4287 thread_intergrate.hpp:136] T-Intergrate-intergrate set matched face: 0
I1014 10:48:28.451596  4285 work_thread.hpp:81]  [T-Work-Recog_0] Run work: WorkRecog
I1014 10:48:28.451683  4285 work_recog.hpp:89] Face id: 0 will run recog: bbox [144 x 186 from (284, 102)] quality: 0.450049
I1014 10:48:28.451712  4285 work_recog.hpp:96] Recog pair: [200 x 264 from (256, 64)], [144 x 186 from (28, 38)]
I1014 10:48:28.452220  4287 thread_intergrate.hpp:156] T-Intergrate-intergrate Show face :0, size :640 * 360
I1014 10:48:28.452731  4283 demo_inner.hpp:435] thread [SORT-0]  frame id 86 sorting queue size 10   FPS: 20.0391
I1014 10:48:28.469697  4285 work_thread.hpp:81]  [T-Work-Recog_0] Run work: WorkCompare
I1014 10:48:28.469823  4285 work_compare.cpp:76] Compare face: 0 successed, similarity :0.981201, name : images/thanglmb.jpg, normal size : 640 * 360!
I1014 10:48:28.497807  4281 demo_inner.hpp:177] decode queue size 0
I1014 10:48:28.497922  4284 work_thread.hpp:81]  [T-Work-Detect_0] Run work: WorkDetect
I1014 10:48:28.497959  4284 work_detect.cpp:102] Succeeded to add det start for frame 87
I1014 10:48:28.504575  4284 work_detect.cpp:70] Frame :87 detect result :1 face(s)
I1014 10:48:28.504622  4284 work_detect.cpp:86] Detected bbox: [137 x 179 from (289, 106)]
I1014 10:48:28.504665  4284 work_detect.cpp:120] Succeeded to add det end for frame 87
I1014 10:48:28.504681  4284 work_thread.hpp:81]  [T-Work-Detect_0] Run work: WrokTrack
I1014 10:48:28.504705  4284 work_track.cpp:82] Frame: 87 build input_characts: [0.214062 x 0.497222 from (0.451562, 0.294444)], 0.999885, 0
I1014 10:48:28.504761  4284 work_track.cpp:102] Succeeded to set track lock for frame 87
I1014 10:48:28.504801  4284 work_track.cpp:116] Succeeded to release track lock for frame 87
I1014 10:48:28.504815  4284 work_track.cpp:120] Track results of frame 87: 1 objects input, 1 objects tracked!
I1014 10:48:28.504834  4284 work_track.cpp:148] Frame: 87, track bbox: [137 x 179 from (287.856, 106.016)], gid: 0, lid: 0
I1014 10:48:28.504873  4284 work_thread.hpp:88]  [T-Work-Detect_0] Frame :87 split
I1014 10:48:28.504890  4284 work_thread.hpp:120]  [T-Work-Detect_0] Valid piece: gid = 0
I1014 10:48:28.504982  4284 work_thread.hpp:92]  [T-Work-Detect_0] Push to split queue:recog
I1014 10:48:28.505035  4287 thread_intergrate.hpp:78] [T-Intergrate-intergrate] queue: frame output frame :87
I1014 10:48:28.505031  4286 work_thread.hpp:81]  [T-Work-Recog_1] Run work: WorkCapture
I1014 10:48:28.505074  4287 thread_intergrate.hpp:85] [T-Intergrate-intergrate] queue: compare output face:0
I1014 10:48:28.505093  4287 thread_intergrate.hpp:136] T-Intergrate-intergrate set matched face: 0
I1014 10:48:28.505712  4286 work_thread.hpp:81]  [T-Work-Recog_1] Run work: WorkRecog
I1014 10:48:28.505738  4286 work_recog.hpp:89] Face id: 0 will run recog: bbox [137 x 179 from (289, 106)] quality: 0.459322
I1014 10:48:28.505890  4286 work_recog.hpp:96] Recog pair: [200 x 256 from (256, 64)], [137 x 179 from (33, 42)]
I1014 10:48:28.506269  4287 thread_intergrate.hpp:156] T-Intergrate-intergrate Show face :0, size :640 * 360
I1014 10:48:28.523783  4286 work_thread.hpp:81]  [T-Work-Recog_1] Run work: WorkCompare
I1014 10:48:28.523896  4286 work_compare.cpp:76] Compare face: 0 successed, similarity :0.977541, name : images/thanglmb.jpg, normal size : 640 * 360!
I1014 10:48:28.545895  4281 demo_inner.hpp:177] decode queue size 0
I1014 10:48:28.546023  4284 work_thread.hpp:81]  [T-Work-Detect_0] Run work: WorkDetect
I1014 10:48:28.546061  4284 work_detect.cpp:102] Succeeded to add det start for frame 88
I1014 10:48:28.552649  4284 work_detect.cpp:70] Frame :88 detect result :1 face(s)
I1014 10:48:28.552691  4284 work_detect.cpp:86] Detected bbox: [138 x 185 from (288, 104)]
I1014 10:48:28.552733  4284 work_detect.cpp:120] Succeeded to add det end for frame 88
I1014 10:48:28.552750  4284 work_thread.hpp:81]  [T-Work-Detect_0] Run work: WrokTrack
I1014 10:48:28.552774  4284 work_track.cpp:82] Frame: 88 build input_characts: [0.215625 x 0.513889 from (0.45, 0.288889)], 0.999885, 0
I1014 10:48:28.552831  4284 work_track.cpp:102] Succeeded to set track lock for frame 88
I1014 10:48:28.552870  4284 work_track.cpp:116] Succeeded to release track lock for frame 88
I1014 10:48:28.552886  4284 work_track.cpp:120] Track results of frame 88: 1 objects input, 1 objects tracked!
I1014 10:48:28.552903  4284 work_track.cpp:148] Frame: 88, track bbox: [138 x 185 from (288.404, 103.851)], gid: 0, lid: 0
I1014 10:48:28.552939  4284 work_thread.hpp:88]  [T-Work-Detect_0] Frame :88 split
I1014 10:48:28.552958  4284 work_thread.hpp:120]  [T-Work-Detect_0] Valid piece: gid = 0
I1014 10:48:28.552975  4284 work_thread.hpp:92]  [T-Work-Detect_0] Push to split queue:recog
I1014 10:48:28.553020  4286 work_thread.hpp:81]  [T-Work-Recog_1] Run work: WorkCapture
I1014 10:48:28.553027  4287 thread_intergrate.hpp:78] [T-Intergrate-intergrate] queue: frame output frame :88
I1014 10:48:28.553069  4287 thread_intergrate.hpp:85] [T-Intergrate-intergrate] queue: compare output face:0
I1014 10:48:28.553088  4287 thread_intergrate.hpp:136] T-Intergrate-intergrate set matched face: 0
I1014 10:48:28.553714  4286 work_thread.hpp:81]  [T-Work-Recog_1] Run work: WorkRecog
I1014 10:48:28.553740  4286 work_recog.hpp:89] Face id: 0 will run recog: bbox [138 x 185 from (288, 104)] quality: 0.463142
I1014 10:48:28.553776  4286 work_recog.hpp:96] Recog pair: [200 x 264 from (256, 64)], [138 x 185 from (32, 40)]
I1014 10:48:28.554265  4287 thread_intergrate.hpp:156] T-Intergrate-intergrate Show face :0, size :640 * 360
I1014 10:48:28.571723  4286 work_thread.hpp:81]  [T-Work-Recog_1] Run work: WorkCompare
I1014 10:48:28.571854  4286 work_compare.cpp:76] Compare face: 0 successed, similarity :0.974966, name : images/thanglmb.jpg, normal size : 640 * 360!
I1014 10:48:28.594049  4281 demo_inner.hpp:177] decode queue size 0
I1014 10:48:28.594189  4284 work_thread.hpp:81]  [T-Work-Detect_0] Run work: WorkDetect
I1014 10:48:28.594229  4284 work_detect.cpp:102] Succeeded to add det start for frame 89
I1014 10:48:28.600814  4284 work_detect.cpp:70] Frame :89 detect result :1 face(s)
I1014 10:48:28.600855  4284 work_detect.cpp:86] Detected bbox: [141 x 192 from (280, 100)]
I1014 10:48:28.600975  4284 work_detect.cpp:120] Succeeded to add det end for frame 89
I1014 10:48:28.600993  4284 work_thread.hpp:81]  [T-Work-Detect_0] Run work: WrokTrack
I1014 10:48:28.601018  4284 work_track.cpp:82] Frame: 89 build input_characts: [0.220313 x 0.533333 from (0.4375, 0.277778)], 0.999622, 0
I1014 10:48:28.601075  4284 work_track.cpp:102] Succeeded to set track lock for frame 89
I1014 10:48:28.601115  4284 work_track.cpp:116] Succeeded to release track lock for frame 89
I1014 10:48:28.601130  4284 work_track.cpp:120] Track results of frame 89: 1 objects input, 1 objects tracked!
I1014 10:48:28.601148  4284 work_track.cpp:148] Frame: 89, track bbox: [141 x 192 from (283.908, 100.265)], gid: 0, lid: 0
I1014 10:48:28.601186  4284 work_thread.hpp:88]  [T-Work-Detect_0] Frame :89 split
I1014 10:48:28.601202  4284 work_thread.hpp:120]  [T-Work-Detect_0] Valid piece: gid = 0
I1014 10:48:28.601222  4284 work_thread.hpp:92]  [T-Work-Detect_0] Push to split queue:recog
I1014 10:48:28.601264  4286 work_thread.hpp:81]  [T-Work-Recog_1] Run work: WorkCapture
I1014 10:48:28.601284  4287 thread_intergrate.hpp:78] [T-Intergrate-intergrate] queue: frame output frame :89
I1014 10:48:28.601312  4287 thread_intergrate.hpp:85] [T-Intergrate-intergrate] queue: compare output face:0
I1014 10:48:28.601332  4287 thread_intergrate.hpp:136] T-Intergrate-intergrate set matched face: 0
I1014 10:48:28.601893  4286 work_thread.hpp:81]  [T-Work-Recog_1] Run work: WorkRecog
I1014 10:48:28.601925  4286 work_recog.hpp:89] Face id: 0 will run recog: bbox [141 x 192 from (280, 100)] quality: 0.473868
I1014 10:48:28.601955  4286 work_recog.hpp:96] Recog pair: [208 x 280 from (248, 56)], [141 x 192 from (32, 44)]
I1014 10:48:28.602500  4287 thread_intergrate.hpp:156] T-Intergrate-intergrate Show face :0, size :640 * 360
I1014 10:48:28.619884  4286 work_thread.hpp:81]  [T-Work-Recog_1] Run work: WorkCompare
I1014 10:48:28.619987  4286 work_compare.cpp:76] Compare face: 0 successed, similarity :0.982151, name : images/thanglmb.jpg, normal size : 640 * 360!
I1014 10:48:28.647814  4281 demo_inner.hpp:177] decode queue size 0
I1014 10:48:28.647934  4284 work_thread.hpp:81]  [T-Work-Detect_0] Run work: WorkDetect
I1014 10:48:28.647972  4284 work_detect.cpp:102] Succeeded to add det start for frame 90
I1014 10:48:28.654613  4284 work_detect.cpp:70] Frame :90 detect result :1 face(s)
I1014 10:48:28.654660  4284 work_detect.cpp:86] Detected bbox: [144 x 193 from (284, 88)]
I1014 10:48:28.654703  4284 work_detect.cpp:120] Succeeded to add det end for frame 90
I1014 10:48:28.654719  4284 work_thread.hpp:81]  [T-Work-Detect_0] Run work: WrokTrack
I1014 10:48:28.654744  4284 work_track.cpp:82] Frame: 90 build input_characts: [0.225 x 0.536111 from (0.44375, 0.244444)], 0.999622, 0
I1014 10:48:28.654800  4284 work_track.cpp:102] Succeeded to set track lock for frame 90
I1014 10:48:28.654839  4284 work_track.cpp:116] Succeeded to release track lock for frame 90
I1014 10:48:28.654855  4284 work_track.cpp:120] Track results of frame 90: 1 objects input, 1 objects tracked!
I1014 10:48:28.654872  4284 work_track.cpp:148] Frame: 90, track bbox: [144 x 193 from (282.655, 93.9702)], gid: 0, lid: 0
I1014 10:48:28.654908  4284 work_thread.hpp:88]  [T-Work-Detect_0] Frame :90 split
I1014 10:48:28.654925  4284 work_thread.hpp:120]  [T-Work-Detect_0] Valid piece: gid = 0
I1014 10:48:28.654943  4284 work_thread.hpp:92]  [T-Work-Detect_0] Push to split queue:recog
I1014 10:48:28.654987  4287 thread_intergrate.hpp:78] [T-Intergrate-intergrate] queue: frame output frame :90
I1014 10:48:28.655000  4286 work_thread.hpp:81]  [T-Work-Recog_1] Run work: WorkCapture
I1014 10:48:28.655014  4287 thread_intergrate.hpp:85] [T-Intergrate-intergrate] queue: compare output face:0
I1014 10:48:28.655033  4287 thread_intergrate.hpp:136] T-Intergrate-intergrate set matched face: 0
I1014 10:48:28.655941  4286 work_thread.hpp:81]  [T-Work-Recog_1] Run work: WorkRecog
I1014 10:48:28.655985  4286 work_recog.hpp:89] Face id: 0 will run recog: bbox [144 x 193 from (284, 88)] quality: 0.480454
I1014 10:48:28.656102  4286 work_recog.hpp:96] Recog pair: [200 x 272 from (256, 48)], [144 x 193 from (28, 40)]
I1014 10:48:28.656231  4287 thread_intergrate.hpp:156] T-Intergrate-intergrate Show face :0, size :640 * 360
I1014 10:48:28.673941  4286 work_thread.hpp:81]  [T-Work-Recog_1] Run work: WorkCompare
I1014 10:48:28.674075  4286 work_compare.cpp:76] Compare face: 0 successed, similarity :0.973323, name : images/thanglmb.jpg, normal size : 640 * 360!
I1014 10:48:28.695906  4281 demo_inner.hpp:177] decode queue size 0
I1014 10:48:28.696024  4284 work_thread.hpp:81]  [T-Work-Detect_0] Run work: WorkDetect
I1014 10:48:28.696065  4284 work_detect.cpp:102] Succeeded to add det start for frame 91
I1014 10:48:28.702582  4284 work_detect.cpp:70] Frame :91 detect result :1 face(s)
I1014 10:48:28.702627  4284 work_detect.cpp:86] Detected bbox: [135 x 180 from (288, 105)]
I1014 10:48:28.702670  4284 work_detect.cpp:120] Succeeded to add det end for frame 91
I1014 10:48:28.702687  4284 work_thread.hpp:81]  [T-Work-Detect_0] Run work: WrokTrack
I1014 10:48:28.702711  4284 work_track.cpp:82] Frame: 91 build input_characts: [0.210938 x 0.5 from (0.45, 0.291667)], 1.00008, 0
I1014 10:48:28.702769  4284 work_track.cpp:102] Succeeded to set track lock for frame 91
I1014 10:48:28.702809  4284 work_track.cpp:116] Succeeded to release track lock for frame 91
I1014 10:48:28.702824  4284 work_track.cpp:120] Track results of frame 91: 1 objects input, 1 objects tracked!
I1014 10:48:28.702842  4284 work_track.cpp:148] Frame: 91, track bbox: [135 x 180 from (286.945, 101.358)], gid: 0, lid: 0
I1014 10:48:28.702879  4284 work_thread.hpp:88]  [T-Work-Detect_0] Frame :91 split
I1014 10:48:28.702898  4284 work_thread.hpp:120]  [T-Work-Detect_0] Valid piece: gid = 0
I1014 10:48:28.702916  4284 work_thread.hpp:92]  [T-Work-Detect_0] Push to split queue:recog
I1014 10:48:28.702962  4287 thread_intergrate.hpp:78] [T-Intergrate-intergrate] queue: frame output frame :91
I1014 10:48:28.702968  4286 work_thread.hpp:81]  [T-Work-Recog_1] Run work: WorkCapture
