I1015 11:10:07.870585  3621 work_thread.hpp:91]  [T-Work-Detect_0] Push to split queue:recog
I1015 11:10:07.874725  3622 work_thread.hpp:102]  [T-Work-Recog_0] Try to push queue compare again 8 vs 8
I1015 11:10:07.879851  3623 work_thread.hpp:102]  [T-Work-Recog_1] Try to push queue compare again 8 vs 8
I1015 11:10:07.880669  3621 work_thread.hpp:102]  [T-Work-Detect_0] Try to push queue frame again 8 vs 8
I1015 11:10:07.884825  3622 work_thread.hpp:102]  [T-Work-Recog_0] Try to push queue compare again 8 vs 8
I1015 11:10:07.889945  3623 work_thread.hpp:102]  [T-Work-Recog_1] Try to push queue compare again 8 vs 8
I1015 11:10:07.890753  3621 work_thread.hpp:102]  [T-Work-Detect_0] Try to push queue frame again 8 vs 8
I1015 11:10:07.893400  3618 demo_inner.hpp:177] decode queue size 0
I1015 11:10:07.894932  3622 work_thread.hpp:102]  [T-Work-Recog_0] Try to push queue compare again 8 vs 8
I1015 11:10:07.900043  3623 work_thread.hpp:102]  [T-Work-Recog_1] Try to push queue compare again 8 vs 8
I1015 11:10:07.900835  3621 work_thread.hpp:102]  [T-Work-Detect_0] Try to push queue frame again 8 vs 8
I1015 11:10:07.905066  3622 work_thread.hpp:102]  [T-Work-Recog_0] Try to push queue compare again 8 vs 8
I1015 11:10:07.910147  3623 work_thread.hpp:102]  [T-Work-Recog_1] Try to push queue compare again 8 vs 8
I1015 11:10:07.910915  3621 work_thread.hpp:102]  [T-Work-Detect_0] Try to push queue frame again 8 vs 8
I1015 11:10:07.915159  3622 work_thread.hpp:102]  [T-Work-Recog_0] Try to push queue compare again 8 vs 8
I1015 11:10:07.920243  3623 work_thread.hpp:102]  [T-Work-Recog_1] Try to push queue compare again 8 vs 8
I1015 11:10:07.920995  3621 work_thread.hpp:102]  [T-Work-Detect_0] Try to push queue frame again 8 vs 8
I1015 11:10:07.925252  3622 work_thread.hpp:102]  [T-Work-Recog_0] Try to push queue compare again 8 vs 8
I1015 11:10:07.929354  3618 demo_inner.hpp:177] decode queue size 1
I1015 11:10:07.930352  3623 work_thread.hpp:102]  [T-Work-Recog_1] Try to push queue compare again 8 vs 8
I1015 11:10:07.931077  3621 work_thread.hpp:102]  [T-Work-Detect_0] Try to push queue frame again 8 vs 8
I1015 11:10:07.935344  3622 work_thread.hpp:102]  [T-Work-Recog_0] Try to push queue compare again 8 vs 8
I1015 11:10:07.940539  3623 work_thread.hpp:102]  [T-Work-Recog_1] Try to push queue compare again 8 vs 8
I1015 11:10:07.941161  3621 work_thread.hpp:102]  [T-Work-Detect_0] Try to push queue frame again 8 vs 8
I1015 11:10:07.945433  3622 work_thread.hpp:102]  [T-Work-Recog_0] Try to push queue compare again 8 vs 8
I1015 11:10:07.950639  3623 work_thread.hpp:102]  [T-Work-Recog_1] Try to push queue compare again 8 vs 8
I1015 11:10:07.951246  3621 work_thread.hpp:102]  [T-Work-Detect_0] Try to push queue frame again 8 vs 8
I1015 11:10:07.955524  3622 work_thread.hpp:102]  [T-Work-Recog_0] Try to push queue compare again 8 vs 8
I1015 11:10:07.959458  3618 demo_inner.hpp:177] decode queue size 1
I1015 11:10:07.960752  3623 work_thread.hpp:102]  [T-Work-Recog_1] Try to push queue compare again 8 vs 8
I1015 11:10:07.961329  3621 work_thread.hpp:102]  [T-Work-Detect_0] Try to push queue frame again 8 vs 8
I1015 11:10:07.965615  3622 work_thread.hpp:102]  [T-Work-Recog_0] Try to push queue compare again 8 vs 8
I1015 11:10:07.970865  3623 work_thread.hpp:102]  [T-Work-Recog_1] Try to push queue compare again 8 vs 8
I1015 11:10:07.971410  3621 work_thread.hpp:102]  [T-Work-Detect_0] Try to push queue frame again 8 vs 8
I1015 11:10:07.975703  3622 work_thread.hpp:102]  [T-Work-Recog_0] Try to push queue compare again 8 vs 8
I1015 11:10:07.980981  3623 work_thread.hpp:102]  [T-Work-Recog_1] Try to push queue compare again 8 vs 8
I1015 11:10:07.981490  3621 work_thread.hpp:102]  [T-Work-Detect_0] Try to push queue frame again 8 vs 8
I1015 11:10:07.985918  3622 work_thread.hpp:102]  [T-Work-Recog_0] Try to push queue compare again 8 vs 8
I1015 11:10:07.991147  3623 work_thread.hpp:102]  [T-Work-Recog_1] Try to push queue compare again 8 vs 8
I1015 11:10:07.991570  3621 work_thread.hpp:102]  [T-Work-Detect_0] Try to push queue frame again 8 vs 8
I1015 11:10:07.995404  3618 demo_inner.hpp:177] decode queue size 1
I1015 11:10:07.996017  3622 work_thread.hpp:102]  [T-Work-Recog_0] Try to push queue compare again 8 vs 8
I1015 11:10:08.001276  3623 work_thread.hpp:102]  [T-Work-Recog_1] Try to push queue compare again 8 vs 8
I1015 11:10:08.001652  3621 work_thread.hpp:102]  [T-Work-Detect_0] Try to push queue frame again 8 vs 8
I1015 11:10:08.006124  3622 work_thread.hpp:102]  [T-Work-Recog_0] Try to push queue compare again 8 vs 8
I1015 11:10:08.011373  3623 work_thread.hpp:102]  [T-Work-Recog_1] Try to push queue compare again 8 vs 8
I1015 11:10:08.011731  3621 work_thread.hpp:102]  [T-Work-Detect_0] Try to push queue frame again 8 vs 8
I1015 11:10:08.016216  3622 work_thread.hpp:102]  [T-Work-Recog_0] Try to push queue compare again 8 vs 8
I1015 11:10:08.021471  3623 work_thread.hpp:102]  [T-Work-Recog_1] Try to push queue compare again 8 vs 8
I1015 11:10:08.021813  3621 work_thread.hpp:102]  [T-Work-Detect_0] Try to push queue frame again 8 vs 8
I1015 11:10:08.025456  3618 demo_inner.hpp:177] decode queue size 1
I1015 11:10:08.026319  3622 work_thread.hpp:102]  [T-Work-Recog_0] Try to push queue compare again 8 vs 8
I1015 11:10:08.031564  3623 work_thread.hpp:102]  [T-Work-Recog_1] Try to push queue compare again 8 vs 8
I1015 11:10:08.031894  3621 work_thread.hpp:102]  [T-Work-Detect_0] Try to push queue frame again 8 vs 8
I1015 11:10:08.036412  3622 work_thread.hpp:102]  [T-Work-Recog_0] Try to push queue compare again 8 vs 8
I1015 11:10:08.041651  3623 work_thread.hpp:102]  [T-Work-Recog_1] Try to push queue compare again 8 vs 8
I1015 11:10:08.041973  3621 work_thread.hpp:102]  [T-Work-Detect_0] Try to push queue frame again 8 vs 8
I1015 11:10:08.046496  3622 work_thread.hpp:102]  [T-Work-Recog_0] Try to push queue compare again 8 vs 8
I1015 11:10:08.051888  3623 work_thread.hpp:102]  [T-Work-Recog_1] Try to push queue compare again 8 vs 8
I1015 11:10:08.052054  3621 work_thread.hpp:102]  [T-Work-Detect_0] Try to push queue frame again 8 vs 8
I1015 11:10:08.056584  3622 work_thread.hpp:102]  [T-Work-Recog_0] Try to push queue compare again 8 vs 8
I1015 11:10:08.057880  3624 thread_intergrate.hpp:224] T-Intergrate-intergrate Show face :0, size :640 * 360
I1015 11:10:08.058053  3624 thread_intergrate.hpp:83] [T-Intergrate-intergrate] queue: frame output frame :40
I1015 11:10:08.058073  3621 work_thread.hpp:81]  [T-Work-Detect_0] Run work: WorkDetect
I1015 11:10:08.058079  3624 thread_intergrate.hpp:90] [T-Intergrate-intergrate] queue: compare output face:0
I1015 11:10:08.058099  3624 thread_intergrate.hpp:149] T-Intergrate-intergrate set matched face: 0
I1015 11:10:08.058100  3621 work_detect.cpp:102] Succeeded to add det start for frame 49
I1015 11:10:08.058408  3620 demo_inner.hpp:435] thread [SORT-0]  frame id 39 sorting queue size 0   FPS: 13.5253
I1015 11:10:08.058487  3619 demo_inner.hpp:260]  gui queue size 0, state = running
I1015 11:10:08.059809  3623 work_thread.hpp:81]  [T-Work-Recog_1] Run work: WorkCapture
I1015 11:10:08.060705  3624 thread_intergrate.hpp:224] T-Intergrate-intergrate Show face :0, size :640 * 360
I1015 11:10:08.060935  3624 thread_intergrate.hpp:83] [T-Intergrate-intergrate] queue: frame output frame :41
I1015 11:10:08.060971  3624 thread_intergrate.hpp:90] [T-Intergrate-intergrate] queue: compare output face:0
I1015 11:10:08.060990  3624 thread_intergrate.hpp:149] T-Intergrate-intergrate set matched face: 0
I1015 11:10:08.061306  3620 demo_inner.hpp:435] thread [SORT-0]  frame id 40 sorting queue size 0   FPS: 13.6926
I1015 11:10:08.062930  3618 demo_inner.hpp:177] decode queue size 0
I1015 11:10:08.063030  3619 demo_inner.hpp:260]  gui queue size 0, state = running
I1015 11:10:08.063222  3623 work_thread.hpp:81]  [T-Work-Recog_1] Run work: WorkRecog
I1015 11:10:08.063259  3623 work_recog.hpp:89] Face id: 0 will run recog: bbox [186 x 237 from (256, 93)] quality: 0.475446
I1015 11:10:08.063318  3623 work_recog.hpp:96] Recog pair: [264 x 320 from (216, 40)], [186 x 237 from (40, 53)]
I1015 11:10:08.064976  3624 thread_intergrate.hpp:224] T-Intergrate-intergrate Show face :0, size :640 * 360
I1015 11:10:08.065376  3621 work_detect.cpp:70] Frame :49 detect result :1 face(s)
I1015 11:10:08.065392  3624 thread_intergrate.hpp:83] [T-Intergrate-intergrate] queue: frame output frame :42
I1015 11:10:08.065414  3621 work_detect.cpp:86] Detected bbox: [189 x 241 from (254, 89)]
I1015 11:10:08.065419  3624 thread_intergrate.hpp:90] [T-Intergrate-intergrate] queue: compare output face:0
I1015 11:10:08.065440  3624 thread_intergrate.hpp:149] T-Intergrate-intergrate set matched face: 0
I1015 11:10:08.065472  3621 work_detect.cpp:120] Succeeded to add det end for frame 49
I1015 11:10:08.065492  3621 work_thread.hpp:81]  [T-Work-Detect_0] Run work: WrokTrack
I1015 11:10:08.065517  3621 work_track.cpp:82] Frame: 49 build input_characts: [0.295312 x 0.669444 from (0.396875, 0.247222)], 1.00019, 0
I1015 11:10:08.065582  3621 work_track.cpp:102] Succeeded to set track lock for frame 49
I1015 11:10:08.065659  3621 work_track.cpp:116] Succeeded to release track lock for frame 49
I1015 11:10:08.065675  3621 work_track.cpp:120] Track results of frame 49: 1 objects input, 1 objects tracked!
I1015 11:10:08.065698  3621 work_track.cpp:148] Frame: 49, track bbox: [189 x 241 from (255.24, 90.5118)], gid: 0, lid: 0
I1015 11:10:08.065738  3621 work_thread.hpp:87]  [T-Work-Detect_0] Frame :49 split
I1015 11:10:08.065735  3620 demo_inner.hpp:435] thread [SORT-0]  frame id 41 sorting queue size 0   FPS: 14.0462
I1015 11:10:08.065765  3621 work_thread.hpp:120]  [T-Work-Detect_0] Valid piece: gid = 0
I1015 11:10:08.065789  3621 work_thread.hpp:91]  [T-Work-Detect_0] Push to split queue:recog
I1015 11:10:08.065842  3621 work_thread.hpp:81]  [T-Work-Detect_0] Run work: WorkDetect
I1015 11:10:08.065857  3622 work_thread.hpp:81]  [T-Work-Recog_0] Run work: WorkCapture
I1015 11:10:08.065867  3621 work_detect.cpp:102] Succeeded to add det start for frame 50
I1015 11:10:08.067447  3619 demo_inner.hpp:260]  gui queue size 0, state = running
I1015 11:10:08.068580  3622 work_thread.hpp:81]  [T-Work-Recog_0] Run work: WorkRecog
I1015 11:10:08.068651  3622 work_recog.hpp:89] Face id: 0 will run recog: bbox [189 x 241 from (254, 89)] quality: 0.47445
I1015 11:10:08.068722  3622 work_recog.hpp:96] Recog pair: [264 x 320 from (216, 40)], [189 x 241 from (38, 49)]
I1015 11:10:08.075186  3621 work_detect.cpp:70] Frame :50 detect result :1 face(s)
I1015 11:10:08.075294  3621 work_detect.cpp:86] Detected bbox: [192 x 243 from (253, 88)]
I1015 11:10:08.075353  3621 work_detect.cpp:120] Succeeded to add det end for frame 50
I1015 11:10:08.075371  3621 work_thread.hpp:81]  [T-Work-Detect_0] Run work: WrokTrack
I1015 11:10:08.075410  3621 work_track.cpp:82] Frame: 50 build input_characts: [0.3 x 0.675 from (0.395312, 0.244444)], 1.00035, 0
I1015 11:10:08.075492  3621 work_track.cpp:102] Succeeded to set track lock for frame 50
I1015 11:10:08.075563  3621 work_track.cpp:116] Succeeded to release track lock for frame 50
I1015 11:10:08.075579  3621 work_track.cpp:120] Track results of frame 50: 1 objects input, 1 objects tracked!
I1015 11:10:08.075603  3621 work_track.cpp:148] Frame: 50, track bbox: [192 x 243 from (253.275, 88.4347)], gid: 0, lid: 0
I1015 11:10:08.075645  3621 work_thread.hpp:87]  [T-Work-Detect_0] Frame :50 split
I1015 11:10:08.075667  3621 work_thread.hpp:120]  [T-Work-Detect_0] Valid piece: gid = 0
I1015 11:10:08.075690  3621 work_thread.hpp:91]  [T-Work-Detect_0] Push to split queue:recog
I1015 11:10:08.084678  3623 work_thread.hpp:81]  [T-Work-Recog_1] Run work: WorkCompare
I1015 11:10:08.085266  3623 work_compare.cpp:76] Compare face: 0 successed, similarity :0.993287, name : images/ThangLMb.jpg, normal size : 1548 * 1719!
I1015 11:10:08.085372  3623 work_thread.hpp:81]  [T-Work-Recog_1] Run work: WorkCapture
I1015 11:10:08.086005  3623 work_thread.hpp:81]  [T-Work-Recog_1] Run work: WorkRecog
I1015 11:10:08.086030  3623 work_recog.hpp:89] Face id: 0 will run recog: bbox [192 x 243 from (253, 88)] quality: 0.468736
I1015 11:10:08.086084  3623 work_recog.hpp:96] Recog pair: [280 x 320 from (208, 40)], [192 x 243 from (45, 48)]
I1015 11:10:08.090395  3622 work_thread.hpp:81]  [T-Work-Recog_0] Run work: WorkCompare
I1015 11:10:08.090842  3622 work_compare.cpp:76] Compare face: 0 successed, similarity :0.988244, name : images/ThangLMb.jpg, normal size : 1548 * 1719!
I1015 11:10:08.098073  3618 demo_inner.hpp:177] decode queue size 0
I1015 11:10:08.098177  3621 work_thread.hpp:81]  [T-Work-Detect_0] Run work: WorkDetect
I1015 11:10:08.098217  3621 work_detect.cpp:102] Succeeded to add det start for frame 51
I1015 11:10:08.101002  3622 work_thread.hpp:102]  [T-Work-Recog_0] Try to push queue compare again 8 vs 8
I1015 11:10:08.105365  3621 work_detect.cpp:70] Frame :51 detect result :1 face(s)
I1015 11:10:08.105389  3621 work_detect.cpp:86] Detected bbox: [191 x 241 from (253, 91)]
I1015 11:10:08.105443  3621 work_detect.cpp:120] Succeeded to add det end for frame 51
I1015 11:10:08.105460  3621 work_thread.hpp:81]  [T-Work-Detect_0] Run work: WrokTrack
I1015 11:10:08.105484  3621 work_track.cpp:82] Frame: 51 build input_characts: [0.298438 x 0.669444 from (0.395312, 0.252778)], 1.00019, 0
I1015 11:10:08.105551  3621 work_track.cpp:102] Succeeded to set track lock for frame 51
I1015 11:10:08.105598  3621 work_track.cpp:116] Succeeded to release track lock for frame 51
I1015 11:10:08.105613  3621 work_track.cpp:120] Track results of frame 51: 1 objects input, 1 objects tracked!
I1015 11:10:08.105633  3621 work_track.cpp:148] Frame: 51, track bbox: [191 x 241 from (251.464, 89.5503)], gid: 0, lid: 0
I1015 11:10:08.105669  3621 work_thread.hpp:87]  [T-Work-Detect_0] Frame :51 split
I1015 11:10:08.105687  3621 work_thread.hpp:120]  [T-Work-Detect_0] Valid piece: gid = 0
I1015 11:10:08.105707  3621 work_thread.hpp:91]  [T-Work-Detect_0] Push to split queue:recog
I1015 11:10:08.106150  3623 work_thread.hpp:81]  [T-Work-Recog_1] Run work: WorkCompare
I1015 11:10:08.106694  3623 work_compare.cpp:76] Compare face: 0 successed, similarity :0.990308, name : images/ThangLMb.jpg, normal size : 1548 * 1719!
I1015 11:10:08.111127  3622 work_thread.hpp:102]  [T-Work-Recog_0] Try to push queue compare again 8 vs 8
I1015 11:10:08.115792  3621 work_thread.hpp:102]  [T-Work-Detect_0] Try to push queue frame again 8 vs 8
I1015 11:10:08.116875  3623 work_thread.hpp:102]  [T-Work-Recog_1] Try to push queue compare again 8 vs 8
I1015 11:10:08.121222  3622 work_thread.hpp:102]  [T-Work-Recog_0] Try to push queue compare again 8 vs 8
I1015 11:10:08.125882  3621 work_thread.hpp:102]  [T-Work-Detect_0] Try to push queue frame again 8 vs 8
I1015 11:10:08.126972  3623 work_thread.hpp:102]  [T-Work-Recog_1] Try to push queue compare again 8 vs 8
I1015 11:10:08.127409  3618 demo_inner.hpp:177] decode queue size 0
I1015 11:10:08.131328  3622 work_thread.hpp:102]  [T-Work-Recog_0] Try to push queue compare again 8 vs 8
I1015 11:10:08.135975  3621 work_thread.hpp:102]  [T-Work-Detect_0] Try to push queue frame again 8 vs 8
I1015 11:10:08.137068  3623 work_thread.hpp:102]  [T-Work-Recog_1] Try to push queue compare again 8 vs 8
I1015 11:10:08.141412  3622 work_thread.hpp:102]  [T-Work-Recog_0] Try to push queue compare again 8 vs 8
I1015 11:10:08.146056  3621 work_thread.hpp:102]  [T-Work-Detect_0] Try to push queue frame again 8 vs 8
I1015 11:10:08.147156  3623 work_thread.hpp:102]  [T-Work-Recog_1] Try to push queue compare again 8 vs 8
I1015 11:10:08.151492  3622 work_thread.hpp:102]  [T-Work-Recog_0] Try to push queue compare again 8 vs 8
I1015 11:10:08.156145  3621 work_thread.hpp:102]  [T-Work-Detect_0] Try to push queue frame again 8 vs 8
I1015 11:10:08.157250  3623 work_thread.hpp:102]  [T-Work-Recog_1] Try to push queue compare again 8 vs 8
I1015 11:10:08.161576  3622 work_thread.hpp:102]  [T-Work-Recog_0] Try to push queue compare again 8 vs 8
I1015 11:10:08.163784  3618 demo_inner.hpp:177] decode queue size 1
I1015 11:10:08.166249  3621 work_thread.hpp:102]  [T-Work-Detect_0] Try to push queue frame again 8 vs 8
I1015 11:10:08.167351  3623 work_thread.hpp:102]  [T-Work-Recog_1] Try to push queue compare again 8 vs 8
I1015 11:10:08.171658  3622 work_thread.hpp:102]  [T-Work-Recog_0] Try to push queue compare again 8 vs 8
I1015 11:10:08.176331  3621 work_thread.hpp:102]  [T-Work-Detect_0] Try to push queue frame again 8 vs 8
I1015 11:10:08.177441  3623 work_thread.hpp:102]  [T-Work-Recog_1] Try to push queue compare again 8 vs 8
I1015 11:10:08.181740  3622 work_thread.hpp:102]  [T-Work-Recog_0] Try to push queue compare again 8 vs 8
I1015 11:10:08.186420  3621 work_thread.hpp:102]  [T-Work-Detect_0] Try to push queue frame again 8 vs 8
I1015 11:10:08.187536  3623 work_thread.hpp:102]  [T-Work-Recog_1] Try to push queue compare again 8 vs 8
I1015 11:10:08.191823  3622 work_thread.hpp:102]  [T-Work-Recog_0] Try to push queue compare again 8 vs 8
I1015 11:10:08.193466  3618 demo_inner.hpp:177] decode queue size 1
I1015 11:10:08.196517  3621 work_thread.hpp:102]  [T-Work-Detect_0] Try to push queue frame again 8 vs 8
I1015 11:10:08.197647  3623 work_thread.hpp:102]  [T-Work-Recog_1] Try to push queue compare again 8 vs 8
I1015 11:10:08.201905  3622 work_thread.hpp:102]  [T-Work-Recog_0] Try to push queue compare again 8 vs 8
I1015 11:10:08.206601  3621 work_thread.hpp:102]  [T-Work-Detect_0] Try to push queue frame again 8 vs 8
I1015 11:10:08.207969  3623 work_thread.hpp:102]  [T-Work-Recog_1] Try to push queue compare again 8 vs 8
I1015 11:10:08.211985  3622 work_thread.hpp:102]  [T-Work-Recog_0] Try to push queue compare again 8 vs 8
I1015 11:10:08.216682  3621 work_thread.hpp:102]  [T-Work-Detect_0] Try to push queue frame again 8 vs 8
I1015 11:10:08.218061  3623 work_thread.hpp:102]  [T-Work-Recog_1] Try to push queue compare again 8 vs 8
I1015 11:10:08.222072  3622 work_thread.hpp:102]  [T-Work-Recog_0] Try to push queue compare again 8 vs 8
I1015 11:10:08.226768  3621 work_thread.hpp:102]  [T-Work-Detect_0] Try to push queue frame again 8 vs 8
I1015 11:10:08.228184  3623 work_thread.hpp:102]  [T-Work-Recog_1] Try to push queue compare again 8 vs 8
I1015 11:10:08.229379  3618 demo_inner.hpp:177] decode queue size 1
I1015 11:10:08.232169  3622 work_thread.hpp:102]  [T-Work-Recog_0] Try to push queue compare again 8 vs 8
I1015 11:10:08.236860  3621 work_thread.hpp:102]  [T-Work-Detect_0] Try to push queue frame again 8 vs 8
I1015 11:10:08.238288  3623 work_thread.hpp:102]  [T-Work-Recog_1] Try to push queue compare again 8 vs 8
I1015 11:10:08.242254  3622 work_thread.hpp:102]  [T-Work-Recog_0] Try to push queue compare again 8 vs 8
I1015 11:10:08.246948  3621 work_thread.hpp:102]  [T-Work-Detect_0] Try to push queue frame again 8 vs 8
I1015 11:10:08.248387  3623 work_thread.hpp:102]  [T-Work-Recog_1] Try to push queue compare again 8 vs 8
I1015 11:10:08.252347  3622 work_thread.hpp:102]  [T-Work-Recog_0] Try to push queue compare again 8 vs 8
I1015 11:10:08.257033  3621 work_thread.hpp:102]  [T-Work-Detect_0] Try to push queue frame again 8 vs 8
I1015 11:10:08.258512  3623 work_thread.hpp:102]  [T-Work-Recog_1] Try to push queue compare again 8 vs 8
I1015 11:10:08.259481  3618 demo_inner.hpp:177] decode queue size 1
I1015 11:10:08.262461  3622 work_thread.hpp:102]  [T-Work-Recog_0] Try to push queue compare again 8 vs 8
I1015 11:10:08.267122  3621 work_thread.hpp:102]  [T-Work-Detect_0] Try to push queue frame again 8 vs 8
I1015 11:10:08.268606  3623 work_thread.hpp:102]  [T-Work-Recog_1] Try to push queue compare again 8 vs 8
I1015 11:10:08.272543  3622 work_thread.hpp:102]  [T-Work-Recog_0] Try to push queue compare again 8 vs 8
I1015 11:10:08.277204  3621 work_thread.hpp:102]  [T-Work-Detect_0] Try to push queue frame again 8 vs 8
I1015 11:10:08.278695  3623 work_thread.hpp:102]  [T-Work-Recog_1] Try to push queue compare again 8 vs 8
I1015 11:10:08.282624  3622 work_thread.hpp:102]  [T-Work-Recog_0] Try to push queue compare again 8 vs 8
I1015 11:10:08.287288  3621 work_thread.hpp:102]  [T-Work-Detect_0] Try to push queue frame again 8 vs 8
I1015 11:10:08.288800  3623 work_thread.hpp:102]  [T-Work-Recog_1] Try to push queue compare again 8 vs 8
I1015 11:10:08.292704  3622 work_thread.hpp:102]  [T-Work-Recog_0] Try to push queue compare again 8 vs 8
I1015 11:10:08.295356  3618 demo_inner.hpp:177] decode queue size 1
I1015 11:10:08.297377  3621 work_thread.hpp:102]  [T-Work-Detect_0] Try to push queue frame again 8 vs 8
I1015 11:10:08.298892  3623 work_thread.hpp:102]  [T-Work-Recog_1] Try to push queue compare again 8 vs 8
I1015 11:10:08.302785  3622 work_thread.hpp:102]  [T-Work-Recog_0] Try to push queue compare again 8 vs 8
I1015 11:10:08.307459  3621 work_thread.hpp:102]  [T-Work-Detect_0] Try to push queue frame again 8 vs 8
I1015 11:10:08.308997  3623 work_thread.hpp:102]  [T-Work-Recog_1] Try to push queue compare again 8 vs 8
I1015 11:10:08.312866  3622 work_thread.hpp:102]  [T-Work-Recog_0] Try to push queue compare again 8 vs 8
I1015 11:10:08.317539  3621 work_thread.hpp:102]  [T-Work-Detect_0] Try to push queue frame again 8 vs 8
I1015 11:10:08.319080  3623 work_thread.hpp:102]  [T-Work-Recog_1] Try to push queue compare again 8 vs 8
I1015 11:10:08.321764  3624 thread_intergrate.hpp:224] T-Intergrate-intergrate Show face :0, size :640 * 360
I1015 11:10:08.321972  3624 thread_intergrate.hpp:83] [T-Intergrate-intergrate] queue: frame output frame :43
I1015 11:10:08.322001  3624 thread_intergrate.hpp:90] [T-Intergrate-intergrate] queue: compare output face:0
I1015 11:10:08.322019  3624 thread_intergrate.hpp:149] T-Intergrate-intergrate set matched face: 0
I1015 11:10:08.322319  3620 demo_inner.hpp:435] thread [SORT-0]  frame id 42 sorting queue size 0   FPS: 12.6686
I1015 11:10:08.322396  3619 demo_inner.hpp:260]  gui queue size 0, state = running
I1015 11:10:08.323668  3622 work_thread.hpp:81]  [T-Work-Recog_0] Run work: WorkCapture
I1015 11:10:08.324120  3624 thread_intergrate.hpp:224] T-Intergrate-intergrate Show face :0, size :640 * 360
I1015 11:10:08.324347  3624 thread_intergrate.hpp:83] [T-Intergrate-intergrate] queue: frame output frame :44
I1015 11:10:08.324400  3624 thread_intergrate.hpp:90] [T-Intergrate-intergrate] queue: compare output face:0
I1015 11:10:08.324421  3624 thread_intergrate.hpp:149] T-Intergrate-intergrate set matched face: 0
I1015 11:10:08.324745  3620 demo_inner.hpp:435] thread [SORT-0]  frame id 43 sorting queue size 0   FPS: 12.8046
I1015 11:10:08.326166  3622 work_thread.hpp:81]  [T-Work-Recog_0] Run work: WorkRecog
I1015 11:10:08.326231  3622 work_recog.hpp:89] Face id: 0 will run recog: bbox [191 x 241 from (253, 91)] quality: 0.47056
I1015 11:10:08.326277  3622 work_recog.hpp:96] Recog pair: [280 x 320 from (208, 40)], [191 x 241 from (45, 51)]
I1015 11:10:08.326483  3619 demo_inner.hpp:260]  gui queue size 0, state = running
I1015 11:10:08.327226  3621 work_thread.hpp:81]  [T-Work-Detect_0] Run work: WorkDetect
I1015 11:10:08.327270  3621 work_detect.cpp:102] Succeeded to add det start for frame 52
I1015 11:10:08.330442  3624 thread_intergrate.hpp:224] T-Intergrate-intergrate Show face :0, size :640 * 360
I1015 11:10:08.330710  3624 thread_intergrate.hpp:83] [T-Intergrate-intergrate] queue: frame output frame :45
I1015 11:10:08.330737  3624 thread_intergrate.hpp:90] [T-Intergrate-intergrate] queue: compare output face:0
I1015 11:10:08.330755  3624 thread_intergrate.hpp:149] T-Intergrate-intergrate set matched face: 0
I1015 11:10:08.331001  3620 demo_inner.hpp:435] thread [SORT-0]  frame id 44 sorting queue size 0   FPS: 12.9545
I1015 11:10:08.331092  3619 demo_inner.hpp:260]  gui queue size 0, state = running
I1015 11:10:08.333444  3618 demo_inner.hpp:177] decode queue size 0
I1015 11:10:08.337307  3624 thread_intergrate.hpp:224] T-Intergrate-intergrate Show face :0, size :640 * 360
I1015 11:10:08.337556  3624 thread_intergrate.hpp:83] [T-Intergrate-intergrate] queue: frame output frame :46
I1015 11:10:08.337584  3624 thread_intergrate.hpp:90] [T-Intergrate-intergrate] queue: compare output face:0
I1015 11:10:08.337604  3624 thread_intergrate.hpp:149] T-Intergrate-intergrate set matched face: 0
I1015 11:10:08.337944  3620 demo_inner.hpp:435] thread [SORT-0]  frame id 45 sorting queue size 0   FPS: 13.0802
I1015 11:10:08.338028  3619 demo_inner.hpp:260]  gui queue size 0, state = running
I1015 11:10:08.339262  3621 work_detect.cpp:70] Frame :52 detect result :1 face(s)
I1015 11:10:08.339385  3621 work_detect.cpp:86] Detected bbox: [183 x 233 from (265, 93)]
I1015 11:10:08.339455  3621 work_detect.cpp:120] Succeeded to add det end for frame 52
I1015 11:10:08.339473  3621 work_thread.hpp:81]  [T-Work-Detect_0] Run work: WrokTrack
I1015 11:10:08.339498  3621 work_track.cpp:82] Frame: 52 build input_characts: [0.285937 x 0.647222 from (0.414062, 0.258333)], 1.00035, 0
I1015 11:10:08.339555  3621 work_track.cpp:102] Succeeded to set track lock for frame 52
I1015 11:10:08.339617  3621 work_track.cpp:116] Succeeded to release track lock for frame 52
I1015 11:10:08.339632  3621 work_track.cpp:120] Track results of frame 52: 1 objects input, 1 objects tracked!
I1015 11:10:08.339651  3621 work_track.cpp:148] Frame: 52, track bbox: [183 x 233 from (260.062, 93.2828)], gid: 0, lid: 0
I1015 11:10:08.339689  3621 work_thread.hpp:87]  [T-Work-Detect_0] Frame :52 split
I1015 11:10:08.339709  3621 work_thread.hpp:120]  [T-Work-Detect_0] Valid piece: gid = 0
I1015 11:10:08.339727  3621 work_thread.hpp:91]  [T-Work-Detect_0] Push to split queue:recog
I1015 11:10:08.339807  3621 work_thread.hpp:81]  [T-Work-Detect_0] Run work: WorkDetect
I1015 11:10:08.339830  3621 work_detect.cpp:102] Succeeded to add det start for frame 53
I1015 11:10:08.339910  3623 work_thread.hpp:81]  [T-Work-Recog_1] Run work: WorkCapture
I1015 11:10:08.340898  3623 work_thread.hpp:81]  [T-Work-Recog_1] Run work: WorkRecog
I1015 11:10:08.340946  3623 work_recog.hpp:89] Face id: 0 will run recog: bbox [183 x 233 from (265, 93)] quality: 0.459322
I1015 11:10:08.340988  3623 work_recog.hpp:96] Recog pair: [264 x 320 from (224, 40)], [183 x 233 from (41, 53)]
I1015 11:10:08.342490  3624 thread_intergrate.hpp:224] T-Intergrate-intergrate Show face :0, size :640 * 360
I1015 11:10:08.342869  3624 thread_intergrate.hpp:83] [T-Intergrate-intergrate] queue: frame output frame :47
I1015 11:10:08.342905  3624 thread_intergrate.hpp:90] [T-Intergrate-intergrate] queue: compare output face:0
I1015 11:10:08.343055  3624 thread_intergrate.hpp:149] T-Intergrate-intergrate set matched face: 0
I1015 11:10:08.343225  3620 demo_inner.hpp:435] thread [SORT-0]  frame id 46 sorting queue size 0   FPS: 13.2535
I1015 11:10:08.343333  3619 demo_inner.hpp:260]  gui queue size 0, state = running
I1015 11:10:08.348987  3622 work_thread.hpp:81]  [T-Work-Recog_0] Run work: WorkCompare
I1015 11:10:08.349483  3622 work_compare.cpp:76] Compare face: 0 successed, similarity :0.990712, name : images/ThangLMb.jpg, normal size : 1548 * 1719!
I1015 11:10:08.349676  3624 thread_intergrate.hpp:224] T-Intergrate-intergrate Show face :0, size :640 * 360
I1015 11:10:08.349872  3624 thread_intergrate.hpp:83] [T-Intergrate-intergrate] queue: frame output frame :48
I1015 11:10:08.349896  3624 thread_intergrate.hpp:90] [T-Intergrate-intergrate] queue: compare output face:0
I1015 11:10:08.349915  3624 thread_intergrate.hpp:149] T-Intergrate-intergrate set matched face: 0
I1015 11:10:08.350195  3620 demo_inner.hpp:435] thread [SORT-0]  frame id 47 sorting queue size 0   FPS: 13.3794
I1015 11:10:08.350589  3621 work_detect.cpp:70] Frame :53 detect result :1 face(s)
I1015 11:10:08.350610  3621 work_detect.cpp:86] Detected bbox: [188 x 241 from (255, 88)]
I1015 11:10:08.350664  3621 work_detect.cpp:120] Succeeded to add det end for frame 53
I1015 11:10:08.350682  3621 work_thread.hpp:81]  [T-Work-Detect_0] Run work: WrokTrack
I1015 11:10:08.350703  3621 work_track.cpp:82] Frame: 53 build input_characts: [0.29375 x 0.669444 from (0.398438, 0.244444)], 1.00035, 0
I1015 11:10:08.350749  3621 work_track.cpp:102] Succeeded to set track lock for frame 53
I1015 11:10:08.350796  3621 work_track.cpp:116] Succeeded to release track lock for frame 53
I1015 11:10:08.350812  3621 work_track.cpp:120] Track results of frame 53: 1 objects input, 1 objects tracked!
I1015 11:10:08.350833  3621 work_track.cpp:148] Frame: 53, track bbox: [188 x 241 from (257.751, 88.5842)], gid: 0, lid: 0
I1015 11:10:08.350872  3621 work_thread.hpp:87]  [T-Work-Detect_0] Frame :53 split
I1015 11:10:08.350890  3621 work_thread.hpp:120]  [T-Work-Detect_0] Valid piece: gid = 0
I1015 11:10:08.350909  3621 work_thread.hpp:91]  [T-Work-Detect_0] Push to split queue:recog
I1015 11:10:08.350967  3622 work_thread.hpp:81]  [T-Work-Recog_0] Run work: WorkCapture
I1015 11:10:08.351001  3619 demo_inner.hpp:260]  gui queue size 0, state = running
I1015 11:10:08.351717  3622 work_thread.hpp:81]  [T-Work-Recog_0] Run work: WorkRecog
I1015 11:10:08.351749  3622 work_recog.hpp:89] Face id: 0 will run recog: bbox [188 x 241 from (255, 88)] quality: 0.471801
I1015 11:10:08.351961  3622 work_recog.hpp:96] Recog pair: [264 x 320 from (216, 40)], [188 x 241 from (39, 48)]
I1015 11:10:08.356279  3624 thread_intergrate.hpp:224] T-Intergrate-intergrate Show face :0, size :640 * 360
I1015 11:10:08.356583  3624 thread_intergrate.hpp:83] [T-Intergrate-intergrate] queue: frame output frame :49
I1015 11:10:08.356631  3624 thread_intergrate.hpp:90] [T-Intergrate-intergrate] queue: compare output face:0
I1015 11:10:08.356650  3624 thread_intergrate.hpp:149] T-Intergrate-intergrate set matched face: 0
I1015 11:10:08.356984  3620 demo_inner.hpp:435] thread [SORT-0]  frame id 48 sorting queue size 0   FPS: 13.5608
I1015 11:10:08.358588  3619 demo_inner.hpp:260]  gui queue size 0, state = running
I1015 11:10:08.362983  3618 demo_inner.hpp:177] decode queue size 0
I1015 11:10:08.363306  3621 work_thread.hpp:81]  [T-Work-Detect_0] Run work: WorkDetect
I1015 11:10:08.363386  3621 work_detect.cpp:102] Succeeded to add det start for frame 54
I1015 11:10:08.366716  3623 work_thread.hpp:81]  [T-Work-Recog_1] Run work: WorkCompare
I1015 11:10:08.367228  3623 work_compare.cpp:76] Compare face: 0 successed, similarity :0.99531, name : images/ThangLMb.jpg, normal size : 1548 * 1719!
I1015 11:10:08.373034  3622 work_thread.hpp:81]  [T-Work-Recog_0] Run work: WorkCompare
I1015 11:10:08.373219  3621 work_detect.cpp:70] Frame :54 detect result :1 face(s)
I1015 11:10:08.373241  3621 work_detect.cpp:86] Detected bbox: [190 x 241 from (254, 90)]
I1015 11:10:08.373356  3621 work_detect.cpp:120] Succeeded to add det end for frame 54
I1015 11:10:08.373374  3621 work_thread.hpp:81]  [T-Work-Detect_0] Run work: WrokTrack
I1015 11:10:08.373394  3621 work_track.cpp:82] Frame: 54 build input_characts: [0.296875 x 0.669444 from (0.396875, 0.25)], 1.00019, 0
I1015 11:10:08.373441  3621 work_track.cpp:102] Succeeded to set track lock for frame 54
I1015 11:10:08.373482  3621 work_track.cpp:116] Succeeded to release track lock for frame 54
I1015 11:10:08.373474  3622 work_compare.cpp:76] Compare face: 0 successed, similarity :0.989544, name : images/ThangLMb.jpg, normal size : 1548 * 1719!
I1015 11:10:08.373499  3621 work_track.cpp:120] Track results of frame 54: 1 objects input, 1 objects tracked!
I1015 11:10:08.373518  3621 work_track.cpp:148] Frame: 54, track bbox: [190 x 241 from (255.862, 89.3602)], gid: 0, lid: 0
I1015 11:10:08.373554  3621 work_thread.hpp:87]  [T-Work-Detect_0] Frame :54 split
I1015 11:10:08.373571  3621 work_thread.hpp:120]  [T-Work-Detect_0] Valid piece: gid = 0
I1015 11:10:08.373589  3621 work_thread.hpp:91]  [T-Work-Detect_0] Push to split queue:recog
I1015 11:10:08.373631  3623 work_thread.hpp:81]  [T-Work-Recog_1] Run work: WorkCapture
I1015 11:10:08.374315  3623 work_thread.hpp:81]  [T-Work-Recog_1] Run work: WorkRecog
I1015 11:10:08.374339  3623 work_recog.hpp:89] Face id: 0 will run recog: bbox [190 x 241 from (254, 90)] quality: 0.473868
I1015 11:10:08.374366  3623 work_recog.hpp:96] Recog pair: [272 x 320 from (216, 40)], [190 x 241 from (38, 50)]
I1015 11:10:08.392215  3623 work_thread.hpp:81]  [T-Work-Recog_1] Run work: WorkCompare
I1015 11:10:08.392807  3623 work_compare.cpp:76] Compare face: 0 successed, similarity :0.987533, name : images/ThangLMb.jpg, normal size : 1548 * 1719!
I1015 11:10:08.397496  3618 demo_inner.hpp:177] decode queue size 0
I1015 11:10:08.397598  3621 work_thread.hpp:81]  [T-Work-Detect_0] Run work: WorkDetect
I1015 11:10:08.397631  3621 work_detect.cpp:102] Succeeded to add det start for frame 55
I1015 11:10:08.404412  3621 work_detect.cpp:70] Frame :55 detect result :2 face(s)
I1015 11:10:08.404458  3621 work_detect.cpp:86] Detected bbox: [192 x 244 from (252, 89)]
I1015 11:10:08.404489  3621 work_detect.cpp:86] Detected bbox: [15 x 35 from (625, 146)]
I1015 11:10:08.404520  3621 work_detect.cpp:120] Succeeded to add det end for frame 55
I1015 11:10:08.404537  3621 work_thread.hpp:81]  [T-Work-Detect_0] Run work: WrokTrack
I1015 11:10:08.404561  3621 work_track.cpp:82] Frame: 55 build input_characts: [0.3 x 0.677778 from (0.39375, 0.247222)], 0.99799, 0
I1015 11:10:08.404613  3621 work_track.cpp:82] Frame: 55 build input_characts: [0.0234375 x 0.0972222 from (0.976562, 0.405556)], 0.909375, 1
I1015 11:10:08.404649  3621 work_track.cpp:102] Succeeded to set track lock for frame 55
I1015 11:10:08.404695  3621 work_track.cpp:116] Succeeded to release track lock for frame 55
I1015 11:10:08.404709  3621 work_track.cpp:120] Track results of frame 55: 2 objects input, 1 objects tracked!
I1015 11:10:08.404727  3621 work_track.cpp:148] Frame: 55, track bbox: [192 x 244 from (253.199, 88.3531)], gid: 0, lid: 0
I1015 11:10:08.404760  3621 work_track.cpp:162] Frame: 55 lid: 1 not tracked, will set invalid
I1015 11:10:08.404776  3621 work_thread.hpp:87]  [T-Work-Detect_0] Frame :55 split
I1015 11:10:08.404793  3621 work_thread.hpp:120]  [T-Work-Detect_0] Valid piece: gid = 0
I1015 11:10:08.404811  3621 work_thread.hpp:126]  [T-Work-Detect_0] Invalid piece: lid = 1, drop it
I1015 11:10:08.404827  3621 work_thread.hpp:91]  [T-Work-Detect_0] Push to split queue:recog
I1015 11:10:08.404870  3623 work_thread.hpp:81]  [T-Work-Recog_1] Run work: WorkCapture
I1015 11:10:08.405503  3623 work_thread.hpp:81]  [T-Work-Recog_1] Run work: WorkRecog
I1015 11:10:08.405551  3623 work_recog.hpp:89] Face id: 0 will run recog: bbox [192 x 244 from (252, 89)] quality: 0.471403
I1015 11:10:08.405578  3623 work_recog.hpp:96] Recog pair: [280 x 320 from (208, 40)], [192 x 244 from (44, 49)]
I1015 11:10:08.423959  3623 work_thread.hpp:81]  [T-Work-Recog_1] Run work: WorkCompare
I1015 11:10:08.424576  3623 work_compare.cpp:76] Compare face: 0 successed, similarity :0.989609, name : images/ThangLMb.jpg, normal size : 1548 * 1719!
I1015 11:10:08.430590  3618 demo_inner.hpp:177] decode queue size 0
I1015 11:10:08.430701  3621 work_thread.hpp:81]  [T-Work-Detect_0] Run work: WorkDetect
I1015 11:10:08.430732  3621 work_detect.cpp:102] Succeeded to add det start for frame 56
I1015 11:10:08.437520  3621 work_detect.cpp:70] Frame :56 detect result :2 face(s)
I1015 11:10:08.437568  3621 work_detect.cpp:86] Detected bbox: [188 x 240 from (254, 89)]
I1015 11:10:08.437600  3621 work_detect.cpp:86] Detected bbox: [103 x 119 from (291, 196)]
I1015 11:10:08.437631  3621 work_detect.cpp:120] Succeeded to add det end for frame 56
I1015 11:10:08.437647  3621 work_thread.hpp:81]  [T-Work-Detect_0] Run work: WrokTrack
I1015 11:10:08.437671  3621 work_track.cpp:82] Frame: 56 build input_characts: [0.29375 x 0.666667 from (0.396875, 0.247222)], 1.00035, 0
I1015 11:10:08.437721  3621 work_track.cpp:82] Frame: 56 build input_characts: [0.160938 x 0.330556 from (0.454688, 0.544444)], 0.906173, 1
I1015 11:10:08.437757  3621 work_track.cpp:102] Succeeded to set track lock for frame 56
I1015 11:10:08.437808  3621 work_track.cpp:116] Succeeded to release track lock for frame 56
I1015 11:10:08.437824  3621 work_track.cpp:120] Track results of frame 56: 2 objects input, 1 objects tracked!
I1015 11:10:08.437841  3621 work_track.cpp:148] Frame: 56, track bbox: [188 x 240 from (253.806, 89.5869)], gid: 0, lid: 0
I1015 11:10:08.437875  3621 work_track.cpp:162] Frame: 56 lid: 1 not tracked, will set invalid
I1015 11:10:08.437891  3621 work_thread.hpp:87]  [T-Work-Detect_0] Frame :56 split
I1015 11:10:08.437909  3621 work_thread.hpp:120]  [T-Work-Detect_0] Valid piece: gid = 0
I1015 11:10:08.437927  3621 work_thread.hpp:126]  [T-Work-Detect_0] Invalid piece: lid = 1, drop it
I1015 11:10:08.437942  3621 work_thread.hpp:91]  [T-Work-Detect_0] Push to split queue:recog
I1015 11:10:08.437985  3622 work_thread.hpp:81]  [T-Work-Recog_0] Run work: WorkCapture
I1015 11:10:08.438545  3622 work_thread.hpp:81]  [T-Work-Recog_0] Run work: WorkRecog
I1015 11:10:08.438570  3622 work_recog.hpp:89] Face id: 0 will run recog: bbox [188 x 240 from (254, 89)] quality: 0.474429
I1015 11:10:08.438596  3622 work_recog.hpp:96] Recog pair: [264 x 320 from (216, 40)], [188 x 240 from (38, 49)]
I1015 11:10:08.456420  3622 work_thread.hpp:81]  [T-Work-Recog_0] Run work: WorkCompare
I1015 11:10:08.456881  3622 work_compare.cpp:76] Compare face: 0 successed, similarity :0.992242, name : images/ThangLMb.jpg, normal size : 1548 * 1719!
I1015 11:10:08.466064  3618 demo_inner.hpp:177] decode queue size 0
I1015 11:10:08.466157  3621 work_thread.hpp:81]  [T-Work-Detect_0] Run work: WorkDetect
I1015 11:10:08.466189  3621 work_detect.cpp:102] Succeeded to add det start for frame 57
I1015 11:10:08.467010  3622 work_thread.hpp:102]  [T-Work-Recog_0] Try to push queue compare again 8 vs 8
I1015 11:10:08.472929  3621 work_detect.cpp:70] Frame :57 detect result :1 face(s)
I1015 11:10:08.472967  3621 work_detect.cpp:86] Detected bbox: [189 x 239 from (253, 91)]
I1015 11:10:08.473012  3621 work_detect.cpp:120] Succeeded to add det end for frame 57
I1015 11:10:08.473029  3621 work_thread.hpp:81]  [T-Work-Detect_0] Run work: WrokTrack
I1015 11:10:08.473052  3621 work_track.cpp:82] Frame: 57 build input_characts: [0.295312 x 0.663889 from (0.395312, 0.252778)], 1.00035, 0
I1015 11:10:08.473106  3621 work_track.cpp:102] Succeeded to set track lock for frame 57
I1015 11:10:08.473173  3621 work_track.cpp:116] Succeeded to release track lock for frame 57
I1015 11:10:08.473188  3621 work_track.cpp:120] Track results of frame 57: 1 objects input, 1 objects tracked!
I1015 11:10:08.473207  3621 work_track.cpp:148] Frame: 57, track bbox: [189 x 239 from (251.689, 90.8399)], gid: 0, lid: 0
I1015 11:10:08.473244  3621 work_thread.hpp:87]  [T-Work-Detect_0] Frame :57 split
I1015 11:10:08.473263  3621 work_thread.hpp:120]  [T-Work-Detect_0] Valid piece: gid = 0
I1015 11:10:08.473356  3621 work_thread.hpp:91]  [T-Work-Detect_0] Push to split queue:recog
I1015 11:10:08.473412  3623 work_thread.hpp:81]  [T-Work-Recog_1] Run work: WorkCapture
I1015 11:10:08.474022  3623 work_thread.hpp:81]  [T-Work-Recog_1] Run work: WorkRecog
I1015 11:10:08.474046  3623 work_recog.hpp:89] Face id: 0 will run recog: bbox [189 x 239 from (253, 91)] quality: 0.469898
I1015 11:10:08.474146  3623 work_recog.hpp:96] Recog pair: [264 x 320 from (216, 40)], [189 x 239 from (37, 51)]
I1015 11:10:08.477113  3622 work_thread.hpp:102]  [T-Work-Recog_0] Try to push queue compare again 8 vs 8
I1015 11:10:08.487231  3622 work_thread.hpp:102]  [T-Work-Recog_0] Try to push queue compare again 8 vs 8
I1015 11:10:08.492211  3623 work_thread.hpp:81]  [T-Work-Recog_1] Run work: WorkCompare
I1015 11:10:08.492789  3623 work_compare.cpp:76] Compare face: 0 successed, similarity :0.991569, name : images/ThangLMb.jpg, normal size : 1548 * 1719!
I1015 11:10:08.495672  3618 demo_inner.hpp:177] decode queue size 0
I1015 11:10:08.495733  3621 work_thread.hpp:81]  [T-Work-Detect_0] Run work: WorkDetect
I1015 11:10:08.495764  3621 work_detect.cpp:102] Succeeded to add det start for frame 58
I1015 11:10:08.497400  3622 work_thread.hpp:102]  [T-Work-Recog_0] Try to push queue compare again 8 vs 8
I1015 11:10:08.502517  3621 work_detect.cpp:70] Frame :58 detect result :1 face(s)
I1015 11:10:08.502547  3621 work_detect.cpp:86] Detected bbox: [184 x 232 from (265, 96)]
I1015 11:10:08.502590  3621 work_detect.cpp:120] Succeeded to add det end for frame 58
I1015 11:10:08.502607  3621 work_thread.hpp:81]  [T-Work-Detect_0] Run work: WrokTrack
I1015 11:10:08.502629  3621 work_track.cpp:82] Frame: 58 build input_characts: [0.2875 x 0.644444 from (0.414062, 0.266667)], 1.00019, 0
I1015 11:10:08.502684  3621 work_track.cpp:102] Succeeded to set track lock for frame 58
I1015 11:10:08.502729  3621 work_track.cpp:116] Succeeded to release track lock for frame 58
I1015 11:10:08.502744  3621 work_track.cpp:120] Track results of frame 58: 1 objects input, 1 objects tracked!
I1015 11:10:08.502763  3621 work_track.cpp:148] Frame: 58, track bbox: [184 x 232 from (260.296, 95.3677)], gid: 0, lid: 0
I1015 11:10:08.502799  3621 work_thread.hpp:87]  [T-Work-Detect_0] Frame :58 split
I1015 11:10:08.502817  3621 work_thread.hpp:120]  [T-Work-Detect_0] Valid piece: gid = 0
I1015 11:10:08.502835  3621 work_thread.hpp:91]  [T-Work-Detect_0] Push to split queue:recog
I1015 11:10:08.502916  3623 work_thread.hpp:102]  [T-Work-Recog_1] Try to push queue compare again 8 vs 8
I1015 11:10:08.507511  3622 work_thread.hpp:102]  [T-Work-Recog_0] Try to push queue compare again 8 vs 8
I1015 11:10:08.512920  3621 work_thread.hpp:102]  [T-Work-Detect_0] Try to push queue frame again 8 vs 8
I1015 11:10:08.513007  3623 work_thread.hpp:102]  [T-Work-Recog_1] Try to push queue compare again 8 vs 8
I1015 11:10:08.517601  3622 work_thread.hpp:102]  [T-Work-Recog_0] Try to push queue compare again 8 vs 8
I1015 11:10:08.523007  3621 work_thread.hpp:102]  [T-Work-Detect_0] Try to push queue frame again 8 vs 8
I1015 11:10:08.523102  3623 work_thread.hpp:102]  [T-Work-Recog_1] Try to push queue compare again 8 vs 8
I1015 11:10:08.527700  3622 work_thread.hpp:102]  [T-Work-Recog_0] Try to push queue compare again 8 vs 8
I1015 11:10:08.529518  3618 demo_inner.hpp:177] decode queue size 0
I1015 11:10:08.533115  3621 work_thread.hpp:102]  [T-Work-Detect_0] Try to push queue frame again 8 vs 8
I1015 11:10:08.533197  3623 work_thread.hpp:102]  [T-Work-Recog_1] Try to push queue compare again 8 vs 8
I1015 11:10:08.537955  3622 work_thread.hpp:102]  [T-Work-Recog_0] Try to push queue compare again 8 vs 8
I1015 11:10:08.543208  3621 work_thread.hpp:102]  [T-Work-Detect_0] Try to push queue frame again 8 vs 8
I1015 11:10:08.543287  3623 work_thread.hpp:102]  [T-Work-Recog_1] Try to push queue compare again 8 vs 8
I1015 11:10:08.548043  3622 work_thread.hpp:102]  [T-Work-Recog_0] Try to push queue compare again 8 vs 8
I1015 11:10:08.553297  3621 work_thread.hpp:102]  [T-Work-Detect_0] Try to push queue frame again 8 vs 8
I1015 11:10:08.553377  3623 work_thread.hpp:102]  [T-Work-Recog_1] Try to push queue compare again 8 vs 8
I1015 11:10:08.558142  3622 work_thread.hpp:102]  [T-Work-Recog_0] Try to push queue compare again 8 vs 8
I1015 11:10:08.563486  3621 work_thread.hpp:102]  [T-Work-Detect_0] Try to push queue frame again 8 vs 8
I1015 11:10:08.563486  3623 work_thread.hpp:102]  [T-Work-Recog_1] Try to push queue compare again 8 vs 8
I1015 11:10:08.565673  3618 demo_inner.hpp:177] decode queue size 1
I1015 11:10:08.568264  3622 work_thread.hpp:102]  [T-Work-Recog_0] Try to push queue compare again 8 vs 8
I1015 11:10:08.573609  3621 work_thread.hpp:102]  [T-Work-Detect_0] Try to push queue frame again 8 vs 8
I1015 11:10:08.573632  3623 work_thread.hpp:102]  [T-Work-Recog_1] Try to push queue compare again 8 vs 8
I1015 11:10:08.578353  3622 work_thread.hpp:102]  [T-Work-Recog_0] Try to push queue compare again 8 vs 8
I1015 11:10:08.583700  3621 work_thread.hpp:102]  [T-Work-Detect_0] Try to push queue frame again 8 vs 8
I1015 11:10:08.583722  3623 work_thread.hpp:102]  [T-Work-Recog_1] Try to push queue compare again 8 vs 8
I1015 11:10:08.588449  3622 work_thread.hpp:102]  [T-Work-Recog_0] Try to push queue compare again 8 vs 8
I1015 11:10:08.593801  3621 work_thread.hpp:102]  [T-Work-Detect_0] Try to push queue frame again 8 vs 8
I1015 11:10:08.593816  3623 work_thread.hpp:102]  [T-Work-Recog_1] Try to push queue compare again 8 vs 8
I1015 11:10:08.595592  3618 demo_inner.hpp:177] decode queue size 1
I1015 11:10:08.598562  3622 work_thread.hpp:102]  [T-Work-Recog_0] Try to push queue compare again 8 vs 8
I1015 11:10:08.603919  3621 work_thread.hpp:102]  [T-Work-Detect_0] Try to push queue frame again 8 vs 8
I1015 11:10:08.603925  3623 work_thread.hpp:102]  [T-Work-Recog_1] Try to push queue compare again 8 vs 8
I1015 11:10:08.608654  3622 work_thread.hpp:102]  [T-Work-Recog_0] Try to push queue compare again 8 vs 8
I1015 11:10:08.614032  3623 work_thread.hpp:102]  [T-Work-Recog_1] Try to push queue compare again 8 vs 8
I1015 11:10:08.614032  3621 work_thread.hpp:102]  [T-Work-Detect_0] Try to push queue frame again 8 vs 8
I1015 11:10:08.618741  3622 work_thread.hpp:102]  [T-Work-Recog_0] Try to push queue compare again 8 vs 8
I1015 11:10:08.624183  3621 work_thread.hpp:102]  [T-Work-Detect_0] Try to push queue frame again 8 vs 8
I1015 11:10:08.624188  3623 work_thread.hpp:102]  [T-Work-Recog_1] Try to push queue compare again 8 vs 8
I1015 11:10:08.628834  3622 work_thread.hpp:102]  [T-Work-Recog_0] Try to push queue compare again 8 vs 8
I1015 11:10:08.631487  3618 demo_inner.hpp:177] decode queue size 1
I1015 11:10:08.634305  3621 work_thread.hpp:102]  [T-Work-Detect_0] Try to push queue frame again 8 vs 8
I1015 11:10:08.634305  3623 work_thread.hpp:102]  [T-Work-Recog_1] Try to push queue compare again 8 vs 8
I1015 11:10:08.638934  3622 work_thread.hpp:102]  [T-Work-Recog_0] Try to push queue compare again 8 vs 8
I1015 11:10:08.644405  3621 work_thread.hpp:102]  [T-Work-Detect_0] Try to push queue frame again 8 vs 8
I1015 11:10:08.644412  3623 work_thread.hpp:102]  [T-Work-Recog_1] Try to push queue compare again 8 vs 8
I1015 11:10:08.649022  3622 work_thread.hpp:102]  [T-Work-Recog_0] Try to push queue compare again 8 vs 8
I1015 11:10:08.654510  3621 work_thread.hpp:102]  [T-Work-Detect_0] Try to push queue frame again 8 vs 8
I1015 11:10:08.654517  3623 work_thread.hpp:102]  [T-Work-Recog_1] Try to push queue compare again 8 vs 8
I1015 11:10:08.659121  3622 work_thread.hpp:102]  [T-Work-Recog_0] Try to push queue compare again 8 vs 8
I1015 11:10:08.661531  3618 demo_inner.hpp:177] decode queue size 1
I1015 11:10:08.664631  3621 work_thread.hpp:102]  [T-Work-Detect_0] Try to push queue frame again 8 vs 8
I1015 11:10:08.664631  3623 work_thread.hpp:102]  [T-Work-Recog_1] Try to push queue compare again 8 vs 8
I1015 11:10:08.669219  3622 work_thread.hpp:102]  [T-Work-Recog_0] Try to push queue compare again 8 vs 8
I1015 11:10:08.674731  3621 work_thread.hpp:102]  [T-Work-Detect_0] Try to push queue frame again 8 vs 8
I1015 11:10:08.674810  3623 work_thread.hpp:102]  [T-Work-Recog_1] Try to push queue compare again 8 vs 8
I1015 11:10:08.679307  3622 work_thread.hpp:102]  [T-Work-Recog_0] Try to push queue compare again 8 vs 8
I1015 11:10:08.684896  3621 work_thread.hpp:102]  [T-Work-Detect_0] Try to push queue frame again 8 vs 8
I1015 11:10:08.684900  3623 work_thread.hpp:102]  [T-Work-Recog_1] Try to push queue compare again 8 vs 8
I1015 11:10:08.689404  3622 work_thread.hpp:102]  [T-Work-Recog_0] Try to push queue compare again 8 vs 8
I1015 11:10:08.694998  3623 work_thread.hpp:102]  [T-Work-Recog_1] Try to push queue compare again 8 vs 8
I1015 11:10:08.694998  3621 work_thread.hpp:102]  [T-Work-Detect_0] Try to push queue frame again 8 vs 8
I1015 11:10:08.697474  3618 demo_inner.hpp:177] decode queue size 1
I1015 11:10:08.699515  3622 work_thread.hpp:102]  [T-Work-Recog_0] Try to push queue compare again 8 vs 8
I1015 11:10:08.705138  3621 work_thread.hpp:102]  [T-Work-Detect_0] Try to push queue frame again 8 vs 8
I1015 11:10:08.705150  3623 work_thread.hpp:102]  [T-Work-Recog_1] Try to push queue compare again 8 vs 8
I1015 11:10:08.709607  3622 work_thread.hpp:102]  [T-Work-Recog_0] Try to push queue compare again 8 vs 8
I1015 11:10:08.715224  3621 work_thread.hpp:102]  [T-Work-Detect_0] Try to push queue frame again 8 vs 8
I1015 11:10:08.715240  3623 work_thread.hpp:102]  [T-Work-Recog_1] Try to push queue compare again 8 vs 8
I1015 11:10:08.719703  3622 work_thread.hpp:102]  [T-Work-Recog_0] Try to push queue compare again 8 vs 8
I1015 11:10:08.725317  3621 work_thread.hpp:102]  [T-Work-Detect_0] Try to push queue frame again 8 vs 8
I1015 11:10:08.725333  3623 work_thread.hpp:102]  [T-Work-Recog_1] Try to push queue compare again 8 vs 8
I1015 11:10:08.727502  3618 demo_inner.hpp:177] decode queue size 1
I1015 11:10:08.729899  3622 work_thread.hpp:102]  [T-Work-Recog_0] Try to push queue compare again 8 vs 8
I1015 11:10:08.735422  3621 work_thread.hpp:102]  [T-Work-Detect_0] Try to push queue frame again 8 vs 8
I1015 11:10:08.735425  3623 work_thread.hpp:102]  [T-Work-Recog_1] Try to push queue compare again 8 vs 8
I1015 11:10:08.739992  3622 work_thread.hpp:102]  [T-Work-Recog_0] Try to push queue compare again 8 vs 8
I1015 11:10:08.745512  3621 work_thread.hpp:102]  [T-Work-Detect_0] Try to push queue frame again 8 vs 8
I1015 11:10:08.745527  3623 work_thread.hpp:102]  [T-Work-Recog_1] Try to push queue compare again 8 vs 8
I1015 11:10:08.750080  3622 work_thread.hpp:102]  [T-Work-Recog_0] Try to push queue compare again 8 vs 8
I1015 11:10:08.755606  3621 work_thread.hpp:102]  [T-Work-Detect_0] Try to push queue frame again 8 vs 8
I1015 11:10:08.755618  3623 work_thread.hpp:102]  [T-Work-Recog_1] Try to push queue compare again 8 vs 8
