I1014 10:56:50.143412  4504 work_track.cpp:148] Frame: 39, track bbox: [171 x 220 from (309.465, 98.5419)], gid: 0, lid: 0
I1014 10:56:50.143448  4504 work_thread.hpp:88]  [T-Work-Detect_0] Frame :39 split
I1014 10:56:50.143466  4504 work_thread.hpp:120]  [T-Work-Detect_0] Valid piece: gid = 0
I1014 10:56:50.143484  4504 work_thread.hpp:92]  [T-Work-Detect_0] Push to split queue:recog
I1014 10:56:50.143532  4507 thread_intergrate.hpp:78] [T-Intergrate-intergrate] queue: frame output frame :39
I1014 10:56:50.143532  4505 work_thread.hpp:81]  [T-Work-Recog_0] Run work: WorkCapture
I1014 10:56:50.143565  4507 thread_intergrate.hpp:85] [T-Intergrate-intergrate] queue: compare output face:0
I1014 10:56:50.143584  4507 thread_intergrate.hpp:137] T-Intergrate-intergrate set matched face: 0
I1014 10:56:50.144213  4505 work_thread.hpp:81]  [T-Work-Recog_0] Run work: WorkRecog
I1014 10:56:50.144243  4505 work_recog.hpp:89] Face id: 0 will run recog: bbox [171 x 220 from (309, 96)] quality: 0.396213
I1014 10:56:50.144279  4505 work_recog.hpp:96] Recog pair: [248 x 312 from (272, 48)], [171 x 220 from (37, 48)]
I1014 10:56:50.144784  4507 thread_intergrate.hpp:157] T-Intergrate-intergrate Show face :0, size :640 * 360
I1014 10:56:50.145345  4503 demo_inner.hpp:435] thread [SORT-0]  frame id 39 sorting queue size 0   FPS: 29.6875
I1014 10:56:50.162452  4505 work_thread.hpp:81]  [T-Work-Recog_0] Run work: WorkCompare
I1014 10:56:50.162575  4505 work_compare.cpp:76] Compare face: 0 successed, similarity :0.983225, name : images/thanglmb.jpg, normal size : 640 * 360!
I1014 10:56:50.166764  4501 demo_inner.hpp:177] decode queue size 0
I1014 10:56:50.166867  4504 work_thread.hpp:81]  [T-Work-Detect_0] Run work: WorkDetect
I1014 10:56:50.166903  4504 work_detect.cpp:102] Succeeded to add det start for frame 40
I1014 10:56:50.173871  4504 work_detect.cpp:70] Frame :40 detect result :1 face(s)
I1014 10:56:50.173915  4504 work_detect.cpp:86] Detected bbox: [167 x 220 from (313, 120)]
I1014 10:56:50.173957  4504 work_detect.cpp:120] Succeeded to add det end for frame 40
I1014 10:56:50.173974  4504 work_thread.hpp:81]  [T-Work-Detect_0] Run work: WrokTrack
I1014 10:56:50.173998  4504 work_track.cpp:82] Frame: 40 build input_characts: [0.260938 x 0.611111 from (0.489062, 0.333333)], 1.00019, 0
I1014 10:56:50.174053  4504 work_track.cpp:102] Succeeded to set track lock for frame 40
I1014 10:56:50.174091  4504 work_track.cpp:116] Succeeded to release track lock for frame 40
I1014 10:56:50.174106  4504 work_track.cpp:120] Track results of frame 40: 1 objects input, 1 objects tracked!
I1014 10:56:50.174124  4504 work_track.cpp:148] Frame: 40, track bbox: [167 x 220 from (311.752, 108.764)], gid: 0, lid: 0
I1014 10:56:50.174160  4504 work_thread.hpp:88]  [T-Work-Detect_0] Frame :40 split
I1014 10:56:50.174252  4504 work_thread.hpp:120]  [T-Work-Detect_0] Valid piece: gid = 0
I1014 10:56:50.174273  4504 work_thread.hpp:92]  [T-Work-Detect_0] Push to split queue:recog
I1014 10:56:50.174316  4506 work_thread.hpp:81]  [T-Work-Recog_1] Run work: WorkCapture
I1014 10:56:50.174324  4507 thread_intergrate.hpp:78] [T-Intergrate-intergrate] queue: frame output frame :40
I1014 10:56:50.174350  4507 thread_intergrate.hpp:85] [T-Intergrate-intergrate] queue: compare output face:0
I1014 10:56:50.174368  4507 thread_intergrate.hpp:137] T-Intergrate-intergrate set matched face: 0
I1014 10:56:50.174885  4506 work_thread.hpp:81]  [T-Work-Recog_1] Run work: WorkRecog
I1014 10:56:50.174911  4506 work_recog.hpp:89] Face id: 0 will run recog: bbox [167 x 220 from (313, 120)] quality: 0.444516
I1014 10:56:50.174942  4506 work_recog.hpp:96] Recog pair: [240 x 288 from (280, 72)], [167 x 220 from (33, 48)]
I1014 10:56:50.175540  4507 thread_intergrate.hpp:157] T-Intergrate-intergrate Show face :0, size :640 * 360
I1014 10:56:50.176057  4503 demo_inner.hpp:435] thread [SORT-0]  frame id 40 sorting queue size 1   FPS: 29.771
I1014 10:56:50.192643  4506 work_thread.hpp:81]  [T-Work-Recog_1] Run work: WorkCompare
I1014 10:56:50.192749  4506 work_compare.cpp:76] Compare face: 0 successed, similarity :0.971314, name : images/thanglmb.jpg, normal size : 640 * 360!
I1014 10:56:50.194262  4502 demo_inner.hpp:260]  gui queue size 1, state = running
I1014 10:56:50.202553  4501 demo_inner.hpp:177] decode queue size 0
I1014 10:56:50.202689  4504 work_thread.hpp:81]  [T-Work-Detect_0] Run work: WorkDetect
I1014 10:56:50.202726  4504 work_detect.cpp:102] Succeeded to add det start for frame 41
I1014 10:56:50.209542  4504 work_detect.cpp:70] Frame :41 detect result :1 face(s)
I1014 10:56:50.209589  4504 work_detect.cpp:86] Detected bbox: [173 x 222 from (311, 120)]
I1014 10:56:50.209631  4504 work_detect.cpp:120] Succeeded to add det end for frame 41
I1014 10:56:50.209647  4504 work_thread.hpp:81]  [T-Work-Detect_0] Run work: WrokTrack
I1014 10:56:50.209673  4504 work_track.cpp:82] Frame: 41 build input_characts: [0.270312 x 0.616667 from (0.485938, 0.333333)], 1.00035, 0
I1014 10:56:50.209729  4504 work_track.cpp:102] Succeeded to set track lock for frame 41
I1014 10:56:50.209770  4504 work_track.cpp:116] Succeeded to release track lock for frame 41
I1014 10:56:50.209785  4504 work_track.cpp:120] Track results of frame 41: 1 objects input, 1 objects tracked!
I1014 10:56:50.209805  4504 work_track.cpp:148] Frame: 41, track bbox: [173 x 222 from (309.37, 116.482)], gid: 0, lid: 0
I1014 10:56:50.209841  4504 work_thread.hpp:88]  [T-Work-Detect_0] Frame :41 split
I1014 10:56:50.209858  4504 work_thread.hpp:120]  [T-Work-Detect_0] Valid piece: gid = 0
I1014 10:56:50.209877  4504 work_thread.hpp:92]  [T-Work-Detect_0] Push to split queue:recog
I1014 10:56:50.209918  4506 work_thread.hpp:81]  [T-Work-Recog_1] Run work: WorkCapture
I1014 10:56:50.209928  4507 thread_intergrate.hpp:78] [T-Intergrate-intergrate] queue: frame output frame :41
I1014 10:56:50.209956  4507 thread_intergrate.hpp:85] [T-Intergrate-intergrate] queue: compare output face:0
I1014 10:56:50.209975  4507 thread_intergrate.hpp:137] T-Intergrate-intergrate set matched face: 0
I1014 10:56:50.210480  4506 work_thread.hpp:81]  [T-Work-Recog_1] Run work: WorkRecog
I1014 10:56:50.210505  4506 work_recog.hpp:89] Face id: 0 will run recog: bbox [173 x 222 from (311, 120)] quality: 0.455604
I1014 10:56:50.210534  4506 work_recog.hpp:96] Recog pair: [248 x 288 from (272, 72)], [173 x 222 from (39, 48)]
I1014 10:56:50.211144  4507 thread_intergrate.hpp:157] T-Intergrate-intergrate Show face :0, size :640 * 360
I1014 10:56:50.211642  4503 demo_inner.hpp:435] thread [SORT-0]  frame id 41 sorting queue size 0   FPS: 29.7177
I1014 10:56:50.228291  4506 work_thread.hpp:81]  [T-Work-Recog_1] Run work: WorkCompare
I1014 10:56:50.228400  4506 work_compare.cpp:76] Compare face: 0 successed, similarity :0.977782, name : images/thanglmb.jpg, normal size : 640 * 360!
I1014 10:56:50.232242  4501 demo_inner.hpp:177] decode queue size 0
I1014 10:56:50.232338  4504 work_thread.hpp:81]  [T-Work-Detect_0] Run work: WorkDetect
I1014 10:56:50.232370  4504 work_detect.cpp:102] Succeeded to add det start for frame 42
I1014 10:56:50.239181  4504 work_detect.cpp:70] Frame :42 detect result :1 face(s)
I1014 10:56:50.239229  4504 work_detect.cpp:86] Detected bbox: [176 x 224 from (310, 98)]
I1014 10:56:50.239272  4504 work_detect.cpp:120] Succeeded to add det end for frame 42
I1014 10:56:50.239289  4504 work_thread.hpp:81]  [T-Work-Detect_0] Run work: WrokTrack
I1014 10:56:50.239315  4504 work_track.cpp:82] Frame: 42 build input_characts: [0.275 x 0.622222 from (0.484375, 0.272222)], 1.00019, 0
I1014 10:56:50.239369  4504 work_track.cpp:102] Succeeded to set track lock for frame 42
I1014 10:56:50.239408  4504 work_track.cpp:116] Succeeded to release track lock for frame 42
I1014 10:56:50.239423  4504 work_track.cpp:120] Track results of frame 42: 1 objects input, 1 objects tracked!
I1014 10:56:50.239441  4504 work_track.cpp:148] Frame: 42, track bbox: [176 x 224 from (309.733, 110.332)], gid: 0, lid: 0
I1014 10:56:50.239478  4504 work_thread.hpp:88]  [T-Work-Detect_0] Frame :42 split
I1014 10:56:50.239495  4504 work_thread.hpp:120]  [T-Work-Detect_0] Valid piece: gid = 0
I1014 10:56:50.239513  4504 work_thread.hpp:92]  [T-Work-Detect_0] Push to split queue:recog
I1014 10:56:50.239562  4505 work_thread.hpp:81]  [T-Work-Recog_0] Run work: WorkCapture
I1014 10:56:50.239567  4507 thread_intergrate.hpp:78] [T-Intergrate-intergrate] queue: frame output frame :42
I1014 10:56:50.239596  4507 thread_intergrate.hpp:85] [T-Intergrate-intergrate] queue: compare output face:0
I1014 10:56:50.239615  4507 thread_intergrate.hpp:137] T-Intergrate-intergrate set matched face: 0
I1014 10:56:50.240181  4505 work_thread.hpp:81]  [T-Work-Recog_0] Run work: WorkRecog
I1014 10:56:50.240206  4505 work_recog.hpp:89] Face id: 0 will run recog: bbox [176 x 224 from (310, 98)] quality: 0.385422
I1014 10:56:50.240236  4505 work_recog.hpp:96] Recog pair: [256 x 312 from (272, 48)], [176 x 224 from (38, 50)]
I1014 10:56:50.240816  4507 thread_intergrate.hpp:157] T-Intergrate-intergrate Show face :0, size :640 * 360
I1014 10:56:50.241312  4503 demo_inner.hpp:435] thread [SORT-0]  frame id 42 sorting queue size 1   FPS: 29.7965
I1014 10:56:50.258478  4505 work_thread.hpp:81]  [T-Work-Recog_0] Run work: WorkCompare
I1014 10:56:50.258585  4505 work_compare.cpp:76] Compare face: 0 successed, similarity :0.984447, name : images/thanglmb.jpg, normal size : 640 * 360!
I1014 10:56:50.261538  4502 demo_inner.hpp:260]  gui queue size 1, state = running
I1014 10:56:50.268757  4501 demo_inner.hpp:177] decode queue size 0
I1014 10:56:50.268858  4504 work_thread.hpp:81]  [T-Work-Detect_0] Run work: WorkDetect
I1014 10:56:50.268893  4504 work_detect.cpp:102] Succeeded to add det start for frame 43
I1014 10:56:50.275738  4504 work_detect.cpp:70] Frame :43 detect result :1 face(s)
I1014 10:56:50.275782  4504 work_detect.cpp:86] Detected bbox: [171 x 220 from (309, 100)]
I1014 10:56:50.275825  4504 work_detect.cpp:120] Succeeded to add det end for frame 43
I1014 10:56:50.275841  4504 work_thread.hpp:81]  [T-Work-Detect_0] Run work: WrokTrack
I1014 10:56:50.275866  4504 work_track.cpp:82] Frame: 43 build input_characts: [0.267188 x 0.611111 from (0.482812, 0.277778)], 1.00035, 0
I1014 10:56:50.275920  4504 work_track.cpp:102] Succeeded to set track lock for frame 43
I1014 10:56:50.275960  4504 work_track.cpp:116] Succeeded to release track lock for frame 43
I1014 10:56:50.275975  4504 work_track.cpp:120] Track results of frame 43: 1 objects input, 1 objects tracked!
I1014 10:56:50.275995  4504 work_track.cpp:148] Frame: 43, track bbox: [171 x 220 from (310.994, 107.179)], gid: 0, lid: 0
I1014 10:56:50.276031  4504 work_thread.hpp:88]  [T-Work-Detect_0] Frame :43 split
I1014 10:56:50.276048  4504 work_thread.hpp:120]  [T-Work-Detect_0] Valid piece: gid = 0
I1014 10:56:50.276067  4504 work_thread.hpp:92]  [T-Work-Detect_0] Push to split queue:recog
I1014 10:56:50.276309  4505 work_thread.hpp:81]  [T-Work-Recog_0] Run work: WorkCapture
I1014 10:56:50.276311  4507 thread_intergrate.hpp:78] [T-Intergrate-intergrate] queue: frame output frame :43
I1014 10:56:50.276357  4507 thread_intergrate.hpp:85] [T-Intergrate-intergrate] queue: compare output face:0
I1014 10:56:50.276376  4507 thread_intergrate.hpp:137] T-Intergrate-intergrate set matched face: 0
I1014 10:56:50.276947  4505 work_thread.hpp:81]  [T-Work-Recog_0] Run work: WorkRecog
I1014 10:56:50.276973  4505 work_recog.hpp:89] Face id: 0 will run recog: bbox [171 x 220 from (309, 100)] quality: 0.406176
I1014 10:56:50.277007  4505 work_recog.hpp:96] Recog pair: [248 x 304 from (272, 56)], [171 x 220 from (37, 44)]
I1014 10:56:50.277550  4507 thread_intergrate.hpp:157] T-Intergrate-intergrate Show face :0, size :640 * 360
I1014 10:56:50.278034  4503 demo_inner.hpp:435] thread [SORT-0]  frame id 43 sorting queue size 0   FPS: 29.745
I1014 10:56:50.295456  4505 work_thread.hpp:81]  [T-Work-Recog_0] Run work: WorkCompare
I1014 10:56:50.295594  4505 work_compare.cpp:76] Compare face: 0 successed, similarity :0.989277, name : images/thanglmb.jpg, normal size : 640 * 360!
I1014 10:56:50.298782  4501 demo_inner.hpp:177] decode queue size 0
I1014 10:56:50.298873  4504 work_thread.hpp:81]  [T-Work-Detect_0] Run work: WorkDetect
I1014 10:56:50.298907  4504 work_detect.cpp:102] Succeeded to add det start for frame 44
I1014 10:56:50.305699  4504 work_detect.cpp:70] Frame :44 detect result :1 face(s)
I1014 10:56:50.305752  4504 work_detect.cpp:86] Detected bbox: [173 x 220 from (308, 99)]
I1014 10:56:50.305796  4504 work_detect.cpp:120] Succeeded to add det end for frame 44
I1014 10:56:50.305812  4504 work_thread.hpp:81]  [T-Work-Detect_0] Run work: WrokTrack
I1014 10:56:50.305837  4504 work_track.cpp:82] Frame: 44 build input_characts: [0.270312 x 0.611111 from (0.48125, 0.275)], 1.00019, 0
I1014 10:56:50.305894  4504 work_track.cpp:102] Succeeded to set track lock for frame 44
I1014 10:56:50.305933  4504 work_track.cpp:116] Succeeded to release track lock for frame 44
I1014 10:56:50.305948  4504 work_track.cpp:120] Track results of frame 44: 1 objects input, 1 objects tracked!
I1014 10:56:50.305965  4504 work_track.cpp:148] Frame: 44, track bbox: [173 x 220 from (309.066, 101.278)], gid: 0, lid: 0
I1014 10:56:50.306001  4504 work_thread.hpp:88]  [T-Work-Detect_0] Frame :44 split
I1014 10:56:50.306018  4504 work_thread.hpp:120]  [T-Work-Detect_0] Valid piece: gid = 0
I1014 10:56:50.306036  4504 work_thread.hpp:92]  [T-Work-Detect_0] Push to split queue:recog
I1014 10:56:50.306078  4506 work_thread.hpp:81]  [T-Work-Recog_1] Run work: WorkCapture
I1014 10:56:50.306089  4507 thread_intergrate.hpp:78] [T-Intergrate-intergrate] queue: frame output frame :44
I1014 10:56:50.306119  4507 thread_intergrate.hpp:85] [T-Intergrate-intergrate] queue: compare output face:0
I1014 10:56:50.306138  4507 thread_intergrate.hpp:137] T-Intergrate-intergrate set matched face: 0
I1014 10:56:50.306645  4506 work_thread.hpp:81]  [T-Work-Recog_1] Run work: WorkRecog
I1014 10:56:50.306670  4506 work_recog.hpp:89] Face id: 0 will run recog: bbox [173 x 220 from (308, 99)] quality: 0.406246
I1014 10:56:50.306699  4506 work_recog.hpp:96] Recog pair: [248 x 312 from (272, 48)], [173 x 220 from (36, 51)]
I1014 10:56:50.307310  4507 thread_intergrate.hpp:157] T-Intergrate-intergrate Show face :0, size :640 * 360
I1014 10:56:50.307894  4503 demo_inner.hpp:435] thread [SORT-0]  frame id 44 sorting queue size 1   FPS: 29.8197
I1014 10:56:50.324430  4506 work_thread.hpp:81]  [T-Work-Recog_1] Run work: WorkCompare
I1014 10:56:50.324537  4506 work_compare.cpp:76] Compare face: 0 successed, similarity :0.986197, name : images/thanglmb.jpg, normal size : 640 * 360!
I1014 10:56:50.333956  4502 demo_inner.hpp:260]  gui queue size 1, state = running
I1014 10:56:50.334853  4501 demo_inner.hpp:177] decode queue size 0
I1014 10:56:50.334972  4504 work_thread.hpp:81]  [T-Work-Detect_0] Run work: WorkDetect
I1014 10:56:50.335005  4504 work_detect.cpp:102] Succeeded to add det start for frame 45
I1014 10:56:50.341895  4504 work_detect.cpp:70] Frame :45 detect result :1 face(s)
I1014 10:56:50.341949  4504 work_detect.cpp:86] Detected bbox: [171 x 225 from (309, 97)]
I1014 10:56:50.341992  4504 work_detect.cpp:120] Succeeded to add det end for frame 45
I1014 10:56:50.342008  4504 work_thread.hpp:81]  [T-Work-Detect_0] Run work: WrokTrack
I1014 10:56:50.342033  4504 work_track.cpp:82] Frame: 45 build input_characts: [0.267188 x 0.625 from (0.482812, 0.269444)], 0.999622, 0
I1014 10:56:50.342089  4504 work_track.cpp:102] Succeeded to set track lock for frame 45
I1014 10:56:50.342129  4504 work_track.cpp:116] Succeeded to release track lock for frame 45
I1014 10:56:50.342144  4504 work_track.cpp:120] Track results of frame 45: 1 objects input, 1 objects tracked!
I1014 10:56:50.342161  4504 work_track.cpp:148] Frame: 45, track bbox: [171 x 225 from (308.854, 92.0891)], gid: 0, lid: 0
I1014 10:56:50.342198  4504 work_thread.hpp:88]  [T-Work-Detect_0] Frame :45 split
I1014 10:56:50.342216  4504 work_thread.hpp:120]  [T-Work-Detect_0] Valid piece: gid = 0
I1014 10:56:50.342233  4504 work_thread.hpp:92]  [T-Work-Detect_0] Push to split queue:recog
I1014 10:56:50.342284  4506 work_thread.hpp:81]  [T-Work-Recog_1] Run work: WorkCapture
I1014 10:56:50.342285  4507 thread_intergrate.hpp:78] [T-Intergrate-intergrate] queue: frame output frame :45
I1014 10:56:50.342327  4507 thread_intergrate.hpp:85] [T-Intergrate-intergrate] queue: compare output face:0
I1014 10:56:50.342346  4507 thread_intergrate.hpp:137] T-Intergrate-intergrate set matched face: 0
I1014 10:56:50.342861  4506 work_thread.hpp:81]  [T-Work-Recog_1] Run work: WorkRecog
I1014 10:56:50.342887  4506 work_recog.hpp:89] Face id: 0 will run recog: bbox [171 x 225 from (309, 97)] quality: 0.41565
I1014 10:56:50.342917  4506 work_recog.hpp:96] Recog pair: [248 x 312 from (272, 48)], [171 x 225 from (37, 49)]
I1014 10:56:50.343520  4507 thread_intergrate.hpp:157] T-Intergrate-intergrate Show face :0, size :640 * 360
I1014 10:56:50.344107  4503 demo_inner.hpp:435] thread [SORT-0]  frame id 45 sorting queue size 0   FPS: 29.77
I1014 10:56:50.360659  4506 work_thread.hpp:81]  [T-Work-Recog_1] Run work: WorkCompare
I1014 10:56:50.360767  4506 work_compare.cpp:76] Compare face: 0 successed, similarity :0.986927, name : images/thanglmb.jpg, normal size : 640 * 360!
I1014 10:56:50.370290  4501 demo_inner.hpp:177] decode queue size 0
I1014 10:56:50.370625  4504 work_thread.hpp:81]  [T-Work-Detect_0] Run work: WorkDetect
I1014 10:56:50.370661  4504 work_detect.cpp:102] Succeeded to add det start for frame 46
I1014 10:56:50.377460  4504 work_detect.cpp:70] Frame :46 detect result :1 face(s)
I1014 10:56:50.377506  4504 work_detect.cpp:86] Detected bbox: [168 x 220 from (312, 120)]
I1014 10:56:50.377548  4504 work_detect.cpp:120] Succeeded to add det end for frame 46
I1014 10:56:50.377564  4504 work_thread.hpp:81]  [T-Work-Detect_0] Run work: WrokTrack
I1014 10:56:50.377589  4504 work_track.cpp:82] Frame: 46 build input_characts: [0.2625 x 0.611111 from (0.4875, 0.333333)], 1.00035, 0
I1014 10:56:50.377645  4504 work_track.cpp:102] Succeeded to set track lock for frame 46
I1014 10:56:50.377684  4504 work_track.cpp:116] Succeeded to release track lock for frame 46
I1014 10:56:50.377699  4504 work_track.cpp:120] Track results of frame 46: 1 objects input, 1 objects tracked!
I1014 10:56:50.377717  4504 work_track.cpp:148] Frame: 46, track bbox: [168 x 220 from (310.6, 106.063)], gid: 0, lid: 0
I1014 10:56:50.377753  4504 work_thread.hpp:88]  [T-Work-Detect_0] Frame :46 split
I1014 10:56:50.377771  4504 work_thread.hpp:120]  [T-Work-Detect_0] Valid piece: gid = 0
I1014 10:56:50.377789  4504 work_thread.hpp:92]  [T-Work-Detect_0] Push to split queue:recog
I1014 10:56:50.377833  4506 work_thread.hpp:81]  [T-Work-Recog_1] Run work: WorkCapture
I1014 10:56:50.377835  4507 thread_intergrate.hpp:78] [T-Intergrate-intergrate] queue: frame output frame :46
I1014 10:56:50.377874  4507 thread_intergrate.hpp:85] [T-Intergrate-intergrate] queue: compare output face:0
I1014 10:56:50.377893  4507 thread_intergrate.hpp:137] T-Intergrate-intergrate set matched face: 0
I1014 10:56:50.378418  4506 work_thread.hpp:81]  [T-Work-Recog_1] Run work: WorkRecog
I1014 10:56:50.378444  4506 work_recog.hpp:89] Face id: 0 will run recog: bbox [168 x 220 from (312, 120)] quality: 0.406246
I1014 10:56:50.378475  4506 work_recog.hpp:96] Recog pair: [248 x 288 from (272, 72)], [168 x 220 from (40, 48)]
I1014 10:56:50.379150  4507 thread_intergrate.hpp:157] T-Intergrate-intergrate Show face :0, size :640 * 360
I1014 10:56:50.379715  4503 demo_inner.hpp:435] thread [SORT-0]  frame id 46 sorting queue size 1   FPS: 29.7226
I1014 10:56:50.396275  4506 work_thread.hpp:81]  [T-Work-Recog_1] Run work: WorkCompare
I1014 10:56:50.396389  4506 work_compare.cpp:76] Compare face: 0 successed, similarity :0.983738, name : images/thanglmb.jpg, normal size : 640 * 360!
I1014 10:56:50.400144  4501 demo_inner.hpp:177] decode queue size 0
I1014 10:56:50.400262  4504 work_thread.hpp:81]  [T-Work-Detect_0] Run work: WorkDetect
I1014 10:56:50.400292  4504 work_detect.cpp:102] Succeeded to add det start for frame 47
I1014 10:56:50.407021  4504 work_detect.cpp:70] Frame :47 detect result :1 face(s)
I1014 10:56:50.407071  4504 work_detect.cpp:86] Detected bbox: [166 x 217 from (315, 123)]
I1014 10:56:50.407115  4504 work_detect.cpp:120] Succeeded to add det end for frame 47
I1014 10:56:50.407132  4504 work_thread.hpp:81]  [T-Work-Detect_0] Run work: WrokTrack
I1014 10:56:50.407158  4504 work_track.cpp:82] Frame: 47 build input_characts: [0.259375 x 0.602778 from (0.492188, 0.341667)], 1.00019, 0
I1014 10:56:50.407213  4504 work_track.cpp:102] Succeeded to set track lock for frame 47
I1014 10:56:50.407253  4504 work_track.cpp:116] Succeeded to release track lock for frame 47
I1014 10:56:50.407268  4504 work_track.cpp:120] Track results of frame 47: 1 objects input, 1 objects tracked!
I1014 10:56:50.407285  4504 work_track.cpp:148] Frame: 47, track bbox: [166 x 217 from (313.247, 120.12)], gid: 0, lid: 0
I1014 10:56:50.407322  4504 work_thread.hpp:88]  [T-Work-Detect_0] Frame :47 split
I1014 10:56:50.407339  4504 work_thread.hpp:120]  [T-Work-Detect_0] Valid piece: gid = 0
I1014 10:56:50.407357  4504 work_thread.hpp:92]  [T-Work-Detect_0] Push to split queue:recog
I1014 10:56:50.407397  4506 work_thread.hpp:81]  [T-Work-Recog_1] Run work: WorkCapture
I1014 10:56:50.407405  4507 thread_intergrate.hpp:78] [T-Intergrate-intergrate] queue: frame output frame :47
I1014 10:56:50.407433  4507 thread_intergrate.hpp:85] [T-Intergrate-intergrate] queue: compare output face:0
I1014 10:56:50.407451  4507 thread_intergrate.hpp:137] T-Intergrate-intergrate set matched face: 0
I1014 10:56:50.407975  4506 work_thread.hpp:81]  [T-Work-Recog_1] Run work: WorkRecog
I1014 10:56:50.407999  4506 work_recog.hpp:89] Face id: 0 will run recog: bbox [166 x 217 from (315, 123)] quality: 0.385448
I1014 10:56:50.408028  4506 work_recog.hpp:96] Recog pair: [240 x 280 from (280, 80)], [166 x 217 from (35, 43)]
I1014 10:56:50.408646  4507 thread_intergrate.hpp:157] T-Intergrate-intergrate Show face :0, size :640 * 360
I1014 10:56:50.409198  4503 demo_inner.hpp:435] thread [SORT-0]  frame id 47 sorting queue size 2   FPS: 29.8121
I1014 10:56:50.425729  4506 work_thread.hpp:81]  [T-Work-Recog_1] Run work: WorkCompare
I1014 10:56:50.425835  4506 work_compare.cpp:76] Compare face: 0 successed, similarity :0.97686, name : images/thanglmb.jpg, normal size : 640 * 360!
I1014 10:56:50.428725  4502 demo_inner.hpp:260]  gui queue size 2, state = running
I1014 10:56:50.436097  4501 demo_inner.hpp:177] decode queue size 0
I1014 10:56:50.436228  4504 work_thread.hpp:81]  [T-Work-Detect_0] Run work: WorkDetect
I1014 10:56:50.436261  4504 work_detect.cpp:102] Succeeded to add det start for frame 48
I1014 10:56:50.443007  4504 work_detect.cpp:70] Frame :48 detect result :1 face(s)
I1014 10:56:50.443054  4504 work_detect.cpp:86] Detected bbox: [169 x 219 from (310, 122)]
I1014 10:56:50.443095  4504 work_detect.cpp:120] Succeeded to add det end for frame 48
I1014 10:56:50.443111  4504 work_thread.hpp:81]  [T-Work-Detect_0] Run work: WrokTrack
I1014 10:56:50.443212  4504 work_track.cpp:82] Frame: 48 build input_characts: [0.264062 x 0.608333 from (0.484375, 0.338889)], 1.00019, 0
I1014 10:56:50.443269  4504 work_track.cpp:102] Succeeded to set track lock for frame 48
I1014 10:56:50.443308  4504 work_track.cpp:116] Succeeded to release track lock for frame 48
I1014 10:56:50.443323  4504 work_track.cpp:120] Track results of frame 48: 1 objects input, 1 objects tracked!
I1014 10:56:50.443341  4504 work_track.cpp:148] Frame: 48, track bbox: [169 x 219 from (311.684, 124.688)], gid: 0, lid: 0
I1014 10:56:50.443377  4504 work_thread.hpp:88]  [T-Work-Detect_0] Frame :48 split
I1014 10:56:50.443395  4504 work_thread.hpp:120]  [T-Work-Detect_0] Valid piece: gid = 0
I1014 10:56:50.443413  4504 work_thread.hpp:92]  [T-Work-Detect_0] Push to split queue:recog
I1014 10:56:50.443455  4506 work_thread.hpp:81]  [T-Work-Recog_1] Run work: WorkCapture
I1014 10:56:50.443464  4507 thread_intergrate.hpp:78] [T-Intergrate-intergrate] queue: frame output frame :48
I1014 10:56:50.443492  4507 thread_intergrate.hpp:85] [T-Intergrate-intergrate] queue: compare output face:0
I1014 10:56:50.443511  4507 thread_intergrate.hpp:137] T-Intergrate-intergrate set matched face: 0
I1014 10:56:50.444027  4506 work_thread.hpp:81]  [T-Work-Recog_1] Run work: WorkRecog
I1014 10:56:50.444052  4506 work_recog.hpp:89] Face id: 0 will run recog: bbox [169 x 219 from (310, 122)] quality: 0.415444
I1014 10:56:50.444083  4506 work_recog.hpp:96] Recog pair: [240 x 288 from (272, 72)], [169 x 219 from (38, 50)]
I1014 10:56:50.444707  4507 thread_intergrate.hpp:157] T-Intergrate-intergrate Show face :0, size :640 * 360
I1014 10:56:50.445236  4503 demo_inner.hpp:435] thread [SORT-0]  frame id 48 sorting queue size 0   FPS: 29.7657
I1014 10:56:50.461771  4506 work_thread.hpp:81]  [T-Work-Recog_1] Run work: WorkCompare
I1014 10:56:50.461885  4506 work_compare.cpp:76] Compare face: 0 successed, similarity :0.985185, name : images/thanglmb.jpg, normal size : 640 * 360!
I1014 10:56:50.467120  4501 demo_inner.hpp:177] decode queue size 0
I1014 10:56:50.467278  4504 work_thread.hpp:81]  [T-Work-Detect_0] Run work: WorkDetect
I1014 10:56:50.467315  4504 work_detect.cpp:102] Succeeded to add det start for frame 49
I1014 10:56:50.474112  4504 work_detect.cpp:70] Frame :49 detect result :1 face(s)
I1014 10:56:50.474165  4504 work_detect.cpp:86] Detected bbox: [171 x 219 from (308, 100)]
I1014 10:56:50.474208  4504 work_detect.cpp:120] Succeeded to add det end for frame 49
I1014 10:56:50.474225  4504 work_thread.hpp:81]  [T-Work-Detect_0] Run work: WrokTrack
I1014 10:56:50.474251  4504 work_track.cpp:82] Frame: 49 build input_characts: [0.267188 x 0.608333 from (0.48125, 0.277778)], 1.00019, 0
I1014 10:56:50.474306  4504 work_track.cpp:102] Succeeded to set track lock for frame 49
I1014 10:56:50.474346  4504 work_track.cpp:116] Succeeded to release track lock for frame 49
I1014 10:56:50.474361  4504 work_track.cpp:120] Track results of frame 49: 1 objects input, 1 objects tracked!
I1014 10:56:50.474380  4504 work_track.cpp:148] Frame: 49, track bbox: [171 x 219 from (309.44, 115.67)], gid: 0, lid: 0
I1014 10:56:50.474416  4504 work_thread.hpp:88]  [T-Work-Detect_0] Frame :49 split
I1014 10:56:50.474433  4504 work_thread.hpp:120]  [T-Work-Detect_0] Valid piece: gid = 0
I1014 10:56:50.474450  4504 work_thread.hpp:92]  [T-Work-Detect_0] Push to split queue:recog
I1014 10:56:50.474503  4507 thread_intergrate.hpp:78] [T-Intergrate-intergrate] queue: frame output frame :49
I1014 10:56:50.474504  4505 work_thread.hpp:81]  [T-Work-Recog_0] Run work: WorkCapture
I1014 10:56:50.474534  4507 thread_intergrate.hpp:85] [T-Intergrate-intergrate] queue: compare output face:0
I1014 10:56:50.474552  4507 thread_intergrate.hpp:137] T-Intergrate-intergrate set matched face: 0
I1014 10:56:50.475198  4505 work_thread.hpp:81]  [T-Work-Recog_0] Run work: WorkRecog
I1014 10:56:50.475224  4505 work_recog.hpp:89] Face id: 0 will run recog: bbox [171 x 219 from (308, 100)] quality: 0.423726
I1014 10:56:50.475351  4505 work_recog.hpp:96] Recog pair: [248 x 304 from (272, 56)], [171 x 219 from (36, 44)]
I1014 10:56:50.475734  4507 thread_intergrate.hpp:157] T-Intergrate-intergrate Show face :0, size :640 * 360
I1014 10:56:50.476289  4503 demo_inner.hpp:435] thread [SORT-0]  frame id 49 sorting queue size 1   FPS: 29.7952
I1014 10:56:50.493623  4505 work_thread.hpp:81]  [T-Work-Recog_0] Run work: WorkCompare
I1014 10:56:50.493741  4505 work_compare.cpp:76] Compare face: 0 successed, similarity :0.987627, name : images/thanglmb.jpg, normal size : 640 * 360!
I1014 10:56:50.501778  4502 demo_inner.hpp:260]  gui queue size 1, state = running
I1014 10:56:50.502919  4501 demo_inner.hpp:177] decode queue size 0
I1014 10:56:50.503052  4504 work_thread.hpp:81]  [T-Work-Detect_0] Run work: WorkDetect
I1014 10:56:50.503090  4504 work_detect.cpp:102] Succeeded to add det start for frame 50
I1014 10:56:50.509920  4504 work_detect.cpp:70] Frame :50 detect result :1 face(s)
I1014 10:56:50.509976  4504 work_detect.cpp:86] Detected bbox: [169 x 219 from (314, 124)]
I1014 10:56:50.510020  4504 work_detect.cpp:120] Succeeded to add det end for frame 50
I1014 10:56:50.510037  4504 work_thread.hpp:81]  [T-Work-Detect_0] Run work: WrokTrack
I1014 10:56:50.510062  4504 work_track.cpp:82] Frame: 50 build input_characts: [0.264062 x 0.608333 from (0.490625, 0.344444)], 1.00019, 0
I1014 10:56:50.510118  4504 work_track.cpp:102] Succeeded to set track lock for frame 50
I1014 10:56:50.510157  4504 work_track.cpp:116] Succeeded to release track lock for frame 50
I1014 10:56:50.510172  4504 work_track.cpp:120] Track results of frame 50: 1 objects input, 1 objects tracked!
I1014 10:56:50.510190  4504 work_track.cpp:148] Frame: 50, track bbox: [169 x 219 from (312.013, 118.933)], gid: 0, lid: 0
I1014 10:56:50.510226  4504 work_thread.hpp:88]  [T-Work-Detect_0] Frame :50 split
I1014 10:56:50.510244  4504 work_thread.hpp:120]  [T-Work-Detect_0] Valid piece: gid = 0
I1014 10:56:50.510262  4504 work_thread.hpp:92]  [T-Work-Detect_0] Push to split queue:recog
I1014 10:56:50.510314  4507 thread_intergrate.hpp:78] [T-Intergrate-intergrate] queue: frame output frame :50
I1014 10:56:50.510313  4505 work_thread.hpp:81]  [T-Work-Recog_0] Run work: WorkCapture
I1014 10:56:50.510354  4507 thread_intergrate.hpp:85] [T-Intergrate-intergrate] queue: compare output face:0
I1014 10:56:50.510373  4507 thread_intergrate.hpp:137] T-Intergrate-intergrate set matched face: 0
I1014 10:56:50.510946  4505 work_thread.hpp:81]  [T-Work-Recog_0] Run work: WorkRecog
I1014 10:56:50.510978  4505 work_recog.hpp:89] Face id: 0 will run recog: bbox [169 x 219 from (314, 124)] quality: 0.396341
I1014 10:56:50.511010  4505 work_recog.hpp:96] Recog pair: [240 x 280 from (280, 80)], [169 x 219 from (34, 44)]
I1014 10:56:50.511546  4507 thread_intergrate.hpp:157] T-Intergrate-intergrate Show face :0, size :640 * 360
I1014 10:56:50.512084  4503 demo_inner.hpp:435] thread [SORT-0]  frame id 50 sorting queue size 0   FPS: 29.7691
I1014 10:56:50.529296  4505 work_thread.hpp:81]  [T-Work-Recog_0] Run work: WorkCompare
I1014 10:56:50.529418  4505 work_compare.cpp:76] Compare face: 0 successed, similarity :0.987946, name : images/thanglmb.jpg, normal size : 640 * 360!
I1014 10:56:50.532721  4501 demo_inner.hpp:177] decode queue size 0
I1014 10:56:50.532810  4504 work_thread.hpp:81]  [T-Work-Detect_0] Run work: WorkDetect
I1014 10:56:50.532846  4504 work_detect.cpp:102] Succeeded to add det start for frame 51
I1014 10:56:50.539655  4504 work_detect.cpp:70] Frame :51 detect result :1 face(s)
I1014 10:56:50.539705  4504 work_detect.cpp:86] Detected bbox: [173 x 219 from (305, 99)]
I1014 10:56:50.539750  4504 work_detect.cpp:120] Succeeded to add det end for frame 51
I1014 10:56:50.539767  4504 work_thread.hpp:81]  [T-Work-Detect_0] Run work: WrokTrack
I1014 10:56:50.539791  4504 work_track.cpp:82] Frame: 51 build input_characts: [0.270312 x 0.608333 from (0.476562, 0.275)], 1.00035, 0
I1014 10:56:50.539846  4504 work_track.cpp:102] Succeeded to set track lock for frame 51
I1014 10:56:50.539886  4504 work_track.cpp:116] Succeeded to release track lock for frame 51
I1014 10:56:50.539978  4504 work_track.cpp:120] Track results of frame 51: 1 objects input, 1 objects tracked!
I1014 10:56:50.539999  4504 work_track.cpp:148] Frame: 51, track bbox: [173 x 219 from (307.265, 105.757)], gid: 0, lid: 0
I1014 10:56:50.540037  4504 work_thread.hpp:88]  [T-Work-Detect_0] Frame :51 split
I1014 10:56:50.540055  4504 work_thread.hpp:120]  [T-Work-Detect_0] Valid piece: gid = 0
I1014 10:56:50.540074  4504 work_thread.hpp:92]  [T-Work-Detect_0] Push to split queue:recog
I1014 10:56:50.540127  4507 thread_intergrate.hpp:78] [T-Intergrate-intergrate] queue: frame output frame :51
I1014 10:56:50.540139  4506 work_thread.hpp:81]  [T-Work-Recog_1] Run work: WorkCapture
I1014 10:56:50.540153  4507 thread_intergrate.hpp:85] [T-Intergrate-intergrate] queue: compare output face:0
I1014 10:56:50.540190  4507 thread_intergrate.hpp:137] T-Intergrate-intergrate set matched face: 0
I1014 10:56:50.540737  4506 work_thread.hpp:81]  [T-Work-Recog_1] Run work: WorkRecog
I1014 10:56:50.540761  4506 work_recog.hpp:89] Face id: 0 will run recog: bbox [173 x 219 from (305, 99)] quality: 0.438331
I1014 10:56:50.540792  4506 work_recog.hpp:96] Recog pair: [248 x 304 from (264, 56)], [173 x 219 from (41, 43)]
I1014 10:56:50.541371  4507 thread_intergrate.hpp:157] T-Intergrate-intergrate Show face :0, size :640 * 360
I1014 10:56:50.541937  4503 demo_inner.hpp:435] thread [SORT-0]  frame id 51 sorting queue size 1   FPS: 29.8329
I1014 10:56:50.558432  4506 work_thread.hpp:81]  [T-Work-Recog_1] Run work: WorkCompare
I1014 10:56:50.558542  4506 work_compare.cpp:76] Compare face: 0 successed, similarity :0.990807, name : images/thanglmb.jpg, normal size : 640 * 360!
I1014 10:56:50.568096  4501 demo_inner.hpp:177] decode queue size 0
I1014 10:56:50.568301  4504 work_thread.hpp:81]  [T-Work-Detect_0] Run work: WorkDetect
I1014 10:56:50.568457  4504 work_detect.cpp:102] Succeeded to add det start for frame 52
I1014 10:56:50.576138  4504 work_detect.cpp:70] Frame :52 detect result :1 face(s)
I1014 10:56:50.576211  4504 work_detect.cpp:86] Detected bbox: [169 x 223 from (312, 120)]
I1014 10:56:50.576256  4504 work_detect.cpp:120] Succeeded to add det end for frame 52
I1014 10:56:50.576294  4504 work_thread.hpp:81]  [T-Work-Detect_0] Run work: WrokTrack
I1014 10:56:50.576321  4504 work_track.cpp:82] Frame: 52 build input_characts: [0.264062 x 0.619444 from (0.4875, 0.333333)], 1.00035, 0
I1014 10:56:50.576377  4504 work_track.cpp:102] Succeeded to set track lock for frame 52
I1014 10:56:50.576426  4504 work_track.cpp:116] Succeeded to release track lock for frame 52
I1014 10:56:50.576440  4504 work_track.cpp:120] Track results of frame 52: 1 objects input, 1 objects tracked!
I1014 10:56:50.576458  4504 work_track.cpp:148] Frame: 52, track bbox: [169 x 223 from (310.073, 109.628)], gid: 0, lid: 0
I1014 10:56:50.576495  4504 work_thread.hpp:88]  [T-Work-Detect_0] Frame :52 split
I1014 10:56:50.576535  4504 work_thread.hpp:120]  [T-Work-Detect_0] Valid piece: gid = 0
I1014 10:56:50.576556  4504 work_thread.hpp:92]  [T-Work-Detect_0] Push to split queue:recog
I1014 10:56:50.576601  4506 work_thread.hpp:81]  [T-Work-Recog_1] Run work: WorkCapture
I1014 10:56:50.576604  4507 thread_intergrate.hpp:78] [T-Intergrate-intergrate] queue: frame output frame :52
I1014 10:56:50.576643  4507 thread_intergrate.hpp:85] [T-Intergrate-intergrate] queue: compare output face:0
I1014 10:56:50.576663  4507 thread_intergrate.hpp:137] T-Intergrate-intergrate set matched face: 0
I1014 10:56:50.577179  4506 work_thread.hpp:81]  [T-Work-Recog_1] Run work: WorkRecog
I1014 10:56:50.577205  4506 work_recog.hpp:89] Face id: 0 will run recog: bbox [169 x 223 from (312, 120)] quality: 0.438707
I1014 10:56:50.577235  4506 work_recog.hpp:96] Recog pair: [248 x 288 from (272, 72)], [169 x 223 from (40, 48)]
I1014 10:56:50.577832  4507 thread_intergrate.hpp:157] T-Intergrate-intergrate Show face :0, size :640 * 360
I1014 10:56:50.578325  4503 demo_inner.hpp:435] thread [SORT-0]  frame id 52 sorting queue size 2   FPS: 29.7723
I1014 10:56:50.585331  4502 demo_inner.hpp:260]  gui queue size 2, state = running
I1014 10:56:50.594930  4506 work_thread.hpp:81]  [T-Work-Recog_1] Run work: WorkCompare
I1014 10:56:50.595044  4506 work_compare.cpp:76] Compare face: 0 successed, similarity :0.979496, name : images/thanglmb.jpg, normal size : 640 * 360!
I1014 10:56:50.598945  4501 demo_inner.hpp:177] decode queue size 0
I1014 10:56:50.599035  4504 work_thread.hpp:81]  [T-Work-Detect_0] Run work: WorkDetect
I1014 10:56:50.599071  4504 work_detect.cpp:102] Succeeded to add det start for frame 53
I1014 10:56:50.606026  4504 work_detect.cpp:70] Frame :53 detect result :1 face(s)
I1014 10:56:50.606072  4504 work_detect.cpp:86] Detected bbox: [173 x 222 from (307, 96)]
I1014 10:56:50.606115  4504 work_detect.cpp:120] Succeeded to add det end for frame 53
I1014 10:56:50.606132  4504 work_thread.hpp:81]  [T-Work-Detect_0] Run work: WrokTrack
I1014 10:56:50.606156  4504 work_track.cpp:82] Frame: 53 build input_characts: [0.270312 x 0.616667 from (0.479688, 0.266667)], 1.00035, 0
I1014 10:56:50.606212  4504 work_track.cpp:102] Succeeded to set track lock for frame 53
I1014 10:56:50.606271  4504 work_track.cpp:116] Succeeded to release track lock for frame 53
I1014 10:56:50.606287  4504 work_track.cpp:120] Track results of frame 53: 1 objects input, 1 objects tracked!
I1014 10:56:50.606304  4504 work_track.cpp:148] Frame: 53, track bbox: [173 x 222 from (307.961, 103.451)], gid: 0, lid: 0
I1014 10:56:50.606340  4504 work_thread.hpp:88]  [T-Work-Detect_0] Frame :53 split
I1014 10:56:50.606359  4504 work_thread.hpp:120]  [T-Work-Detect_0] Valid piece: gid = 0
I1014 10:56:50.606375  4504 work_thread.hpp:92]  [T-Work-Detect_0] Push to split queue:recog
I1014 10:56:50.606436  4507 thread_intergrate.hpp:78] [T-Intergrate-intergrate] queue: frame output frame :53
I1014 10:56:50.606446  4505 work_thread.hpp:81]  [T-Work-Recog_0] Run work: WorkCapture
I1014 10:56:50.606459  4507 thread_intergrate.hpp:85] [T-Intergrate-intergrate] queue: compare output face:0
I1014 10:56:50.606477  4507 thread_intergrate.hpp:137] T-Intergrate-intergrate set matched face: 0
I1014 10:56:50.607157  4505 work_thread.hpp:81]  [T-Work-Recog_0] Run work: WorkRecog
I1014 10:56:50.607203  4505 work_recog.hpp:89] Face id: 0 will run recog: bbox [173 x 222 from (307, 96)] quality: 0.438331
I1014 10:56:50.607235  4505 work_recog.hpp:96] Recog pair: [248 x 312 from (272, 48)], [173 x 222 from (35, 48)]
I1014 10:56:50.607659  4507 thread_intergrate.hpp:157] T-Intergrate-intergrate Show face :0, size :640 * 360
I1014 10:56:50.608213  4503 demo_inner.hpp:435] thread [SORT-0]  frame id 53 sorting queue size 0   FPS: 29.8507
I1014 10:56:50.625674  4505 work_thread.hpp:81]  [T-Work-Recog_0] Run work: WorkCompare
I1014 10:56:50.625808  4505 work_compare.cpp:76] Compare face: 0 successed, similarity :0.987964, name : images/thanglmb.jpg, normal size : 640 * 360!
I1014 10:56:50.634886  4501 demo_inner.hpp:177] decode queue size 0
I1014 10:56:50.635038  4504 work_thread.hpp:81]  [T-Work-Detect_0] Run work: WorkDetect
I1014 10:56:50.635076  4504 work_detect.cpp:102] Succeeded to add det start for frame 54
I1014 10:56:50.642042  4504 work_detect.cpp:70] Frame :54 detect result :1 face(s)
I1014 10:56:50.642096  4504 work_detect.cpp:86] Detected bbox: [167 x 220 from (314, 122)]
I1014 10:56:50.642141  4504 work_detect.cpp:120] Succeeded to add det end for frame 54
I1014 10:56:50.642158  4504 work_thread.hpp:81]  [T-Work-Detect_0] Run work: WrokTrack
I1014 10:56:50.642182  4504 work_track.cpp:82] Frame: 54 build input_characts: [0.260938 x 0.611111 from (0.490625, 0.338889)], 1.00035, 0
I1014 10:56:50.642237  4504 work_track.cpp:102] Succeeded to set track lock for frame 54
I1014 10:56:50.642277  4504 work_track.cpp:116] Succeeded to release track lock for frame 54
I1014 10:56:50.642292  4504 work_track.cpp:120] Track results of frame 54: 1 objects input, 1 objects tracked!
I1014 10:56:50.642310  4504 work_track.cpp:148] Frame: 54, track bbox: [167 x 220 from (312.397, 114.335)], gid: 0, lid: 0
I1014 10:56:50.642421  4504 work_thread.hpp:88]  [T-Work-Detect_0] Frame :54 split
I1014 10:56:50.642441  4504 work_thread.hpp:120]  [T-Work-Detect_0] Valid piece: gid = 0
I1014 10:56:50.642458  4504 work_thread.hpp:92]  [T-Work-Detect_0] Push to split queue:recog
I1014 10:56:50.642500  4506 work_thread.hpp:81]  [T-Work-Recog_1] Run work: WorkCapture
I1014 10:56:50.642514  4507 thread_intergrate.hpp:78] [T-Intergrate-intergrate] queue: frame output frame :54
I1014 10:56:50.642539  4507 thread_intergrate.hpp:85] [T-Intergrate-intergrate] queue: compare output face:0
I1014 10:56:50.642557  4507 thread_intergrate.hpp:137] T-Intergrate-intergrate set matched face: 0
I1014 10:56:50.643062  4506 work_thread.hpp:81]  [T-Work-Recog_1] Run work: WorkRecog
I1014 10:56:50.643086  4506 work_recog.hpp:89] Face id: 0 will run recog: bbox [167 x 220 from (314, 122)] quality: 0.444516
I1014 10:56:50.643117  4506 work_recog.hpp:96] Recog pair: [240 x 288 from (280, 72)], [167 x 220 from (34, 50)]
I1014 10:56:50.643738  4507 thread_intergrate.hpp:157] T-Intergrate-intergrate Show face :0, size :640 * 360
I1014 10:56:50.644284  4503 demo_inner.hpp:435] thread [SORT-0]  frame id 54 sorting queue size 1   FPS: 29.792
I1014 10:56:50.652518  4502 demo_inner.hpp:260]  gui queue size 1, state = running
I1014 10:56:50.660897  4506 work_thread.hpp:81]  [T-Work-Recog_1] Run work: WorkCompare
I1014 10:56:50.661005  4506 work_compare.cpp:76] Compare face: 0 successed, similarity :0.977727, name : images/thanglmb.jpg, normal size : 640 * 360!
I1014 10:56:50.670186  4501 demo_inner.hpp:177] decode queue size 0
I1014 10:56:50.670308  4504 work_thread.hpp:81]  [T-Work-Detect_0] Run work: WorkDetect
I1014 10:56:50.670475  4504 work_detect.cpp:102] Succeeded to add det start for frame 55
I1014 10:56:50.678104  4504 work_detect.cpp:70] Frame :55 detect result :1 face(s)
I1014 10:56:50.678154  4504 work_detect.cpp:86] Detected bbox: [166 x 215 from (312, 126)]
I1014 10:56:50.678205  4504 work_detect.cpp:120] Succeeded to add det end for frame 55
I1014 10:56:50.678222  4504 work_thread.hpp:81]  [T-Work-Detect_0] Run work: WrokTrack
I1014 10:56:50.678247  4504 work_track.cpp:82] Frame: 55 build input_characts: [0.259375 x 0.597222 from (0.4875, 0.35)], 1.00019, 0
I1014 10:56:50.678331  4504 work_track.cpp:102] Succeeded to set track lock for frame 55
I1014 10:56:50.678370  4504 work_track.cpp:116] Succeeded to release track lock for frame 55
I1014 10:56:50.678386  4504 work_track.cpp:120] Track results of frame 55: 1 objects input, 1 objects tracked!
I1014 10:56:50.678506  4504 work_track.cpp:148] Frame: 55, track bbox: [166 x 215 from (312.256, 120.127)], gid: 0, lid: 0
I1014 10:56:50.678567  4504 work_thread.hpp:88]  [T-Work-Detect_0] Frame :55 split
I1014 10:56:50.678586  4504 work_thread.hpp:120]  [T-Work-Detect_0] Valid piece: gid = 0
I1014 10:56:50.678604  4504 work_thread.hpp:92]  [T-Work-Detect_0] Push to split queue:recog
I1014 10:56:50.678649  4506 work_thread.hpp:81]  [T-Work-Recog_1] Run work: WorkCapture
I1014 10:56:50.678652  4507 thread_intergrate.hpp:78] [T-Intergrate-intergrate] queue: frame output frame :55
I1014 10:56:50.678690  4507 thread_intergrate.hpp:85] [T-Intergrate-intergrate] queue: compare output face:0
I1014 10:56:50.678709  4507 thread_intergrate.hpp:137] T-Intergrate-intergrate set matched face: 0
I1014 10:56:50.679229  4506 work_thread.hpp:81]  [T-Work-Recog_1] Run work: WorkRecog
I1014 10:56:50.679252  4506 work_recog.hpp:89] Face id: 0 will run recog: bbox [166 x 215 from (312, 126)] quality: 0.396158
I1014 10:56:50.679281  4506 work_recog.hpp:96] Recog pair: [240 x 280 from (272, 80)], [166 x 215 from (40, 46)]
I1014 10:56:50.679881  4507 thread_intergrate.hpp:157] T-Intergrate-intergrate Show face :0, size :640 * 360
I1014 10:56:50.680444  4503 demo_inner.hpp:435] thread [SORT-0]  frame id 55 sorting queue size 0   FPS: 29.7521
I1014 10:56:50.696954  4506 work_thread.hpp:81]  [T-Work-Recog_1] Run work: WorkCompare
I1014 10:56:50.697069  4506 work_compare.cpp:76] Compare face: 0 successed, similarity :0.97945, name : images/thanglmb.jpg, normal size : 640 * 360!
I1014 10:56:50.698426  4501 demo_inner.hpp:177] decode queue size 0
I1014 10:56:50.698508  4504 work_thread.hpp:81]  [T-Work-Detect_0] Run work: WorkDetect
I1014 10:56:50.698539  4504 work_detect.cpp:102] Succeeded to add det start for frame 56
I1014 10:56:50.706166  4504 work_detect.cpp:70] Frame :56 detect result :1 face(s)
I1014 10:56:50.706233  4504 work_detect.cpp:86] Detected bbox: [173 x 225 from (310, 97)]
I1014 10:56:50.706276  4504 work_detect.cpp:120] Succeeded to add det end for frame 56
I1014 10:56:50.706293  4504 work_thread.hpp:81]  [T-Work-Detect_0] Run work: WrokTrack
I1014 10:56:50.706426  4504 work_track.cpp:82] Frame: 56 build input_characts: [0.270312 x 0.625 from (0.484375, 0.269444)], 1.00035, 0
I1014 10:56:50.706537  4504 work_track.cpp:102] Succeeded to set track lock for frame 56
I1014 10:56:50.706579  4504 work_track.cpp:116] Succeeded to release track lock for frame 56
I1014 10:56:50.706611  4504 work_track.cpp:120] Track results of frame 56: 1 objects input, 1 objects tracked!
I1014 10:56:50.706630  4504 work_track.cpp:148] Frame: 56, track bbox: [173 x 225 from (310.342, 110.414)], gid: 0, lid: 0
I1014 10:56:50.706666  4504 work_thread.hpp:88]  [T-Work-Detect_0] Frame :56 split
I1014 10:56:50.706684  4504 work_thread.hpp:120]  [T-Work-Detect_0] Valid piece: gid = 0
I1014 10:56:50.706732  4504 work_thread.hpp:92]  [T-Work-Detect_0] Push to split queue:recog
I1014 10:56:50.706779  4506 work_thread.hpp:81]  [T-Work-Recog_1] Run work: WorkCapture
I1014 10:56:50.706784  4507 thread_intergrate.hpp:78] [T-Intergrate-intergrate] queue: frame output frame :56
I1014 10:56:50.706813  4507 thread_intergrate.hpp:85] [T-Intergrate-intergrate] queue: compare output face:0
I1014 10:56:50.706832  4507 thread_intergrate.hpp:137] T-Intergrate-intergrate set matched face: 0
I1014 10:56:50.707336  4506 work_thread.hpp:81]  [T-Work-Recog_1] Run work: WorkRecog
I1014 10:56:50.707360  4506 work_recog.hpp:89] Face id: 0 will run recog: bbox [173 x 225 from (310, 97)] quality: 0.406411
I1014 10:56:50.707388  4506 work_recog.hpp:96] Recog pair: [248 x 312 from (272, 48)], [173 x 225 from (38, 49)]
I1014 10:56:50.708000  4507 thread_intergrate.hpp:157] T-Intergrate-intergrate Show face :0, size :640 * 360
I1014 10:56:50.708565  4503 demo_inner.hpp:435] thread [SORT-0]  frame id 56 sorting queue size 1   FPS: 29.8426
I1014 10:56:50.724475  4502 demo_inner.hpp:260]  gui queue size 1, state = running
I1014 10:56:50.725308  4506 work_thread.hpp:81]  [T-Work-Recog_1] Run work: WorkCompare
I1014 10:56:50.725409  4506 work_compare.cpp:76] Compare face: 0 successed, similarity :0.989023, name : images/thanglmb.jpg, normal size : 640 * 360!
I1014 10:56:50.734504  4501 demo_inner.hpp:177] decode queue size 0
I1014 10:56:50.734614  4504 work_thread.hpp:81]  [T-Work-Detect_0] Run work: WorkDetect
I1014 10:56:50.734652  4504 work_detect.cpp:102] Succeeded to add det start for frame 57
I1014 10:56:50.741478  4504 work_detect.cpp:70] Frame :57 detect result :1 face(s)
I1014 10:56:50.741525  4504 work_detect.cpp:86] Detected bbox: [171 x 224 from (312, 120)]
I1014 10:56:50.741567  4504 work_detect.cpp:120] Succeeded to add det end for frame 57
I1014 10:56:50.741583  4504 work_thread.hpp:81]  [T-Work-Detect_0] Run work: WrokTrack
I1014 10:56:50.741608  4504 work_track.cpp:82] Frame: 57 build input_characts: [0.267188 x 0.622222 from (0.4875, 0.333333)], 1.00035, 0
I1014 10:56:50.741664  4504 work_track.cpp:102] Succeeded to set track lock for frame 57
I1014 10:56:50.741704  4504 work_track.cpp:116] Succeeded to release track lock for frame 57
I1014 10:56:50.741719  4504 work_track.cpp:120] Track results of frame 57: 1 objects input, 1 objects tracked!
I1014 10:56:50.741737  4504 work_track.cpp:148] Frame: 57, track bbox: [171 x 224 from (311.413, 113.081)], gid: 0, lid: 0
I1014 10:56:50.741775  4504 work_thread.hpp:88]  [T-Work-Detect_0] Frame :57 split
I1014 10:56:50.741792  4504 work_thread.hpp:120]  [T-Work-Detect_0] Valid piece: gid = 0
I1014 10:56:50.741809  4504 work_thread.hpp:92]  [T-Work-Detect_0] Push to split queue:recog
I1014 10:56:50.741922  4506 work_thread.hpp:81]  [T-Work-Recog_1] Run work: WorkCapture
I1014 10:56:50.741928  4507 thread_intergrate.hpp:78] [T-Intergrate-intergrate] queue: frame output frame :57
I1014 10:56:50.741955  4507 thread_intergrate.hpp:85] [T-Intergrate-intergrate] queue: compare output face:0
I1014 10:56:50.741974  4507 thread_intergrate.hpp:137] T-Intergrate-intergrate set matched face: 0
I1014 10:56:50.742508  4506 work_thread.hpp:81]  [T-Work-Recog_1] Run work: WorkRecog
I1014 10:56:50.742534  4506 work_recog.hpp:89] Face id: 0 will run recog: bbox [171 x 224 from (312, 120)] quality: 0.43145
I1014 10:56:50.742566  4506 work_recog.hpp:96] Recog pair: [248 x 288 from (272, 72)], [171 x 224 from (40, 48)]
I1014 10:56:50.743319  4507 thread_intergrate.hpp:157] T-Intergrate-intergrate Show face :0, size :640 * 360
I1014 10:56:50.743913  4503 demo_inner.hpp:435] thread [SORT-0]  frame id 57 sorting queue size 0   FPS: 29.819
I1014 10:56:50.760291  4506 work_thread.hpp:81]  [T-Work-Recog_1] Run work: WorkCompare
I1014 10:56:50.760406  4506 work_compare.cpp:76] Compare face: 0 successed, similarity :0.980943, name : images/thanglmb.jpg, normal size : 640 * 360!
I1014 10:56:50.764395  4501 demo_inner.hpp:177] decode queue size 0
I1014 10:56:50.764477  4504 work_thread.hpp:81]  [T-Work-Detect_0] Run work: WorkDetect
I1014 10:56:50.764511  4504 work_detect.cpp:102] Succeeded to add det start for frame 58
I1014 10:56:50.771255  4504 work_detect.cpp:70] Frame :58 detect result :1 face(s)
I1014 10:56:50.771296  4504 work_detect.cpp:86] Detected bbox: [170 x 220 from (311, 122)]
I1014 10:56:50.771337  4504 work_detect.cpp:120] Succeeded to add det end for frame 58
I1014 10:56:50.771354  4504 work_thread.hpp:81]  [T-Work-Detect_0] Run work: WrokTrack
I1014 10:56:50.771379  4504 work_track.cpp:82] Frame: 58 build input_characts: [0.265625 x 0.611111 from (0.485938, 0.338889)], 1.00019, 0
I1014 10:56:50.771435  4504 work_track.cpp:102] Succeeded to set track lock for frame 58
I1014 10:56:50.771476  4504 work_track.cpp:116] Succeeded to release track lock for frame 58
