I1014 15:20:31.425153  8942 demo_inner.hpp:260]  gui queue size 2, state = running
I1014 15:20:31.436190  8946 work_thread.hpp:81]  [T-Work-Recog_1] Run work: WorkCompare
I1014 15:20:31.436709  8946 work_compare.cpp:76] Compare face: 1 successed, similarity :0.998201, name : images/ThangLMb.jpg, normal size : 1548 * 1719!
I1014 15:20:31.446810  8941 demo_inner.hpp:177] decode queue size 0
I1014 15:20:31.446985  8944 work_thread.hpp:81]  [T-Work-Detect_0] Run work: WorkDetect
I1014 15:20:31.447022  8944 work_detect.cpp:102] Succeeded to add det start for frame 78
I1014 15:20:31.453930  8944 work_detect.cpp:70] Frame :78 detect result :1 face(s)
I1014 15:20:31.453984  8944 work_detect.cpp:86] Detected bbox: [145 x 196 from (257, 127)]
I1014 15:20:31.454028  8944 work_detect.cpp:120] Succeeded to add det end for frame 78
I1014 15:20:31.454044  8944 work_thread.hpp:81]  [T-Work-Detect_0] Run work: WrokTrack
I1014 15:20:31.454071  8944 work_track.cpp:82] Frame: 78 build input_characts: [0.226562 x 0.544444 from (0.401563, 0.352778)], 0.999622, 0
I1014 15:20:31.454126  8944 work_track.cpp:102] Succeeded to set track lock for frame 78
I1014 15:20:31.454169  8944 work_track.cpp:116] Succeeded to release track lock for frame 78
I1014 15:20:31.454257  8944 work_track.cpp:120] Track results of frame 78: 1 objects input, 1 objects tracked!
I1014 15:20:31.454278  8944 work_track.cpp:148] Frame: 78, track bbox: [145 x 196 from (256.972, 125.623)], gid: 1, lid: 0
I1014 15:20:31.454315  8944 work_thread.hpp:87]  [T-Work-Detect_0] Frame :78 split
I1014 15:20:31.454334  8944 work_thread.hpp:120]  [T-Work-Detect_0] Valid piece: gid = 1
I1014 15:20:31.454351  8944 work_thread.hpp:91]  [T-Work-Detect_0] Push to split queue:recog
I1014 15:20:31.454408  8946 work_thread.hpp:81]  [T-Work-Recog_1] Run work: WorkCapture
I1014 15:20:31.454418  8947 thread_intergrate.hpp:78] [T-Intergrate-intergrate] queue: frame output frame :78
I1014 15:20:31.454447  8947 thread_intergrate.hpp:85] [T-Intergrate-intergrate] queue: compare output face:1
I1014 15:20:31.454466  8947 thread_intergrate.hpp:144] T-Intergrate-intergrate set matched face: 1
I1014 15:20:31.455036  8946 work_thread.hpp:81]  [T-Work-Recog_1] Run work: WorkRecog
I1014 15:20:31.455062  8946 work_recog.hpp:89] Face id: 1 will run recog: bbox [145 x 196 from (257, 127)] quality: 0.438435
I1014 15:20:31.455092  8946 work_recog.hpp:96] Recog pair: [208 x 272 from (224, 88)], [145 x 196 from (33, 39)]
I1014 15:20:31.455940  8947 thread_intergrate.hpp:186] T-Intergrate-intergrate Show face :1, size :640 * 360
I1014 15:20:31.456488  8943 demo_inner.hpp:435] thread [SORT-0]  frame id 78 sorting queue size 0   FPS: 29.8727
I1014 15:20:31.473445  8946 work_thread.hpp:81]  [T-Work-Recog_1] Run work: WorkCompare
I1014 15:20:31.473923  8946 work_compare.cpp:76] Compare face: 1 successed, similarity :0.998054, name : images/ThangLMb.jpg, normal size : 1548 * 1719!
I1014 15:20:31.477200  8941 demo_inner.hpp:177] decode queue size 0
I1014 15:20:31.477310  8944 work_thread.hpp:81]  [T-Work-Detect_0] Run work: WorkDetect
I1014 15:20:31.477344  8944 work_detect.cpp:102] Succeeded to add det start for frame 79
I1014 15:20:31.484100  8944 work_detect.cpp:70] Frame :79 detect result :1 face(s)
I1014 15:20:31.484143  8944 work_detect.cpp:86] Detected bbox: [139 x 196 from (259, 112)]
I1014 15:20:31.484218  8944 work_detect.cpp:120] Succeeded to add det end for frame 79
I1014 15:20:31.484236  8944 work_thread.hpp:81]  [T-Work-Detect_0] Run work: WrokTrack
I1014 15:20:31.484258  8944 work_track.cpp:82] Frame: 79 build input_characts: [0.217187 x 0.544444 from (0.404687, 0.311111)], 0.999622, 0
I1014 15:20:31.484313  8944 work_track.cpp:102] Succeeded to set track lock for frame 79
I1014 15:20:31.484354  8944 work_track.cpp:116] Succeeded to release track lock for frame 79
I1014 15:20:31.484369  8944 work_track.cpp:120] Track results of frame 79: 1 objects input, 1 objects tracked!
I1014 15:20:31.484386  8944 work_track.cpp:148] Frame: 79, track bbox: [139 x 196 from (259.681, 118.557)], gid: 1, lid: 0
I1014 15:20:31.484423  8944 work_thread.hpp:87]  [T-Work-Detect_0] Frame :79 split
I1014 15:20:31.484441  8944 work_thread.hpp:120]  [T-Work-Detect_0] Valid piece: gid = 1
I1014 15:20:31.484459  8944 work_thread.hpp:91]  [T-Work-Detect_0] Push to split queue:recog
I1014 15:20:31.484506  8945 work_thread.hpp:81]  [T-Work-Recog_0] Run work: WorkCapture
I1014 15:20:31.484812  8947 thread_intergrate.hpp:78] [T-Intergrate-intergrate] queue: frame output frame :79
I1014 15:20:31.484840  8947 thread_intergrate.hpp:85] [T-Intergrate-intergrate] queue: compare output face:1
I1014 15:20:31.484859  8947 thread_intergrate.hpp:144] T-Intergrate-intergrate set matched face: 1
I1014 15:20:31.485066  8945 work_thread.hpp:81]  [T-Work-Recog_0] Run work: WorkRecog
I1014 15:20:31.485090  8945 work_recog.hpp:89] Face id: 1 will run recog: bbox [139 x 196 from (259, 112)] quality: 0.453058
I1014 15:20:31.485119  8945 work_recog.hpp:96] Recog pair: [200 x 280 from (232, 72)], [139 x 196 from (27, 40)]
I1014 15:20:31.486398  8947 thread_intergrate.hpp:186] T-Intergrate-intergrate Show face :1, size :640 * 360
I1014 15:20:31.486984  8943 demo_inner.hpp:435] thread [SORT-0]  frame id 79 sorting queue size 1   FPS: 29.9607
I1014 15:20:31.492444  8942 demo_inner.hpp:260]  gui queue size 1, state = running
I1014 15:20:31.503557  8945 work_thread.hpp:81]  [T-Work-Recog_0] Run work: WorkCompare
I1014 15:20:31.504026  8945 work_compare.cpp:76] Compare face: 1 successed, similarity :0.998128, name : images/ThangLMb.jpg, normal size : 1548 * 1719!
I1014 15:20:31.513415  8941 demo_inner.hpp:177] decode queue size 0
I1014 15:20:31.513540  8944 work_thread.hpp:81]  [T-Work-Detect_0] Run work: WorkDetect
I1014 15:20:31.513573  8944 work_detect.cpp:102] Succeeded to add det start for frame 80
I1014 15:20:31.520182  8944 work_detect.cpp:70] Frame :80 detect result :1 face(s)
I1014 15:20:31.520231  8944 work_detect.cpp:86] Detected bbox: [139 x 193 from (258, 112)]
I1014 15:20:31.520273  8944 work_detect.cpp:120] Succeeded to add det end for frame 80
I1014 15:20:31.520289  8944 work_thread.hpp:81]  [T-Work-Detect_0] Run work: WrokTrack
I1014 15:20:31.520314  8944 work_track.cpp:82] Frame: 80 build input_characts: [0.217187 x 0.536111 from (0.403125, 0.311111)], 0.999622, 0
I1014 15:20:31.520370  8944 work_track.cpp:102] Succeeded to set track lock for frame 80
I1014 15:20:31.520409  8944 work_track.cpp:116] Succeeded to release track lock for frame 80
I1014 15:20:31.520423  8944 work_track.cpp:120] Track results of frame 80: 1 objects input, 1 objects tracked!
I1014 15:20:31.520442  8944 work_track.cpp:148] Frame: 80, track bbox: [139 x 193 from (258.696, 114.156)], gid: 1, lid: 0
I1014 15:20:31.520478  8944 work_thread.hpp:87]  [T-Work-Detect_0] Frame :80 split
I1014 15:20:31.520495  8944 work_thread.hpp:120]  [T-Work-Detect_0] Valid piece: gid = 1
I1014 15:20:31.520514  8944 work_thread.hpp:91]  [T-Work-Detect_0] Push to split queue:recog
I1014 15:20:31.520565  8947 thread_intergrate.hpp:78] [T-Intergrate-intergrate] queue: frame output frame :80
I1014 15:20:31.520567  8945 work_thread.hpp:81]  [T-Work-Recog_0] Run work: WorkCapture
I1014 15:20:31.520598  8947 thread_intergrate.hpp:85] [T-Intergrate-intergrate] queue: compare output face:1
I1014 15:20:31.520617  8947 thread_intergrate.hpp:144] T-Intergrate-intergrate set matched face: 1
I1014 15:20:31.521219  8945 work_thread.hpp:81]  [T-Work-Recog_0] Run work: WorkRecog
I1014 15:20:31.521245  8945 work_recog.hpp:89] Face id: 1 will run recog: bbox [139 x 193 from (258, 112)] quality: 0.46081
I1014 15:20:31.521277  8945 work_recog.hpp:96] Recog pair: [200 x 272 from (224, 72)], [139 x 193 from (34, 40)]
I1014 15:20:31.522084  8947 thread_intergrate.hpp:186] T-Intergrate-intergrate Show face :1, size :640 * 360
I1014 15:20:31.522636  8943 demo_inner.hpp:435] thread [SORT-0]  frame id 80 sorting queue size 0   FPS: 29.8727
I1014 15:20:31.539445  8945 work_thread.hpp:81]  [T-Work-Recog_0] Run work: WorkCompare
I1014 15:20:31.539929  8945 work_compare.cpp:76] Compare face: 1 successed, similarity :0.997266, name : images/ThangLMb.jpg, normal size : 1548 * 1719!
I1014 15:20:31.543280  8941 demo_inner.hpp:177] decode queue size 0
I1014 15:20:31.543367  8944 work_thread.hpp:81]  [T-Work-Detect_0] Run work: WorkDetect
I1014 15:20:31.543401  8944 work_detect.cpp:102] Succeeded to add det start for frame 81
I1014 15:20:31.550119  8944 work_detect.cpp:70] Frame :81 detect result :1 face(s)
I1014 15:20:31.550165  8944 work_detect.cpp:86] Detected bbox: [155 x 203 from (250, 123)]
I1014 15:20:31.550206  8944 work_detect.cpp:120] Succeeded to add det end for frame 81
I1014 15:20:31.550223  8944 work_thread.hpp:81]  [T-Work-Detect_0] Run work: WrokTrack
I1014 15:20:31.550246  8944 work_track.cpp:82] Frame: 81 build input_characts: [0.242188 x 0.563889 from (0.390625, 0.341667)], 0.998681, 0
I1014 15:20:31.550302  8944 work_track.cpp:102] Succeeded to set track lock for frame 81
I1014 15:20:31.550343  8944 work_track.cpp:116] Succeeded to release track lock for frame 81
I1014 15:20:31.550357  8944 work_track.cpp:120] Track results of frame 81: 1 objects input, 1 objects tracked!
I1014 15:20:31.550375  8944 work_track.cpp:148] Frame: 81, track bbox: [155 x 203 from (249.986, 113.606)], gid: 1, lid: 0
I1014 15:20:31.550485  8944 work_thread.hpp:87]  [T-Work-Detect_0] Frame :81 split
I1014 15:20:31.550506  8944 work_thread.hpp:120]  [T-Work-Detect_0] Valid piece: gid = 1
I1014 15:20:31.550525  8944 work_thread.hpp:91]  [T-Work-Detect_0] Push to split queue:recog
I1014 15:20:31.550570  8946 work_thread.hpp:81]  [T-Work-Recog_1] Run work: WorkCapture
I1014 15:20:31.550581  8947 thread_intergrate.hpp:78] [T-Intergrate-intergrate] queue: frame output frame :81
I1014 15:20:31.550607  8947 thread_intergrate.hpp:85] [T-Intergrate-intergrate] queue: compare output face:1
I1014 15:20:31.550626  8947 thread_intergrate.hpp:144] T-Intergrate-intergrate set matched face: 1
I1014 15:20:31.551439  8946 work_thread.hpp:81]  [T-Work-Recog_1] Run work: WorkRecog
I1014 15:20:31.551492  8946 work_recog.hpp:89] Face id: 1 will run recog: bbox [155 x 203 from (250, 123)] quality: 0.428777
I1014 15:20:31.551528  8946 work_recog.hpp:96] Recog pair: [224 x 280 from (216, 80)], [155 x 203 from (34, 43)]
I1014 15:20:31.552112  8947 thread_intergrate.hpp:186] T-Intergrate-intergrate Show face :1, size :640 * 360
I1014 15:20:31.552664  8943 demo_inner.hpp:435] thread [SORT-0]  frame id 81 sorting queue size 1   FPS: 29.9607
I1014 15:20:31.569746  8946 work_thread.hpp:81]  [T-Work-Recog_1] Run work: WorkCompare
I1014 15:20:31.570292  8946 work_compare.cpp:76] Compare face: 1 successed, similarity :0.998291, name : images/ThangLMb.jpg, normal size : 1548 * 1719!
I1014 15:20:31.576107  8942 demo_inner.hpp:260]  gui queue size 1, state = running
I1014 15:20:31.577801  8941 demo_inner.hpp:177] decode queue size 0
I1014 15:20:31.578028  8944 work_thread.hpp:81]  [T-Work-Detect_0] Run work: WorkDetect
I1014 15:20:31.578066  8944 work_detect.cpp:102] Succeeded to add det start for frame 82
I1014 15:20:31.585909  8944 work_detect.cpp:70] Frame :82 detect result :1 face(s)
I1014 15:20:31.585963  8944 work_detect.cpp:86] Detected bbox: [153 x 199 from (251, 124)]
I1014 15:20:31.586007  8944 work_detect.cpp:120] Succeeded to add det end for frame 82
I1014 15:20:31.586047  8944 work_thread.hpp:81]  [T-Work-Detect_0] Run work: WrokTrack
I1014 15:20:31.586073  8944 work_track.cpp:82] Frame: 82 build input_characts: [0.239063 x 0.552778 from (0.392188, 0.344444)], 1.00019, 0
I1014 15:20:31.586128  8944 work_track.cpp:102] Succeeded to set track lock for frame 82
I1014 15:20:31.586177  8944 work_track.cpp:116] Succeeded to release track lock for frame 82
I1014 15:20:31.586192  8944 work_track.cpp:120] Track results of frame 82: 1 objects input, 1 objects tracked!
I1014 15:20:31.586210  8944 work_track.cpp:148] Frame: 82, track bbox: [153 x 199 from (250.721, 119.265)], gid: 1, lid: 0
I1014 15:20:31.586247  8944 work_thread.hpp:87]  [T-Work-Detect_0] Frame :82 split
I1014 15:20:31.586292  8944 work_thread.hpp:120]  [T-Work-Detect_0] Valid piece: gid = 1
I1014 15:20:31.586311  8944 work_thread.hpp:91]  [T-Work-Detect_0] Push to split queue:recog
I1014 15:20:31.586354  8945 work_thread.hpp:81]  [T-Work-Recog_0] Run work: WorkCapture
I1014 15:20:31.586360  8947 thread_intergrate.hpp:78] [T-Intergrate-intergrate] queue: frame output frame :82
I1014 15:20:31.586390  8947 thread_intergrate.hpp:85] [T-Intergrate-intergrate] queue: compare output face:1
I1014 15:20:31.586410  8947 thread_intergrate.hpp:144] T-Intergrate-intergrate set matched face: 1
I1014 15:20:31.586943  8945 work_thread.hpp:81]  [T-Work-Recog_0] Run work: WorkRecog
I1014 15:20:31.586967  8945 work_recog.hpp:89] Face id: 1 will run recog: bbox [153 x 199 from (251, 124)] quality: 0.459791
I1014 15:20:31.586998  8945 work_recog.hpp:96] Recog pair: [224 x 280 from (216, 80)], [153 x 199 from (35, 44)]
I1014 15:20:31.587894  8947 thread_intergrate.hpp:186] T-Intergrate-intergrate Show face :1, size :640 * 360
I1014 15:20:31.588500  8943 demo_inner.hpp:435] thread [SORT-0]  frame id 82 sorting queue size 0   FPS: 29.8727
I1014 15:20:31.604507  8945 work_thread.hpp:81]  [T-Work-Recog_0] Run work: WorkCompare
I1014 15:20:31.604975  8945 work_compare.cpp:76] Compare face: 1 successed, similarity :0.998458, name : images/ThangLMb.jpg, normal size : 1548 * 1719!
I1014 15:20:31.606976  8941 demo_inner.hpp:177] decode queue size 0
I1014 15:20:31.607048  8944 work_thread.hpp:81]  [T-Work-Detect_0] Run work: WorkDetect
I1014 15:20:31.607101  8944 work_detect.cpp:102] Succeeded to add det start for frame 83
I1014 15:20:31.614800  8944 work_detect.cpp:70] Frame :83 detect result :1 face(s)
I1014 15:20:31.614872  8944 work_detect.cpp:86] Detected bbox: [146 x 198 from (256, 128)]
I1014 15:20:31.614917  8944 work_detect.cpp:120] Succeeded to add det end for frame 83
I1014 15:20:31.614940  8944 work_thread.hpp:81]  [T-Work-Detect_0] Run work: WrokTrack
I1014 15:20:31.614967  8944 work_track.cpp:82] Frame: 83 build input_characts: [0.228125 x 0.55 from (0.4, 0.355556)], 1.00019, 0
I1014 15:20:31.615023  8944 work_track.cpp:102] Succeeded to set track lock for frame 83
I1014 15:20:31.615082  8944 work_track.cpp:116] Succeeded to release track lock for frame 83
I1014 15:20:31.615098  8944 work_track.cpp:120] Track results of frame 83: 1 objects input, 1 objects tracked!
I1014 15:20:31.615118  8944 work_track.cpp:148] Frame: 83, track bbox: [146 x 198 from (254.856, 125.483)], gid: 1, lid: 0
I1014 15:20:31.615154  8944 work_thread.hpp:87]  [T-Work-Detect_0] Frame :83 split
I1014 15:20:31.615172  8944 work_thread.hpp:120]  [T-Work-Detect_0] Valid piece: gid = 1
I1014 15:20:31.615200  8944 work_thread.hpp:91]  [T-Work-Detect_0] Push to split queue:recog
I1014 15:20:31.615253  8946 work_thread.hpp:81]  [T-Work-Recog_1] Run work: WorkCapture
I1014 15:20:31.615641  8947 thread_intergrate.hpp:78] [T-Intergrate-intergrate] queue: frame output frame :83
I1014 15:20:31.615672  8947 thread_intergrate.hpp:85] [T-Intergrate-intergrate] queue: compare output face:1
I1014 15:20:31.615691  8947 thread_intergrate.hpp:144] T-Intergrate-intergrate set matched face: 1
I1014 15:20:31.615891  8946 work_thread.hpp:81]  [T-Work-Recog_1] Run work: WorkRecog
I1014 15:20:31.615923  8946 work_recog.hpp:89] Face id: 1 will run recog: bbox [146 x 198 from (256, 128)] quality: 0.417029
I1014 15:20:31.615958  8946 work_recog.hpp:96] Recog pair: [208 x 272 from (224, 88)], [146 x 198 from (32, 40)]
I1014 15:20:31.617230  8947 thread_intergrate.hpp:186] T-Intergrate-intergrate Show face :1, size :640 * 360
I1014 15:20:31.617799  8943 demo_inner.hpp:435] thread [SORT-0]  frame id 83 sorting queue size 1   FPS: 29.9754
I1014 15:20:31.633940  8946 work_thread.hpp:81]  [T-Work-Recog_1] Run work: WorkCompare
I1014 15:20:31.634418  8946 work_compare.cpp:76] Compare face: 1 successed, similarity :0.998835, name : images/ThangLMb.jpg, normal size : 1548 * 1719!
I1014 15:20:31.642357  8941 demo_inner.hpp:177] decode queue size 0
I1014 15:20:31.642477  8944 work_thread.hpp:81]  [T-Work-Detect_0] Run work: WorkDetect
I1014 15:20:31.642539  8944 work_detect.cpp:102] Succeeded to add det start for frame 84
I1014 15:20:31.648649  8942 demo_inner.hpp:260]  gui queue size 1, state = running
I1014 15:20:31.650141  8944 work_detect.cpp:70] Frame :84 detect result :1 face(s)
I1014 15:20:31.650199  8944 work_detect.cpp:86] Detected bbox: [145 x 202 from (255, 112)]
I1014 15:20:31.650357  8944 work_detect.cpp:120] Succeeded to add det end for frame 84
I1014 15:20:31.650383  8944 work_thread.hpp:81]  [T-Work-Detect_0] Run work: WrokTrack
I1014 15:20:31.650411  8944 work_track.cpp:82] Frame: 84 build input_characts: [0.226562 x 0.561111 from (0.398438, 0.311111)], 1.00019, 0
I1014 15:20:31.650471  8944 work_track.cpp:102] Succeeded to set track lock for frame 84
I1014 15:20:31.650542  8944 work_track.cpp:116] Succeeded to release track lock for frame 84
I1014 15:20:31.650557  8944 work_track.cpp:120] Track results of frame 84: 1 objects input, 1 objects tracked!
I1014 15:20:31.650717  8944 work_track.cpp:148] Frame: 84, track bbox: [145 x 202 from (255.404, 121.746)], gid: 1, lid: 0
I1014 15:20:31.650791  8944 work_thread.hpp:87]  [T-Work-Detect_0] Frame :84 split
I1014 15:20:31.650811  8944 work_thread.hpp:120]  [T-Work-Detect_0] Valid piece: gid = 1
I1014 15:20:31.650831  8944 work_thread.hpp:91]  [T-Work-Detect_0] Push to split queue:recog
I1014 15:20:31.651057  8946 work_thread.hpp:81]  [T-Work-Recog_1] Run work: WorkCapture
I1014 15:20:31.651584  8947 thread_intergrate.hpp:78] [T-Intergrate-intergrate] queue: frame output frame :84
I1014 15:20:31.651614  8947 thread_intergrate.hpp:85] [T-Intergrate-intergrate] queue: compare output face:1
I1014 15:20:31.651634  8947 thread_intergrate.hpp:144] T-Intergrate-intergrate set matched face: 1
I1014 15:20:31.651831  8946 work_thread.hpp:81]  [T-Work-Recog_1] Run work: WorkRecog
I1014 15:20:31.651865  8946 work_recog.hpp:89] Face id: 1 will run recog: bbox [145 x 202 from (255, 112)] quality: 0.434608
I1014 15:20:31.651899  8946 work_recog.hpp:96] Recog pair: [208 x 288 from (224, 72)], [145 x 202 from (31, 40)]
I1014 15:20:31.653141  8947 thread_intergrate.hpp:186] T-Intergrate-intergrate Show face :1, size :640 * 360
I1014 15:20:31.653736  8943 demo_inner.hpp:435] thread [SORT-0]  frame id 84 sorting queue size 0   FPS: 29.8873
I1014 15:20:31.669888  8946 work_thread.hpp:81]  [T-Work-Recog_1] Run work: WorkCompare
I1014 15:20:31.670405  8946 work_compare.cpp:76] Compare face: 1 successed, similarity :0.998721, name : images/ThangLMb.jpg, normal size : 1548 * 1719!
I1014 15:20:31.678334  8941 demo_inner.hpp:177] decode queue size 0
I1014 15:20:31.678463  8944 work_thread.hpp:81]  [T-Work-Detect_0] Run work: WorkDetect
I1014 15:20:31.678499  8944 work_detect.cpp:102] Succeeded to add det start for frame 85
I1014 15:20:31.686123  8944 work_detect.cpp:70] Frame :85 detect result :1 face(s)
I1014 15:20:31.686185  8944 work_detect.cpp:86] Detected bbox: [151 x 202 from (244, 127)]
I1014 15:20:31.686245  8944 work_detect.cpp:120] Succeeded to add det end for frame 85
I1014 15:20:31.686262  8944 work_thread.hpp:81]  [T-Work-Detect_0] Run work: WrokTrack
I1014 15:20:31.686287  8944 work_track.cpp:82] Frame: 85 build input_characts: [0.235938 x 0.561111 from (0.38125, 0.352778)], 1.00019, 0
I1014 15:20:31.686350  8944 work_track.cpp:102] Succeeded to set track lock for frame 85
I1014 15:20:31.686389  8944 work_track.cpp:116] Succeeded to release track lock for frame 85
I1014 15:20:31.686404  8944 work_track.cpp:120] Track results of frame 85: 1 objects input, 1 objects tracked!
I1014 15:20:31.686429  8944 work_track.cpp:148] Frame: 85, track bbox: [151 x 202 from (248.165, 124.513)], gid: 1, lid: 0
I1014 15:20:31.686483  8944 work_thread.hpp:87]  [T-Work-Detect_0] Frame :85 split
I1014 15:20:31.686502  8944 work_thread.hpp:120]  [T-Work-Detect_0] Valid piece: gid = 1
I1014 15:20:31.686522  8944 work_thread.hpp:91]  [T-Work-Detect_0] Push to split queue:recog
I1014 15:20:31.686574  8946 work_thread.hpp:81]  [T-Work-Recog_1] Run work: WorkCapture
I1014 15:20:31.686719  8947 thread_intergrate.hpp:78] [T-Intergrate-intergrate] queue: frame output frame :85
I1014 15:20:31.686745  8947 thread_intergrate.hpp:85] [T-Intergrate-intergrate] queue: compare output face:1
I1014 15:20:31.686764  8947 thread_intergrate.hpp:144] T-Intergrate-intergrate set matched face: 1
I1014 15:20:31.687355  8946 work_thread.hpp:81]  [T-Work-Recog_1] Run work: WorkRecog
I1014 15:20:31.687381  8946 work_recog.hpp:89] Face id: 1 will run recog: bbox [151 x 202 from (244, 127)] quality: 0.438075
I1014 15:20:31.687412  8946 work_recog.hpp:96] Recog pair: [224 x 280 from (208, 80)], [151 x 202 from (36, 47)]
I1014 15:20:31.688496  8947 thread_intergrate.hpp:186] T-Intergrate-intergrate Show face :1, size :640 * 360
I1014 15:20:31.689116  8943 demo_inner.hpp:435] thread [SORT-0]  frame id 85 sorting queue size 1   FPS: 29.8873
I1014 15:20:31.704917  8946 work_thread.hpp:81]  [T-Work-Recog_1] Run work: WorkCompare
I1014 15:20:31.705384  8946 work_compare.cpp:76] Compare face: 1 successed, similarity :0.9971, name : images/ThangLMb.jpg, normal size : 1548 * 1719!
I1014 15:20:31.710494  8941 demo_inner.hpp:177] decode queue size 0
I1014 15:20:31.710742  8944 work_thread.hpp:81]  [T-Work-Detect_0] Run work: WorkDetect
I1014 15:20:31.710785  8944 work_detect.cpp:102] Succeeded to add det start for frame 86
I1014 15:20:31.716040  8942 demo_inner.hpp:260]  gui queue size 1, state = running
I1014 15:20:31.718356  8944 work_detect.cpp:70] Frame :86 detect result :1 face(s)
I1014 15:20:31.718538  8944 work_detect.cpp:86] Detected bbox: [151 x 206 from (252, 110)]
I1014 15:20:31.718608  8944 work_detect.cpp:120] Succeeded to add det end for frame 86
I1014 15:20:31.718626  8944 work_thread.hpp:81]  [T-Work-Detect_0] Run work: WrokTrack
I1014 15:20:31.718662  8944 work_track.cpp:82] Frame: 86 build input_characts: [0.235938 x 0.572222 from (0.39375, 0.305556)], 1.00019, 0
I1014 15:20:31.718722  8944 work_track.cpp:102] Succeeded to set track lock for frame 86
I1014 15:20:31.718766  8944 work_track.cpp:116] Succeeded to release track lock for frame 86
I1014 15:20:31.718791  8944 work_track.cpp:120] Track results of frame 86: 1 objects input, 1 objects tracked!
I1014 15:20:31.718828  8944 work_track.cpp:148] Frame: 86, track bbox: [151 x 206 from (249.074, 114.384)], gid: 1, lid: 0
I1014 15:20:31.718868  8944 work_thread.hpp:87]  [T-Work-Detect_0] Frame :86 split
I1014 15:20:31.718888  8944 work_thread.hpp:120]  [T-Work-Detect_0] Valid piece: gid = 1
I1014 15:20:31.718989  8944 work_thread.hpp:91]  [T-Work-Detect_0] Push to split queue:recog
I1014 15:20:31.719040  8946 work_thread.hpp:81]  [T-Work-Recog_1] Run work: WorkCapture
I1014 15:20:31.719070  8947 thread_intergrate.hpp:78] [T-Intergrate-intergrate] queue: frame output frame :86
I1014 15:20:31.719096  8947 thread_intergrate.hpp:85] [T-Intergrate-intergrate] queue: compare output face:1
I1014 15:20:31.719115  8947 thread_intergrate.hpp:144] T-Intergrate-intergrate set matched face: 1
I1014 15:20:31.719638  8946 work_thread.hpp:81]  [T-Work-Recog_1] Run work: WorkRecog
I1014 15:20:31.719662  8946 work_recog.hpp:89] Face id: 1 will run recog: bbox [151 x 206 from (252, 110)] quality: 0.428777
I1014 15:20:31.719694  8946 work_recog.hpp:96] Recog pair: [224 x 296 from (216, 64)], [151 x 206 from (36, 46)]
I1014 15:20:31.720978  8947 thread_intergrate.hpp:186] T-Intergrate-intergrate Show face :1, size :640 * 360
I1014 15:20:31.721683  8943 demo_inner.hpp:435] thread [SORT-0]  frame id 86 sorting queue size 0   FPS: 29.946
I1014 15:20:31.737701  8946 work_thread.hpp:81]  [T-Work-Recog_1] Run work: WorkCompare
I1014 15:20:31.738168  8946 work_compare.cpp:76] Compare face: 1 successed, similarity :0.998089, name : images/ThangLMb.jpg, normal size : 1548 * 1719!
I1014 15:20:31.745124  8941 demo_inner.hpp:177] decode queue size 0
I1014 15:20:31.745229  8944 work_thread.hpp:81]  [T-Work-Detect_0] Run work: WorkDetect
I1014 15:20:31.745272  8944 work_detect.cpp:102] Succeeded to add det start for frame 87
I1014 15:20:31.753038  8944 work_detect.cpp:70] Frame :87 detect result :1 face(s)
I1014 15:20:31.753093  8944 work_detect.cpp:86] Detected bbox: [148 x 198 from (253, 130)]
I1014 15:20:31.753145  8944 work_detect.cpp:120] Succeeded to add det end for frame 87
I1014 15:20:31.753161  8944 work_thread.hpp:81]  [T-Work-Detect_0] Run work: WrokTrack
I1014 15:20:31.753186  8944 work_track.cpp:82] Frame: 87 build input_characts: [0.23125 x 0.55 from (0.395312, 0.361111)], 0.998877, 0
I1014 15:20:31.753266  8944 work_track.cpp:102] Succeeded to set track lock for frame 87
I1014 15:20:31.753306  8944 work_track.cpp:116] Succeeded to release track lock for frame 87
I1014 15:20:31.753321  8944 work_track.cpp:120] Track results of frame 87: 1 objects input, 1 objects tracked!
I1014 15:20:31.753340  8944 work_track.cpp:148] Frame: 87, track bbox: [148 x 198 from (251.302, 123.293)], gid: 1, lid: 0
I1014 15:20:31.753383  8944 work_thread.hpp:87]  [T-Work-Detect_0] Frame :87 split
I1014 15:20:31.753402  8944 work_thread.hpp:120]  [T-Work-Detect_0] Valid piece: gid = 1
I1014 15:20:31.753420  8944 work_thread.hpp:91]  [T-Work-Detect_0] Push to split queue:recog
I1014 15:20:31.753468  8945 work_thread.hpp:81]  [T-Work-Recog_0] Run work: WorkCapture
I1014 15:20:31.753473  8947 thread_intergrate.hpp:78] [T-Intergrate-intergrate] queue: frame output frame :87
I1014 15:20:31.753522  8947 thread_intergrate.hpp:85] [T-Intergrate-intergrate] queue: compare output face:1
I1014 15:20:31.753630  8947 thread_intergrate.hpp:144] T-Intergrate-intergrate set matched face: 1
I1014 15:20:31.754081  8945 work_thread.hpp:81]  [T-Work-Recog_0] Run work: WorkRecog
I1014 15:20:31.754106  8945 work_recog.hpp:89] Face id: 1 will run recog: bbox [148 x 198 from (253, 130)] quality: 0.469424
I1014 15:20:31.754138  8945 work_recog.hpp:96] Recog pair: [208 x 272 from (224, 88)], [148 x 198 from (29, 42)]
I1014 15:20:31.755513  8947 thread_intergrate.hpp:186] T-Intergrate-intergrate Show face :1, size :640 * 360
I1014 15:20:31.756232  8943 demo_inner.hpp:435] thread [SORT-0]  frame id 87 sorting queue size 1   FPS: 29.8727
I1014 15:20:31.771682  8945 work_thread.hpp:81]  [T-Work-Recog_0] Run work: WorkCompare
I1014 15:20:31.772150  8945 work_compare.cpp:76] Compare face: 1 successed, similarity :0.998281, name : images/ThangLMb.jpg, normal size : 1548 * 1719!
I1014 15:20:31.774296  8941 demo_inner.hpp:177] decode queue size 0
I1014 15:20:31.774369  8944 work_thread.hpp:81]  [T-Work-Detect_0] Run work: WorkDetect
I1014 15:20:31.774400  8944 work_detect.cpp:102] Succeeded to add det start for frame 88
I1014 15:20:31.781095  8944 work_detect.cpp:70] Frame :88 detect result :1 face(s)
I1014 15:20:31.781145  8944 work_detect.cpp:86] Detected bbox: [162 x 217 from (236, 104)]
I1014 15:20:31.781189  8944 work_detect.cpp:120] Succeeded to add det end for frame 88
I1014 15:20:31.781205  8944 work_thread.hpp:81]  [T-Work-Detect_0] Run work: WrokTrack
I1014 15:20:31.781230  8944 work_track.cpp:82] Frame: 88 build input_characts: [0.253125 x 0.602778 from (0.36875, 0.288889)], 1.00019, 0
I1014 15:20:31.781286  8944 work_track.cpp:102] Succeeded to set track lock for frame 88
I1014 15:20:31.781325  8944 work_track.cpp:116] Succeeded to release track lock for frame 88
I1014 15:20:31.781340  8944 work_track.cpp:120] Track results of frame 88: 1 objects input, 1 objects tracked!
I1014 15:20:31.781358  8944 work_track.cpp:148] Frame: 88, track bbox: [162 x 217 from (239.774, 109.117)], gid: 1, lid: 0
I1014 15:20:31.781395  8944 work_thread.hpp:87]  [T-Work-Detect_0] Frame :88 split
I1014 15:20:31.781414  8944 work_thread.hpp:120]  [T-Work-Detect_0] Valid piece: gid = 1
I1014 15:20:31.781431  8944 work_thread.hpp:91]  [T-Work-Detect_0] Push to split queue:recog
I1014 15:20:31.781481  8945 work_thread.hpp:81]  [T-Work-Recog_0] Run work: WorkCapture
I1014 15:20:31.781805  8947 thread_intergrate.hpp:78] [T-Intergrate-intergrate] queue: frame output frame :88
I1014 15:20:31.781832  8947 thread_intergrate.hpp:85] [T-Intergrate-intergrate] queue: compare output face:1
I1014 15:20:31.781852  8947 thread_intergrate.hpp:144] T-Intergrate-intergrate set matched face: 1
I1014 15:20:31.782940  8945 work_thread.hpp:81]  [T-Work-Recog_0] Run work: WorkRecog
I1014 15:20:31.782995  8945 work_recog.hpp:89] Face id: 1 will run recog: bbox [162 x 217 from (236, 104)] quality: 0.417979
I1014 15:20:31.783041  8945 work_recog.hpp:96] Recog pair: [232 x 304 from (200, 56)], [162 x 217 from (36, 48)]
I1014 15:20:31.783352  8947 thread_intergrate.hpp:186] T-Intergrate-intergrate Show face :1, size :640 * 360
I1014 15:20:31.784333  8943 demo_inner.hpp:435] thread [SORT-0]  frame id 88 sorting queue size 2   FPS: 30.0049
I1014 15:20:31.800554  8945 work_thread.hpp:81]  [T-Work-Recog_0] Run work: WorkCompare
I1014 15:20:31.801108  8945 work_compare.cpp:76] Compare face: 1 successed, similarity :0.996832, name : images/ThangLMb.jpg, normal size : 1548 * 1719!
I1014 15:20:31.810995  8941 demo_inner.hpp:177] decode queue size 0
I1014 15:20:31.811122  8944 work_thread.hpp:81]  [T-Work-Detect_0] Run work: WorkDetect
I1014 15:20:31.811157  8944 work_detect.cpp:102] Succeeded to add det start for frame 89
I1014 15:20:31.816269  8942 demo_inner.hpp:260]  gui queue size 2, state = running
I1014 15:20:31.817973  8944 work_detect.cpp:70] Frame :89 detect result :1 face(s)
I1014 15:20:31.818033  8944 work_detect.cpp:86] Detected bbox: [152 x 206 from (250, 110)]
I1014 15:20:31.818083  8944 work_detect.cpp:120] Succeeded to add det end for frame 89
I1014 15:20:31.818203  8944 work_thread.hpp:81]  [T-Work-Detect_0] Run work: WrokTrack
I1014 15:20:31.818234  8944 work_track.cpp:82] Frame: 89 build input_characts: [0.2375 x 0.572222 from (0.390625, 0.305556)], 1.00019, 0
I1014 15:20:31.818301  8944 work_track.cpp:102] Succeeded to set track lock for frame 89
I1014 15:20:31.818347  8944 work_track.cpp:116] Succeeded to release track lock for frame 89
I1014 15:20:31.818362  8944 work_track.cpp:120] Track results of frame 89: 1 objects input, 1 objects tracked!
I1014 15:20:31.818382  8944 work_track.cpp:148] Frame: 89, track bbox: [152 x 206 from (246.944, 112.89)], gid: 1, lid: 0
I1014 15:20:31.818418  8944 work_thread.hpp:87]  [T-Work-Detect_0] Frame :89 split
I1014 15:20:31.818437  8944 work_thread.hpp:120]  [T-Work-Detect_0] Valid piece: gid = 1
I1014 15:20:31.818456  8944 work_thread.hpp:91]  [T-Work-Detect_0] Push to split queue:recog
I1014 15:20:31.818524  8946 work_thread.hpp:81]  [T-Work-Recog_1] Run work: WorkCapture
I1014 15:20:31.818534  8947 thread_intergrate.hpp:78] [T-Intergrate-intergrate] queue: frame output frame :89
I1014 15:20:31.818562  8947 thread_intergrate.hpp:85] [T-Intergrate-intergrate] queue: compare output face:1
I1014 15:20:31.818583  8947 thread_intergrate.hpp:144] T-Intergrate-intergrate set matched face: 1
I1014 15:20:31.819409  8946 work_thread.hpp:81]  [T-Work-Recog_1] Run work: WorkRecog
I1014 15:20:31.819450  8946 work_recog.hpp:89] Face id: 1 will run recog: bbox [152 x 206 from (250, 110)] quality: 0.473796
I1014 15:20:31.819491  8946 work_recog.hpp:96] Recog pair: [216 x 296 from (216, 64)], [152 x 206 from (34, 46)]
I1014 15:20:31.820125  8947 thread_intergrate.hpp:186] T-Intergrate-intergrate Show face :1, size :640 * 360
I1014 15:20:31.820785  8943 demo_inner.hpp:435] thread [SORT-0]  frame id 89 sorting queue size 0   FPS: 29.902
I1014 15:20:31.836959  8946 work_thread.hpp:81]  [T-Work-Recog_1] Run work: WorkCompare
I1014 15:20:31.837424  8946 work_compare.cpp:76] Compare face: 1 successed, similarity :0.998798, name : images/ThangLMb.jpg, normal size : 1548 * 1719!
I1014 15:20:31.840973  8941 demo_inner.hpp:177] decode queue size 0
I1014 15:20:31.841068  8944 work_thread.hpp:81]  [T-Work-Detect_0] Run work: WorkDetect
I1014 15:20:31.841101  8944 work_detect.cpp:102] Succeeded to add det start for frame 90
I1014 15:20:31.847898  8944 work_detect.cpp:70] Frame :90 detect result :1 face(s)
I1014 15:20:31.847950  8944 work_detect.cpp:86] Detected bbox: [147 x 198 from (253, 130)]
I1014 15:20:31.847993  8944 work_detect.cpp:120] Succeeded to add det end for frame 90
I1014 15:20:31.848011  8944 work_thread.hpp:81]  [T-Work-Detect_0] Run work: WrokTrack
I1014 15:20:31.848034  8944 work_track.cpp:82] Frame: 90 build input_characts: [0.229687 x 0.55 from (0.395312, 0.361111)], 0.999622, 0
I1014 15:20:31.848089  8944 work_track.cpp:102] Succeeded to set track lock for frame 90
I1014 15:20:31.848129  8944 work_track.cpp:116] Succeeded to release track lock for frame 90
I1014 15:20:31.848142  8944 work_track.cpp:120] Track results of frame 90: 1 objects input, 1 objects tracked!
I1014 15:20:31.848179  8944 work_track.cpp:148] Frame: 90, track bbox: [147 x 198 from (251.85, 120.941)], gid: 1, lid: 0
I1014 15:20:31.848217  8944 work_thread.hpp:87]  [T-Work-Detect_0] Frame :90 split
I1014 15:20:31.848235  8944 work_thread.hpp:120]  [T-Work-Detect_0] Valid piece: gid = 1
I1014 15:20:31.848254  8944 work_thread.hpp:91]  [T-Work-Detect_0] Push to split queue:recog
I1014 15:20:31.848299  8947 thread_intergrate.hpp:78] [T-Intergrate-intergrate] queue: frame output frame :90
I1014 15:20:31.848301  8945 work_thread.hpp:81]  [T-Work-Recog_0] Run work: WorkCapture
I1014 15:20:31.848328  8947 thread_intergrate.hpp:85] [T-Intergrate-intergrate] queue: compare output face:1
I1014 15:20:31.848347  8947 thread_intergrate.hpp:144] T-Intergrate-intergrate set matched face: 1
I1014 15:20:31.849110  8945 work_thread.hpp:81]  [T-Work-Recog_0] Run work: WorkRecog
I1014 15:20:31.849139  8945 work_recog.hpp:89] Face id: 1 will run recog: bbox [147 x 198 from (253, 130)] quality: 0.478277
I1014 15:20:31.849274  8945 work_recog.hpp:96] Recog pair: [208 x 272 from (224, 88)], [147 x 198 from (29, 42)]
I1014 15:20:31.849846  8947 thread_intergrate.hpp:186] T-Intergrate-intergrate Show face :1, size :640 * 360
I1014 15:20:31.850435  8943 demo_inner.hpp:435] thread [SORT-0]  frame id 90 sorting queue size 1   FPS: 29.9902
I1014 15:20:31.867206  8945 work_thread.hpp:81]  [T-Work-Recog_0] Run work: WorkCompare
I1014 15:20:31.867715  8945 work_compare.cpp:76] Compare face: 1 successed, similarity :0.998223, name : images/ThangLMb.jpg, normal size : 1548 * 1719!
I1014 15:20:31.879204  8941 demo_inner.hpp:177] decode queue size 0
I1014 15:20:31.879328  8944 work_thread.hpp:81]  [T-Work-Detect_0] Run work: WorkDetect
I1014 15:20:31.879364  8944 work_detect.cpp:102] Succeeded to add det start for frame 91
I1014 15:20:31.883314  8942 demo_inner.hpp:260]  gui queue size 1, state = running
I1014 15:20:31.886257  8944 work_detect.cpp:70] Frame :91 detect result :1 face(s)
I1014 15:20:31.886314  8944 work_detect.cpp:86] Detected bbox: [157 x 207 from (248, 110)]
I1014 15:20:31.886358  8944 work_detect.cpp:120] Succeeded to add det end for frame 91
I1014 15:20:31.886375  8944 work_thread.hpp:81]  [T-Work-Detect_0] Run work: WrokTrack
I1014 15:20:31.886400  8944 work_track.cpp:82] Frame: 91 build input_characts: [0.245312 x 0.575 from (0.3875, 0.305556)], 1.00019, 0
I1014 15:20:31.886456  8944 work_track.cpp:102] Succeeded to set track lock for frame 91
I1014 15:20:31.886497  8944 work_track.cpp:116] Succeeded to release track lock for frame 91
I1014 15:20:31.886512  8944 work_track.cpp:120] Track results of frame 91: 1 objects input, 1 objects tracked!
I1014 15:20:31.886529  8944 work_track.cpp:148] Frame: 91, track bbox: [157 x 207 from (246.742, 115.053)], gid: 1, lid: 0
I1014 15:20:31.886566  8944 work_thread.hpp:87]  [T-Work-Detect_0] Frame :91 split
I1014 15:20:31.886584  8944 work_thread.hpp:120]  [T-Work-Detect_0] Valid piece: gid = 1
I1014 15:20:31.886602  8944 work_thread.hpp:91]  [T-Work-Detect_0] Push to split queue:recog
I1014 15:20:31.886670  8946 work_thread.hpp:81]  [T-Work-Recog_1] Run work: WorkCapture
I1014 15:20:31.886991  8947 thread_intergrate.hpp:78] [T-Intergrate-intergrate] queue: frame output frame :91
I1014 15:20:31.887020  8947 thread_intergrate.hpp:85] [T-Intergrate-intergrate] queue: compare output face:1
I1014 15:20:31.887039  8947 thread_intergrate.hpp:144] T-Intergrate-intergrate set matched face: 1
I1014 15:20:31.887241  8946 work_thread.hpp:81]  [T-Work-Recog_1] Run work: WorkRecog
I1014 15:20:31.887265  8946 work_recog.hpp:89] Face id: 1 will run recog: bbox [157 x 207 from (248, 110)] quality: 0.475345
I1014 15:20:31.887295  8946 work_recog.hpp:96] Recog pair: [224 x 296 from (216, 64)], [157 x 207 from (32, 46)]
I1014 15:20:31.888617  8947 thread_intergrate.hpp:186] T-Intergrate-intergrate Show face :1, size :640 * 360
I1014 15:20:31.889243  8943 demo_inner.hpp:435] thread [SORT-0]  frame id 91 sorting queue size 0   FPS: 29.8873
I1014 15:20:31.905114  8946 work_thread.hpp:81]  [T-Work-Recog_1] Run work: WorkCompare
I1014 15:20:31.905580  8946 work_compare.cpp:76] Compare face: 1 successed, similarity :0.998637, name : images/ThangLMb.jpg, normal size : 1548 * 1719!
I1014 15:20:31.914335  8941 demo_inner.hpp:177] decode queue size 0
I1014 15:20:31.914463  8944 work_thread.hpp:81]  [T-Work-Detect_0] Run work: WorkDetect
I1014 15:20:31.914499  8944 work_detect.cpp:102] Succeeded to add det start for frame 92
I1014 15:20:31.921579  8944 work_detect.cpp:70] Frame :92 detect result :1 face(s)
I1014 15:20:31.921633  8944 work_detect.cpp:86] Detected bbox: [154 x 206 from (250, 110)]
I1014 15:20:31.921677  8944 work_detect.cpp:120] Succeeded to add det end for frame 92
I1014 15:20:31.921694  8944 work_thread.hpp:81]  [T-Work-Detect_0] Run work: WrokTrack
I1014 15:20:31.921720  8944 work_track.cpp:82] Frame: 92 build input_characts: [0.240625 x 0.572222 from (0.390625, 0.305556)], 0.999622, 0
I1014 15:20:31.921774  8944 work_track.cpp:102] Succeeded to set track lock for frame 92
I1014 15:20:31.921888  8944 work_track.cpp:116] Succeeded to release track lock for frame 92
I1014 15:20:31.921905  8944 work_track.cpp:120] Track results of frame 92: 1 objects input, 1 objects tracked!
I1014 15:20:31.921922  8944 work_track.cpp:148] Frame: 92, track bbox: [154 x 206 from (250.128, 111.01)], gid: 1, lid: 0
I1014 15:20:31.921960  8944 work_thread.hpp:87]  [T-Work-Detect_0] Frame :92 split
I1014 15:20:31.921978  8944 work_thread.hpp:120]  [T-Work-Detect_0] Valid piece: gid = 1
I1014 15:20:31.921996  8944 work_thread.hpp:91]  [T-Work-Detect_0] Push to split queue:recog
I1014 15:20:31.922049  8946 work_thread.hpp:81]  [T-Work-Recog_1] Run work: WorkCapture
I1014 15:20:31.922351  8947 thread_intergrate.hpp:78] [T-Intergrate-intergrate] queue: frame output frame :92
I1014 15:20:31.922379  8947 thread_intergrate.hpp:85] [T-Intergrate-intergrate] queue: compare output face:1
I1014 15:20:31.922399  8947 thread_intergrate.hpp:144] T-Intergrate-intergrate set matched face: 1
I1014 15:20:31.922622  8946 work_thread.hpp:81]  [T-Work-Recog_1] Run work: WorkRecog
I1014 15:20:31.922647  8946 work_recog.hpp:89] Face id: 1 will run recog: bbox [154 x 206 from (250, 110)] quality: 0.476698
I1014 15:20:31.922677  8946 work_recog.hpp:96] Recog pair: [224 x 296 from (216, 64)], [154 x 206 from (34, 46)]
I1014 15:20:31.923954  8947 thread_intergrate.hpp:186] T-Intergrate-intergrate Show face :1, size :640 * 360
I1014 15:20:31.924567  8943 demo_inner.hpp:435] thread [SORT-0]  frame id 92 sorting queue size 1   FPS: 29.8727
I1014 15:20:31.940243  8946 work_thread.hpp:81]  [T-Work-Recog_1] Run work: WorkCompare
I1014 15:20:31.940711  8946 work_compare.cpp:76] Compare face: 1 successed, similarity :0.998422, name : images/ThangLMb.jpg, normal size : 1548 * 1719!
I1014 15:20:31.944344  8941 demo_inner.hpp:177] decode queue size 0
I1014 15:20:31.944439  8944 work_thread.hpp:81]  [T-Work-Detect_0] Run work: WorkDetect
I1014 15:20:31.944474  8944 work_detect.cpp:102] Succeeded to add det start for frame 93
I1014 15:20:31.951493  8944 work_detect.cpp:70] Frame :93 detect result :1 face(s)
I1014 15:20:31.951545  8944 work_detect.cpp:86] Detected bbox: [168 x 220 from (234, 102)]
I1014 15:20:31.951588  8944 work_detect.cpp:120] Succeeded to add det end for frame 93
I1014 15:20:31.951606  8944 work_thread.hpp:81]  [T-Work-Detect_0] Run work: WrokTrack
I1014 15:20:31.951629  8944 work_track.cpp:82] Frame: 93 build input_characts: [0.2625 x 0.611111 from (0.365625, 0.283333)], 0.999622, 0
I1014 15:20:31.951683  8944 work_track.cpp:102] Succeeded to set track lock for frame 93
I1014 15:20:31.951723  8944 work_track.cpp:116] Succeeded to release track lock for frame 93
I1014 15:20:31.951737  8944 work_track.cpp:120] Track results of frame 93: 1 objects input, 1 objects tracked!
I1014 15:20:31.951756  8944 work_track.cpp:148] Frame: 93, track bbox: [168 x 220 from (240.032, 104.222)], gid: 1, lid: 0
I1014 15:20:31.951792  8944 work_thread.hpp:87]  [T-Work-Detect_0] Frame :93 split
I1014 15:20:31.951810  8944 work_thread.hpp:120]  [T-Work-Detect_0] Valid piece: gid = 1
I1014 15:20:31.951829  8944 work_thread.hpp:91]  [T-Work-Detect_0] Push to split queue:recog
I1014 15:20:31.951872  8947 thread_intergrate.hpp:78] [T-Intergrate-intergrate] queue: frame output frame :93
I1014 15:20:31.951872  8945 work_thread.hpp:81]  [T-Work-Recog_0] Run work: WorkCapture
I1014 15:20:31.951905  8947 thread_intergrate.hpp:85] [T-Intergrate-intergrate] queue: compare output face:1
I1014 15:20:31.951925  8947 thread_intergrate.hpp:144] T-Intergrate-intergrate set matched face: 1
I1014 15:20:31.952541  8945 work_thread.hpp:81]  [T-Work-Recog_0] Run work: WorkRecog
I1014 15:20:31.952590  8945 work_recog.hpp:89] Face id: 1 will run recog: bbox [168 x 220 from (234, 102)] quality: 0.466461
I1014 15:20:31.952625  8945 work_recog.hpp:96] Recog pair: [240 x 304 from (200, 56)], [168 x 220 from (34, 46)]
I1014 15:20:31.953438  8947 thread_intergrate.hpp:186] T-Intergrate-intergrate Show face :1, size :640 * 360
I1014 15:20:31.954025  8943 demo_inner.hpp:435] thread [SORT-0]  frame id 93 sorting queue size 2   FPS: 29.9754
I1014 15:20:31.970984  8945 work_thread.hpp:81]  [T-Work-Recog_0] Run work: WorkCompare
I1014 15:20:31.971607  8945 work_compare.cpp:76] Compare face: 1 successed, similarity :0.996655, name : images/ThangLMb.jpg, normal size : 1548 * 1719!
I1014 15:20:31.981451  8941 demo_inner.hpp:177] decode queue size 0
I1014 15:20:31.981554  8944 work_thread.hpp:81]  [T-Work-Detect_0] Run work: WorkDetect
I1014 15:20:31.981588  8944 work_detect.cpp:102] Succeeded to add det start for frame 94
I1014 15:20:31.988292  8944 work_detect.cpp:70] Frame :94 detect result :1 face(s)
I1014 15:20:31.988319  8944 work_detect.cpp:86] Detected bbox: [149 x 199 from (252, 130)]
I1014 15:20:31.988359  8944 work_detect.cpp:120] Succeeded to add det end for frame 94
I1014 15:20:31.988375  8944 work_thread.hpp:81]  [T-Work-Detect_0] Run work: WrokTrack
I1014 15:20:31.988399  8944 work_track.cpp:82] Frame: 94 build input_characts: [0.232812 x 0.552778 from (0.39375, 0.361111)], 1.00019, 0
I1014 15:20:31.988453  8944 work_track.cpp:102] Succeeded to set track lock for frame 94
I1014 15:20:31.988492  8944 work_track.cpp:116] Succeeded to release track lock for frame 94
I1014 15:20:31.988507  8944 work_track.cpp:120] Track results of frame 94: 1 objects input, 1 objects tracked!
I1014 15:20:31.988524  8944 work_track.cpp:148] Frame: 94, track bbox: [149 x 199 from (248.993, 121.034)], gid: 1, lid: 0
I1014 15:20:31.988561  8944 work_thread.hpp:87]  [T-Work-Detect_0] Frame :94 split
I1014 15:20:31.988579  8944 work_thread.hpp:120]  [T-Work-Detect_0] Valid piece: gid = 1
I1014 15:20:31.988600  8944 work_thread.hpp:91]  [T-Work-Detect_0] Push to split queue:recog
I1014 15:20:31.988651  8946 work_thread.hpp:81]  [T-Work-Recog_1] Run work: WorkCapture
I1014 15:20:31.988939  8947 thread_intergrate.hpp:78] [T-Intergrate-intergrate] queue: frame output frame :94
I1014 15:20:31.988965  8947 thread_intergrate.hpp:85] [T-Intergrate-intergrate] queue: compare output face:1
I1014 15:20:31.988984  8947 thread_intergrate.hpp:144] T-Intergrate-intergrate set matched face: 1
I1014 15:20:31.989195  8946 work_thread.hpp:81]  [T-Work-Recog_1] Run work: WorkRecog
I1014 15:20:31.989219  8946 work_recog.hpp:89] Face id: 1 will run recog: bbox [149 x 199 from (252, 130)] quality: 0.481957
I1014 15:20:31.989248  8946 work_recog.hpp:96] Recog pair: [216 x 272 from (216, 88)], [149 x 199 from (36, 42)]
I1014 15:20:31.990512  8947 thread_intergrate.hpp:186] T-Intergrate-intergrate Show face :1, size :640 * 360
I1014 15:20:31.991082  8943 demo_inner.hpp:435] thread [SORT-0]  frame id 94 sorting queue size 3   FPS: 29.8727
I1014 15:20:32.006639  8946 work_thread.hpp:81]  [T-Work-Recog_1] Run work: WorkCompare
I1014 15:20:32.007097  8946 work_compare.cpp:76] Compare face: 1 successed, similarity :0.996899, name : images/ThangLMb.jpg, normal size : 1548 * 1719!
I1014 15:20:32.008090  8941 demo_inner.hpp:177] decode queue size 0
I1014 15:20:32.008174  8944 work_thread.hpp:81]  [T-Work-Detect_0] Run work: WorkDetect
I1014 15:20:32.008204  8944 work_detect.cpp:102] Succeeded to add det start for frame 95
I1014 15:20:32.014995  8944 work_detect.cpp:70] Frame :95 detect result :1 face(s)
I1014 15:20:32.015030  8944 work_detect.cpp:86] Detected bbox: [146 x 196 from (254, 131)]
I1014 15:20:32.015071  8944 work_detect.cpp:120] Succeeded to add det end for frame 95
I1014 15:20:32.015087  8944 work_thread.hpp:81]  [T-Work-Detect_0] Run work: WrokTrack
I1014 15:20:32.015110  8944 work_track.cpp:82] Frame: 95 build input_characts: [0.228125 x 0.544444 from (0.396875, 0.363889)], 1.00019, 0
I1014 15:20:32.015164  8944 work_track.cpp:102] Succeeded to set track lock for frame 95
I1014 15:20:32.015223  8944 work_track.cpp:116] Succeeded to release track lock for frame 95
I1014 15:20:32.015239  8944 work_track.cpp:120] Track results of frame 95: 1 objects input, 1 objects tracked!
I1014 15:20:32.015257  8944 work_track.cpp:148] Frame: 95, track bbox: [146 x 196 from (251.803, 126.366)], gid: 1, lid: 0
I1014 15:20:32.015377  8944 work_thread.hpp:87]  [T-Work-Detect_0] Frame :95 split
I1014 15:20:32.015396  8944 work_thread.hpp:120]  [T-Work-Detect_0] Valid piece: gid = 1
I1014 15:20:32.015415  8944 work_thread.hpp:91]  [T-Work-Detect_0] Push to split queue:recog
I1014 15:20:32.015462  8946 work_thread.hpp:81]  [T-Work-Recog_1] Run work: WorkCapture
I1014 15:20:32.015753  8947 thread_intergrate.hpp:78] [T-Intergrate-intergrate] queue: frame output frame :95
I1014 15:20:32.015779  8947 thread_intergrate.hpp:85] [T-Intergrate-intergrate] queue: compare output face:1
I1014 15:20:32.015797  8947 thread_intergrate.hpp:144] T-Intergrate-intergrate set matched face: 1
I1014 15:20:32.016042  8946 work_thread.hpp:81]  [T-Work-Recog_1] Run work: WorkRecog
I1014 15:20:32.016065  8946 work_recog.hpp:89] Face id: 1 will run recog: bbox [146 x 196 from (254, 131)] quality: 0.477686
I1014 15:20:32.016094  8946 work_recog.hpp:96] Recog pair: [208 x 272 from (224, 88)], [146 x 196 from (30, 43)]
I1014 15:20:32.017300  8947 thread_intergrate.hpp:186] T-Intergrate-intergrate Show face :1, size :640 * 360
I1014 15:20:32.017864  8943 demo_inner.hpp:435] thread [SORT-0]  frame id 95 sorting queue size 4   FPS: 30.0049
I1014 15:20:32.033567  8946 work_thread.hpp:81]  [T-Work-Recog_1] Run work: WorkCompare
I1014 15:20:32.033993  8946 work_compare.cpp:76] Compare face: 1 successed, similarity :0.99796, name : images/ThangLMb.jpg, normal size : 1548 * 1719!
I1014 15:20:32.044329  8941 demo_inner.hpp:177] decode queue size 0
I1014 15:20:32.044486  8944 work_thread.hpp:81]  [T-Work-Detect_0] Run work: WorkDetect
I1014 15:20:32.044522  8944 work_detect.cpp:102] Succeeded to add det start for frame 96
I1014 15:20:32.051075  8944 work_detect.cpp:70] Frame :96 detect result :1 face(s)
I1014 15:20:32.051103  8944 work_detect.cpp:86] Detected bbox: [170 x 225 from (233, 100)]
I1014 15:20:32.051142  8944 work_detect.cpp:120] Succeeded to add det end for frame 96
I1014 15:20:32.051157  8944 work_thread.hpp:81]  [T-Work-Detect_0] Run work: WrokTrack
I1014 15:20:32.051180  8944 work_track.cpp:82] Frame: 96 build input_characts: [0.265625 x 0.625 from (0.364062, 0.277778)], 1.00019, 0
I1014 15:20:32.051234  8944 work_track.cpp:102] Succeeded to set track lock for frame 96
I1014 15:20:32.051275  8944 work_track.cpp:116] Succeeded to release track lock for frame 96
I1014 15:20:32.051288  8944 work_track.cpp:120] Track results of frame 96: 1 objects input, 1 objects tracked!
I1014 15:20:32.051306  8944 work_track.cpp:148] Frame: 96, track bbox: [170 x 225 from (236.413, 110.078)], gid: 1, lid: 0
I1014 15:20:32.051342  8944 work_thread.hpp:87]  [T-Work-Detect_0] Frame :96 split
I1014 15:20:32.051359  8944 work_thread.hpp:120]  [T-Work-Detect_0] Valid piece: gid = 1
I1014 15:20:32.051378  8944 work_thread.hpp:91]  [T-Work-Detect_0] Push to split queue:recog
I1014 15:20:32.051424  8945 work_thread.hpp:81]  [T-Work-Recog_0] Run work: WorkCapture
I1014 15:20:32.051425  8947 thread_intergrate.hpp:78] [T-Intergrate-intergrate] queue: frame output frame :96
I1014 15:20:32.051465  8947 thread_intergrate.hpp:85] [T-Intergrate-intergrate] queue: compare output face:1
I1014 15:20:32.051483  8947 thread_intergrate.hpp:144] T-Intergrate-intergrate set matched face: 1
I1014 15:20:32.052053  8945 work_thread.hpp:81]  [T-Work-Recog_0] Run work: WorkRecog
I1014 15:20:32.052078  8945 work_recog.hpp:89] Face id: 1 will run recog: bbox [170 x 225 from (233, 100)] quality: 0.449577
I1014 15:20:32.052111  8945 work_recog.hpp:96] Recog pair: [248 x 312 from (192, 48)], [170 x 225 from (41, 52)]
I1014 15:20:32.052973  8947 thread_intergrate.hpp:186] T-Intergrate-intergrate Show face :1, size :640 * 360
