Log file created at: 2019/10/14 12:20:58
Running on machine: zcu104
Log line format: [IWEF]mmdd hh:mm:ss.uuuuuu threadid file:line] msg
I1014 12:20:58.682592  5952 feature_lib.cpp:112] Feature lib read name: images/HaDM.jpg
I1014 12:20:58.683483  5952 feature_lib.cpp:134] Read lib face : images/HaDM.jpg
I1014 12:20:58.683524  5952 feature_lib.cpp:112] Feature lib read name: images/HaiHV.jpg
I1014 12:20:58.683928  5952 feature_lib.cpp:134] Read lib face : images/HaiHV.jpg
I1014 12:20:58.683957  5952 feature_lib.cpp:112] Feature lib read name: images/SonNNe.jpg
I1014 12:20:58.684392  5952 feature_lib.cpp:134] Read lib face : images/SonNNe.jpg
I1014 12:20:58.684422  5952 feature_lib.cpp:112] Feature lib read name: images/TungDM.jpg
I1014 12:20:58.684815  5952 feature_lib.cpp:134] Read lib face : images/TungDM.jpg
I1014 12:20:58.684844  5952 feature_lib.cpp:112] Feature lib read name: images/HungVTc.png
I1014 12:20:58.685252  5952 feature_lib.cpp:134] Read lib face : images/HungVTc.png
I1014 12:20:58.685292  5952 feature_lib.cpp:112] Feature lib read name: images/DangVHb.jpg
I1014 12:20:58.685685  5952 feature_lib.cpp:134] Read lib face : images/DangVHb.jpg
I1014 12:20:58.685714  5952 feature_lib.cpp:112] Feature lib read name: images/hungndn.jpg
I1014 12:20:58.686106  5952 feature_lib.cpp:134] Read lib face : images/hungndn.jpg
I1014 12:20:58.686134  5952 feature_lib.cpp:112] Feature lib read name: images/HieuPV.jpg
I1014 12:20:58.686524  5952 feature_lib.cpp:134] Read lib face : images/HieuPV.jpg
I1014 12:20:58.686552  5952 feature_lib.cpp:112] Feature lib read name: images/HuyNQz.png
I1014 12:20:58.686985  5952 feature_lib.cpp:134] Read lib face : images/HuyNQz.png
I1014 12:20:58.687033  5952 feature_lib.cpp:112] Feature lib read name: images/VuongNQb.png
I1014 12:20:58.687427  5952 feature_lib.cpp:134] Read lib face : images/VuongNQb.png
I1014 12:20:58.687463  5952 feature_lib.cpp:112] Feature lib read name: images/ThangLMb.jpg
I1014 12:20:58.687856  5952 feature_lib.cpp:134] Read lib face : images/ThangLMb.jpg
I1014 12:20:58.687885  5952 feature_lib.cpp:112] Feature lib read name: images/truongnxd.png
I1014 12:20:58.688292  5952 feature_lib.cpp:134] Read lib face : images/truongnxd.png
I1014 12:20:58.688321  5952 feature_lib.cpp:112] Feature lib read name: images/ThaoDQ.jpg
I1014 12:20:58.688719  5952 feature_lib.cpp:134] Read lib face : images/ThaoDQ.jpg
I1014 12:20:58.688771  5952 feature_lib.cpp:150] Loading normal image: images/HaDM.jpg...
I1014 12:20:58.719624  5952 feature_lib.cpp:158] Load normal image: images/HaDM.jpg done size: 838 * 1100
I1014 12:20:58.719691  5952 feature_lib.cpp:150] Loading normal image: images/HaiHV.jpg...
I1014 12:20:58.777707  5952 feature_lib.cpp:158] Load normal image: images/HaiHV.jpg done size: 1203 * 1541
I1014 12:20:58.777770  5952 feature_lib.cpp:150] Loading normal image: images/SonNNe.jpg...
I1014 12:20:58.853137  5952 feature_lib.cpp:158] Load normal image: images/SonNNe.jpg done size: 1429 * 1719
I1014 12:20:58.853199  5952 feature_lib.cpp:150] Loading normal image: images/TungDM.jpg...
I1014 12:20:58.912427  5952 feature_lib.cpp:158] Load normal image: images/TungDM.jpg done size: 1340 * 1462
I1014 12:20:58.912487  5952 feature_lib.cpp:150] Loading normal image: images/HungVTc.png...
I1014 12:20:58.920622  5952 feature_lib.cpp:158] Load normal image: images/HungVTc.png done size: 263 * 317
I1014 12:20:58.920655  5952 feature_lib.cpp:150] Loading normal image: images/DangVHb.jpg...
I1014 12:20:58.986290  5952 feature_lib.cpp:158] Load normal image: images/DangVHb.jpg done size: 1469 * 1456
I1014 12:20:58.986352  5952 feature_lib.cpp:150] Loading normal image: images/hungndn.jpg...
I1014 12:20:59.084367  5952 feature_lib.cpp:158] Load normal image: images/hungndn.jpg done size: 1636 * 1930
I1014 12:20:59.084429  5952 feature_lib.cpp:150] Loading normal image: images/HieuPV.jpg...
I1014 12:20:59.163738  5952 feature_lib.cpp:158] Load normal image: images/HieuPV.jpg done size: 1527 * 1719
I1014 12:20:59.163800  5952 feature_lib.cpp:150] Loading normal image: images/HuyNQz.png...
I1014 12:20:59.190130  5952 feature_lib.cpp:158] Load normal image: images/HuyNQz.png done size: 493 * 639
I1014 12:20:59.190187  5952 feature_lib.cpp:150] Loading normal image: images/VuongNQb.png...
I1014 12:20:59.204988  5952 feature_lib.cpp:158] Load normal image: images/VuongNQb.png done size: 351 * 514
I1014 12:20:59.205102  5952 feature_lib.cpp:150] Loading normal image: images/ThangLMb.jpg...
I1014 12:20:59.283535  5952 feature_lib.cpp:158] Load normal image: images/ThangLMb.jpg done size: 1548 * 1719
I1014 12:20:59.283596  5952 feature_lib.cpp:150] Loading normal image: images/truongnxd.png...
I1014 12:20:59.336866  5952 feature_lib.cpp:158] Load normal image: images/truongnxd.png done size: 906 * 964
I1014 12:20:59.336930  5952 feature_lib.cpp:150] Loading normal image: images/ThaoDQ.jpg...
I1014 12:20:59.409502  5952 feature_lib.cpp:158] Load normal image: images/ThaoDQ.jpg done size: 1425 * 1719
I1014 12:20:59.779140  5952 demo_inner.hpp:126] thread [DedodeThread-0] is starting
I1014 12:20:59.779304  5952 demo_inner.hpp:126] thread [GUIThread] is starting
I1014 12:20:59.779407  5954 demo_inner.hpp:101] thread [DedodeThread-0] is started
I1014 12:20:59.779414  5952 demo_inner.hpp:126] thread [SORT-0] is starting
I1014 12:20:59.779469  5955 demo_inner.hpp:101] thread [GUIThread] is started
I1014 12:20:59.779491  5952 demo_inner.hpp:126] thread [T-Work-Detect_0] is starting
I1014 12:20:59.779546  5956 demo_inner.hpp:101] thread [SORT-0] is started
I1014 12:20:59.779553  5952 demo_inner.hpp:126] thread [T-Work-Recog_0] is starting
I1014 12:20:59.779589  5957 demo_inner.hpp:101] thread [T-Work-Detect_0] is started
I1014 12:20:59.779621  5952 demo_inner.hpp:126] thread [T-Work-Recog_1] is starting
I1014 12:20:59.779664  5958 demo_inner.hpp:101] thread [T-Work-Recog_0] is started
I1014 12:20:59.779696  5952 demo_inner.hpp:126] thread [T-Intergrate-intergrate] is starting
I1014 12:20:59.779722  5959 demo_inner.hpp:101] thread [T-Work-Recog_1] is started
I1014 12:20:59.779764  5952 demo_inner.hpp:137] waiting for [GUIThread] ended
I1014 12:20:59.779791  5960 demo_inner.hpp:101] thread [T-Intergrate-intergrate] is started
I1014 12:21:00.483084  5954 demo_inner.hpp:177] decode queue size 0
I1014 12:21:00.483244  5957 work_thread.hpp:81]  [T-Work-Detect_0] Run work: WorkDetect
I1014 12:21:00.483306  5957 work_detect.cpp:102] Succeeded to add det start for frame 1
I1014 12:21:00.490329  5957 work_detect.cpp:70] Frame :1 detect result :1 face(s)
I1014 12:21:00.490368  5957 work_detect.cpp:86] Detected bbox: [149 x 174 from (183, 185)]
I1014 12:21:00.490413  5957 work_detect.cpp:120] Succeeded to add det end for frame 1
I1014 12:21:00.490430  5957 work_thread.hpp:81]  [T-Work-Detect_0] Run work: WrokTrack
I1014 12:21:00.490453  5957 work_track.cpp:82] Frame: 1 build input_characts: [0.232812 x 0.483333 from (0.285937, 0.513889)], 0.997488, 0
I1014 12:21:00.490540  5957 work_track.cpp:102] Succeeded to set track lock for frame 1
I1014 12:21:00.490629  5957 work_track.cpp:116] Succeeded to release track lock for frame 1
I1014 12:21:00.490645  5957 work_track.cpp:120] Track results of frame 1: 1 objects input, 0 objects tracked!
I1014 12:21:00.490664  5957 work_track.cpp:162] Frame: 1 lid: 0 not tracked, will set invalid
I1014 12:21:00.490679  5957 work_thread.hpp:88]  [T-Work-Detect_0] Frame :1 split
I1014 12:21:00.490696  5957 work_thread.hpp:124]  [T-Work-Detect_0] Invalid piece: lid = 0, drop it
I1014 12:21:00.490739  5960 thread_intergrate.hpp:78] [T-Intergrate-intergrate] queue: frame output frame :1
I1014 12:21:00.491860  5956 demo_inner.hpp:435] thread [SORT-0]  frame id 1 sorting queue size 0   FPS: -1
I1014 12:21:00.491930  5955 demo_inner.hpp:260]  gui queue size 0, state = running
I1014 12:21:00.527833  5954 demo_inner.hpp:177] decode queue size 0
I1014 12:21:00.527956  5957 work_thread.hpp:81]  [T-Work-Detect_0] Run work: WorkDetect
I1014 12:21:00.527992  5957 work_detect.cpp:102] Succeeded to add det start for frame 2
I1014 12:21:00.534577  5957 work_detect.cpp:70] Frame :2 detect result :1 face(s)
W1014 12:21:00.534636  5957 work_detect.cpp:83] Invalid bbox: [153 x 193 from (182, 190)]
I1014 12:21:00.534968  5957 work_detect.cpp:120] Succeeded to add det end for frame 2
I1014 12:21:00.534987  5957 work_thread.hpp:81]  [T-Work-Detect_0] Run work: WrokTrack
I1014 12:21:00.535048  5957 work_track.cpp:102] Succeeded to set track lock for frame 2
I1014 12:21:00.535094  5957 work_track.cpp:116] Succeeded to release track lock for frame 2
I1014 12:21:00.535109  5957 work_track.cpp:120] Track results of frame 2: 0 objects input, 0 objects tracked!
I1014 12:21:00.535128  5957 work_thread.hpp:88]  [T-Work-Detect_0] Frame :2 split
I1014 12:21:00.535187  5960 thread_intergrate.hpp:78] [T-Intergrate-intergrate] queue: frame output frame :2
I1014 12:21:00.536664  5956 demo_inner.hpp:435] thread [SORT-0]  frame id 2 sorting queue size 0   FPS: 22.7273
I1014 12:21:00.539371  5955 demo_inner.hpp:260]  gui queue size 0, state = running
I1014 12:21:00.554854  5954 demo_inner.hpp:177] decode queue size 0
I1014 12:21:00.554972  5957 work_thread.hpp:81]  [T-Work-Detect_0] Run work: WorkDetect
I1014 12:21:00.555007  5957 work_detect.cpp:102] Succeeded to add det start for frame 3
I1014 12:21:00.561698  5957 work_detect.cpp:70] Frame :3 detect result :1 face(s)
W1014 12:21:00.561735  5957 work_detect.cpp:83] Invalid bbox: [152 x 185 from (181, 193)]
I1014 12:21:00.561806  5957 work_detect.cpp:120] Succeeded to add det end for frame 3
I1014 12:21:00.561825  5957 work_thread.hpp:81]  [T-Work-Detect_0] Run work: WrokTrack
I1014 12:21:00.561849  5957 work_track.cpp:102] Succeeded to set track lock for frame 3
I1014 12:21:00.561897  5957 work_track.cpp:116] Succeeded to release track lock for frame 3
I1014 12:21:00.561913  5957 work_track.cpp:120] Track results of frame 3: 0 objects input, 0 objects tracked!
I1014 12:21:00.561931  5957 work_thread.hpp:88]  [T-Work-Detect_0] Frame :3 split
I1014 12:21:00.561977  5960 thread_intergrate.hpp:78] [T-Intergrate-intergrate] queue: frame output frame :3
I1014 12:21:00.563454  5956 demo_inner.hpp:435] thread [SORT-0]  frame id 3 sorting queue size 0   FPS: 28.169
I1014 12:21:00.563535  5955 demo_inner.hpp:260]  gui queue size 0, state = running
I1014 12:21:00.590907  5954 demo_inner.hpp:177] decode queue size 0
I1014 12:21:00.591044  5957 work_thread.hpp:81]  [T-Work-Detect_0] Run work: WorkDetect
I1014 12:21:00.591079  5957 work_detect.cpp:102] Succeeded to add det start for frame 4
I1014 12:21:00.597632  5957 work_detect.cpp:70] Frame :4 detect result :1 face(s)
W1014 12:21:00.597659  5957 work_detect.cpp:83] Invalid bbox: [152 x 187 from (181, 193)]
I1014 12:21:00.597733  5957 work_detect.cpp:120] Succeeded to add det end for frame 4
I1014 12:21:00.597749  5957 work_thread.hpp:81]  [T-Work-Detect_0] Run work: WrokTrack
I1014 12:21:00.597774  5957 work_track.cpp:102] Succeeded to set track lock for frame 4
I1014 12:21:00.597800  5957 work_track.cpp:116] Succeeded to release track lock for frame 4
I1014 12:21:00.597815  5957 work_track.cpp:120] Track results of frame 4: 0 objects input, 0 objects tracked!
I1014 12:21:00.597832  5957 work_thread.hpp:88]  [T-Work-Detect_0] Frame :4 split
I1014 12:21:00.597877  5960 thread_intergrate.hpp:78] [T-Intergrate-intergrate] queue: frame output frame :4
I1014 12:21:00.599383  5956 demo_inner.hpp:435] thread [SORT-0]  frame id 4 sorting queue size 0   FPS: 28.0374
I1014 12:21:00.599457  5955 demo_inner.hpp:260]  gui queue size 0, state = running
I1014 12:21:00.620792  5954 demo_inner.hpp:177] decode queue size 0
I1014 12:21:00.620903  5957 work_thread.hpp:81]  [T-Work-Detect_0] Run work: WorkDetect
I1014 12:21:00.620936  5957 work_detect.cpp:102] Succeeded to add det start for frame 5
I1014 12:21:00.627441  5957 work_detect.cpp:70] Frame :5 detect result :1 face(s)
W1014 12:21:00.627471  5957 work_detect.cpp:83] Invalid bbox: [151 x 186 from (181, 193)]
I1014 12:21:00.627545  5957 work_detect.cpp:120] Succeeded to add det end for frame 5
I1014 12:21:00.627562  5957 work_thread.hpp:81]  [T-Work-Detect_0] Run work: WrokTrack
I1014 12:21:00.627588  5957 work_track.cpp:102] Succeeded to set track lock for frame 5
I1014 12:21:00.627614  5957 work_track.cpp:116] Succeeded to release track lock for frame 5
I1014 12:21:00.627627  5957 work_track.cpp:120] Track results of frame 5: 0 objects input, 0 objects tracked!
I1014 12:21:00.627697  5957 work_thread.hpp:88]  [T-Work-Detect_0] Frame :5 split
I1014 12:21:00.627748  5960 thread_intergrate.hpp:78] [T-Intergrate-intergrate] queue: frame output frame :5
I1014 12:21:00.629240  5956 demo_inner.hpp:435] thread [SORT-0]  frame id 5 sorting queue size 0   FPS: 29.1971
I1014 12:21:00.629308  5955 demo_inner.hpp:260]  gui queue size 0, state = running
I1014 12:21:00.656507  5954 demo_inner.hpp:177] decode queue size 0
I1014 12:21:00.656625  5957 work_thread.hpp:81]  [T-Work-Detect_0] Run work: WorkDetect
I1014 12:21:00.656661  5957 work_detect.cpp:102] Succeeded to add det start for frame 6
I1014 12:21:00.663244  5957 work_detect.cpp:70] Frame :6 detect result :1 face(s)
W1014 12:21:00.663272  5957 work_detect.cpp:83] Invalid bbox: [151 x 188 from (179, 192)]
I1014 12:21:00.663347  5957 work_detect.cpp:120] Succeeded to add det end for frame 6
I1014 12:21:00.663363  5957 work_thread.hpp:81]  [T-Work-Detect_0] Run work: WrokTrack
I1014 12:21:00.663389  5957 work_track.cpp:102] Succeeded to set track lock for frame 6
I1014 12:21:00.663416  5957 work_track.cpp:116] Succeeded to release track lock for frame 6
I1014 12:21:00.663430  5957 work_track.cpp:120] Track results of frame 6: 0 objects input, 0 objects tracked!
I1014 12:21:00.663450  5957 work_thread.hpp:88]  [T-Work-Detect_0] Frame :6 split
I1014 12:21:00.663493  5960 thread_intergrate.hpp:78] [T-Intergrate-intergrate] queue: frame output frame :6
I1014 12:21:00.665024  5956 demo_inner.hpp:435] thread [SORT-0]  frame id 6 sorting queue size 0   FPS: 29.0698
I1014 12:21:00.665092  5955 demo_inner.hpp:260]  gui queue size 0, state = running
I1014 12:21:00.686688  5954 demo_inner.hpp:177] decode queue size 0
I1014 12:21:00.686792  5957 work_thread.hpp:81]  [T-Work-Detect_0] Run work: WorkDetect
I1014 12:21:00.686828  5957 work_detect.cpp:102] Succeeded to add det start for frame 7
I1014 12:21:00.693356  5957 work_detect.cpp:70] Frame :7 detect result :1 face(s)
W1014 12:21:00.693403  5957 work_detect.cpp:83] Invalid bbox: [160 x 188 from (173, 180)]
I1014 12:21:00.693476  5957 work_detect.cpp:120] Succeeded to add det end for frame 7
I1014 12:21:00.693493  5957 work_thread.hpp:81]  [T-Work-Detect_0] Run work: WrokTrack
I1014 12:21:00.693521  5957 work_track.cpp:102] Succeeded to set track lock for frame 7
I1014 12:21:00.693547  5957 work_track.cpp:116] Succeeded to release track lock for frame 7
I1014 12:21:00.693562  5957 work_track.cpp:120] Track results of frame 7: 0 objects input, 0 objects tracked!
I1014 12:21:00.693580  5957 work_thread.hpp:88]  [T-Work-Detect_0] Frame :7 split
I1014 12:21:00.693634  5960 thread_intergrate.hpp:78] [T-Intergrate-intergrate] queue: frame output frame :7
I1014 12:21:00.695082  5956 demo_inner.hpp:435] thread [SORT-0]  frame id 7 sorting queue size 0   FPS: 29.703
I1014 12:21:00.695150  5955 demo_inner.hpp:260]  gui queue size 0, state = running
I1014 12:21:00.722755  5954 demo_inner.hpp:177] decode queue size 0
I1014 12:21:00.722887  5957 work_thread.hpp:81]  [T-Work-Detect_0] Run work: WorkDetect
I1014 12:21:00.722924  5957 work_detect.cpp:102] Succeeded to add det start for frame 8
I1014 12:21:00.729508  5957 work_detect.cpp:70] Frame :8 detect result :1 face(s)
W1014 12:21:00.729552  5957 work_detect.cpp:83] Invalid bbox: [153 x 191 from (179, 190)]
I1014 12:21:00.729624  5957 work_detect.cpp:120] Succeeded to add det end for frame 8
I1014 12:21:00.729641  5957 work_thread.hpp:81]  [T-Work-Detect_0] Run work: WrokTrack
I1014 12:21:00.729667  5957 work_track.cpp:102] Succeeded to set track lock for frame 8
I1014 12:21:00.729694  5957 work_track.cpp:116] Succeeded to release track lock for frame 8
I1014 12:21:00.729708  5957 work_track.cpp:120] Track results of frame 8: 0 objects input, 0 objects tracked!
I1014 12:21:00.729727  5957 work_thread.hpp:88]  [T-Work-Detect_0] Frame :8 split
I1014 12:21:00.729776  5960 thread_intergrate.hpp:78] [T-Intergrate-intergrate] queue: frame output frame :8
I1014 12:21:00.731283  5956 demo_inner.hpp:435] thread [SORT-0]  frame id 8 sorting queue size 0   FPS: 29.2887
I1014 12:21:00.731400  5955 demo_inner.hpp:260]  gui queue size 0, state = running
I1014 12:21:00.758899  5954 demo_inner.hpp:177] decode queue size 0
I1014 12:21:00.759053  5957 work_thread.hpp:81]  [T-Work-Detect_0] Run work: WorkDetect
I1014 12:21:00.759099  5957 work_detect.cpp:102] Succeeded to add det start for frame 9
I1014 12:21:00.766115  5957 work_detect.cpp:70] Frame :9 detect result :1 face(s)
W1014 12:21:00.766177  5957 work_detect.cpp:83] Invalid bbox: [158 x 187 from (174, 179)]
I1014 12:21:00.766278  5957 work_detect.cpp:120] Succeeded to add det end for frame 9
I1014 12:21:00.766299  5957 work_thread.hpp:81]  [T-Work-Detect_0] Run work: WrokTrack
I1014 12:21:00.766330  5957 work_track.cpp:102] Succeeded to set track lock for frame 9
I1014 12:21:00.766360  5957 work_track.cpp:116] Succeeded to release track lock for frame 9
I1014 12:21:00.766373  5957 work_track.cpp:120] Track results of frame 9: 0 objects input, 0 objects tracked!
I1014 12:21:00.766392  5957 work_thread.hpp:88]  [T-Work-Detect_0] Frame :9 split
I1014 12:21:00.766474  5960 thread_intergrate.hpp:78] [T-Intergrate-intergrate] queue: frame output frame :9
I1014 12:21:00.768041  5956 demo_inner.hpp:435] thread [SORT-0]  frame id 9 sorting queue size 0   FPS: 29.0909
I1014 12:21:00.768142  5955 demo_inner.hpp:260]  gui queue size 0, state = running
I1014 12:21:00.788590  5954 demo_inner.hpp:177] decode queue size 0
I1014 12:21:00.788687  5957 work_thread.hpp:81]  [T-Work-Detect_0] Run work: WorkDetect
I1014 12:21:00.788722  5957 work_detect.cpp:102] Succeeded to add det start for frame 10
I1014 12:21:00.795578  5957 work_detect.cpp:70] Frame :10 detect result :1 face(s)
W1014 12:21:00.795639  5957 work_detect.cpp:83] Invalid bbox: [154 x 195 from (172, 187)]
I1014 12:21:00.795727  5957 work_detect.cpp:120] Succeeded to add det end for frame 10
I1014 12:21:00.795745  5957 work_thread.hpp:81]  [T-Work-Detect_0] Run work: WrokTrack
I1014 12:21:00.795773  5957 work_track.cpp:102] Succeeded to set track lock for frame 10
I1014 12:21:00.795804  5957 work_track.cpp:116] Succeeded to release track lock for frame 10
I1014 12:21:00.795819  5957 work_track.cpp:120] Track results of frame 10: 0 objects input, 0 objects tracked!
I1014 12:21:00.795840  5957 work_thread.hpp:88]  [T-Work-Detect_0] Frame :10 split
I1014 12:21:00.795953  5960 thread_intergrate.hpp:78] [T-Intergrate-intergrate] queue: frame output frame :10
I1014 12:21:00.797528  5956 demo_inner.hpp:435] thread [SORT-0]  frame id 10 sorting queue size 0   FPS: 29.5082
I1014 12:21:00.797629  5955 demo_inner.hpp:260]  gui queue size 0, state = running
I1014 12:21:00.824728  5954 demo_inner.hpp:177] decode queue size 0
I1014 12:21:00.824849  5957 work_thread.hpp:81]  [T-Work-Detect_0] Run work: WorkDetect
I1014 12:21:00.824889  5957 work_detect.cpp:102] Succeeded to add det start for frame 11
I1014 12:21:00.831895  5957 work_detect.cpp:70] Frame :11 detect result :1 face(s)
W1014 12:21:00.831974  5957 work_detect.cpp:83] Invalid bbox: [152 x 185 from (180, 192)]
I1014 12:21:00.832080  5957 work_detect.cpp:120] Succeeded to add det end for frame 11
I1014 12:21:00.832098  5957 work_thread.hpp:81]  [T-Work-Detect_0] Run work: WrokTrack
I1014 12:21:00.832129  5957 work_track.cpp:102] Succeeded to set track lock for frame 11
I1014 12:21:00.832191  5957 work_track.cpp:116] Succeeded to release track lock for frame 11
I1014 12:21:00.832207  5957 work_track.cpp:120] Track results of frame 11: 0 objects input, 0 objects tracked!
I1014 12:21:00.832227  5957 work_thread.hpp:88]  [T-Work-Detect_0] Frame :11 split
I1014 12:21:00.832298  5960 thread_intergrate.hpp:78] [T-Intergrate-intergrate] queue: frame output frame :11
I1014 12:21:00.833797  5956 demo_inner.hpp:435] thread [SORT-0]  frame id 11 sorting queue size 0   FPS: 29.3255
I1014 12:21:00.833943  5955 demo_inner.hpp:260]  gui queue size 0, state = running
I1014 12:21:00.854600  5954 demo_inner.hpp:177] decode queue size 0
I1014 12:21:00.854717  5957 work_thread.hpp:81]  [T-Work-Detect_0] Run work: WorkDetect
I1014 12:21:00.854753  5957 work_detect.cpp:102] Succeeded to add det start for frame 12
I1014 12:21:00.861791  5957 work_detect.cpp:70] Frame :12 detect result :1 face(s)
W1014 12:21:00.861869  5957 work_detect.cpp:83] Invalid bbox: [155 x 180 from (176, 183)]
I1014 12:21:00.861984  5957 work_detect.cpp:120] Succeeded to add det end for frame 12
I1014 12:21:00.862004  5957 work_thread.hpp:81]  [T-Work-Detect_0] Run work: WrokTrack
I1014 12:21:00.862040  5957 work_track.cpp:102] Succeeded to set track lock for frame 12
I1014 12:21:00.862076  5957 work_track.cpp:116] Succeeded to release track lock for frame 12
I1014 12:21:00.862090  5957 work_track.cpp:120] Track results of frame 12: 0 objects input, 0 objects tracked!
I1014 12:21:00.862109  5957 work_thread.hpp:88]  [T-Work-Detect_0] Frame :12 split
I1014 12:21:00.862198  5960 thread_intergrate.hpp:78] [T-Intergrate-intergrate] queue: frame output frame :12
I1014 12:21:00.863775  5956 demo_inner.hpp:435] thread [SORT-0]  frame id 12 sorting queue size 0   FPS: 29.6496
I1014 12:21:00.863929  5955 demo_inner.hpp:260]  gui queue size 0, state = running
I1014 12:21:00.890482  5954 demo_inner.hpp:177] decode queue size 0
I1014 12:21:00.890604  5957 work_thread.hpp:81]  [T-Work-Detect_0] Run work: WorkDetect
I1014 12:21:00.890637  5957 work_detect.cpp:102] Succeeded to add det start for frame 13
I1014 12:21:00.897208  5957 work_detect.cpp:70] Frame :13 detect result :1 face(s)
W1014 12:21:00.897258  5957 work_detect.cpp:83] Invalid bbox: [150 x 184 from (182, 194)]
I1014 12:21:00.897330  5957 work_detect.cpp:120] Succeeded to add det end for frame 13
I1014 12:21:00.897348  5957 work_thread.hpp:81]  [T-Work-Detect_0] Run work: WrokTrack
I1014 12:21:00.897375  5957 work_track.cpp:102] Succeeded to set track lock for frame 13
I1014 12:21:00.897403  5957 work_track.cpp:116] Succeeded to release track lock for frame 13
I1014 12:21:00.897416  5957 work_track.cpp:120] Track results of frame 13: 0 objects input, 0 objects tracked!
I1014 12:21:00.897435  5957 work_thread.hpp:88]  [T-Work-Detect_0] Frame :13 split
I1014 12:21:00.897482  5960 thread_intergrate.hpp:78] [T-Intergrate-intergrate] queue: frame output frame :13
I1014 12:21:00.899029  5956 demo_inner.hpp:435] thread [SORT-0]  frame id 13 sorting queue size 0   FPS: 29.5567
I1014 12:21:00.899096  5955 demo_inner.hpp:260]  gui queue size 0, state = running
I1014 12:21:00.920073  5954 demo_inner.hpp:177] decode queue size 0
I1014 12:21:00.920188  5957 work_thread.hpp:81]  [T-Work-Detect_0] Run work: WorkDetect
I1014 12:21:00.920222  5957 work_detect.cpp:102] Succeeded to add det start for frame 14
I1014 12:21:00.926738  5957 work_detect.cpp:70] Frame :14 detect result :1 face(s)
W1014 12:21:00.926784  5957 work_detect.cpp:83] Invalid bbox: [149 x 180 from (182, 194)]
I1014 12:21:00.926858  5957 work_detect.cpp:120] Succeeded to add det end for frame 14
I1014 12:21:00.926877  5957 work_thread.hpp:81]  [T-Work-Detect_0] Run work: WrokTrack
I1014 12:21:00.926903  5957 work_track.cpp:102] Succeeded to set track lock for frame 14
I1014 12:21:00.926932  5957 work_track.cpp:116] Succeeded to release track lock for frame 14
I1014 12:21:00.926946  5957 work_track.cpp:120] Track results of frame 14: 0 objects input, 0 objects tracked!
I1014 12:21:00.926966  5957 work_thread.hpp:88]  [T-Work-Detect_0] Frame :14 split
I1014 12:21:00.927021  5960 thread_intergrate.hpp:78] [T-Intergrate-intergrate] queue: frame output frame :14
I1014 12:21:00.928534  5956 demo_inner.hpp:435] thread [SORT-0]  frame id 14 sorting queue size 0   FPS: 29.8165
I1014 12:21:00.928601  5955 demo_inner.hpp:260]  gui queue size 0, state = running
I1014 12:21:00.956265  5954 demo_inner.hpp:177] decode queue size 0
I1014 12:21:00.956368  5957 work_thread.hpp:81]  [T-Work-Detect_0] Run work: WorkDetect
I1014 12:21:00.956403  5957 work_detect.cpp:102] Succeeded to add det start for frame 15
I1014 12:21:00.963032  5957 work_detect.cpp:70] Frame :15 detect result :1 face(s)
W1014 12:21:00.963076  5957 work_detect.cpp:83] Invalid bbox: [155 x 179 from (177, 185)]
I1014 12:21:00.963150  5957 work_detect.cpp:120] Succeeded to add det end for frame 15
I1014 12:21:00.963213  5957 work_thread.hpp:81]  [T-Work-Detect_0] Run work: WrokTrack
I1014 12:21:00.963241  5957 work_track.cpp:102] Succeeded to set track lock for frame 15
I1014 12:21:00.963269  5957 work_track.cpp:116] Succeeded to release track lock for frame 15
I1014 12:21:00.963284  5957 work_track.cpp:120] Track results of frame 15: 0 objects input, 0 objects tracked!
I1014 12:21:00.963301  5957 work_thread.hpp:88]  [T-Work-Detect_0] Frame :15 split
I1014 12:21:00.963349  5960 thread_intergrate.hpp:78] [T-Intergrate-intergrate] queue: frame output frame :15
I1014 12:21:00.964855  5956 demo_inner.hpp:435] thread [SORT-0]  frame id 15 sorting queue size 0   FPS: 29.661
I1014 12:21:00.965018  5955 demo_inner.hpp:260]  gui queue size 0, state = running
I1014 12:21:00.992238  5954 demo_inner.hpp:177] decode queue size 0
I1014 12:21:00.992343  5957 work_thread.hpp:81]  [T-Work-Detect_0] Run work: WorkDetect
I1014 12:21:00.992380  5957 work_detect.cpp:102] Succeeded to add det start for frame 16
I1014 12:21:00.998940  5957 work_detect.cpp:70] Frame :16 detect result :1 face(s)
I1014 12:21:00.998986  5957 work_detect.cpp:86] Detected bbox: [155 x 180 from (178, 180)]
I1014 12:21:00.999028  5957 work_detect.cpp:120] Succeeded to add det end for frame 16
I1014 12:21:00.999045  5957 work_thread.hpp:81]  [T-Work-Detect_0] Run work: WrokTrack
I1014 12:21:00.999069  5957 work_track.cpp:82] Frame: 16 build input_characts: [0.242188 x 0.5 from (0.278125, 0.5)], 0.997488, 0
I1014 12:21:00.999125  5957 work_track.cpp:102] Succeeded to set track lock for frame 16
I1014 12:21:00.999159  5957 work_track.cpp:116] Succeeded to release track lock for frame 16
I1014 12:21:00.999173  5957 work_track.cpp:120] Track results of frame 16: 1 objects input, 0 objects tracked!
I1014 12:21:00.999191  5957 work_track.cpp:162] Frame: 16 lid: 0 not tracked, will set invalid
I1014 12:21:00.999207  5957 work_thread.hpp:88]  [T-Work-Detect_0] Frame :16 split
I1014 12:21:00.999224  5957 work_thread.hpp:124]  [T-Work-Detect_0] Invalid piece: lid = 0, drop it
I1014 12:21:00.999269  5960 thread_intergrate.hpp:78] [T-Intergrate-intergrate] queue: frame output frame :16
I1014 12:21:01.000759  5956 demo_inner.hpp:435] thread [SORT-0]  frame id 16 sorting queue size 0   FPS: 29.5276
I1014 12:21:01.000828  5955 demo_inner.hpp:260]  gui queue size 0, state = running
I1014 12:21:01.022084  5954 demo_inner.hpp:177] decode queue size 0
I1014 12:21:01.022192  5957 work_thread.hpp:81]  [T-Work-Detect_0] Run work: WorkDetect
I1014 12:21:01.022228  5957 work_detect.cpp:102] Succeeded to add det start for frame 17
I1014 12:21:01.028898  5957 work_detect.cpp:70] Frame :17 detect result :1 face(s)
W1014 12:21:01.028956  5957 work_detect.cpp:83] Invalid bbox: [145 x 177 from (186, 196)]
I1014 12:21:01.029043  5957 work_detect.cpp:120] Succeeded to add det end for frame 17
I1014 12:21:01.029062  5957 work_thread.hpp:81]  [T-Work-Detect_0] Run work: WrokTrack
I1014 12:21:01.029091  5957 work_track.cpp:102] Succeeded to set track lock for frame 17
I1014 12:21:01.029124  5957 work_track.cpp:116] Succeeded to release track lock for frame 17
I1014 12:21:01.029139  5957 work_track.cpp:120] Track results of frame 17: 0 objects input, 0 objects tracked!
I1014 12:21:01.029157  5957 work_thread.hpp:88]  [T-Work-Detect_0] Frame :17 split
I1014 12:21:01.029245  5960 thread_intergrate.hpp:78] [T-Intergrate-intergrate] queue: frame output frame :17
I1014 12:21:01.030691  5956 demo_inner.hpp:435] thread [SORT-0]  frame id 17 sorting queue size 0   FPS: 29.7398
I1014 12:21:01.030764  5955 demo_inner.hpp:260]  gui queue size 0, state = running
I1014 12:21:01.058046  5954 demo_inner.hpp:177] decode queue size 0
I1014 12:21:01.058151  5957 work_thread.hpp:81]  [T-Work-Detect_0] Run work: WorkDetect
I1014 12:21:01.058185  5957 work_detect.cpp:102] Succeeded to add det start for frame 18
I1014 12:21:01.064865  5957 work_detect.cpp:70] Frame :18 detect result :1 face(s)
W1014 12:21:01.064911  5957 work_detect.cpp:83] Invalid bbox: [148 x 178 from (185, 196)]
I1014 12:21:01.065030  5957 work_detect.cpp:120] Succeeded to add det end for frame 18
I1014 12:21:01.065048  5957 work_thread.hpp:81]  [T-Work-Detect_0] Run work: WrokTrack
I1014 12:21:01.065075  5957 work_track.cpp:102] Succeeded to set track lock for frame 18
I1014 12:21:01.065109  5957 work_track.cpp:116] Succeeded to release track lock for frame 18
I1014 12:21:01.065124  5957 work_track.cpp:120] Track results of frame 18: 0 objects input, 0 objects tracked!
I1014 12:21:01.065142  5957 work_thread.hpp:88]  [T-Work-Detect_0] Frame :18 split
I1014 12:21:01.065189  5960 thread_intergrate.hpp:78] [T-Intergrate-intergrate] queue: frame output frame :18
I1014 12:21:01.066649  5956 demo_inner.hpp:435] thread [SORT-0]  frame id 18 sorting queue size 0   FPS: 29.6167
I1014 12:21:01.066715  5955 demo_inner.hpp:260]  gui queue size 0, state = running
I1014 12:21:01.088068  5954 demo_inner.hpp:177] decode queue size 0
I1014 12:21:01.088181  5957 work_thread.hpp:81]  [T-Work-Detect_0] Run work: WorkDetect
I1014 12:21:01.088213  5957 work_detect.cpp:102] Succeeded to add det start for frame 19
I1014 12:21:01.094683  5957 work_detect.cpp:70] Frame :19 detect result :1 face(s)
W1014 12:21:01.094727  5957 work_detect.cpp:83] Invalid bbox: [149 x 178 from (185, 198)]
I1014 12:21:01.094800  5957 work_detect.cpp:120] Succeeded to add det end for frame 19
I1014 12:21:01.094818  5957 work_thread.hpp:81]  [T-Work-Detect_0] Run work: WrokTrack
I1014 12:21:01.094846  5957 work_track.cpp:102] Succeeded to set track lock for frame 19
I1014 12:21:01.094872  5957 work_track.cpp:116] Succeeded to release track lock for frame 19
I1014 12:21:01.094887  5957 work_track.cpp:120] Track results of frame 19: 0 objects input, 0 objects tracked!
I1014 12:21:01.094905  5957 work_thread.hpp:88]  [T-Work-Detect_0] Frame :19 split
I1014 12:21:01.094959  5960 thread_intergrate.hpp:78] [T-Intergrate-intergrate] queue: frame output frame :19
I1014 12:21:01.096484  5956 demo_inner.hpp:435] thread [SORT-0]  frame id 19 sorting queue size 0   FPS: 29.8013
I1014 12:21:01.096551  5955 demo_inner.hpp:260]  gui queue size 0, state = running
I1014 12:21:01.124104  5954 demo_inner.hpp:177] decode queue size 0
I1014 12:21:01.124231  5957 work_thread.hpp:81]  [T-Work-Detect_0] Run work: WorkDetect
I1014 12:21:01.124265  5957 work_detect.cpp:102] Succeeded to add det start for frame 20
I1014 12:21:01.130841  5957 work_detect.cpp:70] Frame :20 detect result :1 face(s)
W1014 12:21:01.130885  5957 work_detect.cpp:83] Invalid bbox: [149 x 182 from (186, 195)]
I1014 12:21:01.130959  5957 work_detect.cpp:120] Succeeded to add det end for frame 20
I1014 12:21:01.130976  5957 work_thread.hpp:81]  [T-Work-Detect_0] Run work: WrokTrack
I1014 12:21:01.131004  5957 work_track.cpp:102] Succeeded to set track lock for frame 20
I1014 12:21:01.131032  5957 work_track.cpp:116] Succeeded to release track lock for frame 20
I1014 12:21:01.131047  5957 work_track.cpp:120] Track results of frame 20: 0 objects input, 0 objects tracked!
I1014 12:21:01.131065  5957 work_thread.hpp:88]  [T-Work-Detect_0] Frame :20 split
I1014 12:21:01.131112  5960 thread_intergrate.hpp:78] [T-Intergrate-intergrate] queue: frame output frame :20
I1014 12:21:01.132634  5956 demo_inner.hpp:435] thread [SORT-0]  frame id 20 sorting queue size 0   FPS: 29.6875
I1014 12:21:01.132707  5955 demo_inner.hpp:260]  gui queue size 0, state = running
I1014 12:21:01.154076  5954 demo_inner.hpp:177] decode queue size 0
I1014 12:21:01.154171  5957 work_thread.hpp:81]  [T-Work-Detect_0] Run work: WorkDetect
I1014 12:21:01.154204  5957 work_detect.cpp:102] Succeeded to add det start for frame 21
I1014 12:21:01.160828  5957 work_detect.cpp:70] Frame :21 detect result :1 face(s)
W1014 12:21:01.160873  5957 work_detect.cpp:83] Invalid bbox: [147 x 179 from (186, 196)]
I1014 12:21:01.160946  5957 work_detect.cpp:120] Succeeded to add det end for frame 21
I1014 12:21:01.160964  5957 work_thread.hpp:81]  [T-Work-Detect_0] Run work: WrokTrack
I1014 12:21:01.160989  5957 work_track.cpp:102] Succeeded to set track lock for frame 21
I1014 12:21:01.161017  5957 work_track.cpp:116] Succeeded to release track lock for frame 21
I1014 12:21:01.161077  5957 work_track.cpp:120] Track results of frame 21: 0 objects input, 0 objects tracked!
I1014 12:21:01.161098  5957 work_thread.hpp:88]  [T-Work-Detect_0] Frame :21 split
I1014 12:21:01.161154  5960 thread_intergrate.hpp:78] [T-Intergrate-intergrate] queue: frame output frame :21
I1014 12:21:01.162668  5956 demo_inner.hpp:435] thread [SORT-0]  frame id 21 sorting queue size 0   FPS: 29.8507
I1014 12:21:01.162734  5955 demo_inner.hpp:260]  gui queue size 0, state = running
I1014 12:21:01.190049  5954 demo_inner.hpp:177] decode queue size 0
I1014 12:21:01.190156  5957 work_thread.hpp:81]  [T-Work-Detect_0] Run work: WorkDetect
I1014 12:21:01.190191  5957 work_detect.cpp:102] Succeeded to add det start for frame 22
I1014 12:21:01.196831  5957 work_detect.cpp:70] Frame :22 detect result :1 face(s)
W1014 12:21:01.196878  5957 work_detect.cpp:83] Invalid bbox: [151 x 188 from (184, 192)]
I1014 12:21:01.196951  5957 work_detect.cpp:120] Succeeded to add det end for frame 22
I1014 12:21:01.196969  5957 work_thread.hpp:81]  [T-Work-Detect_0] Run work: WrokTrack
I1014 12:21:01.196995  5957 work_track.cpp:102] Succeeded to set track lock for frame 22
I1014 12:21:01.197022  5957 work_track.cpp:116] Succeeded to release track lock for frame 22
I1014 12:21:01.197036  5957 work_track.cpp:120] Track results of frame 22: 0 objects input, 0 objects tracked!
I1014 12:21:01.197055  5957 work_thread.hpp:88]  [T-Work-Detect_0] Frame :22 split
I1014 12:21:01.197103  5960 thread_intergrate.hpp:78] [T-Intergrate-intergrate] queue: frame output frame :22
I1014 12:21:01.198544  5956 demo_inner.hpp:435] thread [SORT-0]  frame id 22 sorting queue size 0   FPS: 29.745
I1014 12:21:01.198611  5955 demo_inner.hpp:260]  gui queue size 0, state = running
I1014 12:21:01.220122  5954 demo_inner.hpp:177] decode queue size 0
I1014 12:21:01.220239  5957 work_thread.hpp:81]  [T-Work-Detect_0] Run work: WorkDetect
I1014 12:21:01.220274  5957 work_detect.cpp:102] Succeeded to add det start for frame 23
I1014 12:21:01.226753  5957 work_detect.cpp:70] Frame :23 detect result :1 face(s)
W1014 12:21:01.226794  5957 work_detect.cpp:83] Invalid bbox: [150 x 179 from (184, 186)]
I1014 12:21:01.226866  5957 work_detect.cpp:120] Succeeded to add det end for frame 23
I1014 12:21:01.226883  5957 work_thread.hpp:81]  [T-Work-Detect_0] Run work: WrokTrack
I1014 12:21:01.226909  5957 work_track.cpp:102] Succeeded to set track lock for frame 23
I1014 12:21:01.226938  5957 work_track.cpp:116] Succeeded to release track lock for frame 23
I1014 12:21:01.226951  5957 work_track.cpp:120] Track results of frame 23: 0 objects input, 0 objects tracked!
I1014 12:21:01.226970  5957 work_thread.hpp:88]  [T-Work-Detect_0] Frame :23 split
I1014 12:21:01.227020  5960 thread_intergrate.hpp:78] [T-Intergrate-intergrate] queue: frame output frame :23
I1014 12:21:01.228544  5956 demo_inner.hpp:435] thread [SORT-0]  frame id 23 sorting queue size 0   FPS: 29.8913
I1014 12:21:01.228615  5955 demo_inner.hpp:260]  gui queue size 0, state = running
I1014 12:21:01.256014  5954 demo_inner.hpp:177] decode queue size 0
I1014 12:21:01.256126  5957 work_thread.hpp:81]  [T-Work-Detect_0] Run work: WorkDetect
I1014 12:21:01.256184  5957 work_detect.cpp:102] Succeeded to add det start for frame 24
I1014 12:21:01.262814  5957 work_detect.cpp:70] Frame :24 detect result :1 face(s)
W1014 12:21:01.262863  5957 work_detect.cpp:83] Invalid bbox: [148 x 180 from (185, 196)]
I1014 12:21:01.262938  5957 work_detect.cpp:120] Succeeded to add det end for frame 24
I1014 12:21:01.262954  5957 work_thread.hpp:81]  [T-Work-Detect_0] Run work: WrokTrack
I1014 12:21:01.262982  5957 work_track.cpp:102] Succeeded to set track lock for frame 24
I1014 12:21:01.263010  5957 work_track.cpp:116] Succeeded to release track lock for frame 24
I1014 12:21:01.263023  5957 work_track.cpp:120] Track results of frame 24: 0 objects input, 0 objects tracked!
I1014 12:21:01.263042  5957 work_thread.hpp:88]  [T-Work-Detect_0] Frame :24 split
I1014 12:21:01.263135  5960 thread_intergrate.hpp:78] [T-Intergrate-intergrate] queue: frame output frame :24
I1014 12:21:01.264601  5956 demo_inner.hpp:435] thread [SORT-0]  frame id 24 sorting queue size 0   FPS: 29.7927
I1014 12:21:01.264672  5955 demo_inner.hpp:260]  gui queue size 0, state = running
I1014 12:21:01.292085  5954 demo_inner.hpp:177] decode queue size 0
I1014 12:21:01.292204  5957 work_thread.hpp:81]  [T-Work-Detect_0] Run work: WorkDetect
I1014 12:21:01.292239  5957 work_detect.cpp:102] Succeeded to add det start for frame 25
I1014 12:21:01.298800  5957 work_detect.cpp:70] Frame :25 detect result :1 face(s)
W1014 12:21:01.298842  5957 work_detect.cpp:83] Invalid bbox: [151 x 186 from (184, 192)]
I1014 12:21:01.298915  5957 work_detect.cpp:120] Succeeded to add det end for frame 25
I1014 12:21:01.298933  5957 work_thread.hpp:81]  [T-Work-Detect_0] Run work: WrokTrack
I1014 12:21:01.298959  5957 work_track.cpp:102] Succeeded to set track lock for frame 25
I1014 12:21:01.298986  5957 work_track.cpp:116] Succeeded to release track lock for frame 25
I1014 12:21:01.299000  5957 work_track.cpp:120] Track results of frame 25: 0 objects input, 0 objects tracked!
I1014 12:21:01.299019  5957 work_thread.hpp:88]  [T-Work-Detect_0] Frame :25 split
I1014 12:21:01.299063  5960 thread_intergrate.hpp:78] [T-Intergrate-intergrate] queue: frame output frame :25
I1014 12:21:01.300570  5956 demo_inner.hpp:435] thread [SORT-0]  frame id 25 sorting queue size 0   FPS: 29.703
I1014 12:21:01.300637  5955 demo_inner.hpp:260]  gui queue size 0, state = running
I1014 12:21:01.322027  5954 demo_inner.hpp:177] decode queue size 0
I1014 12:21:01.322125  5957 work_thread.hpp:81]  [T-Work-Detect_0] Run work: WorkDetect
I1014 12:21:01.322160  5957 work_detect.cpp:102] Succeeded to add det start for frame 26
I1014 12:21:01.328755  5957 work_detect.cpp:70] Frame :26 detect result :1 face(s)
W1014 12:21:01.328805  5957 work_detect.cpp:83] Invalid bbox: [149 x 180 from (185, 196)]
I1014 12:21:01.328884  5957 work_detect.cpp:120] Succeeded to add det end for frame 26
I1014 12:21:01.328902  5957 work_thread.hpp:81]  [T-Work-Detect_0] Run work: WrokTrack
I1014 12:21:01.328929  5957 work_track.cpp:102] Succeeded to set track lock for frame 26
I1014 12:21:01.328958  5957 work_track.cpp:116] Succeeded to release track lock for frame 26
I1014 12:21:01.328972  5957 work_track.cpp:120] Track results of frame 26: 0 objects input, 0 objects tracked!
I1014 12:21:01.328991  5957 work_thread.hpp:88]  [T-Work-Detect_0] Frame :26 split
I1014 12:21:01.329038  5960 thread_intergrate.hpp:78] [T-Intergrate-intergrate] queue: frame output frame :26
I1014 12:21:01.330651  5956 demo_inner.hpp:435] thread [SORT-0]  frame id 26 sorting queue size 0   FPS: 29.8329
I1014 12:21:01.340106  5955 demo_inner.hpp:260]  gui queue size 0, state = running
I1014 12:21:01.358323  5954 demo_inner.hpp:177] decode queue size 0
I1014 12:21:01.358420  5957 work_thread.hpp:81]  [T-Work-Detect_0] Run work: WorkDetect
I1014 12:21:01.358454  5957 work_detect.cpp:102] Succeeded to add det start for frame 27
I1014 12:21:01.365084  5957 work_detect.cpp:70] Frame :27 detect result :1 face(s)
W1014 12:21:01.365128  5957 work_detect.cpp:83] Invalid bbox: [151 x 188 from (184, 191)]
I1014 12:21:01.365200  5957 work_detect.cpp:120] Succeeded to add det end for frame 27
I1014 12:21:01.365217  5957 work_thread.hpp:81]  [T-Work-Detect_0] Run work: WrokTrack
I1014 12:21:01.365244  5957 work_track.cpp:102] Succeeded to set track lock for frame 27
I1014 12:21:01.365272  5957 work_track.cpp:116] Succeeded to release track lock for frame 27
I1014 12:21:01.365285  5957 work_track.cpp:120] Track results of frame 27: 0 objects input, 0 objects tracked!
I1014 12:21:01.365304  5957 work_thread.hpp:88]  [T-Work-Detect_0] Frame :27 split
I1014 12:21:01.365370  5960 thread_intergrate.hpp:78] [T-Intergrate-intergrate] queue: frame output frame :27
I1014 12:21:01.366878  5956 demo_inner.hpp:435] thread [SORT-0]  frame id 27 sorting queue size 0   FPS: 29.7483
I1014 12:21:01.388686  5954 demo_inner.hpp:177] decode queue size 0
I1014 12:21:01.388895  5957 work_thread.hpp:81]  [T-Work-Detect_0] Run work: WorkDetect
I1014 12:21:01.388931  5957 work_detect.cpp:102] Succeeded to add det start for frame 28
I1014 12:21:01.395432  5957 work_detect.cpp:70] Frame :28 detect result :1 face(s)
W1014 12:21:01.395474  5957 work_detect.cpp:83] Invalid bbox: [150 x 186 from (185, 192)]
I1014 12:21:01.395546  5957 work_detect.cpp:120] Succeeded to add det end for frame 28
I1014 12:21:01.395563  5957 work_thread.hpp:81]  [T-Work-Detect_0] Run work: WrokTrack
I1014 12:21:01.395589  5957 work_track.cpp:102] Succeeded to set track lock for frame 28
I1014 12:21:01.395617  5957 work_track.cpp:116] Succeeded to release track lock for frame 28
I1014 12:21:01.395630  5957 work_track.cpp:120] Track results of frame 28: 0 objects input, 0 objects tracked!
I1014 12:21:01.395649  5957 work_thread.hpp:88]  [T-Work-Detect_0] Frame :28 split
I1014 12:21:01.395705  5960 thread_intergrate.hpp:78] [T-Intergrate-intergrate] queue: frame output frame :28
I1014 12:21:01.397285  5956 demo_inner.hpp:435] thread [SORT-0]  frame id 28 sorting queue size 1   FPS: 29.8343
I1014 12:21:01.407445  5955 demo_inner.hpp:260]  gui queue size 1, state = running
I1014 12:21:01.424085  5954 demo_inner.hpp:177] decode queue size 0
I1014 12:21:01.424213  5957 work_thread.hpp:81]  [T-Work-Detect_0] Run work: WorkDetect
I1014 12:21:01.424248  5957 work_detect.cpp:102] Succeeded to add det start for frame 29
I1014 12:21:01.430867  5957 work_detect.cpp:70] Frame :29 detect result :1 face(s)
W1014 12:21:01.430915  5957 work_detect.cpp:83] Invalid bbox: [151 x 177 from (182, 185)]
I1014 12:21:01.430992  5957 work_detect.cpp:120] Succeeded to add det end for frame 29
I1014 12:21:01.431010  5957 work_thread.hpp:81]  [T-Work-Detect_0] Run work: WrokTrack
I1014 12:21:01.431037  5957 work_track.cpp:102] Succeeded to set track lock for frame 29
I1014 12:21:01.431064  5957 work_track.cpp:116] Succeeded to release track lock for frame 29
I1014 12:21:01.431078  5957 work_track.cpp:120] Track results of frame 29: 0 objects input, 0 objects tracked!
I1014 12:21:01.431097  5957 work_thread.hpp:88]  [T-Work-Detect_0] Frame :29 split
I1014 12:21:01.431143  5960 thread_intergrate.hpp:78] [T-Intergrate-intergrate] queue: frame output frame :29
I1014 12:21:01.432622  5956 demo_inner.hpp:435] thread [SORT-0]  frame id 29 sorting queue size 0   FPS: 29.7872
I1014 12:21:01.454391  5954 demo_inner.hpp:177] decode queue size 0
I1014 12:21:01.454488  5957 work_thread.hpp:81]  [T-Work-Detect_0] Run work: WorkDetect
I1014 12:21:01.454521  5957 work_detect.cpp:102] Succeeded to add det start for frame 30
I1014 12:21:01.461138  5957 work_detect.cpp:70] Frame :30 detect result :1 face(s)
W1014 12:21:01.461181  5957 work_detect.cpp:83] Invalid bbox: [149 x 176 from (184, 185)]
I1014 12:21:01.461254  5957 work_detect.cpp:120] Succeeded to add det end for frame 30
I1014 12:21:01.461272  5957 work_thread.hpp:81]  [T-Work-Detect_0] Run work: WrokTrack
I1014 12:21:01.461297  5957 work_track.cpp:102] Succeeded to set track lock for frame 30
I1014 12:21:01.461324  5957 work_track.cpp:116] Succeeded to release track lock for frame 30
I1014 12:21:01.461338  5957 work_track.cpp:120] Track results of frame 30: 0 objects input, 0 objects tracked!
I1014 12:21:01.461356  5957 work_thread.hpp:88]  [T-Work-Detect_0] Frame :30 split
I1014 12:21:01.461403  5960 thread_intergrate.hpp:78] [T-Intergrate-intergrate] queue: frame output frame :30
I1014 12:21:01.462996  5956 demo_inner.hpp:435] thread [SORT-0]  frame id 30 sorting queue size 1   FPS: 29.8969
I1014 12:21:01.485309  5955 demo_inner.hpp:260]  gui queue size 1, state = running
I1014 12:21:01.493571  5954 demo_inner.hpp:177] decode queue size 0
I1014 12:21:01.493739  5957 work_thread.hpp:81]  [T-Work-Detect_0] Run work: WorkDetect
I1014 12:21:01.493777  5957 work_detect.cpp:102] Succeeded to add det start for frame 31
I1014 12:21:01.501819  5957 work_detect.cpp:70] Frame :31 detect result :1 face(s)
W1014 12:21:01.501880  5957 work_detect.cpp:83] Invalid bbox: [148 x 173 from (185, 188)]
I1014 12:21:01.502050  5957 work_detect.cpp:120] Succeeded to add det end for frame 31
I1014 12:21:01.502071  5957 work_thread.hpp:81]  [T-Work-Detect_0] Run work: WrokTrack
I1014 12:21:01.502101  5957 work_track.cpp:102] Succeeded to set track lock for frame 31
I1014 12:21:01.502130  5957 work_track.cpp:116] Succeeded to release track lock for frame 31
I1014 12:21:01.502143  5957 work_track.cpp:120] Track results of frame 31: 0 objects input, 0 objects tracked!
I1014 12:21:01.502192  5957 work_thread.hpp:88]  [T-Work-Detect_0] Frame :31 split
I1014 12:21:01.502262  5960 thread_intergrate.hpp:78] [T-Intergrate-intergrate] queue: frame output frame :31
I1014 12:21:01.503819  5956 demo_inner.hpp:435] thread [SORT-0]  frame id 31 sorting queue size 0   FPS: 29.6736
I1014 12:21:01.527856  5954 demo_inner.hpp:177] decode queue size 0
I1014 12:21:01.527971  5957 work_thread.hpp:81]  [T-Work-Detect_0] Run work: WorkDetect
I1014 12:21:01.528007  5957 work_detect.cpp:102] Succeeded to add det start for frame 32
I1014 12:21:01.534751  5957 work_detect.cpp:70] Frame :32 detect result :1 face(s)
W1014 12:21:01.534799  5957 work_detect.cpp:83] Invalid bbox: [148 x 183 from (186, 194)]
I1014 12:21:01.535019  5957 work_detect.cpp:120] Succeeded to add det end for frame 32
I1014 12:21:01.535037  5957 work_thread.hpp:81]  [T-Work-Detect_0] Run work: WrokTrack
I1014 12:21:01.535065  5957 work_track.cpp:102] Succeeded to set track lock for frame 32
I1014 12:21:01.535094  5957 work_track.cpp:116] Succeeded to release track lock for frame 32
I1014 12:21:01.535107  5957 work_track.cpp:120] Track results of frame 32: 0 objects input, 0 objects tracked!
I1014 12:21:01.535125  5957 work_thread.hpp:88]  [T-Work-Detect_0] Frame :32 split
I1014 12:21:01.535171  5960 thread_intergrate.hpp:78] [T-Intergrate-intergrate] queue: frame output frame :32
I1014 12:21:01.536763  5956 demo_inner.hpp:435] thread [SORT-0]  frame id 32 sorting queue size 1   FPS: 29.6935
I1014 12:21:01.558590  5954 demo_inner.hpp:177] decode queue size 0
I1014 12:21:01.558727  5957 work_thread.hpp:81]  [T-Work-Detect_0] Run work: WorkDetect
I1014 12:21:01.558765  5957 work_detect.cpp:102] Succeeded to add det start for frame 33
I1014 12:21:01.565587  5957 work_detect.cpp:70] Frame :33 detect result :1 face(s)
W1014 12:21:01.565635  5957 work_detect.cpp:83] Invalid bbox: [150 x 175 from (183, 188)]
I1014 12:21:01.565709  5957 work_detect.cpp:120] Succeeded to add det end for frame 33
I1014 12:21:01.565727  5957 work_thread.hpp:81]  [T-Work-Detect_0] Run work: WrokTrack
I1014 12:21:01.565754  5957 work_track.cpp:102] Succeeded to set track lock for frame 33
I1014 12:21:01.565781  5957 work_track.cpp:116] Succeeded to release track lock for frame 33
I1014 12:21:01.565795  5957 work_track.cpp:120] Track results of frame 33: 0 objects input, 0 objects tracked!
I1014 12:21:01.565814  5957 work_thread.hpp:88]  [T-Work-Detect_0] Frame :33 split
I1014 12:21:01.565865  5960 thread_intergrate.hpp:78] [T-Intergrate-intergrate] queue: frame output frame :33
I1014 12:21:01.567304  5956 demo_inner.hpp:435] thread [SORT-0]  frame id 33 sorting queue size 2   FPS: 29.7674
I1014 12:21:01.569137  5955 demo_inner.hpp:260]  gui queue size 2, state = running
I1014 12:21:01.593811  5954 demo_inner.hpp:177] decode queue size 0
I1014 12:21:01.593920  5957 work_thread.hpp:81]  [T-Work-Detect_0] Run work: WorkDetect
I1014 12:21:01.593957  5957 work_detect.cpp:102] Succeeded to add det start for frame 34
I1014 12:21:01.600733  5957 work_detect.cpp:70] Frame :34 detect result :1 face(s)
I1014 12:21:01.600788  5957 work_detect.cpp:86] Detected bbox: [148 x 172 from (183, 187)]
I1014 12:21:01.600833  5957 work_detect.cpp:120] Succeeded to add det end for frame 34
I1014 12:21:01.600997  5957 work_thread.hpp:81]  [T-Work-Detect_0] Run work: WrokTrack
I1014 12:21:01.601024  5957 work_track.cpp:82] Frame: 34 build input_characts: [0.23125 x 0.477778 from (0.285937, 0.519444)], 0.997328, 0
I1014 12:21:01.601081  5957 work_track.cpp:102] Succeeded to set track lock for frame 34
I1014 12:21:01.601116  5957 work_track.cpp:116] Succeeded to release track lock for frame 34
I1014 12:21:01.601204  5957 work_track.cpp:120] Track results of frame 34: 1 objects input, 0 objects tracked!
I1014 12:21:01.601224  5957 work_track.cpp:162] Frame: 34 lid: 0 not tracked, will set invalid
I1014 12:21:01.601240  5957 work_thread.hpp:88]  [T-Work-Detect_0] Frame :34 split
I1014 12:21:01.601258  5957 work_thread.hpp:124]  [T-Work-Detect_0] Invalid piece: lid = 0, drop it
I1014 12:21:01.601302  5960 thread_intergrate.hpp:78] [T-Intergrate-intergrate] queue: frame output frame :34
