Log file created at: 2019/10/14 14:18:36
Running on machine: zcu104
Log line format: [IWEF]mmdd hh:mm:ss.uuuuuu threadid file:line] msg
I1014 14:18:36.893848  7603 feature_lib.cpp:109] Feature lib read name: images/HaDM.jpg
I1014 14:18:36.894774  7603 feature_lib.cpp:131] Read lib face : images/HaDM.jpg
I1014 14:18:36.894804  7603 feature_lib.cpp:109] Feature lib read name: images/HaiHV.jpg
I1014 14:18:36.895198  7603 feature_lib.cpp:131] Read lib face : images/HaiHV.jpg
I1014 14:18:36.895218  7603 feature_lib.cpp:109] Feature lib read name: images/SonNNe.jpg
I1014 14:18:36.895607  7603 feature_lib.cpp:131] Read lib face : images/SonNNe.jpg
I1014 14:18:36.895627  7603 feature_lib.cpp:109] Feature lib read name: images/TungDM.jpg
I1014 14:18:36.896009  7603 feature_lib.cpp:131] Read lib face : images/TungDM.jpg
I1014 14:18:36.896028  7603 feature_lib.cpp:109] Feature lib read name: images/HungVTc.png
I1014 14:18:36.896440  7603 feature_lib.cpp:131] Read lib face : images/HungVTc.png
I1014 14:18:36.896471  7603 feature_lib.cpp:109] Feature lib read name: images/DangVHb.jpg
I1014 14:18:36.896857  7603 feature_lib.cpp:131] Read lib face : images/DangVHb.jpg
I1014 14:18:36.896875  7603 feature_lib.cpp:109] Feature lib read name: images/hungndn.jpg
I1014 14:18:36.897258  7603 feature_lib.cpp:131] Read lib face : images/hungndn.jpg
I1014 14:18:36.897277  7603 feature_lib.cpp:109] Feature lib read name: images/HieuPV.jpg
I1014 14:18:36.897657  7603 feature_lib.cpp:131] Read lib face : images/HieuPV.jpg
I1014 14:18:36.897676  7603 feature_lib.cpp:109] Feature lib read name: images/HuyNQz.png
I1014 14:18:36.898094  7603 feature_lib.cpp:131] Read lib face : images/HuyNQz.png
I1014 14:18:36.898133  7603 feature_lib.cpp:109] Feature lib read name: images/VuongNQb.png
I1014 14:18:36.898521  7603 feature_lib.cpp:131] Read lib face : images/VuongNQb.png
I1014 14:18:36.898548  7603 feature_lib.cpp:109] Feature lib read name: images/ThangLMb.jpg
I1014 14:18:36.898939  7603 feature_lib.cpp:131] Read lib face : images/ThangLMb.jpg
I1014 14:18:36.898958  7603 feature_lib.cpp:109] Feature lib read name: images/truongnxd.png
I1014 14:18:36.899348  7603 feature_lib.cpp:131] Read lib face : images/truongnxd.png
I1014 14:18:36.899366  7603 feature_lib.cpp:109] Feature lib read name: images/ThaoDQ.jpg
I1014 14:18:36.899754  7603 feature_lib.cpp:131] Read lib face : images/ThaoDQ.jpg
I1014 14:18:36.899803  7603 feature_lib.cpp:147] Loading normal image: images/HaDM.jpg...
I1014 14:18:36.930727  7603 feature_lib.cpp:158] Load normal image: images/HaDM.jpg done size: 838 * 1100
I1014 14:18:36.930794  7603 feature_lib.cpp:147] Loading normal image: images/HaiHV.jpg...
I1014 14:18:36.988677  7603 feature_lib.cpp:158] Load normal image: images/HaiHV.jpg done size: 1203 * 1541
I1014 14:18:36.988736  7603 feature_lib.cpp:147] Loading normal image: images/SonNNe.jpg...
I1014 14:18:37.064363  7603 feature_lib.cpp:158] Load normal image: images/SonNNe.jpg done size: 1429 * 1719
I1014 14:18:37.064424  7603 feature_lib.cpp:147] Loading normal image: images/TungDM.jpg...
I1014 14:18:37.123932  7603 feature_lib.cpp:158] Load normal image: images/TungDM.jpg done size: 1340 * 1462
I1014 14:18:37.123993  7603 feature_lib.cpp:147] Loading normal image: images/HungVTc.png...
I1014 14:18:37.132098  7603 feature_lib.cpp:158] Load normal image: images/HungVTc.png done size: 263 * 317
I1014 14:18:37.132129  7603 feature_lib.cpp:147] Loading normal image: images/DangVHb.jpg...
I1014 14:18:37.198310  7603 feature_lib.cpp:158] Load normal image: images/DangVHb.jpg done size: 1469 * 1456
I1014 14:18:37.198372  7603 feature_lib.cpp:147] Loading normal image: images/hungndn.jpg...
I1014 14:18:37.296612  7603 feature_lib.cpp:158] Load normal image: images/hungndn.jpg done size: 1636 * 1930
I1014 14:18:37.296674  7603 feature_lib.cpp:147] Loading normal image: images/HieuPV.jpg...
I1014 14:18:37.375870  7603 feature_lib.cpp:158] Load normal image: images/HieuPV.jpg done size: 1527 * 1719
I1014 14:18:37.375931  7603 feature_lib.cpp:147] Loading normal image: images/HuyNQz.png...
I1014 14:18:37.402362  7603 feature_lib.cpp:158] Load normal image: images/HuyNQz.png done size: 493 * 639
I1014 14:18:37.402420  7603 feature_lib.cpp:147] Loading normal image: images/VuongNQb.png...
I1014 14:18:37.417294  7603 feature_lib.cpp:158] Load normal image: images/VuongNQb.png done size: 351 * 514
I1014 14:18:37.417409  7603 feature_lib.cpp:147] Loading normal image: images/ThangLMb.jpg...
I1014 14:18:37.496342  7603 feature_lib.cpp:158] Load normal image: images/ThangLMb.jpg done size: 1548 * 1719
I1014 14:18:37.496405  7603 feature_lib.cpp:147] Loading normal image: images/truongnxd.png...
I1014 14:18:37.549615  7603 feature_lib.cpp:158] Load normal image: images/truongnxd.png done size: 906 * 964
I1014 14:18:37.549675  7603 feature_lib.cpp:147] Loading normal image: images/ThaoDQ.jpg...
I1014 14:18:37.622622  7603 feature_lib.cpp:158] Load normal image: images/ThaoDQ.jpg done size: 1425 * 1719
I1014 14:18:37.989935  7603 demo_inner.hpp:126] thread [DedodeThread-0] is starting
I1014 14:18:37.990101  7603 demo_inner.hpp:126] thread [GUIThread] is starting
I1014 14:18:37.990168  7606 demo_inner.hpp:101] thread [DedodeThread-0] is started
I1014 14:18:37.990206  7603 demo_inner.hpp:126] thread [SORT-0] is starting
I1014 14:18:37.990262  7607 demo_inner.hpp:101] thread [GUIThread] is started
I1014 14:18:37.990276  7603 demo_inner.hpp:126] thread [T-Work-Detect_0] is starting
I1014 14:18:37.990332  7608 demo_inner.hpp:101] thread [SORT-0] is started
I1014 14:18:37.990342  7603 demo_inner.hpp:126] thread [T-Work-Recog_0] is starting
I1014 14:18:37.990379  7609 demo_inner.hpp:101] thread [T-Work-Detect_0] is started
I1014 14:18:37.990414  7603 demo_inner.hpp:126] thread [T-Work-Recog_1] is starting
I1014 14:18:37.990458  7610 demo_inner.hpp:101] thread [T-Work-Recog_0] is started
I1014 14:18:37.990490  7603 demo_inner.hpp:126] thread [T-Intergrate-intergrate] is starting
I1014 14:18:37.990512  7611 demo_inner.hpp:101] thread [T-Work-Recog_1] is started
I1014 14:18:37.990552  7603 demo_inner.hpp:137] waiting for [GUIThread] ended
I1014 14:18:37.990578  7612 demo_inner.hpp:101] thread [T-Intergrate-intergrate] is started
I1014 14:18:38.691159  7606 demo_inner.hpp:177] decode queue size 0
I1014 14:18:38.691323  7609 work_thread.hpp:81]  [T-Work-Detect_0] Run work: WorkDetect
I1014 14:18:38.691385  7609 work_detect.cpp:102] Succeeded to add det start for frame 1
I1014 14:18:38.698555  7609 work_detect.cpp:70] Frame :1 detect result :1 face(s)
I1014 14:18:38.698593  7609 work_detect.cpp:86] Detected bbox: [148 x 196 from (287, 140)]
I1014 14:18:38.698638  7609 work_detect.cpp:120] Succeeded to add det end for frame 1
I1014 14:18:38.698655  7609 work_thread.hpp:81]  [T-Work-Detect_0] Run work: WrokTrack
I1014 14:18:38.698678  7609 work_track.cpp:82] Frame: 1 build input_characts: [0.23125 x 0.544444 from (0.448438, 0.388889)], 1.00035, 0
I1014 14:18:38.698763  7609 work_track.cpp:102] Succeeded to set track lock for frame 1
I1014 14:18:38.698853  7609 work_track.cpp:116] Succeeded to release track lock for frame 1
I1014 14:18:38.698868  7609 work_track.cpp:120] Track results of frame 1: 1 objects input, 0 objects tracked!
I1014 14:18:38.698885  7609 work_track.cpp:162] Frame: 1 lid: 0 not tracked, will set invalid
I1014 14:18:38.698901  7609 work_thread.hpp:87]  [T-Work-Detect_0] Frame :1 split
I1014 14:18:38.698917  7609 work_thread.hpp:123]  [T-Work-Detect_0] Invalid piece: lid = 0, drop it
I1014 14:18:38.698961  7612 thread_intergrate.hpp:78] [T-Intergrate-intergrate] queue: frame output frame :1
I1014 14:18:38.700081  7608 demo_inner.hpp:435] thread [SORT-0]  frame id 1 sorting queue size 0   FPS: -1
I1014 14:18:38.700150  7607 demo_inner.hpp:260]  gui queue size 0, state = running
I1014 14:18:38.738905  7606 demo_inner.hpp:177] decode queue size 0
I1014 14:18:38.739030  7609 work_thread.hpp:81]  [T-Work-Detect_0] Run work: WorkDetect
I1014 14:18:38.739068  7609 work_detect.cpp:102] Succeeded to add det start for frame 2
I1014 14:18:38.745785  7609 work_detect.cpp:70] Frame :2 detect result :1 face(s)
I1014 14:18:38.745844  7609 work_detect.cpp:86] Detected bbox: [151 x 203 from (284, 136)]
I1014 14:18:38.745893  7609 work_detect.cpp:120] Succeeded to add det end for frame 2
I1014 14:18:38.745910  7609 work_thread.hpp:81]  [T-Work-Detect_0] Run work: WrokTrack
I1014 14:18:38.746029  7609 work_track.cpp:82] Frame: 2 build input_characts: [0.235938 x 0.563889 from (0.44375, 0.377778)], 0.998877, 0
I1014 14:18:38.746093  7609 work_track.cpp:102] Succeeded to set track lock for frame 2
I1014 14:18:38.746161  7609 work_track.cpp:116] Succeeded to release track lock for frame 2
I1014 14:18:38.746176  7609 work_track.cpp:120] Track results of frame 2: 1 objects input, 0 objects tracked!
I1014 14:18:38.746196  7609 work_track.cpp:162] Frame: 2 lid: 0 not tracked, will set invalid
I1014 14:18:38.746212  7609 work_thread.hpp:87]  [T-Work-Detect_0] Frame :2 split
I1014 14:18:38.746230  7609 work_thread.hpp:123]  [T-Work-Detect_0] Invalid piece: lid = 0, drop it
I1014 14:18:38.746322  7612 thread_intergrate.hpp:78] [T-Intergrate-intergrate] queue: frame output frame :2
I1014 14:18:38.747997  7608 demo_inner.hpp:435] thread [SORT-0]  frame id 2 sorting queue size 0   FPS: 21.2766
I1014 14:18:38.748348  7607 demo_inner.hpp:260]  gui queue size 0, state = running
I1014 14:18:38.792732  7606 demo_inner.hpp:177] decode queue size 0
I1014 14:18:38.792851  7609 work_thread.hpp:81]  [T-Work-Detect_0] Run work: WorkDetect
I1014 14:18:38.792886  7609 work_detect.cpp:102] Succeeded to add det start for frame 3
I1014 14:18:38.799508  7609 work_detect.cpp:70] Frame :3 detect result :1 face(s)
I1014 14:18:38.799535  7609 work_detect.cpp:86] Detected bbox: [153 x 206 from (282, 135)]
I1014 14:18:38.799576  7609 work_detect.cpp:120] Succeeded to add det end for frame 3
I1014 14:18:38.799592  7609 work_thread.hpp:81]  [T-Work-Detect_0] Run work: WrokTrack
I1014 14:18:38.799614  7609 work_track.cpp:82] Frame: 3 build input_characts: [0.239063 x 0.572222 from (0.440625, 0.375)], 0.999622, 0
I1014 14:18:38.799669  7609 work_track.cpp:102] Succeeded to set track lock for frame 3
I1014 14:18:38.799729  7609 work_track.cpp:116] Succeeded to release track lock for frame 3
I1014 14:18:38.799744  7609 work_track.cpp:120] Track results of frame 3: 1 objects input, 1 objects tracked!
I1014 14:18:38.799762  7609 work_track.cpp:148] Frame: 3, track bbox: [153 x 206 from (281.93, 134.831)], gid: 0, lid: 0
I1014 14:18:38.799799  7609 work_thread.hpp:87]  [T-Work-Detect_0] Frame :3 split
I1014 14:18:38.799816  7609 work_thread.hpp:119]  [T-Work-Detect_0] Valid piece: gid = 0
I1014 14:18:38.799834  7609 work_thread.hpp:91]  [T-Work-Detect_0] Push to split queue:recog
I1014 14:18:38.799873  7611 work_thread.hpp:81]  [T-Work-Recog_1] Run work: WorkCapture
I1014 14:18:38.799880  7612 thread_intergrate.hpp:78] [T-Intergrate-intergrate] queue: frame output frame :3
I1014 14:18:38.801491  7608 demo_inner.hpp:435] thread [SORT-0]  frame id 3 sorting queue size 0   FPS: 20
I1014 14:18:38.801679  7611 work_thread.hpp:81]  [T-Work-Recog_1] Run work: WorkRecog
I1014 14:18:38.801702  7611 work_recog.hpp:89] Face id: 0 will run recog: bbox [153 x 206 from (282, 135)] quality: 0.481912
I1014 14:18:38.801733  7611 work_recog.hpp:96] Recog pair: [224 x 272 from (248, 88)], [153 x 206 from (34, 47)]
I1014 14:18:38.802608  7607 demo_inner.hpp:260]  gui queue size 0, state = running
I1014 14:18:38.819555  7611 work_thread.hpp:81]  [T-Work-Recog_1] Run work: WorkCompare
I1014 14:18:38.820241  7611 work_compare.cpp:76] Compare face: 0 successed, similarity :0.996616, name : images/ThangLMb.jpg, normal size : 1548 * 1719!
I1014 14:18:38.840840  7606 demo_inner.hpp:177] decode queue size 0
I1014 14:18:38.840960  7609 work_thread.hpp:81]  [T-Work-Detect_0] Run work: WorkDetect
I1014 14:18:38.840996  7609 work_detect.cpp:102] Succeeded to add det start for frame 4
I1014 14:18:38.847640  7609 work_detect.cpp:70] Frame :4 detect result :1 face(s)
I1014 14:18:38.847664  7609 work_detect.cpp:86] Detected bbox: [158 x 211 from (277, 131)]
I1014 14:18:38.847704  7609 work_detect.cpp:120] Succeeded to add det end for frame 4
I1014 14:18:38.847720  7609 work_thread.hpp:81]  [T-Work-Detect_0] Run work: WrokTrack
I1014 14:18:38.847743  7609 work_track.cpp:82] Frame: 4 build input_characts: [0.246875 x 0.586111 from (0.432813, 0.363889)], 1.00019, 0
I1014 14:18:38.847872  7609 work_track.cpp:102] Succeeded to set track lock for frame 4
I1014 14:18:38.847911  7609 work_track.cpp:116] Succeeded to release track lock for frame 4
I1014 14:18:38.847926  7609 work_track.cpp:120] Track results of frame 4: 1 objects input, 1 objects tracked!
I1014 14:18:38.847944  7609 work_track.cpp:148] Frame: 4, track bbox: [158 x 211 from (277.368, 131.412)], gid: 0, lid: 0
I1014 14:18:38.847980  7609 work_thread.hpp:87]  [T-Work-Detect_0] Frame :4 split
I1014 14:18:38.847998  7609 work_thread.hpp:119]  [T-Work-Detect_0] Valid piece: gid = 0
I1014 14:18:38.848016  7609 work_thread.hpp:91]  [T-Work-Detect_0] Push to split queue:recog
I1014 14:18:38.848057  7611 work_thread.hpp:81]  [T-Work-Recog_1] Run work: WorkCapture
I1014 14:18:38.848073  7612 thread_intergrate.hpp:78] [T-Intergrate-intergrate] queue: frame output frame :4
I1014 14:18:38.848096  7612 thread_intergrate.hpp:85] [T-Intergrate-intergrate] queue: compare output face:0
I1014 14:18:38.848114  7612 thread_intergrate.hpp:137] T-Intergrate-intergrate set matched face: 0
I1014 14:18:38.848613  7611 work_thread.hpp:81]  [T-Work-Recog_1] Run work: WorkRecog
I1014 14:18:38.848636  7611 work_recog.hpp:89] Face id: 0 will run recog: bbox [158 x 211 from (277, 131)] quality: 0.483509
I1014 14:18:38.848664  7611 work_recog.hpp:96] Recog pair: [232 x 272 from (240, 88)], [158 x 211 from (37, 43)]
I1014 14:18:38.849632  7612 thread_intergrate.hpp:157] T-Intergrate-intergrate Show face :0, size :640 * 360
I1014 14:18:38.850229  7608 demo_inner.hpp:435] thread [SORT-0]  frame id 4 sorting queue size 0   FPS: 20.1342
I1014 14:18:38.850307  7607 demo_inner.hpp:260]  gui queue size 0, state = running
I1014 14:18:38.866999  7611 work_thread.hpp:81]  [T-Work-Recog_1] Run work: WorkCompare
I1014 14:18:38.867494  7611 work_compare.cpp:76] Compare face: 0 successed, similarity :0.995941, name : images/ThangLMb.jpg, normal size : 1548 * 1719!
I1014 14:18:38.888774  7606 demo_inner.hpp:177] decode queue size 0
I1014 14:18:38.888895  7609 work_thread.hpp:81]  [T-Work-Detect_0] Run work: WorkDetect
I1014 14:18:38.888929  7609 work_detect.cpp:102] Succeeded to add det start for frame 5
I1014 14:18:38.895611  7609 work_detect.cpp:70] Frame :5 detect result :1 face(s)
I1014 14:18:38.895635  7609 work_detect.cpp:86] Detected bbox: [164 x 199 from (273, 154)]
I1014 14:18:38.895675  7609 work_detect.cpp:120] Succeeded to add det end for frame 5
I1014 14:18:38.895691  7609 work_thread.hpp:81]  [T-Work-Detect_0] Run work: WrokTrack
I1014 14:18:38.895715  7609 work_track.cpp:82] Frame: 5 build input_characts: [0.25625 x 0.552778 from (0.426562, 0.427778)], 1.00019, 0
I1014 14:18:38.895769  7609 work_track.cpp:102] Succeeded to set track lock for frame 5
I1014 14:18:38.895812  7609 work_track.cpp:116] Succeeded to release track lock for frame 5
I1014 14:18:38.895825  7609 work_track.cpp:120] Track results of frame 5: 1 objects input, 1 objects tracked!
I1014 14:18:38.895843  7609 work_track.cpp:148] Frame: 5, track bbox: [164 x 199 from (272.903, 147.203)], gid: 0, lid: 0
I1014 14:18:38.895879  7609 work_thread.hpp:87]  [T-Work-Detect_0] Frame :5 split
I1014 14:18:38.895897  7609 work_thread.hpp:119]  [T-Work-Detect_0] Valid piece: gid = 0
I1014 14:18:38.895915  7609 work_thread.hpp:91]  [T-Work-Detect_0] Push to split queue:recog
I1014 14:18:38.895957  7610 work_thread.hpp:81]  [T-Work-Recog_0] Run work: WorkCapture
I1014 14:18:38.895978  7612 thread_intergrate.hpp:78] [T-Intergrate-intergrate] queue: frame output frame :5
I1014 14:18:38.896003  7612 thread_intergrate.hpp:85] [T-Intergrate-intergrate] queue: compare output face:0
I1014 14:18:38.896020  7612 thread_intergrate.hpp:137] T-Intergrate-intergrate set matched face: 0
I1014 14:18:38.896569  7610 work_thread.hpp:81]  [T-Work-Recog_0] Run work: WorkRecog
I1014 14:18:38.896594  7610 work_recog.hpp:89] Face id: 0 will run recog: bbox [164 x 199 from (273, 154)] quality: 0.459322
I1014 14:18:38.896623  7610 work_recog.hpp:96] Recog pair: [232 x 248 from (240, 112)], [164 x 199 from (33, 42)]
I1014 14:18:38.897537  7612 thread_intergrate.hpp:157] T-Intergrate-intergrate Show face :0, size :640 * 360
I1014 14:18:38.898131  7608 demo_inner.hpp:435] thread [SORT-0]  frame id 5 sorting queue size 0   FPS: 20.3046
I1014 14:18:38.898222  7607 demo_inner.hpp:260]  gui queue size 0, state = running
I1014 14:18:38.914119  7610 work_thread.hpp:81]  [T-Work-Recog_0] Run work: WorkCompare
I1014 14:18:38.914562  7610 work_compare.cpp:76] Compare face: 0 successed, similarity :0.994449, name : images/ThangLMb.jpg, normal size : 1548 * 1719!
I1014 14:18:38.942701  7606 demo_inner.hpp:177] decode queue size 0
I1014 14:18:38.942821  7609 work_thread.hpp:81]  [T-Work-Detect_0] Run work: WorkDetect
I1014 14:18:38.942859  7609 work_detect.cpp:102] Succeeded to add det start for frame 6
I1014 14:18:38.949834  7609 work_detect.cpp:70] Frame :6 detect result :1 face(s)
I1014 14:18:38.949867  7609 work_detect.cpp:86] Detected bbox: [144 x 204 from (273, 134)]
I1014 14:18:38.949908  7609 work_detect.cpp:120] Succeeded to add det end for frame 6
I1014 14:18:38.949924  7609 work_thread.hpp:81]  [T-Work-Detect_0] Run work: WrokTrack
I1014 14:18:38.949947  7609 work_track.cpp:82] Frame: 6 build input_characts: [0.225 x 0.566667 from (0.426562, 0.372222)], 1.00019, 0
I1014 14:18:38.950002  7609 work_track.cpp:102] Succeeded to set track lock for frame 6
I1014 14:18:38.950042  7609 work_track.cpp:116] Succeeded to release track lock for frame 6
I1014 14:18:38.950055  7609 work_track.cpp:120] Track results of frame 6: 1 objects input, 1 objects tracked!
I1014 14:18:38.950073  7609 work_track.cpp:148] Frame: 6, track bbox: [144 x 204 from (276.977, 140.523)], gid: 0, lid: 0
I1014 14:18:38.950109  7609 work_thread.hpp:87]  [T-Work-Detect_0] Frame :6 split
I1014 14:18:38.950127  7609 work_thread.hpp:119]  [T-Work-Detect_0] Valid piece: gid = 0
I1014 14:18:38.950145  7609 work_thread.hpp:91]  [T-Work-Detect_0] Push to split queue:recog
I1014 14:18:38.950182  7610 work_thread.hpp:81]  [T-Work-Recog_0] Run work: WorkCapture
I1014 14:18:38.950193  7612 thread_intergrate.hpp:78] [T-Intergrate-intergrate] queue: frame output frame :6
I1014 14:18:38.950217  7612 thread_intergrate.hpp:85] [T-Intergrate-intergrate] queue: compare output face:0
I1014 14:18:38.950234  7612 thread_intergrate.hpp:137] T-Intergrate-intergrate set matched face: 0
I1014 14:18:38.950732  7610 work_thread.hpp:81]  [T-Work-Recog_0] Run work: WorkRecog
I1014 14:18:38.950755  7610 work_recog.hpp:89] Face id: 0 will run recog: bbox [144 x 204 from (273, 134)] quality: 0.479149
I1014 14:18:38.950784  7610 work_recog.hpp:96] Recog pair: [208 x 272 from (240, 88)], [144 x 204 from (33, 46)]
I1014 14:18:38.951720  7612 thread_intergrate.hpp:157] T-Intergrate-intergrate Show face :0, size :640 * 360
I1014 14:18:38.952358  7608 demo_inner.hpp:435] thread [SORT-0]  frame id 6 sorting queue size 0   FPS: 19.9203
I1014 14:18:38.952428  7607 demo_inner.hpp:260]  gui queue size 0, state = running
I1014 14:18:38.968341  7610 work_thread.hpp:81]  [T-Work-Recog_0] Run work: WorkCompare
I1014 14:18:38.968802  7610 work_compare.cpp:76] Compare face: 0 successed, similarity :0.996188, name : images/ThangLMb.jpg, normal size : 1548 * 1719!
I1014 14:18:38.991088  7606 demo_inner.hpp:177] decode queue size 0
I1014 14:18:38.991210  7609 work_thread.hpp:81]  [T-Work-Detect_0] Run work: WorkDetect
I1014 14:18:38.991247  7609 work_detect.cpp:102] Succeeded to add det start for frame 7
I1014 14:18:38.997933  7609 work_detect.cpp:70] Frame :7 detect result :1 face(s)
I1014 14:18:38.997965  7609 work_detect.cpp:86] Detected bbox: [166 x 202 from (271, 153)]
I1014 14:18:38.998006  7609 work_detect.cpp:120] Succeeded to add det end for frame 7
I1014 14:18:38.998023  7609 work_thread.hpp:81]  [T-Work-Detect_0] Run work: WrokTrack
I1014 14:18:38.998045  7609 work_track.cpp:82] Frame: 7 build input_characts: [0.259375 x 0.561111 from (0.423438, 0.425)], 1.00019, 0
I1014 14:18:38.998101  7609 work_track.cpp:102] Succeeded to set track lock for frame 7
I1014 14:18:38.998142  7609 work_track.cpp:116] Succeeded to release track lock for frame 7
I1014 14:18:38.998231  7609 work_track.cpp:120] Track results of frame 7: 1 objects input, 1 objects tracked!
I1014 14:18:38.998252  7609 work_track.cpp:148] Frame: 7, track bbox: [166 x 202 from (266.736, 148.258)], gid: 0, lid: 0
I1014 14:18:38.998288  7609 work_thread.hpp:87]  [T-Work-Detect_0] Frame :7 split
I1014 14:18:38.998306  7609 work_thread.hpp:119]  [T-Work-Detect_0] Valid piece: gid = 0
I1014 14:18:38.998324  7609 work_thread.hpp:91]  [T-Work-Detect_0] Push to split queue:recog
I1014 14:18:38.998371  7610 work_thread.hpp:81]  [T-Work-Recog_0] Run work: WorkCapture
I1014 14:18:38.998666  7612 thread_intergrate.hpp:78] [T-Intergrate-intergrate] queue: frame output frame :7
I1014 14:18:38.998690  7612 thread_intergrate.hpp:85] [T-Intergrate-intergrate] queue: compare output face:0
I1014 14:18:38.998708  7612 thread_intergrate.hpp:137] T-Intergrate-intergrate set matched face: 0
I1014 14:18:39.000222  7612 thread_intergrate.hpp:157] T-Intergrate-intergrate Show face :0, size :640 * 360
I1014 14:18:39.000422  7610 work_thread.hpp:81]  [T-Work-Recog_0] Run work: WorkRecog
I1014 14:18:39.000447  7610 work_recog.hpp:89] Face id: 0 will run recog: bbox [166 x 202 from (271, 153)] quality: 0.454971
I1014 14:18:39.000478  7610 work_recog.hpp:96] Recog pair: [240 x 248 from (232, 112)], [166 x 202 from (39, 41)]
I1014 14:18:39.000824  7608 demo_inner.hpp:435] thread [SORT-0]  frame id 7 sorting queue size 0   FPS: 20
I1014 14:18:39.000887  7607 demo_inner.hpp:260]  gui queue size 0, state = running
I1014 14:18:39.021600  7610 work_thread.hpp:81]  [T-Work-Recog_0] Run work: WorkCompare
I1014 14:18:39.022068  7610 work_compare.cpp:76] Compare face: 0 successed, similarity :0.994953, name : images/ThangLMb.jpg, normal size : 1548 * 1719!
I1014 14:18:39.039168  7606 demo_inner.hpp:177] decode queue size 0
I1014 14:18:39.039316  7609 work_thread.hpp:81]  [T-Work-Detect_0] Run work: WorkDetect
I1014 14:18:39.039366  7609 work_detect.cpp:102] Succeeded to add det start for frame 8
I1014 14:18:39.046778  7609 work_detect.cpp:70] Frame :8 detect result :1 face(s)
I1014 14:18:39.046816  7609 work_detect.cpp:86] Detected bbox: [148 x 209 from (272, 131)]
I1014 14:18:39.046865  7609 work_detect.cpp:120] Succeeded to add det end for frame 8
I1014 14:18:39.046882  7609 work_thread.hpp:81]  [T-Work-Detect_0] Run work: WrokTrack
I1014 14:18:39.046906  7609 work_track.cpp:82] Frame: 8 build input_characts: [0.23125 x 0.580556 from (0.425, 0.363889)], 0.999622, 0
I1014 14:18:39.046988  7609 work_track.cpp:102] Succeeded to set track lock for frame 8
I1014 14:18:39.047026  7609 work_track.cpp:116] Succeeded to release track lock for frame 8
I1014 14:18:39.047041  7609 work_track.cpp:120] Track results of frame 8: 1 objects input, 1 objects tracked!
I1014 14:18:39.047060  7609 work_track.cpp:148] Frame: 8, track bbox: [148 x 209 from (272.805, 139.36)], gid: 0, lid: 0
I1014 14:18:39.047104  7609 work_thread.hpp:87]  [T-Work-Detect_0] Frame :8 split
I1014 14:18:39.047123  7609 work_thread.hpp:119]  [T-Work-Detect_0] Valid piece: gid = 0
I1014 14:18:39.047142  7609 work_thread.hpp:91]  [T-Work-Detect_0] Push to split queue:recog
I1014 14:18:39.047189  7611 work_thread.hpp:81]  [T-Work-Recog_1] Run work: WorkCapture
I1014 14:18:39.047474  7612 thread_intergrate.hpp:78] [T-Intergrate-intergrate] queue: frame output frame :8
I1014 14:18:39.047502  7612 thread_intergrate.hpp:85] [T-Intergrate-intergrate] queue: compare output face:0
I1014 14:18:39.047520  7612 thread_intergrate.hpp:137] T-Intergrate-intergrate set matched face: 0
I1014 14:18:39.049013  7612 thread_intergrate.hpp:157] T-Intergrate-intergrate Show face :0, size :640 * 360
I1014 14:18:39.049227  7611 work_thread.hpp:81]  [T-Work-Recog_1] Run work: WorkRecog
I1014 14:18:39.049253  7611 work_recog.hpp:89] Face id: 0 will run recog: bbox [148 x 209 from (272, 131)] quality: 0.479705
I1014 14:18:39.049284  7611 work_recog.hpp:96] Recog pair: [216 x 272 from (240, 88)], [148 x 209 from (32, 43)]
I1014 14:18:39.049576  7608 demo_inner.hpp:435] thread [SORT-0]  frame id 8 sorting queue size 0   FPS: 20.0573
I1014 14:18:39.049768  7607 demo_inner.hpp:260]  gui queue size 0, state = running
I1014 14:18:39.068143  7611 work_thread.hpp:81]  [T-Work-Recog_1] Run work: WorkCompare
I1014 14:18:39.068646  7611 work_compare.cpp:76] Compare face: 0 successed, similarity :0.996284, name : images/ThangLMb.jpg, normal size : 1548 * 1719!
I1014 14:18:39.092744  7606 demo_inner.hpp:177] decode queue size 0
I1014 14:18:39.092860  7609 work_thread.hpp:81]  [T-Work-Detect_0] Run work: WorkDetect
I1014 14:18:39.092898  7609 work_detect.cpp:102] Succeeded to add det start for frame 9
I1014 14:18:39.100390  7609 work_detect.cpp:70] Frame :9 detect result :1 face(s)
I1014 14:18:39.100438  7609 work_detect.cpp:86] Detected bbox: [152 x 214 from (270, 130)]
I1014 14:18:39.100488  7609 work_detect.cpp:120] Succeeded to add det end for frame 9
I1014 14:18:39.100505  7609 work_thread.hpp:81]  [T-Work-Detect_0] Run work: WrokTrack
I1014 14:18:39.100530  7609 work_track.cpp:82] Frame: 9 build input_characts: [0.2375 x 0.594444 from (0.421875, 0.361111)], 1.00035, 0
I1014 14:18:39.100610  7609 work_track.cpp:102] Succeeded to set track lock for frame 9
I1014 14:18:39.100652  7609 work_track.cpp:116] Succeeded to release track lock for frame 9
I1014 14:18:39.100667  7609 work_track.cpp:120] Track results of frame 9: 1 objects input, 1 objects tracked!
I1014 14:18:39.100685  7609 work_track.cpp:148] Frame: 9, track bbox: [152 x 214 from (269.477, 132.694)], gid: 0, lid: 0
I1014 14:18:39.100723  7609 work_thread.hpp:87]  [T-Work-Detect_0] Frame :9 split
I1014 14:18:39.100749  7609 work_thread.hpp:119]  [T-Work-Detect_0] Valid piece: gid = 0
I1014 14:18:39.100767  7609 work_thread.hpp:91]  [T-Work-Detect_0] Push to split queue:recog
I1014 14:18:39.100816  7610 work_thread.hpp:81]  [T-Work-Recog_0] Run work: WorkCapture
I1014 14:18:39.100843  7612 thread_intergrate.hpp:78] [T-Intergrate-intergrate] queue: frame output frame :9
I1014 14:18:39.100877  7612 thread_intergrate.hpp:85] [T-Intergrate-intergrate] queue: compare output face:0
I1014 14:18:39.100894  7612 thread_intergrate.hpp:137] T-Intergrate-intergrate set matched face: 0
I1014 14:18:39.101369  7610 work_thread.hpp:81]  [T-Work-Recog_0] Run work: WorkRecog
I1014 14:18:39.101394  7610 work_recog.hpp:89] Face id: 0 will run recog: bbox [152 x 214 from (270, 130)] quality: 0.4849
I1014 14:18:39.101423  7610 work_recog.hpp:96] Recog pair: [216 x 272 from (240, 88)], [152 x 214 from (30, 42)]
I1014 14:18:39.102680  7612 thread_intergrate.hpp:157] T-Intergrate-intergrate Show face :0, size :640 * 360
I1014 14:18:39.103467  7608 demo_inner.hpp:435] thread [SORT-0]  frame id 9 sorting queue size 0   FPS: 19.9005
I1014 14:18:39.103535  7607 demo_inner.hpp:260]  gui queue size 0, state = running
I1014 14:18:39.120862  7610 work_thread.hpp:81]  [T-Work-Recog_0] Run work: WorkCompare
I1014 14:18:39.121333  7610 work_compare.cpp:76] Compare face: 0 successed, similarity :0.997191, name : images/ThangLMb.jpg, normal size : 1548 * 1719!
I1014 14:18:39.140831  7606 demo_inner.hpp:177] decode queue size 0
I1014 14:18:39.140940  7609 work_thread.hpp:81]  [T-Work-Detect_0] Run work: WorkDetect
I1014 14:18:39.140990  7609 work_detect.cpp:102] Succeeded to add det start for frame 10
I1014 14:18:39.148599  7609 work_detect.cpp:70] Frame :10 detect result :1 face(s)
I1014 14:18:39.148645  7609 work_detect.cpp:86] Detected bbox: [161 x 209 from (272, 133)]
I1014 14:18:39.148689  7609 work_detect.cpp:120] Succeeded to add det end for frame 10
I1014 14:18:39.148705  7609 work_thread.hpp:81]  [T-Work-Detect_0] Run work: WrokTrack
I1014 14:18:39.148806  7609 work_track.cpp:82] Frame: 10 build input_characts: [0.251563 x 0.580556 from (0.425, 0.369444)], 1.00035, 0
I1014 14:18:39.148885  7609 work_track.cpp:102] Succeeded to set track lock for frame 10
I1014 14:18:39.148926  7609 work_track.cpp:116] Succeeded to release track lock for frame 10
I1014 14:18:39.148941  7609 work_track.cpp:120] Track results of frame 10: 1 objects input, 1 objects tracked!
I1014 14:18:39.148965  7609 work_track.cpp:148] Frame: 10, track bbox: [161 x 209 from (268.001, 130.931)], gid: 0, lid: 0
I1014 14:18:39.149096  7609 work_thread.hpp:87]  [T-Work-Detect_0] Frame :10 split
I1014 14:18:39.149116  7609 work_thread.hpp:119]  [T-Work-Detect_0] Valid piece: gid = 0
I1014 14:18:39.149134  7609 work_thread.hpp:91]  [T-Work-Detect_0] Push to split queue:recog
I1014 14:18:39.149183  7611 work_thread.hpp:81]  [T-Work-Recog_1] Run work: WorkCapture
I1014 14:18:39.149188  7612 thread_intergrate.hpp:78] [T-Intergrate-intergrate] queue: frame output frame :10
I1014 14:18:39.149276  7612 thread_intergrate.hpp:85] [T-Intergrate-intergrate] queue: compare output face:0
I1014 14:18:39.149293  7612 thread_intergrate.hpp:137] T-Intergrate-intergrate set matched face: 0
I1014 14:18:39.149744  7611 work_thread.hpp:81]  [T-Work-Recog_1] Run work: WorkRecog
I1014 14:18:39.149768  7611 work_recog.hpp:89] Face id: 0 will run recog: bbox [161 x 209 from (272, 133)] quality: 0.489369
I1014 14:18:39.149799  7611 work_recog.hpp:96] Recog pair: [232 x 272 from (240, 88)], [161 x 209 from (32, 45)]
I1014 14:18:39.151006  7612 thread_intergrate.hpp:157] T-Intergrate-intergrate Show face :0, size :640 * 360
I1014 14:18:39.151684  7608 demo_inner.hpp:435] thread [SORT-0]  frame id 10 sorting queue size 0   FPS: 19.9557
I1014 14:18:39.151751  7607 demo_inner.hpp:260]  gui queue size 0, state = running
I1014 14:18:39.169471  7611 work_thread.hpp:81]  [T-Work-Recog_1] Run work: WorkCompare
I1014 14:18:39.169936  7611 work_compare.cpp:76] Compare face: 0 successed, similarity :0.996795, name : images/ThangLMb.jpg, normal size : 1548 * 1719!
I1014 14:18:39.189581  7606 demo_inner.hpp:177] decode queue size 0
I1014 14:18:39.189700  7609 work_thread.hpp:81]  [T-Work-Detect_0] Run work: WorkDetect
I1014 14:18:39.189738  7609 work_detect.cpp:102] Succeeded to add det start for frame 11
I1014 14:18:39.196379  7609 work_detect.cpp:70] Frame :11 detect result :1 face(s)
I1014 14:18:39.196414  7609 work_detect.cpp:86] Detected bbox: [160 x 210 from (273, 131)]
I1014 14:18:39.196457  7609 work_detect.cpp:120] Succeeded to add det end for frame 11
I1014 14:18:39.196473  7609 work_thread.hpp:81]  [T-Work-Detect_0] Run work: WrokTrack
I1014 14:18:39.196497  7609 work_track.cpp:82] Frame: 11 build input_characts: [0.25 x 0.583333 from (0.426562, 0.363889)], 1.00019, 0
I1014 14:18:39.196552  7609 work_track.cpp:102] Succeeded to set track lock for frame 11
I1014 14:18:39.196591  7609 work_track.cpp:116] Succeeded to release track lock for frame 11
I1014 14:18:39.196606  7609 work_track.cpp:120] Track results of frame 11: 1 objects input, 1 objects tracked!
I1014 14:18:39.196624  7609 work_track.cpp:148] Frame: 11, track bbox: [160 x 210 from (271.95, 130.906)], gid: 0, lid: 0
I1014 14:18:39.196660  7609 work_thread.hpp:87]  [T-Work-Detect_0] Frame :11 split
I1014 14:18:39.196677  7609 work_thread.hpp:119]  [T-Work-Detect_0] Valid piece: gid = 0
I1014 14:18:39.196696  7609 work_thread.hpp:91]  [T-Work-Detect_0] Push to split queue:recog
I1014 14:18:39.196744  7611 work_thread.hpp:81]  [T-Work-Recog_1] Run work: WorkCapture
I1014 14:18:39.196753  7612 thread_intergrate.hpp:78] [T-Intergrate-intergrate] queue: frame output frame :11
I1014 14:18:39.196777  7612 thread_intergrate.hpp:85] [T-Intergrate-intergrate] queue: compare output face:0
I1014 14:18:39.196796  7612 thread_intergrate.hpp:137] T-Intergrate-intergrate set matched face: 0
I1014 14:18:39.197414  7611 work_thread.hpp:81]  [T-Work-Recog_1] Run work: WorkRecog
I1014 14:18:39.197465  7611 work_recog.hpp:89] Face id: 0 will run recog: bbox [160 x 210 from (273, 131)] quality: 0.480885
I1014 14:18:39.197499  7611 work_recog.hpp:96] Recog pair: [232 x 272 from (240, 88)], [160 x 210 from (33, 43)]
I1014 14:18:39.198216  7612 thread_intergrate.hpp:157] T-Intergrate-intergrate Show face :0, size :640 * 360
I1014 14:18:39.198782  7608 demo_inner.hpp:435] thread [SORT-0]  frame id 11 sorting queue size 0   FPS: 20.0803
I1014 14:18:39.198860  7607 demo_inner.hpp:260]  gui queue size 0, state = running
I1014 14:18:39.217314  7611 work_thread.hpp:81]  [T-Work-Recog_1] Run work: WorkCompare
I1014 14:18:39.217931  7611 work_compare.cpp:76] Compare face: 0 successed, similarity :0.997354, name : images/ThangLMb.jpg, normal size : 1548 * 1719!
I1014 14:18:39.242911  7606 demo_inner.hpp:177] decode queue size 0
I1014 14:18:39.243016  7609 work_thread.hpp:81]  [T-Work-Detect_0] Run work: WorkDetect
I1014 14:18:39.243053  7609 work_detect.cpp:102] Succeeded to add det start for frame 12
I1014 14:18:39.249749  7609 work_detect.cpp:70] Frame :12 detect result :1 face(s)
I1014 14:18:39.249791  7609 work_detect.cpp:86] Detected bbox: [157 x 206 from (275, 136)]
I1014 14:18:39.249835  7609 work_detect.cpp:120] Succeeded to add det end for frame 12
I1014 14:18:39.249850  7609 work_thread.hpp:81]  [T-Work-Detect_0] Run work: WrokTrack
I1014 14:18:39.249874  7609 work_track.cpp:82] Frame: 12 build input_characts: [0.245312 x 0.572222 from (0.429688, 0.377778)], 0.999622, 0
I1014 14:18:39.249929  7609 work_track.cpp:102] Succeeded to set track lock for frame 12
I1014 14:18:39.249969  7609 work_track.cpp:116] Succeeded to release track lock for frame 12
I1014 14:18:39.249984  7609 work_track.cpp:120] Track results of frame 12: 1 objects input, 1 objects tracked!
I1014 14:18:39.250001  7609 work_track.cpp:148] Frame: 12, track bbox: [157 x 206 from (274.132, 131.625)], gid: 0, lid: 0
I1014 14:18:39.250037  7609 work_thread.hpp:87]  [T-Work-Detect_0] Frame :12 split
I1014 14:18:39.250056  7609 work_thread.hpp:119]  [T-Work-Detect_0] Valid piece: gid = 0
I1014 14:18:39.250073  7609 work_thread.hpp:91]  [T-Work-Detect_0] Push to split queue:recog
I1014 14:18:39.250121  7610 work_thread.hpp:81]  [T-Work-Recog_0] Run work: WorkCapture
I1014 14:18:39.250422  7612 thread_intergrate.hpp:78] [T-Intergrate-intergrate] queue: frame output frame :12
I1014 14:18:39.250448  7612 thread_intergrate.hpp:85] [T-Intergrate-intergrate] queue: compare output face:0
I1014 14:18:39.250466  7612 thread_intergrate.hpp:137] T-Intergrate-intergrate set matched face: 0
I1014 14:18:39.251876  7612 thread_intergrate.hpp:157] T-Intergrate-intergrate Show face :0, size :640 * 360
I1014 14:18:39.252440  7608 demo_inner.hpp:435] thread [SORT-0]  frame id 12 sorting queue size 0   FPS: 19.9637
I1014 14:18:39.252568  7610 work_thread.hpp:81]  [T-Work-Recog_0] Run work: WorkRecog
I1014 14:18:39.252594  7610 work_recog.hpp:89] Face id: 0 will run recog: bbox [157 x 206 from (275, 136)] quality: 0.483307
I1014 14:18:39.252624  7610 work_recog.hpp:96] Recog pair: [224 x 272 from (240, 88)], [157 x 206 from (35, 48)]
I1014 14:18:39.253680  7607 demo_inner.hpp:260]  gui queue size 0, state = running
I1014 14:18:39.272778  7610 work_thread.hpp:81]  [T-Work-Recog_0] Run work: WorkCompare
I1014 14:18:39.273257  7610 work_compare.cpp:76] Compare face: 0 successed, similarity :0.99683, name : images/ThangLMb.jpg, normal size : 1548 * 1719!
I1014 14:18:39.291393  7606 demo_inner.hpp:177] decode queue size 0
I1014 14:18:39.291546  7609 work_thread.hpp:81]  [T-Work-Detect_0] Run work: WorkDetect
I1014 14:18:39.291584  7609 work_detect.cpp:102] Succeeded to add det start for frame 13
I1014 14:18:39.298655  7609 work_detect.cpp:70] Frame :13 detect result :1 face(s)
I1014 14:18:39.298715  7609 work_detect.cpp:86] Detected bbox: [157 x 207 from (275, 134)]
I1014 14:18:39.298764  7609 work_detect.cpp:120] Succeeded to add det end for frame 13
I1014 14:18:39.298782  7609 work_thread.hpp:81]  [T-Work-Detect_0] Run work: WrokTrack
I1014 14:18:39.298810  7609 work_track.cpp:82] Frame: 13 build input_characts: [0.245312 x 0.575 from (0.429688, 0.372222)], 1.00019, 0
I1014 14:18:39.298869  7609 work_track.cpp:102] Succeeded to set track lock for frame 13
I1014 14:18:39.298913  7609 work_track.cpp:116] Succeeded to release track lock for frame 13
I1014 14:18:39.298926  7609 work_track.cpp:120] Track results of frame 13: 1 objects input, 1 objects tracked!
I1014 14:18:39.298945  7609 work_track.cpp:148] Frame: 13, track bbox: [157 x 207 from (276.577, 134.619)], gid: 0, lid: 0
I1014 14:18:39.298983  7609 work_thread.hpp:87]  [T-Work-Detect_0] Frame :13 split
I1014 14:18:39.299088  7609 work_thread.hpp:119]  [T-Work-Detect_0] Valid piece: gid = 0
I1014 14:18:39.299110  7609 work_thread.hpp:91]  [T-Work-Detect_0] Push to split queue:recog
I1014 14:18:39.299170  7610 work_thread.hpp:81]  [T-Work-Recog_0] Run work: WorkCapture
I1014 14:18:39.299512  7612 thread_intergrate.hpp:78] [T-Intergrate-intergrate] queue: frame output frame :13
I1014 14:18:39.299540  7612 thread_intergrate.hpp:85] [T-Intergrate-intergrate] queue: compare output face:0
I1014 14:18:39.299558  7612 thread_intergrate.hpp:137] T-Intergrate-intergrate set matched face: 0
I1014 14:18:39.301177  7612 thread_intergrate.hpp:157] T-Intergrate-intergrate Show face :0, size :640 * 360
I1014 14:18:39.301828  7608 demo_inner.hpp:435] thread [SORT-0]  frame id 13 sorting queue size 0   FPS: 19.9667
I1014 14:18:39.301945  7607 demo_inner.hpp:260]  gui queue size 0, state = running
I1014 14:18:39.301997  7610 work_thread.hpp:81]  [T-Work-Recog_0] Run work: WorkRecog
I1014 14:18:39.302029  7610 work_recog.hpp:89] Face id: 0 will run recog: bbox [157 x 207 from (275, 134)] quality: 0.481176
I1014 14:18:39.302064  7610 work_recog.hpp:96] Recog pair: [224 x 272 from (240, 88)], [157 x 207 from (35, 46)]
I1014 14:18:39.321290  7610 work_thread.hpp:81]  [T-Work-Recog_0] Run work: WorkCompare
I1014 14:18:39.321761  7610 work_compare.cpp:76] Compare face: 0 successed, similarity :0.995731, name : images/ThangLMb.jpg, normal size : 1548 * 1719!
I1014 14:18:39.338964  7606 demo_inner.hpp:177] decode queue size 0
I1014 14:18:39.339067  7609 work_thread.hpp:81]  [T-Work-Detect_0] Run work: WorkDetect
I1014 14:18:39.339102  7609 work_detect.cpp:102] Succeeded to add det start for frame 14
I1014 14:18:39.345778  7609 work_detect.cpp:70] Frame :14 detect result :1 face(s)
I1014 14:18:39.345826  7609 work_detect.cpp:86] Detected bbox: [162 x 212 from (274, 133)]
I1014 14:18:39.345870  7609 work_detect.cpp:120] Succeeded to add det end for frame 14
I1014 14:18:39.345886  7609 work_thread.hpp:81]  [T-Work-Detect_0] Run work: WrokTrack
I1014 14:18:39.345911  7609 work_track.cpp:82] Frame: 14 build input_characts: [0.253125 x 0.588889 from (0.428125, 0.369444)], 1.00019, 0
I1014 14:18:39.345964  7609 work_track.cpp:102] Succeeded to set track lock for frame 14
I1014 14:18:39.346004  7609 work_track.cpp:116] Succeeded to release track lock for frame 14
I1014 14:18:39.346019  7609 work_track.cpp:120] Track results of frame 14: 1 objects input, 1 objects tracked!
I1014 14:18:39.346036  7609 work_track.cpp:148] Frame: 14, track bbox: [162 x 212 from (274.718, 132.599)], gid: 0, lid: 0
I1014 14:18:39.346071  7609 work_thread.hpp:87]  [T-Work-Detect_0] Frame :14 split
I1014 14:18:39.346088  7609 work_thread.hpp:119]  [T-Work-Detect_0] Valid piece: gid = 0
I1014 14:18:39.346107  7609 work_thread.hpp:91]  [T-Work-Detect_0] Push to split queue:recog
I1014 14:18:39.346155  7611 work_thread.hpp:81]  [T-Work-Recog_1] Run work: WorkCapture
I1014 14:18:39.346158  7612 thread_intergrate.hpp:78] [T-Intergrate-intergrate] queue: frame output frame :14
I1014 14:18:39.346192  7612 thread_intergrate.hpp:85] [T-Intergrate-intergrate] queue: compare output face:0
I1014 14:18:39.346210  7612 thread_intergrate.hpp:137] T-Intergrate-intergrate set matched face: 0
I1014 14:18:39.346843  7611 work_thread.hpp:81]  [T-Work-Recog_1] Run work: WorkRecog
I1014 14:18:39.346869  7611 work_recog.hpp:89] Face id: 0 will run recog: bbox [162 x 212 from (274, 133)] quality: 0.486454
I1014 14:18:39.346901  7611 work_recog.hpp:96] Recog pair: [232 x 272 from (240, 88)], [162 x 212 from (34, 45)]
I1014 14:18:39.347627  7612 thread_intergrate.hpp:157] T-Intergrate-intergrate Show face :0, size :640 * 360
I1014 14:18:39.348152  7608 demo_inner.hpp:435] thread [SORT-0]  frame id 14 sorting queue size 0   FPS: 20.0927
I1014 14:18:39.348243  7607 demo_inner.hpp:260]  gui queue size 0, state = running
I1014 14:18:39.365526  7611 work_thread.hpp:81]  [T-Work-Recog_1] Run work: WorkCompare
I1014 14:18:39.366294  7611 work_compare.cpp:76] Compare face: 0 successed, similarity :0.995696, name : images/ThangLMb.jpg, normal size : 1548 * 1719!
I1014 14:18:39.393194  7606 demo_inner.hpp:177] decode queue size 0
I1014 14:18:39.393296  7609 work_thread.hpp:81]  [T-Work-Detect_0] Run work: WorkDetect
I1014 14:18:39.393332  7609 work_detect.cpp:102] Succeeded to add det start for frame 15
I1014 14:18:39.399962  7609 work_detect.cpp:70] Frame :15 detect result :1 face(s)
I1014 14:18:39.400002  7609 work_detect.cpp:86] Detected bbox: [164 x 217 from (273, 128)]
I1014 14:18:39.400044  7609 work_detect.cpp:120] Succeeded to add det end for frame 15
I1014 14:18:39.400060  7609 work_thread.hpp:81]  [T-Work-Detect_0] Run work: WrokTrack
I1014 14:18:39.400084  7609 work_track.cpp:82] Frame: 15 build input_characts: [0.25625 x 0.602778 from (0.426562, 0.355556)], 0.999622, 0
I1014 14:18:39.400140  7609 work_track.cpp:102] Succeeded to set track lock for frame 15
I1014 14:18:39.400202  7609 work_track.cpp:116] Succeeded to release track lock for frame 15
I1014 14:18:39.400218  7609 work_track.cpp:120] Track results of frame 15: 1 objects input, 1 objects tracked!
I1014 14:18:39.400235  7609 work_track.cpp:148] Frame: 15, track bbox: [164 x 217 from (273.078, 129.259)], gid: 0, lid: 0
I1014 14:18:39.400272  7609 work_thread.hpp:87]  [T-Work-Detect_0] Frame :15 split
I1014 14:18:39.400290  7609 work_thread.hpp:119]  [T-Work-Detect_0] Valid piece: gid = 0
I1014 14:18:39.400307  7609 work_thread.hpp:91]  [T-Work-Detect_0] Push to split queue:recog
I1014 14:18:39.400357  7610 work_thread.hpp:81]  [T-Work-Recog_0] Run work: WorkCapture
I1014 14:18:39.400658  7612 thread_intergrate.hpp:78] [T-Intergrate-intergrate] queue: frame output frame :15
I1014 14:18:39.400683  7612 thread_intergrate.hpp:85] [T-Intergrate-intergrate] queue: compare output face:0
I1014 14:18:39.400701  7612 thread_intergrate.hpp:137] T-Intergrate-intergrate set matched face: 0
I1014 14:18:39.401352  7610 work_thread.hpp:81]  [T-Work-Recog_0] Run work: WorkRecog
I1014 14:18:39.401379  7610 work_recog.hpp:89] Face id: 0 will run recog: bbox [164 x 217 from (273, 128)] quality: 0.480931
I1014 14:18:39.401409  7610 work_recog.hpp:96] Recog pair: [232 x 280 from (240, 80)], [164 x 217 from (33, 48)]
I1014 14:18:39.402104  7612 thread_intergrate.hpp:157] T-Intergrate-intergrate Show face :0, size :640 * 360
I1014 14:18:39.402616  7608 demo_inner.hpp:435] thread [SORT-0]  frame id 15 sorting queue size 0   FPS: 19.943
I1014 14:18:39.402679  7607 demo_inner.hpp:260]  gui queue size 0, state = running
I1014 14:18:39.420280  7610 work_thread.hpp:81]  [T-Work-Recog_0] Run work: WorkCompare
I1014 14:18:39.420794  7610 work_compare.cpp:76] Compare face: 0 successed, similarity :0.996832, name : images/ThangLMb.jpg, normal size : 1548 * 1719!
I1014 14:18:39.441228  7606 demo_inner.hpp:177] decode queue size 0
I1014 14:18:39.441330  7609 work_thread.hpp:81]  [T-Work-Detect_0] Run work: WorkDetect
I1014 14:18:39.441365  7609 work_detect.cpp:102] Succeeded to add det start for frame 16
I1014 14:18:39.447978  7609 work_detect.cpp:70] Frame :16 detect result :1 face(s)
I1014 14:18:39.448021  7609 work_detect.cpp:86] Detected bbox: [164 x 215 from (272, 133)]
I1014 14:18:39.448065  7609 work_detect.cpp:120] Succeeded to add det end for frame 16
I1014 14:18:39.448081  7609 work_thread.hpp:81]  [T-Work-Detect_0] Run work: WrokTrack
I1014 14:18:39.448105  7609 work_track.cpp:82] Frame: 16 build input_characts: [0.25625 x 0.597222 from (0.425, 0.369444)], 1.00019, 0
I1014 14:18:39.448171  7609 work_track.cpp:102] Succeeded to set track lock for frame 16
I1014 14:18:39.448212  7609 work_track.cpp:116] Succeeded to release track lock for frame 16
I1014 14:18:39.448227  7609 work_track.cpp:120] Track results of frame 16: 1 objects input, 1 objects tracked!
I1014 14:18:39.448244  7609 work_track.cpp:148] Frame: 16, track bbox: [164 x 215 from (272.771, 131.759)], gid: 0, lid: 0
I1014 14:18:39.448280  7609 work_thread.hpp:87]  [T-Work-Detect_0] Frame :16 split
I1014 14:18:39.448298  7609 work_thread.hpp:119]  [T-Work-Detect_0] Valid piece: gid = 0
I1014 14:18:39.448387  7609 work_thread.hpp:91]  [T-Work-Detect_0] Push to split queue:recog
I1014 14:18:39.448444  7612 thread_intergrate.hpp:78] [T-Intergrate-intergrate] queue: frame output frame :16
I1014 14:18:39.448459  7610 work_thread.hpp:81]  [T-Work-Recog_0] Run work: WorkCapture
I1014 14:18:39.448468  7612 thread_intergrate.hpp:85] [T-Intergrate-intergrate] queue: compare output face:0
I1014 14:18:39.448487  7612 thread_intergrate.hpp:137] T-Intergrate-intergrate set matched face: 0
I1014 14:18:39.449070  7610 work_thread.hpp:81]  [T-Work-Recog_0] Run work: WorkRecog
I1014 14:18:39.449097  7610 work_recog.hpp:89] Face id: 0 will run recog: bbox [164 x 215 from (272, 133)] quality: 0.487368
I1014 14:18:39.449128  7610 work_recog.hpp:96] Recog pair: [232 x 272 from (240, 88)], [164 x 215 from (32, 45)]
I1014 14:18:39.449892  7612 thread_intergrate.hpp:157] T-Intergrate-intergrate Show face :0, size :640 * 360
I1014 14:18:39.450414  7608 demo_inner.hpp:435] thread [SORT-0]  frame id 16 sorting queue size 0   FPS: 20.0267
I1014 14:18:39.450491  7607 demo_inner.hpp:260]  gui queue size 0, state = running
I1014 14:18:39.467770  7610 work_thread.hpp:81]  [T-Work-Recog_0] Run work: WorkCompare
I1014 14:18:39.468590  7610 work_compare.cpp:76] Compare face: 0 successed, similarity :0.996546, name : images/ThangLMb.jpg, normal size : 1548 * 1719!
I1014 14:18:39.489326  7606 demo_inner.hpp:177] decode queue size 0
I1014 14:18:39.489423  7609 work_thread.hpp:81]  [T-Work-Detect_0] Run work: WorkDetect
I1014 14:18:39.489459  7609 work_detect.cpp:102] Succeeded to add det start for frame 17
I1014 14:18:39.496111  7609 work_detect.cpp:70] Frame :17 detect result :1 face(s)
I1014 14:18:39.496170  7609 work_detect.cpp:86] Detected bbox: [163 x 211 from (272, 133)]
I1014 14:18:39.496215  7609 work_detect.cpp:120] Succeeded to add det end for frame 17
I1014 14:18:39.496232  7609 work_thread.hpp:81]  [T-Work-Detect_0] Run work: WrokTrack
I1014 14:18:39.496255  7609 work_track.cpp:82] Frame: 17 build input_characts: [0.254687 x 0.586111 from (0.425, 0.369444)], 1.00019, 0
I1014 14:18:39.496310  7609 work_track.cpp:102] Succeeded to set track lock for frame 17
I1014 14:18:39.496349  7609 work_track.cpp:116] Succeeded to release track lock for frame 17
I1014 14:18:39.496364  7609 work_track.cpp:120] Track results of frame 17: 1 objects input, 1 objects tracked!
I1014 14:18:39.496382  7609 work_track.cpp:148] Frame: 17, track bbox: [163 x 211 from (272.694, 133.28)], gid: 0, lid: 0
I1014 14:18:39.496418  7609 work_thread.hpp:87]  [T-Work-Detect_0] Frame :17 split
I1014 14:18:39.496436  7609 work_thread.hpp:119]  [T-Work-Detect_0] Valid piece: gid = 0
I1014 14:18:39.496454  7609 work_thread.hpp:91]  [T-Work-Detect_0] Push to split queue:recog
I1014 14:18:39.496507  7611 work_thread.hpp:81]  [T-Work-Recog_1] Run work: WorkCapture
I1014 14:18:39.496510  7612 thread_intergrate.hpp:78] [T-Intergrate-intergrate] queue: frame output frame :17
I1014 14:18:39.496572  7612 thread_intergrate.hpp:85] [T-Intergrate-intergrate] queue: compare output face:0
I1014 14:18:39.496592  7612 thread_intergrate.hpp:137] T-Intergrate-intergrate set matched face: 0
I1014 14:18:39.497131  7611 work_thread.hpp:81]  [T-Work-Recog_1] Run work: WorkRecog
I1014 14:18:39.497156  7611 work_recog.hpp:89] Face id: 0 will run recog: bbox [163 x 211 from (272, 133)] quality: 0.474702
I1014 14:18:39.497196  7611 work_recog.hpp:96] Recog pair: [232 x 272 from (240, 88)], [163 x 211 from (32, 45)]
I1014 14:18:39.497997  7612 thread_intergrate.hpp:157] T-Intergrate-intergrate Show face :0, size :640 * 360
I1014 14:18:39.498512  7608 demo_inner.hpp:435] thread [SORT-0]  frame id 17 sorting queue size 0   FPS: 20.0501
I1014 14:18:39.498579  7607 demo_inner.hpp:260]  gui queue size 0, state = running
I1014 14:18:39.515815  7611 work_thread.hpp:81]  [T-Work-Recog_1] Run work: WorkCompare
I1014 14:18:39.516631  7611 work_compare.cpp:76] Compare face: 0 successed, similarity :0.997201, name : images/ThangLMb.jpg, normal size : 1548 * 1719!
I1014 14:18:39.543259  7606 demo_inner.hpp:177] decode queue size 0
I1014 14:18:39.543448  7609 work_thread.hpp:81]  [T-Work-Detect_0] Run work: WorkDetect
I1014 14:18:39.543484  7609 work_detect.cpp:102] Succeeded to add det start for frame 18
I1014 14:18:39.550235  7609 work_detect.cpp:70] Frame :18 detect result :1 face(s)
I1014 14:18:39.550277  7609 work_detect.cpp:86] Detected bbox: [162 x 224 from (266, 127)]
I1014 14:18:39.550319  7609 work_detect.cpp:120] Succeeded to add det end for frame 18
I1014 14:18:39.550336  7609 work_thread.hpp:81]  [T-Work-Detect_0] Run work: WrokTrack
