Log file created at: 2019/10/14 12:24:30
Running on machine: zcu104
Log line format: [IWEF]mmdd hh:mm:ss.uuuuuu threadid file:line] msg
I1014 12:24:30.442081  6055 feature_lib.cpp:109] Feature lib read name: images/HaDM.jpg
I1014 12:24:30.443006  6055 feature_lib.cpp:131] Read lib face : images/HaDM.jpg
I1014 12:24:30.443035  6055 feature_lib.cpp:109] Feature lib read name: images/HaiHV.jpg
I1014 12:24:30.443428  6055 feature_lib.cpp:131] Read lib face : images/HaiHV.jpg
I1014 12:24:30.443449  6055 feature_lib.cpp:109] Feature lib read name: images/SonNNe.jpg
I1014 12:24:30.443836  6055 feature_lib.cpp:131] Read lib face : images/SonNNe.jpg
I1014 12:24:30.443856  6055 feature_lib.cpp:109] Feature lib read name: images/TungDM.jpg
I1014 12:24:30.444250  6055 feature_lib.cpp:131] Read lib face : images/TungDM.jpg
I1014 12:24:30.444270  6055 feature_lib.cpp:109] Feature lib read name: images/HungVTc.png
I1014 12:24:30.444669  6055 feature_lib.cpp:131] Read lib face : images/HungVTc.png
I1014 12:24:30.444698  6055 feature_lib.cpp:109] Feature lib read name: images/DangVHb.jpg
I1014 12:24:30.445081  6055 feature_lib.cpp:131] Read lib face : images/DangVHb.jpg
I1014 12:24:30.445101  6055 feature_lib.cpp:109] Feature lib read name: images/hungndn.jpg
I1014 12:24:30.445482  6055 feature_lib.cpp:131] Read lib face : images/hungndn.jpg
I1014 12:24:30.445502  6055 feature_lib.cpp:109] Feature lib read name: images/HieuPV.jpg
I1014 12:24:30.445881  6055 feature_lib.cpp:131] Read lib face : images/HieuPV.jpg
I1014 12:24:30.445899  6055 feature_lib.cpp:109] Feature lib read name: images/HuyNQz.png
I1014 12:24:30.446317  6055 feature_lib.cpp:131] Read lib face : images/HuyNQz.png
I1014 12:24:30.446354  6055 feature_lib.cpp:109] Feature lib read name: images/VuongNQb.png
I1014 12:24:30.446741  6055 feature_lib.cpp:131] Read lib face : images/VuongNQb.png
I1014 12:24:30.446770  6055 feature_lib.cpp:109] Feature lib read name: images/ThangLMb.jpg
I1014 12:24:30.447160  6055 feature_lib.cpp:131] Read lib face : images/ThangLMb.jpg
I1014 12:24:30.447178  6055 feature_lib.cpp:109] Feature lib read name: images/truongnxd.png
I1014 12:24:30.447568  6055 feature_lib.cpp:131] Read lib face : images/truongnxd.png
I1014 12:24:30.447587  6055 feature_lib.cpp:109] Feature lib read name: images/ThaoDQ.jpg
I1014 12:24:30.447973  6055 feature_lib.cpp:131] Read lib face : images/ThaoDQ.jpg
I1014 12:24:30.448021  6055 feature_lib.cpp:147] Loading normal image: images/HaDM.jpg...
I1014 12:24:30.478615  6055 feature_lib.cpp:158] Load normal image: images/HaDM.jpg done size: 838 * 1100
I1014 12:24:30.478682  6055 feature_lib.cpp:147] Loading normal image: images/HaiHV.jpg...
I1014 12:24:30.536005  6055 feature_lib.cpp:158] Load normal image: images/HaiHV.jpg done size: 1203 * 1541
I1014 12:24:30.536067  6055 feature_lib.cpp:147] Loading normal image: images/SonNNe.jpg...
I1014 12:24:30.610831  6055 feature_lib.cpp:158] Load normal image: images/SonNNe.jpg done size: 1429 * 1719
I1014 12:24:30.610891  6055 feature_lib.cpp:147] Loading normal image: images/TungDM.jpg...
I1014 12:24:30.669694  6055 feature_lib.cpp:158] Load normal image: images/TungDM.jpg done size: 1340 * 1462
I1014 12:24:30.669754  6055 feature_lib.cpp:147] Loading normal image: images/HungVTc.png...
I1014 12:24:30.677965  6055 feature_lib.cpp:158] Load normal image: images/HungVTc.png done size: 263 * 317
I1014 12:24:30.677999  6055 feature_lib.cpp:147] Loading normal image: images/DangVHb.jpg...
I1014 12:24:30.744693  6055 feature_lib.cpp:158] Load normal image: images/DangVHb.jpg done size: 1469 * 1456
I1014 12:24:30.744753  6055 feature_lib.cpp:147] Loading normal image: images/hungndn.jpg...
I1014 12:24:30.842391  6055 feature_lib.cpp:158] Load normal image: images/hungndn.jpg done size: 1636 * 1930
I1014 12:24:30.842453  6055 feature_lib.cpp:147] Loading normal image: images/HieuPV.jpg...
I1014 12:24:30.921191  6055 feature_lib.cpp:158] Load normal image: images/HieuPV.jpg done size: 1527 * 1719
I1014 12:24:30.921254  6055 feature_lib.cpp:147] Loading normal image: images/HuyNQz.png...
I1014 12:24:30.947824  6055 feature_lib.cpp:158] Load normal image: images/HuyNQz.png done size: 493 * 639
I1014 12:24:30.947881  6055 feature_lib.cpp:147] Loading normal image: images/VuongNQb.png...
I1014 12:24:30.962891  6055 feature_lib.cpp:158] Load normal image: images/VuongNQb.png done size: 351 * 514
I1014 12:24:30.963022  6055 feature_lib.cpp:147] Loading normal image: images/ThangLMb.jpg...
I1014 12:24:31.041334  6055 feature_lib.cpp:158] Load normal image: images/ThangLMb.jpg done size: 1548 * 1719
I1014 12:24:31.041395  6055 feature_lib.cpp:147] Loading normal image: images/truongnxd.png...
I1014 12:24:31.094640  6055 feature_lib.cpp:158] Load normal image: images/truongnxd.png done size: 906 * 964
I1014 12:24:31.094700  6055 feature_lib.cpp:147] Loading normal image: images/ThaoDQ.jpg...
I1014 12:24:31.167007  6055 feature_lib.cpp:158] Load normal image: images/ThaoDQ.jpg done size: 1425 * 1719
I1014 12:24:31.537235  6055 demo_inner.hpp:126] thread [DedodeThread-0] is starting
I1014 12:24:31.537417  6055 demo_inner.hpp:126] thread [GUIThread] is starting
I1014 12:24:31.537483  6058 demo_inner.hpp:101] thread [DedodeThread-0] is started
I1014 12:24:31.537501  6055 demo_inner.hpp:126] thread [SORT-0] is starting
I1014 12:24:31.537557  6059 demo_inner.hpp:101] thread [GUIThread] is started
I1014 12:24:31.537571  6055 demo_inner.hpp:126] thread [T-Work-Detect_0] is starting
I1014 12:24:31.537626  6060 demo_inner.hpp:101] thread [SORT-0] is started
I1014 12:24:31.537631  6055 demo_inner.hpp:126] thread [T-Work-Recog_0] is starting
I1014 12:24:31.537653  6061 demo_inner.hpp:101] thread [T-Work-Detect_0] is started
I1014 12:24:31.537684  6055 demo_inner.hpp:126] thread [T-Work-Recog_1] is starting
I1014 12:24:31.537725  6062 demo_inner.hpp:101] thread [T-Work-Recog_0] is started
I1014 12:24:31.537758  6055 demo_inner.hpp:126] thread [T-Intergrate-intergrate] is starting
I1014 12:24:31.537778  6063 demo_inner.hpp:101] thread [T-Work-Recog_1] is started
I1014 12:24:31.537822  6055 demo_inner.hpp:137] waiting for [GUIThread] ended
I1014 12:24:31.537847  6064 demo_inner.hpp:101] thread [T-Intergrate-intergrate] is started
I1014 12:24:32.241346  6058 demo_inner.hpp:177] decode queue size 0
I1014 12:24:32.241511  6061 work_thread.hpp:81]  [T-Work-Detect_0] Run work: WorkDetect
I1014 12:24:32.241578  6061 work_detect.cpp:102] Succeeded to add det start for frame 1
I1014 12:24:32.248560  6061 work_detect.cpp:70] Frame :1 detect result :2 face(s)
W1014 12:24:32.248605  6061 work_detect.cpp:83] Invalid bbox: [140 x 171 from (282, 204)]
I1014 12:24:32.248922  6061 work_detect.cpp:86] Detected bbox: [19 x 26 from (557, 95)]
I1014 12:24:32.248970  6061 work_detect.cpp:120] Succeeded to add det end for frame 1
I1014 12:24:32.248986  6061 work_thread.hpp:81]  [T-Work-Detect_0] Run work: WrokTrack
I1014 12:24:32.249009  6061 work_track.cpp:82] Frame: 1 build input_characts: [0.0296875 x 0.0722222 from (0.870313, 0.263889)], 0.97952, 0
I1014 12:24:32.249095  6061 work_track.cpp:102] Succeeded to set track lock for frame 1
I1014 12:24:32.249183  6061 work_track.cpp:116] Succeeded to release track lock for frame 1
I1014 12:24:32.249198  6061 work_track.cpp:120] Track results of frame 1: 1 objects input, 0 objects tracked!
I1014 12:24:32.249217  6061 work_track.cpp:162] Frame: 1 lid: 1 not tracked, will set invalid
I1014 12:24:32.249231  6061 work_thread.hpp:88]  [T-Work-Detect_0] Frame :1 split
I1014 12:24:32.249248  6061 work_thread.hpp:124]  [T-Work-Detect_0] Invalid piece: lid = 1, drop it
I1014 12:24:32.249290  6064 thread_intergrate.hpp:78] [T-Intergrate-intergrate] queue: frame output frame :1
I1014 12:24:32.250416  6060 demo_inner.hpp:435] thread [SORT-0]  frame id 1 sorting queue size 0   FPS: -1
I1014 12:24:32.250483  6059 demo_inner.hpp:260]  gui queue size 0, state = running
I1014 12:24:32.286564  6058 demo_inner.hpp:177] decode queue size 0
I1014 12:24:32.286660  6061 work_thread.hpp:81]  [T-Work-Detect_0] Run work: WorkDetect
I1014 12:24:32.286696  6061 work_detect.cpp:102] Succeeded to add det start for frame 2
I1014 12:24:32.293313  6061 work_detect.cpp:70] Frame :2 detect result :2 face(s)
W1014 12:24:32.293362  6061 work_detect.cpp:83] Invalid bbox: [131 x 176 from (282, 201)]
I1014 12:24:32.293424  6061 work_detect.cpp:86] Detected bbox: [20 x 27 from (559, 95)]
I1014 12:24:32.293516  6061 work_detect.cpp:120] Succeeded to add det end for frame 2
I1014 12:24:32.293534  6061 work_thread.hpp:81]  [T-Work-Detect_0] Run work: WrokTrack
I1014 12:24:32.293557  6061 work_track.cpp:82] Frame: 2 build input_characts: [0.03125 x 0.075 from (0.873438, 0.263889)], 0.975094, 0
I1014 12:24:32.293615  6061 work_track.cpp:102] Succeeded to set track lock for frame 2
I1014 12:24:32.293678  6061 work_track.cpp:116] Succeeded to release track lock for frame 2
I1014 12:24:32.293692  6061 work_track.cpp:120] Track results of frame 2: 1 objects input, 0 objects tracked!
I1014 12:24:32.293710  6061 work_track.cpp:162] Frame: 2 lid: 1 not tracked, will set invalid
I1014 12:24:32.293726  6061 work_thread.hpp:88]  [T-Work-Detect_0] Frame :2 split
I1014 12:24:32.293742  6061 work_thread.hpp:124]  [T-Work-Detect_0] Invalid piece: lid = 1, drop it
I1014 12:24:32.293785  6064 thread_intergrate.hpp:78] [T-Intergrate-intergrate] queue: frame output frame :2
I1014 12:24:32.295336  6060 demo_inner.hpp:435] thread [SORT-0]  frame id 2 sorting queue size 0   FPS: 22.7273
I1014 12:24:32.296478  6059 demo_inner.hpp:260]  gui queue size 0, state = running
I1014 12:24:32.313278  6058 demo_inner.hpp:177] decode queue size 0
I1014 12:24:32.313405  6061 work_thread.hpp:81]  [T-Work-Detect_0] Run work: WorkDetect
I1014 12:24:32.313441  6061 work_detect.cpp:102] Succeeded to add det start for frame 3
I1014 12:24:32.320134  6061 work_detect.cpp:70] Frame :3 detect result :2 face(s)
W1014 12:24:32.320183  6061 work_detect.cpp:83] Invalid bbox: [137 x 168 from (283, 207)]
I1014 12:24:32.320245  6061 work_detect.cpp:86] Detected bbox: [20 x 27 from (560, 95)]
I1014 12:24:32.320286  6061 work_detect.cpp:120] Succeeded to add det end for frame 3
I1014 12:24:32.320302  6061 work_thread.hpp:81]  [T-Work-Detect_0] Run work: WrokTrack
I1014 12:24:32.320324  6061 work_track.cpp:82] Frame: 3 build input_characts: [0.03125 x 0.075 from (0.875, 0.263889)], 0.969403, 0
I1014 12:24:32.320380  6061 work_track.cpp:102] Succeeded to set track lock for frame 3
I1014 12:24:32.320441  6061 work_track.cpp:116] Succeeded to release track lock for frame 3
I1014 12:24:32.320456  6061 work_track.cpp:120] Track results of frame 3: 1 objects input, 1 objects tracked!
I1014 12:24:32.320473  6061 work_track.cpp:148] Frame: 3, track bbox: [20 x 27 from (560.281, 95.0826)], gid: 0, lid: 0
I1014 12:24:32.320509  6061 work_thread.hpp:88]  [T-Work-Detect_0] Frame :3 split
I1014 12:24:32.320526  6061 work_thread.hpp:120]  [T-Work-Detect_0] Valid piece: gid = 0
I1014 12:24:32.320544  6061 work_thread.hpp:92]  [T-Work-Detect_0] Push to split queue:recog
I1014 12:24:32.320588  6063 work_thread.hpp:81]  [T-Work-Recog_1] Run work: WorkCapture
I1014 12:24:32.321563  6064 thread_intergrate.hpp:78] [T-Intergrate-intergrate] queue: frame output frame :3
I1014 12:24:32.321936  6063 work_thread.hpp:81]  [T-Work-Recog_1] Run work: WorkRecog
W1014 12:24:32.321959  6063 work_recog.hpp:118] Face id: 0 has low quality : 0.0735657, no need to recog
I1014 12:24:32.322016  6063 work_thread.hpp:81]  [T-Work-Recog_1] Run work: WorkCompare
I1014 12:24:32.322906  6060 demo_inner.hpp:435] thread [SORT-0]  frame id 3 sorting queue size 0   FPS: 27.7778
I1014 12:24:32.322976  6059 demo_inner.hpp:260]  gui queue size 0, state = running
I1014 12:24:32.349257  6058 demo_inner.hpp:177] decode queue size 0
I1014 12:24:32.349398  6061 work_thread.hpp:81]  [T-Work-Detect_0] Run work: WorkDetect
I1014 12:24:32.349433  6061 work_detect.cpp:102] Succeeded to add det start for frame 4
I1014 12:24:32.356098  6061 work_detect.cpp:70] Frame :4 detect result :2 face(s)
W1014 12:24:32.356125  6061 work_detect.cpp:83] Invalid bbox: [138 x 174 from (283, 204)]
I1014 12:24:32.356200  6061 work_detect.cpp:86] Detected bbox: [18 x 23 from (563, 97)]
I1014 12:24:32.356240  6061 work_detect.cpp:120] Succeeded to add det end for frame 4
I1014 12:24:32.356256  6061 work_thread.hpp:81]  [T-Work-Detect_0] Run work: WrokTrack
I1014 12:24:32.356277  6061 work_track.cpp:82] Frame: 4 build input_characts: [0.028125 x 0.0638889 from (0.879687, 0.269444)], 0.968742, 0
I1014 12:24:32.356379  6061 work_track.cpp:102] Succeeded to set track lock for frame 4
I1014 12:24:32.356420  6061 work_track.cpp:116] Succeeded to release track lock for frame 4
I1014 12:24:32.356433  6061 work_track.cpp:120] Track results of frame 4: 1 objects input, 1 objects tracked!
I1014 12:24:32.356451  6061 work_track.cpp:148] Frame: 4, track bbox: [18 x 23 from (562.996, 97.1013)], gid: 0, lid: 0
I1014 12:24:32.356487  6061 work_thread.hpp:88]  [T-Work-Detect_0] Frame :4 split
I1014 12:24:32.356504  6061 work_thread.hpp:120]  [T-Work-Detect_0] Valid piece: gid = 0
I1014 12:24:32.356521  6061 work_thread.hpp:92]  [T-Work-Detect_0] Push to split queue:recog
I1014 12:24:32.356562  6063 work_thread.hpp:81]  [T-Work-Recog_1] Run work: WorkCapture
I1014 12:24:32.356585  6064 thread_intergrate.hpp:78] [T-Intergrate-intergrate] queue: frame output frame :4
I1014 12:24:32.357010  6063 work_thread.hpp:81]  [T-Work-Recog_1] Run work: WorkRecog
W1014 12:24:32.357031  6063 work_recog.hpp:118] Face id: 0 has low quality : 0.0456161, no need to recog
I1014 12:24:32.357072  6063 work_thread.hpp:81]  [T-Work-Recog_1] Run work: WorkCompare
I1014 12:24:32.358198  6060 demo_inner.hpp:435] thread [SORT-0]  frame id 4 sorting queue size 0   FPS: 28.0374
I1014 12:24:32.358258  6059 demo_inner.hpp:260]  gui queue size 0, state = running
I1014 12:24:32.378967  6058 demo_inner.hpp:177] decode queue size 0
I1014 12:24:32.379072  6061 work_thread.hpp:81]  [T-Work-Detect_0] Run work: WorkDetect
I1014 12:24:32.379107  6061 work_detect.cpp:102] Succeeded to add det start for frame 5
I1014 12:24:32.385766  6061 work_detect.cpp:70] Frame :5 detect result :2 face(s)
W1014 12:24:32.385797  6061 work_detect.cpp:83] Invalid bbox: [137 x 169 from (283, 206)]
I1014 12:24:32.385860  6061 work_detect.cpp:86] Detected bbox: [19 x 25 from (565, 97)]
I1014 12:24:32.385901  6061 work_detect.cpp:120] Succeeded to add det end for frame 5
I1014 12:24:32.385917  6061 work_thread.hpp:81]  [T-Work-Detect_0] Run work: WrokTrack
I1014 12:24:32.385941  6061 work_track.cpp:82] Frame: 5 build input_characts: [0.0296875 x 0.0694444 from (0.882812, 0.269444)], 0.968742, 0
I1014 12:24:32.385994  6061 work_track.cpp:102] Succeeded to set track lock for frame 5
I1014 12:24:32.386035  6061 work_track.cpp:116] Succeeded to release track lock for frame 5
I1014 12:24:32.386050  6061 work_track.cpp:120] Track results of frame 5: 1 objects input, 1 objects tracked!
I1014 12:24:32.386068  6061 work_track.cpp:148] Frame: 5, track bbox: [19 x 25 from (564.706, 96.7008)], gid: 0, lid: 0
I1014 12:24:32.386103  6061 work_thread.hpp:88]  [T-Work-Detect_0] Frame :5 split
I1014 12:24:32.386121  6061 work_thread.hpp:120]  [T-Work-Detect_0] Valid piece: gid = 0
I1014 12:24:32.386138  6061 work_thread.hpp:92]  [T-Work-Detect_0] Push to split queue:recog
I1014 12:24:32.386176  6063 work_thread.hpp:81]  [T-Work-Recog_1] Run work: WorkCapture
I1014 12:24:32.386193  6064 thread_intergrate.hpp:78] [T-Intergrate-intergrate] queue: frame output frame :5
I1014 12:24:32.386615  6063 work_thread.hpp:81]  [T-Work-Recog_1] Run work: WorkRecog
W1014 12:24:32.386636  6063 work_recog.hpp:118] Face id: 0 has low quality : 0.0212756, no need to recog
I1014 12:24:32.386673  6063 work_thread.hpp:81]  [T-Work-Recog_1] Run work: WorkCompare
I1014 12:24:32.387603  6060 demo_inner.hpp:435] thread [SORT-0]  frame id 5 sorting queue size 0   FPS: 29.4118
I1014 12:24:32.387661  6059 demo_inner.hpp:260]  gui queue size 0, state = running
I1014 12:24:32.415225  6058 demo_inner.hpp:177] decode queue size 0
I1014 12:24:32.415333  6061 work_thread.hpp:81]  [T-Work-Detect_0] Run work: WorkDetect
I1014 12:24:32.415369  6061 work_detect.cpp:102] Succeeded to add det start for frame 6
I1014 12:24:32.422127  6061 work_detect.cpp:70] Frame :6 detect result :2 face(s)
W1014 12:24:32.422161  6061 work_detect.cpp:83] Invalid bbox: [137 x 173 from (284, 204)]
I1014 12:24:32.422224  6061 work_detect.cpp:86] Detected bbox: [21 x 27 from (567, 96)]
I1014 12:24:32.422264  6061 work_detect.cpp:120] Succeeded to add det end for frame 6
I1014 12:24:32.422325  6061 work_thread.hpp:81]  [T-Work-Detect_0] Run work: WrokTrack
I1014 12:24:32.422349  6061 work_track.cpp:82] Frame: 6 build input_characts: [0.0328125 x 0.075 from (0.885938, 0.266667)], 0.975094, 0
I1014 12:24:32.422405  6061 work_track.cpp:102] Succeeded to set track lock for frame 6
I1014 12:24:32.422443  6061 work_track.cpp:116] Succeeded to release track lock for frame 6
I1014 12:24:32.422457  6061 work_track.cpp:120] Track results of frame 6: 1 objects input, 1 objects tracked!
I1014 12:24:32.422475  6061 work_track.cpp:148] Frame: 6, track bbox: [21 x 27 from (566.326, 96.0016)], gid: 0, lid: 0
I1014 12:24:32.422510  6061 work_thread.hpp:88]  [T-Work-Detect_0] Frame :6 split
I1014 12:24:32.422528  6061 work_thread.hpp:120]  [T-Work-Detect_0] Valid piece: gid = 0
I1014 12:24:32.422546  6061 work_thread.hpp:92]  [T-Work-Detect_0] Push to split queue:recog
I1014 12:24:32.422582  6062 work_thread.hpp:81]  [T-Work-Recog_0] Run work: WorkCapture
I1014 12:24:32.422595  6064 thread_intergrate.hpp:78] [T-Intergrate-intergrate] queue: frame output frame :6
I1014 12:24:32.423050  6062 work_thread.hpp:81]  [T-Work-Recog_0] Run work: WorkRecog
W1014 12:24:32.423071  6062 work_recog.hpp:118] Face id: 0 has low quality : 0.013351, no need to recog
I1014 12:24:32.423108  6062 work_thread.hpp:81]  [T-Work-Recog_0] Run work: WorkCompare
I1014 12:24:32.424203  6060 demo_inner.hpp:435] thread [SORT-0]  frame id 6 sorting queue size 0   FPS: 28.9017
I1014 12:24:32.424260  6059 demo_inner.hpp:260]  gui queue size 0, state = running
I1014 12:24:32.445530  6058 demo_inner.hpp:177] decode queue size 0
I1014 12:24:32.445662  6061 work_thread.hpp:81]  [T-Work-Detect_0] Run work: WorkDetect
I1014 12:24:32.445698  6061 work_detect.cpp:102] Succeeded to add det start for frame 7
I1014 12:24:32.452291  6061 work_detect.cpp:70] Frame :7 detect result :2 face(s)
W1014 12:24:32.452334  6061 work_detect.cpp:83] Invalid bbox: [133 x 169 from (285, 207)]
I1014 12:24:32.452396  6061 work_detect.cpp:86] Detected bbox: [19 x 25 from (570, 95)]
I1014 12:24:32.452440  6061 work_detect.cpp:120] Succeeded to add det end for frame 7
I1014 12:24:32.452456  6061 work_thread.hpp:81]  [T-Work-Detect_0] Run work: WrokTrack
I1014 12:24:32.452479  6061 work_track.cpp:82] Frame: 7 build input_characts: [0.0296875 x 0.0694444 from (0.890625, 0.263889)], 0.985729, 0
I1014 12:24:32.452538  6061 work_track.cpp:102] Succeeded to set track lock for frame 7
I1014 12:24:32.452577  6061 work_track.cpp:116] Succeeded to release track lock for frame 7
I1014 12:24:32.452592  6061 work_track.cpp:120] Track results of frame 7: 1 objects input, 1 objects tracked!
I1014 12:24:32.452610  6061 work_track.cpp:148] Frame: 7, track bbox: [19 x 25 from (569.779, 96.0923)], gid: 0, lid: 0
I1014 12:24:32.452646  6061 work_thread.hpp:88]  [T-Work-Detect_0] Frame :7 split
I1014 12:24:32.452662  6061 work_thread.hpp:120]  [T-Work-Detect_0] Valid piece: gid = 0
I1014 12:24:32.452680  6061 work_thread.hpp:92]  [T-Work-Detect_0] Push to split queue:recog
I1014 12:24:32.452728  6062 work_thread.hpp:81]  [T-Work-Recog_0] Run work: WorkCapture
I1014 12:24:32.452741  6064 thread_intergrate.hpp:78] [T-Intergrate-intergrate] queue: frame output frame :7
I1014 12:24:32.453179  6062 work_thread.hpp:81]  [T-Work-Recog_0] Run work: WorkRecog
W1014 12:24:32.453200  6062 work_recog.hpp:118] Face id: 0 has low quality : 0.041132, no need to recog
I1014 12:24:32.453241  6062 work_thread.hpp:81]  [T-Work-Recog_0] Run work: WorkCompare
I1014 12:24:32.454278  6060 demo_inner.hpp:435] thread [SORT-0]  frame id 7 sorting queue size 0   FPS: 29.5567
I1014 12:24:32.454339  6059 demo_inner.hpp:260]  gui queue size 0, state = running
I1014 12:24:32.481474  6058 demo_inner.hpp:177] decode queue size 0
I1014 12:24:32.481611  6061 work_thread.hpp:81]  [T-Work-Detect_0] Run work: WorkDetect
I1014 12:24:32.481652  6061 work_detect.cpp:102] Succeeded to add det start for frame 8
I1014 12:24:32.488320  6061 work_detect.cpp:70] Frame :8 detect result :2 face(s)
W1014 12:24:32.488431  6061 work_detect.cpp:83] Invalid bbox: [136 x 171 from (285, 204)]
I1014 12:24:32.488466  6061 work_detect.cpp:86] Detected bbox: [19 x 23 from (573, 96)]
I1014 12:24:32.488508  6061 work_detect.cpp:120] Succeeded to add det end for frame 8
I1014 12:24:32.488524  6061 work_thread.hpp:81]  [T-Work-Detect_0] Run work: WrokTrack
I1014 12:24:32.488546  6061 work_track.cpp:82] Frame: 8 build input_characts: [0.0296875 x 0.0638889 from (0.895312, 0.266667)], 0.975094, 0
I1014 12:24:32.488603  6061 work_track.cpp:102] Succeeded to set track lock for frame 8
I1014 12:24:32.488644  6061 work_track.cpp:116] Succeeded to release track lock for frame 8
I1014 12:24:32.488659  6061 work_track.cpp:120] Track results of frame 8: 1 objects input, 1 objects tracked!
I1014 12:24:32.488677  6061 work_track.cpp:148] Frame: 8, track bbox: [19 x 23 from (572.785, 96.428)], gid: 0, lid: 0
I1014 12:24:32.488713  6061 work_thread.hpp:88]  [T-Work-Detect_0] Frame :8 split
I1014 12:24:32.488730  6061 work_thread.hpp:120]  [T-Work-Detect_0] Valid piece: gid = 0
I1014 12:24:32.488749  6061 work_thread.hpp:92]  [T-Work-Detect_0] Push to split queue:recog
I1014 12:24:32.488790  6062 work_thread.hpp:81]  [T-Work-Recog_0] Run work: WorkCapture
I1014 12:24:32.488799  6064 thread_intergrate.hpp:78] [T-Intergrate-intergrate] queue: frame output frame :8
I1014 12:24:32.489326  6062 work_thread.hpp:81]  [T-Work-Recog_0] Run work: WorkRecog
W1014 12:24:32.489349  6062 work_recog.hpp:118] Face id: 0 has low quality : 0.026676, no need to recog
I1014 12:24:32.489418  6062 work_thread.hpp:81]  [T-Work-Recog_0] Run work: WorkCompare
I1014 12:24:32.490314  6060 demo_inner.hpp:435] thread [SORT-0]  frame id 8 sorting queue size 0   FPS: 29.2887
I1014 12:24:32.490376  6059 demo_inner.hpp:260]  gui queue size 0, state = running
I1014 12:24:32.517319  6058 demo_inner.hpp:177] decode queue size 0
I1014 12:24:32.517491  6061 work_thread.hpp:81]  [T-Work-Detect_0] Run work: WorkDetect
I1014 12:24:32.517534  6061 work_detect.cpp:102] Succeeded to add det start for frame 9
I1014 12:24:32.524734  6061 work_detect.cpp:70] Frame :9 detect result :2 face(s)
W1014 12:24:32.524796  6061 work_detect.cpp:83] Invalid bbox: [139 x 172 from (282, 204)]
I1014 12:24:32.524881  6061 work_detect.cpp:86] Detected bbox: [20 x 26 from (575, 94)]
I1014 12:24:32.524932  6061 work_detect.cpp:120] Succeeded to add det end for frame 9
I1014 12:24:32.524948  6061 work_thread.hpp:81]  [T-Work-Detect_0] Run work: WrokTrack
I1014 12:24:32.524972  6061 work_track.cpp:82] Frame: 9 build input_characts: [0.03125 x 0.0722222 from (0.898438, 0.261111)], 0.983201, 0
I1014 12:24:32.525034  6061 work_track.cpp:102] Succeeded to set track lock for frame 9
I1014 12:24:32.525081  6061 work_track.cpp:116] Succeeded to release track lock for frame 9
I1014 12:24:32.525096  6061 work_track.cpp:120] Track results of frame 9: 1 objects input, 1 objects tracked!
I1014 12:24:32.525115  6061 work_track.cpp:148] Frame: 9, track bbox: [20 x 26 from (575.007, 94.1424)], gid: 0, lid: 0
I1014 12:24:32.525151  6061 work_thread.hpp:88]  [T-Work-Detect_0] Frame :9 split
I1014 12:24:32.525171  6061 work_thread.hpp:120]  [T-Work-Detect_0] Valid piece: gid = 0
I1014 12:24:32.525188  6061 work_thread.hpp:92]  [T-Work-Detect_0] Push to split queue:recog
I1014 12:24:32.525257  6063 work_thread.hpp:81]  [T-Work-Recog_1] Run work: WorkCapture
I1014 12:24:32.525276  6064 thread_intergrate.hpp:78] [T-Intergrate-intergrate] queue: frame output frame :9
I1014 12:24:32.525758  6063 work_thread.hpp:81]  [T-Work-Recog_1] Run work: WorkRecog
W1014 12:24:32.525782  6063 work_recog.hpp:118] Face id: 0 has low quality : 0.0189659, no need to recog
I1014 12:24:32.525851  6063 work_thread.hpp:81]  [T-Work-Recog_1] Run work: WorkCompare
I1014 12:24:32.526870  6060 demo_inner.hpp:435] thread [SORT-0]  frame id 9 sorting queue size 0   FPS: 28.9855
I1014 12:24:32.526932  6059 demo_inner.hpp:260]  gui queue size 0, state = running
I1014 12:24:32.547296  6058 demo_inner.hpp:177] decode queue size 0
I1014 12:24:32.547469  6061 work_thread.hpp:81]  [T-Work-Detect_0] Run work: WorkDetect
I1014 12:24:32.547503  6061 work_detect.cpp:102] Succeeded to add det start for frame 10
I1014 12:24:32.554513  6061 work_detect.cpp:70] Frame :10 detect result :2 face(s)
W1014 12:24:32.554572  6061 work_detect.cpp:83] Invalid bbox: [135 x 169 from (285, 207)]
I1014 12:24:32.554642  6061 work_detect.cpp:86] Detected bbox: [18 x 23 from (577, 95)]
I1014 12:24:32.554694  6061 work_detect.cpp:120] Succeeded to add det end for frame 10
I1014 12:24:32.554711  6061 work_thread.hpp:81]  [T-Work-Detect_0] Run work: WrokTrack
I1014 12:24:32.554736  6061 work_track.cpp:82] Frame: 10 build input_characts: [0.028125 x 0.0638889 from (0.901563, 0.263889)], 0.976131, 0
I1014 12:24:32.554795  6061 work_track.cpp:102] Succeeded to set track lock for frame 10
I1014 12:24:32.554837  6061 work_track.cpp:116] Succeeded to release track lock for frame 10
I1014 12:24:32.554852  6061 work_track.cpp:120] Track results of frame 10: 1 objects input, 1 objects tracked!
I1014 12:24:32.554870  6061 work_track.cpp:148] Frame: 10, track bbox: [18 x 23 from (577.752, 94.8065)], gid: 0, lid: 0
I1014 12:24:32.554906  6061 work_thread.hpp:88]  [T-Work-Detect_0] Frame :10 split
I1014 12:24:32.554924  6061 work_thread.hpp:120]  [T-Work-Detect_0] Valid piece: gid = 0
I1014 12:24:32.554944  6061 work_thread.hpp:92]  [T-Work-Detect_0] Push to split queue:recog
I1014 12:24:32.555022  6063 work_thread.hpp:81]  [T-Work-Recog_1] Run work: WorkCapture
I1014 12:24:32.555028  6064 thread_intergrate.hpp:78] [T-Intergrate-intergrate] queue: frame output frame :10
I1014 12:24:32.555492  6063 work_thread.hpp:81]  [T-Work-Recog_1] Run work: WorkRecog
W1014 12:24:32.555513  6063 work_recog.hpp:118] Face id: 0 has low quality : 0.0168873, no need to recog
I1014 12:24:32.555559  6063 work_thread.hpp:81]  [T-Work-Recog_1] Run work: WorkCompare
I1014 12:24:32.556605  6060 demo_inner.hpp:435] thread [SORT-0]  frame id 10 sorting queue size 0   FPS: 29.5082
I1014 12:24:32.556663  6059 demo_inner.hpp:260]  gui queue size 0, state = running
I1014 12:24:32.583351  6058 demo_inner.hpp:177] decode queue size 0
I1014 12:24:32.583479  6061 work_thread.hpp:81]  [T-Work-Detect_0] Run work: WorkDetect
I1014 12:24:32.583516  6061 work_detect.cpp:102] Succeeded to add det start for frame 11
I1014 12:24:32.590595  6061 work_detect.cpp:70] Frame :11 detect result :2 face(s)
W1014 12:24:32.590654  6061 work_detect.cpp:83] Invalid bbox: [140 x 172 from (282, 204)]
I1014 12:24:32.590726  6061 work_detect.cpp:86] Detected bbox: [19 x 24 from (580, 94)]
I1014 12:24:32.590773  6061 work_detect.cpp:120] Succeeded to add det end for frame 11
I1014 12:24:32.590790  6061 work_thread.hpp:81]  [T-Work-Detect_0] Run work: WrokTrack
I1014 12:24:32.590816  6061 work_track.cpp:82] Frame: 11 build input_characts: [0.0296875 x 0.0666667 from (0.90625, 0.261111)], 0.98291, 0
I1014 12:24:32.590886  6061 work_track.cpp:102] Succeeded to set track lock for frame 11
I1014 12:24:32.590930  6061 work_track.cpp:116] Succeeded to release track lock for frame 11
I1014 12:24:32.590945  6061 work_track.cpp:120] Track results of frame 11: 1 objects input, 1 objects tracked!
I1014 12:24:32.590963  6061 work_track.cpp:148] Frame: 11, track bbox: [19 x 24 from (579.692, 93.8322)], gid: 0, lid: 0
I1014 12:24:32.590999  6061 work_thread.hpp:88]  [T-Work-Detect_0] Frame :11 split
I1014 12:24:32.591017  6061 work_thread.hpp:120]  [T-Work-Detect_0] Valid piece: gid = 0
I1014 12:24:32.591037  6061 work_thread.hpp:92]  [T-Work-Detect_0] Push to split queue:recog
I1014 12:24:32.591091  6063 work_thread.hpp:81]  [T-Work-Recog_1] Run work: WorkCapture
I1014 12:24:32.591106  6064 thread_intergrate.hpp:78] [T-Intergrate-intergrate] queue: frame output frame :11
I1014 12:24:32.591588  6063 work_thread.hpp:81]  [T-Work-Recog_1] Run work: WorkRecog
W1014 12:24:32.591610  6063 work_recog.hpp:118] Face id: 0 has low quality : 0.0168895, no need to recog
I1014 12:24:32.591676  6063 work_thread.hpp:81]  [T-Work-Recog_1] Run work: WorkCompare
I1014 12:24:32.592622  6060 demo_inner.hpp:435] thread [SORT-0]  frame id 11 sorting queue size 0   FPS: 29.3255
I1014 12:24:32.592794  6059 demo_inner.hpp:260]  gui queue size 0, state = running
I1014 12:24:32.613308  6058 demo_inner.hpp:177] decode queue size 0
I1014 12:24:32.613435  6061 work_thread.hpp:81]  [T-Work-Detect_0] Run work: WorkDetect
I1014 12:24:32.613472  6061 work_detect.cpp:102] Succeeded to add det start for frame 12
I1014 12:24:32.620527  6061 work_detect.cpp:70] Frame :12 detect result :2 face(s)
W1014 12:24:32.620585  6061 work_detect.cpp:83] Invalid bbox: [136 x 171 from (283, 204)]
I1014 12:24:32.620656  6061 work_detect.cpp:86] Detected bbox: [19 x 25 from (581, 93)]
I1014 12:24:32.620702  6061 work_detect.cpp:120] Succeeded to add det end for frame 12
I1014 12:24:32.620719  6061 work_thread.hpp:81]  [T-Work-Detect_0] Run work: WrokTrack
I1014 12:24:32.620745  6061 work_track.cpp:82] Frame: 12 build input_characts: [0.0296875 x 0.0694444 from (0.907812, 0.258333)], 0.977486, 0
I1014 12:24:32.620806  6061 work_track.cpp:102] Succeeded to set track lock for frame 12
I1014 12:24:32.620851  6061 work_track.cpp:116] Succeeded to release track lock for frame 12
I1014 12:24:32.620865  6061 work_track.cpp:120] Track results of frame 12: 1 objects input, 1 objects tracked!
I1014 12:24:32.620883  6061 work_track.cpp:148] Frame: 12, track bbox: [19 x 25 from (581.507, 93.0954)], gid: 0, lid: 0
I1014 12:24:32.620918  6061 work_thread.hpp:88]  [T-Work-Detect_0] Frame :12 split
I1014 12:24:32.620936  6061 work_thread.hpp:120]  [T-Work-Detect_0] Valid piece: gid = 0
I1014 12:24:32.620954  6061 work_thread.hpp:92]  [T-Work-Detect_0] Push to split queue:recog
I1014 12:24:32.621008  6063 work_thread.hpp:81]  [T-Work-Recog_1] Run work: WorkCapture
I1014 12:24:32.621017  6064 thread_intergrate.hpp:78] [T-Intergrate-intergrate] queue: frame output frame :12
I1014 12:24:32.621711  6063 work_thread.hpp:81]  [T-Work-Recog_1] Run work: WorkRecog
W1014 12:24:32.621733  6063 work_recog.hpp:118] Face id: 0 has low quality : 0.0150227, no need to recog
I1014 12:24:32.621799  6063 work_thread.hpp:81]  [T-Work-Recog_1] Run work: WorkCompare
I1014 12:24:32.622573  6060 demo_inner.hpp:435] thread [SORT-0]  frame id 12 sorting queue size 0   FPS: 29.6496
I1014 12:24:32.622651  6059 demo_inner.hpp:260]  gui queue size 0, state = running
I1014 12:24:32.649245  6058 demo_inner.hpp:177] decode queue size 0
I1014 12:24:32.649369  6061 work_thread.hpp:81]  [T-Work-Detect_0] Run work: WorkDetect
I1014 12:24:32.649406  6061 work_detect.cpp:102] Succeeded to add det start for frame 13
I1014 12:24:32.656080  6061 work_detect.cpp:70] Frame :13 detect result :2 face(s)
W1014 12:24:32.656131  6061 work_detect.cpp:83] Invalid bbox: [139 x 173 from (282, 203)]
I1014 12:24:32.656203  6061 work_detect.cpp:86] Detected bbox: [20 x 26 from (581, 93)]
I1014 12:24:32.656246  6061 work_detect.cpp:120] Succeeded to add det end for frame 13
I1014 12:24:32.656262  6061 work_thread.hpp:81]  [T-Work-Detect_0] Run work: WrokTrack
I1014 12:24:32.656286  6061 work_track.cpp:82] Frame: 13 build input_characts: [0.03125 x 0.0722222 from (0.907812, 0.258333)], 0.972103, 0
I1014 12:24:32.656342  6061 work_track.cpp:102] Succeeded to set track lock for frame 13
I1014 12:24:32.656383  6061 work_track.cpp:116] Succeeded to release track lock for frame 13
I1014 12:24:32.656397  6061 work_track.cpp:120] Track results of frame 13: 1 objects input, 1 objects tracked!
I1014 12:24:32.656415  6061 work_track.cpp:148] Frame: 13, track bbox: [20 x 26 from (581.882, 92.523)], gid: 0, lid: 0
I1014 12:24:32.656450  6061 work_thread.hpp:88]  [T-Work-Detect_0] Frame :13 split
I1014 12:24:32.656467  6061 work_thread.hpp:120]  [T-Work-Detect_0] Valid piece: gid = 0
I1014 12:24:32.656486  6061 work_thread.hpp:92]  [T-Work-Detect_0] Push to split queue:recog
I1014 12:24:32.656529  6062 work_thread.hpp:81]  [T-Work-Recog_0] Run work: WorkCapture
I1014 12:24:32.656535  6064 thread_intergrate.hpp:78] [T-Intergrate-intergrate] queue: frame output frame :13
I1014 12:24:32.657035  6062 work_thread.hpp:81]  [T-Work-Recog_0] Run work: WorkRecog
W1014 12:24:32.657115  6062 work_recog.hpp:118] Face id: 0 has low quality : 0.00933333, no need to recog
I1014 12:24:32.657157  6062 work_thread.hpp:81]  [T-Work-Recog_0] Run work: WorkCompare
I1014 12:24:32.658203  6060 demo_inner.hpp:435] thread [SORT-0]  frame id 13 sorting queue size 0   FPS: 29.484
I1014 12:24:32.658264  6059 demo_inner.hpp:260]  gui queue size 0, state = running
I1014 12:24:32.678927  6058 demo_inner.hpp:177] decode queue size 0
I1014 12:24:32.679021  6061 work_thread.hpp:81]  [T-Work-Detect_0] Run work: WorkDetect
I1014 12:24:32.679055  6061 work_detect.cpp:102] Succeeded to add det start for frame 14
I1014 12:24:32.685672  6061 work_detect.cpp:70] Frame :14 detect result :2 face(s)
W1014 12:24:32.685717  6061 work_detect.cpp:83] Invalid bbox: [138 x 173 from (282, 203)]
I1014 12:24:32.685783  6061 work_detect.cpp:86] Detected bbox: [21 x 27 from (583, 92)]
I1014 12:24:32.685829  6061 work_detect.cpp:120] Succeeded to add det end for frame 14
I1014 12:24:32.685845  6061 work_thread.hpp:81]  [T-Work-Detect_0] Run work: WrokTrack
I1014 12:24:32.685868  6061 work_track.cpp:82] Frame: 14 build input_characts: [0.0328125 x 0.075 from (0.910937, 0.255556)], 0.966102, 0
I1014 12:24:32.685925  6061 work_track.cpp:102] Succeeded to set track lock for frame 14
I1014 12:24:32.685966  6061 work_track.cpp:116] Succeeded to release track lock for frame 14
I1014 12:24:32.685981  6061 work_track.cpp:120] Track results of frame 14: 1 objects input, 1 objects tracked!
I1014 12:24:32.685998  6061 work_track.cpp:148] Frame: 14, track bbox: [21 x 27 from (582.946, 91.9055)], gid: 0, lid: 0
I1014 12:24:32.686034  6061 work_thread.hpp:88]  [T-Work-Detect_0] Frame :14 split
I1014 12:24:32.686053  6061 work_thread.hpp:120]  [T-Work-Detect_0] Valid piece: gid = 0
I1014 12:24:32.686070  6061 work_thread.hpp:92]  [T-Work-Detect_0] Push to split queue:recog
I1014 12:24:32.686123  6062 work_thread.hpp:81]  [T-Work-Recog_0] Run work: WorkCapture
I1014 12:24:32.686127  6064 thread_intergrate.hpp:78] [T-Intergrate-intergrate] queue: frame output frame :14
I1014 12:24:32.686599  6062 work_thread.hpp:81]  [T-Work-Recog_0] Run work: WorkRecog
W1014 12:24:32.686646  6062 work_recog.hpp:118] Face id: 0 has low quality : 0.0212787, no need to recog
I1014 12:24:32.686689  6062 work_thread.hpp:81]  [T-Work-Recog_0] Run work: WorkCompare
I1014 12:24:32.687649  6060 demo_inner.hpp:435] thread [SORT-0]  frame id 14 sorting queue size 0   FPS: 29.8165
I1014 12:24:32.687711  6059 demo_inner.hpp:260]  gui queue size 0, state = running
I1014 12:24:32.714756  6058 demo_inner.hpp:177] decode queue size 0
I1014 12:24:32.714862  6061 work_thread.hpp:81]  [T-Work-Detect_0] Run work: WorkDetect
I1014 12:24:32.714900  6061 work_detect.cpp:102] Succeeded to add det start for frame 15
I1014 12:24:32.721539  6061 work_detect.cpp:70] Frame :15 detect result :2 face(s)
W1014 12:24:32.721582  6061 work_detect.cpp:83] Invalid bbox: [138 x 172 from (283, 204)]
I1014 12:24:32.721647  6061 work_detect.cpp:86] Detected bbox: [20 x 27 from (584, 91)]
I1014 12:24:32.721690  6061 work_detect.cpp:120] Succeeded to add det end for frame 15
I1014 12:24:32.721706  6061 work_thread.hpp:81]  [T-Work-Detect_0] Run work: WrokTrack
I1014 12:24:32.721729  6061 work_track.cpp:82] Frame: 15 build input_characts: [0.03125 x 0.075 from (0.9125, 0.252778)], 0.968742, 0
I1014 12:24:32.721786  6061 work_track.cpp:102] Succeeded to set track lock for frame 15
I1014 12:24:32.721825  6061 work_track.cpp:116] Succeeded to release track lock for frame 15
I1014 12:24:32.721840  6061 work_track.cpp:120] Track results of frame 15: 1 objects input, 1 objects tracked!
I1014 12:24:32.721858  6061 work_track.cpp:148] Frame: 15, track bbox: [20 x 27 from (584.502, 91.3834)], gid: 0, lid: 0
I1014 12:24:32.721894  6061 work_thread.hpp:88]  [T-Work-Detect_0] Frame :15 split
I1014 12:24:32.721911  6061 work_thread.hpp:120]  [T-Work-Detect_0] Valid piece: gid = 0
I1014 12:24:32.721930  6061 work_thread.hpp:92]  [T-Work-Detect_0] Push to split queue:recog
I1014 12:24:32.722019  6063 work_thread.hpp:81]  [T-Work-Recog_1] Run work: WorkCapture
I1014 12:24:32.722026  6064 thread_intergrate.hpp:78] [T-Intergrate-intergrate] queue: frame output frame :15
I1014 12:24:32.722476  6063 work_thread.hpp:81]  [T-Work-Recog_1] Run work: WorkRecog
W1014 12:24:32.722498  6063 work_recog.hpp:118] Face id: 0 has low quality : 0.0456174, no need to recog
I1014 12:24:32.722538  6063 work_thread.hpp:81]  [T-Work-Recog_1] Run work: WorkCompare
I1014 12:24:32.723531  6060 demo_inner.hpp:435] thread [SORT-0]  frame id 15 sorting queue size 0   FPS: 29.661
I1014 12:24:32.723589  6059 demo_inner.hpp:260]  gui queue size 0, state = running
I1014 12:24:32.750766  6058 demo_inner.hpp:177] decode queue size 0
I1014 12:24:32.750876  6061 work_thread.hpp:81]  [T-Work-Detect_0] Run work: WorkDetect
I1014 12:24:32.750913  6061 work_detect.cpp:102] Succeeded to add det start for frame 16
I1014 12:24:32.757478  6061 work_detect.cpp:70] Frame :16 detect result :2 face(s)
W1014 12:24:32.757524  6061 work_detect.cpp:83] Invalid bbox: [141 x 173 from (282, 203)]
I1014 12:24:32.757584  6061 work_detect.cpp:86] Detected bbox: [20 x 27 from (586, 91)]
I1014 12:24:32.757627  6061 work_detect.cpp:120] Succeeded to add det end for frame 16
I1014 12:24:32.757642  6061 work_thread.hpp:81]  [T-Work-Detect_0] Run work: WrokTrack
I1014 12:24:32.757664  6061 work_track.cpp:82] Frame: 16 build input_characts: [0.03125 x 0.075 from (0.915625, 0.252778)], 0.969403, 0
I1014 12:24:32.757721  6061 work_track.cpp:102] Succeeded to set track lock for frame 16
I1014 12:24:32.757762  6061 work_track.cpp:116] Succeeded to release track lock for frame 16
I1014 12:24:32.757777  6061 work_track.cpp:120] Track results of frame 16: 1 objects input, 1 objects tracked!
I1014 12:24:32.757795  6061 work_track.cpp:148] Frame: 16, track bbox: [20 x 27 from (585.663, 91.0463)], gid: 0, lid: 0
I1014 12:24:32.757830  6061 work_thread.hpp:88]  [T-Work-Detect_0] Frame :16 split
I1014 12:24:32.757848  6061 work_thread.hpp:120]  [T-Work-Detect_0] Valid piece: gid = 0
I1014 12:24:32.757865  6061 work_thread.hpp:92]  [T-Work-Detect_0] Push to split queue:recog
I1014 12:24:32.757903  6063 work_thread.hpp:81]  [T-Work-Recog_1] Run work: WorkCapture
I1014 12:24:32.757915  6064 thread_intergrate.hpp:78] [T-Intergrate-intergrate] queue: frame output frame :16
I1014 12:24:32.758373  6063 work_thread.hpp:81]  [T-Work-Recog_1] Run work: WorkRecog
W1014 12:24:32.758395  6063 work_recog.hpp:118] Face id: 0 has low quality : 0.0556961, no need to recog
I1014 12:24:32.758440  6063 work_thread.hpp:81]  [T-Work-Recog_1] Run work: WorkCompare
I1014 12:24:32.759413  6060 demo_inner.hpp:435] thread [SORT-0]  frame id 16 sorting queue size 0   FPS: 29.5276
I1014 12:24:32.759479  6059 demo_inner.hpp:260]  gui queue size 0, state = running
I1014 12:24:32.780937  6058 demo_inner.hpp:177] decode queue size 0
I1014 12:24:32.781091  6061 work_thread.hpp:81]  [T-Work-Detect_0] Run work: WorkDetect
I1014 12:24:32.781129  6061 work_detect.cpp:102] Succeeded to add det start for frame 17
I1014 12:24:32.787971  6061 work_detect.cpp:70] Frame :17 detect result :2 face(s)
W1014 12:24:32.788020  6061 work_detect.cpp:83] Invalid bbox: [136 x 171 from (284, 206)]
I1014 12:24:32.788081  6061 work_detect.cpp:86] Detected bbox: [19 x 25 from (586, 92)]
I1014 12:24:32.788125  6061 work_detect.cpp:120] Succeeded to add det end for frame 17
I1014 12:24:32.788141  6061 work_thread.hpp:81]  [T-Work-Detect_0] Run work: WrokTrack
I1014 12:24:32.788205  6061 work_track.cpp:82] Frame: 17 build input_characts: [0.0296875 x 0.0694444 from (0.915625, 0.255556)], 0.968742, 0
I1014 12:24:32.788264  6061 work_track.cpp:102] Succeeded to set track lock for frame 17
I1014 12:24:32.788303  6061 work_track.cpp:116] Succeeded to release track lock for frame 17
I1014 12:24:32.788318  6061 work_track.cpp:120] Track results of frame 17: 1 objects input, 1 objects tracked!
I1014 12:24:32.788336  6061 work_track.cpp:148] Frame: 17, track bbox: [19 x 25 from (586.782, 91.8314)], gid: 0, lid: 0
I1014 12:24:32.788372  6061 work_thread.hpp:88]  [T-Work-Detect_0] Frame :17 split
I1014 12:24:32.788437  6061 work_thread.hpp:120]  [T-Work-Detect_0] Valid piece: gid = 0
I1014 12:24:32.788457  6061 work_thread.hpp:92]  [T-Work-Detect_0] Push to split queue:recog
I1014 12:24:32.788502  6063 work_thread.hpp:81]  [T-Work-Recog_1] Run work: WorkCapture
I1014 12:24:32.788511  6064 thread_intergrate.hpp:78] [T-Intergrate-intergrate] queue: frame output frame :17
I1014 12:24:32.789017  6063 work_thread.hpp:81]  [T-Work-Recog_1] Run work: WorkRecog
W1014 12:24:32.789038  6063 work_recog.hpp:118] Face id: 0 has low quality : 0.0612968, no need to recog
I1014 12:24:32.789081  6063 work_thread.hpp:81]  [T-Work-Recog_1] Run work: WorkCompare
I1014 12:24:32.790027  6060 demo_inner.hpp:435] thread [SORT-0]  frame id 17 sorting queue size 0   FPS: 29.6846
I1014 12:24:32.790086  6059 demo_inner.hpp:260]  gui queue size 0, state = running
I1014 12:24:32.816773  6058 demo_inner.hpp:177] decode queue size 0
I1014 12:24:32.816884  6061 work_thread.hpp:81]  [T-Work-Detect_0] Run work: WorkDetect
I1014 12:24:32.816920  6061 work_detect.cpp:102] Succeeded to add det start for frame 18
I1014 12:24:32.823413  6061 work_detect.cpp:70] Frame :18 detect result :2 face(s)
W1014 12:24:32.823455  6061 work_detect.cpp:83] Invalid bbox: [137 x 169 from (284, 204)]
I1014 12:24:32.823518  6061 work_detect.cpp:86] Detected bbox: [19 x 25 from (588, 93)]
I1014 12:24:32.823561  6061 work_detect.cpp:120] Succeeded to add det end for frame 18
I1014 12:24:32.823577  6061 work_thread.hpp:81]  [T-Work-Detect_0] Run work: WrokTrack
I1014 12:24:32.823601  6061 work_track.cpp:82] Frame: 18 build input_characts: [0.0296875 x 0.0694444 from (0.91875, 0.258333)], 0.962122, 0
I1014 12:24:32.823657  6061 work_track.cpp:102] Succeeded to set track lock for frame 18
I1014 12:24:32.823698  6061 work_track.cpp:116] Succeeded to release track lock for frame 18
I1014 12:24:32.823712  6061 work_track.cpp:120] Track results of frame 18: 1 objects input, 1 objects tracked!
I1014 12:24:32.823730  6061 work_track.cpp:148] Frame: 18, track bbox: [19 x 25 from (587.987, 92.1887)], gid: 0, lid: 0
I1014 12:24:32.823765  6061 work_thread.hpp:88]  [T-Work-Detect_0] Frame :18 split
I1014 12:24:32.823783  6061 work_thread.hpp:120]  [T-Work-Detect_0] Valid piece: gid = 0
I1014 12:24:32.823801  6061 work_thread.hpp:92]  [T-Work-Detect_0] Push to split queue:recog
I1014 12:24:32.823845  6062 work_thread.hpp:81]  [T-Work-Recog_0] Run work: WorkCapture
I1014 12:24:32.823853  6064 thread_intergrate.hpp:78] [T-Intergrate-intergrate] queue: frame output frame :18
I1014 12:24:32.824338  6062 work_thread.hpp:81]  [T-Work-Recog_0] Run work: WorkRecog
W1014 12:24:32.824362  6062 work_recog.hpp:118] Face id: 0 has low quality : 0.0332496, no need to recog
I1014 12:24:32.824405  6062 work_thread.hpp:81]  [T-Work-Recog_0] Run work: WorkCompare
I1014 12:24:32.825321  6060 demo_inner.hpp:435] thread [SORT-0]  frame id 18 sorting queue size 0   FPS: 29.6167
I1014 12:24:32.825387  6059 demo_inner.hpp:260]  gui queue size 0, state = running
I1014 12:24:32.846818  6058 demo_inner.hpp:177] decode queue size 0
I1014 12:24:32.846917  6061 work_thread.hpp:81]  [T-Work-Detect_0] Run work: WorkDetect
I1014 12:24:32.846952  6061 work_detect.cpp:102] Succeeded to add det start for frame 19
I1014 12:24:32.853541  6061 work_detect.cpp:70] Frame :19 detect result :2 face(s)
W1014 12:24:32.853588  6061 work_detect.cpp:83] Invalid bbox: [137 x 168 from (283, 206)]
I1014 12:24:32.853652  6061 work_detect.cpp:86] Detected bbox: [19 x 25 from (588, 93)]
I1014 12:24:32.853694  6061 work_detect.cpp:120] Succeeded to add det end for frame 19
I1014 12:24:32.853710  6061 work_thread.hpp:81]  [T-Work-Detect_0] Run work: WrokTrack
I1014 12:24:32.853734  6061 work_track.cpp:82] Frame: 19 build input_characts: [0.0296875 x 0.0694444 from (0.91875, 0.258333)], 0.962122, 0
I1014 12:24:32.853790  6061 work_track.cpp:102] Succeeded to set track lock for frame 19
I1014 12:24:32.853830  6061 work_track.cpp:116] Succeeded to release track lock for frame 19
I1014 12:24:32.853890  6061 work_track.cpp:120] Track results of frame 19: 1 objects input, 1 objects tracked!
I1014 12:24:32.853910  6061 work_track.cpp:148] Frame: 19, track bbox: [19 x 25 from (588.313, 92.7152)], gid: 0, lid: 0
I1014 12:24:32.853946  6061 work_thread.hpp:88]  [T-Work-Detect_0] Frame :19 split
I1014 12:24:32.853965  6061 work_thread.hpp:120]  [T-Work-Detect_0] Valid piece: gid = 0
I1014 12:24:32.853982  6061 work_thread.hpp:92]  [T-Work-Detect_0] Push to split queue:recog
I1014 12:24:32.854030  6062 work_thread.hpp:81]  [T-Work-Recog_0] Run work: WorkCapture
I1014 12:24:32.854039  6064 thread_intergrate.hpp:78] [T-Intergrate-intergrate] queue: frame output frame :19
I1014 12:24:32.854516  6062 work_thread.hpp:81]  [T-Work-Recog_0] Run work: WorkRecog
W1014 12:24:32.854539  6062 work_recog.hpp:118] Face id: 0 has low quality : 0.0504785, no need to recog
I1014 12:24:32.854588  6062 work_thread.hpp:81]  [T-Work-Recog_0] Run work: WorkCompare
I1014 12:24:32.855549  6060 demo_inner.hpp:435] thread [SORT-0]  frame id 19 sorting queue size 0   FPS: 29.8013
I1014 12:24:32.855608  6059 demo_inner.hpp:260]  gui queue size 0, state = running
I1014 12:24:32.882737  6058 demo_inner.hpp:177] decode queue size 0
I1014 12:24:32.882850  6061 work_thread.hpp:81]  [T-Work-Detect_0] Run work: WorkDetect
I1014 12:24:32.882885  6061 work_detect.cpp:102] Succeeded to add det start for frame 20
I1014 12:24:32.889466  6061 work_detect.cpp:70] Frame :20 detect result :2 face(s)
W1014 12:24:32.889509  6061 work_detect.cpp:83] Invalid bbox: [130 x 175 from (283, 204)]
I1014 12:24:32.889571  6061 work_detect.cpp:86] Detected bbox: [20 x 26 from (588, 93)]
I1014 12:24:32.889612  6061 work_detect.cpp:120] Succeeded to add det end for frame 20
I1014 12:24:32.889628  6061 work_thread.hpp:81]  [T-Work-Detect_0] Run work: WrokTrack
I1014 12:24:32.889652  6061 work_track.cpp:82] Frame: 20 build input_characts: [0.03125 x 0.0722222 from (0.91875, 0.258333)], 0.972213, 0
I1014 12:24:32.889709  6061 work_track.cpp:102] Succeeded to set track lock for frame 20
I1014 12:24:32.889747  6061 work_track.cpp:116] Succeeded to release track lock for frame 20
I1014 12:24:32.889762  6061 work_track.cpp:120] Track results of frame 20: 1 objects input, 1 objects tracked!
I1014 12:24:32.889780  6061 work_track.cpp:148] Frame: 20, track bbox: [20 x 26 from (588.283, 92.9029)], gid: 0, lid: 0
I1014 12:24:32.889816  6061 work_thread.hpp:88]  [T-Work-Detect_0] Frame :20 split
I1014 12:24:32.889833  6061 work_thread.hpp:120]  [T-Work-Detect_0] Valid piece: gid = 0
I1014 12:24:32.889852  6061 work_thread.hpp:92]  [T-Work-Detect_0] Push to split queue:recog
I1014 12:24:32.889896  6062 work_thread.hpp:81]  [T-Work-Recog_0] Run work: WorkCapture
I1014 12:24:32.889900  6064 thread_intergrate.hpp:78] [T-Intergrate-intergrate] queue: frame output frame :20
I1014 12:24:32.890345  6062 work_thread.hpp:81]  [T-Work-Recog_0] Run work: WorkRecog
W1014 12:24:32.890393  6062 work_recog.hpp:118] Face id: 0 has low quality : 0.0370316, no need to recog
I1014 12:24:32.890436  6062 work_thread.hpp:81]  [T-Work-Recog_0] Run work: WorkCompare
I1014 12:24:32.891424  6060 demo_inner.hpp:435] thread [SORT-0]  frame id 20 sorting queue size 0   FPS: 29.6875
I1014 12:24:32.891489  6059 demo_inner.hpp:260]  gui queue size 0, state = running
I1014 12:24:32.912926  6058 demo_inner.hpp:177] decode queue size 0
I1014 12:24:32.913028  6061 work_thread.hpp:81]  [T-Work-Detect_0] Run work: WorkDetect
I1014 12:24:32.913062  6061 work_detect.cpp:102] Succeeded to add det start for frame 21
I1014 12:24:32.919683  6061 work_detect.cpp:70] Frame :21 detect result :2 face(s)
W1014 12:24:32.919724  6061 work_detect.cpp:83] Invalid bbox: [137 x 171 from (284, 204)]
I1014 12:24:32.919787  6061 work_detect.cpp:86] Detected bbox: [19 x 25 from (588, 92)]
I1014 12:24:32.919831  6061 work_detect.cpp:120] Succeeded to add det end for frame 21
I1014 12:24:32.919847  6061 work_thread.hpp:81]  [T-Work-Detect_0] Run work: WrokTrack
I1014 12:24:32.919870  6061 work_track.cpp:82] Frame: 21 build input_characts: [0.0296875 x 0.0694444 from (0.91875, 0.255556)], 0.969403, 0
I1014 12:24:32.919972  6061 work_track.cpp:102] Succeeded to set track lock for frame 21
I1014 12:24:32.920013  6061 work_track.cpp:116] Succeeded to release track lock for frame 21
I1014 12:24:32.920028  6061 work_track.cpp:120] Track results of frame 21: 1 objects input, 1 objects tracked!
I1014 12:24:32.920047  6061 work_track.cpp:148] Frame: 21, track bbox: [19 x 25 from (588.557, 92.9044)], gid: 0, lid: 0
I1014 12:24:32.920084  6061 work_thread.hpp:88]  [T-Work-Detect_0] Frame :21 split
