I1014 16:40:22.599175 10249 work_compare.cpp:76] Compare face: 0 successed, similarity :0.997612, name : images/ThangLMb.jpg, normal size : 1548 * 1719!
I1014 16:40:22.605000 10244 demo_inner.hpp:177] decode queue size 0
I1014 16:40:22.605088 10247 work_thread.hpp:81]  [T-Work-Detect_0] Run work: WorkDetect
I1014 16:40:22.605197 10247 work_detect.cpp:102] Succeeded to add det start for frame 67
I1014 16:40:22.609306 10249 work_thread.hpp:102]  [T-Work-Recog_1] Try to push queue compare again 8 vs 8
I1014 16:40:22.611775 10247 work_detect.cpp:70] Frame :67 detect result :1 face(s)
I1014 16:40:22.611796 10247 work_detect.cpp:86] Detected bbox: [148 x 204 from (215, 67)]
I1014 16:40:22.611838 10247 work_detect.cpp:120] Succeeded to add det end for frame 67
I1014 16:40:22.611855 10247 work_thread.hpp:81]  [T-Work-Detect_0] Run work: WrokTrack
I1014 16:40:22.611874 10247 work_track.cpp:82] Frame: 67 build input_characts: [0.23125 x 0.566667 from (0.335938, 0.186111)], 1.00019, 0
I1014 16:40:22.611928 10247 work_track.cpp:102] Succeeded to set track lock for frame 67
I1014 16:40:22.611968 10247 work_track.cpp:116] Succeeded to release track lock for frame 67
I1014 16:40:22.611982 10247 work_track.cpp:120] Track results of frame 67: 1 objects input, 1 objects tracked!
I1014 16:40:22.611999 10247 work_track.cpp:148] Frame: 67, track bbox: [148 x 204 from (215.053, 66.7041)], gid: 0, lid: 0
I1014 16:40:22.612035 10247 work_thread.hpp:87]  [T-Work-Detect_0] Frame :67 split
I1014 16:40:22.612052 10247 work_thread.hpp:120]  [T-Work-Detect_0] Valid piece: gid = 0
I1014 16:40:22.612071 10247 work_thread.hpp:91]  [T-Work-Detect_0] Push to split queue:recog
I1014 16:40:22.612114 10248 work_thread.hpp:81]  [T-Work-Recog_0] Run work: WorkCapture
I1014 16:40:22.612668 10248 work_thread.hpp:81]  [T-Work-Recog_0] Run work: WorkRecog
I1014 16:40:22.612690 10248 work_recog.hpp:89] Face id: 0 will run recog: bbox [148 x 204 from (215, 67)] quality: 0.462139
I1014 16:40:22.612717 10248 work_recog.hpp:96] Recog pair: [208 x 288 from (184, 24)], [148 x 204 from (31, 43)]
I1014 16:40:22.619437 10249 work_thread.hpp:102]  [T-Work-Recog_1] Try to push queue compare again 8 vs 8
I1014 16:40:22.622159 10247 work_thread.hpp:102]  [T-Work-Detect_0] Try to push queue frame again 8 vs 8
I1014 16:40:22.629547 10249 work_thread.hpp:102]  [T-Work-Recog_1] Try to push queue compare again 8 vs 8
I1014 16:40:22.629992 10248 work_thread.hpp:81]  [T-Work-Recog_0] Run work: WorkCompare
I1014 16:40:22.630414 10248 work_compare.cpp:76] Compare face: 0 successed, similarity :0.997489, name : images/ThangLMb.jpg, normal size : 1548 * 1719!
I1014 16:40:22.632249 10247 work_thread.hpp:102]  [T-Work-Detect_0] Try to push queue frame again 8 vs 8
I1014 16:40:22.639645 10249 work_thread.hpp:102]  [T-Work-Recog_1] Try to push queue compare again 8 vs 8
I1014 16:40:22.640396 10244 demo_inner.hpp:177] decode queue size 0
I1014 16:40:22.640534 10248 work_thread.hpp:102]  [T-Work-Recog_0] Try to push queue compare again 8 vs 8
I1014 16:40:22.642336 10247 work_thread.hpp:102]  [T-Work-Detect_0] Try to push queue frame again 8 vs 8
I1014 16:40:22.649745 10249 work_thread.hpp:102]  [T-Work-Recog_1] Try to push queue compare again 8 vs 8
I1014 16:40:22.650619 10248 work_thread.hpp:102]  [T-Work-Recog_0] Try to push queue compare again 8 vs 8
I1014 16:40:22.652416 10247 work_thread.hpp:102]  [T-Work-Detect_0] Try to push queue frame again 8 vs 8
I1014 16:40:22.659833 10249 work_thread.hpp:102]  [T-Work-Recog_1] Try to push queue compare again 8 vs 8
I1014 16:40:22.660699 10248 work_thread.hpp:102]  [T-Work-Recog_0] Try to push queue compare again 8 vs 8
I1014 16:40:22.662497 10247 work_thread.hpp:102]  [T-Work-Detect_0] Try to push queue frame again 8 vs 8
I1014 16:40:22.669929 10249 work_thread.hpp:102]  [T-Work-Recog_1] Try to push queue compare again 8 vs 8
I1014 16:40:22.670440 10244 demo_inner.hpp:177] decode queue size 1
I1014 16:40:22.670789 10248 work_thread.hpp:102]  [T-Work-Recog_0] Try to push queue compare again 8 vs 8
I1014 16:40:22.672581 10247 work_thread.hpp:102]  [T-Work-Detect_0] Try to push queue frame again 8 vs 8
I1014 16:40:22.680025 10249 work_thread.hpp:102]  [T-Work-Recog_1] Try to push queue compare again 8 vs 8
I1014 16:40:22.680874 10248 work_thread.hpp:102]  [T-Work-Recog_0] Try to push queue compare again 8 vs 8
I1014 16:40:22.682662 10247 work_thread.hpp:102]  [T-Work-Detect_0] Try to push queue frame again 8 vs 8
I1014 16:40:22.690111 10249 work_thread.hpp:102]  [T-Work-Recog_1] Try to push queue compare again 8 vs 8
I1014 16:40:22.691028 10248 work_thread.hpp:102]  [T-Work-Recog_0] Try to push queue compare again 8 vs 8
I1014 16:40:22.692740 10247 work_thread.hpp:102]  [T-Work-Detect_0] Try to push queue frame again 8 vs 8
I1014 16:40:22.700208 10249 work_thread.hpp:102]  [T-Work-Recog_1] Try to push queue compare again 8 vs 8
I1014 16:40:22.701114 10248 work_thread.hpp:102]  [T-Work-Recog_0] Try to push queue compare again 8 vs 8
I1014 16:40:22.702821 10247 work_thread.hpp:102]  [T-Work-Detect_0] Try to push queue frame again 8 vs 8
I1014 16:40:22.706421 10244 demo_inner.hpp:177] decode queue size 1
I1014 16:40:22.710314 10249 work_thread.hpp:102]  [T-Work-Recog_1] Try to push queue compare again 8 vs 8
I1014 16:40:22.711206 10248 work_thread.hpp:102]  [T-Work-Recog_0] Try to push queue compare again 8 vs 8
I1014 16:40:22.712901 10247 work_thread.hpp:102]  [T-Work-Detect_0] Try to push queue frame again 8 vs 8
I1014 16:40:22.720419 10249 work_thread.hpp:102]  [T-Work-Recog_1] Try to push queue compare again 8 vs 8
I1014 16:40:22.721297 10248 work_thread.hpp:102]  [T-Work-Recog_0] Try to push queue compare again 8 vs 8
I1014 16:40:22.722980 10247 work_thread.hpp:102]  [T-Work-Detect_0] Try to push queue frame again 8 vs 8
I1014 16:40:22.730528 10249 work_thread.hpp:102]  [T-Work-Recog_1] Try to push queue compare again 8 vs 8
I1014 16:40:22.731386 10248 work_thread.hpp:102]  [T-Work-Recog_0] Try to push queue compare again 8 vs 8
I1014 16:40:22.733062 10247 work_thread.hpp:102]  [T-Work-Detect_0] Try to push queue frame again 8 vs 8
I1014 16:40:22.736474 10244 demo_inner.hpp:177] decode queue size 1
I1014 16:40:22.740626 10249 work_thread.hpp:102]  [T-Work-Recog_1] Try to push queue compare again 8 vs 8
I1014 16:40:22.741478 10248 work_thread.hpp:102]  [T-Work-Recog_0] Try to push queue compare again 8 vs 8
I1014 16:40:22.743144 10247 work_thread.hpp:102]  [T-Work-Detect_0] Try to push queue frame again 8 vs 8
I1014 16:40:22.750712 10249 work_thread.hpp:102]  [T-Work-Recog_1] Try to push queue compare again 8 vs 8
I1014 16:40:22.751561 10248 work_thread.hpp:102]  [T-Work-Recog_0] Try to push queue compare again 8 vs 8
I1014 16:40:22.753223 10247 work_thread.hpp:102]  [T-Work-Detect_0] Try to push queue frame again 8 vs 8
I1014 16:40:22.760797 10249 work_thread.hpp:102]  [T-Work-Recog_1] Try to push queue compare again 8 vs 8
I1014 16:40:22.761641 10248 work_thread.hpp:102]  [T-Work-Recog_0] Try to push queue compare again 8 vs 8
I1014 16:40:22.763303 10247 work_thread.hpp:102]  [T-Work-Detect_0] Try to push queue frame again 8 vs 8
I1014 16:40:22.770887 10249 work_thread.hpp:102]  [T-Work-Recog_1] Try to push queue compare again 8 vs 8
I1014 16:40:22.771730 10248 work_thread.hpp:102]  [T-Work-Recog_0] Try to push queue compare again 8 vs 8
I1014 16:40:22.772431 10244 demo_inner.hpp:177] decode queue size 1
I1014 16:40:22.773385 10247 work_thread.hpp:102]  [T-Work-Detect_0] Try to push queue frame again 8 vs 8
I1014 16:40:22.780979 10249 work_thread.hpp:102]  [T-Work-Recog_1] Try to push queue compare again 8 vs 8
I1014 16:40:22.781819 10248 work_thread.hpp:102]  [T-Work-Recog_0] Try to push queue compare again 8 vs 8
I1014 16:40:22.783464 10247 work_thread.hpp:102]  [T-Work-Detect_0] Try to push queue frame again 8 vs 8
I1014 16:40:22.791064 10249 work_thread.hpp:102]  [T-Work-Recog_1] Try to push queue compare again 8 vs 8
I1014 16:40:22.791900 10248 work_thread.hpp:102]  [T-Work-Recog_0] Try to push queue compare again 8 vs 8
I1014 16:40:22.793543 10247 work_thread.hpp:102]  [T-Work-Detect_0] Try to push queue frame again 8 vs 8
I1014 16:40:22.798681 10250 thread_intergrate.hpp:224] T-Intergrate-intergrate Show face :0, size :640 * 360
I1014 16:40:22.798851 10250 thread_intergrate.hpp:83] [T-Intergrate-intergrate] queue: frame output frame :59
I1014 16:40:22.798874 10247 work_thread.hpp:81]  [T-Work-Detect_0] Run work: WorkDetect
I1014 16:40:22.798879 10250 thread_intergrate.hpp:90] [T-Intergrate-intergrate] queue: compare output face:0
I1014 16:40:22.798987 10247 work_detect.cpp:102] Succeeded to add det start for frame 68
I1014 16:40:22.798988 10250 thread_intergrate.hpp:149] T-Intergrate-intergrate set matched face: 0
I1014 16:40:22.799230 10246 demo_inner.hpp:435] thread [SORT-0]  frame id 58 sorting queue size 0   FPS: 13.2725
I1014 16:40:22.799319 10245 demo_inner.hpp:260]  gui queue size 0, state = running
I1014 16:40:22.801178 10250 thread_intergrate.hpp:224] T-Intergrate-intergrate Show face :0, size :640 * 360
I1014 16:40:22.801424 10250 thread_intergrate.hpp:83] [T-Intergrate-intergrate] queue: frame output frame :60
I1014 16:40:22.801452 10250 thread_intergrate.hpp:90] [T-Intergrate-intergrate] queue: compare output face:0
I1014 16:40:22.801471 10250 thread_intergrate.hpp:149] T-Intergrate-intergrate set matched face: 0
I1014 16:40:22.801790 10246 demo_inner.hpp:435] thread [SORT-0]  frame id 59 sorting queue size 0   FPS: 14.197
I1014 16:40:22.802897 10244 demo_inner.hpp:177] decode queue size 0
I1014 16:40:22.803777 10250 thread_intergrate.hpp:224] T-Intergrate-intergrate Show face :0, size :640 * 360
I1014 16:40:22.804031 10250 thread_intergrate.hpp:83] [T-Intergrate-intergrate] queue: frame output frame :61
I1014 16:40:22.804059 10250 thread_intergrate.hpp:90] [T-Intergrate-intergrate] queue: compare output face:0
I1014 16:40:22.804077 10250 thread_intergrate.hpp:149] T-Intergrate-intergrate set matched face: 0
I1014 16:40:22.804803 10246 demo_inner.hpp:435] thread [SORT-0]  frame id 60 sorting queue size 1   FPS: 14.1907
I1014 16:40:22.805645 10245 demo_inner.hpp:260]  gui queue size 1, state = running
I1014 16:40:22.805855 10247 work_detect.cpp:70] Frame :68 detect result :1 face(s)
I1014 16:40:22.805881 10247 work_detect.cpp:86] Detected bbox: [145 x 199 from (216, 74)]
I1014 16:40:22.805928 10247 work_detect.cpp:120] Succeeded to add det end for frame 68
I1014 16:40:22.805944 10247 work_thread.hpp:81]  [T-Work-Detect_0] Run work: WrokTrack
I1014 16:40:22.805968 10247 work_track.cpp:82] Frame: 68 build input_characts: [0.226562 x 0.552778 from (0.3375, 0.205556)], 1.00019, 0
I1014 16:40:22.806022 10247 work_track.cpp:102] Succeeded to set track lock for frame 68
I1014 16:40:22.806068 10247 work_track.cpp:116] Succeeded to release track lock for frame 68
I1014 16:40:22.806083 10247 work_track.cpp:120] Track results of frame 68: 1 objects input, 1 objects tracked!
I1014 16:40:22.806102 10247 work_track.cpp:148] Frame: 68, track bbox: [145 x 199 from (216.186, 70.6551)], gid: 0, lid: 0
I1014 16:40:22.806140 10247 work_thread.hpp:87]  [T-Work-Detect_0] Frame :68 split
I1014 16:40:22.806159 10247 work_thread.hpp:120]  [T-Work-Detect_0] Valid piece: gid = 0
I1014 16:40:22.806176 10247 work_thread.hpp:91]  [T-Work-Detect_0] Push to split queue:recog
I1014 16:40:22.806222 10247 work_thread.hpp:81]  [T-Work-Detect_0] Run work: WorkDetect
I1014 16:40:22.806243 10247 work_detect.cpp:102] Succeeded to add det start for frame 69
I1014 16:40:22.806239 10249 work_thread.hpp:81]  [T-Work-Recog_1] Run work: WorkCapture
I1014 16:40:22.806881 10249 work_thread.hpp:81]  [T-Work-Recog_1] Run work: WorkRecog
I1014 16:40:22.806910 10249 work_recog.hpp:89] Face id: 0 will run recog: bbox [145 x 199 from (216, 74)] quality: 0.469856
I1014 16:40:22.806946 10249 work_recog.hpp:96] Recog pair: [208 x 280 from (184, 32)], [145 x 199 from (32, 42)]
I1014 16:40:22.813155 10247 work_detect.cpp:70] Frame :69 detect result :1 face(s)
I1014 16:40:22.813211 10247 work_detect.cpp:86] Detected bbox: [146 x 198 from (215, 73)]
I1014 16:40:22.813261 10247 work_detect.cpp:120] Succeeded to add det end for frame 69
I1014 16:40:22.813277 10247 work_thread.hpp:81]  [T-Work-Detect_0] Run work: WrokTrack
I1014 16:40:22.813303 10247 work_track.cpp:82] Frame: 69 build input_characts: [0.228125 x 0.55 from (0.335938, 0.202778)], 1.00035, 0
I1014 16:40:22.813359 10247 work_track.cpp:102] Succeeded to set track lock for frame 69
I1014 16:40:22.813397 10247 work_track.cpp:116] Succeeded to release track lock for frame 69
I1014 16:40:22.813503 10247 work_track.cpp:120] Track results of frame 69: 1 objects input, 1 objects tracked!
I1014 16:40:22.813524 10247 work_track.cpp:148] Frame: 69, track bbox: [146 x 198 from (215.353, 72.4596)], gid: 0, lid: 0
I1014 16:40:22.813560 10247 work_thread.hpp:87]  [T-Work-Detect_0] Frame :69 split
I1014 16:40:22.813577 10247 work_thread.hpp:120]  [T-Work-Detect_0] Valid piece: gid = 0
I1014 16:40:22.813596 10247 work_thread.hpp:91]  [T-Work-Detect_0] Push to split queue:recog
I1014 16:40:22.813654 10248 work_thread.hpp:81]  [T-Work-Recog_0] Run work: WorkCapture
I1014 16:40:22.814242 10248 work_thread.hpp:81]  [T-Work-Recog_0] Run work: WorkRecog
I1014 16:40:22.814265 10248 work_recog.hpp:89] Face id: 0 will run recog: bbox [146 x 198 from (215, 73)] quality: 0.469842
I1014 16:40:22.814293 10248 work_recog.hpp:96] Recog pair: [208 x 280 from (184, 32)], [146 x 198 from (31, 41)]
I1014 16:40:22.826400 10249 work_thread.hpp:81]  [T-Work-Recog_1] Run work: WorkCompare
I1014 16:40:22.826864 10249 work_compare.cpp:76] Compare face: 0 successed, similarity :0.997785, name : images/ThangLMb.jpg, normal size : 1548 * 1719!
I1014 16:40:22.832900 10248 work_thread.hpp:81]  [T-Work-Recog_0] Run work: WorkCompare
I1014 16:40:22.833359 10248 work_compare.cpp:76] Compare face: 0 successed, similarity :0.997403, name : images/ThangLMb.jpg, normal size : 1548 * 1719!
I1014 16:40:22.839007 10244 demo_inner.hpp:177] decode queue size 0
I1014 16:40:22.839083 10247 work_thread.hpp:81]  [T-Work-Detect_0] Run work: WorkDetect
I1014 16:40:22.839113 10247 work_detect.cpp:102] Succeeded to add det start for frame 70
I1014 16:40:22.843492 10248 work_thread.hpp:102]  [T-Work-Recog_0] Try to push queue compare again 8 vs 8
I1014 16:40:22.845708 10247 work_detect.cpp:70] Frame :70 detect result :1 face(s)
I1014 16:40:22.845729 10247 work_detect.cpp:86] Detected bbox: [155 x 210 from (210, 66)]
I1014 16:40:22.845772 10247 work_detect.cpp:120] Succeeded to add det end for frame 70
I1014 16:40:22.845788 10247 work_thread.hpp:81]  [T-Work-Detect_0] Run work: WrokTrack
I1014 16:40:22.845808 10247 work_track.cpp:82] Frame: 70 build input_characts: [0.242188 x 0.583333 from (0.328125, 0.183333)], 1.00035, 0
I1014 16:40:22.845861 10247 work_track.cpp:102] Succeeded to set track lock for frame 70
I1014 16:40:22.845901 10247 work_track.cpp:116] Succeeded to release track lock for frame 70
I1014 16:40:22.845914 10247 work_track.cpp:120] Track results of frame 70: 1 objects input, 1 objects tracked!
I1014 16:40:22.845932 10247 work_track.cpp:148] Frame: 70, track bbox: [155 x 210 from (210.194, 67.3622)], gid: 0, lid: 0
I1014 16:40:22.845968 10247 work_thread.hpp:87]  [T-Work-Detect_0] Frame :70 split
I1014 16:40:22.845985 10247 work_thread.hpp:120]  [T-Work-Detect_0] Valid piece: gid = 0
I1014 16:40:22.846004 10247 work_thread.hpp:91]  [T-Work-Detect_0] Push to split queue:recog
I1014 16:40:22.846047 10249 work_thread.hpp:81]  [T-Work-Recog_1] Run work: WorkCapture
I1014 16:40:22.846596 10249 work_thread.hpp:81]  [T-Work-Recog_1] Run work: WorkRecog
I1014 16:40:22.846619 10249 work_recog.hpp:89] Face id: 0 will run recog: bbox [155 x 210 from (210, 66)] quality: 0.463266
I1014 16:40:22.846647 10249 work_recog.hpp:96] Recog pair: [224 x 296 from (176, 24)], [155 x 210 from (34, 42)]
I1014 16:40:22.853621 10248 work_thread.hpp:102]  [T-Work-Recog_0] Try to push queue compare again 8 vs 8
I1014 16:40:22.856094 10247 work_thread.hpp:102]  [T-Work-Detect_0] Try to push queue frame again 8 vs 8
I1014 16:40:22.863728 10248 work_thread.hpp:102]  [T-Work-Recog_0] Try to push queue compare again 8 vs 8
I1014 16:40:22.864090 10249 work_thread.hpp:81]  [T-Work-Recog_1] Run work: WorkCompare
I1014 16:40:22.864526 10249 work_compare.cpp:76] Compare face: 0 successed, similarity :0.995577, name : images/ThangLMb.jpg, normal size : 1548 * 1719!
I1014 16:40:22.866180 10247 work_thread.hpp:102]  [T-Work-Detect_0] Try to push queue frame again 8 vs 8
I1014 16:40:22.873822 10248 work_thread.hpp:102]  [T-Work-Recog_0] Try to push queue compare again 8 vs 8
I1014 16:40:22.874305 10244 demo_inner.hpp:177] decode queue size 0
I1014 16:40:22.874644 10249 work_thread.hpp:102]  [T-Work-Recog_1] Try to push queue compare again 8 vs 8
I1014 16:40:22.876267 10247 work_thread.hpp:102]  [T-Work-Detect_0] Try to push queue frame again 8 vs 8
I1014 16:40:22.883996 10248 work_thread.hpp:102]  [T-Work-Recog_0] Try to push queue compare again 8 vs 8
I1014 16:40:22.884727 10249 work_thread.hpp:102]  [T-Work-Recog_1] Try to push queue compare again 8 vs 8
I1014 16:40:22.886346 10247 work_thread.hpp:102]  [T-Work-Detect_0] Try to push queue frame again 8 vs 8
I1014 16:40:22.894079 10248 work_thread.hpp:102]  [T-Work-Recog_0] Try to push queue compare again 8 vs 8
I1014 16:40:22.894806 10249 work_thread.hpp:102]  [T-Work-Recog_1] Try to push queue compare again 8 vs 8
I1014 16:40:22.896430 10247 work_thread.hpp:102]  [T-Work-Detect_0] Try to push queue frame again 8 vs 8
I1014 16:40:22.904181 10248 work_thread.hpp:102]  [T-Work-Recog_0] Try to push queue compare again 8 vs 8
I1014 16:40:22.904430 10244 demo_inner.hpp:177] decode queue size 1
I1014 16:40:22.904891 10249 work_thread.hpp:102]  [T-Work-Recog_1] Try to push queue compare again 8 vs 8
I1014 16:40:22.906515 10247 work_thread.hpp:102]  [T-Work-Detect_0] Try to push queue frame again 8 vs 8
I1014 16:40:22.914269 10248 work_thread.hpp:102]  [T-Work-Recog_0] Try to push queue compare again 8 vs 8
I1014 16:40:22.914973 10249 work_thread.hpp:102]  [T-Work-Recog_1] Try to push queue compare again 8 vs 8
I1014 16:40:22.916595 10247 work_thread.hpp:102]  [T-Work-Detect_0] Try to push queue frame again 8 vs 8
I1014 16:40:22.924355 10248 work_thread.hpp:102]  [T-Work-Recog_0] Try to push queue compare again 8 vs 8
I1014 16:40:22.925055 10249 work_thread.hpp:102]  [T-Work-Recog_1] Try to push queue compare again 8 vs 8
I1014 16:40:22.926674 10247 work_thread.hpp:102]  [T-Work-Detect_0] Try to push queue frame again 8 vs 8
I1014 16:40:22.934440 10248 work_thread.hpp:102]  [T-Work-Recog_0] Try to push queue compare again 8 vs 8
I1014 16:40:22.935134 10249 work_thread.hpp:102]  [T-Work-Recog_1] Try to push queue compare again 8 vs 8
I1014 16:40:22.936753 10247 work_thread.hpp:102]  [T-Work-Detect_0] Try to push queue frame again 8 vs 8
I1014 16:40:22.940333 10244 demo_inner.hpp:177] decode queue size 1
I1014 16:40:22.944532 10248 work_thread.hpp:102]  [T-Work-Recog_0] Try to push queue compare again 8 vs 8
I1014 16:40:22.945216 10249 work_thread.hpp:102]  [T-Work-Recog_1] Try to push queue compare again 8 vs 8
I1014 16:40:22.946835 10247 work_thread.hpp:102]  [T-Work-Detect_0] Try to push queue frame again 8 vs 8
I1014 16:40:22.954618 10248 work_thread.hpp:102]  [T-Work-Recog_0] Try to push queue compare again 8 vs 8
I1014 16:40:22.955368 10249 work_thread.hpp:102]  [T-Work-Recog_1] Try to push queue compare again 8 vs 8
I1014 16:40:22.956914 10247 work_thread.hpp:102]  [T-Work-Detect_0] Try to push queue frame again 8 vs 8
I1014 16:40:22.961120 10250 thread_intergrate.hpp:224] T-Intergrate-intergrate Show face :0, size :640 * 360
I1014 16:40:22.961436 10250 thread_intergrate.hpp:83] [T-Intergrate-intergrate] queue: frame output frame :62
I1014 16:40:22.961459 10247 work_thread.hpp:81]  [T-Work-Detect_0] Run work: WorkDetect
I1014 16:40:22.961465 10250 thread_intergrate.hpp:90] [T-Intergrate-intergrate] queue: compare output face:0
I1014 16:40:22.961485 10250 thread_intergrate.hpp:149] T-Intergrate-intergrate set matched face: 0
I1014 16:40:22.961491 10247 work_detect.cpp:102] Succeeded to add det start for frame 71
I1014 16:40:22.961794 10246 demo_inner.hpp:435] thread [SORT-0]  frame id 61 sorting queue size 0   FPS: 14.2033
I1014 16:40:22.961884 10245 demo_inner.hpp:260]  gui queue size 0, state = running
I1014 16:40:22.963841 10250 thread_intergrate.hpp:224] T-Intergrate-intergrate Show face :0, size :640 * 360
I1014 16:40:22.964059 10250 thread_intergrate.hpp:83] [T-Intergrate-intergrate] queue: frame output frame :63
I1014 16:40:22.964089 10250 thread_intergrate.hpp:90] [T-Intergrate-intergrate] queue: compare output face:0
I1014 16:40:22.964226 10250 thread_intergrate.hpp:149] T-Intergrate-intergrate set matched face: 0
I1014 16:40:22.964447 10246 demo_inner.hpp:435] thread [SORT-0]  frame id 62 sorting queue size 0   FPS: 14.2033
I1014 16:40:22.966495 10250 thread_intergrate.hpp:224] T-Intergrate-intergrate Show face :0, size :640 * 360
I1014 16:40:22.966727 10250 thread_intergrate.hpp:83] [T-Intergrate-intergrate] queue: frame output frame :64
I1014 16:40:22.966751 10250 thread_intergrate.hpp:90] [T-Intergrate-intergrate] queue: compare output face:0
I1014 16:40:22.966769 10250 thread_intergrate.hpp:149] T-Intergrate-intergrate set matched face: 0
I1014 16:40:22.967051 10246 demo_inner.hpp:435] thread [SORT-0]  frame id 63 sorting queue size 0   FPS: 14.2222
I1014 16:40:22.967203 10245 demo_inner.hpp:260]  gui queue size 1, state = running
I1014 16:40:22.968287 10247 work_detect.cpp:70] Frame :71 detect result :1 face(s)
I1014 16:40:22.968333 10247 work_detect.cpp:86] Detected bbox: [156 x 209 from (209, 68)]
I1014 16:40:22.968381 10247 work_detect.cpp:120] Succeeded to add det end for frame 71
I1014 16:40:22.968397 10247 work_thread.hpp:81]  [T-Work-Detect_0] Run work: WrokTrack
I1014 16:40:22.968422 10247 work_track.cpp:82] Frame: 71 build input_characts: [0.24375 x 0.580556 from (0.326562, 0.188889)], 0.999622, 0
I1014 16:40:22.968474 10247 work_track.cpp:102] Succeeded to set track lock for frame 71
I1014 16:40:22.968519 10247 work_track.cpp:116] Succeeded to release track lock for frame 71
I1014 16:40:22.968533 10247 work_track.cpp:120] Track results of frame 71: 1 objects input, 1 objects tracked!
I1014 16:40:22.968551 10247 work_track.cpp:148] Frame: 71, track bbox: [156 x 209 from (209.017, 68.2518)], gid: 0, lid: 0
I1014 16:40:22.968588 10247 work_thread.hpp:87]  [T-Work-Detect_0] Frame :71 split
I1014 16:40:22.968606 10247 work_thread.hpp:120]  [T-Work-Detect_0] Valid piece: gid = 0
I1014 16:40:22.968626 10247 work_thread.hpp:91]  [T-Work-Detect_0] Push to split queue:recog
I1014 16:40:22.968785 10248 work_thread.hpp:81]  [T-Work-Recog_0] Run work: WorkCapture
I1014 16:40:22.969209 10250 thread_intergrate.hpp:224] T-Intergrate-intergrate Show face :0, size :640 * 360
I1014 16:40:22.969432 10248 work_thread.hpp:81]  [T-Work-Recog_0] Run work: WorkRecog
I1014 16:40:22.969456 10248 work_recog.hpp:89] Face id: 0 will run recog: bbox [156 x 209 from (209, 68)] quality: 0.465942
I1014 16:40:22.969487 10248 work_recog.hpp:96] Recog pair: [224 x 296 from (176, 24)], [156 x 209 from (33, 44)]
I1014 16:40:22.970361 10250 thread_intergrate.hpp:83] [T-Intergrate-intergrate] queue: frame output frame :65
I1014 16:40:22.970402 10250 thread_intergrate.hpp:90] [T-Intergrate-intergrate] queue: compare output face:0
I1014 16:40:22.970420 10250 thread_intergrate.hpp:149] T-Intergrate-intergrate set matched face: 0
I1014 16:40:22.971000 10246 demo_inner.hpp:435] thread [SORT-0]  frame id 64 sorting queue size 0   FPS: 15.8259
I1014 16:40:22.971102 10244 demo_inner.hpp:177] decode queue size 0
I1014 16:40:22.971194 10247 work_thread.hpp:81]  [T-Work-Detect_0] Run work: WorkDetect
I1014 16:40:22.971226 10247 work_detect.cpp:102] Succeeded to add det start for frame 72
I1014 16:40:22.972245 10245 demo_inner.hpp:260]  gui queue size 0, state = running
I1014 16:40:22.978353 10247 work_detect.cpp:70] Frame :72 detect result :1 face(s)
I1014 16:40:22.978415 10247 work_detect.cpp:86] Detected bbox: [150 x 204 from (212, 70)]
I1014 16:40:22.978461 10247 work_detect.cpp:120] Succeeded to add det end for frame 72
I1014 16:40:22.978477 10247 work_thread.hpp:81]  [T-Work-Detect_0] Run work: WrokTrack
I1014 16:40:22.978507 10247 work_track.cpp:82] Frame: 72 build input_characts: [0.234375 x 0.566667 from (0.33125, 0.194444)], 0.998742, 0
I1014 16:40:22.978577 10247 work_track.cpp:102] Succeeded to set track lock for frame 72
I1014 16:40:22.978618 10247 work_track.cpp:116] Succeeded to release track lock for frame 72
I1014 16:40:22.978632 10247 work_track.cpp:120] Track results of frame 72: 1 objects input, 1 objects tracked!
I1014 16:40:22.978744 10247 work_track.cpp:148] Frame: 72, track bbox: [150 x 204 from (211.77, 70.4564)], gid: 0, lid: 0
I1014 16:40:22.978783 10247 work_thread.hpp:87]  [T-Work-Detect_0] Frame :72 split
I1014 16:40:22.978801 10247 work_thread.hpp:120]  [T-Work-Detect_0] Valid piece: gid = 0
I1014 16:40:22.978819 10247 work_thread.hpp:91]  [T-Work-Detect_0] Push to split queue:recog
I1014 16:40:22.978873 10249 work_thread.hpp:81]  [T-Work-Recog_1] Run work: WorkCapture
I1014 16:40:22.979575 10249 work_thread.hpp:81]  [T-Work-Recog_1] Run work: WorkRecog
I1014 16:40:22.979598 10249 work_recog.hpp:89] Face id: 0 will run recog: bbox [150 x 204 from (212, 70)] quality: 0.474936
I1014 16:40:22.979625 10249 work_recog.hpp:96] Recog pair: [216 x 296 from (176, 24)], [150 x 204 from (36, 46)]
I1014 16:40:22.984582 10250 thread_intergrate.hpp:224] T-Intergrate-intergrate Show face :0, size :640 * 360
I1014 16:40:22.984869 10250 thread_intergrate.hpp:83] [T-Intergrate-intergrate] queue: frame output frame :66
I1014 16:40:22.984895 10250 thread_intergrate.hpp:90] [T-Intergrate-intergrate] queue: compare output face:0
I1014 16:40:22.984915 10250 thread_intergrate.hpp:149] T-Intergrate-intergrate set matched face: 0
I1014 16:40:22.985500 10246 demo_inner.hpp:435] thread [SORT-0]  frame id 65 sorting queue size 0   FPS: 15.7403
I1014 16:40:22.985697 10245 demo_inner.hpp:260]  gui queue size 0, state = running
I1014 16:40:22.989238 10250 thread_intergrate.hpp:224] T-Intergrate-intergrate Show face :0, size :640 * 360
I1014 16:40:22.989554 10250 thread_intergrate.hpp:83] [T-Intergrate-intergrate] queue: frame output frame :67
I1014 16:40:22.989588 10250 thread_intergrate.hpp:90] [T-Intergrate-intergrate] queue: compare output face:0
I1014 16:40:22.989605 10250 thread_intergrate.hpp:149] T-Intergrate-intergrate set matched face: 0
I1014 16:40:22.989811 10248 work_thread.hpp:81]  [T-Work-Recog_0] Run work: WorkCompare
I1014 16:40:22.989960 10246 demo_inner.hpp:435] thread [SORT-0]  frame id 66 sorting queue size 0   FPS: 15.748
I1014 16:40:22.990242 10248 work_compare.cpp:76] Compare face: 0 successed, similarity :0.997171, name : images/ThangLMb.jpg, normal size : 1548 * 1719!
I1014 16:40:22.992976 10245 demo_inner.hpp:260]  gui queue size 0, state = running
I1014 16:40:22.999222 10249 work_thread.hpp:81]  [T-Work-Recog_1] Run work: WorkCompare
I1014 16:40:22.999686 10249 work_compare.cpp:76] Compare face: 0 successed, similarity :0.997107, name : images/ThangLMb.jpg, normal size : 1548 * 1719!
I1014 16:40:23.000895 10250 thread_intergrate.hpp:224] T-Intergrate-intergrate Show face :0, size :640 * 360
I1014 16:40:23.001061 10250 thread_intergrate.hpp:83] [T-Intergrate-intergrate] queue: frame output frame :68
I1014 16:40:23.001085 10250 thread_intergrate.hpp:90] [T-Intergrate-intergrate] queue: compare output face:0
I1014 16:40:23.001103 10250 thread_intergrate.hpp:149] T-Intergrate-intergrate set matched face: 0
I1014 16:40:23.001417 10246 demo_inner.hpp:435] thread [SORT-0]  frame id 67 sorting queue size 0   FPS: 17.66
I1014 16:40:23.001515 10245 demo_inner.hpp:260]  gui queue size 0, state = running
I1014 16:40:23.006976 10250 thread_intergrate.hpp:224] T-Intergrate-intergrate Show face :0, size :640 * 360
I1014 16:40:23.007198 10244 demo_inner.hpp:177] decode queue size 0
I1014 16:40:23.007221 10250 thread_intergrate.hpp:83] [T-Intergrate-intergrate] queue: frame output frame :69
I1014 16:40:23.007246 10250 thread_intergrate.hpp:90] [T-Intergrate-intergrate] queue: compare output face:0
I1014 16:40:23.007266 10250 thread_intergrate.hpp:149] T-Intergrate-intergrate set matched face: 0
I1014 16:40:23.007266 10247 work_thread.hpp:81]  [T-Work-Detect_0] Run work: WorkDetect
I1014 16:40:23.007588 10247 work_detect.cpp:102] Succeeded to add det start for frame 73
I1014 16:40:23.007606 10246 demo_inner.hpp:435] thread [SORT-0]  frame id 68 sorting queue size 0   FPS: 18.1518
I1014 16:40:23.007696 10245 demo_inner.hpp:260]  gui queue size 0, state = running
I1014 16:40:23.011638 10250 thread_intergrate.hpp:224] T-Intergrate-intergrate Show face :0, size :640 * 360
I1014 16:40:23.012004 10250 thread_intergrate.hpp:83] [T-Intergrate-intergrate] queue: frame output frame :70
I1014 16:40:23.012032 10250 thread_intergrate.hpp:90] [T-Intergrate-intergrate] queue: compare output face:0
I1014 16:40:23.012050 10250 thread_intergrate.hpp:149] T-Intergrate-intergrate set matched face: 0
I1014 16:40:23.012890 10246 demo_inner.hpp:435] thread [SORT-0]  frame id 69 sorting queue size 0   FPS: 18.6506
I1014 16:40:23.013867 10245 demo_inner.hpp:260]  gui queue size 0, state = running
I1014 16:40:23.014477 10247 work_detect.cpp:70] Frame :73 detect result :1 face(s)
I1014 16:40:23.014509 10247 work_detect.cpp:86] Detected bbox: [155 x 208 from (208, 69)]
I1014 16:40:23.014554 10247 work_detect.cpp:120] Succeeded to add det end for frame 73
I1014 16:40:23.014570 10247 work_thread.hpp:81]  [T-Work-Detect_0] Run work: WrokTrack
I1014 16:40:23.014593 10247 work_track.cpp:82] Frame: 73 build input_characts: [0.242188 x 0.577778 from (0.325, 0.191667)], 0.998681, 0
I1014 16:40:23.014648 10247 work_track.cpp:102] Succeeded to set track lock for frame 73
I1014 16:40:23.014691 10247 work_track.cpp:116] Succeeded to release track lock for frame 73
I1014 16:40:23.014706 10247 work_track.cpp:120] Track results of frame 73: 1 objects input, 1 objects tracked!
I1014 16:40:23.014725 10247 work_track.cpp:148] Frame: 73, track bbox: [155 x 208 from (208.425, 68.2709)], gid: 0, lid: 0
I1014 16:40:23.014761 10247 work_thread.hpp:87]  [T-Work-Detect_0] Frame :73 split
I1014 16:40:23.014780 10247 work_thread.hpp:120]  [T-Work-Detect_0] Valid piece: gid = 0
I1014 16:40:23.014798 10247 work_thread.hpp:91]  [T-Work-Detect_0] Push to split queue:recog
I1014 16:40:23.014901 10249 work_thread.hpp:81]  [T-Work-Recog_1] Run work: WorkCapture
I1014 16:40:23.015527 10249 work_thread.hpp:81]  [T-Work-Recog_1] Run work: WorkRecog
I1014 16:40:23.015552 10249 work_recog.hpp:89] Face id: 0 will run recog: bbox [155 x 208 from (208, 69)] quality: 0.470899
I1014 16:40:23.015586 10249 work_recog.hpp:96] Recog pair: [224 x 296 from (176, 24)], [155 x 208 from (32, 45)]
I1014 16:40:23.033428 10249 work_thread.hpp:81]  [T-Work-Recog_1] Run work: WorkCompare
I1014 16:40:23.033888 10249 work_compare.cpp:76] Compare face: 0 successed, similarity :0.99692, name : images/ThangLMb.jpg, normal size : 1548 * 1719!
I1014 16:40:23.036756 10244 demo_inner.hpp:177] decode queue size 0
I1014 16:40:23.036830 10247 work_thread.hpp:81]  [T-Work-Detect_0] Run work: WorkDetect
I1014 16:40:23.036860 10247 work_detect.cpp:102] Succeeded to add det start for frame 74
I1014 16:40:23.043459 10247 work_detect.cpp:70] Frame :74 detect result :1 face(s)
I1014 16:40:23.043500 10247 work_detect.cpp:86] Detected bbox: [152 x 201 from (210, 75)]
I1014 16:40:23.043545 10247 work_detect.cpp:120] Succeeded to add det end for frame 74
I1014 16:40:23.043560 10247 work_thread.hpp:81]  [T-Work-Detect_0] Run work: WrokTrack
I1014 16:40:23.043584 10247 work_track.cpp:82] Frame: 74 build input_characts: [0.2375 x 0.558333 from (0.328125, 0.208333)], 1.00019, 0
I1014 16:40:23.043637 10247 work_track.cpp:102] Succeeded to set track lock for frame 74
I1014 16:40:23.043678 10247 work_track.cpp:116] Succeeded to release track lock for frame 74
I1014 16:40:23.043692 10247 work_track.cpp:120] Track results of frame 74: 1 objects input, 1 objects tracked!
I1014 16:40:23.043710 10247 work_track.cpp:148] Frame: 74, track bbox: [152 x 201 from (209.703, 73.8138)], gid: 0, lid: 0
I1014 16:40:23.043747 10247 work_thread.hpp:87]  [T-Work-Detect_0] Frame :74 split
I1014 16:40:23.043766 10247 work_thread.hpp:120]  [T-Work-Detect_0] Valid piece: gid = 0
I1014 16:40:23.043783 10247 work_thread.hpp:91]  [T-Work-Detect_0] Push to split queue:recog
I1014 16:40:23.043821 10249 work_thread.hpp:81]  [T-Work-Recog_1] Run work: WorkCapture
I1014 16:40:23.044359 10249 work_thread.hpp:81]  [T-Work-Recog_1] Run work: WorkRecog
I1014 16:40:23.044381 10249 work_recog.hpp:89] Face id: 0 will run recog: bbox [152 x 201 from (210, 75)] quality: 0.467541
I1014 16:40:23.044407 10249 work_recog.hpp:96] Recog pair: [216 x 288 from (176, 32)], [152 x 201 from (34, 43)]
I1014 16:40:23.061977 10249 work_thread.hpp:81]  [T-Work-Recog_1] Run work: WorkCompare
I1014 16:40:23.062434 10249 work_compare.cpp:76] Compare face: 0 successed, similarity :0.99715, name : images/ThangLMb.jpg, normal size : 1548 * 1719!
I1014 16:40:23.072448 10244 demo_inner.hpp:177] decode queue size 0
I1014 16:40:23.072536 10247 work_thread.hpp:81]  [T-Work-Detect_0] Run work: WorkDetect
I1014 16:40:23.072567 10247 work_detect.cpp:102] Succeeded to add det start for frame 75
I1014 16:40:23.079178 10247 work_detect.cpp:70] Frame :75 detect result :1 face(s)
I1014 16:40:23.079227 10247 work_detect.cpp:86] Detected bbox: [135 x 186 from (212, 78)]
I1014 16:40:23.079272 10247 work_detect.cpp:120] Succeeded to add det end for frame 75
I1014 16:40:23.079289 10247 work_thread.hpp:81]  [T-Work-Detect_0] Run work: WrokTrack
I1014 16:40:23.079313 10247 work_track.cpp:82] Frame: 75 build input_characts: [0.210938 x 0.516667 from (0.33125, 0.216667)], 0.999622, 0
I1014 16:40:23.079367 10247 work_track.cpp:102] Succeeded to set track lock for frame 75
I1014 16:40:23.079408 10247 work_track.cpp:116] Succeeded to release track lock for frame 75
I1014 16:40:23.079423 10247 work_track.cpp:120] Track results of frame 75: 1 objects input, 1 objects tracked!
I1014 16:40:23.079440 10247 work_track.cpp:148] Frame: 75, track bbox: [135 x 186 from (214.752, 80.2273)], gid: 0, lid: 0
I1014 16:40:23.079475 10247 work_thread.hpp:87]  [T-Work-Detect_0] Frame :75 split
I1014 16:40:23.079493 10247 work_thread.hpp:120]  [T-Work-Detect_0] Valid piece: gid = 0
I1014 16:40:23.079512 10247 work_thread.hpp:91]  [T-Work-Detect_0] Push to split queue:recog
I1014 16:40:23.079567 10248 work_thread.hpp:81]  [T-Work-Recog_0] Run work: WorkCapture
I1014 16:40:23.080113 10248 work_thread.hpp:81]  [T-Work-Recog_0] Run work: WorkRecog
I1014 16:40:23.080137 10248 work_recog.hpp:89] Face id: 0 will run recog: bbox [135 x 186 from (212, 78)] quality: 0.465286
I1014 16:40:23.080181 10248 work_recog.hpp:96] Recog pair: [192 x 264 from (184, 40)], [135 x 186 from (28, 38)]
I1014 16:40:23.097617 10248 work_thread.hpp:81]  [T-Work-Recog_0] Run work: WorkCompare
I1014 16:40:23.098075 10248 work_compare.cpp:76] Compare face: 0 successed, similarity :0.997738, name : images/ThangLMb.jpg, normal size : 1548 * 1719!
I1014 16:40:23.102701 10244 demo_inner.hpp:177] decode queue size 0
I1014 16:40:23.102782 10247 work_thread.hpp:81]  [T-Work-Detect_0] Run work: WorkDetect
I1014 16:40:23.102813 10247 work_detect.cpp:102] Succeeded to add det start for frame 76
I1014 16:40:23.109428 10247 work_detect.cpp:70] Frame :76 detect result :1 face(s)
I1014 16:40:23.109473 10247 work_detect.cpp:86] Detected bbox: [153 x 203 from (210, 72)]
I1014 16:40:23.109516 10247 work_detect.cpp:120] Succeeded to add det end for frame 76
I1014 16:40:23.109532 10247 work_thread.hpp:81]  [T-Work-Detect_0] Run work: WrokTrack
I1014 16:40:23.109555 10247 work_track.cpp:82] Frame: 76 build input_characts: [0.239063 x 0.563889 from (0.328125, 0.2)], 1.00019, 0
I1014 16:40:23.109609 10247 work_track.cpp:102] Succeeded to set track lock for frame 76
I1014 16:40:23.109648 10247 work_track.cpp:116] Succeeded to release track lock for frame 76
I1014 16:40:23.109663 10247 work_track.cpp:120] Track results of frame 76: 1 objects input, 1 objects tracked!
I1014 16:40:23.109680 10247 work_track.cpp:148] Frame: 76, track bbox: [153 x 203 from (207.017, 71.7567)], gid: 0, lid: 0
I1014 16:40:23.109715 10247 work_thread.hpp:87]  [T-Work-Detect_0] Frame :76 split
I1014 16:40:23.109732 10247 work_thread.hpp:120]  [T-Work-Detect_0] Valid piece: gid = 0
I1014 16:40:23.109750 10247 work_thread.hpp:91]  [T-Work-Detect_0] Push to split queue:recog
I1014 16:40:23.109798 10249 work_thread.hpp:81]  [T-Work-Recog_1] Run work: WorkCapture
I1014 16:40:23.110388 10249 work_thread.hpp:81]  [T-Work-Recog_1] Run work: WorkRecog
I1014 16:40:23.110412 10249 work_recog.hpp:89] Face id: 0 will run recog: bbox [153 x 203 from (210, 72)] quality: 0.477686
I1014 16:40:23.110440 10249 work_recog.hpp:96] Recog pair: [224 x 288 from (176, 32)], [153 x 203 from (34, 40)]
I1014 16:40:23.128473 10249 work_thread.hpp:81]  [T-Work-Recog_1] Run work: WorkCompare
I1014 16:40:23.129029 10249 work_compare.cpp:76] Compare face: 0 successed, similarity :0.997281, name : images/ThangLMb.jpg, normal size : 1548 * 1719!
I1014 16:40:23.138465 10244 demo_inner.hpp:177] decode queue size 0
I1014 16:40:23.138552 10247 work_thread.hpp:81]  [T-Work-Detect_0] Run work: WorkDetect
I1014 16:40:23.138586 10247 work_detect.cpp:102] Succeeded to add det start for frame 77
I1014 16:40:23.145256 10247 work_detect.cpp:70] Frame :77 detect result :1 face(s)
I1014 16:40:23.145300 10247 work_detect.cpp:86] Detected bbox: [150 x 200 from (211, 74)]
I1014 16:40:23.145344 10247 work_detect.cpp:120] Succeeded to add det end for frame 77
I1014 16:40:23.145360 10247 work_thread.hpp:81]  [T-Work-Detect_0] Run work: WrokTrack
I1014 16:40:23.145385 10247 work_track.cpp:82] Frame: 77 build input_characts: [0.234375 x 0.555556 from (0.329688, 0.205556)], 0.999622, 0
I1014 16:40:23.145439 10247 work_track.cpp:102] Succeeded to set track lock for frame 77
I1014 16:40:23.145479 10247 work_track.cpp:116] Succeeded to release track lock for frame 77
I1014 16:40:23.145493 10247 work_track.cpp:120] Track results of frame 77: 1 objects input, 1 objects tracked!
I1014 16:40:23.145511 10247 work_track.cpp:148] Frame: 77, track bbox: [150 x 200 from (209.489, 73.6881)], gid: 0, lid: 0
I1014 16:40:23.145546 10247 work_thread.hpp:87]  [T-Work-Detect_0] Frame :77 split
I1014 16:40:23.145563 10247 work_thread.hpp:120]  [T-Work-Detect_0] Valid piece: gid = 0
I1014 16:40:23.145581 10247 work_thread.hpp:91]  [T-Work-Detect_0] Push to split queue:recog
I1014 16:40:23.145630 10248 work_thread.hpp:81]  [T-Work-Recog_0] Run work: WorkCapture
I1014 16:40:23.146175 10248 work_thread.hpp:81]  [T-Work-Recog_0] Run work: WorkRecog
I1014 16:40:23.146198 10248 work_recog.hpp:89] Face id: 0 will run recog: bbox [150 x 200 from (211, 74)] quality: 0.472927
I1014 16:40:23.146225 10248 work_recog.hpp:96] Recog pair: [216 x 288 from (176, 32)], [150 x 200 from (35, 42)]
I1014 16:40:23.163621 10248 work_thread.hpp:81]  [T-Work-Recog_0] Run work: WorkCompare
I1014 16:40:23.164077 10248 work_compare.cpp:76] Compare face: 0 successed, similarity :0.996973, name : images/ThangLMb.jpg, normal size : 1548 * 1719!
I1014 16:40:23.174389 10244 demo_inner.hpp:177] decode queue size 0
I1014 16:40:23.174476 10247 work_thread.hpp:81]  [T-Work-Detect_0] Run work: WorkDetect
I1014 16:40:23.174507 10247 work_detect.cpp:102] Succeeded to add det start for frame 78
I1014 16:40:23.181079 10247 work_detect.cpp:70] Frame :78 detect result :1 face(s)
I1014 16:40:23.181118 10247 work_detect.cpp:86] Detected bbox: [157 x 209 from (207, 68)]
I1014 16:40:23.181162 10247 work_detect.cpp:120] Succeeded to add det end for frame 78
I1014 16:40:23.181179 10247 work_thread.hpp:81]  [T-Work-Detect_0] Run work: WrokTrack
I1014 16:40:23.181201 10247 work_track.cpp:82] Frame: 78 build input_characts: [0.245312 x 0.580556 from (0.323438, 0.188889)], 1.00019, 0
I1014 16:40:23.181255 10247 work_track.cpp:102] Succeeded to set track lock for frame 78
I1014 16:40:23.181294 10247 work_track.cpp:116] Succeeded to release track lock for frame 78
I1014 16:40:23.181308 10247 work_track.cpp:120] Track results of frame 78: 1 objects input, 1 objects tracked!
I1014 16:40:23.181326 10247 work_track.cpp:148] Frame: 78, track bbox: [157 x 209 from (206.842, 68.4372)], gid: 0, lid: 0
I1014 16:40:23.181362 10247 work_thread.hpp:87]  [T-Work-Detect_0] Frame :78 split
I1014 16:40:23.181380 10247 work_thread.hpp:120]  [T-Work-Detect_0] Valid piece: gid = 0
I1014 16:40:23.181398 10247 work_thread.hpp:91]  [T-Work-Detect_0] Push to split queue:recog
I1014 16:40:23.181443 10248 work_thread.hpp:81]  [T-Work-Recog_0] Run work: WorkCapture
I1014 16:40:23.181999 10248 work_thread.hpp:81]  [T-Work-Recog_0] Run work: WorkRecog
I1014 16:40:23.182024 10248 work_recog.hpp:89] Face id: 0 will run recog: bbox [157 x 209 from (207, 68)] quality: 0.473928
I1014 16:40:23.182122 10248 work_recog.hpp:96] Recog pair: [224 x 296 from (176, 24)], [157 x 209 from (31, 44)]
I1014 16:40:23.199622 10248 work_thread.hpp:81]  [T-Work-Recog_0] Run work: WorkCompare
I1014 16:40:23.200083 10248 work_compare.cpp:76] Compare face: 0 successed, similarity :0.996078, name : images/ThangLMb.jpg, normal size : 1548 * 1719!
I1014 16:40:23.204692 10244 demo_inner.hpp:177] decode queue size 0
I1014 16:40:23.204771 10247 work_thread.hpp:81]  [T-Work-Detect_0] Run work: WorkDetect
I1014 16:40:23.204802 10247 work_detect.cpp:102] Succeeded to add det start for frame 79
I1014 16:40:23.210273 10248 work_thread.hpp:102]  [T-Work-Recog_0] Try to push queue compare again 8 vs 8
I1014 16:40:23.211333 10247 work_detect.cpp:70] Frame :79 detect result :1 face(s)
I1014 16:40:23.211354 10247 work_detect.cpp:86] Detected bbox: [155 x 204 from (208, 73)]
I1014 16:40:23.211395 10247 work_detect.cpp:120] Succeeded to add det end for frame 79
I1014 16:40:23.211411 10247 work_thread.hpp:81]  [T-Work-Detect_0] Run work: WrokTrack
I1014 16:40:23.211431 10247 work_track.cpp:82] Frame: 79 build input_characts: [0.242188 x 0.566667 from (0.325, 0.202778)], 1.00019, 0
I1014 16:40:23.211486 10247 work_track.cpp:102] Succeeded to set track lock for frame 79
I1014 16:40:23.211527 10247 work_track.cpp:116] Succeeded to release track lock for frame 79
I1014 16:40:23.211541 10247 work_track.cpp:120] Track results of frame 79: 1 objects input, 1 objects tracked!
I1014 16:40:23.211560 10247 work_track.cpp:148] Frame: 79, track bbox: [155 x 204 from (208.406, 71.7632)], gid: 0, lid: 0
I1014 16:40:23.211594 10247 work_thread.hpp:87]  [T-Work-Detect_0] Frame :79 split
I1014 16:40:23.211611 10247 work_thread.hpp:120]  [T-Work-Detect_0] Valid piece: gid = 0
I1014 16:40:23.211629 10247 work_thread.hpp:91]  [T-Work-Detect_0] Push to split queue:recog
I1014 16:40:23.211669 10249 work_thread.hpp:81]  [T-Work-Recog_1] Run work: WorkCapture
I1014 16:40:23.212260 10249 work_thread.hpp:81]  [T-Work-Recog_1] Run work: WorkRecog
I1014 16:40:23.212285 10249 work_recog.hpp:89] Face id: 0 will run recog: bbox [155 x 204 from (208, 73)] quality: 0.468039
I1014 16:40:23.212311 10249 work_recog.hpp:96] Recog pair: [224 x 288 from (176, 32)], [155 x 204 from (32, 41)]
I1014 16:40:23.220409 10248 work_thread.hpp:102]  [T-Work-Recog_0] Try to push queue compare again 8 vs 8
I1014 16:40:23.221717 10247 work_thread.hpp:102]  [T-Work-Detect_0] Try to push queue frame again 8 vs 8
I1014 16:40:23.230060 10249 work_thread.hpp:81]  [T-Work-Recog_1] Run work: WorkCompare
I1014 16:40:23.230523 10248 work_thread.hpp:102]  [T-Work-Recog_0] Try to push queue compare again 8 vs 8
I1014 16:40:23.230615 10249 work_compare.cpp:76] Compare face: 0 successed, similarity :0.996247, name : images/ThangLMb.jpg, normal size : 1548 * 1719!
I1014 16:40:23.231807 10247 work_thread.hpp:102]  [T-Work-Detect_0] Try to push queue frame again 8 vs 8
I1014 16:40:23.240422 10244 demo_inner.hpp:177] decode queue size 0
I1014 16:40:23.240624 10248 work_thread.hpp:102]  [T-Work-Recog_0] Try to push queue compare again 8 vs 8
I1014 16:40:23.240736 10249 work_thread.hpp:102]  [T-Work-Recog_1] Try to push queue compare again 8 vs 8
I1014 16:40:23.241891 10247 work_thread.hpp:102]  [T-Work-Detect_0] Try to push queue frame again 8 vs 8
I1014 16:40:23.250736 10248 work_thread.hpp:102]  [T-Work-Recog_0] Try to push queue compare again 8 vs 8
I1014 16:40:23.250828 10249 work_thread.hpp:102]  [T-Work-Recog_1] Try to push queue compare again 8 vs 8
I1014 16:40:23.251971 10247 work_thread.hpp:102]  [T-Work-Detect_0] Try to push queue frame again 8 vs 8
I1014 16:40:23.260852 10248 work_thread.hpp:102]  [T-Work-Recog_0] Try to push queue compare again 8 vs 8
I1014 16:40:23.260918 10249 work_thread.hpp:102]  [T-Work-Recog_1] Try to push queue compare again 8 vs 8
I1014 16:40:23.262055 10247 work_thread.hpp:102]  [T-Work-Detect_0] Try to push queue frame again 8 vs 8
I1014 16:40:23.270432 10244 demo_inner.hpp:177] decode queue size 1
I1014 16:40:23.270958 10248 work_thread.hpp:102]  [T-Work-Recog_0] Try to push queue compare again 8 vs 8
I1014 16:40:23.271015 10249 work_thread.hpp:102]  [T-Work-Recog_1] Try to push queue compare again 8 vs 8
I1014 16:40:23.272140 10247 work_thread.hpp:102]  [T-Work-Detect_0] Try to push queue frame again 8 vs 8
I1014 16:40:23.281132 10248 work_thread.hpp:102]  [T-Work-Recog_0] Try to push queue compare again 8 vs 8
I1014 16:40:23.281159 10249 work_thread.hpp:102]  [T-Work-Recog_1] Try to push queue compare again 8 vs 8
I1014 16:40:23.282236 10247 work_thread.hpp:102]  [T-Work-Detect_0] Try to push queue frame again 8 vs 8
I1014 16:40:23.291226 10248 work_thread.hpp:102]  [T-Work-Recog_0] Try to push queue compare again 8 vs 8
I1014 16:40:23.291270 10249 work_thread.hpp:102]  [T-Work-Recog_1] Try to push queue compare again 8 vs 8
I1014 16:40:23.292315 10247 work_thread.hpp:102]  [T-Work-Detect_0] Try to push queue frame again 8 vs 8
I1014 16:40:23.301333 10248 work_thread.hpp:102]  [T-Work-Recog_0] Try to push queue compare again 8 vs 8
I1014 16:40:23.301363 10249 work_thread.hpp:102]  [T-Work-Recog_1] Try to push queue compare again 8 vs 8
I1014 16:40:23.302397 10247 work_thread.hpp:102]  [T-Work-Detect_0] Try to push queue frame again 8 vs 8
I1014 16:40:23.306416 10244 demo_inner.hpp:177] decode queue size 1
I1014 16:40:23.311462 10248 work_thread.hpp:102]  [T-Work-Recog_0] Try to push queue compare again 8 vs 8
I1014 16:40:23.311462 10249 work_thread.hpp:102]  [T-Work-Recog_1] Try to push queue compare again 8 vs 8
I1014 16:40:23.312477 10247 work_thread.hpp:102]  [T-Work-Detect_0] Try to push queue frame again 8 vs 8
I1014 16:40:23.321566 10248 work_thread.hpp:102]  [T-Work-Recog_0] Try to push queue compare again 8 vs 8
I1014 16:40:23.321568 10249 work_thread.hpp:102]  [T-Work-Recog_1] Try to push queue compare again 8 vs 8
I1014 16:40:23.322556 10247 work_thread.hpp:102]  [T-Work-Detect_0] Try to push queue frame again 8 vs 8
I1014 16:40:23.331691 10248 work_thread.hpp:102]  [T-Work-Recog_0] Try to push queue compare again 8 vs 8
I1014 16:40:23.331691 10249 work_thread.hpp:102]  [T-Work-Recog_1] Try to push queue compare again 8 vs 8
I1014 16:40:23.332636 10247 work_thread.hpp:102]  [T-Work-Detect_0] Try to push queue frame again 8 vs 8
I1014 16:40:23.336517 10244 demo_inner.hpp:177] decode queue size 1
I1014 16:40:23.341828 10248 work_thread.hpp:102]  [T-Work-Recog_0] Try to push queue compare again 8 vs 8
I1014 16:40:23.341845 10249 work_thread.hpp:102]  [T-Work-Recog_1] Try to push queue compare again 8 vs 8
I1014 16:40:23.342717 10247 work_thread.hpp:102]  [T-Work-Detect_0] Try to push queue frame again 8 vs 8
I1014 16:40:23.351928 10248 work_thread.hpp:102]  [T-Work-Recog_0] Try to push queue compare again 8 vs 8
I1014 16:40:23.351935 10249 work_thread.hpp:102]  [T-Work-Recog_1] Try to push queue compare again 8 vs 8
I1014 16:40:23.352798 10247 work_thread.hpp:102]  [T-Work-Detect_0] Try to push queue frame again 8 vs 8
I1014 16:40:23.362025 10249 work_thread.hpp:102]  [T-Work-Recog_1] Try to push queue compare again 8 vs 8
I1014 16:40:23.362025 10248 work_thread.hpp:102]  [T-Work-Recog_0] Try to push queue compare again 8 vs 8
I1014 16:40:23.362880 10247 work_thread.hpp:102]  [T-Work-Detect_0] Try to push queue frame again 8 vs 8
I1014 16:40:23.372148 10248 work_thread.hpp:102]  [T-Work-Recog_0] Try to push queue compare again 8 vs 8
I1014 16:40:23.372140 10249 work_thread.hpp:102]  [T-Work-Recog_1] Try to push queue compare again 8 vs 8
I1014 16:40:23.372458 10244 demo_inner.hpp:177] decode queue size 1
I1014 16:40:23.372962 10247 work_thread.hpp:102]  [T-Work-Detect_0] Try to push queue frame again 8 vs 8
I1014 16:40:23.382373 10248 work_thread.hpp:102]  [T-Work-Recog_0] Try to push queue compare again 8 vs 8
I1014 16:40:23.382376 10249 work_thread.hpp:102]  [T-Work-Recog_1] Try to push queue compare again 8 vs 8
I1014 16:40:23.383044 10247 work_thread.hpp:102]  [T-Work-Detect_0] Try to push queue frame again 8 vs 8
I1014 16:40:23.392472 10248 work_thread.hpp:102]  [T-Work-Recog_0] Try to push queue compare again 8 vs 8
I1014 16:40:23.392576 10249 work_thread.hpp:102]  [T-Work-Recog_1] Try to push queue compare again 8 vs 8
I1014 16:40:23.393123 10247 work_thread.hpp:102]  [T-Work-Detect_0] Try to push queue frame again 8 vs 8
I1014 16:40:23.402581 10248 work_thread.hpp:102]  [T-Work-Recog_0] Try to push queue compare again 8 vs 8
I1014 16:40:23.402747 10249 work_thread.hpp:102]  [T-Work-Recog_1] Try to push queue compare again 8 vs 8
I1014 16:40:23.403204 10247 work_thread.hpp:102]  [T-Work-Detect_0] Try to push queue frame again 8 vs 8
I1014 16:40:23.408370 10244 demo_inner.hpp:177] decode queue size 1
