I1014 14:24:59.657920  7750 work_thread.hpp:87]  [T-Work-Detect_0] Frame :55 split
I1014 14:24:59.657936  7750 work_thread.hpp:119]  [T-Work-Detect_0] Valid piece: gid = 0
I1014 14:24:59.657954  7750 work_thread.hpp:123]  [T-Work-Detect_0] Invalid piece: lid = 1, drop it
I1014 14:24:59.657977  7750 work_thread.hpp:91]  [T-Work-Detect_0] Push to split queue:recog
I1014 14:24:59.658025  7751 work_thread.hpp:81]  [T-Work-Recog_0] Run work: WorkCapture
I1014 14:24:59.658484  7753 thread_intergrate.hpp:78] [T-Intergrate-intergrate] queue: frame output frame :55
I1014 14:24:59.658510  7753 thread_intergrate.hpp:85] [T-Intergrate-intergrate] queue: compare output face:0
I1014 14:24:59.658529  7753 thread_intergrate.hpp:137] T-Intergrate-intergrate set matched face: 0
I1014 14:24:59.658751  7751 work_thread.hpp:81]  [T-Work-Recog_0] Run work: WorkRecog
I1014 14:24:59.658774  7751 work_recog.hpp:89] Face id: 0 will run recog: bbox [140 x 195 from (299, 133)] quality: 0.478607
I1014 14:24:59.658802  7751 work_recog.hpp:96] Recog pair: [208 x 272 from (264, 88)], [140 x 195 from (35, 45)]
I1014 14:24:59.659963  7753 thread_intergrate.hpp:157] T-Intergrate-intergrate Show face :0, size :640 * 360
I1014 14:24:59.660629  7749 demo_inner.hpp:435] thread [SORT-0]  frame id 55 sorting queue size 0   FPS: 29.7849
I1014 14:24:59.676754  7751 work_thread.hpp:81]  [T-Work-Recog_0] Run work: WorkCompare
I1014 14:24:59.677477  7751 work_compare.cpp:76] Compare face: 0 successed, similarity :0.989684, name : images/ThangLMb.jpg, normal size : 1548 * 1719!
I1014 14:24:59.679842  7747 demo_inner.hpp:177] decode queue size 0
I1014 14:24:59.679925  7750 work_thread.hpp:81]  [T-Work-Detect_0] Run work: WorkDetect
I1014 14:24:59.679958  7750 work_detect.cpp:102] Succeeded to add det start for frame 56
I1014 14:24:59.687566  7750 work_detect.cpp:70] Frame :56 detect result :1 face(s)
I1014 14:24:59.687620  7750 work_detect.cpp:86] Detected bbox: [143 x 198 from (297, 130)]
I1014 14:24:59.687690  7750 work_detect.cpp:120] Succeeded to add det end for frame 56
I1014 14:24:59.687707  7750 work_thread.hpp:81]  [T-Work-Detect_0] Run work: WrokTrack
I1014 14:24:59.687755  7750 work_track.cpp:82] Frame: 56 build input_characts: [0.223438 x 0.55 from (0.464063, 0.361111)], 0.997596, 0
I1014 14:24:59.687811  7750 work_track.cpp:102] Succeeded to set track lock for frame 56
I1014 14:24:59.687853  7750 work_track.cpp:116] Succeeded to release track lock for frame 56
I1014 14:24:59.687876  7750 work_track.cpp:120] Track results of frame 56: 1 objects input, 1 objects tracked!
I1014 14:24:59.687894  7750 work_track.cpp:148] Frame: 56, track bbox: [143 x 198 from (299.598, 129.424)], gid: 0, lid: 0
I1014 14:24:59.687932  7750 work_thread.hpp:87]  [T-Work-Detect_0] Frame :56 split
I1014 14:24:59.688045  7750 work_thread.hpp:119]  [T-Work-Detect_0] Valid piece: gid = 0
I1014 14:24:59.688066  7750 work_thread.hpp:91]  [T-Work-Detect_0] Push to split queue:recog
I1014 14:24:59.688107  7752 work_thread.hpp:81]  [T-Work-Recog_1] Run work: WorkCapture
I1014 14:24:59.688110  7753 thread_intergrate.hpp:78] [T-Intergrate-intergrate] queue: frame output frame :56
I1014 14:24:59.688138  7753 thread_intergrate.hpp:85] [T-Intergrate-intergrate] queue: compare output face:0
I1014 14:24:59.688171  7753 thread_intergrate.hpp:137] T-Intergrate-intergrate set matched face: 0
I1014 14:24:59.688900  7752 work_thread.hpp:81]  [T-Work-Recog_1] Run work: WorkRecog
I1014 14:24:59.688935  7752 work_recog.hpp:89] Face id: 0 will run recog: bbox [143 x 198 from (297, 130)] quality: 0.475482
I1014 14:24:59.688973  7752 work_recog.hpp:96] Recog pair: [208 x 272 from (264, 88)], [143 x 198 from (33, 42)]
I1014 14:24:59.689623  7753 thread_intergrate.hpp:157] T-Intergrate-intergrate Show face :0, size :640 * 360
I1014 14:24:59.690186  7749 demo_inner.hpp:435] thread [SORT-0]  frame id 56 sorting queue size 1   FPS: 29.8426
I1014 14:24:59.706514  7752 work_thread.hpp:81]  [T-Work-Recog_1] Run work: WorkCompare
I1014 14:24:59.706990  7752 work_compare.cpp:76] Compare face: 0 successed, similarity :0.994492, name : images/ThangLMb.jpg, normal size : 1548 * 1719!
I1014 14:24:59.715682  7747 demo_inner.hpp:177] decode queue size 0
I1014 14:24:59.715800  7750 work_thread.hpp:81]  [T-Work-Detect_0] Run work: WorkDetect
I1014 14:24:59.715835  7750 work_detect.cpp:102] Succeeded to add det start for frame 57
I1014 14:24:59.723227  7750 work_detect.cpp:70] Frame :57 detect result :1 face(s)
I1014 14:24:59.723275  7750 work_detect.cpp:86] Detected bbox: [149 x 206 from (297, 126)]
I1014 14:24:59.723326  7750 work_detect.cpp:120] Succeeded to add det end for frame 57
I1014 14:24:59.723343  7750 work_thread.hpp:81]  [T-Work-Detect_0] Run work: WrokTrack
I1014 14:24:59.723367  7750 work_track.cpp:82] Frame: 57 build input_characts: [0.232812 x 0.572222 from (0.464063, 0.35)], 1.00019, 0
I1014 14:24:59.723448  7750 work_track.cpp:102] Succeeded to set track lock for frame 57
I1014 14:24:59.723567  7750 work_track.cpp:116] Succeeded to release track lock for frame 57
I1014 14:24:59.723582  7750 work_track.cpp:120] Track results of frame 57: 1 objects input, 1 objects tracked!
I1014 14:24:59.723600  7750 work_track.cpp:148] Frame: 57, track bbox: [149 x 206 from (297.596, 125.065)], gid: 0, lid: 0
I1014 14:24:59.723635  7750 work_thread.hpp:87]  [T-Work-Detect_0] Frame :57 split
I1014 14:24:59.723677  7750 work_thread.hpp:119]  [T-Work-Detect_0] Valid piece: gid = 0
I1014 14:24:59.723698  7750 work_thread.hpp:91]  [T-Work-Detect_0] Push to split queue:recog
I1014 14:24:59.723739  7752 work_thread.hpp:81]  [T-Work-Recog_1] Run work: WorkCapture
I1014 14:24:59.723744  7753 thread_intergrate.hpp:78] [T-Intergrate-intergrate] queue: frame output frame :57
I1014 14:24:59.723770  7753 thread_intergrate.hpp:85] [T-Intergrate-intergrate] queue: compare output face:0
I1014 14:24:59.723788  7753 thread_intergrate.hpp:137] T-Intergrate-intergrate set matched face: 0
I1014 14:24:59.724476  7752 work_thread.hpp:81]  [T-Work-Recog_1] Run work: WorkRecog
I1014 14:24:59.724503  7752 work_recog.hpp:89] Face id: 0 will run recog: bbox [149 x 206 from (297, 126)] quality: 0.479997
I1014 14:24:59.724534  7752 work_recog.hpp:96] Recog pair: [216 x 280 from (264, 80)], [149 x 206 from (33, 46)]
I1014 14:24:59.725246  7753 thread_intergrate.hpp:157] T-Intergrate-intergrate Show face :0, size :640 * 360
I1014 14:24:59.725850  7749 demo_inner.hpp:435] thread [SORT-0]  frame id 57 sorting queue size 2   FPS: 29.819
I1014 14:24:59.738977  7748 demo_inner.hpp:260]  gui queue size 2, state = running
I1014 14:24:59.742995  7752 work_thread.hpp:81]  [T-Work-Recog_1] Run work: WorkCompare
I1014 14:24:59.743472  7752 work_compare.cpp:76] Compare face: 0 successed, similarity :0.992864, name : images/ThangLMb.jpg, normal size : 1548 * 1719!
I1014 14:24:59.745921  7747 demo_inner.hpp:177] decode queue size 0
I1014 14:24:59.746006  7750 work_thread.hpp:81]  [T-Work-Detect_0] Run work: WorkDetect
I1014 14:24:59.746040  7750 work_detect.cpp:102] Succeeded to add det start for frame 58
I1014 14:24:59.753662  7750 work_detect.cpp:70] Frame :58 detect result :1 face(s)
I1014 14:24:59.753728  7750 work_detect.cpp:86] Detected bbox: [164 x 209 from (298, 120)]
I1014 14:24:59.753772  7750 work_detect.cpp:120] Succeeded to add det end for frame 58
I1014 14:24:59.753788  7750 work_thread.hpp:81]  [T-Work-Detect_0] Run work: WrokTrack
I1014 14:24:59.753819  7750 work_track.cpp:82] Frame: 58 build input_characts: [0.25625 x 0.580556 from (0.465625, 0.333333)], 0.998681, 0
I1014 14:24:59.753875  7750 work_track.cpp:102] Succeeded to set track lock for frame 58
I1014 14:24:59.753913  7750 work_track.cpp:116] Succeeded to release track lock for frame 58
I1014 14:24:59.753927  7750 work_track.cpp:120] Track results of frame 58: 1 objects input, 1 objects tracked!
I1014 14:24:59.753974  7750 work_track.cpp:148] Frame: 58, track bbox: [164 x 209 from (294.7, 121.19)], gid: 0, lid: 0
I1014 14:24:59.754012  7750 work_thread.hpp:87]  [T-Work-Detect_0] Frame :58 split
I1014 14:24:59.754030  7750 work_thread.hpp:119]  [T-Work-Detect_0] Valid piece: gid = 0
I1014 14:24:59.754048  7750 work_thread.hpp:91]  [T-Work-Detect_0] Push to split queue:recog
I1014 14:24:59.754106  7751 work_thread.hpp:81]  [T-Work-Recog_0] Run work: WorkCapture
I1014 14:24:59.754559  7753 thread_intergrate.hpp:78] [T-Intergrate-intergrate] queue: frame output frame :58
I1014 14:24:59.754585  7753 thread_intergrate.hpp:85] [T-Intergrate-intergrate] queue: compare output face:0
I1014 14:24:59.754603  7753 thread_intergrate.hpp:137] T-Intergrate-intergrate set matched face: 0
I1014 14:24:59.754887  7751 work_thread.hpp:81]  [T-Work-Recog_0] Run work: WorkRecog
I1014 14:24:59.754912  7751 work_recog.hpp:89] Face id: 0 will run recog: bbox [164 x 209 from (298, 120)] quality: 0.473796
I1014 14:24:59.754962  7751 work_recog.hpp:96] Recog pair: [232 x 288 from (264, 72)], [164 x 209 from (34, 48)]
I1014 14:24:59.756038  7753 thread_intergrate.hpp:157] T-Intergrate-intergrate Show face :0, size :640 * 360
I1014 14:24:59.756702  7749 demo_inner.hpp:435] thread [SORT-0]  frame id 58 sorting queue size 0   FPS: 29.8586
I1014 14:24:59.773066  7751 work_thread.hpp:81]  [T-Work-Recog_0] Run work: WorkCompare
I1014 14:24:59.773581  7751 work_compare.cpp:76] Compare face: 0 successed, similarity :0.991979, name : images/ThangLMb.jpg, normal size : 1548 * 1719!
I1014 14:24:59.781863  7747 demo_inner.hpp:177] decode queue size 0
I1014 14:24:59.781977  7750 work_thread.hpp:81]  [T-Work-Detect_0] Run work: WorkDetect
I1014 14:24:59.782022  7750 work_detect.cpp:102] Succeeded to add det start for frame 59
I1014 14:24:59.789543  7750 work_detect.cpp:70] Frame :59 detect result :1 face(s)
I1014 14:24:59.789592  7750 work_detect.cpp:86] Detected bbox: [165 x 208 from (298, 105)]
I1014 14:24:59.789656  7750 work_detect.cpp:120] Succeeded to add det end for frame 59
I1014 14:24:59.789674  7750 work_thread.hpp:81]  [T-Work-Detect_0] Run work: WrokTrack
I1014 14:24:59.789698  7750 work_track.cpp:82] Frame: 59 build input_characts: [0.257812 x 0.577778 from (0.465625, 0.291667)], 1.00035, 0
I1014 14:24:59.789763  7750 work_track.cpp:102] Succeeded to set track lock for frame 59
I1014 14:24:59.789803  7750 work_track.cpp:116] Succeeded to release track lock for frame 59
I1014 14:24:59.789819  7750 work_track.cpp:120] Track results of frame 59: 1 objects input, 1 objects tracked!
I1014 14:24:59.789835  7750 work_track.cpp:148] Frame: 59, track bbox: [165 x 208 from (297.469, 112.175)], gid: 0, lid: 0
I1014 14:24:59.789896  7750 work_thread.hpp:87]  [T-Work-Detect_0] Frame :59 split
I1014 14:24:59.789916  7750 work_thread.hpp:119]  [T-Work-Detect_0] Valid piece: gid = 0
I1014 14:24:59.789933  7750 work_thread.hpp:91]  [T-Work-Detect_0] Push to split queue:recog
I1014 14:24:59.789979  7751 work_thread.hpp:81]  [T-Work-Recog_0] Run work: WorkCapture
I1014 14:24:59.790515  7753 thread_intergrate.hpp:78] [T-Intergrate-intergrate] queue: frame output frame :59
I1014 14:24:59.790540  7753 thread_intergrate.hpp:85] [T-Intergrate-intergrate] queue: compare output face:0
I1014 14:24:59.790560  7753 thread_intergrate.hpp:137] T-Intergrate-intergrate set matched face: 0
I1014 14:24:59.790786  7751 work_thread.hpp:81]  [T-Work-Recog_0] Run work: WorkRecog
I1014 14:24:59.790809  7751 work_recog.hpp:89] Face id: 0 will run recog: bbox [165 x 208 from (298, 105)] quality: 0.458253
I1014 14:24:59.790838  7751 work_recog.hpp:96] Recog pair: [232 x 296 from (264, 64)], [165 x 208 from (34, 41)]
I1014 14:24:59.792007  7753 thread_intergrate.hpp:157] T-Intergrate-intergrate Show face :0, size :640 * 360
I1014 14:24:59.792625  7749 demo_inner.hpp:435] thread [SORT-0]  frame id 59 sorting queue size 1   FPS: 29.8201
I1014 14:24:59.806195  7748 demo_inner.hpp:260]  gui queue size 1, state = running
I1014 14:24:59.809834  7751 work_thread.hpp:81]  [T-Work-Recog_0] Run work: WorkCompare
I1014 14:24:59.810516  7751 work_compare.cpp:76] Compare face: 0 successed, similarity :0.993277, name : images/ThangLMb.jpg, normal size : 1548 * 1719!
I1014 14:24:59.811986  7747 demo_inner.hpp:177] decode queue size 0
I1014 14:24:59.812110  7750 work_thread.hpp:81]  [T-Work-Detect_0] Run work: WorkDetect
I1014 14:24:59.812193  7750 work_detect.cpp:102] Succeeded to add det start for frame 60
I1014 14:24:59.819733  7750 work_detect.cpp:70] Frame :60 detect result :1 face(s)
I1014 14:24:59.819800  7750 work_detect.cpp:86] Detected bbox: [168 x 212 from (299, 101)]
I1014 14:24:59.819844  7750 work_detect.cpp:120] Succeeded to add det end for frame 60
I1014 14:24:59.819859  7750 work_thread.hpp:81]  [T-Work-Detect_0] Run work: WrokTrack
I1014 14:24:59.819892  7750 work_track.cpp:82] Frame: 60 build input_characts: [0.2625 x 0.588889 from (0.467187, 0.280556)], 0.999622, 0
I1014 14:24:59.819948  7750 work_track.cpp:102] Succeeded to set track lock for frame 60
I1014 14:24:59.819988  7750 work_track.cpp:116] Succeeded to release track lock for frame 60
I1014 14:24:59.820003  7750 work_track.cpp:120] Track results of frame 60: 1 objects input, 1 objects tracked!
I1014 14:24:59.820045  7750 work_track.cpp:148] Frame: 60, track bbox: [168 x 212 from (299.581, 102.511)], gid: 0, lid: 0
I1014 14:24:59.820082  7750 work_thread.hpp:87]  [T-Work-Detect_0] Frame :60 split
I1014 14:24:59.820101  7750 work_thread.hpp:119]  [T-Work-Detect_0] Valid piece: gid = 0
I1014 14:24:59.820245  7750 work_thread.hpp:91]  [T-Work-Detect_0] Push to split queue:recog
I1014 14:24:59.820323  7751 work_thread.hpp:81]  [T-Work-Recog_0] Run work: WorkCapture
I1014 14:24:59.820664  7753 thread_intergrate.hpp:78] [T-Intergrate-intergrate] queue: frame output frame :60
I1014 14:24:59.820689  7753 thread_intergrate.hpp:85] [T-Intergrate-intergrate] queue: compare output face:0
I1014 14:24:59.820708  7753 thread_intergrate.hpp:137] T-Intergrate-intergrate set matched face: 0
I1014 14:24:59.820924  7751 work_thread.hpp:81]  [T-Work-Recog_0] Run work: WorkRecog
I1014 14:24:59.820948  7751 work_recog.hpp:89] Face id: 0 will run recog: bbox [168 x 212 from (299, 101)] quality: 0.454971
I1014 14:24:59.820976  7751 work_recog.hpp:96] Recog pair: [240 x 304 from (264, 56)], [168 x 212 from (35, 45)]
I1014 14:24:59.822147  7753 thread_intergrate.hpp:157] T-Intergrate-intergrate Show face :0, size :640 * 360
I1014 14:24:59.822705  7749 demo_inner.hpp:435] thread [SORT-0]  frame id 60 sorting queue size 0   FPS: 29.8734
I1014 14:24:59.839190  7751 work_thread.hpp:81]  [T-Work-Recog_0] Run work: WorkCompare
I1014 14:24:59.839715  7751 work_compare.cpp:76] Compare face: 0 successed, similarity :0.989918, name : images/ThangLMb.jpg, normal size : 1548 * 1719!
I1014 14:24:59.847887  7747 demo_inner.hpp:177] decode queue size 0
I1014 14:24:59.848001  7750 work_thread.hpp:81]  [T-Work-Detect_0] Run work: WorkDetect
I1014 14:24:59.848037  7750 work_detect.cpp:102] Succeeded to add det start for frame 61
I1014 14:24:59.855588  7750 work_detect.cpp:70] Frame :61 detect result :1 face(s)
I1014 14:24:59.855739  7750 work_detect.cpp:86] Detected bbox: [166 x 215 from (301, 101)]
I1014 14:24:59.855785  7750 work_detect.cpp:120] Succeeded to add det end for frame 61
I1014 14:24:59.855803  7750 work_thread.hpp:81]  [T-Work-Detect_0] Run work: WrokTrack
I1014 14:24:59.855854  7750 work_track.cpp:82] Frame: 61 build input_characts: [0.259375 x 0.597222 from (0.470313, 0.280556)], 0.999622, 0
I1014 14:24:59.855911  7750 work_track.cpp:102] Succeeded to set track lock for frame 61
I1014 14:24:59.855957  7750 work_track.cpp:116] Succeeded to release track lock for frame 61
I1014 14:24:59.855973  7750 work_track.cpp:120] Track results of frame 61: 1 objects input, 1 objects tracked!
I1014 14:24:59.855990  7750 work_track.cpp:148] Frame: 61, track bbox: [166 x 215 from (302.971, 97.191)], gid: 0, lid: 0
I1014 14:24:59.856026  7750 work_thread.hpp:87]  [T-Work-Detect_0] Frame :61 split
I1014 14:24:59.856045  7750 work_thread.hpp:119]  [T-Work-Detect_0] Valid piece: gid = 0
I1014 14:24:59.856086  7750 work_thread.hpp:91]  [T-Work-Detect_0] Push to split queue:recog
I1014 14:24:59.856269  7753 thread_intergrate.hpp:78] [T-Intergrate-intergrate] queue: frame output frame :61
I1014 14:24:59.856295  7753 thread_intergrate.hpp:85] [T-Intergrate-intergrate] queue: compare output face:0
I1014 14:24:59.856314  7753 thread_intergrate.hpp:137] T-Intergrate-intergrate set matched face: 0
I1014 14:24:59.856374  7751 work_thread.hpp:81]  [T-Work-Recog_0] Run work: WorkCapture
I1014 14:24:59.856940  7751 work_thread.hpp:81]  [T-Work-Recog_0] Run work: WorkRecog
I1014 14:24:59.856966  7751 work_recog.hpp:89] Face id: 0 will run recog: bbox [166 x 215 from (301, 101)] quality: 0.455604
I1014 14:24:59.856995  7751 work_recog.hpp:96] Recog pair: [240 x 304 from (264, 56)], [166 x 215 from (37, 45)]
I1014 14:24:59.857764  7753 thread_intergrate.hpp:157] T-Intergrate-intergrate Show face :0, size :640 * 360
I1014 14:24:59.858330  7749 demo_inner.hpp:435] thread [SORT-0]  frame id 61 sorting queue size 1   FPS: 29.8359
I1014 14:24:59.873106  7748 demo_inner.hpp:260]  gui queue size 1, state = running
I1014 14:24:59.875102  7751 work_thread.hpp:81]  [T-Work-Recog_0] Run work: WorkCompare
I1014 14:24:59.875577  7751 work_compare.cpp:76] Compare face: 0 successed, similarity :0.988222, name : images/ThangLMb.jpg, normal size : 1548 * 1719!
I1014 14:24:59.883909  7747 demo_inner.hpp:177] decode queue size 0
I1014 14:24:59.884057  7750 work_thread.hpp:81]  [T-Work-Detect_0] Run work: WorkDetect
I1014 14:24:59.884090  7750 work_detect.cpp:102] Succeeded to add det start for frame 62
I1014 14:24:59.890725  7750 work_detect.cpp:70] Frame :62 detect result :1 face(s)
I1014 14:24:59.890771  7750 work_detect.cpp:86] Detected bbox: [168 x 217 from (300, 98)]
I1014 14:24:59.890813  7750 work_detect.cpp:120] Succeeded to add det end for frame 62
I1014 14:24:59.890830  7750 work_thread.hpp:81]  [T-Work-Detect_0] Run work: WrokTrack
I1014 14:24:59.890854  7750 work_track.cpp:82] Frame: 62 build input_characts: [0.2625 x 0.602778 from (0.46875, 0.272222)], 1.00019, 0
I1014 14:24:59.890910  7750 work_track.cpp:102] Succeeded to set track lock for frame 62
I1014 14:24:59.890949  7750 work_track.cpp:116] Succeeded to release track lock for frame 62
I1014 14:24:59.890964  7750 work_track.cpp:120] Track results of frame 62: 1 objects input, 1 objects tracked!
I1014 14:24:59.890981  7750 work_track.cpp:148] Frame: 62, track bbox: [168 x 217 from (302, 93.9715)], gid: 0, lid: 0
I1014 14:24:59.891018  7750 work_thread.hpp:87]  [T-Work-Detect_0] Frame :62 split
I1014 14:24:59.891036  7750 work_thread.hpp:119]  [T-Work-Detect_0] Valid piece: gid = 0
I1014 14:24:59.891053  7750 work_thread.hpp:91]  [T-Work-Detect_0] Push to split queue:recog
I1014 14:24:59.891098  7751 work_thread.hpp:81]  [T-Work-Recog_0] Run work: WorkCapture
I1014 14:24:59.891108  7753 thread_intergrate.hpp:78] [T-Intergrate-intergrate] queue: frame output frame :62
I1014 14:24:59.891131  7753 thread_intergrate.hpp:85] [T-Intergrate-intergrate] queue: compare output face:0
I1014 14:24:59.891227  7753 thread_intergrate.hpp:137] T-Intergrate-intergrate set matched face: 0
I1014 14:24:59.891683  7751 work_thread.hpp:81]  [T-Work-Recog_0] Run work: WorkRecog
I1014 14:24:59.891710  7751 work_recog.hpp:89] Face id: 0 will run recog: bbox [168 x 217 from (300, 98)] quality: 0.455604
I1014 14:24:59.891741  7751 work_recog.hpp:96] Recog pair: [240 x 312 from (264, 48)], [168 x 217 from (36, 50)]
I1014 14:24:59.892684  7753 thread_intergrate.hpp:157] T-Intergrate-intergrate Show face :0, size :640 * 360
I1014 14:24:59.893244  7749 demo_inner.hpp:435] thread [SORT-0]  frame id 62 sorting queue size 0   FPS: 30
I1014 14:24:59.909571  7751 work_thread.hpp:81]  [T-Work-Recog_0] Run work: WorkCompare
I1014 14:24:59.910034  7751 work_compare.cpp:76] Compare face: 0 successed, similarity :0.990022, name : images/ThangLMb.jpg, normal size : 1548 * 1719!
I1014 14:24:59.913818  7747 demo_inner.hpp:177] decode queue size 0
I1014 14:24:59.913911  7750 work_thread.hpp:81]  [T-Work-Detect_0] Run work: WorkDetect
I1014 14:24:59.913945  7750 work_detect.cpp:102] Succeeded to add det start for frame 63
I1014 14:24:59.920855  7750 work_detect.cpp:70] Frame :63 detect result :1 face(s)
I1014 14:24:59.920907  7750 work_detect.cpp:86] Detected bbox: [164 x 211 from (304, 98)]
I1014 14:24:59.920949  7750 work_detect.cpp:120] Succeeded to add det end for frame 63
I1014 14:24:59.920965  7750 work_thread.hpp:81]  [T-Work-Detect_0] Run work: WrokTrack
I1014 14:24:59.920989  7750 work_track.cpp:82] Frame: 63 build input_characts: [0.25625 x 0.586111 from (0.475, 0.272222)], 0.997488, 0
I1014 14:24:59.921043  7750 work_track.cpp:102] Succeeded to set track lock for frame 63
I1014 14:24:59.921082  7750 work_track.cpp:116] Succeeded to release track lock for frame 63
I1014 14:24:59.921097  7750 work_track.cpp:120] Track results of frame 63: 1 objects input, 1 objects tracked!
I1014 14:24:59.921114  7750 work_track.cpp:148] Frame: 63, track bbox: [164 x 211 from (303.863, 96.3893)], gid: 0, lid: 0
I1014 14:24:59.921150  7750 work_thread.hpp:87]  [T-Work-Detect_0] Frame :63 split
I1014 14:24:59.921169  7750 work_thread.hpp:119]  [T-Work-Detect_0] Valid piece: gid = 0
I1014 14:24:59.921186  7750 work_thread.hpp:91]  [T-Work-Detect_0] Push to split queue:recog
I1014 14:24:59.921236  7752 work_thread.hpp:81]  [T-Work-Recog_1] Run work: WorkCapture
I1014 14:24:59.921543  7753 thread_intergrate.hpp:78] [T-Intergrate-intergrate] queue: frame output frame :63
I1014 14:24:59.921571  7753 thread_intergrate.hpp:85] [T-Intergrate-intergrate] queue: compare output face:0
I1014 14:24:59.921588  7753 thread_intergrate.hpp:137] T-Intergrate-intergrate set matched face: 0
I1014 14:24:59.921809  7752 work_thread.hpp:81]  [T-Work-Recog_1] Run work: WorkRecog
I1014 14:24:59.921835  7752 work_recog.hpp:89] Face id: 0 will run recog: bbox [164 x 211 from (304, 98)] quality: 0.396213
I1014 14:24:59.921864  7752 work_recog.hpp:96] Recog pair: [232 x 296 from (272, 56)], [164 x 211 from (32, 42)]
I1014 14:24:59.923030  7753 thread_intergrate.hpp:157] T-Intergrate-intergrate Show face :0, size :640 * 360
I1014 14:24:59.923615  7749 demo_inner.hpp:435] thread [SORT-0]  frame id 63 sorting queue size 1   FPS: 30.0345
I1014 14:24:59.939647  7752 work_thread.hpp:81]  [T-Work-Recog_1] Run work: WorkCompare
I1014 14:24:59.940100  7752 work_compare.cpp:76] Compare face: 0 successed, similarity :0.988245, name : images/ThangLMb.jpg, normal size : 1548 * 1719!
I1014 14:24:59.949476  7747 demo_inner.hpp:177] decode queue size 0
I1014 14:24:59.949586  7750 work_thread.hpp:81]  [T-Work-Detect_0] Run work: WorkDetect
I1014 14:24:59.949621  7750 work_detect.cpp:102] Succeeded to add det start for frame 64
I1014 14:24:59.951447  7748 demo_inner.hpp:260]  gui queue size 1, state = running
I1014 14:24:59.956643  7750 work_detect.cpp:70] Frame :64 detect result :1 face(s)
I1014 14:24:59.956696  7750 work_detect.cpp:86] Detected bbox: [175 x 225 from (301, 90)]
I1014 14:24:59.956739  7750 work_detect.cpp:120] Succeeded to add det end for frame 64
I1014 14:24:59.956830  7750 work_thread.hpp:81]  [T-Work-Detect_0] Run work: WrokTrack
I1014 14:24:59.956857  7750 work_track.cpp:82] Frame: 64 build input_characts: [0.273438 x 0.625 from (0.470313, 0.25)], 0.999622, 0
I1014 14:24:59.956913  7750 work_track.cpp:102] Succeeded to set track lock for frame 64
I1014 14:24:59.956954  7750 work_track.cpp:116] Succeeded to release track lock for frame 64
I1014 14:24:59.956969  7750 work_track.cpp:120] Track results of frame 64: 1 objects input, 1 objects tracked!
I1014 14:24:59.956985  7750 work_track.cpp:148] Frame: 64, track bbox: [175 x 225 from (300.319, 90.4424)], gid: 0, lid: 0
I1014 14:24:59.957021  7750 work_thread.hpp:87]  [T-Work-Detect_0] Frame :64 split
I1014 14:24:59.957039  7750 work_thread.hpp:119]  [T-Work-Detect_0] Valid piece: gid = 0
I1014 14:24:59.957057  7750 work_thread.hpp:91]  [T-Work-Detect_0] Push to split queue:recog
I1014 14:24:59.957114  7752 work_thread.hpp:81]  [T-Work-Recog_1] Run work: WorkCapture
I1014 14:24:59.957425  7753 thread_intergrate.hpp:78] [T-Intergrate-intergrate] queue: frame output frame :64
I1014 14:24:59.957451  7753 thread_intergrate.hpp:85] [T-Intergrate-intergrate] queue: compare output face:0
I1014 14:24:59.957469  7753 thread_intergrate.hpp:137] T-Intergrate-intergrate set matched face: 0
I1014 14:24:59.957680  7752 work_thread.hpp:81]  [T-Work-Recog_1] Run work: WorkRecog
I1014 14:24:59.957705  7752 work_recog.hpp:89] Face id: 0 will run recog: bbox [175 x 225 from (301, 90)] quality: 0.463142
I1014 14:24:59.957731  7752 work_recog.hpp:96] Recog pair: [248 x 320 from (264, 40)], [175 x 225 from (37, 50)]
I1014 14:24:59.958911  7753 thread_intergrate.hpp:157] T-Intergrate-intergrate Show face :0, size :640 * 360
I1014 14:24:59.959506  7749 demo_inner.hpp:435] thread [SORT-0]  frame id 64 sorting queue size 0   FPS: 29.8873
I1014 14:24:59.975642  7752 work_thread.hpp:81]  [T-Work-Recog_1] Run work: WorkCompare
I1014 14:24:59.976104  7752 work_compare.cpp:76] Compare face: 0 successed, similarity :0.990677, name : images/ThangLMb.jpg, normal size : 1548 * 1719!
I1014 14:24:59.980001  7747 demo_inner.hpp:177] decode queue size 0
I1014 14:24:59.980103  7750 work_thread.hpp:81]  [T-Work-Detect_0] Run work: WorkDetect
I1014 14:24:59.980136  7750 work_detect.cpp:102] Succeeded to add det start for frame 65
I1014 14:24:59.987046  7750 work_detect.cpp:70] Frame :65 detect result :1 face(s)
I1014 14:24:59.987087  7750 work_detect.cpp:86] Detected bbox: [178 x 224 from (299, 92)]
I1014 14:24:59.987128  7750 work_detect.cpp:120] Succeeded to add det end for frame 65
I1014 14:24:59.987144  7750 work_thread.hpp:81]  [T-Work-Detect_0] Run work: WrokTrack
I1014 14:24:59.987167  7750 work_track.cpp:82] Frame: 65 build input_characts: [0.278125 x 0.622222 from (0.467187, 0.255556)], 0.999622, 0
I1014 14:24:59.987222  7750 work_track.cpp:102] Succeeded to set track lock for frame 65
I1014 14:24:59.987260  7750 work_track.cpp:116] Succeeded to release track lock for frame 65
I1014 14:24:59.987274  7750 work_track.cpp:120] Track results of frame 65: 1 objects input, 1 objects tracked!
I1014 14:24:59.987293  7750 work_track.cpp:148] Frame: 65, track bbox: [178 x 224 from (299.493, 90.7604)], gid: 0, lid: 0
I1014 14:24:59.987329  7750 work_thread.hpp:87]  [T-Work-Detect_0] Frame :65 split
I1014 14:24:59.987346  7750 work_thread.hpp:119]  [T-Work-Detect_0] Valid piece: gid = 0
I1014 14:24:59.987365  7750 work_thread.hpp:91]  [T-Work-Detect_0] Push to split queue:recog
I1014 14:24:59.987412  7751 work_thread.hpp:81]  [T-Work-Recog_0] Run work: WorkCapture
I1014 14:24:59.987721  7753 thread_intergrate.hpp:78] [T-Intergrate-intergrate] queue: frame output frame :65
I1014 14:24:59.987747  7753 thread_intergrate.hpp:85] [T-Intergrate-intergrate] queue: compare output face:0
I1014 14:24:59.987766  7753 thread_intergrate.hpp:137] T-Intergrate-intergrate set matched face: 0
I1014 14:24:59.987969  7751 work_thread.hpp:81]  [T-Work-Recog_0] Run work: WorkRecog
I1014 14:24:59.987993  7751 work_recog.hpp:89] Face id: 0 will run recog: bbox [178 x 224 from (299, 92)] quality: 0.450428
I1014 14:24:59.988106  7751 work_recog.hpp:96] Recog pair: [248 x 312 from (264, 48)], [178 x 224 from (35, 44)]
I1014 14:24:59.989217  7753 thread_intergrate.hpp:157] T-Intergrate-intergrate Show face :0, size :640 * 360
I1014 14:24:59.989773  7749 demo_inner.hpp:435] thread [SORT-0]  frame id 65 sorting queue size 1   FPS: 29.9754
I1014 14:25:00.005864  7751 work_thread.hpp:81]  [T-Work-Recog_0] Run work: WorkCompare
I1014 14:25:00.006441  7751 work_compare.cpp:76] Compare face: 0 successed, similarity :0.988514, name : images/ThangLMb.jpg, normal size : 1548 * 1719!
I1014 14:25:00.015622  7747 demo_inner.hpp:177] decode queue size 0
I1014 14:25:00.015731  7750 work_thread.hpp:81]  [T-Work-Detect_0] Run work: WorkDetect
I1014 14:25:00.015766  7750 work_detect.cpp:102] Succeeded to add det start for frame 66
I1014 14:25:00.022735  7750 work_detect.cpp:70] Frame :66 detect result :2 face(s)
I1014 14:25:00.022781  7750 work_detect.cpp:86] Detected bbox: [185 x 229 from (295, 88)]
I1014 14:25:00.022814  7750 work_detect.cpp:86] Detected bbox: [104 x 120 from (318, 196)]
I1014 14:25:00.022845  7750 work_detect.cpp:120] Succeeded to add det end for frame 66
I1014 14:25:00.022861  7750 work_thread.hpp:81]  [T-Work-Detect_0] Run work: WrokTrack
I1014 14:25:00.022884  7750 work_track.cpp:82] Frame: 66 build input_characts: [0.289062 x 0.636111 from (0.460938, 0.244444)], 0.999622, 0
I1014 14:25:00.022938  7750 work_track.cpp:82] Frame: 66 build input_characts: [0.1625 x 0.333333 from (0.496875, 0.544444)], 0.906173, 1
I1014 14:25:00.022971  7750 work_track.cpp:102] Succeeded to set track lock for frame 66
I1014 14:25:00.023016  7750 work_track.cpp:116] Succeeded to release track lock for frame 66
I1014 14:25:00.023031  7750 work_track.cpp:120] Track results of frame 66: 2 objects input, 1 objects tracked!
I1014 14:25:00.023049  7750 work_track.cpp:148] Frame: 66, track bbox: [185 x 229 from (296.104, 87.3334)], gid: 0, lid: 0
I1014 14:25:00.023083  7750 work_track.cpp:162] Frame: 66 lid: 1 not tracked, will set invalid
I1014 14:25:00.023099  7750 work_thread.hpp:87]  [T-Work-Detect_0] Frame :66 split
I1014 14:25:00.023116  7750 work_thread.hpp:119]  [T-Work-Detect_0] Valid piece: gid = 0
I1014 14:25:00.023134  7750 work_thread.hpp:123]  [T-Work-Detect_0] Invalid piece: lid = 1, drop it
I1014 14:25:00.023150  7750 work_thread.hpp:91]  [T-Work-Detect_0] Push to split queue:recog
I1014 14:25:00.023203  7752 work_thread.hpp:81]  [T-Work-Recog_1] Run work: WorkCapture
I1014 14:25:00.023509  7753 thread_intergrate.hpp:78] [T-Intergrate-intergrate] queue: frame output frame :66
I1014 14:25:00.023535  7753 thread_intergrate.hpp:85] [T-Intergrate-intergrate] queue: compare output face:0
I1014 14:25:00.023553  7753 thread_intergrate.hpp:137] T-Intergrate-intergrate set matched face: 0
I1014 14:25:00.023766  7752 work_thread.hpp:81]  [T-Work-Recog_1] Run work: WorkRecog
I1014 14:25:00.023792  7752 work_recog.hpp:89] Face id: 0 will run recog: bbox [185 x 229 from (295, 88)] quality: 0.454059
I1014 14:25:00.023821  7752 work_recog.hpp:96] Recog pair: [264 x 320 from (256, 40)], [185 x 229 from (39, 48)]
I1014 14:25:00.025022  7753 thread_intergrate.hpp:157] T-Intergrate-intergrate Show face :0, size :640 * 360
I1014 14:25:00.025624  7749 demo_inner.hpp:435] thread [SORT-0]  frame id 66 sorting queue size 2   FPS: 29.8873
I1014 14:25:00.041695  7752 work_thread.hpp:81]  [T-Work-Recog_1] Run work: WorkCompare
I1014 14:25:00.042160  7752 work_compare.cpp:76] Compare face: 0 successed, similarity :0.990569, name : images/ThangLMb.jpg, normal size : 1548 * 1719!
I1014 14:25:00.046164  7748 demo_inner.hpp:260]  gui queue size 2, state = running
I1014 14:25:00.046345  7747 demo_inner.hpp:177] decode queue size 0
I1014 14:25:00.046422  7750 work_thread.hpp:81]  [T-Work-Detect_0] Run work: WorkDetect
I1014 14:25:00.046460  7750 work_detect.cpp:102] Succeeded to add det start for frame 67
I1014 14:25:00.053520  7750 work_detect.cpp:70] Frame :67 detect result :1 face(s)
I1014 14:25:00.053572  7750 work_detect.cpp:86] Detected bbox: [175 x 217 from (301, 97)]
I1014 14:25:00.053689  7750 work_detect.cpp:120] Succeeded to add det end for frame 67
I1014 14:25:00.053707  7750 work_thread.hpp:81]  [T-Work-Detect_0] Run work: WrokTrack
I1014 14:25:00.053731  7750 work_track.cpp:82] Frame: 67 build input_characts: [0.273438 x 0.602778 from (0.470313, 0.269444)], 1.00019, 0
I1014 14:25:00.053786  7750 work_track.cpp:102] Succeeded to set track lock for frame 67
I1014 14:25:00.053830  7750 work_track.cpp:116] Succeeded to release track lock for frame 67
I1014 14:25:00.053845  7750 work_track.cpp:120] Track results of frame 67: 1 objects input, 1 objects tracked!
I1014 14:25:00.053864  7750 work_track.cpp:148] Frame: 67, track bbox: [175 x 217 from (301.477, 95.1193)], gid: 0, lid: 0
I1014 14:25:00.053900  7750 work_thread.hpp:87]  [T-Work-Detect_0] Frame :67 split
I1014 14:25:00.053917  7750 work_thread.hpp:119]  [T-Work-Detect_0] Valid piece: gid = 0
I1014 14:25:00.053936  7750 work_thread.hpp:91]  [T-Work-Detect_0] Push to split queue:recog
I1014 14:25:00.053985  7751 work_thread.hpp:81]  [T-Work-Recog_0] Run work: WorkCapture
I1014 14:25:00.053990  7753 thread_intergrate.hpp:78] [T-Intergrate-intergrate] queue: frame output frame :67
I1014 14:25:00.054016  7753 thread_intergrate.hpp:85] [T-Intergrate-intergrate] queue: compare output face:0
I1014 14:25:00.054035  7753 thread_intergrate.hpp:137] T-Intergrate-intergrate set matched face: 0
I1014 14:25:00.054776  7751 work_thread.hpp:81]  [T-Work-Recog_0] Run work: WorkRecog
I1014 14:25:00.054806  7751 work_recog.hpp:89] Face id: 0 will run recog: bbox [175 x 217 from (301, 97)] quality: 0.423726
I1014 14:25:00.054839  7751 work_recog.hpp:96] Recog pair: [248 x 312 from (264, 48)], [175 x 217 from (37, 49)]
I1014 14:25:00.055475  7753 thread_intergrate.hpp:157] T-Intergrate-intergrate Show face :0, size :640 * 360
I1014 14:25:00.055997  7749 demo_inner.hpp:435] thread [SORT-0]  frame id 67 sorting queue size 0   FPS: 29.9754
I1014 14:25:00.072998  7751 work_thread.hpp:81]  [T-Work-Recog_0] Run work: WorkCompare
I1014 14:25:00.073524  7751 work_compare.cpp:76] Compare face: 0 successed, similarity :0.979856, name : images/ThangLMb.jpg, normal size : 1548 * 1719!
I1014 14:25:00.081791  7747 demo_inner.hpp:177] decode queue size 0
I1014 14:25:00.081910  7750 work_thread.hpp:81]  [T-Work-Detect_0] Run work: WorkDetect
I1014 14:25:00.081948  7750 work_detect.cpp:102] Succeeded to add det start for frame 68
I1014 14:25:00.088939  7750 work_detect.cpp:70] Frame :68 detect result :1 face(s)
I1014 14:25:00.088989  7750 work_detect.cpp:86] Detected bbox: [176 x 218 from (306, 95)]
I1014 14:25:00.089033  7750 work_detect.cpp:120] Succeeded to add det end for frame 68
I1014 14:25:00.089051  7750 work_thread.hpp:81]  [T-Work-Detect_0] Run work: WrokTrack
I1014 14:25:00.089074  7750 work_track.cpp:82] Frame: 68 build input_characts: [0.275 x 0.605556 from (0.478125, 0.263889)], 1.00019, 0
I1014 14:25:00.089133  7750 work_track.cpp:102] Succeeded to set track lock for frame 68
I1014 14:25:00.089179  7750 work_track.cpp:116] Succeeded to release track lock for frame 68
I1014 14:25:00.089193  7750 work_track.cpp:120] Track results of frame 68: 1 objects input, 1 objects tracked!
I1014 14:25:00.089211  7750 work_track.cpp:148] Frame: 68, track bbox: [176 x 218 from (303.583, 95.389)], gid: 0, lid: 0
I1014 14:25:00.089248  7750 work_thread.hpp:87]  [T-Work-Detect_0] Frame :68 split
I1014 14:25:00.089267  7750 work_thread.hpp:119]  [T-Work-Detect_0] Valid piece: gid = 0
I1014 14:25:00.089284  7750 work_thread.hpp:91]  [T-Work-Detect_0] Push to split queue:recog
I1014 14:25:00.089332  7753 thread_intergrate.hpp:78] [T-Intergrate-intergrate] queue: frame output frame :68
I1014 14:25:00.089330  7751 work_thread.hpp:81]  [T-Work-Recog_0] Run work: WorkCapture
I1014 14:25:00.089373  7753 thread_intergrate.hpp:85] [T-Intergrate-intergrate] queue: compare output face:0
I1014 14:25:00.089392  7753 thread_intergrate.hpp:137] T-Intergrate-intergrate set matched face: 0
I1014 14:25:00.090065  7751 work_thread.hpp:81]  [T-Work-Recog_0] Run work: WorkRecog
I1014 14:25:00.090322  7751 work_recog.hpp:89] Face id: 0 will run recog: bbox [176 x 218 from (306, 95)] quality: 0.373642
I1014 14:25:00.090366  7751 work_recog.hpp:96] Recog pair: [256 x 312 from (264, 48)], [176 x 218 from (42, 47)]
I1014 14:25:00.090854  7753 thread_intergrate.hpp:157] T-Intergrate-intergrate Show face :0, size :640 * 360
I1014 14:25:00.091434  7749 demo_inner.hpp:435] thread [SORT-0]  frame id 68 sorting queue size 1   FPS: 29.902
I1014 14:25:00.108602  7751 work_thread.hpp:81]  [T-Work-Recog_0] Run work: WorkCompare
I1014 14:25:00.109300  7751 work_compare.cpp:76] Compare face: 0 successed, similarity :0.988911, name : images/ThangLMb.jpg, normal size : 1548 * 1719!
I1014 14:25:00.117568  7747 demo_inner.hpp:177] decode queue size 0
I1014 14:25:00.117671  7750 work_thread.hpp:81]  [T-Work-Detect_0] Run work: WorkDetect
I1014 14:25:00.117707  7750 work_detect.cpp:102] Succeeded to add det start for frame 69
I1014 14:25:00.124692  7750 work_detect.cpp:70] Frame :69 detect result :1 face(s)
I1014 14:25:00.124740  7750 work_detect.cpp:86] Detected bbox: [176 x 220 from (303, 98)]
I1014 14:25:00.124783  7750 work_detect.cpp:120] Succeeded to add det end for frame 69
I1014 14:25:00.124799  7750 work_thread.hpp:81]  [T-Work-Detect_0] Run work: WrokTrack
I1014 14:25:00.124824  7750 work_track.cpp:82] Frame: 69 build input_characts: [0.275 x 0.611111 from (0.473437, 0.272222)], 1.00019, 0
I1014 14:25:00.124878  7750 work_track.cpp:102] Succeeded to set track lock for frame 69
I1014 14:25:00.124918  7750 work_track.cpp:116] Succeeded to release track lock for frame 69
I1014 14:25:00.124933  7750 work_track.cpp:120] Track results of frame 69: 1 objects input, 1 objects tracked!
I1014 14:25:00.124950  7750 work_track.cpp:148] Frame: 69, track bbox: [176 x 220 from (303.844, 96.5856)], gid: 0, lid: 0
I1014 14:25:00.124987  7750 work_thread.hpp:87]  [T-Work-Detect_0] Frame :69 split
I1014 14:25:00.125005  7750 work_thread.hpp:119]  [T-Work-Detect_0] Valid piece: gid = 0
I1014 14:25:00.125023  7750 work_thread.hpp:91]  [T-Work-Detect_0] Push to split queue:recog
I1014 14:25:00.125072  7753 thread_intergrate.hpp:78] [T-Intergrate-intergrate] queue: frame output frame :69
I1014 14:25:00.125078  7751 work_thread.hpp:81]  [T-Work-Recog_0] Run work: WorkCapture
I1014 14:25:00.125097  7753 thread_intergrate.hpp:85] [T-Intergrate-intergrate] queue: compare output face:0
I1014 14:25:00.125118  7753 thread_intergrate.hpp:137] T-Intergrate-intergrate set matched face: 0
I1014 14:25:00.125730  7751 work_thread.hpp:81]  [T-Work-Recog_0] Run work: WorkRecog
I1014 14:25:00.125759  7751 work_recog.hpp:89] Face id: 0 will run recog: bbox [176 x 220 from (303, 98)] quality: 0.396304
I1014 14:25:00.125871  7751 work_recog.hpp:96] Recog pair: [256 x 312 from (264, 48)], [176 x 220 from (39, 50)]
I1014 14:25:00.126564  7753 thread_intergrate.hpp:157] T-Intergrate-intergrate Show face :0, size :640 * 360
I1014 14:25:00.127102  7749 demo_inner.hpp:435] thread [SORT-0]  frame id 69 sorting queue size 2   FPS: 29.9313
I1014 14:25:00.135147  7748 demo_inner.hpp:260]  gui queue size 2, state = running
I1014 14:25:00.144204  7751 work_thread.hpp:81]  [T-Work-Recog_0] Run work: WorkCompare
I1014 14:25:00.144788  7751 work_compare.cpp:76] Compare face: 0 successed, similarity :0.988287, name : images/ThangLMb.jpg, normal size : 1548 * 1719!
I1014 14:25:00.148130  7747 demo_inner.hpp:177] decode queue size 0
I1014 14:25:00.148254  7750 work_thread.hpp:81]  [T-Work-Detect_0] Run work: WorkDetect
I1014 14:25:00.148290  7750 work_detect.cpp:102] Succeeded to add det start for frame 70
I1014 14:25:00.155233  7750 work_detect.cpp:70] Frame :70 detect result :1 face(s)
I1014 14:25:00.155275  7750 work_detect.cpp:86] Detected bbox: [176 x 217 from (304, 98)]
I1014 14:25:00.155318  7750 work_detect.cpp:120] Succeeded to add det end for frame 70
I1014 14:25:00.155334  7750 work_thread.hpp:81]  [T-Work-Detect_0] Run work: WrokTrack
I1014 14:25:00.155359  7750 work_track.cpp:82] Frame: 70 build input_characts: [0.275 x 0.602778 from (0.475, 0.272222)], 1.00019, 0
I1014 14:25:00.155491  7750 work_track.cpp:102] Succeeded to set track lock for frame 70
I1014 14:25:00.155534  7750 work_track.cpp:116] Succeeded to release track lock for frame 70
I1014 14:25:00.155550  7750 work_track.cpp:120] Track results of frame 70: 1 objects input, 1 objects tracked!
I1014 14:25:00.155567  7750 work_track.cpp:148] Frame: 70, track bbox: [176 x 217 from (304.704, 98.5375)], gid: 0, lid: 0
I1014 14:25:00.155604  7750 work_thread.hpp:87]  [T-Work-Detect_0] Frame :70 split
I1014 14:25:00.155622  7750 work_thread.hpp:119]  [T-Work-Detect_0] Valid piece: gid = 0
I1014 14:25:00.155639  7750 work_thread.hpp:91]  [T-Work-Detect_0] Push to split queue:recog
I1014 14:25:00.155689  7753 thread_intergrate.hpp:78] [T-Intergrate-intergrate] queue: frame output frame :70
I1014 14:25:00.155690  7752 work_thread.hpp:81]  [T-Work-Recog_1] Run work: WorkCapture
I1014 14:25:00.155720  7753 thread_intergrate.hpp:85] [T-Intergrate-intergrate] queue: compare output face:0
I1014 14:25:00.155740  7753 thread_intergrate.hpp:137] T-Intergrate-intergrate set matched face: 0
I1014 14:25:00.156368  7752 work_thread.hpp:81]  [T-Work-Recog_1] Run work: WorkRecog
I1014 14:25:00.156395  7752 work_recog.hpp:89] Face id: 0 will run recog: bbox [176 x 217 from (304, 98)] quality: 0.347514
I1014 14:25:00.156438  7752 work_recog.hpp:96] Recog pair: [256 x 312 from (264, 48)], [176 x 217 from (40, 50)]
I1014 14:25:00.157218  7753 thread_intergrate.hpp:157] T-Intergrate-intergrate Show face :0, size :640 * 360
I1014 14:25:00.157809  7749 demo_inner.hpp:435] thread [SORT-0]  frame id 70 sorting queue size 0   FPS: 30.0197
I1014 14:25:00.174814  7752 work_thread.hpp:81]  [T-Work-Recog_1] Run work: WorkCompare
I1014 14:25:00.175369  7752 work_compare.cpp:76] Compare face: 0 successed, similarity :0.982746, name : images/ThangLMb.jpg, normal size : 1548 * 1719!
I1014 14:25:00.183676  7747 demo_inner.hpp:177] decode queue size 0
I1014 14:25:00.183786  7750 work_thread.hpp:81]  [T-Work-Detect_0] Run work: WorkDetect
I1014 14:25:00.183823  7750 work_detect.cpp:102] Succeeded to add det start for frame 71
I1014 14:25:00.190860  7750 work_detect.cpp:70] Frame :71 detect result :1 face(s)
I1014 14:25:00.190912  7750 work_detect.cpp:86] Detected bbox: [176 x 220 from (306, 116)]
I1014 14:25:00.190954  7750 work_detect.cpp:120] Succeeded to add det end for frame 71
I1014 14:25:00.190971  7750 work_thread.hpp:81]  [T-Work-Detect_0] Run work: WrokTrack
I1014 14:25:00.190995  7750 work_track.cpp:82] Frame: 71 build input_characts: [0.275 x 0.611111 from (0.478125, 0.322222)], 0.999622, 0
I1014 14:25:00.191051  7750 work_track.cpp:102] Succeeded to set track lock for frame 71
I1014 14:25:00.191092  7750 work_track.cpp:116] Succeeded to release track lock for frame 71
I1014 14:25:00.191107  7750 work_track.cpp:120] Track results of frame 71: 1 objects input, 1 objects tracked!
I1014 14:25:00.191124  7750 work_track.cpp:148] Frame: 71, track bbox: [176 x 220 from (305.993, 107.623)], gid: 0, lid: 0
I1014 14:25:00.191161  7750 work_thread.hpp:87]  [T-Work-Detect_0] Frame :71 split
I1014 14:25:00.191179  7750 work_thread.hpp:119]  [T-Work-Detect_0] Valid piece: gid = 0
I1014 14:25:00.191197  7750 work_thread.hpp:91]  [T-Work-Detect_0] Push to split queue:recog
I1014 14:25:00.191244  7753 thread_intergrate.hpp:78] [T-Intergrate-intergrate] queue: frame output frame :71
I1014 14:25:00.191256  7752 work_thread.hpp:81]  [T-Work-Recog_1] Run work: WorkCapture
I1014 14:25:00.191270  7753 thread_intergrate.hpp:85] [T-Intergrate-intergrate] queue: compare output face:0
I1014 14:25:00.191290  7753 thread_intergrate.hpp:137] T-Intergrate-intergrate set matched face: 0
I1014 14:25:00.191838  7752 work_thread.hpp:81]  [T-Work-Recog_1] Run work: WorkRecog
I1014 14:25:00.191864  7752 work_recog.hpp:89] Face id: 0 will run recog: bbox [176 x 220 from (306, 116)] quality: 0.43145
I1014 14:25:00.191895  7752 work_recog.hpp:96] Recog pair: [256 x 288 from (264, 72)], [176 x 220 from (42, 44)]
I1014 14:25:00.192752  7753 thread_intergrate.hpp:157] T-Intergrate-intergrate Show face :0, size :640 * 360
I1014 14:25:00.193382  7749 demo_inner.hpp:435] thread [SORT-0]  frame id 71 sorting queue size 1   FPS: 29.9313
I1014 14:25:00.197000  7748 demo_inner.hpp:260]  gui queue size 1, state = running
I1014 14:25:00.209808  7752 work_thread.hpp:81]  [T-Work-Recog_1] Run work: WorkCompare
I1014 14:25:00.210270  7752 work_compare.cpp:76] Compare face: 0 successed, similarity :0.98681, name : images/ThangLMb.jpg, normal size : 1548 * 1719!
I1014 14:25:00.213820  7747 demo_inner.hpp:177] decode queue size 0
I1014 14:25:00.213910  7750 work_thread.hpp:81]  [T-Work-Detect_0] Run work: WorkDetect
I1014 14:25:00.213943  7750 work_detect.cpp:102] Succeeded to add det start for frame 72
I1014 14:25:00.221091  7750 work_detect.cpp:70] Frame :72 detect result :1 face(s)
I1014 14:25:00.221135  7750 work_detect.cpp:86] Detected bbox: [181 x 227 from (306, 96)]
I1014 14:25:00.221179  7750 work_detect.cpp:120] Succeeded to add det end for frame 72
I1014 14:25:00.221194  7750 work_thread.hpp:81]  [T-Work-Detect_0] Run work: WrokTrack
I1014 14:25:00.221218  7750 work_track.cpp:82] Frame: 72 build input_characts: [0.282813 x 0.630556 from (0.478125, 0.266667)], 1.00035, 0
I1014 14:25:00.221274  7750 work_track.cpp:102] Succeeded to set track lock for frame 72
I1014 14:25:00.221314  7750 work_track.cpp:116] Succeeded to release track lock for frame 72
I1014 14:25:00.221328  7750 work_track.cpp:120] Track results of frame 72: 1 objects input, 1 objects tracked!
I1014 14:25:00.221346  7750 work_track.cpp:148] Frame: 72, track bbox: [181 x 227 from (305.101, 102.455)], gid: 0, lid: 0
I1014 14:25:00.221382  7750 work_thread.hpp:87]  [T-Work-Detect_0] Frame :72 split
I1014 14:25:00.221400  7750 work_thread.hpp:119]  [T-Work-Detect_0] Valid piece: gid = 0
I1014 14:25:00.221417  7750 work_thread.hpp:91]  [T-Work-Detect_0] Push to split queue:recog
I1014 14:25:00.221462  7751 work_thread.hpp:81]  [T-Work-Recog_0] Run work: WorkCapture
I1014 14:25:00.221469  7753 thread_intergrate.hpp:78] [T-Intergrate-intergrate] queue: frame output frame :72
I1014 14:25:00.221496  7753 thread_intergrate.hpp:85] [T-Intergrate-intergrate] queue: compare output face:0
I1014 14:25:00.221515  7753 thread_intergrate.hpp:137] T-Intergrate-intergrate set matched face: 0
I1014 14:25:00.222265  7751 work_thread.hpp:81]  [T-Work-Recog_0] Run work: WorkRecog
I1014 14:25:00.222298  7751 work_recog.hpp:89] Face id: 0 will run recog: bbox [181 x 227 from (306, 96)] quality: 0.373642
I1014 14:25:00.222332  7751 work_recog.hpp:96] Recog pair: [264 x 312 from (264, 48)], [181 x 227 from (42, 48)]
I1014 14:25:00.222947  7753 thread_intergrate.hpp:157] T-Intergrate-intergrate Show face :0, size :640 * 360
I1014 14:25:00.223475  7749 demo_inner.hpp:435] thread [SORT-0]  frame id 72 sorting queue size 0   FPS: 30.0345
I1014 14:25:00.240587  7751 work_thread.hpp:81]  [T-Work-Recog_0] Run work: WorkCompare
I1014 14:25:00.241132  7751 work_compare.cpp:76] Compare face: 0 successed, similarity :0.98519, name : images/ThangLMb.jpg, normal size : 1548 * 1719!
I1014 14:25:00.249611  7747 demo_inner.hpp:177] decode queue size 0
I1014 14:25:00.249718  7750 work_thread.hpp:81]  [T-Work-Detect_0] Run work: WorkDetect
I1014 14:25:00.249752  7750 work_detect.cpp:102] Succeeded to add det start for frame 73
I1014 14:25:00.256855  7750 work_detect.cpp:70] Frame :73 detect result :1 face(s)
I1014 14:25:00.256899  7750 work_detect.cpp:86] Detected bbox: [179 x 228 from (308, 119)]
I1014 14:25:00.256942  7750 work_detect.cpp:120] Succeeded to add det end for frame 73
I1014 14:25:00.256958  7750 work_thread.hpp:81]  [T-Work-Detect_0] Run work: WrokTrack
I1014 14:25:00.256981  7750 work_track.cpp:82] Frame: 73 build input_characts: [0.279687 x 0.633333 from (0.48125, 0.330556)], 0.99799, 0
I1014 14:25:00.257037  7750 work_track.cpp:102] Succeeded to set track lock for frame 73
I1014 14:25:00.257077  7750 work_track.cpp:116] Succeeded to release track lock for frame 73
I1014 14:25:00.257092  7750 work_track.cpp:120] Track results of frame 73: 1 objects input, 1 objects tracked!
I1014 14:25:00.257184  7750 work_track.cpp:148] Frame: 73, track bbox: [179 x 228 from (307.233, 112.568)], gid: 0, lid: 0
I1014 14:25:00.257223  7750 work_thread.hpp:87]  [T-Work-Detect_0] Frame :73 split
I1014 14:25:00.257241  7750 work_thread.hpp:119]  [T-Work-Detect_0] Valid piece: gid = 0
I1014 14:25:00.257261  7750 work_thread.hpp:91]  [T-Work-Detect_0] Push to split queue:recog
I1014 14:25:00.257309  7752 work_thread.hpp:81]  [T-Work-Recog_1] Run work: WorkCapture
I1014 14:25:00.257609  7753 thread_intergrate.hpp:78] [T-Intergrate-intergrate] queue: frame output frame :73
I1014 14:25:00.257637  7753 thread_intergrate.hpp:85] [T-Intergrate-intergrate] queue: compare output face:0
I1014 14:25:00.257656  7753 thread_intergrate.hpp:137] T-Intergrate-intergrate set matched face: 0
I1014 14:25:00.257887  7752 work_thread.hpp:81]  [T-Work-Recog_1] Run work: WorkRecog
I1014 14:25:00.257912  7752 work_recog.hpp:89] Face id: 0 will run recog: bbox [179 x 228 from (308, 119)] quality: 0.406246
I1014 14:25:00.257942  7752 work_recog.hpp:96] Recog pair: [256 x 288 from (272, 72)], [179 x 228 from (36, 47)]
I1014 14:25:00.259101  7753 thread_intergrate.hpp:157] T-Intergrate-intergrate Show face :0, size :640 * 360
I1014 14:25:00.259740  7749 demo_inner.hpp:435] thread [SORT-0]  frame id 73 sorting queue size 1   FPS: 29.946
I1014 14:25:00.269173  7748 demo_inner.hpp:260]  gui queue size 1, state = running
I1014 14:25:00.276034  7752 work_thread.hpp:81]  [T-Work-Recog_1] Run work: WorkCompare
I1014 14:25:00.276513  7752 work_compare.cpp:76] Compare face: 0 successed, similarity :0.994294, name : images/ThangLMb.jpg, normal size : 1548 * 1719!
I1014 14:25:00.280078  7747 demo_inner.hpp:177] decode queue size 0
I1014 14:25:00.280153  7750 work_thread.hpp:81]  [T-Work-Detect_0] Run work: WorkDetect
I1014 14:25:00.280202  7750 work_detect.cpp:102] Succeeded to add det start for frame 74
I1014 14:25:00.287273  7750 work_detect.cpp:70] Frame :74 detect result :1 face(s)
I1014 14:25:00.287319  7750 work_detect.cpp:86] Detected bbox: [183 x 233 from (303, 111)]
I1014 14:25:00.287362  7750 work_detect.cpp:120] Succeeded to add det end for frame 74
