I1014 10:56:49.509076  4502 demo_inner.hpp:260]  gui queue size 0, state = running
I1014 10:56:49.525776  4505 work_thread.hpp:81]  [T-Work-Recog_0] Run work: WorkCompare
I1014 10:56:49.525913  4505 work_compare.cpp:76] Compare face: 0 successed, similarity :0.981085, name : images/thanglmb.jpg, normal size : 640 * 360!
I1014 10:56:49.528014  4501 demo_inner.hpp:177] decode queue size 0
I1014 10:56:49.528084  4504 work_thread.hpp:81]  [T-Work-Detect_0] Run work: WorkDetect
I1014 10:56:49.528137  4504 work_detect.cpp:102] Succeeded to add det start for frame 21
I1014 10:56:49.535954  4504 work_detect.cpp:70] Frame :21 detect result :1 face(s)
I1014 10:56:49.536026  4504 work_detect.cpp:86] Detected bbox: [181 x 223 from (330, 101)]
I1014 10:56:49.536116  4504 work_detect.cpp:120] Succeeded to add det end for frame 21
I1014 10:56:49.536134  4504 work_thread.hpp:81]  [T-Work-Detect_0] Run work: WrokTrack
I1014 10:56:49.536180  4504 work_track.cpp:82] Frame: 21 build input_characts: [0.282813 x 0.619444 from (0.515625, 0.280556)], 1.00019, 0
I1014 10:56:49.536262  4504 work_track.cpp:102] Succeeded to set track lock for frame 21
I1014 10:56:49.536301  4504 work_track.cpp:116] Succeeded to release track lock for frame 21
I1014 10:56:49.536316  4504 work_track.cpp:120] Track results of frame 21: 1 objects input, 1 objects tracked!
I1014 10:56:49.536443  4504 work_track.cpp:148] Frame: 21, track bbox: [181 x 223 from (322.8, 95.3809)], gid: 0, lid: 0
I1014 10:56:49.536504  4504 work_thread.hpp:88]  [T-Work-Detect_0] Frame :21 split
I1014 10:56:49.536523  4504 work_thread.hpp:120]  [T-Work-Detect_0] Valid piece: gid = 0
I1014 10:56:49.536541  4504 work_thread.hpp:92]  [T-Work-Detect_0] Push to split queue:recog
I1014 10:56:49.536599  4506 work_thread.hpp:81]  [T-Work-Recog_1] Run work: WorkCapture
I1014 10:56:49.536942  4507 thread_intergrate.hpp:78] [T-Intergrate-intergrate] queue: frame output frame :21
I1014 10:56:49.536972  4507 thread_intergrate.hpp:85] [T-Intergrate-intergrate] queue: compare output face:0
I1014 10:56:49.536993  4507 thread_intergrate.hpp:137] T-Intergrate-intergrate set matched face: 0
I1014 10:56:49.537184  4506 work_thread.hpp:81]  [T-Work-Recog_1] Run work: WorkRecog
I1014 10:56:49.537231  4506 work_recog.hpp:89] Face id: 0 will run recog: bbox [181 x 223 from (330, 101)] quality: 0.373693
I1014 10:56:49.537259  4506 work_recog.hpp:96] Recog pair: [264 x 304 from (288, 56)], [181 x 223 from (42, 45)]
I1014 10:56:49.538172  4507 thread_intergrate.hpp:157] T-Intergrate-intergrate Show face :0, size :640 * 360
I1014 10:56:49.538693  4503 demo_inner.hpp:435] thread [SORT-0]  frame id 21 sorting queue size 0   FPS: 29.7177
I1014 10:56:49.538784  4502 demo_inner.hpp:260]  gui queue size 0, state = running
I1014 10:56:49.555676  4506 work_thread.hpp:81]  [T-Work-Recog_1] Run work: WorkCompare
I1014 10:56:49.555804  4506 work_compare.cpp:76] Compare face: 0 successed, similarity :0.965623, name : images/thanglmb.jpg, normal size : 640 * 360!
I1014 10:56:49.563988  4501 demo_inner.hpp:177] decode queue size 0
I1014 10:56:49.564095  4504 work_thread.hpp:81]  [T-Work-Detect_0] Run work: WorkDetect
I1014 10:56:49.564148  4504 work_detect.cpp:102] Succeeded to add det start for frame 22
I1014 10:56:49.572050  4504 work_detect.cpp:70] Frame :22 detect result :1 face(s)
I1014 10:56:49.572098  4504 work_detect.cpp:86] Detected bbox: [193 x 241 from (311, 92)]
I1014 10:56:49.572139  4504 work_detect.cpp:120] Succeeded to add det end for frame 22
I1014 10:56:49.572252  4504 work_thread.hpp:81]  [T-Work-Detect_0] Run work: WrokTrack
I1014 10:56:49.572307  4504 work_track.cpp:82] Frame: 22 build input_characts: [0.301562 x 0.669444 from (0.485938, 0.255556)], 1.00019, 0
I1014 10:56:49.572469  4504 work_track.cpp:102] Succeeded to set track lock for frame 22
I1014 10:56:49.572537  4504 work_track.cpp:116] Succeeded to release track lock for frame 22
I1014 10:56:49.572553  4504 work_track.cpp:120] Track results of frame 22: 1 objects input, 1 objects tracked!
I1014 10:56:49.572571  4504 work_track.cpp:148] Frame: 22, track bbox: [193 x 241 from (315.881, 91.7106)], gid: 0, lid: 0
I1014 10:56:49.572608  4504 work_thread.hpp:88]  [T-Work-Detect_0] Frame :22 split
I1014 10:56:49.572626  4504 work_thread.hpp:120]  [T-Work-Detect_0] Valid piece: gid = 0
I1014 10:56:49.572651  4504 work_thread.hpp:92]  [T-Work-Detect_0] Push to split queue:recog
I1014 10:56:49.572702  4506 work_thread.hpp:81]  [T-Work-Recog_1] Run work: WorkCapture
I1014 10:56:49.573117  4507 thread_intergrate.hpp:78] [T-Intergrate-intergrate] queue: frame output frame :22
I1014 10:56:49.573146  4507 thread_intergrate.hpp:85] [T-Intergrate-intergrate] queue: compare output face:0
I1014 10:56:49.573164  4507 thread_intergrate.hpp:137] T-Intergrate-intergrate set matched face: 0
I1014 10:56:49.573364  4506 work_thread.hpp:81]  [T-Work-Recog_1] Run work: WorkRecog
I1014 10:56:49.573396  4506 work_recog.hpp:89] Face id: 0 will run recog: bbox [193 x 241 from (311, 92)] quality: 0.456042
I1014 10:56:49.573424  4506 work_recog.hpp:96] Recog pair: [272 x 320 from (272, 40)], [193 x 241 from (39, 52)]
I1014 10:56:49.574342  4507 thread_intergrate.hpp:157] T-Intergrate-intergrate Show face :0, size :640 * 360
I1014 10:56:49.574882  4503 demo_inner.hpp:435] thread [SORT-0]  frame id 22 sorting queue size 0   FPS: 29.6192
I1014 10:56:49.574977  4502 demo_inner.hpp:260]  gui queue size 0, state = running
I1014 10:56:49.591868  4506 work_thread.hpp:81]  [T-Work-Recog_1] Run work: WorkCompare
I1014 10:56:49.591985  4506 work_compare.cpp:76] Compare face: 0 successed, similarity :0.968059, name : images/thanglmb.jpg, normal size : 640 * 360!
I1014 10:56:49.594043  4501 demo_inner.hpp:177] decode queue size 0
I1014 10:56:49.594118  4504 work_thread.hpp:81]  [T-Work-Detect_0] Run work: WorkDetect
I1014 10:56:49.594151  4504 work_detect.cpp:102] Succeeded to add det start for frame 23
I1014 10:56:49.601858  4504 work_detect.cpp:70] Frame :23 detect result :1 face(s)
I1014 10:56:49.601905  4504 work_detect.cpp:86] Detected bbox: [194 x 246 from (312, 92)]
I1014 10:56:49.601955  4504 work_detect.cpp:120] Succeeded to add det end for frame 23
I1014 10:56:49.601972  4504 work_thread.hpp:81]  [T-Work-Detect_0] Run work: WrokTrack
I1014 10:56:49.601997  4504 work_track.cpp:82] Frame: 23 build input_characts: [0.303125 x 0.683333 from (0.4875, 0.255556)], 1.00019, 0
I1014 10:56:49.602078  4504 work_track.cpp:102] Succeeded to set track lock for frame 23
I1014 10:56:49.602142  4504 work_track.cpp:116] Succeeded to release track lock for frame 23
I1014 10:56:49.602159  4504 work_track.cpp:120] Track results of frame 23: 1 objects input, 1 objects tracked!
I1014 10:56:49.602186  4504 work_track.cpp:148] Frame: 23, track bbox: [194 x 246 from (313.893, 91.2425)], gid: 0, lid: 0
I1014 10:56:49.602222  4504 work_thread.hpp:88]  [T-Work-Detect_0] Frame :23 split
I1014 10:56:49.602241  4504 work_thread.hpp:120]  [T-Work-Detect_0] Valid piece: gid = 0
I1014 10:56:49.602258  4504 work_thread.hpp:92]  [T-Work-Detect_0] Push to split queue:recog
I1014 10:56:49.602447  4505 work_thread.hpp:81]  [T-Work-Recog_0] Run work: WorkCapture
I1014 10:56:49.602799  4507 thread_intergrate.hpp:78] [T-Intergrate-intergrate] queue: frame output frame :23
I1014 10:56:49.602828  4507 thread_intergrate.hpp:85] [T-Intergrate-intergrate] queue: compare output face:0
I1014 10:56:49.602847  4507 thread_intergrate.hpp:137] T-Intergrate-intergrate set matched face: 0
I1014 10:56:49.603050  4505 work_thread.hpp:81]  [T-Work-Recog_0] Run work: WorkRecog
I1014 10:56:49.603075  4505 work_recog.hpp:89] Face id: 0 will run recog: bbox [194 x 246 from (312, 92)] quality: 0.431762
I1014 10:56:49.603189  4505 work_recog.hpp:96] Recog pair: [272 x 320 from (272, 40)], [194 x 246 from (40, 52)]
I1014 10:56:49.604034  4507 thread_intergrate.hpp:157] T-Intergrate-intergrate Show face :0, size :640 * 360
I1014 10:56:49.604647  4503 demo_inner.hpp:435] thread [SORT-0]  frame id 23 sorting queue size 0   FPS: 29.77
I1014 10:56:49.604724  4502 demo_inner.hpp:260]  gui queue size 0, state = running
I1014 10:56:49.621901  4505 work_thread.hpp:81]  [T-Work-Recog_0] Run work: WorkCompare
I1014 10:56:49.622035  4505 work_compare.cpp:76] Compare face: 0 successed, similarity :0.982011, name : images/thanglmb.jpg, normal size : 640 * 360!
I1014 10:56:49.630060  4501 demo_inner.hpp:177] decode queue size 0
I1014 10:56:49.630172  4504 work_thread.hpp:81]  [T-Work-Detect_0] Run work: WorkDetect
I1014 10:56:49.630231  4504 work_detect.cpp:102] Succeeded to add det start for frame 24
I1014 10:56:49.638168  4504 work_detect.cpp:70] Frame :24 detect result :1 face(s)
I1014 10:56:49.638243  4504 work_detect.cpp:86] Detected bbox: [185 x 233 from (313, 97)]
I1014 10:56:49.638288  4504 work_detect.cpp:120] Succeeded to add det end for frame 24
I1014 10:56:49.638304  4504 work_thread.hpp:81]  [T-Work-Detect_0] Run work: WrokTrack
I1014 10:56:49.638440  4504 work_track.cpp:82] Frame: 24 build input_characts: [0.289062 x 0.647222 from (0.489062, 0.269444)], 1.00019, 0
I1014 10:56:49.638521  4504 work_track.cpp:102] Succeeded to set track lock for frame 24
I1014 10:56:49.638564  4504 work_track.cpp:116] Succeeded to release track lock for frame 24
I1014 10:56:49.638579  4504 work_track.cpp:120] Track results of frame 24: 1 objects input, 1 objects tracked!
I1014 10:56:49.638605  4504 work_track.cpp:148] Frame: 24, track bbox: [185 x 233 from (315.151, 98.1792)], gid: 0, lid: 0
I1014 10:56:49.638643  4504 work_thread.hpp:88]  [T-Work-Detect_0] Frame :24 split
I1014 10:56:49.638660  4504 work_thread.hpp:120]  [T-Work-Detect_0] Valid piece: gid = 0
I1014 10:56:49.638679  4504 work_thread.hpp:92]  [T-Work-Detect_0] Push to split queue:recog
I1014 10:56:49.638749  4505 work_thread.hpp:81]  [T-Work-Recog_0] Run work: WorkCapture
I1014 10:56:49.639082  4507 thread_intergrate.hpp:78] [T-Intergrate-intergrate] queue: frame output frame :24
I1014 10:56:49.639111  4507 thread_intergrate.hpp:85] [T-Intergrate-intergrate] queue: compare output face:0
I1014 10:56:49.639130  4507 thread_intergrate.hpp:137] T-Intergrate-intergrate set matched face: 0
I1014 10:56:49.639343  4505 work_thread.hpp:81]  [T-Work-Recog_0] Run work: WorkRecog
I1014 10:56:49.639367  4505 work_recog.hpp:89] Face id: 0 will run recog: bbox [185 x 233 from (313, 97)] quality: 0.444325
I1014 10:56:49.639395  4505 work_recog.hpp:96] Recog pair: [264 x 312 from (272, 48)], [185 x 233 from (41, 49)]
I1014 10:56:49.640327  4507 thread_intergrate.hpp:157] T-Intergrate-intergrate Show face :0, size :640 * 360
I1014 10:56:49.640825  4503 demo_inner.hpp:435] thread [SORT-0]  frame id 24 sorting queue size 0   FPS: 29.6774
I1014 10:56:49.640905  4502 demo_inner.hpp:260]  gui queue size 0, state = running
I1014 10:56:49.658051  4505 work_thread.hpp:81]  [T-Work-Recog_0] Run work: WorkCompare
I1014 10:56:49.658190  4505 work_compare.cpp:76] Compare face: 0 successed, similarity :0.990184, name : images/thanglmb.jpg, normal size : 640 * 360!
I1014 10:56:49.666015  4501 demo_inner.hpp:177] decode queue size 0
I1014 10:56:49.666124  4504 work_thread.hpp:81]  [T-Work-Detect_0] Run work: WorkDetect
I1014 10:56:49.666185  4504 work_detect.cpp:102] Succeeded to add det start for frame 25
I1014 10:56:49.673900  4504 work_detect.cpp:70] Frame :25 detect result :1 face(s)
I1014 10:56:49.673966  4504 work_detect.cpp:86] Detected bbox: [180 x 232 from (314, 98)]
I1014 10:56:49.674008  4504 work_detect.cpp:120] Succeeded to add det end for frame 25
I1014 10:56:49.674026  4504 work_thread.hpp:81]  [T-Work-Detect_0] Run work: WrokTrack
I1014 10:56:49.674058  4504 work_track.cpp:82] Frame: 25 build input_characts: [0.28125 x 0.644444 from (0.490625, 0.272222)], 1.00019, 0
I1014 10:56:49.674218  4504 work_track.cpp:102] Succeeded to set track lock for frame 25
I1014 10:56:49.674259  4504 work_track.cpp:116] Succeeded to release track lock for frame 25
I1014 10:56:49.674274  4504 work_track.cpp:120] Track results of frame 25: 1 objects input, 1 objects tracked!
I1014 10:56:49.674300  4504 work_track.cpp:148] Frame: 25, track bbox: [180 x 232 from (314.076, 98.8352)], gid: 0, lid: 0
I1014 10:56:49.674463  4504 work_thread.hpp:88]  [T-Work-Detect_0] Frame :25 split
I1014 10:56:49.674481  4504 work_thread.hpp:120]  [T-Work-Detect_0] Valid piece: gid = 0
I1014 10:56:49.674500  4504 work_thread.hpp:92]  [T-Work-Detect_0] Push to split queue:recog
I1014 10:56:49.674557  4505 work_thread.hpp:81]  [T-Work-Recog_0] Run work: WorkCapture
I1014 10:56:49.674911  4507 thread_intergrate.hpp:78] [T-Intergrate-intergrate] queue: frame output frame :25
I1014 10:56:49.674942  4507 thread_intergrate.hpp:85] [T-Intergrate-intergrate] queue: compare output face:0
I1014 10:56:49.674962  4507 thread_intergrate.hpp:137] T-Intergrate-intergrate set matched face: 0
I1014 10:56:49.675173  4505 work_thread.hpp:81]  [T-Work-Recog_0] Run work: WorkRecog
I1014 10:56:49.675196  4505 work_recog.hpp:89] Face id: 0 will run recog: bbox [180 x 232 from (314, 98)] quality: 0.443865
I1014 10:56:49.675225  4505 work_recog.hpp:96] Recog pair: [264 x 312 from (272, 48)], [180 x 232 from (42, 50)]
I1014 10:56:49.676149  4507 thread_intergrate.hpp:157] T-Intergrate-intergrate Show face :0, size :640 * 360
I1014 10:56:49.676760  4503 demo_inner.hpp:435] thread [SORT-0]  frame id 25 sorting queue size 0   FPS: 29.5931
I1014 10:56:49.676838  4502 demo_inner.hpp:260]  gui queue size 0, state = running
I1014 10:56:49.693684  4505 work_thread.hpp:81]  [T-Work-Recog_0] Run work: WorkCompare
I1014 10:56:49.693802  4505 work_compare.cpp:76] Compare face: 0 successed, similarity :0.991417, name : images/thanglmb.jpg, normal size : 640 * 360!
I1014 10:56:49.695960  4501 demo_inner.hpp:177] decode queue size 0
I1014 10:56:49.696034  4504 work_thread.hpp:81]  [T-Work-Detect_0] Run work: WorkDetect
I1014 10:56:49.696092  4504 work_detect.cpp:102] Succeeded to add det start for frame 26
I1014 10:56:49.703850  4504 work_detect.cpp:70] Frame :26 detect result :1 face(s)
I1014 10:56:49.703902  4504 work_detect.cpp:86] Detected bbox: [168 x 220 from (318, 122)]
I1014 10:56:49.704032  4504 work_detect.cpp:120] Succeeded to add det end for frame 26
I1014 10:56:49.704051  4504 work_thread.hpp:81]  [T-Work-Detect_0] Run work: WrokTrack
I1014 10:56:49.704087  4504 work_track.cpp:82] Frame: 26 build input_characts: [0.2625 x 0.611111 from (0.496875, 0.338889)], 1.00019, 0
I1014 10:56:49.704141  4504 work_track.cpp:102] Succeeded to set track lock for frame 26
I1014 10:56:49.704226  4504 work_track.cpp:116] Succeeded to release track lock for frame 26
I1014 10:56:49.704242  4504 work_track.cpp:120] Track results of frame 26: 1 objects input, 1 objects tracked!
I1014 10:56:49.704262  4504 work_track.cpp:148] Frame: 26, track bbox: [168 x 220 from (316.458, 113.765)], gid: 0, lid: 0
I1014 10:56:49.704298  4504 work_thread.hpp:88]  [T-Work-Detect_0] Frame :26 split
I1014 10:56:49.704449  4504 work_thread.hpp:120]  [T-Work-Detect_0] Valid piece: gid = 0
I1014 10:56:49.704471  4504 work_thread.hpp:92]  [T-Work-Detect_0] Push to split queue:recog
I1014 10:56:49.704517  4506 work_thread.hpp:81]  [T-Work-Recog_1] Run work: WorkCapture
I1014 10:56:49.704865  4507 thread_intergrate.hpp:78] [T-Intergrate-intergrate] queue: frame output frame :26
I1014 10:56:49.704895  4507 thread_intergrate.hpp:85] [T-Intergrate-intergrate] queue: compare output face:0
I1014 10:56:49.704913  4507 thread_intergrate.hpp:137] T-Intergrate-intergrate set matched face: 0
I1014 10:56:49.705112  4506 work_thread.hpp:81]  [T-Work-Recog_1] Run work: WorkRecog
I1014 10:56:49.705137  4506 work_recog.hpp:89] Face id: 0 will run recog: bbox [168 x 220 from (318, 122)] quality: 0.454059
I1014 10:56:49.705190  4506 work_recog.hpp:96] Recog pair: [240 x 288 from (280, 72)], [168 x 220 from (38, 50)]
I1014 10:56:49.706099  4507 thread_intergrate.hpp:157] T-Intergrate-intergrate Show face :0, size :640 * 360
I1014 10:56:49.706593  4503 demo_inner.hpp:435] thread [SORT-0]  frame id 26 sorting queue size 0   FPS: 29.7265
I1014 10:56:49.714269  4502 demo_inner.hpp:260]  gui queue size 0, state = running
I1014 10:56:49.723538  4506 work_thread.hpp:81]  [T-Work-Recog_1] Run work: WorkCompare
I1014 10:56:49.723671  4506 work_compare.cpp:76] Compare face: 0 successed, similarity :0.991466, name : images/thanglmb.jpg, normal size : 640 * 360!
I1014 10:56:49.732096  4501 demo_inner.hpp:177] decode queue size 0
I1014 10:56:49.732246  4504 work_thread.hpp:81]  [T-Work-Detect_0] Run work: WorkDetect
I1014 10:56:49.732283  4504 work_detect.cpp:102] Succeeded to add det start for frame 27
I1014 10:56:49.740031  4504 work_detect.cpp:70] Frame :27 detect result :1 face(s)
I1014 10:56:49.740074  4504 work_detect.cpp:86] Detected bbox: [175 x 227 from (313, 101)]
I1014 10:56:49.740139  4504 work_detect.cpp:120] Succeeded to add det end for frame 27
I1014 10:56:49.740176  4504 work_thread.hpp:81]  [T-Work-Detect_0] Run work: WrokTrack
I1014 10:56:49.740203  4504 work_track.cpp:82] Frame: 27 build input_characts: [0.273438 x 0.630556 from (0.489062, 0.280556)], 1.00035, 0
I1014 10:56:49.740267  4504 work_track.cpp:102] Succeeded to set track lock for frame 27
I1014 10:56:49.740308  4504 work_track.cpp:116] Succeeded to release track lock for frame 27
I1014 10:56:49.740447  4504 work_track.cpp:120] Track results of frame 27: 1 objects input, 1 objects tracked!
I1014 10:56:49.740466  4504 work_track.cpp:148] Frame: 27, track bbox: [175 x 227 from (313.144, 107.806)], gid: 0, lid: 0
I1014 10:56:49.740511  4504 work_thread.hpp:88]  [T-Work-Detect_0] Frame :27 split
I1014 10:56:49.740530  4504 work_thread.hpp:120]  [T-Work-Detect_0] Valid piece: gid = 0
I1014 10:56:49.740548  4504 work_thread.hpp:92]  [T-Work-Detect_0] Push to split queue:recog
I1014 10:56:49.740622  4506 work_thread.hpp:81]  [T-Work-Recog_1] Run work: WorkCapture
I1014 10:56:49.740957  4507 thread_intergrate.hpp:78] [T-Intergrate-intergrate] queue: frame output frame :27
I1014 10:56:49.740985  4507 thread_intergrate.hpp:85] [T-Intergrate-intergrate] queue: compare output face:0
I1014 10:56:49.741004  4507 thread_intergrate.hpp:137] T-Intergrate-intergrate set matched face: 0
I1014 10:56:49.741214  4506 work_thread.hpp:81]  [T-Work-Recog_1] Run work: WorkRecog
I1014 10:56:49.741245  4506 work_recog.hpp:89] Face id: 0 will run recog: bbox [175 x 227 from (313, 101)] quality: 0.396213
I1014 10:56:49.741274  4506 work_recog.hpp:96] Recog pair: [256 x 304 from (272, 56)], [175 x 227 from (41, 45)]
I1014 10:56:49.742180  4507 thread_intergrate.hpp:157] T-Intergrate-intergrate Show face :0, size :640 * 360
I1014 10:56:49.742720  4503 demo_inner.hpp:435] thread [SORT-0]  frame id 27 sorting queue size 0   FPS: 29.6465
I1014 10:56:49.759443  4506 work_thread.hpp:81]  [T-Work-Recog_1] Run work: WorkCompare
I1014 10:56:49.759577  4506 work_compare.cpp:76] Compare face: 0 successed, similarity :0.983484, name : images/thanglmb.jpg, normal size : 640 * 360!
I1014 10:56:49.762449  4501 demo_inner.hpp:177] decode queue size 0
I1014 10:56:49.762567  4504 work_thread.hpp:81]  [T-Work-Detect_0] Run work: WorkDetect
I1014 10:56:49.762601  4504 work_detect.cpp:102] Succeeded to add det start for frame 28
I1014 10:56:49.770612  4504 work_detect.cpp:70] Frame :28 detect result :1 face(s)
I1014 10:56:49.770670  4504 work_detect.cpp:86] Detected bbox: [170 x 223 from (314, 99)]
I1014 10:56:49.770714  4504 work_detect.cpp:120] Succeeded to add det end for frame 28
I1014 10:56:49.770756  4504 work_thread.hpp:81]  [T-Work-Detect_0] Run work: WrokTrack
I1014 10:56:49.770784  4504 work_track.cpp:82] Frame: 28 build input_characts: [0.265625 x 0.619444 from (0.490625, 0.275)], 1.00035, 0
I1014 10:56:49.770841  4504 work_track.cpp:102] Succeeded to set track lock for frame 28
I1014 10:56:49.770889  4504 work_track.cpp:116] Succeeded to release track lock for frame 28
I1014 10:56:49.771000  4504 work_track.cpp:120] Track results of frame 28: 1 objects input, 1 objects tracked!
I1014 10:56:49.771021  4504 work_track.cpp:148] Frame: 28, track bbox: [170 x 223 from (313.521, 104.968)], gid: 0, lid: 0
I1014 10:56:49.771057  4504 work_thread.hpp:88]  [T-Work-Detect_0] Frame :28 split
I1014 10:56:49.771076  4504 work_thread.hpp:120]  [T-Work-Detect_0] Valid piece: gid = 0
I1014 10:56:49.771093  4504 work_thread.hpp:92]  [T-Work-Detect_0] Push to split queue:recog
I1014 10:56:49.771152  4505 work_thread.hpp:81]  [T-Work-Recog_0] Run work: WorkCapture
I1014 10:56:49.771512  4507 thread_intergrate.hpp:78] [T-Intergrate-intergrate] queue: frame output frame :28
I1014 10:56:49.771539  4507 thread_intergrate.hpp:85] [T-Intergrate-intergrate] queue: compare output face:0
I1014 10:56:49.771559  4507 thread_intergrate.hpp:137] T-Intergrate-intergrate set matched face: 0
I1014 10:56:49.771756  4505 work_thread.hpp:81]  [T-Work-Recog_0] Run work: WorkRecog
I1014 10:56:49.771780  4505 work_recog.hpp:89] Face id: 0 will run recog: bbox [170 x 223 from (314, 99)] quality: 0.406246
I1014 10:56:49.771808  4505 work_recog.hpp:96] Recog pair: [240 x 312 from (280, 48)], [170 x 223 from (34, 51)]
I1014 10:56:49.772750  4507 thread_intergrate.hpp:157] T-Intergrate-intergrate Show face :0, size :640 * 360
I1014 10:56:49.773304  4503 demo_inner.hpp:435] thread [SORT-0]  frame id 28 sorting queue size 1   FPS: 29.7357
I1014 10:56:49.781554  4502 demo_inner.hpp:260]  gui queue size 1, state = running
I1014 10:56:49.790024  4505 work_thread.hpp:81]  [T-Work-Recog_0] Run work: WorkCompare
I1014 10:56:49.790139  4505 work_compare.cpp:76] Compare face: 0 successed, similarity :0.987975, name : images/thanglmb.jpg, normal size : 640 * 360!
I1014 10:56:49.798074  4501 demo_inner.hpp:177] decode queue size 0
I1014 10:56:49.798226  4504 work_thread.hpp:81]  [T-Work-Detect_0] Run work: WorkDetect
I1014 10:56:49.798272  4504 work_detect.cpp:102] Succeeded to add det start for frame 29
I1014 10:56:49.806085  4504 work_detect.cpp:70] Frame :29 detect result :1 face(s)
I1014 10:56:49.806135  4504 work_detect.cpp:86] Detected bbox: [170 x 220 from (315, 103)]
I1014 10:56:49.806201  4504 work_detect.cpp:120] Succeeded to add det end for frame 29
I1014 10:56:49.806219  4504 work_thread.hpp:81]  [T-Work-Detect_0] Run work: WrokTrack
I1014 10:56:49.806244  4504 work_track.cpp:82] Frame: 29 build input_characts: [0.265625 x 0.611111 from (0.492188, 0.286111)], 1.00035, 0
I1014 10:56:49.806299  4504 work_track.cpp:102] Succeeded to set track lock for frame 29
I1014 10:56:49.806473  4504 work_track.cpp:116] Succeeded to release track lock for frame 29
I1014 10:56:49.806489  4504 work_track.cpp:120] Track results of frame 29: 1 objects input, 1 objects tracked!
I1014 10:56:49.806509  4504 work_track.cpp:148] Frame: 29, track bbox: [170 x 220 from (313.676, 104.064)], gid: 0, lid: 0
I1014 10:56:49.806545  4504 work_thread.hpp:88]  [T-Work-Detect_0] Frame :29 split
I1014 10:56:49.806571  4504 work_thread.hpp:120]  [T-Work-Detect_0] Valid piece: gid = 0
I1014 10:56:49.806591  4504 work_thread.hpp:92]  [T-Work-Detect_0] Push to split queue:recog
I1014 10:56:49.806639  4505 work_thread.hpp:81]  [T-Work-Recog_0] Run work: WorkCapture
I1014 10:56:49.806993  4507 thread_intergrate.hpp:78] [T-Intergrate-intergrate] queue: frame output frame :29
I1014 10:56:49.807021  4507 thread_intergrate.hpp:85] [T-Intergrate-intergrate] queue: compare output face:0
I1014 10:56:49.807041  4507 thread_intergrate.hpp:137] T-Intergrate-intergrate set matched face: 0
I1014 10:56:49.807240  4505 work_thread.hpp:81]  [T-Work-Recog_0] Run work: WorkRecog
I1014 10:56:49.807263  4505 work_recog.hpp:89] Face id: 0 will run recog: bbox [170 x 220 from (315, 103)] quality: 0.38547
I1014 10:56:49.807301  4505 work_recog.hpp:96] Recog pair: [240 x 304 from (280, 56)], [170 x 220 from (35, 47)]
I1014 10:56:49.808233  4507 thread_intergrate.hpp:157] T-Intergrate-intergrate Show face :0, size :640 * 360
I1014 10:56:49.808740  4503 demo_inner.hpp:435] thread [SORT-0]  frame id 29 sorting queue size 0   FPS: 29.6925
I1014 10:56:49.825459  4505 work_thread.hpp:81]  [T-Work-Recog_0] Run work: WorkCompare
I1014 10:56:49.825597  4505 work_compare.cpp:76] Compare face: 0 successed, similarity :0.986405, name : images/thanglmb.jpg, normal size : 640 * 360!
I1014 10:56:49.828124  4501 demo_inner.hpp:177] decode queue size 0
I1014 10:56:49.828259  4504 work_thread.hpp:81]  [T-Work-Detect_0] Run work: WorkDetect
I1014 10:56:49.828294  4504 work_detect.cpp:102] Succeeded to add det start for frame 30
I1014 10:56:49.836087  4504 work_detect.cpp:70] Frame :30 detect result :1 face(s)
I1014 10:56:49.836134  4504 work_detect.cpp:86] Detected bbox: [173 x 220 from (310, 99)]
I1014 10:56:49.836220  4504 work_detect.cpp:120] Succeeded to add det end for frame 30
I1014 10:56:49.836239  4504 work_thread.hpp:81]  [T-Work-Detect_0] Run work: WrokTrack
I1014 10:56:49.836264  4504 work_track.cpp:82] Frame: 30 build input_characts: [0.270312 x 0.611111 from (0.484375, 0.275)], 1.00035, 0
I1014 10:56:49.836426  4504 work_track.cpp:102] Succeeded to set track lock for frame 30
I1014 10:56:49.836520  4504 work_track.cpp:116] Succeeded to release track lock for frame 30
I1014 10:56:49.836537  4504 work_track.cpp:120] Track results of frame 30: 1 objects input, 1 objects tracked!
I1014 10:56:49.836556  4504 work_track.cpp:148] Frame: 30, track bbox: [173 x 220 from (310.607, 99.3671)], gid: 0, lid: 0
I1014 10:56:49.836602  4504 work_thread.hpp:88]  [T-Work-Detect_0] Frame :30 split
I1014 10:56:49.836621  4504 work_thread.hpp:120]  [T-Work-Detect_0] Valid piece: gid = 0
I1014 10:56:49.836638  4504 work_thread.hpp:92]  [T-Work-Detect_0] Push to split queue:recog
I1014 10:56:49.836683  4506 work_thread.hpp:81]  [T-Work-Recog_1] Run work: WorkCapture
I1014 10:56:49.836686  4507 thread_intergrate.hpp:78] [T-Intergrate-intergrate] queue: frame output frame :30
I1014 10:56:49.836726  4507 thread_intergrate.hpp:85] [T-Intergrate-intergrate] queue: compare output face:0
I1014 10:56:49.836745  4507 thread_intergrate.hpp:137] T-Intergrate-intergrate set matched face: 0
I1014 10:56:49.837256  4506 work_thread.hpp:81]  [T-Work-Recog_1] Run work: WorkRecog
I1014 10:56:49.837281  4506 work_recog.hpp:89] Face id: 0 will run recog: bbox [173 x 220 from (310, 99)] quality: 0.406246
I1014 10:56:49.837311  4506 work_recog.hpp:96] Recog pair: [248 x 312 from (272, 48)], [173 x 220 from (38, 51)]
I1014 10:56:49.837914  4507 thread_intergrate.hpp:157] T-Intergrate-intergrate Show face :0, size :640 * 360
I1014 10:56:49.838460  4503 demo_inner.hpp:435] thread [SORT-0]  frame id 30 sorting queue size 1   FPS: 29.8047
I1014 10:56:49.855114  4506 work_thread.hpp:81]  [T-Work-Recog_1] Run work: WorkCompare
I1014 10:56:49.855224  4506 work_compare.cpp:76] Compare face: 0 successed, similarity :0.990259, name : images/thanglmb.jpg, normal size : 640 * 360!
I1014 10:56:49.859324  4502 demo_inner.hpp:260]  gui queue size 1, state = running
I1014 10:56:49.864073  4501 demo_inner.hpp:177] decode queue size 0
I1014 10:56:49.864344  4504 work_thread.hpp:81]  [T-Work-Detect_0] Run work: WorkDetect
I1014 10:56:49.864408  4504 work_detect.cpp:102] Succeeded to add det start for frame 31
I1014 10:56:49.872032  4504 work_detect.cpp:70] Frame :31 detect result :1 face(s)
I1014 10:56:49.872079  4504 work_detect.cpp:86] Detected bbox: [173 x 227 from (310, 97)]
I1014 10:56:49.872229  4504 work_detect.cpp:120] Succeeded to add det end for frame 31
I1014 10:56:49.872248  4504 work_thread.hpp:81]  [T-Work-Detect_0] Run work: WrokTrack
I1014 10:56:49.872282  4504 work_track.cpp:82] Frame: 31 build input_characts: [0.270312 x 0.630556 from (0.484375, 0.269444)], 1.00035, 0
I1014 10:56:49.872462  4504 work_track.cpp:102] Succeeded to set track lock for frame 31
I1014 10:56:49.872511  4504 work_track.cpp:116] Succeeded to release track lock for frame 31
I1014 10:56:49.872526  4504 work_track.cpp:120] Track results of frame 31: 1 objects input, 1 objects tracked!
I1014 10:56:49.872545  4504 work_track.cpp:148] Frame: 31, track bbox: [173 x 227 from (309.848, 92.7513)], gid: 0, lid: 0
I1014 10:56:49.872676  4504 work_thread.hpp:88]  [T-Work-Detect_0] Frame :31 split
I1014 10:56:49.872695  4504 work_thread.hpp:120]  [T-Work-Detect_0] Valid piece: gid = 0
I1014 10:56:49.872714  4504 work_thread.hpp:92]  [T-Work-Detect_0] Push to split queue:recog
I1014 10:56:49.872761  4506 work_thread.hpp:81]  [T-Work-Recog_1] Run work: WorkCapture
I1014 10:56:49.872763  4507 thread_intergrate.hpp:78] [T-Intergrate-intergrate] queue: frame output frame :31
I1014 10:56:49.872804  4507 thread_intergrate.hpp:85] [T-Intergrate-intergrate] queue: compare output face:0
I1014 10:56:49.872823  4507 thread_intergrate.hpp:137] T-Intergrate-intergrate set matched face: 0
I1014 10:56:49.873332  4506 work_thread.hpp:81]  [T-Work-Recog_1] Run work: WorkRecog
I1014 10:56:49.873356  4506 work_recog.hpp:89] Face id: 0 will run recog: bbox [173 x 227 from (310, 97)] quality: 0.438472
I1014 10:56:49.873387  4506 work_recog.hpp:96] Recog pair: [248 x 312 from (272, 48)], [173 x 227 from (38, 49)]
I1014 10:56:49.873996  4507 thread_intergrate.hpp:157] T-Intergrate-intergrate Show face :0, size :640 * 360
I1014 10:56:49.874505  4503 demo_inner.hpp:435] thread [SORT-0]  frame id 31 sorting queue size 0   FPS: 29.7324
I1014 10:56:49.891099  4506 work_thread.hpp:81]  [T-Work-Recog_1] Run work: WorkCompare
I1014 10:56:49.891206  4506 work_compare.cpp:76] Compare face: 0 successed, similarity :0.992535, name : images/thanglmb.jpg, normal size : 640 * 360!
I1014 10:56:49.899958  4501 demo_inner.hpp:177] decode queue size 0
I1014 10:56:49.900091  4504 work_thread.hpp:81]  [T-Work-Detect_0] Run work: WorkDetect
I1014 10:56:49.900126  4504 work_detect.cpp:102] Succeeded to add det start for frame 32
I1014 10:56:49.907686  4504 work_detect.cpp:70] Frame :32 detect result :1 face(s)
I1014 10:56:49.907790  4504 work_detect.cpp:86] Detected bbox: [176 x 224 from (308, 98)]
I1014 10:56:49.907856  4504 work_detect.cpp:120] Succeeded to add det end for frame 32
I1014 10:56:49.907874  4504 work_thread.hpp:81]  [T-Work-Detect_0] Run work: WrokTrack
I1014 10:56:49.907898  4504 work_track.cpp:82] Frame: 32 build input_characts: [0.275 x 0.622222 from (0.48125, 0.272222)], 1.00035, 0
I1014 10:56:49.907961  4504 work_track.cpp:102] Succeeded to set track lock for frame 32
I1014 10:56:49.908001  4504 work_track.cpp:116] Succeeded to release track lock for frame 32
I1014 10:56:49.908016  4504 work_track.cpp:120] Track results of frame 32: 1 objects input, 1 objects tracked!
I1014 10:56:49.908033  4504 work_track.cpp:148] Frame: 32, track bbox: [176 x 224 from (307.7, 97.359)], gid: 0, lid: 0
I1014 10:56:49.908092  4504 work_thread.hpp:88]  [T-Work-Detect_0] Frame :32 split
I1014 10:56:49.908110  4504 work_thread.hpp:120]  [T-Work-Detect_0] Valid piece: gid = 0
I1014 10:56:49.908129  4504 work_thread.hpp:92]  [T-Work-Detect_0] Push to split queue:recog
I1014 10:56:49.908188  4506 work_thread.hpp:81]  [T-Work-Recog_1] Run work: WorkCapture
I1014 10:56:49.908196  4507 thread_intergrate.hpp:78] [T-Intergrate-intergrate] queue: frame output frame :32
I1014 10:56:49.908223  4507 thread_intergrate.hpp:85] [T-Intergrate-intergrate] queue: compare output face:0
I1014 10:56:49.908242  4507 thread_intergrate.hpp:137] T-Intergrate-intergrate set matched face: 0
I1014 10:56:49.908751  4506 work_thread.hpp:81]  [T-Work-Recog_1] Run work: WorkRecog
I1014 10:56:49.908776  4506 work_recog.hpp:89] Face id: 0 will run recog: bbox [176 x 224 from (308, 98)] quality: 0.438331
I1014 10:56:49.908805  4506 work_recog.hpp:96] Recog pair: [248 x 312 from (272, 48)], [176 x 224 from (36, 50)]
I1014 10:56:49.909591  4507 thread_intergrate.hpp:157] T-Intergrate-intergrate Show face :0, size :640 * 360
I1014 10:56:49.910194  4503 demo_inner.hpp:435] thread [SORT-0]  frame id 32 sorting queue size 1   FPS: 29.6935
I1014 10:56:49.926654  4506 work_thread.hpp:81]  [T-Work-Recog_1] Run work: WorkCompare
I1014 10:56:49.926765  4506 work_compare.cpp:76] Compare face: 0 successed, similarity :0.990284, name : images/thanglmb.jpg, normal size : 640 * 360!
I1014 10:56:49.930446  4501 demo_inner.hpp:177] decode queue size 0
I1014 10:56:49.930591  4504 work_thread.hpp:81]  [T-Work-Detect_0] Run work: WorkDetect
I1014 10:56:49.930627  4504 work_detect.cpp:102] Succeeded to add det start for frame 33
I1014 10:56:49.937444  4504 work_detect.cpp:70] Frame :33 detect result :1 face(s)
I1014 10:56:49.937496  4504 work_detect.cpp:86] Detected bbox: [172 x 225 from (310, 98)]
I1014 10:56:49.937538  4504 work_detect.cpp:120] Succeeded to add det end for frame 33
I1014 10:56:49.937554  4504 work_thread.hpp:81]  [T-Work-Detect_0] Run work: WrokTrack
I1014 10:56:49.937579  4504 work_track.cpp:82] Frame: 33 build input_characts: [0.26875 x 0.625 from (0.484375, 0.272222)], 1.00019, 0
I1014 10:56:49.937636  4504 work_track.cpp:102] Succeeded to set track lock for frame 33
I1014 10:56:49.937675  4504 work_track.cpp:116] Succeeded to release track lock for frame 33
I1014 10:56:49.937690  4504 work_track.cpp:120] Track results of frame 33: 1 objects input, 1 objects tracked!
I1014 10:56:49.937708  4504 work_track.cpp:148] Frame: 33, track bbox: [172 x 225 from (309.41, 97.5534)], gid: 0, lid: 0
I1014 10:56:49.937746  4504 work_thread.hpp:88]  [T-Work-Detect_0] Frame :33 split
I1014 10:56:49.937763  4504 work_thread.hpp:120]  [T-Work-Detect_0] Valid piece: gid = 0
I1014 10:56:49.937781  4504 work_thread.hpp:92]  [T-Work-Detect_0] Push to split queue:recog
I1014 10:56:49.937829  4507 thread_intergrate.hpp:78] [T-Intergrate-intergrate] queue: frame output frame :33
I1014 10:56:49.937847  4505 work_thread.hpp:81]  [T-Work-Recog_0] Run work: WorkCapture
I1014 10:56:49.937856  4507 thread_intergrate.hpp:85] [T-Intergrate-intergrate] queue: compare output face:0
I1014 10:56:49.937875  4507 thread_intergrate.hpp:137] T-Intergrate-intergrate set matched face: 0
I1014 10:56:49.938529  4505 work_thread.hpp:81]  [T-Work-Recog_0] Run work: WorkRecog
I1014 10:56:49.938552  4505 work_recog.hpp:89] Face id: 0 will run recog: bbox [172 x 225 from (310, 98)] quality: 0.406411
I1014 10:56:49.938606  4505 work_recog.hpp:96] Recog pair: [248 x 312 from (272, 48)], [172 x 225 from (38, 50)]
I1014 10:56:49.939213  4507 thread_intergrate.hpp:157] T-Intergrate-intergrate Show face :0, size :640 * 360
I1014 10:56:49.939740  4503 demo_inner.hpp:435] thread [SORT-0]  frame id 33 sorting queue size 2   FPS: 29.7952
I1014 10:56:49.943159  4502 demo_inner.hpp:260]  gui queue size 2, state = running
I1014 10:56:49.956671  4505 work_thread.hpp:81]  [T-Work-Recog_0] Run work: WorkCompare
I1014 10:56:49.956822  4505 work_compare.cpp:76] Compare face: 0 successed, similarity :0.991273, name : images/thanglmb.jpg, normal size : 640 * 360!
I1014 10:56:49.966033  4501 demo_inner.hpp:177] decode queue size 0
I1014 10:56:49.966205  4504 work_thread.hpp:81]  [T-Work-Detect_0] Run work: WorkDetect
I1014 10:56:49.966240  4504 work_detect.cpp:102] Succeeded to add det start for frame 34
I1014 10:56:49.973186  4504 work_detect.cpp:70] Frame :34 detect result :2 face(s)
I1014 10:56:49.973237  4504 work_detect.cpp:86] Detected bbox: [173 x 225 from (312, 94)]
I1014 10:56:49.973269  4504 work_detect.cpp:86] Detected bbox: [93 x 109 from (370, 202)]
I1014 10:56:49.973301  4504 work_detect.cpp:120] Succeeded to add det end for frame 34
I1014 10:56:49.973317  4504 work_thread.hpp:81]  [T-Work-Detect_0] Run work: WrokTrack
I1014 10:56:49.973342  4504 work_track.cpp:82] Frame: 34 build input_characts: [0.270312 x 0.625 from (0.4875, 0.261111)], 1.00019, 0
I1014 10:56:49.973395  4504 work_track.cpp:82] Frame: 34 build input_characts: [0.145313 x 0.302778 from (0.578125, 0.561111)], 0.909375, 1
I1014 10:56:49.973434  4504 work_track.cpp:102] Succeeded to set track lock for frame 34
I1014 10:56:49.973480  4504 work_track.cpp:116] Succeeded to release track lock for frame 34
I1014 10:56:49.973496  4504 work_track.cpp:120] Track results of frame 34: 2 objects input, 1 objects tracked!
I1014 10:56:49.973513  4504 work_track.cpp:148] Frame: 34, track bbox: [173 x 225 from (310.086, 95.384)], gid: 0, lid: 0
I1014 10:56:49.973548  4504 work_track.cpp:162] Frame: 34 lid: 1 not tracked, will set invalid
I1014 10:56:49.973637  4504 work_thread.hpp:88]  [T-Work-Detect_0] Frame :34 split
I1014 10:56:49.973656  4504 work_thread.hpp:120]  [T-Work-Detect_0] Valid piece: gid = 0
I1014 10:56:49.973675  4504 work_thread.hpp:124]  [T-Work-Detect_0] Invalid piece: lid = 1, drop it
I1014 10:56:49.973690  4504 work_thread.hpp:92]  [T-Work-Detect_0] Push to split queue:recog
I1014 10:56:49.973744  4507 thread_intergrate.hpp:78] [T-Intergrate-intergrate] queue: frame output frame :34
I1014 10:56:49.973773  4507 thread_intergrate.hpp:85] [T-Intergrate-intergrate] queue: compare output face:0
I1014 10:56:49.973788  4505 work_thread.hpp:81]  [T-Work-Recog_0] Run work: WorkCapture
I1014 10:56:49.973793  4507 thread_intergrate.hpp:137] T-Intergrate-intergrate set matched face: 0
I1014 10:56:49.974520  4505 work_thread.hpp:81]  [T-Work-Recog_0] Run work: WorkRecog
I1014 10:56:49.974546  4505 work_recog.hpp:89] Face id: 0 will run recog: bbox [173 x 225 from (312, 94)] quality: 0.385393
I1014 10:56:49.974577  4505 work_recog.hpp:96] Recog pair: [248 x 312 from (272, 48)], [173 x 225 from (40, 46)]
I1014 10:56:49.975164  4507 thread_intergrate.hpp:157] T-Intergrate-intergrate Show face :0, size :640 * 360
I1014 10:56:49.975682  4503 demo_inner.hpp:435] thread [SORT-0]  frame id 34 sorting queue size 0   FPS: 29.7297
I1014 10:56:49.992630  4505 work_thread.hpp:81]  [T-Work-Recog_0] Run work: WorkCompare
I1014 10:56:49.992746  4505 work_compare.cpp:76] Compare face: 0 successed, similarity :0.983174, name : images/thanglmb.jpg, normal size : 640 * 360!
I1014 10:56:49.996111  4501 demo_inner.hpp:177] decode queue size 0
I1014 10:56:49.996222  4504 work_thread.hpp:81]  [T-Work-Detect_0] Run work: WorkDetect
I1014 10:56:49.996256  4504 work_detect.cpp:102] Succeeded to add det start for frame 35
I1014 10:56:50.002967  4504 work_detect.cpp:70] Frame :35 detect result :2 face(s)
I1014 10:56:50.003016  4504 work_detect.cpp:86] Detected bbox: [174 x 225 from (310, 98)]
I1014 10:56:50.003049  4504 work_detect.cpp:86] Detected bbox: [95 x 110 from (369, 201)]
I1014 10:56:50.003082  4504 work_detect.cpp:120] Succeeded to add det end for frame 35
I1014 10:56:50.003098  4504 work_thread.hpp:81]  [T-Work-Detect_0] Run work: WrokTrack
I1014 10:56:50.003123  4504 work_track.cpp:82] Frame: 35 build input_characts: [0.271875 x 0.625 from (0.484375, 0.272222)], 1.00035, 0
I1014 10:56:50.003175  4504 work_track.cpp:82] Frame: 35 build input_characts: [0.148438 x 0.305556 from (0.576563, 0.558333)], 0.936627, 1
I1014 10:56:50.003209  4504 work_track.cpp:102] Succeeded to set track lock for frame 35
I1014 10:56:50.003252  4504 work_track.cpp:116] Succeeded to release track lock for frame 35
I1014 10:56:50.003268  4504 work_track.cpp:120] Track results of frame 35: 2 objects input, 1 objects tracked!
I1014 10:56:50.003285  4504 work_track.cpp:148] Frame: 35, track bbox: [174 x 225 from (310.353, 96.6963)], gid: 0, lid: 0
I1014 10:56:50.003319  4504 work_track.cpp:162] Frame: 35 lid: 1 not tracked, will set invalid
I1014 10:56:50.003335  4504 work_thread.hpp:88]  [T-Work-Detect_0] Frame :35 split
I1014 10:56:50.003352  4504 work_thread.hpp:120]  [T-Work-Detect_0] Valid piece: gid = 0
I1014 10:56:50.003370  4504 work_thread.hpp:124]  [T-Work-Detect_0] Invalid piece: lid = 1, drop it
I1014 10:56:50.003386  4504 work_thread.hpp:92]  [T-Work-Detect_0] Push to split queue:recog
I1014 10:56:50.003432  4506 work_thread.hpp:81]  [T-Work-Recog_1] Run work: WorkCapture
I1014 10:56:50.003433  4507 thread_intergrate.hpp:78] [T-Intergrate-intergrate] queue: frame output frame :35
I1014 10:56:50.003473  4507 thread_intergrate.hpp:85] [T-Intergrate-intergrate] queue: compare output face:0
I1014 10:56:50.003492  4507 thread_intergrate.hpp:137] T-Intergrate-intergrate set matched face: 0
I1014 10:56:50.004007  4506 work_thread.hpp:81]  [T-Work-Recog_1] Run work: WorkRecog
I1014 10:56:50.004032  4506 work_recog.hpp:89] Face id: 0 will run recog: bbox [174 x 225 from (310, 98)] quality: 0.396341
I1014 10:56:50.004061  4506 work_recog.hpp:96] Recog pair: [248 x 312 from (272, 48)], [174 x 225 from (38, 50)]
I1014 10:56:50.004848  4507 thread_intergrate.hpp:157] T-Intergrate-intergrate Show face :0, size :640 * 360
I1014 10:56:50.005425  4503 demo_inner.hpp:435] thread [SORT-0]  frame id 35 sorting queue size 1   FPS: 29.8246
I1014 10:56:50.021733  4506 work_thread.hpp:81]  [T-Work-Recog_1] Run work: WorkCompare
I1014 10:56:50.021832  4506 work_compare.cpp:76] Compare face: 0 successed, similarity :0.989931, name : images/thanglmb.jpg, normal size : 640 * 360!
I1014 10:56:50.026865  4502 demo_inner.hpp:260]  gui queue size 1, state = running
I1014 10:56:50.033608  4501 demo_inner.hpp:177] decode queue size 0
I1014 10:56:50.033707  4504 work_thread.hpp:81]  [T-Work-Detect_0] Run work: WorkDetect
I1014 10:56:50.033743  4504 work_detect.cpp:102] Succeeded to add det start for frame 36
I1014 10:56:50.040524  4504 work_detect.cpp:70] Frame :36 detect result :1 face(s)
I1014 10:56:50.040568  4504 work_detect.cpp:86] Detected bbox: [172 x 223 from (314, 99)]
I1014 10:56:50.040611  4504 work_detect.cpp:120] Succeeded to add det end for frame 36
I1014 10:56:50.040627  4504 work_thread.hpp:81]  [T-Work-Detect_0] Run work: WrokTrack
I1014 10:56:50.040652  4504 work_track.cpp:82] Frame: 36 build input_characts: [0.26875 x 0.619444 from (0.490625, 0.275)], 1.00019, 0
I1014 10:56:50.040709  4504 work_track.cpp:102] Succeeded to set track lock for frame 36
I1014 10:56:50.040751  4504 work_track.cpp:116] Succeeded to release track lock for frame 36
I1014 10:56:50.040766  4504 work_track.cpp:120] Track results of frame 36: 1 objects input, 1 objects tracked!
I1014 10:56:50.040783  4504 work_track.cpp:148] Frame: 36, track bbox: [172 x 223 from (312.97, 98.0684)], gid: 0, lid: 0
I1014 10:56:50.040819  4504 work_thread.hpp:88]  [T-Work-Detect_0] Frame :36 split
I1014 10:56:50.040838  4504 work_thread.hpp:120]  [T-Work-Detect_0] Valid piece: gid = 0
I1014 10:56:50.040856  4504 work_thread.hpp:92]  [T-Work-Detect_0] Push to split queue:recog
I1014 10:56:50.040904  4506 work_thread.hpp:81]  [T-Work-Recog_1] Run work: WorkCapture
I1014 10:56:50.040906  4507 thread_intergrate.hpp:78] [T-Intergrate-intergrate] queue: frame output frame :36
I1014 10:56:50.040946  4507 thread_intergrate.hpp:85] [T-Intergrate-intergrate] queue: compare output face:0
I1014 10:56:50.040966  4507 thread_intergrate.hpp:137] T-Intergrate-intergrate set matched face: 0
I1014 10:56:50.041474  4506 work_thread.hpp:81]  [T-Work-Recog_1] Run work: WorkRecog
I1014 10:56:50.041499  4506 work_recog.hpp:89] Face id: 0 will run recog: bbox [172 x 223 from (314, 99)] quality: 0.31818
I1014 10:56:50.041529  4506 work_recog.hpp:96] Recog pair: [240 x 312 from (280, 48)], [172 x 223 from (34, 51)]
I1014 10:56:50.042138  4507 thread_intergrate.hpp:157] T-Intergrate-intergrate Show face :0, size :640 * 360
I1014 10:56:50.042688  4503 demo_inner.hpp:435] thread [SORT-0]  frame id 36 sorting queue size 0   FPS: 29.7366
I1014 10:56:50.059118  4506 work_thread.hpp:81]  [T-Work-Recog_1] Run work: WorkCompare
I1014 10:56:50.059224  4506 work_compare.cpp:76] Compare face: 0 successed, similarity :0.987928, name : images/thanglmb.jpg, normal size : 640 * 360!
I1014 10:56:50.062105  4501 demo_inner.hpp:177] decode queue size 0
I1014 10:56:50.062196  4504 work_thread.hpp:81]  [T-Work-Detect_0] Run work: WorkDetect
I1014 10:56:50.062227  4504 work_detect.cpp:102] Succeeded to add det start for frame 37
I1014 10:56:50.069083  4504 work_detect.cpp:70] Frame :37 detect result :1 face(s)
I1014 10:56:50.069133  4504 work_detect.cpp:86] Detected bbox: [173 x 225 from (309, 98)]
I1014 10:56:50.069175  4504 work_detect.cpp:120] Succeeded to add det end for frame 37
I1014 10:56:50.069191  4504 work_thread.hpp:81]  [T-Work-Detect_0] Run work: WrokTrack
I1014 10:56:50.069216  4504 work_track.cpp:82] Frame: 37 build input_characts: [0.270312 x 0.625 from (0.482812, 0.272222)], 1.00035, 0
I1014 10:56:50.069272  4504 work_track.cpp:102] Succeeded to set track lock for frame 37
I1014 10:56:50.069331  4504 work_track.cpp:116] Succeeded to release track lock for frame 37
I1014 10:56:50.069422  4504 work_track.cpp:120] Track results of frame 37: 1 objects input, 1 objects tracked!
I1014 10:56:50.069443  4504 work_track.cpp:148] Frame: 37, track bbox: [173 x 225 from (311.209, 97.7005)], gid: 0, lid: 0
I1014 10:56:50.069480  4504 work_thread.hpp:88]  [T-Work-Detect_0] Frame :37 split
I1014 10:56:50.069499  4504 work_thread.hpp:120]  [T-Work-Detect_0] Valid piece: gid = 0
I1014 10:56:50.069516  4504 work_thread.hpp:92]  [T-Work-Detect_0] Push to split queue:recog
I1014 10:56:50.069566  4507 thread_intergrate.hpp:78] [T-Intergrate-intergrate] queue: frame output frame :37
I1014 10:56:50.069566  4505 work_thread.hpp:81]  [T-Work-Recog_0] Run work: WorkCapture
I1014 10:56:50.069597  4507 thread_intergrate.hpp:85] [T-Intergrate-intergrate] queue: compare output face:0
I1014 10:56:50.069617  4507 thread_intergrate.hpp:137] T-Intergrate-intergrate set matched face: 0
I1014 10:56:50.070263  4505 work_thread.hpp:81]  [T-Work-Recog_0] Run work: WorkRecog
I1014 10:56:50.070287  4505 work_recog.hpp:89] Face id: 0 will run recog: bbox [173 x 225 from (309, 98)] quality: 0.373621
I1014 10:56:50.070437  4505 work_recog.hpp:96] Recog pair: [248 x 312 from (272, 48)], [173 x 225 from (37, 50)]
I1014 10:56:50.070952  4507 thread_intergrate.hpp:157] T-Intergrate-intergrate Show face :0, size :640 * 360
I1014 10:56:50.071489  4503 demo_inner.hpp:435] thread [SORT-0]  frame id 37 sorting queue size 1   FPS: 29.8507
I1014 10:56:50.088461  4505 work_thread.hpp:81]  [T-Work-Recog_0] Run work: WorkCompare
I1014 10:56:50.088687  4505 work_compare.cpp:76] Compare face: 0 successed, similarity :0.991185, name : images/thanglmb.jpg, normal size : 640 * 360!
I1014 10:56:50.097901  4501 demo_inner.hpp:177] decode queue size 0
I1014 10:56:50.098003  4504 work_thread.hpp:81]  [T-Work-Detect_0] Run work: WorkDetect
I1014 10:56:50.098037  4504 work_detect.cpp:102] Succeeded to add det start for frame 38
I1014 10:56:50.104832  4504 work_detect.cpp:70] Frame :38 detect result :1 face(s)
I1014 10:56:50.104876  4504 work_detect.cpp:86] Detected bbox: [176 x 225 from (308, 97)]
I1014 10:56:50.104918  4504 work_detect.cpp:120] Succeeded to add det end for frame 38
I1014 10:56:50.104935  4504 work_thread.hpp:81]  [T-Work-Detect_0] Run work: WrokTrack
I1014 10:56:50.104959  4504 work_track.cpp:82] Frame: 38 build input_characts: [0.275 x 0.625 from (0.48125, 0.269444)], 1.00035, 0
I1014 10:56:50.105016  4504 work_track.cpp:102] Succeeded to set track lock for frame 38
I1014 10:56:50.105057  4504 work_track.cpp:116] Succeeded to release track lock for frame 38
I1014 10:56:50.105072  4504 work_track.cpp:120] Track results of frame 38: 1 objects input, 1 objects tracked!
I1014 10:56:50.105088  4504 work_track.cpp:148] Frame: 38, track bbox: [176 x 225 from (308.738, 97.6612)], gid: 0, lid: 0
I1014 10:56:50.105123  4504 work_thread.hpp:88]  [T-Work-Detect_0] Frame :38 split
I1014 10:56:50.105141  4504 work_thread.hpp:120]  [T-Work-Detect_0] Valid piece: gid = 0
I1014 10:56:50.105159  4504 work_thread.hpp:92]  [T-Work-Detect_0] Push to split queue:recog
I1014 10:56:50.105206  4507 thread_intergrate.hpp:78] [T-Intergrate-intergrate] queue: frame output frame :38
I1014 10:56:50.105206  4505 work_thread.hpp:81]  [T-Work-Recog_0] Run work: WorkCapture
I1014 10:56:50.105237  4507 thread_intergrate.hpp:85] [T-Intergrate-intergrate] queue: compare output face:0
I1014 10:56:50.105254  4507 thread_intergrate.hpp:137] T-Intergrate-intergrate set matched face: 0
I1014 10:56:50.105846  4505 work_thread.hpp:81]  [T-Work-Recog_0] Run work: WorkRecog
I1014 10:56:50.105872  4505 work_recog.hpp:89] Face id: 0 will run recog: bbox [176 x 225 from (308, 97)] quality: 0.41559
I1014 10:56:50.105913  4505 work_recog.hpp:96] Recog pair: [248 x 312 from (272, 48)], [176 x 225 from (36, 49)]
I1014 10:56:50.106597  4507 thread_intergrate.hpp:157] T-Intergrate-intergrate Show face :0, size :640 * 360
I1014 10:56:50.107125  4503 demo_inner.hpp:435] thread [SORT-0]  frame id 38 sorting queue size 2   FPS: 29.8147
I1014 10:56:50.124027  4505 work_thread.hpp:81]  [T-Work-Recog_0] Run work: WorkCompare
I1014 10:56:50.124218  4505 work_compare.cpp:76] Compare face: 0 successed, similarity :0.990862, name : images/thanglmb.jpg, normal size : 640 * 360!
I1014 10:56:50.127359  4502 demo_inner.hpp:260]  gui queue size 2, state = running
I1014 10:56:50.136065  4501 demo_inner.hpp:177] decode queue size 0
I1014 10:56:50.136205  4504 work_thread.hpp:81]  [T-Work-Detect_0] Run work: WorkDetect
I1014 10:56:50.136243  4504 work_detect.cpp:102] Succeeded to add det start for frame 39
I1014 10:56:50.143155  4504 work_detect.cpp:70] Frame :39 detect result :1 face(s)
I1014 10:56:50.143203  4504 work_detect.cpp:86] Detected bbox: [171 x 220 from (309, 96)]
I1014 10:56:50.143244  4504 work_detect.cpp:120] Succeeded to add det end for frame 39
I1014 10:56:50.143260  4504 work_thread.hpp:81]  [T-Work-Detect_0] Run work: WrokTrack
I1014 10:56:50.143285  4504 work_track.cpp:82] Frame: 39 build input_characts: [0.267188 x 0.611111 from (0.482812, 0.266667)], 1.00035, 0
I1014 10:56:50.143342  4504 work_track.cpp:102] Succeeded to set track lock for frame 39
I1014 10:56:50.143380  4504 work_track.cpp:116] Succeeded to release track lock for frame 39
I1014 10:56:50.143395  4504 work_track.cpp:120] Track results of frame 39: 1 objects input, 1 objects tracked!
