Log file created at: 2019/10/12 13:43:56
Running on machine: zcu104
Log line format: [IWEF]mmdd hh:mm:ss.uuuuuu threadid file:line] msg
I1012 13:43:56.486730  6814 demo_inner.hpp:126] thread [DedodeThread-0] is starting
I1012 13:43:56.487335  6814 demo_inner.hpp:126] thread [GUIThread] is starting
I1012 13:43:56.487406  6816 demo_inner.hpp:101] thread [DedodeThread-0] is started
I1012 13:43:56.487438  6814 demo_inner.hpp:126] thread [SORT-0] is starting
I1012 13:43:56.487493  6817 demo_inner.hpp:101] thread [GUIThread] is started
I1012 13:43:56.487514  6814 demo_inner.hpp:126] thread [T-Work-Detect_0] is starting
I1012 13:43:56.487571  6818 demo_inner.hpp:101] thread [SORT-0] is started
I1012 13:43:56.487577  6814 demo_inner.hpp:126] thread [T-Work-Recog_0] is starting
I1012 13:43:56.487620  6819 demo_inner.hpp:101] thread [T-Work-Detect_0] is started
I1012 13:43:56.487653  6814 demo_inner.hpp:126] thread [T-Work-Recog_1] is starting
I1012 13:43:56.487705  6820 demo_inner.hpp:101] thread [T-Work-Recog_0] is started
I1012 13:43:56.487725  6814 demo_inner.hpp:126] thread [T-Intergrate-intergrate] is starting
I1012 13:43:56.487746  6821 demo_inner.hpp:101] thread [T-Work-Recog_1] is started
I1012 13:43:56.487783  6814 demo_inner.hpp:137] waiting for [GUIThread] ended
I1012 13:43:56.487808  6822 demo_inner.hpp:101] thread [T-Intergrate-intergrate] is started
I1012 13:43:57.193971  6816 demo_inner.hpp:177] decode queue size 0
I1012 13:43:57.194133  6819 work_thread.hpp:81]  [T-Work-Detect_0] Run work: WorkDetect
I1012 13:43:57.194197  6819 work_detect.cpp:102] Succeeded to add det start for frame 1
I1012 13:43:57.201095  6819 work_detect.cpp:70] Frame :1 detect result :1 face(s)
W1012 13:43:57.201136  6819 work_detect.cpp:83] Invalid bbox: [124 x 155 from (326, 215)]
I1012 13:43:57.201452  6819 work_detect.cpp:120] Succeeded to add det end for frame 1
I1012 13:43:57.201470  6819 work_thread.hpp:81]  [T-Work-Detect_0] Run work: WrokTrack
I1012 13:43:57.201501  6819 work_track.cpp:102] Succeeded to set track lock for frame 1
I1012 13:43:57.201551  6819 work_track.cpp:116] Succeeded to release track lock for frame 1
I1012 13:43:57.201565  6819 work_track.cpp:120] Track results of frame 1: 0 objects input, 0 objects tracked!
I1012 13:43:57.201583  6819 work_thread.hpp:88]  [T-Work-Detect_0] Frame :1 split
I1012 13:43:57.201647  6822 thread_intergrate.hpp:78] [T-Intergrate-intergrate] queue: frame output frame :1
I1012 13:43:57.202764  6818 demo_inner.hpp:435] thread [SORT-0]  frame id 1 sorting queue size 0   FPS: -1
I1012 13:43:57.202873  6817 demo_inner.hpp:260]  gui queue size 0, state = running
I1012 13:43:57.241308  6816 demo_inner.hpp:177] decode queue size 0
I1012 13:43:57.241451  6819 work_thread.hpp:81]  [T-Work-Detect_0] Run work: WorkDetect
I1012 13:43:57.241488  6819 work_detect.cpp:102] Succeeded to add det start for frame 2
I1012 13:43:57.247963  6819 work_detect.cpp:70] Frame :2 detect result :1 face(s)
W1012 13:43:57.248015  6819 work_detect.cpp:83] Invalid bbox: [147 x 178 from (308, 201)]
I1012 13:43:57.248088  6819 work_detect.cpp:120] Succeeded to add det end for frame 2
I1012 13:43:57.248106  6819 work_thread.hpp:81]  [T-Work-Detect_0] Run work: WrokTrack
I1012 13:43:57.248133  6819 work_track.cpp:102] Succeeded to set track lock for frame 2
I1012 13:43:57.248159  6819 work_track.cpp:116] Succeeded to release track lock for frame 2
I1012 13:43:57.248173  6819 work_track.cpp:120] Track results of frame 2: 0 objects input, 0 objects tracked!
I1012 13:43:57.248191  6819 work_thread.hpp:88]  [T-Work-Detect_0] Frame :2 split
I1012 13:43:57.248239  6822 thread_intergrate.hpp:78] [T-Intergrate-intergrate] queue: frame output frame :2
I1012 13:43:57.249763  6818 demo_inner.hpp:435] thread [SORT-0]  frame id 2 sorting queue size 0   FPS: 21.7391
I1012 13:43:57.249847  6817 demo_inner.hpp:260]  gui queue size 0, state = running
I1012 13:43:57.295168  6816 demo_inner.hpp:177] decode queue size 0
I1012 13:43:57.295287  6819 work_thread.hpp:81]  [T-Work-Detect_0] Run work: WorkDetect
I1012 13:43:57.295325  6819 work_detect.cpp:102] Succeeded to add det start for frame 3
I1012 13:43:57.301805  6819 work_detect.cpp:70] Frame :3 detect result :1 face(s)
W1012 13:43:57.301833  6819 work_detect.cpp:83] Invalid bbox: [135 x 160 from (306, 214)]
I1012 13:43:57.301962  6819 work_detect.cpp:120] Succeeded to add det end for frame 3
I1012 13:43:57.301980  6819 work_thread.hpp:81]  [T-Work-Detect_0] Run work: WrokTrack
I1012 13:43:57.302006  6819 work_track.cpp:102] Succeeded to set track lock for frame 3
I1012 13:43:57.302031  6819 work_track.cpp:116] Succeeded to release track lock for frame 3
I1012 13:43:57.302045  6819 work_track.cpp:120] Track results of frame 3: 0 objects input, 0 objects tracked!
I1012 13:43:57.302063  6819 work_thread.hpp:88]  [T-Work-Detect_0] Frame :3 split
I1012 13:43:57.302107  6822 thread_intergrate.hpp:78] [T-Intergrate-intergrate] queue: frame output frame :3
I1012 13:43:57.303608  6818 demo_inner.hpp:435] thread [SORT-0]  frame id 3 sorting queue size 0   FPS: 20
I1012 13:43:57.303699  6817 demo_inner.hpp:260]  gui queue size 0, state = running
I1012 13:43:57.343209  6816 demo_inner.hpp:177] decode queue size 0
I1012 13:43:57.343314  6819 work_thread.hpp:81]  [T-Work-Detect_0] Run work: WorkDetect
I1012 13:43:57.343349  6819 work_detect.cpp:102] Succeeded to add det start for frame 4
I1012 13:43:57.349802  6819 work_detect.cpp:70] Frame :4 detect result :1 face(s)
W1012 13:43:57.349831  6819 work_detect.cpp:83] Invalid bbox: [144 x 169 from (307, 212)]
I1012 13:43:57.349905  6819 work_detect.cpp:120] Succeeded to add det end for frame 4
I1012 13:43:57.349921  6819 work_thread.hpp:81]  [T-Work-Detect_0] Run work: WrokTrack
I1012 13:43:57.349946  6819 work_track.cpp:102] Succeeded to set track lock for frame 4
I1012 13:43:57.349970  6819 work_track.cpp:116] Succeeded to release track lock for frame 4
I1012 13:43:57.349984  6819 work_track.cpp:120] Track results of frame 4: 0 objects input, 0 objects tracked!
I1012 13:43:57.350003  6819 work_thread.hpp:88]  [T-Work-Detect_0] Frame :4 split
I1012 13:43:57.350049  6822 thread_intergrate.hpp:78] [T-Intergrate-intergrate] queue: frame output frame :4
I1012 13:43:57.351547  6818 demo_inner.hpp:435] thread [SORT-0]  frame id 4 sorting queue size 0   FPS: 20.2703
I1012 13:43:57.351624  6817 demo_inner.hpp:260]  gui queue size 0, state = running
I1012 13:43:57.391342  6816 demo_inner.hpp:177] decode queue size 0
I1012 13:43:57.391448  6819 work_thread.hpp:81]  [T-Work-Detect_0] Run work: WorkDetect
I1012 13:43:57.391484  6819 work_detect.cpp:102] Succeeded to add det start for frame 5
I1012 13:43:57.397970  6819 work_detect.cpp:70] Frame :5 detect result :1 face(s)
W1012 13:43:57.398001  6819 work_detect.cpp:83] Invalid bbox: [136 x 165 from (312, 212)]
I1012 13:43:57.398074  6819 work_detect.cpp:120] Succeeded to add det end for frame 5
I1012 13:43:57.398092  6819 work_thread.hpp:81]  [T-Work-Detect_0] Run work: WrokTrack
I1012 13:43:57.398118  6819 work_track.cpp:102] Succeeded to set track lock for frame 5
I1012 13:43:57.398144  6819 work_track.cpp:116] Succeeded to release track lock for frame 5
I1012 13:43:57.398156  6819 work_track.cpp:120] Track results of frame 5: 0 objects input, 0 objects tracked!
I1012 13:43:57.398175  6819 work_thread.hpp:88]  [T-Work-Detect_0] Frame :5 split
I1012 13:43:57.398223  6822 thread_intergrate.hpp:78] [T-Intergrate-intergrate] queue: frame output frame :5
I1012 13:43:57.399716  6818 demo_inner.hpp:435] thread [SORT-0]  frame id 5 sorting queue size 0   FPS: 20.4082
I1012 13:43:57.399786  6817 demo_inner.hpp:260]  gui queue size 0, state = running
I1012 13:43:57.445283  6816 demo_inner.hpp:177] decode queue size 0
I1012 13:43:57.445397  6819 work_thread.hpp:81]  [T-Work-Detect_0] Run work: WorkDetect
I1012 13:43:57.445433  6819 work_detect.cpp:102] Succeeded to add det start for frame 6
I1012 13:43:57.451884  6819 work_detect.cpp:70] Frame :6 detect result :1 face(s)
W1012 13:43:57.451908  6819 work_detect.cpp:83] Invalid bbox: [131 x 156 from (309, 220)]
I1012 13:43:57.451980  6819 work_detect.cpp:120] Succeeded to add det end for frame 6
I1012 13:43:57.451997  6819 work_thread.hpp:81]  [T-Work-Detect_0] Run work: WrokTrack
I1012 13:43:57.452023  6819 work_track.cpp:102] Succeeded to set track lock for frame 6
I1012 13:43:57.452047  6819 work_track.cpp:116] Succeeded to release track lock for frame 6
I1012 13:43:57.452106  6819 work_track.cpp:120] Track results of frame 6: 0 objects input, 0 objects tracked!
I1012 13:43:57.452127  6819 work_thread.hpp:88]  [T-Work-Detect_0] Frame :6 split
I1012 13:43:57.452172  6822 thread_intergrate.hpp:78] [T-Intergrate-intergrate] queue: frame output frame :6
I1012 13:43:57.453678  6818 demo_inner.hpp:435] thread [SORT-0]  frame id 6 sorting queue size 0   FPS: 20
I1012 13:43:57.453764  6817 demo_inner.hpp:260]  gui queue size 0, state = running
I1012 13:43:57.493250  6816 demo_inner.hpp:177] decode queue size 0
I1012 13:43:57.493345  6819 work_thread.hpp:81]  [T-Work-Detect_0] Run work: WorkDetect
I1012 13:43:57.493383  6819 work_detect.cpp:102] Succeeded to add det start for frame 7
I1012 13:43:57.499887  6819 work_detect.cpp:70] Frame :7 detect result :1 face(s)
W1012 13:43:57.499922  6819 work_detect.cpp:83] Invalid bbox: [130 x 156 from (309, 220)]
I1012 13:43:57.499997  6819 work_detect.cpp:120] Succeeded to add det end for frame 7
I1012 13:43:57.500013  6819 work_thread.hpp:81]  [T-Work-Detect_0] Run work: WrokTrack
I1012 13:43:57.500038  6819 work_track.cpp:102] Succeeded to set track lock for frame 7
I1012 13:43:57.500066  6819 work_track.cpp:116] Succeeded to release track lock for frame 7
I1012 13:43:57.500078  6819 work_track.cpp:120] Track results of frame 7: 0 objects input, 0 objects tracked!
I1012 13:43:57.500097  6819 work_thread.hpp:88]  [T-Work-Detect_0] Frame :7 split
I1012 13:43:57.500145  6822 thread_intergrate.hpp:78] [T-Intergrate-intergrate] queue: frame output frame :7
I1012 13:43:57.501644  6818 demo_inner.hpp:435] thread [SORT-0]  frame id 7 sorting queue size 0   FPS: 20.1342
I1012 13:43:57.501734  6817 demo_inner.hpp:260]  gui queue size 0, state = running
I1012 13:43:57.553714  6816 demo_inner.hpp:177] decode queue size 0
I1012 13:43:57.553851  6819 work_thread.hpp:81]  [T-Work-Detect_0] Run work: WorkDetect
I1012 13:43:57.553890  6819 work_detect.cpp:102] Succeeded to add det start for frame 8
I1012 13:43:57.560446  6819 work_detect.cpp:70] Frame :8 detect result :1 face(s)
W1012 13:43:57.560479  6819 work_detect.cpp:83] Invalid bbox: [137 x 166 from (310, 215)]
I1012 13:43:57.560554  6819 work_detect.cpp:120] Succeeded to add det end for frame 8
I1012 13:43:57.560570  6819 work_thread.hpp:81]  [T-Work-Detect_0] Run work: WrokTrack
I1012 13:43:57.560596  6819 work_track.cpp:102] Succeeded to set track lock for frame 8
I1012 13:43:57.560623  6819 work_track.cpp:116] Succeeded to release track lock for frame 8
I1012 13:43:57.560636  6819 work_track.cpp:120] Track results of frame 8: 0 objects input, 0 objects tracked!
I1012 13:43:57.560655  6819 work_thread.hpp:88]  [T-Work-Detect_0] Frame :8 split
I1012 13:43:57.560704  6822 thread_intergrate.hpp:78] [T-Intergrate-intergrate] queue: frame output frame :8
I1012 13:43:57.562434  6818 demo_inner.hpp:435] thread [SORT-0]  frame id 8 sorting queue size 0   FPS: 19.4986
I1012 13:43:57.562505  6817 demo_inner.hpp:260]  gui queue size 0, state = running
I1012 13:43:57.613286  6816 demo_inner.hpp:177] decode queue size 0
I1012 13:43:57.613389  6819 work_thread.hpp:81]  [T-Work-Detect_0] Run work: WorkDetect
I1012 13:43:57.613427  6819 work_detect.cpp:102] Succeeded to add det start for frame 9
I1012 13:43:57.619899  6819 work_detect.cpp:70] Frame :9 detect result :1 face(s)
W1012 13:43:57.619936  6819 work_detect.cpp:83] Invalid bbox: [129 x 157 from (310, 219)]
I1012 13:43:57.620009  6819 work_detect.cpp:120] Succeeded to add det end for frame 9
I1012 13:43:57.620026  6819 work_thread.hpp:81]  [T-Work-Detect_0] Run work: WrokTrack
I1012 13:43:57.620052  6819 work_track.cpp:102] Succeeded to set track lock for frame 9
I1012 13:43:57.620079  6819 work_track.cpp:116] Succeeded to release track lock for frame 9
I1012 13:43:57.620092  6819 work_track.cpp:120] Track results of frame 9: 0 objects input, 0 objects tracked!
I1012 13:43:57.620110  6819 work_thread.hpp:88]  [T-Work-Detect_0] Frame :9 split
I1012 13:43:57.620158  6822 thread_intergrate.hpp:78] [T-Intergrate-intergrate] queue: frame output frame :9
I1012 13:43:57.621735  6818 demo_inner.hpp:435] thread [SORT-0]  frame id 9 sorting queue size 0   FPS: 19.1388
I1012 13:43:57.621801  6817 demo_inner.hpp:260]  gui queue size 0, state = running
I1012 13:43:57.673635  6816 demo_inner.hpp:177] decode queue size 0
I1012 13:43:57.673753  6819 work_thread.hpp:81]  [T-Work-Detect_0] Run work: WorkDetect
I1012 13:43:57.673792  6819 work_detect.cpp:102] Succeeded to add det start for frame 10
I1012 13:43:57.680351  6819 work_detect.cpp:70] Frame :10 detect result :1 face(s)
W1012 13:43:57.680392  6819 work_detect.cpp:83] Invalid bbox: [125 x 153 from (312, 220)]
I1012 13:43:57.680465  6819 work_detect.cpp:120] Succeeded to add det end for frame 10
I1012 13:43:57.680482  6819 work_thread.hpp:81]  [T-Work-Detect_0] Run work: WrokTrack
I1012 13:43:57.680508  6819 work_track.cpp:102] Succeeded to set track lock for frame 10
I1012 13:43:57.680536  6819 work_track.cpp:116] Succeeded to release track lock for frame 10
I1012 13:43:57.680549  6819 work_track.cpp:120] Track results of frame 10: 0 objects input, 0 objects tracked!
I1012 13:43:57.680567  6819 work_thread.hpp:88]  [T-Work-Detect_0] Frame :10 split
I1012 13:43:57.680616  6822 thread_intergrate.hpp:78] [T-Intergrate-intergrate] queue: frame output frame :10
I1012 13:43:57.682389  6818 demo_inner.hpp:435] thread [SORT-0]  frame id 10 sorting queue size 0   FPS: 18.8285
I1012 13:43:57.682457  6817 demo_inner.hpp:260]  gui queue size 0, state = running
I1012 13:43:57.733521  6816 demo_inner.hpp:177] decode queue size 0
I1012 13:43:57.733624  6819 work_thread.hpp:81]  [T-Work-Detect_0] Run work: WorkDetect
I1012 13:43:57.733662  6819 work_detect.cpp:102] Succeeded to add det start for frame 11
I1012 13:43:57.740160  6819 work_detect.cpp:70] Frame :11 detect result :1 face(s)
W1012 13:43:57.740200  6819 work_detect.cpp:83] Invalid bbox: [127 x 154 from (308, 217)]
I1012 13:43:57.740273  6819 work_detect.cpp:120] Succeeded to add det end for frame 11
I1012 13:43:57.740303  6819 work_thread.hpp:81]  [T-Work-Detect_0] Run work: WrokTrack
I1012 13:43:57.740330  6819 work_track.cpp:102] Succeeded to set track lock for frame 11
I1012 13:43:57.740357  6819 work_track.cpp:116] Succeeded to release track lock for frame 11
I1012 13:43:57.740370  6819 work_track.cpp:120] Track results of frame 11: 0 objects input, 0 objects tracked!
I1012 13:43:57.740388  6819 work_thread.hpp:88]  [T-Work-Detect_0] Frame :11 split
I1012 13:43:57.740437  6822 thread_intergrate.hpp:78] [T-Intergrate-intergrate] queue: frame output frame :11
I1012 13:43:57.742003  6818 demo_inner.hpp:435] thread [SORT-0]  frame id 11 sorting queue size 0   FPS: 18.5874
I1012 13:43:57.742071  6817 demo_inner.hpp:260]  gui queue size 0, state = running
I1012 13:43:57.793886  6816 demo_inner.hpp:177] decode queue size 0
I1012 13:43:57.794010  6819 work_thread.hpp:81]  [T-Work-Detect_0] Run work: WorkDetect
I1012 13:43:57.794049  6819 work_detect.cpp:102] Succeeded to add det start for frame 12
I1012 13:43:57.800546  6819 work_detect.cpp:70] Frame :12 detect result :1 face(s)
W1012 13:43:57.800586  6819 work_detect.cpp:83] Invalid bbox: [142 x 167 from (307, 214)]
I1012 13:43:57.800660  6819 work_detect.cpp:120] Succeeded to add det end for frame 12
I1012 13:43:57.800678  6819 work_thread.hpp:81]  [T-Work-Detect_0] Run work: WrokTrack
I1012 13:43:57.800704  6819 work_track.cpp:102] Succeeded to set track lock for frame 12
I1012 13:43:57.800731  6819 work_track.cpp:116] Succeeded to release track lock for frame 12
I1012 13:43:57.800745  6819 work_track.cpp:120] Track results of frame 12: 0 objects input, 0 objects tracked!
I1012 13:43:57.800763  6819 work_thread.hpp:88]  [T-Work-Detect_0] Frame :12 split
I1012 13:43:57.800813  6822 thread_intergrate.hpp:78] [T-Intergrate-intergrate] queue: frame output frame :12
I1012 13:43:57.802448  6818 demo_inner.hpp:435] thread [SORT-0]  frame id 12 sorting queue size 0   FPS: 18.3639
I1012 13:43:57.802525  6817 demo_inner.hpp:260]  gui queue size 0, state = running
I1012 13:43:57.883630  6816 demo_inner.hpp:177] decode queue size 0
I1012 13:43:57.883821  6819 work_thread.hpp:81]  [T-Work-Detect_0] Run work: WorkDetect
I1012 13:43:57.883860  6819 work_detect.cpp:102] Succeeded to add det start for frame 13
I1012 13:43:57.890355  6819 work_detect.cpp:70] Frame :13 detect result :1 face(s)
W1012 13:43:57.890394  6819 work_detect.cpp:83] Invalid bbox: [127 x 158 from (311, 217)]
I1012 13:43:57.890462  6819 work_detect.cpp:120] Succeeded to add det end for frame 13
I1012 13:43:57.890480  6819 work_thread.hpp:81]  [T-Work-Detect_0] Run work: WrokTrack
I1012 13:43:57.890506  6819 work_track.cpp:102] Succeeded to set track lock for frame 13
I1012 13:43:57.890532  6819 work_track.cpp:116] Succeeded to release track lock for frame 13
I1012 13:43:57.890545  6819 work_track.cpp:120] Track results of frame 13: 0 objects input, 0 objects tracked!
I1012 13:43:57.890563  6819 work_thread.hpp:88]  [T-Work-Detect_0] Frame :13 split
I1012 13:43:57.890611  6822 thread_intergrate.hpp:78] [T-Intergrate-intergrate] queue: frame output frame :13
I1012 13:43:57.892102  6818 demo_inner.hpp:435] thread [SORT-0]  frame id 13 sorting queue size 0   FPS: 17.4419
I1012 13:43:57.892168  6817 demo_inner.hpp:260]  gui queue size 0, state = running
I1012 13:43:57.973634  6816 demo_inner.hpp:177] decode queue size 0
I1012 13:43:57.973737  6819 work_thread.hpp:81]  [T-Work-Detect_0] Run work: WorkDetect
I1012 13:43:57.973775  6819 work_detect.cpp:102] Succeeded to add det start for frame 14
I1012 13:43:57.980295  6819 work_detect.cpp:70] Frame :14 detect result :1 face(s)
W1012 13:43:57.980336  6819 work_detect.cpp:83] Invalid bbox: [130 x 156 from (308, 214)]
I1012 13:43:57.980410  6819 work_detect.cpp:120] Succeeded to add det end for frame 14
I1012 13:43:57.980427  6819 work_thread.hpp:81]  [T-Work-Detect_0] Run work: WrokTrack
I1012 13:43:57.980454  6819 work_track.cpp:102] Succeeded to set track lock for frame 14
I1012 13:43:57.980480  6819 work_track.cpp:116] Succeeded to release track lock for frame 14
I1012 13:43:57.980494  6819 work_track.cpp:120] Track results of frame 14: 0 objects input, 0 objects tracked!
I1012 13:43:57.980512  6819 work_thread.hpp:88]  [T-Work-Detect_0] Frame :14 split
I1012 13:43:57.980562  6822 thread_intergrate.hpp:78] [T-Intergrate-intergrate] queue: frame output frame :14
I1012 13:43:57.982069  6818 demo_inner.hpp:435] thread [SORT-0]  frame id 14 sorting queue size 0   FPS: 16.7095
I1012 13:43:57.982141  6817 demo_inner.hpp:260]  gui queue size 0, state = running
I1012 13:43:58.082080  6816 demo_inner.hpp:177] decode queue size 0
I1012 13:43:58.082177  6819 work_thread.hpp:81]  [T-Work-Detect_0] Run work: WorkDetect
I1012 13:43:58.082216  6819 work_detect.cpp:102] Succeeded to add det start for frame 15
I1012 13:43:58.088865  6819 work_detect.cpp:70] Frame :15 detect result :1 face(s)
W1012 13:43:58.088901  6819 work_detect.cpp:83] Invalid bbox: [130 x 162 from (309, 212)]
I1012 13:43:58.088974  6819 work_detect.cpp:120] Succeeded to add det end for frame 15
I1012 13:43:58.088991  6819 work_thread.hpp:81]  [T-Work-Detect_0] Run work: WrokTrack
I1012 13:43:58.089018  6819 work_track.cpp:102] Succeeded to set track lock for frame 15
I1012 13:43:58.089045  6819 work_track.cpp:116] Succeeded to release track lock for frame 15
I1012 13:43:58.089058  6819 work_track.cpp:120] Track results of frame 15: 0 objects input, 0 objects tracked!
I1012 13:43:58.089076  6819 work_thread.hpp:88]  [T-Work-Detect_0] Frame :15 split
I1012 13:43:58.089129  6822 thread_intergrate.hpp:78] [T-Intergrate-intergrate] queue: frame output frame :15
I1012 13:43:58.090674  6818 demo_inner.hpp:435] thread [SORT-0]  frame id 15 sorting queue size 0   FPS: 15.7835
I1012 13:43:58.090739  6817 demo_inner.hpp:260]  gui queue size 0, state = running
I1012 13:43:58.195821  6816 demo_inner.hpp:177] decode queue size 0
I1012 13:43:58.195924  6819 work_thread.hpp:81]  [T-Work-Detect_0] Run work: WorkDetect
I1012 13:43:58.195961  6819 work_detect.cpp:102] Succeeded to add det start for frame 16
I1012 13:43:58.202517  6819 work_detect.cpp:70] Frame :16 detect result :1 face(s)
W1012 13:43:58.202637  6819 work_detect.cpp:83] Invalid bbox: [129 x 161 from (309, 212)]
I1012 13:43:58.202684  6819 work_detect.cpp:120] Succeeded to add det end for frame 16
I1012 13:43:58.202702  6819 work_thread.hpp:81]  [T-Work-Detect_0] Run work: WrokTrack
I1012 13:43:58.202728  6819 work_track.cpp:102] Succeeded to set track lock for frame 16
I1012 13:43:58.202754  6819 work_track.cpp:116] Succeeded to release track lock for frame 16
I1012 13:43:58.202767  6819 work_track.cpp:120] Track results of frame 16: 0 objects input, 0 objects tracked!
I1012 13:43:58.202785  6819 work_thread.hpp:88]  [T-Work-Detect_0] Frame :16 split
I1012 13:43:58.202831  6822 thread_intergrate.hpp:78] [T-Intergrate-intergrate] queue: frame output frame :16
I1012 13:43:58.204363  6818 demo_inner.hpp:435] thread [SORT-0]  frame id 16 sorting queue size 0   FPS: 14.985
I1012 13:43:58.204433  6817 demo_inner.hpp:260]  gui queue size 0, state = running
I1012 13:43:58.303877  6816 demo_inner.hpp:177] decode queue size 0
I1012 13:43:58.303972  6819 work_thread.hpp:81]  [T-Work-Detect_0] Run work: WorkDetect
I1012 13:43:58.304011  6819 work_detect.cpp:102] Succeeded to add det start for frame 17
I1012 13:43:58.310580  6819 work_detect.cpp:70] Frame :17 detect result :1 face(s)
W1012 13:43:58.310618  6819 work_detect.cpp:83] Invalid bbox: [128 x 166 from (310, 210)]
I1012 13:43:58.310693  6819 work_detect.cpp:120] Succeeded to add det end for frame 17
I1012 13:43:58.310710  6819 work_thread.hpp:81]  [T-Work-Detect_0] Run work: WrokTrack
I1012 13:43:58.310736  6819 work_track.cpp:102] Succeeded to set track lock for frame 17
I1012 13:43:58.310762  6819 work_track.cpp:116] Succeeded to release track lock for frame 17
I1012 13:43:58.310776  6819 work_track.cpp:120] Track results of frame 17: 0 objects input, 0 objects tracked!
I1012 13:43:58.310794  6819 work_thread.hpp:88]  [T-Work-Detect_0] Frame :17 split
I1012 13:43:58.310842  6822 thread_intergrate.hpp:78] [T-Intergrate-intergrate] queue: frame output frame :17
I1012 13:43:58.312206  6818 demo_inner.hpp:435] thread [SORT-0]  frame id 17 sorting queue size 0   FPS: 14.4274
I1012 13:43:58.312336  6817 demo_inner.hpp:260]  gui queue size 0, state = running
I1012 13:43:58.435863  6816 demo_inner.hpp:177] decode queue size 0
I1012 13:43:58.435956  6819 work_thread.hpp:81]  [T-Work-Detect_0] Run work: WorkDetect
I1012 13:43:58.435992  6819 work_detect.cpp:102] Succeeded to add det start for frame 18
I1012 13:43:58.442559  6819 work_detect.cpp:70] Frame :18 detect result :1 face(s)
W1012 13:43:58.442595  6819 work_detect.cpp:83] Invalid bbox: [128 x 166 from (310, 210)]
I1012 13:43:58.442672  6819 work_detect.cpp:120] Succeeded to add det end for frame 18
I1012 13:43:58.442689  6819 work_thread.hpp:81]  [T-Work-Detect_0] Run work: WrokTrack
I1012 13:43:58.442744  6819 work_track.cpp:102] Succeeded to set track lock for frame 18
I1012 13:43:58.442770  6819 work_track.cpp:116] Succeeded to release track lock for frame 18
I1012 13:43:58.442785  6819 work_track.cpp:120] Track results of frame 18: 0 objects input, 0 objects tracked!
I1012 13:43:58.442802  6819 work_thread.hpp:88]  [T-Work-Detect_0] Frame :18 split
I1012 13:43:58.442845  6822 thread_intergrate.hpp:78] [T-Intergrate-intergrate] queue: frame output frame :18
I1012 13:43:58.444440  6818 demo_inner.hpp:435] thread [SORT-0]  frame id 18 sorting queue size 0   FPS: 13.6986
I1012 13:43:58.444510  6817 demo_inner.hpp:260]  gui queue size 0, state = running
I1012 13:43:58.561964  6816 demo_inner.hpp:177] decode queue size 0
I1012 13:43:58.562068  6819 work_thread.hpp:81]  [T-Work-Detect_0] Run work: WorkDetect
I1012 13:43:58.562108  6819 work_detect.cpp:102] Succeeded to add det start for frame 19
I1012 13:43:58.568696  6819 work_detect.cpp:70] Frame :19 detect result :1 face(s)
W1012 13:43:58.568734  6819 work_detect.cpp:83] Invalid bbox: [140 x 164 from (309, 214)]
I1012 13:43:58.568806  6819 work_detect.cpp:120] Succeeded to add det end for frame 19
I1012 13:43:58.568822  6819 work_thread.hpp:81]  [T-Work-Detect_0] Run work: WrokTrack
I1012 13:43:58.568894  6819 work_track.cpp:102] Succeeded to set track lock for frame 19
I1012 13:43:58.568922  6819 work_track.cpp:116] Succeeded to release track lock for frame 19
I1012 13:43:58.568938  6819 work_track.cpp:120] Track results of frame 19: 0 objects input, 0 objects tracked!
I1012 13:43:58.568955  6819 work_thread.hpp:88]  [T-Work-Detect_0] Frame :19 split
I1012 13:43:58.568998  6822 thread_intergrate.hpp:78] [T-Intergrate-intergrate] queue: frame output frame :19
I1012 13:43:58.570461  6818 demo_inner.hpp:435] thread [SORT-0]  frame id 19 sorting queue size 0   FPS: 13.1675
I1012 13:43:58.570525  6817 demo_inner.hpp:260]  gui queue size 0, state = running
I1012 13:43:58.693876  6816 demo_inner.hpp:177] decode queue size 0
I1012 13:43:58.693980  6819 work_thread.hpp:81]  [T-Work-Detect_0] Run work: WorkDetect
I1012 13:43:58.694018  6819 work_detect.cpp:102] Succeeded to add det start for frame 20
I1012 13:43:58.700479  6819 work_detect.cpp:70] Frame :20 detect result :1 face(s)
W1012 13:43:58.700511  6819 work_detect.cpp:83] Invalid bbox: [128 x 165 from (310, 212)]
I1012 13:43:58.700583  6819 work_detect.cpp:120] Succeeded to add det end for frame 20
I1012 13:43:58.700601  6819 work_thread.hpp:81]  [T-Work-Detect_0] Run work: WrokTrack
I1012 13:43:58.700628  6819 work_track.cpp:102] Succeeded to set track lock for frame 20
I1012 13:43:58.700654  6819 work_track.cpp:116] Succeeded to release track lock for frame 20
I1012 13:43:58.700667  6819 work_track.cpp:120] Track results of frame 20: 0 objects input, 0 objects tracked!
I1012 13:43:58.700685  6819 work_thread.hpp:88]  [T-Work-Detect_0] Frame :20 split
I1012 13:43:58.700736  6822 thread_intergrate.hpp:78] [T-Intergrate-intergrate] queue: frame output frame :20
I1012 13:43:58.702141  6818 demo_inner.hpp:435] thread [SORT-0]  frame id 20 sorting queue size 0   FPS: 12.6751
I1012 13:43:58.702263  6817 demo_inner.hpp:260]  gui queue size 0, state = running
I1012 13:43:58.832095  6816 demo_inner.hpp:177] decode queue size 0
I1012 13:43:58.832191  6819 work_thread.hpp:81]  [T-Work-Detect_0] Run work: WorkDetect
I1012 13:43:58.832229  6819 work_detect.cpp:102] Succeeded to add det start for frame 21
I1012 13:43:58.838820  6819 work_detect.cpp:70] Frame :21 detect result :2 face(s)
W1012 13:43:58.838855  6819 work_detect.cpp:83] Invalid bbox: [139 x 168 from (309, 210)]
I1012 13:43:58.838919  6819 work_detect.cpp:86] Detected bbox: [62 x 106 from (5, 123)]
I1012 13:43:58.838958  6819 work_detect.cpp:120] Succeeded to add det end for frame 21
I1012 13:43:58.838975  6819 work_thread.hpp:81]  [T-Work-Detect_0] Run work: WrokTrack
I1012 13:43:58.838999  6819 work_track.cpp:82] Frame: 21 build input_characts: [0.096875 x 0.294444 from (0.0078125, 0.341667)], 0.938558, 0
I1012 13:43:58.839057  6819 work_track.cpp:102] Succeeded to set track lock for frame 21
I1012 13:43:58.839148  6819 work_track.cpp:116] Succeeded to release track lock for frame 21
I1012 13:43:58.839162  6819 work_track.cpp:120] Track results of frame 21: 1 objects input, 0 objects tracked!
I1012 13:43:58.839179  6819 work_track.cpp:162] Frame: 21 lid: 1 not tracked, will set invalid
I1012 13:43:58.839195  6819 work_thread.hpp:88]  [T-Work-Detect_0] Frame :21 split
I1012 13:43:58.839211  6819 work_thread.hpp:124]  [T-Work-Detect_0] Invalid piece: lid = 1, drop it
I1012 13:43:58.839257  6822 thread_intergrate.hpp:78] [T-Intergrate-intergrate] queue: frame output frame :21
I1012 13:43:58.840610  6818 demo_inner.hpp:435] thread [SORT-0]  frame id 21 sorting queue size 0   FPS: 12.2175
I1012 13:43:58.840672  6817 demo_inner.hpp:260]  gui queue size 0, state = running
I1012 13:43:58.975839  6816 demo_inner.hpp:177] decode queue size 0
I1012 13:43:58.975934  6819 work_thread.hpp:81]  [T-Work-Detect_0] Run work: WorkDetect
I1012 13:43:58.975971  6819 work_detect.cpp:102] Succeeded to add det start for frame 22
I1012 13:43:58.982525  6819 work_detect.cpp:70] Frame :22 detect result :1 face(s)
W1012 13:43:58.982560  6819 work_detect.cpp:83] Invalid bbox: [129 x 162 from (309, 212)]
I1012 13:43:58.982637  6819 work_detect.cpp:120] Succeeded to add det end for frame 22
I1012 13:43:58.982702  6819 work_thread.hpp:81]  [T-Work-Detect_0] Run work: WrokTrack
I1012 13:43:58.982731  6819 work_track.cpp:102] Succeeded to set track lock for frame 22
I1012 13:43:58.982789  6819 work_track.cpp:116] Succeeded to release track lock for frame 22
I1012 13:43:58.982805  6819 work_track.cpp:120] Track results of frame 22: 0 objects input, 0 objects tracked!
I1012 13:43:58.982822  6819 work_thread.hpp:88]  [T-Work-Detect_0] Frame :22 split
I1012 13:43:58.982869  6822 thread_intergrate.hpp:78] [T-Intergrate-intergrate] queue: frame output frame :22
I1012 13:43:58.984339  6818 demo_inner.hpp:435] thread [SORT-0]  frame id 22 sorting queue size 0   FPS: 11.7911
I1012 13:43:58.984405  6817 demo_inner.hpp:260]  gui queue size 0, state = running
I1012 13:43:59.113883  6816 demo_inner.hpp:177] decode queue size 0
I1012 13:43:59.113976  6819 work_thread.hpp:81]  [T-Work-Detect_0] Run work: WorkDetect
I1012 13:43:59.114014  6819 work_detect.cpp:102] Succeeded to add det start for frame 23
I1012 13:43:59.120541  6819 work_detect.cpp:70] Frame :23 detect result :2 face(s)
W1012 13:43:59.120571  6819 work_detect.cpp:83] Invalid bbox: [127 x 162 from (310, 212)]
I1012 13:43:59.120635  6819 work_detect.cpp:86] Detected bbox: [58 x 104 from (2, 119)]
I1012 13:43:59.120674  6819 work_detect.cpp:120] Succeeded to add det end for frame 23
I1012 13:43:59.120690  6819 work_thread.hpp:81]  [T-Work-Detect_0] Run work: WrokTrack
I1012 13:43:59.120712  6819 work_track.cpp:82] Frame: 23 build input_characts: [0.090625 x 0.288889 from (0.003125, 0.330556)], 0.92342, 0
I1012 13:43:59.120769  6819 work_track.cpp:102] Succeeded to set track lock for frame 23
I1012 13:43:59.120831  6819 work_track.cpp:116] Succeeded to release track lock for frame 23
I1012 13:43:59.120846  6819 work_track.cpp:120] Track results of frame 23: 1 objects input, 0 objects tracked!
I1012 13:43:59.120863  6819 work_track.cpp:162] Frame: 23 lid: 1 not tracked, will set invalid
I1012 13:43:59.120878  6819 work_thread.hpp:88]  [T-Work-Detect_0] Frame :23 split
I1012 13:43:59.120895  6819 work_thread.hpp:124]  [T-Work-Detect_0] Invalid piece: lid = 1, drop it
I1012 13:43:59.120937  6822 thread_intergrate.hpp:78] [T-Intergrate-intergrate] queue: frame output frame :23
I1012 13:43:59.122377  6818 demo_inner.hpp:435] thread [SORT-0]  frame id 23 sorting queue size 0   FPS: 11.4643
I1012 13:43:59.122442  6817 demo_inner.hpp:260]  gui queue size 0, state = running
I1012 13:43:59.251900  6816 demo_inner.hpp:177] decode queue size 0
I1012 13:43:59.251999  6819 work_thread.hpp:81]  [T-Work-Detect_0] Run work: WorkDetect
I1012 13:43:59.252036  6819 work_detect.cpp:102] Succeeded to add det start for frame 24
I1012 13:43:59.258611  6819 work_detect.cpp:70] Frame :24 detect result :1 face(s)
W1012 13:43:59.258651  6819 work_detect.cpp:83] Invalid bbox: [131 x 163 from (307, 210)]
I1012 13:43:59.258723  6819 work_detect.cpp:120] Succeeded to add det end for frame 24
I1012 13:43:59.258740  6819 work_thread.hpp:81]  [T-Work-Detect_0] Run work: WrokTrack
I1012 13:43:59.258769  6819 work_track.cpp:102] Succeeded to set track lock for frame 24
I1012 13:43:59.258798  6819 work_track.cpp:116] Succeeded to release track lock for frame 24
I1012 13:43:59.258812  6819 work_track.cpp:120] Track results of frame 24: 0 objects input, 0 objects tracked!
I1012 13:43:59.258831  6819 work_thread.hpp:88]  [T-Work-Detect_0] Frame :24 split
I1012 13:43:59.258878  6822 thread_intergrate.hpp:78] [T-Intergrate-intergrate] queue: frame output frame :24
I1012 13:43:59.260366  6818 demo_inner.hpp:435] thread [SORT-0]  frame id 24 sorting queue size 0   FPS: 11.1813
I1012 13:43:59.260438  6817 demo_inner.hpp:260]  gui queue size 0, state = running
I1012 13:43:59.395771  6816 demo_inner.hpp:177] decode queue size 0
I1012 13:43:59.395895  6819 work_thread.hpp:81]  [T-Work-Detect_0] Run work: WorkDetect
I1012 13:43:59.395931  6819 work_detect.cpp:102] Succeeded to add det start for frame 25
I1012 13:43:59.402411  6819 work_detect.cpp:70] Frame :25 detect result :1 face(s)
W1012 13:43:59.402519  6819 work_detect.cpp:83] Invalid bbox: [130 x 164 from (307, 211)]
I1012 13:43:59.402567  6819 work_detect.cpp:120] Succeeded to add det end for frame 25
I1012 13:43:59.402583  6819 work_thread.hpp:81]  [T-Work-Detect_0] Run work: WrokTrack
I1012 13:43:59.402608  6819 work_track.cpp:102] Succeeded to set track lock for frame 25
I1012 13:43:59.402657  6819 work_track.cpp:116] Succeeded to release track lock for frame 25
I1012 13:43:59.402673  6819 work_track.cpp:120] Track results of frame 25: 0 objects input, 0 objects tracked!
I1012 13:43:59.402690  6819 work_thread.hpp:88]  [T-Work-Detect_0] Frame :25 split
I1012 13:43:59.402729  6822 thread_intergrate.hpp:78] [T-Intergrate-intergrate] queue: frame output frame :25
I1012 13:43:59.404256  6818 demo_inner.hpp:435] thread [SORT-0]  frame id 25 sorting queue size 0   FPS: 10.6778
I1012 13:43:59.404332  6817 demo_inner.hpp:260]  gui queue size 0, state = running
I1012 13:43:59.533833  6816 demo_inner.hpp:177] decode queue size 0
I1012 13:43:59.533924  6819 work_thread.hpp:81]  [T-Work-Detect_0] Run work: WorkDetect
I1012 13:43:59.533957  6819 work_detect.cpp:102] Succeeded to add det start for frame 26
I1012 13:43:59.540529  6819 work_detect.cpp:70] Frame :26 detect result :1 face(s)
W1012 13:43:59.540567  6819 work_detect.cpp:83] Invalid bbox: [129 x 159 from (308, 212)]
I1012 13:43:59.540640  6819 work_detect.cpp:120] Succeeded to add det end for frame 26
I1012 13:43:59.540657  6819 work_thread.hpp:81]  [T-Work-Detect_0] Run work: WrokTrack
I1012 13:43:59.540683  6819 work_track.cpp:102] Succeeded to set track lock for frame 26
I1012 13:43:59.540709  6819 work_track.cpp:116] Succeeded to release track lock for frame 26
I1012 13:43:59.540724  6819 work_track.cpp:120] Track results of frame 26: 0 objects input, 0 objects tracked!
I1012 13:43:59.540741  6819 work_thread.hpp:88]  [T-Work-Detect_0] Frame :26 split
I1012 13:43:59.540781  6822 thread_intergrate.hpp:78] [T-Intergrate-intergrate] queue: frame output frame :26
I1012 13:43:59.542255  6818 demo_inner.hpp:435] thread [SORT-0]  frame id 26 sorting queue size 0   FPS: 10.277
I1012 13:43:59.542320  6817 demo_inner.hpp:260]  gui queue size 0, state = running
I1012 13:43:59.671799  6816 demo_inner.hpp:177] decode queue size 0
I1012 13:43:59.671890  6819 work_thread.hpp:81]  [T-Work-Detect_0] Run work: WorkDetect
I1012 13:43:59.671922  6819 work_detect.cpp:102] Succeeded to add det start for frame 27
I1012 13:43:59.678465  6819 work_detect.cpp:70] Frame :27 detect result :1 face(s)
W1012 13:43:59.678498  6819 work_detect.cpp:83] Invalid bbox: [131 x 166 from (307, 209)]
I1012 13:43:59.678570  6819 work_detect.cpp:120] Succeeded to add det end for frame 27
I1012 13:43:59.678586  6819 work_thread.hpp:81]  [T-Work-Detect_0] Run work: WrokTrack
I1012 13:43:59.678611  6819 work_track.cpp:102] Succeeded to set track lock for frame 27
I1012 13:43:59.678637  6819 work_track.cpp:116] Succeeded to release track lock for frame 27
I1012 13:43:59.678649  6819 work_track.cpp:120] Track results of frame 27: 0 objects input, 0 objects tracked!
I1012 13:43:59.678668  6819 work_thread.hpp:88]  [T-Work-Detect_0] Frame :27 split
I1012 13:43:59.678707  6822 thread_intergrate.hpp:78] [T-Intergrate-intergrate] queue: frame output frame :27
I1012 13:43:59.680243  6818 demo_inner.hpp:435] thread [SORT-0]  frame id 27 sorting queue size 0   FPS: 9.87973
I1012 13:43:59.680325  6817 demo_inner.hpp:260]  gui queue size 0, state = running
I1012 13:43:59.815688  6816 demo_inner.hpp:177] decode queue size 0
I1012 13:43:59.815781  6819 work_thread.hpp:81]  [T-Work-Detect_0] Run work: WorkDetect
I1012 13:43:59.815814  6819 work_detect.cpp:102] Succeeded to add det start for frame 28
I1012 13:43:59.822325  6819 work_detect.cpp:70] Frame :28 detect result :1 face(s)
W1012 13:43:59.822360  6819 work_detect.cpp:83] Invalid bbox: [133 x 165 from (306, 210)]
I1012 13:43:59.822432  6819 work_detect.cpp:120] Succeeded to add det end for frame 28
I1012 13:43:59.822448  6819 work_thread.hpp:81]  [T-Work-Detect_0] Run work: WrokTrack
I1012 13:43:59.822522  6819 work_track.cpp:102] Succeeded to set track lock for frame 28
I1012 13:43:59.822549  6819 work_track.cpp:116] Succeeded to release track lock for frame 28
I1012 13:43:59.822563  6819 work_track.cpp:120] Track results of frame 28: 0 objects input, 0 objects tracked!
I1012 13:43:59.822582  6819 work_thread.hpp:88]  [T-Work-Detect_0] Frame :28 split
I1012 13:43:59.822619  6822 thread_intergrate.hpp:78] [T-Intergrate-intergrate] queue: frame output frame :28
I1012 13:43:59.824151  6818 demo_inner.hpp:435] thread [SORT-0]  frame id 28 sorting queue size 0   FPS: 9.48845
I1012 13:43:59.824221  6817 demo_inner.hpp:260]  gui queue size 0, state = running
I1012 13:43:59.953699  6816 demo_inner.hpp:177] decode queue size 0
I1012 13:43:59.953788  6819 work_thread.hpp:81]  [T-Work-Detect_0] Run work: WorkDetect
I1012 13:43:59.953822  6819 work_detect.cpp:102] Succeeded to add det start for frame 29
I1012 13:43:59.960311  6819 work_detect.cpp:70] Frame :29 detect result :1 face(s)
W1012 13:43:59.960345  6819 work_detect.cpp:83] Invalid bbox: [128 x 159 from (307, 212)]
I1012 13:43:59.960417  6819 work_detect.cpp:120] Succeeded to add det end for frame 29
I1012 13:43:59.960433  6819 work_thread.hpp:81]  [T-Work-Detect_0] Run work: WrokTrack
I1012 13:43:59.960458  6819 work_track.cpp:102] Succeeded to set track lock for frame 29
I1012 13:43:59.960484  6819 work_track.cpp:116] Succeeded to release track lock for frame 29
I1012 13:43:59.960496  6819 work_track.cpp:120] Track results of frame 29: 0 objects input, 0 objects tracked!
I1012 13:43:59.960515  6819 work_thread.hpp:88]  [T-Work-Detect_0] Frame :29 split
I1012 13:43:59.960556  6822 thread_intergrate.hpp:78] [T-Intergrate-intergrate] queue: frame output frame :29
I1012 13:43:59.962002  6818 demo_inner.hpp:435] thread [SORT-0]  frame id 29 sorting queue size 0   FPS: 9.17065
I1012 13:43:59.962067  6817 demo_inner.hpp:260]  gui queue size 0, state = running
I1012 13:44:00.091773  6816 demo_inner.hpp:177] decode queue size 0
I1012 13:44:00.091863  6819 work_thread.hpp:81]  [T-Work-Detect_0] Run work: WorkDetect
I1012 13:44:00.091897  6819 work_detect.cpp:102] Succeeded to add det start for frame 30
I1012 13:44:00.098471  6819 work_detect.cpp:70] Frame :30 detect result :2 face(s)
W1012 13:44:00.098510  6819 work_detect.cpp:83] Invalid bbox: [131 x 163 from (306, 207)]
I1012 13:44:00.098572  6819 work_detect.cpp:86] Detected bbox: [60 x 108 from (2, 118)]
I1012 13:44:00.098613  6819 work_detect.cpp:120] Succeeded to add det end for frame 30
I1012 13:44:00.098628  6819 work_thread.hpp:81]  [T-Work-Detect_0] Run work: WrokTrack
I1012 13:44:00.098652  6819 work_track.cpp:82] Frame: 30 build input_characts: [0.09375 x 0.3 from (0.003125, 0.327778)], 0.95411, 0
I1012 13:44:00.098708  6819 work_track.cpp:102] Succeeded to set track lock for frame 30
I1012 13:44:00.098742  6819 work_track.cpp:116] Succeeded to release track lock for frame 30
I1012 13:44:00.098757  6819 work_track.cpp:120] Track results of frame 30: 1 objects input, 0 objects tracked!
I1012 13:44:00.098773  6819 work_track.cpp:162] Frame: 30 lid: 1 not tracked, will set invalid
I1012 13:44:00.098788  6819 work_thread.hpp:88]  [T-Work-Detect_0] Frame :30 split
I1012 13:44:00.098805  6819 work_thread.hpp:124]  [T-Work-Detect_0] Invalid piece: lid = 1, drop it
I1012 13:44:00.098842  6822 thread_intergrate.hpp:78] [T-Intergrate-intergrate] queue: frame output frame :30
I1012 13:44:00.100409  6818 demo_inner.hpp:435] thread [SORT-0]  frame id 30 sorting queue size 0   FPS: 8.85296
I1012 13:44:00.100474  6817 demo_inner.hpp:260]  gui queue size 0, state = running
I1012 13:44:00.235630  6816 demo_inner.hpp:177] decode queue size 0
I1012 13:44:00.235719  6819 work_thread.hpp:81]  [T-Work-Detect_0] Run work: WorkDetect
I1012 13:44:00.235752  6819 work_detect.cpp:102] Succeeded to add det start for frame 31
I1012 13:44:00.242286  6819 work_detect.cpp:70] Frame :31 detect result :1 face(s)
W1012 13:44:00.242321  6819 work_detect.cpp:83] Invalid bbox: [128 x 161 from (308, 212)]
I1012 13:44:00.242391  6819 work_detect.cpp:120] Succeeded to add det end for frame 31
I1012 13:44:00.242461  6819 work_thread.hpp:81]  [T-Work-Detect_0] Run work: WrokTrack
I1012 13:44:00.242491  6819 work_track.cpp:102] Succeeded to set track lock for frame 31
I1012 13:44:00.242521  6819 work_track.cpp:116] Succeeded to release track lock for frame 31
I1012 13:44:00.242534  6819 work_track.cpp:120] Track results of frame 31: 0 objects input, 0 objects tracked!
I1012 13:44:00.242552  6819 work_thread.hpp:88]  [T-Work-Detect_0] Frame :31 split
I1012 13:44:00.242592  6822 thread_intergrate.hpp:78] [T-Intergrate-intergrate] queue: frame output frame :31
I1012 13:44:00.244194  6818 demo_inner.hpp:435] thread [SORT-0]  frame id 31 sorting queue size 0   FPS: 8.57889
I1012 13:44:00.244258  6817 demo_inner.hpp:260]  gui queue size 0, state = running
I1012 13:44:00.373647  6816 demo_inner.hpp:177] decode queue size 0
I1012 13:44:00.373740  6819 work_thread.hpp:81]  [T-Work-Detect_0] Run work: WorkDetect
I1012 13:44:00.373772  6819 work_detect.cpp:102] Succeeded to add det start for frame 32
I1012 13:44:00.380228  6819 work_detect.cpp:70] Frame :32 detect result :2 face(s)
W1012 13:44:00.380264  6819 work_detect.cpp:83] Invalid bbox: [128 x 162 from (306, 212)]
I1012 13:44:00.380336  6819 work_detect.cpp:86] Detected bbox: [58 x 102 from (2, 123)]
I1012 13:44:00.380378  6819 work_detect.cpp:120] Succeeded to add det end for frame 32
I1012 13:44:00.380394  6819 work_thread.hpp:81]  [T-Work-Detect_0] Run work: WrokTrack
I1012 13:44:00.380417  6819 work_track.cpp:82] Frame: 32 build input_characts: [0.090625 x 0.283333 from (0.003125, 0.341667)], 0.908423, 0
I1012 13:44:00.380475  6819 work_track.cpp:102] Succeeded to set track lock for frame 32
I1012 13:44:00.380514  6819 work_track.cpp:116] Succeeded to release track lock for frame 32
I1012 13:44:00.380528  6819 work_track.cpp:120] Track results of frame 32: 1 objects input, 0 objects tracked!
I1012 13:44:00.380545  6819 work_track.cpp:162] Frame: 32 lid: 1 not tracked, will set invalid
I1012 13:44:00.380561  6819 work_thread.hpp:88]  [T-Work-Detect_0] Frame :32 split
I1012 13:44:00.380578  6819 work_thread.hpp:124]  [T-Work-Detect_0] Invalid piece: lid = 1, drop it
I1012 13:44:00.380618  6822 thread_intergrate.hpp:78] [T-Intergrate-intergrate] queue: frame output frame :32
I1012 13:44:00.382113  6818 demo_inner.hpp:435] thread [SORT-0]  frame id 32 sorting queue size 0   FPS: 8.33333
I1012 13:44:00.382181  6817 demo_inner.hpp:260]  gui queue size 0, state = running
I1012 13:44:00.511690  6816 demo_inner.hpp:177] decode queue size 0
I1012 13:44:00.511776  6819 work_thread.hpp:81]  [T-Work-Detect_0] Run work: WorkDetect
I1012 13:44:00.511807  6819 work_detect.cpp:102] Succeeded to add det start for frame 33
I1012 13:44:00.518353  6819 work_detect.cpp:70] Frame :33 detect result :1 face(s)
W1012 13:44:00.518388  6819 work_detect.cpp:83] Invalid bbox: [130 x 160 from (307, 212)]
I1012 13:44:00.518461  6819 work_detect.cpp:120] Succeeded to add det end for frame 33
I1012 13:44:00.518477  6819 work_thread.hpp:81]  [T-Work-Detect_0] Run work: WrokTrack
I1012 13:44:00.518502  6819 work_track.cpp:102] Succeeded to set track lock for frame 33
I1012 13:44:00.518532  6819 work_track.cpp:116] Succeeded to release track lock for frame 33
I1012 13:44:00.518546  6819 work_track.cpp:120] Track results of frame 33: 0 objects input, 0 objects tracked!
I1012 13:44:00.518564  6819 work_thread.hpp:88]  [T-Work-Detect_0] Frame :33 split
I1012 13:44:00.518604  6822 thread_intergrate.hpp:78] [T-Intergrate-intergrate] queue: frame output frame :33
I1012 13:44:00.520087  6818 demo_inner.hpp:435] thread [SORT-0]  frame id 33 sorting queue size 0   FPS: 8.10716
I1012 13:44:00.520149  6817 demo_inner.hpp:260]  gui queue size 0, state = running
I1012 13:44:00.655635  6816 demo_inner.hpp:177] decode queue size 0
I1012 13:44:00.655732  6819 work_thread.hpp:81]  [T-Work-Detect_0] Run work: WorkDetect
I1012 13:44:00.655769  6819 work_detect.cpp:102] Succeeded to add det start for frame 34
I1012 13:44:00.662307  6819 work_detect.cpp:70] Frame :34 detect result :1 face(s)
W1012 13:44:00.662415  6819 work_detect.cpp:83] Invalid bbox: [129 x 163 from (305, 212)]
I1012 13:44:00.662461  6819 work_detect.cpp:120] Succeeded to add det end for frame 34
I1012 13:44:00.662478  6819 work_thread.hpp:81]  [T-Work-Detect_0] Run work: WrokTrack
I1012 13:44:00.662505  6819 work_track.cpp:102] Succeeded to set track lock for frame 34
I1012 13:44:00.662539  6819 work_track.cpp:116] Succeeded to release track lock for frame 34
I1012 13:44:00.662554  6819 work_track.cpp:120] Track results of frame 34: 0 objects input, 0 objects tracked!
I1012 13:44:00.662571  6819 work_thread.hpp:88]  [T-Work-Detect_0] Frame :34 split
I1012 13:44:00.662611  6822 thread_intergrate.hpp:78] [T-Intergrate-intergrate] queue: frame output frame :34
I1012 13:44:00.664052  6818 demo_inner.hpp:435] thread [SORT-0]  frame id 34 sorting queue size 0   FPS: 7.87132
I1012 13:44:00.664122  6817 demo_inner.hpp:260]  gui queue size 0, state = running
I1012 13:44:00.793624  6816 demo_inner.hpp:177] decode queue size 0
I1012 13:44:00.793714  6819 work_thread.hpp:81]  [T-Work-Detect_0] Run work: WorkDetect
I1012 13:44:00.793748  6819 work_detect.cpp:102] Succeeded to add det start for frame 35
I1012 13:44:00.800405  6819 work_detect.cpp:70] Frame :35 detect result :1 face(s)
W1012 13:44:00.800439  6819 work_detect.cpp:83] Invalid bbox: [129 x 162 from (307, 211)]
I1012 13:44:00.800523  6819 work_detect.cpp:120] Succeeded to add det end for frame 35
I1012 13:44:00.800540  6819 work_thread.hpp:81]  [T-Work-Detect_0] Run work: WrokTrack
I1012 13:44:00.800566  6819 work_track.cpp:102] Succeeded to set track lock for frame 35
I1012 13:44:00.800595  6819 work_track.cpp:116] Succeeded to release track lock for frame 35
I1012 13:44:00.800608  6819 work_track.cpp:120] Track results of frame 35: 0 objects input, 0 objects tracked!
I1012 13:44:00.800626  6819 work_thread.hpp:88]  [T-Work-Detect_0] Frame :35 split
I1012 13:44:00.800668  6822 thread_intergrate.hpp:78] [T-Intergrate-intergrate] queue: frame output frame :35
I1012 13:44:00.802183  6818 demo_inner.hpp:435] thread [SORT-0]  frame id 35 sorting queue size 0   FPS: 7.66922
I1012 13:44:00.802247  6817 demo_inner.hpp:260]  gui queue size 0, state = running
I1012 13:44:00.931635  6816 demo_inner.hpp:177] decode queue size 0
I1012 13:44:00.931727  6819 work_thread.hpp:81]  [T-Work-Detect_0] Run work: WorkDetect
I1012 13:44:00.931759  6819 work_detect.cpp:102] Succeeded to add det start for frame 36
I1012 13:44:00.938313  6819 work_detect.cpp:70] Frame :36 detect result :1 face(s)
W1012 13:44:00.938345  6819 work_detect.cpp:83] Invalid bbox: [130 x 160 from (306, 212)]
I1012 13:44:00.938427  6819 work_detect.cpp:120] Succeeded to add det end for frame 36
I1012 13:44:00.938446  6819 work_thread.hpp:81]  [T-Work-Detect_0] Run work: WrokTrack
I1012 13:44:00.938472  6819 work_track.cpp:102] Succeeded to set track lock for frame 36
I1012 13:44:00.938498  6819 work_track.cpp:116] Succeeded to release track lock for frame 36
I1012 13:44:00.938513  6819 work_track.cpp:120] Track results of frame 36: 0 objects input, 0 objects tracked!
I1012 13:44:00.938530  6819 work_thread.hpp:88]  [T-Work-Detect_0] Frame :36 split
I1012 13:44:00.938570  6822 thread_intergrate.hpp:78] [T-Intergrate-intergrate] queue: frame output frame :36
I1012 13:44:00.940068  6818 demo_inner.hpp:435] thread [SORT-0]  frame id 36 sorting queue size 0   FPS: 7.54841
I1012 13:44:00.940138  6817 demo_inner.hpp:260]  gui queue size 0, state = running
I1012 13:44:01.075532  6816 demo_inner.hpp:177] decode queue size 0
I1012 13:44:01.075630  6819 work_thread.hpp:81]  [T-Work-Detect_0] Run work: WorkDetect
I1012 13:44:01.075667  6819 work_detect.cpp:102] Succeeded to add det start for frame 37
I1012 13:44:01.082190  6819 work_detect.cpp:70] Frame :37 detect result :1 face(s)
W1012 13:44:01.082222  6819 work_detect.cpp:83] Invalid bbox: [130 x 157 from (306, 214)]
I1012 13:44:01.082295  6819 work_detect.cpp:120] Succeeded to add det end for frame 37
I1012 13:44:01.082312  6819 work_thread.hpp:81]  [T-Work-Detect_0] Run work: WrokTrack
I1012 13:44:01.082396  6819 work_track.cpp:102] Succeeded to set track lock for frame 37
I1012 13:44:01.082424  6819 work_track.cpp:116] Succeeded to release track lock for frame 37
I1012 13:44:01.082438  6819 work_track.cpp:120] Track results of frame 37: 0 objects input, 0 objects tracked!
I1012 13:44:01.082458  6819 work_thread.hpp:88]  [T-Work-Detect_0] Frame :37 split
I1012 13:44:01.082495  6822 thread_intergrate.hpp:78] [T-Intergrate-intergrate] queue: frame output frame :37
