I1014 10:44:43.631119  4197 work_track.cpp:116] Succeeded to release track lock for frame 153
I1014 10:44:43.631132  4197 work_track.cpp:120] Track results of frame 153: 1 objects input, 1 objects tracked!
I1014 10:44:43.631150  4197 work_track.cpp:148] Frame: 153, track bbox: [31 x 52 from (407.887, 195.625)], gid: 1, lid: 0
I1014 10:44:43.631186  4197 work_thread.hpp:88]  [T-Work-Detect_0] Frame :153 split
I1014 10:44:43.631204  4197 work_thread.hpp:120]  [T-Work-Detect_0] Valid piece: gid = 1
I1014 10:44:43.631222  4197 work_thread.hpp:92]  [T-Work-Detect_0] Push to split queue:recog
I1014 10:44:43.631268  4198 work_thread.hpp:81]  [T-Work-Recog_0] Run work: WorkCapture
I1014 10:44:43.631742  4198 work_thread.hpp:81]  [T-Work-Recog_0] Run work: WorkRecog
W1014 10:44:43.631763  4198 work_recog.hpp:118] Face id: 1 has low quality : 0.033252, no need to recog
I1014 10:44:43.631804  4198 work_thread.hpp:81]  [T-Work-Recog_0] Run work: WorkCompare
I1014 10:44:43.635390  4200 thread_intergrate.hpp:94] T-Intergrate-intergrate Try push queue sorting again 5 vs 5
I1014 10:44:43.641312  4197 work_thread.hpp:103]  [T-Work-Detect_0] Try to push queue frame again 8 vs 8
I1014 10:44:43.645473  4200 thread_intergrate.hpp:94] T-Intergrate-intergrate Try push queue sorting again 5 vs 5
I1014 10:44:43.651401  4197 work_thread.hpp:103]  [T-Work-Detect_0] Try to push queue frame again 8 vs 8
I1014 10:44:43.655556  4200 thread_intergrate.hpp:94] T-Intergrate-intergrate Try push queue sorting again 5 vs 5
I1014 10:44:43.660117  4194 demo_inner.hpp:177] decode queue size 0
I1014 10:44:43.661507  4197 work_thread.hpp:103]  [T-Work-Detect_0] Try to push queue frame again 8 vs 8
I1014 10:44:43.665642  4200 thread_intergrate.hpp:94] T-Intergrate-intergrate Try push queue sorting again 5 vs 5
I1014 10:44:43.671595  4197 work_thread.hpp:103]  [T-Work-Detect_0] Try to push queue frame again 8 vs 8
I1014 10:44:43.675724  4200 thread_intergrate.hpp:94] T-Intergrate-intergrate Try push queue sorting again 5 vs 5
I1014 10:44:43.681680  4197 work_thread.hpp:103]  [T-Work-Detect_0] Try to push queue frame again 8 vs 8
I1014 10:44:43.685804  4200 thread_intergrate.hpp:94] T-Intergrate-intergrate Try push queue sorting again 5 vs 5
I1014 10:44:43.690151  4194 demo_inner.hpp:177] decode queue size 1
I1014 10:44:43.691777  4197 work_thread.hpp:103]  [T-Work-Detect_0] Try to push queue frame again 8 vs 8
I1014 10:44:43.695962  4200 thread_intergrate.hpp:94] T-Intergrate-intergrate Try push queue sorting again 5 vs 5
I1014 10:44:43.701864  4197 work_thread.hpp:103]  [T-Work-Detect_0] Try to push queue frame again 8 vs 8
I1014 10:44:43.706046  4200 thread_intergrate.hpp:94] T-Intergrate-intergrate Try push queue sorting again 5 vs 5
I1014 10:44:43.711946  4197 work_thread.hpp:103]  [T-Work-Detect_0] Try to push queue frame again 8 vs 8
I1014 10:44:43.716125  4200 thread_intergrate.hpp:94] T-Intergrate-intergrate Try push queue sorting again 5 vs 5
I1014 10:44:43.722033  4197 work_thread.hpp:103]  [T-Work-Detect_0] Try to push queue frame again 8 vs 8
I1014 10:44:43.725679  4194 demo_inner.hpp:177] decode queue size 1
I1014 10:44:43.726212  4200 thread_intergrate.hpp:94] T-Intergrate-intergrate Try push queue sorting again 5 vs 5
I1014 10:44:43.732125  4197 work_thread.hpp:103]  [T-Work-Detect_0] Try to push queue frame again 8 vs 8
I1014 10:44:43.736297  4200 thread_intergrate.hpp:94] T-Intergrate-intergrate Try push queue sorting again 5 vs 5
I1014 10:44:43.742206  4197 work_thread.hpp:103]  [T-Work-Detect_0] Try to push queue frame again 8 vs 8
I1014 10:44:43.746377  4200 thread_intergrate.hpp:94] T-Intergrate-intergrate Try push queue sorting again 5 vs 5
I1014 10:44:43.752295  4197 work_thread.hpp:103]  [T-Work-Detect_0] Try to push queue frame again 8 vs 8
I1014 10:44:43.753886  4195 demo_inner.hpp:260]  gui queue size 10, state = running
I1014 10:44:43.754241  4196 demo_inner.hpp:435] thread [SORT-0]  frame id 139 sorting queue size 0   FPS: 23.2913
I1014 10:44:43.754585  4196 demo_inner.hpp:435] thread [SORT-0]  frame id 140 sorting queue size 1   FPS: 23.5521
I1014 10:44:43.754953  4196 demo_inner.hpp:435] thread [SORT-0]  frame id 141 sorting queue size 2   FPS: 23.8841
I1014 10:44:43.755314  4196 demo_inner.hpp:435] thread [SORT-0]  frame id 142 sorting queue size 3   FPS: 24.168
I1014 10:44:43.755652  4196 demo_inner.hpp:435] thread [SORT-0]  frame id 143 sorting queue size 4   FPS: 24.5177
I1014 10:44:43.755945  4194 demo_inner.hpp:177] decode queue size 1
I1014 10:44:43.756064  4196 demo_inner.hpp:435] thread [SORT-0]  frame id 144 sorting queue size 5   FPS: 24.7967
I1014 10:44:43.756134  4200 thread_intergrate.hpp:78] [T-Intergrate-intergrate] queue: frame output frame :145
I1014 10:44:43.756227  4197 work_thread.hpp:81]  [T-Work-Detect_0] Run work: WorkDetect
I1014 10:44:43.756258  4197 work_detect.cpp:102] Succeeded to add det start for frame 154
I1014 10:44:43.758074  4195 demo_inner.hpp:260]  gui queue size 5, state = running
I1014 10:44:43.758908  4200 thread_intergrate.hpp:154] T-Intergrate-intergrate Show face :0, size :640 * 360
I1014 10:44:43.759436  4196 demo_inner.hpp:435] thread [SORT-0]  frame id 145 sorting queue size 0   FPS: 25.1132
I1014 10:44:43.759539  4200 thread_intergrate.hpp:78] [T-Intergrate-intergrate] queue: frame output frame :146
I1014 10:44:43.760696  4200 thread_intergrate.hpp:154] T-Intergrate-intergrate Show face :0, size :640 * 360
I1014 10:44:43.761343  4196 demo_inner.hpp:435] thread [SORT-0]  frame id 146 sorting queue size 1   FPS: 25.4804
I1014 10:44:43.761443  4200 thread_intergrate.hpp:78] [T-Intergrate-intergrate] queue: frame output frame :147
I1014 10:44:43.762372  4195 demo_inner.hpp:260]  gui queue size 1, state = running
I1014 10:44:43.762781  4200 thread_intergrate.hpp:154] T-Intergrate-intergrate Show face :0, size :640 * 360
I1014 10:44:43.762969  4200 thread_intergrate.hpp:78] [T-Intergrate-intergrate] queue: frame output frame :148
I1014 10:44:43.763325  4196 demo_inner.hpp:435] thread [SORT-0]  frame id 147 sorting queue size 0   FPS: 25.7928
I1014 10:44:43.763517  4197 work_detect.cpp:70] Frame :154 detect result :2 face(s)
W1014 10:44:43.763537  4197 work_detect.cpp:83] Invalid bbox: [131 x 142 from (94, 227)]
I1014 10:44:43.763661  4197 work_detect.cpp:86] Detected bbox: [31 x 50 from (408, 198)]
I1014 10:44:43.763707  4197 work_detect.cpp:120] Succeeded to add det end for frame 154
I1014 10:44:43.763725  4197 work_thread.hpp:81]  [T-Work-Detect_0] Run work: WrokTrack
I1014 10:44:43.763746  4197 work_track.cpp:82] Frame: 154 build input_characts: [0.0484375 x 0.138889 from (0.6375, 0.55)], 0.951921, 0
I1014 10:44:43.763792  4197 work_track.cpp:102] Succeeded to set track lock for frame 154
I1014 10:44:43.763833  4197 work_track.cpp:116] Succeeded to release track lock for frame 154
I1014 10:44:43.763849  4197 work_track.cpp:120] Track results of frame 154: 1 objects input, 1 objects tracked!
I1014 10:44:43.763866  4197 work_track.cpp:148] Frame: 154, track bbox: [31 x 50 from (407.904, 197.152)], gid: 1, lid: 0
I1014 10:44:43.763901  4197 work_thread.hpp:88]  [T-Work-Detect_0] Frame :154 split
I1014 10:44:43.763921  4197 work_thread.hpp:120]  [T-Work-Detect_0] Valid piece: gid = 1
I1014 10:44:43.763938  4197 work_thread.hpp:92]  [T-Work-Detect_0] Push to split queue:recog
I1014 10:44:43.764001  4199 work_thread.hpp:81]  [T-Work-Recog_1] Run work: WorkCapture
I1014 10:44:43.764087  4200 thread_intergrate.hpp:154] T-Intergrate-intergrate Show face :0, size :640 * 360
I1014 10:44:43.764253  4200 thread_intergrate.hpp:78] [T-Intergrate-intergrate] queue: frame output frame :149
I1014 10:44:43.764565  4199 work_thread.hpp:81]  [T-Work-Recog_1] Run work: WorkRecog
W1014 10:44:43.764590  4199 work_recog.hpp:118] Face id: 1 has low quality : 0.0735863, no need to recog
I1014 10:44:43.764632  4196 demo_inner.hpp:435] thread [SORT-0]  frame id 148 sorting queue size 1   FPS: 26.169
I1014 10:44:43.764645  4199 work_thread.hpp:81]  [T-Work-Recog_1] Run work: WorkCompare
I1014 10:44:43.765367  4200 thread_intergrate.hpp:154] T-Intergrate-intergrate Show face :0, size :640 * 360
I1014 10:44:43.765522  4200 thread_intergrate.hpp:78] [T-Intergrate-intergrate] queue: frame output frame :150
I1014 10:44:43.765902  4196 demo_inner.hpp:435] thread [SORT-0]  frame id 149 sorting queue size 2   FPS: 26.4987
I1014 10:44:43.766669  4200 thread_intergrate.hpp:154] T-Intergrate-intergrate Show face :0, size :640 * 360
I1014 10:44:43.766774  4195 demo_inner.hpp:260]  gui queue size 2, state = running
I1014 10:44:43.766835  4200 thread_intergrate.hpp:78] [T-Intergrate-intergrate] queue: frame output frame :151
I1014 10:44:43.767246  4196 demo_inner.hpp:435] thread [SORT-0]  frame id 150 sorting queue size 0   FPS: 26.9197
I1014 10:44:43.767969  4200 thread_intergrate.hpp:154] T-Intergrate-intergrate Show face :0, size :640 * 360
I1014 10:44:43.768131  4200 thread_intergrate.hpp:78] [T-Intergrate-intergrate] queue: frame output frame :152
I1014 10:44:43.768436  4196 demo_inner.hpp:435] thread [SORT-0]  frame id 151 sorting queue size 1   FPS: 27.2443
I1014 10:44:43.769256  4200 thread_intergrate.hpp:154] T-Intergrate-intergrate Show face :0, size :640 * 360
I1014 10:44:43.769420  4200 thread_intergrate.hpp:78] [T-Intergrate-intergrate] queue: frame output frame :153
I1014 10:44:43.769784  4196 demo_inner.hpp:435] thread [SORT-0]  frame id 152 sorting queue size 2   FPS: 27.6644
I1014 10:44:43.770503  4195 demo_inner.hpp:260]  gui queue size 2, state = running
I1014 10:44:43.770552  4200 thread_intergrate.hpp:154] T-Intergrate-intergrate Show face :0, size :640 * 360
I1014 10:44:43.770726  4200 thread_intergrate.hpp:78] [T-Intergrate-intergrate] queue: frame output frame :154
I1014 10:44:43.771093  4196 demo_inner.hpp:435] thread [SORT-0]  frame id 153 sorting queue size 0   FPS: 28.0977
I1014 10:44:43.771855  4200 thread_intergrate.hpp:154] T-Intergrate-intergrate Show face :0, size :640 * 360
I1014 10:44:43.772418  4196 demo_inner.hpp:435] thread [SORT-0]  frame id 154 sorting queue size 1   FPS: 28.4781
I1014 10:44:43.774412  4195 demo_inner.hpp:260]  gui queue size 1, state = running
I1014 10:44:43.791847  4194 demo_inner.hpp:177] decode queue size 0
I1014 10:44:43.791961  4197 work_thread.hpp:81]  [T-Work-Detect_0] Run work: WorkDetect
I1014 10:44:43.792066  4197 work_detect.cpp:102] Succeeded to add det start for frame 155
I1014 10:44:43.798521  4197 work_detect.cpp:70] Frame :155 detect result :2 face(s)
W1014 10:44:43.798563  4197 work_detect.cpp:83] Invalid bbox: [131 x 149 from (91, 222)]
I1014 10:44:43.798619  4197 work_detect.cpp:86] Detected bbox: [31 x 52 from (407, 196)]
I1014 10:44:43.798661  4197 work_detect.cpp:120] Succeeded to add det end for frame 155
I1014 10:44:43.798677  4197 work_thread.hpp:81]  [T-Work-Detect_0] Run work: WrokTrack
I1014 10:44:43.798701  4197 work_track.cpp:82] Frame: 155 build input_characts: [0.0484375 x 0.144444 from (0.635938, 0.544444)], 0.977486, 0
I1014 10:44:43.798755  4197 work_track.cpp:102] Succeeded to set track lock for frame 155
I1014 10:44:43.798794  4197 work_track.cpp:116] Succeeded to release track lock for frame 155
I1014 10:44:43.798810  4197 work_track.cpp:120] Track results of frame 155: 1 objects input, 1 objects tracked!
I1014 10:44:43.798827  4197 work_track.cpp:148] Frame: 155, track bbox: [31 x 52 from (407.631, 196.576)], gid: 1, lid: 0
I1014 10:44:43.798862  4197 work_thread.hpp:88]  [T-Work-Detect_0] Frame :155 split
I1014 10:44:43.798880  4197 work_thread.hpp:120]  [T-Work-Detect_0] Valid piece: gid = 1
I1014 10:44:43.798898  4197 work_thread.hpp:92]  [T-Work-Detect_0] Push to split queue:recog
I1014 10:44:43.798939  4198 work_thread.hpp:81]  [T-Work-Recog_0] Run work: WorkCapture
I1014 10:44:43.798957  4200 thread_intergrate.hpp:78] [T-Intergrate-intergrate] queue: frame output frame :155
I1014 10:44:43.799412  4198 work_thread.hpp:81]  [T-Work-Recog_0] Run work: WorkRecog
W1014 10:44:43.799434  4198 work_recog.hpp:118] Face id: 1 has low quality : 0.0504785, no need to recog
I1014 10:44:43.799475  4198 work_thread.hpp:81]  [T-Work-Recog_0] Run work: WorkCompare
I1014 10:44:43.800071  4200 thread_intergrate.hpp:154] T-Intergrate-intergrate Show face :0, size :640 * 360
I1014 10:44:43.800639  4196 demo_inner.hpp:435] thread [SORT-0]  frame id 155 sorting queue size 0   FPS: 28.5848
I1014 10:44:43.804214  4195 demo_inner.hpp:260]  gui queue size 0, state = running
I1014 10:44:43.827975  4194 demo_inner.hpp:177] decode queue size 0
I1014 10:44:43.828088  4197 work_thread.hpp:81]  [T-Work-Detect_0] Run work: WorkDetect
I1014 10:44:43.828125  4197 work_detect.cpp:102] Succeeded to add det start for frame 156
I1014 10:44:43.834540  4197 work_detect.cpp:70] Frame :156 detect result :2 face(s)
I1014 10:44:43.834580  4197 work_detect.cpp:86] Detected bbox: [29 x 49 from (409, 196)]
W1014 10:44:43.834614  4197 work_detect.cpp:83] Invalid bbox: [122 x 146 from (92, 224)]
I1014 10:44:43.834955  4197 work_detect.cpp:120] Succeeded to add det end for frame 156
I1014 10:44:43.834975  4197 work_thread.hpp:81]  [T-Work-Detect_0] Run work: WrokTrack
I1014 10:44:43.835000  4197 work_track.cpp:82] Frame: 156 build input_characts: [0.0453125 x 0.136111 from (0.639063, 0.544444)], 0.962122, 0
I1014 10:44:43.835055  4197 work_track.cpp:102] Succeeded to set track lock for frame 156
I1014 10:44:43.835095  4197 work_track.cpp:116] Succeeded to release track lock for frame 156
I1014 10:44:43.835109  4197 work_track.cpp:120] Track results of frame 156: 1 objects input, 1 objects tracked!
I1014 10:44:43.835127  4197 work_track.cpp:148] Frame: 156, track bbox: [29 x 49 from (408.845, 197.327)], gid: 1, lid: 0
I1014 10:44:43.835162  4197 work_thread.hpp:88]  [T-Work-Detect_0] Frame :156 split
I1014 10:44:43.835180  4197 work_thread.hpp:120]  [T-Work-Detect_0] Valid piece: gid = 1
I1014 10:44:43.835198  4197 work_thread.hpp:92]  [T-Work-Detect_0] Push to split queue:recog
I1014 10:44:43.835238  4198 work_thread.hpp:81]  [T-Work-Recog_0] Run work: WorkCapture
I1014 10:44:43.835253  4200 thread_intergrate.hpp:78] [T-Intergrate-intergrate] queue: frame output frame :156
I1014 10:44:43.835727  4198 work_thread.hpp:81]  [T-Work-Recog_0] Run work: WorkRecog
W1014 10:44:43.835749  4198 work_recog.hpp:118] Face id: 1 has low quality : 0.0212813, no need to recog
I1014 10:44:43.835806  4198 work_thread.hpp:81]  [T-Work-Recog_0] Run work: WorkCompare
I1014 10:44:43.836369  4200 thread_intergrate.hpp:154] T-Intergrate-intergrate Show face :0, size :640 * 360
I1014 10:44:43.836915  4196 demo_inner.hpp:435] thread [SORT-0]  frame id 156 sorting queue size 0   FPS: 28.518
I1014 10:44:43.836978  4195 demo_inner.hpp:260]  gui queue size 0, state = running
I1014 10:44:43.858165  4194 demo_inner.hpp:177] decode queue size 0
I1014 10:44:43.858278  4197 work_thread.hpp:81]  [T-Work-Detect_0] Run work: WorkDetect
I1014 10:44:43.858311  4197 work_detect.cpp:102] Succeeded to add det start for frame 157
I1014 10:44:43.864749  4197 work_detect.cpp:70] Frame :157 detect result :2 face(s)
W1014 10:44:43.864790  4197 work_detect.cpp:83] Invalid bbox: [127 x 143 from (84, 224)]
I1014 10:44:43.864918  4197 work_detect.cpp:86] Detected bbox: [29 x 50 from (409, 196)]
I1014 10:44:43.864962  4197 work_detect.cpp:120] Succeeded to add det end for frame 157
I1014 10:44:43.864977  4197 work_thread.hpp:81]  [T-Work-Detect_0] Run work: WrokTrack
I1014 10:44:43.865000  4197 work_track.cpp:82] Frame: 157 build input_characts: [0.0453125 x 0.138889 from (0.639063, 0.544444)], 0.951921, 0
I1014 10:44:43.865057  4197 work_track.cpp:102] Succeeded to set track lock for frame 157
I1014 10:44:43.865097  4197 work_track.cpp:116] Succeeded to release track lock for frame 157
I1014 10:44:43.865111  4197 work_track.cpp:120] Track results of frame 157: 1 objects input, 1 objects tracked!
I1014 10:44:43.865129  4197 work_track.cpp:148] Frame: 157, track bbox: [29 x 50 from (408.9, 196.007)], gid: 1, lid: 0
I1014 10:44:43.865165  4197 work_thread.hpp:88]  [T-Work-Detect_0] Frame :157 split
I1014 10:44:43.865185  4197 work_thread.hpp:120]  [T-Work-Detect_0] Valid piece: gid = 1
I1014 10:44:43.865202  4197 work_thread.hpp:92]  [T-Work-Detect_0] Push to split queue:recog
I1014 10:44:43.865257  4199 work_thread.hpp:81]  [T-Work-Recog_1] Run work: WorkCapture
I1014 10:44:43.865269  4200 thread_intergrate.hpp:78] [T-Intergrate-intergrate] queue: frame output frame :157
I1014 10:44:43.865738  4199 work_thread.hpp:81]  [T-Work-Recog_1] Run work: WorkRecog
W1014 10:44:43.865761  4199 work_recog.hpp:118] Face id: 1 has low quality : 0.0298135, no need to recog
I1014 10:44:43.865818  4199 work_thread.hpp:81]  [T-Work-Recog_1] Run work: WorkCompare
I1014 10:44:43.866389  4200 thread_intergrate.hpp:154] T-Intergrate-intergrate Show face :0, size :640 * 360
I1014 10:44:43.866950  4196 demo_inner.hpp:435] thread [SORT-0]  frame id 157 sorting queue size 0   FPS: 28.5848
I1014 10:44:43.867010  4195 demo_inner.hpp:260]  gui queue size 0, state = running
I1014 10:44:43.893726  4194 demo_inner.hpp:177] decode queue size 0
I1014 10:44:43.893831  4197 work_thread.hpp:81]  [T-Work-Detect_0] Run work: WorkDetect
I1014 10:44:43.893865  4197 work_detect.cpp:102] Succeeded to add det start for frame 158
I1014 10:44:43.900393  4197 work_detect.cpp:70] Frame :158 detect result :2 face(s)
W1014 10:44:43.900437  4197 work_detect.cpp:83] Invalid bbox: [138 x 149 from (80, 218)]
I1014 10:44:43.900522  4197 work_detect.cpp:86] Detected bbox: [31 x 52 from (408, 196)]
I1014 10:44:43.900566  4197 work_detect.cpp:120] Succeeded to add det end for frame 158
I1014 10:44:43.900583  4197 work_thread.hpp:81]  [T-Work-Detect_0] Run work: WrokTrack
I1014 10:44:43.900605  4197 work_track.cpp:82] Frame: 158 build input_characts: [0.0484375 x 0.144444 from (0.6375, 0.544444)], 0.951921, 0
I1014 10:44:43.900660  4197 work_track.cpp:102] Succeeded to set track lock for frame 158
I1014 10:44:43.900699  4197 work_track.cpp:116] Succeeded to release track lock for frame 158
I1014 10:44:43.900714  4197 work_track.cpp:120] Track results of frame 158: 1 objects input, 1 objects tracked!
I1014 10:44:43.900732  4197 work_track.cpp:148] Frame: 158, track bbox: [31 x 52 from (407.693, 195.208)], gid: 1, lid: 0
I1014 10:44:43.900768  4197 work_thread.hpp:88]  [T-Work-Detect_0] Frame :158 split
I1014 10:44:43.900784  4197 work_thread.hpp:120]  [T-Work-Detect_0] Valid piece: gid = 1
I1014 10:44:43.900802  4197 work_thread.hpp:92]  [T-Work-Detect_0] Push to split queue:recog
I1014 10:44:43.900887  4199 work_thread.hpp:81]  [T-Work-Recog_1] Run work: WorkCapture
I1014 10:44:43.900898  4200 thread_intergrate.hpp:78] [T-Intergrate-intergrate] queue: frame output frame :158
I1014 10:44:43.901371  4199 work_thread.hpp:81]  [T-Work-Recog_1] Run work: WorkRecog
W1014 10:44:43.901394  4199 work_recog.hpp:118] Face id: 1 has low quality : 0.0504707, no need to recog
I1014 10:44:43.901468  4199 work_thread.hpp:81]  [T-Work-Recog_1] Run work: WorkCompare
I1014 10:44:43.902014  4200 thread_intergrate.hpp:154] T-Intergrate-intergrate Show face :0, size :640 * 360
I1014 10:44:43.902520  4196 demo_inner.hpp:435] thread [SORT-0]  frame id 158 sorting queue size 0   FPS: 28.5047
I1014 10:44:43.902580  4195 demo_inner.hpp:260]  gui queue size 0, state = running
I1014 10:44:43.923841  4194 demo_inner.hpp:177] decode queue size 0
I1014 10:44:43.923949  4197 work_thread.hpp:81]  [T-Work-Detect_0] Run work: WorkDetect
I1014 10:44:43.923985  4197 work_detect.cpp:102] Succeeded to add det start for frame 159
I1014 10:44:43.930357  4197 work_detect.cpp:70] Frame :159 detect result :2 face(s)
W1014 10:44:43.930393  4197 work_detect.cpp:83] Invalid bbox: [140 x 156 from (76, 212)]
I1014 10:44:43.930480  4197 work_detect.cpp:86] Detected bbox: [29 x 50 from (409, 196)]
I1014 10:44:43.930522  4197 work_detect.cpp:120] Succeeded to add det end for frame 159
I1014 10:44:43.930538  4197 work_thread.hpp:81]  [T-Work-Detect_0] Run work: WrokTrack
I1014 10:44:43.930560  4197 work_track.cpp:82] Frame: 159 build input_characts: [0.0453125 x 0.138889 from (0.639063, 0.544444)], 0.936627, 0
I1014 10:44:43.930616  4197 work_track.cpp:102] Succeeded to set track lock for frame 159
I1014 10:44:43.930657  4197 work_track.cpp:116] Succeeded to release track lock for frame 159
I1014 10:44:43.930671  4197 work_track.cpp:120] Track results of frame 159: 1 objects input, 1 objects tracked!
I1014 10:44:43.930689  4197 work_track.cpp:148] Frame: 159, track bbox: [29 x 50 from (409.053, 195.901)], gid: 1, lid: 0
I1014 10:44:43.930724  4197 work_thread.hpp:88]  [T-Work-Detect_0] Frame :159 split
I1014 10:44:43.930742  4197 work_thread.hpp:120]  [T-Work-Detect_0] Valid piece: gid = 1
I1014 10:44:43.930759  4197 work_thread.hpp:92]  [T-Work-Detect_0] Push to split queue:recog
I1014 10:44:43.930802  4199 work_thread.hpp:81]  [T-Work-Recog_1] Run work: WorkCapture
I1014 10:44:43.930816  4200 thread_intergrate.hpp:78] [T-Intergrate-intergrate] queue: frame output frame :159
I1014 10:44:43.931283  4199 work_thread.hpp:81]  [T-Work-Recog_1] Run work: WorkRecog
W1014 10:44:43.931306  4199 work_recog.hpp:118] Face id: 1 has low quality : 0.0238456, no need to recog
I1014 10:44:43.931360  4199 work_thread.hpp:81]  [T-Work-Recog_1] Run work: WorkCompare
I1014 10:44:43.931931  4200 thread_intergrate.hpp:154] T-Intergrate-intergrate Show face :0, size :640 * 360
I1014 10:44:43.932504  4196 demo_inner.hpp:435] thread [SORT-0]  frame id 159 sorting queue size 0   FPS: 28.5848
I1014 10:44:43.932566  4195 demo_inner.hpp:260]  gui queue size 0, state = running
I1014 10:44:43.959772  4194 demo_inner.hpp:177] decode queue size 0
I1014 10:44:43.959880  4197 work_thread.hpp:81]  [T-Work-Detect_0] Run work: WorkDetect
I1014 10:44:43.959915  4197 work_detect.cpp:102] Succeeded to add det start for frame 160
I1014 10:44:43.967022  4197 work_detect.cpp:70] Frame :160 detect result :2 face(s)
I1014 10:44:43.967077  4197 work_detect.cpp:86] Detected bbox: [109 x 136 from (105, 219)]
I1014 10:44:43.967111  4197 work_detect.cpp:86] Detected bbox: [32 x 52 from (408, 196)]
I1014 10:44:43.967144  4197 work_detect.cpp:120] Succeeded to add det end for frame 160
I1014 10:44:43.967160  4197 work_thread.hpp:81]  [T-Work-Detect_0] Run work: WrokTrack
I1014 10:44:43.967185  4197 work_track.cpp:82] Frame: 160 build input_characts: [0.170312 x 0.377778 from (0.164062, 0.608333)], 0.986762, 0
I1014 10:44:43.967238  4197 work_track.cpp:82] Frame: 160 build input_characts: [0.05 x 0.144444 from (0.6375, 0.544444)], 0.968742, 1
I1014 10:44:43.967274  4197 work_track.cpp:102] Succeeded to set track lock for frame 160
I1014 10:44:43.967391  4197 work_track.cpp:116] Succeeded to release track lock for frame 160
I1014 10:44:43.967406  4197 work_track.cpp:120] Track results of frame 160: 2 objects input, 1 objects tracked!
I1014 10:44:43.967425  4197 work_track.cpp:148] Frame: 160, track bbox: [32 x 52 from (407.945, 195.586)], gid: 1, lid: 1
I1014 10:44:43.967458  4197 work_track.cpp:162] Frame: 160 lid: 0 not tracked, will set invalid
I1014 10:44:43.967474  4197 work_thread.hpp:88]  [T-Work-Detect_0] Frame :160 split
I1014 10:44:43.967491  4197 work_thread.hpp:124]  [T-Work-Detect_0] Invalid piece: lid = 0, drop it
I1014 10:44:43.967506  4197 work_thread.hpp:120]  [T-Work-Detect_0] Valid piece: gid = 1
I1014 10:44:43.967523  4197 work_thread.hpp:92]  [T-Work-Detect_0] Push to split queue:recog
I1014 10:44:43.967567  4199 work_thread.hpp:81]  [T-Work-Recog_1] Run work: WorkCapture
I1014 10:44:43.967584  4200 thread_intergrate.hpp:78] [T-Intergrate-intergrate] queue: frame output frame :160
I1014 10:44:43.968086  4199 work_thread.hpp:81]  [T-Work-Recog_1] Run work: WorkRecog
W1014 10:44:43.968107  4199 work_recog.hpp:118] Face id: 1 has low quality : 0.0456205, no need to recog
I1014 10:44:43.968214  4199 work_thread.hpp:81]  [T-Work-Recog_1] Run work: WorkCompare
I1014 10:44:43.968700  4200 thread_intergrate.hpp:154] T-Intergrate-intergrate Show face :0, size :640 * 360
I1014 10:44:43.969204  4196 demo_inner.hpp:435] thread [SORT-0]  frame id 160 sorting queue size 0   FPS: 28.5714
I1014 10:44:43.969269  4195 demo_inner.hpp:260]  gui queue size 0, state = running
I1014 10:44:43.989876  4194 demo_inner.hpp:177] decode queue size 0
I1014 10:44:43.989972  4197 work_thread.hpp:81]  [T-Work-Detect_0] Run work: WorkDetect
I1014 10:44:43.990007  4197 work_detect.cpp:102] Succeeded to add det start for frame 161
I1014 10:44:43.996520  4197 work_detect.cpp:70] Frame :161 detect result :2 face(s)
W1014 10:44:43.996564  4197 work_detect.cpp:83] Invalid bbox: [123 x 153 from (97, 212)]
I1014 10:44:43.996651  4197 work_detect.cpp:86] Detected bbox: [30 x 52 from (408, 196)]
I1014 10:44:43.996698  4197 work_detect.cpp:120] Succeeded to add det end for frame 161
I1014 10:44:43.996714  4197 work_thread.hpp:81]  [T-Work-Detect_0] Run work: WrokTrack
I1014 10:44:43.996738  4197 work_track.cpp:82] Frame: 161 build input_characts: [0.046875 x 0.144444 from (0.6375, 0.544444)], 0.97952, 0
I1014 10:44:43.996795  4197 work_track.cpp:102] Succeeded to set track lock for frame 161
I1014 10:44:43.996837  4197 work_track.cpp:116] Succeeded to release track lock for frame 161
I1014 10:44:43.996851  4197 work_track.cpp:120] Track results of frame 161: 1 objects input, 1 objects tracked!
I1014 10:44:43.996870  4197 work_track.cpp:148] Frame: 161, track bbox: [30 x 52 from (408.444, 196.107)], gid: 1, lid: 0
I1014 10:44:43.996904  4197 work_thread.hpp:88]  [T-Work-Detect_0] Frame :161 split
I1014 10:44:43.996922  4197 work_thread.hpp:120]  [T-Work-Detect_0] Valid piece: gid = 1
I1014 10:44:43.996939  4197 work_thread.hpp:92]  [T-Work-Detect_0] Push to split queue:recog
I1014 10:44:43.996992  4198 work_thread.hpp:81]  [T-Work-Recog_0] Run work: WorkCapture
I1014 10:44:43.997004  4200 thread_intergrate.hpp:78] [T-Intergrate-intergrate] queue: frame output frame :161
I1014 10:44:43.997472  4198 work_thread.hpp:81]  [T-Work-Recog_0] Run work: WorkRecog
W1014 10:44:43.997493  4198 work_recog.hpp:118] Face id: 1 has low quality : 0.0504652, no need to recog
I1014 10:44:43.997545  4198 work_thread.hpp:81]  [T-Work-Recog_0] Run work: WorkCompare
I1014 10:44:43.998121  4200 thread_intergrate.hpp:154] T-Intergrate-intergrate Show face :0, size :640 * 360
I1014 10:44:43.998680  4196 demo_inner.hpp:435] thread [SORT-0]  frame id 161 sorting queue size 0   FPS: 28.5848
I1014 10:44:43.998750  4195 demo_inner.hpp:260]  gui queue size 0, state = running
I1014 10:44:44.025812  4194 demo_inner.hpp:177] decode queue size 0
I1014 10:44:44.025920  4197 work_thread.hpp:81]  [T-Work-Detect_0] Run work: WorkDetect
I1014 10:44:44.026031  4197 work_detect.cpp:102] Succeeded to add det start for frame 162
I1014 10:44:44.032577  4197 work_detect.cpp:70] Frame :162 detect result :2 face(s)
W1014 10:44:44.032620  4197 work_detect.cpp:83] Invalid bbox: [129 x 159 from (95, 210)]
I1014 10:44:44.032706  4197 work_detect.cpp:86] Detected bbox: [31 x 50 from (408, 196)]
I1014 10:44:44.032748  4197 work_detect.cpp:120] Succeeded to add det end for frame 162
I1014 10:44:44.032764  4197 work_thread.hpp:81]  [T-Work-Detect_0] Run work: WrokTrack
I1014 10:44:44.032788  4197 work_track.cpp:82] Frame: 162 build input_characts: [0.0484375 x 0.138889 from (0.6375, 0.544444)], 0.975094, 0
I1014 10:44:44.032845  4197 work_track.cpp:102] Succeeded to set track lock for frame 162
I1014 10:44:44.032891  4197 work_track.cpp:116] Succeeded to release track lock for frame 162
I1014 10:44:44.032907  4197 work_track.cpp:120] Track results of frame 162: 1 objects input, 1 objects tracked!
I1014 10:44:44.032924  4197 work_track.cpp:148] Frame: 162, track bbox: [31 x 50 from (407.911, 196.566)], gid: 1, lid: 0
I1014 10:44:44.032960  4197 work_thread.hpp:88]  [T-Work-Detect_0] Frame :162 split
I1014 10:44:44.032979  4197 work_thread.hpp:120]  [T-Work-Detect_0] Valid piece: gid = 1
I1014 10:44:44.032996  4197 work_thread.hpp:92]  [T-Work-Detect_0] Push to split queue:recog
I1014 10:44:44.033035  4198 work_thread.hpp:81]  [T-Work-Recog_0] Run work: WorkCapture
I1014 10:44:44.033048  4200 thread_intergrate.hpp:78] [T-Intergrate-intergrate] queue: frame output frame :162
I1014 10:44:44.033509  4198 work_thread.hpp:81]  [T-Work-Recog_0] Run work: WorkRecog
W1014 10:44:44.033531  4198 work_recog.hpp:118] Face id: 1 has low quality : 0.0189697, no need to recog
I1014 10:44:44.033583  4198 work_thread.hpp:81]  [T-Work-Recog_0] Run work: WorkCompare
I1014 10:44:44.034166  4200 thread_intergrate.hpp:154] T-Intergrate-intergrate Show face :0, size :640 * 360
I1014 10:44:44.034656  4196 demo_inner.hpp:435] thread [SORT-0]  frame id 162 sorting queue size 0   FPS: 28.5714
I1014 10:44:44.034720  4195 demo_inner.hpp:260]  gui queue size 0, state = running
I1014 10:44:44.061725  4194 demo_inner.hpp:177] decode queue size 0
I1014 10:44:44.061830  4197 work_thread.hpp:81]  [T-Work-Detect_0] Run work: WorkDetect
I1014 10:44:44.061867  4197 work_detect.cpp:102] Succeeded to add det start for frame 163
I1014 10:44:44.068375  4197 work_detect.cpp:70] Frame :163 detect result :2 face(s)
W1014 10:44:44.068418  4197 work_detect.cpp:83] Invalid bbox: [137 x 160 from (80, 208)]
I1014 10:44:44.068504  4197 work_detect.cpp:86] Detected bbox: [31 x 52 from (408, 196)]
I1014 10:44:44.068548  4197 work_detect.cpp:120] Succeeded to add det end for frame 163
I1014 10:44:44.068564  4197 work_thread.hpp:81]  [T-Work-Detect_0] Run work: WrokTrack
I1014 10:44:44.068588  4197 work_track.cpp:82] Frame: 163 build input_characts: [0.0484375 x 0.144444 from (0.6375, 0.544444)], 0.962122, 0
I1014 10:44:44.068644  4197 work_track.cpp:102] Succeeded to set track lock for frame 163
I1014 10:44:44.068683  4197 work_track.cpp:116] Succeeded to release track lock for frame 163
I1014 10:44:44.068697  4197 work_track.cpp:120] Track results of frame 163: 1 objects input, 1 objects tracked!
I1014 10:44:44.068715  4197 work_track.cpp:148] Frame: 163, track bbox: [31 x 52 from (407.926, 195.667)], gid: 1, lid: 0
I1014 10:44:44.068751  4197 work_thread.hpp:88]  [T-Work-Detect_0] Frame :163 split
I1014 10:44:44.068769  4197 work_thread.hpp:120]  [T-Work-Detect_0] Valid piece: gid = 1
I1014 10:44:44.068789  4197 work_thread.hpp:92]  [T-Work-Detect_0] Push to split queue:recog
I1014 10:44:44.068830  4199 work_thread.hpp:81]  [T-Work-Recog_1] Run work: WorkCapture
I1014 10:44:44.068840  4200 thread_intergrate.hpp:78] [T-Intergrate-intergrate] queue: frame output frame :163
I1014 10:44:44.069320  4199 work_thread.hpp:81]  [T-Work-Recog_1] Run work: WorkRecog
W1014 10:44:44.069344  4199 work_recog.hpp:118] Face id: 1 has low quality : 0.0411459, no need to recog
I1014 10:44:44.069401  4199 work_thread.hpp:81]  [T-Work-Recog_1] Run work: WorkCompare
I1014 10:44:44.069957  4200 thread_intergrate.hpp:154] T-Intergrate-intergrate Show face :0, size :640 * 360
I1014 10:44:44.070466  4196 demo_inner.hpp:435] thread [SORT-0]  frame id 163 sorting queue size 0   FPS: 28.5047
I1014 10:44:44.070530  4195 demo_inner.hpp:260]  gui queue size 0, state = running
I1014 10:44:44.091830  4194 demo_inner.hpp:177] decode queue size 0
I1014 10:44:44.091938  4197 work_thread.hpp:81]  [T-Work-Detect_0] Run work: WorkDetect
I1014 10:44:44.091975  4197 work_detect.cpp:102] Succeeded to add det start for frame 164
I1014 10:44:44.098541  4197 work_detect.cpp:70] Frame :164 detect result :2 face(s)
W1014 10:44:44.098587  4197 work_detect.cpp:83] Invalid bbox: [137 x 160 from (89, 209)]
I1014 10:44:44.098691  4197 work_detect.cpp:86] Detected bbox: [32 x 53 from (407, 196)]
I1014 10:44:44.098737  4197 work_detect.cpp:120] Succeeded to add det end for frame 164
I1014 10:44:44.098753  4197 work_thread.hpp:81]  [T-Work-Detect_0] Run work: WrokTrack
I1014 10:44:44.098778  4197 work_track.cpp:82] Frame: 164 build input_characts: [0.05 x 0.147222 from (0.635938, 0.544444)], 0.977486, 0
I1014 10:44:44.098834  4197 work_track.cpp:102] Succeeded to set track lock for frame 164
I1014 10:44:44.098875  4197 work_track.cpp:116] Succeeded to release track lock for frame 164
I1014 10:44:44.098888  4197 work_track.cpp:120] Track results of frame 164: 1 objects input, 1 objects tracked!
I1014 10:44:44.098906  4197 work_track.cpp:148] Frame: 164, track bbox: [32 x 53 from (407.183, 195.721)], gid: 1, lid: 0
I1014 10:44:44.098942  4197 work_thread.hpp:88]  [T-Work-Detect_0] Frame :164 split
I1014 10:44:44.098960  4197 work_thread.hpp:120]  [T-Work-Detect_0] Valid piece: gid = 1
I1014 10:44:44.098978  4197 work_thread.hpp:92]  [T-Work-Detect_0] Push to split queue:recog
I1014 10:44:44.099021  4199 work_thread.hpp:81]  [T-Work-Recog_1] Run work: WorkCapture
I1014 10:44:44.099036  4200 thread_intergrate.hpp:78] [T-Intergrate-intergrate] queue: frame output frame :164
I1014 10:44:44.099500  4199 work_thread.hpp:81]  [T-Work-Recog_1] Run work: WorkRecog
W1014 10:44:44.099524  4199 work_recog.hpp:118] Face id: 1 has low quality : 0.0613254, no need to recog
I1014 10:44:44.099575  4199 work_thread.hpp:81]  [T-Work-Recog_1] Run work: WorkCompare
I1014 10:44:44.100152  4200 thread_intergrate.hpp:154] T-Intergrate-intergrate Show face :0, size :640 * 360
I1014 10:44:44.100677  4196 demo_inner.hpp:435] thread [SORT-0]  frame id 164 sorting queue size 0   FPS: 28.5714
I1014 10:44:44.100747  4195 demo_inner.hpp:260]  gui queue size 0, state = running
I1014 10:44:44.127773  4194 demo_inner.hpp:177] decode queue size 0
I1014 10:44:44.127877  4197 work_thread.hpp:81]  [T-Work-Detect_0] Run work: WorkDetect
I1014 10:44:44.127914  4197 work_detect.cpp:102] Succeeded to add det start for frame 165
I1014 10:44:44.134428  4197 work_detect.cpp:70] Frame :165 detect result :2 face(s)
W1014 10:44:44.134474  4197 work_detect.cpp:83] Invalid bbox: [133 x 157 from (93, 209)]
I1014 10:44:44.134559  4197 work_detect.cpp:86] Detected bbox: [30 x 51 from (408, 196)]
I1014 10:44:44.134603  4197 work_detect.cpp:120] Succeeded to add det end for frame 165
I1014 10:44:44.134619  4197 work_thread.hpp:81]  [T-Work-Detect_0] Run work: WrokTrack
I1014 10:44:44.134642  4197 work_track.cpp:82] Frame: 165 build input_characts: [0.046875 x 0.141667 from (0.6375, 0.544444)], 0.959737, 0
I1014 10:44:44.134698  4197 work_track.cpp:102] Succeeded to set track lock for frame 165
I1014 10:44:44.134737  4197 work_track.cpp:116] Succeeded to release track lock for frame 165
I1014 10:44:44.134752  4197 work_track.cpp:120] Track results of frame 165: 1 objects input, 1 objects tracked!
I1014 10:44:44.134770  4197 work_track.cpp:148] Frame: 165, track bbox: [30 x 51 from (407.988, 196.33)], gid: 1, lid: 0
I1014 10:44:44.134805  4197 work_thread.hpp:88]  [T-Work-Detect_0] Frame :165 split
I1014 10:44:44.134822  4197 work_thread.hpp:120]  [T-Work-Detect_0] Valid piece: gid = 1
I1014 10:44:44.134840  4197 work_thread.hpp:92]  [T-Work-Detect_0] Push to split queue:recog
I1014 10:44:44.134922  4199 work_thread.hpp:81]  [T-Work-Recog_1] Run work: WorkCapture
I1014 10:44:44.134937  4200 thread_intergrate.hpp:78] [T-Intergrate-intergrate] queue: frame output frame :165
I1014 10:44:44.135397  4199 work_thread.hpp:81]  [T-Work-Recog_1] Run work: WorkRecog
W1014 10:44:44.135419  4199 work_recog.hpp:118] Face id: 1 has low quality : 0.0504707, no need to recog
I1014 10:44:44.135489  4199 work_thread.hpp:81]  [T-Work-Recog_1] Run work: WorkCompare
I1014 10:44:44.136057  4200 thread_intergrate.hpp:154] T-Intergrate-intergrate Show face :0, size :640 * 360
I1014 10:44:44.136600  4196 demo_inner.hpp:435] thread [SORT-0]  frame id 165 sorting queue size 0   FPS: 28.4914
I1014 10:44:44.136665  4195 demo_inner.hpp:260]  gui queue size 0, state = running
I1014 10:44:44.157816  4194 demo_inner.hpp:177] decode queue size 0
I1014 10:44:44.157917  4197 work_thread.hpp:81]  [T-Work-Detect_0] Run work: WorkDetect
I1014 10:44:44.157955  4197 work_detect.cpp:102] Succeeded to add det start for frame 166
I1014 10:44:44.164724  4197 work_detect.cpp:70] Frame :166 detect result :2 face(s)
W1014 10:44:44.164773  4197 work_detect.cpp:83] Invalid bbox: [137 x 161 from (92, 210)]
I1014 10:44:44.164858  4197 work_detect.cpp:86] Detected bbox: [30 x 51 from (408, 196)]
I1014 10:44:44.164901  4197 work_detect.cpp:120] Succeeded to add det end for frame 166
I1014 10:44:44.164917  4197 work_thread.hpp:81]  [T-Work-Detect_0] Run work: WrokTrack
I1014 10:44:44.164942  4197 work_track.cpp:82] Frame: 166 build input_characts: [0.046875 x 0.141667 from (0.6375, 0.544444)], 0.959737, 0
I1014 10:44:44.164999  4197 work_track.cpp:102] Succeeded to set track lock for frame 166
I1014 10:44:44.165037  4197 work_track.cpp:116] Succeeded to release track lock for frame 166
I1014 10:44:44.165051  4197 work_track.cpp:120] Track results of frame 166: 1 objects input, 1 objects tracked!
I1014 10:44:44.165069  4197 work_track.cpp:148] Frame: 166, track bbox: [30 x 51 from (407.989, 196.217)], gid: 1, lid: 0
I1014 10:44:44.165104  4197 work_thread.hpp:88]  [T-Work-Detect_0] Frame :166 split
I1014 10:44:44.165122  4197 work_thread.hpp:120]  [T-Work-Detect_0] Valid piece: gid = 1
I1014 10:44:44.165140  4197 work_thread.hpp:92]  [T-Work-Detect_0] Push to split queue:recog
I1014 10:44:44.165182  4199 work_thread.hpp:81]  [T-Work-Recog_1] Run work: WorkCapture
I1014 10:44:44.165200  4200 thread_intergrate.hpp:78] [T-Intergrate-intergrate] queue: frame output frame :166
I1014 10:44:44.165663  4199 work_thread.hpp:81]  [T-Work-Recog_1] Run work: WorkRecog
W1014 10:44:44.165684  4199 work_recog.hpp:118] Face id: 1 has low quality : 0.0370254, no need to recog
I1014 10:44:44.165735  4199 work_thread.hpp:81]  [T-Work-Recog_1] Run work: WorkCompare
I1014 10:44:44.166317  4200 thread_intergrate.hpp:154] T-Intergrate-intergrate Show face :0, size :640 * 360
I1014 10:44:44.166882  4196 demo_inner.hpp:435] thread [SORT-0]  frame id 166 sorting queue size 0   FPS: 28.5848
I1014 10:44:44.180770  4195 demo_inner.hpp:260]  gui queue size 0, state = running
I1014 10:44:44.193717  4194 demo_inner.hpp:177] decode queue size 0
I1014 10:44:44.193826  4197 work_thread.hpp:81]  [T-Work-Detect_0] Run work: WorkDetect
I1014 10:44:44.193866  4197 work_detect.cpp:102] Succeeded to add det start for frame 167
I1014 10:44:44.200315  4197 work_detect.cpp:70] Frame :167 detect result :2 face(s)
W1014 10:44:44.200366  4197 work_detect.cpp:83] Invalid bbox: [134 x 160 from (96, 208)]
I1014 10:44:44.200450  4197 work_detect.cpp:86] Detected bbox: [33 x 51 from (408, 196)]
I1014 10:44:44.200495  4197 work_detect.cpp:120] Succeeded to add det end for frame 167
I1014 10:44:44.200511  4197 work_thread.hpp:81]  [T-Work-Detect_0] Run work: WrokTrack
I1014 10:44:44.200536  4197 work_track.cpp:82] Frame: 167 build input_characts: [0.0515625 x 0.141667 from (0.6375, 0.544444)], 0.969403, 0
I1014 10:44:44.200592  4197 work_track.cpp:102] Succeeded to set track lock for frame 167
I1014 10:44:44.200631  4197 work_track.cpp:116] Succeeded to release track lock for frame 167
I1014 10:44:44.200690  4197 work_track.cpp:120] Track results of frame 167: 1 objects input, 1 objects tracked!
I1014 10:44:44.200709  4197 work_track.cpp:148] Frame: 167, track bbox: [33 x 51 from (407.16, 196.154)], gid: 1, lid: 0
I1014 10:44:44.200745  4197 work_thread.hpp:88]  [T-Work-Detect_0] Frame :167 split
I1014 10:44:44.200763  4197 work_thread.hpp:120]  [T-Work-Detect_0] Valid piece: gid = 1
I1014 10:44:44.200783  4197 work_thread.hpp:92]  [T-Work-Detect_0] Push to split queue:recog
I1014 10:44:44.200822  4198 work_thread.hpp:81]  [T-Work-Recog_0] Run work: WorkCapture
I1014 10:44:44.200837  4200 thread_intergrate.hpp:78] [T-Intergrate-intergrate] queue: frame output frame :167
I1014 10:44:44.201303  4198 work_thread.hpp:81]  [T-Work-Recog_0] Run work: WorkRecog
W1014 10:44:44.201325  4198 work_recog.hpp:118] Face id: 1 has low quality : 0.0266876, no need to recog
I1014 10:44:44.201398  4198 work_thread.hpp:81]  [T-Work-Recog_0] Run work: WorkCompare
I1014 10:44:44.201951  4200 thread_intergrate.hpp:154] T-Intergrate-intergrate Show face :0, size :640 * 360
I1014 10:44:44.202509  4196 demo_inner.hpp:435] thread [SORT-0]  frame id 167 sorting queue size 0   FPS: 28.5848
I1014 10:44:44.224213  4194 demo_inner.hpp:177] decode queue size 0
I1014 10:44:44.224323  4197 work_thread.hpp:81]  [T-Work-Detect_0] Run work: WorkDetect
I1014 10:44:44.224359  4197 work_detect.cpp:102] Succeeded to add det start for frame 168
I1014 10:44:44.230708  4197 work_detect.cpp:70] Frame :168 detect result :2 face(s)
I1014 10:44:44.230747  4197 work_detect.cpp:86] Detected bbox: [32 x 51 from (408, 196)]
W1014 10:44:44.230782  4197 work_detect.cpp:83] Invalid bbox: [126 x 151 from (111, 214)]
I1014 10:44:44.230906  4197 work_detect.cpp:120] Succeeded to add det end for frame 168
I1014 10:44:44.230923  4197 work_thread.hpp:81]  [T-Work-Detect_0] Run work: WrokTrack
I1014 10:44:44.230947  4197 work_track.cpp:82] Frame: 168 build input_characts: [0.05 x 0.141667 from (0.6375, 0.544444)], 0.969403, 0
I1014 10:44:44.231003  4197 work_track.cpp:102] Succeeded to set track lock for frame 168
I1014 10:44:44.231045  4197 work_track.cpp:116] Succeeded to release track lock for frame 168
I1014 10:44:44.231058  4197 work_track.cpp:120] Track results of frame 168: 1 objects input, 1 objects tracked!
I1014 10:44:44.231076  4197 work_track.cpp:148] Frame: 168, track bbox: [32 x 51 from (408.027, 195.857)], gid: 1, lid: 0
I1014 10:44:44.231112  4197 work_thread.hpp:88]  [T-Work-Detect_0] Frame :168 split
I1014 10:44:44.231129  4197 work_thread.hpp:120]  [T-Work-Detect_0] Valid piece: gid = 1
I1014 10:44:44.231148  4197 work_thread.hpp:92]  [T-Work-Detect_0] Push to split queue:recog
I1014 10:44:44.231195  4198 work_thread.hpp:81]  [T-Work-Recog_0] Run work: WorkCapture
I1014 10:44:44.231207  4200 thread_intergrate.hpp:78] [T-Intergrate-intergrate] queue: frame output frame :168
I1014 10:44:44.231673  4198 work_thread.hpp:81]  [T-Work-Recog_0] Run work: WorkRecog
W1014 10:44:44.231694  4198 work_recog.hpp:118] Face id: 1 has low quality : 0.045627, no need to recog
I1014 10:44:44.231745  4198 work_thread.hpp:81]  [T-Work-Recog_0] Run work: WorkCompare
I1014 10:44:44.232326  4200 thread_intergrate.hpp:154] T-Intergrate-intergrate Show face :0, size :640 * 360
I1014 10:44:44.232815  4196 demo_inner.hpp:435] thread [SORT-0]  frame id 168 sorting queue size 1   FPS: 28.5714
I1014 10:44:44.260128  4194 demo_inner.hpp:177] decode queue size 0
I1014 10:44:44.260285  4197 work_thread.hpp:81]  [T-Work-Detect_0] Run work: WorkDetect
I1014 10:44:44.260327  4197 work_detect.cpp:102] Succeeded to add det start for frame 169
I1014 10:44:44.264536  4195 demo_inner.hpp:260]  gui queue size 1, state = running
I1014 10:44:44.267285  4197 work_detect.cpp:70] Frame :169 detect result :2 face(s)
I1014 10:44:44.267364  4197 work_detect.cpp:86] Detected bbox: [29 x 52 from (409, 196)]
I1014 10:44:44.267410  4197 work_detect.cpp:86] Detected bbox: [117 x 138 from (120, 219)]
I1014 10:44:44.267447  4197 work_detect.cpp:120] Succeeded to add det end for frame 169
I1014 10:44:44.267591  4197 work_thread.hpp:81]  [T-Work-Detect_0] Run work: WrokTrack
I1014 10:44:44.267621  4197 work_track.cpp:82] Frame: 169 build input_characts: [0.0453125 x 0.144444 from (0.639063, 0.544444)], 0.938558, 0
I1014 10:44:44.267674  4197 work_track.cpp:82] Frame: 169 build input_characts: [0.182812 x 0.383333 from (0.1875, 0.608333)], 0.932491, 1
I1014 10:44:44.267733  4197 work_track.cpp:102] Succeeded to set track lock for frame 169
I1014 10:44:44.267781  4197 work_track.cpp:116] Succeeded to release track lock for frame 169
I1014 10:44:44.267796  4197 work_track.cpp:120] Track results of frame 169: 2 objects input, 1 objects tracked!
I1014 10:44:44.267813  4197 work_track.cpp:148] Frame: 169, track bbox: [29 x 52 from (409.51, 195.563)], gid: 1, lid: 0
I1014 10:44:44.267858  4197 work_track.cpp:162] Frame: 169 lid: 1 not tracked, will set invalid
I1014 10:44:44.267874  4197 work_thread.hpp:88]  [T-Work-Detect_0] Frame :169 split
I1014 10:44:44.267891  4197 work_thread.hpp:120]  [T-Work-Detect_0] Valid piece: gid = 1
I1014 10:44:44.267908  4197 work_thread.hpp:124]  [T-Work-Detect_0] Invalid piece: lid = 1, drop it
I1014 10:44:44.267923  4197 work_thread.hpp:92]  [T-Work-Detect_0] Push to split queue:recog
I1014 10:44:44.268054  4198 work_thread.hpp:81]  [T-Work-Recog_0] Run work: WorkCapture
I1014 10:44:44.268066  4200 thread_intergrate.hpp:78] [T-Intergrate-intergrate] queue: frame output frame :169
I1014 10:44:44.268568  4198 work_thread.hpp:81]  [T-Work-Recog_0] Run work: WorkRecog
W1014 10:44:44.268589  4198 work_recog.hpp:118] Face id: 1 has low quality : 0.0370316, no need to recog
I1014 10:44:44.268759  4198 work_thread.hpp:81]  [T-Work-Recog_0] Run work: WorkCompare
I1014 10:44:44.269191  4200 thread_intergrate.hpp:154] T-Intergrate-intergrate Show face :0, size :640 * 360
I1014 10:44:44.269745  4196 demo_inner.hpp:435] thread [SORT-0]  frame id 169 sorting queue size 0   FPS: 28.5581
I1014 10:44:44.290019  4194 demo_inner.hpp:177] decode queue size 0
I1014 10:44:44.290135  4197 work_thread.hpp:81]  [T-Work-Detect_0] Run work: WorkDetect
I1014 10:44:44.290172  4197 work_detect.cpp:102] Succeeded to add det start for frame 170
I1014 10:44:44.297257  4197 work_detect.cpp:70] Frame :170 detect result :2 face(s)
W1014 10:44:44.297302  4197 work_detect.cpp:83] Invalid bbox: [127 x 145 from (111, 220)]
I1014 10:44:44.297410  4197 work_detect.cpp:86] Detected bbox: [30 x 52 from (409, 196)]
I1014 10:44:44.297453  4197 work_detect.cpp:120] Succeeded to add det end for frame 170
I1014 10:44:44.297471  4197 work_thread.hpp:81]  [T-Work-Detect_0] Run work: WrokTrack
I1014 10:44:44.297503  4197 work_track.cpp:82] Frame: 170 build input_characts: [0.046875 x 0.144444 from (0.639063, 0.544444)], 0.920305, 0
I1014 10:44:44.297583  4197 work_track.cpp:102] Succeeded to set track lock for frame 170
I1014 10:44:44.297632  4197 work_track.cpp:116] Succeeded to release track lock for frame 170
I1014 10:44:44.297647  4197 work_track.cpp:120] Track results of frame 170: 1 objects input, 1 objects tracked!
I1014 10:44:44.297665  4197 work_track.cpp:148] Frame: 170, track bbox: [30 x 52 from (409.119, 195.948)], gid: 1, lid: 0
I1014 10:44:44.297700  4197 work_thread.hpp:88]  [T-Work-Detect_0] Frame :170 split
I1014 10:44:44.297742  4197 work_thread.hpp:120]  [T-Work-Detect_0] Valid piece: gid = 1
I1014 10:44:44.297762  4197 work_thread.hpp:92]  [T-Work-Detect_0] Push to split queue:recog
I1014 10:44:44.297811  4198 work_thread.hpp:81]  [T-Work-Recog_0] Run work: WorkCapture
I1014 10:44:44.297816  4200 thread_intergrate.hpp:78] [T-Intergrate-intergrate] queue: frame output frame :170
I1014 10:44:44.298327  4198 work_thread.hpp:81]  [T-Work-Recog_0] Run work: WorkRecog
W1014 10:44:44.298354  4198 work_recog.hpp:118] Face id: 1 has low quality : 0.0504785, no need to recog
I1014 10:44:44.298430  4198 work_thread.hpp:81]  [T-Work-Recog_0] Run work: WorkCompare
I1014 10:44:44.298946  4200 thread_intergrate.hpp:154] T-Intergrate-intergrate Show face :0, size :640 * 360
I1014 10:44:44.299525  4196 demo_inner.hpp:435] thread [SORT-0]  frame id 170 sorting queue size 1   FPS: 28.5848
I1014 10:44:44.325740  4194 demo_inner.hpp:177] decode queue size 0
I1014 10:44:44.325855  4197 work_thread.hpp:81]  [T-Work-Detect_0] Run work: WorkDetect
I1014 10:44:44.325891  4197 work_detect.cpp:102] Succeeded to add det start for frame 171
I1014 10:44:44.331805  4195 demo_inner.hpp:260]  gui queue size 1, state = running
I1014 10:44:44.333642  4197 work_detect.cpp:70] Frame :171 detect result :2 face(s)
W1014 10:44:44.333720  4197 work_detect.cpp:83] Invalid bbox: [122 x 144 from (129, 225)]
I1014 10:44:44.334831  4197 work_detect.cpp:86] Detected bbox: [29 x 49 from (410, 199)]
I1014 10:44:44.334918  4197 work_detect.cpp:120] Succeeded to add det end for frame 171
I1014 10:44:44.334939  4197 work_thread.hpp:81]  [T-Work-Detect_0] Run work: WrokTrack
I1014 10:44:44.334964  4197 work_track.cpp:82] Frame: 171 build input_characts: [0.0453125 x 0.136111 from (0.640625, 0.552778)], 0.936627, 0
I1014 10:44:44.335031  4197 work_track.cpp:102] Succeeded to set track lock for frame 171
I1014 10:44:44.335079  4197 work_track.cpp:116] Succeeded to release track lock for frame 171
I1014 10:44:44.335094  4197 work_track.cpp:120] Track results of frame 171: 1 objects input, 1 objects tracked!
I1014 10:44:44.335112  4197 work_track.cpp:148] Frame: 171, track bbox: [29 x 49 from (409.794, 198.358)], gid: 1, lid: 0
I1014 10:44:44.335172  4197 work_thread.hpp:88]  [T-Work-Detect_0] Frame :171 split
I1014 10:44:44.335192  4197 work_thread.hpp:120]  [T-Work-Detect_0] Valid piece: gid = 1
I1014 10:44:44.335211  4197 work_thread.hpp:92]  [T-Work-Detect_0] Push to split queue:recog
I1014 10:44:44.335261  4199 work_thread.hpp:81]  [T-Work-Recog_1] Run work: WorkCapture
I1014 10:44:44.335273  4200 thread_intergrate.hpp:78] [T-Intergrate-intergrate] queue: frame output frame :171
I1014 10:44:44.335755  4199 work_thread.hpp:81]  [T-Work-Recog_1] Run work: WorkRecog
W1014 10:44:44.335777  4199 work_recog.hpp:118] Face id: 1 has low quality : 0.0370254, no need to recog
I1014 10:44:44.335855  4199 work_thread.hpp:81]  [T-Work-Recog_1] Run work: WorkCompare
I1014 10:44:44.336400  4200 thread_intergrate.hpp:154] T-Intergrate-intergrate Show face :0, size :640 * 360
I1014 10:44:44.336933  4196 demo_inner.hpp:435] thread [SORT-0]  frame id 171 sorting queue size 0   FPS: 28.6251
I1014 10:44:44.361634  4194 demo_inner.hpp:177] decode queue size 0
I1014 10:44:44.361770  4197 work_thread.hpp:81]  [T-Work-Detect_0] Run work: WorkDetect
I1014 10:44:44.361805  4197 work_detect.cpp:102] Succeeded to add det start for frame 172
I1014 10:44:44.369076  4197 work_detect.cpp:70] Frame :172 detect result :2 face(s)
I1014 10:44:44.369133  4197 work_detect.cpp:86] Detected bbox: [33 x 51 from (409, 196)]
