I1014 14:50:59.638909  8215 work_thread.hpp:120]  [T-Work-Detect_0] Valid piece: gid = 0
I1014 14:50:59.638927  8215 work_thread.hpp:91]  [T-Work-Detect_0] Push to split queue:recog
I1014 14:50:59.638976  8217 work_thread.hpp:81]  [T-Work-Recog_1] Run work: WorkCapture
I1014 14:50:59.638984  8218 thread_intergrate.hpp:78] [T-Intergrate-intergrate] queue: frame output frame :21
I1014 14:50:59.639463  8217 work_thread.hpp:81]  [T-Work-Recog_1] Run work: WorkRecog
W1014 14:50:59.639485  8217 work_recog.hpp:118] Face id: 0 has low quality : 0.00351593, no need to recog
I1014 14:50:59.639550  8217 work_thread.hpp:81]  [T-Work-Recog_1] Run work: WorkCompare
I1014 14:50:59.640731  8214 demo_inner.hpp:435] thread [SORT-0]  frame id 21 sorting queue size 0   FPS: 29.8063
I1014 14:50:59.668035  8212 demo_inner.hpp:177] decode queue size 0
I1014 14:50:59.668176  8215 work_thread.hpp:81]  [T-Work-Detect_0] Run work: WorkDetect
I1014 14:50:59.668215  8215 work_detect.cpp:102] Succeeded to add det start for frame 22
I1014 14:50:59.674947  8215 work_detect.cpp:70] Frame :22 detect result :2 face(s)
W1014 14:50:59.674998  8215 work_detect.cpp:83] Invalid bbox: [138 x 168 from (187, 227)]
I1014 14:50:59.675323  8215 work_detect.cpp:86] Detected bbox: [27 x 31 from (301, 93)]
I1014 14:50:59.675369  8215 work_detect.cpp:120] Succeeded to add det end for frame 22
I1014 14:50:59.675385  8215 work_thread.hpp:81]  [T-Work-Detect_0] Run work: WrokTrack
I1014 14:50:59.675410  8215 work_track.cpp:82] Frame: 22 build input_characts: [0.0421875 x 0.0861111 from (0.470313, 0.258333)], 0.977486, 0
I1014 14:50:59.675465  8215 work_track.cpp:102] Succeeded to set track lock for frame 22
I1014 14:50:59.675504  8215 work_track.cpp:116] Succeeded to release track lock for frame 22
I1014 14:50:59.675519  8215 work_track.cpp:120] Track results of frame 22: 1 objects input, 1 objects tracked!
I1014 14:50:59.675537  8215 work_track.cpp:148] Frame: 22, track bbox: [27 x 31 from (301.2, 93.3603)], gid: 0, lid: 0
I1014 14:50:59.675572  8215 work_thread.hpp:87]  [T-Work-Detect_0] Frame :22 split
I1014 14:50:59.675590  8215 work_thread.hpp:120]  [T-Work-Detect_0] Valid piece: gid = 0
I1014 14:50:59.675607  8215 work_thread.hpp:91]  [T-Work-Detect_0] Push to split queue:recog
I1014 14:50:59.675653  8217 work_thread.hpp:81]  [T-Work-Recog_1] Run work: WorkCapture
I1014 14:50:59.675660  8218 thread_intergrate.hpp:78] [T-Intergrate-intergrate] queue: frame output frame :22
I1014 14:50:59.676199  8217 work_thread.hpp:81]  [T-Work-Recog_1] Run work: WorkRecog
W1014 14:50:59.676221  8217 work_recog.hpp:118] Face id: 0 has low quality : 0.00351591, no need to recog
I1014 14:50:59.676301  8217 work_thread.hpp:81]  [T-Work-Recog_1] Run work: WorkCompare
I1014 14:50:59.677151  8214 demo_inner.hpp:435] thread [SORT-0]  frame id 22 sorting queue size 1   FPS: 29.703
I1014 14:50:59.698061  8212 demo_inner.hpp:177] decode queue size 0
I1014 14:50:59.698173  8215 work_thread.hpp:81]  [T-Work-Detect_0] Run work: WorkDetect
I1014 14:50:59.698211  8215 work_detect.cpp:102] Succeeded to add det start for frame 23
I1014 14:50:59.704872  8215 work_detect.cpp:70] Frame :23 detect result :2 face(s)
W1014 14:50:59.704921  8215 work_detect.cpp:83] Invalid bbox: [138 x 172 from (194, 230)]
I1014 14:50:59.705041  8215 work_detect.cpp:86] Detected bbox: [29 x 32 from (300, 93)]
I1014 14:50:59.705086  8215 work_detect.cpp:120] Succeeded to add det end for frame 23
I1014 14:50:59.705102  8215 work_thread.hpp:81]  [T-Work-Detect_0] Run work: WrokTrack
I1014 14:50:59.705169  8215 work_track.cpp:82] Frame: 23 build input_characts: [0.0453125 x 0.0888889 from (0.46875, 0.258333)], 0.97952, 0
I1014 14:50:59.705227  8215 work_track.cpp:102] Succeeded to set track lock for frame 23
I1014 14:50:59.705268  8215 work_track.cpp:116] Succeeded to release track lock for frame 23
I1014 14:50:59.705283  8215 work_track.cpp:120] Track results of frame 23: 1 objects input, 1 objects tracked!
I1014 14:50:59.705301  8215 work_track.cpp:148] Frame: 23, track bbox: [29 x 32 from (300.066, 92.9022)], gid: 0, lid: 0
I1014 14:50:59.705337  8215 work_thread.hpp:87]  [T-Work-Detect_0] Frame :23 split
I1014 14:50:59.705353  8215 work_thread.hpp:120]  [T-Work-Detect_0] Valid piece: gid = 0
I1014 14:50:59.705372  8215 work_thread.hpp:91]  [T-Work-Detect_0] Push to split queue:recog
I1014 14:50:59.705421  8217 work_thread.hpp:81]  [T-Work-Recog_1] Run work: WorkCapture
I1014 14:50:59.705430  8218 thread_intergrate.hpp:78] [T-Intergrate-intergrate] queue: frame output frame :23
I1014 14:50:59.705915  8217 work_thread.hpp:81]  [T-Work-Recog_1] Run work: WorkRecog
W1014 14:50:59.705937  8217 work_recog.hpp:118] Face id: 0 has low quality : 0.00189431, no need to recog
I1014 14:50:59.706017  8217 work_thread.hpp:81]  [T-Work-Recog_1] Run work: WorkCompare
I1014 14:50:59.707012  8214 demo_inner.hpp:435] thread [SORT-0]  frame id 23 sorting queue size 2   FPS: 29.8507
I1014 14:50:59.734079  8212 demo_inner.hpp:177] decode queue size 0
I1014 14:50:59.734205  8215 work_thread.hpp:81]  [T-Work-Detect_0] Run work: WorkDetect
I1014 14:50:59.734241  8215 work_detect.cpp:102] Succeeded to add det start for frame 24
I1014 14:50:59.740953  8215 work_detect.cpp:70] Frame :24 detect result :2 face(s)
W1014 14:50:59.740995  8215 work_detect.cpp:83] Invalid bbox: [132 x 157 from (200, 233)]
I1014 14:50:59.741106  8215 work_detect.cpp:86] Detected bbox: [27 x 32 from (300, 91)]
I1014 14:50:59.741150  8215 work_detect.cpp:120] Succeeded to add det end for frame 24
I1014 14:50:59.741166  8215 work_thread.hpp:81]  [T-Work-Detect_0] Run work: WrokTrack
I1014 14:50:59.741191  8215 work_track.cpp:82] Frame: 24 build input_characts: [0.0421875 x 0.0888889 from (0.46875, 0.252778)], 0.987905, 0
I1014 14:50:59.741248  8215 work_track.cpp:102] Succeeded to set track lock for frame 24
I1014 14:50:59.741288  8215 work_track.cpp:116] Succeeded to release track lock for frame 24
I1014 14:50:59.741303  8215 work_track.cpp:120] Track results of frame 24: 1 objects input, 1 objects tracked!
I1014 14:50:59.741322  8215 work_track.cpp:148] Frame: 24, track bbox: [27 x 32 from (300.334, 91.8368)], gid: 0, lid: 0
I1014 14:50:59.741356  8215 work_thread.hpp:87]  [T-Work-Detect_0] Frame :24 split
I1014 14:50:59.741374  8215 work_thread.hpp:120]  [T-Work-Detect_0] Valid piece: gid = 0
I1014 14:50:59.741392  8215 work_thread.hpp:91]  [T-Work-Detect_0] Push to split queue:recog
I1014 14:50:59.741441  8216 work_thread.hpp:81]  [T-Work-Recog_0] Run work: WorkCapture
I1014 14:50:59.741662  8218 thread_intergrate.hpp:78] [T-Intergrate-intergrate] queue: frame output frame :24
I1014 14:50:59.741906  8216 work_thread.hpp:81]  [T-Work-Recog_0] Run work: WorkRecog
W1014 14:50:59.741927  8216 work_recog.hpp:118] Face id: 0 has low quality : 0.0118566, no need to recog
I1014 14:50:59.741976  8216 work_thread.hpp:81]  [T-Work-Recog_0] Run work: WorkCompare
I1014 14:50:59.743140  8214 demo_inner.hpp:435] thread [SORT-0]  frame id 24 sorting queue size 3   FPS: 29.7542
I1014 14:50:59.769933  8212 demo_inner.hpp:177] decode queue size 0
I1014 14:50:59.770056  8215 work_thread.hpp:81]  [T-Work-Detect_0] Run work: WorkDetect
I1014 14:50:59.770094  8215 work_detect.cpp:102] Succeeded to add det start for frame 25
I1014 14:50:59.776819  8215 work_detect.cpp:70] Frame :25 detect result :2 face(s)
W1014 14:50:59.776865  8215 work_detect.cpp:83] Invalid bbox: [139 x 167 from (193, 233)]
I1014 14:50:59.776973  8215 work_detect.cpp:86] Detected bbox: [29 x 32 from (299, 91)]
I1014 14:50:59.777019  8215 work_detect.cpp:120] Succeeded to add det end for frame 25
I1014 14:50:59.777084  8215 work_thread.hpp:81]  [T-Work-Detect_0] Run work: WrokTrack
I1014 14:50:59.777112  8215 work_track.cpp:82] Frame: 25 build input_characts: [0.0453125 x 0.0888889 from (0.467187, 0.252778)], 0.987905, 0
I1014 14:50:59.777170  8215 work_track.cpp:102] Succeeded to set track lock for frame 25
I1014 14:50:59.777211  8215 work_track.cpp:116] Succeeded to release track lock for frame 25
I1014 14:50:59.777225  8215 work_track.cpp:120] Track results of frame 25: 1 objects input, 1 objects tracked!
I1014 14:50:59.777243  8215 work_track.cpp:148] Frame: 25, track bbox: [29 x 32 from (298.892, 91.1454)], gid: 0, lid: 0
I1014 14:50:59.777278  8215 work_thread.hpp:87]  [T-Work-Detect_0] Frame :25 split
I1014 14:50:59.777297  8215 work_thread.hpp:120]  [T-Work-Detect_0] Valid piece: gid = 0
I1014 14:50:59.777314  8215 work_thread.hpp:91]  [T-Work-Detect_0] Push to split queue:recog
I1014 14:50:59.777360  8216 work_thread.hpp:81]  [T-Work-Recog_0] Run work: WorkCapture
I1014 14:50:59.777572  8218 thread_intergrate.hpp:78] [T-Intergrate-intergrate] queue: frame output frame :25
I1014 14:50:59.777819  8216 work_thread.hpp:81]  [T-Work-Recog_0] Run work: WorkRecog
W1014 14:50:59.777839  8216 work_recog.hpp:118] Face id: 0 has low quality : 0.00648935, no need to recog
I1014 14:50:59.777889  8216 work_thread.hpp:81]  [T-Work-Recog_0] Run work: WorkCompare
I1014 14:50:59.779127  8214 demo_inner.hpp:435] thread [SORT-0]  frame id 25 sorting queue size 4   FPS: 29.6663
I1014 14:50:59.800137  8212 demo_inner.hpp:177] decode queue size 0
I1014 14:50:59.800297  8215 work_thread.hpp:81]  [T-Work-Detect_0] Run work: WorkDetect
I1014 14:50:59.800333  8215 work_detect.cpp:102] Succeeded to add det start for frame 26
I1014 14:50:59.806908  8215 work_detect.cpp:70] Frame :26 detect result :2 face(s)
W1014 14:50:59.806948  8215 work_detect.cpp:83] Invalid bbox: [135 x 158 from (198, 232)]
I1014 14:50:59.807060  8215 work_detect.cpp:86] Detected bbox: [30 x 33 from (299, 92)]
I1014 14:50:59.807104  8215 work_detect.cpp:120] Succeeded to add det end for frame 26
I1014 14:50:59.807121  8215 work_thread.hpp:81]  [T-Work-Detect_0] Run work: WrokTrack
I1014 14:50:59.807144  8215 work_track.cpp:82] Frame: 26 build input_characts: [0.046875 x 0.0916667 from (0.467187, 0.255556)], 0.987331, 0
I1014 14:50:59.807202  8215 work_track.cpp:102] Succeeded to set track lock for frame 26
I1014 14:50:59.807245  8215 work_track.cpp:116] Succeeded to release track lock for frame 26
I1014 14:50:59.807260  8215 work_track.cpp:120] Track results of frame 26: 1 objects input, 1 objects tracked!
I1014 14:50:59.807277  8215 work_track.cpp:148] Frame: 26, track bbox: [30 x 33 from (298.608, 91.0265)], gid: 0, lid: 0
I1014 14:50:59.807312  8215 work_thread.hpp:87]  [T-Work-Detect_0] Frame :26 split
I1014 14:50:59.807328  8215 work_thread.hpp:120]  [T-Work-Detect_0] Valid piece: gid = 0
I1014 14:50:59.807346  8215 work_thread.hpp:91]  [T-Work-Detect_0] Push to split queue:recog
I1014 14:50:59.807395  8216 work_thread.hpp:81]  [T-Work-Recog_0] Run work: WorkCapture
I1014 14:50:59.807612  8218 thread_intergrate.hpp:78] [T-Intergrate-intergrate] queue: frame output frame :26
I1014 14:50:59.807852  8216 work_thread.hpp:81]  [T-Work-Recog_0] Run work: WorkRecog
W1014 14:50:59.807873  8216 work_recog.hpp:118] Face id: 0 has low quality : 0.00310794, no need to recog
I1014 14:50:59.807922  8216 work_thread.hpp:81]  [T-Work-Recog_0] Run work: WorkCompare
I1014 14:50:59.809077  8214 demo_inner.hpp:435] thread [SORT-0]  frame id 26 sorting queue size 5   FPS: 29.7974
I1014 14:50:59.835968  8212 demo_inner.hpp:177] decode queue size 0
I1014 14:50:59.836091  8215 work_thread.hpp:81]  [T-Work-Detect_0] Run work: WorkDetect
I1014 14:50:59.836127  8215 work_detect.cpp:102] Succeeded to add det start for frame 27
I1014 14:50:59.842837  8215 work_detect.cpp:70] Frame :27 detect result :2 face(s)
W1014 14:50:59.842888  8215 work_detect.cpp:83] Invalid bbox: [134 x 158 from (199, 233)]
I1014 14:50:59.842973  8215 work_detect.cpp:86] Detected bbox: [29 x 34 from (299, 90)]
I1014 14:50:59.843061  8215 work_detect.cpp:120] Succeeded to add det end for frame 27
I1014 14:50:59.843078  8215 work_thread.hpp:81]  [T-Work-Detect_0] Run work: WrokTrack
I1014 14:50:59.843103  8215 work_track.cpp:82] Frame: 27 build input_characts: [0.0453125 x 0.0944444 from (0.467187, 0.25)], 0.988759, 0
I1014 14:50:59.843158  8215 work_track.cpp:102] Succeeded to set track lock for frame 27
I1014 14:50:59.843199  8215 work_track.cpp:116] Succeeded to release track lock for frame 27
I1014 14:50:59.843212  8215 work_track.cpp:120] Track results of frame 27: 1 objects input, 1 objects tracked!
I1014 14:50:59.843230  8215 work_track.cpp:148] Frame: 27, track bbox: [29 x 34 from (298.963, 90.1859)], gid: 0, lid: 0
I1014 14:50:59.843266  8215 work_thread.hpp:87]  [T-Work-Detect_0] Frame :27 split
I1014 14:50:59.843282  8215 work_thread.hpp:120]  [T-Work-Detect_0] Valid piece: gid = 0
I1014 14:50:59.843299  8215 work_thread.hpp:91]  [T-Work-Detect_0] Push to split queue:recog
I1014 14:50:59.843348  8217 work_thread.hpp:81]  [T-Work-Recog_1] Run work: WorkCapture
I1014 14:50:59.843353  8218 thread_intergrate.hpp:78] [T-Intergrate-intergrate] queue: frame output frame :27
I1014 14:50:59.843842  8217 work_thread.hpp:81]  [T-Work-Recog_1] Run work: WorkRecog
W1014 14:50:59.843881  8217 work_recog.hpp:118] Face id: 0 has low quality : 0.00648937, no need to recog
I1014 14:50:59.843963  8217 work_thread.hpp:81]  [T-Work-Recog_1] Run work: WorkCompare
I1014 14:50:59.844926  8214 demo_inner.hpp:435] thread [SORT-0]  frame id 27 sorting queue size 6   FPS: 29.7143
I1014 14:50:59.866037  8212 demo_inner.hpp:177] decode queue size 0
I1014 14:50:59.866153  8215 work_thread.hpp:81]  [T-Work-Detect_0] Run work: WorkDetect
I1014 14:50:59.866189  8215 work_detect.cpp:102] Succeeded to add det start for frame 28
I1014 14:50:59.872848  8215 work_detect.cpp:70] Frame :28 detect result :2 face(s)
W1014 14:50:59.872891  8215 work_detect.cpp:83] Invalid bbox: [135 x 160 from (199, 231)]
I1014 14:50:59.873003  8215 work_detect.cpp:86] Detected bbox: [29 x 34 from (299, 91)]
I1014 14:50:59.873047  8215 work_detect.cpp:120] Succeeded to add det end for frame 28
I1014 14:50:59.873064  8215 work_thread.hpp:81]  [T-Work-Detect_0] Run work: WrokTrack
I1014 14:50:59.873088  8215 work_track.cpp:82] Frame: 28 build input_characts: [0.0453125 x 0.0944444 from (0.467187, 0.252778)], 0.987905, 0
I1014 14:50:59.873147  8215 work_track.cpp:102] Succeeded to set track lock for frame 28
I1014 14:50:59.873186  8215 work_track.cpp:116] Succeeded to release track lock for frame 28
I1014 14:50:59.873201  8215 work_track.cpp:120] Track results of frame 28: 1 objects input, 1 objects tracked!
I1014 14:50:59.873219  8215 work_track.cpp:148] Frame: 28, track bbox: [29 x 34 from (298.942, 90.4976)], gid: 0, lid: 0
I1014 14:50:59.873255  8215 work_thread.hpp:87]  [T-Work-Detect_0] Frame :28 split
I1014 14:50:59.873272  8215 work_thread.hpp:120]  [T-Work-Detect_0] Valid piece: gid = 0
I1014 14:50:59.873291  8215 work_thread.hpp:91]  [T-Work-Detect_0] Push to split queue:recog
I1014 14:50:59.873339  8217 work_thread.hpp:81]  [T-Work-Recog_1] Run work: WorkCapture
I1014 14:50:59.873353  8218 thread_intergrate.hpp:78] [T-Intergrate-intergrate] queue: frame output frame :28
I1014 14:50:59.873865  8217 work_thread.hpp:81]  [T-Work-Recog_1] Run work: WorkRecog
W1014 14:50:59.873888  8217 work_recog.hpp:118] Face id: 0 has low quality : 0.00351591, no need to recog
I1014 14:50:59.873963  8217 work_thread.hpp:81]  [T-Work-Recog_1] Run work: WorkCompare
I1014 14:50:59.875025  8214 demo_inner.hpp:435] thread [SORT-0]  frame id 28 sorting queue size 7   FPS: 29.8343
I1014 14:50:59.901960  8212 demo_inner.hpp:177] decode queue size 0
I1014 14:50:59.902081  8215 work_thread.hpp:81]  [T-Work-Detect_0] Run work: WorkDetect
I1014 14:50:59.902117  8215 work_detect.cpp:102] Succeeded to add det start for frame 29
I1014 14:50:59.908789  8215 work_detect.cpp:70] Frame :29 detect result :2 face(s)
W1014 14:50:59.908833  8215 work_detect.cpp:83] Invalid bbox: [133 x 159 from (199, 231)]
I1014 14:50:59.908987  8215 work_detect.cpp:86] Detected bbox: [30 x 35 from (299, 90)]
I1014 14:50:59.909032  8215 work_detect.cpp:120] Succeeded to add det end for frame 29
I1014 14:50:59.909049  8215 work_thread.hpp:81]  [T-Work-Detect_0] Run work: WrokTrack
I1014 14:50:59.909073  8215 work_track.cpp:82] Frame: 29 build input_characts: [0.046875 x 0.0972222 from (0.467187, 0.25)], 0.988759, 0
I1014 14:50:59.909129  8215 work_track.cpp:102] Succeeded to set track lock for frame 29
I1014 14:50:59.909170  8215 work_track.cpp:116] Succeeded to release track lock for frame 29
I1014 14:50:59.909185  8215 work_track.cpp:120] Track results of frame 29: 1 objects input, 1 objects tracked!
I1014 14:50:59.909202  8215 work_track.cpp:148] Frame: 29, track bbox: [30 x 35 from (298.787, 90.2846)], gid: 0, lid: 0
I1014 14:50:59.909238  8215 work_thread.hpp:87]  [T-Work-Detect_0] Frame :29 split
I1014 14:50:59.909255  8215 work_thread.hpp:120]  [T-Work-Detect_0] Valid piece: gid = 0
I1014 14:50:59.909274  8215 work_thread.hpp:91]  [T-Work-Detect_0] Push to split queue:recog
I1014 14:50:59.909317  8217 work_thread.hpp:81]  [T-Work-Recog_1] Run work: WorkCapture
I1014 14:50:59.909324  8218 thread_intergrate.hpp:78] [T-Intergrate-intergrate] queue: frame output frame :29
I1014 14:50:59.909824  8217 work_thread.hpp:81]  [T-Work-Recog_1] Run work: WorkRecog
W1014 14:50:59.909852  8217 work_recog.hpp:118] Face id: 0 has low quality : 0.00449659, no need to recog
I1014 14:50:59.909922  8217 work_thread.hpp:81]  [T-Work-Recog_1] Run work: WorkCompare
I1014 14:50:59.910996  8214 demo_inner.hpp:435] thread [SORT-0]  frame id 29 sorting queue size 8   FPS: 29.7556
I1014 14:50:59.932318  8212 demo_inner.hpp:177] decode queue size 0
I1014 14:50:59.932442  8215 work_thread.hpp:81]  [T-Work-Detect_0] Run work: WorkDetect
I1014 14:50:59.932480  8215 work_detect.cpp:102] Succeeded to add det start for frame 30
I1014 14:50:59.939113  8215 work_detect.cpp:70] Frame :30 detect result :2 face(s)
W1014 14:50:59.939157  8215 work_detect.cpp:83] Invalid bbox: [138 x 163 from (192, 233)]
I1014 14:50:59.939267  8215 work_detect.cpp:86] Detected bbox: [29 x 33 from (299, 91)]
I1014 14:50:59.939311  8215 work_detect.cpp:120] Succeeded to add det end for frame 30
I1014 14:50:59.939327  8215 work_thread.hpp:81]  [T-Work-Detect_0] Run work: WrokTrack
I1014 14:50:59.939352  8215 work_track.cpp:82] Frame: 30 build input_characts: [0.0453125 x 0.0916667 from (0.467187, 0.252778)], 0.988759, 0
I1014 14:50:59.939409  8215 work_track.cpp:102] Succeeded to set track lock for frame 30
I1014 14:50:59.939448  8215 work_track.cpp:116] Succeeded to release track lock for frame 30
I1014 14:50:59.939463  8215 work_track.cpp:120] Track results of frame 30: 1 objects input, 1 objects tracked!
I1014 14:50:59.939481  8215 work_track.cpp:148] Frame: 30, track bbox: [29 x 33 from (299.181, 91.1205)], gid: 0, lid: 0
I1014 14:50:59.939517  8215 work_thread.hpp:87]  [T-Work-Detect_0] Frame :30 split
I1014 14:50:59.939534  8215 work_thread.hpp:120]  [T-Work-Detect_0] Valid piece: gid = 0
I1014 14:50:59.939551  8215 work_thread.hpp:91]  [T-Work-Detect_0] Push to split queue:recog
I1014 14:50:59.939596  8217 work_thread.hpp:81]  [T-Work-Recog_1] Run work: WorkCapture
I1014 14:50:59.939605  8218 thread_intergrate.hpp:78] [T-Intergrate-intergrate] queue: frame output frame :30
I1014 14:50:59.940232  8217 work_thread.hpp:81]  [T-Work-Recog_1] Run work: WorkRecog
W1014 14:50:59.940254  8217 work_recog.hpp:118] Face id: 0 has low quality : 0.00449657, no need to recog
I1014 14:50:59.940310  8217 work_thread.hpp:81]  [T-Work-Recog_1] Run work: WorkCompare
I1014 14:50:59.941152  8214 demo_inner.hpp:435] thread [SORT-0]  frame id 30 sorting queue size 9   FPS: 29.8661
I1014 14:50:59.967989  8212 demo_inner.hpp:177] decode queue size 0
I1014 14:50:59.968116  8215 work_thread.hpp:81]  [T-Work-Detect_0] Run work: WorkDetect
I1014 14:50:59.968153  8215 work_detect.cpp:102] Succeeded to add det start for frame 31
I1014 14:50:59.974835  8215 work_detect.cpp:70] Frame :31 detect result :2 face(s)
W1014 14:50:59.974951  8215 work_detect.cpp:83] Invalid bbox: [136 x 163 from (195, 233)]
I1014 14:50:59.975010  8215 work_detect.cpp:86] Detected bbox: [30 x 35 from (298, 89)]
I1014 14:50:59.975054  8215 work_detect.cpp:120] Succeeded to add det end for frame 31
I1014 14:50:59.975070  8215 work_thread.hpp:81]  [T-Work-Detect_0] Run work: WrokTrack
I1014 14:50:59.975095  8215 work_track.cpp:82] Frame: 31 build input_characts: [0.046875 x 0.0972222 from (0.465625, 0.247222)], 0.991885, 0
I1014 14:50:59.975152  8215 work_track.cpp:102] Succeeded to set track lock for frame 31
I1014 14:50:59.975191  8215 work_track.cpp:116] Succeeded to release track lock for frame 31
I1014 14:50:59.975205  8215 work_track.cpp:120] Track results of frame 31: 1 objects input, 1 objects tracked!
I1014 14:50:59.975224  8215 work_track.cpp:148] Frame: 31, track bbox: [30 x 35 from (298.266, 89.3538)], gid: 0, lid: 0
I1014 14:50:59.975256  8215 work_thread.hpp:87]  [T-Work-Detect_0] Frame :31 split
I1014 14:50:59.975273  8215 work_thread.hpp:120]  [T-Work-Detect_0] Valid piece: gid = 0
I1014 14:50:59.975291  8215 work_thread.hpp:91]  [T-Work-Detect_0] Push to split queue:recog
I1014 14:50:59.975337  8216 work_thread.hpp:81]  [T-Work-Recog_0] Run work: WorkCapture
I1014 14:50:59.975553  8218 thread_intergrate.hpp:78] [T-Intergrate-intergrate] queue: frame output frame :31
I1014 14:50:59.975811  8216 work_thread.hpp:81]  [T-Work-Recog_0] Run work: WorkRecog
W1014 14:50:59.975832  8216 work_recog.hpp:118] Face id: 0 has low quality : 0.00827152, no need to recog
I1014 14:50:59.975881  8216 work_thread.hpp:81]  [T-Work-Recog_0] Run work: WorkCompare
I1014 14:50:59.977058  8214 demo_inner.hpp:435] thread [SORT-0]  frame id 31 sorting queue size 10   FPS: 29.7915
I1014 14:51:00.003913  8212 demo_inner.hpp:177] decode queue size 0
I1014 14:51:00.004048  8215 work_thread.hpp:81]  [T-Work-Detect_0] Run work: WorkDetect
I1014 14:51:00.004086  8215 work_detect.cpp:102] Succeeded to add det start for frame 32
I1014 14:51:00.011512  8215 work_detect.cpp:70] Frame :32 detect result :2 face(s)
W1014 14:51:00.011564  8215 work_detect.cpp:83] Invalid bbox: [138 x 154 from (197, 235)]
I1014 14:51:00.012027  8215 work_detect.cpp:86] Detected bbox: [30 x 35 from (298, 90)]
I1014 14:51:00.012073  8215 work_detect.cpp:120] Succeeded to add det end for frame 32
I1014 14:51:00.012090  8215 work_thread.hpp:81]  [T-Work-Detect_0] Run work: WrokTrack
I1014 14:51:00.012115  8215 work_track.cpp:82] Frame: 32 build input_characts: [0.046875 x 0.0972222 from (0.465625, 0.25)], 0.989534, 0
I1014 14:51:00.012190  8215 work_track.cpp:102] Succeeded to set track lock for frame 32
I1014 14:51:00.012231  8215 work_track.cpp:116] Succeeded to release track lock for frame 32
I1014 14:51:00.012245  8215 work_track.cpp:120] Track results of frame 32: 1 objects input, 1 objects tracked!
I1014 14:51:00.012264  8215 work_track.cpp:148] Frame: 32, track bbox: [30 x 35 from (298.115, 89.6904)], gid: 0, lid: 0
I1014 14:51:00.012300  8215 work_thread.hpp:87]  [T-Work-Detect_0] Frame :32 split
I1014 14:51:00.012317  8215 work_thread.hpp:120]  [T-Work-Detect_0] Valid piece: gid = 0
I1014 14:51:00.012336  8215 work_thread.hpp:91]  [T-Work-Detect_0] Push to split queue:recog
I1014 14:51:00.012384  8216 work_thread.hpp:81]  [T-Work-Recog_0] Run work: WorkCapture
I1014 14:51:00.013015  8216 work_thread.hpp:81]  [T-Work-Recog_0] Run work: WorkRecog
W1014 14:51:00.013037  8216 work_recog.hpp:118] Face id: 0 has low quality : 0.0039766, no need to recog
I1014 14:51:00.013097  8216 work_thread.hpp:81]  [T-Work-Recog_0] Run work: WorkCompare
I1014 14:51:00.013180  8218 thread_intergrate.hpp:78] [T-Intergrate-intergrate] queue: frame output frame :32
I1014 14:51:00.034060  8212 demo_inner.hpp:177] decode queue size 0
I1014 14:51:00.034189  8215 work_thread.hpp:81]  [T-Work-Detect_0] Run work: WorkDetect
I1014 14:51:00.034227  8215 work_detect.cpp:102] Succeeded to add det start for frame 33
I1014 14:51:00.040988  8215 work_detect.cpp:70] Frame :33 detect result :2 face(s)
W1014 14:51:00.041030  8215 work_detect.cpp:83] Invalid bbox: [134 x 159 from (198, 231)]
I1014 14:51:00.041426  8215 work_detect.cpp:86] Detected bbox: [30 x 34 from (298, 90)]
I1014 14:51:00.041471  8215 work_detect.cpp:120] Succeeded to add det end for frame 33
I1014 14:51:00.041488  8215 work_thread.hpp:81]  [T-Work-Detect_0] Run work: WrokTrack
I1014 14:51:00.041512  8215 work_track.cpp:82] Frame: 33 build input_characts: [0.046875 x 0.0944444 from (0.465625, 0.25)], 0.989534, 0
I1014 14:51:00.041568  8215 work_track.cpp:102] Succeeded to set track lock for frame 33
I1014 14:51:00.041610  8215 work_track.cpp:116] Succeeded to release track lock for frame 33
I1014 14:51:00.041625  8215 work_track.cpp:120] Track results of frame 33: 1 objects input, 1 objects tracked!
I1014 14:51:00.041642  8215 work_track.cpp:148] Frame: 33, track bbox: [30 x 34 from (297.888, 89.9081)], gid: 0, lid: 0
I1014 14:51:00.041676  8215 work_thread.hpp:87]  [T-Work-Detect_0] Frame :33 split
I1014 14:51:00.041693  8215 work_thread.hpp:120]  [T-Work-Detect_0] Valid piece: gid = 0
I1014 14:51:00.041712  8215 work_thread.hpp:91]  [T-Work-Detect_0] Push to split queue:recog
I1014 14:51:00.041761  8216 work_thread.hpp:81]  [T-Work-Recog_0] Run work: WorkCapture
I1014 14:51:00.041982  8218 thread_intergrate.hpp:78] [T-Intergrate-intergrate] queue: frame output frame :33
I1014 14:51:00.042217  8216 work_thread.hpp:81]  [T-Work-Recog_0] Run work: WorkRecog
W1014 14:51:00.042240  8216 work_recog.hpp:118] Face id: 0 has low quality : 0.00648938, no need to recog
I1014 14:51:00.042289  8216 work_thread.hpp:81]  [T-Work-Recog_0] Run work: WorkCompare
I1014 14:51:00.070010  8212 demo_inner.hpp:177] decode queue size 0
I1014 14:51:00.070137  8215 work_thread.hpp:81]  [T-Work-Detect_0] Run work: WorkDetect
I1014 14:51:00.070174  8215 work_detect.cpp:102] Succeeded to add det start for frame 34
I1014 14:51:00.076884  8215 work_detect.cpp:70] Frame :34 detect result :2 face(s)
W1014 14:51:00.076928  8215 work_detect.cpp:83] Invalid bbox: [139 x 164 from (194, 233)]
I1014 14:51:00.077037  8215 work_detect.cpp:86] Detected bbox: [30 x 35 from (298, 90)]
I1014 14:51:00.077081  8215 work_detect.cpp:120] Succeeded to add det end for frame 34
I1014 14:51:00.077097  8215 work_thread.hpp:81]  [T-Work-Detect_0] Run work: WrokTrack
I1014 14:51:00.077121  8215 work_track.cpp:82] Frame: 34 build input_characts: [0.046875 x 0.0972222 from (0.465625, 0.25)], 0.989534, 0
I1014 14:51:00.077179  8215 work_track.cpp:102] Succeeded to set track lock for frame 34
I1014 14:51:00.077220  8215 work_track.cpp:116] Succeeded to release track lock for frame 34
I1014 14:51:00.077235  8215 work_track.cpp:120] Track results of frame 34: 1 objects input, 1 objects tracked!
I1014 14:51:00.077253  8215 work_track.cpp:148] Frame: 34, track bbox: [30 x 35 from (297.77, 89.7092)], gid: 0, lid: 0
I1014 14:51:00.077288  8215 work_thread.hpp:87]  [T-Work-Detect_0] Frame :34 split
I1014 14:51:00.077306  8215 work_thread.hpp:120]  [T-Work-Detect_0] Valid piece: gid = 0
I1014 14:51:00.077323  8215 work_thread.hpp:91]  [T-Work-Detect_0] Push to split queue:recog
I1014 14:51:00.077373  8217 work_thread.hpp:81]  [T-Work-Recog_1] Run work: WorkCapture
I1014 14:51:00.077378  8218 thread_intergrate.hpp:78] [T-Intergrate-intergrate] queue: frame output frame :34
I1014 14:51:00.077864  8217 work_thread.hpp:81]  [T-Work-Recog_1] Run work: WorkRecog
W1014 14:51:00.077886  8217 work_recog.hpp:118] Face id: 0 has low quality : 0.00397661, no need to recog
I1014 14:51:00.077960  8217 work_thread.hpp:81]  [T-Work-Recog_1] Run work: WorkCompare
I1014 14:51:00.100026  8212 demo_inner.hpp:177] decode queue size 0
I1014 14:51:00.100144  8215 work_thread.hpp:81]  [T-Work-Detect_0] Run work: WorkDetect
I1014 14:51:00.100209  8215 work_detect.cpp:102] Succeeded to add det start for frame 35
I1014 14:51:00.106802  8215 work_detect.cpp:70] Frame :35 detect result :2 face(s)
W1014 14:51:00.106839  8215 work_detect.cpp:83] Invalid bbox: [136 x 158 from (197, 233)]
I1014 14:51:00.106925  8215 work_detect.cpp:86] Detected bbox: [31 x 35 from (297, 90)]
I1014 14:51:00.107012  8215 work_detect.cpp:120] Succeeded to add det end for frame 35
I1014 14:51:00.107029  8215 work_thread.hpp:81]  [T-Work-Detect_0] Run work: WrokTrack
I1014 14:51:00.107053  8215 work_track.cpp:82] Frame: 35 build input_characts: [0.0484375 x 0.0972222 from (0.464063, 0.25)], 0.991885, 0
I1014 14:51:00.107108  8215 work_track.cpp:102] Succeeded to set track lock for frame 35
I1014 14:51:00.107148  8215 work_track.cpp:116] Succeeded to release track lock for frame 35
I1014 14:51:00.107163  8215 work_track.cpp:120] Track results of frame 35: 1 objects input, 1 objects tracked!
I1014 14:51:00.107182  8215 work_track.cpp:148] Frame: 35, track bbox: [31 x 35 from (297.133, 89.9271)], gid: 0, lid: 0
I1014 14:51:00.107216  8215 work_thread.hpp:87]  [T-Work-Detect_0] Frame :35 split
I1014 14:51:00.107234  8215 work_thread.hpp:120]  [T-Work-Detect_0] Valid piece: gid = 0
I1014 14:51:00.107251  8215 work_thread.hpp:91]  [T-Work-Detect_0] Push to split queue:recog
I1014 14:51:00.107302  8217 work_thread.hpp:81]  [T-Work-Recog_1] Run work: WorkCapture
I1014 14:51:00.107316  8218 thread_intergrate.hpp:78] [T-Intergrate-intergrate] queue: frame output frame :35
I1014 14:51:00.107873  8217 work_thread.hpp:81]  [T-Work-Recog_1] Run work: WorkRecog
W1014 14:51:00.107895  8217 work_recog.hpp:118] Face id: 0 has low quality : 0.00648937, no need to recog
I1014 14:51:00.107983  8217 work_thread.hpp:81]  [T-Work-Recog_1] Run work: WorkCompare
I1014 14:51:00.135968  8212 demo_inner.hpp:177] decode queue size 0
I1014 14:51:00.136098  8215 work_thread.hpp:81]  [T-Work-Detect_0] Run work: WorkDetect
I1014 14:51:00.136135  8215 work_detect.cpp:102] Succeeded to add det start for frame 36
I1014 14:51:00.142891  8215 work_detect.cpp:70] Frame :36 detect result :2 face(s)
W1014 14:51:00.142932  8215 work_detect.cpp:83] Invalid bbox: [135 x 156 from (199, 232)]
I1014 14:51:00.143059  8215 work_detect.cpp:86] Detected bbox: [30 x 36 from (298, 89)]
I1014 14:51:00.143102  8215 work_detect.cpp:120] Succeeded to add det end for frame 36
I1014 14:51:00.143119  8215 work_thread.hpp:81]  [T-Work-Detect_0] Run work: WrokTrack
I1014 14:51:00.143143  8215 work_track.cpp:82] Frame: 36 build input_characts: [0.046875 x 0.1 from (0.465625, 0.247222)], 0.991885, 0
I1014 14:51:00.143200  8215 work_track.cpp:102] Succeeded to set track lock for frame 36
I1014 14:51:00.143241  8215 work_track.cpp:116] Succeeded to release track lock for frame 36
I1014 14:51:00.143255  8215 work_track.cpp:120] Track results of frame 36: 1 objects input, 1 objects tracked!
I1014 14:51:00.143273  8215 work_track.cpp:148] Frame: 36, track bbox: [30 x 36 from (297.81, 89.379)], gid: 0, lid: 0
I1014 14:51:00.143307  8215 work_thread.hpp:87]  [T-Work-Detect_0] Frame :36 split
I1014 14:51:00.143326  8215 work_thread.hpp:120]  [T-Work-Detect_0] Valid piece: gid = 0
I1014 14:51:00.143343  8215 work_thread.hpp:91]  [T-Work-Detect_0] Push to split queue:recog
I1014 14:51:00.143393  8217 work_thread.hpp:81]  [T-Work-Recog_1] Run work: WorkCapture
I1014 14:51:00.143394  8218 thread_intergrate.hpp:78] [T-Intergrate-intergrate] queue: frame output frame :36
I1014 14:51:00.143884  8217 work_thread.hpp:81]  [T-Work-Recog_1] Run work: WorkRecog
W1014 14:51:00.143908  8217 work_recog.hpp:118] Face id: 0 has low quality : 0.00397661, no need to recog
I1014 14:51:00.143959  8217 work_thread.hpp:81]  [T-Work-Recog_1] Run work: WorkCompare
I1014 14:51:00.166016  8212 demo_inner.hpp:177] decode queue size 0
I1014 14:51:00.166136  8215 work_thread.hpp:81]  [T-Work-Detect_0] Run work: WorkDetect
I1014 14:51:00.166172  8215 work_detect.cpp:102] Succeeded to add det start for frame 37
I1014 14:51:00.172802  8215 work_detect.cpp:70] Frame :37 detect result :2 face(s)
W1014 14:51:00.172835  8215 work_detect.cpp:83] Invalid bbox: [138 x 159 from (197, 233)]
I1014 14:51:00.172942  8215 work_detect.cpp:86] Detected bbox: [31 x 35 from (297, 90)]
I1014 14:51:00.172986  8215 work_detect.cpp:120] Succeeded to add det end for frame 37
I1014 14:51:00.173002  8215 work_thread.hpp:81]  [T-Work-Detect_0] Run work: WrokTrack
I1014 14:51:00.173071  8215 work_track.cpp:82] Frame: 37 build input_characts: [0.0484375 x 0.0972222 from (0.464063, 0.25)], 0.991885, 0
I1014 14:51:00.173130  8215 work_track.cpp:102] Succeeded to set track lock for frame 37
I1014 14:51:00.173171  8215 work_track.cpp:116] Succeeded to release track lock for frame 37
I1014 14:51:00.173185  8215 work_track.cpp:120] Track results of frame 37: 1 objects input, 1 objects tracked!
I1014 14:51:00.173203  8215 work_track.cpp:148] Frame: 37, track bbox: [31 x 35 from (297.092, 89.8269)], gid: 0, lid: 0
I1014 14:51:00.173269  8215 work_thread.hpp:87]  [T-Work-Detect_0] Frame :37 split
I1014 14:51:00.173288  8215 work_thread.hpp:120]  [T-Work-Detect_0] Valid piece: gid = 0
I1014 14:51:00.173306  8215 work_thread.hpp:91]  [T-Work-Detect_0] Push to split queue:recog
I1014 14:51:00.173350  8217 work_thread.hpp:81]  [T-Work-Recog_1] Run work: WorkCapture
I1014 14:51:00.173357  8218 thread_intergrate.hpp:78] [T-Intergrate-intergrate] queue: frame output frame :37
I1014 14:51:00.173840  8217 work_thread.hpp:81]  [T-Work-Recog_1] Run work: WorkRecog
W1014 14:51:00.173862  8217 work_recog.hpp:118] Face id: 0 has low quality : 0.00449656, no need to recog
I1014 14:51:00.173938  8217 work_thread.hpp:81]  [T-Work-Recog_1] Run work: WorkCompare
I1014 14:51:00.184684  8218 thread_intergrate.hpp:95] T-Intergrate-intergrate Try push queue sorting again 5 vs 5
I1014 14:51:00.194772  8218 thread_intergrate.hpp:95] T-Intergrate-intergrate Try push queue sorting again 5 vs 5
I1014 14:51:00.201974  8212 demo_inner.hpp:177] decode queue size 0
I1014 14:51:00.202107  8215 work_thread.hpp:81]  [T-Work-Detect_0] Run work: WorkDetect
I1014 14:51:00.202142  8215 work_detect.cpp:102] Succeeded to add det start for frame 38
I1014 14:51:00.204879  8218 thread_intergrate.hpp:95] T-Intergrate-intergrate Try push queue sorting again 5 vs 5
I1014 14:51:00.208941  8215 work_detect.cpp:70] Frame :38 detect result :2 face(s)
W1014 14:51:00.208962  8215 work_detect.cpp:83] Invalid bbox: [138 x 152 from (197, 236)]
I1014 14:51:00.209072  8215 work_detect.cpp:86] Detected bbox: [29 x 34 from (297, 90)]
I1014 14:51:00.209115  8215 work_detect.cpp:120] Succeeded to add det end for frame 38
I1014 14:51:00.209131  8215 work_thread.hpp:81]  [T-Work-Detect_0] Run work: WrokTrack
I1014 14:51:00.209152  8215 work_track.cpp:82] Frame: 38 build input_characts: [0.0453125 x 0.0944444 from (0.464063, 0.25)], 0.991885, 0
I1014 14:51:00.209209  8215 work_track.cpp:102] Succeeded to set track lock for frame 38
I1014 14:51:00.209249  8215 work_track.cpp:116] Succeeded to release track lock for frame 38
I1014 14:51:00.209264  8215 work_track.cpp:120] Track results of frame 38: 1 objects input, 1 objects tracked!
I1014 14:51:00.209282  8215 work_track.cpp:148] Frame: 38, track bbox: [29 x 34 from (297.482, 90.2121)], gid: 0, lid: 0
I1014 14:51:00.209317  8215 work_thread.hpp:87]  [T-Work-Detect_0] Frame :38 split
I1014 14:51:00.209336  8215 work_thread.hpp:120]  [T-Work-Detect_0] Valid piece: gid = 0
I1014 14:51:00.209353  8215 work_thread.hpp:91]  [T-Work-Detect_0] Push to split queue:recog
I1014 14:51:00.209396  8216 work_thread.hpp:81]  [T-Work-Recog_0] Run work: WorkCapture
I1014 14:51:00.209849  8216 work_thread.hpp:81]  [T-Work-Recog_0] Run work: WorkRecog
W1014 14:51:00.209870  8216 work_recog.hpp:118] Face id: 0 has low quality : 0.010522, no need to recog
I1014 14:51:00.209918  8216 work_thread.hpp:81]  [T-Work-Recog_0] Run work: WorkCompare
I1014 14:51:00.214987  8218 thread_intergrate.hpp:95] T-Intergrate-intergrate Try push queue sorting again 5 vs 5
I1014 14:51:00.225070  8218 thread_intergrate.hpp:95] T-Intergrate-intergrate Try push queue sorting again 5 vs 5
I1014 14:51:00.235160  8218 thread_intergrate.hpp:95] T-Intergrate-intergrate Try push queue sorting again 5 vs 5
I1014 14:51:00.237857  8212 demo_inner.hpp:177] decode queue size 0
I1014 14:51:00.237978  8215 work_thread.hpp:81]  [T-Work-Detect_0] Run work: WorkDetect
I1014 14:51:00.238011  8215 work_detect.cpp:102] Succeeded to add det start for frame 39
I1014 14:51:00.244858  8215 work_detect.cpp:70] Frame :39 detect result :2 face(s)
W1014 14:51:00.244896  8215 work_detect.cpp:83] Invalid bbox: [137 x 156 from (196, 233)]
I1014 14:51:00.244999  8215 work_detect.cpp:86] Detected bbox: [29 x 33 from (297, 91)]
I1014 14:51:00.245043  8215 work_detect.cpp:120] Succeeded to add det end for frame 39
I1014 14:51:00.245059  8215 work_thread.hpp:81]  [T-Work-Detect_0] Run work: WrokTrack
I1014 14:51:00.245082  8215 work_track.cpp:82] Frame: 39 build input_characts: [0.0453125 x 0.0916667 from (0.464063, 0.252778)], 0.989534, 0
I1014 14:51:00.245141  8215 work_track.cpp:102] Succeeded to set track lock for frame 39
I1014 14:51:00.245179  8215 work_track.cpp:116] Succeeded to release track lock for frame 39
I1014 14:51:00.245194  8215 work_track.cpp:120] Track results of frame 39: 1 objects input, 1 objects tracked!
I1014 14:51:00.245213  8215 work_track.cpp:148] Frame: 39, track bbox: [29 x 33 from (297.034, 90.7683)], gid: 0, lid: 0
I1014 14:51:00.245266  8218 thread_intergrate.hpp:95] T-Intergrate-intergrate Try push queue sorting again 5 vs 5
I1014 14:51:00.245247  8215 work_thread.hpp:87]  [T-Work-Detect_0] Frame :39 split
I1014 14:51:00.245321  8215 work_thread.hpp:120]  [T-Work-Detect_0] Valid piece: gid = 0
I1014 14:51:00.245340  8215 work_thread.hpp:91]  [T-Work-Detect_0] Push to split queue:recog
I1014 14:51:00.245381  8216 work_thread.hpp:81]  [T-Work-Recog_0] Run work: WorkCapture
I1014 14:51:00.245832  8216 work_thread.hpp:81]  [T-Work-Recog_0] Run work: WorkRecog
W1014 14:51:00.245854  8216 work_recog.hpp:118] Face id: 0 has low quality : 0.00574437, no need to recog
I1014 14:51:00.245903  8216 work_thread.hpp:81]  [T-Work-Recog_0] Run work: WorkCompare
I1014 14:51:00.251210  8213 demo_inner.hpp:260]  gui queue size 9, state = running
I1014 14:51:00.252625  8218 thread_intergrate.hpp:78] [T-Intergrate-intergrate] queue: frame output frame :38
I1014 14:51:00.252678  8214 demo_inner.hpp:435] thread [SORT-0]  frame id 32 sorting queue size 1   FPS: 24.1621
I1014 14:51:00.252970  8214 demo_inner.hpp:435] thread [SORT-0]  frame id 33 sorting queue size 2   FPS: 24.9415
I1014 14:51:00.253326  8214 demo_inner.hpp:435] thread [SORT-0]  frame id 34 sorting queue size 3   FPS: 25.7009
I1014 14:51:00.253648  8214 demo_inner.hpp:435] thread [SORT-0]  frame id 35 sorting queue size 4   FPS: 26.4798
I1014 14:51:00.254045  8214 demo_inner.hpp:435] thread [SORT-0]  frame id 36 sorting queue size 5   FPS: 27.2586
I1014 14:51:00.254447  8214 demo_inner.hpp:435] thread [SORT-0]  frame id 37 sorting queue size 6   FPS: 28.0156
I1014 14:51:00.255129  8213 demo_inner.hpp:260]  gui queue size 6, state = running
I1014 14:51:00.256122  8218 thread_intergrate.hpp:78] [T-Intergrate-intergrate] queue: frame output frame :39
I1014 14:51:00.256624  8214 demo_inner.hpp:435] thread [SORT-0]  frame id 38 sorting queue size 0   FPS: 28.749
I1014 14:51:00.257692  8214 demo_inner.hpp:435] thread [SORT-0]  frame id 39 sorting queue size 1   FPS: 29.5031
I1014 14:51:00.259326  8213 demo_inner.hpp:260]  gui queue size 1, state = running
I1014 14:51:00.267928  8212 demo_inner.hpp:177] decode queue size 0
I1014 14:51:00.268036  8215 work_thread.hpp:81]  [T-Work-Detect_0] Run work: WorkDetect
I1014 14:51:00.268074  8215 work_detect.cpp:102] Succeeded to add det start for frame 40
I1014 14:51:00.274688  8215 work_detect.cpp:70] Frame :40 detect result :2 face(s)
W1014 14:51:00.274736  8215 work_detect.cpp:83] Invalid bbox: [133 x 158 from (198, 232)]
I1014 14:51:00.274824  8215 work_detect.cpp:86] Detected bbox: [28 x 33 from (297, 91)]
I1014 14:51:00.274871  8215 work_detect.cpp:120] Succeeded to add det end for frame 40
I1014 14:51:00.274888  8215 work_thread.hpp:81]  [T-Work-Detect_0] Run work: WrokTrack
I1014 14:51:00.274912  8215 work_track.cpp:82] Frame: 40 build input_characts: [0.04375 x 0.0916667 from (0.464063, 0.252778)], 0.989534, 0
I1014 14:51:00.274969  8215 work_track.cpp:102] Succeeded to set track lock for frame 40
I1014 14:51:00.275009  8215 work_track.cpp:116] Succeeded to release track lock for frame 40
I1014 14:51:00.275068  8215 work_track.cpp:120] Track results of frame 40: 1 objects input, 1 objects tracked!
I1014 14:51:00.275089  8215 work_track.cpp:148] Frame: 40, track bbox: [28 x 33 from (297.067, 90.9047)], gid: 0, lid: 0
I1014 14:51:00.275125  8215 work_thread.hpp:87]  [T-Work-Detect_0] Frame :40 split
I1014 14:51:00.275143  8215 work_thread.hpp:120]  [T-Work-Detect_0] Valid piece: gid = 0
I1014 14:51:00.275162  8215 work_thread.hpp:91]  [T-Work-Detect_0] Push to split queue:recog
I1014 14:51:00.275207  8216 work_thread.hpp:81]  [T-Work-Recog_0] Run work: WorkCapture
I1014 14:51:00.275420  8218 thread_intergrate.hpp:78] [T-Intergrate-intergrate] queue: frame output frame :40
I1014 14:51:00.275669  8216 work_thread.hpp:81]  [T-Work-Recog_0] Run work: WorkRecog
W1014 14:51:00.275691  8216 work_recog.hpp:118] Face id: 0 has low quality : 0.00732809, no need to recog
I1014 14:51:00.275764  8216 work_thread.hpp:81]  [T-Work-Recog_0] Run work: WorkCompare
I1014 14:51:00.277099  8214 demo_inner.hpp:435] thread [SORT-0]  frame id 40 sorting queue size 0   FPS: 29.8393
I1014 14:51:00.279384  8213 demo_inner.hpp:260]  gui queue size 0, state = running
I1014 14:51:00.303966  8212 demo_inner.hpp:177] decode queue size 0
I1014 14:51:00.304076  8215 work_thread.hpp:81]  [T-Work-Detect_0] Run work: WorkDetect
I1014 14:51:00.304111  8215 work_detect.cpp:102] Succeeded to add det start for frame 41
I1014 14:51:00.310602  8215 work_detect.cpp:70] Frame :41 detect result :2 face(s)
W1014 14:51:00.310643  8215 work_detect.cpp:83] Invalid bbox: [137 x 159 from (194, 236)]
I1014 14:51:00.310756  8215 work_detect.cpp:86] Detected bbox: [30 x 34 from (296, 91)]
I1014 14:51:00.310801  8215 work_detect.cpp:120] Succeeded to add det end for frame 41
I1014 14:51:00.310817  8215 work_thread.hpp:81]  [T-Work-Detect_0] Run work: WrokTrack
I1014 14:51:00.310842  8215 work_track.cpp:82] Frame: 41 build input_characts: [0.046875 x 0.0944444 from (0.4625, 0.252778)], 0.991885, 0
I1014 14:51:00.310899  8215 work_track.cpp:102] Succeeded to set track lock for frame 41
I1014 14:51:00.310938  8215 work_track.cpp:116] Succeeded to release track lock for frame 41
I1014 14:51:00.310953  8215 work_track.cpp:120] Track results of frame 41: 1 objects input, 1 objects tracked!
I1014 14:51:00.310971  8215 work_track.cpp:148] Frame: 41, track bbox: [30 x 34 from (295.719, 90.8146)], gid: 0, lid: 0
I1014 14:51:00.311007  8215 work_thread.hpp:87]  [T-Work-Detect_0] Frame :41 split
I1014 14:51:00.311023  8215 work_thread.hpp:120]  [T-Work-Detect_0] Valid piece: gid = 0
I1014 14:51:00.311041  8215 work_thread.hpp:91]  [T-Work-Detect_0] Push to split queue:recog
I1014 14:51:00.311086  8217 work_thread.hpp:81]  [T-Work-Recog_1] Run work: WorkCapture
I1014 14:51:00.311086  8218 thread_intergrate.hpp:78] [T-Intergrate-intergrate] queue: frame output frame :41
I1014 14:51:00.311584  8217 work_thread.hpp:81]  [T-Work-Recog_1] Run work: WorkRecog
W1014 14:51:00.311607  8217 work_recog.hpp:118] Face id: 0 has low quality : 0.00574435, no need to recog
I1014 14:51:00.311669  8217 work_thread.hpp:81]  [T-Work-Recog_1] Run work: WorkCompare
I1014 14:51:00.312829  8214 demo_inner.hpp:435] thread [SORT-0]  frame id 41 sorting queue size 0   FPS: 29.7841
I1014 14:51:00.312893  8213 demo_inner.hpp:260]  gui queue size 0, state = running
I1014 14:51:00.334050  8212 demo_inner.hpp:177] decode queue size 0
I1014 14:51:00.334162  8215 work_thread.hpp:81]  [T-Work-Detect_0] Run work: WorkDetect
I1014 14:51:00.334198  8215 work_detect.cpp:102] Succeeded to add det start for frame 42
I1014 14:51:00.340785  8215 work_detect.cpp:70] Frame :42 detect result :2 face(s)
W1014 14:51:00.340833  8215 work_detect.cpp:83] Invalid bbox: [137 x 160 from (194, 235)]
I1014 14:51:00.340943  8215 work_detect.cpp:86] Detected bbox: [29 x 34 from (296, 90)]
I1014 14:51:00.340987  8215 work_detect.cpp:120] Succeeded to add det end for frame 42
I1014 14:51:00.341004  8215 work_thread.hpp:81]  [T-Work-Detect_0] Run work: WrokTrack
I1014 14:51:00.341028  8215 work_track.cpp:82] Frame: 42 build input_characts: [0.0453125 x 0.0944444 from (0.4625, 0.25)], 0.989534, 0
I1014 14:51:00.341127  8215 work_track.cpp:102] Succeeded to set track lock for frame 42
I1014 14:51:00.341167  8215 work_track.cpp:116] Succeeded to release track lock for frame 42
I1014 14:51:00.341182  8215 work_track.cpp:120] Track results of frame 42: 1 objects input, 1 objects tracked!
I1014 14:51:00.341200  8215 work_track.cpp:148] Frame: 42, track bbox: [29 x 34 from (295.984, 90.4654)], gid: 0, lid: 0
I1014 14:51:00.341235  8215 work_thread.hpp:87]  [T-Work-Detect_0] Frame :42 split
I1014 14:51:00.341253  8215 work_thread.hpp:120]  [T-Work-Detect_0] Valid piece: gid = 0
I1014 14:51:00.341271  8215 work_thread.hpp:91]  [T-Work-Detect_0] Push to split queue:recog
I1014 14:51:00.341321  8218 thread_intergrate.hpp:78] [T-Intergrate-intergrate] queue: frame output frame :42
I1014 14:51:00.341325  8217 work_thread.hpp:81]  [T-Work-Recog_1] Run work: WorkCapture
I1014 14:51:00.341892  8217 work_thread.hpp:81]  [T-Work-Recog_1] Run work: WorkRecog
W1014 14:51:00.341922  8217 work_recog.hpp:118] Face id: 0 has low quality : 0.0133509, no need to recog
I1014 14:51:00.341994  8217 work_thread.hpp:81]  [T-Work-Recog_1] Run work: WorkCompare
I1014 14:51:00.343036  8214 demo_inner.hpp:435] thread [SORT-0]  frame id 42 sorting queue size 0   FPS: 29.8616
I1014 14:51:00.343101  8213 demo_inner.hpp:260]  gui queue size 0, state = running
I1014 14:51:00.369680  8212 demo_inner.hpp:177] decode queue size 0
I1014 14:51:00.369793  8215 work_thread.hpp:81]  [T-Work-Detect_0] Run work: WorkDetect
I1014 14:51:00.369827  8215 work_detect.cpp:102] Succeeded to add det start for frame 43
I1014 14:51:00.376423  8215 work_detect.cpp:70] Frame :43 detect result :2 face(s)
W1014 14:51:00.376466  8215 work_detect.cpp:83] Invalid bbox: [134 x 157 from (188, 240)]
I1014 14:51:00.376693  8215 work_detect.cpp:86] Detected bbox: [29 x 34 from (296, 91)]
I1014 14:51:00.376737  8215 work_detect.cpp:120] Succeeded to add det end for frame 43
I1014 14:51:00.376754  8215 work_thread.hpp:81]  [T-Work-Detect_0] Run work: WrokTrack
I1014 14:51:00.376778  8215 work_track.cpp:82] Frame: 43 build input_characts: [0.0453125 x 0.0944444 from (0.4625, 0.252778)], 0.993397, 0
I1014 14:51:00.376834  8215 work_track.cpp:102] Succeeded to set track lock for frame 43
I1014 14:51:00.376875  8215 work_track.cpp:116] Succeeded to release track lock for frame 43
I1014 14:51:00.376890  8215 work_track.cpp:120] Track results of frame 43: 1 objects input, 1 objects tracked!
I1014 14:51:00.376909  8215 work_track.cpp:148] Frame: 43, track bbox: [29 x 34 from (295.932, 90.7832)], gid: 0, lid: 0
I1014 14:51:00.376942  8215 work_thread.hpp:87]  [T-Work-Detect_0] Frame :43 split
I1014 14:51:00.376960  8215 work_thread.hpp:120]  [T-Work-Detect_0] Valid piece: gid = 0
I1014 14:51:00.376977  8215 work_thread.hpp:91]  [T-Work-Detect_0] Push to split queue:recog
I1014 14:51:00.377020  8217 work_thread.hpp:81]  [T-Work-Recog_1] Run work: WorkCapture
I1014 14:51:00.377022  8218 thread_intergrate.hpp:78] [T-Intergrate-intergrate] queue: frame output frame :43
I1014 14:51:00.377516  8217 work_thread.hpp:81]  [T-Work-Recog_1] Run work: WorkRecog
W1014 14:51:00.377538  8217 work_recog.hpp:118] Face id: 0 has low quality : 0.00574435, no need to recog
I1014 14:51:00.377616  8217 work_thread.hpp:81]  [T-Work-Recog_1] Run work: WorkCompare
I1014 14:51:00.378747  8214 demo_inner.hpp:435] thread [SORT-0]  frame id 43 sorting queue size 0   FPS: 29.8084
I1014 14:51:00.378813  8213 demo_inner.hpp:260]  gui queue size 0, state = running
I1014 14:51:00.399670  8212 demo_inner.hpp:177] decode queue size 0
I1014 14:51:00.399768  8215 work_thread.hpp:81]  [T-Work-Detect_0] Run work: WorkDetect
I1014 14:51:00.399801  8215 work_detect.cpp:102] Succeeded to add det start for frame 44
I1014 14:51:00.406309  8215 work_detect.cpp:70] Frame :44 detect result :2 face(s)
W1014 14:51:00.406350  8215 work_detect.cpp:83] Invalid bbox: [136 x 161 from (194, 235)]
I1014 14:51:00.406472  8215 work_detect.cpp:86] Detected bbox: [29 x 33 from (296, 91)]
I1014 14:51:00.406556  8215 work_detect.cpp:120] Succeeded to add det end for frame 44
I1014 14:51:00.406574  8215 work_thread.hpp:81]  [T-Work-Detect_0] Run work: WrokTrack
I1014 14:51:00.406599  8215 work_track.cpp:82] Frame: 44 build input_characts: [0.0453125 x 0.0916667 from (0.4625, 0.252778)], 0.991885, 0
I1014 14:51:00.406656  8215 work_track.cpp:102] Succeeded to set track lock for frame 44
I1014 14:51:00.406698  8215 work_track.cpp:116] Succeeded to release track lock for frame 44
I1014 14:51:00.406713  8215 work_track.cpp:120] Track results of frame 44: 1 objects input, 1 objects tracked!
I1014 14:51:00.406731  8215 work_track.cpp:148] Frame: 44, track bbox: [29 x 33 from (295.852, 91.1295)], gid: 0, lid: 0
I1014 14:51:00.406765  8215 work_thread.hpp:87]  [T-Work-Detect_0] Frame :44 split
I1014 14:51:00.406783  8215 work_thread.hpp:120]  [T-Work-Detect_0] Valid piece: gid = 0
I1014 14:51:00.406801  8215 work_thread.hpp:91]  [T-Work-Detect_0] Push to split queue:recog
I1014 14:51:00.406858  8216 work_thread.hpp:81]  [T-Work-Recog_0] Run work: WorkCapture
I1014 14:51:00.407071  8218 thread_intergrate.hpp:78] [T-Intergrate-intergrate] queue: frame output frame :44
I1014 14:51:00.407310  8216 work_thread.hpp:81]  [T-Work-Recog_0] Run work: WorkRecog
W1014 14:51:00.407331  8216 work_recog.hpp:118] Face id: 0 has low quality : 0.00732809, no need to recog
