I1014 12:07:07.141958  5677 work_track.cpp:120] Track results of frame 38: 0 objects input, 0 objects tracked!
I1014 12:07:07.141978  5677 work_thread.hpp:88]  [T-Work-Detect_0] Frame :38 split
I1014 12:07:07.142051  5680 thread_intergrate.hpp:78] [T-Intergrate-intergrate] queue: frame output frame :38
I1014 12:07:07.143568  5676 demo_inner.hpp:435] thread [SORT-0]  frame id 38 sorting queue size 0   FPS: 20.0325
I1014 12:07:07.143636  5675 demo_inner.hpp:260]  gui queue size 0, state = running
I1014 12:07:07.188776  5674 demo_inner.hpp:177] decode queue size 0
I1014 12:07:07.188880  5677 work_thread.hpp:81]  [T-Work-Detect_0] Run work: WorkDetect
I1014 12:07:07.188918  5677 work_detect.cpp:102] Succeeded to add det start for frame 39
I1014 12:07:07.195534  5677 work_detect.cpp:70] Frame :39 detect result :1 face(s)
W1014 12:07:07.195574  5677 work_detect.cpp:83] Invalid bbox: [181 x 211 from (281, 162)]
I1014 12:07:07.195647  5677 work_detect.cpp:120] Succeeded to add det end for frame 39
I1014 12:07:07.195663  5677 work_thread.hpp:81]  [T-Work-Detect_0] Run work: WrokTrack
I1014 12:07:07.195690  5677 work_track.cpp:102] Succeeded to set track lock for frame 39
I1014 12:07:07.195717  5677 work_track.cpp:116] Succeeded to release track lock for frame 39
I1014 12:07:07.195731  5677 work_track.cpp:120] Track results of frame 39: 0 objects input, 0 objects tracked!
I1014 12:07:07.195750  5677 work_thread.hpp:88]  [T-Work-Detect_0] Frame :39 split
I1014 12:07:07.195801  5680 thread_intergrate.hpp:78] [T-Intergrate-intergrate] queue: frame output frame :39
I1014 12:07:07.197330  5676 demo_inner.hpp:435] thread [SORT-0]  frame id 39 sorting queue size 0   FPS: 19.9895
I1014 12:07:07.197399  5675 demo_inner.hpp:260]  gui queue size 0, state = running
I1014 12:07:07.236871  5674 demo_inner.hpp:177] decode queue size 0
I1014 12:07:07.236974  5677 work_thread.hpp:81]  [T-Work-Detect_0] Run work: WorkDetect
I1014 12:07:07.237012  5677 work_detect.cpp:102] Succeeded to add det start for frame 40
I1014 12:07:07.243688  5677 work_detect.cpp:70] Frame :40 detect result :2 face(s)
W1014 12:07:07.243732  5677 work_detect.cpp:83] Invalid bbox: [185 x 214 from (277, 163)]
I1014 12:07:07.243795  5677 work_detect.cpp:86] Detected bbox: [87 x 106 from (306, 236)]
I1014 12:07:07.243840  5677 work_detect.cpp:120] Succeeded to add det end for frame 40
I1014 12:07:07.243856  5677 work_thread.hpp:81]  [T-Work-Detect_0] Run work: WrokTrack
I1014 12:07:07.243881  5677 work_track.cpp:82] Frame: 40 build input_characts: [0.135937 x 0.294444 from (0.478125, 0.655556)], 0.905415, 0
I1014 12:07:07.243937  5677 work_track.cpp:102] Succeeded to set track lock for frame 40
I1014 12:07:07.243971  5677 work_track.cpp:116] Succeeded to release track lock for frame 40
I1014 12:07:07.243985  5677 work_track.cpp:120] Track results of frame 40: 1 objects input, 0 objects tracked!
I1014 12:07:07.244004  5677 work_track.cpp:162] Frame: 40 lid: 1 not tracked, will set invalid
I1014 12:07:07.244019  5677 work_thread.hpp:88]  [T-Work-Detect_0] Frame :40 split
I1014 12:07:07.244036  5677 work_thread.hpp:124]  [T-Work-Detect_0] Invalid piece: lid = 1, drop it
I1014 12:07:07.244087  5680 thread_intergrate.hpp:78] [T-Intergrate-intergrate] queue: frame output frame :40
I1014 12:07:07.245568  5676 demo_inner.hpp:435] thread [SORT-0]  frame id 40 sorting queue size 0   FPS: 20.0103
I1014 12:07:07.245635  5675 demo_inner.hpp:260]  gui queue size 0, state = running
I1014 12:07:07.284854  5674 demo_inner.hpp:177] decode queue size 0
I1014 12:07:07.285033  5677 work_thread.hpp:81]  [T-Work-Detect_0] Run work: WorkDetect
I1014 12:07:07.285071  5677 work_detect.cpp:102] Succeeded to add det start for frame 41
I1014 12:07:07.291678  5677 work_detect.cpp:70] Frame :41 detect result :1 face(s)
W1014 12:07:07.291721  5677 work_detect.cpp:83] Invalid bbox: [189 x 220 from (277, 158)]
I1014 12:07:07.291792  5677 work_detect.cpp:120] Succeeded to add det end for frame 41
I1014 12:07:07.291810  5677 work_thread.hpp:81]  [T-Work-Detect_0] Run work: WrokTrack
I1014 12:07:07.291837  5677 work_track.cpp:102] Succeeded to set track lock for frame 41
I1014 12:07:07.291867  5677 work_track.cpp:116] Succeeded to release track lock for frame 41
I1014 12:07:07.291882  5677 work_track.cpp:120] Track results of frame 41: 0 objects input, 0 objects tracked!
I1014 12:07:07.291901  5677 work_thread.hpp:88]  [T-Work-Detect_0] Frame :41 split
I1014 12:07:07.291947  5680 thread_intergrate.hpp:78] [T-Intergrate-intergrate] queue: frame output frame :41
I1014 12:07:07.293447  5676 demo_inner.hpp:435] thread [SORT-0]  frame id 41 sorting queue size 0   FPS: 20.03
I1014 12:07:07.293516  5675 demo_inner.hpp:260]  gui queue size 0, state = running
I1014 12:07:07.338729  5674 demo_inner.hpp:177] decode queue size 0
I1014 12:07:07.338835  5677 work_thread.hpp:81]  [T-Work-Detect_0] Run work: WorkDetect
I1014 12:07:07.338873  5677 work_detect.cpp:102] Succeeded to add det start for frame 42
I1014 12:07:07.345567  5677 work_detect.cpp:70] Frame :42 detect result :1 face(s)
W1014 12:07:07.345614  5677 work_detect.cpp:83] Invalid bbox: [191 x 218 from (279, 163)]
I1014 12:07:07.345688  5677 work_detect.cpp:120] Succeeded to add det end for frame 42
I1014 12:07:07.345705  5677 work_thread.hpp:81]  [T-Work-Detect_0] Run work: WrokTrack
I1014 12:07:07.345732  5677 work_track.cpp:102] Succeeded to set track lock for frame 42
I1014 12:07:07.345767  5677 work_track.cpp:116] Succeeded to release track lock for frame 42
I1014 12:07:07.345780  5677 work_track.cpp:120] Track results of frame 42: 0 objects input, 0 objects tracked!
I1014 12:07:07.345799  5677 work_thread.hpp:88]  [T-Work-Detect_0] Frame :42 split
I1014 12:07:07.345844  5680 thread_intergrate.hpp:78] [T-Intergrate-intergrate] queue: frame output frame :42
I1014 12:07:07.347359  5676 demo_inner.hpp:435] thread [SORT-0]  frame id 42 sorting queue size 0   FPS: 19.9902
I1014 12:07:07.347430  5675 demo_inner.hpp:260]  gui queue size 0, state = running
I1014 12:07:07.386826  5674 demo_inner.hpp:177] decode queue size 0
I1014 12:07:07.386925  5677 work_thread.hpp:81]  [T-Work-Detect_0] Run work: WorkDetect
I1014 12:07:07.386963  5677 work_detect.cpp:102] Succeeded to add det start for frame 43
I1014 12:07:07.393623  5677 work_detect.cpp:70] Frame :43 detect result :1 face(s)
W1014 12:07:07.393664  5677 work_detect.cpp:83] Invalid bbox: [188 x 217 from (277, 161)]
I1014 12:07:07.393739  5677 work_detect.cpp:120] Succeeded to add det end for frame 43
I1014 12:07:07.393756  5677 work_thread.hpp:81]  [T-Work-Detect_0] Run work: WrokTrack
I1014 12:07:07.393784  5677 work_track.cpp:102] Succeeded to set track lock for frame 43
I1014 12:07:07.393811  5677 work_track.cpp:116] Succeeded to release track lock for frame 43
I1014 12:07:07.393826  5677 work_track.cpp:120] Track results of frame 43: 0 objects input, 0 objects tracked!
I1014 12:07:07.393843  5677 work_thread.hpp:88]  [T-Work-Detect_0] Frame :43 split
I1014 12:07:07.393914  5680 thread_intergrate.hpp:78] [T-Intergrate-intergrate] queue: frame output frame :43
I1014 12:07:07.395443  5676 demo_inner.hpp:435] thread [SORT-0]  frame id 43 sorting queue size 0   FPS: 19.9805
I1014 12:07:07.395524  5675 demo_inner.hpp:260]  gui queue size 0, state = running
I1014 12:07:07.434962  5674 demo_inner.hpp:177] decode queue size 0
I1014 12:07:07.435068  5677 work_thread.hpp:81]  [T-Work-Detect_0] Run work: WorkDetect
I1014 12:07:07.435106  5677 work_detect.cpp:102] Succeeded to add det start for frame 44
I1014 12:07:07.441790  5677 work_detect.cpp:70] Frame :44 detect result :1 face(s)
W1014 12:07:07.441906  5677 work_detect.cpp:83] Invalid bbox: [189 x 219 from (280, 162)]
I1014 12:07:07.442186  5677 work_detect.cpp:120] Succeeded to add det end for frame 44
I1014 12:07:07.442206  5677 work_thread.hpp:81]  [T-Work-Detect_0] Run work: WrokTrack
I1014 12:07:07.442234  5677 work_track.cpp:102] Succeeded to set track lock for frame 44
I1014 12:07:07.442262  5677 work_track.cpp:116] Succeeded to release track lock for frame 44
I1014 12:07:07.442276  5677 work_track.cpp:120] Track results of frame 44: 0 objects input, 0 objects tracked!
I1014 12:07:07.442296  5677 work_thread.hpp:88]  [T-Work-Detect_0] Frame :44 split
I1014 12:07:07.442344  5680 thread_intergrate.hpp:78] [T-Intergrate-intergrate] queue: frame output frame :44
I1014 12:07:07.443841  5676 demo_inner.hpp:435] thread [SORT-0]  frame id 44 sorting queue size 0   FPS: 20.0391
I1014 12:07:07.443917  5675 demo_inner.hpp:260]  gui queue size 0, state = running
I1014 12:07:07.488770  5674 demo_inner.hpp:177] decode queue size 0
I1014 12:07:07.488871  5677 work_thread.hpp:81]  [T-Work-Detect_0] Run work: WorkDetect
I1014 12:07:07.488909  5677 work_detect.cpp:102] Succeeded to add det start for frame 45
I1014 12:07:07.495681  5677 work_detect.cpp:70] Frame :45 detect result :1 face(s)
W1014 12:07:07.495728  5677 work_detect.cpp:83] Invalid bbox: [187 x 219 from (278, 157)]
I1014 12:07:07.495888  5677 work_detect.cpp:120] Succeeded to add det end for frame 45
I1014 12:07:07.495908  5677 work_thread.hpp:81]  [T-Work-Detect_0] Run work: WrokTrack
I1014 12:07:07.495934  5677 work_track.cpp:102] Succeeded to set track lock for frame 45
I1014 12:07:07.495961  5677 work_track.cpp:116] Succeeded to release track lock for frame 45
I1014 12:07:07.495976  5677 work_track.cpp:120] Track results of frame 45: 0 objects input, 0 objects tracked!
I1014 12:07:07.495995  5677 work_thread.hpp:88]  [T-Work-Detect_0] Frame :45 split
I1014 12:07:07.496049  5680 thread_intergrate.hpp:78] [T-Intergrate-intergrate] queue: frame output frame :45
I1014 12:07:07.497556  5676 demo_inner.hpp:435] thread [SORT-0]  frame id 45 sorting queue size 0   FPS: 19.9805
I1014 12:07:07.497623  5675 demo_inner.hpp:260]  gui queue size 0, state = running
I1014 12:07:07.536823  5674 demo_inner.hpp:177] decode queue size 0
I1014 12:07:07.536968  5677 work_thread.hpp:81]  [T-Work-Detect_0] Run work: WorkDetect
I1014 12:07:07.537006  5677 work_detect.cpp:102] Succeeded to add det start for frame 46
I1014 12:07:07.543679  5677 work_detect.cpp:70] Frame :46 detect result :1 face(s)
W1014 12:07:07.543722  5677 work_detect.cpp:83] Invalid bbox: [179 x 203 from (295, 166)]
I1014 12:07:07.543819  5677 work_detect.cpp:120] Succeeded to add det end for frame 46
I1014 12:07:07.543838  5677 work_thread.hpp:81]  [T-Work-Detect_0] Run work: WrokTrack
I1014 12:07:07.543864  5677 work_track.cpp:102] Succeeded to set track lock for frame 46
I1014 12:07:07.543891  5677 work_track.cpp:116] Succeeded to release track lock for frame 46
I1014 12:07:07.543906  5677 work_track.cpp:120] Track results of frame 46: 0 objects input, 0 objects tracked!
I1014 12:07:07.543926  5677 work_thread.hpp:88]  [T-Work-Detect_0] Frame :46 split
I1014 12:07:07.543974  5680 thread_intergrate.hpp:78] [T-Intergrate-intergrate] queue: frame output frame :46
I1014 12:07:07.545490  5676 demo_inner.hpp:435] thread [SORT-0]  frame id 46 sorting queue size 0   FPS: 19.9805
I1014 12:07:07.562764  5675 demo_inner.hpp:260]  gui queue size 0, state = running
I1014 12:07:07.584939  5674 demo_inner.hpp:177] decode queue size 0
I1014 12:07:07.585038  5677 work_thread.hpp:81]  [T-Work-Detect_0] Run work: WorkDetect
I1014 12:07:07.585077  5677 work_detect.cpp:102] Succeeded to add det start for frame 47
I1014 12:07:07.592689  5677 work_detect.cpp:70] Frame :47 detect result :1 face(s)
W1014 12:07:07.592751  5677 work_detect.cpp:83] Invalid bbox: [183 x 212 from (279, 162)]
I1014 12:07:07.592931  5677 work_detect.cpp:120] Succeeded to add det end for frame 47
I1014 12:07:07.592949  5677 work_thread.hpp:81]  [T-Work-Detect_0] Run work: WrokTrack
I1014 12:07:07.593031  5677 work_track.cpp:102] Succeeded to set track lock for frame 47
I1014 12:07:07.593060  5677 work_track.cpp:116] Succeeded to release track lock for frame 47
I1014 12:07:07.593075  5677 work_track.cpp:120] Track results of frame 47: 0 objects input, 0 objects tracked!
I1014 12:07:07.593103  5677 work_thread.hpp:88]  [T-Work-Detect_0] Frame :47 split
I1014 12:07:07.593180  5680 thread_intergrate.hpp:78] [T-Intergrate-intergrate] queue: frame output frame :47
I1014 12:07:07.594664  5676 demo_inner.hpp:435] thread [SORT-0]  frame id 47 sorting queue size 0   FPS: 20.0293
I1014 12:07:07.639181  5674 demo_inner.hpp:177] decode queue size 0
I1014 12:07:07.639334  5677 work_thread.hpp:81]  [T-Work-Detect_0] Run work: WorkDetect
I1014 12:07:07.639372  5677 work_detect.cpp:102] Succeeded to add det start for frame 48
I1014 12:07:07.646056  5677 work_detect.cpp:70] Frame :48 detect result :1 face(s)
W1014 12:07:07.646104  5677 work_detect.cpp:83] Invalid bbox: [185 x 220 from (279, 156)]
I1014 12:07:07.646226  5677 work_detect.cpp:120] Succeeded to add det end for frame 48
I1014 12:07:07.646245  5677 work_thread.hpp:81]  [T-Work-Detect_0] Run work: WrokTrack
I1014 12:07:07.646271  5677 work_track.cpp:102] Succeeded to set track lock for frame 48
I1014 12:07:07.646297  5677 work_track.cpp:116] Succeeded to release track lock for frame 48
I1014 12:07:07.646312  5677 work_track.cpp:120] Track results of frame 48: 0 objects input, 0 objects tracked!
I1014 12:07:07.646330  5677 work_thread.hpp:88]  [T-Work-Detect_0] Frame :48 split
I1014 12:07:07.646383  5680 thread_intergrate.hpp:78] [T-Intergrate-intergrate] queue: frame output frame :48
I1014 12:07:07.647363  5675 demo_inner.hpp:260]  gui queue size 0, state = running
I1014 12:07:07.648008  5676 demo_inner.hpp:435] thread [SORT-0]  frame id 48 sorting queue size 0   FPS: 19.9902
I1014 12:07:07.686939  5674 demo_inner.hpp:177] decode queue size 0
I1014 12:07:07.687039  5677 work_thread.hpp:81]  [T-Work-Detect_0] Run work: WorkDetect
I1014 12:07:07.687075  5677 work_detect.cpp:102] Succeeded to add det start for frame 49
I1014 12:07:07.693804  5677 work_detect.cpp:70] Frame :49 detect result :1 face(s)
W1014 12:07:07.693850  5677 work_detect.cpp:83] Invalid bbox: [184 x 206 from (293, 165)]
I1014 12:07:07.693946  5677 work_detect.cpp:120] Succeeded to add det end for frame 49
I1014 12:07:07.693964  5677 work_thread.hpp:81]  [T-Work-Detect_0] Run work: WrokTrack
I1014 12:07:07.693991  5677 work_track.cpp:102] Succeeded to set track lock for frame 49
I1014 12:07:07.694020  5677 work_track.cpp:116] Succeeded to release track lock for frame 49
I1014 12:07:07.694033  5677 work_track.cpp:120] Track results of frame 49: 0 objects input, 0 objects tracked!
I1014 12:07:07.694052  5677 work_thread.hpp:88]  [T-Work-Detect_0] Frame :49 split
I1014 12:07:07.694106  5680 thread_intergrate.hpp:78] [T-Intergrate-intergrate] queue: frame output frame :49
I1014 12:07:07.695624  5676 demo_inner.hpp:435] thread [SORT-0]  frame id 49 sorting queue size 1   FPS: 19.9902
I1014 12:07:07.713587  5675 demo_inner.hpp:260]  gui queue size 1, state = running
I1014 12:07:07.737370  5674 demo_inner.hpp:177] decode queue size 0
I1014 12:07:07.737638  5677 work_thread.hpp:81]  [T-Work-Detect_0] Run work: WorkDetect
I1014 12:07:07.737675  5677 work_detect.cpp:102] Succeeded to add det start for frame 50
I1014 12:07:07.744935  5677 work_detect.cpp:70] Frame :50 detect result :1 face(s)
W1014 12:07:07.745012  5677 work_detect.cpp:83] Invalid bbox: [190 x 220 from (277, 158)]
I1014 12:07:07.745131  5677 work_detect.cpp:120] Succeeded to add det end for frame 50
I1014 12:07:07.745148  5677 work_thread.hpp:81]  [T-Work-Detect_0] Run work: WrokTrack
I1014 12:07:07.745177  5677 work_track.cpp:102] Succeeded to set track lock for frame 50
I1014 12:07:07.745205  5677 work_track.cpp:116] Succeeded to release track lock for frame 50
I1014 12:07:07.745218  5677 work_track.cpp:120] Track results of frame 50: 0 objects input, 0 objects tracked!
I1014 12:07:07.745237  5677 work_thread.hpp:88]  [T-Work-Detect_0] Frame :50 split
I1014 12:07:07.745374  5680 thread_intergrate.hpp:78] [T-Intergrate-intergrate] queue: frame output frame :50
I1014 12:07:07.746886  5676 demo_inner.hpp:435] thread [SORT-0]  frame id 50 sorting queue size 0   FPS: 20.0098
I1014 12:07:07.787272  5675 demo_inner.hpp:260]  gui queue size 0, state = running
I1014 12:07:07.790899  5674 demo_inner.hpp:177] decode queue size 0
I1014 12:07:07.791045  5677 work_thread.hpp:81]  [T-Work-Detect_0] Run work: WorkDetect
I1014 12:07:07.791082  5677 work_detect.cpp:102] Succeeded to add det start for frame 51
I1014 12:07:07.797777  5677 work_detect.cpp:70] Frame :51 detect result :1 face(s)
W1014 12:07:07.797825  5677 work_detect.cpp:83] Invalid bbox: [184 x 215 from (280, 161)]
I1014 12:07:07.797924  5677 work_detect.cpp:120] Succeeded to add det end for frame 51
I1014 12:07:07.797941  5677 work_thread.hpp:81]  [T-Work-Detect_0] Run work: WrokTrack
I1014 12:07:07.797969  5677 work_track.cpp:102] Succeeded to set track lock for frame 51
I1014 12:07:07.797996  5677 work_track.cpp:116] Succeeded to release track lock for frame 51
I1014 12:07:07.798010  5677 work_track.cpp:120] Track results of frame 51: 0 objects input, 0 objects tracked!
I1014 12:07:07.798029  5677 work_thread.hpp:88]  [T-Work-Detect_0] Frame :51 split
I1014 12:07:07.798076  5680 thread_intergrate.hpp:78] [T-Intergrate-intergrate] queue: frame output frame :51
I1014 12:07:07.799523  5676 demo_inner.hpp:435] thread [SORT-0]  frame id 51 sorting queue size 0   FPS: 19.9708
I1014 12:07:07.838716  5674 demo_inner.hpp:177] decode queue size 0
I1014 12:07:07.838883  5677 work_thread.hpp:81]  [T-Work-Detect_0] Run work: WorkDetect
I1014 12:07:07.838922  5677 work_detect.cpp:102] Succeeded to add det start for frame 52
I1014 12:07:07.845628  5677 work_detect.cpp:70] Frame :52 detect result :1 face(s)
W1014 12:07:07.845675  5677 work_detect.cpp:83] Invalid bbox: [181 x 201 from (295, 168)]
I1014 12:07:07.845772  5677 work_detect.cpp:120] Succeeded to add det end for frame 52
I1014 12:07:07.845789  5677 work_thread.hpp:81]  [T-Work-Detect_0] Run work: WrokTrack
I1014 12:07:07.845818  5677 work_track.cpp:102] Succeeded to set track lock for frame 52
I1014 12:07:07.845844  5677 work_track.cpp:116] Succeeded to release track lock for frame 52
I1014 12:07:07.845860  5677 work_track.cpp:120] Track results of frame 52: 0 objects input, 0 objects tracked!
I1014 12:07:07.845878  5677 work_thread.hpp:88]  [T-Work-Detect_0] Frame :52 split
I1014 12:07:07.845928  5680 thread_intergrate.hpp:78] [T-Intergrate-intergrate] queue: frame output frame :52
I1014 12:07:07.847375  5676 demo_inner.hpp:435] thread [SORT-0]  frame id 52 sorting queue size 1   FPS: 19.9708
I1014 12:07:07.880878  5675 demo_inner.hpp:260]  gui queue size 1, state = running
I1014 12:07:07.887157  5674 demo_inner.hpp:177] decode queue size 0
I1014 12:07:07.887310  5677 work_thread.hpp:81]  [T-Work-Detect_0] Run work: WorkDetect
I1014 12:07:07.887346  5677 work_detect.cpp:102] Succeeded to add det start for frame 53
I1014 12:07:07.894989  5677 work_detect.cpp:70] Frame :53 detect result :1 face(s)
W1014 12:07:07.895047  5677 work_detect.cpp:83] Invalid bbox: [189 x 220 from (278, 159)]
I1014 12:07:07.895153  5677 work_detect.cpp:120] Succeeded to add det end for frame 53
I1014 12:07:07.895189  5677 work_thread.hpp:81]  [T-Work-Detect_0] Run work: WrokTrack
I1014 12:07:07.895216  5677 work_track.cpp:102] Succeeded to set track lock for frame 53
I1014 12:07:07.895244  5677 work_track.cpp:116] Succeeded to release track lock for frame 53
I1014 12:07:07.895258  5677 work_track.cpp:120] Track results of frame 53: 0 objects input, 0 objects tracked!
I1014 12:07:07.895285  5677 work_thread.hpp:88]  [T-Work-Detect_0] Frame :53 split
I1014 12:07:07.895331  5680 thread_intergrate.hpp:78] [T-Intergrate-intergrate] queue: frame output frame :53
I1014 12:07:07.896805  5676 demo_inner.hpp:435] thread [SORT-0]  frame id 53 sorting queue size 0   FPS: 20.0195
I1014 12:07:07.940688  5674 demo_inner.hpp:177] decode queue size 0
I1014 12:07:07.940878  5677 work_thread.hpp:81]  [T-Work-Detect_0] Run work: WorkDetect
I1014 12:07:07.941097  5677 work_detect.cpp:102] Succeeded to add det start for frame 54
I1014 12:07:07.948629  5677 work_detect.cpp:70] Frame :54 detect result :1 face(s)
W1014 12:07:07.948689  5677 work_detect.cpp:83] Invalid bbox: [188 x 211 from (291, 163)]
I1014 12:07:07.948786  5677 work_detect.cpp:120] Succeeded to add det end for frame 54
I1014 12:07:07.948812  5677 work_thread.hpp:81]  [T-Work-Detect_0] Run work: WrokTrack
I1014 12:07:07.948860  5677 work_track.cpp:102] Succeeded to set track lock for frame 54
I1014 12:07:07.948889  5677 work_track.cpp:116] Succeeded to release track lock for frame 54
I1014 12:07:07.948904  5677 work_track.cpp:120] Track results of frame 54: 0 objects input, 0 objects tracked!
I1014 12:07:07.948930  5677 work_thread.hpp:88]  [T-Work-Detect_0] Frame :54 split
I1014 12:07:07.948976  5680 thread_intergrate.hpp:78] [T-Intergrate-intergrate] queue: frame output frame :54
I1014 12:07:07.950487  5676 demo_inner.hpp:435] thread [SORT-0]  frame id 54 sorting queue size 1   FPS: 19.9805
I1014 12:07:07.953645  5675 demo_inner.hpp:260]  gui queue size 1, state = running
I1014 12:07:07.986881  5674 demo_inner.hpp:177] decode queue size 0
I1014 12:07:07.987022  5677 work_thread.hpp:81]  [T-Work-Detect_0] Run work: WorkDetect
I1014 12:07:07.987063  5677 work_detect.cpp:102] Succeeded to add det start for frame 55
I1014 12:07:07.994621  5677 work_detect.cpp:70] Frame :55 detect result :1 face(s)
W1014 12:07:07.994662  5677 work_detect.cpp:83] Invalid bbox: [184 x 208 from (294, 166)]
I1014 12:07:07.995483  5677 work_detect.cpp:120] Succeeded to add det end for frame 55
I1014 12:07:07.995502  5677 work_thread.hpp:81]  [T-Work-Detect_0] Run work: WrokTrack
I1014 12:07:07.995530  5677 work_track.cpp:102] Succeeded to set track lock for frame 55
I1014 12:07:07.995565  5677 work_track.cpp:116] Succeeded to release track lock for frame 55
I1014 12:07:07.995580  5677 work_track.cpp:120] Track results of frame 55: 0 objects input, 0 objects tracked!
I1014 12:07:07.995600  5677 work_thread.hpp:88]  [T-Work-Detect_0] Frame :55 split
I1014 12:07:07.995640  5680 thread_intergrate.hpp:78] [T-Intergrate-intergrate] queue: frame output frame :55
I1014 12:07:07.997087  5676 demo_inner.hpp:435] thread [SORT-0]  frame id 55 sorting queue size 0   FPS: 19.9708
I1014 12:07:08.020421  5675 demo_inner.hpp:260]  gui queue size 0, state = running
I1014 12:07:08.034889  5674 demo_inner.hpp:177] decode queue size 0
I1014 12:07:08.035058  5677 work_thread.hpp:81]  [T-Work-Detect_0] Run work: WorkDetect
I1014 12:07:08.035095  5677 work_detect.cpp:102] Succeeded to add det start for frame 56
I1014 12:07:08.042325  5677 work_detect.cpp:70] Frame :56 detect result :1 face(s)
W1014 12:07:08.042368  5677 work_detect.cpp:83] Invalid bbox: [191 x 224 from (277, 156)]
I1014 12:07:08.042516  5677 work_detect.cpp:120] Succeeded to add det end for frame 56
I1014 12:07:08.042534  5677 work_thread.hpp:81]  [T-Work-Detect_0] Run work: WrokTrack
I1014 12:07:08.042572  5677 work_track.cpp:102] Succeeded to set track lock for frame 56
I1014 12:07:08.042599  5677 work_track.cpp:116] Succeeded to release track lock for frame 56
I1014 12:07:08.042614  5677 work_track.cpp:120] Track results of frame 56: 0 objects input, 0 objects tracked!
I1014 12:07:08.042634  5677 work_thread.hpp:88]  [T-Work-Detect_0] Frame :56 split
I1014 12:07:08.042675  5680 thread_intergrate.hpp:78] [T-Intergrate-intergrate] queue: frame output frame :56
I1014 12:07:08.044247  5676 demo_inner.hpp:435] thread [SORT-0]  frame id 56 sorting queue size 0   FPS: 20.0489
I1014 12:07:08.088783  5674 demo_inner.hpp:177] decode queue size 0
I1014 12:07:08.088901  5677 work_thread.hpp:81]  [T-Work-Detect_0] Run work: WorkDetect
I1014 12:07:08.088937  5677 work_detect.cpp:102] Succeeded to add det start for frame 57
I1014 12:07:08.096429  5677 work_detect.cpp:70] Frame :57 detect result :1 face(s)
W1014 12:07:08.096482  5677 work_detect.cpp:83] Invalid bbox: [175 x 207 from (283, 180)]
I1014 12:07:08.096583  5677 work_detect.cpp:120] Succeeded to add det end for frame 57
I1014 12:07:08.096664  5677 work_thread.hpp:81]  [T-Work-Detect_0] Run work: WrokTrack
I1014 12:07:08.096702  5677 work_track.cpp:102] Succeeded to set track lock for frame 57
I1014 12:07:08.096731  5677 work_track.cpp:116] Succeeded to release track lock for frame 57
I1014 12:07:08.096746  5677 work_track.cpp:120] Track results of frame 57: 0 objects input, 0 objects tracked!
I1014 12:07:08.096817  5677 work_thread.hpp:88]  [T-Work-Detect_0] Frame :57 split
I1014 12:07:08.096881  5680 thread_intergrate.hpp:78] [T-Intergrate-intergrate] queue: frame output frame :57
I1014 12:07:08.098387  5676 demo_inner.hpp:435] thread [SORT-0]  frame id 57 sorting queue size 1   FPS: 19.9805
I1014 12:07:08.120843  5675 demo_inner.hpp:260]  gui queue size 1, state = running
I1014 12:07:08.136842  5674 demo_inner.hpp:177] decode queue size 0
I1014 12:07:08.136967  5677 work_thread.hpp:81]  [T-Work-Detect_0] Run work: WorkDetect
I1014 12:07:08.137006  5677 work_detect.cpp:102] Succeeded to add det start for frame 58
I1014 12:07:08.144660  5677 work_detect.cpp:70] Frame :58 detect result :1 face(s)
W1014 12:07:08.144742  5677 work_detect.cpp:83] Invalid bbox: [188 x 216 from (281, 166)]
I1014 12:07:08.144899  5677 work_detect.cpp:120] Succeeded to add det end for frame 58
I1014 12:07:08.144918  5677 work_thread.hpp:81]  [T-Work-Detect_0] Run work: WrokTrack
I1014 12:07:08.144970  5677 work_track.cpp:102] Succeeded to set track lock for frame 58
I1014 12:07:08.144999  5677 work_track.cpp:116] Succeeded to release track lock for frame 58
I1014 12:07:08.145014  5677 work_track.cpp:120] Track results of frame 58: 0 objects input, 0 objects tracked!
I1014 12:07:08.145032  5677 work_thread.hpp:88]  [T-Work-Detect_0] Frame :58 split
I1014 12:07:08.145095  5680 thread_intergrate.hpp:78] [T-Intergrate-intergrate] queue: frame output frame :58
I1014 12:07:08.146616  5676 demo_inner.hpp:435] thread [SORT-0]  frame id 58 sorting queue size 0   FPS: 19.9902
I1014 12:07:08.182235  5675 demo_inner.hpp:260]  gui queue size 0, state = running
I1014 12:07:08.185065  5674 demo_inner.hpp:177] decode queue size 0
I1014 12:07:08.185240  5677 work_thread.hpp:81]  [T-Work-Detect_0] Run work: WorkDetect
I1014 12:07:08.185281  5677 work_detect.cpp:102] Succeeded to add det start for frame 59
I1014 12:07:08.192852  5677 work_detect.cpp:70] Frame :59 detect result :1 face(s)
W1014 12:07:08.192894  5677 work_detect.cpp:83] Invalid bbox: [191 x 223 from (276, 157)]
I1014 12:07:08.193028  5677 work_detect.cpp:120] Succeeded to add det end for frame 59
I1014 12:07:08.193054  5677 work_thread.hpp:81]  [T-Work-Detect_0] Run work: WrokTrack
I1014 12:07:08.193084  5677 work_track.cpp:102] Succeeded to set track lock for frame 59
I1014 12:07:08.193110  5677 work_track.cpp:116] Succeeded to release track lock for frame 59
I1014 12:07:08.193125  5677 work_track.cpp:120] Track results of frame 59: 0 objects input, 0 objects tracked!
I1014 12:07:08.193145  5677 work_thread.hpp:88]  [T-Work-Detect_0] Frame :59 split
I1014 12:07:08.193219  5680 thread_intergrate.hpp:78] [T-Intergrate-intergrate] queue: frame output frame :59
I1014 12:07:08.194705  5676 demo_inner.hpp:435] thread [SORT-0]  frame id 59 sorting queue size 0   FPS: 20.0293
I1014 12:07:08.238764  5674 demo_inner.hpp:177] decode queue size 0
I1014 12:07:08.238883  5677 work_thread.hpp:81]  [T-Work-Detect_0] Run work: WorkDetect
I1014 12:07:08.238922  5677 work_detect.cpp:102] Succeeded to add det start for frame 60
I1014 12:07:08.246441  5677 work_detect.cpp:70] Frame :60 detect result :1 face(s)
W1014 12:07:08.246492  5677 work_detect.cpp:83] Invalid bbox: [187 x 219 from (278, 159)]
I1014 12:07:08.246611  5677 work_detect.cpp:120] Succeeded to add det end for frame 60
I1014 12:07:08.246629  5677 work_thread.hpp:81]  [T-Work-Detect_0] Run work: WrokTrack
I1014 12:07:08.246657  5677 work_track.cpp:102] Succeeded to set track lock for frame 60
I1014 12:07:08.246693  5677 work_track.cpp:116] Succeeded to release track lock for frame 60
I1014 12:07:08.246708  5677 work_track.cpp:120] Track results of frame 60: 0 objects input, 0 objects tracked!
I1014 12:07:08.246845  5677 work_thread.hpp:88]  [T-Work-Detect_0] Frame :60 split
I1014 12:07:08.246896  5680 thread_intergrate.hpp:78] [T-Intergrate-intergrate] queue: frame output frame :60
I1014 12:07:08.248422  5676 demo_inner.hpp:435] thread [SORT-0]  frame id 60 sorting queue size 1   FPS: 19.9805
I1014 12:07:08.277068  5675 demo_inner.hpp:260]  gui queue size 1, state = running
I1014 12:07:08.286875  5674 demo_inner.hpp:177] decode queue size 0
I1014 12:07:08.286996  5677 work_thread.hpp:81]  [T-Work-Detect_0] Run work: WorkDetect
I1014 12:07:08.287034  5677 work_detect.cpp:102] Succeeded to add det start for frame 61
I1014 12:07:08.294721  5677 work_detect.cpp:70] Frame :61 detect result :1 face(s)
W1014 12:07:08.294842  5677 work_detect.cpp:83] Invalid bbox: [177 x 210 from (282, 180)]
I1014 12:07:08.294948  5677 work_detect.cpp:120] Succeeded to add det end for frame 61
I1014 12:07:08.294965  5677 work_thread.hpp:81]  [T-Work-Detect_0] Run work: WrokTrack
I1014 12:07:08.294994  5677 work_track.cpp:102] Succeeded to set track lock for frame 61
I1014 12:07:08.295022  5677 work_track.cpp:116] Succeeded to release track lock for frame 61
I1014 12:07:08.295130  5677 work_track.cpp:120] Track results of frame 61: 0 objects input, 0 objects tracked!
I1014 12:07:08.295151  5677 work_thread.hpp:88]  [T-Work-Detect_0] Frame :61 split
I1014 12:07:08.295959  5680 thread_intergrate.hpp:78] [T-Intergrate-intergrate] queue: frame output frame :61
I1014 12:07:08.297413  5676 demo_inner.hpp:435] thread [SORT-0]  frame id 61 sorting queue size 0   FPS: 19.9708
I1014 12:07:08.334794  5674 demo_inner.hpp:177] decode queue size 0
I1014 12:07:08.334933  5677 work_thread.hpp:81]  [T-Work-Detect_0] Run work: WorkDetect
I1014 12:07:08.334969  5677 work_detect.cpp:102] Succeeded to add det start for frame 62
I1014 12:07:08.342506  5677 work_detect.cpp:70] Frame :62 detect result :1 face(s)
W1014 12:07:08.342561  5677 work_detect.cpp:83] Invalid bbox: [185 x 216 from (282, 162)]
I1014 12:07:08.342664  5677 work_detect.cpp:120] Succeeded to add det end for frame 62
I1014 12:07:08.342697  5677 work_thread.hpp:81]  [T-Work-Detect_0] Run work: WrokTrack
I1014 12:07:08.342726  5677 work_track.cpp:102] Succeeded to set track lock for frame 62
I1014 12:07:08.342753  5677 work_track.cpp:116] Succeeded to release track lock for frame 62
I1014 12:07:08.342826  5677 work_track.cpp:120] Track results of frame 62: 0 objects input, 0 objects tracked!
I1014 12:07:08.342846  5677 work_thread.hpp:88]  [T-Work-Detect_0] Frame :62 split
I1014 12:07:08.342895  5680 thread_intergrate.hpp:78] [T-Intergrate-intergrate] queue: frame output frame :62
I1014 12:07:08.344494  5676 demo_inner.hpp:435] thread [SORT-0]  frame id 62 sorting queue size 1   FPS: 20.0293
I1014 12:07:08.344758  5675 demo_inner.hpp:260]  gui queue size 1, state = running
I1014 12:07:08.388733  5674 demo_inner.hpp:177] decode queue size 0
I1014 12:07:08.388844  5677 work_thread.hpp:81]  [T-Work-Detect_0] Run work: WorkDetect
I1014 12:07:08.388881  5677 work_detect.cpp:102] Succeeded to add det start for frame 63
I1014 12:07:08.396431  5677 work_detect.cpp:70] Frame :63 detect result :1 face(s)
W1014 12:07:08.396476  5677 work_detect.cpp:83] Invalid bbox: [184 x 219 from (280, 158)]
I1014 12:07:08.396596  5677 work_detect.cpp:120] Succeeded to add det end for frame 63
I1014 12:07:08.396615  5677 work_thread.hpp:81]  [T-Work-Detect_0] Run work: WrokTrack
I1014 12:07:08.396642  5677 work_track.cpp:102] Succeeded to set track lock for frame 63
I1014 12:07:08.396678  5677 work_track.cpp:116] Succeeded to release track lock for frame 63
I1014 12:07:08.396692  5677 work_track.cpp:120] Track results of frame 63: 0 objects input, 0 objects tracked!
I1014 12:07:08.396711  5677 work_thread.hpp:88]  [T-Work-Detect_0] Frame :63 split
I1014 12:07:08.396831  5680 thread_intergrate.hpp:78] [T-Intergrate-intergrate] queue: frame output frame :63
I1014 12:07:08.398340  5676 demo_inner.hpp:435] thread [SORT-0]  frame id 63 sorting queue size 0   FPS: 19.9805
I1014 12:07:08.436765  5674 demo_inner.hpp:177] decode queue size 0
I1014 12:07:08.436888  5677 work_thread.hpp:81]  [T-Work-Detect_0] Run work: WorkDetect
I1014 12:07:08.436934  5677 work_detect.cpp:102] Succeeded to add det start for frame 64
I1014 12:07:08.444478  5677 work_detect.cpp:70] Frame :64 detect result :1 face(s)
W1014 12:07:08.444540  5677 work_detect.cpp:83] Invalid bbox: [189 x 217 from (277, 161)]
I1014 12:07:08.444692  5677 work_detect.cpp:120] Succeeded to add det end for frame 64
I1014 12:07:08.444710  5677 work_thread.hpp:81]  [T-Work-Detect_0] Run work: WrokTrack
I1014 12:07:08.444739  5677 work_track.cpp:102] Succeeded to set track lock for frame 64
I1014 12:07:08.444913  5677 work_track.cpp:116] Succeeded to release track lock for frame 64
I1014 12:07:08.444929  5677 work_track.cpp:120] Track results of frame 64: 0 objects input, 0 objects tracked!
I1014 12:07:08.444949  5677 work_thread.hpp:88]  [T-Work-Detect_0] Frame :64 split
I1014 12:07:08.445004  5680 thread_intergrate.hpp:78] [T-Intergrate-intergrate] queue: frame output frame :64
I1014 12:07:08.446457  5676 demo_inner.hpp:435] thread [SORT-0]  frame id 64 sorting queue size 1   FPS: 19.9708
I1014 12:07:08.485226  5674 demo_inner.hpp:177] decode queue size 0
I1014 12:07:08.485352  5677 work_thread.hpp:81]  [T-Work-Detect_0] Run work: WorkDetect
I1014 12:07:08.485399  5677 work_detect.cpp:102] Succeeded to add det start for frame 65
I1014 12:07:08.492990  5677 work_detect.cpp:70] Frame :65 detect result :1 face(s)
W1014 12:07:08.493044  5677 work_detect.cpp:83] Invalid bbox: [191 x 220 from (279, 162)]
I1014 12:07:08.493162  5677 work_detect.cpp:120] Succeeded to add det end for frame 65
I1014 12:07:08.493181  5677 work_thread.hpp:81]  [T-Work-Detect_0] Run work: WrokTrack
I1014 12:07:08.493208  5677 work_track.cpp:102] Succeeded to set track lock for frame 65
I1014 12:07:08.493237  5677 work_track.cpp:116] Succeeded to release track lock for frame 65
I1014 12:07:08.493257  5677 work_track.cpp:120] Track results of frame 65: 0 objects input, 0 objects tracked!
I1014 12:07:08.493278  5677 work_thread.hpp:88]  [T-Work-Detect_0] Frame :65 split
I1014 12:07:08.493328  5680 thread_intergrate.hpp:78] [T-Intergrate-intergrate] queue: frame output frame :65
I1014 12:07:08.494798  5676 demo_inner.hpp:435] thread [SORT-0]  frame id 65 sorting queue size 2   FPS: 20.0293
I1014 12:07:08.539111  5674 demo_inner.hpp:177] decode queue size 0
I1014 12:07:08.539242  5677 work_thread.hpp:81]  [T-Work-Detect_0] Run work: WorkDetect
I1014 12:07:08.539290  5677 work_detect.cpp:102] Succeeded to add det start for frame 66
I1014 12:07:08.546689  5677 work_detect.cpp:70] Frame :66 detect result :1 face(s)
W1014 12:07:08.546736  5677 work_detect.cpp:83] Invalid bbox: [189 x 220 from (277, 160)]
I1014 12:07:08.546937  5677 work_detect.cpp:120] Succeeded to add det end for frame 66
I1014 12:07:08.546957  5677 work_thread.hpp:81]  [T-Work-Detect_0] Run work: WrokTrack
I1014 12:07:08.546984  5677 work_track.cpp:102] Succeeded to set track lock for frame 66
I1014 12:07:08.547011  5677 work_track.cpp:116] Succeeded to release track lock for frame 66
I1014 12:07:08.547034  5677 work_track.cpp:120] Track results of frame 66: 0 objects input, 0 objects tracked!
I1014 12:07:08.547053  5677 work_thread.hpp:88]  [T-Work-Detect_0] Frame :66 split
I1014 12:07:08.547101  5680 thread_intergrate.hpp:78] [T-Intergrate-intergrate] queue: frame output frame :66
I1014 12:07:08.548633  5676 demo_inner.hpp:435] thread [SORT-0]  frame id 66 sorting queue size 3   FPS: 20.0098
I1014 12:07:08.587105  5674 demo_inner.hpp:177] decode queue size 0
I1014 12:07:08.587237  5677 work_thread.hpp:81]  [T-Work-Detect_0] Run work: WorkDetect
I1014 12:07:08.587306  5677 work_detect.cpp:102] Succeeded to add det start for frame 67
I1014 12:07:08.594909  5677 work_detect.cpp:70] Frame :67 detect result :1 face(s)
W1014 12:07:08.594957  5677 work_detect.cpp:83] Invalid bbox: [183 x 217 from (280, 160)]
I1014 12:07:08.595103  5677 work_detect.cpp:120] Succeeded to add det end for frame 67
I1014 12:07:08.595181  5677 work_thread.hpp:81]  [T-Work-Detect_0] Run work: WrokTrack
I1014 12:07:08.595213  5677 work_track.cpp:102] Succeeded to set track lock for frame 67
I1014 12:07:08.595242  5677 work_track.cpp:116] Succeeded to release track lock for frame 67
I1014 12:07:08.595283  5677 work_track.cpp:120] Track results of frame 67: 0 objects input, 0 objects tracked!
I1014 12:07:08.595305  5677 work_thread.hpp:88]  [T-Work-Detect_0] Frame :67 split
I1014 12:07:08.595357  5680 thread_intergrate.hpp:78] [T-Intergrate-intergrate] queue: frame output frame :67
I1014 12:07:08.596873  5676 demo_inner.hpp:435] thread [SORT-0]  frame id 67 sorting queue size 4   FPS: 19.9708
I1014 12:07:08.635283  5674 demo_inner.hpp:177] decode queue size 0
I1014 12:07:08.635438  5677 work_thread.hpp:81]  [T-Work-Detect_0] Run work: WorkDetect
I1014 12:07:08.635475  5677 work_detect.cpp:102] Succeeded to add det start for frame 68
I1014 12:07:08.643201  5677 work_detect.cpp:70] Frame :68 detect result :1 face(s)
W1014 12:07:08.643252  5677 work_detect.cpp:83] Invalid bbox: [189 x 215 from (279, 162)]
I1014 12:07:08.643460  5677 work_detect.cpp:120] Succeeded to add det end for frame 68
I1014 12:07:08.643478  5677 work_thread.hpp:81]  [T-Work-Detect_0] Run work: WrokTrack
I1014 12:07:08.643514  5677 work_track.cpp:102] Succeeded to set track lock for frame 68
I1014 12:07:08.643543  5677 work_track.cpp:116] Succeeded to release track lock for frame 68
I1014 12:07:08.643556  5677 work_track.cpp:120] Track results of frame 68: 0 objects input, 0 objects tracked!
I1014 12:07:08.643575  5677 work_thread.hpp:88]  [T-Work-Detect_0] Frame :68 split
I1014 12:07:08.643651  5680 thread_intergrate.hpp:78] [T-Intergrate-intergrate] queue: frame output frame :68
I1014 12:07:08.645118  5676 demo_inner.hpp:435] thread [SORT-0]  frame id 68 sorting queue size 5   FPS: 20.0293
I1014 12:07:08.689119  5674 demo_inner.hpp:177] decode queue size 0
I1014 12:07:08.689249  5677 work_thread.hpp:81]  [T-Work-Detect_0] Run work: WorkDetect
I1014 12:07:08.689297  5677 work_detect.cpp:102] Succeeded to add det start for frame 69
I1014 12:07:08.696907  5677 work_detect.cpp:70] Frame :69 detect result :1 face(s)
W1014 12:07:08.696970  5677 work_detect.cpp:83] Invalid bbox: [187 x 222 from (279, 156)]
I1014 12:07:08.697073  5677 work_detect.cpp:120] Succeeded to add det end for frame 69
I1014 12:07:08.697091  5677 work_thread.hpp:81]  [T-Work-Detect_0] Run work: WrokTrack
I1014 12:07:08.697118  5677 work_track.cpp:102] Succeeded to set track lock for frame 69
I1014 12:07:08.697154  5677 work_track.cpp:116] Succeeded to release track lock for frame 69
I1014 12:07:08.697185  5677 work_track.cpp:120] Track results of frame 69: 0 objects input, 0 objects tracked!
I1014 12:07:08.697204  5677 work_thread.hpp:88]  [T-Work-Detect_0] Frame :69 split
I1014 12:07:08.697260  5680 thread_intergrate.hpp:78] [T-Intergrate-intergrate] queue: frame output frame :69
I1014 12:07:08.698693  5676 demo_inner.hpp:435] thread [SORT-0]  frame id 69 sorting queue size 6   FPS: 19.9708
I1014 12:07:08.737237  5674 demo_inner.hpp:177] decode queue size 0
I1014 12:07:08.737370  5677 work_thread.hpp:81]  [T-Work-Detect_0] Run work: WorkDetect
I1014 12:07:08.737406  5677 work_detect.cpp:102] Succeeded to add det start for frame 70
I1014 12:07:08.745039  5677 work_detect.cpp:70] Frame :70 detect result :1 face(s)
W1014 12:07:08.745084  5677 work_detect.cpp:83] Invalid bbox: [191 x 225 from (278, 157)]
I1014 12:07:08.745213  5677 work_detect.cpp:120] Succeeded to add det end for frame 70
I1014 12:07:08.745230  5677 work_thread.hpp:81]  [T-Work-Detect_0] Run work: WrokTrack
I1014 12:07:08.745282  5677 work_track.cpp:102] Succeeded to set track lock for frame 70
I1014 12:07:08.745311  5677 work_track.cpp:116] Succeeded to release track lock for frame 70
I1014 12:07:08.745326  5677 work_track.cpp:120] Track results of frame 70: 0 objects input, 0 objects tracked!
I1014 12:07:08.745345  5677 work_thread.hpp:88]  [T-Work-Detect_0] Frame :70 split
I1014 12:07:08.745492  5680 thread_intergrate.hpp:78] [T-Intergrate-intergrate] queue: frame output frame :70
I1014 12:07:08.746978  5676 demo_inner.hpp:435] thread [SORT-0]  frame id 70 sorting queue size 7   FPS: 19.9708
I1014 12:07:08.785295  5674 demo_inner.hpp:177] decode queue size 0
I1014 12:07:08.785423  5677 work_thread.hpp:81]  [T-Work-Detect_0] Run work: WorkDetect
I1014 12:07:08.785460  5677 work_detect.cpp:102] Succeeded to add det start for frame 71
I1014 12:07:08.793311  5677 work_detect.cpp:70] Frame :71 detect result :1 face(s)
W1014 12:07:08.793362  5677 work_detect.cpp:83] Invalid bbox: [187 x 222 from (279, 156)]
I1014 12:07:08.793568  5677 work_detect.cpp:120] Succeeded to add det end for frame 71
I1014 12:07:08.793587  5677 work_thread.hpp:81]  [T-Work-Detect_0] Run work: WrokTrack
I1014 12:07:08.793622  5677 work_track.cpp:102] Succeeded to set track lock for frame 71
I1014 12:07:08.793650  5677 work_track.cpp:116] Succeeded to release track lock for frame 71
I1014 12:07:08.793665  5677 work_track.cpp:120] Track results of frame 71: 0 objects input, 0 objects tracked!
I1014 12:07:08.793684  5677 work_thread.hpp:88]  [T-Work-Detect_0] Frame :71 split
I1014 12:07:08.793740  5680 thread_intergrate.hpp:78] [T-Intergrate-intergrate] queue: frame output frame :71
I1014 12:07:08.795222  5676 demo_inner.hpp:435] thread [SORT-0]  frame id 71 sorting queue size 8   FPS: 20.0293
I1014 12:07:08.839159  5674 demo_inner.hpp:177] decode queue size 0
I1014 12:07:08.839293  5677 work_thread.hpp:81]  [T-Work-Detect_0] Run work: WorkDetect
I1014 12:07:08.839329  5677 work_detect.cpp:102] Succeeded to add det start for frame 72
I1014 12:07:08.846822  5677 work_detect.cpp:70] Frame :72 detect result :1 face(s)
W1014 12:07:08.846873  5677 work_detect.cpp:83] Invalid bbox: [193 x 218 from (289, 161)]
I1014 12:07:08.847026  5677 work_detect.cpp:120] Succeeded to add det end for frame 72
I1014 12:07:08.847045  5677 work_thread.hpp:81]  [T-Work-Detect_0] Run work: WrokTrack
I1014 12:07:08.847074  5677 work_track.cpp:102] Succeeded to set track lock for frame 72
I1014 12:07:08.847100  5677 work_track.cpp:116] Succeeded to release track lock for frame 72
I1014 12:07:08.847122  5677 work_track.cpp:120] Track results of frame 72: 0 objects input, 0 objects tracked!
I1014 12:07:08.847215  5677 work_thread.hpp:88]  [T-Work-Detect_0] Frame :72 split
I1014 12:07:08.847271  5680 thread_intergrate.hpp:78] [T-Intergrate-intergrate] queue: frame output frame :72
I1014 12:07:08.848731  5676 demo_inner.hpp:435] thread [SORT-0]  frame id 72 sorting queue size 9   FPS: 19.9708
I1014 12:07:08.887156  5674 demo_inner.hpp:177] decode queue size 0
I1014 12:07:08.887281  5677 work_thread.hpp:81]  [T-Work-Detect_0] Run work: WorkDetect
I1014 12:07:08.887320  5677 work_detect.cpp:102] Succeeded to add det start for frame 73
I1014 12:07:08.894937  5677 work_detect.cpp:70] Frame :73 detect result :1 face(s)
W1014 12:07:08.895007  5677 work_detect.cpp:83] Invalid bbox: [175 x 208 from (283, 182)]
I1014 12:07:08.895114  5677 work_detect.cpp:120] Succeeded to add det end for frame 73
I1014 12:07:08.895133  5677 work_thread.hpp:81]  [T-Work-Detect_0] Run work: WrokTrack
I1014 12:07:08.895159  5677 work_track.cpp:102] Succeeded to set track lock for frame 73
I1014 12:07:08.895187  5677 work_track.cpp:116] Succeeded to release track lock for frame 73
I1014 12:07:08.895201  5677 work_track.cpp:120] Track results of frame 73: 0 objects input, 0 objects tracked!
I1014 12:07:08.895227  5677 work_thread.hpp:88]  [T-Work-Detect_0] Frame :73 split
I1014 12:07:08.895295  5680 thread_intergrate.hpp:78] [T-Intergrate-intergrate] queue: frame output frame :73
I1014 12:07:08.896739  5676 demo_inner.hpp:435] thread [SORT-0]  frame id 73 sorting queue size 10   FPS: 19.9708
I1014 12:07:08.935217  5674 demo_inner.hpp:177] decode queue size 0
I1014 12:07:08.935358  5677 work_thread.hpp:81]  [T-Work-Detect_0] Run work: WorkDetect
I1014 12:07:08.935395  5677 work_detect.cpp:102] Succeeded to add det start for frame 74
I1014 12:07:08.943019  5677 work_detect.cpp:70] Frame :74 detect result :1 face(s)
W1014 12:07:08.943068  5677 work_detect.cpp:83] Invalid bbox: [183 x 209 from (283, 167)]
I1014 12:07:08.943326  5677 work_detect.cpp:120] Succeeded to add det end for frame 74
I1014 12:07:08.943353  5677 work_thread.hpp:81]  [T-Work-Detect_0] Run work: WrokTrack
I1014 12:07:08.943439  5677 work_track.cpp:102] Succeeded to set track lock for frame 74
I1014 12:07:08.943478  5677 work_track.cpp:116] Succeeded to release track lock for frame 74
I1014 12:07:08.943511  5677 work_track.cpp:120] Track results of frame 74: 0 objects input, 0 objects tracked!
I1014 12:07:08.943532  5677 work_thread.hpp:88]  [T-Work-Detect_0] Frame :74 split
I1014 12:07:08.943598  5680 thread_intergrate.hpp:78] [T-Intergrate-intergrate] queue: frame output frame :74
I1014 12:07:08.989094  5674 demo_inner.hpp:177] decode queue size 0
I1014 12:07:08.989233  5677 work_thread.hpp:81]  [T-Work-Detect_0] Run work: WorkDetect
I1014 12:07:08.989271  5677 work_detect.cpp:102] Succeeded to add det start for frame 75
I1014 12:07:08.996740  5677 work_detect.cpp:70] Frame :75 detect result :1 face(s)
W1014 12:07:08.996912  5677 work_detect.cpp:83] Invalid bbox: [185 x 214 from (278, 163)]
I1014 12:07:08.997052  5677 work_detect.cpp:120] Succeeded to add det end for frame 75
I1014 12:07:08.997071  5677 work_thread.hpp:81]  [T-Work-Detect_0] Run work: WrokTrack
I1014 12:07:08.997104  5677 work_track.cpp:102] Succeeded to set track lock for frame 75
I1014 12:07:08.997133  5677 work_track.cpp:116] Succeeded to release track lock for frame 75
I1014 12:07:08.997148  5677 work_track.cpp:120] Track results of frame 75: 0 objects input, 0 objects tracked!
I1014 12:07:08.997166  5677 work_thread.hpp:88]  [T-Work-Detect_0] Frame :75 split
I1014 12:07:08.997215  5680 thread_intergrate.hpp:78] [T-Intergrate-intergrate] queue: frame output frame :75
I1014 12:07:09.037233  5674 demo_inner.hpp:177] decode queue size 0
I1014 12:07:09.037510  5677 work_thread.hpp:81]  [T-Work-Detect_0] Run work: WorkDetect
I1014 12:07:09.037547  5677 work_detect.cpp:102] Succeeded to add det start for frame 76
I1014 12:07:09.045002  5677 work_detect.cpp:70] Frame :76 detect result :1 face(s)
W1014 12:07:09.045095  5677 work_detect.cpp:83] Invalid bbox: [191 x 220 from (275, 160)]
I1014 12:07:09.045243  5677 work_detect.cpp:120] Succeeded to add det end for frame 76
I1014 12:07:09.045260  5677 work_thread.hpp:81]  [T-Work-Detect_0] Run work: WrokTrack
I1014 12:07:09.045287  5677 work_track.cpp:102] Succeeded to set track lock for frame 76
I1014 12:07:09.045315  5677 work_track.cpp:116] Succeeded to release track lock for frame 76
I1014 12:07:09.045336  5677 work_track.cpp:120] Track results of frame 76: 0 objects input, 0 objects tracked!
I1014 12:07:09.045356  5677 work_thread.hpp:88]  [T-Work-Detect_0] Frame :76 split
I1014 12:07:09.045491  5680 thread_intergrate.hpp:78] [T-Intergrate-intergrate] queue: frame output frame :76
I1014 12:07:09.085191  5674 demo_inner.hpp:177] decode queue size 0
I1014 12:07:09.085423  5677 work_thread.hpp:81]  [T-Work-Detect_0] Run work: WorkDetect
I1014 12:07:09.085469  5677 work_detect.cpp:102] Succeeded to add det start for frame 77
I1014 12:07:09.093086  5677 work_detect.cpp:70] Frame :77 detect result :1 face(s)
W1014 12:07:09.093133  5677 work_detect.cpp:83] Invalid bbox: [191 x 214 from (279, 167)]
I1014 12:07:09.093255  5677 work_detect.cpp:120] Succeeded to add det end for frame 77
I1014 12:07:09.093274  5677 work_thread.hpp:81]  [T-Work-Detect_0] Run work: WrokTrack
I1014 12:07:09.093302  5677 work_track.cpp:102] Succeeded to set track lock for frame 77
I1014 12:07:09.093338  5677 work_track.cpp:116] Succeeded to release track lock for frame 77
I1014 12:07:09.093353  5677 work_track.cpp:120] Track results of frame 77: 0 objects input, 0 objects tracked!
I1014 12:07:09.093371  5677 work_thread.hpp:88]  [T-Work-Detect_0] Frame :77 split
I1014 12:07:09.093505  5680 thread_intergrate.hpp:78] [T-Intergrate-intergrate] queue: frame output frame :77
I1014 12:07:09.139106  5674 demo_inner.hpp:177] decode queue size 0
I1014 12:07:09.139243  5677 work_thread.hpp:81]  [T-Work-Detect_0] Run work: WorkDetect
I1014 12:07:09.139389  5677 work_detect.cpp:102] Succeeded to add det start for frame 78
I1014 12:07:09.147040  5677 work_detect.cpp:70] Frame :78 detect result :1 face(s)
W1014 12:07:09.147094  5677 work_detect.cpp:83] Invalid bbox: [182 x 212 from (280, 162)]
I1014 12:07:09.147238  5677 work_detect.cpp:120] Succeeded to add det end for frame 78
I1014 12:07:09.147256  5677 work_thread.hpp:81]  [T-Work-Detect_0] Run work: WrokTrack
I1014 12:07:09.147284  5677 work_track.cpp:102] Succeeded to set track lock for frame 78
I1014 12:07:09.147341  5677 work_track.cpp:116] Succeeded to release track lock for frame 78
I1014 12:07:09.147357  5677 work_track.cpp:120] Track results of frame 78: 0 objects input, 0 objects tracked!
I1014 12:07:09.147377  5677 work_thread.hpp:88]  [T-Work-Detect_0] Frame :78 split
I1014 12:07:09.147526  5680 thread_intergrate.hpp:78] [T-Intergrate-intergrate] queue: frame output frame :78
I1014 12:07:09.187170  5674 demo_inner.hpp:177] decode queue size 0
I1014 12:07:09.187299  5677 work_thread.hpp:81]  [T-Work-Detect_0] Run work: WorkDetect
I1014 12:07:09.187345  5677 work_detect.cpp:102] Succeeded to add det start for frame 79
I1014 12:07:09.194703  5677 work_detect.cpp:70] Frame :79 detect result :1 face(s)
W1014 12:07:09.194746  5677 work_detect.cpp:83] Invalid bbox: [187 x 219 from (278, 161)]
I1014 12:07:09.194938  5677 work_detect.cpp:120] Succeeded to add det end for frame 79
