I1012 15:58:37.802037  8547 work_detect.cpp:86] Detected bbox: [137 x 184 from (325, 42)]
I1012 15:58:37.802074  8547 work_detect.cpp:120] Succeeded to add det end for frame 108
I1012 15:58:37.802090  8547 work_thread.hpp:81]  [T-Work-Detect_0] Run work: WrokTrack
I1012 15:58:37.802114  8547 work_track.cpp:82] Frame: 108 build input_characts: [0.214062 x 0.511111 from (0.507812, 0.116667)], 1.00019, 0
I1012 15:58:37.802170  8547 work_track.cpp:102] Succeeded to set track lock for frame 108
I1012 15:58:37.802209  8547 work_track.cpp:116] Succeeded to release track lock for frame 108
I1012 15:58:37.802224  8547 work_track.cpp:120] Track results of frame 108: 1 objects input, 1 objects tracked!
I1012 15:58:37.802242  8547 work_track.cpp:148] Frame: 108, track bbox: [137 x 184 from (325.656, 41.7987)], gid: 0, lid: 0
I1012 15:58:37.802276  8547 work_thread.hpp:88]  [T-Work-Detect_0] Frame :108 split
I1012 15:58:37.802294  8547 work_thread.hpp:120]  [T-Work-Detect_0] Valid piece: gid = 0
I1012 15:58:37.802312  8547 work_thread.hpp:92]  [T-Work-Detect_0] Push to split queue:recog
I1012 15:58:37.802350  8549 work_thread.hpp:81]  [T-Work-Recog_1] Run work: WorkCapture
I1012 15:58:37.802356  8550 thread_intergrate.hpp:78] [T-Intergrate-intergrate] queue: frame output frame :108
I1012 15:58:37.802384  8550 thread_intergrate.hpp:85] [T-Intergrate-intergrate] queue: compare output face:0
I1012 15:58:37.802403  8550 thread_intergrate.hpp:134] T-Intergrate-intergrate set matched face: 0
I1012 15:58:37.802897  8549 work_thread.hpp:81]  [T-Work-Recog_1] Run work: WorkRecog
I1012 15:58:37.802922  8549 work_recog.hpp:89] Face id: 0 will run recog: bbox [137 x 184 from (325, 42)] quality: 0.678808
I1012 15:58:37.802948  8549 work_recog.hpp:96] Recog pair: [200 x 264 from (296, 0)], [137 x 184 from (29, 42)]
I1012 15:58:37.803560  8550 thread_intergrate.hpp:154] T-Intergrate-intergrate Show face :0, size :640 * 360
I1012 15:58:37.804018  8546 demo_inner.hpp:435] thread [SORT-0]  frame id 108 sorting queue size 0   FPS: 7.1409
I1012 15:58:37.804091  8545 demo_inner.hpp:260]  gui queue size 0, state = running
I1012 15:58:37.820693  8549 work_thread.hpp:81]  [T-Work-Recog_1] Run work: WorkCompare
I1012 15:58:37.820806  8549 work_compare.cpp:76] Compare face: 0 successed, similarity :0.996078, name : images/thanglmb.jpg, normal size : 640 * 360!
I1012 15:58:37.933329  8544 demo_inner.hpp:177] decode queue size 0
I1012 15:58:37.933421  8547 work_thread.hpp:81]  [T-Work-Detect_0] Run work: WorkDetect
I1012 15:58:37.933457  8547 work_detect.cpp:102] Succeeded to add det start for frame 109
I1012 15:58:37.940037  8547 work_detect.cpp:70] Frame :109 detect result :1 face(s)
I1012 15:58:37.940070  8547 work_detect.cpp:86] Detected bbox: [140 x 190 from (324, 39)]
I1012 15:58:37.940110  8547 work_detect.cpp:120] Succeeded to add det end for frame 109
I1012 15:58:37.940126  8547 work_thread.hpp:81]  [T-Work-Detect_0] Run work: WrokTrack
I1012 15:58:37.940150  8547 work_track.cpp:82] Frame: 109 build input_characts: [0.21875 x 0.527778 from (0.50625, 0.108333)], 1.00019, 0
I1012 15:58:37.940205  8547 work_track.cpp:102] Succeeded to set track lock for frame 109
I1012 15:58:37.940244  8547 work_track.cpp:116] Succeeded to release track lock for frame 109
I1012 15:58:37.940259  8547 work_track.cpp:120] Track results of frame 109: 1 objects input, 1 objects tracked!
I1012 15:58:37.940277  8547 work_track.cpp:148] Frame: 109, track bbox: [140 x 190 from (323.577, 39.1809)], gid: 0, lid: 0
I1012 15:58:37.940415  8547 work_thread.hpp:88]  [T-Work-Detect_0] Frame :109 split
I1012 15:58:37.940434  8547 work_thread.hpp:120]  [T-Work-Detect_0] Valid piece: gid = 0
I1012 15:58:37.940454  8547 work_thread.hpp:92]  [T-Work-Detect_0] Push to split queue:recog
I1012 15:58:37.940497  8549 work_thread.hpp:81]  [T-Work-Recog_1] Run work: WorkCapture
I1012 15:58:37.940500  8550 thread_intergrate.hpp:78] [T-Intergrate-intergrate] queue: frame output frame :109
I1012 15:58:37.940541  8550 thread_intergrate.hpp:85] [T-Intergrate-intergrate] queue: compare output face:0
I1012 15:58:37.940560  8550 thread_intergrate.hpp:134] T-Intergrate-intergrate set matched face: 0
I1012 15:58:37.941045  8549 work_thread.hpp:81]  [T-Work-Recog_1] Run work: WorkRecog
I1012 15:58:37.941068  8549 work_recog.hpp:89] Face id: 0 will run recog: bbox [140 x 190 from (324, 39)] quality: 0.798072
I1012 15:58:37.941097  8549 work_recog.hpp:96] Recog pair: [200 x 272 from (296, 0)], [140 x 190 from (28, 39)]
I1012 15:58:37.941711  8550 thread_intergrate.hpp:154] T-Intergrate-intergrate Show face :0, size :640 * 360
I1012 15:58:37.942167  8546 demo_inner.hpp:435] thread [SORT-0]  frame id 109 sorting queue size 0   FPS: 7.1409
I1012 15:58:37.942235  8545 demo_inner.hpp:260]  gui queue size 0, state = running
I1012 15:58:37.958920  8549 work_thread.hpp:81]  [T-Work-Recog_1] Run work: WorkCompare
I1012 15:58:37.959025  8549 work_compare.cpp:76] Compare face: 0 successed, similarity :0.99201, name : images/thanglmb.jpg, normal size : 640 * 360!
I1012 15:58:38.071341  8544 demo_inner.hpp:177] decode queue size 0
I1012 15:58:38.071439  8547 work_thread.hpp:81]  [T-Work-Detect_0] Run work: WorkDetect
I1012 15:58:38.071476  8547 work_detect.cpp:102] Succeeded to add det start for frame 110
I1012 15:58:38.078140  8547 work_detect.cpp:70] Frame :110 detect result :1 face(s)
I1012 15:58:38.078176  8547 work_detect.cpp:86] Detected bbox: [137 x 183 from (323, 43)]
I1012 15:58:38.078217  8547 work_detect.cpp:120] Succeeded to add det end for frame 110
I1012 15:58:38.078233  8547 work_thread.hpp:81]  [T-Work-Detect_0] Run work: WrokTrack
I1012 15:58:38.078256  8547 work_track.cpp:82] Frame: 110 build input_characts: [0.214062 x 0.508333 from (0.504687, 0.119444)], 0.999622, 0
I1012 15:58:38.078313  8547 work_track.cpp:102] Succeeded to set track lock for frame 110
I1012 15:58:38.078352  8547 work_track.cpp:116] Succeeded to release track lock for frame 110
I1012 15:58:38.078367  8547 work_track.cpp:120] Track results of frame 110: 1 objects input, 1 objects tracked!
I1012 15:58:38.078384  8547 work_track.cpp:148] Frame: 110, track bbox: [137 x 183 from (323.632, 43.2518)], gid: 0, lid: 0
I1012 15:58:38.078419  8547 work_thread.hpp:88]  [T-Work-Detect_0] Frame :110 split
I1012 15:58:38.078438  8547 work_thread.hpp:120]  [T-Work-Detect_0] Valid piece: gid = 0
I1012 15:58:38.078455  8547 work_thread.hpp:92]  [T-Work-Detect_0] Push to split queue:recog
I1012 15:58:38.078495  8549 work_thread.hpp:81]  [T-Work-Recog_1] Run work: WorkCapture
I1012 15:58:38.078505  8550 thread_intergrate.hpp:78] [T-Intergrate-intergrate] queue: frame output frame :110
I1012 15:58:38.078531  8550 thread_intergrate.hpp:85] [T-Intergrate-intergrate] queue: compare output face:0
I1012 15:58:38.078549  8550 thread_intergrate.hpp:134] T-Intergrate-intergrate set matched face: 0
I1012 15:58:38.079036  8549 work_thread.hpp:81]  [T-Work-Recog_1] Run work: WorkRecog
I1012 15:58:38.079061  8549 work_recog.hpp:89] Face id: 0 will run recog: bbox [137 x 183 from (323, 43)] quality: 0.835416
I1012 15:58:38.079087  8549 work_recog.hpp:96] Recog pair: [192 x 264 from (296, 0)], [137 x 183 from (27, 43)]
I1012 15:58:38.079704  8550 thread_intergrate.hpp:154] T-Intergrate-intergrate Show face :0, size :640 * 360
I1012 15:58:38.080102  8546 demo_inner.hpp:435] thread [SORT-0]  frame id 110 sorting queue size 0   FPS: 7.15072
I1012 15:58:38.080168  8545 demo_inner.hpp:260]  gui queue size 0, state = running
I1012 15:58:38.096788  8549 work_thread.hpp:81]  [T-Work-Recog_1] Run work: WorkCompare
I1012 15:58:38.097012  8549 work_compare.cpp:76] Compare face: 0 successed, similarity :0.994186, name : images/thanglmb.jpg, normal size : 640 * 360!
I1012 15:58:38.215279  8544 demo_inner.hpp:177] decode queue size 0
I1012 15:58:38.215373  8547 work_thread.hpp:81]  [T-Work-Detect_0] Run work: WorkDetect
I1012 15:58:38.215409  8547 work_detect.cpp:102] Succeeded to add det start for frame 111
I1012 15:58:38.222136  8547 work_detect.cpp:70] Frame :111 detect result :1 face(s)
I1012 15:58:38.222168  8547 work_detect.cpp:86] Detected bbox: [137 x 184 from (322, 43)]
I1012 15:58:38.222209  8547 work_detect.cpp:120] Succeeded to add det end for frame 111
I1012 15:58:38.222224  8547 work_thread.hpp:81]  [T-Work-Detect_0] Run work: WrokTrack
I1012 15:58:38.222249  8547 work_track.cpp:82] Frame: 111 build input_characts: [0.214062 x 0.511111 from (0.503125, 0.119444)], 1.00019, 0
I1012 15:58:38.222304  8547 work_track.cpp:102] Succeeded to set track lock for frame 111
I1012 15:58:38.222344  8547 work_track.cpp:116] Succeeded to release track lock for frame 111
I1012 15:58:38.222358  8547 work_track.cpp:120] Track results of frame 111: 1 objects input, 1 objects tracked!
I1012 15:58:38.222376  8547 work_track.cpp:148] Frame: 111, track bbox: [137 x 184 from (322.274, 42.9909)], gid: 0, lid: 0
I1012 15:58:38.222411  8547 work_thread.hpp:88]  [T-Work-Detect_0] Frame :111 split
I1012 15:58:38.222429  8547 work_thread.hpp:120]  [T-Work-Detect_0] Valid piece: gid = 0
I1012 15:58:38.222447  8547 work_thread.hpp:92]  [T-Work-Detect_0] Push to split queue:recog
I1012 15:58:38.222496  8548 work_thread.hpp:81]  [T-Work-Recog_0] Run work: WorkCapture
I1012 15:58:38.222784  8550 thread_intergrate.hpp:78] [T-Intergrate-intergrate] queue: frame output frame :111
I1012 15:58:38.222811  8550 thread_intergrate.hpp:85] [T-Intergrate-intergrate] queue: compare output face:0
I1012 15:58:38.222831  8550 thread_intergrate.hpp:134] T-Intergrate-intergrate set matched face: 0
I1012 15:58:38.223023  8548 work_thread.hpp:81]  [T-Work-Recog_0] Run work: WorkRecog
I1012 15:58:38.223045  8548 work_recog.hpp:89] Face id: 0 will run recog: bbox [137 x 184 from (322, 43)] quality: 0.835386
I1012 15:58:38.223073  8548 work_recog.hpp:96] Recog pair: [200 x 264 from (288, 0)], [137 x 184 from (34, 43)]
I1012 15:58:38.223981  8550 thread_intergrate.hpp:154] T-Intergrate-intergrate Show face :0, size :640 * 360
I1012 15:58:38.224488  8546 demo_inner.hpp:435] thread [SORT-0]  frame id 111 sorting queue size 0   FPS: 7.13893
I1012 15:58:38.224557  8545 demo_inner.hpp:260]  gui queue size 0, state = running
I1012 15:58:38.240669  8548 work_thread.hpp:81]  [T-Work-Recog_0] Run work: WorkCompare
I1012 15:58:38.240787  8548 work_compare.cpp:76] Compare face: 0 successed, similarity :0.992275, name : images/thanglmb.jpg, normal size : 640 * 360!
I1012 15:58:38.353353  8544 demo_inner.hpp:177] decode queue size 0
I1012 15:58:38.353457  8547 work_thread.hpp:81]  [T-Work-Detect_0] Run work: WorkDetect
I1012 15:58:38.353497  8547 work_detect.cpp:102] Succeeded to add det start for frame 112
I1012 15:58:38.360214  8547 work_detect.cpp:70] Frame :112 detect result :1 face(s)
I1012 15:58:38.360246  8547 work_detect.cpp:86] Detected bbox: [136 x 185 from (322, 43)]
I1012 15:58:38.360302  8547 work_detect.cpp:120] Succeeded to add det end for frame 112
I1012 15:58:38.360321  8547 work_thread.hpp:81]  [T-Work-Detect_0] Run work: WrokTrack
I1012 15:58:38.360344  8547 work_track.cpp:82] Frame: 112 build input_characts: [0.2125 x 0.513889 from (0.503125, 0.119444)], 1.00019, 0
I1012 15:58:38.360400  8547 work_track.cpp:102] Succeeded to set track lock for frame 112
I1012 15:58:38.360440  8547 work_track.cpp:116] Succeeded to release track lock for frame 112
I1012 15:58:38.360455  8547 work_track.cpp:120] Track results of frame 112: 1 objects input, 1 objects tracked!
I1012 15:58:38.360471  8547 work_track.cpp:148] Frame: 112, track bbox: [136 x 185 from (321.84, 43.0818)], gid: 0, lid: 0
I1012 15:58:38.360507  8547 work_thread.hpp:88]  [T-Work-Detect_0] Frame :112 split
I1012 15:58:38.360602  8547 work_thread.hpp:120]  [T-Work-Detect_0] Valid piece: gid = 0
I1012 15:58:38.360622  8547 work_thread.hpp:92]  [T-Work-Detect_0] Push to split queue:recog
I1012 15:58:38.360668  8550 thread_intergrate.hpp:78] [T-Intergrate-intergrate] queue: frame output frame :112
I1012 15:58:38.360675  8549 work_thread.hpp:81]  [T-Work-Recog_1] Run work: WorkCapture
I1012 15:58:38.360707  8550 thread_intergrate.hpp:85] [T-Intergrate-intergrate] queue: compare output face:0
I1012 15:58:38.360725  8550 thread_intergrate.hpp:134] T-Intergrate-intergrate set matched face: 0
I1012 15:58:38.361233  8549 work_thread.hpp:81]  [T-Work-Recog_1] Run work: WorkRecog
I1012 15:58:38.361256  8549 work_recog.hpp:89] Face id: 0 will run recog: bbox [136 x 185 from (322, 43)] quality: 0.754698
I1012 15:58:38.361284  8549 work_recog.hpp:96] Recog pair: [200 x 272 from (288, 0)], [136 x 185 from (34, 43)]
I1012 15:58:38.361882  8550 thread_intergrate.hpp:154] T-Intergrate-intergrate Show face :0, size :640 * 360
I1012 15:58:38.362355  8546 demo_inner.hpp:435] thread [SORT-0]  frame id 112 sorting queue size 0   FPS: 7.13893
I1012 15:58:38.362427  8545 demo_inner.hpp:260]  gui queue size 0, state = running
I1012 15:58:38.379077  8549 work_thread.hpp:81]  [T-Work-Recog_1] Run work: WorkCompare
I1012 15:58:38.379195  8549 work_compare.cpp:76] Compare face: 0 successed, similarity :0.992973, name : images/thanglmb.jpg, normal size : 640 * 360!
I1012 15:58:38.491374  8544 demo_inner.hpp:177] decode queue size 0
I1012 15:58:38.491473  8547 work_thread.hpp:81]  [T-Work-Detect_0] Run work: WorkDetect
I1012 15:58:38.491510  8547 work_detect.cpp:102] Succeeded to add det start for frame 113
I1012 15:58:38.498291  8547 work_detect.cpp:70] Frame :113 detect result :1 face(s)
I1012 15:58:38.498325  8547 work_detect.cpp:86] Detected bbox: [138 x 187 from (321, 42)]
I1012 15:58:38.498366  8547 work_detect.cpp:120] Succeeded to add det end for frame 113
I1012 15:58:38.498383  8547 work_thread.hpp:81]  [T-Work-Detect_0] Run work: WrokTrack
I1012 15:58:38.498407  8547 work_track.cpp:82] Frame: 113 build input_characts: [0.215625 x 0.519444 from (0.501562, 0.116667)], 0.999622, 0
I1012 15:58:38.498462  8547 work_track.cpp:102] Succeeded to set track lock for frame 113
I1012 15:58:38.498502  8547 work_track.cpp:116] Succeeded to release track lock for frame 113
I1012 15:58:38.498517  8547 work_track.cpp:120] Track results of frame 113: 1 objects input, 1 objects tracked!
I1012 15:58:38.498533  8547 work_track.cpp:148] Frame: 113, track bbox: [138 x 187 from (320.447, 42.157)], gid: 0, lid: 0
I1012 15:58:38.498569  8547 work_thread.hpp:88]  [T-Work-Detect_0] Frame :113 split
I1012 15:58:38.498586  8547 work_thread.hpp:120]  [T-Work-Detect_0] Valid piece: gid = 0
I1012 15:58:38.498605  8547 work_thread.hpp:92]  [T-Work-Detect_0] Push to split queue:recog
I1012 15:58:38.498651  8549 work_thread.hpp:81]  [T-Work-Recog_1] Run work: WorkCapture
I1012 15:58:38.498940  8550 thread_intergrate.hpp:78] [T-Intergrate-intergrate] queue: frame output frame :113
I1012 15:58:38.498968  8550 thread_intergrate.hpp:85] [T-Intergrate-intergrate] queue: compare output face:0
I1012 15:58:38.498987  8550 thread_intergrate.hpp:134] T-Intergrate-intergrate set matched face: 0
I1012 15:58:38.499181  8549 work_thread.hpp:81]  [T-Work-Recog_1] Run work: WorkRecog
I1012 15:58:38.499203  8549 work_recog.hpp:89] Face id: 0 will run recog: bbox [138 x 187 from (321, 42)] quality: 0.79804
I1012 15:58:38.499230  8549 work_recog.hpp:96] Recog pair: [200 x 272 from (288, 0)], [138 x 187 from (33, 42)]
I1012 15:58:38.500138  8550 thread_intergrate.hpp:154] T-Intergrate-intergrate Show face :0, size :640 * 360
I1012 15:58:38.500571  8546 demo_inner.hpp:435] thread [SORT-0]  frame id 113 sorting queue size 0   FPS: 7.15072
I1012 15:58:38.500641  8545 demo_inner.hpp:260]  gui queue size 0, state = running
I1012 15:58:38.516934  8549 work_thread.hpp:81]  [T-Work-Recog_1] Run work: WorkCompare
I1012 15:58:38.517066  8549 work_compare.cpp:76] Compare face: 0 successed, similarity :0.995244, name : images/thanglmb.jpg, normal size : 640 * 360!
I1012 15:58:38.635255  8544 demo_inner.hpp:177] decode queue size 0
I1012 15:58:38.635350  8547 work_thread.hpp:81]  [T-Work-Detect_0] Run work: WorkDetect
I1012 15:58:38.635390  8547 work_detect.cpp:102] Succeeded to add det start for frame 114
I1012 15:58:38.642182  8547 work_detect.cpp:70] Frame :114 detect result :1 face(s)
I1012 15:58:38.642217  8547 work_detect.cpp:86] Detected bbox: [138 x 187 from (321, 42)]
I1012 15:58:38.642257  8547 work_detect.cpp:120] Succeeded to add det end for frame 114
I1012 15:58:38.642273  8547 work_thread.hpp:81]  [T-Work-Detect_0] Run work: WrokTrack
I1012 15:58:38.642297  8547 work_track.cpp:82] Frame: 114 build input_characts: [0.215625 x 0.519444 from (0.501562, 0.116667)], 1.00019, 0
I1012 15:58:38.642354  8547 work_track.cpp:102] Succeeded to set track lock for frame 114
I1012 15:58:38.642392  8547 work_track.cpp:116] Succeeded to release track lock for frame 114
I1012 15:58:38.642406  8547 work_track.cpp:120] Track results of frame 114: 1 objects input, 1 objects tracked!
I1012 15:58:38.642424  8547 work_track.cpp:148] Frame: 114, track bbox: [138 x 187 from (320.246, 42.3029)], gid: 0, lid: 0
I1012 15:58:38.642458  8547 work_thread.hpp:88]  [T-Work-Detect_0] Frame :114 split
I1012 15:58:38.642475  8547 work_thread.hpp:120]  [T-Work-Detect_0] Valid piece: gid = 0
I1012 15:58:38.642493  8547 work_thread.hpp:92]  [T-Work-Detect_0] Push to split queue:recog
I1012 15:58:38.642541  8548 work_thread.hpp:81]  [T-Work-Recog_0] Run work: WorkCapture
I1012 15:58:38.642830  8550 thread_intergrate.hpp:78] [T-Intergrate-intergrate] queue: frame output frame :114
I1012 15:58:38.642859  8550 thread_intergrate.hpp:85] [T-Intergrate-intergrate] queue: compare output face:0
I1012 15:58:38.642879  8550 thread_intergrate.hpp:134] T-Intergrate-intergrate set matched face: 0
I1012 15:58:38.643072  8548 work_thread.hpp:81]  [T-Work-Recog_0] Run work: WorkRecog
I1012 15:58:38.643095  8548 work_recog.hpp:89] Face id: 0 will run recog: bbox [138 x 187 from (321, 42)] quality: 0.851898
I1012 15:58:38.643121  8548 work_recog.hpp:96] Recog pair: [200 x 272 from (288, 0)], [138 x 187 from (33, 42)]
I1012 15:58:38.644035  8550 thread_intergrate.hpp:154] T-Intergrate-intergrate Show face :0, size :640 * 360
I1012 15:58:38.644538  8546 demo_inner.hpp:435] thread [SORT-0]  frame id 114 sorting queue size 0   FPS: 7.13893
I1012 15:58:38.644608  8545 demo_inner.hpp:260]  gui queue size 0, state = running
I1012 15:58:38.660801  8548 work_thread.hpp:81]  [T-Work-Recog_0] Run work: WorkCompare
I1012 15:58:38.660912  8548 work_compare.cpp:76] Compare face: 0 successed, similarity :0.99208, name : images/thanglmb.jpg, normal size : 640 * 360!
I1012 15:58:38.773350  8544 demo_inner.hpp:177] decode queue size 0
I1012 15:58:38.773452  8547 work_thread.hpp:81]  [T-Work-Detect_0] Run work: WorkDetect
I1012 15:58:38.773488  8547 work_detect.cpp:102] Succeeded to add det start for frame 115
I1012 15:58:38.780213  8547 work_detect.cpp:70] Frame :115 detect result :1 face(s)
I1012 15:58:38.780247  8547 work_detect.cpp:86] Detected bbox: [134 x 184 from (322, 44)]
I1012 15:58:38.780308  8547 work_detect.cpp:120] Succeeded to add det end for frame 115
I1012 15:58:38.780325  8547 work_thread.hpp:81]  [T-Work-Detect_0] Run work: WrokTrack
I1012 15:58:38.780349  8547 work_track.cpp:82] Frame: 115 build input_characts: [0.209375 x 0.511111 from (0.503125, 0.122222)], 1.00019, 0
I1012 15:58:38.780405  8547 work_track.cpp:102] Succeeded to set track lock for frame 115
I1012 15:58:38.780444  8547 work_track.cpp:116] Succeeded to release track lock for frame 115
I1012 15:58:38.780458  8547 work_track.cpp:120] Track results of frame 115: 1 objects input, 1 objects tracked!
I1012 15:58:38.780477  8547 work_track.cpp:148] Frame: 115, track bbox: [134 x 184 from (322.19, 43.9932)], gid: 0, lid: 0
I1012 15:58:38.780511  8547 work_thread.hpp:88]  [T-Work-Detect_0] Frame :115 split
I1012 15:58:38.780529  8547 work_thread.hpp:120]  [T-Work-Detect_0] Valid piece: gid = 0
I1012 15:58:38.785243  8547 work_thread.hpp:92]  [T-Work-Detect_0] Push to split queue:recog
I1012 15:58:38.785290  8549 work_thread.hpp:81]  [T-Work-Recog_1] Run work: WorkCapture
I1012 15:58:38.785583  8550 thread_intergrate.hpp:78] [T-Intergrate-intergrate] queue: frame output frame :115
I1012 15:58:38.785610  8550 thread_intergrate.hpp:85] [T-Intergrate-intergrate] queue: compare output face:0
I1012 15:58:38.785629  8550 thread_intergrate.hpp:134] T-Intergrate-intergrate set matched face: 0
I1012 15:58:38.785826  8549 work_thread.hpp:81]  [T-Work-Recog_1] Run work: WorkRecog
I1012 15:58:38.785850  8549 work_recog.hpp:89] Face id: 0 will run recog: bbox [134 x 184 from (322, 44)] quality: 0.798086
I1012 15:58:38.785876  8549 work_recog.hpp:96] Recog pair: [192 x 256 from (296, 8)], [134 x 184 from (26, 36)]
I1012 15:58:38.786793  8550 thread_intergrate.hpp:154] T-Intergrate-intergrate Show face :0, size :640 * 360
I1012 15:58:38.787197  8546 demo_inner.hpp:435] thread [SORT-0]  frame id 115 sorting queue size 0   FPS: 7.12915
I1012 15:58:38.787271  8545 demo_inner.hpp:260]  gui queue size 0, state = running
I1012 15:58:38.803596  8549 work_thread.hpp:81]  [T-Work-Recog_1] Run work: WorkCompare
I1012 15:58:38.803710  8549 work_compare.cpp:76] Compare face: 0 successed, similarity :0.995483, name : images/thanglmb.jpg, normal size : 640 * 360!
I1012 15:58:38.911381  8544 demo_inner.hpp:177] decode queue size 0
I1012 15:58:38.911485  8547 work_thread.hpp:81]  [T-Work-Detect_0] Run work: WorkDetect
I1012 15:58:38.911523  8547 work_detect.cpp:102] Succeeded to add det start for frame 116
I1012 15:58:38.918231  8547 work_detect.cpp:70] Frame :116 detect result :1 face(s)
I1012 15:58:38.918264  8547 work_detect.cpp:86] Detected bbox: [134 x 180 from (322, 46)]
I1012 15:58:38.918303  8547 work_detect.cpp:120] Succeeded to add det end for frame 116
I1012 15:58:38.918319  8547 work_thread.hpp:81]  [T-Work-Detect_0] Run work: WrokTrack
I1012 15:58:38.918344  8547 work_track.cpp:82] Frame: 116 build input_characts: [0.209375 x 0.5 from (0.503125, 0.127778)], 0.999622, 0
I1012 15:58:38.918397  8547 work_track.cpp:102] Succeeded to set track lock for frame 116
I1012 15:58:38.918437  8547 work_track.cpp:116] Succeeded to release track lock for frame 116
I1012 15:58:38.918452  8547 work_track.cpp:120] Track results of frame 116: 1 objects input, 1 objects tracked!
I1012 15:58:38.918468  8547 work_track.cpp:148] Frame: 116, track bbox: [134 x 180 from (322.04, 46.0671)], gid: 0, lid: 0
I1012 15:58:38.918504  8547 work_thread.hpp:88]  [T-Work-Detect_0] Frame :116 split
I1012 15:58:38.918521  8547 work_thread.hpp:120]  [T-Work-Detect_0] Valid piece: gid = 0
I1012 15:58:38.918540  8547 work_thread.hpp:92]  [T-Work-Detect_0] Push to split queue:recog
I1012 15:58:38.918586  8548 work_thread.hpp:81]  [T-Work-Recog_0] Run work: WorkCapture
I1012 15:58:38.918874  8550 thread_intergrate.hpp:78] [T-Intergrate-intergrate] queue: frame output frame :116
I1012 15:58:38.918902  8550 thread_intergrate.hpp:85] [T-Intergrate-intergrate] queue: compare output face:0
I1012 15:58:38.918921  8550 thread_intergrate.hpp:134] T-Intergrate-intergrate set matched face: 0
I1012 15:58:38.919118  8548 work_thread.hpp:81]  [T-Work-Recog_0] Run work: WorkRecog
I1012 15:58:38.919142  8548 work_recog.hpp:89] Face id: 0 will run recog: bbox [134 x 180 from (322, 46)] quality: 0.561172
I1012 15:58:38.919167  8548 work_recog.hpp:96] Recog pair: [192 x 256 from (296, 8)], [134 x 180 from (26, 38)]
I1012 15:58:38.920075  8550 thread_intergrate.hpp:154] T-Intergrate-intergrate Show face :0, size :640 * 360
I1012 15:58:38.920511  8546 demo_inner.hpp:435] thread [SORT-0]  frame id 116 sorting queue size 0   FPS: 7.15072
I1012 15:58:38.920596  8545 demo_inner.hpp:260]  gui queue size 0, state = running
I1012 15:58:38.936868  8548 work_thread.hpp:81]  [T-Work-Recog_0] Run work: WorkCompare
I1012 15:58:38.936977  8548 work_compare.cpp:76] Compare face: 0 successed, similarity :0.989995, name : images/thanglmb.jpg, normal size : 640 * 360!
I1012 15:58:39.055233  8544 demo_inner.hpp:177] decode queue size 0
I1012 15:58:39.055423  8547 work_thread.hpp:81]  [T-Work-Detect_0] Run work: WorkDetect
I1012 15:58:39.055460  8547 work_detect.cpp:102] Succeeded to add det start for frame 117
I1012 15:58:39.062189  8547 work_detect.cpp:70] Frame :117 detect result :1 face(s)
I1012 15:58:39.062222  8547 work_detect.cpp:86] Detected bbox: [134 x 188 from (313, 42)]
I1012 15:58:39.062263  8547 work_detect.cpp:120] Succeeded to add det end for frame 117
I1012 15:58:39.062279  8547 work_thread.hpp:81]  [T-Work-Detect_0] Run work: WrokTrack
I1012 15:58:39.062302  8547 work_track.cpp:82] Frame: 117 build input_characts: [0.209375 x 0.522222 from (0.489062, 0.116667)], 1.00019, 0
I1012 15:58:39.062359  8547 work_track.cpp:102] Succeeded to set track lock for frame 117
I1012 15:58:39.062398  8547 work_track.cpp:116] Succeeded to release track lock for frame 117
I1012 15:58:39.062413  8547 work_track.cpp:120] Track results of frame 117: 1 objects input, 1 objects tracked!
I1012 15:58:39.062430  8547 work_track.cpp:148] Frame: 117, track bbox: [134 x 188 from (317.195, 42.0953)], gid: 0, lid: 0
I1012 15:58:39.062466  8547 work_thread.hpp:88]  [T-Work-Detect_0] Frame :117 split
I1012 15:58:39.062484  8547 work_thread.hpp:120]  [T-Work-Detect_0] Valid piece: gid = 0
I1012 15:58:39.062502  8547 work_thread.hpp:92]  [T-Work-Detect_0] Push to split queue:recog
I1012 15:58:39.062547  8549 work_thread.hpp:81]  [T-Work-Recog_1] Run work: WorkCapture
I1012 15:58:39.062834  8550 thread_intergrate.hpp:78] [T-Intergrate-intergrate] queue: frame output frame :117
I1012 15:58:39.062862  8550 thread_intergrate.hpp:85] [T-Intergrate-intergrate] queue: compare output face:0
I1012 15:58:39.062882  8550 thread_intergrate.hpp:134] T-Intergrate-intergrate set matched face: 0
I1012 15:58:39.063077  8549 work_thread.hpp:81]  [T-Work-Recog_1] Run work: WorkRecog
I1012 15:58:39.063100  8549 work_recog.hpp:89] Face id: 0 will run recog: bbox [134 x 188 from (313, 42)] quality: 0.904625
I1012 15:58:39.063127  8549 work_recog.hpp:96] Recog pair: [200 x 272 from (280, 0)], [134 x 188 from (33, 42)]
I1012 15:58:39.064043  8550 thread_intergrate.hpp:154] T-Intergrate-intergrate Show face :0, size :640 * 360
I1012 15:58:39.064550  8546 demo_inner.hpp:435] thread [SORT-0]  frame id 117 sorting queue size 0   FPS: 7.13893
I1012 15:58:39.064618  8545 demo_inner.hpp:260]  gui queue size 0, state = running
I1012 15:58:39.080799  8549 work_thread.hpp:81]  [T-Work-Recog_1] Run work: WorkCompare
I1012 15:58:39.080920  8549 work_compare.cpp:76] Compare face: 0 successed, similarity :0.993214, name : images/thanglmb.jpg, normal size : 640 * 360!
I1012 15:58:39.193313  8544 demo_inner.hpp:177] decode queue size 0
I1012 15:58:39.193413  8547 work_thread.hpp:81]  [T-Work-Detect_0] Run work: WorkDetect
I1012 15:58:39.193449  8547 work_detect.cpp:102] Succeeded to add det start for frame 118
I1012 15:58:39.200187  8547 work_detect.cpp:70] Frame :118 detect result :1 face(s)
I1012 15:58:39.200222  8547 work_detect.cpp:86] Detected bbox: [134 x 187 from (313, 42)]
I1012 15:58:39.200261  8547 work_detect.cpp:120] Succeeded to add det end for frame 118
I1012 15:58:39.200276  8547 work_thread.hpp:81]  [T-Work-Detect_0] Run work: WrokTrack
I1012 15:58:39.200321  8547 work_track.cpp:82] Frame: 118 build input_characts: [0.209375 x 0.519444 from (0.489062, 0.116667)], 0.999622, 0
I1012 15:58:39.200378  8547 work_track.cpp:102] Succeeded to set track lock for frame 118
I1012 15:58:39.200417  8547 work_track.cpp:116] Succeeded to release track lock for frame 118
I1012 15:58:39.200433  8547 work_track.cpp:120] Track results of frame 118: 1 objects input, 1 objects tracked!
I1012 15:58:39.200449  8547 work_track.cpp:148] Frame: 118, track bbox: [134 x 187 from (313.681, 42.3782)], gid: 0, lid: 0
I1012 15:58:39.200484  8547 work_thread.hpp:88]  [T-Work-Detect_0] Frame :118 split
I1012 15:58:39.200502  8547 work_thread.hpp:120]  [T-Work-Detect_0] Valid piece: gid = 0
I1012 15:58:39.200520  8547 work_thread.hpp:92]  [T-Work-Detect_0] Push to split queue:recog
I1012 15:58:39.200565  8549 work_thread.hpp:81]  [T-Work-Recog_1] Run work: WorkCapture
I1012 15:58:39.200932  8550 thread_intergrate.hpp:78] [T-Intergrate-intergrate] queue: frame output frame :118
I1012 15:58:39.200959  8550 thread_intergrate.hpp:85] [T-Intergrate-intergrate] queue: compare output face:0
I1012 15:58:39.200978  8550 thread_intergrate.hpp:134] T-Intergrate-intergrate set matched face: 0
I1012 15:58:39.201174  8549 work_thread.hpp:81]  [T-Work-Recog_1] Run work: WorkRecog
I1012 15:58:39.201196  8549 work_recog.hpp:89] Face id: 0 will run recog: bbox [134 x 187 from (313, 42)] quality: 0.94659
I1012 15:58:39.201223  8549 work_recog.hpp:96] Recog pair: [200 x 272 from (280, 0)], [134 x 187 from (33, 42)]
I1012 15:58:39.202131  8550 thread_intergrate.hpp:154] T-Intergrate-intergrate Show face :0, size :640 * 360
I1012 15:58:39.202607  8546 demo_inner.hpp:435] thread [SORT-0]  frame id 118 sorting queue size 0   FPS: 7.13893
I1012 15:58:39.202677  8545 demo_inner.hpp:260]  gui queue size 0, state = running
I1012 15:58:39.218928  8549 work_thread.hpp:81]  [T-Work-Recog_1] Run work: WorkCompare
I1012 15:58:39.219045  8549 work_compare.cpp:76] Compare face: 0 successed, similarity :0.993158, name : images/thanglmb.jpg, normal size : 640 * 360!
I1012 15:58:39.331379  8544 demo_inner.hpp:177] decode queue size 0
I1012 15:58:39.331477  8547 work_thread.hpp:81]  [T-Work-Detect_0] Run work: WorkDetect
I1012 15:58:39.331516  8547 work_detect.cpp:102] Succeeded to add det start for frame 119
I1012 15:58:39.338258  8547 work_detect.cpp:70] Frame :119 detect result :1 face(s)
I1012 15:58:39.338290  8547 work_detect.cpp:86] Detected bbox: [161 x 208 from (306, 17)]
I1012 15:58:39.338330  8547 work_detect.cpp:120] Succeeded to add det end for frame 119
I1012 15:58:39.338346  8547 work_thread.hpp:81]  [T-Work-Detect_0] Run work: WrokTrack
I1012 15:58:39.338369  8547 work_track.cpp:82] Frame: 119 build input_characts: [0.251563 x 0.577778 from (0.478125, 0.0472222)], 0.999622, 0
I1012 15:58:39.338425  8547 work_track.cpp:102] Succeeded to set track lock for frame 119
I1012 15:58:39.338464  8547 work_track.cpp:116] Succeeded to release track lock for frame 119
I1012 15:58:39.338479  8547 work_track.cpp:120] Track results of frame 119: 1 objects input, 1 objects tracked!
I1012 15:58:39.338496  8547 work_track.cpp:148] Frame: 119, track bbox: [161 x 208 from (301.482, 24.098)], gid: 0, lid: 0
I1012 15:58:39.338531  8547 work_thread.hpp:88]  [T-Work-Detect_0] Frame :119 split
I1012 15:58:39.338549  8547 work_thread.hpp:120]  [T-Work-Detect_0] Valid piece: gid = 0
I1012 15:58:39.338567  8547 work_thread.hpp:92]  [T-Work-Detect_0] Push to split queue:recog
I1012 15:58:39.338618  8549 work_thread.hpp:81]  [T-Work-Recog_1] Run work: WorkCapture
I1012 15:58:39.338909  8550 thread_intergrate.hpp:78] [T-Intergrate-intergrate] queue: frame output frame :119
I1012 15:58:39.338937  8550 thread_intergrate.hpp:85] [T-Intergrate-intergrate] queue: compare output face:0
I1012 15:58:39.338955  8550 thread_intergrate.hpp:134] T-Intergrate-intergrate set matched face: 0
I1012 15:58:39.339151  8549 work_thread.hpp:81]  [T-Work-Recog_1] Run work: WorkRecog
I1012 15:58:39.339174  8549 work_recog.hpp:89] Face id: 0 will run recog: bbox [161 x 208 from (306, 17)] quality: 0.777242
I1012 15:58:39.339200  8549 work_recog.hpp:96] Recog pair: [232 x 296 from (272, 0)], [161 x 208 from (34, 17)]
I1012 15:58:39.340111  8550 thread_intergrate.hpp:154] T-Intergrate-intergrate Show face :0, size :640 * 360
I1012 15:58:39.340540  8546 demo_inner.hpp:435] thread [SORT-0]  frame id 119 sorting queue size 0   FPS: 7.15072
I1012 15:58:39.340610  8545 demo_inner.hpp:260]  gui queue size 0, state = running
I1012 15:58:39.356926  8549 work_thread.hpp:81]  [T-Work-Recog_1] Run work: WorkCompare
I1012 15:58:39.357056  8549 work_compare.cpp:76] Compare face: 0 successed, similarity :0.996279, name : images/thanglmb.jpg, normal size : 640 * 360!
I1012 15:58:39.475227  8544 demo_inner.hpp:177] decode queue size 0
I1012 15:58:39.475330  8547 work_thread.hpp:81]  [T-Work-Detect_0] Run work: WorkDetect
I1012 15:58:39.475442  8547 work_detect.cpp:102] Succeeded to add det start for frame 120
I1012 15:58:39.482218  8547 work_detect.cpp:70] Frame :120 detect result :1 face(s)
I1012 15:58:39.482249  8547 work_detect.cpp:86] Detected bbox: [159 x 204 from (306, 19)]
I1012 15:58:39.482290  8547 work_detect.cpp:120] Succeeded to add det end for frame 120
I1012 15:58:39.482306  8547 work_thread.hpp:81]  [T-Work-Detect_0] Run work: WrokTrack
I1012 15:58:39.482329  8547 work_track.cpp:82] Frame: 120 build input_characts: [0.248437 x 0.566667 from (0.478125, 0.0527778)], 0.999622, 0
I1012 15:58:39.482386  8547 work_track.cpp:102] Succeeded to set track lock for frame 120
I1012 15:58:39.482425  8547 work_track.cpp:116] Succeeded to release track lock for frame 120
I1012 15:58:39.482440  8547 work_track.cpp:120] Track results of frame 120: 1 objects input, 1 objects tracked!
I1012 15:58:39.482457  8547 work_track.cpp:148] Frame: 120, track bbox: [159 x 204 from (303.746, 20.3812)], gid: 0, lid: 0
I1012 15:58:39.482492  8547 work_thread.hpp:88]  [T-Work-Detect_0] Frame :120 split
I1012 15:58:39.482509  8547 work_thread.hpp:120]  [T-Work-Detect_0] Valid piece: gid = 0
I1012 15:58:39.482527  8547 work_thread.hpp:92]  [T-Work-Detect_0] Push to split queue:recog
I1012 15:58:39.482569  8549 work_thread.hpp:81]  [T-Work-Recog_1] Run work: WorkCapture
I1012 15:58:39.482861  8550 thread_intergrate.hpp:78] [T-Intergrate-intergrate] queue: frame output frame :120
I1012 15:58:39.482888  8550 thread_intergrate.hpp:85] [T-Intergrate-intergrate] queue: compare output face:0
I1012 15:58:39.482908  8550 thread_intergrate.hpp:134] T-Intergrate-intergrate set matched face: 0
I1012 15:58:39.483101  8549 work_thread.hpp:81]  [T-Work-Recog_1] Run work: WorkRecog
I1012 15:58:39.483124  8549 work_recog.hpp:89] Face id: 0 will run recog: bbox [159 x 204 from (306, 19)] quality: 0.88078
I1012 15:58:39.483150  8549 work_recog.hpp:96] Recog pair: [224 x 288 from (272, 0)], [159 x 204 from (34, 19)]
I1012 15:58:39.484061  8550 thread_intergrate.hpp:154] T-Intergrate-intergrate Show face :0, size :640 * 360
I1012 15:58:39.484561  8546 demo_inner.hpp:435] thread [SORT-0]  frame id 120 sorting queue size 0   FPS: 7.13893
I1012 15:58:39.484634  8545 demo_inner.hpp:260]  gui queue size 0, state = running
I1012 15:58:39.500854  8549 work_thread.hpp:81]  [T-Work-Recog_1] Run work: WorkCompare
I1012 15:58:39.500973  8549 work_compare.cpp:76] Compare face: 0 successed, similarity :0.997283, name : images/thanglmb.jpg, normal size : 640 * 360!
I1012 15:58:39.613330  8544 demo_inner.hpp:177] decode queue size 0
I1012 15:58:39.613432  8547 work_thread.hpp:81]  [T-Work-Detect_0] Run work: WorkDetect
I1012 15:58:39.613469  8547 work_detect.cpp:102] Succeeded to add det start for frame 121
I1012 15:58:39.620146  8547 work_detect.cpp:70] Frame :121 detect result :1 face(s)
I1012 15:58:39.620177  8547 work_detect.cpp:86] Detected bbox: [134 x 188 from (313, 41)]
I1012 15:58:39.620218  8547 work_detect.cpp:120] Succeeded to add det end for frame 121
I1012 15:58:39.620232  8547 work_thread.hpp:81]  [T-Work-Detect_0] Run work: WrokTrack
I1012 15:58:39.620255  8547 work_track.cpp:82] Frame: 121 build input_characts: [0.209375 x 0.522222 from (0.489062, 0.113889)], 1.00019, 0
I1012 15:58:39.620335  8547 work_track.cpp:102] Succeeded to set track lock for frame 121
I1012 15:58:39.620375  8547 work_track.cpp:116] Succeeded to release track lock for frame 121
I1012 15:58:39.620390  8547 work_track.cpp:120] Track results of frame 121: 1 objects input, 1 objects tracked!
I1012 15:58:39.620409  8547 work_track.cpp:148] Frame: 121, track bbox: [134 x 188 from (314.969, 32.1986)], gid: 0, lid: 0
I1012 15:58:39.620443  8547 work_thread.hpp:88]  [T-Work-Detect_0] Frame :121 split
I1012 15:58:39.620461  8547 work_thread.hpp:120]  [T-Work-Detect_0] Valid piece: gid = 0
I1012 15:58:39.620479  8547 work_thread.hpp:92]  [T-Work-Detect_0] Push to split queue:recog
I1012 15:58:39.620532  8549 work_thread.hpp:81]  [T-Work-Recog_1] Run work: WorkCapture
I1012 15:58:39.620823  8550 thread_intergrate.hpp:78] [T-Intergrate-intergrate] queue: frame output frame :121
I1012 15:58:39.620954  8550 thread_intergrate.hpp:85] [T-Intergrate-intergrate] queue: compare output face:0
I1012 15:58:39.620975  8550 thread_intergrate.hpp:134] T-Intergrate-intergrate set matched face: 0
I1012 15:58:39.621068  8549 work_thread.hpp:81]  [T-Work-Recog_1] Run work: WorkRecog
I1012 15:58:39.621091  8549 work_recog.hpp:89] Face id: 0 will run recog: bbox [134 x 188 from (313, 41)] quality: 0.966913
I1012 15:58:39.621119  8549 work_recog.hpp:96] Recog pair: [200 x 272 from (280, 0)], [134 x 188 from (33, 41)]
I1012 15:58:39.622128  8550 thread_intergrate.hpp:154] T-Intergrate-intergrate Show face :0, size :640 * 360
I1012 15:58:39.622617  8546 demo_inner.hpp:435] thread [SORT-0]  frame id 121 sorting queue size 0   FPS: 7.13893
I1012 15:58:39.622684  8545 demo_inner.hpp:260]  gui queue size 0, state = running
I1012 15:58:39.638778  8549 work_thread.hpp:81]  [T-Work-Recog_1] Run work: WorkCompare
I1012 15:58:39.638911  8549 work_compare.cpp:76] Compare face: 0 successed, similarity :0.995799, name : images/thanglmb.jpg, normal size : 640 * 360!
I1012 15:58:39.751358  8544 demo_inner.hpp:177] decode queue size 0
I1012 15:58:39.751457  8547 work_thread.hpp:81]  [T-Work-Detect_0] Run work: WorkDetect
I1012 15:58:39.751493  8547 work_detect.cpp:102] Succeeded to add det start for frame 122
I1012 15:58:39.758244  8547 work_detect.cpp:70] Frame :122 detect result :1 face(s)
I1012 15:58:39.758278  8547 work_detect.cpp:86] Detected bbox: [132 x 187 from (314, 42)]
I1012 15:58:39.758318  8547 work_detect.cpp:120] Succeeded to add det end for frame 122
I1012 15:58:39.758334  8547 work_thread.hpp:81]  [T-Work-Detect_0] Run work: WrokTrack
I1012 15:58:39.758358  8547 work_track.cpp:82] Frame: 122 build input_characts: [0.20625 x 0.519444 from (0.490625, 0.116667)], 1.00019, 0
I1012 15:58:39.758414  8547 work_track.cpp:102] Succeeded to set track lock for frame 122
I1012 15:58:39.758453  8547 work_track.cpp:116] Succeeded to release track lock for frame 122
I1012 15:58:39.758468  8547 work_track.cpp:120] Track results of frame 122: 1 objects input, 1 objects tracked!
I1012 15:58:39.758486  8547 work_track.cpp:148] Frame: 122, track bbox: [132 x 187 from (315.96, 36.9111)], gid: 0, lid: 0
I1012 15:58:39.758520  8547 work_thread.hpp:88]  [T-Work-Detect_0] Frame :122 split
I1012 15:58:39.758538  8547 work_thread.hpp:120]  [T-Work-Detect_0] Valid piece: gid = 0
I1012 15:58:39.758555  8547 work_thread.hpp:92]  [T-Work-Detect_0] Push to split queue:recog
I1012 15:58:39.758602  8549 work_thread.hpp:81]  [T-Work-Recog_1] Run work: WorkCapture
I1012 15:58:39.758893  8550 thread_intergrate.hpp:78] [T-Intergrate-intergrate] queue: frame output frame :122
I1012 15:58:39.758920  8550 thread_intergrate.hpp:85] [T-Intergrate-intergrate] queue: compare output face:0
I1012 15:58:39.758939  8550 thread_intergrate.hpp:134] T-Intergrate-intergrate set matched face: 0
I1012 15:58:39.759135  8549 work_thread.hpp:81]  [T-Work-Recog_1] Run work: WorkRecog
I1012 15:58:39.759158  8549 work_recog.hpp:89] Face id: 0 will run recog: bbox [132 x 187 from (314, 42)] quality: 0.962672
I1012 15:58:39.759184  8549 work_recog.hpp:96] Recog pair: [184 x 272 from (288, 0)], [132 x 187 from (26, 42)]
I1012 15:58:39.760094  8550 thread_intergrate.hpp:154] T-Intergrate-intergrate Show face :0, size :640 * 360
I1012 15:58:39.760526  8546 demo_inner.hpp:435] thread [SORT-0]  frame id 122 sorting queue size 0   FPS: 7.15072
I1012 15:58:39.760596  8545 demo_inner.hpp:260]  gui queue size 0, state = running
I1012 15:58:39.776897  8549 work_thread.hpp:81]  [T-Work-Recog_1] Run work: WorkCompare
I1012 15:58:39.777015  8549 work_compare.cpp:76] Compare face: 0 successed, similarity :0.993491, name : images/thanglmb.jpg, normal size : 640 * 360!
I1012 15:58:39.895285  8544 demo_inner.hpp:177] decode queue size 0
I1012 15:58:39.895380  8547 work_thread.hpp:81]  [T-Work-Detect_0] Run work: WorkDetect
I1012 15:58:39.895416  8547 work_detect.cpp:102] Succeeded to add det start for frame 123
I1012 15:58:39.902128  8547 work_detect.cpp:70] Frame :123 detect result :1 face(s)
I1012 15:58:39.902238  8547 work_detect.cpp:86] Detected bbox: [135 x 182 from (320, 46)]
I1012 15:58:39.902281  8547 work_detect.cpp:120] Succeeded to add det end for frame 123
I1012 15:58:39.902297  8547 work_thread.hpp:81]  [T-Work-Detect_0] Run work: WrokTrack
I1012 15:58:39.902320  8547 work_track.cpp:82] Frame: 123 build input_characts: [0.210938 x 0.505556 from (0.5, 0.127778)], 1.00035, 0
I1012 15:58:39.902375  8547 work_track.cpp:102] Succeeded to set track lock for frame 123
I1012 15:58:39.902415  8547 work_track.cpp:116] Succeeded to release track lock for frame 123
I1012 15:58:39.902431  8547 work_track.cpp:120] Track results of frame 123: 1 objects input, 1 objects tracked!
I1012 15:58:39.902447  8547 work_track.cpp:148] Frame: 123, track bbox: [135 x 182 from (316.683, 44.4696)], gid: 0, lid: 0
I1012 15:58:39.902483  8547 work_thread.hpp:88]  [T-Work-Detect_0] Frame :123 split
I1012 15:58:39.902501  8547 work_thread.hpp:120]  [T-Work-Detect_0] Valid piece: gid = 0
I1012 15:58:39.902518  8547 work_thread.hpp:92]  [T-Work-Detect_0] Push to split queue:recog
I1012 15:58:39.902566  8548 work_thread.hpp:81]  [T-Work-Recog_0] Run work: WorkCapture
I1012 15:58:39.902855  8550 thread_intergrate.hpp:78] [T-Intergrate-intergrate] queue: frame output frame :123
I1012 15:58:39.902884  8550 thread_intergrate.hpp:85] [T-Intergrate-intergrate] queue: compare output face:0
I1012 15:58:39.902902  8550 thread_intergrate.hpp:134] T-Intergrate-intergrate set matched face: 0
I1012 15:58:39.903095  8548 work_thread.hpp:81]  [T-Work-Recog_0] Run work: WorkRecog
I1012 15:58:39.903118  8548 work_recog.hpp:89] Face id: 0 will run recog: bbox [135 x 182 from (320, 46)] quality: 0.650718
I1012 15:58:39.903146  8548 work_recog.hpp:96] Recog pair: [200 x 256 from (288, 8)], [135 x 182 from (32, 38)]
I1012 15:58:39.904054  8550 thread_intergrate.hpp:154] T-Intergrate-intergrate Show face :0, size :640 * 360
I1012 15:58:39.904553  8546 demo_inner.hpp:435] thread [SORT-0]  frame id 123 sorting queue size 0   FPS: 7.13893
I1012 15:58:39.904623  8545 demo_inner.hpp:260]  gui queue size 0, state = running
I1012 15:58:39.920804  8548 work_thread.hpp:81]  [T-Work-Recog_0] Run work: WorkCompare
I1012 15:58:39.920938  8548 work_compare.cpp:76] Compare face: 0 successed, similarity :0.984549, name : images/thanglmb.jpg, normal size : 640 * 360!
I1012 15:58:40.033332  8544 demo_inner.hpp:177] decode queue size 0
I1012 15:58:40.033440  8547 work_thread.hpp:81]  [T-Work-Detect_0] Run work: WorkDetect
I1012 15:58:40.033478  8547 work_detect.cpp:102] Succeeded to add det start for frame 124
I1012 15:58:40.040201  8547 work_detect.cpp:70] Frame :124 detect result :1 face(s)
I1012 15:58:40.040233  8547 work_detect.cpp:86] Detected bbox: [138 x 186 from (319, 44)]
I1012 15:58:40.040273  8547 work_detect.cpp:120] Succeeded to add det end for frame 124
I1012 15:58:40.040313  8547 work_thread.hpp:81]  [T-Work-Detect_0] Run work: WrokTrack
I1012 15:58:40.040336  8547 work_track.cpp:82] Frame: 124 build input_characts: [0.215625 x 0.516667 from (0.498437, 0.122222)], 0.999597, 0
I1012 15:58:40.040393  8547 work_track.cpp:102] Succeeded to set track lock for frame 124
I1012 15:58:40.040432  8547 work_track.cpp:116] Succeeded to release track lock for frame 124
I1012 15:58:40.040446  8547 work_track.cpp:120] Track results of frame 124: 1 objects input, 1 objects tracked!
I1012 15:58:40.040464  8547 work_track.cpp:148] Frame: 124, track bbox: [138 x 186 from (316.559, 47.2322)], gid: 0, lid: 0
I1012 15:58:40.040498  8547 work_thread.hpp:88]  [T-Work-Detect_0] Frame :124 split
I1012 15:58:40.040516  8547 work_thread.hpp:120]  [T-Work-Detect_0] Valid piece: gid = 0
I1012 15:58:40.040534  8547 work_thread.hpp:92]  [T-Work-Detect_0] Push to split queue:recog
I1012 15:58:40.040580  8548 work_thread.hpp:81]  [T-Work-Recog_0] Run work: WorkCapture
I1012 15:58:40.040870  8550 thread_intergrate.hpp:78] [T-Intergrate-intergrate] queue: frame output frame :124
I1012 15:58:40.040899  8550 thread_intergrate.hpp:85] [T-Intergrate-intergrate] queue: compare output face:0
I1012 15:58:40.041018  8550 thread_intergrate.hpp:134] T-Intergrate-intergrate set matched face: 0
I1012 15:58:40.041116  8548 work_thread.hpp:81]  [T-Work-Recog_0] Run work: WorkRecog
I1012 15:58:40.041139  8548 work_recog.hpp:89] Face id: 0 will run recog: bbox [138 x 186 from (319, 44)] quality: 0.730679
I1012 15:58:40.041165  8548 work_recog.hpp:96] Recog pair: [200 x 272 from (288, 0)], [138 x 186 from (31, 44)]
I1012 15:58:40.042172  8550 thread_intergrate.hpp:154] T-Intergrate-intergrate Show face :0, size :640 * 360
I1012 15:58:40.042656  8546 demo_inner.hpp:435] thread [SORT-0]  frame id 124 sorting queue size 0   FPS: 7.13893
I1012 15:58:40.042729  8545 demo_inner.hpp:260]  gui queue size 0, state = running
I1012 15:58:40.058790  8548 work_thread.hpp:81]  [T-Work-Recog_0] Run work: WorkCompare
I1012 15:58:40.058923  8548 work_compare.cpp:76] Compare face: 0 successed, similarity :0.993729, name : images/thanglmb.jpg, normal size : 640 * 360!
I1012 15:58:40.171365  8544 demo_inner.hpp:177] decode queue size 0
I1012 15:58:40.171468  8547 work_thread.hpp:81]  [T-Work-Detect_0] Run work: WorkDetect
I1012 15:58:40.171504  8547 work_detect.cpp:102] Succeeded to add det start for frame 125
I1012 15:58:40.178262  8547 work_detect.cpp:70] Frame :125 detect result :1 face(s)
I1012 15:58:40.178295  8547 work_detect.cpp:86] Detected bbox: [134 x 187 from (313, 43)]
I1012 15:58:40.178335  8547 work_detect.cpp:120] Succeeded to add det end for frame 125
I1012 15:58:40.178351  8547 work_thread.hpp:81]  [T-Work-Detect_0] Run work: WrokTrack
I1012 15:58:40.178375  8547 work_track.cpp:82] Frame: 125 build input_characts: [0.209375 x 0.519444 from (0.489062, 0.119444)], 0.999622, 0
I1012 15:58:40.178431  8547 work_track.cpp:102] Succeeded to set track lock for frame 125
I1012 15:58:40.178470  8547 work_track.cpp:116] Succeeded to release track lock for frame 125
I1012 15:58:40.178484  8547 work_track.cpp:120] Track results of frame 125: 1 objects input, 1 objects tracked!
I1012 15:58:40.178503  8547 work_track.cpp:148] Frame: 125, track bbox: [134 x 187 from (316.818, 46.2297)], gid: 0, lid: 0
I1012 15:58:40.178536  8547 work_thread.hpp:88]  [T-Work-Detect_0] Frame :125 split
I1012 15:58:40.178553  8547 work_thread.hpp:120]  [T-Work-Detect_0] Valid piece: gid = 0
I1012 15:58:40.178571  8547 work_thread.hpp:92]  [T-Work-Detect_0] Push to split queue:recog
I1012 15:58:40.178624  8548 work_thread.hpp:81]  [T-Work-Recog_0] Run work: WorkCapture
I1012 15:58:40.178915  8550 thread_intergrate.hpp:78] [T-Intergrate-intergrate] queue: frame output frame :125
I1012 15:58:40.178943  8550 thread_intergrate.hpp:85] [T-Intergrate-intergrate] queue: compare output face:0
I1012 15:58:40.178962  8550 thread_intergrate.hpp:134] T-Intergrate-intergrate set matched face: 0
I1012 15:58:40.179154  8548 work_thread.hpp:81]  [T-Work-Recog_0] Run work: WorkRecog
I1012 15:58:40.179177  8548 work_recog.hpp:89] Face id: 0 will run recog: bbox [134 x 187 from (313, 43)] quality: 0.893268
I1012 15:58:40.179203  8548 work_recog.hpp:96] Recog pair: [200 x 272 from (280, 0)], [134 x 187 from (33, 43)]
I1012 15:58:40.180115  8550 thread_intergrate.hpp:154] T-Intergrate-intergrate Show face :0, size :640 * 360
I1012 15:58:40.180548  8546 demo_inner.hpp:435] thread [SORT-0]  frame id 125 sorting queue size 0   FPS: 7.15072
I1012 15:58:40.180618  8545 demo_inner.hpp:260]  gui queue size 0, state = running
I1012 15:58:40.197007  8548 work_thread.hpp:81]  [T-Work-Recog_0] Run work: WorkCompare
I1012 15:58:40.197139  8548 work_compare.cpp:76] Compare face: 0 successed, similarity :0.993703, name : images/thanglmb.jpg, normal size : 640 * 360!
I1012 15:58:40.315217  8544 demo_inner.hpp:177] decode queue size 0
I1012 15:58:40.315315  8547 work_thread.hpp:81]  [T-Work-Detect_0] Run work: WorkDetect
I1012 15:58:40.315352  8547 work_detect.cpp:102] Succeeded to add det start for frame 126
I1012 15:58:40.322108  8547 work_detect.cpp:70] Frame :126 detect result :1 face(s)
I1012 15:58:40.322144  8547 work_detect.cpp:86] Detected bbox: [142 x 188 from (315, 43)]
I1012 15:58:40.322268  8547 work_detect.cpp:120] Succeeded to add det end for frame 126
I1012 15:58:40.322286  8547 work_thread.hpp:81]  [T-Work-Detect_0] Run work: WrokTrack
I1012 15:58:40.322310  8547 work_track.cpp:82] Frame: 126 build input_characts: [0.221875 x 0.522222 from (0.492188, 0.119444)], 1.00035, 0
I1012 15:58:40.322366  8547 work_track.cpp:102] Succeeded to set track lock for frame 126
I1012 15:58:40.322407  8547 work_track.cpp:116] Succeeded to release track lock for frame 126
I1012 15:58:40.322420  8547 work_track.cpp:120] Track results of frame 126: 1 objects input, 1 objects tracked!
I1012 15:58:40.322438  8547 work_track.cpp:148] Frame: 126, track bbox: [142 x 188 from (314.768, 43.2789)], gid: 0, lid: 0
I1012 15:58:40.322474  8547 work_thread.hpp:88]  [T-Work-Detect_0] Frame :126 split
I1012 15:58:40.322490  8547 work_thread.hpp:120]  [T-Work-Detect_0] Valid piece: gid = 0
I1012 15:58:40.322508  8547 work_thread.hpp:92]  [T-Work-Detect_0] Push to split queue:recog
I1012 15:58:40.322551  8548 work_thread.hpp:81]  [T-Work-Recog_0] Run work: WorkCapture
I1012 15:58:40.322841  8550 thread_intergrate.hpp:78] [T-Intergrate-intergrate] queue: frame output frame :126
I1012 15:58:40.322868  8550 thread_intergrate.hpp:85] [T-Intergrate-intergrate] queue: compare output face:0
I1012 15:58:40.322887  8550 thread_intergrate.hpp:134] T-Intergrate-intergrate set matched face: 0
