I1015 11:10:10.343829  3622 work_thread.hpp:102]  [T-Work-Recog_0] Try to push queue compare again 8 vs 8
I1015 11:10:10.350131  3623 work_thread.hpp:102]  [T-Work-Recog_1] Try to push queue compare again 8 vs 8
I1015 11:10:10.351555  3621 work_thread.hpp:102]  [T-Work-Detect_0] Try to push queue frame again 8 vs 8
I1015 11:10:10.353919  3622 work_thread.hpp:102]  [T-Work-Recog_0] Try to push queue compare again 8 vs 8
I1015 11:10:10.360234  3623 work_thread.hpp:102]  [T-Work-Recog_1] Try to push queue compare again 8 vs 8
I1015 11:10:10.361647  3621 work_thread.hpp:102]  [T-Work-Detect_0] Try to push queue frame again 8 vs 8
I1015 11:10:10.364012  3622 work_thread.hpp:102]  [T-Work-Recog_0] Try to push queue compare again 8 vs 8
I1015 11:10:10.365455  3618 demo_inner.hpp:177] decode queue size 1
I1015 11:10:10.370355  3623 work_thread.hpp:102]  [T-Work-Recog_1] Try to push queue compare again 8 vs 8
I1015 11:10:10.371740  3621 work_thread.hpp:102]  [T-Work-Detect_0] Try to push queue frame again 8 vs 8
I1015 11:10:10.374105  3622 work_thread.hpp:102]  [T-Work-Recog_0] Try to push queue compare again 8 vs 8
I1015 11:10:10.380450  3623 work_thread.hpp:102]  [T-Work-Recog_1] Try to push queue compare again 8 vs 8
I1015 11:10:10.381827  3621 work_thread.hpp:102]  [T-Work-Detect_0] Try to push queue frame again 8 vs 8
I1015 11:10:10.384194  3622 work_thread.hpp:102]  [T-Work-Recog_0] Try to push queue compare again 8 vs 8
I1015 11:10:10.390540  3623 work_thread.hpp:102]  [T-Work-Recog_1] Try to push queue compare again 8 vs 8
I1015 11:10:10.391916  3621 work_thread.hpp:102]  [T-Work-Detect_0] Try to push queue frame again 8 vs 8
I1015 11:10:10.394286  3622 work_thread.hpp:102]  [T-Work-Recog_0] Try to push queue compare again 8 vs 8
I1015 11:10:10.400637  3623 work_thread.hpp:102]  [T-Work-Recog_1] Try to push queue compare again 8 vs 8
I1015 11:10:10.401449  3618 demo_inner.hpp:177] decode queue size 1
I1015 11:10:10.402009  3621 work_thread.hpp:102]  [T-Work-Detect_0] Try to push queue frame again 8 vs 8
I1015 11:10:10.404395  3622 work_thread.hpp:102]  [T-Work-Recog_0] Try to push queue compare again 8 vs 8
I1015 11:10:10.410739  3623 work_thread.hpp:102]  [T-Work-Recog_1] Try to push queue compare again 8 vs 8
I1015 11:10:10.412097  3621 work_thread.hpp:102]  [T-Work-Detect_0] Try to push queue frame again 8 vs 8
I1015 11:10:10.414484  3622 work_thread.hpp:102]  [T-Work-Recog_0] Try to push queue compare again 8 vs 8
I1015 11:10:10.420825  3623 work_thread.hpp:102]  [T-Work-Recog_1] Try to push queue compare again 8 vs 8
I1015 11:10:10.422188  3621 work_thread.hpp:102]  [T-Work-Detect_0] Try to push queue frame again 8 vs 8
I1015 11:10:10.424573  3622 work_thread.hpp:102]  [T-Work-Recog_0] Try to push queue compare again 8 vs 8
I1015 11:10:10.430918  3623 work_thread.hpp:102]  [T-Work-Recog_1] Try to push queue compare again 8 vs 8
I1015 11:10:10.431476  3618 demo_inner.hpp:177] decode queue size 1
I1015 11:10:10.432286  3621 work_thread.hpp:102]  [T-Work-Detect_0] Try to push queue frame again 8 vs 8
I1015 11:10:10.434665  3622 work_thread.hpp:102]  [T-Work-Recog_0] Try to push queue compare again 8 vs 8
I1015 11:10:10.441013  3623 work_thread.hpp:102]  [T-Work-Recog_1] Try to push queue compare again 8 vs 8
I1015 11:10:10.442373  3621 work_thread.hpp:102]  [T-Work-Detect_0] Try to push queue frame again 8 vs 8
I1015 11:10:10.444752  3622 work_thread.hpp:102]  [T-Work-Recog_0] Try to push queue compare again 8 vs 8
I1015 11:10:10.451100  3623 work_thread.hpp:102]  [T-Work-Recog_1] Try to push queue compare again 8 vs 8
I1015 11:10:10.452458  3621 work_thread.hpp:102]  [T-Work-Detect_0] Try to push queue frame again 8 vs 8
I1015 11:10:10.454838  3622 work_thread.hpp:102]  [T-Work-Recog_0] Try to push queue compare again 8 vs 8
I1015 11:10:10.461199  3623 work_thread.hpp:102]  [T-Work-Recog_1] Try to push queue compare again 8 vs 8
I1015 11:10:10.462546  3621 work_thread.hpp:102]  [T-Work-Detect_0] Try to push queue frame again 8 vs 8
I1015 11:10:10.465031  3622 work_thread.hpp:102]  [T-Work-Recog_0] Try to push queue compare again 8 vs 8
I1015 11:10:10.467471  3618 demo_inner.hpp:177] decode queue size 1
I1015 11:10:10.471318  3623 work_thread.hpp:102]  [T-Work-Recog_1] Try to push queue compare again 8 vs 8
I1015 11:10:10.472636  3621 work_thread.hpp:102]  [T-Work-Detect_0] Try to push queue frame again 8 vs 8
I1015 11:10:10.475137  3622 work_thread.hpp:102]  [T-Work-Recog_0] Try to push queue compare again 8 vs 8
I1015 11:10:10.481410  3623 work_thread.hpp:102]  [T-Work-Recog_1] Try to push queue compare again 8 vs 8
I1015 11:10:10.482722  3621 work_thread.hpp:102]  [T-Work-Detect_0] Try to push queue frame again 8 vs 8
I1015 11:10:10.485226  3622 work_thread.hpp:102]  [T-Work-Recog_0] Try to push queue compare again 8 vs 8
I1015 11:10:10.491508  3623 work_thread.hpp:102]  [T-Work-Recog_1] Try to push queue compare again 8 vs 8
I1015 11:10:10.492812  3621 work_thread.hpp:102]  [T-Work-Detect_0] Try to push queue frame again 8 vs 8
I1015 11:10:10.495317  3622 work_thread.hpp:102]  [T-Work-Recog_0] Try to push queue compare again 8 vs 8
I1015 11:10:10.497506  3618 demo_inner.hpp:177] decode queue size 1
I1015 11:10:10.501622  3623 work_thread.hpp:102]  [T-Work-Recog_1] Try to push queue compare again 8 vs 8
I1015 11:10:10.502903  3621 work_thread.hpp:102]  [T-Work-Detect_0] Try to push queue frame again 8 vs 8
I1015 11:10:10.505409  3622 work_thread.hpp:102]  [T-Work-Recog_0] Try to push queue compare again 8 vs 8
I1015 11:10:10.511713  3623 work_thread.hpp:102]  [T-Work-Recog_1] Try to push queue compare again 8 vs 8
I1015 11:10:10.512989  3621 work_thread.hpp:102]  [T-Work-Detect_0] Try to push queue frame again 8 vs 8
I1015 11:10:10.515496  3622 work_thread.hpp:102]  [T-Work-Recog_0] Try to push queue compare again 8 vs 8
I1015 11:10:10.521800  3623 work_thread.hpp:102]  [T-Work-Recog_1] Try to push queue compare again 8 vs 8
I1015 11:10:10.523074  3621 work_thread.hpp:102]  [T-Work-Detect_0] Try to push queue frame again 8 vs 8
I1015 11:10:10.525588  3622 work_thread.hpp:102]  [T-Work-Recog_0] Try to push queue compare again 8 vs 8
I1015 11:10:10.531888  3623 work_thread.hpp:102]  [T-Work-Recog_1] Try to push queue compare again 8 vs 8
I1015 11:10:10.533162  3621 work_thread.hpp:102]  [T-Work-Detect_0] Try to push queue frame again 8 vs 8
I1015 11:10:10.533372  3618 demo_inner.hpp:177] decode queue size 1
I1015 11:10:10.535790  3622 work_thread.hpp:102]  [T-Work-Recog_0] Try to push queue compare again 8 vs 8
I1015 11:10:10.541977  3623 work_thread.hpp:102]  [T-Work-Recog_1] Try to push queue compare again 8 vs 8
I1015 11:10:10.543246  3621 work_thread.hpp:102]  [T-Work-Detect_0] Try to push queue frame again 8 vs 8
I1015 11:10:10.545877  3622 work_thread.hpp:102]  [T-Work-Recog_0] Try to push queue compare again 8 vs 8
I1015 11:10:10.552059  3623 work_thread.hpp:102]  [T-Work-Recog_1] Try to push queue compare again 8 vs 8
I1015 11:10:10.553328  3621 work_thread.hpp:102]  [T-Work-Detect_0] Try to push queue frame again 8 vs 8
I1015 11:10:10.555964  3622 work_thread.hpp:102]  [T-Work-Recog_0] Try to push queue compare again 8 vs 8
I1015 11:10:10.562149  3623 work_thread.hpp:102]  [T-Work-Recog_1] Try to push queue compare again 8 vs 8
I1015 11:10:10.563410  3621 work_thread.hpp:102]  [T-Work-Detect_0] Try to push queue frame again 8 vs 8
I1015 11:10:10.563598  3624 thread_intergrate.hpp:224] T-Intergrate-intergrate Show face :0, size :640 * 360
I1015 11:10:10.563768  3624 thread_intergrate.hpp:83] [T-Intergrate-intergrate] queue: frame output frame :74
I1015 11:10:10.563791  3621 work_thread.hpp:81]  [T-Work-Detect_0] Run work: WorkDetect
I1015 11:10:10.563796  3624 thread_intergrate.hpp:90] [T-Intergrate-intergrate] queue: compare output face:0
I1015 11:10:10.563818  3621 work_detect.cpp:102] Succeeded to add det start for frame 83
I1015 11:10:10.563813  3622 work_thread.hpp:81]  [T-Work-Recog_0] Run work: WorkCapture
I1015 11:10:10.564196  3620 demo_inner.hpp:435] thread [SORT-0]  frame id 73 sorting queue size 0   FPS: 12.8102
I1015 11:10:10.563814  3624 thread_intergrate.hpp:149] T-Intergrate-intergrate set matched face: 0
I1015 11:10:10.564270  3619 demo_inner.hpp:260]  gui queue size 0, state = running
I1015 11:10:10.564568  3622 work_thread.hpp:81]  [T-Work-Recog_0] Run work: WorkRecog
I1015 11:10:10.564594  3622 work_recog.hpp:89] Face id: 0 will run recog: bbox [173 x 222 from (252, 72)] quality: 0.438707
I1015 11:10:10.564627  3622 work_recog.hpp:96] Recog pair: [248 x 320 from (216, 24)], [173 x 222 from (36, 48)]
I1015 11:10:10.566978  3624 thread_intergrate.hpp:224] T-Intergrate-intergrate Show face :0, size :640 * 360
I1015 11:10:10.567291  3624 thread_intergrate.hpp:83] [T-Intergrate-intergrate] queue: frame output frame :75
I1015 11:10:10.567329  3624 thread_intergrate.hpp:90] [T-Intergrate-intergrate] queue: compare output face:0
I1015 11:10:10.567348  3624 thread_intergrate.hpp:149] T-Intergrate-intergrate set matched face: 0
I1015 11:10:10.569681  3620 demo_inner.hpp:435] thread [SORT-0]  frame id 74 sorting queue size 0   FPS: 14.2412
I1015 11:10:10.569893  3624 thread_intergrate.hpp:224] T-Intergrate-intergrate Show face :0, size :640 * 360
I1015 11:10:10.570415  3620 demo_inner.hpp:435] thread [SORT-0]  frame id 75 sorting queue size 1   FPS: 14.2539
I1015 11:10:10.570487  3624 thread_intergrate.hpp:83] [T-Intergrate-intergrate] queue: frame output frame :76
I1015 11:10:10.570510  3624 thread_intergrate.hpp:90] [T-Intergrate-intergrate] queue: compare output face:0
I1015 11:10:10.570528  3624 thread_intergrate.hpp:149] T-Intergrate-intergrate set matched face: 0
I1015 11:10:10.571132  3621 work_detect.cpp:70] Frame :83 detect result :1 face(s)
I1015 11:10:10.571158  3621 work_detect.cpp:86] Detected bbox: [178 x 220 from (250, 74)]
I1015 11:10:10.571198  3621 work_detect.cpp:120] Succeeded to add det end for frame 83
I1015 11:10:10.571216  3621 work_thread.hpp:81]  [T-Work-Detect_0] Run work: WrokTrack
I1015 11:10:10.571243  3621 work_track.cpp:82] Frame: 83 build input_characts: [0.278125 x 0.611111 from (0.390625, 0.205556)], 0.999622, 0
I1015 11:10:10.571290  3621 work_track.cpp:102] Succeeded to set track lock for frame 83
I1015 11:10:10.571331  3621 work_track.cpp:116] Succeeded to release track lock for frame 83
I1015 11:10:10.571346  3621 work_track.cpp:120] Track results of frame 83: 1 objects input, 1 objects tracked!
I1015 11:10:10.571364  3621 work_track.cpp:148] Frame: 83, track bbox: [178 x 220 from (250.395, 75.9148)], gid: 0, lid: 0
I1015 11:10:10.571400  3621 work_thread.hpp:87]  [T-Work-Detect_0] Frame :83 split
I1015 11:10:10.571419  3621 work_thread.hpp:120]  [T-Work-Detect_0] Valid piece: gid = 0
I1015 11:10:10.571439  3621 work_thread.hpp:91]  [T-Work-Detect_0] Push to split queue:recog
I1015 11:10:10.571506  3623 work_thread.hpp:81]  [T-Work-Recog_1] Run work: WorkCapture
I1015 11:10:10.572129  3623 work_thread.hpp:81]  [T-Work-Recog_1] Run work: WorkRecog
I1015 11:10:10.572154  3623 work_recog.hpp:89] Face id: 0 will run recog: bbox [178 x 220 from (250, 74)] quality: 0.444516
I1015 11:10:10.572183  3623 work_recog.hpp:96] Recog pair: [256 x 320 from (208, 24)], [178 x 220 from (42, 50)]
I1015 11:10:10.577554  3618 demo_inner.hpp:177] decode queue size 0
I1015 11:10:10.577734  3621 work_thread.hpp:81]  [T-Work-Detect_0] Run work: WorkDetect
I1015 11:10:10.577777  3621 work_detect.cpp:102] Succeeded to add det start for frame 84
I1015 11:10:10.580493  3619 demo_inner.hpp:260]  gui queue size 1, state = running
I1015 11:10:10.580462  3624 thread_intergrate.hpp:224] T-Intergrate-intergrate Show face :0, size :640 * 360
I1015 11:10:10.581190  3620 demo_inner.hpp:435] thread [SORT-0]  frame id 76 sorting queue size 0   FPS: 14.2222
I1015 11:10:10.581313  3624 thread_intergrate.hpp:83] [T-Intergrate-intergrate] queue: frame output frame :77
I1015 11:10:10.581342  3624 thread_intergrate.hpp:90] [T-Intergrate-intergrate] queue: compare output face:0
I1015 11:10:10.581501  3624 thread_intergrate.hpp:149] T-Intergrate-intergrate set matched face: 0
I1015 11:10:10.585523  3624 thread_intergrate.hpp:224] T-Intergrate-intergrate Show face :0, size :640 * 360
I1015 11:10:10.585878  3624 thread_intergrate.hpp:83] [T-Intergrate-intergrate] queue: frame output frame :78
I1015 11:10:10.585909  3624 thread_intergrate.hpp:90] [T-Intergrate-intergrate] queue: compare output face:0
I1015 11:10:10.585928  3624 thread_intergrate.hpp:149] T-Intergrate-intergrate set matched face: 0
I1015 11:10:10.586092  3619 demo_inner.hpp:260]  gui queue size 0, state = running
I1015 11:10:10.587632  3622 work_thread.hpp:81]  [T-Work-Recog_0] Run work: WorkCompare
I1015 11:10:10.587769  3620 demo_inner.hpp:435] thread [SORT-0]  frame id 77 sorting queue size 0   FPS: 14.2285
I1015 11:10:10.588232  3622 work_compare.cpp:76] Compare face: 0 successed, similarity :0.996187, name : images/ThangLMb.jpg, normal size : 1548 * 1719!
I1015 11:10:10.592077  3619 demo_inner.hpp:260]  gui queue size 0, state = running
I1015 11:10:10.592878  3621 work_detect.cpp:70] Frame :84 detect result :1 face(s)
I1015 11:10:10.592945  3621 work_detect.cpp:86] Detected bbox: [175 x 224 from (263, 97)]
I1015 11:10:10.593005  3621 work_detect.cpp:120] Succeeded to add det end for frame 84
I1015 11:10:10.593024  3621 work_thread.hpp:81]  [T-Work-Detect_0] Run work: WrokTrack
I1015 11:10:10.593052  3621 work_track.cpp:82] Frame: 84 build input_characts: [0.273438 x 0.622222 from (0.410937, 0.269444)], 0.997596, 0
I1015 11:10:10.593120  3621 work_track.cpp:102] Succeeded to set track lock for frame 84
I1015 11:10:10.593171  3621 work_track.cpp:116] Succeeded to release track lock for frame 84
I1015 11:10:10.593186  3621 work_track.cpp:120] Track results of frame 84: 1 objects input, 1 objects tracked!
I1015 11:10:10.593205  3621 work_track.cpp:148] Frame: 84, track bbox: [175 x 224 from (257.381, 82.1934)], gid: 0, lid: 0
I1015 11:10:10.593245  3621 work_thread.hpp:87]  [T-Work-Detect_0] Frame :84 split
I1015 11:10:10.593263  3621 work_thread.hpp:120]  [T-Work-Detect_0] Valid piece: gid = 0
I1015 11:10:10.593282  3621 work_thread.hpp:91]  [T-Work-Detect_0] Push to split queue:recog
I1015 11:10:10.593379  3622 work_thread.hpp:81]  [T-Work-Recog_0] Run work: WorkCapture
I1015 11:10:10.594208  3623 work_thread.hpp:81]  [T-Work-Recog_1] Run work: WorkCompare
I1015 11:10:10.594321  3622 work_thread.hpp:81]  [T-Work-Recog_0] Run work: WorkRecog
I1015 11:10:10.594357  3622 work_recog.hpp:89] Face id: 0 will run recog: bbox [175 x 224 from (263, 97)] quality: 0.46718
I1015 11:10:10.594399  3622 work_recog.hpp:96] Recog pair: [256 x 312 from (224, 48)], [175 x 224 from (39, 49)]
I1015 11:10:10.594645  3623 work_compare.cpp:76] Compare face: 0 successed, similarity :0.995581, name : images/ThangLMb.jpg, normal size : 1548 * 1719!
I1015 11:10:10.600878  3618 demo_inner.hpp:177] decode queue size 0
I1015 11:10:10.600989  3621 work_thread.hpp:81]  [T-Work-Detect_0] Run work: WorkDetect
I1015 11:10:10.601030  3621 work_detect.cpp:102] Succeeded to add det start for frame 85
I1015 11:10:10.607908  3621 work_detect.cpp:70] Frame :85 detect result :1 face(s)
I1015 11:10:10.607961  3621 work_detect.cpp:86] Detected bbox: [173 x 227 from (256, 95)]
I1015 11:10:10.608005  3621 work_detect.cpp:120] Succeeded to add det end for frame 85
I1015 11:10:10.608021  3621 work_thread.hpp:81]  [T-Work-Detect_0] Run work: WrokTrack
I1015 11:10:10.608047  3621 work_track.cpp:82] Frame: 85 build input_characts: [0.270312 x 0.630556 from (0.4, 0.263889)], 1.00019, 0
I1015 11:10:10.608114  3621 work_track.cpp:102] Succeeded to set track lock for frame 85
I1015 11:10:10.608160  3621 work_track.cpp:116] Succeeded to release track lock for frame 85
I1015 11:10:10.608173  3621 work_track.cpp:120] Track results of frame 85: 1 objects input, 1 objects tracked!
I1015 11:10:10.608191  3621 work_track.cpp:148] Frame: 85, track bbox: [173 x 227 from (258.536, 88.629)], gid: 0, lid: 0
I1015 11:10:10.608227  3621 work_thread.hpp:87]  [T-Work-Detect_0] Frame :85 split
I1015 11:10:10.608356  3621 work_thread.hpp:120]  [T-Work-Detect_0] Valid piece: gid = 0
I1015 11:10:10.608400  3621 work_thread.hpp:91]  [T-Work-Detect_0] Push to split queue:recog
I1015 11:10:10.608453  3623 work_thread.hpp:81]  [T-Work-Recog_1] Run work: WorkCapture
I1015 11:10:10.609076  3623 work_thread.hpp:81]  [T-Work-Recog_1] Run work: WorkRecog
I1015 11:10:10.609102  3623 work_recog.hpp:89] Face id: 0 will run recog: bbox [173 x 227 from (256, 95)] quality: 0.480603
I1015 11:10:10.609128  3623 work_recog.hpp:96] Recog pair: [248 x 312 from (216, 48)], [173 x 227 from (40, 47)]
I1015 11:10:10.614012  3622 work_thread.hpp:81]  [T-Work-Recog_0] Run work: WorkCompare
I1015 11:10:10.614517  3622 work_compare.cpp:76] Compare face: 0 successed, similarity :0.99459, name : images/ThangLMb.jpg, normal size : 1548 * 1719!
I1015 11:10:10.627689  3623 work_thread.hpp:81]  [T-Work-Recog_1] Run work: WorkCompare
I1015 11:10:10.628144  3623 work_compare.cpp:76] Compare face: 0 successed, similarity :0.996899, name : images/ThangLMb.jpg, normal size : 1548 * 1719!
I1015 11:10:10.635700  3618 demo_inner.hpp:177] decode queue size 0
I1015 11:10:10.635800  3621 work_thread.hpp:81]  [T-Work-Detect_0] Run work: WorkDetect
I1015 11:10:10.635838  3621 work_detect.cpp:102] Succeeded to add det start for frame 86
I1015 11:10:10.638278  3623 work_thread.hpp:102]  [T-Work-Recog_1] Try to push queue compare again 8 vs 8
I1015 11:10:10.642650  3621 work_detect.cpp:70] Frame :86 detect result :1 face(s)
I1015 11:10:10.642679  3621 work_detect.cpp:86] Detected bbox: [168 x 225 from (260, 96)]
I1015 11:10:10.642724  3621 work_detect.cpp:120] Succeeded to add det end for frame 86
I1015 11:10:10.642740  3621 work_thread.hpp:81]  [T-Work-Detect_0] Run work: WrokTrack
I1015 11:10:10.642761  3621 work_track.cpp:82] Frame: 86 build input_characts: [0.2625 x 0.625 from (0.40625, 0.266667)], 1.00019, 0
I1015 11:10:10.642817  3621 work_track.cpp:102] Succeeded to set track lock for frame 86
I1015 11:10:10.642855  3621 work_track.cpp:116] Succeeded to release track lock for frame 86
I1015 11:10:10.642870  3621 work_track.cpp:120] Track results of frame 86: 1 objects input, 1 objects tracked!
I1015 11:10:10.642887  3621 work_track.cpp:148] Frame: 86, track bbox: [168 x 225 from (261.564, 96.1311)], gid: 0, lid: 0
I1015 11:10:10.642925  3621 work_thread.hpp:87]  [T-Work-Detect_0] Frame :86 split
I1015 11:10:10.642941  3621 work_thread.hpp:120]  [T-Work-Detect_0] Valid piece: gid = 0
I1015 11:10:10.642959  3621 work_thread.hpp:91]  [T-Work-Detect_0] Push to split queue:recog
I1015 11:10:10.643007  3622 work_thread.hpp:81]  [T-Work-Recog_0] Run work: WorkCapture
I1015 11:10:10.643658  3622 work_thread.hpp:81]  [T-Work-Recog_0] Run work: WorkRecog
I1015 11:10:10.643811  3622 work_recog.hpp:89] Face id: 0 will run recog: bbox [168 x 225 from (260, 96)] quality: 0.478765
I1015 11:10:10.643841  3622 work_recog.hpp:96] Recog pair: [240 x 312 from (224, 48)], [168 x 225 from (36, 48)]
I1015 11:10:10.648404  3623 work_thread.hpp:102]  [T-Work-Recog_1] Try to push queue compare again 8 vs 8
I1015 11:10:10.658533  3623 work_thread.hpp:102]  [T-Work-Recog_1] Try to push queue compare again 8 vs 8
I1015 11:10:10.661890  3622 work_thread.hpp:81]  [T-Work-Recog_0] Run work: WorkCompare
I1015 11:10:10.662370  3622 work_compare.cpp:76] Compare face: 0 successed, similarity :0.996938, name : images/ThangLMb.jpg, normal size : 1548 * 1719!
I1015 11:10:10.665621  3618 demo_inner.hpp:177] decode queue size 0
I1015 11:10:10.665699  3621 work_thread.hpp:81]  [T-Work-Detect_0] Run work: WorkDetect
I1015 11:10:10.665729  3621 work_detect.cpp:102] Succeeded to add det start for frame 87
I1015 11:10:10.668694  3623 work_thread.hpp:102]  [T-Work-Recog_1] Try to push queue compare again 8 vs 8
I1015 11:10:10.672413  3621 work_detect.cpp:70] Frame :87 detect result :1 face(s)
I1015 11:10:10.672438  3621 work_detect.cpp:86] Detected bbox: [166 x 228 from (261, 94)]
I1015 11:10:10.672480  3621 work_detect.cpp:120] Succeeded to add det end for frame 87
I1015 11:10:10.672555  3622 work_thread.hpp:102]  [T-Work-Recog_0] Try to push queue compare again 8 vs 8
I1015 11:10:10.672574  3621 work_thread.hpp:81]  [T-Work-Detect_0] Run work: WrokTrack
I1015 11:10:10.672621  3621 work_track.cpp:82] Frame: 87 build input_characts: [0.259375 x 0.633333 from (0.407813, 0.261111)], 1.00019, 0
I1015 11:10:10.672677  3621 work_track.cpp:102] Succeeded to set track lock for frame 87
I1015 11:10:10.672715  3621 work_track.cpp:116] Succeeded to release track lock for frame 87
I1015 11:10:10.672730  3621 work_track.cpp:120] Track results of frame 87: 1 objects input, 1 objects tracked!
I1015 11:10:10.672749  3621 work_track.cpp:148] Frame: 87, track bbox: [166 x 228 from (262.547, 100.285)], gid: 0, lid: 0
I1015 11:10:10.672785  3621 work_thread.hpp:87]  [T-Work-Detect_0] Frame :87 split
I1015 11:10:10.672802  3621 work_thread.hpp:120]  [T-Work-Detect_0] Valid piece: gid = 0
I1015 11:10:10.672821  3621 work_thread.hpp:91]  [T-Work-Detect_0] Push to split queue:recog
I1015 11:10:10.678802  3623 work_thread.hpp:102]  [T-Work-Recog_1] Try to push queue compare again 8 vs 8
I1015 11:10:10.682673  3622 work_thread.hpp:102]  [T-Work-Recog_0] Try to push queue compare again 8 vs 8
I1015 11:10:10.682904  3621 work_thread.hpp:102]  [T-Work-Detect_0] Try to push queue frame again 8 vs 8
I1015 11:10:10.688887  3623 work_thread.hpp:102]  [T-Work-Recog_1] Try to push queue compare again 8 vs 8
I1015 11:10:10.692803  3622 work_thread.hpp:102]  [T-Work-Recog_0] Try to push queue compare again 8 vs 8
I1015 11:10:10.692987  3621 work_thread.hpp:102]  [T-Work-Detect_0] Try to push queue frame again 8 vs 8
I1015 11:10:10.698972  3623 work_thread.hpp:102]  [T-Work-Recog_1] Try to push queue compare again 8 vs 8
I1015 11:10:10.701419  3618 demo_inner.hpp:177] decode queue size 0
I1015 11:10:10.702911  3622 work_thread.hpp:102]  [T-Work-Recog_0] Try to push queue compare again 8 vs 8
I1015 11:10:10.703071  3621 work_thread.hpp:102]  [T-Work-Detect_0] Try to push queue frame again 8 vs 8
I1015 11:10:10.709058  3623 work_thread.hpp:102]  [T-Work-Recog_1] Try to push queue compare again 8 vs 8
I1015 11:10:10.713006  3622 work_thread.hpp:102]  [T-Work-Recog_0] Try to push queue compare again 8 vs 8
I1015 11:10:10.713152  3621 work_thread.hpp:102]  [T-Work-Detect_0] Try to push queue frame again 8 vs 8
I1015 11:10:10.719138  3623 work_thread.hpp:102]  [T-Work-Recog_1] Try to push queue compare again 8 vs 8
I1015 11:10:10.723103  3622 work_thread.hpp:102]  [T-Work-Recog_0] Try to push queue compare again 8 vs 8
I1015 11:10:10.723234  3621 work_thread.hpp:102]  [T-Work-Detect_0] Try to push queue frame again 8 vs 8
I1015 11:10:10.729223  3623 work_thread.hpp:102]  [T-Work-Recog_1] Try to push queue compare again 8 vs 8
I1015 11:10:10.731474  3618 demo_inner.hpp:177] decode queue size 1
I1015 11:10:10.733211  3622 work_thread.hpp:102]  [T-Work-Recog_0] Try to push queue compare again 8 vs 8
I1015 11:10:10.733319  3621 work_thread.hpp:102]  [T-Work-Detect_0] Try to push queue frame again 8 vs 8
I1015 11:10:10.739305  3623 work_thread.hpp:102]  [T-Work-Recog_1] Try to push queue compare again 8 vs 8
I1015 11:10:10.743326  3622 work_thread.hpp:102]  [T-Work-Recog_0] Try to push queue compare again 8 vs 8
I1015 11:10:10.743399  3621 work_thread.hpp:102]  [T-Work-Detect_0] Try to push queue frame again 8 vs 8
I1015 11:10:10.749385  3623 work_thread.hpp:102]  [T-Work-Recog_1] Try to push queue compare again 8 vs 8
I1015 11:10:10.753444  3622 work_thread.hpp:102]  [T-Work-Recog_0] Try to push queue compare again 8 vs 8
I1015 11:10:10.753480  3621 work_thread.hpp:102]  [T-Work-Detect_0] Try to push queue frame again 8 vs 8
I1015 11:10:10.759474  3623 work_thread.hpp:102]  [T-Work-Recog_1] Try to push queue compare again 8 vs 8
I1015 11:10:10.763543  3622 work_thread.hpp:102]  [T-Work-Recog_0] Try to push queue compare again 8 vs 8
I1015 11:10:10.763561  3621 work_thread.hpp:102]  [T-Work-Detect_0] Try to push queue frame again 8 vs 8
I1015 11:10:10.767441  3618 demo_inner.hpp:177] decode queue size 1
I1015 11:10:10.769577  3623 work_thread.hpp:102]  [T-Work-Recog_1] Try to push queue compare again 8 vs 8
I1015 11:10:10.773641  3622 work_thread.hpp:102]  [T-Work-Recog_0] Try to push queue compare again 8 vs 8
I1015 11:10:10.773645  3621 work_thread.hpp:102]  [T-Work-Detect_0] Try to push queue frame again 8 vs 8
I1015 11:10:10.779732  3623 work_thread.hpp:102]  [T-Work-Recog_1] Try to push queue compare again 8 vs 8
I1015 11:10:10.783733  3622 work_thread.hpp:102]  [T-Work-Recog_0] Try to push queue compare again 8 vs 8
I1015 11:10:10.783736  3621 work_thread.hpp:102]  [T-Work-Detect_0] Try to push queue frame again 8 vs 8
I1015 11:10:10.789820  3623 work_thread.hpp:102]  [T-Work-Recog_1] Try to push queue compare again 8 vs 8
I1015 11:10:10.793828  3622 work_thread.hpp:102]  [T-Work-Recog_0] Try to push queue compare again 8 vs 8
I1015 11:10:10.793828  3621 work_thread.hpp:102]  [T-Work-Detect_0] Try to push queue frame again 8 vs 8
I1015 11:10:10.797490  3618 demo_inner.hpp:177] decode queue size 1
I1015 11:10:10.799917  3623 work_thread.hpp:102]  [T-Work-Recog_1] Try to push queue compare again 8 vs 8
I1015 11:10:10.803923  3621 work_thread.hpp:102]  [T-Work-Detect_0] Try to push queue frame again 8 vs 8
I1015 11:10:10.803926  3622 work_thread.hpp:102]  [T-Work-Recog_0] Try to push queue compare again 8 vs 8
I1015 11:10:10.810003  3623 work_thread.hpp:102]  [T-Work-Recog_1] Try to push queue compare again 8 vs 8
I1015 11:10:10.814005  3621 work_thread.hpp:102]  [T-Work-Detect_0] Try to push queue frame again 8 vs 8
I1015 11:10:10.814018  3622 work_thread.hpp:102]  [T-Work-Recog_0] Try to push queue compare again 8 vs 8
I1015 11:10:10.820081  3623 work_thread.hpp:102]  [T-Work-Recog_1] Try to push queue compare again 8 vs 8
I1015 11:10:10.824086  3621 work_thread.hpp:102]  [T-Work-Detect_0] Try to push queue frame again 8 vs 8
I1015 11:10:10.824108  3622 work_thread.hpp:102]  [T-Work-Recog_0] Try to push queue compare again 8 vs 8
I1015 11:10:10.830161  3623 work_thread.hpp:102]  [T-Work-Recog_1] Try to push queue compare again 8 vs 8
I1015 11:10:10.833426  3618 demo_inner.hpp:177] decode queue size 1
I1015 11:10:10.834187  3621 work_thread.hpp:102]  [T-Work-Detect_0] Try to push queue frame again 8 vs 8
I1015 11:10:10.834203  3622 work_thread.hpp:102]  [T-Work-Recog_0] Try to push queue compare again 8 vs 8
I1015 11:10:10.840250  3623 work_thread.hpp:102]  [T-Work-Recog_1] Try to push queue compare again 8 vs 8
I1015 11:10:10.844280  3621 work_thread.hpp:102]  [T-Work-Detect_0] Try to push queue frame again 8 vs 8
I1015 11:10:10.844292  3622 work_thread.hpp:102]  [T-Work-Recog_0] Try to push queue compare again 8 vs 8
I1015 11:10:10.850335  3623 work_thread.hpp:102]  [T-Work-Recog_1] Try to push queue compare again 8 vs 8
I1015 11:10:10.854364  3621 work_thread.hpp:102]  [T-Work-Detect_0] Try to push queue frame again 8 vs 8
I1015 11:10:10.854378  3622 work_thread.hpp:102]  [T-Work-Recog_0] Try to push queue compare again 8 vs 8
I1015 11:10:10.860422  3623 work_thread.hpp:102]  [T-Work-Recog_1] Try to push queue compare again 8 vs 8
I1015 11:10:10.864447  3621 work_thread.hpp:102]  [T-Work-Detect_0] Try to push queue frame again 8 vs 8
I1015 11:10:10.864465  3622 work_thread.hpp:102]  [T-Work-Recog_0] Try to push queue compare again 8 vs 8
I1015 11:10:10.869277  3618 demo_inner.hpp:177] decode queue size 1
I1015 11:10:10.870517  3623 work_thread.hpp:102]  [T-Work-Recog_1] Try to push queue compare again 8 vs 8
I1015 11:10:10.874532  3621 work_thread.hpp:102]  [T-Work-Detect_0] Try to push queue frame again 8 vs 8
I1015 11:10:10.874555  3622 work_thread.hpp:102]  [T-Work-Recog_0] Try to push queue compare again 8 vs 8
I1015 11:10:10.880601  3623 work_thread.hpp:102]  [T-Work-Recog_1] Try to push queue compare again 8 vs 8
I1015 11:10:10.884459  3624 thread_intergrate.hpp:224] T-Intergrate-intergrate Show face :0, size :640 * 360
I1015 11:10:10.884634  3624 thread_intergrate.hpp:83] [T-Intergrate-intergrate] queue: frame output frame :79
I1015 11:10:10.884644  3622 work_thread.hpp:102]  [T-Work-Recog_0] Try to push queue compare again 8 vs 7
I1015 11:10:10.884660  3624 thread_intergrate.hpp:90] [T-Intergrate-intergrate] queue: compare output face:0
I1015 11:10:10.884764  3624 thread_intergrate.hpp:149] T-Intergrate-intergrate set matched face: 0
I1015 11:10:10.884965  3620 demo_inner.hpp:435] thread [SORT-0]  frame id 78 sorting queue size 0   FPS: 12.5935
I1015 11:10:10.884721  3623 work_thread.hpp:81]  [T-Work-Recog_1] Run work: WorkCapture
I1015 11:10:10.886358  3621 work_thread.hpp:81]  [T-Work-Detect_0] Run work: WorkDetect
I1015 11:10:10.886361  3619 demo_inner.hpp:260]  gui queue size 0, state = running
I1015 11:10:10.886396  3621 work_detect.cpp:102] Succeeded to add det start for frame 88
I1015 11:10:10.886893  3623 work_thread.hpp:81]  [T-Work-Recog_1] Run work: WorkRecog
I1015 11:10:10.886919  3623 work_recog.hpp:89] Face id: 0 will run recog: bbox [166 x 228 from (261, 94)] quality: 0.478462
I1015 11:10:10.886957  3623 work_recog.hpp:96] Recog pair: [240 x 312 from (224, 48)], [166 x 228 from (37, 46)]
I1015 11:10:10.891446  3624 thread_intergrate.hpp:224] T-Intergrate-intergrate Show face :0, size :640 * 360
I1015 11:10:10.891765  3624 thread_intergrate.hpp:83] [T-Intergrate-intergrate] queue: frame output frame :80
I1015 11:10:10.891795  3624 thread_intergrate.hpp:90] [T-Intergrate-intergrate] queue: compare output face:0
I1015 11:10:10.891815  3624 thread_intergrate.hpp:149] T-Intergrate-intergrate set matched face: 0
I1015 11:10:10.892096  3620 demo_inner.hpp:435] thread [SORT-0]  frame id 79 sorting queue size 0   FPS: 12.5935
I1015 11:10:10.892180  3619 demo_inner.hpp:260]  gui queue size 0, state = running
I1015 11:10:10.894206  3621 work_detect.cpp:70] Frame :88 detect result :1 face(s)
I1015 11:10:10.894281  3621 work_detect.cpp:86] Detected bbox: [171 x 230 from (259, 94)]
I1015 11:10:10.894368  3621 work_detect.cpp:120] Succeeded to add det end for frame 88
I1015 11:10:10.894387  3621 work_thread.hpp:81]  [T-Work-Detect_0] Run work: WrokTrack
I1015 11:10:10.894420  3621 work_track.cpp:82] Frame: 88 build input_characts: [0.267188 x 0.638889 from (0.404687, 0.261111)], 0.999622, 0
I1015 11:10:10.894507  3621 work_track.cpp:102] Succeeded to set track lock for frame 88
I1015 11:10:10.894560  3621 work_track.cpp:116] Succeeded to release track lock for frame 88
I1015 11:10:10.894575  3621 work_track.cpp:120] Track results of frame 88: 1 objects input, 1 objects tracked!
I1015 11:10:10.894594  3621 work_track.cpp:148] Frame: 88, track bbox: [171 x 230 from (259.241, 98.1949)], gid: 0, lid: 0
I1015 11:10:10.894632  3621 work_thread.hpp:87]  [T-Work-Detect_0] Frame :88 split
I1015 11:10:10.894657  3621 work_thread.hpp:120]  [T-Work-Detect_0] Valid piece: gid = 0
I1015 11:10:10.894677  3621 work_thread.hpp:91]  [T-Work-Detect_0] Push to split queue:recog
I1015 11:10:10.894798  3622 work_thread.hpp:81]  [T-Work-Recog_0] Run work: WorkCapture
I1015 11:10:10.896282  3624 thread_intergrate.hpp:224] T-Intergrate-intergrate Show face :0, size :640 * 360
I1015 11:10:10.896282  3622 work_thread.hpp:81]  [T-Work-Recog_0] Run work: WorkRecog
I1015 11:10:10.896430  3622 work_recog.hpp:89] Face id: 0 will run recog: bbox [171 x 230 from (259, 94)] quality: 0.483683
I1015 11:10:10.896497  3622 work_recog.hpp:96] Recog pair: [240 x 312 from (224, 48)], [171 x 230 from (35, 46)]
I1015 11:10:10.896953  3620 demo_inner.hpp:435] thread [SORT-0]  frame id 80 sorting queue size 0   FPS: 12.5984
I1015 11:10:10.897017  3619 demo_inner.hpp:260]  gui queue size 0, state = running
I1015 11:10:10.897025  3624 thread_intergrate.hpp:83] [T-Intergrate-intergrate] queue: frame output frame :81
I1015 11:10:10.897050  3624 thread_intergrate.hpp:90] [T-Intergrate-intergrate] queue: compare output face:0
I1015 11:10:10.897073  3624 thread_intergrate.hpp:149] T-Intergrate-intergrate set matched face: 0
I1015 11:10:10.901357  3618 demo_inner.hpp:177] decode queue size 0
I1015 11:10:10.901592  3621 work_thread.hpp:81]  [T-Work-Detect_0] Run work: WorkDetect
I1015 11:10:10.901646  3621 work_detect.cpp:102] Succeeded to add det start for frame 89
I1015 11:10:10.904497  3624 thread_intergrate.hpp:224] T-Intergrate-intergrate Show face :0, size :640 * 360
I1015 11:10:10.905218  3620 demo_inner.hpp:435] thread [SORT-0]  frame id 81 sorting queue size 0   FPS: 15.7791
I1015 11:10:10.905300  3619 demo_inner.hpp:260]  gui queue size 0, state = running
I1015 11:10:10.905316  3624 thread_intergrate.hpp:83] [T-Intergrate-intergrate] queue: frame output frame :82
I1015 11:10:10.905342  3624 thread_intergrate.hpp:90] [T-Intergrate-intergrate] queue: compare output face:0
I1015 11:10:10.905361  3624 thread_intergrate.hpp:149] T-Intergrate-intergrate set matched face: 0
I1015 11:10:10.908502  3623 work_thread.hpp:81]  [T-Work-Recog_1] Run work: WorkCompare
I1015 11:10:10.909087  3623 work_compare.cpp:76] Compare face: 0 successed, similarity :0.995851, name : images/ThangLMb.jpg, normal size : 1548 * 1719!
I1015 11:10:10.912953  3621 work_detect.cpp:70] Frame :89 detect result :1 face(s)
I1015 11:10:10.913022  3621 work_detect.cpp:86] Detected bbox: [182 x 241 from (257, 88)]
I1015 11:10:10.913067  3621 work_detect.cpp:120] Succeeded to add det end for frame 89
I1015 11:10:10.913084  3621 work_thread.hpp:81]  [T-Work-Detect_0] Run work: WrokTrack
I1015 11:10:10.913111  3621 work_track.cpp:82] Frame: 89 build input_characts: [0.284375 x 0.669444 from (0.401563, 0.244444)], 1.00035, 0
I1015 11:10:10.913174  3621 work_track.cpp:102] Succeeded to set track lock for frame 89
I1015 11:10:10.913216  3621 work_track.cpp:116] Succeeded to release track lock for frame 89
I1015 11:10:10.913231  3621 work_track.cpp:120] Track results of frame 89: 1 objects input, 1 objects tracked!
I1015 11:10:10.913250  3621 work_track.cpp:148] Frame: 89, track bbox: [182 x 241 from (254.147, 87.9808)], gid: 0, lid: 0
I1015 11:10:10.913287  3621 work_thread.hpp:87]  [T-Work-Detect_0] Frame :89 split
I1015 11:10:10.913306  3621 work_thread.hpp:120]  [T-Work-Detect_0] Valid piece: gid = 0
I1015 11:10:10.913324  3621 work_thread.hpp:91]  [T-Work-Detect_0] Push to split queue:recog
I1015 11:10:10.913395  3623 work_thread.hpp:81]  [T-Work-Recog_1] Run work: WorkCapture
I1015 11:10:10.914182  3623 work_thread.hpp:81]  [T-Work-Recog_1] Run work: WorkRecog
I1015 11:10:10.914208  3623 work_recog.hpp:89] Face id: 0 will run recog: bbox [182 x 241 from (257, 88)] quality: 0.473331
I1015 11:10:10.914237  3623 work_recog.hpp:96] Recog pair: [264 x 320 from (216, 40)], [182 x 241 from (41, 48)]
I1015 11:10:10.918130  3622 work_thread.hpp:81]  [T-Work-Recog_0] Run work: WorkCompare
I1015 11:10:10.918634  3622 work_compare.cpp:76] Compare face: 0 successed, similarity :0.996807, name : images/ThangLMb.jpg, normal size : 1548 * 1719!
I1015 11:10:10.932816  3623 work_thread.hpp:81]  [T-Work-Recog_1] Run work: WorkCompare
I1015 11:10:10.933281  3623 work_compare.cpp:76] Compare face: 0 successed, similarity :0.9914, name : images/ThangLMb.jpg, normal size : 1548 * 1719!
I1015 11:10:10.935583  3618 demo_inner.hpp:177] decode queue size 0
I1015 11:10:10.935659  3621 work_thread.hpp:81]  [T-Work-Detect_0] Run work: WorkDetect
I1015 11:10:10.935689  3621 work_detect.cpp:102] Succeeded to add det start for frame 90
I1015 11:10:10.942474  3621 work_detect.cpp:70] Frame :90 detect result :1 face(s)
I1015 11:10:10.942521  3621 work_detect.cpp:86] Detected bbox: [184 x 243 from (256, 87)]
I1015 11:10:10.942564  3621 work_detect.cpp:120] Succeeded to add det end for frame 90
I1015 11:10:10.942580  3621 work_thread.hpp:81]  [T-Work-Detect_0] Run work: WrokTrack
I1015 11:10:10.942605  3621 work_track.cpp:82] Frame: 90 build input_characts: [0.2875 x 0.675 from (0.4, 0.241667)], 1.00019, 0
I1015 11:10:10.942659  3621 work_track.cpp:102] Succeeded to set track lock for frame 90
I1015 11:10:10.942698  3621 work_track.cpp:116] Succeeded to release track lock for frame 90
I1015 11:10:10.942713  3621 work_track.cpp:120] Track results of frame 90: 1 objects input, 1 objects tracked!
I1015 11:10:10.942730  3621 work_track.cpp:148] Frame: 90, track bbox: [184 x 243 from (256.03, 87.0878)], gid: 0, lid: 0
I1015 11:10:10.942768  3621 work_thread.hpp:87]  [T-Work-Detect_0] Frame :90 split
I1015 11:10:10.942859  3621 work_thread.hpp:120]  [T-Work-Detect_0] Valid piece: gid = 0
I1015 11:10:10.942879  3621 work_thread.hpp:91]  [T-Work-Detect_0] Push to split queue:recog
I1015 11:10:10.942924  3622 work_thread.hpp:81]  [T-Work-Recog_0] Run work: WorkCapture
I1015 11:10:10.943406  3623 work_thread.hpp:102]  [T-Work-Recog_1] Try to push queue compare again 8 vs 8
I1015 11:10:10.943609  3622 work_thread.hpp:81]  [T-Work-Recog_0] Run work: WorkRecog
I1015 11:10:10.943634  3622 work_recog.hpp:89] Face id: 0 will run recog: bbox [184 x 243 from (256, 87)] quality: 0.478664
I1015 11:10:10.943661  3622 work_recog.hpp:96] Recog pair: [264 x 328 from (216, 32)], [184 x 243 from (40, 55)]
I1015 11:10:10.953517  3623 work_thread.hpp:102]  [T-Work-Recog_1] Try to push queue compare again 8 vs 8
I1015 11:10:10.961865  3622 work_thread.hpp:81]  [T-Work-Recog_0] Run work: WorkCompare
I1015 11:10:10.962371  3622 work_compare.cpp:76] Compare face: 0 successed, similarity :0.991324, name : images/ThangLMb.jpg, normal size : 1548 * 1719!
I1015 11:10:10.963641  3623 work_thread.hpp:102]  [T-Work-Recog_1] Try to push queue compare again 8 vs 8
I1015 11:10:10.965780  3618 demo_inner.hpp:177] decode queue size 0
I1015 11:10:10.965848  3621 work_thread.hpp:81]  [T-Work-Detect_0] Run work: WorkDetect
I1015 11:10:10.965878  3621 work_detect.cpp:102] Succeeded to add det start for frame 91
I1015 11:10:10.972542  3622 work_thread.hpp:102]  [T-Work-Recog_0] Try to push queue compare again 8 vs 8
I1015 11:10:10.972569  3621 work_detect.cpp:70] Frame :91 detect result :1 face(s)
I1015 11:10:10.972609  3621 work_detect.cpp:86] Detected bbox: [173 x 225 from (269, 98)]
I1015 11:10:10.972653  3621 work_detect.cpp:120] Succeeded to add det end for frame 91
I1015 11:10:10.972669  3621 work_thread.hpp:81]  [T-Work-Detect_0] Run work: WrokTrack
I1015 11:10:10.972689  3621 work_track.cpp:82] Frame: 91 build input_characts: [0.270312 x 0.625 from (0.420312, 0.272222)], 1.00019, 0
I1015 11:10:10.972743  3621 work_track.cpp:102] Succeeded to set track lock for frame 91
I1015 11:10:10.972784  3621 work_track.cpp:116] Succeeded to release track lock for frame 91
I1015 11:10:10.972798  3621 work_track.cpp:120] Track results of frame 91: 1 objects input, 1 objects tracked!
I1015 11:10:10.972816  3621 work_track.cpp:148] Frame: 91, track bbox: [173 x 225 from (266.045, 97.1242)], gid: 0, lid: 0
I1015 11:10:10.972852  3621 work_thread.hpp:87]  [T-Work-Detect_0] Frame :91 split
I1015 11:10:10.972869  3621 work_thread.hpp:120]  [T-Work-Detect_0] Valid piece: gid = 0
I1015 11:10:10.972887  3621 work_thread.hpp:91]  [T-Work-Detect_0] Push to split queue:recog
I1015 11:10:10.973742  3623 work_thread.hpp:102]  [T-Work-Recog_1] Try to push queue compare again 8 vs 8
I1015 11:10:10.982671  3622 work_thread.hpp:102]  [T-Work-Recog_0] Try to push queue compare again 8 vs 8
I1015 11:10:10.982970  3621 work_thread.hpp:102]  [T-Work-Detect_0] Try to push queue frame again 8 vs 8
I1015 11:10:10.983829  3623 work_thread.hpp:102]  [T-Work-Recog_1] Try to push queue compare again 8 vs 8
I1015 11:10:10.992777  3622 work_thread.hpp:102]  [T-Work-Recog_0] Try to push queue compare again 8 vs 8
I1015 11:10:10.993054  3621 work_thread.hpp:102]  [T-Work-Detect_0] Try to push queue frame again 8 vs 8
I1015 11:10:10.993919  3623 work_thread.hpp:102]  [T-Work-Recog_1] Try to push queue compare again 8 vs 8
I1015 11:10:11.001598  3618 demo_inner.hpp:177] decode queue size 0
I1015 11:10:11.002925  3622 work_thread.hpp:102]  [T-Work-Recog_0] Try to push queue compare again 8 vs 8
I1015 11:10:11.003136  3621 work_thread.hpp:102]  [T-Work-Detect_0] Try to push queue frame again 8 vs 8
I1015 11:10:11.004011  3623 work_thread.hpp:102]  [T-Work-Recog_1] Try to push queue compare again 8 vs 8
I1015 11:10:11.013021  3622 work_thread.hpp:102]  [T-Work-Recog_0] Try to push queue compare again 8 vs 8
I1015 11:10:11.013217  3621 work_thread.hpp:102]  [T-Work-Detect_0] Try to push queue frame again 8 vs 8
I1015 11:10:11.014097  3623 work_thread.hpp:102]  [T-Work-Recog_1] Try to push queue compare again 8 vs 8
I1015 11:10:11.023134  3622 work_thread.hpp:102]  [T-Work-Recog_0] Try to push queue compare again 8 vs 8
I1015 11:10:11.023298  3621 work_thread.hpp:102]  [T-Work-Detect_0] Try to push queue frame again 8 vs 8
I1015 11:10:11.024263  3623 work_thread.hpp:102]  [T-Work-Recog_1] Try to push queue compare again 8 vs 8
I1015 11:10:11.031553  3618 demo_inner.hpp:177] decode queue size 1
I1015 11:10:11.033258  3622 work_thread.hpp:102]  [T-Work-Recog_0] Try to push queue compare again 8 vs 8
I1015 11:10:11.033380  3621 work_thread.hpp:102]  [T-Work-Detect_0] Try to push queue frame again 8 vs 8
I1015 11:10:11.034356  3623 work_thread.hpp:102]  [T-Work-Recog_1] Try to push queue compare again 8 vs 8
I1015 11:10:11.043354  3622 work_thread.hpp:102]  [T-Work-Recog_0] Try to push queue compare again 8 vs 8
I1015 11:10:11.043460  3621 work_thread.hpp:102]  [T-Work-Detect_0] Try to push queue frame again 8 vs 8
I1015 11:10:11.044441  3623 work_thread.hpp:102]  [T-Work-Recog_1] Try to push queue compare again 8 vs 8
I1015 11:10:11.053478  3622 work_thread.hpp:102]  [T-Work-Recog_0] Try to push queue compare again 8 vs 8
I1015 11:10:11.053540  3621 work_thread.hpp:102]  [T-Work-Detect_0] Try to push queue frame again 8 vs 8
I1015 11:10:11.054523  3623 work_thread.hpp:102]  [T-Work-Recog_1] Try to push queue compare again 8 vs 8
I1015 11:10:11.063594  3622 work_thread.hpp:102]  [T-Work-Recog_0] Try to push queue compare again 8 vs 8
I1015 11:10:11.063621  3621 work_thread.hpp:102]  [T-Work-Detect_0] Try to push queue frame again 8 vs 8
I1015 11:10:11.064612  3623 work_thread.hpp:102]  [T-Work-Recog_1] Try to push queue compare again 8 vs 8
I1015 11:10:11.067502  3618 demo_inner.hpp:177] decode queue size 1
I1015 11:10:11.073734  3622 work_thread.hpp:102]  [T-Work-Recog_0] Try to push queue compare again 8 vs 8
I1015 11:10:11.073992  3621 work_thread.hpp:102]  [T-Work-Detect_0] Try to push queue frame again 8 vs 8
I1015 11:10:11.074707  3623 work_thread.hpp:102]  [T-Work-Recog_1] Try to push queue compare again 8 vs 8
I1015 11:10:11.083832  3622 work_thread.hpp:102]  [T-Work-Recog_0] Try to push queue compare again 8 vs 8
I1015 11:10:11.084080  3621 work_thread.hpp:102]  [T-Work-Detect_0] Try to push queue frame again 8 vs 8
I1015 11:10:11.084791  3623 work_thread.hpp:102]  [T-Work-Recog_1] Try to push queue compare again 8 vs 8
I1015 11:10:11.093972  3622 work_thread.hpp:102]  [T-Work-Recog_0] Try to push queue compare again 8 vs 8
I1015 11:10:11.094171  3621 work_thread.hpp:102]  [T-Work-Detect_0] Try to push queue frame again 8 vs 8
I1015 11:10:11.094882  3623 work_thread.hpp:102]  [T-Work-Recog_1] Try to push queue compare again 8 vs 8
I1015 11:10:11.103471  3618 demo_inner.hpp:177] decode queue size 1
I1015 11:10:11.104097  3622 work_thread.hpp:102]  [T-Work-Recog_0] Try to push queue compare again 8 vs 8
I1015 11:10:11.104264  3621 work_thread.hpp:102]  [T-Work-Detect_0] Try to push queue frame again 8 vs 8
I1015 11:10:11.104975  3623 work_thread.hpp:102]  [T-Work-Recog_1] Try to push queue compare again 8 vs 8
I1015 11:10:11.114194  3622 work_thread.hpp:102]  [T-Work-Recog_0] Try to push queue compare again 8 vs 8
I1015 11:10:11.114351  3621 work_thread.hpp:102]  [T-Work-Detect_0] Try to push queue frame again 8 vs 8
I1015 11:10:11.115059  3623 work_thread.hpp:102]  [T-Work-Recog_1] Try to push queue compare again 8 vs 8
I1015 11:10:11.124296  3622 work_thread.hpp:102]  [T-Work-Recog_0] Try to push queue compare again 8 vs 8
I1015 11:10:11.124444  3621 work_thread.hpp:102]  [T-Work-Detect_0] Try to push queue frame again 8 vs 8
I1015 11:10:11.125149  3623 work_thread.hpp:102]  [T-Work-Recog_1] Try to push queue compare again 8 vs 8
I1015 11:10:11.133553  3618 demo_inner.hpp:177] decode queue size 1
I1015 11:10:11.134413  3622 work_thread.hpp:102]  [T-Work-Recog_0] Try to push queue compare again 8 vs 8
I1015 11:10:11.134536  3621 work_thread.hpp:102]  [T-Work-Detect_0] Try to push queue frame again 8 vs 8
I1015 11:10:11.135241  3623 work_thread.hpp:102]  [T-Work-Recog_1] Try to push queue compare again 8 vs 8
I1015 11:10:11.144536  3622 work_thread.hpp:102]  [T-Work-Recog_0] Try to push queue compare again 8 vs 8
I1015 11:10:11.144624  3621 work_thread.hpp:102]  [T-Work-Detect_0] Try to push queue frame again 8 vs 8
I1015 11:10:11.145401  3623 work_thread.hpp:102]  [T-Work-Recog_1] Try to push queue compare again 8 vs 8
I1015 11:10:11.154634  3622 work_thread.hpp:102]  [T-Work-Recog_0] Try to push queue compare again 8 vs 8
I1015 11:10:11.154711  3621 work_thread.hpp:102]  [T-Work-Detect_0] Try to push queue frame again 8 vs 8
I1015 11:10:11.155484  3623 work_thread.hpp:102]  [T-Work-Recog_1] Try to push queue compare again 8 vs 8
I1015 11:10:11.164736  3622 work_thread.hpp:102]  [T-Work-Recog_0] Try to push queue compare again 8 vs 8
I1015 11:10:11.164801  3621 work_thread.hpp:102]  [T-Work-Detect_0] Try to push queue frame again 8 vs 8
I1015 11:10:11.165572  3623 work_thread.hpp:102]  [T-Work-Recog_1] Try to push queue compare again 8 vs 8
I1015 11:10:11.169484  3618 demo_inner.hpp:177] decode queue size 1
I1015 11:10:11.174854  3622 work_thread.hpp:102]  [T-Work-Recog_0] Try to push queue compare again 8 vs 8
I1015 11:10:11.174892  3621 work_thread.hpp:102]  [T-Work-Detect_0] Try to push queue frame again 8 vs 8
I1015 11:10:11.175665  3623 work_thread.hpp:102]  [T-Work-Recog_1] Try to push queue compare again 8 vs 8
I1015 11:10:11.184945  3622 work_thread.hpp:102]  [T-Work-Recog_0] Try to push queue compare again 8 vs 8
I1015 11:10:11.184976  3621 work_thread.hpp:102]  [T-Work-Detect_0] Try to push queue frame again 8 vs 8
I1015 11:10:11.185750  3623 work_thread.hpp:102]  [T-Work-Recog_1] Try to push queue compare again 8 vs 8
I1015 11:10:11.195040  3622 work_thread.hpp:102]  [T-Work-Recog_0] Try to push queue compare again 8 vs 8
I1015 11:10:11.195062  3621 work_thread.hpp:102]  [T-Work-Detect_0] Try to push queue frame again 8 vs 8
I1015 11:10:11.195837  3623 work_thread.hpp:102]  [T-Work-Recog_1] Try to push queue compare again 8 vs 8
I1015 11:10:11.199460  3618 demo_inner.hpp:177] decode queue size 1
I1015 11:10:11.205205  3621 work_thread.hpp:102]  [T-Work-Detect_0] Try to push queue frame again 8 vs 8
I1015 11:10:11.205206  3622 work_thread.hpp:102]  [T-Work-Recog_0] Try to push queue compare again 8 vs 8
I1015 11:10:11.205850  3624 thread_intergrate.hpp:224] T-Intergrate-intergrate Show face :0, size :640 * 360
I1015 11:10:11.205930  3623 work_thread.hpp:102]  [T-Work-Recog_1] Try to push queue compare again 8 vs 8
I1015 11:10:11.206020  3624 thread_intergrate.hpp:83] [T-Intergrate-intergrate] queue: frame output frame :83
I1015 11:10:11.206046  3624 thread_intergrate.hpp:90] [T-Intergrate-intergrate] queue: compare output face:0
I1015 11:10:11.206063  3622 work_thread.hpp:81]  [T-Work-Recog_0] Run work: WorkCapture
I1015 11:10:11.206389  3621 work_thread.hpp:81]  [T-Work-Detect_0] Run work: WorkDetect
I1015 11:10:11.206418  3621 work_detect.cpp:102] Succeeded to add det start for frame 92
I1015 11:10:11.206446  3620 demo_inner.hpp:435] thread [SORT-0]  frame id 82 sorting queue size 0   FPS: 13.7694
I1015 11:10:11.206065  3624 thread_intergrate.hpp:149] T-Intergrate-intergrate set matched face: 0
I1015 11:10:11.206547  3619 demo_inner.hpp:260]  gui queue size 0, state = running
I1015 11:10:11.208392  3622 work_thread.hpp:81]  [T-Work-Recog_0] Run work: WorkRecog
I1015 11:10:11.208462  3622 work_recog.hpp:89] Face id: 0 will run recog: bbox [173 x 225 from (269, 98)] quality: 0.471766
I1015 11:10:11.208510  3622 work_recog.hpp:96] Recog pair: [248 x 312 from (232, 48)], [173 x 225 from (37, 50)]
I1015 11:10:11.208664  3624 thread_intergrate.hpp:224] T-Intergrate-intergrate Show face :0, size :640 * 360
I1015 11:10:11.208858  3624 thread_intergrate.hpp:83] [T-Intergrate-intergrate] queue: frame output frame :84
I1015 11:10:11.208886  3624 thread_intergrate.hpp:90] [T-Intergrate-intergrate] queue: compare output face:0
I1015 11:10:11.208906  3624 thread_intergrate.hpp:149] T-Intergrate-intergrate set matched face: 0
I1015 11:10:11.211391  3620 demo_inner.hpp:435] thread [SORT-0]  frame id 83 sorting queue size 0   FPS: 13.7575
I1015 11:10:11.213286  3624 thread_intergrate.hpp:224] T-Intergrate-intergrate Show face :0, size :640 * 360
I1015 11:10:11.213798  3620 demo_inner.hpp:435] thread [SORT-0]  frame id 84 sorting queue size 1   FPS: 15.2818
I1015 11:10:11.213892  3624 thread_intergrate.hpp:83] [T-Intergrate-intergrate] queue: frame output frame :85
I1015 11:10:11.213917  3624 thread_intergrate.hpp:90] [T-Intergrate-intergrate] queue: compare output face:0
I1015 11:10:11.213935  3624 thread_intergrate.hpp:149] T-Intergrate-intergrate set matched face: 0
I1015 11:10:11.214346  3621 work_detect.cpp:70] Frame :92 detect result :1 face(s)
I1015 11:10:11.214370  3621 work_detect.cpp:86] Detected bbox: [171 x 220 from (271, 99)]
I1015 11:10:11.214421  3621 work_detect.cpp:120] Succeeded to add det end for frame 92
I1015 11:10:11.214438  3621 work_thread.hpp:81]  [T-Work-Detect_0] Run work: WrokTrack
I1015 11:10:11.214459  3621 work_track.cpp:82] Frame: 92 build input_characts: [0.267188 x 0.611111 from (0.423438, 0.275)], 1.00019, 0
I1015 11:10:11.214504  3621 work_track.cpp:102] Succeeded to set track lock for frame 92
