I1014 15:30:21.281317  9101 demo_inner.hpp:435] thread [SORT-0]  frame id 14 sorting queue size 0   FPS: 20.0927
I1014 15:30:21.281388  9100 demo_inner.hpp:260]  gui queue size 0, state = running
I1014 15:30:21.296607  9104 work_thread.hpp:81]  [T-Work-Recog_1] Run work: WorkCompare
I1014 15:30:21.297070  9104 work_compare.cpp:76] Compare face: 0 successed, similarity :0.996637, name : images/ThangLMb.jpg, normal size : 1548 * 1719!
I1014 15:30:21.325290  9099 demo_inner.hpp:177] decode queue size 0
I1014 15:30:21.325390  9102 work_thread.hpp:81]  [T-Work-Detect_0] Run work: WorkDetect
I1014 15:30:21.325425  9102 work_detect.cpp:102] Succeeded to add det start for frame 15
I1014 15:30:21.331957  9102 work_detect.cpp:70] Frame :15 detect result :1 face(s)
I1014 15:30:21.332005  9102 work_detect.cpp:86] Detected bbox: [132 x 187 from (257, 170)]
I1014 15:30:21.332047  9102 work_detect.cpp:120] Succeeded to add det end for frame 15
I1014 15:30:21.332064  9102 work_thread.hpp:81]  [T-Work-Detect_0] Run work: WrokTrack
I1014 15:30:21.332087  9102 work_track.cpp:82] Frame: 15 build input_characts: [0.20625 x 0.519444 from (0.401563, 0.472222)], 0.999885, 0
I1014 15:30:21.332144  9102 work_track.cpp:102] Succeeded to set track lock for frame 15
I1014 15:30:21.332221  9102 work_track.cpp:116] Succeeded to release track lock for frame 15
I1014 15:30:21.332237  9102 work_track.cpp:120] Track results of frame 15: 1 objects input, 1 objects tracked!
I1014 15:30:21.332255  9102 work_track.cpp:148] Frame: 15, track bbox: [132 x 187 from (254.023, 170.207)], gid: 0, lid: 0
I1014 15:30:21.332291  9102 work_thread.hpp:87]  [T-Work-Detect_0] Frame :15 split
I1014 15:30:21.332309  9102 work_thread.hpp:120]  [T-Work-Detect_0] Valid piece: gid = 0
I1014 15:30:21.332327  9102 work_thread.hpp:91]  [T-Work-Detect_0] Push to split queue:recog
I1014 15:30:21.332378  9103 work_thread.hpp:81]  [T-Work-Recog_0] Run work: WorkCapture
I1014 15:30:21.332677  9105 thread_intergrate.hpp:78] [T-Intergrate-intergrate] queue: frame output frame :15
I1014 15:30:21.332705  9105 thread_intergrate.hpp:85] [T-Intergrate-intergrate] queue: compare output face:0
I1014 15:30:21.332733  9105 thread_intergrate.hpp:144] T-Intergrate-intergrate set matched face: 0
I1014 15:30:21.332927  9103 work_thread.hpp:81]  [T-Work-Recog_0] Run work: WorkRecog
I1014 15:30:21.332952  9103 work_recog.hpp:89] Face id: 0 will run recog: bbox [132 x 187 from (257, 170)] quality: 0.4623
I1014 15:30:21.332978  9103 work_recog.hpp:96] Recog pair: [192 x 232 from (224, 128)], [132 x 187 from (33, 42)]
I1014 15:30:21.334642  9105 thread_intergrate.hpp:186] T-Intergrate-intergrate Show face :0, size :640 * 360
I1014 15:30:21.335212  9101 demo_inner.hpp:435] thread [SORT-0]  frame id 15 sorting queue size 0   FPS: 19.9715
I1014 15:30:21.335284  9100 demo_inner.hpp:260]  gui queue size 0, state = running
I1014 15:30:21.350528  9103 work_thread.hpp:81]  [T-Work-Recog_0] Run work: WorkCompare
I1014 15:30:21.350991  9103 work_compare.cpp:76] Compare face: 0 successed, similarity :0.997102, name : images/ThangLMb.jpg, normal size : 1548 * 1719!
I1014 15:30:21.373337  9099 demo_inner.hpp:177] decode queue size 0
I1014 15:30:21.373438  9102 work_thread.hpp:81]  [T-Work-Detect_0] Run work: WorkDetect
I1014 15:30:21.373474  9102 work_detect.cpp:102] Succeeded to add det start for frame 16
I1014 15:30:21.380064  9102 work_detect.cpp:70] Frame :16 detect result :1 face(s)
I1014 15:30:21.380108  9102 work_detect.cpp:86] Detected bbox: [134 x 184 from (255, 172)]
I1014 15:30:21.380241  9102 work_detect.cpp:120] Succeeded to add det end for frame 16
I1014 15:30:21.380259  9102 work_thread.hpp:81]  [T-Work-Detect_0] Run work: WrokTrack
I1014 15:30:21.380283  9102 work_track.cpp:82] Frame: 16 build input_characts: [0.209375 x 0.511111 from (0.398438, 0.477778)], 1.00019, 0
I1014 15:30:21.380338  9102 work_track.cpp:102] Succeeded to set track lock for frame 16
I1014 15:30:21.380378  9102 work_track.cpp:116] Succeeded to release track lock for frame 16
I1014 15:30:21.380393  9102 work_track.cpp:120] Track results of frame 16: 1 objects input, 1 objects tracked!
I1014 15:30:21.380410  9102 work_track.cpp:148] Frame: 16, track bbox: [134 x 184 from (252.869, 172.255)], gid: 0, lid: 0
I1014 15:30:21.380446  9102 work_thread.hpp:87]  [T-Work-Detect_0] Frame :16 split
I1014 15:30:21.380465  9102 work_thread.hpp:120]  [T-Work-Detect_0] Valid piece: gid = 0
I1014 15:30:21.380482  9102 work_thread.hpp:91]  [T-Work-Detect_0] Push to split queue:recog
I1014 15:30:21.380533  9103 work_thread.hpp:81]  [T-Work-Recog_0] Run work: WorkCapture
I1014 15:30:21.380841  9105 thread_intergrate.hpp:78] [T-Intergrate-intergrate] queue: frame output frame :16
I1014 15:30:21.380868  9105 thread_intergrate.hpp:85] [T-Intergrate-intergrate] queue: compare output face:0
I1014 15:30:21.380887  9105 thread_intergrate.hpp:144] T-Intergrate-intergrate set matched face: 0
I1014 15:30:21.381078  9103 work_thread.hpp:81]  [T-Work-Recog_0] Run work: WorkRecog
I1014 15:30:21.381103  9103 work_recog.hpp:89] Face id: 0 will run recog: bbox [134 x 184 from (255, 172)] quality: 0.462139
I1014 15:30:21.381130  9103 work_recog.hpp:96] Recog pair: [192 x 224 from (224, 136)], [134 x 184 from (31, 36)]
I1014 15:30:21.382957  9105 thread_intergrate.hpp:186] T-Intergrate-intergrate Show face :0, size :640 * 360
I1014 15:30:21.383592  9101 demo_inner.hpp:435] thread [SORT-0]  frame id 16 sorting queue size 0   FPS: 20.0267
I1014 15:30:21.383675  9100 demo_inner.hpp:260]  gui queue size 0, state = running
I1014 15:30:21.398743  9103 work_thread.hpp:81]  [T-Work-Recog_0] Run work: WorkCompare
I1014 15:30:21.399204  9103 work_compare.cpp:76] Compare face: 0 successed, similarity :0.997311, name : images/ThangLMb.jpg, normal size : 1548 * 1719!
I1014 15:30:21.421430  9099 demo_inner.hpp:177] decode queue size 0
I1014 15:30:21.421530  9102 work_thread.hpp:81]  [T-Work-Detect_0] Run work: WorkDetect
I1014 15:30:21.421563  9102 work_detect.cpp:102] Succeeded to add det start for frame 17
I1014 15:30:21.428205  9102 work_detect.cpp:70] Frame :17 detect result :1 face(s)
I1014 15:30:21.428256  9102 work_detect.cpp:86] Detected bbox: [120 x 176 from (255, 177)]
I1014 15:30:21.428298  9102 work_detect.cpp:120] Succeeded to add det end for frame 17
I1014 15:30:21.428315  9102 work_thread.hpp:81]  [T-Work-Detect_0] Run work: WrokTrack
I1014 15:30:21.428340  9102 work_track.cpp:82] Frame: 17 build input_characts: [0.1875 x 0.488889 from (0.398438, 0.491667)], 1.00019, 0
I1014 15:30:21.428395  9102 work_track.cpp:102] Succeeded to set track lock for frame 17
I1014 15:30:21.428434  9102 work_track.cpp:116] Succeeded to release track lock for frame 17
I1014 15:30:21.428448  9102 work_track.cpp:120] Track results of frame 17: 1 objects input, 1 objects tracked!
I1014 15:30:21.428467  9102 work_track.cpp:148] Frame: 17, track bbox: [120 x 176 from (257.926, 176.471)], gid: 0, lid: 0
I1014 15:30:21.428503  9102 work_thread.hpp:87]  [T-Work-Detect_0] Frame :17 split
I1014 15:30:21.428521  9102 work_thread.hpp:120]  [T-Work-Detect_0] Valid piece: gid = 0
I1014 15:30:21.428539  9102 work_thread.hpp:91]  [T-Work-Detect_0] Push to split queue:recog
I1014 15:30:21.428588  9103 work_thread.hpp:81]  [T-Work-Recog_0] Run work: WorkCapture
I1014 15:30:21.428897  9105 thread_intergrate.hpp:78] [T-Intergrate-intergrate] queue: frame output frame :17
I1014 15:30:21.428948  9105 thread_intergrate.hpp:85] [T-Intergrate-intergrate] queue: compare output face:0
I1014 15:30:21.428968  9105 thread_intergrate.hpp:144] T-Intergrate-intergrate set matched face: 0
I1014 15:30:21.429143  9103 work_thread.hpp:81]  [T-Work-Recog_0] Run work: WorkRecog
I1014 15:30:21.429167  9103 work_recog.hpp:89] Face id: 0 will run recog: bbox [120 x 176 from (255, 177)] quality: 0.45872
I1014 15:30:21.429193  9103 work_recog.hpp:96] Recog pair: [176 x 224 from (224, 136)], [120 x 176 from (31, 41)]
I1014 15:30:21.431084  9105 thread_intergrate.hpp:186] T-Intergrate-intergrate Show face :0, size :640 * 360
I1014 15:30:21.431706  9101 demo_inner.hpp:435] thread [SORT-0]  frame id 17 sorting queue size 0   FPS: 20.0753
I1014 15:30:21.431785  9100 demo_inner.hpp:260]  gui queue size 0, state = running
I1014 15:30:21.446758  9103 work_thread.hpp:81]  [T-Work-Recog_0] Run work: WorkCompare
I1014 15:30:21.447219  9103 work_compare.cpp:76] Compare face: 0 successed, similarity :0.9968, name : images/ThangLMb.jpg, normal size : 1548 * 1719!
I1014 15:30:21.475275  9099 demo_inner.hpp:177] decode queue size 0
I1014 15:30:21.475373  9102 work_thread.hpp:81]  [T-Work-Detect_0] Run work: WorkDetect
I1014 15:30:21.475409  9102 work_detect.cpp:102] Succeeded to add det start for frame 18
I1014 15:30:21.482066  9102 work_detect.cpp:70] Frame :18 detect result :1 face(s)
I1014 15:30:21.482110  9102 work_detect.cpp:86] Detected bbox: [135 x 190 from (252, 169)]
I1014 15:30:21.482152  9102 work_detect.cpp:120] Succeeded to add det end for frame 18
I1014 15:30:21.482168  9102 work_thread.hpp:81]  [T-Work-Detect_0] Run work: WrokTrack
I1014 15:30:21.482193  9102 work_track.cpp:82] Frame: 18 build input_characts: [0.210938 x 0.527778 from (0.39375, 0.469444)], 1.00019, 0
I1014 15:30:21.482250  9102 work_track.cpp:102] Succeeded to set track lock for frame 18
I1014 15:30:21.482290  9102 work_track.cpp:116] Succeeded to release track lock for frame 18
I1014 15:30:21.482304  9102 work_track.cpp:120] Track results of frame 18: 1 objects input, 1 objects tracked!
I1014 15:30:21.482322  9102 work_track.cpp:148] Frame: 18, track bbox: [135 x 190 from (251.927, 169.409)], gid: 0, lid: 0
I1014 15:30:21.482358  9102 work_thread.hpp:87]  [T-Work-Detect_0] Frame :18 split
I1014 15:30:21.482375  9102 work_thread.hpp:120]  [T-Work-Detect_0] Valid piece: gid = 0
I1014 15:30:21.482393  9102 work_thread.hpp:91]  [T-Work-Detect_0] Push to split queue:recog
I1014 15:30:21.482439  9103 work_thread.hpp:81]  [T-Work-Recog_0] Run work: WorkCapture
I1014 15:30:21.482744  9105 thread_intergrate.hpp:78] [T-Intergrate-intergrate] queue: frame output frame :18
I1014 15:30:21.482772  9105 thread_intergrate.hpp:85] [T-Intergrate-intergrate] queue: compare output face:0
I1014 15:30:21.482791  9105 thread_intergrate.hpp:144] T-Intergrate-intergrate set matched face: 0
I1014 15:30:21.482992  9103 work_thread.hpp:81]  [T-Work-Recog_0] Run work: WorkRecog
I1014 15:30:21.483016  9103 work_recog.hpp:89] Face id: 0 will run recog: bbox [135 x 190 from (252, 169)] quality: 0.458304
I1014 15:30:21.483044  9103 work_recog.hpp:96] Recog pair: [192 x 232 from (224, 128)], [135 x 190 from (28, 41)]
I1014 15:30:21.484741  9105 thread_intergrate.hpp:186] T-Intergrate-intergrate Show face :0, size :640 * 360
I1014 15:30:21.485409  9101 demo_inner.hpp:435] thread [SORT-0]  frame id 18 sorting queue size 0   FPS: 19.9765
I1014 15:30:21.485486  9100 demo_inner.hpp:260]  gui queue size 0, state = running
I1014 15:30:21.500975  9103 work_thread.hpp:81]  [T-Work-Recog_0] Run work: WorkCompare
I1014 15:30:21.501443  9103 work_compare.cpp:76] Compare face: 0 successed, similarity :0.997669, name : images/ThangLMb.jpg, normal size : 1548 * 1719!
I1014 15:30:21.523331  9099 demo_inner.hpp:177] decode queue size 0
I1014 15:30:21.523428  9102 work_thread.hpp:81]  [T-Work-Detect_0] Run work: WorkDetect
I1014 15:30:21.523461  9102 work_detect.cpp:102] Succeeded to add det start for frame 19
I1014 15:30:21.530043  9102 work_detect.cpp:70] Frame :19 detect result :1 face(s)
I1014 15:30:21.530087  9102 work_detect.cpp:86] Detected bbox: [122 x 180 from (253, 174)]
I1014 15:30:21.530129  9102 work_detect.cpp:120] Succeeded to add det end for frame 19
I1014 15:30:21.530145  9102 work_thread.hpp:81]  [T-Work-Detect_0] Run work: WrokTrack
I1014 15:30:21.530242  9102 work_track.cpp:82] Frame: 19 build input_characts: [0.190625 x 0.5 from (0.395312, 0.483333)], 1.00019, 0
I1014 15:30:21.530298  9102 work_track.cpp:102] Succeeded to set track lock for frame 19
I1014 15:30:21.530339  9102 work_track.cpp:116] Succeeded to release track lock for frame 19
I1014 15:30:21.530354  9102 work_track.cpp:120] Track results of frame 19: 1 objects input, 1 objects tracked!
I1014 15:30:21.530371  9102 work_track.cpp:148] Frame: 19, track bbox: [122 x 180 from (255.194, 174.169)], gid: 0, lid: 0
I1014 15:30:21.530407  9102 work_thread.hpp:87]  [T-Work-Detect_0] Frame :19 split
I1014 15:30:21.530426  9102 work_thread.hpp:120]  [T-Work-Detect_0] Valid piece: gid = 0
I1014 15:30:21.530443  9102 work_thread.hpp:91]  [T-Work-Detect_0] Push to split queue:recog
I1014 15:30:21.530493  9103 work_thread.hpp:81]  [T-Work-Recog_0] Run work: WorkCapture
I1014 15:30:21.530789  9105 thread_intergrate.hpp:78] [T-Intergrate-intergrate] queue: frame output frame :19
I1014 15:30:21.530825  9105 thread_intergrate.hpp:85] [T-Intergrate-intergrate] queue: compare output face:0
I1014 15:30:21.530845  9105 thread_intergrate.hpp:144] T-Intergrate-intergrate set matched face: 0
I1014 15:30:21.531033  9103 work_thread.hpp:81]  [T-Work-Recog_0] Run work: WorkRecog
I1014 15:30:21.531056  9103 work_recog.hpp:89] Face id: 0 will run recog: bbox [122 x 180 from (253, 174)] quality: 0.435436
I1014 15:30:21.531083  9103 work_recog.hpp:96] Recog pair: [176 x 224 from (224, 136)], [122 x 180 from (29, 38)]
I1014 15:30:21.532855  9105 thread_intergrate.hpp:186] T-Intergrate-intergrate Show face :0, size :640 * 360
I1014 15:30:21.533382  9101 demo_inner.hpp:435] thread [SORT-0]  frame id 19 sorting queue size 0   FPS: 20.0222
I1014 15:30:21.533452  9100 demo_inner.hpp:260]  gui queue size 0, state = running
I1014 15:30:21.548629  9103 work_thread.hpp:81]  [T-Work-Recog_0] Run work: WorkCompare
I1014 15:30:21.549093  9103 work_compare.cpp:76] Compare face: 0 successed, similarity :0.994112, name : images/ThangLMb.jpg, normal size : 1548 * 1719!
I1014 15:30:21.571388  9099 demo_inner.hpp:177] decode queue size 0
I1014 15:30:21.571492  9102 work_thread.hpp:81]  [T-Work-Detect_0] Run work: WorkDetect
I1014 15:30:21.571527  9102 work_detect.cpp:102] Succeeded to add det start for frame 20
I1014 15:30:21.578069  9102 work_detect.cpp:70] Frame :20 detect result :1 face(s)
W1014 15:30:21.578114  9102 work_detect.cpp:83] Invalid bbox: [138 x 193 from (251, 168)]
I1014 15:30:21.578187  9102 work_detect.cpp:120] Succeeded to add det end for frame 20
I1014 15:30:21.578205  9102 work_thread.hpp:81]  [T-Work-Detect_0] Run work: WrokTrack
I1014 15:30:21.578233  9102 work_track.cpp:102] Succeeded to set track lock for frame 20
I1014 15:30:21.578265  9102 work_track.cpp:116] Succeeded to release track lock for frame 20
I1014 15:30:21.578279  9102 work_track.cpp:120] Track results of frame 20: 0 objects input, 1 objects tracked!
I1014 15:30:21.578296  9102 work_track.cpp:148] Frame: 20, track bbox: [122 x 180 from (254.338, 174.169)], gid: 0, lid: -1
I1014 15:30:21.578348  9102 work_thread.hpp:87]  [T-Work-Detect_0] Frame :20 split
I1014 15:30:21.578397  9105 thread_intergrate.hpp:78] [T-Intergrate-intergrate] queue: frame output frame :20
I1014 15:30:21.578446  9105 thread_intergrate.hpp:85] [T-Intergrate-intergrate] queue: compare output face:0
I1014 15:30:21.578466  9105 thread_intergrate.hpp:144] T-Intergrate-intergrate set matched face: 0
I1014 15:30:21.580304  9105 thread_intergrate.hpp:186] T-Intergrate-intergrate Show face :0, size :640 * 360
I1014 15:30:21.580986  9101 demo_inner.hpp:435] thread [SORT-0]  frame id 20 sorting queue size 0   FPS: 20.0846
I1014 15:30:21.581068  9100 demo_inner.hpp:260]  gui queue size 0, state = running
I1014 15:30:21.625280  9099 demo_inner.hpp:177] decode queue size 0
I1014 15:30:21.625383  9102 work_thread.hpp:81]  [T-Work-Detect_0] Run work: WorkDetect
I1014 15:30:21.625417  9102 work_detect.cpp:102] Succeeded to add det start for frame 21
I1014 15:30:21.632061  9102 work_detect.cpp:70] Frame :21 detect result :1 face(s)
I1014 15:30:21.632105  9102 work_detect.cpp:86] Detected bbox: [124 x 180 from (252, 174)]
I1014 15:30:21.632148  9102 work_detect.cpp:120] Succeeded to add det end for frame 21
I1014 15:30:21.632189  9102 work_thread.hpp:81]  [T-Work-Detect_0] Run work: WrokTrack
I1014 15:30:21.632213  9102 work_track.cpp:82] Frame: 21 build input_characts: [0.19375 x 0.5 from (0.39375, 0.483333)], 1.00019, 0
I1014 15:30:21.632268  9102 work_track.cpp:102] Succeeded to set track lock for frame 21
I1014 15:30:21.632308  9102 work_track.cpp:116] Succeeded to release track lock for frame 21
I1014 15:30:21.632323  9102 work_track.cpp:120] Track results of frame 21: 1 objects input, 1 objects tracked!
I1014 15:30:21.632341  9102 work_track.cpp:148] Frame: 21, track bbox: [124 x 180 from (250.743, 174.18)], gid: 0, lid: 0
I1014 15:30:21.632377  9102 work_thread.hpp:87]  [T-Work-Detect_0] Frame :21 split
I1014 15:30:21.632395  9102 work_thread.hpp:120]  [T-Work-Detect_0] Valid piece: gid = 0
I1014 15:30:21.632413  9102 work_thread.hpp:91]  [T-Work-Detect_0] Push to split queue:recog
I1014 15:30:21.632458  9104 work_thread.hpp:81]  [T-Work-Recog_1] Run work: WorkCapture
I1014 15:30:21.632469  9105 thread_intergrate.hpp:78] [T-Intergrate-intergrate] queue: frame output frame :21
I1014 15:30:21.632994  9104 work_thread.hpp:81]  [T-Work-Recog_1] Run work: WorkRecog
I1014 15:30:21.633018  9104 work_recog.hpp:89] Face id: 0 will run recog: bbox [124 x 180 from (252, 174)] quality: 0.464458
I1014 15:30:21.633045  9104 work_recog.hpp:96] Recog pair: [176 x 224 from (224, 136)], [124 x 180 from (28, 38)]
I1014 15:30:21.633606  9105 thread_intergrate.hpp:186] T-Intergrate-intergrate Show face :0, size :640 * 360
I1014 15:30:21.634308  9101 demo_inner.hpp:435] thread [SORT-0]  frame id 21 sorting queue size 0   FPS: 20
I1014 15:30:21.634383  9100 demo_inner.hpp:260]  gui queue size 0, state = running
I1014 15:30:21.652323  9104 work_thread.hpp:81]  [T-Work-Recog_1] Run work: WorkCompare
I1014 15:30:21.652837  9104 work_compare.cpp:76] Compare face: 0 successed, similarity :0.997584, name : images/ThangLMb.jpg, normal size : 1548 * 1719!
I1014 15:30:21.673393  9099 demo_inner.hpp:177] decode queue size 0
I1014 15:30:21.673494  9102 work_thread.hpp:81]  [T-Work-Detect_0] Run work: WorkDetect
I1014 15:30:21.673529  9102 work_detect.cpp:102] Succeeded to add det start for frame 22
I1014 15:30:21.680222  9102 work_detect.cpp:70] Frame :22 detect result :1 face(s)
I1014 15:30:21.680271  9102 work_detect.cpp:86] Detected bbox: [125 x 178 from (251, 175)]
I1014 15:30:21.680315  9102 work_detect.cpp:120] Succeeded to add det end for frame 22
I1014 15:30:21.680331  9102 work_thread.hpp:81]  [T-Work-Detect_0] Run work: WrokTrack
I1014 15:30:21.680356  9102 work_track.cpp:82] Frame: 22 build input_characts: [0.195312 x 0.494444 from (0.392188, 0.486111)], 1.00019, 0
I1014 15:30:21.680411  9102 work_track.cpp:102] Succeeded to set track lock for frame 22
I1014 15:30:21.680452  9102 work_track.cpp:116] Succeeded to release track lock for frame 22
I1014 15:30:21.680467  9102 work_track.cpp:120] Track results of frame 22: 1 objects input, 1 objects tracked!
I1014 15:30:21.680485  9102 work_track.cpp:148] Frame: 22, track bbox: [125 x 178 from (250.217, 174.956)], gid: 0, lid: 0
I1014 15:30:21.680522  9102 work_thread.hpp:87]  [T-Work-Detect_0] Frame :22 split
I1014 15:30:21.680541  9102 work_thread.hpp:120]  [T-Work-Detect_0] Valid piece: gid = 0
I1014 15:30:21.680558  9102 work_thread.hpp:91]  [T-Work-Detect_0] Push to split queue:recog
I1014 15:30:21.680608  9104 work_thread.hpp:81]  [T-Work-Recog_1] Run work: WorkCapture
I1014 15:30:21.680619  9105 thread_intergrate.hpp:78] [T-Intergrate-intergrate] queue: frame output frame :22
I1014 15:30:21.680644  9105 thread_intergrate.hpp:85] [T-Intergrate-intergrate] queue: compare output face:0
I1014 15:30:21.680662  9105 thread_intergrate.hpp:144] T-Intergrate-intergrate set matched face: 0
I1014 15:30:21.681434  9104 work_thread.hpp:81]  [T-Work-Recog_1] Run work: WorkRecog
I1014 15:30:21.681551  9104 work_recog.hpp:89] Face id: 0 will run recog: bbox [125 x 178 from (251, 175)] quality: 0.473796
I1014 15:30:21.681588  9104 work_recog.hpp:96] Recog pair: [184 x 224 from (224, 136)], [125 x 178 from (27, 39)]
I1014 15:30:21.682145  9105 thread_intergrate.hpp:186] T-Intergrate-intergrate Show face :0, size :640 * 360
I1014 15:30:21.682844  9101 demo_inner.hpp:435] thread [SORT-0]  frame id 22 sorting queue size 0   FPS: 20.0382
I1014 15:30:21.682919  9100 demo_inner.hpp:260]  gui queue size 0, state = running
I1014 15:30:21.699820  9104 work_thread.hpp:81]  [T-Work-Recog_1] Run work: WorkCompare
I1014 15:30:21.700498  9104 work_compare.cpp:76] Compare face: 0 successed, similarity :0.99524, name : images/ThangLMb.jpg, normal size : 1548 * 1719!
I1014 15:30:21.722637  9099 demo_inner.hpp:177] decode queue size 0
I1014 15:30:21.722740  9102 work_thread.hpp:81]  [T-Work-Detect_0] Run work: WorkDetect
I1014 15:30:21.722775  9102 work_detect.cpp:102] Succeeded to add det start for frame 23
I1014 15:30:21.729426  9102 work_detect.cpp:70] Frame :23 detect result :1 face(s)
I1014 15:30:21.729467  9102 work_detect.cpp:86] Detected bbox: [124 x 176 from (251, 177)]
I1014 15:30:21.729511  9102 work_detect.cpp:120] Succeeded to add det end for frame 23
I1014 15:30:21.729527  9102 work_thread.hpp:81]  [T-Work-Detect_0] Run work: WrokTrack
I1014 15:30:21.729552  9102 work_track.cpp:82] Frame: 23 build input_characts: [0.19375 x 0.488889 from (0.392188, 0.491667)], 1.00019, 0
I1014 15:30:21.729606  9102 work_track.cpp:102] Succeeded to set track lock for frame 23
I1014 15:30:21.729646  9102 work_track.cpp:116] Succeeded to release track lock for frame 23
I1014 15:30:21.729661  9102 work_track.cpp:120] Track results of frame 23: 1 objects input, 1 objects tracked!
I1014 15:30:21.729679  9102 work_track.cpp:148] Frame: 23, track bbox: [124 x 176 from (250.911, 176.336)], gid: 0, lid: 0
I1014 15:30:21.729715  9102 work_thread.hpp:87]  [T-Work-Detect_0] Frame :23 split
I1014 15:30:21.729733  9102 work_thread.hpp:120]  [T-Work-Detect_0] Valid piece: gid = 0
I1014 15:30:21.729751  9102 work_thread.hpp:91]  [T-Work-Detect_0] Push to split queue:recog
I1014 15:30:21.729813  9103 work_thread.hpp:81]  [T-Work-Recog_0] Run work: WorkCapture
I1014 15:30:21.730116  9105 thread_intergrate.hpp:78] [T-Intergrate-intergrate] queue: frame output frame :23
I1014 15:30:21.730142  9105 thread_intergrate.hpp:85] [T-Intergrate-intergrate] queue: compare output face:0
I1014 15:30:21.730161  9105 thread_intergrate.hpp:144] T-Intergrate-intergrate set matched face: 0
I1014 15:30:21.730924  9103 work_thread.hpp:81]  [T-Work-Recog_0] Run work: WorkRecog
I1014 15:30:21.730952  9103 work_recog.hpp:89] Face id: 0 will run recog: bbox [124 x 176 from (251, 177)] quality: 0.479997
I1014 15:30:21.731012  9103 work_recog.hpp:96] Recog pair: [176 x 224 from (224, 136)], [124 x 176 from (27, 41)]
I1014 15:30:21.731608  9105 thread_intergrate.hpp:186] T-Intergrate-intergrate Show face :0, size :640 * 360
I1014 15:30:21.732138  9101 demo_inner.hpp:435] thread [SORT-0]  frame id 23 sorting queue size 0   FPS: 20.0364
I1014 15:30:21.732234  9100 demo_inner.hpp:260]  gui queue size 0, state = running
I1014 15:30:21.748991  9103 work_thread.hpp:81]  [T-Work-Recog_0] Run work: WorkCompare
I1014 15:30:21.749508  9103 work_compare.cpp:76] Compare face: 0 successed, similarity :0.997372, name : images/ThangLMb.jpg, normal size : 1548 * 1719!
I1014 15:30:21.775243  9099 demo_inner.hpp:177] decode queue size 0
I1014 15:30:21.775357  9102 work_thread.hpp:81]  [T-Work-Detect_0] Run work: WorkDetect
I1014 15:30:21.775395  9102 work_detect.cpp:102] Succeeded to add det start for frame 24
I1014 15:30:21.782686  9102 work_detect.cpp:70] Frame :24 detect result :1 face(s)
I1014 15:30:21.782737  9102 work_detect.cpp:86] Detected bbox: [123 x 178 from (252, 175)]
I1014 15:30:21.782778  9102 work_detect.cpp:120] Succeeded to add det end for frame 24
I1014 15:30:21.782794  9102 work_thread.hpp:81]  [T-Work-Detect_0] Run work: WrokTrack
I1014 15:30:21.782913  9102 work_track.cpp:82] Frame: 24 build input_characts: [0.192188 x 0.494444 from (0.39375, 0.486111)], 1.00019, 0
I1014 15:30:21.782979  9102 work_track.cpp:102] Succeeded to set track lock for frame 24
I1014 15:30:21.783020  9102 work_track.cpp:116] Succeeded to release track lock for frame 24
I1014 15:30:21.783033  9102 work_track.cpp:120] Track results of frame 24: 1 objects input, 1 objects tracked!
I1014 15:30:21.783074  9102 work_track.cpp:148] Frame: 24, track bbox: [123 x 178 from (250.861, 175.366)], gid: 0, lid: 0
I1014 15:30:21.783113  9102 work_thread.hpp:87]  [T-Work-Detect_0] Frame :24 split
I1014 15:30:21.783131  9102 work_thread.hpp:120]  [T-Work-Detect_0] Valid piece: gid = 0
I1014 15:30:21.783149  9102 work_thread.hpp:91]  [T-Work-Detect_0] Push to split queue:recog
I1014 15:30:21.783202  9103 work_thread.hpp:81]  [T-Work-Recog_0] Run work: WorkCapture
I1014 15:30:21.783598  9105 thread_intergrate.hpp:78] [T-Intergrate-intergrate] queue: frame output frame :24
I1014 15:30:21.783625  9105 thread_intergrate.hpp:85] [T-Intergrate-intergrate] queue: compare output face:0
I1014 15:30:21.783643  9105 thread_intergrate.hpp:144] T-Intergrate-intergrate set matched face: 0
I1014 15:30:21.783866  9103 work_thread.hpp:81]  [T-Work-Recog_0] Run work: WorkRecog
I1014 15:30:21.783906  9103 work_recog.hpp:89] Face id: 0 will run recog: bbox [123 x 178 from (252, 175)] quality: 0.480931
I1014 15:30:21.784010  9103 work_recog.hpp:96] Recog pair: [176 x 224 from (224, 136)], [123 x 178 from (28, 39)]
I1014 15:30:21.785197  9105 thread_intergrate.hpp:186] T-Intergrate-intergrate Show face :0, size :640 * 360
I1014 15:30:21.785804  9101 demo_inner.hpp:435] thread [SORT-0]  frame id 24 sorting queue size 0   FPS: 19.9826
I1014 15:30:21.785878  9100 demo_inner.hpp:260]  gui queue size 0, state = running
I1014 15:30:21.802053  9103 work_thread.hpp:81]  [T-Work-Recog_0] Run work: WorkCompare
I1014 15:30:21.802570  9103 work_compare.cpp:76] Compare face: 0 successed, similarity :0.992772, name : images/ThangLMb.jpg, normal size : 1548 * 1719!
I1014 15:30:21.823429  9099 demo_inner.hpp:177] decode queue size 0
I1014 15:30:21.823560  9102 work_thread.hpp:81]  [T-Work-Detect_0] Run work: WorkDetect
I1014 15:30:21.823596  9102 work_detect.cpp:102] Succeeded to add det start for frame 25
I1014 15:30:21.830998  9102 work_detect.cpp:70] Frame :25 detect result :1 face(s)
W1014 15:30:21.831071  9102 work_detect.cpp:83] Invalid bbox: [145 x 196 from (246, 167)]
I1014 15:30:21.831147  9102 work_detect.cpp:120] Succeeded to add det end for frame 25
I1014 15:30:21.831172  9102 work_thread.hpp:81]  [T-Work-Detect_0] Run work: WrokTrack
I1014 15:30:21.831200  9102 work_track.cpp:102] Succeeded to set track lock for frame 25
I1014 15:30:21.831233  9102 work_track.cpp:116] Succeeded to release track lock for frame 25
I1014 15:30:21.831246  9102 work_track.cpp:120] Track results of frame 25: 0 objects input, 1 objects tracked!
I1014 15:30:21.831264  9102 work_track.cpp:148] Frame: 25, track bbox: [123 x 178 from (250.075, 175.434)], gid: 0, lid: -1
I1014 15:30:21.831390  9102 work_thread.hpp:87]  [T-Work-Detect_0] Frame :25 split
I1014 15:30:21.831449  9105 thread_intergrate.hpp:78] [T-Intergrate-intergrate] queue: frame output frame :25
I1014 15:30:21.831476  9105 thread_intergrate.hpp:85] [T-Intergrate-intergrate] queue: compare output face:0
I1014 15:30:21.831496  9105 thread_intergrate.hpp:144] T-Intergrate-intergrate set matched face: 0
I1014 15:30:21.832939  9105 thread_intergrate.hpp:186] T-Intergrate-intergrate Show face :0, size :640 * 360
I1014 15:30:21.833515  9101 demo_inner.hpp:435] thread [SORT-0]  frame id 25 sorting queue size 0   FPS: 20.0167
I1014 15:30:21.833581  9100 demo_inner.hpp:260]  gui queue size 0, state = running
I1014 15:30:21.871448  9099 demo_inner.hpp:177] decode queue size 0
I1014 15:30:21.871562  9102 work_thread.hpp:81]  [T-Work-Detect_0] Run work: WorkDetect
I1014 15:30:21.871600  9102 work_detect.cpp:102] Succeeded to add det start for frame 26
I1014 15:30:21.879161  9102 work_detect.cpp:70] Frame :26 detect result :1 face(s)
W1014 15:30:21.879290  9102 work_detect.cpp:83] Invalid bbox: [142 x 192 from (247, 170)]
I1014 15:30:21.879415  9102 work_detect.cpp:120] Succeeded to add det end for frame 26
I1014 15:30:21.879433  9102 work_thread.hpp:81]  [T-Work-Detect_0] Run work: WrokTrack
I1014 15:30:21.879460  9102 work_track.cpp:102] Succeeded to set track lock for frame 26
I1014 15:30:21.879493  9102 work_track.cpp:116] Succeeded to release track lock for frame 26
I1014 15:30:21.879508  9102 work_track.cpp:120] Track results of frame 26: 0 objects input, 0 objects tracked!
I1014 15:30:21.879534  9102 work_thread.hpp:87]  [T-Work-Detect_0] Frame :26 split
I1014 15:30:21.879583  9105 thread_intergrate.hpp:78] [T-Intergrate-intergrate] queue: frame output frame :26
I1014 15:30:21.880676  9105 thread_intergrate.hpp:186] T-Intergrate-intergrate Show face :0, size :640 * 360
I1014 15:30:21.881176  9101 demo_inner.hpp:435] thread [SORT-0]  frame id 26 sorting queue size 0   FPS: 20.0481
I1014 15:30:21.881247  9100 demo_inner.hpp:260]  gui queue size 0, state = running
I1014 15:30:21.925341  9099 demo_inner.hpp:177] decode queue size 0
I1014 15:30:21.925458  9102 work_thread.hpp:81]  [T-Work-Detect_0] Run work: WorkDetect
I1014 15:30:21.925494  9102 work_detect.cpp:102] Succeeded to add det start for frame 27
I1014 15:30:21.932929  9102 work_detect.cpp:70] Frame :27 detect result :1 face(s)
W1014 15:30:21.932981  9102 work_detect.cpp:83] Invalid bbox: [143 x 190 from (246, 172)]
I1014 15:30:21.933080  9102 work_detect.cpp:120] Succeeded to add det end for frame 27
I1014 15:30:21.933099  9102 work_thread.hpp:81]  [T-Work-Detect_0] Run work: WrokTrack
I1014 15:30:21.933125  9102 work_track.cpp:102] Succeeded to set track lock for frame 27
I1014 15:30:21.933167  9102 work_track.cpp:116] Succeeded to release track lock for frame 27
I1014 15:30:21.933182  9102 work_track.cpp:120] Track results of frame 27: 0 objects input, 0 objects tracked!
I1014 15:30:21.933202  9102 work_thread.hpp:87]  [T-Work-Detect_0] Frame :27 split
I1014 15:30:21.933246  9105 thread_intergrate.hpp:78] [T-Intergrate-intergrate] queue: frame output frame :27
I1014 15:30:21.934337  9105 thread_intergrate.hpp:186] T-Intergrate-intergrate Show face :0, size :640 * 360
I1014 15:30:21.934891  9101 demo_inner.hpp:435] thread [SORT-0]  frame id 27 sorting queue size 0   FPS: 20
I1014 15:30:21.934959  9100 demo_inner.hpp:260]  gui queue size 0, state = running
I1014 15:30:21.973342  9099 demo_inner.hpp:177] decode queue size 0
I1014 15:30:21.973453  9102 work_thread.hpp:81]  [T-Work-Detect_0] Run work: WorkDetect
I1014 15:30:21.973489  9102 work_detect.cpp:102] Succeeded to add det start for frame 28
I1014 15:30:21.980963  9102 work_detect.cpp:70] Frame :28 detect result :2 face(s)
W1014 15:30:21.981040  9102 work_detect.cpp:83] Invalid bbox: [142 x 188 from (246, 173)]
I1014 15:30:21.981101  9102 work_detect.cpp:86] Detected bbox: [26 x 33 from (120, 115)]
I1014 15:30:21.981153  9102 work_detect.cpp:120] Succeeded to add det end for frame 28
I1014 15:30:21.981169  9102 work_thread.hpp:81]  [T-Work-Detect_0] Run work: WrokTrack
I1014 15:30:21.981194  9102 work_track.cpp:82] Frame: 28 build input_characts: [0.040625 x 0.0916667 from (0.1875, 0.319444)], 0.909375, 0
I1014 15:30:21.981272  9102 work_track.cpp:102] Succeeded to set track lock for frame 28
I1014 15:30:21.981359  9102 work_track.cpp:116] Succeeded to release track lock for frame 28
I1014 15:30:21.981374  9102 work_track.cpp:120] Track results of frame 28: 1 objects input, 0 objects tracked!
I1014 15:30:21.981400  9102 work_track.cpp:162] Frame: 28 lid: 1 not tracked, will set invalid
I1014 15:30:21.981416  9102 work_thread.hpp:87]  [T-Work-Detect_0] Frame :28 split
I1014 15:30:21.981434  9102 work_thread.hpp:126]  [T-Work-Detect_0] Invalid piece: lid = 1, drop it
I1014 15:30:21.981482  9105 thread_intergrate.hpp:78] [T-Intergrate-intergrate] queue: frame output frame :28
I1014 15:30:21.982573  9105 thread_intergrate.hpp:186] T-Intergrate-intergrate Show face :0, size :640 * 360
I1014 15:30:21.983150  9101 demo_inner.hpp:435] thread [SORT-0]  frame id 28 sorting queue size 0   FPS: 20.0148
I1014 15:30:21.983217  9100 demo_inner.hpp:260]  gui queue size 0, state = running
I1014 15:30:22.021432  9099 demo_inner.hpp:177] decode queue size 0
I1014 15:30:22.021548  9102 work_thread.hpp:81]  [T-Work-Detect_0] Run work: WorkDetect
I1014 15:30:22.021584  9102 work_detect.cpp:102] Succeeded to add det start for frame 29
I1014 15:30:22.029147  9102 work_detect.cpp:70] Frame :29 detect result :1 face(s)
W1014 15:30:22.029196  9102 work_detect.cpp:83] Invalid bbox: [145 x 191 from (244, 172)]
I1014 15:30:22.029278  9102 work_detect.cpp:120] Succeeded to add det end for frame 29
I1014 15:30:22.029295  9102 work_thread.hpp:81]  [T-Work-Detect_0] Run work: WrokTrack
I1014 15:30:22.029400  9102 work_track.cpp:102] Succeeded to set track lock for frame 29
I1014 15:30:22.029433  9102 work_track.cpp:116] Succeeded to release track lock for frame 29
I1014 15:30:22.029448  9102 work_track.cpp:120] Track results of frame 29: 0 objects input, 0 objects tracked!
I1014 15:30:22.029467  9102 work_thread.hpp:87]  [T-Work-Detect_0] Frame :29 split
I1014 15:30:22.029536  9105 thread_intergrate.hpp:78] [T-Intergrate-intergrate] queue: frame output frame :29
I1014 15:30:22.030629  9105 thread_intergrate.hpp:186] T-Intergrate-intergrate Show face :0, size :640 * 360
I1014 15:30:22.031167  9101 demo_inner.hpp:435] thread [SORT-0]  frame id 29 sorting queue size 0   FPS: 20.0429
I1014 15:30:22.031234  9100 demo_inner.hpp:260]  gui queue size 0, state = running
I1014 15:30:22.075273  9099 demo_inner.hpp:177] decode queue size 0
I1014 15:30:22.075397  9102 work_thread.hpp:81]  [T-Work-Detect_0] Run work: WorkDetect
I1014 15:30:22.075438  9102 work_detect.cpp:102] Succeeded to add det start for frame 30
I1014 15:30:22.082787  9102 work_detect.cpp:70] Frame :30 detect result :2 face(s)
W1014 15:30:22.082832  9102 work_detect.cpp:83] Invalid bbox: [144 x 188 from (245, 174)]
I1014 15:30:22.082902  9102 work_detect.cpp:86] Detected bbox: [25 x 30 from (128, 119)]
I1014 15:30:22.082947  9102 work_detect.cpp:120] Succeeded to add det end for frame 30
I1014 15:30:22.082962  9102 work_thread.hpp:81]  [T-Work-Detect_0] Run work: WrokTrack
I1014 15:30:22.082986  9102 work_track.cpp:82] Frame: 30 build input_characts: [0.0390625 x 0.0833333 from (0.2, 0.330556)], 0.936119, 0
I1014 15:30:22.083067  9102 work_track.cpp:102] Succeeded to set track lock for frame 30
I1014 15:30:22.083107  9102 work_track.cpp:116] Succeeded to release track lock for frame 30
I1014 15:30:22.083122  9102 work_track.cpp:120] Track results of frame 30: 1 objects input, 0 objects tracked!
I1014 15:30:22.083139  9102 work_track.cpp:162] Frame: 30 lid: 1 not tracked, will set invalid
I1014 15:30:22.083163  9102 work_thread.hpp:87]  [T-Work-Detect_0] Frame :30 split
I1014 15:30:22.083181  9102 work_thread.hpp:126]  [T-Work-Detect_0] Invalid piece: lid = 1, drop it
I1014 15:30:22.083225  9105 thread_intergrate.hpp:78] [T-Intergrate-intergrate] queue: frame output frame :30
I1014 15:30:22.084317  9105 thread_intergrate.hpp:186] T-Intergrate-intergrate Show face :0, size :640 * 360
I1014 15:30:22.084857  9101 demo_inner.hpp:435] thread [SORT-0]  frame id 30 sorting queue size 0   FPS: 20
I1014 15:30:22.084921  9100 demo_inner.hpp:260]  gui queue size 0, state = running
I1014 15:30:22.123312  9099 demo_inner.hpp:177] decode queue size 0
I1014 15:30:22.123440  9102 work_thread.hpp:81]  [T-Work-Detect_0] Run work: WorkDetect
I1014 15:30:22.123476  9102 work_detect.cpp:102] Succeeded to add det start for frame 31
I1014 15:30:22.130877  9102 work_detect.cpp:70] Frame :31 detect result :2 face(s)
W1014 15:30:22.130935  9102 work_detect.cpp:83] Invalid bbox: [144 x 190 from (244, 172)]
I1014 15:30:22.131018  9102 work_detect.cpp:86] Detected bbox: [26 x 30 from (129, 118)]
I1014 15:30:22.131062  9102 work_detect.cpp:120] Succeeded to add det end for frame 31
I1014 15:30:22.131078  9102 work_thread.hpp:81]  [T-Work-Detect_0] Run work: WrokTrack
I1014 15:30:22.131103  9102 work_track.cpp:82] Frame: 31 build input_characts: [0.040625 x 0.0833333 from (0.201562, 0.327778)], 0.901423, 0
I1014 15:30:22.131212  9102 work_track.cpp:102] Succeeded to set track lock for frame 31
I1014 15:30:22.131280  9102 work_track.cpp:116] Succeeded to release track lock for frame 31
I1014 15:30:22.131297  9102 work_track.cpp:120] Track results of frame 31: 1 objects input, 0 objects tracked!
I1014 15:30:22.131366  9102 work_track.cpp:162] Frame: 31 lid: 1 not tracked, will set invalid
I1014 15:30:22.131389  9102 work_thread.hpp:87]  [T-Work-Detect_0] Frame :31 split
I1014 15:30:22.131407  9102 work_thread.hpp:126]  [T-Work-Detect_0] Invalid piece: lid = 1, drop it
I1014 15:30:22.131455  9105 thread_intergrate.hpp:78] [T-Intergrate-intergrate] queue: frame output frame :31
I1014 15:30:22.132547  9105 thread_intergrate.hpp:186] T-Intergrate-intergrate Show face :0, size :640 * 360
I1014 15:30:22.133029  9101 demo_inner.hpp:435] thread [SORT-0]  frame id 31 sorting queue size 0   FPS: 20.0133
I1014 15:30:22.133091  9100 demo_inner.hpp:260]  gui queue size 0, state = running
I1014 15:30:22.171352  9099 demo_inner.hpp:177] decode queue size 0
I1014 15:30:22.171471  9102 work_thread.hpp:81]  [T-Work-Detect_0] Run work: WorkDetect
I1014 15:30:22.171537  9102 work_detect.cpp:102] Succeeded to add det start for frame 32
I1014 15:30:22.179020  9102 work_detect.cpp:70] Frame :32 detect result :1 face(s)
W1014 15:30:22.179066  9102 work_detect.cpp:83] Invalid bbox: [144 x 188 from (244, 173)]
I1014 15:30:22.179163  9102 work_detect.cpp:120] Succeeded to add det end for frame 32
I1014 15:30:22.179181  9102 work_thread.hpp:81]  [T-Work-Detect_0] Run work: WrokTrack
I1014 15:30:22.179208  9102 work_track.cpp:102] Succeeded to set track lock for frame 32
I1014 15:30:22.179239  9102 work_track.cpp:116] Succeeded to release track lock for frame 32
I1014 15:30:22.179405  9102 work_track.cpp:120] Track results of frame 32: 0 objects input, 0 objects tracked!
I1014 15:30:22.179425  9102 work_thread.hpp:87]  [T-Work-Detect_0] Frame :32 split
I1014 15:30:22.179477  9105 thread_intergrate.hpp:78] [T-Intergrate-intergrate] queue: frame output frame :32
I1014 15:30:22.180580  9105 thread_intergrate.hpp:186] T-Intergrate-intergrate Show face :0, size :640 * 360
I1014 15:30:22.181174  9101 demo_inner.hpp:435] thread [SORT-0]  frame id 32 sorting queue size 0   FPS: 20.0388
I1014 15:30:22.225656  9099 demo_inner.hpp:177] decode queue size 0
I1014 15:30:22.225775  9102 work_thread.hpp:81]  [T-Work-Detect_0] Run work: WorkDetect
I1014 15:30:22.225811  9102 work_detect.cpp:102] Succeeded to add det start for frame 33
I1014 15:30:22.233206  9102 work_detect.cpp:70] Frame :33 detect result :1 face(s)
W1014 15:30:22.233251  9102 work_detect.cpp:83] Invalid bbox: [147 x 193 from (242, 172)]
I1014 15:30:22.233403  9102 work_detect.cpp:120] Succeeded to add det end for frame 33
I1014 15:30:22.233422  9102 work_thread.hpp:81]  [T-Work-Detect_0] Run work: WrokTrack
I1014 15:30:22.233449  9102 work_track.cpp:102] Succeeded to set track lock for frame 33
I1014 15:30:22.233485  9102 work_track.cpp:116] Succeeded to release track lock for frame 33
I1014 15:30:22.233500  9102 work_track.cpp:120] Track results of frame 33: 0 objects input, 0 objects tracked!
I1014 15:30:22.233526  9102 work_thread.hpp:87]  [T-Work-Detect_0] Frame :33 split
I1014 15:30:22.233573  9105 thread_intergrate.hpp:78] [T-Intergrate-intergrate] queue: frame output frame :33
I1014 15:30:22.234664  9105 thread_intergrate.hpp:186] T-Intergrate-intergrate Show face :0, size :640 * 360
I1014 15:30:22.235214  9101 demo_inner.hpp:435] thread [SORT-0]  frame id 33 sorting queue size 1   FPS: 19.9875
I1014 15:30:22.273845  9099 demo_inner.hpp:177] decode queue size 0
I1014 15:30:22.273944  9102 work_thread.hpp:81]  [T-Work-Detect_0] Run work: WorkDetect
I1014 15:30:22.274004  9102 work_detect.cpp:102] Succeeded to add det start for frame 34
I1014 15:30:22.281430  9102 work_detect.cpp:70] Frame :34 detect result :1 face(s)
W1014 15:30:22.281479  9102 work_detect.cpp:83] Invalid bbox: [147 x 196 from (242, 167)]
I1014 15:30:22.281630  9102 work_detect.cpp:120] Succeeded to add det end for frame 34
I1014 15:30:22.281647  9102 work_thread.hpp:81]  [T-Work-Detect_0] Run work: WrokTrack
I1014 15:30:22.281675  9102 work_track.cpp:102] Succeeded to set track lock for frame 34
I1014 15:30:22.281702  9102 work_track.cpp:116] Succeeded to release track lock for frame 34
I1014 15:30:22.281716  9102 work_track.cpp:120] Track results of frame 34: 0 objects input, 0 objects tracked!
I1014 15:30:22.281742  9102 work_thread.hpp:87]  [T-Work-Detect_0] Frame :34 split
I1014 15:30:22.281795  9105 thread_intergrate.hpp:78] [T-Intergrate-intergrate] queue: frame output frame :34
I1014 15:30:22.282886  9105 thread_intergrate.hpp:186] T-Intergrate-intergrate Show face :0, size :640 * 360
I1014 15:30:22.283380  9101 demo_inner.hpp:435] thread [SORT-0]  frame id 34 sorting queue size 2   FPS: 20.0121
I1014 15:30:22.321719  9099 demo_inner.hpp:177] decode queue size 0
I1014 15:30:22.321871  9102 work_thread.hpp:81]  [T-Work-Detect_0] Run work: WorkDetect
I1014 15:30:22.321907  9102 work_detect.cpp:102] Succeeded to add det start for frame 35
I1014 15:30:22.328523  9102 work_detect.cpp:70] Frame :35 detect result :1 face(s)
W1014 15:30:22.328570  9102 work_detect.cpp:83] Invalid bbox: [145 x 188 from (243, 175)]
I1014 15:30:22.328645  9102 work_detect.cpp:120] Succeeded to add det end for frame 35
I1014 15:30:22.328662  9102 work_thread.hpp:81]  [T-Work-Detect_0] Run work: WrokTrack
I1014 15:30:22.328689  9102 work_track.cpp:102] Succeeded to set track lock for frame 35
I1014 15:30:22.328716  9102 work_track.cpp:116] Succeeded to release track lock for frame 35
I1014 15:30:22.328730  9102 work_track.cpp:120] Track results of frame 35: 0 objects input, 0 objects tracked!
I1014 15:30:22.328749  9102 work_thread.hpp:87]  [T-Work-Detect_0] Frame :35 split
I1014 15:30:22.328799  9105 thread_intergrate.hpp:78] [T-Intergrate-intergrate] queue: frame output frame :35
I1014 15:30:22.329891  9105 thread_intergrate.hpp:186] T-Intergrate-intergrate Show face :0, size :640 * 360
I1014 15:30:22.330386  9101 demo_inner.hpp:435] thread [SORT-0]  frame id 35 sorting queue size 3   FPS: 20.0472
I1014 15:30:22.375618  9099 demo_inner.hpp:177] decode queue size 0
I1014 15:30:22.375778  9102 work_thread.hpp:81]  [T-Work-Detect_0] Run work: WorkDetect
I1014 15:30:22.375818  9102 work_detect.cpp:102] Succeeded to add det start for frame 36
I1014 15:30:22.382345  9102 work_detect.cpp:70] Frame :36 detect result :1 face(s)
W1014 15:30:22.382390  9102 work_detect.cpp:83] Invalid bbox: [148 x 193 from (240, 171)]
I1014 15:30:22.382464  9102 work_detect.cpp:120] Succeeded to add det end for frame 36
I1014 15:30:22.382483  9102 work_thread.hpp:81]  [T-Work-Detect_0] Run work: WrokTrack
I1014 15:30:22.382509  9102 work_track.cpp:102] Succeeded to set track lock for frame 36
I1014 15:30:22.382536  9102 work_track.cpp:116] Succeeded to release track lock for frame 36
I1014 15:30:22.382550  9102 work_track.cpp:120] Track results of frame 36: 0 objects input, 0 objects tracked!
I1014 15:30:22.382568  9102 work_thread.hpp:87]  [T-Work-Detect_0] Frame :36 split
I1014 15:30:22.382616  9105 thread_intergrate.hpp:78] [T-Intergrate-intergrate] queue: frame output frame :36
I1014 15:30:22.383708  9105 thread_intergrate.hpp:186] T-Intergrate-intergrate Show face :0, size :640 * 360
I1014 15:30:22.384272  9101 demo_inner.hpp:435] thread [SORT-0]  frame id 36 sorting queue size 4   FPS: 20
I1014 15:30:22.423811  9099 demo_inner.hpp:177] decode queue size 0
I1014 15:30:22.423945  9102 work_thread.hpp:81]  [T-Work-Detect_0] Run work: WorkDetect
I1014 15:30:22.423980  9102 work_detect.cpp:102] Succeeded to add det start for frame 37
I1014 15:30:22.430477  9102 work_detect.cpp:70] Frame :37 detect result :1 face(s)
W1014 15:30:22.430519  9102 work_detect.cpp:83] Invalid bbox: [149 x 195 from (240, 169)]
I1014 15:30:22.430594  9102 work_detect.cpp:120] Succeeded to add det end for frame 37
I1014 15:30:22.430611  9102 work_thread.hpp:81]  [T-Work-Detect_0] Run work: WrokTrack
I1014 15:30:22.430682  9102 work_track.cpp:102] Succeeded to set track lock for frame 37
I1014 15:30:22.430711  9102 work_track.cpp:116] Succeeded to release track lock for frame 37
I1014 15:30:22.430725  9102 work_track.cpp:120] Track results of frame 37: 0 objects input, 0 objects tracked!
I1014 15:30:22.430744  9102 work_thread.hpp:87]  [T-Work-Detect_0] Frame :37 split
I1014 15:30:22.430795  9105 thread_intergrate.hpp:78] [T-Intergrate-intergrate] queue: frame output frame :37
I1014 15:30:22.431900  9105 thread_intergrate.hpp:186] T-Intergrate-intergrate Show face :0, size :640 * 360
I1014 15:30:22.432425  9101 demo_inner.hpp:435] thread [SORT-0]  frame id 37 sorting queue size 5   FPS: 20.0222
I1014 15:30:22.471875  9099 demo_inner.hpp:177] decode queue size 0
I1014 15:30:22.471980  9102 work_thread.hpp:81]  [T-Work-Detect_0] Run work: WorkDetect
I1014 15:30:22.472012  9102 work_detect.cpp:102] Succeeded to add det start for frame 38
I1014 15:30:22.478616  9102 work_detect.cpp:70] Frame :38 detect result :1 face(s)
W1014 15:30:22.478663  9102 work_detect.cpp:83] Invalid bbox: [148 x 193 from (241, 171)]
I1014 15:30:22.478737  9102 work_detect.cpp:120] Succeeded to add det end for frame 38
I1014 15:30:22.478754  9102 work_thread.hpp:81]  [T-Work-Detect_0] Run work: WrokTrack
I1014 15:30:22.478780  9102 work_track.cpp:102] Succeeded to set track lock for frame 38
I1014 15:30:22.478807  9102 work_track.cpp:116] Succeeded to release track lock for frame 38
I1014 15:30:22.478821  9102 work_track.cpp:120] Track results of frame 38: 0 objects input, 0 objects tracked!
I1014 15:30:22.478840  9102 work_thread.hpp:87]  [T-Work-Detect_0] Frame :38 split
I1014 15:30:22.478888  9105 thread_intergrate.hpp:78] [T-Intergrate-intergrate] queue: frame output frame :38
I1014 15:30:22.480032  9105 thread_intergrate.hpp:186] T-Intergrate-intergrate Show face :0, size :640 * 360
I1014 15:30:22.480566  9101 demo_inner.hpp:435] thread [SORT-0]  frame id 38 sorting queue size 6   FPS: 20.0433
I1014 15:30:22.525596  9099 demo_inner.hpp:177] decode queue size 0
I1014 15:30:22.525702  9102 work_thread.hpp:81]  [T-Work-Detect_0] Run work: WorkDetect
I1014 15:30:22.525735  9102 work_detect.cpp:102] Succeeded to add det start for frame 39
I1014 15:30:22.532235  9102 work_detect.cpp:70] Frame :39 detect result :1 face(s)
W1014 15:30:22.532279  9102 work_detect.cpp:83] Invalid bbox: [149 x 193 from (240, 171)]
I1014 15:30:22.532354  9102 work_detect.cpp:120] Succeeded to add det end for frame 39
I1014 15:30:22.532371  9102 work_thread.hpp:81]  [T-Work-Detect_0] Run work: WrokTrack
I1014 15:30:22.532399  9102 work_track.cpp:102] Succeeded to set track lock for frame 39
I1014 15:30:22.532426  9102 work_track.cpp:116] Succeeded to release track lock for frame 39
I1014 15:30:22.532440  9102 work_track.cpp:120] Track results of frame 39: 0 objects input, 0 objects tracked!
I1014 15:30:22.532459  9102 work_thread.hpp:87]  [T-Work-Detect_0] Frame :39 split
I1014 15:30:22.532512  9105 thread_intergrate.hpp:78] [T-Intergrate-intergrate] queue: frame output frame :39
I1014 15:30:22.533696  9105 thread_intergrate.hpp:186] T-Intergrate-intergrate Show face :0, size :640 * 360
I1014 15:30:22.534267  9101 demo_inner.hpp:435] thread [SORT-0]  frame id 39 sorting queue size 7   FPS: 20
I1014 15:30:22.573729  9099 demo_inner.hpp:177] decode queue size 0
I1014 15:30:22.573829  9102 work_thread.hpp:81]  [T-Work-Detect_0] Run work: WorkDetect
I1014 15:30:22.573863  9102 work_detect.cpp:102] Succeeded to add det start for frame 40
I1014 15:30:22.580390  9102 work_detect.cpp:70] Frame :40 detect result :1 face(s)
I1014 15:30:22.580433  9102 work_detect.cpp:86] Detected bbox: [146 x 192 from (241, 168)]
I1014 15:30:22.580476  9102 work_detect.cpp:120] Succeeded to add det end for frame 40
I1014 15:30:22.580492  9102 work_thread.hpp:81]  [T-Work-Detect_0] Run work: WrokTrack
I1014 15:30:22.580516  9102 work_track.cpp:82] Frame: 40 build input_characts: [0.228125 x 0.533333 from (0.376563, 0.466667)], 0.999622, 0
I1014 15:30:22.580571  9102 work_track.cpp:102] Succeeded to set track lock for frame 40
I1014 15:30:22.580680  9102 work_track.cpp:116] Succeeded to release track lock for frame 40
I1014 15:30:22.580696  9102 work_track.cpp:120] Track results of frame 40: 1 objects input, 0 objects tracked!
I1014 15:30:22.580714  9102 work_track.cpp:162] Frame: 40 lid: 0 not tracked, will set invalid
I1014 15:30:22.580729  9102 work_thread.hpp:87]  [T-Work-Detect_0] Frame :40 split
I1014 15:30:22.580746  9102 work_thread.hpp:126]  [T-Work-Detect_0] Invalid piece: lid = 0, drop it
I1014 15:30:22.580793  9105 thread_intergrate.hpp:78] [T-Intergrate-intergrate] queue: frame output frame :40
I1014 15:30:22.581933  9105 thread_intergrate.hpp:186] T-Intergrate-intergrate Show face :0, size :640 * 360
I1014 15:30:22.582545  9101 demo_inner.hpp:435] thread [SORT-0]  frame id 40 sorting queue size 8   FPS: 20.0205
I1014 15:30:22.621862  9099 demo_inner.hpp:177] decode queue size 0
I1014 15:30:22.621979  9102 work_thread.hpp:81]  [T-Work-Detect_0] Run work: WorkDetect
I1014 15:30:22.622011  9102 work_detect.cpp:102] Succeeded to add det start for frame 41
I1014 15:30:22.628521  9102 work_detect.cpp:70] Frame :41 detect result :1 face(s)
I1014 15:30:22.628564  9102 work_detect.cpp:86] Detected bbox: [143 x 190 from (244, 170)]
I1014 15:30:22.628607  9102 work_detect.cpp:120] Succeeded to add det end for frame 41
