I1014 11:00:53.769663  4647 work_detect.cpp:70] Frame :51 detect result :2 face(s)
W1014 11:00:53.769711  4647 work_detect.cpp:83] Invalid bbox: [141 x 177 from (302, 195)]
I1014 11:00:53.769821  4647 work_detect.cpp:86] Detected bbox: [28 x 41 from (1, 70)]
I1014 11:00:53.769866  4647 work_detect.cpp:120] Succeeded to add det end for frame 51
I1014 11:00:53.769883  4647 work_thread.hpp:81]  [T-Work-Detect_0] Run work: WrokTrack
I1014 11:00:53.769907  4647 work_track.cpp:82] Frame: 51 build input_characts: [0.04375 x 0.113889 from (0.0015625, 0.194444)], 0.975094, 0
I1014 11:00:53.769966  4647 work_track.cpp:102] Succeeded to set track lock for frame 51
I1014 11:00:53.770006  4647 work_track.cpp:116] Succeeded to release track lock for frame 51
I1014 11:00:53.770021  4647 work_track.cpp:120] Track results of frame 51: 1 objects input, 1 objects tracked!
I1014 11:00:53.770040  4647 work_track.cpp:148] Frame: 51, track bbox: [28 x 41 from (1.30971, 70.5252)], gid: 1, lid: 0
I1014 11:00:53.770074  4647 work_thread.hpp:88]  [T-Work-Detect_0] Frame :51 split
I1014 11:00:53.770092  4647 work_thread.hpp:120]  [T-Work-Detect_0] Valid piece: gid = 1
I1014 11:00:53.770110  4647 work_thread.hpp:92]  [T-Work-Detect_0] Push to split queue:recog
I1014 11:00:53.770157  4649 work_thread.hpp:81]  [T-Work-Recog_1] Run work: WorkCapture
I1014 11:00:53.770380  4650 thread_intergrate.hpp:78] [T-Intergrate-intergrate] queue: frame output frame :51
I1014 11:00:53.770644  4649 work_thread.hpp:81]  [T-Work-Recog_1] Run work: WorkRecog
I1014 11:00:53.770668  4649 work_recog.hpp:89] Face id: 1 will run recog: bbox [28 x 41 from (1, 70)] quality: 0.216738
I1014 11:00:53.770694  4649 work_recog.hpp:96] Recog pair: [40 x 64 from (0, 56)], [28 x 41 from (1, 14)]
I1014 11:00:53.771914  4646 demo_inner.hpp:435] thread [SORT-0]  frame id 51 sorting queue size 1   FPS: 29.8507
I1014 11:00:53.787701  4649 work_thread.hpp:81]  [T-Work-Recog_1] Run work: WorkCompare
I1014 11:00:53.787811  4649 work_compare.cpp:71] Compare face: 1 failed
I1014 11:00:53.798401  4644 demo_inner.hpp:177] decode queue size 0
I1014 11:00:53.798519  4647 work_thread.hpp:81]  [T-Work-Detect_0] Run work: WorkDetect
I1014 11:00:53.798553  4647 work_detect.cpp:102] Succeeded to add det start for frame 52
I1014 11:00:53.805527  4647 work_detect.cpp:70] Frame :52 detect result :2 face(s)
W1014 11:00:53.805578  4647 work_detect.cpp:83] Invalid bbox: [144 x 180 from (298, 191)]
I1014 11:00:53.805665  4647 work_detect.cpp:86] Detected bbox: [29 x 43 from (0, 68)]
I1014 11:00:53.805707  4647 work_detect.cpp:120] Succeeded to add det end for frame 52
I1014 11:00:53.805724  4647 work_thread.hpp:81]  [T-Work-Detect_0] Run work: WrokTrack
I1014 11:00:53.805749  4647 work_track.cpp:82] Frame: 52 build input_characts: [0.0453125 x 0.119444 from (0, 0.188889)], 0.972103, 0
I1014 11:00:53.805850  4647 work_track.cpp:102] Succeeded to set track lock for frame 52
I1014 11:00:53.805896  4647 work_track.cpp:116] Succeeded to release track lock for frame 52
I1014 11:00:53.805912  4647 work_track.cpp:120] Track results of frame 52: 1 objects input, 1 objects tracked!
I1014 11:00:53.805928  4647 work_track.cpp:148] Frame: 52, track bbox: [28.5955 x 43 from (0, 68.143)], gid: 1, lid: 0
I1014 11:00:53.805963  4647 work_thread.hpp:88]  [T-Work-Detect_0] Frame :52 split
I1014 11:00:53.805981  4647 work_thread.hpp:120]  [T-Work-Detect_0] Valid piece: gid = 1
I1014 11:00:53.805999  4647 work_thread.hpp:92]  [T-Work-Detect_0] Push to split queue:recog
I1014 11:00:53.806051  4649 work_thread.hpp:81]  [T-Work-Recog_1] Run work: WorkCapture
I1014 11:00:53.806274  4650 thread_intergrate.hpp:78] [T-Intergrate-intergrate] queue: frame output frame :52
I1014 11:00:53.806530  4649 work_thread.hpp:81]  [T-Work-Recog_1] Run work: WorkRecog
I1014 11:00:53.806553  4649 work_recog.hpp:89] Face id: 1 will run recog: bbox [29 x 43 from (0, 68)] quality: 0.199085
I1014 11:00:53.806581  4649 work_recog.hpp:96] Recog pair: [40 x 64 from (0, 56)], [29 x 43 from (0, 12)]
I1014 11:00:53.807760  4646 demo_inner.hpp:435] thread [SORT-0]  frame id 52 sorting queue size 2   FPS: 29.8071
I1014 11:00:53.815716  4645 demo_inner.hpp:260]  gui queue size 2, state = running
I1014 11:00:53.823685  4649 work_thread.hpp:81]  [T-Work-Recog_1] Run work: WorkCompare
I1014 11:00:53.823798  4649 work_compare.cpp:71] Compare face: 1 failed
I1014 11:00:53.829143  4644 demo_inner.hpp:177] decode queue size 0
I1014 11:00:53.829224  4647 work_thread.hpp:81]  [T-Work-Detect_0] Run work: WorkDetect
I1014 11:00:53.829258  4647 work_detect.cpp:102] Succeeded to add det start for frame 53
I1014 11:00:53.836014  4647 work_detect.cpp:70] Frame :53 detect result :2 face(s)
I1014 11:00:53.836057  4647 work_detect.cpp:86] Detected bbox: [129 x 166 from (305, 191)]
I1014 11:00:53.836091  4647 work_detect.cpp:86] Detected bbox: [28 x 42 from (0, 66)]
I1014 11:00:53.836122  4647 work_detect.cpp:120] Succeeded to add det end for frame 53
I1014 11:00:53.836138  4647 work_thread.hpp:81]  [T-Work-Detect_0] Run work: WrokTrack
I1014 11:00:53.836187  4647 work_track.cpp:82] Frame: 53 build input_characts: [0.201562 x 0.461111 from (0.476562, 0.530556)], 0.999622, 0
I1014 11:00:53.836241  4647 work_track.cpp:82] Frame: 53 build input_characts: [0.04375 x 0.116667 from (0, 0.183333)], 0.947545, 1
I1014 11:00:53.836278  4647 work_track.cpp:102] Succeeded to set track lock for frame 53
I1014 11:00:53.836323  4647 work_track.cpp:116] Succeeded to release track lock for frame 53
I1014 11:00:53.836336  4647 work_track.cpp:120] Track results of frame 53: 2 objects input, 1 objects tracked!
I1014 11:00:53.836354  4647 work_track.cpp:148] Frame: 53, track bbox: [27.2381 x 42 from (0, 66.6911)], gid: 1, lid: 1
I1014 11:00:53.836387  4647 work_track.cpp:162] Frame: 53 lid: 0 not tracked, will set invalid
I1014 11:00:53.836403  4647 work_thread.hpp:88]  [T-Work-Detect_0] Frame :53 split
I1014 11:00:53.836421  4647 work_thread.hpp:124]  [T-Work-Detect_0] Invalid piece: lid = 0, drop it
I1014 11:00:53.836436  4647 work_thread.hpp:120]  [T-Work-Detect_0] Valid piece: gid = 1
I1014 11:00:53.836452  4647 work_thread.hpp:92]  [T-Work-Detect_0] Push to split queue:recog
I1014 11:00:53.836499  4650 thread_intergrate.hpp:78] [T-Intergrate-intergrate] queue: frame output frame :53
I1014 11:00:53.836522  4648 work_thread.hpp:81]  [T-Work-Recog_0] Run work: WorkCapture
I1014 11:00:53.837015  4648 work_thread.hpp:81]  [T-Work-Recog_0] Run work: WorkRecog
I1014 11:00:53.837039  4648 work_recog.hpp:89] Face id: 1 will run recog: bbox [28 x 42 from (0, 66)] quality: 0.302429
I1014 11:00:53.837066  4648 work_recog.hpp:96] Recog pair: [40 x 64 from (0, 56)], [28 x 42 from (0, 10)]
I1014 11:00:53.838059  4646 demo_inner.hpp:435] thread [SORT-0]  frame id 53 sorting queue size 0   FPS: 29.8679
I1014 11:00:53.854391  4648 work_thread.hpp:81]  [T-Work-Recog_0] Run work: WorkCompare
I1014 11:00:53.854514  4648 work_compare.cpp:71] Compare face: 1 failed
I1014 11:00:53.864763  4644 demo_inner.hpp:177] decode queue size 0
I1014 11:00:53.864859  4647 work_thread.hpp:81]  [T-Work-Detect_0] Run work: WorkDetect
I1014 11:00:53.864894  4647 work_detect.cpp:102] Succeeded to add det start for frame 54
I1014 11:00:53.871702  4647 work_detect.cpp:70] Frame :54 detect result :2 face(s)
I1014 11:00:53.871749  4647 work_detect.cpp:86] Detected bbox: [129 x 165 from (302, 188)]
I1014 11:00:53.871783  4647 work_detect.cpp:86] Detected bbox: [26 x 41 from (1, 67)]
I1014 11:00:53.871814  4647 work_detect.cpp:120] Succeeded to add det end for frame 54
I1014 11:00:53.871829  4647 work_thread.hpp:81]  [T-Work-Detect_0] Run work: WrokTrack
I1014 11:00:53.871853  4647 work_track.cpp:82] Frame: 54 build input_characts: [0.201562 x 0.458333 from (0.471875, 0.522222)], 1.00019, 0
I1014 11:00:53.871904  4647 work_track.cpp:82] Frame: 54 build input_characts: [0.040625 x 0.113889 from (0.0015625, 0.186111)], 0.95411, 1
I1014 11:00:53.871942  4647 work_track.cpp:102] Succeeded to set track lock for frame 54
I1014 11:00:53.871986  4647 work_track.cpp:116] Succeeded to release track lock for frame 54
I1014 11:00:53.872001  4647 work_track.cpp:120] Track results of frame 54: 2 objects input, 1 objects tracked!
I1014 11:00:53.872020  4647 work_track.cpp:148] Frame: 54, track bbox: [26 x 41 from (0.285578, 66.3343)], gid: 1, lid: 1
I1014 11:00:53.872052  4647 work_track.cpp:162] Frame: 54 lid: 0 not tracked, will set invalid
I1014 11:00:53.872068  4647 work_thread.hpp:88]  [T-Work-Detect_0] Frame :54 split
I1014 11:00:53.872084  4647 work_thread.hpp:124]  [T-Work-Detect_0] Invalid piece: lid = 0, drop it
I1014 11:00:53.872099  4647 work_thread.hpp:120]  [T-Work-Detect_0] Valid piece: gid = 1
I1014 11:00:53.872117  4647 work_thread.hpp:92]  [T-Work-Detect_0] Push to split queue:recog
I1014 11:00:53.872176  4649 work_thread.hpp:81]  [T-Work-Recog_1] Run work: WorkCapture
I1014 11:00:53.872382  4650 thread_intergrate.hpp:78] [T-Intergrate-intergrate] queue: frame output frame :54
I1014 11:00:53.872634  4649 work_thread.hpp:81]  [T-Work-Recog_1] Run work: WorkRecog
I1014 11:00:53.872656  4649 work_recog.hpp:89] Face id: 1 will run recog: bbox [26 x 41 from (1, 67)] quality: 0.318137
I1014 11:00:53.872682  4649 work_recog.hpp:96] Recog pair: [40 x 64 from (0, 56)], [26 x 41 from (1, 11)]
I1014 11:00:53.873941  4646 demo_inner.hpp:435] thread [SORT-0]  frame id 54 sorting queue size 1   FPS: 29.8256
I1014 11:00:53.882712  4645 demo_inner.hpp:260]  gui queue size 1, state = running
I1014 11:00:53.890015  4649 work_thread.hpp:81]  [T-Work-Recog_1] Run work: WorkCompare
I1014 11:00:53.890123  4649 work_compare.cpp:71] Compare face: 1 failed
I1014 11:00:53.900341  4644 demo_inner.hpp:177] decode queue size 0
I1014 11:00:53.900440  4647 work_thread.hpp:81]  [T-Work-Detect_0] Run work: WorkDetect
I1014 11:00:53.900475  4647 work_detect.cpp:102] Succeeded to add det start for frame 55
I1014 11:00:53.907367  4647 work_detect.cpp:70] Frame :55 detect result :1 face(s)
I1014 11:00:53.907410  4647 work_detect.cpp:86] Detected bbox: [129 x 166 from (300, 187)]
I1014 11:00:53.907454  4647 work_detect.cpp:120] Succeeded to add det end for frame 55
I1014 11:00:53.907470  4647 work_thread.hpp:81]  [T-Work-Detect_0] Run work: WrokTrack
I1014 11:00:53.907495  4647 work_track.cpp:82] Frame: 55 build input_characts: [0.201562 x 0.461111 from (0.46875, 0.519444)], 0.999622, 0
I1014 11:00:53.907549  4647 work_track.cpp:102] Succeeded to set track lock for frame 55
I1014 11:00:53.907593  4647 work_track.cpp:116] Succeeded to release track lock for frame 55
I1014 11:00:53.907608  4647 work_track.cpp:120] Track results of frame 55: 1 objects input, 2 objects tracked!
I1014 11:00:53.907624  4647 work_track.cpp:148] Frame: 55, track bbox: [25.3998 x 41 from (0, 65.1345)], gid: 1, lid: -1
I1014 11:00:53.907657  4647 work_track.cpp:148] Frame: 55, track bbox: [129 x 166 from (299.819, 186.481)], gid: 2, lid: 0
I1014 11:00:53.907763  4647 work_thread.hpp:88]  [T-Work-Detect_0] Frame :55 split
I1014 11:00:53.907783  4647 work_thread.hpp:120]  [T-Work-Detect_0] Valid piece: gid = 2
I1014 11:00:53.907801  4647 work_thread.hpp:92]  [T-Work-Detect_0] Push to split queue:recog
I1014 11:00:53.907842  4650 thread_intergrate.hpp:78] [T-Intergrate-intergrate] queue: frame output frame :55
I1014 11:00:53.907877  4649 work_thread.hpp:81]  [T-Work-Recog_1] Run work: WorkCapture
I1014 11:00:53.908406  4649 work_thread.hpp:81]  [T-Work-Recog_1] Run work: WorkRecog
I1014 11:00:53.908429  4649 work_recog.hpp:89] Face id: 2 will run recog: bbox [129 x 166 from (300, 187)] quality: 0.417905
I1014 11:00:53.908457  4649 work_recog.hpp:96] Recog pair: [184 x 208 from (272, 152)], [129 x 166 from (28, 35)]
I1014 11:00:53.909390  4646 demo_inner.hpp:435] thread [SORT-0]  frame id 55 sorting queue size 0   FPS: 29.7849
I1014 11:00:53.925824  4649 work_thread.hpp:81]  [T-Work-Recog_1] Run work: WorkCompare
I1014 11:00:53.925938  4649 work_compare.cpp:76] Compare face: 2 successed, similarity :0.972218, name : images/thanglmb.jpg, normal size : 640 * 360!
I1014 11:00:53.930531  4644 demo_inner.hpp:177] decode queue size 0
I1014 11:00:53.930616  4647 work_thread.hpp:81]  [T-Work-Detect_0] Run work: WorkDetect
I1014 11:00:53.930650  4647 work_detect.cpp:102] Succeeded to add det start for frame 56
I1014 11:00:53.937500  4647 work_detect.cpp:70] Frame :56 detect result :2 face(s)
I1014 11:00:53.937546  4647 work_detect.cpp:86] Detected bbox: [131 x 166 from (296, 185)]
I1014 11:00:53.937579  4647 work_detect.cpp:86] Detected bbox: [23 x 39 from (1, 68)]
I1014 11:00:53.937611  4647 work_detect.cpp:120] Succeeded to add det end for frame 56
I1014 11:00:53.937628  4647 work_thread.hpp:81]  [T-Work-Detect_0] Run work: WrokTrack
I1014 11:00:53.937650  4647 work_track.cpp:82] Frame: 56 build input_characts: [0.204688 x 0.461111 from (0.4625, 0.513889)], 1.00019, 0
I1014 11:00:53.937701  4647 work_track.cpp:82] Frame: 56 build input_characts: [0.0359375 x 0.108333 from (0.0015625, 0.188889)], 0.905415, 1
I1014 11:00:53.937738  4647 work_track.cpp:102] Succeeded to set track lock for frame 56
I1014 11:00:53.937781  4647 work_track.cpp:116] Succeeded to release track lock for frame 56
I1014 11:00:53.937796  4647 work_track.cpp:120] Track results of frame 56: 2 objects input, 2 objects tracked!
I1014 11:00:53.937814  4647 work_track.cpp:148] Frame: 56, track bbox: [23 x 39 from (0.749954, 66.9665)], gid: 1, lid: 1
I1014 11:00:53.937849  4647 work_track.cpp:148] Frame: 56, track bbox: [131 x 166 from (296.1, 184.849)], gid: 2, lid: 0
I1014 11:00:53.937882  4647 work_thread.hpp:88]  [T-Work-Detect_0] Frame :56 split
I1014 11:00:53.937901  4647 work_thread.hpp:120]  [T-Work-Detect_0] Valid piece: gid = 2
I1014 11:00:53.937918  4647 work_thread.hpp:120]  [T-Work-Detect_0] Valid piece: gid = 1
I1014 11:00:53.937935  4647 work_thread.hpp:92]  [T-Work-Detect_0] Push to split queue:recog
I1014 11:00:53.937961  4647 work_thread.hpp:92]  [T-Work-Detect_0] Push to split queue:recog
I1014 11:00:53.937978  4648 work_thread.hpp:81]  [T-Work-Recog_0] Run work: WorkCapture
I1014 11:00:53.937997  4650 thread_intergrate.hpp:78] [T-Intergrate-intergrate] queue: frame output frame :56
I1014 11:00:53.938024  4650 thread_intergrate.hpp:85] [T-Intergrate-intergrate] queue: compare output face:2
I1014 11:00:53.938041  4650 thread_intergrate.hpp:138] T-Intergrate-intergrate set matched face: 2
I1014 11:00:53.938668  4648 work_thread.hpp:81]  [T-Work-Recog_0] Run work: WorkRecog
I1014 11:00:53.938694  4648 work_recog.hpp:89] Face id: 2 will run recog: bbox [131 x 166 from (296, 185)] quality: 0.405757
I1014 11:00:53.938724  4648 work_recog.hpp:96] Recog pair: [192 x 208 from (264, 152)], [131 x 166 from (32, 33)]
I1014 11:00:53.939314  4650 thread_intergrate.hpp:158] T-Intergrate-intergrate Show face :2, size :640 * 360
I1014 11:00:53.939844  4646 demo_inner.hpp:435] thread [SORT-0]  frame id 56 sorting queue size 1   FPS: 29.8426
I1014 11:00:53.939896  4649 work_thread.hpp:81]  [T-Work-Recog_1] Run work: WorkCapture
I1014 11:00:53.940690  4649 work_thread.hpp:81]  [T-Work-Recog_1] Run work: WorkRecog
I1014 11:00:53.940712  4649 work_recog.hpp:89] Face id: 1 will run recog: bbox [23 x 39 from (1, 68)] quality: 0.251952
I1014 11:00:53.940738  4649 work_recog.hpp:96] Recog pair: [32 x 64 from (0, 56)], [23 x 39 from (1, 12)]
I1014 11:00:53.954926  4645 demo_inner.hpp:260]  gui queue size 1, state = running
I1014 11:00:53.960440  4648 work_thread.hpp:81]  [T-Work-Recog_0] Run work: WorkCompare
I1014 11:00:53.960598  4648 work_compare.cpp:76] Compare face: 2 successed, similarity :0.978114, name : images/thanglmb.jpg, normal size : 640 * 360!
I1014 11:00:53.960983  4649 work_thread.hpp:81]  [T-Work-Recog_1] Run work: WorkCompare
I1014 11:00:53.961045  4649 work_compare.cpp:71] Compare face: 1 failed
I1014 11:00:53.968019  4644 demo_inner.hpp:177] decode queue size 0
I1014 11:00:53.968140  4647 work_thread.hpp:81]  [T-Work-Detect_0] Run work: WorkDetect
I1014 11:00:53.968200  4647 work_detect.cpp:102] Succeeded to add det start for frame 57
I1014 11:00:53.974773  4647 work_detect.cpp:70] Frame :57 detect result :2 face(s)
I1014 11:00:53.974823  4647 work_detect.cpp:86] Detected bbox: [125 x 160 from (296, 187)]
I1014 11:00:53.974855  4647 work_detect.cpp:86] Detected bbox: [22 x 37 from (1, 69)]
I1014 11:00:53.974886  4647 work_detect.cpp:120] Succeeded to add det end for frame 57
I1014 11:00:53.974902  4647 work_thread.hpp:81]  [T-Work-Detect_0] Run work: WrokTrack
I1014 11:00:53.974927  4647 work_track.cpp:82] Frame: 57 build input_characts: [0.195312 x 0.444444 from (0.4625, 0.519444)], 1.00019, 0
I1014 11:00:53.974978  4647 work_track.cpp:82] Frame: 57 build input_characts: [0.034375 x 0.102778 from (0.0015625, 0.191667)], 0.905415, 1
I1014 11:00:53.975016  4647 work_track.cpp:102] Succeeded to set track lock for frame 57
I1014 11:00:53.975062  4647 work_track.cpp:116] Succeeded to release track lock for frame 57
I1014 11:00:53.975077  4647 work_track.cpp:120] Track results of frame 57: 2 objects input, 2 objects tracked!
I1014 11:00:53.975095  4647 work_track.cpp:148] Frame: 57, track bbox: [22 x 37 from (1.09323, 68.3622)], gid: 1, lid: 1
I1014 11:00:53.975126  4647 work_track.cpp:148] Frame: 57, track bbox: [125 x 160 from (296.201, 186.605)], gid: 2, lid: 0
I1014 11:00:53.975159  4647 work_thread.hpp:88]  [T-Work-Detect_0] Frame :57 split
I1014 11:00:53.975176  4647 work_thread.hpp:120]  [T-Work-Detect_0] Valid piece: gid = 2
I1014 11:00:53.975194  4647 work_thread.hpp:120]  [T-Work-Detect_0] Valid piece: gid = 1
I1014 11:00:53.975211  4647 work_thread.hpp:92]  [T-Work-Detect_0] Push to split queue:recog
I1014 11:00:53.975239  4647 work_thread.hpp:92]  [T-Work-Detect_0] Push to split queue:recog
I1014 11:00:53.975258  4648 work_thread.hpp:81]  [T-Work-Recog_0] Run work: WorkCapture
I1014 11:00:53.975270  4649 work_thread.hpp:81]  [T-Work-Recog_1] Run work: WorkCapture
I1014 11:00:53.975283  4650 thread_intergrate.hpp:78] [T-Intergrate-intergrate] queue: frame output frame :57
I1014 11:00:53.975316  4650 thread_intergrate.hpp:85] [T-Intergrate-intergrate] queue: compare output face:2
I1014 11:00:53.975335  4650 thread_intergrate.hpp:138] T-Intergrate-intergrate set matched face: 2
I1014 11:00:53.975749  4649 work_thread.hpp:81]  [T-Work-Recog_1] Run work: WorkRecog
I1014 11:00:53.975771  4649 work_recog.hpp:89] Face id: 1 will run recog: bbox [22 x 37 from (1, 69)] quality: 0.23445
I1014 11:00:53.975800  4649 work_recog.hpp:96] Recog pair: [32 x 64 from (0, 56)], [22 x 37 from (1, 13)]
I1014 11:00:53.975986  4648 work_thread.hpp:81]  [T-Work-Recog_0] Run work: WorkRecog
I1014 11:00:53.976008  4648 work_recog.hpp:89] Face id: 2 will run recog: bbox [125 x 160 from (296, 187)] quality: 0.429564
I1014 11:00:53.976042  4648 work_recog.hpp:96] Recog pair: [184 x 208 from (264, 152)], [125 x 160 from (32, 35)]
I1014 11:00:53.976563  4650 thread_intergrate.hpp:158] T-Intergrate-intergrate Show face :2, size :640 * 360
I1014 11:00:53.977097  4646 demo_inner.hpp:435] thread [SORT-0]  frame id 57 sorting queue size 0   FPS: 29.7872
I1014 11:00:53.995132  4649 work_thread.hpp:81]  [T-Work-Recog_1] Run work: WorkCompare
I1014 11:00:53.995283  4649 work_compare.cpp:71] Compare face: 1 failed
I1014 11:00:53.995816  4648 work_thread.hpp:81]  [T-Work-Recog_0] Run work: WorkCompare
I1014 11:00:53.995903  4648 work_compare.cpp:76] Compare face: 2 successed, similarity :0.9481, name : images/thanglmb.jpg, normal size : 640 * 360!
I1014 11:00:53.997443  4644 demo_inner.hpp:177] decode queue size 0
I1014 11:00:53.997506  4647 work_thread.hpp:81]  [T-Work-Detect_0] Run work: WorkDetect
I1014 11:00:53.997535  4647 work_detect.cpp:102] Succeeded to add det start for frame 58
I1014 11:00:54.004206  4647 work_detect.cpp:70] Frame :58 detect result :2 face(s)
I1014 11:00:54.004248  4647 work_detect.cpp:86] Detected bbox: [139 x 176 from (282, 168)]
I1014 11:00:54.004281  4647 work_detect.cpp:86] Detected bbox: [24 x 40 from (1, 66)]
I1014 11:00:54.004312  4647 work_detect.cpp:120] Succeeded to add det end for frame 58
I1014 11:00:54.004328  4647 work_thread.hpp:81]  [T-Work-Detect_0] Run work: WrokTrack
I1014 11:00:54.004351  4647 work_track.cpp:82] Frame: 58 build input_characts: [0.217187 x 0.488889 from (0.440625, 0.466667)], 0.999622, 0
I1014 11:00:54.004403  4647 work_track.cpp:82] Frame: 58 build input_characts: [0.0375 x 0.111111 from (0.0015625, 0.183333)], 0.915779, 1
I1014 11:00:54.004439  4647 work_track.cpp:102] Succeeded to set track lock for frame 58
I1014 11:00:54.004483  4647 work_track.cpp:116] Succeeded to release track lock for frame 58
I1014 11:00:54.004498  4647 work_track.cpp:120] Track results of frame 58: 2 objects input, 2 objects tracked!
I1014 11:00:54.004515  4647 work_track.cpp:148] Frame: 58, track bbox: [24 x 40 from (0.261748, 66.4809)], gid: 1, lid: 1
I1014 11:00:54.004549  4647 work_track.cpp:148] Frame: 58, track bbox: [139 x 176 from (284.15, 172.26)], gid: 2, lid: 0
I1014 11:00:54.004581  4647 work_thread.hpp:88]  [T-Work-Detect_0] Frame :58 split
I1014 11:00:54.004598  4647 work_thread.hpp:120]  [T-Work-Detect_0] Valid piece: gid = 2
I1014 11:00:54.004616  4647 work_thread.hpp:120]  [T-Work-Detect_0] Valid piece: gid = 1
I1014 11:00:54.004633  4647 work_thread.hpp:92]  [T-Work-Detect_0] Push to split queue:recog
I1014 11:00:54.004664  4647 work_thread.hpp:92]  [T-Work-Detect_0] Push to split queue:recog
I1014 11:00:54.004683  4649 work_thread.hpp:81]  [T-Work-Recog_1] Run work: WorkCapture
I1014 11:00:54.004704  4650 thread_intergrate.hpp:78] [T-Intergrate-intergrate] queue: frame output frame :58
I1014 11:00:54.004716  4648 work_thread.hpp:81]  [T-Work-Recog_0] Run work: WorkCapture
I1014 11:00:54.004732  4650 thread_intergrate.hpp:85] [T-Intergrate-intergrate] queue: compare output face:2
I1014 11:00:54.004751  4650 thread_intergrate.hpp:138] T-Intergrate-intergrate set matched face: 2
I1014 11:00:54.005259  4648 work_thread.hpp:81]  [T-Work-Recog_0] Run work: WorkRecog
I1014 11:00:54.005304  4649 work_thread.hpp:81]  [T-Work-Recog_1] Run work: WorkRecog
I1014 11:00:54.005290  4648 work_recog.hpp:89] Face id: 1 will run recog: bbox [24 x 40 from (1, 66)] quality: 0.181533
I1014 11:00:54.005329  4649 work_recog.hpp:89] Face id: 2 will run recog: bbox [139 x 176 from (282, 168)] quality: 0.463713
I1014 11:00:54.005352  4648 work_recog.hpp:96] Recog pair: [32 x 64 from (0, 56)], [24 x 40 from (1, 10)]
I1014 11:00:54.005354  4649 work_recog.hpp:96] Recog pair: [200 x 232 from (248, 128)], [139 x 176 from (34, 40)]
I1014 11:00:54.005949  4650 thread_intergrate.hpp:158] T-Intergrate-intergrate Show face :2, size :640 * 360
I1014 11:00:54.006532  4646 demo_inner.hpp:435] thread [SORT-0]  frame id 58 sorting queue size 1   FPS: 29.8429
I1014 11:00:54.025312  4649 work_thread.hpp:81]  [T-Work-Recog_1] Run work: WorkCompare
I1014 11:00:54.025312  4648 work_thread.hpp:81]  [T-Work-Recog_0] Run work: WorkCompare
I1014 11:00:54.025435  4648 work_compare.cpp:71] Compare face: 1 failed
I1014 11:00:54.025435  4649 work_compare.cpp:76] Compare face: 2 successed, similarity :0.989193, name : images/thanglmb.jpg, normal size : 640 * 360!
I1014 11:00:54.033294  4644 demo_inner.hpp:177] decode queue size 0
I1014 11:00:54.033416  4647 work_thread.hpp:81]  [T-Work-Detect_0] Run work: WorkDetect
I1014 11:00:54.033453  4647 work_detect.cpp:102] Succeeded to add det start for frame 59
I1014 11:00:54.040233  4647 work_detect.cpp:70] Frame :59 detect result :2 face(s)
I1014 11:00:54.040279  4647 work_detect.cpp:86] Detected bbox: [127 x 168 from (290, 180)]
I1014 11:00:54.040311  4647 work_detect.cpp:86] Detected bbox: [22 x 38 from (1, 67)]
I1014 11:00:54.040343  4647 work_detect.cpp:120] Succeeded to add det end for frame 59
I1014 11:00:54.040359  4647 work_thread.hpp:81]  [T-Work-Detect_0] Run work: WrokTrack
I1014 11:00:54.040385  4647 work_track.cpp:82] Frame: 59 build input_characts: [0.198437 x 0.466667 from (0.453125, 0.5)], 0.999622, 0
I1014 11:00:54.040437  4647 work_track.cpp:82] Frame: 59 build input_characts: [0.034375 x 0.105556 from (0.0015625, 0.186111)], 0.932491, 1
I1014 11:00:54.040473  4647 work_track.cpp:102] Succeeded to set track lock for frame 59
I1014 11:00:54.040516  4647 work_track.cpp:116] Succeeded to release track lock for frame 59
I1014 11:00:54.040531  4647 work_track.cpp:120] Track results of frame 59: 2 objects input, 2 objects tracked!
I1014 11:00:54.040549  4647 work_track.cpp:148] Frame: 59, track bbox: [22 x 38 from (0.975171, 67.3475)], gid: 1, lid: 1
I1014 11:00:54.040581  4647 work_track.cpp:148] Frame: 59, track bbox: [127 x 168 from (288.183, 176.523)], gid: 2, lid: 0
I1014 11:00:54.040616  4647 work_thread.hpp:88]  [T-Work-Detect_0] Frame :59 split
I1014 11:00:54.040632  4647 work_thread.hpp:120]  [T-Work-Detect_0] Valid piece: gid = 2
I1014 11:00:54.040650  4647 work_thread.hpp:120]  [T-Work-Detect_0] Valid piece: gid = 1
I1014 11:00:54.040668  4647 work_thread.hpp:92]  [T-Work-Detect_0] Push to split queue:recog
I1014 11:00:54.040694  4647 work_thread.hpp:92]  [T-Work-Detect_0] Push to split queue:recog
I1014 11:00:54.040712  4648 work_thread.hpp:81]  [T-Work-Recog_0] Run work: WorkCapture
I1014 11:00:54.040727  4649 work_thread.hpp:81]  [T-Work-Recog_1] Run work: WorkCapture
I1014 11:00:54.040731  4650 thread_intergrate.hpp:78] [T-Intergrate-intergrate] queue: frame output frame :59
I1014 11:00:54.040761  4650 thread_intergrate.hpp:85] [T-Intergrate-intergrate] queue: compare output face:2
I1014 11:00:54.040779  4650 thread_intergrate.hpp:138] T-Intergrate-intergrate set matched face: 2
I1014 11:00:54.041245  4649 work_thread.hpp:81]  [T-Work-Recog_1] Run work: WorkRecog
W1014 11:00:54.041268  4649 work_recog.hpp:118] Face id: 1 has low quality : 0.0736074, no need to recog
I1014 11:00:54.041312  4648 work_thread.hpp:81]  [T-Work-Recog_0] Run work: WorkRecog
I1014 11:00:54.041400  4649 work_thread.hpp:81]  [T-Work-Recog_1] Run work: WorkCompare
I1014 11:00:54.041411  4648 work_recog.hpp:89] Face id: 2 will run recog: bbox [127 x 168 from (290, 180)] quality: 0.423635
I1014 11:00:54.041440  4648 work_recog.hpp:96] Recog pair: [184 x 216 from (264, 144)], [127 x 168 from (26, 36)]
I1014 11:00:54.041990  4650 thread_intergrate.hpp:158] T-Intergrate-intergrate Show face :2, size :640 * 360
I1014 11:00:54.042510  4646 demo_inner.hpp:435] thread [SORT-0]  frame id 59 sorting queue size 2   FPS: 29.8047
I1014 11:00:54.056380  4645 demo_inner.hpp:260]  gui queue size 2, state = running
I1014 11:00:54.060331  4648 work_thread.hpp:81]  [T-Work-Recog_0] Run work: WorkCompare
I1014 11:00:54.060451  4648 work_compare.cpp:76] Compare face: 2 successed, similarity :0.976095, name : images/thanglmb.jpg, normal size : 640 * 360!
I1014 11:00:54.063376  4644 demo_inner.hpp:177] decode queue size 0
I1014 11:00:54.063484  4647 work_thread.hpp:81]  [T-Work-Detect_0] Run work: WorkDetect
I1014 11:00:54.063516  4647 work_detect.cpp:102] Succeeded to add det start for frame 60
I1014 11:00:54.070314  4647 work_detect.cpp:70] Frame :60 detect result :2 face(s)
I1014 11:00:54.070360  4647 work_detect.cpp:86] Detected bbox: [126 x 174 from (285, 178)]
I1014 11:00:54.070392  4647 work_detect.cpp:86] Detected bbox: [22 x 37 from (1, 68)]
I1014 11:00:54.070500  4647 work_detect.cpp:120] Succeeded to add det end for frame 60
I1014 11:00:54.070518  4647 work_thread.hpp:81]  [T-Work-Detect_0] Run work: WrokTrack
I1014 11:00:54.070544  4647 work_track.cpp:82] Frame: 60 build input_characts: [0.196875 x 0.483333 from (0.445312, 0.494444)], 1.00019, 0
I1014 11:00:54.070596  4647 work_track.cpp:82] Frame: 60 build input_characts: [0.034375 x 0.102778 from (0.0015625, 0.188889)], 0.938558, 1
I1014 11:00:54.070634  4647 work_track.cpp:102] Succeeded to set track lock for frame 60
I1014 11:00:54.070678  4647 work_track.cpp:116] Succeeded to release track lock for frame 60
I1014 11:00:54.070693  4647 work_track.cpp:120] Track results of frame 60: 2 objects input, 2 objects tracked!
I1014 11:00:54.070710  4647 work_track.cpp:148] Frame: 60, track bbox: [22 x 37 from (0.821508, 67.6282)], gid: 1, lid: 1
I1014 11:00:54.070744  4647 work_track.cpp:148] Frame: 60, track bbox: [126 x 174 from (285.141, 174.57)], gid: 2, lid: 0
I1014 11:00:54.070776  4647 work_thread.hpp:88]  [T-Work-Detect_0] Frame :60 split
I1014 11:00:54.070793  4647 work_thread.hpp:120]  [T-Work-Detect_0] Valid piece: gid = 2
I1014 11:00:54.070811  4647 work_thread.hpp:120]  [T-Work-Detect_0] Valid piece: gid = 1
I1014 11:00:54.070827  4647 work_thread.hpp:92]  [T-Work-Detect_0] Push to split queue:recog
I1014 11:00:54.070853  4647 work_thread.hpp:92]  [T-Work-Detect_0] Push to split queue:recog
I1014 11:00:54.070869  4649 work_thread.hpp:81]  [T-Work-Recog_1] Run work: WorkCapture
I1014 11:00:54.070899  4650 thread_intergrate.hpp:78] [T-Intergrate-intergrate] queue: frame output frame :60
I1014 11:00:54.070905  4648 work_thread.hpp:81]  [T-Work-Recog_0] Run work: WorkCapture
I1014 11:00:54.070930  4650 thread_intergrate.hpp:85] [T-Intergrate-intergrate] queue: compare output face:2
I1014 11:00:54.070948  4650 thread_intergrate.hpp:138] T-Intergrate-intergrate set matched face: 2
I1014 11:00:54.071496  4649 work_thread.hpp:81]  [T-Work-Recog_1] Run work: WorkRecog
I1014 11:00:54.071519  4649 work_recog.hpp:89] Face id: 2 will run recog: bbox [126 x 174 from (285, 178)] quality: 0.405757
I1014 11:00:54.071521  4648 work_thread.hpp:81]  [T-Work-Recog_0] Run work: WorkRecog
I1014 11:00:54.071553  4649 work_recog.hpp:96] Recog pair: [184 x 216 from (256, 144)], [126 x 174 from (29, 34)]
W1014 11:00:54.071557  4648 work_recog.hpp:118] Face id: 1 has low quality : 0.0736317, no need to recog
I1014 11:00:54.071759  4648 work_thread.hpp:81]  [T-Work-Recog_0] Run work: WorkCompare
I1014 11:00:54.072142  4650 thread_intergrate.hpp:158] T-Intergrate-intergrate Show face :2, size :640 * 360
I1014 11:00:54.072711  4646 demo_inner.hpp:435] thread [SORT-0]  frame id 60 sorting queue size 0   FPS: 29.8583
I1014 11:00:54.089582  4649 work_thread.hpp:81]  [T-Work-Recog_1] Run work: WorkCompare
I1014 11:00:54.089692  4649 work_compare.cpp:76] Compare face: 2 successed, similarity :0.979393, name : images/thanglmb.jpg, normal size : 640 * 360!
I1014 11:00:54.098634  4644 demo_inner.hpp:177] decode queue size 0
I1014 11:00:54.098744  4647 work_thread.hpp:81]  [T-Work-Detect_0] Run work: WorkDetect
I1014 11:00:54.098779  4647 work_detect.cpp:102] Succeeded to add det start for frame 61
I1014 11:00:54.105654  4647 work_detect.cpp:70] Frame :61 detect result :2 face(s)
I1014 11:00:54.105702  4647 work_detect.cpp:86] Detected bbox: [127 x 167 from (290, 180)]
I1014 11:00:54.105736  4647 work_detect.cpp:86] Detected bbox: [22 x 37 from (1, 68)]
I1014 11:00:54.105767  4647 work_detect.cpp:120] Succeeded to add det end for frame 61
I1014 11:00:54.105782  4647 work_thread.hpp:81]  [T-Work-Detect_0] Run work: WrokTrack
I1014 11:00:54.105808  4647 work_track.cpp:82] Frame: 61 build input_characts: [0.198437 x 0.463889 from (0.453125, 0.5)], 1.00035, 0
I1014 11:00:54.105860  4647 work_track.cpp:82] Frame: 61 build input_characts: [0.034375 x 0.102778 from (0.0015625, 0.188889)], 0.962122, 1
I1014 11:00:54.105897  4647 work_track.cpp:102] Succeeded to set track lock for frame 61
I1014 11:00:54.105939  4647 work_track.cpp:116] Succeeded to release track lock for frame 61
I1014 11:00:54.106026  4647 work_track.cpp:120] Track results of frame 61: 2 objects input, 2 objects tracked!
I1014 11:00:54.106046  4647 work_track.cpp:148] Frame: 61, track bbox: [22 x 37 from (0.999964, 67.5916)], gid: 1, lid: 1
I1014 11:00:54.106081  4647 work_track.cpp:148] Frame: 61, track bbox: [127 x 167 from (285.95, 178.954)], gid: 2, lid: 0
I1014 11:00:54.106113  4647 work_thread.hpp:88]  [T-Work-Detect_0] Frame :61 split
I1014 11:00:54.106132  4647 work_thread.hpp:120]  [T-Work-Detect_0] Valid piece: gid = 2
I1014 11:00:54.106148  4647 work_thread.hpp:120]  [T-Work-Detect_0] Valid piece: gid = 1
I1014 11:00:54.106165  4647 work_thread.hpp:92]  [T-Work-Detect_0] Push to split queue:recog
I1014 11:00:54.106191  4647 work_thread.hpp:92]  [T-Work-Detect_0] Push to split queue:recog
I1014 11:00:54.106207  4649 work_thread.hpp:81]  [T-Work-Recog_1] Run work: WorkCapture
I1014 11:00:54.106231  4648 work_thread.hpp:81]  [T-Work-Recog_0] Run work: WorkCapture
I1014 11:00:54.106231  4650 thread_intergrate.hpp:78] [T-Intergrate-intergrate] queue: frame output frame :61
I1014 11:00:54.106269  4650 thread_intergrate.hpp:85] [T-Intergrate-intergrate] queue: compare output face:2
I1014 11:00:54.106288  4650 thread_intergrate.hpp:138] T-Intergrate-intergrate set matched face: 2
I1014 11:00:54.106796  4648 work_thread.hpp:81]  [T-Work-Recog_0] Run work: WorkRecog
I1014 11:00:54.106812  4649 work_thread.hpp:81]  [T-Work-Recog_1] Run work: WorkRecog
I1014 11:00:54.106834  4649 work_recog.hpp:89] Face id: 2 will run recog: bbox [127 x 167 from (290, 180)] quality: 0.46692
W1014 11:00:54.106827  4648 work_recog.hpp:118] Face id: 1 has low quality : 0.0456364, no need to recog
I1014 11:00:54.106864  4649 work_recog.hpp:96] Recog pair: [184 x 216 from (264, 144)], [127 x 167 from (26, 36)]
I1014 11:00:54.107144  4648 work_thread.hpp:81]  [T-Work-Recog_0] Run work: WorkCompare
I1014 11:00:54.107477  4650 thread_intergrate.hpp:158] T-Intergrate-intergrate Show face :2, size :640 * 360
I1014 11:00:54.108026  4646 demo_inner.hpp:435] thread [SORT-0]  frame id 61 sorting queue size 1   FPS: 29.8359
I1014 11:00:54.123049  4645 demo_inner.hpp:260]  gui queue size 1, state = running
I1014 11:00:54.126595  4649 work_thread.hpp:81]  [T-Work-Recog_1] Run work: WorkCompare
I1014 11:00:54.126715  4649 work_compare.cpp:76] Compare face: 2 successed, similarity :0.966859, name : images/thanglmb.jpg, normal size : 640 * 360!
I1014 11:00:54.134836  4644 demo_inner.hpp:177] decode queue size 0
I1014 11:00:54.135102  4647 work_thread.hpp:81]  [T-Work-Detect_0] Run work: WorkDetect
I1014 11:00:54.135159  4647 work_detect.cpp:102] Succeeded to add det start for frame 62
I1014 11:00:54.142609  4647 work_detect.cpp:70] Frame :62 detect result :1 face(s)
I1014 11:00:54.142669  4647 work_detect.cpp:86] Detected bbox: [124 x 172 from (285, 178)]
I1014 11:00:54.142712  4647 work_detect.cpp:120] Succeeded to add det end for frame 62
I1014 11:00:54.142729  4647 work_thread.hpp:81]  [T-Work-Detect_0] Run work: WrokTrack
I1014 11:00:54.142779  4647 work_track.cpp:82] Frame: 62 build input_characts: [0.19375 x 0.477778 from (0.445312, 0.494444)], 0.999622, 0
I1014 11:00:54.142835  4647 work_track.cpp:102] Succeeded to set track lock for frame 62
I1014 11:00:54.142884  4647 work_track.cpp:116] Succeeded to release track lock for frame 62
I1014 11:00:54.142900  4647 work_track.cpp:120] Track results of frame 62: 1 objects input, 2 objects tracked!
I1014 11:00:54.142918  4647 work_track.cpp:148] Frame: 62, track bbox: [22 x 37 from (0.899982, 67.3634)], gid: 1, lid: -1
I1014 11:00:54.142951  4647 work_track.cpp:148] Frame: 62, track bbox: [124 x 172 from (285.928, 177.854)], gid: 2, lid: 0
I1014 11:00:54.143075  4647 work_thread.hpp:88]  [T-Work-Detect_0] Frame :62 split
I1014 11:00:54.143096  4647 work_thread.hpp:120]  [T-Work-Detect_0] Valid piece: gid = 2
I1014 11:00:54.143123  4647 work_thread.hpp:92]  [T-Work-Detect_0] Push to split queue:recog
I1014 11:00:54.143165  4649 work_thread.hpp:81]  [T-Work-Recog_1] Run work: WorkCapture
I1014 11:00:54.143169  4650 thread_intergrate.hpp:78] [T-Intergrate-intergrate] queue: frame output frame :62
I1014 11:00:54.143272  4650 thread_intergrate.hpp:85] [T-Intergrate-intergrate] queue: compare output face:2
I1014 11:00:54.143291  4650 thread_intergrate.hpp:138] T-Intergrate-intergrate set matched face: 2
I1014 11:00:54.143806  4649 work_thread.hpp:81]  [T-Work-Recog_1] Run work: WorkRecog
I1014 11:00:54.143831  4649 work_recog.hpp:89] Face id: 2 will run recog: bbox [124 x 172 from (285, 178)] quality: 0.440152
I1014 11:00:54.143859  4649 work_recog.hpp:96] Recog pair: [184 x 216 from (256, 144)], [124 x 172 from (29, 34)]
I1014 11:00:54.144467  4650 thread_intergrate.hpp:158] T-Intergrate-intergrate Show face :2, size :640 * 360
I1014 11:00:54.144971  4646 demo_inner.hpp:435] thread [SORT-0]  frame id 62 sorting queue size 0   FPS: 29.9401
I1014 11:00:54.161260  4649 work_thread.hpp:81]  [T-Work-Recog_1] Run work: WorkCompare
I1014 11:00:54.161384  4649 work_compare.cpp:76] Compare face: 2 successed, similarity :0.980754, name : images/thanglmb.jpg, normal size : 640 * 360!
I1014 11:00:54.164599  4644 demo_inner.hpp:177] decode queue size 0
I1014 11:00:54.164678  4647 work_thread.hpp:81]  [T-Work-Detect_0] Run work: WorkDetect
I1014 11:00:54.164712  4647 work_detect.cpp:102] Succeeded to add det start for frame 63
I1014 11:00:54.171432  4647 work_detect.cpp:70] Frame :63 detect result :1 face(s)
I1014 11:00:54.171471  4647 work_detect.cpp:86] Detected bbox: [118 x 162 from (291, 183)]
I1014 11:00:54.171514  4647 work_detect.cpp:120] Succeeded to add det end for frame 63
I1014 11:00:54.171530  4647 work_thread.hpp:81]  [T-Work-Detect_0] Run work: WrokTrack
I1014 11:00:54.171555  4647 work_track.cpp:82] Frame: 63 build input_characts: [0.184375 x 0.45 from (0.454688, 0.508333)], 0.999622, 0
I1014 11:00:54.171612  4647 work_track.cpp:102] Succeeded to set track lock for frame 63
I1014 11:00:54.171651  4647 work_track.cpp:116] Succeeded to release track lock for frame 63
I1014 11:00:54.171666  4647 work_track.cpp:120] Track results of frame 63: 1 objects input, 1 objects tracked!
I1014 11:00:54.171684  4647 work_track.cpp:148] Frame: 63, track bbox: [118 x 162 from (290.042, 184.492)], gid: 2, lid: 0
I1014 11:00:54.171721  4647 work_thread.hpp:88]  [T-Work-Detect_0] Frame :63 split
I1014 11:00:54.171739  4647 work_thread.hpp:120]  [T-Work-Detect_0] Valid piece: gid = 2
I1014 11:00:54.171757  4647 work_thread.hpp:92]  [T-Work-Detect_0] Push to split queue:recog
I1014 11:00:54.171805  4648 work_thread.hpp:81]  [T-Work-Recog_0] Run work: WorkCapture
I1014 11:00:54.171805  4650 thread_intergrate.hpp:78] [T-Intergrate-intergrate] queue: frame output frame :63
I1014 11:00:54.171845  4650 thread_intergrate.hpp:85] [T-Intergrate-intergrate] queue: compare output face:2
I1014 11:00:54.171864  4650 thread_intergrate.hpp:138] T-Intergrate-intergrate set matched face: 2
I1014 11:00:54.172430  4648 work_thread.hpp:81]  [T-Work-Recog_0] Run work: WorkRecog
I1014 11:00:54.172456  4648 work_recog.hpp:89] Face id: 2 will run recog: bbox [118 x 162 from (291, 183)] quality: 0.465942
I1014 11:00:54.172484  4648 work_recog.hpp:96] Recog pair: [168 x 216 from (264, 144)], [118 x 162 from (27, 39)]
I1014 11:00:54.173043  4650 thread_intergrate.hpp:158] T-Intergrate-intergrate Show face :2, size :640 * 360
I1014 11:00:54.173589  4646 demo_inner.hpp:435] thread [SORT-0]  frame id 63 sorting queue size 1   FPS: 29.9103
I1014 11:00:54.190248  4648 work_thread.hpp:81]  [T-Work-Recog_0] Run work: WorkCompare
I1014 11:00:54.190376  4648 work_compare.cpp:76] Compare face: 2 successed, similarity :0.969341, name : images/thanglmb.jpg, normal size : 640 * 360!
I1014 11:00:54.200832  4644 demo_inner.hpp:177] decode queue size 0
I1014 11:00:54.201095  4647 work_thread.hpp:81]  [T-Work-Detect_0] Run work: WorkDetect
I1014 11:00:54.201131  4647 work_detect.cpp:102] Succeeded to add det start for frame 64
I1014 11:00:54.208506  4647 work_detect.cpp:70] Frame :64 detect result :1 face(s)
I1014 11:00:54.208555  4647 work_detect.cpp:86] Detected bbox: [124 x 169 from (288, 178)]
I1014 11:00:54.208679  4647 work_detect.cpp:120] Succeeded to add det end for frame 64
I1014 11:00:54.208704  4647 work_thread.hpp:81]  [T-Work-Detect_0] Run work: WrokTrack
I1014 11:00:54.208746  4647 work_track.cpp:82] Frame: 64 build input_characts: [0.19375 x 0.469444 from (0.45, 0.494444)], 1.00019, 0
I1014 11:00:54.208802  4647 work_track.cpp:102] Succeeded to set track lock for frame 64
I1014 11:00:54.208854  4647 work_track.cpp:116] Succeeded to release track lock for frame 64
I1014 11:00:54.208869  4647 work_track.cpp:120] Track results of frame 64: 1 objects input, 1 objects tracked!
I1014 11:00:54.208886  4647 work_track.cpp:148] Frame: 64, track bbox: [124 x 169 from (287.056, 178.624)], gid: 2, lid: 0
I1014 11:00:54.208923  4647 work_thread.hpp:88]  [T-Work-Detect_0] Frame :64 split
I1014 11:00:54.208950  4647 work_thread.hpp:120]  [T-Work-Detect_0] Valid piece: gid = 2
I1014 11:00:54.208984  4647 work_thread.hpp:92]  [T-Work-Detect_0] Push to split queue:recog
I1014 11:00:54.209038  4648 work_thread.hpp:81]  [T-Work-Recog_0] Run work: WorkCapture
I1014 11:00:54.209372  4650 thread_intergrate.hpp:78] [T-Intergrate-intergrate] queue: frame output frame :64
I1014 11:00:54.209398  4650 thread_intergrate.hpp:85] [T-Intergrate-intergrate] queue: compare output face:2
I1014 11:00:54.209415  4650 thread_intergrate.hpp:138] T-Intergrate-intergrate set matched face: 2
I1014 11:00:54.209686  4648 work_thread.hpp:81]  [T-Work-Recog_0] Run work: WorkRecog
I1014 11:00:54.209730  4648 work_recog.hpp:89] Face id: 2 will run recog: bbox [124 x 169 from (288, 178)] quality: 0.475482
I1014 11:00:54.209760  4648 work_recog.hpp:96] Recog pair: [176 x 216 from (264, 144)], [124 x 169 from (24, 34)]
I1014 11:00:54.210600  4650 thread_intergrate.hpp:158] T-Intergrate-intergrate Show face :2, size :640 * 360
I1014 11:00:54.211156  4646 demo_inner.hpp:435] thread [SORT-0]  frame id 64 sorting queue size 2   FPS: 29.8954
I1014 11:00:54.217298  4645 demo_inner.hpp:260]  gui queue size 2, state = running
I1014 11:00:54.227787  4648 work_thread.hpp:81]  [T-Work-Recog_0] Run work: WorkCompare
I1014 11:00:54.227917  4648 work_compare.cpp:76] Compare face: 2 successed, similarity :0.973464, name : images/thanglmb.jpg, normal size : 640 * 360!
I1014 11:00:54.231758  4644 demo_inner.hpp:177] decode queue size 0
I1014 11:00:54.231845  4647 work_thread.hpp:81]  [T-Work-Detect_0] Run work: WorkDetect
I1014 11:00:54.231882  4647 work_detect.cpp:102] Succeeded to add det start for frame 65
I1014 11:00:54.238517  4647 work_detect.cpp:70] Frame :65 detect result :1 face(s)
I1014 11:00:54.238564  4647 work_detect.cpp:86] Detected bbox: [123 x 174 from (286, 177)]
I1014 11:00:54.238605  4647 work_detect.cpp:120] Succeeded to add det end for frame 65
I1014 11:00:54.238622  4647 work_thread.hpp:81]  [T-Work-Detect_0] Run work: WrokTrack
I1014 11:00:54.238647  4647 work_track.cpp:82] Frame: 65 build input_characts: [0.192188 x 0.483333 from (0.446875, 0.491667)], 1.00019, 0
I1014 11:00:54.238703  4647 work_track.cpp:102] Succeeded to set track lock for frame 65
I1014 11:00:54.238742  4647 work_track.cpp:116] Succeeded to release track lock for frame 65
I1014 11:00:54.238757  4647 work_track.cpp:120] Track results of frame 65: 1 objects input, 1 objects tracked!
I1014 11:00:54.238775  4647 work_track.cpp:148] Frame: 65, track bbox: [123 x 174 from (287.128, 176.265)], gid: 2, lid: 0
I1014 11:00:54.238811  4647 work_thread.hpp:88]  [T-Work-Detect_0] Frame :65 split
I1014 11:00:54.238829  4647 work_thread.hpp:120]  [T-Work-Detect_0] Valid piece: gid = 2
I1014 11:00:54.238847  4647 work_thread.hpp:92]  [T-Work-Detect_0] Push to split queue:recog
I1014 11:00:54.238889  4649 work_thread.hpp:81]  [T-Work-Recog_1] Run work: WorkCapture
I1014 11:00:54.238891  4650 thread_intergrate.hpp:78] [T-Intergrate-intergrate] queue: frame output frame :65
I1014 11:00:54.238930  4650 thread_intergrate.hpp:85] [T-Intergrate-intergrate] queue: compare output face:2
I1014 11:00:54.238948  4650 thread_intergrate.hpp:138] T-Intergrate-intergrate set matched face: 2
I1014 11:00:54.239455  4649 work_thread.hpp:81]  [T-Work-Recog_1] Run work: WorkRecog
I1014 11:00:54.239480  4649 work_recog.hpp:89] Face id: 2 will run recog: bbox [123 x 174 from (286, 177)] quality: 0.467684
I1014 11:00:54.239509  4649 work_recog.hpp:96] Recog pair: [184 x 224 from (256, 136)], [123 x 174 from (30, 41)]
I1014 11:00:54.240207  4650 thread_intergrate.hpp:158] T-Intergrate-intergrate Show face :2, size :640 * 360
I1014 11:00:54.240757  4646 demo_inner.hpp:435] thread [SORT-0]  frame id 65 sorting queue size 0   FPS: 29.8954
I1014 11:00:54.256981  4649 work_thread.hpp:81]  [T-Work-Recog_1] Run work: WorkCompare
I1014 11:00:54.257087  4649 work_compare.cpp:76] Compare face: 2 successed, similarity :0.962881, name : images/thanglmb.jpg, normal size : 640 * 360!
I1014 11:00:54.262184  4645 demo_inner.hpp:260]  gui queue size 0, state = running
I1014 11:00:54.266607  4644 demo_inner.hpp:177] decode queue size 0
I1014 11:00:54.266731  4647 work_thread.hpp:81]  [T-Work-Detect_0] Run work: WorkDetect
I1014 11:00:54.266764  4647 work_detect.cpp:102] Succeeded to add det start for frame 66
I1014 11:00:54.273645  4647 work_detect.cpp:70] Frame :66 detect result :1 face(s)
I1014 11:00:54.273690  4647 work_detect.cpp:86] Detected bbox: [125 x 176 from (285, 175)]
I1014 11:00:54.273733  4647 work_detect.cpp:120] Succeeded to add det end for frame 66
I1014 11:00:54.273749  4647 work_thread.hpp:81]  [T-Work-Detect_0] Run work: WrokTrack
I1014 11:00:54.273774  4647 work_track.cpp:82] Frame: 66 build input_characts: [0.195312 x 0.488889 from (0.445312, 0.486111)], 1.00019, 0
I1014 11:00:54.273830  4647 work_track.cpp:102] Succeeded to set track lock for frame 66
I1014 11:00:54.273869  4647 work_track.cpp:116] Succeeded to release track lock for frame 66
I1014 11:00:54.273883  4647 work_track.cpp:120] Track results of frame 66: 1 objects input, 1 objects tracked!
I1014 11:00:54.273900  4647 work_track.cpp:148] Frame: 66, track bbox: [125 x 176 from (284.723, 175.215)], gid: 2, lid: 0
I1014 11:00:54.273936  4647 work_thread.hpp:88]  [T-Work-Detect_0] Frame :66 split
I1014 11:00:54.273954  4647 work_thread.hpp:120]  [T-Work-Detect_0] Valid piece: gid = 2
I1014 11:00:54.273972  4647 work_thread.hpp:92]  [T-Work-Detect_0] Push to split queue:recog
I1014 11:00:54.274016  4650 thread_intergrate.hpp:78] [T-Intergrate-intergrate] queue: frame output frame :66
I1014 11:00:54.274017  4649 work_thread.hpp:81]  [T-Work-Recog_1] Run work: WorkCapture
I1014 11:00:54.274045  4650 thread_intergrate.hpp:85] [T-Intergrate-intergrate] queue: compare output face:2
I1014 11:00:54.274065  4650 thread_intergrate.hpp:138] T-Intergrate-intergrate set matched face: 2
I1014 11:00:54.274590  4649 work_thread.hpp:81]  [T-Work-Recog_1] Run work: WorkRecog
I1014 11:00:54.274614  4649 work_recog.hpp:89] Face id: 2 will run recog: bbox [125 x 176 from (285, 175)] quality: 0.439696
I1014 11:00:54.274643  4649 work_recog.hpp:96] Recog pair: [184 x 224 from (256, 136)], [125 x 176 from (29, 39)]
I1014 11:00:54.275219  4650 thread_intergrate.hpp:158] T-Intergrate-intergrate Show face :2, size :640 * 360
I1014 11:00:54.275758  4646 demo_inner.hpp:435] thread [SORT-0]  frame id 66 sorting queue size 0   FPS: 29.9103
I1014 11:00:54.291999  4649 work_thread.hpp:81]  [T-Work-Recog_1] Run work: WorkCompare
I1014 11:00:54.292112  4649 work_compare.cpp:76] Compare face: 2 successed, similarity :0.977009, name : images/thanglmb.jpg, normal size : 640 * 360!
I1014 11:00:54.296666  4644 demo_inner.hpp:177] decode queue size 0
I1014 11:00:54.296761  4647 work_thread.hpp:81]  [T-Work-Detect_0] Run work: WorkDetect
I1014 11:00:54.296795  4647 work_detect.cpp:102] Succeeded to add det start for frame 67
I1014 11:00:54.303625  4647 work_detect.cpp:70] Frame :67 detect result :1 face(s)
I1014 11:00:54.303670  4647 work_detect.cpp:86] Detected bbox: [135 x 180 from (278, 167)]
I1014 11:00:54.303714  4647 work_detect.cpp:120] Succeeded to add det end for frame 67
I1014 11:00:54.303731  4647 work_thread.hpp:81]  [T-Work-Detect_0] Run work: WrokTrack
I1014 11:00:54.303831  4647 work_track.cpp:82] Frame: 67 build input_characts: [0.210938 x 0.5 from (0.434375, 0.463889)], 0.999622, 0
I1014 11:00:54.303889  4647 work_track.cpp:102] Succeeded to set track lock for frame 67
I1014 11:00:54.303928  4647 work_track.cpp:116] Succeeded to release track lock for frame 67
I1014 11:00:54.303942  4647 work_track.cpp:120] Track results of frame 67: 1 objects input, 1 objects tracked!
I1014 11:00:54.303959  4647 work_track.cpp:148] Frame: 67, track bbox: [135 x 180 from (279.178, 169.814)], gid: 2, lid: 0
I1014 11:00:54.303995  4647 work_thread.hpp:88]  [T-Work-Detect_0] Frame :67 split
I1014 11:00:54.304013  4647 work_thread.hpp:120]  [T-Work-Detect_0] Valid piece: gid = 2
I1014 11:00:54.304030  4647 work_thread.hpp:92]  [T-Work-Detect_0] Push to split queue:recog
I1014 11:00:54.304073  4650 thread_intergrate.hpp:78] [T-Intergrate-intergrate] queue: frame output frame :67
I1014 11:00:54.304090  4648 work_thread.hpp:81]  [T-Work-Recog_0] Run work: WorkCapture
I1014 11:00:54.304100  4650 thread_intergrate.hpp:85] [T-Intergrate-intergrate] queue: compare output face:2
I1014 11:00:54.304118  4650 thread_intergrate.hpp:138] T-Intergrate-intergrate set matched face: 2
I1014 11:00:54.304704  4648 work_thread.hpp:81]  [T-Work-Recog_0] Run work: WorkRecog
I1014 11:00:54.304729  4648 work_recog.hpp:89] Face id: 2 will run recog: bbox [135 x 180 from (278, 167)] quality: 0.479167
I1014 11:00:54.304759  4648 work_recog.hpp:96] Recog pair: [192 x 232 from (248, 128)], [135 x 180 from (30, 39)]
I1014 11:00:54.305291  4650 thread_intergrate.hpp:158] T-Intergrate-intergrate Show face :2, size :640 * 360
I1014 11:00:54.305809  4646 demo_inner.hpp:435] thread [SORT-0]  frame id 67 sorting queue size 1   FPS: 29.97
I1014 11:00:54.323035  4648 work_thread.hpp:81]  [T-Work-Recog_0] Run work: WorkCompare
I1014 11:00:54.323156  4648 work_compare.cpp:76] Compare face: 2 successed, similarity :0.991113, name : images/thanglmb.jpg, normal size : 640 * 360!
I1014 11:00:54.333060  4644 demo_inner.hpp:177] decode queue size 0
I1014 11:00:54.333168  4647 work_thread.hpp:81]  [T-Work-Detect_0] Run work: WorkDetect
