Log file created at: 2019/10/14 12:15:20
Running on machine: zcu104
Log line format: [IWEF]mmdd hh:mm:ss.uuuuuu threadid file:line] msg
I1014 12:15:20.449430  5855 feature_lib.cpp:112] Feature lib read name: images/thanglmb.jpg
I1014 12:15:20.450333  5855 feature_lib.cpp:134] Read lib face : images/thanglmb.jpg
I1014 12:15:20.450392  5855 feature_lib.cpp:150] Loading normal image: images/thanglmb.jpg...
I1014 12:15:20.458297  5855 feature_lib.cpp:158] Load normal image: images/thanglmb.jpg done size: 640 * 360
I1014 12:15:20.827355  5855 demo_inner.hpp:126] thread [DedodeThread-0] is starting
I1014 12:15:20.827515  5855 demo_inner.hpp:126] thread [GUIThread] is starting
I1014 12:15:20.827620  5857 demo_inner.hpp:101] thread [DedodeThread-0] is started
I1014 12:15:20.827649  5855 demo_inner.hpp:126] thread [SORT-0] is starting
I1014 12:15:20.827706  5858 demo_inner.hpp:101] thread [GUIThread] is started
I1014 12:15:20.827720  5855 demo_inner.hpp:126] thread [T-Work-Detect_0] is starting
I1014 12:15:20.827780  5859 demo_inner.hpp:101] thread [SORT-0] is started
I1014 12:15:20.827783  5855 demo_inner.hpp:126] thread [T-Work-Recog_0] is starting
I1014 12:15:20.827806  5860 demo_inner.hpp:101] thread [T-Work-Detect_0] is started
I1014 12:15:20.827839  5855 demo_inner.hpp:126] thread [T-Work-Recog_1] is starting
I1014 12:15:20.827888  5861 demo_inner.hpp:101] thread [T-Work-Recog_0] is started
I1014 12:15:20.827909  5855 demo_inner.hpp:126] thread [T-Intergrate-intergrate] is starting
I1014 12:15:20.827931  5862 demo_inner.hpp:101] thread [T-Work-Recog_1] is started
I1014 12:15:20.827972  5855 demo_inner.hpp:137] waiting for [GUIThread] ended
I1014 12:15:20.827998  5863 demo_inner.hpp:101] thread [T-Intergrate-intergrate] is started
I1014 12:15:21.531744  5857 demo_inner.hpp:177] decode queue size 0
I1014 12:15:21.531908  5860 work_thread.hpp:81]  [T-Work-Detect_0] Run work: WorkDetect
I1014 12:15:21.531972  5860 work_detect.cpp:102] Succeeded to add det start for frame 1
I1014 12:15:21.538985  5860 work_detect.cpp:70] Frame :1 detect result :1 face(s)
W1014 12:15:21.539031  5860 work_detect.cpp:83] Invalid bbox: [139 x 158 from (277, 225)]
I1014 12:15:21.539340  5860 work_detect.cpp:120] Succeeded to add det end for frame 1
I1014 12:15:21.539358  5860 work_thread.hpp:81]  [T-Work-Detect_0] Run work: WrokTrack
I1014 12:15:21.539388  5860 work_track.cpp:102] Succeeded to set track lock for frame 1
I1014 12:15:21.539439  5860 work_track.cpp:116] Succeeded to release track lock for frame 1
I1014 12:15:21.539453  5860 work_track.cpp:120] Track results of frame 1: 0 objects input, 0 objects tracked!
I1014 12:15:21.539472  5860 work_thread.hpp:88]  [T-Work-Detect_0] Frame :1 split
I1014 12:15:21.539518  5863 thread_intergrate.hpp:78] [T-Intergrate-intergrate] queue: frame output frame :1
I1014 12:15:21.540778  5859 demo_inner.hpp:435] thread [SORT-0]  frame id 1 sorting queue size 0   FPS: -1
I1014 12:15:21.540886  5858 demo_inner.hpp:260]  gui queue size 0, state = running
I1014 12:15:21.573324  5857 demo_inner.hpp:177] decode queue size 0
I1014 12:15:21.573431  5860 work_thread.hpp:81]  [T-Work-Detect_0] Run work: WorkDetect
I1014 12:15:21.573470  5860 work_detect.cpp:102] Succeeded to add det start for frame 2
I1014 12:15:21.580269  5860 work_detect.cpp:70] Frame :2 detect result :1 face(s)
W1014 12:15:21.580309  5860 work_detect.cpp:83] Invalid bbox: [133 x 147 from (273, 233)]
I1014 12:15:21.580384  5860 work_detect.cpp:120] Succeeded to add det end for frame 2
I1014 12:15:21.580401  5860 work_thread.hpp:81]  [T-Work-Detect_0] Run work: WrokTrack
I1014 12:15:21.580430  5860 work_track.cpp:102] Succeeded to set track lock for frame 2
I1014 12:15:21.580457  5860 work_track.cpp:116] Succeeded to release track lock for frame 2
I1014 12:15:21.580471  5860 work_track.cpp:120] Track results of frame 2: 0 objects input, 0 objects tracked!
I1014 12:15:21.580489  5860 work_thread.hpp:88]  [T-Work-Detect_0] Frame :2 split
I1014 12:15:21.580545  5863 thread_intergrate.hpp:78] [T-Intergrate-intergrate] queue: frame output frame :2
I1014 12:15:21.582175  5859 demo_inner.hpp:435] thread [SORT-0]  frame id 2 sorting queue size 0   FPS: 25
I1014 12:15:21.587182  5858 demo_inner.hpp:260]  gui queue size 0, state = running
I1014 12:15:21.603389  5857 demo_inner.hpp:177] decode queue size 0
I1014 12:15:21.603590  5860 work_thread.hpp:81]  [T-Work-Detect_0] Run work: WorkDetect
I1014 12:15:21.603657  5860 work_detect.cpp:102] Succeeded to add det start for frame 3
I1014 12:15:21.610365  5860 work_detect.cpp:70] Frame :3 detect result :1 face(s)
W1014 12:15:21.610399  5860 work_detect.cpp:83] Invalid bbox: [134 x 145 from (271, 237)]
I1014 12:15:21.610464  5860 work_detect.cpp:120] Succeeded to add det end for frame 3
I1014 12:15:21.610481  5860 work_thread.hpp:81]  [T-Work-Detect_0] Run work: WrokTrack
I1014 12:15:21.610507  5860 work_track.cpp:102] Succeeded to set track lock for frame 3
I1014 12:15:21.610534  5860 work_track.cpp:116] Succeeded to release track lock for frame 3
I1014 12:15:21.610548  5860 work_track.cpp:120] Track results of frame 3: 0 objects input, 0 objects tracked!
I1014 12:15:21.610566  5860 work_thread.hpp:88]  [T-Work-Detect_0] Frame :3 split
I1014 12:15:21.610610  5863 thread_intergrate.hpp:78] [T-Intergrate-intergrate] queue: frame output frame :3
I1014 12:15:21.612139  5859 demo_inner.hpp:435] thread [SORT-0]  frame id 3 sorting queue size 0   FPS: 28.5714
I1014 12:15:21.612216  5858 demo_inner.hpp:260]  gui queue size 0, state = running
I1014 12:15:21.639353  5857 demo_inner.hpp:177] decode queue size 0
I1014 12:15:21.639493  5860 work_thread.hpp:81]  [T-Work-Detect_0] Run work: WorkDetect
I1014 12:15:21.639530  5860 work_detect.cpp:102] Succeeded to add det start for frame 4
I1014 12:15:21.646162  5860 work_detect.cpp:70] Frame :4 detect result :1 face(s)
W1014 12:15:21.646188  5860 work_detect.cpp:83] Invalid bbox: [131 x 145 from (275, 235)]
I1014 12:15:21.646263  5860 work_detect.cpp:120] Succeeded to add det end for frame 4
I1014 12:15:21.646281  5860 work_thread.hpp:81]  [T-Work-Detect_0] Run work: WrokTrack
I1014 12:15:21.646304  5860 work_track.cpp:102] Succeeded to set track lock for frame 4
I1014 12:15:21.646332  5860 work_track.cpp:116] Succeeded to release track lock for frame 4
I1014 12:15:21.646345  5860 work_track.cpp:120] Track results of frame 4: 0 objects input, 0 objects tracked!
I1014 12:15:21.646363  5860 work_thread.hpp:88]  [T-Work-Detect_0] Frame :4 split
I1014 12:15:21.646404  5863 thread_intergrate.hpp:78] [T-Intergrate-intergrate] queue: frame output frame :4
I1014 12:15:21.648007  5859 demo_inner.hpp:435] thread [SORT-0]  frame id 4 sorting queue size 0   FPS: 28.3019
I1014 12:15:21.648072  5858 demo_inner.hpp:260]  gui queue size 0, state = running
I1014 12:15:21.669428  5857 demo_inner.hpp:177] decode queue size 0
I1014 12:15:21.669548  5860 work_thread.hpp:81]  [T-Work-Detect_0] Run work: WorkDetect
I1014 12:15:21.669586  5860 work_detect.cpp:102] Succeeded to add det start for frame 5
I1014 12:15:21.676219  5860 work_detect.cpp:70] Frame :5 detect result :1 face(s)
W1014 12:15:21.676250  5860 work_detect.cpp:83] Invalid bbox: [137 x 153 from (271, 235)]
I1014 12:15:21.676323  5860 work_detect.cpp:120] Succeeded to add det end for frame 5
I1014 12:15:21.676340  5860 work_thread.hpp:81]  [T-Work-Detect_0] Run work: WrokTrack
I1014 12:15:21.676365  5860 work_track.cpp:102] Succeeded to set track lock for frame 5
I1014 12:15:21.676391  5860 work_track.cpp:116] Succeeded to release track lock for frame 5
I1014 12:15:21.676405  5860 work_track.cpp:120] Track results of frame 5: 0 objects input, 0 objects tracked!
I1014 12:15:21.676424  5860 work_thread.hpp:88]  [T-Work-Detect_0] Frame :5 split
I1014 12:15:21.676466  5863 thread_intergrate.hpp:78] [T-Intergrate-intergrate] queue: frame output frame :5
I1014 12:15:21.677882  5859 demo_inner.hpp:435] thread [SORT-0]  frame id 5 sorting queue size 0   FPS: 29.4118
I1014 12:15:21.677944  5858 demo_inner.hpp:260]  gui queue size 0, state = running
I1014 12:15:21.705319  5857 demo_inner.hpp:177] decode queue size 0
I1014 12:15:21.705435  5860 work_thread.hpp:81]  [T-Work-Detect_0] Run work: WorkDetect
I1014 12:15:21.705472  5860 work_detect.cpp:102] Succeeded to add det start for frame 6
I1014 12:15:21.712136  5860 work_detect.cpp:70] Frame :6 detect result :1 face(s)
W1014 12:15:21.712177  5860 work_detect.cpp:83] Invalid bbox: [134 x 153 from (272, 236)]
I1014 12:15:21.712294  5860 work_detect.cpp:120] Succeeded to add det end for frame 6
I1014 12:15:21.712312  5860 work_thread.hpp:81]  [T-Work-Detect_0] Run work: WrokTrack
I1014 12:15:21.712337  5860 work_track.cpp:102] Succeeded to set track lock for frame 6
I1014 12:15:21.712364  5860 work_track.cpp:116] Succeeded to release track lock for frame 6
I1014 12:15:21.712378  5860 work_track.cpp:120] Track results of frame 6: 0 objects input, 0 objects tracked!
I1014 12:15:21.712396  5860 work_thread.hpp:88]  [T-Work-Detect_0] Frame :6 split
I1014 12:15:21.712438  5863 thread_intergrate.hpp:78] [T-Intergrate-intergrate] queue: frame output frame :6
I1014 12:15:21.714025  5859 demo_inner.hpp:435] thread [SORT-0]  frame id 6 sorting queue size 0   FPS: 29.0698
I1014 12:15:21.714085  5858 demo_inner.hpp:260]  gui queue size 0, state = running
I1014 12:15:21.735821  5857 demo_inner.hpp:177] decode queue size 0
I1014 12:15:21.735949  5860 work_thread.hpp:81]  [T-Work-Detect_0] Run work: WorkDetect
I1014 12:15:21.736016  5860 work_detect.cpp:102] Succeeded to add det start for frame 7
I1014 12:15:21.743434  5860 work_detect.cpp:70] Frame :7 detect result :1 face(s)
W1014 12:15:21.743494  5860 work_detect.cpp:83] Invalid bbox: [130 x 144 from (274, 240)]
I1014 12:15:21.743571  5860 work_detect.cpp:120] Succeeded to add det end for frame 7
I1014 12:15:21.743587  5860 work_thread.hpp:81]  [T-Work-Detect_0] Run work: WrokTrack
I1014 12:15:21.743623  5860 work_track.cpp:102] Succeeded to set track lock for frame 7
I1014 12:15:21.743651  5860 work_track.cpp:116] Succeeded to release track lock for frame 7
I1014 12:15:21.743665  5860 work_track.cpp:120] Track results of frame 7: 0 objects input, 0 objects tracked!
I1014 12:15:21.743683  5860 work_thread.hpp:88]  [T-Work-Detect_0] Frame :7 split
I1014 12:15:21.743752  5863 thread_intergrate.hpp:78] [T-Intergrate-intergrate] queue: frame output frame :7
I1014 12:15:21.745201  5859 demo_inner.hpp:435] thread [SORT-0]  frame id 7 sorting queue size 0   FPS: 29.4118
I1014 12:15:21.745270  5858 demo_inner.hpp:260]  gui queue size 0, state = running
I1014 12:15:21.771818  5857 demo_inner.hpp:177] decode queue size 0
I1014 12:15:21.771966  5860 work_thread.hpp:81]  [T-Work-Detect_0] Run work: WorkDetect
I1014 12:15:21.772033  5860 work_detect.cpp:102] Succeeded to add det start for frame 8
I1014 12:15:21.779610  5860 work_detect.cpp:70] Frame :8 detect result :1 face(s)
W1014 12:15:21.779676  5860 work_detect.cpp:83] Invalid bbox: [131 x 149 from (273, 238)]
I1014 12:15:21.779750  5860 work_detect.cpp:120] Succeeded to add det end for frame 8
I1014 12:15:21.779767  5860 work_thread.hpp:81]  [T-Work-Detect_0] Run work: WrokTrack
I1014 12:15:21.779801  5860 work_track.cpp:102] Succeeded to set track lock for frame 8
I1014 12:15:21.779829  5860 work_track.cpp:116] Succeeded to release track lock for frame 8
I1014 12:15:21.779842  5860 work_track.cpp:120] Track results of frame 8: 0 objects input, 0 objects tracked!
I1014 12:15:21.779861  5860 work_thread.hpp:88]  [T-Work-Detect_0] Frame :8 split
I1014 12:15:21.779925  5863 thread_intergrate.hpp:78] [T-Intergrate-intergrate] queue: frame output frame :8
I1014 12:15:21.781539  5859 demo_inner.hpp:435] thread [SORT-0]  frame id 8 sorting queue size 0   FPS: 29.1667
I1014 12:15:21.781608  5858 demo_inner.hpp:260]  gui queue size 0, state = running
I1014 12:15:21.807766  5857 demo_inner.hpp:177] decode queue size 0
I1014 12:15:21.807901  5860 work_thread.hpp:81]  [T-Work-Detect_0] Run work: WorkDetect
I1014 12:15:21.808055  5860 work_detect.cpp:102] Succeeded to add det start for frame 9
I1014 12:15:21.815598  5860 work_detect.cpp:70] Frame :9 detect result :1 face(s)
W1014 12:15:21.815639  5860 work_detect.cpp:83] Invalid bbox: [132 x 144 from (271, 238)]
I1014 12:15:21.815734  5860 work_detect.cpp:120] Succeeded to add det end for frame 9
I1014 12:15:21.815752  5860 work_thread.hpp:81]  [T-Work-Detect_0] Run work: WrokTrack
I1014 12:15:21.815778  5860 work_track.cpp:102] Succeeded to set track lock for frame 9
I1014 12:15:21.815863  5860 work_track.cpp:116] Succeeded to release track lock for frame 9
I1014 12:15:21.815879  5860 work_track.cpp:120] Track results of frame 9: 0 objects input, 0 objects tracked!
I1014 12:15:21.815898  5860 work_thread.hpp:88]  [T-Work-Detect_0] Frame :9 split
I1014 12:15:21.815941  5863 thread_intergrate.hpp:78] [T-Intergrate-intergrate] queue: frame output frame :9
I1014 12:15:21.817572  5859 demo_inner.hpp:435] thread [SORT-0]  frame id 9 sorting queue size 0   FPS: 28.9855
I1014 12:15:21.817634  5858 demo_inner.hpp:260]  gui queue size 0, state = running
I1014 12:15:21.837707  5857 demo_inner.hpp:177] decode queue size 0
I1014 12:15:21.837815  5860 work_thread.hpp:81]  [T-Work-Detect_0] Run work: WorkDetect
I1014 12:15:21.837860  5860 work_detect.cpp:102] Succeeded to add det start for frame 10
I1014 12:15:21.845181  5860 work_detect.cpp:70] Frame :10 detect result :1 face(s)
W1014 12:15:21.845221  5860 work_detect.cpp:83] Invalid bbox: [132 x 139 from (271, 240)]
I1014 12:15:21.845366  5860 work_detect.cpp:120] Succeeded to add det end for frame 10
I1014 12:15:21.845383  5860 work_thread.hpp:81]  [T-Work-Detect_0] Run work: WrokTrack
I1014 12:15:21.845410  5860 work_track.cpp:102] Succeeded to set track lock for frame 10
I1014 12:15:21.845438  5860 work_track.cpp:116] Succeeded to release track lock for frame 10
I1014 12:15:21.845453  5860 work_track.cpp:120] Track results of frame 10: 0 objects input, 0 objects tracked!
I1014 12:15:21.845470  5860 work_thread.hpp:88]  [T-Work-Detect_0] Frame :10 split
I1014 12:15:21.845518  5863 thread_intergrate.hpp:78] [T-Intergrate-intergrate] queue: frame output frame :10
I1014 12:15:21.847199  5859 demo_inner.hpp:435] thread [SORT-0]  frame id 10 sorting queue size 0   FPS: 29.4118
I1014 12:15:21.847267  5858 demo_inner.hpp:260]  gui queue size 0, state = running
I1014 12:15:21.873972  5857 demo_inner.hpp:177] decode queue size 0
I1014 12:15:21.874192  5860 work_thread.hpp:81]  [T-Work-Detect_0] Run work: WorkDetect
I1014 12:15:21.874236  5860 work_detect.cpp:102] Succeeded to add det start for frame 11
I1014 12:15:21.883400  5860 work_detect.cpp:70] Frame :11 detect result :1 face(s)
W1014 12:15:21.883491  5860 work_detect.cpp:83] Invalid bbox: [132 x 144 from (272, 237)]
I1014 12:15:21.883644  5860 work_detect.cpp:120] Succeeded to add det end for frame 11
I1014 12:15:21.883664  5860 work_thread.hpp:81]  [T-Work-Detect_0] Run work: WrokTrack
I1014 12:15:21.883697  5860 work_track.cpp:102] Succeeded to set track lock for frame 11
I1014 12:15:21.883733  5860 work_track.cpp:116] Succeeded to release track lock for frame 11
I1014 12:15:21.883756  5860 work_track.cpp:120] Track results of frame 11: 0 objects input, 0 objects tracked!
I1014 12:15:21.883776  5860 work_thread.hpp:88]  [T-Work-Detect_0] Frame :11 split
I1014 12:15:21.883850  5863 thread_intergrate.hpp:78] [T-Intergrate-intergrate] queue: frame output frame :11
I1014 12:15:21.885849  5859 demo_inner.hpp:435] thread [SORT-0]  frame id 11 sorting queue size 0   FPS: 29.0698
I1014 12:15:21.885980  5858 demo_inner.hpp:260]  gui queue size 0, state = running
I1014 12:15:21.904125  5857 demo_inner.hpp:177] decode queue size 0
I1014 12:15:21.904283  5860 work_thread.hpp:81]  [T-Work-Detect_0] Run work: WorkDetect
I1014 12:15:21.904350  5860 work_detect.cpp:102] Succeeded to add det start for frame 12
I1014 12:15:21.913236  5860 work_detect.cpp:70] Frame :12 detect result :1 face(s)
W1014 12:15:21.913332  5860 work_detect.cpp:83] Invalid bbox: [131 x 147 from (273, 237)]
I1014 12:15:21.913431  5860 work_detect.cpp:120] Succeeded to add det end for frame 12
I1014 12:15:21.913450  5860 work_thread.hpp:81]  [T-Work-Detect_0] Run work: WrokTrack
I1014 12:15:21.913480  5860 work_track.cpp:102] Succeeded to set track lock for frame 12
I1014 12:15:21.913511  5860 work_track.cpp:116] Succeeded to release track lock for frame 12
I1014 12:15:21.913554  5860 work_track.cpp:120] Track results of frame 12: 0 objects input, 0 objects tracked!
I1014 12:15:21.913574  5860 work_thread.hpp:88]  [T-Work-Detect_0] Frame :12 split
I1014 12:15:21.913704  5863 thread_intergrate.hpp:78] [T-Intergrate-intergrate] queue: frame output frame :12
I1014 12:15:21.915271  5859 demo_inner.hpp:435] thread [SORT-0]  frame id 12 sorting queue size 0   FPS: 29.4118
I1014 12:15:21.915472  5858 demo_inner.hpp:260]  gui queue size 0, state = running
I1014 12:15:21.939354  5857 demo_inner.hpp:177] decode queue size 0
I1014 12:15:21.939465  5860 work_thread.hpp:81]  [T-Work-Detect_0] Run work: WorkDetect
I1014 12:15:21.939530  5860 work_detect.cpp:102] Succeeded to add det start for frame 13
I1014 12:15:21.947136  5860 work_detect.cpp:70] Frame :13 detect result :1 face(s)
W1014 12:15:21.947181  5860 work_detect.cpp:83] Invalid bbox: [129 x 141 from (274, 238)]
I1014 12:15:21.947278  5860 work_detect.cpp:120] Succeeded to add det end for frame 13
I1014 12:15:21.947295  5860 work_thread.hpp:81]  [T-Work-Detect_0] Run work: WrokTrack
I1014 12:15:21.947322  5860 work_track.cpp:102] Succeeded to set track lock for frame 13
I1014 12:15:21.947350  5860 work_track.cpp:116] Succeeded to release track lock for frame 13
I1014 12:15:21.947372  5860 work_track.cpp:120] Track results of frame 13: 0 objects input, 0 objects tracked!
I1014 12:15:21.947392  5860 work_thread.hpp:88]  [T-Work-Detect_0] Frame :13 split
I1014 12:15:21.947432  5863 thread_intergrate.hpp:78] [T-Intergrate-intergrate] queue: frame output frame :13
I1014 12:15:21.949245  5859 demo_inner.hpp:435] thread [SORT-0]  frame id 13 sorting queue size 0   FPS: 29.484
I1014 12:15:21.949311  5858 demo_inner.hpp:260]  gui queue size 0, state = running
I1014 12:15:21.969455  5857 demo_inner.hpp:177] decode queue size 0
I1014 12:15:21.969558  5860 work_thread.hpp:81]  [T-Work-Detect_0] Run work: WorkDetect
I1014 12:15:21.969594  5860 work_detect.cpp:102] Succeeded to add det start for frame 14
I1014 12:15:21.977151  5860 work_detect.cpp:70] Frame :14 detect result :1 face(s)
W1014 12:15:21.977202  5860 work_detect.cpp:83] Invalid bbox: [131 x 144 from (272, 237)]
I1014 12:15:21.977298  5860 work_detect.cpp:120] Succeeded to add det end for frame 14
I1014 12:15:21.977316  5860 work_thread.hpp:81]  [T-Work-Detect_0] Run work: WrokTrack
I1014 12:15:21.977344  5860 work_track.cpp:102] Succeeded to set track lock for frame 14
I1014 12:15:21.977371  5860 work_track.cpp:116] Succeeded to release track lock for frame 14
I1014 12:15:21.977393  5860 work_track.cpp:120] Track results of frame 14: 0 objects input, 0 objects tracked!
I1014 12:15:21.977412  5860 work_thread.hpp:88]  [T-Work-Detect_0] Frame :14 split
I1014 12:15:21.977455  5863 thread_intergrate.hpp:78] [T-Intergrate-intergrate] queue: frame output frame :14
I1014 12:15:21.979295  5859 demo_inner.hpp:435] thread [SORT-0]  frame id 14 sorting queue size 0   FPS: 29.6804
I1014 12:15:21.979360  5858 demo_inner.hpp:260]  gui queue size 0, state = running
I1014 12:15:22.005914  5857 demo_inner.hpp:177] decode queue size 0
I1014 12:15:22.006026  5860 work_thread.hpp:81]  [T-Work-Detect_0] Run work: WorkDetect
I1014 12:15:22.006072  5860 work_detect.cpp:102] Succeeded to add det start for frame 15
I1014 12:15:22.013777  5860 work_detect.cpp:70] Frame :15 detect result :1 face(s)
W1014 12:15:22.013849  5860 work_detect.cpp:83] Invalid bbox: [131 x 141 from (273, 238)]
I1014 12:15:22.013931  5860 work_detect.cpp:120] Succeeded to add det end for frame 15
I1014 12:15:22.013998  5860 work_thread.hpp:81]  [T-Work-Detect_0] Run work: WrokTrack
I1014 12:15:22.014024  5860 work_track.cpp:102] Succeeded to set track lock for frame 15
I1014 12:15:22.014075  5860 work_track.cpp:116] Succeeded to release track lock for frame 15
I1014 12:15:22.014091  5860 work_track.cpp:120] Track results of frame 15: 0 objects input, 0 objects tracked!
I1014 12:15:22.014109  5860 work_thread.hpp:88]  [T-Work-Detect_0] Frame :15 split
I1014 12:15:22.014153  5863 thread_intergrate.hpp:78] [T-Intergrate-intergrate] queue: frame output frame :15
I1014 12:15:22.015760  5859 demo_inner.hpp:435] thread [SORT-0]  frame id 15 sorting queue size 0   FPS: 29.5359
I1014 12:15:22.015833  5858 demo_inner.hpp:260]  gui queue size 0, state = running
I1014 12:15:22.041647  5857 demo_inner.hpp:177] decode queue size 0
I1014 12:15:22.041775  5860 work_thread.hpp:81]  [T-Work-Detect_0] Run work: WorkDetect
I1014 12:15:22.041810  5860 work_detect.cpp:102] Succeeded to add det start for frame 16
I1014 12:15:22.049326  5860 work_detect.cpp:70] Frame :16 detect result :1 face(s)
W1014 12:15:22.049401  5860 work_detect.cpp:83] Invalid bbox: [134 x 143 from (270, 237)]
I1014 12:15:22.049475  5860 work_detect.cpp:120] Succeeded to add det end for frame 16
I1014 12:15:22.049500  5860 work_thread.hpp:81]  [T-Work-Detect_0] Run work: WrokTrack
I1014 12:15:22.049528  5860 work_track.cpp:102] Succeeded to set track lock for frame 16
I1014 12:15:22.049556  5860 work_track.cpp:116] Succeeded to release track lock for frame 16
I1014 12:15:22.049571  5860 work_track.cpp:120] Track results of frame 16: 0 objects input, 0 objects tracked!
I1014 12:15:22.049589  5860 work_thread.hpp:88]  [T-Work-Detect_0] Frame :16 split
I1014 12:15:22.049654  5863 thread_intergrate.hpp:78] [T-Intergrate-intergrate] queue: frame output frame :16
I1014 12:15:22.051076  5859 demo_inner.hpp:435] thread [SORT-0]  frame id 16 sorting queue size 0   FPS: 29.4118
I1014 12:15:22.051149  5858 demo_inner.hpp:260]  gui queue size 0, state = running
I1014 12:15:22.071785  5857 demo_inner.hpp:177] decode queue size 0
I1014 12:15:22.071915  5860 work_thread.hpp:81]  [T-Work-Detect_0] Run work: WorkDetect
I1014 12:15:22.071951  5860 work_detect.cpp:102] Succeeded to add det start for frame 17
I1014 12:15:22.079455  5860 work_detect.cpp:70] Frame :17 detect result :1 face(s)
W1014 12:15:22.079525  5860 work_detect.cpp:83] Invalid bbox: [130 x 138 from (272, 240)]
I1014 12:15:22.079599  5860 work_detect.cpp:120] Succeeded to add det end for frame 17
I1014 12:15:22.079617  5860 work_thread.hpp:81]  [T-Work-Detect_0] Run work: WrokTrack
I1014 12:15:22.079651  5860 work_track.cpp:102] Succeeded to set track lock for frame 17
I1014 12:15:22.079680  5860 work_track.cpp:116] Succeeded to release track lock for frame 17
I1014 12:15:22.079694  5860 work_track.cpp:120] Track results of frame 17: 0 objects input, 0 objects tracked!
I1014 12:15:22.079712  5860 work_thread.hpp:88]  [T-Work-Detect_0] Frame :17 split
I1014 12:15:22.079775  5863 thread_intergrate.hpp:78] [T-Intergrate-intergrate] queue: frame output frame :17
I1014 12:15:22.081328  5859 demo_inner.hpp:435] thread [SORT-0]  frame id 17 sorting queue size 0   FPS: 29.6296
I1014 12:15:22.081396  5858 demo_inner.hpp:260]  gui queue size 0, state = running
I1014 12:15:22.107734  5857 demo_inner.hpp:177] decode queue size 0
I1014 12:15:22.107848  5860 work_thread.hpp:81]  [T-Work-Detect_0] Run work: WorkDetect
I1014 12:15:22.107935  5860 work_detect.cpp:102] Succeeded to add det start for frame 18
I1014 12:15:22.115537  5860 work_detect.cpp:70] Frame :18 detect result :1 face(s)
W1014 12:15:22.115612  5860 work_detect.cpp:83] Invalid bbox: [133 x 140 from (271, 239)]
I1014 12:15:22.115694  5860 work_detect.cpp:120] Succeeded to add det end for frame 18
I1014 12:15:22.115710  5860 work_thread.hpp:81]  [T-Work-Detect_0] Run work: WrokTrack
I1014 12:15:22.115737  5860 work_track.cpp:102] Succeeded to set track lock for frame 18
I1014 12:15:22.115764  5860 work_track.cpp:116] Succeeded to release track lock for frame 18
I1014 12:15:22.115778  5860 work_track.cpp:120] Track results of frame 18: 0 objects input, 0 objects tracked!
I1014 12:15:22.115820  5860 work_thread.hpp:88]  [T-Work-Detect_0] Frame :18 split
I1014 12:15:22.115865  5863 thread_intergrate.hpp:78] [T-Intergrate-intergrate] queue: frame output frame :18
I1014 12:15:22.117375  5859 demo_inner.hpp:435] thread [SORT-0]  frame id 18 sorting queue size 0   FPS: 29.5139
I1014 12:15:22.117442  5858 demo_inner.hpp:260]  gui queue size 0, state = running
I1014 12:15:22.137799  5857 demo_inner.hpp:177] decode queue size 0
I1014 12:15:22.137907  5860 work_thread.hpp:81]  [T-Work-Detect_0] Run work: WorkDetect
I1014 12:15:22.137974  5860 work_detect.cpp:102] Succeeded to add det start for frame 19
I1014 12:15:22.145516  5860 work_detect.cpp:70] Frame :19 detect result :1 face(s)
W1014 12:15:22.145565  5860 work_detect.cpp:83] Invalid bbox: [132 x 141 from (271, 238)]
I1014 12:15:22.145642  5860 work_detect.cpp:120] Succeeded to add det end for frame 19
I1014 12:15:22.145659  5860 work_thread.hpp:81]  [T-Work-Detect_0] Run work: WrokTrack
I1014 12:15:22.145766  5860 work_track.cpp:102] Succeeded to set track lock for frame 19
I1014 12:15:22.145797  5860 work_track.cpp:116] Succeeded to release track lock for frame 19
I1014 12:15:22.145812  5860 work_track.cpp:120] Track results of frame 19: 0 objects input, 0 objects tracked!
I1014 12:15:22.145838  5860 work_thread.hpp:88]  [T-Work-Detect_0] Frame :19 split
I1014 12:15:22.145886  5863 thread_intergrate.hpp:78] [T-Intergrate-intergrate] queue: frame output frame :19
I1014 12:15:22.147339  5859 demo_inner.hpp:435] thread [SORT-0]  frame id 19 sorting queue size 0   FPS: 29.703
I1014 12:15:22.147406  5858 demo_inner.hpp:260]  gui queue size 0, state = running
I1014 12:15:22.173784  5857 demo_inner.hpp:177] decode queue size 0
I1014 12:15:22.173921  5860 work_thread.hpp:81]  [T-Work-Detect_0] Run work: WorkDetect
I1014 12:15:22.173957  5860 work_detect.cpp:102] Succeeded to add det start for frame 20
I1014 12:15:22.181530  5860 work_detect.cpp:70] Frame :20 detect result :1 face(s)
W1014 12:15:22.181576  5860 work_detect.cpp:83] Invalid bbox: [132 x 141 from (271, 238)]
I1014 12:15:22.181672  5860 work_detect.cpp:120] Succeeded to add det end for frame 20
I1014 12:15:22.181690  5860 work_thread.hpp:81]  [T-Work-Detect_0] Run work: WrokTrack
I1014 12:15:22.181717  5860 work_track.cpp:102] Succeeded to set track lock for frame 20
I1014 12:15:22.181744  5860 work_track.cpp:116] Succeeded to release track lock for frame 20
I1014 12:15:22.181766  5860 work_track.cpp:120] Track results of frame 20: 0 objects input, 0 objects tracked!
I1014 12:15:22.181787  5860 work_thread.hpp:88]  [T-Work-Detect_0] Frame :20 split
I1014 12:15:22.181828  5863 thread_intergrate.hpp:78] [T-Intergrate-intergrate] queue: frame output frame :20
I1014 12:15:22.183346  5859 demo_inner.hpp:435] thread [SORT-0]  frame id 20 sorting queue size 0   FPS: 29.595
I1014 12:15:22.183418  5858 demo_inner.hpp:260]  gui queue size 0, state = running
I1014 12:15:22.203819  5857 demo_inner.hpp:177] decode queue size 0
I1014 12:15:22.203927  5860 work_thread.hpp:81]  [T-Work-Detect_0] Run work: WorkDetect
I1014 12:15:22.203963  5860 work_detect.cpp:102] Succeeded to add det start for frame 21
I1014 12:15:22.211452  5860 work_detect.cpp:70] Frame :21 detect result :1 face(s)
W1014 12:15:22.211503  5860 work_detect.cpp:83] Invalid bbox: [130 x 142 from (273, 240)]
I1014 12:15:22.211585  5860 work_detect.cpp:120] Succeeded to add det end for frame 21
I1014 12:15:22.211601  5860 work_thread.hpp:81]  [T-Work-Detect_0] Run work: WrokTrack
I1014 12:15:22.211628  5860 work_track.cpp:102] Succeeded to set track lock for frame 21
I1014 12:15:22.211678  5860 work_track.cpp:116] Succeeded to release track lock for frame 21
I1014 12:15:22.211694  5860 work_track.cpp:120] Track results of frame 21: 0 objects input, 0 objects tracked!
I1014 12:15:22.211712  5860 work_thread.hpp:88]  [T-Work-Detect_0] Frame :21 split
I1014 12:15:22.211755  5863 thread_intergrate.hpp:78] [T-Intergrate-intergrate] queue: frame output frame :21
I1014 12:15:22.213271  5859 demo_inner.hpp:435] thread [SORT-0]  frame id 21 sorting queue size 0   FPS: 29.7619
I1014 12:15:22.213340  5858 demo_inner.hpp:260]  gui queue size 0, state = running
I1014 12:15:22.239742  5857 demo_inner.hpp:177] decode queue size 0
I1014 12:15:22.239934  5860 work_thread.hpp:81]  [T-Work-Detect_0] Run work: WorkDetect
I1014 12:15:22.239976  5860 work_detect.cpp:102] Succeeded to add det start for frame 22
I1014 12:15:22.247503  5860 work_detect.cpp:70] Frame :22 detect result :1 face(s)
W1014 12:15:22.247548  5860 work_detect.cpp:83] Invalid bbox: [129 x 142 from (272, 239)]
I1014 12:15:22.247629  5860 work_detect.cpp:120] Succeeded to add det end for frame 22
I1014 12:15:22.247716  5860 work_thread.hpp:81]  [T-Work-Detect_0] Run work: WrokTrack
I1014 12:15:22.247747  5860 work_track.cpp:102] Succeeded to set track lock for frame 22
I1014 12:15:22.247776  5860 work_track.cpp:116] Succeeded to release track lock for frame 22
I1014 12:15:22.247789  5860 work_track.cpp:120] Track results of frame 22: 0 objects input, 0 objects tracked!
I1014 12:15:22.247808  5860 work_thread.hpp:88]  [T-Work-Detect_0] Frame :22 split
I1014 12:15:22.247860  5863 thread_intergrate.hpp:78] [T-Intergrate-intergrate] queue: frame output frame :22
I1014 12:15:22.249369  5859 demo_inner.hpp:435] thread [SORT-0]  frame id 22 sorting queue size 0   FPS: 29.661
I1014 12:15:22.249454  5858 demo_inner.hpp:260]  gui queue size 0, state = running
I1014 12:15:22.269901  5857 demo_inner.hpp:177] decode queue size 0
I1014 12:15:22.270020  5860 work_thread.hpp:81]  [T-Work-Detect_0] Run work: WorkDetect
I1014 12:15:22.270057  5860 work_detect.cpp:102] Succeeded to add det start for frame 23
I1014 12:15:22.277446  5860 work_detect.cpp:70] Frame :23 detect result :1 face(s)
W1014 12:15:22.277518  5860 work_detect.cpp:83] Invalid bbox: [128 x 136 from (273, 240)]
I1014 12:15:22.277592  5860 work_detect.cpp:120] Succeeded to add det end for frame 23
I1014 12:15:22.277617  5860 work_thread.hpp:81]  [T-Work-Detect_0] Run work: WrokTrack
I1014 12:15:22.277645  5860 work_track.cpp:102] Succeeded to set track lock for frame 23
I1014 12:15:22.277673  5860 work_track.cpp:116] Succeeded to release track lock for frame 23
I1014 12:15:22.277686  5860 work_track.cpp:120] Track results of frame 23: 0 objects input, 0 objects tracked!
I1014 12:15:22.277727  5860 work_thread.hpp:88]  [T-Work-Detect_0] Frame :23 split
I1014 12:15:22.277779  5863 thread_intergrate.hpp:78] [T-Intergrate-intergrate] queue: frame output frame :23
I1014 12:15:22.279315  5859 demo_inner.hpp:435] thread [SORT-0]  frame id 23 sorting queue size 0   FPS: 29.8103
I1014 12:15:22.279384  5858 demo_inner.hpp:260]  gui queue size 0, state = running
I1014 12:15:22.305819  5857 demo_inner.hpp:177] decode queue size 0
I1014 12:15:22.305951  5860 work_thread.hpp:81]  [T-Work-Detect_0] Run work: WorkDetect
I1014 12:15:22.305989  5860 work_detect.cpp:102] Succeeded to add det start for frame 24
I1014 12:15:22.313657  5860 work_detect.cpp:70] Frame :24 detect result :1 face(s)
W1014 12:15:22.313709  5860 work_detect.cpp:83] Invalid bbox: [131 x 141 from (271, 238)]
I1014 12:15:22.313788  5860 work_detect.cpp:120] Succeeded to add det end for frame 24
I1014 12:15:22.313807  5860 work_thread.hpp:81]  [T-Work-Detect_0] Run work: WrokTrack
I1014 12:15:22.313833  5860 work_track.cpp:102] Succeeded to set track lock for frame 24
I1014 12:15:22.313860  5860 work_track.cpp:116] Succeeded to release track lock for frame 24
I1014 12:15:22.313874  5860 work_track.cpp:120] Track results of frame 24: 0 objects input, 0 objects tracked!
I1014 12:15:22.313918  5860 work_thread.hpp:88]  [T-Work-Detect_0] Frame :24 split
I1014 12:15:22.314013  5863 thread_intergrate.hpp:78] [T-Intergrate-intergrate] queue: frame output frame :24
I1014 12:15:22.315446  5859 demo_inner.hpp:435] thread [SORT-0]  frame id 24 sorting queue size 0   FPS: 29.7158
I1014 12:15:22.315516  5858 demo_inner.hpp:260]  gui queue size 0, state = running
I1014 12:15:22.341751  5857 demo_inner.hpp:177] decode queue size 0
I1014 12:15:22.341874  5860 work_thread.hpp:81]  [T-Work-Detect_0] Run work: WorkDetect
I1014 12:15:22.341910  5860 work_detect.cpp:102] Succeeded to add det start for frame 25
I1014 12:15:22.349467  5860 work_detect.cpp:70] Frame :25 detect result :1 face(s)
W1014 12:15:22.349534  5860 work_detect.cpp:83] Invalid bbox: [127 x 136 from (273, 241)]
I1014 12:15:22.349614  5860 work_detect.cpp:120] Succeeded to add det end for frame 25
I1014 12:15:22.349632  5860 work_thread.hpp:81]  [T-Work-Detect_0] Run work: WrokTrack
I1014 12:15:22.349659  5860 work_track.cpp:102] Succeeded to set track lock for frame 25
I1014 12:15:22.349709  5860 work_track.cpp:116] Succeeded to release track lock for frame 25
I1014 12:15:22.349767  5860 work_track.cpp:120] Track results of frame 25: 0 objects input, 0 objects tracked!
I1014 12:15:22.349828  5860 work_thread.hpp:88]  [T-Work-Detect_0] Frame :25 split
I1014 12:15:22.349874  5863 thread_intergrate.hpp:78] [T-Intergrate-intergrate] queue: frame output frame :25
I1014 12:15:22.351435  5859 demo_inner.hpp:435] thread [SORT-0]  frame id 25 sorting queue size 0   FPS: 29.6296
I1014 12:15:22.351505  5858 demo_inner.hpp:260]  gui queue size 0, state = running
I1014 12:15:22.371780  5857 demo_inner.hpp:177] decode queue size 0
I1014 12:15:22.371881  5860 work_thread.hpp:81]  [T-Work-Detect_0] Run work: WorkDetect
I1014 12:15:22.371917  5860 work_detect.cpp:102] Succeeded to add det start for frame 26
I1014 12:15:22.379488  5860 work_detect.cpp:70] Frame :26 detect result :1 face(s)
W1014 12:15:22.379537  5860 work_detect.cpp:83] Invalid bbox: [131 x 142 from (271, 240)]
I1014 12:15:22.379634  5860 work_detect.cpp:120] Succeeded to add det end for frame 26
I1014 12:15:22.379652  5860 work_thread.hpp:81]  [T-Work-Detect_0] Run work: WrokTrack
I1014 12:15:22.379679  5860 work_track.cpp:102] Succeeded to set track lock for frame 26
I1014 12:15:22.379707  5860 work_track.cpp:116] Succeeded to release track lock for frame 26
I1014 12:15:22.379731  5860 work_track.cpp:120] Track results of frame 26: 0 objects input, 0 objects tracked!
I1014 12:15:22.379750  5860 work_thread.hpp:88]  [T-Work-Detect_0] Frame :26 split
I1014 12:15:22.379801  5863 thread_intergrate.hpp:78] [T-Intergrate-intergrate] queue: frame output frame :26
I1014 12:15:22.381305  5859 demo_inner.hpp:435] thread [SORT-0]  frame id 26 sorting queue size 0   FPS: 29.7619
I1014 12:15:22.389098  5858 demo_inner.hpp:260]  gui queue size 0, state = running
I1014 12:15:22.407729  5857 demo_inner.hpp:177] decode queue size 0
I1014 12:15:22.407842  5860 work_thread.hpp:81]  [T-Work-Detect_0] Run work: WorkDetect
I1014 12:15:22.407878  5860 work_detect.cpp:102] Succeeded to add det start for frame 27
I1014 12:15:22.415349  5860 work_detect.cpp:70] Frame :27 detect result :1 face(s)
W1014 12:15:22.415406  5860 work_detect.cpp:83] Invalid bbox: [132 x 143 from (271, 241)]
I1014 12:15:22.415480  5860 work_detect.cpp:120] Succeeded to add det end for frame 27
I1014 12:15:22.415498  5860 work_thread.hpp:81]  [T-Work-Detect_0] Run work: WrokTrack
I1014 12:15:22.415549  5860 work_track.cpp:102] Succeeded to set track lock for frame 27
I1014 12:15:22.415576  5860 work_track.cpp:116] Succeeded to release track lock for frame 27
I1014 12:15:22.415591  5860 work_track.cpp:120] Track results of frame 27: 0 objects input, 0 objects tracked!
I1014 12:15:22.415609  5860 work_thread.hpp:88]  [T-Work-Detect_0] Frame :27 split
I1014 12:15:22.415650  5863 thread_intergrate.hpp:78] [T-Intergrate-intergrate] queue: frame output frame :27
I1014 12:15:22.417196  5859 demo_inner.hpp:435] thread [SORT-0]  frame id 27 sorting queue size 0   FPS: 29.6804
I1014 12:15:22.438251  5857 demo_inner.hpp:177] decode queue size 0
I1014 12:15:22.438378  5860 work_thread.hpp:81]  [T-Work-Detect_0] Run work: WorkDetect
I1014 12:15:22.438444  5860 work_detect.cpp:102] Succeeded to add det start for frame 28
I1014 12:15:22.446110  5860 work_detect.cpp:70] Frame :28 detect result :1 face(s)
W1014 12:15:22.446182  5860 work_detect.cpp:83] Invalid bbox: [128 x 138 from (272, 240)]
I1014 12:15:22.446256  5860 work_detect.cpp:120] Succeeded to add det end for frame 28
I1014 12:15:22.446274  5860 work_thread.hpp:81]  [T-Work-Detect_0] Run work: WrokTrack
I1014 12:15:22.446308  5860 work_track.cpp:102] Succeeded to set track lock for frame 28
I1014 12:15:22.446336  5860 work_track.cpp:116] Succeeded to release track lock for frame 28
I1014 12:15:22.446350  5860 work_track.cpp:120] Track results of frame 28: 0 objects input, 0 objects tracked!
I1014 12:15:22.446368  5860 work_thread.hpp:88]  [T-Work-Detect_0] Frame :28 split
I1014 12:15:22.446497  5863 thread_intergrate.hpp:78] [T-Intergrate-intergrate] queue: frame output frame :28
I1014 12:15:22.448004  5859 demo_inner.hpp:435] thread [SORT-0]  frame id 28 sorting queue size 1   FPS: 29.8013
I1014 12:15:22.467033  5858 demo_inner.hpp:260]  gui queue size 1, state = running
I1014 12:15:22.473815  5857 demo_inner.hpp:177] decode queue size 0
I1014 12:15:22.473924  5860 work_thread.hpp:81]  [T-Work-Detect_0] Run work: WorkDetect
I1014 12:15:22.473986  5860 work_detect.cpp:102] Succeeded to add det start for frame 29
I1014 12:15:22.481524  5860 work_detect.cpp:70] Frame :29 detect result :1 face(s)
W1014 12:15:22.481571  5860 work_detect.cpp:83] Invalid bbox: [132 x 144 from (269, 237)]
I1014 12:15:22.481667  5860 work_detect.cpp:120] Succeeded to add det end for frame 29
I1014 12:15:22.481685  5860 work_thread.hpp:81]  [T-Work-Detect_0] Run work: WrokTrack
I1014 12:15:22.481712  5860 work_track.cpp:102] Succeeded to set track lock for frame 29
I1014 12:15:22.481747  5860 work_track.cpp:116] Succeeded to release track lock for frame 29
I1014 12:15:22.481762  5860 work_track.cpp:120] Track results of frame 29: 0 objects input, 0 objects tracked!
I1014 12:15:22.481781  5860 work_thread.hpp:88]  [T-Work-Detect_0] Frame :29 split
I1014 12:15:22.481822  5863 thread_intergrate.hpp:78] [T-Intergrate-intergrate] queue: frame output frame :29
I1014 12:15:22.483307  5859 demo_inner.hpp:435] thread [SORT-0]  frame id 29 sorting queue size 0   FPS: 29.724
I1014 12:15:22.503895  5857 demo_inner.hpp:177] decode queue size 0
I1014 12:15:22.504001  5860 work_thread.hpp:81]  [T-Work-Detect_0] Run work: WorkDetect
I1014 12:15:22.504037  5860 work_detect.cpp:102] Succeeded to add det start for frame 30
I1014 12:15:22.511636  5860 work_detect.cpp:70] Frame :30 detect result :1 face(s)
W1014 12:15:22.511685  5860 work_detect.cpp:83] Invalid bbox: [130 x 137 from (271, 241)]
I1014 12:15:22.511770  5860 work_detect.cpp:120] Succeeded to add det end for frame 30
I1014 12:15:22.511786  5860 work_thread.hpp:81]  [T-Work-Detect_0] Run work: WrokTrack
I1014 12:15:22.511816  5860 work_track.cpp:102] Succeeded to set track lock for frame 30
I1014 12:15:22.511867  5860 work_track.cpp:116] Succeeded to release track lock for frame 30
I1014 12:15:22.511883  5860 work_track.cpp:120] Track results of frame 30: 0 objects input, 0 objects tracked!
I1014 12:15:22.511901  5860 work_thread.hpp:88]  [T-Work-Detect_0] Frame :30 split
I1014 12:15:22.511942  5863 thread_intergrate.hpp:78] [T-Intergrate-intergrate] queue: frame output frame :30
I1014 12:15:22.513479  5859 demo_inner.hpp:435] thread [SORT-0]  frame id 30 sorting queue size 1   FPS: 29.8354
I1014 12:15:22.528764  5858 demo_inner.hpp:260]  gui queue size 1, state = running
I1014 12:15:22.539988  5857 demo_inner.hpp:177] decode queue size 0
I1014 12:15:22.540102  5860 work_thread.hpp:81]  [T-Work-Detect_0] Run work: WorkDetect
I1014 12:15:22.540138  5860 work_detect.cpp:102] Succeeded to add det start for frame 31
I1014 12:15:22.547647  5860 work_detect.cpp:70] Frame :31 detect result :2 face(s)
W1014 12:15:22.547703  5860 work_detect.cpp:83] Invalid bbox: [133 x 147 from (269, 235)]
I1014 12:15:22.547765  5860 work_detect.cpp:86] Detected bbox: [41 x 74 from (0, 278)]
I1014 12:15:22.547832  5860 work_detect.cpp:120] Succeeded to add det end for frame 31
I1014 12:15:22.547849  5860 work_thread.hpp:81]  [T-Work-Detect_0] Run work: WrokTrack
I1014 12:15:22.547873  5860 work_track.cpp:82] Frame: 31 build input_characts: [0.0640625 x 0.205556 from (0, 0.772222)], 0.918981, 0
I1014 12:15:22.547993  5860 work_track.cpp:102] Succeeded to set track lock for frame 31
I1014 12:15:22.548108  5860 work_track.cpp:116] Succeeded to release track lock for frame 31
I1014 12:15:22.548125  5860 work_track.cpp:120] Track results of frame 31: 1 objects input, 0 objects tracked!
I1014 12:15:22.548143  5860 work_track.cpp:162] Frame: 31 lid: 1 not tracked, will set invalid
I1014 12:15:22.548187  5860 work_thread.hpp:88]  [T-Work-Detect_0] Frame :31 split
I1014 12:15:22.548207  5860 work_thread.hpp:124]  [T-Work-Detect_0] Invalid piece: lid = 1, drop it
I1014 12:15:22.548250  5863 thread_intergrate.hpp:78] [T-Intergrate-intergrate] queue: frame output frame :31
I1014 12:15:22.549800  5859 demo_inner.hpp:435] thread [SORT-0]  frame id 31 sorting queue size 0   FPS: 29.7619
I1014 12:15:22.575682  5857 demo_inner.hpp:177] decode queue size 0
I1014 12:15:22.575799  5860 work_thread.hpp:81]  [T-Work-Detect_0] Run work: WorkDetect
I1014 12:15:22.575835  5860 work_detect.cpp:102] Succeeded to add det start for frame 32
I1014 12:15:22.583523  5860 work_detect.cpp:70] Frame :32 detect result :1 face(s)
W1014 12:15:22.583575  5860 work_detect.cpp:83] Invalid bbox: [132 x 142 from (272, 240)]
I1014 12:15:22.583655  5860 work_detect.cpp:120] Succeeded to add det end for frame 32
I1014 12:15:22.583673  5860 work_thread.hpp:81]  [T-Work-Detect_0] Run work: WrokTrack
I1014 12:15:22.583700  5860 work_track.cpp:102] Succeeded to set track lock for frame 32
I1014 12:15:22.583782  5860 work_track.cpp:116] Succeeded to release track lock for frame 32
I1014 12:15:22.583797  5860 work_track.cpp:120] Track results of frame 32: 0 objects input, 0 objects tracked!
I1014 12:15:22.583817  5860 work_thread.hpp:88]  [T-Work-Detect_0] Frame :32 split
I1014 12:15:22.583868  5863 thread_intergrate.hpp:78] [T-Intergrate-intergrate] queue: frame output frame :32
I1014 12:15:22.585423  5859 demo_inner.hpp:435] thread [SORT-0]  frame id 32 sorting queue size 1   FPS: 29.6935
I1014 12:15:22.606209  5857 demo_inner.hpp:177] decode queue size 0
I1014 12:15:22.606346  5860 work_thread.hpp:81]  [T-Work-Detect_0] Run work: WorkDetect
I1014 12:15:22.606393  5860 work_detect.cpp:102] Succeeded to add det start for frame 33
I1014 12:15:22.612432  5858 demo_inner.hpp:260]  gui queue size 1, state = running
I1014 12:15:22.613931  5860 work_detect.cpp:70] Frame :33 detect result :1 face(s)
W1014 12:15:22.614078  5860 work_detect.cpp:83] Invalid bbox: [129 x 143 from (271, 236)]
I1014 12:15:22.614174  5860 work_detect.cpp:120] Succeeded to add det end for frame 33
I1014 12:15:22.614192  5860 work_thread.hpp:81]  [T-Work-Detect_0] Run work: WrokTrack
I1014 12:15:22.614221  5860 work_track.cpp:102] Succeeded to set track lock for frame 33
I1014 12:15:22.614303  5860 work_track.cpp:116] Succeeded to release track lock for frame 33
I1014 12:15:22.614318  5860 work_track.cpp:120] Track results of frame 33: 0 objects input, 0 objects tracked!
I1014 12:15:22.614338  5860 work_thread.hpp:88]  [T-Work-Detect_0] Frame :33 split
I1014 12:15:22.614419  5863 thread_intergrate.hpp:78] [T-Intergrate-intergrate] queue: frame output frame :33
I1014 12:15:22.615941  5859 demo_inner.hpp:435] thread [SORT-0]  frame id 33 sorting queue size 0   FPS: 29.7952
I1014 12:15:22.641713  5857 demo_inner.hpp:177] decode queue size 0
I1014 12:15:22.641825  5860 work_thread.hpp:81]  [T-Work-Detect_0] Run work: WorkDetect
I1014 12:15:22.641861  5860 work_detect.cpp:102] Succeeded to add det start for frame 34
I1014 12:15:22.649515  5860 work_detect.cpp:70] Frame :34 detect result :1 face(s)
W1014 12:15:22.649572  5860 work_detect.cpp:83] Invalid bbox: [134 x 146 from (270, 238)]
I1014 12:15:22.649646  5860 work_detect.cpp:120] Succeeded to add det end for frame 34
I1014 12:15:22.649686  5860 work_thread.hpp:81]  [T-Work-Detect_0] Run work: WrokTrack
I1014 12:15:22.649714  5860 work_track.cpp:102] Succeeded to set track lock for frame 34
I1014 12:15:22.649742  5860 work_track.cpp:116] Succeeded to release track lock for frame 34
I1014 12:15:22.649755  5860 work_track.cpp:120] Track results of frame 34: 0 objects input, 0 objects tracked!
I1014 12:15:22.649775  5860 work_thread.hpp:88]  [T-Work-Detect_0] Frame :34 split
I1014 12:15:22.649828  5863 thread_intergrate.hpp:78] [T-Intergrate-intergrate] queue: frame output frame :34
I1014 12:15:22.651314  5859 demo_inner.hpp:435] thread [SORT-0]  frame id 34 sorting queue size 1   FPS: 29.7297
I1014 12:15:22.671896  5857 demo_inner.hpp:177] decode queue size 0
I1014 12:15:22.671996  5860 work_thread.hpp:81]  [T-Work-Detect_0] Run work: WorkDetect
I1014 12:15:22.672032  5860 work_detect.cpp:102] Succeeded to add det start for frame 35
I1014 12:15:22.679591  5860 work_detect.cpp:70] Frame :35 detect result :1 face(s)
W1014 12:15:22.679721  5860 work_detect.cpp:83] Invalid bbox: [131 x 143 from (272, 237)]
I1014 12:15:22.679769  5860 work_detect.cpp:120] Succeeded to add det end for frame 35
I1014 12:15:22.679786  5860 work_thread.hpp:81]  [T-Work-Detect_0] Run work: WrokTrack
I1014 12:15:22.679838  5860 work_track.cpp:102] Succeeded to set track lock for frame 35
I1014 12:15:22.679867  5860 work_track.cpp:116] Succeeded to release track lock for frame 35
I1014 12:15:22.679881  5860 work_track.cpp:120] Track results of frame 35: 0 objects input, 0 objects tracked!
I1014 12:15:22.679900  5860 work_thread.hpp:88]  [T-Work-Detect_0] Frame :35 split
I1014 12:15:22.679949  5863 thread_intergrate.hpp:78] [T-Intergrate-intergrate] queue: frame output frame :35
I1014 12:15:22.681468  5859 demo_inner.hpp:435] thread [SORT-0]  frame id 35 sorting queue size 2   FPS: 29.8246
I1014 12:15:22.701942  5858 demo_inner.hpp:260]  gui queue size 2, state = running
I1014 12:15:22.707808  5857 demo_inner.hpp:177] decode queue size 0
I1014 12:15:22.707934  5860 work_thread.hpp:81]  [T-Work-Detect_0] Run work: WorkDetect
I1014 12:15:22.707970  5860 work_detect.cpp:102] Succeeded to add det start for frame 36
I1014 12:15:22.715658  5860 work_detect.cpp:70] Frame :36 detect result :1 face(s)
W1014 12:15:22.715695  5860 work_detect.cpp:83] Invalid bbox: [130 x 142 from (271, 236)]
I1014 12:15:22.715768  5860 work_detect.cpp:120] Succeeded to add det end for frame 36
I1014 12:15:22.715785  5860 work_thread.hpp:81]  [T-Work-Detect_0] Run work: WrokTrack
I1014 12:15:22.715812  5860 work_track.cpp:102] Succeeded to set track lock for frame 36
I1014 12:15:22.715840  5860 work_track.cpp:116] Succeeded to release track lock for frame 36
I1014 12:15:22.715854  5860 work_track.cpp:120] Track results of frame 36: 0 objects input, 0 objects tracked!
I1014 12:15:22.715873  5860 work_thread.hpp:88]  [T-Work-Detect_0] Frame :36 split
I1014 12:15:22.715919  5863 thread_intergrate.hpp:78] [T-Intergrate-intergrate] queue: frame output frame :36
I1014 12:15:22.717417  5859 demo_inner.hpp:435] thread [SORT-0]  frame id 36 sorting queue size 0   FPS: 29.7619
I1014 12:15:22.737833  5857 demo_inner.hpp:177] decode queue size 0
I1014 12:15:22.737927  5860 work_thread.hpp:81]  [T-Work-Detect_0] Run work: WorkDetect
I1014 12:15:22.737962  5860 work_detect.cpp:102] Succeeded to add det start for frame 37
I1014 12:15:22.744487  5860 work_detect.cpp:70] Frame :37 detect result :1 face(s)
W1014 12:15:22.744537  5860 work_detect.cpp:83] Invalid bbox: [130 x 147 from (272, 233)]
I1014 12:15:22.744611  5860 work_detect.cpp:120] Succeeded to add det end for frame 37
I1014 12:15:22.744627  5860 work_thread.hpp:81]  [T-Work-Detect_0] Run work: WrokTrack
I1014 12:15:22.744654  5860 work_track.cpp:102] Succeeded to set track lock for frame 37
I1014 12:15:22.744681  5860 work_track.cpp:116] Succeeded to release track lock for frame 37
I1014 12:15:22.744695  5860 work_track.cpp:120] Track results of frame 37: 0 objects input, 0 objects tracked!
I1014 12:15:22.744715  5860 work_thread.hpp:88]  [T-Work-Detect_0] Frame :37 split
I1014 12:15:22.744765  5863 thread_intergrate.hpp:78] [T-Intergrate-intergrate] queue: frame output frame :37
I1014 12:15:22.746265  5859 demo_inner.hpp:435] thread [SORT-0]  frame id 37 sorting queue size 1   FPS: 29.8755
I1014 12:15:22.773718  5857 demo_inner.hpp:177] decode queue size 0
I1014 12:15:22.773821  5860 work_thread.hpp:81]  [T-Work-Detect_0] Run work: WorkDetect
I1014 12:15:22.773857  5860 work_detect.cpp:102] Succeeded to add det start for frame 38
I1014 12:15:22.774622  5858 demo_inner.hpp:260]  gui queue size 1, state = running
I1014 12:15:22.780460  5860 work_detect.cpp:70] Frame :38 detect result :1 face(s)
W1014 12:15:22.780514  5860 work_detect.cpp:83] Invalid bbox: [130 x 138 from (272, 236)]
I1014 12:15:22.780588  5860 work_detect.cpp:120] Succeeded to add det end for frame 38
I1014 12:15:22.780606  5860 work_thread.hpp:81]  [T-Work-Detect_0] Run work: WrokTrack
I1014 12:15:22.780632  5860 work_track.cpp:102] Succeeded to set track lock for frame 38
I1014 12:15:22.780705  5860 work_track.cpp:116] Succeeded to release track lock for frame 38
I1014 12:15:22.780721  5860 work_track.cpp:120] Track results of frame 38: 0 objects input, 0 objects tracked!
I1014 12:15:22.780740  5860 work_thread.hpp:88]  [T-Work-Detect_0] Frame :38 split
I1014 12:15:22.780800  5863 thread_intergrate.hpp:78] [T-Intergrate-intergrate] queue: frame output frame :38
I1014 12:15:22.782292  5859 demo_inner.hpp:435] thread [SORT-0]  frame id 38 sorting queue size 0   FPS: 29.8147
I1014 12:15:22.809695  5857 demo_inner.hpp:177] decode queue size 0
