I1014 12:21:05.780972  5955 demo_inner.hpp:260]  gui queue size 10, state = running
I1014 12:21:05.781013  5960 thread_intergrate.hpp:78] [T-Intergrate-intergrate] queue: frame output frame :149
I1014 12:21:05.781036  5960 thread_intergrate.hpp:85] [T-Intergrate-intergrate] queue: compare output face:2
I1014 12:21:05.781055  5960 thread_intergrate.hpp:137] T-Intergrate-intergrate set matched face: 2
I1014 12:21:05.781349  5956 demo_inner.hpp:435] thread [SORT-0]  frame id 143 sorting queue size 0   FPS: 23.6801
I1014 12:21:05.781746  5956 demo_inner.hpp:435] thread [SORT-0]  frame id 144 sorting queue size 1   FPS: 23.9592
I1014 12:21:05.782078  5956 demo_inner.hpp:435] thread [SORT-0]  frame id 145 sorting queue size 2   FPS: 24.2834
I1014 12:21:05.782439  5956 demo_inner.hpp:435] thread [SORT-0]  frame id 146 sorting queue size 3   FPS: 24.6266
I1014 12:21:05.782517  5960 thread_intergrate.hpp:157] T-Intergrate-intergrate Show face :2, size :640 * 360
I1014 12:21:05.782676  5960 thread_intergrate.hpp:78] [T-Intergrate-intergrate] queue: frame output frame :150
I1014 12:21:05.782701  5960 thread_intergrate.hpp:85] [T-Intergrate-intergrate] queue: compare output face:2
I1014 12:21:05.782718  5960 thread_intergrate.hpp:137] T-Intergrate-intergrate set matched face: 2
I1014 12:21:05.782797  5956 demo_inner.hpp:435] thread [SORT-0]  frame id 147 sorting queue size 4   FPS: 24.9285
I1014 12:21:05.783390  5956 demo_inner.hpp:435] thread [SORT-0]  frame id 148 sorting queue size 5   FPS: 25.2902
I1014 12:21:05.783799  5956 demo_inner.hpp:435] thread [SORT-0]  frame id 149 sorting queue size 6   FPS: 25.6195
I1014 12:21:05.784241  5960 thread_intergrate.hpp:157] T-Intergrate-intergrate Show face :2, size :640 * 360
I1014 12:21:05.784428  5960 thread_intergrate.hpp:78] [T-Intergrate-intergrate] queue: frame output frame :151
I1014 12:21:05.784457  5960 thread_intergrate.hpp:85] [T-Intergrate-intergrate] queue: compare output face:2
I1014 12:21:05.784476  5960 thread_intergrate.hpp:137] T-Intergrate-intergrate set matched face: 2
I1014 12:21:05.784807  5956 demo_inner.hpp:435] thread [SORT-0]  frame id 150 sorting queue size 7   FPS: 26.0239
I1014 12:21:05.784874  5955 demo_inner.hpp:260]  gui queue size 7, state = running
I1014 12:21:05.785120  5957 work_thread.hpp:81]  [T-Work-Detect_0] Run work: WorkDetect
I1014 12:21:05.785161  5957 work_detect.cpp:102] Succeeded to add det start for frame 158
I1014 12:21:05.785959  5960 thread_intergrate.hpp:157] T-Intergrate-intergrate Show face :2, size :640 * 360
I1014 12:21:05.786178  5960 thread_intergrate.hpp:78] [T-Intergrate-intergrate] queue: frame output frame :152
I1014 12:21:05.786206  5960 thread_intergrate.hpp:85] [T-Intergrate-intergrate] queue: compare output face:2
I1014 12:21:05.786226  5960 thread_intergrate.hpp:137] T-Intergrate-intergrate set matched face: 2
I1014 12:21:05.786564  5956 demo_inner.hpp:435] thread [SORT-0]  frame id 151 sorting queue size 0   FPS: 26.3385
I1014 12:21:05.787734  5960 thread_intergrate.hpp:157] T-Intergrate-intergrate Show face :2, size :640 * 360
I1014 12:21:05.787993  5960 thread_intergrate.hpp:78] [T-Intergrate-intergrate] queue: frame output frame :153
I1014 12:21:05.788031  5960 thread_intergrate.hpp:85] [T-Intergrate-intergrate] queue: compare output face:2
I1014 12:21:05.788051  5960 thread_intergrate.hpp:137] T-Intergrate-intergrate set matched face: 2
I1014 12:21:05.788467  5956 demo_inner.hpp:435] thread [SORT-0]  frame id 152 sorting queue size 1   FPS: 26.6958
I1014 12:21:05.788933  5955 demo_inner.hpp:260]  gui queue size 1, state = running
I1014 12:21:05.789783  5960 thread_intergrate.hpp:157] T-Intergrate-intergrate Show face :2, size :640 * 360
I1014 12:21:05.790112  5960 thread_intergrate.hpp:78] [T-Intergrate-intergrate] queue: frame output frame :154
I1014 12:21:05.790555  5956 demo_inner.hpp:435] thread [SORT-0]  frame id 153 sorting queue size 0   FPS: 27.0991
I1014 12:21:05.791239  5960 thread_intergrate.hpp:157] T-Intergrate-intergrate Show face :2, size :640 * 360
I1014 12:21:05.791452  5960 thread_intergrate.hpp:78] [T-Intergrate-intergrate] queue: frame output frame :155
I1014 12:21:05.791787  5956 demo_inner.hpp:435] thread [SORT-0]  frame id 154 sorting queue size 1   FPS: 27.4404
I1014 12:21:05.792557  5960 thread_intergrate.hpp:157] T-Intergrate-intergrate Show face :2, size :640 * 360
I1014 12:21:05.792762  5960 thread_intergrate.hpp:78] [T-Intergrate-intergrate] queue: frame output frame :156
I1014 12:21:05.793107  5956 demo_inner.hpp:435] thread [SORT-0]  frame id 155 sorting queue size 2   FPS: 27.8793
I1014 12:21:05.793233  5955 demo_inner.hpp:260]  gui queue size 2, state = running
I1014 12:21:05.794088  5957 work_detect.cpp:70] Frame :158 detect result :1 face(s)
I1014 12:21:05.794124  5957 work_detect.cpp:86] Detected bbox: [136 x 183 from (173, 176)]
I1014 12:21:05.794171  5957 work_detect.cpp:120] Succeeded to add det end for frame 158
I1014 12:21:05.794188  5957 work_thread.hpp:81]  [T-Work-Detect_0] Run work: WrokTrack
I1014 12:21:05.794211  5957 work_track.cpp:82] Frame: 158 build input_characts: [0.2125 x 0.508333 from (0.270312, 0.488889)], 0.997488, 0
I1014 12:21:05.794266  5957 work_track.cpp:102] Succeeded to set track lock for frame 158
I1014 12:21:05.794315  5957 work_track.cpp:116] Succeeded to release track lock for frame 158
I1014 12:21:05.794330  5957 work_track.cpp:120] Track results of frame 158: 1 objects input, 1 objects tracked!
I1014 12:21:05.794349  5957 work_track.cpp:148] Frame: 158, track bbox: [136 x 183 from (169.932, 172.219)], gid: 2, lid: 0
I1014 12:21:05.794385  5957 work_thread.hpp:88]  [T-Work-Detect_0] Frame :158 split
I1014 12:21:05.794404  5957 work_thread.hpp:120]  [T-Work-Detect_0] Valid piece: gid = 2
I1014 12:21:05.794422  5957 work_thread.hpp:92]  [T-Work-Detect_0] Push to split queue:recog
I1014 12:21:05.794508  5958 work_thread.hpp:81]  [T-Work-Recog_0] Run work: WorkCapture
I1014 12:21:05.794570  5960 thread_intergrate.hpp:157] T-Intergrate-intergrate Show face :2, size :640 * 360
I1014 12:21:05.794739  5960 thread_intergrate.hpp:78] [T-Intergrate-intergrate] queue: frame output frame :157
I1014 12:21:05.795081  5956 demo_inner.hpp:435] thread [SORT-0]  frame id 156 sorting queue size 0   FPS: 28.2407
I1014 12:21:05.795452  5958 work_thread.hpp:81]  [T-Work-Recog_0] Run work: WorkRecog
I1014 12:21:05.795480  5958 work_recog.hpp:89] Face id: 2 will run recog: bbox [136 x 183 from (173, 176)] quality: 0.347514
I1014 12:21:05.795511  5958 work_recog.hpp:96] Recog pair: [192 x 224 from (144, 136)], [136 x 183 from (29, 40)]
I1014 12:21:05.795840  5960 thread_intergrate.hpp:157] T-Intergrate-intergrate Show face :2, size :640 * 360
I1014 12:21:05.796008  5960 thread_intergrate.hpp:78] [T-Intergrate-intergrate] queue: frame output frame :158
I1014 12:21:05.796432  5956 demo_inner.hpp:435] thread [SORT-0]  frame id 157 sorting queue size 1   FPS: 28.7059
I1014 12:21:05.797390  5955 demo_inner.hpp:260]  gui queue size 1, state = running
I1014 12:21:05.799826  5960 thread_intergrate.hpp:157] T-Intergrate-intergrate Show face :2, size :640 * 360
I1014 12:21:05.800634  5956 demo_inner.hpp:435] thread [SORT-0]  frame id 158 sorting queue size 0   FPS: 29.0615
I1014 12:21:05.801304  5954 demo_inner.hpp:177] decode queue size 0
I1014 12:21:05.801434  5957 work_thread.hpp:81]  [T-Work-Detect_0] Run work: WorkDetect
I1014 12:21:05.801473  5957 work_detect.cpp:102] Succeeded to add det start for frame 159
I1014 12:21:05.801566  5955 demo_inner.hpp:260]  gui queue size 0, state = running
I1014 12:21:05.808476  5957 work_detect.cpp:70] Frame :159 detect result :1 face(s)
I1014 12:21:05.808539  5957 work_detect.cpp:86] Detected bbox: [136 x 179 from (173, 179)]
I1014 12:21:05.808586  5957 work_detect.cpp:120] Succeeded to add det end for frame 159
I1014 12:21:05.808706  5957 work_thread.hpp:81]  [T-Work-Detect_0] Run work: WrokTrack
I1014 12:21:05.808734  5957 work_track.cpp:82] Frame: 159 build input_characts: [0.2125 x 0.497222 from (0.270312, 0.497222)], 0.997488, 0
I1014 12:21:05.808791  5957 work_track.cpp:102] Succeeded to set track lock for frame 159
I1014 12:21:05.808856  5957 work_track.cpp:116] Succeeded to release track lock for frame 159
I1014 12:21:05.808871  5957 work_track.cpp:120] Track results of frame 159: 1 objects input, 1 objects tracked!
I1014 12:21:05.808888  5957 work_track.cpp:148] Frame: 159, track bbox: [136 x 179 from (171.717, 177.185)], gid: 2, lid: 0
I1014 12:21:05.808925  5957 work_thread.hpp:88]  [T-Work-Detect_0] Frame :159 split
I1014 12:21:05.808943  5957 work_thread.hpp:120]  [T-Work-Detect_0] Valid piece: gid = 2
I1014 12:21:05.808961  5957 work_thread.hpp:92]  [T-Work-Detect_0] Push to split queue:recog
I1014 12:21:05.809032  5959 work_thread.hpp:81]  [T-Work-Recog_1] Run work: WorkCapture
I1014 12:21:05.809443  5960 thread_intergrate.hpp:78] [T-Intergrate-intergrate] queue: frame output frame :159
I1014 12:21:05.809768  5959 work_thread.hpp:81]  [T-Work-Recog_1] Run work: WorkRecog
I1014 12:21:05.809792  5959 work_recog.hpp:89] Face id: 2 will run recog: bbox [136 x 179 from (173, 179)] quality: 0.269209
I1014 12:21:05.809823  5959 work_recog.hpp:96] Recog pair: [192 x 216 from (144, 144)], [136 x 179 from (29, 35)]
I1014 12:21:05.810981  5960 thread_intergrate.hpp:157] T-Intergrate-intergrate Show face :2, size :640 * 360
I1014 12:21:05.811542  5956 demo_inner.hpp:435] thread [SORT-0]  frame id 159 sorting queue size 0   FPS: 29.4118
I1014 12:21:05.811617  5955 demo_inner.hpp:260]  gui queue size 0, state = running
I1014 12:21:05.816526  5958 work_thread.hpp:81]  [T-Work-Recog_0] Run work: WorkCompare
I1014 12:21:05.817107  5958 work_compare.cpp:76] Compare face: 2 successed, similarity :0.991489, name : images/ThangLMb.jpg, normal size : 1548 * 1719!
I1014 12:21:05.829985  5959 work_thread.hpp:81]  [T-Work-Recog_1] Run work: WorkCompare
I1014 12:21:05.830572  5959 work_compare.cpp:76] Compare face: 2 successed, similarity :0.989714, name : images/ThangLMb.jpg, normal size : 1548 * 1719!
I1014 12:21:05.834517  5954 demo_inner.hpp:177] decode queue size 0
I1014 12:21:05.834646  5957 work_thread.hpp:81]  [T-Work-Detect_0] Run work: WorkDetect
I1014 12:21:05.834682  5957 work_detect.cpp:102] Succeeded to add det start for frame 160
I1014 12:21:05.841290  5957 work_detect.cpp:70] Frame :160 detect result :1 face(s)
I1014 12:21:05.841341  5957 work_detect.cpp:86] Detected bbox: [140 x 185 from (170, 174)]
I1014 12:21:05.841385  5957 work_detect.cpp:120] Succeeded to add det end for frame 160
I1014 12:21:05.841403  5957 work_thread.hpp:81]  [T-Work-Detect_0] Run work: WrokTrack
I1014 12:21:05.841426  5957 work_track.cpp:82] Frame: 160 build input_characts: [0.21875 x 0.513889 from (0.265625, 0.483333)], 0.997596, 0
I1014 12:21:05.841482  5957 work_track.cpp:102] Succeeded to set track lock for frame 160
I1014 12:21:05.841522  5957 work_track.cpp:116] Succeeded to release track lock for frame 160
I1014 12:21:05.841536  5957 work_track.cpp:120] Track results of frame 160: 1 objects input, 1 objects tracked!
I1014 12:21:05.841555  5957 work_track.cpp:148] Frame: 160, track bbox: [140 x 183.99 from (170.299, 176.01)], gid: 2, lid: 0
I1014 12:21:05.841591  5957 work_thread.hpp:88]  [T-Work-Detect_0] Frame :160 split
I1014 12:21:05.841610  5957 work_thread.hpp:120]  [T-Work-Detect_0] Valid piece: gid = 2
I1014 12:21:05.841629  5957 work_thread.hpp:92]  [T-Work-Detect_0] Push to split queue:recog
I1014 12:21:05.841670  5959 work_thread.hpp:81]  [T-Work-Recog_1] Run work: WorkCapture
I1014 12:21:05.841998  5960 thread_intergrate.hpp:78] [T-Intergrate-intergrate] queue: frame output frame :160
I1014 12:21:05.842025  5960 thread_intergrate.hpp:85] [T-Intergrate-intergrate] queue: compare output face:2
I1014 12:21:05.842044  5960 thread_intergrate.hpp:137] T-Intergrate-intergrate set matched face: 2
I1014 12:21:05.842319  5959 work_thread.hpp:81]  [T-Work-Recog_1] Run work: WorkRecog
I1014 12:21:05.842360  5959 work_recog.hpp:89] Face id: 2 will run recog: bbox [140 x 185 from (170, 174)] quality: 0.347524
I1014 12:21:05.842386  5959 work_recog.hpp:96] Recog pair: [208 x 224 from (136, 136)], [140 x 185 from (34, 38)]
I1014 12:21:05.844568  5960 thread_intergrate.hpp:157] T-Intergrate-intergrate Show face :2, size :640 * 360
I1014 12:21:05.845129  5956 demo_inner.hpp:435] thread [SORT-0]  frame id 160 sorting queue size 0   FPS: 29.4544
I1014 12:21:05.845204  5955 demo_inner.hpp:260]  gui queue size 0, state = running
I1014 12:21:05.860539  5959 work_thread.hpp:81]  [T-Work-Recog_1] Run work: WorkCompare
I1014 12:21:05.861225  5959 work_compare.cpp:76] Compare face: 2 successed, similarity :0.995432, name : images/ThangLMb.jpg, normal size : 1548 * 1719!
I1014 12:21:05.864683  5954 demo_inner.hpp:177] decode queue size 0
I1014 12:21:05.864799  5957 work_thread.hpp:81]  [T-Work-Detect_0] Run work: WorkDetect
I1014 12:21:05.864836  5957 work_detect.cpp:102] Succeeded to add det start for frame 161
I1014 12:21:05.871407  5957 work_detect.cpp:70] Frame :161 detect result :1 face(s)
W1014 12:21:05.871451  5957 work_detect.cpp:83] Invalid bbox: [161 x 198 from (169, 174)]
I1014 12:21:05.871575  5957 work_detect.cpp:120] Succeeded to add det end for frame 161
I1014 12:21:05.871594  5957 work_thread.hpp:81]  [T-Work-Detect_0] Run work: WrokTrack
I1014 12:21:05.871621  5957 work_track.cpp:102] Succeeded to set track lock for frame 161
I1014 12:21:05.871654  5957 work_track.cpp:116] Succeeded to release track lock for frame 161
I1014 12:21:05.871670  5957 work_track.cpp:120] Track results of frame 161: 0 objects input, 1 objects tracked!
I1014 12:21:05.871687  5957 work_track.cpp:148] Frame: 161, track bbox: [140 x 182.74 from (170.066, 177.26)], gid: 2, lid: -1
I1014 12:21:05.871739  5957 work_thread.hpp:88]  [T-Work-Detect_0] Frame :161 split
I1014 12:21:05.871786  5960 thread_intergrate.hpp:78] [T-Intergrate-intergrate] queue: frame output frame :161
I1014 12:21:05.871815  5960 thread_intergrate.hpp:85] [T-Intergrate-intergrate] queue: compare output face:2
I1014 12:21:05.871834  5960 thread_intergrate.hpp:137] T-Intergrate-intergrate set matched face: 2
I1014 12:21:05.873407  5960 thread_intergrate.hpp:157] T-Intergrate-intergrate Show face :2, size :640 * 360
I1014 12:21:05.874023  5956 demo_inner.hpp:435] thread [SORT-0]  frame id 161 sorting queue size 0   FPS: 29.4686
I1014 12:21:05.874091  5955 demo_inner.hpp:260]  gui queue size 0, state = running
I1014 12:21:05.900125  5954 demo_inner.hpp:177] decode queue size 0
I1014 12:21:05.900251  5957 work_thread.hpp:81]  [T-Work-Detect_0] Run work: WorkDetect
I1014 12:21:05.900285  5957 work_detect.cpp:102] Succeeded to add det start for frame 162
I1014 12:21:05.906832  5957 work_detect.cpp:70] Frame :162 detect result :1 face(s)
I1014 12:21:05.906874  5957 work_detect.cpp:86] Detected bbox: [134 x 180 from (175, 177)]
I1014 12:21:05.906917  5957 work_detect.cpp:120] Succeeded to add det end for frame 162
I1014 12:21:05.906934  5957 work_thread.hpp:81]  [T-Work-Detect_0] Run work: WrokTrack
I1014 12:21:05.906957  5957 work_track.cpp:82] Frame: 162 build input_characts: [0.209375 x 0.5 from (0.273438, 0.491667)], 0.997488, 0
I1014 12:21:05.907013  5957 work_track.cpp:102] Succeeded to set track lock for frame 162
I1014 12:21:05.907053  5957 work_track.cpp:116] Succeeded to release track lock for frame 162
I1014 12:21:05.907068  5957 work_track.cpp:120] Track results of frame 162: 1 objects input, 1 objects tracked!
I1014 12:21:05.907086  5957 work_track.cpp:148] Frame: 162, track bbox: [134 x 180 from (174.643, 179.653)], gid: 2, lid: 0
I1014 12:21:05.907121  5957 work_thread.hpp:88]  [T-Work-Detect_0] Frame :162 split
I1014 12:21:05.907140  5957 work_thread.hpp:120]  [T-Work-Detect_0] Valid piece: gid = 2
I1014 12:21:05.907157  5957 work_thread.hpp:92]  [T-Work-Detect_0] Push to split queue:recog
I1014 12:21:05.907200  5960 thread_intergrate.hpp:78] [T-Intergrate-intergrate] queue: frame output frame :162
I1014 12:21:05.907203  5959 work_thread.hpp:81]  [T-Work-Recog_1] Run work: WorkCapture
I1014 12:21:05.907306  5960 thread_intergrate.hpp:85] [T-Intergrate-intergrate] queue: compare output face:2
I1014 12:21:05.907328  5960 thread_intergrate.hpp:137] T-Intergrate-intergrate set matched face: 2
I1014 12:21:05.907984  5959 work_thread.hpp:81]  [T-Work-Recog_1] Run work: WorkRecog
I1014 12:21:05.908035  5959 work_recog.hpp:89] Face id: 2 will run recog: bbox [134 x 180 from (175, 177)] quality: 0.286072
I1014 12:21:05.908071  5959 work_recog.hpp:96] Recog pair: [192 x 224 from (144, 136)], [134 x 180 from (31, 41)]
I1014 12:21:05.908789  5960 thread_intergrate.hpp:157] T-Intergrate-intergrate Show face :2, size :640 * 360
I1014 12:21:05.909531  5956 demo_inner.hpp:435] thread [SORT-0]  frame id 162 sorting queue size 0   FPS: 29.4686
I1014 12:21:05.909602  5955 demo_inner.hpp:260]  gui queue size 0, state = running
I1014 12:21:05.926651  5959 work_thread.hpp:81]  [T-Work-Recog_1] Run work: WorkCompare
I1014 12:21:05.927255  5959 work_compare.cpp:76] Compare face: 2 successed, similarity :0.990116, name : images/ThangLMb.jpg, normal size : 1548 * 1719!
I1014 12:21:05.930335  5954 demo_inner.hpp:177] decode queue size 0
I1014 12:21:05.930423  5957 work_thread.hpp:81]  [T-Work-Detect_0] Run work: WorkDetect
I1014 12:21:05.930457  5957 work_detect.cpp:102] Succeeded to add det start for frame 163
I1014 12:21:05.937098  5957 work_detect.cpp:70] Frame :163 detect result :1 face(s)
I1014 12:21:05.937144  5957 work_detect.cpp:86] Detected bbox: [134 x 182 from (175, 176)]
I1014 12:21:05.937187  5957 work_detect.cpp:120] Succeeded to add det end for frame 163
I1014 12:21:05.937203  5957 work_thread.hpp:81]  [T-Work-Detect_0] Run work: WrokTrack
I1014 12:21:05.937228  5957 work_track.cpp:82] Frame: 163 build input_characts: [0.209375 x 0.505556 from (0.273438, 0.488889)], 0.997596, 0
I1014 12:21:05.937283  5957 work_track.cpp:102] Succeeded to set track lock for frame 163
I1014 12:21:05.937324  5957 work_track.cpp:116] Succeeded to release track lock for frame 163
I1014 12:21:05.937337  5957 work_track.cpp:120] Track results of frame 163: 1 objects input, 1 objects tracked!
I1014 12:21:05.937356  5957 work_track.cpp:148] Frame: 163, track bbox: [134 x 182 from (174.501, 176.07)], gid: 2, lid: 0
I1014 12:21:05.937392  5957 work_thread.hpp:88]  [T-Work-Detect_0] Frame :163 split
I1014 12:21:05.937410  5957 work_thread.hpp:120]  [T-Work-Detect_0] Valid piece: gid = 2
I1014 12:21:05.937429  5957 work_thread.hpp:92]  [T-Work-Detect_0] Push to split queue:recog
I1014 12:21:05.937472  5958 work_thread.hpp:81]  [T-Work-Recog_0] Run work: WorkCapture
I1014 12:21:05.937480  5960 thread_intergrate.hpp:78] [T-Intergrate-intergrate] queue: frame output frame :163
I1014 12:21:05.937506  5960 thread_intergrate.hpp:85] [T-Intergrate-intergrate] queue: compare output face:2
I1014 12:21:05.937526  5960 thread_intergrate.hpp:137] T-Intergrate-intergrate set matched face: 2
I1014 12:21:05.938170  5958 work_thread.hpp:81]  [T-Work-Recog_0] Run work: WorkRecog
I1014 12:21:05.938197  5958 work_recog.hpp:89] Face id: 2 will run recog: bbox [134 x 182 from (175, 176)] quality: 0.251928
I1014 12:21:05.938230  5958 work_recog.hpp:96] Recog pair: [192 x 224 from (144, 136)], [134 x 182 from (31, 40)]
I1014 12:21:05.939118  5960 thread_intergrate.hpp:157] T-Intergrate-intergrate Show face :2, size :640 * 360
I1014 12:21:05.939712  5956 demo_inner.hpp:435] thread [SORT-0]  frame id 163 sorting queue size 0   FPS: 29.4686
I1014 12:21:05.939785  5955 demo_inner.hpp:260]  gui queue size 0, state = running
I1014 12:21:05.956812  5958 work_thread.hpp:81]  [T-Work-Recog_0] Run work: WorkCompare
I1014 12:21:05.957338  5958 work_compare.cpp:76] Compare face: 2 successed, similarity :0.990708, name : images/ThangLMb.jpg, normal size : 1548 * 1719!
I1014 12:21:05.966004  5954 demo_inner.hpp:177] decode queue size 0
I1014 12:21:05.966112  5957 work_thread.hpp:81]  [T-Work-Detect_0] Run work: WorkDetect
I1014 12:21:05.966218  5957 work_detect.cpp:102] Succeeded to add det start for frame 164
I1014 12:21:05.972820  5957 work_detect.cpp:70] Frame :164 detect result :1 face(s)
I1014 12:21:05.972867  5957 work_detect.cpp:86] Detected bbox: [132 x 180 from (177, 176)]
I1014 12:21:05.972910  5957 work_detect.cpp:120] Succeeded to add det end for frame 164
I1014 12:21:05.972926  5957 work_thread.hpp:81]  [T-Work-Detect_0] Run work: WrokTrack
I1014 12:21:05.972951  5957 work_track.cpp:82] Frame: 164 build input_characts: [0.20625 x 0.5 from (0.276563, 0.488889)], 0.997596, 0
I1014 12:21:05.973006  5957 work_track.cpp:102] Succeeded to set track lock for frame 164
I1014 12:21:05.973045  5957 work_track.cpp:116] Succeeded to release track lock for frame 164
I1014 12:21:05.973060  5957 work_track.cpp:120] Track results of frame 164: 1 objects input, 1 objects tracked!
I1014 12:21:05.973078  5957 work_track.cpp:148] Frame: 164, track bbox: [132 x 180 from (176.553, 176.32)], gid: 2, lid: 0
I1014 12:21:05.973114  5957 work_thread.hpp:88]  [T-Work-Detect_0] Frame :164 split
I1014 12:21:05.973134  5957 work_thread.hpp:120]  [T-Work-Detect_0] Valid piece: gid = 2
I1014 12:21:05.973151  5957 work_thread.hpp:92]  [T-Work-Detect_0] Push to split queue:recog
I1014 12:21:05.973198  5960 thread_intergrate.hpp:78] [T-Intergrate-intergrate] queue: frame output frame :164
I1014 12:21:05.973227  5960 thread_intergrate.hpp:85] [T-Intergrate-intergrate] queue: compare output face:2
I1014 12:21:05.973199  5958 work_thread.hpp:81]  [T-Work-Recog_0] Run work: WorkCapture
I1014 12:21:05.973246  5960 thread_intergrate.hpp:137] T-Intergrate-intergrate set matched face: 2
I1014 12:21:05.973873  5958 work_thread.hpp:81]  [T-Work-Recog_0] Run work: WorkRecog
I1014 12:21:05.973902  5958 work_recog.hpp:89] Face id: 2 will run recog: bbox [132 x 180 from (177, 176)] quality: 0.216715
I1014 12:21:05.973935  5958 work_recog.hpp:96] Recog pair: [192 x 224 from (144, 136)], [132 x 180 from (33, 40)]
I1014 12:21:05.974689  5960 thread_intergrate.hpp:157] T-Intergrate-intergrate Show face :2, size :640 * 360
I1014 12:21:05.975441  5956 demo_inner.hpp:435] thread [SORT-0]  frame id 164 sorting queue size 0   FPS: 29.4686
I1014 12:21:05.975519  5955 demo_inner.hpp:260]  gui queue size 0, state = running
I1014 12:21:05.992372  5958 work_thread.hpp:81]  [T-Work-Recog_0] Run work: WorkCompare
I1014 12:21:05.992938  5958 work_compare.cpp:76] Compare face: 2 successed, similarity :0.990935, name : images/ThangLMb.jpg, normal size : 1548 * 1719!
I1014 12:21:06.002063  5954 demo_inner.hpp:177] decode queue size 0
I1014 12:21:06.002163  5957 work_thread.hpp:81]  [T-Work-Detect_0] Run work: WorkDetect
I1014 12:21:06.002195  5957 work_detect.cpp:102] Succeeded to add det start for frame 165
I1014 12:21:06.008832  5957 work_detect.cpp:70] Frame :165 detect result :1 face(s)
W1014 12:21:06.008879  5957 work_detect.cpp:83] Invalid bbox: [163 x 200 from (168, 173)]
I1014 12:21:06.008999  5957 work_detect.cpp:120] Succeeded to add det end for frame 165
I1014 12:21:06.009017  5957 work_thread.hpp:81]  [T-Work-Detect_0] Run work: WrokTrack
I1014 12:21:06.009044  5957 work_track.cpp:102] Succeeded to set track lock for frame 165
I1014 12:21:06.009076  5957 work_track.cpp:116] Succeeded to release track lock for frame 165
I1014 12:21:06.009090  5957 work_track.cpp:120] Track results of frame 165: 0 objects input, 1 objects tracked!
I1014 12:21:06.009109  5957 work_track.cpp:148] Frame: 165, track bbox: [132 x 180 from (176.908, 176.07)], gid: 2, lid: -1
I1014 12:21:06.009161  5957 work_thread.hpp:88]  [T-Work-Detect_0] Frame :165 split
I1014 12:21:06.009204  5960 thread_intergrate.hpp:78] [T-Intergrate-intergrate] queue: frame output frame :165
I1014 12:21:06.009232  5960 thread_intergrate.hpp:85] [T-Intergrate-intergrate] queue: compare output face:2
I1014 12:21:06.009251  5960 thread_intergrate.hpp:137] T-Intergrate-intergrate set matched face: 2
I1014 12:21:06.010622  5960 thread_intergrate.hpp:157] T-Intergrate-intergrate Show face :2, size :640 * 360
I1014 12:21:06.011256  5956 demo_inner.hpp:435] thread [SORT-0]  frame id 165 sorting queue size 0   FPS: 38.8783
I1014 12:21:06.011401  5955 demo_inner.hpp:260]  gui queue size 0, state = running
I1014 12:21:06.032066  5954 demo_inner.hpp:177] decode queue size 0
I1014 12:21:06.032176  5957 work_thread.hpp:81]  [T-Work-Detect_0] Run work: WorkDetect
I1014 12:21:06.032208  5957 work_detect.cpp:102] Succeeded to add det start for frame 166
I1014 12:21:06.038743  5957 work_detect.cpp:70] Frame :166 detect result :1 face(s)
W1014 12:21:06.038787  5957 work_detect.cpp:83] Invalid bbox: [160 x 196 from (169, 175)]
I1014 12:21:06.038908  5957 work_detect.cpp:120] Succeeded to add det end for frame 166
I1014 12:21:06.038926  5957 work_thread.hpp:81]  [T-Work-Detect_0] Run work: WrokTrack
I1014 12:21:06.038954  5957 work_track.cpp:102] Succeeded to set track lock for frame 166
I1014 12:21:06.038988  5957 work_track.cpp:116] Succeeded to release track lock for frame 166
I1014 12:21:06.039003  5957 work_track.cpp:120] Track results of frame 166: 0 objects input, 0 objects tracked!
I1014 12:21:06.039023  5957 work_thread.hpp:88]  [T-Work-Detect_0] Frame :166 split
I1014 12:21:06.039070  5960 thread_intergrate.hpp:78] [T-Intergrate-intergrate] queue: frame output frame :166
I1014 12:21:06.040180  5960 thread_intergrate.hpp:157] T-Intergrate-intergrate Show face :2, size :640 * 360
I1014 12:21:06.040681  5956 demo_inner.hpp:435] thread [SORT-0]  frame id 166 sorting queue size 0   FPS: 38.7742
I1014 12:21:06.040747  5955 demo_inner.hpp:260]  gui queue size 0, state = running
I1014 12:21:06.068104  5954 demo_inner.hpp:177] decode queue size 0
I1014 12:21:06.068229  5957 work_thread.hpp:81]  [T-Work-Detect_0] Run work: WorkDetect
I1014 12:21:06.068261  5957 work_detect.cpp:102] Succeeded to add det start for frame 167
I1014 12:21:06.074849  5957 work_detect.cpp:70] Frame :167 detect result :1 face(s)
I1014 12:21:06.074895  5957 work_detect.cpp:86] Detected bbox: [158 x 195 from (161, 159)]
I1014 12:21:06.074939  5957 work_detect.cpp:120] Succeeded to add det end for frame 167
I1014 12:21:06.074954  5957 work_thread.hpp:81]  [T-Work-Detect_0] Run work: WrokTrack
I1014 12:21:06.074978  5957 work_track.cpp:82] Frame: 167 build input_characts: [0.246875 x 0.541667 from (0.251563, 0.441667)], 0.997596, 0
I1014 12:21:06.075034  5957 work_track.cpp:102] Succeeded to set track lock for frame 167
I1014 12:21:06.075091  5957 work_track.cpp:116] Succeeded to release track lock for frame 167
I1014 12:21:06.075107  5957 work_track.cpp:120] Track results of frame 167: 1 objects input, 0 objects tracked!
I1014 12:21:06.075125  5957 work_track.cpp:162] Frame: 167 lid: 0 not tracked, will set invalid
I1014 12:21:06.075141  5957 work_thread.hpp:88]  [T-Work-Detect_0] Frame :167 split
I1014 12:21:06.075158  5957 work_thread.hpp:124]  [T-Work-Detect_0] Invalid piece: lid = 0, drop it
I1014 12:21:06.075201  5960 thread_intergrate.hpp:78] [T-Intergrate-intergrate] queue: frame output frame :167
I1014 12:21:06.076292  5960 thread_intergrate.hpp:157] T-Intergrate-intergrate Show face :2, size :640 * 360
I1014 12:21:06.076799  5956 demo_inner.hpp:435] thread [SORT-0]  frame id 167 sorting queue size 0   FPS: 38.5321
I1014 12:21:06.077001  5955 demo_inner.hpp:260]  gui queue size 0, state = running
I1014 12:21:06.098125  5954 demo_inner.hpp:177] decode queue size 0
I1014 12:21:06.098222  5957 work_thread.hpp:81]  [T-Work-Detect_0] Run work: WorkDetect
I1014 12:21:06.098254  5957 work_detect.cpp:102] Succeeded to add det start for frame 168
I1014 12:21:06.104888  5957 work_detect.cpp:70] Frame :168 detect result :1 face(s)
W1014 12:21:06.104934  5957 work_detect.cpp:83] Invalid bbox: [162 x 199 from (168, 171)]
I1014 12:21:06.105031  5957 work_detect.cpp:120] Succeeded to add det end for frame 168
I1014 12:21:06.105047  5957 work_thread.hpp:81]  [T-Work-Detect_0] Run work: WrokTrack
I1014 12:21:06.105074  5957 work_track.cpp:102] Succeeded to set track lock for frame 168
I1014 12:21:06.105105  5957 work_track.cpp:116] Succeeded to release track lock for frame 168
I1014 12:21:06.105119  5957 work_track.cpp:120] Track results of frame 168: 0 objects input, 0 objects tracked!
I1014 12:21:06.105183  5957 work_thread.hpp:88]  [T-Work-Detect_0] Frame :168 split
I1014 12:21:06.105233  5960 thread_intergrate.hpp:78] [T-Intergrate-intergrate] queue: frame output frame :168
I1014 12:21:06.106323  5960 thread_intergrate.hpp:157] T-Intergrate-intergrate Show face :2, size :640 * 360
I1014 12:21:06.107044  5956 demo_inner.hpp:435] thread [SORT-0]  frame id 168 sorting queue size 0   FPS: 38.4384
I1014 12:21:06.107111  5955 demo_inner.hpp:260]  gui queue size 0, state = running
I1014 12:21:06.134078  5954 demo_inner.hpp:177] decode queue size 0
I1014 12:21:06.134182  5957 work_thread.hpp:81]  [T-Work-Detect_0] Run work: WorkDetect
I1014 12:21:06.134215  5957 work_detect.cpp:102] Succeeded to add det start for frame 169
I1014 12:21:06.140805  5957 work_detect.cpp:70] Frame :169 detect result :1 face(s)
W1014 12:21:06.140852  5957 work_detect.cpp:83] Invalid bbox: [162 x 200 from (170, 171)]
I1014 12:21:06.140949  5957 work_detect.cpp:120] Succeeded to add det end for frame 169
I1014 12:21:06.140966  5957 work_thread.hpp:81]  [T-Work-Detect_0] Run work: WrokTrack
I1014 12:21:06.140995  5957 work_track.cpp:102] Succeeded to set track lock for frame 169
I1014 12:21:06.141029  5957 work_track.cpp:116] Succeeded to release track lock for frame 169
I1014 12:21:06.141043  5957 work_track.cpp:120] Track results of frame 169: 0 objects input, 0 objects tracked!
I1014 12:21:06.141062  5957 work_thread.hpp:88]  [T-Work-Detect_0] Frame :169 split
I1014 12:21:06.141108  5960 thread_intergrate.hpp:78] [T-Intergrate-intergrate] queue: frame output frame :169
I1014 12:21:06.142195  5960 thread_intergrate.hpp:157] T-Intergrate-intergrate Show face :2, size :640 * 360
I1014 12:21:06.142755  5956 demo_inner.hpp:435] thread [SORT-0]  frame id 169 sorting queue size 0   FPS: 38.2128
I1014 12:21:06.145606  5955 demo_inner.hpp:260]  gui queue size 0, state = running
I1014 12:21:06.164113  5954 demo_inner.hpp:177] decode queue size 0
I1014 12:21:06.164228  5957 work_thread.hpp:81]  [T-Work-Detect_0] Run work: WorkDetect
I1014 12:21:06.164261  5957 work_detect.cpp:102] Succeeded to add det start for frame 170
I1014 12:21:06.170768  5957 work_detect.cpp:70] Frame :170 detect result :1 face(s)
W1014 12:21:06.170810  5957 work_detect.cpp:83] Invalid bbox: [159 x 196 from (170, 175)]
I1014 12:21:06.170908  5957 work_detect.cpp:120] Succeeded to add det end for frame 170
I1014 12:21:06.170925  5957 work_thread.hpp:81]  [T-Work-Detect_0] Run work: WrokTrack
I1014 12:21:06.170953  5957 work_track.cpp:102] Succeeded to set track lock for frame 170
I1014 12:21:06.170980  5957 work_track.cpp:116] Succeeded to release track lock for frame 170
I1014 12:21:06.170994  5957 work_track.cpp:120] Track results of frame 170: 0 objects input, 0 objects tracked!
I1014 12:21:06.171013  5957 work_thread.hpp:88]  [T-Work-Detect_0] Frame :170 split
I1014 12:21:06.171059  5960 thread_intergrate.hpp:78] [T-Intergrate-intergrate] queue: frame output frame :170
I1014 12:21:06.172149  5960 thread_intergrate.hpp:157] T-Intergrate-intergrate Show face :2, size :640 * 360
I1014 12:21:06.172725  5956 demo_inner.hpp:435] thread [SORT-0]  frame id 170 sorting queue size 0   FPS: 38.1283
I1014 12:21:06.200520  5954 demo_inner.hpp:177] decode queue size 0
I1014 12:21:06.200628  5957 work_thread.hpp:81]  [T-Work-Detect_0] Run work: WorkDetect
I1014 12:21:06.200661  5957 work_detect.cpp:102] Succeeded to add det start for frame 171
I1014 12:21:06.207150  5957 work_detect.cpp:70] Frame :171 detect result :1 face(s)
W1014 12:21:06.207199  5957 work_detect.cpp:83] Invalid bbox: [161 x 200 from (169, 174)]
I1014 12:21:06.207317  5957 work_detect.cpp:120] Succeeded to add det end for frame 171
I1014 12:21:06.207335  5957 work_thread.hpp:81]  [T-Work-Detect_0] Run work: WrokTrack
I1014 12:21:06.207362  5957 work_track.cpp:102] Succeeded to set track lock for frame 171
I1014 12:21:06.207391  5957 work_track.cpp:116] Succeeded to release track lock for frame 171
I1014 12:21:06.207404  5957 work_track.cpp:120] Track results of frame 171: 0 objects input, 0 objects tracked!
I1014 12:21:06.207473  5957 work_thread.hpp:88]  [T-Work-Detect_0] Frame :171 split
I1014 12:21:06.207520  5960 thread_intergrate.hpp:78] [T-Intergrate-intergrate] queue: frame output frame :171
I1014 12:21:06.208608  5960 thread_intergrate.hpp:157] T-Intergrate-intergrate Show face :2, size :640 * 360
I1014 12:21:06.209199  5956 demo_inner.hpp:435] thread [SORT-0]  frame id 171 sorting queue size 1   FPS: 37.9174
I1014 12:21:06.217605  5955 demo_inner.hpp:260]  gui queue size 1, state = running
I1014 12:21:06.230177  5954 demo_inner.hpp:177] decode queue size 0
I1014 12:21:06.230275  5957 work_thread.hpp:81]  [T-Work-Detect_0] Run work: WorkDetect
I1014 12:21:06.230309  5957 work_detect.cpp:102] Succeeded to add det start for frame 172
I1014 12:21:06.236908  5957 work_detect.cpp:70] Frame :172 detect result :1 face(s)
W1014 12:21:06.236949  5957 work_detect.cpp:83] Invalid bbox: [140 x 176 from (185, 195)]
I1014 12:21:06.237047  5957 work_detect.cpp:120] Succeeded to add det end for frame 172
I1014 12:21:06.237064  5957 work_thread.hpp:81]  [T-Work-Detect_0] Run work: WrokTrack
I1014 12:21:06.237092  5957 work_track.cpp:102] Succeeded to set track lock for frame 172
I1014 12:21:06.237118  5957 work_track.cpp:116] Succeeded to release track lock for frame 172
I1014 12:21:06.237133  5957 work_track.cpp:120] Track results of frame 172: 0 objects input, 0 objects tracked!
I1014 12:21:06.237150  5957 work_thread.hpp:88]  [T-Work-Detect_0] Frame :172 split
I1014 12:21:06.237200  5960 thread_intergrate.hpp:78] [T-Intergrate-intergrate] queue: frame output frame :172
I1014 12:21:06.238288  5960 thread_intergrate.hpp:157] T-Intergrate-intergrate Show face :2, size :640 * 360
I1014 12:21:06.238795  5956 demo_inner.hpp:435] thread [SORT-0]  frame id 172 sorting queue size 0   FPS: 37.8408
I1014 12:21:06.266034  5954 demo_inner.hpp:177] decode queue size 0
I1014 12:21:06.266129  5957 work_thread.hpp:81]  [T-Work-Detect_0] Run work: WorkDetect
I1014 12:21:06.266161  5957 work_detect.cpp:102] Succeeded to add det start for frame 173
I1014 12:21:06.272756  5957 work_detect.cpp:70] Frame :173 detect result :1 face(s)
W1014 12:21:06.272799  5957 work_detect.cpp:83] Invalid bbox: [156 x 194 from (173, 175)]
I1014 12:21:06.272895  5957 work_detect.cpp:120] Succeeded to add det end for frame 173
I1014 12:21:06.272914  5957 work_thread.hpp:81]  [T-Work-Detect_0] Run work: WrokTrack
I1014 12:21:06.272940  5957 work_track.cpp:102] Succeeded to set track lock for frame 173
I1014 12:21:06.272969  5957 work_track.cpp:116] Succeeded to release track lock for frame 173
I1014 12:21:06.272982  5957 work_track.cpp:120] Track results of frame 173: 0 objects input, 0 objects tracked!
I1014 12:21:06.273001  5957 work_thread.hpp:88]  [T-Work-Detect_0] Frame :173 split
I1014 12:21:06.273043  5960 thread_intergrate.hpp:78] [T-Intergrate-intergrate] queue: frame output frame :173
I1014 12:21:06.274132  5960 thread_intergrate.hpp:157] T-Intergrate-intergrate Show face :2, size :640 * 360
I1014 12:21:06.274667  5956 demo_inner.hpp:435] thread [SORT-0]  frame id 173 sorting queue size 1   FPS: 37.6432
I1014 12:21:06.302584  5954 demo_inner.hpp:177] decode queue size 0
I1014 12:21:06.302695  5957 work_thread.hpp:81]  [T-Work-Detect_0] Run work: WorkDetect
I1014 12:21:06.302729  5957 work_detect.cpp:102] Succeeded to add det start for frame 174
I1014 12:21:06.309345  5957 work_detect.cpp:70] Frame :174 detect result :1 face(s)
W1014 12:21:06.309396  5957 work_detect.cpp:83] Invalid bbox: [141 x 172 from (184, 196)]
I1014 12:21:06.309491  5957 work_detect.cpp:120] Succeeded to add det end for frame 174
I1014 12:21:06.309509  5957 work_thread.hpp:81]  [T-Work-Detect_0] Run work: WrokTrack
I1014 12:21:06.309537  5957 work_track.cpp:102] Succeeded to set track lock for frame 174
I1014 12:21:06.309564  5957 work_track.cpp:116] Succeeded to release track lock for frame 174
I1014 12:21:06.309578  5957 work_track.cpp:120] Track results of frame 174: 0 objects input, 0 objects tracked!
I1014 12:21:06.309597  5957 work_thread.hpp:88]  [T-Work-Detect_0] Frame :174 split
I1014 12:21:06.309692  5960 thread_intergrate.hpp:78] [T-Intergrate-intergrate] queue: frame output frame :174
I1014 12:21:06.310781  5960 thread_intergrate.hpp:157] T-Intergrate-intergrate Show face :2, size :640 * 360
I1014 12:21:06.311421  5956 demo_inner.hpp:435] thread [SORT-0]  frame id 174 sorting queue size 2   FPS: 37.4532
I1014 12:21:06.332501  5954 demo_inner.hpp:177] decode queue size 0
I1014 12:21:06.332607  5957 work_thread.hpp:81]  [T-Work-Detect_0] Run work: WorkDetect
I1014 12:21:06.332640  5957 work_detect.cpp:102] Succeeded to add det start for frame 175
I1014 12:21:06.339206  5957 work_detect.cpp:70] Frame :175 detect result :1 face(s)
W1014 12:21:06.339248  5957 work_detect.cpp:83] Invalid bbox: [156 x 195 from (173, 174)]
I1014 12:21:06.339372  5957 work_detect.cpp:120] Succeeded to add det end for frame 175
I1014 12:21:06.339391  5957 work_thread.hpp:81]  [T-Work-Detect_0] Run work: WrokTrack
I1014 12:21:06.339418  5957 work_track.cpp:102] Succeeded to set track lock for frame 175
I1014 12:21:06.339445  5957 work_track.cpp:116] Succeeded to release track lock for frame 175
I1014 12:21:06.339459  5957 work_track.cpp:120] Track results of frame 175: 0 objects input, 0 objects tracked!
I1014 12:21:06.339478  5957 work_thread.hpp:88]  [T-Work-Detect_0] Frame :175 split
I1014 12:21:06.339525  5960 thread_intergrate.hpp:78] [T-Intergrate-intergrate] queue: frame output frame :175
I1014 12:21:06.340615  5960 thread_intergrate.hpp:157] T-Intergrate-intergrate Show face :2, size :640 * 360
I1014 12:21:06.341361  5956 demo_inner.hpp:435] thread [SORT-0]  frame id 175 sorting queue size 3   FPS: 37.3881
I1014 12:21:06.368508  5954 demo_inner.hpp:177] decode queue size 0
I1014 12:21:06.368628  5957 work_thread.hpp:81]  [T-Work-Detect_0] Run work: WorkDetect
I1014 12:21:06.368659  5957 work_detect.cpp:102] Succeeded to add det start for frame 176
I1014 12:21:06.375182  5957 work_detect.cpp:70] Frame :176 detect result :1 face(s)
W1014 12:21:06.375219  5957 work_detect.cpp:83] Invalid bbox: [153 x 188 from (174, 179)]
I1014 12:21:06.375514  5957 work_detect.cpp:120] Succeeded to add det end for frame 176
I1014 12:21:06.375533  5957 work_thread.hpp:81]  [T-Work-Detect_0] Run work: WrokTrack
I1014 12:21:06.375560  5957 work_track.cpp:102] Succeeded to set track lock for frame 176
I1014 12:21:06.375588  5957 work_track.cpp:116] Succeeded to release track lock for frame 176
I1014 12:21:06.375602  5957 work_track.cpp:120] Track results of frame 176: 0 objects input, 0 objects tracked!
I1014 12:21:06.375622  5957 work_thread.hpp:88]  [T-Work-Detect_0] Frame :176 split
I1014 12:21:06.375665  5960 thread_intergrate.hpp:78] [T-Intergrate-intergrate] queue: frame output frame :176
I1014 12:21:06.376754  5960 thread_intergrate.hpp:157] T-Intergrate-intergrate Show face :2, size :640 * 360
I1014 12:21:06.377418  5956 demo_inner.hpp:435] thread [SORT-0]  frame id 176 sorting queue size 4   FPS: 37.2093
I1014 12:21:06.398522  5954 demo_inner.hpp:177] decode queue size 0
I1014 12:21:06.398643  5957 work_thread.hpp:81]  [T-Work-Detect_0] Run work: WorkDetect
I1014 12:21:06.398677  5957 work_detect.cpp:102] Succeeded to add det start for frame 177
I1014 12:21:06.405236  5957 work_detect.cpp:70] Frame :177 detect result :1 face(s)
W1014 12:21:06.405283  5957 work_detect.cpp:83] Invalid bbox: [156 x 195 from (172, 175)]
I1014 12:21:06.405416  5957 work_detect.cpp:120] Succeeded to add det end for frame 177
I1014 12:21:06.405434  5957 work_thread.hpp:81]  [T-Work-Detect_0] Run work: WrokTrack
I1014 12:21:06.405462  5957 work_track.cpp:102] Succeeded to set track lock for frame 177
I1014 12:21:06.405489  5957 work_track.cpp:116] Succeeded to release track lock for frame 177
I1014 12:21:06.405503  5957 work_track.cpp:120] Track results of frame 177: 0 objects input, 0 objects tracked!
I1014 12:21:06.405522  5957 work_thread.hpp:88]  [T-Work-Detect_0] Frame :177 split
I1014 12:21:06.405572  5960 thread_intergrate.hpp:78] [T-Intergrate-intergrate] queue: frame output frame :177
I1014 12:21:06.406709  5960 thread_intergrate.hpp:157] T-Intergrate-intergrate Show face :2, size :640 * 360
I1014 12:21:06.407331  5956 demo_inner.hpp:435] thread [SORT-0]  frame id 177 sorting queue size 5   FPS: 37.1501
I1014 12:21:06.434458  5954 demo_inner.hpp:177] decode queue size 0
I1014 12:21:06.434566  5957 work_thread.hpp:81]  [T-Work-Detect_0] Run work: WorkDetect
I1014 12:21:06.434599  5957 work_detect.cpp:102] Succeeded to add det start for frame 178
I1014 12:21:06.441171  5957 work_detect.cpp:70] Frame :178 detect result :1 face(s)
W1014 12:21:06.441218  5957 work_detect.cpp:83] Invalid bbox: [157 x 193 from (173, 176)]
I1014 12:21:06.441337  5957 work_detect.cpp:120] Succeeded to add det end for frame 178
I1014 12:21:06.441354  5957 work_thread.hpp:81]  [T-Work-Detect_0] Run work: WrokTrack
I1014 12:21:06.441381  5957 work_track.cpp:102] Succeeded to set track lock for frame 178
I1014 12:21:06.441409  5957 work_track.cpp:116] Succeeded to release track lock for frame 178
I1014 12:21:06.441423  5957 work_track.cpp:120] Track results of frame 178: 0 objects input, 0 objects tracked!
I1014 12:21:06.441442  5957 work_thread.hpp:88]  [T-Work-Detect_0] Frame :178 split
I1014 12:21:06.441484  5960 thread_intergrate.hpp:78] [T-Intergrate-intergrate] queue: frame output frame :178
I1014 12:21:06.442574  5960 thread_intergrate.hpp:157] T-Intergrate-intergrate Show face :2, size :640 * 360
I1014 12:21:06.443315  5956 demo_inner.hpp:435] thread [SORT-0]  frame id 178 sorting queue size 6   FPS: 36.9815
I1014 12:21:06.464601  5954 demo_inner.hpp:177] decode queue size 0
I1014 12:21:06.464702  5957 work_thread.hpp:81]  [T-Work-Detect_0] Run work: WorkDetect
I1014 12:21:06.464736  5957 work_detect.cpp:102] Succeeded to add det start for frame 179
I1014 12:21:06.471263  5957 work_detect.cpp:70] Frame :179 detect result :1 face(s)
W1014 12:21:06.471307  5957 work_detect.cpp:83] Invalid bbox: [159 x 196 from (171, 175)]
I1014 12:21:06.471426  5957 work_detect.cpp:120] Succeeded to add det end for frame 179
I1014 12:21:06.471444  5957 work_thread.hpp:81]  [T-Work-Detect_0] Run work: WrokTrack
I1014 12:21:06.471472  5957 work_track.cpp:102] Succeeded to set track lock for frame 179
I1014 12:21:06.471498  5957 work_track.cpp:116] Succeeded to release track lock for frame 179
I1014 12:21:06.471513  5957 work_track.cpp:120] Track results of frame 179: 0 objects input, 0 objects tracked!
I1014 12:21:06.471531  5957 work_thread.hpp:88]  [T-Work-Detect_0] Frame :179 split
I1014 12:21:06.471578  5960 thread_intergrate.hpp:78] [T-Intergrate-intergrate] queue: frame output frame :179
I1014 12:21:06.472668  5960 thread_intergrate.hpp:157] T-Intergrate-intergrate Show face :2, size :640 * 360
I1014 12:21:06.473358  5956 demo_inner.hpp:435] thread [SORT-0]  frame id 179 sorting queue size 7   FPS: 36.4353
I1014 12:21:06.500705  5954 demo_inner.hpp:177] decode queue size 0
I1014 12:21:06.500828  5957 work_thread.hpp:81]  [T-Work-Detect_0] Run work: WorkDetect
I1014 12:21:06.500864  5957 work_detect.cpp:102] Succeeded to add det start for frame 180
I1014 12:21:06.507522  5957 work_detect.cpp:70] Frame :180 detect result :1 face(s)
W1014 12:21:06.507575  5957 work_detect.cpp:83] Invalid bbox: [157 x 194 from (173, 177)]
I1014 12:21:06.507699  5957 work_detect.cpp:120] Succeeded to add det end for frame 180
I1014 12:21:06.507717  5957 work_thread.hpp:81]  [T-Work-Detect_0] Run work: WrokTrack
I1014 12:21:06.507745  5957 work_track.cpp:102] Succeeded to set track lock for frame 180
I1014 12:21:06.507776  5957 work_track.cpp:116] Succeeded to release track lock for frame 180
I1014 12:21:06.507791  5957 work_track.cpp:120] Track results of frame 180: 0 objects input, 0 objects tracked!
I1014 12:21:06.507809  5957 work_thread.hpp:88]  [T-Work-Detect_0] Frame :180 split
I1014 12:21:06.507855  5960 thread_intergrate.hpp:78] [T-Intergrate-intergrate] queue: frame output frame :180
I1014 12:21:06.508971  5960 thread_intergrate.hpp:157] T-Intergrate-intergrate Show face :2, size :640 * 360
I1014 12:21:06.509563  5956 demo_inner.hpp:435] thread [SORT-0]  frame id 180 sorting queue size 8   FPS: 35.8007
I1014 12:21:06.536520  5954 demo_inner.hpp:177] decode queue size 0
I1014 12:21:06.536631  5957 work_thread.hpp:81]  [T-Work-Detect_0] Run work: WorkDetect
I1014 12:21:06.536664  5957 work_detect.cpp:102] Succeeded to add det start for frame 181
I1014 12:21:06.543154  5957 work_detect.cpp:70] Frame :181 detect result :1 face(s)
W1014 12:21:06.543200  5957 work_detect.cpp:83] Invalid bbox: [155 x 190 from (174, 178)]
I1014 12:21:06.543323  5957 work_detect.cpp:120] Succeeded to add det end for frame 181
I1014 12:21:06.543340  5957 work_thread.hpp:81]  [T-Work-Detect_0] Run work: WrokTrack
I1014 12:21:06.543367  5957 work_track.cpp:102] Succeeded to set track lock for frame 181
I1014 12:21:06.543395  5957 work_track.cpp:116] Succeeded to release track lock for frame 181
I1014 12:21:06.543408  5957 work_track.cpp:120] Track results of frame 181: 0 objects input, 0 objects tracked!
I1014 12:21:06.543427  5957 work_thread.hpp:88]  [T-Work-Detect_0] Frame :181 split
I1014 12:21:06.543469  5960 thread_intergrate.hpp:78] [T-Intergrate-intergrate] queue: frame output frame :181
I1014 12:21:06.544559  5960 thread_intergrate.hpp:157] T-Intergrate-intergrate Show face :2, size :640 * 360
I1014 12:21:06.545226  5956 demo_inner.hpp:435] thread [SORT-0]  frame id 181 sorting queue size 9   FPS: 35.2046
I1014 12:21:06.566499  5954 demo_inner.hpp:177] decode queue size 0
I1014 12:21:06.566606  5957 work_thread.hpp:81]  [T-Work-Detect_0] Run work: WorkDetect
I1014 12:21:06.566642  5957 work_detect.cpp:102] Succeeded to add det start for frame 182
I1014 12:21:06.573189  5957 work_detect.cpp:70] Frame :182 detect result :1 face(s)
W1014 12:21:06.573238  5957 work_detect.cpp:83] Invalid bbox: [154 x 187 from (176, 177)]
I1014 12:21:06.573335  5957 work_detect.cpp:120] Succeeded to add det end for frame 182
I1014 12:21:06.573354  5957 work_thread.hpp:81]  [T-Work-Detect_0] Run work: WrokTrack
I1014 12:21:06.573380  5957 work_track.cpp:102] Succeeded to set track lock for frame 182
I1014 12:21:06.573408  5957 work_track.cpp:116] Succeeded to release track lock for frame 182
I1014 12:21:06.573422  5957 work_track.cpp:120] Track results of frame 182: 0 objects input, 0 objects tracked!
I1014 12:21:06.573441  5957 work_thread.hpp:88]  [T-Work-Detect_0] Frame :182 split
I1014 12:21:06.573489  5960 thread_intergrate.hpp:78] [T-Intergrate-intergrate] queue: frame output frame :182
I1014 12:21:06.574579  5960 thread_intergrate.hpp:157] T-Intergrate-intergrate Show face :2, size :640 * 360
I1014 12:21:06.575224  5956 demo_inner.hpp:435] thread [SORT-0]  frame id 182 sorting queue size 10   FPS: 34.7092
I1014 12:21:06.602496  5954 demo_inner.hpp:177] decode queue size 0
I1014 12:21:06.602607  5957 work_thread.hpp:81]  [T-Work-Detect_0] Run work: WorkDetect
I1014 12:21:06.602643  5957 work_detect.cpp:102] Succeeded to add det start for frame 183
I1014 12:21:06.609213  5957 work_detect.cpp:70] Frame :183 detect result :1 face(s)
W1014 12:21:06.609263  5957 work_detect.cpp:83] Invalid bbox: [155 x 193 from (175, 172)]
I1014 12:21:06.609380  5957 work_detect.cpp:120] Succeeded to add det end for frame 183
I1014 12:21:06.609398  5957 work_thread.hpp:81]  [T-Work-Detect_0] Run work: WrokTrack
I1014 12:21:06.609426  5957 work_track.cpp:102] Succeeded to set track lock for frame 183
I1014 12:21:06.609452  5957 work_track.cpp:116] Succeeded to release track lock for frame 183
I1014 12:21:06.609467  5957 work_track.cpp:120] Track results of frame 183: 0 objects input, 0 objects tracked!
I1014 12:21:06.609485  5957 work_thread.hpp:88]  [T-Work-Detect_0] Frame :183 split
I1014 12:21:06.609527  5960 thread_intergrate.hpp:78] [T-Intergrate-intergrate] queue: frame output frame :183
I1014 12:21:06.610615  5960 thread_intergrate.hpp:157] T-Intergrate-intergrate Show face :2, size :640 * 360
I1014 12:21:06.632511  5954 demo_inner.hpp:177] decode queue size 0
I1014 12:21:06.632624  5957 work_thread.hpp:81]  [T-Work-Detect_0] Run work: WorkDetect
I1014 12:21:06.632656  5957 work_detect.cpp:102] Succeeded to add det start for frame 184
I1014 12:21:06.639343  5957 work_detect.cpp:70] Frame :184 detect result :1 face(s)
W1014 12:21:06.639396  5957 work_detect.cpp:83] Invalid bbox: [158 x 194 from (173, 173)]
I1014 12:21:06.639518  5957 work_detect.cpp:120] Succeeded to add det end for frame 184
I1014 12:21:06.639536  5957 work_thread.hpp:81]  [T-Work-Detect_0] Run work: WrokTrack
I1014 12:21:06.639564  5957 work_track.cpp:102] Succeeded to set track lock for frame 184
I1014 12:21:06.639590  5957 work_track.cpp:116] Succeeded to release track lock for frame 184
I1014 12:21:06.639603  5957 work_track.cpp:120] Track results of frame 184: 0 objects input, 0 objects tracked!
I1014 12:21:06.639621  5957 work_thread.hpp:88]  [T-Work-Detect_0] Frame :184 split
I1014 12:21:06.639669  5960 thread_intergrate.hpp:78] [T-Intergrate-intergrate] queue: frame output frame :184
I1014 12:21:06.640759  5960 thread_intergrate.hpp:157] T-Intergrate-intergrate Show face :2, size :640 * 360
I1014 12:21:06.668586  5954 demo_inner.hpp:177] decode queue size 0
I1014 12:21:06.668694  5957 work_thread.hpp:81]  [T-Work-Detect_0] Run work: WorkDetect
I1014 12:21:06.668727  5957 work_detect.cpp:102] Succeeded to add det start for frame 185
