I1014 15:11:51.039034  8764 thread_intergrate.hpp:78] [T-Intergrate-intergrate] queue: frame output frame :158
I1014 15:11:51.039062  8764 thread_intergrate.hpp:85] [T-Intergrate-intergrate] queue: compare output face:0
I1014 15:11:51.039080  8764 thread_intergrate.hpp:144] T-Intergrate-intergrate set matched face: 0
I1014 15:11:51.039649  8762 work_thread.hpp:81]  [T-Work-Recog_0] Run work: WorkRecog
I1014 15:11:51.039674  8762 work_recog.hpp:89] Face id: 0 will run recog: bbox [182 x 232 from (219, 65)] quality: 0.477176
I1014 15:11:51.039703  8762 work_recog.hpp:96] Recog pair: [264 x 328 from (176, 16)], [182 x 232 from (43, 49)]
I1014 15:11:51.040563  8764 thread_intergrate.hpp:171] T-Intergrate-intergrate Show face :0, size :640 * 360
I1014 15:11:51.041096  8760 demo_inner.hpp:435] thread [SORT-0]  frame id 158 sorting queue size 0   FPS: 28.7592
I1014 15:11:51.057335  8762 work_thread.hpp:81]  [T-Work-Recog_0] Run work: WorkCompare
I1014 15:11:51.057792  8762 work_compare.cpp:76] Compare face: 0 successed, similarity :0.998085, name : images/ThangLMb.jpg, normal size : 1548 * 1719!
I1014 15:11:51.068150  8758 demo_inner.hpp:177] decode queue size 0
I1014 15:11:51.068274  8761 work_thread.hpp:81]  [T-Work-Detect_0] Run work: WorkDetect
I1014 15:11:51.068307  8761 work_detect.cpp:102] Succeeded to add det start for frame 159
I1014 15:11:51.074990  8761 work_detect.cpp:70] Frame :159 detect result :1 face(s)
I1014 15:11:51.075032  8761 work_detect.cpp:86] Detected bbox: [178 x 225 from (219, 69)]
I1014 15:11:51.075075  8761 work_detect.cpp:120] Succeeded to add det end for frame 159
I1014 15:11:51.075091  8761 work_thread.hpp:81]  [T-Work-Detect_0] Run work: WrokTrack
I1014 15:11:51.075115  8761 work_track.cpp:82] Frame: 159 build input_characts: [0.278125 x 0.625 from (0.342187, 0.191667)], 1.00019, 0
I1014 15:11:51.075172  8761 work_track.cpp:102] Succeeded to set track lock for frame 159
I1014 15:11:51.075212  8761 work_track.cpp:116] Succeeded to release track lock for frame 159
I1014 15:11:51.075301  8761 work_track.cpp:120] Track results of frame 159: 1 objects input, 1 objects tracked!
I1014 15:11:51.075321  8761 work_track.cpp:148] Frame: 159, track bbox: [178 x 225 from (217.527, 67.6968)], gid: 0, lid: 0
I1014 15:11:51.075358  8761 work_thread.hpp:87]  [T-Work-Detect_0] Frame :159 split
I1014 15:11:51.075376  8761 work_thread.hpp:120]  [T-Work-Detect_0] Valid piece: gid = 0
I1014 15:11:51.075395  8761 work_thread.hpp:91]  [T-Work-Detect_0] Push to split queue:recog
I1014 15:11:51.075438  8762 work_thread.hpp:81]  [T-Work-Recog_0] Run work: WorkCapture
I1014 15:11:51.075441  8764 thread_intergrate.hpp:78] [T-Intergrate-intergrate] queue: frame output frame :159
I1014 15:11:51.075470  8764 thread_intergrate.hpp:85] [T-Intergrate-intergrate] queue: compare output face:0
I1014 15:11:51.075489  8764 thread_intergrate.hpp:144] T-Intergrate-intergrate set matched face: 0
I1014 15:11:51.076022  8762 work_thread.hpp:81]  [T-Work-Recog_0] Run work: WorkRecog
I1014 15:11:51.076047  8762 work_recog.hpp:89] Face id: 0 will run recog: bbox [178 x 225 from (219, 69)] quality: 0.471524
I1014 15:11:51.076077  8762 work_recog.hpp:96] Recog pair: [248 x 320 from (184, 24)], [178 x 225 from (35, 45)]
I1014 15:11:51.076992  8764 thread_intergrate.hpp:171] T-Intergrate-intergrate Show face :0, size :640 * 360
I1014 15:11:51.077507  8760 demo_inner.hpp:435] thread [SORT-0]  frame id 159 sorting queue size 1   FPS: 28.7592
I1014 15:11:51.093753  8762 work_thread.hpp:81]  [T-Work-Recog_0] Run work: WorkCompare
I1014 15:11:51.094264  8762 work_compare.cpp:76] Compare face: 0 successed, similarity :0.996861, name : images/ThangLMb.jpg, normal size : 1548 * 1719!
I1014 15:11:51.104004  8758 demo_inner.hpp:177] decode queue size 0
I1014 15:11:51.104131  8761 work_thread.hpp:81]  [T-Work-Detect_0] Run work: WorkDetect
I1014 15:11:51.104193  8761 work_detect.cpp:102] Succeeded to add det start for frame 160
I1014 15:11:51.110785  8761 work_detect.cpp:70] Frame :160 detect result :1 face(s)
I1014 15:11:51.110827  8761 work_detect.cpp:86] Detected bbox: [185 x 227 from (225, 65)]
I1014 15:11:51.110869  8761 work_detect.cpp:120] Succeeded to add det end for frame 160
I1014 15:11:51.110885  8761 work_thread.hpp:81]  [T-Work-Detect_0] Run work: WrokTrack
I1014 15:11:51.110908  8761 work_track.cpp:82] Frame: 160 build input_characts: [0.289062 x 0.630556 from (0.351562, 0.180556)], 1.00035, 0
I1014 15:11:51.110963  8761 work_track.cpp:102] Succeeded to set track lock for frame 160
I1014 15:11:51.111002  8761 work_track.cpp:116] Succeeded to release track lock for frame 160
I1014 15:11:51.111017  8761 work_track.cpp:120] Track results of frame 160: 1 objects input, 1 objects tracked!
I1014 15:11:51.111035  8761 work_track.cpp:148] Frame: 160, track bbox: [185 x 227 from (218.8, 66.7261)], gid: 0, lid: 0
I1014 15:11:51.111074  8761 work_thread.hpp:87]  [T-Work-Detect_0] Frame :160 split
I1014 15:11:51.111093  8761 work_thread.hpp:120]  [T-Work-Detect_0] Valid piece: gid = 0
I1014 15:11:51.111111  8761 work_thread.hpp:91]  [T-Work-Detect_0] Push to split queue:recog
I1014 15:11:51.111151  8762 work_thread.hpp:81]  [T-Work-Recog_0] Run work: WorkCapture
I1014 15:11:51.111166  8764 thread_intergrate.hpp:78] [T-Intergrate-intergrate] queue: frame output frame :160
I1014 15:11:51.111192  8764 thread_intergrate.hpp:85] [T-Intergrate-intergrate] queue: compare output face:0
I1014 15:11:51.111212  8764 thread_intergrate.hpp:144] T-Intergrate-intergrate set matched face: 0
I1014 15:11:51.111744  8762 work_thread.hpp:81]  [T-Work-Recog_0] Run work: WorkRecog
I1014 15:11:51.111769  8762 work_recog.hpp:89] Face id: 0 will run recog: bbox [185 x 227 from (225, 65)] quality: 0.44555
I1014 15:11:51.111801  8762 work_recog.hpp:96] Recog pair: [264 x 328 from (184, 16)], [185 x 227 from (41, 49)]
I1014 15:11:51.112709  8764 thread_intergrate.hpp:171] T-Intergrate-intergrate Show face :0, size :640 * 360
I1014 15:11:51.113293  8760 demo_inner.hpp:435] thread [SORT-0]  frame id 160 sorting queue size 2   FPS: 28.6885
I1014 15:11:51.129477  8762 work_thread.hpp:81]  [T-Work-Recog_0] Run work: WorkCompare
I1014 15:11:51.130013  8762 work_compare.cpp:76] Compare face: 0 successed, similarity :0.995574, name : images/ThangLMb.jpg, normal size : 1548 * 1719!
I1014 15:11:51.134424  8758 demo_inner.hpp:177] decode queue size 0
I1014 15:11:51.134529  8761 work_thread.hpp:81]  [T-Work-Detect_0] Run work: WorkDetect
I1014 15:11:51.134562  8761 work_detect.cpp:102] Succeeded to add det start for frame 161
I1014 15:11:51.141254  8761 work_detect.cpp:70] Frame :161 detect result :1 face(s)
I1014 15:11:51.141295  8761 work_detect.cpp:86] Detected bbox: [176 x 225 from (220, 61)]
I1014 15:11:51.141337  8761 work_detect.cpp:120] Succeeded to add det end for frame 161
I1014 15:11:51.141353  8761 work_thread.hpp:81]  [T-Work-Detect_0] Run work: WrokTrack
I1014 15:11:51.141376  8761 work_track.cpp:82] Frame: 161 build input_characts: [0.275 x 0.625 from (0.34375, 0.169444)], 1.00019, 0
I1014 15:11:51.141430  8761 work_track.cpp:102] Succeeded to set track lock for frame 161
I1014 15:11:51.141469  8761 work_track.cpp:116] Succeeded to release track lock for frame 161
I1014 15:11:51.141484  8761 work_track.cpp:120] Track results of frame 161: 1 objects input, 1 objects tracked!
I1014 15:11:51.141500  8761 work_track.cpp:148] Frame: 161, track bbox: [176 x 225 from (223.597, 64.8092)], gid: 0, lid: 0
I1014 15:11:51.141536  8761 work_thread.hpp:87]  [T-Work-Detect_0] Frame :161 split
I1014 15:11:51.141553  8761 work_thread.hpp:120]  [T-Work-Detect_0] Valid piece: gid = 0
I1014 15:11:51.141571  8761 work_thread.hpp:91]  [T-Work-Detect_0] Push to split queue:recog
I1014 15:11:51.141615  8763 work_thread.hpp:81]  [T-Work-Recog_1] Run work: WorkCapture
I1014 15:11:51.141623  8764 thread_intergrate.hpp:78] [T-Intergrate-intergrate] queue: frame output frame :161
I1014 15:11:51.141650  8764 thread_intergrate.hpp:85] [T-Intergrate-intergrate] queue: compare output face:0
I1014 15:11:51.141669  8764 thread_intergrate.hpp:144] T-Intergrate-intergrate set matched face: 0
I1014 15:11:51.142190  8763 work_thread.hpp:81]  [T-Work-Recog_1] Run work: WorkRecog
I1014 15:11:51.142215  8763 work_recog.hpp:89] Face id: 0 will run recog: bbox [176 x 225 from (220, 61)] quality: 0.445279
I1014 15:11:51.142244  8763 work_recog.hpp:96] Recog pair: [248 x 320 from (184, 16)], [176 x 225 from (36, 45)]
I1014 15:11:51.143136  8764 thread_intergrate.hpp:171] T-Intergrate-intergrate Show face :0, size :640 * 360
I1014 15:11:51.143595  8760 demo_inner.hpp:435] thread [SORT-0]  frame id 161 sorting queue size 3   FPS: 28.7474
I1014 15:11:51.159888  8763 work_thread.hpp:81]  [T-Work-Recog_1] Run work: WorkCompare
I1014 15:11:51.160447  8763 work_compare.cpp:76] Compare face: 0 successed, similarity :0.997122, name : images/ThangLMb.jpg, normal size : 1548 * 1719!
I1014 15:11:51.170006  8758 demo_inner.hpp:177] decode queue size 0
I1014 15:11:51.170114  8761 work_thread.hpp:81]  [T-Work-Detect_0] Run work: WorkDetect
I1014 15:11:51.170147  8761 work_detect.cpp:102] Succeeded to add det start for frame 162
I1014 15:11:51.176885  8761 work_detect.cpp:70] Frame :162 detect result :1 face(s)
I1014 15:11:51.176928  8761 work_detect.cpp:86] Detected bbox: [174 x 228 from (220, 57)]
I1014 15:11:51.176972  8761 work_detect.cpp:120] Succeeded to add det end for frame 162
I1014 15:11:51.176988  8761 work_thread.hpp:81]  [T-Work-Detect_0] Run work: WrokTrack
I1014 15:11:51.177011  8761 work_track.cpp:82] Frame: 162 build input_characts: [0.271875 x 0.633333 from (0.34375, 0.158333)], 1.00019, 0
I1014 15:11:51.177067  8761 work_track.cpp:102] Succeeded to set track lock for frame 162
I1014 15:11:51.177105  8761 work_track.cpp:116] Succeeded to release track lock for frame 162
I1014 15:11:51.177120  8761 work_track.cpp:120] Track results of frame 162: 1 objects input, 1 objects tracked!
I1014 15:11:51.177137  8761 work_track.cpp:148] Frame: 162, track bbox: [174 x 228 from (222.585, 59.2351)], gid: 0, lid: 0
I1014 15:11:51.177172  8761 work_thread.hpp:87]  [T-Work-Detect_0] Frame :162 split
I1014 15:11:51.177189  8761 work_thread.hpp:120]  [T-Work-Detect_0] Valid piece: gid = 0
I1014 15:11:51.177282  8761 work_thread.hpp:91]  [T-Work-Detect_0] Push to split queue:recog
I1014 15:11:51.177331  8763 work_thread.hpp:81]  [T-Work-Recog_1] Run work: WorkCapture
I1014 15:11:51.177333  8764 thread_intergrate.hpp:78] [T-Intergrate-intergrate] queue: frame output frame :162
I1014 15:11:51.177371  8764 thread_intergrate.hpp:85] [T-Intergrate-intergrate] queue: compare output face:0
I1014 15:11:51.177390  8764 thread_intergrate.hpp:144] T-Intergrate-intergrate set matched face: 0
I1014 15:11:51.177922  8763 work_thread.hpp:81]  [T-Work-Recog_1] Run work: WorkRecog
I1014 15:11:51.177947  8763 work_recog.hpp:89] Face id: 0 will run recog: bbox [174 x 228 from (220, 57)] quality: 0.424386
I1014 15:11:51.177979  8763 work_recog.hpp:96] Recog pair: [248 x 328 from (184, 8)], [174 x 228 from (36, 49)]
I1014 15:11:51.178869  8764 thread_intergrate.hpp:171] T-Intergrate-intergrate Show face :0, size :640 * 360
I1014 15:11:51.179457  8760 demo_inner.hpp:435] thread [SORT-0]  frame id 162 sorting queue size 4   FPS: 28.6885
I1014 15:11:51.195711  8763 work_thread.hpp:81]  [T-Work-Recog_1] Run work: WorkCompare
I1014 15:11:51.196188  8763 work_compare.cpp:76] Compare face: 0 successed, similarity :0.997699, name : images/ThangLMb.jpg, normal size : 1548 * 1719!
I1014 15:11:51.200464  8758 demo_inner.hpp:177] decode queue size 0
I1014 15:11:51.200569  8761 work_thread.hpp:81]  [T-Work-Detect_0] Run work: WorkDetect
I1014 15:11:51.200603  8761 work_detect.cpp:102] Succeeded to add det start for frame 163
I1014 15:11:51.209239  8761 work_detect.cpp:70] Frame :163 detect result :1 face(s)
I1014 15:11:51.209291  8761 work_detect.cpp:86] Detected bbox: [174 x 230 from (222, 57)]
I1014 15:11:51.209336  8761 work_detect.cpp:120] Succeeded to add det end for frame 163
I1014 15:11:51.209375  8761 work_thread.hpp:81]  [T-Work-Detect_0] Run work: WrokTrack
I1014 15:11:51.209400  8761 work_track.cpp:82] Frame: 163 build input_characts: [0.271875 x 0.638889 from (0.346875, 0.158333)], 0.999622, 0
I1014 15:11:51.209456  8761 work_track.cpp:102] Succeeded to set track lock for frame 163
I1014 15:11:51.209503  8761 work_track.cpp:116] Succeeded to release track lock for frame 163
I1014 15:11:51.209518  8761 work_track.cpp:120] Track results of frame 163: 1 objects input, 1 objects tracked!
I1014 15:11:51.209537  8761 work_track.cpp:148] Frame: 163, track bbox: [174 x 230 from (221.695, 55.4592)], gid: 0, lid: 0
I1014 15:11:51.209573  8761 work_thread.hpp:87]  [T-Work-Detect_0] Frame :163 split
I1014 15:11:51.209614  8761 work_thread.hpp:120]  [T-Work-Detect_0] Valid piece: gid = 0
I1014 15:11:51.209635  8761 work_thread.hpp:91]  [T-Work-Detect_0] Push to split queue:recog
I1014 15:11:51.209678  8764 thread_intergrate.hpp:78] [T-Intergrate-intergrate] queue: frame output frame :163
I1014 15:11:51.209681  8762 work_thread.hpp:81]  [T-Work-Recog_0] Run work: WorkCapture
I1014 15:11:51.209707  8764 thread_intergrate.hpp:85] [T-Intergrate-intergrate] queue: compare output face:0
I1014 15:11:51.209728  8764 thread_intergrate.hpp:144] T-Intergrate-intergrate set matched face: 0
I1014 15:11:51.210268  8762 work_thread.hpp:81]  [T-Work-Recog_0] Run work: WorkRecog
I1014 15:11:51.210292  8762 work_recog.hpp:89] Face id: 0 will run recog: bbox [174 x 230 from (222, 57)] quality: 0.431977
I1014 15:11:51.210322  8762 work_recog.hpp:96] Recog pair: [248 x 328 from (184, 8)], [174 x 230 from (38, 49)]
I1014 15:11:51.211189  8764 thread_intergrate.hpp:171] T-Intergrate-intergrate Show face :0, size :640 * 360
I1014 15:11:51.211730  8760 demo_inner.hpp:435] thread [SORT-0]  frame id 163 sorting queue size 5   FPS: 28.7356
I1014 15:11:51.228111  8762 work_thread.hpp:81]  [T-Work-Recog_0] Run work: WorkCompare
I1014 15:11:51.228592  8762 work_compare.cpp:76] Compare face: 0 successed, similarity :0.996805, name : images/ThangLMb.jpg, normal size : 1548 * 1719!
I1014 15:11:51.236382  8758 demo_inner.hpp:177] decode queue size 0
I1014 15:11:51.236521  8761 work_thread.hpp:81]  [T-Work-Detect_0] Run work: WorkDetect
I1014 15:11:51.236649  8761 work_detect.cpp:102] Succeeded to add det start for frame 164
I1014 15:11:51.244362  8761 work_detect.cpp:70] Frame :164 detect result :1 face(s)
I1014 15:11:51.244407  8761 work_detect.cpp:86] Detected bbox: [175 x 225 from (223, 65)]
I1014 15:11:51.244459  8761 work_detect.cpp:120] Succeeded to add det end for frame 164
I1014 15:11:51.244475  8761 work_thread.hpp:81]  [T-Work-Detect_0] Run work: WrokTrack
I1014 15:11:51.244499  8761 work_track.cpp:82] Frame: 164 build input_characts: [0.273438 x 0.625 from (0.348437, 0.180556)], 1.00035, 0
I1014 15:11:51.244578  8761 work_track.cpp:102] Succeeded to set track lock for frame 164
I1014 15:11:51.244618  8761 work_track.cpp:116] Succeeded to release track lock for frame 164
I1014 15:11:51.244633  8761 work_track.cpp:120] Track results of frame 164: 1 objects input, 1 objects tracked!
I1014 15:11:51.244652  8761 work_track.cpp:148] Frame: 164, track bbox: [175 x 225 from (221.511, 60.1995)], gid: 0, lid: 0
I1014 15:11:51.244696  8761 work_thread.hpp:87]  [T-Work-Detect_0] Frame :164 split
I1014 15:11:51.244714  8761 work_thread.hpp:120]  [T-Work-Detect_0] Valid piece: gid = 0
I1014 15:11:51.244732  8761 work_thread.hpp:91]  [T-Work-Detect_0] Push to split queue:recog
I1014 15:11:51.244776  8764 thread_intergrate.hpp:78] [T-Intergrate-intergrate] queue: frame output frame :164
I1014 15:11:51.244777  8763 work_thread.hpp:81]  [T-Work-Recog_1] Run work: WorkCapture
I1014 15:11:51.244807  8764 thread_intergrate.hpp:85] [T-Intergrate-intergrate] queue: compare output face:0
I1014 15:11:51.244827  8764 thread_intergrate.hpp:144] T-Intergrate-intergrate set matched face: 0
I1014 15:11:51.245357  8763 work_thread.hpp:81]  [T-Work-Recog_1] Run work: WorkRecog
I1014 15:11:51.245380  8763 work_recog.hpp:89] Face id: 0 will run recog: bbox [175 x 225 from (223, 65)] quality: 0.464907
I1014 15:11:51.245409  8763 work_recog.hpp:96] Recog pair: [256 x 320 from (184, 16)], [175 x 225 from (39, 49)]
I1014 15:11:51.246289  8764 thread_intergrate.hpp:171] T-Intergrate-intergrate Show face :0, size :640 * 360
I1014 15:11:51.246889  8760 demo_inner.hpp:435] thread [SORT-0]  frame id 164 sorting queue size 6   FPS: 28.665
I1014 15:11:51.262868  8763 work_thread.hpp:81]  [T-Work-Recog_1] Run work: WorkCompare
I1014 15:11:51.263332  8763 work_compare.cpp:76] Compare face: 0 successed, similarity :0.993997, name : images/ThangLMb.jpg, normal size : 1548 * 1719!
I1014 15:11:51.266391  8758 demo_inner.hpp:177] decode queue size 0
I1014 15:11:51.266614  8761 work_thread.hpp:81]  [T-Work-Detect_0] Run work: WorkDetect
I1014 15:11:51.266651  8761 work_detect.cpp:102] Succeeded to add det start for frame 165
I1014 15:11:51.274286  8761 work_detect.cpp:70] Frame :165 detect result :1 face(s)
I1014 15:11:51.274350  8761 work_detect.cpp:86] Detected bbox: [187 x 229 from (226, 64)]
I1014 15:11:51.274395  8761 work_detect.cpp:120] Succeeded to add det end for frame 165
I1014 15:11:51.274412  8761 work_thread.hpp:81]  [T-Work-Detect_0] Run work: WrokTrack
I1014 15:11:51.274444  8761 work_track.cpp:82] Frame: 165 build input_characts: [0.292188 x 0.636111 from (0.353125, 0.177778)], 1.00019, 0
I1014 15:11:51.274500  8761 work_track.cpp:102] Succeeded to set track lock for frame 165
I1014 15:11:51.274539  8761 work_track.cpp:116] Succeeded to release track lock for frame 165
I1014 15:11:51.274577  8761 work_track.cpp:120] Track results of frame 165: 1 objects input, 1 objects tracked!
I1014 15:11:51.274597  8761 work_track.cpp:148] Frame: 165, track bbox: [187 x 229 from (219.841, 61.5977)], gid: 0, lid: 0
I1014 15:11:51.274633  8761 work_thread.hpp:87]  [T-Work-Detect_0] Frame :165 split
I1014 15:11:51.274652  8761 work_thread.hpp:120]  [T-Work-Detect_0] Valid piece: gid = 0
I1014 15:11:51.274668  8761 work_thread.hpp:91]  [T-Work-Detect_0] Push to split queue:recog
I1014 15:11:51.274714  8762 work_thread.hpp:81]  [T-Work-Recog_0] Run work: WorkCapture
I1014 15:11:51.274722  8764 thread_intergrate.hpp:78] [T-Intergrate-intergrate] queue: frame output frame :165
I1014 15:11:51.274749  8764 thread_intergrate.hpp:85] [T-Intergrate-intergrate] queue: compare output face:0
I1014 15:11:51.274845  8764 thread_intergrate.hpp:144] T-Intergrate-intergrate set matched face: 0
I1014 15:11:51.275292  8762 work_thread.hpp:81]  [T-Work-Recog_0] Run work: WorkRecog
I1014 15:11:51.275316  8762 work_recog.hpp:89] Face id: 0 will run recog: bbox [187 x 229 from (226, 64)] quality: 0.424386
I1014 15:11:51.275347  8762 work_recog.hpp:96] Recog pair: [272 x 328 from (184, 16)], [187 x 229 from (42, 48)]
I1014 15:11:51.276340  8764 thread_intergrate.hpp:171] T-Intergrate-intergrate Show face :0, size :640 * 360
I1014 15:11:51.276877  8760 demo_inner.hpp:435] thread [SORT-0]  frame id 165 sorting queue size 7   FPS: 28.7592
I1014 15:11:51.292845  8762 work_thread.hpp:81]  [T-Work-Recog_0] Run work: WorkCompare
I1014 15:11:51.293318  8762 work_compare.cpp:76] Compare face: 0 successed, similarity :0.995607, name : images/ThangLMb.jpg, normal size : 1548 * 1719!
I1014 15:11:51.302309  8758 demo_inner.hpp:177] decode queue size 0
I1014 15:11:51.302450  8761 work_thread.hpp:81]  [T-Work-Detect_0] Run work: WorkDetect
I1014 15:11:51.302528  8761 work_detect.cpp:102] Succeeded to add det start for frame 166
I1014 15:11:51.310046  8761 work_detect.cpp:70] Frame :166 detect result :1 face(s)
I1014 15:11:51.310086  8761 work_detect.cpp:86] Detected bbox: [173 x 227 from (223, 62)]
I1014 15:11:51.310153  8761 work_detect.cpp:120] Succeeded to add det end for frame 166
I1014 15:11:51.310170  8761 work_thread.hpp:81]  [T-Work-Detect_0] Run work: WrokTrack
I1014 15:11:51.310302  8761 work_track.cpp:82] Frame: 166 build input_characts: [0.270312 x 0.630556 from (0.348437, 0.172222)], 1.00019, 0
I1014 15:11:51.310379  8761 work_track.cpp:102] Succeeded to set track lock for frame 166
I1014 15:11:51.310421  8761 work_track.cpp:116] Succeeded to release track lock for frame 166
I1014 15:11:51.310436  8761 work_track.cpp:120] Track results of frame 166: 1 objects input, 1 objects tracked!
I1014 15:11:51.310453  8761 work_track.cpp:148] Frame: 166, track bbox: [173 x 227 from (227.418, 63.8642)], gid: 0, lid: 0
I1014 15:11:51.310497  8761 work_thread.hpp:87]  [T-Work-Detect_0] Frame :166 split
I1014 15:11:51.310516  8761 work_thread.hpp:120]  [T-Work-Detect_0] Valid piece: gid = 0
I1014 15:11:51.310534  8761 work_thread.hpp:91]  [T-Work-Detect_0] Push to split queue:recog
I1014 15:11:51.310575  8762 work_thread.hpp:81]  [T-Work-Recog_0] Run work: WorkCapture
I1014 15:11:51.310578  8764 thread_intergrate.hpp:78] [T-Intergrate-intergrate] queue: frame output frame :166
I1014 15:11:51.310606  8764 thread_intergrate.hpp:85] [T-Intergrate-intergrate] queue: compare output face:0
I1014 15:11:51.310626  8764 thread_intergrate.hpp:144] T-Intergrate-intergrate set matched face: 0
I1014 15:11:51.311154  8762 work_thread.hpp:81]  [T-Work-Recog_0] Run work: WorkRecog
I1014 15:11:51.311182  8762 work_recog.hpp:89] Face id: 0 will run recog: bbox [173 x 227 from (223, 62)] quality: 0.477176
I1014 15:11:51.311211  8762 work_recog.hpp:96] Recog pair: [248 x 320 from (184, 16)], [173 x 227 from (39, 46)]
I1014 15:11:51.312085  8764 thread_intergrate.hpp:171] T-Intergrate-intergrate Show face :0, size :640 * 360
I1014 15:11:51.312590  8760 demo_inner.hpp:435] thread [SORT-0]  frame id 166 sorting queue size 8   FPS: 28.7474
I1014 15:11:51.328650  8762 work_thread.hpp:81]  [T-Work-Recog_0] Run work: WorkCompare
I1014 15:11:51.329113  8762 work_compare.cpp:76] Compare face: 0 successed, similarity :0.997438, name : images/ThangLMb.jpg, normal size : 1548 * 1719!
I1014 15:11:51.332335  8758 demo_inner.hpp:177] decode queue size 0
I1014 15:11:51.332502  8761 work_thread.hpp:81]  [T-Work-Detect_0] Run work: WorkDetect
I1014 15:11:51.332551  8761 work_detect.cpp:102] Succeeded to add det start for frame 167
I1014 15:11:51.340426  8761 work_detect.cpp:70] Frame :167 detect result :1 face(s)
I1014 15:11:51.340461  8761 work_detect.cpp:86] Detected bbox: [174 x 224 from (224, 66)]
I1014 15:11:51.340503  8761 work_detect.cpp:120] Succeeded to add det end for frame 167
I1014 15:11:51.340616  8761 work_thread.hpp:81]  [T-Work-Detect_0] Run work: WrokTrack
I1014 15:11:51.340651  8761 work_track.cpp:82] Frame: 167 build input_characts: [0.271875 x 0.622222 from (0.35, 0.183333)], 1.00019, 0
I1014 15:11:51.340706  8761 work_track.cpp:102] Succeeded to set track lock for frame 167
I1014 15:11:51.340745  8761 work_track.cpp:116] Succeeded to release track lock for frame 167
I1014 15:11:51.340759  8761 work_track.cpp:120] Track results of frame 167: 1 objects input, 1 objects tracked!
I1014 15:11:51.340798  8761 work_track.cpp:148] Frame: 167, track bbox: [174 x 224 from (226.278, 66.7161)], gid: 0, lid: 0
I1014 15:11:51.340835  8761 work_thread.hpp:87]  [T-Work-Detect_0] Frame :167 split
I1014 15:11:51.340852  8761 work_thread.hpp:120]  [T-Work-Detect_0] Valid piece: gid = 0
I1014 15:11:51.340870  8761 work_thread.hpp:91]  [T-Work-Detect_0] Push to split queue:recog
I1014 15:11:51.340921  8763 work_thread.hpp:81]  [T-Work-Recog_1] Run work: WorkCapture
I1014 15:11:51.340929  8764 thread_intergrate.hpp:78] [T-Intergrate-intergrate] queue: frame output frame :167
I1014 15:11:51.340955  8764 thread_intergrate.hpp:85] [T-Intergrate-intergrate] queue: compare output face:0
I1014 15:11:51.340973  8764 thread_intergrate.hpp:144] T-Intergrate-intergrate set matched face: 0
I1014 15:11:51.341485  8763 work_thread.hpp:81]  [T-Work-Recog_1] Run work: WorkRecog
I1014 15:11:51.341511  8763 work_recog.hpp:89] Face id: 0 will run recog: bbox [174 x 224 from (224, 66)] quality: 0.465029
I1014 15:11:51.341540  8763 work_recog.hpp:96] Recog pair: [248 x 320 from (184, 16)], [174 x 224 from (40, 50)]
I1014 15:11:51.342437  8764 thread_intergrate.hpp:171] T-Intergrate-intergrate Show face :0, size :640 * 360
I1014 15:11:51.342943  8760 demo_inner.hpp:435] thread [SORT-0]  frame id 167 sorting queue size 9   FPS: 28.7238
I1014 15:11:51.359114  8763 work_thread.hpp:81]  [T-Work-Recog_1] Run work: WorkCompare
I1014 15:11:51.359575  8763 work_compare.cpp:76] Compare face: 0 successed, similarity :0.998093, name : images/ThangLMb.jpg, normal size : 1548 * 1719!
I1014 15:11:51.368340  8758 demo_inner.hpp:177] decode queue size 0
I1014 15:11:51.368501  8761 work_thread.hpp:81]  [T-Work-Detect_0] Run work: WorkDetect
I1014 15:11:51.368541  8761 work_detect.cpp:102] Succeeded to add det start for frame 168
I1014 15:11:51.376001  8761 work_detect.cpp:70] Frame :168 detect result :1 face(s)
I1014 15:11:51.376036  8761 work_detect.cpp:86] Detected bbox: [169 x 223 from (222, 64)]
I1014 15:11:51.376099  8761 work_detect.cpp:120] Succeeded to add det end for frame 168
I1014 15:11:51.376117  8761 work_thread.hpp:81]  [T-Work-Detect_0] Run work: WrokTrack
I1014 15:11:51.376140  8761 work_track.cpp:82] Frame: 168 build input_characts: [0.264062 x 0.619444 from (0.346875, 0.177778)], 0.999622, 0
I1014 15:11:51.376349  8761 work_track.cpp:102] Succeeded to set track lock for frame 168
I1014 15:11:51.376391  8761 work_track.cpp:116] Succeeded to release track lock for frame 168
I1014 15:11:51.376406  8761 work_track.cpp:120] Track results of frame 168: 1 objects input, 1 objects tracked!
I1014 15:11:51.376425  8761 work_track.cpp:148] Frame: 168, track bbox: [169 x 223 from (225.024, 65.8237)], gid: 0, lid: 0
I1014 15:11:51.376471  8761 work_thread.hpp:87]  [T-Work-Detect_0] Frame :168 split
I1014 15:11:51.376489  8761 work_thread.hpp:120]  [T-Work-Detect_0] Valid piece: gid = 0
I1014 15:11:51.376507  8761 work_thread.hpp:91]  [T-Work-Detect_0] Push to split queue:recog
I1014 15:11:51.376549  8763 work_thread.hpp:81]  [T-Work-Recog_1] Run work: WorkCapture
I1014 15:11:51.376551  8764 thread_intergrate.hpp:78] [T-Intergrate-intergrate] queue: frame output frame :168
I1014 15:11:51.376579  8764 thread_intergrate.hpp:85] [T-Intergrate-intergrate] queue: compare output face:0
I1014 15:11:51.376598  8764 thread_intergrate.hpp:144] T-Intergrate-intergrate set matched face: 0
I1014 15:11:51.377123  8763 work_thread.hpp:81]  [T-Work-Recog_1] Run work: WorkRecog
I1014 15:11:51.377147  8763 work_recog.hpp:89] Face id: 0 will run recog: bbox [169 x 223 from (222, 64)] quality: 0.4705
I1014 15:11:51.377260  8763 work_recog.hpp:96] Recog pair: [240 x 320 from (184, 16)], [169 x 223 from (38, 48)]
I1014 15:11:51.378062  8764 thread_intergrate.hpp:171] T-Intergrate-intergrate Show face :0, size :640 * 360
I1014 15:11:51.378562  8760 demo_inner.hpp:435] thread [SORT-0]  frame id 168 sorting queue size 10   FPS: 28.7238
I1014 15:11:51.394752  8763 work_thread.hpp:81]  [T-Work-Recog_1] Run work: WorkCompare
I1014 15:11:51.395210  8763 work_compare.cpp:76] Compare face: 0 successed, similarity :0.996832, name : images/ThangLMb.jpg, normal size : 1548 * 1719!
I1014 15:11:51.404053  8758 demo_inner.hpp:177] decode queue size 0
I1014 15:11:51.404222  8761 work_thread.hpp:81]  [T-Work-Detect_0] Run work: WorkDetect
I1014 15:11:51.404260  8761 work_detect.cpp:102] Succeeded to add det start for frame 169
I1014 15:11:51.411751  8761 work_detect.cpp:70] Frame :169 detect result :1 face(s)
I1014 15:11:51.411788  8761 work_detect.cpp:86] Detected bbox: [173 x 224 from (223, 62)]
I1014 15:11:51.411849  8761 work_detect.cpp:120] Succeeded to add det end for frame 169
I1014 15:11:51.411865  8761 work_thread.hpp:81]  [T-Work-Detect_0] Run work: WrokTrack
I1014 15:11:51.411888  8761 work_track.cpp:82] Frame: 169 build input_characts: [0.270312 x 0.622222 from (0.348437, 0.172222)], 1.00019, 0
I1014 15:11:51.411943  8761 work_track.cpp:102] Succeeded to set track lock for frame 169
I1014 15:11:51.411983  8761 work_track.cpp:116] Succeeded to release track lock for frame 169
I1014 15:11:51.411998  8761 work_track.cpp:120] Track results of frame 169: 1 objects input, 1 objects tracked!
I1014 15:11:51.412014  8761 work_track.cpp:148] Frame: 169, track bbox: [173 x 224 from (221.603, 62.7956)], gid: 0, lid: 0
I1014 15:11:51.412051  8761 work_thread.hpp:87]  [T-Work-Detect_0] Frame :169 split
I1014 15:11:51.412068  8761 work_thread.hpp:120]  [T-Work-Detect_0] Valid piece: gid = 0
I1014 15:11:51.412086  8761 work_thread.hpp:91]  [T-Work-Detect_0] Push to split queue:recog
I1014 15:11:51.412125  8763 work_thread.hpp:81]  [T-Work-Recog_1] Run work: WorkCapture
I1014 15:11:51.412129  8764 thread_intergrate.hpp:78] [T-Intergrate-intergrate] queue: frame output frame :169
I1014 15:11:51.412168  8764 thread_intergrate.hpp:85] [T-Intergrate-intergrate] queue: compare output face:0
I1014 15:11:51.412189  8764 thread_intergrate.hpp:144] T-Intergrate-intergrate set matched face: 0
I1014 15:11:51.412886  8763 work_thread.hpp:81]  [T-Work-Recog_1] Run work: WorkRecog
I1014 15:11:51.412914  8763 work_recog.hpp:89] Face id: 0 will run recog: bbox [173 x 224 from (223, 62)] quality: 0.471312
I1014 15:11:51.412946  8763 work_recog.hpp:96] Recog pair: [248 x 320 from (184, 16)], [173 x 224 from (39, 46)]
I1014 15:11:51.413662  8764 thread_intergrate.hpp:171] T-Intergrate-intergrate Show face :0, size :640 * 360
I1014 15:11:51.418426  8759 demo_inner.hpp:260]  gui queue size 9, state = running
I1014 15:11:51.418875  8760 demo_inner.hpp:435] thread [SORT-0]  frame id 169 sorting queue size 0   FPS: 28.6065
I1014 15:11:51.419251  8759 demo_inner.hpp:260]  gui queue size 0, state = running
I1014 15:11:51.430407  8763 work_thread.hpp:81]  [T-Work-Recog_1] Run work: WorkCompare
I1014 15:11:51.430867  8763 work_compare.cpp:76] Compare face: 0 successed, similarity :0.997131, name : images/ThangLMb.jpg, normal size : 1548 * 1719!
I1014 15:11:51.434087  8758 demo_inner.hpp:177] decode queue size 0
I1014 15:11:51.434165  8761 work_thread.hpp:81]  [T-Work-Detect_0] Run work: WorkDetect
I1014 15:11:51.434199  8761 work_detect.cpp:102] Succeeded to add det start for frame 170
I1014 15:11:51.440909  8761 work_detect.cpp:70] Frame :170 detect result :1 face(s)
I1014 15:11:51.440958  8761 work_detect.cpp:86] Detected bbox: [172 x 225 from (224, 66)]
I1014 15:11:51.441000  8761 work_detect.cpp:120] Succeeded to add det end for frame 170
I1014 15:11:51.441016  8761 work_thread.hpp:81]  [T-Work-Detect_0] Run work: WrokTrack
I1014 15:11:51.441041  8761 work_track.cpp:82] Frame: 170 build input_characts: [0.26875 x 0.625 from (0.35, 0.183333)], 1.00019, 0
I1014 15:11:51.441171  8761 work_track.cpp:102] Succeeded to set track lock for frame 170
I1014 15:11:51.441212  8761 work_track.cpp:116] Succeeded to release track lock for frame 170
I1014 15:11:51.441226  8761 work_track.cpp:120] Track results of frame 170: 1 objects input, 1 objects tracked!
I1014 15:11:51.441243  8761 work_track.cpp:148] Frame: 170, track bbox: [172 x 225 from (221.338, 63.6885)], gid: 0, lid: 0
I1014 15:11:51.441280  8761 work_thread.hpp:87]  [T-Work-Detect_0] Frame :170 split
I1014 15:11:51.441298  8761 work_thread.hpp:120]  [T-Work-Detect_0] Valid piece: gid = 0
I1014 15:11:51.441315  8761 work_thread.hpp:91]  [T-Work-Detect_0] Push to split queue:recog
I1014 15:11:51.441359  8762 work_thread.hpp:81]  [T-Work-Recog_0] Run work: WorkCapture
I1014 15:11:51.441372  8764 thread_intergrate.hpp:78] [T-Intergrate-intergrate] queue: frame output frame :170
I1014 15:11:51.441397  8764 thread_intergrate.hpp:85] [T-Intergrate-intergrate] queue: compare output face:0
I1014 15:11:51.441416  8764 thread_intergrate.hpp:144] T-Intergrate-intergrate set matched face: 0
I1014 15:11:51.441936  8762 work_thread.hpp:81]  [T-Work-Recog_0] Run work: WorkRecog
I1014 15:11:51.441962  8762 work_recog.hpp:89] Face id: 0 will run recog: bbox [172 x 225 from (224, 66)] quality: 0.482043
I1014 15:11:51.441990  8762 work_recog.hpp:96] Recog pair: [248 x 320 from (184, 16)], [172 x 225 from (40, 50)]
I1014 15:11:51.442873  8764 thread_intergrate.hpp:171] T-Intergrate-intergrate Show face :0, size :640 * 360
I1014 15:11:51.443342  8760 demo_inner.hpp:435] thread [SORT-0]  frame id 170 sorting queue size 0   FPS: 28.7474
I1014 15:11:51.443433  8759 demo_inner.hpp:260]  gui queue size 0, state = running
I1014 15:11:51.459595  8762 work_thread.hpp:81]  [T-Work-Recog_0] Run work: WorkCompare
I1014 15:11:51.460064  8762 work_compare.cpp:76] Compare face: 0 successed, similarity :0.996633, name : images/ThangLMb.jpg, normal size : 1548 * 1719!
I1014 15:11:51.469745  8758 demo_inner.hpp:177] decode queue size 0
I1014 15:11:51.469861  8761 work_thread.hpp:81]  [T-Work-Detect_0] Run work: WorkDetect
I1014 15:11:51.469895  8761 work_detect.cpp:102] Succeeded to add det start for frame 171
I1014 15:11:51.476763  8761 work_detect.cpp:70] Frame :171 detect result :1 face(s)
I1014 15:11:51.476809  8761 work_detect.cpp:86] Detected bbox: [174 x 227 from (223, 65)]
I1014 15:11:51.476851  8761 work_detect.cpp:120] Succeeded to add det end for frame 171
I1014 15:11:51.476868  8761 work_thread.hpp:81]  [T-Work-Detect_0] Run work: WrokTrack
I1014 15:11:51.476892  8761 work_track.cpp:82] Frame: 171 build input_characts: [0.271875 x 0.630556 from (0.348437, 0.180556)], 1.00019, 0
I1014 15:11:51.476946  8761 work_track.cpp:102] Succeeded to set track lock for frame 171
I1014 15:11:51.476986  8761 work_track.cpp:116] Succeeded to release track lock for frame 171
I1014 15:11:51.477001  8761 work_track.cpp:120] Track results of frame 171: 1 objects input, 1 objects tracked!
I1014 15:11:51.477018  8761 work_track.cpp:148] Frame: 171, track bbox: [174 x 227 from (222.64, 64.2339)], gid: 0, lid: 0
I1014 15:11:51.477056  8761 work_thread.hpp:87]  [T-Work-Detect_0] Frame :171 split
I1014 15:11:51.477072  8761 work_thread.hpp:120]  [T-Work-Detect_0] Valid piece: gid = 0
I1014 15:11:51.477090  8761 work_thread.hpp:91]  [T-Work-Detect_0] Push to split queue:recog
I1014 15:11:51.477133  8764 thread_intergrate.hpp:78] [T-Intergrate-intergrate] queue: frame output frame :171
I1014 15:11:51.477134  8762 work_thread.hpp:81]  [T-Work-Recog_0] Run work: WorkCapture
I1014 15:11:51.477162  8764 thread_intergrate.hpp:85] [T-Intergrate-intergrate] queue: compare output face:0
I1014 15:11:51.477181  8764 thread_intergrate.hpp:144] T-Intergrate-intergrate set matched face: 0
I1014 15:11:51.477717  8762 work_thread.hpp:81]  [T-Work-Recog_0] Run work: WorkRecog
I1014 15:11:51.477742  8762 work_recog.hpp:89] Face id: 0 will run recog: bbox [174 x 227 from (223, 65)] quality: 0.464236
I1014 15:11:51.477771  8762 work_recog.hpp:96] Recog pair: [248 x 328 from (184, 16)], [174 x 227 from (39, 49)]
I1014 15:11:51.478653  8764 thread_intergrate.hpp:171] T-Intergrate-intergrate Show face :0, size :640 * 360
I1014 15:11:51.479244  8760 demo_inner.hpp:435] thread [SORT-0]  frame id 171 sorting queue size 0   FPS: 28.6885
I1014 15:11:51.479326  8759 demo_inner.hpp:260]  gui queue size 0, state = running
I1014 15:11:51.495637  8762 work_thread.hpp:81]  [T-Work-Recog_0] Run work: WorkCompare
I1014 15:11:51.496132  8762 work_compare.cpp:76] Compare face: 0 successed, similarity :0.992381, name : images/ThangLMb.jpg, normal size : 1548 * 1719!
I1014 15:11:51.501139  8758 demo_inner.hpp:177] decode queue size 0
I1014 15:11:51.501262  8761 work_thread.hpp:81]  [T-Work-Detect_0] Run work: WorkDetect
I1014 15:11:51.501305  8761 work_detect.cpp:102] Succeeded to add det start for frame 172
I1014 15:11:51.508199  8761 work_detect.cpp:70] Frame :172 detect result :1 face(s)
I1014 15:11:51.508255  8761 work_detect.cpp:86] Detected bbox: [178 x 229 from (222, 67)]
I1014 15:11:51.508457  8761 work_detect.cpp:120] Succeeded to add det end for frame 172
I1014 15:11:51.508476  8761 work_thread.hpp:81]  [T-Work-Detect_0] Run work: WrokTrack
I1014 15:11:51.508502  8761 work_track.cpp:82] Frame: 172 build input_characts: [0.278125 x 0.636111 from (0.346875, 0.186111)], 1.00019, 0
I1014 15:11:51.508558  8761 work_track.cpp:102] Succeeded to set track lock for frame 172
I1014 15:11:51.508596  8761 work_track.cpp:116] Succeeded to release track lock for frame 172
I1014 15:11:51.508611  8761 work_track.cpp:120] Track results of frame 172: 1 objects input, 1 objects tracked!
I1014 15:11:51.508628  8761 work_track.cpp:148] Frame: 172, track bbox: [178 x 229 from (221.454, 65.3649)], gid: 0, lid: 0
I1014 15:11:51.508666  8761 work_thread.hpp:87]  [T-Work-Detect_0] Frame :172 split
I1014 15:11:51.508683  8761 work_thread.hpp:120]  [T-Work-Detect_0] Valid piece: gid = 0
I1014 15:11:51.508702  8761 work_thread.hpp:91]  [T-Work-Detect_0] Push to split queue:recog
I1014 15:11:51.508756  8763 work_thread.hpp:81]  [T-Work-Recog_1] Run work: WorkCapture
I1014 15:11:51.508759  8764 thread_intergrate.hpp:78] [T-Intergrate-intergrate] queue: frame output frame :172
I1014 15:11:51.508798  8764 thread_intergrate.hpp:85] [T-Intergrate-intergrate] queue: compare output face:0
I1014 15:11:51.508818  8764 thread_intergrate.hpp:144] T-Intergrate-intergrate set matched face: 0
I1014 15:11:51.509335  8763 work_thread.hpp:81]  [T-Work-Recog_1] Run work: WorkRecog
I1014 15:11:51.509358  8763 work_recog.hpp:89] Face id: 0 will run recog: bbox [178 x 229 from (222, 67)] quality: 0.482419
I1014 15:11:51.509387  8763 work_recog.hpp:96] Recog pair: [256 x 328 from (184, 16)], [178 x 229 from (38, 51)]
I1014 15:11:51.510279  8764 thread_intergrate.hpp:171] T-Intergrate-intergrate Show face :0, size :640 * 360
I1014 15:11:51.510788  8760 demo_inner.hpp:435] thread [SORT-0]  frame id 172 sorting queue size 0   FPS: 28.7238
I1014 15:11:51.510874  8759 demo_inner.hpp:260]  gui queue size 0, state = running
I1014 15:11:51.527209  8763 work_thread.hpp:81]  [T-Work-Recog_1] Run work: WorkCompare
I1014 15:11:51.527673  8763 work_compare.cpp:76] Compare face: 0 successed, similarity :0.99571, name : images/ThangLMb.jpg, normal size : 1548 * 1719!
I1014 15:11:51.536693  8758 demo_inner.hpp:177] decode queue size 0
I1014 15:11:51.536792  8761 work_thread.hpp:81]  [T-Work-Detect_0] Run work: WorkDetect
I1014 15:11:51.536829  8761 work_detect.cpp:102] Succeeded to add det start for frame 173
I1014 15:11:51.543678  8761 work_detect.cpp:70] Frame :173 detect result :1 face(s)
I1014 15:11:51.543727  8761 work_detect.cpp:86] Detected bbox: [174 x 224 from (224, 67)]
I1014 15:11:51.543771  8761 work_detect.cpp:120] Succeeded to add det end for frame 173
I1014 15:11:51.543787  8761 work_thread.hpp:81]  [T-Work-Detect_0] Run work: WrokTrack
I1014 15:11:51.543812  8761 work_track.cpp:82] Frame: 173 build input_characts: [0.271875 x 0.622222 from (0.35, 0.186111)], 1.00019, 0
I1014 15:11:51.543866  8761 work_track.cpp:102] Succeeded to set track lock for frame 173
I1014 15:11:51.543979  8761 work_track.cpp:116] Succeeded to release track lock for frame 173
I1014 15:11:51.543995  8761 work_track.cpp:120] Track results of frame 173: 1 objects input, 1 objects tracked!
I1014 15:11:51.544013  8761 work_track.cpp:148] Frame: 173, track bbox: [174 x 224 from (224.647, 68.6841)], gid: 0, lid: 0
I1014 15:11:51.544050  8761 work_thread.hpp:87]  [T-Work-Detect_0] Frame :173 split
I1014 15:11:51.544067  8761 work_thread.hpp:120]  [T-Work-Detect_0] Valid piece: gid = 0
I1014 15:11:51.544086  8761 work_thread.hpp:91]  [T-Work-Detect_0] Push to split queue:recog
I1014 15:11:51.544131  8764 thread_intergrate.hpp:78] [T-Intergrate-intergrate] queue: frame output frame :173
I1014 15:11:51.544132  8762 work_thread.hpp:81]  [T-Work-Recog_0] Run work: WorkCapture
I1014 15:11:51.544174  8764 thread_intergrate.hpp:85] [T-Intergrate-intergrate] queue: compare output face:0
I1014 15:11:51.544194  8764 thread_intergrate.hpp:144] T-Intergrate-intergrate set matched face: 0
I1014 15:11:51.544755  8762 work_thread.hpp:81]  [T-Work-Recog_0] Run work: WorkRecog
I1014 15:11:51.544782  8762 work_recog.hpp:89] Face id: 0 will run recog: bbox [174 x 224 from (224, 67)] quality: 0.464612
I1014 15:11:51.544814  8762 work_recog.hpp:96] Recog pair: [248 x 320 from (184, 16)], [174 x 224 from (40, 51)]
I1014 15:11:51.545671  8764 thread_intergrate.hpp:171] T-Intergrate-intergrate Show face :0, size :640 * 360
I1014 15:11:51.546156  8760 demo_inner.hpp:435] thread [SORT-0]  frame id 173 sorting queue size 0   FPS: 28.7474
I1014 15:11:51.546233  8759 demo_inner.hpp:260]  gui queue size 0, state = running
I1014 15:11:51.562444  8762 work_thread.hpp:81]  [T-Work-Recog_0] Run work: WorkCompare
I1014 15:11:51.562906  8762 work_compare.cpp:76] Compare face: 0 successed, similarity :0.996134, name : images/ThangLMb.jpg, normal size : 1548 * 1719!
I1014 15:11:51.569049  8758 demo_inner.hpp:177] decode queue size 0
I1014 15:11:51.569154  8761 work_thread.hpp:81]  [T-Work-Detect_0] Run work: WorkDetect
I1014 15:11:51.569187  8761 work_detect.cpp:102] Succeeded to add det start for frame 174
I1014 15:11:51.575836  8761 work_detect.cpp:70] Frame :174 detect result :1 face(s)
I1014 15:11:51.575877  8761 work_detect.cpp:86] Detected bbox: [175 x 227 from (225, 68)]
I1014 15:11:51.575919  8761 work_detect.cpp:120] Succeeded to add det end for frame 174
I1014 15:11:51.575935  8761 work_thread.hpp:81]  [T-Work-Detect_0] Run work: WrokTrack
I1014 15:11:51.575959  8761 work_track.cpp:82] Frame: 174 build input_characts: [0.273438 x 0.630556 from (0.351562, 0.188889)], 1.00019, 0
I1014 15:11:51.576014  8761 work_track.cpp:102] Succeeded to set track lock for frame 174
I1014 15:11:51.576054  8761 work_track.cpp:116] Succeeded to release track lock for frame 174
I1014 15:11:51.576068  8761 work_track.cpp:120] Track results of frame 174: 1 objects input, 1 objects tracked!
I1014 15:11:51.576086  8761 work_track.cpp:148] Frame: 174, track bbox: [175 x 227 from (224.577, 68.3252)], gid: 0, lid: 0
I1014 15:11:51.576122  8761 work_thread.hpp:87]  [T-Work-Detect_0] Frame :174 split
I1014 15:11:51.576139  8761 work_thread.hpp:120]  [T-Work-Detect_0] Valid piece: gid = 0
I1014 15:11:51.576176  8761 work_thread.hpp:91]  [T-Work-Detect_0] Push to split queue:recog
I1014 15:11:51.576222  8764 thread_intergrate.hpp:78] [T-Intergrate-intergrate] queue: frame output frame :174
I1014 15:11:51.576223  8763 work_thread.hpp:81]  [T-Work-Recog_1] Run work: WorkCapture
I1014 15:11:51.576251  8764 thread_intergrate.hpp:85] [T-Intergrate-intergrate] queue: compare output face:0
I1014 15:11:51.576269  8764 thread_intergrate.hpp:144] T-Intergrate-intergrate set matched face: 0
I1014 15:11:51.576807  8763 work_thread.hpp:81]  [T-Work-Recog_1] Run work: WorkRecog
I1014 15:11:51.576830  8763 work_recog.hpp:89] Face id: 0 will run recog: bbox [175 x 227 from (225, 68)] quality: 0.468177
I1014 15:11:51.576860  8763 work_recog.hpp:96] Recog pair: [256 x 328 from (184, 16)], [175 x 227 from (41, 52)]
I1014 15:11:51.577736  8764 thread_intergrate.hpp:171] T-Intergrate-intergrate Show face :0, size :640 * 360
I1014 15:11:51.578332  8760 demo_inner.hpp:435] thread [SORT-0]  frame id 174 sorting queue size 0   FPS: 28.7238
I1014 15:11:51.578409  8759 demo_inner.hpp:260]  gui queue size 0, state = running
I1014 15:11:51.594686  8763 work_thread.hpp:81]  [T-Work-Recog_1] Run work: WorkCompare
I1014 15:11:51.595146  8763 work_compare.cpp:76] Compare face: 0 successed, similarity :0.996907, name : images/ThangLMb.jpg, normal size : 1548 * 1719!
I1014 15:11:51.604068  8758 demo_inner.hpp:177] decode queue size 0
I1014 15:11:51.604183  8761 work_thread.hpp:81]  [T-Work-Detect_0] Run work: WorkDetect
I1014 15:11:51.604220  8761 work_detect.cpp:102] Succeeded to add det start for frame 175
I1014 15:11:51.611230  8761 work_detect.cpp:70] Frame :175 detect result :1 face(s)
I1014 15:11:51.611277  8761 work_detect.cpp:86] Detected bbox: [181 x 229 from (229, 63)]
I1014 15:11:51.611321  8761 work_detect.cpp:120] Succeeded to add det end for frame 175
I1014 15:11:51.611337  8761 work_thread.hpp:81]  [T-Work-Detect_0] Run work: WrokTrack
I1014 15:11:51.611361  8761 work_track.cpp:82] Frame: 175 build input_characts: [0.282813 x 0.636111 from (0.357812, 0.175)], 1.00019, 0
I1014 15:11:51.611418  8761 work_track.cpp:102] Succeeded to set track lock for frame 175
I1014 15:11:51.611459  8761 work_track.cpp:116] Succeeded to release track lock for frame 175
I1014 15:11:51.611475  8761 work_track.cpp:120] Track results of frame 175: 1 objects input, 1 objects tracked!
I1014 15:11:51.611492  8761 work_track.cpp:148] Frame: 175, track bbox: [181 x 229 from (225.77, 65.0469)], gid: 0, lid: 0
I1014 15:11:51.611529  8761 work_thread.hpp:87]  [T-Work-Detect_0] Frame :175 split
I1014 15:11:51.611547  8761 work_thread.hpp:120]  [T-Work-Detect_0] Valid piece: gid = 0
I1014 15:11:51.611565  8761 work_thread.hpp:91]  [T-Work-Detect_0] Push to split queue:recog
I1014 15:11:51.611610  8764 thread_intergrate.hpp:78] [T-Intergrate-intergrate] queue: frame output frame :175
I1014 15:11:51.611613  8762 work_thread.hpp:81]  [T-Work-Recog_0] Run work: WorkCapture
I1014 15:11:51.611640  8764 thread_intergrate.hpp:85] [T-Intergrate-intergrate] queue: compare output face:0
I1014 15:11:51.611658  8764 thread_intergrate.hpp:144] T-Intergrate-intergrate set matched face: 0
I1014 15:11:51.612210  8762 work_thread.hpp:81]  [T-Work-Recog_0] Run work: WorkRecog
I1014 15:11:51.612234  8762 work_recog.hpp:89] Face id: 0 will run recog: bbox [181 x 229 from (229, 63)] quality: 0.44555
I1014 15:11:51.612267  8762 work_recog.hpp:96] Recog pair: [256 x 328 from (192, 16)], [181 x 229 from (37, 47)]
I1014 15:11:51.613148  8764 thread_intergrate.hpp:171] T-Intergrate-intergrate Show face :0, size :640 * 360
I1014 15:11:51.613688  8760 demo_inner.hpp:435] thread [SORT-0]  frame id 175 sorting queue size 0   FPS: 28.7356
I1014 15:11:51.613787  8759 demo_inner.hpp:260]  gui queue size 0, state = running
I1014 15:11:51.630115  8762 work_thread.hpp:81]  [T-Work-Recog_0] Run work: WorkCompare
I1014 15:11:51.630576  8762 work_compare.cpp:76] Compare face: 0 successed, similarity :0.9969, name : images/ThangLMb.jpg, normal size : 1548 * 1719!
I1014 15:11:51.639653  8758 demo_inner.hpp:177] decode queue size 0
I1014 15:11:51.639767  8761 work_thread.hpp:81]  [T-Work-Detect_0] Run work: WorkDetect
I1014 15:11:51.639802  8761 work_detect.cpp:102] Succeeded to add det start for frame 176
I1014 15:11:51.646570  8761 work_detect.cpp:70] Frame :176 detect result :1 face(s)
I1014 15:11:51.646622  8761 work_detect.cpp:86] Detected bbox: [177 x 231 from (225, 63)]
I1014 15:11:51.646665  8761 work_detect.cpp:120] Succeeded to add det end for frame 176
I1014 15:11:51.646682  8761 work_thread.hpp:81]  [T-Work-Detect_0] Run work: WrokTrack
I1014 15:11:51.646705  8761 work_track.cpp:82] Frame: 176 build input_characts: [0.276563 x 0.641667 from (0.351562, 0.175)], 1.00035, 0
I1014 15:11:51.646760  8761 work_track.cpp:102] Succeeded to set track lock for frame 176
I1014 15:11:51.646800  8761 work_track.cpp:116] Succeeded to release track lock for frame 176
I1014 15:11:51.646886  8761 work_track.cpp:120] Track results of frame 176: 1 objects input, 1 objects tracked!
I1014 15:11:51.646906  8761 work_track.cpp:148] Frame: 176, track bbox: [177 x 231 from (227.61, 63.2626)], gid: 0, lid: 0
I1014 15:11:51.646944  8761 work_thread.hpp:87]  [T-Work-Detect_0] Frame :176 split
I1014 15:11:51.646960  8761 work_thread.hpp:120]  [T-Work-Detect_0] Valid piece: gid = 0
I1014 15:11:51.646978  8761 work_thread.hpp:91]  [T-Work-Detect_0] Push to split queue:recog
I1014 15:11:51.647020  8762 work_thread.hpp:81]  [T-Work-Recog_0] Run work: WorkCapture
I1014 15:11:51.647022  8764 thread_intergrate.hpp:78] [T-Intergrate-intergrate] queue: frame output frame :176
I1014 15:11:51.647061  8764 thread_intergrate.hpp:85] [T-Intergrate-intergrate] queue: compare output face:0
I1014 15:11:51.647079  8764 thread_intergrate.hpp:144] T-Intergrate-intergrate set matched face: 0
I1014 15:11:51.647599  8762 work_thread.hpp:81]  [T-Work-Recog_0] Run work: WorkRecog
I1014 15:11:51.647624  8762 work_recog.hpp:89] Face id: 0 will run recog: bbox [177 x 231 from (225, 63)] quality: 0.468177
I1014 15:11:51.647651  8762 work_recog.hpp:96] Recog pair: [256 x 328 from (184, 16)], [177 x 231 from (41, 47)]
I1014 15:11:51.648582  8764 thread_intergrate.hpp:171] T-Intergrate-intergrate Show face :0, size :640 * 360
I1014 15:11:51.649191  8760 demo_inner.hpp:435] thread [SORT-0]  frame id 176 sorting queue size 0   FPS: 28.665
I1014 15:11:51.649394  8759 demo_inner.hpp:260]  gui queue size 0, state = running
I1014 15:11:51.665252  8762 work_thread.hpp:81]  [T-Work-Recog_0] Run work: WorkCompare
I1014 15:11:51.665716  8762 work_compare.cpp:76] Compare face: 0 successed, similarity :0.992261, name : images/ThangLMb.jpg, normal size : 1548 * 1719!
I1014 15:11:51.669986  8758 demo_inner.hpp:177] decode queue size 0
I1014 15:11:51.670073  8761 work_thread.hpp:81]  [T-Work-Detect_0] Run work: WorkDetect
I1014 15:11:51.670109  8761 work_detect.cpp:102] Succeeded to add det start for frame 177
I1014 15:11:51.676797  8761 work_detect.cpp:70] Frame :177 detect result :1 face(s)
I1014 15:11:51.676843  8761 work_detect.cpp:86] Detected bbox: [174 x 212 from (236, 88)]
I1014 15:11:51.676887  8761 work_detect.cpp:120] Succeeded to add det end for frame 177
I1014 15:11:51.676903  8761 work_thread.hpp:81]  [T-Work-Detect_0] Run work: WrokTrack
I1014 15:11:51.676926  8761 work_track.cpp:82] Frame: 177 build input_characts: [0.271875 x 0.588889 from (0.36875, 0.244444)], 1.00019, 0
I1014 15:11:51.676982  8761 work_track.cpp:102] Succeeded to set track lock for frame 177
I1014 15:11:51.677019  8761 work_track.cpp:116] Succeeded to release track lock for frame 177
I1014 15:11:51.677034  8761 work_track.cpp:120] Track results of frame 177: 1 objects input, 1 objects tracked!
