I1014 15:37:17.755332  9224 work_track.cpp:120] Track results of frame 320: 0 objects input, 0 objects tracked!
I1014 15:37:17.755350  9224 work_thread.hpp:87]  [T-Work-Detect_0] Frame :320 split
I1014 15:37:17.755405  9227 thread_intergrate.hpp:78] [T-Intergrate-intergrate] queue: frame output frame :320
I1014 15:37:17.756494  9227 thread_intergrate.hpp:187] T-Intergrate-intergrate Show face :0, size :640 * 360
I1014 15:37:17.757037  9223 demo_inner.hpp:435] thread [SORT-0]  frame id 320 sorting queue size 0   FPS: 28.8018
I1014 15:37:17.757109  9222 demo_inner.hpp:260]  gui queue size 0, state = running
I1014 15:37:17.784260  9221 demo_inner.hpp:177] decode queue size 0
I1014 15:37:17.784365  9224 work_thread.hpp:81]  [T-Work-Detect_0] Run work: WorkDetect
I1014 15:37:17.784401  9224 work_detect.cpp:102] Succeeded to add det start for frame 321
I1014 15:37:17.791009  9224 work_detect.cpp:70] Frame :321 detect result :1 face(s)
W1014 15:37:17.791049  9224 work_detect.cpp:83] Invalid bbox: [151 x 184 from (278, 198)]
I1014 15:37:17.791170  9224 work_detect.cpp:120] Succeeded to add det end for frame 321
I1014 15:37:17.791188  9224 work_thread.hpp:81]  [T-Work-Detect_0] Run work: WrokTrack
I1014 15:37:17.791215  9224 work_track.cpp:102] Succeeded to set track lock for frame 321
I1014 15:37:17.791288  9224 work_track.cpp:116] Succeeded to release track lock for frame 321
I1014 15:37:17.791303  9224 work_track.cpp:120] Track results of frame 321: 0 objects input, 0 objects tracked!
I1014 15:37:17.791323  9224 work_thread.hpp:87]  [T-Work-Detect_0] Frame :321 split
I1014 15:37:17.791373  9227 thread_intergrate.hpp:78] [T-Intergrate-intergrate] queue: frame output frame :321
I1014 15:37:17.792459  9227 thread_intergrate.hpp:187] T-Intergrate-intergrate Show face :0, size :640 * 360
I1014 15:37:17.793052  9223 demo_inner.hpp:435] thread [SORT-0]  frame id 321 sorting queue size 0   FPS: 28.8129
I1014 15:37:17.793121  9222 demo_inner.hpp:260]  gui queue size 0, state = running
I1014 15:37:17.814390  9221 demo_inner.hpp:177] decode queue size 0
I1014 15:37:17.814487  9224 work_thread.hpp:81]  [T-Work-Detect_0] Run work: WorkDetect
I1014 15:37:17.814522  9224 work_detect.cpp:102] Succeeded to add det start for frame 322
I1014 15:37:17.821122  9224 work_detect.cpp:70] Frame :322 detect result :1 face(s)
W1014 15:37:17.821171  9224 work_detect.cpp:83] Invalid bbox: [158 x 188 from (275, 177)]
I1014 15:37:17.821270  9224 work_detect.cpp:120] Succeeded to add det end for frame 322
I1014 15:37:17.821287  9224 work_thread.hpp:81]  [T-Work-Detect_0] Run work: WrokTrack
I1014 15:37:17.821316  9224 work_track.cpp:102] Succeeded to set track lock for frame 322
I1014 15:37:17.821368  9224 work_track.cpp:116] Succeeded to release track lock for frame 322
I1014 15:37:17.821384  9224 work_track.cpp:120] Track results of frame 322: 0 objects input, 0 objects tracked!
I1014 15:37:17.821403  9224 work_thread.hpp:87]  [T-Work-Detect_0] Frame :322 split
I1014 15:37:17.821453  9227 thread_intergrate.hpp:78] [T-Intergrate-intergrate] queue: frame output frame :322
I1014 15:37:17.822540  9227 thread_intergrate.hpp:187] T-Intergrate-intergrate Show face :0, size :640 * 360
I1014 15:37:17.823132  9223 demo_inner.hpp:435] thread [SORT-0]  frame id 322 sorting queue size 0   FPS: 28.8129
I1014 15:37:17.823199  9222 demo_inner.hpp:260]  gui queue size 0, state = running
I1014 15:37:17.850296  9221 demo_inner.hpp:177] decode queue size 0
I1014 15:37:17.850409  9224 work_thread.hpp:81]  [T-Work-Detect_0] Run work: WorkDetect
I1014 15:37:17.850445  9224 work_detect.cpp:102] Succeeded to add det start for frame 323
I1014 15:37:17.857125  9224 work_detect.cpp:70] Frame :323 detect result :1 face(s)
W1014 15:37:17.857168  9224 work_detect.cpp:83] Invalid bbox: [170 x 193 from (268, 173)]
I1014 15:37:17.857266  9224 work_detect.cpp:120] Succeeded to add det end for frame 323
I1014 15:37:17.857283  9224 work_thread.hpp:81]  [T-Work-Detect_0] Run work: WrokTrack
I1014 15:37:17.857311  9224 work_track.cpp:102] Succeeded to set track lock for frame 323
I1014 15:37:17.857337  9224 work_track.cpp:116] Succeeded to release track lock for frame 323
I1014 15:37:17.857350  9224 work_track.cpp:120] Track results of frame 323: 0 objects input, 0 objects tracked!
I1014 15:37:17.857368  9224 work_thread.hpp:87]  [T-Work-Detect_0] Frame :323 split
I1014 15:37:17.857419  9227 thread_intergrate.hpp:78] [T-Intergrate-intergrate] queue: frame output frame :323
I1014 15:37:17.858506  9227 thread_intergrate.hpp:187] T-Intergrate-intergrate Show face :0, size :640 * 360
I1014 15:37:17.859099  9223 demo_inner.hpp:435] thread [SORT-0]  frame id 323 sorting queue size 0   FPS: 28.8129
I1014 15:37:17.880381  9221 demo_inner.hpp:177] decode queue size 0
I1014 15:37:17.880484  9224 work_thread.hpp:81]  [T-Work-Detect_0] Run work: WorkDetect
I1014 15:37:17.880519  9224 work_detect.cpp:102] Succeeded to add det start for frame 324
I1014 15:37:17.887121  9224 work_detect.cpp:70] Frame :324 detect result :1 face(s)
W1014 15:37:17.887168  9224 work_detect.cpp:83] Invalid bbox: [167 x 199 from (271, 166)]
I1014 15:37:17.887266  9224 work_detect.cpp:120] Succeeded to add det end for frame 324
I1014 15:37:17.887284  9224 work_thread.hpp:81]  [T-Work-Detect_0] Run work: WrokTrack
I1014 15:37:17.887310  9224 work_track.cpp:102] Succeeded to set track lock for frame 324
I1014 15:37:17.887382  9224 work_track.cpp:116] Succeeded to release track lock for frame 324
I1014 15:37:17.887398  9224 work_track.cpp:120] Track results of frame 324: 0 objects input, 0 objects tracked!
I1014 15:37:17.887416  9224 work_thread.hpp:87]  [T-Work-Detect_0] Frame :324 split
I1014 15:37:17.887470  9227 thread_intergrate.hpp:78] [T-Intergrate-intergrate] queue: frame output frame :324
I1014 15:37:17.888559  9227 thread_intergrate.hpp:187] T-Intergrate-intergrate Show face :0, size :640 * 360
I1014 15:37:17.889104  9223 demo_inner.hpp:435] thread [SORT-0]  frame id 324 sorting queue size 1   FPS: 28.8018
I1014 15:37:17.916324  9221 demo_inner.hpp:177] decode queue size 0
I1014 15:37:17.916429  9224 work_thread.hpp:81]  [T-Work-Detect_0] Run work: WorkDetect
I1014 15:37:17.916465  9224 work_detect.cpp:102] Succeeded to add det start for frame 325
I1014 15:37:17.923203  9224 work_detect.cpp:70] Frame :325 detect result :1 face(s)
W1014 15:37:17.923249  9224 work_detect.cpp:83] Invalid bbox: [173 x 212 from (271, 154)]
I1014 15:37:17.923348  9224 work_detect.cpp:120] Succeeded to add det end for frame 325
I1014 15:37:17.923365  9224 work_thread.hpp:81]  [T-Work-Detect_0] Run work: WrokTrack
I1014 15:37:17.923393  9224 work_track.cpp:102] Succeeded to set track lock for frame 325
I1014 15:37:17.923419  9224 work_track.cpp:116] Succeeded to release track lock for frame 325
I1014 15:37:17.923434  9224 work_track.cpp:120] Track results of frame 325: 0 objects input, 0 objects tracked!
I1014 15:37:17.923451  9224 work_thread.hpp:87]  [T-Work-Detect_0] Frame :325 split
I1014 15:37:17.923499  9227 thread_intergrate.hpp:78] [T-Intergrate-intergrate] queue: frame output frame :325
I1014 15:37:17.924587  9227 thread_intergrate.hpp:187] T-Intergrate-intergrate Show face :0, size :640 * 360
I1014 15:37:17.925132  9223 demo_inner.hpp:435] thread [SORT-0]  frame id 325 sorting queue size 2   FPS: 28.8018
I1014 15:37:17.952298  9221 demo_inner.hpp:177] decode queue size 0
I1014 15:37:17.952392  9224 work_thread.hpp:81]  [T-Work-Detect_0] Run work: WorkDetect
I1014 15:37:17.952428  9224 work_detect.cpp:102] Succeeded to add det start for frame 326
I1014 15:37:17.959204  9224 work_detect.cpp:70] Frame :326 detect result :1 face(s)
I1014 15:37:17.959247  9224 work_detect.cpp:86] Detected bbox: [178 x 216 from (274, 139)]
I1014 15:37:17.959292  9224 work_detect.cpp:120] Succeeded to add det end for frame 326
I1014 15:37:17.959308  9224 work_thread.hpp:81]  [T-Work-Detect_0] Run work: WrokTrack
I1014 15:37:17.959333  9224 work_track.cpp:82] Frame: 326 build input_characts: [0.278125 x 0.6 from (0.428125, 0.386111)], 1.00035, 0
I1014 15:37:17.959388  9224 work_track.cpp:102] Succeeded to set track lock for frame 326
I1014 15:37:17.959424  9224 work_track.cpp:116] Succeeded to release track lock for frame 326
I1014 15:37:17.959439  9224 work_track.cpp:120] Track results of frame 326: 1 objects input, 0 objects tracked!
I1014 15:37:17.959456  9224 work_track.cpp:162] Frame: 326 lid: 0 not tracked, will set invalid
I1014 15:37:17.959471  9224 work_thread.hpp:87]  [T-Work-Detect_0] Frame :326 split
I1014 15:37:17.959488  9224 work_thread.hpp:126]  [T-Work-Detect_0] Invalid piece: lid = 0, drop it
I1014 15:37:17.959535  9227 thread_intergrate.hpp:78] [T-Intergrate-intergrate] queue: frame output frame :326
I1014 15:37:17.960623  9227 thread_intergrate.hpp:187] T-Intergrate-intergrate Show face :0, size :640 * 360
I1014 15:37:17.961143  9223 demo_inner.hpp:435] thread [SORT-0]  frame id 326 sorting queue size 3   FPS: 28.7466
I1014 15:37:17.982375  9221 demo_inner.hpp:177] decode queue size 0
I1014 15:37:17.982470  9224 work_thread.hpp:81]  [T-Work-Detect_0] Run work: WorkDetect
I1014 15:37:17.982504  9224 work_detect.cpp:102] Succeeded to add det start for frame 327
I1014 15:37:17.989203  9224 work_detect.cpp:70] Frame :327 detect result :1 face(s)
I1014 15:37:17.989244  9224 work_detect.cpp:86] Detected bbox: [173 x 212 from (278, 139)]
I1014 15:37:17.989290  9224 work_detect.cpp:120] Succeeded to add det end for frame 327
I1014 15:37:17.989379  9224 work_thread.hpp:81]  [T-Work-Detect_0] Run work: WrokTrack
I1014 15:37:17.989406  9224 work_track.cpp:82] Frame: 327 build input_characts: [0.270312 x 0.588889 from (0.434375, 0.386111)], 1.00035, 0
I1014 15:37:17.989461  9224 work_track.cpp:102] Succeeded to set track lock for frame 327
I1014 15:37:17.989501  9224 work_track.cpp:116] Succeeded to release track lock for frame 327
I1014 15:37:17.989516  9224 work_track.cpp:120] Track results of frame 327: 1 objects input, 0 objects tracked!
I1014 15:37:17.989534  9224 work_track.cpp:162] Frame: 327 lid: 0 not tracked, will set invalid
I1014 15:37:17.989550  9224 work_thread.hpp:87]  [T-Work-Detect_0] Frame :327 split
I1014 15:37:17.989567  9224 work_thread.hpp:126]  [T-Work-Detect_0] Invalid piece: lid = 0, drop it
I1014 15:37:17.989629  9227 thread_intergrate.hpp:78] [T-Intergrate-intergrate] queue: frame output frame :327
I1014 15:37:17.990717  9227 thread_intergrate.hpp:187] T-Intergrate-intergrate Show face :0, size :640 * 360
I1014 15:37:17.991255  9223 demo_inner.hpp:435] thread [SORT-0]  frame id 327 sorting queue size 4   FPS: 28.8018
I1014 15:37:18.018326  9221 demo_inner.hpp:177] decode queue size 0
I1014 15:37:18.018435  9224 work_thread.hpp:81]  [T-Work-Detect_0] Run work: WorkDetect
I1014 15:37:18.018471  9224 work_detect.cpp:102] Succeeded to add det start for frame 328
I1014 15:37:18.025285  9224 work_detect.cpp:70] Frame :328 detect result :1 face(s)
I1014 15:37:18.025326  9224 work_detect.cpp:86] Detected bbox: [170 x 216 from (275, 130)]
I1014 15:37:18.025370  9224 work_detect.cpp:120] Succeeded to add det end for frame 328
I1014 15:37:18.025386  9224 work_thread.hpp:81]  [T-Work-Detect_0] Run work: WrokTrack
I1014 15:37:18.025410  9224 work_track.cpp:82] Frame: 328 build input_characts: [0.265625 x 0.6 from (0.429688, 0.361111)], 1.00035, 0
I1014 15:37:18.025465  9224 work_track.cpp:102] Succeeded to set track lock for frame 328
I1014 15:37:18.025506  9224 work_track.cpp:116] Succeeded to release track lock for frame 328
I1014 15:37:18.025521  9224 work_track.cpp:120] Track results of frame 328: 1 objects input, 1 objects tracked!
I1014 15:37:18.025538  9224 work_track.cpp:148] Frame: 328, track bbox: [170 x 216 from (275.995, 130.832)], gid: 1, lid: 0
I1014 15:37:18.025574  9224 work_thread.hpp:87]  [T-Work-Detect_0] Frame :328 split
I1014 15:37:18.025593  9224 work_thread.hpp:120]  [T-Work-Detect_0] Valid piece: gid = 1
I1014 15:37:18.025610  9224 work_thread.hpp:91]  [T-Work-Detect_0] Push to split queue:recog
I1014 15:37:18.025650  9225 work_thread.hpp:81]  [T-Work-Recog_0] Run work: WorkCapture
I1014 15:37:18.025660  9227 thread_intergrate.hpp:78] [T-Intergrate-intergrate] queue: frame output frame :328
I1014 15:37:18.026182  9225 work_thread.hpp:81]  [T-Work-Recog_0] Run work: WorkRecog
I1014 15:37:18.026207  9225 work_recog.hpp:89] Face id: 1 will run recog: bbox [170 x 216 from (275, 130)] quality: 0.450956
I1014 15:37:18.026235  9225 work_recog.hpp:96] Recog pair: [240 x 280 from (240, 80)], [170 x 216 from (35, 50)]
I1014 15:37:18.026788  9227 thread_intergrate.hpp:187] T-Intergrate-intergrate Show face :0, size :640 * 360
I1014 15:37:18.027362  9223 demo_inner.hpp:435] thread [SORT-0]  frame id 328 sorting queue size 5   FPS: 28.8129
I1014 15:37:18.043861  9225 work_thread.hpp:81]  [T-Work-Recog_0] Run work: WorkCompare
I1014 15:37:18.044343  9225 work_compare.cpp:76] Compare face: 1 successed, similarity :0.992535, name : images/ThangLMb.jpg, normal size : 1548 * 1719!
I1014 15:37:18.049242  9221 demo_inner.hpp:177] decode queue size 0
I1014 15:37:18.049322  9224 work_thread.hpp:81]  [T-Work-Detect_0] Run work: WorkDetect
I1014 15:37:18.049355  9224 work_detect.cpp:102] Succeeded to add det start for frame 329
I1014 15:37:18.056097  9224 work_detect.cpp:70] Frame :329 detect result :1 face(s)
I1014 15:37:18.056144  9224 work_detect.cpp:86] Detected bbox: [179 x 230 from (278, 115)]
I1014 15:37:18.056201  9224 work_detect.cpp:120] Succeeded to add det end for frame 329
I1014 15:37:18.056291  9224 work_thread.hpp:81]  [T-Work-Detect_0] Run work: WrokTrack
I1014 15:37:18.056318  9224 work_track.cpp:82] Frame: 329 build input_characts: [0.279687 x 0.638889 from (0.434375, 0.319444)], 1.00019, 0
I1014 15:37:18.056373  9224 work_track.cpp:102] Succeeded to set track lock for frame 329
I1014 15:37:18.056412  9224 work_track.cpp:116] Succeeded to release track lock for frame 329
I1014 15:37:18.056427  9224 work_track.cpp:120] Track results of frame 329: 1 objects input, 1 objects tracked!
I1014 15:37:18.056444  9224 work_track.cpp:148] Frame: 329, track bbox: [179 x 230 from (275.599, 116.305)], gid: 1, lid: 0
I1014 15:37:18.056481  9224 work_thread.hpp:87]  [T-Work-Detect_0] Frame :329 split
I1014 15:37:18.056499  9224 work_thread.hpp:120]  [T-Work-Detect_0] Valid piece: gid = 1
I1014 15:37:18.056516  9224 work_thread.hpp:91]  [T-Work-Detect_0] Push to split queue:recog
I1014 15:37:18.056562  9226 work_thread.hpp:81]  [T-Work-Recog_1] Run work: WorkCapture
I1014 15:37:18.056903  9227 thread_intergrate.hpp:78] [T-Intergrate-intergrate] queue: frame output frame :329
I1014 15:37:18.056929  9227 thread_intergrate.hpp:85] [T-Intergrate-intergrate] queue: compare output face:1
I1014 15:37:18.056947  9227 thread_intergrate.hpp:144] T-Intergrate-intergrate set matched face: 1
I1014 15:37:18.058301  9226 work_thread.hpp:81]  [T-Work-Recog_1] Run work: WorkRecog
I1014 15:37:18.058346  9226 work_recog.hpp:89] Face id: 1 will run recog: bbox [179 x 230 from (278, 115)] quality: 0.456042
I1014 15:37:18.058387  9226 work_recog.hpp:96] Recog pair: [256 x 296 from (240, 64)], [179 x 230 from (38, 51)]
I1014 15:37:18.058442  9227 thread_intergrate.hpp:187] T-Intergrate-intergrate Show face :1, size :640 * 360
I1014 15:37:18.058974  9223 demo_inner.hpp:435] thread [SORT-0]  frame id 329 sorting queue size 6   FPS: 28.7908
I1014 15:37:18.076262  9226 work_thread.hpp:81]  [T-Work-Recog_1] Run work: WorkCompare
I1014 15:37:18.076722  9226 work_compare.cpp:76] Compare face: 1 successed, similarity :0.995, name : images/ThangLMb.jpg, normal size : 1548 * 1719!
I1014 15:37:18.084635  9221 demo_inner.hpp:177] decode queue size 0
I1014 15:37:18.084769  9224 work_thread.hpp:81]  [T-Work-Detect_0] Run work: WorkDetect
I1014 15:37:18.084806  9224 work_detect.cpp:102] Succeeded to add det start for frame 330
I1014 15:37:18.091615  9224 work_detect.cpp:70] Frame :330 detect result :2 face(s)
I1014 15:37:18.091658  9224 work_detect.cpp:86] Detected bbox: [181 x 225 from (276, 97)]
I1014 15:37:18.091691  9224 work_detect.cpp:86] Detected bbox: [84 x 98 from (306, 208)]
I1014 15:37:18.091722  9224 work_detect.cpp:120] Succeeded to add det end for frame 330
I1014 15:37:18.091737  9224 work_thread.hpp:81]  [T-Work-Detect_0] Run work: WrokTrack
I1014 15:37:18.091760  9224 work_track.cpp:82] Frame: 330 build input_characts: [0.282813 x 0.625 from (0.43125, 0.269444)], 1.00019, 0
I1014 15:37:18.091812  9224 work_track.cpp:82] Frame: 330 build input_characts: [0.13125 x 0.272222 from (0.478125, 0.577778)], 0.920305, 1
I1014 15:37:18.091851  9224 work_track.cpp:102] Succeeded to set track lock for frame 330
I1014 15:37:18.091898  9224 work_track.cpp:116] Succeeded to release track lock for frame 330
I1014 15:37:18.091913  9224 work_track.cpp:120] Track results of frame 330: 2 objects input, 1 objects tracked!
I1014 15:37:18.091933  9224 work_track.cpp:148] Frame: 330, track bbox: [181 x 225 from (275.792, 103.406)], gid: 1, lid: 0
I1014 15:37:18.091967  9224 work_track.cpp:162] Frame: 330 lid: 1 not tracked, will set invalid
I1014 15:37:18.091984  9224 work_thread.hpp:87]  [T-Work-Detect_0] Frame :330 split
I1014 15:37:18.092001  9224 work_thread.hpp:120]  [T-Work-Detect_0] Valid piece: gid = 1
I1014 15:37:18.092018  9224 work_thread.hpp:126]  [T-Work-Detect_0] Invalid piece: lid = 1, drop it
I1014 15:37:18.092033  9224 work_thread.hpp:91]  [T-Work-Detect_0] Push to split queue:recog
I1014 15:37:18.092079  9225 work_thread.hpp:81]  [T-Work-Recog_0] Run work: WorkCapture
I1014 15:37:18.092084  9227 thread_intergrate.hpp:78] [T-Intergrate-intergrate] queue: frame output frame :330
I1014 15:37:18.092206  9227 thread_intergrate.hpp:85] [T-Intergrate-intergrate] queue: compare output face:1
I1014 15:37:18.092226  9227 thread_intergrate.hpp:144] T-Intergrate-intergrate set matched face: 1
I1014 15:37:18.092674  9225 work_thread.hpp:81]  [T-Work-Recog_0] Run work: WorkRecog
I1014 15:37:18.092700  9225 work_recog.hpp:89] Face id: 1 will run recog: bbox [181 x 225 from (276, 97)] quality: 0.424265
I1014 15:37:18.092732  9225 work_recog.hpp:96] Recog pair: [256 x 312 from (240, 48)], [181 x 225 from (36, 49)]
I1014 15:37:18.093729  9227 thread_intergrate.hpp:187] T-Intergrate-intergrate Show face :1, size :640 * 360
I1014 15:37:18.094303  9223 demo_inner.hpp:435] thread [SORT-0]  frame id 330 sorting queue size 7   FPS: 28.7908
I1014 15:37:18.110267  9225 work_thread.hpp:81]  [T-Work-Recog_0] Run work: WorkCompare
I1014 15:37:18.110728  9225 work_compare.cpp:76] Compare face: 1 successed, similarity :0.997049, name : images/ThangLMb.jpg, normal size : 1548 * 1719!
I1014 15:37:18.115293  9221 demo_inner.hpp:177] decode queue size 0
I1014 15:37:18.115373  9224 work_thread.hpp:81]  [T-Work-Detect_0] Run work: WorkDetect
I1014 15:37:18.115409  9224 work_detect.cpp:102] Succeeded to add det start for frame 331
I1014 15:37:18.122398  9224 work_detect.cpp:70] Frame :331 detect result :1 face(s)
I1014 15:37:18.122443  9224 work_detect.cpp:86] Detected bbox: [180 x 228 from (278, 96)]
I1014 15:37:18.122485  9224 work_detect.cpp:120] Succeeded to add det end for frame 331
I1014 15:37:18.122501  9224 work_thread.hpp:81]  [T-Work-Detect_0] Run work: WrokTrack
I1014 15:37:18.122525  9224 work_track.cpp:82] Frame: 331 build input_characts: [0.28125 x 0.633333 from (0.434375, 0.266667)], 1.00035, 0
I1014 15:37:18.122581  9224 work_track.cpp:102] Succeeded to set track lock for frame 331
I1014 15:37:18.122622  9224 work_track.cpp:116] Succeeded to release track lock for frame 331
I1014 15:37:18.122635  9224 work_track.cpp:120] Track results of frame 331: 1 objects input, 1 objects tracked!
I1014 15:37:18.122654  9224 work_track.cpp:148] Frame: 331, track bbox: [180 x 228 from (277.671, 94.5253)], gid: 1, lid: 0
I1014 15:37:18.122689  9224 work_thread.hpp:87]  [T-Work-Detect_0] Frame :331 split
I1014 15:37:18.122706  9224 work_thread.hpp:120]  [T-Work-Detect_0] Valid piece: gid = 1
I1014 15:37:18.122725  9224 work_thread.hpp:91]  [T-Work-Detect_0] Push to split queue:recog
I1014 15:37:18.122773  9226 work_thread.hpp:81]  [T-Work-Recog_1] Run work: WorkCapture
I1014 15:37:18.123072  9227 thread_intergrate.hpp:78] [T-Intergrate-intergrate] queue: frame output frame :331
I1014 15:37:18.123100  9227 thread_intergrate.hpp:85] [T-Intergrate-intergrate] queue: compare output face:1
I1014 15:37:18.123118  9227 thread_intergrate.hpp:144] T-Intergrate-intergrate set matched face: 1
I1014 15:37:18.123349  9226 work_thread.hpp:81]  [T-Work-Recog_1] Run work: WorkRecog
I1014 15:37:18.123374  9226 work_recog.hpp:89] Face id: 1 will run recog: bbox [180 x 228 from (278, 96)] quality: 0.481957
I1014 15:37:18.123404  9226 work_recog.hpp:96] Recog pair: [256 x 312 from (240, 48)], [180 x 228 from (38, 48)]
I1014 15:37:18.124723  9227 thread_intergrate.hpp:187] T-Intergrate-intergrate Show face :1, size :640 * 360
I1014 15:37:18.125284  9223 demo_inner.hpp:435] thread [SORT-0]  frame id 331 sorting queue size 8   FPS: 28.7797
I1014 15:37:18.141216  9226 work_thread.hpp:81]  [T-Work-Recog_1] Run work: WorkCompare
I1014 15:37:18.141695  9226 work_compare.cpp:76] Compare face: 1 successed, similarity :0.99571, name : images/ThangLMb.jpg, normal size : 1548 * 1719!
I1014 15:37:18.150748  9221 demo_inner.hpp:177] decode queue size 0
I1014 15:37:18.150887  9224 work_thread.hpp:81]  [T-Work-Detect_0] Run work: WorkDetect
I1014 15:37:18.150925  9224 work_detect.cpp:102] Succeeded to add det start for frame 332
I1014 15:37:18.157927  9224 work_detect.cpp:70] Frame :332 detect result :1 face(s)
I1014 15:37:18.157971  9224 work_detect.cpp:86] Detected bbox: [192 x 237 from (275, 84)]
I1014 15:37:18.158015  9224 work_detect.cpp:120] Succeeded to add det end for frame 332
I1014 15:37:18.158103  9224 work_thread.hpp:81]  [T-Work-Detect_0] Run work: WrokTrack
I1014 15:37:18.158130  9224 work_track.cpp:82] Frame: 332 build input_characts: [0.3 x 0.658333 from (0.429688, 0.233333)], 1.00019, 0
I1014 15:37:18.158185  9224 work_track.cpp:102] Succeeded to set track lock for frame 332
I1014 15:37:18.158231  9224 work_track.cpp:116] Succeeded to release track lock for frame 332
I1014 15:37:18.158244  9224 work_track.cpp:120] Track results of frame 332: 1 objects input, 1 objects tracked!
I1014 15:37:18.158262  9224 work_track.cpp:148] Frame: 332, track bbox: [192 x 237 from (274.211, 81.3561)], gid: 1, lid: 0
I1014 15:37:18.158298  9224 work_thread.hpp:87]  [T-Work-Detect_0] Frame :332 split
I1014 15:37:18.158316  9224 work_thread.hpp:120]  [T-Work-Detect_0] Valid piece: gid = 1
I1014 15:37:18.158334  9224 work_thread.hpp:91]  [T-Work-Detect_0] Push to split queue:recog
I1014 15:37:18.158376  9225 work_thread.hpp:81]  [T-Work-Recog_0] Run work: WorkCapture
I1014 15:37:18.158377  9227 thread_intergrate.hpp:78] [T-Intergrate-intergrate] queue: frame output frame :332
I1014 15:37:18.158414  9227 thread_intergrate.hpp:85] [T-Intergrate-intergrate] queue: compare output face:1
I1014 15:37:18.158433  9227 thread_intergrate.hpp:144] T-Intergrate-intergrate set matched face: 1
I1014 15:37:18.158980  9225 work_thread.hpp:81]  [T-Work-Recog_0] Run work: WorkRecog
I1014 15:37:18.159008  9225 work_recog.hpp:89] Face id: 1 will run recog: bbox [192 x 237 from (275, 84)] quality: 0.483534
I1014 15:37:18.159041  9225 work_recog.hpp:96] Recog pair: [280 x 328 from (232, 32)], [192 x 237 from (43, 52)]
I1014 15:37:18.159950  9227 thread_intergrate.hpp:187] T-Intergrate-intergrate Show face :1, size :640 * 360
I1014 15:37:18.160526  9223 demo_inner.hpp:435] thread [SORT-0]  frame id 332 sorting queue size 9   FPS: 28.7908
I1014 15:37:18.176458  9225 work_thread.hpp:81]  [T-Work-Recog_0] Run work: WorkCompare
I1014 15:37:18.176910  9225 work_compare.cpp:76] Compare face: 1 successed, similarity :0.996124, name : images/ThangLMb.jpg, normal size : 1548 * 1719!
I1014 15:37:18.186702  9221 demo_inner.hpp:177] decode queue size 0
I1014 15:37:18.186816  9224 work_thread.hpp:81]  [T-Work-Detect_0] Run work: WorkDetect
I1014 15:37:18.186851  9224 work_detect.cpp:102] Succeeded to add det start for frame 333
I1014 15:37:18.193853  9224 work_detect.cpp:70] Frame :333 detect result :1 face(s)
I1014 15:37:18.193899  9224 work_detect.cpp:86] Detected bbox: [176 x 218 from (302, 93)]
I1014 15:37:18.193943  9224 work_detect.cpp:120] Succeeded to add det end for frame 333
I1014 15:37:18.193958  9224 work_thread.hpp:81]  [T-Work-Detect_0] Run work: WrokTrack
I1014 15:37:18.193982  9224 work_track.cpp:82] Frame: 333 build input_characts: [0.275 x 0.605556 from (0.471875, 0.258333)], 0.999622, 0
I1014 15:37:18.194036  9224 work_track.cpp:102] Succeeded to set track lock for frame 333
I1014 15:37:18.194077  9224 work_track.cpp:116] Succeeded to release track lock for frame 333
I1014 15:37:18.194092  9224 work_track.cpp:120] Track results of frame 333: 1 objects input, 1 objects tracked!
I1014 15:37:18.194109  9224 work_track.cpp:148] Frame: 333, track bbox: [176 x 218 from (294.07, 87.6136)], gid: 1, lid: 0
I1014 15:37:18.194145  9224 work_thread.hpp:87]  [T-Work-Detect_0] Frame :333 split
I1014 15:37:18.194164  9224 work_thread.hpp:120]  [T-Work-Detect_0] Valid piece: gid = 1
I1014 15:37:18.194180  9224 work_thread.hpp:91]  [T-Work-Detect_0] Push to split queue:recog
I1014 15:37:18.194221  9225 work_thread.hpp:81]  [T-Work-Recog_0] Run work: WorkCapture
I1014 15:37:18.194224  9227 thread_intergrate.hpp:78] [T-Intergrate-intergrate] queue: frame output frame :333
I1014 15:37:18.194262  9227 thread_intergrate.hpp:85] [T-Intergrate-intergrate] queue: compare output face:1
I1014 15:37:18.194280  9227 thread_intergrate.hpp:144] T-Intergrate-intergrate set matched face: 1
I1014 15:37:18.194833  9225 work_thread.hpp:81]  [T-Work-Recog_0] Run work: WorkRecog
I1014 15:37:18.194941  9225 work_recog.hpp:89] Face id: 1 will run recog: bbox [176 x 218 from (302, 93)] quality: 0.445494
I1014 15:37:18.194977  9225 work_recog.hpp:96] Recog pair: [256 x 312 from (264, 48)], [176 x 218 from (38, 45)]
I1014 15:37:18.195834  9227 thread_intergrate.hpp:187] T-Intergrate-intergrate Show face :1, size :640 * 360
I1014 15:37:18.196379  9223 demo_inner.hpp:435] thread [SORT-0]  frame id 333 sorting queue size 10   FPS: 28.7246
I1014 15:37:18.212587  9225 work_thread.hpp:81]  [T-Work-Recog_0] Run work: WorkCompare
I1014 15:37:18.213048  9225 work_compare.cpp:76] Compare face: 1 successed, similarity :0.995084, name : images/ThangLMb.jpg, normal size : 1548 * 1719!
I1014 15:37:18.217584  9221 demo_inner.hpp:177] decode queue size 0
I1014 15:37:18.217694  9224 work_thread.hpp:81]  [T-Work-Detect_0] Run work: WorkDetect
I1014 15:37:18.217731  9224 work_detect.cpp:102] Succeeded to add det start for frame 334
I1014 15:37:18.224750  9224 work_detect.cpp:70] Frame :334 detect result :1 face(s)
I1014 15:37:18.224795  9224 work_detect.cpp:86] Detected bbox: [187 x 219 from (302, 70)]
I1014 15:37:18.224838  9224 work_detect.cpp:120] Succeeded to add det end for frame 334
I1014 15:37:18.224855  9224 work_thread.hpp:81]  [T-Work-Detect_0] Run work: WrokTrack
I1014 15:37:18.224879  9224 work_track.cpp:82] Frame: 334 build input_characts: [0.292188 x 0.608333 from (0.471875, 0.194444)], 1.00035, 0
I1014 15:37:18.224931  9224 work_track.cpp:102] Succeeded to set track lock for frame 334
I1014 15:37:18.224970  9224 work_track.cpp:116] Succeeded to release track lock for frame 334
I1014 15:37:18.224985  9224 work_track.cpp:120] Track results of frame 334: 1 objects input, 1 objects tracked!
I1014 15:37:18.225003  9224 work_track.cpp:148] Frame: 334, track bbox: [187 x 219 from (298.168, 75.9047)], gid: 1, lid: 0
I1014 15:37:18.225040  9224 work_thread.hpp:87]  [T-Work-Detect_0] Frame :334 split
I1014 15:37:18.225059  9224 work_thread.hpp:120]  [T-Work-Detect_0] Valid piece: gid = 1
I1014 15:37:18.225075  9224 work_thread.hpp:91]  [T-Work-Detect_0] Push to split queue:recog
I1014 15:37:18.225121  9227 thread_intergrate.hpp:78] [T-Intergrate-intergrate] queue: frame output frame :334
I1014 15:37:18.225142  9226 work_thread.hpp:81]  [T-Work-Recog_1] Run work: WorkCapture
I1014 15:37:18.225147  9227 thread_intergrate.hpp:85] [T-Intergrate-intergrate] queue: compare output face:1
I1014 15:37:18.225183  9227 thread_intergrate.hpp:144] T-Intergrate-intergrate set matched face: 1
I1014 15:37:18.225749  9226 work_thread.hpp:81]  [T-Work-Recog_1] Run work: WorkRecog
I1014 15:37:18.225786  9226 work_recog.hpp:89] Face id: 1 will run recog: bbox [187 x 219 from (302, 70)] quality: 0.396341
I1014 15:37:18.225819  9226 work_recog.hpp:96] Recog pair: [264 x 312 from (264, 24)], [187 x 219 from (38, 46)]
I1014 15:37:18.226697  9227 thread_intergrate.hpp:187] T-Intergrate-intergrate Show face :1, size :640 * 360
I1014 15:37:18.244068  9226 work_thread.hpp:81]  [T-Work-Recog_1] Run work: WorkCompare
I1014 15:37:18.244627  9226 work_compare.cpp:76] Compare face: 1 successed, similarity :0.993342, name : images/ThangLMb.jpg, normal size : 1548 * 1719!
I1014 15:37:18.252979  9221 demo_inner.hpp:177] decode queue size 0
I1014 15:37:18.253100  9224 work_thread.hpp:81]  [T-Work-Detect_0] Run work: WorkDetect
I1014 15:37:18.253139  9224 work_detect.cpp:102] Succeeded to add det start for frame 335
I1014 15:37:18.260089  9224 work_detect.cpp:70] Frame :335 detect result :1 face(s)
I1014 15:37:18.260135  9224 work_detect.cpp:86] Detected bbox: [173 x 212 from (310, 74)]
I1014 15:37:18.260192  9224 work_detect.cpp:120] Succeeded to add det end for frame 335
I1014 15:37:18.260210  9224 work_thread.hpp:81]  [T-Work-Detect_0] Run work: WrokTrack
I1014 15:37:18.260233  9224 work_track.cpp:82] Frame: 335 build input_characts: [0.270312 x 0.588889 from (0.484375, 0.205556)], 1.00035, 0
I1014 15:37:18.260288  9224 work_track.cpp:102] Succeeded to set track lock for frame 335
I1014 15:37:18.260329  9224 work_track.cpp:116] Succeeded to release track lock for frame 335
I1014 15:37:18.260418  9224 work_track.cpp:120] Track results of frame 335: 1 objects input, 1 objects tracked!
I1014 15:37:18.260438  9224 work_track.cpp:148] Frame: 335, track bbox: [173 x 212 from (312.718, 74.1413)], gid: 1, lid: 0
I1014 15:37:18.260475  9224 work_thread.hpp:87]  [T-Work-Detect_0] Frame :335 split
I1014 15:37:18.260493  9224 work_thread.hpp:120]  [T-Work-Detect_0] Valid piece: gid = 1
I1014 15:37:18.260511  9224 work_thread.hpp:91]  [T-Work-Detect_0] Push to split queue:recog
I1014 15:37:18.260553  9225 work_thread.hpp:81]  [T-Work-Recog_0] Run work: WorkCapture
I1014 15:37:18.260555  9227 thread_intergrate.hpp:78] [T-Intergrate-intergrate] queue: frame output frame :335
I1014 15:37:18.260592  9227 thread_intergrate.hpp:85] [T-Intergrate-intergrate] queue: compare output face:1
I1014 15:37:18.260612  9227 thread_intergrate.hpp:144] T-Intergrate-intergrate set matched face: 1
I1014 15:37:18.261205  9225 work_thread.hpp:81]  [T-Work-Recog_0] Run work: WorkRecog
I1014 15:37:18.261231  9225 work_recog.hpp:89] Face id: 1 will run recog: bbox [173 x 212 from (310, 74)] quality: 0.396341
I1014 15:37:18.261265  9225 work_recog.hpp:96] Recog pair: [248 x 296 from (272, 32)], [173 x 212 from (38, 42)]
I1014 15:37:18.262143  9227 thread_intergrate.hpp:187] T-Intergrate-intergrate Show face :1, size :640 * 360
I1014 15:37:18.278985  9225 work_thread.hpp:81]  [T-Work-Recog_0] Run work: WorkCompare
I1014 15:37:18.279448  9225 work_compare.cpp:76] Compare face: 1 successed, similarity :0.970996, name : images/ThangLMb.jpg, normal size : 1548 * 1719!
I1014 15:37:18.283753  9221 demo_inner.hpp:177] decode queue size 0
I1014 15:37:18.283874  9224 work_thread.hpp:81]  [T-Work-Detect_0] Run work: WorkDetect
I1014 15:37:18.283910  9224 work_detect.cpp:102] Succeeded to add det start for frame 336
I1014 15:37:18.290886  9224 work_detect.cpp:70] Frame :336 detect result :1 face(s)
I1014 15:37:18.290933  9224 work_detect.cpp:86] Detected bbox: [186 x 230 from (305, 63)]
I1014 15:37:18.290976  9224 work_detect.cpp:120] Succeeded to add det end for frame 336
I1014 15:37:18.290992  9224 work_thread.hpp:81]  [T-Work-Detect_0] Run work: WrokTrack
I1014 15:37:18.291016  9224 work_track.cpp:82] Frame: 336 build input_characts: [0.290625 x 0.638889 from (0.476562, 0.175)], 1.00035, 0
I1014 15:37:18.291070  9224 work_track.cpp:102] Succeeded to set track lock for frame 336
I1014 15:37:18.291255  9224 work_track.cpp:116] Succeeded to release track lock for frame 336
I1014 15:37:18.291272  9224 work_track.cpp:120] Track results of frame 336: 1 objects input, 1 objects tracked!
I1014 15:37:18.291291  9224 work_track.cpp:148] Frame: 336, track bbox: [186 x 230 from (310.063, 59.1386)], gid: 1, lid: 0
I1014 15:37:18.291328  9224 work_thread.hpp:87]  [T-Work-Detect_0] Frame :336 split
I1014 15:37:18.291347  9224 work_thread.hpp:120]  [T-Work-Detect_0] Valid piece: gid = 1
I1014 15:37:18.291364  9224 work_thread.hpp:91]  [T-Work-Detect_0] Push to split queue:recog
I1014 15:37:18.291409  9227 thread_intergrate.hpp:78] [T-Intergrate-intergrate] queue: frame output frame :336
I1014 15:37:18.291411  9226 work_thread.hpp:81]  [T-Work-Recog_1] Run work: WorkCapture
I1014 15:37:18.291435  9227 thread_intergrate.hpp:85] [T-Intergrate-intergrate] queue: compare output face:1
I1014 15:37:18.291453  9227 thread_intergrate.hpp:144] T-Intergrate-intergrate set matched face: 1
I1014 15:37:18.292127  9226 work_thread.hpp:81]  [T-Work-Recog_1] Run work: WorkRecog
I1014 15:37:18.292172  9226 work_recog.hpp:89] Face id: 1 will run recog: bbox [186 x 230 from (305, 63)] quality: 0.466042
I1014 15:37:18.292213  9226 work_recog.hpp:96] Recog pair: [264 x 328 from (264, 16)], [186 x 230 from (41, 47)]
I1014 15:37:18.293006  9227 thread_intergrate.hpp:187] T-Intergrate-intergrate Show face :1, size :640 * 360
I1014 15:37:18.310310  9226 work_thread.hpp:81]  [T-Work-Recog_1] Run work: WorkCompare
I1014 15:37:18.310825  9226 work_compare.cpp:76] Compare face: 1 successed, similarity :0.993884, name : images/ThangLMb.jpg, normal size : 1548 * 1719!
I1014 15:37:18.319057  9221 demo_inner.hpp:177] decode queue size 0
I1014 15:37:18.319173  9224 work_thread.hpp:81]  [T-Work-Detect_0] Run work: WorkDetect
I1014 15:37:18.319207  9224 work_detect.cpp:102] Succeeded to add det start for frame 337
I1014 15:37:18.326228  9224 work_detect.cpp:70] Frame :337 detect result :1 face(s)
I1014 15:37:18.326272  9224 work_detect.cpp:86] Detected bbox: [193 x 237 from (308, 52)]
I1014 15:37:18.326316  9224 work_detect.cpp:120] Succeeded to add det end for frame 337
I1014 15:37:18.326333  9224 work_thread.hpp:81]  [T-Work-Detect_0] Run work: WrokTrack
I1014 15:37:18.326357  9224 work_track.cpp:82] Frame: 337 build input_characts: [0.301562 x 0.658333 from (0.48125, 0.144444)], 0.999622, 0
I1014 15:37:18.326413  9224 work_track.cpp:102] Succeeded to set track lock for frame 337
I1014 15:37:18.326454  9224 work_track.cpp:116] Succeeded to release track lock for frame 337
I1014 15:37:18.326469  9224 work_track.cpp:120] Track results of frame 337: 1 objects input, 1 objects tracked!
I1014 15:37:18.326488  9224 work_track.cpp:148] Frame: 337, track bbox: [193 x 237 from (309.834, 50.3834)], gid: 1, lid: 0
I1014 15:37:18.326524  9224 work_thread.hpp:87]  [T-Work-Detect_0] Frame :337 split
I1014 15:37:18.326542  9224 work_thread.hpp:120]  [T-Work-Detect_0] Valid piece: gid = 1
I1014 15:37:18.326560  9224 work_thread.hpp:91]  [T-Work-Detect_0] Push to split queue:recog
I1014 15:37:18.326602  9225 work_thread.hpp:81]  [T-Work-Recog_0] Run work: WorkCapture
I1014 15:37:18.326604  9227 thread_intergrate.hpp:78] [T-Intergrate-intergrate] queue: frame output frame :337
I1014 15:37:18.326642  9227 thread_intergrate.hpp:85] [T-Intergrate-intergrate] queue: compare output face:1
I1014 15:37:18.326663  9227 thread_intergrate.hpp:144] T-Intergrate-intergrate set matched face: 1
I1014 15:37:18.327234  9225 work_thread.hpp:81]  [T-Work-Recog_0] Run work: WorkRecog
I1014 15:37:18.327260  9225 work_recog.hpp:89] Face id: 1 will run recog: bbox [193 x 237 from (308, 52)] quality: 0.46058
I1014 15:37:18.327294  9225 work_recog.hpp:96] Recog pair: [280 x 336 from (264, 0)], [193 x 237 from (44, 52)]
I1014 15:37:18.328214  9227 thread_intergrate.hpp:187] T-Intergrate-intergrate Show face :1, size :640 * 360
I1014 15:37:18.344852  9225 work_thread.hpp:81]  [T-Work-Recog_0] Run work: WorkCompare
I1014 15:37:18.345316  9225 work_compare.cpp:76] Compare face: 1 successed, similarity :0.993812, name : images/ThangLMb.jpg, normal size : 1548 * 1719!
I1014 15:37:18.349625  9221 demo_inner.hpp:177] decode queue size 0
I1014 15:37:18.349728  9224 work_thread.hpp:81]  [T-Work-Detect_0] Run work: WorkDetect
I1014 15:37:18.349766  9224 work_detect.cpp:102] Succeeded to add det start for frame 338
I1014 15:37:18.356832  9224 work_detect.cpp:70] Frame :338 detect result :1 face(s)
I1014 15:37:18.356880  9224 work_detect.cpp:86] Detected bbox: [171 x 209 from (343, 79)]
I1014 15:37:18.356925  9224 work_detect.cpp:120] Succeeded to add det end for frame 338
I1014 15:37:18.356941  9224 work_thread.hpp:81]  [T-Work-Detect_0] Run work: WrokTrack
I1014 15:37:18.356966  9224 work_track.cpp:82] Frame: 338 build input_characts: [0.267188 x 0.580556 from (0.535937, 0.219444)], 0.997596, 0
I1014 15:37:18.357022  9224 work_track.cpp:102] Succeeded to set track lock for frame 338
I1014 15:37:18.357061  9224 work_track.cpp:116] Succeeded to release track lock for frame 338
I1014 15:37:18.357076  9224 work_track.cpp:120] Track results of frame 338: 1 objects input, 1 objects tracked!
I1014 15:37:18.357095  9224 work_track.cpp:148] Frame: 338, track bbox: [171 x 209 from (332.453, 69.0743)], gid: 1, lid: 0
I1014 15:37:18.357280  9224 work_thread.hpp:87]  [T-Work-Detect_0] Frame :338 split
I1014 15:37:18.357300  9224 work_thread.hpp:120]  [T-Work-Detect_0] Valid piece: gid = 1
I1014 15:37:18.357318  9224 work_thread.hpp:91]  [T-Work-Detect_0] Push to split queue:recog
I1014 15:37:18.357363  9227 thread_intergrate.hpp:78] [T-Intergrate-intergrate] queue: frame output frame :338
I1014 15:37:18.357363  9226 work_thread.hpp:81]  [T-Work-Recog_1] Run work: WorkCapture
I1014 15:37:18.357393  9227 thread_intergrate.hpp:85] [T-Intergrate-intergrate] queue: compare output face:1
I1014 15:37:18.357501  9227 thread_intergrate.hpp:144] T-Intergrate-intergrate set matched face: 1
I1014 15:37:18.358196  9226 work_thread.hpp:81]  [T-Work-Recog_1] Run work: WorkRecog
I1014 15:37:18.358225  9226 work_recog.hpp:89] Face id: 1 will run recog: bbox [171 x 209 from (343, 79)] quality: 0.302432
I1014 15:37:18.358258  9226 work_recog.hpp:96] Recog pair: [248 x 304 from (304, 32)], [171 x 209 from (39, 47)]
I1014 15:37:18.359014  9227 thread_intergrate.hpp:187] T-Intergrate-intergrate Show face :1, size :640 * 360
I1014 15:37:18.376385  9226 work_thread.hpp:81]  [T-Work-Recog_1] Run work: WorkCompare
I1014 15:37:18.376905  9226 work_compare.cpp:76] Compare face: 1 successed, similarity :0.97373, name : images/ThangLMb.jpg, normal size : 1548 * 1719!
I1014 15:37:18.385104  9221 demo_inner.hpp:177] decode queue size 0
I1014 15:37:18.385224  9224 work_thread.hpp:81]  [T-Work-Detect_0] Run work: WorkDetect
I1014 15:37:18.385260  9224 work_detect.cpp:102] Succeeded to add det start for frame 339
I1014 15:37:18.392186  9224 work_detect.cpp:70] Frame :339 detect result :1 face(s)
I1014 15:37:18.392230  9224 work_detect.cpp:86] Detected bbox: [173 x 220 from (343, 61)]
I1014 15:37:18.392273  9224 work_detect.cpp:120] Succeeded to add det end for frame 339
I1014 15:37:18.392289  9224 work_thread.hpp:81]  [T-Work-Detect_0] Run work: WrokTrack
I1014 15:37:18.392313  9224 work_track.cpp:82] Frame: 339 build input_characts: [0.270312 x 0.611111 from (0.535937, 0.169444)], 0.99799, 0
I1014 15:37:18.392367  9224 work_track.cpp:102] Succeeded to set track lock for frame 339
I1014 15:37:18.392410  9224 work_track.cpp:116] Succeeded to release track lock for frame 339
I1014 15:37:18.392424  9224 work_track.cpp:120] Track results of frame 339: 1 objects input, 1 objects tracked!
I1014 15:37:18.392442  9224 work_track.cpp:148] Frame: 339, track bbox: [173 x 220 from (341.736, 64.263)], gid: 1, lid: 0
I1014 15:37:18.392477  9224 work_thread.hpp:87]  [T-Work-Detect_0] Frame :339 split
I1014 15:37:18.392494  9224 work_thread.hpp:120]  [T-Work-Detect_0] Valid piece: gid = 1
I1014 15:37:18.392513  9224 work_thread.hpp:91]  [T-Work-Detect_0] Push to split queue:recog
I1014 15:37:18.392555  9225 work_thread.hpp:81]  [T-Work-Recog_0] Run work: WorkCapture
I1014 15:37:18.392560  9227 thread_intergrate.hpp:78] [T-Intergrate-intergrate] queue: frame output frame :339
I1014 15:37:18.392590  9227 thread_intergrate.hpp:85] [T-Intergrate-intergrate] queue: compare output face:1
I1014 15:37:18.392609  9227 thread_intergrate.hpp:144] T-Intergrate-intergrate set matched face: 1
I1014 15:37:18.393219  9225 work_thread.hpp:81]  [T-Work-Recog_0] Run work: WorkRecog
I1014 15:37:18.393246  9225 work_recog.hpp:89] Face id: 1 will run recog: bbox [173 x 220 from (343, 61)] quality: 0.41565
I1014 15:37:18.393278  9225 work_recog.hpp:96] Recog pair: [248 x 312 from (304, 16)], [173 x 220 from (39, 45)]
I1014 15:37:18.394151  9227 thread_intergrate.hpp:187] T-Intergrate-intergrate Show face :1, size :640 * 360
I1014 15:37:18.404362  9227 thread_intergrate.hpp:95] T-Intergrate-intergrate Try push queue sorting again 5 vs 5
I1014 15:37:18.410840  9225 work_thread.hpp:81]  [T-Work-Recog_0] Run work: WorkCompare
I1014 15:37:18.411278  9225 work_compare.cpp:76] Compare face: 1 successed, similarity :0.973569, name : images/ThangLMb.jpg, normal size : 1548 * 1719!
I1014 15:37:18.414489  9227 thread_intergrate.hpp:95] T-Intergrate-intergrate Try push queue sorting again 5 vs 5
I1014 15:37:18.420796  9221 demo_inner.hpp:177] decode queue size 0
I1014 15:37:18.420918  9224 work_thread.hpp:81]  [T-Work-Detect_0] Run work: WorkDetect
I1014 15:37:18.420954  9224 work_detect.cpp:102] Succeeded to add det start for frame 340
I1014 15:37:18.424595  9227 thread_intergrate.hpp:95] T-Intergrate-intergrate Try push queue sorting again 5 vs 5
I1014 15:37:18.427786  9224 work_detect.cpp:70] Frame :340 detect result :1 face(s)
I1014 15:37:18.427809  9224 work_detect.cpp:86] Detected bbox: [193 x 220 from (335, 41)]
I1014 15:37:18.427925  9224 work_detect.cpp:120] Succeeded to add det end for frame 340
I1014 15:37:18.427943  9224 work_thread.hpp:81]  [T-Work-Detect_0] Run work: WrokTrack
I1014 15:37:18.427965  9224 work_track.cpp:82] Frame: 340 build input_characts: [0.301562 x 0.611111 from (0.523438, 0.113889)], 0.997596, 0
I1014 15:37:18.428021  9224 work_track.cpp:102] Succeeded to set track lock for frame 340
I1014 15:37:18.428062  9224 work_track.cpp:116] Succeeded to release track lock for frame 340
I1014 15:37:18.428076  9224 work_track.cpp:120] Track results of frame 340: 1 objects input, 1 objects tracked!
I1014 15:37:18.428095  9224 work_track.cpp:148] Frame: 340, track bbox: [193 x 220 from (339.208, 51.4101)], gid: 1, lid: 0
I1014 15:37:18.428131  9224 work_thread.hpp:87]  [T-Work-Detect_0] Frame :340 split
I1014 15:37:18.428149  9224 work_thread.hpp:120]  [T-Work-Detect_0] Valid piece: gid = 1
I1014 15:37:18.428184  9224 work_thread.hpp:91]  [T-Work-Detect_0] Push to split queue:recog
I1014 15:37:18.428233  9225 work_thread.hpp:81]  [T-Work-Recog_0] Run work: WorkCapture
I1014 15:37:18.428772  9225 work_thread.hpp:81]  [T-Work-Recog_0] Run work: WorkRecog
I1014 15:37:18.428795  9225 work_recog.hpp:89] Face id: 1 will run recog: bbox [193 x 220 from (335, 41)] quality: 0.456423
I1014 15:37:18.428822  9225 work_recog.hpp:96] Recog pair: [272 x 312 from (296, 0)], [193 x 220 from (39, 41)]
I1014 15:37:18.434715  9227 thread_intergrate.hpp:95] T-Intergrate-intergrate Try push queue sorting again 5 vs 5
I1014 15:37:18.444833  9227 thread_intergrate.hpp:95] T-Intergrate-intergrate Try push queue sorting again 5 vs 5
I1014 15:37:18.446350  9225 work_thread.hpp:81]  [T-Work-Recog_0] Run work: WorkCompare
I1014 15:37:18.446780  9225 work_compare.cpp:76] Compare face: 1 successed, similarity :0.993467, name : images/ThangLMb.jpg, normal size : 1548 * 1719!
I1014 15:37:18.450928  9221 demo_inner.hpp:177] decode queue size 0
I1014 15:37:18.451038  9224 work_thread.hpp:81]  [T-Work-Detect_0] Run work: WorkDetect
I1014 15:37:18.451073  9224 work_detect.cpp:102] Succeeded to add det start for frame 341
I1014 15:37:18.454977  9227 thread_intergrate.hpp:95] T-Intergrate-intergrate Try push queue sorting again 5 vs 5
I1014 15:37:18.457895  9224 work_detect.cpp:70] Frame :341 detect result :1 face(s)
I1014 15:37:18.457916  9224 work_detect.cpp:86] Detected bbox: [188 x 225 from (360, 50)]
I1014 15:37:18.457962  9224 work_detect.cpp:120] Succeeded to add det end for frame 341
I1014 15:37:18.457978  9224 work_thread.hpp:81]  [T-Work-Detect_0] Run work: WrokTrack
I1014 15:37:18.457998  9224 work_track.cpp:82] Frame: 341 build input_characts: [0.29375 x 0.625 from (0.5625, 0.138889)], 0.997596, 0
I1014 15:37:18.458053  9224 work_track.cpp:102] Succeeded to set track lock for frame 341
I1014 15:37:18.458093  9224 work_track.cpp:116] Succeeded to release track lock for frame 341
I1014 15:37:18.458108  9224 work_track.cpp:120] Track results of frame 341: 1 objects input, 1 objects tracked!
I1014 15:37:18.458127  9224 work_track.cpp:148] Frame: 341, track bbox: [188 x 225 from (356.19, 46.3072)], gid: 1, lid: 0
I1014 15:37:18.458163  9224 work_thread.hpp:87]  [T-Work-Detect_0] Frame :341 split
I1014 15:37:18.458179  9224 work_thread.hpp:120]  [T-Work-Detect_0] Valid piece: gid = 1
I1014 15:37:18.458197  9224 work_thread.hpp:91]  [T-Work-Detect_0] Push to split queue:recog
I1014 15:37:18.458241  9225 work_thread.hpp:81]  [T-Work-Recog_0] Run work: WorkCapture
I1014 15:37:18.458788  9225 work_thread.hpp:81]  [T-Work-Recog_0] Run work: WorkRecog
I1014 15:37:18.458811  9225 work_recog.hpp:89] Face id: 1 will run recog: bbox [188 x 225 from (360, 50)] quality: 0.373693
I1014 15:37:18.458838  9225 work_recog.hpp:96] Recog pair: [272 x 320 from (320, 0)], [188 x 225 from (40, 50)]
I1014 15:37:18.465104  9227 thread_intergrate.hpp:95] T-Intergrate-intergrate Try push queue sorting again 5 vs 5
I1014 15:37:18.475211  9227 thread_intergrate.hpp:95] T-Intergrate-intergrate Try push queue sorting again 5 vs 5
I1014 15:37:18.476302  9225 work_thread.hpp:81]  [T-Work-Recog_0] Run work: WorkCompare
I1014 15:37:18.476727  9225 work_compare.cpp:76] Compare face: 1 successed, similarity :0.984956, name : images/ThangLMb.jpg, normal size : 1548 * 1719!
I1014 15:37:18.485430  9227 thread_intergrate.hpp:95] T-Intergrate-intergrate Try push queue sorting again 5 vs 5
I1014 15:37:18.486711  9221 demo_inner.hpp:177] decode queue size 0
I1014 15:37:18.486814  9224 work_thread.hpp:81]  [T-Work-Detect_0] Run work: WorkDetect
I1014 15:37:18.486881  9224 work_detect.cpp:102] Succeeded to add det start for frame 342
I1014 15:37:18.493716  9224 work_detect.cpp:70] Frame :342 detect result :1 face(s)
I1014 15:37:18.493757  9224 work_detect.cpp:86] Detected bbox: [182 x 223 from (371, 59)]
I1014 15:37:18.493800  9224 work_detect.cpp:120] Succeeded to add det end for frame 342
I1014 15:37:18.493816  9224 work_thread.hpp:81]  [T-Work-Detect_0] Run work: WrokTrack
I1014 15:37:18.493840  9224 work_track.cpp:82] Frame: 342 build input_characts: [0.284375 x 0.619444 from (0.579687, 0.163889)], 0.998681, 0
I1014 15:37:18.493896  9224 work_track.cpp:102] Succeeded to set track lock for frame 342
I1014 15:37:18.493937  9224 work_track.cpp:116] Succeeded to release track lock for frame 342
I1014 15:37:18.493952  9224 work_track.cpp:120] Track results of frame 342: 1 objects input, 1 objects tracked!
I1014 15:37:18.493969  9224 work_track.cpp:148] Frame: 342, track bbox: [182 x 223 from (370.137, 50.7384)], gid: 1, lid: 0
I1014 15:37:18.494006  9224 work_thread.hpp:87]  [T-Work-Detect_0] Frame :342 split
I1014 15:37:18.494025  9224 work_thread.hpp:120]  [T-Work-Detect_0] Valid piece: gid = 1
I1014 15:37:18.494042  9224 work_thread.hpp:91]  [T-Work-Detect_0] Push to split queue:recog
I1014 15:37:18.494093  9225 work_thread.hpp:81]  [T-Work-Recog_0] Run work: WorkCapture
I1014 15:37:18.494632  9225 work_thread.hpp:81]  [T-Work-Recog_0] Run work: WorkRecog
I1014 15:37:18.494653  9225 work_recog.hpp:89] Face id: 1 will run recog: bbox [182 x 223 from (371, 59)] quality: 0.36104
I1014 15:37:18.494680  9225 work_recog.hpp:96] Recog pair: [264 x 320 from (328, 8)], [182 x 223 from (43, 51)]
I1014 15:37:18.495563  9227 thread_intergrate.hpp:95] T-Intergrate-intergrate Try push queue sorting again 5 vs 5
I1014 15:37:18.505656  9227 thread_intergrate.hpp:95] T-Intergrate-intergrate Try push queue sorting again 5 vs 5
I1014 15:37:18.512145  9225 work_thread.hpp:81]  [T-Work-Recog_0] Run work: WorkCompare
I1014 15:37:18.512593  9225 work_compare.cpp:76] Compare face: 1 successed, similarity :0.99273, name : images/ThangLMb.jpg, normal size : 1548 * 1719!
I1014 15:37:18.515746  9227 thread_intergrate.hpp:95] T-Intergrate-intergrate Try push queue sorting again 5 vs 5
I1014 15:37:18.516886  9221 demo_inner.hpp:177] decode queue size 0
I1014 15:37:18.516986  9224 work_thread.hpp:81]  [T-Work-Detect_0] Run work: WorkDetect
I1014 15:37:18.517019  9224 work_detect.cpp:102] Succeeded to add det start for frame 343
I1014 15:37:18.524106  9224 work_detect.cpp:70] Frame :343 detect result :1 face(s)
I1014 15:37:18.524142  9224 work_detect.cpp:86] Detected bbox: [182 x 225 from (371, 61)]
I1014 15:37:18.524204  9224 work_detect.cpp:120] Succeeded to add det end for frame 343
I1014 15:37:18.524221  9224 work_thread.hpp:81]  [T-Work-Detect_0] Run work: WrokTrack
I1014 15:37:18.524245  9224 work_track.cpp:82] Frame: 343 build input_characts: [0.284375 x 0.625 from (0.579687, 0.169444)], 0.999622, 0
I1014 15:37:18.524300  9224 work_track.cpp:102] Succeeded to set track lock for frame 343
I1014 15:37:18.524339  9224 work_track.cpp:116] Succeeded to release track lock for frame 343
