I1014 14:53:04.829952  8280 work_detect.cpp:120] Succeeded to add det end for frame 132
I1014 14:53:04.829968  8280 work_thread.hpp:81]  [T-Work-Detect_0] Run work: WrokTrack
I1014 14:53:04.829994  8280 work_track.cpp:82] Frame: 132 build input_characts: [0.296875 x 0.647222 from (0.425, 0.247222)], 1.00019, 0
I1014 14:53:04.830049  8280 work_track.cpp:102] Succeeded to set track lock for frame 132
I1014 14:53:04.830164  8280 work_track.cpp:116] Succeeded to release track lock for frame 132
I1014 14:53:04.830180  8280 work_track.cpp:120] Track results of frame 132: 1 objects input, 1 objects tracked!
I1014 14:53:04.830199  8280 work_track.cpp:148] Frame: 132, track bbox: [190 x 233 from (268.219, 89.02)], gid: 0, lid: 0
I1014 14:53:04.830235  8280 work_thread.hpp:87]  [T-Work-Detect_0] Frame :132 split
I1014 14:53:04.830252  8280 work_thread.hpp:120]  [T-Work-Detect_0] Valid piece: gid = 0
I1014 14:53:04.830271  8280 work_thread.hpp:91]  [T-Work-Detect_0] Push to split queue:recog
I1014 14:53:04.830317  8281 work_thread.hpp:81]  [T-Work-Recog_0] Run work: WorkCapture
I1014 14:53:04.830324  8283 thread_intergrate.hpp:78] [T-Intergrate-intergrate] queue: frame output frame :132
I1014 14:53:04.830360  8283 thread_intergrate.hpp:85] [T-Intergrate-intergrate] queue: compare output face:0
I1014 14:53:04.830380  8283 thread_intergrate.hpp:144] T-Intergrate-intergrate set matched face: 0
I1014 14:53:04.830919  8281 work_thread.hpp:81]  [T-Work-Recog_0] Run work: WorkRecog
I1014 14:53:04.830945  8281 work_recog.hpp:89] Face id: 0 will run recog: bbox [190 x 233 from (272, 89)] quality: 0.467477
I1014 14:53:04.830976  8281 work_recog.hpp:96] Recog pair: [272 x 320 from (232, 40)], [190 x 233 from (40, 49)]
I1014 14:53:04.832453  8283 thread_intergrate.hpp:164] T-Intergrate-intergrate Show face :0, size :640 * 360
I1014 14:53:04.833137  8279 demo_inner.hpp:435] thread [SORT-0]  frame id 132 sorting queue size 2   FPS: 29.9313
I1014 14:53:04.848631  8281 work_thread.hpp:81]  [T-Work-Recog_0] Run work: WorkCompare
I1014 14:53:04.849098  8281 work_compare.cpp:76] Compare face: 0 successed, similarity :0.98875, name : images/ThangLMb.jpg, normal size : 1548 * 1719!
I1014 14:53:04.858228  8277 demo_inner.hpp:177] decode queue size 0
I1014 14:53:04.858353  8280 work_thread.hpp:81]  [T-Work-Detect_0] Run work: WorkDetect
I1014 14:53:04.858388  8280 work_detect.cpp:102] Succeeded to add det start for frame 133
I1014 14:53:04.865804  8280 work_detect.cpp:70] Frame :133 detect result :2 face(s)
I1014 14:53:04.865855  8280 work_detect.cpp:86] Detected bbox: [192 x 235 from (269, 88)]
I1014 14:53:04.865890  8280 work_detect.cpp:86] Detected bbox: [103 x 120 from (295, 196)]
I1014 14:53:04.865921  8280 work_detect.cpp:120] Succeeded to add det end for frame 133
I1014 14:53:04.865937  8280 work_thread.hpp:81]  [T-Work-Detect_0] Run work: WrokTrack
I1014 14:53:04.865962  8280 work_track.cpp:82] Frame: 133 build input_characts: [0.3 x 0.652778 from (0.420312, 0.244444)], 1.00019, 0
I1014 14:53:04.866014  8280 work_track.cpp:82] Frame: 133 build input_characts: [0.160938 x 0.333333 from (0.460938, 0.544444)], 0.932491, 1
I1014 14:53:04.866048  8280 work_track.cpp:102] Succeeded to set track lock for frame 133
I1014 14:53:04.866093  8280 work_track.cpp:116] Succeeded to release track lock for frame 133
I1014 14:53:04.866107  8280 work_track.cpp:120] Track results of frame 133: 2 objects input, 1 objects tracked!
I1014 14:53:04.866125  8280 work_track.cpp:148] Frame: 133, track bbox: [192 x 235 from (265.559, 90.9802)], gid: 0, lid: 0
I1014 14:53:04.866159  8280 work_track.cpp:162] Frame: 133 lid: 1 not tracked, will set invalid
I1014 14:53:04.866175  8280 work_thread.hpp:87]  [T-Work-Detect_0] Frame :133 split
I1014 14:53:04.866192  8280 work_thread.hpp:120]  [T-Work-Detect_0] Valid piece: gid = 0
I1014 14:53:04.866210  8280 work_thread.hpp:126]  [T-Work-Detect_0] Invalid piece: lid = 1, drop it
I1014 14:53:04.866225  8280 work_thread.hpp:91]  [T-Work-Detect_0] Push to split queue:recog
I1014 14:53:04.866269  8281 work_thread.hpp:81]  [T-Work-Recog_0] Run work: WorkCapture
I1014 14:53:04.866292  8283 thread_intergrate.hpp:78] [T-Intergrate-intergrate] queue: frame output frame :133
I1014 14:53:04.866319  8283 thread_intergrate.hpp:85] [T-Intergrate-intergrate] queue: compare output face:0
I1014 14:53:04.866339  8283 thread_intergrate.hpp:144] T-Intergrate-intergrate set matched face: 0
I1014 14:53:04.866853  8281 work_thread.hpp:81]  [T-Work-Recog_0] Run work: WorkRecog
I1014 14:53:04.866958  8281 work_recog.hpp:89] Face id: 0 will run recog: bbox [192 x 235 from (269, 88)] quality: 0.473113
I1014 14:53:04.866991  8281 work_recog.hpp:96] Recog pair: [280 x 320 from (224, 40)], [192 x 235 from (45, 48)]
I1014 14:53:04.868054  8283 thread_intergrate.hpp:164] T-Intergrate-intergrate Show face :0, size :640 * 360
I1014 14:53:04.868754  8279 demo_inner.hpp:435] thread [SORT-0]  frame id 133 sorting queue size 3   FPS: 29.8434
I1014 14:53:04.884616  8281 work_thread.hpp:81]  [T-Work-Recog_0] Run work: WorkCompare
I1014 14:53:04.885088  8281 work_compare.cpp:76] Compare face: 0 successed, similarity :0.988228, name : images/ThangLMb.jpg, normal size : 1548 * 1719!
I1014 14:53:04.889094  8277 demo_inner.hpp:177] decode queue size 0
I1014 14:53:04.889220  8280 work_thread.hpp:81]  [T-Work-Detect_0] Run work: WorkDetect
I1014 14:53:04.889256  8280 work_detect.cpp:102] Succeeded to add det start for frame 134
I1014 14:53:04.896564  8280 work_detect.cpp:70] Frame :134 detect result :1 face(s)
I1014 14:53:04.896613  8280 work_detect.cpp:86] Detected bbox: [208 x 248 from (282, 84)]
I1014 14:53:04.896656  8280 work_detect.cpp:120] Succeeded to add det end for frame 134
I1014 14:53:04.896673  8280 work_thread.hpp:81]  [T-Work-Detect_0] Run work: WrokTrack
I1014 14:53:04.896697  8280 work_track.cpp:82] Frame: 134 build input_characts: [0.325 x 0.688889 from (0.440625, 0.233333)], 1.00035, 0
I1014 14:53:04.896754  8280 work_track.cpp:102] Succeeded to set track lock for frame 134
I1014 14:53:04.896816  8280 work_track.cpp:116] Succeeded to release track lock for frame 134
I1014 14:53:04.896831  8280 work_track.cpp:120] Track results of frame 134: 1 objects input, 1 objects tracked!
I1014 14:53:04.896849  8280 work_track.cpp:148] Frame: 134, track bbox: [208 x 248 from (270.757, 88.4353)], gid: 0, lid: 0
I1014 14:53:04.896885  8280 work_thread.hpp:87]  [T-Work-Detect_0] Frame :134 split
I1014 14:53:04.896903  8280 work_thread.hpp:120]  [T-Work-Detect_0] Valid piece: gid = 0
I1014 14:53:04.896921  8280 work_thread.hpp:91]  [T-Work-Detect_0] Push to split queue:recog
I1014 14:53:04.896972  8282 work_thread.hpp:81]  [T-Work-Recog_1] Run work: WorkCapture
I1014 14:53:04.897296  8283 thread_intergrate.hpp:78] [T-Intergrate-intergrate] queue: frame output frame :134
I1014 14:53:04.897325  8283 thread_intergrate.hpp:85] [T-Intergrate-intergrate] queue: compare output face:0
I1014 14:53:04.897344  8283 thread_intergrate.hpp:144] T-Intergrate-intergrate set matched face: 0
I1014 14:53:04.897529  8282 work_thread.hpp:81]  [T-Work-Recog_1] Run work: WorkRecog
I1014 14:53:04.897552  8282 work_recog.hpp:89] Face id: 0 will run recog: bbox [208 x 248 from (282, 84)] quality: 0.36103
I1014 14:53:04.897580  8282 work_recog.hpp:96] Recog pair: [296 x 328 from (240, 32)], [208 x 248 from (42, 52)]
I1014 14:53:04.899358  8283 thread_intergrate.hpp:164] T-Intergrate-intergrate Show face :0, size :640 * 360
I1014 14:53:04.900148  8279 demo_inner.hpp:435] thread [SORT-0]  frame id 134 sorting queue size 4   FPS: 29.9166
I1014 14:53:04.915638  8282 work_thread.hpp:81]  [T-Work-Recog_1] Run work: WorkCompare
I1014 14:53:04.916103  8282 work_compare.cpp:76] Compare face: 0 successed, similarity :0.993482, name : images/ThangLMb.jpg, normal size : 1548 * 1719!
I1014 14:53:04.925176  8277 demo_inner.hpp:177] decode queue size 0
I1014 14:53:04.925292  8280 work_thread.hpp:81]  [T-Work-Detect_0] Run work: WorkDetect
I1014 14:53:04.925328  8280 work_detect.cpp:102] Succeeded to add det start for frame 135
I1014 14:53:04.932680  8280 work_detect.cpp:70] Frame :135 detect result :1 face(s)
I1014 14:53:04.932734  8280 work_detect.cpp:86] Detected bbox: [186 x 230 from (273, 112)]
I1014 14:53:04.932778  8280 work_detect.cpp:120] Succeeded to add det end for frame 135
I1014 14:53:04.932796  8280 work_thread.hpp:81]  [T-Work-Detect_0] Run work: WrokTrack
I1014 14:53:04.932819  8280 work_track.cpp:82] Frame: 135 build input_characts: [0.290625 x 0.638889 from (0.426562, 0.311111)], 1.00019, 0
I1014 14:53:04.932946  8280 work_track.cpp:102] Succeeded to set track lock for frame 135
I1014 14:53:04.932992  8280 work_track.cpp:116] Succeeded to release track lock for frame 135
I1014 14:53:04.933007  8280 work_track.cpp:120] Track results of frame 135: 1 objects input, 1 objects tracked!
I1014 14:53:04.933025  8280 work_track.cpp:148] Frame: 135, track bbox: [186 x 230 from (278.714, 101.896)], gid: 0, lid: 0
I1014 14:53:04.933060  8280 work_thread.hpp:87]  [T-Work-Detect_0] Frame :135 split
I1014 14:53:04.933079  8280 work_thread.hpp:120]  [T-Work-Detect_0] Valid piece: gid = 0
I1014 14:53:04.933096  8280 work_thread.hpp:91]  [T-Work-Detect_0] Push to split queue:recog
I1014 14:53:04.933145  8281 work_thread.hpp:81]  [T-Work-Recog_0] Run work: WorkCapture
I1014 14:53:04.933148  8283 thread_intergrate.hpp:78] [T-Intergrate-intergrate] queue: frame output frame :135
I1014 14:53:04.933189  8283 thread_intergrate.hpp:85] [T-Intergrate-intergrate] queue: compare output face:0
I1014 14:53:04.933234  8283 thread_intergrate.hpp:144] T-Intergrate-intergrate set matched face: 0
I1014 14:53:04.933739  8281 work_thread.hpp:81]  [T-Work-Recog_0] Run work: WorkRecog
I1014 14:53:04.933764  8281 work_recog.hpp:89] Face id: 0 will run recog: bbox [186 x 230 from (273, 112)] quality: 0.396213
I1014 14:53:04.933794  8281 work_recog.hpp:96] Recog pair: [264 x 296 from (232, 64)], [186 x 230 from (41, 48)]
I1014 14:53:04.934994  8283 thread_intergrate.hpp:164] T-Intergrate-intergrate Show face :0, size :640 * 360
I1014 14:53:04.935623  8279 demo_inner.hpp:435] thread [SORT-0]  frame id 135 sorting queue size 5   FPS: 29.8434
I1014 14:53:04.951552  8281 work_thread.hpp:81]  [T-Work-Recog_0] Run work: WorkCompare
I1014 14:53:04.952016  8281 work_compare.cpp:76] Compare face: 0 successed, similarity :0.974043, name : images/ThangLMb.jpg, normal size : 1548 * 1719!
I1014 14:53:04.961122  8277 demo_inner.hpp:177] decode queue size 0
I1014 14:53:04.961263  8280 work_thread.hpp:81]  [T-Work-Detect_0] Run work: WorkDetect
I1014 14:53:04.961298  8280 work_detect.cpp:102] Succeeded to add det start for frame 136
I1014 14:53:04.968470  8280 work_detect.cpp:70] Frame :136 detect result :1 face(s)
I1014 14:53:04.968515  8280 work_detect.cpp:86] Detected bbox: [197 x 239 from (261, 92)]
I1014 14:53:04.968559  8280 work_detect.cpp:120] Succeeded to add det end for frame 136
I1014 14:53:04.968575  8280 work_thread.hpp:81]  [T-Work-Detect_0] Run work: WrokTrack
I1014 14:53:04.968600  8280 work_track.cpp:82] Frame: 136 build input_characts: [0.307813 x 0.663889 from (0.407813, 0.255556)], 1.00019, 0
I1014 14:53:04.968655  8280 work_track.cpp:102] Succeeded to set track lock for frame 136
I1014 14:53:04.968695  8280 work_track.cpp:116] Succeeded to release track lock for frame 136
I1014 14:53:04.968710  8280 work_track.cpp:120] Track results of frame 136: 1 objects input, 1 objects tracked!
I1014 14:53:04.968729  8280 work_track.cpp:148] Frame: 136, track bbox: [197 x 239 from (268.524, 97.3509)], gid: 0, lid: 0
I1014 14:53:04.968765  8280 work_thread.hpp:87]  [T-Work-Detect_0] Frame :136 split
I1014 14:53:04.968782  8280 work_thread.hpp:120]  [T-Work-Detect_0] Valid piece: gid = 0
I1014 14:53:04.968801  8280 work_thread.hpp:91]  [T-Work-Detect_0] Push to split queue:recog
I1014 14:53:04.968843  8281 work_thread.hpp:81]  [T-Work-Recog_0] Run work: WorkCapture
I1014 14:53:04.968852  8283 thread_intergrate.hpp:78] [T-Intergrate-intergrate] queue: frame output frame :136
I1014 14:53:04.968889  8283 thread_intergrate.hpp:85] [T-Intergrate-intergrate] queue: compare output face:0
I1014 14:53:04.968909  8283 thread_intergrate.hpp:144] T-Intergrate-intergrate set matched face: 0
I1014 14:53:04.969481  8281 work_thread.hpp:81]  [T-Work-Recog_0] Run work: WorkRecog
I1014 14:53:04.969506  8281 work_recog.hpp:89] Face id: 0 will run recog: bbox [197 x 239 from (261, 92)] quality: 0.43167
I1014 14:53:04.969537  8281 work_recog.hpp:96] Recog pair: [288 x 320 from (216, 40)], [197 x 239 from (45, 52)]
I1014 14:53:04.970762  8283 thread_intergrate.hpp:164] T-Intergrate-intergrate Show face :0, size :640 * 360
I1014 14:53:04.971657  8279 demo_inner.hpp:435] thread [SORT-0]  frame id 136 sorting queue size 6   FPS: 29.8434
I1014 14:53:04.987131  8281 work_thread.hpp:81]  [T-Work-Recog_0] Run work: WorkCompare
I1014 14:53:04.987601  8281 work_compare.cpp:76] Compare face: 0 successed, similarity :0.987829, name : images/ThangLMb.jpg, normal size : 1548 * 1719!
I1014 14:53:04.990883  8277 demo_inner.hpp:177] decode queue size 0
I1014 14:53:04.991000  8280 work_thread.hpp:81]  [T-Work-Detect_0] Run work: WorkDetect
I1014 14:53:04.991037  8280 work_detect.cpp:102] Succeeded to add det start for frame 137
I1014 14:53:04.998263  8280 work_detect.cpp:70] Frame :137 detect result :1 face(s)
I1014 14:53:04.998320  8280 work_detect.cpp:86] Detected bbox: [191 x 229 from (263, 97)]
I1014 14:53:04.998363  8280 work_detect.cpp:120] Succeeded to add det end for frame 137
I1014 14:53:04.998379  8280 work_thread.hpp:81]  [T-Work-Detect_0] Run work: WrokTrack
I1014 14:53:04.998404  8280 work_track.cpp:82] Frame: 137 build input_characts: [0.298438 x 0.636111 from (0.410937, 0.269444)], 1.00019, 0
I1014 14:53:04.998458  8280 work_track.cpp:102] Succeeded to set track lock for frame 137
I1014 14:53:04.998498  8280 work_track.cpp:116] Succeeded to release track lock for frame 137
I1014 14:53:04.998512  8280 work_track.cpp:120] Track results of frame 137: 1 objects input, 1 objects tracked!
I1014 14:53:04.998530  8280 work_track.cpp:148] Frame: 137, track bbox: [191 x 229 from (265.87, 101.78)], gid: 0, lid: 0
I1014 14:53:04.998566  8280 work_thread.hpp:87]  [T-Work-Detect_0] Frame :137 split
I1014 14:53:04.998584  8280 work_thread.hpp:120]  [T-Work-Detect_0] Valid piece: gid = 0
I1014 14:53:04.998603  8280 work_thread.hpp:91]  [T-Work-Detect_0] Push to split queue:recog
I1014 14:53:04.998651  8282 work_thread.hpp:81]  [T-Work-Recog_1] Run work: WorkCapture
I1014 14:53:04.998963  8283 thread_intergrate.hpp:78] [T-Intergrate-intergrate] queue: frame output frame :137
I1014 14:53:04.998991  8283 thread_intergrate.hpp:85] [T-Intergrate-intergrate] queue: compare output face:0
I1014 14:53:04.999011  8283 thread_intergrate.hpp:144] T-Intergrate-intergrate set matched face: 0
I1014 14:53:04.999210  8282 work_thread.hpp:81]  [T-Work-Recog_1] Run work: WorkRecog
I1014 14:53:04.999234  8282 work_recog.hpp:89] Face id: 0 will run recog: bbox [191 x 229 from (263, 97)] quality: 0.385422
I1014 14:53:04.999264  8282 work_recog.hpp:96] Recog pair: [272 x 312 from (224, 48)], [191 x 229 from (39, 49)]
I1014 14:53:05.000907  8283 thread_intergrate.hpp:164] T-Intergrate-intergrate Show face :0, size :640 * 360
I1014 14:53:05.001569  8279 demo_inner.hpp:435] thread [SORT-0]  frame id 137 sorting queue size 7   FPS: 29.9313
I1014 14:53:05.016885  8282 work_thread.hpp:81]  [T-Work-Recog_1] Run work: WorkCompare
I1014 14:53:05.017350  8282 work_compare.cpp:76] Compare face: 0 successed, similarity :0.987449, name : images/ThangLMb.jpg, normal size : 1548 * 1719!
I1014 14:53:05.026914  8277 demo_inner.hpp:177] decode queue size 0
I1014 14:53:05.027034  8280 work_thread.hpp:81]  [T-Work-Detect_0] Run work: WorkDetect
I1014 14:53:05.027070  8280 work_detect.cpp:102] Succeeded to add det start for frame 138
I1014 14:53:05.034245  8280 work_detect.cpp:70] Frame :138 detect result :1 face(s)
I1014 14:53:05.034287  8280 work_detect.cpp:86] Detected bbox: [197 x 238 from (245, 89)]
I1014 14:53:05.034329  8280 work_detect.cpp:120] Succeeded to add det end for frame 138
I1014 14:53:05.034346  8280 work_thread.hpp:81]  [T-Work-Detect_0] Run work: WrokTrack
I1014 14:53:05.034373  8280 work_track.cpp:82] Frame: 138 build input_characts: [0.307813 x 0.661111 from (0.382812, 0.247222)], 1.00035, 0
I1014 14:53:05.034426  8280 work_track.cpp:102] Succeeded to set track lock for frame 138
I1014 14:53:05.034466  8280 work_track.cpp:116] Succeeded to release track lock for frame 138
I1014 14:53:05.034480  8280 work_track.cpp:120] Track results of frame 138: 1 objects input, 1 objects tracked!
I1014 14:53:05.034498  8280 work_track.cpp:148] Frame: 138, track bbox: [197 x 238 from (250.564, 93.4523)], gid: 0, lid: 0
I1014 14:53:05.034608  8280 work_thread.hpp:87]  [T-Work-Detect_0] Frame :138 split
I1014 14:53:05.034628  8280 work_thread.hpp:120]  [T-Work-Detect_0] Valid piece: gid = 0
I1014 14:53:05.034647  8280 work_thread.hpp:91]  [T-Work-Detect_0] Push to split queue:recog
I1014 14:53:05.034699  8282 work_thread.hpp:81]  [T-Work-Recog_1] Run work: WorkCapture
I1014 14:53:05.035006  8283 thread_intergrate.hpp:78] [T-Intergrate-intergrate] queue: frame output frame :138
I1014 14:53:05.035035  8283 thread_intergrate.hpp:85] [T-Intergrate-intergrate] queue: compare output face:0
I1014 14:53:05.035054  8283 thread_intergrate.hpp:144] T-Intergrate-intergrate set matched face: 0
I1014 14:53:05.035260  8282 work_thread.hpp:81]  [T-Work-Recog_1] Run work: WorkRecog
I1014 14:53:05.035284  8282 work_recog.hpp:89] Face id: 0 will run recog: bbox [197 x 238 from (245, 89)] quality: 0.46401
I1014 14:53:05.035313  8282 work_recog.hpp:96] Recog pair: [288 x 320 from (200, 40)], [197 x 238 from (45, 49)]
I1014 14:53:05.036974  8283 thread_intergrate.hpp:164] T-Intergrate-intergrate Show face :0, size :640 * 360
I1014 14:53:05.037731  8279 demo_inner.hpp:435] thread [SORT-0]  frame id 138 sorting queue size 8   FPS: 29.8434
I1014 14:53:05.052824  8282 work_thread.hpp:81]  [T-Work-Recog_1] Run work: WorkCompare
I1014 14:53:05.053290  8282 work_compare.cpp:76] Compare face: 0 successed, similarity :0.986781, name : images/ThangLMb.jpg, normal size : 1548 * 1719!
I1014 14:53:05.056891  8277 demo_inner.hpp:177] decode queue size 0
I1014 14:53:05.057000  8280 work_thread.hpp:81]  [T-Work-Detect_0] Run work: WorkDetect
I1014 14:53:05.057039  8280 work_detect.cpp:102] Succeeded to add det start for frame 139
I1014 14:53:05.064213  8280 work_detect.cpp:70] Frame :139 detect result :1 face(s)
I1014 14:53:05.064262  8280 work_detect.cpp:86] Detected bbox: [190 x 236 from (245, 90)]
I1014 14:53:05.064307  8280 work_detect.cpp:120] Succeeded to add det end for frame 139
I1014 14:53:05.064323  8280 work_thread.hpp:81]  [T-Work-Detect_0] Run work: WrokTrack
I1014 14:53:05.064348  8280 work_track.cpp:82] Frame: 139 build input_characts: [0.296875 x 0.655556 from (0.382812, 0.25)], 1.00019, 0
I1014 14:53:05.064404  8280 work_track.cpp:102] Succeeded to set track lock for frame 139
I1014 14:53:05.064446  8280 work_track.cpp:116] Succeeded to release track lock for frame 139
I1014 14:53:05.064461  8280 work_track.cpp:120] Track results of frame 139: 1 objects input, 1 objects tracked!
I1014 14:53:05.064478  8280 work_track.cpp:148] Frame: 139, track bbox: [190 x 236 from (242.635, 90.272)], gid: 0, lid: 0
I1014 14:53:05.064515  8280 work_thread.hpp:87]  [T-Work-Detect_0] Frame :139 split
I1014 14:53:05.064533  8280 work_thread.hpp:120]  [T-Work-Detect_0] Valid piece: gid = 0
I1014 14:53:05.064551  8280 work_thread.hpp:91]  [T-Work-Detect_0] Push to split queue:recog
I1014 14:53:05.064599  8281 work_thread.hpp:81]  [T-Work-Recog_0] Run work: WorkCapture
I1014 14:53:05.064625  8283 thread_intergrate.hpp:78] [T-Intergrate-intergrate] queue: frame output frame :139
I1014 14:53:05.064654  8283 thread_intergrate.hpp:85] [T-Intergrate-intergrate] queue: compare output face:0
I1014 14:53:05.064674  8283 thread_intergrate.hpp:144] T-Intergrate-intergrate set matched face: 0
I1014 14:53:05.065215  8281 work_thread.hpp:81]  [T-Work-Recog_0] Run work: WorkRecog
I1014 14:53:05.065241  8281 work_recog.hpp:89] Face id: 0 will run recog: bbox [190 x 236 from (245, 90)] quality: 0.438707
I1014 14:53:05.065271  8281 work_recog.hpp:96] Recog pair: [280 x 320 from (200, 40)], [190 x 236 from (45, 50)]
I1014 14:53:05.066506  8283 thread_intergrate.hpp:164] T-Intergrate-intergrate Show face :0, size :640 * 360
I1014 14:53:05.067236  8279 demo_inner.hpp:435] thread [SORT-0]  frame id 139 sorting queue size 9   FPS: 29.946
I1014 14:53:05.083017  8281 work_thread.hpp:81]  [T-Work-Recog_0] Run work: WorkCompare
I1014 14:53:05.083483  8281 work_compare.cpp:76] Compare face: 0 successed, similarity :0.989926, name : images/ThangLMb.jpg, normal size : 1548 * 1719!
I1014 14:53:05.092897  8277 demo_inner.hpp:177] decode queue size 0
I1014 14:53:05.093113  8280 work_thread.hpp:81]  [T-Work-Detect_0] Run work: WorkDetect
I1014 14:53:05.093191  8280 work_detect.cpp:102] Succeeded to add det start for frame 140
I1014 14:53:05.100945  8280 work_detect.cpp:70] Frame :140 detect result :1 face(s)
I1014 14:53:05.100999  8280 work_detect.cpp:86] Detected bbox: [186 x 232 from (247, 92)]
I1014 14:53:05.101064  8280 work_detect.cpp:120] Succeeded to add det end for frame 140
I1014 14:53:05.101083  8280 work_thread.hpp:81]  [T-Work-Detect_0] Run work: WrokTrack
I1014 14:53:05.101109  8280 work_track.cpp:82] Frame: 140 build input_characts: [0.290625 x 0.644444 from (0.385938, 0.255556)], 0.999622, 0
I1014 14:53:05.101171  8280 work_track.cpp:102] Succeeded to set track lock for frame 140
I1014 14:53:05.101212  8280 work_track.cpp:116] Succeeded to release track lock for frame 140
I1014 14:53:05.101227  8280 work_track.cpp:120] Track results of frame 140: 1 objects input, 1 objects tracked!
I1014 14:53:05.101244  8280 work_track.cpp:148] Frame: 140, track bbox: [186 x 232 from (243.741, 88.5635)], gid: 0, lid: 0
I1014 14:53:05.101307  8280 work_thread.hpp:87]  [T-Work-Detect_0] Frame :140 split
I1014 14:53:05.101326  8280 work_thread.hpp:120]  [T-Work-Detect_0] Valid piece: gid = 0
I1014 14:53:05.101343  8280 work_thread.hpp:91]  [T-Work-Detect_0] Push to split queue:recog
I1014 14:53:05.101392  8282 work_thread.hpp:81]  [T-Work-Recog_1] Run work: WorkCapture
I1014 14:53:05.101464  8283 thread_intergrate.hpp:78] [T-Intergrate-intergrate] queue: frame output frame :140
I1014 14:53:05.101490  8283 thread_intergrate.hpp:85] [T-Intergrate-intergrate] queue: compare output face:0
I1014 14:53:05.101508  8283 thread_intergrate.hpp:144] T-Intergrate-intergrate set matched face: 0
I1014 14:53:05.101969  8282 work_thread.hpp:81]  [T-Work-Recog_1] Run work: WorkRecog
I1014 14:53:05.101994  8282 work_recog.hpp:89] Face id: 0 will run recog: bbox [186 x 232 from (247, 92)] quality: 0.396341
I1014 14:53:05.102025  8282 work_recog.hpp:96] Recog pair: [264 x 320 from (208, 40)], [186 x 232 from (39, 52)]
I1014 14:53:05.103304  8283 thread_intergrate.hpp:164] T-Intergrate-intergrate Show face :0, size :640 * 360
I1014 14:53:05.104246  8279 demo_inner.hpp:435] thread [SORT-0]  frame id 140 sorting queue size 10   FPS: 29.8288
I1014 14:53:05.119686  8282 work_thread.hpp:81]  [T-Work-Recog_1] Run work: WorkCompare
I1014 14:53:05.120175  8282 work_compare.cpp:76] Compare face: 0 successed, similarity :0.973563, name : images/ThangLMb.jpg, normal size : 1548 * 1719!
I1014 14:53:05.122925  8277 demo_inner.hpp:177] decode queue size 0
I1014 14:53:05.123045  8280 work_thread.hpp:81]  [T-Work-Detect_0] Run work: WorkDetect
I1014 14:53:05.123082  8280 work_detect.cpp:102] Succeeded to add det start for frame 141
I1014 14:53:05.130856  8280 work_detect.cpp:70] Frame :141 detect result :1 face(s)
I1014 14:53:05.130908  8280 work_detect.cpp:86] Detected bbox: [190 x 233 from (245, 92)]
I1014 14:53:05.130952  8280 work_detect.cpp:120] Succeeded to add det end for frame 141
I1014 14:53:05.130967  8280 work_thread.hpp:81]  [T-Work-Detect_0] Run work: WrokTrack
I1014 14:53:05.130992  8280 work_track.cpp:82] Frame: 141 build input_characts: [0.296875 x 0.647222 from (0.382812, 0.255556)], 0.999622, 0
I1014 14:53:05.131048  8280 work_track.cpp:102] Succeeded to set track lock for frame 141
I1014 14:53:05.131089  8280 work_track.cpp:116] Succeeded to release track lock for frame 141
I1014 14:53:05.131104  8280 work_track.cpp:120] Track results of frame 141: 1 objects input, 1 objects tracked!
I1014 14:53:05.131121  8280 work_track.cpp:148] Frame: 141, track bbox: [190 x 233 from (240.752, 90.9314)], gid: 0, lid: 0
I1014 14:53:05.131157  8280 work_thread.hpp:87]  [T-Work-Detect_0] Frame :141 split
I1014 14:53:05.131175  8280 work_thread.hpp:120]  [T-Work-Detect_0] Valid piece: gid = 0
I1014 14:53:05.131193  8280 work_thread.hpp:91]  [T-Work-Detect_0] Push to split queue:recog
I1014 14:53:05.131233  8281 work_thread.hpp:81]  [T-Work-Recog_0] Run work: WorkCapture
I1014 14:53:05.131247  8283 thread_intergrate.hpp:78] [T-Intergrate-intergrate] queue: frame output frame :141
I1014 14:53:05.131343  8283 thread_intergrate.hpp:85] [T-Intergrate-intergrate] queue: compare output face:0
I1014 14:53:05.131364  8283 thread_intergrate.hpp:144] T-Intergrate-intergrate set matched face: 0
I1014 14:53:05.131901  8281 work_thread.hpp:81]  [T-Work-Recog_0] Run work: WorkRecog
I1014 14:53:05.131927  8281 work_recog.hpp:89] Face id: 0 will run recog: bbox [190 x 233 from (245, 92)] quality: 0.347533
I1014 14:53:05.131958  8281 work_recog.hpp:96] Recog pair: [280 x 320 from (200, 40)], [190 x 233 from (45, 52)]
I1014 14:53:05.133195  8283 thread_intergrate.hpp:164] T-Intergrate-intergrate Show face :0, size :640 * 360
I1014 14:53:05.149673  8281 work_thread.hpp:81]  [T-Work-Recog_0] Run work: WorkCompare
I1014 14:53:05.150137  8281 work_compare.cpp:76] Compare face: 0 successed, similarity :0.977979, name : images/ThangLMb.jpg, normal size : 1548 * 1719!
I1014 14:53:05.158952  8277 demo_inner.hpp:177] decode queue size 0
I1014 14:53:05.159121  8280 work_thread.hpp:81]  [T-Work-Detect_0] Run work: WorkDetect
I1014 14:53:05.159159  8280 work_detect.cpp:102] Succeeded to add det start for frame 142
I1014 14:53:05.166363  8280 work_detect.cpp:70] Frame :142 detect result :1 face(s)
I1014 14:53:05.166412  8280 work_detect.cpp:86] Detected bbox: [190 x 232 from (246, 90)]
I1014 14:53:05.166456  8280 work_detect.cpp:120] Succeeded to add det end for frame 142
I1014 14:53:05.166472  8280 work_thread.hpp:81]  [T-Work-Detect_0] Run work: WrokTrack
I1014 14:53:05.166497  8280 work_track.cpp:82] Frame: 142 build input_characts: [0.296875 x 0.644444 from (0.384375, 0.25)], 1.00019, 0
I1014 14:53:05.166553  8280 work_track.cpp:102] Succeeded to set track lock for frame 142
I1014 14:53:05.166591  8280 work_track.cpp:116] Succeeded to release track lock for frame 142
I1014 14:53:05.166606  8280 work_track.cpp:120] Track results of frame 142: 1 objects input, 1 objects tracked!
I1014 14:53:05.166625  8280 work_track.cpp:148] Frame: 142, track bbox: [190 x 232 from (241.841, 90.4794)], gid: 0, lid: 0
I1014 14:53:05.166661  8280 work_thread.hpp:87]  [T-Work-Detect_0] Frame :142 split
I1014 14:53:05.166678  8280 work_thread.hpp:120]  [T-Work-Detect_0] Valid piece: gid = 0
I1014 14:53:05.166697  8280 work_thread.hpp:91]  [T-Work-Detect_0] Push to split queue:recog
I1014 14:53:05.166740  8281 work_thread.hpp:81]  [T-Work-Recog_0] Run work: WorkCapture
I1014 14:53:05.166770  8283 thread_intergrate.hpp:78] [T-Intergrate-intergrate] queue: frame output frame :142
I1014 14:53:05.166800  8283 thread_intergrate.hpp:85] [T-Intergrate-intergrate] queue: compare output face:0
I1014 14:53:05.166818  8283 thread_intergrate.hpp:144] T-Intergrate-intergrate set matched face: 0
I1014 14:53:05.167346  8281 work_thread.hpp:81]  [T-Work-Recog_0] Run work: WorkRecog
I1014 14:53:05.167373  8281 work_recog.hpp:89] Face id: 0 will run recog: bbox [190 x 232 from (246, 90)] quality: 0.36104
I1014 14:53:05.167405  8281 work_recog.hpp:96] Recog pair: [272 x 320 from (208, 40)], [190 x 232 from (38, 50)]
I1014 14:53:05.168717  8283 thread_intergrate.hpp:164] T-Intergrate-intergrate Show face :0, size :640 * 360
I1014 14:53:05.185046  8281 work_thread.hpp:81]  [T-Work-Recog_0] Run work: WorkCompare
I1014 14:53:05.185514  8281 work_compare.cpp:76] Compare face: 0 successed, similarity :0.98564, name : images/ThangLMb.jpg, normal size : 1548 * 1719!
I1014 14:53:05.189509  8277 demo_inner.hpp:177] decode queue size 0
I1014 14:53:05.189615  8280 work_thread.hpp:81]  [T-Work-Detect_0] Run work: WorkDetect
I1014 14:53:05.189652  8280 work_detect.cpp:102] Succeeded to add det start for frame 143
I1014 14:53:05.196833  8280 work_detect.cpp:70] Frame :143 detect result :1 face(s)
I1014 14:53:05.196885  8280 work_detect.cpp:86] Detected bbox: [196 x 235 from (236, 67)]
I1014 14:53:05.196929  8280 work_detect.cpp:120] Succeeded to add det end for frame 143
I1014 14:53:05.196946  8280 work_thread.hpp:81]  [T-Work-Detect_0] Run work: WrokTrack
I1014 14:53:05.197044  8280 work_track.cpp:82] Frame: 143 build input_characts: [0.30625 x 0.652778 from (0.36875, 0.186111)], 1.00035, 0
I1014 14:53:05.197101  8280 work_track.cpp:102] Succeeded to set track lock for frame 143
I1014 14:53:05.197142  8280 work_track.cpp:116] Succeeded to release track lock for frame 143
I1014 14:53:05.197157  8280 work_track.cpp:120] Track results of frame 143: 1 objects input, 1 objects tracked!
I1014 14:53:05.197175  8280 work_track.cpp:148] Frame: 143, track bbox: [196 x 235 from (238.566, 77.5603)], gid: 0, lid: 0
I1014 14:53:05.197211  8280 work_thread.hpp:87]  [T-Work-Detect_0] Frame :143 split
I1014 14:53:05.197228  8280 work_thread.hpp:120]  [T-Work-Detect_0] Valid piece: gid = 0
I1014 14:53:05.197247  8280 work_thread.hpp:91]  [T-Work-Detect_0] Push to split queue:recog
I1014 14:53:05.197299  8282 work_thread.hpp:81]  [T-Work-Recog_1] Run work: WorkCapture
I1014 14:53:05.197636  8283 thread_intergrate.hpp:78] [T-Intergrate-intergrate] queue: frame output frame :143
I1014 14:53:05.197669  8283 thread_intergrate.hpp:85] [T-Intergrate-intergrate] queue: compare output face:0
I1014 14:53:05.197688  8283 thread_intergrate.hpp:144] T-Intergrate-intergrate set matched face: 0
I1014 14:53:05.197862  8282 work_thread.hpp:81]  [T-Work-Recog_1] Run work: WorkRecog
I1014 14:53:05.197886  8282 work_recog.hpp:89] Face id: 0 will run recog: bbox [196 x 235 from (236, 67)] quality: 0.333263
I1014 14:53:05.197916  8282 work_recog.hpp:96] Recog pair: [280 x 336 from (192, 16)], [196 x 235 from (44, 51)]
I1014 14:53:05.199458  8283 thread_intergrate.hpp:164] T-Intergrate-intergrate Show face :0, size :640 * 360
I1014 14:53:05.216012  8282 work_thread.hpp:81]  [T-Work-Recog_1] Run work: WorkCompare
I1014 14:53:05.216498  8282 work_compare.cpp:76] Compare face: 0 successed, similarity :0.97584, name : images/ThangLMb.jpg, normal size : 1548 * 1719!
I1014 14:53:05.225116  8277 demo_inner.hpp:177] decode queue size 0
I1014 14:53:05.225241  8280 work_thread.hpp:81]  [T-Work-Detect_0] Run work: WorkDetect
I1014 14:53:05.225276  8280 work_detect.cpp:102] Succeeded to add det start for frame 144
I1014 14:53:05.232522  8280 work_detect.cpp:70] Frame :144 detect result :1 face(s)
I1014 14:53:05.232578  8280 work_detect.cpp:86] Detected bbox: [197 x 236 from (236, 67)]
I1014 14:53:05.232621  8280 work_detect.cpp:120] Succeeded to add det end for frame 144
I1014 14:53:05.232637  8280 work_thread.hpp:81]  [T-Work-Detect_0] Run work: WrokTrack
I1014 14:53:05.232662  8280 work_track.cpp:82] Frame: 144 build input_characts: [0.307813 x 0.655556 from (0.36875, 0.186111)], 1.00035, 0
I1014 14:53:05.232718  8280 work_track.cpp:102] Succeeded to set track lock for frame 144
I1014 14:53:05.232758  8280 work_track.cpp:116] Succeeded to release track lock for frame 144
I1014 14:53:05.232774  8280 work_track.cpp:120] Track results of frame 144: 1 objects input, 1 objects tracked!
I1014 14:53:05.232791  8280 work_track.cpp:148] Frame: 144, track bbox: [197 x 236 from (236.561, 68.5945)], gid: 0, lid: 0
I1014 14:53:05.232830  8280 work_thread.hpp:87]  [T-Work-Detect_0] Frame :144 split
I1014 14:53:05.232847  8280 work_thread.hpp:120]  [T-Work-Detect_0] Valid piece: gid = 0
I1014 14:53:05.232867  8280 work_thread.hpp:91]  [T-Work-Detect_0] Push to split queue:recog
I1014 14:53:05.232914  8281 work_thread.hpp:81]  [T-Work-Recog_0] Run work: WorkCapture
I1014 14:53:05.232919  8283 thread_intergrate.hpp:78] [T-Intergrate-intergrate] queue: frame output frame :144
I1014 14:53:05.232971  8283 thread_intergrate.hpp:85] [T-Intergrate-intergrate] queue: compare output face:0
I1014 14:53:05.232991  8283 thread_intergrate.hpp:144] T-Intergrate-intergrate set matched face: 0
I1014 14:53:05.233506  8281 work_thread.hpp:81]  [T-Work-Recog_0] Run work: WorkRecog
I1014 14:53:05.233531  8281 work_recog.hpp:89] Face id: 0 will run recog: bbox [197 x 236 from (236, 67)] quality: 0.333257
I1014 14:53:05.233561  8281 work_recog.hpp:96] Recog pair: [280 x 336 from (192, 16)], [197 x 236 from (44, 51)]
I1014 14:53:05.234730  8283 thread_intergrate.hpp:164] T-Intergrate-intergrate Show face :0, size :640 * 360
I1014 14:53:05.251540  8281 work_thread.hpp:81]  [T-Work-Recog_0] Run work: WorkCompare
I1014 14:53:05.252005  8281 work_compare.cpp:76] Compare face: 0 successed, similarity :0.989478, name : images/ThangLMb.jpg, normal size : 1548 * 1719!
I1014 14:53:05.261252  8277 demo_inner.hpp:177] decode queue size 0
I1014 14:53:05.261420  8280 work_thread.hpp:81]  [T-Work-Detect_0] Run work: WorkDetect
I1014 14:53:05.261457  8280 work_detect.cpp:102] Succeeded to add det start for frame 145
I1014 14:53:05.268703  8280 work_detect.cpp:70] Frame :145 detect result :1 face(s)
I1014 14:53:05.268748  8280 work_detect.cpp:86] Detected bbox: [183 x 220 from (244, 116)]
I1014 14:53:05.268791  8280 work_detect.cpp:120] Succeeded to add det end for frame 145
I1014 14:53:05.268810  8280 work_thread.hpp:81]  [T-Work-Detect_0] Run work: WrokTrack
I1014 14:53:05.268833  8280 work_track.cpp:82] Frame: 145 build input_characts: [0.285937 x 0.611111 from (0.38125, 0.322222)], 1.00019, 0
I1014 14:53:05.268890  8280 work_track.cpp:102] Succeeded to set track lock for frame 145
I1014 14:53:05.268931  8280 work_track.cpp:116] Succeeded to release track lock for frame 145
I1014 14:53:05.268946  8280 work_track.cpp:120] Track results of frame 145: 1 objects input, 1 objects tracked!
I1014 14:53:05.268965  8280 work_track.cpp:148] Frame: 145, track bbox: [183 x 220 from (242.707, 92.8593)], gid: 0, lid: 0
I1014 14:53:05.269001  8280 work_thread.hpp:87]  [T-Work-Detect_0] Frame :145 split
I1014 14:53:05.269017  8280 work_thread.hpp:120]  [T-Work-Detect_0] Valid piece: gid = 0
I1014 14:53:05.269035  8280 work_thread.hpp:91]  [T-Work-Detect_0] Push to split queue:recog
I1014 14:53:05.269078  8281 work_thread.hpp:81]  [T-Work-Recog_0] Run work: WorkCapture
I1014 14:53:05.269084  8283 thread_intergrate.hpp:78] [T-Intergrate-intergrate] queue: frame output frame :145
I1014 14:53:05.269138  8283 thread_intergrate.hpp:85] [T-Intergrate-intergrate] queue: compare output face:0
I1014 14:53:05.269158  8283 thread_intergrate.hpp:144] T-Intergrate-intergrate set matched face: 0
I1014 14:53:05.269659  8281 work_thread.hpp:81]  [T-Work-Recog_0] Run work: WorkRecog
I1014 14:53:05.269683  8281 work_recog.hpp:89] Face id: 0 will run recog: bbox [183 x 220 from (244, 116)] quality: 0.318167
I1014 14:53:05.269716  8281 work_recog.hpp:96] Recog pair: [256 x 288 from (208, 72)], [183 x 220 from (36, 44)]
I1014 14:53:05.271016  8283 thread_intergrate.hpp:164] T-Intergrate-intergrate Show face :0, size :640 * 360
I1014 14:53:05.287238  8281 work_thread.hpp:81]  [T-Work-Recog_0] Run work: WorkCompare
I1014 14:53:05.287710  8281 work_compare.cpp:76] Compare face: 0 successed, similarity :0.980133, name : images/ThangLMb.jpg, normal size : 1548 * 1719!
I1014 14:53:05.290948  8277 demo_inner.hpp:177] decode queue size 0
I1014 14:53:05.291075  8280 work_thread.hpp:81]  [T-Work-Detect_0] Run work: WorkDetect
I1014 14:53:05.291111  8280 work_detect.cpp:102] Succeeded to add det start for frame 146
I1014 14:53:05.298378  8280 work_detect.cpp:70] Frame :146 detect result :2 face(s)
I1014 14:53:05.298429  8280 work_detect.cpp:86] Detected bbox: [185 x 225 from (242, 116)]
I1014 14:53:05.298461  8280 work_detect.cpp:86] Detected bbox: [97 x 112 from (266, 201)]
I1014 14:53:05.298492  8280 work_detect.cpp:120] Succeeded to add det end for frame 146
I1014 14:53:05.298508  8280 work_thread.hpp:81]  [T-Work-Detect_0] Run work: WrokTrack
I1014 14:53:05.298532  8280 work_track.cpp:82] Frame: 146 build input_characts: [0.289062 x 0.625 from (0.378125, 0.322222)], 1.00019, 0
I1014 14:53:05.298585  8280 work_track.cpp:82] Frame: 146 build input_characts: [0.151562 x 0.311111 from (0.415625, 0.558333)], 0.951921, 1
I1014 14:53:05.298619  8280 work_track.cpp:102] Succeeded to set track lock for frame 146
I1014 14:53:05.298666  8280 work_track.cpp:116] Succeeded to release track lock for frame 146
I1014 14:53:05.298681  8280 work_track.cpp:120] Track results of frame 146: 2 objects input, 1 objects tracked!
I1014 14:53:05.298774  8280 work_track.cpp:148] Frame: 146, track bbox: [185 x 225 from (240.981, 105.364)], gid: 0, lid: 0
I1014 14:53:05.298812  8280 work_track.cpp:162] Frame: 146 lid: 1 not tracked, will set invalid
I1014 14:53:05.298828  8280 work_thread.hpp:87]  [T-Work-Detect_0] Frame :146 split
I1014 14:53:05.298844  8280 work_thread.hpp:120]  [T-Work-Detect_0] Valid piece: gid = 0
I1014 14:53:05.298862  8280 work_thread.hpp:126]  [T-Work-Detect_0] Invalid piece: lid = 1, drop it
I1014 14:53:05.298877  8280 work_thread.hpp:91]  [T-Work-Detect_0] Push to split queue:recog
I1014 14:53:05.298925  8282 work_thread.hpp:81]  [T-Work-Recog_1] Run work: WorkCapture
I1014 14:53:05.299233  8283 thread_intergrate.hpp:78] [T-Intergrate-intergrate] queue: frame output frame :146
I1014 14:53:05.299283  8283 thread_intergrate.hpp:85] [T-Intergrate-intergrate] queue: compare output face:0
I1014 14:53:05.299302  8283 thread_intergrate.hpp:144] T-Intergrate-intergrate set matched face: 0
I1014 14:53:05.299487  8282 work_thread.hpp:81]  [T-Work-Recog_1] Run work: WorkRecog
I1014 14:53:05.299511  8282 work_recog.hpp:89] Face id: 0 will run recog: bbox [185 x 225 from (242, 116)] quality: 0.360768
I1014 14:53:05.299540  8282 work_recog.hpp:96] Recog pair: [264 x 296 from (200, 64)], [185 x 225 from (42, 52)]
I1014 14:53:05.301196  8283 thread_intergrate.hpp:164] T-Intergrate-intergrate Show face :0, size :640 * 360
I1014 14:53:05.311558  8283 thread_intergrate.hpp:95] T-Intergrate-intergrate Try push queue sorting again 5 vs 5
I1014 14:53:05.317270  8282 work_thread.hpp:81]  [T-Work-Recog_1] Run work: WorkCompare
I1014 14:53:05.317795  8282 work_compare.cpp:71] Compare face: 0 failed
I1014 14:53:05.321693  8283 thread_intergrate.hpp:95] T-Intergrate-intergrate Try push queue sorting again 5 vs 5
I1014 14:53:05.327045  8277 demo_inner.hpp:177] decode queue size 0
I1014 14:53:05.327163  8280 work_thread.hpp:81]  [T-Work-Detect_0] Run work: WorkDetect
I1014 14:53:05.327200  8280 work_detect.cpp:102] Succeeded to add det start for frame 147
I1014 14:53:05.331817  8283 thread_intergrate.hpp:95] T-Intergrate-intergrate Try push queue sorting again 5 vs 5
I1014 14:53:05.334548  8280 work_detect.cpp:70] Frame :147 detect result :2 face(s)
I1014 14:53:05.334573  8280 work_detect.cpp:86] Detected bbox: [193 x 233 from (238, 68)]
I1014 14:53:05.334604  8280 work_detect.cpp:86] Detected bbox: [119 x 138 from (294, 188)]
I1014 14:53:05.334635  8280 work_detect.cpp:120] Succeeded to add det end for frame 147
I1014 14:53:05.334652  8280 work_thread.hpp:81]  [T-Work-Detect_0] Run work: WrokTrack
I1014 14:53:05.334673  8280 work_track.cpp:82] Frame: 147 build input_characts: [0.301562 x 0.647222 from (0.371875, 0.188889)], 1.00035, 0
I1014 14:53:05.334725  8280 work_track.cpp:82] Frame: 147 build input_characts: [0.185937 x 0.383333 from (0.459375, 0.522222)], 0.972103, 1
I1014 14:53:05.334759  8280 work_track.cpp:102] Succeeded to set track lock for frame 147
I1014 14:53:05.334803  8280 work_track.cpp:116] Succeeded to release track lock for frame 147
I1014 14:53:05.334818  8280 work_track.cpp:120] Track results of frame 147: 2 objects input, 1 objects tracked!
I1014 14:53:05.334836  8280 work_track.cpp:148] Frame: 147, track bbox: [193 x 233 from (237.025, 90.5895)], gid: 0, lid: 0
I1014 14:53:05.334870  8280 work_track.cpp:162] Frame: 147 lid: 1 not tracked, will set invalid
I1014 14:53:05.334885  8280 work_thread.hpp:87]  [T-Work-Detect_0] Frame :147 split
I1014 14:53:05.334903  8280 work_thread.hpp:120]  [T-Work-Detect_0] Valid piece: gid = 0
I1014 14:53:05.334919  8280 work_thread.hpp:126]  [T-Work-Detect_0] Invalid piece: lid = 1, drop it
I1014 14:53:05.334934  8280 work_thread.hpp:91]  [T-Work-Detect_0] Push to split queue:recog
I1014 14:53:05.334982  8282 work_thread.hpp:81]  [T-Work-Recog_1] Run work: WorkCapture
I1014 14:53:05.335530  8282 work_thread.hpp:81]  [T-Work-Recog_1] Run work: WorkRecog
I1014 14:53:05.335552  8282 work_recog.hpp:89] Face id: 0 will run recog: bbox [193 x 233 from (238, 68)] quality: 0.302433
I1014 14:53:05.335651  8282 work_recog.hpp:96] Recog pair: [272 x 336 from (200, 16)], [193 x 233 from (38, 52)]
I1014 14:53:05.342103  8283 thread_intergrate.hpp:95] T-Intergrate-intergrate Try push queue sorting again 5 vs 5
I1014 14:53:05.352229  8283 thread_intergrate.hpp:95] T-Intergrate-intergrate Try push queue sorting again 5 vs 5
I1014 14:53:05.353132  8282 work_thread.hpp:81]  [T-Work-Recog_1] Run work: WorkCompare
I1014 14:53:05.353564  8282 work_compare.cpp:76] Compare face: 0 successed, similarity :0.97331, name : images/ThangLMb.jpg, normal size : 1548 * 1719!
I1014 14:53:05.357388  8277 demo_inner.hpp:177] decode queue size 0
I1014 14:53:05.357522  8280 work_thread.hpp:81]  [T-Work-Detect_0] Run work: WorkDetect
I1014 14:53:05.357559  8280 work_detect.cpp:102] Succeeded to add det start for frame 148
I1014 14:53:05.362591  8283 thread_intergrate.hpp:95] T-Intergrate-intergrate Try push queue sorting again 5 vs 5
I1014 14:53:05.364697  8280 work_detect.cpp:70] Frame :148 detect result :2 face(s)
I1014 14:53:05.364720  8280 work_detect.cpp:86] Detected bbox: [179 x 220 from (245, 92)]
I1014 14:53:05.364753  8280 work_detect.cpp:86] Detected bbox: [103 x 119 from (263, 198)]
I1014 14:53:05.364784  8280 work_detect.cpp:120] Succeeded to add det end for frame 148
I1014 14:53:05.364799  8280 work_thread.hpp:81]  [T-Work-Detect_0] Run work: WrokTrack
I1014 14:53:05.364821  8280 work_track.cpp:82] Frame: 148 build input_characts: [0.279687 x 0.611111 from (0.382812, 0.255556)], 0.998877, 0
I1014 14:53:05.364876  8280 work_track.cpp:82] Frame: 148 build input_characts: [0.160938 x 0.330556 from (0.410937, 0.55)], 0.938558, 1
I1014 14:53:05.364909  8280 work_track.cpp:102] Succeeded to set track lock for frame 148
I1014 14:53:05.364956  8280 work_track.cpp:116] Succeeded to release track lock for frame 148
I1014 14:53:05.364971  8280 work_track.cpp:120] Track results of frame 148: 2 objects input, 1 objects tracked!
I1014 14:53:05.364990  8280 work_track.cpp:148] Frame: 148, track bbox: [179 x 220 from (245.195, 98.0578)], gid: 0, lid: 0
I1014 14:53:05.365025  8280 work_track.cpp:162] Frame: 148 lid: 1 not tracked, will set invalid
I1014 14:53:05.365041  8280 work_thread.hpp:87]  [T-Work-Detect_0] Frame :148 split
I1014 14:53:05.365057  8280 work_thread.hpp:120]  [T-Work-Detect_0] Valid piece: gid = 0
I1014 14:53:05.365074  8280 work_thread.hpp:126]  [T-Work-Detect_0] Invalid piece: lid = 1, drop it
I1014 14:53:05.365089  8280 work_thread.hpp:91]  [T-Work-Detect_0] Push to split queue:recog
I1014 14:53:05.365134  8281 work_thread.hpp:81]  [T-Work-Recog_0] Run work: WorkCapture
I1014 14:53:05.365689  8281 work_thread.hpp:81]  [T-Work-Recog_0] Run work: WorkRecog
I1014 14:53:05.365711  8281 work_recog.hpp:89] Face id: 0 will run recog: bbox [179 x 220 from (245, 92)] quality: 0.302434
I1014 14:53:05.365739  8281 work_recog.hpp:96] Recog pair: [256 x 312 from (208, 48)], [179 x 220 from (37, 44)]
I1014 14:53:05.372874  8283 thread_intergrate.hpp:95] T-Intergrate-intergrate Try push queue sorting again 5 vs 5
I1014 14:53:05.383031  8283 thread_intergrate.hpp:95] T-Intergrate-intergrate Try push queue sorting again 5 vs 5
I1014 14:53:05.383370  8281 work_thread.hpp:81]  [T-Work-Recog_0] Run work: WorkCompare
I1014 14:53:05.383797  8281 work_compare.cpp:76] Compare face: 0 successed, similarity :0.970174, name : images/ThangLMb.jpg, normal size : 1548 * 1719!
I1014 14:53:05.393234  8283 thread_intergrate.hpp:95] T-Intergrate-intergrate Try push queue sorting again 5 vs 5
I1014 14:53:05.393332  8277 demo_inner.hpp:177] decode queue size 0
I1014 14:53:05.393394  8280 work_thread.hpp:81]  [T-Work-Detect_0] Run work: WorkDetect
I1014 14:53:05.393429  8280 work_detect.cpp:102] Succeeded to add det start for frame 149
I1014 14:53:05.400666  8280 work_detect.cpp:70] Frame :149 detect result :1 face(s)
I1014 14:53:05.400715  8280 work_detect.cpp:86] Detected bbox: [183 x 220 from (243, 116)]
I1014 14:53:05.400759  8280 work_detect.cpp:120] Succeeded to add det end for frame 149
I1014 14:53:05.400776  8280 work_thread.hpp:81]  [T-Work-Detect_0] Run work: WrokTrack
I1014 14:53:05.400876  8280 work_track.cpp:82] Frame: 149 build input_characts: [0.285937 x 0.611111 from (0.379687, 0.322222)], 0.99799, 0
I1014 14:53:05.400933  8280 work_track.cpp:102] Succeeded to set track lock for frame 149
I1014 14:53:05.400979  8280 work_track.cpp:116] Succeeded to release track lock for frame 149
I1014 14:53:05.400995  8280 work_track.cpp:120] Track results of frame 149: 1 objects input, 1 objects tracked!
I1014 14:53:05.401011  8280 work_track.cpp:148] Frame: 149, track bbox: [183 x 220 from (242.954, 105.011)], gid: 0, lid: 0
I1014 14:53:05.401048  8280 work_thread.hpp:87]  [T-Work-Detect_0] Frame :149 split
I1014 14:53:05.401067  8280 work_thread.hpp:120]  [T-Work-Detect_0] Valid piece: gid = 0
I1014 14:53:05.401084  8280 work_thread.hpp:91]  [T-Work-Detect_0] Push to split queue:recog
I1014 14:53:05.401142  8282 work_thread.hpp:81]  [T-Work-Recog_1] Run work: WorkCapture
I1014 14:53:05.401690  8282 work_thread.hpp:81]  [T-Work-Recog_1] Run work: WorkRecog
I1014 14:53:05.401713  8282 work_recog.hpp:89] Face id: 0 will run recog: bbox [183 x 220 from (243, 116)] quality: 0.269223
I1014 14:53:05.401741  8282 work_recog.hpp:96] Recog pair: [264 x 288 from (200, 72)], [183 x 220 from (43, 44)]
I1014 14:53:05.403386  8283 thread_intergrate.hpp:95] T-Intergrate-intergrate Try push queue sorting again 5 vs 5
I1014 14:53:05.413507  8283 thread_intergrate.hpp:95] T-Intergrate-intergrate Try push queue sorting again 5 vs 5
I1014 14:53:05.419188  8282 work_thread.hpp:81]  [T-Work-Recog_1] Run work: WorkCompare
I1014 14:53:05.419641  8282 work_compare.cpp:76] Compare face: 0 successed, similarity :0.965069, name : images/ThangLMb.jpg, normal size : 1548 * 1719!
I1014 14:53:05.423108  8277 demo_inner.hpp:177] decode queue size 0
I1014 14:53:05.423228  8280 work_thread.hpp:81]  [T-Work-Detect_0] Run work: WorkDetect
I1014 14:53:05.423265  8280 work_detect.cpp:102] Succeeded to add det start for frame 150
I1014 14:53:05.423687  8283 thread_intergrate.hpp:95] T-Intergrate-intergrate Try push queue sorting again 5 vs 5
I1014 14:53:05.430737  8280 work_detect.cpp:70] Frame :150 detect result :2 face(s)
I1014 14:53:05.430789  8280 work_detect.cpp:86] Detected bbox: [180 x 218 from (245, 118)]
I1014 14:53:05.430822  8280 work_detect.cpp:86] Detected bbox: [100 x 116 from (264, 199)]
I1014 14:53:05.430853  8280 work_detect.cpp:120] Succeeded to add det end for frame 150
I1014 14:53:05.430869  8280 work_thread.hpp:81]  [T-Work-Detect_0] Run work: WrokTrack
I1014 14:53:05.430894  8280 work_track.cpp:82] Frame: 150 build input_characts: [0.28125 x 0.605556 from (0.382812, 0.327778)], 0.999622, 0
I1014 14:53:05.430946  8280 work_track.cpp:82] Frame: 150 build input_characts: [0.15625 x 0.322222 from (0.4125, 0.552778)], 0.932491, 1
I1014 14:53:05.430980  8280 work_track.cpp:102] Succeeded to set track lock for frame 150
I1014 14:53:05.431025  8280 work_track.cpp:116] Succeeded to release track lock for frame 150
I1014 14:53:05.431039  8280 work_track.cpp:120] Track results of frame 150: 2 objects input, 1 objects tracked!
I1014 14:53:05.431057  8280 work_track.cpp:148] Frame: 150, track bbox: [180 x 218 from (244.568, 107.728)], gid: 0, lid: 0
I1014 14:53:05.431092  8280 work_track.cpp:162] Frame: 150 lid: 1 not tracked, will set invalid
I1014 14:53:05.431107  8280 work_thread.hpp:87]  [T-Work-Detect_0] Frame :150 split
I1014 14:53:05.431124  8280 work_thread.hpp:120]  [T-Work-Detect_0] Valid piece: gid = 0
I1014 14:53:05.431141  8280 work_thread.hpp:126]  [T-Work-Detect_0] Invalid piece: lid = 1, drop it
I1014 14:53:05.431156  8280 work_thread.hpp:91]  [T-Work-Detect_0] Push to split queue:recog
I1014 14:53:05.431201  8281 work_thread.hpp:81]  [T-Work-Recog_0] Run work: WorkCapture
I1014 14:53:05.431748  8281 work_thread.hpp:81]  [T-Work-Recog_0] Run work: WorkRecog
I1014 14:53:05.431772  8281 work_recog.hpp:89] Face id: 0 will run recog: bbox [180 x 218 from (245, 118)] quality: 0.286077
I1014 14:53:05.431799  8281 work_recog.hpp:96] Recog pair: [256 x 288 from (208, 72)], [180 x 218 from (37, 46)]
I1014 14:53:05.433791  8283 thread_intergrate.hpp:95] T-Intergrate-intergrate Try push queue sorting again 5 vs 5
I1014 14:53:05.443903  8283 thread_intergrate.hpp:95] T-Intergrate-intergrate Try push queue sorting again 5 vs 5
I1014 14:53:05.449530  8281 work_thread.hpp:81]  [T-Work-Recog_0] Run work: WorkCompare
