I1014 14:18:40.546344  7609 work_detect.cpp:120] Succeeded to add det end for frame 38
I1014 14:18:40.546360  7609 work_thread.hpp:81]  [T-Work-Detect_0] Run work: WrokTrack
I1014 14:18:40.546383  7609 work_track.cpp:82] Frame: 38 build input_characts: [0.271875 x 0.638889 from (0.414062, 0.35)], 1.00019, 0
I1014 14:18:40.546437  7609 work_track.cpp:102] Succeeded to set track lock for frame 38
I1014 14:18:40.546476  7609 work_track.cpp:116] Succeeded to release track lock for frame 38
I1014 14:18:40.546490  7609 work_track.cpp:120] Track results of frame 38: 1 objects input, 1 objects tracked!
I1014 14:18:40.546509  7609 work_track.cpp:148] Frame: 38, track bbox: [174 x 230 from (264.355, 127.183)], gid: 0, lid: 0
I1014 14:18:40.546545  7609 work_thread.hpp:87]  [T-Work-Detect_0] Frame :38 split
I1014 14:18:40.546561  7609 work_thread.hpp:119]  [T-Work-Detect_0] Valid piece: gid = 0
I1014 14:18:40.546579  7609 work_thread.hpp:91]  [T-Work-Detect_0] Push to split queue:recog
I1014 14:18:40.546636  7611 work_thread.hpp:81]  [T-Work-Recog_1] Run work: WorkCapture
I1014 14:18:40.546640  7612 thread_intergrate.hpp:78] [T-Intergrate-intergrate] queue: frame output frame :38
I1014 14:18:40.546684  7612 thread_intergrate.hpp:85] [T-Intergrate-intergrate] queue: compare output face:0
I1014 14:18:40.546701  7612 thread_intergrate.hpp:137] T-Intergrate-intergrate set matched face: 0
I1014 14:18:40.547358  7611 work_thread.hpp:81]  [T-Work-Recog_1] Run work: WorkRecog
I1014 14:18:40.547389  7611 work_recog.hpp:89] Face id: 0 will run recog: bbox [174 x 230 from (265, 126)] quality: 0.483683
I1014 14:18:40.547425  7611 work_recog.hpp:96] Recog pair: [256 x 280 from (224, 80)], [174 x 230 from (41, 46)]
I1014 14:18:40.548202  7612 thread_intergrate.hpp:157] T-Intergrate-intergrate Show face :0, size :640 * 360
I1014 14:18:40.548733  7608 demo_inner.hpp:435] thread [SORT-0]  frame id 38 sorting queue size 0   FPS: 20.0216
I1014 14:18:40.565744  7611 work_thread.hpp:81]  [T-Work-Recog_1] Run work: WorkCompare
I1014 14:18:40.566649  7611 work_compare.cpp:76] Compare face: 0 successed, similarity :0.997831, name : images/ThangLMb.jpg, normal size : 1548 * 1719!
I1014 14:18:40.569720  7607 demo_inner.hpp:260]  gui queue size 0, state = running
I1014 14:18:40.593318  7606 demo_inner.hpp:177] decode queue size 0
I1014 14:18:40.593425  7609 work_thread.hpp:81]  [T-Work-Detect_0] Run work: WorkDetect
I1014 14:18:40.593461  7609 work_detect.cpp:102] Succeeded to add det start for frame 39
I1014 14:18:40.600239  7609 work_detect.cpp:70] Frame :39 detect result :1 face(s)
I1014 14:18:40.600286  7609 work_detect.cpp:86] Detected bbox: [161 x 224 from (264, 129)]
I1014 14:18:40.600328  7609 work_detect.cpp:120] Succeeded to add det end for frame 39
I1014 14:18:40.600421  7609 work_thread.hpp:81]  [T-Work-Detect_0] Run work: WrokTrack
I1014 14:18:40.600448  7609 work_track.cpp:82] Frame: 39 build input_characts: [0.251563 x 0.622222 from (0.4125, 0.358333)], 1.00019, 0
I1014 14:18:40.600502  7609 work_track.cpp:102] Succeeded to set track lock for frame 39
I1014 14:18:40.600541  7609 work_track.cpp:116] Succeeded to release track lock for frame 39
I1014 14:18:40.600555  7609 work_track.cpp:120] Track results of frame 39: 1 objects input, 1 objects tracked!
I1014 14:18:40.600572  7609 work_track.cpp:148] Frame: 39, track bbox: [161 x 224 from (267.842, 128.983)], gid: 0, lid: 0
I1014 14:18:40.600608  7609 work_thread.hpp:87]  [T-Work-Detect_0] Frame :39 split
I1014 14:18:40.600625  7609 work_thread.hpp:119]  [T-Work-Detect_0] Valid piece: gid = 0
I1014 14:18:40.600642  7609 work_thread.hpp:91]  [T-Work-Detect_0] Push to split queue:recog
I1014 14:18:40.600685  7611 work_thread.hpp:81]  [T-Work-Recog_1] Run work: WorkCapture
I1014 14:18:40.600693  7612 thread_intergrate.hpp:78] [T-Intergrate-intergrate] queue: frame output frame :39
I1014 14:18:40.600718  7612 thread_intergrate.hpp:85] [T-Intergrate-intergrate] queue: compare output face:0
I1014 14:18:40.600735  7612 thread_intergrate.hpp:137] T-Intergrate-intergrate set matched face: 0
I1014 14:18:40.601334  7611 work_thread.hpp:81]  [T-Work-Recog_1] Run work: WorkRecog
I1014 14:18:40.601366  7611 work_recog.hpp:89] Face id: 0 will run recog: bbox [161 x 224 from (264, 129)] quality: 0.479682
I1014 14:18:40.601402  7611 work_recog.hpp:96] Recog pair: [232 x 280 from (232, 80)], [161 x 224 from (32, 49)]
I1014 14:18:40.602154  7612 thread_intergrate.hpp:157] T-Intergrate-intergrate Show face :0, size :640 * 360
I1014 14:18:40.602685  7608 demo_inner.hpp:435] thread [SORT-0]  frame id 39 sorting queue size 0   FPS: 19.979
I1014 14:18:40.619419  7611 work_thread.hpp:81]  [T-Work-Recog_1] Run work: WorkCompare
I1014 14:18:40.620280  7611 work_compare.cpp:76] Compare face: 0 successed, similarity :0.997611, name : images/ThangLMb.jpg, normal size : 1548 * 1719!
I1014 14:18:40.636291  7607 demo_inner.hpp:260]  gui queue size 0, state = running
I1014 14:18:40.641433  7606 demo_inner.hpp:177] decode queue size 0
I1014 14:18:40.641535  7609 work_thread.hpp:81]  [T-Work-Detect_0] Run work: WorkDetect
I1014 14:18:40.641569  7609 work_detect.cpp:102] Succeeded to add det start for frame 40
I1014 14:18:40.648236  7609 work_detect.cpp:70] Frame :40 detect result :1 face(s)
W1014 14:18:40.648272  7609 work_detect.cpp:83] Invalid bbox: [168 x 214 from (260, 152)]
I1014 14:18:40.648345  7609 work_detect.cpp:120] Succeeded to add det end for frame 40
I1014 14:18:40.648362  7609 work_thread.hpp:81]  [T-Work-Detect_0] Run work: WrokTrack
I1014 14:18:40.648388  7609 work_track.cpp:102] Succeeded to set track lock for frame 40
I1014 14:18:40.648420  7609 work_track.cpp:116] Succeeded to release track lock for frame 40
I1014 14:18:40.648434  7609 work_track.cpp:120] Track results of frame 40: 0 objects input, 1 objects tracked!
I1014 14:18:40.648452  7609 work_track.cpp:148] Frame: 40, track bbox: [161 x 224 from (267.194, 128.568)], gid: 0, lid: -1
I1014 14:18:40.648504  7609 work_thread.hpp:87]  [T-Work-Detect_0] Frame :40 split
I1014 14:18:40.648555  7612 thread_intergrate.hpp:78] [T-Intergrate-intergrate] queue: frame output frame :40
I1014 14:18:40.648581  7612 thread_intergrate.hpp:85] [T-Intergrate-intergrate] queue: compare output face:0
I1014 14:18:40.648598  7612 thread_intergrate.hpp:137] T-Intergrate-intergrate set matched face: 0
I1014 14:18:40.649973  7612 thread_intergrate.hpp:157] T-Intergrate-intergrate Show face :0, size :640 * 360
I1014 14:18:40.650557  7608 demo_inner.hpp:435] thread [SORT-0]  frame id 40 sorting queue size 0   FPS: 20
I1014 14:18:40.650624  7607 demo_inner.hpp:260]  gui queue size 0, state = running
I1014 14:18:40.689422  7606 demo_inner.hpp:177] decode queue size 0
I1014 14:18:40.689545  7609 work_thread.hpp:81]  [T-Work-Detect_0] Run work: WorkDetect
I1014 14:18:40.689663  7609 work_detect.cpp:102] Succeeded to add det start for frame 41
I1014 14:18:40.697144  7609 work_detect.cpp:70] Frame :41 detect result :1 face(s)
W1014 14:18:40.697197  7609 work_detect.cpp:83] Invalid bbox: [171 x 216 from (260, 151)]
I1014 14:18:40.697345  7609 work_detect.cpp:120] Succeeded to add det end for frame 41
I1014 14:18:40.697371  7609 work_thread.hpp:81]  [T-Work-Detect_0] Run work: WrokTrack
I1014 14:18:40.697398  7609 work_track.cpp:102] Succeeded to set track lock for frame 41
I1014 14:18:40.697430  7609 work_track.cpp:116] Succeeded to release track lock for frame 41
I1014 14:18:40.697444  7609 work_track.cpp:120] Track results of frame 41: 0 objects input, 0 objects tracked!
I1014 14:18:40.697463  7609 work_thread.hpp:87]  [T-Work-Detect_0] Frame :41 split
I1014 14:18:40.697552  7612 thread_intergrate.hpp:78] [T-Intergrate-intergrate] queue: frame output frame :41
I1014 14:18:40.698644  7612 thread_intergrate.hpp:157] T-Intergrate-intergrate Show face :0, size :640 * 360
I1014 14:18:40.699194  7608 demo_inner.hpp:435] thread [SORT-0]  frame id 41 sorting queue size 0   FPS: 20.02
I1014 14:18:40.729928  7607 demo_inner.hpp:260]  gui queue size 0, state = running
I1014 14:18:40.743244  7606 demo_inner.hpp:177] decode queue size 0
I1014 14:18:40.743347  7609 work_thread.hpp:81]  [T-Work-Detect_0] Run work: WorkDetect
I1014 14:18:40.743383  7609 work_detect.cpp:102] Succeeded to add det start for frame 42
I1014 14:18:40.750871  7609 work_detect.cpp:70] Frame :42 detect result :1 face(s)
I1014 14:18:40.750921  7609 work_detect.cpp:86] Detected bbox: [174 x 230 from (266, 126)]
I1014 14:18:40.750988  7609 work_detect.cpp:120] Succeeded to add det end for frame 42
I1014 14:18:40.751005  7609 work_thread.hpp:81]  [T-Work-Detect_0] Run work: WrokTrack
I1014 14:18:40.751029  7609 work_track.cpp:82] Frame: 42 build input_characts: [0.271875 x 0.638889 from (0.415625, 0.35)], 1.00019, 0
I1014 14:18:40.751092  7609 work_track.cpp:102] Succeeded to set track lock for frame 42
I1014 14:18:40.751129  7609 work_track.cpp:116] Succeeded to release track lock for frame 42
I1014 14:18:40.751143  7609 work_track.cpp:120] Track results of frame 42: 1 objects input, 0 objects tracked!
I1014 14:18:40.751160  7609 work_track.cpp:162] Frame: 42 lid: 0 not tracked, will set invalid
I1014 14:18:40.751199  7609 work_thread.hpp:87]  [T-Work-Detect_0] Frame :42 split
I1014 14:18:40.751271  7609 work_thread.hpp:123]  [T-Work-Detect_0] Invalid piece: lid = 0, drop it
I1014 14:18:40.751322  7612 thread_intergrate.hpp:78] [T-Intergrate-intergrate] queue: frame output frame :42
I1014 14:18:40.752414  7612 thread_intergrate.hpp:157] T-Intergrate-intergrate Show face :0, size :640 * 360
I1014 14:18:40.752960  7608 demo_inner.hpp:435] thread [SORT-0]  frame id 42 sorting queue size 0   FPS: 19.9805
I1014 14:18:40.753024  7607 demo_inner.hpp:260]  gui queue size 0, state = running
I1014 14:18:40.791383  7606 demo_inner.hpp:177] decode queue size 0
I1014 14:18:40.791493  7609 work_thread.hpp:81]  [T-Work-Detect_0] Run work: WorkDetect
I1014 14:18:40.791529  7609 work_detect.cpp:102] Succeeded to add det start for frame 43
I1014 14:18:40.799365  7609 work_detect.cpp:70] Frame :43 detect result :1 face(s)
I1014 14:18:40.799441  7609 work_detect.cpp:86] Detected bbox: [174 x 228 from (265, 130)]
I1014 14:18:40.799489  7609 work_detect.cpp:120] Succeeded to add det end for frame 43
I1014 14:18:40.799505  7609 work_thread.hpp:81]  [T-Work-Detect_0] Run work: WrokTrack
I1014 14:18:40.799530  7609 work_track.cpp:82] Frame: 43 build input_characts: [0.271875 x 0.633333 from (0.414062, 0.361111)], 1.00019, 0
I1014 14:18:40.799592  7609 work_track.cpp:102] Succeeded to set track lock for frame 43
I1014 14:18:40.799629  7609 work_track.cpp:116] Succeeded to release track lock for frame 43
I1014 14:18:40.799644  7609 work_track.cpp:120] Track results of frame 43: 1 objects input, 0 objects tracked!
I1014 14:18:40.799680  7609 work_track.cpp:162] Frame: 43 lid: 0 not tracked, will set invalid
I1014 14:18:40.799697  7609 work_thread.hpp:87]  [T-Work-Detect_0] Frame :43 split
I1014 14:18:40.799793  7609 work_thread.hpp:123]  [T-Work-Detect_0] Invalid piece: lid = 0, drop it
I1014 14:18:40.799847  7612 thread_intergrate.hpp:78] [T-Intergrate-intergrate] queue: frame output frame :43
I1014 14:18:40.800945  7612 thread_intergrate.hpp:157] T-Intergrate-intergrate Show face :0, size :640 * 360
I1014 14:18:40.801440  7608 demo_inner.hpp:435] thread [SORT-0]  frame id 43 sorting queue size 0   FPS: 19.9708
I1014 14:18:40.801501  7607 demo_inner.hpp:260]  gui queue size 0, state = running
I1014 14:18:40.839552  7606 demo_inner.hpp:177] decode queue size 0
I1014 14:18:40.839679  7609 work_thread.hpp:81]  [T-Work-Detect_0] Run work: WorkDetect
I1014 14:18:40.839715  7609 work_detect.cpp:102] Succeeded to add det start for frame 44
I1014 14:18:40.847134  7609 work_detect.cpp:70] Frame :44 detect result :1 face(s)
W1014 14:18:40.847190  7609 work_detect.cpp:83] Invalid bbox: [165 x 209 from (262, 153)]
I1014 14:18:40.847339  7609 work_detect.cpp:120] Succeeded to add det end for frame 44
I1014 14:18:40.847357  7609 work_thread.hpp:81]  [T-Work-Detect_0] Run work: WrokTrack
I1014 14:18:40.847385  7609 work_track.cpp:102] Succeeded to set track lock for frame 44
I1014 14:18:40.847422  7609 work_track.cpp:116] Succeeded to release track lock for frame 44
I1014 14:18:40.847437  7609 work_track.cpp:120] Track results of frame 44: 0 objects input, 0 objects tracked!
I1014 14:18:40.847455  7609 work_thread.hpp:87]  [T-Work-Detect_0] Frame :44 split
I1014 14:18:40.847503  7612 thread_intergrate.hpp:78] [T-Intergrate-intergrate] queue: frame output frame :44
I1014 14:18:40.848593  7612 thread_intergrate.hpp:157] T-Intergrate-intergrate Show face :0, size :640 * 360
I1014 14:18:40.849118  7608 demo_inner.hpp:435] thread [SORT-0]  frame id 44 sorting queue size 0   FPS: 20.0293
I1014 14:18:40.875238  7607 demo_inner.hpp:260]  gui queue size 0, state = running
I1014 14:18:40.893280  7606 demo_inner.hpp:177] decode queue size 0
I1014 14:18:40.893471  7609 work_thread.hpp:81]  [T-Work-Detect_0] Run work: WorkDetect
I1014 14:18:40.893508  7609 work_detect.cpp:102] Succeeded to add det start for frame 45
I1014 14:18:40.900904  7609 work_detect.cpp:70] Frame :45 detect result :1 face(s)
I1014 14:18:40.900951  7609 work_detect.cpp:86] Detected bbox: [172 x 225 from (266, 128)]
I1014 14:18:40.901021  7609 work_detect.cpp:120] Succeeded to add det end for frame 45
I1014 14:18:40.901038  7609 work_thread.hpp:81]  [T-Work-Detect_0] Run work: WrokTrack
I1014 14:18:40.901062  7609 work_track.cpp:82] Frame: 45 build input_characts: [0.26875 x 0.625 from (0.415625, 0.355556)], 1.00019, 0
I1014 14:18:40.901126  7609 work_track.cpp:102] Succeeded to set track lock for frame 45
I1014 14:18:40.901165  7609 work_track.cpp:116] Succeeded to release track lock for frame 45
I1014 14:18:40.901180  7609 work_track.cpp:120] Track results of frame 45: 1 objects input, 0 objects tracked!
I1014 14:18:40.901196  7609 work_track.cpp:162] Frame: 45 lid: 0 not tracked, will set invalid
I1014 14:18:40.901211  7609 work_thread.hpp:87]  [T-Work-Detect_0] Frame :45 split
I1014 14:18:40.901304  7609 work_thread.hpp:123]  [T-Work-Detect_0] Invalid piece: lid = 0, drop it
I1014 14:18:40.901350  7612 thread_intergrate.hpp:78] [T-Intergrate-intergrate] queue: frame output frame :45
I1014 14:18:40.902437  7612 thread_intergrate.hpp:157] T-Intergrate-intergrate Show face :0, size :640 * 360
I1014 14:18:40.902984  7608 demo_inner.hpp:435] thread [SORT-0]  frame id 45 sorting queue size 0   FPS: 19.9805
I1014 14:18:40.941792  7606 demo_inner.hpp:177] decode queue size 0
I1014 14:18:40.941898  7609 work_thread.hpp:81]  [T-Work-Detect_0] Run work: WorkDetect
I1014 14:18:40.941938  7609 work_detect.cpp:102] Succeeded to add det start for frame 46
I1014 14:18:40.949667  7609 work_detect.cpp:70] Frame :46 detect result :1 face(s)
I1014 14:18:40.949726  7609 work_detect.cpp:86] Detected bbox: [163 x 227 from (263, 128)]
I1014 14:18:40.949770  7609 work_detect.cpp:120] Succeeded to add det end for frame 46
I1014 14:18:40.949936  7609 work_thread.hpp:81]  [T-Work-Detect_0] Run work: WrokTrack
I1014 14:18:40.949971  7609 work_track.cpp:82] Frame: 46 build input_characts: [0.254687 x 0.630556 from (0.410937, 0.355556)], 1.00019, 0
I1014 14:18:40.950026  7609 work_track.cpp:102] Succeeded to set track lock for frame 46
I1014 14:18:40.950064  7609 work_track.cpp:116] Succeeded to release track lock for frame 46
I1014 14:18:40.950103  7609 work_track.cpp:120] Track results of frame 46: 1 objects input, 0 objects tracked!
I1014 14:18:40.950121  7609 work_track.cpp:162] Frame: 46 lid: 0 not tracked, will set invalid
I1014 14:18:40.950137  7609 work_thread.hpp:87]  [T-Work-Detect_0] Frame :46 split
I1014 14:18:40.950153  7609 work_thread.hpp:123]  [T-Work-Detect_0] Invalid piece: lid = 0, drop it
I1014 14:18:40.950204  7612 thread_intergrate.hpp:78] [T-Intergrate-intergrate] queue: frame output frame :46
I1014 14:18:40.951297  7612 thread_intergrate.hpp:157] T-Intergrate-intergrate Show face :0, size :640 * 360
I1014 14:18:40.951786  7608 demo_inner.hpp:435] thread [SORT-0]  frame id 46 sorting queue size 1   FPS: 19.9708
I1014 14:18:40.975603  7607 demo_inner.hpp:260]  gui queue size 1, state = running
I1014 14:18:40.989442  7606 demo_inner.hpp:177] decode queue size 0
I1014 14:18:40.989553  7609 work_thread.hpp:81]  [T-Work-Detect_0] Run work: WorkDetect
I1014 14:18:40.989589  7609 work_detect.cpp:102] Succeeded to add det start for frame 47
I1014 14:18:40.997092  7609 work_detect.cpp:70] Frame :47 detect result :1 face(s)
I1014 14:18:40.997164  7609 work_detect.cpp:86] Detected bbox: [175 x 232 from (265, 128)]
I1014 14:18:40.997207  7609 work_detect.cpp:120] Succeeded to add det end for frame 47
I1014 14:18:40.997282  7609 work_thread.hpp:81]  [T-Work-Detect_0] Run work: WrokTrack
I1014 14:18:40.997308  7609 work_track.cpp:82] Frame: 47 build input_characts: [0.273438 x 0.644444 from (0.414062, 0.355556)], 1.00019, 0
I1014 14:18:40.997391  7609 work_track.cpp:102] Succeeded to set track lock for frame 47
I1014 14:18:40.997433  7609 work_track.cpp:116] Succeeded to release track lock for frame 47
I1014 14:18:40.997447  7609 work_track.cpp:120] Track results of frame 47: 1 objects input, 1 objects tracked!
I1014 14:18:40.997465  7609 work_track.cpp:148] Frame: 47, track bbox: [175 x 232 from (263.573, 126.633)], gid: 0, lid: 0
I1014 14:18:40.997529  7609 work_thread.hpp:87]  [T-Work-Detect_0] Frame :47 split
I1014 14:18:40.997548  7609 work_thread.hpp:119]  [T-Work-Detect_0] Valid piece: gid = 0
I1014 14:18:40.997566  7609 work_thread.hpp:91]  [T-Work-Detect_0] Push to split queue:recog
I1014 14:18:40.997613  7610 work_thread.hpp:81]  [T-Work-Recog_0] Run work: WorkCapture
I1014 14:18:40.997640  7612 thread_intergrate.hpp:78] [T-Intergrate-intergrate] queue: frame output frame :47
I1014 14:18:40.998164  7610 work_thread.hpp:81]  [T-Work-Recog_0] Run work: WorkRecog
I1014 14:18:40.998188  7610 work_recog.hpp:89] Face id: 0 will run recog: bbox [175 x 232 from (265, 128)] quality: 0.487114
I1014 14:18:40.998215  7610 work_recog.hpp:96] Recog pair: [256 x 280 from (224, 80)], [175 x 232 from (41, 48)]
I1014 14:18:40.998790  7612 thread_intergrate.hpp:157] T-Intergrate-intergrate Show face :0, size :640 * 360
I1014 14:18:40.999372  7608 demo_inner.hpp:435] thread [SORT-0]  frame id 47 sorting queue size 0   FPS: 20.0293
I1014 14:18:40.999439  7607 demo_inner.hpp:260]  gui queue size 0, state = running
I1014 14:18:41.015864  7610 work_thread.hpp:81]  [T-Work-Recog_0] Run work: WorkCompare
I1014 14:18:41.016347  7610 work_compare.cpp:76] Compare face: 0 successed, similarity :0.997892, name : images/ThangLMb.jpg, normal size : 1548 * 1719!
I1014 14:18:41.043315  7606 demo_inner.hpp:177] decode queue size 0
I1014 14:18:41.043463  7609 work_thread.hpp:81]  [T-Work-Detect_0] Run work: WorkDetect
I1014 14:18:41.043506  7609 work_detect.cpp:102] Succeeded to add det start for frame 48
I1014 14:18:41.050921  7609 work_detect.cpp:70] Frame :48 detect result :1 face(s)
I1014 14:18:41.050972  7609 work_detect.cpp:86] Detected bbox: [176 x 235 from (263, 122)]
I1014 14:18:41.051107  7609 work_detect.cpp:120] Succeeded to add det end for frame 48
I1014 14:18:41.051133  7609 work_thread.hpp:81]  [T-Work-Detect_0] Run work: WrokTrack
I1014 14:18:41.051159  7609 work_track.cpp:82] Frame: 48 build input_characts: [0.275 x 0.652778 from (0.410937, 0.338889)], 0.999622, 0
I1014 14:18:41.051213  7609 work_track.cpp:102] Succeeded to set track lock for frame 48
I1014 14:18:41.051321  7609 work_track.cpp:116] Succeeded to release track lock for frame 48
I1014 14:18:41.051337  7609 work_track.cpp:120] Track results of frame 48: 1 objects input, 1 objects tracked!
I1014 14:18:41.051353  7609 work_track.cpp:148] Frame: 48, track bbox: [176 x 235 from (261.627, 123.737)], gid: 0, lid: 0
I1014 14:18:41.051398  7609 work_thread.hpp:87]  [T-Work-Detect_0] Frame :48 split
I1014 14:18:41.051415  7609 work_thread.hpp:119]  [T-Work-Detect_0] Valid piece: gid = 0
I1014 14:18:41.051432  7609 work_thread.hpp:91]  [T-Work-Detect_0] Push to split queue:recog
I1014 14:18:41.051481  7611 work_thread.hpp:81]  [T-Work-Recog_1] Run work: WorkCapture
I1014 14:18:41.051486  7612 thread_intergrate.hpp:78] [T-Intergrate-intergrate] queue: frame output frame :48
I1014 14:18:41.051537  7612 thread_intergrate.hpp:85] [T-Intergrate-intergrate] queue: compare output face:0
I1014 14:18:41.051555  7612 thread_intergrate.hpp:137] T-Intergrate-intergrate set matched face: 0
I1014 14:18:41.052055  7611 work_thread.hpp:81]  [T-Work-Recog_1] Run work: WorkRecog
I1014 14:18:41.052080  7611 work_recog.hpp:89] Face id: 0 will run recog: bbox [176 x 235 from (263, 122)] quality: 0.481862
I1014 14:18:41.052109  7611 work_recog.hpp:96] Recog pair: [256 x 288 from (224, 72)], [176 x 235 from (39, 50)]
I1014 14:18:41.053570  7612 thread_intergrate.hpp:157] T-Intergrate-intergrate Show face :0, size :640 * 360
I1014 14:18:41.054214  7608 demo_inner.hpp:435] thread [SORT-0]  frame id 48 sorting queue size 0   FPS: 19.9708
I1014 14:18:41.054284  7607 demo_inner.hpp:260]  gui queue size 0, state = running
I1014 14:18:41.069744  7611 work_thread.hpp:81]  [T-Work-Recog_1] Run work: WorkCompare
I1014 14:18:41.070205  7611 work_compare.cpp:76] Compare face: 0 successed, similarity :0.993628, name : images/ThangLMb.jpg, normal size : 1548 * 1719!
I1014 14:18:41.091347  7606 demo_inner.hpp:177] decode queue size 0
I1014 14:18:41.091444  7609 work_thread.hpp:81]  [T-Work-Detect_0] Run work: WorkDetect
I1014 14:18:41.091480  7609 work_detect.cpp:102] Succeeded to add det start for frame 49
I1014 14:18:41.098151  7609 work_detect.cpp:70] Frame :49 detect result :1 face(s)
I1014 14:18:41.098201  7609 work_detect.cpp:86] Detected bbox: [166 x 227 from (262, 129)]
I1014 14:18:41.098246  7609 work_detect.cpp:120] Succeeded to add det end for frame 49
I1014 14:18:41.098263  7609 work_thread.hpp:81]  [T-Work-Detect_0] Run work: WrokTrack
I1014 14:18:41.098287  7609 work_track.cpp:82] Frame: 49 build input_characts: [0.259375 x 0.630556 from (0.409375, 0.358333)], 1.00019, 0
I1014 14:18:41.098342  7609 work_track.cpp:102] Succeeded to set track lock for frame 49
I1014 14:18:41.098382  7609 work_track.cpp:116] Succeeded to release track lock for frame 49
I1014 14:18:41.098397  7609 work_track.cpp:120] Track results of frame 49: 1 objects input, 1 objects tracked!
I1014 14:18:41.098414  7609 work_track.cpp:148] Frame: 49, track bbox: [166 x 227 from (264.534, 127.816)], gid: 0, lid: 0
I1014 14:18:41.098449  7609 work_thread.hpp:87]  [T-Work-Detect_0] Frame :49 split
I1014 14:18:41.098466  7609 work_thread.hpp:119]  [T-Work-Detect_0] Valid piece: gid = 0
I1014 14:18:41.098484  7609 work_thread.hpp:91]  [T-Work-Detect_0] Push to split queue:recog
I1014 14:18:41.098532  7611 work_thread.hpp:81]  [T-Work-Recog_1] Run work: WorkCapture
I1014 14:18:41.098837  7612 thread_intergrate.hpp:78] [T-Intergrate-intergrate] queue: frame output frame :49
I1014 14:18:41.098875  7612 thread_intergrate.hpp:85] [T-Intergrate-intergrate] queue: compare output face:0
I1014 14:18:41.098894  7612 thread_intergrate.hpp:137] T-Intergrate-intergrate set matched face: 0
I1014 14:18:41.099086  7611 work_thread.hpp:81]  [T-Work-Recog_1] Run work: WorkRecog
I1014 14:18:41.099109  7611 work_recog.hpp:89] Face id: 0 will run recog: bbox [166 x 227 from (262, 129)] quality: 0.477221
I1014 14:18:41.099136  7611 work_recog.hpp:96] Recog pair: [240 x 280 from (224, 80)], [166 x 227 from (38, 49)]
I1014 14:18:41.100894  7612 thread_intergrate.hpp:157] T-Intergrate-intergrate Show face :0, size :640 * 360
I1014 14:18:41.101660  7608 demo_inner.hpp:435] thread [SORT-0]  frame id 49 sorting queue size 0   FPS: 19.9902
I1014 14:18:41.116742  7611 work_thread.hpp:81]  [T-Work-Recog_1] Run work: WorkCompare
I1014 14:18:41.117198  7611 work_compare.cpp:76] Compare face: 0 successed, similarity :0.996974, name : images/ThangLMb.jpg, normal size : 1548 * 1719!
I1014 14:18:41.126320  7607 demo_inner.hpp:260]  gui queue size 0, state = running
I1014 14:18:41.139473  7606 demo_inner.hpp:177] decode queue size 0
I1014 14:18:41.139577  7609 work_thread.hpp:81]  [T-Work-Detect_0] Run work: WorkDetect
I1014 14:18:41.139613  7609 work_detect.cpp:102] Succeeded to add det start for frame 50
I1014 14:18:41.146314  7609 work_detect.cpp:70] Frame :50 detect result :1 face(s)
I1014 14:18:41.146358  7609 work_detect.cpp:86] Detected bbox: [177 x 231 from (262, 127)]
I1014 14:18:41.146401  7609 work_detect.cpp:120] Succeeded to add det end for frame 50
I1014 14:18:41.146418  7609 work_thread.hpp:81]  [T-Work-Detect_0] Run work: WrokTrack
I1014 14:18:41.146442  7609 work_track.cpp:82] Frame: 50 build input_characts: [0.276563 x 0.641667 from (0.409375, 0.352778)], 1.00035, 0
I1014 14:18:41.146497  7609 work_track.cpp:102] Succeeded to set track lock for frame 50
I1014 14:18:41.146536  7609 work_track.cpp:116] Succeeded to release track lock for frame 50
I1014 14:18:41.146550  7609 work_track.cpp:120] Track results of frame 50: 1 objects input, 1 objects tracked!
I1014 14:18:41.146567  7609 work_track.cpp:148] Frame: 50, track bbox: [177 x 231 from (260.2, 126.858)], gid: 0, lid: 0
I1014 14:18:41.146603  7609 work_thread.hpp:87]  [T-Work-Detect_0] Frame :50 split
I1014 14:18:41.146620  7609 work_thread.hpp:119]  [T-Work-Detect_0] Valid piece: gid = 0
I1014 14:18:41.146638  7609 work_thread.hpp:91]  [T-Work-Detect_0] Push to split queue:recog
I1014 14:18:41.146689  7611 work_thread.hpp:81]  [T-Work-Recog_1] Run work: WorkCapture
I1014 14:18:41.146998  7612 thread_intergrate.hpp:78] [T-Intergrate-intergrate] queue: frame output frame :50
I1014 14:18:41.147024  7612 thread_intergrate.hpp:85] [T-Intergrate-intergrate] queue: compare output face:0
I1014 14:18:41.147043  7612 thread_intergrate.hpp:137] T-Intergrate-intergrate set matched face: 0
I1014 14:18:41.147538  7611 work_thread.hpp:81]  [T-Work-Recog_1] Run work: WorkRecog
I1014 14:18:41.147565  7611 work_recog.hpp:89] Face id: 0 will run recog: bbox [177 x 231 from (262, 127)] quality: 0.482752
I1014 14:18:41.147639  7611 work_recog.hpp:96] Recog pair: [256 x 280 from (224, 80)], [177 x 231 from (38, 47)]
I1014 14:18:41.148481  7612 thread_intergrate.hpp:157] T-Intergrate-intergrate Show face :0, size :640 * 360
I1014 14:18:41.149088  7608 demo_inner.hpp:435] thread [SORT-0]  frame id 50 sorting queue size 0   FPS: 20.0489
I1014 14:18:41.165834  7611 work_thread.hpp:81]  [T-Work-Recog_1] Run work: WorkCompare
I1014 14:18:41.166620  7611 work_compare.cpp:76] Compare face: 0 successed, similarity :0.995468, name : images/ThangLMb.jpg, normal size : 1548 * 1719!
I1014 14:18:41.193454  7607 demo_inner.hpp:260]  gui queue size 0, state = running
I1014 14:18:41.193524  7606 demo_inner.hpp:177] decode queue size 0
I1014 14:18:41.193593  7609 work_thread.hpp:81]  [T-Work-Detect_0] Run work: WorkDetect
I1014 14:18:41.193629  7609 work_detect.cpp:102] Succeeded to add det start for frame 51
I1014 14:18:41.200304  7609 work_detect.cpp:70] Frame :51 detect result :1 face(s)
I1014 14:18:41.200356  7609 work_detect.cpp:86] Detected bbox: [163 x 204 from (271, 156)]
I1014 14:18:41.200399  7609 work_detect.cpp:120] Succeeded to add det end for frame 51
I1014 14:18:41.200415  7609 work_thread.hpp:81]  [T-Work-Detect_0] Run work: WrokTrack
I1014 14:18:41.200510  7609 work_track.cpp:82] Frame: 51 build input_characts: [0.254687 x 0.566667 from (0.423438, 0.433333)], 1.00019, 0
I1014 14:18:41.200567  7609 work_track.cpp:102] Succeeded to set track lock for frame 51
I1014 14:18:41.200606  7609 work_track.cpp:116] Succeeded to release track lock for frame 51
I1014 14:18:41.200621  7609 work_track.cpp:120] Track results of frame 51: 1 objects input, 1 objects tracked!
I1014 14:18:41.200639  7609 work_track.cpp:148] Frame: 51, track bbox: [163 x 204 from (269.828, 148.45)], gid: 0, lid: 0
I1014 14:18:41.200673  7609 work_thread.hpp:87]  [T-Work-Detect_0] Frame :51 split
I1014 14:18:41.200690  7609 work_thread.hpp:119]  [T-Work-Detect_0] Valid piece: gid = 0
I1014 14:18:41.200708  7609 work_thread.hpp:91]  [T-Work-Detect_0] Push to split queue:recog
I1014 14:18:41.200759  7611 work_thread.hpp:81]  [T-Work-Recog_1] Run work: WorkCapture
I1014 14:18:41.200760  7612 thread_intergrate.hpp:78] [T-Intergrate-intergrate] queue: frame output frame :51
I1014 14:18:41.200796  7612 thread_intergrate.hpp:85] [T-Intergrate-intergrate] queue: compare output face:0
I1014 14:18:41.200814  7612 thread_intergrate.hpp:137] T-Intergrate-intergrate set matched face: 0
I1014 14:18:41.201473  7611 work_thread.hpp:81]  [T-Work-Recog_1] Run work: WorkRecog
I1014 14:18:41.201508  7611 work_recog.hpp:89] Face id: 0 will run recog: bbox [163 x 204 from (271, 156)] quality: 0.450956
I1014 14:18:41.201539  7611 work_recog.hpp:96] Recog pair: [240 x 248 from (232, 112)], [163 x 204 from (39, 44)]
I1014 14:18:41.202234  7612 thread_intergrate.hpp:157] T-Intergrate-intergrate Show face :0, size :640 * 360
I1014 14:18:41.202780  7608 demo_inner.hpp:435] thread [SORT-0]  frame id 51 sorting queue size 0   FPS: 19.9902
I1014 14:18:41.219673  7611 work_thread.hpp:81]  [T-Work-Recog_1] Run work: WorkCompare
I1014 14:18:41.220502  7611 work_compare.cpp:76] Compare face: 0 successed, similarity :0.996726, name : images/ThangLMb.jpg, normal size : 1548 * 1719!
I1014 14:18:41.241353  7606 demo_inner.hpp:177] decode queue size 0
I1014 14:18:41.241456  7609 work_thread.hpp:81]  [T-Work-Detect_0] Run work: WorkDetect
I1014 14:18:41.241492  7609 work_detect.cpp:102] Succeeded to add det start for frame 52
I1014 14:18:41.248173  7609 work_detect.cpp:70] Frame :52 detect result :1 face(s)
W1014 14:18:41.248220  7609 work_detect.cpp:83] Invalid bbox: [165 x 206 from (268, 155)]
I1014 14:18:41.248293  7609 work_detect.cpp:120] Succeeded to add det end for frame 52
I1014 14:18:41.248309  7609 work_thread.hpp:81]  [T-Work-Detect_0] Run work: WrokTrack
I1014 14:18:41.248337  7609 work_track.cpp:102] Succeeded to set track lock for frame 52
I1014 14:18:41.248387  7609 work_track.cpp:116] Succeeded to release track lock for frame 52
I1014 14:18:41.248402  7609 work_track.cpp:120] Track results of frame 52: 0 objects input, 1 objects tracked!
I1014 14:18:41.248420  7609 work_track.cpp:148] Frame: 52, track bbox: [163 x 204 from (270.638, 150.757)], gid: 0, lid: -1
I1014 14:18:41.248471  7609 work_thread.hpp:87]  [T-Work-Detect_0] Frame :52 split
I1014 14:18:41.248524  7612 thread_intergrate.hpp:78] [T-Intergrate-intergrate] queue: frame output frame :52
I1014 14:18:41.248549  7612 thread_intergrate.hpp:85] [T-Intergrate-intergrate] queue: compare output face:0
I1014 14:18:41.248569  7612 thread_intergrate.hpp:137] T-Intergrate-intergrate set matched face: 0
I1014 14:18:41.249936  7612 thread_intergrate.hpp:157] T-Intergrate-intergrate Show face :0, size :640 * 360
I1014 14:18:41.250528  7608 demo_inner.hpp:435] thread [SORT-0]  frame id 52 sorting queue size 1   FPS: 19.9902
I1014 14:18:41.288013  7607 demo_inner.hpp:260]  gui queue size 1, state = running
I1014 14:18:41.289593  7606 demo_inner.hpp:177] decode queue size 0
I1014 14:18:41.289693  7609 work_thread.hpp:81]  [T-Work-Detect_0] Run work: WorkDetect
I1014 14:18:41.289754  7609 work_detect.cpp:102] Succeeded to add det start for frame 53
I1014 14:18:41.297567  7609 work_detect.cpp:70] Frame :53 detect result :1 face(s)
W1014 14:18:41.297708  7609 work_detect.cpp:83] Invalid bbox: [169 x 214 from (260, 152)]
I1014 14:18:41.297777  7609 work_detect.cpp:120] Succeeded to add det end for frame 53
I1014 14:18:41.297794  7609 work_thread.hpp:81]  [T-Work-Detect_0] Run work: WrokTrack
I1014 14:18:41.297834  7609 work_track.cpp:102] Succeeded to set track lock for frame 53
I1014 14:18:41.297930  7609 work_track.cpp:116] Succeeded to release track lock for frame 53
I1014 14:18:41.297951  7609 work_track.cpp:120] Track results of frame 53: 0 objects input, 0 objects tracked!
I1014 14:18:41.297987  7609 work_thread.hpp:87]  [T-Work-Detect_0] Frame :53 split
I1014 14:18:41.298043  7612 thread_intergrate.hpp:78] [T-Intergrate-intergrate] queue: frame output frame :53
I1014 14:18:41.299144  7612 thread_intergrate.hpp:157] T-Intergrate-intergrate Show face :0, size :640 * 360
I1014 14:18:41.299681  7608 demo_inner.hpp:435] thread [SORT-0]  frame id 53 sorting queue size 0   FPS: 20.0293
I1014 14:18:41.343343  7606 demo_inner.hpp:177] decode queue size 0
I1014 14:18:41.343461  7609 work_thread.hpp:81]  [T-Work-Detect_0] Run work: WorkDetect
I1014 14:18:41.343506  7609 work_detect.cpp:102] Succeeded to add det start for frame 54
I1014 14:18:41.350967  7609 work_detect.cpp:70] Frame :54 detect result :1 face(s)
I1014 14:18:41.351022  7609 work_detect.cpp:86] Detected bbox: [157 x 220 from (265, 130)]
I1014 14:18:41.351068  7609 work_detect.cpp:120] Succeeded to add det end for frame 54
I1014 14:18:41.351083  7609 work_thread.hpp:81]  [T-Work-Detect_0] Run work: WrokTrack
I1014 14:18:41.351107  7609 work_track.cpp:82] Frame: 54 build input_characts: [0.245312 x 0.611111 from (0.414062, 0.361111)], 1.00019, 0
I1014 14:18:41.351341  7609 work_track.cpp:102] Succeeded to set track lock for frame 54
I1014 14:18:41.351402  7609 work_track.cpp:116] Succeeded to release track lock for frame 54
I1014 14:18:41.351418  7609 work_track.cpp:120] Track results of frame 54: 1 objects input, 0 objects tracked!
I1014 14:18:41.351434  7609 work_track.cpp:162] Frame: 54 lid: 0 not tracked, will set invalid
I1014 14:18:41.351449  7609 work_thread.hpp:87]  [T-Work-Detect_0] Frame :54 split
I1014 14:18:41.351466  7609 work_thread.hpp:123]  [T-Work-Detect_0] Invalid piece: lid = 0, drop it
I1014 14:18:41.351508  7612 thread_intergrate.hpp:78] [T-Intergrate-intergrate] queue: frame output frame :54
I1014 14:18:41.352602  7612 thread_intergrate.hpp:157] T-Intergrate-intergrate Show face :0, size :640 * 360
I1014 14:18:41.353158  7608 demo_inner.hpp:435] thread [SORT-0]  frame id 54 sorting queue size 1   FPS: 19.9902
I1014 14:18:41.355350  7607 demo_inner.hpp:260]  gui queue size 1, state = running
I1014 14:18:41.391440  7606 demo_inner.hpp:177] decode queue size 0
I1014 14:18:41.391620  7609 work_thread.hpp:81]  [T-Work-Detect_0] Run work: WorkDetect
I1014 14:18:41.391665  7609 work_detect.cpp:102] Succeeded to add det start for frame 55
I1014 14:18:41.399082  7609 work_detect.cpp:70] Frame :55 detect result :1 face(s)
I1014 14:18:41.399137  7609 work_detect.cpp:86] Detected bbox: [177 x 229 from (262, 128)]
I1014 14:18:41.399189  7609 work_detect.cpp:120] Succeeded to add det end for frame 55
I1014 14:18:41.399206  7609 work_thread.hpp:81]  [T-Work-Detect_0] Run work: WrokTrack
I1014 14:18:41.399286  7609 work_track.cpp:82] Frame: 55 build input_characts: [0.276563 x 0.636111 from (0.409375, 0.355556)], 1.00019, 0
I1014 14:18:41.399358  7609 work_track.cpp:102] Succeeded to set track lock for frame 55
I1014 14:18:41.399405  7609 work_track.cpp:116] Succeeded to release track lock for frame 55
I1014 14:18:41.399420  7609 work_track.cpp:120] Track results of frame 55: 1 objects input, 0 objects tracked!
I1014 14:18:41.399437  7609 work_track.cpp:162] Frame: 55 lid: 0 not tracked, will set invalid
I1014 14:18:41.399451  7609 work_thread.hpp:87]  [T-Work-Detect_0] Frame :55 split
I1014 14:18:41.399468  7609 work_thread.hpp:123]  [T-Work-Detect_0] Invalid piece: lid = 0, drop it
I1014 14:18:41.399521  7612 thread_intergrate.hpp:78] [T-Intergrate-intergrate] queue: frame output frame :55
I1014 14:18:41.400686  7612 thread_intergrate.hpp:157] T-Intergrate-intergrate Show face :0, size :640 * 360
I1014 14:18:41.401191  7608 demo_inner.hpp:435] thread [SORT-0]  frame id 55 sorting queue size 0   FPS: 19.9708
I1014 14:18:41.434183  7607 demo_inner.hpp:260]  gui queue size 0, state = running
I1014 14:18:41.439502  7606 demo_inner.hpp:177] decode queue size 0
I1014 14:18:41.439636  7609 work_thread.hpp:81]  [T-Work-Detect_0] Run work: WorkDetect
I1014 14:18:41.439682  7609 work_detect.cpp:102] Succeeded to add det start for frame 56
I1014 14:18:41.447348  7609 work_detect.cpp:70] Frame :56 detect result :1 face(s)
I1014 14:18:41.447396  7609 work_detect.cpp:86] Detected bbox: [173 x 225 from (264, 129)]
I1014 14:18:41.447446  7609 work_detect.cpp:120] Succeeded to add det end for frame 56
I1014 14:18:41.447463  7609 work_thread.hpp:81]  [T-Work-Detect_0] Run work: WrokTrack
I1014 14:18:41.447486  7609 work_track.cpp:82] Frame: 56 build input_characts: [0.270312 x 0.625 from (0.4125, 0.358333)], 1.00019, 0
I1014 14:18:41.447548  7609 work_track.cpp:102] Succeeded to set track lock for frame 56
I1014 14:18:41.447607  7609 work_track.cpp:116] Succeeded to release track lock for frame 56
I1014 14:18:41.447623  7609 work_track.cpp:120] Track results of frame 56: 1 objects input, 1 objects tracked!
I1014 14:18:41.447639  7609 work_track.cpp:148] Frame: 56, track bbox: [173 x 225 from (262.737, 129.423)], gid: 0, lid: 0
I1014 14:18:41.447683  7609 work_thread.hpp:87]  [T-Work-Detect_0] Frame :56 split
I1014 14:18:41.447701  7609 work_thread.hpp:119]  [T-Work-Detect_0] Valid piece: gid = 0
I1014 14:18:41.447719  7609 work_thread.hpp:91]  [T-Work-Detect_0] Push to split queue:recog
I1014 14:18:41.447767  7610 work_thread.hpp:81]  [T-Work-Recog_0] Run work: WorkCapture
I1014 14:18:41.447791  7612 thread_intergrate.hpp:78] [T-Intergrate-intergrate] queue: frame output frame :56
I1014 14:18:41.448315  7610 work_thread.hpp:81]  [T-Work-Recog_0] Run work: WorkRecog
I1014 14:18:41.448339  7610 work_recog.hpp:89] Face id: 0 will run recog: bbox [173 x 225 from (264, 129)] quality: 0.485156
I1014 14:18:41.448366  7610 work_recog.hpp:96] Recog pair: [248 x 280 from (224, 80)], [173 x 225 from (40, 49)]
I1014 14:18:41.448931  7612 thread_intergrate.hpp:157] T-Intergrate-intergrate Show face :0, size :640 * 360
I1014 14:18:41.449491  7608 demo_inner.hpp:435] thread [SORT-0]  frame id 56 sorting queue size 0   FPS: 20.0391
I1014 14:18:41.449568  7607 demo_inner.hpp:260]  gui queue size 0, state = running
I1014 14:18:41.466264  7610 work_thread.hpp:81]  [T-Work-Recog_0] Run work: WorkCompare
I1014 14:18:41.466727  7610 work_compare.cpp:76] Compare face: 0 successed, similarity :0.994698, name : images/ThangLMb.jpg, normal size : 1548 * 1719!
I1014 14:18:41.494834  7606 demo_inner.hpp:177] decode queue size 0
I1014 14:18:41.495013  7609 work_thread.hpp:81]  [T-Work-Detect_0] Run work: WorkDetect
I1014 14:18:41.495070  7609 work_detect.cpp:102] Succeeded to add det start for frame 57
I1014 14:18:41.503073  7609 work_detect.cpp:70] Frame :57 detect result :1 face(s)
I1014 14:18:41.503154  7609 work_detect.cpp:86] Detected bbox: [163 x 225 from (261, 128)]
I1014 14:18:41.503209  7609 work_detect.cpp:120] Succeeded to add det end for frame 57
I1014 14:18:41.503226  7609 work_thread.hpp:81]  [T-Work-Detect_0] Run work: WrokTrack
I1014 14:18:41.503252  7609 work_track.cpp:82] Frame: 57 build input_characts: [0.254687 x 0.625 from (0.407813, 0.355556)], 1.00019, 0
I1014 14:18:41.503314  7609 work_track.cpp:102] Succeeded to set track lock for frame 57
I1014 14:18:41.503373  7609 work_track.cpp:116] Succeeded to release track lock for frame 57
I1014 14:18:41.503389  7609 work_track.cpp:120] Track results of frame 57: 1 objects input, 1 objects tracked!
I1014 14:18:41.503407  7609 work_track.cpp:148] Frame: 57, track bbox: [163 x 225 from (264.21, 127.353)], gid: 0, lid: 0
I1014 14:18:41.503453  7609 work_thread.hpp:87]  [T-Work-Detect_0] Frame :57 split
I1014 14:18:41.503470  7609 work_thread.hpp:119]  [T-Work-Detect_0] Valid piece: gid = 0
I1014 14:18:41.503567  7609 work_thread.hpp:91]  [T-Work-Detect_0] Push to split queue:recog
I1014 14:18:41.503644  7611 work_thread.hpp:81]  [T-Work-Recog_1] Run work: WorkCapture
I1014 14:18:41.503652  7612 thread_intergrate.hpp:78] [T-Intergrate-intergrate] queue: frame output frame :57
I1014 14:18:41.503690  7612 thread_intergrate.hpp:85] [T-Intergrate-intergrate] queue: compare output face:0
I1014 14:18:41.503710  7612 thread_intergrate.hpp:137] T-Intergrate-intergrate set matched face: 0
I1014 14:18:41.504236  7611 work_thread.hpp:81]  [T-Work-Recog_1] Run work: WorkRecog
I1014 14:18:41.504261  7611 work_recog.hpp:89] Face id: 0 will run recog: bbox [163 x 225 from (261, 128)] quality: 0.480819
I1014 14:18:41.504292  7611 work_recog.hpp:96] Recog pair: [232 x 280 from (224, 80)], [163 x 225 from (37, 48)]
I1014 14:18:41.505452  7612 thread_intergrate.hpp:157] T-Intergrate-intergrate Show face :0, size :640 * 360
I1014 14:18:41.506124  7608 demo_inner.hpp:435] thread [SORT-0]  frame id 57 sorting queue size 0   FPS: 19.9513
I1014 14:18:41.506692  7607 demo_inner.hpp:260]  gui queue size 0, state = running
I1014 14:18:41.521893  7611 work_thread.hpp:81]  [T-Work-Recog_1] Run work: WorkCompare
I1014 14:18:41.522357  7611 work_compare.cpp:76] Compare face: 0 successed, similarity :0.996674, name : images/ThangLMb.jpg, normal size : 1548 * 1719!
I1014 14:18:41.541453  7606 demo_inner.hpp:177] decode queue size 0
I1014 14:18:41.541570  7609 work_thread.hpp:81]  [T-Work-Detect_0] Run work: WorkDetect
I1014 14:18:41.541604  7609 work_detect.cpp:102] Succeeded to add det start for frame 58
I1014 14:18:41.548362  7609 work_detect.cpp:70] Frame :58 detect result :1 face(s)
I1014 14:18:41.548416  7609 work_detect.cpp:86] Detected bbox: [173 x 225 from (264, 129)]
I1014 14:18:41.548461  7609 work_detect.cpp:120] Succeeded to add det end for frame 58
I1014 14:18:41.548477  7609 work_thread.hpp:81]  [T-Work-Detect_0] Run work: WrokTrack
I1014 14:18:41.548501  7609 work_track.cpp:82] Frame: 58 build input_characts: [0.270312 x 0.625 from (0.4125, 0.358333)], 0.999622, 0
I1014 14:18:41.548557  7609 work_track.cpp:102] Succeeded to set track lock for frame 58
I1014 14:18:41.548597  7609 work_track.cpp:116] Succeeded to release track lock for frame 58
I1014 14:18:41.548611  7609 work_track.cpp:120] Track results of frame 58: 1 objects input, 1 objects tracked!
I1014 14:18:41.548629  7609 work_track.cpp:148] Frame: 58, track bbox: [173 x 225 from (260.468, 125.155)], gid: 0, lid: 0
I1014 14:18:41.548663  7609 work_thread.hpp:87]  [T-Work-Detect_0] Frame :58 split
I1014 14:18:41.548681  7609 work_thread.hpp:119]  [T-Work-Detect_0] Valid piece: gid = 0
I1014 14:18:41.548698  7609 work_thread.hpp:91]  [T-Work-Detect_0] Push to split queue:recog
I1014 14:18:41.548743  7611 work_thread.hpp:81]  [T-Work-Recog_1] Run work: WorkCapture
I1014 14:18:41.548754  7612 thread_intergrate.hpp:78] [T-Intergrate-intergrate] queue: frame output frame :58
I1014 14:18:41.548799  7612 thread_intergrate.hpp:85] [T-Intergrate-intergrate] queue: compare output face:0
I1014 14:18:41.548820  7612 thread_intergrate.hpp:137] T-Intergrate-intergrate set matched face: 0
I1014 14:18:41.549329  7611 work_thread.hpp:81]  [T-Work-Recog_1] Run work: WorkRecog
I1014 14:18:41.549355  7611 work_recog.hpp:89] Face id: 0 will run recog: bbox [173 x 225 from (264, 129)] quality: 0.485523
I1014 14:18:41.549383  7611 work_recog.hpp:96] Recog pair: [248 x 280 from (224, 80)], [173 x 225 from (40, 49)]
I1014 14:18:41.550637  7612 thread_intergrate.hpp:157] T-Intergrate-intergrate Show face :0, size :640 * 360
I1014 14:18:41.551424  7608 demo_inner.hpp:435] thread [SORT-0]  frame id 58 sorting queue size 0   FPS: 19.9805
I1014 14:18:41.567164  7611 work_thread.hpp:81]  [T-Work-Recog_1] Run work: WorkCompare
I1014 14:18:41.567631  7611 work_compare.cpp:76] Compare face: 0 successed, similarity :0.99542, name : images/ThangLMb.jpg, normal size : 1548 * 1719!
I1014 14:18:41.585111  7607 demo_inner.hpp:260]  gui queue size 0, state = running
I1014 14:18:41.589571  7606 demo_inner.hpp:177] decode queue size 0
I1014 14:18:41.589670  7609 work_thread.hpp:81]  [T-Work-Detect_0] Run work: WorkDetect
I1014 14:18:41.589707  7609 work_detect.cpp:102] Succeeded to add det start for frame 59
I1014 14:18:41.596374  7609 work_detect.cpp:70] Frame :59 detect result :1 face(s)
I1014 14:18:41.596419  7609 work_detect.cpp:86] Detected bbox: [175 x 227 from (262, 128)]
I1014 14:18:41.596464  7609 work_detect.cpp:120] Succeeded to add det end for frame 59
I1014 14:18:41.596482  7609 work_thread.hpp:81]  [T-Work-Detect_0] Run work: WrokTrack
I1014 14:18:41.596504  7609 work_track.cpp:82] Frame: 59 build input_characts: [0.273438 x 0.630556 from (0.409375, 0.355556)], 1.00035, 0
I1014 14:18:41.596560  7609 work_track.cpp:102] Succeeded to set track lock for frame 59
I1014 14:18:41.596601  7609 work_track.cpp:116] Succeeded to release track lock for frame 59
I1014 14:18:41.596616  7609 work_track.cpp:120] Track results of frame 59: 1 objects input, 1 objects tracked!
I1014 14:18:41.596632  7609 work_track.cpp:148] Frame: 59, track bbox: [175 x 227 from (261.913, 127.996)], gid: 0, lid: 0
I1014 14:18:41.596668  7609 work_thread.hpp:87]  [T-Work-Detect_0] Frame :59 split
I1014 14:18:41.596685  7609 work_thread.hpp:119]  [T-Work-Detect_0] Valid piece: gid = 0
I1014 14:18:41.596704  7609 work_thread.hpp:91]  [T-Work-Detect_0] Push to split queue:recog
I1014 14:18:41.596755  7610 work_thread.hpp:81]  [T-Work-Recog_0] Run work: WorkCapture
I1014 14:18:41.597062  7612 thread_intergrate.hpp:78] [T-Intergrate-intergrate] queue: frame output frame :59
I1014 14:18:41.597091  7612 thread_intergrate.hpp:85] [T-Intergrate-intergrate] queue: compare output face:0
I1014 14:18:41.597120  7612 thread_intergrate.hpp:137] T-Intergrate-intergrate set matched face: 0
I1014 14:18:41.597324  7610 work_thread.hpp:81]  [T-Work-Recog_0] Run work: WorkRecog
I1014 14:18:41.597347  7610 work_recog.hpp:89] Face id: 0 will run recog: bbox [175 x 227 from (262, 128)] quality: 0.486017
I1014 14:18:41.597375  7610 work_recog.hpp:96] Recog pair: [248 x 280 from (224, 80)], [175 x 227 from (38, 48)]
I1014 14:18:41.598948  7612 thread_intergrate.hpp:157] T-Intergrate-intergrate Show face :0, size :640 * 360
I1014 14:18:41.599593  7608 demo_inner.hpp:435] thread [SORT-0]  frame id 59 sorting queue size 0   FPS: 20.0391
I1014 14:18:41.614991  7610 work_thread.hpp:81]  [T-Work-Recog_0] Run work: WorkCompare
I1014 14:18:41.615440  7610 work_compare.cpp:76] Compare face: 0 successed, similarity :0.994517, name : images/ThangLMb.jpg, normal size : 1548 * 1719!
I1014 14:18:41.643358  7606 demo_inner.hpp:177] decode queue size 0
I1014 14:18:41.643465  7609 work_thread.hpp:81]  [T-Work-Detect_0] Run work: WorkDetect
I1014 14:18:41.643498  7609 work_detect.cpp:102] Succeeded to add det start for frame 60
I1014 14:18:41.650200  7609 work_detect.cpp:70] Frame :60 detect result :1 face(s)
I1014 14:18:41.650244  7609 work_detect.cpp:86] Detected bbox: [172 x 225 from (264, 132)]
I1014 14:18:41.650286  7609 work_detect.cpp:120] Succeeded to add det end for frame 60
I1014 14:18:41.650302  7609 work_thread.hpp:81]  [T-Work-Detect_0] Run work: WrokTrack
I1014 14:18:41.650326  7609 work_track.cpp:82] Frame: 60 build input_characts: [0.26875 x 0.625 from (0.4125, 0.366667)], 0.997488, 0
I1014 14:18:41.650382  7609 work_track.cpp:102] Succeeded to set track lock for frame 60
I1014 14:18:41.650421  7609 work_track.cpp:116] Succeeded to release track lock for frame 60
I1014 14:18:41.650435  7609 work_track.cpp:120] Track results of frame 60: 1 objects input, 1 objects tracked!
I1014 14:18:41.650452  7609 work_track.cpp:148] Frame: 60, track bbox: [172 x 225 from (263.096, 130.279)], gid: 0, lid: 0
I1014 14:18:41.650490  7609 work_thread.hpp:87]  [T-Work-Detect_0] Frame :60 split
I1014 14:18:41.650506  7609 work_thread.hpp:119]  [T-Work-Detect_0] Valid piece: gid = 0
I1014 14:18:41.650524  7609 work_thread.hpp:91]  [T-Work-Detect_0] Push to split queue:recog
I1014 14:18:41.650568  7610 work_thread.hpp:81]  [T-Work-Recog_0] Run work: WorkCapture
I1014 14:18:41.650945  7612 thread_intergrate.hpp:78] [T-Intergrate-intergrate] queue: frame output frame :60
I1014 14:18:41.650974  7612 thread_intergrate.hpp:85] [T-Intergrate-intergrate] queue: compare output face:0
I1014 14:18:41.651021  7612 thread_intergrate.hpp:137] T-Intergrate-intergrate set matched face: 0
I1014 14:18:41.651186  7610 work_thread.hpp:81]  [T-Work-Recog_0] Run work: WorkRecog
I1014 14:18:41.651209  7610 work_recog.hpp:89] Face id: 0 will run recog: bbox [172 x 225 from (264, 132)] quality: 0.471875
I1014 14:18:41.651237  7610 work_recog.hpp:96] Recog pair: [248 x 280 from (224, 80)], [172 x 225 from (40, 52)]
I1014 14:18:41.653112  7612 thread_intergrate.hpp:157] T-Intergrate-intergrate Show face :0, size :640 * 360
I1014 14:18:41.653765  7608 demo_inner.hpp:435] thread [SORT-0]  frame id 60 sorting queue size 1   FPS: 19.9708
I1014 14:18:41.669031  7610 work_thread.hpp:81]  [T-Work-Recog_0] Run work: WorkCompare
I1014 14:18:41.669481  7610 work_compare.cpp:76] Compare face: 0 successed, similarity :0.994325, name : images/ThangLMb.jpg, normal size : 1548 * 1719!
I1014 14:18:41.679641  7607 demo_inner.hpp:260]  gui queue size 1, state = running
I1014 14:18:41.691579  7606 demo_inner.hpp:177] decode queue size 0
I1014 14:18:41.691678  7609 work_thread.hpp:81]  [T-Work-Detect_0] Run work: WorkDetect
I1014 14:18:41.691715  7609 work_detect.cpp:102] Succeeded to add det start for frame 61
I1014 14:18:41.698449  7609 work_detect.cpp:70] Frame :61 detect result :1 face(s)
I1014 14:18:41.698494  7609 work_detect.cpp:86] Detected bbox: [173 x 225 from (263, 129)]
I1014 14:18:41.698536  7609 work_detect.cpp:120] Succeeded to add det end for frame 61
I1014 14:18:41.698554  7609 work_thread.hpp:81]  [T-Work-Detect_0] Run work: WrokTrack
I1014 14:18:41.698578  7609 work_track.cpp:82] Frame: 61 build input_characts: [0.270312 x 0.625 from (0.410937, 0.358333)], 1.00035, 0
I1014 14:18:41.698632  7609 work_track.cpp:102] Succeeded to set track lock for frame 61
I1014 14:18:41.698673  7609 work_track.cpp:116] Succeeded to release track lock for frame 61
I1014 14:18:41.698686  7609 work_track.cpp:120] Track results of frame 61: 1 objects input, 1 objects tracked!
