I1014 16:40:23.412720 10248 work_thread.hpp:102]  [T-Work-Recog_0] Try to push queue compare again 8 vs 8
I1014 16:40:23.412843 10249 work_thread.hpp:102]  [T-Work-Recog_1] Try to push queue compare again 8 vs 8
I1014 16:40:23.413285 10247 work_thread.hpp:102]  [T-Work-Detect_0] Try to push queue frame again 8 vs 8
I1014 16:40:23.422835 10248 work_thread.hpp:102]  [T-Work-Recog_0] Try to push queue compare again 8 vs 8
I1014 16:40:23.422932 10249 work_thread.hpp:102]  [T-Work-Recog_1] Try to push queue compare again 8 vs 8
I1014 16:40:23.423365 10247 work_thread.hpp:102]  [T-Work-Detect_0] Try to push queue frame again 8 vs 8
I1014 16:40:23.432938 10248 work_thread.hpp:102]  [T-Work-Recog_0] Try to push queue compare again 8 vs 8
I1014 16:40:23.433023 10249 work_thread.hpp:102]  [T-Work-Recog_1] Try to push queue compare again 8 vs 8
I1014 16:40:23.433446 10247 work_thread.hpp:102]  [T-Work-Detect_0] Try to push queue frame again 8 vs 8
I1014 16:40:23.438422 10244 demo_inner.hpp:177] decode queue size 1
I1014 16:40:23.443054 10248 work_thread.hpp:102]  [T-Work-Recog_0] Try to push queue compare again 8 vs 8
I1014 16:40:23.443116 10249 work_thread.hpp:102]  [T-Work-Recog_1] Try to push queue compare again 8 vs 8
I1014 16:40:23.443528 10247 work_thread.hpp:102]  [T-Work-Detect_0] Try to push queue frame again 8 vs 8
I1014 16:40:23.453147 10248 work_thread.hpp:102]  [T-Work-Recog_0] Try to push queue compare again 8 vs 8
I1014 16:40:23.453251 10249 work_thread.hpp:102]  [T-Work-Recog_1] Try to push queue compare again 8 vs 8
I1014 16:40:23.453606 10247 work_thread.hpp:102]  [T-Work-Detect_0] Try to push queue frame again 8 vs 8
I1014 16:40:23.463233 10248 work_thread.hpp:102]  [T-Work-Recog_0] Try to push queue compare again 8 vs 8
I1014 16:40:23.463359 10249 work_thread.hpp:102]  [T-Work-Recog_1] Try to push queue compare again 8 vs 8
I1014 16:40:23.463686 10247 work_thread.hpp:102]  [T-Work-Detect_0] Try to push queue frame again 8 vs 8
I1014 16:40:23.473340 10248 work_thread.hpp:102]  [T-Work-Recog_0] Try to push queue compare again 8 vs 8
I1014 16:40:23.473582 10249 work_thread.hpp:102]  [T-Work-Recog_1] Try to push queue compare again 8 vs 8
I1014 16:40:23.473767 10247 work_thread.hpp:102]  [T-Work-Detect_0] Try to push queue frame again 8 vs 8
I1014 16:40:23.474341 10244 demo_inner.hpp:177] decode queue size 1
I1014 16:40:23.483456 10248 work_thread.hpp:102]  [T-Work-Recog_0] Try to push queue compare again 8 vs 8
I1014 16:40:23.483703 10249 work_thread.hpp:102]  [T-Work-Recog_1] Try to push queue compare again 8 vs 8
I1014 16:40:23.483848 10247 work_thread.hpp:102]  [T-Work-Detect_0] Try to push queue frame again 8 vs 8
I1014 16:40:23.493548 10248 work_thread.hpp:102]  [T-Work-Recog_0] Try to push queue compare again 8 vs 8
I1014 16:40:23.493821 10249 work_thread.hpp:102]  [T-Work-Recog_1] Try to push queue compare again 8 vs 8
I1014 16:40:23.493927 10247 work_thread.hpp:102]  [T-Work-Detect_0] Try to push queue frame again 8 vs 8
I1014 16:40:23.503652 10248 work_thread.hpp:102]  [T-Work-Recog_0] Try to push queue compare again 8 vs 8
I1014 16:40:23.503947 10249 work_thread.hpp:102]  [T-Work-Recog_1] Try to push queue compare again 8 vs 8
I1014 16:40:23.504009 10247 work_thread.hpp:102]  [T-Work-Detect_0] Try to push queue frame again 8 vs 8
I1014 16:40:23.504448 10244 demo_inner.hpp:177] decode queue size 1
I1014 16:40:23.513765 10248 work_thread.hpp:102]  [T-Work-Recog_0] Try to push queue compare again 8 vs 8
I1014 16:40:23.514034 10249 work_thread.hpp:102]  [T-Work-Recog_1] Try to push queue compare again 8 vs 8
I1014 16:40:23.514089 10247 work_thread.hpp:102]  [T-Work-Detect_0] Try to push queue frame again 8 vs 8
I1014 16:40:23.523852 10248 work_thread.hpp:102]  [T-Work-Recog_0] Try to push queue compare again 8 vs 8
I1014 16:40:23.524204 10249 work_thread.hpp:102]  [T-Work-Recog_1] Try to push queue compare again 8 vs 8
I1014 16:40:23.524207 10247 work_thread.hpp:102]  [T-Work-Detect_0] Try to push queue frame again 8 vs 8
I1014 16:40:23.533942 10248 work_thread.hpp:102]  [T-Work-Recog_0] Try to push queue compare again 8 vs 8
I1014 16:40:23.534298 10247 work_thread.hpp:102]  [T-Work-Detect_0] Try to push queue frame again 8 vs 8
I1014 16:40:23.534330 10249 work_thread.hpp:102]  [T-Work-Recog_1] Try to push queue compare again 8 vs 8
I1014 16:40:23.540374 10244 demo_inner.hpp:177] decode queue size 1
I1014 16:40:23.544037 10248 work_thread.hpp:102]  [T-Work-Recog_0] Try to push queue compare again 8 vs 8
I1014 16:40:23.544378 10247 work_thread.hpp:102]  [T-Work-Detect_0] Try to push queue frame again 8 vs 8
I1014 16:40:23.544420 10249 work_thread.hpp:102]  [T-Work-Recog_1] Try to push queue compare again 8 vs 8
I1014 16:40:23.554124 10248 work_thread.hpp:102]  [T-Work-Recog_0] Try to push queue compare again 8 vs 8
I1014 16:40:23.554457 10247 work_thread.hpp:102]  [T-Work-Detect_0] Try to push queue frame again 8 vs 8
I1014 16:40:23.554589 10249 work_thread.hpp:102]  [T-Work-Recog_1] Try to push queue compare again 8 vs 8
I1014 16:40:23.564218 10248 work_thread.hpp:102]  [T-Work-Recog_0] Try to push queue compare again 8 vs 8
I1014 16:40:23.564538 10247 work_thread.hpp:102]  [T-Work-Detect_0] Try to push queue frame again 8 vs 8
I1014 16:40:23.564677 10249 work_thread.hpp:102]  [T-Work-Recog_1] Try to push queue compare again 8 vs 8
I1014 16:40:23.570446 10244 demo_inner.hpp:177] decode queue size 1
I1014 16:40:23.574319 10248 work_thread.hpp:102]  [T-Work-Recog_0] Try to push queue compare again 8 vs 8
I1014 16:40:23.574620 10247 work_thread.hpp:102]  [T-Work-Detect_0] Try to push queue frame again 8 vs 8
I1014 16:40:23.574767 10249 work_thread.hpp:102]  [T-Work-Recog_1] Try to push queue compare again 8 vs 8
I1014 16:40:23.584404 10248 work_thread.hpp:102]  [T-Work-Recog_0] Try to push queue compare again 8 vs 8
I1014 16:40:23.584698 10247 work_thread.hpp:102]  [T-Work-Detect_0] Try to push queue frame again 8 vs 8
I1014 16:40:23.584853 10249 work_thread.hpp:102]  [T-Work-Recog_1] Try to push queue compare again 8 vs 8
I1014 16:40:23.594488 10248 work_thread.hpp:102]  [T-Work-Recog_0] Try to push queue compare again 8 vs 8
I1014 16:40:23.594776 10247 work_thread.hpp:102]  [T-Work-Detect_0] Try to push queue frame again 8 vs 8
I1014 16:40:23.594938 10249 work_thread.hpp:102]  [T-Work-Recog_1] Try to push queue compare again 8 vs 8
I1014 16:40:23.600109 10250 thread_intergrate.hpp:224] T-Intergrate-intergrate Show face :0, size :640 * 360
I1014 16:40:23.600301 10250 thread_intergrate.hpp:83] [T-Intergrate-intergrate] queue: frame output frame :71
I1014 16:40:23.600323 10247 work_thread.hpp:81]  [T-Work-Detect_0] Run work: WorkDetect
I1014 16:40:23.600328 10250 thread_intergrate.hpp:90] [T-Intergrate-intergrate] queue: compare output face:0
I1014 16:40:23.600348 10250 thread_intergrate.hpp:149] T-Intergrate-intergrate set matched face: 0
I1014 16:40:23.600349 10247 work_detect.cpp:102] Succeeded to add det start for frame 80
I1014 16:40:23.600631 10246 demo_inner.hpp:435] thread [SORT-0]  frame id 70 sorting queue size 0   FPS: 14.5168
I1014 16:40:23.600713 10245 demo_inner.hpp:260]  gui queue size 0, state = running
I1014 16:40:23.602437 10250 thread_intergrate.hpp:224] T-Intergrate-intergrate Show face :0, size :640 * 360
I1014 16:40:23.602651 10250 thread_intergrate.hpp:83] [T-Intergrate-intergrate] queue: frame output frame :72
I1014 16:40:23.602681 10250 thread_intergrate.hpp:90] [T-Intergrate-intergrate] queue: compare output face:0
I1014 16:40:23.602700 10250 thread_intergrate.hpp:149] T-Intergrate-intergrate set matched face: 0
I1014 16:40:23.605024 10250 thread_intergrate.hpp:224] T-Intergrate-intergrate Show face :0, size :640 * 360
I1014 16:40:23.605372 10250 thread_intergrate.hpp:83] [T-Intergrate-intergrate] queue: frame output frame :73
I1014 16:40:23.605401 10250 thread_intergrate.hpp:90] [T-Intergrate-intergrate] queue: compare output face:0
I1014 16:40:23.605418 10250 thread_intergrate.hpp:149] T-Intergrate-intergrate set matched face: 0
I1014 16:40:23.605739 10246 demo_inner.hpp:435] thread [SORT-0]  frame id 71 sorting queue size 0   FPS: 14.4988
I1014 16:40:23.606124 10246 demo_inner.hpp:435] thread [SORT-0]  frame id 72 sorting queue size 1   FPS: 14.5108
I1014 16:40:23.606189 10245 demo_inner.hpp:260]  gui queue size 1, state = running
I1014 16:40:23.606704 10244 demo_inner.hpp:177] decode queue size 0
I1014 16:40:23.607226 10247 work_detect.cpp:70] Frame :80 detect result :1 face(s)
I1014 16:40:23.607249 10247 work_detect.cpp:86] Detected bbox: [152 x 204 from (210, 72)]
I1014 16:40:23.607291 10247 work_detect.cpp:120] Succeeded to add det end for frame 80
I1014 16:40:23.607308 10247 work_thread.hpp:81]  [T-Work-Detect_0] Run work: WrokTrack
I1014 16:40:23.607331 10247 work_track.cpp:82] Frame: 80 build input_characts: [0.2375 x 0.566667 from (0.328125, 0.2)], 1.00019, 0
I1014 16:40:23.607386 10247 work_track.cpp:102] Succeeded to set track lock for frame 80
I1014 16:40:23.607429 10247 work_track.cpp:116] Succeeded to release track lock for frame 80
I1014 16:40:23.607445 10247 work_track.cpp:120] Track results of frame 80: 1 objects input, 1 objects tracked!
I1014 16:40:23.607461 10247 work_track.cpp:148] Frame: 80, track bbox: [152 x 204 from (210.902, 72.6172)], gid: 0, lid: 0
I1014 16:40:23.607497 10247 work_thread.hpp:87]  [T-Work-Detect_0] Frame :80 split
I1014 16:40:23.607514 10247 work_thread.hpp:120]  [T-Work-Detect_0] Valid piece: gid = 0
I1014 16:40:23.607532 10247 work_thread.hpp:91]  [T-Work-Detect_0] Push to split queue:recog
I1014 16:40:23.607578 10247 work_thread.hpp:81]  [T-Work-Detect_0] Run work: WorkDetect
I1014 16:40:23.607590 10248 work_thread.hpp:81]  [T-Work-Recog_0] Run work: WorkCapture
I1014 16:40:23.607597 10247 work_detect.cpp:102] Succeeded to add det start for frame 81
I1014 16:40:23.608242 10248 work_thread.hpp:81]  [T-Work-Recog_0] Run work: WorkRecog
I1014 16:40:23.608268 10248 work_recog.hpp:89] Face id: 0 will run recog: bbox [152 x 204 from (210, 72)] quality: 0.473097
I1014 16:40:23.608299 10248 work_recog.hpp:96] Recog pair: [216 x 288 from (176, 32)], [152 x 204 from (34, 40)]
I1014 16:40:23.609617 10250 thread_intergrate.hpp:224] T-Intergrate-intergrate Show face :0, size :640 * 360
I1014 16:40:23.609943 10250 thread_intergrate.hpp:83] [T-Intergrate-intergrate] queue: frame output frame :74
I1014 16:40:23.609972 10250 thread_intergrate.hpp:90] [T-Intergrate-intergrate] queue: compare output face:0
I1014 16:40:23.609992 10250 thread_intergrate.hpp:149] T-Intergrate-intergrate set matched face: 0
I1014 16:40:23.610373 10246 demo_inner.hpp:435] thread [SORT-0]  frame id 73 sorting queue size 0   FPS: 14.5048
I1014 16:40:23.612661 10245 demo_inner.hpp:260]  gui queue size 0, state = running
I1014 16:40:23.614893 10247 work_detect.cpp:70] Frame :81 detect result :1 face(s)
I1014 16:40:23.614964 10247 work_detect.cpp:86] Detected bbox: [152 x 206 from (210, 72)]
I1014 16:40:23.615012 10247 work_detect.cpp:120] Succeeded to add det end for frame 81
I1014 16:40:23.615028 10247 work_thread.hpp:81]  [T-Work-Detect_0] Run work: WrokTrack
I1014 16:40:23.615053 10247 work_track.cpp:82] Frame: 81 build input_characts: [0.2375 x 0.572222 from (0.328125, 0.2)], 0.999622, 0
I1014 16:40:23.615115 10247 work_track.cpp:102] Succeeded to set track lock for frame 81
I1014 16:40:23.615172 10247 work_track.cpp:116] Succeeded to release track lock for frame 81
I1014 16:40:23.615188 10247 work_track.cpp:120] Track results of frame 81: 1 objects input, 1 objects tracked!
I1014 16:40:23.615206 10247 work_track.cpp:148] Frame: 81, track bbox: [152 x 206 from (209.77, 71.7374)], gid: 0, lid: 0
I1014 16:40:23.615242 10247 work_thread.hpp:87]  [T-Work-Detect_0] Frame :81 split
I1014 16:40:23.615361 10247 work_thread.hpp:120]  [T-Work-Detect_0] Valid piece: gid = 0
I1014 16:40:23.615382 10247 work_thread.hpp:91]  [T-Work-Detect_0] Push to split queue:recog
I1014 16:40:23.615473 10249 work_thread.hpp:81]  [T-Work-Recog_1] Run work: WorkCapture
I1014 16:40:23.616207 10249 work_thread.hpp:81]  [T-Work-Recog_1] Run work: WorkRecog
I1014 16:40:23.616235 10249 work_recog.hpp:89] Face id: 0 will run recog: bbox [152 x 206 from (210, 72)] quality: 0.436685
I1014 16:40:23.616269 10249 work_recog.hpp:96] Recog pair: [216 x 296 from (176, 24)], [152 x 206 from (34, 48)]
I1014 16:40:23.622968 10250 thread_intergrate.hpp:224] T-Intergrate-intergrate Show face :0, size :640 * 360
I1014 16:40:23.623235 10250 thread_intergrate.hpp:83] [T-Intergrate-intergrate] queue: frame output frame :75
I1014 16:40:23.623262 10250 thread_intergrate.hpp:90] [T-Intergrate-intergrate] queue: compare output face:0
I1014 16:40:23.623281 10250 thread_intergrate.hpp:149] T-Intergrate-intergrate set matched face: 0
I1014 16:40:23.623625 10246 demo_inner.hpp:435] thread [SORT-0]  frame id 74 sorting queue size 0   FPS: 14.4509
I1014 16:40:23.623800 10245 demo_inner.hpp:260]  gui queue size 0, state = running
I1014 16:40:23.629398 10248 work_thread.hpp:81]  [T-Work-Recog_0] Run work: WorkCompare
I1014 16:40:23.629911 10248 work_compare.cpp:76] Compare face: 0 successed, similarity :0.997717, name : images/ThangLMb.jpg, normal size : 1548 * 1719!
I1014 16:40:23.635710 10249 work_thread.hpp:81]  [T-Work-Recog_1] Run work: WorkCompare
I1014 16:40:23.636183 10249 work_compare.cpp:76] Compare face: 0 successed, similarity :0.997294, name : images/ThangLMb.jpg, normal size : 1548 * 1719!
I1014 16:40:23.642876 10244 demo_inner.hpp:177] decode queue size 0
I1014 16:40:23.642982 10247 work_thread.hpp:81]  [T-Work-Detect_0] Run work: WorkDetect
I1014 16:40:23.643023 10247 work_detect.cpp:102] Succeeded to add det start for frame 82
I1014 16:40:23.649626 10247 work_detect.cpp:70] Frame :82 detect result :1 face(s)
I1014 16:40:23.649668 10247 work_detect.cpp:86] Detected bbox: [149 x 202 from (212, 73)]
I1014 16:40:23.649711 10247 work_detect.cpp:120] Succeeded to add det end for frame 82
I1014 16:40:23.649727 10247 work_thread.hpp:81]  [T-Work-Detect_0] Run work: WrokTrack
I1014 16:40:23.649751 10247 work_track.cpp:82] Frame: 82 build input_characts: [0.232812 x 0.561111 from (0.33125, 0.202778)], 0.999622, 0
I1014 16:40:23.649807 10247 work_track.cpp:102] Succeeded to set track lock for frame 82
I1014 16:40:23.649847 10247 work_track.cpp:116] Succeeded to release track lock for frame 82
I1014 16:40:23.649861 10247 work_track.cpp:120] Track results of frame 82: 1 objects input, 1 objects tracked!
I1014 16:40:23.649879 10247 work_track.cpp:148] Frame: 82, track bbox: [149 x 202 from (211.714, 73.5443)], gid: 0, lid: 0
I1014 16:40:23.649915 10247 work_thread.hpp:87]  [T-Work-Detect_0] Frame :82 split
I1014 16:40:23.649932 10247 work_thread.hpp:120]  [T-Work-Detect_0] Valid piece: gid = 0
I1014 16:40:23.649950 10247 work_thread.hpp:91]  [T-Work-Detect_0] Push to split queue:recog
I1014 16:40:23.649994 10248 work_thread.hpp:81]  [T-Work-Recog_0] Run work: WorkCapture
I1014 16:40:23.650584 10248 work_thread.hpp:81]  [T-Work-Recog_0] Run work: WorkRecog
I1014 16:40:23.650609 10248 work_recog.hpp:89] Face id: 0 will run recog: bbox [149 x 202 from (212, 73)] quality: 0.436685
I1014 16:40:23.650635 10248 work_recog.hpp:96] Recog pair: [216 x 288 from (176, 32)], [149 x 202 from (36, 41)]
I1014 16:40:23.668236 10248 work_thread.hpp:81]  [T-Work-Recog_0] Run work: WorkCompare
I1014 16:40:23.668692 10248 work_compare.cpp:76] Compare face: 0 successed, similarity :0.996193, name : images/ThangLMb.jpg, normal size : 1548 * 1719!
I1014 16:40:23.672622 10244 demo_inner.hpp:177] decode queue size 0
I1014 16:40:23.672698 10247 work_thread.hpp:81]  [T-Work-Detect_0] Run work: WorkDetect
I1014 16:40:23.672727 10247 work_detect.cpp:102] Succeeded to add det start for frame 83
I1014 16:40:23.679318 10247 work_detect.cpp:70] Frame :83 detect result :1 face(s)
I1014 16:40:23.679435 10247 work_detect.cpp:86] Detected bbox: [151 x 203 from (211, 72)]
I1014 16:40:23.679481 10247 work_detect.cpp:120] Succeeded to add det end for frame 83
I1014 16:40:23.679497 10247 work_thread.hpp:81]  [T-Work-Detect_0] Run work: WrokTrack
I1014 16:40:23.679520 10247 work_track.cpp:82] Frame: 83 build input_characts: [0.235938 x 0.563889 from (0.329688, 0.2)], 1.00019, 0
I1014 16:40:23.679572 10247 work_track.cpp:102] Succeeded to set track lock for frame 83
I1014 16:40:23.679612 10247 work_track.cpp:116] Succeeded to release track lock for frame 83
I1014 16:40:23.679626 10247 work_track.cpp:120] Track results of frame 83: 1 objects input, 1 objects tracked!
I1014 16:40:23.679643 10247 work_track.cpp:148] Frame: 83, track bbox: [151 x 203 from (211.073, 72.7237)], gid: 0, lid: 0
I1014 16:40:23.679679 10247 work_thread.hpp:87]  [T-Work-Detect_0] Frame :83 split
I1014 16:40:23.679697 10247 work_thread.hpp:120]  [T-Work-Detect_0] Valid piece: gid = 0
I1014 16:40:23.679714 10247 work_thread.hpp:91]  [T-Work-Detect_0] Push to split queue:recog
I1014 16:40:23.679759 10249 work_thread.hpp:81]  [T-Work-Recog_1] Run work: WorkCapture
I1014 16:40:23.680295 10249 work_thread.hpp:81]  [T-Work-Recog_1] Run work: WorkRecog
I1014 16:40:23.680318 10249 work_recog.hpp:89] Face id: 0 will run recog: bbox [151 x 203 from (211, 72)] quality: 0.44611
I1014 16:40:23.680344 10249 work_recog.hpp:96] Recog pair: [216 x 288 from (176, 32)], [151 x 203 from (35, 40)]
I1014 16:40:23.697690 10249 work_thread.hpp:81]  [T-Work-Recog_1] Run work: WorkCompare
I1014 16:40:23.698145 10249 work_compare.cpp:76] Compare face: 0 successed, similarity :0.997189, name : images/ThangLMb.jpg, normal size : 1548 * 1719!
I1014 16:40:23.708276 10249 work_thread.hpp:102]  [T-Work-Recog_1] Try to push queue compare again 8 vs 8
I1014 16:40:23.708381 10244 demo_inner.hpp:177] decode queue size 0
I1014 16:40:23.708453 10247 work_thread.hpp:81]  [T-Work-Detect_0] Run work: WorkDetect
I1014 16:40:23.708482 10247 work_detect.cpp:102] Succeeded to add det start for frame 84
I1014 16:40:23.715013 10247 work_detect.cpp:70] Frame :84 detect result :1 face(s)
I1014 16:40:23.715051 10247 work_detect.cpp:86] Detected bbox: [148 x 200 from (213, 75)]
I1014 16:40:23.715095 10247 work_detect.cpp:120] Succeeded to add det end for frame 84
I1014 16:40:23.715111 10247 work_thread.hpp:81]  [T-Work-Detect_0] Run work: WrokTrack
I1014 16:40:23.715134 10247 work_track.cpp:82] Frame: 84 build input_characts: [0.23125 x 0.555556 from (0.332812, 0.208333)], 1.00019, 0
I1014 16:40:23.715188 10247 work_track.cpp:102] Succeeded to set track lock for frame 84
I1014 16:40:23.715229 10247 work_track.cpp:116] Succeeded to release track lock for frame 84
I1014 16:40:23.715243 10247 work_track.cpp:120] Track results of frame 84: 1 objects input, 1 objects tracked!
I1014 16:40:23.715260 10247 work_track.cpp:148] Frame: 84, track bbox: [148 x 200 from (212.922, 74.2303)], gid: 0, lid: 0
I1014 16:40:23.715296 10247 work_thread.hpp:87]  [T-Work-Detect_0] Frame :84 split
I1014 16:40:23.715313 10247 work_thread.hpp:120]  [T-Work-Detect_0] Valid piece: gid = 0
I1014 16:40:23.715330 10247 work_thread.hpp:91]  [T-Work-Detect_0] Push to split queue:recog
I1014 16:40:23.715378 10248 work_thread.hpp:81]  [T-Work-Recog_0] Run work: WorkCapture
I1014 16:40:23.715917 10248 work_thread.hpp:81]  [T-Work-Recog_0] Run work: WorkRecog
I1014 16:40:23.715941 10248 work_recog.hpp:89] Face id: 0 will run recog: bbox [148 x 200 from (213, 75)] quality: 0.452054
I1014 16:40:23.715968 10248 work_recog.hpp:96] Recog pair: [208 x 288 from (184, 32)], [148 x 200 from (29, 43)]
I1014 16:40:23.718417 10249 work_thread.hpp:102]  [T-Work-Recog_1] Try to push queue compare again 8 vs 8
I1014 16:40:23.725497 10247 work_thread.hpp:102]  [T-Work-Detect_0] Try to push queue frame again 8 vs 8
I1014 16:40:23.728511 10249 work_thread.hpp:102]  [T-Work-Recog_1] Try to push queue compare again 8 vs 8
I1014 16:40:23.733436 10248 work_thread.hpp:81]  [T-Work-Recog_0] Run work: WorkCompare
I1014 16:40:23.733880 10248 work_compare.cpp:76] Compare face: 0 successed, similarity :0.997024, name : images/ThangLMb.jpg, normal size : 1548 * 1719!
I1014 16:40:23.735625 10247 work_thread.hpp:102]  [T-Work-Detect_0] Try to push queue frame again 8 vs 8
I1014 16:40:23.738610 10249 work_thread.hpp:102]  [T-Work-Recog_1] Try to push queue compare again 8 vs 8
I1014 16:40:23.738684 10244 demo_inner.hpp:177] decode queue size 0
I1014 16:40:23.744068 10248 work_thread.hpp:102]  [T-Work-Recog_0] Try to push queue compare again 8 vs 8
I1014 16:40:23.745718 10247 work_thread.hpp:102]  [T-Work-Detect_0] Try to push queue frame again 8 vs 8
I1014 16:40:23.748708 10249 work_thread.hpp:102]  [T-Work-Recog_1] Try to push queue compare again 8 vs 8
I1014 16:40:23.754153 10248 work_thread.hpp:102]  [T-Work-Recog_0] Try to push queue compare again 8 vs 8
I1014 16:40:23.755806 10247 work_thread.hpp:102]  [T-Work-Detect_0] Try to push queue frame again 8 vs 8
I1014 16:40:23.758793 10249 work_thread.hpp:102]  [T-Work-Recog_1] Try to push queue compare again 8 vs 8
I1014 16:40:23.764236 10248 work_thread.hpp:102]  [T-Work-Recog_0] Try to push queue compare again 8 vs 8
I1014 16:40:23.765898 10247 work_thread.hpp:102]  [T-Work-Detect_0] Try to push queue frame again 8 vs 8
I1014 16:40:23.768882 10249 work_thread.hpp:102]  [T-Work-Recog_1] Try to push queue compare again 8 vs 8
I1014 16:40:23.774333 10248 work_thread.hpp:102]  [T-Work-Recog_0] Try to push queue compare again 8 vs 8
I1014 16:40:23.774391 10244 demo_inner.hpp:177] decode queue size 1
I1014 16:40:23.775993 10247 work_thread.hpp:102]  [T-Work-Detect_0] Try to push queue frame again 8 vs 8
I1014 16:40:23.778970 10249 work_thread.hpp:102]  [T-Work-Recog_1] Try to push queue compare again 8 vs 8
I1014 16:40:23.784438 10248 work_thread.hpp:102]  [T-Work-Recog_0] Try to push queue compare again 8 vs 8
I1014 16:40:23.786080 10247 work_thread.hpp:102]  [T-Work-Detect_0] Try to push queue frame again 8 vs 8
I1014 16:40:23.789057 10249 work_thread.hpp:102]  [T-Work-Recog_1] Try to push queue compare again 8 vs 8
I1014 16:40:23.794519 10248 work_thread.hpp:102]  [T-Work-Recog_0] Try to push queue compare again 8 vs 8
I1014 16:40:23.796180 10247 work_thread.hpp:102]  [T-Work-Detect_0] Try to push queue frame again 8 vs 8
I1014 16:40:23.799147 10249 work_thread.hpp:102]  [T-Work-Recog_1] Try to push queue compare again 8 vs 8
I1014 16:40:23.804502 10244 demo_inner.hpp:177] decode queue size 1
I1014 16:40:23.804612 10248 work_thread.hpp:102]  [T-Work-Recog_0] Try to push queue compare again 8 vs 8
I1014 16:40:23.806272 10247 work_thread.hpp:102]  [T-Work-Detect_0] Try to push queue frame again 8 vs 8
I1014 16:40:23.809238 10249 work_thread.hpp:102]  [T-Work-Recog_1] Try to push queue compare again 8 vs 8
I1014 16:40:23.814699 10248 work_thread.hpp:102]  [T-Work-Recog_0] Try to push queue compare again 8 vs 8
I1014 16:40:23.816359 10247 work_thread.hpp:102]  [T-Work-Detect_0] Try to push queue frame again 8 vs 8
I1014 16:40:23.819325 10249 work_thread.hpp:102]  [T-Work-Recog_1] Try to push queue compare again 8 vs 8
I1014 16:40:23.824782 10248 work_thread.hpp:102]  [T-Work-Recog_0] Try to push queue compare again 8 vs 8
I1014 16:40:23.826444 10247 work_thread.hpp:102]  [T-Work-Detect_0] Try to push queue frame again 8 vs 8
I1014 16:40:23.829411 10249 work_thread.hpp:102]  [T-Work-Recog_1] Try to push queue compare again 8 vs 8
I1014 16:40:23.834875 10248 work_thread.hpp:102]  [T-Work-Recog_0] Try to push queue compare again 8 vs 8
I1014 16:40:23.836531 10247 work_thread.hpp:102]  [T-Work-Detect_0] Try to push queue frame again 8 vs 8
I1014 16:40:23.839496 10249 work_thread.hpp:102]  [T-Work-Recog_1] Try to push queue compare again 8 vs 8
I1014 16:40:23.840430 10244 demo_inner.hpp:177] decode queue size 1
I1014 16:40:23.844972 10248 work_thread.hpp:102]  [T-Work-Recog_0] Try to push queue compare again 8 vs 8
I1014 16:40:23.846619 10247 work_thread.hpp:102]  [T-Work-Detect_0] Try to push queue frame again 8 vs 8
I1014 16:40:23.849581 10249 work_thread.hpp:102]  [T-Work-Recog_1] Try to push queue compare again 8 vs 8
I1014 16:40:23.855054 10248 work_thread.hpp:102]  [T-Work-Recog_0] Try to push queue compare again 8 vs 8
I1014 16:40:23.856703 10247 work_thread.hpp:102]  [T-Work-Detect_0] Try to push queue frame again 8 vs 8
I1014 16:40:23.859735 10249 work_thread.hpp:102]  [T-Work-Recog_1] Try to push queue compare again 8 vs 8
I1014 16:40:23.865135 10248 work_thread.hpp:102]  [T-Work-Recog_0] Try to push queue compare again 8 vs 8
I1014 16:40:23.866787 10247 work_thread.hpp:102]  [T-Work-Detect_0] Try to push queue frame again 8 vs 8
I1014 16:40:23.869820 10249 work_thread.hpp:102]  [T-Work-Recog_1] Try to push queue compare again 8 vs 8
I1014 16:40:23.875218 10248 work_thread.hpp:102]  [T-Work-Recog_0] Try to push queue compare again 8 vs 8
I1014 16:40:23.876343 10244 demo_inner.hpp:177] decode queue size 1
I1014 16:40:23.876873 10247 work_thread.hpp:102]  [T-Work-Detect_0] Try to push queue frame again 8 vs 8
I1014 16:40:23.879907 10249 work_thread.hpp:102]  [T-Work-Recog_1] Try to push queue compare again 8 vs 8
I1014 16:40:23.885368 10248 work_thread.hpp:102]  [T-Work-Recog_0] Try to push queue compare again 8 vs 8
I1014 16:40:23.886957 10247 work_thread.hpp:102]  [T-Work-Detect_0] Try to push queue frame again 8 vs 8
I1014 16:40:23.889989 10249 work_thread.hpp:102]  [T-Work-Recog_1] Try to push queue compare again 8 vs 8
I1014 16:40:23.895450 10248 work_thread.hpp:102]  [T-Work-Recog_0] Try to push queue compare again 8 vs 8
I1014 16:40:23.897039 10247 work_thread.hpp:102]  [T-Work-Detect_0] Try to push queue frame again 8 vs 8
I1014 16:40:23.900074 10249 work_thread.hpp:102]  [T-Work-Recog_1] Try to push queue compare again 8 vs 8
I1014 16:40:23.905534 10248 work_thread.hpp:102]  [T-Work-Recog_0] Try to push queue compare again 8 vs 8
I1014 16:40:23.906383 10244 demo_inner.hpp:177] decode queue size 1
I1014 16:40:23.907127 10247 work_thread.hpp:102]  [T-Work-Detect_0] Try to push queue frame again 8 vs 8
I1014 16:40:23.910162 10249 work_thread.hpp:102]  [T-Work-Recog_1] Try to push queue compare again 8 vs 8
I1014 16:40:23.915617 10248 work_thread.hpp:102]  [T-Work-Recog_0] Try to push queue compare again 8 vs 8
I1014 16:40:23.917212 10247 work_thread.hpp:102]  [T-Work-Detect_0] Try to push queue frame again 8 vs 8
I1014 16:40:23.920245 10249 work_thread.hpp:102]  [T-Work-Recog_1] Try to push queue compare again 8 vs 8
I1014 16:40:23.921731 10250 thread_intergrate.hpp:224] T-Intergrate-intergrate Show face :0, size :640 * 360
I1014 16:40:23.921903 10250 thread_intergrate.hpp:83] [T-Intergrate-intergrate] queue: frame output frame :76
I1014 16:40:23.921926 10247 work_thread.hpp:81]  [T-Work-Detect_0] Run work: WorkDetect
I1014 16:40:23.921929 10250 thread_intergrate.hpp:90] [T-Intergrate-intergrate] queue: compare output face:0
I1014 16:40:23.921948 10250 thread_intergrate.hpp:149] T-Intergrate-intergrate set matched face: 0
I1014 16:40:23.921954 10247 work_detect.cpp:102] Succeeded to add det start for frame 85
I1014 16:40:23.922344 10246 demo_inner.hpp:435] thread [SORT-0]  frame id 75 sorting queue size 0   FPS: 12.8866
I1014 16:40:23.922430 10245 demo_inner.hpp:260]  gui queue size 0, state = running
I1014 16:40:23.923983 10250 thread_intergrate.hpp:224] T-Intergrate-intergrate Show face :0, size :640 * 360
I1014 16:40:23.924227 10250 thread_intergrate.hpp:83] [T-Intergrate-intergrate] queue: frame output frame :77
I1014 16:40:23.924257 10250 thread_intergrate.hpp:90] [T-Intergrate-intergrate] queue: compare output face:0
I1014 16:40:23.924276 10250 thread_intergrate.hpp:149] T-Intergrate-intergrate set matched face: 0
I1014 16:40:23.924579 10246 demo_inner.hpp:435] thread [SORT-0]  frame id 76 sorting queue size 0   FPS: 12.939
I1014 16:40:23.926419 10250 thread_intergrate.hpp:224] T-Intergrate-intergrate Show face :0, size :640 * 360
I1014 16:40:23.926669 10250 thread_intergrate.hpp:83] [T-Intergrate-intergrate] queue: frame output frame :78
I1014 16:40:23.926695 10250 thread_intergrate.hpp:90] [T-Intergrate-intergrate] queue: compare output face:0
I1014 16:40:23.926713 10250 thread_intergrate.hpp:149] T-Intergrate-intergrate set matched face: 0
I1014 16:40:23.927068 10246 demo_inner.hpp:435] thread [SORT-0]  frame id 77 sorting queue size 1   FPS: 12.9678
I1014 16:40:23.928833 10247 work_detect.cpp:70] Frame :85 detect result :1 face(s)
I1014 16:40:23.928884 10247 work_detect.cpp:86] Detected bbox: [152 x 204 from (210, 72)]
I1014 16:40:23.928928 10247 work_detect.cpp:120] Succeeded to add det end for frame 85
I1014 16:40:23.928944 10247 work_thread.hpp:81]  [T-Work-Detect_0] Run work: WrokTrack
I1014 16:40:23.928967 10247 work_track.cpp:82] Frame: 85 build input_characts: [0.2375 x 0.566667 from (0.328125, 0.2)], 1.00035, 0
I1014 16:40:23.929019 10247 work_track.cpp:102] Succeeded to set track lock for frame 85
I1014 16:40:23.929059 10247 work_track.cpp:116] Succeeded to release track lock for frame 85
I1014 16:40:23.929073 10247 work_track.cpp:120] Track results of frame 85: 1 objects input, 1 objects tracked!
I1014 16:40:23.929091 10247 work_track.cpp:148] Frame: 85, track bbox: [152 x 204 from (210.582, 72.2364)], gid: 0, lid: 0
I1014 16:40:23.929128 10247 work_thread.hpp:87]  [T-Work-Detect_0] Frame :85 split
I1014 16:40:23.929145 10247 work_thread.hpp:120]  [T-Work-Detect_0] Valid piece: gid = 0
I1014 16:40:23.929163 10247 work_thread.hpp:91]  [T-Work-Detect_0] Push to split queue:recog
I1014 16:40:23.929221 10248 work_thread.hpp:81]  [T-Work-Recog_0] Run work: WorkCapture
I1014 16:40:23.929770 10248 work_thread.hpp:81]  [T-Work-Recog_0] Run work: WorkRecog
I1014 16:40:23.929793 10248 work_recog.hpp:89] Face id: 0 will run recog: bbox [152 x 204 from (210, 72)] quality: 0.440919
I1014 16:40:23.929821 10248 work_recog.hpp:96] Recog pair: [216 x 288 from (176, 32)], [152 x 204 from (34, 40)]
I1014 16:40:23.942692 10244 demo_inner.hpp:177] decode queue size 0
I1014 16:40:23.942821 10247 work_thread.hpp:81]  [T-Work-Detect_0] Run work: WorkDetect
I1014 16:40:23.942854 10247 work_detect.cpp:102] Succeeded to add det start for frame 86
I1014 16:40:23.948052 10248 work_thread.hpp:81]  [T-Work-Recog_0] Run work: WorkCompare
I1014 16:40:23.948518 10248 work_compare.cpp:76] Compare face: 0 successed, similarity :0.996911, name : images/ThangLMb.jpg, normal size : 1548 * 1719!
I1014 16:40:23.949779 10247 work_detect.cpp:70] Frame :86 detect result :1 face(s)
I1014 16:40:23.949800 10247 work_detect.cpp:86] Detected bbox: [155 x 204 from (208, 73)]
I1014 16:40:23.949837 10247 work_detect.cpp:120] Succeeded to add det end for frame 86
I1014 16:40:23.949852 10247 work_thread.hpp:81]  [T-Work-Detect_0] Run work: WrokTrack
I1014 16:40:23.949872 10247 work_track.cpp:82] Frame: 86 build input_characts: [0.242188 x 0.566667 from (0.325, 0.202778)], 1.00019, 0
I1014 16:40:23.949910 10247 work_track.cpp:102] Succeeded to set track lock for frame 86
I1014 16:40:23.949950 10247 work_track.cpp:116] Succeeded to release track lock for frame 86
I1014 16:40:23.949965 10247 work_track.cpp:120] Track results of frame 86: 1 objects input, 1 objects tracked!
I1014 16:40:23.949982 10247 work_track.cpp:148] Frame: 86, track bbox: [155 x 204 from (208.515, 72.5368)], gid: 0, lid: 0
I1014 16:40:23.950017 10247 work_thread.hpp:87]  [T-Work-Detect_0] Frame :86 split
I1014 16:40:23.950034 10247 work_thread.hpp:120]  [T-Work-Detect_0] Valid piece: gid = 0
I1014 16:40:23.950052 10247 work_thread.hpp:91]  [T-Work-Detect_0] Push to split queue:recog
I1014 16:40:23.950100 10249 work_thread.hpp:81]  [T-Work-Recog_1] Run work: WorkCapture
I1014 16:40:23.950635 10249 work_thread.hpp:81]  [T-Work-Recog_1] Run work: WorkRecog
I1014 16:40:23.950659 10249 work_recog.hpp:89] Face id: 0 will run recog: bbox [155 x 204 from (208, 73)] quality: 0.464338
I1014 16:40:23.950685 10249 work_recog.hpp:96] Recog pair: [224 x 288 from (176, 32)], [155 x 204 from (32, 41)]
I1014 16:40:23.968014 10249 work_thread.hpp:81]  [T-Work-Recog_1] Run work: WorkCompare
I1014 16:40:23.968479 10249 work_compare.cpp:76] Compare face: 0 successed, similarity :0.996837, name : images/ThangLMb.jpg, normal size : 1548 * 1719!
I1014 16:40:23.972611 10244 demo_inner.hpp:177] decode queue size 0
I1014 16:40:23.972755 10247 work_thread.hpp:81]  [T-Work-Detect_0] Run work: WorkDetect
I1014 16:40:23.972786 10247 work_detect.cpp:102] Succeeded to add det start for frame 87
I1014 16:40:23.978605 10249 work_thread.hpp:102]  [T-Work-Recog_1] Try to push queue compare again 8 vs 8
I1014 16:40:23.979326 10247 work_detect.cpp:70] Frame :87 detect result :1 face(s)
I1014 16:40:23.979344 10247 work_detect.cpp:86] Detected bbox: [154 x 204 from (208, 72)]
I1014 16:40:23.979383 10247 work_detect.cpp:120] Succeeded to add det end for frame 87
I1014 16:40:23.979399 10247 work_thread.hpp:81]  [T-Work-Detect_0] Run work: WrokTrack
I1014 16:40:23.979418 10247 work_track.cpp:82] Frame: 87 build input_characts: [0.240625 x 0.566667 from (0.325, 0.2)], 1.00019, 0
I1014 16:40:23.979471 10247 work_track.cpp:102] Succeeded to set track lock for frame 87
I1014 16:40:23.979511 10247 work_track.cpp:116] Succeeded to release track lock for frame 87
I1014 16:40:23.979526 10247 work_track.cpp:120] Track results of frame 87: 1 objects input, 1 objects tracked!
I1014 16:40:23.979543 10247 work_track.cpp:148] Frame: 87, track bbox: [154 x 204 from (208.278, 72.491)], gid: 0, lid: 0
I1014 16:40:23.979579 10247 work_thread.hpp:87]  [T-Work-Detect_0] Frame :87 split
I1014 16:40:23.979596 10247 work_thread.hpp:120]  [T-Work-Detect_0] Valid piece: gid = 0
I1014 16:40:23.979614 10247 work_thread.hpp:91]  [T-Work-Detect_0] Push to split queue:recog
I1014 16:40:23.979650 10248 work_thread.hpp:81]  [T-Work-Recog_0] Run work: WorkCapture
I1014 16:40:23.980185 10248 work_thread.hpp:81]  [T-Work-Recog_0] Run work: WorkRecog
I1014 16:40:23.980206 10248 work_recog.hpp:89] Face id: 0 will run recog: bbox [154 x 204 from (208, 72)] quality: 0.453513
I1014 16:40:23.980232 10248 work_recog.hpp:96] Recog pair: [216 x 288 from (176, 32)], [154 x 204 from (32, 40)]
I1014 16:40:23.988708 10249 work_thread.hpp:102]  [T-Work-Recog_1] Try to push queue compare again 8 vs 8
I1014 16:40:23.989701 10247 work_thread.hpp:102]  [T-Work-Detect_0] Try to push queue frame again 8 vs 8
I1014 16:40:23.997448 10248 work_thread.hpp:81]  [T-Work-Recog_0] Run work: WorkCompare
I1014 16:40:23.997869 10248 work_compare.cpp:76] Compare face: 0 successed, similarity :0.997387, name : images/ThangLMb.jpg, normal size : 1548 * 1719!
I1014 16:40:23.998795 10249 work_thread.hpp:102]  [T-Work-Recog_1] Try to push queue compare again 8 vs 8
I1014 16:40:23.999784 10247 work_thread.hpp:102]  [T-Work-Detect_0] Try to push queue frame again 8 vs 8
I1014 16:40:24.005358 10250 thread_intergrate.hpp:224] T-Intergrate-intergrate Show face :0, size :640 * 360
I1014 16:40:24.005538 10250 thread_intergrate.hpp:83] [T-Intergrate-intergrate] queue: frame output frame :79
I1014 16:40:24.005568 10250 thread_intergrate.hpp:90] [T-Intergrate-intergrate] queue: compare output face:0
I1014 16:40:24.005585 10250 thread_intergrate.hpp:149] T-Intergrate-intergrate set matched face: 0
I1014 16:40:24.005898 10245 demo_inner.hpp:260]  gui queue size 1, state = running
I1014 16:40:24.007656 10250 thread_intergrate.hpp:224] T-Intergrate-intergrate Show face :0, size :640 * 360
I1014 16:40:24.007869 10250 thread_intergrate.hpp:83] [T-Intergrate-intergrate] queue: frame output frame :80
I1014 16:40:24.007897 10250 thread_intergrate.hpp:90] [T-Intergrate-intergrate] queue: compare output face:0
I1014 16:40:24.007916 10250 thread_intergrate.hpp:149] T-Intergrate-intergrate set matched face: 0
I1014 16:40:24.008661 10244 demo_inner.hpp:177] decode queue size 0
I1014 16:40:24.008759 10247 work_thread.hpp:81]  [T-Work-Detect_0] Run work: WorkDetect
I1014 16:40:24.008795 10247 work_detect.cpp:102] Succeeded to add det start for frame 88
I1014 16:40:24.009143 10246 demo_inner.hpp:435] thread [SORT-0]  frame id 78 sorting queue size 0   FPS: 12.6445
I1014 16:40:24.009508 10246 demo_inner.hpp:435] thread [SORT-0]  frame id 79 sorting queue size 1   FPS: 15.5348
I1014 16:40:24.009873 10245 demo_inner.hpp:260]  gui queue size 1, state = running
I1014 16:40:24.010114 10250 thread_intergrate.hpp:224] T-Intergrate-intergrate Show face :0, size :640 * 360
I1014 16:40:24.010396 10250 thread_intergrate.hpp:83] [T-Intergrate-intergrate] queue: frame output frame :81
I1014 16:40:24.010422 10250 thread_intergrate.hpp:90] [T-Intergrate-intergrate] queue: compare output face:0
I1014 16:40:24.010442 10250 thread_intergrate.hpp:149] T-Intergrate-intergrate set matched face: 0
I1014 16:40:24.010661 10246 demo_inner.hpp:435] thread [SORT-0]  frame id 80 sorting queue size 0   FPS: 15.5417
I1014 16:40:24.015177 10245 demo_inner.hpp:260]  gui queue size 0, state = running
I1014 16:40:24.015596 10247 work_detect.cpp:70] Frame :88 detect result :1 face(s)
I1014 16:40:24.015631 10247 work_detect.cpp:86] Detected bbox: [154 x 208 from (208, 71)]
I1014 16:40:24.015677 10247 work_detect.cpp:120] Succeeded to add det end for frame 88
I1014 16:40:24.015694 10247 work_thread.hpp:81]  [T-Work-Detect_0] Run work: WrokTrack
I1014 16:40:24.015719 10247 work_track.cpp:82] Frame: 88 build input_characts: [0.240625 x 0.577778 from (0.325, 0.197222)], 0.998877, 0
I1014 16:40:24.015777 10247 work_track.cpp:102] Succeeded to set track lock for frame 88
I1014 16:40:24.015818 10247 work_track.cpp:116] Succeeded to release track lock for frame 88
I1014 16:40:24.015835 10247 work_track.cpp:120] Track results of frame 88: 1 objects input, 1 objects tracked!
I1014 16:40:24.015853 10247 work_track.cpp:148] Frame: 88, track bbox: [154 x 208 from (207.842, 70.8199)], gid: 0, lid: 0
I1014 16:40:24.015890 10247 work_thread.hpp:87]  [T-Work-Detect_0] Frame :88 split
I1014 16:40:24.015908 10247 work_thread.hpp:120]  [T-Work-Detect_0] Valid piece: gid = 0
I1014 16:40:24.015926 10247 work_thread.hpp:91]  [T-Work-Detect_0] Push to split queue:recog
I1014 16:40:24.016003 10248 work_thread.hpp:81]  [T-Work-Recog_0] Run work: WorkCapture
I1014 16:40:24.016624 10248 work_thread.hpp:81]  [T-Work-Recog_0] Run work: WorkRecog
I1014 16:40:24.016652 10248 work_recog.hpp:89] Face id: 0 will run recog: bbox [154 x 208 from (208, 71)] quality: 0.466369
I1014 16:40:24.016686 10248 work_recog.hpp:96] Recog pair: [216 x 296 from (176, 24)], [154 x 208 from (32, 47)]
I1014 16:40:24.020406 10250 thread_intergrate.hpp:224] T-Intergrate-intergrate Show face :0, size :640 * 360
I1014 16:40:24.020637 10250 thread_intergrate.hpp:83] [T-Intergrate-intergrate] queue: frame output frame :82
I1014 16:40:24.020663 10250 thread_intergrate.hpp:90] [T-Intergrate-intergrate] queue: compare output face:0
I1014 16:40:24.020682 10250 thread_intergrate.hpp:149] T-Intergrate-intergrate set matched face: 0
I1014 16:40:24.020977 10246 demo_inner.hpp:435] thread [SORT-0]  frame id 81 sorting queue size 0   FPS: 15.4799
I1014 16:40:24.021059 10245 demo_inner.hpp:260]  gui queue size 0, state = running
I1014 16:40:24.034783 10248 work_thread.hpp:81]  [T-Work-Recog_0] Run work: WorkCompare
I1014 16:40:24.035244 10248 work_compare.cpp:76] Compare face: 0 successed, similarity :0.997768, name : images/ThangLMb.jpg, normal size : 1548 * 1719!
I1014 16:40:24.038750 10244 demo_inner.hpp:177] decode queue size 0
I1014 16:40:24.038842 10247 work_thread.hpp:81]  [T-Work-Detect_0] Run work: WorkDetect
I1014 16:40:24.038875 10247 work_detect.cpp:102] Succeeded to add det start for frame 89
I1014 16:40:24.045449 10247 work_detect.cpp:70] Frame :89 detect result :1 face(s)
I1014 16:40:24.045501 10247 work_detect.cpp:86] Detected bbox: [132 x 187 from (212, 78)]
I1014 16:40:24.045545 10247 work_detect.cpp:120] Succeeded to add det end for frame 89
I1014 16:40:24.045562 10247 work_thread.hpp:81]  [T-Work-Detect_0] Run work: WrokTrack
I1014 16:40:24.045586 10247 work_track.cpp:82] Frame: 89 build input_characts: [0.20625 x 0.519444 from (0.33125, 0.216667)], 1.00019, 0
I1014 16:40:24.045641 10247 work_track.cpp:102] Succeeded to set track lock for frame 89
I1014 16:40:24.045682 10247 work_track.cpp:116] Succeeded to release track lock for frame 89
I1014 16:40:24.045697 10247 work_track.cpp:120] Track results of frame 89: 1 objects input, 1 objects tracked!
I1014 16:40:24.045714 10247 work_track.cpp:148] Frame: 89, track bbox: [132 x 187 from (215.005, 79.4901)], gid: 0, lid: 0
I1014 16:40:24.045826 10247 work_thread.hpp:87]  [T-Work-Detect_0] Frame :89 split
I1014 16:40:24.045845 10247 work_thread.hpp:120]  [T-Work-Detect_0] Valid piece: gid = 0
I1014 16:40:24.045864 10247 work_thread.hpp:91]  [T-Work-Detect_0] Push to split queue:recog
I1014 16:40:24.045915 10249 work_thread.hpp:81]  [T-Work-Recog_1] Run work: WorkCapture
I1014 16:40:24.046463 10249 work_thread.hpp:81]  [T-Work-Recog_1] Run work: WorkRecog
I1014 16:40:24.046485 10249 work_recog.hpp:89] Face id: 0 will run recog: bbox [132 x 187 from (212, 78)] quality: 0.422931
I1014 16:40:24.046514 10249 work_recog.hpp:96] Recog pair: [192 x 264 from (184, 40)], [132 x 187 from (28, 38)]
I1014 16:40:24.063812 10249 work_thread.hpp:81]  [T-Work-Recog_1] Run work: WorkCompare
I1014 16:40:24.064296 10249 work_compare.cpp:76] Compare face: 0 successed, similarity :0.996005, name : images/ThangLMb.jpg, normal size : 1548 * 1719!
I1014 16:40:24.074400 10244 demo_inner.hpp:177] decode queue size 0
I1014 16:40:24.074498 10247 work_thread.hpp:81]  [T-Work-Detect_0] Run work: WorkDetect
I1014 16:40:24.074534 10247 work_detect.cpp:102] Succeeded to add det start for frame 90
I1014 16:40:24.081189 10247 work_detect.cpp:70] Frame :90 detect result :1 face(s)
I1014 16:40:24.081229 10247 work_detect.cpp:86] Detected bbox: [132 x 186 from (211, 78)]
I1014 16:40:24.081272 10247 work_detect.cpp:120] Succeeded to add det end for frame 90
I1014 16:40:24.081288 10247 work_thread.hpp:81]  [T-Work-Detect_0] Run work: WrokTrack
I1014 16:40:24.081312 10247 work_track.cpp:82] Frame: 90 build input_characts: [0.20625 x 0.516667 from (0.329688, 0.216667)], 1.00019, 0
I1014 16:40:24.081367 10247 work_track.cpp:102] Succeeded to set track lock for frame 90
I1014 16:40:24.081408 10247 work_track.cpp:116] Succeeded to release track lock for frame 90
I1014 16:40:24.081423 10247 work_track.cpp:120] Track results of frame 90: 1 objects input, 1 objects tracked!
I1014 16:40:24.081439 10247 work_track.cpp:148] Frame: 90, track bbox: [132 x 186 from (211.95, 78.6973)], gid: 0, lid: 0
I1014 16:40:24.081475 10247 work_thread.hpp:87]  [T-Work-Detect_0] Frame :90 split
I1014 16:40:24.081492 10247 work_thread.hpp:120]  [T-Work-Detect_0] Valid piece: gid = 0
I1014 16:40:24.081511 10247 work_thread.hpp:91]  [T-Work-Detect_0] Push to split queue:recog
I1014 16:40:24.081563 10249 work_thread.hpp:81]  [T-Work-Recog_1] Run work: WorkCapture
I1014 16:40:24.082100 10249 work_thread.hpp:81]  [T-Work-Recog_1] Run work: WorkRecog
I1014 16:40:24.082123 10249 work_recog.hpp:89] Face id: 0 will run recog: bbox [132 x 186 from (211, 78)] quality: 0.430808
I1014 16:40:24.082149 10249 work_recog.hpp:96] Recog pair: [192 x 264 from (184, 40)], [132 x 186 from (27, 38)]
I1014 16:40:24.099587 10249 work_thread.hpp:81]  [T-Work-Recog_1] Run work: WorkCompare
I1014 16:40:24.100049 10249 work_compare.cpp:76] Compare face: 0 successed, similarity :0.996729, name : images/ThangLMb.jpg, normal size : 1548 * 1719!
I1014 16:40:24.104734 10244 demo_inner.hpp:177] decode queue size 0
I1014 16:40:24.104817 10247 work_thread.hpp:81]  [T-Work-Detect_0] Run work: WorkDetect
I1014 16:40:24.104851 10247 work_detect.cpp:102] Succeeded to add det start for frame 91
I1014 16:40:24.110179 10249 work_thread.hpp:102]  [T-Work-Recog_1] Try to push queue compare again 8 vs 8
I1014 16:40:24.111462 10247 work_detect.cpp:70] Frame :91 detect result :1 face(s)
I1014 16:40:24.111485 10247 work_detect.cpp:86] Detected bbox: [131 x 185 from (211, 79)]
I1014 16:40:24.111528 10247 work_detect.cpp:120] Succeeded to add det end for frame 91
I1014 16:40:24.111543 10247 work_thread.hpp:81]  [T-Work-Detect_0] Run work: WrokTrack
I1014 16:40:24.111563 10247 work_track.cpp:82] Frame: 91 build input_characts: [0.204688 x 0.513889 from (0.329688, 0.219444)], 1.00019, 0
I1014 16:40:24.111616 10247 work_track.cpp:102] Succeeded to set track lock for frame 91
I1014 16:40:24.111654 10247 work_track.cpp:116] Succeeded to release track lock for frame 91
I1014 16:40:24.111670 10247 work_track.cpp:120] Track results of frame 91: 1 objects input, 1 objects tracked!
I1014 16:40:24.111763 10247 work_track.cpp:148] Frame: 91, track bbox: [131 x 185 from (210.262, 78.3844)], gid: 0, lid: 0
I1014 16:40:24.111801 10247 work_thread.hpp:87]  [T-Work-Detect_0] Frame :91 split
I1014 16:40:24.111819 10247 work_thread.hpp:120]  [T-Work-Detect_0] Valid piece: gid = 0
I1014 16:40:24.111837 10247 work_thread.hpp:91]  [T-Work-Detect_0] Push to split queue:recog
I1014 16:40:24.111881 10248 work_thread.hpp:81]  [T-Work-Recog_0] Run work: WorkCapture
I1014 16:40:24.112448 10248 work_thread.hpp:81]  [T-Work-Recog_0] Run work: WorkRecog
I1014 16:40:24.112471 10248 work_recog.hpp:89] Face id: 0 will run recog: bbox [131 x 185 from (211, 79)] quality: 0.415145
I1014 16:40:24.112498 10248 work_recog.hpp:96] Recog pair: [184 x 264 from (184, 40)], [131 x 185 from (27, 39)]
I1014 16:40:24.120313 10249 work_thread.hpp:102]  [T-Work-Recog_1] Try to push queue compare again 8 vs 8
I1014 16:40:24.121925 10247 work_thread.hpp:102]  [T-Work-Detect_0] Try to push queue frame again 8 vs 8
I1014 16:40:24.129978 10248 work_thread.hpp:81]  [T-Work-Recog_0] Run work: WorkCompare
I1014 16:40:24.130427 10249 work_thread.hpp:102]  [T-Work-Recog_1] Try to push queue compare again 8 vs 8
I1014 16:40:24.130419 10248 work_compare.cpp:76] Compare face: 0 successed, similarity :0.997046, name : images/ThangLMb.jpg, normal size : 1548 * 1719!
I1014 16:40:24.132014 10247 work_thread.hpp:102]  [T-Work-Detect_0] Try to push queue frame again 8 vs 8
I1014 16:40:24.140432 10244 demo_inner.hpp:177] decode queue size 0
I1014 16:40:24.140525 10249 work_thread.hpp:102]  [T-Work-Recog_1] Try to push queue compare again 8 vs 8
I1014 16:40:24.140543 10248 work_thread.hpp:102]  [T-Work-Recog_0] Try to push queue compare again 8 vs 8
I1014 16:40:24.142103 10247 work_thread.hpp:102]  [T-Work-Detect_0] Try to push queue frame again 8 vs 8
I1014 16:40:24.150615 10249 work_thread.hpp:102]  [T-Work-Recog_1] Try to push queue compare again 8 vs 8
I1014 16:40:24.150632 10248 work_thread.hpp:102]  [T-Work-Recog_0] Try to push queue compare again 8 vs 8
I1014 16:40:24.152189 10247 work_thread.hpp:102]  [T-Work-Detect_0] Try to push queue frame again 8 vs 8
I1014 16:40:24.160701 10249 work_thread.hpp:102]  [T-Work-Recog_1] Try to push queue compare again 8 vs 8
I1014 16:40:24.160715 10248 work_thread.hpp:102]  [T-Work-Recog_0] Try to push queue compare again 8 vs 8
I1014 16:40:24.162276 10247 work_thread.hpp:102]  [T-Work-Detect_0] Try to push queue frame again 8 vs 8
I1014 16:40:24.170800 10249 work_thread.hpp:102]  [T-Work-Recog_1] Try to push queue compare again 8 vs 8
I1014 16:40:24.170804 10248 work_thread.hpp:102]  [T-Work-Recog_0] Try to push queue compare again 8 vs 8
I1014 16:40:24.172364 10247 work_thread.hpp:102]  [T-Work-Detect_0] Try to push queue frame again 8 vs 8
I1014 16:40:24.176365 10244 demo_inner.hpp:177] decode queue size 1
I1014 16:40:24.180922 10248 work_thread.hpp:102]  [T-Work-Recog_0] Try to push queue compare again 8 vs 8
I1014 16:40:24.180922 10249 work_thread.hpp:102]  [T-Work-Recog_1] Try to push queue compare again 8 vs 8
I1014 16:40:24.182454 10247 work_thread.hpp:102]  [T-Work-Detect_0] Try to push queue frame again 8 vs 8
I1014 16:40:24.191013 10248 work_thread.hpp:102]  [T-Work-Recog_0] Try to push queue compare again 8 vs 8
I1014 16:40:24.191031 10249 work_thread.hpp:102]  [T-Work-Recog_1] Try to push queue compare again 8 vs 8
I1014 16:40:24.192538 10247 work_thread.hpp:102]  [T-Work-Detect_0] Try to push queue frame again 8 vs 8
I1014 16:40:24.201108 10248 work_thread.hpp:102]  [T-Work-Recog_0] Try to push queue compare again 8 vs 8
I1014 16:40:24.201120 10249 work_thread.hpp:102]  [T-Work-Recog_1] Try to push queue compare again 8 vs 8
I1014 16:40:24.202625 10247 work_thread.hpp:102]  [T-Work-Detect_0] Try to push queue frame again 8 vs 8
I1014 16:40:24.206451 10244 demo_inner.hpp:177] decode queue size 1
I1014 16:40:24.211220 10248 work_thread.hpp:102]  [T-Work-Recog_0] Try to push queue compare again 8 vs 8
I1014 16:40:24.211228 10249 work_thread.hpp:102]  [T-Work-Recog_1] Try to push queue compare again 8 vs 8
I1014 16:40:24.212714 10247 work_thread.hpp:102]  [T-Work-Detect_0] Try to push queue frame again 8 vs 8
I1014 16:40:24.221401 10248 work_thread.hpp:102]  [T-Work-Recog_0] Try to push queue compare again 8 vs 8
I1014 16:40:24.221401 10249 work_thread.hpp:102]  [T-Work-Recog_1] Try to push queue compare again 8 vs 8
I1014 16:40:24.222803 10247 work_thread.hpp:102]  [T-Work-Detect_0] Try to push queue frame again 8 vs 8
I1014 16:40:24.231519 10248 work_thread.hpp:102]  [T-Work-Recog_0] Try to push queue compare again 8 vs 8
I1014 16:40:24.231526 10249 work_thread.hpp:102]  [T-Work-Recog_1] Try to push queue compare again 8 vs 8
I1014 16:40:24.232893 10247 work_thread.hpp:102]  [T-Work-Detect_0] Try to push queue frame again 8 vs 8
I1014 16:40:24.241616 10248 work_thread.hpp:102]  [T-Work-Recog_0] Try to push queue compare again 8 vs 8
I1014 16:40:24.241619 10249 work_thread.hpp:102]  [T-Work-Recog_1] Try to push queue compare again 8 vs 8
I1014 16:40:24.242312 10244 demo_inner.hpp:177] decode queue size 1
I1014 16:40:24.242981 10247 work_thread.hpp:102]  [T-Work-Detect_0] Try to push queue frame again 8 vs 8
I1014 16:40:24.251726 10248 work_thread.hpp:102]  [T-Work-Recog_0] Try to push queue compare again 8 vs 8
I1014 16:40:24.251734 10249 work_thread.hpp:102]  [T-Work-Recog_1] Try to push queue compare again 8 vs 8
