I1014 10:56:43.290907  4493 work_detect.cpp:86] Detected bbox: [182 x 232 from (341, 91)]
I1014 10:56:43.290951  4493 work_detect.cpp:120] Succeeded to add det end for frame 83
I1014 10:56:43.290968  4493 work_thread.hpp:81]  [T-Work-Detect_0] Run work: WrokTrack
I1014 10:56:43.290993  4493 work_track.cpp:82] Frame: 83 build input_characts: [0.284375 x 0.644444 from (0.532812, 0.252778)], 1.00019, 0
I1014 10:56:43.291049  4493 work_track.cpp:102] Succeeded to set track lock for frame 83
I1014 10:56:43.291087  4493 work_track.cpp:116] Succeeded to release track lock for frame 83
I1014 10:56:43.291102  4493 work_track.cpp:120] Track results of frame 83: 1 objects input, 1 objects tracked!
I1014 10:56:43.291121  4493 work_track.cpp:148] Frame: 83, track bbox: [182 x 232 from (342.772, 92.6415)], gid: 2, lid: 0
I1014 10:56:43.291155  4493 work_thread.hpp:88]  [T-Work-Detect_0] Frame :83 split
I1014 10:56:43.291173  4493 work_thread.hpp:120]  [T-Work-Detect_0] Valid piece: gid = 2
I1014 10:56:43.291191  4493 work_thread.hpp:92]  [T-Work-Detect_0] Push to split queue:recog
I1014 10:56:43.291254  4496 thread_intergrate.hpp:78] [T-Intergrate-intergrate] queue: frame output frame :83
I1014 10:56:43.291255  4495 work_thread.hpp:81]  [T-Work-Recog_1] Run work: WorkCapture
I1014 10:56:43.291363  4496 thread_intergrate.hpp:85] [T-Intergrate-intergrate] queue: compare output face:2
I1014 10:56:43.291384  4496 thread_intergrate.hpp:137] T-Intergrate-intergrate set matched face: 2
I1014 10:56:43.291962  4495 work_thread.hpp:81]  [T-Work-Recog_1] Run work: WorkRecog
I1014 10:56:43.291988  4495 work_recog.hpp:89] Face id: 2 will run recog: bbox [182 x 232 from (341, 91)] quality: 0.484341
I1014 10:56:43.292021  4495 work_recog.hpp:96] Recog pair: [256 x 320 from (304, 40)], [182 x 232 from (37, 51)]
I1014 10:56:43.292584  4496 thread_intergrate.hpp:157] T-Intergrate-intergrate Show face :2, size :640 * 360
I1014 10:56:43.293208  4492 demo_inner.hpp:435] thread [SORT-0]  frame id 83 sorting queue size 0   FPS: 20.0293
I1014 10:56:43.310093  4495 work_thread.hpp:81]  [T-Work-Recog_1] Run work: WorkCompare
I1014 10:56:43.310204  4495 work_compare.cpp:76] Compare face: 2 successed, similarity :0.984146, name : images/thanglmb.jpg, normal size : 640 * 360!
I1014 10:56:43.337456  4490 demo_inner.hpp:177] decode queue size 0
I1014 10:56:43.337743  4493 work_thread.hpp:81]  [T-Work-Detect_0] Run work: WorkDetect
I1014 10:56:43.337779  4493 work_detect.cpp:102] Succeeded to add det start for frame 84
I1014 10:56:43.344624  4493 work_detect.cpp:70] Frame :84 detect result :1 face(s)
I1014 10:56:43.344672  4493 work_detect.cpp:86] Detected bbox: [184 x 225 from (346, 99)]
I1014 10:56:43.344717  4493 work_detect.cpp:120] Succeeded to add det end for frame 84
I1014 10:56:43.344732  4493 work_thread.hpp:81]  [T-Work-Detect_0] Run work: WrokTrack
I1014 10:56:43.344758  4493 work_track.cpp:82] Frame: 84 build input_characts: [0.2875 x 0.625 from (0.540625, 0.275)], 1.00035, 0
I1014 10:56:43.344813  4493 work_track.cpp:102] Succeeded to set track lock for frame 84
I1014 10:56:43.344852  4493 work_track.cpp:116] Succeeded to release track lock for frame 84
I1014 10:56:43.344867  4493 work_track.cpp:120] Track results of frame 84: 1 objects input, 1 objects tracked!
I1014 10:56:43.344885  4493 work_track.cpp:148] Frame: 84, track bbox: [184 x 225 from (344.834, 99.0476)], gid: 2, lid: 0
I1014 10:56:43.344921  4493 work_thread.hpp:88]  [T-Work-Detect_0] Frame :84 split
I1014 10:56:43.344939  4493 work_thread.hpp:120]  [T-Work-Detect_0] Valid piece: gid = 2
I1014 10:56:43.344957  4493 work_thread.hpp:92]  [T-Work-Detect_0] Push to split queue:recog
I1014 10:56:43.345000  4496 thread_intergrate.hpp:78] [T-Intergrate-intergrate] queue: frame output frame :84
I1014 10:56:43.345023  4495 work_thread.hpp:81]  [T-Work-Recog_1] Run work: WorkCapture
I1014 10:56:43.345028  4496 thread_intergrate.hpp:85] [T-Intergrate-intergrate] queue: compare output face:2
I1014 10:56:43.345049  4496 thread_intergrate.hpp:137] T-Intergrate-intergrate set matched face: 2
I1014 10:56:43.345707  4495 work_thread.hpp:81]  [T-Work-Recog_1] Run work: WorkRecog
I1014 10:56:43.345760  4495 work_recog.hpp:89] Face id: 2 will run recog: bbox [184 x 225 from (346, 99)] quality: 0.469332
I1014 10:56:43.345795  4495 work_recog.hpp:96] Recog pair: [264 x 312 from (304, 48)], [184 x 225 from (42, 51)]
I1014 10:56:43.346231  4496 thread_intergrate.hpp:157] T-Intergrate-intergrate Show face :2, size :640 * 360
I1014 10:56:43.346771  4492 demo_inner.hpp:435] thread [SORT-0]  frame id 84 sorting queue size 1   FPS: 19.9805
I1014 10:56:43.363725  4495 work_thread.hpp:81]  [T-Work-Recog_1] Run work: WorkCompare
I1014 10:56:43.363828  4495 work_compare.cpp:76] Compare face: 2 successed, similarity :0.978701, name : images/thanglmb.jpg, normal size : 640 * 360!
I1014 10:56:43.372401  4491 demo_inner.hpp:260]  gui queue size 1, state = running
I1014 10:56:43.386090  4490 demo_inner.hpp:177] decode queue size 0
I1014 10:56:43.386205  4493 work_thread.hpp:81]  [T-Work-Detect_0] Run work: WorkDetect
I1014 10:56:43.386242  4493 work_detect.cpp:102] Succeeded to add det start for frame 85
I1014 10:56:43.393124  4493 work_detect.cpp:70] Frame :85 detect result :1 face(s)
I1014 10:56:43.393244  4493 work_detect.cpp:86] Detected bbox: [186 x 232 from (344, 94)]
I1014 10:56:43.393290  4493 work_detect.cpp:120] Succeeded to add det end for frame 85
I1014 10:56:43.393306  4493 work_thread.hpp:81]  [T-Work-Detect_0] Run work: WrokTrack
I1014 10:56:43.393332  4493 work_track.cpp:82] Frame: 85 build input_characts: [0.290625 x 0.644444 from (0.5375, 0.261111)], 1.00019, 0
I1014 10:56:43.393386  4493 work_track.cpp:102] Succeeded to set track lock for frame 85
I1014 10:56:43.393426  4493 work_track.cpp:116] Succeeded to release track lock for frame 85
I1014 10:56:43.393441  4493 work_track.cpp:120] Track results of frame 85: 1 objects input, 1 objects tracked!
I1014 10:56:43.393458  4493 work_track.cpp:148] Frame: 85, track bbox: [186 x 232 from (345.38, 96.0077)], gid: 2, lid: 0
I1014 10:56:43.393496  4493 work_thread.hpp:88]  [T-Work-Detect_0] Frame :85 split
I1014 10:56:43.393513  4493 work_thread.hpp:120]  [T-Work-Detect_0] Valid piece: gid = 2
I1014 10:56:43.393532  4493 work_thread.hpp:92]  [T-Work-Detect_0] Push to split queue:recog
I1014 10:56:43.393581  4495 work_thread.hpp:81]  [T-Work-Recog_1] Run work: WorkCapture
I1014 10:56:43.393582  4496 thread_intergrate.hpp:78] [T-Intergrate-intergrate] queue: frame output frame :85
I1014 10:56:43.393641  4496 thread_intergrate.hpp:85] [T-Intergrate-intergrate] queue: compare output face:2
I1014 10:56:43.393662  4496 thread_intergrate.hpp:137] T-Intergrate-intergrate set matched face: 2
I1014 10:56:43.394201  4495 work_thread.hpp:81]  [T-Work-Recog_1] Run work: WorkRecog
I1014 10:56:43.394237  4495 work_recog.hpp:89] Face id: 2 will run recog: bbox [186 x 232 from (344, 94)] quality: 0.48496
I1014 10:56:43.394268  4495 work_recog.hpp:96] Recog pair: [264 x 312 from (304, 48)], [186 x 232 from (40, 46)]
I1014 10:56:43.394832  4496 thread_intergrate.hpp:157] T-Intergrate-intergrate Show face :2, size :640 * 360
I1014 10:56:43.395303  4492 demo_inner.hpp:435] thread [SORT-0]  frame id 85 sorting queue size 0   FPS: 19.9708
I1014 10:56:43.412459  4495 work_thread.hpp:81]  [T-Work-Recog_1] Run work: WorkCompare
I1014 10:56:43.412577  4495 work_compare.cpp:76] Compare face: 2 successed, similarity :0.979254, name : images/thanglmb.jpg, normal size : 640 * 360!
I1014 10:56:43.433811  4490 demo_inner.hpp:177] decode queue size 0
I1014 10:56:43.433984  4493 work_thread.hpp:81]  [T-Work-Detect_0] Run work: WorkDetect
I1014 10:56:43.434020  4493 work_detect.cpp:102] Succeeded to add det start for frame 86
I1014 10:56:43.439626  4491 demo_inner.hpp:260]  gui queue size 0, state = running
I1014 10:56:43.440968  4493 work_detect.cpp:70] Frame :86 detect result :1 face(s)
I1014 10:56:43.441025  4493 work_detect.cpp:86] Detected bbox: [187 x 233 from (339, 115)]
I1014 10:56:43.441076  4493 work_detect.cpp:120] Succeeded to add det end for frame 86
I1014 10:56:43.441092  4493 work_thread.hpp:81]  [T-Work-Detect_0] Run work: WrokTrack
I1014 10:56:43.441121  4493 work_track.cpp:82] Frame: 86 build input_characts: [0.292188 x 0.647222 from (0.529688, 0.319444)], 1.00035, 0
I1014 10:56:43.441184  4493 work_track.cpp:102] Succeeded to set track lock for frame 86
I1014 10:56:43.441228  4493 work_track.cpp:116] Succeeded to release track lock for frame 86
I1014 10:56:43.441243  4493 work_track.cpp:120] Track results of frame 86: 1 objects input, 1 objects tracked!
I1014 10:56:43.441262  4493 work_track.cpp:148] Frame: 86, track bbox: [187 x 233 from (342.459, 106.096)], gid: 2, lid: 0
I1014 10:56:43.441299  4493 work_thread.hpp:88]  [T-Work-Detect_0] Frame :86 split
I1014 10:56:43.441318  4493 work_thread.hpp:120]  [T-Work-Detect_0] Valid piece: gid = 2
I1014 10:56:43.441336  4493 work_thread.hpp:92]  [T-Work-Detect_0] Push to split queue:recog
I1014 10:56:43.441412  4494 work_thread.hpp:81]  [T-Work-Recog_0] Run work: WorkCapture
I1014 10:56:43.441771  4496 thread_intergrate.hpp:78] [T-Intergrate-intergrate] queue: frame output frame :86
I1014 10:56:43.441802  4496 thread_intergrate.hpp:85] [T-Intergrate-intergrate] queue: compare output face:2
I1014 10:56:43.441823  4496 thread_intergrate.hpp:137] T-Intergrate-intergrate set matched face: 2
I1014 10:56:43.442083  4494 work_thread.hpp:81]  [T-Work-Recog_0] Run work: WorkRecog
I1014 10:56:43.442108  4494 work_recog.hpp:89] Face id: 2 will run recog: bbox [187 x 233 from (339, 115)] quality: 0.480645
I1014 10:56:43.442139  4494 work_recog.hpp:96] Recog pair: [272 x 296 from (296, 64)], [187 x 233 from (43, 51)]
I1014 10:56:43.443213  4496 thread_intergrate.hpp:157] T-Intergrate-intergrate Show face :2, size :640 * 360
I1014 10:56:43.443771  4492 demo_inner.hpp:435] thread [SORT-0]  frame id 86 sorting queue size 0   FPS: 20.0195
I1014 10:56:43.459813  4494 work_thread.hpp:81]  [T-Work-Recog_0] Run work: WorkCompare
I1014 10:56:43.459909  4494 work_compare.cpp:76] Compare face: 2 successed, similarity :0.990401, name : images/thanglmb.jpg, normal size : 640 * 360!
I1014 10:56:43.487802  4490 demo_inner.hpp:177] decode queue size 0
I1014 10:56:43.487962  4493 work_thread.hpp:81]  [T-Work-Detect_0] Run work: WorkDetect
I1014 10:56:43.487999  4493 work_detect.cpp:102] Succeeded to add det start for frame 87
I1014 10:56:43.494889  4493 work_detect.cpp:70] Frame :87 detect result :1 face(s)
I1014 10:56:43.494936  4493 work_detect.cpp:86] Detected bbox: [187 x 237 from (342, 92)]
I1014 10:56:43.494979  4493 work_detect.cpp:120] Succeeded to add det end for frame 87
I1014 10:56:43.494995  4493 work_thread.hpp:81]  [T-Work-Detect_0] Run work: WrokTrack
I1014 10:56:43.495023  4493 work_track.cpp:82] Frame: 87 build input_characts: [0.292188 x 0.658333 from (0.534375, 0.255556)], 1.00019, 0
I1014 10:56:43.495081  4493 work_track.cpp:102] Succeeded to set track lock for frame 87
I1014 10:56:43.495127  4493 work_track.cpp:116] Succeeded to release track lock for frame 87
I1014 10:56:43.495143  4493 work_track.cpp:120] Track results of frame 87: 1 objects input, 1 objects tracked!
I1014 10:56:43.495162  4493 work_track.cpp:148] Frame: 87, track bbox: [187 x 237 from (342.216, 99.661)], gid: 2, lid: 0
I1014 10:56:43.495203  4493 work_thread.hpp:88]  [T-Work-Detect_0] Frame :87 split
I1014 10:56:43.495223  4493 work_thread.hpp:120]  [T-Work-Detect_0] Valid piece: gid = 2
I1014 10:56:43.495244  4493 work_thread.hpp:92]  [T-Work-Detect_0] Push to split queue:recog
I1014 10:56:43.495301  4494 work_thread.hpp:81]  [T-Work-Recog_0] Run work: WorkCapture
I1014 10:56:43.495612  4496 thread_intergrate.hpp:78] [T-Intergrate-intergrate] queue: frame output frame :87
I1014 10:56:43.495638  4496 thread_intergrate.hpp:85] [T-Intergrate-intergrate] queue: compare output face:2
I1014 10:56:43.495656  4496 thread_intergrate.hpp:137] T-Intergrate-intergrate set matched face: 2
I1014 10:56:43.495869  4494 work_thread.hpp:81]  [T-Work-Recog_0] Run work: WorkRecog
I1014 10:56:43.495893  4494 work_recog.hpp:89] Face id: 2 will run recog: bbox [187 x 237 from (342, 92)] quality: 0.474702
I1014 10:56:43.495924  4494 work_recog.hpp:96] Recog pair: [264 x 320 from (304, 40)], [187 x 237 from (38, 52)]
I1014 10:56:43.496856  4496 thread_intergrate.hpp:157] T-Intergrate-intergrate Show face :2, size :640 * 360
I1014 10:56:43.497395  4492 demo_inner.hpp:435] thread [SORT-0]  frame id 87 sorting queue size 1   FPS: 19.9611
I1014 10:56:43.513545  4494 work_thread.hpp:81]  [T-Work-Recog_0] Run work: WorkCompare
I1014 10:56:43.513653  4494 work_compare.cpp:76] Compare face: 2 successed, similarity :0.982972, name : images/thanglmb.jpg, normal size : 640 * 360!
I1014 10:56:43.535768  4490 demo_inner.hpp:177] decode queue size 0
I1014 10:56:43.535869  4493 work_thread.hpp:81]  [T-Work-Detect_0] Run work: WorkDetect
I1014 10:56:43.535904  4493 work_detect.cpp:102] Succeeded to add det start for frame 88
I1014 10:56:43.540058  4491 demo_inner.hpp:260]  gui queue size 1, state = running
I1014 10:56:43.542930  4493 work_detect.cpp:70] Frame :88 detect result :1 face(s)
I1014 10:56:43.542994  4493 work_detect.cpp:86] Detected bbox: [193 x 240 from (341, 90)]
I1014 10:56:43.543045  4493 work_detect.cpp:120] Succeeded to add det end for frame 88
I1014 10:56:43.543062  4493 work_thread.hpp:81]  [T-Work-Detect_0] Run work: WrokTrack
I1014 10:56:43.543205  4493 work_track.cpp:82] Frame: 88 build input_characts: [0.301562 x 0.666667 from (0.532812, 0.25)], 1.00035, 0
I1014 10:56:43.543278  4493 work_track.cpp:102] Succeeded to set track lock for frame 88
I1014 10:56:43.543331  4493 work_track.cpp:116] Succeeded to release track lock for frame 88
I1014 10:56:43.543347  4493 work_track.cpp:120] Track results of frame 88: 1 objects input, 1 objects tracked!
I1014 10:56:43.543366  4493 work_track.cpp:148] Frame: 88, track bbox: [193 x 240 from (340.03, 95.7962)], gid: 2, lid: 0
I1014 10:56:43.543404  4493 work_thread.hpp:88]  [T-Work-Detect_0] Frame :88 split
I1014 10:56:43.543426  4493 work_thread.hpp:120]  [T-Work-Detect_0] Valid piece: gid = 2
I1014 10:56:43.543445  4493 work_thread.hpp:92]  [T-Work-Detect_0] Push to split queue:recog
I1014 10:56:43.543524  4496 thread_intergrate.hpp:78] [T-Intergrate-intergrate] queue: frame output frame :88
I1014 10:56:43.543540  4495 work_thread.hpp:81]  [T-Work-Recog_1] Run work: WorkCapture
I1014 10:56:43.543551  4496 thread_intergrate.hpp:85] [T-Intergrate-intergrate] queue: compare output face:2
I1014 10:56:43.543571  4496 thread_intergrate.hpp:137] T-Intergrate-intergrate set matched face: 2
I1014 10:56:43.544209  4495 work_thread.hpp:81]  [T-Work-Recog_1] Run work: WorkRecog
I1014 10:56:43.544243  4495 work_recog.hpp:89] Face id: 2 will run recog: bbox [193 x 240 from (341, 90)] quality: 0.483692
I1014 10:56:43.544279  4495 work_recog.hpp:96] Recog pair: [280 x 320 from (296, 40)], [193 x 240 from (45, 50)]
I1014 10:56:43.544788  4496 thread_intergrate.hpp:157] T-Intergrate-intergrate Show face :2, size :640 * 360
I1014 10:56:43.545259  4492 demo_inner.hpp:435] thread [SORT-0]  frame id 88 sorting queue size 0   FPS: 19.9708
I1014 10:56:43.562443  4495 work_thread.hpp:81]  [T-Work-Recog_1] Run work: WorkCompare
I1014 10:56:43.562556  4495 work_compare.cpp:76] Compare face: 2 successed, similarity :0.989194, name : images/thanglmb.jpg, normal size : 640 * 360!
I1014 10:56:43.583950  4490 demo_inner.hpp:177] decode queue size 0
I1014 10:56:43.584044  4493 work_thread.hpp:81]  [T-Work-Detect_0] Run work: WorkDetect
I1014 10:56:43.584079  4493 work_detect.cpp:102] Succeeded to add det start for frame 89
I1014 10:56:43.590852  4493 work_detect.cpp:70] Frame :89 detect result :1 face(s)
I1014 10:56:43.590903  4493 work_detect.cpp:86] Detected bbox: [192 x 233 from (341, 93)]
I1014 10:56:43.590947  4493 work_detect.cpp:120] Succeeded to add det end for frame 89
I1014 10:56:43.590965  4493 work_thread.hpp:81]  [T-Work-Detect_0] Run work: WrokTrack
I1014 10:56:43.590989  4493 work_track.cpp:82] Frame: 89 build input_characts: [0.3 x 0.647222 from (0.532812, 0.258333)], 1.00035, 0
I1014 10:56:43.591043  4493 work_track.cpp:102] Succeeded to set track lock for frame 89
I1014 10:56:43.591082  4493 work_track.cpp:116] Succeeded to release track lock for frame 89
I1014 10:56:43.591097  4493 work_track.cpp:120] Track results of frame 89: 1 objects input, 1 objects tracked!
I1014 10:56:43.591115  4493 work_track.cpp:148] Frame: 89, track bbox: [192 x 233 from (340.239, 95.1138)], gid: 2, lid: 0
I1014 10:56:43.591151  4493 work_thread.hpp:88]  [T-Work-Detect_0] Frame :89 split
I1014 10:56:43.591169  4493 work_thread.hpp:120]  [T-Work-Detect_0] Valid piece: gid = 2
I1014 10:56:43.591187  4493 work_thread.hpp:92]  [T-Work-Detect_0] Push to split queue:recog
I1014 10:56:43.591238  4496 thread_intergrate.hpp:78] [T-Intergrate-intergrate] queue: frame output frame :89
I1014 10:56:43.591243  4495 work_thread.hpp:81]  [T-Work-Recog_1] Run work: WorkCapture
I1014 10:56:43.591265  4496 thread_intergrate.hpp:85] [T-Intergrate-intergrate] queue: compare output face:2
I1014 10:56:43.591284  4496 thread_intergrate.hpp:137] T-Intergrate-intergrate set matched face: 2
I1014 10:56:43.591856  4495 work_thread.hpp:81]  [T-Work-Recog_1] Run work: WorkRecog
I1014 10:56:43.591881  4495 work_recog.hpp:89] Face id: 2 will run recog: bbox [192 x 233 from (341, 93)] quality: 0.486182
I1014 10:56:43.591912  4495 work_recog.hpp:96] Recog pair: [280 x 320 from (296, 40)], [192 x 233 from (45, 53)]
I1014 10:56:43.592478  4496 thread_intergrate.hpp:157] T-Intergrate-intergrate Show face :2, size :640 * 360
I1014 10:56:43.592974  4492 demo_inner.hpp:435] thread [SORT-0]  frame id 89 sorting queue size 1   FPS: 20.0195
I1014 10:56:43.610002  4495 work_thread.hpp:81]  [T-Work-Recog_1] Run work: WorkCompare
I1014 10:56:43.610131  4495 work_compare.cpp:76] Compare face: 2 successed, similarity :0.978249, name : images/thanglmb.jpg, normal size : 640 * 360!
I1014 10:56:43.638382  4490 demo_inner.hpp:177] decode queue size 0
I1014 10:56:43.638593  4493 work_thread.hpp:81]  [T-Work-Detect_0] Run work: WorkDetect
I1014 10:56:43.638630  4493 work_detect.cpp:102] Succeeded to add det start for frame 90
I1014 10:56:43.645462  4493 work_detect.cpp:70] Frame :90 detect result :1 face(s)
I1014 10:56:43.645507  4493 work_detect.cpp:86] Detected bbox: [187 x 235 from (341, 95)]
I1014 10:56:43.645550  4493 work_detect.cpp:120] Succeeded to add det end for frame 90
I1014 10:56:43.645567  4493 work_thread.hpp:81]  [T-Work-Detect_0] Run work: WrokTrack
I1014 10:56:43.645594  4493 work_track.cpp:82] Frame: 90 build input_characts: [0.292188 x 0.652778 from (0.532812, 0.263889)], 1.00035, 0
I1014 10:56:43.645653  4493 work_track.cpp:102] Succeeded to set track lock for frame 90
I1014 10:56:43.645695  4493 work_track.cpp:116] Succeeded to release track lock for frame 90
I1014 10:56:43.645711  4493 work_track.cpp:120] Track results of frame 90: 1 objects input, 1 objects tracked!
I1014 10:56:43.645730  4493 work_track.cpp:148] Frame: 90, track bbox: [187 x 235 from (342.393, 92.6582)], gid: 2, lid: 0
I1014 10:56:43.645766  4493 work_thread.hpp:88]  [T-Work-Detect_0] Frame :90 split
I1014 10:56:43.645784  4493 work_thread.hpp:120]  [T-Work-Detect_0] Valid piece: gid = 2
I1014 10:56:43.645802  4493 work_thread.hpp:92]  [T-Work-Detect_0] Push to split queue:recog
I1014 10:56:43.645846  4496 thread_intergrate.hpp:78] [T-Intergrate-intergrate] queue: frame output frame :90
I1014 10:56:43.645855  4495 work_thread.hpp:81]  [T-Work-Recog_1] Run work: WorkCapture
I1014 10:56:43.645872  4496 thread_intergrate.hpp:85] [T-Intergrate-intergrate] queue: compare output face:2
I1014 10:56:43.645890  4496 thread_intergrate.hpp:137] T-Intergrate-intergrate set matched face: 2
I1014 10:56:43.646483  4495 work_thread.hpp:81]  [T-Work-Recog_1] Run work: WorkRecog
I1014 10:56:43.646508  4495 work_recog.hpp:89] Face id: 2 will run recog: bbox [187 x 235 from (341, 95)] quality: 0.483071
I1014 10:56:43.646538  4495 work_recog.hpp:96] Recog pair: [264 x 312 from (304, 48)], [187 x 235 from (37, 47)]
I1014 10:56:43.647059  4496 thread_intergrate.hpp:157] T-Intergrate-intergrate Show face :2, size :640 * 360
I1014 10:56:43.647570  4492 demo_inner.hpp:435] thread [SORT-0]  frame id 90 sorting queue size 2   FPS: 19.9611
I1014 10:56:43.664700  4495 work_thread.hpp:81]  [T-Work-Recog_1] Run work: WorkCompare
I1014 10:56:43.664808  4495 work_compare.cpp:76] Compare face: 2 successed, similarity :0.983536, name : images/thanglmb.jpg, normal size : 640 * 360!
I1014 10:56:43.686364  4490 demo_inner.hpp:177] decode queue size 0
I1014 10:56:43.686486  4493 work_thread.hpp:81]  [T-Work-Detect_0] Run work: WorkDetect
I1014 10:56:43.686520  4493 work_detect.cpp:102] Succeeded to add det start for frame 91
I1014 10:56:43.693377  4493 work_detect.cpp:70] Frame :91 detect result :1 face(s)
I1014 10:56:43.693423  4493 work_detect.cpp:86] Detected bbox: [182 x 228 from (344, 120)]
I1014 10:56:43.693467  4493 work_detect.cpp:120] Succeeded to add det end for frame 91
I1014 10:56:43.693485  4493 work_thread.hpp:81]  [T-Work-Detect_0] Run work: WrokTrack
I1014 10:56:43.693508  4493 work_track.cpp:82] Frame: 91 build input_characts: [0.284375 x 0.633333 from (0.5375, 0.333333)], 1.00019, 0
I1014 10:56:43.693563  4493 work_track.cpp:102] Succeeded to set track lock for frame 91
I1014 10:56:43.693601  4493 work_track.cpp:116] Succeeded to release track lock for frame 91
I1014 10:56:43.693616  4493 work_track.cpp:120] Track results of frame 91: 1 objects input, 1 objects tracked!
I1014 10:56:43.693708  4493 work_track.cpp:148] Frame: 91, track bbox: [182 x 228 from (344.989, 105.284)], gid: 2, lid: 0
I1014 10:56:43.693747  4493 work_thread.hpp:88]  [T-Work-Detect_0] Frame :91 split
I1014 10:56:43.693765  4493 work_thread.hpp:120]  [T-Work-Detect_0] Valid piece: gid = 2
I1014 10:56:43.693783  4493 work_thread.hpp:92]  [T-Work-Detect_0] Push to split queue:recog
I1014 10:56:43.693842  4494 work_thread.hpp:81]  [T-Work-Recog_0] Run work: WorkCapture
I1014 10:56:43.694141  4496 thread_intergrate.hpp:78] [T-Intergrate-intergrate] queue: frame output frame :91
I1014 10:56:43.694167  4496 thread_intergrate.hpp:85] [T-Intergrate-intergrate] queue: compare output face:2
I1014 10:56:43.694185  4496 thread_intergrate.hpp:137] T-Intergrate-intergrate set matched face: 2
I1014 10:56:43.694396  4494 work_thread.hpp:81]  [T-Work-Recog_0] Run work: WorkRecog
I1014 10:56:43.694419  4494 work_recog.hpp:89] Face id: 2 will run recog: bbox [182 x 228 from (344, 120)] quality: 0.465943
I1014 10:56:43.694447  4494 work_recog.hpp:96] Recog pair: [264 x 288 from (304, 72)], [182 x 228 from (40, 48)]
I1014 10:56:43.695361  4496 thread_intergrate.hpp:157] T-Intergrate-intergrate Show face :2, size :640 * 360
I1014 10:56:43.695904  4492 demo_inner.hpp:435] thread [SORT-0]  frame id 91 sorting queue size 3   FPS: 19.9805
I1014 10:56:43.712056  4494 work_thread.hpp:81]  [T-Work-Recog_0] Run work: WorkCompare
I1014 10:56:43.712172  4494 work_compare.cpp:76] Compare face: 2 successed, similarity :0.978951, name : images/thanglmb.jpg, normal size : 640 * 360!
I1014 10:56:43.734385  4490 demo_inner.hpp:177] decode queue size 0
I1014 10:56:43.734499  4493 work_thread.hpp:81]  [T-Work-Detect_0] Run work: WorkDetect
I1014 10:56:43.734536  4493 work_detect.cpp:102] Succeeded to add det start for frame 92
I1014 10:56:43.741361  4493 work_detect.cpp:70] Frame :92 detect result :1 face(s)
I1014 10:56:43.741407  4493 work_detect.cpp:86] Detected bbox: [187 x 225 from (354, 97)]
I1014 10:56:43.741451  4493 work_detect.cpp:120] Succeeded to add det end for frame 92
I1014 10:56:43.741467  4493 work_thread.hpp:81]  [T-Work-Detect_0] Run work: WrokTrack
I1014 10:56:43.741492  4493 work_track.cpp:82] Frame: 92 build input_characts: [0.292188 x 0.625 from (0.553125, 0.269444)], 1.00035, 0
I1014 10:56:43.741547  4493 work_track.cpp:102] Succeeded to set track lock for frame 92
I1014 10:56:43.741590  4493 work_track.cpp:116] Succeeded to release track lock for frame 92
I1014 10:56:43.741605  4493 work_track.cpp:120] Track results of frame 92: 1 objects input, 1 objects tracked!
I1014 10:56:43.741623  4493 work_track.cpp:148] Frame: 92, track bbox: [187 x 225 from (347.906, 106.823)], gid: 2, lid: 0
I1014 10:56:43.741659  4493 work_thread.hpp:88]  [T-Work-Detect_0] Frame :92 split
I1014 10:56:43.741677  4493 work_thread.hpp:120]  [T-Work-Detect_0] Valid piece: gid = 2
I1014 10:56:43.741695  4493 work_thread.hpp:92]  [T-Work-Detect_0] Push to split queue:recog
I1014 10:56:43.741752  4494 work_thread.hpp:81]  [T-Work-Recog_0] Run work: WorkCapture
I1014 10:56:43.742051  4496 thread_intergrate.hpp:78] [T-Intergrate-intergrate] queue: frame output frame :92
I1014 10:56:43.742077  4496 thread_intergrate.hpp:85] [T-Intergrate-intergrate] queue: compare output face:2
I1014 10:56:43.742095  4496 thread_intergrate.hpp:137] T-Intergrate-intergrate set matched face: 2
I1014 10:56:43.742310  4494 work_thread.hpp:81]  [T-Work-Recog_0] Run work: WorkRecog
I1014 10:56:43.742334  4494 work_recog.hpp:89] Face id: 2 will run recog: bbox [187 x 225 from (354, 97)] quality: 0.438331
I1014 10:56:43.742362  4494 work_recog.hpp:96] Recog pair: [272 x 312 from (312, 48)], [187 x 225 from (42, 49)]
I1014 10:56:43.743263  4496 thread_intergrate.hpp:157] T-Intergrate-intergrate Show face :2, size :640 * 360
I1014 10:56:43.743778  4492 demo_inner.hpp:435] thread [SORT-0]  frame id 92 sorting queue size 4   FPS: 20.0293
I1014 10:56:43.759974  4494 work_thread.hpp:81]  [T-Work-Recog_0] Run work: WorkCompare
I1014 10:56:43.760154  4494 work_compare.cpp:76] Compare face: 2 successed, similarity :0.970968, name : images/thanglmb.jpg, normal size : 640 * 360!
I1014 10:56:43.788276  4490 demo_inner.hpp:177] decode queue size 0
I1014 10:56:43.788409  4493 work_thread.hpp:81]  [T-Work-Detect_0] Run work: WorkDetect
I1014 10:56:43.788446  4493 work_detect.cpp:102] Succeeded to add det start for frame 93
I1014 10:56:43.795181  4493 work_detect.cpp:70] Frame :93 detect result :1 face(s)
I1014 10:56:43.795226  4493 work_detect.cpp:86] Detected bbox: [182 x 220 from (338, 102)]
I1014 10:56:43.795271  4493 work_detect.cpp:120] Succeeded to add det end for frame 93
I1014 10:56:43.795287  4493 work_thread.hpp:81]  [T-Work-Detect_0] Run work: WrokTrack
I1014 10:56:43.795312  4493 work_track.cpp:82] Frame: 93 build input_characts: [0.284375 x 0.611111 from (0.528125, 0.283333)], 1.00035, 0
I1014 10:56:43.795367  4493 work_track.cpp:102] Succeeded to set track lock for frame 93
I1014 10:56:43.795408  4493 work_track.cpp:116] Succeeded to release track lock for frame 93
I1014 10:56:43.795423  4493 work_track.cpp:120] Track results of frame 93: 1 objects input, 1 objects tracked!
I1014 10:56:43.795439  4493 work_track.cpp:148] Frame: 93, track bbox: [182 x 220 from (345.015, 106.831)], gid: 2, lid: 0
I1014 10:56:43.795476  4493 work_thread.hpp:88]  [T-Work-Detect_0] Frame :93 split
I1014 10:56:43.795495  4493 work_thread.hpp:120]  [T-Work-Detect_0] Valid piece: gid = 2
I1014 10:56:43.795512  4493 work_thread.hpp:92]  [T-Work-Detect_0] Push to split queue:recog
I1014 10:56:43.795557  4496 thread_intergrate.hpp:78] [T-Intergrate-intergrate] queue: frame output frame :93
I1014 10:56:43.795565  4495 work_thread.hpp:81]  [T-Work-Recog_1] Run work: WorkCapture
I1014 10:56:43.795584  4496 thread_intergrate.hpp:85] [T-Intergrate-intergrate] queue: compare output face:2
I1014 10:56:43.795603  4496 thread_intergrate.hpp:137] T-Intergrate-intergrate set matched face: 2
I1014 10:56:43.796205  4495 work_thread.hpp:81]  [T-Work-Recog_1] Run work: WorkRecog
I1014 10:56:43.796232  4495 work_recog.hpp:89] Face id: 2 will run recog: bbox [182 x 220 from (338, 102)] quality: 0.4705
I1014 10:56:43.796263  4495 work_recog.hpp:96] Recog pair: [264 x 304 from (296, 56)], [182 x 220 from (42, 46)]
I1014 10:56:43.796797  4496 thread_intergrate.hpp:157] T-Intergrate-intergrate Show face :2, size :640 * 360
I1014 10:56:43.797328  4492 demo_inner.hpp:435] thread [SORT-0]  frame id 93 sorting queue size 5   FPS: 19.9805
I1014 10:56:43.814440  4495 work_thread.hpp:81]  [T-Work-Recog_1] Run work: WorkCompare
I1014 10:56:43.814569  4495 work_compare.cpp:76] Compare face: 2 successed, similarity :0.982139, name : images/thanglmb.jpg, normal size : 640 * 360!
I1014 10:56:43.836665  4490 demo_inner.hpp:177] decode queue size 0
I1014 10:56:43.836800  4493 work_thread.hpp:81]  [T-Work-Detect_0] Run work: WorkDetect
I1014 10:56:43.836833  4493 work_detect.cpp:102] Succeeded to add det start for frame 94
I1014 10:56:43.843570  4493 work_detect.cpp:70] Frame :94 detect result :1 face(s)
I1014 10:56:43.843609  4493 work_detect.cpp:86] Detected bbox: [189 x 237 from (320, 92)]
I1014 10:56:43.843652  4493 work_detect.cpp:120] Succeeded to add det end for frame 94
I1014 10:56:43.843668  4493 work_thread.hpp:81]  [T-Work-Detect_0] Run work: WrokTrack
I1014 10:56:43.843693  4493 work_track.cpp:82] Frame: 94 build input_characts: [0.295312 x 0.658333 from (0.5, 0.255556)], 1.00035, 0
I1014 10:56:43.843749  4493 work_track.cpp:102] Succeeded to set track lock for frame 94
I1014 10:56:43.843787  4493 work_track.cpp:116] Succeeded to release track lock for frame 94
I1014 10:56:43.843802  4493 work_track.cpp:120] Track results of frame 94: 1 objects input, 1 objects tracked!
I1014 10:56:43.843820  4493 work_track.cpp:148] Frame: 94, track bbox: [189 x 237 from (330.113, 94.677)], gid: 2, lid: 0
I1014 10:56:43.843858  4493 work_thread.hpp:88]  [T-Work-Detect_0] Frame :94 split
I1014 10:56:43.843874  4493 work_thread.hpp:120]  [T-Work-Detect_0] Valid piece: gid = 2
I1014 10:56:43.843892  4493 work_thread.hpp:92]  [T-Work-Detect_0] Push to split queue:recog
I1014 10:56:43.844009  4496 thread_intergrate.hpp:78] [T-Intergrate-intergrate] queue: frame output frame :94
I1014 10:56:43.844012  4495 work_thread.hpp:81]  [T-Work-Recog_1] Run work: WorkCapture
I1014 10:56:43.844036  4496 thread_intergrate.hpp:85] [T-Intergrate-intergrate] queue: compare output face:2
I1014 10:56:43.844054  4496 thread_intergrate.hpp:137] T-Intergrate-intergrate set matched face: 2
I1014 10:56:43.844643  4495 work_thread.hpp:81]  [T-Work-Recog_1] Run work: WorkRecog
I1014 10:56:43.844691  4495 work_recog.hpp:89] Face id: 2 will run recog: bbox [189 x 237 from (320, 92)] quality: 0.461541
I1014 10:56:43.844724  4495 work_recog.hpp:96] Recog pair: [272 x 320 from (280, 40)], [189 x 237 from (40, 52)]
I1014 10:56:43.845237  4496 thread_intergrate.hpp:157] T-Intergrate-intergrate Show face :2, size :640 * 360
I1014 10:56:43.845710  4492 demo_inner.hpp:435] thread [SORT-0]  frame id 94 sorting queue size 6   FPS: 19.9708
I1014 10:56:43.862857  4495 work_thread.hpp:81]  [T-Work-Recog_1] Run work: WorkCompare
I1014 10:56:43.862980  4495 work_compare.cpp:76] Compare face: 2 successed, similarity :0.975141, name : images/thanglmb.jpg, normal size : 640 * 360!
I1014 10:56:43.884336  4490 demo_inner.hpp:177] decode queue size 0
I1014 10:56:43.884433  4493 work_thread.hpp:81]  [T-Work-Detect_0] Run work: WorkDetect
I1014 10:56:43.884467  4493 work_detect.cpp:102] Succeeded to add det start for frame 95
I1014 10:56:43.891126  4493 work_detect.cpp:70] Frame :95 detect result :1 face(s)
I1014 10:56:43.891170  4493 work_detect.cpp:86] Detected bbox: [183 x 232 from (320, 96)]
I1014 10:56:43.891213  4493 work_detect.cpp:120] Succeeded to add det end for frame 95
I1014 10:56:43.891229  4493 work_thread.hpp:81]  [T-Work-Detect_0] Run work: WrokTrack
I1014 10:56:43.891254  4493 work_track.cpp:82] Frame: 95 build input_characts: [0.285937 x 0.644444 from (0.5, 0.266667)], 1.00019, 0
I1014 10:56:43.891310  4493 work_track.cpp:102] Succeeded to set track lock for frame 95
I1014 10:56:43.891350  4493 work_track.cpp:116] Succeeded to release track lock for frame 95
I1014 10:56:43.891366  4493 work_track.cpp:120] Track results of frame 95: 1 objects input, 1 objects tracked!
I1014 10:56:43.891382  4493 work_track.cpp:148] Frame: 95, track bbox: [183 x 232 from (323.3, 94.0672)], gid: 2, lid: 0
I1014 10:56:43.891417  4493 work_thread.hpp:88]  [T-Work-Detect_0] Frame :95 split
I1014 10:56:43.891436  4493 work_thread.hpp:120]  [T-Work-Detect_0] Valid piece: gid = 2
I1014 10:56:43.891454  4493 work_thread.hpp:92]  [T-Work-Detect_0] Push to split queue:recog
I1014 10:56:43.891499  4496 thread_intergrate.hpp:78] [T-Intergrate-intergrate] queue: frame output frame :95
I1014 10:56:43.891500  4495 work_thread.hpp:81]  [T-Work-Recog_1] Run work: WorkCapture
I1014 10:56:43.891527  4496 thread_intergrate.hpp:85] [T-Intergrate-intergrate] queue: compare output face:2
I1014 10:56:43.891546  4496 thread_intergrate.hpp:137] T-Intergrate-intergrate set matched face: 2
I1014 10:56:43.892119  4495 work_thread.hpp:81]  [T-Work-Recog_1] Run work: WorkRecog
I1014 10:56:43.892145  4495 work_recog.hpp:89] Face id: 2 will run recog: bbox [183 x 232 from (320, 96)] quality: 0.453058
I1014 10:56:43.892215  4495 work_recog.hpp:96] Recog pair: [264 x 312 from (280, 48)], [183 x 232 from (40, 48)]
I1014 10:56:43.892745  4496 thread_intergrate.hpp:157] T-Intergrate-intergrate Show face :2, size :640 * 360
I1014 10:56:43.893244  4492 demo_inner.hpp:435] thread [SORT-0]  frame id 95 sorting queue size 7   FPS: 20.0293
I1014 10:56:43.910107  4495 work_thread.hpp:81]  [T-Work-Recog_1] Run work: WorkCompare
I1014 10:56:43.910228  4495 work_compare.cpp:76] Compare face: 2 successed, similarity :0.982062, name : images/thanglmb.jpg, normal size : 640 * 360!
I1014 10:56:43.938328  4490 demo_inner.hpp:177] decode queue size 0
I1014 10:56:43.938449  4493 work_thread.hpp:81]  [T-Work-Detect_0] Run work: WorkDetect
I1014 10:56:43.938483  4493 work_detect.cpp:102] Succeeded to add det start for frame 96
I1014 10:56:43.945261  4493 work_detect.cpp:70] Frame :96 detect result :1 face(s)
I1014 10:56:43.945303  4493 work_detect.cpp:86] Detected bbox: [172 x 222 from (319, 97)]
I1014 10:56:43.945345  4493 work_detect.cpp:120] Succeeded to add det end for frame 96
I1014 10:56:43.945361  4493 work_thread.hpp:81]  [T-Work-Detect_0] Run work: WrokTrack
I1014 10:56:43.945385  4493 work_track.cpp:82] Frame: 96 build input_characts: [0.26875 x 0.616667 from (0.498437, 0.269444)], 1.00019, 0
I1014 10:56:43.945441  4493 work_track.cpp:102] Succeeded to set track lock for frame 96
I1014 10:56:43.945479  4493 work_track.cpp:116] Succeeded to release track lock for frame 96
I1014 10:56:43.945494  4493 work_track.cpp:120] Track results of frame 96: 1 objects input, 1 objects tracked!
I1014 10:56:43.945511  4493 work_track.cpp:148] Frame: 96, track bbox: [172 x 222 from (318.356, 94.484)], gid: 2, lid: 0
I1014 10:56:43.945549  4493 work_thread.hpp:88]  [T-Work-Detect_0] Frame :96 split
I1014 10:56:43.945566  4493 work_thread.hpp:120]  [T-Work-Detect_0] Valid piece: gid = 2
I1014 10:56:43.945585  4493 work_thread.hpp:92]  [T-Work-Detect_0] Push to split queue:recog
I1014 10:56:43.945629  4495 work_thread.hpp:81]  [T-Work-Recog_1] Run work: WorkCapture
I1014 10:56:43.945631  4496 thread_intergrate.hpp:78] [T-Intergrate-intergrate] queue: frame output frame :96
I1014 10:56:43.945669  4496 thread_intergrate.hpp:85] [T-Intergrate-intergrate] queue: compare output face:2
I1014 10:56:43.945688  4496 thread_intergrate.hpp:137] T-Intergrate-intergrate set matched face: 2
I1014 10:56:43.946259  4495 work_thread.hpp:81]  [T-Work-Recog_1] Run work: WorkRecog
I1014 10:56:43.946285  4495 work_recog.hpp:89] Face id: 2 will run recog: bbox [172 x 222 from (319, 97)] quality: 0.471198
I1014 10:56:43.946323  4495 work_recog.hpp:96] Recog pair: [248 x 312 from (280, 48)], [172 x 222 from (39, 49)]
I1014 10:56:43.946852  4496 thread_intergrate.hpp:157] T-Intergrate-intergrate Show face :2, size :640 * 360
I1014 10:56:43.947388  4492 demo_inner.hpp:435] thread [SORT-0]  frame id 96 sorting queue size 8   FPS: 19.9805
I1014 10:56:43.964396  4495 work_thread.hpp:81]  [T-Work-Recog_1] Run work: WorkCompare
I1014 10:56:43.964517  4495 work_compare.cpp:76] Compare face: 2 successed, similarity :0.951138, name : images/thanglmb.jpg, normal size : 640 * 360!
I1014 10:56:43.986407  4490 demo_inner.hpp:177] decode queue size 0
I1014 10:56:43.986601  4493 work_thread.hpp:81]  [T-Work-Detect_0] Run work: WorkDetect
I1014 10:56:43.986636  4493 work_detect.cpp:102] Succeeded to add det start for frame 97
I1014 10:56:43.993275  4493 work_detect.cpp:70] Frame :97 detect result :1 face(s)
I1014 10:56:43.993315  4493 work_detect.cpp:86] Detected bbox: [161 x 203 from (315, 124)]
I1014 10:56:43.993357  4493 work_detect.cpp:120] Succeeded to add det end for frame 97
I1014 10:56:43.993373  4493 work_thread.hpp:81]  [T-Work-Detect_0] Run work: WrokTrack
I1014 10:56:43.993398  4493 work_track.cpp:82] Frame: 97 build input_characts: [0.251563 x 0.563889 from (0.492188, 0.344444)], 0.997596, 0
I1014 10:56:43.993453  4493 work_track.cpp:102] Succeeded to set track lock for frame 97
I1014 10:56:43.993494  4493 work_track.cpp:116] Succeeded to release track lock for frame 97
I1014 10:56:43.993508  4493 work_track.cpp:120] Track results of frame 97: 1 objects input, 1 objects tracked!
I1014 10:56:43.993525  4493 work_track.cpp:148] Frame: 97, track bbox: [161 x 203 from (312.799, 116.36)], gid: 2, lid: 0
I1014 10:56:43.993561  4493 work_thread.hpp:88]  [T-Work-Detect_0] Frame :97 split
I1014 10:56:43.993579  4493 work_thread.hpp:120]  [T-Work-Detect_0] Valid piece: gid = 2
I1014 10:56:43.993597  4493 work_thread.hpp:92]  [T-Work-Detect_0] Push to split queue:recog
I1014 10:56:43.993640  4496 thread_intergrate.hpp:78] [T-Intergrate-intergrate] queue: frame output frame :97
I1014 10:56:43.993667  4496 thread_intergrate.hpp:85] [T-Intergrate-intergrate] queue: compare output face:2
I1014 10:56:43.993644  4495 work_thread.hpp:81]  [T-Work-Recog_1] Run work: WorkCapture
I1014 10:56:43.993685  4496 thread_intergrate.hpp:137] T-Intergrate-intergrate set matched face: 2
I1014 10:56:43.994463  4495 work_thread.hpp:81]  [T-Work-Recog_1] Run work: WorkRecog
I1014 10:56:43.994489  4495 work_recog.hpp:89] Face id: 2 will run recog: bbox [161 x 203 from (315, 124)] quality: 0.437786
I1014 10:56:43.994520  4495 work_recog.hpp:96] Recog pair: [232 x 280 from (280, 80)], [161 x 203 from (35, 44)]
I1014 10:56:43.994935  4496 thread_intergrate.hpp:157] T-Intergrate-intergrate Show face :2, size :640 * 360
I1014 10:56:43.995472  4492 demo_inner.hpp:435] thread [SORT-0]  frame id 97 sorting queue size 9   FPS: 19.9805
I1014 10:56:44.012434  4495 work_thread.hpp:81]  [T-Work-Recog_1] Run work: WorkCompare
I1014 10:56:44.012545  4495 work_compare.cpp:76] Compare face: 2 successed, similarity :0.980268, name : images/thanglmb.jpg, normal size : 640 * 360!
I1014 10:56:44.034318  4490 demo_inner.hpp:177] decode queue size 0
I1014 10:56:44.034443  4493 work_thread.hpp:81]  [T-Work-Detect_0] Run work: WorkDetect
I1014 10:56:44.034478  4493 work_detect.cpp:102] Succeeded to add det start for frame 98
I1014 10:56:44.041101  4493 work_detect.cpp:70] Frame :98 detect result :1 face(s)
I1014 10:56:44.041143  4493 work_detect.cpp:86] Detected bbox: [160 x 212 from (309, 101)]
I1014 10:56:44.041187  4493 work_detect.cpp:120] Succeeded to add det end for frame 98
I1014 10:56:44.041203  4493 work_thread.hpp:81]  [T-Work-Detect_0] Run work: WrokTrack
I1014 10:56:44.041227  4493 work_track.cpp:82] Frame: 98 build input_characts: [0.25 x 0.588889 from (0.482812, 0.280556)], 1.00035, 0
I1014 10:56:44.041283  4493 work_track.cpp:102] Succeeded to set track lock for frame 98
I1014 10:56:44.041323  4493 work_track.cpp:116] Succeeded to release track lock for frame 98
I1014 10:56:44.041339  4493 work_track.cpp:120] Track results of frame 98: 1 objects input, 1 objects tracked!
I1014 10:56:44.041357  4493 work_track.cpp:148] Frame: 98, track bbox: [160 x 212 from (308.627, 107.635)], gid: 2, lid: 0
I1014 10:56:44.041393  4493 work_thread.hpp:88]  [T-Work-Detect_0] Frame :98 split
I1014 10:56:44.041410  4493 work_thread.hpp:120]  [T-Work-Detect_0] Valid piece: gid = 2
I1014 10:56:44.041429  4493 work_thread.hpp:92]  [T-Work-Detect_0] Push to split queue:recog
I1014 10:56:44.041488  4494 work_thread.hpp:81]  [T-Work-Recog_0] Run work: WorkCapture
I1014 10:56:44.041786  4496 thread_intergrate.hpp:78] [T-Intergrate-intergrate] queue: frame output frame :98
I1014 10:56:44.041812  4496 thread_intergrate.hpp:85] [T-Intergrate-intergrate] queue: compare output face:2
I1014 10:56:44.041831  4496 thread_intergrate.hpp:137] T-Intergrate-intergrate set matched face: 2
I1014 10:56:44.042052  4494 work_thread.hpp:81]  [T-Work-Recog_0] Run work: WorkRecog
I1014 10:56:44.042075  4494 work_recog.hpp:89] Face id: 2 will run recog: bbox [160 x 212 from (309, 101)] quality: 0.415444
I1014 10:56:44.042104  4494 work_recog.hpp:96] Recog pair: [232 x 304 from (272, 56)], [160 x 212 from (37, 45)]
I1014 10:56:44.043006  4496 thread_intergrate.hpp:157] T-Intergrate-intergrate Show face :2, size :640 * 360
I1014 10:56:44.043530  4492 demo_inner.hpp:435] thread [SORT-0]  frame id 98 sorting queue size 10   FPS: 20.0293
I1014 10:56:44.059651  4494 work_thread.hpp:81]  [T-Work-Recog_0] Run work: WorkCompare
I1014 10:56:44.059751  4494 work_compare.cpp:76] Compare face: 2 successed, similarity :0.985155, name : images/thanglmb.jpg, normal size : 640 * 360!
I1014 10:56:44.088317  4490 demo_inner.hpp:177] decode queue size 0
I1014 10:56:44.088428  4493 work_thread.hpp:81]  [T-Work-Detect_0] Run work: WorkDetect
I1014 10:56:44.088464  4493 work_detect.cpp:102] Succeeded to add det start for frame 99
I1014 10:56:44.095166  4493 work_detect.cpp:70] Frame :99 detect result :1 face(s)
I1014 10:56:44.095213  4493 work_detect.cpp:86] Detected bbox: [163 x 210 from (300, 106)]
I1014 10:56:44.095257  4493 work_detect.cpp:120] Succeeded to add det end for frame 99
I1014 10:56:44.095274  4493 work_thread.hpp:81]  [T-Work-Detect_0] Run work: WrokTrack
I1014 10:56:44.095299  4493 work_track.cpp:82] Frame: 99 build input_characts: [0.254687 x 0.583333 from (0.46875, 0.294444)], 1.00035, 0
I1014 10:56:44.095433  4493 work_track.cpp:102] Succeeded to set track lock for frame 99
I1014 10:56:44.095475  4493 work_track.cpp:116] Succeeded to release track lock for frame 99
I1014 10:56:44.095490  4493 work_track.cpp:120] Track results of frame 99: 1 objects input, 1 objects tracked!
I1014 10:56:44.095508  4493 work_track.cpp:148] Frame: 99, track bbox: [163 x 210 from (300.788, 107.678)], gid: 2, lid: 0
I1014 10:56:44.095546  4493 work_thread.hpp:88]  [T-Work-Detect_0] Frame :99 split
I1014 10:56:44.095563  4493 work_thread.hpp:120]  [T-Work-Detect_0] Valid piece: gid = 2
I1014 10:56:44.095582  4493 work_thread.hpp:92]  [T-Work-Detect_0] Push to split queue:recog
I1014 10:56:44.095628  4494 work_thread.hpp:81]  [T-Work-Recog_0] Run work: WorkCapture
I1014 10:56:44.095921  4496 thread_intergrate.hpp:78] [T-Intergrate-intergrate] queue: frame output frame :99
I1014 10:56:44.095948  4496 thread_intergrate.hpp:85] [T-Intergrate-intergrate] queue: compare output face:2
I1014 10:56:44.095968  4496 thread_intergrate.hpp:137] T-Intergrate-intergrate set matched face: 2
I1014 10:56:44.096199  4494 work_thread.hpp:81]  [T-Work-Recog_0] Run work: WorkRecog
I1014 10:56:44.096222  4494 work_recog.hpp:89] Face id: 2 will run recog: bbox [163 x 210 from (300, 106)] quality: 0.438707
I1014 10:56:44.096251  4494 work_recog.hpp:96] Recog pair: [232 x 296 from (264, 64)], [163 x 210 from (36, 42)]
I1014 10:56:44.097153  4496 thread_intergrate.hpp:157] T-Intergrate-intergrate Show face :2, size :640 * 360
I1014 10:56:44.113777  4494 work_thread.hpp:81]  [T-Work-Recog_0] Run work: WorkCompare
I1014 10:56:44.113883  4494 work_compare.cpp:76] Compare face: 2 successed, similarity :0.971707, name : images/thanglmb.jpg, normal size : 640 * 360!
I1014 10:56:44.136431  4490 demo_inner.hpp:177] decode queue size 0
I1014 10:56:44.136642  4493 work_thread.hpp:81]  [T-Work-Detect_0] Run work: WorkDetect
I1014 10:56:44.136682  4493 work_detect.cpp:102] Succeeded to add det start for frame 100
I1014 10:56:44.143182  4493 work_detect.cpp:70] Frame :100 detect result :1 face(s)
I1014 10:56:44.143224  4493 work_detect.cpp:86] Detected bbox: [153 x 201 from (290, 124)]
I1014 10:56:44.143267  4493 work_detect.cpp:120] Succeeded to add det end for frame 100
I1014 10:56:44.143285  4493 work_thread.hpp:81]  [T-Work-Detect_0] Run work: WrokTrack
I1014 10:56:44.143309  4493 work_track.cpp:82] Frame: 100 build input_characts: [0.239063 x 0.558333 from (0.453125, 0.344444)], 0.99799, 0
I1014 10:56:44.143365  4493 work_track.cpp:102] Succeeded to set track lock for frame 100
I1014 10:56:44.143404  4493 work_track.cpp:116] Succeeded to release track lock for frame 100
I1014 10:56:44.143419  4493 work_track.cpp:120] Track results of frame 100: 1 objects input, 1 objects tracked!
I1014 10:56:44.143437  4493 work_track.cpp:148] Frame: 100, track bbox: [153 x 201 from (293.485, 117.939)], gid: 2, lid: 0
I1014 10:56:44.143474  4493 work_thread.hpp:88]  [T-Work-Detect_0] Frame :100 split
I1014 10:56:44.143491  4493 work_thread.hpp:120]  [T-Work-Detect_0] Valid piece: gid = 2
I1014 10:56:44.143509  4493 work_thread.hpp:92]  [T-Work-Detect_0] Push to split queue:recog
I1014 10:56:44.143561  4496 thread_intergrate.hpp:78] [T-Intergrate-intergrate] queue: frame output frame :100
I1014 10:56:44.143571  4495 work_thread.hpp:81]  [T-Work-Recog_1] Run work: WorkCapture
I1014 10:56:44.143589  4496 thread_intergrate.hpp:85] [T-Intergrate-intergrate] queue: compare output face:2
I1014 10:56:44.143607  4496 thread_intergrate.hpp:137] T-Intergrate-intergrate set matched face: 2
I1014 10:56:44.144186  4495 work_thread.hpp:81]  [T-Work-Recog_1] Run work: WorkRecog
I1014 10:56:44.144212  4495 work_recog.hpp:89] Face id: 2 will run recog: bbox [153 x 201 from (290, 124)] quality: 0.454971
I1014 10:56:44.144241  4495 work_recog.hpp:96] Recog pair: [224 x 280 from (256, 80)], [153 x 201 from (34, 44)]
I1014 10:56:44.144794  4496 thread_intergrate.hpp:157] T-Intergrate-intergrate Show face :2, size :640 * 360
I1014 10:56:44.162052  4495 work_thread.hpp:81]  [T-Work-Recog_1] Run work: WorkCompare
I1014 10:56:44.162179  4495 work_compare.cpp:76] Compare face: 2 successed, similarity :0.985088, name : images/thanglmb.jpg, normal size : 640 * 360!
I1014 10:56:44.184339  4490 demo_inner.hpp:177] decode queue size 0
I1014 10:56:44.184463  4493 work_thread.hpp:81]  [T-Work-Detect_0] Run work: WorkDetect
I1014 10:56:44.184497  4493 work_detect.cpp:102] Succeeded to add det start for frame 101
I1014 10:56:44.191066  4493 work_detect.cpp:70] Frame :101 detect result :1 face(s)
I1014 10:56:44.191109  4493 work_detect.cpp:86] Detected bbox: [135 x 180 from (292, 139)]
I1014 10:56:44.191154  4493 work_detect.cpp:120] Succeeded to add det end for frame 101
I1014 10:56:44.191170  4493 work_thread.hpp:81]  [T-Work-Detect_0] Run work: WrokTrack
I1014 10:56:44.191197  4493 work_track.cpp:82] Frame: 101 build input_characts: [0.210938 x 0.5 from (0.45625, 0.386111)], 0.998877, 0
I1014 10:56:44.191251  4493 work_track.cpp:102] Succeeded to set track lock for frame 101
I1014 10:56:44.191293  4493 work_track.cpp:116] Succeeded to release track lock for frame 101
I1014 10:56:44.191306  4493 work_track.cpp:120] Track results of frame 101: 1 objects input, 1 objects tracked!
I1014 10:56:44.191324  4493 work_track.cpp:148] Frame: 101, track bbox: [135 x 180 from (292.416, 135.048)], gid: 2, lid: 0
I1014 10:56:44.191360  4493 work_thread.hpp:88]  [T-Work-Detect_0] Frame :101 split
I1014 10:56:44.191378  4493 work_thread.hpp:120]  [T-Work-Detect_0] Valid piece: gid = 2
I1014 10:56:44.191396  4493 work_thread.hpp:92]  [T-Work-Detect_0] Push to split queue:recog
I1014 10:56:44.191448  4496 thread_intergrate.hpp:78] [T-Intergrate-intergrate] queue: frame output frame :101
I1014 10:56:44.191449  4495 work_thread.hpp:81]  [T-Work-Recog_1] Run work: WorkCapture
I1014 10:56:44.191478  4496 thread_intergrate.hpp:85] [T-Intergrate-intergrate] queue: compare output face:2
I1014 10:56:44.191498  4496 thread_intergrate.hpp:137] T-Intergrate-intergrate set matched face: 2
I1014 10:56:44.192064  4495 work_thread.hpp:81]  [T-Work-Recog_1] Run work: WorkRecog
I1014 10:56:44.192088  4495 work_recog.hpp:89] Face id: 2 will run recog: bbox [135 x 180 from (292, 139)] quality: 0.37357
I1014 10:56:44.192117  4495 work_recog.hpp:96] Recog pair: [192 x 264 from (264, 96)], [135 x 180 from (28, 43)]
I1014 10:56:44.192683  4496 thread_intergrate.hpp:157] T-Intergrate-intergrate Show face :2, size :640 * 360
I1014 10:56:44.209918  4495 work_thread.hpp:81]  [T-Work-Recog_1] Run work: WorkCompare
I1014 10:56:44.210028  4495 work_compare.cpp:76] Compare face: 2 successed, similarity :0.977086, name : images/thanglmb.jpg, normal size : 640 * 360!
I1014 10:56:44.238198  4490 demo_inner.hpp:177] decode queue size 0
I1014 10:56:44.238343  4493 work_thread.hpp:81]  [T-Work-Detect_0] Run work: WorkDetect
I1014 10:56:44.238379  4493 work_detect.cpp:102] Succeeded to add det start for frame 102
I1014 10:56:44.245062  4493 work_detect.cpp:70] Frame :102 detect result :1 face(s)
I1014 10:56:44.245111  4493 work_detect.cpp:86] Detected bbox: [141 x 180 from (283, 139)]
I1014 10:56:44.245153  4493 work_detect.cpp:120] Succeeded to add det end for frame 102
I1014 10:56:44.245170  4493 work_thread.hpp:81]  [T-Work-Detect_0] Run work: WrokTrack
I1014 10:56:44.245195  4493 work_track.cpp:82] Frame: 102 build input_characts: [0.220313 x 0.5 from (0.442187, 0.386111)], 0.999722, 0
I1014 10:56:44.245251  4493 work_track.cpp:102] Succeeded to set track lock for frame 102
I1014 10:56:44.245291  4493 work_track.cpp:116] Succeeded to release track lock for frame 102
