I1014 12:24:39.801729  6061 work_track.cpp:116] Succeeded to release track lock for frame 224
I1014 12:24:39.801743  6061 work_track.cpp:120] Track results of frame 224: 0 objects input, 0 objects tracked!
I1014 12:24:39.801761  6061 work_thread.hpp:88]  [T-Work-Detect_0] Frame :224 split
I1014 12:24:39.801825  6064 thread_intergrate.hpp:78] [T-Intergrate-intergrate] queue: frame output frame :224
I1014 12:24:39.803280  6060 demo_inner.hpp:435] thread [SORT-0]  frame id 224 sorting queue size 0   FPS: 33.1272
I1014 12:24:39.830701  6058 demo_inner.hpp:177] decode queue size 0
I1014 12:24:39.830809  6061 work_thread.hpp:81]  [T-Work-Detect_0] Run work: WorkDetect
I1014 12:24:39.830847  6061 work_detect.cpp:102] Succeeded to add det start for frame 225
I1014 12:24:39.837477  6061 work_detect.cpp:70] Frame :225 detect result :1 face(s)
W1014 12:24:39.837522  6061 work_detect.cpp:83] Invalid bbox: [140 x 160 from (280, 218)]
I1014 12:24:39.837618  6061 work_detect.cpp:120] Succeeded to add det end for frame 225
I1014 12:24:39.837636  6061 work_thread.hpp:81]  [T-Work-Detect_0] Run work: WrokTrack
I1014 12:24:39.837662  6061 work_track.cpp:102] Succeeded to set track lock for frame 225
I1014 12:24:39.837740  6061 work_track.cpp:116] Succeeded to release track lock for frame 225
I1014 12:24:39.837755  6061 work_track.cpp:120] Track results of frame 225: 0 objects input, 0 objects tracked!
I1014 12:24:39.837774  6061 work_thread.hpp:88]  [T-Work-Detect_0] Frame :225 split
I1014 12:24:39.837821  6064 thread_intergrate.hpp:78] [T-Intergrate-intergrate] queue: frame output frame :225
I1014 12:24:39.839359  6060 demo_inner.hpp:435] thread [SORT-0]  frame id 225 sorting queue size 1   FPS: 32.6229
I1014 12:24:39.851151  6059 demo_inner.hpp:260]  gui queue size 1, state = running
I1014 12:24:39.860936  6058 demo_inner.hpp:177] decode queue size 0
I1014 12:24:39.861038  6061 work_thread.hpp:81]  [T-Work-Detect_0] Run work: WorkDetect
I1014 12:24:39.861075  6061 work_detect.cpp:102] Succeeded to add det start for frame 226
I1014 12:24:39.867744  6061 work_detect.cpp:70] Frame :226 detect result :1 face(s)
W1014 12:24:39.867787  6061 work_detect.cpp:83] Invalid bbox: [140 x 166 from (280, 212)]
I1014 12:24:39.867888  6061 work_detect.cpp:120] Succeeded to add det end for frame 226
I1014 12:24:39.867905  6061 work_thread.hpp:81]  [T-Work-Detect_0] Run work: WrokTrack
I1014 12:24:39.867933  6061 work_track.cpp:102] Succeeded to set track lock for frame 226
I1014 12:24:39.867959  6061 work_track.cpp:116] Succeeded to release track lock for frame 226
I1014 12:24:39.867974  6061 work_track.cpp:120] Track results of frame 226: 0 objects input, 0 objects tracked!
I1014 12:24:39.867991  6061 work_thread.hpp:88]  [T-Work-Detect_0] Frame :226 split
I1014 12:24:39.868044  6064 thread_intergrate.hpp:78] [T-Intergrate-intergrate] queue: frame output frame :226
I1014 12:24:39.869514  6060 demo_inner.hpp:435] thread [SORT-0]  frame id 226 sorting queue size 0   FPS: 32.2165
I1014 12:24:39.896924  6058 demo_inner.hpp:177] decode queue size 0
I1014 12:24:39.897053  6061 work_thread.hpp:81]  [T-Work-Detect_0] Run work: WorkDetect
I1014 12:24:39.897090  6061 work_detect.cpp:102] Succeeded to add det start for frame 227
I1014 12:24:39.903787  6061 work_detect.cpp:70] Frame :227 detect result :1 face(s)
W1014 12:24:39.903825  6061 work_detect.cpp:83] Invalid bbox: [138 x 164 from (281, 214)]
I1014 12:24:39.903923  6061 work_detect.cpp:120] Succeeded to add det end for frame 227
I1014 12:24:39.903939  6061 work_thread.hpp:81]  [T-Work-Detect_0] Run work: WrokTrack
I1014 12:24:39.903964  6061 work_track.cpp:102] Succeeded to set track lock for frame 227
I1014 12:24:39.903991  6061 work_track.cpp:116] Succeeded to release track lock for frame 227
I1014 12:24:39.904004  6061 work_track.cpp:120] Track results of frame 227: 0 objects input, 0 objects tracked!
I1014 12:24:39.904023  6061 work_thread.hpp:88]  [T-Work-Detect_0] Frame :227 split
I1014 12:24:39.904069  6064 thread_intergrate.hpp:78] [T-Intergrate-intergrate] queue: frame output frame :227
I1014 12:24:39.905503  6060 demo_inner.hpp:435] thread [SORT-0]  frame id 227 sorting queue size 1   FPS: 31.7393
I1014 12:24:39.926826  6058 demo_inner.hpp:177] decode queue size 0
I1014 12:24:39.926928  6061 work_thread.hpp:81]  [T-Work-Detect_0] Run work: WorkDetect
I1014 12:24:39.926964  6061 work_detect.cpp:102] Succeeded to add det start for frame 228
I1014 12:24:39.930056  6059 demo_inner.hpp:260]  gui queue size 1, state = running
I1014 12:24:39.933883  6061 work_detect.cpp:70] Frame :228 detect result :1 face(s)
W1014 12:24:39.933939  6061 work_detect.cpp:83] Invalid bbox: [139 x 164 from (281, 212)]
I1014 12:24:39.934038  6061 work_detect.cpp:120] Succeeded to add det end for frame 228
I1014 12:24:39.934056  6061 work_thread.hpp:81]  [T-Work-Detect_0] Run work: WrokTrack
I1014 12:24:39.934082  6061 work_track.cpp:102] Succeeded to set track lock for frame 228
I1014 12:24:39.934109  6061 work_track.cpp:116] Succeeded to release track lock for frame 228
I1014 12:24:39.934123  6061 work_track.cpp:120] Track results of frame 228: 0 objects input, 0 objects tracked!
I1014 12:24:39.934141  6061 work_thread.hpp:88]  [T-Work-Detect_0] Frame :228 split
I1014 12:24:39.934206  6064 thread_intergrate.hpp:78] [T-Intergrate-intergrate] queue: frame output frame :228
I1014 12:24:39.935663  6060 demo_inner.hpp:435] thread [SORT-0]  frame id 228 sorting queue size 0   FPS: 31.3545
I1014 12:24:39.962790  6058 demo_inner.hpp:177] decode queue size 0
I1014 12:24:39.962918  6061 work_thread.hpp:81]  [T-Work-Detect_0] Run work: WorkDetect
I1014 12:24:39.962962  6061 work_detect.cpp:102] Succeeded to add det start for frame 229
I1014 12:24:39.969729  6061 work_detect.cpp:70] Frame :229 detect result :1 face(s)
W1014 12:24:39.969774  6061 work_detect.cpp:83] Invalid bbox: [141 x 164 from (280, 214)]
I1014 12:24:39.969875  6061 work_detect.cpp:120] Succeeded to add det end for frame 229
I1014 12:24:39.969892  6061 work_thread.hpp:81]  [T-Work-Detect_0] Run work: WrokTrack
I1014 12:24:39.969918  6061 work_track.cpp:102] Succeeded to set track lock for frame 229
I1014 12:24:39.969945  6061 work_track.cpp:116] Succeeded to release track lock for frame 229
I1014 12:24:39.969959  6061 work_track.cpp:120] Track results of frame 229: 0 objects input, 0 objects tracked!
I1014 12:24:39.969977  6061 work_thread.hpp:88]  [T-Work-Detect_0] Frame :229 split
I1014 12:24:39.970023  6064 thread_intergrate.hpp:78] [T-Intergrate-intergrate] queue: frame output frame :229
I1014 12:24:39.971510  6060 demo_inner.hpp:435] thread [SORT-0]  frame id 229 sorting queue size 1   FPS: 30.9151
I1014 12:24:39.992813  6058 demo_inner.hpp:177] decode queue size 0
I1014 12:24:39.992913  6061 work_thread.hpp:81]  [T-Work-Detect_0] Run work: WorkDetect
I1014 12:24:39.992947  6061 work_detect.cpp:102] Succeeded to add det start for frame 230
I1014 12:24:39.999402  6061 work_detect.cpp:70] Frame :230 detect result :1 face(s)
W1014 12:24:39.999449  6061 work_detect.cpp:83] Invalid bbox: [140 x 165 from (277, 215)]
I1014 12:24:39.999545  6061 work_detect.cpp:120] Succeeded to add det end for frame 230
I1014 12:24:39.999562  6061 work_thread.hpp:81]  [T-Work-Detect_0] Run work: WrokTrack
I1014 12:24:39.999588  6061 work_track.cpp:102] Succeeded to set track lock for frame 230
I1014 12:24:39.999615  6061 work_track.cpp:116] Succeeded to release track lock for frame 230
I1014 12:24:39.999629  6061 work_track.cpp:120] Track results of frame 230: 0 objects input, 0 objects tracked!
I1014 12:24:39.999647  6061 work_thread.hpp:88]  [T-Work-Detect_0] Frame :230 split
I1014 12:24:39.999702  6064 thread_intergrate.hpp:78] [T-Intergrate-intergrate] queue: frame output frame :230
I1014 12:24:40.001250  6060 demo_inner.hpp:435] thread [SORT-0]  frame id 230 sorting queue size 2   FPS: 30.5499
I1014 12:24:40.024346  6059 demo_inner.hpp:260]  gui queue size 2, state = running
I1014 12:24:40.028868  6058 demo_inner.hpp:177] decode queue size 0
I1014 12:24:40.028973  6061 work_thread.hpp:81]  [T-Work-Detect_0] Run work: WorkDetect
I1014 12:24:40.029008  6061 work_detect.cpp:102] Succeeded to add det start for frame 231
I1014 12:24:40.035648  6061 work_detect.cpp:70] Frame :231 detect result :1 face(s)
W1014 12:24:40.035696  6061 work_detect.cpp:83] Invalid bbox: [139 x 163 from (281, 215)]
I1014 12:24:40.035796  6061 work_detect.cpp:120] Succeeded to add det end for frame 231
I1014 12:24:40.035814  6061 work_thread.hpp:81]  [T-Work-Detect_0] Run work: WrokTrack
I1014 12:24:40.035840  6061 work_track.cpp:102] Succeeded to set track lock for frame 231
I1014 12:24:40.035867  6061 work_track.cpp:116] Succeeded to release track lock for frame 231
I1014 12:24:40.035881  6061 work_track.cpp:120] Track results of frame 231: 0 objects input, 0 objects tracked!
I1014 12:24:40.035899  6061 work_thread.hpp:88]  [T-Work-Detect_0] Frame :231 split
I1014 12:24:40.035945  6064 thread_intergrate.hpp:78] [T-Intergrate-intergrate] queue: frame output frame :231
I1014 12:24:40.037418  6060 demo_inner.hpp:435] thread [SORT-0]  frame id 231 sorting queue size 0   FPS: 30.1205
I1014 12:24:40.064787  6058 demo_inner.hpp:177] decode queue size 0
I1014 12:24:40.064903  6061 work_thread.hpp:81]  [T-Work-Detect_0] Run work: WorkDetect
I1014 12:24:40.064937  6061 work_detect.cpp:102] Succeeded to add det start for frame 232
I1014 12:24:40.071681  6061 work_detect.cpp:70] Frame :232 detect result :1 face(s)
W1014 12:24:40.071722  6061 work_detect.cpp:83] Invalid bbox: [140 x 166 from (281, 214)]
I1014 12:24:40.071816  6061 work_detect.cpp:120] Succeeded to add det end for frame 232
I1014 12:24:40.071835  6061 work_thread.hpp:81]  [T-Work-Detect_0] Run work: WrokTrack
I1014 12:24:40.071859  6061 work_track.cpp:102] Succeeded to set track lock for frame 232
I1014 12:24:40.071887  6061 work_track.cpp:116] Succeeded to release track lock for frame 232
I1014 12:24:40.071900  6061 work_track.cpp:120] Track results of frame 232: 0 objects input, 0 objects tracked!
I1014 12:24:40.071919  6061 work_thread.hpp:88]  [T-Work-Detect_0] Frame :232 split
I1014 12:24:40.071966  6064 thread_intergrate.hpp:78] [T-Intergrate-intergrate] queue: frame output frame :232
I1014 12:24:40.073469  6060 demo_inner.hpp:435] thread [SORT-0]  frame id 232 sorting queue size 1   FPS: 29.9162
I1014 12:24:40.091763  6059 demo_inner.hpp:260]  gui queue size 1, state = running
I1014 12:24:40.094982  6058 demo_inner.hpp:177] decode queue size 0
I1014 12:24:40.095095  6061 work_thread.hpp:81]  [T-Work-Detect_0] Run work: WorkDetect
I1014 12:24:40.095129  6061 work_detect.cpp:102] Succeeded to add det start for frame 233
I1014 12:24:40.101799  6061 work_detect.cpp:70] Frame :233 detect result :1 face(s)
W1014 12:24:40.101846  6061 work_detect.cpp:83] Invalid bbox: [140 x 163 from (281, 215)]
I1014 12:24:40.101945  6061 work_detect.cpp:120] Succeeded to add det end for frame 233
I1014 12:24:40.101963  6061 work_thread.hpp:81]  [T-Work-Detect_0] Run work: WrokTrack
I1014 12:24:40.101989  6061 work_track.cpp:102] Succeeded to set track lock for frame 233
I1014 12:24:40.102015  6061 work_track.cpp:116] Succeeded to release track lock for frame 233
I1014 12:24:40.102028  6061 work_track.cpp:120] Track results of frame 233: 0 objects input, 0 objects tracked!
I1014 12:24:40.102047  6061 work_thread.hpp:88]  [T-Work-Detect_0] Frame :233 split
I1014 12:24:40.102099  6064 thread_intergrate.hpp:78] [T-Intergrate-intergrate] queue: frame output frame :233
I1014 12:24:40.103670  6060 demo_inner.hpp:435] thread [SORT-0]  frame id 233 sorting queue size 0   FPS: 29.988
I1014 12:24:40.130833  6058 demo_inner.hpp:177] decode queue size 0
I1014 12:24:40.130945  6061 work_thread.hpp:81]  [T-Work-Detect_0] Run work: WorkDetect
I1014 12:24:40.130980  6061 work_detect.cpp:102] Succeeded to add det start for frame 234
I1014 12:24:40.137724  6061 work_detect.cpp:70] Frame :234 detect result :1 face(s)
W1014 12:24:40.137766  6061 work_detect.cpp:83] Invalid bbox: [139 x 162 from (281, 215)]
I1014 12:24:40.137881  6061 work_detect.cpp:120] Succeeded to add det end for frame 234
I1014 12:24:40.137898  6061 work_thread.hpp:81]  [T-Work-Detect_0] Run work: WrokTrack
I1014 12:24:40.137925  6061 work_track.cpp:102] Succeeded to set track lock for frame 234
I1014 12:24:40.137953  6061 work_track.cpp:116] Succeeded to release track lock for frame 234
I1014 12:24:40.137969  6061 work_track.cpp:120] Track results of frame 234: 0 objects input, 0 objects tracked!
I1014 12:24:40.137987  6061 work_thread.hpp:88]  [T-Work-Detect_0] Frame :234 split
I1014 12:24:40.138033  6064 thread_intergrate.hpp:78] [T-Intergrate-intergrate] queue: frame output frame :234
I1014 12:24:40.139534  6060 demo_inner.hpp:435] thread [SORT-0]  frame id 234 sorting queue size 1   FPS: 29.9162
I1014 12:24:40.160847  6058 demo_inner.hpp:177] decode queue size 0
I1014 12:24:40.160949  6061 work_thread.hpp:81]  [T-Work-Detect_0] Run work: WorkDetect
I1014 12:24:40.160984  6061 work_detect.cpp:102] Succeeded to add det start for frame 235
I1014 12:24:40.163895  6059 demo_inner.hpp:260]  gui queue size 1, state = running
I1014 12:24:40.167968  6061 work_detect.cpp:70] Frame :235 detect result :1 face(s)
W1014 12:24:40.168020  6061 work_detect.cpp:83] Invalid bbox: [141 x 166 from (280, 212)]
I1014 12:24:40.168180  6061 work_detect.cpp:120] Succeeded to add det end for frame 235
I1014 12:24:40.168200  6061 work_thread.hpp:81]  [T-Work-Detect_0] Run work: WrokTrack
I1014 12:24:40.168273  6061 work_track.cpp:102] Succeeded to set track lock for frame 235
I1014 12:24:40.168303  6061 work_track.cpp:116] Succeeded to release track lock for frame 235
I1014 12:24:40.168318  6061 work_track.cpp:120] Track results of frame 235: 0 objects input, 0 objects tracked!
I1014 12:24:40.168335  6061 work_thread.hpp:88]  [T-Work-Detect_0] Frame :235 split
I1014 12:24:40.168392  6064 thread_intergrate.hpp:78] [T-Intergrate-intergrate] queue: frame output frame :235
I1014 12:24:40.169895  6060 demo_inner.hpp:435] thread [SORT-0]  frame id 235 sorting queue size 0   FPS: 29.976
I1014 12:24:40.196769  6058 demo_inner.hpp:177] decode queue size 0
I1014 12:24:40.196875  6061 work_thread.hpp:81]  [T-Work-Detect_0] Run work: WorkDetect
I1014 12:24:40.196911  6061 work_detect.cpp:102] Succeeded to add det start for frame 236
I1014 12:24:40.203359  6061 work_detect.cpp:70] Frame :236 detect result :1 face(s)
W1014 12:24:40.203408  6061 work_detect.cpp:83] Invalid bbox: [138 x 162 from (278, 217)]
I1014 12:24:40.203505  6061 work_detect.cpp:120] Succeeded to add det end for frame 236
I1014 12:24:40.203523  6061 work_thread.hpp:81]  [T-Work-Detect_0] Run work: WrokTrack
I1014 12:24:40.203549  6061 work_track.cpp:102] Succeeded to set track lock for frame 236
I1014 12:24:40.203577  6061 work_track.cpp:116] Succeeded to release track lock for frame 236
I1014 12:24:40.203590  6061 work_track.cpp:120] Track results of frame 236: 0 objects input, 0 objects tracked!
I1014 12:24:40.203608  6061 work_thread.hpp:88]  [T-Work-Detect_0] Frame :236 split
I1014 12:24:40.203653  6064 thread_intergrate.hpp:78] [T-Intergrate-intergrate] queue: frame output frame :236
I1014 12:24:40.205157  6060 demo_inner.hpp:435] thread [SORT-0]  frame id 236 sorting queue size 1   FPS: 29.9162
I1014 12:24:40.226933  6058 demo_inner.hpp:177] decode queue size 0
I1014 12:24:40.227030  6061 work_thread.hpp:81]  [T-Work-Detect_0] Run work: WorkDetect
I1014 12:24:40.227062  6061 work_detect.cpp:102] Succeeded to add det start for frame 237
I1014 12:24:40.230971  6059 demo_inner.hpp:260]  gui queue size 1, state = running
I1014 12:24:40.233876  6061 work_detect.cpp:70] Frame :237 detect result :1 face(s)
W1014 12:24:40.233935  6061 work_detect.cpp:83] Invalid bbox: [139 x 163 from (277, 216)]
I1014 12:24:40.234035  6061 work_detect.cpp:120] Succeeded to add det end for frame 237
I1014 12:24:40.234052  6061 work_thread.hpp:81]  [T-Work-Detect_0] Run work: WrokTrack
I1014 12:24:40.234079  6061 work_track.cpp:102] Succeeded to set track lock for frame 237
I1014 12:24:40.234107  6061 work_track.cpp:116] Succeeded to release track lock for frame 237
I1014 12:24:40.234122  6061 work_track.cpp:120] Track results of frame 237: 0 objects input, 0 objects tracked!
I1014 12:24:40.234139  6061 work_thread.hpp:88]  [T-Work-Detect_0] Frame :237 split
I1014 12:24:40.234205  6064 thread_intergrate.hpp:78] [T-Intergrate-intergrate] queue: frame output frame :237
I1014 12:24:40.235713  6060 demo_inner.hpp:435] thread [SORT-0]  frame id 237 sorting queue size 0   FPS: 29.976
I1014 12:24:40.262769  6058 demo_inner.hpp:177] decode queue size 0
I1014 12:24:40.262868  6061 work_thread.hpp:81]  [T-Work-Detect_0] Run work: WorkDetect
I1014 12:24:40.262903  6061 work_detect.cpp:102] Succeeded to add det start for frame 238
I1014 12:24:40.269464  6061 work_detect.cpp:70] Frame :238 detect result :1 face(s)
W1014 12:24:40.269513  6061 work_detect.cpp:83] Invalid bbox: [141 x 165 from (277, 215)]
I1014 12:24:40.269610  6061 work_detect.cpp:120] Succeeded to add det end for frame 238
I1014 12:24:40.269629  6061 work_thread.hpp:81]  [T-Work-Detect_0] Run work: WrokTrack
I1014 12:24:40.269654  6061 work_track.cpp:102] Succeeded to set track lock for frame 238
I1014 12:24:40.269682  6061 work_track.cpp:116] Succeeded to release track lock for frame 238
I1014 12:24:40.269696  6061 work_track.cpp:120] Track results of frame 238: 0 objects input, 0 objects tracked!
I1014 12:24:40.269714  6061 work_thread.hpp:88]  [T-Work-Detect_0] Frame :238 split
I1014 12:24:40.269814  6064 thread_intergrate.hpp:78] [T-Intergrate-intergrate] queue: frame output frame :238
I1014 12:24:40.271385  6060 demo_inner.hpp:435] thread [SORT-0]  frame id 238 sorting queue size 1   FPS: 29.988
I1014 12:24:40.298751  6058 demo_inner.hpp:177] decode queue size 0
I1014 12:24:40.298862  6061 work_thread.hpp:81]  [T-Work-Detect_0] Run work: WorkDetect
I1014 12:24:40.298897  6061 work_detect.cpp:102] Succeeded to add det start for frame 239
I1014 12:24:40.305488  6061 work_detect.cpp:70] Frame :239 detect result :1 face(s)
W1014 12:24:40.305533  6061 work_detect.cpp:83] Invalid bbox: [141 x 161 from (280, 217)]
I1014 12:24:40.305634  6061 work_detect.cpp:120] Succeeded to add det end for frame 239
I1014 12:24:40.305651  6061 work_thread.hpp:81]  [T-Work-Detect_0] Run work: WrokTrack
I1014 12:24:40.305677  6061 work_track.cpp:102] Succeeded to set track lock for frame 239
I1014 12:24:40.305703  6061 work_track.cpp:116] Succeeded to release track lock for frame 239
I1014 12:24:40.305717  6061 work_track.cpp:120] Track results of frame 239: 0 objects input, 0 objects tracked!
I1014 12:24:40.305737  6061 work_thread.hpp:88]  [T-Work-Detect_0] Frame :239 split
I1014 12:24:40.305783  6064 thread_intergrate.hpp:78] [T-Intergrate-intergrate] queue: frame output frame :239
I1014 12:24:40.307286  6060 demo_inner.hpp:435] thread [SORT-0]  frame id 239 sorting queue size 2   FPS: 29.9162
I1014 12:24:40.329139  6058 demo_inner.hpp:177] decode queue size 0
I1014 12:24:40.329264  6061 work_thread.hpp:81]  [T-Work-Detect_0] Run work: WorkDetect
I1014 12:24:40.329300  6061 work_detect.cpp:102] Succeeded to add det start for frame 240
I1014 12:24:40.331322  6059 demo_inner.hpp:260]  gui queue size 2, state = running
I1014 12:24:40.336153  6061 work_detect.cpp:70] Frame :240 detect result :1 face(s)
W1014 12:24:40.336228  6061 work_detect.cpp:83] Invalid bbox: [140 x 168 from (277, 210)]
I1014 12:24:40.336352  6061 work_detect.cpp:120] Succeeded to add det end for frame 240
I1014 12:24:40.336370  6061 work_thread.hpp:81]  [T-Work-Detect_0] Run work: WrokTrack
I1014 12:24:40.336396  6061 work_track.cpp:102] Succeeded to set track lock for frame 240
I1014 12:24:40.336424  6061 work_track.cpp:116] Succeeded to release track lock for frame 240
I1014 12:24:40.336439  6061 work_track.cpp:120] Track results of frame 240: 0 objects input, 0 objects tracked!
I1014 12:24:40.336458  6061 work_thread.hpp:88]  [T-Work-Detect_0] Frame :240 split
I1014 12:24:40.336519  6064 thread_intergrate.hpp:78] [T-Intergrate-intergrate] queue: frame output frame :240
I1014 12:24:40.338196  6060 demo_inner.hpp:435] thread [SORT-0]  frame id 240 sorting queue size 0   FPS: 29.976
I1014 12:24:40.364769  6058 demo_inner.hpp:177] decode queue size 0
I1014 12:24:40.364877  6061 work_thread.hpp:81]  [T-Work-Detect_0] Run work: WorkDetect
I1014 12:24:40.364912  6061 work_detect.cpp:102] Succeeded to add det start for frame 241
I1014 12:24:40.371471  6061 work_detect.cpp:70] Frame :241 detect result :1 face(s)
W1014 12:24:40.371520  6061 work_detect.cpp:83] Invalid bbox: [141 x 163 from (280, 216)]
I1014 12:24:40.371623  6061 work_detect.cpp:120] Succeeded to add det end for frame 241
I1014 12:24:40.371639  6061 work_thread.hpp:81]  [T-Work-Detect_0] Run work: WrokTrack
I1014 12:24:40.371665  6061 work_track.cpp:102] Succeeded to set track lock for frame 241
I1014 12:24:40.371692  6061 work_track.cpp:116] Succeeded to release track lock for frame 241
I1014 12:24:40.371706  6061 work_track.cpp:120] Track results of frame 241: 0 objects input, 0 objects tracked!
I1014 12:24:40.371724  6061 work_thread.hpp:88]  [T-Work-Detect_0] Frame :241 split
I1014 12:24:40.371775  6064 thread_intergrate.hpp:78] [T-Intergrate-intergrate] queue: frame output frame :241
I1014 12:24:40.373282  6060 demo_inner.hpp:435] thread [SORT-0]  frame id 241 sorting queue size 1   FPS: 29.9162
I1014 12:24:40.394862  6058 demo_inner.hpp:177] decode queue size 0
I1014 12:24:40.394960  6061 work_thread.hpp:81]  [T-Work-Detect_0] Run work: WorkDetect
I1014 12:24:40.394994  6061 work_detect.cpp:102] Succeeded to add det start for frame 242
I1014 12:24:40.401712  6061 work_detect.cpp:70] Frame :242 detect result :1 face(s)
W1014 12:24:40.401752  6061 work_detect.cpp:83] Invalid bbox: [140 x 162 from (281, 215)]
I1014 12:24:40.401847  6061 work_detect.cpp:120] Succeeded to add det end for frame 242
I1014 12:24:40.401865  6061 work_thread.hpp:81]  [T-Work-Detect_0] Run work: WrokTrack
I1014 12:24:40.401890  6061 work_track.cpp:102] Succeeded to set track lock for frame 242
I1014 12:24:40.401916  6061 work_track.cpp:116] Succeeded to release track lock for frame 242
I1014 12:24:40.401931  6061 work_track.cpp:120] Track results of frame 242: 0 objects input, 0 objects tracked!
I1014 12:24:40.401948  6061 work_thread.hpp:88]  [T-Work-Detect_0] Frame :242 split
I1014 12:24:40.402000  6064 thread_intergrate.hpp:78] [T-Intergrate-intergrate] queue: frame output frame :242
I1014 12:24:40.403568  6060 demo_inner.hpp:435] thread [SORT-0]  frame id 242 sorting queue size 2   FPS: 29.988
I1014 12:24:40.420677  6059 demo_inner.hpp:260]  gui queue size 2, state = running
I1014 12:24:40.430877  6058 demo_inner.hpp:177] decode queue size 0
I1014 12:24:40.430980  6061 work_thread.hpp:81]  [T-Work-Detect_0] Run work: WorkDetect
I1014 12:24:40.431015  6061 work_detect.cpp:102] Succeeded to add det start for frame 243
I1014 12:24:40.437808  6061 work_detect.cpp:70] Frame :243 detect result :1 face(s)
W1014 12:24:40.437855  6061 work_detect.cpp:83] Invalid bbox: [141 x 164 from (281, 214)]
I1014 12:24:40.437950  6061 work_detect.cpp:120] Succeeded to add det end for frame 243
I1014 12:24:40.437968  6061 work_thread.hpp:81]  [T-Work-Detect_0] Run work: WrokTrack
I1014 12:24:40.437994  6061 work_track.cpp:102] Succeeded to set track lock for frame 243
I1014 12:24:40.438020  6061 work_track.cpp:116] Succeeded to release track lock for frame 243
I1014 12:24:40.438035  6061 work_track.cpp:120] Track results of frame 243: 0 objects input, 0 objects tracked!
I1014 12:24:40.438052  6061 work_thread.hpp:88]  [T-Work-Detect_0] Frame :243 split
I1014 12:24:40.438100  6064 thread_intergrate.hpp:78] [T-Intergrate-intergrate] queue: frame output frame :243
I1014 12:24:40.439604  6060 demo_inner.hpp:435] thread [SORT-0]  frame id 243 sorting queue size 0   FPS: 29.9162
I1014 12:24:40.460875  6058 demo_inner.hpp:177] decode queue size 0
I1014 12:24:40.460985  6061 work_thread.hpp:81]  [T-Work-Detect_0] Run work: WorkDetect
I1014 12:24:40.461019  6061 work_detect.cpp:102] Succeeded to add det start for frame 244
I1014 12:24:40.467658  6061 work_detect.cpp:70] Frame :244 detect result :1 face(s)
W1014 12:24:40.467700  6061 work_detect.cpp:83] Invalid bbox: [139 x 159 from (282, 217)]
I1014 12:24:40.467799  6061 work_detect.cpp:120] Succeeded to add det end for frame 244
I1014 12:24:40.467818  6061 work_thread.hpp:81]  [T-Work-Detect_0] Run work: WrokTrack
I1014 12:24:40.467842  6061 work_track.cpp:102] Succeeded to set track lock for frame 244
I1014 12:24:40.467869  6061 work_track.cpp:116] Succeeded to release track lock for frame 244
I1014 12:24:40.467883  6061 work_track.cpp:120] Track results of frame 244: 0 objects input, 0 objects tracked!
I1014 12:24:40.467902  6061 work_thread.hpp:88]  [T-Work-Detect_0] Frame :244 split
I1014 12:24:40.467952  6064 thread_intergrate.hpp:78] [T-Intergrate-intergrate] queue: frame output frame :244
I1014 12:24:40.469518  6060 demo_inner.hpp:435] thread [SORT-0]  frame id 244 sorting queue size 1   FPS: 29.988
I1014 12:24:40.482132  6059 demo_inner.hpp:260]  gui queue size 1, state = running
I1014 12:24:40.496786  6058 demo_inner.hpp:177] decode queue size 0
I1014 12:24:40.496886  6061 work_thread.hpp:81]  [T-Work-Detect_0] Run work: WorkDetect
I1014 12:24:40.496919  6061 work_detect.cpp:102] Succeeded to add det start for frame 245
I1014 12:24:40.503466  6061 work_detect.cpp:70] Frame :245 detect result :1 face(s)
W1014 12:24:40.503512  6061 work_detect.cpp:83] Invalid bbox: [138 x 164 from (278, 216)]
I1014 12:24:40.503609  6061 work_detect.cpp:120] Succeeded to add det end for frame 245
I1014 12:24:40.503628  6061 work_thread.hpp:81]  [T-Work-Detect_0] Run work: WrokTrack
I1014 12:24:40.503698  6061 work_track.cpp:102] Succeeded to set track lock for frame 245
I1014 12:24:40.503727  6061 work_track.cpp:116] Succeeded to release track lock for frame 245
I1014 12:24:40.503741  6061 work_track.cpp:120] Track results of frame 245: 0 objects input, 0 objects tracked!
I1014 12:24:40.503759  6061 work_thread.hpp:88]  [T-Work-Detect_0] Frame :245 split
I1014 12:24:40.503806  6064 thread_intergrate.hpp:78] [T-Intergrate-intergrate] queue: frame output frame :245
I1014 12:24:40.505311  6060 demo_inner.hpp:435] thread [SORT-0]  frame id 245 sorting queue size 0   FPS: 29.9162
I1014 12:24:40.532713  6058 demo_inner.hpp:177] decode queue size 0
I1014 12:24:40.532820  6061 work_thread.hpp:81]  [T-Work-Detect_0] Run work: WorkDetect
I1014 12:24:40.532855  6061 work_detect.cpp:102] Succeeded to add det start for frame 246
I1014 12:24:40.539366  6061 work_detect.cpp:70] Frame :246 detect result :1 face(s)
W1014 12:24:40.539407  6061 work_detect.cpp:83] Invalid bbox: [138 x 170 from (278, 209)]
I1014 12:24:40.539507  6061 work_detect.cpp:120] Succeeded to add det end for frame 246
I1014 12:24:40.539525  6061 work_thread.hpp:81]  [T-Work-Detect_0] Run work: WrokTrack
I1014 12:24:40.539549  6061 work_track.cpp:102] Succeeded to set track lock for frame 246
I1014 12:24:40.539577  6061 work_track.cpp:116] Succeeded to release track lock for frame 246
I1014 12:24:40.539590  6061 work_track.cpp:120] Track results of frame 246: 0 objects input, 0 objects tracked!
I1014 12:24:40.539609  6061 work_thread.hpp:88]  [T-Work-Detect_0] Frame :246 split
I1014 12:24:40.539655  6064 thread_intergrate.hpp:78] [T-Intergrate-intergrate] queue: frame output frame :246
I1014 12:24:40.541160  6060 demo_inner.hpp:435] thread [SORT-0]  frame id 246 sorting queue size 1   FPS: 29.9162
I1014 12:24:40.555392  6059 demo_inner.hpp:260]  gui queue size 1, state = running
I1014 12:24:40.562847  6058 demo_inner.hpp:177] decode queue size 0
I1014 12:24:40.562947  6061 work_thread.hpp:81]  [T-Work-Detect_0] Run work: WorkDetect
I1014 12:24:40.562980  6061 work_detect.cpp:102] Succeeded to add det start for frame 247
I1014 12:24:40.569664  6061 work_detect.cpp:70] Frame :247 detect result :1 face(s)
W1014 12:24:40.569707  6061 work_detect.cpp:83] Invalid bbox: [139 x 167 from (282, 212)]
I1014 12:24:40.569803  6061 work_detect.cpp:120] Succeeded to add det end for frame 247
I1014 12:24:40.569821  6061 work_thread.hpp:81]  [T-Work-Detect_0] Run work: WrokTrack
I1014 12:24:40.569847  6061 work_track.cpp:102] Succeeded to set track lock for frame 247
I1014 12:24:40.569875  6061 work_track.cpp:116] Succeeded to release track lock for frame 247
I1014 12:24:40.569887  6061 work_track.cpp:120] Track results of frame 247: 0 objects input, 0 objects tracked!
I1014 12:24:40.569906  6061 work_thread.hpp:88]  [T-Work-Detect_0] Frame :247 split
I1014 12:24:40.569955  6064 thread_intergrate.hpp:78] [T-Intergrate-intergrate] queue: frame output frame :247
I1014 12:24:40.571527  6060 demo_inner.hpp:435] thread [SORT-0]  frame id 247 sorting queue size 0   FPS: 29.988
I1014 12:24:40.598688  6058 demo_inner.hpp:177] decode queue size 0
I1014 12:24:40.598799  6061 work_thread.hpp:81]  [T-Work-Detect_0] Run work: WorkDetect
I1014 12:24:40.598836  6061 work_detect.cpp:102] Succeeded to add det start for frame 248
I1014 12:24:40.605340  6061 work_detect.cpp:70] Frame :248 detect result :1 face(s)
W1014 12:24:40.605381  6061 work_detect.cpp:83] Invalid bbox: [139 x 163 from (282, 214)]
I1014 12:24:40.605477  6061 work_detect.cpp:120] Succeeded to add det end for frame 248
I1014 12:24:40.605494  6061 work_thread.hpp:81]  [T-Work-Detect_0] Run work: WrokTrack
I1014 12:24:40.605520  6061 work_track.cpp:102] Succeeded to set track lock for frame 248
I1014 12:24:40.605547  6061 work_track.cpp:116] Succeeded to release track lock for frame 248
I1014 12:24:40.605561  6061 work_track.cpp:120] Track results of frame 248: 0 objects input, 0 objects tracked!
I1014 12:24:40.605579  6061 work_thread.hpp:88]  [T-Work-Detect_0] Frame :248 split
I1014 12:24:40.605670  6064 thread_intergrate.hpp:78] [T-Intergrate-intergrate] queue: frame output frame :248
I1014 12:24:40.607138  6060 demo_inner.hpp:435] thread [SORT-0]  frame id 248 sorting queue size 1   FPS: 29.9282
I1014 12:24:40.628827  6058 demo_inner.hpp:177] decode queue size 0
I1014 12:24:40.628929  6061 work_thread.hpp:81]  [T-Work-Detect_0] Run work: WorkDetect
I1014 12:24:40.628963  6061 work_detect.cpp:102] Succeeded to add det start for frame 249
I1014 12:24:40.635453  6061 work_detect.cpp:70] Frame :249 detect result :1 face(s)
W1014 12:24:40.635496  6061 work_detect.cpp:83] Invalid bbox: [142 x 163 from (280, 216)]
I1014 12:24:40.635596  6061 work_detect.cpp:120] Succeeded to add det end for frame 249
I1014 12:24:40.635613  6061 work_thread.hpp:81]  [T-Work-Detect_0] Run work: WrokTrack
I1014 12:24:40.635638  6061 work_track.cpp:102] Succeeded to set track lock for frame 249
I1014 12:24:40.635665  6061 work_track.cpp:116] Succeeded to release track lock for frame 249
I1014 12:24:40.635679  6061 work_track.cpp:120] Track results of frame 249: 0 objects input, 0 objects tracked!
I1014 12:24:40.635697  6061 work_thread.hpp:88]  [T-Work-Detect_0] Frame :249 split
I1014 12:24:40.635748  6064 thread_intergrate.hpp:78] [T-Intergrate-intergrate] queue: frame output frame :249
I1014 12:24:40.637315  6060 demo_inner.hpp:435] thread [SORT-0]  frame id 249 sorting queue size 2   FPS: 29.988
I1014 12:24:40.655071  6059 demo_inner.hpp:260]  gui queue size 2, state = running
I1014 12:24:40.664820  6058 demo_inner.hpp:177] decode queue size 0
I1014 12:24:40.664927  6061 work_thread.hpp:81]  [T-Work-Detect_0] Run work: WorkDetect
I1014 12:24:40.664961  6061 work_detect.cpp:102] Succeeded to add det start for frame 250
I1014 12:24:40.671471  6061 work_detect.cpp:70] Frame :250 detect result :1 face(s)
W1014 12:24:40.671516  6061 work_detect.cpp:83] Invalid bbox: [139 x 165 from (283, 214)]
I1014 12:24:40.671617  6061 work_detect.cpp:120] Succeeded to add det end for frame 250
I1014 12:24:40.671635  6061 work_thread.hpp:81]  [T-Work-Detect_0] Run work: WrokTrack
I1014 12:24:40.671663  6061 work_track.cpp:102] Succeeded to set track lock for frame 250
I1014 12:24:40.671691  6061 work_track.cpp:116] Succeeded to release track lock for frame 250
I1014 12:24:40.671705  6061 work_track.cpp:120] Track results of frame 250: 0 objects input, 0 objects tracked!
I1014 12:24:40.671725  6061 work_thread.hpp:88]  [T-Work-Detect_0] Frame :250 split
I1014 12:24:40.671773  6064 thread_intergrate.hpp:78] [T-Intergrate-intergrate] queue: frame output frame :250
I1014 12:24:40.673277  6060 demo_inner.hpp:435] thread [SORT-0]  frame id 250 sorting queue size 0   FPS: 29.9162
I1014 12:24:40.694846  6058 demo_inner.hpp:177] decode queue size 0
I1014 12:24:40.694948  6061 work_thread.hpp:81]  [T-Work-Detect_0] Run work: WorkDetect
I1014 12:24:40.694983  6061 work_detect.cpp:102] Succeeded to add det start for frame 251
I1014 12:24:40.701635  6061 work_detect.cpp:70] Frame :251 detect result :1 face(s)
W1014 12:24:40.701680  6061 work_detect.cpp:83] Invalid bbox: [137 x 164 from (285, 212)]
I1014 12:24:40.701777  6061 work_detect.cpp:120] Succeeded to add det end for frame 251
I1014 12:24:40.701794  6061 work_thread.hpp:81]  [T-Work-Detect_0] Run work: WrokTrack
I1014 12:24:40.701819  6061 work_track.cpp:102] Succeeded to set track lock for frame 251
I1014 12:24:40.701846  6061 work_track.cpp:116] Succeeded to release track lock for frame 251
I1014 12:24:40.701860  6061 work_track.cpp:120] Track results of frame 251: 0 objects input, 0 objects tracked!
I1014 12:24:40.701879  6061 work_thread.hpp:88]  [T-Work-Detect_0] Frame :251 split
I1014 12:24:40.701928  6064 thread_intergrate.hpp:78] [T-Intergrate-intergrate] queue: frame output frame :251
I1014 12:24:40.703395  6060 demo_inner.hpp:435] thread [SORT-0]  frame id 251 sorting queue size 1   FPS: 30.024
I1014 12:24:40.722350  6059 demo_inner.hpp:260]  gui queue size 1, state = running
I1014 12:24:40.730934  6058 demo_inner.hpp:177] decode queue size 0
I1014 12:24:40.731117  6061 work_thread.hpp:81]  [T-Work-Detect_0] Run work: WorkDetect
I1014 12:24:40.731151  6061 work_detect.cpp:102] Succeeded to add det start for frame 252
I1014 12:24:40.737880  6061 work_detect.cpp:70] Frame :252 detect result :1 face(s)
W1014 12:24:40.737926  6061 work_detect.cpp:83] Invalid bbox: [136 x 168 from (287, 210)]
I1014 12:24:40.738044  6061 work_detect.cpp:120] Succeeded to add det end for frame 252
I1014 12:24:40.738061  6061 work_thread.hpp:81]  [T-Work-Detect_0] Run work: WrokTrack
I1014 12:24:40.738086  6061 work_track.cpp:102] Succeeded to set track lock for frame 252
I1014 12:24:40.738114  6061 work_track.cpp:116] Succeeded to release track lock for frame 252
I1014 12:24:40.738128  6061 work_track.cpp:120] Track results of frame 252: 0 objects input, 0 objects tracked!
I1014 12:24:40.738148  6061 work_thread.hpp:88]  [T-Work-Detect_0] Frame :252 split
I1014 12:24:40.738195  6064 thread_intergrate.hpp:78] [T-Intergrate-intergrate] queue: frame output frame :252
I1014 12:24:40.739661  6060 demo_inner.hpp:435] thread [SORT-0]  frame id 252 sorting queue size 0   FPS: 29.9282
I1014 12:24:40.766705  6058 demo_inner.hpp:177] decode queue size 0
I1014 12:24:40.766810  6061 work_thread.hpp:81]  [T-Work-Detect_0] Run work: WorkDetect
I1014 12:24:40.766845  6061 work_detect.cpp:102] Succeeded to add det start for frame 253
I1014 12:24:40.773489  6061 work_detect.cpp:70] Frame :253 detect result :1 face(s)
W1014 12:24:40.773535  6061 work_detect.cpp:83] Invalid bbox: [137 x 168 from (290, 209)]
I1014 12:24:40.773631  6061 work_detect.cpp:120] Succeeded to add det end for frame 253
I1014 12:24:40.773649  6061 work_thread.hpp:81]  [T-Work-Detect_0] Run work: WrokTrack
I1014 12:24:40.773675  6061 work_track.cpp:102] Succeeded to set track lock for frame 253
I1014 12:24:40.773701  6061 work_track.cpp:116] Succeeded to release track lock for frame 253
I1014 12:24:40.773715  6061 work_track.cpp:120] Track results of frame 253: 0 objects input, 0 objects tracked!
I1014 12:24:40.773735  6061 work_thread.hpp:88]  [T-Work-Detect_0] Frame :253 split
I1014 12:24:40.773780  6064 thread_intergrate.hpp:78] [T-Intergrate-intergrate] queue: frame output frame :253
I1014 12:24:40.775249  6060 demo_inner.hpp:435] thread [SORT-0]  frame id 253 sorting queue size 1   FPS: 29.9401
I1014 12:24:40.796813  6058 demo_inner.hpp:177] decode queue size 0
I1014 12:24:40.796911  6061 work_thread.hpp:81]  [T-Work-Detect_0] Run work: WorkDetect
I1014 12:24:40.796944  6061 work_detect.cpp:102] Succeeded to add det start for frame 254
I1014 12:24:40.803405  6061 work_detect.cpp:70] Frame :254 detect result :1 face(s)
W1014 12:24:40.803444  6061 work_detect.cpp:83] Invalid bbox: [135 x 157 from (297, 210)]
I1014 12:24:40.803542  6061 work_detect.cpp:120] Succeeded to add det end for frame 254
I1014 12:24:40.803560  6061 work_thread.hpp:81]  [T-Work-Detect_0] Run work: WrokTrack
I1014 12:24:40.803586  6061 work_track.cpp:102] Succeeded to set track lock for frame 254
I1014 12:24:40.803613  6061 work_track.cpp:116] Succeeded to release track lock for frame 254
I1014 12:24:40.803627  6061 work_track.cpp:120] Track results of frame 254: 0 objects input, 0 objects tracked!
I1014 12:24:40.803645  6061 work_thread.hpp:88]  [T-Work-Detect_0] Frame :254 split
I1014 12:24:40.803695  6064 thread_intergrate.hpp:78] [T-Intergrate-intergrate] queue: frame output frame :254
I1014 12:24:40.805203  6060 demo_inner.hpp:435] thread [SORT-0]  frame id 254 sorting queue size 2   FPS: 30
I1014 12:24:40.816619  6059 demo_inner.hpp:260]  gui queue size 2, state = running
I1014 12:24:40.832713  6058 demo_inner.hpp:177] decode queue size 0
I1014 12:24:40.832815  6061 work_thread.hpp:81]  [T-Work-Detect_0] Run work: WorkDetect
I1014 12:24:40.832850  6061 work_detect.cpp:102] Succeeded to add det start for frame 255
I1014 12:24:40.839375  6061 work_detect.cpp:70] Frame :255 detect result :1 face(s)
W1014 12:24:40.839421  6061 work_detect.cpp:83] Invalid bbox: [135 x 167 from (298, 206)]
I1014 12:24:40.839517  6061 work_detect.cpp:120] Succeeded to add det end for frame 255
I1014 12:24:40.839579  6061 work_thread.hpp:81]  [T-Work-Detect_0] Run work: WrokTrack
I1014 12:24:40.839607  6061 work_track.cpp:102] Succeeded to set track lock for frame 255
I1014 12:24:40.839634  6061 work_track.cpp:116] Succeeded to release track lock for frame 255
I1014 12:24:40.839648  6061 work_track.cpp:120] Track results of frame 255: 0 objects input, 0 objects tracked!
I1014 12:24:40.839666  6061 work_thread.hpp:88]  [T-Work-Detect_0] Frame :255 split
I1014 12:24:40.839715  6064 thread_intergrate.hpp:78] [T-Intergrate-intergrate] queue: frame output frame :255
I1014 12:24:40.841187  6060 demo_inner.hpp:435] thread [SORT-0]  frame id 255 sorting queue size 0   FPS: 29.9401
I1014 12:24:40.861759  6059 demo_inner.hpp:260]  gui queue size 0, state = running
I1014 12:24:40.862874  6058 demo_inner.hpp:177] decode queue size 0
I1014 12:24:40.862990  6061 work_thread.hpp:81]  [T-Work-Detect_0] Run work: WorkDetect
I1014 12:24:40.863025  6061 work_detect.cpp:102] Succeeded to add det start for frame 256
I1014 12:24:40.869684  6061 work_detect.cpp:70] Frame :256 detect result :1 face(s)
W1014 12:24:40.869735  6061 work_detect.cpp:83] Invalid bbox: [131 x 164 from (305, 207)]
I1014 12:24:40.869838  6061 work_detect.cpp:120] Succeeded to add det end for frame 256
I1014 12:24:40.869855  6061 work_thread.hpp:81]  [T-Work-Detect_0] Run work: WrokTrack
I1014 12:24:40.869882  6061 work_track.cpp:102] Succeeded to set track lock for frame 256
I1014 12:24:40.869910  6061 work_track.cpp:116] Succeeded to release track lock for frame 256
I1014 12:24:40.869923  6061 work_track.cpp:120] Track results of frame 256: 0 objects input, 0 objects tracked!
I1014 12:24:40.869941  6061 work_thread.hpp:88]  [T-Work-Detect_0] Frame :256 split
I1014 12:24:40.869997  6064 thread_intergrate.hpp:78] [T-Intergrate-intergrate] queue: frame output frame :256
I1014 12:24:40.871507  6060 demo_inner.hpp:435] thread [SORT-0]  frame id 256 sorting queue size 0   FPS: 30
I1014 12:24:40.898907  6058 demo_inner.hpp:177] decode queue size 0
I1014 12:24:40.899015  6061 work_thread.hpp:81]  [T-Work-Detect_0] Run work: WorkDetect
I1014 12:24:40.899050  6061 work_detect.cpp:102] Succeeded to add det start for frame 257
I1014 12:24:40.905769  6061 work_detect.cpp:70] Frame :257 detect result :1 face(s)
W1014 12:24:40.905815  6061 work_detect.cpp:83] Invalid bbox: [132 x 160 from (307, 204)]
I1014 12:24:40.905915  6061 work_detect.cpp:120] Succeeded to add det end for frame 257
I1014 12:24:40.905931  6061 work_thread.hpp:81]  [T-Work-Detect_0] Run work: WrokTrack
I1014 12:24:40.905957  6061 work_track.cpp:102] Succeeded to set track lock for frame 257
I1014 12:24:40.905985  6061 work_track.cpp:116] Succeeded to release track lock for frame 257
I1014 12:24:40.905998  6061 work_track.cpp:120] Track results of frame 257: 0 objects input, 0 objects tracked!
I1014 12:24:40.906018  6061 work_thread.hpp:88]  [T-Work-Detect_0] Frame :257 split
I1014 12:24:40.906067  6064 thread_intergrate.hpp:78] [T-Intergrate-intergrate] queue: frame output frame :257
I1014 12:24:40.907536  6060 demo_inner.hpp:435] thread [SORT-0]  frame id 257 sorting queue size 1   FPS: 29.9282
I1014 12:24:40.928872  6058 demo_inner.hpp:177] decode queue size 0
I1014 12:24:40.928973  6061 work_thread.hpp:81]  [T-Work-Detect_0] Run work: WorkDetect
I1014 12:24:40.929008  6061 work_detect.cpp:102] Succeeded to add det start for frame 258
I1014 12:24:40.935686  6061 work_detect.cpp:70] Frame :258 detect result :1 face(s)
W1014 12:24:40.935730  6061 work_detect.cpp:83] Invalid bbox: [146 x 180 from (309, 200)]
I1014 12:24:40.935827  6061 work_detect.cpp:120] Succeeded to add det end for frame 258
I1014 12:24:40.935845  6061 work_thread.hpp:81]  [T-Work-Detect_0] Run work: WrokTrack
I1014 12:24:40.935871  6061 work_track.cpp:102] Succeeded to set track lock for frame 258
I1014 12:24:40.935899  6061 work_track.cpp:116] Succeeded to release track lock for frame 258
I1014 12:24:40.935911  6061 work_track.cpp:120] Track results of frame 258: 0 objects input, 0 objects tracked!
I1014 12:24:40.935930  6061 work_thread.hpp:88]  [T-Work-Detect_0] Frame :258 split
I1014 12:24:40.936024  6064 thread_intergrate.hpp:78] [T-Intergrate-intergrate] queue: frame output frame :258
I1014 12:24:40.937532  6060 demo_inner.hpp:435] thread [SORT-0]  frame id 258 sorting queue size 2   FPS: 30
I1014 12:24:40.944928  6059 demo_inner.hpp:260]  gui queue size 2, state = running
I1014 12:24:40.964761  6058 demo_inner.hpp:177] decode queue size 0
I1014 12:24:40.964867  6061 work_thread.hpp:81]  [T-Work-Detect_0] Run work: WorkDetect
I1014 12:24:40.964905  6061 work_detect.cpp:102] Succeeded to add det start for frame 259
I1014 12:24:40.971504  6061 work_detect.cpp:70] Frame :259 detect result :2 face(s)
W1014 12:24:40.971551  6061 work_detect.cpp:83] Invalid bbox: [146 x 180 from (311, 196)]
I1014 12:24:40.971638  6061 work_detect.cpp:86] Detected bbox: [15 x 19 from (529, 102)]
I1014 12:24:40.971681  6061 work_detect.cpp:120] Succeeded to add det end for frame 259
I1014 12:24:40.971698  6061 work_thread.hpp:81]  [T-Work-Detect_0] Run work: WrokTrack
I1014 12:24:40.971719  6061 work_track.cpp:82] Frame: 259 build input_characts: [0.0234375 x 0.0527778 from (0.826563, 0.283333)], 0.932491, 0
I1014 12:24:40.971777  6061 work_track.cpp:102] Succeeded to set track lock for frame 259
I1014 12:24:40.971812  6061 work_track.cpp:116] Succeeded to release track lock for frame 259
I1014 12:24:40.971827  6061 work_track.cpp:120] Track results of frame 259: 1 objects input, 0 objects tracked!
I1014 12:24:40.971843  6061 work_track.cpp:162] Frame: 259 lid: 1 not tracked, will set invalid
I1014 12:24:40.971859  6061 work_thread.hpp:88]  [T-Work-Detect_0] Frame :259 split
I1014 12:24:40.971876  6061 work_thread.hpp:124]  [T-Work-Detect_0] Invalid piece: lid = 1, drop it
I1014 12:24:40.971921  6064 thread_intergrate.hpp:78] [T-Intergrate-intergrate] queue: frame output frame :259
I1014 12:24:40.973415  6060 demo_inner.hpp:435] thread [SORT-0]  frame id 259 sorting queue size 0   FPS: 29.9282
I1014 12:24:40.994851  6058 demo_inner.hpp:177] decode queue size 0
I1014 12:24:40.994959  6061 work_thread.hpp:81]  [T-Work-Detect_0] Run work: WorkDetect
I1014 12:24:40.994995  6061 work_detect.cpp:102] Succeeded to add det start for frame 260
I1014 12:24:41.001675  6061 work_detect.cpp:70] Frame :260 detect result :1 face(s)
W1014 12:24:41.001722  6061 work_detect.cpp:83] Invalid bbox: [147 x 179 from (312, 196)]
I1014 12:24:41.001819  6061 work_detect.cpp:120] Succeeded to add det end for frame 260
I1014 12:24:41.001837  6061 work_thread.hpp:81]  [T-Work-Detect_0] Run work: WrokTrack
I1014 12:24:41.001863  6061 work_track.cpp:102] Succeeded to set track lock for frame 260
I1014 12:24:41.001894  6061 work_track.cpp:116] Succeeded to release track lock for frame 260
I1014 12:24:41.001909  6061 work_track.cpp:120] Track results of frame 260: 0 objects input, 0 objects tracked!
I1014 12:24:41.001927  6061 work_thread.hpp:88]  [T-Work-Detect_0] Frame :260 split
I1014 12:24:41.001979  6064 thread_intergrate.hpp:78] [T-Intergrate-intergrate] queue: frame output frame :260
I1014 12:24:41.003487  6060 demo_inner.hpp:435] thread [SORT-0]  frame id 260 sorting queue size 1   FPS: 30
I1014 12:24:41.030799  6058 demo_inner.hpp:177] decode queue size 0
I1014 12:24:41.030905  6061 work_thread.hpp:81]  [T-Work-Detect_0] Run work: WorkDetect
I1014 12:24:41.030941  6061 work_detect.cpp:102] Succeeded to add det start for frame 261
I1014 12:24:41.037721  6061 work_detect.cpp:70] Frame :261 detect result :1 face(s)
W1014 12:24:41.037767  6061 work_detect.cpp:83] Invalid bbox: [147 x 179 from (314, 195)]
I1014 12:24:41.037864  6061 work_detect.cpp:120] Succeeded to add det end for frame 261
I1014 12:24:41.037881  6061 work_thread.hpp:81]  [T-Work-Detect_0] Run work: WrokTrack
I1014 12:24:41.037909  6061 work_track.cpp:102] Succeeded to set track lock for frame 261
I1014 12:24:41.037943  6061 work_track.cpp:116] Succeeded to release track lock for frame 261
I1014 12:24:41.037957  6061 work_track.cpp:120] Track results of frame 261: 0 objects input, 0 objects tracked!
I1014 12:24:41.037976  6061 work_thread.hpp:88]  [T-Work-Detect_0] Frame :261 split
I1014 12:24:41.038069  6064 thread_intergrate.hpp:78] [T-Intergrate-intergrate] queue: frame output frame :261
I1014 12:24:41.039577  6060 demo_inner.hpp:435] thread [SORT-0]  frame id 261 sorting queue size 2   FPS: 30
I1014 12:24:41.045459  6059 demo_inner.hpp:260]  gui queue size 2, state = running
I1014 12:24:41.066722  6058 demo_inner.hpp:177] decode queue size 0
I1014 12:24:41.066829  6061 work_thread.hpp:81]  [T-Work-Detect_0] Run work: WorkDetect
I1014 12:24:41.066864  6061 work_detect.cpp:102] Succeeded to add det start for frame 262
I1014 12:24:41.073521  6061 work_detect.cpp:70] Frame :262 detect result :2 face(s)
W1014 12:24:41.073583  6061 work_detect.cpp:83] Invalid bbox: [125 x 169 from (317, 192)]
I1014 12:24:41.073683  6061 work_detect.cpp:86] Detected bbox: [17 x 23 from (532, 99)]
I1014 12:24:41.073738  6061 work_detect.cpp:120] Succeeded to add det end for frame 262
I1014 12:24:41.073755  6061 work_thread.hpp:81]  [T-Work-Detect_0] Run work: WrokTrack
I1014 12:24:41.073782  6061 work_track.cpp:82] Frame: 262 build input_characts: [0.0265625 x 0.0638889 from (0.83125, 0.275)], 0.905415, 0
I1014 12:24:41.073853  6061 work_track.cpp:102] Succeeded to set track lock for frame 262
I1014 12:24:41.073891  6061 work_track.cpp:116] Succeeded to release track lock for frame 262
I1014 12:24:41.073906  6061 work_track.cpp:120] Track results of frame 262: 1 objects input, 0 objects tracked!
I1014 12:24:41.073923  6061 work_track.cpp:162] Frame: 262 lid: 1 not tracked, will set invalid
I1014 12:24:41.073940  6061 work_thread.hpp:88]  [T-Work-Detect_0] Frame :262 split
I1014 12:24:41.073956  6061 work_thread.hpp:124]  [T-Work-Detect_0] Invalid piece: lid = 1, drop it
I1014 12:24:41.074014  6064 thread_intergrate.hpp:78] [T-Intergrate-intergrate] queue: frame output frame :262
I1014 12:24:41.075477  6060 demo_inner.hpp:435] thread [SORT-0]  frame id 262 sorting queue size 0   FPS: 29.9401
I1014 12:24:41.096828  6058 demo_inner.hpp:177] decode queue size 0
I1014 12:24:41.096931  6061 work_thread.hpp:81]  [T-Work-Detect_0] Run work: WorkDetect
I1014 12:24:41.096966  6061 work_detect.cpp:102] Succeeded to add det start for frame 263
I1014 12:24:41.103507  6061 work_detect.cpp:70] Frame :263 detect result :2 face(s)
I1014 12:24:41.103551  6061 work_detect.cpp:86] Detected bbox: [130 x 163 from (320, 194)]
I1014 12:24:41.103583  6061 work_detect.cpp:86] Detected bbox: [17 x 23 from (533, 98)]
I1014 12:24:41.103615  6061 work_detect.cpp:120] Succeeded to add det end for frame 263
I1014 12:24:41.103631  6061 work_thread.hpp:81]  [T-Work-Detect_0] Run work: WrokTrack
I1014 12:24:41.103653  6061 work_track.cpp:82] Frame: 263 build input_characts: [0.203125 x 0.452778 from (0.5, 0.538889)], 0.999622, 0
I1014 12:24:41.103706  6061 work_track.cpp:82] Frame: 263 build input_characts: [0.0265625 x 0.0638889 from (0.832812, 0.272222)], 0.923714, 1
I1014 12:24:41.103742  6061 work_track.cpp:102] Succeeded to set track lock for frame 263
I1014 12:24:41.103786  6061 work_track.cpp:116] Succeeded to release track lock for frame 263
I1014 12:24:41.103801  6061 work_track.cpp:120] Track results of frame 263: 2 objects input, 0 objects tracked!
I1014 12:24:41.103818  6061 work_track.cpp:162] Frame: 263 lid: 0 not tracked, will set invalid
I1014 12:24:41.103832  6061 work_track.cpp:162] Frame: 263 lid: 1 not tracked, will set invalid
I1014 12:24:41.103847  6061 work_thread.hpp:88]  [T-Work-Detect_0] Frame :263 split
I1014 12:24:41.103863  6061 work_thread.hpp:124]  [T-Work-Detect_0] Invalid piece: lid = 0, drop it
I1014 12:24:41.103878  6061 work_thread.hpp:124]  [T-Work-Detect_0] Invalid piece: lid = 1, drop it
