I1014 14:25:04.134343  7750 work_track.cpp:120] Track results of frame 186: 1 objects input, 1 objects tracked!
I1014 14:25:04.134369  7750 work_track.cpp:148] Frame: 186, track bbox: [187 x 233 from (219.818, 122)], gid: 0, lid: 0
I1014 14:25:04.134407  7750 work_thread.hpp:87]  [T-Work-Detect_0] Frame :186 split
I1014 14:25:04.134425  7750 work_thread.hpp:119]  [T-Work-Detect_0] Valid piece: gid = 0
I1014 14:25:04.134443  7750 work_thread.hpp:91]  [T-Work-Detect_0] Push to split queue:recog
I1014 14:25:04.134486  7751 work_thread.hpp:81]  [T-Work-Recog_0] Run work: WorkCapture
I1014 14:25:04.134487  7753 thread_intergrate.hpp:78] [T-Intergrate-intergrate] queue: frame output frame :186
I1014 14:25:04.134526  7753 thread_intergrate.hpp:85] [T-Intergrate-intergrate] queue: compare output face:0
I1014 14:25:04.134544  7753 thread_intergrate.hpp:137] T-Intergrate-intergrate set matched face: 0
I1014 14:25:04.135078  7751 work_thread.hpp:81]  [T-Work-Recog_0] Run work: WorkRecog
I1014 14:25:04.135105  7751 work_recog.hpp:89] Face id: 0 will run recog: bbox [187 x 233 from (221, 123)] quality: 0.432125
I1014 14:25:04.135138  7751 work_recog.hpp:96] Recog pair: [264 x 288 from (184, 72)], [187 x 233 from (37, 51)]
I1014 14:25:04.135982  7753 thread_intergrate.hpp:157] T-Intergrate-intergrate Show face :0, size :640 * 360
I1014 14:25:04.136703  7749 demo_inner.hpp:435] thread [SORT-0]  frame id 186 sorting queue size 2   FPS: 28.4781
I1014 14:25:04.138921  7748 demo_inner.hpp:260]  gui queue size 2, state = running
I1014 14:25:04.152834  7751 work_thread.hpp:81]  [T-Work-Recog_0] Run work: WorkCompare
I1014 14:25:04.153301  7751 work_compare.cpp:76] Compare face: 0 successed, similarity :0.993416, name : images/ThangLMb.jpg, normal size : 1548 * 1719!
I1014 14:25:04.155941  7747 demo_inner.hpp:177] decode queue size 0
I1014 14:25:04.156031  7750 work_thread.hpp:81]  [T-Work-Detect_0] Run work: WorkDetect
I1014 14:25:04.156065  7750 work_detect.cpp:102] Succeeded to add det start for frame 187
I1014 14:25:04.163997  7750 work_detect.cpp:70] Frame :187 detect result :1 face(s)
I1014 14:25:04.164052  7750 work_detect.cpp:86] Detected bbox: [188 x 233 from (220, 124)]
I1014 14:25:04.164095  7750 work_detect.cpp:120] Succeeded to add det end for frame 187
I1014 14:25:04.164111  7750 work_thread.hpp:81]  [T-Work-Detect_0] Run work: WrokTrack
I1014 14:25:04.164288  7750 work_track.cpp:82] Frame: 187 build input_characts: [0.29375 x 0.647222 from (0.34375, 0.344444)], 1.00019, 0
I1014 14:25:04.164347  7750 work_track.cpp:102] Succeeded to set track lock for frame 187
I1014 14:25:04.164414  7750 work_track.cpp:116] Succeeded to release track lock for frame 187
I1014 14:25:04.164431  7750 work_track.cpp:120] Track results of frame 187: 1 objects input, 1 objects tracked!
I1014 14:25:04.164449  7750 work_track.cpp:148] Frame: 187, track bbox: [188 x 233 from (220.205, 123.119)], gid: 0, lid: 0
I1014 14:25:04.164486  7750 work_thread.hpp:87]  [T-Work-Detect_0] Frame :187 split
I1014 14:25:04.164512  7750 work_thread.hpp:119]  [T-Work-Detect_0] Valid piece: gid = 0
I1014 14:25:04.164532  7750 work_thread.hpp:91]  [T-Work-Detect_0] Push to split queue:recog
I1014 14:25:04.164579  7752 work_thread.hpp:81]  [T-Work-Recog_1] Run work: WorkCapture
I1014 14:25:04.164932  7753 thread_intergrate.hpp:78] [T-Intergrate-intergrate] queue: frame output frame :187
I1014 14:25:04.164958  7753 thread_intergrate.hpp:85] [T-Intergrate-intergrate] queue: compare output face:0
I1014 14:25:04.164978  7753 thread_intergrate.hpp:137] T-Intergrate-intergrate set matched face: 0
I1014 14:25:04.165190  7752 work_thread.hpp:81]  [T-Work-Recog_1] Run work: WorkRecog
I1014 14:25:04.165215  7752 work_recog.hpp:89] Face id: 0 will run recog: bbox [188 x 233 from (220, 124)] quality: 0.424351
I1014 14:25:04.165251  7752 work_recog.hpp:96] Recog pair: [272 x 288 from (176, 72)], [188 x 233 from (44, 52)]
I1014 14:25:04.166424  7753 thread_intergrate.hpp:157] T-Intergrate-intergrate Show face :0, size :640 * 360
I1014 14:25:04.167073  7749 demo_inner.hpp:435] thread [SORT-0]  frame id 187 sorting queue size 0   FPS: 28.5447
I1014 14:25:04.183491  7752 work_thread.hpp:81]  [T-Work-Recog_1] Run work: WorkCompare
I1014 14:25:04.184006  7752 work_compare.cpp:76] Compare face: 0 successed, similarity :0.992908, name : images/ThangLMb.jpg, normal size : 1548 * 1719!
I1014 14:25:04.191953  7747 demo_inner.hpp:177] decode queue size 0
I1014 14:25:04.192085  7750 work_thread.hpp:81]  [T-Work-Detect_0] Run work: WorkDetect
I1014 14:25:04.192121  7750 work_detect.cpp:102] Succeeded to add det start for frame 188
I1014 14:25:04.199910  7750 work_detect.cpp:70] Frame :188 detect result :1 face(s)
I1014 14:25:04.199983  7750 work_detect.cpp:86] Detected bbox: [186 x 230 from (221, 127)]
I1014 14:25:04.200027  7750 work_detect.cpp:120] Succeeded to add det end for frame 188
I1014 14:25:04.200044  7750 work_thread.hpp:81]  [T-Work-Detect_0] Run work: WrokTrack
I1014 14:25:04.200068  7750 work_track.cpp:82] Frame: 188 build input_characts: [0.290625 x 0.638889 from (0.345313, 0.352778)], 0.999622, 0
I1014 14:25:04.200132  7750 work_track.cpp:102] Succeeded to set track lock for frame 188
I1014 14:25:04.200314  7750 work_track.cpp:116] Succeeded to release track lock for frame 188
I1014 14:25:04.200337  7750 work_track.cpp:120] Track results of frame 188: 1 objects input, 1 objects tracked!
I1014 14:25:04.200474  7750 work_track.cpp:148] Frame: 188, track bbox: [186 x 230 from (221.499, 125.965)], gid: 0, lid: 0
I1014 14:25:04.200515  7750 work_thread.hpp:87]  [T-Work-Detect_0] Frame :188 split
I1014 14:25:04.200534  7750 work_thread.hpp:119]  [T-Work-Detect_0] Valid piece: gid = 0
I1014 14:25:04.200553  7750 work_thread.hpp:91]  [T-Work-Detect_0] Push to split queue:recog
I1014 14:25:04.200606  7751 work_thread.hpp:81]  [T-Work-Recog_0] Run work: WorkCapture
I1014 14:25:04.200606  7753 thread_intergrate.hpp:78] [T-Intergrate-intergrate] queue: frame output frame :188
I1014 14:25:04.200649  7753 thread_intergrate.hpp:85] [T-Intergrate-intergrate] queue: compare output face:0
I1014 14:25:04.200668  7753 thread_intergrate.hpp:137] T-Intergrate-intergrate set matched face: 0
I1014 14:25:04.201228  7751 work_thread.hpp:81]  [T-Work-Recog_0] Run work: WorkRecog
I1014 14:25:04.201257  7751 work_recog.hpp:89] Face id: 0 will run recog: bbox [186 x 230 from (221, 127)] quality: 0.415862
I1014 14:25:04.201288  7751 work_recog.hpp:96] Recog pair: [264 x 280 from (184, 80)], [186 x 230 from (37, 47)]
I1014 14:25:04.202101  7753 thread_intergrate.hpp:157] T-Intergrate-intergrate Show face :0, size :640 * 360
I1014 14:25:04.202651  7749 demo_inner.hpp:435] thread [SORT-0]  frame id 188 sorting queue size 1   FPS: 28.5047
I1014 14:25:04.205355  7748 demo_inner.hpp:260]  gui queue size 1, state = running
I1014 14:25:04.219035  7751 work_thread.hpp:81]  [T-Work-Recog_0] Run work: WorkCompare
I1014 14:25:04.219501  7751 work_compare.cpp:76] Compare face: 0 successed, similarity :0.990184, name : images/ThangLMb.jpg, normal size : 1548 * 1719!
I1014 14:25:04.221976  7747 demo_inner.hpp:177] decode queue size 0
I1014 14:25:04.222059  7750 work_thread.hpp:81]  [T-Work-Detect_0] Run work: WorkDetect
I1014 14:25:04.222092  7750 work_detect.cpp:102] Succeeded to add det start for frame 189
I1014 14:25:04.229908  7750 work_detect.cpp:70] Frame :189 detect result :1 face(s)
I1014 14:25:04.229954  7750 work_detect.cpp:86] Detected bbox: [187 x 237 from (222, 122)]
I1014 14:25:04.230024  7750 work_detect.cpp:120] Succeeded to add det end for frame 189
I1014 14:25:04.230042  7750 work_thread.hpp:81]  [T-Work-Detect_0] Run work: WrokTrack
I1014 14:25:04.230067  7750 work_track.cpp:82] Frame: 189 build input_characts: [0.292188 x 0.658333 from (0.346875, 0.338889)], 1.00035, 0
I1014 14:25:04.230130  7750 work_track.cpp:102] Succeeded to set track lock for frame 189
I1014 14:25:04.230289  7750 work_track.cpp:116] Succeeded to release track lock for frame 189
I1014 14:25:04.230306  7750 work_track.cpp:120] Track results of frame 189: 1 objects input, 1 objects tracked!
I1014 14:25:04.230324  7750 work_track.cpp:148] Frame: 189, track bbox: [187 x 237 from (221.644, 122.822)], gid: 0, lid: 0
I1014 14:25:04.230371  7750 work_thread.hpp:87]  [T-Work-Detect_0] Frame :189 split
I1014 14:25:04.230391  7750 work_thread.hpp:119]  [T-Work-Detect_0] Valid piece: gid = 0
I1014 14:25:04.230408  7750 work_thread.hpp:91]  [T-Work-Detect_0] Push to split queue:recog
I1014 14:25:04.230458  7752 work_thread.hpp:81]  [T-Work-Recog_1] Run work: WorkCapture
I1014 14:25:04.230808  7753 thread_intergrate.hpp:78] [T-Intergrate-intergrate] queue: frame output frame :189
I1014 14:25:04.230834  7753 thread_intergrate.hpp:85] [T-Intergrate-intergrate] queue: compare output face:0
I1014 14:25:04.230854  7753 thread_intergrate.hpp:137] T-Intergrate-intergrate set matched face: 0
I1014 14:25:04.231072  7752 work_thread.hpp:81]  [T-Work-Recog_1] Run work: WorkRecog
I1014 14:25:04.231106  7752 work_recog.hpp:89] Face id: 0 will run recog: bbox [187 x 237 from (222, 122)] quality: 0.415793
I1014 14:25:04.231133  7752 work_recog.hpp:96] Recog pair: [264 x 288 from (184, 72)], [187 x 237 from (38, 50)]
I1014 14:25:04.232324  7753 thread_intergrate.hpp:157] T-Intergrate-intergrate Show face :0, size :640 * 360
I1014 14:25:04.232892  7749 demo_inner.hpp:435] thread [SORT-0]  frame id 189 sorting queue size 0   FPS: 28.5714
I1014 14:25:04.249689  7752 work_thread.hpp:81]  [T-Work-Recog_1] Run work: WorkCompare
I1014 14:25:04.250200  7752 work_compare.cpp:76] Compare face: 0 successed, similarity :0.994579, name : images/ThangLMb.jpg, normal size : 1548 * 1719!
I1014 14:25:04.258002  7747 demo_inner.hpp:177] decode queue size 0
I1014 14:25:04.258113  7750 work_thread.hpp:81]  [T-Work-Detect_0] Run work: WorkDetect
I1014 14:25:04.258173  7750 work_detect.cpp:102] Succeeded to add det start for frame 190
I1014 14:25:04.265811  7750 work_detect.cpp:70] Frame :190 detect result :1 face(s)
I1014 14:25:04.265857  7750 work_detect.cpp:86] Detected bbox: [172 x 211 from (245, 132)]
I1014 14:25:04.265900  7750 work_detect.cpp:120] Succeeded to add det end for frame 190
I1014 14:25:04.265924  7750 work_thread.hpp:81]  [T-Work-Detect_0] Run work: WrokTrack
I1014 14:25:04.265950  7750 work_track.cpp:82] Frame: 190 build input_characts: [0.26875 x 0.586111 from (0.382812, 0.366667)], 0.997596, 0
I1014 14:25:04.266006  7750 work_track.cpp:102] Succeeded to set track lock for frame 190
I1014 14:25:04.266126  7750 work_track.cpp:116] Succeeded to release track lock for frame 190
I1014 14:25:04.266381  7750 work_track.cpp:120] Track results of frame 190: 1 objects input, 1 objects tracked!
I1014 14:25:04.266412  7750 work_track.cpp:148] Frame: 190, track bbox: [172 x 211 from (237.884, 134.114)], gid: 0, lid: 0
I1014 14:25:04.266451  7750 work_thread.hpp:87]  [T-Work-Detect_0] Frame :190 split
I1014 14:25:04.266469  7750 work_thread.hpp:119]  [T-Work-Detect_0] Valid piece: gid = 0
I1014 14:25:04.266489  7750 work_thread.hpp:91]  [T-Work-Detect_0] Push to split queue:recog
I1014 14:25:04.266554  7753 thread_intergrate.hpp:78] [T-Intergrate-intergrate] queue: frame output frame :190
I1014 14:25:04.266556  7751 work_thread.hpp:81]  [T-Work-Recog_0] Run work: WorkCapture
I1014 14:25:04.266583  7753 thread_intergrate.hpp:85] [T-Intergrate-intergrate] queue: compare output face:0
I1014 14:25:04.266602  7753 thread_intergrate.hpp:137] T-Intergrate-intergrate set matched face: 0
I1014 14:25:04.267158  7751 work_thread.hpp:81]  [T-Work-Recog_0] Run work: WorkRecog
I1014 14:25:04.267184  7751 work_recog.hpp:89] Face id: 0 will run recog: bbox [172 x 211 from (245, 132)] quality: 0.302433
I1014 14:25:04.267213  7751 work_recog.hpp:96] Recog pair: [248 x 272 from (208, 88)], [172 x 211 from (37, 44)]
I1014 14:25:04.268029  7753 thread_intergrate.hpp:157] T-Intergrate-intergrate Show face :0, size :640 * 360
I1014 14:25:04.268589  7749 demo_inner.hpp:435] thread [SORT-0]  frame id 190 sorting queue size 1   FPS: 28.5714
I1014 14:25:04.277596  7748 demo_inner.hpp:260]  gui queue size 1, state = running
I1014 14:25:04.284919  7751 work_thread.hpp:81]  [T-Work-Recog_0] Run work: WorkCompare
I1014 14:25:04.285392  7751 work_compare.cpp:76] Compare face: 0 successed, similarity :0.99444, name : images/ThangLMb.jpg, normal size : 1548 * 1719!
I1014 14:25:04.288184  7747 demo_inner.hpp:177] decode queue size 0
I1014 14:25:04.288267  7750 work_thread.hpp:81]  [T-Work-Detect_0] Run work: WorkDetect
I1014 14:25:04.288312  7750 work_detect.cpp:102] Succeeded to add det start for frame 191
I1014 14:25:04.296327  7750 work_detect.cpp:70] Frame :191 detect result :1 face(s)
I1014 14:25:04.296383  7750 work_detect.cpp:86] Detected bbox: [186 x 235 from (222, 124)]
I1014 14:25:04.296434  7750 work_detect.cpp:120] Succeeded to add det end for frame 191
I1014 14:25:04.296452  7750 work_thread.hpp:81]  [T-Work-Detect_0] Run work: WrokTrack
I1014 14:25:04.296478  7750 work_track.cpp:82] Frame: 191 build input_characts: [0.290625 x 0.652778 from (0.346875, 0.344444)], 1.00019, 0
I1014 14:25:04.296531  7750 work_track.cpp:102] Succeeded to set track lock for frame 191
I1014 14:25:04.296591  7750 work_track.cpp:116] Succeeded to release track lock for frame 191
I1014 14:25:04.296607  7750 work_track.cpp:120] Track results of frame 191: 1 objects input, 1 objects tracked!
I1014 14:25:04.296625  7750 work_track.cpp:148] Frame: 191, track bbox: [186 x 235 from (228.241, 122.713)], gid: 0, lid: 0
I1014 14:25:04.296741  7750 work_thread.hpp:87]  [T-Work-Detect_0] Frame :191 split
I1014 14:25:04.296761  7750 work_thread.hpp:119]  [T-Work-Detect_0] Valid piece: gid = 0
I1014 14:25:04.296779  7750 work_thread.hpp:91]  [T-Work-Detect_0] Push to split queue:recog
I1014 14:25:04.296852  7752 work_thread.hpp:81]  [T-Work-Recog_1] Run work: WorkCapture
I1014 14:25:04.297199  7753 thread_intergrate.hpp:78] [T-Intergrate-intergrate] queue: frame output frame :191
I1014 14:25:04.297225  7753 thread_intergrate.hpp:85] [T-Intergrate-intergrate] queue: compare output face:0
I1014 14:25:04.297245  7753 thread_intergrate.hpp:137] T-Intergrate-intergrate set matched face: 0
I1014 14:25:04.297456  7752 work_thread.hpp:81]  [T-Work-Recog_1] Run work: WorkRecog
I1014 14:25:04.297482  7752 work_recog.hpp:89] Face id: 0 will run recog: bbox [186 x 235 from (222, 124)] quality: 0.424386
I1014 14:25:04.297511  7752 work_recog.hpp:96] Recog pair: [264 x 288 from (184, 72)], [186 x 235 from (38, 52)]
I1014 14:25:04.298688  7753 thread_intergrate.hpp:157] T-Intergrate-intergrate Show face :0, size :640 * 360
I1014 14:25:04.299252  7749 demo_inner.hpp:435] thread [SORT-0]  frame id 191 sorting queue size 0   FPS: 28.5714
I1014 14:25:04.315889  7752 work_thread.hpp:81]  [T-Work-Recog_1] Run work: WorkCompare
I1014 14:25:04.316715  7752 work_compare.cpp:76] Compare face: 0 successed, similarity :0.99286, name : images/ThangLMb.jpg, normal size : 1548 * 1719!
I1014 14:25:04.324012  7747 demo_inner.hpp:177] decode queue size 0
I1014 14:25:04.324132  7750 work_thread.hpp:81]  [T-Work-Detect_0] Run work: WorkDetect
I1014 14:25:04.324193  7750 work_detect.cpp:102] Succeeded to add det start for frame 192
I1014 14:25:04.331789  7750 work_detect.cpp:70] Frame :192 detect result :1 face(s)
I1014 14:25:04.331838  7750 work_detect.cpp:86] Detected bbox: [172 x 210 from (237, 135)]
I1014 14:25:04.331889  7750 work_detect.cpp:120] Succeeded to add det end for frame 192
I1014 14:25:04.331907  7750 work_thread.hpp:81]  [T-Work-Detect_0] Run work: WrokTrack
I1014 14:25:04.331931  7750 work_track.cpp:82] Frame: 192 build input_characts: [0.26875 x 0.583333 from (0.370313, 0.375)], 0.997596, 0
I1014 14:25:04.332007  7750 work_track.cpp:102] Succeeded to set track lock for frame 192
I1014 14:25:04.332047  7750 work_track.cpp:116] Succeeded to release track lock for frame 192
I1014 14:25:04.332062  7750 work_track.cpp:120] Track results of frame 192: 1 objects input, 1 objects tracked!
I1014 14:25:04.332080  7750 work_track.cpp:148] Frame: 192, track bbox: [172 x 210 from (237.26, 134.832)], gid: 0, lid: 0
I1014 14:25:04.332125  7750 work_thread.hpp:87]  [T-Work-Detect_0] Frame :192 split
I1014 14:25:04.332276  7750 work_thread.hpp:119]  [T-Work-Detect_0] Valid piece: gid = 0
I1014 14:25:04.332298  7750 work_thread.hpp:91]  [T-Work-Detect_0] Push to split queue:recog
I1014 14:25:04.332348  7753 thread_intergrate.hpp:78] [T-Intergrate-intergrate] queue: frame output frame :192
I1014 14:25:04.332367  7751 work_thread.hpp:81]  [T-Work-Recog_0] Run work: WorkCapture
I1014 14:25:04.332374  7753 thread_intergrate.hpp:85] [T-Intergrate-intergrate] queue: compare output face:0
I1014 14:25:04.332394  7753 thread_intergrate.hpp:137] T-Intergrate-intergrate set matched face: 0
I1014 14:25:04.333202  7751 work_thread.hpp:81]  [T-Work-Recog_0] Run work: WorkRecog
I1014 14:25:04.333251  7751 work_recog.hpp:89] Face id: 0 will run recog: bbox [172 x 210 from (237, 135)] quality: 0.347548
I1014 14:25:04.333289  7751 work_recog.hpp:96] Recog pair: [248 x 272 from (200, 88)], [172 x 210 from (37, 47)]
I1014 14:25:04.333818  7753 thread_intergrate.hpp:157] T-Intergrate-intergrate Show face :0, size :640 * 360
I1014 14:25:04.334337  7749 demo_inner.hpp:435] thread [SORT-0]  frame id 192 sorting queue size 1   FPS: 28.5714
I1014 14:25:04.351316  7751 work_thread.hpp:81]  [T-Work-Recog_0] Run work: WorkCompare
I1014 14:25:04.351822  7751 work_compare.cpp:76] Compare face: 0 successed, similarity :0.987673, name : images/ThangLMb.jpg, normal size : 1548 * 1719!
I1014 14:25:04.355643  7748 demo_inner.hpp:260]  gui queue size 1, state = running
I1014 14:25:04.359927  7747 demo_inner.hpp:177] decode queue size 0
I1014 14:25:04.360052  7750 work_thread.hpp:81]  [T-Work-Detect_0] Run work: WorkDetect
I1014 14:25:04.360087  7750 work_detect.cpp:102] Succeeded to add det start for frame 193
I1014 14:25:04.367985  7750 work_detect.cpp:70] Frame :193 detect result :1 face(s)
I1014 14:25:04.368057  7750 work_detect.cpp:86] Detected bbox: [187 x 232 from (222, 126)]
I1014 14:25:04.368101  7750 work_detect.cpp:120] Succeeded to add det end for frame 193
I1014 14:25:04.368118  7750 work_thread.hpp:81]  [T-Work-Detect_0] Run work: WrokTrack
I1014 14:25:04.368265  7750 work_track.cpp:82] Frame: 193 build input_characts: [0.292188 x 0.644444 from (0.346875, 0.35)], 1.00019, 0
I1014 14:25:04.368345  7750 work_track.cpp:102] Succeeded to set track lock for frame 193
I1014 14:25:04.368386  7750 work_track.cpp:116] Succeeded to release track lock for frame 193
I1014 14:25:04.368410  7750 work_track.cpp:120] Track results of frame 193: 1 objects input, 1 objects tracked!
I1014 14:25:04.368429  7750 work_track.cpp:148] Frame: 193, track bbox: [187 x 232 from (226.501, 124.759)], gid: 0, lid: 0
I1014 14:25:04.368465  7750 work_thread.hpp:87]  [T-Work-Detect_0] Frame :193 split
I1014 14:25:04.368484  7750 work_thread.hpp:119]  [T-Work-Detect_0] Valid piece: gid = 0
I1014 14:25:04.368502  7750 work_thread.hpp:91]  [T-Work-Detect_0] Push to split queue:recog
I1014 14:25:04.368572  7751 work_thread.hpp:81]  [T-Work-Recog_0] Run work: WorkCapture
I1014 14:25:04.368923  7753 thread_intergrate.hpp:78] [T-Intergrate-intergrate] queue: frame output frame :193
I1014 14:25:04.368949  7753 thread_intergrate.hpp:85] [T-Intergrate-intergrate] queue: compare output face:0
I1014 14:25:04.368968  7753 thread_intergrate.hpp:137] T-Intergrate-intergrate set matched face: 0
I1014 14:25:04.370600  7753 thread_intergrate.hpp:157] T-Intergrate-intergrate Show face :0, size :640 * 360
I1014 14:25:04.370833  7751 work_thread.hpp:81]  [T-Work-Recog_0] Run work: WorkRecog
I1014 14:25:04.370862  7751 work_recog.hpp:89] Face id: 0 will run recog: bbox [187 x 232 from (222, 126)] quality: 0.431977
I1014 14:25:04.370894  7751 work_recog.hpp:96] Recog pair: [264 x 280 from (184, 80)], [187 x 232 from (38, 46)]
I1014 14:25:04.371176  7749 demo_inner.hpp:435] thread [SORT-0]  frame id 193 sorting queue size 0   FPS: 28.4914
I1014 14:25:04.388553  7751 work_thread.hpp:81]  [T-Work-Recog_0] Run work: WorkCompare
I1014 14:25:04.389024  7751 work_compare.cpp:76] Compare face: 0 successed, similarity :0.993403, name : images/ThangLMb.jpg, normal size : 1548 * 1719!
I1014 14:25:04.390045  7747 demo_inner.hpp:177] decode queue size 0
I1014 14:25:04.390152  7750 work_thread.hpp:81]  [T-Work-Detect_0] Run work: WorkDetect
I1014 14:25:04.390218  7750 work_detect.cpp:102] Succeeded to add det start for frame 194
I1014 14:25:04.397902  7750 work_detect.cpp:70] Frame :194 detect result :1 face(s)
W1014 14:25:04.397963  7750 work_detect.cpp:83] Invalid bbox: [189 x 232 from (220, 143)]
I1014 14:25:04.398037  7750 work_detect.cpp:120] Succeeded to add det end for frame 194
I1014 14:25:04.398061  7750 work_thread.hpp:81]  [T-Work-Detect_0] Run work: WrokTrack
I1014 14:25:04.398090  7750 work_track.cpp:102] Succeeded to set track lock for frame 194
I1014 14:25:04.398123  7750 work_track.cpp:116] Succeeded to release track lock for frame 194
I1014 14:25:04.398138  7750 work_track.cpp:120] Track results of frame 194: 0 objects input, 1 objects tracked!
I1014 14:25:04.398278  7750 work_track.cpp:148] Frame: 194, track bbox: [187 x 232 from (226.9, 124.829)], gid: 0, lid: -1
I1014 14:25:04.398339  7750 work_thread.hpp:87]  [T-Work-Detect_0] Frame :194 split
I1014 14:25:04.398394  7753 thread_intergrate.hpp:78] [T-Intergrate-intergrate] queue: frame output frame :194
I1014 14:25:04.398443  7753 thread_intergrate.hpp:85] [T-Intergrate-intergrate] queue: compare output face:0
I1014 14:25:04.398463  7753 thread_intergrate.hpp:137] T-Intergrate-intergrate set matched face: 0
I1014 14:25:04.400279  7753 thread_intergrate.hpp:157] T-Intergrate-intergrate Show face :0, size :640 * 360
I1014 14:25:04.400828  7749 demo_inner.hpp:435] thread [SORT-0]  frame id 194 sorting queue size 1   FPS: 28.5714
I1014 14:25:04.425710  7747 demo_inner.hpp:177] decode queue size 0
I1014 14:25:04.425827  7750 work_thread.hpp:81]  [T-Work-Detect_0] Run work: WorkDetect
I1014 14:25:04.425863  7750 work_detect.cpp:102] Succeeded to add det start for frame 195
I1014 14:25:04.432938  7750 work_detect.cpp:70] Frame :195 detect result :1 face(s)
W1014 14:25:04.432986  7750 work_detect.cpp:83] Invalid bbox: [191 x 237 from (220, 124)]
I1014 14:25:04.433349  7750 work_detect.cpp:120] Succeeded to add det end for frame 195
I1014 14:25:04.433369  7750 work_thread.hpp:81]  [T-Work-Detect_0] Run work: WrokTrack
I1014 14:25:04.433398  7750 work_track.cpp:102] Succeeded to set track lock for frame 195
I1014 14:25:04.433429  7750 work_track.cpp:116] Succeeded to release track lock for frame 195
I1014 14:25:04.433444  7750 work_track.cpp:120] Track results of frame 195: 0 objects input, 0 objects tracked!
I1014 14:25:04.433462  7750 work_thread.hpp:87]  [T-Work-Detect_0] Frame :195 split
I1014 14:25:04.433567  7753 thread_intergrate.hpp:78] [T-Intergrate-intergrate] queue: frame output frame :195
I1014 14:25:04.434660  7753 thread_intergrate.hpp:157] T-Intergrate-intergrate Show face :0, size :640 * 360
I1014 14:25:04.435231  7749 demo_inner.hpp:435] thread [SORT-0]  frame id 195 sorting queue size 2   FPS: 28.5313
I1014 14:25:04.450512  7748 demo_inner.hpp:260]  gui queue size 2, state = running
I1014 14:25:04.455840  7747 demo_inner.hpp:177] decode queue size 0
I1014 14:25:04.455974  7750 work_thread.hpp:81]  [T-Work-Detect_0] Run work: WorkDetect
I1014 14:25:04.456014  7750 work_detect.cpp:102] Succeeded to add det start for frame 196
I1014 14:25:04.462980  7750 work_detect.cpp:70] Frame :196 detect result :1 face(s)
W1014 14:25:04.463024  7750 work_detect.cpp:83] Invalid bbox: [192 x 241 from (219, 122)]
I1014 14:25:04.463130  7750 work_detect.cpp:120] Succeeded to add det end for frame 196
I1014 14:25:04.463148  7750 work_thread.hpp:81]  [T-Work-Detect_0] Run work: WrokTrack
I1014 14:25:04.463176  7750 work_track.cpp:102] Succeeded to set track lock for frame 196
I1014 14:25:04.463209  7750 work_track.cpp:116] Succeeded to release track lock for frame 196
I1014 14:25:04.463223  7750 work_track.cpp:120] Track results of frame 196: 0 objects input, 0 objects tracked!
I1014 14:25:04.463243  7750 work_thread.hpp:87]  [T-Work-Detect_0] Frame :196 split
I1014 14:25:04.463307  7753 thread_intergrate.hpp:78] [T-Intergrate-intergrate] queue: frame output frame :196
I1014 14:25:04.464399  7753 thread_intergrate.hpp:157] T-Intergrate-intergrate Show face :0, size :640 * 360
I1014 14:25:04.465006  7749 demo_inner.hpp:435] thread [SORT-0]  frame id 196 sorting queue size 0   FPS: 28.5848
I1014 14:25:04.491663  7747 demo_inner.hpp:177] decode queue size 0
I1014 14:25:04.491765  7750 work_thread.hpp:81]  [T-Work-Detect_0] Run work: WorkDetect
I1014 14:25:04.491801  7750 work_detect.cpp:102] Succeeded to add det start for frame 197
I1014 14:25:04.498730  7750 work_detect.cpp:70] Frame :197 detect result :1 face(s)
I1014 14:25:04.498781  7750 work_detect.cpp:86] Detected bbox: [173 x 207 from (239, 139)]
I1014 14:25:04.498826  7750 work_detect.cpp:120] Succeeded to add det end for frame 197
I1014 14:25:04.498843  7750 work_thread.hpp:81]  [T-Work-Detect_0] Run work: WrokTrack
I1014 14:25:04.498867  7750 work_track.cpp:82] Frame: 197 build input_characts: [0.270312 x 0.575 from (0.373437, 0.386111)], 1.00019, 0
I1014 14:25:04.498924  7750 work_track.cpp:102] Succeeded to set track lock for frame 197
I1014 14:25:04.498960  7750 work_track.cpp:116] Succeeded to release track lock for frame 197
I1014 14:25:04.498973  7750 work_track.cpp:120] Track results of frame 197: 1 objects input, 0 objects tracked!
I1014 14:25:04.498991  7750 work_track.cpp:162] Frame: 197 lid: 0 not tracked, will set invalid
I1014 14:25:04.499006  7750 work_thread.hpp:87]  [T-Work-Detect_0] Frame :197 split
I1014 14:25:04.499097  7750 work_thread.hpp:123]  [T-Work-Detect_0] Invalid piece: lid = 0, drop it
I1014 14:25:04.499145  7753 thread_intergrate.hpp:78] [T-Intergrate-intergrate] queue: frame output frame :197
I1014 14:25:04.500294  7753 thread_intergrate.hpp:157] T-Intergrate-intergrate Show face :0, size :640 * 360
I1014 14:25:04.500895  7749 demo_inner.hpp:435] thread [SORT-0]  frame id 197 sorting queue size 1   FPS: 28.5848
I1014 14:25:04.521710  7747 demo_inner.hpp:177] decode queue size 0
I1014 14:25:04.521807  7750 work_thread.hpp:81]  [T-Work-Detect_0] Run work: WorkDetect
I1014 14:25:04.521842  7750 work_detect.cpp:102] Succeeded to add det start for frame 198
I1014 14:25:04.528546  7748 demo_inner.hpp:260]  gui queue size 1, state = running
I1014 14:25:04.528982  7750 work_detect.cpp:70] Frame :198 detect result :1 face(s)
W1014 14:25:04.529021  7750 work_detect.cpp:83] Invalid bbox: [191 x 237 from (219, 124)]
I1014 14:25:04.529125  7750 work_detect.cpp:120] Succeeded to add det end for frame 198
I1014 14:25:04.529143  7750 work_thread.hpp:81]  [T-Work-Detect_0] Run work: WrokTrack
I1014 14:25:04.529171  7750 work_track.cpp:102] Succeeded to set track lock for frame 198
I1014 14:25:04.529203  7750 work_track.cpp:116] Succeeded to release track lock for frame 198
I1014 14:25:04.529217  7750 work_track.cpp:120] Track results of frame 198: 0 objects input, 0 objects tracked!
I1014 14:25:04.529237  7750 work_thread.hpp:87]  [T-Work-Detect_0] Frame :198 split
I1014 14:25:04.529294  7753 thread_intergrate.hpp:78] [T-Intergrate-intergrate] queue: frame output frame :198
I1014 14:25:04.530396  7753 thread_intergrate.hpp:157] T-Intergrate-intergrate Show face :0, size :640 * 360
I1014 14:25:04.531002  7749 demo_inner.hpp:435] thread [SORT-0]  frame id 198 sorting queue size 0   FPS: 28.5714
I1014 14:25:04.557785  7747 demo_inner.hpp:177] decode queue size 0
I1014 14:25:04.557900  7750 work_thread.hpp:81]  [T-Work-Detect_0] Run work: WorkDetect
I1014 14:25:04.557937  7750 work_detect.cpp:102] Succeeded to add det start for frame 199
I1014 14:25:04.564935  7750 work_detect.cpp:70] Frame :199 detect result :1 face(s)
I1014 14:25:04.564977  7750 work_detect.cpp:86] Detected bbox: [170 x 214 from (245, 135)]
I1014 14:25:04.565019  7750 work_detect.cpp:120] Succeeded to add det end for frame 199
I1014 14:25:04.565035  7750 work_thread.hpp:81]  [T-Work-Detect_0] Run work: WrokTrack
I1014 14:25:04.565058  7750 work_track.cpp:82] Frame: 199 build input_characts: [0.265625 x 0.594444 from (0.382812, 0.375)], 0.997596, 0
I1014 14:25:04.565114  7750 work_track.cpp:102] Succeeded to set track lock for frame 199
I1014 14:25:04.565153  7750 work_track.cpp:116] Succeeded to release track lock for frame 199
I1014 14:25:04.565168  7750 work_track.cpp:120] Track results of frame 199: 1 objects input, 0 objects tracked!
I1014 14:25:04.565186  7750 work_track.cpp:162] Frame: 199 lid: 0 not tracked, will set invalid
I1014 14:25:04.565201  7750 work_thread.hpp:87]  [T-Work-Detect_0] Frame :199 split
I1014 14:25:04.565218  7750 work_thread.hpp:123]  [T-Work-Detect_0] Invalid piece: lid = 0, drop it
I1014 14:25:04.565369  7753 thread_intergrate.hpp:78] [T-Intergrate-intergrate] queue: frame output frame :199
I1014 14:25:04.566488  7753 thread_intergrate.hpp:157] T-Intergrate-intergrate Show face :0, size :640 * 360
I1014 14:25:04.567098  7749 demo_inner.hpp:435] thread [SORT-0]  frame id 199 sorting queue size 1   FPS: 28.5982
I1014 14:25:04.587811  7747 demo_inner.hpp:177] decode queue size 0
I1014 14:25:04.587913  7750 work_thread.hpp:81]  [T-Work-Detect_0] Run work: WorkDetect
I1014 14:25:04.587947  7750 work_detect.cpp:102] Succeeded to add det start for frame 200
I1014 14:25:04.594835  7750 work_detect.cpp:70] Frame :200 detect result :1 face(s)
I1014 14:25:04.594877  7750 work_detect.cpp:86] Detected bbox: [174 x 222 from (244, 126)]
I1014 14:25:04.594918  7750 work_detect.cpp:120] Succeeded to add det end for frame 200
I1014 14:25:04.594935  7750 work_thread.hpp:81]  [T-Work-Detect_0] Run work: WrokTrack
I1014 14:25:04.595033  7750 work_track.cpp:82] Frame: 200 build input_characts: [0.271875 x 0.616667 from (0.38125, 0.35)], 0.997596, 0
I1014 14:25:04.595095  7750 work_track.cpp:102] Succeeded to set track lock for frame 200
I1014 14:25:04.595137  7750 work_track.cpp:116] Succeeded to release track lock for frame 200
I1014 14:25:04.595152  7750 work_track.cpp:120] Track results of frame 200: 1 objects input, 0 objects tracked!
I1014 14:25:04.595170  7750 work_track.cpp:162] Frame: 200 lid: 0 not tracked, will set invalid
I1014 14:25:04.595185  7750 work_thread.hpp:87]  [T-Work-Detect_0] Frame :200 split
I1014 14:25:04.595203  7750 work_thread.hpp:123]  [T-Work-Detect_0] Invalid piece: lid = 0, drop it
I1014 14:25:04.595257  7753 thread_intergrate.hpp:78] [T-Intergrate-intergrate] queue: frame output frame :200
I1014 14:25:04.595582  7748 demo_inner.hpp:260]  gui queue size 1, state = running
I1014 14:25:04.596366  7753 thread_intergrate.hpp:157] T-Intergrate-intergrate Show face :0, size :640 * 360
I1014 14:25:04.597010  7749 demo_inner.hpp:435] thread [SORT-0]  frame id 200 sorting queue size 0   FPS: 28.5982
I1014 14:25:04.623790  7747 demo_inner.hpp:177] decode queue size 0
I1014 14:25:04.623908  7750 work_thread.hpp:81]  [T-Work-Detect_0] Run work: WorkDetect
I1014 14:25:04.623944  7750 work_detect.cpp:102] Succeeded to add det start for frame 201
I1014 14:25:04.631086  7750 work_detect.cpp:70] Frame :201 detect result :1 face(s)
I1014 14:25:04.631135  7750 work_detect.cpp:86] Detected bbox: [173 x 220 from (237, 132)]
I1014 14:25:04.631180  7750 work_detect.cpp:120] Succeeded to add det end for frame 201
I1014 14:25:04.631196  7750 work_thread.hpp:81]  [T-Work-Detect_0] Run work: WrokTrack
I1014 14:25:04.631220  7750 work_track.cpp:82] Frame: 201 build input_characts: [0.270312 x 0.611111 from (0.370313, 0.366667)], 0.999622, 0
I1014 14:25:04.631276  7750 work_track.cpp:102] Succeeded to set track lock for frame 201
I1014 14:25:04.631315  7750 work_track.cpp:116] Succeeded to release track lock for frame 201
I1014 14:25:04.631330  7750 work_track.cpp:120] Track results of frame 201: 1 objects input, 1 objects tracked!
I1014 14:25:04.631348  7750 work_track.cpp:148] Frame: 201, track bbox: [173 x 220 from (240.9, 129.901)], gid: 2, lid: 0
I1014 14:25:04.631386  7750 work_thread.hpp:87]  [T-Work-Detect_0] Frame :201 split
I1014 14:25:04.631402  7750 work_thread.hpp:119]  [T-Work-Detect_0] Valid piece: gid = 2
I1014 14:25:04.631420  7750 work_thread.hpp:91]  [T-Work-Detect_0] Push to split queue:recog
I1014 14:25:04.631474  7752 work_thread.hpp:81]  [T-Work-Recog_1] Run work: WorkCapture
I1014 14:25:04.632042  7753 thread_intergrate.hpp:78] [T-Intergrate-intergrate] queue: frame output frame :201
I1014 14:25:04.632356  7752 work_thread.hpp:81]  [T-Work-Recog_1] Run work: WorkRecog
I1014 14:25:04.632380  7752 work_recog.hpp:89] Face id: 2 will run recog: bbox [173 x 220 from (237, 132)] quality: 0.396491
I1014 14:25:04.632409  7752 work_recog.hpp:96] Recog pair: [248 x 272 from (200, 88)], [173 x 220 from (37, 44)]
I1014 14:25:04.633370  7753 thread_intergrate.hpp:157] T-Intergrate-intergrate Show face :0, size :640 * 360
I1014 14:25:04.633965  7749 demo_inner.hpp:435] thread [SORT-0]  frame id 201 sorting queue size 1   FPS: 28.5982
I1014 14:25:04.650349  7752 work_thread.hpp:81]  [T-Work-Recog_1] Run work: WorkCompare
I1014 14:25:04.650914  7752 work_compare.cpp:76] Compare face: 2 successed, similarity :0.996655, name : images/ThangLMb.jpg, normal size : 1548 * 1719!
I1014 14:25:04.659615  7747 demo_inner.hpp:177] decode queue size 0
I1014 14:25:04.659734  7750 work_thread.hpp:81]  [T-Work-Detect_0] Run work: WorkDetect
I1014 14:25:04.659771  7750 work_detect.cpp:102] Succeeded to add det start for frame 202
I1014 14:25:04.666770  7750 work_detect.cpp:70] Frame :202 detect result :1 face(s)
I1014 14:25:04.666823  7750 work_detect.cpp:86] Detected bbox: [173 x 218 from (241, 130)]
I1014 14:25:04.666865  7750 work_detect.cpp:120] Succeeded to add det end for frame 202
I1014 14:25:04.666882  7750 work_thread.hpp:81]  [T-Work-Detect_0] Run work: WrokTrack
I1014 14:25:04.666983  7750 work_track.cpp:82] Frame: 202 build input_characts: [0.270312 x 0.605556 from (0.376563, 0.361111)], 1.00019, 0
I1014 14:25:04.667042  7750 work_track.cpp:102] Succeeded to set track lock for frame 202
I1014 14:25:04.667083  7750 work_track.cpp:116] Succeeded to release track lock for frame 202
I1014 14:25:04.667098  7750 work_track.cpp:120] Track results of frame 202: 1 objects input, 1 objects tracked!
I1014 14:25:04.667115  7750 work_track.cpp:148] Frame: 202, track bbox: [173 x 218 from (240.925, 130.165)], gid: 2, lid: 0
I1014 14:25:04.667151  7750 work_thread.hpp:87]  [T-Work-Detect_0] Frame :202 split
I1014 14:25:04.667170  7750 work_thread.hpp:119]  [T-Work-Detect_0] Valid piece: gid = 2
I1014 14:25:04.667188  7750 work_thread.hpp:91]  [T-Work-Detect_0] Push to split queue:recog
I1014 14:25:04.667237  7752 work_thread.hpp:81]  [T-Work-Recog_1] Run work: WorkCapture
I1014 14:25:04.667644  7753 thread_intergrate.hpp:78] [T-Intergrate-intergrate] queue: frame output frame :202
I1014 14:25:04.667691  7753 thread_intergrate.hpp:85] [T-Intergrate-intergrate] queue: compare output face:2
I1014 14:25:04.667712  7753 thread_intergrate.hpp:137] T-Intergrate-intergrate set matched face: 2
I1014 14:25:04.668478  7752 work_thread.hpp:81]  [T-Work-Recog_1] Run work: WorkRecog
I1014 14:25:04.668503  7752 work_recog.hpp:89] Face id: 2 will run recog: bbox [173 x 218 from (241, 130)] quality: 0.347564
I1014 14:25:04.668531  7752 work_recog.hpp:96] Recog pair: [248 x 280 from (200, 80)], [173 x 218 from (41, 50)]
I1014 14:25:04.669445  7753 thread_intergrate.hpp:157] T-Intergrate-intergrate Show face :2, size :640 * 360
I1014 14:25:04.669992  7749 demo_inner.hpp:435] thread [SORT-0]  frame id 202 sorting queue size 2   FPS: 39.8172
I1014 14:25:04.671880  7748 demo_inner.hpp:260]  gui queue size 2, state = running
I1014 14:25:04.686415  7752 work_thread.hpp:81]  [T-Work-Recog_1] Run work: WorkCompare
I1014 14:25:04.686879  7752 work_compare.cpp:76] Compare face: 2 successed, similarity :0.996098, name : images/ThangLMb.jpg, normal size : 1548 * 1719!
I1014 14:25:04.689913  7747 demo_inner.hpp:177] decode queue size 0
I1014 14:25:04.689993  7750 work_thread.hpp:81]  [T-Work-Detect_0] Run work: WorkDetect
I1014 14:25:04.690027  7750 work_detect.cpp:102] Succeeded to add det start for frame 203
I1014 14:25:04.696933  7750 work_detect.cpp:70] Frame :203 detect result :1 face(s)
I1014 14:25:04.696979  7750 work_detect.cpp:86] Detected bbox: [173 x 218 from (242, 133)]
I1014 14:25:04.697049  7750 work_detect.cpp:120] Succeeded to add det end for frame 203
I1014 14:25:04.697067  7750 work_thread.hpp:81]  [T-Work-Detect_0] Run work: WrokTrack
I1014 14:25:04.697090  7750 work_track.cpp:82] Frame: 203 build input_characts: [0.270312 x 0.605556 from (0.378125, 0.369444)], 0.997596, 0
I1014 14:25:04.697147  7750 work_track.cpp:102] Succeeded to set track lock for frame 203
I1014 14:25:04.697190  7750 work_track.cpp:116] Succeeded to release track lock for frame 203
I1014 14:25:04.697203  7750 work_track.cpp:120] Track results of frame 203: 1 objects input, 1 objects tracked!
I1014 14:25:04.697221  7750 work_track.cpp:148] Frame: 203, track bbox: [173 x 218 from (241.413, 131.18)], gid: 2, lid: 0
I1014 14:25:04.697257  7750 work_thread.hpp:87]  [T-Work-Detect_0] Frame :203 split
I1014 14:25:04.697275  7750 work_thread.hpp:119]  [T-Work-Detect_0] Valid piece: gid = 2
I1014 14:25:04.697293  7750 work_thread.hpp:91]  [T-Work-Detect_0] Push to split queue:recog
I1014 14:25:04.697341  7751 work_thread.hpp:81]  [T-Work-Recog_0] Run work: WorkCapture
I1014 14:25:04.697733  7753 thread_intergrate.hpp:78] [T-Intergrate-intergrate] queue: frame output frame :203
I1014 14:25:04.697760  7753 thread_intergrate.hpp:85] [T-Intergrate-intergrate] queue: compare output face:2
I1014 14:25:04.697788  7753 thread_intergrate.hpp:137] T-Intergrate-intergrate set matched face: 2
I1014 14:25:04.699685  7753 thread_intergrate.hpp:157] T-Intergrate-intergrate Show face :2, size :640 * 360
I1014 14:25:04.700027  7751 work_thread.hpp:81]  [T-Work-Recog_0] Run work: WorkRecog
I1014 14:25:04.700054  7751 work_recog.hpp:89] Face id: 2 will run recog: bbox [173 x 218 from (242, 133)] quality: 0.373727
I1014 14:25:04.700085  7751 work_recog.hpp:96] Recog pair: [248 x 272 from (208, 88)], [173 x 218 from (34, 45)]
I1014 14:25:04.700381  7749 demo_inner.hpp:435] thread [SORT-0]  frame id 203 sorting queue size 0   FPS: 39.6673
I1014 14:25:04.718494  7751 work_thread.hpp:81]  [T-Work-Recog_0] Run work: WorkCompare
I1014 14:25:04.719063  7751 work_compare.cpp:76] Compare face: 2 successed, similarity :0.994113, name : images/ThangLMb.jpg, normal size : 1548 * 1719!
I1014 14:25:04.726020  7747 demo_inner.hpp:177] decode queue size 0
I1014 14:25:04.726132  7750 work_thread.hpp:81]  [T-Work-Detect_0] Run work: WorkDetect
I1014 14:25:04.726168  7750 work_detect.cpp:102] Succeeded to add det start for frame 204
I1014 14:25:04.733224  7750 work_detect.cpp:70] Frame :204 detect result :1 face(s)
I1014 14:25:04.733276  7750 work_detect.cpp:86] Detected bbox: [172 x 215 from (242, 134)]
I1014 14:25:04.733319  7750 work_detect.cpp:120] Succeeded to add det end for frame 204
I1014 14:25:04.733335  7750 work_thread.hpp:81]  [T-Work-Detect_0] Run work: WrokTrack
I1014 14:25:04.733361  7750 work_track.cpp:82] Frame: 204 build input_characts: [0.26875 x 0.597222 from (0.378125, 0.372222)], 0.997596, 0
I1014 14:25:04.733415  7750 work_track.cpp:102] Succeeded to set track lock for frame 204
I1014 14:25:04.733456  7750 work_track.cpp:116] Succeeded to release track lock for frame 204
I1014 14:25:04.733470  7750 work_track.cpp:120] Track results of frame 204: 1 objects input, 1 objects tracked!
I1014 14:25:04.733489  7750 work_track.cpp:148] Frame: 204, track bbox: [172 x 215 from (241.118, 133.756)], gid: 2, lid: 0
I1014 14:25:04.733525  7750 work_thread.hpp:87]  [T-Work-Detect_0] Frame :204 split
I1014 14:25:04.733543  7750 work_thread.hpp:119]  [T-Work-Detect_0] Valid piece: gid = 2
I1014 14:25:04.733561  7750 work_thread.hpp:91]  [T-Work-Detect_0] Push to split queue:recog
I1014 14:25:04.734117  7752 work_thread.hpp:81]  [T-Work-Recog_1] Run work: WorkCapture
I1014 14:25:04.734614  7753 thread_intergrate.hpp:78] [T-Intergrate-intergrate] queue: frame output frame :204
I1014 14:25:04.734642  7753 thread_intergrate.hpp:85] [T-Intergrate-intergrate] queue: compare output face:2
I1014 14:25:04.734661  7753 thread_intergrate.hpp:137] T-Intergrate-intergrate set matched face: 2
I1014 14:25:04.734841  7752 work_thread.hpp:81]  [T-Work-Recog_1] Run work: WorkRecog
I1014 14:25:04.734865  7752 work_recog.hpp:89] Face id: 2 will run recog: bbox [172 x 215 from (242, 134)] quality: 0.385537
I1014 14:25:04.734895  7752 work_recog.hpp:96] Recog pair: [240 x 272 from (208, 88)], [172 x 215 from (34, 46)]
I1014 14:25:04.736493  7748 demo_inner.hpp:260]  gui queue size 0, state = running
I1014 14:25:04.736493  7753 thread_intergrate.hpp:157] T-Intergrate-intergrate Show face :2, size :640 * 360
I1014 14:25:04.737236  7749 demo_inner.hpp:435] thread [SORT-0]  frame id 204 sorting queue size 0   FPS: 39.375
I1014 14:25:04.753160  7752 work_thread.hpp:81]  [T-Work-Recog_1] Run work: WorkCompare
I1014 14:25:04.753626  7752 work_compare.cpp:76] Compare face: 2 successed, similarity :0.995423, name : images/ThangLMb.jpg, normal size : 1548 * 1719!
I1014 14:25:04.755918  7747 demo_inner.hpp:177] decode queue size 0
I1014 14:25:04.755987  7750 work_thread.hpp:81]  [T-Work-Detect_0] Run work: WorkDetect
I1014 14:25:04.756019  7750 work_detect.cpp:102] Succeeded to add det start for frame 205
I1014 14:25:04.762945  7750 work_detect.cpp:70] Frame :205 detect result :1 face(s)
I1014 14:25:04.762992  7750 work_detect.cpp:86] Detected bbox: [170 x 215 from (248, 134)]
I1014 14:25:04.763034  7750 work_detect.cpp:120] Succeeded to add det end for frame 205
I1014 14:25:04.763051  7750 work_thread.hpp:81]  [T-Work-Detect_0] Run work: WrokTrack
I1014 14:25:04.763075  7750 work_track.cpp:82] Frame: 205 build input_characts: [0.265625 x 0.597222 from (0.3875, 0.372222)], 0.999622, 0
I1014 14:25:04.763202  7750 work_track.cpp:102] Succeeded to set track lock for frame 205
I1014 14:25:04.763245  7750 work_track.cpp:116] Succeeded to release track lock for frame 205
I1014 14:25:04.763260  7750 work_track.cpp:120] Track results of frame 205: 1 objects input, 1 objects tracked!
I1014 14:25:04.763278  7750 work_track.cpp:148] Frame: 205, track bbox: [170 x 215 from (245.334, 134.715)], gid: 2, lid: 0
I1014 14:25:04.763314  7750 work_thread.hpp:87]  [T-Work-Detect_0] Frame :205 split
I1014 14:25:04.763334  7750 work_thread.hpp:119]  [T-Work-Detect_0] Valid piece: gid = 2
I1014 14:25:04.763351  7750 work_thread.hpp:91]  [T-Work-Detect_0] Push to split queue:recog
I1014 14:25:04.763402  7752 work_thread.hpp:81]  [T-Work-Recog_1] Run work: WorkCapture
I1014 14:25:04.763710  7753 thread_intergrate.hpp:78] [T-Intergrate-intergrate] queue: frame output frame :205
I1014 14:25:04.763747  7753 thread_intergrate.hpp:85] [T-Intergrate-intergrate] queue: compare output face:2
I1014 14:25:04.763767  7753 thread_intergrate.hpp:137] T-Intergrate-intergrate set matched face: 2
I1014 14:25:04.763960  7752 work_thread.hpp:81]  [T-Work-Recog_1] Run work: WorkRecog
I1014 14:25:04.763984  7752 work_recog.hpp:89] Face id: 2 will run recog: bbox [170 x 215 from (248, 134)] quality: 0.347559
I1014 14:25:04.764012  7752 work_recog.hpp:96] Recog pair: [248 x 272 from (208, 88)], [170 x 215 from (40, 46)]
I1014 14:25:04.765862  7753 thread_intergrate.hpp:157] T-Intergrate-intergrate Show face :2, size :640 * 360
I1014 14:25:04.766469  7749 demo_inner.hpp:435] thread [SORT-0]  frame id 205 sorting queue size 1   FPS: 39.2879
I1014 14:25:04.781842  7752 work_thread.hpp:81]  [T-Work-Recog_1] Run work: WorkCompare
I1014 14:25:04.782404  7752 work_compare.cpp:76] Compare face: 2 successed, similarity :0.996002, name : images/ThangLMb.jpg, normal size : 1548 * 1719!
I1014 14:25:04.791641  7747 demo_inner.hpp:177] decode queue size 0
I1014 14:25:04.791744  7750 work_thread.hpp:81]  [T-Work-Detect_0] Run work: WorkDetect
I1014 14:25:04.791779  7750 work_detect.cpp:102] Succeeded to add det start for frame 206
I1014 14:25:04.798768  7750 work_detect.cpp:70] Frame :206 detect result :1 face(s)
W1014 14:25:04.798815  7750 work_detect.cpp:83] Invalid bbox: [184 x 220 from (238, 150)]
I1014 14:25:04.798944  7750 work_detect.cpp:120] Succeeded to add det end for frame 206
I1014 14:25:04.798962  7750 work_thread.hpp:81]  [T-Work-Detect_0] Run work: WrokTrack
I1014 14:25:04.798990  7750 work_track.cpp:102] Succeeded to set track lock for frame 206
I1014 14:25:04.799024  7750 work_track.cpp:116] Succeeded to release track lock for frame 206
I1014 14:25:04.799038  7750 work_track.cpp:120] Track results of frame 206: 0 objects input, 1 objects tracked!
I1014 14:25:04.799057  7750 work_track.cpp:148] Frame: 206, track bbox: [170 x 215 from (246.034, 135.401)], gid: 2, lid: -1
I1014 14:25:04.799106  7750 work_thread.hpp:87]  [T-Work-Detect_0] Frame :206 split
I1014 14:25:04.799154  7753 thread_intergrate.hpp:78] [T-Intergrate-intergrate] queue: frame output frame :206
I1014 14:25:04.799190  7753 thread_intergrate.hpp:85] [T-Intergrate-intergrate] queue: compare output face:2
I1014 14:25:04.799209  7753 thread_intergrate.hpp:137] T-Intergrate-intergrate set matched face: 2
I1014 14:25:04.800987  7753 thread_intergrate.hpp:157] T-Intergrate-intergrate Show face :2, size :640 * 360
I1014 14:25:04.801607  7749 demo_inner.hpp:435] thread [SORT-0]  frame id 206 sorting queue size 2   FPS: 39.0625
I1014 14:25:04.813241  7748 demo_inner.hpp:260]  gui queue size 2, state = running
I1014 14:25:04.821812  7747 demo_inner.hpp:177] decode queue size 0
I1014 14:25:04.821913  7750 work_thread.hpp:81]  [T-Work-Detect_0] Run work: WorkDetect
I1014 14:25:04.821950  7750 work_detect.cpp:102] Succeeded to add det start for frame 207
I1014 14:25:04.828990  7750 work_detect.cpp:70] Frame :207 detect result :1 face(s)
I1014 14:25:04.829037  7750 work_detect.cpp:86] Detected bbox: [180 x 224 from (234, 124)]
I1014 14:25:04.829080  7750 work_detect.cpp:120] Succeeded to add det end for frame 207
I1014 14:25:04.829169  7750 work_thread.hpp:81]  [T-Work-Detect_0] Run work: WrokTrack
I1014 14:25:04.829195  7750 work_track.cpp:82] Frame: 207 build input_characts: [0.28125 x 0.622222 from (0.365625, 0.344444)], 0.997596, 0
I1014 14:25:04.829249  7750 work_track.cpp:102] Succeeded to set track lock for frame 207
I1014 14:25:04.829291  7750 work_track.cpp:116] Succeeded to release track lock for frame 207
I1014 14:25:04.829305  7750 work_track.cpp:120] Track results of frame 207: 1 objects input, 1 objects tracked!
I1014 14:25:04.829324  7750 work_track.cpp:148] Frame: 207, track bbox: [180 x 224 from (238.246, 126.071)], gid: 2, lid: 0
I1014 14:25:04.829360  7750 work_thread.hpp:87]  [T-Work-Detect_0] Frame :207 split
I1014 14:25:04.829377  7750 work_thread.hpp:119]  [T-Work-Detect_0] Valid piece: gid = 2
I1014 14:25:04.829396  7750 work_thread.hpp:91]  [T-Work-Detect_0] Push to split queue:recog
I1014 14:25:04.829469  7751 work_thread.hpp:81]  [T-Work-Recog_0] Run work: WorkCapture
I1014 14:25:04.829866  7753 thread_intergrate.hpp:78] [T-Intergrate-intergrate] queue: frame output frame :207
I1014 14:25:04.830121  7751 work_thread.hpp:81]  [T-Work-Recog_0] Run work: WorkRecog
I1014 14:25:04.830268  7751 work_recog.hpp:89] Face id: 2 will run recog: bbox [180 x 224 from (234, 124)] quality: 0.415793
I1014 14:25:04.830305  7751 work_recog.hpp:96] Recog pair: [264 x 280 from (192, 80)], [180 x 224 from (42, 44)]
I1014 14:25:04.831466  7753 thread_intergrate.hpp:157] T-Intergrate-intergrate Show face :2, size :640 * 360
I1014 14:25:04.832023  7749 demo_inner.hpp:435] thread [SORT-0]  frame id 207 sorting queue size 0   FPS: 38.961
I1014 14:25:04.848793  7751 work_thread.hpp:81]  [T-Work-Recog_0] Run work: WorkCompare
I1014 14:25:04.849330  7751 work_compare.cpp:76] Compare face: 2 successed, similarity :0.993081, name : images/ThangLMb.jpg, normal size : 1548 * 1719!
I1014 14:25:04.857868  7747 demo_inner.hpp:177] decode queue size 0
I1014 14:25:04.857976  7750 work_thread.hpp:81]  [T-Work-Detect_0] Run work: WorkDetect
I1014 14:25:04.858012  7750 work_detect.cpp:102] Succeeded to add det start for frame 208
I1014 14:25:04.864989  7750 work_detect.cpp:70] Frame :208 detect result :1 face(s)
I1014 14:25:04.865036  7750 work_detect.cpp:86] Detected bbox: [173 x 219 from (245, 128)]
I1014 14:25:04.865077  7750 work_detect.cpp:120] Succeeded to add det end for frame 208
I1014 14:25:04.865094  7750 work_thread.hpp:81]  [T-Work-Detect_0] Run work: WrokTrack
I1014 14:25:04.865141  7750 work_track.cpp:82] Frame: 208 build input_characts: [0.270312 x 0.608333 from (0.382812, 0.355556)], 1.00019, 0
I1014 14:25:04.865200  7750 work_track.cpp:102] Succeeded to set track lock for frame 208
I1014 14:25:04.865240  7750 work_track.cpp:116] Succeeded to release track lock for frame 208
I1014 14:25:04.865254  7750 work_track.cpp:120] Track results of frame 208: 1 objects input, 1 objects tracked!
I1014 14:25:04.865272  7750 work_track.cpp:148] Frame: 208, track bbox: [173 x 219 from (242.696, 127.911)], gid: 2, lid: 0
I1014 14:25:04.865309  7750 work_thread.hpp:87]  [T-Work-Detect_0] Frame :208 split
I1014 14:25:04.865327  7750 work_thread.hpp:119]  [T-Work-Detect_0] Valid piece: gid = 2
I1014 14:25:04.865345  7750 work_thread.hpp:91]  [T-Work-Detect_0] Push to split queue:recog
I1014 14:25:04.865396  7751 work_thread.hpp:81]  [T-Work-Recog_0] Run work: WorkCapture
I1014 14:25:04.865403  7753 thread_intergrate.hpp:78] [T-Intergrate-intergrate] queue: frame output frame :208
I1014 14:25:04.865428  7753 thread_intergrate.hpp:85] [T-Intergrate-intergrate] queue: compare output face:2
