I1014 15:01:22.214612  8472 work_thread.hpp:91]  [T-Work-Detect_0] Push to split queue:recog
I1014 15:01:22.214659  8473 work_thread.hpp:81]  [T-Work-Recog_0] Run work: WorkCapture
I1014 15:01:22.214897  8475 thread_intergrate.hpp:78] [T-Intergrate-intergrate] queue: frame output frame :119
I1014 15:01:22.215131  8473 work_thread.hpp:81]  [T-Work-Recog_0] Run work: WorkRecog
W1014 15:01:22.215152  8473 work_recog.hpp:118] Face id: 6 has low quality : 0.026673, no need to recog
I1014 15:01:22.215245  8473 work_thread.hpp:81]  [T-Work-Recog_0] Run work: WorkCompare
I1014 15:01:22.216018  8475 thread_intergrate.hpp:168] T-Intergrate-intergrate Show face :3, size :640 * 360
I1014 15:01:22.216533  8471 demo_inner.hpp:435] thread [SORT-0]  frame id 119 sorting queue size 2   FPS: 29.9401
I1014 15:01:22.221907  8470 demo_inner.hpp:260]  gui queue size 2, state = running
I1014 15:01:22.237262  8469 demo_inner.hpp:177] decode queue size 0
I1014 15:01:22.237365  8472 work_thread.hpp:81]  [T-Work-Detect_0] Run work: WorkDetect
I1014 15:01:22.237399  8472 work_detect.cpp:102] Succeeded to add det start for frame 120
I1014 15:01:22.244181  8472 work_detect.cpp:70] Frame :120 detect result :1 face(s)
W1014 15:01:22.244228  8472 work_detect.cpp:83] Invalid bbox: [175 x 211 from (212, 160)]
I1014 15:01:22.244330  8472 work_detect.cpp:120] Succeeded to add det end for frame 120
I1014 15:01:22.244349  8472 work_thread.hpp:81]  [T-Work-Detect_0] Run work: WrokTrack
I1014 15:01:22.244375  8472 work_track.cpp:102] Succeeded to set track lock for frame 120
I1014 15:01:22.244407  8472 work_track.cpp:116] Succeeded to release track lock for frame 120
I1014 15:01:22.244421  8472 work_track.cpp:120] Track results of frame 120: 0 objects input, 1 objects tracked!
I1014 15:01:22.244439  8472 work_track.cpp:148] Frame: 120, track bbox: [51 x 47 from (96.733, 213.112)], gid: 6, lid: -1
I1014 15:01:22.244490  8472 work_thread.hpp:87]  [T-Work-Detect_0] Frame :120 split
I1014 15:01:22.244549  8475 thread_intergrate.hpp:78] [T-Intergrate-intergrate] queue: frame output frame :120
I1014 15:01:22.245635  8475 thread_intergrate.hpp:168] T-Intergrate-intergrate Show face :3, size :640 * 360
I1014 15:01:22.246191  8471 demo_inner.hpp:435] thread [SORT-0]  frame id 120 sorting queue size 0   FPS: 29.9551
I1014 15:01:22.273262  8469 demo_inner.hpp:177] decode queue size 0
I1014 15:01:22.273363  8472 work_thread.hpp:81]  [T-Work-Detect_0] Run work: WorkDetect
I1014 15:01:22.273398  8472 work_detect.cpp:102] Succeeded to add det start for frame 121
I1014 15:01:22.280234  8472 work_detect.cpp:70] Frame :121 detect result :2 face(s)
W1014 15:01:22.280284  8472 work_detect.cpp:83] Invalid bbox: [172 x 211 from (214, 158)]
I1014 15:01:22.280369  8472 work_detect.cpp:86] Detected bbox: [52 x 50 from (98, 211)]
I1014 15:01:22.280413  8472 work_detect.cpp:120] Succeeded to add det end for frame 121
I1014 15:01:22.280431  8472 work_thread.hpp:81]  [T-Work-Detect_0] Run work: WrokTrack
I1014 15:01:22.280454  8472 work_track.cpp:82] Frame: 121 build input_characts: [0.08125 x 0.138889 from (0.153125, 0.586111)], 0.932491, 0
I1014 15:01:22.280509  8472 work_track.cpp:102] Succeeded to set track lock for frame 121
I1014 15:01:22.280548  8472 work_track.cpp:116] Succeeded to release track lock for frame 121
I1014 15:01:22.280563  8472 work_track.cpp:120] Track results of frame 121: 1 objects input, 1 objects tracked!
I1014 15:01:22.280581  8472 work_track.cpp:148] Frame: 121, track bbox: [52 x 50 from (97.2914, 211.515)], gid: 6, lid: 0
I1014 15:01:22.280616  8472 work_thread.hpp:87]  [T-Work-Detect_0] Frame :121 split
I1014 15:01:22.280633  8472 work_thread.hpp:120]  [T-Work-Detect_0] Valid piece: gid = 6
I1014 15:01:22.280652  8472 work_thread.hpp:91]  [T-Work-Detect_0] Push to split queue:recog
I1014 15:01:22.280699  8473 work_thread.hpp:81]  [T-Work-Recog_0] Run work: WorkCapture
I1014 15:01:22.280947  8475 thread_intergrate.hpp:78] [T-Intergrate-intergrate] queue: frame output frame :121
I1014 15:01:22.281196  8473 work_thread.hpp:81]  [T-Work-Recog_0] Run work: WorkRecog
W1014 15:01:22.281217  8473 work_recog.hpp:118] Face id: 6 has low quality : 0.0456131, no need to recog
I1014 15:01:22.281268  8473 work_thread.hpp:81]  [T-Work-Recog_0] Run work: WorkCompare
I1014 15:01:22.282069  8475 thread_intergrate.hpp:168] T-Intergrate-intergrate Show face :3, size :640 * 360
I1014 15:01:22.282562  8471 demo_inner.hpp:435] thread [SORT-0]  frame id 121 sorting queue size 1   FPS: 29.9401
I1014 15:01:22.294792  8470 demo_inner.hpp:260]  gui queue size 1, state = running
I1014 15:01:22.309332  8469 demo_inner.hpp:177] decode queue size 0
I1014 15:01:22.309440  8472 work_thread.hpp:81]  [T-Work-Detect_0] Run work: WorkDetect
I1014 15:01:22.309474  8472 work_detect.cpp:102] Succeeded to add det start for frame 122
I1014 15:01:22.316181  8472 work_detect.cpp:70] Frame :122 detect result :1 face(s)
W1014 15:01:22.316227  8472 work_detect.cpp:83] Invalid bbox: [171 x 204 from (210, 161)]
I1014 15:01:22.316327  8472 work_detect.cpp:120] Succeeded to add det end for frame 122
I1014 15:01:22.316345  8472 work_thread.hpp:81]  [T-Work-Detect_0] Run work: WrokTrack
I1014 15:01:22.316372  8472 work_track.cpp:102] Succeeded to set track lock for frame 122
I1014 15:01:22.316406  8472 work_track.cpp:116] Succeeded to release track lock for frame 122
I1014 15:01:22.316419  8472 work_track.cpp:120] Track results of frame 122: 0 objects input, 1 objects tracked!
I1014 15:01:22.316437  8472 work_track.cpp:148] Frame: 122, track bbox: [52 x 50 from (97.3462, 211.74)], gid: 6, lid: -1
I1014 15:01:22.316488  8472 work_thread.hpp:87]  [T-Work-Detect_0] Frame :122 split
I1014 15:01:22.316537  8475 thread_intergrate.hpp:78] [T-Intergrate-intergrate] queue: frame output frame :122
I1014 15:01:22.317625  8475 thread_intergrate.hpp:168] T-Intergrate-intergrate Show face :3, size :640 * 360
I1014 15:01:22.318132  8471 demo_inner.hpp:435] thread [SORT-0]  frame id 122 sorting queue size 0   FPS: 29.9401
I1014 15:01:22.339215  8469 demo_inner.hpp:177] decode queue size 0
I1014 15:01:22.339330  8472 work_thread.hpp:81]  [T-Work-Detect_0] Run work: WorkDetect
I1014 15:01:22.339368  8472 work_detect.cpp:102] Succeeded to add det start for frame 123
I1014 15:01:22.346143  8472 work_detect.cpp:70] Frame :123 detect result :2 face(s)
W1014 15:01:22.346187  8472 work_detect.cpp:83] Invalid bbox: [172 x 209 from (211, 158)]
I1014 15:01:22.346274  8472 work_detect.cpp:86] Detected bbox: [94 x 110 from (272, 233)]
I1014 15:01:22.346318  8472 work_detect.cpp:120] Succeeded to add det end for frame 123
I1014 15:01:22.346334  8472 work_thread.hpp:81]  [T-Work-Detect_0] Run work: WrokTrack
I1014 15:01:22.346359  8472 work_track.cpp:82] Frame: 123 build input_characts: [0.146875 x 0.305556 from (0.425, 0.647222)], 0.920305, 0
I1014 15:01:22.346412  8472 work_track.cpp:102] Succeeded to set track lock for frame 123
I1014 15:01:22.346452  8472 work_track.cpp:116] Succeeded to release track lock for frame 123
I1014 15:01:22.346467  8472 work_track.cpp:120] Track results of frame 123: 1 objects input, 0 objects tracked!
I1014 15:01:22.346484  8472 work_track.cpp:162] Frame: 123 lid: 1 not tracked, will set invalid
I1014 15:01:22.346499  8472 work_thread.hpp:87]  [T-Work-Detect_0] Frame :123 split
I1014 15:01:22.346516  8472 work_thread.hpp:126]  [T-Work-Detect_0] Invalid piece: lid = 1, drop it
I1014 15:01:22.346568  8475 thread_intergrate.hpp:78] [T-Intergrate-intergrate] queue: frame output frame :123
I1014 15:01:22.347656  8475 thread_intergrate.hpp:168] T-Intergrate-intergrate Show face :3, size :640 * 360
I1014 15:01:22.348227  8471 demo_inner.hpp:435] thread [SORT-0]  frame id 123 sorting queue size 1   FPS: 29.9551
I1014 15:01:22.372563  8470 demo_inner.hpp:260]  gui queue size 1, state = running
I1014 15:01:22.375237  8469 demo_inner.hpp:177] decode queue size 0
I1014 15:01:22.375366  8472 work_thread.hpp:81]  [T-Work-Detect_0] Run work: WorkDetect
I1014 15:01:22.375403  8472 work_detect.cpp:102] Succeeded to add det start for frame 124
I1014 15:01:22.382197  8472 work_detect.cpp:70] Frame :124 detect result :1 face(s)
W1014 15:01:22.382249  8472 work_detect.cpp:83] Invalid bbox: [174 x 214 from (209, 154)]
I1014 15:01:22.382347  8472 work_detect.cpp:120] Succeeded to add det end for frame 124
I1014 15:01:22.382364  8472 work_thread.hpp:81]  [T-Work-Detect_0] Run work: WrokTrack
I1014 15:01:22.382392  8472 work_track.cpp:102] Succeeded to set track lock for frame 124
I1014 15:01:22.382427  8472 work_track.cpp:116] Succeeded to release track lock for frame 124
I1014 15:01:22.382491  8472 work_track.cpp:120] Track results of frame 124: 0 objects input, 0 objects tracked!
I1014 15:01:22.382513  8472 work_thread.hpp:87]  [T-Work-Detect_0] Frame :124 split
I1014 15:01:22.382562  8475 thread_intergrate.hpp:78] [T-Intergrate-intergrate] queue: frame output frame :124
I1014 15:01:22.383649  8475 thread_intergrate.hpp:168] T-Intergrate-intergrate Show face :3, size :640 * 360
I1014 15:01:22.384243  8471 demo_inner.hpp:435] thread [SORT-0]  frame id 124 sorting queue size 0   FPS: 29.9551
I1014 15:01:22.405203  8469 demo_inner.hpp:177] decode queue size 0
I1014 15:01:22.405295  8472 work_thread.hpp:81]  [T-Work-Detect_0] Run work: WorkDetect
I1014 15:01:22.405330  8472 work_detect.cpp:102] Succeeded to add det start for frame 125
I1014 15:01:22.411926  8472 work_detect.cpp:70] Frame :125 detect result :1 face(s)
W1014 15:01:22.411976  8472 work_detect.cpp:83] Invalid bbox: [170 x 206 from (213, 160)]
I1014 15:01:22.412077  8472 work_detect.cpp:120] Succeeded to add det end for frame 125
I1014 15:01:22.412094  8472 work_thread.hpp:81]  [T-Work-Detect_0] Run work: WrokTrack
I1014 15:01:22.412179  8472 work_track.cpp:102] Succeeded to set track lock for frame 125
I1014 15:01:22.412217  8472 work_track.cpp:116] Succeeded to release track lock for frame 125
I1014 15:01:22.412231  8472 work_track.cpp:120] Track results of frame 125: 0 objects input, 0 objects tracked!
I1014 15:01:22.412250  8472 work_thread.hpp:87]  [T-Work-Detect_0] Frame :125 split
I1014 15:01:22.412303  8475 thread_intergrate.hpp:78] [T-Intergrate-intergrate] queue: frame output frame :125
I1014 15:01:22.413390  8475 thread_intergrate.hpp:168] T-Intergrate-intergrate Show face :3, size :640 * 360
I1014 15:01:22.413952  8471 demo_inner.hpp:435] thread [SORT-0]  frame id 125 sorting queue size 1   FPS: 29.9551
I1014 15:01:22.441129  8469 demo_inner.hpp:177] decode queue size 0
I1014 15:01:22.441226  8472 work_thread.hpp:81]  [T-Work-Detect_0] Run work: WorkDetect
I1014 15:01:22.441262  8472 work_detect.cpp:102] Succeeded to add det start for frame 126
I1014 15:01:22.448011  8472 work_detect.cpp:70] Frame :126 detect result :1 face(s)
I1014 15:01:22.448060  8472 work_detect.cpp:86] Detected bbox: [181 x 220 from (205, 135)]
I1014 15:01:22.448105  8472 work_detect.cpp:120] Succeeded to add det end for frame 126
I1014 15:01:22.448122  8472 work_thread.hpp:81]  [T-Work-Detect_0] Run work: WrokTrack
I1014 15:01:22.448144  8472 work_track.cpp:82] Frame: 126 build input_characts: [0.282813 x 0.611111 from (0.320312, 0.375)], 0.999622, 0
I1014 15:01:22.448226  8472 work_track.cpp:102] Succeeded to set track lock for frame 126
I1014 15:01:22.448262  8472 work_track.cpp:116] Succeeded to release track lock for frame 126
I1014 15:01:22.448277  8472 work_track.cpp:120] Track results of frame 126: 1 objects input, 0 objects tracked!
I1014 15:01:22.448294  8472 work_track.cpp:162] Frame: 126 lid: 0 not tracked, will set invalid
I1014 15:01:22.448310  8472 work_thread.hpp:87]  [T-Work-Detect_0] Frame :126 split
I1014 15:01:22.448328  8472 work_thread.hpp:126]  [T-Work-Detect_0] Invalid piece: lid = 0, drop it
I1014 15:01:22.448381  8475 thread_intergrate.hpp:78] [T-Intergrate-intergrate] queue: frame output frame :126
I1014 15:01:22.449470  8475 thread_intergrate.hpp:168] T-Intergrate-intergrate Show face :3, size :640 * 360
I1014 15:01:22.450023  8471 demo_inner.hpp:435] thread [SORT-0]  frame id 126 sorting queue size 2   FPS: 29.9551
I1014 15:01:22.450841  8470 demo_inner.hpp:260]  gui queue size 2, state = running
I1014 15:01:22.471166  8469 demo_inner.hpp:177] decode queue size 0
I1014 15:01:22.471289  8472 work_thread.hpp:81]  [T-Work-Detect_0] Run work: WorkDetect
I1014 15:01:22.471324  8472 work_detect.cpp:102] Succeeded to add det start for frame 127
I1014 15:01:22.478065  8472 work_detect.cpp:70] Frame :127 detect result :1 face(s)
W1014 15:01:22.478111  8472 work_detect.cpp:83] Invalid bbox: [175 x 214 from (210, 154)]
I1014 15:01:22.478209  8472 work_detect.cpp:120] Succeeded to add det end for frame 127
I1014 15:01:22.478276  8472 work_thread.hpp:81]  [T-Work-Detect_0] Run work: WrokTrack
I1014 15:01:22.478307  8472 work_track.cpp:102] Succeeded to set track lock for frame 127
I1014 15:01:22.478338  8472 work_track.cpp:116] Succeeded to release track lock for frame 127
I1014 15:01:22.478353  8472 work_track.cpp:120] Track results of frame 127: 0 objects input, 0 objects tracked!
I1014 15:01:22.478372  8472 work_thread.hpp:87]  [T-Work-Detect_0] Frame :127 split
I1014 15:01:22.478428  8475 thread_intergrate.hpp:78] [T-Intergrate-intergrate] queue: frame output frame :127
I1014 15:01:22.479516  8475 thread_intergrate.hpp:168] T-Intergrate-intergrate Show face :3, size :640 * 360
I1014 15:01:22.480077  8471 demo_inner.hpp:435] thread [SORT-0]  frame id 127 sorting queue size 0   FPS: 29.9551
I1014 15:01:22.507148  8469 demo_inner.hpp:177] decode queue size 0
I1014 15:01:22.507254  8472 work_thread.hpp:81]  [T-Work-Detect_0] Run work: WorkDetect
I1014 15:01:22.507289  8472 work_detect.cpp:102] Succeeded to add det start for frame 128
I1014 15:01:22.514081  8472 work_detect.cpp:70] Frame :128 detect result :1 face(s)
W1014 15:01:22.514125  8472 work_detect.cpp:83] Invalid bbox: [168 x 211 from (216, 156)]
I1014 15:01:22.514226  8472 work_detect.cpp:120] Succeeded to add det end for frame 128
I1014 15:01:22.514243  8472 work_thread.hpp:81]  [T-Work-Detect_0] Run work: WrokTrack
I1014 15:01:22.514271  8472 work_track.cpp:102] Succeeded to set track lock for frame 128
I1014 15:01:22.514305  8472 work_track.cpp:116] Succeeded to release track lock for frame 128
I1014 15:01:22.514319  8472 work_track.cpp:120] Track results of frame 128: 0 objects input, 0 objects tracked!
I1014 15:01:22.514338  8472 work_thread.hpp:87]  [T-Work-Detect_0] Frame :128 split
I1014 15:01:22.514389  8475 thread_intergrate.hpp:78] [T-Intergrate-intergrate] queue: frame output frame :128
I1014 15:01:22.515476  8475 thread_intergrate.hpp:168] T-Intergrate-intergrate Show face :3, size :640 * 360
I1014 15:01:22.516034  8471 demo_inner.hpp:435] thread [SORT-0]  frame id 128 sorting queue size 1   FPS: 29.9551
I1014 15:01:22.523080  8470 demo_inner.hpp:260]  gui queue size 1, state = running
I1014 15:01:22.543066  8469 demo_inner.hpp:177] decode queue size 0
I1014 15:01:22.543162  8472 work_thread.hpp:81]  [T-Work-Detect_0] Run work: WorkDetect
I1014 15:01:22.543198  8472 work_detect.cpp:102] Succeeded to add det start for frame 129
I1014 15:01:22.550000  8472 work_detect.cpp:70] Frame :129 detect result :1 face(s)
I1014 15:01:22.550045  8472 work_detect.cpp:86] Detected bbox: [176 x 225 from (213, 129)]
I1014 15:01:22.550089  8472 work_detect.cpp:120] Succeeded to add det end for frame 129
I1014 15:01:22.550107  8472 work_thread.hpp:81]  [T-Work-Detect_0] Run work: WrokTrack
I1014 15:01:22.550129  8472 work_track.cpp:82] Frame: 129 build input_characts: [0.275 x 0.625 from (0.332812, 0.358333)], 1.00035, 0
I1014 15:01:22.550184  8472 work_track.cpp:102] Succeeded to set track lock for frame 129
I1014 15:01:22.550220  8472 work_track.cpp:116] Succeeded to release track lock for frame 129
I1014 15:01:22.550233  8472 work_track.cpp:120] Track results of frame 129: 1 objects input, 0 objects tracked!
I1014 15:01:22.550251  8472 work_track.cpp:162] Frame: 129 lid: 0 not tracked, will set invalid
I1014 15:01:22.550266  8472 work_thread.hpp:87]  [T-Work-Detect_0] Frame :129 split
I1014 15:01:22.550282  8472 work_thread.hpp:126]  [T-Work-Detect_0] Invalid piece: lid = 0, drop it
I1014 15:01:22.550329  8475 thread_intergrate.hpp:78] [T-Intergrate-intergrate] queue: frame output frame :129
I1014 15:01:22.551416  8475 thread_intergrate.hpp:168] T-Intergrate-intergrate Show face :3, size :640 * 360
I1014 15:01:22.551973  8471 demo_inner.hpp:435] thread [SORT-0]  frame id 129 sorting queue size 0   FPS: 29.9551
I1014 15:01:22.573173  8469 demo_inner.hpp:177] decode queue size 0
I1014 15:01:22.573267  8472 work_thread.hpp:81]  [T-Work-Detect_0] Run work: WorkDetect
I1014 15:01:22.573302  8472 work_detect.cpp:102] Succeeded to add det start for frame 130
I1014 15:01:22.580137  8472 work_detect.cpp:70] Frame :130 detect result :1 face(s)
W1014 15:01:22.580209  8472 work_detect.cpp:83] Invalid bbox: [171 x 212 from (216, 154)]
I1014 15:01:22.580307  8472 work_detect.cpp:120] Succeeded to add det end for frame 130
I1014 15:01:22.580324  8472 work_thread.hpp:81]  [T-Work-Detect_0] Run work: WrokTrack
I1014 15:01:22.580351  8472 work_track.cpp:102] Succeeded to set track lock for frame 130
I1014 15:01:22.580382  8472 work_track.cpp:116] Succeeded to release track lock for frame 130
I1014 15:01:22.580397  8472 work_track.cpp:120] Track results of frame 130: 0 objects input, 0 objects tracked!
I1014 15:01:22.580415  8472 work_thread.hpp:87]  [T-Work-Detect_0] Frame :130 split
I1014 15:01:22.580480  8475 thread_intergrate.hpp:78] [T-Intergrate-intergrate] queue: frame output frame :130
I1014 15:01:22.581568  8475 thread_intergrate.hpp:168] T-Intergrate-intergrate Show face :3, size :640 * 360
I1014 15:01:22.582085  8471 demo_inner.hpp:435] thread [SORT-0]  frame id 130 sorting queue size 1   FPS: 29.9401
I1014 15:01:22.601337  8470 demo_inner.hpp:260]  gui queue size 1, state = running
I1014 15:01:22.609184  8469 demo_inner.hpp:177] decode queue size 0
I1014 15:01:22.609288  8472 work_thread.hpp:81]  [T-Work-Detect_0] Run work: WorkDetect
I1014 15:01:22.609323  8472 work_detect.cpp:102] Succeeded to add det start for frame 131
I1014 15:01:22.616133  8472 work_detect.cpp:70] Frame :131 detect result :1 face(s)
I1014 15:01:22.616209  8472 work_detect.cpp:86] Detected bbox: [171 x 223 from (217, 128)]
I1014 15:01:22.616255  8472 work_detect.cpp:120] Succeeded to add det end for frame 131
I1014 15:01:22.616271  8472 work_thread.hpp:81]  [T-Work-Detect_0] Run work: WrokTrack
I1014 15:01:22.616294  8472 work_track.cpp:82] Frame: 131 build input_characts: [0.267188 x 0.619444 from (0.339063, 0.355556)], 1.00019, 0
I1014 15:01:22.616348  8472 work_track.cpp:102] Succeeded to set track lock for frame 131
I1014 15:01:22.616389  8472 work_track.cpp:116] Succeeded to release track lock for frame 131
I1014 15:01:22.616405  8472 work_track.cpp:120] Track results of frame 131: 1 objects input, 0 objects tracked!
I1014 15:01:22.616421  8472 work_track.cpp:162] Frame: 131 lid: 0 not tracked, will set invalid
I1014 15:01:22.616436  8472 work_thread.hpp:87]  [T-Work-Detect_0] Frame :131 split
I1014 15:01:22.616454  8472 work_thread.hpp:126]  [T-Work-Detect_0] Invalid piece: lid = 0, drop it
I1014 15:01:22.616503  8475 thread_intergrate.hpp:78] [T-Intergrate-intergrate] queue: frame output frame :131
I1014 15:01:22.617589  8475 thread_intergrate.hpp:168] T-Intergrate-intergrate Show face :3, size :640 * 360
I1014 15:01:22.618094  8471 demo_inner.hpp:435] thread [SORT-0]  frame id 131 sorting queue size 0   FPS: 29.9401
I1014 15:01:22.639209  8469 demo_inner.hpp:177] decode queue size 0
I1014 15:01:22.639313  8472 work_thread.hpp:81]  [T-Work-Detect_0] Run work: WorkDetect
I1014 15:01:22.639348  8472 work_detect.cpp:102] Succeeded to add det start for frame 132
I1014 15:01:22.646025  8472 work_detect.cpp:70] Frame :132 detect result :1 face(s)
W1014 15:01:22.646076  8472 work_detect.cpp:83] Invalid bbox: [173 x 217 from (213, 150)]
I1014 15:01:22.646174  8472 work_detect.cpp:120] Succeeded to add det end for frame 132
I1014 15:01:22.646191  8472 work_thread.hpp:81]  [T-Work-Detect_0] Run work: WrokTrack
I1014 15:01:22.646219  8472 work_track.cpp:102] Succeeded to set track lock for frame 132
I1014 15:01:22.646250  8472 work_track.cpp:116] Succeeded to release track lock for frame 132
I1014 15:01:22.646265  8472 work_track.cpp:120] Track results of frame 132: 0 objects input, 0 objects tracked!
I1014 15:01:22.646283  8472 work_thread.hpp:87]  [T-Work-Detect_0] Frame :132 split
I1014 15:01:22.646910  8475 thread_intergrate.hpp:78] [T-Intergrate-intergrate] queue: frame output frame :132
I1014 15:01:22.648010  8475 thread_intergrate.hpp:168] T-Intergrate-intergrate Show face :3, size :640 * 360
I1014 15:01:22.648561  8471 demo_inner.hpp:435] thread [SORT-0]  frame id 132 sorting queue size 1   FPS: 29.9401
I1014 15:01:22.675127  8469 demo_inner.hpp:177] decode queue size 0
I1014 15:01:22.675232  8472 work_thread.hpp:81]  [T-Work-Detect_0] Run work: WorkDetect
I1014 15:01:22.675271  8472 work_detect.cpp:102] Succeeded to add det start for frame 133
I1014 15:01:22.682922  8472 work_detect.cpp:70] Frame :133 detect result :1 face(s)
I1014 15:01:22.682976  8472 work_detect.cpp:86] Detected bbox: [170 x 225 from (219, 127)]
I1014 15:01:22.683020  8472 work_detect.cpp:120] Succeeded to add det end for frame 133
I1014 15:01:22.683037  8472 work_thread.hpp:81]  [T-Work-Detect_0] Run work: WrokTrack
I1014 15:01:22.683084  8472 work_track.cpp:82] Frame: 133 build input_characts: [0.265625 x 0.625 from (0.342187, 0.352778)], 0.999622, 0
I1014 15:01:22.683197  8472 work_track.cpp:102] Succeeded to set track lock for frame 133
I1014 15:01:22.683238  8472 work_track.cpp:116] Succeeded to release track lock for frame 133
I1014 15:01:22.683252  8472 work_track.cpp:120] Track results of frame 133: 1 objects input, 0 objects tracked!
I1014 15:01:22.683270  8472 work_track.cpp:162] Frame: 133 lid: 0 not tracked, will set invalid
I1014 15:01:22.683310  8472 work_thread.hpp:87]  [T-Work-Detect_0] Frame :133 split
I1014 15:01:22.683331  8472 work_thread.hpp:126]  [T-Work-Detect_0] Invalid piece: lid = 0, drop it
I1014 15:01:22.683377  8475 thread_intergrate.hpp:78] [T-Intergrate-intergrate] queue: frame output frame :133
I1014 15:01:22.684468  8475 thread_intergrate.hpp:168] T-Intergrate-intergrate Show face :3, size :640 * 360
I1014 15:01:22.684985  8471 demo_inner.hpp:435] thread [SORT-0]  frame id 133 sorting queue size 2   FPS: 29.9401
I1014 15:01:22.705440  8469 demo_inner.hpp:177] decode queue size 0
I1014 15:01:22.705543  8472 work_thread.hpp:81]  [T-Work-Detect_0] Run work: WorkDetect
I1014 15:01:22.705587  8472 work_detect.cpp:102] Succeeded to add det start for frame 134
I1014 15:01:22.713044  8472 work_detect.cpp:70] Frame :134 detect result :1 face(s)
I1014 15:01:22.713160  8472 work_detect.cpp:86] Detected bbox: [168 x 225 from (222, 127)]
I1014 15:01:22.713227  8472 work_detect.cpp:120] Succeeded to add det end for frame 134
I1014 15:01:22.713244  8472 work_thread.hpp:81]  [T-Work-Detect_0] Run work: WrokTrack
I1014 15:01:22.713269  8472 work_track.cpp:82] Frame: 134 build input_characts: [0.2625 x 0.625 from (0.346875, 0.352778)], 1.00019, 0
I1014 15:01:22.713332  8472 work_track.cpp:102] Succeeded to set track lock for frame 134
I1014 15:01:22.713371  8472 work_track.cpp:116] Succeeded to release track lock for frame 134
I1014 15:01:22.713387  8472 work_track.cpp:120] Track results of frame 134: 1 objects input, 0 objects tracked!
I1014 15:01:22.713404  8472 work_track.cpp:162] Frame: 134 lid: 0 not tracked, will set invalid
I1014 15:01:22.713419  8472 work_thread.hpp:87]  [T-Work-Detect_0] Frame :134 split
I1014 15:01:22.713456  8472 work_thread.hpp:126]  [T-Work-Detect_0] Invalid piece: lid = 0, drop it
I1014 15:01:22.713506  8475 thread_intergrate.hpp:78] [T-Intergrate-intergrate] queue: frame output frame :134
I1014 15:01:22.714598  8475 thread_intergrate.hpp:168] T-Intergrate-intergrate Show face :3, size :640 * 360
I1014 15:01:22.715169  8471 demo_inner.hpp:435] thread [SORT-0]  frame id 134 sorting queue size 3   FPS: 29.9252
I1014 15:01:22.741586  8469 demo_inner.hpp:177] decode queue size 0
I1014 15:01:22.741709  8472 work_thread.hpp:81]  [T-Work-Detect_0] Run work: WorkDetect
I1014 15:01:22.741775  8472 work_detect.cpp:102] Succeeded to add det start for frame 135
I1014 15:01:22.749424  8472 work_detect.cpp:70] Frame :135 detect result :1 face(s)
I1014 15:01:22.749475  8472 work_detect.cpp:86] Detected bbox: [177 x 227 from (230, 128)]
I1014 15:01:22.749527  8472 work_detect.cpp:120] Succeeded to add det end for frame 135
I1014 15:01:22.749544  8472 work_thread.hpp:81]  [T-Work-Detect_0] Run work: WrokTrack
I1014 15:01:22.749568  8472 work_track.cpp:82] Frame: 135 build input_characts: [0.276563 x 0.630556 from (0.359375, 0.355556)], 0.999622, 0
I1014 15:01:22.749650  8472 work_track.cpp:102] Succeeded to set track lock for frame 135
I1014 15:01:22.749902  8472 work_track.cpp:116] Succeeded to release track lock for frame 135
I1014 15:01:22.749918  8472 work_track.cpp:120] Track results of frame 135: 1 objects input, 1 objects tracked!
I1014 15:01:22.749936  8472 work_track.cpp:148] Frame: 135, track bbox: [177 x 227 from (223.863, 126.621)], gid: 5, lid: 0
I1014 15:01:22.749981  8472 work_thread.hpp:87]  [T-Work-Detect_0] Frame :135 split
I1014 15:01:22.750000  8472 work_thread.hpp:120]  [T-Work-Detect_0] Valid piece: gid = 5
I1014 15:01:22.750020  8472 work_thread.hpp:91]  [T-Work-Detect_0] Push to split queue:recog
I1014 15:01:22.750062  8474 work_thread.hpp:81]  [T-Work-Recog_1] Run work: WorkCapture
I1014 15:01:22.750070  8475 thread_intergrate.hpp:78] [T-Intergrate-intergrate] queue: frame output frame :135
I1014 15:01:22.750609  8474 work_thread.hpp:81]  [T-Work-Recog_1] Run work: WorkRecog
I1014 15:01:22.750633  8474 work_recog.hpp:89] Face id: 5 will run recog: bbox [177 x 227 from (230, 128)] quality: 0.468662
I1014 15:01:22.750661  8474 work_recog.hpp:96] Recog pair: [256 x 280 from (192, 80)], [177 x 227 from (38, 48)]
I1014 15:01:22.751209  8475 thread_intergrate.hpp:168] T-Intergrate-intergrate Show face :3, size :640 * 360
I1014 15:01:22.751766  8471 demo_inner.hpp:435] thread [SORT-0]  frame id 135 sorting queue size 4   FPS: 29.9252
I1014 15:01:22.768097  8474 work_thread.hpp:81]  [T-Work-Recog_1] Run work: WorkCompare
I1014 15:01:22.768577  8474 work_compare.cpp:76] Compare face: 5 successed, similarity :0.98986, name : images/ThangLMb.jpg, normal size : 1548 * 1719!
I1014 15:01:22.772600  8469 demo_inner.hpp:177] decode queue size 0
I1014 15:01:22.772729  8472 work_thread.hpp:81]  [T-Work-Detect_0] Run work: WorkDetect
I1014 15:01:22.772776  8472 work_detect.cpp:102] Succeeded to add det start for frame 136
I1014 15:01:22.780575  8472 work_detect.cpp:70] Frame :136 detect result :1 face(s)
I1014 15:01:22.780654  8472 work_detect.cpp:86] Detected bbox: [178 x 230 from (230, 124)]
I1014 15:01:22.780700  8472 work_detect.cpp:120] Succeeded to add det end for frame 136
I1014 15:01:22.780716  8472 work_thread.hpp:81]  [T-Work-Detect_0] Run work: WrokTrack
I1014 15:01:22.780750  8472 work_track.cpp:82] Frame: 136 build input_characts: [0.278125 x 0.638889 from (0.359375, 0.344444)], 1.00019, 0
I1014 15:01:22.780804  8472 work_track.cpp:102] Succeeded to set track lock for frame 136
I1014 15:01:22.780843  8472 work_track.cpp:116] Succeeded to release track lock for frame 136
I1014 15:01:22.780879  8472 work_track.cpp:120] Track results of frame 136: 1 objects input, 1 objects tracked!
I1014 15:01:22.780900  8472 work_track.cpp:148] Frame: 136, track bbox: [178 x 230 from (227.527, 124.597)], gid: 5, lid: 0
I1014 15:01:22.780936  8472 work_thread.hpp:87]  [T-Work-Detect_0] Frame :136 split
I1014 15:01:22.780953  8472 work_thread.hpp:120]  [T-Work-Detect_0] Valid piece: gid = 5
I1014 15:01:22.780972  8472 work_thread.hpp:91]  [T-Work-Detect_0] Push to split queue:recog
I1014 15:01:22.781038  8473 work_thread.hpp:81]  [T-Work-Recog_0] Run work: WorkCapture
I1014 15:01:22.781347  8475 thread_intergrate.hpp:78] [T-Intergrate-intergrate] queue: frame output frame :136
I1014 15:01:22.781374  8475 thread_intergrate.hpp:85] [T-Intergrate-intergrate] queue: compare output face:5
I1014 15:01:22.781394  8475 thread_intergrate.hpp:144] T-Intergrate-intergrate set matched face: 5
I1014 15:01:22.782845  8475 thread_intergrate.hpp:168] T-Intergrate-intergrate Show face :5, size :640 * 360
I1014 15:01:22.783413  8471 demo_inner.hpp:435] thread [SORT-0]  frame id 136 sorting queue size 5   FPS: 29.8954
I1014 15:01:22.783494  8473 work_thread.hpp:81]  [T-Work-Recog_0] Run work: WorkRecog
I1014 15:01:22.783519  8473 work_recog.hpp:89] Face id: 5 will run recog: bbox [178 x 230 from (230, 124)] quality: 0.474702
I1014 15:01:22.783545  8473 work_recog.hpp:96] Recog pair: [256 x 288 from (192, 72)], [178 x 230 from (38, 52)]
I1014 15:01:22.801106  8473 work_thread.hpp:81]  [T-Work-Recog_0] Run work: WorkCompare
I1014 15:01:22.801568  8473 work_compare.cpp:76] Compare face: 5 successed, similarity :0.995677, name : images/ThangLMb.jpg, normal size : 1548 * 1719!
I1014 15:01:22.808027  8469 demo_inner.hpp:177] decode queue size 0
I1014 15:01:22.808151  8472 work_thread.hpp:81]  [T-Work-Detect_0] Run work: WorkDetect
I1014 15:01:22.808223  8472 work_detect.cpp:102] Succeeded to add det start for frame 137
I1014 15:01:22.815935  8472 work_detect.cpp:70] Frame :137 detect result :1 face(s)
I1014 15:01:22.815986  8472 work_detect.cpp:86] Detected bbox: [162 x 223 from (230, 128)]
I1014 15:01:22.816031  8472 work_detect.cpp:120] Succeeded to add det end for frame 137
I1014 15:01:22.816068  8472 work_thread.hpp:81]  [T-Work-Detect_0] Run work: WrokTrack
I1014 15:01:22.816094  8472 work_track.cpp:82] Frame: 137 build input_characts: [0.253125 x 0.619444 from (0.359375, 0.355556)], 0.999622, 0
I1014 15:01:22.816150  8472 work_track.cpp:102] Succeeded to set track lock for frame 137
I1014 15:01:22.816216  8472 work_track.cpp:116] Succeeded to release track lock for frame 137
I1014 15:01:22.816231  8472 work_track.cpp:120] Track results of frame 137: 1 objects input, 1 objects tracked!
I1014 15:01:22.816249  8472 work_track.cpp:148] Frame: 137, track bbox: [162 x 223 from (235.756, 128.308)], gid: 5, lid: 0
I1014 15:01:22.816287  8472 work_thread.hpp:87]  [T-Work-Detect_0] Frame :137 split
I1014 15:01:22.816327  8472 work_thread.hpp:120]  [T-Work-Detect_0] Valid piece: gid = 5
I1014 15:01:22.816347  8472 work_thread.hpp:91]  [T-Work-Detect_0] Push to split queue:recog
I1014 15:01:22.816391  8474 work_thread.hpp:81]  [T-Work-Recog_1] Run work: WorkCapture
I1014 15:01:22.816393  8475 thread_intergrate.hpp:78] [T-Intergrate-intergrate] queue: frame output frame :137
I1014 15:01:22.816431  8475 thread_intergrate.hpp:85] [T-Intergrate-intergrate] queue: compare output face:5
I1014 15:01:22.816448  8475 thread_intergrate.hpp:144] T-Intergrate-intergrate set matched face: 5
I1014 15:01:22.816982  8474 work_thread.hpp:81]  [T-Work-Recog_1] Run work: WorkRecog
I1014 15:01:22.817006  8474 work_recog.hpp:89] Face id: 5 will run recog: bbox [162 x 223 from (230, 128)] quality: 0.480931
I1014 15:01:22.817036  8474 work_recog.hpp:96] Recog pair: [232 x 280 from (192, 80)], [162 x 223 from (38, 48)]
I1014 15:01:22.817915  8475 thread_intergrate.hpp:168] T-Intergrate-intergrate Show face :5, size :640 * 360
I1014 15:01:22.818500  8471 demo_inner.hpp:435] thread [SORT-0]  frame id 137 sorting queue size 6   FPS: 29.9103
I1014 15:01:22.834751  8474 work_thread.hpp:81]  [T-Work-Recog_1] Run work: WorkCompare
I1014 15:01:22.835212  8474 work_compare.cpp:76] Compare face: 5 successed, similarity :0.995829, name : images/ThangLMb.jpg, normal size : 1548 * 1719!
I1014 15:01:22.844455  8469 demo_inner.hpp:177] decode queue size 0
I1014 15:01:22.844573  8472 work_thread.hpp:81]  [T-Work-Detect_0] Run work: WorkDetect
I1014 15:01:22.844619  8472 work_detect.cpp:102] Succeeded to add det start for frame 138
I1014 15:01:22.852385  8472 work_detect.cpp:70] Frame :138 detect result :1 face(s)
I1014 15:01:22.852433  8472 work_detect.cpp:86] Detected bbox: [172 x 220 from (236, 131)]
I1014 15:01:22.852499  8472 work_detect.cpp:120] Succeeded to add det end for frame 138
I1014 15:01:22.852515  8472 work_thread.hpp:81]  [T-Work-Detect_0] Run work: WrokTrack
I1014 15:01:22.852541  8472 work_track.cpp:82] Frame: 138 build input_characts: [0.26875 x 0.611111 from (0.36875, 0.363889)], 1.00019, 0
I1014 15:01:22.852609  8472 work_track.cpp:102] Succeeded to set track lock for frame 138
I1014 15:01:22.852653  8472 work_track.cpp:116] Succeeded to release track lock for frame 138
I1014 15:01:22.852668  8472 work_track.cpp:120] Track results of frame 138: 1 objects input, 1 objects tracked!
I1014 15:01:22.852685  8472 work_track.cpp:148] Frame: 138, track bbox: [172 x 220 from (234.956, 130.351)], gid: 5, lid: 0
I1014 15:01:22.852746  8472 work_thread.hpp:87]  [T-Work-Detect_0] Frame :138 split
I1014 15:01:22.852764  8472 work_thread.hpp:120]  [T-Work-Detect_0] Valid piece: gid = 5
I1014 15:01:22.852782  8472 work_thread.hpp:91]  [T-Work-Detect_0] Push to split queue:recog
I1014 15:01:22.852907  8474 work_thread.hpp:81]  [T-Work-Recog_1] Run work: WorkCapture
I1014 15:01:22.852910  8475 thread_intergrate.hpp:78] [T-Intergrate-intergrate] queue: frame output frame :138
I1014 15:01:22.852948  8475 thread_intergrate.hpp:85] [T-Intergrate-intergrate] queue: compare output face:5
I1014 15:01:22.852967  8475 thread_intergrate.hpp:144] T-Intergrate-intergrate set matched face: 5
I1014 15:01:22.853505  8474 work_thread.hpp:81]  [T-Work-Recog_1] Run work: WorkRecog
I1014 15:01:22.853530  8474 work_recog.hpp:89] Face id: 5 will run recog: bbox [172 x 220 from (236, 131)] quality: 0.4705
I1014 15:01:22.853562  8474 work_recog.hpp:96] Recog pair: [248 x 280 from (200, 80)], [172 x 220 from (36, 51)]
I1014 15:01:22.854459  8475 thread_intergrate.hpp:168] T-Intergrate-intergrate Show face :5, size :640 * 360
I1014 15:01:22.855046  8471 demo_inner.hpp:435] thread [SORT-0]  frame id 138 sorting queue size 7   FPS: 29.8954
I1014 15:01:22.871187  8474 work_thread.hpp:81]  [T-Work-Recog_1] Run work: WorkCompare
I1014 15:01:22.871650  8474 work_compare.cpp:76] Compare face: 5 successed, similarity :0.994807, name : images/ThangLMb.jpg, normal size : 1548 * 1719!
I1014 15:01:22.874760  8469 demo_inner.hpp:177] decode queue size 0
I1014 15:01:22.874883  8472 work_thread.hpp:81]  [T-Work-Detect_0] Run work: WorkDetect
I1014 15:01:22.874920  8472 work_detect.cpp:102] Succeeded to add det start for frame 139
I1014 15:01:22.882673  8472 work_detect.cpp:70] Frame :139 detect result :1 face(s)
I1014 15:01:22.882720  8472 work_detect.cpp:86] Detected bbox: [169 x 220 from (238, 132)]
I1014 15:01:22.882788  8472 work_detect.cpp:120] Succeeded to add det end for frame 139
I1014 15:01:22.882805  8472 work_thread.hpp:81]  [T-Work-Detect_0] Run work: WrokTrack
I1014 15:01:22.882830  8472 work_track.cpp:82] Frame: 139 build input_characts: [0.264062 x 0.611111 from (0.371875, 0.366667)], 1.00019, 0
I1014 15:01:22.882895  8472 work_track.cpp:102] Succeeded to set track lock for frame 139
I1014 15:01:22.882936  8472 work_track.cpp:116] Succeeded to release track lock for frame 139
I1014 15:01:22.882951  8472 work_track.cpp:120] Track results of frame 139: 1 objects input, 1 objects tracked!
I1014 15:01:22.882968  8472 work_track.cpp:148] Frame: 139, track bbox: [169 x 220 from (238.076, 131.239)], gid: 5, lid: 0
I1014 15:01:22.883033  8472 work_thread.hpp:87]  [T-Work-Detect_0] Frame :139 split
I1014 15:01:22.883051  8472 work_thread.hpp:120]  [T-Work-Detect_0] Valid piece: gid = 5
I1014 15:01:22.883069  8472 work_thread.hpp:91]  [T-Work-Detect_0] Push to split queue:recog
I1014 15:01:22.883107  8474 work_thread.hpp:81]  [T-Work-Recog_1] Run work: WorkCapture
I1014 15:01:22.883112  8475 thread_intergrate.hpp:78] [T-Intergrate-intergrate] queue: frame output frame :139
I1014 15:01:22.883139  8475 thread_intergrate.hpp:85] [T-Intergrate-intergrate] queue: compare output face:5
I1014 15:01:22.883157  8475 thread_intergrate.hpp:144] T-Intergrate-intergrate set matched face: 5
I1014 15:01:22.883692  8474 work_thread.hpp:81]  [T-Work-Recog_1] Run work: WorkRecog
I1014 15:01:22.883718  8474 work_recog.hpp:89] Face id: 5 will run recog: bbox [169 x 220 from (238, 132)] quality: 0.467477
I1014 15:01:22.883749  8474 work_recog.hpp:96] Recog pair: [240 x 272 from (200, 88)], [169 x 220 from (38, 44)]
I1014 15:01:22.884660  8475 thread_intergrate.hpp:168] T-Intergrate-intergrate Show face :5, size :640 * 360
I1014 15:01:22.885237  8471 demo_inner.hpp:435] thread [SORT-0]  frame id 139 sorting queue size 8   FPS: 29.8954
I1014 15:01:22.901475  8474 work_thread.hpp:81]  [T-Work-Recog_1] Run work: WorkCompare
I1014 15:01:22.901937  8474 work_compare.cpp:76] Compare face: 5 successed, similarity :0.996069, name : images/ThangLMb.jpg, normal size : 1548 * 1719!
I1014 15:01:22.910578  8469 demo_inner.hpp:177] decode queue size 0
I1014 15:01:22.910738  8472 work_thread.hpp:81]  [T-Work-Detect_0] Run work: WorkDetect
I1014 15:01:22.910774  8472 work_detect.cpp:102] Succeeded to add det start for frame 140
I1014 15:01:22.917556  8472 work_detect.cpp:70] Frame :140 detect result :1 face(s)
I1014 15:01:22.917600  8472 work_detect.cpp:86] Detected bbox: [164 x 217 from (240, 130)]
I1014 15:01:22.917644  8472 work_detect.cpp:120] Succeeded to add det end for frame 140
I1014 15:01:22.917659  8472 work_thread.hpp:81]  [T-Work-Detect_0] Run work: WrokTrack
I1014 15:01:22.917685  8472 work_track.cpp:82] Frame: 140 build input_characts: [0.25625 x 0.602778 from (0.375, 0.361111)], 1.00019, 0
I1014 15:01:22.917739  8472 work_track.cpp:102] Succeeded to set track lock for frame 140
I1014 15:01:22.917780  8472 work_track.cpp:116] Succeeded to release track lock for frame 140
I1014 15:01:22.917794  8472 work_track.cpp:120] Track results of frame 140: 1 objects input, 1 objects tracked!
I1014 15:01:22.917812  8472 work_track.cpp:148] Frame: 140, track bbox: [164 x 217 from (239.949, 131.427)], gid: 5, lid: 0
I1014 15:01:22.917850  8472 work_thread.hpp:87]  [T-Work-Detect_0] Frame :140 split
I1014 15:01:22.917866  8472 work_thread.hpp:120]  [T-Work-Detect_0] Valid piece: gid = 5
I1014 15:01:22.917884  8472 work_thread.hpp:91]  [T-Work-Detect_0] Push to split queue:recog
I1014 15:01:22.917932  8474 work_thread.hpp:81]  [T-Work-Recog_1] Run work: WorkCapture
I1014 15:01:22.918234  8475 thread_intergrate.hpp:78] [T-Intergrate-intergrate] queue: frame output frame :140
I1014 15:01:22.918262  8475 thread_intergrate.hpp:85] [T-Intergrate-intergrate] queue: compare output face:5
I1014 15:01:22.918279  8475 thread_intergrate.hpp:144] T-Intergrate-intergrate set matched face: 5
I1014 15:01:22.918498  8474 work_thread.hpp:81]  [T-Work-Recog_1] Run work: WorkRecog
I1014 15:01:22.918524  8474 work_recog.hpp:89] Face id: 5 will run recog: bbox [164 x 217 from (240, 130)] quality: 0.471074
I1014 15:01:22.918552  8474 work_recog.hpp:96] Recog pair: [232 x 280 from (208, 80)], [164 x 217 from (32, 50)]
I1014 15:01:22.919827  8475 thread_intergrate.hpp:168] T-Intergrate-intergrate Show face :5, size :640 * 360
I1014 15:01:22.920461  8471 demo_inner.hpp:435] thread [SORT-0]  frame id 140 sorting queue size 9   FPS: 29.9103
I1014 15:01:22.936046  8474 work_thread.hpp:81]  [T-Work-Recog_1] Run work: WorkCompare
I1014 15:01:22.936528  8474 work_compare.cpp:76] Compare face: 5 successed, similarity :0.996418, name : images/ThangLMb.jpg, normal size : 1548 * 1719!
I1014 15:01:22.940547  8469 demo_inner.hpp:177] decode queue size 0
I1014 15:01:22.940667  8472 work_thread.hpp:81]  [T-Work-Detect_0] Run work: WorkDetect
I1014 15:01:22.940702  8472 work_detect.cpp:102] Succeeded to add det start for frame 141
I1014 15:01:22.947321  8472 work_detect.cpp:70] Frame :141 detect result :1 face(s)
I1014 15:01:22.947368  8472 work_detect.cpp:86] Detected bbox: [166 x 216 from (240, 128)]
I1014 15:01:22.947412  8472 work_detect.cpp:120] Succeeded to add det end for frame 141
I1014 15:01:22.947429  8472 work_thread.hpp:81]  [T-Work-Detect_0] Run work: WrokTrack
I1014 15:01:22.947458  8472 work_track.cpp:82] Frame: 141 build input_characts: [0.259375 x 0.6 from (0.375, 0.355556)], 1.00019, 0
I1014 15:01:22.947526  8472 work_track.cpp:102] Succeeded to set track lock for frame 141
I1014 15:01:22.947580  8472 work_track.cpp:116] Succeeded to release track lock for frame 141
I1014 15:01:22.947595  8472 work_track.cpp:120] Track results of frame 141: 1 objects input, 1 objects tracked!
I1014 15:01:22.947614  8472 work_track.cpp:148] Frame: 141, track bbox: [166 x 216 from (240.745, 130.117)], gid: 5, lid: 0
I1014 15:01:22.947654  8472 work_thread.hpp:87]  [T-Work-Detect_0] Frame :141 split
I1014 15:01:22.947674  8472 work_thread.hpp:120]  [T-Work-Detect_0] Valid piece: gid = 5
I1014 15:01:22.947695  8472 work_thread.hpp:91]  [T-Work-Detect_0] Push to split queue:recog
I1014 15:01:22.947748  8473 work_thread.hpp:81]  [T-Work-Recog_0] Run work: WorkCapture
I1014 15:01:22.948077  8475 thread_intergrate.hpp:78] [T-Intergrate-intergrate] queue: frame output frame :141
I1014 15:01:22.948107  8475 thread_intergrate.hpp:85] [T-Intergrate-intergrate] queue: compare output face:5
I1014 15:01:22.948292  8475 thread_intergrate.hpp:144] T-Intergrate-intergrate set matched face: 5
I1014 15:01:22.948388  8473 work_thread.hpp:81]  [T-Work-Recog_0] Run work: WorkRecog
I1014 15:01:22.948411  8473 work_recog.hpp:89] Face id: 5 will run recog: bbox [166 x 216 from (240, 128)] quality: 0.474052
I1014 15:01:22.948441  8473 work_recog.hpp:96] Recog pair: [240 x 280 from (200, 80)], [166 x 216 from (40, 48)]
I1014 15:01:22.951952  8475 thread_intergrate.hpp:168] T-Intergrate-intergrate Show face :5, size :640 * 360
I1014 15:01:22.952611  8471 demo_inner.hpp:435] thread [SORT-0]  frame id 141 sorting queue size 10   FPS: 29.8805
I1014 15:01:22.965883  8473 work_thread.hpp:81]  [T-Work-Recog_0] Run work: WorkCompare
I1014 15:01:22.966331  8473 work_compare.cpp:76] Compare face: 5 successed, similarity :0.994735, name : images/ThangLMb.jpg, normal size : 1548 * 1719!
I1014 15:01:22.975692  8469 demo_inner.hpp:177] decode queue size 0
I1014 15:01:22.975811  8472 work_thread.hpp:81]  [T-Work-Detect_0] Run work: WorkDetect
I1014 15:01:22.975849  8472 work_detect.cpp:102] Succeeded to add det start for frame 142
I1014 15:01:22.982585  8472 work_detect.cpp:70] Frame :142 detect result :1 face(s)
I1014 15:01:22.982631  8472 work_detect.cpp:86] Detected bbox: [163 x 215 from (242, 133)]
I1014 15:01:22.982676  8472 work_detect.cpp:120] Succeeded to add det end for frame 142
I1014 15:01:22.982692  8472 work_thread.hpp:81]  [T-Work-Detect_0] Run work: WrokTrack
I1014 15:01:22.982715  8472 work_track.cpp:82] Frame: 142 build input_characts: [0.254687 x 0.597222 from (0.378125, 0.369444)], 1.00019, 0
I1014 15:01:22.982770  8472 work_track.cpp:102] Succeeded to set track lock for frame 142
I1014 15:01:22.982810  8472 work_track.cpp:116] Succeeded to release track lock for frame 142
I1014 15:01:22.982825  8472 work_track.cpp:120] Track results of frame 142: 1 objects input, 1 objects tracked!
I1014 15:01:22.982842  8472 work_track.cpp:148] Frame: 142, track bbox: [163 x 215 from (243.822, 131.13)], gid: 5, lid: 0
I1014 15:01:22.982879  8472 work_thread.hpp:87]  [T-Work-Detect_0] Frame :142 split
I1014 15:01:22.982897  8472 work_thread.hpp:120]  [T-Work-Detect_0] Valid piece: gid = 5
I1014 15:01:22.982915  8472 work_thread.hpp:91]  [T-Work-Detect_0] Push to split queue:recog
I1014 15:01:22.982955  8473 work_thread.hpp:81]  [T-Work-Recog_0] Run work: WorkCapture
I1014 15:01:22.983242  8475 thread_intergrate.hpp:78] [T-Intergrate-intergrate] queue: frame output frame :142
I1014 15:01:22.983268  8475 thread_intergrate.hpp:85] [T-Intergrate-intergrate] queue: compare output face:5
I1014 15:01:22.983287  8475 thread_intergrate.hpp:144] T-Intergrate-intergrate set matched face: 5
I1014 15:01:22.983520  8473 work_thread.hpp:81]  [T-Work-Recog_0] Run work: WorkRecog
I1014 15:01:22.983542  8473 work_recog.hpp:89] Face id: 5 will run recog: bbox [163 x 215 from (242, 133)] quality: 0.466468
I1014 15:01:22.983569  8473 work_recog.hpp:96] Recog pair: [232 x 272 from (208, 88)], [163 x 215 from (34, 45)]
I1014 15:01:22.985440  8475 thread_intergrate.hpp:168] T-Intergrate-intergrate Show face :5, size :640 * 360
I1014 15:01:23.001262  8473 work_thread.hpp:81]  [T-Work-Recog_0] Run work: WorkCompare
I1014 15:01:23.001724  8473 work_compare.cpp:76] Compare face: 5 successed, similarity :0.994781, name : images/ThangLMb.jpg, normal size : 1548 * 1719!
I1014 15:01:23.006569  8469 demo_inner.hpp:177] decode queue size 0
I1014 15:01:23.006670  8472 work_thread.hpp:81]  [T-Work-Detect_0] Run work: WorkDetect
I1014 15:01:23.006705  8472 work_detect.cpp:102] Succeeded to add det start for frame 143
I1014 15:01:23.013396  8472 work_detect.cpp:70] Frame :143 detect result :1 face(s)
I1014 15:01:23.013440  8472 work_detect.cpp:86] Detected bbox: [164 x 216 from (242, 128)]
I1014 15:01:23.013484  8472 work_detect.cpp:120] Succeeded to add det end for frame 143
I1014 15:01:23.013500  8472 work_thread.hpp:81]  [T-Work-Detect_0] Run work: WrokTrack
I1014 15:01:23.013525  8472 work_track.cpp:82] Frame: 143 build input_characts: [0.25625 x 0.6 from (0.378125, 0.355556)], 1.00019, 0
I1014 15:01:23.013655  8472 work_track.cpp:102] Succeeded to set track lock for frame 143
I1014 15:01:23.013696  8472 work_track.cpp:116] Succeeded to release track lock for frame 143
I1014 15:01:23.013711  8472 work_track.cpp:120] Track results of frame 143: 1 objects input, 1 objects tracked!
I1014 15:01:23.013729  8472 work_track.cpp:148] Frame: 143, track bbox: [164 x 216 from (241.842, 128.727)], gid: 5, lid: 0
I1014 15:01:23.013765  8472 work_thread.hpp:87]  [T-Work-Detect_0] Frame :143 split
I1014 15:01:23.013784  8472 work_thread.hpp:120]  [T-Work-Detect_0] Valid piece: gid = 5
I1014 15:01:23.013803  8472 work_thread.hpp:91]  [T-Work-Detect_0] Push to split queue:recog
I1014 15:01:23.013856  8474 work_thread.hpp:81]  [T-Work-Recog_1] Run work: WorkCapture
I1014 15:01:23.014163  8475 thread_intergrate.hpp:78] [T-Intergrate-intergrate] queue: frame output frame :143
I1014 15:01:23.014189  8475 thread_intergrate.hpp:85] [T-Intergrate-intergrate] queue: compare output face:5
I1014 15:01:23.014209  8475 thread_intergrate.hpp:144] T-Intergrate-intergrate set matched face: 5
I1014 15:01:23.014434  8474 work_thread.hpp:81]  [T-Work-Recog_1] Run work: WorkRecog
I1014 15:01:23.014459  8474 work_recog.hpp:89] Face id: 5 will run recog: bbox [164 x 216 from (242, 128)] quality: 0.481619
I1014 15:01:23.014492  8474 work_recog.hpp:96] Recog pair: [232 x 280 from (208, 80)], [164 x 216 from (34, 48)]
I1014 15:01:23.015744  8475 thread_intergrate.hpp:168] T-Intergrate-intergrate Show face :5, size :640 * 360
I1014 15:01:23.032214  8474 work_thread.hpp:81]  [T-Work-Recog_1] Run work: WorkCompare
I1014 15:01:23.032709  8474 work_compare.cpp:76] Compare face: 5 successed, similarity :0.995989, name : images/ThangLMb.jpg, normal size : 1548 * 1719!
I1014 15:01:23.041949  8469 demo_inner.hpp:177] decode queue size 0
I1014 15:01:23.042086  8472 work_thread.hpp:81]  [T-Work-Detect_0] Run work: WorkDetect
I1014 15:01:23.042125  8472 work_detect.cpp:102] Succeeded to add det start for frame 144
I1014 15:01:23.048825  8472 work_detect.cpp:70] Frame :144 detect result :1 face(s)
I1014 15:01:23.048871  8472 work_detect.cpp:86] Detected bbox: [170 x 224 from (240, 122)]
I1014 15:01:23.048915  8472 work_detect.cpp:120] Succeeded to add det end for frame 144
I1014 15:01:23.048931  8472 work_thread.hpp:81]  [T-Work-Detect_0] Run work: WrokTrack
I1014 15:01:23.048956  8472 work_track.cpp:82] Frame: 144 build input_characts: [0.265625 x 0.622222 from (0.375, 0.338889)], 1.00019, 0
I1014 15:01:23.049012  8472 work_track.cpp:102] Succeeded to set track lock for frame 144
I1014 15:01:23.049053  8472 work_track.cpp:116] Succeeded to release track lock for frame 144
I1014 15:01:23.049068  8472 work_track.cpp:120] Track results of frame 144: 1 objects input, 1 objects tracked!
I1014 15:01:23.049087  8472 work_track.cpp:148] Frame: 144, track bbox: [170 x 224 from (239.683, 122.756)], gid: 5, lid: 0
I1014 15:01:23.049124  8472 work_thread.hpp:87]  [T-Work-Detect_0] Frame :144 split
I1014 15:01:23.049141  8472 work_thread.hpp:120]  [T-Work-Detect_0] Valid piece: gid = 5
I1014 15:01:23.049160  8472 work_thread.hpp:91]  [T-Work-Detect_0] Push to split queue:recog
I1014 15:01:23.049208  8473 work_thread.hpp:81]  [T-Work-Recog_0] Run work: WorkCapture
I1014 15:01:23.049219  8475 thread_intergrate.hpp:78] [T-Intergrate-intergrate] queue: frame output frame :144
I1014 15:01:23.049245  8475 thread_intergrate.hpp:85] [T-Intergrate-intergrate] queue: compare output face:5
I1014 15:01:23.049263  8475 thread_intergrate.hpp:144] T-Intergrate-intergrate set matched face: 5
I1014 15:01:23.050065  8473 work_thread.hpp:81]  [T-Work-Recog_0] Run work: WorkRecog
I1014 15:01:23.050097  8473 work_recog.hpp:89] Face id: 5 will run recog: bbox [170 x 224 from (240, 122)] quality: 0.484931
I1014 15:01:23.050132  8473 work_recog.hpp:96] Recog pair: [248 x 288 from (200, 72)], [170 x 224 from (40, 50)]
I1014 15:01:23.050736  8475 thread_intergrate.hpp:168] T-Intergrate-intergrate Show face :5, size :640 * 360
I1014 15:01:23.067507  8473 work_thread.hpp:81]  [T-Work-Recog_0] Run work: WorkCompare
I1014 15:01:23.068117  8473 work_compare.cpp:76] Compare face: 5 successed, similarity :0.993966, name : images/ThangLMb.jpg, normal size : 1548 * 1719!
I1014 15:01:23.077580  8469 demo_inner.hpp:177] decode queue size 0
I1014 15:01:23.077700  8472 work_thread.hpp:81]  [T-Work-Detect_0] Run work: WorkDetect
