I1014 15:49:21.380398  9554 thread_intergrate.hpp:144] T-Intergrate-intergrate set matched face: 0
I1014 15:49:21.380980  9552 work_thread.hpp:81]  [T-Work-Recog_0] Run work: WorkRecog
I1014 15:49:21.381006  9552 work_recog.hpp:89] Face id: 0 will run recog: bbox [143 x 188 from (243, 166)] quality: 0.458304
I1014 15:49:21.381119  9552 work_recog.hpp:96] Recog pair: [208 x 232 from (208, 128)], [143 x 188 from (35, 38)]
I1014 15:49:21.381855  9554 thread_intergrate.hpp:188] T-Intergrate-intergrate Show face :0, size :640 * 360
I1014 15:49:21.382444  9550 demo_inner.hpp:435] thread [SORT-0]  frame id 112 sorting queue size 0   FPS: 29.946
I1014 15:49:21.399199  9552 work_thread.hpp:81]  [T-Work-Recog_0] Run work: WorkCompare
I1014 15:49:21.399796  9552 work_compare.cpp:76] Compare face: 0 successed, similarity :0.995805, name : images/ThangLMb.jpg, normal size : 1548 * 1719!
I1014 15:49:21.403293  9548 demo_inner.hpp:177] decode queue size 0
I1014 15:49:21.403365  9551 work_thread.hpp:81]  [T-Work-Detect_0] Run work: WorkDetect
I1014 15:49:21.403398  9551 work_detect.cpp:102] Succeeded to add det start for frame 113
I1014 15:49:21.410269  9551 work_detect.cpp:70] Frame :113 detect result :1 face(s)
I1014 15:49:21.410318  9551 work_detect.cpp:86] Detected bbox: [137 x 180 from (241, 164)]
I1014 15:49:21.410362  9551 work_detect.cpp:120] Succeeded to add det end for frame 113
I1014 15:49:21.410378  9551 work_thread.hpp:81]  [T-Work-Detect_0] Run work: WrokTrack
I1014 15:49:21.410403  9551 work_track.cpp:82] Frame: 113 build input_characts: [0.214062 x 0.5 from (0.376563, 0.455556)], 1.00035, 0
I1014 15:49:21.410460  9551 work_track.cpp:102] Succeeded to set track lock for frame 113
I1014 15:49:21.410501  9551 work_track.cpp:116] Succeeded to release track lock for frame 113
I1014 15:49:21.410854  9549 demo_inner.hpp:260]  gui queue size 0, state = running
I1014 15:49:21.412206  9551 work_track.cpp:120] Track results of frame 113: 1 objects input, 1 objects tracked!
I1014 15:49:21.412256  9551 work_track.cpp:148] Frame: 113, track bbox: [137 x 180 from (242.676, 166.811)], gid: 0, lid: 0
I1014 15:49:21.412314  9551 work_thread.hpp:87]  [T-Work-Detect_0] Frame :113 split
I1014 15:49:21.412338  9551 work_thread.hpp:120]  [T-Work-Detect_0] Valid piece: gid = 0
I1014 15:49:21.412361  9551 work_thread.hpp:91]  [T-Work-Detect_0] Push to split queue:recog
I1014 15:49:21.412415  9554 thread_intergrate.hpp:78] [T-Intergrate-intergrate] queue: frame output frame :113
I1014 15:49:21.412444  9554 thread_intergrate.hpp:85] [T-Intergrate-intergrate] queue: compare output face:0
I1014 15:49:21.412446  9553 work_thread.hpp:81]  [T-Work-Recog_1] Run work: WorkCapture
I1014 15:49:21.412467  9554 thread_intergrate.hpp:144] T-Intergrate-intergrate set matched face: 0
I1014 15:49:21.413213  9553 work_thread.hpp:81]  [T-Work-Recog_1] Run work: WorkRecog
I1014 15:49:21.413249  9553 work_recog.hpp:89] Face id: 0 will run recog: bbox [137 x 180 from (241, 164)] quality: 0.46692
I1014 15:49:21.413305  9553 work_recog.hpp:96] Recog pair: [200 x 232 from (208, 128)], [137 x 180 from (33, 36)]
I1014 15:49:21.414081  9554 thread_intergrate.hpp:188] T-Intergrate-intergrate Show face :0, size :640 * 360
I1014 15:49:21.414830  9550 demo_inner.hpp:435] thread [SORT-0]  frame id 113 sorting queue size 0   FPS: 29.9902
I1014 15:49:21.431411  9553 work_thread.hpp:81]  [T-Work-Recog_1] Run work: WorkCompare
I1014 15:49:21.431991  9553 work_compare.cpp:76] Compare face: 0 successed, similarity :0.995909, name : images/ThangLMb.jpg, normal size : 1548 * 1719!
I1014 15:49:21.439339  9548 demo_inner.hpp:177] decode queue size 0
I1014 15:49:21.439445  9551 work_thread.hpp:81]  [T-Work-Detect_0] Run work: WorkDetect
I1014 15:49:21.439486  9551 work_detect.cpp:102] Succeeded to add det start for frame 114
I1014 15:49:21.446189  9551 work_detect.cpp:70] Frame :114 detect result :1 face(s)
I1014 15:49:21.446236  9551 work_detect.cpp:86] Detected bbox: [126 x 175 from (246, 174)]
I1014 15:49:21.446278  9551 work_detect.cpp:120] Succeeded to add det end for frame 114
I1014 15:49:21.446295  9551 work_thread.hpp:81]  [T-Work-Detect_0] Run work: WrokTrack
I1014 15:49:21.446319  9551 work_track.cpp:82] Frame: 114 build input_characts: [0.196875 x 0.486111 from (0.384375, 0.483333)], 1.00019, 0
I1014 15:49:21.446374  9551 work_track.cpp:102] Succeeded to set track lock for frame 114
I1014 15:49:21.446416  9551 work_track.cpp:116] Succeeded to release track lock for frame 114
I1014 15:49:21.446431  9551 work_track.cpp:120] Track results of frame 114: 1 objects input, 1 objects tracked!
I1014 15:49:21.446449  9551 work_track.cpp:148] Frame: 114, track bbox: [126 x 175 from (246.969, 170.66)], gid: 0, lid: 0
I1014 15:49:21.446486  9551 work_thread.hpp:87]  [T-Work-Detect_0] Frame :114 split
I1014 15:49:21.446504  9551 work_thread.hpp:120]  [T-Work-Detect_0] Valid piece: gid = 0
I1014 15:49:21.446522  9551 work_thread.hpp:91]  [T-Work-Detect_0] Push to split queue:recog
I1014 15:49:21.446568  9552 work_thread.hpp:81]  [T-Work-Recog_0] Run work: WorkCapture
I1014 15:49:21.446570  9554 thread_intergrate.hpp:78] [T-Intergrate-intergrate] queue: frame output frame :114
I1014 15:49:21.446609  9554 thread_intergrate.hpp:85] [T-Intergrate-intergrate] queue: compare output face:0
I1014 15:49:21.446627  9554 thread_intergrate.hpp:144] T-Intergrate-intergrate set matched face: 0
I1014 15:49:21.447193  9552 work_thread.hpp:81]  [T-Work-Recog_0] Run work: WorkRecog
I1014 15:49:21.447219  9552 work_recog.hpp:89] Face id: 0 will run recog: bbox [126 x 175 from (246, 174)] quality: 0.429842
I1014 15:49:21.447260  9552 work_recog.hpp:96] Recog pair: [184 x 224 from (216, 136)], [126 x 175 from (30, 38)]
I1014 15:49:21.448110  9554 thread_intergrate.hpp:188] T-Intergrate-intergrate Show face :0, size :640 * 360
I1014 15:49:21.448854  9550 demo_inner.hpp:435] thread [SORT-0]  frame id 114 sorting queue size 1   FPS: 29.946
I1014 15:49:21.465967  9552 work_thread.hpp:81]  [T-Work-Recog_0] Run work: WorkCompare
I1014 15:49:21.466603  9552 work_compare.cpp:76] Compare face: 0 successed, similarity :0.990156, name : images/ThangLMb.jpg, normal size : 1548 * 1719!
I1014 15:49:21.474958  9548 demo_inner.hpp:177] decode queue size 0
I1014 15:49:21.475055  9551 work_thread.hpp:81]  [T-Work-Detect_0] Run work: WorkDetect
I1014 15:49:21.475091  9551 work_detect.cpp:102] Succeeded to add det start for frame 115
I1014 15:49:21.481701  9551 work_detect.cpp:70] Frame :115 detect result :1 face(s)
I1014 15:49:21.481745  9551 work_detect.cpp:86] Detected bbox: [128 x 174 from (245, 174)]
I1014 15:49:21.481787  9551 work_detect.cpp:120] Succeeded to add det end for frame 115
I1014 15:49:21.481803  9551 work_thread.hpp:81]  [T-Work-Detect_0] Run work: WrokTrack
I1014 15:49:21.481828  9551 work_track.cpp:82] Frame: 115 build input_characts: [0.2 x 0.483333 from (0.382812, 0.483333)], 1.00019, 0
I1014 15:49:21.481884  9551 work_track.cpp:102] Succeeded to set track lock for frame 115
I1014 15:49:21.481923  9551 work_track.cpp:116] Succeeded to release track lock for frame 115
I1014 15:49:21.481937  9551 work_track.cpp:120] Track results of frame 115: 1 objects input, 1 objects tracked!
I1014 15:49:21.481956  9551 work_track.cpp:148] Frame: 115, track bbox: [128 x 174 from (245.12, 172.306)], gid: 0, lid: 0
I1014 15:49:21.481992  9551 work_thread.hpp:87]  [T-Work-Detect_0] Frame :115 split
I1014 15:49:21.482010  9551 work_thread.hpp:120]  [T-Work-Detect_0] Valid piece: gid = 0
I1014 15:49:21.482028  9551 work_thread.hpp:91]  [T-Work-Detect_0] Push to split queue:recog
I1014 15:49:21.482079  9553 work_thread.hpp:81]  [T-Work-Recog_1] Run work: WorkCapture
I1014 15:49:21.482444  9554 thread_intergrate.hpp:78] [T-Intergrate-intergrate] queue: frame output frame :115
I1014 15:49:21.482470  9554 thread_intergrate.hpp:85] [T-Intergrate-intergrate] queue: compare output face:0
I1014 15:49:21.482487  9554 thread_intergrate.hpp:144] T-Intergrate-intergrate set matched face: 0
I1014 15:49:21.482697  9553 work_thread.hpp:81]  [T-Work-Recog_1] Run work: WorkRecog
I1014 15:49:21.482720  9553 work_recog.hpp:89] Face id: 0 will run recog: bbox [128 x 174 from (245, 174)] quality: 0.445574
I1014 15:49:21.482748  9553 work_recog.hpp:96] Recog pair: [184 x 224 from (216, 136)], [128 x 174 from (29, 38)]
I1014 15:49:21.484061  9554 thread_intergrate.hpp:188] T-Intergrate-intergrate Show face :0, size :640 * 360
I1014 15:49:21.484762  9550 demo_inner.hpp:435] thread [SORT-0]  frame id 115 sorting queue size 2   FPS: 29.946
I1014 15:49:21.494611  9549 demo_inner.hpp:260]  gui queue size 2, state = running
I1014 15:49:21.501060  9553 work_thread.hpp:81]  [T-Work-Recog_1] Run work: WorkCompare
I1014 15:49:21.501531  9553 work_compare.cpp:76] Compare face: 0 successed, similarity :0.994189, name : images/ThangLMb.jpg, normal size : 1548 * 1719!
I1014 15:49:21.507956  9548 demo_inner.hpp:177] decode queue size 0
I1014 15:49:21.508098  9551 work_thread.hpp:81]  [T-Work-Detect_0] Run work: WorkDetect
I1014 15:49:21.508136  9551 work_detect.cpp:102] Succeeded to add det start for frame 116
I1014 15:49:21.514760  9551 work_detect.cpp:70] Frame :116 detect result :1 face(s)
I1014 15:49:21.514814  9551 work_detect.cpp:86] Detected bbox: [138 x 177 from (241, 165)]
I1014 15:49:21.514858  9551 work_detect.cpp:120] Succeeded to add det end for frame 116
I1014 15:49:21.514874  9551 work_thread.hpp:81]  [T-Work-Detect_0] Run work: WrokTrack
I1014 15:49:21.514899  9551 work_track.cpp:82] Frame: 116 build input_characts: [0.215625 x 0.491667 from (0.376563, 0.458333)], 1.00019, 0
I1014 15:49:21.514955  9551 work_track.cpp:102] Succeeded to set track lock for frame 116
I1014 15:49:21.514995  9551 work_track.cpp:116] Succeeded to release track lock for frame 116
I1014 15:49:21.515010  9551 work_track.cpp:120] Track results of frame 116: 1 objects input, 1 objects tracked!
I1014 15:49:21.515028  9551 work_track.cpp:148] Frame: 116, track bbox: [138 x 177 from (240.057, 167.901)], gid: 0, lid: 0
I1014 15:49:21.515064  9551 work_thread.hpp:87]  [T-Work-Detect_0] Frame :116 split
I1014 15:49:21.515082  9551 work_thread.hpp:120]  [T-Work-Detect_0] Valid piece: gid = 0
I1014 15:49:21.515100  9551 work_thread.hpp:91]  [T-Work-Detect_0] Push to split queue:recog
I1014 15:49:21.515148  9552 work_thread.hpp:81]  [T-Work-Recog_0] Run work: WorkCapture
I1014 15:49:21.515480  9554 thread_intergrate.hpp:78] [T-Intergrate-intergrate] queue: frame output frame :116
I1014 15:49:21.515522  9554 thread_intergrate.hpp:85] [T-Intergrate-intergrate] queue: compare output face:0
I1014 15:49:21.515549  9554 thread_intergrate.hpp:144] T-Intergrate-intergrate set matched face: 0
I1014 15:49:21.516805  9552 work_thread.hpp:81]  [T-Work-Recog_0] Run work: WorkRecog
I1014 15:49:21.516839  9552 work_recog.hpp:89] Face id: 0 will run recog: bbox [138 x 177 from (241, 165)] quality: 0.423902
I1014 15:49:21.516877  9552 work_recog.hpp:96] Recog pair: [200 x 232 from (208, 128)], [138 x 177 from (33, 37)]
I1014 15:49:21.517357  9554 thread_intergrate.hpp:188] T-Intergrate-intergrate Show face :0, size :640 * 360
I1014 15:49:21.518025  9550 demo_inner.hpp:435] thread [SORT-0]  frame id 116 sorting queue size 0   FPS: 29.9902
I1014 15:49:21.534441  9552 work_thread.hpp:81]  [T-Work-Recog_0] Run work: WorkCompare
I1014 15:49:21.534906  9552 work_compare.cpp:76] Compare face: 0 successed, similarity :0.997531, name : images/ThangLMb.jpg, normal size : 1548 * 1719!
I1014 15:49:21.541362  9548 demo_inner.hpp:177] decode queue size 0
I1014 15:49:21.541465  9551 work_thread.hpp:81]  [T-Work-Detect_0] Run work: WorkDetect
I1014 15:49:21.541501  9551 work_detect.cpp:102] Succeeded to add det start for frame 117
I1014 15:49:21.548303  9551 work_detect.cpp:70] Frame :117 detect result :1 face(s)
I1014 15:49:21.548357  9551 work_detect.cpp:86] Detected bbox: [127 x 173 from (246, 174)]
I1014 15:49:21.548403  9551 work_detect.cpp:120] Succeeded to add det end for frame 117
I1014 15:49:21.548419  9551 work_thread.hpp:81]  [T-Work-Detect_0] Run work: WrokTrack
I1014 15:49:21.548444  9551 work_track.cpp:82] Frame: 117 build input_characts: [0.198437 x 0.480556 from (0.384375, 0.483333)], 1.00019, 0
I1014 15:49:21.548499  9551 work_track.cpp:102] Succeeded to set track lock for frame 117
I1014 15:49:21.548538  9551 work_track.cpp:116] Succeeded to release track lock for frame 117
I1014 15:49:21.548552  9551 work_track.cpp:120] Track results of frame 117: 1 objects input, 1 objects tracked!
I1014 15:49:21.548570  9551 work_track.cpp:148] Frame: 117, track bbox: [127 x 173 from (245.104, 171.963)], gid: 0, lid: 0
I1014 15:49:21.548607  9551 work_thread.hpp:87]  [T-Work-Detect_0] Frame :117 split
I1014 15:49:21.548625  9551 work_thread.hpp:120]  [T-Work-Detect_0] Valid piece: gid = 0
I1014 15:49:21.548645  9551 work_thread.hpp:91]  [T-Work-Detect_0] Push to split queue:recog
I1014 15:49:21.548693  9553 work_thread.hpp:81]  [T-Work-Recog_1] Run work: WorkCapture
I1014 15:49:21.549008  9554 thread_intergrate.hpp:78] [T-Intergrate-intergrate] queue: frame output frame :117
I1014 15:49:21.549036  9554 thread_intergrate.hpp:85] [T-Intergrate-intergrate] queue: compare output face:0
I1014 15:49:21.549144  9554 thread_intergrate.hpp:144] T-Intergrate-intergrate set matched face: 0
I1014 15:49:21.549242  9553 work_thread.hpp:81]  [T-Work-Recog_1] Run work: WorkRecog
I1014 15:49:21.549264  9553 work_recog.hpp:89] Face id: 0 will run recog: bbox [127 x 173 from (246, 174)] quality: 0.468938
I1014 15:49:21.549294  9553 work_recog.hpp:96] Recog pair: [184 x 224 from (216, 136)], [127 x 173 from (30, 38)]
I1014 15:49:21.551242  9554 thread_intergrate.hpp:188] T-Intergrate-intergrate Show face :0, size :640 * 360
I1014 15:49:21.551962  9550 demo_inner.hpp:435] thread [SORT-0]  frame id 117 sorting queue size 1   FPS: 29.9166
I1014 15:49:21.567009  9553 work_thread.hpp:81]  [T-Work-Recog_1] Run work: WorkCompare
I1014 15:49:21.567477  9553 work_compare.cpp:76] Compare face: 0 successed, similarity :0.997441, name : images/ThangLMb.jpg, normal size : 1548 * 1719!
I1014 15:49:21.571220  9548 demo_inner.hpp:177] decode queue size 0
I1014 15:49:21.571296  9551 work_thread.hpp:81]  [T-Work-Detect_0] Run work: WorkDetect
I1014 15:49:21.571328  9551 work_detect.cpp:102] Succeeded to add det start for frame 118
I1014 15:49:21.577997  9551 work_detect.cpp:70] Frame :118 detect result :1 face(s)
I1014 15:49:21.578047  9551 work_detect.cpp:86] Detected bbox: [129 x 177 from (246, 172)]
I1014 15:49:21.578091  9551 work_detect.cpp:120] Succeeded to add det end for frame 118
I1014 15:49:21.578107  9551 work_thread.hpp:81]  [T-Work-Detect_0] Run work: WrokTrack
I1014 15:49:21.578131  9551 work_track.cpp:82] Frame: 118 build input_characts: [0.201562 x 0.491667 from (0.384375, 0.477778)], 1.00019, 0
I1014 15:49:21.578186  9551 work_track.cpp:102] Succeeded to set track lock for frame 118
I1014 15:49:21.578225  9551 work_track.cpp:116] Succeeded to release track lock for frame 118
I1014 15:49:21.578240  9551 work_track.cpp:120] Track results of frame 118: 1 objects input, 1 objects tracked!
I1014 15:49:21.578258  9551 work_track.cpp:148] Frame: 118, track bbox: [129 x 177 from (245.643, 171.583)], gid: 0, lid: 0
I1014 15:49:21.578294  9551 work_thread.hpp:87]  [T-Work-Detect_0] Frame :118 split
I1014 15:49:21.578312  9551 work_thread.hpp:120]  [T-Work-Detect_0] Valid piece: gid = 0
I1014 15:49:21.578331  9551 work_thread.hpp:91]  [T-Work-Detect_0] Push to split queue:recog
I1014 15:49:21.578377  9552 work_thread.hpp:81]  [T-Work-Recog_0] Run work: WorkCapture
I1014 15:49:21.578681  9554 thread_intergrate.hpp:78] [T-Intergrate-intergrate] queue: frame output frame :118
I1014 15:49:21.578709  9554 thread_intergrate.hpp:85] [T-Intergrate-intergrate] queue: compare output face:0
I1014 15:49:21.578830  9554 thread_intergrate.hpp:144] T-Intergrate-intergrate set matched face: 0
I1014 15:49:21.578922  9552 work_thread.hpp:81]  [T-Work-Recog_0] Run work: WorkRecog
I1014 15:49:21.578944  9552 work_recog.hpp:89] Face id: 0 will run recog: bbox [129 x 177 from (246, 172)] quality: 0.440682
I1014 15:49:21.578974  9552 work_recog.hpp:96] Recog pair: [184 x 224 from (216, 136)], [129 x 177 from (30, 36)]
I1014 15:49:21.580677  9554 thread_intergrate.hpp:188] T-Intergrate-intergrate Show face :0, size :640 * 360
I1014 15:49:21.581514  9550 demo_inner.hpp:435] thread [SORT-0]  frame id 118 sorting queue size 2   FPS: 30.0049
I1014 15:49:21.589455  9549 demo_inner.hpp:260]  gui queue size 2, state = running
I1014 15:49:21.596386  9552 work_thread.hpp:81]  [T-Work-Recog_0] Run work: WorkCompare
I1014 15:49:21.596854  9552 work_compare.cpp:76] Compare face: 0 successed, similarity :0.99644, name : images/ThangLMb.jpg, normal size : 1548 * 1719!
I1014 15:49:21.606925  9548 demo_inner.hpp:177] decode queue size 0
I1014 15:49:21.607029  9551 work_thread.hpp:81]  [T-Work-Detect_0] Run work: WorkDetect
I1014 15:49:21.607065  9551 work_detect.cpp:102] Succeeded to add det start for frame 119
I1014 15:49:21.613682  9551 work_detect.cpp:70] Frame :119 detect result :1 face(s)
I1014 15:49:21.613724  9551 work_detect.cpp:86] Detected bbox: [123 x 170 from (248, 177)]
I1014 15:49:21.613766  9551 work_detect.cpp:120] Succeeded to add det end for frame 119
I1014 15:49:21.613782  9551 work_thread.hpp:81]  [T-Work-Detect_0] Run work: WrokTrack
I1014 15:49:21.613806  9551 work_track.cpp:82] Frame: 119 build input_characts: [0.192188 x 0.472222 from (0.3875, 0.491667)], 1.00019, 0
I1014 15:49:21.613862  9551 work_track.cpp:102] Succeeded to set track lock for frame 119
I1014 15:49:21.613901  9551 work_track.cpp:116] Succeeded to release track lock for frame 119
I1014 15:49:21.613916  9551 work_track.cpp:120] Track results of frame 119: 1 objects input, 1 objects tracked!
I1014 15:49:21.613934  9551 work_track.cpp:148] Frame: 119, track bbox: [123 x 170 from (248.563, 175.418)], gid: 0, lid: 0
I1014 15:49:21.613970  9551 work_thread.hpp:87]  [T-Work-Detect_0] Frame :119 split
I1014 15:49:21.613987  9551 work_thread.hpp:120]  [T-Work-Detect_0] Valid piece: gid = 0
I1014 15:49:21.614006  9551 work_thread.hpp:91]  [T-Work-Detect_0] Push to split queue:recog
I1014 15:49:21.614054  9552 work_thread.hpp:81]  [T-Work-Recog_0] Run work: WorkCapture
I1014 15:49:21.614359  9554 thread_intergrate.hpp:78] [T-Intergrate-intergrate] queue: frame output frame :119
I1014 15:49:21.614388  9554 thread_intergrate.hpp:85] [T-Intergrate-intergrate] queue: compare output face:0
I1014 15:49:21.614408  9554 thread_intergrate.hpp:144] T-Intergrate-intergrate set matched face: 0
I1014 15:49:21.614598  9552 work_thread.hpp:81]  [T-Work-Recog_0] Run work: WorkRecog
I1014 15:49:21.614620  9552 work_recog.hpp:89] Face id: 0 will run recog: bbox [123 x 170 from (248, 177)] quality: 0.405864
I1014 15:49:21.614648  9552 work_recog.hpp:96] Recog pair: [176 x 224 from (224, 136)], [123 x 170 from (24, 41)]
I1014 15:49:21.616255  9554 thread_intergrate.hpp:188] T-Intergrate-intergrate Show face :0, size :640 * 360
I1014 15:49:21.617208  9550 demo_inner.hpp:435] thread [SORT-0]  frame id 119 sorting queue size 0   FPS: 29.902
I1014 15:49:21.632318  9552 work_thread.hpp:81]  [T-Work-Recog_0] Run work: WorkCompare
I1014 15:49:21.632781  9552 work_compare.cpp:76] Compare face: 0 successed, similarity :0.997325, name : images/ThangLMb.jpg, normal size : 1548 * 1719!
I1014 15:49:21.637624  9548 demo_inner.hpp:177] decode queue size 0
I1014 15:49:21.637722  9551 work_thread.hpp:81]  [T-Work-Detect_0] Run work: WorkDetect
I1014 15:49:21.637758  9551 work_detect.cpp:102] Succeeded to add det start for frame 120
I1014 15:49:21.644706  9551 work_detect.cpp:70] Frame :120 detect result :1 face(s)
I1014 15:49:21.644750  9551 work_detect.cpp:86] Detected bbox: [125 x 172 from (247, 176)]
I1014 15:49:21.644793  9551 work_detect.cpp:120] Succeeded to add det end for frame 120
I1014 15:49:21.644881  9551 work_thread.hpp:81]  [T-Work-Detect_0] Run work: WrokTrack
I1014 15:49:21.644908  9551 work_track.cpp:82] Frame: 120 build input_characts: [0.195312 x 0.477778 from (0.385938, 0.488889)], 1.00019, 0
I1014 15:49:21.644964  9551 work_track.cpp:102] Succeeded to set track lock for frame 120
I1014 15:49:21.645004  9551 work_track.cpp:116] Succeeded to release track lock for frame 120
I1014 15:49:21.645017  9551 work_track.cpp:120] Track results of frame 120: 1 objects input, 1 objects tracked!
I1014 15:49:21.645035  9551 work_track.cpp:148] Frame: 120, track bbox: [125 x 172 from (247.328, 176.093)], gid: 0, lid: 0
I1014 15:49:21.645071  9551 work_thread.hpp:87]  [T-Work-Detect_0] Frame :120 split
I1014 15:49:21.645089  9551 work_thread.hpp:120]  [T-Work-Detect_0] Valid piece: gid = 0
I1014 15:49:21.645107  9551 work_thread.hpp:91]  [T-Work-Detect_0] Push to split queue:recog
I1014 15:49:21.645156  9553 work_thread.hpp:81]  [T-Work-Recog_1] Run work: WorkCapture
I1014 15:49:21.645471  9554 thread_intergrate.hpp:78] [T-Intergrate-intergrate] queue: frame output frame :120
I1014 15:49:21.645500  9554 thread_intergrate.hpp:85] [T-Intergrate-intergrate] queue: compare output face:0
I1014 15:49:21.645519  9554 thread_intergrate.hpp:144] T-Intergrate-intergrate set matched face: 0
I1014 15:49:21.645699  9553 work_thread.hpp:81]  [T-Work-Recog_1] Run work: WorkRecog
I1014 15:49:21.645721  9553 work_recog.hpp:89] Face id: 0 will run recog: bbox [125 x 172 from (247, 176)] quality: 0.530952
I1014 15:49:21.645750  9553 work_recog.hpp:96] Recog pair: [184 x 224 from (216, 136)], [125 x 172 from (31, 40)]
I1014 15:49:21.647382  9554 thread_intergrate.hpp:188] T-Intergrate-intergrate Show face :0, size :640 * 360
I1014 15:49:21.648152  9550 demo_inner.hpp:435] thread [SORT-0]  frame id 120 sorting queue size 1   FPS: 29.9754
I1014 15:49:21.656419  9549 demo_inner.hpp:260]  gui queue size 1, state = running
I1014 15:49:21.663426  9553 work_thread.hpp:81]  [T-Work-Recog_1] Run work: WorkCompare
I1014 15:49:21.664005  9553 work_compare.cpp:76] Compare face: 0 successed, similarity :0.995785, name : images/ThangLMb.jpg, normal size : 1548 * 1719!
I1014 15:49:21.673002  9548 demo_inner.hpp:177] decode queue size 0
I1014 15:49:21.673102  9551 work_thread.hpp:81]  [T-Work-Detect_0] Run work: WorkDetect
I1014 15:49:21.673164  9551 work_detect.cpp:102] Succeeded to add det start for frame 121
I1014 15:49:21.679905  9551 work_detect.cpp:70] Frame :121 detect result :1 face(s)
I1014 15:49:21.679949  9551 work_detect.cpp:86] Detected bbox: [125 x 172 from (247, 176)]
I1014 15:49:21.679991  9551 work_detect.cpp:120] Succeeded to add det end for frame 121
I1014 15:49:21.680007  9551 work_thread.hpp:81]  [T-Work-Detect_0] Run work: WrokTrack
I1014 15:49:21.680032  9551 work_track.cpp:82] Frame: 121 build input_characts: [0.195312 x 0.477778 from (0.385938, 0.488889)], 1.00019, 0
I1014 15:49:21.680086  9551 work_track.cpp:102] Succeeded to set track lock for frame 121
I1014 15:49:21.680125  9551 work_track.cpp:116] Succeeded to release track lock for frame 121
I1014 15:49:21.680140  9551 work_track.cpp:120] Track results of frame 121: 1 objects input, 1 objects tracked!
I1014 15:49:21.680178  9551 work_track.cpp:148] Frame: 121, track bbox: [125 x 172 from (247.032, 177.544)], gid: 0, lid: 0
I1014 15:49:21.680217  9551 work_thread.hpp:87]  [T-Work-Detect_0] Frame :121 split
I1014 15:49:21.680234  9551 work_thread.hpp:120]  [T-Work-Detect_0] Valid piece: gid = 0
I1014 15:49:21.680253  9551 work_thread.hpp:91]  [T-Work-Detect_0] Push to split queue:recog
I1014 15:49:21.680303  9552 work_thread.hpp:81]  [T-Work-Recog_0] Run work: WorkCapture
I1014 15:49:21.680598  9554 thread_intergrate.hpp:78] [T-Intergrate-intergrate] queue: frame output frame :121
I1014 15:49:21.680627  9554 thread_intergrate.hpp:85] [T-Intergrate-intergrate] queue: compare output face:0
I1014 15:49:21.680646  9554 thread_intergrate.hpp:144] T-Intergrate-intergrate set matched face: 0
I1014 15:49:21.680843  9552 work_thread.hpp:81]  [T-Work-Recog_0] Run work: WorkRecog
I1014 15:49:21.680946  9552 work_recog.hpp:89] Face id: 0 will run recog: bbox [125 x 172 from (247, 176)] quality: 0.561922
I1014 15:49:21.680977  9552 work_recog.hpp:96] Recog pair: [184 x 224 from (216, 136)], [125 x 172 from (31, 40)]
I1014 15:49:21.682180  9554 thread_intergrate.hpp:188] T-Intergrate-intergrate Show face :0, size :640 * 360
I1014 15:49:21.682962  9550 demo_inner.hpp:435] thread [SORT-0]  frame id 121 sorting queue size 0   FPS: 29.9166
I1014 15:49:21.698339  9552 work_thread.hpp:81]  [T-Work-Recog_0] Run work: WorkCompare
I1014 15:49:21.698801  9552 work_compare.cpp:76] Compare face: 0 successed, similarity :0.997643, name : images/ThangLMb.jpg, normal size : 1548 * 1719!
I1014 15:49:21.708894  9548 demo_inner.hpp:177] decode queue size 0
I1014 15:49:21.708997  9551 work_thread.hpp:81]  [T-Work-Detect_0] Run work: WorkDetect
I1014 15:49:21.709033  9551 work_detect.cpp:102] Succeeded to add det start for frame 122
I1014 15:49:21.715611  9551 work_detect.cpp:70] Frame :122 detect result :1 face(s)
I1014 15:49:21.715665  9551 work_detect.cpp:86] Detected bbox: [124 x 167 from (249, 179)]
I1014 15:49:21.715708  9551 work_detect.cpp:120] Succeeded to add det end for frame 122
I1014 15:49:21.715723  9551 work_thread.hpp:81]  [T-Work-Detect_0] Run work: WrokTrack
I1014 15:49:21.715749  9551 work_track.cpp:82] Frame: 122 build input_characts: [0.19375 x 0.463889 from (0.389062, 0.497222)], 1.00019, 0
I1014 15:49:21.715802  9551 work_track.cpp:102] Succeeded to set track lock for frame 122
I1014 15:49:21.715842  9551 work_track.cpp:116] Succeeded to release track lock for frame 122
I1014 15:49:21.715857  9551 work_track.cpp:120] Track results of frame 122: 1 objects input, 1 objects tracked!
I1014 15:49:21.715874  9551 work_track.cpp:148] Frame: 122, track bbox: [124 x 167 from (248.276, 179.133)], gid: 0, lid: 0
I1014 15:49:21.715909  9551 work_thread.hpp:87]  [T-Work-Detect_0] Frame :122 split
I1014 15:49:21.715927  9551 work_thread.hpp:120]  [T-Work-Detect_0] Valid piece: gid = 0
I1014 15:49:21.715945  9551 work_thread.hpp:91]  [T-Work-Detect_0] Push to split queue:recog
I1014 15:49:21.715993  9552 work_thread.hpp:81]  [T-Work-Recog_0] Run work: WorkCapture
I1014 15:49:21.716312  9554 thread_intergrate.hpp:78] [T-Intergrate-intergrate] queue: frame output frame :122
I1014 15:49:21.716338  9554 thread_intergrate.hpp:85] [T-Intergrate-intergrate] queue: compare output face:0
I1014 15:49:21.716357  9554 thread_intergrate.hpp:144] T-Intergrate-intergrate set matched face: 0
I1014 15:49:21.716562  9552 work_thread.hpp:81]  [T-Work-Recog_0] Run work: WorkRecog
I1014 15:49:21.716586  9552 work_recog.hpp:89] Face id: 0 will run recog: bbox [124 x 167 from (249, 179)] quality: 0.472054
I1014 15:49:21.716615  9552 work_recog.hpp:96] Recog pair: [176 x 216 from (224, 144)], [124 x 167 from (25, 35)]
I1014 15:49:21.717875  9554 thread_intergrate.hpp:188] T-Intergrate-intergrate Show face :0, size :640 * 360
I1014 15:49:21.718554  9550 demo_inner.hpp:435] thread [SORT-0]  frame id 122 sorting queue size 1   FPS: 29.902
I1014 15:49:21.733999  9552 work_thread.hpp:81]  [T-Work-Recog_0] Run work: WorkCompare
I1014 15:49:21.734459  9552 work_compare.cpp:76] Compare face: 0 successed, similarity :0.994263, name : images/ThangLMb.jpg, normal size : 1548 * 1719!
I1014 15:49:21.739213  9548 demo_inner.hpp:177] decode queue size 0
I1014 15:49:21.739303  9551 work_thread.hpp:81]  [T-Work-Detect_0] Run work: WorkDetect
I1014 15:49:21.739338  9551 work_detect.cpp:102] Succeeded to add det start for frame 123
I1014 15:49:21.746125  9551 work_detect.cpp:70] Frame :123 detect result :1 face(s)
I1014 15:49:21.746172  9551 work_detect.cpp:86] Detected bbox: [137 x 179 from (242, 164)]
I1014 15:49:21.746214  9551 work_detect.cpp:120] Succeeded to add det end for frame 123
I1014 15:49:21.746232  9551 work_thread.hpp:81]  [T-Work-Detect_0] Run work: WrokTrack
I1014 15:49:21.746255  9551 work_track.cpp:82] Frame: 123 build input_characts: [0.214062 x 0.497222 from (0.378125, 0.455556)], 1.00019, 0
I1014 15:49:21.746310  9551 work_track.cpp:102] Succeeded to set track lock for frame 123
I1014 15:49:21.746423  9551 work_track.cpp:116] Succeeded to release track lock for frame 123
I1014 15:49:21.746438  9551 work_track.cpp:120] Track results of frame 123: 1 objects input, 1 objects tracked!
I1014 15:49:21.746456  9551 work_track.cpp:148] Frame: 123, track bbox: [137 x 179 from (241.933, 168.547)], gid: 0, lid: 0
I1014 15:49:21.746493  9551 work_thread.hpp:87]  [T-Work-Detect_0] Frame :123 split
I1014 15:49:21.746511  9551 work_thread.hpp:120]  [T-Work-Detect_0] Valid piece: gid = 0
I1014 15:49:21.746528  9551 work_thread.hpp:91]  [T-Work-Detect_0] Push to split queue:recog
I1014 15:49:21.746573  9552 work_thread.hpp:81]  [T-Work-Recog_0] Run work: WorkCapture
I1014 15:49:21.746865  9554 thread_intergrate.hpp:78] [T-Intergrate-intergrate] queue: frame output frame :123
I1014 15:49:21.746891  9554 thread_intergrate.hpp:85] [T-Intergrate-intergrate] queue: compare output face:0
I1014 15:49:21.746910  9554 thread_intergrate.hpp:144] T-Intergrate-intergrate set matched face: 0
I1014 15:49:21.747154  9552 work_thread.hpp:81]  [T-Work-Recog_0] Run work: WorkRecog
I1014 15:49:21.747179  9552 work_recog.hpp:89] Face id: 0 will run recog: bbox [137 x 179 from (242, 164)] quality: 0.411916
I1014 15:49:21.747206  9552 work_recog.hpp:96] Recog pair: [200 x 232 from (208, 128)], [137 x 179 from (34, 36)]
I1014 15:49:21.748406  9554 thread_intergrate.hpp:188] T-Intergrate-intergrate Show face :0, size :640 * 360
I1014 15:49:21.749213  9550 demo_inner.hpp:435] thread [SORT-0]  frame id 123 sorting queue size 2   FPS: 29.9902
I1014 15:49:21.751389  9549 demo_inner.hpp:260]  gui queue size 2, state = running
I1014 15:49:21.764798  9552 work_thread.hpp:81]  [T-Work-Recog_0] Run work: WorkCompare
I1014 15:49:21.765264  9552 work_compare.cpp:76] Compare face: 0 successed, similarity :0.99658, name : images/ThangLMb.jpg, normal size : 1548 * 1719!
I1014 15:49:21.774914  9548 demo_inner.hpp:177] decode queue size 0
I1014 15:49:21.775030  9551 work_thread.hpp:81]  [T-Work-Detect_0] Run work: WorkDetect
I1014 15:49:21.775065  9551 work_detect.cpp:102] Succeeded to add det start for frame 124
I1014 15:49:21.781719  9551 work_detect.cpp:70] Frame :124 detect result :1 face(s)
I1014 15:49:21.781764  9551 work_detect.cpp:86] Detected bbox: [147 x 185 from (242, 161)]
I1014 15:49:21.781807  9551 work_detect.cpp:120] Succeeded to add det end for frame 124
I1014 15:49:21.781823  9551 work_thread.hpp:81]  [T-Work-Detect_0] Run work: WrokTrack
I1014 15:49:21.781848  9551 work_track.cpp:82] Frame: 124 build input_characts: [0.229687 x 0.513889 from (0.378125, 0.447222)], 1.00019, 0
I1014 15:49:21.781903  9551 work_track.cpp:102] Succeeded to set track lock for frame 124
I1014 15:49:21.781944  9551 work_track.cpp:116] Succeeded to release track lock for frame 124
I1014 15:49:21.781960  9551 work_track.cpp:120] Track results of frame 124: 1 objects input, 1 objects tracked!
I1014 15:49:21.781977  9551 work_track.cpp:148] Frame: 124, track bbox: [147 x 185 from (239.9, 161.969)], gid: 0, lid: 0
I1014 15:49:21.782012  9551 work_thread.hpp:87]  [T-Work-Detect_0] Frame :124 split
I1014 15:49:21.782030  9551 work_thread.hpp:120]  [T-Work-Detect_0] Valid piece: gid = 0
I1014 15:49:21.782049  9551 work_thread.hpp:91]  [T-Work-Detect_0] Push to split queue:recog
I1014 15:49:21.782094  9552 work_thread.hpp:81]  [T-Work-Recog_0] Run work: WorkCapture
I1014 15:49:21.782383  9554 thread_intergrate.hpp:78] [T-Intergrate-intergrate] queue: frame output frame :124
I1014 15:49:21.782410  9554 thread_intergrate.hpp:85] [T-Intergrate-intergrate] queue: compare output face:0
I1014 15:49:21.782429  9554 thread_intergrate.hpp:144] T-Intergrate-intergrate set matched face: 0
I1014 15:49:21.782639  9552 work_thread.hpp:81]  [T-Work-Recog_0] Run work: WorkRecog
I1014 15:49:21.782662  9552 work_recog.hpp:89] Face id: 0 will run recog: bbox [147 x 185 from (242, 161)] quality: 0.480006
I1014 15:49:21.782691  9552 work_recog.hpp:96] Recog pair: [216 x 240 from (208, 120)], [147 x 185 from (34, 41)]
I1014 15:49:21.783938  9554 thread_intergrate.hpp:188] T-Intergrate-intergrate Show face :0, size :640 * 360
I1014 15:49:21.784683  9550 demo_inner.hpp:435] thread [SORT-0]  frame id 124 sorting queue size 0   FPS: 29.9166
I1014 15:49:21.800287  9552 work_thread.hpp:81]  [T-Work-Recog_0] Run work: WorkCompare
I1014 15:49:21.800751  9552 work_compare.cpp:76] Compare face: 0 successed, similarity :0.996093, name : images/ThangLMb.jpg, normal size : 1548 * 1719!
I1014 15:49:21.805387  9548 demo_inner.hpp:177] decode queue size 0
I1014 15:49:21.805478  9551 work_thread.hpp:81]  [T-Work-Detect_0] Run work: WorkDetect
I1014 15:49:21.805513  9551 work_detect.cpp:102] Succeeded to add det start for frame 125
I1014 15:49:21.812273  9551 work_detect.cpp:70] Frame :125 detect result :1 face(s)
I1014 15:49:21.812316  9551 work_detect.cpp:86] Detected bbox: [138 x 184 from (247, 170)]
I1014 15:49:21.812359  9551 work_detect.cpp:120] Succeeded to add det end for frame 125
I1014 15:49:21.812374  9551 work_thread.hpp:81]  [T-Work-Detect_0] Run work: WrokTrack
I1014 15:49:21.812400  9551 work_track.cpp:82] Frame: 125 build input_characts: [0.215625 x 0.511111 from (0.385938, 0.472222)], 0.999597, 0
I1014 15:49:21.812455  9551 work_track.cpp:102] Succeeded to set track lock for frame 125
I1014 15:49:21.812495  9551 work_track.cpp:116] Succeeded to release track lock for frame 125
I1014 15:49:21.812510  9551 work_track.cpp:120] Track results of frame 125: 1 objects input, 1 objects tracked!
I1014 15:49:21.812527  9551 work_track.cpp:148] Frame: 125, track bbox: [138 x 184 from (246.569, 164.802)], gid: 0, lid: 0
I1014 15:49:21.812563  9551 work_thread.hpp:87]  [T-Work-Detect_0] Frame :125 split
I1014 15:49:21.812582  9551 work_thread.hpp:120]  [T-Work-Detect_0] Valid piece: gid = 0
I1014 15:49:21.812599  9551 work_thread.hpp:91]  [T-Work-Detect_0] Push to split queue:recog
I1014 15:49:21.812642  9554 thread_intergrate.hpp:78] [T-Intergrate-intergrate] queue: frame output frame :125
I1014 15:49:21.812650  9553 work_thread.hpp:81]  [T-Work-Recog_1] Run work: WorkCapture
I1014 15:49:21.812669  9554 thread_intergrate.hpp:85] [T-Intergrate-intergrate] queue: compare output face:0
I1014 15:49:21.812687  9554 thread_intergrate.hpp:144] T-Intergrate-intergrate set matched face: 0
I1014 15:49:21.813220  9553 work_thread.hpp:81]  [T-Work-Recog_1] Run work: WorkRecog
I1014 15:49:21.813246  9553 work_recog.hpp:89] Face id: 0 will run recog: bbox [138 x 184 from (247, 170)] quality: 0.457699
I1014 15:49:21.813277  9553 work_recog.hpp:96] Recog pair: [200 x 232 from (216, 128)], [138 x 184 from (31, 42)]
I1014 15:49:21.814136  9554 thread_intergrate.hpp:188] T-Intergrate-intergrate Show face :0, size :640 * 360
I1014 15:49:21.814792  9550 demo_inner.hpp:435] thread [SORT-0]  frame id 125 sorting queue size 1   FPS: 29.9902
I1014 15:49:21.818557  9549 demo_inner.hpp:260]  gui queue size 1, state = running
I1014 15:49:21.830864  9553 work_thread.hpp:81]  [T-Work-Recog_1] Run work: WorkCompare
I1014 15:49:21.831336  9553 work_compare.cpp:76] Compare face: 0 successed, similarity :0.994772, name : images/ThangLMb.jpg, normal size : 1548 * 1719!
I1014 15:49:21.840929  9548 demo_inner.hpp:177] decode queue size 0
I1014 15:49:21.841040  9551 work_thread.hpp:81]  [T-Work-Detect_0] Run work: WorkDetect
I1014 15:49:21.841078  9551 work_detect.cpp:102] Succeeded to add det start for frame 126
I1014 15:49:21.847689  9551 work_detect.cpp:70] Frame :126 detect result :1 face(s)
I1014 15:49:21.847733  9551 work_detect.cpp:86] Detected bbox: [148 x 188 from (242, 159)]
I1014 15:49:21.847776  9551 work_detect.cpp:120] Succeeded to add det end for frame 126
I1014 15:49:21.847792  9551 work_thread.hpp:81]  [T-Work-Detect_0] Run work: WrokTrack
I1014 15:49:21.847817  9551 work_track.cpp:82] Frame: 126 build input_characts: [0.23125 x 0.522222 from (0.378125, 0.441667)], 1.00019, 0
I1014 15:49:21.847872  9551 work_track.cpp:102] Succeeded to set track lock for frame 126
I1014 15:49:21.847911  9551 work_track.cpp:116] Succeeded to release track lock for frame 126
I1014 15:49:21.847925  9551 work_track.cpp:120] Track results of frame 126: 1 objects input, 1 objects tracked!
I1014 15:49:21.848017  9551 work_track.cpp:148] Frame: 126, track bbox: [148 x 188 from (242.833, 160.446)], gid: 0, lid: 0
I1014 15:49:21.848057  9551 work_thread.hpp:87]  [T-Work-Detect_0] Frame :126 split
I1014 15:49:21.848073  9551 work_thread.hpp:120]  [T-Work-Detect_0] Valid piece: gid = 0
I1014 15:49:21.848091  9551 work_thread.hpp:91]  [T-Work-Detect_0] Push to split queue:recog
I1014 15:49:21.848137  9553 work_thread.hpp:81]  [T-Work-Recog_1] Run work: WorkCapture
I1014 15:49:21.848441  9554 thread_intergrate.hpp:78] [T-Intergrate-intergrate] queue: frame output frame :126
I1014 15:49:21.848467  9554 thread_intergrate.hpp:85] [T-Intergrate-intergrate] queue: compare output face:0
I1014 15:49:21.848486  9554 thread_intergrate.hpp:144] T-Intergrate-intergrate set matched face: 0
I1014 15:49:21.848706  9553 work_thread.hpp:81]  [T-Work-Recog_1] Run work: WorkRecog
I1014 15:49:21.848731  9553 work_recog.hpp:89] Face id: 0 will run recog: bbox [148 x 188 from (242, 159)] quality: 0.479613
I1014 15:49:21.848759  9553 work_recog.hpp:96] Recog pair: [216 x 240 from (208, 120)], [148 x 188 from (34, 39)]
I1014 15:49:21.850030  9554 thread_intergrate.hpp:188] T-Intergrate-intergrate Show face :0, size :640 * 360
I1014 15:49:21.850719  9550 demo_inner.hpp:435] thread [SORT-0]  frame id 126 sorting queue size 0   FPS: 29.902
I1014 15:49:21.866291  9553 work_thread.hpp:81]  [T-Work-Recog_1] Run work: WorkCompare
I1014 15:49:21.866757  9553 work_compare.cpp:76] Compare face: 0 successed, similarity :0.996352, name : images/ThangLMb.jpg, normal size : 1548 * 1719!
I1014 15:49:21.871704  9548 demo_inner.hpp:177] decode queue size 0
I1014 15:49:21.871794  9551 work_thread.hpp:81]  [T-Work-Detect_0] Run work: WorkDetect
I1014 15:49:21.871829  9551 work_detect.cpp:102] Succeeded to add det start for frame 127
I1014 15:49:21.878571  9551 work_detect.cpp:70] Frame :127 detect result :1 face(s)
I1014 15:49:21.878616  9551 work_detect.cpp:86] Detected bbox: [138 x 184 from (248, 170)]
I1014 15:49:21.878659  9551 work_detect.cpp:120] Succeeded to add det end for frame 127
I1014 15:49:21.878674  9551 work_thread.hpp:81]  [T-Work-Detect_0] Run work: WrokTrack
I1014 15:49:21.878698  9551 work_track.cpp:82] Frame: 127 build input_characts: [0.215625 x 0.511111 from (0.3875, 0.472222)], 0.999597, 0
I1014 15:49:21.878753  9551 work_track.cpp:102] Succeeded to set track lock for frame 127
I1014 15:49:21.878793  9551 work_track.cpp:116] Succeeded to release track lock for frame 127
I1014 15:49:21.878806  9551 work_track.cpp:120] Track results of frame 127: 1 objects input, 1 objects tracked!
I1014 15:49:21.878824  9551 work_track.cpp:148] Frame: 127, track bbox: [138 x 184 from (248.722, 166.082)], gid: 0, lid: 0
I1014 15:49:21.878860  9551 work_thread.hpp:87]  [T-Work-Detect_0] Frame :127 split
I1014 15:49:21.878878  9551 work_thread.hpp:120]  [T-Work-Detect_0] Valid piece: gid = 0
I1014 15:49:21.878896  9551 work_thread.hpp:91]  [T-Work-Detect_0] Push to split queue:recog
I1014 15:49:21.878943  9552 work_thread.hpp:81]  [T-Work-Recog_0] Run work: WorkCapture
I1014 15:49:21.879235  9554 thread_intergrate.hpp:78] [T-Intergrate-intergrate] queue: frame output frame :127
I1014 15:49:21.879261  9554 thread_intergrate.hpp:85] [T-Intergrate-intergrate] queue: compare output face:0
I1014 15:49:21.879279  9554 thread_intergrate.hpp:144] T-Intergrate-intergrate set matched face: 0
I1014 15:49:21.879494  9552 work_thread.hpp:81]  [T-Work-Recog_0] Run work: WorkRecog
I1014 15:49:21.879518  9552 work_recog.hpp:89] Face id: 0 will run recog: bbox [138 x 184 from (248, 170)] quality: 0.44894
I1014 15:49:21.879547  9552 work_recog.hpp:96] Recog pair: [200 x 232 from (216, 128)], [138 x 184 from (32, 42)]
I1014 15:49:21.880939  9554 thread_intergrate.hpp:188] T-Intergrate-intergrate Show face :0, size :640 * 360
I1014 15:49:21.881604  9550 demo_inner.hpp:435] thread [SORT-0]  frame id 127 sorting queue size 1   FPS: 29.9754
I1014 15:49:21.890805  9549 demo_inner.hpp:260]  gui queue size 1, state = running
I1014 15:49:21.897511  9552 work_thread.hpp:81]  [T-Work-Recog_0] Run work: WorkCompare
I1014 15:49:21.898090  9552 work_compare.cpp:76] Compare face: 0 successed, similarity :0.994805, name : images/ThangLMb.jpg, normal size : 1548 * 1719!
I1014 15:49:21.907045  9548 demo_inner.hpp:177] decode queue size 0
I1014 15:49:21.907160  9551 work_thread.hpp:81]  [T-Work-Detect_0] Run work: WorkDetect
I1014 15:49:21.907193  9551 work_detect.cpp:102] Succeeded to add det start for frame 128
I1014 15:49:21.913904  9551 work_detect.cpp:70] Frame :128 detect result :1 face(s)
I1014 15:49:21.913949  9551 work_detect.cpp:86] Detected bbox: [133 x 180 from (250, 172)]
I1014 15:49:21.913992  9551 work_detect.cpp:120] Succeeded to add det end for frame 128
I1014 15:49:21.914008  9551 work_thread.hpp:81]  [T-Work-Detect_0] Run work: WrokTrack
I1014 15:49:21.914032  9551 work_track.cpp:82] Frame: 128 build input_characts: [0.207813 x 0.5 from (0.390625, 0.477778)], 0.999183, 0
I1014 15:49:21.914088  9551 work_track.cpp:102] Succeeded to set track lock for frame 128
I1014 15:49:21.914129  9551 work_track.cpp:116] Succeeded to release track lock for frame 128
I1014 15:49:21.914142  9551 work_track.cpp:120] Track results of frame 128: 1 objects input, 1 objects tracked!
I1014 15:49:21.914160  9551 work_track.cpp:148] Frame: 128, track bbox: [133 x 180 from (251.218, 171.841)], gid: 0, lid: 0
I1014 15:49:21.914196  9551 work_thread.hpp:87]  [T-Work-Detect_0] Frame :128 split
I1014 15:49:21.914214  9551 work_thread.hpp:120]  [T-Work-Detect_0] Valid piece: gid = 0
I1014 15:49:21.914232  9551 work_thread.hpp:91]  [T-Work-Detect_0] Push to split queue:recog
I1014 15:49:21.914283  9553 work_thread.hpp:81]  [T-Work-Recog_1] Run work: WorkCapture
I1014 15:49:21.914579  9554 thread_intergrate.hpp:78] [T-Intergrate-intergrate] queue: frame output frame :128
I1014 15:49:21.914607  9554 thread_intergrate.hpp:85] [T-Intergrate-intergrate] queue: compare output face:0
I1014 15:49:21.914626  9554 thread_intergrate.hpp:144] T-Intergrate-intergrate set matched face: 0
I1014 15:49:21.914821  9553 work_thread.hpp:81]  [T-Work-Recog_1] Run work: WorkRecog
I1014 15:49:21.914845  9553 work_recog.hpp:89] Face id: 0 will run recog: bbox [133 x 180 from (250, 172)] quality: 0.44894
I1014 15:49:21.914873  9553 work_recog.hpp:96] Recog pair: [192 x 224 from (224, 136)], [133 x 180 from (26, 36)]
I1014 15:49:21.916213  9554 thread_intergrate.hpp:188] T-Intergrate-intergrate Show face :0, size :640 * 360
I1014 15:49:21.916882  9550 demo_inner.hpp:435] thread [SORT-0]  frame id 128 sorting queue size 0   FPS: 29.9166
I1014 15:49:21.932324  9553 work_thread.hpp:81]  [T-Work-Recog_1] Run work: WorkCompare
I1014 15:49:21.932787  9553 work_compare.cpp:76] Compare face: 0 successed, similarity :0.994053, name : images/ThangLMb.jpg, normal size : 1548 * 1719!
I1014 15:49:21.942953  9548 demo_inner.hpp:177] decode queue size 0
I1014 15:49:21.943050  9551 work_thread.hpp:81]  [T-Work-Detect_0] Run work: WorkDetect
I1014 15:49:21.943084  9551 work_detect.cpp:102] Succeeded to add det start for frame 129
I1014 15:49:21.949676  9551 work_detect.cpp:70] Frame :129 detect result :1 face(s)
I1014 15:49:21.949714  9551 work_detect.cpp:86] Detected bbox: [137 x 183 from (242, 162)]
I1014 15:49:21.949756  9551 work_detect.cpp:120] Succeeded to add det end for frame 129
I1014 15:49:21.949772  9551 work_thread.hpp:81]  [T-Work-Detect_0] Run work: WrokTrack
I1014 15:49:21.949797  9551 work_track.cpp:82] Frame: 129 build input_characts: [0.214062 x 0.508333 from (0.378125, 0.45)], 1.00019, 0
I1014 15:49:21.949852  9551 work_track.cpp:102] Succeeded to set track lock for frame 129
I1014 15:49:21.949892  9551 work_track.cpp:116] Succeeded to release track lock for frame 129
I1014 15:49:21.949905  9551 work_track.cpp:120] Track results of frame 129: 1 objects input, 1 objects tracked!
I1014 15:49:21.949923  9551 work_track.cpp:148] Frame: 129, track bbox: [137 x 183 from (245.152, 166.816)], gid: 0, lid: 0
I1014 15:49:21.949957  9551 work_thread.hpp:87]  [T-Work-Detect_0] Frame :129 split
I1014 15:49:21.950049  9551 work_thread.hpp:120]  [T-Work-Detect_0] Valid piece: gid = 0
I1014 15:49:21.950069  9551 work_thread.hpp:91]  [T-Work-Detect_0] Push to split queue:recog
I1014 15:49:21.950122  9553 work_thread.hpp:81]  [T-Work-Recog_1] Run work: WorkCapture
I1014 15:49:21.950417  9554 thread_intergrate.hpp:78] [T-Intergrate-intergrate] queue: frame output frame :129
I1014 15:49:21.950443  9554 thread_intergrate.hpp:85] [T-Intergrate-intergrate] queue: compare output face:0
I1014 15:49:21.950462  9554 thread_intergrate.hpp:144] T-Intergrate-intergrate set matched face: 0
I1014 15:49:21.950670  9553 work_thread.hpp:81]  [T-Work-Recog_1] Run work: WorkRecog
I1014 15:49:21.950692  9553 work_recog.hpp:89] Face id: 0 will run recog: bbox [137 x 183 from (242, 162)] quality: 0.440152
I1014 15:49:21.950722  9553 work_recog.hpp:96] Recog pair: [200 x 240 from (208, 120)], [137 x 183 from (34, 42)]
I1014 15:49:21.952028  9554 thread_intergrate.hpp:188] T-Intergrate-intergrate Show face :0, size :640 * 360
I1014 15:49:21.952841  9550 demo_inner.hpp:435] thread [SORT-0]  frame id 129 sorting queue size 1   FPS: 29.902
I1014 15:49:21.968114  9553 work_thread.hpp:81]  [T-Work-Recog_1] Run work: WorkCompare
I1014 15:49:21.968590  9553 work_compare.cpp:76] Compare face: 0 successed, similarity :0.997289, name : images/ThangLMb.jpg, normal size : 1548 * 1719!
I1014 15:49:21.969496  9549 demo_inner.hpp:260]  gui queue size 1, state = running
I1014 15:49:21.975260  9548 demo_inner.hpp:177] decode queue size 0
I1014 15:49:21.975363  9551 work_thread.hpp:81]  [T-Work-Detect_0] Run work: WorkDetect
I1014 15:49:21.975395  9551 work_detect.cpp:102] Succeeded to add det start for frame 130
I1014 15:49:21.982254  9551 work_detect.cpp:70] Frame :130 detect result :1 face(s)
I1014 15:49:21.982295  9551 work_detect.cpp:86] Detected bbox: [135 x 180 from (243, 163)]
I1014 15:49:21.982337  9551 work_detect.cpp:120] Succeeded to add det end for frame 130
I1014 15:49:21.982353  9551 work_thread.hpp:81]  [T-Work-Detect_0] Run work: WrokTrack
I1014 15:49:21.982378  9551 work_track.cpp:82] Frame: 130 build input_characts: [0.210938 x 0.5 from (0.379687, 0.452778)], 1.00019, 0
I1014 15:49:21.982434  9551 work_track.cpp:102] Succeeded to set track lock for frame 130
I1014 15:49:21.982473  9551 work_track.cpp:116] Succeeded to release track lock for frame 130
I1014 15:49:21.982487  9551 work_track.cpp:120] Track results of frame 130: 1 objects input, 1 objects tracked!
I1014 15:49:21.982507  9551 work_track.cpp:148] Frame: 130, track bbox: [135 x 180 from (243.776, 164.489)], gid: 0, lid: 0
I1014 15:49:21.982542  9551 work_thread.hpp:87]  [T-Work-Detect_0] Frame :130 split
I1014 15:49:21.982560  9551 work_thread.hpp:120]  [T-Work-Detect_0] Valid piece: gid = 0
I1014 15:49:21.982579  9551 work_thread.hpp:91]  [T-Work-Detect_0] Push to split queue:recog
I1014 15:49:21.982628  9553 work_thread.hpp:81]  [T-Work-Recog_1] Run work: WorkCapture
I1014 15:49:21.982921  9554 thread_intergrate.hpp:78] [T-Intergrate-intergrate] queue: frame output frame :130
I1014 15:49:21.982949  9554 thread_intergrate.hpp:85] [T-Intergrate-intergrate] queue: compare output face:0
I1014 15:49:21.982966  9554 thread_intergrate.hpp:144] T-Intergrate-intergrate set matched face: 0
I1014 15:49:21.983177  9553 work_thread.hpp:81]  [T-Work-Recog_1] Run work: WorkRecog
I1014 15:49:21.983201  9553 work_recog.hpp:89] Face id: 0 will run recog: bbox [135 x 180 from (243, 163)] quality: 0.412031
I1014 15:49:21.983229  9553 work_recog.hpp:96] Recog pair: [192 x 240 from (216, 120)], [135 x 180 from (27, 43)]
I1014 15:49:21.984544  9554 thread_intergrate.hpp:188] T-Intergrate-intergrate Show face :0, size :640 * 360
I1014 15:49:21.985148  9550 demo_inner.hpp:435] thread [SORT-0]  frame id 130 sorting queue size 0   FPS: 29.9607
I1014 15:49:22.000744  9553 work_thread.hpp:81]  [T-Work-Recog_1] Run work: WorkCompare
I1014 15:49:22.001204  9553 work_compare.cpp:76] Compare face: 0 successed, similarity :0.996724, name : images/ThangLMb.jpg, normal size : 1548 * 1719!
I1014 15:49:22.011184  9548 demo_inner.hpp:177] decode queue size 0
I1014 15:49:22.011286  9551 work_thread.hpp:81]  [T-Work-Detect_0] Run work: WorkDetect
I1014 15:49:22.011320  9551 work_detect.cpp:102] Succeeded to add det start for frame 131
I1014 15:49:22.018177  9551 work_detect.cpp:70] Frame :131 detect result :1 face(s)
I1014 15:49:22.018229  9551 work_detect.cpp:86] Detected bbox: [124 x 169 from (249, 178)]
I1014 15:49:22.018271  9551 work_detect.cpp:120] Succeeded to add det end for frame 131
I1014 15:49:22.018287  9551 work_thread.hpp:81]  [T-Work-Detect_0] Run work: WrokTrack
I1014 15:49:22.018312  9551 work_track.cpp:82] Frame: 131 build input_characts: [0.19375 x 0.469444 from (0.389062, 0.494444)], 1.00019, 0
I1014 15:49:22.018368  9551 work_track.cpp:102] Succeeded to set track lock for frame 131
I1014 15:49:22.018407  9551 work_track.cpp:116] Succeeded to release track lock for frame 131
I1014 15:49:22.018422  9551 work_track.cpp:120] Track results of frame 131: 1 objects input, 1 objects tracked!
I1014 15:49:22.018440  9551 work_track.cpp:148] Frame: 131, track bbox: [124 x 169 from (247.997, 174.022)], gid: 0, lid: 0
I1014 15:49:22.018476  9551 work_thread.hpp:87]  [T-Work-Detect_0] Frame :131 split
I1014 15:49:22.018494  9551 work_thread.hpp:120]  [T-Work-Detect_0] Valid piece: gid = 0
