I1014 14:12:37.144330  7469 work_thread.hpp:81]  [T-Work-Detect_0] Run work: WrokTrack
I1014 14:12:37.144357  7469 work_track.cpp:102] Succeeded to set track lock for frame 115
I1014 14:12:37.144384  7469 work_track.cpp:116] Succeeded to release track lock for frame 115
I1014 14:12:37.144397  7469 work_track.cpp:120] Track results of frame 115: 0 objects input, 0 objects tracked!
I1014 14:12:37.144417  7469 work_thread.hpp:87]  [T-Work-Detect_0] Frame :115 split
I1014 14:12:37.144459  7472 thread_intergrate.hpp:78] [T-Intergrate-intergrate] queue: frame output frame :115
I1014 14:12:37.145956  7468 demo_inner.hpp:435] thread [SORT-0]  frame id 115 sorting queue size 0   FPS: 28.1964
I1014 14:12:37.179324  7466 demo_inner.hpp:177] decode queue size 0
I1014 14:12:37.179435  7469 work_thread.hpp:81]  [T-Work-Detect_0] Run work: WorkDetect
I1014 14:12:37.179469  7469 work_detect.cpp:102] Succeeded to add det start for frame 116
I1014 14:12:37.185834  7469 work_detect.cpp:70] Frame :116 detect result :0 face(s)
I1014 14:12:37.185885  7469 work_detect.cpp:120] Succeeded to add det end for frame 116
I1014 14:12:37.185902  7469 work_thread.hpp:81]  [T-Work-Detect_0] Run work: WrokTrack
I1014 14:12:37.185927  7469 work_track.cpp:102] Succeeded to set track lock for frame 116
I1014 14:12:37.185953  7469 work_track.cpp:116] Succeeded to release track lock for frame 116
I1014 14:12:37.185967  7469 work_track.cpp:120] Track results of frame 116: 0 objects input, 0 objects tracked!
I1014 14:12:37.185986  7469 work_thread.hpp:87]  [T-Work-Detect_0] Frame :116 split
I1014 14:12:37.186026  7472 thread_intergrate.hpp:78] [T-Intergrate-intergrate] queue: frame output frame :116
I1014 14:12:37.187490  7468 demo_inner.hpp:435] thread [SORT-0]  frame id 116 sorting queue size 1   FPS: 28.0464
I1014 14:12:37.201158  7467 demo_inner.hpp:260]  gui queue size 1, state = running
I1014 14:12:37.227435  7466 demo_inner.hpp:177] decode queue size 0
I1014 14:12:37.227530  7469 work_thread.hpp:81]  [T-Work-Detect_0] Run work: WorkDetect
I1014 14:12:37.227648  7469 work_detect.cpp:102] Succeeded to add det start for frame 117
I1014 14:12:37.234014  7469 work_detect.cpp:70] Frame :117 detect result :0 face(s)
I1014 14:12:37.234071  7469 work_detect.cpp:120] Succeeded to add det end for frame 117
I1014 14:12:37.234087  7469 work_thread.hpp:81]  [T-Work-Detect_0] Run work: WrokTrack
I1014 14:12:37.234115  7469 work_track.cpp:102] Succeeded to set track lock for frame 117
I1014 14:12:37.234143  7469 work_track.cpp:116] Succeeded to release track lock for frame 117
I1014 14:12:37.234158  7469 work_track.cpp:120] Track results of frame 117: 0 objects input, 0 objects tracked!
I1014 14:12:37.234176  7469 work_thread.hpp:87]  [T-Work-Detect_0] Frame :117 split
I1014 14:12:37.234226  7472 thread_intergrate.hpp:78] [T-Intergrate-intergrate] queue: frame output frame :117
I1014 14:12:37.235674  7468 demo_inner.hpp:435] thread [SORT-0]  frame id 117 sorting queue size 0   FPS: 39.0047
I1014 14:12:37.273491  7467 demo_inner.hpp:260]  gui queue size 0, state = running
I1014 14:12:37.275722  7466 demo_inner.hpp:177] decode queue size 0
I1014 14:12:37.275861  7469 work_thread.hpp:81]  [T-Work-Detect_0] Run work: WorkDetect
I1014 14:12:37.275900  7469 work_detect.cpp:102] Succeeded to add det start for frame 118
I1014 14:12:37.282248  7469 work_detect.cpp:70] Frame :118 detect result :0 face(s)
I1014 14:12:37.282313  7469 work_detect.cpp:120] Succeeded to add det end for frame 118
I1014 14:12:37.282331  7469 work_thread.hpp:81]  [T-Work-Detect_0] Run work: WrokTrack
I1014 14:12:37.282358  7469 work_track.cpp:102] Succeeded to set track lock for frame 118
I1014 14:12:37.282385  7469 work_track.cpp:116] Succeeded to release track lock for frame 118
I1014 14:12:37.282399  7469 work_track.cpp:120] Track results of frame 118: 0 objects input, 0 objects tracked!
I1014 14:12:37.282418  7469 work_thread.hpp:87]  [T-Work-Detect_0] Frame :118 split
I1014 14:12:37.282480  7472 thread_intergrate.hpp:78] [T-Intergrate-intergrate] queue: frame output frame :118
I1014 14:12:37.283999  7468 demo_inner.hpp:435] thread [SORT-0]  frame id 118 sorting queue size 0   FPS: 38.4365
I1014 14:12:37.329481  7466 demo_inner.hpp:177] decode queue size 0
I1014 14:12:37.329617  7469 work_thread.hpp:81]  [T-Work-Detect_0] Run work: WorkDetect
I1014 14:12:37.329651  7469 work_detect.cpp:102] Succeeded to add det start for frame 119
I1014 14:12:37.336323  7469 work_detect.cpp:70] Frame :119 detect result :1 face(s)
I1014 14:12:37.336376  7469 work_detect.cpp:86] Detected bbox: [169 x 217 from (375, 138)]
I1014 14:12:37.336419  7469 work_detect.cpp:120] Succeeded to add det end for frame 119
I1014 14:12:37.336436  7469 work_thread.hpp:81]  [T-Work-Detect_0] Run work: WrokTrack
I1014 14:12:37.336460  7469 work_track.cpp:82] Frame: 119 build input_characts: [0.264062 x 0.602778 from (0.585938, 0.383333)], 0.981359, 0
I1014 14:12:37.336520  7469 work_track.cpp:102] Succeeded to set track lock for frame 119
I1014 14:12:37.336611  7469 work_track.cpp:116] Succeeded to release track lock for frame 119
I1014 14:12:37.336627  7469 work_track.cpp:120] Track results of frame 119: 1 objects input, 0 objects tracked!
I1014 14:12:37.336644  7469 work_track.cpp:162] Frame: 119 lid: 0 not tracked, will set invalid
I1014 14:12:37.336660  7469 work_thread.hpp:87]  [T-Work-Detect_0] Frame :119 split
I1014 14:12:37.336678  7469 work_thread.hpp:123]  [T-Work-Detect_0] Invalid piece: lid = 0, drop it
I1014 14:12:37.336724  7472 thread_intergrate.hpp:78] [T-Intergrate-intergrate] queue: frame output frame :119
I1014 14:12:37.338217  7468 demo_inner.hpp:435] thread [SORT-0]  frame id 119 sorting queue size 1   FPS: 37.7596
I1014 14:12:37.373975  7467 demo_inner.hpp:260]  gui queue size 1, state = running
I1014 14:12:37.377645  7466 demo_inner.hpp:177] decode queue size 0
I1014 14:12:37.377753  7469 work_thread.hpp:81]  [T-Work-Detect_0] Run work: WorkDetect
I1014 14:12:37.377787  7469 work_detect.cpp:102] Succeeded to add det start for frame 120
I1014 14:12:37.384297  7469 work_detect.cpp:70] Frame :120 detect result :1 face(s)
I1014 14:12:37.384416  7469 work_detect.cpp:86] Detected bbox: [165 x 211 from (387, 132)]
I1014 14:12:37.384462  7469 work_detect.cpp:120] Succeeded to add det end for frame 120
I1014 14:12:37.384479  7469 work_thread.hpp:81]  [T-Work-Detect_0] Run work: WrokTrack
I1014 14:12:37.384502  7469 work_track.cpp:82] Frame: 120 build input_characts: [0.257812 x 0.586111 from (0.604688, 0.366667)], 0.969352, 0
I1014 14:12:37.384557  7469 work_track.cpp:102] Succeeded to set track lock for frame 120
I1014 14:12:37.384632  7469 work_track.cpp:116] Succeeded to release track lock for frame 120
I1014 14:12:37.384647  7469 work_track.cpp:120] Track results of frame 120: 1 objects input, 0 objects tracked!
I1014 14:12:37.384665  7469 work_track.cpp:162] Frame: 120 lid: 0 not tracked, will set invalid
I1014 14:12:37.384681  7469 work_thread.hpp:87]  [T-Work-Detect_0] Frame :120 split
I1014 14:12:37.384699  7469 work_thread.hpp:123]  [T-Work-Detect_0] Invalid piece: lid = 0, drop it
I1014 14:12:37.384758  7472 thread_intergrate.hpp:78] [T-Intergrate-intergrate] queue: frame output frame :120
I1014 14:12:37.386230  7468 demo_inner.hpp:435] thread [SORT-0]  frame id 120 sorting queue size 0   FPS: 37.2633
I1014 14:12:37.427471  7466 demo_inner.hpp:177] decode queue size 0
I1014 14:12:37.427589  7469 work_thread.hpp:81]  [T-Work-Detect_0] Run work: WorkDetect
I1014 14:12:37.427626  7469 work_detect.cpp:102] Succeeded to add det start for frame 121
I1014 14:12:37.434155  7469 work_detect.cpp:70] Frame :121 detect result :1 face(s)
I1014 14:12:37.434192  7469 work_detect.cpp:86] Detected bbox: [166 x 217 from (380, 128)]
I1014 14:12:37.434234  7469 work_detect.cpp:120] Succeeded to add det end for frame 121
I1014 14:12:37.434250  7469 work_thread.hpp:81]  [T-Work-Detect_0] Run work: WrokTrack
I1014 14:12:37.434275  7469 work_track.cpp:82] Frame: 121 build input_characts: [0.259375 x 0.602778 from (0.59375, 0.355556)], 0.987905, 0
I1014 14:12:37.434331  7469 work_track.cpp:102] Succeeded to set track lock for frame 121
I1014 14:12:37.434391  7469 work_track.cpp:116] Succeeded to release track lock for frame 121
I1014 14:12:37.434406  7469 work_track.cpp:120] Track results of frame 121: 1 objects input, 1 objects tracked!
I1014 14:12:37.434424  7469 work_track.cpp:148] Frame: 121, track bbox: [166 x 217 from (382.715, 126.637)], gid: 0, lid: 0
I1014 14:12:37.434461  7469 work_thread.hpp:87]  [T-Work-Detect_0] Frame :121 split
I1014 14:12:37.434479  7469 work_thread.hpp:119]  [T-Work-Detect_0] Valid piece: gid = 0
I1014 14:12:37.434497  7469 work_thread.hpp:91]  [T-Work-Detect_0] Push to split queue:recog
I1014 14:12:37.434556  7470 work_thread.hpp:81]  [T-Work-Recog_0] Run work: WorkCapture
I1014 14:12:37.435647  7472 thread_intergrate.hpp:78] [T-Intergrate-intergrate] queue: frame output frame :121
I1014 14:12:37.436012  7470 work_thread.hpp:81]  [T-Work-Recog_0] Run work: WorkRecog
I1014 14:12:37.436038  7470 work_recog.hpp:89] Face id: 0 will run recog: bbox [166 x 217 from (380, 128)] quality: 0.44717
I1014 14:12:37.436072  7470 work_recog.hpp:96] Recog pair: [240 x 280 from (344, 80)], [166 x 217 from (36, 48)]
I1014 14:12:37.437422  7468 demo_inner.hpp:435] thread [SORT-0]  frame id 121 sorting queue size 1   FPS: 36.7299
I1014 14:12:37.441759  7467 demo_inner.hpp:260]  gui queue size 1, state = running
I1014 14:12:37.454017  7470 work_thread.hpp:81]  [T-Work-Recog_0] Run work: WorkCompare
I1014 14:12:37.454577  7470 work_compare.cpp:71] Compare face: 0 failed
I1014 14:12:37.487293  7466 demo_inner.hpp:177] decode queue size 0
I1014 14:12:37.487391  7469 work_thread.hpp:81]  [T-Work-Detect_0] Run work: WorkDetect
I1014 14:12:37.487428  7469 work_detect.cpp:102] Succeeded to add det start for frame 122
I1014 14:12:37.493983  7469 work_detect.cpp:70] Frame :122 detect result :1 face(s)
I1014 14:12:37.494029  7469 work_detect.cpp:86] Detected bbox: [158 x 206 from (389, 124)]
I1014 14:12:37.494073  7469 work_detect.cpp:120] Succeeded to add det end for frame 122
I1014 14:12:37.494163  7469 work_thread.hpp:81]  [T-Work-Detect_0] Run work: WrokTrack
I1014 14:12:37.494190  7469 work_track.cpp:82] Frame: 122 build input_characts: [0.246875 x 0.572222 from (0.607813, 0.344444)], 0.963784, 0
I1014 14:12:37.494246  7469 work_track.cpp:102] Succeeded to set track lock for frame 122
I1014 14:12:37.494285  7469 work_track.cpp:116] Succeeded to release track lock for frame 122
I1014 14:12:37.494300  7469 work_track.cpp:120] Track results of frame 122: 1 objects input, 1 objects tracked!
I1014 14:12:37.494318  7469 work_track.cpp:148] Frame: 122, track bbox: [158 x 206 from (388.86, 124.948)], gid: 0, lid: 0
I1014 14:12:37.494354  7469 work_thread.hpp:87]  [T-Work-Detect_0] Frame :122 split
I1014 14:12:37.494372  7469 work_thread.hpp:119]  [T-Work-Detect_0] Valid piece: gid = 0
I1014 14:12:37.494390  7469 work_thread.hpp:91]  [T-Work-Detect_0] Push to split queue:recog
I1014 14:12:37.494451  7470 work_thread.hpp:81]  [T-Work-Recog_0] Run work: WorkCapture
I1014 14:12:37.494753  7472 thread_intergrate.hpp:78] [T-Intergrate-intergrate] queue: frame output frame :122
I1014 14:12:37.494987  7470 work_thread.hpp:81]  [T-Work-Recog_0] Run work: WorkRecog
W1014 14:12:37.495009  7470 work_recog.hpp:118] Face id: 0 has low quality : 0.0945307, no need to recog
I1014 14:12:37.495106  7470 work_thread.hpp:81]  [T-Work-Recog_0] Run work: WorkCompare
I1014 14:12:37.496294  7468 demo_inner.hpp:435] thread [SORT-0]  frame id 122 sorting queue size 0   FPS: 36.0618
I1014 14:12:37.535835  7467 demo_inner.hpp:260]  gui queue size 0, state = running
I1014 14:12:37.547437  7466 demo_inner.hpp:177] decode queue size 0
I1014 14:12:37.547546  7469 work_thread.hpp:81]  [T-Work-Detect_0] Run work: WorkDetect
I1014 14:12:37.547585  7469 work_detect.cpp:102] Succeeded to add det start for frame 123
I1014 14:12:37.554199  7469 work_detect.cpp:70] Frame :123 detect result :1 face(s)
I1014 14:12:37.554246  7469 work_detect.cpp:86] Detected bbox: [161 x 209 from (388, 90)]
I1014 14:12:37.554291  7469 work_detect.cpp:120] Succeeded to add det end for frame 123
I1014 14:12:37.554307  7469 work_thread.hpp:81]  [T-Work-Detect_0] Run work: WrokTrack
I1014 14:12:37.554332  7469 work_track.cpp:82] Frame: 123 build input_characts: [0.251563 x 0.580556 from (0.60625, 0.25)], 0.971118, 0
I1014 14:12:37.554386  7469 work_track.cpp:102] Succeeded to set track lock for frame 123
I1014 14:12:37.554427  7469 work_track.cpp:116] Succeeded to release track lock for frame 123
I1014 14:12:37.554441  7469 work_track.cpp:120] Track results of frame 123: 1 objects input, 1 objects tracked!
I1014 14:12:37.554459  7469 work_track.cpp:148] Frame: 123, track bbox: [161 x 209 from (388.515, 101.005)], gid: 0, lid: 0
I1014 14:12:37.554495  7469 work_thread.hpp:87]  [T-Work-Detect_0] Frame :123 split
I1014 14:12:37.554513  7469 work_thread.hpp:119]  [T-Work-Detect_0] Valid piece: gid = 0
I1014 14:12:37.554531  7469 work_thread.hpp:91]  [T-Work-Detect_0] Push to split queue:recog
I1014 14:12:37.554594  7470 work_thread.hpp:81]  [T-Work-Recog_0] Run work: WorkCapture
I1014 14:12:37.554899  7472 thread_intergrate.hpp:78] [T-Intergrate-intergrate] queue: frame output frame :123
I1014 14:12:37.555136  7470 work_thread.hpp:81]  [T-Work-Recog_0] Run work: WorkRecog
W1014 14:12:37.555158  7470 work_recog.hpp:118] Face id: 0 has low quality : 0.023879, no need to recog
I1014 14:12:37.555253  7470 work_thread.hpp:81]  [T-Work-Recog_0] Run work: WorkCompare
I1014 14:12:37.556399  7468 demo_inner.hpp:435] thread [SORT-0]  frame id 123 sorting queue size 0   FPS: 35.4178
I1014 14:12:37.607257  7466 demo_inner.hpp:177] decode queue size 0
I1014 14:12:37.607362  7469 work_thread.hpp:81]  [T-Work-Detect_0] Run work: WorkDetect
I1014 14:12:37.607398  7469 work_detect.cpp:102] Succeeded to add det start for frame 124
I1014 14:12:37.613842  7469 work_detect.cpp:70] Frame :124 detect result :0 face(s)
I1014 14:12:37.613909  7469 work_detect.cpp:120] Succeeded to add det end for frame 124
I1014 14:12:37.613925  7469 work_thread.hpp:81]  [T-Work-Detect_0] Run work: WrokTrack
I1014 14:12:37.614027  7469 work_track.cpp:102] Succeeded to set track lock for frame 124
I1014 14:12:37.614078  7469 work_track.cpp:116] Succeeded to release track lock for frame 124
I1014 14:12:37.614092  7469 work_track.cpp:120] Track results of frame 124: 0 objects input, 1 objects tracked!
I1014 14:12:37.614110  7469 work_track.cpp:148] Frame: 124, track bbox: [161 x 209 from (390.166, 89.5548)], gid: 0, lid: -1
I1014 14:12:37.614162  7469 work_thread.hpp:87]  [T-Work-Detect_0] Frame :124 split
I1014 14:12:37.614228  7472 thread_intergrate.hpp:78] [T-Intergrate-intergrate] queue: frame output frame :124
I1014 14:12:37.615672  7468 demo_inner.hpp:435] thread [SORT-0]  frame id 124 sorting queue size 1   FPS: 34.8152
I1014 14:12:37.667205  7466 demo_inner.hpp:177] decode queue size 0
I1014 14:12:37.667301  7469 work_thread.hpp:81]  [T-Work-Detect_0] Run work: WorkDetect
I1014 14:12:37.667340  7469 work_detect.cpp:102] Succeeded to add det start for frame 125
I1014 14:12:37.673799  7469 work_detect.cpp:70] Frame :125 detect result :0 face(s)
I1014 14:12:37.673854  7469 work_detect.cpp:120] Succeeded to add det end for frame 125
I1014 14:12:37.673871  7469 work_thread.hpp:81]  [T-Work-Detect_0] Run work: WrokTrack
I1014 14:12:37.673897  7469 work_track.cpp:102] Succeeded to set track lock for frame 125
I1014 14:12:37.673929  7469 work_track.cpp:116] Succeeded to release track lock for frame 125
I1014 14:12:37.673943  7469 work_track.cpp:120] Track results of frame 125: 0 objects input, 0 objects tracked!
I1014 14:12:37.673962  7469 work_thread.hpp:87]  [T-Work-Detect_0] Frame :125 split
I1014 14:12:37.674026  7472 thread_intergrate.hpp:78] [T-Intergrate-intergrate] queue: frame output frame :125
I1014 14:12:37.675477  7468 demo_inner.hpp:435] thread [SORT-0]  frame id 125 sorting queue size 2   FPS: 34.2501
I1014 14:12:37.727322  7466 demo_inner.hpp:177] decode queue size 0
I1014 14:12:37.727447  7469 work_thread.hpp:81]  [T-Work-Detect_0] Run work: WorkDetect
I1014 14:12:37.727484  7469 work_detect.cpp:102] Succeeded to add det start for frame 126
I1014 14:12:37.733923  7469 work_detect.cpp:70] Frame :126 detect result :0 face(s)
I1014 14:12:37.733980  7469 work_detect.cpp:120] Succeeded to add det end for frame 126
I1014 14:12:37.733997  7469 work_thread.hpp:81]  [T-Work-Detect_0] Run work: WrokTrack
I1014 14:12:37.734025  7469 work_track.cpp:102] Succeeded to set track lock for frame 126
I1014 14:12:37.734072  7469 work_track.cpp:116] Succeeded to release track lock for frame 126
I1014 14:12:37.734087  7469 work_track.cpp:120] Track results of frame 126: 0 objects input, 0 objects tracked!
I1014 14:12:37.734107  7469 work_thread.hpp:87]  [T-Work-Detect_0] Frame :126 split
I1014 14:12:37.734166  7472 thread_intergrate.hpp:78] [T-Intergrate-intergrate] queue: frame output frame :126
I1014 14:12:37.735580  7468 demo_inner.hpp:435] thread [SORT-0]  frame id 126 sorting queue size 3   FPS: 33.7192
I1014 14:12:37.788074  7466 demo_inner.hpp:177] decode queue size 0
I1014 14:12:37.788261  7469 work_thread.hpp:81]  [T-Work-Detect_0] Run work: WorkDetect
I1014 14:12:37.788300  7469 work_detect.cpp:102] Succeeded to add det start for frame 127
I1014 14:12:37.794843  7469 work_detect.cpp:70] Frame :127 detect result :1 face(s)
I1014 14:12:37.794888  7469 work_detect.cpp:86] Detected bbox: [157 x 146 from (380, 3)]
I1014 14:12:37.794931  7469 work_detect.cpp:120] Succeeded to add det end for frame 127
I1014 14:12:37.794947  7469 work_thread.hpp:81]  [T-Work-Detect_0] Run work: WrokTrack
I1014 14:12:37.794971  7469 work_track.cpp:82] Frame: 127 build input_characts: [0.245312 x 0.405556 from (0.59375, 0.00833333)], 0.991394, 0
I1014 14:12:37.795029  7469 work_track.cpp:102] Succeeded to set track lock for frame 127
I1014 14:12:37.795064  7469 work_track.cpp:116] Succeeded to release track lock for frame 127
I1014 14:12:37.795078  7469 work_track.cpp:120] Track results of frame 127: 1 objects input, 0 objects tracked!
I1014 14:12:37.795095  7469 work_track.cpp:162] Frame: 127 lid: 0 not tracked, will set invalid
I1014 14:12:37.795111  7469 work_thread.hpp:87]  [T-Work-Detect_0] Frame :127 split
I1014 14:12:37.795200  7469 work_thread.hpp:123]  [T-Work-Detect_0] Invalid piece: lid = 0, drop it
I1014 14:12:37.795262  7472 thread_intergrate.hpp:78] [T-Intergrate-intergrate] queue: frame output frame :127
I1014 14:12:37.796720  7468 demo_inner.hpp:435] thread [SORT-0]  frame id 127 sorting queue size 4   FPS: 33.2031
I1014 14:12:37.847796  7466 demo_inner.hpp:177] decode queue size 0
I1014 14:12:37.847924  7469 work_thread.hpp:81]  [T-Work-Detect_0] Run work: WorkDetect
I1014 14:12:37.847961  7469 work_detect.cpp:102] Succeeded to add det start for frame 128
I1014 14:12:37.854492  7469 work_detect.cpp:70] Frame :128 detect result :1 face(s)
I1014 14:12:37.854548  7469 work_detect.cpp:86] Detected bbox: [158 x 156 from (379, 1)]
I1014 14:12:37.854594  7469 work_detect.cpp:120] Succeeded to add det end for frame 128
I1014 14:12:37.854611  7469 work_thread.hpp:81]  [T-Work-Detect_0] Run work: WrokTrack
I1014 14:12:37.854637  7469 work_track.cpp:82] Frame: 128 build input_characts: [0.246875 x 0.433333 from (0.592188, 0.00277778)], 0.99731, 0
I1014 14:12:37.854693  7469 work_track.cpp:102] Succeeded to set track lock for frame 128
I1014 14:12:37.854733  7469 work_track.cpp:116] Succeeded to release track lock for frame 128
I1014 14:12:37.854748  7469 work_track.cpp:120] Track results of frame 128: 1 objects input, 0 objects tracked!
I1014 14:12:37.854765  7469 work_track.cpp:162] Frame: 128 lid: 0 not tracked, will set invalid
I1014 14:12:37.854780  7469 work_thread.hpp:87]  [T-Work-Detect_0] Frame :128 split
I1014 14:12:37.854797  7469 work_thread.hpp:123]  [T-Work-Detect_0] Invalid piece: lid = 0, drop it
I1014 14:12:37.854867  7472 thread_intergrate.hpp:78] [T-Intergrate-intergrate] queue: frame output frame :128
I1014 14:12:37.856303  7468 demo_inner.hpp:435] thread [SORT-0]  frame id 128 sorting queue size 5   FPS: 32.2734
I1014 14:12:37.907778  7466 demo_inner.hpp:177] decode queue size 0
I1014 14:12:37.907902  7469 work_thread.hpp:81]  [T-Work-Detect_0] Run work: WorkDetect
I1014 14:12:37.907938  7469 work_detect.cpp:102] Succeeded to add det start for frame 129
I1014 14:12:37.914584  7469 work_detect.cpp:70] Frame :129 detect result :1 face(s)
W1014 14:12:37.914633  7469 work_detect.cpp:83] Invalid bbox: [163 x 158 from (381, -2)]
I1014 14:12:37.914783  7469 work_detect.cpp:120] Succeeded to add det end for frame 129
I1014 14:12:37.914801  7469 work_thread.hpp:81]  [T-Work-Detect_0] Run work: WrokTrack
I1014 14:12:37.914829  7469 work_track.cpp:102] Succeeded to set track lock for frame 129
I1014 14:12:37.914858  7469 work_track.cpp:116] Succeeded to release track lock for frame 129
I1014 14:12:37.914872  7469 work_track.cpp:120] Track results of frame 129: 0 objects input, 0 objects tracked!
I1014 14:12:37.914891  7469 work_thread.hpp:87]  [T-Work-Detect_0] Frame :129 split
I1014 14:12:37.914945  7472 thread_intergrate.hpp:78] [T-Intergrate-intergrate] queue: frame output frame :129
I1014 14:12:37.916415  7468 demo_inner.hpp:435] thread [SORT-0]  frame id 129 sorting queue size 6   FPS: 31.3943
I1014 14:12:37.967824  7466 demo_inner.hpp:177] decode queue size 0
I1014 14:12:37.967958  7469 work_thread.hpp:81]  [T-Work-Detect_0] Run work: WorkDetect
I1014 14:12:37.967996  7469 work_detect.cpp:102] Succeeded to add det start for frame 130
I1014 14:12:37.974599  7469 work_detect.cpp:70] Frame :130 detect result :1 face(s)
W1014 14:12:37.974647  7469 work_detect.cpp:83] Invalid bbox: [162 x 162 from (399, -1)]
I1014 14:12:37.974778  7469 work_detect.cpp:120] Succeeded to add det end for frame 130
I1014 14:12:37.974797  7469 work_thread.hpp:81]  [T-Work-Detect_0] Run work: WrokTrack
I1014 14:12:37.974824  7469 work_track.cpp:102] Succeeded to set track lock for frame 130
I1014 14:12:37.974860  7469 work_track.cpp:116] Succeeded to release track lock for frame 130
I1014 14:12:37.974874  7469 work_track.cpp:120] Track results of frame 130: 0 objects input, 0 objects tracked!
I1014 14:12:37.974895  7469 work_thread.hpp:87]  [T-Work-Detect_0] Frame :130 split
I1014 14:12:37.974990  7472 thread_intergrate.hpp:78] [T-Intergrate-intergrate] queue: frame output frame :130
I1014 14:12:37.976497  7468 demo_inner.hpp:435] thread [SORT-0]  frame id 130 sorting queue size 7   FPS: 30.5481
I1014 14:12:38.027879  7466 demo_inner.hpp:177] decode queue size 0
I1014 14:12:38.028105  7469 work_thread.hpp:81]  [T-Work-Detect_0] Run work: WorkDetect
I1014 14:12:38.028142  7469 work_detect.cpp:102] Succeeded to add det start for frame 131
I1014 14:12:38.034742  7469 work_detect.cpp:70] Frame :131 detect result :1 face(s)
W1014 14:12:38.034790  7469 work_detect.cpp:83] Invalid bbox: [162 x 169 from (401, -4)]
I1014 14:12:38.034914  7469 work_detect.cpp:120] Succeeded to add det end for frame 131
I1014 14:12:38.034931  7469 work_thread.hpp:81]  [T-Work-Detect_0] Run work: WrokTrack
I1014 14:12:38.034960  7469 work_track.cpp:102] Succeeded to set track lock for frame 131
I1014 14:12:38.034986  7469 work_track.cpp:116] Succeeded to release track lock for frame 131
I1014 14:12:38.035001  7469 work_track.cpp:120] Track results of frame 131: 0 objects input, 0 objects tracked!
I1014 14:12:38.035019  7469 work_thread.hpp:87]  [T-Work-Detect_0] Frame :131 split
I1014 14:12:38.035073  7472 thread_intergrate.hpp:78] [T-Intergrate-intergrate] queue: frame output frame :131
I1014 14:12:38.036551  7468 demo_inner.hpp:435] thread [SORT-0]  frame id 131 sorting queue size 8   FPS: 29.7463
I1014 14:12:38.087787  7466 demo_inner.hpp:177] decode queue size 0
I1014 14:12:38.087934  7469 work_thread.hpp:81]  [T-Work-Detect_0] Run work: WorkDetect
I1014 14:12:38.087971  7469 work_detect.cpp:102] Succeeded to add det start for frame 132
I1014 14:12:38.094417  7469 work_detect.cpp:70] Frame :132 detect result :1 face(s)
I1014 14:12:38.094461  7469 work_detect.cpp:86] Detected bbox: [144 x 175 from (389, 0)]
I1014 14:12:38.094504  7469 work_detect.cpp:120] Succeeded to add det end for frame 132
I1014 14:12:38.094521  7469 work_thread.hpp:81]  [T-Work-Detect_0] Run work: WrokTrack
I1014 14:12:38.094544  7469 work_track.cpp:82] Frame: 132 build input_characts: [0.225 x 0.486111 from (0.607813, 0)], 0.98291, 0
I1014 14:12:38.094600  7469 work_track.cpp:102] Succeeded to set track lock for frame 132
I1014 14:12:38.094635  7469 work_track.cpp:116] Succeeded to release track lock for frame 132
I1014 14:12:38.094650  7469 work_track.cpp:120] Track results of frame 132: 1 objects input, 0 objects tracked!
I1014 14:12:38.094667  7469 work_track.cpp:162] Frame: 132 lid: 0 not tracked, will set invalid
I1014 14:12:38.094683  7469 work_thread.hpp:87]  [T-Work-Detect_0] Frame :132 split
I1014 14:12:38.094700  7469 work_thread.hpp:123]  [T-Work-Detect_0] Invalid piece: lid = 0, drop it
I1014 14:12:38.094750  7472 thread_intergrate.hpp:78] [T-Intergrate-intergrate] queue: frame output frame :132
I1014 14:12:38.096320  7468 demo_inner.hpp:435] thread [SORT-0]  frame id 132 sorting queue size 9   FPS: 28.9979
I1014 14:12:38.147684  7466 demo_inner.hpp:177] decode queue size 0
I1014 14:12:38.147825  7469 work_thread.hpp:81]  [T-Work-Detect_0] Run work: WorkDetect
I1014 14:12:38.147861  7469 work_detect.cpp:102] Succeeded to add det start for frame 133
I1014 14:12:38.154217  7469 work_detect.cpp:70] Frame :133 detect result :0 face(s)
I1014 14:12:38.154264  7469 work_detect.cpp:120] Succeeded to add det end for frame 133
I1014 14:12:38.154281  7469 work_thread.hpp:81]  [T-Work-Detect_0] Run work: WrokTrack
I1014 14:12:38.154307  7469 work_track.cpp:102] Succeeded to set track lock for frame 133
I1014 14:12:38.154337  7469 work_track.cpp:116] Succeeded to release track lock for frame 133
I1014 14:12:38.154351  7469 work_track.cpp:120] Track results of frame 133: 0 objects input, 0 objects tracked!
I1014 14:12:38.154371  7469 work_thread.hpp:87]  [T-Work-Detect_0] Frame :133 split
I1014 14:12:38.154420  7472 thread_intergrate.hpp:78] [T-Intergrate-intergrate] queue: frame output frame :133
I1014 14:12:38.155830  7468 demo_inner.hpp:435] thread [SORT-0]  frame id 133 sorting queue size 10   FPS: 28.2744
I1014 14:12:38.207521  7466 demo_inner.hpp:177] decode queue size 0
I1014 14:12:38.207743  7469 work_thread.hpp:81]  [T-Work-Detect_0] Run work: WorkDetect
I1014 14:12:38.207777  7469 work_detect.cpp:102] Succeeded to add det start for frame 134
I1014 14:12:38.214149  7469 work_detect.cpp:70] Frame :134 detect result :0 face(s)
I1014 14:12:38.214201  7469 work_detect.cpp:120] Succeeded to add det end for frame 134
I1014 14:12:38.214217  7469 work_thread.hpp:81]  [T-Work-Detect_0] Run work: WrokTrack
I1014 14:12:38.214243  7469 work_track.cpp:102] Succeeded to set track lock for frame 134
I1014 14:12:38.214277  7469 work_track.cpp:116] Succeeded to release track lock for frame 134
I1014 14:12:38.214291  7469 work_track.cpp:120] Track results of frame 134: 0 objects input, 0 objects tracked!
I1014 14:12:38.214309  7469 work_thread.hpp:87]  [T-Work-Detect_0] Frame :134 split
I1014 14:12:38.214361  7472 thread_intergrate.hpp:78] [T-Intergrate-intergrate] queue: frame output frame :134
I1014 14:12:38.267608  7466 demo_inner.hpp:177] decode queue size 0
I1014 14:12:38.267729  7469 work_thread.hpp:81]  [T-Work-Detect_0] Run work: WorkDetect
I1014 14:12:38.267763  7469 work_detect.cpp:102] Succeeded to add det start for frame 135
I1014 14:12:38.274289  7469 work_detect.cpp:70] Frame :135 detect result :0 face(s)
I1014 14:12:38.274353  7469 work_detect.cpp:120] Succeeded to add det end for frame 135
I1014 14:12:38.274369  7469 work_thread.hpp:81]  [T-Work-Detect_0] Run work: WrokTrack
I1014 14:12:38.274394  7469 work_track.cpp:102] Succeeded to set track lock for frame 135
I1014 14:12:38.274420  7469 work_track.cpp:116] Succeeded to release track lock for frame 135
I1014 14:12:38.274435  7469 work_track.cpp:120] Track results of frame 135: 0 objects input, 0 objects tracked!
I1014 14:12:38.274452  7469 work_thread.hpp:87]  [T-Work-Detect_0] Frame :135 split
I1014 14:12:38.274505  7472 thread_intergrate.hpp:78] [T-Intergrate-intergrate] queue: frame output frame :135
I1014 14:12:38.327772  7466 demo_inner.hpp:177] decode queue size 0
I1014 14:12:38.327909  7469 work_thread.hpp:81]  [T-Work-Detect_0] Run work: WorkDetect
I1014 14:12:38.327945  7469 work_detect.cpp:102] Succeeded to add det start for frame 136
I1014 14:12:38.334471  7469 work_detect.cpp:70] Frame :136 detect result :1 face(s)
I1014 14:12:38.334511  7469 work_detect.cpp:86] Detected bbox: [146 x 200 from (354, 47)]
I1014 14:12:38.334553  7469 work_detect.cpp:120] Succeeded to add det end for frame 136
I1014 14:12:38.334568  7469 work_thread.hpp:81]  [T-Work-Detect_0] Run work: WrokTrack
I1014 14:12:38.334591  7469 work_track.cpp:82] Frame: 136 build input_characts: [0.228125 x 0.555556 from (0.553125, 0.130556)], 0.997488, 0
I1014 14:12:38.334646  7469 work_track.cpp:102] Succeeded to set track lock for frame 136
I1014 14:12:38.334681  7469 work_track.cpp:116] Succeeded to release track lock for frame 136
I1014 14:12:38.334695  7469 work_track.cpp:120] Track results of frame 136: 1 objects input, 0 objects tracked!
I1014 14:12:38.334713  7469 work_track.cpp:162] Frame: 136 lid: 0 not tracked, will set invalid
I1014 14:12:38.334729  7469 work_thread.hpp:87]  [T-Work-Detect_0] Frame :136 split
I1014 14:12:38.334746  7469 work_thread.hpp:123]  [T-Work-Detect_0] Invalid piece: lid = 0, drop it
I1014 14:12:38.334794  7472 thread_intergrate.hpp:78] [T-Intergrate-intergrate] queue: frame output frame :136
I1014 14:12:38.387682  7466 demo_inner.hpp:177] decode queue size 0
I1014 14:12:38.387812  7469 work_thread.hpp:81]  [T-Work-Detect_0] Run work: WorkDetect
I1014 14:12:38.387848  7469 work_detect.cpp:102] Succeeded to add det start for frame 137
I1014 14:12:38.394460  7469 work_detect.cpp:70] Frame :137 detect result :1 face(s)
I1014 14:12:38.394500  7469 work_detect.cpp:86] Detected bbox: [150 x 202 from (348, 45)]
I1014 14:12:38.394541  7469 work_detect.cpp:120] Succeeded to add det end for frame 137
I1014 14:12:38.394556  7469 work_thread.hpp:81]  [T-Work-Detect_0] Run work: WrokTrack
I1014 14:12:38.394579  7469 work_track.cpp:82] Frame: 137 build input_characts: [0.234375 x 0.561111 from (0.54375, 0.125)], 0.997488, 0
I1014 14:12:38.394708  7469 work_track.cpp:102] Succeeded to set track lock for frame 137
I1014 14:12:38.394749  7469 work_track.cpp:116] Succeeded to release track lock for frame 137
I1014 14:12:38.394763  7469 work_track.cpp:120] Track results of frame 137: 1 objects input, 0 objects tracked!
I1014 14:12:38.394781  7469 work_track.cpp:162] Frame: 137 lid: 0 not tracked, will set invalid
I1014 14:12:38.394796  7469 work_thread.hpp:87]  [T-Work-Detect_0] Frame :137 split
I1014 14:12:38.394814  7469 work_thread.hpp:123]  [T-Work-Detect_0] Invalid piece: lid = 0, drop it
I1014 14:12:38.394861  7472 thread_intergrate.hpp:78] [T-Intergrate-intergrate] queue: frame output frame :137
I1014 14:12:38.447614  7466 demo_inner.hpp:177] decode queue size 0
I1014 14:12:38.447760  7469 work_thread.hpp:81]  [T-Work-Detect_0] Run work: WorkDetect
I1014 14:12:38.447796  7469 work_detect.cpp:102] Succeeded to add det start for frame 138
I1014 14:12:38.454502  7469 work_detect.cpp:70] Frame :138 detect result :1 face(s)
I1014 14:12:38.454538  7469 work_detect.cpp:86] Detected bbox: [168 x 212 from (329, 54)]
I1014 14:12:38.454579  7469 work_detect.cpp:120] Succeeded to add det end for frame 138
I1014 14:12:38.454596  7469 work_thread.hpp:81]  [T-Work-Detect_0] Run work: WrokTrack
I1014 14:12:38.454617  7469 work_track.cpp:82] Frame: 138 build input_characts: [0.2625 x 0.588889 from (0.514063, 0.15)], 0.999622, 0
I1014 14:12:38.454672  7469 work_track.cpp:102] Succeeded to set track lock for frame 138
I1014 14:12:38.454712  7469 work_track.cpp:116] Succeeded to release track lock for frame 138
I1014 14:12:38.454727  7469 work_track.cpp:120] Track results of frame 138: 1 objects input, 1 objects tracked!
I1014 14:12:38.454746  7469 work_track.cpp:148] Frame: 138, track bbox: [168 x 212 from (329.973, 51.4896)], gid: 1, lid: 0
I1014 14:12:38.454782  7469 work_thread.hpp:87]  [T-Work-Detect_0] Frame :138 split
I1014 14:12:38.454799  7469 work_thread.hpp:119]  [T-Work-Detect_0] Valid piece: gid = 1
I1014 14:12:38.454818  7469 work_thread.hpp:91]  [T-Work-Detect_0] Push to split queue:recog
I1014 14:12:38.454860  7471 work_thread.hpp:81]  [T-Work-Recog_1] Run work: WorkCapture
I1014 14:12:38.455183  7472 thread_intergrate.hpp:78] [T-Intergrate-intergrate] queue: frame output frame :138
I1014 14:12:38.455422  7471 work_thread.hpp:81]  [T-Work-Recog_1] Run work: WorkRecog
I1014 14:12:38.455444  7471 work_recog.hpp:89] Face id: 1 will run recog: bbox [168 x 212 from (329, 54)] quality: 0.446577
I1014 14:12:38.455471  7471 work_recog.hpp:96] Recog pair: [240 x 304 from (296, 8)], [168 x 212 from (33, 46)]
I1014 14:12:38.472859  7471 work_thread.hpp:81]  [T-Work-Recog_1] Run work: WorkCompare
I1014 14:12:38.473287  7471 work_compare.cpp:76] Compare face: 1 successed, similarity :0.949603, name : images/ThangLMb.jpg, normal size : 1548 * 1719!
I1014 14:12:38.500990  7468 demo_inner.hpp:435] thread [SORT-0]  frame id 134 sorting queue size 10   FPS: 24.7363
I1014 14:12:38.501088  7467 demo_inner.hpp:260]  gui queue size 10, state = running
I1014 14:12:38.501457  7468 demo_inner.hpp:435] thread [SORT-0]  frame id 135 sorting queue size 10   FPS: 24.7363
I1014 14:12:38.501818  7468 demo_inner.hpp:435] thread [SORT-0]  frame id 136 sorting queue size 10   FPS: 24.7453
I1014 14:12:38.502135  7468 demo_inner.hpp:435] thread [SORT-0]  frame id 137 sorting queue size 10   FPS: 24.7543
I1014 14:12:38.502501  7468 demo_inner.hpp:435] thread [SORT-0]  frame id 138 sorting queue size 10   FPS: 24.7633
I1014 14:12:38.506460  7466 demo_inner.hpp:177] decode queue size 0
I1014 14:12:38.506561  7469 work_thread.hpp:81]  [T-Work-Detect_0] Run work: WorkDetect
I1014 14:12:38.506597  7469 work_detect.cpp:102] Succeeded to add det start for frame 139
I1014 14:12:38.513216  7469 work_detect.cpp:70] Frame :139 detect result :1 face(s)
I1014 14:12:38.513263  7469 work_detect.cpp:86] Detected bbox: [169 x 201 from (307, 47)]
I1014 14:12:38.513307  7469 work_detect.cpp:120] Succeeded to add det end for frame 139
I1014 14:12:38.513324  7469 work_thread.hpp:81]  [T-Work-Detect_0] Run work: WrokTrack
I1014 14:12:38.513420  7469 work_track.cpp:82] Frame: 139 build input_characts: [0.264062 x 0.558333 from (0.479688, 0.130556)], 0.989534, 0
I1014 14:12:38.513479  7469 work_track.cpp:102] Succeeded to set track lock for frame 139
I1014 14:12:38.513517  7469 work_track.cpp:116] Succeeded to release track lock for frame 139
I1014 14:12:38.513532  7469 work_track.cpp:120] Track results of frame 139: 1 objects input, 1 objects tracked!
I1014 14:12:38.513550  7469 work_track.cpp:148] Frame: 139, track bbox: [169 x 201 from (311.649, 51.9502)], gid: 1, lid: 0
I1014 14:12:38.513630  7469 work_thread.hpp:87]  [T-Work-Detect_0] Frame :139 split
I1014 14:12:38.513649  7469 work_thread.hpp:119]  [T-Work-Detect_0] Valid piece: gid = 1
I1014 14:12:38.513667  7469 work_thread.hpp:91]  [T-Work-Detect_0] Push to split queue:recog
I1014 14:12:38.513716  7470 work_thread.hpp:81]  [T-Work-Recog_0] Run work: WorkCapture
I1014 14:12:38.514031  7472 thread_intergrate.hpp:78] [T-Intergrate-intergrate] queue: frame output frame :139
I1014 14:12:38.514057  7472 thread_intergrate.hpp:85] [T-Intergrate-intergrate] queue: compare output face:1
I1014 14:12:38.514075  7472 thread_intergrate.hpp:137] T-Intergrate-intergrate set matched face: 1
I1014 14:12:38.515628  7472 thread_intergrate.hpp:157] T-Intergrate-intergrate Show face :1, size :640 * 360
I1014 14:12:38.515856  7470 work_thread.hpp:81]  [T-Work-Recog_0] Run work: WorkRecog
I1014 14:12:38.515882  7470 work_recog.hpp:89] Face id: 1 will run recog: bbox [169 x 201 from (307, 47)] quality: 0.479997
I1014 14:12:38.515914  7470 work_recog.hpp:96] Recog pair: [240 x 288 from (272, 0)], [169 x 201 from (35, 47)]
I1014 14:12:38.516183  7468 demo_inner.hpp:435] thread [SORT-0]  frame id 139 sorting queue size 0   FPS: 24.6466
I1014 14:12:38.518110  7467 demo_inner.hpp:260]  gui queue size 0, state = running
I1014 14:12:38.533772  7470 work_thread.hpp:81]  [T-Work-Recog_0] Run work: WorkCompare
I1014 14:12:38.534310  7470 work_compare.cpp:71] Compare face: 1 failed
I1014 14:12:38.567646  7466 demo_inner.hpp:177] decode queue size 0
I1014 14:12:38.567766  7469 work_thread.hpp:81]  [T-Work-Detect_0] Run work: WorkDetect
I1014 14:12:38.567801  7469 work_detect.cpp:102] Succeeded to add det start for frame 140
I1014 14:12:38.574213  7469 work_detect.cpp:70] Frame :140 detect result :0 face(s)
I1014 14:12:38.574262  7469 work_detect.cpp:120] Succeeded to add det end for frame 140
I1014 14:12:38.574280  7469 work_thread.hpp:81]  [T-Work-Detect_0] Run work: WrokTrack
I1014 14:12:38.574306  7469 work_track.cpp:102] Succeeded to set track lock for frame 140
I1014 14:12:38.574338  7469 work_track.cpp:116] Succeeded to release track lock for frame 140
I1014 14:12:38.574352  7469 work_track.cpp:120] Track results of frame 140: 0 objects input, 1 objects tracked!
I1014 14:12:38.574370  7469 work_track.cpp:148] Frame: 140, track bbox: [169 x 201 from (299.999, 53.5001)], gid: 1, lid: -1
I1014 14:12:38.574420  7469 work_thread.hpp:87]  [T-Work-Detect_0] Frame :140 split
I1014 14:12:38.574482  7472 thread_intergrate.hpp:78] [T-Intergrate-intergrate] queue: frame output frame :140
I1014 14:12:38.575568  7472 thread_intergrate.hpp:157] T-Intergrate-intergrate Show face :1, size :640 * 360
I1014 14:12:38.576090  7468 demo_inner.hpp:435] thread [SORT-0]  frame id 140 sorting queue size 0   FPS: 24.1306
I1014 14:12:38.576174  7467 demo_inner.hpp:260]  gui queue size 0, state = running
I1014 14:12:38.628134  7466 demo_inner.hpp:177] decode queue size 0
I1014 14:12:38.628325  7469 work_thread.hpp:81]  [T-Work-Detect_0] Run work: WorkDetect
I1014 14:12:38.628362  7469 work_detect.cpp:102] Succeeded to add det start for frame 141
I1014 14:12:38.635031  7469 work_detect.cpp:70] Frame :141 detect result :1 face(s)
I1014 14:12:38.635069  7469 work_detect.cpp:86] Detected bbox: [161 x 217 from (263, 97)]
I1014 14:12:38.635113  7469 work_detect.cpp:120] Succeeded to add det end for frame 141
I1014 14:12:38.635128  7469 work_thread.hpp:81]  [T-Work-Detect_0] Run work: WrokTrack
I1014 14:12:38.635224  7469 work_track.cpp:82] Frame: 141 build input_characts: [0.251563 x 0.602778 from (0.410937, 0.269444)], 1.00019, 0
I1014 14:12:38.635283  7469 work_track.cpp:102] Succeeded to set track lock for frame 141
I1014 14:12:38.635324  7469 work_track.cpp:116] Succeeded to release track lock for frame 141
I1014 14:12:38.635339  7469 work_track.cpp:120] Track results of frame 141: 1 objects input, 1 objects tracked!
I1014 14:12:38.635356  7469 work_track.cpp:148] Frame: 141, track bbox: [161 x 217 from (270.931, 83.5011)], gid: 1, lid: 0
I1014 14:12:38.635393  7469 work_thread.hpp:87]  [T-Work-Detect_0] Frame :141 split
I1014 14:12:38.635411  7469 work_thread.hpp:119]  [T-Work-Detect_0] Valid piece: gid = 1
I1014 14:12:38.635429  7469 work_thread.hpp:91]  [T-Work-Detect_0] Push to split queue:recog
I1014 14:12:38.635475  7471 work_thread.hpp:81]  [T-Work-Recog_1] Run work: WorkCapture
I1014 14:12:38.635778  7472 thread_intergrate.hpp:78] [T-Intergrate-intergrate] queue: frame output frame :141
I1014 14:12:38.636010  7471 work_thread.hpp:81]  [T-Work-Recog_1] Run work: WorkRecog
I1014 14:12:38.636031  7471 work_recog.hpp:89] Face id: 1 will run recog: bbox [161 x 217 from (263, 97)] quality: 0.40604
I1014 14:12:38.636059  7471 work_recog.hpp:96] Recog pair: [232 x 312 from (224, 48)], [161 x 217 from (39, 49)]
I1014 14:12:38.636914  7472 thread_intergrate.hpp:157] T-Intergrate-intergrate Show face :1, size :640 * 360
I1014 14:12:38.637425  7468 demo_inner.hpp:435] thread [SORT-0]  frame id 141 sorting queue size 0   FPS: 23.6275
I1014 14:12:38.637504  7467 demo_inner.hpp:260]  gui queue size 0, state = running
I1014 14:12:38.653722  7471 work_thread.hpp:81]  [T-Work-Recog_1] Run work: WorkCompare
I1014 14:12:38.654189  7471 work_compare.cpp:76] Compare face: 1 successed, similarity :0.989462, name : images/ThangLMb.jpg, normal size : 1548 * 1719!
I1014 14:12:38.687602  7466 demo_inner.hpp:177] decode queue size 0
I1014 14:12:38.687718  7469 work_thread.hpp:81]  [T-Work-Detect_0] Run work: WorkDetect
I1014 14:12:38.687752  7469 work_detect.cpp:102] Succeeded to add det start for frame 142
I1014 14:12:38.694522  7469 work_detect.cpp:70] Frame :142 detect result :1 face(s)
I1014 14:12:38.694566  7469 work_detect.cpp:86] Detected bbox: [153 x 214 from (268, 99)]
I1014 14:12:38.694610  7469 work_detect.cpp:120] Succeeded to add det end for frame 142
I1014 14:12:38.694627  7469 work_thread.hpp:81]  [T-Work-Detect_0] Run work: WrokTrack
I1014 14:12:38.694651  7469 work_track.cpp:82] Frame: 142 build input_characts: [0.239063 x 0.594444 from (0.41875, 0.275)], 1.00019, 0
I1014 14:12:38.694706  7469 work_track.cpp:102] Succeeded to set track lock for frame 142
I1014 14:12:38.694746  7469 work_track.cpp:116] Succeeded to release track lock for frame 142
I1014 14:12:38.694761  7469 work_track.cpp:120] Track results of frame 142: 1 objects input, 1 objects tracked!
I1014 14:12:38.694778  7469 work_track.cpp:148] Frame: 142, track bbox: [153 x 214 from (263.281, 97.6223)], gid: 1, lid: 0
I1014 14:12:38.694814  7469 work_thread.hpp:87]  [T-Work-Detect_0] Frame :142 split
I1014 14:12:38.694831  7469 work_thread.hpp:119]  [T-Work-Detect_0] Valid piece: gid = 1
I1014 14:12:38.694849  7469 work_thread.hpp:91]  [T-Work-Detect_0] Push to split queue:recog
I1014 14:12:38.694896  7470 work_thread.hpp:81]  [T-Work-Recog_0] Run work: WorkCapture
I1014 14:12:38.695195  7472 thread_intergrate.hpp:78] [T-Intergrate-intergrate] queue: frame output frame :142
I1014 14:12:38.695221  7472 thread_intergrate.hpp:85] [T-Intergrate-intergrate] queue: compare output face:1
I1014 14:12:38.695240  7472 thread_intergrate.hpp:137] T-Intergrate-intergrate set matched face: 1
I1014 14:12:38.695714  7470 work_thread.hpp:81]  [T-Work-Recog_0] Run work: WorkRecog
I1014 14:12:38.695742  7470 work_recog.hpp:89] Face id: 1 will run recog: bbox [153 x 214 from (268, 99)] quality: 0.412031
I1014 14:12:38.695772  7470 work_recog.hpp:96] Recog pair: [224 x 304 from (232, 56)], [153 x 214 from (36, 43)]
I1014 14:12:38.696694  7472 thread_intergrate.hpp:157] T-Intergrate-intergrate Show face :1, size :640 * 360
I1014 14:12:38.697305  7468 demo_inner.hpp:435] thread [SORT-0]  frame id 142 sorting queue size 0   FPS: 23.1529
I1014 14:12:38.697382  7467 demo_inner.hpp:260]  gui queue size 0, state = running
I1014 14:12:38.713335  7470 work_thread.hpp:81]  [T-Work-Recog_0] Run work: WorkCompare
I1014 14:12:38.713804  7470 work_compare.cpp:76] Compare face: 1 successed, similarity :0.986982, name : images/ThangLMb.jpg, normal size : 1548 * 1719!
I1014 14:12:38.747766  7466 demo_inner.hpp:177] decode queue size 0
I1014 14:12:38.747889  7469 work_thread.hpp:81]  [T-Work-Detect_0] Run work: WorkDetect
I1014 14:12:38.747925  7469 work_detect.cpp:102] Succeeded to add det start for frame 143
I1014 14:12:38.754637  7469 work_detect.cpp:70] Frame :143 detect result :1 face(s)
I1014 14:12:38.754679  7469 work_detect.cpp:86] Detected bbox: [155 x 218 from (267, 95)]
I1014 14:12:38.754721  7469 work_detect.cpp:120] Succeeded to add det end for frame 143
I1014 14:12:38.754739  7469 work_thread.hpp:81]  [T-Work-Detect_0] Run work: WrokTrack
I1014 14:12:38.754762  7469 work_track.cpp:82] Frame: 143 build input_characts: [0.242188 x 0.605556 from (0.417188, 0.263889)], 1.00019, 0
I1014 14:12:38.754817  7469 work_track.cpp:102] Succeeded to set track lock for frame 143
I1014 14:12:38.754858  7469 work_track.cpp:116] Succeeded to release track lock for frame 143
I1014 14:12:38.754871  7469 work_track.cpp:120] Track results of frame 143: 1 objects input, 1 objects tracked!
I1014 14:12:38.754890  7469 work_track.cpp:148] Frame: 143, track bbox: [155 x 218 from (254.114, 103.878)], gid: 1, lid: 0
I1014 14:12:38.754925  7469 work_thread.hpp:87]  [T-Work-Detect_0] Frame :143 split
I1014 14:12:38.754943  7469 work_thread.hpp:119]  [T-Work-Detect_0] Valid piece: gid = 1
I1014 14:12:38.754961  7469 work_thread.hpp:91]  [T-Work-Detect_0] Push to split queue:recog
I1014 14:12:38.755005  7471 work_thread.hpp:81]  [T-Work-Recog_1] Run work: WorkCapture
I1014 14:12:38.755020  7472 thread_intergrate.hpp:78] [T-Intergrate-intergrate] queue: frame output frame :143
I1014 14:12:38.755044  7472 thread_intergrate.hpp:85] [T-Intergrate-intergrate] queue: compare output face:1
I1014 14:12:38.755064  7472 thread_intergrate.hpp:137] T-Intergrate-intergrate set matched face: 1
I1014 14:12:38.755570  7471 work_thread.hpp:81]  [T-Work-Recog_1] Run work: WorkRecog
I1014 14:12:38.755596  7471 work_recog.hpp:89] Face id: 1 will run recog: bbox [155 x 218 from (267, 95)] quality: 0.429785
I1014 14:12:38.755626  7471 work_recog.hpp:96] Recog pair: [224 x 312 from (232, 48)], [155 x 218 from (35, 47)]
I1014 14:12:38.756534  7472 thread_intergrate.hpp:157] T-Intergrate-intergrate Show face :1, size :640 * 360
I1014 14:12:38.757107  7468 demo_inner.hpp:435] thread [SORT-0]  frame id 143 sorting queue size 0   FPS: 22.9265
I1014 14:12:38.757189  7467 demo_inner.hpp:260]  gui queue size 0, state = running
I1014 14:12:38.773285  7471 work_thread.hpp:81]  [T-Work-Recog_1] Run work: WorkCompare
I1014 14:12:38.773751  7471 work_compare.cpp:76] Compare face: 1 successed, similarity :0.992644, name : images/ThangLMb.jpg, normal size : 1548 * 1719!
I1014 14:12:38.807566  7466 demo_inner.hpp:177] decode queue size 0
I1014 14:12:38.807683  7469 work_thread.hpp:81]  [T-Work-Detect_0] Run work: WorkDetect
I1014 14:12:38.807718  7469 work_detect.cpp:102] Succeeded to add det start for frame 144
I1014 14:12:38.814352  7469 work_detect.cpp:70] Frame :144 detect result :1 face(s)
I1014 14:12:38.814393  7469 work_detect.cpp:86] Detected bbox: [164 x 216 from (271, 97)]
I1014 14:12:38.814435  7469 work_detect.cpp:120] Succeeded to add det end for frame 144
I1014 14:12:38.814451  7469 work_thread.hpp:81]  [T-Work-Detect_0] Run work: WrokTrack
I1014 14:12:38.814476  7469 work_track.cpp:82] Frame: 144 build input_characts: [0.25625 x 0.6 from (0.423438, 0.269444)], 0.998877, 0
I1014 14:12:38.814532  7469 work_track.cpp:102] Succeeded to set track lock for frame 144
I1014 14:12:38.814572  7469 work_track.cpp:116] Succeeded to release track lock for frame 144
I1014 14:12:38.814661  7469 work_track.cpp:120] Track results of frame 144: 1 objects input, 1 objects tracked!
I1014 14:12:38.814682  7469 work_track.cpp:148] Frame: 144, track bbox: [164 x 216 from (251.902, 108.088)], gid: 1, lid: 0
I1014 14:12:38.814719  7469 work_thread.hpp:87]  [T-Work-Detect_0] Frame :144 split
I1014 14:12:38.814738  7469 work_thread.hpp:119]  [T-Work-Detect_0] Valid piece: gid = 1
I1014 14:12:38.814755  7469 work_thread.hpp:91]  [T-Work-Detect_0] Push to split queue:recog
I1014 14:12:38.814806  7470 work_thread.hpp:81]  [T-Work-Recog_0] Run work: WorkCapture
I1014 14:12:38.814807  7472 thread_intergrate.hpp:78] [T-Intergrate-intergrate] queue: frame output frame :144
I1014 14:12:38.814843  7472 thread_intergrate.hpp:85] [T-Intergrate-intergrate] queue: compare output face:1
I1014 14:12:38.814862  7472 thread_intergrate.hpp:137] T-Intergrate-intergrate set matched face: 1
I1014 14:12:38.815390  7470 work_thread.hpp:81]  [T-Work-Recog_0] Run work: WorkRecog
I1014 14:12:38.815416  7470 work_recog.hpp:89] Face id: 1 will run recog: bbox [164 x 216 from (271, 97)] quality: 0.456028
I1014 14:12:38.815445  7470 work_recog.hpp:96] Recog pair: [240 x 312 from (232, 48)], [164 x 216 from (39, 49)]
I1014 14:12:38.816334  7472 thread_intergrate.hpp:157] T-Intergrate-intergrate Show face :1, size :640 * 360
I1014 14:12:38.816926  7468 demo_inner.hpp:435] thread [SORT-0]  frame id 144 sorting queue size 0   FPS: 22.6969
I1014 14:12:38.817003  7467 demo_inner.hpp:260]  gui queue size 0, state = running
I1014 14:12:38.833212  7470 work_thread.hpp:81]  [T-Work-Recog_0] Run work: WorkCompare
I1014 14:12:38.833680  7470 work_compare.cpp:76] Compare face: 1 successed, similarity :0.989774, name : images/ThangLMb.jpg, normal size : 1548 * 1719!
I1014 14:12:38.865919  7466 demo_inner.hpp:177] decode queue size 0
I1014 14:12:38.866030  7469 work_thread.hpp:81]  [T-Work-Detect_0] Run work: WorkDetect
I1014 14:12:38.866066  7469 work_detect.cpp:102] Succeeded to add det start for frame 145
I1014 14:12:38.872836  7469 work_detect.cpp:70] Frame :145 detect result :1 face(s)
I1014 14:12:38.872879  7469 work_detect.cpp:86] Detected bbox: [156 x 216 from (267, 96)]
I1014 14:12:38.872921  7469 work_detect.cpp:120] Succeeded to add det end for frame 145
I1014 14:12:38.872938  7469 work_thread.hpp:81]  [T-Work-Detect_0] Run work: WrokTrack
I1014 14:12:38.872962  7469 work_track.cpp:82] Frame: 145 build input_characts: [0.24375 x 0.6 from (0.417188, 0.266667)], 1.00019, 0
I1014 14:12:38.873018  7469 work_track.cpp:102] Succeeded to set track lock for frame 145
I1014 14:12:38.873057  7469 work_track.cpp:116] Succeeded to release track lock for frame 145
I1014 14:12:38.873072  7469 work_track.cpp:120] Track results of frame 145: 1 objects input, 1 objects tracked!
I1014 14:12:38.873090  7469 work_track.cpp:148] Frame: 145, track bbox: [156 x 216 from (259.681, 108.742)], gid: 1, lid: 0
