Log file created at: 2019/10/14 15:41:04
Running on machine: zcu104
Log line format: [IWEF]mmdd hh:mm:ss.uuuuuu threadid file:line] msg
I1014 15:41:04.974189  9323 feature_lib.cpp:109] Feature lib read name: images/HaDM.jpg
I1014 15:41:04.975138  9323 feature_lib.cpp:131] Read lib face : images/HaDM.jpg
I1014 15:41:04.975167  9323 feature_lib.cpp:109] Feature lib read name: images/HaiHV.jpg
I1014 15:41:04.975586  9323 feature_lib.cpp:131] Read lib face : images/HaiHV.jpg
I1014 15:41:04.975606  9323 feature_lib.cpp:109] Feature lib read name: images/SonNNe.jpg
I1014 15:41:04.976012  9323 feature_lib.cpp:131] Read lib face : images/SonNNe.jpg
I1014 15:41:04.976032  9323 feature_lib.cpp:109] Feature lib read name: images/TungDM.jpg
I1014 15:41:04.976466  9323 feature_lib.cpp:131] Read lib face : images/TungDM.jpg
I1014 15:41:04.976487  9323 feature_lib.cpp:109] Feature lib read name: images/HungVTc.png
I1014 15:41:04.976903  9323 feature_lib.cpp:131] Read lib face : images/HungVTc.png
I1014 15:41:04.976933  9323 feature_lib.cpp:109] Feature lib read name: images/DangVHb.jpg
I1014 15:41:04.977337  9323 feature_lib.cpp:131] Read lib face : images/DangVHb.jpg
I1014 15:41:04.977356  9323 feature_lib.cpp:109] Feature lib read name: images/hungndn.jpg
I1014 15:41:04.977759  9323 feature_lib.cpp:131] Read lib face : images/hungndn.jpg
I1014 15:41:04.977779  9323 feature_lib.cpp:109] Feature lib read name: images/HieuPV.jpg
I1014 15:41:04.978179  9323 feature_lib.cpp:131] Read lib face : images/HieuPV.jpg
I1014 15:41:04.978199  9323 feature_lib.cpp:109] Feature lib read name: images/HuyNQz.png
I1014 15:41:04.978636  9323 feature_lib.cpp:131] Read lib face : images/HuyNQz.png
I1014 15:41:04.978675  9323 feature_lib.cpp:109] Feature lib read name: images/VuongNQb.png
I1014 15:41:04.979082  9323 feature_lib.cpp:131] Read lib face : images/VuongNQb.png
I1014 15:41:04.979110  9323 feature_lib.cpp:109] Feature lib read name: images/ThangLMb.jpg
I1014 15:41:04.979517  9323 feature_lib.cpp:131] Read lib face : images/ThangLMb.jpg
I1014 15:41:04.979537  9323 feature_lib.cpp:109] Feature lib read name: images/truongnxd.png
I1014 15:41:04.979943  9323 feature_lib.cpp:131] Read lib face : images/truongnxd.png
I1014 15:41:04.979962  9323 feature_lib.cpp:109] Feature lib read name: images/ThaoDQ.jpg
I1014 15:41:04.980381  9323 feature_lib.cpp:131] Read lib face : images/ThaoDQ.jpg
I1014 15:41:04.980432  9323 feature_lib.cpp:147] Loading normal image: images/HaDM.jpg...
I1014 15:41:05.011070  9323 feature_lib.cpp:158] Load normal image: images/HaDM.jpg done size: 838 * 1100
I1014 15:41:05.011137  9323 feature_lib.cpp:147] Loading normal image: images/HaiHV.jpg...
I1014 15:41:05.068348  9323 feature_lib.cpp:158] Load normal image: images/HaiHV.jpg done size: 1203 * 1541
I1014 15:41:05.068409  9323 feature_lib.cpp:147] Loading normal image: images/SonNNe.jpg...
I1014 15:41:05.143023  9323 feature_lib.cpp:158] Load normal image: images/SonNNe.jpg done size: 1429 * 1719
I1014 15:41:05.143081  9323 feature_lib.cpp:147] Loading normal image: images/TungDM.jpg...
I1014 15:41:05.201994  9323 feature_lib.cpp:158] Load normal image: images/TungDM.jpg done size: 1340 * 1462
I1014 15:41:05.202054  9323 feature_lib.cpp:147] Loading normal image: images/HungVTc.png...
I1014 15:41:05.210155  9323 feature_lib.cpp:158] Load normal image: images/HungVTc.png done size: 263 * 317
I1014 15:41:05.210183  9323 feature_lib.cpp:147] Loading normal image: images/DangVHb.jpg...
I1014 15:41:05.275514  9323 feature_lib.cpp:158] Load normal image: images/DangVHb.jpg done size: 1469 * 1456
I1014 15:41:05.275576  9323 feature_lib.cpp:147] Loading normal image: images/hungndn.jpg...
I1014 15:41:05.372932  9323 feature_lib.cpp:158] Load normal image: images/hungndn.jpg done size: 1636 * 1930
I1014 15:41:05.372993  9323 feature_lib.cpp:147] Loading normal image: images/HieuPV.jpg...
I1014 15:41:05.451407  9323 feature_lib.cpp:158] Load normal image: images/HieuPV.jpg done size: 1527 * 1719
I1014 15:41:05.451467  9323 feature_lib.cpp:147] Loading normal image: images/HuyNQz.png...
I1014 15:41:05.477798  9323 feature_lib.cpp:158] Load normal image: images/HuyNQz.png done size: 493 * 639
I1014 15:41:05.477854  9323 feature_lib.cpp:147] Loading normal image: images/VuongNQb.png...
I1014 15:41:05.492681  9323 feature_lib.cpp:158] Load normal image: images/VuongNQb.png done size: 351 * 514
I1014 15:41:05.492794  9323 feature_lib.cpp:147] Loading normal image: images/ThangLMb.jpg...
I1014 15:41:05.570660  9323 feature_lib.cpp:158] Load normal image: images/ThangLMb.jpg done size: 1548 * 1719
I1014 15:41:05.570721  9323 feature_lib.cpp:147] Loading normal image: images/truongnxd.png...
I1014 15:41:05.623764  9323 feature_lib.cpp:158] Load normal image: images/truongnxd.png done size: 906 * 964
I1014 15:41:05.623826  9323 feature_lib.cpp:147] Loading normal image: images/ThaoDQ.jpg...
I1014 15:41:05.696202  9323 feature_lib.cpp:158] Load normal image: images/ThaoDQ.jpg done size: 1425 * 1719
I1014 15:41:06.067735  9323 demo_inner.hpp:126] thread [DedodeThread-0] is starting
I1014 15:41:06.067895  9323 demo_inner.hpp:126] thread [GUIThread] is starting
I1014 15:41:06.067996  9326 demo_inner.hpp:101] thread [DedodeThread-0] is started
I1014 15:41:06.068022  9323 demo_inner.hpp:126] thread [SORT-0] is starting
I1014 15:41:06.068075  9327 demo_inner.hpp:101] thread [GUIThread] is started
I1014 15:41:06.068092  9323 demo_inner.hpp:126] thread [T-Work-Detect_0] is starting
I1014 15:41:06.068145  9328 demo_inner.hpp:101] thread [SORT-0] is started
I1014 15:41:06.068187  9323 demo_inner.hpp:126] thread [T-Work-Recog_0] is starting
I1014 15:41:06.068223  9329 demo_inner.hpp:101] thread [T-Work-Detect_0] is started
I1014 15:41:06.068256  9323 demo_inner.hpp:126] thread [T-Work-Recog_1] is starting
I1014 15:41:06.068308  9330 demo_inner.hpp:101] thread [T-Work-Recog_0] is started
I1014 15:41:06.068327  9323 demo_inner.hpp:126] thread [T-Intergrate-intergrate] is starting
I1014 15:41:06.068348  9331 demo_inner.hpp:101] thread [T-Work-Recog_1] is started
I1014 15:41:06.068390  9323 demo_inner.hpp:137] waiting for [GUIThread] ended
I1014 15:41:06.068415  9332 demo_inner.hpp:101] thread [T-Intergrate-intergrate] is started
I1014 15:41:06.769071  9326 demo_inner.hpp:177] decode queue size 0
I1014 15:41:06.769248  9329 work_thread.hpp:81]  [T-Work-Detect_0] Run work: WorkDetect
I1014 15:41:06.769315  9329 work_detect.cpp:102] Succeeded to add det start for frame 1
I1014 15:41:06.776265  9329 work_detect.cpp:70] Frame :1 detect result :0 face(s)
I1014 15:41:06.776310  9329 work_detect.cpp:120] Succeeded to add det end for frame 1
I1014 15:41:06.776327  9329 work_thread.hpp:81]  [T-Work-Detect_0] Run work: WrokTrack
I1014 15:41:06.776358  9329 work_track.cpp:102] Succeeded to set track lock for frame 1
I1014 15:41:06.776409  9329 work_track.cpp:116] Succeeded to release track lock for frame 1
I1014 15:41:06.776423  9329 work_track.cpp:120] Track results of frame 1: 0 objects input, 0 objects tracked!
I1014 15:41:06.776443  9329 work_thread.hpp:87]  [T-Work-Detect_0] Frame :1 split
I1014 15:41:06.776489  9332 thread_intergrate.hpp:78] [T-Intergrate-intergrate] queue: frame output frame :1
I1014 15:41:06.777611  9328 demo_inner.hpp:435] thread [SORT-0]  frame id 1 sorting queue size 0   FPS: -1
I1014 15:41:06.777722  9327 demo_inner.hpp:260]  gui queue size 0, state = running
I1014 15:41:06.810616  9326 demo_inner.hpp:177] decode queue size 0
I1014 15:41:06.810786  9329 work_thread.hpp:81]  [T-Work-Detect_0] Run work: WorkDetect
I1014 15:41:06.810825  9329 work_detect.cpp:102] Succeeded to add det start for frame 2
I1014 15:41:06.817520  9329 work_detect.cpp:70] Frame :2 detect result :0 face(s)
I1014 15:41:06.817579  9329 work_detect.cpp:120] Succeeded to add det end for frame 2
I1014 15:41:06.817595  9329 work_thread.hpp:81]  [T-Work-Detect_0] Run work: WrokTrack
I1014 15:41:06.817625  9329 work_track.cpp:102] Succeeded to set track lock for frame 2
I1014 15:41:06.817670  9329 work_track.cpp:116] Succeeded to release track lock for frame 2
I1014 15:41:06.817685  9329 work_track.cpp:120] Track results of frame 2: 0 objects input, 0 objects tracked!
I1014 15:41:06.817704  9329 work_thread.hpp:87]  [T-Work-Detect_0] Frame :2 split
I1014 15:41:06.817764  9332 thread_intergrate.hpp:78] [T-Intergrate-intergrate] queue: frame output frame :2
I1014 15:41:06.819432  9328 demo_inner.hpp:435] thread [SORT-0]  frame id 2 sorting queue size 0   FPS: 24.3902
I1014 15:41:06.820533  9327 demo_inner.hpp:260]  gui queue size 0, state = running
I1014 15:41:06.840682  9326 demo_inner.hpp:177] decode queue size 0
I1014 15:41:06.840807  9329 work_thread.hpp:81]  [T-Work-Detect_0] Run work: WorkDetect
I1014 15:41:06.840845  9329 work_detect.cpp:102] Succeeded to add det start for frame 3
I1014 15:41:06.847484  9329 work_detect.cpp:70] Frame :3 detect result :0 face(s)
I1014 15:41:06.847527  9329 work_detect.cpp:120] Succeeded to add det end for frame 3
I1014 15:41:06.847543  9329 work_thread.hpp:81]  [T-Work-Detect_0] Run work: WrokTrack
I1014 15:41:06.847569  9329 work_track.cpp:102] Succeeded to set track lock for frame 3
I1014 15:41:06.847594  9329 work_track.cpp:116] Succeeded to release track lock for frame 3
I1014 15:41:06.847609  9329 work_track.cpp:120] Track results of frame 3: 0 objects input, 0 objects tracked!
I1014 15:41:06.847626  9329 work_thread.hpp:87]  [T-Work-Detect_0] Frame :3 split
I1014 15:41:06.847674  9332 thread_intergrate.hpp:78] [T-Intergrate-intergrate] queue: frame output frame :3
I1014 15:41:06.849162  9328 demo_inner.hpp:435] thread [SORT-0]  frame id 3 sorting queue size 0   FPS: 28.169
I1014 15:41:06.849231  9327 demo_inner.hpp:260]  gui queue size 0, state = running
I1014 15:41:06.876696  9326 demo_inner.hpp:177] decode queue size 0
I1014 15:41:06.876837  9329 work_thread.hpp:81]  [T-Work-Detect_0] Run work: WorkDetect
I1014 15:41:06.876874  9329 work_detect.cpp:102] Succeeded to add det start for frame 4
I1014 15:41:06.883430  9329 work_detect.cpp:70] Frame :4 detect result :1 face(s)
W1014 15:41:06.883464  9329 work_detect.cpp:83] Invalid bbox: [129 x 111 from (243, 268)]
I1014 15:41:06.883821  9329 work_detect.cpp:120] Succeeded to add det end for frame 4
I1014 15:41:06.883838  9329 work_thread.hpp:81]  [T-Work-Detect_0] Run work: WrokTrack
I1014 15:41:06.883864  9329 work_track.cpp:102] Succeeded to set track lock for frame 4
I1014 15:41:06.883890  9329 work_track.cpp:116] Succeeded to release track lock for frame 4
I1014 15:41:06.883904  9329 work_track.cpp:120] Track results of frame 4: 0 objects input, 0 objects tracked!
I1014 15:41:06.883922  9329 work_thread.hpp:87]  [T-Work-Detect_0] Frame :4 split
I1014 15:41:06.883967  9332 thread_intergrate.hpp:78] [T-Intergrate-intergrate] queue: frame output frame :4
I1014 15:41:06.885522  9328 demo_inner.hpp:435] thread [SORT-0]  frame id 4 sorting queue size 0   FPS: 28.0374
I1014 15:41:06.885596  9327 demo_inner.hpp:260]  gui queue size 0, state = running
I1014 15:41:06.906704  9326 demo_inner.hpp:177] decode queue size 0
I1014 15:41:06.906824  9329 work_thread.hpp:81]  [T-Work-Detect_0] Run work: WorkDetect
I1014 15:41:06.906860  9329 work_detect.cpp:102] Succeeded to add det start for frame 5
I1014 15:41:06.913424  9329 work_detect.cpp:70] Frame :5 detect result :0 face(s)
I1014 15:41:06.913460  9329 work_detect.cpp:120] Succeeded to add det end for frame 5
I1014 15:41:06.913475  9329 work_thread.hpp:81]  [T-Work-Detect_0] Run work: WrokTrack
I1014 15:41:06.913502  9329 work_track.cpp:102] Succeeded to set track lock for frame 5
I1014 15:41:06.913528  9329 work_track.cpp:116] Succeeded to release track lock for frame 5
I1014 15:41:06.913542  9329 work_track.cpp:120] Track results of frame 5: 0 objects input, 0 objects tracked!
I1014 15:41:06.913560  9329 work_thread.hpp:87]  [T-Work-Detect_0] Frame :5 split
I1014 15:41:06.913616  9332 thread_intergrate.hpp:78] [T-Intergrate-intergrate] queue: frame output frame :5
I1014 15:41:06.915093  9328 demo_inner.hpp:435] thread [SORT-0]  frame id 5 sorting queue size 0   FPS: 29.1971
I1014 15:41:06.915158  9327 demo_inner.hpp:260]  gui queue size 0, state = running
I1014 15:41:06.942771  9326 demo_inner.hpp:177] decode queue size 0
I1014 15:41:06.942911  9329 work_thread.hpp:81]  [T-Work-Detect_0] Run work: WorkDetect
I1014 15:41:06.942983  9329 work_detect.cpp:102] Succeeded to add det start for frame 6
I1014 15:41:06.950286  9329 work_detect.cpp:70] Frame :6 detect result :0 face(s)
I1014 15:41:06.950425  9329 work_detect.cpp:120] Succeeded to add det end for frame 6
I1014 15:41:06.950444  9329 work_thread.hpp:81]  [T-Work-Detect_0] Run work: WrokTrack
I1014 15:41:06.950479  9329 work_track.cpp:102] Succeeded to set track lock for frame 6
I1014 15:41:06.950505  9329 work_track.cpp:116] Succeeded to release track lock for frame 6
I1014 15:41:06.950520  9329 work_track.cpp:120] Track results of frame 6: 0 objects input, 0 objects tracked!
I1014 15:41:06.950537  9329 work_thread.hpp:87]  [T-Work-Detect_0] Frame :6 split
I1014 15:41:06.950616  9332 thread_intergrate.hpp:78] [T-Intergrate-intergrate] queue: frame output frame :6
I1014 15:41:06.952302  9328 demo_inner.hpp:435] thread [SORT-0]  frame id 6 sorting queue size 0   FPS: 28.7356
I1014 15:41:06.952369  9327 demo_inner.hpp:260]  gui queue size 0, state = running
I1014 15:41:06.973161  9326 demo_inner.hpp:177] decode queue size 0
I1014 15:41:06.973280  9329 work_thread.hpp:81]  [T-Work-Detect_0] Run work: WorkDetect
I1014 15:41:06.973318  9329 work_detect.cpp:102] Succeeded to add det start for frame 7
I1014 15:41:06.980571  9329 work_detect.cpp:70] Frame :7 detect result :0 face(s)
I1014 15:41:06.980696  9329 work_detect.cpp:120] Succeeded to add det end for frame 7
I1014 15:41:06.980721  9329 work_thread.hpp:81]  [T-Work-Detect_0] Run work: WrokTrack
I1014 15:41:06.980751  9329 work_track.cpp:102] Succeeded to set track lock for frame 7
I1014 15:41:06.980777  9329 work_track.cpp:116] Succeeded to release track lock for frame 7
I1014 15:41:06.980792  9329 work_track.cpp:120] Track results of frame 7: 0 objects input, 0 objects tracked!
I1014 15:41:06.980810  9329 work_thread.hpp:87]  [T-Work-Detect_0] Frame :7 split
I1014 15:41:06.980890  9332 thread_intergrate.hpp:78] [T-Intergrate-intergrate] queue: frame output frame :7
I1014 15:41:06.982453  9328 demo_inner.hpp:435] thread [SORT-0]  frame id 7 sorting queue size 0   FPS: 29.4118
I1014 15:41:06.982522  9327 demo_inner.hpp:260]  gui queue size 0, state = running
I1014 15:41:07.009620  9326 demo_inner.hpp:177] decode queue size 0
I1014 15:41:07.009776  9329 work_thread.hpp:81]  [T-Work-Detect_0] Run work: WorkDetect
I1014 15:41:07.009814  9329 work_detect.cpp:102] Succeeded to add det start for frame 8
I1014 15:41:07.016965  9329 work_detect.cpp:70] Frame :8 detect result :0 face(s)
I1014 15:41:07.017014  9329 work_detect.cpp:120] Succeeded to add det end for frame 8
I1014 15:41:07.017030  9329 work_thread.hpp:81]  [T-Work-Detect_0] Run work: WrokTrack
I1014 15:41:07.017058  9329 work_track.cpp:102] Succeeded to set track lock for frame 8
I1014 15:41:07.017084  9329 work_track.cpp:116] Succeeded to release track lock for frame 8
I1014 15:41:07.017098  9329 work_track.cpp:120] Track results of frame 8: 0 objects input, 0 objects tracked!
I1014 15:41:07.017117  9329 work_thread.hpp:87]  [T-Work-Detect_0] Frame :8 split
I1014 15:41:07.017161  9332 thread_intergrate.hpp:78] [T-Intergrate-intergrate] queue: frame output frame :8
I1014 15:41:07.018780  9328 demo_inner.hpp:435] thread [SORT-0]  frame id 8 sorting queue size 0   FPS: 29.1667
I1014 15:41:07.018851  9327 demo_inner.hpp:260]  gui queue size 0, state = running
I1014 15:41:07.044608  9326 demo_inner.hpp:177] decode queue size 0
I1014 15:41:07.044724  9329 work_thread.hpp:81]  [T-Work-Detect_0] Run work: WorkDetect
I1014 15:41:07.044764  9329 work_detect.cpp:102] Succeeded to add det start for frame 9
I1014 15:41:07.051599  9329 work_detect.cpp:70] Frame :9 detect result :0 face(s)
I1014 15:41:07.051683  9329 work_detect.cpp:120] Succeeded to add det end for frame 9
I1014 15:41:07.051702  9329 work_thread.hpp:81]  [T-Work-Detect_0] Run work: WrokTrack
I1014 15:41:07.051731  9329 work_track.cpp:102] Succeeded to set track lock for frame 9
I1014 15:41:07.051760  9329 work_track.cpp:116] Succeeded to release track lock for frame 9
I1014 15:41:07.051775  9329 work_track.cpp:120] Track results of frame 9: 0 objects input, 0 objects tracked!
I1014 15:41:07.051795  9329 work_thread.hpp:87]  [T-Work-Detect_0] Frame :9 split
I1014 15:41:07.051968  9332 thread_intergrate.hpp:78] [T-Intergrate-intergrate] queue: frame output frame :9
I1014 15:41:07.053673  9328 demo_inner.hpp:435] thread [SORT-0]  frame id 9 sorting queue size 0   FPS: 29.0909
I1014 15:41:07.053755  9327 demo_inner.hpp:260]  gui queue size 0, state = running
I1014 15:41:07.075198  9326 demo_inner.hpp:177] decode queue size 0
I1014 15:41:07.075326  9329 work_thread.hpp:81]  [T-Work-Detect_0] Run work: WorkDetect
I1014 15:41:07.075363  9329 work_detect.cpp:102] Succeeded to add det start for frame 10
I1014 15:41:07.082082  9329 work_detect.cpp:70] Frame :10 detect result :0 face(s)
I1014 15:41:07.082150  9329 work_detect.cpp:120] Succeeded to add det end for frame 10
I1014 15:41:07.082168  9329 work_thread.hpp:81]  [T-Work-Detect_0] Run work: WrokTrack
I1014 15:41:07.082198  9329 work_track.cpp:102] Succeeded to set track lock for frame 10
I1014 15:41:07.082228  9329 work_track.cpp:116] Succeeded to release track lock for frame 10
I1014 15:41:07.082242  9329 work_track.cpp:120] Track results of frame 10: 0 objects input, 0 objects tracked!
I1014 15:41:07.082263  9329 work_thread.hpp:87]  [T-Work-Detect_0] Frame :10 split
I1014 15:41:07.082386  9332 thread_intergrate.hpp:78] [T-Intergrate-intergrate] queue: frame output frame :10
I1014 15:41:07.084153  9328 demo_inner.hpp:435] thread [SORT-0]  frame id 10 sorting queue size 0   FPS: 29.5082
I1014 15:41:07.084393  9327 demo_inner.hpp:260]  gui queue size 0, state = running
I1014 15:41:07.111296  9326 demo_inner.hpp:177] decode queue size 0
I1014 15:41:07.111415  9329 work_thread.hpp:81]  [T-Work-Detect_0] Run work: WorkDetect
I1014 15:41:07.111449  9329 work_detect.cpp:102] Succeeded to add det start for frame 11
I1014 15:41:07.118249  9329 work_detect.cpp:70] Frame :11 detect result :0 face(s)
I1014 15:41:07.118322  9329 work_detect.cpp:120] Succeeded to add det end for frame 11
I1014 15:41:07.118340  9329 work_thread.hpp:81]  [T-Work-Detect_0] Run work: WrokTrack
I1014 15:41:07.118371  9329 work_track.cpp:102] Succeeded to set track lock for frame 11
I1014 15:41:07.118397  9329 work_track.cpp:116] Succeeded to release track lock for frame 11
I1014 15:41:07.118412  9329 work_track.cpp:120] Track results of frame 11: 0 objects input, 0 objects tracked!
I1014 15:41:07.118430  9329 work_thread.hpp:87]  [T-Work-Detect_0] Frame :11 split
I1014 15:41:07.118541  9332 thread_intergrate.hpp:78] [T-Intergrate-intergrate] queue: frame output frame :11
I1014 15:41:07.120512  9328 demo_inner.hpp:435] thread [SORT-0]  frame id 11 sorting queue size 0   FPS: 29.2398
I1014 15:41:07.120659  9327 demo_inner.hpp:260]  gui queue size 0, state = running
I1014 15:41:07.140895  9326 demo_inner.hpp:177] decode queue size 0
I1014 15:41:07.140995  9329 work_thread.hpp:81]  [T-Work-Detect_0] Run work: WorkDetect
I1014 15:41:07.141026  9329 work_detect.cpp:102] Succeeded to add det start for frame 12
I1014 15:41:07.147394  9329 work_detect.cpp:70] Frame :12 detect result :0 face(s)
I1014 15:41:07.147446  9329 work_detect.cpp:120] Succeeded to add det end for frame 12
I1014 15:41:07.147464  9329 work_thread.hpp:81]  [T-Work-Detect_0] Run work: WrokTrack
I1014 15:41:07.147490  9329 work_track.cpp:102] Succeeded to set track lock for frame 12
I1014 15:41:07.147516  9329 work_track.cpp:116] Succeeded to release track lock for frame 12
I1014 15:41:07.147529  9329 work_track.cpp:120] Track results of frame 12: 0 objects input, 0 objects tracked!
I1014 15:41:07.147547  9329 work_thread.hpp:87]  [T-Work-Detect_0] Frame :12 split
I1014 15:41:07.147593  9332 thread_intergrate.hpp:78] [T-Intergrate-intergrate] queue: frame output frame :12
I1014 15:41:07.149183  9328 demo_inner.hpp:435] thread [SORT-0]  frame id 12 sorting queue size 0   FPS: 29.6496
I1014 15:41:07.149260  9327 demo_inner.hpp:260]  gui queue size 0, state = running
I1014 15:41:07.176779  9326 demo_inner.hpp:177] decode queue size 0
I1014 15:41:07.176874  9329 work_thread.hpp:81]  [T-Work-Detect_0] Run work: WorkDetect
I1014 15:41:07.176906  9329 work_detect.cpp:102] Succeeded to add det start for frame 13
I1014 15:41:07.183297  9329 work_detect.cpp:70] Frame :13 detect result :0 face(s)
I1014 15:41:07.183343  9329 work_detect.cpp:120] Succeeded to add det end for frame 13
I1014 15:41:07.183360  9329 work_thread.hpp:81]  [T-Work-Detect_0] Run work: WrokTrack
I1014 15:41:07.183388  9329 work_track.cpp:102] Succeeded to set track lock for frame 13
I1014 15:41:07.183415  9329 work_track.cpp:116] Succeeded to release track lock for frame 13
I1014 15:41:07.183430  9329 work_track.cpp:120] Track results of frame 13: 0 objects input, 0 objects tracked!
I1014 15:41:07.183449  9329 work_thread.hpp:87]  [T-Work-Detect_0] Frame :13 split
I1014 15:41:07.183506  9332 thread_intergrate.hpp:78] [T-Intergrate-intergrate] queue: frame output frame :13
I1014 15:41:07.185129  9328 demo_inner.hpp:435] thread [SORT-0]  frame id 13 sorting queue size 0   FPS: 29.484
I1014 15:41:07.185227  9327 demo_inner.hpp:260]  gui queue size 0, state = running
I1014 15:41:07.207082  9326 demo_inner.hpp:177] decode queue size 0
I1014 15:41:07.207180  9329 work_thread.hpp:81]  [T-Work-Detect_0] Run work: WorkDetect
I1014 15:41:07.207214  9329 work_detect.cpp:102] Succeeded to add det start for frame 14
I1014 15:41:07.213636  9329 work_detect.cpp:70] Frame :14 detect result :0 face(s)
I1014 15:41:07.213690  9329 work_detect.cpp:120] Succeeded to add det end for frame 14
I1014 15:41:07.213706  9329 work_thread.hpp:81]  [T-Work-Detect_0] Run work: WrokTrack
I1014 15:41:07.213734  9329 work_track.cpp:102] Succeeded to set track lock for frame 14
I1014 15:41:07.213760  9329 work_track.cpp:116] Succeeded to release track lock for frame 14
I1014 15:41:07.213774  9329 work_track.cpp:120] Track results of frame 14: 0 objects input, 0 objects tracked!
I1014 15:41:07.213793  9329 work_thread.hpp:87]  [T-Work-Detect_0] Frame :14 split
I1014 15:41:07.213848  9332 thread_intergrate.hpp:78] [T-Intergrate-intergrate] queue: frame output frame :14
I1014 15:41:07.215487  9328 demo_inner.hpp:435] thread [SORT-0]  frame id 14 sorting queue size 0   FPS: 29.7483
I1014 15:41:07.215562  9327 demo_inner.hpp:260]  gui queue size 0, state = running
I1014 15:41:07.243054  9326 demo_inner.hpp:177] decode queue size 0
I1014 15:41:07.243149  9329 work_thread.hpp:81]  [T-Work-Detect_0] Run work: WorkDetect
I1014 15:41:07.243183  9329 work_detect.cpp:102] Succeeded to add det start for frame 15
I1014 15:41:07.249604  9329 work_detect.cpp:70] Frame :15 detect result :0 face(s)
I1014 15:41:07.249657  9329 work_detect.cpp:120] Succeeded to add det end for frame 15
I1014 15:41:07.249673  9329 work_thread.hpp:81]  [T-Work-Detect_0] Run work: WrokTrack
I1014 15:41:07.249701  9329 work_track.cpp:102] Succeeded to set track lock for frame 15
I1014 15:41:07.249727  9329 work_track.cpp:116] Succeeded to release track lock for frame 15
I1014 15:41:07.249740  9329 work_track.cpp:120] Track results of frame 15: 0 objects input, 0 objects tracked!
I1014 15:41:07.249758  9329 work_thread.hpp:87]  [T-Work-Detect_0] Frame :15 split
I1014 15:41:07.249825  9332 thread_intergrate.hpp:78] [T-Intergrate-intergrate] queue: frame output frame :15
I1014 15:41:07.251497  9328 demo_inner.hpp:435] thread [SORT-0]  frame id 15 sorting queue size 0   FPS: 29.5983
I1014 15:41:07.251591  9327 demo_inner.hpp:260]  gui queue size 0, state = running
I1014 15:41:07.279008  9326 demo_inner.hpp:177] decode queue size 0
I1014 15:41:07.279108  9329 work_thread.hpp:81]  [T-Work-Detect_0] Run work: WorkDetect
I1014 15:41:07.279140  9329 work_detect.cpp:102] Succeeded to add det start for frame 16
I1014 15:41:07.285511  9329 work_detect.cpp:70] Frame :16 detect result :0 face(s)
I1014 15:41:07.285569  9329 work_detect.cpp:120] Succeeded to add det end for frame 16
I1014 15:41:07.285588  9329 work_thread.hpp:81]  [T-Work-Detect_0] Run work: WrokTrack
I1014 15:41:07.285614  9329 work_track.cpp:102] Succeeded to set track lock for frame 16
I1014 15:41:07.285640  9329 work_track.cpp:116] Succeeded to release track lock for frame 16
I1014 15:41:07.285653  9329 work_track.cpp:120] Track results of frame 16: 0 objects input, 0 objects tracked!
I1014 15:41:07.285748  9329 work_thread.hpp:87]  [T-Work-Detect_0] Frame :16 split
I1014 15:41:07.285800  9332 thread_intergrate.hpp:78] [T-Intergrate-intergrate] queue: frame output frame :16
I1014 15:41:07.287381  9328 demo_inner.hpp:435] thread [SORT-0]  frame id 16 sorting queue size 0   FPS: 29.4695
I1014 15:41:07.287478  9327 demo_inner.hpp:260]  gui queue size 0, state = running
I1014 15:41:07.309142  9326 demo_inner.hpp:177] decode queue size 0
I1014 15:41:07.309233  9329 work_thread.hpp:81]  [T-Work-Detect_0] Run work: WorkDetect
I1014 15:41:07.309265  9329 work_detect.cpp:102] Succeeded to add det start for frame 17
I1014 15:41:07.315585  9329 work_detect.cpp:70] Frame :17 detect result :0 face(s)
I1014 15:41:07.315634  9329 work_detect.cpp:120] Succeeded to add det end for frame 17
I1014 15:41:07.315651  9329 work_thread.hpp:81]  [T-Work-Detect_0] Run work: WrokTrack
I1014 15:41:07.315680  9329 work_track.cpp:102] Succeeded to set track lock for frame 17
I1014 15:41:07.315706  9329 work_track.cpp:116] Succeeded to release track lock for frame 17
I1014 15:41:07.315719  9329 work_track.cpp:120] Track results of frame 17: 0 objects input, 0 objects tracked!
I1014 15:41:07.315737  9329 work_thread.hpp:87]  [T-Work-Detect_0] Frame :17 split
I1014 15:41:07.315794  9332 thread_intergrate.hpp:78] [T-Intergrate-intergrate] queue: frame output frame :17
I1014 15:41:07.317431  9328 demo_inner.hpp:435] thread [SORT-0]  frame id 17 sorting queue size 0   FPS: 29.6846
I1014 15:41:07.317533  9327 demo_inner.hpp:260]  gui queue size 0, state = running
I1014 15:41:07.345042  9326 demo_inner.hpp:177] decode queue size 0
I1014 15:41:07.345144  9329 work_thread.hpp:81]  [T-Work-Detect_0] Run work: WorkDetect
I1014 15:41:07.345176  9329 work_detect.cpp:102] Succeeded to add det start for frame 18
I1014 15:41:07.351534  9329 work_detect.cpp:70] Frame :18 detect result :0 face(s)
I1014 15:41:07.351583  9329 work_detect.cpp:120] Succeeded to add det end for frame 18
I1014 15:41:07.351599  9329 work_thread.hpp:81]  [T-Work-Detect_0] Run work: WrokTrack
I1014 15:41:07.351625  9329 work_track.cpp:102] Succeeded to set track lock for frame 18
I1014 15:41:07.351651  9329 work_track.cpp:116] Succeeded to release track lock for frame 18
I1014 15:41:07.351665  9329 work_track.cpp:120] Track results of frame 18: 0 objects input, 0 objects tracked!
I1014 15:41:07.351683  9329 work_thread.hpp:87]  [T-Work-Detect_0] Frame :18 split
I1014 15:41:07.351728  9332 thread_intergrate.hpp:78] [T-Intergrate-intergrate] queue: frame output frame :18
I1014 15:41:07.353302  9328 demo_inner.hpp:435] thread [SORT-0]  frame id 18 sorting queue size 0   FPS: 29.5652
I1014 15:41:07.353435  9327 demo_inner.hpp:260]  gui queue size 0, state = running
I1014 15:41:07.375241  9326 demo_inner.hpp:177] decode queue size 0
I1014 15:41:07.375339  9329 work_thread.hpp:81]  [T-Work-Detect_0] Run work: WorkDetect
I1014 15:41:07.375371  9329 work_detect.cpp:102] Succeeded to add det start for frame 19
I1014 15:41:07.381773  9329 work_detect.cpp:70] Frame :19 detect result :0 face(s)
I1014 15:41:07.381825  9329 work_detect.cpp:120] Succeeded to add det end for frame 19
I1014 15:41:07.381842  9329 work_thread.hpp:81]  [T-Work-Detect_0] Run work: WrokTrack
I1014 15:41:07.381870  9329 work_track.cpp:102] Succeeded to set track lock for frame 19
I1014 15:41:07.381896  9329 work_track.cpp:116] Succeeded to release track lock for frame 19
I1014 15:41:07.381908  9329 work_track.cpp:120] Track results of frame 19: 0 objects input, 0 objects tracked!
I1014 15:41:07.381927  9329 work_thread.hpp:87]  [T-Work-Detect_0] Frame :19 split
I1014 15:41:07.381979  9332 thread_intergrate.hpp:78] [T-Intergrate-intergrate] queue: frame output frame :19
I1014 15:41:07.383682  9328 demo_inner.hpp:435] thread [SORT-0]  frame id 19 sorting queue size 0   FPS: 29.7521
I1014 15:41:07.383754  9327 demo_inner.hpp:260]  gui queue size 0, state = running
I1014 15:41:07.411100  9326 demo_inner.hpp:177] decode queue size 0
I1014 15:41:07.411206  9329 work_thread.hpp:81]  [T-Work-Detect_0] Run work: WorkDetect
I1014 15:41:07.411310  9329 work_detect.cpp:102] Succeeded to add det start for frame 20
I1014 15:41:07.417707  9329 work_detect.cpp:70] Frame :20 detect result :0 face(s)
I1014 15:41:07.417757  9329 work_detect.cpp:120] Succeeded to add det end for frame 20
I1014 15:41:07.417773  9329 work_thread.hpp:81]  [T-Work-Detect_0] Run work: WrokTrack
I1014 15:41:07.417800  9329 work_track.cpp:102] Succeeded to set track lock for frame 20
I1014 15:41:07.417826  9329 work_track.cpp:116] Succeeded to release track lock for frame 20
I1014 15:41:07.417840  9329 work_track.cpp:120] Track results of frame 20: 0 objects input, 0 objects tracked!
I1014 15:41:07.417858  9329 work_thread.hpp:87]  [T-Work-Detect_0] Frame :20 split
I1014 15:41:07.417945  9332 thread_intergrate.hpp:78] [T-Intergrate-intergrate] queue: frame output frame :20
I1014 15:41:07.419560  9328 demo_inner.hpp:435] thread [SORT-0]  frame id 20 sorting queue size 0   FPS: 29.6412
I1014 15:41:07.419646  9327 demo_inner.hpp:260]  gui queue size 0, state = running
I1014 15:41:07.441176  9326 demo_inner.hpp:177] decode queue size 0
I1014 15:41:07.441268  9329 work_thread.hpp:81]  [T-Work-Detect_0] Run work: WorkDetect
I1014 15:41:07.441300  9329 work_detect.cpp:102] Succeeded to add det start for frame 21
I1014 15:41:07.447666  9329 work_detect.cpp:70] Frame :21 detect result :1 face(s)
W1014 15:41:07.447707  9329 work_detect.cpp:83] Invalid bbox: [130 x 106 from (239, 278)]
I1014 15:41:07.447779  9329 work_detect.cpp:120] Succeeded to add det end for frame 21
I1014 15:41:07.447796  9329 work_thread.hpp:81]  [T-Work-Detect_0] Run work: WrokTrack
I1014 15:41:07.447824  9329 work_track.cpp:102] Succeeded to set track lock for frame 21
I1014 15:41:07.447850  9329 work_track.cpp:116] Succeeded to release track lock for frame 21
I1014 15:41:07.447863  9329 work_track.cpp:120] Track results of frame 21: 0 objects input, 0 objects tracked!
I1014 15:41:07.447882  9329 work_thread.hpp:87]  [T-Work-Detect_0] Frame :21 split
I1014 15:41:07.447939  9332 thread_intergrate.hpp:78] [T-Intergrate-intergrate] queue: frame output frame :21
I1014 15:41:07.449710  9328 demo_inner.hpp:435] thread [SORT-0]  frame id 21 sorting queue size 0   FPS: 29.8063
I1014 15:41:07.449847  9327 demo_inner.hpp:260]  gui queue size 0, state = running
I1014 15:41:07.477171  9326 demo_inner.hpp:177] decode queue size 0
I1014 15:41:07.477283  9329 work_thread.hpp:81]  [T-Work-Detect_0] Run work: WorkDetect
I1014 15:41:07.477321  9329 work_detect.cpp:102] Succeeded to add det start for frame 22
I1014 15:41:07.483670  9329 work_detect.cpp:70] Frame :22 detect result :0 face(s)
I1014 15:41:07.483723  9329 work_detect.cpp:120] Succeeded to add det end for frame 22
I1014 15:41:07.483741  9329 work_thread.hpp:81]  [T-Work-Detect_0] Run work: WrokTrack
I1014 15:41:07.483769  9329 work_track.cpp:102] Succeeded to set track lock for frame 22
I1014 15:41:07.483795  9329 work_track.cpp:116] Succeeded to release track lock for frame 22
I1014 15:41:07.483809  9329 work_track.cpp:120] Track results of frame 22: 0 objects input, 0 objects tracked!
I1014 15:41:07.483827  9329 work_thread.hpp:87]  [T-Work-Detect_0] Frame :22 split
I1014 15:41:07.483872  9332 thread_intergrate.hpp:78] [T-Intergrate-intergrate] queue: frame output frame :22
I1014 15:41:07.485436  9328 demo_inner.hpp:435] thread [SORT-0]  frame id 22 sorting queue size 0   FPS: 29.703
I1014 15:41:07.485508  9327 demo_inner.hpp:260]  gui queue size 0, state = running
I1014 15:41:07.507234  9326 demo_inner.hpp:177] decode queue size 0
I1014 15:41:07.507328  9329 work_thread.hpp:81]  [T-Work-Detect_0] Run work: WorkDetect
I1014 15:41:07.507360  9329 work_detect.cpp:102] Succeeded to add det start for frame 23
I1014 15:41:07.513707  9329 work_detect.cpp:70] Frame :23 detect result :0 face(s)
I1014 15:41:07.513748  9329 work_detect.cpp:120] Succeeded to add det end for frame 23
I1014 15:41:07.513764  9329 work_thread.hpp:81]  [T-Work-Detect_0] Run work: WrokTrack
I1014 15:41:07.513792  9329 work_track.cpp:102] Succeeded to set track lock for frame 23
I1014 15:41:07.513818  9329 work_track.cpp:116] Succeeded to release track lock for frame 23
I1014 15:41:07.513902  9329 work_track.cpp:120] Track results of frame 23: 0 objects input, 0 objects tracked!
I1014 15:41:07.513923  9329 work_thread.hpp:87]  [T-Work-Detect_0] Frame :23 split
I1014 15:41:07.513979  9332 thread_intergrate.hpp:78] [T-Intergrate-intergrate] queue: frame output frame :23
I1014 15:41:07.515612  9328 demo_inner.hpp:435] thread [SORT-0]  frame id 23 sorting queue size 0   FPS: 29.8507
I1014 15:41:07.515683  9327 demo_inner.hpp:260]  gui queue size 0, state = running
I1014 15:41:07.543082  9326 demo_inner.hpp:177] decode queue size 0
I1014 15:41:07.543182  9329 work_thread.hpp:81]  [T-Work-Detect_0] Run work: WorkDetect
I1014 15:41:07.543215  9329 work_detect.cpp:102] Succeeded to add det start for frame 24
I1014 15:41:07.549680  9329 work_detect.cpp:70] Frame :24 detect result :0 face(s)
I1014 15:41:07.549734  9329 work_detect.cpp:120] Succeeded to add det end for frame 24
I1014 15:41:07.549751  9329 work_thread.hpp:81]  [T-Work-Detect_0] Run work: WrokTrack
I1014 15:41:07.549779  9329 work_track.cpp:102] Succeeded to set track lock for frame 24
I1014 15:41:07.549804  9329 work_track.cpp:116] Succeeded to release track lock for frame 24
I1014 15:41:07.549818  9329 work_track.cpp:120] Track results of frame 24: 0 objects input, 0 objects tracked!
I1014 15:41:07.549837  9329 work_thread.hpp:87]  [T-Work-Detect_0] Frame :24 split
I1014 15:41:07.549880  9332 thread_intergrate.hpp:78] [T-Intergrate-intergrate] queue: frame output frame :24
I1014 15:41:07.551450  9328 demo_inner.hpp:435] thread [SORT-0]  frame id 24 sorting queue size 0   FPS: 29.7542
I1014 15:41:07.551534  9327 demo_inner.hpp:260]  gui queue size 0, state = running
I1014 15:41:07.579078  9326 demo_inner.hpp:177] decode queue size 0
I1014 15:41:07.579180  9329 work_thread.hpp:81]  [T-Work-Detect_0] Run work: WorkDetect
I1014 15:41:07.579213  9329 work_detect.cpp:102] Succeeded to add det start for frame 25
I1014 15:41:07.585649  9329 work_detect.cpp:70] Frame :25 detect result :1 face(s)
W1014 15:41:07.585692  9329 work_detect.cpp:83] Invalid bbox: [143 x 137 from (207, 253)]
I1014 15:41:07.585764  9329 work_detect.cpp:120] Succeeded to add det end for frame 25
I1014 15:41:07.585781  9329 work_thread.hpp:81]  [T-Work-Detect_0] Run work: WrokTrack
I1014 15:41:07.585809  9329 work_track.cpp:102] Succeeded to set track lock for frame 25
I1014 15:41:07.585834  9329 work_track.cpp:116] Succeeded to release track lock for frame 25
I1014 15:41:07.585849  9329 work_track.cpp:120] Track results of frame 25: 0 objects input, 0 objects tracked!
I1014 15:41:07.585867  9329 work_thread.hpp:87]  [T-Work-Detect_0] Frame :25 split
I1014 15:41:07.585911  9332 thread_intergrate.hpp:78] [T-Intergrate-intergrate] queue: frame output frame :25
I1014 15:41:07.587635  9328 demo_inner.hpp:435] thread [SORT-0]  frame id 25 sorting queue size 0   FPS: 29.6663
I1014 15:41:07.589300  9327 demo_inner.hpp:260]  gui queue size 0, state = running
I1014 15:41:07.609244  9326 demo_inner.hpp:177] decode queue size 0
I1014 15:41:07.609338  9329 work_thread.hpp:81]  [T-Work-Detect_0] Run work: WorkDetect
I1014 15:41:07.609369  9329 work_detect.cpp:102] Succeeded to add det start for frame 26
I1014 15:41:07.615757  9329 work_detect.cpp:70] Frame :26 detect result :1 face(s)
W1014 15:41:07.615795  9329 work_detect.cpp:83] Invalid bbox: [143 x 141 from (207, 252)]
I1014 15:41:07.615867  9329 work_detect.cpp:120] Succeeded to add det end for frame 26
I1014 15:41:07.615885  9329 work_thread.hpp:81]  [T-Work-Detect_0] Run work: WrokTrack
I1014 15:41:07.615912  9329 work_track.cpp:102] Succeeded to set track lock for frame 26
I1014 15:41:07.615937  9329 work_track.cpp:116] Succeeded to release track lock for frame 26
I1014 15:41:07.615950  9329 work_track.cpp:120] Track results of frame 26: 0 objects input, 0 objects tracked!
I1014 15:41:07.615969  9329 work_thread.hpp:87]  [T-Work-Detect_0] Frame :26 split
I1014 15:41:07.616017  9332 thread_intergrate.hpp:78] [T-Intergrate-intergrate] queue: frame output frame :26
I1014 15:41:07.617655  9328 demo_inner.hpp:435] thread [SORT-0]  frame id 26 sorting queue size 0   FPS: 29.7974
I1014 15:41:07.645532  9326 demo_inner.hpp:177] decode queue size 0
I1014 15:41:07.645637  9329 work_thread.hpp:81]  [T-Work-Detect_0] Run work: WorkDetect
I1014 15:41:07.645670  9329 work_detect.cpp:102] Succeeded to add det start for frame 27
I1014 15:41:07.652067  9329 work_detect.cpp:70] Frame :27 detect result :1 face(s)
W1014 15:41:07.652104  9329 work_detect.cpp:83] Invalid bbox: [141 x 144 from (206, 249)]
I1014 15:41:07.652189  9329 work_detect.cpp:120] Succeeded to add det end for frame 27
I1014 15:41:07.652207  9329 work_thread.hpp:81]  [T-Work-Detect_0] Run work: WrokTrack
I1014 15:41:07.652235  9329 work_track.cpp:102] Succeeded to set track lock for frame 27
I1014 15:41:07.652261  9329 work_track.cpp:116] Succeeded to release track lock for frame 27
I1014 15:41:07.652274  9329 work_track.cpp:120] Track results of frame 27: 0 objects input, 0 objects tracked!
I1014 15:41:07.652292  9329 work_thread.hpp:87]  [T-Work-Detect_0] Frame :27 split
I1014 15:41:07.652336  9332 thread_intergrate.hpp:78] [T-Intergrate-intergrate] queue: frame output frame :27
I1014 15:41:07.653817  9328 demo_inner.hpp:435] thread [SORT-0]  frame id 27 sorting queue size 1   FPS: 29.7143
I1014 15:41:07.656608  9327 demo_inner.hpp:260]  gui queue size 1, state = running
I1014 15:41:07.675215  9326 demo_inner.hpp:177] decode queue size 0
I1014 15:41:07.675309  9329 work_thread.hpp:81]  [T-Work-Detect_0] Run work: WorkDetect
I1014 15:41:07.675341  9329 work_detect.cpp:102] Succeeded to add det start for frame 28
I1014 15:41:07.681874  9329 work_detect.cpp:70] Frame :28 detect result :1 face(s)
W1014 15:41:07.681921  9329 work_detect.cpp:83] Invalid bbox: [143 x 146 from (204, 249)]
I1014 15:41:07.681993  9329 work_detect.cpp:120] Succeeded to add det end for frame 28
I1014 15:41:07.682010  9329 work_thread.hpp:81]  [T-Work-Detect_0] Run work: WrokTrack
I1014 15:41:07.682039  9329 work_track.cpp:102] Succeeded to set track lock for frame 28
I1014 15:41:07.682065  9329 work_track.cpp:116] Succeeded to release track lock for frame 28
I1014 15:41:07.682078  9329 work_track.cpp:120] Track results of frame 28: 0 objects input, 0 objects tracked!
I1014 15:41:07.682097  9329 work_thread.hpp:87]  [T-Work-Detect_0] Frame :28 split
I1014 15:41:07.682143  9332 thread_intergrate.hpp:78] [T-Intergrate-intergrate] queue: frame output frame :28
I1014 15:41:07.683841  9328 demo_inner.hpp:435] thread [SORT-0]  frame id 28 sorting queue size 0   FPS: 29.8343
I1014 15:41:07.711148  9326 demo_inner.hpp:177] decode queue size 0
I1014 15:41:07.711247  9329 work_thread.hpp:81]  [T-Work-Detect_0] Run work: WorkDetect
I1014 15:41:07.711279  9329 work_detect.cpp:102] Succeeded to add det start for frame 29
I1014 15:41:07.717748  9329 work_detect.cpp:70] Frame :29 detect result :1 face(s)
W1014 15:41:07.717793  9329 work_detect.cpp:83] Invalid bbox: [145 x 145 from (201, 249)]
I1014 15:41:07.717866  9329 work_detect.cpp:120] Succeeded to add det end for frame 29
I1014 15:41:07.717883  9329 work_thread.hpp:81]  [T-Work-Detect_0] Run work: WrokTrack
I1014 15:41:07.717911  9329 work_track.cpp:102] Succeeded to set track lock for frame 29
I1014 15:41:07.717937  9329 work_track.cpp:116] Succeeded to release track lock for frame 29
I1014 15:41:07.717950  9329 work_track.cpp:120] Track results of frame 29: 0 objects input, 0 objects tracked!
I1014 15:41:07.717969  9329 work_thread.hpp:87]  [T-Work-Detect_0] Frame :29 split
I1014 15:41:07.718014  9332 thread_intergrate.hpp:78] [T-Intergrate-intergrate] queue: frame output frame :29
I1014 15:41:07.719610  9328 demo_inner.hpp:435] thread [SORT-0]  frame id 29 sorting queue size 1   FPS: 29.7556
I1014 15:41:07.740146  9327 demo_inner.hpp:260]  gui queue size 1, state = running
I1014 15:41:07.741351  9326 demo_inner.hpp:177] decode queue size 0
I1014 15:41:07.741454  9329 work_thread.hpp:81]  [T-Work-Detect_0] Run work: WorkDetect
I1014 15:41:07.741487  9329 work_detect.cpp:102] Succeeded to add det start for frame 30
I1014 15:41:07.747942  9329 work_detect.cpp:70] Frame :30 detect result :1 face(s)
W1014 15:41:07.747994  9329 work_detect.cpp:83] Invalid bbox: [143 x 146 from (202, 251)]
I1014 15:41:07.748067  9329 work_detect.cpp:120] Succeeded to add det end for frame 30
I1014 15:41:07.748085  9329 work_thread.hpp:81]  [T-Work-Detect_0] Run work: WrokTrack
I1014 15:41:07.748112  9329 work_track.cpp:102] Succeeded to set track lock for frame 30
I1014 15:41:07.748138  9329 work_track.cpp:116] Succeeded to release track lock for frame 30
I1014 15:41:07.748152  9329 work_track.cpp:120] Track results of frame 30: 0 objects input, 0 objects tracked!
I1014 15:41:07.748196  9329 work_thread.hpp:87]  [T-Work-Detect_0] Frame :30 split
I1014 15:41:07.748272  9332 thread_intergrate.hpp:78] [T-Intergrate-intergrate] queue: frame output frame :30
I1014 15:41:07.749848  9328 demo_inner.hpp:435] thread [SORT-0]  frame id 30 sorting queue size 0   FPS: 29.8661
I1014 15:41:07.777139  9326 demo_inner.hpp:177] decode queue size 0
I1014 15:41:07.777235  9329 work_thread.hpp:81]  [T-Work-Detect_0] Run work: WorkDetect
I1014 15:41:07.777267  9329 work_detect.cpp:102] Succeeded to add det start for frame 31
I1014 15:41:07.783638  9329 work_detect.cpp:70] Frame :31 detect result :1 face(s)
W1014 15:41:07.783679  9329 work_detect.cpp:83] Invalid bbox: [142 x 139 from (202, 252)]
I1014 15:41:07.783751  9329 work_detect.cpp:120] Succeeded to add det end for frame 31
I1014 15:41:07.783766  9329 work_thread.hpp:81]  [T-Work-Detect_0] Run work: WrokTrack
I1014 15:41:07.783793  9329 work_track.cpp:102] Succeeded to set track lock for frame 31
I1014 15:41:07.783819  9329 work_track.cpp:116] Succeeded to release track lock for frame 31
I1014 15:41:07.783833  9329 work_track.cpp:120] Track results of frame 31: 0 objects input, 0 objects tracked!
I1014 15:41:07.783851  9329 work_thread.hpp:87]  [T-Work-Detect_0] Frame :31 split
I1014 15:41:07.783895  9332 thread_intergrate.hpp:78] [T-Intergrate-intergrate] queue: frame output frame :31
I1014 15:41:07.785547  9328 demo_inner.hpp:435] thread [SORT-0]  frame id 31 sorting queue size 1   FPS: 29.7915
I1014 15:41:07.813591  9326 demo_inner.hpp:177] decode queue size 0
I1014 15:41:07.813702  9329 work_thread.hpp:81]  [T-Work-Detect_0] Run work: WorkDetect
I1014 15:41:07.813735  9329 work_detect.cpp:102] Succeeded to add det start for frame 32
I1014 15:41:07.818284  9327 demo_inner.hpp:260]  gui queue size 1, state = running
I1014 15:41:07.820415  9329 work_detect.cpp:70] Frame :32 detect result :1 face(s)
W1014 15:41:07.820474  9329 work_detect.cpp:83] Invalid bbox: [143 x 145 from (202, 251)]
I1014 15:41:07.820564  9329 work_detect.cpp:120] Succeeded to add det end for frame 32
I1014 15:41:07.820582  9329 work_thread.hpp:81]  [T-Work-Detect_0] Run work: WrokTrack
I1014 15:41:07.820612  9329 work_track.cpp:102] Succeeded to set track lock for frame 32
I1014 15:41:07.820641  9329 work_track.cpp:116] Succeeded to release track lock for frame 32
I1014 15:41:07.820655  9329 work_track.cpp:120] Track results of frame 32: 0 objects input, 0 objects tracked!
I1014 15:41:07.820674  9329 work_thread.hpp:87]  [T-Work-Detect_0] Frame :32 split
I1014 15:41:07.820762  9332 thread_intergrate.hpp:78] [T-Intergrate-intergrate] queue: frame output frame :32
I1014 15:41:07.822578  9328 demo_inner.hpp:435] thread [SORT-0]  frame id 32 sorting queue size 0   FPS: 29.6935
I1014 15:41:07.843179  9326 demo_inner.hpp:177] decode queue size 0
I1014 15:41:07.843284  9329 work_thread.hpp:81]  [T-Work-Detect_0] Run work: WorkDetect
I1014 15:41:07.843322  9329 work_detect.cpp:102] Succeeded to add det start for frame 33
I1014 15:41:07.849877  9329 work_detect.cpp:70] Frame :33 detect result :1 face(s)
W1014 15:41:07.849931  9329 work_detect.cpp:83] Invalid bbox: [142 x 140 from (202, 251)]
I1014 15:41:07.850005  9329 work_detect.cpp:120] Succeeded to add det end for frame 33
I1014 15:41:07.850023  9329 work_thread.hpp:81]  [T-Work-Detect_0] Run work: WrokTrack
I1014 15:41:07.850051  9329 work_track.cpp:102] Succeeded to set track lock for frame 33
I1014 15:41:07.850122  9329 work_track.cpp:116] Succeeded to release track lock for frame 33
I1014 15:41:07.850138  9329 work_track.cpp:120] Track results of frame 33: 0 objects input, 0 objects tracked!
I1014 15:41:07.850157  9329 work_thread.hpp:87]  [T-Work-Detect_0] Frame :33 split
I1014 15:41:07.850214  9332 thread_intergrate.hpp:78] [T-Intergrate-intergrate] queue: frame output frame :33
I1014 15:41:07.851871  9328 demo_inner.hpp:435] thread [SORT-0]  frame id 33 sorting queue size 1   FPS: 29.8229
I1014 15:41:07.879093  9326 demo_inner.hpp:177] decode queue size 0
I1014 15:41:07.879207  9329 work_thread.hpp:81]  [T-Work-Detect_0] Run work: WorkDetect
I1014 15:41:07.879245  9329 work_detect.cpp:102] Succeeded to add det start for frame 34
I1014 15:41:07.885736  9329 work_detect.cpp:70] Frame :34 detect result :1 face(s)
W1014 15:41:07.885784  9329 work_detect.cpp:83] Invalid bbox: [147 x 151 from (200, 248)]
I1014 15:41:07.885857  9329 work_detect.cpp:120] Succeeded to add det end for frame 34
I1014 15:41:07.885874  9329 work_thread.hpp:81]  [T-Work-Detect_0] Run work: WrokTrack
I1014 15:41:07.885902  9329 work_track.cpp:102] Succeeded to set track lock for frame 34
I1014 15:41:07.885928  9329 work_track.cpp:116] Succeeded to release track lock for frame 34
I1014 15:41:07.885942  9329 work_track.cpp:120] Track results of frame 34: 0 objects input, 0 objects tracked!
I1014 15:41:07.885960  9329 work_thread.hpp:87]  [T-Work-Detect_0] Frame :34 split
I1014 15:41:07.886005  9332 thread_intergrate.hpp:78] [T-Intergrate-intergrate] queue: frame output frame :34
I1014 15:41:07.887629  9328 demo_inner.hpp:435] thread [SORT-0]  frame id 34 sorting queue size 2   FPS: 29.7565
I1014 15:41:07.902210  9327 demo_inner.hpp:260]  gui queue size 2, state = running
I1014 15:41:07.909293  9326 demo_inner.hpp:177] decode queue size 0
I1014 15:41:07.909390  9329 work_thread.hpp:81]  [T-Work-Detect_0] Run work: WorkDetect
I1014 15:41:07.909422  9329 work_detect.cpp:102] Succeeded to add det start for frame 35
I1014 15:41:07.915864  9329 work_detect.cpp:70] Frame :35 detect result :1 face(s)
W1014 15:41:07.915902  9329 work_detect.cpp:83] Invalid bbox: [143 x 144 from (202, 249)]
I1014 15:41:07.915974  9329 work_detect.cpp:120] Succeeded to add det end for frame 35
I1014 15:41:07.915992  9329 work_thread.hpp:81]  [T-Work-Detect_0] Run work: WrokTrack
I1014 15:41:07.916018  9329 work_track.cpp:102] Succeeded to set track lock for frame 35
I1014 15:41:07.916044  9329 work_track.cpp:116] Succeeded to release track lock for frame 35
I1014 15:41:07.916059  9329 work_track.cpp:120] Track results of frame 35: 0 objects input, 0 objects tracked!
I1014 15:41:07.916077  9329 work_thread.hpp:87]  [T-Work-Detect_0] Frame :35 split
I1014 15:41:07.916124  9332 thread_intergrate.hpp:78] [T-Intergrate-intergrate] queue: frame output frame :35
I1014 15:41:07.917737  9328 demo_inner.hpp:435] thread [SORT-0]  frame id 35 sorting queue size 0   FPS: 29.8507
I1014 15:41:07.945195  9326 demo_inner.hpp:177] decode queue size 0
I1014 15:41:07.945295  9329 work_thread.hpp:81]  [T-Work-Detect_0] Run work: WorkDetect
I1014 15:41:07.945327  9329 work_detect.cpp:102] Succeeded to add det start for frame 36
I1014 15:41:07.951704  9329 work_detect.cpp:70] Frame :36 detect result :1 face(s)
W1014 15:41:07.951743  9329 work_detect.cpp:83] Invalid bbox: [145 x 148 from (201, 247)]
I1014 15:41:07.951815  9329 work_detect.cpp:120] Succeeded to add det end for frame 36
I1014 15:41:07.951833  9329 work_thread.hpp:81]  [T-Work-Detect_0] Run work: WrokTrack
I1014 15:41:07.951862  9329 work_track.cpp:102] Succeeded to set track lock for frame 36
I1014 15:41:07.951889  9329 work_track.cpp:116] Succeeded to release track lock for frame 36
I1014 15:41:07.951902  9329 work_track.cpp:120] Track results of frame 36: 0 objects input, 0 objects tracked!
I1014 15:41:07.951920  9329 work_thread.hpp:87]  [T-Work-Detect_0] Frame :36 split
I1014 15:41:07.951964  9332 thread_intergrate.hpp:78] [T-Intergrate-intergrate] queue: frame output frame :36
I1014 15:41:07.953629  9328 demo_inner.hpp:435] thread [SORT-0]  frame id 36 sorting queue size 1   FPS: 29.7872
I1014 15:41:07.969468  9327 demo_inner.hpp:260]  gui queue size 1, state = running
I1014 15:41:07.975354  9326 demo_inner.hpp:177] decode queue size 0
I1014 15:41:07.975445  9329 work_thread.hpp:81]  [T-Work-Detect_0] Run work: WorkDetect
I1014 15:41:07.975476  9329 work_detect.cpp:102] Succeeded to add det start for frame 37
I1014 15:41:07.982041  9329 work_detect.cpp:70] Frame :37 detect result :1 face(s)
W1014 15:41:07.982084  9329 work_detect.cpp:83] Invalid bbox: [141 x 149 from (204, 245)]
