W1014 15:37:10.441081  9224 work_detect.cpp:83] Invalid bbox: [144 x 179 from (248, 198)]
I1014 15:37:10.441177  9224 work_detect.cpp:120] Succeeded to add det end for frame 107
I1014 15:37:10.441195  9224 work_thread.hpp:81]  [T-Work-Detect_0] Run work: WrokTrack
I1014 15:37:10.441220  9224 work_track.cpp:102] Succeeded to set track lock for frame 107
I1014 15:37:10.441246  9224 work_track.cpp:116] Succeeded to release track lock for frame 107
I1014 15:37:10.441260  9224 work_track.cpp:120] Track results of frame 107: 0 objects input, 0 objects tracked!
I1014 15:37:10.441278  9224 work_thread.hpp:87]  [T-Work-Detect_0] Frame :107 split
I1014 15:37:10.441326  9227 thread_intergrate.hpp:78] [T-Intergrate-intergrate] queue: frame output frame :107
I1014 15:37:10.442416  9227 thread_intergrate.hpp:187] T-Intergrate-intergrate Show face :0, size :640 * 360
I1014 15:37:10.443002  9223 demo_inner.hpp:435] thread [SORT-0]  frame id 107 sorting queue size 1   FPS: 30.0197
I1014 15:37:10.461030  9222 demo_inner.hpp:260]  gui queue size 1, state = running
I1014 15:37:10.470412  9221 demo_inner.hpp:177] decode queue size 0
I1014 15:37:10.470513  9224 work_thread.hpp:81]  [T-Work-Detect_0] Run work: WorkDetect
I1014 15:37:10.470547  9224 work_detect.cpp:102] Succeeded to add det start for frame 108
I1014 15:37:10.477264  9224 work_detect.cpp:70] Frame :108 detect result :1 face(s)
W1014 15:37:10.477313  9224 work_detect.cpp:83] Invalid bbox: [148 x 184 from (245, 196)]
I1014 15:37:10.477416  9224 work_detect.cpp:120] Succeeded to add det end for frame 108
I1014 15:37:10.477433  9224 work_thread.hpp:81]  [T-Work-Detect_0] Run work: WrokTrack
I1014 15:37:10.477461  9224 work_track.cpp:102] Succeeded to set track lock for frame 108
I1014 15:37:10.477488  9224 work_track.cpp:116] Succeeded to release track lock for frame 108
I1014 15:37:10.477500  9224 work_track.cpp:120] Track results of frame 108: 0 objects input, 0 objects tracked!
I1014 15:37:10.477563  9224 work_thread.hpp:87]  [T-Work-Detect_0] Frame :108 split
I1014 15:37:10.477612  9227 thread_intergrate.hpp:78] [T-Intergrate-intergrate] queue: frame output frame :108
I1014 15:37:10.478701  9227 thread_intergrate.hpp:187] T-Intergrate-intergrate Show face :0, size :640 * 360
I1014 15:37:10.479279  9223 demo_inner.hpp:435] thread [SORT-0]  frame id 108 sorting queue size 0   FPS: 29.9166
I1014 15:37:10.500532  9221 demo_inner.hpp:177] decode queue size 0
I1014 15:37:10.500648  9224 work_thread.hpp:81]  [T-Work-Detect_0] Run work: WorkDetect
I1014 15:37:10.500684  9224 work_detect.cpp:102] Succeeded to add det start for frame 109
I1014 15:37:10.507382  9224 work_detect.cpp:70] Frame :109 detect result :1 face(s)
W1014 15:37:10.507419  9224 work_detect.cpp:83] Invalid bbox: [143 x 175 from (248, 201)]
I1014 15:37:10.507520  9224 work_detect.cpp:120] Succeeded to add det end for frame 109
I1014 15:37:10.507537  9224 work_thread.hpp:81]  [T-Work-Detect_0] Run work: WrokTrack
I1014 15:37:10.507563  9224 work_track.cpp:102] Succeeded to set track lock for frame 109
I1014 15:37:10.507591  9224 work_track.cpp:116] Succeeded to release track lock for frame 109
I1014 15:37:10.507603  9224 work_track.cpp:120] Track results of frame 109: 0 objects input, 0 objects tracked!
I1014 15:37:10.507622  9224 work_thread.hpp:87]  [T-Work-Detect_0] Frame :109 split
I1014 15:37:10.507668  9227 thread_intergrate.hpp:78] [T-Intergrate-intergrate] queue: frame output frame :109
I1014 15:37:10.508754  9227 thread_intergrate.hpp:187] T-Intergrate-intergrate Show face :0, size :640 * 360
I1014 15:37:10.509274  9223 demo_inner.hpp:435] thread [SORT-0]  frame id 109 sorting queue size 1   FPS: 30.0049
I1014 15:37:10.536291  9221 demo_inner.hpp:177] decode queue size 0
I1014 15:37:10.536398  9224 work_thread.hpp:81]  [T-Work-Detect_0] Run work: WorkDetect
I1014 15:37:10.536435  9224 work_detect.cpp:102] Succeeded to add det start for frame 110
I1014 15:37:10.543043  9224 work_detect.cpp:70] Frame :110 detect result :1 face(s)
W1014 15:37:10.543088  9224 work_detect.cpp:83] Invalid bbox: [138 x 172 from (250, 195)]
I1014 15:37:10.543186  9224 work_detect.cpp:120] Succeeded to add det end for frame 110
I1014 15:37:10.543205  9224 work_thread.hpp:81]  [T-Work-Detect_0] Run work: WrokTrack
I1014 15:37:10.543232  9224 work_track.cpp:102] Succeeded to set track lock for frame 110
I1014 15:37:10.543258  9224 work_track.cpp:116] Succeeded to release track lock for frame 110
I1014 15:37:10.543272  9224 work_track.cpp:120] Track results of frame 110: 0 objects input, 0 objects tracked!
I1014 15:37:10.543290  9224 work_thread.hpp:87]  [T-Work-Detect_0] Frame :110 split
I1014 15:37:10.543334  9227 thread_intergrate.hpp:78] [T-Intergrate-intergrate] queue: frame output frame :110
I1014 15:37:10.544423  9227 thread_intergrate.hpp:187] T-Intergrate-intergrate Show face :0, size :640 * 360
I1014 15:37:10.544963  9223 demo_inner.hpp:435] thread [SORT-0]  frame id 110 sorting queue size 2   FPS: 29.9313
I1014 15:37:10.555620  9222 demo_inner.hpp:260]  gui queue size 2, state = running
I1014 15:37:10.566480  9221 demo_inner.hpp:177] decode queue size 0
I1014 15:37:10.566591  9224 work_thread.hpp:81]  [T-Work-Detect_0] Run work: WorkDetect
I1014 15:37:10.566625  9224 work_detect.cpp:102] Succeeded to add det start for frame 111
I1014 15:37:10.573351  9224 work_detect.cpp:70] Frame :111 detect result :1 face(s)
W1014 15:37:10.573392  9224 work_detect.cpp:83] Invalid bbox: [136 x 175 from (245, 200)]
I1014 15:37:10.573493  9224 work_detect.cpp:120] Succeeded to add det end for frame 111
I1014 15:37:10.573510  9224 work_thread.hpp:81]  [T-Work-Detect_0] Run work: WrokTrack
I1014 15:37:10.573536  9224 work_track.cpp:102] Succeeded to set track lock for frame 111
I1014 15:37:10.573563  9224 work_track.cpp:116] Succeeded to release track lock for frame 111
I1014 15:37:10.573577  9224 work_track.cpp:120] Track results of frame 111: 0 objects input, 0 objects tracked!
I1014 15:37:10.573596  9224 work_thread.hpp:87]  [T-Work-Detect_0] Frame :111 split
I1014 15:37:10.573688  9227 thread_intergrate.hpp:78] [T-Intergrate-intergrate] queue: frame output frame :111
I1014 15:37:10.574779  9227 thread_intergrate.hpp:187] T-Intergrate-intergrate Show face :0, size :640 * 360
I1014 15:37:10.575309  9223 demo_inner.hpp:435] thread [SORT-0]  frame id 111 sorting queue size 0   FPS: 30.0049
I1014 15:37:10.600592  9222 demo_inner.hpp:260]  gui queue size 0, state = running
I1014 15:37:10.602414  9221 demo_inner.hpp:177] decode queue size 0
I1014 15:37:10.602541  9224 work_thread.hpp:81]  [T-Work-Detect_0] Run work: WorkDetect
I1014 15:37:10.602578  9224 work_detect.cpp:102] Succeeded to add det start for frame 112
I1014 15:37:10.609284  9224 work_detect.cpp:70] Frame :112 detect result :1 face(s)
W1014 15:37:10.609338  9224 work_detect.cpp:83] Invalid bbox: [136 x 170 from (252, 195)]
I1014 15:37:10.609438  9224 work_detect.cpp:120] Succeeded to add det end for frame 112
I1014 15:37:10.609455  9224 work_thread.hpp:81]  [T-Work-Detect_0] Run work: WrokTrack
I1014 15:37:10.609483  9224 work_track.cpp:102] Succeeded to set track lock for frame 112
I1014 15:37:10.609510  9224 work_track.cpp:116] Succeeded to release track lock for frame 112
I1014 15:37:10.609524  9224 work_track.cpp:120] Track results of frame 112: 0 objects input, 0 objects tracked!
I1014 15:37:10.609542  9224 work_thread.hpp:87]  [T-Work-Detect_0] Frame :112 split
I1014 15:37:10.609588  9227 thread_intergrate.hpp:78] [T-Intergrate-intergrate] queue: frame output frame :112
I1014 15:37:10.610678  9227 thread_intergrate.hpp:187] T-Intergrate-intergrate Show face :0, size :640 * 360
I1014 15:37:10.611263  9223 demo_inner.hpp:435] thread [SORT-0]  frame id 112 sorting queue size 0   FPS: 29.9166
I1014 15:37:10.632402  9221 demo_inner.hpp:177] decode queue size 0
I1014 15:37:10.632501  9224 work_thread.hpp:81]  [T-Work-Detect_0] Run work: WorkDetect
I1014 15:37:10.632537  9224 work_detect.cpp:102] Succeeded to add det start for frame 113
I1014 15:37:10.639240  9224 work_detect.cpp:70] Frame :113 detect result :1 face(s)
W1014 15:37:10.639292  9224 work_detect.cpp:83] Invalid bbox: [145 x 180 from (247, 198)]
I1014 15:37:10.639389  9224 work_detect.cpp:120] Succeeded to add det end for frame 113
I1014 15:37:10.639406  9224 work_thread.hpp:81]  [T-Work-Detect_0] Run work: WrokTrack
I1014 15:37:10.639434  9224 work_track.cpp:102] Succeeded to set track lock for frame 113
I1014 15:37:10.639461  9224 work_track.cpp:116] Succeeded to release track lock for frame 113
I1014 15:37:10.639475  9224 work_track.cpp:120] Track results of frame 113: 0 objects input, 0 objects tracked!
I1014 15:37:10.639493  9224 work_thread.hpp:87]  [T-Work-Detect_0] Frame :113 split
I1014 15:37:10.639544  9227 thread_intergrate.hpp:78] [T-Intergrate-intergrate] queue: frame output frame :113
I1014 15:37:10.640633  9227 thread_intergrate.hpp:187] T-Intergrate-intergrate Show face :0, size :640 * 360
I1014 15:37:10.641162  9223 demo_inner.hpp:435] thread [SORT-0]  frame id 113 sorting queue size 1   FPS: 30.0049
I1014 15:37:10.668360  9221 demo_inner.hpp:177] decode queue size 0
I1014 15:37:10.668473  9224 work_thread.hpp:81]  [T-Work-Detect_0] Run work: WorkDetect
I1014 15:37:10.668509  9224 work_detect.cpp:102] Succeeded to add det start for frame 114
I1014 15:37:10.675202  9224 work_detect.cpp:70] Frame :114 detect result :1 face(s)
W1014 15:37:10.675245  9224 work_detect.cpp:83] Invalid bbox: [135 x 175 from (246, 199)]
I1014 15:37:10.675343  9224 work_detect.cpp:120] Succeeded to add det end for frame 114
I1014 15:37:10.675360  9224 work_thread.hpp:81]  [T-Work-Detect_0] Run work: WrokTrack
I1014 15:37:10.675386  9224 work_track.cpp:102] Succeeded to set track lock for frame 114
I1014 15:37:10.675412  9224 work_track.cpp:116] Succeeded to release track lock for frame 114
I1014 15:37:10.675426  9224 work_track.cpp:120] Track results of frame 114: 0 objects input, 0 objects tracked!
I1014 15:37:10.675446  9224 work_thread.hpp:87]  [T-Work-Detect_0] Frame :114 split
I1014 15:37:10.675489  9227 thread_intergrate.hpp:78] [T-Intergrate-intergrate] queue: frame output frame :114
I1014 15:37:10.676632  9227 thread_intergrate.hpp:187] T-Intergrate-intergrate Show face :0, size :640 * 360
I1014 15:37:10.677173  9223 demo_inner.hpp:435] thread [SORT-0]  frame id 114 sorting queue size 2   FPS: 29.9313
I1014 15:37:10.683913  9222 demo_inner.hpp:260]  gui queue size 2, state = running
I1014 15:37:10.704227  9221 demo_inner.hpp:177] decode queue size 0
I1014 15:37:10.704329  9224 work_thread.hpp:81]  [T-Work-Detect_0] Run work: WorkDetect
I1014 15:37:10.704363  9224 work_detect.cpp:102] Succeeded to add det start for frame 115
I1014 15:37:10.710872  9224 work_detect.cpp:70] Frame :115 detect result :1 face(s)
W1014 15:37:10.710912  9224 work_detect.cpp:83] Invalid bbox: [145 x 182 from (247, 196)]
I1014 15:37:10.711035  9224 work_detect.cpp:120] Succeeded to add det end for frame 115
I1014 15:37:10.711052  9224 work_thread.hpp:81]  [T-Work-Detect_0] Run work: WrokTrack
I1014 15:37:10.711079  9224 work_track.cpp:102] Succeeded to set track lock for frame 115
I1014 15:37:10.711105  9224 work_track.cpp:116] Succeeded to release track lock for frame 115
I1014 15:37:10.711119  9224 work_track.cpp:120] Track results of frame 115: 0 objects input, 0 objects tracked!
I1014 15:37:10.711138  9224 work_thread.hpp:87]  [T-Work-Detect_0] Frame :115 split
I1014 15:37:10.711180  9227 thread_intergrate.hpp:78] [T-Intergrate-intergrate] queue: frame output frame :115
I1014 15:37:10.712273  9227 thread_intergrate.hpp:187] T-Intergrate-intergrate Show face :0, size :640 * 360
I1014 15:37:10.712821  9223 demo_inner.hpp:435] thread [SORT-0]  frame id 115 sorting queue size 0   FPS: 29.9313
I1014 15:37:10.734335  9221 demo_inner.hpp:177] decode queue size 0
I1014 15:37:10.734442  9224 work_thread.hpp:81]  [T-Work-Detect_0] Run work: WorkDetect
I1014 15:37:10.734475  9224 work_detect.cpp:102] Succeeded to add det start for frame 116
I1014 15:37:10.741189  9224 work_detect.cpp:70] Frame :116 detect result :1 face(s)
W1014 15:37:10.741232  9224 work_detect.cpp:83] Invalid bbox: [134 x 178 from (246, 198)]
I1014 15:37:10.741329  9224 work_detect.cpp:120] Succeeded to add det end for frame 116
I1014 15:37:10.741346  9224 work_thread.hpp:81]  [T-Work-Detect_0] Run work: WrokTrack
I1014 15:37:10.741372  9224 work_track.cpp:102] Succeeded to set track lock for frame 116
I1014 15:37:10.741400  9224 work_track.cpp:116] Succeeded to release track lock for frame 116
I1014 15:37:10.741412  9224 work_track.cpp:120] Track results of frame 116: 0 objects input, 0 objects tracked!
I1014 15:37:10.741430  9224 work_thread.hpp:87]  [T-Work-Detect_0] Frame :116 split
I1014 15:37:10.741477  9227 thread_intergrate.hpp:78] [T-Intergrate-intergrate] queue: frame output frame :116
I1014 15:37:10.742569  9227 thread_intergrate.hpp:187] T-Intergrate-intergrate Show face :0, size :640 * 360
I1014 15:37:10.743103  9223 demo_inner.hpp:435] thread [SORT-0]  frame id 116 sorting queue size 1   FPS: 30.0049
I1014 15:37:10.770220  9221 demo_inner.hpp:177] decode queue size 0
I1014 15:37:10.770328  9224 work_thread.hpp:81]  [T-Work-Detect_0] Run work: WorkDetect
I1014 15:37:10.770361  9224 work_detect.cpp:102] Succeeded to add det start for frame 117
I1014 15:37:10.777009  9224 work_detect.cpp:70] Frame :117 detect result :1 face(s)
W1014 15:37:10.777057  9224 work_detect.cpp:83] Invalid bbox: [144 x 180 from (248, 198)]
I1014 15:37:10.777154  9224 work_detect.cpp:120] Succeeded to add det end for frame 117
I1014 15:37:10.777171  9224 work_thread.hpp:81]  [T-Work-Detect_0] Run work: WrokTrack
I1014 15:37:10.777199  9224 work_track.cpp:102] Succeeded to set track lock for frame 117
I1014 15:37:10.777225  9224 work_track.cpp:116] Succeeded to release track lock for frame 117
I1014 15:37:10.777238  9224 work_track.cpp:120] Track results of frame 117: 0 objects input, 0 objects tracked!
I1014 15:37:10.777256  9224 work_thread.hpp:87]  [T-Work-Detect_0] Frame :117 split
I1014 15:37:10.777302  9227 thread_intergrate.hpp:78] [T-Intergrate-intergrate] queue: frame output frame :117
I1014 15:37:10.778393  9227 thread_intergrate.hpp:187] T-Intergrate-intergrate Show face :0, size :640 * 360
I1014 15:37:10.779017  9223 demo_inner.hpp:435] thread [SORT-0]  frame id 117 sorting queue size 2   FPS: 29.9166
I1014 15:37:10.784348  9222 demo_inner.hpp:260]  gui queue size 2, state = running
I1014 15:37:10.800386  9221 demo_inner.hpp:177] decode queue size 0
I1014 15:37:10.800485  9224 work_thread.hpp:81]  [T-Work-Detect_0] Run work: WorkDetect
I1014 15:37:10.800520  9224 work_detect.cpp:102] Succeeded to add det start for frame 118
I1014 15:37:10.807019  9224 work_detect.cpp:70] Frame :118 detect result :1 face(s)
W1014 15:37:10.807077  9224 work_detect.cpp:83] Invalid bbox: [146 x 184 from (246, 196)]
I1014 15:37:10.807304  9224 work_detect.cpp:120] Succeeded to add det end for frame 118
I1014 15:37:10.807323  9224 work_thread.hpp:81]  [T-Work-Detect_0] Run work: WrokTrack
I1014 15:37:10.807351  9224 work_track.cpp:102] Succeeded to set track lock for frame 118
I1014 15:37:10.807377  9224 work_track.cpp:116] Succeeded to release track lock for frame 118
I1014 15:37:10.807391  9224 work_track.cpp:120] Track results of frame 118: 0 objects input, 0 objects tracked!
I1014 15:37:10.807410  9224 work_thread.hpp:87]  [T-Work-Detect_0] Frame :118 split
I1014 15:37:10.807466  9227 thread_intergrate.hpp:78] [T-Intergrate-intergrate] queue: frame output frame :118
I1014 15:37:10.808560  9227 thread_intergrate.hpp:187] T-Intergrate-intergrate Show face :0, size :640 * 360
I1014 15:37:10.809099  9223 demo_inner.hpp:435] thread [SORT-0]  frame id 118 sorting queue size 0   FPS: 30.0049
I1014 15:37:10.836357  9221 demo_inner.hpp:177] decode queue size 0
I1014 15:37:10.836462  9224 work_thread.hpp:81]  [T-Work-Detect_0] Run work: WorkDetect
I1014 15:37:10.836495  9224 work_detect.cpp:102] Succeeded to add det start for frame 119
I1014 15:37:10.843035  9224 work_detect.cpp:70] Frame :119 detect result :1 face(s)
W1014 15:37:10.843075  9224 work_detect.cpp:83] Invalid bbox: [145 x 183 from (248, 196)]
I1014 15:37:10.843171  9224 work_detect.cpp:120] Succeeded to add det end for frame 119
I1014 15:37:10.843189  9224 work_thread.hpp:81]  [T-Work-Detect_0] Run work: WrokTrack
I1014 15:37:10.843215  9224 work_track.cpp:102] Succeeded to set track lock for frame 119
I1014 15:37:10.843241  9224 work_track.cpp:116] Succeeded to release track lock for frame 119
I1014 15:37:10.843255  9224 work_track.cpp:120] Track results of frame 119: 0 objects input, 0 objects tracked!
I1014 15:37:10.843273  9224 work_thread.hpp:87]  [T-Work-Detect_0] Frame :119 split
I1014 15:37:10.843318  9227 thread_intergrate.hpp:78] [T-Intergrate-intergrate] queue: frame output frame :119
I1014 15:37:10.844409  9227 thread_intergrate.hpp:187] T-Intergrate-intergrate Show face :0, size :640 * 360
I1014 15:37:10.844986  9223 demo_inner.hpp:435] thread [SORT-0]  frame id 119 sorting queue size 1   FPS: 29.9166
I1014 15:37:10.851807  9222 demo_inner.hpp:260]  gui queue size 1, state = running
I1014 15:37:10.866437  9221 demo_inner.hpp:177] decode queue size 0
I1014 15:37:10.866540  9224 work_thread.hpp:81]  [T-Work-Detect_0] Run work: WorkDetect
I1014 15:37:10.866573  9224 work_detect.cpp:102] Succeeded to add det start for frame 120
I1014 15:37:10.873281  9224 work_detect.cpp:70] Frame :120 detect result :1 face(s)
W1014 15:37:10.873328  9224 work_detect.cpp:83] Invalid bbox: [145 x 182 from (247, 196)]
I1014 15:37:10.873427  9224 work_detect.cpp:120] Succeeded to add det end for frame 120
I1014 15:37:10.873445  9224 work_thread.hpp:81]  [T-Work-Detect_0] Run work: WrokTrack
I1014 15:37:10.873471  9224 work_track.cpp:102] Succeeded to set track lock for frame 120
I1014 15:37:10.873497  9224 work_track.cpp:116] Succeeded to release track lock for frame 120
I1014 15:37:10.873510  9224 work_track.cpp:120] Track results of frame 120: 0 objects input, 0 objects tracked!
I1014 15:37:10.873529  9224 work_thread.hpp:87]  [T-Work-Detect_0] Frame :120 split
I1014 15:37:10.873585  9227 thread_intergrate.hpp:78] [T-Intergrate-intergrate] queue: frame output frame :120
I1014 15:37:10.874676  9227 thread_intergrate.hpp:187] T-Intergrate-intergrate Show face :0, size :640 * 360
I1014 15:37:10.875309  9223 demo_inner.hpp:435] thread [SORT-0]  frame id 120 sorting queue size 0   FPS: 29.9902
I1014 15:37:10.902302  9221 demo_inner.hpp:177] decode queue size 0
I1014 15:37:10.902412  9224 work_thread.hpp:81]  [T-Work-Detect_0] Run work: WorkDetect
I1014 15:37:10.902448  9224 work_detect.cpp:102] Succeeded to add det start for frame 121
I1014 15:37:10.909008  9224 work_detect.cpp:70] Frame :121 detect result :1 face(s)
W1014 15:37:10.909050  9224 work_detect.cpp:83] Invalid bbox: [135 x 178 from (245, 196)]
I1014 15:37:10.909171  9224 work_detect.cpp:120] Succeeded to add det end for frame 121
I1014 15:37:10.909188  9224 work_thread.hpp:81]  [T-Work-Detect_0] Run work: WrokTrack
I1014 15:37:10.909216  9224 work_track.cpp:102] Succeeded to set track lock for frame 121
I1014 15:37:10.909242  9224 work_track.cpp:116] Succeeded to release track lock for frame 121
I1014 15:37:10.909256  9224 work_track.cpp:120] Track results of frame 121: 0 objects input, 0 objects tracked!
I1014 15:37:10.909274  9224 work_thread.hpp:87]  [T-Work-Detect_0] Frame :121 split
I1014 15:37:10.909317  9227 thread_intergrate.hpp:78] [T-Intergrate-intergrate] queue: frame output frame :121
I1014 15:37:10.910403  9227 thread_intergrate.hpp:187] T-Intergrate-intergrate Show face :0, size :640 * 360
I1014 15:37:10.910974  9223 demo_inner.hpp:435] thread [SORT-0]  frame id 121 sorting queue size 1   FPS: 29.9166
I1014 15:37:10.912937  9222 demo_inner.hpp:260]  gui queue size 1, state = running
I1014 15:37:10.938225  9221 demo_inner.hpp:177] decode queue size 0
I1014 15:37:10.938338  9224 work_thread.hpp:81]  [T-Work-Detect_0] Run work: WorkDetect
I1014 15:37:10.938374  9224 work_detect.cpp:102] Succeeded to add det start for frame 122
I1014 15:37:10.945026  9224 work_detect.cpp:70] Frame :122 detect result :1 face(s)
W1014 15:37:10.945076  9224 work_detect.cpp:83] Invalid bbox: [133 x 175 from (246, 199)]
I1014 15:37:10.945174  9224 work_detect.cpp:120] Succeeded to add det end for frame 122
I1014 15:37:10.945191  9224 work_thread.hpp:81]  [T-Work-Detect_0] Run work: WrokTrack
I1014 15:37:10.945219  9224 work_track.cpp:102] Succeeded to set track lock for frame 122
I1014 15:37:10.945245  9224 work_track.cpp:116] Succeeded to release track lock for frame 122
I1014 15:37:10.945260  9224 work_track.cpp:120] Track results of frame 122: 0 objects input, 0 objects tracked!
I1014 15:37:10.945277  9224 work_thread.hpp:87]  [T-Work-Detect_0] Frame :122 split
I1014 15:37:10.945324  9227 thread_intergrate.hpp:78] [T-Intergrate-intergrate] queue: frame output frame :122
I1014 15:37:10.946415  9227 thread_intergrate.hpp:187] T-Intergrate-intergrate Show face :0, size :640 * 360
I1014 15:37:10.947000  9223 demo_inner.hpp:435] thread [SORT-0]  frame id 122 sorting queue size 0   FPS: 29.9166
I1014 15:37:10.968338  9221 demo_inner.hpp:177] decode queue size 0
I1014 15:37:10.968434  9224 work_thread.hpp:81]  [T-Work-Detect_0] Run work: WorkDetect
I1014 15:37:10.968472  9224 work_detect.cpp:102] Succeeded to add det start for frame 123
I1014 15:37:10.975168  9224 work_detect.cpp:70] Frame :123 detect result :1 face(s)
W1014 15:37:10.975215  9224 work_detect.cpp:83] Invalid bbox: [146 x 182 from (246, 196)]
I1014 15:37:10.975313  9224 work_detect.cpp:120] Succeeded to add det end for frame 123
I1014 15:37:10.975330  9224 work_thread.hpp:81]  [T-Work-Detect_0] Run work: WrokTrack
I1014 15:37:10.975358  9224 work_track.cpp:102] Succeeded to set track lock for frame 123
I1014 15:37:10.975383  9224 work_track.cpp:116] Succeeded to release track lock for frame 123
I1014 15:37:10.975397  9224 work_track.cpp:120] Track results of frame 123: 0 objects input, 0 objects tracked!
I1014 15:37:10.975415  9224 work_thread.hpp:87]  [T-Work-Detect_0] Frame :123 split
I1014 15:37:10.975461  9227 thread_intergrate.hpp:78] [T-Intergrate-intergrate] queue: frame output frame :123
I1014 15:37:10.976553  9227 thread_intergrate.hpp:187] T-Intergrate-intergrate Show face :0, size :640 * 360
I1014 15:37:10.977138  9223 demo_inner.hpp:435] thread [SORT-0]  frame id 123 sorting queue size 1   FPS: 29.9902
I1014 15:37:11.004325  9221 demo_inner.hpp:177] decode queue size 0
I1014 15:37:11.004432  9224 work_thread.hpp:81]  [T-Work-Detect_0] Run work: WorkDetect
I1014 15:37:11.004472  9224 work_detect.cpp:102] Succeeded to add det start for frame 124
I1014 15:37:11.008074  9222 demo_inner.hpp:260]  gui queue size 1, state = running
I1014 15:37:11.011373  9224 work_detect.cpp:70] Frame :124 detect result :1 face(s)
W1014 15:37:11.011437  9224 work_detect.cpp:83] Invalid bbox: [144 x 178 from (248, 198)]
I1014 15:37:11.011600  9224 work_detect.cpp:120] Succeeded to add det end for frame 124
I1014 15:37:11.011620  9224 work_thread.hpp:81]  [T-Work-Detect_0] Run work: WrokTrack
I1014 15:37:11.011654  9224 work_track.cpp:102] Succeeded to set track lock for frame 124
I1014 15:37:11.011685  9224 work_track.cpp:116] Succeeded to release track lock for frame 124
I1014 15:37:11.011699  9224 work_track.cpp:120] Track results of frame 124: 0 objects input, 0 objects tracked!
I1014 15:37:11.011720  9224 work_thread.hpp:87]  [T-Work-Detect_0] Frame :124 split
I1014 15:37:11.011787  9227 thread_intergrate.hpp:78] [T-Intergrate-intergrate] queue: frame output frame :124
I1014 15:37:11.012878  9227 thread_intergrate.hpp:187] T-Intergrate-intergrate Show face :0, size :640 * 360
I1014 15:37:11.013459  9223 demo_inner.hpp:435] thread [SORT-0]  frame id 124 sorting queue size 0   FPS: 29.902
I1014 15:37:11.034399  9221 demo_inner.hpp:177] decode queue size 0
I1014 15:37:11.034499  9224 work_thread.hpp:81]  [T-Work-Detect_0] Run work: WorkDetect
I1014 15:37:11.034535  9224 work_detect.cpp:102] Succeeded to add det start for frame 125
I1014 15:37:11.041280  9224 work_detect.cpp:70] Frame :125 detect result :1 face(s)
W1014 15:37:11.041321  9224 work_detect.cpp:83] Invalid bbox: [144 x 179 from (247, 199)]
I1014 15:37:11.041419  9224 work_detect.cpp:120] Succeeded to add det end for frame 125
I1014 15:37:11.041437  9224 work_thread.hpp:81]  [T-Work-Detect_0] Run work: WrokTrack
I1014 15:37:11.041465  9224 work_track.cpp:102] Succeeded to set track lock for frame 125
I1014 15:37:11.041491  9224 work_track.cpp:116] Succeeded to release track lock for frame 125
I1014 15:37:11.041505  9224 work_track.cpp:120] Track results of frame 125: 0 objects input, 0 objects tracked!
I1014 15:37:11.041524  9224 work_thread.hpp:87]  [T-Work-Detect_0] Frame :125 split
I1014 15:37:11.041574  9227 thread_intergrate.hpp:78] [T-Intergrate-intergrate] queue: frame output frame :125
I1014 15:37:11.042661  9227 thread_intergrate.hpp:187] T-Intergrate-intergrate Show face :0, size :640 * 360
I1014 15:37:11.043237  9223 demo_inner.hpp:435] thread [SORT-0]  frame id 125 sorting queue size 1   FPS: 29.9902
I1014 15:37:11.070245  9221 demo_inner.hpp:177] decode queue size 0
I1014 15:37:11.070358  9224 work_thread.hpp:81]  [T-Work-Detect_0] Run work: WorkDetect
I1014 15:37:11.070395  9224 work_detect.cpp:102] Succeeded to add det start for frame 126
I1014 15:37:11.077035  9224 work_detect.cpp:70] Frame :126 detect result :1 face(s)
W1014 15:37:11.077087  9224 work_detect.cpp:83] Invalid bbox: [144 x 180 from (247, 198)]
I1014 15:37:11.077186  9224 work_detect.cpp:120] Succeeded to add det end for frame 126
I1014 15:37:11.077204  9224 work_thread.hpp:81]  [T-Work-Detect_0] Run work: WrokTrack
I1014 15:37:11.077232  9224 work_track.cpp:102] Succeeded to set track lock for frame 126
I1014 15:37:11.077258  9224 work_track.cpp:116] Succeeded to release track lock for frame 126
I1014 15:37:11.077272  9224 work_track.cpp:120] Track results of frame 126: 0 objects input, 0 objects tracked!
I1014 15:37:11.077291  9224 work_thread.hpp:87]  [T-Work-Detect_0] Frame :126 split
I1014 15:37:11.077338  9227 thread_intergrate.hpp:78] [T-Intergrate-intergrate] queue: frame output frame :126
I1014 15:37:11.078428  9227 thread_intergrate.hpp:187] T-Intergrate-intergrate Show face :0, size :640 * 360
I1014 15:37:11.079007  9223 demo_inner.hpp:435] thread [SORT-0]  frame id 126 sorting queue size 2   FPS: 29.9166
I1014 15:37:11.080229  9222 demo_inner.hpp:260]  gui queue size 2, state = running
I1014 15:37:11.100338  9221 demo_inner.hpp:177] decode queue size 0
I1014 15:37:11.100436  9224 work_thread.hpp:81]  [T-Work-Detect_0] Run work: WorkDetect
I1014 15:37:11.100471  9224 work_detect.cpp:102] Succeeded to add det start for frame 127
I1014 15:37:11.107133  9224 work_detect.cpp:70] Frame :127 detect result :1 face(s)
W1014 15:37:11.107175  9224 work_detect.cpp:83] Invalid bbox: [143 x 179 from (248, 198)]
I1014 15:37:11.107300  9224 work_detect.cpp:120] Succeeded to add det end for frame 127
I1014 15:37:11.107317  9224 work_thread.hpp:81]  [T-Work-Detect_0] Run work: WrokTrack
I1014 15:37:11.107344  9224 work_track.cpp:102] Succeeded to set track lock for frame 127
I1014 15:37:11.107370  9224 work_track.cpp:116] Succeeded to release track lock for frame 127
I1014 15:37:11.107384  9224 work_track.cpp:120] Track results of frame 127: 0 objects input, 0 objects tracked!
I1014 15:37:11.107403  9224 work_thread.hpp:87]  [T-Work-Detect_0] Frame :127 split
I1014 15:37:11.107450  9227 thread_intergrate.hpp:78] [T-Intergrate-intergrate] queue: frame output frame :127
I1014 15:37:11.108541  9227 thread_intergrate.hpp:187] T-Intergrate-intergrate Show face :0, size :640 * 360
I1014 15:37:11.109124  9223 demo_inner.hpp:435] thread [SORT-0]  frame id 127 sorting queue size 0   FPS: 29.9902
I1014 15:37:11.136329  9221 demo_inner.hpp:177] decode queue size 0
I1014 15:37:11.136435  9224 work_thread.hpp:81]  [T-Work-Detect_0] Run work: WorkDetect
I1014 15:37:11.136469  9224 work_detect.cpp:102] Succeeded to add det start for frame 128
I1014 15:37:11.143195  9224 work_detect.cpp:70] Frame :128 detect result :1 face(s)
W1014 15:37:11.143239  9224 work_detect.cpp:83] Invalid bbox: [136 x 178 from (246, 200)]
I1014 15:37:11.143337  9224 work_detect.cpp:120] Succeeded to add det end for frame 128
I1014 15:37:11.143354  9224 work_thread.hpp:81]  [T-Work-Detect_0] Run work: WrokTrack
I1014 15:37:11.143381  9224 work_track.cpp:102] Succeeded to set track lock for frame 128
I1014 15:37:11.143406  9224 work_track.cpp:116] Succeeded to release track lock for frame 128
I1014 15:37:11.143420  9224 work_track.cpp:120] Track results of frame 128: 0 objects input, 0 objects tracked!
I1014 15:37:11.143438  9224 work_thread.hpp:87]  [T-Work-Detect_0] Frame :128 split
I1014 15:37:11.143486  9227 thread_intergrate.hpp:78] [T-Intergrate-intergrate] queue: frame output frame :128
I1014 15:37:11.144578  9227 thread_intergrate.hpp:187] T-Intergrate-intergrate Show face :0, size :640 * 360
I1014 15:37:11.145150  9223 demo_inner.hpp:435] thread [SORT-0]  frame id 128 sorting queue size 1   FPS: 29.902
I1014 15:37:11.158283  9222 demo_inner.hpp:260]  gui queue size 1, state = running
I1014 15:37:11.172322  9221 demo_inner.hpp:177] decode queue size 0
I1014 15:37:11.172428  9224 work_thread.hpp:81]  [T-Work-Detect_0] Run work: WorkDetect
I1014 15:37:11.172461  9224 work_detect.cpp:102] Succeeded to add det start for frame 129
I1014 15:37:11.178998  9224 work_detect.cpp:70] Frame :129 detect result :1 face(s)
W1014 15:37:11.179039  9224 work_detect.cpp:83] Invalid bbox: [142 x 179 from (249, 198)]
I1014 15:37:11.179134  9224 work_detect.cpp:120] Succeeded to add det end for frame 129
I1014 15:37:11.179152  9224 work_thread.hpp:81]  [T-Work-Detect_0] Run work: WrokTrack
I1014 15:37:11.179177  9224 work_track.cpp:102] Succeeded to set track lock for frame 129
I1014 15:37:11.179204  9224 work_track.cpp:116] Succeeded to release track lock for frame 129
I1014 15:37:11.179217  9224 work_track.cpp:120] Track results of frame 129: 0 objects input, 0 objects tracked!
I1014 15:37:11.179235  9224 work_thread.hpp:87]  [T-Work-Detect_0] Frame :129 split
I1014 15:37:11.179281  9227 thread_intergrate.hpp:78] [T-Intergrate-intergrate] queue: frame output frame :129
I1014 15:37:11.180373  9227 thread_intergrate.hpp:187] T-Intergrate-intergrate Show face :0, size :640 * 360
I1014 15:37:11.180955  9223 demo_inner.hpp:435] thread [SORT-0]  frame id 129 sorting queue size 0   FPS: 29.9166
I1014 15:37:11.202324  9221 demo_inner.hpp:177] decode queue size 0
I1014 15:37:11.202421  9224 work_thread.hpp:81]  [T-Work-Detect_0] Run work: WorkDetect
I1014 15:37:11.202455  9224 work_detect.cpp:102] Succeeded to add det start for frame 130
I1014 15:37:11.209030  9224 work_detect.cpp:70] Frame :130 detect result :1 face(s)
W1014 15:37:11.209081  9224 work_detect.cpp:83] Invalid bbox: [145 x 183 from (247, 196)]
I1014 15:37:11.209199  9224 work_detect.cpp:120] Succeeded to add det end for frame 130
I1014 15:37:11.209218  9224 work_thread.hpp:81]  [T-Work-Detect_0] Run work: WrokTrack
I1014 15:37:11.209244  9224 work_track.cpp:102] Succeeded to set track lock for frame 130
I1014 15:37:11.209270  9224 work_track.cpp:116] Succeeded to release track lock for frame 130
I1014 15:37:11.209285  9224 work_track.cpp:120] Track results of frame 130: 0 objects input, 0 objects tracked!
I1014 15:37:11.209302  9224 work_thread.hpp:87]  [T-Work-Detect_0] Frame :130 split
I1014 15:37:11.209350  9227 thread_intergrate.hpp:78] [T-Intergrate-intergrate] queue: frame output frame :130
I1014 15:37:11.210441  9227 thread_intergrate.hpp:187] T-Intergrate-intergrate Show face :0, size :640 * 360
I1014 15:37:11.211028  9223 demo_inner.hpp:435] thread [SORT-0]  frame id 130 sorting queue size 1   FPS: 29.9902
I1014 15:37:11.238319  9221 demo_inner.hpp:177] decode queue size 0
I1014 15:37:11.238426  9224 work_thread.hpp:81]  [T-Work-Detect_0] Run work: WorkDetect
I1014 15:37:11.238461  9224 work_detect.cpp:102] Succeeded to add det start for frame 131
I1014 15:37:11.245209  9224 work_detect.cpp:70] Frame :131 detect result :1 face(s)
W1014 15:37:11.245252  9224 work_detect.cpp:83] Invalid bbox: [135 x 178 from (246, 198)]
I1014 15:37:11.245349  9224 work_detect.cpp:120] Succeeded to add det end for frame 131
I1014 15:37:11.245368  9224 work_thread.hpp:81]  [T-Work-Detect_0] Run work: WrokTrack
I1014 15:37:11.245394  9224 work_track.cpp:102] Succeeded to set track lock for frame 131
I1014 15:37:11.245420  9224 work_track.cpp:116] Succeeded to release track lock for frame 131
I1014 15:37:11.245434  9224 work_track.cpp:120] Track results of frame 131: 0 objects input, 0 objects tracked!
I1014 15:37:11.245452  9224 work_thread.hpp:87]  [T-Work-Detect_0] Frame :131 split
I1014 15:37:11.245498  9227 thread_intergrate.hpp:78] [T-Intergrate-intergrate] queue: frame output frame :131
I1014 15:37:11.246589  9227 thread_intergrate.hpp:187] T-Intergrate-intergrate Show face :0, size :640 * 360
I1014 15:37:11.247160  9223 demo_inner.hpp:435] thread [SORT-0]  frame id 131 sorting queue size 2   FPS: 29.902
I1014 15:37:11.268326  9221 demo_inner.hpp:177] decode queue size 0
I1014 15:37:11.268430  9224 work_thread.hpp:81]  [T-Work-Detect_0] Run work: WorkDetect
I1014 15:37:11.268465  9224 work_detect.cpp:102] Succeeded to add det start for frame 132
I1014 15:37:11.274999  9224 work_detect.cpp:70] Frame :132 detect result :1 face(s)
W1014 15:37:11.275041  9224 work_detect.cpp:83] Invalid bbox: [144 x 183 from (248, 196)]
I1014 15:37:11.275141  9224 work_detect.cpp:120] Succeeded to add det end for frame 132
I1014 15:37:11.275159  9224 work_thread.hpp:81]  [T-Work-Detect_0] Run work: WrokTrack
I1014 15:37:11.275187  9224 work_track.cpp:102] Succeeded to set track lock for frame 132
I1014 15:37:11.275213  9224 work_track.cpp:116] Succeeded to release track lock for frame 132
I1014 15:37:11.275226  9224 work_track.cpp:120] Track results of frame 132: 0 objects input, 0 objects tracked!
I1014 15:37:11.275244  9224 work_thread.hpp:87]  [T-Work-Detect_0] Frame :132 split
I1014 15:37:11.275300  9227 thread_intergrate.hpp:78] [T-Intergrate-intergrate] queue: frame output frame :132
I1014 15:37:11.276388  9227 thread_intergrate.hpp:187] T-Intergrate-intergrate Show face :0, size :640 * 360
I1014 15:37:11.276921  9223 demo_inner.hpp:435] thread [SORT-0]  frame id 132 sorting queue size 3   FPS: 30.0049
I1014 15:37:11.304256  9221 demo_inner.hpp:177] decode queue size 0
I1014 15:37:11.304356  9224 work_thread.hpp:81]  [T-Work-Detect_0] Run work: WorkDetect
I1014 15:37:11.304392  9224 work_detect.cpp:102] Succeeded to add det start for frame 133
I1014 15:37:11.310986  9224 work_detect.cpp:70] Frame :133 detect result :1 face(s)
W1014 15:37:11.311025  9224 work_detect.cpp:83] Invalid bbox: [144 x 180 from (248, 198)]
I1014 15:37:11.311118  9224 work_detect.cpp:120] Succeeded to add det end for frame 133
I1014 15:37:11.311136  9224 work_thread.hpp:81]  [T-Work-Detect_0] Run work: WrokTrack
I1014 15:37:11.311161  9224 work_track.cpp:102] Succeeded to set track lock for frame 133
I1014 15:37:11.311188  9224 work_track.cpp:116] Succeeded to release track lock for frame 133
I1014 15:37:11.311203  9224 work_track.cpp:120] Track results of frame 133: 0 objects input, 0 objects tracked!
I1014 15:37:11.311220  9224 work_thread.hpp:87]  [T-Work-Detect_0] Frame :133 split
I1014 15:37:11.311269  9227 thread_intergrate.hpp:78] [T-Intergrate-intergrate] queue: frame output frame :133
I1014 15:37:11.312355  9227 thread_intergrate.hpp:187] T-Intergrate-intergrate Show face :0, size :640 * 360
I1014 15:37:11.312924  9223 demo_inner.hpp:435] thread [SORT-0]  frame id 133 sorting queue size 4   FPS: 29.902
I1014 15:37:11.334898  9221 demo_inner.hpp:177] decode queue size 0
I1014 15:37:11.335016  9224 work_thread.hpp:81]  [T-Work-Detect_0] Run work: WorkDetect
I1014 15:37:11.335053  9224 work_detect.cpp:102] Succeeded to add det start for frame 134
I1014 15:37:11.341794  9224 work_detect.cpp:70] Frame :134 detect result :1 face(s)
W1014 15:37:11.341847  9224 work_detect.cpp:83] Invalid bbox: [145 x 180 from (247, 196)]
I1014 15:37:11.341967  9224 work_detect.cpp:120] Succeeded to add det end for frame 134
I1014 15:37:11.341985  9224 work_thread.hpp:81]  [T-Work-Detect_0] Run work: WrokTrack
I1014 15:37:11.342012  9224 work_track.cpp:102] Succeeded to set track lock for frame 134
I1014 15:37:11.342038  9224 work_track.cpp:116] Succeeded to release track lock for frame 134
I1014 15:37:11.342053  9224 work_track.cpp:120] Track results of frame 134: 0 objects input, 0 objects tracked!
I1014 15:37:11.342072  9224 work_thread.hpp:87]  [T-Work-Detect_0] Frame :134 split
I1014 15:37:11.342136  9227 thread_intergrate.hpp:78] [T-Intergrate-intergrate] queue: frame output frame :134
I1014 15:37:11.343242  9227 thread_intergrate.hpp:187] T-Intergrate-intergrate Show face :0, size :640 * 360
I1014 15:37:11.343827  9223 demo_inner.hpp:435] thread [SORT-0]  frame id 134 sorting queue size 5   FPS: 29.9902
I1014 15:37:11.370710  9221 demo_inner.hpp:177] decode queue size 0
I1014 15:37:11.370831  9224 work_thread.hpp:81]  [T-Work-Detect_0] Run work: WorkDetect
I1014 15:37:11.370870  9224 work_detect.cpp:102] Succeeded to add det start for frame 135
I1014 15:37:11.377676  9224 work_detect.cpp:70] Frame :135 detect result :1 face(s)
W1014 15:37:11.377722  9224 work_detect.cpp:83] Invalid bbox: [138 x 180 from (244, 195)]
I1014 15:37:11.377820  9224 work_detect.cpp:120] Succeeded to add det end for frame 135
I1014 15:37:11.377837  9224 work_thread.hpp:81]  [T-Work-Detect_0] Run work: WrokTrack
I1014 15:37:11.377863  9224 work_track.cpp:102] Succeeded to set track lock for frame 135
I1014 15:37:11.377889  9224 work_track.cpp:116] Succeeded to release track lock for frame 135
I1014 15:37:11.377903  9224 work_track.cpp:120] Track results of frame 135: 0 objects input, 0 objects tracked!
I1014 15:37:11.377921  9224 work_thread.hpp:87]  [T-Work-Detect_0] Frame :135 split
I1014 15:37:11.377970  9227 thread_intergrate.hpp:78] [T-Intergrate-intergrate] queue: frame output frame :135
I1014 15:37:11.379056  9227 thread_intergrate.hpp:187] T-Intergrate-intergrate Show face :0, size :640 * 360
I1014 15:37:11.379778  9223 demo_inner.hpp:435] thread [SORT-0]  frame id 135 sorting queue size 6   FPS: 29.902
I1014 15:37:11.406617  9221 demo_inner.hpp:177] decode queue size 0
I1014 15:37:11.406734  9224 work_thread.hpp:81]  [T-Work-Detect_0] Run work: WorkDetect
I1014 15:37:11.406770  9224 work_detect.cpp:102] Succeeded to add det start for frame 136
I1014 15:37:11.413538  9224 work_detect.cpp:70] Frame :136 detect result :1 face(s)
W1014 15:37:11.413656  9224 work_detect.cpp:83] Invalid bbox: [142 x 178 from (248, 198)]
I1014 15:37:11.413753  9224 work_detect.cpp:120] Succeeded to add det end for frame 136
I1014 15:37:11.413770  9224 work_thread.hpp:81]  [T-Work-Detect_0] Run work: WrokTrack
I1014 15:37:11.413797  9224 work_track.cpp:102] Succeeded to set track lock for frame 136
I1014 15:37:11.413825  9224 work_track.cpp:116] Succeeded to release track lock for frame 136
I1014 15:37:11.413837  9224 work_track.cpp:120] Track results of frame 136: 0 objects input, 0 objects tracked!
I1014 15:37:11.413856  9224 work_thread.hpp:87]  [T-Work-Detect_0] Frame :136 split
I1014 15:37:11.413906  9227 thread_intergrate.hpp:78] [T-Intergrate-intergrate] queue: frame output frame :136
I1014 15:37:11.414993  9227 thread_intergrate.hpp:187] T-Intergrate-intergrate Show face :0, size :640 * 360
I1014 15:37:11.415746  9223 demo_inner.hpp:435] thread [SORT-0]  frame id 136 sorting queue size 7   FPS: 29.902
I1014 15:37:11.436676  9221 demo_inner.hpp:177] decode queue size 0
I1014 15:37:11.436779  9224 work_thread.hpp:81]  [T-Work-Detect_0] Run work: WorkDetect
I1014 15:37:11.436815  9224 work_detect.cpp:102] Succeeded to add det start for frame 137
I1014 15:37:11.443441  9224 work_detect.cpp:70] Frame :137 detect result :1 face(s)
W1014 15:37:11.443487  9224 work_detect.cpp:83] Invalid bbox: [134 x 178 from (246, 196)]
I1014 15:37:11.443614  9224 work_detect.cpp:120] Succeeded to add det end for frame 137
I1014 15:37:11.443631  9224 work_thread.hpp:81]  [T-Work-Detect_0] Run work: WrokTrack
I1014 15:37:11.443660  9224 work_track.cpp:102] Succeeded to set track lock for frame 137
I1014 15:37:11.443686  9224 work_track.cpp:116] Succeeded to release track lock for frame 137
I1014 15:37:11.443699  9224 work_track.cpp:120] Track results of frame 137: 0 objects input, 0 objects tracked!
I1014 15:37:11.443718  9224 work_thread.hpp:87]  [T-Work-Detect_0] Frame :137 split
I1014 15:37:11.443775  9227 thread_intergrate.hpp:78] [T-Intergrate-intergrate] queue: frame output frame :137
I1014 15:37:11.444864  9227 thread_intergrate.hpp:187] T-Intergrate-intergrate Show face :0, size :640 * 360
I1014 15:37:11.445605  9223 demo_inner.hpp:435] thread [SORT-0]  frame id 137 sorting queue size 8   FPS: 29.9902
I1014 15:37:11.472718  9221 demo_inner.hpp:177] decode queue size 0
I1014 15:37:11.472846  9224 work_thread.hpp:81]  [T-Work-Detect_0] Run work: WorkDetect
I1014 15:37:11.472883  9224 work_detect.cpp:102] Succeeded to add det start for frame 138
I1014 15:37:11.479523  9224 work_detect.cpp:70] Frame :138 detect result :1 face(s)
W1014 15:37:11.479563  9224 work_detect.cpp:83] Invalid bbox: [144 x 182 from (247, 196)]
I1014 15:37:11.479688  9224 work_detect.cpp:120] Succeeded to add det end for frame 138
I1014 15:37:11.479707  9224 work_thread.hpp:81]  [T-Work-Detect_0] Run work: WrokTrack
I1014 15:37:11.479733  9224 work_track.cpp:102] Succeeded to set track lock for frame 138
I1014 15:37:11.479759  9224 work_track.cpp:116] Succeeded to release track lock for frame 138
I1014 15:37:11.479773  9224 work_track.cpp:120] Track results of frame 138: 0 objects input, 0 objects tracked!
I1014 15:37:11.479792  9224 work_thread.hpp:87]  [T-Work-Detect_0] Frame :138 split
I1014 15:37:11.479842  9227 thread_intergrate.hpp:78] [T-Intergrate-intergrate] queue: frame output frame :138
I1014 15:37:11.480929  9227 thread_intergrate.hpp:187] T-Intergrate-intergrate Show face :0, size :640 * 360
I1014 15:37:11.481662  9223 demo_inner.hpp:435] thread [SORT-0]  frame id 138 sorting queue size 9   FPS: 29.902
I1014 15:37:11.503644  9221 demo_inner.hpp:177] decode queue size 0
I1014 15:37:11.503782  9224 work_thread.hpp:81]  [T-Work-Detect_0] Run work: WorkDetect
I1014 15:37:11.503819  9224 work_detect.cpp:102] Succeeded to add det start for frame 139
I1014 15:37:11.510525  9224 work_detect.cpp:70] Frame :139 detect result :1 face(s)
W1014 15:37:11.510578  9224 work_detect.cpp:83] Invalid bbox: [143 x 179 from (248, 198)]
I1014 15:37:11.510700  9224 work_detect.cpp:120] Succeeded to add det end for frame 139
I1014 15:37:11.510762  9224 work_thread.hpp:81]  [T-Work-Detect_0] Run work: WrokTrack
I1014 15:37:11.510793  9224 work_track.cpp:102] Succeeded to set track lock for frame 139
I1014 15:37:11.510820  9224 work_track.cpp:116] Succeeded to release track lock for frame 139
I1014 15:37:11.510834  9224 work_track.cpp:120] Track results of frame 139: 0 objects input, 0 objects tracked!
I1014 15:37:11.510852  9224 work_thread.hpp:87]  [T-Work-Detect_0] Frame :139 split
I1014 15:37:11.510905  9227 thread_intergrate.hpp:78] [T-Intergrate-intergrate] queue: frame output frame :139
I1014 15:37:11.511991  9227 thread_intergrate.hpp:187] T-Intergrate-intergrate Show face :0, size :640 * 360
I1014 15:37:11.512531  9223 demo_inner.hpp:435] thread [SORT-0]  frame id 139 sorting queue size 10   FPS: 29.9754
I1014 15:37:11.538666  9221 demo_inner.hpp:177] decode queue size 0
I1014 15:37:11.538833  9224 work_thread.hpp:81]  [T-Work-Detect_0] Run work: WorkDetect
I1014 15:37:11.538870  9224 work_detect.cpp:102] Succeeded to add det start for frame 140
I1014 15:37:11.545414  9224 work_detect.cpp:70] Frame :140 detect result :1 face(s)
W1014 15:37:11.545460  9224 work_detect.cpp:83] Invalid bbox: [144 x 180 from (248, 196)]
I1014 15:37:11.545584  9224 work_detect.cpp:120] Succeeded to add det end for frame 140
I1014 15:37:11.545603  9224 work_thread.hpp:81]  [T-Work-Detect_0] Run work: WrokTrack
I1014 15:37:11.545630  9224 work_track.cpp:102] Succeeded to set track lock for frame 140
I1014 15:37:11.545656  9224 work_track.cpp:116] Succeeded to release track lock for frame 140
I1014 15:37:11.545670  9224 work_track.cpp:120] Track results of frame 140: 0 objects input, 0 objects tracked!
I1014 15:37:11.545688  9224 work_thread.hpp:87]  [T-Work-Detect_0] Frame :140 split
I1014 15:37:11.545745  9227 thread_intergrate.hpp:78] [T-Intergrate-intergrate] queue: frame output frame :140
I1014 15:37:11.546830  9227 thread_intergrate.hpp:187] T-Intergrate-intergrate Show face :0, size :640 * 360
I1014 15:37:11.570559  9221 demo_inner.hpp:177] decode queue size 0
I1014 15:37:11.570690  9224 work_thread.hpp:81]  [T-Work-Detect_0] Run work: WorkDetect
I1014 15:37:11.570726  9224 work_detect.cpp:102] Succeeded to add det start for frame 141
I1014 15:37:11.577248  9224 work_detect.cpp:70] Frame :141 detect result :1 face(s)
W1014 15:37:11.577296  9224 work_detect.cpp:83] Invalid bbox: [144 x 179 from (248, 199)]
I1014 15:37:11.577399  9224 work_detect.cpp:120] Succeeded to add det end for frame 141
I1014 15:37:11.577416  9224 work_thread.hpp:81]  [T-Work-Detect_0] Run work: WrokTrack
I1014 15:37:11.577445  9224 work_track.cpp:102] Succeeded to set track lock for frame 141
I1014 15:37:11.577471  9224 work_track.cpp:116] Succeeded to release track lock for frame 141
I1014 15:37:11.577486  9224 work_track.cpp:120] Track results of frame 141: 0 objects input, 0 objects tracked!
I1014 15:37:11.577504  9224 work_thread.hpp:87]  [T-Work-Detect_0] Frame :141 split
I1014 15:37:11.577553  9227 thread_intergrate.hpp:78] [T-Intergrate-intergrate] queue: frame output frame :141
I1014 15:37:11.578639  9227 thread_intergrate.hpp:187] T-Intergrate-intergrate Show face :0, size :640 * 360
I1014 15:37:11.604728  9221 demo_inner.hpp:177] decode queue size 0
I1014 15:37:11.604882  9224 work_thread.hpp:81]  [T-Work-Detect_0] Run work: WorkDetect
I1014 15:37:11.604920  9224 work_detect.cpp:102] Succeeded to add det start for frame 142
I1014 15:37:11.611537  9224 work_detect.cpp:70] Frame :142 detect result :1 face(s)
W1014 15:37:11.611583  9224 work_detect.cpp:83] Invalid bbox: [139 x 173 from (251, 194)]
I1014 15:37:11.611703  9224 work_detect.cpp:120] Succeeded to add det end for frame 142
I1014 15:37:11.611721  9224 work_thread.hpp:81]  [T-Work-Detect_0] Run work: WrokTrack
I1014 15:37:11.611749  9224 work_track.cpp:102] Succeeded to set track lock for frame 142
I1014 15:37:11.611775  9224 work_track.cpp:116] Succeeded to release track lock for frame 142
I1014 15:37:11.611789  9224 work_track.cpp:120] Track results of frame 142: 0 objects input, 0 objects tracked!
I1014 15:37:11.611807  9224 work_thread.hpp:87]  [T-Work-Detect_0] Frame :142 split
I1014 15:37:11.611901  9227 thread_intergrate.hpp:78] [T-Intergrate-intergrate] queue: frame output frame :142
I1014 15:37:11.612990  9227 thread_intergrate.hpp:187] T-Intergrate-intergrate Show face :0, size :640 * 360
I1014 15:37:11.634817  9221 demo_inner.hpp:177] decode queue size 0
I1014 15:37:11.634938  9224 work_thread.hpp:81]  [T-Work-Detect_0] Run work: WorkDetect
I1014 15:37:11.634975  9224 work_detect.cpp:102] Succeeded to add det start for frame 143
I1014 15:37:11.641578  9224 work_detect.cpp:70] Frame :143 detect result :1 face(s)
W1014 15:37:11.641628  9224 work_detect.cpp:83] Invalid bbox: [146 x 182 from (246, 198)]
I1014 15:37:11.641728  9224 work_detect.cpp:120] Succeeded to add det end for frame 143
I1014 15:37:11.641746  9224 work_thread.hpp:81]  [T-Work-Detect_0] Run work: WrokTrack
I1014 15:37:11.641774  9224 work_track.cpp:102] Succeeded to set track lock for frame 143
I1014 15:37:11.641800  9224 work_track.cpp:116] Succeeded to release track lock for frame 143
I1014 15:37:11.641814  9224 work_track.cpp:120] Track results of frame 143: 0 objects input, 0 objects tracked!
I1014 15:37:11.641832  9224 work_thread.hpp:87]  [T-Work-Detect_0] Frame :143 split
I1014 15:37:11.641886  9227 thread_intergrate.hpp:78] [T-Intergrate-intergrate] queue: frame output frame :143
I1014 15:37:11.642974  9227 thread_intergrate.hpp:187] T-Intergrate-intergrate Show face :0, size :640 * 360
I1014 15:37:11.670747  9221 demo_inner.hpp:177] decode queue size 0
I1014 15:37:11.670881  9224 work_thread.hpp:81]  [T-Work-Detect_0] Run work: WorkDetect
I1014 15:37:11.670918  9224 work_detect.cpp:102] Succeeded to add det start for frame 144
I1014 15:37:11.677649  9224 work_detect.cpp:70] Frame :144 detect result :1 face(s)
W1014 15:37:11.677702  9224 work_detect.cpp:83] Invalid bbox: [144 x 180 from (247, 198)]
I1014 15:37:11.677817  9224 work_detect.cpp:120] Succeeded to add det end for frame 144
I1014 15:37:11.677835  9224 work_thread.hpp:81]  [T-Work-Detect_0] Run work: WrokTrack
I1014 15:37:11.677863  9224 work_track.cpp:102] Succeeded to set track lock for frame 144
I1014 15:37:11.677889  9224 work_track.cpp:116] Succeeded to release track lock for frame 144
I1014 15:37:11.677903  9224 work_track.cpp:120] Track results of frame 144: 0 objects input, 0 objects tracked!
I1014 15:37:11.677922  9224 work_thread.hpp:87]  [T-Work-Detect_0] Frame :144 split
I1014 15:37:11.677973  9227 thread_intergrate.hpp:78] [T-Intergrate-intergrate] queue: frame output frame :144
I1014 15:37:11.679059  9227 thread_intergrate.hpp:187] T-Intergrate-intergrate Show face :0, size :640 * 360
I1014 15:37:11.706790  9221 demo_inner.hpp:177] decode queue size 0
I1014 15:37:11.706934  9224 work_thread.hpp:81]  [T-Work-Detect_0] Run work: WorkDetect
I1014 15:37:11.706971  9224 work_detect.cpp:102] Succeeded to add det start for frame 145
I1014 15:37:11.713554  9224 work_detect.cpp:70] Frame :145 detect result :1 face(s)
