I1014 15:49:22.675513  9551 work_detect.cpp:102] Succeeded to add det start for frame 151
I1014 15:49:22.678563  9554 thread_intergrate.hpp:95] T-Intergrate-intergrate Try push queue sorting again 5 vs 5
I1014 15:49:22.682085  9551 work_detect.cpp:70] Frame :151 detect result :1 face(s)
I1014 15:49:22.682108  9551 work_detect.cpp:86] Detected bbox: [145 x 190 from (227, 162)]
I1014 15:49:22.682148  9551 work_detect.cpp:120] Succeeded to add det end for frame 151
I1014 15:49:22.682164  9551 work_thread.hpp:81]  [T-Work-Detect_0] Run work: WrokTrack
I1014 15:49:22.682185  9551 work_track.cpp:82] Frame: 151 build input_characts: [0.226562 x 0.527778 from (0.354688, 0.45)], 1.00019, 0
I1014 15:49:22.682241  9551 work_track.cpp:102] Succeeded to set track lock for frame 151
I1014 15:49:22.682281  9551 work_track.cpp:116] Succeeded to release track lock for frame 151
I1014 15:49:22.682296  9551 work_track.cpp:120] Track results of frame 151: 1 objects input, 1 objects tracked!
I1014 15:49:22.682313  9551 work_track.cpp:148] Frame: 151, track bbox: [145 x 190 from (226.921, 165.849)], gid: 0, lid: 0
I1014 15:49:22.682349  9551 work_thread.hpp:87]  [T-Work-Detect_0] Frame :151 split
I1014 15:49:22.682366  9551 work_thread.hpp:120]  [T-Work-Detect_0] Valid piece: gid = 0
I1014 15:49:22.682385  9551 work_thread.hpp:91]  [T-Work-Detect_0] Push to split queue:recog
I1014 15:49:22.682426  9553 work_thread.hpp:81]  [T-Work-Recog_1] Run work: WorkCapture
I1014 15:49:22.682963  9553 work_thread.hpp:81]  [T-Work-Recog_1] Run work: WorkRecog
I1014 15:49:22.682986  9553 work_recog.hpp:89] Face id: 0 will run recog: bbox [145 x 190 from (227, 162)] quality: 0.405864
I1014 15:49:22.683014  9553 work_recog.hpp:96] Recog pair: [216 x 240 from (192, 120)], [145 x 190 from (35, 42)]
I1014 15:49:22.688697  9554 thread_intergrate.hpp:95] T-Intergrate-intergrate Try push queue sorting again 5 vs 5
I1014 15:49:22.698885  9554 thread_intergrate.hpp:95] T-Intergrate-intergrate Try push queue sorting again 5 vs 5
I1014 15:49:22.700500  9553 work_thread.hpp:81]  [T-Work-Recog_1] Run work: WorkCompare
I1014 15:49:22.700927  9553 work_compare.cpp:76] Compare face: 0 successed, similarity :0.996257, name : images/ThangLMb.jpg, normal size : 1548 * 1719!
I1014 15:49:22.709013  9554 thread_intergrate.hpp:95] T-Intergrate-intergrate Try push queue sorting again 5 vs 5
I1014 15:49:22.711551  9548 demo_inner.hpp:177] decode queue size 0
I1014 15:49:22.711660  9551 work_thread.hpp:81]  [T-Work-Detect_0] Run work: WorkDetect
I1014 15:49:22.711694  9551 work_detect.cpp:102] Succeeded to add det start for frame 152
I1014 15:49:22.718356  9551 work_detect.cpp:70] Frame :152 detect result :1 face(s)
I1014 15:49:22.718408  9551 work_detect.cpp:86] Detected bbox: [143 x 186 from (225, 164)]
I1014 15:49:22.718452  9551 work_detect.cpp:120] Succeeded to add det end for frame 152
I1014 15:49:22.718468  9551 work_thread.hpp:81]  [T-Work-Detect_0] Run work: WrokTrack
I1014 15:49:22.718493  9551 work_track.cpp:82] Frame: 152 build input_characts: [0.223438 x 0.516667 from (0.351562, 0.455556)], 1.00019, 0
I1014 15:49:22.718547  9551 work_track.cpp:102] Succeeded to set track lock for frame 152
I1014 15:49:22.718588  9551 work_track.cpp:116] Succeeded to release track lock for frame 152
I1014 15:49:22.718602  9551 work_track.cpp:120] Track results of frame 152: 1 objects input, 1 objects tracked!
I1014 15:49:22.718621  9551 work_track.cpp:148] Frame: 152, track bbox: [143 x 186 from (226.057, 166.321)], gid: 0, lid: 0
I1014 15:49:22.718657  9551 work_thread.hpp:87]  [T-Work-Detect_0] Frame :152 split
I1014 15:49:22.718674  9551 work_thread.hpp:120]  [T-Work-Detect_0] Valid piece: gid = 0
I1014 15:49:22.718693  9551 work_thread.hpp:91]  [T-Work-Detect_0] Push to split queue:recog
I1014 15:49:22.718744  9553 work_thread.hpp:81]  [T-Work-Recog_1] Run work: WorkCapture
I1014 15:49:22.719152  9554 thread_intergrate.hpp:95] T-Intergrate-intergrate Try push queue sorting again 5 vs 5
I1014 15:49:22.719290  9553 work_thread.hpp:81]  [T-Work-Recog_1] Run work: WorkRecog
I1014 15:49:22.719312  9553 work_recog.hpp:89] Face id: 0 will run recog: bbox [143 x 186 from (225, 164)] quality: 0.475482
I1014 15:49:22.719341  9553 work_recog.hpp:96] Recog pair: [208 x 240 from (192, 120)], [143 x 186 from (33, 44)]
I1014 15:49:22.729269  9554 thread_intergrate.hpp:95] T-Intergrate-intergrate Try push queue sorting again 5 vs 5
I1014 15:49:22.736845  9553 work_thread.hpp:81]  [T-Work-Recog_1] Run work: WorkCompare
I1014 15:49:22.737295  9553 work_compare.cpp:76] Compare face: 0 successed, similarity :0.993566, name : images/ThangLMb.jpg, normal size : 1548 * 1719!
I1014 15:49:22.739396  9554 thread_intergrate.hpp:95] T-Intergrate-intergrate Try push queue sorting again 5 vs 5
I1014 15:49:22.742182  9548 demo_inner.hpp:177] decode queue size 0
I1014 15:49:22.742274  9551 work_thread.hpp:81]  [T-Work-Detect_0] Run work: WorkDetect
I1014 15:49:22.742306  9551 work_detect.cpp:102] Succeeded to add det start for frame 153
I1014 15:49:22.748904  9551 work_detect.cpp:70] Frame :153 detect result :1 face(s)
I1014 15:49:22.748950  9551 work_detect.cpp:86] Detected bbox: [127 x 171 from (229, 180)]
I1014 15:49:22.748992  9551 work_detect.cpp:120] Succeeded to add det end for frame 153
I1014 15:49:22.749009  9551 work_thread.hpp:81]  [T-Work-Detect_0] Run work: WrokTrack
I1014 15:49:22.749033  9551 work_track.cpp:82] Frame: 153 build input_characts: [0.198437 x 0.475 from (0.357812, 0.5)], 1.00019, 0
I1014 15:49:22.749089  9551 work_track.cpp:102] Succeeded to set track lock for frame 153
I1014 15:49:22.749128  9551 work_track.cpp:116] Succeeded to release track lock for frame 153
I1014 15:49:22.749143  9551 work_track.cpp:120] Track results of frame 153: 1 objects input, 1 objects tracked!
I1014 15:49:22.749161  9551 work_track.cpp:148] Frame: 153, track bbox: [127 x 171 from (230.763, 176.668)], gid: 0, lid: 0
I1014 15:49:22.749197  9551 work_thread.hpp:87]  [T-Work-Detect_0] Frame :153 split
I1014 15:49:22.749289  9551 work_thread.hpp:120]  [T-Work-Detect_0] Valid piece: gid = 0
I1014 15:49:22.749310  9551 work_thread.hpp:91]  [T-Work-Detect_0] Push to split queue:recog
I1014 15:49:22.749357  9552 work_thread.hpp:81]  [T-Work-Recog_0] Run work: WorkCapture
I1014 15:49:22.749500  9554 thread_intergrate.hpp:95] T-Intergrate-intergrate Try push queue sorting again 5 vs 5
I1014 15:49:22.749900  9552 work_thread.hpp:81]  [T-Work-Recog_0] Run work: WorkRecog
I1014 15:49:22.749923  9552 work_recog.hpp:89] Face id: 0 will run recog: bbox [127 x 171 from (229, 180)] quality: 0.450016
I1014 15:49:22.749951  9552 work_recog.hpp:96] Recog pair: [184 x 216 from (200, 144)], [127 x 171 from (29, 36)]
I1014 15:49:22.759606  9554 thread_intergrate.hpp:95] T-Intergrate-intergrate Try push queue sorting again 5 vs 5
I1014 15:49:22.767205  9552 work_thread.hpp:81]  [T-Work-Recog_0] Run work: WorkCompare
I1014 15:49:22.767639  9552 work_compare.cpp:76] Compare face: 0 successed, similarity :0.996109, name : images/ThangLMb.jpg, normal size : 1548 * 1719!
I1014 15:49:22.769737  9554 thread_intergrate.hpp:95] T-Intergrate-intergrate Try push queue sorting again 5 vs 5
I1014 15:49:22.777434  9548 demo_inner.hpp:177] decode queue size 0
I1014 15:49:22.777547  9551 work_thread.hpp:81]  [T-Work-Detect_0] Run work: WorkDetect
I1014 15:49:22.777582  9551 work_detect.cpp:102] Succeeded to add det start for frame 154
I1014 15:49:22.779850  9554 thread_intergrate.hpp:95] T-Intergrate-intergrate Try push queue sorting again 5 vs 5
I1014 15:49:22.784085  9551 work_detect.cpp:70] Frame :154 detect result :1 face(s)
I1014 15:49:22.784106  9551 work_detect.cpp:86] Detected bbox: [129 x 171 from (226, 180)]
I1014 15:49:22.784149  9551 work_detect.cpp:120] Succeeded to add det end for frame 154
I1014 15:49:22.784190  9551 work_thread.hpp:81]  [T-Work-Detect_0] Run work: WrokTrack
I1014 15:49:22.784214  9551 work_track.cpp:82] Frame: 154 build input_characts: [0.201562 x 0.475 from (0.353125, 0.5)], 0.999622, 0
I1014 15:49:22.784269  9551 work_track.cpp:102] Succeeded to set track lock for frame 154
I1014 15:49:22.784308  9551 work_track.cpp:116] Succeeded to release track lock for frame 154
I1014 15:49:22.784323  9551 work_track.cpp:120] Track results of frame 154: 1 objects input, 1 objects tracked!
I1014 15:49:22.784341  9551 work_track.cpp:148] Frame: 154, track bbox: [129 x 171 from (226.68, 178.724)], gid: 0, lid: 0
I1014 15:49:22.784377  9551 work_thread.hpp:87]  [T-Work-Detect_0] Frame :154 split
I1014 15:49:22.784395  9551 work_thread.hpp:120]  [T-Work-Detect_0] Valid piece: gid = 0
I1014 15:49:22.784413  9551 work_thread.hpp:91]  [T-Work-Detect_0] Push to split queue:recog
I1014 15:49:22.784456  9553 work_thread.hpp:81]  [T-Work-Recog_1] Run work: WorkCapture
I1014 15:49:22.784992  9553 work_thread.hpp:81]  [T-Work-Recog_1] Run work: WorkRecog
I1014 15:49:22.785015  9553 work_recog.hpp:89] Face id: 0 will run recog: bbox [129 x 171 from (226, 180)] quality: 0.429647
I1014 15:49:22.785043  9553 work_recog.hpp:96] Recog pair: [184 x 216 from (200, 144)], [129 x 171 from (26, 36)]
I1014 15:49:22.789960  9554 thread_intergrate.hpp:95] T-Intergrate-intergrate Try push queue sorting again 5 vs 5
I1014 15:49:22.800079  9554 thread_intergrate.hpp:95] T-Intergrate-intergrate Try push queue sorting again 5 vs 5
I1014 15:49:22.802285  9553 work_thread.hpp:81]  [T-Work-Recog_1] Run work: WorkCompare
I1014 15:49:22.802714  9553 work_compare.cpp:76] Compare face: 0 successed, similarity :0.994999, name : images/ThangLMb.jpg, normal size : 1548 * 1719!
I1014 15:49:22.808102  9548 demo_inner.hpp:177] decode queue size 0
I1014 15:49:22.808244  9551 work_thread.hpp:81]  [T-Work-Detect_0] Run work: WorkDetect
I1014 15:49:22.808277  9551 work_detect.cpp:102] Succeeded to add det start for frame 155
I1014 15:49:22.810220  9554 thread_intergrate.hpp:95] T-Intergrate-intergrate Try push queue sorting again 5 vs 5
I1014 15:49:22.812839  9553 work_thread.hpp:102]  [T-Work-Recog_1] Try to push queue compare again 8 vs 8
I1014 15:49:22.814736  9551 work_detect.cpp:70] Frame :155 detect result :1 face(s)
I1014 15:49:22.814831  9551 work_detect.cpp:86] Detected bbox: [133 x 179 from (221, 175)]
I1014 15:49:22.814875  9551 work_detect.cpp:120] Succeeded to add det end for frame 155
I1014 15:49:22.814891  9551 work_thread.hpp:81]  [T-Work-Detect_0] Run work: WrokTrack
I1014 15:49:22.814911  9551 work_track.cpp:82] Frame: 155 build input_characts: [0.207813 x 0.497222 from (0.345313, 0.486111)], 1.00019, 0
I1014 15:49:22.814966  9551 work_track.cpp:102] Succeeded to set track lock for frame 155
I1014 15:49:22.815006  9551 work_track.cpp:116] Succeeded to release track lock for frame 155
I1014 15:49:22.815021  9551 work_track.cpp:120] Track results of frame 155: 1 objects input, 1 objects tracked!
I1014 15:49:22.815038  9551 work_track.cpp:148] Frame: 155, track bbox: [133 x 179 from (221.329, 174.879)], gid: 0, lid: 0
I1014 15:49:22.815074  9551 work_thread.hpp:87]  [T-Work-Detect_0] Frame :155 split
I1014 15:49:22.815093  9551 work_thread.hpp:120]  [T-Work-Detect_0] Valid piece: gid = 0
I1014 15:49:22.815110  9551 work_thread.hpp:91]  [T-Work-Detect_0] Push to split queue:recog
I1014 15:49:22.815157  9552 work_thread.hpp:81]  [T-Work-Recog_0] Run work: WorkCapture
I1014 15:49:22.815690  9552 work_thread.hpp:81]  [T-Work-Recog_0] Run work: WorkRecog
I1014 15:49:22.815712  9552 work_recog.hpp:89] Face id: 0 will run recog: bbox [133 x 179 from (221, 175)] quality: 0.56185
I1014 15:49:22.815740  9552 work_recog.hpp:96] Recog pair: [192 x 224 from (192, 136)], [133 x 179 from (29, 39)]
I1014 15:49:22.820324  9554 thread_intergrate.hpp:95] T-Intergrate-intergrate Try push queue sorting again 5 vs 5
I1014 15:49:22.822932  9553 work_thread.hpp:102]  [T-Work-Recog_1] Try to push queue compare again 8 vs 8
I1014 15:49:22.825501  9551 work_thread.hpp:102]  [T-Work-Detect_0] Try to push queue frame again 8 vs 8
I1014 15:49:22.830425  9554 thread_intergrate.hpp:95] T-Intergrate-intergrate Try push queue sorting again 5 vs 5
I1014 15:49:22.832964  9552 work_thread.hpp:81]  [T-Work-Recog_0] Run work: WorkCompare
I1014 15:49:22.833019  9553 work_thread.hpp:102]  [T-Work-Recog_1] Try to push queue compare again 8 vs 8
I1014 15:49:22.833386  9552 work_compare.cpp:76] Compare face: 0 successed, similarity :0.997637, name : images/ThangLMb.jpg, normal size : 1548 * 1719!
I1014 15:49:22.835594  9551 work_thread.hpp:102]  [T-Work-Detect_0] Try to push queue frame again 8 vs 8
I1014 15:49:22.840524  9554 thread_intergrate.hpp:95] T-Intergrate-intergrate Try push queue sorting again 5 vs 5
I1014 15:49:22.843127  9553 work_thread.hpp:102]  [T-Work-Recog_1] Try to push queue compare again 8 vs 8
I1014 15:49:22.843509  9552 work_thread.hpp:102]  [T-Work-Recog_0] Try to push queue compare again 8 vs 8
I1014 15:49:22.843542  9548 demo_inner.hpp:177] decode queue size 0
I1014 15:49:22.845685  9551 work_thread.hpp:102]  [T-Work-Detect_0] Try to push queue frame again 8 vs 8
I1014 15:49:22.850627  9554 thread_intergrate.hpp:95] T-Intergrate-intergrate Try push queue sorting again 5 vs 5
I1014 15:49:22.853240  9553 work_thread.hpp:102]  [T-Work-Recog_1] Try to push queue compare again 8 vs 8
I1014 15:49:22.853602  9552 work_thread.hpp:102]  [T-Work-Recog_0] Try to push queue compare again 8 vs 8
I1014 15:49:22.855765  9551 work_thread.hpp:102]  [T-Work-Detect_0] Try to push queue frame again 8 vs 8
I1014 15:49:22.860721  9554 thread_intergrate.hpp:95] T-Intergrate-intergrate Try push queue sorting again 5 vs 5
I1014 15:49:22.863325  9553 work_thread.hpp:102]  [T-Work-Recog_1] Try to push queue compare again 8 vs 8
I1014 15:49:22.863683  9552 work_thread.hpp:102]  [T-Work-Recog_0] Try to push queue compare again 8 vs 8
I1014 15:49:22.865850  9551 work_thread.hpp:102]  [T-Work-Detect_0] Try to push queue frame again 8 vs 8
I1014 15:49:22.870816  9554 thread_intergrate.hpp:95] T-Intergrate-intergrate Try push queue sorting again 5 vs 5
I1014 15:49:22.873441  9553 work_thread.hpp:102]  [T-Work-Recog_1] Try to push queue compare again 8 vs 8
I1014 15:49:22.873512  9548 demo_inner.hpp:177] decode queue size 1
I1014 15:49:22.873770  9552 work_thread.hpp:102]  [T-Work-Recog_0] Try to push queue compare again 8 vs 8
I1014 15:49:22.875933  9551 work_thread.hpp:102]  [T-Work-Detect_0] Try to push queue frame again 8 vs 8
I1014 15:49:22.880913  9554 thread_intergrate.hpp:95] T-Intergrate-intergrate Try push queue sorting again 5 vs 5
I1014 15:49:22.883565  9553 work_thread.hpp:102]  [T-Work-Recog_1] Try to push queue compare again 8 vs 8
I1014 15:49:22.883852  9552 work_thread.hpp:102]  [T-Work-Recog_0] Try to push queue compare again 8 vs 8
I1014 15:49:22.886013  9551 work_thread.hpp:102]  [T-Work-Detect_0] Try to push queue frame again 8 vs 8
I1014 15:49:22.891001  9554 thread_intergrate.hpp:95] T-Intergrate-intergrate Try push queue sorting again 5 vs 5
I1014 15:49:22.893649  9553 work_thread.hpp:102]  [T-Work-Recog_1] Try to push queue compare again 8 vs 8
I1014 15:49:22.893930  9552 work_thread.hpp:102]  [T-Work-Recog_0] Try to push queue compare again 8 vs 8
I1014 15:49:22.896092  9551 work_thread.hpp:102]  [T-Work-Detect_0] Try to push queue frame again 8 vs 8
I1014 15:49:22.901091  9554 thread_intergrate.hpp:95] T-Intergrate-intergrate Try push queue sorting again 5 vs 5
I1014 15:49:22.903738  9553 work_thread.hpp:102]  [T-Work-Recog_1] Try to push queue compare again 8 vs 8
I1014 15:49:22.904012  9552 work_thread.hpp:102]  [T-Work-Recog_0] Try to push queue compare again 8 vs 8
I1014 15:49:22.906173  9551 work_thread.hpp:102]  [T-Work-Detect_0] Try to push queue frame again 8 vs 8
I1014 15:49:22.908974  9548 demo_inner.hpp:177] decode queue size 1
I1014 15:49:22.911192  9554 thread_intergrate.hpp:95] T-Intergrate-intergrate Try push queue sorting again 5 vs 5
I1014 15:49:22.913830  9553 work_thread.hpp:102]  [T-Work-Recog_1] Try to push queue compare again 8 vs 8
I1014 15:49:22.914095  9552 work_thread.hpp:102]  [T-Work-Recog_0] Try to push queue compare again 8 vs 8
I1014 15:49:22.916256  9551 work_thread.hpp:102]  [T-Work-Detect_0] Try to push queue frame again 8 vs 8
I1014 15:49:22.921283  9554 thread_intergrate.hpp:95] T-Intergrate-intergrate Try push queue sorting again 5 vs 5
I1014 15:49:22.923921  9553 work_thread.hpp:102]  [T-Work-Recog_1] Try to push queue compare again 8 vs 8
I1014 15:49:22.924178  9552 work_thread.hpp:102]  [T-Work-Recog_0] Try to push queue compare again 8 vs 8
I1014 15:49:22.926335  9551 work_thread.hpp:102]  [T-Work-Detect_0] Try to push queue frame again 8 vs 8
I1014 15:49:22.931366  9554 thread_intergrate.hpp:95] T-Intergrate-intergrate Try push queue sorting again 5 vs 5
I1014 15:49:22.934005  9553 work_thread.hpp:102]  [T-Work-Recog_1] Try to push queue compare again 8 vs 8
I1014 15:49:22.934258  9552 work_thread.hpp:102]  [T-Work-Recog_0] Try to push queue compare again 8 vs 8
I1014 15:49:22.936419  9551 work_thread.hpp:102]  [T-Work-Detect_0] Try to push queue frame again 8 vs 8
I1014 15:49:22.941454  9554 thread_intergrate.hpp:95] T-Intergrate-intergrate Try push queue sorting again 5 vs 5
I1014 15:49:22.944093  9553 work_thread.hpp:102]  [T-Work-Recog_1] Try to push queue compare again 8 vs 8
I1014 15:49:22.944340  9552 work_thread.hpp:102]  [T-Work-Recog_0] Try to push queue compare again 8 vs 8
I1014 15:49:22.945019  9548 demo_inner.hpp:177] decode queue size 1
I1014 15:49:22.946503  9551 work_thread.hpp:102]  [T-Work-Detect_0] Try to push queue frame again 8 vs 8
I1014 15:49:22.951546  9554 thread_intergrate.hpp:95] T-Intergrate-intergrate Try push queue sorting again 5 vs 5
I1014 15:49:22.954185  9553 work_thread.hpp:102]  [T-Work-Recog_1] Try to push queue compare again 8 vs 8
I1014 15:49:22.954421  9552 work_thread.hpp:102]  [T-Work-Recog_0] Try to push queue compare again 8 vs 8
I1014 15:49:22.955591  9549 demo_inner.hpp:260]  gui queue size 10, state = running
I1014 15:49:22.955945  9550 demo_inner.hpp:435] thread [SORT-0]  frame id 141 sorting queue size 0   FPS: 23.0973
I1014 15:49:22.956399  9550 demo_inner.hpp:435] thread [SORT-0]  frame id 142 sorting queue size 1   FPS: 23.3627
I1014 15:49:22.956591  9551 work_thread.hpp:102]  [T-Work-Detect_0] Try to push queue frame again 8 vs 8
I1014 15:49:22.956749  9554 thread_intergrate.hpp:78] [T-Intergrate-intergrate] queue: frame output frame :147
I1014 15:49:22.956777  9554 thread_intergrate.hpp:85] [T-Intergrate-intergrate] queue: compare output face:0
I1014 15:49:22.956796  9554 thread_intergrate.hpp:144] T-Intergrate-intergrate set matched face: 0
I1014 15:49:22.956815  9550 demo_inner.hpp:435] thread [SORT-0]  frame id 143 sorting queue size 2   FPS: 23.6801
I1014 15:49:22.957173  9550 demo_inner.hpp:435] thread [SORT-0]  frame id 144 sorting queue size 3   FPS: 23.978
I1014 15:49:22.957474  9550 demo_inner.hpp:435] thread [SORT-0]  frame id 145 sorting queue size 4   FPS: 24.3319
I1014 15:49:22.957844  9550 demo_inner.hpp:435] thread [SORT-0]  frame id 146 sorting queue size 5   FPS: 24.6664
I1014 15:49:22.957945  9551 work_thread.hpp:81]  [T-Work-Detect_0] Run work: WorkDetect
I1014 15:49:22.957978  9551 work_detect.cpp:102] Succeeded to add det start for frame 156
I1014 15:49:22.958359  9554 thread_intergrate.hpp:188] T-Intergrate-intergrate Show face :0, size :640 * 360
I1014 15:49:22.958530  9554 thread_intergrate.hpp:78] [T-Intergrate-intergrate] queue: frame output frame :148
I1014 15:49:22.958562  9554 thread_intergrate.hpp:85] [T-Intergrate-intergrate] queue: compare output face:0
I1014 15:49:22.958581  9554 thread_intergrate.hpp:144] T-Intergrate-intergrate set matched face: 0
I1014 15:49:22.958873  9550 demo_inner.hpp:435] thread [SORT-0]  frame id 147 sorting queue size 6   FPS: 24.9489
I1014 15:49:22.959570  9549 demo_inner.hpp:260]  gui queue size 6, state = running
I1014 15:49:22.960278  9554 thread_intergrate.hpp:188] T-Intergrate-intergrate Show face :0, size :640 * 360
I1014 15:49:22.960464  9554 thread_intergrate.hpp:78] [T-Intergrate-intergrate] queue: frame output frame :149
I1014 15:49:22.960490  9554 thread_intergrate.hpp:85] [T-Intergrate-intergrate] queue: compare output face:0
I1014 15:49:22.960508  9554 thread_intergrate.hpp:144] T-Intergrate-intergrate set matched face: 0
I1014 15:49:22.960842  9550 demo_inner.hpp:435] thread [SORT-0]  frame id 148 sorting queue size 0   FPS: 25.2902
I1014 15:49:22.962198  9554 thread_intergrate.hpp:188] T-Intergrate-intergrate Show face :0, size :640 * 360
I1014 15:49:22.962457  9554 thread_intergrate.hpp:78] [T-Intergrate-intergrate] queue: frame output frame :150
I1014 15:49:22.962486  9554 thread_intergrate.hpp:85] [T-Intergrate-intergrate] queue: compare output face:0
I1014 15:49:22.962505  9554 thread_intergrate.hpp:144] T-Intergrate-intergrate set matched face: 0
I1014 15:49:22.963004  9550 demo_inner.hpp:435] thread [SORT-0]  frame id 149 sorting queue size 1   FPS: 25.5872
I1014 15:49:22.963737  9549 demo_inner.hpp:260]  gui queue size 1, state = running
I1014 15:49:22.964380  9554 thread_intergrate.hpp:188] T-Intergrate-intergrate Show face :0, size :640 * 360
I1014 15:49:22.964577  9554 thread_intergrate.hpp:78] [T-Intergrate-intergrate] queue: frame output frame :151
I1014 15:49:22.964603  9554 thread_intergrate.hpp:85] [T-Intergrate-intergrate] queue: compare output face:0
I1014 15:49:22.964622  9554 thread_intergrate.hpp:144] T-Intergrate-intergrate set matched face: 0
I1014 15:49:22.964952  9550 demo_inner.hpp:435] thread [SORT-0]  frame id 150 sorting queue size 0   FPS: 25.9574
I1014 15:49:22.966390  9554 thread_intergrate.hpp:188] T-Intergrate-intergrate Show face :0, size :640 * 360
I1014 15:49:22.966625  9554 thread_intergrate.hpp:78] [T-Intergrate-intergrate] queue: frame output frame :152
I1014 15:49:22.966652  9554 thread_intergrate.hpp:85] [T-Intergrate-intergrate] queue: compare output face:0
I1014 15:49:22.966671  9554 thread_intergrate.hpp:144] T-Intergrate-intergrate set matched face: 0
I1014 15:49:22.967032  9550 demo_inner.hpp:435] thread [SORT-0]  frame id 151 sorting queue size 1   FPS: 26.2705
I1014 15:49:22.967497  9551 work_detect.cpp:70] Frame :156 detect result :1 face(s)
I1014 15:49:22.967530  9551 work_detect.cpp:86] Detected bbox: [133 x 176 from (219, 178)]
I1014 15:49:22.967715  9551 work_detect.cpp:120] Succeeded to add det end for frame 156
I1014 15:49:22.967855  9551 work_thread.hpp:81]  [T-Work-Detect_0] Run work: WrokTrack
I1014 15:49:22.967885  9551 work_track.cpp:82] Frame: 156 build input_characts: [0.207813 x 0.488889 from (0.342187, 0.494444)], 0.998476, 0
I1014 15:49:22.967949  9551 work_track.cpp:102] Succeeded to set track lock for frame 156
I1014 15:49:22.967993  9551 work_track.cpp:116] Succeeded to release track lock for frame 156
I1014 15:49:22.968008  9551 work_track.cpp:120] Track results of frame 156: 1 objects input, 1 objects tracked!
I1014 15:49:22.968026  9551 work_track.cpp:148] Frame: 156, track bbox: [133 x 176 from (218.518, 179.376)], gid: 0, lid: 0
I1014 15:49:22.968091  9551 work_thread.hpp:87]  [T-Work-Detect_0] Frame :156 split
I1014 15:49:22.968093  9549 demo_inner.hpp:260]  gui queue size 1, state = running
I1014 15:49:22.968113  9551 work_thread.hpp:120]  [T-Work-Detect_0] Valid piece: gid = 0
I1014 15:49:22.968132  9551 work_thread.hpp:91]  [T-Work-Detect_0] Push to split queue:recog
I1014 15:49:22.968253  9553 work_thread.hpp:81]  [T-Work-Recog_1] Run work: WorkCapture
I1014 15:49:22.968277  9554 thread_intergrate.hpp:188] T-Intergrate-intergrate Show face :0, size :640 * 360
I1014 15:49:22.968444  9554 thread_intergrate.hpp:78] [T-Intergrate-intergrate] queue: frame output frame :153
I1014 15:49:22.968468  9554 thread_intergrate.hpp:85] [T-Intergrate-intergrate] queue: compare output face:0
I1014 15:49:22.968487  9554 thread_intergrate.hpp:144] T-Intergrate-intergrate set matched face: 0
I1014 15:49:22.969247  9550 demo_inner.hpp:435] thread [SORT-0]  frame id 152 sorting queue size 0   FPS: 26.6608
I1014 15:49:22.969394  9553 work_thread.hpp:81]  [T-Work-Recog_1] Run work: WorkRecog
I1014 15:49:22.969431  9553 work_recog.hpp:89] Face id: 0 will run recog: bbox [133 x 176 from (219, 178)] quality: 0.423824
I1014 15:49:22.969462  9553 work_recog.hpp:96] Recog pair: [192 x 224 from (192, 136)], [133 x 176 from (27, 42)]
I1014 15:49:22.970053  9554 thread_intergrate.hpp:188] T-Intergrate-intergrate Show face :0, size :640 * 360
I1014 15:49:22.970263  9554 thread_intergrate.hpp:78] [T-Intergrate-intergrate] queue: frame output frame :154
I1014 15:49:22.970288  9554 thread_intergrate.hpp:85] [T-Intergrate-intergrate] queue: compare output face:0
I1014 15:49:22.970305  9554 thread_intergrate.hpp:144] T-Intergrate-intergrate set matched face: 0
I1014 15:49:22.970849  9550 demo_inner.hpp:435] thread [SORT-0]  frame id 153 sorting queue size 1   FPS: 27.063
I1014 15:49:22.972266  9554 thread_intergrate.hpp:188] T-Intergrate-intergrate Show face :0, size :640 * 360
I1014 15:49:22.972432  9549 demo_inner.hpp:260]  gui queue size 1, state = running
I1014 15:49:22.972467  9554 thread_intergrate.hpp:78] [T-Intergrate-intergrate] queue: frame output frame :155
I1014 15:49:22.972491  9554 thread_intergrate.hpp:85] [T-Intergrate-intergrate] queue: compare output face:0
I1014 15:49:22.972510  9554 thread_intergrate.hpp:144] T-Intergrate-intergrate set matched face: 0
I1014 15:49:22.974050  9550 demo_inner.hpp:435] thread [SORT-0]  frame id 154 sorting queue size 0   FPS: 27.3911
I1014 15:49:22.974170  9554 thread_intergrate.hpp:188] T-Intergrate-intergrate Show face :0, size :640 * 360
I1014 15:49:22.974359  9554 thread_intergrate.hpp:78] [T-Intergrate-intergrate] queue: frame output frame :156
I1014 15:49:22.974382  9554 thread_intergrate.hpp:85] [T-Intergrate-intergrate] queue: compare output face:0
I1014 15:49:22.974401  9554 thread_intergrate.hpp:144] T-Intergrate-intergrate set matched face: 0
I1014 15:49:22.974850  9550 demo_inner.hpp:435] thread [SORT-0]  frame id 155 sorting queue size 1   FPS: 27.8285
I1014 15:49:22.975586  9548 demo_inner.hpp:177] decode queue size 0
I1014 15:49:22.975762  9551 work_thread.hpp:81]  [T-Work-Detect_0] Run work: WorkDetect
I1014 15:49:22.975816  9551 work_detect.cpp:102] Succeeded to add det start for frame 157
I1014 15:49:22.976299  9554 thread_intergrate.hpp:188] T-Intergrate-intergrate Show face :0, size :640 * 360
I1014 15:49:22.976641  9549 demo_inner.hpp:260]  gui queue size 1, state = running
I1014 15:49:22.976989  9550 demo_inner.hpp:435] thread [SORT-0]  frame id 156 sorting queue size 0   FPS: 28.1885
I1014 15:49:22.981498  9549 demo_inner.hpp:260]  gui queue size 0, state = running
I1014 15:49:22.983448  9551 work_detect.cpp:70] Frame :157 detect result :1 face(s)
I1014 15:49:22.983549  9551 work_detect.cpp:86] Detected bbox: [130 x 173 from (208, 178)]
I1014 15:49:22.983597  9551 work_detect.cpp:120] Succeeded to add det end for frame 157
I1014 15:49:22.983614  9551 work_thread.hpp:81]  [T-Work-Detect_0] Run work: WrokTrack
I1014 15:49:22.983641  9551 work_track.cpp:82] Frame: 157 build input_characts: [0.203125 x 0.480556 from (0.325, 0.494444)], 0.997488, 0
I1014 15:49:22.983731  9551 work_track.cpp:102] Succeeded to set track lock for frame 157
I1014 15:49:22.983791  9551 work_track.cpp:116] Succeeded to release track lock for frame 157
I1014 15:49:22.983806  9551 work_track.cpp:120] Track results of frame 157: 1 objects input, 1 objects tracked!
I1014 15:49:22.983825  9551 work_track.cpp:148] Frame: 157, track bbox: [130 x 173 from (212.599, 180.039)], gid: 0, lid: 0
I1014 15:49:22.984225  9551 work_thread.hpp:87]  [T-Work-Detect_0] Frame :157 split
I1014 15:49:22.984247  9551 work_thread.hpp:120]  [T-Work-Detect_0] Valid piece: gid = 0
I1014 15:49:22.984270  9551 work_thread.hpp:91]  [T-Work-Detect_0] Push to split queue:recog
I1014 15:49:22.984367  9552 work_thread.hpp:81]  [T-Work-Recog_0] Run work: WorkCapture
I1014 15:49:22.984750  9554 thread_intergrate.hpp:78] [T-Intergrate-intergrate] queue: frame output frame :157
I1014 15:49:22.985240  9552 work_thread.hpp:81]  [T-Work-Recog_0] Run work: WorkRecog
I1014 15:49:22.985273  9552 work_recog.hpp:89] Face id: 0 will run recog: bbox [130 x 173 from (208, 178)] quality: 0.46058
I1014 15:49:22.985328  9552 work_recog.hpp:96] Recog pair: [192 x 216 from (176, 144)], [130 x 173 from (32, 34)]
I1014 15:49:22.986392  9554 thread_intergrate.hpp:188] T-Intergrate-intergrate Show face :0, size :640 * 360
I1014 15:49:22.987073  9550 demo_inner.hpp:435] thread [SORT-0]  frame id 157 sorting queue size 0   FPS: 28.5313
I1014 15:49:22.987150  9549 demo_inner.hpp:260]  gui queue size 0, state = running
I1014 15:49:22.990329  9553 work_thread.hpp:81]  [T-Work-Recog_1] Run work: WorkCompare
I1014 15:49:22.990909  9553 work_compare.cpp:76] Compare face: 0 successed, similarity :0.995606, name : images/ThangLMb.jpg, normal size : 1548 * 1719!
I1014 15:49:23.004807  9552 work_thread.hpp:81]  [T-Work-Recog_0] Run work: WorkCompare
I1014 15:49:23.005275  9552 work_compare.cpp:76] Compare face: 0 successed, similarity :0.996302, name : images/ThangLMb.jpg, normal size : 1548 * 1719!
I1014 15:49:23.011910  9548 demo_inner.hpp:177] decode queue size 0
I1014 15:49:23.012024  9551 work_thread.hpp:81]  [T-Work-Detect_0] Run work: WorkDetect
I1014 15:49:23.012058  9551 work_detect.cpp:102] Succeeded to add det start for frame 158
I1014 15:49:23.018664  9551 work_detect.cpp:70] Frame :158 detect result :1 face(s)
I1014 15:49:23.018709  9551 work_detect.cpp:86] Detected bbox: [127 x 169 from (206, 183)]
I1014 15:49:23.018751  9551 work_detect.cpp:120] Succeeded to add det end for frame 158
I1014 15:49:23.018767  9551 work_thread.hpp:81]  [T-Work-Detect_0] Run work: WrokTrack
I1014 15:49:23.018792  9551 work_track.cpp:82] Frame: 158 build input_characts: [0.198437 x 0.469444 from (0.321875, 0.508333)], 0.997596, 0
I1014 15:49:23.018847  9551 work_track.cpp:102] Succeeded to set track lock for frame 158
I1014 15:49:23.018887  9551 work_track.cpp:116] Succeeded to release track lock for frame 158
I1014 15:49:23.018903  9551 work_track.cpp:120] Track results of frame 158: 1 objects input, 1 objects tracked!
I1014 15:49:23.018920  9551 work_track.cpp:148] Frame: 158, track bbox: [127 x 169 from (207.617, 181.7)], gid: 0, lid: 0
I1014 15:49:23.018956  9551 work_thread.hpp:87]  [T-Work-Detect_0] Frame :158 split
I1014 15:49:23.018975  9551 work_thread.hpp:120]  [T-Work-Detect_0] Valid piece: gid = 0
I1014 15:49:23.018993  9551 work_thread.hpp:91]  [T-Work-Detect_0] Push to split queue:recog
I1014 15:49:23.019120  9554 thread_intergrate.hpp:78] [T-Intergrate-intergrate] queue: frame output frame :158
I1014 15:49:23.019138  9553 work_thread.hpp:81]  [T-Work-Recog_1] Run work: WorkCapture
I1014 15:49:23.019145  9554 thread_intergrate.hpp:85] [T-Intergrate-intergrate] queue: compare output face:0
I1014 15:49:23.019165  9554 thread_intergrate.hpp:144] T-Intergrate-intergrate set matched face: 0
I1014 15:49:23.019876  9553 work_thread.hpp:81]  [T-Work-Recog_1] Run work: WorkRecog
I1014 15:49:23.019906  9553 work_recog.hpp:89] Face id: 0 will run recog: bbox [127 x 169 from (206, 183)] quality: 0.474429
I1014 15:49:23.019942  9553 work_recog.hpp:96] Recog pair: [184 x 216 from (176, 144)], [127 x 169 from (30, 39)]
I1014 15:49:23.020680  9554 thread_intergrate.hpp:188] T-Intergrate-intergrate Show face :0, size :640 * 360
I1014 15:49:23.021234  9550 demo_inner.hpp:435] thread [SORT-0]  frame id 158 sorting queue size 0   FPS: 28.4781
I1014 15:49:23.021306  9549 demo_inner.hpp:260]  gui queue size 0, state = running
I1014 15:49:23.037896  9553 work_thread.hpp:81]  [T-Work-Recog_1] Run work: WorkCompare
I1014 15:49:23.038414  9553 work_compare.cpp:76] Compare face: 0 successed, similarity :0.99538, name : images/ThangLMb.jpg, normal size : 1548 * 1719!
I1014 15:49:23.041584  9548 demo_inner.hpp:177] decode queue size 0
I1014 15:49:23.041689  9551 work_thread.hpp:81]  [T-Work-Detect_0] Run work: WorkDetect
I1014 15:49:23.041726  9551 work_detect.cpp:102] Succeeded to add det start for frame 159
I1014 15:49:23.048321  9551 work_detect.cpp:70] Frame :159 detect result :1 face(s)
I1014 15:49:23.048365  9551 work_detect.cpp:86] Detected bbox: [130 x 171 from (206, 180)]
I1014 15:49:23.048408  9551 work_detect.cpp:120] Succeeded to add det end for frame 159
I1014 15:49:23.048424  9551 work_thread.hpp:81]  [T-Work-Detect_0] Run work: WrokTrack
I1014 15:49:23.048449  9551 work_track.cpp:82] Frame: 159 build input_characts: [0.203125 x 0.475 from (0.321875, 0.5)], 0.997596, 0
I1014 15:49:23.048503  9551 work_track.cpp:102] Succeeded to set track lock for frame 159
I1014 15:49:23.048543  9551 work_track.cpp:116] Succeeded to release track lock for frame 159
I1014 15:49:23.048559  9551 work_track.cpp:120] Track results of frame 159: 1 objects input, 1 objects tracked!
I1014 15:49:23.048578  9551 work_track.cpp:148] Frame: 159, track bbox: [130 x 171 from (202.919, 180.626)], gid: 0, lid: 0
I1014 15:49:23.048612  9551 work_thread.hpp:87]  [T-Work-Detect_0] Frame :159 split
I1014 15:49:23.048630  9551 work_thread.hpp:120]  [T-Work-Detect_0] Valid piece: gid = 0
I1014 15:49:23.048650  9551 work_thread.hpp:91]  [T-Work-Detect_0] Push to split queue:recog
I1014 15:49:23.048691  9552 work_thread.hpp:81]  [T-Work-Recog_0] Run work: WorkCapture
I1014 15:49:23.048979  9554 thread_intergrate.hpp:78] [T-Intergrate-intergrate] queue: frame output frame :159
I1014 15:49:23.049006  9554 thread_intergrate.hpp:85] [T-Intergrate-intergrate] queue: compare output face:0
I1014 15:49:23.049026  9554 thread_intergrate.hpp:144] T-Intergrate-intergrate set matched face: 0
I1014 15:49:23.049257  9552 work_thread.hpp:81]  [T-Work-Recog_0] Run work: WorkRecog
I1014 15:49:23.049278  9552 work_recog.hpp:89] Face id: 0 will run recog: bbox [130 x 171 from (206, 180)] quality: 0.465562
I1014 15:49:23.049306  9552 work_recog.hpp:96] Recog pair: [192 x 216 from (176, 144)], [130 x 171 from (30, 36)]
I1014 15:49:23.051378  9554 thread_intergrate.hpp:188] T-Intergrate-intergrate Show face :0, size :640 * 360
I1014 15:49:23.051975  9550 demo_inner.hpp:435] thread [SORT-0]  frame id 159 sorting queue size 0   FPS: 28.5447
I1014 15:49:23.052043  9549 demo_inner.hpp:260]  gui queue size 0, state = running
I1014 15:49:23.066771  9552 work_thread.hpp:81]  [T-Work-Recog_0] Run work: WorkCompare
I1014 15:49:23.067234  9552 work_compare.cpp:76] Compare face: 0 successed, similarity :0.996282, name : images/ThangLMb.jpg, normal size : 1548 * 1719!
I1014 15:49:23.077024  9548 demo_inner.hpp:177] decode queue size 0
I1014 15:49:23.077131  9551 work_thread.hpp:81]  [T-Work-Detect_0] Run work: WorkDetect
I1014 15:49:23.077239  9551 work_detect.cpp:102] Succeeded to add det start for frame 160
I1014 15:49:23.083777  9551 work_detect.cpp:70] Frame :160 detect result :1 face(s)
I1014 15:49:23.083830  9551 work_detect.cpp:86] Detected bbox: [130 x 171 from (203, 184)]
I1014 15:49:23.083878  9551 work_detect.cpp:120] Succeeded to add det end for frame 160
I1014 15:49:23.083894  9551 work_thread.hpp:81]  [T-Work-Detect_0] Run work: WrokTrack
I1014 15:49:23.083921  9551 work_track.cpp:82] Frame: 160 build input_characts: [0.203125 x 0.475 from (0.317187, 0.511111)], 0.997488, 0
I1014 15:49:23.083983  9551 work_track.cpp:102] Succeeded to set track lock for frame 160
I1014 15:49:23.084033  9551 work_track.cpp:116] Succeeded to release track lock for frame 160
I1014 15:49:23.084048  9551 work_track.cpp:120] Track results of frame 160: 1 objects input, 1 objects tracked!
I1014 15:49:23.084066  9551 work_track.cpp:148] Frame: 160, track bbox: [130 x 171 from (200.55, 182.642)], gid: 0, lid: 0
I1014 15:49:23.084103  9551 work_thread.hpp:87]  [T-Work-Detect_0] Frame :160 split
I1014 15:49:23.084123  9551 work_thread.hpp:120]  [T-Work-Detect_0] Valid piece: gid = 0
I1014 15:49:23.084142  9551 work_thread.hpp:91]  [T-Work-Detect_0] Push to split queue:recog
I1014 15:49:23.084209  9552 work_thread.hpp:81]  [T-Work-Recog_0] Run work: WorkCapture
I1014 15:49:23.084226  9554 thread_intergrate.hpp:78] [T-Intergrate-intergrate] queue: frame output frame :160
I1014 15:49:23.084255  9554 thread_intergrate.hpp:85] [T-Intergrate-intergrate] queue: compare output face:0
I1014 15:49:23.084275  9554 thread_intergrate.hpp:144] T-Intergrate-intergrate set matched face: 0
I1014 15:49:23.084803  9552 work_thread.hpp:81]  [T-Work-Recog_0] Run work: WorkRecog
I1014 15:49:23.084828  9552 work_recog.hpp:89] Face id: 0 will run recog: bbox [130 x 171 from (203, 184)] quality: 0.469842
I1014 15:49:23.084861  9552 work_recog.hpp:96] Recog pair: [184 x 216 from (176, 144)], [130 x 171 from (27, 40)]
I1014 15:49:23.085749  9554 thread_intergrate.hpp:188] T-Intergrate-intergrate Show face :0, size :640 * 360
I1014 15:49:23.086550  9550 demo_inner.hpp:435] thread [SORT-0]  frame id 160 sorting queue size 0   FPS: 28.5581
I1014 15:49:23.086621  9549 demo_inner.hpp:260]  gui queue size 0, state = running
I1014 15:49:23.102250  9552 work_thread.hpp:81]  [T-Work-Recog_0] Run work: WorkCompare
I1014 15:49:23.102712  9552 work_compare.cpp:76] Compare face: 0 successed, similarity :0.995542, name : images/ThangLMb.jpg, normal size : 1548 * 1719!
I1014 15:49:23.107290  9548 demo_inner.hpp:177] decode queue size 0
I1014 15:49:23.107380  9551 work_thread.hpp:81]  [T-Work-Detect_0] Run work: WorkDetect
I1014 15:49:23.107416  9551 work_detect.cpp:102] Succeeded to add det start for frame 161
I1014 15:49:23.114018  9551 work_detect.cpp:70] Frame :161 detect result :1 face(s)
I1014 15:49:23.114063  9551 work_detect.cpp:86] Detected bbox: [135 x 174 from (197, 180)]
I1014 15:49:23.114105  9551 work_detect.cpp:120] Succeeded to add det end for frame 161
I1014 15:49:23.114120  9551 work_thread.hpp:81]  [T-Work-Detect_0] Run work: WrokTrack
I1014 15:49:23.114145  9551 work_track.cpp:82] Frame: 161 build input_characts: [0.210938 x 0.483333 from (0.307813, 0.5)], 0.997596, 0
I1014 15:49:23.114199  9551 work_track.cpp:102] Succeeded to set track lock for frame 161
I1014 15:49:23.114240  9551 work_track.cpp:116] Succeeded to release track lock for frame 161
I1014 15:49:23.114255  9551 work_track.cpp:120] Track results of frame 161: 1 objects input, 1 objects tracked!
I1014 15:49:23.114274  9551 work_track.cpp:148] Frame: 161, track bbox: [135 x 174 from (196.061, 180.953)], gid: 0, lid: 0
I1014 15:49:23.114310  9551 work_thread.hpp:87]  [T-Work-Detect_0] Frame :161 split
I1014 15:49:23.114327  9551 work_thread.hpp:120]  [T-Work-Detect_0] Valid piece: gid = 0
I1014 15:49:23.114346  9551 work_thread.hpp:91]  [T-Work-Detect_0] Push to split queue:recog
I1014 15:49:23.114392  9553 work_thread.hpp:81]  [T-Work-Recog_1] Run work: WorkCapture
I1014 15:49:23.114395  9554 thread_intergrate.hpp:78] [T-Intergrate-intergrate] queue: frame output frame :161
I1014 15:49:23.114523  9554 thread_intergrate.hpp:85] [T-Intergrate-intergrate] queue: compare output face:0
I1014 15:49:23.114543  9554 thread_intergrate.hpp:144] T-Intergrate-intergrate set matched face: 0
I1014 15:49:23.115165  9553 work_thread.hpp:81]  [T-Work-Recog_1] Run work: WorkRecog
I1014 15:49:23.115192  9553 work_recog.hpp:89] Face id: 0 will run recog: bbox [135 x 174 from (197, 180)] quality: 0.465286
I1014 15:49:23.115255  9553 work_recog.hpp:96] Recog pair: [192 x 216 from (168, 144)], [135 x 174 from (29, 36)]
I1014 15:49:23.116189  9554 thread_intergrate.hpp:188] T-Intergrate-intergrate Show face :0, size :640 * 360
I1014 15:49:23.116706  9550 demo_inner.hpp:435] thread [SORT-0]  frame id 161 sorting queue size 0   FPS: 28.6116
I1014 15:49:23.116777  9549 demo_inner.hpp:260]  gui queue size 0, state = running
I1014 15:49:23.133612  9553 work_thread.hpp:81]  [T-Work-Recog_1] Run work: WorkCompare
I1014 15:49:23.134229  9553 work_compare.cpp:76] Compare face: 0 successed, similarity :0.997926, name : images/ThangLMb.jpg, normal size : 1548 * 1719!
I1014 15:49:23.142992  9548 demo_inner.hpp:177] decode queue size 0
I1014 15:49:23.143095  9551 work_thread.hpp:81]  [T-Work-Detect_0] Run work: WorkDetect
I1014 15:49:23.143131  9551 work_detect.cpp:102] Succeeded to add det start for frame 162
I1014 15:49:23.149701  9551 work_detect.cpp:70] Frame :162 detect result :1 face(s)
I1014 15:49:23.149744  9551 work_detect.cpp:86] Detected bbox: [137 x 171 from (196, 184)]
I1014 15:49:23.149786  9551 work_detect.cpp:120] Succeeded to add det end for frame 162
I1014 15:49:23.149802  9551 work_thread.hpp:81]  [T-Work-Detect_0] Run work: WrokTrack
I1014 15:49:23.149827  9551 work_track.cpp:82] Frame: 162 build input_characts: [0.214062 x 0.475 from (0.30625, 0.511111)], 0.997596, 0
I1014 15:49:23.149883  9551 work_track.cpp:102] Succeeded to set track lock for frame 162
I1014 15:49:23.149922  9551 work_track.cpp:116] Succeeded to release track lock for frame 162
I1014 15:49:23.149937  9551 work_track.cpp:120] Track results of frame 162: 1 objects input, 1 objects tracked!
I1014 15:49:23.149955  9551 work_track.cpp:148] Frame: 162, track bbox: [137 x 171 from (195.656, 183.708)], gid: 0, lid: 0
I1014 15:49:23.149991  9551 work_thread.hpp:87]  [T-Work-Detect_0] Frame :162 split
I1014 15:49:23.150008  9551 work_thread.hpp:120]  [T-Work-Detect_0] Valid piece: gid = 0
I1014 15:49:23.150027  9551 work_thread.hpp:91]  [T-Work-Detect_0] Push to split queue:recog
I1014 15:49:23.150075  9554 thread_intergrate.hpp:78] [T-Intergrate-intergrate] queue: frame output frame :162
I1014 15:49:23.150079  9552 work_thread.hpp:81]  [T-Work-Recog_0] Run work: WorkCapture
I1014 15:49:23.150106  9554 thread_intergrate.hpp:85] [T-Intergrate-intergrate] queue: compare output face:0
I1014 15:49:23.150126  9554 thread_intergrate.hpp:144] T-Intergrate-intergrate set matched face: 0
I1014 15:49:23.150658  9552 work_thread.hpp:81]  [T-Work-Recog_0] Run work: WorkRecog
I1014 15:49:23.150682  9552 work_recog.hpp:89] Face id: 0 will run recog: bbox [137 x 171 from (196, 184)] quality: 0.469332
I1014 15:49:23.150714  9552 work_recog.hpp:96] Recog pair: [192 x 216 from (168, 144)], [137 x 171 from (28, 40)]
I1014 15:49:23.151602  9554 thread_intergrate.hpp:188] T-Intergrate-intergrate Show face :0, size :640 * 360
I1014 15:49:23.152261  9550 demo_inner.hpp:435] thread [SORT-0]  frame id 162 sorting queue size 0   FPS: 28.5982
I1014 15:49:23.152338  9549 demo_inner.hpp:260]  gui queue size 0, state = running
I1014 15:49:23.168129  9552 work_thread.hpp:81]  [T-Work-Recog_0] Run work: WorkCompare
I1014 15:49:23.168602  9552 work_compare.cpp:76] Compare face: 0 successed, similarity :0.997261, name : images/ThangLMb.jpg, normal size : 1548 * 1719!
I1014 15:49:23.178853  9548 demo_inner.hpp:177] decode queue size 0
I1014 15:49:23.178956  9551 work_thread.hpp:81]  [T-Work-Detect_0] Run work: WorkDetect
I1014 15:49:23.178995  9551 work_detect.cpp:102] Succeeded to add det start for frame 163
I1014 15:49:23.185716  9551 work_detect.cpp:70] Frame :163 detect result :1 face(s)
I1014 15:49:23.185758  9551 work_detect.cpp:86] Detected bbox: [132 x 172 from (200, 184)]
I1014 15:49:23.185801  9551 work_detect.cpp:120] Succeeded to add det end for frame 163
I1014 15:49:23.185817  9551 work_thread.hpp:81]  [T-Work-Detect_0] Run work: WrokTrack
I1014 15:49:23.185842  9551 work_track.cpp:82] Frame: 163 build input_characts: [0.20625 x 0.477778 from (0.3125, 0.511111)], 0.999622, 0
I1014 15:49:23.185896  9551 work_track.cpp:102] Succeeded to set track lock for frame 163
I1014 15:49:23.185935  9551 work_track.cpp:116] Succeeded to release track lock for frame 163
I1014 15:49:23.185950  9551 work_track.cpp:120] Track results of frame 163: 1 objects input, 1 objects tracked!
I1014 15:49:23.185967  9551 work_track.cpp:148] Frame: 163, track bbox: [132 x 172 from (198.421, 183.739)], gid: 0, lid: 0
I1014 15:49:23.186003  9551 work_thread.hpp:87]  [T-Work-Detect_0] Frame :163 split
I1014 15:49:23.186022  9551 work_thread.hpp:120]  [T-Work-Detect_0] Valid piece: gid = 0
I1014 15:49:23.186039  9551 work_thread.hpp:91]  [T-Work-Detect_0] Push to split queue:recog
I1014 15:49:23.186085  9554 thread_intergrate.hpp:78] [T-Intergrate-intergrate] queue: frame output frame :163
I1014 15:49:23.186086  9552 work_thread.hpp:81]  [T-Work-Recog_0] Run work: WorkCapture
I1014 15:49:23.186115  9554 thread_intergrate.hpp:85] [T-Intergrate-intergrate] queue: compare output face:0
I1014 15:49:23.186134  9554 thread_intergrate.hpp:144] T-Intergrate-intergrate set matched face: 0
I1014 15:49:23.186668  9552 work_thread.hpp:81]  [T-Work-Recog_0] Run work: WorkRecog
I1014 15:49:23.186692  9552 work_recog.hpp:89] Face id: 0 will run recog: bbox [132 x 172 from (200, 184)] quality: 0.444685
I1014 15:49:23.186722  9552 work_recog.hpp:96] Recog pair: [192 x 216 from (168, 144)], [132 x 172 from (32, 40)]
I1014 15:49:23.187606  9554 thread_intergrate.hpp:188] T-Intergrate-intergrate Show face :0, size :640 * 360
I1014 15:49:23.188244  9550 demo_inner.hpp:435] thread [SORT-0]  frame id 163 sorting queue size 0   FPS: 28.5447
I1014 15:49:23.188319  9549 demo_inner.hpp:260]  gui queue size 0, state = running
I1014 15:49:23.204195  9552 work_thread.hpp:81]  [T-Work-Recog_0] Run work: WorkCompare
I1014 15:49:23.204658  9552 work_compare.cpp:76] Compare face: 0 successed, similarity :0.997056, name : images/ThangLMb.jpg, normal size : 1548 * 1719!
I1014 15:49:23.209185  9548 demo_inner.hpp:177] decode queue size 0
I1014 15:49:23.209280  9551 work_thread.hpp:81]  [T-Work-Detect_0] Run work: WorkDetect
I1014 15:49:23.209316  9551 work_detect.cpp:102] Succeeded to add det start for frame 164
I1014 15:49:23.215880  9551 work_detect.cpp:70] Frame :164 detect result :1 face(s)
I1014 15:49:23.215929  9551 work_detect.cpp:86] Detected bbox: [134 x 174 from (198, 182)]
I1014 15:49:23.215972  9551 work_detect.cpp:120] Succeeded to add det end for frame 164
I1014 15:49:23.215989  9551 work_thread.hpp:81]  [T-Work-Detect_0] Run work: WrokTrack
I1014 15:49:23.216013  9551 work_track.cpp:82] Frame: 164 build input_characts: [0.209375 x 0.483333 from (0.309375, 0.505556)], 0.997328, 0
I1014 15:49:23.216068  9551 work_track.cpp:102] Succeeded to set track lock for frame 164
I1014 15:49:23.216107  9551 work_track.cpp:116] Succeeded to release track lock for frame 164
I1014 15:49:23.216122  9551 work_track.cpp:120] Track results of frame 164: 1 objects input, 1 objects tracked!
I1014 15:49:23.216140  9551 work_track.cpp:148] Frame: 164, track bbox: [134 x 174 from (196.987, 182.952)], gid: 0, lid: 0
I1014 15:49:23.216194  9551 work_thread.hpp:87]  [T-Work-Detect_0] Frame :164 split
I1014 15:49:23.216212  9551 work_thread.hpp:120]  [T-Work-Detect_0] Valid piece: gid = 0
I1014 15:49:23.216231  9551 work_thread.hpp:91]  [T-Work-Detect_0] Push to split queue:recog
I1014 15:49:23.216274  9552 work_thread.hpp:81]  [T-Work-Recog_0] Run work: WorkCapture
I1014 15:49:23.216284  9554 thread_intergrate.hpp:78] [T-Intergrate-intergrate] queue: frame output frame :164
I1014 15:49:23.216389  9554 thread_intergrate.hpp:85] [T-Intergrate-intergrate] queue: compare output face:0
I1014 15:49:23.216409  9554 thread_intergrate.hpp:144] T-Intergrate-intergrate set matched face: 0
I1014 15:49:23.216852  9552 work_thread.hpp:81]  [T-Work-Recog_0] Run work: WorkRecog
I1014 15:49:23.216878  9552 work_recog.hpp:89] Face id: 0 will run recog: bbox [134 x 174 from (198, 182)] quality: 0.437786
I1014 15:49:23.216909  9552 work_recog.hpp:96] Recog pair: [192 x 216 from (168, 144)], [134 x 174 from (30, 38)]
I1014 15:49:23.217900  9554 thread_intergrate.hpp:188] T-Intergrate-intergrate Show face :0, size :640 * 360
I1014 15:49:23.218542  9550 demo_inner.hpp:435] thread [SORT-0]  frame id 164 sorting queue size 0   FPS: 28.5982
I1014 15:49:23.218622  9549 demo_inner.hpp:260]  gui queue size 0, state = running
I1014 15:49:23.234378  9552 work_thread.hpp:81]  [T-Work-Recog_0] Run work: WorkCompare
I1014 15:49:23.234841  9552 work_compare.cpp:76] Compare face: 0 successed, similarity :0.996854, name : images/ThangLMb.jpg, normal size : 1548 * 1719!
I1014 15:49:23.244892  9548 demo_inner.hpp:177] decode queue size 0
I1014 15:49:23.244999  9551 work_thread.hpp:81]  [T-Work-Detect_0] Run work: WorkDetect
I1014 15:49:23.245038  9551 work_detect.cpp:102] Succeeded to add det start for frame 165
I1014 15:49:23.251541  9551 work_detect.cpp:70] Frame :165 detect result :1 face(s)
I1014 15:49:23.251590  9551 work_detect.cpp:86] Detected bbox: [134 x 169 from (199, 188)]
I1014 15:49:23.251632  9551 work_detect.cpp:120] Succeeded to add det end for frame 165
I1014 15:49:23.251649  9551 work_thread.hpp:81]  [T-Work-Detect_0] Run work: WrokTrack
I1014 15:49:23.251674  9551 work_track.cpp:82] Frame: 165 build input_characts: [0.209375 x 0.469444 from (0.310937, 0.522222)], 0.997596, 0
I1014 15:49:23.251729  9551 work_track.cpp:102] Succeeded to set track lock for frame 165
I1014 15:49:23.251767  9551 work_track.cpp:116] Succeeded to release track lock for frame 165
I1014 15:49:23.251782  9551 work_track.cpp:120] Track results of frame 165: 1 objects input, 1 objects tracked!
I1014 15:49:23.251801  9551 work_track.cpp:148] Frame: 165, track bbox: [134 x 169 from (198.202, 186.615)], gid: 0, lid: 0
I1014 15:49:23.251837  9551 work_thread.hpp:87]  [T-Work-Detect_0] Frame :165 split
I1014 15:49:23.251854  9551 work_thread.hpp:120]  [T-Work-Detect_0] Valid piece: gid = 0
I1014 15:49:23.251873  9551 work_thread.hpp:91]  [T-Work-Detect_0] Push to split queue:recog
I1014 15:49:23.251919  9554 thread_intergrate.hpp:78] [T-Intergrate-intergrate] queue: frame output frame :165
I1014 15:49:23.251920  9552 work_thread.hpp:81]  [T-Work-Recog_0] Run work: WorkCapture
I1014 15:49:23.251947  9554 thread_intergrate.hpp:85] [T-Intergrate-intergrate] queue: compare output face:0
I1014 15:49:23.251967  9554 thread_intergrate.hpp:144] T-Intergrate-intergrate set matched face: 0
I1014 15:49:23.252526  9552 work_thread.hpp:81]  [T-Work-Recog_0] Run work: WorkRecog
