I1014 10:27:57.649478  3861 work_thread.hpp:88]  [T-Work-Detect_0] Frame :173 split
I1014 10:27:57.649497  3861 work_thread.hpp:120]  [T-Work-Detect_0] Valid piece: gid = 1
I1014 10:27:57.649521  3861 work_thread.hpp:92]  [T-Work-Detect_0] Push to split queue:recog
I1014 10:27:57.649564  3862 work_thread.hpp:81]  [T-Work-Recog_0] Run work: WorkCapture
I1014 10:27:57.649585  3864 thread_intergrate.hpp:78] [T-Intergrate-intergrate] queue: frame output frame :173
I1014 10:27:57.649614  3864 thread_intergrate.hpp:85] [T-Intergrate-intergrate] queue: compare output face:1
I1014 10:27:57.649634  3864 thread_intergrate.hpp:134] T-Intergrate-intergrate set matched face: 1
I1014 10:27:57.650138  3862 work_thread.hpp:81]  [T-Work-Recog_0] Run work: WorkRecog
I1014 10:27:57.650163  3862 work_recog.hpp:89] Face id: 1 will run recog: bbox [151 x 198 from (255, 29)] quality: 0.430349
I1014 10:27:57.650194  3862 work_recog.hpp:96] Recog pair: [216 x 280 from (224, 0)], [151 x 198 from (31, 29)]
I1014 10:27:57.650806  3864 thread_intergrate.hpp:154] T-Intergrate-intergrate Show face :1, size :640 * 360
I1014 10:27:57.651383  3860 demo_inner.hpp:435] thread [SORT-0]  frame id 173 sorting queue size 0   FPS: 28.9786
I1014 10:27:57.651459  3859 demo_inner.hpp:260]  gui queue size 0, state = running
I1014 10:27:57.667948  3862 work_thread.hpp:81]  [T-Work-Recog_0] Run work: WorkCompare
I1014 10:27:57.668059  3862 work_compare.cpp:76] Compare face: 1 successed, similarity :0.978327, name : images/thanglmb.jpg, normal size : 640 * 360!
I1014 10:27:57.671221  3858 demo_inner.hpp:177] decode queue size 0
I1014 10:27:57.671340  3861 work_thread.hpp:81]  [T-Work-Detect_0] Run work: WorkDetect
I1014 10:27:57.671375  3861 work_detect.cpp:102] Succeeded to add det start for frame 174
I1014 10:27:57.678668  3861 work_detect.cpp:70] Frame :174 detect result :1 face(s)
I1014 10:27:57.678722  3861 work_detect.cpp:86] Detected bbox: [156 x 203 from (251, 25)]
I1014 10:27:57.678764  3861 work_detect.cpp:120] Succeeded to add det end for frame 174
I1014 10:27:57.678781  3861 work_thread.hpp:81]  [T-Work-Detect_0] Run work: WrokTrack
I1014 10:27:57.678828  3861 work_track.cpp:82] Frame: 174 build input_characts: [0.24375 x 0.563889 from (0.392188, 0.0694444)], 1.00019, 0
I1014 10:27:57.678886  3861 work_track.cpp:102] Succeeded to set track lock for frame 174
I1014 10:27:57.678934  3861 work_track.cpp:116] Succeeded to release track lock for frame 174
I1014 10:27:57.678949  3861 work_track.cpp:120] Track results of frame 174: 1 objects input, 1 objects tracked!
I1014 10:27:57.678967  3861 work_track.cpp:148] Frame: 174, track bbox: [156 x 203 from (251.823, 25.0924)], gid: 1, lid: 0
I1014 10:27:57.679076  3861 work_thread.hpp:88]  [T-Work-Detect_0] Frame :174 split
I1014 10:27:57.679095  3861 work_thread.hpp:120]  [T-Work-Detect_0] Valid piece: gid = 1
I1014 10:27:57.679113  3861 work_thread.hpp:92]  [T-Work-Detect_0] Push to split queue:recog
I1014 10:27:57.679152  3862 work_thread.hpp:81]  [T-Work-Recog_0] Run work: WorkCapture
I1014 10:27:57.679159  3864 thread_intergrate.hpp:78] [T-Intergrate-intergrate] queue: frame output frame :174
I1014 10:27:57.679188  3864 thread_intergrate.hpp:85] [T-Intergrate-intergrate] queue: compare output face:1
I1014 10:27:57.679208  3864 thread_intergrate.hpp:134] T-Intergrate-intergrate set matched face: 1
I1014 10:27:57.679805  3862 work_thread.hpp:81]  [T-Work-Recog_0] Run work: WorkRecog
I1014 10:27:57.679831  3862 work_recog.hpp:89] Face id: 1 will run recog: bbox [156 x 203 from (251, 25)] quality: 0.467119
I1014 10:27:57.679862  3862 work_recog.hpp:96] Recog pair: [224 x 288 from (216, 0)], [156 x 203 from (35, 25)]
I1014 10:27:57.680414  3864 thread_intergrate.hpp:154] T-Intergrate-intergrate Show face :1, size :640 * 360
I1014 10:27:57.681010  3860 demo_inner.hpp:435] thread [SORT-0]  frame id 174 sorting queue size 0   FPS: 28.9924
I1014 10:27:57.681085  3859 demo_inner.hpp:260]  gui queue size 0, state = running
I1014 10:27:57.697602  3862 work_thread.hpp:81]  [T-Work-Recog_0] Run work: WorkCompare
I1014 10:27:57.697713  3862 work_compare.cpp:76] Compare face: 1 successed, similarity :0.987548, name : images/thanglmb.jpg, normal size : 640 * 360!
I1014 10:27:57.707032  3858 demo_inner.hpp:177] decode queue size 0
I1014 10:27:57.707150  3861 work_thread.hpp:81]  [T-Work-Detect_0] Run work: WorkDetect
I1014 10:27:57.707186  3861 work_detect.cpp:102] Succeeded to add det start for frame 175
I1014 10:27:57.714807  3861 work_detect.cpp:70] Frame :175 detect result :1 face(s)
I1014 10:27:57.714855  3861 work_detect.cpp:86] Detected bbox: [151 x 200 from (254, 18)]
I1014 10:27:57.714906  3861 work_detect.cpp:120] Succeeded to add det end for frame 175
I1014 10:27:57.714923  3861 work_thread.hpp:81]  [T-Work-Detect_0] Run work: WrokTrack
I1014 10:27:57.714948  3861 work_track.cpp:82] Frame: 175 build input_characts: [0.235938 x 0.555556 from (0.396875, 0.05)], 1.00019, 0
I1014 10:27:57.715081  3861 work_track.cpp:102] Succeeded to set track lock for frame 175
I1014 10:27:57.715186  3861 work_track.cpp:116] Succeeded to release track lock for frame 175
I1014 10:27:57.715204  3861 work_track.cpp:120] Track results of frame 175: 1 objects input, 1 objects tracked!
I1014 10:27:57.715245  3861 work_track.cpp:148] Frame: 175, track bbox: [151 x 200 from (254.433, 24.3328)], gid: 1, lid: 0
I1014 10:27:57.715364  3861 work_thread.hpp:88]  [T-Work-Detect_0] Frame :175 split
I1014 10:27:57.715384  3861 work_thread.hpp:120]  [T-Work-Detect_0] Valid piece: gid = 1
I1014 10:27:57.715404  3861 work_thread.hpp:92]  [T-Work-Detect_0] Push to split queue:recog
I1014 10:27:57.715449  3862 work_thread.hpp:81]  [T-Work-Recog_0] Run work: WorkCapture
I1014 10:27:57.715451  3864 thread_intergrate.hpp:78] [T-Intergrate-intergrate] queue: frame output frame :175
I1014 10:27:57.715492  3864 thread_intergrate.hpp:85] [T-Intergrate-intergrate] queue: compare output face:1
I1014 10:27:57.715512  3864 thread_intergrate.hpp:134] T-Intergrate-intergrate set matched face: 1
I1014 10:27:57.716043  3862 work_thread.hpp:81]  [T-Work-Recog_0] Run work: WorkRecog
I1014 10:27:57.716069  3862 work_recog.hpp:89] Face id: 1 will run recog: bbox [151 x 200 from (254, 18)] quality: 0.461371
I1014 10:27:57.716099  3862 work_recog.hpp:96] Recog pair: [216 x 280 from (224, 0)], [151 x 200 from (30, 18)]
I1014 10:27:57.716706  3864 thread_intergrate.hpp:154] T-Intergrate-intergrate Show face :1, size :640 * 360
I1014 10:27:57.717286  3860 demo_inner.hpp:435] thread [SORT-0]  frame id 175 sorting queue size 0   FPS: 28.9924
I1014 10:27:57.717360  3859 demo_inner.hpp:260]  gui queue size 0, state = running
I1014 10:27:57.734279  3862 work_thread.hpp:81]  [T-Work-Recog_0] Run work: WorkCompare
I1014 10:27:57.734390  3862 work_compare.cpp:76] Compare face: 1 successed, similarity :0.985019, name : images/thanglmb.jpg, normal size : 640 * 360!
I1014 10:27:57.737252  3858 demo_inner.hpp:177] decode queue size 0
I1014 10:27:57.737340  3861 work_thread.hpp:81]  [T-Work-Detect_0] Run work: WorkDetect
I1014 10:27:57.737447  3861 work_detect.cpp:102] Succeeded to add det start for frame 176
I1014 10:27:57.744791  3861 work_detect.cpp:70] Frame :176 detect result :1 face(s)
I1014 10:27:57.744839  3861 work_detect.cpp:86] Detected bbox: [158 x 206 from (250, 24)]
I1014 10:27:57.744889  3861 work_detect.cpp:120] Succeeded to add det end for frame 176
I1014 10:27:57.744905  3861 work_thread.hpp:81]  [T-Work-Detect_0] Run work: WrokTrack
I1014 10:27:57.744930  3861 work_track.cpp:82] Frame: 176 build input_characts: [0.246875 x 0.572222 from (0.390625, 0.0666667)], 0.999622, 0
I1014 10:27:57.744987  3861 work_track.cpp:102] Succeeded to set track lock for frame 176
I1014 10:27:57.745100  3861 work_track.cpp:116] Succeeded to release track lock for frame 176
I1014 10:27:57.745115  3861 work_track.cpp:120] Track results of frame 176: 1 objects input, 1 objects tracked!
I1014 10:27:57.745141  3861 work_track.cpp:148] Frame: 176, track bbox: [158 x 206 from (250.44, 22.0265)], gid: 1, lid: 0
I1014 10:27:57.745177  3861 work_thread.hpp:88]  [T-Work-Detect_0] Frame :176 split
I1014 10:27:57.745195  3861 work_thread.hpp:120]  [T-Work-Detect_0] Valid piece: gid = 1
I1014 10:27:57.745214  3861 work_thread.hpp:92]  [T-Work-Detect_0] Push to split queue:recog
I1014 10:27:57.745257  3863 work_thread.hpp:81]  [T-Work-Recog_1] Run work: WorkCapture
I1014 10:27:57.745285  3864 thread_intergrate.hpp:78] [T-Intergrate-intergrate] queue: frame output frame :176
I1014 10:27:57.745316  3864 thread_intergrate.hpp:85] [T-Intergrate-intergrate] queue: compare output face:1
I1014 10:27:57.745335  3864 thread_intergrate.hpp:134] T-Intergrate-intergrate set matched face: 1
I1014 10:27:57.745851  3863 work_thread.hpp:81]  [T-Work-Recog_1] Run work: WorkRecog
I1014 10:27:57.745878  3863 work_recog.hpp:89] Face id: 1 will run recog: bbox [158 x 206 from (250, 24)] quality: 0.473868
I1014 10:27:57.745909  3863 work_recog.hpp:96] Recog pair: [224 x 288 from (216, 0)], [158 x 206 from (34, 24)]
I1014 10:27:57.746512  3864 thread_intergrate.hpp:154] T-Intergrate-intergrate Show face :1, size :640 * 360
I1014 10:27:57.747021  3860 demo_inner.hpp:435] thread [SORT-0]  frame id 176 sorting queue size 0   FPS: 29.0753
I1014 10:27:57.747099  3859 demo_inner.hpp:260]  gui queue size 0, state = running
I1014 10:27:57.763538  3863 work_thread.hpp:81]  [T-Work-Recog_1] Run work: WorkCompare
I1014 10:27:57.763726  3863 work_compare.cpp:76] Compare face: 1 successed, similarity :0.991678, name : images/thanglmb.jpg, normal size : 640 * 360!
I1014 10:27:57.773046  3858 demo_inner.hpp:177] decode queue size 0
I1014 10:27:57.773151  3861 work_thread.hpp:81]  [T-Work-Detect_0] Run work: WorkDetect
I1014 10:27:57.773211  3861 work_detect.cpp:102] Succeeded to add det start for frame 177
I1014 10:27:57.780799  3861 work_detect.cpp:70] Frame :177 detect result :1 face(s)
I1014 10:27:57.780858  3861 work_detect.cpp:86] Detected bbox: [151 x 199 from (254, 18)]
I1014 10:27:57.780900  3861 work_detect.cpp:120] Succeeded to add det end for frame 177
I1014 10:27:57.780916  3861 work_thread.hpp:81]  [T-Work-Detect_0] Run work: WrokTrack
I1014 10:27:57.780967  3861 work_track.cpp:82] Frame: 177 build input_characts: [0.235938 x 0.552778 from (0.396875, 0.05)], 1.00019, 0
I1014 10:27:57.781083  3861 work_track.cpp:102] Succeeded to set track lock for frame 177
I1014 10:27:57.781123  3861 work_track.cpp:116] Succeeded to release track lock for frame 177
I1014 10:27:57.781138  3861 work_track.cpp:120] Track results of frame 177: 1 objects input, 1 objects tracked!
I1014 10:27:57.781157  3861 work_track.cpp:148] Frame: 177, track bbox: [151 x 199 from (253.373, 20.1292)], gid: 1, lid: 0
I1014 10:27:57.781217  3861 work_thread.hpp:88]  [T-Work-Detect_0] Frame :177 split
I1014 10:27:57.781236  3861 work_thread.hpp:120]  [T-Work-Detect_0] Valid piece: gid = 1
I1014 10:27:57.781253  3861 work_thread.hpp:92]  [T-Work-Detect_0] Push to split queue:recog
I1014 10:27:57.781293  3863 work_thread.hpp:81]  [T-Work-Recog_1] Run work: WorkCapture
I1014 10:27:57.781301  3864 thread_intergrate.hpp:78] [T-Intergrate-intergrate] queue: frame output frame :177
I1014 10:27:57.781328  3864 thread_intergrate.hpp:85] [T-Intergrate-intergrate] queue: compare output face:1
I1014 10:27:57.781347  3864 thread_intergrate.hpp:134] T-Intergrate-intergrate set matched face: 1
I1014 10:27:57.781886  3863 work_thread.hpp:81]  [T-Work-Recog_1] Run work: WorkRecog
I1014 10:27:57.781913  3863 work_recog.hpp:89] Face id: 1 will run recog: bbox [151 x 199 from (254, 18)] quality: 0.461896
I1014 10:27:57.781944  3863 work_recog.hpp:96] Recog pair: [216 x 280 from (224, 0)], [151 x 199 from (30, 18)]
I1014 10:27:57.782531  3864 thread_intergrate.hpp:154] T-Intergrate-intergrate Show face :1, size :640 * 360
I1014 10:27:57.783125  3860 demo_inner.hpp:435] thread [SORT-0]  frame id 177 sorting queue size 0   FPS: 28.9924
I1014 10:27:57.783202  3859 demo_inner.hpp:260]  gui queue size 0, state = running
I1014 10:27:57.799808  3863 work_thread.hpp:81]  [T-Work-Recog_1] Run work: WorkCompare
I1014 10:27:57.799919  3863 work_compare.cpp:76] Compare face: 1 successed, similarity :0.986169, name : images/thanglmb.jpg, normal size : 640 * 360!
I1014 10:27:57.803303  3858 demo_inner.hpp:177] decode queue size 0
I1014 10:27:57.803386  3861 work_thread.hpp:81]  [T-Work-Detect_0] Run work: WorkDetect
I1014 10:27:57.803421  3861 work_detect.cpp:102] Succeeded to add det start for frame 178
I1014 10:27:57.810832  3861 work_detect.cpp:70] Frame :178 detect result :1 face(s)
I1014 10:27:57.810902  3861 work_detect.cpp:86] Detected bbox: [150 x 199 from (253, 18)]
I1014 10:27:57.810945  3861 work_detect.cpp:120] Succeeded to add det end for frame 178
I1014 10:27:57.810961  3861 work_thread.hpp:81]  [T-Work-Detect_0] Run work: WrokTrack
I1014 10:27:57.811045  3861 work_track.cpp:82] Frame: 178 build input_characts: [0.234375 x 0.552778 from (0.395312, 0.05)], 0.999622, 0
I1014 10:27:57.811130  3861 work_track.cpp:102] Succeeded to set track lock for frame 178
I1014 10:27:57.811168  3861 work_track.cpp:116] Succeeded to release track lock for frame 178
I1014 10:27:57.811183  3861 work_track.cpp:120] Track results of frame 178: 1 objects input, 1 objects tracked!
I1014 10:27:57.811200  3861 work_track.cpp:148] Frame: 178, track bbox: [150 x 199 from (253.472, 17.9152)], gid: 1, lid: 0
I1014 10:27:57.811244  3861 work_thread.hpp:88]  [T-Work-Detect_0] Frame :178 split
I1014 10:27:57.811357  3861 work_thread.hpp:120]  [T-Work-Detect_0] Valid piece: gid = 1
I1014 10:27:57.811378  3861 work_thread.hpp:92]  [T-Work-Detect_0] Push to split queue:recog
I1014 10:27:57.811424  3862 work_thread.hpp:81]  [T-Work-Recog_0] Run work: WorkCapture
I1014 10:27:57.811424  3864 thread_intergrate.hpp:78] [T-Intergrate-intergrate] queue: frame output frame :178
I1014 10:27:57.811466  3864 thread_intergrate.hpp:85] [T-Intergrate-intergrate] queue: compare output face:1
I1014 10:27:57.811486  3864 thread_intergrate.hpp:134] T-Intergrate-intergrate set matched face: 1
I1014 10:27:57.812007  3862 work_thread.hpp:81]  [T-Work-Recog_0] Run work: WorkRecog
I1014 10:27:57.812031  3862 work_recog.hpp:89] Face id: 1 will run recog: bbox [150 x 199 from (253, 18)] quality: 0.469842
I1014 10:27:57.812062  3862 work_recog.hpp:96] Recog pair: [224 x 280 from (216, 0)], [150 x 199 from (37, 18)]
I1014 10:27:57.812680  3864 thread_intergrate.hpp:154] T-Intergrate-intergrate Show face :1, size :640 * 360
I1014 10:27:57.813195  3860 demo_inner.hpp:435] thread [SORT-0]  frame id 178 sorting queue size 0   FPS: 29.0892
I1014 10:27:57.813274  3859 demo_inner.hpp:260]  gui queue size 0, state = running
I1014 10:27:57.829805  3862 work_thread.hpp:81]  [T-Work-Recog_0] Run work: WorkCompare
I1014 10:27:57.829941  3862 work_compare.cpp:76] Compare face: 1 successed, similarity :0.989143, name : images/thanglmb.jpg, normal size : 640 * 360!
I1014 10:27:57.839047  3858 demo_inner.hpp:177] decode queue size 0
I1014 10:27:57.839162  3861 work_thread.hpp:81]  [T-Work-Detect_0] Run work: WorkDetect
I1014 10:27:57.839197  3861 work_detect.cpp:102] Succeeded to add det start for frame 179
I1014 10:27:57.846719  3861 work_detect.cpp:70] Frame :179 detect result :1 face(s)
I1014 10:27:57.846792  3861 work_detect.cpp:86] Detected bbox: [149 x 196 from (253, 17)]
I1014 10:27:57.846837  3861 work_detect.cpp:120] Succeeded to add det end for frame 179
I1014 10:27:57.846853  3861 work_thread.hpp:81]  [T-Work-Detect_0] Run work: WrokTrack
I1014 10:27:57.846879  3861 work_track.cpp:82] Frame: 179 build input_characts: [0.232812 x 0.544444 from (0.395312, 0.0472222)], 1.00019, 0
I1014 10:27:57.846943  3861 work_track.cpp:102] Succeeded to set track lock for frame 179
I1014 10:27:57.846983  3861 work_track.cpp:116] Succeeded to release track lock for frame 179
I1014 10:27:57.847069  3861 work_track.cpp:120] Track results of frame 179: 1 objects input, 1 objects tracked!
I1014 10:27:57.847087  3861 work_track.cpp:148] Frame: 179, track bbox: [149 x 196 from (253.462, 17.3898)], gid: 1, lid: 0
I1014 10:27:57.847122  3861 work_thread.hpp:88]  [T-Work-Detect_0] Frame :179 split
I1014 10:27:57.847141  3861 work_thread.hpp:120]  [T-Work-Detect_0] Valid piece: gid = 1
I1014 10:27:57.847167  3861 work_thread.hpp:92]  [T-Work-Detect_0] Push to split queue:recog
I1014 10:27:57.847208  3862 work_thread.hpp:81]  [T-Work-Recog_0] Run work: WorkCapture
I1014 10:27:57.847213  3864 thread_intergrate.hpp:78] [T-Intergrate-intergrate] queue: frame output frame :179
I1014 10:27:57.847254  3864 thread_intergrate.hpp:85] [T-Intergrate-intergrate] queue: compare output face:1
I1014 10:27:57.847273  3864 thread_intergrate.hpp:134] T-Intergrate-intergrate set matched face: 1
I1014 10:27:57.847812  3862 work_thread.hpp:81]  [T-Work-Recog_0] Run work: WorkRecog
I1014 10:27:57.847837  3862 work_recog.hpp:89] Face id: 1 will run recog: bbox [149 x 196 from (253, 17)] quality: 0.45324
I1014 10:27:57.847868  3862 work_recog.hpp:96] Recog pair: [208 x 280 from (224, 0)], [149 x 196 from (29, 17)]
I1014 10:27:57.848469  3864 thread_intergrate.hpp:154] T-Intergrate-intergrate Show face :1, size :640 * 360
I1014 10:27:57.849028  3860 demo_inner.hpp:435] thread [SORT-0]  frame id 179 sorting queue size 0   FPS: 29.0062
I1014 10:27:57.865321  3862 work_thread.hpp:81]  [T-Work-Recog_0] Run work: WorkCompare
I1014 10:27:57.865422  3862 work_compare.cpp:76] Compare face: 1 successed, similarity :0.988269, name : images/thanglmb.jpg, normal size : 640 * 360!
I1014 10:27:57.867233  3859 demo_inner.hpp:260]  gui queue size 0, state = running
I1014 10:27:57.875177  3858 demo_inner.hpp:177] decode queue size 0
I1014 10:27:57.875298  3861 work_thread.hpp:81]  [T-Work-Detect_0] Run work: WorkDetect
I1014 10:27:57.875341  3861 work_detect.cpp:102] Succeeded to add det start for frame 180
I1014 10:27:57.882757  3861 work_detect.cpp:70] Frame :180 detect result :1 face(s)
I1014 10:27:57.882831  3861 work_detect.cpp:86] Detected bbox: [147 x 196 from (254, 19)]
I1014 10:27:57.882874  3861 work_detect.cpp:120] Succeeded to add det end for frame 180
I1014 10:27:57.882891  3861 work_thread.hpp:81]  [T-Work-Detect_0] Run work: WrokTrack
I1014 10:27:57.882915  3861 work_track.cpp:82] Frame: 180 build input_characts: [0.229687 x 0.544444 from (0.396875, 0.0527778)], 1.00035, 0
I1014 10:27:57.882982  3861 work_track.cpp:102] Succeeded to set track lock for frame 180
I1014 10:27:57.883095  3861 work_track.cpp:116] Succeeded to release track lock for frame 180
I1014 10:27:57.883111  3861 work_track.cpp:120] Track results of frame 180: 1 objects input, 1 objects tracked!
I1014 10:27:57.883128  3861 work_track.cpp:148] Frame: 180, track bbox: [147 x 196 from (253.909, 17.7654)], gid: 1, lid: 0
I1014 10:27:57.883163  3861 work_thread.hpp:88]  [T-Work-Detect_0] Frame :180 split
I1014 10:27:57.883181  3861 work_thread.hpp:120]  [T-Work-Detect_0] Valid piece: gid = 1
I1014 10:27:57.883206  3861 work_thread.hpp:92]  [T-Work-Detect_0] Push to split queue:recog
I1014 10:27:57.883253  3862 work_thread.hpp:81]  [T-Work-Recog_0] Run work: WorkCapture
I1014 10:27:57.883255  3864 thread_intergrate.hpp:78] [T-Intergrate-intergrate] queue: frame output frame :180
I1014 10:27:57.883296  3864 thread_intergrate.hpp:85] [T-Intergrate-intergrate] queue: compare output face:1
I1014 10:27:57.883316  3864 thread_intergrate.hpp:134] T-Intergrate-intergrate set matched face: 1
I1014 10:27:57.883846  3862 work_thread.hpp:81]  [T-Work-Recog_0] Run work: WorkRecog
I1014 10:27:57.883872  3862 work_recog.hpp:89] Face id: 1 will run recog: bbox [147 x 196 from (254, 19)] quality: 0.453674
I1014 10:27:57.883903  3862 work_recog.hpp:96] Recog pair: [208 x 280 from (224, 0)], [147 x 196 from (30, 19)]
I1014 10:27:57.884513  3864 thread_intergrate.hpp:154] T-Intergrate-intergrate Show face :1, size :640 * 360
I1014 10:27:57.885069  3860 demo_inner.hpp:435] thread [SORT-0]  frame id 180 sorting queue size 0   FPS: 29.0062
I1014 10:27:57.901469  3862 work_thread.hpp:81]  [T-Work-Recog_0] Run work: WorkCompare
I1014 10:27:57.901578  3862 work_compare.cpp:76] Compare face: 1 successed, similarity :0.986626, name : images/thanglmb.jpg, normal size : 640 * 360!
I1014 10:27:57.905192  3858 demo_inner.hpp:177] decode queue size 0
I1014 10:27:57.905280  3861 work_thread.hpp:81]  [T-Work-Detect_0] Run work: WorkDetect
I1014 10:27:57.905314  3861 work_detect.cpp:102] Succeeded to add det start for frame 181
I1014 10:27:57.912778  3861 work_detect.cpp:70] Frame :181 detect result :1 face(s)
I1014 10:27:57.912822  3861 work_detect.cpp:86] Detected bbox: [160 x 204 from (248, 25)]
I1014 10:27:57.912869  3861 work_detect.cpp:120] Succeeded to add det end for frame 181
I1014 10:27:57.912886  3861 work_thread.hpp:81]  [T-Work-Detect_0] Run work: WrokTrack
I1014 10:27:57.912912  3861 work_track.cpp:82] Frame: 181 build input_characts: [0.25 x 0.566667 from (0.3875, 0.0694444)], 1.00019, 0
I1014 10:27:57.912967  3861 work_track.cpp:102] Succeeded to set track lock for frame 181
I1014 10:27:57.913094  3861 work_track.cpp:116] Succeeded to release track lock for frame 181
I1014 10:27:57.913175  3861 work_track.cpp:120] Track results of frame 181: 1 objects input, 1 objects tracked!
I1014 10:27:57.913195  3861 work_track.cpp:148] Frame: 181, track bbox: [160 x 204 from (247.472, 17.8869)], gid: 1, lid: 0
I1014 10:27:57.913256  3861 work_thread.hpp:88]  [T-Work-Detect_0] Frame :181 split
I1014 10:27:57.913275  3861 work_thread.hpp:120]  [T-Work-Detect_0] Valid piece: gid = 1
I1014 10:27:57.913293  3861 work_thread.hpp:92]  [T-Work-Detect_0] Push to split queue:recog
I1014 10:27:57.913426  3863 work_thread.hpp:81]  [T-Work-Recog_1] Run work: WorkCapture
I1014 10:27:57.913426  3864 thread_intergrate.hpp:78] [T-Intergrate-intergrate] queue: frame output frame :181
I1014 10:27:57.913467  3864 thread_intergrate.hpp:85] [T-Intergrate-intergrate] queue: compare output face:1
I1014 10:27:57.913486  3864 thread_intergrate.hpp:134] T-Intergrate-intergrate set matched face: 1
I1014 10:27:57.914021  3863 work_thread.hpp:81]  [T-Work-Recog_1] Run work: WorkRecog
I1014 10:27:57.914047  3863 work_recog.hpp:89] Face id: 1 will run recog: bbox [160 x 204 from (248, 25)] quality: 0.460116
I1014 10:27:57.914077  3863 work_recog.hpp:96] Recog pair: [224 x 288 from (216, 0)], [160 x 204 from (32, 25)]
I1014 10:27:57.914665  3864 thread_intergrate.hpp:154] T-Intergrate-intergrate Show face :1, size :640 * 360
I1014 10:27:57.915253  3860 demo_inner.hpp:435] thread [SORT-0]  frame id 181 sorting queue size 1   FPS: 28.9924
I1014 10:27:57.931587  3863 work_thread.hpp:81]  [T-Work-Recog_1] Run work: WorkCompare
I1014 10:27:57.931691  3863 work_compare.cpp:76] Compare face: 1 successed, similarity :0.979635, name : images/thanglmb.jpg, normal size : 640 * 360!
I1014 10:27:57.941529  3858 demo_inner.hpp:177] decode queue size 0
I1014 10:27:57.941694  3861 work_thread.hpp:81]  [T-Work-Detect_0] Run work: WorkDetect
I1014 10:27:57.941731  3861 work_detect.cpp:102] Succeeded to add det start for frame 182
I1014 10:27:57.949303  3861 work_detect.cpp:70] Frame :182 detect result :1 face(s)
I1014 10:27:57.949355  3861 work_detect.cpp:86] Detected bbox: [147 x 192 from (253, 19)]
I1014 10:27:57.949400  3861 work_detect.cpp:120] Succeeded to add det end for frame 182
I1014 10:27:57.949440  3861 work_thread.hpp:81]  [T-Work-Detect_0] Run work: WrokTrack
I1014 10:27:57.949468  3861 work_track.cpp:82] Frame: 182 build input_characts: [0.229687 x 0.533333 from (0.395312, 0.0527778)], 1.00019, 0
I1014 10:27:57.949527  3861 work_track.cpp:102] Succeeded to set track lock for frame 182
I1014 10:27:57.949576  3861 work_track.cpp:116] Succeeded to release track lock for frame 182
I1014 10:27:57.949591  3861 work_track.cpp:120] Track results of frame 182: 1 objects input, 1 objects tracked!
I1014 10:27:57.949609  3861 work_track.cpp:148] Frame: 182, track bbox: [147 x 192 from (253.304, 23.4477)], gid: 1, lid: 0
I1014 10:27:57.949760  3859 demo_inner.hpp:260]  gui queue size 1, state = running
I1014 10:27:57.949779  3861 work_thread.hpp:88]  [T-Work-Detect_0] Frame :182 split
I1014 10:27:57.949806  3861 work_thread.hpp:120]  [T-Work-Detect_0] Valid piece: gid = 1
I1014 10:27:57.949828  3861 work_thread.hpp:92]  [T-Work-Detect_0] Push to split queue:recog
I1014 10:27:57.949885  3864 thread_intergrate.hpp:78] [T-Intergrate-intergrate] queue: frame output frame :182
I1014 10:27:57.949916  3864 thread_intergrate.hpp:85] [T-Intergrate-intergrate] queue: compare output face:1
I1014 10:27:57.949936  3864 thread_intergrate.hpp:134] T-Intergrate-intergrate set matched face: 1
I1014 10:27:57.949937  3863 work_thread.hpp:81]  [T-Work-Recog_1] Run work: WorkCapture
I1014 10:27:57.950575  3863 work_thread.hpp:81]  [T-Work-Recog_1] Run work: WorkRecog
I1014 10:27:57.950609  3863 work_recog.hpp:89] Face id: 1 will run recog: bbox [147 x 192 from (253, 19)] quality: 0.430349
I1014 10:27:57.950649  3863 work_recog.hpp:96] Recog pair: [208 x 272 from (224, 0)], [147 x 192 from (29, 19)]
I1014 10:27:57.951154  3864 thread_intergrate.hpp:154] T-Intergrate-intergrate Show face :1, size :640 * 360
I1014 10:27:57.951752  3860 demo_inner.hpp:435] thread [SORT-0]  frame id 182 sorting queue size 0   FPS: 28.9924
I1014 10:27:57.968565  3863 work_thread.hpp:81]  [T-Work-Recog_1] Run work: WorkCompare
I1014 10:27:57.968674  3863 work_compare.cpp:76] Compare face: 1 successed, similarity :0.989293, name : images/thanglmb.jpg, normal size : 640 * 360!
I1014 10:27:57.971489  3858 demo_inner.hpp:177] decode queue size 0
I1014 10:27:57.971573  3861 work_thread.hpp:81]  [T-Work-Detect_0] Run work: WorkDetect
I1014 10:27:57.971609  3861 work_detect.cpp:102] Succeeded to add det start for frame 183
I1014 10:27:57.979251  3861 work_detect.cpp:70] Frame :183 detect result :1 face(s)
I1014 10:27:57.979338  3861 work_detect.cpp:86] Detected bbox: [158 x 200 from (249, 27)]
I1014 10:27:57.979384  3861 work_detect.cpp:120] Succeeded to add det end for frame 183
I1014 10:27:57.979400  3861 work_thread.hpp:81]  [T-Work-Detect_0] Run work: WrokTrack
I1014 10:27:57.979425  3861 work_track.cpp:82] Frame: 183 build input_characts: [0.246875 x 0.555556 from (0.389062, 0.075)], 1.00019, 0
I1014 10:27:57.979552  3861 work_track.cpp:102] Succeeded to set track lock for frame 183
I1014 10:27:57.979729  3861 work_track.cpp:116] Succeeded to release track lock for frame 183
I1014 10:27:57.979746  3861 work_track.cpp:120] Track results of frame 183: 1 objects input, 1 objects tracked!
I1014 10:27:57.979764  3861 work_track.cpp:148] Frame: 183, track bbox: [158 x 200 from (248.44, 23.8366)], gid: 1, lid: 0
I1014 10:27:57.979825  3861 work_thread.hpp:88]  [T-Work-Detect_0] Frame :183 split
I1014 10:27:57.979845  3861 work_thread.hpp:120]  [T-Work-Detect_0] Valid piece: gid = 1
I1014 10:27:57.979863  3861 work_thread.hpp:92]  [T-Work-Detect_0] Push to split queue:recog
I1014 10:27:57.979908  3864 thread_intergrate.hpp:78] [T-Intergrate-intergrate] queue: frame output frame :183
I1014 10:27:57.979910  3862 work_thread.hpp:81]  [T-Work-Recog_0] Run work: WorkCapture
I1014 10:27:57.979938  3864 thread_intergrate.hpp:85] [T-Intergrate-intergrate] queue: compare output face:1
I1014 10:27:57.979955  3864 thread_intergrate.hpp:134] T-Intergrate-intergrate set matched face: 1
I1014 10:27:57.980521  3862 work_thread.hpp:81]  [T-Work-Recog_0] Run work: WorkRecog
I1014 10:27:57.980545  3862 work_recog.hpp:89] Face id: 1 will run recog: bbox [158 x 200 from (249, 27)] quality: 0.455359
I1014 10:27:57.980574  3862 work_recog.hpp:96] Recog pair: [224 x 280 from (216, 0)], [158 x 200 from (33, 27)]
I1014 10:27:57.981144  3864 thread_intergrate.hpp:154] T-Intergrate-intergrate Show face :1, size :640 * 360
I1014 10:27:57.981629  3860 demo_inner.hpp:435] thread [SORT-0]  frame id 183 sorting queue size 1   FPS: 29.0753
I1014 10:27:57.998069  3862 work_thread.hpp:81]  [T-Work-Recog_0] Run work: WorkCompare
I1014 10:27:57.998191  3862 work_compare.cpp:76] Compare face: 1 successed, similarity :0.97658, name : images/thanglmb.jpg, normal size : 640 * 360!
I1014 10:27:58.007563  3858 demo_inner.hpp:177] decode queue size 0
I1014 10:27:58.007700  3861 work_thread.hpp:81]  [T-Work-Detect_0] Run work: WorkDetect
I1014 10:27:58.007746  3861 work_detect.cpp:102] Succeeded to add det start for frame 184
I1014 10:27:58.015298  3861 work_detect.cpp:70] Frame :184 detect result :1 face(s)
I1014 10:27:58.015347  3861 work_detect.cpp:86] Detected bbox: [150 x 196 from (250, 18)]
I1014 10:27:58.015396  3861 work_detect.cpp:120] Succeeded to add det end for frame 184
I1014 10:27:58.015413  3861 work_thread.hpp:81]  [T-Work-Detect_0] Run work: WrokTrack
I1014 10:27:58.015439  3861 work_track.cpp:82] Frame: 184 build input_characts: [0.234375 x 0.544444 from (0.390625, 0.05)], 0.999622, 0
I1014 10:27:58.015519  3861 work_track.cpp:102] Succeeded to set track lock for frame 184
I1014 10:27:58.015559  3861 work_track.cpp:116] Succeeded to release track lock for frame 184
I1014 10:27:58.015574  3861 work_track.cpp:120] Track results of frame 184: 1 objects input, 1 objects tracked!
I1014 10:27:58.015592  3861 work_track.cpp:148] Frame: 184, track bbox: [150 x 196 from (251.226, 23.1335)], gid: 1, lid: 0
I1014 10:27:58.015758  3861 work_thread.hpp:88]  [T-Work-Detect_0] Frame :184 split
I1014 10:27:58.015777  3861 work_thread.hpp:120]  [T-Work-Detect_0] Valid piece: gid = 1
I1014 10:27:58.015796  3861 work_thread.hpp:92]  [T-Work-Detect_0] Push to split queue:recog
I1014 10:27:58.015842  3864 thread_intergrate.hpp:78] [T-Intergrate-intergrate] queue: frame output frame :184
I1014 10:27:58.015842  3862 work_thread.hpp:81]  [T-Work-Recog_0] Run work: WorkCapture
I1014 10:27:58.015872  3864 thread_intergrate.hpp:85] [T-Intergrate-intergrate] queue: compare output face:1
I1014 10:27:58.015969  3864 thread_intergrate.hpp:134] T-Intergrate-intergrate set matched face: 1
I1014 10:27:58.016438  3862 work_thread.hpp:81]  [T-Work-Recog_0] Run work: WorkRecog
I1014 10:27:58.016463  3862 work_recog.hpp:89] Face id: 1 will run recog: bbox [150 x 196 from (250, 18)] quality: 0.457294
I1014 10:27:58.016494  3862 work_recog.hpp:96] Recog pair: [216 x 280 from (216, 0)], [150 x 196 from (34, 18)]
I1014 10:27:58.017153  3864 thread_intergrate.hpp:154] T-Intergrate-intergrate Show face :1, size :640 * 360
I1014 10:27:58.017732  3860 demo_inner.hpp:435] thread [SORT-0]  frame id 184 sorting queue size 2   FPS: 28.9924
I1014 10:27:58.018286  3859 demo_inner.hpp:260]  gui queue size 2, state = running
I1014 10:27:58.035055  3862 work_thread.hpp:81]  [T-Work-Recog_0] Run work: WorkCompare
I1014 10:27:58.035162  3862 work_compare.cpp:76] Compare face: 1 successed, similarity :0.982747, name : images/thanglmb.jpg, normal size : 640 * 360!
I1014 10:27:58.038872  3858 demo_inner.hpp:177] decode queue size 0
I1014 10:27:58.039054  3861 work_thread.hpp:81]  [T-Work-Detect_0] Run work: WorkDetect
I1014 10:27:58.039089  3861 work_detect.cpp:102] Succeeded to add det start for frame 185
I1014 10:27:58.046658  3861 work_detect.cpp:70] Frame :185 detect result :1 face(s)
I1014 10:27:58.046708  3861 work_detect.cpp:86] Detected bbox: [150 x 200 from (250, 16)]
I1014 10:27:58.046780  3861 work_detect.cpp:120] Succeeded to add det end for frame 185
I1014 10:27:58.046798  3861 work_thread.hpp:81]  [T-Work-Detect_0] Run work: WrokTrack
I1014 10:27:58.046823  3861 work_track.cpp:82] Frame: 185 build input_characts: [0.234375 x 0.555556 from (0.390625, 0.0444444)], 1.00019, 0
I1014 10:27:58.046888  3861 work_track.cpp:102] Succeeded to set track lock for frame 185
I1014 10:27:58.046928  3861 work_track.cpp:116] Succeeded to release track lock for frame 185
I1014 10:27:58.046943  3861 work_track.cpp:120] Track results of frame 185: 1 objects input, 1 objects tracked!
I1014 10:27:58.046962  3861 work_track.cpp:148] Frame: 185, track bbox: [150 x 200 from (250.278, 17.8273)], gid: 1, lid: 0
I1014 10:27:58.047021  3861 work_thread.hpp:88]  [T-Work-Detect_0] Frame :185 split
I1014 10:27:58.047040  3861 work_thread.hpp:120]  [T-Work-Detect_0] Valid piece: gid = 1
I1014 10:27:58.047058  3861 work_thread.hpp:92]  [T-Work-Detect_0] Push to split queue:recog
I1014 10:27:58.047102  3864 thread_intergrate.hpp:78] [T-Intergrate-intergrate] queue: frame output frame :185
I1014 10:27:58.047106  3863 work_thread.hpp:81]  [T-Work-Recog_1] Run work: WorkCapture
I1014 10:27:58.047133  3864 thread_intergrate.hpp:85] [T-Intergrate-intergrate] queue: compare output face:1
I1014 10:27:58.047152  3864 thread_intergrate.hpp:134] T-Intergrate-intergrate set matched face: 1
I1014 10:27:58.047683  3863 work_thread.hpp:81]  [T-Work-Recog_1] Run work: WorkRecog
I1014 10:27:58.047706  3863 work_recog.hpp:89] Face id: 1 will run recog: bbox [150 x 200 from (250, 16)] quality: 0.454059
I1014 10:27:58.047735  3863 work_recog.hpp:96] Recog pair: [216 x 280 from (216, 0)], [150 x 200 from (34, 16)]
I1014 10:27:58.048339  3864 thread_intergrate.hpp:154] T-Intergrate-intergrate Show face :1, size :640 * 360
I1014 10:27:58.048825  3860 demo_inner.hpp:435] thread [SORT-0]  frame id 185 sorting queue size 0   FPS: 29.0753
I1014 10:27:58.065441  3863 work_thread.hpp:81]  [T-Work-Recog_1] Run work: WorkCompare
I1014 10:27:58.065547  3863 work_compare.cpp:76] Compare face: 1 successed, similarity :0.981425, name : images/thanglmb.jpg, normal size : 640 * 360!
I1014 10:27:58.073652  3858 demo_inner.hpp:177] decode queue size 0
I1014 10:27:58.073760  3861 work_thread.hpp:81]  [T-Work-Detect_0] Run work: WorkDetect
I1014 10:27:58.073797  3861 work_detect.cpp:102] Succeeded to add det start for frame 186
I1014 10:27:58.081305  3861 work_detect.cpp:70] Frame :186 detect result :1 face(s)
I1014 10:27:58.081357  3861 work_detect.cpp:86] Detected bbox: [151 x 199 from (249, 16)]
I1014 10:27:58.081398  3861 work_detect.cpp:120] Succeeded to add det end for frame 186
I1014 10:27:58.081516  3861 work_thread.hpp:81]  [T-Work-Detect_0] Run work: WrokTrack
I1014 10:27:58.081543  3861 work_track.cpp:82] Frame: 186 build input_characts: [0.235938 x 0.552778 from (0.389062, 0.0444444)], 1.00019, 0
I1014 10:27:58.081727  3861 work_track.cpp:102] Succeeded to set track lock for frame 186
I1014 10:27:58.081769  3861 work_track.cpp:116] Succeeded to release track lock for frame 186
I1014 10:27:58.081784  3861 work_track.cpp:120] Track results of frame 186: 1 objects input, 1 objects tracked!
I1014 10:27:58.081801  3861 work_track.cpp:148] Frame: 186, track bbox: [151 x 199 from (248.923, 15.2732)], gid: 1, lid: 0
I1014 10:27:58.081847  3861 work_thread.hpp:88]  [T-Work-Detect_0] Frame :186 split
I1014 10:27:58.081866  3861 work_thread.hpp:120]  [T-Work-Detect_0] Valid piece: gid = 1
I1014 10:27:58.081883  3861 work_thread.hpp:92]  [T-Work-Detect_0] Push to split queue:recog
I1014 10:27:58.081928  3864 thread_intergrate.hpp:78] [T-Intergrate-intergrate] queue: frame output frame :186
I1014 10:27:58.081928  3863 work_thread.hpp:81]  [T-Work-Recog_1] Run work: WorkCapture
I1014 10:27:58.081956  3864 thread_intergrate.hpp:85] [T-Intergrate-intergrate] queue: compare output face:1
I1014 10:27:58.081974  3864 thread_intergrate.hpp:134] T-Intergrate-intergrate set matched face: 1
I1014 10:27:58.082509  3863 work_thread.hpp:81]  [T-Work-Recog_1] Run work: WorkRecog
I1014 10:27:58.082532  3863 work_recog.hpp:89] Face id: 1 will run recog: bbox [151 x 199 from (249, 16)] quality: 0.454059
I1014 10:27:58.082561  3863 work_recog.hpp:96] Recog pair: [216 x 280 from (216, 0)], [151 x 199 from (33, 16)]
I1014 10:27:58.083132  3864 thread_intergrate.hpp:154] T-Intergrate-intergrate Show face :1, size :640 * 360
I1014 10:27:58.083686  3860 demo_inner.hpp:435] thread [SORT-0]  frame id 186 sorting queue size 1   FPS: 28.9786
I1014 10:27:58.100255  3863 work_thread.hpp:81]  [T-Work-Recog_1] Run work: WorkCompare
I1014 10:27:58.100361  3863 work_compare.cpp:76] Compare face: 1 successed, similarity :0.989712, name : images/thanglmb.jpg, normal size : 640 * 360!
I1014 10:27:58.103107  3859 demo_inner.hpp:260]  gui queue size 1, state = running
I1014 10:27:58.109678  3858 demo_inner.hpp:177] decode queue size 0
I1014 10:27:58.109784  3861 work_thread.hpp:81]  [T-Work-Detect_0] Run work: WorkDetect
I1014 10:27:58.109820  3861 work_detect.cpp:102] Succeeded to add det start for frame 187
I1014 10:27:58.117383  3861 work_detect.cpp:70] Frame :187 detect result :1 face(s)
I1014 10:27:58.117429  3861 work_detect.cpp:86] Detected bbox: [152 x 196 from (249, 20)]
I1014 10:27:58.117472  3861 work_detect.cpp:120] Succeeded to add det end for frame 187
I1014 10:27:58.117488  3861 work_thread.hpp:81]  [T-Work-Detect_0] Run work: WrokTrack
I1014 10:27:58.117521  3861 work_track.cpp:82] Frame: 187 build input_characts: [0.2375 x 0.544444 from (0.389062, 0.0555556)], 1.00035, 0
I1014 10:27:58.117576  3861 work_track.cpp:102] Succeeded to set track lock for frame 187
I1014 10:27:58.117763  3861 work_track.cpp:116] Succeeded to release track lock for frame 187
I1014 10:27:58.117779  3861 work_track.cpp:120] Track results of frame 187: 1 objects input, 1 objects tracked!
I1014 10:27:58.117797  3861 work_track.cpp:148] Frame: 187, track bbox: [152 x 196 from (248.423, 18.5454)], gid: 1, lid: 0
I1014 10:27:58.117835  3861 work_thread.hpp:88]  [T-Work-Detect_0] Frame :187 split
I1014 10:27:58.117938  3861 work_thread.hpp:120]  [T-Work-Detect_0] Valid piece: gid = 1
I1014 10:27:58.117959  3861 work_thread.hpp:92]  [T-Work-Detect_0] Push to split queue:recog
I1014 10:27:58.118005  3863 work_thread.hpp:81]  [T-Work-Recog_1] Run work: WorkCapture
I1014 10:27:58.118011  3864 thread_intergrate.hpp:78] [T-Intergrate-intergrate] queue: frame output frame :187
I1014 10:27:58.118038  3864 thread_intergrate.hpp:85] [T-Intergrate-intergrate] queue: compare output face:1
I1014 10:27:58.118057  3864 thread_intergrate.hpp:134] T-Intergrate-intergrate set matched face: 1
I1014 10:27:58.118583  3863 work_thread.hpp:81]  [T-Work-Recog_1] Run work: WorkRecog
I1014 10:27:58.118685  3863 work_recog.hpp:89] Face id: 1 will run recog: bbox [152 x 196 from (249, 20)] quality: 0.448165
I1014 10:27:58.118717  3863 work_recog.hpp:96] Recog pair: [216 x 280 from (216, 0)], [152 x 196 from (33, 20)]
I1014 10:27:58.119225  3864 thread_intergrate.hpp:154] T-Intergrate-intergrate Show face :1, size :640 * 360
I1014 10:27:58.119771  3860 demo_inner.hpp:435] thread [SORT-0]  frame id 187 sorting queue size 0   FPS: 29.0062
I1014 10:27:58.136116  3863 work_thread.hpp:81]  [T-Work-Recog_1] Run work: WorkCompare
I1014 10:27:58.136240  3863 work_compare.cpp:76] Compare face: 1 successed, similarity :0.988604, name : images/thanglmb.jpg, normal size : 640 * 360!
I1014 10:27:58.140990  3858 demo_inner.hpp:177] decode queue size 0
I1014 10:27:58.141098  3861 work_thread.hpp:81]  [T-Work-Detect_0] Run work: WorkDetect
I1014 10:27:58.141158  3861 work_detect.cpp:102] Succeeded to add det start for frame 188
I1014 10:27:58.148613  3861 work_detect.cpp:70] Frame :188 detect result :1 face(s)
I1014 10:27:58.148677  3861 work_detect.cpp:86] Detected bbox: [151 x 192 from (247, 21)]
I1014 10:27:58.148720  3861 work_detect.cpp:120] Succeeded to add det end for frame 188
I1014 10:27:58.148736  3861 work_thread.hpp:81]  [T-Work-Detect_0] Run work: WrokTrack
I1014 10:27:58.148768  3861 work_track.cpp:82] Frame: 188 build input_characts: [0.235938 x 0.533333 from (0.385938, 0.0583333)], 1.00019, 0
I1014 10:27:58.148825  3861 work_track.cpp:102] Succeeded to set track lock for frame 188
I1014 10:27:58.148864  3861 work_track.cpp:116] Succeeded to release track lock for frame 188
I1014 10:27:58.148902  3861 work_track.cpp:120] Track results of frame 188: 1 objects input, 1 objects tracked!
I1014 10:27:58.148921  3861 work_track.cpp:148] Frame: 188, track bbox: [151 x 192 from (247.54, 19.0912)], gid: 1, lid: 0
I1014 10:27:58.148957  3861 work_thread.hpp:88]  [T-Work-Detect_0] Frame :188 split
I1014 10:27:58.148975  3861 work_thread.hpp:120]  [T-Work-Detect_0] Valid piece: gid = 1
I1014 10:27:58.148993  3861 work_thread.hpp:92]  [T-Work-Detect_0] Push to split queue:recog
I1014 10:27:58.149040  3863 work_thread.hpp:81]  [T-Work-Recog_1] Run work: WorkCapture
I1014 10:27:58.149044  3864 thread_intergrate.hpp:78] [T-Intergrate-intergrate] queue: frame output frame :188
I1014 10:27:58.149072  3864 thread_intergrate.hpp:85] [T-Intergrate-intergrate] queue: compare output face:1
I1014 10:27:58.149091  3864 thread_intergrate.hpp:134] T-Intergrate-intergrate set matched face: 1
I1014 10:27:58.149605  3863 work_thread.hpp:81]  [T-Work-Recog_1] Run work: WorkRecog
I1014 10:27:58.149627  3863 work_recog.hpp:89] Face id: 1 will run recog: bbox [151 x 192 from (247, 21)] quality: 0.452751
I1014 10:27:58.149657  3863 work_recog.hpp:96] Recog pair: [216 x 272 from (216, 0)], [151 x 192 from (31, 21)]
I1014 10:27:58.150249  3864 thread_intergrate.hpp:154] T-Intergrate-intergrate Show face :1, size :640 * 360
I1014 10:27:58.150826  3860 demo_inner.hpp:435] thread [SORT-0]  frame id 188 sorting queue size 1   FPS: 28.9649
I1014 10:27:58.167352  3863 work_thread.hpp:81]  [T-Work-Recog_1] Run work: WorkCompare
I1014 10:27:58.167454  3863 work_compare.cpp:76] Compare face: 1 successed, similarity :0.984217, name : images/thanglmb.jpg, normal size : 640 * 360!
I1014 10:27:58.175493  3858 demo_inner.hpp:177] decode queue size 0
I1014 10:27:58.175626  3861 work_thread.hpp:81]  [T-Work-Detect_0] Run work: WorkDetect
I1014 10:27:58.175662  3861 work_detect.cpp:102] Succeeded to add det start for frame 189
I1014 10:27:58.178552  3859 demo_inner.hpp:260]  gui queue size 1, state = running
I1014 10:27:58.183499  3861 work_detect.cpp:70] Frame :189 detect result :1 face(s)
I1014 10:27:58.183560  3861 work_detect.cpp:86] Detected bbox: [152 x 193 from (247, 23)]
I1014 10:27:58.183745  3861 work_detect.cpp:120] Succeeded to add det end for frame 189
I1014 10:27:58.183763  3861 work_thread.hpp:81]  [T-Work-Detect_0] Run work: WrokTrack
I1014 10:27:58.183789  3861 work_track.cpp:82] Frame: 189 build input_characts: [0.2375 x 0.536111 from (0.385938, 0.0638889)], 1.00019, 0
I1014 10:27:58.183953  3861 work_track.cpp:102] Succeeded to set track lock for frame 189
I1014 10:27:58.183995  3861 work_track.cpp:116] Succeeded to release track lock for frame 189
I1014 10:27:58.184010  3861 work_track.cpp:120] Track results of frame 189: 1 objects input, 1 objects tracked!
I1014 10:27:58.184027  3861 work_track.cpp:148] Frame: 189, track bbox: [152 x 193 from (247.005, 22.1378)], gid: 1, lid: 0
I1014 10:27:58.184087  3861 work_thread.hpp:88]  [T-Work-Detect_0] Frame :189 split
I1014 10:27:58.184106  3861 work_thread.hpp:120]  [T-Work-Detect_0] Valid piece: gid = 1
I1014 10:27:58.184124  3861 work_thread.hpp:92]  [T-Work-Detect_0] Push to split queue:recog
I1014 10:27:58.184195  3864 thread_intergrate.hpp:78] [T-Intergrate-intergrate] queue: frame output frame :189
I1014 10:27:58.184199  3862 work_thread.hpp:81]  [T-Work-Recog_0] Run work: WorkCapture
I1014 10:27:58.184221  3864 thread_intergrate.hpp:85] [T-Intergrate-intergrate] queue: compare output face:1
I1014 10:27:58.184238  3864 thread_intergrate.hpp:134] T-Intergrate-intergrate set matched face: 1
I1014 10:27:58.184806  3862 work_thread.hpp:81]  [T-Work-Recog_0] Run work: WorkRecog
I1014 10:27:58.184832  3862 work_recog.hpp:89] Face id: 1 will run recog: bbox [152 x 193 from (247, 23)] quality: 0.443865
I1014 10:27:58.184861  3862 work_recog.hpp:96] Recog pair: [216 x 272 from (216, 0)], [152 x 193 from (31, 23)]
I1014 10:27:58.185408  3864 thread_intergrate.hpp:154] T-Intergrate-intergrate Show face :1, size :640 * 360
I1014 10:27:58.185981  3860 demo_inner.hpp:435] thread [SORT-0]  frame id 189 sorting queue size 0   FPS: 28.9924
I1014 10:27:58.202360  3862 work_thread.hpp:81]  [T-Work-Recog_0] Run work: WorkCompare
I1014 10:27:58.202468  3862 work_compare.cpp:76] Compare face: 1 successed, similarity :0.981196, name : images/thanglmb.jpg, normal size : 640 * 360!
I1014 10:27:58.205158  3858 demo_inner.hpp:177] decode queue size 0
I1014 10:27:58.205250  3861 work_thread.hpp:81]  [T-Work-Detect_0] Run work: WorkDetect
I1014 10:27:58.205284  3861 work_detect.cpp:102] Succeeded to add det start for frame 190
I1014 10:27:58.212886  3861 work_detect.cpp:70] Frame :190 detect result :1 face(s)
I1014 10:27:58.212941  3861 work_detect.cpp:86] Detected bbox: [152 x 193 from (247, 21)]
I1014 10:27:58.213062  3861 work_detect.cpp:120] Succeeded to add det end for frame 190
I1014 10:27:58.213080  3861 work_thread.hpp:81]  [T-Work-Detect_0] Run work: WrokTrack
I1014 10:27:58.213112  3861 work_track.cpp:82] Frame: 190 build input_characts: [0.2375 x 0.536111 from (0.385938, 0.0583333)], 0.999622, 0
I1014 10:27:58.213169  3861 work_track.cpp:102] Succeeded to set track lock for frame 190
I1014 10:27:58.213227  3861 work_track.cpp:116] Succeeded to release track lock for frame 190
I1014 10:27:58.213249  3861 work_track.cpp:120] Track results of frame 190: 1 objects input, 1 objects tracked!
I1014 10:27:58.213268  3861 work_track.cpp:148] Frame: 190, track bbox: [152 x 193 from (246.66, 22.0619)], gid: 1, lid: 0
I1014 10:27:58.213304  3861 work_thread.hpp:88]  [T-Work-Detect_0] Frame :190 split
I1014 10:27:58.213322  3861 work_thread.hpp:120]  [T-Work-Detect_0] Valid piece: gid = 1
I1014 10:27:58.213340  3861 work_thread.hpp:92]  [T-Work-Detect_0] Push to split queue:recog
I1014 10:27:58.213448  3864 thread_intergrate.hpp:78] [T-Intergrate-intergrate] queue: frame output frame :190
I1014 10:27:58.213448  3863 work_thread.hpp:81]  [T-Work-Recog_1] Run work: WorkCapture
I1014 10:27:58.213476  3864 thread_intergrate.hpp:85] [T-Intergrate-intergrate] queue: compare output face:1
I1014 10:27:58.213495  3864 thread_intergrate.hpp:134] T-Intergrate-intergrate set matched face: 1
I1014 10:27:58.214200  3863 work_thread.hpp:81]  [T-Work-Recog_1] Run work: WorkRecog
I1014 10:27:58.214226  3863 work_recog.hpp:89] Face id: 1 will run recog: bbox [152 x 193 from (247, 21)] quality: 0.457802
I1014 10:27:58.214257  3863 work_recog.hpp:96] Recog pair: [216 x 272 from (216, 0)], [152 x 193 from (31, 21)]
I1014 10:27:58.214656  3864 thread_intergrate.hpp:154] T-Intergrate-intergrate Show face :1, size :640 * 360
I1014 10:27:58.215145  3860 demo_inner.hpp:435] thread [SORT-0]  frame id 190 sorting queue size 1   FPS: 29.0753
I1014 10:27:58.231853  3863 work_thread.hpp:81]  [T-Work-Recog_1] Run work: WorkCompare
I1014 10:27:58.231976  3863 work_compare.cpp:76] Compare face: 1 successed, similarity :0.98672, name : images/thanglmb.jpg, normal size : 640 * 360!
I1014 10:27:58.240923  3858 demo_inner.hpp:177] decode queue size 0
I1014 10:27:58.241061  3861 work_thread.hpp:81]  [T-Work-Detect_0] Run work: WorkDetect
I1014 10:27:58.241098  3861 work_detect.cpp:102] Succeeded to add det start for frame 191
I1014 10:27:58.248550  3861 work_detect.cpp:70] Frame :191 detect result :1 face(s)
I1014 10:27:58.248600  3861 work_detect.cpp:86] Detected bbox: [154 x 198 from (246, 19)]
I1014 10:27:58.248641  3861 work_detect.cpp:120] Succeeded to add det end for frame 191
I1014 10:27:58.248682  3861 work_thread.hpp:81]  [T-Work-Detect_0] Run work: WrokTrack
I1014 10:27:58.248708  3861 work_track.cpp:82] Frame: 191 build input_characts: [0.240625 x 0.55 from (0.384375, 0.0527778)], 0.999622, 0
I1014 10:27:58.248764  3861 work_track.cpp:102] Succeeded to set track lock for frame 191
I1014 10:27:58.248811  3861 work_track.cpp:116] Succeeded to release track lock for frame 191
I1014 10:27:58.248826  3861 work_track.cpp:120] Track results of frame 191: 1 objects input, 1 objects tracked!
I1014 10:27:58.248844  3861 work_track.cpp:148] Frame: 191, track bbox: [154 x 198 from (245.626, 19.5426)], gid: 1, lid: 0
I1014 10:27:58.248880  3861 work_thread.hpp:88]  [T-Work-Detect_0] Frame :191 split
I1014 10:27:58.248924  3861 work_thread.hpp:120]  [T-Work-Detect_0] Valid piece: gid = 1
I1014 10:27:58.248944  3861 work_thread.hpp:92]  [T-Work-Detect_0] Push to split queue:recog
I1014 10:27:58.248991  3864 thread_intergrate.hpp:78] [T-Intergrate-intergrate] queue: frame output frame :191
I1014 10:27:58.248991  3863 work_thread.hpp:81]  [T-Work-Recog_1] Run work: WorkCapture
I1014 10:27:58.249019  3864 thread_intergrate.hpp:85] [T-Intergrate-intergrate] queue: compare output face:1
I1014 10:27:58.249038  3864 thread_intergrate.hpp:134] T-Intergrate-intergrate set matched face: 1
I1014 10:27:58.249579  3863 work_thread.hpp:81]  [T-Work-Recog_1] Run work: WorkRecog
I1014 10:27:58.249604  3863 work_recog.hpp:89] Face id: 1 will run recog: bbox [154 x 198 from (246, 19)] quality: 0.458253
I1014 10:27:58.249634  3863 work_recog.hpp:96] Recog pair: [216 x 280 from (216, 0)], [154 x 198 from (30, 19)]
I1014 10:27:58.250202  3864 thread_intergrate.hpp:154] T-Intergrate-intergrate Show face :1, size :640 * 360
I1014 10:27:58.250777  3860 demo_inner.hpp:435] thread [SORT-0]  frame id 191 sorting queue size 2   FPS: 28.9924
I1014 10:27:58.267302  3863 work_thread.hpp:81]  [T-Work-Recog_1] Run work: WorkCompare
I1014 10:27:58.267410  3863 work_compare.cpp:76] Compare face: 1 successed, similarity :0.976897, name : images/thanglmb.jpg, normal size : 640 * 360!
I1014 10:27:58.271656  3858 demo_inner.hpp:177] decode queue size 0
I1014 10:27:58.271776  3861 work_thread.hpp:81]  [T-Work-Detect_0] Run work: WorkDetect
I1014 10:27:58.271824  3861 work_detect.cpp:102] Succeeded to add det start for frame 192
I1014 10:27:58.278750  3859 demo_inner.hpp:260]  gui queue size 2, state = running
I1014 10:27:58.279522  3861 work_detect.cpp:70] Frame :192 detect result :1 face(s)
I1014 10:27:58.279569  3861 work_detect.cpp:86] Detected bbox: [154 x 195 from (244, 21)]
I1014 10:27:58.279757  3861 work_detect.cpp:120] Succeeded to add det end for frame 192
