I1014 15:07:46.609050  8651 thread_intergrate.hpp:85] [T-Intergrate-intergrate] queue: compare output face:0
I1014 15:07:46.609069  8651 thread_intergrate.hpp:144] T-Intergrate-intergrate set matched face: 0
I1014 15:07:46.609578  8649 work_thread.hpp:81]  [T-Work-Recog_0] Run work: WorkRecog
I1014 15:07:46.609601  8649 work_recog.hpp:89] Face id: 0 will run recog: bbox [128 x 173 from (186, 179)] quality: 0.4759
I1014 15:07:46.609710  8649 work_recog.hpp:96] Recog pair: [184 x 216 from (160, 144)], [128 x 173 from (26, 35)]
I1014 15:07:46.611110  8651 thread_intergrate.hpp:168] T-Intergrate-intergrate Show face :0, size :640 * 360
I1014 15:07:46.611691  8647 demo_inner.hpp:435] thread [SORT-0]  frame id 106 sorting queue size 1   FPS: 29.97
I1014 15:07:46.627245  8649 work_thread.hpp:81]  [T-Work-Recog_0] Run work: WorkCompare
I1014 15:07:46.627707  8649 work_compare.cpp:76] Compare face: 0 successed, similarity :0.992131, name : images/ThangLMb.jpg, normal size : 1548 * 1719!
I1014 15:07:46.632432  8645 demo_inner.hpp:177] decode queue size 0
I1014 15:07:46.632513  8648 work_thread.hpp:81]  [T-Work-Detect_0] Run work: WorkDetect
I1014 15:07:46.632544  8648 work_detect.cpp:102] Succeeded to add det start for frame 107
I1014 15:07:46.639016  8648 work_detect.cpp:70] Frame :107 detect result :1 face(s)
I1014 15:07:46.639055  8648 work_detect.cpp:86] Detected bbox: [133 x 174 from (188, 178)]
I1014 15:07:46.639097  8648 work_detect.cpp:120] Succeeded to add det end for frame 107
I1014 15:07:46.639113  8648 work_thread.hpp:81]  [T-Work-Detect_0] Run work: WrokTrack
I1014 15:07:46.639137  8648 work_track.cpp:82] Frame: 107 build input_characts: [0.207813 x 0.483333 from (0.29375, 0.494444)], 1.00019, 0
I1014 15:07:46.639192  8648 work_track.cpp:102] Succeeded to set track lock for frame 107
I1014 15:07:46.639231  8648 work_track.cpp:116] Succeeded to release track lock for frame 107
I1014 15:07:46.639247  8648 work_track.cpp:120] Track results of frame 107: 1 objects input, 1 objects tracked!
I1014 15:07:46.639266  8648 work_track.cpp:148] Frame: 107, track bbox: [133 x 174 from (187.332, 177.993)], gid: 0, lid: 0
I1014 15:07:46.639300  8648 work_thread.hpp:87]  [T-Work-Detect_0] Frame :107 split
I1014 15:07:46.639318  8648 work_thread.hpp:120]  [T-Work-Detect_0] Valid piece: gid = 0
I1014 15:07:46.639336  8648 work_thread.hpp:91]  [T-Work-Detect_0] Push to split queue:recog
I1014 15:07:46.639382  8650 work_thread.hpp:81]  [T-Work-Recog_1] Run work: WorkCapture
I1014 15:07:46.639389  8651 thread_intergrate.hpp:78] [T-Intergrate-intergrate] queue: frame output frame :107
I1014 15:07:46.639418  8651 thread_intergrate.hpp:85] [T-Intergrate-intergrate] queue: compare output face:0
I1014 15:07:46.639438  8651 thread_intergrate.hpp:144] T-Intergrate-intergrate set matched face: 0
I1014 15:07:46.639946  8650 work_thread.hpp:81]  [T-Work-Recog_1] Run work: WorkRecog
I1014 15:07:46.639971  8650 work_recog.hpp:89] Face id: 0 will run recog: bbox [133 x 174 from (188, 178)] quality: 0.474621
I1014 15:07:46.640000  8650 work_recog.hpp:96] Recog pair: [192 x 216 from (160, 144)], [133 x 174 from (28, 34)]
I1014 15:07:46.641463  8651 thread_intergrate.hpp:168] T-Intergrate-intergrate Show face :0, size :640 * 360
I1014 15:07:46.642099  8647 demo_inner.hpp:435] thread [SORT-0]  frame id 107 sorting queue size 2   FPS: 29.985
I1014 15:07:46.653455  8646 demo_inner.hpp:260]  gui queue size 2, state = running
I1014 15:07:46.658048  8650 work_thread.hpp:81]  [T-Work-Recog_1] Run work: WorkCompare
I1014 15:07:46.658516  8650 work_compare.cpp:76] Compare face: 0 successed, similarity :0.995029, name : images/ThangLMb.jpg, normal size : 1548 * 1719!
I1014 15:07:46.668128  8645 demo_inner.hpp:177] decode queue size 0
I1014 15:07:46.668248  8648 work_thread.hpp:81]  [T-Work-Detect_0] Run work: WorkDetect
I1014 15:07:46.668282  8648 work_detect.cpp:102] Succeeded to add det start for frame 108
I1014 15:07:46.674819  8648 work_detect.cpp:70] Frame :108 detect result :1 face(s)
I1014 15:07:46.674861  8648 work_detect.cpp:86] Detected bbox: [132 x 175 from (189, 177)]
I1014 15:07:46.674903  8648 work_detect.cpp:120] Succeeded to add det end for frame 108
I1014 15:07:46.674921  8648 work_thread.hpp:81]  [T-Work-Detect_0] Run work: WrokTrack
I1014 15:07:46.674944  8648 work_track.cpp:82] Frame: 108 build input_characts: [0.20625 x 0.486111 from (0.295312, 0.491667)], 1.00019, 0
I1014 15:07:46.675071  8648 work_track.cpp:102] Succeeded to set track lock for frame 108
I1014 15:07:46.675112  8648 work_track.cpp:116] Succeeded to release track lock for frame 108
I1014 15:07:46.675127  8648 work_track.cpp:120] Track results of frame 108: 1 objects input, 1 objects tracked!
I1014 15:07:46.675145  8648 work_track.cpp:148] Frame: 108, track bbox: [132 x 175 from (187.115, 177.064)], gid: 0, lid: 0
I1014 15:07:46.675184  8648 work_thread.hpp:87]  [T-Work-Detect_0] Frame :108 split
I1014 15:07:46.675201  8648 work_thread.hpp:120]  [T-Work-Detect_0] Valid piece: gid = 0
I1014 15:07:46.675218  8648 work_thread.hpp:91]  [T-Work-Detect_0] Push to split queue:recog
I1014 15:07:46.675263  8650 work_thread.hpp:81]  [T-Work-Recog_1] Run work: WorkCapture
I1014 15:07:46.675268  8651 thread_intergrate.hpp:78] [T-Intergrate-intergrate] queue: frame output frame :108
I1014 15:07:46.675304  8651 thread_intergrate.hpp:85] [T-Intergrate-intergrate] queue: compare output face:0
I1014 15:07:46.675345  8651 thread_intergrate.hpp:144] T-Intergrate-intergrate set matched face: 0
I1014 15:07:46.675840  8650 work_thread.hpp:81]  [T-Work-Recog_1] Run work: WorkRecog
I1014 15:07:46.675866  8650 work_recog.hpp:89] Face id: 0 will run recog: bbox [132 x 175 from (189, 177)] quality: 0.474621
I1014 15:07:46.675896  8650 work_recog.hpp:96] Recog pair: [192 x 224 from (160, 136)], [132 x 175 from (29, 41)]
I1014 15:07:46.677333  8651 thread_intergrate.hpp:168] T-Intergrate-intergrate Show face :0, size :640 * 360
I1014 15:07:46.677930  8647 demo_inner.hpp:435] thread [SORT-0]  frame id 108 sorting queue size 0   FPS: 29.97
I1014 15:07:46.693426  8650 work_thread.hpp:81]  [T-Work-Recog_1] Run work: WorkCompare
I1014 15:07:46.693894  8650 work_compare.cpp:76] Compare face: 0 successed, similarity :0.992393, name : images/ThangLMb.jpg, normal size : 1548 * 1719!
I1014 15:07:46.698380  8645 demo_inner.hpp:177] decode queue size 0
I1014 15:07:46.698462  8648 work_thread.hpp:81]  [T-Work-Detect_0] Run work: WorkDetect
I1014 15:07:46.698495  8648 work_detect.cpp:102] Succeeded to add det start for frame 109
I1014 15:07:46.705070  8648 work_detect.cpp:70] Frame :109 detect result :1 face(s)
I1014 15:07:46.705109  8648 work_detect.cpp:86] Detected bbox: [128 x 175 from (185, 177)]
I1014 15:07:46.705152  8648 work_detect.cpp:120] Succeeded to add det end for frame 109
I1014 15:07:46.705168  8648 work_thread.hpp:81]  [T-Work-Detect_0] Run work: WrokTrack
I1014 15:07:46.705191  8648 work_track.cpp:82] Frame: 109 build input_characts: [0.2 x 0.486111 from (0.289062, 0.491667)], 0.999622, 0
I1014 15:07:46.705246  8648 work_track.cpp:102] Succeeded to set track lock for frame 109
I1014 15:07:46.705286  8648 work_track.cpp:116] Succeeded to release track lock for frame 109
I1014 15:07:46.705302  8648 work_track.cpp:120] Track results of frame 109: 1 objects input, 1 objects tracked!
I1014 15:07:46.705319  8648 work_track.cpp:148] Frame: 109, track bbox: [128 x 175 from (186.824, 177.135)], gid: 0, lid: 0
I1014 15:07:46.705356  8648 work_thread.hpp:87]  [T-Work-Detect_0] Frame :109 split
I1014 15:07:46.705374  8648 work_thread.hpp:120]  [T-Work-Detect_0] Valid piece: gid = 0
I1014 15:07:46.705392  8648 work_thread.hpp:91]  [T-Work-Detect_0] Push to split queue:recog
I1014 15:07:46.705438  8649 work_thread.hpp:81]  [T-Work-Recog_0] Run work: WorkCapture
I1014 15:07:46.705461  8651 thread_intergrate.hpp:78] [T-Intergrate-intergrate] queue: frame output frame :109
I1014 15:07:46.705485  8651 thread_intergrate.hpp:85] [T-Intergrate-intergrate] queue: compare output face:0
I1014 15:07:46.705504  8651 thread_intergrate.hpp:144] T-Intergrate-intergrate set matched face: 0
I1014 15:07:46.706058  8649 work_thread.hpp:81]  [T-Work-Recog_0] Run work: WorkRecog
I1014 15:07:46.706082  8649 work_recog.hpp:89] Face id: 0 will run recog: bbox [128 x 175 from (185, 177)] quality: 0.453058
I1014 15:07:46.706112  8649 work_recog.hpp:96] Recog pair: [184 x 224 from (160, 136)], [128 x 175 from (25, 41)]
I1014 15:07:46.706954  8651 thread_intergrate.hpp:168] T-Intergrate-intergrate Show face :0, size :640 * 360
I1014 15:07:46.707650  8647 demo_inner.hpp:435] thread [SORT-0]  frame id 109 sorting queue size 1   FPS: 29.985
I1014 15:07:46.720762  8646 demo_inner.hpp:260]  gui queue size 1, state = running
I1014 15:07:46.724282  8649 work_thread.hpp:81]  [T-Work-Recog_0] Run work: WorkCompare
I1014 15:07:46.724759  8649 work_compare.cpp:76] Compare face: 0 successed, similarity :0.99038, name : images/ThangLMb.jpg, normal size : 1548 * 1719!
I1014 15:07:46.734103  8645 demo_inner.hpp:177] decode queue size 0
I1014 15:07:46.734210  8648 work_thread.hpp:81]  [T-Work-Detect_0] Run work: WorkDetect
I1014 15:07:46.734246  8648 work_detect.cpp:102] Succeeded to add det start for frame 110
I1014 15:07:46.740869  8648 work_detect.cpp:70] Frame :110 detect result :1 face(s)
I1014 15:07:46.740911  8648 work_detect.cpp:86] Detected bbox: [136 x 178 from (185, 177)]
I1014 15:07:46.740953  8648 work_detect.cpp:120] Succeeded to add det end for frame 110
I1014 15:07:46.740969  8648 work_thread.hpp:81]  [T-Work-Detect_0] Run work: WrokTrack
I1014 15:07:46.740993  8648 work_track.cpp:82] Frame: 110 build input_characts: [0.2125 x 0.494444 from (0.289062, 0.491667)], 0.999622, 0
I1014 15:07:46.741050  8648 work_track.cpp:102] Succeeded to set track lock for frame 110
I1014 15:07:46.741091  8648 work_track.cpp:116] Succeeded to release track lock for frame 110
I1014 15:07:46.741106  8648 work_track.cpp:120] Track results of frame 110: 1 objects input, 1 objects tracked!
I1014 15:07:46.741123  8648 work_track.cpp:148] Frame: 110, track bbox: [136 x 178 from (183.583, 176.388)], gid: 0, lid: 0
I1014 15:07:46.741160  8648 work_thread.hpp:87]  [T-Work-Detect_0] Frame :110 split
I1014 15:07:46.741178  8648 work_thread.hpp:120]  [T-Work-Detect_0] Valid piece: gid = 0
I1014 15:07:46.741195  8648 work_thread.hpp:91]  [T-Work-Detect_0] Push to split queue:recog
I1014 15:07:46.741238  8650 work_thread.hpp:81]  [T-Work-Recog_1] Run work: WorkCapture
I1014 15:07:46.741247  8651 thread_intergrate.hpp:78] [T-Intergrate-intergrate] queue: frame output frame :110
I1014 15:07:46.741273  8651 thread_intergrate.hpp:85] [T-Intergrate-intergrate] queue: compare output face:0
I1014 15:07:46.741291  8651 thread_intergrate.hpp:144] T-Intergrate-intergrate set matched face: 0
I1014 15:07:46.741797  8650 work_thread.hpp:81]  [T-Work-Recog_1] Run work: WorkRecog
I1014 15:07:46.741822  8650 work_recog.hpp:89] Face id: 0 will run recog: bbox [136 x 178 from (185, 177)] quality: 0.478596
I1014 15:07:46.741850  8650 work_recog.hpp:96] Recog pair: [200 x 224 from (152, 136)], [136 x 178 from (33, 41)]
I1014 15:07:46.742736  8651 thread_intergrate.hpp:168] T-Intergrate-intergrate Show face :0, size :640 * 360
I1014 15:07:46.743377  8647 demo_inner.hpp:435] thread [SORT-0]  frame id 110 sorting queue size 0   FPS: 29.985
I1014 15:07:46.759308  8650 work_thread.hpp:81]  [T-Work-Recog_1] Run work: WorkCompare
I1014 15:07:46.759799  8650 work_compare.cpp:76] Compare face: 0 successed, similarity :0.994266, name : images/ThangLMb.jpg, normal size : 1548 * 1719!
I1014 15:07:46.764379  8645 demo_inner.hpp:177] decode queue size 0
I1014 15:07:46.764462  8648 work_thread.hpp:81]  [T-Work-Detect_0] Run work: WorkDetect
I1014 15:07:46.764499  8648 work_detect.cpp:102] Succeeded to add det start for frame 111
I1014 15:07:46.771082  8648 work_detect.cpp:70] Frame :111 detect result :1 face(s)
I1014 15:07:46.771132  8648 work_detect.cpp:86] Detected bbox: [134 x 180 from (186, 174)]
I1014 15:07:46.771175  8648 work_detect.cpp:120] Succeeded to add det end for frame 111
I1014 15:07:46.771193  8648 work_thread.hpp:81]  [T-Work-Detect_0] Run work: WrokTrack
I1014 15:07:46.771217  8648 work_track.cpp:82] Frame: 111 build input_characts: [0.209375 x 0.5 from (0.290625, 0.483333)], 0.998742, 0
I1014 15:07:46.771272  8648 work_track.cpp:102] Succeeded to set track lock for frame 111
I1014 15:07:46.771311  8648 work_track.cpp:116] Succeeded to release track lock for frame 111
I1014 15:07:46.771327  8648 work_track.cpp:120] Track results of frame 111: 1 objects input, 1 objects tracked!
I1014 15:07:46.771422  8648 work_track.cpp:148] Frame: 111, track bbox: [134 x 180 from (185.758, 174.595)], gid: 0, lid: 0
I1014 15:07:46.771461  8648 work_thread.hpp:87]  [T-Work-Detect_0] Frame :111 split
I1014 15:07:46.771479  8648 work_thread.hpp:120]  [T-Work-Detect_0] Valid piece: gid = 0
I1014 15:07:46.771498  8648 work_thread.hpp:91]  [T-Work-Detect_0] Push to split queue:recog
I1014 15:07:46.771543  8649 work_thread.hpp:81]  [T-Work-Recog_0] Run work: WorkCapture
I1014 15:07:46.771562  8651 thread_intergrate.hpp:78] [T-Intergrate-intergrate] queue: frame output frame :111
I1014 15:07:46.771587  8651 thread_intergrate.hpp:85] [T-Intergrate-intergrate] queue: compare output face:0
I1014 15:07:46.771606  8651 thread_intergrate.hpp:144] T-Intergrate-intergrate set matched face: 0
I1014 15:07:46.772115  8649 work_thread.hpp:81]  [T-Work-Recog_0] Run work: WorkRecog
I1014 15:07:46.772140  8649 work_recog.hpp:89] Face id: 0 will run recog: bbox [134 x 180 from (186, 174)] quality: 0.451972
I1014 15:07:46.772189  8649 work_recog.hpp:96] Recog pair: [192 x 224 from (160, 136)], [134 x 180 from (26, 38)]
I1014 15:07:46.773080  8651 thread_intergrate.hpp:168] T-Intergrate-intergrate Show face :0, size :640 * 360
I1014 15:07:46.773682  8647 demo_inner.hpp:435] thread [SORT-0]  frame id 111 sorting queue size 1   FPS: 29.985
I1014 15:07:46.789563  8649 work_thread.hpp:81]  [T-Work-Recog_0] Run work: WorkCompare
I1014 15:07:46.790024  8649 work_compare.cpp:76] Compare face: 0 successed, similarity :0.994834, name : images/ThangLMb.jpg, normal size : 1548 * 1719!
I1014 15:07:46.792775  8646 demo_inner.hpp:260]  gui queue size 1, state = running
I1014 15:07:46.800597  8645 demo_inner.hpp:177] decode queue size 0
I1014 15:07:46.800710  8648 work_thread.hpp:81]  [T-Work-Detect_0] Run work: WorkDetect
I1014 15:07:46.800745  8648 work_detect.cpp:102] Succeeded to add det start for frame 112
I1014 15:07:46.807350  8648 work_detect.cpp:70] Frame :112 detect result :1 face(s)
I1014 15:07:46.807392  8648 work_detect.cpp:86] Detected bbox: [124 x 169 from (187, 180)]
I1014 15:07:46.807435  8648 work_detect.cpp:120] Succeeded to add det end for frame 112
I1014 15:07:46.807452  8648 work_thread.hpp:81]  [T-Work-Detect_0] Run work: WrokTrack
I1014 15:07:46.807476  8648 work_track.cpp:82] Frame: 112 build input_characts: [0.19375 x 0.469444 from (0.292188, 0.5)], 0.999622, 0
I1014 15:07:46.807531  8648 work_track.cpp:102] Succeeded to set track lock for frame 112
I1014 15:07:46.807572  8648 work_track.cpp:116] Succeeded to release track lock for frame 112
I1014 15:07:46.807587  8648 work_track.cpp:120] Track results of frame 112: 1 objects input, 1 objects tracked!
I1014 15:07:46.807605  8648 work_track.cpp:148] Frame: 112, track bbox: [124 x 169 from (188.144, 180.07)], gid: 0, lid: 0
I1014 15:07:46.807641  8648 work_thread.hpp:87]  [T-Work-Detect_0] Frame :112 split
I1014 15:07:46.807658  8648 work_thread.hpp:120]  [T-Work-Detect_0] Valid piece: gid = 0
I1014 15:07:46.807677  8648 work_thread.hpp:91]  [T-Work-Detect_0] Push to split queue:recog
I1014 15:07:46.807719  8650 work_thread.hpp:81]  [T-Work-Recog_1] Run work: WorkCapture
I1014 15:07:46.807729  8651 thread_intergrate.hpp:78] [T-Intergrate-intergrate] queue: frame output frame :112
I1014 15:07:46.807754  8651 thread_intergrate.hpp:85] [T-Intergrate-intergrate] queue: compare output face:0
I1014 15:07:46.807772  8651 thread_intergrate.hpp:144] T-Intergrate-intergrate set matched face: 0
I1014 15:07:46.808284  8650 work_thread.hpp:81]  [T-Work-Recog_1] Run work: WorkRecog
I1014 15:07:46.808308  8650 work_recog.hpp:89] Face id: 0 will run recog: bbox [124 x 169 from (187, 180)] quality: 0.463942
I1014 15:07:46.808337  8650 work_recog.hpp:96] Recog pair: [176 x 216 from (160, 144)], [124 x 169 from (27, 36)]
I1014 15:07:46.809235  8651 thread_intergrate.hpp:168] T-Intergrate-intergrate Show face :0, size :640 * 360
I1014 15:07:46.809857  8647 demo_inner.hpp:435] thread [SORT-0]  frame id 112 sorting queue size 0   FPS: 29.985
I1014 15:07:46.825682  8650 work_thread.hpp:81]  [T-Work-Recog_1] Run work: WorkCompare
I1014 15:07:46.826149  8650 work_compare.cpp:76] Compare face: 0 successed, similarity :0.99181, name : images/ThangLMb.jpg, normal size : 1548 * 1719!
I1014 15:07:46.830533  8645 demo_inner.hpp:177] decode queue size 0
I1014 15:07:46.830626  8648 work_thread.hpp:81]  [T-Work-Detect_0] Run work: WorkDetect
I1014 15:07:46.830658  8648 work_detect.cpp:102] Succeeded to add det start for frame 113
I1014 15:07:46.837371  8648 work_detect.cpp:70] Frame :113 detect result :1 face(s)
I1014 15:07:46.837420  8648 work_detect.cpp:86] Detected bbox: [132 x 178 from (187, 176)]
I1014 15:07:46.837466  8648 work_detect.cpp:120] Succeeded to add det end for frame 113
I1014 15:07:46.837481  8648 work_thread.hpp:81]  [T-Work-Detect_0] Run work: WrokTrack
I1014 15:07:46.837507  8648 work_track.cpp:82] Frame: 113 build input_characts: [0.20625 x 0.494444 from (0.292188, 0.488889)], 0.999597, 0
I1014 15:07:46.837561  8648 work_track.cpp:102] Succeeded to set track lock for frame 113
I1014 15:07:46.837601  8648 work_track.cpp:116] Succeeded to release track lock for frame 113
I1014 15:07:46.837616  8648 work_track.cpp:120] Track results of frame 113: 1 objects input, 1 objects tracked!
I1014 15:07:46.837635  8648 work_track.cpp:148] Frame: 113, track bbox: [132 x 178 from (185.269, 175.78)], gid: 0, lid: 0
I1014 15:07:46.837671  8648 work_thread.hpp:87]  [T-Work-Detect_0] Frame :113 split
I1014 15:07:46.837689  8648 work_thread.hpp:120]  [T-Work-Detect_0] Valid piece: gid = 0
I1014 15:07:46.837707  8648 work_thread.hpp:91]  [T-Work-Detect_0] Push to split queue:recog
I1014 15:07:46.837759  8649 work_thread.hpp:81]  [T-Work-Recog_0] Run work: WorkCapture
I1014 15:07:46.838052  8651 thread_intergrate.hpp:78] [T-Intergrate-intergrate] queue: frame output frame :113
I1014 15:07:46.838078  8651 thread_intergrate.hpp:85] [T-Intergrate-intergrate] queue: compare output face:0
I1014 15:07:46.838096  8651 thread_intergrate.hpp:144] T-Intergrate-intergrate set matched face: 0
I1014 15:07:46.838307  8649 work_thread.hpp:81]  [T-Work-Recog_0] Run work: WorkRecog
I1014 15:07:46.838330  8649 work_recog.hpp:89] Face id: 0 will run recog: bbox [132 x 178 from (187, 176)] quality: 0.462188
I1014 15:07:46.838357  8649 work_recog.hpp:96] Recog pair: [192 x 224 from (160, 136)], [132 x 178 from (27, 40)]
I1014 15:07:46.839555  8651 thread_intergrate.hpp:168] T-Intergrate-intergrate Show face :0, size :640 * 360
I1014 15:07:46.840133  8647 demo_inner.hpp:435] thread [SORT-0]  frame id 113 sorting queue size 1   FPS: 29.97
I1014 15:07:46.856194  8649 work_thread.hpp:81]  [T-Work-Recog_0] Run work: WorkCompare
I1014 15:07:46.856767  8649 work_compare.cpp:76] Compare face: 0 successed, similarity :0.993268, name : images/ThangLMb.jpg, normal size : 1548 * 1719!
I1014 15:07:46.860107  8646 demo_inner.hpp:260]  gui queue size 1, state = running
I1014 15:07:46.867907  8645 demo_inner.hpp:177] decode queue size 0
I1014 15:07:46.868065  8648 work_thread.hpp:81]  [T-Work-Detect_0] Run work: WorkDetect
I1014 15:07:46.868103  8648 work_detect.cpp:102] Succeeded to add det start for frame 114
I1014 15:07:46.874928  8648 work_detect.cpp:70] Frame :114 detect result :1 face(s)
I1014 15:07:46.874974  8648 work_detect.cpp:86] Detected bbox: [133 x 177 from (187, 177)]
I1014 15:07:46.875017  8648 work_detect.cpp:120] Succeeded to add det end for frame 114
I1014 15:07:46.875033  8648 work_thread.hpp:81]  [T-Work-Detect_0] Run work: WrokTrack
I1014 15:07:46.875057  8648 work_track.cpp:82] Frame: 114 build input_characts: [0.207813 x 0.491667 from (0.292188, 0.491667)], 1.00008, 0
I1014 15:07:46.875113  8648 work_track.cpp:102] Succeeded to set track lock for frame 114
I1014 15:07:46.875155  8648 work_track.cpp:116] Succeeded to release track lock for frame 114
I1014 15:07:46.875170  8648 work_track.cpp:120] Track results of frame 114: 1 objects input, 1 objects tracked!
I1014 15:07:46.875188  8648 work_track.cpp:148] Frame: 114, track bbox: [133 x 177 from (186.551, 176.585)], gid: 0, lid: 0
I1014 15:07:46.875298  8648 work_thread.hpp:87]  [T-Work-Detect_0] Frame :114 split
I1014 15:07:46.875317  8648 work_thread.hpp:120]  [T-Work-Detect_0] Valid piece: gid = 0
I1014 15:07:46.875335  8648 work_thread.hpp:91]  [T-Work-Detect_0] Push to split queue:recog
I1014 15:07:46.875376  8650 work_thread.hpp:81]  [T-Work-Recog_1] Run work: WorkCapture
I1014 15:07:46.875386  8651 thread_intergrate.hpp:78] [T-Intergrate-intergrate] queue: frame output frame :114
I1014 15:07:46.875413  8651 thread_intergrate.hpp:85] [T-Intergrate-intergrate] queue: compare output face:0
I1014 15:07:46.875432  8651 thread_intergrate.hpp:144] T-Intergrate-intergrate set matched face: 0
I1014 15:07:46.875937  8650 work_thread.hpp:81]  [T-Work-Recog_1] Run work: WorkRecog
I1014 15:07:46.875962  8650 work_recog.hpp:89] Face id: 0 will run recog: bbox [133 x 177 from (187, 177)] quality: 0.470207
I1014 15:07:46.875991  8650 work_recog.hpp:96] Recog pair: [192 x 224 from (160, 136)], [133 x 177 from (27, 41)]
I1014 15:07:46.876909  8651 thread_intergrate.hpp:168] T-Intergrate-intergrate Show face :0, size :640 * 360
I1014 15:07:46.877460  8647 demo_inner.hpp:435] thread [SORT-0]  frame id 114 sorting queue size 0   FPS: 29.9551
I1014 15:07:46.893615  8650 work_thread.hpp:81]  [T-Work-Recog_1] Run work: WorkCompare
I1014 15:07:46.894090  8650 work_compare.cpp:76] Compare face: 0 successed, similarity :0.993248, name : images/ThangLMb.jpg, normal size : 1548 * 1719!
I1014 15:07:46.903942  8645 demo_inner.hpp:177] decode queue size 0
I1014 15:07:46.904143  8648 work_thread.hpp:81]  [T-Work-Detect_0] Run work: WorkDetect
I1014 15:07:46.904201  8648 work_detect.cpp:102] Succeeded to add det start for frame 115
I1014 15:07:46.911034  8648 work_detect.cpp:70] Frame :115 detect result :1 face(s)
I1014 15:07:46.911084  8648 work_detect.cpp:86] Detected bbox: [136 x 180 from (185, 174)]
I1014 15:07:46.911128  8648 work_detect.cpp:120] Succeeded to add det end for frame 115
I1014 15:07:46.911144  8648 work_thread.hpp:81]  [T-Work-Detect_0] Run work: WrokTrack
I1014 15:07:46.911170  8648 work_track.cpp:82] Frame: 115 build input_characts: [0.2125 x 0.5 from (0.289062, 0.483333)], 1.00019, 0
I1014 15:07:46.911224  8648 work_track.cpp:102] Succeeded to set track lock for frame 115
I1014 15:07:46.911265  8648 work_track.cpp:116] Succeeded to release track lock for frame 115
I1014 15:07:46.911279  8648 work_track.cpp:120] Track results of frame 115: 1 objects input, 1 objects tracked!
I1014 15:07:46.911298  8648 work_track.cpp:148] Frame: 115, track bbox: [136 x 180 from (184.834, 174.492)], gid: 0, lid: 0
I1014 15:07:46.911335  8648 work_thread.hpp:87]  [T-Work-Detect_0] Frame :115 split
I1014 15:07:46.911353  8648 work_thread.hpp:120]  [T-Work-Detect_0] Valid piece: gid = 0
I1014 15:07:46.911371  8648 work_thread.hpp:91]  [T-Work-Detect_0] Push to split queue:recog
I1014 15:07:46.911414  8651 thread_intergrate.hpp:78] [T-Intergrate-intergrate] queue: frame output frame :115
I1014 15:07:46.911414  8650 work_thread.hpp:81]  [T-Work-Recog_1] Run work: WorkCapture
I1014 15:07:46.911443  8651 thread_intergrate.hpp:85] [T-Intergrate-intergrate] queue: compare output face:0
I1014 15:07:46.911463  8651 thread_intergrate.hpp:144] T-Intergrate-intergrate set matched face: 0
I1014 15:07:46.911995  8650 work_thread.hpp:81]  [T-Work-Recog_1] Run work: WorkRecog
I1014 15:07:46.912021  8650 work_recog.hpp:89] Face id: 0 will run recog: bbox [136 x 180 from (185, 174)] quality: 0.455551
I1014 15:07:46.912051  8650 work_recog.hpp:96] Recog pair: [200 x 224 from (152, 136)], [136 x 180 from (33, 38)]
I1014 15:07:46.912928  8651 thread_intergrate.hpp:168] T-Intergrate-intergrate Show face :0, size :640 * 360
I1014 15:07:46.913473  8647 demo_inner.hpp:435] thread [SORT-0]  frame id 115 sorting queue size 1   FPS: 29.9551
I1014 15:07:46.929416  8650 work_thread.hpp:81]  [T-Work-Recog_1] Run work: WorkCompare
I1014 15:07:46.929886  8650 work_compare.cpp:76] Compare face: 0 successed, similarity :0.99403, name : images/ThangLMb.jpg, normal size : 1548 * 1719!
I1014 15:07:46.933892  8645 demo_inner.hpp:177] decode queue size 0
I1014 15:07:46.934157  8648 work_thread.hpp:81]  [T-Work-Detect_0] Run work: WorkDetect
I1014 15:07:46.934193  8648 work_detect.cpp:102] Succeeded to add det start for frame 116
I1014 15:07:46.938923  8646 demo_inner.hpp:260]  gui queue size 1, state = running
I1014 15:07:46.941318  8648 work_detect.cpp:70] Frame :116 detect result :1 face(s)
I1014 15:07:46.941385  8648 work_detect.cpp:86] Detected bbox: [139 x 183 from (183, 173)]
I1014 15:07:46.941434  8648 work_detect.cpp:120] Succeeded to add det end for frame 116
I1014 15:07:46.941452  8648 work_thread.hpp:81]  [T-Work-Detect_0] Run work: WrokTrack
I1014 15:07:46.941478  8648 work_track.cpp:82] Frame: 116 build input_characts: [0.217187 x 0.508333 from (0.285937, 0.480556)], 1.00008, 0
I1014 15:07:46.941538  8648 work_track.cpp:102] Succeeded to set track lock for frame 116
I1014 15:07:46.941584  8648 work_track.cpp:116] Succeeded to release track lock for frame 116
I1014 15:07:46.941599  8648 work_track.cpp:120] Track results of frame 116: 1 objects input, 1 objects tracked!
I1014 15:07:46.941618  8648 work_track.cpp:148] Frame: 116, track bbox: [139 x 183 from (183.57, 173.198)], gid: 0, lid: 0
I1014 15:07:46.941655  8648 work_thread.hpp:87]  [T-Work-Detect_0] Frame :116 split
I1014 15:07:46.941674  8648 work_thread.hpp:120]  [T-Work-Detect_0] Valid piece: gid = 0
I1014 15:07:46.941694  8648 work_thread.hpp:91]  [T-Work-Detect_0] Push to split queue:recog
I1014 15:07:46.941749  8651 thread_intergrate.hpp:78] [T-Intergrate-intergrate] queue: frame output frame :116
I1014 15:07:46.941753  8649 work_thread.hpp:81]  [T-Work-Recog_0] Run work: WorkCapture
I1014 15:07:46.941777  8651 thread_intergrate.hpp:85] [T-Intergrate-intergrate] queue: compare output face:0
I1014 15:07:46.941797  8651 thread_intergrate.hpp:144] T-Intergrate-intergrate set matched face: 0
I1014 15:07:46.942461  8649 work_thread.hpp:81]  [T-Work-Recog_0] Run work: WorkRecog
I1014 15:07:46.942492  8649 work_recog.hpp:89] Face id: 0 will run recog: bbox [139 x 183 from (183, 173)] quality: 0.455551
I1014 15:07:46.942528  8649 work_recog.hpp:96] Recog pair: [200 x 224 from (152, 136)], [139 x 183 from (31, 37)]
I1014 15:07:46.943310  8651 thread_intergrate.hpp:168] T-Intergrate-intergrate Show face :0, size :640 * 360
I1014 15:07:46.943872  8647 demo_inner.hpp:435] thread [SORT-0]  frame id 116 sorting queue size 0   FPS: 29.9551
I1014 15:07:46.960120  8649 work_thread.hpp:81]  [T-Work-Recog_0] Run work: WorkCompare
I1014 15:07:46.960606  8649 work_compare.cpp:76] Compare face: 0 successed, similarity :0.986036, name : images/ThangLMb.jpg, normal size : 1548 * 1719!
I1014 15:07:46.969826  8645 demo_inner.hpp:177] decode queue size 0
I1014 15:07:46.969952  8648 work_thread.hpp:81]  [T-Work-Detect_0] Run work: WorkDetect
I1014 15:07:46.969990  8648 work_detect.cpp:102] Succeeded to add det start for frame 117
I1014 15:07:46.976635  8648 work_detect.cpp:70] Frame :117 detect result :1 face(s)
I1014 15:07:46.976687  8648 work_detect.cpp:86] Detected bbox: [137 x 182 from (184, 174)]
I1014 15:07:46.976730  8648 work_detect.cpp:120] Succeeded to add det end for frame 117
I1014 15:07:46.976747  8648 work_thread.hpp:81]  [T-Work-Detect_0] Run work: WrokTrack
I1014 15:07:46.976773  8648 work_track.cpp:82] Frame: 117 build input_characts: [0.214062 x 0.505556 from (0.2875, 0.483333)], 0.999885, 0
I1014 15:07:46.976827  8648 work_track.cpp:102] Succeeded to set track lock for frame 117
I1014 15:07:46.976869  8648 work_track.cpp:116] Succeeded to release track lock for frame 117
I1014 15:07:46.976884  8648 work_track.cpp:120] Track results of frame 117: 1 objects input, 1 objects tracked!
I1014 15:07:46.976903  8648 work_track.cpp:148] Frame: 117, track bbox: [137 x 182 from (184.845, 173.699)], gid: 0, lid: 0
I1014 15:07:46.977145  8648 work_thread.hpp:87]  [T-Work-Detect_0] Frame :117 split
I1014 15:07:46.977170  8648 work_thread.hpp:120]  [T-Work-Detect_0] Valid piece: gid = 0
I1014 15:07:46.977190  8648 work_thread.hpp:91]  [T-Work-Detect_0] Push to split queue:recog
I1014 15:07:46.977319  8650 work_thread.hpp:81]  [T-Work-Recog_1] Run work: WorkCapture
I1014 15:07:46.977622  8651 thread_intergrate.hpp:78] [T-Intergrate-intergrate] queue: frame output frame :117
I1014 15:07:46.977648  8651 thread_intergrate.hpp:85] [T-Intergrate-intergrate] queue: compare output face:0
I1014 15:07:46.977666  8651 thread_intergrate.hpp:144] T-Intergrate-intergrate set matched face: 0
I1014 15:07:46.977888  8650 work_thread.hpp:81]  [T-Work-Recog_1] Run work: WorkRecog
I1014 15:07:46.977911  8650 work_recog.hpp:89] Face id: 0 will run recog: bbox [137 x 182 from (184, 174)] quality: 0.461541
I1014 15:07:46.977946  8650 work_recog.hpp:96] Recog pair: [200 x 224 from (152, 136)], [137 x 182 from (32, 38)]
I1014 15:07:46.979168  8651 thread_intergrate.hpp:168] T-Intergrate-intergrate Show face :0, size :640 * 360
I1014 15:07:46.979751  8647 demo_inner.hpp:435] thread [SORT-0]  frame id 117 sorting queue size 1   FPS: 29.9551
I1014 15:07:46.995326  8650 work_thread.hpp:81]  [T-Work-Recog_1] Run work: WorkCompare
I1014 15:07:46.995790  8650 work_compare.cpp:76] Compare face: 0 successed, similarity :0.98907, name : images/ThangLMb.jpg, normal size : 1548 * 1719!
I1014 15:07:46.998446  8645 demo_inner.hpp:177] decode queue size 0
I1014 15:07:46.998530  8648 work_thread.hpp:81]  [T-Work-Detect_0] Run work: WorkDetect
I1014 15:07:46.998564  8648 work_detect.cpp:102] Succeeded to add det start for frame 118
I1014 15:07:47.005144  8648 work_detect.cpp:70] Frame :118 detect result :1 face(s)
I1014 15:07:47.005188  8648 work_detect.cpp:86] Detected bbox: [136 x 183 from (186, 173)]
I1014 15:07:47.005231  8648 work_detect.cpp:120] Succeeded to add det end for frame 118
I1014 15:07:47.005247  8648 work_thread.hpp:81]  [T-Work-Detect_0] Run work: WrokTrack
I1014 15:07:47.005272  8648 work_track.cpp:82] Frame: 118 build input_characts: [0.2125 x 0.508333 from (0.290625, 0.480556)], 0.999183, 0
I1014 15:07:47.005328  8648 work_track.cpp:102] Succeeded to set track lock for frame 118
I1014 15:07:47.005368  8648 work_track.cpp:116] Succeeded to release track lock for frame 118
I1014 15:07:47.005383  8648 work_track.cpp:120] Track results of frame 118: 1 objects input, 1 objects tracked!
I1014 15:07:47.005403  8648 work_track.cpp:148] Frame: 118, track bbox: [136 x 183 from (185.201, 173.003)], gid: 0, lid: 0
I1014 15:07:47.005439  8648 work_thread.hpp:87]  [T-Work-Detect_0] Frame :118 split
I1014 15:07:47.005456  8648 work_thread.hpp:120]  [T-Work-Detect_0] Valid piece: gid = 0
I1014 15:07:47.005475  8648 work_thread.hpp:91]  [T-Work-Detect_0] Push to split queue:recog
I1014 15:07:47.005527  8650 work_thread.hpp:81]  [T-Work-Recog_1] Run work: WorkCapture
I1014 15:07:47.005825  8651 thread_intergrate.hpp:78] [T-Intergrate-intergrate] queue: frame output frame :118
I1014 15:07:47.005853  8651 thread_intergrate.hpp:85] [T-Intergrate-intergrate] queue: compare output face:0
I1014 15:07:47.005872  8651 thread_intergrate.hpp:144] T-Intergrate-intergrate set matched face: 0
I1014 15:07:47.006081  8650 work_thread.hpp:81]  [T-Work-Recog_1] Run work: WorkRecog
I1014 15:07:47.006105  8650 work_recog.hpp:89] Face id: 0 will run recog: bbox [136 x 183 from (186, 173)] quality: 0.459052
I1014 15:07:47.006134  8650 work_recog.hpp:96] Recog pair: [200 x 224 from (152, 136)], [136 x 183 from (34, 37)]
I1014 15:07:47.007385  8651 thread_intergrate.hpp:168] T-Intergrate-intergrate Show face :0, size :640 * 360
I1014 15:07:47.008018  8647 demo_inner.hpp:435] thread [SORT-0]  frame id 118 sorting queue size 2   FPS: 29.985
I1014 15:07:47.023777  8650 work_thread.hpp:81]  [T-Work-Recog_1] Run work: WorkCompare
I1014 15:07:47.024266  8650 work_compare.cpp:76] Compare face: 0 successed, similarity :0.993985, name : images/ThangLMb.jpg, normal size : 1548 * 1719!
I1014 15:07:47.033880  8645 demo_inner.hpp:177] decode queue size 0
I1014 15:07:47.033979  8648 work_thread.hpp:81]  [T-Work-Detect_0] Run work: WorkDetect
I1014 15:07:47.034013  8648 work_detect.cpp:102] Succeeded to add det start for frame 119
I1014 15:07:47.040612  8648 work_detect.cpp:70] Frame :119 detect result :1 face(s)
I1014 15:07:47.040724  8648 work_detect.cpp:86] Detected bbox: [129 x 176 from (182, 175)]
I1014 15:07:47.040769  8648 work_detect.cpp:120] Succeeded to add det end for frame 119
I1014 15:07:47.040786  8648 work_thread.hpp:81]  [T-Work-Detect_0] Run work: WrokTrack
I1014 15:07:47.040809  8648 work_track.cpp:82] Frame: 119 build input_characts: [0.201562 x 0.488889 from (0.284375, 0.486111)], 0.999622, 0
I1014 15:07:47.040864  8648 work_track.cpp:102] Succeeded to set track lock for frame 119
I1014 15:07:47.040905  8648 work_track.cpp:116] Succeeded to release track lock for frame 119
I1014 15:07:47.040920  8648 work_track.cpp:120] Track results of frame 119: 1 objects input, 1 objects tracked!
I1014 15:07:47.040937  8648 work_track.cpp:148] Frame: 119, track bbox: [129 x 176 from (185.233, 175.681)], gid: 0, lid: 0
I1014 15:07:47.040974  8648 work_thread.hpp:87]  [T-Work-Detect_0] Frame :119 split
I1014 15:07:47.040992  8648 work_thread.hpp:120]  [T-Work-Detect_0] Valid piece: gid = 0
I1014 15:07:47.041010  8648 work_thread.hpp:91]  [T-Work-Detect_0] Push to split queue:recog
I1014 15:07:47.041054  8651 thread_intergrate.hpp:78] [T-Intergrate-intergrate] queue: frame output frame :119
I1014 15:07:47.041056  8649 work_thread.hpp:81]  [T-Work-Recog_0] Run work: WorkCapture
I1014 15:07:47.041085  8651 thread_intergrate.hpp:85] [T-Intergrate-intergrate] queue: compare output face:0
I1014 15:07:47.041103  8651 thread_intergrate.hpp:144] T-Intergrate-intergrate set matched face: 0
I1014 15:07:47.041637  8649 work_thread.hpp:81]  [T-Work-Recog_0] Run work: WorkRecog
I1014 15:07:47.041663  8649 work_recog.hpp:89] Face id: 0 will run recog: bbox [129 x 176 from (182, 175)] quality: 0.464692
I1014 15:07:47.041693  8649 work_recog.hpp:96] Recog pair: [184 x 224 from (152, 136)], [129 x 176 from (30, 39)]
I1014 15:07:47.042544  8651 thread_intergrate.hpp:168] T-Intergrate-intergrate Show face :0, size :640 * 360
I1014 15:07:47.043159  8647 demo_inner.hpp:435] thread [SORT-0]  frame id 119 sorting queue size 3   FPS: 29.985
I1014 15:07:47.044013  8646 demo_inner.hpp:260]  gui queue size 3, state = running
I1014 15:07:47.059170  8649 work_thread.hpp:81]  [T-Work-Recog_0] Run work: WorkCompare
I1014 15:07:47.059634  8649 work_compare.cpp:76] Compare face: 0 successed, similarity :0.991898, name : images/ThangLMb.jpg, normal size : 1548 * 1719!
I1014 15:07:47.064760  8645 demo_inner.hpp:177] decode queue size 0
I1014 15:07:47.064854  8648 work_thread.hpp:81]  [T-Work-Detect_0] Run work: WorkDetect
I1014 15:07:47.064893  8648 work_detect.cpp:102] Succeeded to add det start for frame 120
I1014 15:07:47.071400  8648 work_detect.cpp:70] Frame :120 detect result :1 face(s)
I1014 15:07:47.071440  8648 work_detect.cpp:86] Detected bbox: [136 x 180 from (185, 174)]
I1014 15:07:47.071483  8648 work_detect.cpp:120] Succeeded to add det end for frame 120
I1014 15:07:47.071501  8648 work_thread.hpp:81]  [T-Work-Detect_0] Run work: WrokTrack
I1014 15:07:47.071524  8648 work_track.cpp:82] Frame: 120 build input_characts: [0.2125 x 0.5 from (0.289062, 0.483333)], 0.999885, 0
I1014 15:07:47.071580  8648 work_track.cpp:102] Succeeded to set track lock for frame 120
I1014 15:07:47.071622  8648 work_track.cpp:116] Succeeded to release track lock for frame 120
I1014 15:07:47.071637  8648 work_track.cpp:120] Track results of frame 120: 1 objects input, 1 objects tracked!
I1014 15:07:47.071655  8648 work_track.cpp:148] Frame: 120, track bbox: [136 x 180 from (182.766, 173.81)], gid: 0, lid: 0
I1014 15:07:47.071694  8648 work_thread.hpp:87]  [T-Work-Detect_0] Frame :120 split
I1014 15:07:47.071712  8648 work_thread.hpp:120]  [T-Work-Detect_0] Valid piece: gid = 0
I1014 15:07:47.071732  8648 work_thread.hpp:91]  [T-Work-Detect_0] Push to split queue:recog
I1014 15:07:47.071777  8651 thread_intergrate.hpp:78] [T-Intergrate-intergrate] queue: frame output frame :120
I1014 15:07:47.071779  8650 work_thread.hpp:81]  [T-Work-Recog_1] Run work: WorkCapture
I1014 15:07:47.071807  8651 thread_intergrate.hpp:85] [T-Intergrate-intergrate] queue: compare output face:0
I1014 15:07:47.071899  8651 thread_intergrate.hpp:144] T-Intergrate-intergrate set matched face: 0
I1014 15:07:47.072567  8650 work_thread.hpp:81]  [T-Work-Recog_1] Run work: WorkRecog
I1014 15:07:47.072893  8650 work_recog.hpp:89] Face id: 0 will run recog: bbox [136 x 180 from (185, 174)] quality: 0.455551
I1014 15:07:47.072932  8650 work_recog.hpp:96] Recog pair: [200 x 224 from (152, 136)], [136 x 180 from (33, 38)]
I1014 15:07:47.073359  8651 thread_intergrate.hpp:168] T-Intergrate-intergrate Show face :0, size :640 * 360
I1014 15:07:47.073938  8647 demo_inner.hpp:435] thread [SORT-0]  frame id 120 sorting queue size 0   FPS: 29.985
I1014 15:07:47.090571  8650 work_thread.hpp:81]  [T-Work-Recog_1] Run work: WorkCompare
I1014 15:07:47.091270  8650 work_compare.cpp:76] Compare face: 0 successed, similarity :0.991518, name : images/ThangLMb.jpg, normal size : 1548 * 1719!
I1014 15:07:47.099802  8645 demo_inner.hpp:177] decode queue size 0
I1014 15:07:47.099900  8648 work_thread.hpp:81]  [T-Work-Detect_0] Run work: WorkDetect
I1014 15:07:47.099936  8648 work_detect.cpp:102] Succeeded to add det start for frame 121
I1014 15:07:47.106640  8648 work_detect.cpp:70] Frame :121 detect result :1 face(s)
I1014 15:07:47.106691  8648 work_detect.cpp:86] Detected bbox: [140 x 185 from (182, 171)]
I1014 15:07:47.106734  8648 work_detect.cpp:120] Succeeded to add det end for frame 121
I1014 15:07:47.106751  8648 work_thread.hpp:81]  [T-Work-Detect_0] Run work: WrokTrack
I1014 15:07:47.106775  8648 work_track.cpp:82] Frame: 121 build input_characts: [0.21875 x 0.513889 from (0.284375, 0.475)], 1.00019, 0
I1014 15:07:47.106830  8648 work_track.cpp:102] Succeeded to set track lock for frame 121
I1014 15:07:47.106869  8648 work_track.cpp:116] Succeeded to release track lock for frame 121
I1014 15:07:47.106884  8648 work_track.cpp:120] Track results of frame 121: 1 objects input, 1 objects tracked!
I1014 15:07:47.106902  8648 work_track.cpp:148] Frame: 121, track bbox: [140 x 185 from (181.175, 170.93)], gid: 0, lid: 0
I1014 15:07:47.106940  8648 work_thread.hpp:87]  [T-Work-Detect_0] Frame :121 split
I1014 15:07:47.106957  8648 work_thread.hpp:120]  [T-Work-Detect_0] Valid piece: gid = 0
I1014 15:07:47.106976  8648 work_thread.hpp:91]  [T-Work-Detect_0] Push to split queue:recog
I1014 15:07:47.107019  8649 work_thread.hpp:81]  [T-Work-Recog_0] Run work: WorkCapture
I1014 15:07:47.107030  8651 thread_intergrate.hpp:78] [T-Intergrate-intergrate] queue: frame output frame :121
I1014 15:07:47.107060  8651 thread_intergrate.hpp:85] [T-Intergrate-intergrate] queue: compare output face:0
I1014 15:07:47.107079  8651 thread_intergrate.hpp:144] T-Intergrate-intergrate set matched face: 0
I1014 15:07:47.107581  8649 work_thread.hpp:81]  [T-Work-Recog_0] Run work: WorkRecog
I1014 15:07:47.107605  8649 work_recog.hpp:89] Face id: 0 will run recog: bbox [140 x 185 from (182, 171)] quality: 0.456822
I1014 15:07:47.107633  8649 work_recog.hpp:96] Recog pair: [200 x 232 from (152, 128)], [140 x 185 from (30, 43)]
I1014 15:07:47.108536  8651 thread_intergrate.hpp:168] T-Intergrate-intergrate Show face :0, size :640 * 360
I1014 15:07:47.109061  8647 demo_inner.hpp:435] thread [SORT-0]  frame id 121 sorting queue size 1   FPS: 30.015
I1014 15:07:47.111531  8646 demo_inner.hpp:260]  gui queue size 1, state = running
I1014 15:07:47.125082  8649 work_thread.hpp:81]  [T-Work-Recog_0] Run work: WorkCompare
I1014 15:07:47.125551  8649 work_compare.cpp:76] Compare face: 0 successed, similarity :0.984179, name : images/ThangLMb.jpg, normal size : 1548 * 1719!
I1014 15:07:47.135725  8645 demo_inner.hpp:177] decode queue size 0
I1014 15:07:47.135820  8648 work_thread.hpp:81]  [T-Work-Detect_0] Run work: WorkDetect
I1014 15:07:47.135859  8648 work_detect.cpp:102] Succeeded to add det start for frame 122
I1014 15:07:47.142382  8648 work_detect.cpp:70] Frame :122 detect result :1 face(s)
I1014 15:07:47.142422  8648 work_detect.cpp:86] Detected bbox: [136 x 176 from (185, 175)]
I1014 15:07:47.142464  8648 work_detect.cpp:120] Succeeded to add det end for frame 122
I1014 15:07:47.142554  8648 work_thread.hpp:81]  [T-Work-Detect_0] Run work: WrokTrack
I1014 15:07:47.142580  8648 work_track.cpp:82] Frame: 122 build input_characts: [0.2125 x 0.488889 from (0.289062, 0.486111)], 1.00019, 0
I1014 15:07:47.142635  8648 work_track.cpp:102] Succeeded to set track lock for frame 122
I1014 15:07:47.142675  8648 work_track.cpp:116] Succeeded to release track lock for frame 122
I1014 15:07:47.142690  8648 work_track.cpp:120] Track results of frame 122: 1 objects input, 1 objects tracked!
I1014 15:07:47.142709  8648 work_track.cpp:148] Frame: 122, track bbox: [136 x 176 from (184.065, 174.976)], gid: 0, lid: 0
I1014 15:07:47.142745  8648 work_thread.hpp:87]  [T-Work-Detect_0] Frame :122 split
I1014 15:07:47.142763  8648 work_thread.hpp:120]  [T-Work-Detect_0] Valid piece: gid = 0
I1014 15:07:47.142781  8648 work_thread.hpp:91]  [T-Work-Detect_0] Push to split queue:recog
I1014 15:07:47.142827  8649 work_thread.hpp:81]  [T-Work-Recog_0] Run work: WorkCapture
I1014 15:07:47.142829  8651 thread_intergrate.hpp:78] [T-Intergrate-intergrate] queue: frame output frame :122
I1014 15:07:47.142869  8651 thread_intergrate.hpp:85] [T-Intergrate-intergrate] queue: compare output face:0
I1014 15:07:47.142889  8651 thread_intergrate.hpp:144] T-Intergrate-intergrate set matched face: 0
I1014 15:07:47.143393  8649 work_thread.hpp:81]  [T-Work-Recog_0] Run work: WorkRecog
I1014 15:07:47.143419  8649 work_recog.hpp:89] Face id: 0 will run recog: bbox [136 x 176 from (185, 175)] quality: 0.474429
I1014 15:07:47.143447  8649 work_recog.hpp:96] Recog pair: [200 x 224 from (152, 136)], [136 x 176 from (33, 39)]
I1014 15:07:47.144364  8651 thread_intergrate.hpp:168] T-Intergrate-intergrate Show face :0, size :640 * 360
I1014 15:07:47.144902  8647 demo_inner.hpp:435] thread [SORT-0]  frame id 122 sorting queue size 0   FPS: 29.9754
I1014 15:07:47.160902  8649 work_thread.hpp:81]  [T-Work-Recog_0] Run work: WorkCompare
I1014 15:07:47.161365  8649 work_compare.cpp:76] Compare face: 0 successed, similarity :0.988118, name : images/ThangLMb.jpg, normal size : 1548 * 1719!
I1014 15:07:47.168437  8645 demo_inner.hpp:177] decode queue size 0
I1014 15:07:47.168532  8648 work_thread.hpp:81]  [T-Work-Detect_0] Run work: WorkDetect
I1014 15:07:47.168566  8648 work_detect.cpp:102] Succeeded to add det start for frame 123
I1014 15:07:47.175093  8648 work_detect.cpp:70] Frame :123 detect result :1 face(s)
I1014 15:07:47.175139  8648 work_detect.cpp:86] Detected bbox: [142 x 190 from (183, 167)]
I1014 15:07:47.175182  8648 work_detect.cpp:120] Succeeded to add det end for frame 123
I1014 15:07:47.175199  8648 work_thread.hpp:81]  [T-Work-Detect_0] Run work: WrokTrack
I1014 15:07:47.175223  8648 work_track.cpp:82] Frame: 123 build input_characts: [0.221875 x 0.527778 from (0.285937, 0.463889)], 1.00035, 0
I1014 15:07:47.175281  8648 work_track.cpp:102] Succeeded to set track lock for frame 123
I1014 15:07:47.175320  8648 work_track.cpp:116] Succeeded to release track lock for frame 123
I1014 15:07:47.175335  8648 work_track.cpp:120] Track results of frame 123: 1 objects input, 1 objects tracked!
I1014 15:07:47.175354  8648 work_track.cpp:148] Frame: 123, track bbox: [142 x 190 from (182.414, 167.392)], gid: 0, lid: 0
I1014 15:07:47.175390  8648 work_thread.hpp:87]  [T-Work-Detect_0] Frame :123 split
I1014 15:07:47.175407  8648 work_thread.hpp:120]  [T-Work-Detect_0] Valid piece: gid = 0
I1014 15:07:47.175426  8648 work_thread.hpp:91]  [T-Work-Detect_0] Push to split queue:recog
I1014 15:07:47.175467  8649 work_thread.hpp:81]  [T-Work-Recog_0] Run work: WorkCapture
I1014 15:07:47.175468  8651 thread_intergrate.hpp:78] [T-Intergrate-intergrate] queue: frame output frame :123
I1014 15:07:47.175509  8651 thread_intergrate.hpp:85] [T-Intergrate-intergrate] queue: compare output face:0
I1014 15:07:47.175529  8651 thread_intergrate.hpp:144] T-Intergrate-intergrate set matched face: 0
I1014 15:07:47.176038  8649 work_thread.hpp:81]  [T-Work-Recog_0] Run work: WorkRecog
I1014 15:07:47.176064  8649 work_recog.hpp:89] Face id: 0 will run recog: bbox [142 x 190 from (183, 167)] quality: 0.417822
I1014 15:07:47.176192  8649 work_recog.hpp:96] Recog pair: [208 x 232 from (152, 128)], [142 x 190 from (31, 39)]
I1014 15:07:47.176982  8651 thread_intergrate.hpp:168] T-Intergrate-intergrate Show face :0, size :640 * 360
I1014 15:07:47.177503  8647 demo_inner.hpp:435] thread [SORT-0]  frame id 123 sorting queue size 1   FPS: 30.0049
I1014 15:07:47.183691  8646 demo_inner.hpp:260]  gui queue size 1, state = running
I1014 15:07:47.193887  8649 work_thread.hpp:81]  [T-Work-Recog_0] Run work: WorkCompare
I1014 15:07:47.194355  8649 work_compare.cpp:76] Compare face: 0 successed, similarity :0.986113, name : images/ThangLMb.jpg, normal size : 1548 * 1719!
I1014 15:07:47.203959  8645 demo_inner.hpp:177] decode queue size 0
I1014 15:07:47.204139  8648 work_thread.hpp:81]  [T-Work-Detect_0] Run work: WorkDetect
I1014 15:07:47.204197  8648 work_detect.cpp:102] Succeeded to add det start for frame 124
I1014 15:07:47.210727  8648 work_detect.cpp:70] Frame :124 detect result :1 face(s)
I1014 15:07:47.210777  8648 work_detect.cpp:86] Detected bbox: [133 x 180 from (187, 173)]
I1014 15:07:47.210821  8648 work_detect.cpp:120] Succeeded to add det end for frame 124
I1014 15:07:47.210839  8648 work_thread.hpp:81]  [T-Work-Detect_0] Run work: WrokTrack
I1014 15:07:47.210863  8648 work_track.cpp:82] Frame: 124 build input_characts: [0.207813 x 0.5 from (0.292188, 0.480556)], 1.00019, 0
I1014 15:07:47.210919  8648 work_track.cpp:102] Succeeded to set track lock for frame 124
I1014 15:07:47.210959  8648 work_track.cpp:116] Succeeded to release track lock for frame 124
I1014 15:07:47.210973  8648 work_track.cpp:120] Track results of frame 124: 1 objects input, 1 objects tracked!
I1014 15:07:47.210991  8648 work_track.cpp:148] Frame: 124, track bbox: [133 x 180 from (188.273, 172.639)], gid: 0, lid: 0
I1014 15:07:47.211028  8648 work_thread.hpp:87]  [T-Work-Detect_0] Frame :124 split
I1014 15:07:47.211046  8648 work_thread.hpp:120]  [T-Work-Detect_0] Valid piece: gid = 0
I1014 15:07:47.211064  8648 work_thread.hpp:91]  [T-Work-Detect_0] Push to split queue:recog
I1014 15:07:47.211112  8651 thread_intergrate.hpp:78] [T-Intergrate-intergrate] queue: frame output frame :124
I1014 15:07:47.211138  8651 thread_intergrate.hpp:85] [T-Intergrate-intergrate] queue: compare output face:0
I1014 15:07:47.211123  8650 work_thread.hpp:81]  [T-Work-Recog_1] Run work: WorkCapture
I1014 15:07:47.211158  8651 thread_intergrate.hpp:144] T-Intergrate-intergrate set matched face: 0
I1014 15:07:47.211757  8650 work_thread.hpp:81]  [T-Work-Recog_1] Run work: WorkRecog
I1014 15:07:47.211783  8650 work_recog.hpp:89] Face id: 0 will run recog: bbox [133 x 180 from (187, 173)] quality: 0.463266
I1014 15:07:47.211814  8650 work_recog.hpp:96] Recog pair: [192 x 224 from (160, 136)], [133 x 180 from (27, 37)]
I1014 15:07:47.212622  8651 thread_intergrate.hpp:168] T-Intergrate-intergrate Show face :0, size :640 * 360
I1014 15:07:47.213148  8647 demo_inner.hpp:435] thread [SORT-0]  frame id 124 sorting queue size 0   FPS: 29.9313
I1014 15:07:47.229784  8650 work_thread.hpp:81]  [T-Work-Recog_1] Run work: WorkCompare
I1014 15:07:47.230299  8650 work_compare.cpp:76] Compare face: 0 successed, similarity :0.987729, name : images/ThangLMb.jpg, normal size : 1548 * 1719!
I1014 15:07:47.232204  8645 demo_inner.hpp:177] decode queue size 0
I1014 15:07:47.232306  8648 work_thread.hpp:81]  [T-Work-Detect_0] Run work: WorkDetect
I1014 15:07:47.232339  8648 work_detect.cpp:102] Succeeded to add det start for frame 125
I1014 15:07:47.238860  8648 work_detect.cpp:70] Frame :125 detect result :1 face(s)
I1014 15:07:47.238904  8648 work_detect.cpp:86] Detected bbox: [123 x 178 from (189, 175)]
I1014 15:07:47.238945  8648 work_detect.cpp:120] Succeeded to add det end for frame 125
I1014 15:07:47.238962  8648 work_thread.hpp:81]  [T-Work-Detect_0] Run work: WrokTrack
I1014 15:07:47.238986  8648 work_track.cpp:82] Frame: 125 build input_characts: [0.192188 x 0.494444 from (0.295312, 0.486111)], 1.00019, 0
I1014 15:07:47.239115  8648 work_track.cpp:102] Succeeded to set track lock for frame 125
I1014 15:07:47.239161  8648 work_track.cpp:116] Succeeded to release track lock for frame 125
I1014 15:07:47.239176  8648 work_track.cpp:120] Track results of frame 125: 1 objects input, 1 objects tracked!
I1014 15:07:47.239194  8648 work_track.cpp:148] Frame: 125, track bbox: [123 x 178 from (190.692, 174.067)], gid: 0, lid: 0
I1014 15:07:47.239233  8648 work_thread.hpp:87]  [T-Work-Detect_0] Frame :125 split
