I1012 13:44:15.919245  6819 work_track.cpp:148] Frame: 143, track bbox: [147 x 196 from (293.456, 62.9237)], gid: 2, lid: 0
I1012 13:44:15.919281  6819 work_thread.hpp:88]  [T-Work-Detect_0] Frame :143 split
I1012 13:44:15.919299  6819 work_thread.hpp:120]  [T-Work-Detect_0] Valid piece: gid = 2
I1012 13:44:15.919317  6819 work_thread.hpp:92]  [T-Work-Detect_0] Push to split queue:recog
I1012 13:44:15.919414  6822 thread_intergrate.hpp:78] [T-Intergrate-intergrate] queue: frame output frame :143
I1012 13:44:15.919416  6820 work_thread.hpp:81]  [T-Work-Recog_0] Run work: WorkCapture
I1012 13:44:15.919960  6820 work_thread.hpp:81]  [T-Work-Recog_0] Run work: WorkRecog
I1012 13:44:15.919982  6820 work_recog.hpp:89] Face id: 2 will run recog: bbox [147 x 196 from (293, 63)] quality: 0.994087
I1012 13:44:15.920008  6820 work_recog.hpp:96] Recog pair: [208 x 280 from (264, 24)], [147 x 196 from (29, 39)]
I1012 13:44:15.920894  6818 demo_inner.hpp:435] thread [SORT-0]  frame id 143 sorting queue size 0   FPS: 7.14064
I1012 13:44:15.920956  6817 demo_inner.hpp:260]  gui queue size 0, state = running
I1012 13:44:15.937719  6820 work_thread.hpp:81]  [T-Work-Recog_0] Run work: WorkCompare
I1012 13:44:15.937788  6820 work_compare.cpp:71] Compare face: 2 failed
I1012 13:44:16.050251  6816 demo_inner.hpp:177] decode queue size 0
I1012 13:44:16.050348  6819 work_thread.hpp:81]  [T-Work-Detect_0] Run work: WorkDetect
I1012 13:44:16.050384  6819 work_detect.cpp:102] Succeeded to add det start for frame 144
I1012 13:44:16.057019  6819 work_detect.cpp:70] Frame :144 detect result :2 face(s)
I1012 13:44:16.057057  6819 work_detect.cpp:86] Detected bbox: [146 x 193 from (293, 65)]
W1012 13:44:16.057088  6819 work_detect.cpp:83] Invalid bbox: [90 x 126 from (-4, 0)]
I1012 13:44:16.057188  6819 work_detect.cpp:120] Succeeded to add det end for frame 144
I1012 13:44:16.057206  6819 work_thread.hpp:81]  [T-Work-Detect_0] Run work: WrokTrack
I1012 13:44:16.057230  6819 work_track.cpp:82] Frame: 144 build input_characts: [0.228125 x 0.536111 from (0.457812, 0.180556)], 0.997596, 0
I1012 13:44:16.057284  6819 work_track.cpp:102] Succeeded to set track lock for frame 144
I1012 13:44:16.057324  6819 work_track.cpp:116] Succeeded to release track lock for frame 144
I1012 13:44:16.057339  6819 work_track.cpp:120] Track results of frame 144: 1 objects input, 1 objects tracked!
I1012 13:44:16.057356  6819 work_track.cpp:148] Frame: 144, track bbox: [146 x 193 from (293.784, 65.5717)], gid: 2, lid: 0
I1012 13:44:16.057392  6819 work_thread.hpp:88]  [T-Work-Detect_0] Frame :144 split
I1012 13:44:16.057410  6819 work_thread.hpp:120]  [T-Work-Detect_0] Valid piece: gid = 2
I1012 13:44:16.057428  6819 work_thread.hpp:92]  [T-Work-Detect_0] Push to split queue:recog
I1012 13:44:16.057477  6820 work_thread.hpp:81]  [T-Work-Recog_0] Run work: WorkCapture
I1012 13:44:16.057765  6822 thread_intergrate.hpp:78] [T-Intergrate-intergrate] queue: frame output frame :144
I1012 13:44:16.057997  6820 work_thread.hpp:81]  [T-Work-Recog_0] Run work: WorkRecog
I1012 13:44:16.058019  6820 work_recog.hpp:89] Face id: 2 will run recog: bbox [146 x 193 from (293, 65)] quality: 0.985927
I1012 13:44:16.058045  6820 work_recog.hpp:96] Recog pair: [208 x 272 from (264, 24)], [146 x 193 from (29, 41)]
I1012 13:44:16.059125  6818 demo_inner.hpp:435] thread [SORT-0]  frame id 144 sorting queue size 0   FPS: 7.15174
I1012 13:44:16.059222  6817 demo_inner.hpp:260]  gui queue size 0, state = running
I1012 13:44:16.075661  6820 work_thread.hpp:81]  [T-Work-Recog_0] Run work: WorkCompare
I1012 13:44:16.075732  6820 work_compare.cpp:71] Compare face: 2 failed
I1012 13:44:16.194144  6816 demo_inner.hpp:177] decode queue size 0
I1012 13:44:16.194236  6819 work_thread.hpp:81]  [T-Work-Detect_0] Run work: WorkDetect
I1012 13:44:16.194273  6819 work_detect.cpp:102] Succeeded to add det start for frame 145
I1012 13:44:16.200888  6819 work_detect.cpp:70] Frame :145 detect result :1 face(s)
I1012 13:44:16.200924  6819 work_detect.cpp:86] Detected bbox: [118 x 166 from (311, 87)]
I1012 13:44:16.200963  6819 work_detect.cpp:120] Succeeded to add det end for frame 145
I1012 13:44:16.200979  6819 work_thread.hpp:81]  [T-Work-Detect_0] Run work: WrokTrack
I1012 13:44:16.201002  6819 work_track.cpp:82] Frame: 145 build input_characts: [0.184375 x 0.461111 from (0.485938, 0.241667)], 0.997596, 0
I1012 13:44:16.201056  6819 work_track.cpp:102] Succeeded to set track lock for frame 145
I1012 13:44:16.201205  6819 work_track.cpp:116] Succeeded to release track lock for frame 145
I1012 13:44:16.201221  6819 work_track.cpp:120] Track results of frame 145: 1 objects input, 1 objects tracked!
I1012 13:44:16.201241  6819 work_track.cpp:148] Frame: 145, track bbox: [118 x 166 from (309.004, 82.5065)], gid: 2, lid: 0
I1012 13:44:16.201277  6819 work_thread.hpp:88]  [T-Work-Detect_0] Frame :145 split
I1012 13:44:16.201295  6819 work_thread.hpp:120]  [T-Work-Detect_0] Valid piece: gid = 2
I1012 13:44:16.201313  6819 work_thread.hpp:92]  [T-Work-Detect_0] Push to split queue:recog
I1012 13:44:16.201355  6820 work_thread.hpp:81]  [T-Work-Recog_0] Run work: WorkCapture
I1012 13:44:16.201645  6822 thread_intergrate.hpp:78] [T-Intergrate-intergrate] queue: frame output frame :145
I1012 13:44:16.201877  6820 work_thread.hpp:81]  [T-Work-Recog_0] Run work: WorkRecog
I1012 13:44:16.201900  6820 work_recog.hpp:89] Face id: 2 will run recog: bbox [118 x 166 from (311, 87)] quality: 0.444864
I1012 13:44:16.201926  6820 work_recog.hpp:96] Recog pair: [168 x 240 from (288, 48)], [118 x 166 from (23, 39)]
I1012 13:44:16.203068  6818 demo_inner.hpp:435] thread [SORT-0]  frame id 145 sorting queue size 0   FPS: 7.14064
I1012 13:44:16.203209  6817 demo_inner.hpp:260]  gui queue size 0, state = running
I1012 13:44:16.219447  6820 work_thread.hpp:81]  [T-Work-Recog_0] Run work: WorkCompare
I1012 13:44:16.219519  6820 work_compare.cpp:71] Compare face: 2 failed
I1012 13:44:16.332176  6816 demo_inner.hpp:177] decode queue size 0
I1012 13:44:16.332271  6819 work_thread.hpp:81]  [T-Work-Detect_0] Run work: WorkDetect
I1012 13:44:16.332321  6819 work_detect.cpp:102] Succeeded to add det start for frame 146
I1012 13:44:16.338891  6819 work_detect.cpp:70] Frame :146 detect result :1 face(s)
I1012 13:44:16.338923  6819 work_detect.cpp:86] Detected bbox: [145 x 192 from (294, 65)]
I1012 13:44:16.338963  6819 work_detect.cpp:120] Succeeded to add det end for frame 146
I1012 13:44:16.338979  6819 work_thread.hpp:81]  [T-Work-Detect_0] Run work: WrokTrack
I1012 13:44:16.339004  6819 work_track.cpp:82] Frame: 146 build input_characts: [0.226562 x 0.533333 from (0.459375, 0.180556)], 0.996759, 0
I1012 13:44:16.339058  6819 work_track.cpp:102] Succeeded to set track lock for frame 146
I1012 13:44:16.339098  6819 work_track.cpp:116] Succeeded to release track lock for frame 146
I1012 13:44:16.339113  6819 work_track.cpp:120] Track results of frame 146: 1 objects input, 1 objects tracked!
I1012 13:44:16.339130  6819 work_track.cpp:148] Frame: 146, track bbox: [145 x 192 from (294.547, 66.9312)], gid: 2, lid: 0
I1012 13:44:16.339166  6819 work_thread.hpp:88]  [T-Work-Detect_0] Frame :146 split
I1012 13:44:16.339184  6819 work_thread.hpp:120]  [T-Work-Detect_0] Valid piece: gid = 2
I1012 13:44:16.339202  6819 work_thread.hpp:92]  [T-Work-Detect_0] Push to split queue:recog
I1012 13:44:16.339252  6820 work_thread.hpp:81]  [T-Work-Recog_0] Run work: WorkCapture
I1012 13:44:16.339540  6822 thread_intergrate.hpp:78] [T-Intergrate-intergrate] queue: frame output frame :146
I1012 13:44:16.339772  6820 work_thread.hpp:81]  [T-Work-Recog_0] Run work: WorkRecog
I1012 13:44:16.339794  6820 work_recog.hpp:89] Face id: 2 will run recog: bbox [145 x 192 from (294, 65)] quality: 0.970668
I1012 13:44:16.339821  6820 work_recog.hpp:96] Recog pair: [208 x 272 from (264, 24)], [145 x 192 from (30, 41)]
I1012 13:44:16.340965  6818 demo_inner.hpp:435] thread [SORT-0]  frame id 146 sorting queue size 0   FPS: 7.14064
I1012 13:44:16.341033  6817 demo_inner.hpp:260]  gui queue size 0, state = running
I1012 13:44:16.357372  6820 work_thread.hpp:81]  [T-Work-Recog_0] Run work: WorkCompare
I1012 13:44:16.357445  6820 work_compare.cpp:71] Compare face: 2 failed
I1012 13:44:16.470208  6816 demo_inner.hpp:177] decode queue size 0
I1012 13:44:16.470304  6819 work_thread.hpp:81]  [T-Work-Detect_0] Run work: WorkDetect
I1012 13:44:16.470340  6819 work_detect.cpp:102] Succeeded to add det start for frame 147
I1012 13:44:16.476939  6819 work_detect.cpp:70] Frame :147 detect result :1 face(s)
I1012 13:44:16.477049  6819 work_detect.cpp:86] Detected bbox: [117 x 163 from (311, 89)]
I1012 13:44:16.477092  6819 work_detect.cpp:120] Succeeded to add det end for frame 147
I1012 13:44:16.477108  6819 work_thread.hpp:81]  [T-Work-Detect_0] Run work: WrokTrack
I1012 13:44:16.477129  6819 work_track.cpp:82] Frame: 147 build input_characts: [0.182812 x 0.452778 from (0.485938, 0.247222)], 0.997488, 0
I1012 13:44:16.477183  6819 work_track.cpp:102] Succeeded to set track lock for frame 147
I1012 13:44:16.477221  6819 work_track.cpp:116] Succeeded to release track lock for frame 147
I1012 13:44:16.477236  6819 work_track.cpp:120] Track results of frame 147: 1 objects input, 1 objects tracked!
I1012 13:44:16.477252  6819 work_track.cpp:148] Frame: 147, track bbox: [117 x 163 from (310.26, 86.6711)], gid: 2, lid: 0
I1012 13:44:16.477288  6819 work_thread.hpp:88]  [T-Work-Detect_0] Frame :147 split
I1012 13:44:16.477305  6819 work_thread.hpp:120]  [T-Work-Detect_0] Valid piece: gid = 2
I1012 13:44:16.477324  6819 work_thread.hpp:92]  [T-Work-Detect_0] Push to split queue:recog
I1012 13:44:16.477371  6820 work_thread.hpp:81]  [T-Work-Recog_0] Run work: WorkCapture
I1012 13:44:16.477663  6822 thread_intergrate.hpp:78] [T-Intergrate-intergrate] queue: frame output frame :147
I1012 13:44:16.477895  6820 work_thread.hpp:81]  [T-Work-Recog_0] Run work: WorkRecog
I1012 13:44:16.477916  6820 work_recog.hpp:89] Face id: 2 will run recog: bbox [117 x 163 from (311, 89)] quality: 0.440774
I1012 13:44:16.477943  6820 work_recog.hpp:96] Recog pair: [168 x 232 from (288, 56)], [117 x 163 from (23, 33)]
I1012 13:44:16.479146  6818 demo_inner.hpp:435] thread [SORT-0]  frame id 147 sorting queue size 0   FPS: 7.15397
I1012 13:44:16.479212  6817 demo_inner.hpp:260]  gui queue size 0, state = running
I1012 13:44:16.495453  6820 work_thread.hpp:81]  [T-Work-Recog_0] Run work: WorkCompare
I1012 13:44:16.495522  6820 work_compare.cpp:71] Compare face: 2 failed
I1012 13:44:16.614110  6816 demo_inner.hpp:177] decode queue size 0
I1012 13:44:16.614207  6819 work_thread.hpp:81]  [T-Work-Detect_0] Run work: WorkDetect
I1012 13:44:16.614243  6819 work_detect.cpp:102] Succeeded to add det start for frame 148
I1012 13:44:16.620877  6819 work_detect.cpp:70] Frame :148 detect result :1 face(s)
I1012 13:44:16.620911  6819 work_detect.cpp:86] Detected bbox: [117 x 164 from (311, 88)]
I1012 13:44:16.620950  6819 work_detect.cpp:120] Succeeded to add det end for frame 148
I1012 13:44:16.620966  6819 work_thread.hpp:81]  [T-Work-Detect_0] Run work: WrokTrack
I1012 13:44:16.620990  6819 work_track.cpp:82] Frame: 148 build input_characts: [0.182812 x 0.455556 from (0.485938, 0.244444)], 0.997488, 0
I1012 13:44:16.621043  6819 work_track.cpp:102] Succeeded to set track lock for frame 148
I1012 13:44:16.621083  6819 work_track.cpp:116] Succeeded to release track lock for frame 148
I1012 13:44:16.621096  6819 work_track.cpp:120] Track results of frame 148: 1 objects input, 1 objects tracked!
I1012 13:44:16.621114  6819 work_track.cpp:148] Frame: 148, track bbox: [117 x 164 from (311.053, 88.1638)], gid: 2, lid: 0
I1012 13:44:16.621148  6819 work_thread.hpp:88]  [T-Work-Detect_0] Frame :148 split
I1012 13:44:16.621166  6819 work_thread.hpp:120]  [T-Work-Detect_0] Valid piece: gid = 2
I1012 13:44:16.621184  6819 work_thread.hpp:92]  [T-Work-Detect_0] Push to split queue:recog
I1012 13:44:16.621227  6820 work_thread.hpp:81]  [T-Work-Recog_0] Run work: WorkCapture
I1012 13:44:16.621513  6822 thread_intergrate.hpp:78] [T-Intergrate-intergrate] queue: frame output frame :148
I1012 13:44:16.621747  6820 work_thread.hpp:81]  [T-Work-Recog_0] Run work: WorkRecog
I1012 13:44:16.621769  6820 work_recog.hpp:89] Face id: 2 will run recog: bbox [117 x 164 from (311, 88)] quality: 0.429662
I1012 13:44:16.621795  6820 work_recog.hpp:96] Recog pair: [168 x 232 from (288, 56)], [117 x 164 from (23, 32)]
I1012 13:44:16.622937  6818 demo_inner.hpp:435] thread [SORT-0]  frame id 148 sorting queue size 0   FPS: 7.14064
I1012 13:44:16.623008  6817 demo_inner.hpp:260]  gui queue size 0, state = running
I1012 13:44:16.639194  6820 work_thread.hpp:81]  [T-Work-Recog_0] Run work: WorkCompare
I1012 13:44:16.639267  6820 work_compare.cpp:71] Compare face: 2 failed
I1012 13:44:16.752141  6816 demo_inner.hpp:177] decode queue size 0
I1012 13:44:16.752234  6819 work_thread.hpp:81]  [T-Work-Detect_0] Run work: WorkDetect
I1012 13:44:16.752270  6819 work_detect.cpp:102] Succeeded to add det start for frame 149
I1012 13:44:16.758848  6819 work_detect.cpp:70] Frame :149 detect result :1 face(s)
I1012 13:44:16.758883  6819 work_detect.cpp:86] Detected bbox: [145 x 194 from (294, 64)]
I1012 13:44:16.758922  6819 work_detect.cpp:120] Succeeded to add det end for frame 149
I1012 13:44:16.758939  6819 work_thread.hpp:81]  [T-Work-Detect_0] Run work: WrokTrack
I1012 13:44:16.758960  6819 work_track.cpp:82] Frame: 149 build input_characts: [0.226562 x 0.538889 from (0.459375, 0.177778)], 0.997596, 0
I1012 13:44:16.759014  6819 work_track.cpp:102] Succeeded to set track lock for frame 149
I1012 13:44:16.759052  6819 work_track.cpp:116] Succeeded to release track lock for frame 149
I1012 13:44:16.759068  6819 work_track.cpp:120] Track results of frame 149: 1 objects input, 1 objects tracked!
I1012 13:44:16.759084  6819 work_track.cpp:148] Frame: 149, track bbox: [145 x 194 from (295.796, 69.1747)], gid: 2, lid: 0
I1012 13:44:16.759119  6819 work_thread.hpp:88]  [T-Work-Detect_0] Frame :149 split
I1012 13:44:16.759136  6819 work_thread.hpp:120]  [T-Work-Detect_0] Valid piece: gid = 2
I1012 13:44:16.759155  6819 work_thread.hpp:92]  [T-Work-Detect_0] Push to split queue:recog
I1012 13:44:16.759204  6820 work_thread.hpp:81]  [T-Work-Recog_0] Run work: WorkCapture
I1012 13:44:16.759491  6822 thread_intergrate.hpp:78] [T-Intergrate-intergrate] queue: frame output frame :149
I1012 13:44:16.759724  6820 work_thread.hpp:81]  [T-Work-Recog_0] Run work: WorkRecog
I1012 13:44:16.759747  6820 work_recog.hpp:89] Face id: 2 will run recog: bbox [145 x 194 from (294, 64)] quality: 0.99242
I1012 13:44:16.759773  6820 work_recog.hpp:96] Recog pair: [208 x 272 from (264, 24)], [145 x 194 from (30, 40)]
I1012 13:44:16.760911  6818 demo_inner.hpp:435] thread [SORT-0]  frame id 149 sorting queue size 0   FPS: 7.14064
I1012 13:44:16.760978  6817 demo_inner.hpp:260]  gui queue size 0, state = running
I1012 13:44:16.777410  6820 work_thread.hpp:81]  [T-Work-Recog_0] Run work: WorkCompare
I1012 13:44:16.777480  6820 work_compare.cpp:71] Compare face: 2 failed
I1012 13:44:16.890187  6816 demo_inner.hpp:177] decode queue size 0
I1012 13:44:16.890282  6819 work_thread.hpp:81]  [T-Work-Detect_0] Run work: WorkDetect
I1012 13:44:16.890319  6819 work_detect.cpp:102] Succeeded to add det start for frame 150
I1012 13:44:16.896968  6819 work_detect.cpp:70] Frame :150 detect result :2 face(s)
I1012 13:44:16.897006  6819 work_detect.cpp:86] Detected bbox: [120 x 170 from (310, 86)]
W1012 13:44:16.897038  6819 work_detect.cpp:83] Invalid bbox: [98 x 124 from (2, -4)]
I1012 13:44:16.897176  6819 work_detect.cpp:120] Succeeded to add det end for frame 150
I1012 13:44:16.897194  6819 work_thread.hpp:81]  [T-Work-Detect_0] Run work: WrokTrack
I1012 13:44:16.897220  6819 work_track.cpp:82] Frame: 150 build input_characts: [0.1875 x 0.472222 from (0.484375, 0.238889)], 0.997596, 0
I1012 13:44:16.897275  6819 work_track.cpp:102] Succeeded to set track lock for frame 150
I1012 13:44:16.897316  6819 work_track.cpp:116] Succeeded to release track lock for frame 150
I1012 13:44:16.897331  6819 work_track.cpp:120] Track results of frame 150: 1 objects input, 1 objects tracked!
I1012 13:44:16.897349  6819 work_track.cpp:148] Frame: 150, track bbox: [120 x 170 from (308.681, 82.5921)], gid: 2, lid: 0
I1012 13:44:16.897384  6819 work_thread.hpp:88]  [T-Work-Detect_0] Frame :150 split
I1012 13:44:16.897403  6819 work_thread.hpp:120]  [T-Work-Detect_0] Valid piece: gid = 2
I1012 13:44:16.897421  6819 work_thread.hpp:92]  [T-Work-Detect_0] Push to split queue:recog
I1012 13:44:16.897470  6820 work_thread.hpp:81]  [T-Work-Recog_0] Run work: WorkCapture
I1012 13:44:16.897811  6822 thread_intergrate.hpp:78] [T-Intergrate-intergrate] queue: frame output frame :150
I1012 13:44:16.898044  6820 work_thread.hpp:81]  [T-Work-Recog_0] Run work: WorkRecog
I1012 13:44:16.898067  6820 work_recog.hpp:89] Face id: 2 will run recog: bbox [120 x 170 from (310, 86)] quality: 0.408624
I1012 13:44:16.898094  6820 work_recog.hpp:96] Recog pair: [176 x 248 from (280, 48)], [120 x 170 from (30, 38)]
I1012 13:44:16.899171  6818 demo_inner.hpp:435] thread [SORT-0]  frame id 150 sorting queue size 0   FPS: 7.15174
I1012 13:44:16.899240  6817 demo_inner.hpp:260]  gui queue size 0, state = running
I1012 13:44:16.915624  6820 work_thread.hpp:81]  [T-Work-Recog_0] Run work: WorkCompare
I1012 13:44:16.915696  6820 work_compare.cpp:71] Compare face: 2 failed
I1012 13:44:17.034073  6816 demo_inner.hpp:177] decode queue size 0
I1012 13:44:17.034166  6819 work_thread.hpp:81]  [T-Work-Detect_0] Run work: WorkDetect
I1012 13:44:17.034204  6819 work_detect.cpp:102] Succeeded to add det start for frame 151
I1012 13:44:17.040825  6819 work_detect.cpp:70] Frame :151 detect result :2 face(s)
I1012 13:44:17.040861  6819 work_detect.cpp:86] Detected bbox: [143 x 191 from (295, 65)]
W1012 13:44:17.040892  6819 work_detect.cpp:83] Invalid bbox: [94 x 120 from (0, -1)]
I1012 13:44:17.041121  6819 work_detect.cpp:120] Succeeded to add det end for frame 151
I1012 13:44:17.041141  6819 work_thread.hpp:81]  [T-Work-Detect_0] Run work: WrokTrack
I1012 13:44:17.041164  6819 work_track.cpp:82] Frame: 151 build input_characts: [0.223438 x 0.530556 from (0.460938, 0.180556)], 0.997596, 0
I1012 13:44:17.041219  6819 work_track.cpp:102] Succeeded to set track lock for frame 151
I1012 13:44:17.041258  6819 work_track.cpp:116] Succeeded to release track lock for frame 151
I1012 13:44:17.041273  6819 work_track.cpp:120] Track results of frame 151: 1 objects input, 1 objects tracked!
I1012 13:44:17.041290  6819 work_track.cpp:148] Frame: 151, track bbox: [143 x 191 from (296.456, 69.4474)], gid: 2, lid: 0
I1012 13:44:17.041326  6819 work_thread.hpp:88]  [T-Work-Detect_0] Frame :151 split
I1012 13:44:17.041344  6819 work_thread.hpp:120]  [T-Work-Detect_0] Valid piece: gid = 2
I1012 13:44:17.041363  6819 work_thread.hpp:92]  [T-Work-Detect_0] Push to split queue:recog
I1012 13:44:17.041404  6821 work_thread.hpp:81]  [T-Work-Recog_1] Run work: WorkCapture
I1012 13:44:17.041692  6822 thread_intergrate.hpp:78] [T-Intergrate-intergrate] queue: frame output frame :151
I1012 13:44:17.041936  6821 work_thread.hpp:81]  [T-Work-Recog_1] Run work: WorkRecog
I1012 13:44:17.041959  6821 work_recog.hpp:89] Face id: 2 will run recog: bbox [143 x 191 from (295, 65)] quality: 0.97965
I1012 13:44:17.041985  6821 work_recog.hpp:96] Recog pair: [208 x 272 from (264, 24)], [143 x 191 from (31, 41)]
I1012 13:44:17.043180  6818 demo_inner.hpp:435] thread [SORT-0]  frame id 151 sorting queue size 0   FPS: 7.13842
I1012 13:44:17.043247  6817 demo_inner.hpp:260]  gui queue size 0, state = running
I1012 13:44:17.059422  6821 work_thread.hpp:81]  [T-Work-Recog_1] Run work: WorkCompare
I1012 13:44:17.059463  6821 work_compare.cpp:71] Compare face: 2 failed
I1012 13:44:17.172108  6816 demo_inner.hpp:177] decode queue size 0
I1012 13:44:17.172199  6819 work_thread.hpp:81]  [T-Work-Detect_0] Run work: WorkDetect
I1012 13:44:17.172235  6819 work_detect.cpp:102] Succeeded to add det start for frame 152
I1012 13:44:17.178776  6819 work_detect.cpp:70] Frame :152 detect result :1 face(s)
I1012 13:44:17.178812  6819 work_detect.cpp:86] Detected bbox: [118 x 165 from (313, 88)]
I1012 13:44:17.178853  6819 work_detect.cpp:120] Succeeded to add det end for frame 152
I1012 13:44:17.178869  6819 work_thread.hpp:81]  [T-Work-Detect_0] Run work: WrokTrack
I1012 13:44:17.178892  6819 work_track.cpp:82] Frame: 152 build input_characts: [0.184375 x 0.458333 from (0.489062, 0.244444)], 0.997596, 0
I1012 13:44:17.178948  6819 work_track.cpp:102] Succeeded to set track lock for frame 152
I1012 13:44:17.178989  6819 work_track.cpp:116] Succeeded to release track lock for frame 152
I1012 13:44:17.179083  6819 work_track.cpp:120] Track results of frame 152: 1 objects input, 1 objects tracked!
I1012 13:44:17.179103  6819 work_track.cpp:148] Frame: 152, track bbox: [118 x 165 from (310.478, 83.4186)], gid: 2, lid: 0
I1012 13:44:17.179139  6819 work_thread.hpp:88]  [T-Work-Detect_0] Frame :152 split
I1012 13:44:17.179157  6819 work_thread.hpp:120]  [T-Work-Detect_0] Valid piece: gid = 2
I1012 13:44:17.179175  6819 work_thread.hpp:92]  [T-Work-Detect_0] Push to split queue:recog
I1012 13:44:17.179219  6821 work_thread.hpp:81]  [T-Work-Recog_1] Run work: WorkCapture
I1012 13:44:17.179231  6822 thread_intergrate.hpp:78] [T-Intergrate-intergrate] queue: frame output frame :152
I1012 13:44:17.179747  6821 work_thread.hpp:81]  [T-Work-Recog_1] Run work: WorkRecog
I1012 13:44:17.179769  6821 work_recog.hpp:89] Face id: 2 will run recog: bbox [118 x 165 from (313, 88)] quality: 0.435134
I1012 13:44:17.179796  6821 work_recog.hpp:96] Recog pair: [168 x 240 from (288, 48)], [118 x 165 from (25, 40)]
I1012 13:44:17.180634  6818 demo_inner.hpp:435] thread [SORT-0]  frame id 152 sorting queue size 0   FPS: 7.14064
I1012 13:44:17.180701  6817 demo_inner.hpp:260]  gui queue size 0, state = running
I1012 13:44:17.197309  6821 work_thread.hpp:81]  [T-Work-Recog_1] Run work: WorkCompare
I1012 13:44:17.197391  6821 work_compare.cpp:71] Compare face: 2 failed
I1012 13:44:17.310164  6816 demo_inner.hpp:177] decode queue size 0
I1012 13:44:17.310254  6819 work_thread.hpp:81]  [T-Work-Detect_0] Run work: WorkDetect
I1012 13:44:17.310290  6819 work_detect.cpp:102] Succeeded to add det start for frame 153
I1012 13:44:17.316905  6819 work_detect.cpp:70] Frame :153 detect result :1 face(s)
I1012 13:44:17.316939  6819 work_detect.cpp:86] Detected bbox: [147 x 193 from (294, 65)]
I1012 13:44:17.316978  6819 work_detect.cpp:120] Succeeded to add det end for frame 153
I1012 13:44:17.316994  6819 work_thread.hpp:81]  [T-Work-Detect_0] Run work: WrokTrack
I1012 13:44:17.317018  6819 work_track.cpp:82] Frame: 153 build input_characts: [0.229687 x 0.536111 from (0.459375, 0.180556)], 0.997596, 0
I1012 13:44:17.317072  6819 work_track.cpp:102] Succeeded to set track lock for frame 153
I1012 13:44:17.317111  6819 work_track.cpp:116] Succeeded to release track lock for frame 153
I1012 13:44:17.317126  6819 work_track.cpp:120] Track results of frame 153: 1 objects input, 1 objects tracked!
I1012 13:44:17.317143  6819 work_track.cpp:148] Frame: 153, track bbox: [147 x 193 from (295.355, 67.4923)], gid: 2, lid: 0
I1012 13:44:17.317179  6819 work_thread.hpp:88]  [T-Work-Detect_0] Frame :153 split
I1012 13:44:17.317198  6819 work_thread.hpp:120]  [T-Work-Detect_0] Valid piece: gid = 2
I1012 13:44:17.317215  6819 work_thread.hpp:92]  [T-Work-Detect_0] Push to split queue:recog
I1012 13:44:17.317256  6821 work_thread.hpp:81]  [T-Work-Recog_1] Run work: WorkCapture
I1012 13:44:17.317265  6822 thread_intergrate.hpp:78] [T-Intergrate-intergrate] queue: frame output frame :153
I1012 13:44:17.317785  6821 work_thread.hpp:81]  [T-Work-Recog_1] Run work: WorkRecog
I1012 13:44:17.317808  6821 work_recog.hpp:89] Face id: 2 will run recog: bbox [147 x 193 from (294, 65)] quality: 0.989007
I1012 13:44:17.317834  6821 work_recog.hpp:96] Recog pair: [208 x 272 from (264, 24)], [147 x 193 from (30, 41)]
I1012 13:44:17.318739  6818 demo_inner.hpp:435] thread [SORT-0]  frame id 153 sorting queue size 0   FPS: 7.15397
I1012 13:44:17.318802  6817 demo_inner.hpp:260]  gui queue size 0, state = running
I1012 13:44:17.335433  6821 work_thread.hpp:81]  [T-Work-Recog_1] Run work: WorkCompare
I1012 13:44:17.335530  6821 work_compare.cpp:71] Compare face: 2 failed
I1012 13:44:17.454039  6816 demo_inner.hpp:177] decode queue size 0
I1012 13:44:17.454133  6819 work_thread.hpp:81]  [T-Work-Detect_0] Run work: WorkDetect
I1012 13:44:17.454170  6819 work_detect.cpp:102] Succeeded to add det start for frame 154
I1012 13:44:17.460783  6819 work_detect.cpp:70] Frame :154 detect result :1 face(s)
I1012 13:44:17.460820  6819 work_detect.cpp:86] Detected bbox: [117 x 168 from (312, 85)]
I1012 13:44:17.460935  6819 work_detect.cpp:120] Succeeded to add det end for frame 154
I1012 13:44:17.460952  6819 work_thread.hpp:81]  [T-Work-Detect_0] Run work: WrokTrack
I1012 13:44:17.460976  6819 work_track.cpp:82] Frame: 154 build input_characts: [0.182812 x 0.466667 from (0.4875, 0.236111)], 0.997596, 0
I1012 13:44:17.461031  6819 work_track.cpp:102] Succeeded to set track lock for frame 154
I1012 13:44:17.461071  6819 work_track.cpp:116] Succeeded to release track lock for frame 154
I1012 13:44:17.461084  6819 work_track.cpp:120] Track results of frame 154: 1 objects input, 1 objects tracked!
I1012 13:44:17.461102  6819 work_track.cpp:148] Frame: 154, track bbox: [117 x 168 from (311.586, 83.1145)], gid: 2, lid: 0
I1012 13:44:17.461138  6819 work_thread.hpp:88]  [T-Work-Detect_0] Frame :154 split
I1012 13:44:17.461155  6819 work_thread.hpp:120]  [T-Work-Detect_0] Valid piece: gid = 2
I1012 13:44:17.461174  6819 work_thread.hpp:92]  [T-Work-Detect_0] Push to split queue:recog
I1012 13:44:17.461211  6821 work_thread.hpp:81]  [T-Work-Recog_1] Run work: WorkCapture
I1012 13:44:17.461223  6822 thread_intergrate.hpp:78] [T-Intergrate-intergrate] queue: frame output frame :154
I1012 13:44:17.461740  6821 work_thread.hpp:81]  [T-Work-Recog_1] Run work: WorkRecog
I1012 13:44:17.461762  6821 work_recog.hpp:89] Face id: 2 will run recog: bbox [117 x 168 from (312, 85)] quality: 0.440184
I1012 13:44:17.461789  6821 work_recog.hpp:96] Recog pair: [168 x 240 from (288, 48)], [117 x 168 from (24, 37)]
I1012 13:44:17.462635  6818 demo_inner.hpp:435] thread [SORT-0]  frame id 154 sorting queue size 0   FPS: 7.14064
I1012 13:44:17.462698  6817 demo_inner.hpp:260]  gui queue size 0, state = running
I1012 13:44:17.479311  6821 work_thread.hpp:81]  [T-Work-Recog_1] Run work: WorkCompare
I1012 13:44:17.479408  6821 work_compare.cpp:71] Compare face: 2 failed
I1012 13:44:17.592064  6816 demo_inner.hpp:177] decode queue size 0
I1012 13:44:17.592155  6819 work_thread.hpp:81]  [T-Work-Detect_0] Run work: WorkDetect
I1012 13:44:17.592192  6819 work_detect.cpp:102] Succeeded to add det start for frame 155
I1012 13:44:17.598711  6819 work_detect.cpp:70] Frame :155 detect result :1 face(s)
I1012 13:44:17.598744  6819 work_detect.cpp:86] Detected bbox: [145 x 194 from (295, 64)]
I1012 13:44:17.598783  6819 work_detect.cpp:120] Succeeded to add det end for frame 155
I1012 13:44:17.598799  6819 work_thread.hpp:81]  [T-Work-Detect_0] Run work: WrokTrack
I1012 13:44:17.598820  6819 work_track.cpp:82] Frame: 155 build input_characts: [0.226562 x 0.538889 from (0.460938, 0.177778)], 0.997596, 0
I1012 13:44:17.598876  6819 work_track.cpp:102] Succeeded to set track lock for frame 155
I1012 13:44:17.598915  6819 work_track.cpp:116] Succeeded to release track lock for frame 155
I1012 13:44:17.598930  6819 work_track.cpp:120] Track results of frame 155: 1 objects input, 1 objects tracked!
I1012 13:44:17.598948  6819 work_track.cpp:148] Frame: 155, track bbox: [145 x 194 from (296.163, 66.2166)], gid: 2, lid: 0
I1012 13:44:17.598982  6819 work_thread.hpp:88]  [T-Work-Detect_0] Frame :155 split
I1012 13:44:17.599000  6819 work_thread.hpp:120]  [T-Work-Detect_0] Valid piece: gid = 2
I1012 13:44:17.599017  6819 work_thread.hpp:92]  [T-Work-Detect_0] Push to split queue:recog
I1012 13:44:17.599056  6821 work_thread.hpp:81]  [T-Work-Recog_1] Run work: WorkCapture
I1012 13:44:17.599066  6822 thread_intergrate.hpp:78] [T-Intergrate-intergrate] queue: frame output frame :155
I1012 13:44:17.599583  6821 work_thread.hpp:81]  [T-Work-Recog_1] Run work: WorkRecog
I1012 13:44:17.599606  6821 work_recog.hpp:89] Face id: 2 will run recog: bbox [145 x 194 from (295, 64)] quality: 0.987561
I1012 13:44:17.599632  6821 work_recog.hpp:96] Recog pair: [208 x 272 from (264, 24)], [145 x 194 from (31, 40)]
I1012 13:44:17.600495  6818 demo_inner.hpp:435] thread [SORT-0]  frame id 155 sorting queue size 0   FPS: 7.14064
I1012 13:44:17.600558  6817 demo_inner.hpp:260]  gui queue size 0, state = running
I1012 13:44:17.617246  6821 work_thread.hpp:81]  [T-Work-Recog_1] Run work: WorkCompare
I1012 13:44:17.617434  6821 work_compare.cpp:71] Compare face: 2 failed
I1012 13:44:17.730099  6816 demo_inner.hpp:177] decode queue size 0
I1012 13:44:17.730192  6819 work_thread.hpp:81]  [T-Work-Detect_0] Run work: WorkDetect
I1012 13:44:17.730229  6819 work_detect.cpp:102] Succeeded to add det start for frame 156
I1012 13:44:17.736856  6819 work_detect.cpp:70] Frame :156 detect result :1 face(s)
I1012 13:44:17.736891  6819 work_detect.cpp:86] Detected bbox: [147 x 195 from (293, 64)]
I1012 13:44:17.736930  6819 work_detect.cpp:120] Succeeded to add det end for frame 156
I1012 13:44:17.736946  6819 work_thread.hpp:81]  [T-Work-Detect_0] Run work: WrokTrack
I1012 13:44:17.736970  6819 work_track.cpp:82] Frame: 156 build input_characts: [0.229687 x 0.541667 from (0.457812, 0.177778)], 0.996, 0
I1012 13:44:17.737025  6819 work_track.cpp:102] Succeeded to set track lock for frame 156
I1012 13:44:17.737063  6819 work_track.cpp:116] Succeeded to release track lock for frame 156
I1012 13:44:17.737078  6819 work_track.cpp:120] Track results of frame 156: 1 objects input, 1 objects tracked!
I1012 13:44:17.737095  6819 work_track.cpp:148] Frame: 156, track bbox: [147 x 195 from (294.174, 65.3541)], gid: 2, lid: 0
I1012 13:44:17.737131  6819 work_thread.hpp:88]  [T-Work-Detect_0] Frame :156 split
I1012 13:44:17.737149  6819 work_thread.hpp:120]  [T-Work-Detect_0] Valid piece: gid = 2
I1012 13:44:17.737166  6819 work_thread.hpp:92]  [T-Work-Detect_0] Push to split queue:recog
I1012 13:44:17.737206  6821 work_thread.hpp:81]  [T-Work-Recog_1] Run work: WorkCapture
I1012 13:44:17.737215  6822 thread_intergrate.hpp:78] [T-Intergrate-intergrate] queue: frame output frame :156
I1012 13:44:17.737732  6821 work_thread.hpp:81]  [T-Work-Recog_1] Run work: WorkRecog
I1012 13:44:17.737754  6821 work_recog.hpp:89] Face id: 2 will run recog: bbox [147 x 195 from (293, 64)] quality: 0.970665
I1012 13:44:17.737782  6821 work_recog.hpp:96] Recog pair: [208 x 280 from (264, 24)], [147 x 195 from (29, 40)]
I1012 13:44:17.738688  6818 demo_inner.hpp:435] thread [SORT-0]  frame id 156 sorting queue size 0   FPS: 7.15397
I1012 13:44:17.738755  6817 demo_inner.hpp:260]  gui queue size 0, state = running
I1012 13:44:17.755367  6821 work_thread.hpp:81]  [T-Work-Recog_1] Run work: WorkCompare
I1012 13:44:17.755436  6821 work_compare.cpp:71] Compare face: 2 failed
I1012 13:44:17.874014  6816 demo_inner.hpp:177] decode queue size 0
I1012 13:44:17.874109  6819 work_thread.hpp:81]  [T-Work-Detect_0] Run work: WorkDetect
I1012 13:44:17.874145  6819 work_detect.cpp:102] Succeeded to add det start for frame 157
I1012 13:44:17.880775  6819 work_detect.cpp:70] Frame :157 detect result :1 face(s)
I1012 13:44:17.880812  6819 work_detect.cpp:86] Detected bbox: [146 x 194 from (294, 64)]
I1012 13:44:17.880852  6819 work_detect.cpp:120] Succeeded to add det end for frame 157
I1012 13:44:17.880868  6819 work_thread.hpp:81]  [T-Work-Detect_0] Run work: WrokTrack
I1012 13:44:17.880892  6819 work_track.cpp:82] Frame: 157 build input_characts: [0.228125 x 0.538889 from (0.459375, 0.177778)], 1.00019, 0
I1012 13:44:17.880945  6819 work_track.cpp:102] Succeeded to set track lock for frame 157
I1012 13:44:17.880983  6819 work_track.cpp:116] Succeeded to release track lock for frame 157
I1012 13:44:17.880998  6819 work_track.cpp:120] Track results of frame 157: 1 objects input, 1 objects tracked!
I1012 13:44:17.881016  6819 work_track.cpp:148] Frame: 157, track bbox: [146 x 194 from (293.234, 63.1052)], gid: 2, lid: 0
I1012 13:44:17.881050  6819 work_thread.hpp:88]  [T-Work-Detect_0] Frame :157 split
I1012 13:44:17.881068  6819 work_thread.hpp:120]  [T-Work-Detect_0] Valid piece: gid = 2
I1012 13:44:17.881086  6819 work_thread.hpp:92]  [T-Work-Detect_0] Push to split queue:recog
I1012 13:44:17.881131  6820 work_thread.hpp:81]  [T-Work-Recog_0] Run work: WorkCapture
I1012 13:44:17.881422  6822 thread_intergrate.hpp:78] [T-Intergrate-intergrate] queue: frame output frame :157
I1012 13:44:17.881651  6820 work_thread.hpp:81]  [T-Work-Recog_0] Run work: WorkRecog
I1012 13:44:17.881754  6820 work_recog.hpp:89] Face id: 2 will run recog: bbox [146 x 194 from (294, 64)] quality: 0.904484
I1012 13:44:17.881783  6820 work_recog.hpp:96] Recog pair: [208 x 272 from (264, 24)], [146 x 194 from (30, 40)]
I1012 13:44:17.882928  6818 demo_inner.hpp:435] thread [SORT-0]  frame id 157 sorting queue size 0   FPS: 7.13842
I1012 13:44:17.883040  6817 demo_inner.hpp:260]  gui queue size 0, state = running
I1012 13:44:17.899370  6820 work_thread.hpp:81]  [T-Work-Recog_0] Run work: WorkCompare
I1012 13:44:17.899441  6820 work_compare.cpp:71] Compare face: 2 failed
I1012 13:44:18.012017  6816 demo_inner.hpp:177] decode queue size 0
I1012 13:44:18.012112  6819 work_thread.hpp:81]  [T-Work-Detect_0] Run work: WorkDetect
I1012 13:44:18.012149  6819 work_detect.cpp:102] Succeeded to add det start for frame 158
I1012 13:44:18.019415  6819 work_detect.cpp:70] Frame :158 detect result :1 face(s)
I1012 13:44:18.019466  6819 work_detect.cpp:86] Detected bbox: [118 x 168 from (311, 86)]
I1012 13:44:18.019510  6819 work_detect.cpp:120] Succeeded to add det end for frame 158
I1012 13:44:18.019526  6819 work_thread.hpp:81]  [T-Work-Detect_0] Run work: WrokTrack
I1012 13:44:18.019551  6819 work_track.cpp:82] Frame: 158 build input_characts: [0.184375 x 0.466667 from (0.485938, 0.238889)], 0.997596, 0
I1012 13:44:18.019605  6819 work_track.cpp:102] Succeeded to set track lock for frame 158
I1012 13:44:18.019665  6819 work_track.cpp:116] Succeeded to release track lock for frame 158
I1012 13:44:18.019680  6819 work_track.cpp:120] Track results of frame 158: 1 objects input, 1 objects tracked!
I1012 13:44:18.019696  6819 work_track.cpp:148] Frame: 158, track bbox: [118 x 168 from (309.233, 81.3591)], gid: 2, lid: 0
I1012 13:44:18.019733  6819 work_thread.hpp:88]  [T-Work-Detect_0] Frame :158 split
I1012 13:44:18.019752  6819 work_thread.hpp:120]  [T-Work-Detect_0] Valid piece: gid = 2
I1012 13:44:18.019770  6819 work_thread.hpp:92]  [T-Work-Detect_0] Push to split queue:recog
I1012 13:44:18.020036  6822 thread_intergrate.hpp:78] [T-Intergrate-intergrate] queue: frame output frame :158
I1012 13:44:18.020110  6820 work_thread.hpp:81]  [T-Work-Recog_0] Run work: WorkCapture
I1012 13:44:18.020787  6820 work_thread.hpp:81]  [T-Work-Recog_0] Run work: WorkRecog
I1012 13:44:18.020812  6820 work_recog.hpp:89] Face id: 2 will run recog: bbox [118 x 168 from (311, 86)] quality: 0.434676
I1012 13:44:18.020840  6820 work_recog.hpp:96] Recog pair: [168 x 240 from (288, 48)], [118 x 168 from (23, 38)]
I1012 13:44:18.021478  6818 demo_inner.hpp:435] thread [SORT-0]  frame id 158 sorting queue size 0   FPS: 7.13842
I1012 13:44:18.021554  6817 demo_inner.hpp:260]  gui queue size 0, state = running
I1012 13:44:18.038846  6820 work_thread.hpp:81]  [T-Work-Recog_0] Run work: WorkCompare
I1012 13:44:18.039005  6820 work_compare.cpp:71] Compare face: 2 failed
I1012 13:44:18.150084  6816 demo_inner.hpp:177] decode queue size 0
I1012 13:44:18.150182  6819 work_thread.hpp:81]  [T-Work-Detect_0] Run work: WorkDetect
I1012 13:44:18.150221  6819 work_detect.cpp:102] Succeeded to add det start for frame 159
I1012 13:44:18.156844  6819 work_detect.cpp:70] Frame :159 detect result :1 face(s)
I1012 13:44:18.156882  6819 work_detect.cpp:86] Detected bbox: [142 x 192 from (296, 66)]
I1012 13:44:18.156920  6819 work_detect.cpp:120] Succeeded to add det end for frame 159
I1012 13:44:18.156936  6819 work_thread.hpp:81]  [T-Work-Detect_0] Run work: WrokTrack
I1012 13:44:18.156960  6819 work_track.cpp:82] Frame: 159 build input_characts: [0.221875 x 0.533333 from (0.4625, 0.183333)], 0.999622, 0
I1012 13:44:18.157014  6819 work_track.cpp:102] Succeeded to set track lock for frame 159
I1012 13:44:18.157053  6819 work_track.cpp:116] Succeeded to release track lock for frame 159
I1012 13:44:18.157068  6819 work_track.cpp:120] Track results of frame 159: 1 objects input, 1 objects tracked!
I1012 13:44:18.157085  6819 work_track.cpp:148] Frame: 159, track bbox: [142 x 192 from (296.403, 67.4799)], gid: 2, lid: 0
I1012 13:44:18.157121  6819 work_thread.hpp:88]  [T-Work-Detect_0] Frame :159 split
I1012 13:44:18.157214  6819 work_thread.hpp:120]  [T-Work-Detect_0] Valid piece: gid = 2
I1012 13:44:18.157235  6819 work_thread.hpp:92]  [T-Work-Detect_0] Push to split queue:recog
I1012 13:44:18.157281  6821 work_thread.hpp:81]  [T-Work-Recog_1] Run work: WorkCapture
I1012 13:44:18.157299  6822 thread_intergrate.hpp:78] [T-Intergrate-intergrate] queue: frame output frame :159
I1012 13:44:18.157805  6821 work_thread.hpp:81]  [T-Work-Recog_1] Run work: WorkRecog
I1012 13:44:18.157829  6821 work_recog.hpp:89] Face id: 2 will run recog: bbox [142 x 192 from (296, 66)] quality: 0.932346
I1012 13:44:18.157855  6821 work_recog.hpp:96] Recog pair: [208 x 272 from (264, 24)], [142 x 192 from (32, 42)]
I1012 13:44:18.158773  6818 demo_inner.hpp:435] thread [SORT-0]  frame id 159 sorting queue size 0   FPS: 7.15397
I1012 13:44:18.158838  6817 demo_inner.hpp:260]  gui queue size 0, state = running
I1012 13:44:18.175601  6821 work_thread.hpp:81]  [T-Work-Recog_1] Run work: WorkCompare
I1012 13:44:18.175698  6821 work_compare.cpp:71] Compare face: 2 failed
I1012 13:44:18.294013  6816 demo_inner.hpp:177] decode queue size 0
I1012 13:44:18.294116  6819 work_thread.hpp:81]  [T-Work-Detect_0] Run work: WorkDetect
I1012 13:44:18.294154  6819 work_detect.cpp:102] Succeeded to add det start for frame 160
I1012 13:44:18.300781  6819 work_detect.cpp:70] Frame :160 detect result :1 face(s)
I1012 13:44:18.300817  6819 work_detect.cpp:86] Detected bbox: [148 x 195 from (292, 64)]
I1012 13:44:18.300858  6819 work_detect.cpp:120] Succeeded to add det end for frame 160
I1012 13:44:18.300873  6819 work_thread.hpp:81]  [T-Work-Detect_0] Run work: WrokTrack
I1012 13:44:18.300897  6819 work_track.cpp:82] Frame: 160 build input_characts: [0.23125 x 0.541667 from (0.45625, 0.177778)], 0.997328, 0
I1012 13:44:18.300951  6819 work_track.cpp:102] Succeeded to set track lock for frame 160
I1012 13:44:18.300992  6819 work_track.cpp:116] Succeeded to release track lock for frame 160
I1012 13:44:18.301005  6819 work_track.cpp:120] Track results of frame 160: 1 objects input, 1 objects tracked!
I1012 13:44:18.301023  6819 work_track.cpp:148] Frame: 160, track bbox: [148 x 195 from (293.115, 66.2681)], gid: 2, lid: 0
I1012 13:44:18.301059  6819 work_thread.hpp:88]  [T-Work-Detect_0] Frame :160 split
I1012 13:44:18.301076  6819 work_thread.hpp:120]  [T-Work-Detect_0] Valid piece: gid = 2
I1012 13:44:18.301095  6819 work_thread.hpp:92]  [T-Work-Detect_0] Push to split queue:recog
I1012 13:44:18.301131  6821 work_thread.hpp:81]  [T-Work-Recog_1] Run work: WorkCapture
I1012 13:44:18.301149  6822 thread_intergrate.hpp:78] [T-Intergrate-intergrate] queue: frame output frame :160
I1012 13:44:18.301656  6821 work_thread.hpp:81]  [T-Work-Recog_1] Run work: WorkRecog
I1012 13:44:18.301678  6821 work_recog.hpp:89] Face id: 2 will run recog: bbox [148 x 195 from (292, 64)] quality: 0.989008
I1012 13:44:18.301705  6821 work_recog.hpp:96] Recog pair: [216 x 280 from (256, 24)], [148 x 195 from (36, 40)]
I1012 13:44:18.302564  6818 demo_inner.hpp:435] thread [SORT-0]  frame id 160 sorting queue size 0   FPS: 7.14064
I1012 13:44:18.302633  6817 demo_inner.hpp:260]  gui queue size 0, state = running
I1012 13:44:18.319447  6821 work_thread.hpp:81]  [T-Work-Recog_1] Run work: WorkCompare
I1012 13:44:18.319532  6821 work_compare.cpp:71] Compare face: 2 failed
I1012 13:44:18.432015  6816 demo_inner.hpp:177] decode queue size 0
I1012 13:44:18.432109  6819 work_thread.hpp:81]  [T-Work-Detect_0] Run work: WorkDetect
I1012 13:44:18.432147  6819 work_detect.cpp:102] Succeeded to add det start for frame 161
I1012 13:44:18.438742  6819 work_detect.cpp:70] Frame :161 detect result :1 face(s)
I1012 13:44:18.438776  6819 work_detect.cpp:86] Detected bbox: [119 x 166 from (311, 87)]
I1012 13:44:18.438817  6819 work_detect.cpp:120] Succeeded to add det end for frame 161
I1012 13:44:18.438832  6819 work_thread.hpp:81]  [T-Work-Detect_0] Run work: WrokTrack
I1012 13:44:18.438855  6819 work_track.cpp:82] Frame: 161 build input_characts: [0.185937 x 0.461111 from (0.485938, 0.241667)], 0.997488, 0
I1012 13:44:18.438985  6819 work_track.cpp:102] Succeeded to set track lock for frame 161
I1012 13:44:18.439025  6819 work_track.cpp:116] Succeeded to release track lock for frame 161
I1012 13:44:18.439039  6819 work_track.cpp:120] Track results of frame 161: 1 objects input, 1 objects tracked!
I1012 13:44:18.439057  6819 work_track.cpp:148] Frame: 161, track bbox: [119 x 166 from (309.329, 83.906)], gid: 2, lid: 0
I1012 13:44:18.439093  6819 work_thread.hpp:88]  [T-Work-Detect_0] Frame :161 split
I1012 13:44:18.439111  6819 work_thread.hpp:120]  [T-Work-Detect_0] Valid piece: gid = 2
I1012 13:44:18.439129  6819 work_thread.hpp:92]  [T-Work-Detect_0] Push to split queue:recog
I1012 13:44:18.439172  6821 work_thread.hpp:81]  [T-Work-Recog_1] Run work: WorkCapture
I1012 13:44:18.439178  6822 thread_intergrate.hpp:78] [T-Intergrate-intergrate] queue: frame output frame :161
I1012 13:44:18.439697  6821 work_thread.hpp:81]  [T-Work-Recog_1] Run work: WorkRecog
I1012 13:44:18.439719  6821 work_recog.hpp:89] Face id: 2 will run recog: bbox [119 x 166 from (311, 87)] quality: 0.439445
I1012 13:44:18.439746  6821 work_recog.hpp:96] Recog pair: [168 x 240 from (288, 48)], [119 x 166 from (23, 39)]
I1012 13:44:18.440608  6818 demo_inner.hpp:435] thread [SORT-0]  frame id 161 sorting queue size 0   FPS: 7.14064
I1012 13:44:18.440675  6817 demo_inner.hpp:260]  gui queue size 0, state = running
I1012 13:44:18.457422  6821 work_thread.hpp:81]  [T-Work-Recog_1] Run work: WorkCompare
I1012 13:44:18.457504  6821 work_compare.cpp:71] Compare face: 2 failed
I1012 13:44:18.570021  6816 demo_inner.hpp:177] decode queue size 0
I1012 13:44:18.570113  6819 work_thread.hpp:81]  [T-Work-Detect_0] Run work: WorkDetect
I1012 13:44:18.570149  6819 work_detect.cpp:102] Succeeded to add det start for frame 162
I1012 13:44:18.576761  6819 work_detect.cpp:70] Frame :162 detect result :1 face(s)
I1012 13:44:18.576797  6819 work_detect.cpp:86] Detected bbox: [144 x 193 from (294, 65)]
I1012 13:44:18.576836  6819 work_detect.cpp:120] Succeeded to add det end for frame 162
I1012 13:44:18.576851  6819 work_thread.hpp:81]  [T-Work-Detect_0] Run work: WrokTrack
I1012 13:44:18.576875  6819 work_track.cpp:82] Frame: 162 build input_characts: [0.225 x 0.536111 from (0.459375, 0.180556)], 0.999622, 0
I1012 13:44:18.576930  6819 work_track.cpp:102] Succeeded to set track lock for frame 162
I1012 13:44:18.576969  6819 work_track.cpp:116] Succeeded to release track lock for frame 162
I1012 13:44:18.576984  6819 work_track.cpp:120] Track results of frame 162: 1 objects input, 1 objects tracked!
I1012 13:44:18.577001  6819 work_track.cpp:148] Frame: 162, track bbox: [144 x 193 from (295.424, 67.9778)], gid: 2, lid: 0
I1012 13:44:18.577037  6819 work_thread.hpp:88]  [T-Work-Detect_0] Frame :162 split
I1012 13:44:18.577054  6819 work_thread.hpp:120]  [T-Work-Detect_0] Valid piece: gid = 2
I1012 13:44:18.577072  6819 work_thread.hpp:92]  [T-Work-Detect_0] Push to split queue:recog
I1012 13:44:18.577117  6822 thread_intergrate.hpp:78] [T-Intergrate-intergrate] queue: frame output frame :162
I1012 13:44:18.577155  6821 work_thread.hpp:81]  [T-Work-Recog_1] Run work: WorkCapture
I1012 13:44:18.577677  6821 work_thread.hpp:81]  [T-Work-Recog_1] Run work: WorkRecog
I1012 13:44:18.577699  6821 work_recog.hpp:89] Face id: 2 will run recog: bbox [144 x 193 from (294, 65)] quality: 0.96264
I1012 13:44:18.577726  6821 work_recog.hpp:96] Recog pair: [208 x 272 from (264, 24)], [144 x 193 from (30, 41)]
I1012 13:44:18.578649  6818 demo_inner.hpp:435] thread [SORT-0]  frame id 162 sorting queue size 0   FPS: 7.15397
I1012 13:44:18.578714  6817 demo_inner.hpp:260]  gui queue size 0, state = running
I1012 13:44:18.595506  6821 work_thread.hpp:81]  [T-Work-Recog_1] Run work: WorkCompare
I1012 13:44:18.595604  6821 work_compare.cpp:71] Compare face: 2 failed
I1012 13:44:18.713913  6816 demo_inner.hpp:177] decode queue size 0
I1012 13:44:18.714009  6819 work_thread.hpp:81]  [T-Work-Detect_0] Run work: WorkDetect
I1012 13:44:18.714046  6819 work_detect.cpp:102] Succeeded to add det start for frame 163
I1012 13:44:18.720751  6819 work_detect.cpp:70] Frame :163 detect result :2 face(s)
I1012 13:44:18.720784  6819 work_detect.cpp:86] Detected bbox: [148 x 196 from (292, 63)]
W1012 13:44:18.720815  6819 work_detect.cpp:83] Invalid bbox: [90 x 122 from (2, -2)]
I1012 13:44:18.720913  6819 work_detect.cpp:120] Succeeded to add det end for frame 163
I1012 13:44:18.720930  6819 work_thread.hpp:81]  [T-Work-Detect_0] Run work: WrokTrack
I1012 13:44:18.720953  6819 work_track.cpp:82] Frame: 163 build input_characts: [0.23125 x 0.544444 from (0.45625, 0.175)], 0.997488, 0
I1012 13:44:18.721009  6819 work_track.cpp:102] Succeeded to set track lock for frame 163
I1012 13:44:18.721047  6819 work_track.cpp:116] Succeeded to release track lock for frame 163
I1012 13:44:18.721061  6819 work_track.cpp:120] Track results of frame 163: 1 objects input, 1 objects tracked!
I1012 13:44:18.721079  6819 work_track.cpp:148] Frame: 163, track bbox: [148 x 196 from (292.258, 63.6289)], gid: 2, lid: 0
I1012 13:44:18.721114  6819 work_thread.hpp:88]  [T-Work-Detect_0] Frame :163 split
I1012 13:44:18.721132  6819 work_thread.hpp:120]  [T-Work-Detect_0] Valid piece: gid = 2
I1012 13:44:18.721149  6819 work_thread.hpp:92]  [T-Work-Detect_0] Push to split queue:recog
I1012 13:44:18.721192  6820 work_thread.hpp:81]  [T-Work-Recog_0] Run work: WorkCapture
I1012 13:44:18.721211  6822 thread_intergrate.hpp:78] [T-Intergrate-intergrate] queue: frame output frame :163
I1012 13:44:18.721720  6820 work_thread.hpp:81]  [T-Work-Recog_0] Run work: WorkRecog
I1012 13:44:18.721743  6820 work_recog.hpp:89] Face id: 2 will run recog: bbox [148 x 196 from (292, 63)] quality: 0.923945
I1012 13:44:18.721771  6820 work_recog.hpp:96] Recog pair: [216 x 280 from (256, 24)], [148 x 196 from (36, 39)]
I1012 13:44:18.722626  6818 demo_inner.hpp:435] thread [SORT-0]  frame id 163 sorting queue size 0   FPS: 7.14064
I1012 13:44:18.722689  6817 demo_inner.hpp:260]  gui queue size 0, state = running
I1012 13:44:18.739400  6820 work_thread.hpp:81]  [T-Work-Recog_0] Run work: WorkCompare
I1012 13:44:18.739496  6820 work_compare.cpp:71] Compare face: 2 failed
I1012 13:44:18.851989  6816 demo_inner.hpp:177] decode queue size 0
I1012 13:44:18.852085  6819 work_thread.hpp:81]  [T-Work-Detect_0] Run work: WorkDetect
I1012 13:44:18.852120  6819 work_detect.cpp:102] Succeeded to add det start for frame 164
I1012 13:44:18.858602  6819 work_detect.cpp:70] Frame :164 detect result :1 face(s)
I1012 13:44:18.858635  6819 work_detect.cpp:86] Detected bbox: [127 x 176 from (300, 72)]
I1012 13:44:18.858675  6819 work_detect.cpp:120] Succeeded to add det end for frame 164
I1012 13:44:18.858691  6819 work_thread.hpp:81]  [T-Work-Detect_0] Run work: WrokTrack
I1012 13:44:18.858714  6819 work_track.cpp:82] Frame: 164 build input_characts: [0.198437 x 0.488889 from (0.46875, 0.2)], 0.967082, 0
I1012 13:44:18.858768  6819 work_track.cpp:102] Succeeded to set track lock for frame 164
I1012 13:44:18.858808  6819 work_track.cpp:116] Succeeded to release track lock for frame 164
I1012 13:44:18.858822  6819 work_track.cpp:120] Track results of frame 164: 1 objects input, 1 objects tracked!
I1012 13:44:18.858839  6819 work_track.cpp:148] Frame: 164, track bbox: [127 x 176 from (301.427, 73.2472)], gid: 2, lid: 0
I1012 13:44:18.858875  6819 work_thread.hpp:88]  [T-Work-Detect_0] Frame :164 split
I1012 13:44:18.858893  6819 work_thread.hpp:120]  [T-Work-Detect_0] Valid piece: gid = 2
I1012 13:44:18.858911  6819 work_thread.hpp:92]  [T-Work-Detect_0] Push to split queue:recog
I1012 13:44:18.858953  6820 work_thread.hpp:81]  [T-Work-Recog_0] Run work: WorkCapture
I1012 13:44:18.858960  6822 thread_intergrate.hpp:78] [T-Intergrate-intergrate] queue: frame output frame :164
I1012 13:44:18.859477  6820 work_thread.hpp:81]  [T-Work-Recog_0] Run work: WorkRecog
W1012 13:44:18.859499  6820 work_recog.hpp:118] Face id: 2 has low quality : 0.0557401, no need to recog
I1012 13:44:18.859598  6820 work_thread.hpp:81]  [T-Work-Recog_0] Run work: WorkCompare
I1012 13:44:18.860390  6818 demo_inner.hpp:435] thread [SORT-0]  frame id 164 sorting queue size 0   FPS: 7.14064
I1012 13:44:18.860515  6817 demo_inner.hpp:260]  gui queue size 0, state = running
I1012 13:44:18.989938  6816 demo_inner.hpp:177] decode queue size 0
I1012 13:44:18.990031  6819 work_thread.hpp:81]  [T-Work-Detect_0] Run work: WorkDetect
I1012 13:44:18.990067  6819 work_detect.cpp:102] Succeeded to add det start for frame 165
