I1014 14:51:04.271800  8218 thread_intergrate.hpp:85] [T-Intergrate-intergrate] queue: compare output face:1
I1014 14:51:04.271818  8218 thread_intergrate.hpp:144] T-Intergrate-intergrate set matched face: 1
I1014 14:51:04.272200  8214 demo_inner.hpp:435] thread [SORT-0]  frame id 151 sorting queue size 1   FPS: 26.5625
I1014 14:51:04.272296  8217 work_thread.hpp:81]  [T-Work-Recog_1] Run work: WorkCapture
I1014 14:51:04.272938  8217 work_thread.hpp:81]  [T-Work-Recog_1] Run work: WorkRecog
I1014 14:51:04.272985  8217 work_recog.hpp:89] Face id: 1 will run recog: bbox [173 x 209 from (303, 28)] quality: 0.456256
I1014 14:51:04.273031  8217 work_recog.hpp:96] Recog pair: [248 x 296 from (264, 0)], [173 x 209 from (39, 28)]
I1014 14:51:04.273445  8218 thread_intergrate.hpp:164] T-Intergrate-intergrate Show face :1, size :640 * 360
I1014 14:51:04.273630  8218 thread_intergrate.hpp:78] [T-Intergrate-intergrate] queue: frame output frame :153
I1014 14:51:04.273654  8218 thread_intergrate.hpp:85] [T-Intergrate-intergrate] queue: compare output face:1
I1014 14:51:04.273671  8218 thread_intergrate.hpp:144] T-Intergrate-intergrate set matched face: 1
I1014 14:51:04.273828  8213 demo_inner.hpp:260]  gui queue size 1, state = running
I1014 14:51:04.274369  8214 demo_inner.hpp:435] thread [SORT-0]  frame id 152 sorting queue size 0   FPS: 26.9094
I1014 14:51:04.275404  8218 thread_intergrate.hpp:164] T-Intergrate-intergrate Show face :1, size :640 * 360
I1014 14:51:04.275593  8218 thread_intergrate.hpp:78] [T-Intergrate-intergrate] queue: frame output frame :154
I1014 14:51:04.275617  8218 thread_intergrate.hpp:85] [T-Intergrate-intergrate] queue: compare output face:1
I1014 14:51:04.275635  8218 thread_intergrate.hpp:144] T-Intergrate-intergrate set matched face: 1
I1014 14:51:04.276551  8212 demo_inner.hpp:177] decode queue size 0
I1014 14:51:04.277124  8214 demo_inner.hpp:435] thread [SORT-0]  frame id 153 sorting queue size 1   FPS: 27.2654
I1014 14:51:04.277240  8215 work_thread.hpp:81]  [T-Work-Detect_0] Run work: WorkDetect
I1014 14:51:04.277276  8215 work_detect.cpp:102] Succeeded to add det start for frame 157
I1014 14:51:04.277326  8218 thread_intergrate.hpp:164] T-Intergrate-intergrate Show face :1, size :640 * 360
I1014 14:51:04.277529  8218 thread_intergrate.hpp:78] [T-Intergrate-intergrate] queue: frame output frame :155
I1014 14:51:04.277554  8218 thread_intergrate.hpp:85] [T-Intergrate-intergrate] queue: compare output face:1
I1014 14:51:04.277571  8218 thread_intergrate.hpp:144] T-Intergrate-intergrate set matched face: 1
I1014 14:51:04.277896  8214 demo_inner.hpp:435] thread [SORT-0]  frame id 154 sorting queue size 2   FPS: 27.5862
I1014 14:51:04.279314  8218 thread_intergrate.hpp:164] T-Intergrate-intergrate Show face :1, size :640 * 360
I1014 14:51:04.279552  8213 demo_inner.hpp:260]  gui queue size 2, state = running
I1014 14:51:04.279656  8218 thread_intergrate.hpp:78] [T-Intergrate-intergrate] queue: frame output frame :156
I1014 14:51:04.279683  8218 thread_intergrate.hpp:85] [T-Intergrate-intergrate] queue: compare output face:1
I1014 14:51:04.279702  8218 thread_intergrate.hpp:144] T-Intergrate-intergrate set matched face: 1
I1014 14:51:04.279964  8214 demo_inner.hpp:435] thread [SORT-0]  frame id 155 sorting queue size 0   FPS: 27.972
I1014 14:51:04.281530  8218 thread_intergrate.hpp:164] T-Intergrate-intergrate Show face :1, size :640 * 360
I1014 14:51:04.282335  8214 demo_inner.hpp:435] thread [SORT-0]  frame id 156 sorting queue size 1   FPS: 28.298
I1014 14:51:04.285635  8215 work_detect.cpp:70] Frame :157 detect result :1 face(s)
I1014 14:51:04.285696  8213 demo_inner.hpp:260]  gui queue size 1, state = running
I1014 14:51:04.285701  8215 work_detect.cpp:86] Detected bbox: [178 x 216 from (308, 30)]
I1014 14:51:04.285815  8215 work_detect.cpp:120] Succeeded to add det end for frame 157
I1014 14:51:04.285835  8215 work_thread.hpp:81]  [T-Work-Detect_0] Run work: WrokTrack
I1014 14:51:04.285862  8215 work_track.cpp:82] Frame: 157 build input_characts: [0.278125 x 0.6 from (0.48125, 0.0833333)], 1.00019, 0
I1014 14:51:04.285926  8215 work_track.cpp:102] Succeeded to set track lock for frame 157
I1014 14:51:04.285980  8215 work_track.cpp:116] Succeeded to release track lock for frame 157
I1014 14:51:04.285998  8215 work_track.cpp:120] Track results of frame 157: 1 objects input, 1 objects tracked!
I1014 14:51:04.286020  8215 work_track.cpp:148] Frame: 157, track bbox: [178 x 216 from (306.646, 22.5931)], gid: 1, lid: 0
I1014 14:51:04.286062  8215 work_thread.hpp:87]  [T-Work-Detect_0] Frame :157 split
I1014 14:51:04.286083  8215 work_thread.hpp:120]  [T-Work-Detect_0] Valid piece: gid = 1
I1014 14:51:04.286103  8215 work_thread.hpp:91]  [T-Work-Detect_0] Push to split queue:recog
I1014 14:51:04.286155  8218 thread_intergrate.hpp:78] [T-Intergrate-intergrate] queue: frame output frame :157
I1014 14:51:04.286160  8216 work_thread.hpp:81]  [T-Work-Recog_0] Run work: WorkCapture
I1014 14:51:04.286942  8216 work_thread.hpp:81]  [T-Work-Recog_0] Run work: WorkRecog
I1014 14:51:04.286969  8216 work_recog.hpp:89] Face id: 1 will run recog: bbox [178 x 216 from (308, 30)] quality: 0.459847
I1014 14:51:04.286999  8216 work_recog.hpp:96] Recog pair: [256 x 304 from (272, 0)], [178 x 216 from (36, 30)]
I1014 14:51:04.287349  8218 thread_intergrate.hpp:164] T-Intergrate-intergrate Show face :1, size :640 * 360
I1014 14:51:04.287865  8214 demo_inner.hpp:435] thread [SORT-0]  frame id 157 sorting queue size 0   FPS: 28.6557
I1014 14:51:04.292145  8213 demo_inner.hpp:260]  gui queue size 0, state = running
I1014 14:51:04.293774  8217 work_thread.hpp:81]  [T-Work-Recog_1] Run work: WorkCompare
I1014 14:51:04.294245  8217 work_compare.cpp:76] Compare face: 1 successed, similarity :0.999001, name : images/ThangLMb.jpg, normal size : 1548 * 1719!
I1014 14:51:04.307711  8216 work_thread.hpp:81]  [T-Work-Recog_0] Run work: WorkCompare
I1014 14:51:04.308514  8216 work_compare.cpp:76] Compare face: 1 successed, similarity :0.997346, name : images/ThangLMb.jpg, normal size : 1548 * 1719!
I1014 14:51:04.312413  8212 demo_inner.hpp:177] decode queue size 0
I1014 14:51:04.312547  8215 work_thread.hpp:81]  [T-Work-Detect_0] Run work: WorkDetect
I1014 14:51:04.312585  8215 work_detect.cpp:102] Succeeded to add det start for frame 158
I1014 14:51:04.319330  8215 work_detect.cpp:70] Frame :158 detect result :1 face(s)
I1014 14:51:04.319375  8215 work_detect.cpp:86] Detected bbox: [178 x 218 from (308, 25)]
I1014 14:51:04.319419  8215 work_detect.cpp:120] Succeeded to add det end for frame 158
I1014 14:51:04.319437  8215 work_thread.hpp:81]  [T-Work-Detect_0] Run work: WrokTrack
I1014 14:51:04.319463  8215 work_track.cpp:82] Frame: 158 build input_characts: [0.278125 x 0.605556 from (0.48125, 0.0694444)], 1.00019, 0
I1014 14:51:04.319519  8215 work_track.cpp:102] Succeeded to set track lock for frame 158
I1014 14:51:04.319633  8215 work_track.cpp:116] Succeeded to release track lock for frame 158
I1014 14:51:04.319650  8215 work_track.cpp:120] Track results of frame 158: 1 objects input, 1 objects tracked!
I1014 14:51:04.319669  8215 work_track.cpp:148] Frame: 158, track bbox: [178 x 218 from (309.888, 24.409)], gid: 1, lid: 0
I1014 14:51:04.319705  8215 work_thread.hpp:87]  [T-Work-Detect_0] Frame :158 split
I1014 14:51:04.319722  8215 work_thread.hpp:120]  [T-Work-Detect_0] Valid piece: gid = 1
I1014 14:51:04.319741  8215 work_thread.hpp:91]  [T-Work-Detect_0] Push to split queue:recog
I1014 14:51:04.319787  8217 work_thread.hpp:81]  [T-Work-Recog_1] Run work: WorkCapture
I1014 14:51:04.320088  8218 thread_intergrate.hpp:78] [T-Intergrate-intergrate] queue: frame output frame :158
I1014 14:51:04.320116  8218 thread_intergrate.hpp:85] [T-Intergrate-intergrate] queue: compare output face:1
I1014 14:51:04.320134  8218 thread_intergrate.hpp:144] T-Intergrate-intergrate set matched face: 1
I1014 14:51:04.320350  8217 work_thread.hpp:81]  [T-Work-Recog_1] Run work: WorkRecog
I1014 14:51:04.320374  8217 work_recog.hpp:89] Face id: 1 will run recog: bbox [178 x 218 from (308, 25)] quality: 0.438331
I1014 14:51:04.320402  8217 work_recog.hpp:96] Recog pair: [256 x 304 from (272, 0)], [178 x 218 from (36, 25)]
I1014 14:51:04.321878  8218 thread_intergrate.hpp:164] T-Intergrate-intergrate Show face :1, size :640 * 360
I1014 14:51:04.322450  8214 demo_inner.hpp:435] thread [SORT-0]  frame id 158 sorting queue size 0   FPS: 28.6075
I1014 14:51:04.322520  8213 demo_inner.hpp:260]  gui queue size 0, state = running
I1014 14:51:04.337920  8217 work_thread.hpp:81]  [T-Work-Recog_1] Run work: WorkCompare
I1014 14:51:04.338383  8217 work_compare.cpp:76] Compare face: 1 successed, similarity :0.99648, name : images/ThangLMb.jpg, normal size : 1548 * 1719!
I1014 14:51:04.342453  8212 demo_inner.hpp:177] decode queue size 0
I1014 14:51:04.342553  8215 work_thread.hpp:81]  [T-Work-Detect_0] Run work: WorkDetect
I1014 14:51:04.342589  8215 work_detect.cpp:102] Succeeded to add det start for frame 159
I1014 14:51:04.349331  8215 work_detect.cpp:70] Frame :159 detect result :1 face(s)
I1014 14:51:04.349378  8215 work_detect.cpp:86] Detected bbox: [182 x 223 from (306, 23)]
I1014 14:51:04.349421  8215 work_detect.cpp:120] Succeeded to add det end for frame 159
I1014 14:51:04.349437  8215 work_thread.hpp:81]  [T-Work-Detect_0] Run work: WrokTrack
I1014 14:51:04.349463  8215 work_track.cpp:82] Frame: 159 build input_characts: [0.284375 x 0.619444 from (0.478125, 0.0638889)], 1.00019, 0
I1014 14:51:04.349519  8215 work_track.cpp:102] Succeeded to set track lock for frame 159
I1014 14:51:04.349558  8215 work_track.cpp:116] Succeeded to release track lock for frame 159
I1014 14:51:04.349573  8215 work_track.cpp:120] Track results of frame 159: 1 objects input, 1 objects tracked!
I1014 14:51:04.349591  8215 work_track.cpp:148] Frame: 159, track bbox: [182 x 223 from (308.393, 22.4021)], gid: 1, lid: 0
I1014 14:51:04.349627  8215 work_thread.hpp:87]  [T-Work-Detect_0] Frame :159 split
I1014 14:51:04.349644  8215 work_thread.hpp:120]  [T-Work-Detect_0] Valid piece: gid = 1
I1014 14:51:04.349663  8215 work_thread.hpp:91]  [T-Work-Detect_0] Push to split queue:recog
I1014 14:51:04.349707  8217 work_thread.hpp:81]  [T-Work-Recog_1] Run work: WorkCapture
I1014 14:51:04.350013  8218 thread_intergrate.hpp:78] [T-Intergrate-intergrate] queue: frame output frame :159
I1014 14:51:04.350040  8218 thread_intergrate.hpp:85] [T-Intergrate-intergrate] queue: compare output face:1
I1014 14:51:04.350059  8218 thread_intergrate.hpp:144] T-Intergrate-intergrate set matched face: 1
I1014 14:51:04.350270  8217 work_thread.hpp:81]  [T-Work-Recog_1] Run work: WorkRecog
I1014 14:51:04.350293  8217 work_recog.hpp:89] Face id: 1 will run recog: bbox [182 x 223 from (306, 23)] quality: 0.467972
I1014 14:51:04.350322  8217 work_recog.hpp:96] Recog pair: [264 x 312 from (264, 0)], [182 x 223 from (42, 23)]
I1014 14:51:04.351758  8218 thread_intergrate.hpp:164] T-Intergrate-intergrate Show face :1, size :640 * 360
I1014 14:51:04.352449  8214 demo_inner.hpp:435] thread [SORT-0]  frame id 159 sorting queue size 0   FPS: 28.6799
I1014 14:51:04.352519  8213 demo_inner.hpp:260]  gui queue size 0, state = running
I1014 14:51:04.367947  8217 work_thread.hpp:81]  [T-Work-Recog_1] Run work: WorkCompare
I1014 14:51:04.368422  8217 work_compare.cpp:76] Compare face: 1 successed, similarity :0.997048, name : images/ThangLMb.jpg, normal size : 1548 * 1719!
I1014 14:51:04.377789  8212 demo_inner.hpp:177] decode queue size 0
I1014 14:51:04.377897  8215 work_thread.hpp:81]  [T-Work-Detect_0] Run work: WorkDetect
I1014 14:51:04.377931  8215 work_detect.cpp:102] Succeeded to add det start for frame 160
I1014 14:51:04.384603  8215 work_detect.cpp:70] Frame :160 detect result :1 face(s)
I1014 14:51:04.384645  8215 work_detect.cpp:86] Detected bbox: [182 x 218 from (305, 27)]
I1014 14:51:04.384687  8215 work_detect.cpp:120] Succeeded to add det end for frame 160
I1014 14:51:04.384703  8215 work_thread.hpp:81]  [T-Work-Detect_0] Run work: WrokTrack
I1014 14:51:04.384728  8215 work_track.cpp:82] Frame: 160 build input_characts: [0.284375 x 0.605556 from (0.476562, 0.075)], 1.00019, 0
I1014 14:51:04.384785  8215 work_track.cpp:102] Succeeded to set track lock for frame 160
I1014 14:51:04.384825  8215 work_track.cpp:116] Succeeded to release track lock for frame 160
I1014 14:51:04.384840  8215 work_track.cpp:120] Track results of frame 160: 1 objects input, 1 objects tracked!
I1014 14:51:04.384858  8215 work_track.cpp:148] Frame: 160, track bbox: [182 x 218 from (309.174, 26.5926)], gid: 1, lid: 0
I1014 14:51:04.384893  8215 work_thread.hpp:87]  [T-Work-Detect_0] Frame :160 split
I1014 14:51:04.384912  8215 work_thread.hpp:120]  [T-Work-Detect_0] Valid piece: gid = 1
I1014 14:51:04.384929  8215 work_thread.hpp:91]  [T-Work-Detect_0] Push to split queue:recog
I1014 14:51:04.384977  8217 work_thread.hpp:81]  [T-Work-Recog_1] Run work: WorkCapture
I1014 14:51:04.385283  8218 thread_intergrate.hpp:78] [T-Intergrate-intergrate] queue: frame output frame :160
I1014 14:51:04.385313  8218 thread_intergrate.hpp:85] [T-Intergrate-intergrate] queue: compare output face:1
I1014 14:51:04.385334  8218 thread_intergrate.hpp:144] T-Intergrate-intergrate set matched face: 1
I1014 14:51:04.385594  8217 work_thread.hpp:81]  [T-Work-Recog_1] Run work: WorkRecog
I1014 14:51:04.385619  8217 work_recog.hpp:89] Face id: 1 will run recog: bbox [182 x 218 from (305, 27)] quality: 0.465021
I1014 14:51:04.385655  8217 work_recog.hpp:96] Recog pair: [264 x 304 from (264, 0)], [182 x 218 from (41, 27)]
I1014 14:51:04.387149  8218 thread_intergrate.hpp:164] T-Intergrate-intergrate Show face :1, size :640 * 360
I1014 14:51:04.387812  8214 demo_inner.hpp:435] thread [SORT-0]  frame id 160 sorting queue size 0   FPS: 28.6799
I1014 14:51:04.387887  8213 demo_inner.hpp:260]  gui queue size 0, state = running
I1014 14:51:04.403304  8217 work_thread.hpp:81]  [T-Work-Recog_1] Run work: WorkCompare
I1014 14:51:04.403765  8217 work_compare.cpp:76] Compare face: 1 successed, similarity :0.995416, name : images/ThangLMb.jpg, normal size : 1548 * 1719!
I1014 14:51:04.408121  8212 demo_inner.hpp:177] decode queue size 0
I1014 14:51:04.408231  8215 work_thread.hpp:81]  [T-Work-Detect_0] Run work: WorkDetect
I1014 14:51:04.408265  8215 work_detect.cpp:102] Succeeded to add det start for frame 161
I1014 14:51:04.414922  8215 work_detect.cpp:70] Frame :161 detect result :1 face(s)
I1014 14:51:04.414961  8215 work_detect.cpp:86] Detected bbox: [178 x 217 from (309, 25)]
I1014 14:51:04.415004  8215 work_detect.cpp:120] Succeeded to add det end for frame 161
I1014 14:51:04.415020  8215 work_thread.hpp:81]  [T-Work-Detect_0] Run work: WrokTrack
I1014 14:51:04.415045  8215 work_track.cpp:82] Frame: 161 build input_characts: [0.278125 x 0.602778 from (0.482812, 0.0694444)], 1.00019, 0
I1014 14:51:04.415102  8215 work_track.cpp:102] Succeeded to set track lock for frame 161
I1014 14:51:04.415140  8215 work_track.cpp:116] Succeeded to release track lock for frame 161
I1014 14:51:04.415230  8215 work_track.cpp:120] Track results of frame 161: 1 objects input, 1 objects tracked!
I1014 14:51:04.415249  8215 work_track.cpp:148] Frame: 161, track bbox: [178 x 217 from (309.551, 26.2152)], gid: 1, lid: 0
I1014 14:51:04.415285  8215 work_thread.hpp:87]  [T-Work-Detect_0] Frame :161 split
I1014 14:51:04.415303  8215 work_thread.hpp:120]  [T-Work-Detect_0] Valid piece: gid = 1
I1014 14:51:04.415321  8215 work_thread.hpp:91]  [T-Work-Detect_0] Push to split queue:recog
I1014 14:51:04.415367  8218 thread_intergrate.hpp:78] [T-Intergrate-intergrate] queue: frame output frame :161
I1014 14:51:04.415367  8216 work_thread.hpp:81]  [T-Work-Recog_0] Run work: WorkCapture
I1014 14:51:04.415400  8218 thread_intergrate.hpp:85] [T-Intergrate-intergrate] queue: compare output face:1
I1014 14:51:04.415418  8218 thread_intergrate.hpp:144] T-Intergrate-intergrate set matched face: 1
I1014 14:51:04.416018  8216 work_thread.hpp:81]  [T-Work-Recog_0] Run work: WorkRecog
I1014 14:51:04.416043  8216 work_recog.hpp:89] Face id: 1 will run recog: bbox [178 x 217 from (309, 25)] quality: 0.454971
I1014 14:51:04.416074  8216 work_recog.hpp:96] Recog pair: [256 x 304 from (272, 0)], [178 x 217 from (37, 25)]
I1014 14:51:04.417062  8218 thread_intergrate.hpp:164] T-Intergrate-intergrate Show face :1, size :640 * 360
I1014 14:51:04.417642  8214 demo_inner.hpp:435] thread [SORT-0]  frame id 161 sorting queue size 0   FPS: 28.692
I1014 14:51:04.417713  8213 demo_inner.hpp:260]  gui queue size 0, state = running
I1014 14:51:04.434526  8216 work_thread.hpp:81]  [T-Work-Recog_0] Run work: WorkCompare
I1014 14:51:04.435092  8216 work_compare.cpp:76] Compare face: 1 successed, similarity :0.990502, name : images/ThangLMb.jpg, normal size : 1548 * 1719!
I1014 14:51:04.443806  8212 demo_inner.hpp:177] decode queue size 0
I1014 14:51:04.443905  8215 work_thread.hpp:81]  [T-Work-Detect_0] Run work: WorkDetect
I1014 14:51:04.443939  8215 work_detect.cpp:102] Succeeded to add det start for frame 162
I1014 14:51:04.450734  8215 work_detect.cpp:70] Frame :162 detect result :1 face(s)
I1014 14:51:04.450781  8215 work_detect.cpp:86] Detected bbox: [183 x 220 from (305, 28)]
I1014 14:51:04.450825  8215 work_detect.cpp:120] Succeeded to add det end for frame 162
I1014 14:51:04.450841  8215 work_thread.hpp:81]  [T-Work-Detect_0] Run work: WrokTrack
I1014 14:51:04.450866  8215 work_track.cpp:82] Frame: 162 build input_characts: [0.285937 x 0.611111 from (0.476562, 0.0777778)], 1.00019, 0
I1014 14:51:04.450922  8215 work_track.cpp:102] Succeeded to set track lock for frame 162
I1014 14:51:04.450963  8215 work_track.cpp:116] Succeeded to release track lock for frame 162
I1014 14:51:04.450978  8215 work_track.cpp:120] Track results of frame 162: 1 objects input, 1 objects tracked!
I1014 14:51:04.450995  8215 work_track.cpp:148] Frame: 162, track bbox: [183 x 220 from (305.376, 25.6628)], gid: 1, lid: 0
I1014 14:51:04.451030  8215 work_thread.hpp:87]  [T-Work-Detect_0] Frame :162 split
I1014 14:51:04.451048  8215 work_thread.hpp:120]  [T-Work-Detect_0] Valid piece: gid = 1
I1014 14:51:04.451066  8215 work_thread.hpp:91]  [T-Work-Detect_0] Push to split queue:recog
I1014 14:51:04.451118  8217 work_thread.hpp:81]  [T-Work-Recog_1] Run work: WorkCapture
I1014 14:51:04.451416  8218 thread_intergrate.hpp:78] [T-Intergrate-intergrate] queue: frame output frame :162
I1014 14:51:04.451444  8218 thread_intergrate.hpp:85] [T-Intergrate-intergrate] queue: compare output face:1
I1014 14:51:04.451463  8218 thread_intergrate.hpp:144] T-Intergrate-intergrate set matched face: 1
I1014 14:51:04.451668  8217 work_thread.hpp:81]  [T-Work-Recog_1] Run work: WorkRecog
I1014 14:51:04.451692  8217 work_recog.hpp:89] Face id: 1 will run recog: bbox [183 x 220 from (305, 28)] quality: 0.422931
I1014 14:51:04.451720  8217 work_recog.hpp:96] Recog pair: [264 x 312 from (264, 0)], [183 x 220 from (41, 28)]
I1014 14:51:04.453251  8218 thread_intergrate.hpp:164] T-Intergrate-intergrate Show face :1, size :640 * 360
I1014 14:51:04.453992  8214 demo_inner.hpp:435] thread [SORT-0]  frame id 162 sorting queue size 0   FPS: 28.6799
I1014 14:51:04.454064  8213 demo_inner.hpp:260]  gui queue size 0, state = running
I1014 14:51:04.469343  8217 work_thread.hpp:81]  [T-Work-Recog_1] Run work: WorkCompare
I1014 14:51:04.469830  8217 work_compare.cpp:76] Compare face: 1 successed, similarity :0.993237, name : images/ThangLMb.jpg, normal size : 1548 * 1719!
I1014 14:51:04.474151  8212 demo_inner.hpp:177] decode queue size 0
I1014 14:51:04.474232  8215 work_thread.hpp:81]  [T-Work-Detect_0] Run work: WorkDetect
I1014 14:51:04.474265  8215 work_detect.cpp:102] Succeeded to add det start for frame 163
I1014 14:51:04.481070  8215 work_detect.cpp:70] Frame :163 detect result :1 face(s)
I1014 14:51:04.481118  8215 work_detect.cpp:86] Detected bbox: [197 x 218 from (303, 11)]
I1014 14:51:04.481161  8215 work_detect.cpp:120] Succeeded to add det end for frame 163
I1014 14:51:04.481178  8215 work_thread.hpp:81]  [T-Work-Detect_0] Run work: WrokTrack
I1014 14:51:04.481204  8215 work_track.cpp:82] Frame: 163 build input_characts: [0.307813 x 0.605556 from (0.473437, 0.0305556)], 1.00019, 0
I1014 14:51:04.481259  8215 work_track.cpp:102] Succeeded to set track lock for frame 163
I1014 14:51:04.481298  8215 work_track.cpp:116] Succeeded to release track lock for frame 163
I1014 14:51:04.481313  8215 work_track.cpp:120] Track results of frame 163: 1 objects input, 1 objects tracked!
I1014 14:51:04.481331  8215 work_track.cpp:148] Frame: 163, track bbox: [197 x 218 from (300.816, 19.2408)], gid: 1, lid: 0
I1014 14:51:04.481366  8215 work_thread.hpp:87]  [T-Work-Detect_0] Frame :163 split
I1014 14:51:04.481384  8215 work_thread.hpp:120]  [T-Work-Detect_0] Valid piece: gid = 1
I1014 14:51:04.481401  8215 work_thread.hpp:91]  [T-Work-Detect_0] Push to split queue:recog
I1014 14:51:04.481449  8218 thread_intergrate.hpp:78] [T-Intergrate-intergrate] queue: frame output frame :163
I1014 14:51:04.481477  8218 thread_intergrate.hpp:85] [T-Intergrate-intergrate] queue: compare output face:1
I1014 14:51:04.481496  8218 thread_intergrate.hpp:144] T-Intergrate-intergrate set matched face: 1
I1014 14:51:04.481518  8216 work_thread.hpp:81]  [T-Work-Recog_0] Run work: WorkCapture
I1014 14:51:04.482270  8216 work_thread.hpp:81]  [T-Work-Recog_0] Run work: WorkRecog
I1014 14:51:04.482298  8216 work_recog.hpp:89] Face id: 1 will run recog: bbox [197 x 218 from (303, 11)] quality: 0.467972
I1014 14:51:04.482340  8216 work_recog.hpp:96] Recog pair: [280 x 304 from (264, 0)], [197 x 218 from (39, 11)]
I1014 14:51:04.483124  8218 thread_intergrate.hpp:164] T-Intergrate-intergrate Show face :1, size :640 * 360
I1014 14:51:04.483702  8214 demo_inner.hpp:435] thread [SORT-0]  frame id 163 sorting queue size 0   FPS: 28.692
I1014 14:51:04.483774  8213 demo_inner.hpp:260]  gui queue size 0, state = running
I1014 14:51:04.500918  8216 work_thread.hpp:81]  [T-Work-Recog_0] Run work: WorkCompare
I1014 14:51:04.501407  8216 work_compare.cpp:76] Compare face: 1 successed, similarity :0.998608, name : images/ThangLMb.jpg, normal size : 1548 * 1719!
I1014 14:51:04.509979  8212 demo_inner.hpp:177] decode queue size 0
I1014 14:51:04.510090  8215 work_thread.hpp:81]  [T-Work-Detect_0] Run work: WorkDetect
I1014 14:51:04.510123  8215 work_detect.cpp:102] Succeeded to add det start for frame 164
I1014 14:51:04.516921  8215 work_detect.cpp:70] Frame :164 detect result :1 face(s)
I1014 14:51:04.516965  8215 work_detect.cpp:86] Detected bbox: [180 x 220 from (307, 24)]
I1014 14:51:04.517009  8215 work_detect.cpp:120] Succeeded to add det end for frame 164
I1014 14:51:04.517025  8215 work_thread.hpp:81]  [T-Work-Detect_0] Run work: WrokTrack
I1014 14:51:04.517050  8215 work_track.cpp:82] Frame: 164 build input_characts: [0.28125 x 0.611111 from (0.479688, 0.0666667)], 1.00035, 0
I1014 14:51:04.517107  8215 work_track.cpp:102] Succeeded to set track lock for frame 164
I1014 14:51:04.517146  8215 work_track.cpp:116] Succeeded to release track lock for frame 164
I1014 14:51:04.517160  8215 work_track.cpp:120] Track results of frame 164: 1 objects input, 1 objects tracked!
I1014 14:51:04.517252  8215 work_track.cpp:148] Frame: 164, track bbox: [180 x 220 from (308.748, 19.38)], gid: 1, lid: 0
I1014 14:51:04.517290  8215 work_thread.hpp:87]  [T-Work-Detect_0] Frame :164 split
I1014 14:51:04.517308  8215 work_thread.hpp:120]  [T-Work-Detect_0] Valid piece: gid = 1
I1014 14:51:04.517326  8215 work_thread.hpp:91]  [T-Work-Detect_0] Push to split queue:recog
I1014 14:51:04.517376  8217 work_thread.hpp:81]  [T-Work-Recog_1] Run work: WorkCapture
I1014 14:51:04.517680  8218 thread_intergrate.hpp:78] [T-Intergrate-intergrate] queue: frame output frame :164
I1014 14:51:04.517707  8218 thread_intergrate.hpp:85] [T-Intergrate-intergrate] queue: compare output face:1
I1014 14:51:04.517726  8218 thread_intergrate.hpp:144] T-Intergrate-intergrate set matched face: 1
I1014 14:51:04.517935  8217 work_thread.hpp:81]  [T-Work-Recog_1] Run work: WorkRecog
I1014 14:51:04.517959  8217 work_recog.hpp:89] Face id: 1 will run recog: bbox [180 x 220 from (307, 24)] quality: 0.437786
I1014 14:51:04.517988  8217 work_recog.hpp:96] Recog pair: [264 x 312 from (264, 0)], [180 x 220 from (43, 24)]
I1014 14:51:04.519451  8218 thread_intergrate.hpp:164] T-Intergrate-intergrate Show face :1, size :640 * 360
I1014 14:51:04.520098  8214 demo_inner.hpp:435] thread [SORT-0]  frame id 164 sorting queue size 0   FPS: 28.6799
I1014 14:51:04.520195  8213 demo_inner.hpp:260]  gui queue size 0, state = running
I1014 14:51:04.535568  8217 work_thread.hpp:81]  [T-Work-Recog_1] Run work: WorkCompare
I1014 14:51:04.536031  8217 work_compare.cpp:76] Compare face: 1 successed, similarity :0.990038, name : images/ThangLMb.jpg, normal size : 1548 * 1719!
I1014 14:51:04.545724  8212 demo_inner.hpp:177] decode queue size 0
I1014 14:51:04.545825  8215 work_thread.hpp:81]  [T-Work-Detect_0] Run work: WorkDetect
I1014 14:51:04.545858  8215 work_detect.cpp:102] Succeeded to add det start for frame 165
I1014 14:51:04.552613  8215 work_detect.cpp:70] Frame :165 detect result :1 face(s)
I1014 14:51:04.552657  8215 work_detect.cpp:86] Detected bbox: [189 x 208 from (307, 18)]
I1014 14:51:04.552700  8215 work_detect.cpp:120] Succeeded to add det end for frame 165
I1014 14:51:04.552716  8215 work_thread.hpp:81]  [T-Work-Detect_0] Run work: WrokTrack
I1014 14:51:04.552744  8215 work_track.cpp:82] Frame: 165 build input_characts: [0.295312 x 0.577778 from (0.479688, 0.05)], 1.00019, 0
I1014 14:51:04.552811  8215 work_track.cpp:102] Succeeded to set track lock for frame 165
I1014 14:51:04.552863  8215 work_track.cpp:116] Succeeded to release track lock for frame 165
I1014 14:51:04.552878  8215 work_track.cpp:120] Track results of frame 165: 1 objects input, 1 objects tracked!
I1014 14:51:04.552897  8215 work_track.cpp:148] Frame: 165, track bbox: [189 x 208 from (306.028, 20.4081)], gid: 1, lid: 0
I1014 14:51:04.552935  8215 work_thread.hpp:87]  [T-Work-Detect_0] Frame :165 split
I1014 14:51:04.552954  8215 work_thread.hpp:120]  [T-Work-Detect_0] Valid piece: gid = 1
I1014 14:51:04.552973  8215 work_thread.hpp:91]  [T-Work-Detect_0] Push to split queue:recog
I1014 14:51:04.553031  8217 work_thread.hpp:81]  [T-Work-Recog_1] Run work: WorkCapture
I1014 14:51:04.553364  8218 thread_intergrate.hpp:78] [T-Intergrate-intergrate] queue: frame output frame :165
I1014 14:51:04.553395  8218 thread_intergrate.hpp:85] [T-Intergrate-intergrate] queue: compare output face:1
I1014 14:51:04.553414  8218 thread_intergrate.hpp:144] T-Intergrate-intergrate set matched face: 1
I1014 14:51:04.553618  8217 work_thread.hpp:81]  [T-Work-Recog_1] Run work: WorkRecog
I1014 14:51:04.553643  8217 work_recog.hpp:89] Face id: 1 will run recog: bbox [189 x 208 from (307, 18)] quality: 0.41565
I1014 14:51:04.553674  8217 work_recog.hpp:96] Recog pair: [272 x 296 from (264, 0)], [189 x 208 from (43, 18)]
I1014 14:51:04.555145  8218 thread_intergrate.hpp:164] T-Intergrate-intergrate Show face :1, size :640 * 360
I1014 14:51:04.555763  8214 demo_inner.hpp:435] thread [SORT-0]  frame id 165 sorting queue size 0   FPS: 28.6195
I1014 14:51:04.555903  8213 demo_inner.hpp:260]  gui queue size 0, state = running
I1014 14:51:04.571321  8217 work_thread.hpp:81]  [T-Work-Recog_1] Run work: WorkCompare
I1014 14:51:04.571784  8217 work_compare.cpp:76] Compare face: 1 successed, similarity :0.993126, name : images/ThangLMb.jpg, normal size : 1548 * 1719!
I1014 14:51:04.576138  8212 demo_inner.hpp:177] decode queue size 0
I1014 14:51:04.576251  8215 work_thread.hpp:81]  [T-Work-Detect_0] Run work: WorkDetect
I1014 14:51:04.576287  8215 work_detect.cpp:102] Succeeded to add det start for frame 166
I1014 14:51:04.583050  8215 work_detect.cpp:70] Frame :166 detect result :1 face(s)
I1014 14:51:04.583094  8215 work_detect.cpp:86] Detected bbox: [186 x 208 from (306, 18)]
I1014 14:51:04.583137  8215 work_detect.cpp:120] Succeeded to add det end for frame 166
I1014 14:51:04.583153  8215 work_thread.hpp:81]  [T-Work-Detect_0] Run work: WrokTrack
I1014 14:51:04.583178  8215 work_track.cpp:82] Frame: 166 build input_characts: [0.290625 x 0.577778 from (0.478125, 0.05)], 1.00035, 0
I1014 14:51:04.583235  8215 work_track.cpp:102] Succeeded to set track lock for frame 166
I1014 14:51:04.583276  8215 work_track.cpp:116] Succeeded to release track lock for frame 166
I1014 14:51:04.583289  8215 work_track.cpp:120] Track results of frame 166: 1 objects input, 1 objects tracked!
I1014 14:51:04.583307  8215 work_track.cpp:148] Frame: 166, track bbox: [186 x 208 from (307.013, 17.7234)], gid: 1, lid: 0
I1014 14:51:04.583343  8215 work_thread.hpp:87]  [T-Work-Detect_0] Frame :166 split
I1014 14:51:04.583359  8215 work_thread.hpp:120]  [T-Work-Detect_0] Valid piece: gid = 1
I1014 14:51:04.583379  8215 work_thread.hpp:91]  [T-Work-Detect_0] Push to split queue:recog
I1014 14:51:04.583421  8217 work_thread.hpp:81]  [T-Work-Recog_1] Run work: WorkCapture
I1014 14:51:04.583724  8218 thread_intergrate.hpp:78] [T-Intergrate-intergrate] queue: frame output frame :166
I1014 14:51:04.583751  8218 thread_intergrate.hpp:85] [T-Intergrate-intergrate] queue: compare output face:1
I1014 14:51:04.583771  8218 thread_intergrate.hpp:144] T-Intergrate-intergrate set matched face: 1
I1014 14:51:04.583972  8217 work_thread.hpp:81]  [T-Work-Recog_1] Run work: WorkRecog
I1014 14:51:04.583995  8217 work_recog.hpp:89] Face id: 1 will run recog: bbox [186 x 208 from (306, 18)] quality: 0.406362
I1014 14:51:04.584023  8217 work_recog.hpp:96] Recog pair: [272 x 296 from (264, 0)], [186 x 208 from (42, 18)]
I1014 14:51:04.585516  8218 thread_intergrate.hpp:164] T-Intergrate-intergrate Show face :1, size :640 * 360
I1014 14:51:04.586156  8214 demo_inner.hpp:435] thread [SORT-0]  frame id 166 sorting queue size 0   FPS: 28.6799
I1014 14:51:04.586228  8213 demo_inner.hpp:260]  gui queue size 0, state = running
I1014 14:51:04.601558  8217 work_thread.hpp:81]  [T-Work-Recog_1] Run work: WorkCompare
I1014 14:51:04.602020  8217 work_compare.cpp:76] Compare face: 1 successed, similarity :0.99586, name : images/ThangLMb.jpg, normal size : 1548 * 1719!
I1014 14:51:04.611835  8212 demo_inner.hpp:177] decode queue size 0
I1014 14:51:04.611932  8215 work_thread.hpp:81]  [T-Work-Detect_0] Run work: WorkDetect
I1014 14:51:04.611965  8215 work_detect.cpp:102] Succeeded to add det start for frame 167
I1014 14:51:04.618746  8215 work_detect.cpp:70] Frame :167 detect result :1 face(s)
I1014 14:51:04.618789  8215 work_detect.cpp:86] Detected bbox: [179 x 207 from (329, 38)]
I1014 14:51:04.618834  8215 work_detect.cpp:120] Succeeded to add det end for frame 167
I1014 14:51:04.618849  8215 work_thread.hpp:81]  [T-Work-Detect_0] Run work: WrokTrack
I1014 14:51:04.618875  8215 work_track.cpp:82] Frame: 167 build input_characts: [0.279687 x 0.575 from (0.514063, 0.105556)], 1.00035, 0
I1014 14:51:04.618932  8215 work_track.cpp:102] Succeeded to set track lock for frame 167
I1014 14:51:04.618971  8215 work_track.cpp:116] Succeeded to release track lock for frame 167
I1014 14:51:04.618986  8215 work_track.cpp:120] Track results of frame 167: 1 objects input, 1 objects tracked!
I1014 14:51:04.619004  8215 work_track.cpp:148] Frame: 167, track bbox: [179 x 207 from (320.461, 26.9105)], gid: 1, lid: 0
I1014 14:51:04.619112  8215 work_thread.hpp:87]  [T-Work-Detect_0] Frame :167 split
I1014 14:51:04.619132  8215 work_thread.hpp:120]  [T-Work-Detect_0] Valid piece: gid = 1
I1014 14:51:04.619149  8215 work_thread.hpp:91]  [T-Work-Detect_0] Push to split queue:recog
I1014 14:51:04.619199  8217 work_thread.hpp:81]  [T-Work-Recog_1] Run work: WorkCapture
I1014 14:51:04.619503  8218 thread_intergrate.hpp:78] [T-Intergrate-intergrate] queue: frame output frame :167
I1014 14:51:04.619531  8218 thread_intergrate.hpp:85] [T-Intergrate-intergrate] queue: compare output face:1
I1014 14:51:04.619550  8218 thread_intergrate.hpp:144] T-Intergrate-intergrate set matched face: 1
I1014 14:51:04.619760  8217 work_thread.hpp:81]  [T-Work-Recog_1] Run work: WorkRecog
I1014 14:51:04.619782  8217 work_recog.hpp:89] Face id: 1 will run recog: bbox [179 x 207 from (329, 38)] quality: 0.181598
I1014 14:51:04.619813  8217 work_recog.hpp:96] Recog pair: [256 x 296 from (288, 0)], [179 x 207 from (41, 38)]
I1014 14:51:04.621304  8218 thread_intergrate.hpp:164] T-Intergrate-intergrate Show face :1, size :640 * 360
I1014 14:51:04.621951  8214 demo_inner.hpp:435] thread [SORT-0]  frame id 167 sorting queue size 0   FPS: 28.6799
I1014 14:51:04.622018  8213 demo_inner.hpp:260]  gui queue size 0, state = running
I1014 14:51:04.637586  8217 work_thread.hpp:81]  [T-Work-Recog_1] Run work: WorkCompare
I1014 14:51:04.638123  8217 work_compare.cpp:71] Compare face: 1 failed
I1014 14:51:04.642141  8212 demo_inner.hpp:177] decode queue size 0
I1014 14:51:04.642246  8215 work_thread.hpp:81]  [T-Work-Detect_0] Run work: WorkDetect
I1014 14:51:04.642280  8215 work_detect.cpp:102] Succeeded to add det start for frame 168
I1014 14:51:04.649133  8215 work_detect.cpp:70] Frame :168 detect result :1 face(s)
I1014 14:51:04.649173  8215 work_detect.cpp:86] Detected bbox: [177 x 211 from (310, 33)]
I1014 14:51:04.649216  8215 work_detect.cpp:120] Succeeded to add det end for frame 168
I1014 14:51:04.649233  8215 work_thread.hpp:81]  [T-Work-Detect_0] Run work: WrokTrack
I1014 14:51:04.649258  8215 work_track.cpp:82] Frame: 168 build input_characts: [0.276563 x 0.586111 from (0.484375, 0.0916667)], 0.999622, 0
I1014 14:51:04.649314  8215 work_track.cpp:102] Succeeded to set track lock for frame 168
I1014 14:51:04.649355  8215 work_track.cpp:116] Succeeded to release track lock for frame 168
I1014 14:51:04.649369  8215 work_track.cpp:120] Track results of frame 168: 1 objects input, 1 objects tracked!
I1014 14:51:04.649387  8215 work_track.cpp:148] Frame: 168, track bbox: [177 x 211 from (317.516, 32.3742)], gid: 1, lid: 0
I1014 14:51:04.649423  8215 work_thread.hpp:87]  [T-Work-Detect_0] Frame :168 split
I1014 14:51:04.649441  8215 work_thread.hpp:120]  [T-Work-Detect_0] Valid piece: gid = 1
I1014 14:51:04.649458  8215 work_thread.hpp:91]  [T-Work-Detect_0] Push to split queue:recog
I1014 14:51:04.649505  8216 work_thread.hpp:81]  [T-Work-Recog_0] Run work: WorkCapture
I1014 14:51:04.649510  8218 thread_intergrate.hpp:78] [T-Intergrate-intergrate] queue: frame output frame :168
I1014 14:51:04.649569  8218 thread_intergrate.hpp:85] [T-Intergrate-intergrate] queue: compare output face:1
I1014 14:51:04.649588  8218 thread_intergrate.hpp:144] T-Intergrate-intergrate set matched face: 1
I1014 14:51:04.650190  8216 work_thread.hpp:81]  [T-Work-Recog_0] Run work: WorkRecog
I1014 14:51:04.650216  8216 work_recog.hpp:89] Face id: 1 will run recog: bbox [177 x 211 from (310, 33)] quality: 0.405792
I1014 14:51:04.650271  8216 work_recog.hpp:96] Recog pair: [256 x 296 from (272, 0)], [177 x 211 from (38, 33)]
I1014 14:51:04.651198  8218 thread_intergrate.hpp:164] T-Intergrate-intergrate Show face :1, size :640 * 360
I1014 14:51:04.651790  8214 demo_inner.hpp:435] thread [SORT-0]  frame id 168 sorting queue size 0   FPS: 28.6799
I1014 14:51:04.668267  8216 work_thread.hpp:81]  [T-Work-Recog_0] Run work: WorkCompare
I1014 14:51:04.668860  8216 work_compare.cpp:76] Compare face: 1 successed, similarity :0.887668, name : images/ThangLMb.jpg, normal size : 1548 * 1719!
I1014 14:51:04.678167  8212 demo_inner.hpp:177] decode queue size 0
I1014 14:51:04.678273  8215 work_thread.hpp:81]  [T-Work-Detect_0] Run work: WorkDetect
I1014 14:51:04.678306  8215 work_detect.cpp:102] Succeeded to add det start for frame 169
I1014 14:51:04.685129  8215 work_detect.cpp:70] Frame :169 detect result :1 face(s)
I1014 14:51:04.685173  8215 work_detect.cpp:86] Detected bbox: [180 x 215 from (308, 31)]
I1014 14:51:04.685218  8215 work_detect.cpp:120] Succeeded to add det end for frame 169
I1014 14:51:04.685235  8215 work_thread.hpp:81]  [T-Work-Detect_0] Run work: WrokTrack
I1014 14:51:04.685261  8215 work_track.cpp:82] Frame: 169 build input_characts: [0.28125 x 0.597222 from (0.48125, 0.0861111)], 0.999622, 0
I1014 14:51:04.685317  8215 work_track.cpp:102] Succeeded to set track lock for frame 169
I1014 14:51:04.685358  8215 work_track.cpp:116] Succeeded to release track lock for frame 169
I1014 14:51:04.685371  8215 work_track.cpp:120] Track results of frame 169: 1 objects input, 1 objects tracked!
I1014 14:51:04.685389  8215 work_track.cpp:148] Frame: 169, track bbox: [180 x 215 from (313.19, 31.7757)], gid: 1, lid: 0
I1014 14:51:04.685423  8215 work_thread.hpp:87]  [T-Work-Detect_0] Frame :169 split
I1014 14:51:04.685441  8215 work_thread.hpp:120]  [T-Work-Detect_0] Valid piece: gid = 1
I1014 14:51:04.685459  8215 work_thread.hpp:91]  [T-Work-Detect_0] Push to split queue:recog
I1014 14:51:04.685509  8217 work_thread.hpp:81]  [T-Work-Recog_1] Run work: WorkCapture
I1014 14:51:04.685813  8218 thread_intergrate.hpp:78] [T-Intergrate-intergrate] queue: frame output frame :169
I1014 14:51:04.685842  8218 thread_intergrate.hpp:85] [T-Intergrate-intergrate] queue: compare output face:1
I1014 14:51:04.685859  8218 thread_intergrate.hpp:144] T-Intergrate-intergrate set matched face: 1
I1014 14:51:04.686070  8217 work_thread.hpp:81]  [T-Work-Recog_1] Run work: WorkRecog
I1014 14:51:04.686094  8217 work_recog.hpp:89] Face id: 1 will run recog: bbox [180 x 215 from (308, 31)] quality: 0.406008
I1014 14:51:04.686122  8217 work_recog.hpp:96] Recog pair: [256 x 304 from (272, 0)], [180 x 215 from (36, 31)]
I1014 14:51:04.687597  8218 thread_intergrate.hpp:164] T-Intergrate-intergrate Show face :1, size :640 * 360
I1014 14:51:04.688268  8214 demo_inner.hpp:435] thread [SORT-0]  frame id 169 sorting queue size 1   FPS: 28.6799
I1014 14:51:04.692198  8213 demo_inner.hpp:260]  gui queue size 1, state = running
I1014 14:51:04.703670  8217 work_thread.hpp:81]  [T-Work-Recog_1] Run work: WorkCompare
I1014 14:51:04.704135  8217 work_compare.cpp:76] Compare face: 1 successed, similarity :0.98016, name : images/ThangLMb.jpg, normal size : 1548 * 1719!
I1014 14:51:04.708087  8212 demo_inner.hpp:177] decode queue size 0
I1014 14:51:04.708184  8215 work_thread.hpp:81]  [T-Work-Detect_0] Run work: WorkDetect
I1014 14:51:04.708220  8215 work_detect.cpp:102] Succeeded to add det start for frame 170
I1014 14:51:04.714974  8215 work_detect.cpp:70] Frame :170 detect result :1 face(s)
I1014 14:51:04.715024  8215 work_detect.cpp:86] Detected bbox: [177 x 211 from (313, 32)]
I1014 14:51:04.715068  8215 work_detect.cpp:120] Succeeded to add det end for frame 170
I1014 14:51:04.715085  8215 work_thread.hpp:81]  [T-Work-Detect_0] Run work: WrokTrack
I1014 14:51:04.715111  8215 work_track.cpp:82] Frame: 170 build input_characts: [0.276563 x 0.586111 from (0.489062, 0.0888889)], 0.999622, 0
I1014 14:51:04.715167  8215 work_track.cpp:102] Succeeded to set track lock for frame 170
I1014 14:51:04.715207  8215 work_track.cpp:116] Succeeded to release track lock for frame 170
I1014 14:51:04.715222  8215 work_track.cpp:120] Track results of frame 170: 1 objects input, 1 objects tracked!
I1014 14:51:04.715240  8215 work_track.cpp:148] Frame: 170, track bbox: [177 x 211 from (312.681, 36.6947)], gid: 1, lid: 0
I1014 14:51:04.715276  8215 work_thread.hpp:87]  [T-Work-Detect_0] Frame :170 split
I1014 14:51:04.715294  8215 work_thread.hpp:120]  [T-Work-Detect_0] Valid piece: gid = 1
I1014 14:51:04.715385  8215 work_thread.hpp:91]  [T-Work-Detect_0] Push to split queue:recog
I1014 14:51:04.715443  8218 thread_intergrate.hpp:78] [T-Intergrate-intergrate] queue: frame output frame :170
I1014 14:51:04.715442  8216 work_thread.hpp:81]  [T-Work-Recog_0] Run work: WorkCapture
I1014 14:51:04.715485  8218 thread_intergrate.hpp:85] [T-Intergrate-intergrate] queue: compare output face:1
I1014 14:51:04.715504  8218 thread_intergrate.hpp:144] T-Intergrate-intergrate set matched face: 1
I1014 14:51:04.716148  8216 work_thread.hpp:81]  [T-Work-Recog_0] Run work: WorkRecog
I1014 14:51:04.716218  8216 work_recog.hpp:89] Face id: 1 will run recog: bbox [177 x 211 from (313, 32)] quality: 0.286126
I1014 14:51:04.716253  8216 work_recog.hpp:96] Recog pair: [256 x 296 from (272, 0)], [177 x 211 from (41, 32)]
I1014 14:51:04.717150  8218 thread_intergrate.hpp:164] T-Intergrate-intergrate Show face :1, size :640 * 360
I1014 14:51:04.717731  8214 demo_inner.hpp:435] thread [SORT-0]  frame id 170 sorting queue size 0   FPS: 28.692
I1014 14:51:04.734480  8216 work_thread.hpp:81]  [T-Work-Recog_0] Run work: WorkCompare
I1014 14:51:04.735045  8216 work_compare.cpp:76] Compare face: 1 successed, similarity :0.97636, name : images/ThangLMb.jpg, normal size : 1548 * 1719!
I1014 14:51:04.743844  8212 demo_inner.hpp:177] decode queue size 0
I1014 14:51:04.743947  8215 work_thread.hpp:81]  [T-Work-Detect_0] Run work: WorkDetect
I1014 14:51:04.743980  8215 work_detect.cpp:102] Succeeded to add det start for frame 171
I1014 14:51:04.750790  8215 work_detect.cpp:70] Frame :171 detect result :1 face(s)
I1014 14:51:04.750838  8215 work_detect.cpp:86] Detected bbox: [171 x 207 from (313, 36)]
I1014 14:51:04.750882  8215 work_detect.cpp:120] Succeeded to add det end for frame 171
I1014 14:51:04.750900  8215 work_thread.hpp:81]  [T-Work-Detect_0] Run work: WrokTrack
I1014 14:51:04.750924  8215 work_track.cpp:82] Frame: 171 build input_characts: [0.267188 x 0.575 from (0.489062, 0.1)], 0.999622, 0
I1014 14:51:04.750982  8215 work_track.cpp:102] Succeeded to set track lock for frame 171
I1014 14:51:04.751022  8215 work_track.cpp:116] Succeeded to release track lock for frame 171
I1014 14:51:04.751037  8215 work_track.cpp:120] Track results of frame 171: 1 objects input, 1 objects tracked!
I1014 14:51:04.751055  8215 work_track.cpp:148] Frame: 171, track bbox: [171 x 207 from (312.985, 38.1337)], gid: 1, lid: 0
I1014 14:51:04.751091  8215 work_thread.hpp:87]  [T-Work-Detect_0] Frame :171 split
I1014 14:51:04.751108  8215 work_thread.hpp:120]  [T-Work-Detect_0] Valid piece: gid = 1
I1014 14:51:04.751127  8215 work_thread.hpp:91]  [T-Work-Detect_0] Push to split queue:recog
I1014 14:51:04.751181  8217 work_thread.hpp:81]  [T-Work-Recog_1] Run work: WorkCapture
I1014 14:51:04.751483  8218 thread_intergrate.hpp:78] [T-Intergrate-intergrate] queue: frame output frame :171
I1014 14:51:04.751509  8218 thread_intergrate.hpp:85] [T-Intergrate-intergrate] queue: compare output face:1
I1014 14:51:04.751528  8218 thread_intergrate.hpp:144] T-Intergrate-intergrate set matched face: 1
I1014 14:51:04.751740  8217 work_thread.hpp:81]  [T-Work-Recog_1] Run work: WorkRecog
I1014 14:51:04.751765  8217 work_recog.hpp:89] Face id: 1 will run recog: bbox [171 x 207 from (313, 36)] quality: 0.347109
I1014 14:51:04.751793  8217 work_recog.hpp:96] Recog pair: [248 x 296 from (272, 0)], [171 x 207 from (41, 36)]
I1014 14:51:04.753269  8218 thread_intergrate.hpp:164] T-Intergrate-intergrate Show face :1, size :640 * 360
I1014 14:51:04.753922  8214 demo_inner.hpp:435] thread [SORT-0]  frame id 171 sorting queue size 1   FPS: 28.6799
I1014 14:51:04.769279  8217 work_thread.hpp:81]  [T-Work-Recog_1] Run work: WorkCompare
I1014 14:51:04.769804  8217 work_compare.cpp:71] Compare face: 1 failed
I1014 14:51:04.770354  8213 demo_inner.hpp:260]  gui queue size 1, state = running
I1014 14:51:04.779883  8212 demo_inner.hpp:177] decode queue size 0
I1014 14:51:04.779983  8215 work_thread.hpp:81]  [T-Work-Detect_0] Run work: WorkDetect
I1014 14:51:04.780017  8215 work_detect.cpp:102] Succeeded to add det start for frame 172
I1014 14:51:04.786809  8215 work_detect.cpp:70] Frame :172 detect result :1 face(s)
I1014 14:51:04.786857  8215 work_detect.cpp:86] Detected bbox: [180 x 218 from (306, 31)]
I1014 14:51:04.786902  8215 work_detect.cpp:120] Succeeded to add det end for frame 172
I1014 14:51:04.786919  8215 work_thread.hpp:81]  [T-Work-Detect_0] Run work: WrokTrack
I1014 14:51:04.786945  8215 work_track.cpp:82] Frame: 172 build input_characts: [0.28125 x 0.605556 from (0.478125, 0.0861111)], 0.999622, 0
I1014 14:51:04.787003  8215 work_track.cpp:102] Succeeded to set track lock for frame 172
I1014 14:51:04.787045  8215 work_track.cpp:116] Succeeded to release track lock for frame 172
I1014 14:51:04.787060  8215 work_track.cpp:120] Track results of frame 172: 1 objects input, 1 objects tracked!
I1014 14:51:04.787078  8215 work_track.cpp:148] Frame: 172, track bbox: [180 x 218 from (304.043, 29.8579)], gid: 1, lid: 0
I1014 14:51:04.787114  8215 work_thread.hpp:87]  [T-Work-Detect_0] Frame :172 split
I1014 14:51:04.787134  8215 work_thread.hpp:120]  [T-Work-Detect_0] Valid piece: gid = 1
I1014 14:51:04.787153  8215 work_thread.hpp:91]  [T-Work-Detect_0] Push to split queue:recog
I1014 14:51:04.787214  8217 work_thread.hpp:81]  [T-Work-Recog_1] Run work: WorkCapture
I1014 14:51:04.787526  8218 thread_intergrate.hpp:78] [T-Intergrate-intergrate] queue: frame output frame :172
I1014 14:51:04.787763  8217 work_thread.hpp:81]  [T-Work-Recog_1] Run work: WorkRecog
I1014 14:51:04.787786  8217 work_recog.hpp:89] Face id: 1 will run recog: bbox [180 x 218 from (306, 31)] quality: 0.385181
I1014 14:51:04.787816  8217 work_recog.hpp:96] Recog pair: [264 x 304 from (264, 0)], [180 x 218 from (42, 31)]
I1014 14:51:04.788715  8218 thread_intergrate.hpp:164] T-Intergrate-intergrate Show face :1, size :640 * 360
I1014 14:51:04.789299  8214 demo_inner.hpp:435] thread [SORT-0]  frame id 172 sorting queue size 0   FPS: 28.6195
I1014 14:51:04.805555  8217 work_thread.hpp:81]  [T-Work-Recog_1] Run work: WorkCompare
I1014 14:51:04.806021  8217 work_compare.cpp:76] Compare face: 1 successed, similarity :0.990408, name : images/ThangLMb.jpg, normal size : 1548 * 1719!
I1014 14:51:04.810101  8212 demo_inner.hpp:177] decode queue size 0
I1014 14:51:04.810199  8215 work_thread.hpp:81]  [T-Work-Detect_0] Run work: WorkDetect
I1014 14:51:04.810233  8215 work_detect.cpp:102] Succeeded to add det start for frame 173
I1014 14:51:04.816972  8215 work_detect.cpp:70] Frame :173 detect result :1 face(s)
I1014 14:51:04.817003  8215 work_detect.cpp:86] Detected bbox: [176 x 218 from (308, 32)]
I1014 14:51:04.817045  8215 work_detect.cpp:120] Succeeded to add det end for frame 173
I1014 14:51:04.817061  8215 work_thread.hpp:81]  [T-Work-Detect_0] Run work: WrokTrack
I1014 14:51:04.817085  8215 work_track.cpp:82] Frame: 173 build input_characts: [0.275 x 0.605556 from (0.48125, 0.0888889)], 1.00019, 0
I1014 14:51:04.817143  8215 work_track.cpp:102] Succeeded to set track lock for frame 173
I1014 14:51:04.817183  8215 work_track.cpp:116] Succeeded to release track lock for frame 173
I1014 14:51:04.817198  8215 work_track.cpp:120] Track results of frame 173: 1 objects input, 1 objects tracked!
I1014 14:51:04.817215  8215 work_track.cpp:148] Frame: 173, track bbox: [176 x 218 from (308.54, 31.521)], gid: 1, lid: 0
I1014 14:51:04.817250  8215 work_thread.hpp:87]  [T-Work-Detect_0] Frame :173 split
I1014 14:51:04.817267  8215 work_thread.hpp:120]  [T-Work-Detect_0] Valid piece: gid = 1
I1014 14:51:04.817286  8215 work_thread.hpp:91]  [T-Work-Detect_0] Push to split queue:recog
I1014 14:51:04.817329  8216 work_thread.hpp:81]  [T-Work-Recog_0] Run work: WorkCapture
I1014 14:51:04.817334  8218 thread_intergrate.hpp:78] [T-Intergrate-intergrate] queue: frame output frame :173
I1014 14:51:04.817361  8218 thread_intergrate.hpp:85] [T-Intergrate-intergrate] queue: compare output face:1
I1014 14:51:04.817380  8218 thread_intergrate.hpp:144] T-Intergrate-intergrate set matched face: 1
I1014 14:51:04.817950  8216 work_thread.hpp:81]  [T-Work-Recog_0] Run work: WorkRecog
I1014 14:51:04.818073  8216 work_recog.hpp:89] Face id: 1 will run recog: bbox [176 x 218 from (308, 32)] quality: 0.406008
I1014 14:51:04.818115  8216 work_recog.hpp:96] Recog pair: [248 x 304 from (272, 0)], [176 x 218 from (36, 32)]
I1014 14:51:04.819010  8218 thread_intergrate.hpp:164] T-Intergrate-intergrate Show face :1, size :640 * 360
I1014 14:51:04.819600  8214 demo_inner.hpp:435] thread [SORT-0]  frame id 173 sorting queue size 1   FPS: 28.6799
I1014 14:51:04.836233  8216 work_thread.hpp:81]  [T-Work-Recog_0] Run work: WorkCompare
I1014 14:51:04.836808  8216 work_compare.cpp:76] Compare face: 1 successed, similarity :0.916624, name : images/ThangLMb.jpg, normal size : 1548 * 1719!
I1014 14:51:04.843330  8213 demo_inner.hpp:260]  gui queue size 1, state = running
I1014 14:51:04.845988  8212 demo_inner.hpp:177] decode queue size 0
I1014 14:51:04.846133  8215 work_thread.hpp:81]  [T-Work-Detect_0] Run work: WorkDetect
I1014 14:51:04.846171  8215 work_detect.cpp:102] Succeeded to add det start for frame 174
I1014 14:51:04.853072  8215 work_detect.cpp:70] Frame :174 detect result :1 face(s)
I1014 14:51:04.853112  8215 work_detect.cpp:86] Detected bbox: [178 x 220 from (309, 31)]
I1014 14:51:04.853154  8215 work_detect.cpp:120] Succeeded to add det end for frame 174
I1014 14:51:04.853170  8215 work_thread.hpp:81]  [T-Work-Detect_0] Run work: WrokTrack
I1014 14:51:04.853195  8215 work_track.cpp:82] Frame: 174 build input_characts: [0.278125 x 0.611111 from (0.482812, 0.0861111)], 1.00019, 0
I1014 14:51:04.853250  8215 work_track.cpp:102] Succeeded to set track lock for frame 174
I1014 14:51:04.853291  8215 work_track.cpp:116] Succeeded to release track lock for frame 174
I1014 14:51:04.853305  8215 work_track.cpp:120] Track results of frame 174: 1 objects input, 1 objects tracked!
I1014 14:51:04.853324  8215 work_track.cpp:148] Frame: 174, track bbox: [178 x 220 from (307.675, 31.2624)], gid: 1, lid: 0
I1014 14:51:04.853359  8215 work_thread.hpp:87]  [T-Work-Detect_0] Frame :174 split
I1014 14:51:04.853377  8215 work_thread.hpp:120]  [T-Work-Detect_0] Valid piece: gid = 1
