Log file created at: 2019/10/14 12:07:04
Running on machine: zcu104
Log line format: [IWEF]mmdd hh:mm:ss.uuuuuu threadid file:line] msg
I1014 12:07:04.205765  5672 feature_lib.cpp:107] Feature lib read name: images/thanglmb.jpg
I1014 12:07:04.206712  5672 feature_lib.cpp:129] Read lib face : images/thanglmb.jpg
I1014 12:07:04.206842  5672 feature_lib.cpp:148] Loading normal image: images/thanglmb.jpg...
I1014 12:07:04.214752  5672 feature_lib.cpp:153] Load normal image: images/thanglmb.jpg done size: 640 * 360
I1014 12:07:04.582186  5672 demo_inner.hpp:126] thread [DedodeThread-0] is starting
I1014 12:07:04.582346  5672 demo_inner.hpp:126] thread [GUIThread] is starting
I1014 12:07:04.582417  5674 demo_inner.hpp:101] thread [DedodeThread-0] is started
I1014 12:07:04.582454  5672 demo_inner.hpp:126] thread [SORT-0] is starting
I1014 12:07:04.582506  5675 demo_inner.hpp:101] thread [GUIThread] is started
I1014 12:07:04.582525  5672 demo_inner.hpp:126] thread [T-Work-Detect_0] is starting
I1014 12:07:04.582577  5676 demo_inner.hpp:101] thread [SORT-0] is started
I1014 12:07:04.582592  5672 demo_inner.hpp:126] thread [T-Work-Recog_0] is starting
I1014 12:07:04.582653  5677 demo_inner.hpp:101] thread [T-Work-Detect_0] is started
I1014 12:07:04.582670  5672 demo_inner.hpp:126] thread [T-Work-Recog_1] is starting
I1014 12:07:04.582705  5678 demo_inner.hpp:101] thread [T-Work-Recog_0] is started
I1014 12:07:04.582737  5672 demo_inner.hpp:126] thread [T-Intergrate-intergrate] is starting
I1014 12:07:04.582782  5679 demo_inner.hpp:101] thread [T-Work-Recog_1] is started
I1014 12:07:04.582823  5672 demo_inner.hpp:137] waiting for [GUIThread] ended
I1014 12:07:04.582846  5680 demo_inner.hpp:101] thread [T-Intergrate-intergrate] is started
I1014 12:07:05.286617  5674 demo_inner.hpp:177] decode queue size 0
I1014 12:07:05.286789  5677 work_thread.hpp:81]  [T-Work-Detect_0] Run work: WorkDetect
I1014 12:07:05.286852  5677 work_detect.cpp:102] Succeeded to add det start for frame 1
I1014 12:07:05.294121  5677 work_detect.cpp:70] Frame :1 detect result :1 face(s)
W1014 12:07:05.294162  5677 work_detect.cpp:83] Invalid bbox: [184 x 215 from (281, 160)]
I1014 12:07:05.294473  5677 work_detect.cpp:120] Succeeded to add det end for frame 1
I1014 12:07:05.294492  5677 work_thread.hpp:81]  [T-Work-Detect_0] Run work: WrokTrack
I1014 12:07:05.294523  5677 work_track.cpp:102] Succeeded to set track lock for frame 1
I1014 12:07:05.294572  5677 work_track.cpp:116] Succeeded to release track lock for frame 1
I1014 12:07:05.294587  5677 work_track.cpp:120] Track results of frame 1: 0 objects input, 0 objects tracked!
I1014 12:07:05.294606  5677 work_thread.hpp:88]  [T-Work-Detect_0] Frame :1 split
I1014 12:07:05.294653  5680 thread_intergrate.hpp:78] [T-Intergrate-intergrate] queue: frame output frame :1
I1014 12:07:05.295781  5676 demo_inner.hpp:435] thread [SORT-0]  frame id 1 sorting queue size 0   FPS: -1
I1014 12:07:05.295887  5675 demo_inner.hpp:260]  gui queue size 0, state = running
I1014 12:07:05.334417  5674 demo_inner.hpp:177] decode queue size 0
I1014 12:07:05.334544  5677 work_thread.hpp:81]  [T-Work-Detect_0] Run work: WorkDetect
I1014 12:07:05.334583  5677 work_detect.cpp:102] Succeeded to add det start for frame 2
I1014 12:07:05.341624  5677 work_detect.cpp:70] Frame :2 detect result :1 face(s)
W1014 12:07:05.341679  5677 work_detect.cpp:83] Invalid bbox: [185 x 217 from (280, 157)]
I1014 12:07:05.341754  5677 work_detect.cpp:120] Succeeded to add det end for frame 2
I1014 12:07:05.341771  5677 work_thread.hpp:81]  [T-Work-Detect_0] Run work: WrokTrack
I1014 12:07:05.341799  5677 work_track.cpp:102] Succeeded to set track lock for frame 2
I1014 12:07:05.341826  5677 work_track.cpp:116] Succeeded to release track lock for frame 2
I1014 12:07:05.341840  5677 work_track.cpp:120] Track results of frame 2: 0 objects input, 0 objects tracked!
I1014 12:07:05.341859  5677 work_thread.hpp:88]  [T-Work-Detect_0] Frame :2 split
I1014 12:07:05.341903  5680 thread_intergrate.hpp:78] [T-Intergrate-intergrate] queue: frame output frame :2
I1014 12:07:05.343441  5676 demo_inner.hpp:435] thread [SORT-0]  frame id 2 sorting queue size 0   FPS: 21.2766
I1014 12:07:05.343535  5675 demo_inner.hpp:260]  gui queue size 0, state = running
I1014 12:07:05.388237  5674 demo_inner.hpp:177] decode queue size 0
I1014 12:07:05.388437  5677 work_thread.hpp:81]  [T-Work-Detect_0] Run work: WorkDetect
I1014 12:07:05.388474  5677 work_detect.cpp:102] Succeeded to add det start for frame 3
I1014 12:07:05.395225  5677 work_detect.cpp:70] Frame :3 detect result :1 face(s)
W1014 12:07:05.395254  5677 work_detect.cpp:83] Invalid bbox: [187 x 217 from (278, 158)]
I1014 12:07:05.395318  5677 work_detect.cpp:120] Succeeded to add det end for frame 3
I1014 12:07:05.395335  5677 work_thread.hpp:81]  [T-Work-Detect_0] Run work: WrokTrack
I1014 12:07:05.395361  5677 work_track.cpp:102] Succeeded to set track lock for frame 3
I1014 12:07:05.395388  5677 work_track.cpp:116] Succeeded to release track lock for frame 3
I1014 12:07:05.395402  5677 work_track.cpp:120] Track results of frame 3: 0 objects input, 0 objects tracked!
I1014 12:07:05.395421  5677 work_thread.hpp:88]  [T-Work-Detect_0] Frame :3 split
I1014 12:07:05.395462  5680 thread_intergrate.hpp:78] [T-Intergrate-intergrate] queue: frame output frame :3
I1014 12:07:05.396973  5676 demo_inner.hpp:435] thread [SORT-0]  frame id 3 sorting queue size 0   FPS: 20
I1014 12:07:05.397050  5675 demo_inner.hpp:260]  gui queue size 0, state = running
I1014 12:07:05.436347  5674 demo_inner.hpp:177] decode queue size 0
I1014 12:07:05.436475  5677 work_thread.hpp:81]  [T-Work-Detect_0] Run work: WorkDetect
I1014 12:07:05.436511  5677 work_detect.cpp:102] Succeeded to add det start for frame 4
I1014 12:07:05.443248  5677 work_detect.cpp:70] Frame :4 detect result :1 face(s)
W1014 12:07:05.443279  5677 work_detect.cpp:83] Invalid bbox: [181 x 208 from (281, 163)]
I1014 12:07:05.443351  5677 work_detect.cpp:120] Succeeded to add det end for frame 4
I1014 12:07:05.443368  5677 work_thread.hpp:81]  [T-Work-Detect_0] Run work: WrokTrack
I1014 12:07:05.443393  5677 work_track.cpp:102] Succeeded to set track lock for frame 4
I1014 12:07:05.443420  5677 work_track.cpp:116] Succeeded to release track lock for frame 4
I1014 12:07:05.443435  5677 work_track.cpp:120] Track results of frame 4: 0 objects input, 0 objects tracked!
I1014 12:07:05.443454  5677 work_thread.hpp:88]  [T-Work-Detect_0] Frame :4 split
I1014 12:07:05.443495  5680 thread_intergrate.hpp:78] [T-Intergrate-intergrate] queue: frame output frame :4
I1014 12:07:05.445003  5676 demo_inner.hpp:435] thread [SORT-0]  frame id 4 sorting queue size 0   FPS: 20.2703
I1014 12:07:05.445101  5675 demo_inner.hpp:260]  gui queue size 0, state = running
I1014 12:07:05.484380  5674 demo_inner.hpp:177] decode queue size 0
I1014 12:07:05.484494  5677 work_thread.hpp:81]  [T-Work-Detect_0] Run work: WorkDetect
I1014 12:07:05.484531  5677 work_detect.cpp:102] Succeeded to add det start for frame 5
I1014 12:07:05.491240  5677 work_detect.cpp:70] Frame :5 detect result :1 face(s)
W1014 12:07:05.491268  5677 work_detect.cpp:83] Invalid bbox: [185 x 204 from (293, 165)]
I1014 12:07:05.491343  5677 work_detect.cpp:120] Succeeded to add det end for frame 5
I1014 12:07:05.491359  5677 work_thread.hpp:81]  [T-Work-Detect_0] Run work: WrokTrack
I1014 12:07:05.491384  5677 work_track.cpp:102] Succeeded to set track lock for frame 5
I1014 12:07:05.491411  5677 work_track.cpp:116] Succeeded to release track lock for frame 5
I1014 12:07:05.491425  5677 work_track.cpp:120] Track results of frame 5: 0 objects input, 0 objects tracked!
I1014 12:07:05.491444  5677 work_thread.hpp:88]  [T-Work-Detect_0] Frame :5 split
I1014 12:07:05.491485  5680 thread_intergrate.hpp:78] [T-Intergrate-intergrate] queue: frame output frame :5
I1014 12:07:05.492988  5676 demo_inner.hpp:435] thread [SORT-0]  frame id 5 sorting queue size 0   FPS: 20.4082
I1014 12:07:05.493064  5675 demo_inner.hpp:260]  gui queue size 0, state = running
I1014 12:07:05.538282  5674 demo_inner.hpp:177] decode queue size 0
I1014 12:07:05.538398  5677 work_thread.hpp:81]  [T-Work-Detect_0] Run work: WorkDetect
I1014 12:07:05.538434  5677 work_detect.cpp:102] Succeeded to add det start for frame 6
I1014 12:07:05.545243  5677 work_detect.cpp:70] Frame :6 detect result :1 face(s)
W1014 12:07:05.545275  5677 work_detect.cpp:83] Invalid bbox: [183 x 212 from (280, 161)]
I1014 12:07:05.545399  5677 work_detect.cpp:120] Succeeded to add det end for frame 6
I1014 12:07:05.545418  5677 work_thread.hpp:81]  [T-Work-Detect_0] Run work: WrokTrack
I1014 12:07:05.545442  5677 work_track.cpp:102] Succeeded to set track lock for frame 6
I1014 12:07:05.545470  5677 work_track.cpp:116] Succeeded to release track lock for frame 6
I1014 12:07:05.545485  5677 work_track.cpp:120] Track results of frame 6: 0 objects input, 0 objects tracked!
I1014 12:07:05.545503  5677 work_thread.hpp:88]  [T-Work-Detect_0] Frame :6 split
I1014 12:07:05.545547  5680 thread_intergrate.hpp:78] [T-Intergrate-intergrate] queue: frame output frame :6
I1014 12:07:05.547055  5676 demo_inner.hpp:435] thread [SORT-0]  frame id 6 sorting queue size 0   FPS: 20
I1014 12:07:05.547130  5675 demo_inner.hpp:260]  gui queue size 0, state = running
I1014 12:07:05.586627  5674 demo_inner.hpp:177] decode queue size 0
I1014 12:07:05.586752  5677 work_thread.hpp:81]  [T-Work-Detect_0] Run work: WorkDetect
I1014 12:07:05.586802  5677 work_detect.cpp:102] Succeeded to add det start for frame 7
I1014 12:07:05.594302  5677 work_detect.cpp:70] Frame :7 detect result :1 face(s)
W1014 12:07:05.594338  5677 work_detect.cpp:83] Invalid bbox: [186 x 215 from (279, 159)]
I1014 12:07:05.594422  5677 work_detect.cpp:120] Succeeded to add det end for frame 7
I1014 12:07:05.594439  5677 work_thread.hpp:81]  [T-Work-Detect_0] Run work: WrokTrack
I1014 12:07:05.594466  5677 work_track.cpp:102] Succeeded to set track lock for frame 7
I1014 12:07:05.594496  5677 work_track.cpp:116] Succeeded to release track lock for frame 7
I1014 12:07:05.594533  5677 work_track.cpp:120] Track results of frame 7: 0 objects input, 0 objects tracked!
I1014 12:07:05.594553  5677 work_thread.hpp:88]  [T-Work-Detect_0] Frame :7 split
I1014 12:07:05.594596  5680 thread_intergrate.hpp:78] [T-Intergrate-intergrate] queue: frame output frame :7
I1014 12:07:05.596189  5676 demo_inner.hpp:435] thread [SORT-0]  frame id 7 sorting queue size 0   FPS: 20.0669
I1014 12:07:05.596271  5675 demo_inner.hpp:260]  gui queue size 0, state = running
I1014 12:07:05.634711  5674 demo_inner.hpp:177] decode queue size 0
I1014 12:07:05.634858  5677 work_thread.hpp:81]  [T-Work-Detect_0] Run work: WorkDetect
I1014 12:07:05.634908  5677 work_detect.cpp:102] Succeeded to add det start for frame 8
I1014 12:07:05.642457  5677 work_detect.cpp:70] Frame :8 detect result :1 face(s)
W1014 12:07:05.642513  5677 work_detect.cpp:83] Invalid bbox: [184 x 216 from (275, 159)]
I1014 12:07:05.642588  5677 work_detect.cpp:120] Succeeded to add det end for frame 8
I1014 12:07:05.642606  5677 work_thread.hpp:81]  [T-Work-Detect_0] Run work: WrokTrack
I1014 12:07:05.642642  5677 work_track.cpp:102] Succeeded to set track lock for frame 8
I1014 12:07:05.642670  5677 work_track.cpp:116] Succeeded to release track lock for frame 8
I1014 12:07:05.642684  5677 work_track.cpp:120] Track results of frame 8: 0 objects input, 0 objects tracked!
I1014 12:07:05.642704  5677 work_thread.hpp:88]  [T-Work-Detect_0] Frame :8 split
I1014 12:07:05.642765  5680 thread_intergrate.hpp:78] [T-Intergrate-intergrate] queue: frame output frame :8
I1014 12:07:05.644203  5676 demo_inner.hpp:435] thread [SORT-0]  frame id 8 sorting queue size 0   FPS: 20.1149
I1014 12:07:05.644275  5675 demo_inner.hpp:260]  gui queue size 0, state = running
I1014 12:07:05.688235  5674 demo_inner.hpp:177] decode queue size 0
I1014 12:07:05.688344  5677 work_thread.hpp:81]  [T-Work-Detect_0] Run work: WorkDetect
I1014 12:07:05.688381  5677 work_detect.cpp:102] Succeeded to add det start for frame 9
I1014 12:07:05.695858  5677 work_detect.cpp:70] Frame :9 detect result :1 face(s)
W1014 12:07:05.695925  5677 work_detect.cpp:83] Invalid bbox: [187 x 219 from (277, 158)]
I1014 12:07:05.695998  5677 work_detect.cpp:120] Succeeded to add det end for frame 9
I1014 12:07:05.696023  5677 work_thread.hpp:81]  [T-Work-Detect_0] Run work: WrokTrack
I1014 12:07:05.696053  5677 work_track.cpp:102] Succeeded to set track lock for frame 9
I1014 12:07:05.696151  5677 work_track.cpp:116] Succeeded to release track lock for frame 9
I1014 12:07:05.696182  5677 work_track.cpp:120] Track results of frame 9: 0 objects input, 0 objects tracked!
I1014 12:07:05.696202  5677 work_thread.hpp:88]  [T-Work-Detect_0] Frame :9 split
I1014 12:07:05.696244  5680 thread_intergrate.hpp:78] [T-Intergrate-intergrate] queue: frame output frame :9
I1014 12:07:05.697729  5676 demo_inner.hpp:435] thread [SORT-0]  frame id 9 sorting queue size 0   FPS: 19.9501
I1014 12:07:05.697796  5675 demo_inner.hpp:260]  gui queue size 0, state = running
I1014 12:07:05.736294  5674 demo_inner.hpp:177] decode queue size 0
I1014 12:07:05.736418  5677 work_thread.hpp:81]  [T-Work-Detect_0] Run work: WorkDetect
I1014 12:07:05.736457  5677 work_detect.cpp:102] Succeeded to add det start for frame 10
I1014 12:07:05.743961  5677 work_detect.cpp:70] Frame :10 detect result :1 face(s)
W1014 12:07:05.744010  5677 work_detect.cpp:83] Invalid bbox: [190 x 220 from (275, 157)]
I1014 12:07:05.744084  5677 work_detect.cpp:120] Succeeded to add det end for frame 10
I1014 12:07:05.744102  5677 work_thread.hpp:81]  [T-Work-Detect_0] Run work: WrokTrack
I1014 12:07:05.744172  5677 work_track.cpp:102] Succeeded to set track lock for frame 10
I1014 12:07:05.744202  5677 work_track.cpp:116] Succeeded to release track lock for frame 10
I1014 12:07:05.744216  5677 work_track.cpp:120] Track results of frame 10: 0 objects input, 0 objects tracked!
I1014 12:07:05.744235  5677 work_thread.hpp:88]  [T-Work-Detect_0] Frame :10 split
I1014 12:07:05.744287  5680 thread_intergrate.hpp:78] [T-Intergrate-intergrate] queue: frame output frame :10
I1014 12:07:05.745728  5676 demo_inner.hpp:435] thread [SORT-0]  frame id 10 sorting queue size 0   FPS: 20.0445
I1014 12:07:05.745795  5675 demo_inner.hpp:260]  gui queue size 0, state = running
I1014 12:07:05.784659  5674 demo_inner.hpp:177] decode queue size 0
I1014 12:07:05.784776  5677 work_thread.hpp:81]  [T-Work-Detect_0] Run work: WorkDetect
I1014 12:07:05.784814  5677 work_detect.cpp:102] Succeeded to add det start for frame 11
I1014 12:07:05.792342  5677 work_detect.cpp:70] Frame :11 detect result :1 face(s)
W1014 12:07:05.792393  5677 work_detect.cpp:83] Invalid bbox: [190 x 220 from (275, 157)]
I1014 12:07:05.792554  5677 work_detect.cpp:120] Succeeded to add det end for frame 11
I1014 12:07:05.792573  5677 work_thread.hpp:81]  [T-Work-Detect_0] Run work: WrokTrack
I1014 12:07:05.792610  5677 work_track.cpp:102] Succeeded to set track lock for frame 11
I1014 12:07:05.792639  5677 work_track.cpp:116] Succeeded to release track lock for frame 11
I1014 12:07:05.792652  5677 work_track.cpp:120] Track results of frame 11: 0 objects input, 0 objects tracked!
I1014 12:07:05.792671  5677 work_thread.hpp:88]  [T-Work-Detect_0] Frame :11 split
I1014 12:07:05.792717  5680 thread_intergrate.hpp:78] [T-Intergrate-intergrate] queue: frame output frame :11
I1014 12:07:05.794245  5676 demo_inner.hpp:435] thread [SORT-0]  frame id 11 sorting queue size 0   FPS: 20.0803
I1014 12:07:05.794312  5675 demo_inner.hpp:260]  gui queue size 0, state = running
I1014 12:07:05.838433  5674 demo_inner.hpp:177] decode queue size 0
I1014 12:07:05.838547  5677 work_thread.hpp:81]  [T-Work-Detect_0] Run work: WorkDetect
I1014 12:07:05.838585  5677 work_detect.cpp:102] Succeeded to add det start for frame 12
I1014 12:07:05.846189  5677 work_detect.cpp:70] Frame :12 detect result :1 face(s)
W1014 12:07:05.846240  5677 work_detect.cpp:83] Invalid bbox: [183 x 209 from (293, 163)]
I1014 12:07:05.846333  5677 work_detect.cpp:120] Succeeded to add det end for frame 12
I1014 12:07:05.846350  5677 work_thread.hpp:81]  [T-Work-Detect_0] Run work: WrokTrack
I1014 12:07:05.846407  5677 work_track.cpp:102] Succeeded to set track lock for frame 12
I1014 12:07:05.846441  5677 work_track.cpp:116] Succeeded to release track lock for frame 12
I1014 12:07:05.846455  5677 work_track.cpp:120] Track results of frame 12: 0 objects input, 0 objects tracked!
I1014 12:07:05.846474  5677 work_thread.hpp:88]  [T-Work-Detect_0] Frame :12 split
I1014 12:07:05.846598  5680 thread_intergrate.hpp:78] [T-Intergrate-intergrate] queue: frame output frame :12
I1014 12:07:05.848229  5676 demo_inner.hpp:435] thread [SORT-0]  frame id 12 sorting queue size 0   FPS: 19.9275
I1014 12:07:05.848377  5675 demo_inner.hpp:260]  gui queue size 0, state = running
I1014 12:07:05.887099  5674 demo_inner.hpp:177] decode queue size 0
I1014 12:07:05.887249  5677 work_thread.hpp:81]  [T-Work-Detect_0] Run work: WorkDetect
I1014 12:07:05.887290  5677 work_detect.cpp:102] Succeeded to add det start for frame 13
I1014 12:07:05.895617  5677 work_detect.cpp:70] Frame :13 detect result :1 face(s)
W1014 12:07:05.895678  5677 work_detect.cpp:83] Invalid bbox: [187 x 218 from (277, 159)]
I1014 12:07:05.895793  5677 work_detect.cpp:120] Succeeded to add det end for frame 13
I1014 12:07:05.895812  5677 work_thread.hpp:81]  [T-Work-Detect_0] Run work: WrokTrack
I1014 12:07:05.895855  5677 work_track.cpp:102] Succeeded to set track lock for frame 13
I1014 12:07:05.895893  5677 work_track.cpp:116] Succeeded to release track lock for frame 13
I1014 12:07:05.895910  5677 work_track.cpp:120] Track results of frame 13: 0 objects input, 0 objects tracked!
I1014 12:07:05.895929  5677 work_thread.hpp:88]  [T-Work-Detect_0] Frame :13 split
I1014 12:07:05.896332  5680 thread_intergrate.hpp:78] [T-Intergrate-intergrate] queue: frame output frame :13
I1014 12:07:05.897832  5676 demo_inner.hpp:435] thread [SORT-0]  frame id 13 sorting queue size 0   FPS: 19.9667
I1014 12:07:05.897902  5675 demo_inner.hpp:260]  gui queue size 0, state = running
I1014 12:07:05.934468  5674 demo_inner.hpp:177] decode queue size 0
I1014 12:07:05.934664  5677 work_thread.hpp:81]  [T-Work-Detect_0] Run work: WorkDetect
I1014 12:07:05.934701  5677 work_detect.cpp:102] Succeeded to add det start for frame 14
I1014 12:07:05.942237  5677 work_detect.cpp:70] Frame :14 detect result :1 face(s)
W1014 12:07:05.942288  5677 work_detect.cpp:83] Invalid bbox: [177 x 200 from (296, 168)]
I1014 12:07:05.942370  5677 work_detect.cpp:120] Succeeded to add det end for frame 14
I1014 12:07:05.942389  5677 work_thread.hpp:81]  [T-Work-Detect_0] Run work: WrokTrack
I1014 12:07:05.942415  5677 work_track.cpp:102] Succeeded to set track lock for frame 14
I1014 12:07:05.942443  5677 work_track.cpp:116] Succeeded to release track lock for frame 14
I1014 12:07:05.942481  5677 work_track.cpp:120] Track results of frame 14: 0 objects input, 0 objects tracked!
I1014 12:07:05.942502  5677 work_thread.hpp:88]  [T-Work-Detect_0] Frame :14 split
I1014 12:07:05.942545  5680 thread_intergrate.hpp:78] [T-Intergrate-intergrate] queue: frame output frame :14
I1014 12:07:05.944033  5676 demo_inner.hpp:435] thread [SORT-0]  frame id 14 sorting queue size 0   FPS: 20.0927
I1014 12:07:05.944099  5675 demo_inner.hpp:260]  gui queue size 0, state = running
I1014 12:07:05.988665  5674 demo_inner.hpp:177] decode queue size 0
I1014 12:07:05.988778  5677 work_thread.hpp:81]  [T-Work-Detect_0] Run work: WorkDetect
I1014 12:07:05.988816  5677 work_detect.cpp:102] Succeeded to add det start for frame 15
I1014 12:07:05.996563  5677 work_detect.cpp:70] Frame :15 detect result :1 face(s)
W1014 12:07:05.996619  5677 work_detect.cpp:83] Invalid bbox: [185 x 217 from (280, 158)]
I1014 12:07:05.996711  5677 work_detect.cpp:120] Succeeded to add det end for frame 15
I1014 12:07:05.996737  5677 work_thread.hpp:81]  [T-Work-Detect_0] Run work: WrokTrack
I1014 12:07:05.996767  5677 work_track.cpp:102] Succeeded to set track lock for frame 15
I1014 12:07:05.996876  5677 work_track.cpp:116] Succeeded to release track lock for frame 15
I1014 12:07:05.996891  5677 work_track.cpp:120] Track results of frame 15: 0 objects input, 0 objects tracked!
I1014 12:07:05.996910  5677 work_thread.hpp:88]  [T-Work-Detect_0] Frame :15 split
I1014 12:07:05.996954  5680 thread_intergrate.hpp:78] [T-Intergrate-intergrate] queue: frame output frame :15
I1014 12:07:05.998440  5676 demo_inner.hpp:435] thread [SORT-0]  frame id 15 sorting queue size 0   FPS: 19.943
I1014 12:07:05.998508  5675 demo_inner.hpp:260]  gui queue size 0, state = running
I1014 12:07:06.036779  5674 demo_inner.hpp:177] decode queue size 0
I1014 12:07:06.036896  5677 work_thread.hpp:81]  [T-Work-Detect_0] Run work: WorkDetect
I1014 12:07:06.036934  5677 work_detect.cpp:102] Succeeded to add det start for frame 16
I1014 12:07:06.044376  5677 work_detect.cpp:70] Frame :16 detect result :1 face(s)
W1014 12:07:06.044423  5677 work_detect.cpp:83] Invalid bbox: [179 x 202 from (295, 168)]
I1014 12:07:06.044519  5677 work_detect.cpp:120] Succeeded to add det end for frame 16
I1014 12:07:06.044538  5677 work_thread.hpp:81]  [T-Work-Detect_0] Run work: WrokTrack
I1014 12:07:06.044565  5677 work_track.cpp:102] Succeeded to set track lock for frame 16
I1014 12:07:06.044601  5677 work_track.cpp:116] Succeeded to release track lock for frame 16
I1014 12:07:06.044616  5677 work_track.cpp:120] Track results of frame 16: 0 objects input, 0 objects tracked!
I1014 12:07:06.044636  5677 work_thread.hpp:88]  [T-Work-Detect_0] Frame :16 split
I1014 12:07:06.044682  5680 thread_intergrate.hpp:78] [T-Intergrate-intergrate] queue: frame output frame :16
I1014 12:07:06.046192  5676 demo_inner.hpp:435] thread [SORT-0]  frame id 16 sorting queue size 0   FPS: 20
I1014 12:07:06.046262  5675 demo_inner.hpp:260]  gui queue size 0, state = running
I1014 12:07:06.084838  5674 demo_inner.hpp:177] decode queue size 0
I1014 12:07:06.084970  5677 work_thread.hpp:81]  [T-Work-Detect_0] Run work: WorkDetect
I1014 12:07:06.085008  5677 work_detect.cpp:102] Succeeded to add det start for frame 17
I1014 12:07:06.092547  5677 work_detect.cpp:70] Frame :17 detect result :2 face(s)
W1014 12:07:06.092605  5677 work_detect.cpp:83] Invalid bbox: [181 x 207 from (280, 165)]
I1014 12:07:06.092669  5677 work_detect.cpp:86] Detected bbox: [90 x 110 from (303, 233)]
I1014 12:07:06.092734  5677 work_detect.cpp:120] Succeeded to add det end for frame 17
I1014 12:07:06.092752  5677 work_thread.hpp:81]  [T-Work-Detect_0] Run work: WrokTrack
I1014 12:07:06.092834  5677 work_track.cpp:82] Frame: 17 build input_characts: [0.140625 x 0.305556 from (0.473437, 0.647222)], 0.905415, 0
I1014 12:07:06.092896  5677 work_track.cpp:102] Succeeded to set track lock for frame 17
I1014 12:07:06.093014  5677 work_track.cpp:116] Succeeded to release track lock for frame 17
I1014 12:07:06.093029  5677 work_track.cpp:120] Track results of frame 17: 1 objects input, 0 objects tracked!
I1014 12:07:06.093048  5677 work_track.cpp:162] Frame: 17 lid: 1 not tracked, will set invalid
I1014 12:07:06.093072  5677 work_thread.hpp:88]  [T-Work-Detect_0] Frame :17 split
I1014 12:07:06.093091  5677 work_thread.hpp:124]  [T-Work-Detect_0] Invalid piece: lid = 1, drop it
I1014 12:07:06.093170  5680 thread_intergrate.hpp:78] [T-Intergrate-intergrate] queue: frame output frame :17
I1014 12:07:06.094668  5676 demo_inner.hpp:435] thread [SORT-0]  frame id 17 sorting queue size 0   FPS: 20.0501
I1014 12:07:06.094732  5675 demo_inner.hpp:260]  gui queue size 0, state = running
I1014 12:07:06.138706  5674 demo_inner.hpp:177] decode queue size 0
I1014 12:07:06.138818  5677 work_thread.hpp:81]  [T-Work-Detect_0] Run work: WorkDetect
I1014 12:07:06.138859  5677 work_detect.cpp:102] Succeeded to add det start for frame 18
I1014 12:07:06.145663  5677 work_detect.cpp:70] Frame :18 detect result :1 face(s)
W1014 12:07:06.145715  5677 work_detect.cpp:83] Invalid bbox: [178 x 202 from (296, 167)]
I1014 12:07:06.145790  5677 work_detect.cpp:120] Succeeded to add det end for frame 18
I1014 12:07:06.145808  5677 work_thread.hpp:81]  [T-Work-Detect_0] Run work: WrokTrack
I1014 12:07:06.145838  5677 work_track.cpp:102] Succeeded to set track lock for frame 18
I1014 12:07:06.145897  5677 work_track.cpp:116] Succeeded to release track lock for frame 18
I1014 12:07:06.145913  5677 work_track.cpp:120] Track results of frame 18: 0 objects input, 0 objects tracked!
I1014 12:07:06.145932  5677 work_thread.hpp:88]  [T-Work-Detect_0] Frame :18 split
I1014 12:07:06.145982  5680 thread_intergrate.hpp:78] [T-Intergrate-intergrate] queue: frame output frame :18
I1014 12:07:06.147552  5676 demo_inner.hpp:435] thread [SORT-0]  frame id 18 sorting queue size 0   FPS: 19.9765
I1014 12:07:06.147631  5675 demo_inner.hpp:260]  gui queue size 0, state = running
I1014 12:07:06.186805  5674 demo_inner.hpp:177] decode queue size 0
I1014 12:07:06.186913  5677 work_thread.hpp:81]  [T-Work-Detect_0] Run work: WorkDetect
I1014 12:07:06.186949  5677 work_detect.cpp:102] Succeeded to add det start for frame 19
I1014 12:07:06.193677  5677 work_detect.cpp:70] Frame :19 detect result :1 face(s)
W1014 12:07:06.193719  5677 work_detect.cpp:83] Invalid bbox: [183 x 211 from (278, 163)]
I1014 12:07:06.193794  5677 work_detect.cpp:120] Succeeded to add det end for frame 19
I1014 12:07:06.193811  5677 work_thread.hpp:81]  [T-Work-Detect_0] Run work: WrokTrack
I1014 12:07:06.193838  5677 work_track.cpp:102] Succeeded to set track lock for frame 19
I1014 12:07:06.193935  5677 work_track.cpp:116] Succeeded to release track lock for frame 19
I1014 12:07:06.193951  5677 work_track.cpp:120] Track results of frame 19: 0 objects input, 0 objects tracked!
I1014 12:07:06.193970  5677 work_thread.hpp:88]  [T-Work-Detect_0] Frame :19 split
I1014 12:07:06.194018  5680 thread_intergrate.hpp:78] [T-Intergrate-intergrate] queue: frame output frame :19
I1014 12:07:06.195466  5676 demo_inner.hpp:435] thread [SORT-0]  frame id 19 sorting queue size 0   FPS: 20.0222
I1014 12:07:06.195533  5675 demo_inner.hpp:260]  gui queue size 0, state = running
I1014 12:07:06.234972  5674 demo_inner.hpp:177] decode queue size 0
I1014 12:07:06.235075  5677 work_thread.hpp:81]  [T-Work-Detect_0] Run work: WorkDetect
I1014 12:07:06.235112  5677 work_detect.cpp:102] Succeeded to add det start for frame 20
I1014 12:07:06.241773  5677 work_detect.cpp:70] Frame :20 detect result :1 face(s)
W1014 12:07:06.241818  5677 work_detect.cpp:83] Invalid bbox: [189 x 214 from (274, 164)]
I1014 12:07:06.241894  5677 work_detect.cpp:120] Succeeded to add det end for frame 20
I1014 12:07:06.241911  5677 work_thread.hpp:81]  [T-Work-Detect_0] Run work: WrokTrack
I1014 12:07:06.241940  5677 work_track.cpp:102] Succeeded to set track lock for frame 20
I1014 12:07:06.241967  5677 work_track.cpp:116] Succeeded to release track lock for frame 20
I1014 12:07:06.241981  5677 work_track.cpp:120] Track results of frame 20: 0 objects input, 0 objects tracked!
I1014 12:07:06.242000  5677 work_thread.hpp:88]  [T-Work-Detect_0] Frame :20 split
I1014 12:07:06.242055  5680 thread_intergrate.hpp:78] [T-Intergrate-intergrate] queue: frame output frame :20
I1014 12:07:06.243597  5676 demo_inner.hpp:435] thread [SORT-0]  frame id 20 sorting queue size 0   FPS: 20.0634
I1014 12:07:06.243690  5675 demo_inner.hpp:260]  gui queue size 0, state = running
I1014 12:07:06.288720  5674 demo_inner.hpp:177] decode queue size 0
I1014 12:07:06.288830  5677 work_thread.hpp:81]  [T-Work-Detect_0] Run work: WorkDetect
I1014 12:07:06.288868  5677 work_detect.cpp:102] Succeeded to add det start for frame 21
I1014 12:07:06.295591  5677 work_detect.cpp:70] Frame :21 detect result :1 face(s)
W1014 12:07:06.295634  5677 work_detect.cpp:83] Invalid bbox: [191 x 216 from (274, 161)]
I1014 12:07:06.295708  5677 work_detect.cpp:120] Succeeded to add det end for frame 21
I1014 12:07:06.295725  5677 work_thread.hpp:81]  [T-Work-Detect_0] Run work: WrokTrack
I1014 12:07:06.295753  5677 work_track.cpp:102] Succeeded to set track lock for frame 21
I1014 12:07:06.295780  5677 work_track.cpp:116] Succeeded to release track lock for frame 21
I1014 12:07:06.295794  5677 work_track.cpp:120] Track results of frame 21: 0 objects input, 0 objects tracked!
I1014 12:07:06.295814  5677 work_thread.hpp:88]  [T-Work-Detect_0] Frame :21 split
I1014 12:07:06.295864  5680 thread_intergrate.hpp:78] [T-Intergrate-intergrate] queue: frame output frame :21
I1014 12:07:06.297394  5676 demo_inner.hpp:435] thread [SORT-0]  frame id 21 sorting queue size 0   FPS: 19.98
I1014 12:07:06.297492  5675 demo_inner.hpp:260]  gui queue size 0, state = running
I1014 12:07:06.336793  5674 demo_inner.hpp:177] decode queue size 0
I1014 12:07:06.336891  5677 work_thread.hpp:81]  [T-Work-Detect_0] Run work: WorkDetect
I1014 12:07:06.337009  5677 work_detect.cpp:102] Succeeded to add det start for frame 22
I1014 12:07:06.343628  5677 work_detect.cpp:70] Frame :22 detect result :1 face(s)
W1014 12:07:06.343672  5677 work_detect.cpp:83] Invalid bbox: [185 x 210 from (277, 164)]
I1014 12:07:06.343744  5677 work_detect.cpp:120] Succeeded to add det end for frame 22
I1014 12:07:06.343762  5677 work_thread.hpp:81]  [T-Work-Detect_0] Run work: WrokTrack
I1014 12:07:06.343788  5677 work_track.cpp:102] Succeeded to set track lock for frame 22
I1014 12:07:06.343816  5677 work_track.cpp:116] Succeeded to release track lock for frame 22
I1014 12:07:06.343829  5677 work_track.cpp:120] Track results of frame 22: 0 objects input, 0 objects tracked!
I1014 12:07:06.343848  5677 work_thread.hpp:88]  [T-Work-Detect_0] Frame :22 split
I1014 12:07:06.343900  5680 thread_intergrate.hpp:78] [T-Intergrate-intergrate] queue: frame output frame :22
I1014 12:07:06.345419  5676 demo_inner.hpp:435] thread [SORT-0]  frame id 22 sorting queue size 0   FPS: 20.0191
I1014 12:07:06.345490  5675 demo_inner.hpp:260]  gui queue size 0, state = running
I1014 12:07:06.384835  5674 demo_inner.hpp:177] decode queue size 0
I1014 12:07:06.384945  5677 work_thread.hpp:81]  [T-Work-Detect_0] Run work: WorkDetect
I1014 12:07:06.384985  5677 work_detect.cpp:102] Succeeded to add det start for frame 23
I1014 12:07:06.391687  5677 work_detect.cpp:70] Frame :23 detect result :1 face(s)
W1014 12:07:06.391738  5677 work_detect.cpp:83] Invalid bbox: [190 x 219 from (276, 161)]
I1014 12:07:06.391811  5677 work_detect.cpp:120] Succeeded to add det end for frame 23
I1014 12:07:06.391829  5677 work_thread.hpp:81]  [T-Work-Detect_0] Run work: WrokTrack
I1014 12:07:06.391858  5677 work_track.cpp:102] Succeeded to set track lock for frame 23
I1014 12:07:06.391885  5677 work_track.cpp:116] Succeeded to release track lock for frame 23
I1014 12:07:06.391899  5677 work_track.cpp:120] Track results of frame 23: 0 objects input, 0 objects tracked!
I1014 12:07:06.391917  5677 work_thread.hpp:88]  [T-Work-Detect_0] Frame :23 split
I1014 12:07:06.391979  5680 thread_intergrate.hpp:78] [T-Intergrate-intergrate] queue: frame output frame :23
I1014 12:07:06.393504  5676 demo_inner.hpp:435] thread [SORT-0]  frame id 23 sorting queue size 0   FPS: 20.0547
I1014 12:07:06.393573  5675 demo_inner.hpp:260]  gui queue size 0, state = running
I1014 12:07:06.438792  5674 demo_inner.hpp:177] decode queue size 0
I1014 12:07:06.438900  5677 work_thread.hpp:81]  [T-Work-Detect_0] Run work: WorkDetect
I1014 12:07:06.438938  5677 work_detect.cpp:102] Succeeded to add det start for frame 24
I1014 12:07:06.445564  5677 work_detect.cpp:70] Frame :24 detect result :1 face(s)
W1014 12:07:06.445607  5677 work_detect.cpp:83] Invalid bbox: [183 x 210 from (279, 164)]
I1014 12:07:06.445683  5677 work_detect.cpp:120] Succeeded to add det end for frame 24
I1014 12:07:06.445699  5677 work_thread.hpp:81]  [T-Work-Detect_0] Run work: WrokTrack
I1014 12:07:06.445726  5677 work_track.cpp:102] Succeeded to set track lock for frame 24
I1014 12:07:06.445753  5677 work_track.cpp:116] Succeeded to release track lock for frame 24
I1014 12:07:06.445768  5677 work_track.cpp:120] Track results of frame 24: 0 objects input, 0 objects tracked!
I1014 12:07:06.445787  5677 work_thread.hpp:88]  [T-Work-Detect_0] Frame :24 split
I1014 12:07:06.445830  5680 thread_intergrate.hpp:78] [T-Intergrate-intergrate] queue: frame output frame :24
I1014 12:07:06.447360  5676 demo_inner.hpp:435] thread [SORT-0]  frame id 24 sorting queue size 0   FPS: 19.9826
I1014 12:07:06.447433  5675 demo_inner.hpp:260]  gui queue size 0, state = running
I1014 12:07:06.486901  5674 demo_inner.hpp:177] decode queue size 0
I1014 12:07:06.487005  5677 work_thread.hpp:81]  [T-Work-Detect_0] Run work: WorkDetect
I1014 12:07:06.487043  5677 work_detect.cpp:102] Succeeded to add det start for frame 25
I1014 12:07:06.495883  5677 work_detect.cpp:70] Frame :25 detect result :1 face(s)
W1014 12:07:06.495945  5677 work_detect.cpp:83] Invalid bbox: [184 x 216 from (279, 161)]
I1014 12:07:06.496078  5677 work_detect.cpp:120] Succeeded to add det end for frame 25
I1014 12:07:06.496098  5677 work_thread.hpp:81]  [T-Work-Detect_0] Run work: WrokTrack
I1014 12:07:06.496129  5677 work_track.cpp:102] Succeeded to set track lock for frame 25
I1014 12:07:06.496913  5677 work_track.cpp:116] Succeeded to release track lock for frame 25
I1014 12:07:06.496940  5677 work_track.cpp:120] Track results of frame 25: 0 objects input, 0 objects tracked!
I1014 12:07:06.496963  5677 work_thread.hpp:88]  [T-Work-Detect_0] Frame :25 split
I1014 12:07:06.497026  5680 thread_intergrate.hpp:78] [T-Intergrate-intergrate] queue: frame output frame :25
I1014 12:07:06.498728  5676 demo_inner.hpp:435] thread [SORT-0]  frame id 25 sorting queue size 0   FPS: 19.9667
I1014 12:07:06.499423  5675 demo_inner.hpp:260]  gui queue size 0, state = running
I1014 12:07:06.534884  5674 demo_inner.hpp:177] decode queue size 0
I1014 12:07:06.534992  5677 work_thread.hpp:81]  [T-Work-Detect_0] Run work: WorkDetect
I1014 12:07:06.535030  5677 work_detect.cpp:102] Succeeded to add det start for frame 26
I1014 12:07:06.541764  5677 work_detect.cpp:70] Frame :26 detect result :1 face(s)
W1014 12:07:06.541811  5677 work_detect.cpp:83] Invalid bbox: [193 x 223 from (274, 157)]
I1014 12:07:06.541887  5677 work_detect.cpp:120] Succeeded to add det end for frame 26
I1014 12:07:06.541903  5677 work_thread.hpp:81]  [T-Work-Detect_0] Run work: WrokTrack
I1014 12:07:06.541929  5677 work_track.cpp:102] Succeeded to set track lock for frame 26
I1014 12:07:06.541956  5677 work_track.cpp:116] Succeeded to release track lock for frame 26
I1014 12:07:06.541971  5677 work_track.cpp:120] Track results of frame 26: 0 objects input, 0 objects tracked!
I1014 12:07:06.541990  5677 work_thread.hpp:88]  [T-Work-Detect_0] Frame :26 split
I1014 12:07:06.542034  5680 thread_intergrate.hpp:78] [T-Intergrate-intergrate] queue: frame output frame :26
I1014 12:07:06.543514  5676 demo_inner.hpp:435] thread [SORT-0]  frame id 26 sorting queue size 0   FPS: 20.0481
I1014 12:07:06.543582  5675 demo_inner.hpp:260]  gui queue size 0, state = running
I1014 12:07:06.588752  5674 demo_inner.hpp:177] decode queue size 0
I1014 12:07:06.588860  5677 work_thread.hpp:81]  [T-Work-Detect_0] Run work: WorkDetect
I1014 12:07:06.588896  5677 work_detect.cpp:102] Succeeded to add det start for frame 27
I1014 12:07:06.595620  5677 work_detect.cpp:70] Frame :27 detect result :1 face(s)
W1014 12:07:06.595665  5677 work_detect.cpp:83] Invalid bbox: [184 x 214 from (275, 162)]
I1014 12:07:06.595739  5677 work_detect.cpp:120] Succeeded to add det end for frame 27
I1014 12:07:06.595757  5677 work_thread.hpp:81]  [T-Work-Detect_0] Run work: WrokTrack
I1014 12:07:06.595784  5677 work_track.cpp:102] Succeeded to set track lock for frame 27
I1014 12:07:06.595813  5677 work_track.cpp:116] Succeeded to release track lock for frame 27
I1014 12:07:06.595827  5677 work_track.cpp:120] Track results of frame 27: 0 objects input, 0 objects tracked!
I1014 12:07:06.595846  5677 work_thread.hpp:88]  [T-Work-Detect_0] Frame :27 split
I1014 12:07:06.595890  5680 thread_intergrate.hpp:78] [T-Intergrate-intergrate] queue: frame output frame :27
I1014 12:07:06.597383  5676 demo_inner.hpp:435] thread [SORT-0]  frame id 27 sorting queue size 0   FPS: 19.9846
I1014 12:07:06.597453  5675 demo_inner.hpp:260]  gui queue size 0, state = running
I1014 12:07:06.636801  5674 demo_inner.hpp:177] decode queue size 0
I1014 12:07:06.636919  5677 work_thread.hpp:81]  [T-Work-Detect_0] Run work: WorkDetect
I1014 12:07:06.636957  5677 work_detect.cpp:102] Succeeded to add det start for frame 28
I1014 12:07:06.643821  5677 work_detect.cpp:70] Frame :28 detect result :1 face(s)
W1014 12:07:06.643873  5677 work_detect.cpp:83] Invalid bbox: [186 x 218 from (279, 160)]
I1014 12:07:06.643949  5677 work_detect.cpp:120] Succeeded to add det end for frame 28
I1014 12:07:06.643966  5677 work_thread.hpp:81]  [T-Work-Detect_0] Run work: WrokTrack
I1014 12:07:06.643996  5677 work_track.cpp:102] Succeeded to set track lock for frame 28
I1014 12:07:06.644068  5677 work_track.cpp:116] Succeeded to release track lock for frame 28
I1014 12:07:06.644084  5677 work_track.cpp:120] Track results of frame 28: 0 objects input, 0 objects tracked!
I1014 12:07:06.644104  5677 work_thread.hpp:88]  [T-Work-Detect_0] Frame :28 split
I1014 12:07:06.644182  5680 thread_intergrate.hpp:78] [T-Intergrate-intergrate] queue: frame output frame :28
I1014 12:07:06.645678  5676 demo_inner.hpp:435] thread [SORT-0]  frame id 28 sorting queue size 0   FPS: 20.0148
I1014 12:07:06.645752  5675 demo_inner.hpp:260]  gui queue size 0, state = running
I1014 12:07:06.684877  5674 demo_inner.hpp:177] decode queue size 0
I1014 12:07:06.684989  5677 work_thread.hpp:81]  [T-Work-Detect_0] Run work: WorkDetect
I1014 12:07:06.685029  5677 work_detect.cpp:102] Succeeded to add det start for frame 29
I1014 12:07:06.691635  5677 work_detect.cpp:70] Frame :29 detect result :1 face(s)
W1014 12:07:06.691684  5677 work_detect.cpp:83] Invalid bbox: [185 x 220 from (279, 158)]
I1014 12:07:06.691758  5677 work_detect.cpp:120] Succeeded to add det end for frame 29
I1014 12:07:06.691776  5677 work_thread.hpp:81]  [T-Work-Detect_0] Run work: WrokTrack
I1014 12:07:06.691804  5677 work_track.cpp:102] Succeeded to set track lock for frame 29
I1014 12:07:06.691831  5677 work_track.cpp:116] Succeeded to release track lock for frame 29
I1014 12:07:06.691845  5677 work_track.cpp:120] Track results of frame 29: 0 objects input, 0 objects tracked!
I1014 12:07:06.691864  5677 work_thread.hpp:88]  [T-Work-Detect_0] Frame :29 split
I1014 12:07:06.691911  5680 thread_intergrate.hpp:78] [T-Intergrate-intergrate] queue: frame output frame :29
I1014 12:07:06.693413  5676 demo_inner.hpp:435] thread [SORT-0]  frame id 29 sorting queue size 0   FPS: 20.0429
I1014 12:07:06.693483  5675 demo_inner.hpp:260]  gui queue size 0, state = running
I1014 12:07:06.738703  5674 demo_inner.hpp:177] decode queue size 0
I1014 12:07:06.738808  5677 work_thread.hpp:81]  [T-Work-Detect_0] Run work: WorkDetect
I1014 12:07:06.738847  5677 work_detect.cpp:102] Succeeded to add det start for frame 30
I1014 12:07:06.745518  5677 work_detect.cpp:70] Frame :30 detect result :1 face(s)
W1014 12:07:06.745560  5677 work_detect.cpp:83] Invalid bbox: [185 x 210 from (293, 166)]
I1014 12:07:06.745635  5677 work_detect.cpp:120] Succeeded to add det end for frame 30
I1014 12:07:06.745652  5677 work_thread.hpp:81]  [T-Work-Detect_0] Run work: WrokTrack
I1014 12:07:06.745678  5677 work_track.cpp:102] Succeeded to set track lock for frame 30
I1014 12:07:06.745705  5677 work_track.cpp:116] Succeeded to release track lock for frame 30
I1014 12:07:06.745720  5677 work_track.cpp:120] Track results of frame 30: 0 objects input, 0 objects tracked!
I1014 12:07:06.745739  5677 work_thread.hpp:88]  [T-Work-Detect_0] Frame :30 split
I1014 12:07:06.745782  5680 thread_intergrate.hpp:78] [T-Intergrate-intergrate] queue: frame output frame :30
I1014 12:07:06.747308  5676 demo_inner.hpp:435] thread [SORT-0]  frame id 30 sorting queue size 0   FPS: 19.9862
I1014 12:07:06.747375  5675 demo_inner.hpp:260]  gui queue size 0, state = running
I1014 12:07:06.786797  5674 demo_inner.hpp:177] decode queue size 0
I1014 12:07:06.786904  5677 work_thread.hpp:81]  [T-Work-Detect_0] Run work: WorkDetect
I1014 12:07:06.786945  5677 work_detect.cpp:102] Succeeded to add det start for frame 31
I1014 12:07:06.793615  5677 work_detect.cpp:70] Frame :31 detect result :1 face(s)
W1014 12:07:06.793658  5677 work_detect.cpp:83] Invalid bbox: [182 x 212 from (279, 162)]
I1014 12:07:06.793730  5677 work_detect.cpp:120] Succeeded to add det end for frame 31
I1014 12:07:06.793748  5677 work_thread.hpp:81]  [T-Work-Detect_0] Run work: WrokTrack
I1014 12:07:06.793774  5677 work_track.cpp:102] Succeeded to set track lock for frame 31
I1014 12:07:06.793802  5677 work_track.cpp:116] Succeeded to release track lock for frame 31
I1014 12:07:06.793815  5677 work_track.cpp:120] Track results of frame 31: 0 objects input, 0 objects tracked!
I1014 12:07:06.793834  5677 work_thread.hpp:88]  [T-Work-Detect_0] Frame :31 split
I1014 12:07:06.793926  5680 thread_intergrate.hpp:78] [T-Intergrate-intergrate] queue: frame output frame :31
I1014 12:07:06.795383  5676 demo_inner.hpp:435] thread [SORT-0]  frame id 31 sorting queue size 0   FPS: 20.0133
I1014 12:07:06.795454  5675 demo_inner.hpp:260]  gui queue size 0, state = running
I1014 12:07:06.834863  5674 demo_inner.hpp:177] decode queue size 0
I1014 12:07:06.834967  5677 work_thread.hpp:81]  [T-Work-Detect_0] Run work: WorkDetect
I1014 12:07:06.835006  5677 work_detect.cpp:102] Succeeded to add det start for frame 32
I1014 12:07:06.841668  5677 work_detect.cpp:70] Frame :32 detect result :1 face(s)
W1014 12:07:06.841709  5677 work_detect.cpp:83] Invalid bbox: [183 x 214 from (280, 163)]
I1014 12:07:06.841784  5677 work_detect.cpp:120] Succeeded to add det end for frame 32
I1014 12:07:06.841801  5677 work_thread.hpp:81]  [T-Work-Detect_0] Run work: WrokTrack
I1014 12:07:06.841828  5677 work_track.cpp:102] Succeeded to set track lock for frame 32
I1014 12:07:06.841856  5677 work_track.cpp:116] Succeeded to release track lock for frame 32
I1014 12:07:06.841869  5677 work_track.cpp:120] Track results of frame 32: 0 objects input, 0 objects tracked!
I1014 12:07:06.841888  5677 work_thread.hpp:88]  [T-Work-Detect_0] Frame :32 split
I1014 12:07:06.841961  5680 thread_intergrate.hpp:78] [T-Intergrate-intergrate] queue: frame output frame :32
I1014 12:07:06.843502  5676 demo_inner.hpp:435] thread [SORT-0]  frame id 32 sorting queue size 0   FPS: 20.0388
I1014 12:07:06.843574  5675 demo_inner.hpp:260]  gui queue size 0, state = running
I1014 12:07:06.888774  5674 demo_inner.hpp:177] decode queue size 0
I1014 12:07:06.888880  5677 work_thread.hpp:81]  [T-Work-Detect_0] Run work: WorkDetect
I1014 12:07:06.888917  5677 work_detect.cpp:102] Succeeded to add det start for frame 33
I1014 12:07:06.895628  5677 work_detect.cpp:70] Frame :33 detect result :1 face(s)
W1014 12:07:06.895679  5677 work_detect.cpp:83] Invalid bbox: [185 x 218 from (278, 161)]
I1014 12:07:06.895754  5677 work_detect.cpp:120] Succeeded to add det end for frame 33
I1014 12:07:06.895772  5677 work_thread.hpp:81]  [T-Work-Detect_0] Run work: WrokTrack
I1014 12:07:06.895799  5677 work_track.cpp:102] Succeeded to set track lock for frame 33
I1014 12:07:06.895826  5677 work_track.cpp:116] Succeeded to release track lock for frame 33
I1014 12:07:06.895840  5677 work_track.cpp:120] Track results of frame 33: 0 objects input, 0 objects tracked!
I1014 12:07:06.895859  5677 work_thread.hpp:88]  [T-Work-Detect_0] Frame :33 split
I1014 12:07:06.895905  5680 thread_intergrate.hpp:78] [T-Intergrate-intergrate] queue: frame output frame :33
I1014 12:07:06.897420  5676 demo_inner.hpp:435] thread [SORT-0]  frame id 33 sorting queue size 0   FPS: 19.9875
I1014 12:07:06.897488  5675 demo_inner.hpp:260]  gui queue size 0, state = running
I1014 12:07:06.936820  5674 demo_inner.hpp:177] decode queue size 0
I1014 12:07:06.936918  5677 work_thread.hpp:81]  [T-Work-Detect_0] Run work: WorkDetect
I1014 12:07:06.936957  5677 work_detect.cpp:102] Succeeded to add det start for frame 34
I1014 12:07:06.943580  5677 work_detect.cpp:70] Frame :34 detect result :1 face(s)
W1014 12:07:06.943622  5677 work_detect.cpp:83] Invalid bbox: [182 x 211 from (280, 164)]
I1014 12:07:06.943697  5677 work_detect.cpp:120] Succeeded to add det end for frame 34
I1014 12:07:06.943714  5677 work_thread.hpp:81]  [T-Work-Detect_0] Run work: WrokTrack
I1014 12:07:06.943742  5677 work_track.cpp:102] Succeeded to set track lock for frame 34
I1014 12:07:06.943769  5677 work_track.cpp:116] Succeeded to release track lock for frame 34
I1014 12:07:06.943783  5677 work_track.cpp:120] Track results of frame 34: 0 objects input, 0 objects tracked!
I1014 12:07:06.943801  5677 work_thread.hpp:88]  [T-Work-Detect_0] Frame :34 split
I1014 12:07:06.943848  5680 thread_intergrate.hpp:78] [T-Intergrate-intergrate] queue: frame output frame :34
I1014 12:07:06.945320  5676 demo_inner.hpp:435] thread [SORT-0]  frame id 34 sorting queue size 0   FPS: 20.0121
I1014 12:07:06.945435  5675 demo_inner.hpp:260]  gui queue size 0, state = running
I1014 12:07:06.984920  5674 demo_inner.hpp:177] decode queue size 0
I1014 12:07:06.985019  5677 work_thread.hpp:81]  [T-Work-Detect_0] Run work: WorkDetect
I1014 12:07:06.985057  5677 work_detect.cpp:102] Succeeded to add det start for frame 35
I1014 12:07:06.991688  5677 work_detect.cpp:70] Frame :35 detect result :1 face(s)
W1014 12:07:06.991729  5677 work_detect.cpp:83] Invalid bbox: [189 x 222 from (276, 157)]
I1014 12:07:06.991803  5677 work_detect.cpp:120] Succeeded to add det end for frame 35
I1014 12:07:06.991820  5677 work_thread.hpp:81]  [T-Work-Detect_0] Run work: WrokTrack
I1014 12:07:06.991849  5677 work_track.cpp:102] Succeeded to set track lock for frame 35
I1014 12:07:06.991876  5677 work_track.cpp:116] Succeeded to release track lock for frame 35
I1014 12:07:06.991891  5677 work_track.cpp:120] Track results of frame 35: 0 objects input, 0 objects tracked!
I1014 12:07:06.991910  5677 work_thread.hpp:88]  [T-Work-Detect_0] Frame :35 split
I1014 12:07:06.991963  5680 thread_intergrate.hpp:78] [T-Intergrate-intergrate] queue: frame output frame :35
I1014 12:07:06.993445  5676 demo_inner.hpp:435] thread [SORT-0]  frame id 35 sorting queue size 0   FPS: 20.0354
I1014 12:07:06.993518  5675 demo_inner.hpp:260]  gui queue size 0, state = running
I1014 12:07:07.038733  5674 demo_inner.hpp:177] decode queue size 0
I1014 12:07:07.038851  5677 work_thread.hpp:81]  [T-Work-Detect_0] Run work: WorkDetect
I1014 12:07:07.038887  5677 work_detect.cpp:102] Succeeded to add det start for frame 36
I1014 12:07:07.045616  5677 work_detect.cpp:70] Frame :36 detect result :1 face(s)
W1014 12:07:07.045658  5677 work_detect.cpp:83] Invalid bbox: [186 x 215 from (277, 162)]
I1014 12:07:07.045732  5677 work_detect.cpp:120] Succeeded to add det end for frame 36
I1014 12:07:07.045750  5677 work_thread.hpp:81]  [T-Work-Detect_0] Run work: WrokTrack
I1014 12:07:07.045778  5677 work_track.cpp:102] Succeeded to set track lock for frame 36
I1014 12:07:07.045804  5677 work_track.cpp:116] Succeeded to release track lock for frame 36
I1014 12:07:07.045819  5677 work_track.cpp:120] Track results of frame 36: 0 objects input, 0 objects tracked!
I1014 12:07:07.045838  5677 work_thread.hpp:88]  [T-Work-Detect_0] Frame :36 split
I1014 12:07:07.045882  5680 thread_intergrate.hpp:78] [T-Intergrate-intergrate] queue: frame output frame :36
I1014 12:07:07.047384  5676 demo_inner.hpp:435] thread [SORT-0]  frame id 36 sorting queue size 0   FPS: 19.9886
I1014 12:07:07.047457  5675 demo_inner.hpp:260]  gui queue size 0, state = running
I1014 12:07:07.086839  5674 demo_inner.hpp:177] decode queue size 0
I1014 12:07:07.086939  5677 work_thread.hpp:81]  [T-Work-Detect_0] Run work: WorkDetect
I1014 12:07:07.086977  5677 work_detect.cpp:102] Succeeded to add det start for frame 37
I1014 12:07:07.093607  5677 work_detect.cpp:70] Frame :37 detect result :1 face(s)
W1014 12:07:07.093649  5677 work_detect.cpp:83] Invalid bbox: [188 x 215 from (280, 164)]
I1014 12:07:07.093724  5677 work_detect.cpp:120] Succeeded to add det end for frame 37
I1014 12:07:07.093741  5677 work_thread.hpp:81]  [T-Work-Detect_0] Run work: WrokTrack
I1014 12:07:07.093770  5677 work_track.cpp:102] Succeeded to set track lock for frame 37
I1014 12:07:07.093796  5677 work_track.cpp:116] Succeeded to release track lock for frame 37
I1014 12:07:07.093811  5677 work_track.cpp:120] Track results of frame 37: 0 objects input, 0 objects tracked!
I1014 12:07:07.093830  5677 work_thread.hpp:88]  [T-Work-Detect_0] Frame :37 split
I1014 12:07:07.093884  5680 thread_intergrate.hpp:78] [T-Intergrate-intergrate] queue: frame output frame :37
I1014 12:07:07.095319  5676 demo_inner.hpp:435] thread [SORT-0]  frame id 37 sorting queue size 0   FPS: 20.0111
I1014 12:07:07.095386  5675 demo_inner.hpp:260]  gui queue size 0, state = running
I1014 12:07:07.134891  5674 demo_inner.hpp:177] decode queue size 0
I1014 12:07:07.134989  5677 work_thread.hpp:81]  [T-Work-Detect_0] Run work: WorkDetect
I1014 12:07:07.135028  5677 work_detect.cpp:102] Succeeded to add det start for frame 38
I1014 12:07:07.141754  5677 work_detect.cpp:70] Frame :38 detect result :1 face(s)
W1014 12:07:07.141800  5677 work_detect.cpp:83] Invalid bbox: [177 x 204 from (286, 169)]
I1014 12:07:07.141872  5677 work_detect.cpp:120] Succeeded to add det end for frame 38
I1014 12:07:07.141891  5677 work_thread.hpp:81]  [T-Work-Detect_0] Run work: WrokTrack
I1014 12:07:07.141917  5677 work_track.cpp:102] Succeeded to set track lock for frame 38
I1014 12:07:07.141944  5677 work_track.cpp:116] Succeeded to release track lock for frame 38
