Log file created at: 2019/10/14 15:37:05
Running on machine: zcu104
Log line format: [IWEF]mmdd hh:mm:ss.uuuuuu threadid file:line] msg
I1014 15:37:05.085949  9219 feature_lib.cpp:109] Feature lib read name: images/HaDM.jpg
I1014 15:37:05.092958  9219 feature_lib.cpp:131] Read lib face : images/HaDM.jpg
I1014 15:37:05.092990  9219 feature_lib.cpp:109] Feature lib read name: images/HaiHV.jpg
I1014 15:37:05.093406  9219 feature_lib.cpp:131] Read lib face : images/HaiHV.jpg
I1014 15:37:05.093427  9219 feature_lib.cpp:109] Feature lib read name: images/SonNNe.jpg
I1014 15:37:05.093830  9219 feature_lib.cpp:131] Read lib face : images/SonNNe.jpg
I1014 15:37:05.093849  9219 feature_lib.cpp:109] Feature lib read name: images/TungDM.jpg
I1014 15:37:05.094249  9219 feature_lib.cpp:131] Read lib face : images/TungDM.jpg
I1014 15:37:05.094269  9219 feature_lib.cpp:109] Feature lib read name: images/HungVTc.png
I1014 15:37:05.094681  9219 feature_lib.cpp:131] Read lib face : images/HungVTc.png
I1014 15:37:05.094712  9219 feature_lib.cpp:109] Feature lib read name: images/DangVHb.jpg
I1014 15:37:05.095110  9219 feature_lib.cpp:131] Read lib face : images/DangVHb.jpg
I1014 15:37:05.095130  9219 feature_lib.cpp:109] Feature lib read name: images/hungndn.jpg
I1014 15:37:05.095527  9219 feature_lib.cpp:131] Read lib face : images/hungndn.jpg
I1014 15:37:05.095546  9219 feature_lib.cpp:109] Feature lib read name: images/HieuPV.jpg
I1014 15:37:05.095942  9219 feature_lib.cpp:131] Read lib face : images/HieuPV.jpg
I1014 15:37:05.095962  9219 feature_lib.cpp:109] Feature lib read name: images/HuyNQz.png
I1014 15:37:05.096421  9219 feature_lib.cpp:131] Read lib face : images/HuyNQz.png
I1014 15:37:05.096462  9219 feature_lib.cpp:109] Feature lib read name: images/VuongNQb.png
I1014 15:37:05.096864  9219 feature_lib.cpp:131] Read lib face : images/VuongNQb.png
I1014 15:37:05.096892  9219 feature_lib.cpp:109] Feature lib read name: images/ThangLMb.jpg
I1014 15:37:05.097298  9219 feature_lib.cpp:131] Read lib face : images/ThangLMb.jpg
I1014 15:37:05.097317  9219 feature_lib.cpp:109] Feature lib read name: images/truongnxd.png
I1014 15:37:05.097721  9219 feature_lib.cpp:131] Read lib face : images/truongnxd.png
I1014 15:37:05.097740  9219 feature_lib.cpp:109] Feature lib read name: images/ThaoDQ.jpg
I1014 15:37:05.098142  9219 feature_lib.cpp:131] Read lib face : images/ThaoDQ.jpg
I1014 15:37:05.098193  9219 feature_lib.cpp:147] Loading normal image: images/HaDM.jpg...
I1014 15:37:05.128865  9219 feature_lib.cpp:158] Load normal image: images/HaDM.jpg done size: 838 * 1100
I1014 15:37:05.128931  9219 feature_lib.cpp:147] Loading normal image: images/HaiHV.jpg...
I1014 15:37:05.186327  9219 feature_lib.cpp:158] Load normal image: images/HaiHV.jpg done size: 1203 * 1541
I1014 15:37:05.186388  9219 feature_lib.cpp:147] Loading normal image: images/SonNNe.jpg...
I1014 15:37:05.261322  9219 feature_lib.cpp:158] Load normal image: images/SonNNe.jpg done size: 1429 * 1719
I1014 15:37:05.261384  9219 feature_lib.cpp:147] Loading normal image: images/TungDM.jpg...
I1014 15:37:05.320328  9219 feature_lib.cpp:158] Load normal image: images/TungDM.jpg done size: 1340 * 1462
I1014 15:37:05.320389  9219 feature_lib.cpp:147] Loading normal image: images/HungVTc.png...
I1014 15:37:05.328510  9219 feature_lib.cpp:158] Load normal image: images/HungVTc.png done size: 263 * 317
I1014 15:37:05.328541  9219 feature_lib.cpp:147] Loading normal image: images/DangVHb.jpg...
I1014 15:37:05.393990  9219 feature_lib.cpp:158] Load normal image: images/DangVHb.jpg done size: 1469 * 1456
I1014 15:37:05.394052  9219 feature_lib.cpp:147] Loading normal image: images/hungndn.jpg...
I1014 15:37:05.491369  9219 feature_lib.cpp:158] Load normal image: images/hungndn.jpg done size: 1636 * 1930
I1014 15:37:05.491430  9219 feature_lib.cpp:147] Loading normal image: images/HieuPV.jpg...
I1014 15:37:05.570156  9219 feature_lib.cpp:158] Load normal image: images/HieuPV.jpg done size: 1527 * 1719
I1014 15:37:05.570217  9219 feature_lib.cpp:147] Loading normal image: images/HuyNQz.png...
I1014 15:37:05.596540  9219 feature_lib.cpp:158] Load normal image: images/HuyNQz.png done size: 493 * 639
I1014 15:37:05.596593  9219 feature_lib.cpp:147] Loading normal image: images/VuongNQb.png...
I1014 15:37:05.611423  9219 feature_lib.cpp:158] Load normal image: images/VuongNQb.png done size: 351 * 514
I1014 15:37:05.611536  9219 feature_lib.cpp:147] Loading normal image: images/ThangLMb.jpg...
I1014 15:37:05.689625  9219 feature_lib.cpp:158] Load normal image: images/ThangLMb.jpg done size: 1548 * 1719
I1014 15:37:05.689687  9219 feature_lib.cpp:147] Loading normal image: images/truongnxd.png...
I1014 15:37:05.742811  9219 feature_lib.cpp:158] Load normal image: images/truongnxd.png done size: 906 * 964
I1014 15:37:05.742873  9219 feature_lib.cpp:147] Loading normal image: images/ThaoDQ.jpg...
I1014 15:37:05.815096  9219 feature_lib.cpp:158] Load normal image: images/ThaoDQ.jpg done size: 1425 * 1719
I1014 15:37:06.184128  9219 demo_inner.hpp:126] thread [DedodeThread-0] is starting
I1014 15:37:06.184316  9219 demo_inner.hpp:126] thread [GUIThread] is starting
I1014 15:37:06.184379  9221 demo_inner.hpp:101] thread [DedodeThread-0] is started
I1014 15:37:06.184408  9219 demo_inner.hpp:126] thread [SORT-0] is starting
I1014 15:37:06.184464  9222 demo_inner.hpp:101] thread [GUIThread] is started
I1014 15:37:06.184481  9219 demo_inner.hpp:126] thread [T-Work-Detect_0] is starting
I1014 15:37:06.184535  9223 demo_inner.hpp:101] thread [SORT-0] is started
I1014 15:37:06.184551  9219 demo_inner.hpp:126] thread [T-Work-Recog_0] is starting
I1014 15:37:06.184602  9224 demo_inner.hpp:101] thread [T-Work-Detect_0] is started
I1014 15:37:06.184621  9219 demo_inner.hpp:126] thread [T-Work-Recog_1] is starting
I1014 15:37:06.184653  9225 demo_inner.hpp:101] thread [T-Work-Recog_0] is started
I1014 15:37:06.184689  9219 demo_inner.hpp:126] thread [T-Intergrate-intergrate] is starting
I1014 15:37:06.184733  9226 demo_inner.hpp:101] thread [T-Work-Recog_1] is started
I1014 15:37:06.184772  9219 demo_inner.hpp:137] waiting for [GUIThread] ended
I1014 15:37:06.184790  9227 demo_inner.hpp:101] thread [T-Intergrate-intergrate] is started
I1014 15:37:06.888144  9221 demo_inner.hpp:177] decode queue size 0
I1014 15:37:06.888347  9224 work_thread.hpp:81]  [T-Work-Detect_0] Run work: WorkDetect
I1014 15:37:06.888412  9224 work_detect.cpp:102] Succeeded to add det start for frame 1
I1014 15:37:06.895421  9224 work_detect.cpp:70] Frame :1 detect result :1 face(s)
W1014 15:37:06.895460  9224 work_detect.cpp:83] Invalid bbox: [148 x 154 from (215, 244)]
I1014 15:37:06.895768  9224 work_detect.cpp:120] Succeeded to add det end for frame 1
I1014 15:37:06.895787  9224 work_thread.hpp:81]  [T-Work-Detect_0] Run work: WrokTrack
I1014 15:37:06.895817  9224 work_track.cpp:102] Succeeded to set track lock for frame 1
I1014 15:37:06.895869  9224 work_track.cpp:116] Succeeded to release track lock for frame 1
I1014 15:37:06.895884  9224 work_track.cpp:120] Track results of frame 1: 0 objects input, 0 objects tracked!
I1014 15:37:06.895901  9224 work_thread.hpp:87]  [T-Work-Detect_0] Frame :1 split
I1014 15:37:06.895941  9227 thread_intergrate.hpp:78] [T-Intergrate-intergrate] queue: frame output frame :1
I1014 15:37:06.897069  9223 demo_inner.hpp:435] thread [SORT-0]  frame id 1 sorting queue size 0   FPS: -1
I1014 15:37:06.897177  9222 demo_inner.hpp:260]  gui queue size 0, state = running
I1014 15:37:06.929679  9221 demo_inner.hpp:177] decode queue size 0
I1014 15:37:06.929839  9224 work_thread.hpp:81]  [T-Work-Detect_0] Run work: WorkDetect
I1014 15:37:06.929878  9224 work_detect.cpp:102] Succeeded to add det start for frame 2
I1014 15:37:06.936676  9224 work_detect.cpp:70] Frame :2 detect result :1 face(s)
W1014 15:37:06.936717  9224 work_detect.cpp:83] Invalid bbox: [152 x 153 from (213, 247)]
I1014 15:37:06.936789  9224 work_detect.cpp:120] Succeeded to add det end for frame 2
I1014 15:37:06.936806  9224 work_thread.hpp:81]  [T-Work-Detect_0] Run work: WrokTrack
I1014 15:37:06.936834  9224 work_track.cpp:102] Succeeded to set track lock for frame 2
I1014 15:37:06.936861  9224 work_track.cpp:116] Succeeded to release track lock for frame 2
I1014 15:37:06.936875  9224 work_track.cpp:120] Track results of frame 2: 0 objects input, 0 objects tracked!
I1014 15:37:06.936894  9224 work_thread.hpp:87]  [T-Work-Detect_0] Frame :2 split
I1014 15:37:06.936998  9227 thread_intergrate.hpp:78] [T-Intergrate-intergrate] queue: frame output frame :2
I1014 15:37:06.938520  9223 demo_inner.hpp:435] thread [SORT-0]  frame id 2 sorting queue size 0   FPS: 24.3902
I1014 15:37:06.943985  9222 demo_inner.hpp:260]  gui queue size 0, state = running
I1014 15:37:06.959781  9221 demo_inner.hpp:177] decode queue size 0
I1014 15:37:06.959897  9224 work_thread.hpp:81]  [T-Work-Detect_0] Run work: WorkDetect
I1014 15:37:06.959933  9224 work_detect.cpp:102] Succeeded to add det start for frame 3
I1014 15:37:06.966506  9224 work_detect.cpp:70] Frame :3 detect result :1 face(s)
W1014 15:37:06.966538  9224 work_detect.cpp:83] Invalid bbox: [149 x 151 from (214, 246)]
I1014 15:37:06.966611  9224 work_detect.cpp:120] Succeeded to add det end for frame 3
I1014 15:37:06.966629  9224 work_thread.hpp:81]  [T-Work-Detect_0] Run work: WrokTrack
I1014 15:37:06.966655  9224 work_track.cpp:102] Succeeded to set track lock for frame 3
I1014 15:37:06.966681  9224 work_track.cpp:116] Succeeded to release track lock for frame 3
I1014 15:37:06.966696  9224 work_track.cpp:120] Track results of frame 3: 0 objects input, 0 objects tracked!
I1014 15:37:06.966713  9224 work_thread.hpp:87]  [T-Work-Detect_0] Frame :3 split
I1014 15:37:06.966761  9227 thread_intergrate.hpp:78] [T-Intergrate-intergrate] queue: frame output frame :3
I1014 15:37:06.968258  9223 demo_inner.hpp:435] thread [SORT-0]  frame id 3 sorting queue size 0   FPS: 28.5714
I1014 15:37:06.968325  9222 demo_inner.hpp:260]  gui queue size 0, state = running
I1014 15:37:06.995745  9221 demo_inner.hpp:177] decode queue size 0
I1014 15:37:06.995893  9224 work_thread.hpp:81]  [T-Work-Detect_0] Run work: WorkDetect
I1014 15:37:06.995931  9224 work_detect.cpp:102] Succeeded to add det start for frame 4
I1014 15:37:07.002512  9224 work_detect.cpp:70] Frame :4 detect result :1 face(s)
W1014 15:37:07.002540  9224 work_detect.cpp:83] Invalid bbox: [152 x 151 from (212, 247)]
I1014 15:37:07.002615  9224 work_detect.cpp:120] Succeeded to add det end for frame 4
I1014 15:37:07.002632  9224 work_thread.hpp:81]  [T-Work-Detect_0] Run work: WrokTrack
I1014 15:37:07.002657  9224 work_track.cpp:102] Succeeded to set track lock for frame 4
I1014 15:37:07.002684  9224 work_track.cpp:116] Succeeded to release track lock for frame 4
I1014 15:37:07.002698  9224 work_track.cpp:120] Track results of frame 4: 0 objects input, 0 objects tracked!
I1014 15:37:07.002717  9224 work_thread.hpp:87]  [T-Work-Detect_0] Frame :4 split
I1014 15:37:07.002758  9227 thread_intergrate.hpp:78] [T-Intergrate-intergrate] queue: frame output frame :4
I1014 15:37:07.004434  9223 demo_inner.hpp:435] thread [SORT-0]  frame id 4 sorting queue size 0   FPS: 28.3019
I1014 15:37:07.004531  9222 demo_inner.hpp:260]  gui queue size 0, state = running
I1014 15:37:07.025780  9221 demo_inner.hpp:177] decode queue size 0
I1014 15:37:07.025898  9224 work_thread.hpp:81]  [T-Work-Detect_0] Run work: WorkDetect
I1014 15:37:07.025936  9224 work_detect.cpp:102] Succeeded to add det start for frame 5
I1014 15:37:07.032429  9224 work_detect.cpp:70] Frame :5 detect result :1 face(s)
W1014 15:37:07.032452  9224 work_detect.cpp:83] Invalid bbox: [152 x 151 from (212, 248)]
I1014 15:37:07.032526  9224 work_detect.cpp:120] Succeeded to add det end for frame 5
I1014 15:37:07.032541  9224 work_thread.hpp:81]  [T-Work-Detect_0] Run work: WrokTrack
I1014 15:37:07.032567  9224 work_track.cpp:102] Succeeded to set track lock for frame 5
I1014 15:37:07.032593  9224 work_track.cpp:116] Succeeded to release track lock for frame 5
I1014 15:37:07.032606  9224 work_track.cpp:120] Track results of frame 5: 0 objects input, 0 objects tracked!
I1014 15:37:07.032625  9224 work_thread.hpp:87]  [T-Work-Detect_0] Frame :5 split
I1014 15:37:07.032667  9227 thread_intergrate.hpp:78] [T-Intergrate-intergrate] queue: frame output frame :5
I1014 15:37:07.034091  9223 demo_inner.hpp:435] thread [SORT-0]  frame id 5 sorting queue size 0   FPS: 29.4118
I1014 15:37:07.034163  9222 demo_inner.hpp:260]  gui queue size 0, state = running
I1014 15:37:07.061931  9221 demo_inner.hpp:177] decode queue size 0
I1014 15:37:07.062072  9224 work_thread.hpp:81]  [T-Work-Detect_0] Run work: WorkDetect
I1014 15:37:07.062111  9224 work_detect.cpp:102] Succeeded to add det start for frame 6
I1014 15:37:07.069489  9224 work_detect.cpp:70] Frame :6 detect result :1 face(s)
W1014 15:37:07.069527  9224 work_detect.cpp:83] Invalid bbox: [151 x 151 from (213, 247)]
I1014 15:37:07.069609  9224 work_detect.cpp:120] Succeeded to add det end for frame 6
I1014 15:37:07.069627  9224 work_thread.hpp:81]  [T-Work-Detect_0] Run work: WrokTrack
I1014 15:37:07.069653  9224 work_track.cpp:102] Succeeded to set track lock for frame 6
I1014 15:37:07.069703  9224 work_track.cpp:116] Succeeded to release track lock for frame 6
I1014 15:37:07.069720  9224 work_track.cpp:120] Track results of frame 6: 0 objects input, 0 objects tracked!
I1014 15:37:07.069739  9224 work_thread.hpp:87]  [T-Work-Detect_0] Frame :6 split
I1014 15:37:07.069782  9227 thread_intergrate.hpp:78] [T-Intergrate-intergrate] queue: frame output frame :6
I1014 15:37:07.071265  9223 demo_inner.hpp:435] thread [SORT-0]  frame id 6 sorting queue size 0   FPS: 28.9017
I1014 15:37:07.071333  9222 demo_inner.hpp:260]  gui queue size 0, state = running
I1014 15:37:07.092285  9221 demo_inner.hpp:177] decode queue size 0
I1014 15:37:07.092396  9224 work_thread.hpp:81]  [T-Work-Detect_0] Run work: WorkDetect
I1014 15:37:07.092433  9224 work_detect.cpp:102] Succeeded to add det start for frame 7
I1014 15:37:07.099614  9224 work_detect.cpp:70] Frame :7 detect result :1 face(s)
W1014 15:37:07.099658  9224 work_detect.cpp:83] Invalid bbox: [149 x 152 from (215, 245)]
I1014 15:37:07.099740  9224 work_detect.cpp:120] Succeeded to add det end for frame 7
I1014 15:37:07.099758  9224 work_thread.hpp:81]  [T-Work-Detect_0] Run work: WrokTrack
I1014 15:37:07.099786  9224 work_track.cpp:102] Succeeded to set track lock for frame 7
I1014 15:37:07.099812  9224 work_track.cpp:116] Succeeded to release track lock for frame 7
I1014 15:37:07.099826  9224 work_track.cpp:120] Track results of frame 7: 0 objects input, 0 objects tracked!
I1014 15:37:07.099869  9224 work_thread.hpp:87]  [T-Work-Detect_0] Frame :7 split
I1014 15:37:07.099917  9227 thread_intergrate.hpp:78] [T-Intergrate-intergrate] queue: frame output frame :7
I1014 15:37:07.101455  9223 demo_inner.hpp:435] thread [SORT-0]  frame id 7 sorting queue size 0   FPS: 29.5567
I1014 15:37:07.101526  9222 demo_inner.hpp:260]  gui queue size 0, state = running
I1014 15:37:07.128782  9221 demo_inner.hpp:177] decode queue size 0
I1014 15:37:07.128935  9224 work_thread.hpp:81]  [T-Work-Detect_0] Run work: WorkDetect
I1014 15:37:07.128973  9224 work_detect.cpp:102] Succeeded to add det start for frame 8
I1014 15:37:07.136322  9224 work_detect.cpp:70] Frame :8 detect result :1 face(s)
W1014 15:37:07.136432  9224 work_detect.cpp:83] Invalid bbox: [149 x 151 from (214, 246)]
I1014 15:37:07.136513  9224 work_detect.cpp:120] Succeeded to add det end for frame 8
I1014 15:37:07.136530  9224 work_thread.hpp:81]  [T-Work-Detect_0] Run work: WrokTrack
I1014 15:37:07.136557  9224 work_track.cpp:102] Succeeded to set track lock for frame 8
I1014 15:37:07.136584  9224 work_track.cpp:116] Succeeded to release track lock for frame 8
I1014 15:37:07.136598  9224 work_track.cpp:120] Track results of frame 8: 0 objects input, 0 objects tracked!
I1014 15:37:07.136642  9224 work_thread.hpp:87]  [T-Work-Detect_0] Frame :8 split
I1014 15:37:07.136684  9227 thread_intergrate.hpp:78] [T-Intergrate-intergrate] queue: frame output frame :8
I1014 15:37:07.138223  9223 demo_inner.hpp:435] thread [SORT-0]  frame id 8 sorting queue size 0   FPS: 29.1667
I1014 15:37:07.138295  9222 demo_inner.hpp:260]  gui queue size 0, state = running
I1014 15:37:07.163980  9221 demo_inner.hpp:177] decode queue size 0
I1014 15:37:07.164120  9224 work_thread.hpp:81]  [T-Work-Detect_0] Run work: WorkDetect
I1014 15:37:07.164194  9224 work_detect.cpp:102] Succeeded to add det start for frame 9
I1014 15:37:07.171615  9224 work_detect.cpp:70] Frame :9 detect result :1 face(s)
W1014 15:37:07.171675  9224 work_detect.cpp:83] Invalid bbox: [148 x 152 from (215, 247)]
I1014 15:37:07.171766  9224 work_detect.cpp:120] Succeeded to add det end for frame 9
I1014 15:37:07.171784  9224 work_thread.hpp:81]  [T-Work-Detect_0] Run work: WrokTrack
I1014 15:37:07.171839  9224 work_track.cpp:102] Succeeded to set track lock for frame 9
I1014 15:37:07.171869  9224 work_track.cpp:116] Succeeded to release track lock for frame 9
I1014 15:37:07.171885  9224 work_track.cpp:120] Track results of frame 9: 0 objects input, 0 objects tracked!
I1014 15:37:07.171903  9224 work_thread.hpp:87]  [T-Work-Detect_0] Frame :9 split
I1014 15:37:07.171950  9227 thread_intergrate.hpp:78] [T-Intergrate-intergrate] queue: frame output frame :9
I1014 15:37:07.173547  9223 demo_inner.hpp:435] thread [SORT-0]  frame id 9 sorting queue size 0   FPS: 28.9855
I1014 15:37:07.173626  9222 demo_inner.hpp:260]  gui queue size 0, state = running
I1014 15:37:07.194270  9221 demo_inner.hpp:177] decode queue size 0
I1014 15:37:07.194591  9224 work_thread.hpp:81]  [T-Work-Detect_0] Run work: WorkDetect
I1014 15:37:07.194633  9224 work_detect.cpp:102] Succeeded to add det start for frame 10
I1014 15:37:07.203186  9224 work_detect.cpp:70] Frame :10 detect result :1 face(s)
W1014 15:37:07.203258  9224 work_detect.cpp:83] Invalid bbox: [147 x 150 from (215, 247)]
I1014 15:37:07.203378  9224 work_detect.cpp:120] Succeeded to add det end for frame 10
I1014 15:37:07.203397  9224 work_thread.hpp:81]  [T-Work-Detect_0] Run work: WrokTrack
I1014 15:37:07.203425  9224 work_track.cpp:102] Succeeded to set track lock for frame 10
I1014 15:37:07.203464  9224 work_track.cpp:116] Succeeded to release track lock for frame 10
I1014 15:37:07.203478  9224 work_track.cpp:120] Track results of frame 10: 0 objects input, 0 objects tracked!
I1014 15:37:07.203497  9224 work_thread.hpp:87]  [T-Work-Detect_0] Frame :10 split
I1014 15:37:07.203547  9227 thread_intergrate.hpp:78] [T-Intergrate-intergrate] queue: frame output frame :10
I1014 15:37:07.205111  9223 demo_inner.hpp:435] thread [SORT-0]  frame id 10 sorting queue size 0   FPS: 29.316
I1014 15:37:07.205279  9222 demo_inner.hpp:260]  gui queue size 0, state = running
I1014 15:37:07.230325  9221 demo_inner.hpp:177] decode queue size 0
I1014 15:37:07.230522  9224 work_thread.hpp:81]  [T-Work-Detect_0] Run work: WorkDetect
I1014 15:37:07.230563  9224 work_detect.cpp:102] Succeeded to add det start for frame 11
I1014 15:37:07.238482  9224 work_detect.cpp:70] Frame :11 detect result :1 face(s)
W1014 15:37:07.238574  9224 work_detect.cpp:83] Invalid bbox: [148 x 150 from (216, 246)]
I1014 15:37:07.238667  9224 work_detect.cpp:120] Succeeded to add det end for frame 11
I1014 15:37:07.238685  9224 work_thread.hpp:81]  [T-Work-Detect_0] Run work: WrokTrack
I1014 15:37:07.238716  9224 work_track.cpp:102] Succeeded to set track lock for frame 11
I1014 15:37:07.238906  9224 work_track.cpp:116] Succeeded to release track lock for frame 11
I1014 15:37:07.238924  9224 work_track.cpp:120] Track results of frame 11: 0 objects input, 0 objects tracked!
I1014 15:37:07.238946  9224 work_thread.hpp:87]  [T-Work-Detect_0] Frame :11 split
I1014 15:37:07.239316  9227 thread_intergrate.hpp:78] [T-Intergrate-intergrate] queue: frame output frame :11
I1014 15:37:07.240846  9223 demo_inner.hpp:435] thread [SORT-0]  frame id 11 sorting queue size 0   FPS: 29.1545
I1014 15:37:07.240949  9222 demo_inner.hpp:260]  gui queue size 0, state = running
I1014 15:37:07.260308  9221 demo_inner.hpp:177] decode queue size 0
I1014 15:37:07.260437  9224 work_thread.hpp:81]  [T-Work-Detect_0] Run work: WorkDetect
I1014 15:37:07.260473  9224 work_detect.cpp:102] Succeeded to add det start for frame 12
I1014 15:37:07.267786  9224 work_detect.cpp:70] Frame :12 detect result :1 face(s)
W1014 15:37:07.267841  9224 work_detect.cpp:83] Invalid bbox: [148 x 153 from (215, 246)]
I1014 15:37:07.267942  9224 work_detect.cpp:120] Succeeded to add det end for frame 12
I1014 15:37:07.267961  9224 work_thread.hpp:81]  [T-Work-Detect_0] Run work: WrokTrack
I1014 15:37:07.268056  9224 work_track.cpp:102] Succeeded to set track lock for frame 12
I1014 15:37:07.268086  9224 work_track.cpp:116] Succeeded to release track lock for frame 12
I1014 15:37:07.268100  9224 work_track.cpp:120] Track results of frame 12: 0 objects input, 0 objects tracked!
I1014 15:37:07.268118  9224 work_thread.hpp:87]  [T-Work-Detect_0] Frame :12 split
I1014 15:37:07.268211  9227 thread_intergrate.hpp:78] [T-Intergrate-intergrate] queue: frame output frame :12
I1014 15:37:07.269783  9223 demo_inner.hpp:435] thread [SORT-0]  frame id 12 sorting queue size 0   FPS: 29.5699
I1014 15:37:07.269853  9222 demo_inner.hpp:260]  gui queue size 0, state = running
I1014 15:37:07.295812  9221 demo_inner.hpp:177] decode queue size 0
I1014 15:37:07.295955  9224 work_thread.hpp:81]  [T-Work-Detect_0] Run work: WorkDetect
I1014 15:37:07.296015  9224 work_detect.cpp:102] Succeeded to add det start for frame 13
I1014 15:37:07.303254  9224 work_detect.cpp:70] Frame :13 detect result :1 face(s)
W1014 15:37:07.303303  9224 work_detect.cpp:83] Invalid bbox: [145 x 149 from (219, 247)]
I1014 15:37:07.303398  9224 work_detect.cpp:120] Succeeded to add det end for frame 13
I1014 15:37:07.303416  9224 work_thread.hpp:81]  [T-Work-Detect_0] Run work: WrokTrack
I1014 15:37:07.303444  9224 work_track.cpp:102] Succeeded to set track lock for frame 13
I1014 15:37:07.303478  9224 work_track.cpp:116] Succeeded to release track lock for frame 13
I1014 15:37:07.303493  9224 work_track.cpp:120] Track results of frame 13: 0 objects input, 0 objects tracked!
I1014 15:37:07.303512  9224 work_thread.hpp:87]  [T-Work-Detect_0] Frame :13 split
I1014 15:37:07.303555  9227 thread_intergrate.hpp:78] [T-Intergrate-intergrate] queue: frame output frame :13
I1014 15:37:07.305064  9223 demo_inner.hpp:435] thread [SORT-0]  frame id 13 sorting queue size 0   FPS: 29.484
I1014 15:37:07.305143  9222 demo_inner.hpp:260]  gui queue size 0, state = running
I1014 15:37:07.325961  9221 demo_inner.hpp:177] decode queue size 0
I1014 15:37:07.326064  9224 work_thread.hpp:81]  [T-Work-Detect_0] Run work: WorkDetect
I1014 15:37:07.326128  9224 work_detect.cpp:102] Succeeded to add det start for frame 14
I1014 15:37:07.333578  9224 work_detect.cpp:70] Frame :14 detect result :1 face(s)
W1014 15:37:07.333636  9224 work_detect.cpp:83] Invalid bbox: [145 x 150 from (217, 248)]
I1014 15:37:07.333711  9224 work_detect.cpp:120] Succeeded to add det end for frame 14
I1014 15:37:07.333751  9224 work_thread.hpp:81]  [T-Work-Detect_0] Run work: WrokTrack
I1014 15:37:07.333781  9224 work_track.cpp:102] Succeeded to set track lock for frame 14
I1014 15:37:07.333807  9224 work_track.cpp:116] Succeeded to release track lock for frame 14
I1014 15:37:07.333822  9224 work_track.cpp:120] Track results of frame 14: 0 objects input, 0 objects tracked!
I1014 15:37:07.333840  9224 work_thread.hpp:87]  [T-Work-Detect_0] Frame :14 split
I1014 15:37:07.333891  9227 thread_intergrate.hpp:78] [T-Intergrate-intergrate] queue: frame output frame :14
I1014 15:37:07.335400  9223 demo_inner.hpp:435] thread [SORT-0]  frame id 14 sorting queue size 0   FPS: 29.7483
I1014 15:37:07.335472  9222 demo_inner.hpp:260]  gui queue size 0, state = running
I1014 15:37:07.362181  9221 demo_inner.hpp:177] decode queue size 0
I1014 15:37:07.362385  9224 work_thread.hpp:81]  [T-Work-Detect_0] Run work: WorkDetect
I1014 15:37:07.362432  9224 work_detect.cpp:102] Succeeded to add det start for frame 15
I1014 15:37:07.369694  9224 work_detect.cpp:70] Frame :15 detect result :1 face(s)
W1014 15:37:07.369745  9224 work_detect.cpp:83] Invalid bbox: [146 x 148 from (217, 248)]
I1014 15:37:07.369841  9224 work_detect.cpp:120] Succeeded to add det end for frame 15
I1014 15:37:07.369859  9224 work_thread.hpp:81]  [T-Work-Detect_0] Run work: WrokTrack
I1014 15:37:07.369887  9224 work_track.cpp:102] Succeeded to set track lock for frame 15
I1014 15:37:07.369925  9224 work_track.cpp:116] Succeeded to release track lock for frame 15
I1014 15:37:07.369940  9224 work_track.cpp:120] Track results of frame 15: 0 objects input, 0 objects tracked!
I1014 15:37:07.370007  9224 work_thread.hpp:87]  [T-Work-Detect_0] Frame :15 split
I1014 15:37:07.370077  9227 thread_intergrate.hpp:78] [T-Intergrate-intergrate] queue: frame output frame :15
I1014 15:37:07.371640  9223 demo_inner.hpp:435] thread [SORT-0]  frame id 15 sorting queue size 0   FPS: 29.5359
I1014 15:37:07.371711  9222 demo_inner.hpp:260]  gui queue size 0, state = running
I1014 15:37:07.398138  9221 demo_inner.hpp:177] decode queue size 0
I1014 15:37:07.398257  9224 work_thread.hpp:81]  [T-Work-Detect_0] Run work: WorkDetect
I1014 15:37:07.398294  9224 work_detect.cpp:102] Succeeded to add det start for frame 16
I1014 15:37:07.405800  9224 work_detect.cpp:70] Frame :16 detect result :1 face(s)
W1014 15:37:07.405860  9224 work_detect.cpp:83] Invalid bbox: [142 x 146 from (219, 249)]
I1014 15:37:07.405934  9224 work_detect.cpp:120] Succeeded to add det end for frame 16
I1014 15:37:07.405978  9224 work_thread.hpp:81]  [T-Work-Detect_0] Run work: WrokTrack
I1014 15:37:07.406008  9224 work_track.cpp:102] Succeeded to set track lock for frame 16
I1014 15:37:07.406035  9224 work_track.cpp:116] Succeeded to release track lock for frame 16
I1014 15:37:07.406049  9224 work_track.cpp:120] Track results of frame 16: 0 objects input, 0 objects tracked!
I1014 15:37:07.406067  9224 work_thread.hpp:87]  [T-Work-Detect_0] Frame :16 split
I1014 15:37:07.406116  9227 thread_intergrate.hpp:78] [T-Intergrate-intergrate] queue: frame output frame :16
I1014 15:37:07.407532  9223 demo_inner.hpp:435] thread [SORT-0]  frame id 16 sorting queue size 0   FPS: 29.4118
I1014 15:37:07.407605  9222 demo_inner.hpp:260]  gui queue size 0, state = running
I1014 15:37:07.428196  9221 demo_inner.hpp:177] decode queue size 0
I1014 15:37:07.428298  9224 work_thread.hpp:81]  [T-Work-Detect_0] Run work: WorkDetect
I1014 15:37:07.428334  9224 work_detect.cpp:102] Succeeded to add det start for frame 17
I1014 15:37:07.435642  9224 work_detect.cpp:70] Frame :17 detect result :1 face(s)
W1014 15:37:07.435693  9224 work_detect.cpp:83] Invalid bbox: [145 x 147 from (218, 247)]
I1014 15:37:07.435786  9224 work_detect.cpp:120] Succeeded to add det end for frame 17
I1014 15:37:07.435804  9224 work_thread.hpp:81]  [T-Work-Detect_0] Run work: WrokTrack
I1014 15:37:07.435832  9224 work_track.cpp:102] Succeeded to set track lock for frame 17
I1014 15:37:07.435858  9224 work_track.cpp:116] Succeeded to release track lock for frame 17
I1014 15:37:07.435881  9224 work_track.cpp:120] Track results of frame 17: 0 objects input, 0 objects tracked!
I1014 15:37:07.435900  9224 work_thread.hpp:87]  [T-Work-Detect_0] Frame :17 split
I1014 15:37:07.435941  9227 thread_intergrate.hpp:78] [T-Intergrate-intergrate] queue: frame output frame :17
I1014 15:37:07.437497  9223 demo_inner.hpp:435] thread [SORT-0]  frame id 17 sorting queue size 0   FPS: 29.6296
I1014 15:37:07.437566  9222 demo_inner.hpp:260]  gui queue size 0, state = running
I1014 15:37:07.464175  9221 demo_inner.hpp:177] decode queue size 0
I1014 15:37:07.464278  9224 work_thread.hpp:81]  [T-Work-Detect_0] Run work: WorkDetect
I1014 15:37:07.464324  9224 work_detect.cpp:102] Succeeded to add det start for frame 18
I1014 15:37:07.471753  9224 work_detect.cpp:70] Frame :18 detect result :1 face(s)
W1014 15:37:07.471823  9224 work_detect.cpp:83] Invalid bbox: [142 x 147 from (221, 247)]
I1014 15:37:07.471899  9224 work_detect.cpp:120] Succeeded to add det end for frame 18
I1014 15:37:07.471922  9224 work_thread.hpp:81]  [T-Work-Detect_0] Run work: WrokTrack
I1014 15:37:07.471951  9224 work_track.cpp:102] Succeeded to set track lock for frame 18
I1014 15:37:07.471978  9224 work_track.cpp:116] Succeeded to release track lock for frame 18
I1014 15:37:07.471992  9224 work_track.cpp:120] Track results of frame 18: 0 objects input, 0 objects tracked!
I1014 15:37:07.472012  9224 work_thread.hpp:87]  [T-Work-Detect_0] Frame :18 split
I1014 15:37:07.472075  9227 thread_intergrate.hpp:78] [T-Intergrate-intergrate] queue: frame output frame :18
I1014 15:37:07.473636  9223 demo_inner.hpp:435] thread [SORT-0]  frame id 18 sorting queue size 0   FPS: 29.5139
I1014 15:37:07.473721  9222 demo_inner.hpp:260]  gui queue size 0, state = running
I1014 15:37:07.494243  9221 demo_inner.hpp:177] decode queue size 0
I1014 15:37:07.494343  9224 work_thread.hpp:81]  [T-Work-Detect_0] Run work: WorkDetect
I1014 15:37:07.494379  9224 work_detect.cpp:102] Succeeded to add det start for frame 19
I1014 15:37:07.501760  9224 work_detect.cpp:70] Frame :19 detect result :1 face(s)
W1014 15:37:07.501830  9224 work_detect.cpp:83] Invalid bbox: [144 x 150 from (219, 244)]
I1014 15:37:07.501905  9224 work_detect.cpp:120] Succeeded to add det end for frame 19
I1014 15:37:07.501922  9224 work_thread.hpp:81]  [T-Work-Detect_0] Run work: WrokTrack
I1014 15:37:07.501958  9224 work_track.cpp:102] Succeeded to set track lock for frame 19
I1014 15:37:07.501986  9224 work_track.cpp:116] Succeeded to release track lock for frame 19
I1014 15:37:07.501999  9224 work_track.cpp:120] Track results of frame 19: 0 objects input, 0 objects tracked!
I1014 15:37:07.502018  9224 work_thread.hpp:87]  [T-Work-Detect_0] Frame :19 split
I1014 15:37:07.502090  9227 thread_intergrate.hpp:78] [T-Intergrate-intergrate] queue: frame output frame :19
I1014 15:37:07.503548  9223 demo_inner.hpp:435] thread [SORT-0]  frame id 19 sorting queue size 0   FPS: 29.703
I1014 15:37:07.503616  9222 demo_inner.hpp:260]  gui queue size 0, state = running
I1014 15:37:07.530129  9221 demo_inner.hpp:177] decode queue size 0
I1014 15:37:07.530261  9224 work_thread.hpp:81]  [T-Work-Detect_0] Run work: WorkDetect
I1014 15:37:07.530299  9224 work_detect.cpp:102] Succeeded to add det start for frame 20
I1014 15:37:07.537582  9224 work_detect.cpp:70] Frame :20 detect result :1 face(s)
W1014 15:37:07.537637  9224 work_detect.cpp:83] Invalid bbox: [143 x 148 from (219, 245)]
I1014 15:37:07.537711  9224 work_detect.cpp:120] Succeeded to add det end for frame 20
I1014 15:37:07.537802  9224 work_thread.hpp:81]  [T-Work-Detect_0] Run work: WrokTrack
I1014 15:37:07.537832  9224 work_track.cpp:102] Succeeded to set track lock for frame 20
I1014 15:37:07.537868  9224 work_track.cpp:116] Succeeded to release track lock for frame 20
I1014 15:37:07.537883  9224 work_track.cpp:120] Track results of frame 20: 0 objects input, 0 objects tracked!
I1014 15:37:07.537901  9224 work_thread.hpp:87]  [T-Work-Detect_0] Frame :20 split
I1014 15:37:07.537942  9227 thread_intergrate.hpp:78] [T-Intergrate-intergrate] queue: frame output frame :20
I1014 15:37:07.539471  9223 demo_inner.hpp:435] thread [SORT-0]  frame id 20 sorting queue size 0   FPS: 29.595
I1014 15:37:07.539547  9222 demo_inner.hpp:260]  gui queue size 0, state = running
I1014 15:37:07.560292  9221 demo_inner.hpp:177] decode queue size 0
I1014 15:37:07.560401  9224 work_thread.hpp:81]  [T-Work-Detect_0] Run work: WorkDetect
I1014 15:37:07.560438  9224 work_detect.cpp:102] Succeeded to add det start for frame 21
I1014 15:37:07.567739  9224 work_detect.cpp:70] Frame :21 detect result :1 face(s)
W1014 15:37:07.567795  9224 work_detect.cpp:83] Invalid bbox: [146 x 151 from (218, 243)]
I1014 15:37:07.567894  9224 work_detect.cpp:120] Succeeded to add det end for frame 21
I1014 15:37:07.567914  9224 work_thread.hpp:81]  [T-Work-Detect_0] Run work: WrokTrack
I1014 15:37:07.567942  9224 work_track.cpp:102] Succeeded to set track lock for frame 21
I1014 15:37:07.567970  9224 work_track.cpp:116] Succeeded to release track lock for frame 21
I1014 15:37:07.567984  9224 work_track.cpp:120] Track results of frame 21: 0 objects input, 0 objects tracked!
I1014 15:37:07.568003  9224 work_thread.hpp:87]  [T-Work-Detect_0] Frame :21 split
I1014 15:37:07.568051  9227 thread_intergrate.hpp:78] [T-Intergrate-intergrate] queue: frame output frame :21
I1014 15:37:07.569573  9223 demo_inner.hpp:435] thread [SORT-0]  frame id 21 sorting queue size 0   FPS: 29.7619
I1014 15:37:07.569654  9222 demo_inner.hpp:260]  gui queue size 0, state = running
I1014 15:37:07.596190  9221 demo_inner.hpp:177] decode queue size 0
I1014 15:37:07.596295  9224 work_thread.hpp:81]  [T-Work-Detect_0] Run work: WorkDetect
I1014 15:37:07.596436  9224 work_detect.cpp:102] Succeeded to add det start for frame 22
I1014 15:37:07.603711  9224 work_detect.cpp:70] Frame :22 detect result :1 face(s)
W1014 15:37:07.603762  9224 work_detect.cpp:83] Invalid bbox: [137 x 152 from (218, 246)]
I1014 15:37:07.603842  9224 work_detect.cpp:120] Succeeded to add det end for frame 22
I1014 15:37:07.603859  9224 work_thread.hpp:81]  [T-Work-Detect_0] Run work: WrokTrack
I1014 15:37:07.603888  9224 work_track.cpp:102] Succeeded to set track lock for frame 22
I1014 15:37:07.603914  9224 work_track.cpp:116] Succeeded to release track lock for frame 22
I1014 15:37:07.603929  9224 work_track.cpp:120] Track results of frame 22: 0 objects input, 0 objects tracked!
I1014 15:37:07.603972  9224 work_thread.hpp:87]  [T-Work-Detect_0] Frame :22 split
I1014 15:37:07.604017  9227 thread_intergrate.hpp:78] [T-Intergrate-intergrate] queue: frame output frame :22
I1014 15:37:07.605525  9223 demo_inner.hpp:435] thread [SORT-0]  frame id 22 sorting queue size 0   FPS: 29.661
I1014 15:37:07.605593  9222 demo_inner.hpp:260]  gui queue size 0, state = running
I1014 15:37:07.632114  9221 demo_inner.hpp:177] decode queue size 0
I1014 15:37:07.632259  9224 work_thread.hpp:81]  [T-Work-Detect_0] Run work: WorkDetect
I1014 15:37:07.632297  9224 work_detect.cpp:102] Succeeded to add det start for frame 23
I1014 15:37:07.639685  9224 work_detect.cpp:70] Frame :23 detect result :1 face(s)
W1014 15:37:07.639731  9224 work_detect.cpp:83] Invalid bbox: [145 x 155 from (218, 240)]
I1014 15:37:07.639813  9224 work_detect.cpp:120] Succeeded to add det end for frame 23
I1014 15:37:07.639830  9224 work_thread.hpp:81]  [T-Work-Detect_0] Run work: WrokTrack
I1014 15:37:07.639881  9224 work_track.cpp:102] Succeeded to set track lock for frame 23
I1014 15:37:07.639909  9224 work_track.cpp:116] Succeeded to release track lock for frame 23
I1014 15:37:07.639923  9224 work_track.cpp:120] Track results of frame 23: 0 objects input, 0 objects tracked!
I1014 15:37:07.639942  9224 work_thread.hpp:87]  [T-Work-Detect_0] Frame :23 split
I1014 15:37:07.639982  9227 thread_intergrate.hpp:78] [T-Intergrate-intergrate] queue: frame output frame :23
I1014 15:37:07.641552  9223 demo_inner.hpp:435] thread [SORT-0]  frame id 23 sorting queue size 0   FPS: 29.5699
I1014 15:37:07.641620  9222 demo_inner.hpp:260]  gui queue size 0, state = running
I1014 15:37:07.662283  9221 demo_inner.hpp:177] decode queue size 0
I1014 15:37:07.662397  9224 work_thread.hpp:81]  [T-Work-Detect_0] Run work: WorkDetect
I1014 15:37:07.662434  9224 work_detect.cpp:102] Succeeded to add det start for frame 24
I1014 15:37:07.669795  9224 work_detect.cpp:70] Frame :24 detect result :1 face(s)
W1014 15:37:07.669843  9224 work_detect.cpp:83] Invalid bbox: [141 x 151 from (221, 241)]
I1014 15:37:07.669939  9224 work_detect.cpp:120] Succeeded to add det end for frame 24
I1014 15:37:07.669957  9224 work_thread.hpp:81]  [T-Work-Detect_0] Run work: WrokTrack
I1014 15:37:07.669986  9224 work_track.cpp:102] Succeeded to set track lock for frame 24
I1014 15:37:07.670022  9224 work_track.cpp:116] Succeeded to release track lock for frame 24
I1014 15:37:07.670037  9224 work_track.cpp:120] Track results of frame 24: 0 objects input, 0 objects tracked!
I1014 15:37:07.670056  9224 work_thread.hpp:87]  [T-Work-Detect_0] Frame :24 split
I1014 15:37:07.670100  9227 thread_intergrate.hpp:78] [T-Intergrate-intergrate] queue: frame output frame :24
I1014 15:37:07.671541  9223 demo_inner.hpp:435] thread [SORT-0]  frame id 24 sorting queue size 0   FPS: 29.7158
I1014 15:37:07.671613  9222 demo_inner.hpp:260]  gui queue size 0, state = running
I1014 15:37:07.698190  9221 demo_inner.hpp:177] decode queue size 0
I1014 15:37:07.698388  9224 work_thread.hpp:81]  [T-Work-Detect_0] Run work: WorkDetect
I1014 15:37:07.698424  9224 work_detect.cpp:102] Succeeded to add det start for frame 25
I1014 15:37:07.705857  9224 work_detect.cpp:70] Frame :25 detect result :1 face(s)
W1014 15:37:07.705904  9224 work_detect.cpp:83] Invalid bbox: [138 x 150 from (224, 244)]
I1014 15:37:07.706044  9224 work_detect.cpp:120] Succeeded to add det end for frame 25
I1014 15:37:07.706070  9224 work_thread.hpp:81]  [T-Work-Detect_0] Run work: WrokTrack
I1014 15:37:07.706099  9224 work_track.cpp:102] Succeeded to set track lock for frame 25
I1014 15:37:07.706126  9224 work_track.cpp:116] Succeeded to release track lock for frame 25
I1014 15:37:07.706140  9224 work_track.cpp:120] Track results of frame 25: 0 objects input, 0 objects tracked!
I1014 15:37:07.706158  9224 work_thread.hpp:87]  [T-Work-Detect_0] Frame :25 split
I1014 15:37:07.706223  9227 thread_intergrate.hpp:78] [T-Intergrate-intergrate] queue: frame output frame :25
I1014 15:37:07.707777  9223 demo_inner.hpp:435] thread [SORT-0]  frame id 25 sorting queue size 0   FPS: 29.6296
I1014 15:37:07.709058  9222 demo_inner.hpp:260]  gui queue size 0, state = running
I1014 15:37:07.728292  9221 demo_inner.hpp:177] decode queue size 0
I1014 15:37:07.728391  9224 work_thread.hpp:81]  [T-Work-Detect_0] Run work: WorkDetect
I1014 15:37:07.728427  9224 work_detect.cpp:102] Succeeded to add det start for frame 26
I1014 15:37:07.735663  9224 work_detect.cpp:70] Frame :26 detect result :1 face(s)
W1014 15:37:07.735762  9224 work_detect.cpp:83] Invalid bbox: [138 x 147 from (227, 240)]
I1014 15:37:07.735844  9224 work_detect.cpp:120] Succeeded to add det end for frame 26
I1014 15:37:07.735862  9224 work_thread.hpp:81]  [T-Work-Detect_0] Run work: WrokTrack
I1014 15:37:07.735888  9224 work_track.cpp:102] Succeeded to set track lock for frame 26
I1014 15:37:07.735916  9224 work_track.cpp:116] Succeeded to release track lock for frame 26
I1014 15:37:07.735930  9224 work_track.cpp:120] Track results of frame 26: 0 objects input, 0 objects tracked!
I1014 15:37:07.735971  9224 work_thread.hpp:87]  [T-Work-Detect_0] Frame :26 split
I1014 15:37:07.736014  9227 thread_intergrate.hpp:78] [T-Intergrate-intergrate] queue: frame output frame :26
I1014 15:37:07.737529  9223 demo_inner.hpp:435] thread [SORT-0]  frame id 26 sorting queue size 0   FPS: 29.7619
I1014 15:37:07.764549  9221 demo_inner.hpp:177] decode queue size 0
I1014 15:37:07.764704  9224 work_thread.hpp:81]  [T-Work-Detect_0] Run work: WorkDetect
I1014 15:37:07.764744  9224 work_detect.cpp:102] Succeeded to add det start for frame 27
I1014 15:37:07.772279  9224 work_detect.cpp:70] Frame :27 detect result :1 face(s)
W1014 15:37:07.772330  9224 work_detect.cpp:83] Invalid bbox: [133 x 153 from (234, 241)]
I1014 15:37:07.772472  9224 work_detect.cpp:120] Succeeded to add det end for frame 27
I1014 15:37:07.772491  9224 work_thread.hpp:81]  [T-Work-Detect_0] Run work: WrokTrack
I1014 15:37:07.772527  9224 work_track.cpp:102] Succeeded to set track lock for frame 27
I1014 15:37:07.772554  9224 work_track.cpp:116] Succeeded to release track lock for frame 27
I1014 15:37:07.772569  9224 work_track.cpp:120] Track results of frame 27: 0 objects input, 0 objects tracked!
I1014 15:37:07.772588  9224 work_thread.hpp:87]  [T-Work-Detect_0] Frame :27 split
I1014 15:37:07.772650  9227 thread_intergrate.hpp:78] [T-Intergrate-intergrate] queue: frame output frame :27
I1014 15:37:07.774179  9223 demo_inner.hpp:435] thread [SORT-0]  frame id 27 sorting queue size 1   FPS: 29.6804
I1014 15:37:07.776553  9222 demo_inner.hpp:260]  gui queue size 1, state = running
I1014 15:37:07.794281  9221 demo_inner.hpp:177] decode queue size 0
I1014 15:37:07.794409  9224 work_thread.hpp:81]  [T-Work-Detect_0] Run work: WorkDetect
I1014 15:37:07.794446  9224 work_detect.cpp:102] Succeeded to add det start for frame 28
I1014 15:37:07.801700  9224 work_detect.cpp:70] Frame :28 detect result :1 face(s)
W1014 15:37:07.801749  9224 work_detect.cpp:83] Invalid bbox: [139 x 154 from (230, 231)]
I1014 15:37:07.801844  9224 work_detect.cpp:120] Succeeded to add det end for frame 28
I1014 15:37:07.801862  9224 work_thread.hpp:81]  [T-Work-Detect_0] Run work: WrokTrack
I1014 15:37:07.801890  9224 work_track.cpp:102] Succeeded to set track lock for frame 28
I1014 15:37:07.801924  9224 work_track.cpp:116] Succeeded to release track lock for frame 28
I1014 15:37:07.801983  9224 work_track.cpp:120] Track results of frame 28: 0 objects input, 0 objects tracked!
I1014 15:37:07.802004  9224 work_thread.hpp:87]  [T-Work-Detect_0] Frame :28 split
I1014 15:37:07.802071  9227 thread_intergrate.hpp:78] [T-Intergrate-intergrate] queue: frame output frame :28
I1014 15:37:07.803581  9223 demo_inner.hpp:435] thread [SORT-0]  frame id 28 sorting queue size 0   FPS: 29.8013
I1014 15:37:07.830277  9221 demo_inner.hpp:177] decode queue size 0
I1014 15:37:07.830392  9224 work_thread.hpp:81]  [T-Work-Detect_0] Run work: WorkDetect
I1014 15:37:07.830430  9224 work_detect.cpp:102] Succeeded to add det start for frame 29
I1014 15:37:07.837936  9224 work_detect.cpp:70] Frame :29 detect result :1 face(s)
W1014 15:37:07.837994  9224 work_detect.cpp:83] Invalid bbox: [137 x 154 from (231, 224)]
I1014 15:37:07.838068  9224 work_detect.cpp:120] Succeeded to add det end for frame 29
I1014 15:37:07.838109  9224 work_thread.hpp:81]  [T-Work-Detect_0] Run work: WrokTrack
I1014 15:37:07.838137  9224 work_track.cpp:102] Succeeded to set track lock for frame 29
I1014 15:37:07.838165  9224 work_track.cpp:116] Succeeded to release track lock for frame 29
I1014 15:37:07.838178  9224 work_track.cpp:120] Track results of frame 29: 0 objects input, 0 objects tracked!
I1014 15:37:07.838196  9224 work_thread.hpp:87]  [T-Work-Detect_0] Frame :29 split
I1014 15:37:07.838245  9227 thread_intergrate.hpp:78] [T-Intergrate-intergrate] queue: frame output frame :29
I1014 15:37:07.839727  9223 demo_inner.hpp:435] thread [SORT-0]  frame id 29 sorting queue size 1   FPS: 29.724
I1014 15:37:07.854413  9222 demo_inner.hpp:260]  gui queue size 1, state = running
I1014 15:37:07.860405  9221 demo_inner.hpp:177] decode queue size 0
I1014 15:37:07.860522  9224 work_thread.hpp:81]  [T-Work-Detect_0] Run work: WorkDetect
I1014 15:37:07.860558  9224 work_detect.cpp:102] Succeeded to add det start for frame 30
I1014 15:37:07.867869  9224 work_detect.cpp:70] Frame :30 detect result :1 face(s)
W1014 15:37:07.867918  9224 work_detect.cpp:83] Invalid bbox: [141 x 163 from (231, 214)]
I1014 15:37:07.868017  9224 work_detect.cpp:120] Succeeded to add det end for frame 30
I1014 15:37:07.868036  9224 work_thread.hpp:81]  [T-Work-Detect_0] Run work: WrokTrack
I1014 15:37:07.868063  9224 work_track.cpp:102] Succeeded to set track lock for frame 30
I1014 15:37:07.868090  9224 work_track.cpp:116] Succeeded to release track lock for frame 30
I1014 15:37:07.868113  9224 work_track.cpp:120] Track results of frame 30: 0 objects input, 0 objects tracked!
I1014 15:37:07.868131  9224 work_thread.hpp:87]  [T-Work-Detect_0] Frame :30 split
I1014 15:37:07.868193  9227 thread_intergrate.hpp:78] [T-Intergrate-intergrate] queue: frame output frame :30
I1014 15:37:07.869733  9223 demo_inner.hpp:435] thread [SORT-0]  frame id 30 sorting queue size 0   FPS: 29.8354
I1014 15:37:07.896198  9221 demo_inner.hpp:177] decode queue size 0
I1014 15:37:07.896308  9224 work_thread.hpp:81]  [T-Work-Detect_0] Run work: WorkDetect
I1014 15:37:07.896345  9224 work_detect.cpp:102] Succeeded to add det start for frame 31
I1014 15:37:07.903828  9224 work_detect.cpp:70] Frame :31 detect result :1 face(s)
W1014 15:37:07.903875  9224 work_detect.cpp:83] Invalid bbox: [139 x 170 from (230, 209)]
I1014 15:37:07.903971  9224 work_detect.cpp:120] Succeeded to add det end for frame 31
I1014 15:37:07.903990  9224 work_thread.hpp:81]  [T-Work-Detect_0] Run work: WrokTrack
I1014 15:37:07.904017  9224 work_track.cpp:102] Succeeded to set track lock for frame 31
I1014 15:37:07.904052  9224 work_track.cpp:116] Succeeded to release track lock for frame 31
I1014 15:37:07.904067  9224 work_track.cpp:120] Track results of frame 31: 0 objects input, 0 objects tracked!
I1014 15:37:07.904086  9224 work_thread.hpp:87]  [T-Work-Detect_0] Frame :31 split
I1014 15:37:07.904127  9227 thread_intergrate.hpp:78] [T-Intergrate-intergrate] queue: frame output frame :31
I1014 15:37:07.905726  9223 demo_inner.hpp:435] thread [SORT-0]  frame id 31 sorting queue size 1   FPS: 29.7619
I1014 15:37:07.932579  9221 demo_inner.hpp:177] decode queue size 0
I1014 15:37:07.932751  9224 work_thread.hpp:81]  [T-Work-Detect_0] Run work: WorkDetect
I1014 15:37:07.932788  9224 work_detect.cpp:102] Succeeded to add det start for frame 32
I1014 15:37:07.938210  9222 demo_inner.hpp:260]  gui queue size 1, state = running
I1014 15:37:07.940260  9224 work_detect.cpp:70] Frame :32 detect result :1 face(s)
W1014 15:37:07.940351  9224 work_detect.cpp:83] Invalid bbox: [132 x 168 from (239, 208)]
I1014 15:37:07.940522  9224 work_detect.cpp:120] Succeeded to add det end for frame 32
I1014 15:37:07.940541  9224 work_thread.hpp:81]  [T-Work-Detect_0] Run work: WrokTrack
I1014 15:37:07.940599  9224 work_track.cpp:102] Succeeded to set track lock for frame 32
I1014 15:37:07.940634  9224 work_track.cpp:116] Succeeded to release track lock for frame 32
I1014 15:37:07.940647  9224 work_track.cpp:120] Track results of frame 32: 0 objects input, 0 objects tracked!
I1014 15:37:07.940667  9224 work_thread.hpp:87]  [T-Work-Detect_0] Frame :32 split
I1014 15:37:07.940742  9227 thread_intergrate.hpp:78] [T-Intergrate-intergrate] queue: frame output frame :32
I1014 15:37:07.942294  9223 demo_inner.hpp:435] thread [SORT-0]  frame id 32 sorting queue size 0   FPS: 29.6935
I1014 15:37:07.962246  9221 demo_inner.hpp:177] decode queue size 0
I1014 15:37:07.962363  9224 work_thread.hpp:81]  [T-Work-Detect_0] Run work: WorkDetect
I1014 15:37:07.962399  9224 work_detect.cpp:102] Succeeded to add det start for frame 33
I1014 15:37:07.969830  9224 work_detect.cpp:70] Frame :33 detect result :1 face(s)
W1014 15:37:07.969902  9224 work_detect.cpp:83] Invalid bbox: [135 x 171 from (239, 204)]
I1014 15:37:07.969975  9224 work_detect.cpp:120] Succeeded to add det end for frame 33
I1014 15:37:07.970000  9224 work_thread.hpp:81]  [T-Work-Detect_0] Run work: WrokTrack
I1014 15:37:07.970028  9224 work_track.cpp:102] Succeeded to set track lock for frame 33
I1014 15:37:07.970055  9224 work_track.cpp:116] Succeeded to release track lock for frame 33
I1014 15:37:07.970069  9224 work_track.cpp:120] Track results of frame 33: 0 objects input, 0 objects tracked!
I1014 15:37:07.970109  9224 work_thread.hpp:87]  [T-Work-Detect_0] Frame :33 split
I1014 15:37:07.970152  9227 thread_intergrate.hpp:78] [T-Intergrate-intergrate] queue: frame output frame :33
I1014 15:37:07.971652  9223 demo_inner.hpp:435] thread [SORT-0]  frame id 33 sorting queue size 1   FPS: 29.7952
I1014 15:37:07.998167  9221 demo_inner.hpp:177] decode queue size 0
I1014 15:37:07.998291  9224 work_thread.hpp:81]  [T-Work-Detect_0] Run work: WorkDetect
I1014 15:37:07.998327  9224 work_detect.cpp:102] Succeeded to add det start for frame 34
I1014 15:37:08.005779  9224 work_detect.cpp:70] Frame :34 detect result :1 face(s)
W1014 15:37:08.005849  9224 work_detect.cpp:83] Invalid bbox: [132 x 173 from (243, 202)]
I1014 15:37:08.005931  9224 work_detect.cpp:120] Succeeded to add det end for frame 34
I1014 15:37:08.005949  9224 work_thread.hpp:81]  [T-Work-Detect_0] Run work: WrokTrack
I1014 15:37:08.005977  9224 work_track.cpp:102] Succeeded to set track lock for frame 34
I1014 15:37:08.006006  9224 work_track.cpp:116] Succeeded to release track lock for frame 34
I1014 15:37:08.006042  9224 work_track.cpp:120] Track results of frame 34: 0 objects input, 0 objects tracked!
I1014 15:37:08.006065  9224 work_thread.hpp:87]  [T-Work-Detect_0] Frame :34 split
I1014 15:37:08.006109  9227 thread_intergrate.hpp:78] [T-Intergrate-intergrate] queue: frame output frame :34
I1014 15:37:08.007601  9223 demo_inner.hpp:435] thread [SORT-0]  frame id 34 sorting queue size 2   FPS: 29.7297
I1014 15:37:08.021898  9222 demo_inner.hpp:260]  gui queue size 2, state = running
I1014 15:37:08.028385  9221 demo_inner.hpp:177] decode queue size 0
I1014 15:37:08.028486  9224 work_thread.hpp:81]  [T-Work-Detect_0] Run work: WorkDetect
I1014 15:37:08.028522  9224 work_detect.cpp:102] Succeeded to add det start for frame 35
I1014 15:37:08.035792  9224 work_detect.cpp:70] Frame :35 detect result :1 face(s)
W1014 15:37:08.035913  9224 work_detect.cpp:83] Invalid bbox: [147 x 183 from (243, 199)]
I1014 15:37:08.035985  9224 work_detect.cpp:120] Succeeded to add det end for frame 35
I1014 15:37:08.036003  9224 work_thread.hpp:81]  [T-Work-Detect_0] Run work: WrokTrack
I1014 15:37:08.036031  9224 work_track.cpp:102] Succeeded to set track lock for frame 35
I1014 15:37:08.036067  9224 work_track.cpp:116] Succeeded to release track lock for frame 35
I1014 15:37:08.036082  9224 work_track.cpp:120] Track results of frame 35: 0 objects input, 0 objects tracked!
