I1014 12:07:10.993680  5677 work_track.cpp:120] Track results of frame 115: 0 objects input, 0 objects tracked!
I1014 12:07:10.993698  5677 work_thread.hpp:88]  [T-Work-Detect_0] Frame :115 split
I1014 12:07:10.993744  5680 thread_intergrate.hpp:78] [T-Intergrate-intergrate] queue: frame output frame :115
I1014 12:07:10.995288  5676 demo_inner.hpp:435] thread [SORT-0]  frame id 115 sorting queue size 0   FPS: 24.5656
I1014 12:07:10.995353  5675 demo_inner.hpp:260]  gui queue size 0, state = running
I1014 12:07:11.034795  5674 demo_inner.hpp:177] decode queue size 0
I1014 12:07:11.034904  5677 work_thread.hpp:81]  [T-Work-Detect_0] Run work: WorkDetect
I1014 12:07:11.034942  5677 work_detect.cpp:102] Succeeded to add det start for frame 116
I1014 12:07:11.041591  5677 work_detect.cpp:70] Frame :116 detect result :1 face(s)
W1014 12:07:11.041630  5677 work_detect.cpp:83] Invalid bbox: [167 x 203 from (277, 164)]
I1014 12:07:11.041725  5677 work_detect.cpp:120] Succeeded to add det end for frame 116
I1014 12:07:11.041743  5677 work_thread.hpp:81]  [T-Work-Detect_0] Run work: WrokTrack
I1014 12:07:11.041770  5677 work_track.cpp:102] Succeeded to set track lock for frame 116
I1014 12:07:11.041798  5677 work_track.cpp:116] Succeeded to release track lock for frame 116
I1014 12:07:11.041812  5677 work_track.cpp:120] Track results of frame 116: 0 objects input, 0 objects tracked!
I1014 12:07:11.041831  5677 work_thread.hpp:88]  [T-Work-Detect_0] Frame :116 split
I1014 12:07:11.041877  5680 thread_intergrate.hpp:78] [T-Intergrate-intergrate] queue: frame output frame :116
I1014 12:07:11.043462  5676 demo_inner.hpp:435] thread [SORT-0]  frame id 116 sorting queue size 0   FPS: 24.4613
I1014 12:07:11.043532  5675 demo_inner.hpp:260]  gui queue size 0, state = running
I1014 12:07:11.088685  5674 demo_inner.hpp:177] decode queue size 0
I1014 12:07:11.088795  5677 work_thread.hpp:81]  [T-Work-Detect_0] Run work: WorkDetect
I1014 12:07:11.088909  5677 work_detect.cpp:102] Succeeded to add det start for frame 117
I1014 12:07:11.095504  5677 work_detect.cpp:70] Frame :117 detect result :1 face(s)
W1014 12:07:11.095544  5677 work_detect.cpp:83] Invalid bbox: [167 x 207 from (278, 161)]
I1014 12:07:11.095640  5677 work_detect.cpp:120] Succeeded to add det end for frame 117
I1014 12:07:11.095657  5677 work_thread.hpp:81]  [T-Work-Detect_0] Run work: WrokTrack
I1014 12:07:11.095685  5677 work_track.cpp:102] Succeeded to set track lock for frame 117
I1014 12:07:11.095711  5677 work_track.cpp:116] Succeeded to release track lock for frame 117
I1014 12:07:11.095726  5677 work_track.cpp:120] Track results of frame 117: 0 objects input, 0 objects tracked!
I1014 12:07:11.095744  5677 work_thread.hpp:88]  [T-Work-Detect_0] Frame :117 split
I1014 12:07:11.095788  5680 thread_intergrate.hpp:78] [T-Intergrate-intergrate] queue: frame output frame :117
I1014 12:07:11.097343  5676 demo_inner.hpp:435] thread [SORT-0]  frame id 117 sorting queue size 0   FPS: 24.2801
I1014 12:07:11.137123  5674 demo_inner.hpp:177] decode queue size 0
I1014 12:07:11.137238  5677 work_thread.hpp:81]  [T-Work-Detect_0] Run work: WorkDetect
I1014 12:07:11.137271  5677 work_detect.cpp:102] Succeeded to add det start for frame 118
I1014 12:07:11.143831  5677 work_detect.cpp:70] Frame :118 detect result :1 face(s)
W1014 12:07:11.143870  5677 work_detect.cpp:83] Invalid bbox: [170 x 204 from (273, 163)]
I1014 12:07:11.143996  5677 work_detect.cpp:120] Succeeded to add det end for frame 118
I1014 12:07:11.144013  5677 work_thread.hpp:81]  [T-Work-Detect_0] Run work: WrokTrack
I1014 12:07:11.144040  5677 work_track.cpp:102] Succeeded to set track lock for frame 118
I1014 12:07:11.144068  5677 work_track.cpp:116] Succeeded to release track lock for frame 118
I1014 12:07:11.144081  5677 work_track.cpp:120] Track results of frame 118: 0 objects input, 0 objects tracked!
I1014 12:07:11.144100  5677 work_thread.hpp:88]  [T-Work-Detect_0] Frame :118 split
I1014 12:07:11.144147  5680 thread_intergrate.hpp:78] [T-Intergrate-intergrate] queue: frame output frame :118
I1014 12:07:11.145722  5676 demo_inner.hpp:435] thread [SORT-0]  frame id 118 sorting queue size 1   FPS: 24.1891
I1014 12:07:11.185264  5674 demo_inner.hpp:177] decode queue size 0
I1014 12:07:11.185369  5677 work_thread.hpp:81]  [T-Work-Detect_0] Run work: WorkDetect
I1014 12:07:11.185403  5677 work_detect.cpp:102] Succeeded to add det start for frame 119
I1014 12:07:11.192005  5677 work_detect.cpp:70] Frame :119 detect result :1 face(s)
W1014 12:07:11.192046  5677 work_detect.cpp:83] Invalid bbox: [175 x 208 from (272, 160)]
I1014 12:07:11.192143  5677 work_detect.cpp:120] Succeeded to add det end for frame 119
I1014 12:07:11.192183  5677 work_thread.hpp:81]  [T-Work-Detect_0] Run work: WrokTrack
I1014 12:07:11.192210  5677 work_track.cpp:102] Succeeded to set track lock for frame 119
I1014 12:07:11.192237  5677 work_track.cpp:116] Succeeded to release track lock for frame 119
I1014 12:07:11.192251  5677 work_track.cpp:120] Track results of frame 119: 0 objects input, 0 objects tracked!
I1014 12:07:11.192270  5677 work_thread.hpp:88]  [T-Work-Detect_0] Frame :119 split
I1014 12:07:11.192317  5680 thread_intergrate.hpp:78] [T-Intergrate-intergrate] queue: frame output frame :119
I1014 12:07:11.194026  5676 demo_inner.hpp:435] thread [SORT-0]  frame id 119 sorting queue size 2   FPS: 24.1028
I1014 12:07:11.239040  5674 demo_inner.hpp:177] decode queue size 0
I1014 12:07:11.239159  5677 work_thread.hpp:81]  [T-Work-Detect_0] Run work: WorkDetect
I1014 12:07:11.239192  5677 work_detect.cpp:102] Succeeded to add det start for frame 120
I1014 12:07:11.245836  5677 work_detect.cpp:70] Frame :120 detect result :1 face(s)
W1014 12:07:11.245880  5677 work_detect.cpp:83] Invalid bbox: [175 x 208 from (268, 160)]
I1014 12:07:11.246007  5677 work_detect.cpp:120] Succeeded to add det end for frame 120
I1014 12:07:11.246026  5677 work_thread.hpp:81]  [T-Work-Detect_0] Run work: WrokTrack
I1014 12:07:11.246052  5677 work_track.cpp:102] Succeeded to set track lock for frame 120
I1014 12:07:11.246124  5677 work_track.cpp:116] Succeeded to release track lock for frame 120
I1014 12:07:11.246140  5677 work_track.cpp:120] Track results of frame 120: 0 objects input, 0 objects tracked!
I1014 12:07:11.246158  5677 work_thread.hpp:88]  [T-Work-Detect_0] Frame :120 split
I1014 12:07:11.246201  5680 thread_intergrate.hpp:78] [T-Intergrate-intergrate] queue: frame output frame :120
I1014 12:07:11.247905  5676 demo_inner.hpp:435] thread [SORT-0]  frame id 120 sorting queue size 3   FPS: 23.9459
I1014 12:07:11.287151  5674 demo_inner.hpp:177] decode queue size 0
I1014 12:07:11.287257  5677 work_thread.hpp:81]  [T-Work-Detect_0] Run work: WorkDetect
I1014 12:07:11.287290  5677 work_detect.cpp:102] Succeeded to add det start for frame 121
I1014 12:07:11.293968  5677 work_detect.cpp:70] Frame :121 detect result :1 face(s)
W1014 12:07:11.294014  5677 work_detect.cpp:83] Invalid bbox: [173 x 206 from (270, 162)]
I1014 12:07:11.294131  5677 work_detect.cpp:120] Succeeded to add det end for frame 121
I1014 12:07:11.294149  5677 work_thread.hpp:81]  [T-Work-Detect_0] Run work: WrokTrack
I1014 12:07:11.294175  5677 work_track.cpp:102] Succeeded to set track lock for frame 121
I1014 12:07:11.294203  5677 work_track.cpp:116] Succeeded to release track lock for frame 121
I1014 12:07:11.294217  5677 work_track.cpp:120] Track results of frame 121: 0 objects input, 0 objects tracked!
I1014 12:07:11.294236  5677 work_thread.hpp:88]  [T-Work-Detect_0] Frame :121 split
I1014 12:07:11.294289  5680 thread_intergrate.hpp:78] [T-Intergrate-intergrate] queue: frame output frame :121
I1014 12:07:11.296047  5676 demo_inner.hpp:435] thread [SORT-0]  frame id 121 sorting queue size 4   FPS: 23.87
I1014 12:07:11.335350  5674 demo_inner.hpp:177] decode queue size 0
I1014 12:07:11.335472  5677 work_thread.hpp:81]  [T-Work-Detect_0] Run work: WorkDetect
I1014 12:07:11.335506  5677 work_detect.cpp:102] Succeeded to add det start for frame 122
I1014 12:07:11.342124  5677 work_detect.cpp:70] Frame :122 detect result :1 face(s)
W1014 12:07:11.342164  5677 work_detect.cpp:83] Invalid bbox: [169 x 203 from (273, 164)]
I1014 12:07:11.342286  5677 work_detect.cpp:120] Succeeded to add det end for frame 122
I1014 12:07:11.342304  5677 work_thread.hpp:81]  [T-Work-Detect_0] Run work: WrokTrack
I1014 12:07:11.342329  5677 work_track.cpp:102] Succeeded to set track lock for frame 122
I1014 12:07:11.342356  5677 work_track.cpp:116] Succeeded to release track lock for frame 122
I1014 12:07:11.342370  5677 work_track.cpp:120] Track results of frame 122: 0 objects input, 0 objects tracked!
I1014 12:07:11.342389  5677 work_thread.hpp:88]  [T-Work-Detect_0] Frame :122 split
I1014 12:07:11.342435  5680 thread_intergrate.hpp:78] [T-Intergrate-intergrate] queue: frame output frame :122
I1014 12:07:11.343935  5676 demo_inner.hpp:435] thread [SORT-0]  frame id 122 sorting queue size 5   FPS: 23.7977
I1014 12:07:11.389080  5674 demo_inner.hpp:177] decode queue size 0
I1014 12:07:11.389187  5677 work_thread.hpp:81]  [T-Work-Detect_0] Run work: WorkDetect
I1014 12:07:11.389220  5677 work_detect.cpp:102] Succeeded to add det start for frame 123
I1014 12:07:11.395798  5677 work_detect.cpp:70] Frame :123 detect result :1 face(s)
W1014 12:07:11.395838  5677 work_detect.cpp:83] Invalid bbox: [170 x 208 from (273, 162)]
I1014 12:07:11.395970  5677 work_detect.cpp:120] Succeeded to add det end for frame 123
I1014 12:07:11.395988  5677 work_thread.hpp:81]  [T-Work-Detect_0] Run work: WrokTrack
I1014 12:07:11.396015  5677 work_track.cpp:102] Succeeded to set track lock for frame 123
I1014 12:07:11.396042  5677 work_track.cpp:116] Succeeded to release track lock for frame 123
I1014 12:07:11.396057  5677 work_track.cpp:120] Track results of frame 123: 0 objects input, 0 objects tracked!
I1014 12:07:11.396077  5677 work_thread.hpp:88]  [T-Work-Detect_0] Frame :123 split
I1014 12:07:11.396119  5680 thread_intergrate.hpp:78] [T-Intergrate-intergrate] queue: frame output frame :123
I1014 12:07:11.397840  5676 demo_inner.hpp:435] thread [SORT-0]  frame id 123 sorting queue size 6   FPS: 23.1884
I1014 12:07:11.437165  5674 demo_inner.hpp:177] decode queue size 0
I1014 12:07:11.437279  5677 work_thread.hpp:81]  [T-Work-Detect_0] Run work: WorkDetect
I1014 12:07:11.437314  5677 work_detect.cpp:102] Succeeded to add det start for frame 124
I1014 12:07:11.443946  5677 work_detect.cpp:70] Frame :124 detect result :1 face(s)
W1014 12:07:11.443987  5677 work_detect.cpp:83] Invalid bbox: [174 x 212 from (270, 157)]
I1014 12:07:11.444110  5677 work_detect.cpp:120] Succeeded to add det end for frame 124
I1014 12:07:11.444128  5677 work_thread.hpp:81]  [T-Work-Detect_0] Run work: WrokTrack
I1014 12:07:11.444177  5677 work_track.cpp:102] Succeeded to set track lock for frame 124
I1014 12:07:11.444206  5677 work_track.cpp:116] Succeeded to release track lock for frame 124
I1014 12:07:11.444221  5677 work_track.cpp:120] Track results of frame 124: 0 objects input, 0 objects tracked!
I1014 12:07:11.444239  5677 work_thread.hpp:88]  [T-Work-Detect_0] Frame :124 split
I1014 12:07:11.444296  5680 thread_intergrate.hpp:78] [T-Intergrate-intergrate] queue: frame output frame :124
I1014 12:07:11.446003  5676 demo_inner.hpp:435] thread [SORT-0]  frame id 124 sorting queue size 7   FPS: 22.6629
I1014 12:07:11.462961  5672 demo_inner.hpp:131] thread [DedodeThread-0] is stopped.
I1014 12:07:11.463007  5672 demo_inner.hpp:131] thread [GUIThread] is stopped.
I1014 12:07:11.463023  5672 demo_inner.hpp:131] thread [SORT-0] is stopped.
I1014 12:07:11.463038  5672 demo_inner.hpp:131] thread [T-Work-Detect_0] is stopped.
I1014 12:07:11.463052  5672 demo_inner.hpp:131] thread [T-Work-Recog_0] is stopped.
I1014 12:07:11.463066  5672 demo_inner.hpp:131] thread [T-Work-Recog_1] is stopped.
I1014 12:07:11.463079  5672 demo_inner.hpp:131] thread [T-Intergrate-intergrate] is stopped.
I1014 12:07:11.464397  5677 demo_inner.hpp:108] thread [T-Work-Detect_0] is ended
I1014 12:07:11.465590  5680 demo_inner.hpp:108] thread [T-Intergrate-intergrate] is ended
I1014 12:07:11.472616  5679 demo_inner.hpp:108] thread [T-Work-Recog_1] is ended
I1014 12:07:11.472712  5678 demo_inner.hpp:108] thread [T-Work-Recog_0] is ended
I1014 12:07:11.485175  5674 demo_inner.hpp:177] decode queue size 0
I1014 12:07:11.485252  5674 demo_inner.hpp:108] thread [DedodeThread-0] is ended
I1014 12:07:11.630872  5672 demo_inner.hpp:131] thread [DedodeThread-0] is stopped.
I1014 12:07:11.630947  5672 demo_inner.hpp:131] thread [GUIThread] is stopped.
I1014 12:07:11.630964  5672 demo_inner.hpp:131] thread [SORT-0] is stopped.
I1014 12:07:11.630980  5672 demo_inner.hpp:131] thread [T-Work-Detect_0] is stopped.
I1014 12:07:11.630993  5672 demo_inner.hpp:131] thread [T-Work-Recog_0] is stopped.
I1014 12:07:11.631007  5672 demo_inner.hpp:131] thread [T-Work-Recog_1] is stopped.
I1014 12:07:11.631021  5672 demo_inner.hpp:131] thread [T-Intergrate-intergrate] is stopped.
I1014 12:07:11.799109  5672 demo_inner.hpp:131] thread [DedodeThread-0] is stopped.
I1014 12:07:11.799185  5672 demo_inner.hpp:131] thread [GUIThread] is stopped.
I1014 12:07:11.799201  5672 demo_inner.hpp:131] thread [SORT-0] is stopped.
I1014 12:07:11.799216  5672 demo_inner.hpp:131] thread [T-Work-Detect_0] is stopped.
I1014 12:07:11.799230  5672 demo_inner.hpp:131] thread [T-Work-Recog_0] is stopped.
I1014 12:07:11.799244  5672 demo_inner.hpp:131] thread [T-Work-Recog_1] is stopped.
I1014 12:07:11.799258  5672 demo_inner.hpp:131] thread [T-Intergrate-intergrate] is stopped.
I1014 12:07:11.879467  5675 demo_inner.hpp:108] thread [GUIThread] is ended
I1014 12:07:11.879736  5672 demo_inner.hpp:131] thread [DedodeThread-0] is stopped.
I1014 12:07:11.879765  5672 demo_inner.hpp:131] thread [GUIThread] is stopped.
I1014 12:07:11.879781  5672 demo_inner.hpp:131] thread [SORT-0] is stopped.
I1014 12:07:11.879794  5672 demo_inner.hpp:131] thread [T-Work-Detect_0] is stopped.
I1014 12:07:11.879808  5672 demo_inner.hpp:131] thread [T-Work-Recog_0] is stopped.
I1014 12:07:11.879822  5672 demo_inner.hpp:131] thread [T-Work-Recog_1] is stopped.
I1014 12:07:11.879911  5672 demo_inner.hpp:131] thread [T-Intergrate-intergrate] is stopped.
I1014 12:07:11.879930  5672 demo_inner.hpp:137] waiting for [DedodeThread-0] ended
I1014 12:07:11.879951  5672 demo_inner.hpp:137] waiting for [SORT-0] ended
I1014 12:07:11.946177  5676 demo_inner.hpp:108] thread [SORT-0] is ended
I1014 12:07:11.946245  5672 demo_inner.hpp:137] waiting for [T-Work-Detect_0] ended
I1014 12:07:11.946265  5672 demo_inner.hpp:137] waiting for [T-Work-Recog_0] ended
I1014 12:07:11.946350  5672 demo_inner.hpp:137] waiting for [T-Work-Recog_1] ended
I1014 12:07:11.946382  5672 demo_inner.hpp:137] waiting for [T-Intergrate-intergrate] ended
I1014 12:07:11.952458  5672 demo_inner.hpp:131] thread [DedodeThread-0] is stopped.
I1014 12:07:11.952522  5672 demo_inner.hpp:131] thread [GUIThread] is stopped.
I1014 12:07:11.952538  5672 demo_inner.hpp:131] thread [SORT-0] is stopped.
I1014 12:07:11.952551  5672 demo_inner.hpp:131] thread [T-Work-Recog_1] is stopped.
I1014 12:07:11.952565  5672 demo_inner.hpp:131] thread [T-Intergrate-intergrate] is stopped.
I1014 12:07:11.965559  5672 test_video_face_recog_multi.cpp:179] BYEBYE
