I1014 10:56:41.393090  4493 work_thread.hpp:120]  [T-Work-Detect_0] Valid piece: gid = 2
I1014 10:56:41.393108  4493 work_thread.hpp:92]  [T-Work-Detect_0] Push to split queue:recog
I1014 10:56:41.393157  4495 work_thread.hpp:81]  [T-Work-Recog_1] Run work: WorkCapture
I1014 10:56:41.393159  4496 thread_intergrate.hpp:78] [T-Intergrate-intergrate] queue: frame output frame :45
I1014 10:56:41.393193  4496 thread_intergrate.hpp:85] [T-Intergrate-intergrate] queue: compare output face:2
I1014 10:56:41.393213  4496 thread_intergrate.hpp:137] T-Intergrate-intergrate set matched face: 2
I1014 10:56:41.393759  4495 work_thread.hpp:81]  [T-Work-Recog_1] Run work: WorkRecog
I1014 10:56:41.393784  4495 work_recog.hpp:89] Face id: 2 will run recog: bbox [168 x 225 from (257, 89)] quality: 0.459847
I1014 10:56:41.393836  4495 work_recog.hpp:96] Recog pair: [240 x 320 from (224, 40)], [168 x 225 from (33, 49)]
I1014 10:56:41.394385  4496 thread_intergrate.hpp:157] T-Intergrate-intergrate Show face :2, size :640 * 360
I1014 10:56:41.395323  4492 demo_inner.hpp:435] thread [SORT-0]  frame id 45 sorting queue size 1   FPS: 19.9805
I1014 10:56:41.398561  4491 demo_inner.hpp:260]  gui queue size 1, state = running
I1014 10:56:41.411687  4495 work_thread.hpp:81]  [T-Work-Recog_1] Run work: WorkCompare
I1014 10:56:41.411819  4495 work_compare.cpp:76] Compare face: 2 successed, similarity :0.991056, name : images/thanglmb.jpg, normal size : 640 * 360!
I1014 10:56:41.433892  4490 demo_inner.hpp:177] decode queue size 0
I1014 10:56:41.434007  4493 work_thread.hpp:81]  [T-Work-Detect_0] Run work: WorkDetect
I1014 10:56:41.434042  4493 work_detect.cpp:102] Succeeded to add det start for frame 46
I1014 10:56:41.440829  4493 work_detect.cpp:70] Frame :46 detect result :1 face(s)
I1014 10:56:41.440874  4493 work_detect.cpp:86] Detected bbox: [168 x 224 from (257, 89)]
I1014 10:56:41.440915  4493 work_detect.cpp:120] Succeeded to add det end for frame 46
I1014 10:56:41.440932  4493 work_thread.hpp:81]  [T-Work-Detect_0] Run work: WrokTrack
I1014 10:56:41.440956  4493 work_track.cpp:82] Frame: 46 build input_characts: [0.2625 x 0.622222 from (0.401563, 0.247222)], 0.999622, 0
I1014 10:56:41.441011  4493 work_track.cpp:102] Succeeded to set track lock for frame 46
I1014 10:56:41.441052  4493 work_track.cpp:116] Succeeded to release track lock for frame 46
I1014 10:56:41.441066  4493 work_track.cpp:120] Track results of frame 46: 1 objects input, 1 objects tracked!
I1014 10:56:41.441085  4493 work_track.cpp:148] Frame: 46, track bbox: [168 x 224 from (257.345, 84.1457)], gid: 2, lid: 0
I1014 10:56:41.441120  4493 work_thread.hpp:88]  [T-Work-Detect_0] Frame :46 split
I1014 10:56:41.441138  4493 work_thread.hpp:120]  [T-Work-Detect_0] Valid piece: gid = 2
I1014 10:56:41.441156  4493 work_thread.hpp:92]  [T-Work-Detect_0] Push to split queue:recog
I1014 10:56:41.441282  4495 work_thread.hpp:81]  [T-Work-Recog_1] Run work: WorkCapture
I1014 10:56:41.441282  4496 thread_intergrate.hpp:78] [T-Intergrate-intergrate] queue: frame output frame :46
I1014 10:56:41.441324  4496 thread_intergrate.hpp:85] [T-Intergrate-intergrate] queue: compare output face:2
I1014 10:56:41.441344  4496 thread_intergrate.hpp:137] T-Intergrate-intergrate set matched face: 2
I1014 10:56:41.441967  4495 work_thread.hpp:81]  [T-Work-Recog_1] Run work: WorkRecog
I1014 10:56:41.441992  4495 work_recog.hpp:89] Face id: 2 will run recog: bbox [168 x 224 from (257, 89)] quality: 0.459322
I1014 10:56:41.442025  4495 work_recog.hpp:96] Recog pair: [240 x 320 from (224, 40)], [168 x 224 from (33, 49)]
I1014 10:56:41.442505  4496 thread_intergrate.hpp:157] T-Intergrate-intergrate Show face :2, size :640 * 360
I1014 10:56:41.443056  4492 demo_inner.hpp:435] thread [SORT-0]  frame id 46 sorting queue size 0   FPS: 19.9902
I1014 10:56:41.460243  4495 work_thread.hpp:81]  [T-Work-Recog_1] Run work: WorkCompare
I1014 10:56:41.460371  4495 work_compare.cpp:76] Compare face: 2 successed, similarity :0.989915, name : images/thanglmb.jpg, normal size : 640 * 360!
I1014 10:56:41.471318  4491 demo_inner.hpp:260]  gui queue size 0, state = running
I1014 10:56:41.482133  4490 demo_inner.hpp:177] decode queue size 0
I1014 10:56:41.482233  4493 work_thread.hpp:81]  [T-Work-Detect_0] Run work: WorkDetect
I1014 10:56:41.482270  4493 work_detect.cpp:102] Succeeded to add det start for frame 47
I1014 10:56:41.489145  4493 work_detect.cpp:70] Frame :47 detect result :1 face(s)
I1014 10:56:41.489197  4493 work_detect.cpp:86] Detected bbox: [176 x 229 from (255, 84)]
I1014 10:56:41.489239  4493 work_detect.cpp:120] Succeeded to add det end for frame 47
I1014 10:56:41.489256  4493 work_thread.hpp:81]  [T-Work-Detect_0] Run work: WrokTrack
I1014 10:56:41.489281  4493 work_track.cpp:82] Frame: 47 build input_characts: [0.275 x 0.636111 from (0.398438, 0.233333)], 1.00019, 0
I1014 10:56:41.489336  4493 work_track.cpp:102] Succeeded to set track lock for frame 47
I1014 10:56:41.489375  4493 work_track.cpp:116] Succeeded to release track lock for frame 47
I1014 10:56:41.489390  4493 work_track.cpp:120] Track results of frame 47: 1 objects input, 1 objects tracked!
I1014 10:56:41.489408  4493 work_track.cpp:148] Frame: 47, track bbox: [176 x 229 from (254.247, 84.0228)], gid: 2, lid: 0
I1014 10:56:41.489445  4493 work_thread.hpp:88]  [T-Work-Detect_0] Frame :47 split
I1014 10:56:41.489464  4493 work_thread.hpp:120]  [T-Work-Detect_0] Valid piece: gid = 2
I1014 10:56:41.489480  4493 work_thread.hpp:92]  [T-Work-Detect_0] Push to split queue:recog
I1014 10:56:41.489528  4495 work_thread.hpp:81]  [T-Work-Recog_1] Run work: WorkCapture
I1014 10:56:41.489529  4496 thread_intergrate.hpp:78] [T-Intergrate-intergrate] queue: frame output frame :47
I1014 10:56:41.489568  4496 thread_intergrate.hpp:85] [T-Intergrate-intergrate] queue: compare output face:2
I1014 10:56:41.489588  4496 thread_intergrate.hpp:137] T-Intergrate-intergrate set matched face: 2
I1014 10:56:41.490335  4495 work_thread.hpp:81]  [T-Work-Recog_1] Run work: WorkRecog
I1014 10:56:41.490370  4495 work_recog.hpp:89] Face id: 2 will run recog: bbox [176 x 229 from (255, 84)] quality: 0.459847
I1014 10:56:41.490413  4495 work_recog.hpp:96] Recog pair: [256 x 328 from (216, 32)], [176 x 229 from (39, 52)]
I1014 10:56:41.490777  4496 thread_intergrate.hpp:157] T-Intergrate-intergrate Show face :2, size :640 * 360
I1014 10:56:41.491379  4492 demo_inner.hpp:435] thread [SORT-0]  frame id 47 sorting queue size 0   FPS: 20.0489
I1014 10:56:41.508766  4495 work_thread.hpp:81]  [T-Work-Recog_1] Run work: WorkCompare
I1014 10:56:41.508903  4495 work_compare.cpp:76] Compare face: 2 successed, similarity :0.994283, name : images/thanglmb.jpg, normal size : 640 * 360!
I1014 10:56:41.535794  4490 demo_inner.hpp:177] decode queue size 0
I1014 10:56:41.535912  4493 work_thread.hpp:81]  [T-Work-Detect_0] Run work: WorkDetect
I1014 10:56:41.535949  4493 work_detect.cpp:102] Succeeded to add det start for frame 48
I1014 10:56:41.542758  4493 work_detect.cpp:70] Frame :48 detect result :1 face(s)
I1014 10:56:41.542804  4493 work_detect.cpp:86] Detected bbox: [174 x 220 from (265, 67)]
I1014 10:56:41.542848  4493 work_detect.cpp:120] Succeeded to add det end for frame 48
I1014 10:56:41.542865  4493 work_thread.hpp:81]  [T-Work-Detect_0] Run work: WrokTrack
I1014 10:56:41.542891  4493 work_track.cpp:82] Frame: 48 build input_characts: [0.271875 x 0.611111 from (0.414062, 0.186111)], 1.00035, 0
I1014 10:56:41.542948  4493 work_track.cpp:102] Succeeded to set track lock for frame 48
I1014 10:56:41.542986  4493 work_track.cpp:116] Succeeded to release track lock for frame 48
I1014 10:56:41.543001  4493 work_track.cpp:120] Track results of frame 48: 1 objects input, 1 objects tracked!
I1014 10:56:41.543020  4493 work_track.cpp:148] Frame: 48, track bbox: [174 x 220 from (260.69, 78.4009)], gid: 2, lid: 0
I1014 10:56:41.543056  4493 work_thread.hpp:88]  [T-Work-Detect_0] Frame :48 split
I1014 10:56:41.543073  4493 work_thread.hpp:120]  [T-Work-Detect_0] Valid piece: gid = 2
I1014 10:56:41.543092  4493 work_thread.hpp:92]  [T-Work-Detect_0] Push to split queue:recog
I1014 10:56:41.543134  4495 work_thread.hpp:81]  [T-Work-Recog_1] Run work: WorkCapture
I1014 10:56:41.543135  4496 thread_intergrate.hpp:78] [T-Intergrate-intergrate] queue: frame output frame :48
I1014 10:56:41.543179  4496 thread_intergrate.hpp:85] [T-Intergrate-intergrate] queue: compare output face:2
I1014 10:56:41.543197  4496 thread_intergrate.hpp:137] T-Intergrate-intergrate set matched face: 2
I1014 10:56:41.543778  4495 work_thread.hpp:81]  [T-Work-Recog_1] Run work: WorkRecog
I1014 10:56:41.543817  4495 work_recog.hpp:89] Face id: 2 will run recog: bbox [174 x 220 from (265, 67)] quality: 0.347575
I1014 10:56:41.543855  4495 work_recog.hpp:96] Recog pair: [256 x 320 from (224, 16)], [174 x 220 from (41, 51)]
I1014 10:56:41.544409  4496 thread_intergrate.hpp:157] T-Intergrate-intergrate Show face :2, size :640 * 360
I1014 10:56:41.544965  4492 demo_inner.hpp:435] thread [SORT-0]  frame id 48 sorting queue size 1   FPS: 19.9902
I1014 10:56:41.549011  4491 demo_inner.hpp:260]  gui queue size 1, state = running
I1014 10:56:41.562067  4495 work_thread.hpp:81]  [T-Work-Recog_1] Run work: WorkCompare
I1014 10:56:41.562182  4495 work_compare.cpp:76] Compare face: 2 successed, similarity :0.982171, name : images/thanglmb.jpg, normal size : 640 * 360!
I1014 10:56:41.583843  4490 demo_inner.hpp:177] decode queue size 0
I1014 10:56:41.583946  4493 work_thread.hpp:81]  [T-Work-Detect_0] Run work: WorkDetect
I1014 10:56:41.583984  4493 work_detect.cpp:102] Succeeded to add det start for frame 49
I1014 10:56:41.590735  4493 work_detect.cpp:70] Frame :49 detect result :1 face(s)
I1014 10:56:41.590785  4493 work_detect.cpp:86] Detected bbox: [176 x 233 from (258, 63)]
I1014 10:56:41.590827  4493 work_detect.cpp:120] Succeeded to add det end for frame 49
I1014 10:56:41.590844  4493 work_thread.hpp:81]  [T-Work-Detect_0] Run work: WrokTrack
I1014 10:56:41.590869  4493 work_track.cpp:82] Frame: 49 build input_characts: [0.275 x 0.647222 from (0.403125, 0.175)], 1.00035, 0
I1014 10:56:41.590926  4493 work_track.cpp:102] Succeeded to set track lock for frame 49
I1014 10:56:41.590965  4493 work_track.cpp:116] Succeeded to release track lock for frame 49
I1014 10:56:41.590981  4493 work_track.cpp:120] Track results of frame 49: 1 objects input, 1 objects tracked!
I1014 10:56:41.590998  4493 work_track.cpp:148] Frame: 49, track bbox: [176 x 233 from (260.193, 66.9978)], gid: 2, lid: 0
I1014 10:56:41.591035  4493 work_thread.hpp:88]  [T-Work-Detect_0] Frame :49 split
I1014 10:56:41.591053  4493 work_thread.hpp:120]  [T-Work-Detect_0] Valid piece: gid = 2
I1014 10:56:41.591071  4493 work_thread.hpp:92]  [T-Work-Detect_0] Push to split queue:recog
I1014 10:56:41.591117  4496 thread_intergrate.hpp:78] [T-Intergrate-intergrate] queue: frame output frame :49
I1014 10:56:41.591117  4495 work_thread.hpp:81]  [T-Work-Recog_1] Run work: WorkCapture
I1014 10:56:41.591146  4496 thread_intergrate.hpp:85] [T-Intergrate-intergrate] queue: compare output face:2
I1014 10:56:41.591343  4496 thread_intergrate.hpp:137] T-Intergrate-intergrate set matched face: 2
I1014 10:56:41.591979  4495 work_thread.hpp:81]  [T-Work-Recog_1] Run work: WorkRecog
I1014 10:56:41.592005  4495 work_recog.hpp:89] Face id: 2 will run recog: bbox [176 x 233 from (258, 63)] quality: 0.406524
I1014 10:56:41.592046  4495 work_recog.hpp:96] Recog pair: [256 x 328 from (216, 16)], [176 x 233 from (42, 47)]
I1014 10:56:41.592543  4496 thread_intergrate.hpp:157] T-Intergrate-intergrate Show face :2, size :640 * 360
I1014 10:56:41.593086  4492 demo_inner.hpp:435] thread [SORT-0]  frame id 49 sorting queue size 0   FPS: 19.9902
I1014 10:56:41.610029  4495 work_thread.hpp:81]  [T-Work-Recog_1] Run work: WorkCompare
I1014 10:56:41.610134  4495 work_compare.cpp:76] Compare face: 2 successed, similarity :0.991386, name : images/thanglmb.jpg, normal size : 640 * 360!
I1014 10:56:41.631922  4490 demo_inner.hpp:177] decode queue size 0
I1014 10:56:41.632020  4493 work_thread.hpp:81]  [T-Work-Detect_0] Run work: WorkDetect
I1014 10:56:41.632057  4493 work_detect.cpp:102] Succeeded to add det start for frame 50
I1014 10:56:41.633002  4491 demo_inner.hpp:260]  gui queue size 0, state = running
I1014 10:56:41.641167  4493 work_detect.cpp:70] Frame :50 detect result :1 face(s)
I1014 10:56:41.641221  4493 work_detect.cpp:86] Detected bbox: [168 x 220 from (272, 96)]
I1014 10:56:41.641273  4493 work_detect.cpp:120] Succeeded to add det end for frame 50
I1014 10:56:41.641290  4493 work_thread.hpp:81]  [T-Work-Detect_0] Run work: WrokTrack
I1014 10:56:41.641315  4493 work_track.cpp:82] Frame: 50 build input_characts: [0.2625 x 0.611111 from (0.425, 0.266667)], 1.00035, 0
I1014 10:56:41.641393  4493 work_track.cpp:102] Succeeded to set track lock for frame 50
I1014 10:56:41.641435  4493 work_track.cpp:116] Succeeded to release track lock for frame 50
I1014 10:56:41.641450  4493 work_track.cpp:120] Track results of frame 50: 1 objects input, 1 objects tracked!
I1014 10:56:41.641469  4493 work_track.cpp:148] Frame: 50, track bbox: [168 x 220 from (269.575, 79.362)], gid: 2, lid: 0
I1014 10:56:41.641515  4493 work_thread.hpp:88]  [T-Work-Detect_0] Frame :50 split
I1014 10:56:41.641532  4493 work_thread.hpp:120]  [T-Work-Detect_0] Valid piece: gid = 2
I1014 10:56:41.641551  4493 work_thread.hpp:92]  [T-Work-Detect_0] Push to split queue:recog
I1014 10:56:41.641598  4495 work_thread.hpp:81]  [T-Work-Recog_1] Run work: WorkCapture
I1014 10:56:41.641957  4496 thread_intergrate.hpp:78] [T-Intergrate-intergrate] queue: frame output frame :50
I1014 10:56:41.641983  4496 thread_intergrate.hpp:85] [T-Intergrate-intergrate] queue: compare output face:2
I1014 10:56:41.642002  4496 thread_intergrate.hpp:137] T-Intergrate-intergrate set matched face: 2
I1014 10:56:41.642220  4495 work_thread.hpp:81]  [T-Work-Recog_1] Run work: WorkRecog
I1014 10:56:41.642251  4495 work_recog.hpp:89] Face id: 2 will run recog: bbox [168 x 220 from (272, 96)] quality: 0.385523
I1014 10:56:41.642279  4495 work_recog.hpp:96] Recog pair: [248 x 312 from (232, 48)], [168 x 220 from (40, 48)]
I1014 10:56:41.643168  4496 thread_intergrate.hpp:157] T-Intergrate-intergrate Show face :2, size :640 * 360
I1014 10:56:41.643674  4492 demo_inner.hpp:435] thread [SORT-0]  frame id 50 sorting queue size 0   FPS: 20.0195
I1014 10:56:41.660248  4495 work_thread.hpp:81]  [T-Work-Recog_1] Run work: WorkCompare
I1014 10:56:41.660383  4495 work_compare.cpp:76] Compare face: 2 successed, similarity :0.980286, name : images/thanglmb.jpg, normal size : 640 * 360!
I1014 10:56:41.685817  4490 demo_inner.hpp:177] decode queue size 0
I1014 10:56:41.685940  4493 work_thread.hpp:81]  [T-Work-Detect_0] Run work: WorkDetect
I1014 10:56:41.685978  4493 work_detect.cpp:102] Succeeded to add det start for frame 51
I1014 10:56:41.693452  4493 work_detect.cpp:70] Frame :51 detect result :1 face(s)
I1014 10:56:41.693496  4493 work_detect.cpp:86] Detected bbox: [187 x 241 from (254, 56)]
I1014 10:56:41.693634  4493 work_detect.cpp:120] Succeeded to add det end for frame 51
I1014 10:56:41.693652  4493 work_thread.hpp:81]  [T-Work-Detect_0] Run work: WrokTrack
I1014 10:56:41.693686  4493 work_track.cpp:82] Frame: 51 build input_characts: [0.292188 x 0.669444 from (0.396875, 0.155556)], 1.00035, 0
I1014 10:56:41.693763  4493 work_track.cpp:102] Succeeded to set track lock for frame 51
I1014 10:56:41.693814  4493 work_track.cpp:116] Succeeded to release track lock for frame 51
I1014 10:56:41.693828  4493 work_track.cpp:120] Track results of frame 51: 1 objects input, 1 objects tracked!
I1014 10:56:41.693847  4493 work_track.cpp:148] Frame: 51, track bbox: [187 x 241 from (258.752, 62.2764)], gid: 2, lid: 0
I1014 10:56:41.693959  4493 work_thread.hpp:88]  [T-Work-Detect_0] Frame :51 split
I1014 10:56:41.693979  4493 work_thread.hpp:120]  [T-Work-Detect_0] Valid piece: gid = 2
I1014 10:56:41.693997  4493 work_thread.hpp:92]  [T-Work-Detect_0] Push to split queue:recog
I1014 10:56:41.694056  4494 work_thread.hpp:81]  [T-Work-Recog_0] Run work: WorkCapture
I1014 10:56:41.694442  4496 thread_intergrate.hpp:78] [T-Intergrate-intergrate] queue: frame output frame :51
I1014 10:56:41.694476  4496 thread_intergrate.hpp:85] [T-Intergrate-intergrate] queue: compare output face:2
I1014 10:56:41.694497  4496 thread_intergrate.hpp:137] T-Intergrate-intergrate set matched face: 2
I1014 10:56:41.694795  4494 work_thread.hpp:81]  [T-Work-Recog_0] Run work: WorkRecog
I1014 10:56:41.694823  4494 work_recog.hpp:89] Face id: 2 will run recog: bbox [187 x 241 from (254, 56)] quality: 0.406656
I1014 10:56:41.694859  4494 work_recog.hpp:96] Recog pair: [264 x 344 from (216, 8)], [187 x 241 from (38, 48)]
I1014 10:56:41.695696  4496 thread_intergrate.hpp:157] T-Intergrate-intergrate Show face :2, size :640 * 360
I1014 10:56:41.696219  4492 demo_inner.hpp:435] thread [SORT-0]  frame id 51 sorting queue size 1   FPS: 19.9708
I1014 10:56:41.700134  4491 demo_inner.hpp:260]  gui queue size 1, state = running
I1014 10:56:41.712775  4494 work_thread.hpp:81]  [T-Work-Recog_0] Run work: WorkCompare
I1014 10:56:41.712889  4494 work_compare.cpp:76] Compare face: 2 successed, similarity :0.989679, name : images/thanglmb.jpg, normal size : 640 * 360!
I1014 10:56:41.733989  4490 demo_inner.hpp:177] decode queue size 0
I1014 10:56:41.734119  4493 work_thread.hpp:81]  [T-Work-Detect_0] Run work: WorkDetect
I1014 10:56:41.734165  4493 work_detect.cpp:102] Succeeded to add det start for frame 52
I1014 10:56:41.741956  4493 work_detect.cpp:70] Frame :52 detect result :1 face(s)
I1014 10:56:41.742033  4493 work_detect.cpp:86] Detected bbox: [183 x 236 from (256, 62)]
I1014 10:56:41.742077  4493 work_detect.cpp:120] Succeeded to add det end for frame 52
I1014 10:56:41.742094  4493 work_thread.hpp:81]  [T-Work-Detect_0] Run work: WrokTrack
I1014 10:56:41.742120  4493 work_track.cpp:82] Frame: 52 build input_characts: [0.285937 x 0.655556 from (0.4, 0.172222)], 1.00035, 0
I1014 10:56:41.742183  4493 work_track.cpp:102] Succeeded to set track lock for frame 52
I1014 10:56:41.742223  4493 work_track.cpp:116] Succeeded to release track lock for frame 52
I1014 10:56:41.742238  4493 work_track.cpp:120] Track results of frame 52: 1 objects input, 1 objects tracked!
I1014 10:56:41.742277  4493 work_track.cpp:148] Frame: 52, track bbox: [183 x 236 from (258.515, 63.4233)], gid: 2, lid: 0
I1014 10:56:41.742316  4493 work_thread.hpp:88]  [T-Work-Detect_0] Frame :52 split
I1014 10:56:41.742334  4493 work_thread.hpp:120]  [T-Work-Detect_0] Valid piece: gid = 2
I1014 10:56:41.742353  4493 work_thread.hpp:92]  [T-Work-Detect_0] Push to split queue:recog
I1014 10:56:41.742410  4494 work_thread.hpp:81]  [T-Work-Recog_0] Run work: WorkCapture
I1014 10:56:41.742833  4496 thread_intergrate.hpp:78] [T-Intergrate-intergrate] queue: frame output frame :52
I1014 10:56:41.742862  4496 thread_intergrate.hpp:85] [T-Intergrate-intergrate] queue: compare output face:2
I1014 10:56:41.742882  4496 thread_intergrate.hpp:137] T-Intergrate-intergrate set matched face: 2
I1014 10:56:41.743083  4494 work_thread.hpp:81]  [T-Work-Recog_0] Run work: WorkRecog
I1014 10:56:41.743106  4494 work_recog.hpp:89] Face id: 2 will run recog: bbox [183 x 236 from (256, 62)] quality: 0.406524
I1014 10:56:41.743144  4494 work_recog.hpp:96] Recog pair: [264 x 344 from (216, 8)], [183 x 236 from (40, 54)]
I1014 10:56:41.744179  4496 thread_intergrate.hpp:157] T-Intergrate-intergrate Show face :2, size :640 * 360
I1014 10:56:41.744750  4492 demo_inner.hpp:435] thread [SORT-0]  frame id 52 sorting queue size 0   FPS: 19.9805
I1014 10:56:41.761238  4494 work_thread.hpp:81]  [T-Work-Recog_0] Run work: WorkCompare
I1014 10:56:41.761345  4494 work_compare.cpp:76] Compare face: 2 successed, similarity :0.992971, name : images/thanglmb.jpg, normal size : 640 * 360!
I1014 10:56:41.781935  4490 demo_inner.hpp:177] decode queue size 0
I1014 10:56:41.782047  4493 work_thread.hpp:81]  [T-Work-Detect_0] Run work: WorkDetect
I1014 10:56:41.782085  4493 work_detect.cpp:102] Succeeded to add det start for frame 53
I1014 10:56:41.789237  4493 work_detect.cpp:70] Frame :53 detect result :1 face(s)
I1014 10:56:41.789285  4493 work_detect.cpp:86] Detected bbox: [171 x 222 from (271, 87)]
I1014 10:56:41.789330  4493 work_detect.cpp:120] Succeeded to add det end for frame 53
I1014 10:56:41.789345  4493 work_thread.hpp:81]  [T-Work-Detect_0] Run work: WrokTrack
I1014 10:56:41.789371  4493 work_track.cpp:82] Frame: 53 build input_characts: [0.267188 x 0.616667 from (0.423438, 0.241667)], 1.00019, 0
I1014 10:56:41.789431  4493 work_track.cpp:102] Succeeded to set track lock for frame 53
I1014 10:56:41.789471  4493 work_track.cpp:116] Succeeded to release track lock for frame 53
I1014 10:56:41.789486  4493 work_track.cpp:120] Track results of frame 53: 1 objects input, 1 objects tracked!
I1014 10:56:41.789505  4493 work_track.cpp:148] Frame: 53, track bbox: [171 x 222 from (266.739, 80.6621)], gid: 2, lid: 0
I1014 10:56:41.789544  4493 work_thread.hpp:88]  [T-Work-Detect_0] Frame :53 split
I1014 10:56:41.789562  4493 work_thread.hpp:120]  [T-Work-Detect_0] Valid piece: gid = 2
I1014 10:56:41.789580  4493 work_thread.hpp:92]  [T-Work-Detect_0] Push to split queue:recog
I1014 10:56:41.789935  4494 work_thread.hpp:81]  [T-Work-Recog_0] Run work: WorkCapture
I1014 10:56:41.790262  4496 thread_intergrate.hpp:78] [T-Intergrate-intergrate] queue: frame output frame :53
I1014 10:56:41.790289  4496 thread_intergrate.hpp:85] [T-Intergrate-intergrate] queue: compare output face:2
I1014 10:56:41.790307  4496 thread_intergrate.hpp:137] T-Intergrate-intergrate set matched face: 2
I1014 10:56:41.790596  4494 work_thread.hpp:81]  [T-Work-Recog_0] Run work: WorkRecog
I1014 10:56:41.790627  4494 work_recog.hpp:89] Face id: 2 will run recog: bbox [171 x 222 from (271, 87)] quality: 0.432125
I1014 10:56:41.790657  4494 work_recog.hpp:96] Recog pair: [248 x 320 from (232, 40)], [171 x 222 from (39, 47)]
I1014 10:56:41.791472  4496 thread_intergrate.hpp:157] T-Intergrate-intergrate Show face :2, size :640 * 360
I1014 10:56:41.792057  4492 demo_inner.hpp:435] thread [SORT-0]  frame id 53 sorting queue size 1   FPS: 20.0489
I1014 10:56:41.800197  4491 demo_inner.hpp:260]  gui queue size 1, state = running
I1014 10:56:41.808739  4494 work_thread.hpp:81]  [T-Work-Recog_0] Run work: WorkCompare
I1014 10:56:41.808856  4494 work_compare.cpp:76] Compare face: 2 successed, similarity :0.979893, name : images/thanglmb.jpg, normal size : 640 * 360!
I1014 10:56:41.835820  4490 demo_inner.hpp:177] decode queue size 0
I1014 10:56:41.835955  4493 work_thread.hpp:81]  [T-Work-Detect_0] Run work: WorkDetect
I1014 10:56:41.835994  4493 work_detect.cpp:102] Succeeded to add det start for frame 54
I1014 10:56:41.843171  4493 work_detect.cpp:70] Frame :54 detect result :1 face(s)
I1014 10:56:41.843216  4493 work_detect.cpp:86] Detected bbox: [172 x 220 from (273, 92)]
I1014 10:56:41.843283  4493 work_detect.cpp:120] Succeeded to add det end for frame 54
I1014 10:56:41.843300  4493 work_thread.hpp:81]  [T-Work-Detect_0] Run work: WrokTrack
I1014 10:56:41.843325  4493 work_track.cpp:82] Frame: 54 build input_characts: [0.26875 x 0.611111 from (0.426562, 0.255556)], 1.00035, 0
I1014 10:56:41.843462  4493 work_track.cpp:102] Succeeded to set track lock for frame 54
I1014 10:56:41.843526  4493 work_track.cpp:116] Succeeded to release track lock for frame 54
I1014 10:56:41.843542  4493 work_track.cpp:120] Track results of frame 54: 1 objects input, 1 objects tracked!
I1014 10:56:41.843561  4493 work_track.cpp:148] Frame: 54, track bbox: [172 x 220 from (270.831, 86.8942)], gid: 2, lid: 0
I1014 10:56:41.843598  4493 work_thread.hpp:88]  [T-Work-Detect_0] Frame :54 split
I1014 10:56:41.843624  4493 work_thread.hpp:120]  [T-Work-Detect_0] Valid piece: gid = 2
I1014 10:56:41.843643  4493 work_thread.hpp:92]  [T-Work-Detect_0] Push to split queue:recog
I1014 10:56:41.843688  4496 thread_intergrate.hpp:78] [T-Intergrate-intergrate] queue: frame output frame :54
I1014 10:56:41.843696  4495 work_thread.hpp:81]  [T-Work-Recog_1] Run work: WorkCapture
I1014 10:56:41.843713  4496 thread_intergrate.hpp:85] [T-Intergrate-intergrate] queue: compare output face:2
I1014 10:56:41.843732  4496 thread_intergrate.hpp:137] T-Intergrate-intergrate set matched face: 2
I1014 10:56:41.844377  4495 work_thread.hpp:81]  [T-Work-Recog_1] Run work: WorkRecog
I1014 10:56:41.844404  4495 work_recog.hpp:89] Face id: 2 will run recog: bbox [172 x 220 from (273, 92)] quality: 0.38549
I1014 10:56:41.844434  4495 work_recog.hpp:96] Recog pair: [248 x 312 from (232, 48)], [172 x 220 from (41, 44)]
I1014 10:56:41.844928  4496 thread_intergrate.hpp:157] T-Intergrate-intergrate Show face :2, size :640 * 360
I1014 10:56:41.845463  4492 demo_inner.hpp:435] thread [SORT-0]  frame id 54 sorting queue size 0   FPS: 19.9805
I1014 10:56:41.862658  4495 work_thread.hpp:81]  [T-Work-Recog_1] Run work: WorkCompare
I1014 10:56:41.862782  4495 work_compare.cpp:76] Compare face: 2 successed, similarity :0.98753, name : images/thanglmb.jpg, normal size : 640 * 360!
I1014 10:56:41.868506  4491 demo_inner.hpp:260]  gui queue size 0, state = running
I1014 10:56:41.883852  4490 demo_inner.hpp:177] decode queue size 0
I1014 10:56:41.883958  4493 work_thread.hpp:81]  [T-Work-Detect_0] Run work: WorkDetect
I1014 10:56:41.884004  4493 work_detect.cpp:102] Succeeded to add det start for frame 55
I1014 10:56:41.891742  4493 work_detect.cpp:70] Frame :55 detect result :1 face(s)
I1014 10:56:41.891794  4493 work_detect.cpp:86] Detected bbox: [170 x 220 from (273, 95)]
I1014 10:56:41.891837  4493 work_detect.cpp:120] Succeeded to add det end for frame 55
I1014 10:56:41.891862  4493 work_thread.hpp:81]  [T-Work-Detect_0] Run work: WrokTrack
I1014 10:56:41.891938  4493 work_track.cpp:82] Frame: 55 build input_characts: [0.265625 x 0.611111 from (0.426562, 0.263889)], 1.00019, 0
I1014 10:56:41.892020  4493 work_track.cpp:102] Succeeded to set track lock for frame 55
I1014 10:56:41.892060  4493 work_track.cpp:116] Succeeded to release track lock for frame 55
I1014 10:56:41.892076  4493 work_track.cpp:120] Track results of frame 55: 1 objects input, 1 objects tracked!
I1014 10:56:41.892103  4493 work_track.cpp:148] Frame: 55, track bbox: [170 x 220 from (272.931, 90.965)], gid: 2, lid: 0
I1014 10:56:41.892139  4493 work_thread.hpp:88]  [T-Work-Detect_0] Frame :55 split
I1014 10:56:41.892171  4493 work_thread.hpp:120]  [T-Work-Detect_0] Valid piece: gid = 2
I1014 10:56:41.892191  4493 work_thread.hpp:92]  [T-Work-Detect_0] Push to split queue:recog
I1014 10:56:41.892266  4495 work_thread.hpp:81]  [T-Work-Recog_1] Run work: WorkCapture
I1014 10:56:41.892668  4496 thread_intergrate.hpp:78] [T-Intergrate-intergrate] queue: frame output frame :55
I1014 10:56:41.892695  4496 thread_intergrate.hpp:85] [T-Intergrate-intergrate] queue: compare output face:2
I1014 10:56:41.892715  4496 thread_intergrate.hpp:137] T-Intergrate-intergrate set matched face: 2
I1014 10:56:41.892912  4495 work_thread.hpp:81]  [T-Work-Recog_1] Run work: WorkRecog
I1014 10:56:41.892961  4495 work_recog.hpp:89] Face id: 2 will run recog: bbox [170 x 220 from (273, 95)] quality: 0.424265
I1014 10:56:41.892992  4495 work_recog.hpp:96] Recog pair: [248 x 312 from (232, 48)], [170 x 220 from (41, 47)]
I1014 10:56:41.893890  4496 thread_intergrate.hpp:157] T-Intergrate-intergrate Show face :2, size :640 * 360
I1014 10:56:41.894381  4492 demo_inner.hpp:435] thread [SORT-0]  frame id 55 sorting queue size 0   FPS: 19.9708
I1014 10:56:41.911234  4495 work_thread.hpp:81]  [T-Work-Recog_1] Run work: WorkCompare
I1014 10:56:41.911350  4495 work_compare.cpp:76] Compare face: 2 successed, similarity :0.9911, name : images/thanglmb.jpg, normal size : 640 * 360!
I1014 10:56:41.931970  4490 demo_inner.hpp:177] decode queue size 0
I1014 10:56:41.932098  4493 work_thread.hpp:81]  [T-Work-Detect_0] Run work: WorkDetect
I1014 10:56:41.932137  4493 work_detect.cpp:102] Succeeded to add det start for frame 56
I1014 10:56:41.939836  4493 work_detect.cpp:70] Frame :56 detect result :1 face(s)
I1014 10:56:41.939934  4493 work_detect.cpp:86] Detected bbox: [188 x 241 from (256, 86)]
I1014 10:56:41.940014  4493 work_detect.cpp:120] Succeeded to add det end for frame 56
I1014 10:56:41.940032  4493 work_thread.hpp:81]  [T-Work-Detect_0] Run work: WrokTrack
I1014 10:56:41.940057  4493 work_track.cpp:82] Frame: 56 build input_characts: [0.29375 x 0.669444 from (0.4, 0.238889)], 1.00035, 0
I1014 10:56:41.940137  4493 work_track.cpp:102] Succeeded to set track lock for frame 56
I1014 10:56:41.940204  4493 work_track.cpp:116] Succeeded to release track lock for frame 56
I1014 10:56:41.940220  4493 work_track.cpp:120] Track results of frame 56: 1 objects input, 1 objects tracked!
I1014 10:56:41.940239  4493 work_track.cpp:148] Frame: 56, track bbox: [188 x 241 from (262.406, 90.5062)], gid: 2, lid: 0
I1014 10:56:41.940274  4493 work_thread.hpp:88]  [T-Work-Detect_0] Frame :56 split
I1014 10:56:41.940292  4493 work_thread.hpp:120]  [T-Work-Detect_0] Valid piece: gid = 2
I1014 10:56:41.940337  4493 work_thread.hpp:92]  [T-Work-Detect_0] Push to split queue:recog
I1014 10:56:41.940388  4495 work_thread.hpp:81]  [T-Work-Recog_1] Run work: WorkCapture
I1014 10:56:41.940811  4496 thread_intergrate.hpp:78] [T-Intergrate-intergrate] queue: frame output frame :56
I1014 10:56:41.940840  4496 thread_intergrate.hpp:85] [T-Intergrate-intergrate] queue: compare output face:2
I1014 10:56:41.940858  4496 thread_intergrate.hpp:137] T-Intergrate-intergrate set matched face: 2
I1014 10:56:41.941068  4495 work_thread.hpp:81]  [T-Work-Recog_1] Run work: WorkRecog
I1014 10:56:41.941093  4495 work_recog.hpp:89] Face id: 2 will run recog: bbox [188 x 241 from (256, 86)] quality: 0.477221
I1014 10:56:41.941123  4495 work_recog.hpp:96] Recog pair: [272 x 328 from (216, 32)], [188 x 241 from (40, 54)]
I1014 10:56:41.942041  4496 thread_intergrate.hpp:157] T-Intergrate-intergrate Show face :2, size :640 * 360
I1014 10:56:41.942560  4492 demo_inner.hpp:435] thread [SORT-0]  frame id 56 sorting queue size 1   FPS: 20.0293
I1014 10:56:41.959043  4495 work_thread.hpp:81]  [T-Work-Recog_1] Run work: WorkCompare
I1014 10:56:41.959167  4495 work_compare.cpp:76] Compare face: 2 successed, similarity :0.983465, name : images/thanglmb.jpg, normal size : 640 * 360!
I1014 10:56:41.963428  4491 demo_inner.hpp:260]  gui queue size 1, state = running
I1014 10:56:41.985826  4490 demo_inner.hpp:177] decode queue size 0
I1014 10:56:41.985939  4493 work_thread.hpp:81]  [T-Work-Detect_0] Run work: WorkDetect
I1014 10:56:41.985985  4493 work_detect.cpp:102] Succeeded to add det start for frame 57
I1014 10:56:41.993701  4493 work_detect.cpp:70] Frame :57 detect result :1 face(s)
I1014 10:56:41.993762  4493 work_detect.cpp:86] Detected bbox: [182 x 223 from (267, 69)]
I1014 10:56:41.993806  4493 work_detect.cpp:120] Succeeded to add det end for frame 57
I1014 10:56:41.993824  4493 work_thread.hpp:81]  [T-Work-Detect_0] Run work: WrokTrack
I1014 10:56:41.993923  4493 work_track.cpp:82] Frame: 57 build input_characts: [0.284375 x 0.619444 from (0.417188, 0.191667)], 1.00019, 0
I1014 10:56:41.993990  4493 work_track.cpp:102] Succeeded to set track lock for frame 57
I1014 10:56:41.994030  4493 work_track.cpp:116] Succeeded to release track lock for frame 57
I1014 10:56:41.994139  4493 work_track.cpp:120] Track results of frame 57: 1 objects input, 1 objects tracked!
I1014 10:56:41.994160  4493 work_track.cpp:148] Frame: 57, track bbox: [182 x 223 from (266.112, 86.0498)], gid: 2, lid: 0
I1014 10:56:41.994197  4493 work_thread.hpp:88]  [T-Work-Detect_0] Frame :57 split
I1014 10:56:41.994223  4493 work_thread.hpp:120]  [T-Work-Detect_0] Valid piece: gid = 2
I1014 10:56:41.994242  4493 work_thread.hpp:92]  [T-Work-Detect_0] Push to split queue:recog
I1014 10:56:41.994292  4495 work_thread.hpp:81]  [T-Work-Recog_1] Run work: WorkCapture
I1014 10:56:41.994720  4496 thread_intergrate.hpp:78] [T-Intergrate-intergrate] queue: frame output frame :57
I1014 10:56:41.994748  4496 thread_intergrate.hpp:85] [T-Intergrate-intergrate] queue: compare output face:2
I1014 10:56:41.994766  4496 thread_intergrate.hpp:137] T-Intergrate-intergrate set matched face: 2
I1014 10:56:41.994978  4495 work_thread.hpp:81]  [T-Work-Recog_1] Run work: WorkRecog
I1014 10:56:41.995002  4495 work_recog.hpp:89] Face id: 2 will run recog: bbox [182 x 223 from (267, 69)] quality: 0.347564
I1014 10:56:41.995030  4495 work_recog.hpp:96] Recog pair: [264 x 312 from (224, 24)], [182 x 223 from (43, 45)]
I1014 10:56:41.995932  4496 thread_intergrate.hpp:157] T-Intergrate-intergrate Show face :2, size :640 * 360
I1014 10:56:41.996443  4492 demo_inner.hpp:435] thread [SORT-0]  frame id 57 sorting queue size 0   FPS: 19.9708
I1014 10:56:42.013130  4495 work_thread.hpp:81]  [T-Work-Recog_1] Run work: WorkCompare
I1014 10:56:42.013268  4495 work_compare.cpp:76] Compare face: 2 successed, similarity :0.977268, name : images/thanglmb.jpg, normal size : 640 * 360!
I1014 10:56:42.030668  4491 demo_inner.hpp:260]  gui queue size 0, state = running
I1014 10:56:42.033941  4490 demo_inner.hpp:177] decode queue size 0
I1014 10:56:42.034049  4493 work_thread.hpp:81]  [T-Work-Detect_0] Run work: WorkDetect
I1014 10:56:42.034113  4493 work_detect.cpp:102] Succeeded to add det start for frame 58
I1014 10:56:42.041837  4493 work_detect.cpp:70] Frame :58 detect result :1 face(s)
I1014 10:56:42.041944  4493 work_detect.cpp:86] Detected bbox: [173 x 224 from (271, 90)]
I1014 10:56:42.041996  4493 work_detect.cpp:120] Succeeded to add det end for frame 58
I1014 10:56:42.042012  4493 work_thread.hpp:81]  [T-Work-Detect_0] Run work: WrokTrack
I1014 10:56:42.042038  4493 work_track.cpp:82] Frame: 58 build input_characts: [0.270312 x 0.622222 from (0.423438, 0.25)], 1.00019, 0
I1014 10:56:42.042119  4493 work_track.cpp:102] Succeeded to set track lock for frame 58
I1014 10:56:42.042160  4493 work_track.cpp:116] Succeeded to release track lock for frame 58
I1014 10:56:42.042174  4493 work_track.cpp:120] Track results of frame 58: 1 objects input, 1 objects tracked!
I1014 10:56:42.042192  4493 work_track.cpp:148] Frame: 58, track bbox: [173 x 224 from (269.609, 83.9497)], gid: 2, lid: 0
I1014 10:56:42.042237  4493 work_thread.hpp:88]  [T-Work-Detect_0] Frame :58 split
I1014 10:56:42.042256  4493 work_thread.hpp:120]  [T-Work-Detect_0] Valid piece: gid = 2
I1014 10:56:42.042274  4493 work_thread.hpp:92]  [T-Work-Detect_0] Push to split queue:recog
I1014 10:56:42.042352  4495 work_thread.hpp:81]  [T-Work-Recog_1] Run work: WorkCapture
I1014 10:56:42.042763  4496 thread_intergrate.hpp:78] [T-Intergrate-intergrate] queue: frame output frame :58
I1014 10:56:42.042791  4496 thread_intergrate.hpp:85] [T-Intergrate-intergrate] queue: compare output face:2
I1014 10:56:42.042811  4496 thread_intergrate.hpp:137] T-Intergrate-intergrate set matched face: 2
I1014 10:56:42.043012  4495 work_thread.hpp:81]  [T-Work-Recog_1] Run work: WorkRecog
I1014 10:56:42.043036  4495 work_recog.hpp:89] Face id: 2 will run recog: bbox [173 x 224 from (271, 90)] quality: 0.41565
I1014 10:56:42.043088  4495 work_recog.hpp:96] Recog pair: [248 x 320 from (232, 40)], [173 x 224 from (39, 50)]
I1014 10:56:42.043992  4496 thread_intergrate.hpp:157] T-Intergrate-intergrate Show face :2, size :640 * 360
I1014 10:56:42.044507  4492 demo_inner.hpp:435] thread [SORT-0]  frame id 58 sorting queue size 0   FPS: 19.9708
I1014 10:56:42.061038  4495 work_thread.hpp:81]  [T-Work-Recog_1] Run work: WorkCompare
I1014 10:56:42.061173  4495 work_compare.cpp:76] Compare face: 2 successed, similarity :0.990481, name : images/thanglmb.jpg, normal size : 640 * 360!
I1014 10:56:42.081924  4490 demo_inner.hpp:177] decode queue size 0
I1014 10:56:42.082036  4493 work_thread.hpp:81]  [T-Work-Detect_0] Run work: WorkDetect
I1014 10:56:42.082098  4493 work_detect.cpp:102] Succeeded to add det start for frame 59
I1014 10:56:42.089933  4493 work_detect.cpp:70] Frame :59 detect result :1 face(s)
I1014 10:56:42.089987  4493 work_detect.cpp:86] Detected bbox: [182 x 231 from (265, 62)]
I1014 10:56:42.090029  4493 work_detect.cpp:120] Succeeded to add det end for frame 59
I1014 10:56:42.090046  4493 work_thread.hpp:81]  [T-Work-Detect_0] Run work: WrokTrack
I1014 10:56:42.090080  4493 work_track.cpp:82] Frame: 59 build input_characts: [0.284375 x 0.641667 from (0.414062, 0.172222)], 1.00019, 0
I1014 10:56:42.090138  4493 work_track.cpp:102] Succeeded to set track lock for frame 59
I1014 10:56:42.090201  4493 work_track.cpp:116] Succeeded to release track lock for frame 59
I1014 10:56:42.090217  4493 work_track.cpp:120] Track results of frame 59: 1 objects input, 1 objects tracked!
I1014 10:56:42.090236  4493 work_track.cpp:148] Frame: 59, track bbox: [182 x 231 from (264.818, 68.8535)], gid: 2, lid: 0
I1014 10:56:42.090273  4493 work_thread.hpp:88]  [T-Work-Detect_0] Frame :59 split
I1014 10:56:42.090291  4493 work_thread.hpp:120]  [T-Work-Detect_0] Valid piece: gid = 2
I1014 10:56:42.090317  4493 work_thread.hpp:92]  [T-Work-Detect_0] Push to split queue:recog
I1014 10:56:42.090373  4494 work_thread.hpp:81]  [T-Work-Recog_0] Run work: WorkCapture
I1014 10:56:42.090782  4496 thread_intergrate.hpp:78] [T-Intergrate-intergrate] queue: frame output frame :59
I1014 10:56:42.090817  4496 thread_intergrate.hpp:85] [T-Intergrate-intergrate] queue: compare output face:2
I1014 10:56:42.090837  4496 thread_intergrate.hpp:137] T-Intergrate-intergrate set matched face: 2
I1014 10:56:42.092212  4496 thread_intergrate.hpp:157] T-Intergrate-intergrate Show face :2, size :640 * 360
I1014 10:56:42.092443  4494 work_thread.hpp:81]  [T-Work-Recog_0] Run work: WorkRecog
I1014 10:56:42.092468  4494 work_recog.hpp:89] Face id: 2 will run recog: bbox [182 x 231 from (265, 62)] quality: 0.373763
I1014 10:56:42.092497  4494 work_recog.hpp:96] Recog pair: [264 x 328 from (224, 16)], [182 x 231 from (41, 46)]
I1014 10:56:42.092718  4492 demo_inner.hpp:435] thread [SORT-0]  frame id 59 sorting queue size 1   FPS: 20.0293
I1014 10:56:42.109109  4491 demo_inner.hpp:260]  gui queue size 1, state = running
I1014 10:56:42.110827  4494 work_thread.hpp:81]  [T-Work-Recog_0] Run work: WorkCompare
I1014 10:56:42.110970  4494 work_compare.cpp:76] Compare face: 2 successed, similarity :0.989746, name : images/thanglmb.jpg, normal size : 640 * 360!
I1014 10:56:42.135788  4490 demo_inner.hpp:177] decode queue size 0
I1014 10:56:42.135920  4493 work_thread.hpp:81]  [T-Work-Detect_0] Run work: WorkDetect
I1014 10:56:42.135972  4493 work_detect.cpp:102] Succeeded to add det start for frame 60
I1014 10:56:42.143779  4493 work_detect.cpp:70] Frame :60 detect result :1 face(s)
I1014 10:56:42.143847  4493 work_detect.cpp:86] Detected bbox: [172 x 220 from (273, 94)]
I1014 10:56:42.143941  4493 work_detect.cpp:120] Succeeded to add det end for frame 60
I1014 10:56:42.143966  4493 work_thread.hpp:81]  [T-Work-Detect_0] Run work: WrokTrack
I1014 10:56:42.143992  4493 work_track.cpp:82] Frame: 60 build input_characts: [0.26875 x 0.611111 from (0.426562, 0.261111)], 1.00019, 0
I1014 10:56:42.144048  4493 work_track.cpp:102] Succeeded to set track lock for frame 60
I1014 10:56:42.144109  4493 work_track.cpp:116] Succeeded to release track lock for frame 60
I1014 10:56:42.144126  4493 work_track.cpp:120] Track results of frame 60: 1 objects input, 1 objects tracked!
I1014 10:56:42.144145  4493 work_track.cpp:148] Frame: 60, track bbox: [172 x 220 from (272.026, 80.8879)], gid: 2, lid: 0
I1014 10:56:42.144275  4493 work_thread.hpp:88]  [T-Work-Detect_0] Frame :60 split
I1014 10:56:42.144296  4493 work_thread.hpp:120]  [T-Work-Detect_0] Valid piece: gid = 2
I1014 10:56:42.144315  4493 work_thread.hpp:92]  [T-Work-Detect_0] Push to split queue:recog
I1014 10:56:42.144415  4494 work_thread.hpp:81]  [T-Work-Recog_0] Run work: WorkCapture
I1014 10:56:42.144845  4496 thread_intergrate.hpp:78] [T-Intergrate-intergrate] queue: frame output frame :60
I1014 10:56:42.144872  4496 thread_intergrate.hpp:85] [T-Intergrate-intergrate] queue: compare output face:2
I1014 10:56:42.144891  4496 thread_intergrate.hpp:137] T-Intergrate-intergrate set matched face: 2
I1014 10:56:42.146209  4496 thread_intergrate.hpp:157] T-Intergrate-intergrate Show face :2, size :640 * 360
I1014 10:56:42.146418  4494 work_thread.hpp:81]  [T-Work-Recog_0] Run work: WorkRecog
I1014 10:56:42.146443  4494 work_recog.hpp:89] Face id: 2 will run recog: bbox [172 x 220 from (273, 94)] quality: 0.39643
I1014 10:56:42.146471  4494 work_recog.hpp:96] Recog pair: [248 x 312 from (232, 48)], [172 x 220 from (41, 46)]
I1014 10:56:42.146698  4492 demo_inner.hpp:435] thread [SORT-0]  frame id 60 sorting queue size 0   FPS: 19.9708
I1014 10:56:42.164609  4494 work_thread.hpp:81]  [T-Work-Recog_0] Run work: WorkCompare
I1014 10:56:42.164752  4494 work_compare.cpp:76] Compare face: 2 successed, similarity :0.983699, name : images/thanglmb.jpg, normal size : 640 * 360!
I1014 10:56:42.183810  4490 demo_inner.hpp:177] decode queue size 0
I1014 10:56:42.183915  4493 work_thread.hpp:81]  [T-Work-Detect_0] Run work: WorkDetect
I1014 10:56:42.183982  4493 work_detect.cpp:102] Succeeded to add det start for frame 61
I1014 10:56:42.191673  4493 work_detect.cpp:70] Frame :61 detect result :1 face(s)
I1014 10:56:42.191730  4493 work_detect.cpp:86] Detected bbox: [186 x 240 from (256, 89)]
I1014 10:56:42.191776  4493 work_detect.cpp:120] Succeeded to add det end for frame 61
I1014 10:56:42.191792  4493 work_thread.hpp:81]  [T-Work-Detect_0] Run work: WrokTrack
I1014 10:56:42.191854  4491 demo_inner.hpp:260]  gui queue size 0, state = running
I1014 10:56:42.191843  4493 work_track.cpp:82] Frame: 61 build input_characts: [0.290625 x 0.666667 from (0.4, 0.247222)], 1.00019, 0
I1014 10:56:42.191977  4493 work_track.cpp:102] Succeeded to set track lock for frame 61
I1014 10:56:42.192023  4493 work_track.cpp:116] Succeeded to release track lock for frame 61
I1014 10:56:42.192039  4493 work_track.cpp:120] Track results of frame 61: 1 objects input, 1 objects tracked!
I1014 10:56:42.192082  4493 work_track.cpp:148] Frame: 61, track bbox: [186 x 240 from (261.606, 80.7634)], gid: 2, lid: 0
I1014 10:56:42.192126  4493 work_thread.hpp:88]  [T-Work-Detect_0] Frame :61 split
I1014 10:56:42.192147  4493 work_thread.hpp:120]  [T-Work-Detect_0] Valid piece: gid = 2
I1014 10:56:42.192219  4493 work_thread.hpp:92]  [T-Work-Detect_0] Push to split queue:recog
I1014 10:56:42.192289  4495 work_thread.hpp:81]  [T-Work-Recog_1] Run work: WorkCapture
I1014 10:56:42.192744  4496 thread_intergrate.hpp:78] [T-Intergrate-intergrate] queue: frame output frame :61
I1014 10:56:42.192770  4496 thread_intergrate.hpp:85] [T-Intergrate-intergrate] queue: compare output face:2
I1014 10:56:42.192790  4496 thread_intergrate.hpp:137] T-Intergrate-intergrate set matched face: 2
I1014 10:56:42.194252  4496 thread_intergrate.hpp:157] T-Intergrate-intergrate Show face :2, size :640 * 360
I1014 10:56:42.194589  4495 work_thread.hpp:81]  [T-Work-Recog_1] Run work: WorkRecog
I1014 10:56:42.194622  4495 work_recog.hpp:89] Face id: 2 will run recog: bbox [186 x 240 from (256, 89)] quality: 0.481141
I1014 10:56:42.194670  4495 work_recog.hpp:96] Recog pair: [264 x 320 from (216, 40)], [186 x 240 from (40, 49)]
I1014 10:56:42.194839  4492 demo_inner.hpp:435] thread [SORT-0]  frame id 61 sorting queue size 0   FPS: 19.9708
I1014 10:56:42.212857  4495 work_thread.hpp:81]  [T-Work-Recog_1] Run work: WorkCompare
I1014 10:56:42.212971  4495 work_compare.cpp:76] Compare face: 2 successed, similarity :0.988651, name : images/thanglmb.jpg, normal size : 640 * 360!
I1014 10:56:42.231890  4490 demo_inner.hpp:177] decode queue size 0
I1014 10:56:42.232002  4493 work_thread.hpp:81]  [T-Work-Detect_0] Run work: WorkDetect
I1014 10:56:42.232040  4493 work_detect.cpp:102] Succeeded to add det start for frame 62
I1014 10:56:42.238852  4493 work_detect.cpp:70] Frame :62 detect result :1 face(s)
I1014 10:56:42.238896  4493 work_detect.cpp:86] Detected bbox: [168 x 218 from (274, 90)]
I1014 10:56:42.238939  4493 work_detect.cpp:120] Succeeded to add det end for frame 62
I1014 10:56:42.238955  4493 work_thread.hpp:81]  [T-Work-Detect_0] Run work: WrokTrack
I1014 10:56:42.238981  4493 work_track.cpp:82] Frame: 62 build input_characts: [0.2625 x 0.605556 from (0.428125, 0.25)], 1.00019, 0
I1014 10:56:42.239039  4493 work_track.cpp:102] Succeeded to set track lock for frame 62
I1014 10:56:42.239078  4493 work_track.cpp:116] Succeeded to release track lock for frame 62
I1014 10:56:42.239094  4493 work_track.cpp:120] Track results of frame 62: 1 objects input, 1 objects tracked!
I1014 10:56:42.239110  4493 work_track.cpp:148] Frame: 62, track bbox: [168 x 218 from (270.623, 96.3113)], gid: 2, lid: 0
I1014 10:56:42.239146  4493 work_thread.hpp:88]  [T-Work-Detect_0] Frame :62 split
I1014 10:56:42.239164  4493 work_thread.hpp:120]  [T-Work-Detect_0] Valid piece: gid = 2
I1014 10:56:42.239182  4493 work_thread.hpp:92]  [T-Work-Detect_0] Push to split queue:recog
I1014 10:56:42.239238  4495 work_thread.hpp:81]  [T-Work-Recog_1] Run work: WorkCapture
I1014 10:56:42.239243  4496 thread_intergrate.hpp:78] [T-Intergrate-intergrate] queue: frame output frame :62
I1014 10:56:42.239269  4496 thread_intergrate.hpp:85] [T-Intergrate-intergrate] queue: compare output face:2
I1014 10:56:42.239286  4496 thread_intergrate.hpp:137] T-Intergrate-intergrate set matched face: 2
I1014 10:56:42.239825  4495 work_thread.hpp:81]  [T-Work-Recog_1] Run work: WorkRecog
I1014 10:56:42.239851  4495 work_recog.hpp:89] Face id: 2 will run recog: bbox [168 x 218 from (274, 90)] quality: 0.451212
I1014 10:56:42.239961  4495 work_recog.hpp:96] Recog pair: [240 x 312 from (240, 40)], [168 x 218 from (34, 50)]
I1014 10:56:42.240478  4496 thread_intergrate.hpp:157] T-Intergrate-intergrate Show face :2, size :640 * 360
I1014 10:56:42.241052  4492 demo_inner.hpp:435] thread [SORT-0]  frame id 62 sorting queue size 1   FPS: 20.0489
I1014 10:56:42.258060  4495 work_thread.hpp:81]  [T-Work-Recog_1] Run work: WorkCompare
I1014 10:56:42.258186  4495 work_compare.cpp:76] Compare face: 2 successed, similarity :0.983968, name : images/thanglmb.jpg, normal size : 640 * 360!
I1014 10:56:42.286135  4490 demo_inner.hpp:177] decode queue size 0
I1014 10:56:42.286275  4493 work_thread.hpp:81]  [T-Work-Detect_0] Run work: WorkDetect
I1014 10:56:42.286317  4493 work_detect.cpp:102] Succeeded to add det start for frame 63
I1014 10:56:42.289283  4491 demo_inner.hpp:260]  gui queue size 1, state = running
I1014 10:56:42.293985  4493 work_detect.cpp:70] Frame :63 detect result :1 face(s)
I1014 10:56:42.294041  4493 work_detect.cpp:86] Detected bbox: [170 x 219 from (276, 94)]
I1014 10:56:42.294086  4493 work_detect.cpp:120] Succeeded to add det end for frame 63
I1014 10:56:42.294103  4493 work_thread.hpp:81]  [T-Work-Detect_0] Run work: WrokTrack
I1014 10:56:42.294129  4493 work_track.cpp:82] Frame: 63 build input_characts: [0.265625 x 0.608333 from (0.43125, 0.261111)], 1.00019, 0
I1014 10:56:42.294185  4493 work_track.cpp:102] Succeeded to set track lock for frame 63
I1014 10:56:42.294225  4493 work_track.cpp:116] Succeeded to release track lock for frame 63
I1014 10:56:42.294240  4493 work_track.cpp:120] Track results of frame 63: 1 objects input, 1 objects tracked!
I1014 10:56:42.294258  4493 work_track.cpp:148] Frame: 63, track bbox: [170 x 219 from (272.677, 95.1696)], gid: 2, lid: 0
I1014 10:56:42.294294  4493 work_thread.hpp:88]  [T-Work-Detect_0] Frame :63 split
I1014 10:56:42.294312  4493 work_thread.hpp:120]  [T-Work-Detect_0] Valid piece: gid = 2
I1014 10:56:42.294404  4493 work_thread.hpp:92]  [T-Work-Detect_0] Push to split queue:recog
I1014 10:56:42.294462  4494 work_thread.hpp:81]  [T-Work-Recog_0] Run work: WorkCapture
I1014 10:56:42.294471  4496 thread_intergrate.hpp:78] [T-Intergrate-intergrate] queue: frame output frame :63
I1014 10:56:42.294576  4496 thread_intergrate.hpp:85] [T-Intergrate-intergrate] queue: compare output face:2
I1014 10:56:42.294595  4496 thread_intergrate.hpp:137] T-Intergrate-intergrate set matched face: 2
I1014 10:56:42.295039  4494 work_thread.hpp:81]  [T-Work-Recog_0] Run work: WorkRecog
I1014 10:56:42.295063  4494 work_recog.hpp:89] Face id: 2 will run recog: bbox [170 x 219 from (276, 94)] quality: 0.431977
I1014 10:56:42.295094  4494 work_recog.hpp:96] Recog pair: [240 x 312 from (240, 48)], [170 x 219 from (36, 46)]
I1014 10:56:42.295819  4496 thread_intergrate.hpp:157] T-Intergrate-intergrate Show face :2, size :640 * 360
I1014 10:56:42.296331  4492 demo_inner.hpp:435] thread [SORT-0]  frame id 63 sorting queue size 0   FPS: 19.9708
I1014 10:56:42.312692  4494 work_thread.hpp:81]  [T-Work-Recog_0] Run work: WorkCompare
I1014 10:56:42.312798  4494 work_compare.cpp:76] Compare face: 2 successed, similarity :0.993923, name : images/thanglmb.jpg, normal size : 640 * 360!
I1014 10:56:42.333887  4490 demo_inner.hpp:177] decode queue size 0
I1014 10:56:42.333998  4493 work_thread.hpp:81]  [T-Work-Detect_0] Run work: WorkDetect
I1014 10:56:42.334034  4493 work_detect.cpp:102] Succeeded to add det start for frame 64
I1014 10:56:42.340934  4493 work_detect.cpp:70] Frame :64 detect result :1 face(s)
I1014 10:56:42.340981  4493 work_detect.cpp:86] Detected bbox: [190 x 241 from (255, 86)]
I1014 10:56:42.341024  4493 work_detect.cpp:120] Succeeded to add det end for frame 64
I1014 10:56:42.341040  4493 work_thread.hpp:81]  [T-Work-Detect_0] Run work: WrokTrack
I1014 10:56:42.341066  4493 work_track.cpp:82] Frame: 64 build input_characts: [0.296875 x 0.669444 from (0.398438, 0.238889)], 1.00035, 0
I1014 10:56:42.341123  4493 work_track.cpp:102] Succeeded to set track lock for frame 64
