I1012 13:47:59.725379  6908 demo_inner.hpp:435] thread [SORT-0]  frame id 21 sorting queue size 0   FPS: 12.21
I1012 13:47:59.725445  6907 demo_inner.hpp:260]  gui queue size 0, state = running
I1012 13:47:59.741302  6910 work_thread.hpp:81]  [T-Work-Recog_0] Run work: WorkCompare
I1012 13:47:59.741412  6910 work_compare.cpp:76] Compare face: 0 successed, similarity :0.956879, name : images/thanglmb.jpg, normal size : 640 * 360!
I1012 13:47:59.860088  6906 demo_inner.hpp:177] decode queue size 0
I1012 13:47:59.860186  6909 work_thread.hpp:81]  [T-Work-Detect_0] Run work: WorkDetect
I1012 13:47:59.860222  6909 work_detect.cpp:102] Succeeded to add det start for frame 22
I1012 13:47:59.866792  6909 work_detect.cpp:70] Frame :22 detect result :1 face(s)
I1012 13:47:59.866823  6909 work_detect.cpp:86] Detected bbox: [132 x 179 from (303, 134)]
I1012 13:47:59.866864  6909 work_detect.cpp:120] Succeeded to add det end for frame 22
I1012 13:47:59.866880  6909 work_thread.hpp:81]  [T-Work-Detect_0] Run work: WrokTrack
I1012 13:47:59.866904  6909 work_track.cpp:82] Frame: 22 build input_characts: [0.20625 x 0.497222 from (0.473437, 0.372222)], 0.999622, 0
I1012 13:47:59.866958  6909 work_track.cpp:102] Succeeded to set track lock for frame 22
I1012 13:47:59.866998  6909 work_track.cpp:116] Succeeded to release track lock for frame 22
I1012 13:47:59.867012  6909 work_track.cpp:120] Track results of frame 22: 1 objects input, 1 objects tracked!
I1012 13:47:59.867030  6909 work_track.cpp:148] Frame: 22, track bbox: [132 x 179 from (304.789, 139.168)], gid: 0, lid: 0
I1012 13:47:59.867066  6909 work_thread.hpp:88]  [T-Work-Detect_0] Frame :22 split
I1012 13:47:59.867084  6909 work_thread.hpp:120]  [T-Work-Detect_0] Valid piece: gid = 0
I1012 13:47:59.867101  6909 work_thread.hpp:92]  [T-Work-Detect_0] Push to split queue:recog
I1012 13:47:59.867146  6910 work_thread.hpp:81]  [T-Work-Recog_0] Run work: WorkCapture
I1012 13:47:59.867426  6912 thread_intergrate.hpp:78] [T-Intergrate-intergrate] queue: frame output frame :22
I1012 13:47:59.867453  6912 thread_intergrate.hpp:85] [T-Intergrate-intergrate] queue: compare output face:0
I1012 13:47:59.867471  6912 thread_intergrate.hpp:134] T-Intergrate-intergrate set matched face: 0
I1012 13:47:59.867669  6910 work_thread.hpp:81]  [T-Work-Recog_0] Run work: WorkRecog
I1012 13:47:59.867692  6910 work_recog.hpp:89] Face id: 0 will run recog: bbox [132 x 179 from (303, 134)] quality: 0.728592
I1012 13:47:59.867719  6910 work_recog.hpp:96] Recog pair: [192 x 256 from (272, 96)], [132 x 179 from (31, 38)]
I1012 13:47:59.868651  6912 thread_intergrate.hpp:154] T-Intergrate-intergrate Show face :0, size :640 * 360
I1012 13:47:59.869086  6908 demo_inner.hpp:435] thread [SORT-0]  frame id 22 sorting queue size 0   FPS: 11.7845
I1012 13:47:59.869158  6907 demo_inner.hpp:260]  gui queue size 0, state = running
I1012 13:47:59.885180  6910 work_thread.hpp:81]  [T-Work-Recog_0] Run work: WorkCompare
I1012 13:47:59.885293  6910 work_compare.cpp:76] Compare face: 0 successed, similarity :0.926835, name : images/thanglmb.jpg, normal size : 640 * 360!
I1012 13:47:59.998102  6906 demo_inner.hpp:177] decode queue size 0
I1012 13:47:59.998203  6909 work_thread.hpp:81]  [T-Work-Detect_0] Run work: WorkDetect
I1012 13:47:59.998239  6909 work_detect.cpp:102] Succeeded to add det start for frame 23
I1012 13:48:00.004848  6909 work_detect.cpp:70] Frame :23 detect result :1 face(s)
I1012 13:48:00.004884  6909 work_detect.cpp:86] Detected bbox: [133 x 178 from (302, 134)]
I1012 13:48:00.004925  6909 work_detect.cpp:120] Succeeded to add det end for frame 23
I1012 13:48:00.005017  6909 work_thread.hpp:81]  [T-Work-Detect_0] Run work: WrokTrack
I1012 13:48:00.005043  6909 work_track.cpp:82] Frame: 23 build input_characts: [0.207813 x 0.494444 from (0.471875, 0.372222)], 1.00019, 0
I1012 13:48:00.005100  6909 work_track.cpp:102] Succeeded to set track lock for frame 23
I1012 13:48:00.005139  6909 work_track.cpp:116] Succeeded to release track lock for frame 23
I1012 13:48:00.005154  6909 work_track.cpp:120] Track results of frame 23: 1 objects input, 1 objects tracked!
I1012 13:48:00.005172  6909 work_track.cpp:148] Frame: 23, track bbox: [133 x 178 from (302.358, 134.966)], gid: 0, lid: 0
I1012 13:48:00.005208  6909 work_thread.hpp:88]  [T-Work-Detect_0] Frame :23 split
I1012 13:48:00.005226  6909 work_thread.hpp:120]  [T-Work-Detect_0] Valid piece: gid = 0
I1012 13:48:00.005244  6909 work_thread.hpp:92]  [T-Work-Detect_0] Push to split queue:recog
I1012 13:48:00.005290  6910 work_thread.hpp:81]  [T-Work-Recog_0] Run work: WorkCapture
I1012 13:48:00.005573  6912 thread_intergrate.hpp:78] [T-Intergrate-intergrate] queue: frame output frame :23
I1012 13:48:00.005599  6912 thread_intergrate.hpp:85] [T-Intergrate-intergrate] queue: compare output face:0
I1012 13:48:00.005617  6912 thread_intergrate.hpp:134] T-Intergrate-intergrate set matched face: 0
I1012 13:48:00.005815  6910 work_thread.hpp:81]  [T-Work-Recog_0] Run work: WorkRecog
I1012 13:48:00.005838  6910 work_recog.hpp:89] Face id: 0 will run recog: bbox [133 x 178 from (302, 134)] quality: 0.676085
I1012 13:48:00.005865  6910 work_recog.hpp:96] Recog pair: [192 x 256 from (272, 96)], [133 x 178 from (30, 38)]
I1012 13:48:00.006773  6912 thread_intergrate.hpp:154] T-Intergrate-intergrate Show face :0, size :640 * 360
I1012 13:48:00.007233  6908 demo_inner.hpp:435] thread [SORT-0]  frame id 23 sorting queue size 0   FPS: 11.4583
I1012 13:48:00.007302  6907 demo_inner.hpp:260]  gui queue size 0, state = running
I1012 13:48:00.023321  6910 work_thread.hpp:81]  [T-Work-Recog_0] Run work: WorkCompare
I1012 13:48:00.023437  6910 work_compare.cpp:76] Compare face: 0 successed, similarity :0.92273, name : images/thanglmb.jpg, normal size : 640 * 360!
I1012 13:48:00.136096  6906 demo_inner.hpp:177] decode queue size 0
I1012 13:48:00.136200  6909 work_thread.hpp:81]  [T-Work-Detect_0] Run work: WorkDetect
I1012 13:48:00.136237  6909 work_detect.cpp:102] Succeeded to add det start for frame 24
I1012 13:48:00.142843  6909 work_detect.cpp:70] Frame :24 detect result :1 face(s)
I1012 13:48:00.142879  6909 work_detect.cpp:86] Detected bbox: [128 x 175 from (307, 144)]
I1012 13:48:00.142918  6909 work_detect.cpp:120] Succeeded to add det end for frame 24
I1012 13:48:00.142935  6909 work_thread.hpp:81]  [T-Work-Detect_0] Run work: WrokTrack
I1012 13:48:00.142959  6909 work_track.cpp:82] Frame: 24 build input_characts: [0.2 x 0.486111 from (0.479688, 0.4)], 1.00019, 0
I1012 13:48:00.143014  6909 work_track.cpp:102] Succeeded to set track lock for frame 24
I1012 13:48:00.143054  6909 work_track.cpp:116] Succeeded to release track lock for frame 24
I1012 13:48:00.143067  6909 work_track.cpp:120] Track results of frame 24: 1 objects input, 1 objects tracked!
I1012 13:48:00.143085  6909 work_track.cpp:148] Frame: 24, track bbox: [128 x 175 from (305.391, 138.972)], gid: 0, lid: 0
I1012 13:48:00.143121  6909 work_thread.hpp:88]  [T-Work-Detect_0] Frame :24 split
I1012 13:48:00.143141  6909 work_thread.hpp:120]  [T-Work-Detect_0] Valid piece: gid = 0
I1012 13:48:00.143158  6909 work_thread.hpp:92]  [T-Work-Detect_0] Push to split queue:recog
I1012 13:48:00.143209  6910 work_thread.hpp:81]  [T-Work-Recog_0] Run work: WorkCapture
I1012 13:48:00.143489  6912 thread_intergrate.hpp:78] [T-Intergrate-intergrate] queue: frame output frame :24
I1012 13:48:00.143515  6912 thread_intergrate.hpp:85] [T-Intergrate-intergrate] queue: compare output face:0
I1012 13:48:00.143534  6912 thread_intergrate.hpp:134] T-Intergrate-intergrate set matched face: 0
I1012 13:48:00.143735  6910 work_thread.hpp:81]  [T-Work-Recog_0] Run work: WorkRecog
I1012 13:48:00.143836  6910 work_recog.hpp:89] Face id: 0 will run recog: bbox [128 x 175 from (307, 144)] quality: 0.650007
I1012 13:48:00.143865  6910 work_recog.hpp:96] Recog pair: [184 x 256 from (280, 104)], [128 x 175 from (27, 40)]
I1012 13:48:00.144713  6912 thread_intergrate.hpp:154] T-Intergrate-intergrate Show face :0, size :640 * 360
I1012 13:48:00.145192  6908 demo_inner.hpp:435] thread [SORT-0]  frame id 24 sorting queue size 0   FPS: 11.1759
I1012 13:48:00.145264  6907 demo_inner.hpp:260]  gui queue size 0, state = running
I1012 13:48:00.161340  6910 work_thread.hpp:81]  [T-Work-Recog_0] Run work: WorkCompare
I1012 13:48:00.161451  6910 work_compare.cpp:76] Compare face: 0 successed, similarity :0.886811, name : images/thanglmb.jpg, normal size : 640 * 360!
I1012 13:48:00.279978  6906 demo_inner.hpp:177] decode queue size 0
I1012 13:48:00.280076  6909 work_thread.hpp:81]  [T-Work-Detect_0] Run work: WorkDetect
I1012 13:48:00.280112  6909 work_detect.cpp:102] Succeeded to add det start for frame 25
I1012 13:48:00.286722  6909 work_detect.cpp:70] Frame :25 detect result :1 face(s)
I1012 13:48:00.286758  6909 work_detect.cpp:86] Detected bbox: [131 x 178 from (302, 134)]
I1012 13:48:00.286798  6909 work_detect.cpp:120] Succeeded to add det end for frame 25
I1012 13:48:00.286813  6909 work_thread.hpp:81]  [T-Work-Detect_0] Run work: WrokTrack
I1012 13:48:00.286837  6909 work_track.cpp:82] Frame: 25 build input_characts: [0.204688 x 0.494444 from (0.471875, 0.372222)], 0.999622, 0
I1012 13:48:00.286892  6909 work_track.cpp:102] Succeeded to set track lock for frame 25
I1012 13:48:00.286931  6909 work_track.cpp:116] Succeeded to release track lock for frame 25
I1012 13:48:00.286947  6909 work_track.cpp:120] Track results of frame 25: 1 objects input, 1 objects tracked!
I1012 13:48:00.286963  6909 work_track.cpp:148] Frame: 25, track bbox: [131 x 178 from (302.742, 135.196)], gid: 0, lid: 0
I1012 13:48:00.286998  6909 work_thread.hpp:88]  [T-Work-Detect_0] Frame :25 split
I1012 13:48:00.287016  6909 work_thread.hpp:120]  [T-Work-Detect_0] Valid piece: gid = 0
I1012 13:48:00.287034  6909 work_thread.hpp:92]  [T-Work-Detect_0] Push to split queue:recog
I1012 13:48:00.287076  6910 work_thread.hpp:81]  [T-Work-Recog_0] Run work: WorkCapture
I1012 13:48:00.287354  6912 thread_intergrate.hpp:78] [T-Intergrate-intergrate] queue: frame output frame :25
I1012 13:48:00.287379  6912 thread_intergrate.hpp:85] [T-Intergrate-intergrate] queue: compare output face:0
I1012 13:48:00.287397  6912 thread_intergrate.hpp:134] T-Intergrate-intergrate set matched face: 0
I1012 13:48:00.287598  6910 work_thread.hpp:81]  [T-Work-Recog_0] Run work: WorkRecog
I1012 13:48:00.287621  6910 work_recog.hpp:89] Face id: 0 will run recog: bbox [131 x 178 from (302, 134)] quality: 0.703755
I1012 13:48:00.287647  6910 work_recog.hpp:96] Recog pair: [192 x 256 from (272, 96)], [131 x 178 from (30, 38)]
I1012 13:48:00.288575  6912 thread_intergrate.hpp:154] T-Intergrate-intergrate Show face :0, size :640 * 360
I1012 13:48:00.289119  6908 demo_inner.hpp:435] thread [SORT-0]  frame id 25 sorting queue size 0   FPS: 10.6828
I1012 13:48:00.289187  6907 demo_inner.hpp:260]  gui queue size 0, state = running
I1012 13:48:00.305084  6910 work_thread.hpp:81]  [T-Work-Recog_0] Run work: WorkCompare
I1012 13:48:00.305197  6910 work_compare.cpp:76] Compare face: 0 successed, similarity :0.953827, name : images/thanglmb.jpg, normal size : 640 * 360!
I1012 13:48:00.418010  6906 demo_inner.hpp:177] decode queue size 0
I1012 13:48:00.418112  6909 work_thread.hpp:81]  [T-Work-Detect_0] Run work: WorkDetect
I1012 13:48:00.418148  6909 work_detect.cpp:102] Succeeded to add det start for frame 26
I1012 13:48:00.424719  6909 work_detect.cpp:70] Frame :26 detect result :1 face(s)
I1012 13:48:00.424751  6909 work_detect.cpp:86] Detected bbox: [127 x 174 from (307, 145)]
I1012 13:48:00.424793  6909 work_detect.cpp:120] Succeeded to add det end for frame 26
I1012 13:48:00.424809  6909 work_thread.hpp:81]  [T-Work-Detect_0] Run work: WrokTrack
I1012 13:48:00.424834  6909 work_track.cpp:82] Frame: 26 build input_characts: [0.198437 x 0.483333 from (0.479688, 0.402778)], 0.999622, 0
I1012 13:48:00.424966  6909 work_track.cpp:102] Succeeded to set track lock for frame 26
I1012 13:48:00.425009  6909 work_track.cpp:116] Succeeded to release track lock for frame 26
I1012 13:48:00.425024  6909 work_track.cpp:120] Track results of frame 26: 1 objects input, 1 objects tracked!
I1012 13:48:00.425041  6909 work_track.cpp:148] Frame: 26, track bbox: [127 x 174 from (305.65, 141.198)], gid: 0, lid: 0
I1012 13:48:00.425077  6909 work_thread.hpp:88]  [T-Work-Detect_0] Frame :26 split
I1012 13:48:00.425096  6909 work_thread.hpp:120]  [T-Work-Detect_0] Valid piece: gid = 0
I1012 13:48:00.425114  6909 work_thread.hpp:92]  [T-Work-Detect_0] Push to split queue:recog
I1012 13:48:00.425166  6910 work_thread.hpp:81]  [T-Work-Recog_0] Run work: WorkCapture
I1012 13:48:00.425446  6912 thread_intergrate.hpp:78] [T-Intergrate-intergrate] queue: frame output frame :26
I1012 13:48:00.425472  6912 thread_intergrate.hpp:85] [T-Intergrate-intergrate] queue: compare output face:0
I1012 13:48:00.425490  6912 thread_intergrate.hpp:134] T-Intergrate-intergrate set matched face: 0
I1012 13:48:00.425690  6910 work_thread.hpp:81]  [T-Work-Recog_0] Run work: WorkRecog
I1012 13:48:00.425714  6910 work_recog.hpp:89] Face id: 0 will run recog: bbox [127 x 174 from (307, 145)] quality: 0.591044
I1012 13:48:00.425740  6910 work_recog.hpp:96] Recog pair: [184 x 256 from (280, 104)], [127 x 174 from (27, 41)]
I1012 13:48:00.426651  6912 thread_intergrate.hpp:154] T-Intergrate-intergrate Show face :0, size :640 * 360
I1012 13:48:00.427096  6908 demo_inner.hpp:435] thread [SORT-0]  frame id 26 sorting queue size 0   FPS: 10.277
I1012 13:48:00.427168  6907 demo_inner.hpp:260]  gui queue size 0, state = running
I1012 13:48:00.443184  6910 work_thread.hpp:81]  [T-Work-Recog_0] Run work: WorkCompare
I1012 13:48:00.443293  6910 work_compare.cpp:76] Compare face: 0 successed, similarity :0.933474, name : images/thanglmb.jpg, normal size : 640 * 360!
I1012 13:48:00.556082  6906 demo_inner.hpp:177] decode queue size 0
I1012 13:48:00.556180  6909 work_thread.hpp:81]  [T-Work-Detect_0] Run work: WorkDetect
I1012 13:48:00.556218  6909 work_detect.cpp:102] Succeeded to add det start for frame 27
I1012 13:48:00.562795  6909 work_detect.cpp:70] Frame :27 detect result :1 face(s)
I1012 13:48:00.562834  6909 work_detect.cpp:86] Detected bbox: [125 x 173 from (309, 145)]
I1012 13:48:00.562875  6909 work_detect.cpp:120] Succeeded to add det end for frame 27
I1012 13:48:00.562891  6909 work_thread.hpp:81]  [T-Work-Detect_0] Run work: WrokTrack
I1012 13:48:00.562913  6909 work_track.cpp:82] Frame: 27 build input_characts: [0.195312 x 0.480556 from (0.482812, 0.402778)], 0.997328, 0
I1012 13:48:00.562968  6909 work_track.cpp:102] Succeeded to set track lock for frame 27
I1012 13:48:00.563007  6909 work_track.cpp:116] Succeeded to release track lock for frame 27
I1012 13:48:00.563022  6909 work_track.cpp:120] Track results of frame 27: 1 objects input, 1 objects tracked!
I1012 13:48:00.563040  6909 work_track.cpp:148] Frame: 27, track bbox: [125 x 173 from (308.227, 145.088)], gid: 0, lid: 0
I1012 13:48:00.563076  6909 work_thread.hpp:88]  [T-Work-Detect_0] Frame :27 split
I1012 13:48:00.563094  6909 work_thread.hpp:120]  [T-Work-Detect_0] Valid piece: gid = 0
I1012 13:48:00.563112  6909 work_thread.hpp:92]  [T-Work-Detect_0] Push to split queue:recog
I1012 13:48:00.563159  6910 work_thread.hpp:81]  [T-Work-Recog_0] Run work: WorkCapture
I1012 13:48:00.563441  6912 thread_intergrate.hpp:78] [T-Intergrate-intergrate] queue: frame output frame :27
I1012 13:48:00.563465  6912 thread_intergrate.hpp:85] [T-Intergrate-intergrate] queue: compare output face:0
I1012 13:48:00.563483  6912 thread_intergrate.hpp:134] T-Intergrate-intergrate set matched face: 0
I1012 13:48:00.563685  6910 work_thread.hpp:81]  [T-Work-Recog_0] Run work: WorkRecog
I1012 13:48:00.563709  6910 work_recog.hpp:89] Face id: 0 will run recog: bbox [125 x 173 from (309, 145)] quality: 0.410116
I1012 13:48:00.563817  6910 work_recog.hpp:96] Recog pair: [184 x 248 from (280, 104)], [125 x 173 from (29, 41)]
I1012 13:48:00.564658  6912 thread_intergrate.hpp:154] T-Intergrate-intergrate Show face :0, size :640 * 360
I1012 13:48:00.565160  6908 demo_inner.hpp:435] thread [SORT-0]  frame id 27 sorting queue size 0   FPS: 9.87548
I1012 13:48:00.565222  6907 demo_inner.hpp:260]  gui queue size 0, state = running
I1012 13:48:00.581264  6910 work_thread.hpp:81]  [T-Work-Recog_0] Run work: WorkCompare
I1012 13:48:00.581377  6910 work_compare.cpp:76] Compare face: 0 successed, similarity :0.935863, name : images/thanglmb.jpg, normal size : 640 * 360!
I1012 13:48:00.699951  6906 demo_inner.hpp:177] decode queue size 0
I1012 13:48:00.700050  6909 work_thread.hpp:81]  [T-Work-Detect_0] Run work: WorkDetect
I1012 13:48:00.700088  6909 work_detect.cpp:102] Succeeded to add det start for frame 28
I1012 13:48:00.706658  6909 work_detect.cpp:70] Frame :28 detect result :1 face(s)
I1012 13:48:00.706691  6909 work_detect.cpp:86] Detected bbox: [131 x 177 from (303, 134)]
I1012 13:48:00.706732  6909 work_detect.cpp:120] Succeeded to add det end for frame 28
I1012 13:48:00.706748  6909 work_thread.hpp:81]  [T-Work-Detect_0] Run work: WrokTrack
I1012 13:48:00.706771  6909 work_track.cpp:82] Frame: 28 build input_characts: [0.204688 x 0.491667 from (0.473437, 0.372222)], 0.999622, 0
I1012 13:48:00.706827  6909 work_track.cpp:102] Succeeded to set track lock for frame 28
I1012 13:48:00.706866  6909 work_track.cpp:116] Succeeded to release track lock for frame 28
I1012 13:48:00.706881  6909 work_track.cpp:120] Track results of frame 28: 1 objects input, 1 objects tracked!
I1012 13:48:00.706897  6909 work_track.cpp:148] Frame: 28, track bbox: [131 x 177 from (304.39, 139.207)], gid: 0, lid: 0
I1012 13:48:00.706933  6909 work_thread.hpp:88]  [T-Work-Detect_0] Frame :28 split
I1012 13:48:00.706951  6909 work_thread.hpp:120]  [T-Work-Detect_0] Valid piece: gid = 0
I1012 13:48:00.706969  6909 work_thread.hpp:92]  [T-Work-Detect_0] Push to split queue:recog
I1012 13:48:00.707017  6911 work_thread.hpp:81]  [T-Work-Recog_1] Run work: WorkCapture
I1012 13:48:00.707294  6912 thread_intergrate.hpp:78] [T-Intergrate-intergrate] queue: frame output frame :28
I1012 13:48:00.707320  6912 thread_intergrate.hpp:85] [T-Intergrate-intergrate] queue: compare output face:0
I1012 13:48:00.707338  6912 thread_intergrate.hpp:134] T-Intergrate-intergrate set matched face: 0
I1012 13:48:00.707538  6911 work_thread.hpp:81]  [T-Work-Recog_1] Run work: WorkRecog
I1012 13:48:00.707561  6911 work_recog.hpp:89] Face id: 0 will run recog: bbox [131 x 177 from (303, 134)] quality: 0.559095
I1012 13:48:00.707588  6911 work_recog.hpp:96] Recog pair: [192 x 256 from (272, 96)], [131 x 177 from (31, 38)]
I1012 13:48:00.708508  6912 thread_intergrate.hpp:154] T-Intergrate-intergrate Show face :0, size :640 * 360
I1012 13:48:00.709009  6908 demo_inner.hpp:435] thread [SORT-0]  frame id 28 sorting queue size 0   FPS: 9.49236
I1012 13:48:00.709080  6907 demo_inner.hpp:260]  gui queue size 0, state = running
I1012 13:48:00.725003  6911 work_thread.hpp:81]  [T-Work-Recog_1] Run work: WorkCompare
I1012 13:48:00.725113  6911 work_compare.cpp:76] Compare face: 0 successed, similarity :0.944648, name : images/thanglmb.jpg, normal size : 640 * 360!
I1012 13:48:00.838038  6906 demo_inner.hpp:177] decode queue size 0
I1012 13:48:00.838137  6909 work_thread.hpp:81]  [T-Work-Detect_0] Run work: WorkDetect
I1012 13:48:00.838174  6909 work_detect.cpp:102] Succeeded to add det start for frame 29
I1012 13:48:00.844781  6909 work_detect.cpp:70] Frame :29 detect result :1 face(s)
I1012 13:48:00.844820  6909 work_detect.cpp:86] Detected bbox: [130 x 178 from (304, 134)]
I1012 13:48:00.844861  6909 work_detect.cpp:120] Succeeded to add det end for frame 29
I1012 13:48:00.844877  6909 work_thread.hpp:81]  [T-Work-Detect_0] Run work: WrokTrack
I1012 13:48:00.844902  6909 work_track.cpp:82] Frame: 29 build input_characts: [0.203125 x 0.494444 from (0.475, 0.372222)], 0.999622, 0
I1012 13:48:00.845042  6909 work_track.cpp:102] Succeeded to set track lock for frame 29
I1012 13:48:00.845083  6909 work_track.cpp:116] Succeeded to release track lock for frame 29
I1012 13:48:00.845098  6909 work_track.cpp:120] Track results of frame 29: 1 objects input, 1 objects tracked!
I1012 13:48:00.845116  6909 work_track.cpp:148] Frame: 29, track bbox: [130 x 178 from (304.226, 135.078)], gid: 0, lid: 0
I1012 13:48:00.845154  6909 work_thread.hpp:88]  [T-Work-Detect_0] Frame :29 split
I1012 13:48:00.845171  6909 work_thread.hpp:120]  [T-Work-Detect_0] Valid piece: gid = 0
I1012 13:48:00.845189  6909 work_thread.hpp:92]  [T-Work-Detect_0] Push to split queue:recog
I1012 13:48:00.845237  6911 work_thread.hpp:81]  [T-Work-Recog_1] Run work: WorkCapture
I1012 13:48:00.845525  6912 thread_intergrate.hpp:78] [T-Intergrate-intergrate] queue: frame output frame :29
I1012 13:48:00.845552  6912 thread_intergrate.hpp:85] [T-Intergrate-intergrate] queue: compare output face:0
I1012 13:48:00.845571  6912 thread_intergrate.hpp:134] T-Intergrate-intergrate set matched face: 0
I1012 13:48:00.845768  6911 work_thread.hpp:81]  [T-Work-Recog_1] Run work: WorkRecog
I1012 13:48:00.845793  6911 work_recog.hpp:89] Face id: 0 will run recog: bbox [130 x 178 from (304, 134)] quality: 0.649396
I1012 13:48:00.845819  6911 work_recog.hpp:96] Recog pair: [192 x 256 from (272, 96)], [130 x 178 from (32, 38)]
I1012 13:48:00.846731  6912 thread_intergrate.hpp:154] T-Intergrate-intergrate Show face :0, size :640 * 360
I1012 13:48:00.847190  6908 demo_inner.hpp:435] thread [SORT-0]  frame id 29 sorting queue size 0   FPS: 9.17065
I1012 13:48:00.847260  6907 demo_inner.hpp:260]  gui queue size 0, state = running
I1012 13:48:00.863276  6911 work_thread.hpp:81]  [T-Work-Recog_1] Run work: WorkCompare
I1012 13:48:00.863386  6911 work_compare.cpp:76] Compare face: 0 successed, similarity :0.949596, name : images/thanglmb.jpg, normal size : 640 * 360!
I1012 13:48:00.976099  6906 demo_inner.hpp:177] decode queue size 0
I1012 13:48:00.976197  6909 work_thread.hpp:81]  [T-Work-Detect_0] Run work: WorkDetect
I1012 13:48:00.976233  6909 work_detect.cpp:102] Succeeded to add det start for frame 30
I1012 13:48:00.982846  6909 work_detect.cpp:70] Frame :30 detect result :1 face(s)
I1012 13:48:00.982882  6909 work_detect.cpp:86] Detected bbox: [133 x 180 from (302, 134)]
I1012 13:48:00.982923  6909 work_detect.cpp:120] Succeeded to add det end for frame 30
I1012 13:48:00.982939  6909 work_thread.hpp:81]  [T-Work-Detect_0] Run work: WrokTrack
I1012 13:48:00.982964  6909 work_track.cpp:82] Frame: 30 build input_characts: [0.207813 x 0.5 from (0.471875, 0.372222)], 1.00019, 0
I1012 13:48:00.983017  6909 work_track.cpp:102] Succeeded to set track lock for frame 30
I1012 13:48:00.983057  6909 work_track.cpp:116] Succeeded to release track lock for frame 30
I1012 13:48:00.983072  6909 work_track.cpp:120] Track results of frame 30: 1 objects input, 1 objects tracked!
I1012 13:48:00.983090  6909 work_track.cpp:148] Frame: 30, track bbox: [133 x 180 from (302.595, 133.782)], gid: 0, lid: 0
I1012 13:48:00.983127  6909 work_thread.hpp:88]  [T-Work-Detect_0] Frame :30 split
I1012 13:48:00.983145  6909 work_thread.hpp:120]  [T-Work-Detect_0] Valid piece: gid = 0
I1012 13:48:00.983163  6909 work_thread.hpp:92]  [T-Work-Detect_0] Push to split queue:recog
I1012 13:48:00.983214  6911 work_thread.hpp:81]  [T-Work-Recog_1] Run work: WorkCapture
I1012 13:48:00.983497  6912 thread_intergrate.hpp:78] [T-Intergrate-intergrate] queue: frame output frame :30
I1012 13:48:00.983523  6912 thread_intergrate.hpp:85] [T-Intergrate-intergrate] queue: compare output face:0
I1012 13:48:00.983542  6912 thread_intergrate.hpp:134] T-Intergrate-intergrate set matched face: 0
I1012 13:48:00.983738  6911 work_thread.hpp:81]  [T-Work-Recog_1] Run work: WorkRecog
I1012 13:48:00.983762  6911 work_recog.hpp:89] Face id: 0 will run recog: bbox [133 x 180 from (302, 134)] quality: 0.649396
I1012 13:48:00.983788  6911 work_recog.hpp:96] Recog pair: [192 x 256 from (272, 96)], [133 x 180 from (30, 38)]
I1012 13:48:00.984714  6912 thread_intergrate.hpp:154] T-Intergrate-intergrate Show face :0, size :640 * 360
I1012 13:48:00.985339  6908 demo_inner.hpp:435] thread [SORT-0]  frame id 30 sorting queue size 0   FPS: 8.85978
I1012 13:48:00.985409  6907 demo_inner.hpp:260]  gui queue size 0, state = running
I1012 13:48:01.001240  6911 work_thread.hpp:81]  [T-Work-Recog_1] Run work: WorkCompare
I1012 13:48:01.001358  6911 work_compare.cpp:76] Compare face: 0 successed, similarity :0.962927, name : images/thanglmb.jpg, normal size : 640 * 360!
I1012 13:48:01.120041  6906 demo_inner.hpp:177] decode queue size 0
I1012 13:48:01.120143  6909 work_thread.hpp:81]  [T-Work-Detect_0] Run work: WorkDetect
I1012 13:48:01.120182  6909 work_detect.cpp:102] Succeeded to add det start for frame 31
I1012 13:48:01.126763  6909 work_detect.cpp:70] Frame :31 detect result :1 face(s)
I1012 13:48:01.126799  6909 work_detect.cpp:86] Detected bbox: [133 x 179 from (301, 134)]
I1012 13:48:01.126839  6909 work_detect.cpp:120] Succeeded to add det end for frame 31
I1012 13:48:01.126857  6909 work_thread.hpp:81]  [T-Work-Detect_0] Run work: WrokTrack
I1012 13:48:01.126879  6909 work_track.cpp:82] Frame: 31 build input_characts: [0.207813 x 0.497222 from (0.470313, 0.372222)], 1.00019, 0
I1012 13:48:01.126935  6909 work_track.cpp:102] Succeeded to set track lock for frame 31
I1012 13:48:01.126973  6909 work_track.cpp:116] Succeeded to release track lock for frame 31
I1012 13:48:01.126988  6909 work_track.cpp:120] Track results of frame 31: 1 objects input, 1 objects tracked!
I1012 13:48:01.127007  6909 work_track.cpp:148] Frame: 31, track bbox: [133 x 179 from (301.068, 131.977)], gid: 0, lid: 0
I1012 13:48:01.127043  6909 work_thread.hpp:88]  [T-Work-Detect_0] Frame :31 split
I1012 13:48:01.127060  6909 work_thread.hpp:120]  [T-Work-Detect_0] Valid piece: gid = 0
I1012 13:48:01.127079  6909 work_thread.hpp:92]  [T-Work-Detect_0] Push to split queue:recog
I1012 13:48:01.127121  6911 work_thread.hpp:81]  [T-Work-Recog_1] Run work: WorkCapture
I1012 13:48:01.127400  6912 thread_intergrate.hpp:78] [T-Intergrate-intergrate] queue: frame output frame :31
I1012 13:48:01.127429  6912 thread_intergrate.hpp:85] [T-Intergrate-intergrate] queue: compare output face:0
I1012 13:48:01.127447  6912 thread_intergrate.hpp:134] T-Intergrate-intergrate set matched face: 0
I1012 13:48:01.127643  6911 work_thread.hpp:81]  [T-Work-Recog_1] Run work: WorkRecog
I1012 13:48:01.127666  6911 work_recog.hpp:89] Face id: 0 will run recog: bbox [133 x 179 from (301, 134)] quality: 0.418955
I1012 13:48:01.127692  6911 work_recog.hpp:96] Recog pair: [192 x 256 from (272, 96)], [133 x 179 from (29, 38)]
I1012 13:48:01.128623  6912 thread_intergrate.hpp:154] T-Intergrate-intergrate Show face :0, size :640 * 360
I1012 13:48:01.129192  6908 demo_inner.hpp:435] thread [SORT-0]  frame id 31 sorting queue size 0   FPS: 8.58209
I1012 13:48:01.129256  6907 demo_inner.hpp:260]  gui queue size 0, state = running
I1012 13:48:01.145104  6911 work_thread.hpp:81]  [T-Work-Recog_1] Run work: WorkCompare
I1012 13:48:01.145215  6911 work_compare.cpp:76] Compare face: 0 successed, similarity :0.972874, name : images/thanglmb.jpg, normal size : 640 * 360!
I1012 13:48:01.258105  6906 demo_inner.hpp:177] decode queue size 0
I1012 13:48:01.258209  6909 work_thread.hpp:81]  [T-Work-Detect_0] Run work: WorkDetect
I1012 13:48:01.258245  6909 work_detect.cpp:102] Succeeded to add det start for frame 32
I1012 13:48:01.264832  6909 work_detect.cpp:70] Frame :32 detect result :1 face(s)
I1012 13:48:01.264866  6909 work_detect.cpp:86] Detected bbox: [126 x 174 from (306, 142)]
I1012 13:48:01.264906  6909 work_detect.cpp:120] Succeeded to add det end for frame 32
I1012 13:48:01.264923  6909 work_thread.hpp:81]  [T-Work-Detect_0] Run work: WrokTrack
I1012 13:48:01.264947  6909 work_track.cpp:82] Frame: 32 build input_characts: [0.196875 x 0.483333 from (0.478125, 0.394444)], 0.999622, 0
I1012 13:48:01.265002  6909 work_track.cpp:102] Succeeded to set track lock for frame 32
I1012 13:48:01.265041  6909 work_track.cpp:116] Succeeded to release track lock for frame 32
I1012 13:48:01.265138  6909 work_track.cpp:120] Track results of frame 32: 1 objects input, 1 objects tracked!
I1012 13:48:01.265158  6909 work_track.cpp:148] Frame: 32, track bbox: [126 x 174 from (304.855, 137.968)], gid: 0, lid: 0
I1012 13:48:01.265195  6909 work_thread.hpp:88]  [T-Work-Detect_0] Frame :32 split
I1012 13:48:01.265213  6909 work_thread.hpp:120]  [T-Work-Detect_0] Valid piece: gid = 0
I1012 13:48:01.265233  6909 work_thread.hpp:92]  [T-Work-Detect_0] Push to split queue:recog
I1012 13:48:01.265283  6911 work_thread.hpp:81]  [T-Work-Recog_1] Run work: WorkCapture
I1012 13:48:01.265568  6912 thread_intergrate.hpp:78] [T-Intergrate-intergrate] queue: frame output frame :32
I1012 13:48:01.265594  6912 thread_intergrate.hpp:85] [T-Intergrate-intergrate] queue: compare output face:0
I1012 13:48:01.265612  6912 thread_intergrate.hpp:134] T-Intergrate-intergrate set matched face: 0
I1012 13:48:01.265810  6911 work_thread.hpp:81]  [T-Work-Recog_1] Run work: WorkRecog
I1012 13:48:01.265832  6911 work_recog.hpp:89] Face id: 0 will run recog: bbox [126 x 174 from (306, 142)] quality: 0.405444
I1012 13:48:01.265859  6911 work_recog.hpp:96] Recog pair: [184 x 248 from (280, 104)], [126 x 174 from (26, 38)]
I1012 13:48:01.266765  6912 thread_intergrate.hpp:154] T-Intergrate-intergrate Show face :0, size :640 * 360
I1012 13:48:01.267274  6908 demo_inner.hpp:435] thread [SORT-0]  frame id 32 sorting queue size 0   FPS: 8.33938
I1012 13:48:01.267346  6907 demo_inner.hpp:260]  gui queue size 0, state = running
I1012 13:48:01.283265  6911 work_thread.hpp:81]  [T-Work-Recog_1] Run work: WorkCompare
I1012 13:48:01.283376  6911 work_compare.cpp:76] Compare face: 0 successed, similarity :0.938995, name : images/thanglmb.jpg, normal size : 640 * 360!
I1012 13:48:01.396147  6906 demo_inner.hpp:177] decode queue size 0
I1012 13:48:01.396247  6909 work_thread.hpp:81]  [T-Work-Detect_0] Run work: WorkDetect
I1012 13:48:01.396284  6909 work_detect.cpp:102] Succeeded to add det start for frame 33
I1012 13:48:01.402884  6909 work_detect.cpp:70] Frame :33 detect result :1 face(s)
I1012 13:48:01.402920  6909 work_detect.cpp:86] Detected bbox: [130 x 176 from (304, 135)]
I1012 13:48:01.402961  6909 work_detect.cpp:120] Succeeded to add det end for frame 33
I1012 13:48:01.402977  6909 work_thread.hpp:81]  [T-Work-Detect_0] Run work: WrokTrack
I1012 13:48:01.403002  6909 work_track.cpp:82] Frame: 33 build input_characts: [0.203125 x 0.488889 from (0.475, 0.375)], 0.999622, 0
I1012 13:48:01.403056  6909 work_track.cpp:102] Succeeded to set track lock for frame 33
I1012 13:48:01.403095  6909 work_track.cpp:116] Succeeded to release track lock for frame 33
I1012 13:48:01.403110  6909 work_track.cpp:120] Track results of frame 33: 1 objects input, 1 objects tracked!
I1012 13:48:01.403126  6909 work_track.cpp:148] Frame: 33, track bbox: [130 x 176 from (303.713, 137.606)], gid: 0, lid: 0
I1012 13:48:01.403163  6909 work_thread.hpp:88]  [T-Work-Detect_0] Frame :33 split
I1012 13:48:01.403182  6909 work_thread.hpp:120]  [T-Work-Detect_0] Valid piece: gid = 0
I1012 13:48:01.403199  6909 work_thread.hpp:92]  [T-Work-Detect_0] Push to split queue:recog
I1012 13:48:01.403249  6911 work_thread.hpp:81]  [T-Work-Recog_1] Run work: WorkCapture
I1012 13:48:01.403532  6912 thread_intergrate.hpp:78] [T-Intergrate-intergrate] queue: frame output frame :33
I1012 13:48:01.403558  6912 thread_intergrate.hpp:85] [T-Intergrate-intergrate] queue: compare output face:0
I1012 13:48:01.403575  6912 thread_intergrate.hpp:134] T-Intergrate-intergrate set matched face: 0
I1012 13:48:01.403774  6911 work_thread.hpp:81]  [T-Work-Recog_1] Run work: WorkRecog
I1012 13:48:01.403797  6911 work_recog.hpp:89] Face id: 0 will run recog: bbox [130 x 176 from (304, 135)] quality: 0.413929
I1012 13:48:01.403825  6911 work_recog.hpp:96] Recog pair: [192 x 256 from (272, 96)], [130 x 176 from (32, 39)]
I1012 13:48:01.404748  6912 thread_intergrate.hpp:154] T-Intergrate-intergrate Show face :0, size :640 * 360
I1012 13:48:01.405177  6908 demo_inner.hpp:435] thread [SORT-0]  frame id 33 sorting queue size 0   FPS: 8.11001
I1012 13:48:01.405345  6907 demo_inner.hpp:260]  gui queue size 0, state = running
I1012 13:48:01.421260  6911 work_thread.hpp:81]  [T-Work-Recog_1] Run work: WorkCompare
I1012 13:48:01.421372  6911 work_compare.cpp:76] Compare face: 0 successed, similarity :0.961653, name : images/thanglmb.jpg, normal size : 640 * 360!
I1012 13:48:01.540071  6906 demo_inner.hpp:177] decode queue size 0
I1012 13:48:01.540169  6909 work_thread.hpp:81]  [T-Work-Detect_0] Run work: WorkDetect
I1012 13:48:01.540206  6909 work_detect.cpp:102] Succeeded to add det start for frame 34
I1012 13:48:01.546772  6909 work_detect.cpp:70] Frame :34 detect result :1 face(s)
I1012 13:48:01.546806  6909 work_detect.cpp:86] Detected bbox: [126 x 178 from (307, 141)]
I1012 13:48:01.546847  6909 work_detect.cpp:120] Succeeded to add det end for frame 34
I1012 13:48:01.546864  6909 work_thread.hpp:81]  [T-Work-Detect_0] Run work: WrokTrack
I1012 13:48:01.546887  6909 work_track.cpp:82] Frame: 34 build input_characts: [0.196875 x 0.494444 from (0.479688, 0.391667)], 1.00019, 0
I1012 13:48:01.546942  6909 work_track.cpp:102] Succeeded to set track lock for frame 34
I1012 13:48:01.546981  6909 work_track.cpp:116] Succeeded to release track lock for frame 34
I1012 13:48:01.546996  6909 work_track.cpp:120] Track results of frame 34: 1 objects input, 1 objects tracked!
I1012 13:48:01.547014  6909 work_track.cpp:148] Frame: 34, track bbox: [126 x 178 from (306.389, 139.108)], gid: 0, lid: 0
I1012 13:48:01.547050  6909 work_thread.hpp:88]  [T-Work-Detect_0] Frame :34 split
I1012 13:48:01.547068  6909 work_thread.hpp:120]  [T-Work-Detect_0] Valid piece: gid = 0
I1012 13:48:01.547086  6909 work_thread.hpp:92]  [T-Work-Detect_0] Push to split queue:recog
I1012 13:48:01.547127  6910 work_thread.hpp:81]  [T-Work-Recog_0] Run work: WorkCapture
I1012 13:48:01.547143  6912 thread_intergrate.hpp:78] [T-Intergrate-intergrate] queue: frame output frame :34
I1012 13:48:01.547168  6912 thread_intergrate.hpp:85] [T-Intergrate-intergrate] queue: compare output face:0
I1012 13:48:01.547186  6912 thread_intergrate.hpp:134] T-Intergrate-intergrate set matched face: 0
I1012 13:48:01.547660  6910 work_thread.hpp:81]  [T-Work-Recog_0] Run work: WorkRecog
I1012 13:48:01.547683  6910 work_recog.hpp:89] Face id: 0 will run recog: bbox [126 x 178 from (307, 141)] quality: 0.621946
I1012 13:48:01.547711  6910 work_recog.hpp:96] Recog pair: [184 x 256 from (280, 104)], [126 x 178 from (27, 37)]
I1012 13:48:01.548358  6912 thread_intergrate.hpp:154] T-Intergrate-intergrate Show face :0, size :640 * 360
I1012 13:48:01.548775  6908 demo_inner.hpp:435] thread [SORT-0]  frame id 34 sorting queue size 0   FPS: 7.87671
I1012 13:48:01.548838  6907 demo_inner.hpp:260]  gui queue size 0, state = running
I1012 13:48:01.565238  6910 work_thread.hpp:81]  [T-Work-Recog_0] Run work: WorkCompare
I1012 13:48:01.565356  6910 work_compare.cpp:76] Compare face: 0 successed, similarity :0.956239, name : images/thanglmb.jpg, normal size : 640 * 360!
I1012 13:48:01.678158  6906 demo_inner.hpp:177] decode queue size 0
I1012 13:48:01.678251  6909 work_thread.hpp:81]  [T-Work-Detect_0] Run work: WorkDetect
I1012 13:48:01.678288  6909 work_detect.cpp:102] Succeeded to add det start for frame 35
I1012 13:48:01.684893  6909 work_detect.cpp:70] Frame :35 detect result :2 face(s)
I1012 13:48:01.684924  6909 work_detect.cpp:86] Detected bbox: [130 x 180 from (304, 134)]
I1012 13:48:01.684957  6909 work_detect.cpp:86] Detected bbox: [63 x 92 from (534, 147)]
I1012 13:48:01.684985  6909 work_detect.cpp:120] Succeeded to add det end for frame 35
I1012 13:48:01.685001  6909 work_thread.hpp:81]  [T-Work-Detect_0] Run work: WrokTrack
I1012 13:48:01.685025  6909 work_track.cpp:82] Frame: 35 build input_characts: [0.203125 x 0.5 from (0.475, 0.372222)], 1.00019, 0
I1012 13:48:01.685077  6909 work_track.cpp:82] Frame: 35 build input_characts: [0.0984375 x 0.255556 from (0.834375, 0.408333)], 0.939474, 1
I1012 13:48:01.685118  6909 work_track.cpp:102] Succeeded to set track lock for frame 35
I1012 13:48:01.685243  6909 work_track.cpp:116] Succeeded to release track lock for frame 35
I1012 13:48:01.685261  6909 work_track.cpp:120] Track results of frame 35: 2 objects input, 1 objects tracked!
I1012 13:48:01.685278  6909 work_track.cpp:148] Frame: 35, track bbox: [130 x 180 from (304.531, 136.536)], gid: 0, lid: 0
I1012 13:48:01.685312  6909 work_track.cpp:162] Frame: 35 lid: 1 not tracked, will set invalid
I1012 13:48:01.685328  6909 work_thread.hpp:88]  [T-Work-Detect_0] Frame :35 split
I1012 13:48:01.685345  6909 work_thread.hpp:120]  [T-Work-Detect_0] Valid piece: gid = 0
I1012 13:48:01.685364  6909 work_thread.hpp:124]  [T-Work-Detect_0] Invalid piece: lid = 1, drop it
I1012 13:48:01.685379  6909 work_thread.hpp:92]  [T-Work-Detect_0] Push to split queue:recog
I1012 13:48:01.685428  6911 work_thread.hpp:81]  [T-Work-Recog_1] Run work: WorkCapture
I1012 13:48:01.685704  6912 thread_intergrate.hpp:78] [T-Intergrate-intergrate] queue: frame output frame :35
I1012 13:48:01.685729  6912 thread_intergrate.hpp:85] [T-Intergrate-intergrate] queue: compare output face:0
I1012 13:48:01.685747  6912 thread_intergrate.hpp:134] T-Intergrate-intergrate set matched face: 0
I1012 13:48:01.686904  6912 thread_intergrate.hpp:154] T-Intergrate-intergrate Show face :0, size :640 * 360
I1012 13:48:01.687067  6911 work_thread.hpp:81]  [T-Work-Recog_1] Run work: WorkRecog
I1012 13:48:01.687090  6911 work_recog.hpp:89] Face id: 0 will run recog: bbox [130 x 180 from (304, 134)] quality: 0.649396
I1012 13:48:01.687117  6911 work_recog.hpp:96] Recog pair: [192 x 256 from (272, 96)], [130 x 180 from (32, 38)]
I1012 13:48:01.687315  6908 demo_inner.hpp:435] thread [SORT-0]  frame id 35 sorting queue size 0   FPS: 7.67178
I1012 13:48:01.687377  6907 demo_inner.hpp:260]  gui queue size 0, state = running
I1012 13:48:01.704741  6911 work_thread.hpp:81]  [T-Work-Recog_1] Run work: WorkCompare
I1012 13:48:01.704851  6911 work_compare.cpp:76] Compare face: 0 successed, similarity :0.960537, name : images/thanglmb.jpg, normal size : 640 * 360!
I1012 13:48:01.816226  6906 demo_inner.hpp:177] decode queue size 0
I1012 13:48:01.816337  6909 work_thread.hpp:81]  [T-Work-Detect_0] Run work: WorkDetect
I1012 13:48:01.816371  6909 work_detect.cpp:102] Succeeded to add det start for frame 36
I1012 13:48:01.822976  6909 work_detect.cpp:70] Frame :36 detect result :1 face(s)
I1012 13:48:01.823014  6909 work_detect.cpp:86] Detected bbox: [136 x 185 from (301, 132)]
I1012 13:48:01.823053  6909 work_detect.cpp:120] Succeeded to add det end for frame 36
I1012 13:48:01.823069  6909 work_thread.hpp:81]  [T-Work-Detect_0] Run work: WrokTrack
I1012 13:48:01.823093  6909 work_track.cpp:82] Frame: 36 build input_characts: [0.2125 x 0.513889 from (0.470313, 0.366667)], 0.999622, 0
I1012 13:48:01.823148  6909 work_track.cpp:102] Succeeded to set track lock for frame 36
I1012 13:48:01.823189  6909 work_track.cpp:116] Succeeded to release track lock for frame 36
I1012 13:48:01.823204  6909 work_track.cpp:120] Track results of frame 36: 1 objects input, 1 objects tracked!
I1012 13:48:01.823221  6909 work_track.cpp:148] Frame: 36, track bbox: [136 x 185 from (301.515, 132.941)], gid: 0, lid: 0
I1012 13:48:01.823258  6909 work_thread.hpp:88]  [T-Work-Detect_0] Frame :36 split
I1012 13:48:01.823276  6909 work_thread.hpp:120]  [T-Work-Detect_0] Valid piece: gid = 0
I1012 13:48:01.823294  6909 work_thread.hpp:92]  [T-Work-Detect_0] Push to split queue:recog
I1012 13:48:01.823339  6911 work_thread.hpp:81]  [T-Work-Recog_1] Run work: WorkCapture
I1012 13:48:01.823354  6912 thread_intergrate.hpp:78] [T-Intergrate-intergrate] queue: frame output frame :36
I1012 13:48:01.823379  6912 thread_intergrate.hpp:85] [T-Intergrate-intergrate] queue: compare output face:0
I1012 13:48:01.823397  6912 thread_intergrate.hpp:134] T-Intergrate-intergrate set matched face: 0
I1012 13:48:01.823876  6911 work_thread.hpp:81]  [T-Work-Recog_1] Run work: WorkRecog
I1012 13:48:01.823900  6911 work_recog.hpp:89] Face id: 0 will run recog: bbox [136 x 185 from (301, 132)] quality: 0.797529
I1012 13:48:01.824007  6911 work_recog.hpp:96] Recog pair: [192 x 272 from (272, 88)], [136 x 185 from (29, 44)]
I1012 13:48:01.824584  6912 thread_intergrate.hpp:154] T-Intergrate-intergrate Show face :0, size :640 * 360
I1012 13:48:01.825103  6908 demo_inner.hpp:435] thread [SORT-0]  frame id 36 sorting queue size 0   FPS: 7.55089
I1012 13:48:01.825176  6907 demo_inner.hpp:260]  gui queue size 0, state = running
I1012 13:48:01.841609  6911 work_thread.hpp:81]  [T-Work-Recog_1] Run work: WorkCompare
I1012 13:48:01.841720  6911 work_compare.cpp:76] Compare face: 0 successed, similarity :0.977402, name : images/thanglmb.jpg, normal size : 640 * 360!
I1012 13:48:01.960106  6906 demo_inner.hpp:177] decode queue size 0
I1012 13:48:01.960206  6909 work_thread.hpp:81]  [T-Work-Detect_0] Run work: WorkDetect
I1012 13:48:01.960242  6909 work_detect.cpp:102] Succeeded to add det start for frame 37
I1012 13:48:01.966812  6909 work_detect.cpp:70] Frame :37 detect result :2 face(s)
I1012 13:48:01.966847  6909 work_detect.cpp:86] Detected bbox: [136 x 183 from (300, 134)]
I1012 13:48:01.966878  6909 work_detect.cpp:86] Detected bbox: [31 x 51 from (562, 152)]
I1012 13:48:01.966908  6909 work_detect.cpp:120] Succeeded to add det end for frame 37
I1012 13:48:01.966924  6909 work_thread.hpp:81]  [T-Work-Detect_0] Run work: WrokTrack
I1012 13:48:01.966948  6909 work_track.cpp:82] Frame: 37 build input_characts: [0.2125 x 0.508333 from (0.46875, 0.372222)], 1.00019, 0
I1012 13:48:01.967000  6909 work_track.cpp:82] Frame: 37 build input_characts: [0.0484375 x 0.141667 from (0.878125, 0.422222)], 0.901423, 1
I1012 13:48:01.967036  6909 work_track.cpp:102] Succeeded to set track lock for frame 37
I1012 13:48:01.967101  6909 work_track.cpp:116] Succeeded to release track lock for frame 37
I1012 13:48:01.967118  6909 work_track.cpp:120] Track results of frame 37: 2 objects input, 1 objects tracked!
I1012 13:48:01.967134  6909 work_track.cpp:148] Frame: 37, track bbox: [136 x 183 from (300.568, 133.141)], gid: 0, lid: 0
I1012 13:48:01.967170  6909 work_track.cpp:162] Frame: 37 lid: 1 not tracked, will set invalid
I1012 13:48:01.967185  6909 work_thread.hpp:88]  [T-Work-Detect_0] Frame :37 split
I1012 13:48:01.967202  6909 work_thread.hpp:120]  [T-Work-Detect_0] Valid piece: gid = 0
I1012 13:48:01.967221  6909 work_thread.hpp:124]  [T-Work-Detect_0] Invalid piece: lid = 1, drop it
I1012 13:48:01.967236  6909 work_thread.hpp:92]  [T-Work-Detect_0] Push to split queue:recog
I1012 13:48:01.967278  6910 work_thread.hpp:81]  [T-Work-Recog_0] Run work: WorkCapture
I1012 13:48:01.967286  6912 thread_intergrate.hpp:78] [T-Intergrate-intergrate] queue: frame output frame :37
I1012 13:48:01.967310  6912 thread_intergrate.hpp:85] [T-Intergrate-intergrate] queue: compare output face:0
I1012 13:48:01.967329  6912 thread_intergrate.hpp:134] T-Intergrate-intergrate set matched face: 0
I1012 13:48:01.967809  6910 work_thread.hpp:81]  [T-Work-Recog_0] Run work: WorkRecog
I1012 13:48:01.967833  6910 work_recog.hpp:89] Face id: 0 will run recog: bbox [136 x 183 from (300, 134)] quality: 0.427118
I1012 13:48:01.967859  6910 work_recog.hpp:96] Recog pair: [192 x 264 from (272, 96)], [136 x 183 from (28, 38)]
I1012 13:48:01.968502  6912 thread_intergrate.hpp:154] T-Intergrate-intergrate Show face :0, size :640 * 360
I1012 13:48:01.968932  6908 demo_inner.hpp:435] thread [SORT-0]  frame id 37 sorting queue size 0   FPS: 7.41935
I1012 13:48:01.968999  6907 demo_inner.hpp:260]  gui queue size 0, state = running
I1012 13:48:01.985414  6910 work_thread.hpp:81]  [T-Work-Recog_0] Run work: WorkCompare
I1012 13:48:01.985523  6910 work_compare.cpp:76] Compare face: 0 successed, similarity :0.974915, name : images/thanglmb.jpg, normal size : 640 * 360!
I1012 13:48:02.097929  6906 demo_inner.hpp:177] decode queue size 0
I1012 13:48:02.098037  6909 work_thread.hpp:81]  [T-Work-Detect_0] Run work: WorkDetect
I1012 13:48:02.098073  6909 work_detect.cpp:102] Succeeded to add det start for frame 38
I1012 13:48:02.104672  6909 work_detect.cpp:70] Frame :38 detect result :1 face(s)
I1012 13:48:02.104821  6909 work_detect.cpp:86] Detected bbox: [131 x 176 from (300, 135)]
I1012 13:48:02.104867  6909 work_detect.cpp:120] Succeeded to add det end for frame 38
I1012 13:48:02.104883  6909 work_thread.hpp:81]  [T-Work-Detect_0] Run work: WrokTrack
I1012 13:48:02.104909  6909 work_track.cpp:82] Frame: 38 build input_characts: [0.204688 x 0.488889 from (0.46875, 0.375)], 1.00019, 0
I1012 13:48:02.104966  6909 work_track.cpp:102] Succeeded to set track lock for frame 38
I1012 13:48:02.105010  6909 work_track.cpp:116] Succeeded to release track lock for frame 38
I1012 13:48:02.105024  6909 work_track.cpp:120] Track results of frame 38: 1 objects input, 1 objects tracked!
I1012 13:48:02.105041  6909 work_track.cpp:148] Frame: 38, track bbox: [131 x 176 from (301.248, 136.077)], gid: 0, lid: 0
I1012 13:48:02.105078  6909 work_thread.hpp:88]  [T-Work-Detect_0] Frame :38 split
I1012 13:48:02.105096  6909 work_thread.hpp:120]  [T-Work-Detect_0] Valid piece: gid = 0
I1012 13:48:02.105114  6909 work_thread.hpp:92]  [T-Work-Detect_0] Push to split queue:recog
I1012 13:48:02.105154  6910 work_thread.hpp:81]  [T-Work-Recog_0] Run work: WorkCapture
I1012 13:48:02.105162  6912 thread_intergrate.hpp:78] [T-Intergrate-intergrate] queue: frame output frame :38
I1012 13:48:02.105188  6912 thread_intergrate.hpp:85] [T-Intergrate-intergrate] queue: compare output face:0
I1012 13:48:02.105207  6912 thread_intergrate.hpp:134] T-Intergrate-intergrate set matched face: 0
I1012 13:48:02.105693  6910 work_thread.hpp:81]  [T-Work-Recog_0] Run work: WorkRecog
I1012 13:48:02.105716  6910 work_recog.hpp:89] Face id: 0 will run recog: bbox [131 x 176 from (300, 135)] quality: 0.457846
I1012 13:48:02.105743  6910 work_recog.hpp:96] Recog pair: [192 x 256 from (272, 96)], [131 x 176 from (28, 39)]
I1012 13:48:02.106360  6912 thread_intergrate.hpp:154] T-Intergrate-intergrate Show face :0, size :640 * 360
I1012 13:48:02.106812  6908 demo_inner.hpp:435] thread [SORT-0]  frame id 38 sorting queue size 0   FPS: 7.35059
I1012 13:48:02.106881  6907 demo_inner.hpp:260]  gui queue size 0, state = running
I1012 13:48:02.123327  6910 work_thread.hpp:81]  [T-Work-Recog_0] Run work: WorkCompare
I1012 13:48:02.123438  6910 work_compare.cpp:76] Compare face: 0 successed, similarity :0.947863, name : images/thanglmb.jpg, normal size : 640 * 360!
I1012 13:48:02.235954  6906 demo_inner.hpp:177] decode queue size 0
I1012 13:48:02.236050  6909 work_thread.hpp:81]  [T-Work-Detect_0] Run work: WorkDetect
I1012 13:48:02.236088  6909 work_detect.cpp:102] Succeeded to add det start for frame 39
I1012 13:48:02.242597  6909 work_detect.cpp:70] Frame :39 detect result :1 face(s)
I1012 13:48:02.242631  6909 work_detect.cpp:86] Detected bbox: [133 x 176 from (297, 136)]
I1012 13:48:02.242671  6909 work_detect.cpp:120] Succeeded to add det end for frame 39
I1012 13:48:02.242688  6909 work_thread.hpp:81]  [T-Work-Detect_0] Run work: WrokTrack
I1012 13:48:02.242710  6909 work_track.cpp:82] Frame: 39 build input_characts: [0.207813 x 0.488889 from (0.464063, 0.377778)], 0.999183, 0
I1012 13:48:02.242766  6909 work_track.cpp:102] Succeeded to set track lock for frame 39
I1012 13:48:02.242813  6909 work_track.cpp:116] Succeeded to release track lock for frame 39
I1012 13:48:02.242828  6909 work_track.cpp:120] Track results of frame 39: 1 objects input, 1 objects tracked!
I1012 13:48:02.242846  6909 work_track.cpp:148] Frame: 39, track bbox: [133 x 176 from (297.851, 134.885)], gid: 0, lid: 0
I1012 13:48:02.242882  6909 work_thread.hpp:88]  [T-Work-Detect_0] Frame :39 split
I1012 13:48:02.242900  6909 work_thread.hpp:120]  [T-Work-Detect_0] Valid piece: gid = 0
I1012 13:48:02.242918  6909 work_thread.hpp:92]  [T-Work-Detect_0] Push to split queue:recog
I1012 13:48:02.242959  6910 work_thread.hpp:81]  [T-Work-Recog_0] Run work: WorkCapture
I1012 13:48:02.242964  6912 thread_intergrate.hpp:78] [T-Intergrate-intergrate] queue: frame output frame :39
I1012 13:48:02.242990  6912 thread_intergrate.hpp:85] [T-Intergrate-intergrate] queue: compare output face:0
I1012 13:48:02.243093  6912 thread_intergrate.hpp:134] T-Intergrate-intergrate set matched face: 0
I1012 13:48:02.243497  6910 work_thread.hpp:81]  [T-Work-Recog_0] Run work: WorkRecog
I1012 13:48:02.243520  6910 work_recog.hpp:89] Face id: 0 will run recog: bbox [133 x 176 from (297, 136)] quality: 0.432073
I1012 13:48:02.243548  6910 work_recog.hpp:96] Recog pair: [192 x 256 from (264, 96)], [133 x 176 from (33, 40)]
I1012 13:48:02.244251  6912 thread_intergrate.hpp:154] T-Intergrate-intergrate Show face :0, size :640 * 360
I1012 13:48:02.244707  6908 demo_inner.hpp:435] thread [SORT-0]  frame id 39 sorting queue size 0   FPS: 7.29233
I1012 13:48:02.244776  6907 demo_inner.hpp:260]  gui queue size 0, state = running
I1012 13:48:02.261090  6910 work_thread.hpp:81]  [T-Work-Recog_0] Run work: WorkCompare
I1012 13:48:02.261198  6910 work_compare.cpp:76] Compare face: 0 successed, similarity :0.939812, name : images/thanglmb.jpg, normal size : 640 * 360!
I1012 13:48:02.379848  6906 demo_inner.hpp:177] decode queue size 0
I1012 13:48:02.379950  6909 work_thread.hpp:81]  [T-Work-Detect_0] Run work: WorkDetect
I1012 13:48:02.379987  6909 work_detect.cpp:102] Succeeded to add det start for frame 40
I1012 13:48:02.386534  6909 work_detect.cpp:70] Frame :40 detect result :1 face(s)
