I1015 11:10:34.686762  3640 work_detect.cpp:102] Succeeded to add det start for frame 126
I1015 11:10:34.693271  3640 work_detect.cpp:70] Frame :126 detect result :0 face(s)
I1015 11:10:34.693327  3640 work_detect.cpp:120] Succeeded to add det end for frame 126
I1015 11:10:34.693343  3640 work_thread.hpp:81]  [T-Work-Detect_0] Run work: WrokTrack
I1015 11:10:34.693369  3640 work_track.cpp:102] Succeeded to set track lock for frame 126
I1015 11:10:34.693395  3640 work_track.cpp:116] Succeeded to release track lock for frame 126
I1015 11:10:34.693409  3640 work_track.cpp:120] Track results of frame 126: 0 objects input, 0 objects tracked!
I1015 11:10:34.693428  3640 work_thread.hpp:87]  [T-Work-Detect_0] Frame :126 split
I1015 11:10:34.693473  3643 thread_intergrate.hpp:83] [T-Intergrate-intergrate] queue: frame output frame :126
I1015 11:10:34.694988  3639 demo_inner.hpp:435] thread [SORT-0]  frame id 126 sorting queue size 0   FPS: 29.9551
I1015 11:10:34.716666  3637 demo_inner.hpp:177] decode queue size 0
I1015 11:10:34.716763  3640 work_thread.hpp:81]  [T-Work-Detect_0] Run work: WorkDetect
I1015 11:10:34.716796  3640 work_detect.cpp:102] Succeeded to add det start for frame 127
I1015 11:10:34.723130  3640 work_detect.cpp:70] Frame :127 detect result :0 face(s)
I1015 11:10:34.723191  3640 work_detect.cpp:120] Succeeded to add det end for frame 127
I1015 11:10:34.723207  3640 work_thread.hpp:81]  [T-Work-Detect_0] Run work: WrokTrack
I1015 11:10:34.723234  3640 work_track.cpp:102] Succeeded to set track lock for frame 127
I1015 11:10:34.723260  3640 work_track.cpp:116] Succeeded to release track lock for frame 127
I1015 11:10:34.723273  3640 work_track.cpp:120] Track results of frame 127: 0 objects input, 0 objects tracked!
I1015 11:10:34.723291  3640 work_thread.hpp:87]  [T-Work-Detect_0] Frame :127 split
I1015 11:10:34.723341  3643 thread_intergrate.hpp:83] [T-Intergrate-intergrate] queue: frame output frame :127
I1015 11:10:34.724889  3639 demo_inner.hpp:435] thread [SORT-0]  frame id 127 sorting queue size 1   FPS: 29.9401
I1015 11:10:34.752588  3637 demo_inner.hpp:177] decode queue size 0
I1015 11:10:34.752693  3640 work_thread.hpp:81]  [T-Work-Detect_0] Run work: WorkDetect
I1015 11:10:34.752727  3640 work_detect.cpp:102] Succeeded to add det start for frame 128
I1015 11:10:34.759155  3640 work_detect.cpp:70] Frame :128 detect result :0 face(s)
I1015 11:10:34.759208  3640 work_detect.cpp:120] Succeeded to add det end for frame 128
I1015 11:10:34.759224  3640 work_thread.hpp:81]  [T-Work-Detect_0] Run work: WrokTrack
I1015 11:10:34.759251  3640 work_track.cpp:102] Succeeded to set track lock for frame 128
I1015 11:10:34.759277  3640 work_track.cpp:116] Succeeded to release track lock for frame 128
I1015 11:10:34.759290  3640 work_track.cpp:120] Track results of frame 128: 0 objects input, 0 objects tracked!
I1015 11:10:34.759308  3640 work_thread.hpp:87]  [T-Work-Detect_0] Frame :128 split
I1015 11:10:34.759362  3643 thread_intergrate.hpp:83] [T-Intergrate-intergrate] queue: frame output frame :128
I1015 11:10:34.760877  3639 demo_inner.hpp:435] thread [SORT-0]  frame id 128 sorting queue size 2   FPS: 29.9551
I1015 11:10:34.788595  3637 demo_inner.hpp:177] decode queue size 0
I1015 11:10:34.788697  3640 work_thread.hpp:81]  [T-Work-Detect_0] Run work: WorkDetect
I1015 11:10:34.788729  3640 work_detect.cpp:102] Succeeded to add det start for frame 129
I1015 11:10:34.795109  3640 work_detect.cpp:70] Frame :129 detect result :0 face(s)
I1015 11:10:34.795159  3640 work_detect.cpp:120] Succeeded to add det end for frame 129
I1015 11:10:34.795176  3640 work_thread.hpp:81]  [T-Work-Detect_0] Run work: WrokTrack
I1015 11:10:34.795202  3640 work_track.cpp:102] Succeeded to set track lock for frame 129
I1015 11:10:34.795229  3640 work_track.cpp:116] Succeeded to release track lock for frame 129
I1015 11:10:34.795243  3640 work_track.cpp:120] Track results of frame 129: 0 objects input, 0 objects tracked!
I1015 11:10:34.795261  3640 work_thread.hpp:87]  [T-Work-Detect_0] Frame :129 split
I1015 11:10:34.795310  3643 thread_intergrate.hpp:83] [T-Intergrate-intergrate] queue: frame output frame :129
I1015 11:10:34.796831  3639 demo_inner.hpp:435] thread [SORT-0]  frame id 129 sorting queue size 3   FPS: 29.9551
I1015 11:10:34.819006  3637 demo_inner.hpp:177] decode queue size 0
I1015 11:10:34.819121  3640 work_thread.hpp:81]  [T-Work-Detect_0] Run work: WorkDetect
I1015 11:10:34.819154  3640 work_detect.cpp:102] Succeeded to add det start for frame 130
I1015 11:10:34.825551  3640 work_detect.cpp:70] Frame :130 detect result :0 face(s)
I1015 11:10:34.825609  3640 work_detect.cpp:120] Succeeded to add det end for frame 130
I1015 11:10:34.825624  3640 work_thread.hpp:81]  [T-Work-Detect_0] Run work: WrokTrack
I1015 11:10:34.825651  3640 work_track.cpp:102] Succeeded to set track lock for frame 130
I1015 11:10:34.825677  3640 work_track.cpp:116] Succeeded to release track lock for frame 130
I1015 11:10:34.825690  3640 work_track.cpp:120] Track results of frame 130: 0 objects input, 0 objects tracked!
I1015 11:10:34.825709  3640 work_thread.hpp:87]  [T-Work-Detect_0] Frame :130 split
I1015 11:10:34.825760  3643 thread_intergrate.hpp:83] [T-Intergrate-intergrate] queue: frame output frame :130
I1015 11:10:34.827232  3639 demo_inner.hpp:435] thread [SORT-0]  frame id 130 sorting queue size 4   FPS: 29.9401
I1015 11:10:34.855216  3637 demo_inner.hpp:177] decode queue size 0
I1015 11:10:34.855332  3640 work_thread.hpp:81]  [T-Work-Detect_0] Run work: WorkDetect
I1015 11:10:34.855367  3640 work_detect.cpp:102] Succeeded to add det start for frame 131
I1015 11:10:34.861768  3640 work_detect.cpp:70] Frame :131 detect result :0 face(s)
I1015 11:10:34.861822  3640 work_detect.cpp:120] Succeeded to add det end for frame 131
I1015 11:10:34.861838  3640 work_thread.hpp:81]  [T-Work-Detect_0] Run work: WrokTrack
I1015 11:10:34.861865  3640 work_track.cpp:102] Succeeded to set track lock for frame 131
I1015 11:10:34.861965  3640 work_track.cpp:116] Succeeded to release track lock for frame 131
I1015 11:10:34.861981  3640 work_track.cpp:120] Track results of frame 131: 0 objects input, 0 objects tracked!
I1015 11:10:34.862000  3640 work_thread.hpp:87]  [T-Work-Detect_0] Frame :131 split
I1015 11:10:34.862051  3643 thread_intergrate.hpp:83] [T-Intergrate-intergrate] queue: frame output frame :131
I1015 11:10:34.863533  3639 demo_inner.hpp:435] thread [SORT-0]  frame id 131 sorting queue size 5   FPS: 29.9401
I1015 11:10:34.885046  3637 demo_inner.hpp:177] decode queue size 0
I1015 11:10:34.885162  3640 work_thread.hpp:81]  [T-Work-Detect_0] Run work: WorkDetect
I1015 11:10:34.885198  3640 work_detect.cpp:102] Succeeded to add det start for frame 132
I1015 11:10:34.891578  3640 work_detect.cpp:70] Frame :132 detect result :0 face(s)
I1015 11:10:34.891629  3640 work_detect.cpp:120] Succeeded to add det end for frame 132
I1015 11:10:34.891644  3640 work_thread.hpp:81]  [T-Work-Detect_0] Run work: WrokTrack
I1015 11:10:34.891672  3640 work_track.cpp:102] Succeeded to set track lock for frame 132
I1015 11:10:34.891698  3640 work_track.cpp:116] Succeeded to release track lock for frame 132
I1015 11:10:34.891712  3640 work_track.cpp:120] Track results of frame 132: 0 objects input, 0 objects tracked!
I1015 11:10:34.891731  3640 work_thread.hpp:87]  [T-Work-Detect_0] Frame :132 split
I1015 11:10:34.891793  3643 thread_intergrate.hpp:83] [T-Intergrate-intergrate] queue: frame output frame :132
I1015 11:10:34.893270  3639 demo_inner.hpp:435] thread [SORT-0]  frame id 132 sorting queue size 6   FPS: 29.9401
I1015 11:10:34.921027  3637 demo_inner.hpp:177] decode queue size 0
I1015 11:10:34.921142  3640 work_thread.hpp:81]  [T-Work-Detect_0] Run work: WorkDetect
I1015 11:10:34.921180  3640 work_detect.cpp:102] Succeeded to add det start for frame 133
I1015 11:10:34.927554  3640 work_detect.cpp:70] Frame :133 detect result :0 face(s)
I1015 11:10:34.927606  3640 work_detect.cpp:120] Succeeded to add det end for frame 133
I1015 11:10:34.927623  3640 work_thread.hpp:81]  [T-Work-Detect_0] Run work: WrokTrack
I1015 11:10:34.927649  3640 work_track.cpp:102] Succeeded to set track lock for frame 133
I1015 11:10:34.927675  3640 work_track.cpp:116] Succeeded to release track lock for frame 133
I1015 11:10:34.927687  3640 work_track.cpp:120] Track results of frame 133: 0 objects input, 0 objects tracked!
I1015 11:10:34.927706  3640 work_thread.hpp:87]  [T-Work-Detect_0] Frame :133 split
I1015 11:10:34.927753  3643 thread_intergrate.hpp:83] [T-Intergrate-intergrate] queue: frame output frame :133
I1015 11:10:34.929226  3639 demo_inner.hpp:435] thread [SORT-0]  frame id 133 sorting queue size 7   FPS: 29.9401
I1015 11:10:34.954084  3637 demo_inner.hpp:177] decode queue size 0
I1015 11:10:34.954217  3640 work_thread.hpp:81]  [T-Work-Detect_0] Run work: WorkDetect
I1015 11:10:34.954254  3640 work_detect.cpp:102] Succeeded to add det start for frame 134
I1015 11:10:34.961031  3640 work_detect.cpp:70] Frame :134 detect result :0 face(s)
I1015 11:10:34.961089  3640 work_detect.cpp:120] Succeeded to add det end for frame 134
I1015 11:10:34.961105  3640 work_thread.hpp:81]  [T-Work-Detect_0] Run work: WrokTrack
I1015 11:10:34.961133  3640 work_track.cpp:102] Succeeded to set track lock for frame 134
I1015 11:10:34.961158  3640 work_track.cpp:116] Succeeded to release track lock for frame 134
I1015 11:10:34.961172  3640 work_track.cpp:120] Track results of frame 134: 0 objects input, 0 objects tracked!
I1015 11:10:34.961190  3640 work_thread.hpp:87]  [T-Work-Detect_0] Frame :134 split
I1015 11:10:34.961498  3643 thread_intergrate.hpp:83] [T-Intergrate-intergrate] queue: frame output frame :134
I1015 11:10:34.963063  3639 demo_inner.hpp:435] thread [SORT-0]  frame id 134 sorting queue size 8   FPS: 29.8805
I1015 11:10:34.988975  3637 demo_inner.hpp:177] decode queue size 0
I1015 11:10:34.989130  3640 work_thread.hpp:81]  [T-Work-Detect_0] Run work: WorkDetect
I1015 11:10:34.989168  3640 work_detect.cpp:102] Succeeded to add det start for frame 135
I1015 11:10:34.995642  3640 work_detect.cpp:70] Frame :135 detect result :0 face(s)
I1015 11:10:34.995702  3640 work_detect.cpp:120] Succeeded to add det end for frame 135
I1015 11:10:34.995719  3640 work_thread.hpp:81]  [T-Work-Detect_0] Run work: WrokTrack
I1015 11:10:34.995746  3640 work_track.cpp:102] Succeeded to set track lock for frame 135
I1015 11:10:34.995772  3640 work_track.cpp:116] Succeeded to release track lock for frame 135
I1015 11:10:34.995786  3640 work_track.cpp:120] Track results of frame 135: 0 objects input, 0 objects tracked!
I1015 11:10:34.995805  3640 work_thread.hpp:87]  [T-Work-Detect_0] Frame :135 split
I1015 11:10:34.995851  3643 thread_intergrate.hpp:83] [T-Intergrate-intergrate] queue: frame output frame :135
I1015 11:10:34.997375  3639 demo_inner.hpp:435] thread [SORT-0]  frame id 135 sorting queue size 9   FPS: 29.9103
I1015 11:10:35.024921  3637 demo_inner.hpp:177] decode queue size 0
I1015 11:10:35.025141  3640 work_thread.hpp:81]  [T-Work-Detect_0] Run work: WorkDetect
I1015 11:10:35.025177  3640 work_detect.cpp:102] Succeeded to add det start for frame 136
I1015 11:10:35.031522  3640 work_detect.cpp:70] Frame :136 detect result :0 face(s)
I1015 11:10:35.031574  3640 work_detect.cpp:120] Succeeded to add det end for frame 136
I1015 11:10:35.031590  3640 work_thread.hpp:81]  [T-Work-Detect_0] Run work: WrokTrack
I1015 11:10:35.031617  3640 work_track.cpp:102] Succeeded to set track lock for frame 136
I1015 11:10:35.031644  3640 work_track.cpp:116] Succeeded to release track lock for frame 136
I1015 11:10:35.031658  3640 work_track.cpp:120] Track results of frame 136: 0 objects input, 0 objects tracked!
I1015 11:10:35.031677  3640 work_thread.hpp:87]  [T-Work-Detect_0] Frame :136 split
I1015 11:10:35.031724  3643 thread_intergrate.hpp:83] [T-Intergrate-intergrate] queue: frame output frame :136
I1015 11:10:35.033246  3639 demo_inner.hpp:435] thread [SORT-0]  frame id 136 sorting queue size 10   FPS: 29.9103
I1015 11:10:35.054971  3637 demo_inner.hpp:177] decode queue size 0
I1015 11:10:35.055090  3640 work_thread.hpp:81]  [T-Work-Detect_0] Run work: WorkDetect
I1015 11:10:35.055125  3640 work_detect.cpp:102] Succeeded to add det start for frame 137
I1015 11:10:35.061583  3640 work_detect.cpp:70] Frame :137 detect result :0 face(s)
I1015 11:10:35.061642  3640 work_detect.cpp:120] Succeeded to add det end for frame 137
I1015 11:10:35.061658  3640 work_thread.hpp:81]  [T-Work-Detect_0] Run work: WrokTrack
I1015 11:10:35.061686  3640 work_track.cpp:102] Succeeded to set track lock for frame 137
I1015 11:10:35.061712  3640 work_track.cpp:116] Succeeded to release track lock for frame 137
I1015 11:10:35.061725  3640 work_track.cpp:120] Track results of frame 137: 0 objects input, 0 objects tracked!
I1015 11:10:35.061743  3640 work_thread.hpp:87]  [T-Work-Detect_0] Frame :137 split
I1015 11:10:35.061802  3643 thread_intergrate.hpp:83] [T-Intergrate-intergrate] queue: frame output frame :137
I1015 11:10:35.090941  3637 demo_inner.hpp:177] decode queue size 0
I1015 11:10:35.091089  3640 work_thread.hpp:81]  [T-Work-Detect_0] Run work: WorkDetect
I1015 11:10:35.091126  3640 work_detect.cpp:102] Succeeded to add det start for frame 138
I1015 11:10:35.097587  3640 work_detect.cpp:70] Frame :138 detect result :0 face(s)
I1015 11:10:35.097648  3640 work_detect.cpp:120] Succeeded to add det end for frame 138
I1015 11:10:35.097666  3640 work_thread.hpp:81]  [T-Work-Detect_0] Run work: WrokTrack
I1015 11:10:35.097692  3640 work_track.cpp:102] Succeeded to set track lock for frame 138
I1015 11:10:35.097718  3640 work_track.cpp:116] Succeeded to release track lock for frame 138
I1015 11:10:35.097731  3640 work_track.cpp:120] Track results of frame 138: 0 objects input, 0 objects tracked!
I1015 11:10:35.097749  3640 work_thread.hpp:87]  [T-Work-Detect_0] Frame :138 split
I1015 11:10:35.097796  3643 thread_intergrate.hpp:83] [T-Intergrate-intergrate] queue: frame output frame :138
I1015 11:10:35.121083  3637 demo_inner.hpp:177] decode queue size 0
I1015 11:10:35.121301  3640 work_thread.hpp:81]  [T-Work-Detect_0] Run work: WorkDetect
I1015 11:10:35.121417  3640 work_detect.cpp:102] Succeeded to add det start for frame 139
I1015 11:10:35.127724  3640 work_detect.cpp:70] Frame :139 detect result :0 face(s)
I1015 11:10:35.127776  3640 work_detect.cpp:120] Succeeded to add det end for frame 139
I1015 11:10:35.127792  3640 work_thread.hpp:81]  [T-Work-Detect_0] Run work: WrokTrack
I1015 11:10:35.127818  3640 work_track.cpp:102] Succeeded to set track lock for frame 139
I1015 11:10:35.127844  3640 work_track.cpp:116] Succeeded to release track lock for frame 139
I1015 11:10:35.127857  3640 work_track.cpp:120] Track results of frame 139: 0 objects input, 0 objects tracked!
I1015 11:10:35.127876  3640 work_thread.hpp:87]  [T-Work-Detect_0] Frame :139 split
I1015 11:10:35.127926  3643 thread_intergrate.hpp:83] [T-Intergrate-intergrate] queue: frame output frame :139
I1015 11:10:35.157236  3637 demo_inner.hpp:177] decode queue size 0
I1015 11:10:35.157371  3640 work_thread.hpp:81]  [T-Work-Detect_0] Run work: WorkDetect
I1015 11:10:35.157408  3640 work_detect.cpp:102] Succeeded to add det start for frame 140
I1015 11:10:35.163772  3640 work_detect.cpp:70] Frame :140 detect result :0 face(s)
I1015 11:10:35.163831  3640 work_detect.cpp:120] Succeeded to add det end for frame 140
I1015 11:10:35.163847  3640 work_thread.hpp:81]  [T-Work-Detect_0] Run work: WrokTrack
I1015 11:10:35.163873  3640 work_track.cpp:102] Succeeded to set track lock for frame 140
I1015 11:10:35.163899  3640 work_track.cpp:116] Succeeded to release track lock for frame 140
I1015 11:10:35.163913  3640 work_track.cpp:120] Track results of frame 140: 0 objects input, 0 objects tracked!
I1015 11:10:35.163930  3640 work_thread.hpp:87]  [T-Work-Detect_0] Frame :140 split
I1015 11:10:35.163980  3643 thread_intergrate.hpp:83] [T-Intergrate-intergrate] queue: frame output frame :140
I1015 11:10:35.187240  3637 demo_inner.hpp:177] decode queue size 0
I1015 11:10:35.187373  3640 work_thread.hpp:81]  [T-Work-Detect_0] Run work: WorkDetect
I1015 11:10:35.187408  3640 work_detect.cpp:102] Succeeded to add det start for frame 141
I1015 11:10:35.193766  3640 work_detect.cpp:70] Frame :141 detect result :0 face(s)
I1015 11:10:35.193819  3640 work_detect.cpp:120] Succeeded to add det end for frame 141
I1015 11:10:35.193836  3640 work_thread.hpp:81]  [T-Work-Detect_0] Run work: WrokTrack
I1015 11:10:35.193862  3640 work_track.cpp:102] Succeeded to set track lock for frame 141
I1015 11:10:35.193888  3640 work_track.cpp:116] Succeeded to release track lock for frame 141
I1015 11:10:35.193902  3640 work_track.cpp:120] Track results of frame 141: 0 objects input, 0 objects tracked!
I1015 11:10:35.193920  3640 work_thread.hpp:87]  [T-Work-Detect_0] Frame :141 split
I1015 11:10:35.193995  3643 thread_intergrate.hpp:83] [T-Intergrate-intergrate] queue: frame output frame :141
I1015 11:10:35.223736  3637 demo_inner.hpp:177] decode queue size 0
I1015 11:10:35.223907  3640 work_thread.hpp:81]  [T-Work-Detect_0] Run work: WorkDetect
I1015 11:10:35.223948  3640 work_detect.cpp:102] Succeeded to add det start for frame 142
I1015 11:10:35.231835  3640 work_detect.cpp:70] Frame :142 detect result :0 face(s)
I1015 11:10:35.231904  3640 work_detect.cpp:120] Succeeded to add det end for frame 142
I1015 11:10:35.231920  3640 work_thread.hpp:81]  [T-Work-Detect_0] Run work: WrokTrack
I1015 11:10:35.231950  3640 work_track.cpp:102] Succeeded to set track lock for frame 142
I1015 11:10:35.231974  3640 work_track.cpp:116] Succeeded to release track lock for frame 142
I1015 11:10:35.231988  3640 work_track.cpp:120] Track results of frame 142: 0 objects input, 0 objects tracked!
I1015 11:10:35.232007  3640 work_thread.hpp:87]  [T-Work-Detect_0] Frame :142 split
I1015 11:10:35.232069  3643 thread_intergrate.hpp:83] [T-Intergrate-intergrate] queue: frame output frame :142
I1015 11:10:35.243228  3643 thread_intergrate.hpp:100] T-Intergrate-intergrate Try push queue sorting again 5 vs 5
I1015 11:10:35.253355  3643 thread_intergrate.hpp:100] T-Intergrate-intergrate Try push queue sorting again 5 vs 5
I1015 11:10:35.258965  3637 demo_inner.hpp:177] decode queue size 0
I1015 11:10:35.259084  3640 work_thread.hpp:81]  [T-Work-Detect_0] Run work: WorkDetect
I1015 11:10:35.259121  3640 work_detect.cpp:102] Succeeded to add det start for frame 143
I1015 11:10:35.263590  3643 thread_intergrate.hpp:100] T-Intergrate-intergrate Try push queue sorting again 5 vs 5
I1015 11:10:35.265569  3640 work_detect.cpp:70] Frame :143 detect result :0 face(s)
I1015 11:10:35.265602  3640 work_detect.cpp:120] Succeeded to add det end for frame 143
I1015 11:10:35.265619  3640 work_thread.hpp:81]  [T-Work-Detect_0] Run work: WrokTrack
I1015 11:10:35.265642  3640 work_track.cpp:102] Succeeded to set track lock for frame 143
I1015 11:10:35.265667  3640 work_track.cpp:116] Succeeded to release track lock for frame 143
I1015 11:10:35.265681  3640 work_track.cpp:120] Track results of frame 143: 0 objects input, 0 objects tracked!
I1015 11:10:35.265699  3640 work_thread.hpp:87]  [T-Work-Detect_0] Frame :143 split
I1015 11:10:35.273712  3643 thread_intergrate.hpp:100] T-Intergrate-intergrate Try push queue sorting again 5 vs 5
I1015 11:10:35.283823  3643 thread_intergrate.hpp:100] T-Intergrate-intergrate Try push queue sorting again 5 vs 5
I1015 11:10:35.289054  3637 demo_inner.hpp:177] decode queue size 0
I1015 11:10:35.289399  3640 work_thread.hpp:81]  [T-Work-Detect_0] Run work: WorkDetect
I1015 11:10:35.289431  3640 work_detect.cpp:102] Succeeded to add det start for frame 144
I1015 11:10:35.293967  3643 thread_intergrate.hpp:100] T-Intergrate-intergrate Try push queue sorting again 5 vs 5
I1015 11:10:35.295717  3640 work_detect.cpp:70] Frame :144 detect result :0 face(s)
I1015 11:10:35.295749  3640 work_detect.cpp:120] Succeeded to add det end for frame 144
I1015 11:10:35.295765  3640 work_thread.hpp:81]  [T-Work-Detect_0] Run work: WrokTrack
I1015 11:10:35.295787  3640 work_track.cpp:102] Succeeded to set track lock for frame 144
I1015 11:10:35.295814  3640 work_track.cpp:116] Succeeded to release track lock for frame 144
I1015 11:10:35.295827  3640 work_track.cpp:120] Track results of frame 144: 0 objects input, 0 objects tracked!
I1015 11:10:35.295845  3640 work_thread.hpp:87]  [T-Work-Detect_0] Frame :144 split
I1015 11:10:35.304080  3643 thread_intergrate.hpp:100] T-Intergrate-intergrate Try push queue sorting again 5 vs 5
I1015 11:10:35.314185  3643 thread_intergrate.hpp:100] T-Intergrate-intergrate Try push queue sorting again 5 vs 5
I1015 11:10:35.324317  3643 thread_intergrate.hpp:100] T-Intergrate-intergrate Try push queue sorting again 5 vs 5
I1015 11:10:35.325002  3637 demo_inner.hpp:177] decode queue size 0
I1015 11:10:35.325111  3640 work_thread.hpp:81]  [T-Work-Detect_0] Run work: WorkDetect
I1015 11:10:35.325142  3640 work_detect.cpp:102] Succeeded to add det start for frame 145
I1015 11:10:35.331475  3640 work_detect.cpp:70] Frame :145 detect result :0 face(s)
I1015 11:10:35.331533  3640 work_detect.cpp:120] Succeeded to add det end for frame 145
I1015 11:10:35.331549  3640 work_thread.hpp:81]  [T-Work-Detect_0] Run work: WrokTrack
I1015 11:10:35.331578  3640 work_track.cpp:102] Succeeded to set track lock for frame 145
I1015 11:10:35.331604  3640 work_track.cpp:116] Succeeded to release track lock for frame 145
I1015 11:10:35.331617  3640 work_track.cpp:120] Track results of frame 145: 0 objects input, 0 objects tracked!
I1015 11:10:35.331635  3640 work_thread.hpp:87]  [T-Work-Detect_0] Frame :145 split
I1015 11:10:35.334473  3643 thread_intergrate.hpp:100] T-Intergrate-intergrate Try push queue sorting again 5 vs 5
I1015 11:10:35.344573  3643 thread_intergrate.hpp:100] T-Intergrate-intergrate Try push queue sorting again 5 vs 5
I1015 11:10:35.354722  3643 thread_intergrate.hpp:100] T-Intergrate-intergrate Try push queue sorting again 5 vs 5
I1015 11:10:35.355243  3637 demo_inner.hpp:177] decode queue size 0
I1015 11:10:35.355316  3640 work_thread.hpp:81]  [T-Work-Detect_0] Run work: WorkDetect
I1015 11:10:35.355346  3640 work_detect.cpp:102] Succeeded to add det start for frame 146
I1015 11:10:35.361737  3640 work_detect.cpp:70] Frame :146 detect result :0 face(s)
I1015 11:10:35.361863  3640 work_detect.cpp:120] Succeeded to add det end for frame 146
I1015 11:10:35.361881  3640 work_thread.hpp:81]  [T-Work-Detect_0] Run work: WrokTrack
I1015 11:10:35.361907  3640 work_track.cpp:102] Succeeded to set track lock for frame 146
I1015 11:10:35.361932  3640 work_track.cpp:116] Succeeded to release track lock for frame 146
I1015 11:10:35.361944  3640 work_track.cpp:120] Track results of frame 146: 0 objects input, 0 objects tracked!
I1015 11:10:35.361963  3640 work_thread.hpp:87]  [T-Work-Detect_0] Frame :146 split
I1015 11:10:35.364862  3643 thread_intergrate.hpp:100] T-Intergrate-intergrate Try push queue sorting again 5 vs 5
I1015 11:10:35.374948  3643 thread_intergrate.hpp:100] T-Intergrate-intergrate Try push queue sorting again 5 vs 5
I1015 11:10:35.385046  3643 thread_intergrate.hpp:100] T-Intergrate-intergrate Try push queue sorting again 5 vs 5
I1015 11:10:35.391047  3637 demo_inner.hpp:177] decode queue size 0
I1015 11:10:35.391153  3640 work_thread.hpp:81]  [T-Work-Detect_0] Run work: WorkDetect
I1015 11:10:35.391185  3640 work_detect.cpp:102] Succeeded to add det start for frame 147
I1015 11:10:35.395193  3643 thread_intergrate.hpp:100] T-Intergrate-intergrate Try push queue sorting again 5 vs 5
I1015 11:10:35.397569  3640 work_detect.cpp:70] Frame :147 detect result :0 face(s)
I1015 11:10:35.397599  3640 work_detect.cpp:120] Succeeded to add det end for frame 147
I1015 11:10:35.397614  3640 work_thread.hpp:81]  [T-Work-Detect_0] Run work: WrokTrack
I1015 11:10:35.397637  3640 work_track.cpp:102] Succeeded to set track lock for frame 147
I1015 11:10:35.397663  3640 work_track.cpp:116] Succeeded to release track lock for frame 147
I1015 11:10:35.397676  3640 work_track.cpp:120] Track results of frame 147: 0 objects input, 0 objects tracked!
I1015 11:10:35.397694  3640 work_thread.hpp:87]  [T-Work-Detect_0] Frame :147 split
I1015 11:10:35.405306  3643 thread_intergrate.hpp:100] T-Intergrate-intergrate Try push queue sorting again 5 vs 5
I1015 11:10:35.415413  3643 thread_intergrate.hpp:100] T-Intergrate-intergrate Try push queue sorting again 5 vs 5
I1015 11:10:35.421098  3637 demo_inner.hpp:177] decode queue size 0
I1015 11:10:35.421356  3640 work_thread.hpp:81]  [T-Work-Detect_0] Run work: WorkDetect
I1015 11:10:35.421388  3640 work_detect.cpp:102] Succeeded to add det start for frame 148
I1015 11:10:35.425546  3643 thread_intergrate.hpp:100] T-Intergrate-intergrate Try push queue sorting again 5 vs 5
I1015 11:10:35.427695  3640 work_detect.cpp:70] Frame :148 detect result :0 face(s)
I1015 11:10:35.427723  3640 work_detect.cpp:120] Succeeded to add det end for frame 148
I1015 11:10:35.427739  3640 work_thread.hpp:81]  [T-Work-Detect_0] Run work: WrokTrack
I1015 11:10:35.427762  3640 work_track.cpp:102] Succeeded to set track lock for frame 148
I1015 11:10:35.427786  3640 work_track.cpp:116] Succeeded to release track lock for frame 148
I1015 11:10:35.427800  3640 work_track.cpp:120] Track results of frame 148: 0 objects input, 0 objects tracked!
I1015 11:10:35.427817  3640 work_thread.hpp:87]  [T-Work-Detect_0] Frame :148 split
I1015 11:10:35.435644  3643 thread_intergrate.hpp:100] T-Intergrate-intergrate Try push queue sorting again 5 vs 5
I1015 11:10:35.445744  3643 thread_intergrate.hpp:100] T-Intergrate-intergrate Try push queue sorting again 5 vs 5
I1015 11:10:35.455873  3643 thread_intergrate.hpp:100] T-Intergrate-intergrate Try push queue sorting again 5 vs 5
I1015 11:10:35.457062  3637 demo_inner.hpp:177] decode queue size 0
I1015 11:10:35.457396  3640 work_thread.hpp:81]  [T-Work-Detect_0] Run work: WorkDetect
I1015 11:10:35.457427  3640 work_detect.cpp:102] Succeeded to add det start for frame 149
I1015 11:10:35.463790  3640 work_detect.cpp:70] Frame :149 detect result :0 face(s)
I1015 11:10:35.463846  3640 work_detect.cpp:120] Succeeded to add det end for frame 149
I1015 11:10:35.463861  3640 work_thread.hpp:81]  [T-Work-Detect_0] Run work: WrokTrack
I1015 11:10:35.463887  3640 work_track.cpp:102] Succeeded to set track lock for frame 149
I1015 11:10:35.463986  3640 work_track.cpp:116] Succeeded to release track lock for frame 149
I1015 11:10:35.464002  3640 work_track.cpp:120] Track results of frame 149: 0 objects input, 0 objects tracked!
I1015 11:10:35.464021  3640 work_thread.hpp:87]  [T-Work-Detect_0] Frame :149 split
I1015 11:10:35.466003  3643 thread_intergrate.hpp:100] T-Intergrate-intergrate Try push queue sorting again 5 vs 5
I1015 11:10:35.476101  3643 thread_intergrate.hpp:100] T-Intergrate-intergrate Try push queue sorting again 5 vs 5
I1015 11:10:35.486233  3643 thread_intergrate.hpp:100] T-Intergrate-intergrate Try push queue sorting again 5 vs 5
I1015 11:10:35.487212  3637 demo_inner.hpp:177] decode queue size 0
I1015 11:10:35.487332  3640 work_thread.hpp:81]  [T-Work-Detect_0] Run work: WorkDetect
I1015 11:10:35.487370  3640 work_detect.cpp:102] Succeeded to add det start for frame 150
I1015 11:10:35.493780  3640 work_detect.cpp:70] Frame :150 detect result :0 face(s)
I1015 11:10:35.493836  3640 work_detect.cpp:120] Succeeded to add det end for frame 150
I1015 11:10:35.493852  3640 work_thread.hpp:81]  [T-Work-Detect_0] Run work: WrokTrack
I1015 11:10:35.493880  3640 work_track.cpp:102] Succeeded to set track lock for frame 150
I1015 11:10:35.493906  3640 work_track.cpp:116] Succeeded to release track lock for frame 150
I1015 11:10:35.493918  3640 work_track.cpp:120] Track results of frame 150: 0 objects input, 0 objects tracked!
I1015 11:10:35.493937  3640 work_thread.hpp:87]  [T-Work-Detect_0] Frame :150 split
I1015 11:10:35.496388  3643 thread_intergrate.hpp:100] T-Intergrate-intergrate Try push queue sorting again 5 vs 5
I1015 11:10:35.506475  3643 thread_intergrate.hpp:100] T-Intergrate-intergrate Try push queue sorting again 5 vs 5
I1015 11:10:35.516571  3643 thread_intergrate.hpp:100] T-Intergrate-intergrate Try push queue sorting again 5 vs 5
I1015 11:10:35.523056  3637 demo_inner.hpp:177] decode queue size 0
I1015 11:10:35.523289  3640 work_thread.hpp:81]  [T-Work-Detect_0] Run work: WorkDetect
I1015 11:10:35.523324  3640 work_detect.cpp:102] Succeeded to add det start for frame 151
I1015 11:10:35.526706  3643 thread_intergrate.hpp:100] T-Intergrate-intergrate Try push queue sorting again 5 vs 5
I1015 11:10:35.529724  3640 work_detect.cpp:70] Frame :151 detect result :0 face(s)
I1015 11:10:35.529753  3640 work_detect.cpp:120] Succeeded to add det end for frame 151
I1015 11:10:35.529768  3640 work_thread.hpp:81]  [T-Work-Detect_0] Run work: WrokTrack
I1015 11:10:35.529793  3640 work_track.cpp:102] Succeeded to set track lock for frame 151
I1015 11:10:35.529819  3640 work_track.cpp:116] Succeeded to release track lock for frame 151
I1015 11:10:35.529832  3640 work_track.cpp:120] Track results of frame 151: 0 objects input, 0 objects tracked!
I1015 11:10:35.529850  3640 work_thread.hpp:87]  [T-Work-Detect_0] Frame :151 split
I1015 11:10:35.536819  3643 thread_intergrate.hpp:100] T-Intergrate-intergrate Try push queue sorting again 5 vs 5
I1015 11:10:35.539929  3640 work_thread.hpp:102]  [T-Work-Detect_0] Try to push queue frame again 8 vs 8
I1015 11:10:35.546903  3643 thread_intergrate.hpp:100] T-Intergrate-intergrate Try push queue sorting again 5 vs 5
I1015 11:10:35.550015  3640 work_thread.hpp:102]  [T-Work-Detect_0] Try to push queue frame again 8 vs 8
I1015 11:10:35.556996  3643 thread_intergrate.hpp:100] T-Intergrate-intergrate Try push queue sorting again 5 vs 5
I1015 11:10:35.558851  3637 demo_inner.hpp:177] decode queue size 0
I1015 11:10:35.560111  3640 work_thread.hpp:102]  [T-Work-Detect_0] Try to push queue frame again 8 vs 8
I1015 11:10:35.567095  3643 thread_intergrate.hpp:100] T-Intergrate-intergrate Try push queue sorting again 5 vs 5
I1015 11:10:35.570196  3640 work_thread.hpp:102]  [T-Work-Detect_0] Try to push queue frame again 8 vs 8
I1015 11:10:35.577181  3643 thread_intergrate.hpp:100] T-Intergrate-intergrate Try push queue sorting again 5 vs 5
I1015 11:10:35.580282  3640 work_thread.hpp:102]  [T-Work-Detect_0] Try to push queue frame again 8 vs 8
I1015 11:10:35.587276  3643 thread_intergrate.hpp:100] T-Intergrate-intergrate Try push queue sorting again 5 vs 5
I1015 11:10:35.589045  3637 demo_inner.hpp:177] decode queue size 1
I1015 11:10:35.590379  3640 work_thread.hpp:102]  [T-Work-Detect_0] Try to push queue frame again 8 vs 8
I1015 11:10:35.597460  3643 thread_intergrate.hpp:100] T-Intergrate-intergrate Try push queue sorting again 5 vs 5
I1015 11:10:35.600468  3640 work_thread.hpp:102]  [T-Work-Detect_0] Try to push queue frame again 8 vs 8
I1015 11:10:35.607544  3643 thread_intergrate.hpp:100] T-Intergrate-intergrate Try push queue sorting again 5 vs 5
I1015 11:10:35.610548  3640 work_thread.hpp:102]  [T-Work-Detect_0] Try to push queue frame again 8 vs 8
I1015 11:10:35.617640  3643 thread_intergrate.hpp:100] T-Intergrate-intergrate Try push queue sorting again 5 vs 5
I1015 11:10:35.620632  3640 work_thread.hpp:102]  [T-Work-Detect_0] Try to push queue frame again 8 vs 8
I1015 11:10:35.624310  3637 demo_inner.hpp:177] decode queue size 1
I1015 11:10:35.627748  3643 thread_intergrate.hpp:100] T-Intergrate-intergrate Try push queue sorting again 5 vs 5
I1015 11:10:35.630717  3640 work_thread.hpp:102]  [T-Work-Detect_0] Try to push queue frame again 8 vs 8
I1015 11:10:35.637835  3643 thread_intergrate.hpp:100] T-Intergrate-intergrate Try push queue sorting again 5 vs 5
I1015 11:10:35.640799  3640 work_thread.hpp:102]  [T-Work-Detect_0] Try to push queue frame again 8 vs 8
I1015 11:10:35.647925  3643 thread_intergrate.hpp:100] T-Intergrate-intergrate Try push queue sorting again 5 vs 5
I1015 11:10:35.650882  3640 work_thread.hpp:102]  [T-Work-Detect_0] Try to push queue frame again 8 vs 8
I1015 11:10:35.654369  3637 demo_inner.hpp:177] decode queue size 1
I1015 11:10:35.658033  3643 thread_intergrate.hpp:100] T-Intergrate-intergrate Try push queue sorting again 5 vs 5
I1015 11:10:35.660967  3640 work_thread.hpp:102]  [T-Work-Detect_0] Try to push queue frame again 8 vs 8
I1015 11:10:35.664738  3638 demo_inner.hpp:260]  gui queue size 10, state = running
I1015 11:10:35.665133  3639 demo_inner.hpp:435] thread [SORT-0]  frame id 137 sorting queue size 0   FPS: 23.0061
I1015 11:10:35.665518  3639 demo_inner.hpp:435] thread [SORT-0]  frame id 138 sorting queue size 1   FPS: 23.3281
I1015 11:10:35.665881  3639 demo_inner.hpp:435] thread [SORT-0]  frame id 139 sorting queue size 2   FPS: 23.6035
I1015 11:10:35.666117  3643 thread_intergrate.hpp:83] [T-Intergrate-intergrate] queue: frame output frame :143
I1015 11:10:35.666177  3640 work_thread.hpp:81]  [T-Work-Detect_0] Run work: WorkDetect
I1015 11:10:35.666203  3640 work_detect.cpp:102] Succeeded to add det start for frame 152
I1015 11:10:35.666265  3639 demo_inner.hpp:435] thread [SORT-0]  frame id 140 sorting queue size 3   FPS: 23.933
I1015 11:10:35.666600  3639 demo_inner.hpp:435] thread [SORT-0]  frame id 141 sorting queue size 4   FPS: 24.2229
I1015 11:10:35.666903  3639 demo_inner.hpp:435] thread [SORT-0]  frame id 142 sorting queue size 5   FPS: 24.57
I1015 11:10:35.667222  3643 thread_intergrate.hpp:83] [T-Intergrate-intergrate] queue: frame output frame :144
I1015 11:10:35.667564  3639 demo_inner.hpp:435] thread [SORT-0]  frame id 143 sorting queue size 6   FPS: 24.9377
I1015 11:10:35.667843  3638 demo_inner.hpp:260]  gui queue size 6, state = running
I1015 11:10:35.669844  3643 thread_intergrate.hpp:83] [T-Intergrate-intergrate] queue: frame output frame :145
I1015 11:10:35.670346  3639 demo_inner.hpp:435] thread [SORT-0]  frame id 144 sorting queue size 0   FPS: 25.2207
I1015 11:10:35.671018  3643 thread_intergrate.hpp:83] [T-Intergrate-intergrate] queue: frame output frame :146
I1015 11:10:35.671459  3639 demo_inner.hpp:435] thread [SORT-0]  frame id 145 sorting queue size 1   FPS: 25.5973
I1015 11:10:35.671728  3638 demo_inner.hpp:260]  gui queue size 1, state = running
I1015 11:10:35.672168  3643 thread_intergrate.hpp:83] [T-Intergrate-intergrate] queue: frame output frame :147
I1015 11:10:35.672569  3639 demo_inner.hpp:435] thread [SORT-0]  frame id 146 sorting queue size 0   FPS: 25.9179
I1015 11:10:35.673286  3643 thread_intergrate.hpp:83] [T-Intergrate-intergrate] queue: frame output frame :148
I1015 11:10:35.673813  3639 demo_inner.hpp:435] thread [SORT-0]  frame id 147 sorting queue size 1   FPS: 26.3043
I1015 11:10:35.674525  3643 thread_intergrate.hpp:83] [T-Intergrate-intergrate] queue: frame output frame :149
I1015 11:10:35.674942  3639 demo_inner.hpp:435] thread [SORT-0]  frame id 148 sorting queue size 2   FPS: 26.643
I1015 11:10:35.675662  3643 thread_intergrate.hpp:83] [T-Intergrate-intergrate] queue: frame output frame :150
I1015 11:10:35.675844  3640 work_detect.cpp:70] Frame :152 detect result :0 face(s)
I1015 11:10:35.675953  3640 work_detect.cpp:120] Succeeded to add det end for frame 152
I1015 11:10:35.675972  3640 work_thread.hpp:81]  [T-Work-Detect_0] Run work: WrokTrack
I1015 11:10:35.676010  3640 work_track.cpp:102] Succeeded to set track lock for frame 152
I1015 11:10:35.676038  3640 work_track.cpp:116] Succeeded to release track lock for frame 152
I1015 11:10:35.676059  3640 work_track.cpp:120] Track results of frame 152: 0 objects input, 0 objects tracked!
I1015 11:10:35.676077  3640 work_thread.hpp:87]  [T-Work-Detect_0] Frame :152 split
I1015 11:10:35.676093  3639 demo_inner.hpp:435] thread [SORT-0]  frame id 149 sorting queue size 3   FPS: 27.0636
I1015 11:10:35.676774  3643 thread_intergrate.hpp:83] [T-Intergrate-intergrate] queue: frame output frame :151
I1015 11:10:35.677075  3639 demo_inner.hpp:435] thread [SORT-0]  frame id 150 sorting queue size 4   FPS: 27.4223
I1015 11:10:35.677866  3643 thread_intergrate.hpp:83] [T-Intergrate-intergrate] queue: frame output frame :152
I1015 11:10:35.678284  3639 demo_inner.hpp:435] thread [SORT-0]  frame id 151 sorting queue size 5   FPS: 27.8681
I1015 11:10:35.679327  3639 demo_inner.hpp:435] thread [SORT-0]  frame id 152 sorting queue size 6   FPS: 28.3286
I1015 11:10:35.690860  3637 demo_inner.hpp:177] decode queue size 0
I1015 11:10:35.691069  3640 work_thread.hpp:81]  [T-Work-Detect_0] Run work: WorkDetect
I1015 11:10:35.691103  3640 work_detect.cpp:102] Succeeded to add det start for frame 153
I1015 11:10:35.698401  3640 work_detect.cpp:70] Frame :153 detect result :1 face(s)
I1015 11:10:35.698448  3640 work_detect.cpp:86] Detected bbox: [15 x 19 from (520, 102)]
I1015 11:10:35.698493  3640 work_detect.cpp:120] Succeeded to add det end for frame 153
I1015 11:10:35.698508  3640 work_thread.hpp:81]  [T-Work-Detect_0] Run work: WrokTrack
I1015 11:10:35.698532  3640 work_track.cpp:82] Frame: 153 build input_characts: [0.0234375 x 0.0527778 from (0.8125, 0.283333)], 0.914439, 0
I1015 11:10:35.698593  3640 work_track.cpp:102] Succeeded to set track lock for frame 153
I1015 11:10:35.698678  3640 work_track.cpp:116] Succeeded to release track lock for frame 153
I1015 11:10:35.698694  3640 work_track.cpp:120] Track results of frame 153: 1 objects input, 0 objects tracked!
I1015 11:10:35.698711  3640 work_track.cpp:162] Frame: 153 lid: 0 not tracked, will set invalid
I1015 11:10:35.698726  3640 work_thread.hpp:87]  [T-Work-Detect_0] Frame :153 split
I1015 11:10:35.698742  3640 work_thread.hpp:126]  [T-Work-Detect_0] Invalid piece: lid = 0, drop it
I1015 11:10:35.698801  3643 thread_intergrate.hpp:83] [T-Intergrate-intergrate] queue: frame output frame :153
I1015 11:10:35.700276  3639 demo_inner.hpp:435] thread [SORT-0]  frame id 153 sorting queue size 7   FPS: 28.4495
I1015 11:10:35.718637  3637 demo_inner.hpp:177] decode queue size 0
I1015 11:10:35.718755  3640 work_thread.hpp:81]  [T-Work-Detect_0] Run work: WorkDetect
I1015 11:10:35.718787  3640 work_detect.cpp:102] Succeeded to add det start for frame 154
I1015 11:10:35.725188  3640 work_detect.cpp:70] Frame :154 detect result :0 face(s)
I1015 11:10:35.725244  3640 work_detect.cpp:120] Succeeded to add det end for frame 154
I1015 11:10:35.725260  3640 work_thread.hpp:81]  [T-Work-Detect_0] Run work: WrokTrack
I1015 11:10:35.725286  3640 work_track.cpp:102] Succeeded to set track lock for frame 154
I1015 11:10:35.725343  3640 work_track.cpp:116] Succeeded to release track lock for frame 154
I1015 11:10:35.725358  3640 work_track.cpp:120] Track results of frame 154: 0 objects input, 0 objects tracked!
I1015 11:10:35.725450  3640 work_thread.hpp:87]  [T-Work-Detect_0] Frame :154 split
I1015 11:10:35.725493  3643 thread_intergrate.hpp:83] [T-Intergrate-intergrate] queue: frame output frame :154
I1015 11:10:35.726963  3639 demo_inner.hpp:435] thread [SORT-0]  frame id 154 sorting queue size 8   FPS: 28.5714
I1015 11:10:35.754523  3637 demo_inner.hpp:177] decode queue size 0
I1015 11:10:35.754628  3640 work_thread.hpp:81]  [T-Work-Detect_0] Run work: WorkDetect
I1015 11:10:35.754664  3640 work_detect.cpp:102] Succeeded to add det start for frame 155
I1015 11:10:35.761068  3640 work_detect.cpp:70] Frame :155 detect result :0 face(s)
I1015 11:10:35.761116  3640 work_detect.cpp:120] Succeeded to add det end for frame 155
I1015 11:10:35.761132  3640 work_thread.hpp:81]  [T-Work-Detect_0] Run work: WrokTrack
I1015 11:10:35.761158  3640 work_track.cpp:102] Succeeded to set track lock for frame 155
I1015 11:10:35.761207  3640 work_track.cpp:116] Succeeded to release track lock for frame 155
I1015 11:10:35.761221  3640 work_track.cpp:120] Track results of frame 155: 0 objects input, 0 objects tracked!
I1015 11:10:35.761240  3640 work_thread.hpp:87]  [T-Work-Detect_0] Frame :155 split
I1015 11:10:35.761282  3643 thread_intergrate.hpp:83] [T-Intergrate-intergrate] queue: frame output frame :155
I1015 11:10:35.762810  3639 demo_inner.hpp:435] thread [SORT-0]  frame id 155 sorting queue size 9   FPS: 28.5036
I1015 11:10:35.790403  3637 demo_inner.hpp:177] decode queue size 0
I1015 11:10:35.790510  3640 work_thread.hpp:81]  [T-Work-Detect_0] Run work: WorkDetect
I1015 11:10:35.790544  3640 work_detect.cpp:102] Succeeded to add det start for frame 156
I1015 11:10:35.796962  3640 work_detect.cpp:70] Frame :156 detect result :0 face(s)
I1015 11:10:35.797008  3640 work_detect.cpp:120] Succeeded to add det end for frame 156
I1015 11:10:35.797024  3640 work_thread.hpp:81]  [T-Work-Detect_0] Run work: WrokTrack
I1015 11:10:35.797049  3640 work_track.cpp:102] Succeeded to set track lock for frame 156
I1015 11:10:35.797075  3640 work_track.cpp:116] Succeeded to release track lock for frame 156
I1015 11:10:35.797088  3640 work_track.cpp:120] Track results of frame 156: 0 objects input, 0 objects tracked!
I1015 11:10:35.797106  3640 work_thread.hpp:87]  [T-Work-Detect_0] Frame :156 split
I1015 11:10:35.797145  3643 thread_intergrate.hpp:83] [T-Intergrate-intergrate] queue: frame output frame :156
I1015 11:10:35.798671  3639 demo_inner.hpp:435] thread [SORT-0]  frame id 156 sorting queue size 10   FPS: 28.5036
I1015 11:10:35.820467  3637 demo_inner.hpp:177] decode queue size 0
I1015 11:10:35.820552  3640 work_thread.hpp:81]  [T-Work-Detect_0] Run work: WorkDetect
I1015 11:10:35.820585  3640 work_detect.cpp:102] Succeeded to add det start for frame 157
I1015 11:10:35.827064  3640 work_detect.cpp:70] Frame :157 detect result :0 face(s)
I1015 11:10:35.827119  3640 work_detect.cpp:120] Succeeded to add det end for frame 157
I1015 11:10:35.827136  3640 work_thread.hpp:81]  [T-Work-Detect_0] Run work: WrokTrack
I1015 11:10:35.827162  3640 work_track.cpp:102] Succeeded to set track lock for frame 157
I1015 11:10:35.827188  3640 work_track.cpp:116] Succeeded to release track lock for frame 157
I1015 11:10:35.827201  3640 work_track.cpp:120] Track results of frame 157: 0 objects input, 0 objects tracked!
I1015 11:10:35.827219  3640 work_thread.hpp:87]  [T-Work-Detect_0] Frame :157 split
I1015 11:10:35.827270  3643 thread_intergrate.hpp:83] [T-Intergrate-intergrate] queue: frame output frame :157
I1015 11:10:35.829973  3638 demo_inner.hpp:260]  gui queue size 10, state = running
I1015 11:10:35.830322  3639 demo_inner.hpp:435] thread [SORT-0]  frame id 157 sorting queue size 3   FPS: 28.4765
I1015 11:10:35.856608  3637 demo_inner.hpp:177] decode queue size 0
I1015 11:10:35.856711  3640 work_thread.hpp:81]  [T-Work-Detect_0] Run work: WorkDetect
I1015 11:10:35.856746  3640 work_detect.cpp:102] Succeeded to add det start for frame 158
I1015 11:10:35.863025  3640 work_detect.cpp:70] Frame :158 detect result :0 face(s)
I1015 11:10:35.863147  3640 work_detect.cpp:120] Succeeded to add det end for frame 158
I1015 11:10:35.863163  3640 work_thread.hpp:81]  [T-Work-Detect_0] Run work: WrokTrack
I1015 11:10:35.863190  3640 work_track.cpp:102] Succeeded to set track lock for frame 158
I1015 11:10:35.863215  3640 work_track.cpp:116] Succeeded to release track lock for frame 158
I1015 11:10:35.863229  3640 work_track.cpp:120] Track results of frame 158: 0 objects input, 0 objects tracked!
I1015 11:10:35.863247  3640 work_thread.hpp:87]  [T-Work-Detect_0] Frame :158 split
I1015 11:10:35.863286  3643 thread_intergrate.hpp:83] [T-Intergrate-intergrate] queue: frame output frame :158
I1015 11:10:35.864830  3639 demo_inner.hpp:435] thread [SORT-0]  frame id 158 sorting queue size 0   FPS: 28.5036
I1015 11:10:35.864894  3638 demo_inner.hpp:260]  gui queue size 0, state = running
I1015 11:10:35.886601  3637 demo_inner.hpp:177] decode queue size 0
I1015 11:10:35.886693  3640 work_thread.hpp:81]  [T-Work-Detect_0] Run work: WorkDetect
I1015 11:10:35.886727  3640 work_detect.cpp:102] Succeeded to add det start for frame 159
I1015 11:10:35.893152  3640 work_detect.cpp:70] Frame :159 detect result :0 face(s)
I1015 11:10:35.893204  3640 work_detect.cpp:120] Succeeded to add det end for frame 159
I1015 11:10:35.893220  3640 work_thread.hpp:81]  [T-Work-Detect_0] Run work: WrokTrack
I1015 11:10:35.893247  3640 work_track.cpp:102] Succeeded to set track lock for frame 159
I1015 11:10:35.893273  3640 work_track.cpp:116] Succeeded to release track lock for frame 159
I1015 11:10:35.893286  3640 work_track.cpp:120] Track results of frame 159: 0 objects input, 0 objects tracked!
I1015 11:10:35.893304  3640 work_thread.hpp:87]  [T-Work-Detect_0] Frame :159 split
I1015 11:10:35.893347  3643 thread_intergrate.hpp:83] [T-Intergrate-intergrate] queue: frame output frame :159
I1015 11:10:35.894896  3639 demo_inner.hpp:435] thread [SORT-0]  frame id 159 sorting queue size 0   FPS: 28.6396
I1015 11:10:35.894956  3638 demo_inner.hpp:260]  gui queue size 0, state = running
I1015 11:10:35.922523  3637 demo_inner.hpp:177] decode queue size 0
I1015 11:10:35.922621  3640 work_thread.hpp:81]  [T-Work-Detect_0] Run work: WorkDetect
I1015 11:10:35.922653  3640 work_detect.cpp:102] Succeeded to add det start for frame 160
I1015 11:10:35.929018  3640 work_detect.cpp:70] Frame :160 detect result :0 face(s)
I1015 11:10:35.929069  3640 work_detect.cpp:120] Succeeded to add det end for frame 160
I1015 11:10:35.929085  3640 work_thread.hpp:81]  [T-Work-Detect_0] Run work: WrokTrack
I1015 11:10:35.929112  3640 work_track.cpp:102] Succeeded to set track lock for frame 160
I1015 11:10:35.929137  3640 work_track.cpp:116] Succeeded to release track lock for frame 160
I1015 11:10:35.929152  3640 work_track.cpp:120] Track results of frame 160: 0 objects input, 0 objects tracked!
I1015 11:10:35.929169  3640 work_thread.hpp:87]  [T-Work-Detect_0] Frame :160 split
I1015 11:10:35.929217  3643 thread_intergrate.hpp:83] [T-Intergrate-intergrate] queue: frame output frame :160
I1015 11:10:35.930747  3639 demo_inner.hpp:435] thread [SORT-0]  frame id 160 sorting queue size 0   FPS: 28.5036
I1015 11:10:35.930814  3638 demo_inner.hpp:260]  gui queue size 0, state = running
I1015 11:10:35.952641  3637 demo_inner.hpp:177] decode queue size 0
I1015 11:10:35.952730  3640 work_thread.hpp:81]  [T-Work-Detect_0] Run work: WorkDetect
I1015 11:10:35.952764  3640 work_detect.cpp:102] Succeeded to add det start for frame 161
I1015 11:10:35.959092  3640 work_detect.cpp:70] Frame :161 detect result :0 face(s)
I1015 11:10:35.959141  3640 work_detect.cpp:120] Succeeded to add det end for frame 161
I1015 11:10:35.959156  3640 work_thread.hpp:81]  [T-Work-Detect_0] Run work: WrokTrack
I1015 11:10:35.959183  3640 work_track.cpp:102] Succeeded to set track lock for frame 161
I1015 11:10:35.959209  3640 work_track.cpp:116] Succeeded to release track lock for frame 161
I1015 11:10:35.959223  3640 work_track.cpp:120] Track results of frame 161: 0 objects input, 0 objects tracked!
I1015 11:10:35.959240  3640 work_thread.hpp:87]  [T-Work-Detect_0] Frame :161 split
I1015 11:10:35.959362  3643 thread_intergrate.hpp:83] [T-Intergrate-intergrate] queue: frame output frame :161
I1015 11:10:35.960839  3639 demo_inner.hpp:435] thread [SORT-0]  frame id 161 sorting queue size 0   FPS: 28.5714
I1015 11:10:35.960902  3638 demo_inner.hpp:260]  gui queue size 0, state = running
I1015 11:10:35.988801  3637 demo_inner.hpp:177] decode queue size 0
I1015 11:10:35.988922  3640 work_thread.hpp:81]  [T-Work-Detect_0] Run work: WorkDetect
I1015 11:10:35.988958  3640 work_detect.cpp:102] Succeeded to add det start for frame 162
I1015 11:10:35.995353  3640 work_detect.cpp:70] Frame :162 detect result :0 face(s)
I1015 11:10:35.995407  3640 work_detect.cpp:120] Succeeded to add det end for frame 162
I1015 11:10:35.995424  3640 work_thread.hpp:81]  [T-Work-Detect_0] Run work: WrokTrack
I1015 11:10:35.995451  3640 work_track.cpp:102] Succeeded to set track lock for frame 162
I1015 11:10:35.995476  3640 work_track.cpp:116] Succeeded to release track lock for frame 162
I1015 11:10:35.995489  3640 work_track.cpp:120] Track results of frame 162: 0 objects input, 0 objects tracked!
I1015 11:10:35.995507  3640 work_thread.hpp:87]  [T-Work-Detect_0] Frame :162 split
I1015 11:10:35.995548  3643 thread_intergrate.hpp:83] [T-Intergrate-intergrate] queue: frame output frame :162
I1015 11:10:35.997078  3639 demo_inner.hpp:435] thread [SORT-0]  frame id 162 sorting queue size 0   FPS: 28.5036
I1015 11:10:35.997143  3638 demo_inner.hpp:260]  gui queue size 0, state = running
I1015 11:10:36.024523  3637 demo_inner.hpp:177] decode queue size 0
I1015 11:10:36.024623  3640 work_thread.hpp:81]  [T-Work-Detect_0] Run work: WorkDetect
I1015 11:10:36.024657  3640 work_detect.cpp:102] Succeeded to add det start for frame 163
I1015 11:10:36.031014  3640 work_detect.cpp:70] Frame :163 detect result :0 face(s)
I1015 11:10:36.031069  3640 work_detect.cpp:120] Succeeded to add det end for frame 163
I1015 11:10:36.031085  3640 work_thread.hpp:81]  [T-Work-Detect_0] Run work: WrokTrack
I1015 11:10:36.031111  3640 work_track.cpp:102] Succeeded to set track lock for frame 163
I1015 11:10:36.031137  3640 work_track.cpp:116] Succeeded to release track lock for frame 163
I1015 11:10:36.031150  3640 work_track.cpp:120] Track results of frame 163: 0 objects input, 0 objects tracked!
I1015 11:10:36.031168  3640 work_thread.hpp:87]  [T-Work-Detect_0] Frame :163 split
I1015 11:10:36.031211  3643 thread_intergrate.hpp:83] [T-Intergrate-intergrate] queue: frame output frame :163
I1015 11:10:36.032759  3639 demo_inner.hpp:435] thread [SORT-0]  frame id 163 sorting queue size 0   FPS: 28.5036
I1015 11:10:36.032825  3638 demo_inner.hpp:260]  gui queue size 0, state = running
I1015 11:10:36.054522  3637 demo_inner.hpp:177] decode queue size 0
I1015 11:10:36.054625  3640 work_thread.hpp:81]  [T-Work-Detect_0] Run work: WorkDetect
I1015 11:10:36.054658  3640 work_detect.cpp:102] Succeeded to add det start for frame 164
