I1014 12:06:14.652232  5659 work_recog.hpp:96] Recog pair: [216 x 264 from (272, 88)], [150 x 184 from (33, 42)]
I1014 12:06:14.652766  5660 thread_intergrate.hpp:157] T-Intergrate-intergrate Show face :0, size :640 * 360
I1014 12:06:14.653326  5656 demo_inner.hpp:435] thread [SORT-0]  frame id 130 sorting queue size 0   FPS: 29.946
I1014 12:06:14.670390  5659 work_thread.hpp:81]  [T-Work-Recog_1] Run work: WorkCompare
I1014 12:06:14.670506  5659 work_compare.cpp:76] Compare face: 0 successed, similarity :0.978193, name : images/thanglmb.jpg, normal size : 640 * 360!
I1014 12:06:14.679823  5654 demo_inner.hpp:177] decode queue size 0
I1014 12:06:14.679921  5657 work_thread.hpp:81]  [T-Work-Detect_0] Run work: WorkDetect
I1014 12:06:14.679958  5657 work_detect.cpp:102] Succeeded to add det start for frame 131
I1014 12:06:14.686794  5657 work_detect.cpp:70] Frame :131 detect result :1 face(s)
I1014 12:06:14.686847  5657 work_detect.cpp:86] Detected bbox: [130 x 174 from (308, 116)]
I1014 12:06:14.686892  5657 work_detect.cpp:120] Succeeded to add det end for frame 131
I1014 12:06:14.686908  5657 work_thread.hpp:81]  [T-Work-Detect_0] Run work: WrokTrack
I1014 12:06:14.686933  5657 work_track.cpp:82] Frame: 131 build input_characts: [0.203125 x 0.483333 from (0.48125, 0.322222)], 0.997596, 0
I1014 12:06:14.686990  5657 work_track.cpp:102] Succeeded to set track lock for frame 131
I1014 12:06:14.687031  5657 work_track.cpp:116] Succeeded to release track lock for frame 131
I1014 12:06:14.687045  5657 work_track.cpp:120] Track results of frame 131: 1 objects input, 1 objects tracked!
I1014 12:06:14.687064  5657 work_track.cpp:148] Frame: 131, track bbox: [130 x 174 from (311.221, 128.867)], gid: 0, lid: 0
I1014 12:06:14.687099  5657 work_thread.hpp:88]  [T-Work-Detect_0] Frame :131 split
I1014 12:06:14.687117  5657 work_thread.hpp:120]  [T-Work-Detect_0] Valid piece: gid = 0
I1014 12:06:14.687135  5657 work_thread.hpp:92]  [T-Work-Detect_0] Push to split queue:recog
I1014 12:06:14.687191  5658 work_thread.hpp:81]  [T-Work-Recog_0] Run work: WorkCapture
I1014 12:06:14.687495  5660 thread_intergrate.hpp:78] [T-Intergrate-intergrate] queue: frame output frame :131
I1014 12:06:14.687522  5660 thread_intergrate.hpp:85] [T-Intergrate-intergrate] queue: compare output face:0
I1014 12:06:14.687541  5660 thread_intergrate.hpp:137] T-Intergrate-intergrate set matched face: 0
I1014 12:06:14.687750  5658 work_thread.hpp:81]  [T-Work-Recog_0] Run work: WorkRecog
I1014 12:06:14.687773  5658 work_recog.hpp:89] Face id: 0 will run recog: bbox [130 x 174 from (308, 116)] quality: 0.459601
I1014 12:06:14.687801  5658 work_recog.hpp:96] Recog pair: [184 x 248 from (280, 80)], [130 x 174 from (28, 36)]
I1014 12:06:14.688740  5660 thread_intergrate.hpp:157] T-Intergrate-intergrate Show face :0, size :640 * 360
I1014 12:06:14.689389  5656 demo_inner.hpp:435] thread [SORT-0]  frame id 131 sorting queue size 1   FPS: 29.8727
I1014 12:06:14.705175  5658 work_thread.hpp:81]  [T-Work-Recog_0] Run work: WorkCompare
I1014 12:06:14.705286  5658 work_compare.cpp:76] Compare face: 0 successed, similarity :0.984814, name : images/thanglmb.jpg, normal size : 640 * 360!
I1014 12:06:14.709499  5654 demo_inner.hpp:177] decode queue size 0
I1014 12:06:14.709589  5657 work_thread.hpp:81]  [T-Work-Detect_0] Run work: WorkDetect
I1014 12:06:14.709623  5657 work_detect.cpp:102] Succeeded to add det start for frame 132
I1014 12:06:14.716542  5657 work_detect.cpp:70] Frame :132 detect result :1 face(s)
I1014 12:06:14.716593  5657 work_detect.cpp:86] Detected bbox: [153 x 188 from (303, 128)]
I1014 12:06:14.716637  5657 work_detect.cpp:120] Succeeded to add det end for frame 132
I1014 12:06:14.716653  5657 work_thread.hpp:81]  [T-Work-Detect_0] Run work: WrokTrack
I1014 12:06:14.716677  5657 work_track.cpp:82] Frame: 132 build input_characts: [0.239063 x 0.522222 from (0.473437, 0.355556)], 1.00019, 0
I1014 12:06:14.716733  5657 work_track.cpp:102] Succeeded to set track lock for frame 132
I1014 12:06:14.716773  5657 work_track.cpp:116] Succeeded to release track lock for frame 132
I1014 12:06:14.716789  5657 work_track.cpp:120] Track results of frame 132: 1 objects input, 1 objects tracked!
I1014 12:06:14.716806  5657 work_track.cpp:148] Frame: 132, track bbox: [153 x 188 from (302.704, 124.408)], gid: 0, lid: 0
I1014 12:06:14.716843  5657 work_thread.hpp:88]  [T-Work-Detect_0] Frame :132 split
I1014 12:06:14.716861  5657 work_thread.hpp:120]  [T-Work-Detect_0] Valid piece: gid = 0
I1014 12:06:14.716879  5657 work_thread.hpp:92]  [T-Work-Detect_0] Push to split queue:recog
I1014 12:06:14.716926  5659 work_thread.hpp:81]  [T-Work-Recog_1] Run work: WorkCapture
I1014 12:06:14.716931  5660 thread_intergrate.hpp:78] [T-Intergrate-intergrate] queue: frame output frame :132
I1014 12:06:14.716959  5660 thread_intergrate.hpp:85] [T-Intergrate-intergrate] queue: compare output face:0
I1014 12:06:14.716979  5660 thread_intergrate.hpp:137] T-Intergrate-intergrate set matched face: 0
I1014 12:06:14.717543  5659 work_thread.hpp:81]  [T-Work-Recog_1] Run work: WorkRecog
I1014 12:06:14.717568  5659 work_recog.hpp:89] Face id: 0 will run recog: bbox [153 x 188 from (303, 128)] quality: 0.430074
I1014 12:06:14.717607  5659 work_recog.hpp:96] Recog pair: [216 x 272 from (272, 88)], [153 x 188 from (31, 40)]
I1014 12:06:14.718152  5660 thread_intergrate.hpp:157] T-Intergrate-intergrate Show face :0, size :640 * 360
I1014 12:06:14.718670  5656 demo_inner.hpp:435] thread [SORT-0]  frame id 132 sorting queue size 2   FPS: 29.9607
I1014 12:06:14.735630  5659 work_thread.hpp:81]  [T-Work-Recog_1] Run work: WorkCompare
I1014 12:06:14.735746  5659 work_compare.cpp:76] Compare face: 0 successed, similarity :0.926975, name : images/thanglmb.jpg, normal size : 640 * 360!
I1014 12:06:14.745715  5654 demo_inner.hpp:177] decode queue size 0
I1014 12:06:14.745842  5657 work_thread.hpp:81]  [T-Work-Detect_0] Run work: WorkDetect
I1014 12:06:14.745878  5657 work_detect.cpp:102] Succeeded to add det start for frame 133
I1014 12:06:14.752776  5657 work_detect.cpp:70] Frame :133 detect result :1 face(s)
I1014 12:06:14.752826  5657 work_detect.cpp:86] Detected bbox: [154 x 200 from (293, 123)]
I1014 12:06:14.752868  5657 work_detect.cpp:120] Succeeded to add det end for frame 133
I1014 12:06:14.752885  5657 work_thread.hpp:81]  [T-Work-Detect_0] Run work: WrokTrack
I1014 12:06:14.752909  5657 work_track.cpp:82] Frame: 133 build input_characts: [0.240625 x 0.555556 from (0.457812, 0.341667)], 0.99799, 0
I1014 12:06:14.752964  5657 work_track.cpp:102] Succeeded to set track lock for frame 133
I1014 12:06:14.753005  5657 work_track.cpp:116] Succeeded to release track lock for frame 133
I1014 12:06:14.753021  5657 work_track.cpp:120] Track results of frame 133: 1 objects input, 1 objects tracked!
I1014 12:06:14.753038  5657 work_track.cpp:148] Frame: 133, track bbox: [154 x 200 from (297.957, 118.75)], gid: 0, lid: 0
I1014 12:06:14.753154  5657 work_thread.hpp:88]  [T-Work-Detect_0] Frame :133 split
I1014 12:06:14.753175  5657 work_thread.hpp:120]  [T-Work-Detect_0] Valid piece: gid = 0
I1014 12:06:14.753192  5657 work_thread.hpp:92]  [T-Work-Detect_0] Push to split queue:recog
I1014 12:06:14.753244  5658 work_thread.hpp:81]  [T-Work-Recog_0] Run work: WorkCapture
I1014 12:06:14.753551  5660 thread_intergrate.hpp:78] [T-Intergrate-intergrate] queue: frame output frame :133
I1014 12:06:14.753581  5660 thread_intergrate.hpp:85] [T-Intergrate-intergrate] queue: compare output face:0
I1014 12:06:14.753599  5660 thread_intergrate.hpp:137] T-Intergrate-intergrate set matched face: 0
I1014 12:06:14.753799  5658 work_thread.hpp:81]  [T-Work-Recog_0] Run work: WorkRecog
I1014 12:06:14.753823  5658 work_recog.hpp:89] Face id: 0 will run recog: bbox [154 x 200 from (293, 123)] quality: 0.448538
I1014 12:06:14.753851  5658 work_recog.hpp:96] Recog pair: [224 x 280 from (256, 80)], [154 x 200 from (37, 43)]
I1014 12:06:14.754783  5660 thread_intergrate.hpp:157] T-Intergrate-intergrate Show face :0, size :640 * 360
I1014 12:06:14.755342  5656 demo_inner.hpp:435] thread [SORT-0]  frame id 133 sorting queue size 3   FPS: 29.8873
I1014 12:06:14.771296  5658 work_thread.hpp:81]  [T-Work-Recog_0] Run work: WorkCompare
I1014 12:06:14.771409  5658 work_compare.cpp:76] Compare face: 0 successed, similarity :0.952744, name : images/thanglmb.jpg, normal size : 640 * 360!
I1014 12:06:14.776293  5654 demo_inner.hpp:177] decode queue size 0
I1014 12:06:14.776414  5657 work_thread.hpp:81]  [T-Work-Detect_0] Run work: WorkDetect
I1014 12:06:14.776449  5657 work_detect.cpp:102] Succeeded to add det start for frame 134
I1014 12:06:14.783118  5657 work_detect.cpp:70] Frame :134 detect result :1 face(s)
I1014 12:06:14.783164  5657 work_detect.cpp:86] Detected bbox: [151 x 201 from (294, 124)]
I1014 12:06:14.783207  5657 work_detect.cpp:120] Succeeded to add det end for frame 134
I1014 12:06:14.783223  5657 work_thread.hpp:81]  [T-Work-Detect_0] Run work: WrokTrack
I1014 12:06:14.783248  5657 work_track.cpp:82] Frame: 134 build input_characts: [0.235938 x 0.558333 from (0.459375, 0.344444)], 0.998681, 0
I1014 12:06:14.783303  5657 work_track.cpp:102] Succeeded to set track lock for frame 134
I1014 12:06:14.783345  5657 work_track.cpp:116] Succeeded to release track lock for frame 134
I1014 12:06:14.783361  5657 work_track.cpp:120] Track results of frame 134: 1 objects input, 1 objects tracked!
I1014 12:06:14.783380  5657 work_track.cpp:148] Frame: 134, track bbox: [151 x 201 from (294.555, 121.267)], gid: 0, lid: 0
I1014 12:06:14.783417  5657 work_thread.hpp:88]  [T-Work-Detect_0] Frame :134 split
I1014 12:06:14.783435  5657 work_thread.hpp:120]  [T-Work-Detect_0] Valid piece: gid = 0
I1014 12:06:14.783453  5657 work_thread.hpp:92]  [T-Work-Detect_0] Push to split queue:recog
I1014 12:06:14.783505  5659 work_thread.hpp:81]  [T-Work-Recog_1] Run work: WorkCapture
I1014 12:06:14.783507  5660 thread_intergrate.hpp:78] [T-Intergrate-intergrate] queue: frame output frame :134
I1014 12:06:14.783548  5660 thread_intergrate.hpp:85] [T-Intergrate-intergrate] queue: compare output face:0
I1014 12:06:14.783568  5660 thread_intergrate.hpp:137] T-Intergrate-intergrate set matched face: 0
I1014 12:06:14.784138  5659 work_thread.hpp:81]  [T-Work-Recog_1] Run work: WorkRecog
I1014 12:06:14.784194  5659 work_recog.hpp:89] Face id: 0 will run recog: bbox [151 x 201 from (294, 124)] quality: 0.453588
I1014 12:06:14.784225  5659 work_recog.hpp:96] Recog pair: [216 x 280 from (264, 80)], [151 x 201 from (30, 44)]
I1014 12:06:14.784756  5660 thread_intergrate.hpp:157] T-Intergrate-intergrate Show face :0, size :640 * 360
I1014 12:06:14.785274  5656 demo_inner.hpp:435] thread [SORT-0]  frame id 134 sorting queue size 4   FPS: 29.9607
I1014 12:06:14.802230  5659 work_thread.hpp:81]  [T-Work-Recog_1] Run work: WorkCompare
I1014 12:06:14.802361  5659 work_compare.cpp:76] Compare face: 0 successed, similarity :0.884609, name : images/thanglmb.jpg, normal size : 640 * 360!
I1014 12:06:14.812777  5654 demo_inner.hpp:177] decode queue size 0
I1014 12:06:14.812902  5657 work_thread.hpp:81]  [T-Work-Detect_0] Run work: WorkDetect
I1014 12:06:14.812940  5657 work_detect.cpp:102] Succeeded to add det start for frame 135
I1014 12:06:14.819530  5657 work_detect.cpp:70] Frame :135 detect result :2 face(s)
I1014 12:06:14.819572  5657 work_detect.cpp:86] Detected bbox: [149 x 198 from (295, 126)]
I1014 12:06:14.819604  5657 work_detect.cpp:86] Detected bbox: [56 x 56 from (112, 188)]
I1014 12:06:14.819635  5657 work_detect.cpp:120] Succeeded to add det end for frame 135
I1014 12:06:14.819651  5657 work_thread.hpp:81]  [T-Work-Detect_0] Run work: WrokTrack
I1014 12:06:14.819675  5657 work_track.cpp:82] Frame: 135 build input_characts: [0.232812 x 0.55 from (0.460938, 0.35)], 0.998681, 0
I1014 12:06:14.819728  5657 work_track.cpp:82] Frame: 135 build input_characts: [0.0875 x 0.155556 from (0.175, 0.522222)], 0.949752, 1
I1014 12:06:14.819764  5657 work_track.cpp:102] Succeeded to set track lock for frame 135
I1014 12:06:14.819813  5657 work_track.cpp:116] Succeeded to release track lock for frame 135
I1014 12:06:14.819828  5657 work_track.cpp:120] Track results of frame 135: 2 objects input, 1 objects tracked!
I1014 12:06:14.819846  5657 work_track.cpp:148] Frame: 135, track bbox: [149 x 198 from (293.966, 126.647)], gid: 0, lid: 0
I1014 12:06:14.819880  5657 work_track.cpp:162] Frame: 135 lid: 1 not tracked, will set invalid
I1014 12:06:14.819896  5657 work_thread.hpp:88]  [T-Work-Detect_0] Frame :135 split
I1014 12:06:14.819913  5657 work_thread.hpp:120]  [T-Work-Detect_0] Valid piece: gid = 0
I1014 12:06:14.819931  5657 work_thread.hpp:124]  [T-Work-Detect_0] Invalid piece: lid = 1, drop it
I1014 12:06:14.819947  5657 work_thread.hpp:92]  [T-Work-Detect_0] Push to split queue:recog
I1014 12:06:14.820003  5658 work_thread.hpp:81]  [T-Work-Recog_0] Run work: WorkCapture
I1014 12:06:14.820336  5660 thread_intergrate.hpp:78] [T-Intergrate-intergrate] queue: frame output frame :135
I1014 12:06:14.820364  5660 thread_intergrate.hpp:85] [T-Intergrate-intergrate] queue: compare output face:0
I1014 12:06:14.820384  5660 thread_intergrate.hpp:137] T-Intergrate-intergrate set matched face: 0
I1014 12:06:14.820590  5658 work_thread.hpp:81]  [T-Work-Recog_0] Run work: WorkRecog
I1014 12:06:14.820616  5658 work_recog.hpp:89] Face id: 0 will run recog: bbox [149 x 198 from (295, 126)] quality: 0.456811
I1014 12:06:14.820644  5658 work_recog.hpp:96] Recog pair: [216 x 280 from (264, 80)], [149 x 198 from (31, 46)]
I1014 12:06:14.821578  5660 thread_intergrate.hpp:157] T-Intergrate-intergrate Show face :0, size :640 * 360
I1014 12:06:14.822188  5656 demo_inner.hpp:435] thread [SORT-0]  frame id 135 sorting queue size 5   FPS: 29.8581
I1014 12:06:14.838210  5658 work_thread.hpp:81]  [T-Work-Recog_0] Run work: WorkCompare
I1014 12:06:14.838315  5658 work_compare.cpp:76] Compare face: 0 successed, similarity :0.960897, name : images/thanglmb.jpg, normal size : 640 * 360!
I1014 12:06:14.848151  5654 demo_inner.hpp:177] decode queue size 0
I1014 12:06:14.848366  5657 work_thread.hpp:81]  [T-Work-Detect_0] Run work: WorkDetect
I1014 12:06:14.848429  5657 work_detect.cpp:102] Succeeded to add det start for frame 136
I1014 12:06:14.855803  5657 work_detect.cpp:70] Frame :136 detect result :1 face(s)
I1014 12:06:14.855850  5657 work_detect.cpp:86] Detected bbox: [146 x 196 from (296, 127)]
I1014 12:06:14.855892  5657 work_detect.cpp:120] Succeeded to add det end for frame 136
I1014 12:06:14.855909  5657 work_thread.hpp:81]  [T-Work-Detect_0] Run work: WrokTrack
I1014 12:06:14.855960  5657 work_track.cpp:82] Frame: 136 build input_characts: [0.228125 x 0.544444 from (0.4625, 0.352778)], 0.998877, 0
I1014 12:06:14.856016  5657 work_track.cpp:102] Succeeded to set track lock for frame 136
I1014 12:06:14.856067  5657 work_track.cpp:116] Succeeded to release track lock for frame 136
I1014 12:06:14.856083  5657 work_track.cpp:120] Track results of frame 136: 1 objects input, 1 objects tracked!
I1014 12:06:14.856210  5657 work_track.cpp:148] Frame: 136, track bbox: [146 x 196 from (295.184, 130.99)], gid: 0, lid: 0
I1014 12:06:14.856250  5657 work_thread.hpp:88]  [T-Work-Detect_0] Frame :136 split
I1014 12:06:14.856268  5657 work_thread.hpp:120]  [T-Work-Detect_0] Valid piece: gid = 0
I1014 12:06:14.856295  5657 work_thread.hpp:92]  [T-Work-Detect_0] Push to split queue:recog
I1014 12:06:14.856341  5660 thread_intergrate.hpp:78] [T-Intergrate-intergrate] queue: frame output frame :136
I1014 12:06:14.856343  5658 work_thread.hpp:81]  [T-Work-Recog_0] Run work: WorkCapture
I1014 12:06:14.856370  5660 thread_intergrate.hpp:85] [T-Intergrate-intergrate] queue: compare output face:0
I1014 12:06:14.856389  5660 thread_intergrate.hpp:137] T-Intergrate-intergrate set matched face: 0
I1014 12:06:14.856923  5658 work_thread.hpp:81]  [T-Work-Recog_0] Run work: WorkRecog
I1014 12:06:14.856948  5658 work_recog.hpp:89] Face id: 0 will run recog: bbox [146 x 196 from (296, 127)] quality: 0.461059
I1014 12:06:14.856977  5658 work_recog.hpp:96] Recog pair: [208 x 272 from (264, 88)], [146 x 196 from (32, 39)]
I1014 12:06:14.857551  5660 thread_intergrate.hpp:157] T-Intergrate-intergrate Show face :0, size :640 * 360
I1014 12:06:14.858043  5656 demo_inner.hpp:435] thread [SORT-0]  frame id 136 sorting queue size 6   FPS: 29.8434
I1014 12:06:14.874356  5658 work_thread.hpp:81]  [T-Work-Recog_0] Run work: WorkCompare
I1014 12:06:14.874467  5658 work_compare.cpp:76] Compare face: 0 successed, similarity :0.959518, name : images/thanglmb.jpg, normal size : 640 * 360!
I1014 12:06:14.878110  5654 demo_inner.hpp:177] decode queue size 0
I1014 12:06:14.878230  5657 work_thread.hpp:81]  [T-Work-Detect_0] Run work: WorkDetect
I1014 12:06:14.878268  5657 work_detect.cpp:102] Succeeded to add det start for frame 137
I1014 12:06:14.885372  5657 work_detect.cpp:70] Frame :137 detect result :1 face(s)
I1014 12:06:14.885421  5657 work_detect.cpp:86] Detected bbox: [147 x 196 from (295, 128)]
I1014 12:06:14.885466  5657 work_detect.cpp:120] Succeeded to add det end for frame 137
I1014 12:06:14.885483  5657 work_thread.hpp:81]  [T-Work-Detect_0] Run work: WrokTrack
I1014 12:06:14.885509  5657 work_track.cpp:82] Frame: 137 build input_characts: [0.229687 x 0.544444 from (0.460938, 0.355556)], 0.998681, 0
I1014 12:06:14.885565  5657 work_track.cpp:102] Succeeded to set track lock for frame 137
I1014 12:06:14.885610  5657 work_track.cpp:116] Succeeded to release track lock for frame 137
I1014 12:06:14.885627  5657 work_track.cpp:120] Track results of frame 137: 1 objects input, 1 objects tracked!
I1014 12:06:14.885644  5657 work_track.cpp:148] Frame: 137, track bbox: [147 x 196 from (293.381, 128.149)], gid: 0, lid: 0
I1014 12:06:14.885680  5657 work_thread.hpp:88]  [T-Work-Detect_0] Frame :137 split
I1014 12:06:14.885699  5657 work_thread.hpp:120]  [T-Work-Detect_0] Valid piece: gid = 0
I1014 12:06:14.885716  5657 work_thread.hpp:92]  [T-Work-Detect_0] Push to split queue:recog
I1014 12:06:14.885762  5660 thread_intergrate.hpp:78] [T-Intergrate-intergrate] queue: frame output frame :137
I1014 12:06:14.885763  5659 work_thread.hpp:81]  [T-Work-Recog_1] Run work: WorkCapture
I1014 12:06:14.885795  5660 thread_intergrate.hpp:85] [T-Intergrate-intergrate] queue: compare output face:0
I1014 12:06:14.885815  5660 thread_intergrate.hpp:137] T-Intergrate-intergrate set matched face: 0
I1014 12:06:14.886443  5659 work_thread.hpp:81]  [T-Work-Recog_1] Run work: WorkRecog
I1014 12:06:14.886469  5659 work_recog.hpp:89] Face id: 0 will run recog: bbox [147 x 196 from (295, 128)] quality: 0.459052
I1014 12:06:14.886499  5659 work_recog.hpp:96] Recog pair: [208 x 272 from (264, 88)], [147 x 196 from (31, 40)]
I1014 12:06:14.886994  5660 thread_intergrate.hpp:157] T-Intergrate-intergrate Show face :0, size :640 * 360
I1014 12:06:14.887594  5656 demo_inner.hpp:435] thread [SORT-0]  frame id 137 sorting queue size 7   FPS: 29.946
I1014 12:06:14.904866  5659 work_thread.hpp:81]  [T-Work-Recog_1] Run work: WorkCompare
I1014 12:06:14.905001  5659 work_compare.cpp:76] Compare face: 0 successed, similarity :0.963674, name : images/thanglmb.jpg, normal size : 640 * 360!
I1014 12:06:14.914706  5654 demo_inner.hpp:177] decode queue size 0
I1014 12:06:14.914876  5657 work_thread.hpp:81]  [T-Work-Detect_0] Run work: WorkDetect
I1014 12:06:14.914914  5657 work_detect.cpp:102] Succeeded to add det start for frame 138
I1014 12:06:14.921530  5657 work_detect.cpp:70] Frame :138 detect result :1 face(s)
I1014 12:06:14.921576  5657 work_detect.cpp:86] Detected bbox: [137 x 184 from (299, 135)]
I1014 12:06:14.921620  5657 work_detect.cpp:120] Succeeded to add det end for frame 138
I1014 12:06:14.921636  5657 work_thread.hpp:81]  [T-Work-Detect_0] Run work: WrokTrack
I1014 12:06:14.921663  5657 work_track.cpp:82] Frame: 138 build input_characts: [0.214062 x 0.511111 from (0.467187, 0.375)], 1.00019, 0
I1014 12:06:14.921718  5657 work_track.cpp:102] Succeeded to set track lock for frame 138
I1014 12:06:14.921758  5657 work_track.cpp:116] Succeeded to release track lock for frame 138
I1014 12:06:14.921773  5657 work_track.cpp:120] Track results of frame 138: 1 objects input, 1 objects tracked!
I1014 12:06:14.921792  5657 work_track.cpp:148] Frame: 138, track bbox: [137 x 184 from (299.379, 134.843)], gid: 0, lid: 0
I1014 12:06:14.921828  5657 work_thread.hpp:88]  [T-Work-Detect_0] Frame :138 split
I1014 12:06:14.921846  5657 work_thread.hpp:120]  [T-Work-Detect_0] Valid piece: gid = 0
I1014 12:06:14.921864  5657 work_thread.hpp:92]  [T-Work-Detect_0] Push to split queue:recog
I1014 12:06:14.921916  5658 work_thread.hpp:81]  [T-Work-Recog_0] Run work: WorkCapture
I1014 12:06:14.922219  5660 thread_intergrate.hpp:78] [T-Intergrate-intergrate] queue: frame output frame :138
I1014 12:06:14.922247  5660 thread_intergrate.hpp:85] [T-Intergrate-intergrate] queue: compare output face:0
I1014 12:06:14.922266  5660 thread_intergrate.hpp:137] T-Intergrate-intergrate set matched face: 0
I1014 12:06:14.922466  5658 work_thread.hpp:81]  [T-Work-Recog_0] Run work: WorkRecog
I1014 12:06:14.922490  5658 work_recog.hpp:89] Face id: 0 will run recog: bbox [137 x 184 from (299, 135)] quality: 0.469842
I1014 12:06:14.922518  5658 work_recog.hpp:96] Recog pair: [192 x 264 from (272, 96)], [137 x 184 from (27, 39)]
I1014 12:06:14.923444  5660 thread_intergrate.hpp:157] T-Intergrate-intergrate Show face :0, size :640 * 360
I1014 12:06:14.924046  5656 demo_inner.hpp:435] thread [SORT-0]  frame id 138 sorting queue size 8   FPS: 29.8581
I1014 12:06:14.939978  5658 work_thread.hpp:81]  [T-Work-Recog_0] Run work: WorkCompare
I1014 12:06:14.940090  5658 work_compare.cpp:76] Compare face: 0 successed, similarity :0.956319, name : images/thanglmb.jpg, normal size : 640 * 360!
I1014 12:06:14.944242  5654 demo_inner.hpp:177] decode queue size 0
I1014 12:06:14.944365  5657 work_thread.hpp:81]  [T-Work-Detect_0] Run work: WorkDetect
I1014 12:06:14.944401  5657 work_detect.cpp:102] Succeeded to add det start for frame 139
I1014 12:06:14.951125  5657 work_detect.cpp:70] Frame :139 detect result :1 face(s)
I1014 12:06:14.951167  5657 work_detect.cpp:86] Detected bbox: [143 x 183 from (295, 135)]
I1014 12:06:14.951210  5657 work_detect.cpp:120] Succeeded to add det end for frame 139
I1014 12:06:14.951227  5657 work_thread.hpp:81]  [T-Work-Detect_0] Run work: WrokTrack
I1014 12:06:14.951251  5657 work_track.cpp:82] Frame: 139 build input_characts: [0.223438 x 0.508333 from (0.460938, 0.375)], 1.00019, 0
I1014 12:06:14.951306  5657 work_track.cpp:102] Succeeded to set track lock for frame 139
I1014 12:06:14.951347  5657 work_track.cpp:116] Succeeded to release track lock for frame 139
I1014 12:06:14.951362  5657 work_track.cpp:120] Track results of frame 139: 1 objects input, 1 objects tracked!
I1014 12:06:14.951380  5657 work_track.cpp:148] Frame: 139, track bbox: [143 x 183 from (295.43, 135.389)], gid: 0, lid: 0
I1014 12:06:14.951416  5657 work_thread.hpp:88]  [T-Work-Detect_0] Frame :139 split
I1014 12:06:14.951434  5657 work_thread.hpp:120]  [T-Work-Detect_0] Valid piece: gid = 0
I1014 12:06:14.951452  5657 work_thread.hpp:92]  [T-Work-Detect_0] Push to split queue:recog
I1014 12:06:14.951575  5659 work_thread.hpp:81]  [T-Work-Recog_1] Run work: WorkCapture
I1014 12:06:14.951580  5660 thread_intergrate.hpp:78] [T-Intergrate-intergrate] queue: frame output frame :139
I1014 12:06:14.951609  5660 thread_intergrate.hpp:85] [T-Intergrate-intergrate] queue: compare output face:0
I1014 12:06:14.951629  5660 thread_intergrate.hpp:137] T-Intergrate-intergrate set matched face: 0
I1014 12:06:14.952215  5659 work_thread.hpp:81]  [T-Work-Recog_1] Run work: WorkRecog
I1014 12:06:14.952241  5659 work_recog.hpp:89] Face id: 0 will run recog: bbox [143 x 183 from (295, 135)] quality: 0.474429
I1014 12:06:14.952282  5659 work_recog.hpp:96] Recog pair: [208 x 264 from (264, 96)], [143 x 183 from (31, 39)]
I1014 12:06:14.952823  5660 thread_intergrate.hpp:157] T-Intergrate-intergrate Show face :0, size :640 * 360
I1014 12:06:14.953389  5656 demo_inner.hpp:435] thread [SORT-0]  frame id 139 sorting queue size 9   FPS: 29.946
I1014 12:06:14.970337  5659 work_thread.hpp:81]  [T-Work-Recog_1] Run work: WorkCompare
I1014 12:06:14.970480  5659 work_compare.cpp:76] Compare face: 0 successed, similarity :0.934429, name : images/thanglmb.jpg, normal size : 640 * 360!
I1014 12:06:14.980643  5654 demo_inner.hpp:177] decode queue size 0
I1014 12:06:14.980778  5657 work_thread.hpp:81]  [T-Work-Detect_0] Run work: WorkDetect
I1014 12:06:14.980815  5657 work_detect.cpp:102] Succeeded to add det start for frame 140
I1014 12:06:14.987512  5657 work_detect.cpp:70] Frame :140 detect result :2 face(s)
I1014 12:06:14.987565  5657 work_detect.cpp:86] Detected bbox: [142 x 190 from (294, 133)]
I1014 12:06:14.987598  5657 work_detect.cpp:86] Detected bbox: [53 x 51 from (112, 192)]
I1014 12:06:14.987629  5657 work_detect.cpp:120] Succeeded to add det end for frame 140
I1014 12:06:14.987646  5657 work_thread.hpp:81]  [T-Work-Detect_0] Run work: WrokTrack
I1014 12:06:14.987670  5657 work_track.cpp:82] Frame: 140 build input_characts: [0.221875 x 0.527778 from (0.459375, 0.369444)], 0.999622, 0
I1014 12:06:14.987722  5657 work_track.cpp:82] Frame: 140 build input_characts: [0.0828125 x 0.141667 from (0.175, 0.533333)], 0.905415, 1
I1014 12:06:14.987759  5657 work_track.cpp:102] Succeeded to set track lock for frame 140
I1014 12:06:14.987804  5657 work_track.cpp:116] Succeeded to release track lock for frame 140
I1014 12:06:14.987819  5657 work_track.cpp:120] Track results of frame 140: 2 objects input, 1 objects tracked!
I1014 12:06:14.987838  5657 work_track.cpp:148] Frame: 140, track bbox: [142 x 190 from (294.48, 132.722)], gid: 0, lid: 0
I1014 12:06:14.987871  5657 work_track.cpp:162] Frame: 140 lid: 1 not tracked, will set invalid
I1014 12:06:14.987887  5657 work_thread.hpp:88]  [T-Work-Detect_0] Frame :140 split
I1014 12:06:14.987905  5657 work_thread.hpp:120]  [T-Work-Detect_0] Valid piece: gid = 0
I1014 12:06:14.987922  5657 work_thread.hpp:124]  [T-Work-Detect_0] Invalid piece: lid = 1, drop it
I1014 12:06:14.987937  5657 work_thread.hpp:92]  [T-Work-Detect_0] Push to split queue:recog
I1014 12:06:14.987993  5658 work_thread.hpp:81]  [T-Work-Recog_0] Run work: WorkCapture
I1014 12:06:14.988332  5660 thread_intergrate.hpp:78] [T-Intergrate-intergrate] queue: frame output frame :140
I1014 12:06:14.988359  5660 thread_intergrate.hpp:85] [T-Intergrate-intergrate] queue: compare output face:0
I1014 12:06:14.988379  5660 thread_intergrate.hpp:137] T-Intergrate-intergrate set matched face: 0
I1014 12:06:14.988574  5658 work_thread.hpp:81]  [T-Work-Recog_0] Run work: WorkRecog
I1014 12:06:14.988600  5658 work_recog.hpp:89] Face id: 0 will run recog: bbox [142 x 190 from (294, 133)] quality: 0.473097
I1014 12:06:14.988626  5658 work_recog.hpp:96] Recog pair: [200 x 272 from (264, 88)], [142 x 190 from (30, 45)]
I1014 12:06:14.989557  5660 thread_intergrate.hpp:157] T-Intergrate-intergrate Show face :0, size :640 * 360
I1014 12:06:14.990118  5656 demo_inner.hpp:435] thread [SORT-0]  frame id 140 sorting queue size 10   FPS: 29.8873
I1014 12:06:15.006098  5658 work_thread.hpp:81]  [T-Work-Recog_0] Run work: WorkCompare
I1014 12:06:15.006287  5658 work_compare.cpp:76] Compare face: 0 successed, similarity :0.928929, name : images/thanglmb.jpg, normal size : 640 * 360!
I1014 12:06:15.010280  5654 demo_inner.hpp:177] decode queue size 0
I1014 12:06:15.010393  5657 work_thread.hpp:81]  [T-Work-Detect_0] Run work: WorkDetect
I1014 12:06:15.010429  5657 work_detect.cpp:102] Succeeded to add det start for frame 141
I1014 12:06:15.017292  5657 work_detect.cpp:70] Frame :141 detect result :1 face(s)
I1014 12:06:15.017336  5657 work_detect.cpp:86] Detected bbox: [148 x 193 from (290, 132)]
I1014 12:06:15.017380  5657 work_detect.cpp:120] Succeeded to add det end for frame 141
I1014 12:06:15.017397  5657 work_thread.hpp:81]  [T-Work-Detect_0] Run work: WrokTrack
I1014 12:06:15.017422  5657 work_track.cpp:82] Frame: 141 build input_characts: [0.23125 x 0.536111 from (0.453125, 0.366667)], 0.999622, 0
I1014 12:06:15.017477  5657 work_track.cpp:102] Succeeded to set track lock for frame 141
I1014 12:06:15.017520  5657 work_track.cpp:116] Succeeded to release track lock for frame 141
I1014 12:06:15.017534  5657 work_track.cpp:120] Track results of frame 141: 1 objects input, 1 objects tracked!
I1014 12:06:15.017552  5657 work_track.cpp:148] Frame: 141, track bbox: [148 x 193 from (290.171, 131.987)], gid: 0, lid: 0
I1014 12:06:15.017588  5657 work_thread.hpp:88]  [T-Work-Detect_0] Frame :141 split
I1014 12:06:15.017606  5657 work_thread.hpp:120]  [T-Work-Detect_0] Valid piece: gid = 0
I1014 12:06:15.017624  5657 work_thread.hpp:92]  [T-Work-Detect_0] Push to split queue:recog
I1014 12:06:15.017668  5660 thread_intergrate.hpp:78] [T-Intergrate-intergrate] queue: frame output frame :141
I1014 12:06:15.017671  5659 work_thread.hpp:81]  [T-Work-Recog_1] Run work: WorkCapture
I1014 12:06:15.017706  5660 thread_intergrate.hpp:85] [T-Intergrate-intergrate] queue: compare output face:0
I1014 12:06:15.017725  5660 thread_intergrate.hpp:137] T-Intergrate-intergrate set matched face: 0
I1014 12:06:15.018311  5659 work_thread.hpp:81]  [T-Work-Recog_1] Run work: WorkRecog
I1014 12:06:15.018337  5659 work_recog.hpp:89] Face id: 0 will run recog: bbox [148 x 193 from (290, 132)] quality: 0.478277
I1014 12:06:15.018374  5659 work_recog.hpp:96] Recog pair: [216 x 272 from (256, 88)], [148 x 193 from (34, 44)]
I1014 12:06:15.018899  5660 thread_intergrate.hpp:157] T-Intergrate-intergrate Show face :0, size :640 * 360
I1014 12:06:15.036512  5659 work_thread.hpp:81]  [T-Work-Recog_1] Run work: WorkCompare
I1014 12:06:15.036631  5659 work_compare.cpp:76] Compare face: 0 successed, similarity :0.953944, name : images/thanglmb.jpg, normal size : 640 * 360!
I1014 12:06:15.046591  5654 demo_inner.hpp:177] decode queue size 0
I1014 12:06:15.046730  5657 work_thread.hpp:81]  [T-Work-Detect_0] Run work: WorkDetect
I1014 12:06:15.046766  5657 work_detect.cpp:102] Succeeded to add det start for frame 142
I1014 12:06:15.053495  5657 work_detect.cpp:70] Frame :142 detect result :1 face(s)
I1014 12:06:15.053546  5657 work_detect.cpp:86] Detected bbox: [144 x 188 from (292, 134)]
I1014 12:06:15.053591  5657 work_detect.cpp:120] Succeeded to add det end for frame 142
I1014 12:06:15.053608  5657 work_thread.hpp:81]  [T-Work-Detect_0] Run work: WrokTrack
I1014 12:06:15.053632  5657 work_track.cpp:82] Frame: 142 build input_characts: [0.225 x 0.522222 from (0.45625, 0.372222)], 0.999622, 0
I1014 12:06:15.053689  5657 work_track.cpp:102] Succeeded to set track lock for frame 142
I1014 12:06:15.053733  5657 work_track.cpp:116] Succeeded to release track lock for frame 142
I1014 12:06:15.053750  5657 work_track.cpp:120] Track results of frame 142: 1 objects input, 1 objects tracked!
I1014 12:06:15.053767  5657 work_track.cpp:148] Frame: 142, track bbox: [144 x 188 from (291.47, 134.472)], gid: 0, lid: 0
I1014 12:06:15.053804  5657 work_thread.hpp:88]  [T-Work-Detect_0] Frame :142 split
I1014 12:06:15.053822  5657 work_thread.hpp:120]  [T-Work-Detect_0] Valid piece: gid = 0
I1014 12:06:15.053839  5657 work_thread.hpp:92]  [T-Work-Detect_0] Push to split queue:recog
I1014 12:06:15.053972  5658 work_thread.hpp:81]  [T-Work-Recog_0] Run work: WorkCapture
I1014 12:06:15.054280  5660 thread_intergrate.hpp:78] [T-Intergrate-intergrate] queue: frame output frame :142
I1014 12:06:15.054307  5660 thread_intergrate.hpp:85] [T-Intergrate-intergrate] queue: compare output face:0
I1014 12:06:15.054327  5660 thread_intergrate.hpp:137] T-Intergrate-intergrate set matched face: 0
I1014 12:06:15.054527  5658 work_thread.hpp:81]  [T-Work-Recog_0] Run work: WorkRecog
I1014 12:06:15.054553  5658 work_recog.hpp:89] Face id: 0 will run recog: bbox [144 x 188 from (292, 134)] quality: 0.474621
I1014 12:06:15.054581  5658 work_recog.hpp:96] Recog pair: [200 x 264 from (264, 96)], [144 x 188 from (28, 38)]
I1014 12:06:15.055501  5660 thread_intergrate.hpp:157] T-Intergrate-intergrate Show face :0, size :640 * 360
I1014 12:06:15.072320  5658 work_thread.hpp:81]  [T-Work-Recog_0] Run work: WorkCompare
I1014 12:06:15.072438  5658 work_compare.cpp:76] Compare face: 0 successed, similarity :0.954345, name : images/thanglmb.jpg, normal size : 640 * 360!
I1014 12:06:15.076346  5654 demo_inner.hpp:177] decode queue size 0
I1014 12:06:15.076468  5657 work_thread.hpp:81]  [T-Work-Detect_0] Run work: WorkDetect
I1014 12:06:15.076504  5657 work_detect.cpp:102] Succeeded to add det start for frame 143
I1014 12:06:15.083220  5657 work_detect.cpp:70] Frame :143 detect result :1 face(s)
I1014 12:06:15.083267  5657 work_detect.cpp:86] Detected bbox: [149 x 188 from (290, 135)]
I1014 12:06:15.083312  5657 work_detect.cpp:120] Succeeded to add det end for frame 143
I1014 12:06:15.083328  5657 work_thread.hpp:81]  [T-Work-Detect_0] Run work: WrokTrack
I1014 12:06:15.083353  5657 work_track.cpp:82] Frame: 143 build input_characts: [0.232812 x 0.522222 from (0.453125, 0.375)], 1.00019, 0
I1014 12:06:15.083407  5657 work_track.cpp:102] Succeeded to set track lock for frame 143
I1014 12:06:15.083448  5657 work_track.cpp:116] Succeeded to release track lock for frame 143
I1014 12:06:15.083464  5657 work_track.cpp:120] Track results of frame 143: 1 objects input, 1 objects tracked!
I1014 12:06:15.083483  5657 work_track.cpp:148] Frame: 143, track bbox: [149 x 188 from (289.071, 134.929)], gid: 0, lid: 0
I1014 12:06:15.083520  5657 work_thread.hpp:88]  [T-Work-Detect_0] Frame :143 split
I1014 12:06:15.083539  5657 work_thread.hpp:120]  [T-Work-Detect_0] Valid piece: gid = 0
I1014 12:06:15.083556  5657 work_thread.hpp:92]  [T-Work-Detect_0] Push to split queue:recog
I1014 12:06:15.083600  5660 thread_intergrate.hpp:78] [T-Intergrate-intergrate] queue: frame output frame :143
I1014 12:06:15.083604  5659 work_thread.hpp:81]  [T-Work-Recog_1] Run work: WorkCapture
I1014 12:06:15.083627  5660 thread_intergrate.hpp:85] [T-Intergrate-intergrate] queue: compare output face:0
I1014 12:06:15.083647  5660 thread_intergrate.hpp:137] T-Intergrate-intergrate set matched face: 0
I1014 12:06:15.084233  5659 work_thread.hpp:81]  [T-Work-Recog_1] Run work: WorkRecog
I1014 12:06:15.084259  5659 work_recog.hpp:89] Face id: 0 will run recog: bbox [149 x 188 from (290, 135)] quality: 0.473868
I1014 12:06:15.084288  5659 work_recog.hpp:96] Recog pair: [216 x 264 from (256, 96)], [149 x 188 from (34, 39)]
I1014 12:06:15.084847  5660 thread_intergrate.hpp:157] T-Intergrate-intergrate Show face :0, size :640 * 360
I1014 12:06:15.102334  5659 work_thread.hpp:81]  [T-Work-Recog_1] Run work: WorkCompare
I1014 12:06:15.102465  5659 work_compare.cpp:76] Compare face: 0 successed, similarity :0.948674, name : images/thanglmb.jpg, normal size : 640 * 360!
I1014 12:06:15.112673  5654 demo_inner.hpp:177] decode queue size 0
I1014 12:06:15.112808  5657 work_thread.hpp:81]  [T-Work-Detect_0] Run work: WorkDetect
I1014 12:06:15.112844  5657 work_detect.cpp:102] Succeeded to add det start for frame 144
I1014 12:06:15.119522  5657 work_detect.cpp:70] Frame :144 detect result :1 face(s)
I1014 12:06:15.119576  5657 work_detect.cpp:86] Detected bbox: [151 x 191 from (288, 123)]
I1014 12:06:15.119623  5657 work_detect.cpp:120] Succeeded to add det end for frame 144
I1014 12:06:15.119714  5657 work_thread.hpp:81]  [T-Work-Detect_0] Run work: WrokTrack
I1014 12:06:15.119742  5657 work_track.cpp:82] Frame: 144 build input_characts: [0.235938 x 0.530556 from (0.45, 0.341667)], 0.999622, 0
I1014 12:06:15.119799  5657 work_track.cpp:102] Succeeded to set track lock for frame 144
I1014 12:06:15.119840  5657 work_track.cpp:116] Succeeded to release track lock for frame 144
I1014 12:06:15.119854  5657 work_track.cpp:120] Track results of frame 144: 1 objects input, 1 objects tracked!
I1014 12:06:15.119874  5657 work_track.cpp:148] Frame: 144, track bbox: [151 x 191 from (287.92, 128.283)], gid: 0, lid: 0
I1014 12:06:15.119911  5657 work_thread.hpp:88]  [T-Work-Detect_0] Frame :144 split
I1014 12:06:15.119928  5657 work_thread.hpp:120]  [T-Work-Detect_0] Valid piece: gid = 0
I1014 12:06:15.119947  5657 work_thread.hpp:92]  [T-Work-Detect_0] Push to split queue:recog
I1014 12:06:15.120007  5659 work_thread.hpp:81]  [T-Work-Recog_1] Run work: WorkCapture
I1014 12:06:15.120009  5660 thread_intergrate.hpp:78] [T-Intergrate-intergrate] queue: frame output frame :144
I1014 12:06:15.120052  5660 thread_intergrate.hpp:85] [T-Intergrate-intergrate] queue: compare output face:0
I1014 12:06:15.120072  5660 thread_intergrate.hpp:137] T-Intergrate-intergrate set matched face: 0
I1014 12:06:15.120628  5659 work_thread.hpp:81]  [T-Work-Recog_1] Run work: WorkRecog
I1014 12:06:15.120654  5659 work_recog.hpp:89] Face id: 0 will run recog: bbox [151 x 191 from (288, 123)] quality: 0.460065
I1014 12:06:15.120684  5659 work_recog.hpp:96] Recog pair: [216 x 272 from (256, 80)], [151 x 191 from (32, 43)]
I1014 12:06:15.121273  5660 thread_intergrate.hpp:157] T-Intergrate-intergrate Show face :0, size :640 * 360
I1014 12:06:15.139003  5659 work_thread.hpp:81]  [T-Work-Recog_1] Run work: WorkCompare
I1014 12:06:15.139139  5659 work_compare.cpp:76] Compare face: 0 successed, similarity :0.920657, name : images/thanglmb.jpg, normal size : 640 * 360!
I1014 12:06:15.148731  5654 demo_inner.hpp:177] decode queue size 0
I1014 12:06:15.148849  5657 work_thread.hpp:81]  [T-Work-Detect_0] Run work: WorkDetect
I1014 12:06:15.148881  5657 work_detect.cpp:102] Succeeded to add det start for frame 145
I1014 12:06:15.155390  5657 work_detect.cpp:70] Frame :145 detect result :1 face(s)
I1014 12:06:15.155436  5657 work_detect.cpp:86] Detected bbox: [147 x 188 from (290, 136)]
I1014 12:06:15.155478  5657 work_detect.cpp:120] Succeeded to add det end for frame 145
I1014 12:06:15.155495  5657 work_thread.hpp:81]  [T-Work-Detect_0] Run work: WrokTrack
I1014 12:06:15.155519  5657 work_track.cpp:82] Frame: 145 build input_characts: [0.229687 x 0.522222 from (0.453125, 0.377778)], 0.999622, 0
I1014 12:06:15.155575  5657 work_track.cpp:102] Succeeded to set track lock for frame 145
I1014 12:06:15.155616  5657 work_track.cpp:116] Succeeded to release track lock for frame 145
I1014 12:06:15.155630  5657 work_track.cpp:120] Track results of frame 145: 1 objects input, 1 objects tracked!
I1014 12:06:15.155648  5657 work_track.cpp:148] Frame: 145, track bbox: [147 x 188 from (290.008, 131.68)], gid: 0, lid: 0
I1014 12:06:15.155685  5657 work_thread.hpp:88]  [T-Work-Detect_0] Frame :145 split
I1014 12:06:15.155704  5657 work_thread.hpp:120]  [T-Work-Detect_0] Valid piece: gid = 0
I1014 12:06:15.155721  5657 work_thread.hpp:92]  [T-Work-Detect_0] Push to split queue:recog
I1014 12:06:15.155772  5660 thread_intergrate.hpp:78] [T-Intergrate-intergrate] queue: frame output frame :145
I1014 12:06:15.155767  5659 work_thread.hpp:81]  [T-Work-Recog_1] Run work: WorkCapture
I1014 12:06:15.155802  5660 thread_intergrate.hpp:85] [T-Intergrate-intergrate] queue: compare output face:0
I1014 12:06:15.155820  5660 thread_intergrate.hpp:137] T-Intergrate-intergrate set matched face: 0
I1014 12:06:15.156404  5659 work_thread.hpp:81]  [T-Work-Recog_1] Run work: WorkRecog
I1014 12:06:15.156428  5659 work_recog.hpp:89] Face id: 0 will run recog: bbox [147 x 188 from (290, 136)] quality: 0.474429
I1014 12:06:15.156458  5659 work_recog.hpp:96] Recog pair: [216 x 264 from (256, 96)], [147 x 188 from (34, 40)]
I1014 12:06:15.157017  5660 thread_intergrate.hpp:157] T-Intergrate-intergrate Show face :0, size :640 * 360
I1014 12:06:15.174435  5659 work_thread.hpp:81]  [T-Work-Recog_1] Run work: WorkCompare
I1014 12:06:15.174554  5659 work_compare.cpp:76] Compare face: 0 successed, similarity :0.960035, name : images/thanglmb.jpg, normal size : 640 * 360!
I1014 12:06:15.178511  5654 demo_inner.hpp:177] decode queue size 0
I1014 12:06:15.178624  5657 work_thread.hpp:81]  [T-Work-Detect_0] Run work: WorkDetect
I1014 12:06:15.178658  5657 work_detect.cpp:102] Succeeded to add det start for frame 146
I1014 12:06:15.185310  5657 work_detect.cpp:70] Frame :146 detect result :1 face(s)
I1014 12:06:15.185353  5657 work_detect.cpp:86] Detected bbox: [147 x 190 from (289, 135)]
I1014 12:06:15.185400  5657 work_detect.cpp:120] Succeeded to add det end for frame 146
I1014 12:06:15.185416  5657 work_thread.hpp:81]  [T-Work-Detect_0] Run work: WrokTrack
I1014 12:06:15.185439  5657 work_track.cpp:82] Frame: 146 build input_characts: [0.229687 x 0.527778 from (0.451562, 0.375)], 1.00019, 0
I1014 12:06:15.185495  5657 work_track.cpp:102] Succeeded to set track lock for frame 146
I1014 12:06:15.185536  5657 work_track.cpp:116] Succeeded to release track lock for frame 146
I1014 12:06:15.185551  5657 work_track.cpp:120] Track results of frame 146: 1 objects input, 1 objects tracked!
I1014 12:06:15.185570  5657 work_track.cpp:148] Frame: 146, track bbox: [147 x 190 from (289.506, 132.547)], gid: 0, lid: 0
I1014 12:06:15.185606  5657 work_thread.hpp:88]  [T-Work-Detect_0] Frame :146 split
I1014 12:06:15.185623  5657 work_thread.hpp:120]  [T-Work-Detect_0] Valid piece: gid = 0
I1014 12:06:15.185642  5657 work_thread.hpp:92]  [T-Work-Detect_0] Push to split queue:recog
I1014 12:06:15.185688  5658 work_thread.hpp:81]  [T-Work-Recog_0] Run work: WorkCapture
I1014 12:06:15.185994  5660 thread_intergrate.hpp:78] [T-Intergrate-intergrate] queue: frame output frame :146
I1014 12:06:15.186022  5660 thread_intergrate.hpp:85] [T-Intergrate-intergrate] queue: compare output face:0
I1014 12:06:15.186041  5660 thread_intergrate.hpp:137] T-Intergrate-intergrate set matched face: 0
I1014 12:06:15.186249  5658 work_thread.hpp:81]  [T-Work-Recog_0] Run work: WorkRecog
I1014 12:06:15.186272  5658 work_recog.hpp:89] Face id: 0 will run recog: bbox [147 x 190 from (289, 135)] quality: 0.478607
I1014 12:06:15.186300  5658 work_recog.hpp:96] Recog pair: [216 x 264 from (256, 96)], [147 x 190 from (33, 39)]
I1014 12:06:15.187225  5660 thread_intergrate.hpp:157] T-Intergrate-intergrate Show face :0, size :640 * 360
I1014 12:06:15.197428  5660 thread_intergrate.hpp:95] T-Intergrate-intergrate Try push queue sorting again 5 vs 5
I1014 12:06:15.203887  5658 work_thread.hpp:81]  [T-Work-Recog_0] Run work: WorkCompare
I1014 12:06:15.203982  5658 work_compare.cpp:76] Compare face: 0 successed, similarity :0.924419, name : images/thanglmb.jpg, normal size : 640 * 360!
I1014 12:06:15.207559  5660 thread_intergrate.hpp:95] T-Intergrate-intergrate Try push queue sorting again 5 vs 5
I1014 12:06:15.214253  5654 demo_inner.hpp:177] decode queue size 0
I1014 12:06:15.214354  5657 work_thread.hpp:81]  [T-Work-Detect_0] Run work: WorkDetect
I1014 12:06:15.214392  5657 work_detect.cpp:102] Succeeded to add det start for frame 147
I1014 12:06:15.217666  5660 thread_intergrate.hpp:95] T-Intergrate-intergrate Try push queue sorting again 5 vs 5
I1014 12:06:15.220963  5657 work_detect.cpp:70] Frame :147 detect result :1 face(s)
I1014 12:06:15.220988  5657 work_detect.cpp:86] Detected bbox: [147 x 200 from (289, 134)]
I1014 12:06:15.221031  5657 work_detect.cpp:120] Succeeded to add det end for frame 147
I1014 12:06:15.221048  5657 work_thread.hpp:81]  [T-Work-Detect_0] Run work: WrokTrack
I1014 12:06:15.221068  5657 work_track.cpp:82] Frame: 147 build input_characts: [0.229687 x 0.555556 from (0.451562, 0.372222)], 1.00019, 0
I1014 12:06:15.221125  5657 work_track.cpp:102] Succeeded to set track lock for frame 147
I1014 12:06:15.221166  5657 work_track.cpp:116] Succeeded to release track lock for frame 147
I1014 12:06:15.221259  5657 work_track.cpp:120] Track results of frame 147: 1 objects input, 1 objects tracked!
I1014 12:06:15.221279  5657 work_track.cpp:148] Frame: 147, track bbox: [147 x 200 from (288.945, 131.401)], gid: 0, lid: 0
I1014 12:06:15.221316  5657 work_thread.hpp:88]  [T-Work-Detect_0] Frame :147 split
I1014 12:06:15.221334  5657 work_thread.hpp:120]  [T-Work-Detect_0] Valid piece: gid = 0
I1014 12:06:15.221352  5657 work_thread.hpp:92]  [T-Work-Detect_0] Push to split queue:recog
I1014 12:06:15.221403  5658 work_thread.hpp:81]  [T-Work-Recog_0] Run work: WorkCapture
I1014 12:06:15.222023  5658 work_thread.hpp:81]  [T-Work-Recog_0] Run work: WorkRecog
I1014 12:06:15.222051  5658 work_recog.hpp:89] Face id: 0 will run recog: bbox [147 x 200 from (289, 134)] quality: 0.463266
I1014 12:06:15.222084  5658 work_recog.hpp:96] Recog pair: [216 x 272 from (256, 88)], [147 x 200 from (33, 46)]
I1014 12:06:15.227787  5660 thread_intergrate.hpp:95] T-Intergrate-intergrate Try push queue sorting again 5 vs 5
I1014 12:06:15.237926  5660 thread_intergrate.hpp:95] T-Intergrate-intergrate Try push queue sorting again 5 vs 5
I1014 12:06:15.239588  5658 work_thread.hpp:81]  [T-Work-Recog_0] Run work: WorkCompare
I1014 12:06:15.239691  5658 work_compare.cpp:76] Compare face: 0 successed, similarity :0.950325, name : images/thanglmb.jpg, normal size : 640 * 360!
I1014 12:06:15.244150  5654 demo_inner.hpp:177] decode queue size 0
I1014 12:06:15.244299  5657 work_thread.hpp:81]  [T-Work-Detect_0] Run work: WorkDetect
I1014 12:06:15.244334  5657 work_detect.cpp:102] Succeeded to add det start for frame 148
I1014 12:06:15.248095  5660 thread_intergrate.hpp:95] T-Intergrate-intergrate Try push queue sorting again 5 vs 5
I1014 12:06:15.250864  5657 work_detect.cpp:70] Frame :148 detect result :1 face(s)
I1014 12:06:15.250887  5657 work_detect.cpp:86] Detected bbox: [155 x 194 from (286, 124)]
I1014 12:06:15.250933  5657 work_detect.cpp:120] Succeeded to add det end for frame 148
I1014 12:06:15.250950  5657 work_thread.hpp:81]  [T-Work-Detect_0] Run work: WrokTrack
I1014 12:06:15.250972  5657 work_track.cpp:82] Frame: 148 build input_characts: [0.242188 x 0.538889 from (0.446875, 0.344444)], 1.00019, 0
I1014 12:06:15.251027  5657 work_track.cpp:102] Succeeded to set track lock for frame 148
I1014 12:06:15.251070  5657 work_track.cpp:116] Succeeded to release track lock for frame 148
I1014 12:06:15.251085  5657 work_track.cpp:120] Track results of frame 148: 1 objects input, 1 objects tracked!
I1014 12:06:15.251102  5657 work_track.cpp:148] Frame: 148, track bbox: [155 x 194 from (285.163, 130.538)], gid: 0, lid: 0
I1014 12:06:15.251138  5657 work_thread.hpp:88]  [T-Work-Detect_0] Frame :148 split
I1014 12:06:15.251157  5657 work_thread.hpp:120]  [T-Work-Detect_0] Valid piece: gid = 0
I1014 12:06:15.251174  5657 work_thread.hpp:92]  [T-Work-Detect_0] Push to split queue:recog
I1014 12:06:15.251219  5659 work_thread.hpp:81]  [T-Work-Recog_1] Run work: WorkCapture
I1014 12:06:15.251811  5659 work_thread.hpp:81]  [T-Work-Recog_1] Run work: WorkRecog
I1014 12:06:15.251835  5659 work_recog.hpp:89] Face id: 0 will run recog: bbox [155 x 194 from (286, 124)] quality: 0.459322
I1014 12:06:15.251863  5659 work_recog.hpp:96] Recog pair: [224 x 280 from (248, 80)], [155 x 194 from (38, 44)]
I1014 12:06:15.258216  5660 thread_intergrate.hpp:95] T-Intergrate-intergrate Try push queue sorting again 5 vs 5
I1014 12:06:15.268357  5660 thread_intergrate.hpp:95] T-Intergrate-intergrate Try push queue sorting again 5 vs 5
I1014 12:06:15.269737  5659 work_thread.hpp:81]  [T-Work-Recog_1] Run work: WorkCompare
I1014 12:06:15.269815  5659 work_compare.cpp:76] Compare face: 0 successed, similarity :0.948096, name : images/thanglmb.jpg, normal size : 640 * 360!
I1014 12:06:15.278503  5660 thread_intergrate.hpp:95] T-Intergrate-intergrate Try push queue sorting again 5 vs 5
I1014 12:06:15.280441  5654 demo_inner.hpp:177] decode queue size 0
I1014 12:06:15.280529  5657 work_thread.hpp:81]  [T-Work-Detect_0] Run work: WorkDetect
I1014 12:06:15.280643  5657 work_detect.cpp:102] Succeeded to add det start for frame 149
I1014 12:06:15.287303  5657 work_detect.cpp:70] Frame :149 detect result :1 face(s)
I1014 12:06:15.287343  5657 work_detect.cpp:86] Detected bbox: [145 x 188 from (290, 139)]
I1014 12:06:15.287387  5657 work_detect.cpp:120] Succeeded to add det end for frame 149
I1014 12:06:15.287405  5657 work_thread.hpp:81]  [T-Work-Detect_0] Run work: WrokTrack
I1014 12:06:15.287427  5657 work_track.cpp:82] Frame: 149 build input_characts: [0.226562 x 0.522222 from (0.453125, 0.386111)], 1.00019, 0
I1014 12:06:15.287484  5657 work_track.cpp:102] Succeeded to set track lock for frame 149
I1014 12:06:15.287524  5657 work_track.cpp:116] Succeeded to release track lock for frame 149
I1014 12:06:15.287539  5657 work_track.cpp:120] Track results of frame 149: 1 objects input, 1 objects tracked!
I1014 12:06:15.287557  5657 work_track.cpp:148] Frame: 149, track bbox: [145 x 188 from (290.123, 137.25)], gid: 0, lid: 0
I1014 12:06:15.287593  5657 work_thread.hpp:88]  [T-Work-Detect_0] Frame :149 split
I1014 12:06:15.287611  5657 work_thread.hpp:120]  [T-Work-Detect_0] Valid piece: gid = 0
I1014 12:06:15.287629  5657 work_thread.hpp:92]  [T-Work-Detect_0] Push to split queue:recog
I1014 12:06:15.287688  5658 work_thread.hpp:81]  [T-Work-Recog_0] Run work: WorkCapture
I1014 12:06:15.288221  5658 work_thread.hpp:81]  [T-Work-Recog_0] Run work: WorkRecog
I1014 12:06:15.288245  5658 work_recog.hpp:89] Face id: 0 will run recog: bbox [145 x 188 from (290, 139)] quality: 0.469856
I1014 12:06:15.288271  5658 work_recog.hpp:96] Recog pair: [208 x 264 from (256, 96)], [145 x 188 from (34, 43)]
I1014 12:06:15.288640  5660 thread_intergrate.hpp:95] T-Intergrate-intergrate Try push queue sorting again 5 vs 5
I1014 12:06:15.298763  5660 thread_intergrate.hpp:95] T-Intergrate-intergrate Try push queue sorting again 5 vs 5
I1014 12:06:15.305640  5658 work_thread.hpp:81]  [T-Work-Recog_0] Run work: WorkCompare
