I1014 11:00:54.333202  4647 work_detect.cpp:102] Succeeded to add det start for frame 68
I1014 11:00:54.339865  4647 work_detect.cpp:70] Frame :68 detect result :1 face(s)
I1014 11:00:54.339918  4647 work_detect.cpp:86] Detected bbox: [124 x 171 from (288, 177)]
I1014 11:00:54.339967  4647 work_detect.cpp:120] Succeeded to add det end for frame 68
I1014 11:00:54.339985  4647 work_thread.hpp:81]  [T-Work-Detect_0] Run work: WrokTrack
I1014 11:00:54.340013  4647 work_track.cpp:82] Frame: 68 build input_characts: [0.19375 x 0.475 from (0.45, 0.491667)], 1.00019, 0
I1014 11:00:54.340073  4647 work_track.cpp:102] Succeeded to set track lock for frame 68
I1014 11:00:54.340119  4647 work_track.cpp:116] Succeeded to release track lock for frame 68
I1014 11:00:54.340135  4647 work_track.cpp:120] Track results of frame 68: 1 objects input, 1 objects tracked!
I1014 11:00:54.340153  4647 work_track.cpp:148] Frame: 68, track bbox: [124 x 171 from (285.444, 174.879)], gid: 2, lid: 0
I1014 11:00:54.340323  4647 work_thread.hpp:88]  [T-Work-Detect_0] Frame :68 split
I1014 11:00:54.340344  4647 work_thread.hpp:120]  [T-Work-Detect_0] Valid piece: gid = 2
I1014 11:00:54.340363  4647 work_thread.hpp:92]  [T-Work-Detect_0] Push to split queue:recog
I1014 11:00:54.340416  4650 thread_intergrate.hpp:78] [T-Intergrate-intergrate] queue: frame output frame :68
I1014 11:00:54.340420  4649 work_thread.hpp:81]  [T-Work-Recog_1] Run work: WorkCapture
I1014 11:00:54.340447  4650 thread_intergrate.hpp:85] [T-Intergrate-intergrate] queue: compare output face:2
I1014 11:00:54.340466  4650 thread_intergrate.hpp:138] T-Intergrate-intergrate set matched face: 2
I1014 11:00:54.341017  4649 work_thread.hpp:81]  [T-Work-Recog_1] Run work: WorkRecog
I1014 11:00:54.341042  4649 work_recog.hpp:89] Face id: 2 will run recog: bbox [124 x 171 from (288, 177)] quality: 0.473928
I1014 11:00:54.341073  4649 work_recog.hpp:96] Recog pair: [176 x 224 from (264, 136)], [124 x 171 from (24, 41)]
I1014 11:00:54.341629  4650 thread_intergrate.hpp:158] T-Intergrate-intergrate Show face :2, size :640 * 360
I1014 11:00:54.342171  4646 demo_inner.hpp:435] thread [SORT-0]  frame id 68 sorting queue size 2   FPS: 29.9103
I1014 11:00:54.345592  4645 demo_inner.hpp:260]  gui queue size 2, state = running
I1014 11:00:54.358731  4649 work_thread.hpp:81]  [T-Work-Recog_1] Run work: WorkCompare
I1014 11:00:54.358839  4649 work_compare.cpp:76] Compare face: 2 successed, similarity :0.985188, name : images/thanglmb.jpg, normal size : 640 * 360!
I1014 11:00:54.368398  4644 demo_inner.hpp:177] decode queue size 0
I1014 11:00:54.368595  4647 work_thread.hpp:81]  [T-Work-Detect_0] Run work: WorkDetect
I1014 11:00:54.368630  4647 work_detect.cpp:102] Succeeded to add det start for frame 69
I1014 11:00:54.375463  4647 work_detect.cpp:70] Frame :69 detect result :1 face(s)
I1014 11:00:54.375510  4647 work_detect.cpp:86] Detected bbox: [126 x 172 from (289, 177)]
I1014 11:00:54.375555  4647 work_detect.cpp:120] Succeeded to add det end for frame 69
I1014 11:00:54.375571  4647 work_thread.hpp:81]  [T-Work-Detect_0] Run work: WrokTrack
I1014 11:00:54.375597  4647 work_track.cpp:82] Frame: 69 build input_characts: [0.196875 x 0.477778 from (0.451562, 0.491667)], 1.00019, 0
I1014 11:00:54.375651  4647 work_track.cpp:102] Succeeded to set track lock for frame 69
I1014 11:00:54.375690  4647 work_track.cpp:116] Succeeded to release track lock for frame 69
I1014 11:00:54.375705  4647 work_track.cpp:120] Track results of frame 69: 1 objects input, 1 objects tracked!
I1014 11:00:54.375723  4647 work_track.cpp:148] Frame: 69, track bbox: [126 x 172 from (286.857, 175.428)], gid: 2, lid: 0
I1014 11:00:54.375761  4647 work_thread.hpp:88]  [T-Work-Detect_0] Frame :69 split
I1014 11:00:54.375778  4647 work_thread.hpp:120]  [T-Work-Detect_0] Valid piece: gid = 2
I1014 11:00:54.375797  4647 work_thread.hpp:92]  [T-Work-Detect_0] Push to split queue:recog
I1014 11:00:54.375839  4650 thread_intergrate.hpp:78] [T-Intergrate-intergrate] queue: frame output frame :69
I1014 11:00:54.375839  4649 work_thread.hpp:81]  [T-Work-Recog_1] Run work: WorkCapture
I1014 11:00:54.375867  4650 thread_intergrate.hpp:85] [T-Intergrate-intergrate] queue: compare output face:2
I1014 11:00:54.375885  4650 thread_intergrate.hpp:138] T-Intergrate-intergrate set matched face: 2
I1014 11:00:54.376410  4649 work_thread.hpp:81]  [T-Work-Recog_1] Run work: WorkRecog
I1014 11:00:54.376435  4649 work_recog.hpp:89] Face id: 2 will run recog: bbox [126 x 172 from (289, 177)] quality: 0.472598
I1014 11:00:54.376464  4649 work_recog.hpp:96] Recog pair: [176 x 224 from (264, 136)], [126 x 172 from (25, 41)]
I1014 11:00:54.377058  4650 thread_intergrate.hpp:158] T-Intergrate-intergrate Show face :2, size :640 * 360
I1014 11:00:54.377578  4646 demo_inner.hpp:435] thread [SORT-0]  frame id 69 sorting queue size 0   FPS: 29.97
I1014 11:00:54.393970  4649 work_thread.hpp:81]  [T-Work-Recog_1] Run work: WorkCompare
I1014 11:00:54.394078  4649 work_compare.cpp:76] Compare face: 2 successed, similarity :0.975092, name : images/thanglmb.jpg, normal size : 640 * 360!
I1014 11:00:54.398581  4644 demo_inner.hpp:177] decode queue size 0
I1014 11:00:54.398669  4647 work_thread.hpp:81]  [T-Work-Detect_0] Run work: WorkDetect
I1014 11:00:54.398702  4647 work_detect.cpp:102] Succeeded to add det start for frame 70
I1014 11:00:54.405516  4647 work_detect.cpp:70] Frame :70 detect result :1 face(s)
I1014 11:00:54.405565  4647 work_detect.cpp:86] Detected bbox: [129 x 179 from (285, 175)]
I1014 11:00:54.405608  4647 work_detect.cpp:120] Succeeded to add det end for frame 70
I1014 11:00:54.405624  4647 work_thread.hpp:81]  [T-Work-Detect_0] Run work: WrokTrack
I1014 11:00:54.405649  4647 work_track.cpp:82] Frame: 70 build input_characts: [0.201562 x 0.497222 from (0.445312, 0.486111)], 1.00019, 0
I1014 11:00:54.405704  4647 work_track.cpp:102] Succeeded to set track lock for frame 70
I1014 11:00:54.405742  4647 work_track.cpp:116] Succeeded to release track lock for frame 70
I1014 11:00:54.405829  4647 work_track.cpp:120] Track results of frame 70: 1 objects input, 1 objects tracked!
I1014 11:00:54.405849  4647 work_track.cpp:148] Frame: 70, track bbox: [129 x 179 from (286.167, 173.41)], gid: 2, lid: 0
I1014 11:00:54.405887  4647 work_thread.hpp:88]  [T-Work-Detect_0] Frame :70 split
I1014 11:00:54.405905  4647 work_thread.hpp:120]  [T-Work-Detect_0] Valid piece: gid = 2
I1014 11:00:54.405925  4647 work_thread.hpp:92]  [T-Work-Detect_0] Push to split queue:recog
I1014 11:00:54.405967  4650 thread_intergrate.hpp:78] [T-Intergrate-intergrate] queue: frame output frame :70
I1014 11:00:54.405968  4648 work_thread.hpp:81]  [T-Work-Recog_0] Run work: WorkCapture
I1014 11:00:54.405994  4650 thread_intergrate.hpp:85] [T-Intergrate-intergrate] queue: compare output face:2
I1014 11:00:54.406013  4650 thread_intergrate.hpp:138] T-Intergrate-intergrate set matched face: 2
I1014 11:00:54.406585  4648 work_thread.hpp:81]  [T-Work-Recog_0] Run work: WorkRecog
I1014 11:00:54.406610  4648 work_recog.hpp:89] Face id: 2 will run recog: bbox [129 x 179 from (285, 175)] quality: 0.434608
I1014 11:00:54.406641  4648 work_recog.hpp:96] Recog pair: [184 x 224 from (256, 136)], [129 x 179 from (29, 39)]
I1014 11:00:54.407189  4650 thread_intergrate.hpp:158] T-Intergrate-intergrate Show face :2, size :640 * 360
I1014 11:00:54.407727  4646 demo_inner.hpp:435] thread [SORT-0]  frame id 70 sorting queue size 1   FPS: 29.97
I1014 11:00:54.424620  4648 work_thread.hpp:81]  [T-Work-Recog_0] Run work: WorkCompare
I1014 11:00:54.424762  4648 work_compare.cpp:76] Compare face: 2 successed, similarity :0.981532, name : images/thanglmb.jpg, normal size : 640 * 360!
I1014 11:00:54.434720  4644 demo_inner.hpp:177] decode queue size 0
I1014 11:00:54.434820  4647 work_thread.hpp:81]  [T-Work-Detect_0] Run work: WorkDetect
I1014 11:00:54.434856  4647 work_detect.cpp:102] Succeeded to add det start for frame 71
I1014 11:00:54.441730  4647 work_detect.cpp:70] Frame :71 detect result :1 face(s)
I1014 11:00:54.441777  4647 work_detect.cpp:86] Detected bbox: [126 x 169 from (290, 180)]
I1014 11:00:54.441820  4647 work_detect.cpp:120] Succeeded to add det end for frame 71
I1014 11:00:54.441838  4647 work_thread.hpp:81]  [T-Work-Detect_0] Run work: WrokTrack
I1014 11:00:54.441861  4647 work_track.cpp:82] Frame: 71 build input_characts: [0.196875 x 0.469444 from (0.453125, 0.5)], 1.00019, 0
I1014 11:00:54.441915  4647 work_track.cpp:102] Succeeded to set track lock for frame 71
I1014 11:00:54.441953  4647 work_track.cpp:116] Succeeded to release track lock for frame 71
I1014 11:00:54.441968  4647 work_track.cpp:120] Track results of frame 71: 1 objects input, 1 objects tracked!
I1014 11:00:54.441985  4647 work_track.cpp:148] Frame: 71, track bbox: [126 x 169 from (289.557, 180.096)], gid: 2, lid: 0
I1014 11:00:54.442023  4647 work_thread.hpp:88]  [T-Work-Detect_0] Frame :71 split
I1014 11:00:54.442039  4647 work_thread.hpp:120]  [T-Work-Detect_0] Valid piece: gid = 2
I1014 11:00:54.442057  4647 work_thread.hpp:92]  [T-Work-Detect_0] Push to split queue:recog
I1014 11:00:54.442103  4650 thread_intergrate.hpp:78] [T-Intergrate-intergrate] queue: frame output frame :71
I1014 11:00:54.442107  4649 work_thread.hpp:81]  [T-Work-Recog_1] Run work: WorkCapture
I1014 11:00:54.442131  4650 thread_intergrate.hpp:85] [T-Intergrate-intergrate] queue: compare output face:2
I1014 11:00:54.442149  4650 thread_intergrate.hpp:138] T-Intergrate-intergrate set matched face: 2
I1014 11:00:54.442664  4649 work_thread.hpp:81]  [T-Work-Recog_1] Run work: WorkRecog
I1014 11:00:54.442688  4649 work_recog.hpp:89] Face id: 2 will run recog: bbox [126 x 169 from (290, 180)] quality: 0.464458
I1014 11:00:54.442716  4649 work_recog.hpp:96] Recog pair: [184 x 216 from (264, 144)], [126 x 169 from (26, 36)]
I1014 11:00:54.443306  4650 thread_intergrate.hpp:158] T-Intergrate-intergrate Show face :2, size :640 * 360
I1014 11:00:54.443830  4646 demo_inner.hpp:435] thread [SORT-0]  frame id 71 sorting queue size 2   FPS: 29.97
I1014 11:00:54.446100  4645 demo_inner.hpp:260]  gui queue size 2, state = running
I1014 11:00:54.460074  4649 work_thread.hpp:81]  [T-Work-Recog_1] Run work: WorkCompare
I1014 11:00:54.460203  4649 work_compare.cpp:76] Compare face: 2 successed, similarity :0.976964, name : images/thanglmb.jpg, normal size : 640 * 360!
I1014 11:00:54.464581  4644 demo_inner.hpp:177] decode queue size 0
I1014 11:00:54.464679  4647 work_thread.hpp:81]  [T-Work-Detect_0] Run work: WorkDetect
I1014 11:00:54.464715  4647 work_detect.cpp:102] Succeeded to add det start for frame 72
I1014 11:00:54.471446  4647 work_detect.cpp:70] Frame :72 detect result :1 face(s)
I1014 11:00:54.471490  4647 work_detect.cpp:86] Detected bbox: [127 x 177 from (286, 175)]
I1014 11:00:54.471534  4647 work_detect.cpp:120] Succeeded to add det end for frame 72
I1014 11:00:54.471549  4647 work_thread.hpp:81]  [T-Work-Detect_0] Run work: WrokTrack
I1014 11:00:54.471573  4647 work_track.cpp:82] Frame: 72 build input_characts: [0.198437 x 0.491667 from (0.446875, 0.486111)], 1.00019, 0
I1014 11:00:54.471627  4647 work_track.cpp:102] Succeeded to set track lock for frame 72
I1014 11:00:54.471666  4647 work_track.cpp:116] Succeeded to release track lock for frame 72
I1014 11:00:54.471681  4647 work_track.cpp:120] Track results of frame 72: 1 objects input, 1 objects tracked!
I1014 11:00:54.471699  4647 work_track.cpp:148] Frame: 72, track bbox: [127 x 177 from (288.297, 176.85)], gid: 2, lid: 0
I1014 11:00:54.471735  4647 work_thread.hpp:88]  [T-Work-Detect_0] Frame :72 split
I1014 11:00:54.471753  4647 work_thread.hpp:120]  [T-Work-Detect_0] Valid piece: gid = 2
I1014 11:00:54.471771  4647 work_thread.hpp:92]  [T-Work-Detect_0] Push to split queue:recog
I1014 11:00:54.471817  4650 thread_intergrate.hpp:78] [T-Intergrate-intergrate] queue: frame output frame :72
I1014 11:00:54.471819  4648 work_thread.hpp:81]  [T-Work-Recog_0] Run work: WorkCapture
I1014 11:00:54.471845  4650 thread_intergrate.hpp:85] [T-Intergrate-intergrate] queue: compare output face:2
I1014 11:00:54.471864  4650 thread_intergrate.hpp:138] T-Intergrate-intergrate set matched face: 2
I1014 11:00:54.472432  4648 work_thread.hpp:81]  [T-Work-Recog_0] Run work: WorkRecog
I1014 11:00:54.472457  4648 work_recog.hpp:89] Face id: 2 will run recog: bbox [127 x 177 from (286, 175)] quality: 0.429243
I1014 11:00:54.472493  4648 work_recog.hpp:96] Recog pair: [184 x 224 from (256, 136)], [127 x 177 from (30, 39)]
I1014 11:00:54.473042  4650 thread_intergrate.hpp:158] T-Intergrate-intergrate Show face :2, size :640 * 360
I1014 11:00:54.473556  4646 demo_inner.hpp:435] thread [SORT-0]  frame id 72 sorting queue size 0   FPS: 29.97
I1014 11:00:54.491133  4648 work_thread.hpp:81]  [T-Work-Recog_0] Run work: WorkCompare
I1014 11:00:54.491241  4648 work_compare.cpp:76] Compare face: 2 successed, similarity :0.985076, name : images/thanglmb.jpg, normal size : 640 * 360!
I1014 11:00:54.500367  4644 demo_inner.hpp:177] decode queue size 0
I1014 11:00:54.500489  4647 work_thread.hpp:81]  [T-Work-Detect_0] Run work: WorkDetect
I1014 11:00:54.500524  4647 work_detect.cpp:102] Succeeded to add det start for frame 73
I1014 11:00:54.507294  4647 work_detect.cpp:70] Frame :73 detect result :1 face(s)
I1014 11:00:54.507344  4647 work_detect.cpp:86] Detected bbox: [121 x 176 from (289, 176)]
I1014 11:00:54.507388  4647 work_detect.cpp:120] Succeeded to add det end for frame 73
I1014 11:00:54.507405  4647 work_thread.hpp:81]  [T-Work-Detect_0] Run work: WrokTrack
I1014 11:00:54.507428  4647 work_track.cpp:82] Frame: 73 build input_characts: [0.189063 x 0.488889 from (0.451562, 0.488889)], 1.00008, 0
I1014 11:00:54.507484  4647 work_track.cpp:102] Succeeded to set track lock for frame 73
I1014 11:00:54.507522  4647 work_track.cpp:116] Succeeded to release track lock for frame 73
I1014 11:00:54.507537  4647 work_track.cpp:120] Track results of frame 73: 1 objects input, 1 objects tracked!
I1014 11:00:54.507555  4647 work_track.cpp:148] Frame: 73, track bbox: [121 x 176 from (289.614, 176.321)], gid: 2, lid: 0
I1014 11:00:54.507591  4647 work_thread.hpp:88]  [T-Work-Detect_0] Frame :73 split
I1014 11:00:54.507683  4647 work_thread.hpp:120]  [T-Work-Detect_0] Valid piece: gid = 2
I1014 11:00:54.507702  4647 work_thread.hpp:92]  [T-Work-Detect_0] Push to split queue:recog
I1014 11:00:54.507750  4650 thread_intergrate.hpp:78] [T-Intergrate-intergrate] queue: frame output frame :73
I1014 11:00:54.507755  4649 work_thread.hpp:81]  [T-Work-Recog_1] Run work: WorkCapture
I1014 11:00:54.507776  4650 thread_intergrate.hpp:85] [T-Intergrate-intergrate] queue: compare output face:2
I1014 11:00:54.507794  4650 thread_intergrate.hpp:138] T-Intergrate-intergrate set matched face: 2
I1014 11:00:54.508324  4649 work_thread.hpp:81]  [T-Work-Recog_1] Run work: WorkRecog
I1014 11:00:54.508348  4649 work_recog.hpp:89] Face id: 2 will run recog: bbox [121 x 176 from (289, 176)] quality: 0.399603
I1014 11:00:54.508379  4649 work_recog.hpp:96] Recog pair: [176 x 224 from (264, 136)], [121 x 176 from (25, 40)]
I1014 11:00:54.508977  4650 thread_intergrate.hpp:158] T-Intergrate-intergrate Show face :2, size :640 * 360
I1014 11:00:54.509469  4646 demo_inner.hpp:435] thread [SORT-0]  frame id 73 sorting queue size 1   FPS: 29.9401
I1014 11:00:54.513170  4645 demo_inner.hpp:260]  gui queue size 1, state = running
I1014 11:00:54.525818  4649 work_thread.hpp:81]  [T-Work-Recog_1] Run work: WorkCompare
I1014 11:00:54.525928  4649 work_compare.cpp:76] Compare face: 2 successed, similarity :0.989032, name : images/thanglmb.jpg, normal size : 640 * 360!
I1014 11:00:54.530448  4644 demo_inner.hpp:177] decode queue size 0
I1014 11:00:54.530547  4647 work_thread.hpp:81]  [T-Work-Detect_0] Run work: WorkDetect
I1014 11:00:54.530581  4647 work_detect.cpp:102] Succeeded to add det start for frame 74
I1014 11:00:54.537425  4647 work_detect.cpp:70] Frame :74 detect result :1 face(s)
I1014 11:00:54.537470  4647 work_detect.cpp:86] Detected bbox: [120 x 164 from (296, 180)]
I1014 11:00:54.537514  4647 work_detect.cpp:120] Succeeded to add det end for frame 74
I1014 11:00:54.537531  4647 work_thread.hpp:81]  [T-Work-Detect_0] Run work: WrokTrack
I1014 11:00:54.537555  4647 work_track.cpp:82] Frame: 74 build input_characts: [0.1875 x 0.455556 from (0.4625, 0.5)], 1.00019, 0
I1014 11:00:54.537611  4647 work_track.cpp:102] Succeeded to set track lock for frame 74
I1014 11:00:54.537648  4647 work_track.cpp:116] Succeeded to release track lock for frame 74
I1014 11:00:54.537662  4647 work_track.cpp:120] Track results of frame 74: 1 objects input, 1 objects tracked!
I1014 11:00:54.537680  4647 work_track.cpp:148] Frame: 74, track bbox: [120 x 164 from (292.774, 181.067)], gid: 2, lid: 0
I1014 11:00:54.537715  4647 work_thread.hpp:88]  [T-Work-Detect_0] Frame :74 split
I1014 11:00:54.537734  4647 work_thread.hpp:120]  [T-Work-Detect_0] Valid piece: gid = 2
I1014 11:00:54.537751  4647 work_thread.hpp:92]  [T-Work-Detect_0] Push to split queue:recog
I1014 11:00:54.537796  4650 thread_intergrate.hpp:78] [T-Intergrate-intergrate] queue: frame output frame :74
I1014 11:00:54.537796  4648 work_thread.hpp:81]  [T-Work-Recog_0] Run work: WorkCapture
I1014 11:00:54.537824  4650 thread_intergrate.hpp:85] [T-Intergrate-intergrate] queue: compare output face:2
I1014 11:00:54.537843  4650 thread_intergrate.hpp:138] T-Intergrate-intergrate set matched face: 2
I1014 11:00:54.538372  4648 work_thread.hpp:81]  [T-Work-Recog_0] Run work: WorkRecog
I1014 11:00:54.538396  4648 work_recog.hpp:89] Face id: 2 will run recog: bbox [120 x 164 from (296, 180)] quality: 0.434608
I1014 11:00:54.538425  4648 work_recog.hpp:96] Recog pair: [168 x 216 from (272, 144)], [120 x 164 from (24, 36)]
I1014 11:00:54.538995  4650 thread_intergrate.hpp:158] T-Intergrate-intergrate Show face :2, size :640 * 360
I1014 11:00:54.539489  4646 demo_inner.hpp:435] thread [SORT-0]  frame id 74 sorting queue size 0   FPS: 29.9401
I1014 11:00:54.555893  4648 work_thread.hpp:81]  [T-Work-Recog_0] Run work: WorkCompare
I1014 11:00:54.556001  4648 work_compare.cpp:76] Compare face: 2 successed, similarity :0.945309, name : images/thanglmb.jpg, normal size : 640 * 360!
I1014 11:00:54.566414  4644 demo_inner.hpp:177] decode queue size 0
I1014 11:00:54.566507  4647 work_thread.hpp:81]  [T-Work-Detect_0] Run work: WorkDetect
I1014 11:00:54.566541  4647 work_detect.cpp:102] Succeeded to add det start for frame 75
I1014 11:00:54.573420  4647 work_detect.cpp:70] Frame :75 detect result :1 face(s)
I1014 11:00:54.573465  4647 work_detect.cpp:86] Detected bbox: [124 x 169 from (296, 178)]
I1014 11:00:54.573508  4647 work_detect.cpp:120] Succeeded to add det end for frame 75
I1014 11:00:54.573524  4647 work_thread.hpp:81]  [T-Work-Detect_0] Run work: WrokTrack
I1014 11:00:54.573549  4647 work_track.cpp:82] Frame: 75 build input_characts: [0.19375 x 0.469444 from (0.4625, 0.494444)], 0.999622, 0
I1014 11:00:54.573602  4647 work_track.cpp:102] Succeeded to set track lock for frame 75
I1014 11:00:54.573640  4647 work_track.cpp:116] Succeeded to release track lock for frame 75
I1014 11:00:54.573655  4647 work_track.cpp:120] Track results of frame 75: 1 objects input, 1 objects tracked!
I1014 11:00:54.573673  4647 work_track.cpp:148] Frame: 75, track bbox: [124 x 169 from (294.245, 177.787)], gid: 2, lid: 0
I1014 11:00:54.573709  4647 work_thread.hpp:88]  [T-Work-Detect_0] Frame :75 split
I1014 11:00:54.573726  4647 work_thread.hpp:120]  [T-Work-Detect_0] Valid piece: gid = 2
I1014 11:00:54.573745  4647 work_thread.hpp:92]  [T-Work-Detect_0] Push to split queue:recog
I1014 11:00:54.573791  4650 thread_intergrate.hpp:78] [T-Intergrate-intergrate] queue: frame output frame :75
I1014 11:00:54.573792  4648 work_thread.hpp:81]  [T-Work-Recog_0] Run work: WorkCapture
I1014 11:00:54.573819  4650 thread_intergrate.hpp:85] [T-Intergrate-intergrate] queue: compare output face:2
I1014 11:00:54.573838  4650 thread_intergrate.hpp:138] T-Intergrate-intergrate set matched face: 2
I1014 11:00:54.574369  4648 work_thread.hpp:81]  [T-Work-Recog_0] Run work: WorkRecog
I1014 11:00:54.574395  4648 work_recog.hpp:89] Face id: 2 will run recog: bbox [124 x 169 from (296, 178)] quality: 0.463266
I1014 11:00:54.574425  4648 work_recog.hpp:96] Recog pair: [176 x 216 from (272, 144)], [124 x 169 from (24, 34)]
I1014 11:00:54.574997  4650 thread_intergrate.hpp:158] T-Intergrate-intergrate Show face :2, size :640 * 360
I1014 11:00:54.575489  4646 demo_inner.hpp:435] thread [SORT-0]  frame id 75 sorting queue size 1   FPS: 29.9401
I1014 11:00:54.591898  4648 work_thread.hpp:81]  [T-Work-Recog_0] Run work: WorkCompare
I1014 11:00:54.592006  4648 work_compare.cpp:76] Compare face: 2 successed, similarity :0.980037, name : images/thanglmb.jpg, normal size : 640 * 360!
I1014 11:00:54.602368  4644 demo_inner.hpp:177] decode queue size 0
I1014 11:00:54.602483  4647 work_thread.hpp:81]  [T-Work-Detect_0] Run work: WorkDetect
I1014 11:00:54.602517  4647 work_detect.cpp:102] Succeeded to add det start for frame 76
I1014 11:00:54.607748  4645 demo_inner.hpp:260]  gui queue size 1, state = running
I1014 11:00:54.609536  4647 work_detect.cpp:70] Frame :76 detect result :1 face(s)
I1014 11:00:54.609593  4647 work_detect.cpp:86] Detected bbox: [137 x 177 from (284, 165)]
I1014 11:00:54.609642  4647 work_detect.cpp:120] Succeeded to add det end for frame 76
I1014 11:00:54.609658  4647 work_thread.hpp:81]  [T-Work-Detect_0] Run work: WrokTrack
I1014 11:00:54.609684  4647 work_track.cpp:82] Frame: 76 build input_characts: [0.214062 x 0.491667 from (0.44375, 0.458333)], 1.00019, 0
I1014 11:00:54.609746  4647 work_track.cpp:102] Succeeded to set track lock for frame 76
I1014 11:00:54.609789  4647 work_track.cpp:116] Succeeded to release track lock for frame 76
I1014 11:00:54.609804  4647 work_track.cpp:120] Track results of frame 76: 1 objects input, 1 objects tracked!
I1014 11:00:54.609822  4647 work_track.cpp:148] Frame: 76, track bbox: [137 x 177 from (286.704, 168.885)], gid: 2, lid: 0
I1014 11:00:54.609859  4647 work_thread.hpp:88]  [T-Work-Detect_0] Frame :76 split
I1014 11:00:54.609877  4647 work_thread.hpp:120]  [T-Work-Detect_0] Valid piece: gid = 2
I1014 11:00:54.609897  4647 work_thread.hpp:92]  [T-Work-Detect_0] Push to split queue:recog
I1014 11:00:54.610049  4650 thread_intergrate.hpp:78] [T-Intergrate-intergrate] queue: frame output frame :76
I1014 11:00:54.610076  4650 thread_intergrate.hpp:85] [T-Intergrate-intergrate] queue: compare output face:2
I1014 11:00:54.610078  4648 work_thread.hpp:81]  [T-Work-Recog_0] Run work: WorkCapture
I1014 11:00:54.610096  4650 thread_intergrate.hpp:138] T-Intergrate-intergrate set matched face: 2
I1014 11:00:54.610785  4648 work_thread.hpp:81]  [T-Work-Recog_0] Run work: WorkRecog
I1014 11:00:54.610814  4648 work_recog.hpp:89] Face id: 2 will run recog: bbox [137 x 177 from (284, 165)] quality: 0.445021
I1014 11:00:54.610848  4648 work_recog.hpp:96] Recog pair: [192 x 232 from (256, 128)], [137 x 177 from (28, 37)]
I1014 11:00:54.611336  4650 thread_intergrate.hpp:158] T-Intergrate-intergrate Show face :2, size :640 * 360
I1014 11:00:54.611893  4646 demo_inner.hpp:435] thread [SORT-0]  frame id 76 sorting queue size 0   FPS: 29.9252
I1014 11:00:54.628314  4648 work_thread.hpp:81]  [T-Work-Recog_0] Run work: WorkCompare
I1014 11:00:54.628423  4648 work_compare.cpp:76] Compare face: 2 successed, similarity :0.991449, name : images/thanglmb.jpg, normal size : 640 * 360!
I1014 11:00:54.632480  4644 demo_inner.hpp:177] decode queue size 0
I1014 11:00:54.632575  4647 work_thread.hpp:81]  [T-Work-Detect_0] Run work: WorkDetect
I1014 11:00:54.632612  4647 work_detect.cpp:102] Succeeded to add det start for frame 77
I1014 11:00:54.639528  4647 work_detect.cpp:70] Frame :77 detect result :1 face(s)
I1014 11:00:54.639577  4647 work_detect.cpp:86] Detected bbox: [125 x 168 from (297, 182)]
I1014 11:00:54.639619  4647 work_detect.cpp:120] Succeeded to add det end for frame 77
I1014 11:00:54.639636  4647 work_thread.hpp:81]  [T-Work-Detect_0] Run work: WrokTrack
I1014 11:00:54.639662  4647 work_track.cpp:82] Frame: 77 build input_characts: [0.195312 x 0.466667 from (0.464063, 0.505556)], 0.999622, 0
I1014 11:00:54.639717  4647 work_track.cpp:102] Succeeded to set track lock for frame 77
I1014 11:00:54.639756  4647 work_track.cpp:116] Succeeded to release track lock for frame 77
I1014 11:00:54.639771  4647 work_track.cpp:120] Track results of frame 77: 1 objects input, 1 objects tracked!
I1014 11:00:54.639789  4647 work_track.cpp:148] Frame: 77, track bbox: [125 x 168 from (296.025, 176.592)], gid: 2, lid: 0
I1014 11:00:54.639825  4647 work_thread.hpp:88]  [T-Work-Detect_0] Frame :77 split
I1014 11:00:54.639843  4647 work_thread.hpp:120]  [T-Work-Detect_0] Valid piece: gid = 2
I1014 11:00:54.639861  4647 work_thread.hpp:92]  [T-Work-Detect_0] Push to split queue:recog
I1014 11:00:54.639902  4649 work_thread.hpp:81]  [T-Work-Recog_1] Run work: WorkCapture
I1014 11:00:54.639904  4650 thread_intergrate.hpp:78] [T-Intergrate-intergrate] queue: frame output frame :77
I1014 11:00:54.639945  4650 thread_intergrate.hpp:85] [T-Intergrate-intergrate] queue: compare output face:2
I1014 11:00:54.639964  4650 thread_intergrate.hpp:138] T-Intergrate-intergrate set matched face: 2
I1014 11:00:54.640527  4649 work_thread.hpp:81]  [T-Work-Recog_1] Run work: WorkRecog
I1014 11:00:54.640552  4649 work_recog.hpp:89] Face id: 2 will run recog: bbox [125 x 168 from (297, 182)] quality: 0.444481
I1014 11:00:54.640591  4649 work_recog.hpp:96] Recog pair: [176 x 216 from (272, 144)], [125 x 168 from (25, 38)]
I1014 11:00:54.641134  4650 thread_intergrate.hpp:158] T-Intergrate-intergrate Show face :2, size :640 * 360
I1014 11:00:54.641650  4646 demo_inner.hpp:435] thread [SORT-0]  frame id 77 sorting queue size 1   FPS: 29.9401
I1014 11:00:54.658565  4649 work_thread.hpp:81]  [T-Work-Recog_1] Run work: WorkCompare
I1014 11:00:54.658680  4649 work_compare.cpp:76] Compare face: 2 successed, similarity :0.983767, name : images/thanglmb.jpg, normal size : 640 * 360!
I1014 11:00:54.668671  4644 demo_inner.hpp:177] decode queue size 0
I1014 11:00:54.668795  4647 work_thread.hpp:81]  [T-Work-Detect_0] Run work: WorkDetect
I1014 11:00:54.668834  4647 work_detect.cpp:102] Succeeded to add det start for frame 78
I1014 11:00:54.675734  4647 work_detect.cpp:70] Frame :78 detect result :1 face(s)
I1014 11:00:54.675855  4647 work_detect.cpp:86] Detected bbox: [127 x 175 from (290, 176)]
I1014 11:00:54.675899  4647 work_detect.cpp:120] Succeeded to add det end for frame 78
I1014 11:00:54.675916  4647 work_thread.hpp:81]  [T-Work-Detect_0] Run work: WrokTrack
I1014 11:00:54.675941  4647 work_track.cpp:82] Frame: 78 build input_characts: [0.198437 x 0.486111 from (0.453125, 0.488889)], 1.00019, 0
I1014 11:00:54.675995  4647 work_track.cpp:102] Succeeded to set track lock for frame 78
I1014 11:00:54.676034  4647 work_track.cpp:116] Succeeded to release track lock for frame 78
I1014 11:00:54.676048  4647 work_track.cpp:120] Track results of frame 78: 1 objects input, 1 objects tracked!
I1014 11:00:54.676066  4647 work_track.cpp:148] Frame: 78, track bbox: [127 x 175 from (293.103, 174.445)], gid: 2, lid: 0
I1014 11:00:54.676103  4647 work_thread.hpp:88]  [T-Work-Detect_0] Frame :78 split
I1014 11:00:54.676120  4647 work_thread.hpp:120]  [T-Work-Detect_0] Valid piece: gid = 2
I1014 11:00:54.676138  4647 work_thread.hpp:92]  [T-Work-Detect_0] Push to split queue:recog
I1014 11:00:54.676200  4650 thread_intergrate.hpp:78] [T-Intergrate-intergrate] queue: frame output frame :78
I1014 11:00:54.676203  4648 work_thread.hpp:81]  [T-Work-Recog_0] Run work: WorkCapture
I1014 11:00:54.676234  4650 thread_intergrate.hpp:85] [T-Intergrate-intergrate] queue: compare output face:2
I1014 11:00:54.676254  4650 thread_intergrate.hpp:138] T-Intergrate-intergrate set matched face: 2
I1014 11:00:54.676875  4648 work_thread.hpp:81]  [T-Work-Recog_0] Run work: WorkRecog
I1014 11:00:54.676913  4648 work_recog.hpp:89] Face id: 2 will run recog: bbox [127 x 175 from (290, 176)] quality: 0.405537
I1014 11:00:54.676950  4648 work_recog.hpp:96] Recog pair: [184 x 224 from (264, 136)], [127 x 175 from (26, 40)]
I1014 11:00:54.676981  4645 demo_inner.hpp:260]  gui queue size 1, state = running
I1014 11:00:54.677467  4650 thread_intergrate.hpp:158] T-Intergrate-intergrate Show face :2, size :640 * 360
I1014 11:00:54.678050  4646 demo_inner.hpp:435] thread [SORT-0]  frame id 78 sorting queue size 0   FPS: 29.9252
I1014 11:00:54.695276  4648 work_thread.hpp:81]  [T-Work-Recog_0] Run work: WorkCompare
I1014 11:00:54.695415  4648 work_compare.cpp:76] Compare face: 2 successed, similarity :0.989045, name : images/thanglmb.jpg, normal size : 640 * 360!
I1014 11:00:54.699206  4644 demo_inner.hpp:177] decode queue size 0
I1014 11:00:54.699299  4647 work_thread.hpp:81]  [T-Work-Detect_0] Run work: WorkDetect
I1014 11:00:54.699335  4647 work_detect.cpp:102] Succeeded to add det start for frame 79
I1014 11:00:54.706096  4647 work_detect.cpp:70] Frame :79 detect result :1 face(s)
I1014 11:00:54.706140  4647 work_detect.cpp:86] Detected bbox: [128 x 176 from (289, 177)]
I1014 11:00:54.706182  4647 work_detect.cpp:120] Succeeded to add det end for frame 79
I1014 11:00:54.706199  4647 work_thread.hpp:81]  [T-Work-Detect_0] Run work: WrokTrack
I1014 11:00:54.706224  4647 work_track.cpp:82] Frame: 79 build input_characts: [0.2 x 0.488889 from (0.451562, 0.491667)], 1.00019, 0
I1014 11:00:54.706280  4647 work_track.cpp:102] Succeeded to set track lock for frame 79
I1014 11:00:54.706318  4647 work_track.cpp:116] Succeeded to release track lock for frame 79
I1014 11:00:54.706333  4647 work_track.cpp:120] Track results of frame 79: 1 objects input, 1 objects tracked!
I1014 11:00:54.706351  4647 work_track.cpp:148] Frame: 79, track bbox: [128 x 176 from (289.887, 176.25)], gid: 2, lid: 0
I1014 11:00:54.706387  4647 work_thread.hpp:88]  [T-Work-Detect_0] Frame :79 split
I1014 11:00:54.706405  4647 work_thread.hpp:120]  [T-Work-Detect_0] Valid piece: gid = 2
I1014 11:00:54.706423  4647 work_thread.hpp:92]  [T-Work-Detect_0] Push to split queue:recog
I1014 11:00:54.706468  4650 thread_intergrate.hpp:78] [T-Intergrate-intergrate] queue: frame output frame :79
I1014 11:00:54.706471  4649 work_thread.hpp:81]  [T-Work-Recog_1] Run work: WorkCapture
I1014 11:00:54.706496  4650 thread_intergrate.hpp:85] [T-Intergrate-intergrate] queue: compare output face:2
I1014 11:00:54.706589  4650 thread_intergrate.hpp:138] T-Intergrate-intergrate set matched face: 2
I1014 11:00:54.707074  4649 work_thread.hpp:81]  [T-Work-Recog_1] Run work: WorkRecog
I1014 11:00:54.707099  4649 work_recog.hpp:89] Face id: 2 will run recog: bbox [128 x 176 from (289, 177)] quality: 0.417822
I1014 11:00:54.707129  4649 work_recog.hpp:96] Recog pair: [184 x 224 from (264, 136)], [128 x 176 from (25, 41)]
I1014 11:00:54.707746  4650 thread_intergrate.hpp:158] T-Intergrate-intergrate Show face :2, size :640 * 360
I1014 11:00:54.708320  4646 demo_inner.hpp:435] thread [SORT-0]  frame id 79 sorting queue size 1   FPS: 29.9252
I1014 11:00:54.725152  4649 work_thread.hpp:81]  [T-Work-Recog_1] Run work: WorkCompare
I1014 11:00:54.725280  4649 work_compare.cpp:76] Compare face: 2 successed, similarity :0.988626, name : images/thanglmb.jpg, normal size : 640 * 360!
I1014 11:00:54.734781  4644 demo_inner.hpp:177] decode queue size 0
I1014 11:00:54.735054  4647 work_thread.hpp:81]  [T-Work-Detect_0] Run work: WorkDetect
I1014 11:00:54.735114  4647 work_detect.cpp:102] Succeeded to add det start for frame 80
I1014 11:00:54.742494  4647 work_detect.cpp:70] Frame :80 detect result :1 face(s)
I1014 11:00:54.742549  4647 work_detect.cpp:86] Detected bbox: [130 x 171 from (296, 180)]
I1014 11:00:54.742599  4647 work_detect.cpp:120] Succeeded to add det end for frame 80
I1014 11:00:54.742617  4647 work_thread.hpp:81]  [T-Work-Detect_0] Run work: WrokTrack
I1014 11:00:54.742642  4647 work_track.cpp:82] Frame: 80 build input_characts: [0.203125 x 0.475 from (0.4625, 0.5)], 0.999622, 0
I1014 11:00:54.742705  4647 work_track.cpp:102] Succeeded to set track lock for frame 80
I1014 11:00:54.742767  4647 work_track.cpp:116] Succeeded to release track lock for frame 80
I1014 11:00:54.742782  4647 work_track.cpp:120] Track results of frame 80: 1 objects input, 1 objects tracked!
I1014 11:00:54.742800  4647 work_track.cpp:148] Frame: 80, track bbox: [130 x 171 from (291.973, 180.526)], gid: 2, lid: 0
I1014 11:00:54.742846  4647 work_thread.hpp:88]  [T-Work-Detect_0] Frame :80 split
I1014 11:00:54.742864  4647 work_thread.hpp:120]  [T-Work-Detect_0] Valid piece: gid = 2
I1014 11:00:54.742882  4647 work_thread.hpp:92]  [T-Work-Detect_0] Push to split queue:recog
I1014 11:00:54.742929  4650 thread_intergrate.hpp:78] [T-Intergrate-intergrate] queue: frame output frame :80
I1014 11:00:54.742930  4649 work_thread.hpp:81]  [T-Work-Recog_1] Run work: WorkCapture
I1014 11:00:54.742959  4650 thread_intergrate.hpp:85] [T-Intergrate-intergrate] queue: compare output face:2
I1014 11:00:54.742978  4650 thread_intergrate.hpp:138] T-Intergrate-intergrate set matched face: 2
I1014 11:00:54.743513  4649 work_thread.hpp:81]  [T-Work-Recog_1] Run work: WorkRecog
I1014 11:00:54.743538  4649 work_recog.hpp:89] Face id: 2 will run recog: bbox [130 x 171 from (296, 180)] quality: 0.439696
I1014 11:00:54.743568  4649 work_recog.hpp:96] Recog pair: [192 x 216 from (264, 144)], [130 x 171 from (32, 36)]
I1014 11:00:54.744139  4650 thread_intergrate.hpp:158] T-Intergrate-intergrate Show face :2, size :640 * 360
I1014 11:00:54.744716  4646 demo_inner.hpp:435] thread [SORT-0]  frame id 80 sorting queue size 2   FPS: 29.9252
I1014 11:00:54.747629  4645 demo_inner.hpp:260]  gui queue size 2, state = running
I1014 11:00:54.760979  4649 work_thread.hpp:81]  [T-Work-Recog_1] Run work: WorkCompare
I1014 11:00:54.761090  4649 work_compare.cpp:76] Compare face: 2 successed, similarity :0.986472, name : images/thanglmb.jpg, normal size : 640 * 360!
I1014 11:00:54.764549  4644 demo_inner.hpp:177] decode queue size 0
I1014 11:00:54.764670  4647 work_thread.hpp:81]  [T-Work-Detect_0] Run work: WorkDetect
I1014 11:00:54.764704  4647 work_detect.cpp:102] Succeeded to add det start for frame 81
I1014 11:00:54.772147  4647 work_detect.cpp:70] Frame :81 detect result :1 face(s)
I1014 11:00:54.772217  4647 work_detect.cpp:86] Detected bbox: [131 x 175 from (288, 177)]
I1014 11:00:54.772269  4647 work_detect.cpp:120] Succeeded to add det end for frame 81
I1014 11:00:54.772380  4647 work_thread.hpp:81]  [T-Work-Detect_0] Run work: WrokTrack
I1014 11:00:54.772408  4647 work_track.cpp:82] Frame: 81 build input_characts: [0.204688 x 0.486111 from (0.45, 0.491667)], 1.00019, 0
I1014 11:00:54.772464  4647 work_track.cpp:102] Succeeded to set track lock for frame 81
I1014 11:00:54.772511  4647 work_track.cpp:116] Succeeded to release track lock for frame 81
I1014 11:00:54.772526  4647 work_track.cpp:120] Track results of frame 81: 1 objects input, 1 objects tracked!
I1014 11:00:54.772543  4647 work_track.cpp:148] Frame: 81, track bbox: [131 x 175 from (290.63, 179.427)], gid: 2, lid: 0
I1014 11:00:54.772579  4647 work_thread.hpp:88]  [T-Work-Detect_0] Frame :81 split
I1014 11:00:54.772605  4647 work_thread.hpp:120]  [T-Work-Detect_0] Valid piece: gid = 2
I1014 11:00:54.772694  4647 work_thread.hpp:92]  [T-Work-Detect_0] Push to split queue:recog
I1014 11:00:54.772747  4648 work_thread.hpp:81]  [T-Work-Recog_0] Run work: WorkCapture
I1014 11:00:54.772747  4650 thread_intergrate.hpp:78] [T-Intergrate-intergrate] queue: frame output frame :81
I1014 11:00:54.772785  4650 thread_intergrate.hpp:85] [T-Intergrate-intergrate] queue: compare output face:2
I1014 11:00:54.772804  4650 thread_intergrate.hpp:138] T-Intergrate-intergrate set matched face: 2
I1014 11:00:54.773311  4648 work_thread.hpp:81]  [T-Work-Recog_0] Run work: WorkRecog
I1014 11:00:54.773336  4648 work_recog.hpp:89] Face id: 2 will run recog: bbox [131 x 175 from (288, 177)] quality: 0.399422
I1014 11:00:54.773368  4648 work_recog.hpp:96] Recog pair: [192 x 224 from (256, 136)], [131 x 175 from (32, 41)]
I1014 11:00:54.773958  4650 thread_intergrate.hpp:158] T-Intergrate-intergrate Show face :2, size :640 * 360
I1014 11:00:54.774510  4646 demo_inner.hpp:435] thread [SORT-0]  frame id 81 sorting queue size 0   FPS: 29.9252
I1014 11:00:54.790832  4648 work_thread.hpp:81]  [T-Work-Recog_0] Run work: WorkCompare
I1014 11:00:54.790941  4648 work_compare.cpp:76] Compare face: 2 successed, similarity :0.989271, name : images/thanglmb.jpg, normal size : 640 * 360!
I1014 11:00:54.798858  4644 demo_inner.hpp:177] decode queue size 0
I1014 11:00:54.798964  4647 work_thread.hpp:81]  [T-Work-Detect_0] Run work: WorkDetect
I1014 11:00:54.799000  4647 work_detect.cpp:102] Succeeded to add det start for frame 82
I1014 11:00:54.806533  4647 work_detect.cpp:70] Frame :82 detect result :1 face(s)
I1014 11:00:54.806587  4647 work_detect.cpp:86] Detected bbox: [126 x 172 from (290, 180)]
I1014 11:00:54.806630  4647 work_detect.cpp:120] Succeeded to add det end for frame 82
I1014 11:00:54.806648  4647 work_thread.hpp:81]  [T-Work-Detect_0] Run work: WrokTrack
I1014 11:00:54.806679  4647 work_track.cpp:82] Frame: 82 build input_characts: [0.196875 x 0.477778 from (0.453125, 0.5)], 1.00019, 0
I1014 11:00:54.806752  4647 work_track.cpp:102] Succeeded to set track lock for frame 82
I1014 11:00:54.806792  4647 work_track.cpp:116] Succeeded to release track lock for frame 82
I1014 11:00:54.806814  4647 work_track.cpp:120] Track results of frame 82: 1 objects input, 1 objects tracked!
I1014 11:00:54.806831  4647 work_track.cpp:148] Frame: 82, track bbox: [126 x 172 from (290.817, 179.352)], gid: 2, lid: 0
I1014 11:00:54.806990  4647 work_thread.hpp:88]  [T-Work-Detect_0] Frame :82 split
I1014 11:00:54.807010  4647 work_thread.hpp:120]  [T-Work-Detect_0] Valid piece: gid = 2
I1014 11:00:54.807029  4647 work_thread.hpp:92]  [T-Work-Detect_0] Push to split queue:recog
I1014 11:00:54.807078  4650 thread_intergrate.hpp:78] [T-Intergrate-intergrate] queue: frame output frame :82
I1014 11:00:54.807096  4648 work_thread.hpp:81]  [T-Work-Recog_0] Run work: WorkCapture
I1014 11:00:54.807104  4650 thread_intergrate.hpp:85] [T-Intergrate-intergrate] queue: compare output face:2
I1014 11:00:54.807122  4650 thread_intergrate.hpp:138] T-Intergrate-intergrate set matched face: 2
I1014 11:00:54.807708  4648 work_thread.hpp:81]  [T-Work-Recog_0] Run work: WorkRecog
I1014 11:00:54.807732  4648 work_recog.hpp:89] Face id: 2 will run recog: bbox [126 x 172 from (290, 180)] quality: 0.399422
I1014 11:00:54.807844  4648 work_recog.hpp:96] Recog pair: [184 x 216 from (264, 144)], [126 x 172 from (26, 36)]
I1014 11:00:54.808313  4650 thread_intergrate.hpp:158] T-Intergrate-intergrate Show face :2, size :640 * 360
I1014 11:00:54.808846  4646 demo_inner.hpp:435] thread [SORT-0]  frame id 82 sorting queue size 1   FPS: 29.9551
I1014 11:00:54.825389  4648 work_thread.hpp:81]  [T-Work-Recog_0] Run work: WorkCompare
I1014 11:00:54.825520  4648 work_compare.cpp:76] Compare face: 2 successed, similarity :0.983467, name : images/thanglmb.jpg, normal size : 640 * 360!
I1014 11:00:54.825801  4645 demo_inner.hpp:260]  gui queue size 1, state = running
I1014 11:00:54.828727  4644 demo_inner.hpp:177] decode queue size 0
I1014 11:00:54.828861  4647 work_thread.hpp:81]  [T-Work-Detect_0] Run work: WorkDetect
I1014 11:00:54.828899  4647 work_detect.cpp:102] Succeeded to add det start for frame 83
I1014 11:00:54.836375  4647 work_detect.cpp:70] Frame :83 detect result :1 face(s)
I1014 11:00:54.836419  4647 work_detect.cpp:86] Detected bbox: [129 x 167 from (298, 186)]
I1014 11:00:54.836483  4647 work_detect.cpp:120] Succeeded to add det end for frame 83
I1014 11:00:54.836503  4647 work_thread.hpp:81]  [T-Work-Detect_0] Run work: WrokTrack
I1014 11:00:54.836529  4647 work_track.cpp:82] Frame: 83 build input_characts: [0.201562 x 0.463889 from (0.465625, 0.516667)], 0.998877, 0
I1014 11:00:54.836596  4647 work_track.cpp:102] Succeeded to set track lock for frame 83
I1014 11:00:54.836637  4647 work_track.cpp:116] Succeeded to release track lock for frame 83
I1014 11:00:54.836652  4647 work_track.cpp:120] Track results of frame 83: 1 objects input, 1 objects tracked!
I1014 11:00:54.836669  4647 work_track.cpp:148] Frame: 83, track bbox: [129 x 167 from (294.25, 184.452)], gid: 2, lid: 0
I1014 11:00:54.836712  4647 work_thread.hpp:88]  [T-Work-Detect_0] Frame :83 split
I1014 11:00:54.836747  4647 work_thread.hpp:120]  [T-Work-Detect_0] Valid piece: gid = 2
I1014 11:00:54.836766  4647 work_thread.hpp:92]  [T-Work-Detect_0] Push to split queue:recog
I1014 11:00:54.836812  4650 thread_intergrate.hpp:78] [T-Intergrate-intergrate] queue: frame output frame :83
I1014 11:00:54.836812  4649 work_thread.hpp:81]  [T-Work-Recog_1] Run work: WorkCapture
I1014 11:00:54.836840  4650 thread_intergrate.hpp:85] [T-Intergrate-intergrate] queue: compare output face:2
I1014 11:00:54.836858  4650 thread_intergrate.hpp:138] T-Intergrate-intergrate set matched face: 2
I1014 11:00:54.837543  4649 work_thread.hpp:81]  [T-Work-Recog_1] Run work: WorkRecog
I1014 11:00:54.837568  4649 work_recog.hpp:89] Face id: 2 will run recog: bbox [129 x 167 from (298, 186)] quality: 0.438753
I1014 11:00:54.837599  4649 work_recog.hpp:96] Recog pair: [184 x 208 from (272, 152)], [129 x 167 from (26, 34)]
I1014 11:00:54.838019  4650 thread_intergrate.hpp:158] T-Intergrate-intergrate Show face :2, size :640 * 360
I1014 11:00:54.838555  4646 demo_inner.hpp:435] thread [SORT-0]  frame id 83 sorting queue size 0   FPS: 29.9551
I1014 11:00:54.854907  4649 work_thread.hpp:81]  [T-Work-Recog_1] Run work: WorkCompare
I1014 11:00:54.855103  4649 work_compare.cpp:76] Compare face: 2 successed, similarity :0.987215, name : images/thanglmb.jpg, normal size : 640 * 360!
I1014 11:00:54.864357  4644 demo_inner.hpp:177] decode queue size 0
I1014 11:00:54.864471  4647 work_thread.hpp:81]  [T-Work-Detect_0] Run work: WorkDetect
I1014 11:00:54.864516  4647 work_detect.cpp:102] Succeeded to add det start for frame 84
I1014 11:00:54.871933  4647 work_detect.cpp:70] Frame :84 detect result :1 face(s)
I1014 11:00:54.871986  4647 work_detect.cpp:86] Detected bbox: [129 x 173 from (298, 182)]
I1014 11:00:54.872037  4647 work_detect.cpp:120] Succeeded to add det end for frame 84
I1014 11:00:54.872056  4647 work_thread.hpp:81]  [T-Work-Detect_0] Run work: WrokTrack
I1014 11:00:54.872081  4647 work_track.cpp:82] Frame: 84 build input_characts: [0.201562 x 0.480556 from (0.465625, 0.505556)], 0.998877, 0
I1014 11:00:54.872144  4647 work_track.cpp:102] Succeeded to set track lock for frame 84
I1014 11:00:54.872442  4647 work_track.cpp:116] Succeeded to release track lock for frame 84
I1014 11:00:54.872459  4647 work_track.cpp:120] Track results of frame 84: 1 objects input, 1 objects tracked!
I1014 11:00:54.872478  4647 work_track.cpp:148] Frame: 84, track bbox: [129 x 173 from (296.77, 182.215)], gid: 2, lid: 0
I1014 11:00:54.872524  4647 work_thread.hpp:88]  [T-Work-Detect_0] Frame :84 split
I1014 11:00:54.872541  4647 work_thread.hpp:120]  [T-Work-Detect_0] Valid piece: gid = 2
I1014 11:00:54.872560  4647 work_thread.hpp:92]  [T-Work-Detect_0] Push to split queue:recog
I1014 11:00:54.872608  4650 thread_intergrate.hpp:78] [T-Intergrate-intergrate] queue: frame output frame :84
I1014 11:00:54.872608  4649 work_thread.hpp:81]  [T-Work-Recog_1] Run work: WorkCapture
I1014 11:00:54.872637  4650 thread_intergrate.hpp:85] [T-Intergrate-intergrate] queue: compare output face:2
I1014 11:00:54.872655  4650 thread_intergrate.hpp:138] T-Intergrate-intergrate set matched face: 2
I1014 11:00:54.873232  4649 work_thread.hpp:81]  [T-Work-Recog_1] Run work: WorkRecog
I1014 11:00:54.873256  4649 work_recog.hpp:89] Face id: 2 will run recog: bbox [129 x 173 from (298, 182)] quality: 0.44867
I1014 11:00:54.873286  4649 work_recog.hpp:96] Recog pair: [184 x 216 from (272, 144)], [129 x 173 from (26, 38)]
I1014 11:00:54.873826  4650 thread_intergrate.hpp:158] T-Intergrate-intergrate Show face :2, size :640 * 360
I1014 11:00:54.874361  4646 demo_inner.hpp:435] thread [SORT-0]  frame id 84 sorting queue size 1   FPS: 29.9551
I1014 11:00:54.890517  4649 work_thread.hpp:81]  [T-Work-Recog_1] Run work: WorkCompare
I1014 11:00:54.890619  4649 work_compare.cpp:76] Compare face: 2 successed, similarity :0.988692, name : images/thanglmb.jpg, normal size : 640 * 360!
I1014 11:00:54.902113  4644 demo_inner.hpp:177] decode queue size 0
I1014 11:00:54.902297  4647 work_thread.hpp:81]  [T-Work-Detect_0] Run work: WorkDetect
I1014 11:00:54.902348  4647 work_detect.cpp:102] Succeeded to add det start for frame 85
I1014 11:00:54.904009  4645 demo_inner.hpp:260]  gui queue size 1, state = running
I1014 11:00:54.909956  4647 work_detect.cpp:70] Frame :85 detect result :1 face(s)
I1014 11:00:54.910012  4647 work_detect.cpp:86] Detected bbox: [128 x 167 from (299, 184)]
I1014 11:00:54.910064  4647 work_detect.cpp:120] Succeeded to add det end for frame 85
I1014 11:00:54.910081  4647 work_thread.hpp:81]  [T-Work-Detect_0] Run work: WrokTrack
I1014 11:00:54.910106  4647 work_track.cpp:82] Frame: 85 build input_characts: [0.2 x 0.463889 from (0.467187, 0.511111)], 1.00019, 0
I1014 11:00:54.910188  4647 work_track.cpp:102] Succeeded to set track lock for frame 85
I1014 11:00:54.910231  4647 work_track.cpp:116] Succeeded to release track lock for frame 85
I1014 11:00:54.910248  4647 work_track.cpp:120] Track results of frame 85: 1 objects input, 1 objects tracked!
I1014 11:00:54.910264  4647 work_track.cpp:148] Frame: 85, track bbox: [128 x 167 from (298.561, 185.244)], gid: 2, lid: 0
I1014 11:00:54.910310  4647 work_thread.hpp:88]  [T-Work-Detect_0] Frame :85 split
I1014 11:00:54.910327  4647 work_thread.hpp:120]  [T-Work-Detect_0] Valid piece: gid = 2
I1014 11:00:54.910346  4647 work_thread.hpp:92]  [T-Work-Detect_0] Push to split queue:recog
I1014 11:00:54.910390  4649 work_thread.hpp:81]  [T-Work-Recog_1] Run work: WorkCapture
I1014 11:00:54.910400  4650 thread_intergrate.hpp:78] [T-Intergrate-intergrate] queue: frame output frame :85
I1014 11:00:54.910429  4650 thread_intergrate.hpp:85] [T-Intergrate-intergrate] queue: compare output face:2
I1014 11:00:54.910447  4650 thread_intergrate.hpp:138] T-Intergrate-intergrate set matched face: 2
I1014 11:00:54.910962  4649 work_thread.hpp:81]  [T-Work-Recog_1] Run work: WorkRecog
I1014 11:00:54.910986  4649 work_recog.hpp:89] Face id: 2 will run recog: bbox [128 x 167 from (299, 184)] quality: 0.405444
I1014 11:00:54.911015  4649 work_recog.hpp:96] Recog pair: [184 x 216 from (272, 144)], [128 x 167 from (27, 40)]
I1014 11:00:54.911610  4650 thread_intergrate.hpp:158] T-Intergrate-intergrate Show face :2, size :640 * 360
I1014 11:00:54.912294  4646 demo_inner.hpp:435] thread [SORT-0]  frame id 85 sorting queue size 0   FPS: 29.9252
I1014 11:00:54.928381  4649 work_thread.hpp:81]  [T-Work-Recog_1] Run work: WorkCompare
I1014 11:00:54.928496  4649 work_compare.cpp:76] Compare face: 2 successed, similarity :0.989992, name : images/thanglmb.jpg, normal size : 640 * 360!
I1014 11:00:54.930678  4644 demo_inner.hpp:177] decode queue size 0
I1014 11:00:54.930742  4647 work_thread.hpp:81]  [T-Work-Detect_0] Run work: WorkDetect
I1014 11:00:54.930774  4647 work_detect.cpp:102] Succeeded to add det start for frame 86
I1014 11:00:54.938206  4647 work_detect.cpp:70] Frame :86 detect result :1 face(s)
I1014 11:00:54.938311  4647 work_detect.cpp:86] Detected bbox: [129 x 172 from (300, 182)]
I1014 11:00:54.938377  4647 work_detect.cpp:120] Succeeded to add det end for frame 86
I1014 11:00:54.938395  4647 work_thread.hpp:81]  [T-Work-Detect_0] Run work: WrokTrack
I1014 11:00:54.938421  4647 work_track.cpp:82] Frame: 86 build input_characts: [0.201562 x 0.477778 from (0.46875, 0.505556)], 1.00019, 0
I1014 11:00:54.938484  4647 work_track.cpp:102] Succeeded to set track lock for frame 86
I1014 11:00:54.938524  4647 work_track.cpp:116] Succeeded to release track lock for frame 86
I1014 11:00:54.938539  4647 work_track.cpp:120] Track results of frame 86: 1 objects input, 1 objects tracked!
I1014 11:00:54.938555  4647 work_track.cpp:148] Frame: 86, track bbox: [129 x 172 from (301.394, 182.839)], gid: 2, lid: 0
I1014 11:00:54.938674  4647 work_thread.hpp:88]  [T-Work-Detect_0] Frame :86 split
I1014 11:00:54.938701  4647 work_thread.hpp:120]  [T-Work-Detect_0] Valid piece: gid = 2
I1014 11:00:54.938720  4647 work_thread.hpp:92]  [T-Work-Detect_0] Push to split queue:recog
I1014 11:00:54.938767  4648 work_thread.hpp:81]  [T-Work-Recog_0] Run work: WorkCapture
I1014 11:00:54.939244  4650 thread_intergrate.hpp:78] [T-Intergrate-intergrate] queue: frame output frame :86
I1014 11:00:54.939270  4650 thread_intergrate.hpp:85] [T-Intergrate-intergrate] queue: compare output face:2
I1014 11:00:54.939290  4650 thread_intergrate.hpp:138] T-Intergrate-intergrate set matched face: 2
I1014 11:00:54.939493  4648 work_thread.hpp:81]  [T-Work-Recog_0] Run work: WorkRecog
I1014 11:00:54.939517  4648 work_recog.hpp:89] Face id: 2 will run recog: bbox [129 x 172 from (300, 182)] quality: 0.459791
I1014 11:00:54.939545  4648 work_recog.hpp:96] Recog pair: [184 x 216 from (272, 144)], [129 x 172 from (28, 38)]
I1014 11:00:54.940481  4650 thread_intergrate.hpp:158] T-Intergrate-intergrate Show face :2, size :640 * 360
I1014 11:00:54.941040  4646 demo_inner.hpp:435] thread [SORT-0]  frame id 86 sorting queue size 1   FPS: 29.9551
I1014 11:00:54.957365  4648 work_thread.hpp:81]  [T-Work-Recog_0] Run work: WorkCompare
I1014 11:00:54.957494  4648 work_compare.cpp:76] Compare face: 2 successed, similarity :0.987943, name : images/thanglmb.jpg, normal size : 640 * 360!
