I1014 16:29:55.162101 10063 work_track.cpp:116] Succeeded to release track lock for frame 177
I1014 16:29:55.162114 10063 work_track.cpp:120] Track results of frame 177: 0 objects input, 0 objects tracked!
I1014 16:29:55.162132 10063 work_thread.hpp:87]  [T-Work-Detect_0] Frame :177 split
I1014 16:29:55.162175 10066 thread_intergrate.hpp:78] [T-Intergrate-intergrate] queue: frame output frame :177
I1014 16:29:55.163264 10066 thread_intergrate.hpp:188] T-Intergrate-intergrate Show face :0, size :640 * 360
I1014 16:29:55.163734 10062 demo_inner.hpp:435] thread [SORT-0]  frame id 177 sorting queue size 2   FPS: 14.8791
I1014 16:29:55.233341 10060 demo_inner.hpp:177] decode queue size 0
I1014 16:29:55.233461 10063 work_thread.hpp:81]  [T-Work-Detect_0] Run work: WorkDetect
I1014 16:29:55.233494 10063 work_detect.cpp:102] Succeeded to add det start for frame 178
I1014 16:29:55.239796 10063 work_detect.cpp:70] Frame :178 detect result :0 face(s)
I1014 16:29:55.239842 10063 work_detect.cpp:120] Succeeded to add det end for frame 178
I1014 16:29:55.239858 10063 work_thread.hpp:81]  [T-Work-Detect_0] Run work: WrokTrack
I1014 16:29:55.239886 10063 work_track.cpp:102] Succeeded to set track lock for frame 178
I1014 16:29:55.239912 10063 work_track.cpp:116] Succeeded to release track lock for frame 178
I1014 16:29:55.239924 10063 work_track.cpp:120] Track results of frame 178: 0 objects input, 0 objects tracked!
I1014 16:29:55.239943 10063 work_thread.hpp:87]  [T-Work-Detect_0] Frame :178 split
I1014 16:29:55.239987 10066 thread_intergrate.hpp:78] [T-Intergrate-intergrate] queue: frame output frame :178
I1014 16:29:55.241076 10066 thread_intergrate.hpp:188] T-Intergrate-intergrate Show face :0, size :640 * 360
I1014 16:29:55.241514 10062 demo_inner.hpp:435] thread [SORT-0]  frame id 178 sorting queue size 3   FPS: 14.742
I1014 16:29:55.317303 10060 demo_inner.hpp:177] decode queue size 0
I1014 16:29:55.317426 10063 work_thread.hpp:81]  [T-Work-Detect_0] Run work: WorkDetect
I1014 16:29:55.317534 10063 work_detect.cpp:102] Succeeded to add det start for frame 179
I1014 16:29:55.323833 10063 work_detect.cpp:70] Frame :179 detect result :0 face(s)
I1014 16:29:55.323876 10063 work_detect.cpp:120] Succeeded to add det end for frame 179
I1014 16:29:55.323892 10063 work_thread.hpp:81]  [T-Work-Detect_0] Run work: WrokTrack
I1014 16:29:55.323920 10063 work_track.cpp:102] Succeeded to set track lock for frame 179
I1014 16:29:55.323946 10063 work_track.cpp:116] Succeeded to release track lock for frame 179
I1014 16:29:55.323959 10063 work_track.cpp:120] Track results of frame 179: 0 objects input, 0 objects tracked!
I1014 16:29:55.323978 10063 work_thread.hpp:87]  [T-Work-Detect_0] Frame :179 split
I1014 16:29:55.324021 10066 thread_intergrate.hpp:78] [T-Intergrate-intergrate] queue: frame output frame :179
I1014 16:29:55.325111 10066 thread_intergrate.hpp:188] T-Intergrate-intergrate Show face :0, size :640 * 360
I1014 16:29:55.325657 10062 demo_inner.hpp:435] thread [SORT-0]  frame id 179 sorting queue size 4   FPS: 14.5808
I1014 16:29:55.395421 10060 demo_inner.hpp:177] decode queue size 0
I1014 16:29:55.395558 10063 work_thread.hpp:81]  [T-Work-Detect_0] Run work: WorkDetect
I1014 16:29:55.395592 10063 work_detect.cpp:102] Succeeded to add det start for frame 180
I1014 16:29:55.401916 10063 work_detect.cpp:70] Frame :180 detect result :0 face(s)
I1014 16:29:55.401962 10063 work_detect.cpp:120] Succeeded to add det end for frame 180
I1014 16:29:55.401978 10063 work_thread.hpp:81]  [T-Work-Detect_0] Run work: WrokTrack
I1014 16:29:55.402004 10063 work_track.cpp:102] Succeeded to set track lock for frame 180
I1014 16:29:55.402031 10063 work_track.cpp:116] Succeeded to release track lock for frame 180
I1014 16:29:55.402045 10063 work_track.cpp:120] Track results of frame 180: 0 objects input, 0 objects tracked!
I1014 16:29:55.402063 10063 work_thread.hpp:87]  [T-Work-Detect_0] Frame :180 split
I1014 16:29:55.402106 10066 thread_intergrate.hpp:78] [T-Intergrate-intergrate] queue: frame output frame :180
I1014 16:29:55.403192 10066 thread_intergrate.hpp:188] T-Intergrate-intergrate Show face :0, size :640 * 360
I1014 16:29:55.403692 10062 demo_inner.hpp:435] thread [SORT-0]  frame id 180 sorting queue size 5   FPS: 14.4709
I1014 16:29:55.473510 10060 demo_inner.hpp:177] decode queue size 0
I1014 16:29:55.473608 10063 work_thread.hpp:81]  [T-Work-Detect_0] Run work: WorkDetect
I1014 16:29:55.473640 10063 work_detect.cpp:102] Succeeded to add det start for frame 181
I1014 16:29:55.479971 10063 work_detect.cpp:70] Frame :181 detect result :0 face(s)
I1014 16:29:55.480017 10063 work_detect.cpp:120] Succeeded to add det end for frame 181
I1014 16:29:55.480032 10063 work_thread.hpp:81]  [T-Work-Detect_0] Run work: WrokTrack
I1014 16:29:55.480059 10063 work_track.cpp:102] Succeeded to set track lock for frame 181
I1014 16:29:55.480085 10063 work_track.cpp:116] Succeeded to release track lock for frame 181
I1014 16:29:55.480099 10063 work_track.cpp:120] Track results of frame 181: 0 objects input, 0 objects tracked!
I1014 16:29:55.480118 10063 work_thread.hpp:87]  [T-Work-Detect_0] Frame :181 split
I1014 16:29:55.480171 10066 thread_intergrate.hpp:78] [T-Intergrate-intergrate] queue: frame output frame :181
I1014 16:29:55.481258 10066 thread_intergrate.hpp:188] T-Intergrate-intergrate Show face :0, size :640 * 360
I1014 16:29:55.481690 10062 demo_inner.hpp:435] thread [SORT-0]  frame id 181 sorting queue size 6   FPS: 14.3412
I1014 16:29:55.557395 10060 demo_inner.hpp:177] decode queue size 0
I1014 16:29:55.557500 10063 work_thread.hpp:81]  [T-Work-Detect_0] Run work: WorkDetect
I1014 16:29:55.557533 10063 work_detect.cpp:102] Succeeded to add det start for frame 182
I1014 16:29:55.563839 10063 work_detect.cpp:70] Frame :182 detect result :0 face(s)
I1014 16:29:55.563886 10063 work_detect.cpp:120] Succeeded to add det end for frame 182
I1014 16:29:55.563902 10063 work_thread.hpp:81]  [T-Work-Detect_0] Run work: WrokTrack
I1014 16:29:55.563931 10063 work_track.cpp:102] Succeeded to set track lock for frame 182
I1014 16:29:55.564040 10063 work_track.cpp:116] Succeeded to release track lock for frame 182
I1014 16:29:55.564056 10063 work_track.cpp:120] Track results of frame 182: 0 objects input, 0 objects tracked!
I1014 16:29:55.564075 10063 work_thread.hpp:87]  [T-Work-Detect_0] Frame :182 split
I1014 16:29:55.564116 10066 thread_intergrate.hpp:78] [T-Intergrate-intergrate] queue: frame output frame :182
I1014 16:29:55.565203 10066 thread_intergrate.hpp:188] T-Intergrate-intergrate Show face :0, size :640 * 360
I1014 16:29:55.565690 10062 demo_inner.hpp:435] thread [SORT-0]  frame id 182 sorting queue size 7   FPS: 14.1928
I1014 16:29:55.635339 10060 demo_inner.hpp:177] decode queue size 0
I1014 16:29:55.635565 10063 work_thread.hpp:81]  [T-Work-Detect_0] Run work: WorkDetect
I1014 16:29:55.635596 10063 work_detect.cpp:102] Succeeded to add det start for frame 183
I1014 16:29:55.641945 10063 work_detect.cpp:70] Frame :183 detect result :0 face(s)
I1014 16:29:55.641995 10063 work_detect.cpp:120] Succeeded to add det end for frame 183
I1014 16:29:55.642010 10063 work_thread.hpp:81]  [T-Work-Detect_0] Run work: WrokTrack
I1014 16:29:55.642038 10063 work_track.cpp:102] Succeeded to set track lock for frame 183
I1014 16:29:55.642064 10063 work_track.cpp:116] Succeeded to release track lock for frame 183
I1014 16:29:55.642077 10063 work_track.cpp:120] Track results of frame 183: 0 objects input, 0 objects tracked!
I1014 16:29:55.642096 10063 work_thread.hpp:87]  [T-Work-Detect_0] Frame :183 split
I1014 16:29:55.642139 10066 thread_intergrate.hpp:78] [T-Intergrate-intergrate] queue: frame output frame :183
I1014 16:29:55.643226 10066 thread_intergrate.hpp:188] T-Intergrate-intergrate Show face :0, size :640 * 360
I1014 16:29:55.643744 10062 demo_inner.hpp:435] thread [SORT-0]  frame id 183 sorting queue size 8   FPS: 14.0886
I1014 16:29:55.713630 10060 demo_inner.hpp:177] decode queue size 0
I1014 16:29:55.713829 10063 work_thread.hpp:81]  [T-Work-Detect_0] Run work: WorkDetect
I1014 16:29:55.713861 10063 work_detect.cpp:102] Succeeded to add det start for frame 184
I1014 16:29:55.720207 10063 work_detect.cpp:70] Frame :184 detect result :0 face(s)
I1014 16:29:55.720254 10063 work_detect.cpp:120] Succeeded to add det end for frame 184
I1014 16:29:55.720270 10063 work_thread.hpp:81]  [T-Work-Detect_0] Run work: WrokTrack
I1014 16:29:55.720297 10063 work_track.cpp:102] Succeeded to set track lock for frame 184
I1014 16:29:55.720324 10063 work_track.cpp:116] Succeeded to release track lock for frame 184
I1014 16:29:55.720337 10063 work_track.cpp:120] Track results of frame 184: 0 objects input, 0 objects tracked!
I1014 16:29:55.720355 10063 work_thread.hpp:87]  [T-Work-Detect_0] Frame :184 split
I1014 16:29:55.720396 10066 thread_intergrate.hpp:78] [T-Intergrate-intergrate] queue: frame output frame :184
I1014 16:29:55.721484 10066 thread_intergrate.hpp:188] T-Intergrate-intergrate Show face :0, size :640 * 360
I1014 16:29:55.722007 10062 demo_inner.hpp:435] thread [SORT-0]  frame id 184 sorting queue size 9   FPS: 13.9697
I1014 16:29:55.797441 10060 demo_inner.hpp:177] decode queue size 0
I1014 16:29:55.797549 10063 work_thread.hpp:81]  [T-Work-Detect_0] Run work: WorkDetect
I1014 16:29:55.797581 10063 work_detect.cpp:102] Succeeded to add det start for frame 185
I1014 16:29:55.803869 10063 work_detect.cpp:70] Frame :185 detect result :0 face(s)
I1014 16:29:55.803911 10063 work_detect.cpp:120] Succeeded to add det end for frame 185
I1014 16:29:55.803927 10063 work_thread.hpp:81]  [T-Work-Detect_0] Run work: WrokTrack
I1014 16:29:55.803953 10063 work_track.cpp:102] Succeeded to set track lock for frame 185
I1014 16:29:55.803980 10063 work_track.cpp:116] Succeeded to release track lock for frame 185
I1014 16:29:55.803993 10063 work_track.cpp:120] Track results of frame 185: 0 objects input, 0 objects tracked!
I1014 16:29:55.804013 10063 work_thread.hpp:87]  [T-Work-Detect_0] Frame :185 split
I1014 16:29:55.804054 10066 thread_intergrate.hpp:78] [T-Intergrate-intergrate] queue: frame output frame :185
I1014 16:29:55.805140 10066 thread_intergrate.hpp:188] T-Intergrate-intergrate Show face :0, size :640 * 360
I1014 16:29:55.805779 10062 demo_inner.hpp:435] thread [SORT-0]  frame id 185 sorting queue size 10   FPS: 13.8209
I1014 16:29:55.875588 10060 demo_inner.hpp:177] decode queue size 0
I1014 16:29:55.875780 10063 work_thread.hpp:81]  [T-Work-Detect_0] Run work: WorkDetect
I1014 16:29:55.875814 10063 work_detect.cpp:102] Succeeded to add det start for frame 186
I1014 16:29:55.882203 10063 work_detect.cpp:70] Frame :186 detect result :0 face(s)
I1014 16:29:55.882242 10063 work_detect.cpp:120] Succeeded to add det end for frame 186
I1014 16:29:55.882258 10063 work_thread.hpp:81]  [T-Work-Detect_0] Run work: WrokTrack
I1014 16:29:55.882284 10063 work_track.cpp:102] Succeeded to set track lock for frame 186
I1014 16:29:55.882310 10063 work_track.cpp:116] Succeeded to release track lock for frame 186
I1014 16:29:55.882323 10063 work_track.cpp:120] Track results of frame 186: 0 objects input, 0 objects tracked!
I1014 16:29:55.882342 10063 work_thread.hpp:87]  [T-Work-Detect_0] Frame :186 split
I1014 16:29:55.882382 10066 thread_intergrate.hpp:78] [T-Intergrate-intergrate] queue: frame output frame :186
I1014 16:29:55.883469 10066 thread_intergrate.hpp:188] T-Intergrate-intergrate Show face :0, size :640 * 360
I1014 16:29:55.927237 10062 demo_inner.hpp:435] thread [SORT-0]  frame id 186 sorting queue size 10   FPS: 13.5555
I1014 16:29:55.927306 10061 demo_inner.hpp:260]  gui queue size 10, state = running
I1014 16:29:55.953459 10060 demo_inner.hpp:177] decode queue size 0
I1014 16:29:55.953547 10063 work_thread.hpp:81]  [T-Work-Detect_0] Run work: WorkDetect
I1014 16:29:55.953579 10063 work_detect.cpp:102] Succeeded to add det start for frame 187
I1014 16:29:55.960017 10063 work_detect.cpp:70] Frame :187 detect result :0 face(s)
I1014 16:29:55.960069 10063 work_detect.cpp:120] Succeeded to add det end for frame 187
I1014 16:29:55.960085 10063 work_thread.hpp:81]  [T-Work-Detect_0] Run work: WrokTrack
I1014 16:29:55.960112 10063 work_track.cpp:102] Succeeded to set track lock for frame 187
I1014 16:29:55.960137 10063 work_track.cpp:116] Succeeded to release track lock for frame 187
I1014 16:29:55.960150 10063 work_track.cpp:120] Track results of frame 187: 0 objects input, 0 objects tracked!
I1014 16:29:55.960180 10063 work_thread.hpp:87]  [T-Work-Detect_0] Frame :187 split
I1014 16:29:55.960228 10066 thread_intergrate.hpp:78] [T-Intergrate-intergrate] queue: frame output frame :187
I1014 16:29:55.961318 10066 thread_intergrate.hpp:188] T-Intergrate-intergrate Show face :0, size :640 * 360
I1014 16:29:55.961807 10062 demo_inner.hpp:435] thread [SORT-0]  frame id 187 sorting queue size 0   FPS: 13.6054
I1014 16:29:55.961874 10061 demo_inner.hpp:260]  gui queue size 0, state = running
I1014 16:29:56.036883 10060 demo_inner.hpp:177] decode queue size 0
I1014 16:29:56.036985 10063 work_thread.hpp:81]  [T-Work-Detect_0] Run work: WorkDetect
I1014 16:29:56.037019 10063 work_detect.cpp:102] Succeeded to add det start for frame 188
I1014 16:29:56.043417 10063 work_detect.cpp:70] Frame :188 detect result :0 face(s)
I1014 16:29:56.043465 10063 work_detect.cpp:120] Succeeded to add det end for frame 188
I1014 16:29:56.043480 10063 work_thread.hpp:81]  [T-Work-Detect_0] Run work: WrokTrack
I1014 16:29:56.043506 10063 work_track.cpp:102] Succeeded to set track lock for frame 188
I1014 16:29:56.043534 10063 work_track.cpp:116] Succeeded to release track lock for frame 188
I1014 16:29:56.043546 10063 work_track.cpp:120] Track results of frame 188: 0 objects input, 0 objects tracked!
I1014 16:29:56.043565 10063 work_thread.hpp:87]  [T-Work-Detect_0] Frame :188 split
I1014 16:29:56.043608 10066 thread_intergrate.hpp:78] [T-Intergrate-intergrate] queue: frame output frame :188
I1014 16:29:56.044698 10066 thread_intergrate.hpp:188] T-Intergrate-intergrate Show face :0, size :640 * 360
I1014 16:29:56.045205 10062 demo_inner.hpp:435] thread [SORT-0]  frame id 188 sorting queue size 0   FPS: 13.468
I1014 16:29:56.045275 10061 demo_inner.hpp:260]  gui queue size 0, state = running
I1014 16:29:56.115027 10060 demo_inner.hpp:177] decode queue size 0
I1014 16:29:56.115142 10063 work_thread.hpp:81]  [T-Work-Detect_0] Run work: WorkDetect
I1014 16:29:56.115173 10063 work_detect.cpp:102] Succeeded to add det start for frame 189
I1014 16:29:56.121589 10063 work_detect.cpp:70] Frame :189 detect result :0 face(s)
I1014 16:29:56.121639 10063 work_detect.cpp:120] Succeeded to add det end for frame 189
I1014 16:29:56.121654 10063 work_thread.hpp:81]  [T-Work-Detect_0] Run work: WrokTrack
I1014 16:29:56.121681 10063 work_track.cpp:102] Succeeded to set track lock for frame 189
I1014 16:29:56.121706 10063 work_track.cpp:116] Succeeded to release track lock for frame 189
I1014 16:29:56.121719 10063 work_track.cpp:120] Track results of frame 189: 0 objects input, 0 objects tracked!
I1014 16:29:56.121737 10063 work_thread.hpp:87]  [T-Work-Detect_0] Frame :189 split
I1014 16:29:56.121785 10066 thread_intergrate.hpp:78] [T-Intergrate-intergrate] queue: frame output frame :189
I1014 16:29:56.122874 10066 thread_intergrate.hpp:188] T-Intergrate-intergrate Show face :0, size :640 * 360
I1014 16:29:56.123378 10062 demo_inner.hpp:435] thread [SORT-0]  frame id 189 sorting queue size 0   FPS: 13.3817
I1014 16:29:56.123448 10061 demo_inner.hpp:260]  gui queue size 0, state = running
I1014 16:29:56.192842 10060 demo_inner.hpp:177] decode queue size 0
I1014 16:29:56.193055 10063 work_thread.hpp:81]  [T-Work-Detect_0] Run work: WorkDetect
I1014 16:29:56.193087 10063 work_detect.cpp:102] Succeeded to add det start for frame 190
I1014 16:29:56.199389 10063 work_detect.cpp:70] Frame :190 detect result :0 face(s)
I1014 16:29:56.199429 10063 work_detect.cpp:120] Succeeded to add det end for frame 190
I1014 16:29:56.199445 10063 work_thread.hpp:81]  [T-Work-Detect_0] Run work: WrokTrack
I1014 16:29:56.199470 10063 work_track.cpp:102] Succeeded to set track lock for frame 190
I1014 16:29:56.199494 10063 work_track.cpp:116] Succeeded to release track lock for frame 190
I1014 16:29:56.199507 10063 work_track.cpp:120] Track results of frame 190: 0 objects input, 0 objects tracked!
I1014 16:29:56.199527 10063 work_thread.hpp:87]  [T-Work-Detect_0] Frame :190 split
I1014 16:29:56.199569 10066 thread_intergrate.hpp:78] [T-Intergrate-intergrate] queue: frame output frame :190
I1014 16:29:56.200659 10066 thread_intergrate.hpp:188] T-Intergrate-intergrate Show face :0, size :640 * 360
I1014 16:29:56.201191 10062 demo_inner.hpp:435] thread [SORT-0]  frame id 190 sorting queue size 0   FPS: 13.2707
I1014 16:29:56.201259 10061 demo_inner.hpp:260]  gui queue size 0, state = running
I1014 16:29:56.276628 10060 demo_inner.hpp:177] decode queue size 0
I1014 16:29:56.276723 10063 work_thread.hpp:81]  [T-Work-Detect_0] Run work: WorkDetect
I1014 16:29:56.276757 10063 work_detect.cpp:102] Succeeded to add det start for frame 191
I1014 16:29:56.283088 10063 work_detect.cpp:70] Frame :191 detect result :0 face(s)
I1014 16:29:56.283129 10063 work_detect.cpp:120] Succeeded to add det end for frame 191
I1014 16:29:56.283145 10063 work_thread.hpp:81]  [T-Work-Detect_0] Run work: WrokTrack
I1014 16:29:56.283172 10063 work_track.cpp:102] Succeeded to set track lock for frame 191
I1014 16:29:56.283198 10063 work_track.cpp:116] Succeeded to release track lock for frame 191
I1014 16:29:56.283211 10063 work_track.cpp:120] Track results of frame 191: 0 objects input, 0 objects tracked!
I1014 16:29:56.283229 10063 work_thread.hpp:87]  [T-Work-Detect_0] Frame :191 split
I1014 16:29:56.283274 10066 thread_intergrate.hpp:78] [T-Intergrate-intergrate] queue: frame output frame :191
I1014 16:29:56.284364 10066 thread_intergrate.hpp:188] T-Intergrate-intergrate Show face :0, size :640 * 360
I1014 16:29:56.284917 10062 demo_inner.hpp:435] thread [SORT-0]  frame id 191 sorting queue size 0   FPS: 13.1399
I1014 16:29:56.284986 10061 demo_inner.hpp:260]  gui queue size 0, state = running
I1014 16:29:56.354975 10060 demo_inner.hpp:177] decode queue size 0
I1014 16:29:56.355079 10063 work_thread.hpp:81]  [T-Work-Detect_0] Run work: WorkDetect
I1014 16:29:56.355113 10063 work_detect.cpp:102] Succeeded to add det start for frame 192
I1014 16:29:56.361533 10063 work_detect.cpp:70] Frame :192 detect result :0 face(s)
I1014 16:29:56.361575 10063 work_detect.cpp:120] Succeeded to add det end for frame 192
I1014 16:29:56.361591 10063 work_thread.hpp:81]  [T-Work-Detect_0] Run work: WrokTrack
I1014 16:29:56.361616 10063 work_track.cpp:102] Succeeded to set track lock for frame 192
I1014 16:29:56.361642 10063 work_track.cpp:116] Succeeded to release track lock for frame 192
I1014 16:29:56.361655 10063 work_track.cpp:120] Track results of frame 192: 0 objects input, 0 objects tracked!
I1014 16:29:56.361675 10063 work_thread.hpp:87]  [T-Work-Detect_0] Frame :192 split
I1014 16:29:56.361724 10066 thread_intergrate.hpp:78] [T-Intergrate-intergrate] queue: frame output frame :192
I1014 16:29:56.362813 10066 thread_intergrate.hpp:188] T-Intergrate-intergrate Show face :0, size :640 * 360
I1014 16:29:56.363288 10062 demo_inner.hpp:435] thread [SORT-0]  frame id 192 sorting queue size 0   FPS: 13.0541
I1014 16:29:56.363359 10061 demo_inner.hpp:260]  gui queue size 0, state = running
I1014 16:29:56.433063 10060 demo_inner.hpp:177] decode queue size 0
I1014 16:29:56.433157 10063 work_thread.hpp:81]  [T-Work-Detect_0] Run work: WorkDetect
I1014 16:29:56.433189 10063 work_detect.cpp:102] Succeeded to add det start for frame 193
I1014 16:29:56.439522 10063 work_detect.cpp:70] Frame :193 detect result :0 face(s)
I1014 16:29:56.439563 10063 work_detect.cpp:120] Succeeded to add det end for frame 193
I1014 16:29:56.439579 10063 work_thread.hpp:81]  [T-Work-Detect_0] Run work: WrokTrack
I1014 16:29:56.439604 10063 work_track.cpp:102] Succeeded to set track lock for frame 193
I1014 16:29:56.439630 10063 work_track.cpp:116] Succeeded to release track lock for frame 193
I1014 16:29:56.439643 10063 work_track.cpp:120] Track results of frame 193: 0 objects input, 0 objects tracked!
I1014 16:29:56.439662 10063 work_thread.hpp:87]  [T-Work-Detect_0] Frame :193 split
I1014 16:29:56.439707 10066 thread_intergrate.hpp:78] [T-Intergrate-intergrate] queue: frame output frame :193
I1014 16:29:56.440796 10066 thread_intergrate.hpp:188] T-Intergrate-intergrate Show face :0, size :640 * 360
I1014 16:29:56.441298 10062 demo_inner.hpp:435] thread [SORT-0]  frame id 193 sorting queue size 0   FPS: 12.945
I1014 16:29:56.441368 10061 demo_inner.hpp:260]  gui queue size 0, state = running
I1014 16:29:56.516937 10060 demo_inner.hpp:177] decode queue size 0
I1014 16:29:56.517053 10063 work_thread.hpp:81]  [T-Work-Detect_0] Run work: WorkDetect
I1014 16:29:56.517091 10063 work_detect.cpp:102] Succeeded to add det start for frame 194
I1014 16:29:56.523398 10063 work_detect.cpp:70] Frame :194 detect result :0 face(s)
I1014 16:29:56.523440 10063 work_detect.cpp:120] Succeeded to add det end for frame 194
I1014 16:29:56.523456 10063 work_thread.hpp:81]  [T-Work-Detect_0] Run work: WrokTrack
I1014 16:29:56.523483 10063 work_track.cpp:102] Succeeded to set track lock for frame 194
I1014 16:29:56.523509 10063 work_track.cpp:116] Succeeded to release track lock for frame 194
I1014 16:29:56.523522 10063 work_track.cpp:120] Track results of frame 194: 0 objects input, 0 objects tracked!
I1014 16:29:56.523541 10063 work_thread.hpp:87]  [T-Work-Detect_0] Frame :194 split
I1014 16:29:56.523582 10066 thread_intergrate.hpp:78] [T-Intergrate-intergrate] queue: frame output frame :194
I1014 16:29:56.524670 10066 thread_intergrate.hpp:188] T-Intergrate-intergrate Show face :0, size :640 * 360
I1014 16:29:56.525185 10062 demo_inner.hpp:435] thread [SORT-0]  frame id 194 sorting queue size 0   FPS: 12.8205
I1014 16:29:56.525255 10061 demo_inner.hpp:260]  gui queue size 0, state = running
I1014 16:29:56.595031 10060 demo_inner.hpp:177] decode queue size 0
I1014 16:29:56.595149 10063 work_thread.hpp:81]  [T-Work-Detect_0] Run work: WorkDetect
I1014 16:29:56.595183 10063 work_detect.cpp:102] Succeeded to add det start for frame 195
I1014 16:29:56.601557 10063 work_detect.cpp:70] Frame :195 detect result :0 face(s)
I1014 16:29:56.601601 10063 work_detect.cpp:120] Succeeded to add det end for frame 195
I1014 16:29:56.601694 10063 work_thread.hpp:81]  [T-Work-Detect_0] Run work: WrokTrack
I1014 16:29:56.601723 10063 work_track.cpp:102] Succeeded to set track lock for frame 195
I1014 16:29:56.601749 10063 work_track.cpp:116] Succeeded to release track lock for frame 195
I1014 16:29:56.601763 10063 work_track.cpp:120] Track results of frame 195: 0 objects input, 0 objects tracked!
I1014 16:29:56.601781 10063 work_thread.hpp:87]  [T-Work-Detect_0] Frame :195 split
I1014 16:29:56.601824 10066 thread_intergrate.hpp:78] [T-Intergrate-intergrate] queue: frame output frame :195
I1014 16:29:56.602914 10066 thread_intergrate.hpp:188] T-Intergrate-intergrate Show face :0, size :640 * 360
I1014 16:29:56.603354 10062 demo_inner.hpp:435] thread [SORT-0]  frame id 195 sorting queue size 0   FPS: 12.7592
I1014 16:29:56.603425 10061 demo_inner.hpp:260]  gui queue size 0, state = running
I1014 16:29:56.673171 10060 demo_inner.hpp:177] decode queue size 0
I1014 16:29:56.673276 10063 work_thread.hpp:81]  [T-Work-Detect_0] Run work: WorkDetect
I1014 16:29:56.673310 10063 work_detect.cpp:102] Succeeded to add det start for frame 196
I1014 16:29:56.679730 10063 work_detect.cpp:70] Frame :196 detect result :0 face(s)
I1014 16:29:56.679776 10063 work_detect.cpp:120] Succeeded to add det end for frame 196
I1014 16:29:56.679791 10063 work_thread.hpp:81]  [T-Work-Detect_0] Run work: WrokTrack
I1014 16:29:56.679817 10063 work_track.cpp:102] Succeeded to set track lock for frame 196
I1014 16:29:56.679843 10063 work_track.cpp:116] Succeeded to release track lock for frame 196
I1014 16:29:56.679857 10063 work_track.cpp:120] Track results of frame 196: 0 objects input, 0 objects tracked!
I1014 16:29:56.679875 10063 work_thread.hpp:87]  [T-Work-Detect_0] Frame :196 split
I1014 16:29:56.679919 10066 thread_intergrate.hpp:78] [T-Intergrate-intergrate] queue: frame output frame :196
I1014 16:29:56.681008 10066 thread_intergrate.hpp:188] T-Intergrate-intergrate Show face :0, size :640 * 360
I1014 16:29:56.681526 10062 demo_inner.hpp:435] thread [SORT-0]  frame id 196 sorting queue size 0   FPS: 12.6984
I1014 16:29:56.681599 10061 demo_inner.hpp:260]  gui queue size 0, state = running
I1014 16:29:56.756912 10060 demo_inner.hpp:177] decode queue size 0
I1014 16:29:56.757011 10063 work_thread.hpp:81]  [T-Work-Detect_0] Run work: WorkDetect
I1014 16:29:56.757045 10063 work_detect.cpp:102] Succeeded to add det start for frame 197
I1014 16:29:56.763330 10063 work_detect.cpp:70] Frame :197 detect result :0 face(s)
I1014 16:29:56.763371 10063 work_detect.cpp:120] Succeeded to add det end for frame 197
I1014 16:29:56.763387 10063 work_thread.hpp:81]  [T-Work-Detect_0] Run work: WrokTrack
I1014 16:29:56.763414 10063 work_track.cpp:102] Succeeded to set track lock for frame 197
I1014 16:29:56.763440 10063 work_track.cpp:116] Succeeded to release track lock for frame 197
I1014 16:29:56.763453 10063 work_track.cpp:120] Track results of frame 197: 0 objects input, 0 objects tracked!
I1014 16:29:56.763471 10063 work_thread.hpp:87]  [T-Work-Detect_0] Frame :197 split
I1014 16:29:56.763516 10066 thread_intergrate.hpp:78] [T-Intergrate-intergrate] queue: frame output frame :197
I1014 16:29:56.764606 10066 thread_intergrate.hpp:188] T-Intergrate-intergrate Show face :0, size :640 * 360
I1014 16:29:56.765122 10062 demo_inner.hpp:435] thread [SORT-0]  frame id 197 sorting queue size 0   FPS: 12.6183
I1014 16:29:56.765189 10061 demo_inner.hpp:260]  gui queue size 0, state = running
I1014 16:29:56.835111 10060 demo_inner.hpp:177] decode queue size 0
I1014 16:29:56.835222 10063 work_thread.hpp:81]  [T-Work-Detect_0] Run work: WorkDetect
I1014 16:29:56.835253 10063 work_detect.cpp:102] Succeeded to add det start for frame 198
I1014 16:29:56.841606 10063 work_detect.cpp:70] Frame :198 detect result :0 face(s)
I1014 16:29:56.841650 10063 work_detect.cpp:120] Succeeded to add det end for frame 198
I1014 16:29:56.841666 10063 work_thread.hpp:81]  [T-Work-Detect_0] Run work: WrokTrack
I1014 16:29:56.841693 10063 work_track.cpp:102] Succeeded to set track lock for frame 198
I1014 16:29:56.841794 10063 work_track.cpp:116] Succeeded to release track lock for frame 198
I1014 16:29:56.841810 10063 work_track.cpp:120] Track results of frame 198: 0 objects input, 0 objects tracked!
I1014 16:29:56.841830 10063 work_thread.hpp:87]  [T-Work-Detect_0] Frame :198 split
I1014 16:29:56.841873 10066 thread_intergrate.hpp:78] [T-Intergrate-intergrate] queue: frame output frame :198
I1014 16:29:56.842962 10066 thread_intergrate.hpp:188] T-Intergrate-intergrate Show face :0, size :640 * 360
I1014 16:29:56.843503 10062 demo_inner.hpp:435] thread [SORT-0]  frame id 198 sorting queue size 0   FPS: 12.5589
I1014 16:29:56.843571 10061 demo_inner.hpp:260]  gui queue size 0, state = running
I1014 16:29:56.913067 10060 demo_inner.hpp:177] decode queue size 0
I1014 16:29:56.913161 10063 work_thread.hpp:81]  [T-Work-Detect_0] Run work: WorkDetect
I1014 16:29:56.913197 10063 work_detect.cpp:102] Succeeded to add det start for frame 199
I1014 16:29:56.919617 10063 work_detect.cpp:70] Frame :199 detect result :0 face(s)
I1014 16:29:56.919664 10063 work_detect.cpp:120] Succeeded to add det end for frame 199
I1014 16:29:56.919682 10063 work_thread.hpp:81]  [T-Work-Detect_0] Run work: WrokTrack
I1014 16:29:56.919708 10063 work_track.cpp:102] Succeeded to set track lock for frame 199
I1014 16:29:56.919734 10063 work_track.cpp:116] Succeeded to release track lock for frame 199
I1014 16:29:56.919747 10063 work_track.cpp:120] Track results of frame 199: 0 objects input, 0 objects tracked!
I1014 16:29:56.919765 10063 work_thread.hpp:87]  [T-Work-Detect_0] Frame :199 split
I1014 16:29:56.919809 10066 thread_intergrate.hpp:78] [T-Intergrate-intergrate] queue: frame output frame :199
I1014 16:29:56.920899 10066 thread_intergrate.hpp:188] T-Intergrate-intergrate Show face :0, size :640 * 360
I1014 16:29:56.921425 10062 demo_inner.hpp:435] thread [SORT-0]  frame id 199 sorting queue size 0   FPS: 12.5
I1014 16:29:56.921494 10061 demo_inner.hpp:260]  gui queue size 0, state = running
I1014 16:29:56.997267 10060 demo_inner.hpp:177] decode queue size 0
I1014 16:29:56.997395 10063 work_thread.hpp:81]  [T-Work-Detect_0] Run work: WorkDetect
I1014 16:29:56.997427 10063 work_detect.cpp:102] Succeeded to add det start for frame 200
I1014 16:29:57.003827 10063 work_detect.cpp:70] Frame :200 detect result :0 face(s)
I1014 16:29:57.003875 10063 work_detect.cpp:120] Succeeded to add det end for frame 200
I1014 16:29:57.003891 10063 work_thread.hpp:81]  [T-Work-Detect_0] Run work: WrokTrack
I1014 16:29:57.003918 10063 work_track.cpp:102] Succeeded to set track lock for frame 200
I1014 16:29:57.003944 10063 work_track.cpp:116] Succeeded to release track lock for frame 200
I1014 16:29:57.003957 10063 work_track.cpp:120] Track results of frame 200: 0 objects input, 0 objects tracked!
I1014 16:29:57.003976 10063 work_thread.hpp:87]  [T-Work-Detect_0] Frame :200 split
I1014 16:29:57.004019 10066 thread_intergrate.hpp:78] [T-Intergrate-intergrate] queue: frame output frame :200
I1014 16:29:57.005110 10066 thread_intergrate.hpp:188] T-Intergrate-intergrate Show face :0, size :640 * 360
I1014 16:29:57.005635 10062 demo_inner.hpp:435] thread [SORT-0]  frame id 200 sorting queue size 0   FPS: 12.5
I1014 16:29:57.005704 10061 demo_inner.hpp:260]  gui queue size 0, state = running
I1014 16:29:57.075145 10060 demo_inner.hpp:177] decode queue size 0
I1014 16:29:57.075246 10063 work_thread.hpp:81]  [T-Work-Detect_0] Run work: WorkDetect
I1014 16:29:57.075278 10063 work_detect.cpp:102] Succeeded to add det start for frame 201
I1014 16:29:57.081714 10063 work_detect.cpp:70] Frame :201 detect result :0 face(s)
I1014 16:29:57.081761 10063 work_detect.cpp:120] Succeeded to add det end for frame 201
I1014 16:29:57.081777 10063 work_thread.hpp:81]  [T-Work-Detect_0] Run work: WrokTrack
I1014 16:29:57.081804 10063 work_track.cpp:102] Succeeded to set track lock for frame 201
I1014 16:29:57.081830 10063 work_track.cpp:116] Succeeded to release track lock for frame 201
I1014 16:29:57.081845 10063 work_track.cpp:120] Track results of frame 201: 0 objects input, 0 objects tracked!
I1014 16:29:57.081943 10063 work_thread.hpp:87]  [T-Work-Detect_0] Frame :201 split
I1014 16:29:57.081990 10066 thread_intergrate.hpp:78] [T-Intergrate-intergrate] queue: frame output frame :201
I1014 16:29:57.083078 10066 thread_intergrate.hpp:188] T-Intergrate-intergrate Show face :0, size :640 * 360
I1014 16:29:57.083603 10062 demo_inner.hpp:435] thread [SORT-0]  frame id 201 sorting queue size 0   FPS: 12.5
I1014 16:29:57.083673 10061 demo_inner.hpp:260]  gui queue size 0, state = running
I1014 16:29:57.153276 10060 demo_inner.hpp:177] decode queue size 0
I1014 16:29:57.153376 10063 work_thread.hpp:81]  [T-Work-Detect_0] Run work: WorkDetect
I1014 16:29:57.153409 10063 work_detect.cpp:102] Succeeded to add det start for frame 202
I1014 16:29:57.159821 10063 work_detect.cpp:70] Frame :202 detect result :0 face(s)
I1014 16:29:57.159868 10063 work_detect.cpp:120] Succeeded to add det end for frame 202
I1014 16:29:57.159884 10063 work_thread.hpp:81]  [T-Work-Detect_0] Run work: WrokTrack
I1014 16:29:57.159910 10063 work_track.cpp:102] Succeeded to set track lock for frame 202
I1014 16:29:57.159936 10063 work_track.cpp:116] Succeeded to release track lock for frame 202
I1014 16:29:57.159950 10063 work_track.cpp:120] Track results of frame 202: 0 objects input, 0 objects tracked!
I1014 16:29:57.159968 10063 work_thread.hpp:87]  [T-Work-Detect_0] Frame :202 split
I1014 16:29:57.160013 10066 thread_intergrate.hpp:78] [T-Intergrate-intergrate] queue: frame output frame :202
I1014 16:29:57.161103 10066 thread_intergrate.hpp:188] T-Intergrate-intergrate Show face :0, size :640 * 360
I1014 16:29:57.161628 10062 demo_inner.hpp:435] thread [SORT-0]  frame id 202 sorting queue size 0   FPS: 12.5
I1014 16:29:57.161695 10061 demo_inner.hpp:260]  gui queue size 0, state = running
I1014 16:29:57.237360 10060 demo_inner.hpp:177] decode queue size 0
I1014 16:29:57.237473 10063 work_thread.hpp:81]  [T-Work-Detect_0] Run work: WorkDetect
I1014 16:29:57.237504 10063 work_detect.cpp:102] Succeeded to add det start for frame 203
I1014 16:29:57.243835 10063 work_detect.cpp:70] Frame :203 detect result :0 face(s)
I1014 16:29:57.243880 10063 work_detect.cpp:120] Succeeded to add det end for frame 203
I1014 16:29:57.243896 10063 work_thread.hpp:81]  [T-Work-Detect_0] Run work: WrokTrack
I1014 16:29:57.243921 10063 work_track.cpp:102] Succeeded to set track lock for frame 203
I1014 16:29:57.243947 10063 work_track.cpp:116] Succeeded to release track lock for frame 203
I1014 16:29:57.243961 10063 work_track.cpp:120] Track results of frame 203: 0 objects input, 0 objects tracked!
I1014 16:29:57.243979 10063 work_thread.hpp:87]  [T-Work-Detect_0] Frame :203 split
I1014 16:29:57.244024 10066 thread_intergrate.hpp:78] [T-Intergrate-intergrate] queue: frame output frame :203
I1014 16:29:57.245113 10066 thread_intergrate.hpp:188] T-Intergrate-intergrate Show face :0, size :640 * 360
I1014 16:29:57.245641 10062 demo_inner.hpp:435] thread [SORT-0]  frame id 203 sorting queue size 0   FPS: 12.5
I1014 16:29:57.245710 10061 demo_inner.hpp:260]  gui queue size 0, state = running
I1014 16:29:57.315328 10060 demo_inner.hpp:177] decode queue size 0
I1014 16:29:57.315431 10063 work_thread.hpp:81]  [T-Work-Detect_0] Run work: WorkDetect
I1014 16:29:57.315462 10063 work_detect.cpp:102] Succeeded to add det start for frame 204
I1014 16:29:57.321822 10063 work_detect.cpp:70] Frame :204 detect result :0 face(s)
I1014 16:29:57.321867 10063 work_detect.cpp:120] Succeeded to add det end for frame 204
I1014 16:29:57.321883 10063 work_thread.hpp:81]  [T-Work-Detect_0] Run work: WrokTrack
I1014 16:29:57.321909 10063 work_track.cpp:102] Succeeded to set track lock for frame 204
I1014 16:29:57.321935 10063 work_track.cpp:116] Succeeded to release track lock for frame 204
I1014 16:29:57.321949 10063 work_track.cpp:120] Track results of frame 204: 0 objects input, 0 objects tracked!
I1014 16:29:57.321967 10063 work_thread.hpp:87]  [T-Work-Detect_0] Frame :204 split
I1014 16:29:57.322010 10066 thread_intergrate.hpp:78] [T-Intergrate-intergrate] queue: frame output frame :204
I1014 16:29:57.323181 10066 thread_intergrate.hpp:188] T-Intergrate-intergrate Show face :0, size :640 * 360
I1014 16:29:57.323710 10062 demo_inner.hpp:435] thread [SORT-0]  frame id 204 sorting queue size 0   FPS: 12.5
I1014 16:29:57.323781 10061 demo_inner.hpp:260]  gui queue size 0, state = running
I1014 16:29:57.393492 10060 demo_inner.hpp:177] decode queue size 0
I1014 16:29:57.393590 10063 work_thread.hpp:81]  [T-Work-Detect_0] Run work: WorkDetect
I1014 16:29:57.393623 10063 work_detect.cpp:102] Succeeded to add det start for frame 205
I1014 16:29:57.400080 10063 work_detect.cpp:70] Frame :205 detect result :0 face(s)
I1014 16:29:57.400130 10063 work_detect.cpp:120] Succeeded to add det end for frame 205
I1014 16:29:57.400146 10063 work_thread.hpp:81]  [T-Work-Detect_0] Run work: WrokTrack
I1014 16:29:57.400183 10063 work_track.cpp:102] Succeeded to set track lock for frame 205
I1014 16:29:57.400209 10063 work_track.cpp:116] Succeeded to release track lock for frame 205
I1014 16:29:57.400223 10063 work_track.cpp:120] Track results of frame 205: 0 objects input, 0 objects tracked!
I1014 16:29:57.400243 10063 work_thread.hpp:87]  [T-Work-Detect_0] Frame :205 split
I1014 16:29:57.400290 10066 thread_intergrate.hpp:78] [T-Intergrate-intergrate] queue: frame output frame :205
I1014 16:29:57.401381 10066 thread_intergrate.hpp:188] T-Intergrate-intergrate Show face :0, size :640 * 360
I1014 16:29:57.401907 10062 demo_inner.hpp:435] thread [SORT-0]  frame id 205 sorting queue size 0   FPS: 12.5033
I1014 16:29:57.401975 10061 demo_inner.hpp:260]  gui queue size 0, state = running
I1014 16:29:57.477459 10060 demo_inner.hpp:177] decode queue size 0
I1014 16:29:57.477555 10063 work_thread.hpp:81]  [T-Work-Detect_0] Run work: WorkDetect
I1014 16:29:57.477586 10063 work_detect.cpp:102] Succeeded to add det start for frame 206
I1014 16:29:57.484050 10063 work_detect.cpp:70] Frame :206 detect result :2 face(s)
I1014 16:29:57.484086 10063 work_detect.cpp:86] Detected bbox: [18 x 26 from (568, 162)]
I1014 16:29:57.484117 10063 work_detect.cpp:86] Detected bbox: [25 x 30 from (532, 76)]
I1014 16:29:57.484148 10063 work_detect.cpp:120] Succeeded to add det end for frame 206
I1014 16:29:57.484175 10063 work_thread.hpp:81]  [T-Work-Detect_0] Run work: WrokTrack
I1014 16:29:57.484199 10063 work_track.cpp:82] Frame: 206 build input_characts: [0.028125 x 0.0722222 from (0.8875, 0.45)], 0.975094, 0
I1014 16:29:57.484251 10063 work_track.cpp:82] Frame: 206 build input_characts: [0.0390625 x 0.0833333 from (0.83125, 0.211111)], 0.932491, 1
I1014 16:29:57.484292 10063 work_track.cpp:102] Succeeded to set track lock for frame 206
I1014 16:29:57.484329 10063 work_track.cpp:116] Succeeded to release track lock for frame 206
I1014 16:29:57.484344 10063 work_track.cpp:120] Track results of frame 206: 2 objects input, 0 objects tracked!
I1014 16:29:57.484360 10063 work_track.cpp:162] Frame: 206 lid: 0 not tracked, will set invalid
I1014 16:29:57.484375 10063 work_track.cpp:162] Frame: 206 lid: 1 not tracked, will set invalid
I1014 16:29:57.484388 10063 work_thread.hpp:87]  [T-Work-Detect_0] Frame :206 split
I1014 16:29:57.484405 10063 work_thread.hpp:126]  [T-Work-Detect_0] Invalid piece: lid = 0, drop it
I1014 16:29:57.484419 10063 work_thread.hpp:126]  [T-Work-Detect_0] Invalid piece: lid = 1, drop it
I1014 16:29:57.484459 10066 thread_intergrate.hpp:78] [T-Intergrate-intergrate] queue: frame output frame :206
I1014 16:29:57.485548 10066 thread_intergrate.hpp:188] T-Intergrate-intergrate Show face :0, size :640 * 360
I1014 16:29:57.486068 10062 demo_inner.hpp:435] thread [SORT-0]  frame id 206 sorting queue size 0   FPS: 12.5
I1014 16:29:57.486129 10061 demo_inner.hpp:260]  gui queue size 0, state = running
I1014 16:29:57.555156 10060 demo_inner.hpp:177] decode queue size 0
I1014 16:29:57.555251 10063 work_thread.hpp:81]  [T-Work-Detect_0] Run work: WorkDetect
I1014 16:29:57.555282 10063 work_detect.cpp:102] Succeeded to add det start for frame 207
I1014 16:29:57.561646 10063 work_detect.cpp:70] Frame :207 detect result :1 face(s)
I1014 16:29:57.561758 10063 work_detect.cpp:86] Detected bbox: [29 x 34 from (534, 78)]
I1014 16:29:57.561802 10063 work_detect.cpp:120] Succeeded to add det end for frame 207
I1014 16:29:57.561817 10063 work_thread.hpp:81]  [T-Work-Detect_0] Run work: WrokTrack
I1014 16:29:57.561841 10063 work_track.cpp:82] Frame: 207 build input_characts: [0.0453125 x 0.0944444 from (0.834375, 0.216667)], 0.947697, 0
I1014 16:29:57.561897 10063 work_track.cpp:102] Succeeded to set track lock for frame 207
I1014 16:29:57.561940 10063 work_track.cpp:116] Succeeded to release track lock for frame 207
I1014 16:29:57.561954 10063 work_track.cpp:120] Track results of frame 207: 1 objects input, 0 objects tracked!
I1014 16:29:57.561971 10063 work_track.cpp:162] Frame: 207 lid: 0 not tracked, will set invalid
I1014 16:29:57.561986 10063 work_thread.hpp:87]  [T-Work-Detect_0] Frame :207 split
I1014 16:29:57.562003 10063 work_thread.hpp:126]  [T-Work-Detect_0] Invalid piece: lid = 0, drop it
I1014 16:29:57.562047 10066 thread_intergrate.hpp:78] [T-Intergrate-intergrate] queue: frame output frame :207
I1014 16:29:57.563136 10066 thread_intergrate.hpp:188] T-Intergrate-intergrate Show face :0, size :640 * 360
I1014 16:29:57.563661 10062 demo_inner.hpp:435] thread [SORT-0]  frame id 207 sorting queue size 0   FPS: 12.5
I1014 16:29:57.563725 10061 demo_inner.hpp:260]  gui queue size 0, state = running
I1014 16:29:57.633275 10060 demo_inner.hpp:177] decode queue size 0
I1014 16:29:57.633396 10063 work_thread.hpp:81]  [T-Work-Detect_0] Run work: WorkDetect
I1014 16:29:57.633428 10063 work_detect.cpp:102] Succeeded to add det start for frame 208
I1014 16:29:57.639843 10063 work_detect.cpp:70] Frame :208 detect result :0 face(s)
I1014 16:29:57.639887 10063 work_detect.cpp:120] Succeeded to add det end for frame 208
I1014 16:29:57.639904 10063 work_thread.hpp:81]  [T-Work-Detect_0] Run work: WrokTrack
I1014 16:29:57.639931 10063 work_track.cpp:102] Succeeded to set track lock for frame 208
I1014 16:29:57.639967 10063 work_track.cpp:116] Succeeded to release track lock for frame 208
I1014 16:29:57.639981 10063 work_track.cpp:120] Track results of frame 208: 0 objects input, 0 objects tracked!
I1014 16:29:57.639999 10063 work_thread.hpp:87]  [T-Work-Detect_0] Frame :208 split
I1014 16:29:57.640045 10066 thread_intergrate.hpp:78] [T-Intergrate-intergrate] queue: frame output frame :208
I1014 16:29:57.641135 10066 thread_intergrate.hpp:188] T-Intergrate-intergrate Show face :0, size :640 * 360
I1014 16:29:57.641660 10062 demo_inner.hpp:435] thread [SORT-0]  frame id 208 sorting queue size 0   FPS: 12.5033
I1014 16:29:57.641732 10061 demo_inner.hpp:260]  gui queue size 0, state = running
I1014 16:29:57.717031 10060 demo_inner.hpp:177] decode queue size 0
I1014 16:29:57.717125 10063 work_thread.hpp:81]  [T-Work-Detect_0] Run work: WorkDetect
I1014 16:29:57.717159 10063 work_detect.cpp:102] Succeeded to add det start for frame 209
I1014 16:29:57.723484 10063 work_detect.cpp:70] Frame :209 detect result :0 face(s)
I1014 16:29:57.723526 10063 work_detect.cpp:120] Succeeded to add det end for frame 209
I1014 16:29:57.723541 10063 work_thread.hpp:81]  [T-Work-Detect_0] Run work: WrokTrack
I1014 16:29:57.723567 10063 work_track.cpp:102] Succeeded to set track lock for frame 209
I1014 16:29:57.723603 10063 work_track.cpp:116] Succeeded to release track lock for frame 209
I1014 16:29:57.723618 10063 work_track.cpp:120] Track results of frame 209: 0 objects input, 0 objects tracked!
I1014 16:29:57.723636 10063 work_thread.hpp:87]  [T-Work-Detect_0] Frame :209 split
I1014 16:29:57.723681 10066 thread_intergrate.hpp:78] [T-Intergrate-intergrate] queue: frame output frame :209
I1014 16:29:57.724771 10066 thread_intergrate.hpp:188] T-Intergrate-intergrate Show face :0, size :640 * 360
I1014 16:29:57.725299 10062 demo_inner.hpp:435] thread [SORT-0]  frame id 209 sorting queue size 0   FPS: 12.5033
I1014 16:29:57.725366 10061 demo_inner.hpp:260]  gui queue size 0, state = running
I1014 16:29:57.794898 10060 demo_inner.hpp:177] decode queue size 0
I1014 16:29:57.795076 10063 work_thread.hpp:81]  [T-Work-Detect_0] Run work: WorkDetect
I1014 16:29:57.795111 10063 work_detect.cpp:102] Succeeded to add det start for frame 210
I1014 16:29:57.801442 10063 work_detect.cpp:70] Frame :210 detect result :0 face(s)
I1014 16:29:57.801484 10063 work_detect.cpp:120] Succeeded to add det end for frame 210
I1014 16:29:57.801499 10063 work_thread.hpp:81]  [T-Work-Detect_0] Run work: WrokTrack
I1014 16:29:57.801525 10063 work_track.cpp:102] Succeeded to set track lock for frame 210
I1014 16:29:57.801551 10063 work_track.cpp:116] Succeeded to release track lock for frame 210
I1014 16:29:57.801564 10063 work_track.cpp:120] Track results of frame 210: 0 objects input, 0 objects tracked!
I1014 16:29:57.801582 10063 work_thread.hpp:87]  [T-Work-Detect_0] Frame :210 split
I1014 16:29:57.801628 10066 thread_intergrate.hpp:78] [T-Intergrate-intergrate] queue: frame output frame :210
I1014 16:29:57.802719 10066 thread_intergrate.hpp:188] T-Intergrate-intergrate Show face :0, size :640 * 360
I1014 16:29:57.803247 10062 demo_inner.hpp:435] thread [SORT-0]  frame id 210 sorting queue size 0   FPS: 12.5033
I1014 16:29:57.803318 10061 demo_inner.hpp:260]  gui queue size 0, state = running
I1014 16:29:57.872897 10060 demo_inner.hpp:177] decode queue size 0
I1014 16:29:57.873008 10063 work_thread.hpp:81]  [T-Work-Detect_0] Run work: WorkDetect
I1014 16:29:57.873039 10063 work_detect.cpp:102] Succeeded to add det start for frame 211
I1014 16:29:57.879369 10063 work_detect.cpp:70] Frame :211 detect result :0 face(s)
I1014 16:29:57.879415 10063 work_detect.cpp:120] Succeeded to add det end for frame 211
I1014 16:29:57.879429 10063 work_thread.hpp:81]  [T-Work-Detect_0] Run work: WrokTrack
I1014 16:29:57.879456 10063 work_track.cpp:102] Succeeded to set track lock for frame 211
I1014 16:29:57.879482 10063 work_track.cpp:116] Succeeded to release track lock for frame 211
I1014 16:29:57.879495 10063 work_track.cpp:120] Track results of frame 211: 0 objects input, 0 objects tracked!
I1014 16:29:57.879513 10063 work_thread.hpp:87]  [T-Work-Detect_0] Frame :211 split
I1014 16:29:57.879556 10066 thread_intergrate.hpp:78] [T-Intergrate-intergrate] queue: frame output frame :211
I1014 16:29:57.880646 10066 thread_intergrate.hpp:188] T-Intergrate-intergrate Show face :0, size :640 * 360
I1014 16:29:57.881175 10062 demo_inner.hpp:435] thread [SORT-0]  frame id 211 sorting queue size 0   FPS: 12.5033
I1014 16:29:57.881244 10061 demo_inner.hpp:260]  gui queue size 0, state = running
I1014 16:29:57.956661 10060 demo_inner.hpp:177] decode queue size 0
I1014 16:29:57.956758 10063 work_thread.hpp:81]  [T-Work-Detect_0] Run work: WorkDetect
I1014 16:29:57.956791 10063 work_detect.cpp:102] Succeeded to add det start for frame 212
I1014 16:29:57.963176 10063 work_detect.cpp:70] Frame :212 detect result :0 face(s)
I1014 16:29:57.963222 10063 work_detect.cpp:120] Succeeded to add det end for frame 212
I1014 16:29:57.963238 10063 work_thread.hpp:81]  [T-Work-Detect_0] Run work: WrokTrack
I1014 16:29:57.963264 10063 work_track.cpp:102] Succeeded to set track lock for frame 212
I1014 16:29:57.963290 10063 work_track.cpp:116] Succeeded to release track lock for frame 212
I1014 16:29:57.963304 10063 work_track.cpp:120] Track results of frame 212: 0 objects input, 0 objects tracked!
I1014 16:29:57.963321 10063 work_thread.hpp:87]  [T-Work-Detect_0] Frame :212 split
I1014 16:29:57.963366 10066 thread_intergrate.hpp:78] [T-Intergrate-intergrate] queue: frame output frame :212
I1014 16:29:57.964455 10066 thread_intergrate.hpp:188] T-Intergrate-intergrate Show face :0, size :640 * 360
I1014 16:29:57.964982 10062 demo_inner.hpp:435] thread [SORT-0]  frame id 212 sorting queue size 0   FPS: 12.5033
I1014 16:29:57.965052 10061 demo_inner.hpp:260]  gui queue size 0, state = running
I1014 16:29:58.034768 10060 demo_inner.hpp:177] decode queue size 0
I1014 16:29:58.034869 10063 work_thread.hpp:81]  [T-Work-Detect_0] Run work: WorkDetect
I1014 16:29:58.034902 10063 work_detect.cpp:102] Succeeded to add det start for frame 213
I1014 16:29:58.041332 10063 work_detect.cpp:70] Frame :213 detect result :0 face(s)
I1014 16:29:58.041455 10063 work_detect.cpp:120] Succeeded to add det end for frame 213
I1014 16:29:58.041472 10063 work_thread.hpp:81]  [T-Work-Detect_0] Run work: WrokTrack
I1014 16:29:58.041501 10063 work_track.cpp:102] Succeeded to set track lock for frame 213
I1014 16:29:58.041527 10063 work_track.cpp:116] Succeeded to release track lock for frame 213
I1014 16:29:58.041539 10063 work_track.cpp:120] Track results of frame 213: 0 objects input, 0 objects tracked!
I1014 16:29:58.041558 10063 work_thread.hpp:87]  [T-Work-Detect_0] Frame :213 split
I1014 16:29:58.041601 10066 thread_intergrate.hpp:78] [T-Intergrate-intergrate] queue: frame output frame :213
I1014 16:29:58.042690 10066 thread_intergrate.hpp:188] T-Intergrate-intergrate Show face :0, size :640 * 360
I1014 16:29:58.043216 10062 demo_inner.hpp:435] thread [SORT-0]  frame id 213 sorting queue size 0   FPS: 12.5
I1014 16:29:58.043283 10061 demo_inner.hpp:260]  gui queue size 0, state = running
I1014 16:29:58.112892 10060 demo_inner.hpp:177] decode queue size 0
I1014 16:29:58.112993 10063 work_thread.hpp:81]  [T-Work-Detect_0] Run work: WorkDetect
I1014 16:29:58.113025 10063 work_detect.cpp:102] Succeeded to add det start for frame 214
I1014 16:29:58.119433 10063 work_detect.cpp:70] Frame :214 detect result :0 face(s)
I1014 16:29:58.119482 10063 work_detect.cpp:120] Succeeded to add det end for frame 214
I1014 16:29:58.119498 10063 work_thread.hpp:81]  [T-Work-Detect_0] Run work: WrokTrack
I1014 16:29:58.119524 10063 work_track.cpp:102] Succeeded to set track lock for frame 214
I1014 16:29:58.119550 10063 work_track.cpp:116] Succeeded to release track lock for frame 214
I1014 16:29:58.119563 10063 work_track.cpp:120] Track results of frame 214: 0 objects input, 0 objects tracked!
I1014 16:29:58.119581 10063 work_thread.hpp:87]  [T-Work-Detect_0] Frame :214 split
I1014 16:29:58.119626 10066 thread_intergrate.hpp:78] [T-Intergrate-intergrate] queue: frame output frame :214
I1014 16:29:58.120715 10066 thread_intergrate.hpp:188] T-Intergrate-intergrate Show face :0, size :640 * 360
I1014 16:29:58.121239 10062 demo_inner.hpp:435] thread [SORT-0]  frame id 214 sorting queue size 0   FPS: 12.5033
I1014 16:29:58.121309 10061 demo_inner.hpp:260]  gui queue size 0, state = running
I1014 16:29:58.196450 10060 demo_inner.hpp:177] decode queue size 0
I1014 16:29:58.196547 10063 work_thread.hpp:81]  [T-Work-Detect_0] Run work: WorkDetect
I1014 16:29:58.196578 10063 work_detect.cpp:102] Succeeded to add det start for frame 215
I1014 16:29:58.202977 10063 work_detect.cpp:70] Frame :215 detect result :0 face(s)
I1014 16:29:58.203023 10063 work_detect.cpp:120] Succeeded to add det end for frame 215
I1014 16:29:58.203039 10063 work_thread.hpp:81]  [T-Work-Detect_0] Run work: WrokTrack
I1014 16:29:58.203068 10063 work_track.cpp:102] Succeeded to set track lock for frame 215
