I1014 12:21:02.503186  5959 work_recog.hpp:89] Face id: 1 will run recog: bbox [140 x 178 from (198, 180)] quality: 0.437556
I1014 12:21:02.503242  5959 work_recog.hpp:96] Recog pair: [200 x 216 from (168, 144)], [140 x 178 from (30, 36)]
I1014 12:21:02.503984  5960 thread_intergrate.hpp:157] T-Intergrate-intergrate Show face :1, size :640 * 360
I1014 12:21:02.504503  5956 demo_inner.hpp:435] thread [SORT-0]  frame id 61 sorting queue size 1   FPS: 29.8211
I1014 12:21:02.518370  5955 demo_inner.hpp:260]  gui queue size 1, state = running
I1014 12:21:02.522105  5959 work_thread.hpp:81]  [T-Work-Recog_1] Run work: WorkCompare
I1014 12:21:02.522601  5959 work_compare.cpp:76] Compare face: 1 successed, similarity :0.986886, name : images/ThangLMb.jpg, normal size : 1548 * 1719!
I1014 12:21:02.530086  5954 demo_inner.hpp:177] decode queue size 0
I1014 12:21:02.530200  5957 work_thread.hpp:81]  [T-Work-Detect_0] Run work: WorkDetect
I1014 12:21:02.530233  5957 work_detect.cpp:102] Succeeded to add det start for frame 62
I1014 12:21:02.536761  5957 work_detect.cpp:70] Frame :62 detect result :1 face(s)
I1014 12:21:02.536804  5957 work_detect.cpp:86] Detected bbox: [134 x 173 from (206, 180)]
I1014 12:21:02.536846  5957 work_detect.cpp:120] Succeeded to add det end for frame 62
I1014 12:21:02.536864  5957 work_thread.hpp:81]  [T-Work-Detect_0] Run work: WrokTrack
I1014 12:21:02.536887  5957 work_track.cpp:82] Frame: 62 build input_characts: [0.209375 x 0.480556 from (0.321875, 0.5)], 0.996, 0
I1014 12:21:02.536944  5957 work_track.cpp:102] Succeeded to set track lock for frame 62
I1014 12:21:02.536985  5957 work_track.cpp:116] Succeeded to release track lock for frame 62
I1014 12:21:02.537000  5957 work_track.cpp:120] Track results of frame 62: 1 objects input, 1 objects tracked!
I1014 12:21:02.537019  5957 work_track.cpp:148] Frame: 62, track bbox: [134 x 173 from (204.595, 180.856)], gid: 1, lid: 0
I1014 12:21:02.537056  5957 work_thread.hpp:88]  [T-Work-Detect_0] Frame :62 split
I1014 12:21:02.537073  5957 work_thread.hpp:120]  [T-Work-Detect_0] Valid piece: gid = 1
I1014 12:21:02.537091  5957 work_thread.hpp:92]  [T-Work-Detect_0] Push to split queue:recog
I1014 12:21:02.537137  5958 work_thread.hpp:81]  [T-Work-Recog_0] Run work: WorkCapture
I1014 12:21:02.537142  5960 thread_intergrate.hpp:78] [T-Intergrate-intergrate] queue: frame output frame :62
I1014 12:21:02.537173  5960 thread_intergrate.hpp:85] [T-Intergrate-intergrate] queue: compare output face:1
I1014 12:21:02.537191  5960 thread_intergrate.hpp:137] T-Intergrate-intergrate set matched face: 1
I1014 12:21:02.537768  5958 work_thread.hpp:81]  [T-Work-Recog_0] Run work: WorkRecog
I1014 12:21:02.537863  5958 work_recog.hpp:89] Face id: 1 will run recog: bbox [134 x 173 from (206, 180)] quality: 0.435877
I1014 12:21:02.538000  5958 work_recog.hpp:96] Recog pair: [192 x 216 from (176, 144)], [134 x 173 from (30, 36)]
I1014 12:21:02.538617  5960 thread_intergrate.hpp:157] T-Intergrate-intergrate Show face :1, size :640 * 360
I1014 12:21:02.539155  5956 demo_inner.hpp:435] thread [SORT-0]  frame id 62 sorting queue size 0   FPS: 29.97
I1014 12:21:02.555956  5958 work_thread.hpp:81]  [T-Work-Recog_0] Run work: WorkCompare
I1014 12:21:02.556496  5958 work_compare.cpp:76] Compare face: 1 successed, similarity :0.984867, name : images/ThangLMb.jpg, normal size : 1548 * 1719!
I1014 12:21:02.561499  5954 demo_inner.hpp:177] decode queue size 0
I1014 12:21:02.561592  5957 work_thread.hpp:81]  [T-Work-Detect_0] Run work: WorkDetect
I1014 12:21:02.561625  5957 work_detect.cpp:102] Succeeded to add det start for frame 63
I1014 12:21:02.568127  5957 work_detect.cpp:70] Frame :63 detect result :1 face(s)
W1014 12:21:02.568184  5957 work_detect.cpp:83] Invalid bbox: [153 x 196 from (205, 170)]
I1014 12:21:02.568259  5957 work_detect.cpp:120] Succeeded to add det end for frame 63
I1014 12:21:02.568276  5957 work_thread.hpp:81]  [T-Work-Detect_0] Run work: WrokTrack
I1014 12:21:02.568303  5957 work_track.cpp:102] Succeeded to set track lock for frame 63
I1014 12:21:02.568336  5957 work_track.cpp:116] Succeeded to release track lock for frame 63
I1014 12:21:02.568349  5957 work_track.cpp:120] Track results of frame 63: 0 objects input, 1 objects tracked!
I1014 12:21:02.568368  5957 work_track.cpp:148] Frame: 63, track bbox: [134 x 173 from (207.567, 180.299)], gid: 1, lid: -1
I1014 12:21:02.568420  5957 work_thread.hpp:88]  [T-Work-Detect_0] Frame :63 split
I1014 12:21:02.568471  5960 thread_intergrate.hpp:78] [T-Intergrate-intergrate] queue: frame output frame :63
I1014 12:21:02.568501  5960 thread_intergrate.hpp:85] [T-Intergrate-intergrate] queue: compare output face:1
I1014 12:21:02.568521  5960 thread_intergrate.hpp:137] T-Intergrate-intergrate set matched face: 1
I1014 12:21:02.569900  5960 thread_intergrate.hpp:157] T-Intergrate-intergrate Show face :1, size :640 * 360
I1014 12:21:02.570502  5956 demo_inner.hpp:435] thread [SORT-0]  frame id 63 sorting queue size 1   FPS: 29.8954
I1014 12:21:02.596001  5954 demo_inner.hpp:177] decode queue size 0
I1014 12:21:02.596099  5957 work_thread.hpp:81]  [T-Work-Detect_0] Run work: WorkDetect
I1014 12:21:02.596132  5957 work_detect.cpp:102] Succeeded to add det start for frame 64
I1014 12:21:02.602784  5957 work_detect.cpp:70] Frame :64 detect result :1 face(s)
W1014 12:21:02.602831  5957 work_detect.cpp:83] Invalid bbox: [151 x 195 from (210, 168)]
I1014 12:21:02.602905  5957 work_detect.cpp:120] Succeeded to add det end for frame 64
I1014 12:21:02.602921  5957 work_thread.hpp:81]  [T-Work-Detect_0] Run work: WrokTrack
I1014 12:21:02.602948  5957 work_track.cpp:102] Succeeded to set track lock for frame 64
I1014 12:21:02.602982  5957 work_track.cpp:116] Succeeded to release track lock for frame 64
I1014 12:21:02.602996  5957 work_track.cpp:120] Track results of frame 64: 0 objects input, 0 objects tracked!
I1014 12:21:02.603016  5957 work_thread.hpp:88]  [T-Work-Detect_0] Frame :64 split
I1014 12:21:02.603066  5960 thread_intergrate.hpp:78] [T-Intergrate-intergrate] queue: frame output frame :64
I1014 12:21:02.604169  5960 thread_intergrate.hpp:157] T-Intergrate-intergrate Show face :1, size :640 * 360
I1014 12:21:02.604750  5956 demo_inner.hpp:435] thread [SORT-0]  frame id 64 sorting queue size 2   FPS: 29.9252
I1014 12:21:02.612720  5955 demo_inner.hpp:260]  gui queue size 2, state = running
I1014 12:21:02.626492  5954 demo_inner.hpp:177] decode queue size 0
I1014 12:21:02.626619  5957 work_thread.hpp:81]  [T-Work-Detect_0] Run work: WorkDetect
I1014 12:21:02.626657  5957 work_detect.cpp:102] Succeeded to add det start for frame 65
I1014 12:21:02.633316  5957 work_detect.cpp:70] Frame :65 detect result :1 face(s)
I1014 12:21:02.633364  5957 work_detect.cpp:86] Detected bbox: [129 x 179 from (217, 176)]
I1014 12:21:02.633481  5957 work_detect.cpp:120] Succeeded to add det end for frame 65
I1014 12:21:02.633499  5957 work_thread.hpp:81]  [T-Work-Detect_0] Run work: WrokTrack
I1014 12:21:02.633523  5957 work_track.cpp:82] Frame: 65 build input_characts: [0.201562 x 0.497222 from (0.339063, 0.488889)], 1.00019, 0
I1014 12:21:02.633581  5957 work_track.cpp:102] Succeeded to set track lock for frame 65
I1014 12:21:02.633620  5957 work_track.cpp:116] Succeeded to release track lock for frame 65
I1014 12:21:02.633635  5957 work_track.cpp:120] Track results of frame 65: 1 objects input, 0 objects tracked!
I1014 12:21:02.633652  5957 work_track.cpp:162] Frame: 65 lid: 0 not tracked, will set invalid
I1014 12:21:02.633668  5957 work_thread.hpp:88]  [T-Work-Detect_0] Frame :65 split
I1014 12:21:02.633685  5957 work_thread.hpp:124]  [T-Work-Detect_0] Invalid piece: lid = 0, drop it
I1014 12:21:02.633745  5960 thread_intergrate.hpp:78] [T-Intergrate-intergrate] queue: frame output frame :65
I1014 12:21:02.634833  5960 thread_intergrate.hpp:157] T-Intergrate-intergrate Show face :1, size :640 * 360
I1014 12:21:02.635398  5956 demo_inner.hpp:435] thread [SORT-0]  frame id 65 sorting queue size 0   FPS: 29.9103
I1014 12:21:02.657804  5955 demo_inner.hpp:260]  gui queue size 0, state = running
I1014 12:21:02.662201  5954 demo_inner.hpp:177] decode queue size 0
I1014 12:21:02.662318  5957 work_thread.hpp:81]  [T-Work-Detect_0] Run work: WorkDetect
I1014 12:21:02.662355  5957 work_detect.cpp:102] Succeeded to add det start for frame 66
I1014 12:21:02.668932  5957 work_detect.cpp:70] Frame :66 detect result :1 face(s)
I1014 12:21:02.668984  5957 work_detect.cpp:86] Detected bbox: [140 x 184 from (220, 171)]
I1014 12:21:02.669029  5957 work_detect.cpp:120] Succeeded to add det end for frame 66
I1014 12:21:02.669046  5957 work_thread.hpp:81]  [T-Work-Detect_0] Run work: WrokTrack
I1014 12:21:02.669070  5957 work_track.cpp:82] Frame: 66 build input_characts: [0.21875 x 0.511111 from (0.34375, 0.475)], 1.00019, 0
I1014 12:21:02.669126  5957 work_track.cpp:102] Succeeded to set track lock for frame 66
I1014 12:21:02.669164  5957 work_track.cpp:116] Succeeded to release track lock for frame 66
I1014 12:21:02.669179  5957 work_track.cpp:120] Track results of frame 66: 1 objects input, 0 objects tracked!
I1014 12:21:02.669198  5957 work_track.cpp:162] Frame: 66 lid: 0 not tracked, will set invalid
I1014 12:21:02.669214  5957 work_thread.hpp:88]  [T-Work-Detect_0] Frame :66 split
I1014 12:21:02.669230  5957 work_thread.hpp:124]  [T-Work-Detect_0] Invalid piece: lid = 0, drop it
I1014 12:21:02.669278  5960 thread_intergrate.hpp:78] [T-Intergrate-intergrate] queue: frame output frame :66
I1014 12:21:02.670364  5960 thread_intergrate.hpp:157] T-Intergrate-intergrate Show face :1, size :640 * 360
I1014 12:21:02.670935  5956 demo_inner.hpp:435] thread [SORT-0]  frame id 66 sorting queue size 0   FPS: 29.9252
I1014 12:21:02.693078  5954 demo_inner.hpp:177] decode queue size 0
I1014 12:21:02.693188  5957 work_thread.hpp:81]  [T-Work-Detect_0] Run work: WorkDetect
I1014 12:21:02.693223  5957 work_detect.cpp:102] Succeeded to add det start for frame 67
I1014 12:21:02.699755  5957 work_detect.cpp:70] Frame :67 detect result :1 face(s)
I1014 12:21:02.699798  5957 work_detect.cpp:86] Detected bbox: [139 x 183 from (221, 173)]
I1014 12:21:02.699841  5957 work_detect.cpp:120] Succeeded to add det end for frame 67
I1014 12:21:02.699857  5957 work_thread.hpp:81]  [T-Work-Detect_0] Run work: WrokTrack
I1014 12:21:02.699882  5957 work_track.cpp:82] Frame: 67 build input_characts: [0.217187 x 0.508333 from (0.345313, 0.480556)], 1.00019, 0
I1014 12:21:02.699936  5957 work_track.cpp:102] Succeeded to set track lock for frame 67
I1014 12:21:02.699976  5957 work_track.cpp:116] Succeeded to release track lock for frame 67
I1014 12:21:02.699991  5957 work_track.cpp:120] Track results of frame 67: 1 objects input, 1 objects tracked!
I1014 12:21:02.700009  5957 work_track.cpp:148] Frame: 67, track bbox: [139 x 183 from (221.868, 172.098)], gid: 1, lid: 0
I1014 12:21:02.700117  5957 work_thread.hpp:88]  [T-Work-Detect_0] Frame :67 split
I1014 12:21:02.700139  5957 work_thread.hpp:120]  [T-Work-Detect_0] Valid piece: gid = 1
I1014 12:21:02.700173  5957 work_thread.hpp:92]  [T-Work-Detect_0] Push to split queue:recog
I1014 12:21:02.700230  5959 work_thread.hpp:81]  [T-Work-Recog_1] Run work: WorkCapture
I1014 12:21:02.700233  5960 thread_intergrate.hpp:78] [T-Intergrate-intergrate] queue: frame output frame :67
I1014 12:21:02.700790  5959 work_thread.hpp:81]  [T-Work-Recog_1] Run work: WorkRecog
I1014 12:21:02.700824  5959 work_recog.hpp:89] Face id: 1 will run recog: bbox [139 x 183 from (221, 173)] quality: 0.415145
I1014 12:21:02.700852  5959 work_recog.hpp:96] Recog pair: [200 x 224 from (192, 136)], [139 x 183 from (29, 37)]
I1014 12:21:02.701369  5960 thread_intergrate.hpp:157] T-Intergrate-intergrate Show face :1, size :640 * 360
I1014 12:21:02.701911  5956 demo_inner.hpp:435] thread [SORT-0]  frame id 67 sorting queue size 1   FPS: 29.9103
I1014 12:21:02.719085  5959 work_thread.hpp:81]  [T-Work-Recog_1] Run work: WorkCompare
I1014 12:21:02.719676  5959 work_compare.cpp:76] Compare face: 1 successed, similarity :0.976646, name : images/ThangLMb.jpg, normal size : 1548 * 1719!
I1014 12:21:02.729372  5954 demo_inner.hpp:177] decode queue size 0
I1014 12:21:02.729485  5957 work_thread.hpp:81]  [T-Work-Detect_0] Run work: WorkDetect
I1014 12:21:02.729523  5957 work_detect.cpp:102] Succeeded to add det start for frame 68
I1014 12:21:02.736093  5957 work_detect.cpp:70] Frame :68 detect result :1 face(s)
I1014 12:21:02.736146  5957 work_detect.cpp:86] Detected bbox: [141 x 177 from (222, 175)]
I1014 12:21:02.736220  5957 work_detect.cpp:120] Succeeded to add det end for frame 68
I1014 12:21:02.736238  5957 work_thread.hpp:81]  [T-Work-Detect_0] Run work: WrokTrack
I1014 12:21:02.736263  5957 work_track.cpp:82] Frame: 68 build input_characts: [0.220313 x 0.491667 from (0.346875, 0.486111)], 0.999622, 0
I1014 12:21:02.736318  5957 work_track.cpp:102] Succeeded to set track lock for frame 68
I1014 12:21:02.736358  5957 work_track.cpp:116] Succeeded to release track lock for frame 68
I1014 12:21:02.736373  5957 work_track.cpp:120] Track results of frame 68: 1 objects input, 1 objects tracked!
I1014 12:21:02.736392  5957 work_track.cpp:148] Frame: 68, track bbox: [141 x 177 from (223.51, 174.577)], gid: 1, lid: 0
I1014 12:21:02.736428  5957 work_thread.hpp:88]  [T-Work-Detect_0] Frame :68 split
I1014 12:21:02.736445  5957 work_thread.hpp:120]  [T-Work-Detect_0] Valid piece: gid = 1
I1014 12:21:02.736464  5957 work_thread.hpp:92]  [T-Work-Detect_0] Push to split queue:recog
I1014 12:21:02.736526  5958 work_thread.hpp:81]  [T-Work-Recog_0] Run work: WorkCapture
I1014 12:21:02.736527  5960 thread_intergrate.hpp:78] [T-Intergrate-intergrate] queue: frame output frame :68
I1014 12:21:02.736563  5960 thread_intergrate.hpp:85] [T-Intergrate-intergrate] queue: compare output face:1
I1014 12:21:02.736582  5960 thread_intergrate.hpp:137] T-Intergrate-intergrate set matched face: 1
I1014 12:21:02.737242  5958 work_thread.hpp:81]  [T-Work-Recog_0] Run work: WorkRecog
I1014 12:21:02.737272  5958 work_recog.hpp:89] Face id: 1 will run recog: bbox [141 x 177 from (222, 175)] quality: 0.430808
I1014 12:21:02.737303  5958 work_recog.hpp:96] Recog pair: [200 x 224 from (192, 136)], [141 x 177 from (30, 39)]
I1014 12:21:02.738014  5960 thread_intergrate.hpp:157] T-Intergrate-intergrate Show face :1, size :640 * 360
I1014 12:21:02.738575  5956 demo_inner.hpp:435] thread [SORT-0]  frame id 68 sorting queue size 2   FPS: 29.8954
I1014 12:21:02.741148  5955 demo_inner.hpp:260]  gui queue size 2, state = running
I1014 12:21:02.755398  5958 work_thread.hpp:81]  [T-Work-Recog_0] Run work: WorkCompare
I1014 12:21:02.755973  5958 work_compare.cpp:76] Compare face: 1 successed, similarity :0.990737, name : images/ThangLMb.jpg, normal size : 1548 * 1719!
I1014 12:21:02.765434  5954 demo_inner.hpp:177] decode queue size 0
I1014 12:21:02.765543  5957 work_thread.hpp:81]  [T-Work-Detect_0] Run work: WorkDetect
I1014 12:21:02.765652  5957 work_detect.cpp:102] Succeeded to add det start for frame 69
I1014 12:21:02.772333  5957 work_detect.cpp:70] Frame :69 detect result :1 face(s)
I1014 12:21:02.772385  5957 work_detect.cpp:86] Detected bbox: [142 x 176 from (222, 176)]
I1014 12:21:02.772431  5957 work_detect.cpp:120] Succeeded to add det end for frame 69
I1014 12:21:02.772447  5957 work_thread.hpp:81]  [T-Work-Detect_0] Run work: WrokTrack
I1014 12:21:02.772472  5957 work_track.cpp:82] Frame: 69 build input_characts: [0.221875 x 0.488889 from (0.346875, 0.488889)], 1.00019, 0
I1014 12:21:02.772526  5957 work_track.cpp:102] Succeeded to set track lock for frame 69
I1014 12:21:02.772567  5957 work_track.cpp:116] Succeeded to release track lock for frame 69
I1014 12:21:02.772581  5957 work_track.cpp:120] Track results of frame 69: 1 objects input, 1 objects tracked!
I1014 12:21:02.772599  5957 work_track.cpp:148] Frame: 69, track bbox: [142 x 176 from (224.413, 175.352)], gid: 1, lid: 0
I1014 12:21:02.772636  5957 work_thread.hpp:88]  [T-Work-Detect_0] Frame :69 split
I1014 12:21:02.772655  5957 work_thread.hpp:120]  [T-Work-Detect_0] Valid piece: gid = 1
I1014 12:21:02.772672  5957 work_thread.hpp:92]  [T-Work-Detect_0] Push to split queue:recog
I1014 12:21:02.772717  5958 work_thread.hpp:81]  [T-Work-Recog_0] Run work: WorkCapture
I1014 12:21:02.772724  5960 thread_intergrate.hpp:78] [T-Intergrate-intergrate] queue: frame output frame :69
I1014 12:21:02.772750  5960 thread_intergrate.hpp:85] [T-Intergrate-intergrate] queue: compare output face:1
I1014 12:21:02.772768  5960 thread_intergrate.hpp:137] T-Intergrate-intergrate set matched face: 1
I1014 12:21:02.773360  5958 work_thread.hpp:81]  [T-Work-Recog_0] Run work: WorkRecog
I1014 12:21:02.773389  5958 work_recog.hpp:89] Face id: 1 will run recog: bbox [142 x 176 from (222, 176)] quality: 0.449276
I1014 12:21:02.773428  5958 work_recog.hpp:96] Recog pair: [200 x 224 from (192, 136)], [142 x 176 from (30, 40)]
I1014 12:21:02.774185  5960 thread_intergrate.hpp:157] T-Intergrate-intergrate Show face :1, size :640 * 360
I1014 12:21:02.774749  5956 demo_inner.hpp:435] thread [SORT-0]  frame id 69 sorting queue size 0   FPS: 29.9103
I1014 12:21:02.792068  5958 work_thread.hpp:81]  [T-Work-Recog_0] Run work: WorkCompare
I1014 12:21:02.792697  5958 work_compare.cpp:76] Compare face: 1 successed, similarity :0.988681, name : images/ThangLMb.jpg, normal size : 1548 * 1719!
I1014 12:21:02.795475  5954 demo_inner.hpp:177] decode queue size 0
I1014 12:21:02.795544  5957 work_thread.hpp:81]  [T-Work-Detect_0] Run work: WorkDetect
I1014 12:21:02.795578  5957 work_detect.cpp:102] Succeeded to add det start for frame 70
I1014 12:21:02.802187  5957 work_detect.cpp:70] Frame :70 detect result :1 face(s)
I1014 12:21:02.802249  5957 work_detect.cpp:86] Detected bbox: [143 x 177 from (220, 177)]
I1014 12:21:02.802307  5957 work_detect.cpp:120] Succeeded to add det end for frame 70
I1014 12:21:02.802326  5957 work_thread.hpp:81]  [T-Work-Detect_0] Run work: WrokTrack
I1014 12:21:02.802356  5957 work_track.cpp:82] Frame: 70 build input_characts: [0.223438 x 0.491667 from (0.34375, 0.491667)], 0.998742, 0
I1014 12:21:02.802417  5957 work_track.cpp:102] Succeeded to set track lock for frame 70
I1014 12:21:02.802465  5957 work_track.cpp:116] Succeeded to release track lock for frame 70
I1014 12:21:02.802479  5957 work_track.cpp:120] Track results of frame 70: 1 objects input, 1 objects tracked!
I1014 12:21:02.802498  5957 work_track.cpp:148] Frame: 70, track bbox: [143 x 177 from (222.683, 175.973)], gid: 1, lid: 0
I1014 12:21:02.802534  5957 work_thread.hpp:88]  [T-Work-Detect_0] Frame :70 split
I1014 12:21:02.802552  5957 work_thread.hpp:120]  [T-Work-Detect_0] Valid piece: gid = 1
I1014 12:21:02.802572  5957 work_thread.hpp:92]  [T-Work-Detect_0] Push to split queue:recog
I1014 12:21:02.802625  5958 work_thread.hpp:81]  [T-Work-Recog_0] Run work: WorkCapture
I1014 12:21:02.802635  5960 thread_intergrate.hpp:78] [T-Intergrate-intergrate] queue: frame output frame :70
I1014 12:21:02.802661  5960 thread_intergrate.hpp:85] [T-Intergrate-intergrate] queue: compare output face:1
I1014 12:21:02.802757  5960 thread_intergrate.hpp:137] T-Intergrate-intergrate set matched face: 1
I1014 12:21:02.803268  5958 work_thread.hpp:81]  [T-Work-Recog_0] Run work: WorkRecog
I1014 12:21:02.803295  5958 work_recog.hpp:89] Face id: 1 will run recog: bbox [143 x 177 from (220, 177)] quality: 0.444516
I1014 12:21:02.803352  5958 work_recog.hpp:96] Recog pair: [200 x 224 from (192, 136)], [143 x 177 from (28, 41)]
I1014 12:21:02.804224  5960 thread_intergrate.hpp:157] T-Intergrate-intergrate Show face :1, size :640 * 360
I1014 12:21:02.804786  5956 demo_inner.hpp:435] thread [SORT-0]  frame id 70 sorting queue size 1   FPS: 29.8954
I1014 12:21:02.821739  5958 work_thread.hpp:81]  [T-Work-Recog_0] Run work: WorkCompare
I1014 12:21:02.822278  5958 work_compare.cpp:76] Compare face: 1 successed, similarity :0.986771, name : images/ThangLMb.jpg, normal size : 1548 * 1719!
I1014 12:21:02.831521  5954 demo_inner.hpp:177] decode queue size 0
I1014 12:21:02.831655  5957 work_thread.hpp:81]  [T-Work-Detect_0] Run work: WorkDetect
I1014 12:21:02.831693  5957 work_detect.cpp:102] Succeeded to add det start for frame 71
I1014 12:21:02.838331  5957 work_detect.cpp:70] Frame :71 detect result :1 face(s)
I1014 12:21:02.838382  5957 work_detect.cpp:86] Detected bbox: [143 x 180 from (219, 175)]
I1014 12:21:02.838428  5957 work_detect.cpp:120] Succeeded to add det end for frame 71
I1014 12:21:02.838443  5957 work_thread.hpp:81]  [T-Work-Detect_0] Run work: WrokTrack
I1014 12:21:02.838469  5957 work_track.cpp:82] Frame: 71 build input_characts: [0.223438 x 0.5 from (0.342187, 0.486111)], 0.999622, 0
I1014 12:21:02.838524  5957 work_track.cpp:102] Succeeded to set track lock for frame 71
I1014 12:21:02.838563  5957 work_track.cpp:116] Succeeded to release track lock for frame 71
I1014 12:21:02.838578  5957 work_track.cpp:120] Track results of frame 71: 1 objects input, 1 objects tracked!
I1014 12:21:02.838596  5957 work_track.cpp:148] Frame: 71, track bbox: [143 x 180 from (220.267, 175.213)], gid: 1, lid: 0
I1014 12:21:02.838632  5957 work_thread.hpp:88]  [T-Work-Detect_0] Frame :71 split
I1014 12:21:02.838650  5957 work_thread.hpp:120]  [T-Work-Detect_0] Valid piece: gid = 1
I1014 12:21:02.838670  5957 work_thread.hpp:92]  [T-Work-Detect_0] Push to split queue:recog
I1014 12:21:02.838718  5959 work_thread.hpp:81]  [T-Work-Recog_1] Run work: WorkCapture
I1014 12:21:02.838722  5960 thread_intergrate.hpp:78] [T-Intergrate-intergrate] queue: frame output frame :71
I1014 12:21:02.838758  5960 thread_intergrate.hpp:85] [T-Intergrate-intergrate] queue: compare output face:1
I1014 12:21:02.838778  5960 thread_intergrate.hpp:137] T-Intergrate-intergrate set matched face: 1
I1014 12:21:02.839344  5959 work_thread.hpp:81]  [T-Work-Recog_1] Run work: WorkRecog
I1014 12:21:02.839395  5959 work_recog.hpp:89] Face id: 1 will run recog: bbox [143 x 180 from (219, 175)] quality: 0.469842
I1014 12:21:02.839429  5959 work_recog.hpp:96] Recog pair: [208 x 224 from (184, 136)], [143 x 180 from (35, 39)]
I1014 12:21:02.840222  5960 thread_intergrate.hpp:157] T-Intergrate-intergrate Show face :1, size :640 * 360
I1014 12:21:02.840771  5956 demo_inner.hpp:435] thread [SORT-0]  frame id 71 sorting queue size 2   FPS: 29.9103
I1014 12:21:02.841589  5955 demo_inner.hpp:260]  gui queue size 2, state = running
I1014 12:21:02.858053  5959 work_thread.hpp:81]  [T-Work-Recog_1] Run work: WorkCompare
I1014 12:21:02.858606  5959 work_compare.cpp:76] Compare face: 1 successed, similarity :0.984671, name : images/ThangLMb.jpg, normal size : 1548 * 1719!
I1014 12:21:02.861436  5954 demo_inner.hpp:177] decode queue size 0
I1014 12:21:02.861522  5957 work_thread.hpp:81]  [T-Work-Detect_0] Run work: WorkDetect
I1014 12:21:02.861557  5957 work_detect.cpp:102] Succeeded to add det start for frame 72
I1014 12:21:02.868175  5957 work_detect.cpp:70] Frame :72 detect result :1 face(s)
I1014 12:21:02.868228  5957 work_detect.cpp:86] Detected bbox: [141 x 180 from (220, 174)]
I1014 12:21:02.868273  5957 work_detect.cpp:120] Succeeded to add det end for frame 72
I1014 12:21:02.868366  5957 work_thread.hpp:81]  [T-Work-Detect_0] Run work: WrokTrack
I1014 12:21:02.868393  5957 work_track.cpp:82] Frame: 72 build input_characts: [0.220313 x 0.5 from (0.34375, 0.483333)], 0.999622, 0
I1014 12:21:02.868451  5957 work_track.cpp:102] Succeeded to set track lock for frame 72
I1014 12:21:02.868491  5957 work_track.cpp:116] Succeeded to release track lock for frame 72
I1014 12:21:02.868506  5957 work_track.cpp:120] Track results of frame 72: 1 objects input, 1 objects tracked!
I1014 12:21:02.868525  5957 work_track.cpp:148] Frame: 72, track bbox: [141 x 180 from (220.388, 174.677)], gid: 1, lid: 0
I1014 12:21:02.868561  5957 work_thread.hpp:88]  [T-Work-Detect_0] Frame :72 split
I1014 12:21:02.868579  5957 work_thread.hpp:120]  [T-Work-Detect_0] Valid piece: gid = 1
I1014 12:21:02.868597  5957 work_thread.hpp:92]  [T-Work-Detect_0] Push to split queue:recog
I1014 12:21:02.868660  5959 work_thread.hpp:81]  [T-Work-Recog_1] Run work: WorkCapture
I1014 12:21:02.868661  5960 thread_intergrate.hpp:78] [T-Intergrate-intergrate] queue: frame output frame :72
I1014 12:21:02.868697  5960 thread_intergrate.hpp:85] [T-Intergrate-intergrate] queue: compare output face:1
I1014 12:21:02.868716  5960 thread_intergrate.hpp:137] T-Intergrate-intergrate set matched face: 1
I1014 12:21:02.869319  5959 work_thread.hpp:81]  [T-Work-Recog_1] Run work: WorkRecog
I1014 12:21:02.869347  5959 work_recog.hpp:89] Face id: 1 will run recog: bbox [141 x 180 from (220, 174)] quality: 0.46766
I1014 12:21:02.869380  5959 work_recog.hpp:96] Recog pair: [200 x 224 from (192, 136)], [141 x 180 from (28, 38)]
I1014 12:21:02.870160  5960 thread_intergrate.hpp:157] T-Intergrate-intergrate Show face :1, size :640 * 360
I1014 12:21:02.870730  5956 demo_inner.hpp:435] thread [SORT-0]  frame id 72 sorting queue size 0   FPS: 29.9103
I1014 12:21:02.887748  5959 work_thread.hpp:81]  [T-Work-Recog_1] Run work: WorkCompare
I1014 12:21:02.888278  5959 work_compare.cpp:76] Compare face: 1 successed, similarity :0.98422, name : images/ThangLMb.jpg, normal size : 1548 * 1719!
I1014 12:21:02.894482  5954 demo_inner.hpp:177] decode queue size 0
I1014 12:21:02.894590  5957 work_thread.hpp:81]  [T-Work-Detect_0] Run work: WorkDetect
I1014 12:21:02.894625  5957 work_detect.cpp:102] Succeeded to add det start for frame 73
I1014 12:21:02.901278  5957 work_detect.cpp:70] Frame :73 detect result :1 face(s)
I1014 12:21:02.901325  5957 work_detect.cpp:86] Detected bbox: [142 x 178 from (218, 178)]
I1014 12:21:02.901369  5957 work_detect.cpp:120] Succeeded to add det end for frame 73
I1014 12:21:02.901386  5957 work_thread.hpp:81]  [T-Work-Detect_0] Run work: WrokTrack
I1014 12:21:02.901412  5957 work_track.cpp:82] Frame: 73 build input_characts: [0.221875 x 0.494444 from (0.340625, 0.494444)], 1.00035, 0
I1014 12:21:02.901466  5957 work_track.cpp:102] Succeeded to set track lock for frame 73
I1014 12:21:02.901507  5957 work_track.cpp:116] Succeeded to release track lock for frame 73
I1014 12:21:02.901522  5957 work_track.cpp:120] Track results of frame 73: 1 objects input, 1 objects tracked!
I1014 12:21:02.901541  5957 work_track.cpp:148] Frame: 73, track bbox: [142 x 178 from (218.296, 177.045)], gid: 1, lid: 0
I1014 12:21:02.901578  5957 work_thread.hpp:88]  [T-Work-Detect_0] Frame :73 split
I1014 12:21:02.901597  5957 work_thread.hpp:120]  [T-Work-Detect_0] Valid piece: gid = 1
I1014 12:21:02.901614  5957 work_thread.hpp:92]  [T-Work-Detect_0] Push to split queue:recog
I1014 12:21:02.901664  5958 work_thread.hpp:81]  [T-Work-Recog_0] Run work: WorkCapture
I1014 12:21:02.901666  5960 thread_intergrate.hpp:78] [T-Intergrate-intergrate] queue: frame output frame :73
I1014 12:21:02.901700  5960 thread_intergrate.hpp:85] [T-Intergrate-intergrate] queue: compare output face:1
I1014 12:21:02.901720  5960 thread_intergrate.hpp:137] T-Intergrate-intergrate set matched face: 1
I1014 12:21:02.902281  5958 work_thread.hpp:81]  [T-Work-Recog_0] Run work: WorkRecog
I1014 12:21:02.902308  5958 work_recog.hpp:89] Face id: 1 will run recog: bbox [142 x 178 from (218, 178)] quality: 0.406008
I1014 12:21:02.902441  5958 work_recog.hpp:96] Recog pair: [208 x 224 from (184, 136)], [142 x 178 from (34, 42)]
I1014 12:21:02.903144  5960 thread_intergrate.hpp:157] T-Intergrate-intergrate Show face :1, size :640 * 360
I1014 12:21:02.903650  5956 demo_inner.hpp:435] thread [SORT-0]  frame id 73 sorting queue size 1   FPS: 29.9401
I1014 12:21:02.907814  5955 demo_inner.hpp:260]  gui queue size 1, state = running
I1014 12:21:02.920807  5958 work_thread.hpp:81]  [T-Work-Recog_0] Run work: WorkCompare
I1014 12:21:02.921347  5958 work_compare.cpp:76] Compare face: 1 successed, similarity :0.989458, name : images/ThangLMb.jpg, normal size : 1548 * 1719!
I1014 12:21:02.926828  5954 demo_inner.hpp:177] decode queue size 0
I1014 12:21:02.927453  5957 work_thread.hpp:81]  [T-Work-Detect_0] Run work: WorkDetect
I1014 12:21:02.927489  5957 work_detect.cpp:102] Succeeded to add det start for frame 74
I1014 12:21:02.934101  5957 work_detect.cpp:70] Frame :74 detect result :1 face(s)
I1014 12:21:02.934152  5957 work_detect.cpp:86] Detected bbox: [143 x 178 from (218, 179)]
I1014 12:21:02.934195  5957 work_detect.cpp:120] Succeeded to add det end for frame 74
I1014 12:21:02.934212  5957 work_thread.hpp:81]  [T-Work-Detect_0] Run work: WrokTrack
I1014 12:21:02.934237  5957 work_track.cpp:82] Frame: 74 build input_characts: [0.223438 x 0.494444 from (0.340625, 0.497222)], 1.00019, 0
I1014 12:21:02.934291  5957 work_track.cpp:102] Succeeded to set track lock for frame 74
I1014 12:21:02.934331  5957 work_track.cpp:116] Succeeded to release track lock for frame 74
I1014 12:21:02.934346  5957 work_track.cpp:120] Track results of frame 74: 1 objects input, 1 objects tracked!
I1014 12:21:02.934365  5957 work_track.cpp:148] Frame: 74, track bbox: [143 x 178 from (217.38, 178.253)], gid: 1, lid: 0
I1014 12:21:02.934399  5957 work_thread.hpp:88]  [T-Work-Detect_0] Frame :74 split
I1014 12:21:02.934417  5957 work_thread.hpp:120]  [T-Work-Detect_0] Valid piece: gid = 1
I1014 12:21:02.934435  5957 work_thread.hpp:92]  [T-Work-Detect_0] Push to split queue:recog
I1014 12:21:02.934487  5960 thread_intergrate.hpp:78] [T-Intergrate-intergrate] queue: frame output frame :74
I1014 12:21:02.934520  5960 thread_intergrate.hpp:85] [T-Intergrate-intergrate] queue: compare output face:1
I1014 12:21:02.934540  5960 thread_intergrate.hpp:137] T-Intergrate-intergrate set matched face: 1
I1014 12:21:02.934484  5959 work_thread.hpp:81]  [T-Work-Recog_1] Run work: WorkCapture
I1014 12:21:02.935173  5959 work_thread.hpp:81]  [T-Work-Recog_1] Run work: WorkRecog
I1014 12:21:02.935202  5959 work_recog.hpp:89] Face id: 1 will run recog: bbox [143 x 178 from (218, 179)] quality: 0.396026
I1014 12:21:02.935245  5959 work_recog.hpp:96] Recog pair: [208 x 216 from (184, 144)], [143 x 178 from (34, 35)]
I1014 12:21:02.935981  5960 thread_intergrate.hpp:157] T-Intergrate-intergrate Show face :1, size :640 * 360
I1014 12:21:02.936599  5956 demo_inner.hpp:435] thread [SORT-0]  frame id 74 sorting queue size 0   FPS: 29.8805
I1014 12:21:02.936671  5955 demo_inner.hpp:260]  gui queue size 0, state = running
I1014 12:21:02.953996  5959 work_thread.hpp:81]  [T-Work-Recog_1] Run work: WorkCompare
I1014 12:21:02.954514  5959 work_compare.cpp:76] Compare face: 1 successed, similarity :0.990141, name : images/ThangLMb.jpg, normal size : 1548 * 1719!
I1014 12:21:02.963646  5954 demo_inner.hpp:177] decode queue size 0
I1014 12:21:02.963776  5957 work_thread.hpp:81]  [T-Work-Detect_0] Run work: WorkDetect
I1014 12:21:02.963814  5957 work_detect.cpp:102] Succeeded to add det start for frame 75
I1014 12:21:02.970468  5957 work_detect.cpp:70] Frame :75 detect result :1 face(s)
I1014 12:21:02.970515  5957 work_detect.cpp:86] Detected bbox: [141 x 182 from (218, 175)]
I1014 12:21:02.970559  5957 work_detect.cpp:120] Succeeded to add det end for frame 75
I1014 12:21:02.970576  5957 work_thread.hpp:81]  [T-Work-Detect_0] Run work: WrokTrack
I1014 12:21:02.970599  5957 work_track.cpp:82] Frame: 75 build input_characts: [0.220313 x 0.505556 from (0.340625, 0.486111)], 1.00019, 0
I1014 12:21:02.970728  5957 work_track.cpp:102] Succeeded to set track lock for frame 75
I1014 12:21:02.970770  5957 work_track.cpp:116] Succeeded to release track lock for frame 75
I1014 12:21:02.970785  5957 work_track.cpp:120] Track results of frame 75: 1 objects input, 1 objects tracked!
I1014 12:21:02.970803  5957 work_track.cpp:148] Frame: 75, track bbox: [141 x 182 from (218.027, 175.963)], gid: 1, lid: 0
I1014 12:21:02.970839  5957 work_thread.hpp:88]  [T-Work-Detect_0] Frame :75 split
I1014 12:21:02.970857  5957 work_thread.hpp:120]  [T-Work-Detect_0] Valid piece: gid = 1
I1014 12:21:02.970875  5957 work_thread.hpp:92]  [T-Work-Detect_0] Push to split queue:recog
I1014 12:21:02.970929  5960 thread_intergrate.hpp:78] [T-Intergrate-intergrate] queue: frame output frame :75
I1014 12:21:02.970932  5958 work_thread.hpp:81]  [T-Work-Recog_0] Run work: WorkCapture
I1014 12:21:02.970962  5960 thread_intergrate.hpp:85] [T-Intergrate-intergrate] queue: compare output face:1
I1014 12:21:02.970980  5960 thread_intergrate.hpp:137] T-Intergrate-intergrate set matched face: 1
I1014 12:21:02.971619  5958 work_thread.hpp:81]  [T-Work-Recog_0] Run work: WorkRecog
I1014 12:21:02.971653  5958 work_recog.hpp:89] Face id: 1 will run recog: bbox [141 x 182 from (218, 175)] quality: 0.430349
I1014 12:21:02.971688  5958 work_recog.hpp:96] Recog pair: [208 x 224 from (184, 136)], [141 x 182 from (34, 39)]
I1014 12:21:02.972424  5960 thread_intergrate.hpp:157] T-Intergrate-intergrate Show face :1, size :640 * 360
I1014 12:21:02.973021  5956 demo_inner.hpp:435] thread [SORT-0]  frame id 75 sorting queue size 0   FPS: 29.8805
I1014 12:21:02.984115  5955 demo_inner.hpp:260]  gui queue size 0, state = running
I1014 12:21:02.990541  5958 work_thread.hpp:81]  [T-Work-Recog_0] Run work: WorkCompare
I1014 12:21:02.991070  5958 work_compare.cpp:76] Compare face: 1 successed, similarity :0.987132, name : images/ThangLMb.jpg, normal size : 1548 * 1719!
I1014 12:21:02.998128  5954 demo_inner.hpp:177] decode queue size 0
I1014 12:21:02.998237  5957 work_thread.hpp:81]  [T-Work-Detect_0] Run work: WorkDetect
I1014 12:21:02.998275  5957 work_detect.cpp:102] Succeeded to add det start for frame 76
I1014 12:21:03.004915  5957 work_detect.cpp:70] Frame :76 detect result :1 face(s)
I1014 12:21:03.004962  5957 work_detect.cpp:86] Detected bbox: [141 x 180 from (218, 175)]
I1014 12:21:03.005007  5957 work_detect.cpp:120] Succeeded to add det end for frame 76
I1014 12:21:03.005024  5957 work_thread.hpp:81]  [T-Work-Detect_0] Run work: WrokTrack
I1014 12:21:03.005050  5957 work_track.cpp:82] Frame: 76 build input_characts: [0.220313 x 0.5 from (0.340625, 0.486111)], 1.00035, 0
I1014 12:21:03.005106  5957 work_track.cpp:102] Succeeded to set track lock for frame 76
I1014 12:21:03.005147  5957 work_track.cpp:116] Succeeded to release track lock for frame 76
I1014 12:21:03.005162  5957 work_track.cpp:120] Track results of frame 76: 1 objects input, 1 objects tracked!
I1014 12:21:03.005180  5957 work_track.cpp:148] Frame: 76, track bbox: [141 x 180 from (217.815, 176.321)], gid: 1, lid: 0
I1014 12:21:03.005216  5957 work_thread.hpp:88]  [T-Work-Detect_0] Frame :76 split
I1014 12:21:03.005234  5957 work_thread.hpp:120]  [T-Work-Detect_0] Valid piece: gid = 1
I1014 12:21:03.005254  5957 work_thread.hpp:92]  [T-Work-Detect_0] Push to split queue:recog
I1014 12:21:03.005291  5958 work_thread.hpp:81]  [T-Work-Recog_0] Run work: WorkCapture
I1014 12:21:03.005304  5960 thread_intergrate.hpp:78] [T-Intergrate-intergrate] queue: frame output frame :76
I1014 12:21:03.005329  5960 thread_intergrate.hpp:85] [T-Intergrate-intergrate] queue: compare output face:1
I1014 12:21:03.005347  5960 thread_intergrate.hpp:137] T-Intergrate-intergrate set matched face: 1
I1014 12:21:03.005959  5958 work_thread.hpp:81]  [T-Work-Recog_0] Run work: WorkRecog
I1014 12:21:03.005995  5958 work_recog.hpp:89] Face id: 1 will run recog: bbox [141 x 180 from (218, 175)] quality: 0.414713
I1014 12:21:03.006028  5958 work_recog.hpp:96] Recog pair: [208 x 224 from (184, 136)], [141 x 180 from (34, 39)]
I1014 12:21:03.006767  5960 thread_intergrate.hpp:157] T-Intergrate-intergrate Show face :1, size :640 * 360
I1014 12:21:03.007323  5956 demo_inner.hpp:435] thread [SORT-0]  frame id 76 sorting queue size 0   FPS: 29.9103
I1014 12:21:03.024237  5958 work_thread.hpp:81]  [T-Work-Recog_0] Run work: WorkCompare
I1014 12:21:03.024768  5958 work_compare.cpp:76] Compare face: 1 successed, similarity :0.98377, name : images/ThangLMb.jpg, normal size : 1548 * 1719!
I1014 12:21:03.026859  5954 demo_inner.hpp:177] decode queue size 0
I1014 12:21:03.026931  5957 work_thread.hpp:81]  [T-Work-Detect_0] Run work: WorkDetect
I1014 12:21:03.026962  5957 work_detect.cpp:102] Succeeded to add det start for frame 77
I1014 12:21:03.033535  5957 work_detect.cpp:70] Frame :77 detect result :1 face(s)
I1014 12:21:03.033581  5957 work_detect.cpp:86] Detected bbox: [141 x 185 from (218, 172)]
I1014 12:21:03.033623  5957 work_detect.cpp:120] Succeeded to add det end for frame 77
I1014 12:21:03.033640  5957 work_thread.hpp:81]  [T-Work-Detect_0] Run work: WrokTrack
I1014 12:21:03.033665  5957 work_track.cpp:82] Frame: 77 build input_characts: [0.220313 x 0.513889 from (0.340625, 0.477778)], 1.00019, 0
I1014 12:21:03.033723  5957 work_track.cpp:102] Succeeded to set track lock for frame 77
I1014 12:21:03.033766  5957 work_track.cpp:116] Succeeded to release track lock for frame 77
I1014 12:21:03.033780  5957 work_track.cpp:120] Track results of frame 77: 1 objects input, 1 objects tracked!
I1014 12:21:03.033798  5957 work_track.cpp:148] Frame: 77, track bbox: [141 x 185 from (217.684, 172.861)], gid: 1, lid: 0
I1014 12:21:03.033836  5957 work_thread.hpp:88]  [T-Work-Detect_0] Frame :77 split
I1014 12:21:03.033854  5957 work_thread.hpp:120]  [T-Work-Detect_0] Valid piece: gid = 1
I1014 12:21:03.033872  5957 work_thread.hpp:92]  [T-Work-Detect_0] Push to split queue:recog
I1014 12:21:03.033936  5958 work_thread.hpp:81]  [T-Work-Recog_0] Run work: WorkCapture
I1014 12:21:03.033936  5960 thread_intergrate.hpp:78] [T-Intergrate-intergrate] queue: frame output frame :77
I1014 12:21:03.033978  5960 thread_intergrate.hpp:85] [T-Intergrate-intergrate] queue: compare output face:1
I1014 12:21:03.033998  5960 thread_intergrate.hpp:137] T-Intergrate-intergrate set matched face: 1
I1014 12:21:03.034730  5958 work_thread.hpp:81]  [T-Work-Recog_0] Run work: WorkRecog
I1014 12:21:03.035100  5958 work_recog.hpp:89] Face id: 1 will run recog: bbox [141 x 185 from (218, 172)] quality: 0.442928
I1014 12:21:03.035151  5958 work_recog.hpp:96] Recog pair: [208 x 232 from (184, 128)], [141 x 185 from (34, 44)]
I1014 12:21:03.035425  5960 thread_intergrate.hpp:157] T-Intergrate-intergrate Show face :1, size :640 * 360
I1014 12:21:03.035979  5956 demo_inner.hpp:435] thread [SORT-0]  frame id 77 sorting queue size 1   FPS: 29.9252
I1014 12:21:03.053053  5958 work_thread.hpp:81]  [T-Work-Recog_0] Run work: WorkCompare
I1014 12:21:03.053586  5958 work_compare.cpp:76] Compare face: 1 successed, similarity :0.983862, name : images/ThangLMb.jpg, normal size : 1548 * 1719!
I1014 12:21:03.061954  5954 demo_inner.hpp:177] decode queue size 0
I1014 12:21:03.062069  5957 work_thread.hpp:81]  [T-Work-Detect_0] Run work: WorkDetect
I1014 12:21:03.062108  5957 work_detect.cpp:102] Succeeded to add det start for frame 78
I1014 12:21:03.067989  5955 demo_inner.hpp:260]  gui queue size 1, state = running
I1014 12:21:03.068759  5957 work_detect.cpp:70] Frame :78 detect result :1 face(s)
I1014 12:21:03.068799  5957 work_detect.cpp:86] Detected bbox: [142 x 183 from (217, 175)]
I1014 12:21:03.068845  5957 work_detect.cpp:120] Succeeded to add det end for frame 78
I1014 12:21:03.068861  5957 work_thread.hpp:81]  [T-Work-Detect_0] Run work: WrokTrack
I1014 12:21:03.068886  5957 work_track.cpp:82] Frame: 78 build input_characts: [0.221875 x 0.508333 from (0.339063, 0.486111)], 0.998681, 0
I1014 12:21:03.068941  5957 work_track.cpp:102] Succeeded to set track lock for frame 78
I1014 12:21:03.068984  5957 work_track.cpp:116] Succeeded to release track lock for frame 78
I1014 12:21:03.069082  5957 work_track.cpp:120] Track results of frame 78: 1 objects input, 1 objects tracked!
I1014 12:21:03.069103  5957 work_track.cpp:148] Frame: 78, track bbox: [142 x 183 from (217.098, 173.661)], gid: 1, lid: 0
I1014 12:21:03.069142  5957 work_thread.hpp:88]  [T-Work-Detect_0] Frame :78 split
I1014 12:21:03.069160  5957 work_thread.hpp:120]  [T-Work-Detect_0] Valid piece: gid = 1
I1014 12:21:03.069180  5957 work_thread.hpp:92]  [T-Work-Detect_0] Push to split queue:recog
I1014 12:21:03.069262  5960 thread_intergrate.hpp:78] [T-Intergrate-intergrate] queue: frame output frame :78
I1014 12:21:03.069279  5958 work_thread.hpp:81]  [T-Work-Recog_0] Run work: WorkCapture
I1014 12:21:03.069289  5960 thread_intergrate.hpp:85] [T-Intergrate-intergrate] queue: compare output face:1
I1014 12:21:03.069308  5960 thread_intergrate.hpp:137] T-Intergrate-intergrate set matched face: 1
I1014 12:21:03.070039  5958 work_thread.hpp:81]  [T-Work-Recog_0] Run work: WorkRecog
I1014 12:21:03.070073  5958 work_recog.hpp:89] Face id: 1 will run recog: bbox [142 x 183 from (217, 175)] quality: 0.395756
I1014 12:21:03.070219  5958 work_recog.hpp:96] Recog pair: [208 x 224 from (184, 136)], [142 x 183 from (33, 39)]
I1014 12:21:03.070880  5960 thread_intergrate.hpp:157] T-Intergrate-intergrate Show face :1, size :640 * 360
I1014 12:21:03.071405  5956 demo_inner.hpp:435] thread [SORT-0]  frame id 78 sorting queue size 0   FPS: 29.9401
I1014 12:21:03.088637  5958 work_thread.hpp:81]  [T-Work-Recog_0] Run work: WorkCompare
I1014 12:21:03.089234  5958 work_compare.cpp:76] Compare face: 1 successed, similarity :0.986833, name : images/ThangLMb.jpg, normal size : 1548 * 1719!
I1014 12:21:03.092262  5954 demo_inner.hpp:177] decode queue size 0
I1014 12:21:03.092341  5957 work_thread.hpp:81]  [T-Work-Detect_0] Run work: WorkDetect
I1014 12:21:03.092376  5957 work_detect.cpp:102] Succeeded to add det start for frame 79
I1014 12:21:03.098997  5957 work_detect.cpp:70] Frame :79 detect result :1 face(s)
W1014 12:21:03.099042  5957 work_detect.cpp:83] Invalid bbox: [142 x 188 from (217, 173)]
I1014 12:21:03.099118  5957 work_detect.cpp:120] Succeeded to add det end for frame 79
I1014 12:21:03.099135  5957 work_thread.hpp:81]  [T-Work-Detect_0] Run work: WrokTrack
I1014 12:21:03.099164  5957 work_track.cpp:102] Succeeded to set track lock for frame 79
I1014 12:21:03.099195  5957 work_track.cpp:116] Succeeded to release track lock for frame 79
I1014 12:21:03.099210  5957 work_track.cpp:120] Track results of frame 79: 0 objects input, 1 objects tracked!
I1014 12:21:03.099228  5957 work_track.cpp:148] Frame: 79, track bbox: [142 x 183 from (216.87, 173.261)], gid: 1, lid: -1
I1014 12:21:03.099280  5957 work_thread.hpp:88]  [T-Work-Detect_0] Frame :79 split
I1014 12:21:03.099336  5960 thread_intergrate.hpp:78] [T-Intergrate-intergrate] queue: frame output frame :79
I1014 12:21:03.099362  5960 thread_intergrate.hpp:85] [T-Intergrate-intergrate] queue: compare output face:1
I1014 12:21:03.099381  5960 thread_intergrate.hpp:137] T-Intergrate-intergrate set matched face: 1
I1014 12:21:03.100783  5960 thread_intergrate.hpp:157] T-Intergrate-intergrate Show face :1, size :640 * 360
I1014 12:21:03.101320  5956 demo_inner.hpp:435] thread [SORT-0]  frame id 79 sorting queue size 1   FPS: 29.9401
I1014 12:21:03.127979  5954 demo_inner.hpp:177] decode queue size 0
I1014 12:21:03.128105  5957 work_thread.hpp:81]  [T-Work-Detect_0] Run work: WorkDetect
I1014 12:21:03.128142  5957 work_detect.cpp:102] Succeeded to add det start for frame 80
I1014 12:21:03.135879  5957 work_detect.cpp:70] Frame :80 detect result :1 face(s)
I1014 12:21:03.135955  5957 work_detect.cpp:86] Detected bbox: [144 x 180 from (216, 177)]
I1014 12:21:03.136003  5957 work_detect.cpp:120] Succeeded to add det end for frame 80
I1014 12:21:03.136019  5957 work_thread.hpp:81]  [T-Work-Detect_0] Run work: WrokTrack
I1014 12:21:03.136045  5957 work_track.cpp:82] Frame: 80 build input_characts: [0.225 x 0.5 from (0.3375, 0.491667)], 1.00035, 0
I1014 12:21:03.136108  5957 work_track.cpp:102] Succeeded to set track lock for frame 80
I1014 12:21:03.136353  5957 work_track.cpp:116] Succeeded to release track lock for frame 80
I1014 12:21:03.136369  5957 work_track.cpp:120] Track results of frame 80: 1 objects input, 1 objects tracked!
I1014 12:21:03.136389  5957 work_track.cpp:148] Frame: 80, track bbox: [144 x 180 from (215.779, 175.991)], gid: 1, lid: 0
I1014 12:21:03.136446  5957 work_thread.hpp:88]  [T-Work-Detect_0] Frame :80 split
I1014 12:21:03.136466  5957 work_thread.hpp:120]  [T-Work-Detect_0] Valid piece: gid = 1
I1014 12:21:03.136485  5957 work_thread.hpp:92]  [T-Work-Detect_0] Push to split queue:recog
I1014 12:21:03.136533  5958 work_thread.hpp:81]  [T-Work-Recog_0] Run work: WorkCapture
I1014 12:21:03.137172  5960 thread_intergrate.hpp:78] [T-Intergrate-intergrate] queue: frame output frame :80
I1014 12:21:03.137426  5958 work_thread.hpp:81]  [T-Work-Recog_0] Run work: WorkRecog
I1014 12:21:03.137452  5958 work_recog.hpp:89] Face id: 1 will run recog: bbox [144 x 180 from (216, 177)] quality: 0.385181
I1014 12:21:03.137480  5958 work_recog.hpp:96] Recog pair: [208 x 224 from (184, 136)], [144 x 180 from (32, 41)]
I1014 12:21:03.138303  5960 thread_intergrate.hpp:157] T-Intergrate-intergrate Show face :1, size :640 * 360
I1014 12:21:03.138856  5956 demo_inner.hpp:435] thread [SORT-0]  frame id 80 sorting queue size 2   FPS: 29.9103
I1014 12:21:03.140383  5955 demo_inner.hpp:260]  gui queue size 2, state = running
I1014 12:21:03.155581  5958 work_thread.hpp:81]  [T-Work-Recog_0] Run work: WorkCompare
I1014 12:21:03.156141  5958 work_compare.cpp:76] Compare face: 1 successed, similarity :0.99314, name : images/ThangLMb.jpg, normal size : 1548 * 1719!
I1014 12:21:03.158344  5954 demo_inner.hpp:177] decode queue size 0
I1014 12:21:03.158423  5957 work_thread.hpp:81]  [T-Work-Detect_0] Run work: WorkDetect
I1014 12:21:03.158484  5957 work_detect.cpp:102] Succeeded to add det start for frame 81
I1014 12:21:03.165884  5957 work_detect.cpp:70] Frame :81 detect result :1 face(s)
I1014 12:21:03.165931  5957 work_detect.cpp:86] Detected bbox: [141 x 178 from (216, 178)]
I1014 12:21:03.165983  5957 work_detect.cpp:120] Succeeded to add det end for frame 81
I1014 12:21:03.166000  5957 work_thread.hpp:81]  [T-Work-Detect_0] Run work: WrokTrack
I1014 12:21:03.166026  5957 work_track.cpp:82] Frame: 81 build input_characts: [0.220313 x 0.494444 from (0.3375, 0.494444)], 0.999622, 0
I1014 12:21:03.166107  5957 work_track.cpp:102] Succeeded to set track lock for frame 81
I1014 12:21:03.166198  5957 work_track.cpp:116] Succeeded to release track lock for frame 81
I1014 12:21:03.166220  5957 work_track.cpp:120] Track results of frame 81: 1 objects input, 1 objects tracked!
I1014 12:21:03.166239  5957 work_track.cpp:148] Frame: 81, track bbox: [141 x 178 from (216.621, 178.008)], gid: 1, lid: 0
I1014 12:21:03.166347  5957 work_thread.hpp:88]  [T-Work-Detect_0] Frame :81 split
I1014 12:21:03.166365  5957 work_thread.hpp:120]  [T-Work-Detect_0] Valid piece: gid = 1
I1014 12:21:03.166384  5957 work_thread.hpp:92]  [T-Work-Detect_0] Push to split queue:recog
I1014 12:21:03.166433  5959 work_thread.hpp:81]  [T-Work-Recog_1] Run work: WorkCapture
I1014 12:21:03.167047  5960 thread_intergrate.hpp:78] [T-Intergrate-intergrate] queue: frame output frame :81
I1014 12:21:03.167076  5960 thread_intergrate.hpp:85] [T-Intergrate-intergrate] queue: compare output face:1
I1014 12:21:03.167096  5960 thread_intergrate.hpp:137] T-Intergrate-intergrate set matched face: 1
I1014 12:21:03.167390  5959 work_thread.hpp:81]  [T-Work-Recog_1] Run work: WorkRecog
I1014 12:21:03.167418  5959 work_recog.hpp:89] Face id: 1 will run recog: bbox [141 x 178 from (216, 178)] quality: 0.373419
I1014 12:21:03.167455  5959 work_recog.hpp:96] Recog pair: [208 x 224 from (184, 136)], [141 x 178 from (32, 42)]
I1014 12:21:03.168557  5960 thread_intergrate.hpp:157] T-Intergrate-intergrate Show face :1, size :640 * 360
I1014 12:21:03.169167  5956 demo_inner.hpp:435] thread [SORT-0]  frame id 81 sorting queue size 0   FPS: 29.9103
I1014 12:21:03.185525  5959 work_thread.hpp:81]  [T-Work-Recog_1] Run work: WorkCompare
I1014 12:21:03.186100  5959 work_compare.cpp:76] Compare face: 1 successed, similarity :0.987236, name : images/ThangLMb.jpg, normal size : 1548 * 1719!
I1014 12:21:03.194192  5954 demo_inner.hpp:177] decode queue size 0
I1014 12:21:03.194312  5957 work_thread.hpp:81]  [T-Work-Detect_0] Run work: WorkDetect
I1014 12:21:03.194348  5957 work_detect.cpp:102] Succeeded to add det start for frame 82
I1014 12:21:03.202015  5957 work_detect.cpp:70] Frame :82 detect result :1 face(s)
I1014 12:21:03.202066  5957 work_detect.cpp:86] Detected bbox: [141 x 180 from (215, 178)]
I1014 12:21:03.202180  5957 work_detect.cpp:120] Succeeded to add det end for frame 82
I1014 12:21:03.202198  5957 work_thread.hpp:81]  [T-Work-Detect_0] Run work: WrokTrack
I1014 12:21:03.202224  5957 work_track.cpp:82] Frame: 82 build input_characts: [0.220313 x 0.5 from (0.335938, 0.494444)], 1.00035, 0
I1014 12:21:03.202338  5957 work_track.cpp:102] Succeeded to set track lock for frame 82
I1014 12:21:03.202402  5957 work_track.cpp:116] Succeeded to release track lock for frame 82
I1014 12:21:03.202419  5957 work_track.cpp:120] Track results of frame 82: 1 objects input, 1 objects tracked!
I1014 12:21:03.202437  5957 work_track.cpp:148] Frame: 82, track bbox: [141 x 180 from (215.615, 177.893)], gid: 1, lid: 0
I1014 12:21:03.202473  5957 work_thread.hpp:88]  [T-Work-Detect_0] Frame :82 split
I1014 12:21:03.202492  5957 work_thread.hpp:120]  [T-Work-Detect_0] Valid piece: gid = 1
I1014 12:21:03.202518  5957 work_thread.hpp:92]  [T-Work-Detect_0] Push to split queue:recog
I1014 12:21:03.202566  5959 work_thread.hpp:81]  [T-Work-Recog_1] Run work: WorkCapture
I1014 12:21:03.203191  5960 thread_intergrate.hpp:78] [T-Intergrate-intergrate] queue: frame output frame :82
I1014 12:21:03.203219  5960 thread_intergrate.hpp:85] [T-Intergrate-intergrate] queue: compare output face:1
I1014 12:21:03.203239  5960 thread_intergrate.hpp:137] T-Intergrate-intergrate set matched face: 1
I1014 12:21:03.203446  5959 work_thread.hpp:81]  [T-Work-Recog_1] Run work: WorkRecog
