I1014 14:53:31.358260  8292 demo_inner.hpp:177] decode queue size 0
I1014 14:53:31.358359  8295 work_thread.hpp:81]  [T-Work-Detect_0] Run work: WorkDetect
I1014 14:53:31.358397  8295 work_detect.cpp:102] Succeeded to add det start for frame 38
I1014 14:53:31.364816  8295 work_detect.cpp:70] Frame :38 detect result :0 face(s)
I1014 14:53:31.364868  8295 work_detect.cpp:120] Succeeded to add det end for frame 38
I1014 14:53:31.364884  8295 work_thread.hpp:81]  [T-Work-Detect_0] Run work: WrokTrack
I1014 14:53:31.364912  8295 work_track.cpp:102] Succeeded to set track lock for frame 38
I1014 14:53:31.364938  8295 work_track.cpp:116] Succeeded to release track lock for frame 38
I1014 14:53:31.364953  8295 work_track.cpp:120] Track results of frame 38: 0 objects input, 0 objects tracked!
I1014 14:53:31.364970  8295 work_thread.hpp:87]  [T-Work-Detect_0] Frame :38 split
I1014 14:53:31.365031  8298 thread_intergrate.hpp:78] [T-Intergrate-intergrate] queue: frame output frame :38
I1014 14:53:31.366475  8294 demo_inner.hpp:435] thread [SORT-0]  frame id 38 sorting queue size 0   FPS: 17.3913
I1014 14:53:31.366545  8293 demo_inner.hpp:260]  gui queue size 0, state = running
I1014 14:53:31.418227  8292 demo_inner.hpp:177] decode queue size 0
I1014 14:53:31.418328  8295 work_thread.hpp:81]  [T-Work-Detect_0] Run work: WorkDetect
I1014 14:53:31.418365  8295 work_detect.cpp:102] Succeeded to add det start for frame 39
I1014 14:53:31.424950  8295 work_detect.cpp:70] Frame :39 detect result :0 face(s)
I1014 14:53:31.425010  8295 work_detect.cpp:120] Succeeded to add det end for frame 39
I1014 14:53:31.425027  8295 work_thread.hpp:81]  [T-Work-Detect_0] Run work: WrokTrack
I1014 14:53:31.425055  8295 work_track.cpp:102] Succeeded to set track lock for frame 39
I1014 14:53:31.425079  8295 work_track.cpp:116] Succeeded to release track lock for frame 39
I1014 14:53:31.425093  8295 work_track.cpp:120] Track results of frame 39: 0 objects input, 0 objects tracked!
I1014 14:53:31.425112  8295 work_thread.hpp:87]  [T-Work-Detect_0] Frame :39 split
I1014 14:53:31.425168  8298 thread_intergrate.hpp:78] [T-Intergrate-intergrate] queue: frame output frame :39
I1014 14:53:31.426645  8294 demo_inner.hpp:435] thread [SORT-0]  frame id 39 sorting queue size 0   FPS: 17.3327
I1014 14:53:31.426717  8293 demo_inner.hpp:260]  gui queue size 0, state = running
I1014 14:53:31.478229  8292 demo_inner.hpp:177] decode queue size 0
I1014 14:53:31.478332  8295 work_thread.hpp:81]  [T-Work-Detect_0] Run work: WorkDetect
I1014 14:53:31.478370  8295 work_detect.cpp:102] Succeeded to add det start for frame 40
I1014 14:53:31.484738  8295 work_detect.cpp:70] Frame :40 detect result :0 face(s)
I1014 14:53:31.484793  8295 work_detect.cpp:120] Succeeded to add det end for frame 40
I1014 14:53:31.484810  8295 work_thread.hpp:81]  [T-Work-Detect_0] Run work: WrokTrack
I1014 14:53:31.484836  8295 work_track.cpp:102] Succeeded to set track lock for frame 40
I1014 14:53:31.484863  8295 work_track.cpp:116] Succeeded to release track lock for frame 40
I1014 14:53:31.484877  8295 work_track.cpp:120] Track results of frame 40: 0 objects input, 0 objects tracked!
I1014 14:53:31.484895  8295 work_thread.hpp:87]  [T-Work-Detect_0] Frame :40 split
I1014 14:53:31.484946  8298 thread_intergrate.hpp:78] [T-Intergrate-intergrate] queue: frame output frame :40
I1014 14:53:31.486408  8294 demo_inner.hpp:435] thread [SORT-0]  frame id 40 sorting queue size 0   FPS: 17.2414
I1014 14:53:31.486481  8293 demo_inner.hpp:260]  gui queue size 0, state = running
I1014 14:53:31.538242  8292 demo_inner.hpp:177] decode queue size 0
I1014 14:53:31.538344  8295 work_thread.hpp:81]  [T-Work-Detect_0] Run work: WorkDetect
I1014 14:53:31.538383  8295 work_detect.cpp:102] Succeeded to add det start for frame 41
I1014 14:53:31.544777  8295 work_detect.cpp:70] Frame :41 detect result :0 face(s)
I1014 14:53:31.544832  8295 work_detect.cpp:120] Succeeded to add det end for frame 41
I1014 14:53:31.544848  8295 work_thread.hpp:81]  [T-Work-Detect_0] Run work: WrokTrack
I1014 14:53:31.544875  8295 work_track.cpp:102] Succeeded to set track lock for frame 41
I1014 14:53:31.544903  8295 work_track.cpp:116] Succeeded to release track lock for frame 41
I1014 14:53:31.544916  8295 work_track.cpp:120] Track results of frame 41: 0 objects input, 0 objects tracked!
I1014 14:53:31.544934  8295 work_thread.hpp:87]  [T-Work-Detect_0] Frame :41 split
I1014 14:53:31.544983  8298 thread_intergrate.hpp:78] [T-Intergrate-intergrate] queue: frame output frame :41
I1014 14:53:31.546418  8294 demo_inner.hpp:435] thread [SORT-0]  frame id 41 sorting queue size 0   FPS: 17.1429
I1014 14:53:31.546490  8293 demo_inner.hpp:260]  gui queue size 0, state = running
I1014 14:53:31.598237  8292 demo_inner.hpp:177] decode queue size 0
I1014 14:53:31.598336  8295 work_thread.hpp:81]  [T-Work-Detect_0] Run work: WorkDetect
I1014 14:53:31.598373  8295 work_detect.cpp:102] Succeeded to add det start for frame 42
I1014 14:53:31.604816  8295 work_detect.cpp:70] Frame :42 detect result :0 face(s)
I1014 14:53:31.604871  8295 work_detect.cpp:120] Succeeded to add det end for frame 42
I1014 14:53:31.604887  8295 work_thread.hpp:81]  [T-Work-Detect_0] Run work: WrokTrack
I1014 14:53:31.604913  8295 work_track.cpp:102] Succeeded to set track lock for frame 42
I1014 14:53:31.604939  8295 work_track.cpp:116] Succeeded to release track lock for frame 42
I1014 14:53:31.604952  8295 work_track.cpp:120] Track results of frame 42: 0 objects input, 0 objects tracked!
I1014 14:53:31.604971  8295 work_thread.hpp:87]  [T-Work-Detect_0] Frame :42 split
I1014 14:53:31.605018  8298 thread_intergrate.hpp:78] [T-Intergrate-intergrate] queue: frame output frame :42
I1014 14:53:31.606421  8294 demo_inner.hpp:435] thread [SORT-0]  frame id 42 sorting queue size 0   FPS: 17.094
I1014 14:53:31.606492  8293 demo_inner.hpp:260]  gui queue size 0, state = running
I1014 14:53:31.658257  8292 demo_inner.hpp:177] decode queue size 0
I1014 14:53:31.658357  8295 work_thread.hpp:81]  [T-Work-Detect_0] Run work: WorkDetect
I1014 14:53:31.658396  8295 work_detect.cpp:102] Succeeded to add det start for frame 43
I1014 14:53:31.664809  8295 work_detect.cpp:70] Frame :43 detect result :0 face(s)
I1014 14:53:31.664857  8295 work_detect.cpp:120] Succeeded to add det end for frame 43
I1014 14:53:31.664873  8295 work_thread.hpp:81]  [T-Work-Detect_0] Run work: WrokTrack
I1014 14:53:31.664901  8295 work_track.cpp:102] Succeeded to set track lock for frame 43
I1014 14:53:31.664927  8295 work_track.cpp:116] Succeeded to release track lock for frame 43
I1014 14:53:31.664940  8295 work_track.cpp:120] Track results of frame 43: 0 objects input, 0 objects tracked!
I1014 14:53:31.664958  8295 work_thread.hpp:87]  [T-Work-Detect_0] Frame :43 split
I1014 14:53:31.665014  8298 thread_intergrate.hpp:78] [T-Intergrate-intergrate] queue: frame output frame :43
I1014 14:53:31.666523  8294 demo_inner.hpp:435] thread [SORT-0]  frame id 43 sorting queue size 0   FPS: 16.9972
I1014 14:53:31.666594  8293 demo_inner.hpp:260]  gui queue size 0, state = running
I1014 14:53:31.718209  8292 demo_inner.hpp:177] decode queue size 0
I1014 14:53:31.718308  8295 work_thread.hpp:81]  [T-Work-Detect_0] Run work: WorkDetect
I1014 14:53:31.718346  8295 work_detect.cpp:102] Succeeded to add det start for frame 44
I1014 14:53:31.724706  8295 work_detect.cpp:70] Frame :44 detect result :0 face(s)
I1014 14:53:31.724762  8295 work_detect.cpp:120] Succeeded to add det end for frame 44
I1014 14:53:31.724778  8295 work_thread.hpp:81]  [T-Work-Detect_0] Run work: WrokTrack
I1014 14:53:31.724879  8295 work_track.cpp:102] Succeeded to set track lock for frame 44
I1014 14:53:31.724907  8295 work_track.cpp:116] Succeeded to release track lock for frame 44
I1014 14:53:31.724921  8295 work_track.cpp:120] Track results of frame 44: 0 objects input, 0 objects tracked!
I1014 14:53:31.724939  8295 work_thread.hpp:87]  [T-Work-Detect_0] Frame :44 split
I1014 14:53:31.724988  8298 thread_intergrate.hpp:78] [T-Intergrate-intergrate] queue: frame output frame :44
I1014 14:53:31.726480  8294 demo_inner.hpp:435] thread [SORT-0]  frame id 44 sorting queue size 0   FPS: 16.9014
I1014 14:53:31.726552  8293 demo_inner.hpp:260]  gui queue size 0, state = running
I1014 14:53:31.778210  8292 demo_inner.hpp:177] decode queue size 0
I1014 14:53:31.778306  8295 work_thread.hpp:81]  [T-Work-Detect_0] Run work: WorkDetect
I1014 14:53:31.778343  8295 work_detect.cpp:102] Succeeded to add det start for frame 45
I1014 14:53:31.784768  8295 work_detect.cpp:70] Frame :45 detect result :0 face(s)
I1014 14:53:31.784817  8295 work_detect.cpp:120] Succeeded to add det end for frame 45
I1014 14:53:31.784834  8295 work_thread.hpp:81]  [T-Work-Detect_0] Run work: WrokTrack
I1014 14:53:31.784860  8295 work_track.cpp:102] Succeeded to set track lock for frame 45
I1014 14:53:31.784888  8295 work_track.cpp:116] Succeeded to release track lock for frame 45
I1014 14:53:31.784901  8295 work_track.cpp:120] Track results of frame 45: 0 objects input, 0 objects tracked!
I1014 14:53:31.784919  8295 work_thread.hpp:87]  [T-Work-Detect_0] Frame :45 split
I1014 14:53:31.784981  8298 thread_intergrate.hpp:78] [T-Intergrate-intergrate] queue: frame output frame :45
I1014 14:53:31.786525  8294 demo_inner.hpp:435] thread [SORT-0]  frame id 45 sorting queue size 0   FPS: 16.8539
I1014 14:53:31.786595  8293 demo_inner.hpp:260]  gui queue size 0, state = running
I1014 14:53:31.838250  8292 demo_inner.hpp:177] decode queue size 0
I1014 14:53:31.838349  8295 work_thread.hpp:81]  [T-Work-Detect_0] Run work: WorkDetect
I1014 14:53:31.838387  8295 work_detect.cpp:102] Succeeded to add det start for frame 46
I1014 14:53:31.844851  8295 work_detect.cpp:70] Frame :46 detect result :0 face(s)
I1014 14:53:31.844907  8295 work_detect.cpp:120] Succeeded to add det end for frame 46
I1014 14:53:31.844923  8295 work_thread.hpp:81]  [T-Work-Detect_0] Run work: WrokTrack
I1014 14:53:31.844950  8295 work_track.cpp:102] Succeeded to set track lock for frame 46
I1014 14:53:31.844976  8295 work_track.cpp:116] Succeeded to release track lock for frame 46
I1014 14:53:31.844990  8295 work_track.cpp:120] Track results of frame 46: 0 objects input, 0 objects tracked!
I1014 14:53:31.845008  8295 work_thread.hpp:87]  [T-Work-Detect_0] Frame :46 split
I1014 14:53:31.845055  8298 thread_intergrate.hpp:78] [T-Intergrate-intergrate] queue: frame output frame :46
I1014 14:53:31.846465  8294 demo_inner.hpp:435] thread [SORT-0]  frame id 46 sorting queue size 0   FPS: 16.7598
I1014 14:53:31.846535  8293 demo_inner.hpp:260]  gui queue size 0, state = running
I1014 14:53:31.898296  8292 demo_inner.hpp:177] decode queue size 0
I1014 14:53:31.898398  8295 work_thread.hpp:81]  [T-Work-Detect_0] Run work: WorkDetect
I1014 14:53:31.898437  8295 work_detect.cpp:102] Succeeded to add det start for frame 47
I1014 14:53:31.904891  8295 work_detect.cpp:70] Frame :47 detect result :0 face(s)
I1014 14:53:31.904944  8295 work_detect.cpp:120] Succeeded to add det end for frame 47
I1014 14:53:31.904960  8295 work_thread.hpp:81]  [T-Work-Detect_0] Run work: WrokTrack
I1014 14:53:31.904986  8295 work_track.cpp:102] Succeeded to set track lock for frame 47
I1014 14:53:31.905014  8295 work_track.cpp:116] Succeeded to release track lock for frame 47
I1014 14:53:31.905026  8295 work_track.cpp:120] Track results of frame 47: 0 objects input, 0 objects tracked!
I1014 14:53:31.905045  8295 work_thread.hpp:87]  [T-Work-Detect_0] Frame :47 split
I1014 14:53:31.905092  8298 thread_intergrate.hpp:78] [T-Intergrate-intergrate] queue: frame output frame :47
I1014 14:53:31.906664  8294 demo_inner.hpp:435] thread [SORT-0]  frame id 47 sorting queue size 0   FPS: 16.6667
I1014 14:53:31.906806  8293 demo_inner.hpp:260]  gui queue size 0, state = running
I1014 14:53:31.958220  8292 demo_inner.hpp:177] decode queue size 0
I1014 14:53:31.958323  8295 work_thread.hpp:81]  [T-Work-Detect_0] Run work: WorkDetect
I1014 14:53:31.958359  8295 work_detect.cpp:102] Succeeded to add det start for frame 48
I1014 14:53:31.964751  8295 work_detect.cpp:70] Frame :48 detect result :0 face(s)
I1014 14:53:31.964807  8295 work_detect.cpp:120] Succeeded to add det end for frame 48
I1014 14:53:31.964823  8295 work_thread.hpp:81]  [T-Work-Detect_0] Run work: WrokTrack
I1014 14:53:31.964848  8295 work_track.cpp:102] Succeeded to set track lock for frame 48
I1014 14:53:31.964875  8295 work_track.cpp:116] Succeeded to release track lock for frame 48
I1014 14:53:31.964890  8295 work_track.cpp:120] Track results of frame 48: 0 objects input, 0 objects tracked!
I1014 14:53:31.964907  8295 work_thread.hpp:87]  [T-Work-Detect_0] Frame :48 split
I1014 14:53:31.964972  8298 thread_intergrate.hpp:78] [T-Intergrate-intergrate] queue: frame output frame :48
I1014 14:53:31.966473  8294 demo_inner.hpp:435] thread [SORT-0]  frame id 48 sorting queue size 0   FPS: 16.6744
I1014 14:53:31.966547  8293 demo_inner.hpp:260]  gui queue size 0, state = running
I1014 14:53:32.018302  8292 demo_inner.hpp:177] decode queue size 0
I1014 14:53:32.018400  8295 work_thread.hpp:81]  [T-Work-Detect_0] Run work: WorkDetect
I1014 14:53:32.018437  8295 work_detect.cpp:102] Succeeded to add det start for frame 49
I1014 14:53:32.024832  8295 work_detect.cpp:70] Frame :49 detect result :0 face(s)
I1014 14:53:32.024884  8295 work_detect.cpp:120] Succeeded to add det end for frame 49
I1014 14:53:32.024900  8295 work_thread.hpp:81]  [T-Work-Detect_0] Run work: WrokTrack
I1014 14:53:32.024926  8295 work_track.cpp:102] Succeeded to set track lock for frame 49
I1014 14:53:32.024953  8295 work_track.cpp:116] Succeeded to release track lock for frame 49
I1014 14:53:32.024967  8295 work_track.cpp:120] Track results of frame 49: 0 objects input, 0 objects tracked!
I1014 14:53:32.024986  8295 work_thread.hpp:87]  [T-Work-Detect_0] Frame :49 split
I1014 14:53:32.025030  8298 thread_intergrate.hpp:78] [T-Intergrate-intergrate] queue: frame output frame :49
I1014 14:53:32.026625  8294 demo_inner.hpp:435] thread [SORT-0]  frame id 49 sorting queue size 0   FPS: 16.6667
I1014 14:53:32.026696  8293 demo_inner.hpp:260]  gui queue size 0, state = running
I1014 14:53:32.078238  8292 demo_inner.hpp:177] decode queue size 0
I1014 14:53:32.078337  8295 work_thread.hpp:81]  [T-Work-Detect_0] Run work: WorkDetect
I1014 14:53:32.078375  8295 work_detect.cpp:102] Succeeded to add det start for frame 50
I1014 14:53:32.084791  8295 work_detect.cpp:70] Frame :50 detect result :0 face(s)
I1014 14:53:32.084843  8295 work_detect.cpp:120] Succeeded to add det end for frame 50
I1014 14:53:32.084859  8295 work_thread.hpp:81]  [T-Work-Detect_0] Run work: WrokTrack
I1014 14:53:32.084887  8295 work_track.cpp:102] Succeeded to set track lock for frame 50
I1014 14:53:32.084913  8295 work_track.cpp:116] Succeeded to release track lock for frame 50
I1014 14:53:32.084926  8295 work_track.cpp:120] Track results of frame 50: 0 objects input, 0 objects tracked!
I1014 14:53:32.084945  8295 work_thread.hpp:87]  [T-Work-Detect_0] Frame :50 split
I1014 14:53:32.084990  8298 thread_intergrate.hpp:78] [T-Intergrate-intergrate] queue: frame output frame :50
I1014 14:53:32.086530  8294 demo_inner.hpp:435] thread [SORT-0]  frame id 50 sorting queue size 0   FPS: 16.6744
I1014 14:53:32.086601  8293 demo_inner.hpp:260]  gui queue size 0, state = running
I1014 14:53:32.138255  8292 demo_inner.hpp:177] decode queue size 0
I1014 14:53:32.138353  8295 work_thread.hpp:81]  [T-Work-Detect_0] Run work: WorkDetect
I1014 14:53:32.138389  8295 work_detect.cpp:102] Succeeded to add det start for frame 51
I1014 14:53:32.144846  8295 work_detect.cpp:70] Frame :51 detect result :0 face(s)
I1014 14:53:32.144899  8295 work_detect.cpp:120] Succeeded to add det end for frame 51
I1014 14:53:32.144989  8295 work_thread.hpp:81]  [T-Work-Detect_0] Run work: WrokTrack
I1014 14:53:32.145017  8295 work_track.cpp:102] Succeeded to set track lock for frame 51
I1014 14:53:32.145045  8295 work_track.cpp:116] Succeeded to release track lock for frame 51
I1014 14:53:32.145059  8295 work_track.cpp:120] Track results of frame 51: 0 objects input, 0 objects tracked!
I1014 14:53:32.145076  8295 work_thread.hpp:87]  [T-Work-Detect_0] Frame :51 split
I1014 14:53:32.145123  8298 thread_intergrate.hpp:78] [T-Intergrate-intergrate] queue: frame output frame :51
I1014 14:53:32.146701  8294 demo_inner.hpp:435] thread [SORT-0]  frame id 51 sorting queue size 0   FPS: 16.6667
I1014 14:53:32.146770  8293 demo_inner.hpp:260]  gui queue size 0, state = running
I1014 14:53:32.198199  8292 demo_inner.hpp:177] decode queue size 0
I1014 14:53:32.198302  8295 work_thread.hpp:81]  [T-Work-Detect_0] Run work: WorkDetect
I1014 14:53:32.198339  8295 work_detect.cpp:102] Succeeded to add det start for frame 52
I1014 14:53:32.204699  8295 work_detect.cpp:70] Frame :52 detect result :0 face(s)
I1014 14:53:32.205020  8295 work_detect.cpp:120] Succeeded to add det end for frame 52
I1014 14:53:32.205040  8295 work_thread.hpp:81]  [T-Work-Detect_0] Run work: WrokTrack
I1014 14:53:32.205067  8295 work_track.cpp:102] Succeeded to set track lock for frame 52
I1014 14:53:32.205093  8295 work_track.cpp:116] Succeeded to release track lock for frame 52
I1014 14:53:32.205106  8295 work_track.cpp:120] Track results of frame 52: 0 objects input, 0 objects tracked!
I1014 14:53:32.205124  8295 work_thread.hpp:87]  [T-Work-Detect_0] Frame :52 split
I1014 14:53:32.205181  8298 thread_intergrate.hpp:78] [T-Intergrate-intergrate] queue: frame output frame :52
I1014 14:53:32.206753  8294 demo_inner.hpp:435] thread [SORT-0]  frame id 52 sorting queue size 0   FPS: 16.6667
I1014 14:53:32.210258  8293 demo_inner.hpp:260]  gui queue size 0, state = running
I1014 14:53:32.258291  8292 demo_inner.hpp:177] decode queue size 0
I1014 14:53:32.258390  8295 work_thread.hpp:81]  [T-Work-Detect_0] Run work: WorkDetect
I1014 14:53:32.258430  8295 work_detect.cpp:102] Succeeded to add det start for frame 53
I1014 14:53:32.264842  8295 work_detect.cpp:70] Frame :53 detect result :0 face(s)
I1014 14:53:32.264904  8295 work_detect.cpp:120] Succeeded to add det end for frame 53
I1014 14:53:32.264919  8295 work_thread.hpp:81]  [T-Work-Detect_0] Run work: WrokTrack
I1014 14:53:32.264946  8295 work_track.cpp:102] Succeeded to set track lock for frame 53
I1014 14:53:32.264972  8295 work_track.cpp:116] Succeeded to release track lock for frame 53
I1014 14:53:32.264986  8295 work_track.cpp:120] Track results of frame 53: 0 objects input, 0 objects tracked!
I1014 14:53:32.265004  8295 work_thread.hpp:87]  [T-Work-Detect_0] Frame :53 split
I1014 14:53:32.265066  8298 thread_intergrate.hpp:78] [T-Intergrate-intergrate] queue: frame output frame :53
I1014 14:53:32.266638  8294 demo_inner.hpp:435] thread [SORT-0]  frame id 53 sorting queue size 0   FPS: 16.6667
I1014 14:53:32.310684  8293 demo_inner.hpp:260]  gui queue size 0, state = running
I1014 14:53:32.318348  8292 demo_inner.hpp:177] decode queue size 0
I1014 14:53:32.318447  8295 work_thread.hpp:81]  [T-Work-Detect_0] Run work: WorkDetect
I1014 14:53:32.318485  8295 work_detect.cpp:102] Succeeded to add det start for frame 54
I1014 14:53:32.324934  8295 work_detect.cpp:70] Frame :54 detect result :0 face(s)
I1014 14:53:32.324983  8295 work_detect.cpp:120] Succeeded to add det end for frame 54
I1014 14:53:32.325000  8295 work_thread.hpp:81]  [T-Work-Detect_0] Run work: WrokTrack
I1014 14:53:32.325026  8295 work_track.cpp:102] Succeeded to set track lock for frame 54
I1014 14:53:32.325052  8295 work_track.cpp:116] Succeeded to release track lock for frame 54
I1014 14:53:32.325067  8295 work_track.cpp:120] Track results of frame 54: 0 objects input, 0 objects tracked!
I1014 14:53:32.325085  8295 work_thread.hpp:87]  [T-Work-Detect_0] Frame :54 split
I1014 14:53:32.325135  8298 thread_intergrate.hpp:78] [T-Intergrate-intergrate] queue: frame output frame :54
I1014 14:53:32.326793  8294 demo_inner.hpp:435] thread [SORT-0]  frame id 54 sorting queue size 0   FPS: 16.6667
I1014 14:53:32.355654  8293 demo_inner.hpp:260]  gui queue size 0, state = running
I1014 14:53:32.378280  8292 demo_inner.hpp:177] decode queue size 0
I1014 14:53:32.378386  8295 work_thread.hpp:81]  [T-Work-Detect_0] Run work: WorkDetect
I1014 14:53:32.378423  8295 work_detect.cpp:102] Succeeded to add det start for frame 55
I1014 14:53:32.384877  8295 work_detect.cpp:70] Frame :55 detect result :0 face(s)
I1014 14:53:32.384927  8295 work_detect.cpp:120] Succeeded to add det end for frame 55
I1014 14:53:32.384943  8295 work_thread.hpp:81]  [T-Work-Detect_0] Run work: WrokTrack
I1014 14:53:32.384971  8295 work_track.cpp:102] Succeeded to set track lock for frame 55
I1014 14:53:32.384997  8295 work_track.cpp:116] Succeeded to release track lock for frame 55
I1014 14:53:32.385011  8295 work_track.cpp:120] Track results of frame 55: 0 objects input, 0 objects tracked!
I1014 14:53:32.385030  8295 work_thread.hpp:87]  [T-Work-Detect_0] Frame :55 split
I1014 14:53:32.385109  8298 thread_intergrate.hpp:78] [T-Intergrate-intergrate] queue: frame output frame :55
I1014 14:53:32.386685  8294 demo_inner.hpp:435] thread [SORT-0]  frame id 55 sorting queue size 0   FPS: 16.6667
I1014 14:53:32.438227  8292 demo_inner.hpp:177] decode queue size 0
I1014 14:53:32.438331  8295 work_thread.hpp:81]  [T-Work-Detect_0] Run work: WorkDetect
I1014 14:53:32.438367  8295 work_detect.cpp:102] Succeeded to add det start for frame 56
I1014 14:53:32.444785  8295 work_detect.cpp:70] Frame :56 detect result :0 face(s)
I1014 14:53:32.444841  8295 work_detect.cpp:120] Succeeded to add det end for frame 56
I1014 14:53:32.444857  8295 work_thread.hpp:81]  [T-Work-Detect_0] Run work: WrokTrack
I1014 14:53:32.444885  8295 work_track.cpp:102] Succeeded to set track lock for frame 56
I1014 14:53:32.444911  8295 work_track.cpp:116] Succeeded to release track lock for frame 56
I1014 14:53:32.444924  8295 work_track.cpp:120] Track results of frame 56: 0 objects input, 0 objects tracked!
I1014 14:53:32.444942  8295 work_thread.hpp:87]  [T-Work-Detect_0] Frame :56 split
I1014 14:53:32.444998  8298 thread_intergrate.hpp:78] [T-Intergrate-intergrate] queue: frame output frame :56
I1014 14:53:32.446657  8294 demo_inner.hpp:435] thread [SORT-0]  frame id 56 sorting queue size 1   FPS: 16.6667
I1014 14:53:32.450389  8293 demo_inner.hpp:260]  gui queue size 1, state = running
I1014 14:53:32.498303  8292 demo_inner.hpp:177] decode queue size 0
I1014 14:53:32.498396  8295 work_thread.hpp:81]  [T-Work-Detect_0] Run work: WorkDetect
I1014 14:53:32.498430  8295 work_detect.cpp:102] Succeeded to add det start for frame 57
I1014 14:53:32.504846  8295 work_detect.cpp:70] Frame :57 detect result :0 face(s)
I1014 14:53:32.504900  8295 work_detect.cpp:120] Succeeded to add det end for frame 57
I1014 14:53:32.504917  8295 work_thread.hpp:81]  [T-Work-Detect_0] Run work: WrokTrack
I1014 14:53:32.504943  8295 work_track.cpp:102] Succeeded to set track lock for frame 57
I1014 14:53:32.504971  8295 work_track.cpp:116] Succeeded to release track lock for frame 57
I1014 14:53:32.504984  8295 work_track.cpp:120] Track results of frame 57: 0 objects input, 0 objects tracked!
I1014 14:53:32.505002  8295 work_thread.hpp:87]  [T-Work-Detect_0] Frame :57 split
I1014 14:53:32.505059  8298 thread_intergrate.hpp:78] [T-Intergrate-intergrate] queue: frame output frame :57
I1014 14:53:32.506637  8294 demo_inner.hpp:435] thread [SORT-0]  frame id 57 sorting queue size 0   FPS: 16.6667
I1014 14:53:32.522907  8293 demo_inner.hpp:260]  gui queue size 0, state = running
I1014 14:53:32.558321  8292 demo_inner.hpp:177] decode queue size 0
I1014 14:53:32.558418  8295 work_thread.hpp:81]  [T-Work-Detect_0] Run work: WorkDetect
I1014 14:53:32.558450  8295 work_detect.cpp:102] Succeeded to add det start for frame 58
I1014 14:53:32.564848  8295 work_detect.cpp:70] Frame :58 detect result :0 face(s)
I1014 14:53:32.564896  8295 work_detect.cpp:120] Succeeded to add det end for frame 58
I1014 14:53:32.564987  8295 work_thread.hpp:81]  [T-Work-Detect_0] Run work: WrokTrack
I1014 14:53:32.565017  8295 work_track.cpp:102] Succeeded to set track lock for frame 58
I1014 14:53:32.565044  8295 work_track.cpp:116] Succeeded to release track lock for frame 58
I1014 14:53:32.565057  8295 work_track.cpp:120] Track results of frame 58: 0 objects input, 0 objects tracked!
I1014 14:53:32.565076  8295 work_thread.hpp:87]  [T-Work-Detect_0] Frame :58 split
I1014 14:53:32.565129  8298 thread_intergrate.hpp:78] [T-Intergrate-intergrate] queue: frame output frame :58
I1014 14:53:32.566712  8294 demo_inner.hpp:435] thread [SORT-0]  frame id 58 sorting queue size 0   FPS: 16.6667
I1014 14:53:32.590095  8293 demo_inner.hpp:260]  gui queue size 0, state = running
I1014 14:53:32.618284  8292 demo_inner.hpp:177] decode queue size 0
I1014 14:53:32.618381  8295 work_thread.hpp:81]  [T-Work-Detect_0] Run work: WorkDetect
I1014 14:53:32.618412  8295 work_detect.cpp:102] Succeeded to add det start for frame 59
I1014 14:53:32.624887  8295 work_detect.cpp:70] Frame :59 detect result :0 face(s)
I1014 14:53:32.624945  8295 work_detect.cpp:120] Succeeded to add det end for frame 59
I1014 14:53:32.624963  8295 work_thread.hpp:81]  [T-Work-Detect_0] Run work: WrokTrack
I1014 14:53:32.624989  8295 work_track.cpp:102] Succeeded to set track lock for frame 59
I1014 14:53:32.625015  8295 work_track.cpp:116] Succeeded to release track lock for frame 59
I1014 14:53:32.625028  8295 work_track.cpp:120] Track results of frame 59: 0 objects input, 0 objects tracked!
I1014 14:53:32.625046  8295 work_thread.hpp:87]  [T-Work-Detect_0] Frame :59 split
I1014 14:53:32.625102  8298 thread_intergrate.hpp:78] [T-Intergrate-intergrate] queue: frame output frame :59
I1014 14:53:32.626689  8294 demo_inner.hpp:435] thread [SORT-0]  frame id 59 sorting queue size 0   FPS: 16.6667
I1014 14:53:32.678669  8292 demo_inner.hpp:177] decode queue size 0
I1014 14:53:32.678786  8295 work_thread.hpp:81]  [T-Work-Detect_0] Run work: WorkDetect
I1014 14:53:32.678822  8295 work_detect.cpp:102] Succeeded to add det start for frame 60
I1014 14:53:32.685197  8295 work_detect.cpp:70] Frame :60 detect result :0 face(s)
I1014 14:53:32.685257  8295 work_detect.cpp:120] Succeeded to add det end for frame 60
I1014 14:53:32.685274  8295 work_thread.hpp:81]  [T-Work-Detect_0] Run work: WrokTrack
I1014 14:53:32.685300  8295 work_track.cpp:102] Succeeded to set track lock for frame 60
I1014 14:53:32.685326  8295 work_track.cpp:116] Succeeded to release track lock for frame 60
I1014 14:53:32.685339  8295 work_track.cpp:120] Track results of frame 60: 0 objects input, 0 objects tracked!
I1014 14:53:32.685359  8295 work_thread.hpp:87]  [T-Work-Detect_0] Frame :60 split
I1014 14:53:32.685413  8298 thread_intergrate.hpp:78] [T-Intergrate-intergrate] queue: frame output frame :60
I1014 14:53:32.686985  8294 demo_inner.hpp:435] thread [SORT-0]  frame id 60 sorting queue size 1   FPS: 16.6667
I1014 14:53:32.690598  8293 demo_inner.hpp:260]  gui queue size 1, state = running
I1014 14:53:32.738329  8292 demo_inner.hpp:177] decode queue size 0
I1014 14:53:32.738428  8295 work_thread.hpp:81]  [T-Work-Detect_0] Run work: WorkDetect
I1014 14:53:32.738466  8295 work_detect.cpp:102] Succeeded to add det start for frame 61
I1014 14:53:32.744900  8295 work_detect.cpp:70] Frame :61 detect result :0 face(s)
I1014 14:53:32.744951  8295 work_detect.cpp:120] Succeeded to add det end for frame 61
I1014 14:53:32.744967  8295 work_thread.hpp:81]  [T-Work-Detect_0] Run work: WrokTrack
I1014 14:53:32.744994  8295 work_track.cpp:102] Succeeded to set track lock for frame 61
I1014 14:53:32.745021  8295 work_track.cpp:116] Succeeded to release track lock for frame 61
I1014 14:53:32.745035  8295 work_track.cpp:120] Track results of frame 61: 0 objects input, 0 objects tracked!
I1014 14:53:32.745054  8295 work_thread.hpp:87]  [T-Work-Detect_0] Frame :61 split
I1014 14:53:32.745102  8298 thread_intergrate.hpp:78] [T-Intergrate-intergrate] queue: frame output frame :61
I1014 14:53:32.746680  8294 demo_inner.hpp:435] thread [SORT-0]  frame id 61 sorting queue size 0   FPS: 16.6667
I1014 14:53:32.768532  8293 demo_inner.hpp:260]  gui queue size 0, state = running
I1014 14:53:32.798275  8292 demo_inner.hpp:177] decode queue size 0
I1014 14:53:32.798370  8295 work_thread.hpp:81]  [T-Work-Detect_0] Run work: WorkDetect
I1014 14:53:32.798403  8295 work_detect.cpp:102] Succeeded to add det start for frame 62
I1014 14:53:32.804816  8295 work_detect.cpp:70] Frame :62 detect result :0 face(s)
I1014 14:53:32.804867  8295 work_detect.cpp:120] Succeeded to add det end for frame 62
I1014 14:53:32.804883  8295 work_thread.hpp:81]  [T-Work-Detect_0] Run work: WrokTrack
I1014 14:53:32.804909  8295 work_track.cpp:102] Succeeded to set track lock for frame 62
I1014 14:53:32.804936  8295 work_track.cpp:116] Succeeded to release track lock for frame 62
I1014 14:53:32.804950  8295 work_track.cpp:120] Track results of frame 62: 0 objects input, 0 objects tracked!
I1014 14:53:32.804968  8295 work_thread.hpp:87]  [T-Work-Detect_0] Frame :62 split
I1014 14:53:32.805014  8298 thread_intergrate.hpp:78] [T-Intergrate-intergrate] queue: frame output frame :62
I1014 14:53:32.806593  8294 demo_inner.hpp:435] thread [SORT-0]  frame id 62 sorting queue size 0   FPS: 16.6667
I1014 14:53:32.835834  8293 demo_inner.hpp:260]  gui queue size 0, state = running
I1014 14:53:32.858309  8292 demo_inner.hpp:177] decode queue size 0
I1014 14:53:32.858405  8295 work_thread.hpp:81]  [T-Work-Detect_0] Run work: WorkDetect
I1014 14:53:32.858438  8295 work_detect.cpp:102] Succeeded to add det start for frame 63
I1014 14:53:32.864878  8295 work_detect.cpp:70] Frame :63 detect result :0 face(s)
I1014 14:53:32.864929  8295 work_detect.cpp:120] Succeeded to add det end for frame 63
I1014 14:53:32.864945  8295 work_thread.hpp:81]  [T-Work-Detect_0] Run work: WrokTrack
I1014 14:53:32.864972  8295 work_track.cpp:102] Succeeded to set track lock for frame 63
I1014 14:53:32.865000  8295 work_track.cpp:116] Succeeded to release track lock for frame 63
I1014 14:53:32.865012  8295 work_track.cpp:120] Track results of frame 63: 0 objects input, 0 objects tracked!
I1014 14:53:32.865031  8295 work_thread.hpp:87]  [T-Work-Detect_0] Frame :63 split
I1014 14:53:32.865077  8298 thread_intergrate.hpp:78] [T-Intergrate-intergrate] queue: frame output frame :63
I1014 14:53:32.866653  8294 demo_inner.hpp:435] thread [SORT-0]  frame id 63 sorting queue size 0   FPS: 16.6667
I1014 14:53:32.913897  8293 demo_inner.hpp:260]  gui queue size 0, state = running
I1014 14:53:32.918350  8292 demo_inner.hpp:177] decode queue size 0
I1014 14:53:32.918452  8295 work_thread.hpp:81]  [T-Work-Detect_0] Run work: WorkDetect
I1014 14:53:32.918483  8295 work_detect.cpp:102] Succeeded to add det start for frame 64
I1014 14:53:32.924964  8295 work_detect.cpp:70] Frame :64 detect result :0 face(s)
I1014 14:53:32.925016  8295 work_detect.cpp:120] Succeeded to add det end for frame 64
I1014 14:53:32.925032  8295 work_thread.hpp:81]  [T-Work-Detect_0] Run work: WrokTrack
I1014 14:53:32.925060  8295 work_track.cpp:102] Succeeded to set track lock for frame 64
I1014 14:53:32.925086  8295 work_track.cpp:116] Succeeded to release track lock for frame 64
I1014 14:53:32.925099  8295 work_track.cpp:120] Track results of frame 64: 0 objects input, 0 objects tracked!
I1014 14:53:32.925117  8295 work_thread.hpp:87]  [T-Work-Detect_0] Frame :64 split
I1014 14:53:32.925175  8298 thread_intergrate.hpp:78] [T-Intergrate-intergrate] queue: frame output frame :64
I1014 14:53:32.926769  8294 demo_inner.hpp:435] thread [SORT-0]  frame id 64 sorting queue size 0   FPS: 16.6667
I1014 14:53:32.978263  8292 demo_inner.hpp:177] decode queue size 0
I1014 14:53:32.978358  8295 work_thread.hpp:81]  [T-Work-Detect_0] Run work: WorkDetect
I1014 14:53:32.978390  8295 work_detect.cpp:102] Succeeded to add det start for frame 65
I1014 14:53:32.984818  8295 work_detect.cpp:70] Frame :65 detect result :0 face(s)
I1014 14:53:32.984875  8295 work_detect.cpp:120] Succeeded to add det end for frame 65
I1014 14:53:32.984891  8295 work_thread.hpp:81]  [T-Work-Detect_0] Run work: WrokTrack
I1014 14:53:32.985002  8295 work_track.cpp:102] Succeeded to set track lock for frame 65
I1014 14:53:32.985030  8295 work_track.cpp:116] Succeeded to release track lock for frame 65
I1014 14:53:32.985044  8295 work_track.cpp:120] Track results of frame 65: 0 objects input, 0 objects tracked!
I1014 14:53:32.985062  8295 work_thread.hpp:87]  [T-Work-Detect_0] Frame :65 split
I1014 14:53:32.985127  8298 thread_intergrate.hpp:78] [T-Intergrate-intergrate] queue: frame output frame :65
I1014 14:53:32.986181  8293 demo_inner.hpp:260]  gui queue size 0, state = running
I1014 14:53:32.986738  8294 demo_inner.hpp:435] thread [SORT-0]  frame id 65 sorting queue size 0   FPS: 16.6667
I1014 14:53:33.038293  8292 demo_inner.hpp:177] decode queue size 0
I1014 14:53:33.038386  8295 work_thread.hpp:81]  [T-Work-Detect_0] Run work: WorkDetect
I1014 14:53:33.038419  8295 work_detect.cpp:102] Succeeded to add det start for frame 66
I1014 14:53:33.044878  8295 work_detect.cpp:70] Frame :66 detect result :0 face(s)
I1014 14:53:33.044931  8295 work_detect.cpp:120] Succeeded to add det end for frame 66
I1014 14:53:33.044948  8295 work_thread.hpp:81]  [T-Work-Detect_0] Run work: WrokTrack
I1014 14:53:33.044975  8295 work_track.cpp:102] Succeeded to set track lock for frame 66
I1014 14:53:33.045001  8295 work_track.cpp:116] Succeeded to release track lock for frame 66
I1014 14:53:33.045014  8295 work_track.cpp:120] Track results of frame 66: 0 objects input, 0 objects tracked!
I1014 14:53:33.045032  8295 work_thread.hpp:87]  [T-Work-Detect_0] Frame :66 split
I1014 14:53:33.045081  8298 thread_intergrate.hpp:78] [T-Intergrate-intergrate] queue: frame output frame :66
I1014 14:53:33.046660  8294 demo_inner.hpp:435] thread [SORT-0]  frame id 66 sorting queue size 1   FPS: 16.6667
I1014 14:53:33.064294  8293 demo_inner.hpp:260]  gui queue size 1, state = running
I1014 14:53:33.098348  8292 demo_inner.hpp:177] decode queue size 0
I1014 14:53:33.098465  8295 work_thread.hpp:81]  [T-Work-Detect_0] Run work: WorkDetect
I1014 14:53:33.098501  8295 work_detect.cpp:102] Succeeded to add det start for frame 67
I1014 14:53:33.104977  8295 work_detect.cpp:70] Frame :67 detect result :0 face(s)
I1014 14:53:33.105028  8295 work_detect.cpp:120] Succeeded to add det end for frame 67
I1014 14:53:33.105044  8295 work_thread.hpp:81]  [T-Work-Detect_0] Run work: WrokTrack
I1014 14:53:33.105072  8295 work_track.cpp:102] Succeeded to set track lock for frame 67
I1014 14:53:33.105098  8295 work_track.cpp:116] Succeeded to release track lock for frame 67
I1014 14:53:33.105111  8295 work_track.cpp:120] Track results of frame 67: 0 objects input, 0 objects tracked!
I1014 14:53:33.105129  8295 work_thread.hpp:87]  [T-Work-Detect_0] Frame :67 split
I1014 14:53:33.105175  8298 thread_intergrate.hpp:78] [T-Intergrate-intergrate] queue: frame output frame :67
I1014 14:53:33.106777  8294 demo_inner.hpp:435] thread [SORT-0]  frame id 67 sorting queue size 0   FPS: 16.6667
I1014 14:53:33.148327  8293 demo_inner.hpp:260]  gui queue size 0, state = running
I1014 14:53:33.158298  8292 demo_inner.hpp:177] decode queue size 0
I1014 14:53:33.158398  8295 work_thread.hpp:81]  [T-Work-Detect_0] Run work: WorkDetect
I1014 14:53:33.158430  8295 work_detect.cpp:102] Succeeded to add det start for frame 68
I1014 14:53:33.164805  8295 work_detect.cpp:70] Frame :68 detect result :0 face(s)
I1014 14:53:33.164858  8295 work_detect.cpp:120] Succeeded to add det end for frame 68
I1014 14:53:33.164875  8295 work_thread.hpp:81]  [T-Work-Detect_0] Run work: WrokTrack
I1014 14:53:33.164901  8295 work_track.cpp:102] Succeeded to set track lock for frame 68
I1014 14:53:33.164928  8295 work_track.cpp:116] Succeeded to release track lock for frame 68
I1014 14:53:33.164942  8295 work_track.cpp:120] Track results of frame 68: 0 objects input, 0 objects tracked!
I1014 14:53:33.164960  8295 work_thread.hpp:87]  [T-Work-Detect_0] Frame :68 split
I1014 14:53:33.165012  8298 thread_intergrate.hpp:78] [T-Intergrate-intergrate] queue: frame output frame :68
I1014 14:53:33.166496  8294 demo_inner.hpp:435] thread [SORT-0]  frame id 68 sorting queue size 0   FPS: 16.6744
I1014 14:53:33.218274  8292 demo_inner.hpp:177] decode queue size 0
I1014 14:53:33.218367  8295 work_thread.hpp:81]  [T-Work-Detect_0] Run work: WorkDetect
I1014 14:53:33.218400  8295 work_detect.cpp:102] Succeeded to add det start for frame 69
I1014 14:53:33.221026  8293 demo_inner.hpp:260]  gui queue size 0, state = running
I1014 14:53:33.225145  8295 work_detect.cpp:70] Frame :69 detect result :0 face(s)
I1014 14:53:33.225206  8295 work_detect.cpp:120] Succeeded to add det end for frame 69
I1014 14:53:33.225222  8295 work_thread.hpp:81]  [T-Work-Detect_0] Run work: WrokTrack
I1014 14:53:33.225250  8295 work_track.cpp:102] Succeeded to set track lock for frame 69
I1014 14:53:33.225275  8295 work_track.cpp:116] Succeeded to release track lock for frame 69
I1014 14:53:33.225289  8295 work_track.cpp:120] Track results of frame 69: 0 objects input, 0 objects tracked!
I1014 14:53:33.225307  8295 work_thread.hpp:87]  [T-Work-Detect_0] Frame :69 split
I1014 14:53:33.225355  8298 thread_intergrate.hpp:78] [T-Intergrate-intergrate] queue: frame output frame :69
I1014 14:53:33.226939  8294 demo_inner.hpp:435] thread [SORT-0]  frame id 69 sorting queue size 0   FPS: 16.6667
I1014 14:53:33.278213  8292 demo_inner.hpp:177] decode queue size 0
I1014 14:53:33.278306  8295 work_thread.hpp:81]  [T-Work-Detect_0] Run work: WorkDetect
I1014 14:53:33.278339  8295 work_detect.cpp:102] Succeeded to add det start for frame 70
I1014 14:53:33.284705  8295 work_detect.cpp:70] Frame :70 detect result :0 face(s)
I1014 14:53:33.284750  8295 work_detect.cpp:120] Succeeded to add det end for frame 70
I1014 14:53:33.284766  8295 work_thread.hpp:81]  [T-Work-Detect_0] Run work: WrokTrack
I1014 14:53:33.284792  8295 work_track.cpp:102] Succeeded to set track lock for frame 70
I1014 14:53:33.284818  8295 work_track.cpp:116] Succeeded to release track lock for frame 70
I1014 14:53:33.284832  8295 work_track.cpp:120] Track results of frame 70: 0 objects input, 0 objects tracked!
I1014 14:53:33.284849  8295 work_thread.hpp:87]  [T-Work-Detect_0] Frame :70 split
I1014 14:53:33.284898  8298 thread_intergrate.hpp:78] [T-Intergrate-intergrate] queue: frame output frame :70
I1014 14:53:33.286355  8294 demo_inner.hpp:435] thread [SORT-0]  frame id 70 sorting queue size 1   FPS: 16.6744
I1014 14:53:33.298909  8293 demo_inner.hpp:260]  gui queue size 1, state = running
I1014 14:53:33.338297  8292 demo_inner.hpp:177] decode queue size 0
I1014 14:53:33.338397  8295 work_thread.hpp:81]  [T-Work-Detect_0] Run work: WorkDetect
I1014 14:53:33.338429  8295 work_detect.cpp:102] Succeeded to add det start for frame 71
I1014 14:53:33.344847  8295 work_detect.cpp:70] Frame :71 detect result :0 face(s)
I1014 14:53:33.344897  8295 work_detect.cpp:120] Succeeded to add det end for frame 71
I1014 14:53:33.344913  8295 work_thread.hpp:81]  [T-Work-Detect_0] Run work: WrokTrack
I1014 14:53:33.344940  8295 work_track.cpp:102] Succeeded to set track lock for frame 71
I1014 14:53:33.344965  8295 work_track.cpp:116] Succeeded to release track lock for frame 71
I1014 14:53:33.344980  8295 work_track.cpp:120] Track results of frame 71: 0 objects input, 0 objects tracked!
I1014 14:53:33.344997  8295 work_thread.hpp:87]  [T-Work-Detect_0] Frame :71 split
I1014 14:53:33.345043  8298 thread_intergrate.hpp:78] [T-Intergrate-intergrate] queue: frame output frame :71
I1014 14:53:33.346623  8294 demo_inner.hpp:435] thread [SORT-0]  frame id 71 sorting queue size 0   FPS: 16.6667
I1014 14:53:33.398253  8292 demo_inner.hpp:177] decode queue size 0
I1014 14:53:33.398353  8295 work_thread.hpp:81]  [T-Work-Detect_0] Run work: WorkDetect
I1014 14:53:33.398386  8295 work_detect.cpp:102] Succeeded to add det start for frame 72
I1014 14:53:33.399175  8293 demo_inner.hpp:260]  gui queue size 0, state = running
I1014 14:53:33.404836  8295 work_detect.cpp:70] Frame :72 detect result :0 face(s)
I1014 14:53:33.404901  8295 work_detect.cpp:120] Succeeded to add det end for frame 72
I1014 14:53:33.404917  8295 work_thread.hpp:81]  [T-Work-Detect_0] Run work: WrokTrack
I1014 14:53:33.405019  8295 work_track.cpp:102] Succeeded to set track lock for frame 72
I1014 14:53:33.405046  8295 work_track.cpp:116] Succeeded to release track lock for frame 72
I1014 14:53:33.405061  8295 work_track.cpp:120] Track results of frame 72: 0 objects input, 0 objects tracked!
I1014 14:53:33.405078  8295 work_thread.hpp:87]  [T-Work-Detect_0] Frame :72 split
I1014 14:53:33.405125  8298 thread_intergrate.hpp:78] [T-Intergrate-intergrate] queue: frame output frame :72
I1014 14:53:33.406702  8294 demo_inner.hpp:435] thread [SORT-0]  frame id 72 sorting queue size 0   FPS: 16.6667
I1014 14:53:33.458278  8292 demo_inner.hpp:177] decode queue size 0
I1014 14:53:33.458374  8295 work_thread.hpp:81]  [T-Work-Detect_0] Run work: WorkDetect
I1014 14:53:33.458407  8295 work_detect.cpp:102] Succeeded to add det start for frame 73
I1014 14:53:33.464833  8295 work_detect.cpp:70] Frame :73 detect result :0 face(s)
I1014 14:53:33.464884  8295 work_detect.cpp:120] Succeeded to add det end for frame 73
I1014 14:53:33.464900  8295 work_thread.hpp:81]  [T-Work-Detect_0] Run work: WrokTrack
I1014 14:53:33.464926  8295 work_track.cpp:102] Succeeded to set track lock for frame 73
I1014 14:53:33.464952  8295 work_track.cpp:116] Succeeded to release track lock for frame 73
I1014 14:53:33.464965  8295 work_track.cpp:120] Track results of frame 73: 0 objects input, 0 objects tracked!
I1014 14:53:33.464983  8295 work_thread.hpp:87]  [T-Work-Detect_0] Frame :73 split
I1014 14:53:33.465031  8298 thread_intergrate.hpp:78] [T-Intergrate-intergrate] queue: frame output frame :73
I1014 14:53:33.466495  8294 demo_inner.hpp:435] thread [SORT-0]  frame id 73 sorting queue size 1   FPS: 16.6744
I1014 14:53:33.466760  8293 demo_inner.hpp:260]  gui queue size 1, state = running
I1014 14:53:33.518347  8292 demo_inner.hpp:177] decode queue size 0
I1014 14:53:33.518441  8295 work_thread.hpp:81]  [T-Work-Detect_0] Run work: WorkDetect
I1014 14:53:33.518474  8295 work_detect.cpp:102] Succeeded to add det start for frame 74
I1014 14:53:33.524870  8295 work_detect.cpp:70] Frame :74 detect result :0 face(s)
I1014 14:53:33.524915  8295 work_detect.cpp:120] Succeeded to add det end for frame 74
I1014 14:53:33.524931  8295 work_thread.hpp:81]  [T-Work-Detect_0] Run work: WrokTrack
I1014 14:53:33.524957  8295 work_track.cpp:102] Succeeded to set track lock for frame 74
I1014 14:53:33.524983  8295 work_track.cpp:116] Succeeded to release track lock for frame 74
I1014 14:53:33.524996  8295 work_track.cpp:120] Track results of frame 74: 0 objects input, 0 objects tracked!
I1014 14:53:33.525015  8295 work_thread.hpp:87]  [T-Work-Detect_0] Frame :74 split
I1014 14:53:33.525063  8298 thread_intergrate.hpp:78] [T-Intergrate-intergrate] queue: frame output frame :74
I1014 14:53:33.526640  8294 demo_inner.hpp:435] thread [SORT-0]  frame id 74 sorting queue size 0   FPS: 16.6667
I1014 14:53:33.544620  8293 demo_inner.hpp:260]  gui queue size 0, state = running
I1014 14:53:33.578279  8292 demo_inner.hpp:177] decode queue size 0
I1014 14:53:33.578377  8295 work_thread.hpp:81]  [T-Work-Detect_0] Run work: WorkDetect
I1014 14:53:33.578409  8295 work_detect.cpp:102] Succeeded to add det start for frame 75
I1014 14:53:33.584945  8295 work_detect.cpp:70] Frame :75 detect result :0 face(s)
I1014 14:53:33.585005  8295 work_detect.cpp:120] Succeeded to add det end for frame 75
I1014 14:53:33.585019  8295 work_thread.hpp:81]  [T-Work-Detect_0] Run work: WrokTrack
I1014 14:53:33.585047  8295 work_track.cpp:102] Succeeded to set track lock for frame 75
I1014 14:53:33.585072  8295 work_track.cpp:116] Succeeded to release track lock for frame 75
I1014 14:53:33.585086  8295 work_track.cpp:120] Track results of frame 75: 0 objects input, 0 objects tracked!
I1014 14:53:33.585104  8295 work_thread.hpp:87]  [T-Work-Detect_0] Frame :75 split
I1014 14:53:33.585151  8298 thread_intergrate.hpp:78] [T-Intergrate-intergrate] queue: frame output frame :75
I1014 14:53:33.586629  8294 demo_inner.hpp:435] thread [SORT-0]  frame id 75 sorting queue size 0   FPS: 16.6744
I1014 14:53:33.617010  8293 demo_inner.hpp:260]  gui queue size 0, state = running
I1014 14:53:33.638217  8292 demo_inner.hpp:177] decode queue size 0
I1014 14:53:33.638314  8295 work_thread.hpp:81]  [T-Work-Detect_0] Run work: WorkDetect
I1014 14:53:33.638347  8295 work_detect.cpp:102] Succeeded to add det start for frame 76
I1014 14:53:33.644716  8295 work_detect.cpp:70] Frame :76 detect result :0 face(s)
I1014 14:53:33.644767  8295 work_detect.cpp:120] Succeeded to add det end for frame 76
I1014 14:53:33.644783  8295 work_thread.hpp:81]  [T-Work-Detect_0] Run work: WrokTrack
I1014 14:53:33.644809  8295 work_track.cpp:102] Succeeded to set track lock for frame 76
I1014 14:53:33.644836  8295 work_track.cpp:116] Succeeded to release track lock for frame 76
I1014 14:53:33.644850  8295 work_track.cpp:120] Track results of frame 76: 0 objects input, 0 objects tracked!
I1014 14:53:33.644867  8295 work_thread.hpp:87]  [T-Work-Detect_0] Frame :76 split
I1014 14:53:33.644923  8298 thread_intergrate.hpp:78] [T-Intergrate-intergrate] queue: frame output frame :76
I1014 14:53:33.646389  8294 demo_inner.hpp:435] thread [SORT-0]  frame id 76 sorting queue size 0   FPS: 16.6744
I1014 14:53:33.698299  8292 demo_inner.hpp:177] decode queue size 0
I1014 14:53:33.698388  8295 work_thread.hpp:81]  [T-Work-Detect_0] Run work: WorkDetect
I1014 14:53:33.698421  8295 work_detect.cpp:102] Succeeded to add det start for frame 77
I1014 14:53:33.704826  8295 work_detect.cpp:70] Frame :77 detect result :0 face(s)
I1014 14:53:33.704880  8295 work_detect.cpp:120] Succeeded to add det end for frame 77
I1014 14:53:33.704896  8295 work_thread.hpp:81]  [T-Work-Detect_0] Run work: WrokTrack
I1014 14:53:33.704924  8295 work_track.cpp:102] Succeeded to set track lock for frame 77
I1014 14:53:33.704951  8295 work_track.cpp:116] Succeeded to release track lock for frame 77
I1014 14:53:33.704964  8295 work_track.cpp:120] Track results of frame 77: 0 objects input, 0 objects tracked!
I1014 14:53:33.704982  8295 work_thread.hpp:87]  [T-Work-Detect_0] Frame :77 split
I1014 14:53:33.705051  8298 thread_intergrate.hpp:78] [T-Intergrate-intergrate] queue: frame output frame :77
I1014 14:53:33.706634  8294 demo_inner.hpp:435] thread [SORT-0]  frame id 77 sorting queue size 1   FPS: 16.6667
I1014 14:53:33.758792  8292 demo_inner.hpp:177] decode queue size 0
I1014 14:53:33.758900  8295 work_thread.hpp:81]  [T-Work-Detect_0] Run work: WorkDetect
I1014 14:53:33.758935  8295 work_detect.cpp:102] Succeeded to add det start for frame 78
I1014 14:53:33.765321  8295 work_detect.cpp:70] Frame :78 detect result :0 face(s)
I1014 14:53:33.765373  8295 work_detect.cpp:120] Succeeded to add det end for frame 78
I1014 14:53:33.765389  8295 work_thread.hpp:81]  [T-Work-Detect_0] Run work: WrokTrack
I1014 14:53:33.765416  8295 work_track.cpp:102] Succeeded to set track lock for frame 78
I1014 14:53:33.765442  8295 work_track.cpp:116] Succeeded to release track lock for frame 78
I1014 14:53:33.765456  8295 work_track.cpp:120] Track results of frame 78: 0 objects input, 0 objects tracked!
I1014 14:53:33.765475  8295 work_thread.hpp:87]  [T-Work-Detect_0] Frame :78 split
I1014 14:53:33.765532  8298 thread_intergrate.hpp:78] [T-Intergrate-intergrate] queue: frame output frame :78
I1014 14:53:33.767108  8294 demo_inner.hpp:435] thread [SORT-0]  frame id 78 sorting queue size 2   FPS: 16.6667
I1014 14:53:33.818742  8292 demo_inner.hpp:177] decode queue size 0
I1014 14:53:33.818848  8295 work_thread.hpp:81]  [T-Work-Detect_0] Run work: WorkDetect
I1014 14:53:33.818883  8295 work_detect.cpp:102] Succeeded to add det start for frame 79
I1014 14:53:33.825258  8295 work_detect.cpp:70] Frame :79 detect result :0 face(s)
I1014 14:53:33.825309  8295 work_detect.cpp:120] Succeeded to add det end for frame 79
I1014 14:53:33.825325  8295 work_thread.hpp:81]  [T-Work-Detect_0] Run work: WrokTrack
I1014 14:53:33.825351  8295 work_track.cpp:102] Succeeded to set track lock for frame 79
I1014 14:53:33.825379  8295 work_track.cpp:116] Succeeded to release track lock for frame 79
I1014 14:53:33.825466  8295 work_track.cpp:120] Track results of frame 79: 0 objects input, 0 objects tracked!
I1014 14:53:33.825487  8295 work_thread.hpp:87]  [T-Work-Detect_0] Frame :79 split
I1014 14:53:33.825547  8298 thread_intergrate.hpp:78] [T-Intergrate-intergrate] queue: frame output frame :79
I1014 14:53:33.827111  8294 demo_inner.hpp:435] thread [SORT-0]  frame id 79 sorting queue size 3   FPS: 16.6667
I1014 14:53:33.878710  8292 demo_inner.hpp:177] decode queue size 0
I1014 14:53:33.878816  8295 work_thread.hpp:81]  [T-Work-Detect_0] Run work: WorkDetect
I1014 14:53:33.878850  8295 work_detect.cpp:102] Succeeded to add det start for frame 80
I1014 14:53:33.885150  8295 work_detect.cpp:70] Frame :80 detect result :0 face(s)
I1014 14:53:33.885200  8295 work_detect.cpp:120] Succeeded to add det end for frame 80
I1014 14:53:33.885215  8295 work_thread.hpp:81]  [T-Work-Detect_0] Run work: WrokTrack
I1014 14:53:33.885241  8295 work_track.cpp:102] Succeeded to set track lock for frame 80
I1014 14:53:33.885267  8295 work_track.cpp:116] Succeeded to release track lock for frame 80
I1014 14:53:33.885282  8295 work_track.cpp:120] Track results of frame 80: 0 objects input, 0 objects tracked!
I1014 14:53:33.885299  8295 work_thread.hpp:87]  [T-Work-Detect_0] Frame :80 split
I1014 14:53:33.885355  8298 thread_intergrate.hpp:78] [T-Intergrate-intergrate] queue: frame output frame :80
