Log file created at: 2019/10/12 15:58:23
Running on machine: zcu104
Log line format: [IWEF]mmdd hh:mm:ss.uuuuuu threadid file:line] msg
I1012 15:58:23.446406  8542 feature_lib.cpp:107] Feature lib read name: images/thanglmb.jpg
I1012 15:58:23.447360  8542 feature_lib.cpp:129] Read lib face : images/thanglmb.jpg
I1012 15:58:23.447415  8542 feature_lib.cpp:143] Loading normal image: images/thanglmb.jpg...
I1012 15:58:23.455343  8542 feature_lib.cpp:148] Load normal image: images/thanglmb.jpg done size: 640 * 360
I1012 15:58:23.822726  8542 demo_inner.hpp:126] thread [DedodeThread-0] is starting
I1012 15:58:23.822885  8542 demo_inner.hpp:126] thread [GUIThread] is starting
I1012 15:58:23.822979  8544 demo_inner.hpp:101] thread [DedodeThread-0] is started
I1012 15:58:23.822999  8542 demo_inner.hpp:126] thread [SORT-0] is starting
I1012 15:58:23.823055  8545 demo_inner.hpp:101] thread [GUIThread] is started
I1012 15:58:23.823074  8542 demo_inner.hpp:126] thread [T-Work-Detect_0] is starting
I1012 15:58:23.823132  8546 demo_inner.hpp:101] thread [SORT-0] is started
I1012 15:58:23.823137  8542 demo_inner.hpp:126] thread [T-Work-Recog_0] is starting
I1012 15:58:23.823171  8547 demo_inner.hpp:101] thread [T-Work-Detect_0] is started
I1012 15:58:23.823204  8542 demo_inner.hpp:126] thread [T-Work-Recog_1] is starting
I1012 15:58:23.823254  8548 demo_inner.hpp:101] thread [T-Work-Recog_0] is started
I1012 15:58:23.823277  8542 demo_inner.hpp:126] thread [T-Intergrate-intergrate] is starting
I1012 15:58:23.823300  8549 demo_inner.hpp:101] thread [T-Work-Recog_1] is started
I1012 15:58:23.823338  8542 demo_inner.hpp:137] waiting for [GUIThread] ended
I1012 15:58:23.823364  8550 demo_inner.hpp:101] thread [T-Intergrate-intergrate] is started
I1012 15:58:24.523124  8544 demo_inner.hpp:177] decode queue size 0
I1012 15:58:24.523303  8547 work_thread.hpp:81]  [T-Work-Detect_0] Run work: WorkDetect
I1012 15:58:24.523363  8547 work_detect.cpp:102] Succeeded to add det start for frame 1
I1012 15:58:24.530715  8547 work_detect.cpp:70] Frame :1 detect result :1 face(s)
I1012 15:58:24.530757  8547 work_detect.cpp:86] Detected bbox: [179 x 231 from (246, 28)]
I1012 15:58:24.530800  8547 work_detect.cpp:120] Succeeded to add det end for frame 1
I1012 15:58:24.530817  8547 work_thread.hpp:81]  [T-Work-Detect_0] Run work: WrokTrack
I1012 15:58:24.530838  8547 work_track.cpp:82] Frame: 1 build input_characts: [0.279687 x 0.641667 from (0.384375, 0.0777778)], 1.00035, 0
I1012 15:58:24.530927  8547 work_track.cpp:102] Succeeded to set track lock for frame 1
I1012 15:58:24.531015  8547 work_track.cpp:116] Succeeded to release track lock for frame 1
I1012 15:58:24.531030  8547 work_track.cpp:120] Track results of frame 1: 1 objects input, 0 objects tracked!
I1012 15:58:24.531049  8547 work_track.cpp:162] Frame: 1 lid: 0 not tracked, will set invalid
I1012 15:58:24.531064  8547 work_thread.hpp:88]  [T-Work-Detect_0] Frame :1 split
I1012 15:58:24.531080  8547 work_thread.hpp:124]  [T-Work-Detect_0] Invalid piece: lid = 0, drop it
I1012 15:58:24.531121  8550 thread_intergrate.hpp:78] [T-Intergrate-intergrate] queue: frame output frame :1
I1012 15:58:24.532248  8546 demo_inner.hpp:435] thread [SORT-0]  frame id 1 sorting queue size 0   FPS: -1
I1012 15:58:24.532326  8545 demo_inner.hpp:260]  gui queue size 0, state = running
I1012 15:58:24.571018  8544 demo_inner.hpp:177] decode queue size 0
I1012 15:58:24.571139  8547 work_thread.hpp:81]  [T-Work-Detect_0] Run work: WorkDetect
I1012 15:58:24.571177  8547 work_detect.cpp:102] Succeeded to add det start for frame 2
I1012 15:58:24.578291  8547 work_detect.cpp:70] Frame :2 detect result :1 face(s)
I1012 15:58:24.578347  8547 work_detect.cpp:86] Detected bbox: [188 x 235 from (258, 27)]
I1012 15:58:24.578392  8547 work_detect.cpp:120] Succeeded to add det end for frame 2
I1012 15:58:24.578408  8547 work_thread.hpp:81]  [T-Work-Detect_0] Run work: WrokTrack
I1012 15:58:24.578431  8547 work_track.cpp:82] Frame: 2 build input_characts: [0.29375 x 0.652778 from (0.403125, 0.075)], 1.00035, 0
I1012 15:58:24.578490  8547 work_track.cpp:102] Succeeded to set track lock for frame 2
I1012 15:58:24.578549  8547 work_track.cpp:116] Succeeded to release track lock for frame 2
I1012 15:58:24.578564  8547 work_track.cpp:120] Track results of frame 2: 1 objects input, 0 objects tracked!
I1012 15:58:24.578665  8547 work_track.cpp:162] Frame: 2 lid: 0 not tracked, will set invalid
I1012 15:58:24.578683  8547 work_thread.hpp:88]  [T-Work-Detect_0] Frame :2 split
I1012 15:58:24.578701  8547 work_thread.hpp:124]  [T-Work-Detect_0] Invalid piece: lid = 0, drop it
I1012 15:58:24.578738  8550 thread_intergrate.hpp:78] [T-Intergrate-intergrate] queue: frame output frame :2
I1012 15:58:24.580278  8546 demo_inner.hpp:435] thread [SORT-0]  frame id 2 sorting queue size 0   FPS: 21.2766
I1012 15:58:24.580390  8545 demo_inner.hpp:260]  gui queue size 0, state = running
I1012 15:58:24.624920  8544 demo_inner.hpp:177] decode queue size 0
I1012 15:58:24.625051  8547 work_thread.hpp:81]  [T-Work-Detect_0] Run work: WorkDetect
I1012 15:58:24.625087  8547 work_detect.cpp:102] Succeeded to add det start for frame 3
I1012 15:58:24.631947  8547 work_detect.cpp:70] Frame :3 detect result :1 face(s)
I1012 15:58:24.631987  8547 work_detect.cpp:86] Detected bbox: [187 x 233 from (258, 28)]
I1012 15:58:24.632028  8547 work_detect.cpp:120] Succeeded to add det end for frame 3
I1012 15:58:24.632043  8547 work_thread.hpp:81]  [T-Work-Detect_0] Run work: WrokTrack
I1012 15:58:24.632067  8547 work_track.cpp:82] Frame: 3 build input_characts: [0.292188 x 0.647222 from (0.403125, 0.0777778)], 1.00035, 0
I1012 15:58:24.632122  8547 work_track.cpp:102] Succeeded to set track lock for frame 3
I1012 15:58:24.632182  8547 work_track.cpp:116] Succeeded to release track lock for frame 3
I1012 15:58:24.632197  8547 work_track.cpp:120] Track results of frame 3: 1 objects input, 1 objects tracked!
I1012 15:58:24.632215  8547 work_track.cpp:148] Frame: 3, track bbox: [187 x 233 from (260.801, 28.1601)], gid: 0, lid: 0
I1012 15:58:24.632251  8547 work_thread.hpp:88]  [T-Work-Detect_0] Frame :3 split
I1012 15:58:24.632268  8547 work_thread.hpp:120]  [T-Work-Detect_0] Valid piece: gid = 0
I1012 15:58:24.632302  8547 work_thread.hpp:92]  [T-Work-Detect_0] Push to split queue:recog
I1012 15:58:24.632344  8548 work_thread.hpp:81]  [T-Work-Recog_0] Run work: WorkCapture
I1012 15:58:24.632359  8550 thread_intergrate.hpp:78] [T-Intergrate-intergrate] queue: frame output frame :3
I1012 15:58:24.633970  8546 demo_inner.hpp:435] thread [SORT-0]  frame id 3 sorting queue size 0   FPS: 19.802
I1012 15:58:24.634037  8545 demo_inner.hpp:260]  gui queue size 0, state = running
I1012 15:58:24.634191  8548 work_thread.hpp:81]  [T-Work-Recog_0] Run work: WorkRecog
I1012 15:58:24.634217  8548 work_recog.hpp:89] Face id: 0 will run recog: bbox [187 x 233 from (258, 28)] quality: 0.486182
I1012 15:58:24.634249  8548 work_recog.hpp:96] Recog pair: [272 x 328 from (216, 0)], [187 x 233 from (42, 28)]
I1012 15:58:24.652007  8548 work_thread.hpp:81]  [T-Work-Recog_0] Run work: WorkCompare
I1012 15:58:24.652117  8548 work_compare.cpp:76] Compare face: 0 successed, similarity :0.991083, name : images/thanglmb.jpg, normal size : 640 * 360!
I1012 15:58:24.672621  8544 demo_inner.hpp:177] decode queue size 0
I1012 15:58:24.672731  8547 work_thread.hpp:81]  [T-Work-Detect_0] Run work: WorkDetect
I1012 15:58:24.672768  8547 work_detect.cpp:102] Succeeded to add det start for frame 4
I1012 15:58:24.679635  8547 work_detect.cpp:70] Frame :4 detect result :1 face(s)
I1012 15:58:24.679666  8547 work_detect.cpp:86] Detected bbox: [180 x 227 from (243, 30)]
I1012 15:58:24.679703  8547 work_detect.cpp:120] Succeeded to add det end for frame 4
I1012 15:58:24.679719  8547 work_thread.hpp:81]  [T-Work-Detect_0] Run work: WrokTrack
I1012 15:58:24.679741  8547 work_track.cpp:82] Frame: 4 build input_characts: [0.28125 x 0.630556 from (0.379687, 0.0833333)], 1.00035, 0
I1012 15:58:24.679796  8547 work_track.cpp:102] Succeeded to set track lock for frame 4
I1012 15:58:24.679834  8547 work_track.cpp:116] Succeeded to release track lock for frame 4
I1012 15:58:24.679849  8547 work_track.cpp:120] Track results of frame 4: 1 objects input, 1 objects tracked!
I1012 15:58:24.679867  8547 work_track.cpp:148] Frame: 4, track bbox: [180 x 227 from (251.805, 30.4973)], gid: 0, lid: 0
I1012 15:58:24.679975  8547 work_thread.hpp:88]  [T-Work-Detect_0] Frame :4 split
I1012 15:58:24.679996  8547 work_thread.hpp:120]  [T-Work-Detect_0] Valid piece: gid = 0
I1012 15:58:24.680013  8547 work_thread.hpp:92]  [T-Work-Detect_0] Push to split queue:recog
I1012 15:58:24.680050  8548 work_thread.hpp:81]  [T-Work-Recog_0] Run work: WorkCapture
I1012 15:58:24.680063  8550 thread_intergrate.hpp:78] [T-Intergrate-intergrate] queue: frame output frame :4
I1012 15:58:24.680085  8550 thread_intergrate.hpp:85] [T-Intergrate-intergrate] queue: compare output face:0
I1012 15:58:24.680102  8550 thread_intergrate.hpp:134] T-Intergrate-intergrate set matched face: 0
I1012 15:58:24.680600  8548 work_thread.hpp:81]  [T-Work-Recog_0] Run work: WorkRecog
I1012 15:58:24.680624  8548 work_recog.hpp:89] Face id: 0 will run recog: bbox [180 x 227 from (243, 30)] quality: 0.475238
I1012 15:58:24.680651  8548 work_recog.hpp:96] Recog pair: [264 x 320 from (200, 0)], [180 x 227 from (43, 30)]
I1012 15:58:24.681373  8550 thread_intergrate.hpp:154] T-Intergrate-intergrate Show face :0, size :640 * 360
I1012 15:58:24.681922  8546 demo_inner.hpp:435] thread [SORT-0]  frame id 4 sorting queue size 0   FPS: 20.1342
I1012 15:58:24.682018  8545 demo_inner.hpp:260]  gui queue size 0, state = running
I1012 15:58:24.698230  8548 work_thread.hpp:81]  [T-Work-Recog_0] Run work: WorkCompare
I1012 15:58:24.698331  8548 work_compare.cpp:76] Compare face: 0 successed, similarity :0.993017, name : images/thanglmb.jpg, normal size : 640 * 360!
I1012 15:58:24.720674  8544 demo_inner.hpp:177] decode queue size 0
I1012 15:58:24.720773  8547 work_thread.hpp:81]  [T-Work-Detect_0] Run work: WorkDetect
I1012 15:58:24.720865  8547 work_detect.cpp:102] Succeeded to add det start for frame 5
I1012 15:58:24.727653  8547 work_detect.cpp:70] Frame :5 detect result :1 face(s)
I1012 15:58:24.727680  8547 work_detect.cpp:86] Detected bbox: [176 x 225 from (245, 32)]
I1012 15:58:24.727720  8547 work_detect.cpp:120] Succeeded to add det end for frame 5
I1012 15:58:24.727735  8547 work_thread.hpp:81]  [T-Work-Detect_0] Run work: WrokTrack
I1012 15:58:24.727759  8547 work_track.cpp:82] Frame: 5 build input_characts: [0.275 x 0.625 from (0.382812, 0.0888889)], 1.00035, 0
I1012 15:58:24.727814  8547 work_track.cpp:102] Succeeded to set track lock for frame 5
I1012 15:58:24.727854  8547 work_track.cpp:116] Succeeded to release track lock for frame 5
I1012 15:58:24.727869  8547 work_track.cpp:120] Track results of frame 5: 1 objects input, 1 objects tracked!
I1012 15:58:24.727886  8547 work_track.cpp:148] Frame: 5, track bbox: [176 x 225 from (248.197, 31.7977)], gid: 0, lid: 0
I1012 15:58:24.727921  8547 work_thread.hpp:88]  [T-Work-Detect_0] Frame :5 split
I1012 15:58:24.727939  8547 work_thread.hpp:120]  [T-Work-Detect_0] Valid piece: gid = 0
I1012 15:58:24.727957  8547 work_thread.hpp:92]  [T-Work-Detect_0] Push to split queue:recog
I1012 15:58:24.727995  8548 work_thread.hpp:81]  [T-Work-Recog_0] Run work: WorkCapture
I1012 15:58:24.728004  8550 thread_intergrate.hpp:78] [T-Intergrate-intergrate] queue: frame output frame :5
I1012 15:58:24.728029  8550 thread_intergrate.hpp:85] [T-Intergrate-intergrate] queue: compare output face:0
I1012 15:58:24.728046  8550 thread_intergrate.hpp:134] T-Intergrate-intergrate set matched face: 0
I1012 15:58:24.728528  8548 work_thread.hpp:81]  [T-Work-Recog_0] Run work: WorkRecog
I1012 15:58:24.728550  8548 work_recog.hpp:89] Face id: 0 will run recog: bbox [176 x 225 from (245, 32)] quality: 0.475238
I1012 15:58:24.728579  8548 work_recog.hpp:96] Recog pair: [248 x 320 from (208, 0)], [176 x 225 from (37, 32)]
I1012 15:58:24.729260  8550 thread_intergrate.hpp:154] T-Intergrate-intergrate Show face :0, size :640 * 360
I1012 15:58:24.729746  8546 demo_inner.hpp:435] thread [SORT-0]  frame id 5 sorting queue size 0   FPS: 20.3046
I1012 15:58:24.729831  8545 demo_inner.hpp:260]  gui queue size 0, state = running
I1012 15:58:24.746125  8548 work_thread.hpp:81]  [T-Work-Recog_0] Run work: WorkCompare
I1012 15:58:24.746218  8548 work_compare.cpp:76] Compare face: 0 successed, similarity :0.992831, name : images/thanglmb.jpg, normal size : 640 * 360!
I1012 15:58:24.774633  8544 demo_inner.hpp:177] decode queue size 0
I1012 15:58:24.774755  8547 work_thread.hpp:81]  [T-Work-Detect_0] Run work: WorkDetect
I1012 15:58:24.774792  8547 work_detect.cpp:102] Succeeded to add det start for frame 6
I1012 15:58:24.781555  8547 work_detect.cpp:70] Frame :6 detect result :1 face(s)
I1012 15:58:24.781586  8547 work_detect.cpp:86] Detected bbox: [176 x 229 from (247, 27)]
I1012 15:58:24.781626  8547 work_detect.cpp:120] Succeeded to add det end for frame 6
I1012 15:58:24.781641  8547 work_thread.hpp:81]  [T-Work-Detect_0] Run work: WrokTrack
I1012 15:58:24.781664  8547 work_track.cpp:82] Frame: 6 build input_characts: [0.275 x 0.636111 from (0.385938, 0.075)], 1.00019, 0
I1012 15:58:24.781720  8547 work_track.cpp:102] Succeeded to set track lock for frame 6
I1012 15:58:24.781759  8547 work_track.cpp:116] Succeeded to release track lock for frame 6
I1012 15:58:24.781774  8547 work_track.cpp:120] Track results of frame 6: 1 objects input, 1 objects tracked!
I1012 15:58:24.781791  8547 work_track.cpp:148] Frame: 6, track bbox: [176 x 229 from (246.427, 28.3819)], gid: 0, lid: 0
I1012 15:58:24.781826  8547 work_thread.hpp:88]  [T-Work-Detect_0] Frame :6 split
I1012 15:58:24.781843  8547 work_thread.hpp:120]  [T-Work-Detect_0] Valid piece: gid = 0
I1012 15:58:24.781862  8547 work_thread.hpp:92]  [T-Work-Detect_0] Push to split queue:recog
I1012 15:58:24.781904  8548 work_thread.hpp:81]  [T-Work-Recog_0] Run work: WorkCapture
I1012 15:58:24.782191  8550 thread_intergrate.hpp:78] [T-Intergrate-intergrate] queue: frame output frame :6
I1012 15:58:24.782217  8550 thread_intergrate.hpp:85] [T-Intergrate-intergrate] queue: compare output face:0
I1012 15:58:24.782235  8550 thread_intergrate.hpp:134] T-Intergrate-intergrate set matched face: 0
I1012 15:58:24.782433  8548 work_thread.hpp:81]  [T-Work-Recog_0] Run work: WorkRecog
I1012 15:58:24.782456  8548 work_recog.hpp:89] Face id: 0 will run recog: bbox [176 x 229 from (247, 27)] quality: 0.472704
I1012 15:58:24.782483  8548 work_recog.hpp:96] Recog pair: [256 x 320 from (208, 0)], [176 x 229 from (39, 27)]
I1012 15:58:24.783514  8550 thread_intergrate.hpp:154] T-Intergrate-intergrate Show face :0, size :640 * 360
I1012 15:58:24.784034  8546 demo_inner.hpp:435] thread [SORT-0]  frame id 6 sorting queue size 0   FPS: 19.9203
I1012 15:58:24.784101  8545 demo_inner.hpp:260]  gui queue size 0, state = running
I1012 15:58:24.800158  8548 work_thread.hpp:81]  [T-Work-Recog_0] Run work: WorkCompare
I1012 15:58:24.800271  8548 work_compare.cpp:76] Compare face: 0 successed, similarity :0.995011, name : images/thanglmb.jpg, normal size : 640 * 360!
I1012 15:58:24.822963  8544 demo_inner.hpp:177] decode queue size 0
I1012 15:58:24.823086  8547 work_thread.hpp:81]  [T-Work-Detect_0] Run work: WorkDetect
I1012 15:58:24.823122  8547 work_detect.cpp:102] Succeeded to add det start for frame 7
I1012 15:58:24.829843  8547 work_detect.cpp:70] Frame :7 detect result :1 face(s)
I1012 15:58:24.829877  8547 work_detect.cpp:86] Detected bbox: [175 x 227 from (245, 31)]
I1012 15:58:24.829919  8547 work_detect.cpp:120] Succeeded to add det end for frame 7
I1012 15:58:24.829936  8547 work_thread.hpp:81]  [T-Work-Detect_0] Run work: WrokTrack
I1012 15:58:24.829960  8547 work_track.cpp:82] Frame: 7 build input_characts: [0.273438 x 0.630556 from (0.382812, 0.0861111)], 1.00035, 0
I1012 15:58:24.830018  8547 work_track.cpp:102] Succeeded to set track lock for frame 7
I1012 15:58:24.830056  8547 work_track.cpp:116] Succeeded to release track lock for frame 7
I1012 15:58:24.830101  8547 work_track.cpp:120] Track results of frame 7: 1 objects input, 1 objects tracked!
I1012 15:58:24.830121  8547 work_track.cpp:148] Frame: 7, track bbox: [175 x 227 from (241.493, 29.7579)], gid: 0, lid: 0
I1012 15:58:24.830157  8547 work_thread.hpp:88]  [T-Work-Detect_0] Frame :7 split
I1012 15:58:24.830174  8547 work_thread.hpp:120]  [T-Work-Detect_0] Valid piece: gid = 0
I1012 15:58:24.830267  8547 work_thread.hpp:92]  [T-Work-Detect_0] Push to split queue:recog
I1012 15:58:24.830317  8548 work_thread.hpp:81]  [T-Work-Recog_0] Run work: WorkCapture
I1012 15:58:24.830615  8550 thread_intergrate.hpp:78] [T-Intergrate-intergrate] queue: frame output frame :7
I1012 15:58:24.830642  8550 thread_intergrate.hpp:85] [T-Intergrate-intergrate] queue: compare output face:0
I1012 15:58:24.830669  8550 thread_intergrate.hpp:134] T-Intergrate-intergrate set matched face: 0
I1012 15:58:24.830858  8548 work_thread.hpp:81]  [T-Work-Recog_0] Run work: WorkRecog
I1012 15:58:24.830880  8548 work_recog.hpp:89] Face id: 0 will run recog: bbox [175 x 227 from (245, 31)] quality: 0.47793
I1012 15:58:24.830907  8548 work_recog.hpp:96] Recog pair: [248 x 320 from (208, 0)], [175 x 227 from (37, 31)]
I1012 15:58:24.832192  8550 thread_intergrate.hpp:154] T-Intergrate-intergrate Show face :0, size :640 * 360
I1012 15:58:24.832814  8546 demo_inner.hpp:435] thread [SORT-0]  frame id 7 sorting queue size 0   FPS: 20
I1012 15:58:24.832877  8545 demo_inner.hpp:260]  gui queue size 0, state = running
I1012 15:58:24.851965  8548 work_thread.hpp:81]  [T-Work-Recog_0] Run work: WorkCompare
I1012 15:58:24.852103  8548 work_compare.cpp:76] Compare face: 0 successed, similarity :0.996698, name : images/thanglmb.jpg, normal size : 640 * 360!
I1012 15:58:24.871114  8544 demo_inner.hpp:177] decode queue size 0
I1012 15:58:24.871232  8547 work_thread.hpp:81]  [T-Work-Detect_0] Run work: WorkDetect
I1012 15:58:24.871273  8547 work_detect.cpp:102] Succeeded to add det start for frame 8
I1012 15:58:24.877985  8547 work_detect.cpp:70] Frame :8 detect result :1 face(s)
I1012 15:58:24.878016  8547 work_detect.cpp:86] Detected bbox: [176 x 225 from (245, 32)]
I1012 15:58:24.878057  8547 work_detect.cpp:120] Succeeded to add det end for frame 8
I1012 15:58:24.878073  8547 work_thread.hpp:81]  [T-Work-Detect_0] Run work: WrokTrack
I1012 15:58:24.878096  8547 work_track.cpp:82] Frame: 8 build input_characts: [0.275 x 0.625 from (0.382812, 0.0888889)], 1.00035, 0
I1012 15:58:24.878154  8547 work_track.cpp:102] Succeeded to set track lock for frame 8
I1012 15:58:24.878192  8547 work_track.cpp:116] Succeeded to release track lock for frame 8
I1012 15:58:24.878207  8547 work_track.cpp:120] Track results of frame 8: 1 objects input, 1 objects tracked!
I1012 15:58:24.878226  8547 work_track.cpp:148] Frame: 8, track bbox: [176 x 225 from (241.765, 31.3298)], gid: 0, lid: 0
I1012 15:58:24.878260  8547 work_thread.hpp:88]  [T-Work-Detect_0] Frame :8 split
I1012 15:58:24.878278  8547 work_thread.hpp:120]  [T-Work-Detect_0] Valid piece: gid = 0
I1012 15:58:24.878296  8547 work_thread.hpp:92]  [T-Work-Detect_0] Push to split queue:recog
I1012 15:58:24.878345  8549 work_thread.hpp:81]  [T-Work-Recog_1] Run work: WorkCapture
I1012 15:58:24.878674  8550 thread_intergrate.hpp:78] [T-Intergrate-intergrate] queue: frame output frame :8
I1012 15:58:24.878701  8550 thread_intergrate.hpp:85] [T-Intergrate-intergrate] queue: compare output face:0
I1012 15:58:24.878720  8550 thread_intergrate.hpp:134] T-Intergrate-intergrate set matched face: 0
I1012 15:58:24.878921  8549 work_thread.hpp:81]  [T-Work-Recog_1] Run work: WorkRecog
I1012 15:58:24.878944  8549 work_recog.hpp:89] Face id: 0 will run recog: bbox [176 x 225 from (245, 32)] quality: 0.472249
I1012 15:58:24.878973  8549 work_recog.hpp:96] Recog pair: [248 x 320 from (208, 0)], [176 x 225 from (37, 32)]
I1012 15:58:24.880517  8550 thread_intergrate.hpp:154] T-Intergrate-intergrate Show face :0, size :640 * 360
I1012 15:58:24.881006  8546 demo_inner.hpp:435] thread [SORT-0]  frame id 8 sorting queue size 0   FPS: 20.1149
I1012 15:58:24.881074  8545 demo_inner.hpp:260]  gui queue size 0, state = running
I1012 15:58:24.900048  8549 work_thread.hpp:81]  [T-Work-Recog_1] Run work: WorkCompare
I1012 15:58:24.900187  8549 work_compare.cpp:76] Compare face: 0 successed, similarity :0.996727, name : images/thanglmb.jpg, normal size : 640 * 360!
I1012 15:58:24.930749  8544 demo_inner.hpp:177] decode queue size 0
I1012 15:58:24.930932  8547 work_thread.hpp:81]  [T-Work-Detect_0] Run work: WorkDetect
I1012 15:58:24.930970  8547 work_detect.cpp:102] Succeeded to add det start for frame 9
I1012 15:58:24.937737  8547 work_detect.cpp:70] Frame :9 detect result :1 face(s)
I1012 15:58:24.937780  8547 work_detect.cpp:86] Detected bbox: [175 x 232 from (248, 28)]
I1012 15:58:24.937821  8547 work_detect.cpp:120] Succeeded to add det end for frame 9
I1012 15:58:24.937839  8547 work_thread.hpp:81]  [T-Work-Detect_0] Run work: WrokTrack
I1012 15:58:24.937862  8547 work_track.cpp:82] Frame: 9 build input_characts: [0.273438 x 0.644444 from (0.3875, 0.0777778)], 1.00019, 0
I1012 15:58:24.937918  8547 work_track.cpp:102] Succeeded to set track lock for frame 9
I1012 15:58:24.937958  8547 work_track.cpp:116] Succeeded to release track lock for frame 9
I1012 15:58:24.937973  8547 work_track.cpp:120] Track results of frame 9: 1 objects input, 1 objects tracked!
I1012 15:58:24.937990  8547 work_track.cpp:148] Frame: 9, track bbox: [175 x 232 from (246.876, 28.1432)], gid: 0, lid: 0
I1012 15:58:24.938025  8547 work_thread.hpp:88]  [T-Work-Detect_0] Frame :9 split
I1012 15:58:24.938043  8547 work_thread.hpp:120]  [T-Work-Detect_0] Valid piece: gid = 0
I1012 15:58:24.938061  8547 work_thread.hpp:92]  [T-Work-Detect_0] Push to split queue:recog
I1012 15:58:24.938109  8549 work_thread.hpp:81]  [T-Work-Recog_1] Run work: WorkCapture
I1012 15:58:24.938123  8550 thread_intergrate.hpp:78] [T-Intergrate-intergrate] queue: frame output frame :9
I1012 15:58:24.938148  8550 thread_intergrate.hpp:85] [T-Intergrate-intergrate] queue: compare output face:0
I1012 15:58:24.938166  8550 thread_intergrate.hpp:134] T-Intergrate-intergrate set matched face: 0
I1012 15:58:24.938719  8549 work_thread.hpp:81]  [T-Work-Recog_1] Run work: WorkRecog
I1012 15:58:24.938745  8549 work_recog.hpp:89] Face id: 0 will run recog: bbox [175 x 232 from (248, 28)] quality: 0.480933
I1012 15:58:24.938772  8549 work_recog.hpp:96] Recog pair: [256 x 328 from (208, 0)], [175 x 232 from (40, 28)]
I1012 15:58:24.939332  8550 thread_intergrate.hpp:154] T-Intergrate-intergrate Show face :0, size :640 * 360
I1012 15:58:24.939867  8546 demo_inner.hpp:435] thread [SORT-0]  frame id 9 sorting queue size 0   FPS: 19.656
I1012 15:58:24.939931  8545 demo_inner.hpp:260]  gui queue size 0, state = running
I1012 15:58:24.958767  8549 work_thread.hpp:81]  [T-Work-Recog_1] Run work: WorkCompare
I1012 15:58:24.958890  8549 work_compare.cpp:76] Compare face: 0 successed, similarity :0.996955, name : images/thanglmb.jpg, normal size : 640 * 360!
I1012 15:58:24.990759  8544 demo_inner.hpp:177] decode queue size 0
I1012 15:58:24.990860  8547 work_thread.hpp:81]  [T-Work-Detect_0] Run work: WorkDetect
I1012 15:58:24.990898  8547 work_detect.cpp:102] Succeeded to add det start for frame 10
I1012 15:58:24.997630  8547 work_detect.cpp:70] Frame :10 detect result :1 face(s)
I1012 15:58:24.997673  8547 work_detect.cpp:86] Detected bbox: [173 x 220 from (247, 28)]
I1012 15:58:24.997715  8547 work_detect.cpp:120] Succeeded to add det end for frame 10
I1012 15:58:24.997731  8547 work_thread.hpp:81]  [T-Work-Detect_0] Run work: WrokTrack
I1012 15:58:24.997756  8547 work_track.cpp:82] Frame: 10 build input_characts: [0.270312 x 0.611111 from (0.385938, 0.0777778)], 1.00035, 0
I1012 15:58:24.997813  8547 work_track.cpp:102] Succeeded to set track lock for frame 10
I1012 15:58:24.997853  8547 work_track.cpp:116] Succeeded to release track lock for frame 10
I1012 15:58:24.997869  8547 work_track.cpp:120] Track results of frame 10: 1 objects input, 1 objects tracked!
I1012 15:58:24.997885  8547 work_track.cpp:148] Frame: 10, track bbox: [173 x 220 from (247.573, 31.0452)], gid: 0, lid: 0
I1012 15:58:24.997921  8547 work_thread.hpp:88]  [T-Work-Detect_0] Frame :10 split
I1012 15:58:24.997939  8547 work_thread.hpp:120]  [T-Work-Detect_0] Valid piece: gid = 0
I1012 15:58:24.997957  8547 work_thread.hpp:92]  [T-Work-Detect_0] Push to split queue:recog
I1012 15:58:24.998006  8549 work_thread.hpp:81]  [T-Work-Recog_1] Run work: WorkCapture
I1012 15:58:24.998015  8550 thread_intergrate.hpp:78] [T-Intergrate-intergrate] queue: frame output frame :10
I1012 15:58:24.998123  8550 thread_intergrate.hpp:85] [T-Intergrate-intergrate] queue: compare output face:0
I1012 15:58:24.998142  8550 thread_intergrate.hpp:134] T-Intergrate-intergrate set matched face: 0
I1012 15:58:24.998656  8549 work_thread.hpp:81]  [T-Work-Recog_1] Run work: WorkRecog
I1012 15:58:24.998682  8549 work_recog.hpp:89] Face id: 0 will run recog: bbox [173 x 220 from (247, 28)] quality: 0.479748
I1012 15:58:24.998711  8549 work_recog.hpp:96] Recog pair: [248 x 312 from (208, 0)], [173 x 220 from (39, 28)]
I1012 15:58:24.999302  8550 thread_intergrate.hpp:154] T-Intergrate-intergrate Show face :0, size :640 * 360
I1012 15:58:24.999788  8546 demo_inner.hpp:435] thread [SORT-0]  frame id 10 sorting queue size 0   FPS: 19.2719
I1012 15:58:24.999853  8545 demo_inner.hpp:260]  gui queue size 0, state = running
I1012 15:58:25.018597  8549 work_thread.hpp:81]  [T-Work-Recog_1] Run work: WorkCompare
I1012 15:58:25.018738  8549 work_compare.cpp:76] Compare face: 0 successed, similarity :0.996443, name : images/thanglmb.jpg, normal size : 640 * 360!
I1012 15:58:25.050953  8544 demo_inner.hpp:177] decode queue size 0
I1012 15:58:25.051055  8547 work_thread.hpp:81]  [T-Work-Detect_0] Run work: WorkDetect
I1012 15:58:25.051093  8547 work_detect.cpp:102] Succeeded to add det start for frame 11
I1012 15:58:25.057796  8547 work_detect.cpp:70] Frame :11 detect result :1 face(s)
I1012 15:58:25.057837  8547 work_detect.cpp:86] Detected bbox: [173 x 223 from (240, 30)]
I1012 15:58:25.057878  8547 work_detect.cpp:120] Succeeded to add det end for frame 11
I1012 15:58:25.057894  8547 work_thread.hpp:81]  [T-Work-Detect_0] Run work: WrokTrack
I1012 15:58:25.057919  8547 work_track.cpp:82] Frame: 11 build input_characts: [0.270312 x 0.619444 from (0.375, 0.0833333)], 1.00035, 0
I1012 15:58:25.057973  8547 work_track.cpp:102] Succeeded to set track lock for frame 11
I1012 15:58:25.058014  8547 work_track.cpp:116] Succeeded to release track lock for frame 11
I1012 15:58:25.058029  8547 work_track.cpp:120] Track results of frame 11: 1 objects input, 1 objects tracked!
I1012 15:58:25.058048  8547 work_track.cpp:148] Frame: 11, track bbox: [173 x 223 from (243.515, 29.4053)], gid: 0, lid: 0
I1012 15:58:25.058084  8547 work_thread.hpp:88]  [T-Work-Detect_0] Frame :11 split
I1012 15:58:25.058101  8547 work_thread.hpp:120]  [T-Work-Detect_0] Valid piece: gid = 0
I1012 15:58:25.058120  8547 work_thread.hpp:92]  [T-Work-Detect_0] Push to split queue:recog
I1012 15:58:25.058172  8549 work_thread.hpp:81]  [T-Work-Recog_1] Run work: WorkCapture
I1012 15:58:25.058177  8550 thread_intergrate.hpp:78] [T-Intergrate-intergrate] queue: frame output frame :11
I1012 15:58:25.058204  8550 thread_intergrate.hpp:85] [T-Intergrate-intergrate] queue: compare output face:0
I1012 15:58:25.058223  8550 thread_intergrate.hpp:134] T-Intergrate-intergrate set matched face: 0
I1012 15:58:25.058743  8549 work_thread.hpp:81]  [T-Work-Recog_1] Run work: WorkRecog
I1012 15:58:25.058775  8549 work_recog.hpp:89] Face id: 0 will run recog: bbox [173 x 223 from (240, 30)] quality: 0.487744
I1012 15:58:25.058804  8549 work_recog.hpp:96] Recog pair: [248 x 312 from (200, 0)], [173 x 223 from (40, 30)]
I1012 15:58:25.059382  8550 thread_intergrate.hpp:154] T-Intergrate-intergrate Show face :0, size :640 * 360
I1012 15:58:25.059887  8546 demo_inner.hpp:435] thread [SORT-0]  frame id 11 sorting queue size 0   FPS: 18.9753
I1012 15:58:25.059953  8545 demo_inner.hpp:260]  gui queue size 0, state = running
I1012 15:58:25.078783  8549 work_thread.hpp:81]  [T-Work-Recog_1] Run work: WorkCompare
I1012 15:58:25.078919  8549 work_compare.cpp:76] Compare face: 0 successed, similarity :0.993882, name : images/thanglmb.jpg, normal size : 640 * 360!
I1012 15:58:25.110939  8544 demo_inner.hpp:177] decode queue size 0
I1012 15:58:25.111042  8547 work_thread.hpp:81]  [T-Work-Detect_0] Run work: WorkDetect
I1012 15:58:25.111088  8547 work_detect.cpp:102] Succeeded to add det start for frame 12
I1012 15:58:25.118468  8547 work_detect.cpp:70] Frame :12 detect result :1 face(s)
I1012 15:58:25.118515  8547 work_detect.cpp:86] Detected bbox: [176 x 224 from (243, 32)]
I1012 15:58:25.118556  8547 work_detect.cpp:120] Succeeded to add det end for frame 12
I1012 15:58:25.118580  8547 work_thread.hpp:81]  [T-Work-Detect_0] Run work: WrokTrack
I1012 15:58:25.118604  8547 work_track.cpp:82] Frame: 12 build input_characts: [0.275 x 0.622222 from (0.379687, 0.0888889)], 1.00019, 0
I1012 15:58:25.118661  8547 work_track.cpp:102] Succeeded to set track lock for frame 12
I1012 15:58:25.118724  8547 work_track.cpp:116] Succeeded to release track lock for frame 12
I1012 15:58:25.118739  8547 work_track.cpp:120] Track results of frame 12: 1 objects input, 1 objects tracked!
I1012 15:58:25.118757  8547 work_track.cpp:148] Frame: 12, track bbox: [176 x 224 from (241.926, 29.5049)], gid: 0, lid: 0
I1012 15:58:25.118793  8547 work_thread.hpp:88]  [T-Work-Detect_0] Frame :12 split
I1012 15:58:25.118811  8547 work_thread.hpp:120]  [T-Work-Detect_0] Valid piece: gid = 0
I1012 15:58:25.118837  8547 work_thread.hpp:92]  [T-Work-Detect_0] Push to split queue:recog
I1012 15:58:25.118885  8549 work_thread.hpp:81]  [T-Work-Recog_1] Run work: WorkCapture
I1012 15:58:25.119240  8550 thread_intergrate.hpp:78] [T-Intergrate-intergrate] queue: frame output frame :12
I1012 15:58:25.119269  8550 thread_intergrate.hpp:85] [T-Intergrate-intergrate] queue: compare output face:0
I1012 15:58:25.119289  8550 thread_intergrate.hpp:134] T-Intergrate-intergrate set matched face: 0
I1012 15:58:25.119539  8549 work_thread.hpp:81]  [T-Work-Recog_1] Run work: WorkRecog
I1012 15:58:25.119570  8549 work_recog.hpp:89] Face id: 0 will run recog: bbox [176 x 224 from (243, 32)] quality: 0.488155
I1012 15:58:25.119597  8549 work_recog.hpp:96] Recog pair: [248 x 312 from (208, 0)], [176 x 224 from (35, 32)]
I1012 15:58:25.120483  8550 thread_intergrate.hpp:154] T-Intergrate-intergrate Show face :0, size :640 * 360
I1012 15:58:25.120955  8546 demo_inner.hpp:435] thread [SORT-0]  frame id 12 sorting queue size 0   FPS: 18.7075
I1012 15:58:25.121032  8545 demo_inner.hpp:260]  gui queue size 0, state = running
I1012 15:58:25.138254  8549 work_thread.hpp:81]  [T-Work-Recog_1] Run work: WorkCompare
I1012 15:58:25.138370  8549 work_compare.cpp:76] Compare face: 0 successed, similarity :0.990851, name : images/thanglmb.jpg, normal size : 640 * 360!
I1012 15:58:25.171440  8544 demo_inner.hpp:177] decode queue size 0
I1012 15:58:25.171576  8547 work_thread.hpp:81]  [T-Work-Detect_0] Run work: WorkDetect
I1012 15:58:25.171622  8547 work_detect.cpp:102] Succeeded to add det start for frame 13
I1012 15:58:25.179952  8547 work_detect.cpp:70] Frame :13 detect result :1 face(s)
I1012 15:58:25.180014  8547 work_detect.cpp:86] Detected bbox: [186 x 233 from (222, 26)]
I1012 15:58:25.180138  8547 work_detect.cpp:120] Succeeded to add det end for frame 13
I1012 15:58:25.180157  8547 work_thread.hpp:81]  [T-Work-Detect_0] Run work: WrokTrack
I1012 15:58:25.180182  8547 work_track.cpp:82] Frame: 13 build input_characts: [0.290625 x 0.647222 from (0.346875, 0.0722222)], 1.00019, 0
I1012 15:58:25.180248  8547 work_track.cpp:102] Succeeded to set track lock for frame 13
I1012 15:58:25.180313  8547 work_track.cpp:116] Succeeded to release track lock for frame 13
I1012 15:58:25.180328  8547 work_track.cpp:120] Track results of frame 13: 1 objects input, 1 objects tracked!
I1012 15:58:25.180354  8547 work_track.cpp:148] Frame: 13, track bbox: [186 x 233 from (228.196, 25.4517)], gid: 0, lid: 0
I1012 15:58:25.180408  8547 work_thread.hpp:88]  [T-Work-Detect_0] Frame :13 split
I1012 15:58:25.180428  8547 work_thread.hpp:120]  [T-Work-Detect_0] Valid piece: gid = 0
I1012 15:58:25.180445  8547 work_thread.hpp:92]  [T-Work-Detect_0] Push to split queue:recog
I1012 15:58:25.180508  8550 thread_intergrate.hpp:78] [T-Intergrate-intergrate] queue: frame output frame :13
I1012 15:58:25.180518  8549 work_thread.hpp:81]  [T-Work-Recog_1] Run work: WorkCapture
I1012 15:58:25.180537  8550 thread_intergrate.hpp:85] [T-Intergrate-intergrate] queue: compare output face:0
I1012 15:58:25.180634  8550 thread_intergrate.hpp:134] T-Intergrate-intergrate set matched face: 0
I1012 15:58:25.181238  8549 work_thread.hpp:81]  [T-Work-Recog_1] Run work: WorkRecog
I1012 15:58:25.181264  8549 work_recog.hpp:89] Face id: 0 will run recog: bbox [186 x 233 from (222, 26)] quality: 0.45509
I1012 15:58:25.181293  8549 work_recog.hpp:96] Recog pair: [264 x 328 from (184, 0)], [186 x 233 from (38, 26)]
I1012 15:58:25.181862  8550 thread_intergrate.hpp:154] T-Intergrate-intergrate Show face :0, size :640 * 360
I1012 15:58:25.182447  8546 demo_inner.hpp:435] thread [SORT-0]  frame id 13 sorting queue size 0   FPS: 18.49
I1012 15:58:25.182540  8545 demo_inner.hpp:260]  gui queue size 0, state = running
I1012 15:58:25.201056  8549 work_thread.hpp:81]  [T-Work-Recog_1] Run work: WorkCompare
I1012 15:58:25.201179  8549 work_compare.cpp:76] Compare face: 0 successed, similarity :0.993408, name : images/thanglmb.jpg, normal size : 640 * 360!
I1012 15:58:25.254945  8544 demo_inner.hpp:177] decode queue size 0
I1012 15:58:25.255056  8547 work_thread.hpp:81]  [T-Work-Detect_0] Run work: WorkDetect
I1012 15:58:25.255093  8547 work_detect.cpp:102] Succeeded to add det start for frame 14
I1012 15:58:25.262847  8547 work_detect.cpp:70] Frame :14 detect result :1 face(s)
I1012 15:58:25.262893  8547 work_detect.cpp:86] Detected bbox: [175 x 219 from (237, 33)]
I1012 15:58:25.262957  8547 work_detect.cpp:120] Succeeded to add det end for frame 14
I1012 15:58:25.262975  8547 work_thread.hpp:81]  [T-Work-Detect_0] Run work: WrokTrack
I1012 15:58:25.263000  8547 work_track.cpp:82] Frame: 14 build input_characts: [0.273438 x 0.608333 from (0.370313, 0.0916667)], 1.00019, 0
I1012 15:58:25.263064  8547 work_track.cpp:102] Succeeded to set track lock for frame 14
I1012 15:58:25.263103  8547 work_track.cpp:116] Succeeded to release track lock for frame 14
I1012 15:58:25.263118  8547 work_track.cpp:120] Track results of frame 14: 1 objects input, 1 objects tracked!
I1012 15:58:25.263135  8547 work_track.cpp:148] Frame: 14, track bbox: [175 x 219 from (232.59, 33.1941)], gid: 0, lid: 0
I1012 15:58:25.263195  8547 work_thread.hpp:88]  [T-Work-Detect_0] Frame :14 split
I1012 15:58:25.263213  8547 work_thread.hpp:120]  [T-Work-Detect_0] Valid piece: gid = 0
I1012 15:58:25.263232  8547 work_thread.hpp:92]  [T-Work-Detect_0] Push to split queue:recog
I1012 15:58:25.263273  8548 work_thread.hpp:81]  [T-Work-Recog_0] Run work: WorkCapture
I1012 15:58:25.263274  8550 thread_intergrate.hpp:78] [T-Intergrate-intergrate] queue: frame output frame :14
I1012 15:58:25.263315  8550 thread_intergrate.hpp:85] [T-Intergrate-intergrate] queue: compare output face:0
I1012 15:58:25.263335  8550 thread_intergrate.hpp:134] T-Intergrate-intergrate set matched face: 0
I1012 15:58:25.263835  8548 work_thread.hpp:81]  [T-Work-Recog_0] Run work: WorkRecog
I1012 15:58:25.263859  8548 work_recog.hpp:89] Face id: 0 will run recog: bbox [175 x 219 from (237, 33)] quality: 0.450847
I1012 15:58:25.263887  8548 work_recog.hpp:96] Recog pair: [248 x 312 from (200, 0)], [175 x 219 from (37, 33)]
I1012 15:58:25.264525  8550 thread_intergrate.hpp:154] T-Intergrate-intergrate Show face :0, size :640 * 360
I1012 15:58:25.265012  8546 demo_inner.hpp:435] thread [SORT-0]  frame id 14 sorting queue size 0   FPS: 17.7596
I1012 15:58:25.281419  8548 work_thread.hpp:81]  [T-Work-Recog_0] Run work: WorkCompare
I1012 15:58:25.281504  8548 work_compare.cpp:76] Compare face: 0 successed, similarity :0.987995, name : images/thanglmb.jpg, normal size : 640 * 360!
I1012 15:58:25.333706  8544 demo_inner.hpp:177] decode queue size 0
I1012 15:58:25.333839  8547 work_thread.hpp:81]  [T-Work-Detect_0] Run work: WorkDetect
I1012 15:58:25.333876  8547 work_detect.cpp:102] Succeeded to add det start for frame 15
I1012 15:58:25.341480  8547 work_detect.cpp:70] Frame :15 detect result :1 face(s)
I1012 15:58:25.341516  8547 work_detect.cpp:86] Detected bbox: [182 x 233 from (223, 30)]
I1012 15:58:25.341580  8547 work_detect.cpp:120] Succeeded to add det end for frame 15
I1012 15:58:25.341677  8547 work_thread.hpp:81]  [T-Work-Detect_0] Run work: WrokTrack
I1012 15:58:25.341703  8547 work_track.cpp:82] Frame: 15 build input_characts: [0.284375 x 0.647222 from (0.348437, 0.0833333)], 1.00035, 0
I1012 15:58:25.341758  8547 work_track.cpp:102] Succeeded to set track lock for frame 15
I1012 15:58:25.341821  8547 work_track.cpp:116] Succeeded to release track lock for frame 15
I1012 15:58:25.341836  8547 work_track.cpp:120] Track results of frame 15: 1 objects input, 1 objects tracked!
I1012 15:58:25.341854  8547 work_track.cpp:148] Frame: 15, track bbox: [182 x 233 from (224.546, 29.1474)], gid: 0, lid: 0
I1012 15:58:25.341897  8547 work_thread.hpp:88]  [T-Work-Detect_0] Frame :15 split
I1012 15:58:25.341917  8547 work_thread.hpp:120]  [T-Work-Detect_0] Valid piece: gid = 0
I1012 15:58:25.341934  8547 work_thread.hpp:92]  [T-Work-Detect_0] Push to split queue:recog
I1012 15:58:25.341984  8549 work_thread.hpp:81]  [T-Work-Recog_1] Run work: WorkCapture
I1012 15:58:25.342386  8550 thread_intergrate.hpp:78] [T-Intergrate-intergrate] queue: frame output frame :15
I1012 15:58:25.342412  8550 thread_intergrate.hpp:85] [T-Intergrate-intergrate] queue: compare output face:0
I1012 15:58:25.342430  8550 thread_intergrate.hpp:134] T-Intergrate-intergrate set matched face: 0
I1012 15:58:25.342641  8549 work_thread.hpp:81]  [T-Work-Recog_1] Run work: WorkRecog
I1012 15:58:25.342665  8549 work_recog.hpp:89] Face id: 0 will run recog: bbox [182 x 233 from (223, 30)] quality: 0.489279
I1012 15:58:25.342694  8549 work_recog.hpp:96] Recog pair: [264 x 328 from (184, 0)], [182 x 233 from (39, 30)]
I1012 15:58:25.343597  8550 thread_intergrate.hpp:154] T-Intergrate-intergrate Show face :0, size :640 * 360
I1012 15:58:25.344080  8546 demo_inner.hpp:435] thread [SORT-0]  frame id 15 sorting queue size 1   FPS: 17.2626
I1012 15:58:25.360556  8549 work_thread.hpp:81]  [T-Work-Recog_1] Run work: WorkCompare
I1012 15:58:25.360635  8549 work_compare.cpp:76] Compare face: 0 successed, similarity :0.990889, name : images/thanglmb.jpg, normal size : 640 * 360!
I1012 15:58:25.411670  8544 demo_inner.hpp:177] decode queue size 0
I1012 15:58:25.411803  8547 work_thread.hpp:81]  [T-Work-Detect_0] Run work: WorkDetect
I1012 15:58:25.411839  8547 work_detect.cpp:102] Succeeded to add det start for frame 16
I1012 15:58:25.419334  8547 work_detect.cpp:70] Frame :16 detect result :1 face(s)
I1012 15:58:25.419373  8547 work_detect.cpp:86] Detected bbox: [180 x 231 from (219, 25)]
I1012 15:58:25.419418  8547 work_detect.cpp:120] Succeeded to add det end for frame 16
I1012 15:58:25.419500  8547 work_thread.hpp:81]  [T-Work-Detect_0] Run work: WrokTrack
I1012 15:58:25.419524  8547 work_track.cpp:82] Frame: 16 build input_characts: [0.28125 x 0.641667 from (0.342187, 0.0694444)], 1.00019, 0
I1012 15:58:25.419585  8547 work_track.cpp:102] Succeeded to set track lock for frame 16
I1012 15:58:25.419625  8547 work_track.cpp:116] Succeeded to release track lock for frame 16
I1012 15:58:25.419639  8547 work_track.cpp:120] Track results of frame 16: 1 objects input, 1 objects tracked!
I1012 15:58:25.419663  8547 work_track.cpp:148] Frame: 16, track bbox: [180 x 231 from (220.781, 27.5941)], gid: 0, lid: 0
I1012 15:58:25.419714  8547 work_thread.hpp:88]  [T-Work-Detect_0] Frame :16 split
I1012 15:58:25.419733  8547 work_thread.hpp:120]  [T-Work-Detect_0] Valid piece: gid = 0
I1012 15:58:25.419750  8547 work_thread.hpp:92]  [T-Work-Detect_0] Push to split queue:recog
I1012 15:58:25.419807  8549 work_thread.hpp:81]  [T-Work-Recog_1] Run work: WorkCapture
I1012 15:58:25.420188  8550 thread_intergrate.hpp:78] [T-Intergrate-intergrate] queue: frame output frame :16
I1012 15:58:25.420214  8550 thread_intergrate.hpp:85] [T-Intergrate-intergrate] queue: compare output face:0
I1012 15:58:25.420233  8550 thread_intergrate.hpp:134] T-Intergrate-intergrate set matched face: 0
I1012 15:58:25.420435  8549 work_thread.hpp:81]  [T-Work-Recog_1] Run work: WorkRecog
I1012 15:58:25.420459  8549 work_recog.hpp:89] Face id: 0 will run recog: bbox [180 x 231 from (219, 25)] quality: 0.468788
I1012 15:58:25.420579  8549 work_recog.hpp:96] Recog pair: [264 x 328 from (176, 0)], [180 x 231 from (43, 25)]
I1012 15:58:25.421437  8550 thread_intergrate.hpp:154] T-Intergrate-intergrate Show face :0, size :640 * 360
I1012 15:58:25.421994  8546 demo_inner.hpp:435] thread [SORT-0]  frame id 16 sorting queue size 2   FPS: 16.8729
I1012 15:58:25.423056  8545 demo_inner.hpp:260]  gui queue size 2, state = running
I1012 15:58:25.438308  8549 work_thread.hpp:81]  [T-Work-Recog_1] Run work: WorkCompare
I1012 15:58:25.438446  8549 work_compare.cpp:76] Compare face: 0 successed, similarity :0.988983, name : images/thanglmb.jpg, normal size : 640 * 360!
I1012 15:58:25.495157  8544 demo_inner.hpp:177] decode queue size 0
I1012 15:58:25.495278  8547 work_thread.hpp:81]  [T-Work-Detect_0] Run work: WorkDetect
I1012 15:58:25.495314  8547 work_detect.cpp:102] Succeeded to add det start for frame 17
I1012 15:58:25.502874  8547 work_detect.cpp:70] Frame :17 detect result :1 face(s)
I1012 15:58:25.502923  8547 work_detect.cpp:86] Detected bbox: [173 x 224 from (218, 31)]
I1012 15:58:25.502964  8547 work_detect.cpp:120] Succeeded to add det end for frame 17
I1012 15:58:25.502979  8547 work_thread.hpp:81]  [T-Work-Detect_0] Run work: WrokTrack
I1012 15:58:25.503026  8547 work_track.cpp:82] Frame: 17 build input_characts: [0.270312 x 0.622222 from (0.340625, 0.0861111)], 1.00019, 0
I1012 15:58:25.503083  8547 work_track.cpp:102] Succeeded to set track lock for frame 17
I1012 15:58:25.503123  8547 work_track.cpp:116] Succeeded to release track lock for frame 17
I1012 15:58:25.503144  8547 work_track.cpp:120] Track results of frame 17: 1 objects input, 1 objects tracked!
I1012 15:58:25.503161  8547 work_track.cpp:148] Frame: 17, track bbox: [173 x 224 from (218.324, 30.661)], gid: 0, lid: 0
I1012 15:58:25.503196  8547 work_thread.hpp:88]  [T-Work-Detect_0] Frame :17 split
I1012 15:58:25.503214  8547 work_thread.hpp:120]  [T-Work-Detect_0] Valid piece: gid = 0
I1012 15:58:25.503232  8547 work_thread.hpp:92]  [T-Work-Detect_0] Push to split queue:recog
I1012 15:58:25.503296  8549 work_thread.hpp:81]  [T-Work-Recog_1] Run work: WorkCapture
I1012 15:58:25.503670  8550 thread_intergrate.hpp:78] [T-Intergrate-intergrate] queue: frame output frame :17
I1012 15:58:25.503700  8550 thread_intergrate.hpp:85] [T-Intergrate-intergrate] queue: compare output face:0
I1012 15:58:25.503717  8550 thread_intergrate.hpp:134] T-Intergrate-intergrate set matched face: 0
I1012 15:58:25.503913  8549 work_thread.hpp:81]  [T-Work-Recog_1] Run work: WorkRecog
I1012 15:58:25.503937  8549 work_recog.hpp:89] Face id: 0 will run recog: bbox [173 x 224 from (218, 31)] quality: 0.467477
I1012 15:58:25.503963  8549 work_recog.hpp:96] Recog pair: [248 x 312 from (184, 0)], [173 x 224 from (34, 31)]
I1012 15:58:25.504896  8550 thread_intergrate.hpp:154] T-Intergrate-intergrate Show face :0, size :640 * 360
I1012 15:58:25.505425  8546 demo_inner.hpp:435] thread [SORT-0]  frame id 17 sorting queue size 0   FPS: 16.4609
I1012 15:58:25.505492  8545 demo_inner.hpp:260]  gui queue size 0, state = running
I1012 15:58:25.522006  8549 work_thread.hpp:81]  [T-Work-Recog_1] Run work: WorkCompare
I1012 15:58:25.522207  8549 work_compare.cpp:76] Compare face: 0 successed, similarity :0.99478, name : images/thanglmb.jpg, normal size : 640 * 360!
I1012 15:58:25.591356  8544 demo_inner.hpp:177] decode queue size 0
I1012 15:58:25.591455  8547 work_thread.hpp:81]  [T-Work-Detect_0] Run work: WorkDetect
I1012 15:58:25.591492  8547 work_detect.cpp:102] Succeeded to add det start for frame 18
I1012 15:58:25.598184  8547 work_detect.cpp:70] Frame :18 detect result :1 face(s)
I1012 15:58:25.598217  8547 work_detect.cpp:86] Detected bbox: [168 x 220 from (215, 35)]
I1012 15:58:25.598256  8547 work_detect.cpp:120] Succeeded to add det end for frame 18
I1012 15:58:25.598273  8547 work_thread.hpp:81]  [T-Work-Detect_0] Run work: WrokTrack
I1012 15:58:25.598296  8547 work_track.cpp:82] Frame: 18 build input_characts: [0.2625 x 0.611111 from (0.335938, 0.0972222)], 1.00035, 0
I1012 15:58:25.598430  8547 work_track.cpp:102] Succeeded to set track lock for frame 18
I1012 15:58:25.598471  8547 work_track.cpp:116] Succeeded to release track lock for frame 18
I1012 15:58:25.598486  8547 work_track.cpp:120] Track results of frame 18: 1 objects input, 1 objects tracked!
I1012 15:58:25.598505  8547 work_track.cpp:148] Frame: 18, track bbox: [168 x 220 from (216.65, 33.9085)], gid: 0, lid: 0
I1012 15:58:25.598541  8547 work_thread.hpp:88]  [T-Work-Detect_0] Frame :18 split
I1012 15:58:25.598558  8547 work_thread.hpp:120]  [T-Work-Detect_0] Valid piece: gid = 0
I1012 15:58:25.598577  8547 work_thread.hpp:92]  [T-Work-Detect_0] Push to split queue:recog
I1012 15:58:25.598616  8549 work_thread.hpp:81]  [T-Work-Recog_1] Run work: WorkCapture
I1012 15:58:25.598626  8550 thread_intergrate.hpp:78] [T-Intergrate-intergrate] queue: frame output frame :18
I1012 15:58:25.598651  8550 thread_intergrate.hpp:85] [T-Intergrate-intergrate] queue: compare output face:0
I1012 15:58:25.598670  8550 thread_intergrate.hpp:134] T-Intergrate-intergrate set matched face: 0
I1012 15:58:25.599164  8549 work_thread.hpp:81]  [T-Work-Recog_1] Run work: WorkRecog
I1012 15:58:25.599186  8549 work_recog.hpp:89] Face id: 0 will run recog: bbox [168 x 220 from (215, 35)] quality: 0.450956
I1012 15:58:25.599213  8549 work_recog.hpp:96] Recog pair: [240 x 312 from (176, 0)], [168 x 220 from (39, 35)]
I1012 15:58:25.599829  8550 thread_intergrate.hpp:154] T-Intergrate-intergrate Show face :0, size :640 * 360
I1012 15:58:25.600328  8546 demo_inner.hpp:435] thread [SORT-0]  frame id 18 sorting queue size 0   FPS: 15.9325
I1012 15:58:25.600392  8545 demo_inner.hpp:260]  gui queue size 0, state = running
I1012 15:58:25.617101  8549 work_thread.hpp:81]  [T-Work-Recog_1] Run work: WorkCompare
I1012 15:58:25.617244  8549 work_compare.cpp:76] Compare face: 0 successed, similarity :0.993276, name : images/thanglmb.jpg, normal size : 640 * 360!
I1012 15:58:25.693259  8544 demo_inner.hpp:177] decode queue size 0
I1012 15:58:25.693351  8547 work_thread.hpp:81]  [T-Work-Detect_0] Run work: WorkDetect
I1012 15:58:25.693387  8547 work_detect.cpp:102] Succeeded to add det start for frame 19
I1012 15:58:25.700210  8547 work_detect.cpp:70] Frame :19 detect result :1 face(s)
I1012 15:58:25.700243  8547 work_detect.cpp:86] Detected bbox: [171 x 223 from (214, 30)]
I1012 15:58:25.700304  8547 work_detect.cpp:120] Succeeded to add det end for frame 19
I1012 15:58:25.700321  8547 work_thread.hpp:81]  [T-Work-Detect_0] Run work: WrokTrack
I1012 15:58:25.700345  8547 work_track.cpp:82] Frame: 19 build input_characts: [0.267188 x 0.619444 from (0.334375, 0.0833333)], 1.00019, 0
I1012 15:58:25.700402  8547 work_track.cpp:102] Succeeded to set track lock for frame 19
I1012 15:58:25.700441  8547 work_track.cpp:116] Succeeded to release track lock for frame 19
I1012 15:58:25.700455  8547 work_track.cpp:120] Track results of frame 19: 1 objects input, 1 objects tracked!
I1012 15:58:25.700472  8547 work_track.cpp:148] Frame: 19, track bbox: [171 x 223 from (210.46, 31.1675)], gid: 0, lid: 0
I1012 15:58:25.700508  8547 work_thread.hpp:88]  [T-Work-Detect_0] Frame :19 split
I1012 15:58:25.700525  8547 work_thread.hpp:120]  [T-Work-Detect_0] Valid piece: gid = 0
I1012 15:58:25.700543  8547 work_thread.hpp:92]  [T-Work-Detect_0] Push to split queue:recog
I1012 15:58:25.700585  8548 work_thread.hpp:81]  [T-Work-Recog_0] Run work: WorkCapture
I1012 15:58:25.700589  8550 thread_intergrate.hpp:78] [T-Intergrate-intergrate] queue: frame output frame :19
I1012 15:58:25.700629  8550 thread_intergrate.hpp:85] [T-Intergrate-intergrate] queue: compare output face:0
I1012 15:58:25.700649  8550 thread_intergrate.hpp:134] T-Intergrate-intergrate set matched face: 0
I1012 15:58:25.701133  8548 work_thread.hpp:81]  [T-Work-Recog_0] Run work: WorkRecog
I1012 15:58:25.701155  8548 work_recog.hpp:89] Face id: 0 will run recog: bbox [171 x 223 from (214, 30)] quality: 0.477176
I1012 15:58:25.701184  8548 work_recog.hpp:96] Recog pair: [248 x 312 from (176, 0)], [171 x 223 from (38, 30)]
I1012 15:58:25.701808  8550 thread_intergrate.hpp:154] T-Intergrate-intergrate Show face :0, size :640 * 360
I1012 15:58:25.702257  8546 demo_inner.hpp:435] thread [SORT-0]  frame id 19 sorting queue size 0   FPS: 15.3978
I1012 15:58:25.702325  8545 demo_inner.hpp:260]  gui queue size 0, state = running
I1012 15:58:25.719105  8548 work_thread.hpp:81]  [T-Work-Recog_0] Run work: WorkCompare
I1012 15:58:25.719214  8548 work_compare.cpp:76] Compare face: 0 successed, similarity :0.990925, name : images/thanglmb.jpg, normal size : 640 * 360!
