I1014 11:47:27.657001  5287 work_detect.cpp:86] Detected bbox: [149 x 198 from (291, 87)]
I1014 11:47:27.657034  5287 work_detect.cpp:86] Detected bbox: [30 x 37 from (129, 89)]
I1014 11:47:27.657064  5287 work_detect.cpp:120] Succeeded to add det end for frame 127
I1014 11:47:27.657081  5287 work_thread.hpp:81]  [T-Work-Detect_0] Run work: WrokTrack
I1014 11:47:27.657104  5287 work_track.cpp:82] Frame: 127 build input_characts: [0.232812 x 0.55 from (0.454688, 0.241667)], 1.00035, 0
I1014 11:47:27.657157  5287 work_track.cpp:82] Frame: 127 build input_characts: [0.046875 x 0.102778 from (0.201562, 0.247222)], 0.932491, 1
I1014 11:47:27.657193  5287 work_track.cpp:102] Succeeded to set track lock for frame 127
I1014 11:47:27.657243  5287 work_track.cpp:116] Succeeded to release track lock for frame 127
I1014 11:47:27.657258  5287 work_track.cpp:120] Track results of frame 127: 2 objects input, 2 objects tracked!
I1014 11:47:27.657275  5287 work_track.cpp:148] Frame: 127, track bbox: [149 x 198 from (290.489, 91.5709)], gid: 0, lid: 0
I1014 11:47:27.657308  5287 work_track.cpp:148] Frame: 127, track bbox: [30 x 37 from (128.931, 88.0725)], gid: 4, lid: 1
I1014 11:47:27.657341  5287 work_thread.hpp:88]  [T-Work-Detect_0] Frame :127 split
I1014 11:47:27.657358  5287 work_thread.hpp:120]  [T-Work-Detect_0] Valid piece: gid = 0
I1014 11:47:27.657375  5287 work_thread.hpp:120]  [T-Work-Detect_0] Valid piece: gid = 4
I1014 11:47:27.657392  5287 work_thread.hpp:92]  [T-Work-Detect_0] Push to split queue:recog
I1014 11:47:27.657420  5287 work_thread.hpp:92]  [T-Work-Detect_0] Push to split queue:recog
I1014 11:47:27.657441  5288 work_thread.hpp:81]  [T-Work-Recog_0] Run work: WorkCapture
I1014 11:47:27.657456  5289 work_thread.hpp:81]  [T-Work-Recog_1] Run work: WorkCapture
I1014 11:47:27.657474  5290 thread_intergrate.hpp:78] [T-Intergrate-intergrate] queue: frame output frame :127
I1014 11:47:27.657500  5290 thread_intergrate.hpp:85] [T-Intergrate-intergrate] queue: compare output face:0
I1014 11:47:27.657598  5290 thread_intergrate.hpp:137] T-Intergrate-intergrate set matched face: 0
I1014 11:47:27.657976  5289 work_thread.hpp:81]  [T-Work-Recog_1] Run work: WorkRecog
W1014 11:47:27.658001  5289 work_recog.hpp:118] Face id: 4 has low quality : 0.033252, no need to recog
I1014 11:47:27.658027  5288 work_thread.hpp:81]  [T-Work-Recog_0] Run work: WorkRecog
I1014 11:47:27.658123  5289 work_thread.hpp:81]  [T-Work-Recog_1] Run work: WorkCompare
I1014 11:47:27.658128  5288 work_recog.hpp:89] Face id: 0 will run recog: bbox [149 x 198 from (291, 87)] quality: 0.473796
I1014 11:47:27.658156  5288 work_recog.hpp:96] Recog pair: [216 x 280 from (256, 48)], [149 x 198 from (35, 39)]
I1014 11:47:27.658995  5290 thread_intergrate.hpp:157] T-Intergrate-intergrate Show face :0, size :640 * 360
I1014 11:47:27.659548  5286 demo_inner.hpp:435] thread [SORT-0]  frame id 127 sorting queue size 3   FPS: 29.9551
I1014 11:47:27.675818  5288 work_thread.hpp:81]  [T-Work-Recog_0] Run work: WorkCompare
I1014 11:47:27.675928  5288 work_compare.cpp:76] Compare face: 0 successed, similarity :0.974686, name : images/thanglmb.jpg, normal size : 640 * 360!
I1014 11:47:27.686226  5284 demo_inner.hpp:177] decode queue size 0
I1014 11:47:27.686337  5287 work_thread.hpp:81]  [T-Work-Detect_0] Run work: WorkDetect
I1014 11:47:27.686374  5287 work_detect.cpp:102] Succeeded to add det start for frame 128
I1014 11:47:27.693166  5287 work_detect.cpp:70] Frame :128 detect result :2 face(s)
I1014 11:47:27.693212  5287 work_detect.cpp:86] Detected bbox: [138 x 178 from (297, 107)]
I1014 11:47:27.693243  5287 work_detect.cpp:86] Detected bbox: [30 x 36 from (129, 89)]
I1014 11:47:27.693274  5287 work_detect.cpp:120] Succeeded to add det end for frame 128
I1014 11:47:27.693290  5287 work_thread.hpp:81]  [T-Work-Detect_0] Run work: WrokTrack
I1014 11:47:27.693315  5287 work_track.cpp:82] Frame: 128 build input_characts: [0.215625 x 0.494444 from (0.464063, 0.297222)], 0.999622, 0
I1014 11:47:27.693367  5287 work_track.cpp:82] Frame: 128 build input_characts: [0.046875 x 0.1 from (0.201562, 0.247222)], 0.938558, 1
I1014 11:47:27.693403  5287 work_track.cpp:102] Succeeded to set track lock for frame 128
I1014 11:47:27.693447  5287 work_track.cpp:116] Succeeded to release track lock for frame 128
I1014 11:47:27.693461  5287 work_track.cpp:120] Track results of frame 128: 2 objects input, 2 objects tracked!
I1014 11:47:27.693480  5287 work_track.cpp:148] Frame: 128, track bbox: [138 x 178 from (296.437, 103.124)], gid: 0, lid: 0
I1014 11:47:27.693513  5287 work_track.cpp:148] Frame: 128, track bbox: [30 x 36 from (129.504, 89.0982)], gid: 4, lid: 1
I1014 11:47:27.693547  5287 work_thread.hpp:88]  [T-Work-Detect_0] Frame :128 split
I1014 11:47:27.693564  5287 work_thread.hpp:120]  [T-Work-Detect_0] Valid piece: gid = 0
I1014 11:47:27.693583  5287 work_thread.hpp:120]  [T-Work-Detect_0] Valid piece: gid = 4
I1014 11:47:27.693599  5287 work_thread.hpp:92]  [T-Work-Detect_0] Push to split queue:recog
I1014 11:47:27.693625  5287 work_thread.hpp:92]  [T-Work-Detect_0] Push to split queue:recog
I1014 11:47:27.693646  5288 work_thread.hpp:81]  [T-Work-Recog_0] Run work: WorkCapture
I1014 11:47:27.693667  5289 work_thread.hpp:81]  [T-Work-Recog_1] Run work: WorkCapture
I1014 11:47:27.693678  5290 thread_intergrate.hpp:78] [T-Intergrate-intergrate] queue: frame output frame :128
I1014 11:47:27.693703  5290 thread_intergrate.hpp:85] [T-Intergrate-intergrate] queue: compare output face:0
I1014 11:47:27.693722  5290 thread_intergrate.hpp:137] T-Intergrate-intergrate set matched face: 0
I1014 11:47:27.694187  5289 work_thread.hpp:81]  [T-Work-Recog_1] Run work: WorkRecog
W1014 11:47:27.694211  5289 work_recog.hpp:118] Face id: 4 has low quality : 0.0168927, no need to recog
I1014 11:47:27.694236  5288 work_thread.hpp:81]  [T-Work-Recog_0] Run work: WorkRecog
I1014 11:47:27.694344  5289 work_thread.hpp:81]  [T-Work-Recog_1] Run work: WorkCompare
I1014 11:47:27.694350  5288 work_recog.hpp:89] Face id: 0 will run recog: bbox [138 x 178 from (297, 107)] quality: 0.478306
I1014 11:47:27.694432  5288 work_recog.hpp:96] Recog pair: [200 x 248 from (264, 72)], [138 x 178 from (33, 35)]
I1014 11:47:27.695116  5290 thread_intergrate.hpp:157] T-Intergrate-intergrate Show face :0, size :640 * 360
I1014 11:47:27.695614  5286 demo_inner.hpp:435] thread [SORT-0]  frame id 128 sorting queue size 4   FPS: 29.9401
I1014 11:47:27.711660  5288 work_thread.hpp:81]  [T-Work-Recog_0] Run work: WorkCompare
I1014 11:47:27.711760  5288 work_compare.cpp:76] Compare face: 0 successed, similarity :0.980421, name : images/thanglmb.jpg, normal size : 640 * 360!
I1014 11:47:27.722271  5284 demo_inner.hpp:177] decode queue size 0
I1014 11:47:27.722388  5287 work_thread.hpp:81]  [T-Work-Detect_0] Run work: WorkDetect
I1014 11:47:27.722425  5287 work_detect.cpp:102] Succeeded to add det start for frame 129
I1014 11:47:27.729140  5287 work_detect.cpp:70] Frame :129 detect result :2 face(s)
I1014 11:47:27.729187  5287 work_detect.cpp:86] Detected bbox: [135 x 180 from (299, 107)]
I1014 11:47:27.729218  5287 work_detect.cpp:86] Detected bbox: [32 x 39 from (128, 89)]
I1014 11:47:27.729249  5287 work_detect.cpp:120] Succeeded to add det end for frame 129
I1014 11:47:27.729265  5287 work_thread.hpp:81]  [T-Work-Detect_0] Run work: WrokTrack
I1014 11:47:27.729290  5287 work_track.cpp:82] Frame: 129 build input_characts: [0.210938 x 0.5 from (0.467187, 0.297222)], 0.999622, 0
I1014 11:47:27.729343  5287 work_track.cpp:82] Frame: 129 build input_characts: [0.05 x 0.108333 from (0.2, 0.247222)], 0.938558, 1
I1014 11:47:27.729379  5287 work_track.cpp:102] Succeeded to set track lock for frame 129
I1014 11:47:27.729423  5287 work_track.cpp:116] Succeeded to release track lock for frame 129
I1014 11:47:27.729439  5287 work_track.cpp:120] Track results of frame 129: 2 objects input, 2 objects tracked!
I1014 11:47:27.729456  5287 work_track.cpp:148] Frame: 129, track bbox: [135 x 180 from (298.764, 104.332)], gid: 0, lid: 0
I1014 11:47:27.729490  5287 work_track.cpp:148] Frame: 129, track bbox: [32 x 39 from (128.381, 88.7628)], gid: 4, lid: 1
I1014 11:47:27.729521  5287 work_thread.hpp:88]  [T-Work-Detect_0] Frame :129 split
I1014 11:47:27.729539  5287 work_thread.hpp:120]  [T-Work-Detect_0] Valid piece: gid = 0
I1014 11:47:27.729557  5287 work_thread.hpp:120]  [T-Work-Detect_0] Valid piece: gid = 4
I1014 11:47:27.729573  5287 work_thread.hpp:92]  [T-Work-Detect_0] Push to split queue:recog
I1014 11:47:27.729600  5287 work_thread.hpp:92]  [T-Work-Detect_0] Push to split queue:recog
I1014 11:47:27.729620  5288 work_thread.hpp:81]  [T-Work-Recog_0] Run work: WorkCapture
I1014 11:47:27.729642  5289 work_thread.hpp:81]  [T-Work-Recog_1] Run work: WorkCapture
I1014 11:47:27.729851  5290 thread_intergrate.hpp:78] [T-Intergrate-intergrate] queue: frame output frame :129
I1014 11:47:27.729879  5290 thread_intergrate.hpp:85] [T-Intergrate-intergrate] queue: compare output face:0
I1014 11:47:27.729898  5290 thread_intergrate.hpp:137] T-Intergrate-intergrate set matched face: 0
I1014 11:47:27.730229  5289 work_thread.hpp:81]  [T-Work-Recog_1] Run work: WorkRecog
W1014 11:47:27.730252  5289 work_recog.hpp:118] Face id: 4 has low quality : 0.0082726, no need to recog
I1014 11:47:27.730262  5288 work_thread.hpp:81]  [T-Work-Recog_0] Run work: WorkRecog
I1014 11:47:27.730456  5289 work_thread.hpp:81]  [T-Work-Recog_1] Run work: WorkCompare
I1014 11:47:27.730463  5288 work_recog.hpp:89] Face id: 0 will run recog: bbox [135 x 180 from (299, 107)] quality: 0.474621
I1014 11:47:27.730494  5288 work_recog.hpp:96] Recog pair: [192 x 264 from (272, 64)], [135 x 180 from (27, 43)]
I1014 11:47:27.731328  5290 thread_intergrate.hpp:157] T-Intergrate-intergrate Show face :0, size :640 * 360
I1014 11:47:27.731873  5286 demo_inner.hpp:435] thread [SORT-0]  frame id 129 sorting queue size 5   FPS: 29.9551
I1014 11:47:27.747872  5288 work_thread.hpp:81]  [T-Work-Recog_0] Run work: WorkCompare
I1014 11:47:27.747982  5288 work_compare.cpp:76] Compare face: 0 successed, similarity :0.977347, name : images/thanglmb.jpg, normal size : 640 * 360!
I1014 11:47:27.754525  5284 demo_inner.hpp:177] decode queue size 0
I1014 11:47:27.754642  5287 work_thread.hpp:81]  [T-Work-Detect_0] Run work: WorkDetect
I1014 11:47:27.754678  5287 work_detect.cpp:102] Succeeded to add det start for frame 130
I1014 11:47:27.761306  5287 work_detect.cpp:70] Frame :130 detect result :1 face(s)
I1014 11:47:27.761354  5287 work_detect.cpp:86] Detected bbox: [148 x 191 from (292, 92)]
I1014 11:47:27.761399  5287 work_detect.cpp:120] Succeeded to add det end for frame 130
I1014 11:47:27.761415  5287 work_thread.hpp:81]  [T-Work-Detect_0] Run work: WrokTrack
I1014 11:47:27.761440  5287 work_track.cpp:82] Frame: 130 build input_characts: [0.23125 x 0.530556 from (0.45625, 0.255556)], 1.00019, 0
I1014 11:47:27.761494  5287 work_track.cpp:102] Succeeded to set track lock for frame 130
I1014 11:47:27.761538  5287 work_track.cpp:116] Succeeded to release track lock for frame 130
I1014 11:47:27.761552  5287 work_track.cpp:120] Track results of frame 130: 1 objects input, 2 objects tracked!
I1014 11:47:27.761570  5287 work_track.cpp:148] Frame: 130, track bbox: [148 x 191 from (292.408, 95.5348)], gid: 0, lid: 0
I1014 11:47:27.761605  5287 work_track.cpp:148] Frame: 130, track bbox: [32 x 39 from (128.967, 89.4339)], gid: 4, lid: -1
I1014 11:47:27.761636  5287 work_thread.hpp:88]  [T-Work-Detect_0] Frame :130 split
I1014 11:47:27.761653  5287 work_thread.hpp:120]  [T-Work-Detect_0] Valid piece: gid = 0
I1014 11:47:27.761672  5287 work_thread.hpp:92]  [T-Work-Detect_0] Push to split queue:recog
I1014 11:47:27.761711  5288 work_thread.hpp:81]  [T-Work-Recog_0] Run work: WorkCapture
I1014 11:47:27.761716  5290 thread_intergrate.hpp:78] [T-Intergrate-intergrate] queue: frame output frame :130
I1014 11:47:27.761745  5290 thread_intergrate.hpp:85] [T-Intergrate-intergrate] queue: compare output face:0
I1014 11:47:27.761763  5290 thread_intergrate.hpp:137] T-Intergrate-intergrate set matched face: 0
I1014 11:47:27.762277  5288 work_thread.hpp:81]  [T-Work-Recog_0] Run work: WorkRecog
I1014 11:47:27.762302  5288 work_recog.hpp:89] Face id: 0 will run recog: bbox [148 x 191 from (292, 92)] quality: 0.477653
I1014 11:47:27.762332  5288 work_recog.hpp:96] Recog pair: [216 x 280 from (256, 48)], [148 x 191 from (36, 44)]
I1014 11:47:27.762940  5290 thread_intergrate.hpp:157] T-Intergrate-intergrate Show face :0, size :640 * 360
I1014 11:47:27.763429  5286 demo_inner.hpp:435] thread [SORT-0]  frame id 130 sorting queue size 6   FPS: 29.9401
I1014 11:47:27.779980  5288 work_thread.hpp:81]  [T-Work-Recog_0] Run work: WorkCompare
I1014 11:47:27.780086  5288 work_compare.cpp:76] Compare face: 0 successed, similarity :0.984828, name : images/thanglmb.jpg, normal size : 640 * 360!
I1014 11:47:27.788741  5284 demo_inner.hpp:177] decode queue size 0
I1014 11:47:27.788847  5287 work_thread.hpp:81]  [T-Work-Detect_0] Run work: WorkDetect
I1014 11:47:27.788882  5287 work_detect.cpp:102] Succeeded to add det start for frame 131
I1014 11:47:27.795465  5287 work_detect.cpp:70] Frame :131 detect result :1 face(s)
I1014 11:47:27.795511  5287 work_detect.cpp:86] Detected bbox: [136 x 180 from (297, 108)]
I1014 11:47:27.795557  5287 work_detect.cpp:120] Succeeded to add det end for frame 131
I1014 11:47:27.795574  5287 work_thread.hpp:81]  [T-Work-Detect_0] Run work: WrokTrack
I1014 11:47:27.795599  5287 work_track.cpp:82] Frame: 131 build input_characts: [0.2125 x 0.5 from (0.464063, 0.3)], 0.999622, 0
I1014 11:47:27.795660  5287 work_track.cpp:102] Succeeded to set track lock for frame 131
I1014 11:47:27.795702  5287 work_track.cpp:116] Succeeded to release track lock for frame 131
I1014 11:47:27.795717  5287 work_track.cpp:120] Track results of frame 131: 1 objects input, 1 objects tracked!
I1014 11:47:27.795735  5287 work_track.cpp:148] Frame: 131, track bbox: [136 x 180 from (297.895, 104.699)], gid: 0, lid: 0
I1014 11:47:27.795771  5287 work_thread.hpp:88]  [T-Work-Detect_0] Frame :131 split
I1014 11:47:27.795790  5287 work_thread.hpp:120]  [T-Work-Detect_0] Valid piece: gid = 0
I1014 11:47:27.795809  5287 work_thread.hpp:92]  [T-Work-Detect_0] Push to split queue:recog
I1014 11:47:27.795923  5288 work_thread.hpp:81]  [T-Work-Recog_0] Run work: WorkCapture
I1014 11:47:27.795931  5290 thread_intergrate.hpp:78] [T-Intergrate-intergrate] queue: frame output frame :131
I1014 11:47:27.795960  5290 thread_intergrate.hpp:85] [T-Intergrate-intergrate] queue: compare output face:0
I1014 11:47:27.795979  5290 thread_intergrate.hpp:137] T-Intergrate-intergrate set matched face: 0
I1014 11:47:27.796519  5288 work_thread.hpp:81]  [T-Work-Recog_0] Run work: WorkRecog
I1014 11:47:27.796542  5288 work_recog.hpp:89] Face id: 0 will run recog: bbox [136 x 180 from (297, 108)] quality: 0.476712
I1014 11:47:27.796571  5288 work_recog.hpp:96] Recog pair: [200 x 256 from (264, 72)], [136 x 180 from (33, 36)]
I1014 11:47:27.797369  5290 thread_intergrate.hpp:157] T-Intergrate-intergrate Show face :0, size :640 * 360
I1014 11:47:27.797907  5286 demo_inner.hpp:435] thread [SORT-0]  frame id 131 sorting queue size 7   FPS: 29.97
I1014 11:47:27.813987  5288 work_thread.hpp:81]  [T-Work-Recog_0] Run work: WorkCompare
I1014 11:47:27.814098  5288 work_compare.cpp:76] Compare face: 0 successed, similarity :0.978563, name : images/thanglmb.jpg, normal size : 640 * 360!
I1014 11:47:27.818744  5284 demo_inner.hpp:177] decode queue size 0
I1014 11:47:27.818867  5287 work_thread.hpp:81]  [T-Work-Detect_0] Run work: WorkDetect
I1014 11:47:27.818903  5287 work_detect.cpp:102] Succeeded to add det start for frame 132
I1014 11:47:27.825557  5287 work_detect.cpp:70] Frame :132 detect result :1 face(s)
I1014 11:47:27.825603  5287 work_detect.cpp:86] Detected bbox: [135 x 180 from (300, 107)]
I1014 11:47:27.825645  5287 work_detect.cpp:120] Succeeded to add det end for frame 132
I1014 11:47:27.825662  5287 work_thread.hpp:81]  [T-Work-Detect_0] Run work: WrokTrack
I1014 11:47:27.825686  5287 work_track.cpp:82] Frame: 132 build input_characts: [0.210938 x 0.5 from (0.46875, 0.297222)], 1.00019, 0
I1014 11:47:27.825743  5287 work_track.cpp:102] Succeeded to set track lock for frame 132
I1014 11:47:27.825788  5287 work_track.cpp:116] Succeeded to release track lock for frame 132
I1014 11:47:27.825801  5287 work_track.cpp:120] Track results of frame 132: 1 objects input, 1 objects tracked!
I1014 11:47:27.825819  5287 work_track.cpp:148] Frame: 132, track bbox: [135 x 180 from (299.064, 107.245)], gid: 0, lid: 0
I1014 11:47:27.825855  5287 work_thread.hpp:88]  [T-Work-Detect_0] Frame :132 split
I1014 11:47:27.825872  5287 work_thread.hpp:120]  [T-Work-Detect_0] Valid piece: gid = 0
I1014 11:47:27.825891  5287 work_thread.hpp:92]  [T-Work-Detect_0] Push to split queue:recog
I1014 11:47:27.825937  5289 work_thread.hpp:81]  [T-Work-Recog_1] Run work: WorkCapture
I1014 11:47:27.826234  5290 thread_intergrate.hpp:78] [T-Intergrate-intergrate] queue: frame output frame :132
I1014 11:47:27.826262  5290 thread_intergrate.hpp:85] [T-Intergrate-intergrate] queue: compare output face:0
I1014 11:47:27.826280  5290 thread_intergrate.hpp:137] T-Intergrate-intergrate set matched face: 0
I1014 11:47:27.826499  5289 work_thread.hpp:81]  [T-Work-Recog_1] Run work: WorkRecog
I1014 11:47:27.826522  5289 work_recog.hpp:89] Face id: 0 will run recog: bbox [135 x 180 from (300, 107)] quality: 0.477686
I1014 11:47:27.826550  5289 work_recog.hpp:96] Recog pair: [192 x 264 from (272, 64)], [135 x 180 from (28, 43)]
I1014 11:47:27.827659  5290 thread_intergrate.hpp:157] T-Intergrate-intergrate Show face :0, size :640 * 360
I1014 11:47:27.828240  5286 demo_inner.hpp:435] thread [SORT-0]  frame id 132 sorting queue size 8   FPS: 29.97
I1014 11:47:27.844224  5289 work_thread.hpp:81]  [T-Work-Recog_1] Run work: WorkCompare
I1014 11:47:27.844332  5289 work_compare.cpp:76] Compare face: 0 successed, similarity :0.977912, name : images/thanglmb.jpg, normal size : 640 * 360!
I1014 11:47:27.854167  5284 demo_inner.hpp:177] decode queue size 0
I1014 11:47:27.854339  5287 work_thread.hpp:81]  [T-Work-Detect_0] Run work: WorkDetect
I1014 11:47:27.854377  5287 work_detect.cpp:102] Succeeded to add det start for frame 133
I1014 11:47:27.861142  5287 work_detect.cpp:70] Frame :133 detect result :2 face(s)
I1014 11:47:27.861191  5287 work_detect.cpp:86] Detected bbox: [137 x 179 from (296, 108)]
I1014 11:47:27.861222  5287 work_detect.cpp:86] Detected bbox: [30 x 36 from (131, 96)]
I1014 11:47:27.861253  5287 work_detect.cpp:120] Succeeded to add det end for frame 133
I1014 11:47:27.861269  5287 work_thread.hpp:81]  [T-Work-Detect_0] Run work: WrokTrack
I1014 11:47:27.861294  5287 work_track.cpp:82] Frame: 133 build input_characts: [0.214062 x 0.497222 from (0.4625, 0.3)], 0.997596, 0
I1014 11:47:27.861346  5287 work_track.cpp:82] Frame: 133 build input_characts: [0.046875 x 0.1 from (0.204688, 0.266667)], 0.927049, 1
I1014 11:47:27.861382  5287 work_track.cpp:102] Succeeded to set track lock for frame 133
I1014 11:47:27.861426  5287 work_track.cpp:116] Succeeded to release track lock for frame 133
I1014 11:47:27.861441  5287 work_track.cpp:120] Track results of frame 133: 2 objects input, 1 objects tracked!
I1014 11:47:27.861459  5287 work_track.cpp:148] Frame: 133, track bbox: [137 x 179 from (297.042, 107.27)], gid: 0, lid: 0
I1014 11:47:27.861495  5287 work_track.cpp:162] Frame: 133 lid: 1 not tracked, will set invalid
I1014 11:47:27.861510  5287 work_thread.hpp:88]  [T-Work-Detect_0] Frame :133 split
I1014 11:47:27.861527  5287 work_thread.hpp:120]  [T-Work-Detect_0] Valid piece: gid = 0
I1014 11:47:27.861546  5287 work_thread.hpp:124]  [T-Work-Detect_0] Invalid piece: lid = 1, drop it
I1014 11:47:27.861560  5287 work_thread.hpp:92]  [T-Work-Detect_0] Push to split queue:recog
I1014 11:47:27.861613  5288 work_thread.hpp:81]  [T-Work-Recog_0] Run work: WorkCapture
I1014 11:47:27.861913  5290 thread_intergrate.hpp:78] [T-Intergrate-intergrate] queue: frame output frame :133
I1014 11:47:27.861940  5290 thread_intergrate.hpp:85] [T-Intergrate-intergrate] queue: compare output face:0
I1014 11:47:27.861960  5290 thread_intergrate.hpp:137] T-Intergrate-intergrate set matched face: 0
I1014 11:47:27.862162  5288 work_thread.hpp:81]  [T-Work-Recog_0] Run work: WorkRecog
I1014 11:47:27.862186  5288 work_recog.hpp:89] Face id: 0 will run recog: bbox [137 x 179 from (296, 108)] quality: 0.47445
I1014 11:47:27.862213  5288 work_recog.hpp:96] Recog pair: [200 x 256 from (264, 72)], [137 x 179 from (32, 36)]
I1014 11:47:27.863366  5290 thread_intergrate.hpp:157] T-Intergrate-intergrate Show face :0, size :640 * 360
I1014 11:47:27.863940  5286 demo_inner.hpp:435] thread [SORT-0]  frame id 133 sorting queue size 9   FPS: 29.9551
I1014 11:47:27.879639  5288 work_thread.hpp:81]  [T-Work-Recog_0] Run work: WorkCompare
I1014 11:47:27.879751  5288 work_compare.cpp:76] Compare face: 0 successed, similarity :0.987312, name : images/thanglmb.jpg, normal size : 640 * 360!
I1014 11:47:27.884737  5284 demo_inner.hpp:177] decode queue size 0
I1014 11:47:27.884842  5287 work_thread.hpp:81]  [T-Work-Detect_0] Run work: WorkDetect
I1014 11:47:27.884879  5287 work_detect.cpp:102] Succeeded to add det start for frame 134
I1014 11:47:27.891381  5287 work_detect.cpp:70] Frame :134 detect result :1 face(s)
I1014 11:47:27.891427  5287 work_detect.cpp:86] Detected bbox: [137 x 179 from (298, 110)]
I1014 11:47:27.891469  5287 work_detect.cpp:120] Succeeded to add det end for frame 134
I1014 11:47:27.891486  5287 work_thread.hpp:81]  [T-Work-Detect_0] Run work: WrokTrack
I1014 11:47:27.891510  5287 work_track.cpp:82] Frame: 134 build input_characts: [0.214062 x 0.497222 from (0.465625, 0.305556)], 0.999622, 0
I1014 11:47:27.891566  5287 work_track.cpp:102] Succeeded to set track lock for frame 134
I1014 11:47:27.891607  5287 work_track.cpp:116] Succeeded to release track lock for frame 134
I1014 11:47:27.891623  5287 work_track.cpp:120] Track results of frame 134: 1 objects input, 1 objects tracked!
I1014 11:47:27.891640  5287 work_track.cpp:148] Frame: 134, track bbox: [137 x 179 from (297.398, 109.524)], gid: 0, lid: 0
I1014 11:47:27.891677  5287 work_thread.hpp:88]  [T-Work-Detect_0] Frame :134 split
I1014 11:47:27.891695  5287 work_thread.hpp:120]  [T-Work-Detect_0] Valid piece: gid = 0
I1014 11:47:27.891788  5287 work_thread.hpp:92]  [T-Work-Detect_0] Push to split queue:recog
I1014 11:47:27.891839  5289 work_thread.hpp:81]  [T-Work-Recog_1] Run work: WorkCapture
I1014 11:47:27.891844  5290 thread_intergrate.hpp:78] [T-Intergrate-intergrate] queue: frame output frame :134
I1014 11:47:27.891886  5290 thread_intergrate.hpp:85] [T-Intergrate-intergrate] queue: compare output face:0
I1014 11:47:27.891904  5290 thread_intergrate.hpp:137] T-Intergrate-intergrate set matched face: 0
I1014 11:47:27.892482  5289 work_thread.hpp:81]  [T-Work-Recog_1] Run work: WorkRecog
I1014 11:47:27.892508  5289 work_recog.hpp:89] Face id: 0 will run recog: bbox [137 x 179 from (298, 110)] quality: 0.474429
I1014 11:47:27.892539  5289 work_recog.hpp:96] Recog pair: [200 x 256 from (264, 72)], [137 x 179 from (34, 38)]
I1014 11:47:27.893285  5290 thread_intergrate.hpp:157] T-Intergrate-intergrate Show face :0, size :640 * 360
I1014 11:47:27.893810  5286 demo_inner.hpp:435] thread [SORT-0]  frame id 134 sorting queue size 10   FPS: 29.97
I1014 11:47:27.909862  5289 work_thread.hpp:81]  [T-Work-Recog_1] Run work: WorkCompare
I1014 11:47:27.909960  5289 work_compare.cpp:76] Compare face: 0 successed, similarity :0.96601, name : images/thanglmb.jpg, normal size : 640 * 360!
I1014 11:47:27.920256  5284 demo_inner.hpp:177] decode queue size 0
I1014 11:47:27.920353  5287 work_thread.hpp:81]  [T-Work-Detect_0] Run work: WorkDetect
I1014 11:47:27.920388  5287 work_detect.cpp:102] Succeeded to add det start for frame 135
I1014 11:47:27.927059  5287 work_detect.cpp:70] Frame :135 detect result :1 face(s)
I1014 11:47:27.927111  5287 work_detect.cpp:86] Detected bbox: [153 x 195 from (289, 92)]
I1014 11:47:27.927156  5287 work_detect.cpp:120] Succeeded to add det end for frame 135
I1014 11:47:27.927173  5287 work_thread.hpp:81]  [T-Work-Detect_0] Run work: WrokTrack
I1014 11:47:27.927197  5287 work_track.cpp:82] Frame: 135 build input_characts: [0.239063 x 0.541667 from (0.451562, 0.255556)], 0.999622, 0
I1014 11:47:27.927253  5287 work_track.cpp:102] Succeeded to set track lock for frame 135
I1014 11:47:27.927297  5287 work_track.cpp:116] Succeeded to release track lock for frame 135
I1014 11:47:27.927312  5287 work_track.cpp:120] Track results of frame 135: 1 objects input, 1 objects tracked!
I1014 11:47:27.927330  5287 work_track.cpp:148] Frame: 135, track bbox: [153 x 195 from (289.27, 98.401)], gid: 0, lid: 0
I1014 11:47:27.927367  5287 work_thread.hpp:88]  [T-Work-Detect_0] Frame :135 split
I1014 11:47:27.927386  5287 work_thread.hpp:120]  [T-Work-Detect_0] Valid piece: gid = 0
I1014 11:47:27.927402  5287 work_thread.hpp:92]  [T-Work-Detect_0] Push to split queue:recog
I1014 11:47:27.927481  5288 work_thread.hpp:81]  [T-Work-Recog_0] Run work: WorkCapture
I1014 11:47:27.927785  5290 thread_intergrate.hpp:78] [T-Intergrate-intergrate] queue: frame output frame :135
I1014 11:47:27.927812  5290 thread_intergrate.hpp:85] [T-Intergrate-intergrate] queue: compare output face:0
I1014 11:47:27.927830  5290 thread_intergrate.hpp:137] T-Intergrate-intergrate set matched face: 0
I1014 11:47:27.928037  5288 work_thread.hpp:81]  [T-Work-Recog_0] Run work: WorkRecog
I1014 11:47:27.928062  5288 work_recog.hpp:89] Face id: 0 will run recog: bbox [153 x 195 from (289, 92)] quality: 0.478596
I1014 11:47:27.928089  5288 work_recog.hpp:96] Recog pair: [216 x 280 from (256, 48)], [153 x 195 from (33, 44)]
I1014 11:47:27.929229  5290 thread_intergrate.hpp:157] T-Intergrate-intergrate Show face :0, size :640 * 360
I1014 11:47:27.945487  5288 work_thread.hpp:81]  [T-Work-Recog_0] Run work: WorkCompare
I1014 11:47:27.945588  5288 work_compare.cpp:76] Compare face: 0 successed, similarity :0.990578, name : images/thanglmb.jpg, normal size : 640 * 360!
I1014 11:47:27.956264  5284 demo_inner.hpp:177] decode queue size 0
I1014 11:47:27.956370  5287 work_thread.hpp:81]  [T-Work-Detect_0] Run work: WorkDetect
I1014 11:47:27.956404  5287 work_detect.cpp:102] Succeeded to add det start for frame 136
I1014 11:47:27.962941  5287 work_detect.cpp:70] Frame :136 detect result :1 face(s)
I1014 11:47:27.963058  5287 work_detect.cpp:86] Detected bbox: [151 x 196 from (290, 90)]
I1014 11:47:27.963109  5287 work_detect.cpp:120] Succeeded to add det end for frame 136
I1014 11:47:27.963125  5287 work_thread.hpp:81]  [T-Work-Detect_0] Run work: WrokTrack
I1014 11:47:27.963150  5287 work_track.cpp:82] Frame: 136 build input_characts: [0.235938 x 0.544444 from (0.453125, 0.25)], 1.00035, 0
I1014 11:47:27.963207  5287 work_track.cpp:102] Succeeded to set track lock for frame 136
I1014 11:47:27.963248  5287 work_track.cpp:116] Succeeded to release track lock for frame 136
I1014 11:47:27.963263  5287 work_track.cpp:120] Track results of frame 136: 1 objects input, 1 objects tracked!
I1014 11:47:27.963281  5287 work_track.cpp:148] Frame: 136, track bbox: [151 x 196 from (290.198, 91.9247)], gid: 0, lid: 0
I1014 11:47:27.963317  5287 work_thread.hpp:88]  [T-Work-Detect_0] Frame :136 split
I1014 11:47:27.963335  5287 work_thread.hpp:120]  [T-Work-Detect_0] Valid piece: gid = 0
I1014 11:47:27.963352  5287 work_thread.hpp:92]  [T-Work-Detect_0] Push to split queue:recog
I1014 11:47:27.963403  5288 work_thread.hpp:81]  [T-Work-Recog_0] Run work: WorkCapture
I1014 11:47:27.963701  5290 thread_intergrate.hpp:78] [T-Intergrate-intergrate] queue: frame output frame :136
I1014 11:47:27.963727  5290 thread_intergrate.hpp:85] [T-Intergrate-intergrate] queue: compare output face:0
I1014 11:47:27.963747  5290 thread_intergrate.hpp:137] T-Intergrate-intergrate set matched face: 0
I1014 11:47:27.963958  5288 work_thread.hpp:81]  [T-Work-Recog_0] Run work: WorkRecog
I1014 11:47:27.963980  5288 work_recog.hpp:89] Face id: 0 will run recog: bbox [151 x 196 from (290, 90)] quality: 0.477653
I1014 11:47:27.964007  5288 work_recog.hpp:96] Recog pair: [216 x 280 from (256, 48)], [151 x 196 from (34, 42)]
I1014 11:47:27.965145  5290 thread_intergrate.hpp:157] T-Intergrate-intergrate Show face :0, size :640 * 360
I1014 11:47:27.981447  5288 work_thread.hpp:81]  [T-Work-Recog_0] Run work: WorkCompare
I1014 11:47:27.981556  5288 work_compare.cpp:76] Compare face: 0 successed, similarity :0.984766, name : images/thanglmb.jpg, normal size : 640 * 360!
I1014 11:47:27.986490  5284 demo_inner.hpp:177] decode queue size 0
I1014 11:47:27.986608  5287 work_thread.hpp:81]  [T-Work-Detect_0] Run work: WorkDetect
I1014 11:47:27.986644  5287 work_detect.cpp:102] Succeeded to add det start for frame 137
I1014 11:47:27.993857  5287 work_detect.cpp:70] Frame :137 detect result :1 face(s)
I1014 11:47:27.993913  5287 work_detect.cpp:86] Detected bbox: [154 x 199 from (288, 90)]
I1014 11:47:27.993959  5287 work_detect.cpp:120] Succeeded to add det end for frame 137
I1014 11:47:27.993976  5287 work_thread.hpp:81]  [T-Work-Detect_0] Run work: WrokTrack
I1014 11:47:27.994001  5287 work_track.cpp:82] Frame: 137 build input_characts: [0.240625 x 0.552778 from (0.45, 0.25)], 1.00019, 0
I1014 11:47:27.994056  5287 work_track.cpp:102] Succeeded to set track lock for frame 137
I1014 11:47:27.994097  5287 work_track.cpp:116] Succeeded to release track lock for frame 137
I1014 11:47:27.994112  5287 work_track.cpp:120] Track results of frame 137: 1 objects input, 1 objects tracked!
I1014 11:47:27.994130  5287 work_track.cpp:148] Frame: 137, track bbox: [154 x 199 from (288.039, 88.5919)], gid: 0, lid: 0
I1014 11:47:27.994165  5287 work_thread.hpp:88]  [T-Work-Detect_0] Frame :137 split
I1014 11:47:27.994184  5287 work_thread.hpp:120]  [T-Work-Detect_0] Valid piece: gid = 0
I1014 11:47:27.994201  5287 work_thread.hpp:92]  [T-Work-Detect_0] Push to split queue:recog
I1014 11:47:27.994554  5289 work_thread.hpp:81]  [T-Work-Recog_1] Run work: WorkCapture
I1014 11:47:27.994871  5290 thread_intergrate.hpp:78] [T-Intergrate-intergrate] queue: frame output frame :137
I1014 11:47:27.994900  5290 thread_intergrate.hpp:85] [T-Intergrate-intergrate] queue: compare output face:0
I1014 11:47:27.994918  5290 thread_intergrate.hpp:137] T-Intergrate-intergrate set matched face: 0
I1014 11:47:27.995115  5289 work_thread.hpp:81]  [T-Work-Recog_1] Run work: WorkRecog
I1014 11:47:27.995221  5289 work_recog.hpp:89] Face id: 0 will run recog: bbox [154 x 199 from (288, 90)] quality: 0.477653
I1014 11:47:27.995252  5289 work_recog.hpp:96] Recog pair: [216 x 280 from (256, 48)], [154 x 199 from (32, 42)]
I1014 11:47:27.996093  5290 thread_intergrate.hpp:157] T-Intergrate-intergrate Show face :0, size :640 * 360
I1014 11:47:28.012794  5289 work_thread.hpp:81]  [T-Work-Recog_1] Run work: WorkCompare
I1014 11:47:28.012915  5289 work_compare.cpp:76] Compare face: 0 successed, similarity :0.980085, name : images/thanglmb.jpg, normal size : 640 * 360!
I1014 11:47:28.022403  5284 demo_inner.hpp:177] decode queue size 0
I1014 11:47:28.022527  5287 work_thread.hpp:81]  [T-Work-Detect_0] Run work: WorkDetect
I1014 11:47:28.022567  5287 work_detect.cpp:102] Succeeded to add det start for frame 138
I1014 11:47:28.029279  5287 work_detect.cpp:70] Frame :138 detect result :1 face(s)
I1014 11:47:28.029326  5287 work_detect.cpp:86] Detected bbox: [155 x 201 from (289, 89)]
I1014 11:47:28.029371  5287 work_detect.cpp:120] Succeeded to add det end for frame 138
I1014 11:47:28.029388  5287 work_thread.hpp:81]  [T-Work-Detect_0] Run work: WrokTrack
I1014 11:47:28.029412  5287 work_track.cpp:82] Frame: 138 build input_characts: [0.242188 x 0.558333 from (0.451562, 0.247222)], 1.00019, 0
I1014 11:47:28.029467  5287 work_track.cpp:102] Succeeded to set track lock for frame 138
I1014 11:47:28.029507  5287 work_track.cpp:116] Succeeded to release track lock for frame 138
I1014 11:47:28.029523  5287 work_track.cpp:120] Track results of frame 138: 1 objects input, 1 objects tracked!
I1014 11:47:28.029541  5287 work_track.cpp:148] Frame: 138, track bbox: [155 x 201 from (288.504, 86.6941)], gid: 0, lid: 0
I1014 11:47:28.029577  5287 work_thread.hpp:88]  [T-Work-Detect_0] Frame :138 split
I1014 11:47:28.029595  5287 work_thread.hpp:120]  [T-Work-Detect_0] Valid piece: gid = 0
I1014 11:47:28.029614  5287 work_thread.hpp:92]  [T-Work-Detect_0] Push to split queue:recog
I1014 11:47:28.029666  5288 work_thread.hpp:81]  [T-Work-Recog_0] Run work: WorkCapture
I1014 11:47:28.029969  5290 thread_intergrate.hpp:78] [T-Intergrate-intergrate] queue: frame output frame :138
I1014 11:47:28.029996  5290 thread_intergrate.hpp:85] [T-Intergrate-intergrate] queue: compare output face:0
I1014 11:47:28.030019  5290 thread_intergrate.hpp:137] T-Intergrate-intergrate set matched face: 0
I1014 11:47:28.030220  5288 work_thread.hpp:81]  [T-Work-Recog_0] Run work: WorkRecog
I1014 11:47:28.030243  5288 work_recog.hpp:89] Face id: 0 will run recog: bbox [155 x 201 from (289, 89)] quality: 0.478277
I1014 11:47:28.030270  5288 work_recog.hpp:96] Recog pair: [224 x 288 from (256, 48)], [155 x 201 from (33, 41)]
I1014 11:47:28.031401  5290 thread_intergrate.hpp:157] T-Intergrate-intergrate Show face :0, size :640 * 360
I1014 11:47:28.047765  5288 work_thread.hpp:81]  [T-Work-Recog_0] Run work: WorkCompare
I1014 11:47:28.047875  5288 work_compare.cpp:76] Compare face: 0 successed, similarity :0.98094, name : images/thanglmb.jpg, normal size : 640 * 360!
I1014 11:47:28.052469  5284 demo_inner.hpp:177] decode queue size 0
I1014 11:47:28.052587  5287 work_thread.hpp:81]  [T-Work-Detect_0] Run work: WorkDetect
I1014 11:47:28.052623  5287 work_detect.cpp:102] Succeeded to add det start for frame 139
I1014 11:47:28.059264  5287 work_detect.cpp:70] Frame :139 detect result :1 face(s)
I1014 11:47:28.059311  5287 work_detect.cpp:86] Detected bbox: [137 x 184 from (297, 108)]
I1014 11:47:28.059355  5287 work_detect.cpp:120] Succeeded to add det end for frame 139
I1014 11:47:28.059371  5287 work_thread.hpp:81]  [T-Work-Detect_0] Run work: WrokTrack
I1014 11:47:28.059396  5287 work_track.cpp:82] Frame: 139 build input_characts: [0.214062 x 0.511111 from (0.464063, 0.3)], 0.997596, 0
I1014 11:47:28.059451  5287 work_track.cpp:102] Succeeded to set track lock for frame 139
I1014 11:47:28.059491  5287 work_track.cpp:116] Succeeded to release track lock for frame 139
I1014 11:47:28.059505  5287 work_track.cpp:120] Track results of frame 139: 1 objects input, 1 objects tracked!
I1014 11:47:28.059598  5287 work_track.cpp:148] Frame: 139, track bbox: [137 x 184 from (297.111, 100.949)], gid: 0, lid: 0
I1014 11:47:28.059638  5287 work_thread.hpp:88]  [T-Work-Detect_0] Frame :139 split
I1014 11:47:28.059656  5287 work_thread.hpp:120]  [T-Work-Detect_0] Valid piece: gid = 0
I1014 11:47:28.059675  5287 work_thread.hpp:92]  [T-Work-Detect_0] Push to split queue:recog
I1014 11:47:28.059726  5289 work_thread.hpp:81]  [T-Work-Recog_1] Run work: WorkCapture
I1014 11:47:28.060034  5290 thread_intergrate.hpp:78] [T-Intergrate-intergrate] queue: frame output frame :139
I1014 11:47:28.060060  5290 thread_intergrate.hpp:85] [T-Intergrate-intergrate] queue: compare output face:0
I1014 11:47:28.060081  5290 thread_intergrate.hpp:137] T-Intergrate-intergrate set matched face: 0
I1014 11:47:28.060279  5289 work_thread.hpp:81]  [T-Work-Recog_1] Run work: WorkRecog
I1014 11:47:28.060304  5289 work_recog.hpp:89] Face id: 0 will run recog: bbox [137 x 184 from (297, 108)] quality: 0.478607
I1014 11:47:28.060330  5289 work_recog.hpp:96] Recog pair: [200 x 256 from (264, 72)], [137 x 184 from (33, 36)]
I1014 11:47:28.061484  5290 thread_intergrate.hpp:157] T-Intergrate-intergrate Show face :0, size :640 * 360
I1014 11:47:28.077677  5289 work_thread.hpp:81]  [T-Work-Recog_1] Run work: WorkCompare
I1014 11:47:28.077781  5289 work_compare.cpp:76] Compare face: 0 successed, similarity :0.987707, name : images/thanglmb.jpg, normal size : 640 * 360!
I1014 11:47:28.088281  5284 demo_inner.hpp:177] decode queue size 0
I1014 11:47:28.088397  5287 work_thread.hpp:81]  [T-Work-Detect_0] Run work: WorkDetect
I1014 11:47:28.088433  5287 work_detect.cpp:102] Succeeded to add det start for frame 140
I1014 11:47:28.094996  5287 work_detect.cpp:70] Frame :140 detect result :1 face(s)
I1014 11:47:28.095050  5287 work_detect.cpp:86] Detected bbox: [136 x 184 from (297, 110)]
I1014 11:47:28.095096  5287 work_detect.cpp:120] Succeeded to add det end for frame 140
I1014 11:47:28.095113  5287 work_thread.hpp:81]  [T-Work-Detect_0] Run work: WrokTrack
I1014 11:47:28.095139  5287 work_track.cpp:82] Frame: 140 build input_characts: [0.2125 x 0.511111 from (0.464063, 0.305556)], 1.00019, 0
I1014 11:47:28.095194  5287 work_track.cpp:102] Succeeded to set track lock for frame 140
I1014 11:47:28.095234  5287 work_track.cpp:116] Succeeded to release track lock for frame 140
I1014 11:47:28.095249  5287 work_track.cpp:120] Track results of frame 140: 1 objects input, 1 objects tracked!
I1014 11:47:28.095268  5287 work_track.cpp:148] Frame: 140, track bbox: [136 x 184 from (297.451, 108.068)], gid: 0, lid: 0
I1014 11:47:28.095302  5287 work_thread.hpp:88]  [T-Work-Detect_0] Frame :140 split
I1014 11:47:28.095320  5287 work_thread.hpp:120]  [T-Work-Detect_0] Valid piece: gid = 0
I1014 11:47:28.095340  5287 work_thread.hpp:92]  [T-Work-Detect_0] Push to split queue:recog
I1014 11:47:28.095392  5289 work_thread.hpp:81]  [T-Work-Recog_1] Run work: WorkCapture
I1014 11:47:28.095705  5290 thread_intergrate.hpp:78] [T-Intergrate-intergrate] queue: frame output frame :140
I1014 11:47:28.095733  5290 thread_intergrate.hpp:85] [T-Intergrate-intergrate] queue: compare output face:0
I1014 11:47:28.095752  5290 thread_intergrate.hpp:137] T-Intergrate-intergrate set matched face: 0
I1014 11:47:28.095949  5289 work_thread.hpp:81]  [T-Work-Recog_1] Run work: WorkRecog
I1014 11:47:28.095973  5289 work_recog.hpp:89] Face id: 0 will run recog: bbox [136 x 184 from (297, 110)] quality: 0.453058
I1014 11:47:28.096000  5289 work_recog.hpp:96] Recog pair: [200 x 264 from (264, 72)], [136 x 184 from (33, 38)]
I1014 11:47:28.097167  5290 thread_intergrate.hpp:157] T-Intergrate-intergrate Show face :0, size :640 * 360
I1014 11:47:28.107388  5290 thread_intergrate.hpp:95] T-Intergrate-intergrate Try push queue sorting again 5 vs 5
I1014 11:47:28.113433  5289 work_thread.hpp:81]  [T-Work-Recog_1] Run work: WorkCompare
I1014 11:47:28.113533  5289 work_compare.cpp:76] Compare face: 0 successed, similarity :0.970262, name : images/thanglmb.jpg, normal size : 640 * 360!
I1014 11:47:28.117523  5290 thread_intergrate.hpp:95] T-Intergrate-intergrate Try push queue sorting again 5 vs 5
I1014 11:47:28.118580  5284 demo_inner.hpp:177] decode queue size 0
I1014 11:47:28.118687  5287 work_thread.hpp:81]  [T-Work-Detect_0] Run work: WorkDetect
I1014 11:47:28.118723  5287 work_detect.cpp:102] Succeeded to add det start for frame 141
I1014 11:47:28.125355  5287 work_detect.cpp:70] Frame :141 detect result :1 face(s)
I1014 11:47:28.125406  5287 work_detect.cpp:86] Detected bbox: [137 x 184 from (297, 109)]
I1014 11:47:28.125449  5287 work_detect.cpp:120] Succeeded to add det end for frame 141
I1014 11:47:28.125466  5287 work_thread.hpp:81]  [T-Work-Detect_0] Run work: WrokTrack
I1014 11:47:28.125491  5287 work_track.cpp:82] Frame: 141 build input_characts: [0.214062 x 0.511111 from (0.464063, 0.302778)], 0.999622, 0
I1014 11:47:28.125547  5287 work_track.cpp:102] Succeeded to set track lock for frame 141
I1014 11:47:28.125587  5287 work_track.cpp:116] Succeeded to release track lock for frame 141
I1014 11:47:28.125602  5287 work_track.cpp:120] Track results of frame 141: 1 objects input, 1 objects tracked!
I1014 11:47:28.125619  5287 work_track.cpp:148] Frame: 141, track bbox: [137 x 184 from (297.003, 111.001)], gid: 0, lid: 0
I1014 11:47:28.125656  5287 work_thread.hpp:88]  [T-Work-Detect_0] Frame :141 split
I1014 11:47:28.125674  5287 work_thread.hpp:120]  [T-Work-Detect_0] Valid piece: gid = 0
I1014 11:47:28.125692  5287 work_thread.hpp:92]  [T-Work-Detect_0] Push to split queue:recog
I1014 11:47:28.125739  5288 work_thread.hpp:81]  [T-Work-Recog_0] Run work: WorkCapture
I1014 11:47:28.126298  5288 work_thread.hpp:81]  [T-Work-Recog_0] Run work: WorkRecog
I1014 11:47:28.126322  5288 work_recog.hpp:89] Face id: 0 will run recog: bbox [137 x 184 from (297, 109)] quality: 0.473038
I1014 11:47:28.126350  5288 work_recog.hpp:96] Recog pair: [200 x 264 from (264, 72)], [137 x 184 from (33, 37)]
I1014 11:47:28.127642  5290 thread_intergrate.hpp:95] T-Intergrate-intergrate Try push queue sorting again 5 vs 5
I1014 11:47:28.137748  5290 thread_intergrate.hpp:95] T-Intergrate-intergrate Try push queue sorting again 5 vs 5
I1014 11:47:28.143807  5288 work_thread.hpp:81]  [T-Work-Recog_0] Run work: WorkCompare
I1014 11:47:28.143880  5288 work_compare.cpp:76] Compare face: 0 successed, similarity :0.987613, name : images/thanglmb.jpg, normal size : 640 * 360!
I1014 11:47:28.147887  5290 thread_intergrate.hpp:95] T-Intergrate-intergrate Try push queue sorting again 5 vs 5
I1014 11:47:28.154417  5284 demo_inner.hpp:177] decode queue size 0
I1014 11:47:28.154523  5287 work_thread.hpp:81]  [T-Work-Detect_0] Run work: WorkDetect
I1014 11:47:28.154558  5287 work_detect.cpp:102] Succeeded to add det start for frame 142
I1014 11:47:28.158025  5290 thread_intergrate.hpp:95] T-Intergrate-intergrate Try push queue sorting again 5 vs 5
I1014 11:47:28.161172  5287 work_detect.cpp:70] Frame :142 detect result :1 face(s)
I1014 11:47:28.161197  5287 work_detect.cpp:86] Detected bbox: [137 x 184 from (296, 107)]
I1014 11:47:28.161242  5287 work_detect.cpp:120] Succeeded to add det end for frame 142
I1014 11:47:28.161257  5287 work_thread.hpp:81]  [T-Work-Detect_0] Run work: WrokTrack
I1014 11:47:28.161279  5287 work_track.cpp:82] Frame: 142 build input_characts: [0.214062 x 0.511111 from (0.4625, 0.297222)], 0.997596, 0
I1014 11:47:28.161334  5287 work_track.cpp:102] Succeeded to set track lock for frame 142
I1014 11:47:28.161375  5287 work_track.cpp:116] Succeeded to release track lock for frame 142
I1014 11:47:28.161388  5287 work_track.cpp:120] Track results of frame 142: 1 objects input, 1 objects tracked!
I1014 11:47:28.161406  5287 work_track.cpp:148] Frame: 142, track bbox: [137 x 184 from (296.462, 110.798)], gid: 0, lid: 0
I1014 11:47:28.161443  5287 work_thread.hpp:88]  [T-Work-Detect_0] Frame :142 split
I1014 11:47:28.161461  5287 work_thread.hpp:120]  [T-Work-Detect_0] Valid piece: gid = 0
I1014 11:47:28.161479  5287 work_thread.hpp:92]  [T-Work-Detect_0] Push to split queue:recog
I1014 11:47:28.161532  5289 work_thread.hpp:81]  [T-Work-Recog_1] Run work: WorkCapture
I1014 11:47:28.162147  5289 work_thread.hpp:81]  [T-Work-Recog_1] Run work: WorkRecog
I1014 11:47:28.162170  5289 work_recog.hpp:89] Face id: 0 will run recog: bbox [137 x 184 from (296, 107)] quality: 0.472054
I1014 11:47:28.162199  5289 work_recog.hpp:96] Recog pair: [200 x 264 from (264, 64)], [137 x 184 from (32, 43)]
I1014 11:47:28.168154  5290 thread_intergrate.hpp:95] T-Intergrate-intergrate Try push queue sorting again 5 vs 5
I1014 11:47:28.178305  5290 thread_intergrate.hpp:95] T-Intergrate-intergrate Try push queue sorting again 5 vs 5
I1014 11:47:28.179531  5289 work_thread.hpp:81]  [T-Work-Recog_1] Run work: WorkCompare
I1014 11:47:28.179603  5289 work_compare.cpp:76] Compare face: 0 successed, similarity :0.979578, name : images/thanglmb.jpg, normal size : 640 * 360!
I1014 11:47:28.184691  5284 demo_inner.hpp:177] decode queue size 0
I1014 11:47:28.184805  5287 work_thread.hpp:81]  [T-Work-Detect_0] Run work: WorkDetect
I1014 11:47:28.184844  5287 work_detect.cpp:102] Succeeded to add det start for frame 143
I1014 11:47:28.188489  5290 thread_intergrate.hpp:95] T-Intergrate-intergrate Try push queue sorting again 5 vs 5
I1014 11:47:28.191422  5287 work_detect.cpp:70] Frame :143 detect result :1 face(s)
I1014 11:47:28.191447  5287 work_detect.cpp:86] Detected bbox: [153 x 198 from (289, 91)]
I1014 11:47:28.191489  5287 work_detect.cpp:120] Succeeded to add det end for frame 143
I1014 11:47:28.191506  5287 work_thread.hpp:81]  [T-Work-Detect_0] Run work: WrokTrack
I1014 11:47:28.191527  5287 work_track.cpp:82] Frame: 143 build input_characts: [0.239063 x 0.55 from (0.451562, 0.252778)], 1.00019, 0
I1014 11:47:28.191582  5287 work_track.cpp:102] Succeeded to set track lock for frame 143
I1014 11:47:28.191622  5287 work_track.cpp:116] Succeeded to release track lock for frame 143
I1014 11:47:28.191637  5287 work_track.cpp:120] Track results of frame 143: 1 objects input, 1 objects tracked!
I1014 11:47:28.191655  5287 work_track.cpp:148] Frame: 143, track bbox: [153 x 198 from (288.438, 97.8089)], gid: 0, lid: 0
I1014 11:47:28.191691  5287 work_thread.hpp:88]  [T-Work-Detect_0] Frame :143 split
I1014 11:47:28.191709  5287 work_thread.hpp:120]  [T-Work-Detect_0] Valid piece: gid = 0
I1014 11:47:28.191728  5287 work_thread.hpp:92]  [T-Work-Detect_0] Push to split queue:recog
I1014 11:47:28.191773  5288 work_thread.hpp:81]  [T-Work-Recog_0] Run work: WorkCapture
I1014 11:47:28.192600  5288 work_thread.hpp:81]  [T-Work-Recog_0] Run work: WorkRecog
I1014 11:47:28.192625  5288 work_recog.hpp:89] Face id: 0 will run recog: bbox [153 x 198 from (289, 91)] quality: 0.478094
I1014 11:47:28.192654  5288 work_recog.hpp:96] Recog pair: [216 x 280 from (256, 48)], [153 x 198 from (33, 43)]
I1014 11:47:28.198632  5290 thread_intergrate.hpp:95] T-Intergrate-intergrate Try push queue sorting again 5 vs 5
I1014 11:47:28.208752  5290 thread_intergrate.hpp:95] T-Intergrate-intergrate Try push queue sorting again 5 vs 5
I1014 11:47:28.209980  5288 work_thread.hpp:81]  [T-Work-Recog_0] Run work: WorkCompare
I1014 11:47:28.210049  5288 work_compare.cpp:76] Compare face: 0 successed, similarity :0.97962, name : images/thanglmb.jpg, normal size : 640 * 360!
I1014 11:47:28.218883  5290 thread_intergrate.hpp:95] T-Intergrate-intergrate Try push queue sorting again 5 vs 5
I1014 11:47:28.220397  5284 demo_inner.hpp:177] decode queue size 0
I1014 11:47:28.220507  5287 work_thread.hpp:81]  [T-Work-Detect_0] Run work: WorkDetect
I1014 11:47:28.220543  5287 work_detect.cpp:102] Succeeded to add det start for frame 144
I1014 11:47:28.227133  5287 work_detect.cpp:70] Frame :144 detect result :1 face(s)
I1014 11:47:28.227180  5287 work_detect.cpp:86] Detected bbox: [140 x 188 from (297, 107)]
I1014 11:47:28.227223  5287 work_detect.cpp:120] Succeeded to add det end for frame 144
I1014 11:47:28.227239  5287 work_thread.hpp:81]  [T-Work-Detect_0] Run work: WrokTrack
I1014 11:47:28.227265  5287 work_track.cpp:82] Frame: 144 build input_characts: [0.21875 x 0.522222 from (0.464063, 0.297222)], 0.99799, 0
I1014 11:47:28.227396  5287 work_track.cpp:102] Succeeded to set track lock for frame 144
I1014 11:47:28.227437  5287 work_track.cpp:116] Succeeded to release track lock for frame 144
I1014 11:47:28.227452  5287 work_track.cpp:120] Track results of frame 144: 1 objects input, 1 objects tracked!
I1014 11:47:28.227470  5287 work_track.cpp:148] Frame: 144, track bbox: [140 x 188 from (296.09, 102.492)], gid: 0, lid: 0
I1014 11:47:28.227507  5287 work_thread.hpp:88]  [T-Work-Detect_0] Frame :144 split
I1014 11:47:28.227525  5287 work_thread.hpp:120]  [T-Work-Detect_0] Valid piece: gid = 0
I1014 11:47:28.227545  5287 work_thread.hpp:92]  [T-Work-Detect_0] Push to split queue:recog
I1014 11:47:28.227605  5289 work_thread.hpp:81]  [T-Work-Recog_1] Run work: WorkCapture
I1014 11:47:28.228150  5289 work_thread.hpp:81]  [T-Work-Recog_1] Run work: WorkRecog
I1014 11:47:28.228197  5289 work_recog.hpp:89] Face id: 0 will run recog: bbox [140 x 188 from (297, 107)] quality: 0.477653
I1014 11:47:28.228224  5289 work_recog.hpp:96] Recog pair: [208 x 272 from (264, 64)], [140 x 188 from (33, 43)]
I1014 11:47:28.229020  5290 thread_intergrate.hpp:95] T-Intergrate-intergrate Try push queue sorting again 5 vs 5
I1014 11:47:28.239133  5290 thread_intergrate.hpp:95] T-Intergrate-intergrate Try push queue sorting again 5 vs 5
I1014 11:47:28.245513  5289 work_thread.hpp:81]  [T-Work-Recog_1] Run work: WorkCompare
I1014 11:47:28.245591  5289 work_compare.cpp:76] Compare face: 0 successed, similarity :0.981047, name : images/thanglmb.jpg, normal size : 640 * 360!
I1014 11:47:28.249274  5290 thread_intergrate.hpp:95] T-Intergrate-intergrate Try push queue sorting again 5 vs 5
I1014 11:47:28.256336  5284 demo_inner.hpp:177] decode queue size 0
I1014 11:47:28.256448  5287 work_thread.hpp:81]  [T-Work-Detect_0] Run work: WorkDetect
I1014 11:47:28.256484  5287 work_detect.cpp:102] Succeeded to add det start for frame 145
I1014 11:47:28.259407  5290 thread_intergrate.hpp:95] T-Intergrate-intergrate Try push queue sorting again 5 vs 5
I1014 11:47:28.263051  5287 work_detect.cpp:70] Frame :145 detect result :1 face(s)
I1014 11:47:28.263073  5287 work_detect.cpp:86] Detected bbox: [138 x 187 from (298, 108)]
I1014 11:47:28.263115  5287 work_detect.cpp:120] Succeeded to add det end for frame 145
I1014 11:47:28.263131  5287 work_thread.hpp:81]  [T-Work-Detect_0] Run work: WrokTrack
I1014 11:47:28.263154  5287 work_track.cpp:82] Frame: 145 build input_characts: [0.215625 x 0.519444 from (0.465625, 0.3)], 0.997596, 0
I1014 11:47:28.263208  5287 work_track.cpp:102] Succeeded to set track lock for frame 145
I1014 11:47:28.263248  5287 work_track.cpp:116] Succeeded to release track lock for frame 145
I1014 11:47:28.263262  5287 work_track.cpp:120] Track results of frame 145: 1 objects input, 1 objects tracked!
