I1014 10:27:55.797185  3863 work_thread.hpp:81]  [T-Work-Recog_1] Run work: WorkCompare
I1014 10:27:55.797297  3863 work_compare.cpp:76] Compare face: 1 successed, similarity :0.986608, name : images/thanglmb.jpg, normal size : 640 * 360!
I1014 10:27:55.801297  3858 demo_inner.hpp:177] decode queue size 0
I1014 10:27:55.801384  3861 work_thread.hpp:81]  [T-Work-Detect_0] Run work: WorkDetect
I1014 10:27:55.801419  3861 work_detect.cpp:102] Succeeded to add det start for frame 120
I1014 10:27:55.808348  3861 work_detect.cpp:70] Frame :120 detect result :1 face(s)
I1014 10:27:55.808403  3861 work_detect.cpp:86] Detected bbox: [170 x 212 from (232, 13)]
I1014 10:27:55.808446  3861 work_detect.cpp:120] Succeeded to add det end for frame 120
I1014 10:27:55.808462  3861 work_thread.hpp:81]  [T-Work-Detect_0] Run work: WrokTrack
I1014 10:27:55.808487  3861 work_track.cpp:82] Frame: 120 build input_characts: [0.265625 x 0.588889 from (0.3625, 0.0361111)], 0.997596, 0
I1014 10:27:55.808545  3861 work_track.cpp:102] Succeeded to set track lock for frame 120
I1014 10:27:55.808585  3861 work_track.cpp:116] Succeeded to release track lock for frame 120
I1014 10:27:55.808600  3861 work_track.cpp:120] Track results of frame 120: 1 objects input, 1 objects tracked!
I1014 10:27:55.808617  3861 work_track.cpp:148] Frame: 120, track bbox: [170 x 212 from (231.302, 13.5551)], gid: 1, lid: 0
I1014 10:27:55.808653  3861 work_thread.hpp:88]  [T-Work-Detect_0] Frame :120 split
I1014 10:27:55.808671  3861 work_thread.hpp:120]  [T-Work-Detect_0] Valid piece: gid = 1
I1014 10:27:55.808688  3861 work_thread.hpp:92]  [T-Work-Detect_0] Push to split queue:recog
I1014 10:27:55.808737  3862 work_thread.hpp:81]  [T-Work-Recog_0] Run work: WorkCapture
I1014 10:27:55.808743  3864 thread_intergrate.hpp:78] [T-Intergrate-intergrate] queue: frame output frame :120
I1014 10:27:55.808771  3864 thread_intergrate.hpp:85] [T-Intergrate-intergrate] queue: compare output face:1
I1014 10:27:55.808799  3864 thread_intergrate.hpp:134] T-Intergrate-intergrate set matched face: 1
I1014 10:27:55.809319  3862 work_thread.hpp:81]  [T-Work-Recog_0] Run work: WorkRecog
I1014 10:27:55.809342  3862 work_recog.hpp:89] Face id: 1 will run recog: bbox [170 x 212 from (232, 13)] quality: 0.450049
I1014 10:27:55.809370  3862 work_recog.hpp:96] Recog pair: [248 x 296 from (192, 0)], [170 x 212 from (40, 13)]
I1014 10:27:55.810114  3864 thread_intergrate.hpp:154] T-Intergrate-intergrate Show face :1, size :640 * 360
I1014 10:27:55.810914  3860 demo_inner.hpp:435] thread [SORT-0]  frame id 120 sorting queue size 2   FPS: 29.9902
I1014 10:27:55.827060  3862 work_thread.hpp:81]  [T-Work-Recog_0] Run work: WorkCompare
I1014 10:27:55.827170  3862 work_compare.cpp:76] Compare face: 1 successed, similarity :0.992687, name : images/thanglmb.jpg, normal size : 640 * 360!
I1014 10:27:55.836251  3859 demo_inner.hpp:260]  gui queue size 2, state = running
I1014 10:27:55.837430  3858 demo_inner.hpp:177] decode queue size 0
I1014 10:27:55.837538  3861 work_thread.hpp:81]  [T-Work-Detect_0] Run work: WorkDetect
I1014 10:27:55.837572  3861 work_detect.cpp:102] Succeeded to add det start for frame 121
I1014 10:27:55.844530  3861 work_detect.cpp:70] Frame :121 detect result :1 face(s)
I1014 10:27:55.844585  3861 work_detect.cpp:86] Detected bbox: [168 x 212 from (234, 11)]
I1014 10:27:55.844630  3861 work_detect.cpp:120] Succeeded to add det end for frame 121
I1014 10:27:55.844646  3861 work_thread.hpp:81]  [T-Work-Detect_0] Run work: WrokTrack
I1014 10:27:55.844671  3861 work_track.cpp:82] Frame: 121 build input_characts: [0.2625 x 0.588889 from (0.365625, 0.0305556)], 0.99799, 0
I1014 10:27:55.844800  3861 work_track.cpp:102] Succeeded to set track lock for frame 121
I1014 10:27:55.844842  3861 work_track.cpp:116] Succeeded to release track lock for frame 121
I1014 10:27:55.844856  3861 work_track.cpp:120] Track results of frame 121: 1 objects input, 1 objects tracked!
I1014 10:27:55.844874  3861 work_track.cpp:148] Frame: 121, track bbox: [168 x 212 from (235.25, 12.838)], gid: 1, lid: 0
I1014 10:27:55.844911  3861 work_thread.hpp:88]  [T-Work-Detect_0] Frame :121 split
I1014 10:27:55.844929  3861 work_thread.hpp:120]  [T-Work-Detect_0] Valid piece: gid = 1
I1014 10:27:55.844947  3861 work_thread.hpp:92]  [T-Work-Detect_0] Push to split queue:recog
I1014 10:27:55.844998  3862 work_thread.hpp:81]  [T-Work-Recog_0] Run work: WorkCapture
I1014 10:27:55.845002  3864 thread_intergrate.hpp:78] [T-Intergrate-intergrate] queue: frame output frame :121
I1014 10:27:55.845033  3864 thread_intergrate.hpp:85] [T-Intergrate-intergrate] queue: compare output face:1
I1014 10:27:55.845052  3864 thread_intergrate.hpp:134] T-Intergrate-intergrate set matched face: 1
I1014 10:27:55.845571  3862 work_thread.hpp:81]  [T-Work-Recog_0] Run work: WorkRecog
I1014 10:27:55.845595  3862 work_recog.hpp:89] Face id: 1 will run recog: bbox [168 x 212 from (234, 11)] quality: 0.450585
I1014 10:27:55.845624  3862 work_recog.hpp:96] Recog pair: [240 x 296 from (200, 0)], [168 x 212 from (34, 11)]
I1014 10:27:55.846537  3864 thread_intergrate.hpp:154] T-Intergrate-intergrate Show face :1, size :640 * 360
I1014 10:27:55.847215  3860 demo_inner.hpp:435] thread [SORT-0]  frame id 121 sorting queue size 0   FPS: 29.8873
I1014 10:27:55.863307  3862 work_thread.hpp:81]  [T-Work-Recog_0] Run work: WorkCompare
I1014 10:27:55.863416  3862 work_compare.cpp:76] Compare face: 1 successed, similarity :0.9888, name : images/thanglmb.jpg, normal size : 640 * 360!
I1014 10:27:55.873168  3858 demo_inner.hpp:177] decode queue size 0
I1014 10:27:55.873273  3861 work_thread.hpp:81]  [T-Work-Detect_0] Run work: WorkDetect
I1014 10:27:55.873307  3861 work_detect.cpp:102] Succeeded to add det start for frame 122
I1014 10:27:55.880218  3861 work_detect.cpp:70] Frame :122 detect result :1 face(s)
I1014 10:27:55.880273  3861 work_detect.cpp:86] Detected bbox: [168 x 212 from (234, 10)]
I1014 10:27:55.880318  3861 work_detect.cpp:120] Succeeded to add det end for frame 122
I1014 10:27:55.880334  3861 work_thread.hpp:81]  [T-Work-Detect_0] Run work: WrokTrack
I1014 10:27:55.880359  3861 work_track.cpp:82] Frame: 122 build input_characts: [0.2625 x 0.588889 from (0.365625, 0.0277778)], 1.00035, 0
I1014 10:27:55.880417  3861 work_track.cpp:102] Succeeded to set track lock for frame 122
I1014 10:27:55.880456  3861 work_track.cpp:116] Succeeded to release track lock for frame 122
I1014 10:27:55.880471  3861 work_track.cpp:120] Track results of frame 122: 1 objects input, 1 objects tracked!
I1014 10:27:55.880489  3861 work_track.cpp:148] Frame: 122, track bbox: [168 x 212 from (236.633, 8.56648)], gid: 1, lid: 0
I1014 10:27:55.880524  3861 work_thread.hpp:88]  [T-Work-Detect_0] Frame :122 split
I1014 10:27:55.880542  3861 work_thread.hpp:120]  [T-Work-Detect_0] Valid piece: gid = 1
I1014 10:27:55.880560  3861 work_thread.hpp:92]  [T-Work-Detect_0] Push to split queue:recog
I1014 10:27:55.880614  3864 thread_intergrate.hpp:78] [T-Intergrate-intergrate] queue: frame output frame :122
I1014 10:27:55.880618  3862 work_thread.hpp:81]  [T-Work-Recog_0] Run work: WorkCapture
I1014 10:27:55.880641  3864 thread_intergrate.hpp:85] [T-Intergrate-intergrate] queue: compare output face:1
I1014 10:27:55.880668  3864 thread_intergrate.hpp:134] T-Intergrate-intergrate set matched face: 1
I1014 10:27:55.881193  3862 work_thread.hpp:81]  [T-Work-Recog_0] Run work: WorkRecog
I1014 10:27:55.881218  3862 work_recog.hpp:89] Face id: 1 will run recog: bbox [168 x 212 from (234, 10)] quality: 0.454971
I1014 10:27:55.881249  3862 work_recog.hpp:96] Recog pair: [240 x 296 from (200, 0)], [168 x 212 from (34, 10)]
I1014 10:27:55.882011  3864 thread_intergrate.hpp:154] T-Intergrate-intergrate Show face :1, size :640 * 360
I1014 10:27:55.882881  3860 demo_inner.hpp:435] thread [SORT-0]  frame id 122 sorting queue size 1   FPS: 29.902
I1014 10:27:55.898792  3862 work_thread.hpp:81]  [T-Work-Recog_0] Run work: WorkCompare
I1014 10:27:55.898902  3862 work_compare.cpp:76] Compare face: 1 successed, similarity :0.988556, name : images/thanglmb.jpg, normal size : 640 * 360!
I1014 10:27:55.903321  3858 demo_inner.hpp:177] decode queue size 0
I1014 10:27:55.903422  3861 work_thread.hpp:81]  [T-Work-Detect_0] Run work: WorkDetect
I1014 10:27:55.903458  3861 work_detect.cpp:102] Succeeded to add det start for frame 123
I1014 10:27:55.903543  3859 demo_inner.hpp:260]  gui queue size 1, state = running
I1014 10:27:55.910528  3861 work_detect.cpp:70] Frame :123 detect result :1 face(s)
I1014 10:27:55.910583  3861 work_detect.cpp:86] Detected bbox: [171 x 214 from (227, 18)]
I1014 10:27:55.910625  3861 work_detect.cpp:120] Succeeded to add det end for frame 123
I1014 10:27:55.910642  3861 work_thread.hpp:81]  [T-Work-Detect_0] Run work: WrokTrack
I1014 10:27:55.910667  3861 work_track.cpp:82] Frame: 123 build input_characts: [0.267188 x 0.594444 from (0.354688, 0.05)], 1.00019, 0
I1014 10:27:55.910723  3861 work_track.cpp:102] Succeeded to set track lock for frame 123
I1014 10:27:55.910763  3861 work_track.cpp:116] Succeeded to release track lock for frame 123
I1014 10:27:55.910778  3861 work_track.cpp:120] Track results of frame 123: 1 objects input, 1 objects tracked!
I1014 10:27:55.910795  3861 work_track.cpp:148] Frame: 123, track bbox: [171 x 214 from (231.795, 12.2187)], gid: 1, lid: 0
I1014 10:27:55.910831  3861 work_thread.hpp:88]  [T-Work-Detect_0] Frame :123 split
I1014 10:27:55.910851  3861 work_thread.hpp:120]  [T-Work-Detect_0] Valid piece: gid = 1
I1014 10:27:55.910868  3861 work_thread.hpp:92]  [T-Work-Detect_0] Push to split queue:recog
I1014 10:27:55.910917  3863 work_thread.hpp:81]  [T-Work-Recog_1] Run work: WorkCapture
I1014 10:27:55.911094  3864 thread_intergrate.hpp:78] [T-Intergrate-intergrate] queue: frame output frame :123
I1014 10:27:55.911123  3864 thread_intergrate.hpp:85] [T-Intergrate-intergrate] queue: compare output face:1
I1014 10:27:55.911141  3864 thread_intergrate.hpp:134] T-Intergrate-intergrate set matched face: 1
I1014 10:27:55.911623  3863 work_thread.hpp:81]  [T-Work-Recog_1] Run work: WorkRecog
I1014 10:27:55.911648  3863 work_recog.hpp:89] Face id: 1 will run recog: bbox [171 x 214 from (227, 18)] quality: 0.471876
I1014 10:27:55.911687  3863 work_recog.hpp:96] Recog pair: [240 x 304 from (192, 0)], [171 x 214 from (35, 18)]
I1014 10:27:55.912336  3864 thread_intergrate.hpp:154] T-Intergrate-intergrate Show face :1, size :640 * 360
I1014 10:27:55.912853  3860 demo_inner.hpp:435] thread [SORT-0]  frame id 123 sorting queue size 0   FPS: 29.9754
I1014 10:27:55.929684  3863 work_thread.hpp:81]  [T-Work-Recog_1] Run work: WorkCompare
I1014 10:27:55.929817  3863 work_compare.cpp:76] Compare face: 1 successed, similarity :0.98634, name : images/thanglmb.jpg, normal size : 640 * 360!
I1014 10:27:55.939647  3858 demo_inner.hpp:177] decode queue size 0
I1014 10:27:55.939916  3861 work_thread.hpp:81]  [T-Work-Detect_0] Run work: WorkDetect
I1014 10:27:55.939985  3861 work_detect.cpp:102] Succeeded to add det start for frame 124
I1014 10:27:55.947265  3861 work_detect.cpp:70] Frame :124 detect result :1 face(s)
I1014 10:27:55.947335  3861 work_detect.cpp:86] Detected bbox: [164 x 207 from (237, 14)]
I1014 10:27:55.947386  3861 work_detect.cpp:120] Succeeded to add det end for frame 124
I1014 10:27:55.947403  3861 work_thread.hpp:81]  [T-Work-Detect_0] Run work: WrokTrack
I1014 10:27:55.947432  3861 work_track.cpp:82] Frame: 124 build input_characts: [0.25625 x 0.575 from (0.370313, 0.0388889)], 1.00019, 0
I1014 10:27:55.947517  3861 work_track.cpp:102] Succeeded to set track lock for frame 124
I1014 10:27:55.947557  3861 work_track.cpp:116] Succeeded to release track lock for frame 124
I1014 10:27:55.947573  3861 work_track.cpp:120] Track results of frame 124: 1 objects input, 1 objects tracked!
I1014 10:27:55.947675  3861 work_track.cpp:148] Frame: 124, track bbox: [164 x 207 from (234.77, 16.5634)], gid: 1, lid: 0
I1014 10:27:55.947715  3861 work_thread.hpp:88]  [T-Work-Detect_0] Frame :124 split
I1014 10:27:55.947757  3861 work_thread.hpp:120]  [T-Work-Detect_0] Valid piece: gid = 1
I1014 10:27:55.947777  3861 work_thread.hpp:92]  [T-Work-Detect_0] Push to split queue:recog
I1014 10:27:55.947829  3862 work_thread.hpp:81]  [T-Work-Recog_0] Run work: WorkCapture
I1014 10:27:55.947846  3864 thread_intergrate.hpp:78] [T-Intergrate-intergrate] queue: frame output frame :124
I1014 10:27:55.947880  3864 thread_intergrate.hpp:85] [T-Intergrate-intergrate] queue: compare output face:1
I1014 10:27:55.947898  3864 thread_intergrate.hpp:134] T-Intergrate-intergrate set matched face: 1
I1014 10:27:55.948400  3862 work_thread.hpp:81]  [T-Work-Recog_0] Run work: WorkRecog
I1014 10:27:55.948426  3862 work_recog.hpp:89] Face id: 1 will run recog: bbox [164 x 207 from (237, 14)] quality: 0.454059
I1014 10:27:55.948453  3862 work_recog.hpp:96] Recog pair: [240 x 296 from (200, 0)], [164 x 207 from (37, 14)]
I1014 10:27:55.949355  3864 thread_intergrate.hpp:154] T-Intergrate-intergrate Show face :1, size :640 * 360
I1014 10:27:55.949924  3860 demo_inner.hpp:435] thread [SORT-0]  frame id 124 sorting queue size 1   FPS: 29.8727
I1014 10:27:55.966022  3862 work_thread.hpp:81]  [T-Work-Recog_0] Run work: WorkCompare
I1014 10:27:55.966135  3862 work_compare.cpp:76] Compare face: 1 successed, similarity :0.991254, name : images/thanglmb.jpg, normal size : 640 * 360!
I1014 10:27:55.969354  3858 demo_inner.hpp:177] decode queue size 0
I1014 10:27:55.969455  3861 work_thread.hpp:81]  [T-Work-Detect_0] Run work: WorkDetect
I1014 10:27:55.969488  3861 work_detect.cpp:102] Succeeded to add det start for frame 125
I1014 10:27:55.975775  3859 demo_inner.hpp:260]  gui queue size 1, state = running
I1014 10:27:55.976359  3861 work_detect.cpp:70] Frame :125 detect result :1 face(s)
I1014 10:27:55.976397  3861 work_detect.cpp:86] Detected bbox: [164 x 208 from (233, 23)]
I1014 10:27:55.976439  3861 work_detect.cpp:120] Succeeded to add det end for frame 125
I1014 10:27:55.976455  3861 work_thread.hpp:81]  [T-Work-Detect_0] Run work: WrokTrack
I1014 10:27:55.976480  3861 work_track.cpp:82] Frame: 125 build input_characts: [0.25625 x 0.577778 from (0.364062, 0.0638889)], 0.999622, 0
I1014 10:27:55.976536  3861 work_track.cpp:102] Succeeded to set track lock for frame 125
I1014 10:27:55.976577  3861 work_track.cpp:116] Succeeded to release track lock for frame 125
I1014 10:27:55.976591  3861 work_track.cpp:120] Track results of frame 125: 1 objects input, 1 objects tracked!
I1014 10:27:55.976608  3861 work_track.cpp:148] Frame: 125, track bbox: [164 x 208 from (233.705, 19.8418)], gid: 1, lid: 0
I1014 10:27:55.976644  3861 work_thread.hpp:88]  [T-Work-Detect_0] Frame :125 split
I1014 10:27:55.976663  3861 work_thread.hpp:120]  [T-Work-Detect_0] Valid piece: gid = 1
I1014 10:27:55.976681  3861 work_thread.hpp:92]  [T-Work-Detect_0] Push to split queue:recog
I1014 10:27:55.976733  3863 work_thread.hpp:81]  [T-Work-Recog_1] Run work: WorkCapture
I1014 10:27:55.976745  3864 thread_intergrate.hpp:78] [T-Intergrate-intergrate] queue: frame output frame :125
I1014 10:27:55.976771  3864 thread_intergrate.hpp:85] [T-Intergrate-intergrate] queue: compare output face:1
I1014 10:27:55.976789  3864 thread_intergrate.hpp:134] T-Intergrate-intergrate set matched face: 1
I1014 10:27:55.977442  3863 work_thread.hpp:81]  [T-Work-Recog_1] Run work: WorkRecog
I1014 10:27:55.977474  3863 work_recog.hpp:89] Face id: 1 will run recog: bbox [164 x 208 from (233, 23)] quality: 0.469036
I1014 10:27:55.977514  3863 work_recog.hpp:96] Recog pair: [232 x 296 from (200, 0)], [164 x 208 from (33, 23)]
I1014 10:27:55.978025  3864 thread_intergrate.hpp:154] T-Intergrate-intergrate Show face :1, size :640 * 360
I1014 10:27:55.978567  3860 demo_inner.hpp:435] thread [SORT-0]  frame id 125 sorting queue size 0   FPS: 29.9754
I1014 10:27:55.995935  3863 work_thread.hpp:81]  [T-Work-Recog_1] Run work: WorkCompare
I1014 10:27:55.996150  3863 work_compare.cpp:76] Compare face: 1 successed, similarity :0.991498, name : images/thanglmb.jpg, normal size : 640 * 360!
I1014 10:27:56.005648  3858 demo_inner.hpp:177] decode queue size 0
I1014 10:27:56.005926  3861 work_thread.hpp:81]  [T-Work-Detect_0] Run work: WorkDetect
I1014 10:27:56.005970  3861 work_detect.cpp:102] Succeeded to add det start for frame 126
I1014 10:27:56.013435  3861 work_detect.cpp:70] Frame :126 detect result :1 face(s)
I1014 10:27:56.013500  3861 work_detect.cpp:86] Detected bbox: [155 x 195 from (245, 22)]
I1014 10:27:56.013545  3861 work_detect.cpp:120] Succeeded to add det end for frame 126
I1014 10:27:56.013561  3861 work_thread.hpp:81]  [T-Work-Detect_0] Run work: WrokTrack
I1014 10:27:56.013607  3861 work_track.cpp:82] Frame: 126 build input_characts: [0.242188 x 0.541667 from (0.382812, 0.0611111)], 1.00019, 0
I1014 10:27:56.013665  3861 work_track.cpp:102] Succeeded to set track lock for frame 126
I1014 10:27:56.013711  3861 work_track.cpp:116] Succeeded to release track lock for frame 126
I1014 10:27:56.013727  3861 work_track.cpp:120] Track results of frame 126: 1 objects input, 1 objects tracked!
I1014 10:27:56.013746  3861 work_track.cpp:148] Frame: 126, track bbox: [155 x 195 from (241.447, 25.5416)], gid: 1, lid: 0
I1014 10:27:56.013780  3861 work_thread.hpp:88]  [T-Work-Detect_0] Frame :126 split
I1014 10:27:56.013798  3861 work_thread.hpp:120]  [T-Work-Detect_0] Valid piece: gid = 1
I1014 10:27:56.013816  3861 work_thread.hpp:92]  [T-Work-Detect_0] Push to split queue:recog
I1014 10:27:56.013895  3863 work_thread.hpp:81]  [T-Work-Recog_1] Run work: WorkCapture
I1014 10:27:56.014238  3864 thread_intergrate.hpp:78] [T-Intergrate-intergrate] queue: frame output frame :126
I1014 10:27:56.014266  3864 thread_intergrate.hpp:85] [T-Intergrate-intergrate] queue: compare output face:1
I1014 10:27:56.014286  3864 thread_intergrate.hpp:134] T-Intergrate-intergrate set matched face: 1
I1014 10:27:56.014554  3863 work_thread.hpp:81]  [T-Work-Recog_1] Run work: WorkRecog
I1014 10:27:56.014587  3863 work_recog.hpp:89] Face id: 1 will run recog: bbox [155 x 195 from (245, 22)] quality: 0.415444
I1014 10:27:56.014622  3863 work_recog.hpp:96] Recog pair: [224 x 280 from (208, 0)], [155 x 195 from (37, 22)]
I1014 10:27:56.015476  3864 thread_intergrate.hpp:154] T-Intergrate-intergrate Show face :1, size :640 * 360
I1014 10:27:56.016039  3860 demo_inner.hpp:435] thread [SORT-0]  frame id 126 sorting queue size 1   FPS: 29.8873
I1014 10:27:56.032786  3863 work_thread.hpp:81]  [T-Work-Recog_1] Run work: WorkCompare
I1014 10:27:56.032907  3863 work_compare.cpp:76] Compare face: 1 successed, similarity :0.98194, name : images/thanglmb.jpg, normal size : 640 * 360!
I1014 10:27:56.035583  3858 demo_inner.hpp:177] decode queue size 0
I1014 10:27:56.035682  3861 work_thread.hpp:81]  [T-Work-Detect_0] Run work: WorkDetect
I1014 10:27:56.035717  3861 work_detect.cpp:102] Succeeded to add det start for frame 127
I1014 10:27:56.042397  3861 work_detect.cpp:70] Frame :127 detect result :1 face(s)
I1014 10:27:56.042443  3861 work_detect.cpp:86] Detected bbox: [155 x 196 from (245, 21)]
I1014 10:27:56.042485  3861 work_detect.cpp:120] Succeeded to add det end for frame 127
I1014 10:27:56.042502  3861 work_thread.hpp:81]  [T-Work-Detect_0] Run work: WrokTrack
I1014 10:27:56.042527  3861 work_track.cpp:82] Frame: 127 build input_characts: [0.242188 x 0.544444 from (0.382812, 0.0583333)], 1.00019, 0
I1014 10:27:56.042583  3861 work_track.cpp:102] Succeeded to set track lock for frame 127
I1014 10:27:56.042623  3861 work_track.cpp:116] Succeeded to release track lock for frame 127
I1014 10:27:56.042639  3861 work_track.cpp:120] Track results of frame 127: 1 objects input, 1 objects tracked!
I1014 10:27:56.042656  3861 work_track.cpp:148] Frame: 127, track bbox: [155 x 196 from (244.21, 23.2352)], gid: 1, lid: 0
I1014 10:27:56.042692  3861 work_thread.hpp:88]  [T-Work-Detect_0] Frame :127 split
I1014 10:27:56.042711  3861 work_thread.hpp:120]  [T-Work-Detect_0] Valid piece: gid = 1
I1014 10:27:56.042802  3861 work_thread.hpp:92]  [T-Work-Detect_0] Push to split queue:recog
I1014 10:27:56.042855  3864 thread_intergrate.hpp:78] [T-Intergrate-intergrate] queue: frame output frame :127
I1014 10:27:56.042878  3863 work_thread.hpp:81]  [T-Work-Recog_1] Run work: WorkCapture
I1014 10:27:56.042884  3864 thread_intergrate.hpp:85] [T-Intergrate-intergrate] queue: compare output face:1
I1014 10:27:56.042904  3864 thread_intergrate.hpp:134] T-Intergrate-intergrate set matched face: 1
I1014 10:27:56.043530  3863 work_thread.hpp:81]  [T-Work-Recog_1] Run work: WorkRecog
I1014 10:27:56.043560  3863 work_recog.hpp:89] Face id: 1 will run recog: bbox [155 x 196 from (245, 21)] quality: 0.458253
I1014 10:27:56.043594  3863 work_recog.hpp:96] Recog pair: [224 x 280 from (208, 0)], [155 x 196 from (37, 21)]
I1014 10:27:56.044071  3864 thread_intergrate.hpp:154] T-Intergrate-intergrate Show face :1, size :640 * 360
I1014 10:27:56.044595  3860 demo_inner.hpp:435] thread [SORT-0]  frame id 127 sorting queue size 2   FPS: 29.9754
I1014 10:27:56.059424  3859 demo_inner.hpp:260]  gui queue size 2, state = running
I1014 10:27:56.062371  3863 work_thread.hpp:81]  [T-Work-Recog_1] Run work: WorkCompare
I1014 10:27:56.062605  3863 work_compare.cpp:76] Compare face: 1 successed, similarity :0.989705, name : images/thanglmb.jpg, normal size : 640 * 360!
I1014 10:27:56.072319  3858 demo_inner.hpp:177] decode queue size 0
I1014 10:27:56.072444  3861 work_thread.hpp:81]  [T-Work-Detect_0] Run work: WorkDetect
I1014 10:27:56.072480  3861 work_detect.cpp:102] Succeeded to add det start for frame 128
I1014 10:27:56.079084  3861 work_detect.cpp:70] Frame :128 detect result :1 face(s)
I1014 10:27:56.079131  3861 work_detect.cpp:86] Detected bbox: [158 x 196 from (245, 31)]
I1014 10:27:56.079172  3861 work_detect.cpp:120] Succeeded to add det end for frame 128
I1014 10:27:56.079188  3861 work_thread.hpp:81]  [T-Work-Detect_0] Run work: WrokTrack
I1014 10:27:56.079212  3861 work_track.cpp:82] Frame: 128 build input_characts: [0.246875 x 0.544444 from (0.382812, 0.0861111)], 0.999622, 0
I1014 10:27:56.079269  3861 work_track.cpp:102] Succeeded to set track lock for frame 128
I1014 10:27:56.079309  3861 work_track.cpp:116] Succeeded to release track lock for frame 128
I1014 10:27:56.079324  3861 work_track.cpp:120] Track results of frame 128: 1 objects input, 1 objects tracked!
I1014 10:27:56.079341  3861 work_track.cpp:148] Frame: 128, track bbox: [158 x 196 from (245.636, 26.0398)], gid: 1, lid: 0
I1014 10:27:56.079377  3861 work_thread.hpp:88]  [T-Work-Detect_0] Frame :128 split
I1014 10:27:56.079396  3861 work_thread.hpp:120]  [T-Work-Detect_0] Valid piece: gid = 1
I1014 10:27:56.079413  3861 work_thread.hpp:92]  [T-Work-Detect_0] Push to split queue:recog
I1014 10:27:56.079459  3863 work_thread.hpp:81]  [T-Work-Recog_1] Run work: WorkCapture
I1014 10:27:56.079466  3864 thread_intergrate.hpp:78] [T-Intergrate-intergrate] queue: frame output frame :128
I1014 10:27:56.079494  3864 thread_intergrate.hpp:85] [T-Intergrate-intergrate] queue: compare output face:1
I1014 10:27:56.079514  3864 thread_intergrate.hpp:134] T-Intergrate-intergrate set matched face: 1
I1014 10:27:56.080076  3863 work_thread.hpp:81]  [T-Work-Recog_1] Run work: WorkRecog
I1014 10:27:56.080102  3863 work_recog.hpp:89] Face id: 1 will run recog: bbox [158 x 196 from (245, 31)] quality: 0.423308
I1014 10:27:56.080132  3863 work_recog.hpp:96] Recog pair: [232 x 280 from (208, 0)], [158 x 196 from (37, 31)]
I1014 10:27:56.080710  3864 thread_intergrate.hpp:154] T-Intergrate-intergrate Show face :1, size :640 * 360
I1014 10:27:56.081233  3860 demo_inner.hpp:435] thread [SORT-0]  frame id 128 sorting queue size 0   FPS: 29.8873
I1014 10:27:56.098294  3863 work_thread.hpp:81]  [T-Work-Recog_1] Run work: WorkCompare
I1014 10:27:56.098520  3863 work_compare.cpp:76] Compare face: 1 successed, similarity :0.989516, name : images/thanglmb.jpg, normal size : 640 * 360!
I1014 10:27:56.107587  3858 demo_inner.hpp:177] decode queue size 0
I1014 10:27:56.107686  3861 work_thread.hpp:81]  [T-Work-Detect_0] Run work: WorkDetect
I1014 10:27:56.107803  3861 work_detect.cpp:102] Succeeded to add det start for frame 129
I1014 10:27:56.114382  3861 work_detect.cpp:70] Frame :129 detect result :1 face(s)
I1014 10:27:56.114424  3861 work_detect.cpp:86] Detected bbox: [154 x 196 from (245, 21)]
I1014 10:27:56.114466  3861 work_detect.cpp:120] Succeeded to add det end for frame 129
I1014 10:27:56.114482  3861 work_thread.hpp:81]  [T-Work-Detect_0] Run work: WrokTrack
I1014 10:27:56.114507  3861 work_track.cpp:82] Frame: 129 build input_characts: [0.240625 x 0.544444 from (0.382812, 0.0583333)], 1.00019, 0
I1014 10:27:56.114562  3861 work_track.cpp:102] Succeeded to set track lock for frame 129
I1014 10:27:56.114603  3861 work_track.cpp:116] Succeeded to release track lock for frame 129
I1014 10:27:56.114616  3861 work_track.cpp:120] Track results of frame 129: 1 objects input, 1 objects tracked!
I1014 10:27:56.114634  3861 work_track.cpp:148] Frame: 129, track bbox: [154 x 196 from (246.846, 24.7618)], gid: 1, lid: 0
I1014 10:27:56.114670  3861 work_thread.hpp:88]  [T-Work-Detect_0] Frame :129 split
I1014 10:27:56.114687  3861 work_thread.hpp:120]  [T-Work-Detect_0] Valid piece: gid = 1
I1014 10:27:56.114706  3861 work_thread.hpp:92]  [T-Work-Detect_0] Push to split queue:recog
I1014 10:27:56.114756  3862 work_thread.hpp:81]  [T-Work-Recog_0] Run work: WorkCapture
I1014 10:27:56.115069  3864 thread_intergrate.hpp:78] [T-Intergrate-intergrate] queue: frame output frame :129
I1014 10:27:56.115098  3864 thread_intergrate.hpp:85] [T-Intergrate-intergrate] queue: compare output face:1
I1014 10:27:56.115118  3864 thread_intergrate.hpp:134] T-Intergrate-intergrate set matched face: 1
I1014 10:27:56.115315  3862 work_thread.hpp:81]  [T-Work-Recog_0] Run work: WorkRecog
I1014 10:27:56.115339  3862 work_recog.hpp:89] Face id: 1 will run recog: bbox [154 x 196 from (245, 21)] quality: 0.465021
I1014 10:27:56.115366  3862 work_recog.hpp:96] Recog pair: [224 x 280 from (208, 0)], [154 x 196 from (37, 21)]
I1014 10:27:56.116327  3864 thread_intergrate.hpp:154] T-Intergrate-intergrate Show face :1, size :640 * 360
I1014 10:27:56.116931  3860 demo_inner.hpp:435] thread [SORT-0]  frame id 129 sorting queue size 1   FPS: 29.8581
I1014 10:27:56.133070  3862 work_thread.hpp:81]  [T-Work-Recog_0] Run work: WorkCompare
I1014 10:27:56.133183  3862 work_compare.cpp:76] Compare face: 1 successed, similarity :0.982236, name : images/thanglmb.jpg, normal size : 640 * 360!
I1014 10:27:56.137295  3858 demo_inner.hpp:177] decode queue size 0
I1014 10:27:56.137393  3861 work_thread.hpp:81]  [T-Work-Detect_0] Run work: WorkDetect
I1014 10:27:56.137430  3861 work_detect.cpp:102] Succeeded to add det start for frame 130
I1014 10:27:56.137461  3859 demo_inner.hpp:260]  gui queue size 1, state = running
I1014 10:27:56.144047  3861 work_detect.cpp:70] Frame :130 detect result :1 face(s)
I1014 10:27:56.144105  3861 work_detect.cpp:86] Detected bbox: [153 x 198 from (248, 19)]
I1014 10:27:56.144148  3861 work_detect.cpp:120] Succeeded to add det end for frame 130
I1014 10:27:56.144187  3861 work_thread.hpp:81]  [T-Work-Detect_0] Run work: WrokTrack
I1014 10:27:56.144214  3861 work_track.cpp:82] Frame: 130 build input_characts: [0.239063 x 0.55 from (0.3875, 0.0527778)], 1.00019, 0
I1014 10:27:56.144271  3861 work_track.cpp:102] Succeeded to set track lock for frame 130
I1014 10:27:56.144310  3861 work_track.cpp:116] Succeeded to release track lock for frame 130
I1014 10:27:56.144325  3861 work_track.cpp:120] Track results of frame 130: 1 objects input, 1 objects tracked!
I1014 10:27:56.144342  3861 work_track.cpp:148] Frame: 130, track bbox: [153 x 198 from (248.638, 20.317)], gid: 1, lid: 0
I1014 10:27:56.144378  3861 work_thread.hpp:88]  [T-Work-Detect_0] Frame :130 split
I1014 10:27:56.144397  3861 work_thread.hpp:120]  [T-Work-Detect_0] Valid piece: gid = 1
I1014 10:27:56.144414  3861 work_thread.hpp:92]  [T-Work-Detect_0] Push to split queue:recog
I1014 10:27:56.144469  3864 thread_intergrate.hpp:78] [T-Intergrate-intergrate] queue: frame output frame :130
I1014 10:27:56.144467  3863 work_thread.hpp:81]  [T-Work-Recog_1] Run work: WorkCapture
I1014 10:27:56.144585  3864 thread_intergrate.hpp:85] [T-Intergrate-intergrate] queue: compare output face:1
I1014 10:27:56.144606  3864 thread_intergrate.hpp:134] T-Intergrate-intergrate set matched face: 1
I1014 10:27:56.145171  3863 work_thread.hpp:81]  [T-Work-Recog_1] Run work: WorkRecog
I1014 10:27:56.145196  3863 work_recog.hpp:89] Face id: 1 will run recog: bbox [153 x 198 from (248, 19)] quality: 0.458653
I1014 10:27:56.145249  3863 work_recog.hpp:96] Recog pair: [216 x 280 from (216, 0)], [153 x 198 from (32, 19)]
I1014 10:27:56.145774  3864 thread_intergrate.hpp:154] T-Intergrate-intergrate Show face :1, size :640 * 360
I1014 10:27:56.146282  3860 demo_inner.hpp:435] thread [SORT-0]  frame id 130 sorting queue size 0   FPS: 29.9607
I1014 10:27:56.163237  3863 work_thread.hpp:81]  [T-Work-Recog_1] Run work: WorkCompare
I1014 10:27:56.163367  3863 work_compare.cpp:76] Compare face: 1 successed, similarity :0.98226, name : images/thanglmb.jpg, normal size : 640 * 360!
I1014 10:27:56.173782  3858 demo_inner.hpp:177] decode queue size 0
I1014 10:27:56.173873  3861 work_thread.hpp:81]  [T-Work-Detect_0] Run work: WorkDetect
I1014 10:27:56.173909  3861 work_detect.cpp:102] Succeeded to add det start for frame 131
I1014 10:27:56.180548  3861 work_detect.cpp:70] Frame :131 detect result :1 face(s)
I1014 10:27:56.180601  3861 work_detect.cpp:86] Detected bbox: [163 x 204 from (246, 26)]
I1014 10:27:56.180644  3861 work_detect.cpp:120] Succeeded to add det end for frame 131
I1014 10:27:56.180660  3861 work_thread.hpp:81]  [T-Work-Detect_0] Run work: WrokTrack
I1014 10:27:56.180685  3861 work_track.cpp:82] Frame: 131 build input_characts: [0.254687 x 0.566667 from (0.384375, 0.0722222)], 1.00019, 0
I1014 10:27:56.180743  3861 work_track.cpp:102] Succeeded to set track lock for frame 131
I1014 10:27:56.180784  3861 work_track.cpp:116] Succeeded to release track lock for frame 131
I1014 10:27:56.180799  3861 work_track.cpp:120] Track results of frame 131: 1 objects input, 1 objects tracked!
I1014 10:27:56.180816  3861 work_track.cpp:148] Frame: 131, track bbox: [163 x 204 from (244.405, 22.1823)], gid: 1, lid: 0
I1014 10:27:56.180851  3861 work_thread.hpp:88]  [T-Work-Detect_0] Frame :131 split
I1014 10:27:56.180869  3861 work_thread.hpp:120]  [T-Work-Detect_0] Valid piece: gid = 1
I1014 10:27:56.180887  3861 work_thread.hpp:92]  [T-Work-Detect_0] Push to split queue:recog
I1014 10:27:56.180941  3863 work_thread.hpp:81]  [T-Work-Recog_1] Run work: WorkCapture
I1014 10:27:56.180943  3864 thread_intergrate.hpp:78] [T-Intergrate-intergrate] queue: frame output frame :131
I1014 10:27:56.180987  3864 thread_intergrate.hpp:85] [T-Intergrate-intergrate] queue: compare output face:1
I1014 10:27:56.181007  3864 thread_intergrate.hpp:134] T-Intergrate-intergrate set matched face: 1
I1014 10:27:56.181573  3863 work_thread.hpp:81]  [T-Work-Recog_1] Run work: WorkRecog
I1014 10:27:56.181598  3863 work_recog.hpp:89] Face id: 1 will run recog: bbox [163 x 204 from (246, 26)] quality: 0.456723
I1014 10:27:56.181628  3863 work_recog.hpp:96] Recog pair: [240 x 288 from (208, 0)], [163 x 204 from (38, 26)]
I1014 10:27:56.182178  3864 thread_intergrate.hpp:154] T-Intergrate-intergrate Show face :1, size :640 * 360
I1014 10:27:56.182688  3860 demo_inner.hpp:435] thread [SORT-0]  frame id 131 sorting queue size 1   FPS: 29.8727
I1014 10:27:56.199795  3863 work_thread.hpp:81]  [T-Work-Recog_1] Run work: WorkCompare
I1014 10:27:56.199932  3863 work_compare.cpp:76] Compare face: 1 successed, similarity :0.980638, name : images/thanglmb.jpg, normal size : 640 * 360!
I1014 10:27:56.203449  3858 demo_inner.hpp:177] decode queue size 0
I1014 10:27:56.203524  3861 work_thread.hpp:81]  [T-Work-Detect_0] Run work: WorkDetect
I1014 10:27:56.203555  3861 work_detect.cpp:102] Succeeded to add det start for frame 132
I1014 10:27:56.210130  3861 work_detect.cpp:70] Frame :132 detect result :1 face(s)
I1014 10:27:56.210192  3861 work_detect.cpp:86] Detected bbox: [154 x 199 from (250, 19)]
I1014 10:27:56.210325  3861 work_detect.cpp:120] Succeeded to add det end for frame 132
I1014 10:27:56.210343  3861 work_thread.hpp:81]  [T-Work-Detect_0] Run work: WrokTrack
I1014 10:27:56.210369  3861 work_track.cpp:82] Frame: 132 build input_characts: [0.240625 x 0.552778 from (0.390625, 0.0527778)], 1.00019, 0
I1014 10:27:56.210427  3861 work_track.cpp:102] Succeeded to set track lock for frame 132
I1014 10:27:56.210469  3861 work_track.cpp:116] Succeeded to release track lock for frame 132
I1014 10:27:56.210484  3861 work_track.cpp:120] Track results of frame 132: 1 objects input, 1 objects tracked!
I1014 10:27:56.210501  3861 work_track.cpp:148] Frame: 132, track bbox: [154 x 199 from (250.134, 21.9543)], gid: 1, lid: 0
I1014 10:27:56.210536  3861 work_thread.hpp:88]  [T-Work-Detect_0] Frame :132 split
I1014 10:27:56.210556  3861 work_thread.hpp:120]  [T-Work-Detect_0] Valid piece: gid = 1
I1014 10:27:56.210572  3861 work_thread.hpp:92]  [T-Work-Detect_0] Push to split queue:recog
I1014 10:27:56.210626  3862 work_thread.hpp:81]  [T-Work-Recog_0] Run work: WorkCapture
I1014 10:27:56.210939  3864 thread_intergrate.hpp:78] [T-Intergrate-intergrate] queue: frame output frame :132
I1014 10:27:56.210968  3864 thread_intergrate.hpp:85] [T-Intergrate-intergrate] queue: compare output face:1
I1014 10:27:56.210988  3864 thread_intergrate.hpp:134] T-Intergrate-intergrate set matched face: 1
I1014 10:27:56.211185  3862 work_thread.hpp:81]  [T-Work-Recog_0] Run work: WorkRecog
I1014 10:27:56.211208  3862 work_recog.hpp:89] Face id: 1 will run recog: bbox [154 x 199 from (250, 19)] quality: 0.449276
I1014 10:27:56.211236  3862 work_recog.hpp:96] Recog pair: [224 x 280 from (216, 0)], [154 x 199 from (34, 19)]
I1014 10:27:56.212203  3864 thread_intergrate.hpp:154] T-Intergrate-intergrate Show face :1, size :640 * 360
I1014 10:27:56.212736  3860 demo_inner.hpp:435] thread [SORT-0]  frame id 132 sorting queue size 2   FPS: 29.9607
I1014 10:27:56.215620  3859 demo_inner.hpp:260]  gui queue size 2, state = running
I1014 10:27:56.228946  3862 work_thread.hpp:81]  [T-Work-Recog_0] Run work: WorkCompare
I1014 10:27:56.229058  3862 work_compare.cpp:76] Compare face: 1 successed, similarity :0.987144, name : images/thanglmb.jpg, normal size : 640 * 360!
I1014 10:27:56.239195  3858 demo_inner.hpp:177] decode queue size 0
I1014 10:27:56.239323  3861 work_thread.hpp:81]  [T-Work-Detect_0] Run work: WorkDetect
I1014 10:27:56.239361  3861 work_detect.cpp:102] Succeeded to add det start for frame 133
I1014 10:27:56.245913  3861 work_detect.cpp:70] Frame :133 detect result :1 face(s)
I1014 10:27:56.245963  3861 work_detect.cpp:86] Detected bbox: [158 x 206 from (250, 24)]
I1014 10:27:56.246006  3861 work_detect.cpp:120] Succeeded to add det end for frame 133
I1014 10:27:56.246022  3861 work_thread.hpp:81]  [T-Work-Detect_0] Run work: WrokTrack
I1014 10:27:56.246047  3861 work_track.cpp:82] Frame: 133 build input_characts: [0.246875 x 0.572222 from (0.390625, 0.0666667)], 1.00019, 0
I1014 10:27:56.246104  3861 work_track.cpp:102] Succeeded to set track lock for frame 133
I1014 10:27:56.246145  3861 work_track.cpp:116] Succeeded to release track lock for frame 133
I1014 10:27:56.246160  3861 work_track.cpp:120] Track results of frame 133: 1 objects input, 1 objects tracked!
I1014 10:27:56.246177  3861 work_track.cpp:148] Frame: 133, track bbox: [158 x 206 from (249.74, 20.1414)], gid: 1, lid: 0
I1014 10:27:56.246213  3861 work_thread.hpp:88]  [T-Work-Detect_0] Frame :133 split
I1014 10:27:56.246230  3861 work_thread.hpp:120]  [T-Work-Detect_0] Valid piece: gid = 1
I1014 10:27:56.246248  3861 work_thread.hpp:92]  [T-Work-Detect_0] Push to split queue:recog
I1014 10:27:56.246299  3862 work_thread.hpp:81]  [T-Work-Recog_0] Run work: WorkCapture
I1014 10:27:56.246604  3864 thread_intergrate.hpp:78] [T-Intergrate-intergrate] queue: frame output frame :133
I1014 10:27:56.246631  3864 thread_intergrate.hpp:85] [T-Intergrate-intergrate] queue: compare output face:1
I1014 10:27:56.246650  3864 thread_intergrate.hpp:134] T-Intergrate-intergrate set matched face: 1
I1014 10:27:56.246851  3862 work_thread.hpp:81]  [T-Work-Recog_0] Run work: WorkRecog
I1014 10:27:56.246876  3862 work_recog.hpp:89] Face id: 1 will run recog: bbox [158 x 206 from (250, 24)] quality: 0.459322
I1014 10:27:56.246903  3862 work_recog.hpp:96] Recog pair: [224 x 288 from (216, 0)], [158 x 206 from (34, 24)]
I1014 10:27:56.247931  3864 thread_intergrate.hpp:154] T-Intergrate-intergrate Show face :1, size :640 * 360
I1014 10:27:56.248517  3860 demo_inner.hpp:435] thread [SORT-0]  frame id 133 sorting queue size 0   FPS: 29.8727
I1014 10:27:56.264446  3862 work_thread.hpp:81]  [T-Work-Recog_0] Run work: WorkCompare
I1014 10:27:56.264557  3862 work_compare.cpp:76] Compare face: 1 successed, similarity :0.981063, name : images/thanglmb.jpg, normal size : 640 * 360!
I1014 10:27:56.269239  3858 demo_inner.hpp:177] decode queue size 0
I1014 10:27:56.269353  3861 work_thread.hpp:81]  [T-Work-Detect_0] Run work: WorkDetect
I1014 10:27:56.269388  3861 work_detect.cpp:102] Succeeded to add det start for frame 134
I1014 10:27:56.275914  3861 work_detect.cpp:70] Frame :134 detect result :1 face(s)
I1014 10:27:56.275957  3861 work_detect.cpp:86] Detected bbox: [149 x 201 from (252, 16)]
I1014 10:27:56.275998  3861 work_detect.cpp:120] Succeeded to add det end for frame 134
I1014 10:27:56.276015  3861 work_thread.hpp:81]  [T-Work-Detect_0] Run work: WrokTrack
I1014 10:27:56.276041  3861 work_track.cpp:82] Frame: 134 build input_characts: [0.232812 x 0.558333 from (0.39375, 0.0444444)], 1.00035, 0
I1014 10:27:56.276096  3861 work_track.cpp:102] Succeeded to set track lock for frame 134
I1014 10:27:56.276137  3861 work_track.cpp:116] Succeeded to release track lock for frame 134
I1014 10:27:56.276152  3861 work_track.cpp:120] Track results of frame 134: 1 objects input, 1 objects tracked!
I1014 10:27:56.276193  3861 work_track.cpp:148] Frame: 134, track bbox: [149 x 201 from (254.131, 21.0211)], gid: 1, lid: 0
I1014 10:27:56.276229  3861 work_thread.hpp:88]  [T-Work-Detect_0] Frame :134 split
I1014 10:27:56.276247  3861 work_thread.hpp:120]  [T-Work-Detect_0] Valid piece: gid = 1
I1014 10:27:56.276265  3861 work_thread.hpp:92]  [T-Work-Detect_0] Push to split queue:recog
I1014 10:27:56.276314  3863 work_thread.hpp:81]  [T-Work-Recog_1] Run work: WorkCapture
I1014 10:27:56.276315  3864 thread_intergrate.hpp:78] [T-Intergrate-intergrate] queue: frame output frame :134
I1014 10:27:56.276355  3864 thread_intergrate.hpp:85] [T-Intergrate-intergrate] queue: compare output face:1
I1014 10:27:56.276374  3864 thread_intergrate.hpp:134] T-Intergrate-intergrate set matched face: 1
I1014 10:27:56.277045  3863 work_thread.hpp:81]  [T-Work-Recog_1] Run work: WorkRecog
I1014 10:27:56.277073  3863 work_recog.hpp:89] Face id: 1 will run recog: bbox [149 x 201 from (252, 16)] quality: 0.469036
I1014 10:27:56.277104  3863 work_recog.hpp:96] Recog pair: [216 x 288 from (216, 0)], [149 x 201 from (36, 16)]
I1014 10:27:56.277547  3864 thread_intergrate.hpp:154] T-Intergrate-intergrate Show face :1, size :640 * 360
I1014 10:27:56.278045  3860 demo_inner.hpp:435] thread [SORT-0]  frame id 134 sorting queue size 1   FPS: 29.9754
I1014 10:27:56.294289  3859 demo_inner.hpp:260]  gui queue size 1, state = running
I1014 10:27:56.295774  3863 work_thread.hpp:81]  [T-Work-Recog_1] Run work: WorkCompare
I1014 10:27:56.295886  3863 work_compare.cpp:76] Compare face: 1 successed, similarity :0.987525, name : images/thanglmb.jpg, normal size : 640 * 360!
I1014 10:27:56.306260  3858 demo_inner.hpp:177] decode queue size 0
I1014 10:27:56.306363  3861 work_thread.hpp:81]  [T-Work-Detect_0] Run work: WorkDetect
I1014 10:27:56.306398  3861 work_detect.cpp:102] Succeeded to add det start for frame 135
I1014 10:27:56.313037  3861 work_detect.cpp:70] Frame :135 detect result :1 face(s)
I1014 10:27:56.313083  3861 work_detect.cpp:86] Detected bbox: [148 x 195 from (253, 17)]
I1014 10:27:56.313127  3861 work_detect.cpp:120] Succeeded to add det end for frame 135
I1014 10:27:56.313143  3861 work_thread.hpp:81]  [T-Work-Detect_0] Run work: WrokTrack
I1014 10:27:56.313241  3861 work_track.cpp:82] Frame: 135 build input_characts: [0.23125 x 0.541667 from (0.395312, 0.0472222)], 1.00019, 0
I1014 10:27:56.313300  3861 work_track.cpp:102] Succeeded to set track lock for frame 135
I1014 10:27:56.313341  3861 work_track.cpp:116] Succeeded to release track lock for frame 135
I1014 10:27:56.313355  3861 work_track.cpp:120] Track results of frame 135: 1 objects input, 1 objects tracked!
I1014 10:27:56.313374  3861 work_track.cpp:148] Frame: 135, track bbox: [148 x 195 from (253.756, 19.8267)], gid: 1, lid: 0
I1014 10:27:56.313410  3861 work_thread.hpp:88]  [T-Work-Detect_0] Frame :135 split
I1014 10:27:56.313427  3861 work_thread.hpp:120]  [T-Work-Detect_0] Valid piece: gid = 1
I1014 10:27:56.313446  3861 work_thread.hpp:92]  [T-Work-Detect_0] Push to split queue:recog
I1014 10:27:56.313498  3862 work_thread.hpp:81]  [T-Work-Recog_0] Run work: WorkCapture
I1014 10:27:56.313807  3864 thread_intergrate.hpp:78] [T-Intergrate-intergrate] queue: frame output frame :135
I1014 10:27:56.313835  3864 thread_intergrate.hpp:85] [T-Intergrate-intergrate] queue: compare output face:1
I1014 10:27:56.313854  3864 thread_intergrate.hpp:134] T-Intergrate-intergrate set matched face: 1
I1014 10:27:56.314044  3862 work_thread.hpp:81]  [T-Work-Recog_0] Run work: WorkRecog
I1014 10:27:56.314069  3862 work_recog.hpp:89] Face id: 1 will run recog: bbox [148 x 195 from (253, 17)] quality: 0.452751
I1014 10:27:56.314096  3862 work_recog.hpp:96] Recog pair: [208 x 280 from (224, 0)], [148 x 195 from (29, 17)]
I1014 10:27:56.315029  3864 thread_intergrate.hpp:154] T-Intergrate-intergrate Show face :1, size :640 * 360
I1014 10:27:56.315623  3860 demo_inner.hpp:435] thread [SORT-0]  frame id 135 sorting queue size 0   FPS: 29.8581
I1014 10:27:56.331665  3862 work_thread.hpp:81]  [T-Work-Recog_0] Run work: WorkCompare
I1014 10:27:56.331777  3862 work_compare.cpp:76] Compare face: 1 successed, similarity :0.981449, name : images/thanglmb.jpg, normal size : 640 * 360!
I1014 10:27:56.335497  3858 demo_inner.hpp:177] decode queue size 0
I1014 10:27:56.335621  3861 work_thread.hpp:81]  [T-Work-Detect_0] Run work: WorkDetect
I1014 10:27:56.335659  3861 work_detect.cpp:102] Succeeded to add det start for frame 136
I1014 10:27:56.342363  3861 work_detect.cpp:70] Frame :136 detect result :1 face(s)
I1014 10:27:56.342411  3861 work_detect.cpp:86] Detected bbox: [146 x 196 from (254, 17)]
I1014 10:27:56.342453  3861 work_detect.cpp:120] Succeeded to add det end for frame 136
I1014 10:27:56.342468  3861 work_thread.hpp:81]  [T-Work-Detect_0] Run work: WrokTrack
I1014 10:27:56.342492  3861 work_track.cpp:82] Frame: 136 build input_characts: [0.228125 x 0.544444 from (0.396875, 0.0472222)], 1.00019, 0
I1014 10:27:56.342550  3861 work_track.cpp:102] Succeeded to set track lock for frame 136
I1014 10:27:56.342589  3861 work_track.cpp:116] Succeeded to release track lock for frame 136
I1014 10:27:56.342604  3861 work_track.cpp:120] Track results of frame 136: 1 objects input, 1 objects tracked!
I1014 10:27:56.342622  3861 work_track.cpp:148] Frame: 136, track bbox: [146 x 196 from (253.988, 15.6884)], gid: 1, lid: 0
I1014 10:27:56.342658  3861 work_thread.hpp:88]  [T-Work-Detect_0] Frame :136 split
I1014 10:27:56.342675  3861 work_thread.hpp:120]  [T-Work-Detect_0] Valid piece: gid = 1
I1014 10:27:56.342694  3861 work_thread.hpp:92]  [T-Work-Detect_0] Push to split queue:recog
I1014 10:27:56.342741  3863 work_thread.hpp:81]  [T-Work-Recog_1] Run work: WorkCapture
I1014 10:27:56.342741  3864 thread_intergrate.hpp:78] [T-Intergrate-intergrate] queue: frame output frame :136
I1014 10:27:56.342785  3864 thread_intergrate.hpp:85] [T-Intergrate-intergrate] queue: compare output face:1
I1014 10:27:56.342804  3864 thread_intergrate.hpp:134] T-Intergrate-intergrate set matched face: 1
I1014 10:27:56.343375  3863 work_thread.hpp:81]  [T-Work-Recog_1] Run work: WorkRecog
I1014 10:27:56.343401  3863 work_recog.hpp:89] Face id: 1 will run recog: bbox [146 x 196 from (254, 17)] quality: 0.456723
I1014 10:27:56.343518  3863 work_recog.hpp:96] Recog pair: [208 x 280 from (224, 0)], [146 x 196 from (30, 17)]
I1014 10:27:56.343981  3864 thread_intergrate.hpp:154] T-Intergrate-intergrate Show face :1, size :640 * 360
I1014 10:27:56.344517  3860 demo_inner.hpp:435] thread [SORT-0]  frame id 136 sorting queue size 1   FPS: 29.9607
I1014 10:27:56.361665  3863 work_thread.hpp:81]  [T-Work-Recog_1] Run work: WorkCompare
I1014 10:27:56.361781  3863 work_compare.cpp:76] Compare face: 1 successed, similarity :0.990518, name : images/thanglmb.jpg, normal size : 640 * 360!
I1014 10:27:56.366205  3859 demo_inner.hpp:260]  gui queue size 1, state = running
I1014 10:27:56.372422  3858 demo_inner.hpp:177] decode queue size 0
I1014 10:27:56.372532  3861 work_thread.hpp:81]  [T-Work-Detect_0] Run work: WorkDetect
I1014 10:27:56.372570  3861 work_detect.cpp:102] Succeeded to add det start for frame 137
I1014 10:27:56.379154  3861 work_detect.cpp:70] Frame :137 detect result :1 face(s)
I1014 10:27:56.379199  3861 work_detect.cpp:86] Detected bbox: [143 x 190 from (257, 21)]
I1014 10:27:56.379241  3861 work_detect.cpp:120] Succeeded to add det end for frame 137
I1014 10:27:56.379257  3861 work_thread.hpp:81]  [T-Work-Detect_0] Run work: WrokTrack
I1014 10:27:56.379281  3861 work_track.cpp:82] Frame: 137 build input_characts: [0.223438 x 0.527778 from (0.401563, 0.0583333)], 1.00019, 0
I1014 10:27:56.379338  3861 work_track.cpp:102] Succeeded to set track lock for frame 137
I1014 10:27:56.379377  3861 work_track.cpp:116] Succeeded to release track lock for frame 137
I1014 10:27:56.379392  3861 work_track.cpp:120] Track results of frame 137: 1 objects input, 1 objects tracked!
I1014 10:27:56.379410  3861 work_track.cpp:148] Frame: 137, track bbox: [143 x 190 from (256.161, 19.3231)], gid: 1, lid: 0
I1014 10:27:56.379446  3861 work_thread.hpp:88]  [T-Work-Detect_0] Frame :137 split
I1014 10:27:56.379464  3861 work_thread.hpp:120]  [T-Work-Detect_0] Valid piece: gid = 1
I1014 10:27:56.379482  3861 work_thread.hpp:92]  [T-Work-Detect_0] Push to split queue:recog
I1014 10:27:56.379532  3863 work_thread.hpp:81]  [T-Work-Recog_1] Run work: WorkCapture
I1014 10:27:56.379534  3864 thread_intergrate.hpp:78] [T-Intergrate-intergrate] queue: frame output frame :137
I1014 10:27:56.379575  3864 thread_intergrate.hpp:85] [T-Intergrate-intergrate] queue: compare output face:1
I1014 10:27:56.379595  3864 thread_intergrate.hpp:134] T-Intergrate-intergrate set matched face: 1
I1014 10:27:56.380148  3863 work_thread.hpp:81]  [T-Work-Recog_1] Run work: WorkRecog
I1014 10:27:56.380192  3863 work_recog.hpp:89] Face id: 1 will run recog: bbox [143 x 190 from (257, 21)] quality: 0.437002
I1014 10:27:56.380228  3863 work_recog.hpp:96] Recog pair: [208 x 272 from (224, 0)], [143 x 190 from (33, 21)]
I1014 10:27:56.380784  3864 thread_intergrate.hpp:154] T-Intergrate-intergrate Show face :1, size :640 * 360
I1014 10:27:56.381292  3860 demo_inner.hpp:435] thread [SORT-0]  frame id 137 sorting queue size 0   FPS: 29.8727
I1014 10:27:56.398180  3863 work_thread.hpp:81]  [T-Work-Recog_1] Run work: WorkCompare
I1014 10:27:56.398313  3863 work_compare.cpp:76] Compare face: 1 successed, similarity :0.976897, name : images/thanglmb.jpg, normal size : 640 * 360!
I1014 10:27:56.407595  3858 demo_inner.hpp:177] decode queue size 0
I1014 10:27:56.407820  3861 work_thread.hpp:81]  [T-Work-Detect_0] Run work: WorkDetect
I1014 10:27:56.407858  3861 work_detect.cpp:102] Succeeded to add det start for frame 138
I1014 10:27:56.414508  3861 work_detect.cpp:70] Frame :138 detect result :1 face(s)
I1014 10:27:56.414554  3861 work_detect.cpp:86] Detected bbox: [148 x 195 from (254, 19)]
I1014 10:27:56.414597  3861 work_detect.cpp:120] Succeeded to add det end for frame 138
I1014 10:27:56.414613  3861 work_thread.hpp:81]  [T-Work-Detect_0] Run work: WrokTrack
I1014 10:27:56.414638  3861 work_track.cpp:82] Frame: 138 build input_characts: [0.23125 x 0.541667 from (0.396875, 0.0527778)], 0.999622, 0
I1014 10:27:56.414695  3861 work_track.cpp:102] Succeeded to set track lock for frame 138
I1014 10:27:56.414808  3861 work_track.cpp:116] Succeeded to release track lock for frame 138
I1014 10:27:56.414824  3861 work_track.cpp:120] Track results of frame 138: 1 objects input, 1 objects tracked!
I1014 10:27:56.414842  3861 work_track.cpp:148] Frame: 138, track bbox: [148 x 195 from (253.747, 16.2801)], gid: 1, lid: 0
I1014 10:27:56.414878  3861 work_thread.hpp:88]  [T-Work-Detect_0] Frame :138 split
I1014 10:27:56.414896  3861 work_thread.hpp:120]  [T-Work-Detect_0] Valid piece: gid = 1
I1014 10:27:56.414914  3861 work_thread.hpp:92]  [T-Work-Detect_0] Push to split queue:recog
I1014 10:27:56.414961  3864 thread_intergrate.hpp:78] [T-Intergrate-intergrate] queue: frame output frame :138
I1014 10:27:56.414966  3863 work_thread.hpp:81]  [T-Work-Recog_1] Run work: WorkCapture
I1014 10:27:56.414989  3864 thread_intergrate.hpp:85] [T-Intergrate-intergrate] queue: compare output face:1
I1014 10:27:56.415007  3864 thread_intergrate.hpp:134] T-Intergrate-intergrate set matched face: 1
I1014 10:27:56.415591  3863 work_thread.hpp:81]  [T-Work-Recog_1] Run work: WorkRecog
I1014 10:27:56.415616  3863 work_recog.hpp:89] Face id: 1 will run recog: bbox [148 x 195 from (254, 19)] quality: 0.465286
