I1014 12:15:26.987715  5863 thread_intergrate.hpp:85] [T-Intergrate-intergrate] queue: compare output face:0
I1014 12:15:26.987732  5863 thread_intergrate.hpp:137] T-Intergrate-intergrate set matched face: 0
I1014 12:15:26.988413  5862 work_thread.hpp:81]  [T-Work-Recog_1] Run work: WorkRecog
I1014 12:15:26.988441  5862 work_recog.hpp:89] Face id: 0 will run recog: bbox [149 x 196 from (296, 126)] quality: 0.442928
I1014 12:15:26.988550  5862 work_recog.hpp:96] Recog pair: [216 x 280 from (264, 80)], [149 x 196 from (32, 46)]
I1014 12:15:26.988932  5863 thread_intergrate.hpp:157] T-Intergrate-intergrate Show face :0, size :640 * 360
I1014 12:15:26.989502  5859 demo_inner.hpp:435] thread [SORT-0]  frame id 161 sorting queue size 0   FPS: 28.5447
I1014 12:15:26.989571  5858 demo_inner.hpp:260]  gui queue size 0, state = running
I1014 12:15:27.006323  5862 work_thread.hpp:81]  [T-Work-Recog_1] Run work: WorkCompare
I1014 12:15:27.006433  5862 work_compare.cpp:76] Compare face: 0 successed, similarity :0.985344, name : images/thanglmb.jpg, normal size : 640 * 360!
I1014 12:15:27.015741  5857 demo_inner.hpp:177] decode queue size 0
I1014 12:15:27.015839  5860 work_thread.hpp:81]  [T-Work-Detect_0] Run work: WorkDetect
I1014 12:15:27.015874  5860 work_detect.cpp:102] Succeeded to add det start for frame 162
I1014 12:15:27.022485  5860 work_detect.cpp:70] Frame :162 detect result :1 face(s)
I1014 12:15:27.022526  5860 work_detect.cpp:86] Detected bbox: [159 x 203 from (293, 122)]
I1014 12:15:27.022568  5860 work_detect.cpp:120] Succeeded to add det end for frame 162
I1014 12:15:27.022584  5860 work_thread.hpp:81]  [T-Work-Detect_0] Run work: WrokTrack
I1014 12:15:27.022608  5860 work_track.cpp:82] Frame: 162 build input_characts: [0.248437 x 0.563889 from (0.457812, 0.338889)], 1.00019, 0
I1014 12:15:27.022663  5860 work_track.cpp:102] Succeeded to set track lock for frame 162
I1014 12:15:27.022703  5860 work_track.cpp:116] Succeeded to release track lock for frame 162
I1014 12:15:27.022718  5860 work_track.cpp:120] Track results of frame 162: 1 objects input, 1 objects tracked!
I1014 12:15:27.022737  5860 work_track.cpp:148] Frame: 162, track bbox: [159 x 203 from (293.554, 123.627)], gid: 0, lid: 0
I1014 12:15:27.022771  5860 work_thread.hpp:88]  [T-Work-Detect_0] Frame :162 split
I1014 12:15:27.022789  5860 work_thread.hpp:120]  [T-Work-Detect_0] Valid piece: gid = 0
I1014 12:15:27.022807  5860 work_thread.hpp:92]  [T-Work-Detect_0] Push to split queue:recog
I1014 12:15:27.022851  5862 work_thread.hpp:81]  [T-Work-Recog_1] Run work: WorkCapture
I1014 12:15:27.022861  5863 thread_intergrate.hpp:78] [T-Intergrate-intergrate] queue: frame output frame :162
I1014 12:15:27.022886  5863 thread_intergrate.hpp:85] [T-Intergrate-intergrate] queue: compare output face:0
I1014 12:15:27.022905  5863 thread_intergrate.hpp:137] T-Intergrate-intergrate set matched face: 0
I1014 12:15:27.023416  5862 work_thread.hpp:81]  [T-Work-Recog_1] Run work: WorkRecog
I1014 12:15:27.023440  5862 work_recog.hpp:89] Face id: 0 will run recog: bbox [159 x 203 from (293, 122)] quality: 0.452751
I1014 12:15:27.023471  5862 work_recog.hpp:96] Recog pair: [232 x 280 from (256, 80)], [159 x 203 from (37, 42)]
I1014 12:15:27.024071  5863 thread_intergrate.hpp:157] T-Intergrate-intergrate Show face :0, size :640 * 360
I1014 12:15:27.024654  5859 demo_inner.hpp:435] thread [SORT-0]  frame id 162 sorting queue size 0   FPS: 28.5581
I1014 12:15:27.024739  5858 demo_inner.hpp:260]  gui queue size 0, state = running
I1014 12:15:27.041330  5862 work_thread.hpp:81]  [T-Work-Recog_1] Run work: WorkCompare
I1014 12:15:27.041437  5862 work_compare.cpp:76] Compare face: 0 successed, similarity :0.987923, name : images/thanglmb.jpg, normal size : 640 * 360!
I1014 12:15:27.051659  5857 demo_inner.hpp:177] decode queue size 0
I1014 12:15:27.051757  5860 work_thread.hpp:81]  [T-Work-Detect_0] Run work: WorkDetect
I1014 12:15:27.051793  5860 work_detect.cpp:102] Succeeded to add det start for frame 163
I1014 12:15:27.058490  5860 work_detect.cpp:70] Frame :163 detect result :1 face(s)
I1014 12:15:27.058535  5860 work_detect.cpp:86] Detected bbox: [162 x 208 from (295, 119)]
I1014 12:15:27.058578  5860 work_detect.cpp:120] Succeeded to add det end for frame 163
I1014 12:15:27.058594  5860 work_thread.hpp:81]  [T-Work-Detect_0] Run work: WrokTrack
I1014 12:15:27.058619  5860 work_track.cpp:82] Frame: 163 build input_characts: [0.253125 x 0.577778 from (0.460938, 0.330556)], 1.00019, 0
I1014 12:15:27.058745  5860 work_track.cpp:102] Succeeded to set track lock for frame 163
I1014 12:15:27.058789  5860 work_track.cpp:116] Succeeded to release track lock for frame 163
I1014 12:15:27.058804  5860 work_track.cpp:120] Track results of frame 163: 1 objects input, 1 objects tracked!
I1014 12:15:27.058822  5860 work_track.cpp:148] Frame: 163, track bbox: [162 x 208 from (294.403, 120.369)], gid: 0, lid: 0
I1014 12:15:27.058859  5860 work_thread.hpp:88]  [T-Work-Detect_0] Frame :163 split
I1014 12:15:27.058878  5860 work_thread.hpp:120]  [T-Work-Detect_0] Valid piece: gid = 0
I1014 12:15:27.058897  5860 work_thread.hpp:92]  [T-Work-Detect_0] Push to split queue:recog
I1014 12:15:27.058948  5862 work_thread.hpp:81]  [T-Work-Recog_1] Run work: WorkCapture
I1014 12:15:27.059250  5863 thread_intergrate.hpp:78] [T-Intergrate-intergrate] queue: frame output frame :163
I1014 12:15:27.059283  5863 thread_intergrate.hpp:85] [T-Intergrate-intergrate] queue: compare output face:0
I1014 12:15:27.059301  5863 thread_intergrate.hpp:137] T-Intergrate-intergrate set matched face: 0
I1014 12:15:27.059492  5862 work_thread.hpp:81]  [T-Work-Recog_1] Run work: WorkRecog
I1014 12:15:27.059515  5862 work_recog.hpp:89] Face id: 0 will run recog: bbox [162 x 208 from (295, 119)] quality: 0.461896
I1014 12:15:27.059542  5862 work_recog.hpp:96] Recog pair: [240 x 288 from (256, 72)], [162 x 208 from (39, 47)]
I1014 12:15:27.060510  5863 thread_intergrate.hpp:157] T-Intergrate-intergrate Show face :0, size :640 * 360
I1014 12:15:27.061103  5859 demo_inner.hpp:435] thread [SORT-0]  frame id 163 sorting queue size 0   FPS: 28.4781
I1014 12:15:27.061197  5858 demo_inner.hpp:260]  gui queue size 0, state = running
I1014 12:15:27.077363  5862 work_thread.hpp:81]  [T-Work-Recog_1] Run work: WorkCompare
I1014 12:15:27.077473  5862 work_compare.cpp:76] Compare face: 0 successed, similarity :0.978387, name : images/thanglmb.jpg, normal size : 640 * 360!
I1014 12:15:27.081972  5857 demo_inner.hpp:177] decode queue size 0
I1014 12:15:27.082080  5860 work_thread.hpp:81]  [T-Work-Detect_0] Run work: WorkDetect
I1014 12:15:27.082115  5860 work_detect.cpp:102] Succeeded to add det start for frame 164
I1014 12:15:27.088949  5860 work_detect.cpp:70] Frame :164 detect result :1 face(s)
I1014 12:15:27.088994  5860 work_detect.cpp:86] Detected bbox: [164 x 206 from (304, 119)]
I1014 12:15:27.089037  5860 work_detect.cpp:120] Succeeded to add det end for frame 164
I1014 12:15:27.089053  5860 work_thread.hpp:81]  [T-Work-Detect_0] Run work: WrokTrack
I1014 12:15:27.089077  5860 work_track.cpp:82] Frame: 164 build input_characts: [0.25625 x 0.572222 from (0.475, 0.330556)], 0.999622, 0
I1014 12:15:27.089133  5860 work_track.cpp:102] Succeeded to set track lock for frame 164
I1014 12:15:27.089174  5860 work_track.cpp:116] Succeeded to release track lock for frame 164
I1014 12:15:27.089190  5860 work_track.cpp:120] Track results of frame 164: 1 objects input, 1 objects tracked!
I1014 12:15:27.089207  5860 work_track.cpp:148] Frame: 164, track bbox: [164 x 206 from (300.126, 119.124)], gid: 0, lid: 0
I1014 12:15:27.089244  5860 work_thread.hpp:88]  [T-Work-Detect_0] Frame :164 split
I1014 12:15:27.089262  5860 work_thread.hpp:120]  [T-Work-Detect_0] Valid piece: gid = 0
I1014 12:15:27.089280  5860 work_thread.hpp:92]  [T-Work-Detect_0] Push to split queue:recog
I1014 12:15:27.089325  5862 work_thread.hpp:81]  [T-Work-Recog_1] Run work: WorkCapture
I1014 12:15:27.089627  5863 thread_intergrate.hpp:78] [T-Intergrate-intergrate] queue: frame output frame :164
I1014 12:15:27.089658  5863 thread_intergrate.hpp:85] [T-Intergrate-intergrate] queue: compare output face:0
I1014 12:15:27.089677  5863 thread_intergrate.hpp:137] T-Intergrate-intergrate set matched face: 0
I1014 12:15:27.089876  5862 work_thread.hpp:81]  [T-Work-Recog_1] Run work: WorkRecog
I1014 12:15:27.089900  5862 work_recog.hpp:89] Face id: 0 will run recog: bbox [164 x 206 from (304, 119)] quality: 0.406246
I1014 12:15:27.089928  5862 work_recog.hpp:96] Recog pair: [232 x 288 from (272, 72)], [164 x 206 from (32, 47)]
I1014 12:15:27.090857  5863 thread_intergrate.hpp:157] T-Intergrate-intergrate Show face :0, size :640 * 360
I1014 12:15:27.091428  5859 demo_inner.hpp:435] thread [SORT-0]  frame id 164 sorting queue size 0   FPS: 28.5447
I1014 12:15:27.091511  5858 demo_inner.hpp:260]  gui queue size 0, state = running
I1014 12:15:27.107993  5862 work_thread.hpp:81]  [T-Work-Recog_1] Run work: WorkCompare
I1014 12:15:27.108105  5862 work_compare.cpp:76] Compare face: 0 successed, similarity :0.975029, name : images/thanglmb.jpg, normal size : 640 * 360!
I1014 12:15:27.117940  5857 demo_inner.hpp:177] decode queue size 0
I1014 12:15:27.118057  5860 work_thread.hpp:81]  [T-Work-Detect_0] Run work: WorkDetect
I1014 12:15:27.118094  5860 work_detect.cpp:102] Succeeded to add det start for frame 165
I1014 12:15:27.124969  5860 work_detect.cpp:70] Frame :165 detect result :1 face(s)
I1014 12:15:27.125022  5860 work_detect.cpp:86] Detected bbox: [154 x 204 from (307, 106)]
I1014 12:15:27.125066  5860 work_detect.cpp:120] Succeeded to add det end for frame 165
I1014 12:15:27.125083  5860 work_thread.hpp:81]  [T-Work-Detect_0] Run work: WrokTrack
I1014 12:15:27.125108  5860 work_track.cpp:82] Frame: 165 build input_characts: [0.240625 x 0.566667 from (0.479688, 0.294444)], 0.999622, 0
I1014 12:15:27.125162  5860 work_track.cpp:102] Succeeded to set track lock for frame 165
I1014 12:15:27.125202  5860 work_track.cpp:116] Succeeded to release track lock for frame 165
I1014 12:15:27.125217  5860 work_track.cpp:120] Track results of frame 165: 1 objects input, 1 objects tracked!
I1014 12:15:27.125236  5860 work_track.cpp:148] Frame: 165, track bbox: [154 x 204 from (308.363, 112.376)], gid: 0, lid: 0
I1014 12:15:27.125272  5860 work_thread.hpp:88]  [T-Work-Detect_0] Frame :165 split
I1014 12:15:27.125289  5860 work_thread.hpp:120]  [T-Work-Detect_0] Valid piece: gid = 0
I1014 12:15:27.125308  5860 work_thread.hpp:92]  [T-Work-Detect_0] Push to split queue:recog
I1014 12:15:27.125356  5863 thread_intergrate.hpp:78] [T-Intergrate-intergrate] queue: frame output frame :165
I1014 12:15:27.125360  5861 work_thread.hpp:81]  [T-Work-Recog_0] Run work: WorkCapture
I1014 12:15:27.125394  5863 thread_intergrate.hpp:85] [T-Intergrate-intergrate] queue: compare output face:0
I1014 12:15:27.125414  5863 thread_intergrate.hpp:137] T-Intergrate-intergrate set matched face: 0
I1014 12:15:27.126040  5861 work_thread.hpp:81]  [T-Work-Recog_0] Run work: WorkRecog
I1014 12:15:27.126073  5861 work_recog.hpp:89] Face id: 0 will run recog: bbox [154 x 204 from (307, 106)] quality: 0.463755
I1014 12:15:27.126106  5861 work_recog.hpp:96] Recog pair: [224 x 288 from (272, 64)], [154 x 204 from (35, 42)]
I1014 12:15:27.126595  5863 thread_intergrate.hpp:157] T-Intergrate-intergrate Show face :0, size :640 * 360
I1014 12:15:27.127156  5859 demo_inner.hpp:435] thread [SORT-0]  frame id 165 sorting queue size 0   FPS: 28.4781
I1014 12:15:27.127226  5858 demo_inner.hpp:260]  gui queue size 0, state = running
I1014 12:15:27.144814  5861 work_thread.hpp:81]  [T-Work-Recog_0] Run work: WorkCompare
I1014 12:15:27.144932  5861 work_compare.cpp:76] Compare face: 0 successed, similarity :0.981629, name : images/thanglmb.jpg, normal size : 640 * 360!
I1014 12:15:27.147989  5857 demo_inner.hpp:177] decode queue size 0
I1014 12:15:27.148067  5860 work_thread.hpp:81]  [T-Work-Detect_0] Run work: WorkDetect
I1014 12:15:27.148102  5860 work_detect.cpp:102] Succeeded to add det start for frame 166
I1014 12:15:27.154964  5860 work_detect.cpp:70] Frame :166 detect result :1 face(s)
I1014 12:15:27.155011  5860 work_detect.cpp:86] Detected bbox: [161 x 210 from (305, 100)]
I1014 12:15:27.155053  5860 work_detect.cpp:120] Succeeded to add det end for frame 166
I1014 12:15:27.155071  5860 work_thread.hpp:81]  [T-Work-Detect_0] Run work: WrokTrack
I1014 12:15:27.155094  5860 work_track.cpp:82] Frame: 166 build input_characts: [0.251563 x 0.583333 from (0.476562, 0.277778)], 1.00019, 0
I1014 12:15:27.155151  5860 work_track.cpp:102] Succeeded to set track lock for frame 166
I1014 12:15:27.155267  5860 work_track.cpp:116] Succeeded to release track lock for frame 166
I1014 12:15:27.155282  5860 work_track.cpp:120] Track results of frame 166: 1 objects input, 1 objects tracked!
I1014 12:15:27.155302  5860 work_track.cpp:148] Frame: 166, track bbox: [161 x 210 from (307.105, 102.395)], gid: 0, lid: 0
I1014 12:15:27.155339  5860 work_thread.hpp:88]  [T-Work-Detect_0] Frame :166 split
I1014 12:15:27.155357  5860 work_thread.hpp:120]  [T-Work-Detect_0] Valid piece: gid = 0
I1014 12:15:27.155375  5860 work_thread.hpp:92]  [T-Work-Detect_0] Push to split queue:recog
I1014 12:15:27.155424  5862 work_thread.hpp:81]  [T-Work-Recog_1] Run work: WorkCapture
I1014 12:15:27.155736  5863 thread_intergrate.hpp:78] [T-Intergrate-intergrate] queue: frame output frame :166
I1014 12:15:27.155764  5863 thread_intergrate.hpp:85] [T-Intergrate-intergrate] queue: compare output face:0
I1014 12:15:27.155783  5863 thread_intergrate.hpp:137] T-Intergrate-intergrate set matched face: 0
I1014 12:15:27.156018  5862 work_thread.hpp:81]  [T-Work-Recog_1] Run work: WorkRecog
I1014 12:15:27.156041  5862 work_recog.hpp:89] Face id: 0 will run recog: bbox [161 x 210 from (305, 100)] quality: 0.460065
I1014 12:15:27.156069  5862 work_recog.hpp:96] Recog pair: [232 x 296 from (272, 56)], [161 x 210 from (33, 44)]
I1014 12:15:27.156985  5863 thread_intergrate.hpp:157] T-Intergrate-intergrate Show face :0, size :640 * 360
I1014 12:15:27.157611  5859 demo_inner.hpp:435] thread [SORT-0]  frame id 166 sorting queue size 0   FPS: 28.5447
I1014 12:15:27.173733  5862 work_thread.hpp:81]  [T-Work-Recog_1] Run work: WorkCompare
I1014 12:15:27.173840  5862 work_compare.cpp:76] Compare face: 0 successed, similarity :0.9872, name : images/thanglmb.jpg, normal size : 640 * 360!
I1014 12:15:27.177139  5858 demo_inner.hpp:260]  gui queue size 0, state = running
I1014 12:15:27.183787  5857 demo_inner.hpp:177] decode queue size 0
I1014 12:15:27.183894  5860 work_thread.hpp:81]  [T-Work-Detect_0] Run work: WorkDetect
I1014 12:15:27.183928  5860 work_detect.cpp:102] Succeeded to add det start for frame 167
I1014 12:15:27.190549  5860 work_detect.cpp:70] Frame :167 detect result :1 face(s)
I1014 12:15:27.190590  5860 work_detect.cpp:86] Detected bbox: [169 x 217 from (302, 97)]
I1014 12:15:27.190634  5860 work_detect.cpp:120] Succeeded to add det end for frame 167
I1014 12:15:27.190650  5860 work_thread.hpp:81]  [T-Work-Detect_0] Run work: WrokTrack
I1014 12:15:27.190673  5860 work_track.cpp:82] Frame: 167 build input_characts: [0.264062 x 0.602778 from (0.471875, 0.269444)], 1.00019, 0
I1014 12:15:27.190728  5860 work_track.cpp:102] Succeeded to set track lock for frame 167
I1014 12:15:27.190769  5860 work_track.cpp:116] Succeeded to release track lock for frame 167
I1014 12:15:27.190784  5860 work_track.cpp:120] Track results of frame 167: 1 objects input, 1 objects tracked!
I1014 12:15:27.190802  5860 work_track.cpp:148] Frame: 167, track bbox: [169 x 217 from (304.113, 94.7118)], gid: 0, lid: 0
I1014 12:15:27.190840  5860 work_thread.hpp:88]  [T-Work-Detect_0] Frame :167 split
I1014 12:15:27.190858  5860 work_thread.hpp:120]  [T-Work-Detect_0] Valid piece: gid = 0
I1014 12:15:27.190876  5860 work_thread.hpp:92]  [T-Work-Detect_0] Push to split queue:recog
I1014 12:15:27.190925  5863 thread_intergrate.hpp:78] [T-Intergrate-intergrate] queue: frame output frame :167
I1014 12:15:27.190930  5862 work_thread.hpp:81]  [T-Work-Recog_1] Run work: WorkCapture
I1014 12:15:27.190960  5863 thread_intergrate.hpp:85] [T-Intergrate-intergrate] queue: compare output face:0
I1014 12:15:27.190980  5863 thread_intergrate.hpp:137] T-Intergrate-intergrate set matched face: 0
I1014 12:15:27.191563  5862 work_thread.hpp:81]  [T-Work-Recog_1] Run work: WorkRecog
I1014 12:15:27.191587  5862 work_recog.hpp:89] Face id: 0 will run recog: bbox [169 x 217 from (302, 97)] quality: 0.460065
I1014 12:15:27.191617  5862 work_recog.hpp:96] Recog pair: [240 x 312 from (264, 48)], [169 x 217 from (38, 49)]
I1014 12:15:27.192178  5863 thread_intergrate.hpp:157] T-Intergrate-intergrate Show face :0, size :640 * 360
I1014 12:15:27.192821  5859 demo_inner.hpp:435] thread [SORT-0]  frame id 167 sorting queue size 0   FPS: 28.5581
I1014 12:15:27.210134  5862 work_thread.hpp:81]  [T-Work-Recog_1] Run work: WorkCompare
I1014 12:15:27.210271  5862 work_compare.cpp:76] Compare face: 0 successed, similarity :0.979584, name : images/thanglmb.jpg, normal size : 640 * 360!
I1014 12:15:27.214196  5857 demo_inner.hpp:177] decode queue size 0
I1014 12:15:27.214290  5860 work_thread.hpp:81]  [T-Work-Detect_0] Run work: WorkDetect
I1014 12:15:27.214325  5860 work_detect.cpp:102] Succeeded to add det start for frame 168
I1014 12:15:27.221124  5860 work_detect.cpp:70] Frame :168 detect result :1 face(s)
I1014 12:15:27.221173  5860 work_detect.cpp:86] Detected bbox: [165 x 215 from (306, 96)]
I1014 12:15:27.221216  5860 work_detect.cpp:120] Succeeded to add det end for frame 168
I1014 12:15:27.221232  5860 work_thread.hpp:81]  [T-Work-Detect_0] Run work: WrokTrack
I1014 12:15:27.221256  5860 work_track.cpp:82] Frame: 168 build input_characts: [0.257812 x 0.597222 from (0.478125, 0.266667)], 1.00019, 0
I1014 12:15:27.221312  5860 work_track.cpp:102] Succeeded to set track lock for frame 168
I1014 12:15:27.221351  5860 work_track.cpp:116] Succeeded to release track lock for frame 168
I1014 12:15:27.221365  5860 work_track.cpp:120] Track results of frame 168: 1 objects input, 1 objects tracked!
I1014 12:15:27.221383  5860 work_track.cpp:148] Frame: 168, track bbox: [165 x 215 from (306.59, 92.9575)], gid: 0, lid: 0
I1014 12:15:27.221421  5860 work_thread.hpp:88]  [T-Work-Detect_0] Frame :168 split
I1014 12:15:27.221439  5860 work_thread.hpp:120]  [T-Work-Detect_0] Valid piece: gid = 0
I1014 12:15:27.221458  5860 work_thread.hpp:92]  [T-Work-Detect_0] Push to split queue:recog
I1014 12:15:27.221504  5861 work_thread.hpp:81]  [T-Work-Recog_0] Run work: WorkCapture
I1014 12:15:27.221506  5863 thread_intergrate.hpp:78] [T-Intergrate-intergrate] queue: frame output frame :168
I1014 12:15:27.221549  5863 thread_intergrate.hpp:85] [T-Intergrate-intergrate] queue: compare output face:0
I1014 12:15:27.221568  5863 thread_intergrate.hpp:137] T-Intergrate-intergrate set matched face: 0
I1014 12:15:27.222136  5861 work_thread.hpp:81]  [T-Work-Recog_0] Run work: WorkRecog
I1014 12:15:27.222170  5861 work_recog.hpp:89] Face id: 0 will run recog: bbox [165 x 215 from (306, 96)] quality: 0.468177
I1014 12:15:27.222201  5861 work_recog.hpp:96] Recog pair: [232 x 312 from (272, 48)], [165 x 215 from (34, 48)]
I1014 12:15:27.222743  5863 thread_intergrate.hpp:157] T-Intergrate-intergrate Show face :0, size :640 * 360
I1014 12:15:27.223301  5859 demo_inner.hpp:435] thread [SORT-0]  frame id 168 sorting queue size 1   FPS: 28.5447
I1014 12:15:27.240204  5861 work_thread.hpp:81]  [T-Work-Recog_0] Run work: WorkCompare
I1014 12:15:27.240329  5861 work_compare.cpp:76] Compare face: 0 successed, similarity :0.987195, name : images/thanglmb.jpg, normal size : 640 * 360!
I1014 12:15:27.250174  5857 demo_inner.hpp:177] decode queue size 0
I1014 12:15:27.250303  5860 work_thread.hpp:81]  [T-Work-Detect_0] Run work: WorkDetect
I1014 12:15:27.250341  5860 work_detect.cpp:102] Succeeded to add det start for frame 169
I1014 12:15:27.255576  5858 demo_inner.hpp:260]  gui queue size 1, state = running
I1014 12:15:27.257522  5860 work_detect.cpp:70] Frame :169 detect result :1 face(s)
I1014 12:15:27.257587  5860 work_detect.cpp:86] Detected bbox: [168 x 210 from (308, 99)]
I1014 12:15:27.257639  5860 work_detect.cpp:120] Succeeded to add det end for frame 169
I1014 12:15:27.257656  5860 work_thread.hpp:81]  [T-Work-Detect_0] Run work: WrokTrack
I1014 12:15:27.257683  5860 work_track.cpp:82] Frame: 169 build input_characts: [0.2625 x 0.583333 from (0.48125, 0.275)], 1.00019, 0
I1014 12:15:27.257745  5860 work_track.cpp:102] Succeeded to set track lock for frame 169
I1014 12:15:27.257791  5860 work_track.cpp:116] Succeeded to release track lock for frame 169
I1014 12:15:27.257807  5860 work_track.cpp:120] Track results of frame 169: 1 objects input, 1 objects tracked!
I1014 12:15:27.257928  5860 work_track.cpp:148] Frame: 169, track bbox: [168 x 210 from (306.251, 95.6427)], gid: 0, lid: 0
I1014 12:15:27.257970  5860 work_thread.hpp:88]  [T-Work-Detect_0] Frame :169 split
I1014 12:15:27.257989  5860 work_thread.hpp:120]  [T-Work-Detect_0] Valid piece: gid = 0
I1014 12:15:27.258008  5860 work_thread.hpp:92]  [T-Work-Detect_0] Push to split queue:recog
I1014 12:15:27.258072  5861 work_thread.hpp:81]  [T-Work-Recog_0] Run work: WorkCapture
I1014 12:15:27.258080  5863 thread_intergrate.hpp:78] [T-Intergrate-intergrate] queue: frame output frame :169
I1014 12:15:27.258123  5863 thread_intergrate.hpp:85] [T-Intergrate-intergrate] queue: compare output face:0
I1014 12:15:27.258142  5863 thread_intergrate.hpp:137] T-Intergrate-intergrate set matched face: 0
I1014 12:15:27.258778  5861 work_thread.hpp:81]  [T-Work-Recog_0] Run work: WorkRecog
I1014 12:15:27.258802  5861 work_recog.hpp:89] Face id: 0 will run recog: bbox [168 x 210 from (308, 99)] quality: 0.450956
I1014 12:15:27.258841  5861 work_recog.hpp:96] Recog pair: [240 x 296 from (272, 56)], [168 x 210 from (36, 43)]
I1014 12:15:27.259351  5863 thread_intergrate.hpp:157] T-Intergrate-intergrate Show face :0, size :640 * 360
I1014 12:15:27.259927  5859 demo_inner.hpp:435] thread [SORT-0]  frame id 169 sorting queue size 0   FPS: 28.5447
I1014 12:15:27.276955  5861 work_thread.hpp:81]  [T-Work-Recog_0] Run work: WorkCompare
I1014 12:15:27.277077  5861 work_compare.cpp:76] Compare face: 0 successed, similarity :0.990887, name : images/thanglmb.jpg, normal size : 640 * 360!
I1014 12:15:27.280009  5857 demo_inner.hpp:177] decode queue size 0
I1014 12:15:27.280087  5860 work_thread.hpp:81]  [T-Work-Detect_0] Run work: WorkDetect
I1014 12:15:27.280122  5860 work_detect.cpp:102] Succeeded to add det start for frame 170
I1014 12:15:27.287005  5860 work_detect.cpp:70] Frame :170 detect result :1 face(s)
I1014 12:15:27.287055  5860 work_detect.cpp:86] Detected bbox: [171 x 212 from (306, 97)]
I1014 12:15:27.287097  5860 work_detect.cpp:120] Succeeded to add det end for frame 170
I1014 12:15:27.287113  5860 work_thread.hpp:81]  [T-Work-Detect_0] Run work: WrokTrack
I1014 12:15:27.287138  5860 work_track.cpp:82] Frame: 170 build input_characts: [0.267188 x 0.588889 from (0.478125, 0.269444)], 1.00019, 0
I1014 12:15:27.287192  5860 work_track.cpp:102] Succeeded to set track lock for frame 170
I1014 12:15:27.287233  5860 work_track.cpp:116] Succeeded to release track lock for frame 170
I1014 12:15:27.287248  5860 work_track.cpp:120] Track results of frame 170: 1 objects input, 1 objects tracked!
I1014 12:15:27.287266  5860 work_track.cpp:148] Frame: 170, track bbox: [171 x 212 from (306.704, 96.6943)], gid: 0, lid: 0
I1014 12:15:27.287304  5860 work_thread.hpp:88]  [T-Work-Detect_0] Frame :170 split
I1014 12:15:27.287322  5860 work_thread.hpp:120]  [T-Work-Detect_0] Valid piece: gid = 0
I1014 12:15:27.287340  5860 work_thread.hpp:92]  [T-Work-Detect_0] Push to split queue:recog
I1014 12:15:27.287387  5863 thread_intergrate.hpp:78] [T-Intergrate-intergrate] queue: frame output frame :170
I1014 12:15:27.287395  5862 work_thread.hpp:81]  [T-Work-Recog_1] Run work: WorkCapture
I1014 12:15:27.287413  5863 thread_intergrate.hpp:85] [T-Intergrate-intergrate] queue: compare output face:0
I1014 12:15:27.287432  5863 thread_intergrate.hpp:137] T-Intergrate-intergrate set matched face: 0
I1014 12:15:27.288041  5862 work_thread.hpp:81]  [T-Work-Recog_1] Run work: WorkRecog
I1014 12:15:27.288065  5862 work_recog.hpp:89] Face id: 0 will run recog: bbox [171 x 212 from (306, 97)] quality: 0.455914
I1014 12:15:27.288123  5862 work_recog.hpp:96] Recog pair: [240 x 304 from (272, 48)], [171 x 212 from (34, 49)]
I1014 12:15:27.288671  5863 thread_intergrate.hpp:157] T-Intergrate-intergrate Show face :0, size :640 * 360
I1014 12:15:27.289278  5859 demo_inner.hpp:435] thread [SORT-0]  frame id 170 sorting queue size 1   FPS: 28.5581
I1014 12:15:27.306326  5862 work_thread.hpp:81]  [T-Work-Recog_1] Run work: WorkCompare
I1014 12:15:27.306439  5862 work_compare.cpp:76] Compare face: 0 successed, similarity :0.987129, name : images/thanglmb.jpg, normal size : 640 * 360!
I1014 12:15:27.316201  5857 demo_inner.hpp:177] decode queue size 0
I1014 12:15:27.316326  5860 work_thread.hpp:81]  [T-Work-Detect_0] Run work: WorkDetect
I1014 12:15:27.316363  5860 work_detect.cpp:102] Succeeded to add det start for frame 171
I1014 12:15:27.322459  5858 demo_inner.hpp:260]  gui queue size 1, state = running
I1014 12:15:27.323137  5860 work_detect.cpp:70] Frame :171 detect result :1 face(s)
I1014 12:15:27.323171  5860 work_detect.cpp:86] Detected bbox: [167 x 210 from (314, 97)]
I1014 12:15:27.323215  5860 work_detect.cpp:120] Succeeded to add det end for frame 171
I1014 12:15:27.323233  5860 work_thread.hpp:81]  [T-Work-Detect_0] Run work: WrokTrack
I1014 12:15:27.323256  5860 work_track.cpp:82] Frame: 171 build input_characts: [0.260938 x 0.583333 from (0.490625, 0.269444)], 1.00019, 0
I1014 12:15:27.323314  5860 work_track.cpp:102] Succeeded to set track lock for frame 171
I1014 12:15:27.323355  5860 work_track.cpp:116] Succeeded to release track lock for frame 171
I1014 12:15:27.323370  5860 work_track.cpp:120] Track results of frame 171: 1 objects input, 1 objects tracked!
I1014 12:15:27.323390  5860 work_track.cpp:148] Frame: 171, track bbox: [167 x 210 from (312.346, 97.2709)], gid: 0, lid: 0
I1014 12:15:27.323427  5860 work_thread.hpp:88]  [T-Work-Detect_0] Frame :171 split
I1014 12:15:27.323446  5860 work_thread.hpp:120]  [T-Work-Detect_0] Valid piece: gid = 0
I1014 12:15:27.323464  5860 work_thread.hpp:92]  [T-Work-Detect_0] Push to split queue:recog
I1014 12:15:27.323521  5863 thread_intergrate.hpp:78] [T-Intergrate-intergrate] queue: frame output frame :171
I1014 12:15:27.323551  5863 thread_intergrate.hpp:85] [T-Intergrate-intergrate] queue: compare output face:0
I1014 12:15:27.323523  5862 work_thread.hpp:81]  [T-Work-Recog_1] Run work: WorkCapture
I1014 12:15:27.323580  5863 thread_intergrate.hpp:137] T-Intergrate-intergrate set matched face: 0
I1014 12:15:27.324344  5862 work_thread.hpp:81]  [T-Work-Recog_1] Run work: WorkRecog
I1014 12:15:27.324374  5862 work_recog.hpp:89] Face id: 0 will run recog: bbox [167 x 210 from (314, 97)] quality: 0.36103
I1014 12:15:27.324425  5862 work_recog.hpp:96] Recog pair: [240 x 304 from (280, 48)], [167 x 210 from (34, 49)]
I1014 12:15:27.324867  5863 thread_intergrate.hpp:157] T-Intergrate-intergrate Show face :0, size :640 * 360
I1014 12:15:27.325453  5859 demo_inner.hpp:435] thread [SORT-0]  frame id 171 sorting queue size 0   FPS: 28.5447
I1014 12:15:27.342586  5862 work_thread.hpp:81]  [T-Work-Recog_1] Run work: WorkCompare
I1014 12:15:27.342722  5862 work_compare.cpp:76] Compare face: 0 successed, similarity :0.993046, name : images/thanglmb.jpg, normal size : 640 * 360!
I1014 12:15:27.351756  5857 demo_inner.hpp:177] decode queue size 0
I1014 12:15:27.351868  5860 work_thread.hpp:81]  [T-Work-Detect_0] Run work: WorkDetect
I1014 12:15:27.351903  5860 work_detect.cpp:102] Succeeded to add det start for frame 172
I1014 12:15:27.358637  5860 work_detect.cpp:70] Frame :172 detect result :1 face(s)
I1014 12:15:27.358685  5860 work_detect.cpp:86] Detected bbox: [165 x 219 from (318, 91)]
I1014 12:15:27.358728  5860 work_detect.cpp:120] Succeeded to add det end for frame 172
I1014 12:15:27.358744  5860 work_thread.hpp:81]  [T-Work-Detect_0] Run work: WrokTrack
I1014 12:15:27.358768  5860 work_track.cpp:82] Frame: 172 build input_characts: [0.257812 x 0.608333 from (0.496875, 0.252778)], 1.00019, 0
I1014 12:15:27.358824  5860 work_track.cpp:102] Succeeded to set track lock for frame 172
I1014 12:15:27.358865  5860 work_track.cpp:116] Succeeded to release track lock for frame 172
I1014 12:15:27.358880  5860 work_track.cpp:120] Track results of frame 172: 1 objects input, 1 objects tracked!
I1014 12:15:27.358898  5860 work_track.cpp:148] Frame: 172, track bbox: [165 x 219 from (317.132, 91.424)], gid: 0, lid: 0
I1014 12:15:27.358934  5860 work_thread.hpp:88]  [T-Work-Detect_0] Frame :172 split
I1014 12:15:27.358952  5860 work_thread.hpp:120]  [T-Work-Detect_0] Valid piece: gid = 0
I1014 12:15:27.359043  5860 work_thread.hpp:92]  [T-Work-Detect_0] Push to split queue:recog
I1014 12:15:27.359089  5863 thread_intergrate.hpp:78] [T-Intergrate-intergrate] queue: frame output frame :172
I1014 12:15:27.359115  5863 thread_intergrate.hpp:85] [T-Intergrate-intergrate] queue: compare output face:0
I1014 12:15:27.359133  5863 thread_intergrate.hpp:137] T-Intergrate-intergrate set matched face: 0
I1014 12:15:27.359091  5862 work_thread.hpp:81]  [T-Work-Recog_1] Run work: WorkCapture
I1014 12:15:27.359793  5862 work_thread.hpp:81]  [T-Work-Recog_1] Run work: WorkRecog
I1014 12:15:27.359819  5862 work_recog.hpp:89] Face id: 0 will run recog: bbox [165 x 219 from (318, 91)] quality: 0.406491
I1014 12:15:27.359859  5862 work_recog.hpp:96] Recog pair: [240 x 312 from (280, 48)], [165 x 219 from (38, 43)]
I1014 12:15:27.360352  5863 thread_intergrate.hpp:157] T-Intergrate-intergrate Show face :0, size :640 * 360
I1014 12:15:27.360898  5859 demo_inner.hpp:435] thread [SORT-0]  frame id 172 sorting queue size 1   FPS: 28.4781
I1014 12:15:27.378096  5862 work_thread.hpp:81]  [T-Work-Recog_1] Run work: WorkCompare
I1014 12:15:27.378213  5862 work_compare.cpp:76] Compare face: 0 successed, similarity :0.988216, name : images/thanglmb.jpg, normal size : 640 * 360!
I1014 12:15:27.382449  5857 demo_inner.hpp:177] decode queue size 0
I1014 12:15:27.382534  5860 work_thread.hpp:81]  [T-Work-Detect_0] Run work: WorkDetect
I1014 12:15:27.382565  5860 work_detect.cpp:102] Succeeded to add det start for frame 173
I1014 12:15:27.389457  5860 work_detect.cpp:70] Frame :173 detect result :1 face(s)
I1014 12:15:27.389505  5860 work_detect.cpp:86] Detected bbox: [185 x 225 from (306, 68)]
I1014 12:15:27.389549  5860 work_detect.cpp:120] Succeeded to add det end for frame 173
I1014 12:15:27.389565  5860 work_thread.hpp:81]  [T-Work-Detect_0] Run work: WrokTrack
I1014 12:15:27.389590  5860 work_track.cpp:82] Frame: 173 build input_characts: [0.289062 x 0.625 from (0.478125, 0.188889)], 1.00035, 0
I1014 12:15:27.389643  5860 work_track.cpp:102] Succeeded to set track lock for frame 173
I1014 12:15:27.389683  5860 work_track.cpp:116] Succeeded to release track lock for frame 173
I1014 12:15:27.389698  5860 work_track.cpp:120] Track results of frame 173: 1 objects input, 1 objects tracked!
I1014 12:15:27.389715  5860 work_track.cpp:148] Frame: 173, track bbox: [185 x 225 from (308.098, 77.4059)], gid: 0, lid: 0
I1014 12:15:27.389750  5860 work_thread.hpp:88]  [T-Work-Detect_0] Frame :173 split
I1014 12:15:27.389768  5860 work_thread.hpp:120]  [T-Work-Detect_0] Valid piece: gid = 0
I1014 12:15:27.389786  5860 work_thread.hpp:92]  [T-Work-Detect_0] Push to split queue:recog
I1014 12:15:27.389832  5863 thread_intergrate.hpp:78] [T-Intergrate-intergrate] queue: frame output frame :173
I1014 12:15:27.389832  5862 work_thread.hpp:81]  [T-Work-Recog_1] Run work: WorkCapture
I1014 12:15:27.389861  5863 thread_intergrate.hpp:85] [T-Intergrate-intergrate] queue: compare output face:0
I1014 12:15:27.389879  5863 thread_intergrate.hpp:137] T-Intergrate-intergrate set matched face: 0
I1014 12:15:27.390519  5862 work_thread.hpp:81]  [T-Work-Recog_1] Run work: WorkRecog
I1014 12:15:27.390682  5862 work_recog.hpp:89] Face id: 0 will run recog: bbox [185 x 225 from (306, 68)] quality: 0.38549
I1014 12:15:27.390722  5862 work_recog.hpp:96] Recog pair: [264 x 328 from (264, 16)], [185 x 225 from (42, 52)]
I1014 12:15:27.391069  5863 thread_intergrate.hpp:157] T-Intergrate-intergrate Show face :0, size :640 * 360
I1014 12:15:27.391614  5859 demo_inner.hpp:435] thread [SORT-0]  frame id 173 sorting queue size 2   FPS: 28.5447
I1014 12:15:27.406031  5858 demo_inner.hpp:260]  gui queue size 2, state = running
I1014 12:15:27.409269  5862 work_thread.hpp:81]  [T-Work-Recog_1] Run work: WorkCompare
I1014 12:15:27.409430  5862 work_compare.cpp:76] Compare face: 0 successed, similarity :0.961646, name : images/thanglmb.jpg, normal size : 640 * 360!
I1014 12:15:27.418949  5857 demo_inner.hpp:177] decode queue size 0
I1014 12:15:27.419144  5860 work_thread.hpp:81]  [T-Work-Detect_0] Run work: WorkDetect
I1014 12:15:27.419180  5860 work_detect.cpp:102] Succeeded to add det start for frame 174
I1014 12:15:27.426179  5860 work_detect.cpp:70] Frame :174 detect result :1 face(s)
I1014 12:15:27.426230  5860 work_detect.cpp:86] Detected bbox: [179 x 229 from (316, 89)]
I1014 12:15:27.426273  5860 work_detect.cpp:120] Succeeded to add det end for frame 174
I1014 12:15:27.426290  5860 work_thread.hpp:81]  [T-Work-Detect_0] Run work: WrokTrack
I1014 12:15:27.426313  5860 work_track.cpp:82] Frame: 174 build input_characts: [0.279687 x 0.636111 from (0.49375, 0.247222)], 1.00019, 0
I1014 12:15:27.426367  5860 work_track.cpp:102] Succeeded to set track lock for frame 174
I1014 12:15:27.426406  5860 work_track.cpp:116] Succeeded to release track lock for frame 174
I1014 12:15:27.426421  5860 work_track.cpp:120] Track results of frame 174: 1 objects input, 1 objects tracked!
I1014 12:15:27.426440  5860 work_track.cpp:148] Frame: 174, track bbox: [179 x 229 from (314.655, 79.3195)], gid: 0, lid: 0
I1014 12:15:27.426476  5860 work_thread.hpp:88]  [T-Work-Detect_0] Frame :174 split
I1014 12:15:27.426494  5860 work_thread.hpp:120]  [T-Work-Detect_0] Valid piece: gid = 0
I1014 12:15:27.426512  5860 work_thread.hpp:92]  [T-Work-Detect_0] Push to split queue:recog
I1014 12:15:27.426559  5863 thread_intergrate.hpp:78] [T-Intergrate-intergrate] queue: frame output frame :174
I1014 12:15:27.426563  5861 work_thread.hpp:81]  [T-Work-Recog_0] Run work: WorkCapture
I1014 12:15:27.426590  5863 thread_intergrate.hpp:85] [T-Intergrate-intergrate] queue: compare output face:0
I1014 12:15:27.426609  5863 thread_intergrate.hpp:137] T-Intergrate-intergrate set matched face: 0
I1014 12:15:27.427141  5861 work_thread.hpp:81]  [T-Work-Recog_0] Run work: WorkRecog
I1014 12:15:27.427166  5861 work_recog.hpp:89] Face id: 0 will run recog: bbox [179 x 229 from (316, 89)] quality: 0.438967
I1014 12:15:27.427198  5861 work_recog.hpp:96] Recog pair: [256 x 320 from (280, 40)], [179 x 229 from (36, 49)]
I1014 12:15:27.427798  5863 thread_intergrate.hpp:157] T-Intergrate-intergrate Show face :0, size :640 * 360
I1014 12:15:27.428342  5859 demo_inner.hpp:435] thread [SORT-0]  frame id 174 sorting queue size 0   FPS: 28.4648
I1014 12:15:27.445003  5861 work_thread.hpp:81]  [T-Work-Recog_0] Run work: WorkCompare
I1014 12:15:27.445113  5861 work_compare.cpp:76] Compare face: 0 successed, similarity :0.966871, name : images/thanglmb.jpg, normal size : 640 * 360!
I1014 12:15:27.448724  5857 demo_inner.hpp:177] decode queue size 0
I1014 12:15:27.448802  5860 work_thread.hpp:81]  [T-Work-Detect_0] Run work: WorkDetect
I1014 12:15:27.448837  5860 work_detect.cpp:102] Succeeded to add det start for frame 175
I1014 12:15:27.455737  5860 work_detect.cpp:70] Frame :175 detect result :1 face(s)
I1014 12:15:27.455780  5860 work_detect.cpp:86] Detected bbox: [186 x 236 from (313, 84)]
I1014 12:15:27.455829  5860 work_detect.cpp:120] Succeeded to add det end for frame 175
I1014 12:15:27.455848  5860 work_thread.hpp:81]  [T-Work-Detect_0] Run work: WrokTrack
I1014 12:15:27.455875  5860 work_track.cpp:82] Frame: 175 build input_characts: [0.290625 x 0.655556 from (0.489062, 0.233333)], 1.00019, 0
I1014 12:15:27.455941  5860 work_track.cpp:102] Succeeded to set track lock for frame 175
I1014 12:15:27.455993  5860 work_track.cpp:116] Succeeded to release track lock for frame 175
I1014 12:15:27.456008  5860 work_track.cpp:120] Track results of frame 175: 1 objects input, 1 objects tracked!
I1014 12:15:27.456028  5860 work_track.cpp:148] Frame: 175, track bbox: [186 x 236 from (313.677, 79.1324)], gid: 0, lid: 0
I1014 12:15:27.456068  5860 work_thread.hpp:88]  [T-Work-Detect_0] Frame :175 split
I1014 12:15:27.456086  5860 work_thread.hpp:120]  [T-Work-Detect_0] Valid piece: gid = 0
I1014 12:15:27.456105  5860 work_thread.hpp:92]  [T-Work-Detect_0] Push to split queue:recog
I1014 12:15:27.456176  5863 thread_intergrate.hpp:78] [T-Intergrate-intergrate] queue: frame output frame :175
I1014 12:15:27.456179  5862 work_thread.hpp:81]  [T-Work-Recog_1] Run work: WorkCapture
I1014 12:15:27.456303  5863 thread_intergrate.hpp:85] [T-Intergrate-intergrate] queue: compare output face:0
I1014 12:15:27.456323  5863 thread_intergrate.hpp:137] T-Intergrate-intergrate set matched face: 0
I1014 12:15:27.456918  5862 work_thread.hpp:81]  [T-Work-Recog_1] Run work: WorkRecog
I1014 12:15:27.456943  5862 work_recog.hpp:89] Face id: 0 will run recog: bbox [186 x 236 from (313, 84)] quality: 0.469332
I1014 12:15:27.456977  5862 work_recog.hpp:96] Recog pair: [264 x 328 from (272, 32)], [186 x 236 from (41, 52)]
I1014 12:15:27.457520  5863 thread_intergrate.hpp:157] T-Intergrate-intergrate Show face :0, size :640 * 360
I1014 12:15:27.458067  5859 demo_inner.hpp:435] thread [SORT-0]  frame id 175 sorting queue size 1   FPS: 28.5447
I1014 12:15:27.474551  5862 work_thread.hpp:81]  [T-Work-Recog_1] Run work: WorkCompare
I1014 12:15:27.474653  5862 work_compare.cpp:76] Compare face: 0 successed, similarity :0.985197, name : images/thanglmb.jpg, normal size : 640 * 360!
I1014 12:15:27.483680  5858 demo_inner.hpp:260]  gui queue size 1, state = running
I1014 12:15:27.484041  5857 demo_inner.hpp:177] decode queue size 0
I1014 12:15:27.484207  5860 work_thread.hpp:81]  [T-Work-Detect_0] Run work: WorkDetect
I1014 12:15:27.484246  5860 work_detect.cpp:102] Succeeded to add det start for frame 176
I1014 12:15:27.491192  5860 work_detect.cpp:70] Frame :176 detect result :1 face(s)
I1014 12:15:27.491245  5860 work_detect.cpp:86] Detected bbox: [190 x 233 from (316, 62)]
I1014 12:15:27.491288  5860 work_detect.cpp:120] Succeeded to add det end for frame 176
I1014 12:15:27.491305  5860 work_thread.hpp:81]  [T-Work-Detect_0] Run work: WrokTrack
I1014 12:15:27.491329  5860 work_track.cpp:82] Frame: 176 build input_characts: [0.296875 x 0.647222 from (0.49375, 0.172222)], 0.999622, 0
I1014 12:15:27.491385  5860 work_track.cpp:102] Succeeded to set track lock for frame 176
I1014 12:15:27.491426  5860 work_track.cpp:116] Succeeded to release track lock for frame 176
I1014 12:15:27.491441  5860 work_track.cpp:120] Track results of frame 176: 1 objects input, 1 objects tracked!
I1014 12:15:27.491459  5860 work_track.cpp:148] Frame: 176, track bbox: [190 x 233 from (314.673, 71.5871)], gid: 0, lid: 0
I1014 12:15:27.491497  5860 work_thread.hpp:88]  [T-Work-Detect_0] Frame :176 split
I1014 12:15:27.491513  5860 work_thread.hpp:120]  [T-Work-Detect_0] Valid piece: gid = 0
I1014 12:15:27.491533  5860 work_thread.hpp:92]  [T-Work-Detect_0] Push to split queue:recog
I1014 12:15:27.491577  5863 thread_intergrate.hpp:78] [T-Intergrate-intergrate] queue: frame output frame :176
I1014 12:15:27.491580  5862 work_thread.hpp:81]  [T-Work-Recog_1] Run work: WorkCapture
I1014 12:15:27.491607  5863 thread_intergrate.hpp:85] [T-Intergrate-intergrate] queue: compare output face:0
I1014 12:15:27.491626  5863 thread_intergrate.hpp:137] T-Intergrate-intergrate set matched face: 0
I1014 12:15:27.492190  5862 work_thread.hpp:81]  [T-Work-Recog_1] Run work: WorkRecog
I1014 12:15:27.492214  5862 work_recog.hpp:89] Face id: 0 will run recog: bbox [190 x 233 from (316, 62)] quality: 0.385448
I1014 12:15:27.492244  5862 work_recog.hpp:96] Recog pair: [272 x 328 from (272, 16)], [190 x 233 from (44, 46)]
I1014 12:15:27.492835  5863 thread_intergrate.hpp:157] T-Intergrate-intergrate Show face :0, size :640 * 360
I1014 12:15:27.493386  5859 demo_inner.hpp:435] thread [SORT-0]  frame id 176 sorting queue size 0   FPS: 28.5581
I1014 12:15:27.509874  5862 work_thread.hpp:81]  [T-Work-Recog_1] Run work: WorkCompare
I1014 12:15:27.509981  5862 work_compare.cpp:76] Compare face: 0 successed, similarity :0.98279, name : images/thanglmb.jpg, normal size : 640 * 360!
I1014 12:15:27.514209  5857 demo_inner.hpp:177] decode queue size 0
I1014 12:15:27.514308  5860 work_thread.hpp:81]  [T-Work-Detect_0] Run work: WorkDetect
I1014 12:15:27.514341  5860 work_detect.cpp:102] Succeeded to add det start for frame 177
I1014 12:15:27.521368  5860 work_detect.cpp:70] Frame :177 detect result :1 face(s)
I1014 12:15:27.521494  5860 work_detect.cpp:86] Detected bbox: [194 x 238 from (316, 75)]
I1014 12:15:27.521539  5860 work_detect.cpp:120] Succeeded to add det end for frame 177
I1014 12:15:27.521555  5860 work_thread.hpp:81]  [T-Work-Detect_0] Run work: WrokTrack
I1014 12:15:27.521579  5860 work_track.cpp:82] Frame: 177 build input_characts: [0.303125 x 0.661111 from (0.49375, 0.208333)], 0.999622, 0
I1014 12:15:27.521633  5860 work_track.cpp:102] Succeeded to set track lock for frame 177
I1014 12:15:27.521673  5860 work_track.cpp:116] Succeeded to release track lock for frame 177
I1014 12:15:27.521688  5860 work_track.cpp:120] Track results of frame 177: 1 objects input, 1 objects tracked!
I1014 12:15:27.521706  5860 work_track.cpp:148] Frame: 177, track bbox: [194 x 238 from (315.893, 71.3016)], gid: 0, lid: 0
I1014 12:15:27.521742  5860 work_thread.hpp:88]  [T-Work-Detect_0] Frame :177 split
I1014 12:15:27.521760  5860 work_thread.hpp:120]  [T-Work-Detect_0] Valid piece: gid = 0
I1014 12:15:27.521778  5860 work_thread.hpp:92]  [T-Work-Detect_0] Push to split queue:recog
I1014 12:15:27.521822  5861 work_thread.hpp:81]  [T-Work-Recog_0] Run work: WorkCapture
I1014 12:15:27.521823  5863 thread_intergrate.hpp:78] [T-Intergrate-intergrate] queue: frame output frame :177
I1014 12:15:27.521862  5863 thread_intergrate.hpp:85] [T-Intergrate-intergrate] queue: compare output face:0
I1014 12:15:27.521880  5863 thread_intergrate.hpp:137] T-Intergrate-intergrate set matched face: 0
I1014 12:15:27.522392  5861 work_thread.hpp:81]  [T-Work-Recog_0] Run work: WorkRecog
I1014 12:15:27.522418  5861 work_recog.hpp:89] Face id: 0 will run recog: bbox [194 x 238 from (316, 75)] quality: 0.415444
I1014 12:15:27.522446  5861 work_recog.hpp:96] Recog pair: [280 x 336 from (272, 24)], [194 x 238 from (44, 51)]
I1014 12:15:27.523062  5863 thread_intergrate.hpp:157] T-Intergrate-intergrate Show face :0, size :640 * 360
I1014 12:15:27.523614  5859 demo_inner.hpp:435] thread [SORT-0]  frame id 177 sorting queue size 1   FPS: 28.5447
I1014 12:15:27.540503  5861 work_thread.hpp:81]  [T-Work-Recog_0] Run work: WorkCompare
I1014 12:15:27.540609  5861 work_compare.cpp:76] Compare face: 0 successed, similarity :0.986603, name : images/thanglmb.jpg, normal size : 640 * 360!
I1014 12:15:27.549826  5857 demo_inner.hpp:177] decode queue size 0
I1014 12:15:27.549927  5860 work_thread.hpp:81]  [T-Work-Detect_0] Run work: WorkDetect
I1014 12:15:27.549964  5860 work_detect.cpp:102] Succeeded to add det start for frame 178
I1014 12:15:27.556836  5860 work_detect.cpp:70] Frame :178 detect result :1 face(s)
I1014 12:15:27.556887  5860 work_detect.cpp:86] Detected bbox: [168 x 211 from (343, 99)]
I1014 12:15:27.556931  5860 work_detect.cpp:120] Succeeded to add det end for frame 178
I1014 12:15:27.556948  5860 work_thread.hpp:81]  [T-Work-Detect_0] Run work: WrokTrack
I1014 12:15:27.556972  5860 work_track.cpp:82] Frame: 178 build input_characts: [0.2625 x 0.586111 from (0.535937, 0.275)], 0.999622, 0
I1014 12:15:27.557029  5860 work_track.cpp:102] Succeeded to set track lock for frame 178
I1014 12:15:27.557070  5860 work_track.cpp:116] Succeeded to release track lock for frame 178
I1014 12:15:27.557083  5860 work_track.cpp:120] Track results of frame 178: 1 objects input, 1 objects tracked!
I1014 12:15:27.557101  5860 work_track.cpp:148] Frame: 178, track bbox: [168 x 211 from (338.313, 93.1867)], gid: 0, lid: 0
I1014 12:15:27.557137  5860 work_thread.hpp:88]  [T-Work-Detect_0] Frame :178 split
I1014 12:15:27.557155  5860 work_thread.hpp:120]  [T-Work-Detect_0] Valid piece: gid = 0
I1014 12:15:27.557173  5860 work_thread.hpp:92]  [T-Work-Detect_0] Push to split queue:recog
I1014 12:15:27.557222  5863 thread_intergrate.hpp:78] [T-Intergrate-intergrate] queue: frame output frame :178
I1014 12:15:27.557225  5862 work_thread.hpp:81]  [T-Work-Recog_1] Run work: WorkCapture
I1014 12:15:27.557250  5863 thread_intergrate.hpp:85] [T-Intergrate-intergrate] queue: compare output face:0
I1014 12:15:27.557267  5863 thread_intergrate.hpp:137] T-Intergrate-intergrate set matched face: 0
I1014 12:15:27.557795  5862 work_thread.hpp:81]  [T-Work-Recog_1] Run work: WorkRecog
I1014 12:15:27.557819  5862 work_recog.hpp:89] Face id: 0 will run recog: bbox [168 x 211 from (343, 99)] quality: 0.286072
I1014 12:15:27.557848  5862 work_recog.hpp:96] Recog pair: [240 x 296 from (304, 56)], [168 x 211 from (39, 43)]
I1014 12:15:27.558516  5863 thread_intergrate.hpp:157] T-Intergrate-intergrate Show face :0, size :640 * 360
I1014 12:15:27.559077  5859 demo_inner.hpp:435] thread [SORT-0]  frame id 178 sorting queue size 2   FPS: 28.5581
I1014 12:15:27.561864  5858 demo_inner.hpp:260]  gui queue size 2, state = running
I1014 12:15:27.575453  5862 work_thread.hpp:81]  [T-Work-Recog_1] Run work: WorkCompare
I1014 12:15:27.575561  5862 work_compare.cpp:76] Compare face: 0 successed, similarity :0.98613, name : images/thanglmb.jpg, normal size : 640 * 360!
I1014 12:15:27.585814  5857 demo_inner.hpp:177] decode queue size 0
I1014 12:15:27.585913  5860 work_thread.hpp:81]  [T-Work-Detect_0] Run work: WorkDetect
I1014 12:15:27.585949  5860 work_detect.cpp:102] Succeeded to add det start for frame 179
I1014 12:15:27.592900  5860 work_detect.cpp:70] Frame :179 detect result :1 face(s)
I1014 12:15:27.592949  5860 work_detect.cpp:86] Detected bbox: [177 x 217 from (341, 94)]
I1014 12:15:27.592993  5860 work_detect.cpp:120] Succeeded to add det end for frame 179
I1014 12:15:27.593009  5860 work_thread.hpp:81]  [T-Work-Detect_0] Run work: WrokTrack
I1014 12:15:27.593034  5860 work_track.cpp:82] Frame: 179 build input_characts: [0.276563 x 0.602778 from (0.532812, 0.261111)], 0.998877, 0
I1014 12:15:27.593089  5860 work_track.cpp:102] Succeeded to set track lock for frame 179
I1014 12:15:27.593128  5860 work_track.cpp:116] Succeeded to release track lock for frame 179
I1014 12:15:27.593143  5860 work_track.cpp:120] Track results of frame 179: 1 objects input, 1 objects tracked!
I1014 12:15:27.593163  5860 work_track.cpp:148] Frame: 179, track bbox: [177 x 217 from (340.053, 90.2882)], gid: 0, lid: 0
I1014 12:15:27.593199  5860 work_thread.hpp:88]  [T-Work-Detect_0] Frame :179 split
I1014 12:15:27.593216  5860 work_thread.hpp:120]  [T-Work-Detect_0] Valid piece: gid = 0
I1014 12:15:27.593235  5860 work_thread.hpp:92]  [T-Work-Detect_0] Push to split queue:recog
I1014 12:15:27.593278  5862 work_thread.hpp:81]  [T-Work-Recog_1] Run work: WorkCapture
I1014 12:15:27.593279  5863 thread_intergrate.hpp:78] [T-Intergrate-intergrate] queue: frame output frame :179
I1014 12:15:27.593323  5863 thread_intergrate.hpp:85] [T-Intergrate-intergrate] queue: compare output face:0
I1014 12:15:27.593343  5863 thread_intergrate.hpp:137] T-Intergrate-intergrate set matched face: 0
I1014 12:15:27.593863  5862 work_thread.hpp:81]  [T-Work-Recog_1] Run work: WorkRecog
I1014 12:15:27.593888  5862 work_recog.hpp:89] Face id: 0 will run recog: bbox [177 x 217 from (341, 94)] quality: 0.333212
I1014 12:15:27.593919  5862 work_recog.hpp:96] Recog pair: [256 x 312 from (304, 48)], [177 x 217 from (37, 46)]
I1014 12:15:27.594518  5863 thread_intergrate.hpp:157] T-Intergrate-intergrate Show face :0, size :640 * 360
I1014 12:15:27.595072  5859 demo_inner.hpp:435] thread [SORT-0]  frame id 179 sorting queue size 0   FPS: 28.4781
I1014 12:15:27.611536  5862 work_thread.hpp:81]  [T-Work-Recog_1] Run work: WorkCompare
I1014 12:15:27.611644  5862 work_compare.cpp:76] Compare face: 0 successed, similarity :0.98682, name : images/thanglmb.jpg, normal size : 640 * 360!
I1014 12:15:27.616362  5857 demo_inner.hpp:177] decode queue size 0
I1014 12:15:27.616458  5860 work_thread.hpp:81]  [T-Work-Detect_0] Run work: WorkDetect
I1014 12:15:27.616492  5860 work_detect.cpp:102] Succeeded to add det start for frame 180
I1014 12:15:27.623601  5860 work_detect.cpp:70] Frame :180 detect result :1 face(s)
I1014 12:15:27.623651  5860 work_detect.cpp:86] Detected bbox: [182 x 225 from (340, 86)]
I1014 12:15:27.623694  5860 work_detect.cpp:120] Succeeded to add det end for frame 180
I1014 12:15:27.623710  5860 work_thread.hpp:81]  [T-Work-Detect_0] Run work: WrokTrack
I1014 12:15:27.623806  5860 work_track.cpp:82] Frame: 180 build input_characts: [0.284375 x 0.625 from (0.53125, 0.238889)], 0.997596, 0
I1014 12:15:27.623862  5860 work_track.cpp:102] Succeeded to set track lock for frame 180
I1014 12:15:27.623901  5860 work_track.cpp:116] Succeeded to release track lock for frame 180
I1014 12:15:27.623915  5860 work_track.cpp:120] Track results of frame 180: 1 objects input, 1 objects tracked!
