I1014 15:41:13.519804  9329 work_detect.cpp:102] Succeeded to add det start for frame 200
I1014 15:41:13.526329  9329 work_detect.cpp:70] Frame :200 detect result :1 face(s)
I1014 15:41:13.526378  9329 work_detect.cpp:86] Detected bbox: [131 x 188 from (220, 151)]
I1014 15:41:13.526422  9329 work_detect.cpp:120] Succeeded to add det end for frame 200
I1014 15:41:13.526437  9329 work_thread.hpp:81]  [T-Work-Detect_0] Run work: WrokTrack
I1014 15:41:13.526463  9329 work_track.cpp:82] Frame: 200 build input_characts: [0.204688 x 0.522222 from (0.34375, 0.419444)], 1.00019, 0
I1014 15:41:13.526518  9329 work_track.cpp:102] Succeeded to set track lock for frame 200
I1014 15:41:13.526558  9329 work_track.cpp:116] Succeeded to release track lock for frame 200
I1014 15:41:13.526573  9329 work_track.cpp:120] Track results of frame 200: 1 objects input, 1 objects tracked!
I1014 15:41:13.526592  9329 work_track.cpp:148] Frame: 200, track bbox: [131 x 188 from (218.657, 150.051)], gid: 0, lid: 0
I1014 15:41:13.526628  9329 work_thread.hpp:87]  [T-Work-Detect_0] Frame :200 split
I1014 15:41:13.526645  9329 work_thread.hpp:120]  [T-Work-Detect_0] Valid piece: gid = 0
I1014 15:41:13.526664  9329 work_thread.hpp:91]  [T-Work-Detect_0] Push to split queue:recog
I1014 15:41:13.526780  9331 work_thread.hpp:81]  [T-Work-Recog_1] Run work: WorkCapture
I1014 15:41:13.526787  9332 thread_intergrate.hpp:78] [T-Intergrate-intergrate] queue: frame output frame :200
I1014 15:41:13.526836  9332 thread_intergrate.hpp:85] [T-Intergrate-intergrate] queue: compare output face:0
I1014 15:41:13.526856  9332 thread_intergrate.hpp:144] T-Intergrate-intergrate set matched face: 0
I1014 15:41:13.527359  9331 work_thread.hpp:81]  [T-Work-Recog_1] Run work: WorkRecog
I1014 15:41:13.527384  9331 work_recog.hpp:89] Face id: 0 will run recog: bbox [131 x 188 from (220, 151)] quality: 0.412031
I1014 15:41:13.527415  9331 work_recog.hpp:96] Recog pair: [192 x 248 from (192, 112)], [131 x 188 from (28, 39)]
I1014 15:41:13.528996  9332 thread_intergrate.hpp:188] T-Intergrate-intergrate Show face :0, size :640 * 360
I1014 15:41:13.529620  9328 demo_inner.hpp:435] thread [SORT-0]  frame id 200 sorting queue size 1   FPS: 39.9202
I1014 15:41:13.544823  9331 work_thread.hpp:81]  [T-Work-Recog_1] Run work: WorkCompare
I1014 15:41:13.545274  9331 work_compare.cpp:76] Compare face: 0 successed, similarity :0.996283, name : images/ThangLMb.jpg, normal size : 1548 * 1719!
I1014 15:41:13.555263  9326 demo_inner.hpp:177] decode queue size 0
I1014 15:41:13.555364  9329 work_thread.hpp:81]  [T-Work-Detect_0] Run work: WorkDetect
I1014 15:41:13.555398  9329 work_detect.cpp:102] Succeeded to add det start for frame 201
I1014 15:41:13.558239  9327 demo_inner.hpp:260]  gui queue size 1, state = running
I1014 15:41:13.562235  9329 work_detect.cpp:70] Frame :201 detect result :1 face(s)
I1014 15:41:13.562289  9329 work_detect.cpp:86] Detected bbox: [130 x 183 from (220, 155)]
I1014 15:41:13.562335  9329 work_detect.cpp:120] Succeeded to add det end for frame 201
I1014 15:41:13.562350  9329 work_thread.hpp:81]  [T-Work-Detect_0] Run work: WrokTrack
I1014 15:41:13.562376  9329 work_track.cpp:82] Frame: 201 build input_characts: [0.203125 x 0.508333 from (0.34375, 0.430556)], 0.999622, 0
I1014 15:41:13.562433  9329 work_track.cpp:102] Succeeded to set track lock for frame 201
I1014 15:41:13.562472  9329 work_track.cpp:116] Succeeded to release track lock for frame 201
I1014 15:41:13.562486  9329 work_track.cpp:120] Track results of frame 201: 1 objects input, 1 objects tracked!
I1014 15:41:13.562505  9329 work_track.cpp:148] Frame: 201, track bbox: [130 x 183 from (218.288, 152.029)], gid: 0, lid: 0
I1014 15:41:13.562539  9329 work_thread.hpp:87]  [T-Work-Detect_0] Frame :201 split
I1014 15:41:13.562557  9329 work_thread.hpp:120]  [T-Work-Detect_0] Valid piece: gid = 0
I1014 15:41:13.562574  9329 work_thread.hpp:91]  [T-Work-Detect_0] Push to split queue:recog
I1014 15:41:13.562625  9331 work_thread.hpp:81]  [T-Work-Recog_1] Run work: WorkCapture
I1014 15:41:13.562654  9332 thread_intergrate.hpp:78] [T-Intergrate-intergrate] queue: frame output frame :201
I1014 15:41:13.562685  9332 thread_intergrate.hpp:85] [T-Intergrate-intergrate] queue: compare output face:0
I1014 15:41:13.562703  9332 thread_intergrate.hpp:144] T-Intergrate-intergrate set matched face: 0
I1014 15:41:13.563200  9331 work_thread.hpp:81]  [T-Work-Recog_1] Run work: WorkRecog
I1014 15:41:13.563226  9331 work_recog.hpp:89] Face id: 0 will run recog: bbox [130 x 183 from (220, 155)] quality: 0.531033
I1014 15:41:13.563256  9331 work_recog.hpp:96] Recog pair: [184 x 248 from (192, 112)], [130 x 183 from (28, 43)]
I1014 15:41:13.564800  9332 thread_intergrate.hpp:188] T-Intergrate-intergrate Show face :0, size :640 * 360
I1014 15:41:13.565389  9328 demo_inner.hpp:435] thread [SORT-0]  frame id 201 sorting queue size 0   FPS: 39.6361
I1014 15:41:13.580651  9331 work_thread.hpp:81]  [T-Work-Recog_1] Run work: WorkCompare
I1014 15:41:13.581096  9331 work_compare.cpp:76] Compare face: 0 successed, similarity :0.995845, name : images/ThangLMb.jpg, normal size : 1548 * 1719!
I1014 15:41:13.591368  9326 demo_inner.hpp:177] decode queue size 0
I1014 15:41:13.591465  9329 work_thread.hpp:81]  [T-Work-Detect_0] Run work: WorkDetect
I1014 15:41:13.591500  9329 work_detect.cpp:102] Succeeded to add det start for frame 202
I1014 15:41:13.598201  9329 work_detect.cpp:70] Frame :202 detect result :1 face(s)
I1014 15:41:13.598244  9329 work_detect.cpp:86] Detected bbox: [138 x 183 from (225, 163)]
I1014 15:41:13.598286  9329 work_detect.cpp:120] Succeeded to add det end for frame 202
I1014 15:41:13.598302  9329 work_thread.hpp:81]  [T-Work-Detect_0] Run work: WrokTrack
I1014 15:41:13.598327  9329 work_track.cpp:82] Frame: 202 build input_characts: [0.215625 x 0.508333 from (0.351562, 0.452778)], 1.00019, 0
I1014 15:41:13.598383  9329 work_track.cpp:102] Succeeded to set track lock for frame 202
I1014 15:41:13.598423  9329 work_track.cpp:116] Succeeded to release track lock for frame 202
I1014 15:41:13.598438  9329 work_track.cpp:120] Track results of frame 202: 1 objects input, 1 objects tracked!
I1014 15:41:13.598455  9329 work_track.cpp:148] Frame: 202, track bbox: [138 x 183 from (219.361, 157.154)], gid: 0, lid: 0
I1014 15:41:13.598491  9329 work_thread.hpp:87]  [T-Work-Detect_0] Frame :202 split
I1014 15:41:13.598510  9329 work_thread.hpp:120]  [T-Work-Detect_0] Valid piece: gid = 0
I1014 15:41:13.598527  9329 work_thread.hpp:91]  [T-Work-Detect_0] Push to split queue:recog
I1014 15:41:13.598568  9331 work_thread.hpp:81]  [T-Work-Recog_1] Run work: WorkCapture
I1014 15:41:13.598577  9332 thread_intergrate.hpp:78] [T-Intergrate-intergrate] queue: frame output frame :202
I1014 15:41:13.598606  9332 thread_intergrate.hpp:85] [T-Intergrate-intergrate] queue: compare output face:0
I1014 15:41:13.598625  9332 thread_intergrate.hpp:144] T-Intergrate-intergrate set matched face: 0
I1014 15:41:13.599138  9331 work_thread.hpp:81]  [T-Work-Recog_1] Run work: WorkRecog
I1014 15:41:13.599162  9331 work_recog.hpp:89] Face id: 0 will run recog: bbox [138 x 183 from (225, 163)] quality: 0.561922
I1014 15:41:13.599192  9331 work_recog.hpp:96] Recog pair: [200 x 240 from (192, 120)], [138 x 183 from (33, 43)]
I1014 15:41:13.600667  9332 thread_intergrate.hpp:188] T-Intergrate-intergrate Show face :0, size :640 * 360
I1014 15:41:13.601341  9328 demo_inner.hpp:435] thread [SORT-0]  frame id 202 sorting queue size 1   FPS: 39.3651
I1014 15:41:13.616639  9331 work_thread.hpp:81]  [T-Work-Recog_1] Run work: WorkCompare
I1014 15:41:13.617101  9331 work_compare.cpp:76] Compare face: 0 successed, similarity :0.993026, name : images/ThangLMb.jpg, normal size : 1548 * 1719!
I1014 15:41:13.622160  9326 demo_inner.hpp:177] decode queue size 0
I1014 15:41:13.622244  9329 work_thread.hpp:81]  [T-Work-Detect_0] Run work: WorkDetect
I1014 15:41:13.622277  9329 work_detect.cpp:102] Succeeded to add det start for frame 203
I1014 15:41:13.628880  9329 work_detect.cpp:70] Frame :203 detect result :1 face(s)
I1014 15:41:13.628929  9329 work_detect.cpp:86] Detected bbox: [129 x 184 from (220, 153)]
I1014 15:41:13.628970  9329 work_detect.cpp:120] Succeeded to add det end for frame 203
I1014 15:41:13.628986  9329 work_thread.hpp:81]  [T-Work-Detect_0] Run work: WrokTrack
I1014 15:41:13.629010  9329 work_track.cpp:82] Frame: 203 build input_characts: [0.201562 x 0.511111 from (0.34375, 0.425)], 0.999622, 0
I1014 15:41:13.629066  9329 work_track.cpp:102] Succeeded to set track lock for frame 203
I1014 15:41:13.629106  9329 work_track.cpp:116] Succeeded to release track lock for frame 203
I1014 15:41:13.629122  9329 work_track.cpp:120] Track results of frame 203: 1 objects input, 1 objects tracked!
I1014 15:41:13.629138  9329 work_track.cpp:148] Frame: 203, track bbox: [129 x 184 from (223.794, 156.669)], gid: 0, lid: 0
I1014 15:41:13.629175  9329 work_thread.hpp:87]  [T-Work-Detect_0] Frame :203 split
I1014 15:41:13.629192  9329 work_thread.hpp:120]  [T-Work-Detect_0] Valid piece: gid = 0
I1014 15:41:13.629210  9329 work_thread.hpp:91]  [T-Work-Detect_0] Push to split queue:recog
I1014 15:41:13.629256  9330 work_thread.hpp:81]  [T-Work-Recog_0] Run work: WorkCapture
I1014 15:41:13.629261  9332 thread_intergrate.hpp:78] [T-Intergrate-intergrate] queue: frame output frame :203
I1014 15:41:13.629290  9332 thread_intergrate.hpp:85] [T-Intergrate-intergrate] queue: compare output face:0
I1014 15:41:13.629468  9332 thread_intergrate.hpp:144] T-Intergrate-intergrate set matched face: 0
I1014 15:41:13.629830  9330 work_thread.hpp:81]  [T-Work-Recog_0] Run work: WorkRecog
I1014 15:41:13.629855  9330 work_recog.hpp:89] Face id: 0 will run recog: bbox [129 x 184 from (220, 153)] quality: 0.531033
I1014 15:41:13.629885  9330 work_recog.hpp:96] Recog pair: [184 x 248 from (192, 112)], [129 x 184 from (28, 41)]
I1014 15:41:13.631413  9332 thread_intergrate.hpp:188] T-Intergrate-intergrate Show face :0, size :640 * 360
I1014 15:41:13.632031  9328 demo_inner.hpp:435] thread [SORT-0]  frame id 203 sorting queue size 2   FPS: 39.2523
I1014 15:41:13.647506  9330 work_thread.hpp:81]  [T-Work-Recog_0] Run work: WorkCompare
I1014 15:41:13.647965  9330 work_compare.cpp:76] Compare face: 0 successed, similarity :0.995658, name : images/ThangLMb.jpg, normal size : 1548 * 1719!
I1014 15:41:13.651389  9327 demo_inner.hpp:260]  gui queue size 2, state = running
I1014 15:41:13.657392  9326 demo_inner.hpp:177] decode queue size 0
I1014 15:41:13.657537  9329 work_thread.hpp:81]  [T-Work-Detect_0] Run work: WorkDetect
I1014 15:41:13.657570  9329 work_detect.cpp:102] Succeeded to add det start for frame 204
I1014 15:41:13.664203  9329 work_detect.cpp:70] Frame :204 detect result :1 face(s)
I1014 15:41:13.664247  9329 work_detect.cpp:86] Detected bbox: [130 x 182 from (220, 155)]
I1014 15:41:13.664288  9329 work_detect.cpp:120] Succeeded to add det end for frame 204
I1014 15:41:13.664304  9329 work_thread.hpp:81]  [T-Work-Detect_0] Run work: WrokTrack
I1014 15:41:13.664330  9329 work_track.cpp:82] Frame: 204 build input_characts: [0.203125 x 0.505556 from (0.34375, 0.430556)], 0.999622, 0
I1014 15:41:13.664386  9329 work_track.cpp:102] Succeeded to set track lock for frame 204
I1014 15:41:13.664424  9329 work_track.cpp:116] Succeeded to release track lock for frame 204
I1014 15:41:13.664438  9329 work_track.cpp:120] Track results of frame 204: 1 objects input, 1 objects tracked!
I1014 15:41:13.664456  9329 work_track.cpp:148] Frame: 204, track bbox: [130 x 182 from (221.945, 156.855)], gid: 0, lid: 0
I1014 15:41:13.664492  9329 work_thread.hpp:87]  [T-Work-Detect_0] Frame :204 split
I1014 15:41:13.664510  9329 work_thread.hpp:120]  [T-Work-Detect_0] Valid piece: gid = 0
I1014 15:41:13.664528  9329 work_thread.hpp:91]  [T-Work-Detect_0] Push to split queue:recog
I1014 15:41:13.664574  9331 work_thread.hpp:81]  [T-Work-Recog_1] Run work: WorkCapture
I1014 15:41:13.664578  9332 thread_intergrate.hpp:78] [T-Intergrate-intergrate] queue: frame output frame :204
I1014 15:41:13.664608  9332 thread_intergrate.hpp:85] [T-Intergrate-intergrate] queue: compare output face:0
I1014 15:41:13.664650  9332 thread_intergrate.hpp:144] T-Intergrate-intergrate set matched face: 0
I1014 15:41:13.665139  9331 work_thread.hpp:81]  [T-Work-Recog_1] Run work: WorkRecog
I1014 15:41:13.665164  9331 work_recog.hpp:89] Face id: 0 will run recog: bbox [130 x 182 from (220, 155)] quality: 0.651279
I1014 15:41:13.665194  9331 work_recog.hpp:96] Recog pair: [184 x 248 from (192, 112)], [130 x 182 from (28, 43)]
I1014 15:41:13.666649  9332 thread_intergrate.hpp:188] T-Intergrate-intergrate Show face :0, size :640 * 360
I1014 15:41:13.667228  9328 demo_inner.hpp:435] thread [SORT-0]  frame id 204 sorting queue size 0   FPS: 39.0006
I1014 15:41:13.682654  9331 work_thread.hpp:81]  [T-Work-Recog_1] Run work: WorkCompare
I1014 15:41:13.683113  9331 work_compare.cpp:76] Compare face: 0 successed, similarity :0.994567, name : images/ThangLMb.jpg, normal size : 1548 * 1719!
I1014 15:41:13.689344  9326 demo_inner.hpp:177] decode queue size 0
I1014 15:41:13.689437  9329 work_thread.hpp:81]  [T-Work-Detect_0] Run work: WorkDetect
I1014 15:41:13.689471  9329 work_detect.cpp:102] Succeeded to add det start for frame 205
I1014 15:41:13.695979  9329 work_detect.cpp:70] Frame :205 detect result :1 face(s)
I1014 15:41:13.696028  9329 work_detect.cpp:86] Detected bbox: [135 x 178 from (227, 166)]
I1014 15:41:13.696071  9329 work_detect.cpp:120] Succeeded to add det end for frame 205
I1014 15:41:13.696183  9329 work_thread.hpp:81]  [T-Work-Detect_0] Run work: WrokTrack
I1014 15:41:13.696211  9329 work_track.cpp:82] Frame: 205 build input_characts: [0.210938 x 0.494444 from (0.354688, 0.461111)], 1.00019, 0
I1014 15:41:13.696267  9329 work_track.cpp:102] Succeeded to set track lock for frame 205
I1014 15:41:13.696306  9329 work_track.cpp:116] Succeeded to release track lock for frame 205
I1014 15:41:13.696321  9329 work_track.cpp:120] Track results of frame 205: 1 objects input, 1 objects tracked!
I1014 15:41:13.696337  9329 work_track.cpp:148] Frame: 205, track bbox: [135 x 178 from (223.135, 162.472)], gid: 0, lid: 0
I1014 15:41:13.696373  9329 work_thread.hpp:87]  [T-Work-Detect_0] Frame :205 split
I1014 15:41:13.696391  9329 work_thread.hpp:120]  [T-Work-Detect_0] Valid piece: gid = 0
I1014 15:41:13.696409  9329 work_thread.hpp:91]  [T-Work-Detect_0] Push to split queue:recog
I1014 15:41:13.696460  9330 work_thread.hpp:81]  [T-Work-Recog_0] Run work: WorkCapture
I1014 15:41:13.696466  9332 thread_intergrate.hpp:78] [T-Intergrate-intergrate] queue: frame output frame :205
I1014 15:41:13.696504  9332 thread_intergrate.hpp:85] [T-Intergrate-intergrate] queue: compare output face:0
I1014 15:41:13.696524  9332 thread_intergrate.hpp:144] T-Intergrate-intergrate set matched face: 0
I1014 15:41:13.697041  9330 work_thread.hpp:81]  [T-Work-Recog_0] Run work: WorkRecog
I1014 15:41:13.697064  9330 work_recog.hpp:89] Face id: 0 will run recog: bbox [135 x 178 from (227, 166)] quality: 0.439696
I1014 15:41:13.697096  9330 work_recog.hpp:96] Recog pair: [192 x 232 from (200, 128)], [135 x 178 from (27, 38)]
I1014 15:41:13.698268  9332 thread_intergrate.hpp:188] T-Intergrate-intergrate Show face :0, size :640 * 360
I1014 15:41:13.698911  9328 demo_inner.hpp:435] thread [SORT-0]  frame id 205 sorting queue size 1   FPS: 38.8756
I1014 15:41:13.714540  9330 work_thread.hpp:81]  [T-Work-Recog_0] Run work: WorkCompare
I1014 15:41:13.715015  9330 work_compare.cpp:76] Compare face: 0 successed, similarity :0.995938, name : images/ThangLMb.jpg, normal size : 1548 * 1719!
I1014 15:41:13.718525  9327 demo_inner.hpp:260]  gui queue size 1, state = running
I1014 15:41:13.723556  9326 demo_inner.hpp:177] decode queue size 0
I1014 15:41:13.723649  9329 work_thread.hpp:81]  [T-Work-Detect_0] Run work: WorkDetect
I1014 15:41:13.723682  9329 work_detect.cpp:102] Succeeded to add det start for frame 206
I1014 15:41:13.730216  9329 work_detect.cpp:70] Frame :206 detect result :1 face(s)
I1014 15:41:13.730264  9329 work_detect.cpp:86] Detected bbox: [130 x 185 from (220, 153)]
I1014 15:41:13.730306  9329 work_detect.cpp:120] Succeeded to add det end for frame 206
I1014 15:41:13.730324  9329 work_thread.hpp:81]  [T-Work-Detect_0] Run work: WrokTrack
I1014 15:41:13.730348  9329 work_track.cpp:82] Frame: 206 build input_characts: [0.203125 x 0.513889 from (0.34375, 0.425)], 0.999622, 0
I1014 15:41:13.730404  9329 work_track.cpp:102] Succeeded to set track lock for frame 206
I1014 15:41:13.730443  9329 work_track.cpp:116] Succeeded to release track lock for frame 206
I1014 15:41:13.730458  9329 work_track.cpp:120] Track results of frame 206: 1 objects input, 1 objects tracked!
I1014 15:41:13.730475  9329 work_track.cpp:148] Frame: 206, track bbox: [130 x 185 from (223.143, 156.125)], gid: 0, lid: 0
I1014 15:41:13.730512  9329 work_thread.hpp:87]  [T-Work-Detect_0] Frame :206 split
I1014 15:41:13.730530  9329 work_thread.hpp:120]  [T-Work-Detect_0] Valid piece: gid = 0
I1014 15:41:13.730548  9329 work_thread.hpp:91]  [T-Work-Detect_0] Push to split queue:recog
I1014 15:41:13.730594  9331 work_thread.hpp:81]  [T-Work-Recog_1] Run work: WorkCapture
I1014 15:41:13.730599  9332 thread_intergrate.hpp:78] [T-Intergrate-intergrate] queue: frame output frame :206
I1014 15:41:13.730629  9332 thread_intergrate.hpp:85] [T-Intergrate-intergrate] queue: compare output face:0
I1014 15:41:13.730648  9332 thread_intergrate.hpp:144] T-Intergrate-intergrate set matched face: 0
I1014 15:41:13.731163  9331 work_thread.hpp:81]  [T-Work-Recog_1] Run work: WorkRecog
I1014 15:41:13.731268  9331 work_recog.hpp:89] Face id: 0 will run recog: bbox [130 x 185 from (220, 153)] quality: 0.412157
I1014 15:41:13.731302  9331 work_recog.hpp:96] Recog pair: [184 x 248 from (192, 112)], [130 x 185 from (28, 41)]
I1014 15:41:13.732424  9332 thread_intergrate.hpp:188] T-Intergrate-intergrate Show face :0, size :640 * 360
I1014 15:41:13.733099  9328 demo_inner.hpp:435] thread [SORT-0]  frame id 206 sorting queue size 0   FPS: 38.687
I1014 15:41:13.748752  9331 work_thread.hpp:81]  [T-Work-Recog_1] Run work: WorkCompare
I1014 15:41:13.749217  9331 work_compare.cpp:76] Compare face: 0 successed, similarity :0.997581, name : images/ThangLMb.jpg, normal size : 1548 * 1719!
I1014 15:41:13.754222  9326 demo_inner.hpp:177] decode queue size 0
I1014 15:41:13.754307  9329 work_thread.hpp:81]  [T-Work-Detect_0] Run work: WorkDetect
I1014 15:41:13.754338  9329 work_detect.cpp:102] Succeeded to add det start for frame 207
I1014 15:41:13.760975  9329 work_detect.cpp:70] Frame :207 detect result :1 face(s)
I1014 15:41:13.761024  9329 work_detect.cpp:86] Detected bbox: [132 x 187 from (219, 153)]
I1014 15:41:13.761066  9329 work_detect.cpp:120] Succeeded to add det end for frame 207
I1014 15:41:13.761082  9329 work_thread.hpp:81]  [T-Work-Detect_0] Run work: WrokTrack
I1014 15:41:13.761108  9329 work_track.cpp:82] Frame: 207 build input_characts: [0.20625 x 0.519444 from (0.342187, 0.425)], 1.00019, 0
I1014 15:41:13.761163  9329 work_track.cpp:102] Succeeded to set track lock for frame 207
I1014 15:41:13.761201  9329 work_track.cpp:116] Succeeded to release track lock for frame 207
I1014 15:41:13.761216  9329 work_track.cpp:120] Track results of frame 207: 1 objects input, 1 objects tracked!
I1014 15:41:13.761234  9329 work_track.cpp:148] Frame: 207, track bbox: [132 x 187 from (219.593, 153.202)], gid: 0, lid: 0
I1014 15:41:13.761270  9329 work_thread.hpp:87]  [T-Work-Detect_0] Frame :207 split
I1014 15:41:13.761288  9329 work_thread.hpp:120]  [T-Work-Detect_0] Valid piece: gid = 0
I1014 15:41:13.761307  9329 work_thread.hpp:91]  [T-Work-Detect_0] Push to split queue:recog
I1014 15:41:13.761354  9330 work_thread.hpp:81]  [T-Work-Recog_0] Run work: WorkCapture
I1014 15:41:13.761433  9332 thread_intergrate.hpp:78] [T-Intergrate-intergrate] queue: frame output frame :207
I1014 15:41:13.761471  9332 thread_intergrate.hpp:85] [T-Intergrate-intergrate] queue: compare output face:0
I1014 15:41:13.761490  9332 thread_intergrate.hpp:144] T-Intergrate-intergrate set matched face: 0
I1014 15:41:13.761936  9330 work_thread.hpp:81]  [T-Work-Recog_0] Run work: WorkRecog
I1014 15:41:13.761961  9330 work_recog.hpp:89] Face id: 0 will run recog: bbox [132 x 187 from (219, 153)] quality: 0.399812
I1014 15:41:13.761991  9330 work_recog.hpp:96] Recog pair: [192 x 248 from (192, 112)], [132 x 187 from (27, 41)]
I1014 15:41:13.763180  9332 thread_intergrate.hpp:188] T-Intergrate-intergrate Show face :0, size :640 * 360
I1014 15:41:13.763743  9328 demo_inner.hpp:435] thread [SORT-0]  frame id 207 sorting queue size 1   FPS: 38.5723
I1014 15:41:13.779551  9330 work_thread.hpp:81]  [T-Work-Recog_0] Run work: WorkCompare
I1014 15:41:13.780006  9330 work_compare.cpp:76] Compare face: 0 successed, similarity :0.996605, name : images/ThangLMb.jpg, normal size : 1548 * 1719!
I1014 15:41:13.789247  9326 demo_inner.hpp:177] decode queue size 0
I1014 15:41:13.789352  9329 work_thread.hpp:81]  [T-Work-Detect_0] Run work: WorkDetect
I1014 15:41:13.789386  9329 work_detect.cpp:102] Succeeded to add det start for frame 208
I1014 15:41:13.795912  9329 work_detect.cpp:70] Frame :208 detect result :1 face(s)
I1014 15:41:13.795954  9329 work_detect.cpp:86] Detected bbox: [130 x 182 from (220, 156)]
I1014 15:41:13.795996  9329 work_detect.cpp:120] Succeeded to add det end for frame 208
I1014 15:41:13.796012  9329 work_thread.hpp:81]  [T-Work-Detect_0] Run work: WrokTrack
I1014 15:41:13.796037  9329 work_track.cpp:82] Frame: 208 build input_characts: [0.203125 x 0.505556 from (0.34375, 0.433333)], 1.00019, 0
I1014 15:41:13.796180  9329 work_track.cpp:102] Succeeded to set track lock for frame 208
I1014 15:41:13.796224  9329 work_track.cpp:116] Succeeded to release track lock for frame 208
I1014 15:41:13.796239  9329 work_track.cpp:120] Track results of frame 208: 1 objects input, 1 objects tracked!
I1014 15:41:13.796257  9329 work_track.cpp:148] Frame: 208, track bbox: [130 x 182 from (221.033, 156.637)], gid: 0, lid: 0
I1014 15:41:13.796295  9329 work_thread.hpp:87]  [T-Work-Detect_0] Frame :208 split
I1014 15:41:13.796314  9329 work_thread.hpp:120]  [T-Work-Detect_0] Valid piece: gid = 0
I1014 15:41:13.796332  9329 work_thread.hpp:91]  [T-Work-Detect_0] Push to split queue:recog
I1014 15:41:13.796375  9331 work_thread.hpp:81]  [T-Work-Recog_1] Run work: WorkCapture
I1014 15:41:13.796397  9332 thread_intergrate.hpp:78] [T-Intergrate-intergrate] queue: frame output frame :208
I1014 15:41:13.796425  9332 thread_intergrate.hpp:85] [T-Intergrate-intergrate] queue: compare output face:0
I1014 15:41:13.796445  9332 thread_intergrate.hpp:144] T-Intergrate-intergrate set matched face: 0
I1014 15:41:13.796778  9327 demo_inner.hpp:260]  gui queue size 1, state = running
I1014 15:41:13.797049  9331 work_thread.hpp:81]  [T-Work-Recog_1] Run work: WorkRecog
I1014 15:41:13.797080  9331 work_recog.hpp:89] Face id: 0 will run recog: bbox [130 x 182 from (220, 156)] quality: 0.531072
I1014 15:41:13.797124  9331 work_recog.hpp:96] Recog pair: [184 x 240 from (192, 120)], [130 x 182 from (28, 36)]
I1014 15:41:13.798081  9332 thread_intergrate.hpp:188] T-Intergrate-intergrate Show face :0, size :640 * 360
I1014 15:41:13.798696  9328 demo_inner.hpp:435] thread [SORT-0]  frame id 208 sorting queue size 0   FPS: 38.3747
I1014 15:41:13.814914  9331 work_thread.hpp:81]  [T-Work-Recog_1] Run work: WorkCompare
I1014 15:41:13.815374  9331 work_compare.cpp:76] Compare face: 0 successed, similarity :0.99707, name : images/ThangLMb.jpg, normal size : 1548 * 1719!
I1014 15:41:13.825227  9326 demo_inner.hpp:177] decode queue size 0
I1014 15:41:13.825328  9329 work_thread.hpp:81]  [T-Work-Detect_0] Run work: WorkDetect
I1014 15:41:13.825364  9329 work_detect.cpp:102] Succeeded to add det start for frame 209
I1014 15:41:13.832005  9329 work_detect.cpp:70] Frame :209 detect result :1 face(s)
I1014 15:41:13.832051  9329 work_detect.cpp:86] Detected bbox: [128 x 180 from (221, 155)]
I1014 15:41:13.832093  9329 work_detect.cpp:120] Succeeded to add det end for frame 209
I1014 15:41:13.832108  9329 work_thread.hpp:81]  [T-Work-Detect_0] Run work: WrokTrack
I1014 15:41:13.832134  9329 work_track.cpp:82] Frame: 209 build input_characts: [0.2 x 0.5 from (0.345313, 0.430556)], 1.00019, 0
I1014 15:41:13.832206  9329 work_track.cpp:102] Succeeded to set track lock for frame 209
I1014 15:41:13.832247  9329 work_track.cpp:116] Succeeded to release track lock for frame 209
I1014 15:41:13.832262  9329 work_track.cpp:120] Track results of frame 209: 1 objects input, 1 objects tracked!
I1014 15:41:13.832278  9329 work_track.cpp:148] Frame: 209, track bbox: [128 x 180 from (220.553, 155.52)], gid: 0, lid: 0
I1014 15:41:13.832314  9329 work_thread.hpp:87]  [T-Work-Detect_0] Frame :209 split
I1014 15:41:13.832332  9329 work_thread.hpp:120]  [T-Work-Detect_0] Valid piece: gid = 0
I1014 15:41:13.832350  9329 work_thread.hpp:91]  [T-Work-Detect_0] Push to split queue:recog
I1014 15:41:13.832387  9331 work_thread.hpp:81]  [T-Work-Recog_1] Run work: WorkCapture
I1014 15:41:13.832401  9332 thread_intergrate.hpp:78] [T-Intergrate-intergrate] queue: frame output frame :209
I1014 15:41:13.832425  9332 thread_intergrate.hpp:85] [T-Intergrate-intergrate] queue: compare output face:0
I1014 15:41:13.832443  9332 thread_intergrate.hpp:144] T-Intergrate-intergrate set matched face: 0
I1014 15:41:13.832957  9331 work_thread.hpp:81]  [T-Work-Recog_1] Run work: WorkRecog
I1014 15:41:13.832984  9331 work_recog.hpp:89] Face id: 0 will run recog: bbox [128 x 180 from (221, 155)] quality: 0.445393
I1014 15:41:13.833015  9331 work_recog.hpp:96] Recog pair: [184 x 248 from (192, 112)], [128 x 180 from (29, 43)]
I1014 15:41:13.833935  9332 thread_intergrate.hpp:188] T-Intergrate-intergrate Show face :0, size :640 * 360
I1014 15:41:13.834496  9328 demo_inner.hpp:435] thread [SORT-0]  frame id 209 sorting queue size 1   FPS: 38.1637
I1014 15:41:13.850566  9331 work_thread.hpp:81]  [T-Work-Recog_1] Run work: WorkCompare
I1014 15:41:13.851028  9331 work_compare.cpp:76] Compare face: 0 successed, similarity :0.997056, name : images/ThangLMb.jpg, normal size : 1548 * 1719!
I1014 15:41:13.856222  9326 demo_inner.hpp:177] decode queue size 0
I1014 15:41:13.856318  9329 work_thread.hpp:81]  [T-Work-Detect_0] Run work: WorkDetect
I1014 15:41:13.856365  9329 work_detect.cpp:102] Succeeded to add det start for frame 210
I1014 15:41:13.863864  9329 work_detect.cpp:70] Frame :210 detect result :1 face(s)
I1014 15:41:13.863914  9329 work_detect.cpp:86] Detected bbox: [143 x 193 from (217, 161)]
I1014 15:41:13.864064  9329 work_detect.cpp:120] Succeeded to add det end for frame 210
I1014 15:41:13.864101  9329 work_thread.hpp:81]  [T-Work-Detect_0] Run work: WrokTrack
I1014 15:41:13.864130  9329 work_track.cpp:82] Frame: 210 build input_characts: [0.223438 x 0.536111 from (0.339063, 0.447222)], 0.999622, 0
I1014 15:41:13.864212  9329 work_track.cpp:102] Succeeded to set track lock for frame 210
I1014 15:41:13.864253  9329 work_track.cpp:116] Succeeded to release track lock for frame 210
I1014 15:41:13.864269  9329 work_track.cpp:120] Track results of frame 210: 1 objects input, 1 objects tracked!
I1014 15:41:13.864285  9329 work_track.cpp:148] Frame: 210, track bbox: [143 x 193 from (213.537, 153.731)], gid: 0, lid: 0
I1014 15:41:13.864344  9329 work_thread.hpp:87]  [T-Work-Detect_0] Frame :210 split
I1014 15:41:13.864363  9329 work_thread.hpp:120]  [T-Work-Detect_0] Valid piece: gid = 0
I1014 15:41:13.864382  9329 work_thread.hpp:91]  [T-Work-Detect_0] Push to split queue:recog
I1014 15:41:13.864424  9332 thread_intergrate.hpp:78] [T-Intergrate-intergrate] queue: frame output frame :210
I1014 15:41:13.864425  9330 work_thread.hpp:81]  [T-Work-Recog_0] Run work: WorkCapture
I1014 15:41:13.864454  9332 thread_intergrate.hpp:85] [T-Intergrate-intergrate] queue: compare output face:0
I1014 15:41:13.864472  9332 thread_intergrate.hpp:144] T-Intergrate-intergrate set matched face: 0
I1014 15:41:13.865031  9330 work_thread.hpp:81]  [T-Work-Recog_0] Run work: WorkRecog
I1014 15:41:13.865057  9330 work_recog.hpp:89] Face id: 0 will run recog: bbox [143 x 193 from (217, 161)] quality: 0.417979
I1014 15:41:13.865089  9330 work_recog.hpp:96] Recog pair: [208 x 240 from (184, 120)], [143 x 193 from (33, 41)]
I1014 15:41:13.866046  9332 thread_intergrate.hpp:188] T-Intergrate-intergrate Show face :0, size :640 * 360
I1014 15:41:13.866573  9328 demo_inner.hpp:435] thread [SORT-0]  frame id 210 sorting queue size 2   FPS: 38.0435
I1014 15:41:13.880208  9327 demo_inner.hpp:260]  gui queue size 2, state = running
I1014 15:41:13.883188  9330 work_thread.hpp:81]  [T-Work-Recog_0] Run work: WorkCompare
I1014 15:41:13.883654  9330 work_compare.cpp:76] Compare face: 0 successed, similarity :0.99518, name : images/ThangLMb.jpg, normal size : 1548 * 1719!
I1014 15:41:13.892004  9326 demo_inner.hpp:177] decode queue size 0
I1014 15:41:13.892112  9329 work_thread.hpp:81]  [T-Work-Detect_0] Run work: WorkDetect
I1014 15:41:13.892215  9329 work_detect.cpp:102] Succeeded to add det start for frame 211
I1014 15:41:13.899608  9329 work_detect.cpp:70] Frame :211 detect result :1 face(s)
I1014 15:41:13.899720  9329 work_detect.cpp:86] Detected bbox: [137 x 180 from (224, 166)]
I1014 15:41:13.899786  9329 work_detect.cpp:120] Succeeded to add det end for frame 211
I1014 15:41:13.899804  9329 work_thread.hpp:81]  [T-Work-Detect_0] Run work: WrokTrack
I1014 15:41:13.899829  9329 work_track.cpp:82] Frame: 211 build input_characts: [0.214062 x 0.5 from (0.35, 0.461111)], 1.00019, 0
I1014 15:41:13.899893  9329 work_track.cpp:102] Succeeded to set track lock for frame 211
I1014 15:41:13.899932  9329 work_track.cpp:116] Succeeded to release track lock for frame 211
I1014 15:41:13.900144  9329 work_track.cpp:120] Track results of frame 211: 1 objects input, 1 objects tracked!
I1014 15:41:13.900183  9329 work_track.cpp:148] Frame: 211, track bbox: [137 x 180 from (221.727, 165.504)], gid: 0, lid: 0
I1014 15:41:13.900221  9329 work_thread.hpp:87]  [T-Work-Detect_0] Frame :211 split
I1014 15:41:13.900240  9329 work_thread.hpp:120]  [T-Work-Detect_0] Valid piece: gid = 0
I1014 15:41:13.900285  9329 work_thread.hpp:91]  [T-Work-Detect_0] Push to split queue:recog
I1014 15:41:13.900329  9332 thread_intergrate.hpp:78] [T-Intergrate-intergrate] queue: frame output frame :211
I1014 15:41:13.900332  9331 work_thread.hpp:81]  [T-Work-Recog_1] Run work: WorkCapture
I1014 15:41:13.900359  9332 thread_intergrate.hpp:85] [T-Intergrate-intergrate] queue: compare output face:0
I1014 15:41:13.900378  9332 thread_intergrate.hpp:144] T-Intergrate-intergrate set matched face: 0
I1014 15:41:13.900921  9331 work_thread.hpp:81]  [T-Work-Recog_1] Run work: WorkRecog
I1014 15:41:13.900948  9331 work_recog.hpp:89] Face id: 0 will run recog: bbox [137 x 180 from (224, 166)] quality: 0.434991
I1014 15:41:13.900979  9331 work_recog.hpp:96] Recog pair: [200 x 232 from (192, 128)], [137 x 180 from (32, 38)]
I1014 15:41:13.901908  9332 thread_intergrate.hpp:188] T-Intergrate-intergrate Show face :0, size :640 * 360
I1014 15:41:13.902460  9328 demo_inner.hpp:435] thread [SORT-0]  frame id 211 sorting queue size 0   FPS: 37.8465
I1014 15:41:13.918370  9331 work_thread.hpp:81]  [T-Work-Recog_1] Run work: WorkCompare
I1014 15:41:13.918833  9331 work_compare.cpp:76] Compare face: 0 successed, similarity :0.994499, name : images/ThangLMb.jpg, normal size : 1548 * 1719!
I1014 15:41:13.922178  9326 demo_inner.hpp:177] decode queue size 0
I1014 15:41:13.922271  9329 work_thread.hpp:81]  [T-Work-Detect_0] Run work: WorkDetect
I1014 15:41:13.922312  9329 work_detect.cpp:102] Succeeded to add det start for frame 212
I1014 15:41:13.929757  9329 work_detect.cpp:70] Frame :212 detect result :1 face(s)
I1014 15:41:13.929811  9329 work_detect.cpp:86] Detected bbox: [128 x 182 from (221, 154)]
I1014 15:41:13.929853  9329 work_detect.cpp:120] Succeeded to add det end for frame 212
I1014 15:41:13.929869  9329 work_thread.hpp:81]  [T-Work-Detect_0] Run work: WrokTrack
I1014 15:41:13.929894  9329 work_track.cpp:82] Frame: 212 build input_characts: [0.2 x 0.505556 from (0.345313, 0.427778)], 0.999622, 0
I1014 15:41:13.930076  9329 work_track.cpp:102] Succeeded to set track lock for frame 212
I1014 15:41:13.930136  9329 work_track.cpp:116] Succeeded to release track lock for frame 212
I1014 15:41:13.930158  9329 work_track.cpp:120] Track results of frame 212: 1 objects input, 1 objects tracked!
I1014 15:41:13.930177  9329 work_track.cpp:148] Frame: 212, track bbox: [128 x 182 from (224.674, 160.763)], gid: 0, lid: 0
I1014 15:41:13.930215  9329 work_thread.hpp:87]  [T-Work-Detect_0] Frame :212 split
I1014 15:41:13.930233  9329 work_thread.hpp:120]  [T-Work-Detect_0] Valid piece: gid = 0
I1014 15:41:13.930253  9329 work_thread.hpp:91]  [T-Work-Detect_0] Push to split queue:recog
I1014 15:41:13.930318  9332 thread_intergrate.hpp:78] [T-Intergrate-intergrate] queue: frame output frame :212
I1014 15:41:13.930320  9330 work_thread.hpp:81]  [T-Work-Recog_0] Run work: WorkCapture
I1014 15:41:13.930348  9332 thread_intergrate.hpp:85] [T-Intergrate-intergrate] queue: compare output face:0
I1014 15:41:13.930367  9332 thread_intergrate.hpp:144] T-Intergrate-intergrate set matched face: 0
I1014 15:41:13.930909  9330 work_thread.hpp:81]  [T-Work-Recog_0] Run work: WorkRecog
I1014 15:41:13.930936  9330 work_recog.hpp:89] Face id: 0 will run recog: bbox [128 x 182 from (221, 154)] quality: 0.445284
I1014 15:41:13.930971  9330 work_recog.hpp:96] Recog pair: [184 x 248 from (192, 112)], [128 x 182 from (29, 42)]
I1014 15:41:13.931895  9332 thread_intergrate.hpp:188] T-Intergrate-intergrate Show face :0, size :640 * 360
I1014 15:41:13.932356  9328 demo_inner.hpp:435] thread [SORT-0]  frame id 212 sorting queue size 1   FPS: 37.7754
I1014 15:41:13.948693  9330 work_thread.hpp:81]  [T-Work-Recog_0] Run work: WorkCompare
I1014 15:41:13.949232  9330 work_compare.cpp:76] Compare face: 0 successed, similarity :0.997363, name : images/ThangLMb.jpg, normal size : 1548 * 1719!
I1014 15:41:13.957509  9326 demo_inner.hpp:177] decode queue size 0
I1014 15:41:13.957631  9329 work_thread.hpp:81]  [T-Work-Detect_0] Run work: WorkDetect
I1014 15:41:13.957667  9329 work_detect.cpp:102] Succeeded to add det start for frame 213
I1014 15:41:13.965135  9329 work_detect.cpp:70] Frame :213 detect result :1 face(s)
I1014 15:41:13.965183  9329 work_detect.cpp:86] Detected bbox: [133 x 187 from (219, 153)]
I1014 15:41:13.965234  9329 work_detect.cpp:120] Succeeded to add det end for frame 213
I1014 15:41:13.965251  9329 work_thread.hpp:81]  [T-Work-Detect_0] Run work: WrokTrack
I1014 15:41:13.965276  9329 work_track.cpp:82] Frame: 213 build input_characts: [0.207813 x 0.519444 from (0.342187, 0.425)], 1.00019, 0
I1014 15:41:13.965332  9329 work_track.cpp:102] Succeeded to set track lock for frame 213
I1014 15:41:13.965456  9329 work_track.cpp:116] Succeeded to release track lock for frame 213
I1014 15:41:13.965481  9329 work_track.cpp:120] Track results of frame 213: 1 objects input, 1 objects tracked!
I1014 15:41:13.965498  9329 work_track.cpp:148] Frame: 213, track bbox: [133 x 187 from (220.861, 155.742)], gid: 0, lid: 0
I1014 15:41:13.965535  9329 work_thread.hpp:87]  [T-Work-Detect_0] Frame :213 split
I1014 15:41:13.965553  9329 work_thread.hpp:120]  [T-Work-Detect_0] Valid piece: gid = 0
I1014 15:41:13.965570  9329 work_thread.hpp:91]  [T-Work-Detect_0] Push to split queue:recog
I1014 15:41:13.965631  9331 work_thread.hpp:81]  [T-Work-Recog_1] Run work: WorkCapture
I1014 15:41:13.965633  9332 thread_intergrate.hpp:78] [T-Intergrate-intergrate] queue: frame output frame :213
I1014 15:41:13.965662  9332 thread_intergrate.hpp:85] [T-Intergrate-intergrate] queue: compare output face:0
I1014 15:41:13.965680  9332 thread_intergrate.hpp:144] T-Intergrate-intergrate set matched face: 0
I1014 15:41:13.966213  9331 work_thread.hpp:81]  [T-Work-Recog_1] Run work: WorkRecog
I1014 15:41:13.966240  9331 work_recog.hpp:89] Face id: 0 will run recog: bbox [133 x 187 from (219, 153)] quality: 0.406013
I1014 15:41:13.966270  9331 work_recog.hpp:96] Recog pair: [192 x 248 from (192, 112)], [133 x 187 from (27, 41)]
I1014 15:41:13.967221  9332 thread_intergrate.hpp:188] T-Intergrate-intergrate Show face :0, size :640 * 360
I1014 15:41:13.967777  9328 demo_inner.hpp:435] thread [SORT-0]  frame id 213 sorting queue size 2   FPS: 37.6095
I1014 15:41:13.975857  9327 demo_inner.hpp:260]  gui queue size 2, state = running
I1014 15:41:13.983860  9331 work_thread.hpp:81]  [T-Work-Recog_1] Run work: WorkCompare
I1014 15:41:13.984347  9331 work_compare.cpp:76] Compare face: 0 successed, similarity :0.994556, name : images/ThangLMb.jpg, normal size : 1548 * 1719!
I1014 15:41:13.988660  9326 demo_inner.hpp:177] decode queue size 0
I1014 15:41:13.988762  9329 work_thread.hpp:81]  [T-Work-Detect_0] Run work: WorkDetect
I1014 15:41:13.988801  9329 work_detect.cpp:102] Succeeded to add det start for frame 214
I1014 15:41:13.996397  9329 work_detect.cpp:70] Frame :214 detect result :1 face(s)
I1014 15:41:13.996449  9329 work_detect.cpp:86] Detected bbox: [133 x 182 from (228, 167)]
I1014 15:41:13.996500  9329 work_detect.cpp:120] Succeeded to add det end for frame 214
I1014 15:41:13.996517  9329 work_thread.hpp:81]  [T-Work-Detect_0] Run work: WrokTrack
I1014 15:41:13.996542  9329 work_track.cpp:82] Frame: 214 build input_characts: [0.207813 x 0.505556 from (0.35625, 0.463889)], 1.00019, 0
I1014 15:41:13.996623  9329 work_track.cpp:102] Succeeded to set track lock for frame 214
I1014 15:41:13.996661  9329 work_track.cpp:116] Succeeded to release track lock for frame 214
I1014 15:41:13.996676  9329 work_track.cpp:120] Track results of frame 214: 1 objects input, 1 objects tracked!
I1014 15:41:13.996695  9329 work_track.cpp:148] Frame: 214, track bbox: [133 x 182 from (224.196, 161.827)], gid: 0, lid: 0
I1014 15:41:13.996739  9329 work_thread.hpp:87]  [T-Work-Detect_0] Frame :214 split
I1014 15:41:13.996851  9329 work_thread.hpp:120]  [T-Work-Detect_0] Valid piece: gid = 0
I1014 15:41:13.996873  9329 work_thread.hpp:91]  [T-Work-Detect_0] Push to split queue:recog
I1014 15:41:13.996920  9330 work_thread.hpp:81]  [T-Work-Recog_0] Run work: WorkCapture
I1014 15:41:13.996927  9332 thread_intergrate.hpp:78] [T-Intergrate-intergrate] queue: frame output frame :214
I1014 15:41:13.996954  9332 thread_intergrate.hpp:85] [T-Intergrate-intergrate] queue: compare output face:0
I1014 15:41:13.996973  9332 thread_intergrate.hpp:144] T-Intergrate-intergrate set matched face: 0
I1014 15:41:13.997521  9330 work_thread.hpp:81]  [T-Work-Recog_0] Run work: WorkRecog
I1014 15:41:13.997548  9330 work_recog.hpp:89] Face id: 0 will run recog: bbox [133 x 182 from (228, 167)] quality: 0.434051
I1014 15:41:13.997583  9330 work_recog.hpp:96] Recog pair: [192 x 232 from (200, 128)], [133 x 182 from (28, 39)]
I1014 15:41:13.998508  9332 thread_intergrate.hpp:188] T-Intergrate-intergrate Show face :0, size :640 * 360
I1014 15:41:13.999052  9328 demo_inner.hpp:435] thread [SORT-0]  frame id 214 sorting queue size 0   FPS: 37.5254
I1014 15:41:14.015260  9330 work_thread.hpp:81]  [T-Work-Recog_0] Run work: WorkCompare
I1014 15:41:14.015719  9330 work_compare.cpp:76] Compare face: 0 successed, similarity :0.991788, name : images/ThangLMb.jpg, normal size : 1548 * 1719!
I1014 15:41:14.023681  9326 demo_inner.hpp:177] decode queue size 0
I1014 15:41:14.023792  9329 work_thread.hpp:81]  [T-Work-Detect_0] Run work: WorkDetect
I1014 15:41:14.023828  9329 work_detect.cpp:102] Succeeded to add det start for frame 215
I1014 15:41:14.031183  9329 work_detect.cpp:70] Frame :215 detect result :1 face(s)
I1014 15:41:14.031232  9329 work_detect.cpp:86] Detected bbox: [134 x 188 from (218, 152)]
I1014 15:41:14.031275  9329 work_detect.cpp:120] Succeeded to add det end for frame 215
I1014 15:41:14.031314  9329 work_thread.hpp:81]  [T-Work-Detect_0] Run work: WrokTrack
I1014 15:41:14.031390  9329 work_track.cpp:82] Frame: 215 build input_characts: [0.209375 x 0.522222 from (0.340625, 0.422222)], 1.00019, 0
I1014 15:41:14.031453  9329 work_track.cpp:102] Succeeded to set track lock for frame 215
I1014 15:41:14.031494  9329 work_track.cpp:116] Succeeded to release track lock for frame 215
I1014 15:41:14.031509  9329 work_track.cpp:120] Track results of frame 215: 1 objects input, 1 objects tracked!
I1014 15:41:14.031527  9329 work_track.cpp:148] Frame: 215, track bbox: [134 x 188 from (220.733, 153.985)], gid: 0, lid: 0
I1014 15:41:14.031589  9329 work_thread.hpp:87]  [T-Work-Detect_0] Frame :215 split
I1014 15:41:14.031606  9329 work_thread.hpp:120]  [T-Work-Detect_0] Valid piece: gid = 0
I1014 15:41:14.031625  9329 work_thread.hpp:91]  [T-Work-Detect_0] Push to split queue:recog
I1014 15:41:14.031664  9331 work_thread.hpp:81]  [T-Work-Recog_1] Run work: WorkCapture
I1014 15:41:14.031667  9332 thread_intergrate.hpp:78] [T-Intergrate-intergrate] queue: frame output frame :215
I1014 15:41:14.031705  9332 thread_intergrate.hpp:85] [T-Intergrate-intergrate] queue: compare output face:0
I1014 15:41:14.031724  9332 thread_intergrate.hpp:144] T-Intergrate-intergrate set matched face: 0
I1014 15:41:14.032246  9331 work_thread.hpp:81]  [T-Work-Recog_1] Run work: WorkRecog
I1014 15:41:14.032272  9331 work_recog.hpp:89] Face id: 0 will run recog: bbox [134 x 188 from (218, 152)] quality: 0.445393
I1014 15:41:14.032305  9331 work_recog.hpp:96] Recog pair: [192 x 248 from (192, 112)], [134 x 188 from (26, 40)]
I1014 15:41:14.033277  9332 thread_intergrate.hpp:188] T-Intergrate-intergrate Show face :0, size :640 * 360
I1014 15:41:14.033833  9328 demo_inner.hpp:435] thread [SORT-0]  frame id 215 sorting queue size 1   FPS: 37.3692
I1014 15:41:14.042399  9327 demo_inner.hpp:260]  gui queue size 1, state = running
I1014 15:41:14.049890  9331 work_thread.hpp:81]  [T-Work-Recog_1] Run work: WorkCompare
I1014 15:41:14.050365  9331 work_compare.cpp:76] Compare face: 0 successed, similarity :0.996921, name : images/ThangLMb.jpg, normal size : 1548 * 1719!
I1014 15:41:14.059526  9326 demo_inner.hpp:177] decode queue size 0
I1014 15:41:14.059656  9329 work_thread.hpp:81]  [T-Work-Detect_0] Run work: WorkDetect
I1014 15:41:14.059691  9329 work_detect.cpp:102] Succeeded to add det start for frame 216
I1014 15:41:14.067186  9329 work_detect.cpp:70] Frame :216 detect result :1 face(s)
I1014 15:41:14.067250  9329 work_detect.cpp:86] Detected bbox: [136 x 182 from (226, 166)]
I1014 15:41:14.067292  9329 work_detect.cpp:120] Succeeded to add det end for frame 216
I1014 15:41:14.067309  9329 work_thread.hpp:81]  [T-Work-Detect_0] Run work: WrokTrack
I1014 15:41:14.067334  9329 work_track.cpp:82] Frame: 216 build input_characts: [0.2125 x 0.505556 from (0.353125, 0.461111)], 1.00019, 0
I1014 15:41:14.067528  9329 work_track.cpp:102] Succeeded to set track lock for frame 216
I1014 15:41:14.067569  9329 work_track.cpp:116] Succeeded to release track lock for frame 216
I1014 15:41:14.067584  9329 work_track.cpp:120] Track results of frame 216: 1 objects input, 1 objects tracked!
I1014 15:41:14.067610  9329 work_track.cpp:148] Frame: 216, track bbox: [136 x 182 from (222.597, 161.825)], gid: 0, lid: 0
I1014 15:41:14.067646  9329 work_thread.hpp:87]  [T-Work-Detect_0] Frame :216 split
I1014 15:41:14.067665  9329 work_thread.hpp:120]  [T-Work-Detect_0] Valid piece: gid = 0
I1014 15:41:14.067682  9329 work_thread.hpp:91]  [T-Work-Detect_0] Push to split queue:recog
I1014 15:41:14.067741  9331 work_thread.hpp:81]  [T-Work-Recog_1] Run work: WorkCapture
I1014 15:41:14.067754  9332 thread_intergrate.hpp:78] [T-Intergrate-intergrate] queue: frame output frame :216
I1014 15:41:14.067781  9332 thread_intergrate.hpp:85] [T-Intergrate-intergrate] queue: compare output face:0
I1014 15:41:14.067800  9332 thread_intergrate.hpp:144] T-Intergrate-intergrate set matched face: 0
I1014 15:41:14.068320  9331 work_thread.hpp:81]  [T-Work-Recog_1] Run work: WorkRecog
I1014 15:41:14.068346  9331 work_recog.hpp:89] Face id: 0 will run recog: bbox [136 x 182 from (226, 166)] quality: 0.417822
I1014 15:41:14.068377  9331 work_recog.hpp:96] Recog pair: [200 x 232 from (192, 128)], [136 x 182 from (34, 38)]
I1014 15:41:14.069325  9332 thread_intergrate.hpp:188] T-Intergrate-intergrate Show face :0, size :640 * 360
I1014 15:41:14.069857  9328 demo_inner.hpp:435] thread [SORT-0]  frame id 216 sorting queue size 0   FPS: 36.7107
I1014 15:41:14.085799  9331 work_thread.hpp:81]  [T-Work-Recog_1] Run work: WorkCompare
I1014 15:41:14.086266  9331 work_compare.cpp:76] Compare face: 0 successed, similarity :0.991767, name : images/ThangLMb.jpg, normal size : 1548 * 1719!
I1014 15:41:14.089809  9326 demo_inner.hpp:177] decode queue size 0
I1014 15:41:14.089910  9329 work_thread.hpp:81]  [T-Work-Detect_0] Run work: WorkDetect
I1014 15:41:14.089946  9329 work_detect.cpp:102] Succeeded to add det start for frame 217
I1014 15:41:14.097247  9329 work_detect.cpp:70] Frame :217 detect result :1 face(s)
I1014 15:41:14.097293  9329 work_detect.cpp:86] Detected bbox: [136 x 185 from (226, 165)]
I1014 15:41:14.097406  9329 work_detect.cpp:120] Succeeded to add det end for frame 217
I1014 15:41:14.097425  9329 work_thread.hpp:81]  [T-Work-Detect_0] Run work: WrokTrack
I1014 15:41:14.097450  9329 work_track.cpp:82] Frame: 217 build input_characts: [0.2125 x 0.513889 from (0.353125, 0.458333)], 1.00019, 0
I1014 15:41:14.097515  9329 work_track.cpp:102] Succeeded to set track lock for frame 217
I1014 15:41:14.097554  9329 work_track.cpp:116] Succeeded to release track lock for frame 217
I1014 15:41:14.097569  9329 work_track.cpp:120] Track results of frame 217: 1 objects input, 1 objects tracked!
I1014 15:41:14.097586  9329 work_track.cpp:148] Frame: 217, track bbox: [136 x 185 from (225.996, 164.997)], gid: 0, lid: 0
I1014 15:41:14.097648  9329 work_thread.hpp:87]  [T-Work-Detect_0] Frame :217 split
I1014 15:41:14.097667  9329 work_thread.hpp:120]  [T-Work-Detect_0] Valid piece: gid = 0
I1014 15:41:14.097703  9329 work_thread.hpp:91]  [T-Work-Detect_0] Push to split queue:recog
I1014 15:41:14.097745  9331 work_thread.hpp:81]  [T-Work-Recog_1] Run work: WorkCapture
I1014 15:41:14.097755  9332 thread_intergrate.hpp:78] [T-Intergrate-intergrate] queue: frame output frame :217
I1014 15:41:14.097851  9332 thread_intergrate.hpp:85] [T-Intergrate-intergrate] queue: compare output face:0
I1014 15:41:14.097872  9332 thread_intergrate.hpp:144] T-Intergrate-intergrate set matched face: 0
I1014 15:41:14.098409  9331 work_thread.hpp:81]  [T-Work-Recog_1] Run work: WorkRecog
I1014 15:41:14.098438  9331 work_recog.hpp:89] Face id: 0 will run recog: bbox [136 x 185 from (226, 165)] quality: 0.405757
I1014 15:41:14.098475  9331 work_recog.hpp:96] Recog pair: [200 x 232 from (192, 128)], [136 x 185 from (34, 37)]
I1014 15:41:14.099398  9332 thread_intergrate.hpp:188] T-Intergrate-intergrate Show face :0, size :640 * 360
I1014 15:41:14.099936  9328 demo_inner.hpp:435] thread [SORT-0]  frame id 217 sorting queue size 1   FPS: 36.1969
I1014 15:41:14.109477  9327 demo_inner.hpp:260]  gui queue size 1, state = running
I1014 15:41:14.116202  9331 work_thread.hpp:81]  [T-Work-Recog_1] Run work: WorkCompare
I1014 15:41:14.116698  9331 work_compare.cpp:76] Compare face: 0 successed, similarity :0.995546, name : images/ThangLMb.jpg, normal size : 1548 * 1719!
I1014 15:41:14.125437  9326 demo_inner.hpp:177] decode queue size 0
I1014 15:41:14.125567  9329 work_thread.hpp:81]  [T-Work-Detect_0] Run work: WorkDetect
I1014 15:41:14.125607  9329 work_detect.cpp:102] Succeeded to add det start for frame 218
I1014 15:41:14.133222  9329 work_detect.cpp:70] Frame :218 detect result :1 face(s)
I1014 15:41:14.133270  9329 work_detect.cpp:86] Detected bbox: [133 x 183 from (227, 166)]
I1014 15:41:14.133334  9329 work_detect.cpp:120] Succeeded to add det end for frame 218
I1014 15:41:14.133402  9329 work_thread.hpp:81]  [T-Work-Detect_0] Run work: WrokTrack
I1014 15:41:14.133435  9329 work_track.cpp:82] Frame: 218 build input_characts: [0.207813 x 0.508333 from (0.354688, 0.461111)], 1.00019, 0
I1014 15:41:14.133491  9329 work_track.cpp:102] Succeeded to set track lock for frame 218
I1014 15:41:14.133530  9329 work_track.cpp:116] Succeeded to release track lock for frame 218
I1014 15:41:14.133565  9329 work_track.cpp:120] Track results of frame 218: 1 objects input, 1 objects tracked!
I1014 15:41:14.133585  9329 work_track.cpp:148] Frame: 218, track bbox: [133 x 183 from (227.96, 166.841)], gid: 0, lid: 0
I1014 15:41:14.133621  9329 work_thread.hpp:87]  [T-Work-Detect_0] Frame :218 split
I1014 15:41:14.133641  9329 work_thread.hpp:120]  [T-Work-Detect_0] Valid piece: gid = 0
I1014 15:41:14.133657  9329 work_thread.hpp:91]  [T-Work-Detect_0] Push to split queue:recog
I1014 15:41:14.133709  9330 work_thread.hpp:81]  [T-Work-Recog_0] Run work: WorkCapture
I1014 15:41:14.133713  9332 thread_intergrate.hpp:78] [T-Intergrate-intergrate] queue: frame output frame :218
I1014 15:41:14.133744  9332 thread_intergrate.hpp:85] [T-Intergrate-intergrate] queue: compare output face:0
I1014 15:41:14.133762  9332 thread_intergrate.hpp:144] T-Intergrate-intergrate set matched face: 0
I1014 15:41:14.134351  9330 work_thread.hpp:81]  [T-Work-Recog_0] Run work: WorkRecog
I1014 15:41:14.134377  9330 work_recog.hpp:89] Face id: 0 will run recog: bbox [133 x 183 from (227, 166)] quality: 0.405693
I1014 15:41:14.134409  9330 work_recog.hpp:96] Recog pair: [192 x 232 from (200, 128)], [133 x 183 from (27, 38)]
I1014 15:41:14.135263  9332 thread_intergrate.hpp:188] T-Intergrate-intergrate Show face :0, size :640 * 360
I1014 15:41:14.135741  9328 demo_inner.hpp:435] thread [SORT-0]  frame id 218 sorting queue size 0   FPS: 35.5787
