I1014 10:58:33.365118  4573 work_thread.hpp:92]  [T-Work-Detect_0] Push to split queue:recog
I1014 10:58:33.365170  4576 thread_intergrate.hpp:78] [T-Intergrate-intergrate] queue: frame output frame :42
I1014 10:58:33.365171  4575 work_thread.hpp:81]  [T-Work-Recog_1] Run work: WorkCapture
I1014 10:58:33.365201  4576 thread_intergrate.hpp:85] [T-Intergrate-intergrate] queue: compare output face:0
I1014 10:58:33.365221  4576 thread_intergrate.hpp:138] T-Intergrate-intergrate set matched face: 0
I1014 10:58:33.365860  4575 work_thread.hpp:81]  [T-Work-Recog_1] Run work: WorkRecog
I1014 10:58:33.365886  4575 work_recog.hpp:89] Face id: 0 will run recog: bbox [174 x 228 from (281, 116)] quality: 0.47159
I1014 10:58:33.365918  4575 work_recog.hpp:96] Recog pair: [256 x 296 from (240, 64)], [174 x 228 from (41, 52)]
I1014 10:58:33.366551  4576 thread_intergrate.hpp:158] T-Intergrate-intergrate Show face :0, size :640 * 360
I1014 10:58:33.367161  4572 demo_inner.hpp:435] thread [SORT-0]  frame id 42 sorting queue size 1   FPS: 29.8399
I1014 10:58:33.384183  4575 work_thread.hpp:81]  [T-Work-Recog_1] Run work: WorkCompare
I1014 10:58:33.384341  4575 work_compare.cpp:76] Compare face: 0 successed, similarity :0.980751, name : images/thanglmb.jpg, normal size : 640 * 360!
I1014 10:58:33.393573  4570 demo_inner.hpp:177] decode queue size 0
I1014 10:58:33.393677  4573 work_thread.hpp:81]  [T-Work-Detect_0] Run work: WorkDetect
I1014 10:58:33.393710  4573 work_detect.cpp:102] Succeeded to add det start for frame 43
I1014 10:58:33.400640  4573 work_detect.cpp:70] Frame :43 detect result :1 face(s)
I1014 10:58:33.400686  4573 work_detect.cpp:86] Detected bbox: [180 x 227 from (278, 100)]
I1014 10:58:33.400728  4573 work_detect.cpp:120] Succeeded to add det end for frame 43
I1014 10:58:33.400744  4573 work_thread.hpp:81]  [T-Work-Detect_0] Run work: WrokTrack
I1014 10:58:33.400769  4573 work_track.cpp:82] Frame: 43 build input_characts: [0.28125 x 0.630556 from (0.434375, 0.277778)], 1.00035, 0
I1014 10:58:33.400825  4573 work_track.cpp:102] Succeeded to set track lock for frame 43
I1014 10:58:33.400863  4573 work_track.cpp:116] Succeeded to release track lock for frame 43
I1014 10:58:33.400877  4573 work_track.cpp:120] Track results of frame 43: 1 objects input, 1 objects tracked!
I1014 10:58:33.400894  4573 work_track.cpp:148] Frame: 43, track bbox: [180 x 227 from (277.154, 106.79)], gid: 0, lid: 0
I1014 10:58:33.400931  4573 work_thread.hpp:88]  [T-Work-Detect_0] Frame :43 split
I1014 10:58:33.400949  4573 work_thread.hpp:120]  [T-Work-Detect_0] Valid piece: gid = 0
I1014 10:58:33.400966  4573 work_thread.hpp:92]  [T-Work-Detect_0] Push to split queue:recog
I1014 10:58:33.401017  4574 work_thread.hpp:81]  [T-Work-Recog_0] Run work: WorkCapture
I1014 10:58:33.401391  4576 thread_intergrate.hpp:78] [T-Intergrate-intergrate] queue: frame output frame :43
I1014 10:58:33.401418  4576 thread_intergrate.hpp:85] [T-Intergrate-intergrate] queue: compare output face:0
I1014 10:58:33.401437  4576 thread_intergrate.hpp:138] T-Intergrate-intergrate set matched face: 0
I1014 10:58:33.401638  4574 work_thread.hpp:81]  [T-Work-Recog_0] Run work: WorkRecog
I1014 10:58:33.401660  4574 work_recog.hpp:89] Face id: 0 will run recog: bbox [180 x 227 from (278, 100)] quality: 0.438707
I1014 10:58:33.401688  4574 work_recog.hpp:96] Recog pair: [256 x 312 from (240, 48)], [180 x 227 from (38, 52)]
I1014 10:58:33.402799  4576 thread_intergrate.hpp:158] T-Intergrate-intergrate Show face :0, size :640 * 360
I1014 10:58:33.403340  4572 demo_inner.hpp:435] thread [SORT-0]  frame id 43 sorting queue size 2   FPS: 29.7872
I1014 10:58:33.415829  4571 demo_inner.hpp:260]  gui queue size 2, state = running
I1014 10:58:33.420087  4574 work_thread.hpp:81]  [T-Work-Recog_0] Run work: WorkCompare
I1014 10:58:33.420228  4574 work_compare.cpp:76] Compare face: 0 successed, similarity :0.993055, name : images/thanglmb.jpg, normal size : 640 * 360!
I1014 10:58:33.423796  4570 demo_inner.hpp:177] decode queue size 0
I1014 10:58:33.423883  4573 work_thread.hpp:81]  [T-Work-Detect_0] Run work: WorkDetect
I1014 10:58:33.423916  4573 work_detect.cpp:102] Succeeded to add det start for frame 44
I1014 10:58:33.430842  4573 work_detect.cpp:70] Frame :44 detect result :1 face(s)
I1014 10:58:33.430886  4573 work_detect.cpp:86] Detected bbox: [175 x 225 from (278, 100)]
I1014 10:58:33.430928  4573 work_detect.cpp:120] Succeeded to add det end for frame 44
I1014 10:58:33.430944  4573 work_thread.hpp:81]  [T-Work-Detect_0] Run work: WrokTrack
I1014 10:58:33.430968  4573 work_track.cpp:82] Frame: 44 build input_characts: [0.273438 x 0.625 from (0.434375, 0.277778)], 1.00019, 0
I1014 10:58:33.431021  4573 work_track.cpp:102] Succeeded to set track lock for frame 44
I1014 10:58:33.431061  4573 work_track.cpp:116] Succeeded to release track lock for frame 44
I1014 10:58:33.431075  4573 work_track.cpp:120] Track results of frame 44: 1 objects input, 1 objects tracked!
I1014 10:58:33.431092  4573 work_track.cpp:148] Frame: 44, track bbox: [175 x 225 from (277.202, 105.315)], gid: 0, lid: 0
I1014 10:58:33.431126  4573 work_thread.hpp:88]  [T-Work-Detect_0] Frame :44 split
I1014 10:58:33.431144  4573 work_thread.hpp:120]  [T-Work-Detect_0] Valid piece: gid = 0
I1014 10:58:33.431162  4573 work_thread.hpp:92]  [T-Work-Detect_0] Push to split queue:recog
I1014 10:58:33.431213  4576 thread_intergrate.hpp:78] [T-Intergrate-intergrate] queue: frame output frame :44
I1014 10:58:33.431242  4576 thread_intergrate.hpp:85] [T-Intergrate-intergrate] queue: compare output face:0
I1014 10:58:33.431262  4576 thread_intergrate.hpp:138] T-Intergrate-intergrate set matched face: 0
I1014 10:58:33.431255  4575 work_thread.hpp:81]  [T-Work-Recog_1] Run work: WorkCapture
I1014 10:58:33.431926  4575 work_thread.hpp:81]  [T-Work-Recog_1] Run work: WorkRecog
I1014 10:58:33.431951  4575 work_recog.hpp:89] Face id: 0 will run recog: bbox [175 x 225 from (278, 100)] quality: 0.438331
I1014 10:58:33.431982  4575 work_recog.hpp:96] Recog pair: [248 x 312 from (240, 48)], [175 x 225 from (38, 52)]
I1014 10:58:33.432622  4576 thread_intergrate.hpp:158] T-Intergrate-intergrate Show face :0, size :640 * 360
I1014 10:58:33.433099  4572 demo_inner.hpp:435] thread [SORT-0]  frame id 44 sorting queue size 0   FPS: 29.8611
I1014 10:58:33.450212  4575 work_thread.hpp:81]  [T-Work-Recog_1] Run work: WorkCompare
I1014 10:58:33.450372  4575 work_compare.cpp:76] Compare face: 0 successed, similarity :0.988257, name : images/thanglmb.jpg, normal size : 640 * 360!
I1014 10:58:33.459481  4570 demo_inner.hpp:177] decode queue size 0
I1014 10:58:33.459578  4573 work_thread.hpp:81]  [T-Work-Detect_0] Run work: WorkDetect
I1014 10:58:33.459610  4573 work_detect.cpp:102] Succeeded to add det start for frame 45
I1014 10:58:33.466413  4573 work_detect.cpp:70] Frame :45 detect result :1 face(s)
I1014 10:58:33.466534  4573 work_detect.cpp:86] Detected bbox: [172 x 223 from (283, 122)]
I1014 10:58:33.466579  4573 work_detect.cpp:120] Succeeded to add det end for frame 45
I1014 10:58:33.466595  4573 work_thread.hpp:81]  [T-Work-Detect_0] Run work: WrokTrack
I1014 10:58:33.466620  4573 work_track.cpp:82] Frame: 45 build input_characts: [0.26875 x 0.619444 from (0.442187, 0.338889)], 1.00019, 0
I1014 10:58:33.466675  4573 work_track.cpp:102] Succeeded to set track lock for frame 45
I1014 10:58:33.466713  4573 work_track.cpp:116] Succeeded to release track lock for frame 45
I1014 10:58:33.466728  4573 work_track.cpp:120] Track results of frame 45: 1 objects input, 1 objects tracked!
I1014 10:58:33.466745  4573 work_track.cpp:148] Frame: 45, track bbox: [172 x 223 from (277.942, 114.65)], gid: 0, lid: 0
I1014 10:58:33.466783  4573 work_thread.hpp:88]  [T-Work-Detect_0] Frame :45 split
I1014 10:58:33.466800  4573 work_thread.hpp:120]  [T-Work-Detect_0] Valid piece: gid = 0
I1014 10:58:33.466819  4573 work_thread.hpp:92]  [T-Work-Detect_0] Push to split queue:recog
I1014 10:58:33.466866  4576 thread_intergrate.hpp:78] [T-Intergrate-intergrate] queue: frame output frame :45
I1014 10:58:33.466866  4575 work_thread.hpp:81]  [T-Work-Recog_1] Run work: WorkCapture
I1014 10:58:33.466897  4576 thread_intergrate.hpp:85] [T-Intergrate-intergrate] queue: compare output face:0
I1014 10:58:33.466915  4576 thread_intergrate.hpp:138] T-Intergrate-intergrate set matched face: 0
I1014 10:58:33.467502  4575 work_thread.hpp:81]  [T-Work-Recog_1] Run work: WorkRecog
I1014 10:58:33.467527  4575 work_recog.hpp:89] Face id: 0 will run recog: bbox [172 x 223 from (283, 122)] quality: 0.438707
I1014 10:58:33.467557  4575 work_recog.hpp:96] Recog pair: [248 x 288 from (248, 72)], [172 x 223 from (35, 50)]
I1014 10:58:33.468078  4576 thread_intergrate.hpp:158] T-Intergrate-intergrate Show face :0, size :640 * 360
I1014 10:58:33.468825  4572 demo_inner.hpp:435] thread [SORT-0]  frame id 45 sorting queue size 1   FPS: 29.8103
I1014 10:58:33.482925  4571 demo_inner.hpp:260]  gui queue size 1, state = running
I1014 10:58:33.486394  4575 work_thread.hpp:81]  [T-Work-Recog_1] Run work: WorkCompare
I1014 10:58:33.486680  4575 work_compare.cpp:76] Compare face: 0 successed, similarity :0.960184, name : images/thanglmb.jpg, normal size : 640 * 360!
I1014 10:58:33.495751  4570 demo_inner.hpp:177] decode queue size 0
I1014 10:58:33.495862  4573 work_thread.hpp:81]  [T-Work-Detect_0] Run work: WorkDetect
I1014 10:58:33.495898  4573 work_detect.cpp:102] Succeeded to add det start for frame 46
I1014 10:58:33.502681  4573 work_detect.cpp:70] Frame :46 detect result :1 face(s)
I1014 10:58:33.502723  4573 work_detect.cpp:86] Detected bbox: [173 x 225 from (278, 98)]
I1014 10:58:33.502766  4573 work_detect.cpp:120] Succeeded to add det end for frame 46
I1014 10:58:33.502782  4573 work_thread.hpp:81]  [T-Work-Detect_0] Run work: WrokTrack
I1014 10:58:33.502809  4573 work_track.cpp:82] Frame: 46 build input_characts: [0.270312 x 0.625 from (0.434375, 0.272222)], 1.00035, 0
I1014 10:58:33.502863  4573 work_track.cpp:102] Succeeded to set track lock for frame 46
I1014 10:58:33.502902  4573 work_track.cpp:116] Succeeded to release track lock for frame 46
I1014 10:58:33.502916  4573 work_track.cpp:120] Track results of frame 46: 1 objects input, 1 objects tracked!
I1014 10:58:33.502933  4573 work_track.cpp:148] Frame: 46, track bbox: [173 x 225 from (278.181, 106.196)], gid: 0, lid: 0
I1014 10:58:33.502969  4573 work_thread.hpp:88]  [T-Work-Detect_0] Frame :46 split
I1014 10:58:33.502987  4573 work_thread.hpp:120]  [T-Work-Detect_0] Valid piece: gid = 0
I1014 10:58:33.503005  4573 work_thread.hpp:92]  [T-Work-Detect_0] Push to split queue:recog
I1014 10:58:33.503049  4576 thread_intergrate.hpp:78] [T-Intergrate-intergrate] queue: frame output frame :46
I1014 10:58:33.503051  4575 work_thread.hpp:81]  [T-Work-Recog_1] Run work: WorkCapture
I1014 10:58:33.503079  4576 thread_intergrate.hpp:85] [T-Intergrate-intergrate] queue: compare output face:0
I1014 10:58:33.503175  4576 thread_intergrate.hpp:138] T-Intergrate-intergrate set matched face: 0
I1014 10:58:33.503813  4575 work_thread.hpp:81]  [T-Work-Recog_1] Run work: WorkRecog
I1014 10:58:33.503839  4575 work_recog.hpp:89] Face id: 0 will run recog: bbox [173 x 225 from (278, 98)] quality: 0.424089
I1014 10:58:33.503871  4575 work_recog.hpp:96] Recog pair: [248 x 312 from (240, 48)], [173 x 225 from (38, 50)]
I1014 10:58:33.504531  4576 thread_intergrate.hpp:158] T-Intergrate-intergrate Show face :0, size :640 * 360
I1014 10:58:33.505064  4572 demo_inner.hpp:435] thread [SORT-0]  frame id 46 sorting queue size 0   FPS: 29.7619
I1014 10:58:33.522075  4575 work_thread.hpp:81]  [T-Work-Recog_1] Run work: WorkCompare
I1014 10:58:33.522212  4575 work_compare.cpp:76] Compare face: 0 successed, similarity :0.984498, name : images/thanglmb.jpg, normal size : 640 * 360!
I1014 10:58:33.525751  4570 demo_inner.hpp:177] decode queue size 0
I1014 10:58:33.525825  4573 work_thread.hpp:81]  [T-Work-Detect_0] Run work: WorkDetect
I1014 10:58:33.525854  4573 work_detect.cpp:102] Succeeded to add det start for frame 47
I1014 10:58:33.532709  4573 work_detect.cpp:70] Frame :47 detect result :1 face(s)
I1014 10:58:33.532753  4573 work_detect.cpp:86] Detected bbox: [170 x 224 from (282, 102)]
I1014 10:58:33.532796  4573 work_detect.cpp:120] Succeeded to add det end for frame 47
I1014 10:58:33.532812  4573 work_thread.hpp:81]  [T-Work-Detect_0] Run work: WrokTrack
I1014 10:58:33.532836  4573 work_track.cpp:82] Frame: 47 build input_characts: [0.265625 x 0.622222 from (0.440625, 0.283333)], 1.00035, 0
I1014 10:58:33.532891  4573 work_track.cpp:102] Succeeded to set track lock for frame 47
I1014 10:58:33.532929  4573 work_track.cpp:116] Succeeded to release track lock for frame 47
I1014 10:58:33.532944  4573 work_track.cpp:120] Track results of frame 47: 1 objects input, 1 objects tracked!
I1014 10:58:33.532961  4573 work_track.cpp:148] Frame: 47, track bbox: [170 x 224 from (281.116, 102.13)], gid: 0, lid: 0
I1014 10:58:33.532997  4573 work_thread.hpp:88]  [T-Work-Detect_0] Frame :47 split
I1014 10:58:33.533015  4573 work_thread.hpp:120]  [T-Work-Detect_0] Valid piece: gid = 0
I1014 10:58:33.533032  4573 work_thread.hpp:92]  [T-Work-Detect_0] Push to split queue:recog
I1014 10:58:33.533078  4574 work_thread.hpp:81]  [T-Work-Recog_0] Run work: WorkCapture
I1014 10:58:33.533380  4576 thread_intergrate.hpp:78] [T-Intergrate-intergrate] queue: frame output frame :47
I1014 10:58:33.533407  4576 thread_intergrate.hpp:85] [T-Intergrate-intergrate] queue: compare output face:0
I1014 10:58:33.533427  4576 thread_intergrate.hpp:138] T-Intergrate-intergrate set matched face: 0
I1014 10:58:33.533622  4574 work_thread.hpp:81]  [T-Work-Recog_0] Run work: WorkRecog
I1014 10:58:33.533645  4574 work_recog.hpp:89] Face id: 0 will run recog: bbox [170 x 224 from (282, 102)] quality: 0.444516
I1014 10:58:33.533674  4574 work_recog.hpp:96] Recog pair: [240 x 304 from (248, 56)], [170 x 224 from (34, 46)]
I1014 10:58:33.534792  4576 thread_intergrate.hpp:158] T-Intergrate-intergrate Show face :0, size :640 * 360
I1014 10:58:33.535353  4572 demo_inner.hpp:435] thread [SORT-0]  frame id 47 sorting queue size 1   FPS: 29.8314
I1014 10:58:33.551324  4574 work_thread.hpp:81]  [T-Work-Recog_0] Run work: WorkCompare
I1014 10:58:33.551432  4574 work_compare.cpp:76] Compare face: 0 successed, similarity :0.981551, name : images/thanglmb.jpg, normal size : 640 * 360!
I1014 10:58:33.556071  4571 demo_inner.hpp:260]  gui queue size 1, state = running
I1014 10:58:33.561630  4570 demo_inner.hpp:177] decode queue size 0
I1014 10:58:33.561730  4573 work_thread.hpp:81]  [T-Work-Detect_0] Run work: WorkDetect
I1014 10:58:33.561764  4573 work_detect.cpp:102] Succeeded to add det start for frame 48
I1014 10:58:33.568648  4573 work_detect.cpp:70] Frame :48 detect result :1 face(s)
I1014 10:58:33.568691  4573 work_detect.cpp:86] Detected bbox: [172 x 225 from (280, 95)]
I1014 10:58:33.568734  4573 work_detect.cpp:120] Succeeded to add det end for frame 48
I1014 10:58:33.568826  4573 work_thread.hpp:81]  [T-Work-Detect_0] Run work: WrokTrack
I1014 10:58:33.568855  4573 work_track.cpp:82] Frame: 48 build input_characts: [0.26875 x 0.625 from (0.4375, 0.263889)], 1.00019, 0
I1014 10:58:33.568910  4573 work_track.cpp:102] Succeeded to set track lock for frame 48
I1014 10:58:33.568948  4573 work_track.cpp:116] Succeeded to release track lock for frame 48
I1014 10:58:33.568962  4573 work_track.cpp:120] Track results of frame 48: 1 objects input, 1 objects tracked!
I1014 10:58:33.568980  4573 work_track.cpp:148] Frame: 48, track bbox: [172 x 225 from (279.975, 99.2871)], gid: 0, lid: 0
I1014 10:58:33.569016  4573 work_thread.hpp:88]  [T-Work-Detect_0] Frame :48 split
I1014 10:58:33.569033  4573 work_thread.hpp:120]  [T-Work-Detect_0] Valid piece: gid = 0
I1014 10:58:33.569051  4573 work_thread.hpp:92]  [T-Work-Detect_0] Push to split queue:recog
I1014 10:58:33.569100  4574 work_thread.hpp:81]  [T-Work-Recog_0] Run work: WorkCapture
I1014 10:58:33.569397  4576 thread_intergrate.hpp:78] [T-Intergrate-intergrate] queue: frame output frame :48
I1014 10:58:33.569425  4576 thread_intergrate.hpp:85] [T-Intergrate-intergrate] queue: compare output face:0
I1014 10:58:33.569444  4576 thread_intergrate.hpp:138] T-Intergrate-intergrate set matched face: 0
I1014 10:58:33.569650  4574 work_thread.hpp:81]  [T-Work-Recog_0] Run work: WorkRecog
I1014 10:58:33.569674  4574 work_recog.hpp:89] Face id: 0 will run recog: bbox [172 x 225 from (280, 95)] quality: 0.361004
I1014 10:58:33.569702  4574 work_recog.hpp:96] Recog pair: [248 x 312 from (240, 48)], [172 x 225 from (40, 47)]
I1014 10:58:33.570802  4576 thread_intergrate.hpp:158] T-Intergrate-intergrate Show face :0, size :640 * 360
I1014 10:58:33.571372  4572 demo_inner.hpp:435] thread [SORT-0]  frame id 48 sorting queue size 0   FPS: 29.7845
I1014 10:58:33.587319  4574 work_thread.hpp:81]  [T-Work-Recog_0] Run work: WorkCompare
I1014 10:58:33.587430  4574 work_compare.cpp:76] Compare face: 0 successed, similarity :0.98771, name : images/thanglmb.jpg, normal size : 640 * 360!
I1014 10:58:33.591692  4570 demo_inner.hpp:177] decode queue size 0
I1014 10:58:33.591774  4573 work_thread.hpp:81]  [T-Work-Detect_0] Run work: WorkDetect
I1014 10:58:33.591807  4573 work_detect.cpp:102] Succeeded to add det start for frame 49
I1014 10:58:33.598702  4573 work_detect.cpp:70] Frame :49 detect result :2 face(s)
I1014 10:58:33.598752  4573 work_detect.cpp:86] Detected bbox: [170 x 222 from (282, 103)]
I1014 10:58:33.598784  4573 work_detect.cpp:86] Detected bbox: [94 x 109 from (301, 201)]
I1014 10:58:33.598815  4573 work_detect.cpp:120] Succeeded to add det end for frame 49
I1014 10:58:33.598831  4573 work_thread.hpp:81]  [T-Work-Detect_0] Run work: WrokTrack
I1014 10:58:33.598855  4573 work_track.cpp:82] Frame: 49 build input_characts: [0.265625 x 0.616667 from (0.440625, 0.286111)], 1.00035, 0
I1014 10:58:33.598908  4573 work_track.cpp:82] Frame: 49 build input_characts: [0.146875 x 0.302778 from (0.470313, 0.558333)], 0.905415, 1
I1014 10:58:33.598948  4573 work_track.cpp:102] Succeeded to set track lock for frame 49
I1014 10:58:33.598991  4573 work_track.cpp:116] Succeeded to release track lock for frame 49
I1014 10:58:33.599006  4573 work_track.cpp:120] Track results of frame 49: 2 objects input, 1 objects tracked!
I1014 10:58:33.599023  4573 work_track.cpp:148] Frame: 49, track bbox: [170 x 222 from (281.602, 99.587)], gid: 0, lid: 0
I1014 10:58:33.599056  4573 work_track.cpp:162] Frame: 49 lid: 1 not tracked, will set invalid
I1014 10:58:33.599072  4573 work_thread.hpp:88]  [T-Work-Detect_0] Frame :49 split
I1014 10:58:33.599088  4573 work_thread.hpp:120]  [T-Work-Detect_0] Valid piece: gid = 0
I1014 10:58:33.599105  4573 work_thread.hpp:124]  [T-Work-Detect_0] Invalid piece: lid = 1, drop it
I1014 10:58:33.599120  4573 work_thread.hpp:92]  [T-Work-Detect_0] Push to split queue:recog
I1014 10:58:33.599172  4576 thread_intergrate.hpp:78] [T-Intergrate-intergrate] queue: frame output frame :49
I1014 10:58:33.599174  4575 work_thread.hpp:81]  [T-Work-Recog_1] Run work: WorkCapture
I1014 10:58:33.599201  4576 thread_intergrate.hpp:85] [T-Intergrate-intergrate] queue: compare output face:0
I1014 10:58:33.599294  4576 thread_intergrate.hpp:138] T-Intergrate-intergrate set matched face: 0
I1014 10:58:33.599936  4575 work_thread.hpp:81]  [T-Work-Recog_1] Run work: WorkRecog
I1014 10:58:33.599962  4575 work_recog.hpp:89] Face id: 0 will run recog: bbox [170 x 222 from (282, 103)] quality: 0.385393
I1014 10:58:33.600132  4575 work_recog.hpp:96] Recog pair: [240 x 304 from (248, 56)], [170 x 222 from (34, 47)]
I1014 10:58:33.600656  4576 thread_intergrate.hpp:158] T-Intergrate-intergrate Show face :0, size :640 * 360
I1014 10:58:33.601191  4572 demo_inner.hpp:435] thread [SORT-0]  frame id 49 sorting queue size 1   FPS: 29.8507
I1014 10:58:33.618168  4575 work_thread.hpp:81]  [T-Work-Recog_1] Run work: WorkCompare
I1014 10:58:33.618325  4575 work_compare.cpp:76] Compare face: 0 successed, similarity :0.978723, name : images/thanglmb.jpg, normal size : 640 * 360!
I1014 10:58:33.627507  4570 demo_inner.hpp:177] decode queue size 0
I1014 10:58:33.627624  4573 work_thread.hpp:81]  [T-Work-Detect_0] Run work: WorkDetect
I1014 10:58:33.627661  4573 work_detect.cpp:102] Succeeded to add det start for frame 50
I1014 10:58:33.633435  4571 demo_inner.hpp:260]  gui queue size 1, state = running
I1014 10:58:33.634423  4573 work_detect.cpp:70] Frame :50 detect result :1 face(s)
I1014 10:58:33.634466  4573 work_detect.cpp:86] Detected bbox: [170 x 225 from (280, 96)]
I1014 10:58:33.634512  4573 work_detect.cpp:120] Succeeded to add det end for frame 50
I1014 10:58:33.634529  4573 work_thread.hpp:81]  [T-Work-Detect_0] Run work: WrokTrack
I1014 10:58:33.634554  4573 work_track.cpp:82] Frame: 50 build input_characts: [0.265625 x 0.625 from (0.4375, 0.266667)], 1.00019, 0
I1014 10:58:33.634613  4573 work_track.cpp:102] Succeeded to set track lock for frame 50
I1014 10:58:33.634656  4573 work_track.cpp:116] Succeeded to release track lock for frame 50
I1014 10:58:33.634671  4573 work_track.cpp:120] Track results of frame 50: 1 objects input, 1 objects tracked!
I1014 10:58:33.634690  4573 work_track.cpp:148] Frame: 50, track bbox: [170 x 225 from (280.494, 93.5351)], gid: 0, lid: 0
I1014 10:58:33.634726  4573 work_thread.hpp:88]  [T-Work-Detect_0] Frame :50 split
I1014 10:58:33.634744  4573 work_thread.hpp:120]  [T-Work-Detect_0] Valid piece: gid = 0
I1014 10:58:33.634763  4573 work_thread.hpp:92]  [T-Work-Detect_0] Push to split queue:recog
I1014 10:58:33.634830  4574 work_thread.hpp:81]  [T-Work-Recog_0] Run work: WorkCapture
I1014 10:58:33.635169  4576 thread_intergrate.hpp:78] [T-Intergrate-intergrate] queue: frame output frame :50
I1014 10:58:33.635198  4576 thread_intergrate.hpp:85] [T-Intergrate-intergrate] queue: compare output face:0
I1014 10:58:33.635217  4576 thread_intergrate.hpp:138] T-Intergrate-intergrate set matched face: 0
I1014 10:58:33.635524  4574 work_thread.hpp:81]  [T-Work-Recog_0] Run work: WorkRecog
I1014 10:58:33.635550  4574 work_recog.hpp:89] Face id: 0 will run recog: bbox [170 x 225 from (280, 96)] quality: 0.361018
I1014 10:58:33.635586  4574 work_recog.hpp:96] Recog pair: [248 x 312 from (240, 48)], [170 x 225 from (40, 48)]
I1014 10:58:33.636698  4576 thread_intergrate.hpp:158] T-Intergrate-intergrate Show face :0, size :640 * 360
I1014 10:58:33.637336  4572 demo_inner.hpp:435] thread [SORT-0]  frame id 50 sorting queue size 0   FPS: 29.8054
I1014 10:58:33.653295  4574 work_thread.hpp:81]  [T-Work-Recog_0] Run work: WorkCompare
I1014 10:58:33.653403  4574 work_compare.cpp:76] Compare face: 0 successed, similarity :0.991797, name : images/thanglmb.jpg, normal size : 640 * 360!
I1014 10:58:33.657672  4570 demo_inner.hpp:177] decode queue size 0
I1014 10:58:33.657757  4573 work_thread.hpp:81]  [T-Work-Detect_0] Run work: WorkDetect
I1014 10:58:33.657790  4573 work_detect.cpp:102] Succeeded to add det start for frame 51
I1014 10:58:33.664676  4573 work_detect.cpp:70] Frame :51 detect result :1 face(s)
I1014 10:58:33.664721  4573 work_detect.cpp:86] Detected bbox: [173 x 222 from (276, 98)]
I1014 10:58:33.664839  4573 work_detect.cpp:120] Succeeded to add det end for frame 51
I1014 10:58:33.664856  4573 work_thread.hpp:81]  [T-Work-Detect_0] Run work: WrokTrack
I1014 10:58:33.664882  4573 work_track.cpp:82] Frame: 51 build input_characts: [0.270312 x 0.616667 from (0.43125, 0.272222)], 1.00019, 0
I1014 10:58:33.664938  4573 work_track.cpp:102] Succeeded to set track lock for frame 51
I1014 10:58:33.664999  4573 work_track.cpp:116] Succeeded to release track lock for frame 51
I1014 10:58:33.665014  4573 work_track.cpp:120] Track results of frame 51: 1 objects input, 1 objects tracked!
I1014 10:58:33.665030  4573 work_track.cpp:148] Frame: 51, track bbox: [173 x 222 from (277.733, 98.3049)], gid: 0, lid: 0
I1014 10:58:33.665066  4573 work_thread.hpp:88]  [T-Work-Detect_0] Frame :51 split
I1014 10:58:33.665084  4573 work_thread.hpp:120]  [T-Work-Detect_0] Valid piece: gid = 0
I1014 10:58:33.665102  4573 work_thread.hpp:92]  [T-Work-Detect_0] Push to split queue:recog
I1014 10:58:33.665149  4575 work_thread.hpp:81]  [T-Work-Recog_1] Run work: WorkCapture
I1014 10:58:33.665155  4576 thread_intergrate.hpp:78] [T-Intergrate-intergrate] queue: frame output frame :51
I1014 10:58:33.665182  4576 thread_intergrate.hpp:85] [T-Intergrate-intergrate] queue: compare output face:0
I1014 10:58:33.665201  4576 thread_intergrate.hpp:138] T-Intergrate-intergrate set matched face: 0
I1014 10:58:33.665810  4575 work_thread.hpp:81]  [T-Work-Recog_1] Run work: WorkRecog
I1014 10:58:33.665853  4575 work_recog.hpp:89] Face id: 0 will run recog: bbox [173 x 222 from (276, 98)] quality: 0.396213
I1014 10:58:33.665881  4575 work_recog.hpp:96] Recog pair: [248 x 312 from (240, 48)], [173 x 222 from (36, 50)]
I1014 10:58:33.666519  4576 thread_intergrate.hpp:158] T-Intergrate-intergrate Show face :0, size :640 * 360
I1014 10:58:33.667109  4572 demo_inner.hpp:435] thread [SORT-0]  frame id 51 sorting queue size 1   FPS: 29.8686
I1014 10:58:33.684095  4575 work_thread.hpp:81]  [T-Work-Recog_1] Run work: WorkCompare
I1014 10:58:33.684310  4575 work_compare.cpp:76] Compare face: 0 successed, similarity :0.988746, name : images/thanglmb.jpg, normal size : 640 * 360!
I1014 10:58:33.693514  4570 demo_inner.hpp:177] decode queue size 0
I1014 10:58:33.693619  4573 work_thread.hpp:81]  [T-Work-Detect_0] Run work: WorkDetect
I1014 10:58:33.693652  4573 work_detect.cpp:102] Succeeded to add det start for frame 52
I1014 10:58:33.700462  4573 work_detect.cpp:70] Frame :52 detect result :1 face(s)
I1014 10:58:33.700506  4573 work_detect.cpp:86] Detected bbox: [170 x 220 from (279, 100)]
I1014 10:58:33.700551  4573 work_detect.cpp:120] Succeeded to add det end for frame 52
I1014 10:58:33.700567  4573 work_thread.hpp:81]  [T-Work-Detect_0] Run work: WrokTrack
I1014 10:58:33.700590  4573 work_track.cpp:82] Frame: 52 build input_characts: [0.265625 x 0.611111 from (0.435937, 0.277778)], 1.00019, 0
I1014 10:58:33.700644  4573 work_track.cpp:102] Succeeded to set track lock for frame 52
I1014 10:58:33.700701  4573 work_track.cpp:116] Succeeded to release track lock for frame 52
I1014 10:58:33.700716  4573 work_track.cpp:120] Track results of frame 52: 1 objects input, 1 objects tracked!
I1014 10:58:33.700733  4573 work_track.cpp:148] Frame: 52, track bbox: [170 x 220 from (278.297, 99.0062)], gid: 0, lid: 0
I1014 10:58:33.700770  4573 work_thread.hpp:88]  [T-Work-Detect_0] Frame :52 split
I1014 10:58:33.700788  4573 work_thread.hpp:120]  [T-Work-Detect_0] Valid piece: gid = 0
I1014 10:58:33.700806  4573 work_thread.hpp:92]  [T-Work-Detect_0] Push to split queue:recog
I1014 10:58:33.700857  4574 work_thread.hpp:81]  [T-Work-Recog_0] Run work: WorkCapture
I1014 10:58:33.701158  4576 thread_intergrate.hpp:78] [T-Intergrate-intergrate] queue: frame output frame :52
I1014 10:58:33.701184  4576 thread_intergrate.hpp:85] [T-Intergrate-intergrate] queue: compare output face:0
I1014 10:58:33.701203  4576 thread_intergrate.hpp:138] T-Intergrate-intergrate set matched face: 0
I1014 10:58:33.701409  4574 work_thread.hpp:81]  [T-Work-Recog_0] Run work: WorkRecog
I1014 10:58:33.701508  4574 work_recog.hpp:89] Face id: 0 will run recog: bbox [170 x 220 from (279, 100)] quality: 0.396404
I1014 10:58:33.701539  4574 work_recog.hpp:96] Recog pair: [248 x 304 from (240, 56)], [170 x 220 from (39, 44)]
I1014 10:58:33.702551  4576 thread_intergrate.hpp:158] T-Intergrate-intergrate Show face :0, size :640 * 360
I1014 10:58:33.703138  4572 demo_inner.hpp:435] thread [SORT-0]  frame id 52 sorting queue size 2   FPS: 29.8246
I1014 10:58:33.711822  4571 demo_inner.hpp:260]  gui queue size 2, state = running
I1014 10:58:33.719251  4574 work_thread.hpp:81]  [T-Work-Recog_0] Run work: WorkCompare
I1014 10:58:33.719365  4574 work_compare.cpp:76] Compare face: 0 successed, similarity :0.992088, name : images/thanglmb.jpg, normal size : 640 * 360!
I1014 10:58:33.724257  4570 demo_inner.hpp:177] decode queue size 0
I1014 10:58:33.724352  4573 work_thread.hpp:81]  [T-Work-Detect_0] Run work: WorkDetect
I1014 10:58:33.724386  4573 work_detect.cpp:102] Succeeded to add det start for frame 53
I1014 10:58:33.731211  4573 work_detect.cpp:70] Frame :53 detect result :1 face(s)
I1014 10:58:33.731256  4573 work_detect.cpp:86] Detected bbox: [171 x 220 from (277, 100)]
I1014 10:58:33.731298  4573 work_detect.cpp:120] Succeeded to add det end for frame 53
I1014 10:58:33.731314  4573 work_thread.hpp:81]  [T-Work-Detect_0] Run work: WrokTrack
I1014 10:58:33.731338  4573 work_track.cpp:82] Frame: 53 build input_characts: [0.267188 x 0.611111 from (0.432813, 0.277778)], 1.00019, 0
I1014 10:58:33.731393  4573 work_track.cpp:102] Succeeded to set track lock for frame 53
I1014 10:58:33.731433  4573 work_track.cpp:116] Succeeded to release track lock for frame 53
I1014 10:58:33.731448  4573 work_track.cpp:120] Track results of frame 53: 1 objects input, 1 objects tracked!
I1014 10:58:33.731465  4573 work_track.cpp:148] Frame: 53, track bbox: [171 x 220 from (276.937, 99.9113)], gid: 0, lid: 0
I1014 10:58:33.731500  4573 work_thread.hpp:88]  [T-Work-Detect_0] Frame :53 split
I1014 10:58:33.731518  4573 work_thread.hpp:120]  [T-Work-Detect_0] Valid piece: gid = 0
I1014 10:58:33.731535  4573 work_thread.hpp:92]  [T-Work-Detect_0] Push to split queue:recog
I1014 10:58:33.731582  4575 work_thread.hpp:81]  [T-Work-Recog_1] Run work: WorkCapture
I1014 10:58:33.731587  4576 thread_intergrate.hpp:78] [T-Intergrate-intergrate] queue: frame output frame :53
I1014 10:58:33.731616  4576 thread_intergrate.hpp:85] [T-Intergrate-intergrate] queue: compare output face:0
I1014 10:58:33.731633  4576 thread_intergrate.hpp:138] T-Intergrate-intergrate set matched face: 0
I1014 10:58:33.732225  4575 work_thread.hpp:81]  [T-Work-Recog_1] Run work: WorkRecog
I1014 10:58:33.732256  4575 work_recog.hpp:89] Face id: 0 will run recog: bbox [171 x 220 from (277, 100)] quality: 0.396341
I1014 10:58:33.732287  4575 work_recog.hpp:96] Recog pair: [248 x 304 from (240, 56)], [171 x 220 from (37, 44)]
I1014 10:58:33.732975  4576 thread_intergrate.hpp:158] T-Intergrate-intergrate Show face :0, size :640 * 360
I1014 10:58:33.733541  4572 demo_inner.hpp:435] thread [SORT-0]  frame id 53 sorting queue size 0   FPS: 29.8679
I1014 10:58:33.750177  4575 work_thread.hpp:81]  [T-Work-Recog_1] Run work: WorkCompare
I1014 10:58:33.750331  4575 work_compare.cpp:76] Compare face: 0 successed, similarity :0.99008, name : images/thanglmb.jpg, normal size : 640 * 360!
I1014 10:58:33.759488  4570 demo_inner.hpp:177] decode queue size 0
I1014 10:58:33.759583  4573 work_thread.hpp:81]  [T-Work-Detect_0] Run work: WorkDetect
I1014 10:58:33.759615  4573 work_detect.cpp:102] Succeeded to add det start for frame 54
I1014 10:58:33.766403  4573 work_detect.cpp:70] Frame :54 detect result :1 face(s)
I1014 10:58:33.766448  4573 work_detect.cpp:86] Detected bbox: [168 x 219 from (280, 99)]
I1014 10:58:33.766490  4573 work_detect.cpp:120] Succeeded to add det end for frame 54
I1014 10:58:33.766506  4573 work_thread.hpp:81]  [T-Work-Detect_0] Run work: WrokTrack
I1014 10:58:33.766530  4573 work_track.cpp:82] Frame: 54 build input_characts: [0.2625 x 0.608333 from (0.4375, 0.275)], 1.00019, 0
I1014 10:58:33.766664  4573 work_track.cpp:102] Succeeded to set track lock for frame 54
I1014 10:58:33.766702  4573 work_track.cpp:116] Succeeded to release track lock for frame 54
I1014 10:58:33.766717  4573 work_track.cpp:120] Track results of frame 54: 1 objects input, 1 objects tracked!
I1014 10:58:33.766736  4573 work_track.cpp:148] Frame: 54, track bbox: [168 x 219 from (278.679, 98.9413)], gid: 0, lid: 0
I1014 10:58:33.766772  4573 work_thread.hpp:88]  [T-Work-Detect_0] Frame :54 split
I1014 10:58:33.766790  4573 work_thread.hpp:120]  [T-Work-Detect_0] Valid piece: gid = 0
I1014 10:58:33.766808  4573 work_thread.hpp:92]  [T-Work-Detect_0] Push to split queue:recog
I1014 10:58:33.766858  4574 work_thread.hpp:81]  [T-Work-Recog_0] Run work: WorkCapture
I1014 10:58:33.767164  4576 thread_intergrate.hpp:78] [T-Intergrate-intergrate] queue: frame output frame :54
I1014 10:58:33.767192  4576 thread_intergrate.hpp:85] [T-Intergrate-intergrate] queue: compare output face:0
I1014 10:58:33.767210  4576 thread_intergrate.hpp:138] T-Intergrate-intergrate set matched face: 0
I1014 10:58:33.767415  4574 work_thread.hpp:81]  [T-Work-Recog_0] Run work: WorkRecog
I1014 10:58:33.767438  4574 work_recog.hpp:89] Face id: 0 will run recog: bbox [168 x 219 from (280, 99)] quality: 0.373693
I1014 10:58:33.767467  4574 work_recog.hpp:96] Recog pair: [248 x 304 from (240, 56)], [168 x 219 from (40, 43)]
I1014 10:58:33.768596  4576 thread_intergrate.hpp:158] T-Intergrate-intergrate Show face :0, size :640 * 360
I1014 10:58:33.769145  4572 demo_inner.hpp:435] thread [SORT-0]  frame id 54 sorting queue size 1   FPS: 29.8423
I1014 10:58:33.785022  4574 work_thread.hpp:81]  [T-Work-Recog_0] Run work: WorkCompare
I1014 10:58:33.785127  4574 work_compare.cpp:76] Compare face: 0 successed, similarity :0.988988, name : images/thanglmb.jpg, normal size : 640 * 360!
I1014 10:58:33.795503  4570 demo_inner.hpp:177] decode queue size 0
I1014 10:58:33.795599  4573 work_thread.hpp:81]  [T-Work-Detect_0] Run work: WorkDetect
I1014 10:58:33.795634  4573 work_detect.cpp:102] Succeeded to add det start for frame 55
I1014 10:58:33.802428  4573 work_detect.cpp:70] Frame :55 detect result :1 face(s)
I1014 10:58:33.802470  4573 work_detect.cpp:86] Detected bbox: [172 x 218 from (274, 97)]
I1014 10:58:33.802513  4573 work_detect.cpp:120] Succeeded to add det end for frame 55
I1014 10:58:33.802529  4573 work_thread.hpp:81]  [T-Work-Detect_0] Run work: WrokTrack
I1014 10:58:33.802554  4573 work_track.cpp:82] Frame: 55 build input_characts: [0.26875 x 0.605556 from (0.428125, 0.269444)], 1.00019, 0
I1014 10:58:33.802610  4573 work_track.cpp:102] Succeeded to set track lock for frame 55
I1014 10:58:33.802649  4573 work_track.cpp:116] Succeeded to release track lock for frame 55
I1014 10:58:33.802664  4573 work_track.cpp:120] Track results of frame 55: 1 objects input, 1 objects tracked!
I1014 10:58:33.802680  4573 work_track.cpp:148] Frame: 55, track bbox: [172 x 218 from (275.441, 98.6733)], gid: 0, lid: 0
I1014 10:58:33.802716  4573 work_thread.hpp:88]  [T-Work-Detect_0] Frame :55 split
I1014 10:58:33.802732  4573 work_thread.hpp:120]  [T-Work-Detect_0] Valid piece: gid = 0
I1014 10:58:33.802750  4573 work_thread.hpp:92]  [T-Work-Detect_0] Push to split queue:recog
I1014 10:58:33.802798  4574 work_thread.hpp:81]  [T-Work-Recog_0] Run work: WorkCapture
I1014 10:58:33.803093  4576 thread_intergrate.hpp:78] [T-Intergrate-intergrate] queue: frame output frame :55
I1014 10:58:33.803120  4576 thread_intergrate.hpp:85] [T-Intergrate-intergrate] queue: compare output face:0
I1014 10:58:33.803139  4576 thread_intergrate.hpp:138] T-Intergrate-intergrate set matched face: 0
I1014 10:58:33.803346  4574 work_thread.hpp:81]  [T-Work-Recog_0] Run work: WorkRecog
I1014 10:58:33.803370  4574 work_recog.hpp:89] Face id: 0 will run recog: bbox [172 x 218 from (274, 97)] quality: 0.396341
I1014 10:58:33.803398  4574 work_recog.hpp:96] Recog pair: [240 x 312 from (240, 48)], [172 x 218 from (34, 49)]
I1014 10:58:33.804528  4576 thread_intergrate.hpp:158] T-Intergrate-intergrate Show face :0, size :640 * 360
I1014 10:58:33.805199  4572 demo_inner.hpp:435] thread [SORT-0]  frame id 55 sorting queue size 2   FPS: 29.8013
I1014 10:58:33.806978  4571 demo_inner.hpp:260]  gui queue size 2, state = running
I1014 10:58:33.821080  4574 work_thread.hpp:81]  [T-Work-Recog_0] Run work: WorkCompare
I1014 10:58:33.821188  4574 work_compare.cpp:76] Compare face: 0 successed, similarity :0.991373, name : images/thanglmb.jpg, normal size : 640 * 360!
I1014 10:58:33.825691  4570 demo_inner.hpp:177] decode queue size 0
I1014 10:58:33.825783  4573 work_thread.hpp:81]  [T-Work-Detect_0] Run work: WorkDetect
I1014 10:58:33.825815  4573 work_detect.cpp:102] Succeeded to add det start for frame 56
I1014 10:58:33.832711  4573 work_detect.cpp:70] Frame :56 detect result :1 face(s)
I1014 10:58:33.832758  4573 work_detect.cpp:86] Detected bbox: [171 x 219 from (277, 99)]
I1014 10:58:33.832801  4573 work_detect.cpp:120] Succeeded to add det end for frame 56
I1014 10:58:33.832818  4573 work_thread.hpp:81]  [T-Work-Detect_0] Run work: WrokTrack
I1014 10:58:33.832842  4573 work_track.cpp:82] Frame: 56 build input_characts: [0.267188 x 0.608333 from (0.432813, 0.275)], 1.00035, 0
I1014 10:58:33.832897  4573 work_track.cpp:102] Succeeded to set track lock for frame 56
I1014 10:58:33.832937  4573 work_track.cpp:116] Succeeded to release track lock for frame 56
I1014 10:58:33.832952  4573 work_track.cpp:120] Track results of frame 56: 1 objects input, 1 objects tracked!
I1014 10:58:33.832968  4573 work_track.cpp:148] Frame: 56, track bbox: [171 x 219 from (276.348, 98.0345)], gid: 0, lid: 0
I1014 10:58:33.833003  4573 work_thread.hpp:88]  [T-Work-Detect_0] Frame :56 split
I1014 10:58:33.833020  4573 work_thread.hpp:120]  [T-Work-Detect_0] Valid piece: gid = 0
I1014 10:58:33.833039  4573 work_thread.hpp:92]  [T-Work-Detect_0] Push to split queue:recog
I1014 10:58:33.833081  4575 work_thread.hpp:81]  [T-Work-Recog_1] Run work: WorkCapture
I1014 10:58:33.833088  4576 thread_intergrate.hpp:78] [T-Intergrate-intergrate] queue: frame output frame :56
I1014 10:58:33.833117  4576 thread_intergrate.hpp:85] [T-Intergrate-intergrate] queue: compare output face:0
I1014 10:58:33.833135  4576 thread_intergrate.hpp:138] T-Intergrate-intergrate set matched face: 0
I1014 10:58:33.833758  4575 work_thread.hpp:81]  [T-Work-Recog_1] Run work: WorkRecog
I1014 10:58:33.833783  4575 work_recog.hpp:89] Face id: 0 will run recog: bbox [171 x 219 from (277, 99)] quality: 0.373661
I1014 10:58:33.833812  4575 work_recog.hpp:96] Recog pair: [248 x 304 from (240, 56)], [171 x 219 from (37, 43)]
I1014 10:58:33.834462  4576 thread_intergrate.hpp:158] T-Intergrate-intergrate Show face :0, size :640 * 360
I1014 10:58:33.835067  4572 demo_inner.hpp:435] thread [SORT-0]  frame id 56 sorting queue size 0   FPS: 29.8589
I1014 10:58:33.851801  4575 work_thread.hpp:81]  [T-Work-Recog_1] Run work: WorkCompare
I1014 10:58:33.852048  4575 work_compare.cpp:76] Compare face: 0 successed, similarity :0.991486, name : images/thanglmb.jpg, normal size : 640 * 360!
I1014 10:58:33.861699  4570 demo_inner.hpp:177] decode queue size 0
I1014 10:58:33.861795  4573 work_thread.hpp:81]  [T-Work-Detect_0] Run work: WorkDetect
I1014 10:58:33.861829  4573 work_detect.cpp:102] Succeeded to add det start for frame 57
I1014 10:58:33.868597  4573 work_detect.cpp:70] Frame :57 detect result :1 face(s)
I1014 10:58:33.868641  4573 work_detect.cpp:86] Detected bbox: [173 x 222 from (275, 97)]
I1014 10:58:33.868685  4573 work_detect.cpp:120] Succeeded to add det end for frame 57
I1014 10:58:33.868701  4573 work_thread.hpp:81]  [T-Work-Detect_0] Run work: WrokTrack
I1014 10:58:33.868726  4573 work_track.cpp:82] Frame: 57 build input_characts: [0.270312 x 0.616667 from (0.429688, 0.269444)], 1.00035, 0
I1014 10:58:33.868782  4573 work_track.cpp:102] Succeeded to set track lock for frame 57
I1014 10:58:33.868819  4573 work_track.cpp:116] Succeeded to release track lock for frame 57
I1014 10:58:33.868834  4573 work_track.cpp:120] Track results of frame 57: 1 objects input, 1 objects tracked!
I1014 10:58:33.868927  4573 work_track.cpp:148] Frame: 57, track bbox: [173 x 222 from (274.751, 96.297)], gid: 0, lid: 0
I1014 10:58:33.868965  4573 work_thread.hpp:88]  [T-Work-Detect_0] Frame :57 split
I1014 10:58:33.868983  4573 work_thread.hpp:120]  [T-Work-Detect_0] Valid piece: gid = 0
I1014 10:58:33.869001  4573 work_thread.hpp:92]  [T-Work-Detect_0] Push to split queue:recog
I1014 10:58:33.869055  4574 work_thread.hpp:81]  [T-Work-Recog_0] Run work: WorkCapture
I1014 10:58:33.869355  4576 thread_intergrate.hpp:78] [T-Intergrate-intergrate] queue: frame output frame :57
I1014 10:58:33.869383  4576 thread_intergrate.hpp:85] [T-Intergrate-intergrate] queue: compare output face:0
I1014 10:58:33.869402  4576 thread_intergrate.hpp:138] T-Intergrate-intergrate set matched face: 0
I1014 10:58:33.869604  4574 work_thread.hpp:81]  [T-Work-Recog_0] Run work: WorkRecog
I1014 10:58:33.869627  4574 work_recog.hpp:89] Face id: 0 will run recog: bbox [173 x 222 from (275, 97)] quality: 0.38547
I1014 10:58:33.869655  4574 work_recog.hpp:96] Recog pair: [248 x 312 from (240, 48)], [173 x 222 from (35, 49)]
I1014 10:58:33.870767  4576 thread_intergrate.hpp:158] T-Intergrate-intergrate Show face :0, size :640 * 360
I1014 10:58:33.871387  4572 demo_inner.hpp:435] thread [SORT-0]  frame id 57 sorting queue size 1   FPS: 29.819
I1014 10:58:33.873796  4571 demo_inner.hpp:260]  gui queue size 1, state = running
I1014 10:58:33.887261  4574 work_thread.hpp:81]  [T-Work-Recog_0] Run work: WorkCompare
I1014 10:58:33.887368  4574 work_compare.cpp:76] Compare face: 0 successed, similarity :0.991925, name : images/thanglmb.jpg, normal size : 640 * 360!
I1014 10:58:33.891741  4570 demo_inner.hpp:177] decode queue size 0
I1014 10:58:33.891834  4573 work_thread.hpp:81]  [T-Work-Detect_0] Run work: WorkDetect
I1014 10:58:33.891867  4573 work_detect.cpp:102] Succeeded to add det start for frame 58
I1014 10:58:33.898742  4573 work_detect.cpp:70] Frame :58 detect result :1 face(s)
I1014 10:58:33.898787  4573 work_detect.cpp:86] Detected bbox: [172 x 217 from (274, 99)]
I1014 10:58:33.898828  4573 work_detect.cpp:120] Succeeded to add det end for frame 58
I1014 10:58:33.898844  4573 work_thread.hpp:81]  [T-Work-Detect_0] Run work: WrokTrack
I1014 10:58:33.898869  4573 work_track.cpp:82] Frame: 58 build input_characts: [0.26875 x 0.602778 from (0.428125, 0.275)], 1.00035, 0
I1014 10:58:33.898922  4573 work_track.cpp:102] Succeeded to set track lock for frame 58
I1014 10:58:33.898962  4573 work_track.cpp:116] Succeeded to release track lock for frame 58
I1014 10:58:33.898977  4573 work_track.cpp:120] Track results of frame 58: 1 objects input, 1 objects tracked!
I1014 10:58:33.898994  4573 work_track.cpp:148] Frame: 58, track bbox: [172 x 217 from (274.52, 98.7679)], gid: 0, lid: 0
I1014 10:58:33.899030  4573 work_thread.hpp:88]  [T-Work-Detect_0] Frame :58 split
I1014 10:58:33.899049  4573 work_thread.hpp:120]  [T-Work-Detect_0] Valid piece: gid = 0
I1014 10:58:33.899066  4573 work_thread.hpp:92]  [T-Work-Detect_0] Push to split queue:recog
I1014 10:58:33.899112  4575 work_thread.hpp:81]  [T-Work-Recog_1] Run work: WorkCapture
I1014 10:58:33.899116  4576 thread_intergrate.hpp:78] [T-Intergrate-intergrate] queue: frame output frame :58
I1014 10:58:33.899157  4576 thread_intergrate.hpp:85] [T-Intergrate-intergrate] queue: compare output face:0
I1014 10:58:33.899175  4576 thread_intergrate.hpp:138] T-Intergrate-intergrate set matched face: 0
I1014 10:58:33.899789  4575 work_thread.hpp:81]  [T-Work-Recog_1] Run work: WorkRecog
I1014 10:58:33.899822  4575 work_recog.hpp:89] Face id: 0 will run recog: bbox [172 x 217 from (274, 99)] quality: 0.406524
I1014 10:58:33.899855  4575 work_recog.hpp:96] Recog pair: [240 x 304 from (240, 56)], [172 x 217 from (34, 43)]
I1014 10:58:33.900523  4576 thread_intergrate.hpp:158] T-Intergrate-intergrate Show face :0, size :640 * 360
I1014 10:58:33.901013  4572 demo_inner.hpp:435] thread [SORT-0]  frame id 58 sorting queue size 0   FPS: 29.8742
I1014 10:58:33.917971  4575 work_thread.hpp:81]  [T-Work-Recog_1] Run work: WorkCompare
I1014 10:58:33.918244  4575 work_compare.cpp:76] Compare face: 0 successed, similarity :0.991062, name : images/thanglmb.jpg, normal size : 640 * 360!
I1014 10:58:33.927610  4570 demo_inner.hpp:177] decode queue size 0
I1014 10:58:33.927747  4573 work_thread.hpp:81]  [T-Work-Detect_0] Run work: WorkDetect
I1014 10:58:33.927781  4573 work_detect.cpp:102] Succeeded to add det start for frame 59
I1014 10:58:33.934691  4573 work_detect.cpp:70] Frame :59 detect result :1 face(s)
I1014 10:58:33.934737  4573 work_detect.cpp:86] Detected bbox: [172 x 217 from (275, 98)]
I1014 10:58:33.934780  4573 work_detect.cpp:120] Succeeded to add det end for frame 59
I1014 10:58:33.934796  4573 work_thread.hpp:81]  [T-Work-Detect_0] Run work: WrokTrack
I1014 10:58:33.934821  4573 work_track.cpp:82] Frame: 59 build input_characts: [0.26875 x 0.602778 from (0.429688, 0.272222)], 1.00019, 0
I1014 10:58:33.934878  4573 work_track.cpp:102] Succeeded to set track lock for frame 59
I1014 10:58:33.934916  4573 work_track.cpp:116] Succeeded to release track lock for frame 59
I1014 10:58:33.934931  4573 work_track.cpp:120] Track results of frame 59: 1 objects input, 1 objects tracked!
I1014 10:58:33.934948  4573 work_track.cpp:148] Frame: 59, track bbox: [172 x 217 from (274.374, 98.5771)], gid: 0, lid: 0
I1014 10:58:33.934984  4573 work_thread.hpp:88]  [T-Work-Detect_0] Frame :59 split
I1014 10:58:33.935003  4573 work_thread.hpp:120]  [T-Work-Detect_0] Valid piece: gid = 0
I1014 10:58:33.935020  4573 work_thread.hpp:92]  [T-Work-Detect_0] Push to split queue:recog
I1014 10:58:33.935061  4574 work_thread.hpp:81]  [T-Work-Recog_0] Run work: WorkCapture
I1014 10:58:33.935072  4576 thread_intergrate.hpp:78] [T-Intergrate-intergrate] queue: frame output frame :59
I1014 10:58:33.935097  4576 thread_intergrate.hpp:85] [T-Intergrate-intergrate] queue: compare output face:0
I1014 10:58:33.935115  4576 thread_intergrate.hpp:138] T-Intergrate-intergrate set matched face: 0
I1014 10:58:33.935644  4574 work_thread.hpp:81]  [T-Work-Recog_0] Run work: WorkRecog
I1014 10:58:33.935669  4574 work_recog.hpp:89] Face id: 0 will run recog: bbox [172 x 217 from (275, 98)] quality: 0.38549
I1014 10:58:33.935699  4574 work_recog.hpp:96] Recog pair: [248 x 312 from (240, 48)], [172 x 217 from (35, 50)]
I1014 10:58:33.936488  4576 thread_intergrate.hpp:158] T-Intergrate-intergrate Show face :0, size :640 * 360
I1014 10:58:33.937060  4572 demo_inner.hpp:435] thread [SORT-0]  frame id 59 sorting queue size 1   FPS: 29.8354
I1014 10:58:33.945909  4571 demo_inner.hpp:260]  gui queue size 1, state = running
I1014 10:58:33.953336  4574 work_thread.hpp:81]  [T-Work-Recog_0] Run work: WorkCompare
I1014 10:58:33.953445  4574 work_compare.cpp:76] Compare face: 0 successed, similarity :0.99298, name : images/thanglmb.jpg, normal size : 640 * 360!
I1014 10:58:33.958171  4570 demo_inner.hpp:177] decode queue size 0
I1014 10:58:33.958273  4573 work_thread.hpp:81]  [T-Work-Detect_0] Run work: WorkDetect
I1014 10:58:33.958308  4573 work_detect.cpp:102] Succeeded to add det start for frame 60
I1014 10:58:33.965943  4573 work_detect.cpp:70] Frame :60 detect result :1 face(s)
I1014 10:58:33.965987  4573 work_detect.cpp:86] Detected bbox: [172 x 219 from (275, 98)]
I1014 10:58:33.966145  4573 work_detect.cpp:120] Succeeded to add det end for frame 60
I1014 10:58:33.966162  4573 work_thread.hpp:81]  [T-Work-Detect_0] Run work: WrokTrack
I1014 10:58:33.966207  4573 work_track.cpp:82] Frame: 60 build input_characts: [0.26875 x 0.608333 from (0.429688, 0.272222)], 1.00035, 0
I1014 10:58:33.966271  4573 work_track.cpp:102] Succeeded to set track lock for frame 60
I1014 10:58:33.966311  4573 work_track.cpp:116] Succeeded to release track lock for frame 60
I1014 10:58:33.966326  4573 work_track.cpp:120] Track results of frame 60: 1 objects input, 1 objects tracked!
I1014 10:58:33.966343  4573 work_track.cpp:148] Frame: 60, track bbox: [172 x 219 from (274.942, 97.9123)], gid: 0, lid: 0
I1014 10:58:33.966387  4573 work_thread.hpp:88]  [T-Work-Detect_0] Frame :60 split
I1014 10:58:33.966562  4573 work_thread.hpp:120]  [T-Work-Detect_0] Valid piece: gid = 0
I1014 10:58:33.966583  4573 work_thread.hpp:92]  [T-Work-Detect_0] Push to split queue:recog
I1014 10:58:33.966642  4575 work_thread.hpp:81]  [T-Work-Recog_1] Run work: WorkCapture
I1014 10:58:33.966991  4576 thread_intergrate.hpp:78] [T-Intergrate-intergrate] queue: frame output frame :60
I1014 10:58:33.967020  4576 thread_intergrate.hpp:85] [T-Intergrate-intergrate] queue: compare output face:0
I1014 10:58:33.967037  4576 thread_intergrate.hpp:138] T-Intergrate-intergrate set matched face: 0
I1014 10:58:33.967248  4575 work_thread.hpp:81]  [T-Work-Recog_1] Run work: WorkRecog
I1014 10:58:33.967272  4575 work_recog.hpp:89] Face id: 0 will run recog: bbox [172 x 219 from (275, 98)] quality: 0.385448
I1014 10:58:33.967301  4575 work_recog.hpp:96] Recog pair: [248 x 312 from (240, 48)], [172 x 219 from (35, 50)]
I1014 10:58:33.968246  4576 thread_intergrate.hpp:158] T-Intergrate-intergrate Show face :0, size :640 * 360
I1014 10:58:33.968822  4572 demo_inner.hpp:435] thread [SORT-0]  frame id 60 sorting queue size 0   FPS: 29.8583
I1014 10:58:33.985409  4575 work_thread.hpp:81]  [T-Work-Recog_1] Run work: WorkCompare
I1014 10:58:33.985522  4575 work_compare.cpp:76] Compare face: 0 successed, similarity :0.994868, name : images/thanglmb.jpg, normal size : 640 * 360!
I1014 10:58:33.993831  4570 demo_inner.hpp:177] decode queue size 0
I1014 10:58:33.993927  4573 work_thread.hpp:81]  [T-Work-Detect_0] Run work: WorkDetect
I1014 10:58:33.993970  4573 work_detect.cpp:102] Succeeded to add det start for frame 61
I1014 10:58:34.001703  4573 work_detect.cpp:70] Frame :61 detect result :1 face(s)
I1014 10:58:34.001754  4573 work_detect.cpp:86] Detected bbox: [170 x 217 from (275, 96)]
I1014 10:58:34.001796  4573 work_detect.cpp:120] Succeeded to add det end for frame 61
I1014 10:58:34.001821  4573 work_thread.hpp:81]  [T-Work-Detect_0] Run work: WrokTrack
I1014 10:58:34.001847  4573 work_track.cpp:82] Frame: 61 build input_characts: [0.265625 x 0.602778 from (0.429688, 0.266667)], 1.00019, 0
I1014 10:58:34.001919  4573 work_track.cpp:102] Succeeded to set track lock for frame 61
