I1014 15:43:36.230209  9397 demo_inner.hpp:177] decode queue size 0
I1014 15:43:36.230330  9400 work_thread.hpp:81]  [T-Work-Detect_0] Run work: WorkDetect
I1014 15:43:36.230376  9400 work_detect.cpp:102] Succeeded to add det start for frame 152
I1014 15:43:36.237922  9400 work_detect.cpp:70] Frame :152 detect result :1 face(s)
I1014 15:43:36.237967  9400 work_detect.cpp:86] Detected bbox: [160 x 212 from (270, 124)]
I1014 15:43:36.238119  9400 work_detect.cpp:120] Succeeded to add det end for frame 152
I1014 15:43:36.238138  9400 work_thread.hpp:81]  [T-Work-Detect_0] Run work: WrokTrack
I1014 15:43:36.238163  9400 work_track.cpp:82] Frame: 152 build input_characts: [0.25 x 0.588889 from (0.421875, 0.344444)], 1.00019, 0
I1014 15:43:36.238217  9400 work_track.cpp:102] Succeeded to set track lock for frame 152
I1014 15:43:36.238386  9400 work_track.cpp:116] Succeeded to release track lock for frame 152
I1014 15:43:36.238402  9400 work_track.cpp:120] Track results of frame 152: 1 objects input, 1 objects tracked!
I1014 15:43:36.238421  9400 work_track.cpp:148] Frame: 152, track bbox: [160 x 212 from (271.936, 114.023)], gid: 0, lid: 0
I1014 15:43:36.238457  9400 work_thread.hpp:87]  [T-Work-Detect_0] Frame :152 split
I1014 15:43:36.238484  9400 work_thread.hpp:120]  [T-Work-Detect_0] Valid piece: gid = 0
I1014 15:43:36.238502  9400 work_thread.hpp:91]  [T-Work-Detect_0] Push to split queue:recog
I1014 15:43:36.238540  9401 work_thread.hpp:81]  [T-Work-Recog_0] Run work: WorkCapture
I1014 15:43:36.239075  9401 work_thread.hpp:81]  [T-Work-Recog_0] Run work: WorkRecog
I1014 15:43:36.239097  9401 work_recog.hpp:89] Face id: 0 will run recog: bbox [160 x 212 from (270, 124)] quality: 0.427812
I1014 15:43:36.239123  9401 work_recog.hpp:96] Recog pair: [232 x 280 from (232, 80)], [160 x 212 from (38, 44)]
I1014 15:43:36.239500  9403 thread_intergrate.hpp:95] T-Intergrate-intergrate Try push queue sorting again 5 vs 5
I1014 15:43:36.249603  9403 thread_intergrate.hpp:95] T-Intergrate-intergrate Try push queue sorting again 5 vs 5
I1014 15:43:36.256472  9401 work_thread.hpp:81]  [T-Work-Recog_0] Run work: WorkCompare
I1014 15:43:36.256927  9401 work_compare.cpp:76] Compare face: 0 successed, similarity :0.996899, name : images/ThangLMb.jpg, normal size : 1548 * 1719!
I1014 15:43:36.259733  9403 thread_intergrate.hpp:95] T-Intergrate-intergrate Try push queue sorting again 5 vs 5
I1014 15:43:36.260296  9397 demo_inner.hpp:177] decode queue size 0
I1014 15:43:36.260386  9400 work_thread.hpp:81]  [T-Work-Detect_0] Run work: WorkDetect
I1014 15:43:36.260422  9400 work_detect.cpp:102] Succeeded to add det start for frame 153
I1014 15:43:36.268218  9400 work_detect.cpp:70] Frame :153 detect result :1 face(s)
I1014 15:43:36.268440  9400 work_detect.cpp:86] Detected bbox: [164 x 217 from (276, 101)]
I1014 15:43:36.268486  9400 work_detect.cpp:120] Succeeded to add det end for frame 153
I1014 15:43:36.268510  9400 work_thread.hpp:81]  [T-Work-Detect_0] Run work: WrokTrack
I1014 15:43:36.268537  9400 work_track.cpp:82] Frame: 153 build input_characts: [0.25625 x 0.602778 from (0.43125, 0.280556)], 1.00019, 0
I1014 15:43:36.268610  9400 work_track.cpp:102] Succeeded to set track lock for frame 153
I1014 15:43:36.268658  9400 work_track.cpp:116] Succeeded to release track lock for frame 153
I1014 15:43:36.268673  9400 work_track.cpp:120] Track results of frame 153: 1 objects input, 1 objects tracked!
I1014 15:43:36.268707  9400 work_track.cpp:148] Frame: 153, track bbox: [164 x 217 from (272.428, 109.029)], gid: 0, lid: 0
I1014 15:43:36.268752  9400 work_thread.hpp:87]  [T-Work-Detect_0] Frame :153 split
I1014 15:43:36.268771  9400 work_thread.hpp:120]  [T-Work-Detect_0] Valid piece: gid = 0
I1014 15:43:36.268790  9400 work_thread.hpp:91]  [T-Work-Detect_0] Push to split queue:recog
I1014 15:43:36.268852  9402 work_thread.hpp:81]  [T-Work-Recog_1] Run work: WorkCapture
I1014 15:43:36.269448  9402 work_thread.hpp:81]  [T-Work-Recog_1] Run work: WorkRecog
I1014 15:43:36.269471  9402 work_recog.hpp:89] Face id: 0 will run recog: bbox [164 x 217 from (276, 101)] quality: 0.473868
I1014 15:43:36.269506  9402 work_recog.hpp:96] Recog pair: [232 x 304 from (240, 56)], [164 x 217 from (36, 45)]
I1014 15:43:36.269850  9403 thread_intergrate.hpp:95] T-Intergrate-intergrate Try push queue sorting again 5 vs 5
I1014 15:43:36.279953  9403 thread_intergrate.hpp:95] T-Intergrate-intergrate Try push queue sorting again 5 vs 5
I1014 15:43:36.287446  9402 work_thread.hpp:81]  [T-Work-Recog_1] Run work: WorkCompare
I1014 15:43:36.288041  9402 work_compare.cpp:76] Compare face: 0 successed, similarity :0.997272, name : images/ThangLMb.jpg, normal size : 1548 * 1719!
I1014 15:43:36.290063  9403 thread_intergrate.hpp:95] T-Intergrate-intergrate Try push queue sorting again 5 vs 5
I1014 15:43:36.296401  9397 demo_inner.hpp:177] decode queue size 0
I1014 15:43:36.296587  9400 work_thread.hpp:81]  [T-Work-Detect_0] Run work: WorkDetect
I1014 15:43:36.296624  9400 work_detect.cpp:102] Succeeded to add det start for frame 154
I1014 15:43:36.298187  9402 work_thread.hpp:102]  [T-Work-Recog_1] Try to push queue compare again 8 vs 8
I1014 15:43:36.300191  9403 thread_intergrate.hpp:95] T-Intergrate-intergrate Try push queue sorting again 5 vs 5
I1014 15:43:36.304375  9400 work_detect.cpp:70] Frame :154 detect result :1 face(s)
I1014 15:43:36.304397  9400 work_detect.cpp:86] Detected bbox: [166 x 218 from (268, 120)]
I1014 15:43:36.304450  9400 work_detect.cpp:120] Succeeded to add det end for frame 154
I1014 15:43:36.304466  9400 work_thread.hpp:81]  [T-Work-Detect_0] Run work: WrokTrack
I1014 15:43:36.304487  9400 work_track.cpp:82] Frame: 154 build input_characts: [0.259375 x 0.605556 from (0.41875, 0.333333)], 0.998877, 0
I1014 15:43:36.304567  9400 work_track.cpp:102] Succeeded to set track lock for frame 154
I1014 15:43:36.304608  9400 work_track.cpp:116] Succeeded to release track lock for frame 154
I1014 15:43:36.304623  9400 work_track.cpp:120] Track results of frame 154: 1 objects input, 1 objects tracked!
I1014 15:43:36.304641  9400 work_track.cpp:148] Frame: 154, track bbox: [166 x 218 from (270.037, 115.389)], gid: 0, lid: 0
I1014 15:43:36.304683  9400 work_thread.hpp:87]  [T-Work-Detect_0] Frame :154 split
I1014 15:43:36.304702  9400 work_thread.hpp:120]  [T-Work-Detect_0] Valid piece: gid = 0
I1014 15:43:36.304720  9400 work_thread.hpp:91]  [T-Work-Detect_0] Push to split queue:recog
I1014 15:43:36.304756  9401 work_thread.hpp:81]  [T-Work-Recog_0] Run work: WorkCapture
I1014 15:43:36.305290  9401 work_thread.hpp:81]  [T-Work-Recog_0] Run work: WorkRecog
I1014 15:43:36.305313  9401 work_recog.hpp:89] Face id: 0 will run recog: bbox [166 x 218 from (268, 120)] quality: 0.468855
I1014 15:43:36.305339  9401 work_recog.hpp:96] Recog pair: [240 x 288 from (232, 72)], [166 x 218 from (36, 48)]
I1014 15:43:36.308291  9402 work_thread.hpp:102]  [T-Work-Recog_1] Try to push queue compare again 8 vs 8
I1014 15:43:36.310292  9403 thread_intergrate.hpp:95] T-Intergrate-intergrate Try push queue sorting again 5 vs 5
I1014 15:43:36.314924  9400 work_thread.hpp:102]  [T-Work-Detect_0] Try to push queue frame again 8 vs 8
I1014 15:43:36.318429  9402 work_thread.hpp:102]  [T-Work-Recog_1] Try to push queue compare again 8 vs 8
I1014 15:43:36.320399  9403 thread_intergrate.hpp:95] T-Intergrate-intergrate Try push queue sorting again 5 vs 5
I1014 15:43:36.322778  9401 work_thread.hpp:81]  [T-Work-Recog_0] Run work: WorkCompare
I1014 15:43:36.323204  9401 work_compare.cpp:76] Compare face: 0 successed, similarity :0.99683, name : images/ThangLMb.jpg, normal size : 1548 * 1719!
I1014 15:43:36.325083  9400 work_thread.hpp:102]  [T-Work-Detect_0] Try to push queue frame again 8 vs 8
I1014 15:43:36.326301  9397 demo_inner.hpp:177] decode queue size 0
I1014 15:43:36.328557  9402 work_thread.hpp:102]  [T-Work-Recog_1] Try to push queue compare again 8 vs 8
I1014 15:43:36.330502  9403 thread_intergrate.hpp:95] T-Intergrate-intergrate Try push queue sorting again 5 vs 5
I1014 15:43:36.333319  9401 work_thread.hpp:102]  [T-Work-Recog_0] Try to push queue compare again 8 vs 8
I1014 15:43:36.335183  9400 work_thread.hpp:102]  [T-Work-Detect_0] Try to push queue frame again 8 vs 8
I1014 15:43:36.338748  9402 work_thread.hpp:102]  [T-Work-Recog_1] Try to push queue compare again 8 vs 8
I1014 15:43:36.340593  9403 thread_intergrate.hpp:95] T-Intergrate-intergrate Try push queue sorting again 5 vs 5
I1014 15:43:36.343401  9401 work_thread.hpp:102]  [T-Work-Recog_0] Try to push queue compare again 8 vs 8
I1014 15:43:36.345284  9400 work_thread.hpp:102]  [T-Work-Detect_0] Try to push queue frame again 8 vs 8
I1014 15:43:36.348841  9402 work_thread.hpp:102]  [T-Work-Recog_1] Try to push queue compare again 8 vs 8
I1014 15:43:36.350680  9403 thread_intergrate.hpp:95] T-Intergrate-intergrate Try push queue sorting again 5 vs 5
I1014 15:43:36.353559  9401 work_thread.hpp:102]  [T-Work-Recog_0] Try to push queue compare again 8 vs 8
I1014 15:43:36.355459  9400 work_thread.hpp:102]  [T-Work-Detect_0] Try to push queue frame again 8 vs 8
I1014 15:43:36.358942  9402 work_thread.hpp:102]  [T-Work-Recog_1] Try to push queue compare again 8 vs 8
I1014 15:43:36.360771  9403 thread_intergrate.hpp:95] T-Intergrate-intergrate Try push queue sorting again 5 vs 5
I1014 15:43:36.361984  9397 demo_inner.hpp:177] decode queue size 1
I1014 15:43:36.363664  9401 work_thread.hpp:102]  [T-Work-Recog_0] Try to push queue compare again 8 vs 8
I1014 15:43:36.365556  9400 work_thread.hpp:102]  [T-Work-Detect_0] Try to push queue frame again 8 vs 8
I1014 15:43:36.369036  9402 work_thread.hpp:102]  [T-Work-Recog_1] Try to push queue compare again 8 vs 8
I1014 15:43:36.370862  9403 thread_intergrate.hpp:95] T-Intergrate-intergrate Try push queue sorting again 5 vs 5
I1014 15:43:36.373749  9401 work_thread.hpp:102]  [T-Work-Recog_0] Try to push queue compare again 8 vs 8
I1014 15:43:36.375705  9400 work_thread.hpp:102]  [T-Work-Detect_0] Try to push queue frame again 8 vs 8
I1014 15:43:36.379139  9402 work_thread.hpp:102]  [T-Work-Recog_1] Try to push queue compare again 8 vs 8
I1014 15:43:36.380949  9403 thread_intergrate.hpp:95] T-Intergrate-intergrate Try push queue sorting again 5 vs 5
I1014 15:43:36.383831  9401 work_thread.hpp:102]  [T-Work-Recog_0] Try to push queue compare again 8 vs 8
I1014 15:43:36.385794  9400 work_thread.hpp:102]  [T-Work-Detect_0] Try to push queue frame again 8 vs 8
I1014 15:43:36.389228  9402 work_thread.hpp:102]  [T-Work-Recog_1] Try to push queue compare again 8 vs 8
I1014 15:43:36.391038  9403 thread_intergrate.hpp:95] T-Intergrate-intergrate Try push queue sorting again 5 vs 5
I1014 15:43:36.391722  9397 demo_inner.hpp:177] decode queue size 1
I1014 15:43:36.393915  9401 work_thread.hpp:102]  [T-Work-Recog_0] Try to push queue compare again 8 vs 8
I1014 15:43:36.395887  9400 work_thread.hpp:102]  [T-Work-Detect_0] Try to push queue frame again 8 vs 8
I1014 15:43:36.399317  9402 work_thread.hpp:102]  [T-Work-Recog_1] Try to push queue compare again 8 vs 8
I1014 15:43:36.401130  9403 thread_intergrate.hpp:95] T-Intergrate-intergrate Try push queue sorting again 5 vs 5
I1014 15:43:36.403996  9401 work_thread.hpp:102]  [T-Work-Recog_0] Try to push queue compare again 8 vs 8
I1014 15:43:36.405974  9400 work_thread.hpp:102]  [T-Work-Detect_0] Try to push queue frame again 8 vs 8
I1014 15:43:36.409404  9402 work_thread.hpp:102]  [T-Work-Recog_1] Try to push queue compare again 8 vs 8
I1014 15:43:36.411217  9403 thread_intergrate.hpp:95] T-Intergrate-intergrate Try push queue sorting again 5 vs 5
I1014 15:43:36.414075  9401 work_thread.hpp:102]  [T-Work-Recog_0] Try to push queue compare again 8 vs 8
I1014 15:43:36.416059  9400 work_thread.hpp:102]  [T-Work-Detect_0] Try to push queue frame again 8 vs 8
I1014 15:43:36.419507  9402 work_thread.hpp:102]  [T-Work-Recog_1] Try to push queue compare again 8 vs 8
I1014 15:43:36.421304  9403 thread_intergrate.hpp:95] T-Intergrate-intergrate Try push queue sorting again 5 vs 5
I1014 15:43:36.424167  9401 work_thread.hpp:102]  [T-Work-Recog_0] Try to push queue compare again 8 vs 8
I1014 15:43:36.426149  9400 work_thread.hpp:102]  [T-Work-Detect_0] Try to push queue frame again 8 vs 8
I1014 15:43:36.427613  9397 demo_inner.hpp:177] decode queue size 1
I1014 15:43:36.429687  9402 work_thread.hpp:102]  [T-Work-Recog_1] Try to push queue compare again 8 vs 8
I1014 15:43:36.431396  9403 thread_intergrate.hpp:95] T-Intergrate-intergrate Try push queue sorting again 5 vs 5
I1014 15:43:36.434248  9401 work_thread.hpp:102]  [T-Work-Recog_0] Try to push queue compare again 8 vs 8
I1014 15:43:36.435415  9398 demo_inner.hpp:260]  gui queue size 10, state = running
I1014 15:43:36.435464  9403 thread_intergrate.hpp:78] [T-Intergrate-intergrate] queue: frame output frame :146
I1014 15:43:36.435492  9403 thread_intergrate.hpp:85] [T-Intergrate-intergrate] queue: compare output face:0
I1014 15:43:36.435510  9403 thread_intergrate.hpp:144] T-Intergrate-intergrate set matched face: 0
I1014 15:43:36.435837  9399 demo_inner.hpp:435] thread [SORT-0]  frame id 140 sorting queue size 0   FPS: 23.1148
I1014 15:43:36.436249  9399 demo_inner.hpp:435] thread [SORT-0]  frame id 141 sorting queue size 1   FPS: 23.4255
I1014 15:43:36.436760  9399 demo_inner.hpp:435] thread [SORT-0]  frame id 142 sorting queue size 2   FPS: 23.6985
I1014 15:43:36.437059  9399 demo_inner.hpp:435] thread [SORT-0]  frame id 143 sorting queue size 3   FPS: 24.0347
I1014 15:43:36.437265  9403 thread_intergrate.hpp:188] T-Intergrate-intergrate Show face :0, size :640 * 360
I1014 15:43:36.437335  9399 demo_inner.hpp:435] thread [SORT-0]  frame id 144 sorting queue size 4   FPS: 24.3125
I1014 15:43:36.437423  9403 thread_intergrate.hpp:78] [T-Intergrate-intergrate] queue: frame output frame :147
I1014 15:43:36.437456  9403 thread_intergrate.hpp:85] [T-Intergrate-intergrate] queue: compare output face:0
I1014 15:43:36.437475  9403 thread_intergrate.hpp:144] T-Intergrate-intergrate set matched face: 0
I1014 15:43:36.437706  9399 demo_inner.hpp:435] thread [SORT-0]  frame id 145 sorting queue size 5   FPS: 24.6664
I1014 15:43:36.438099  9399 demo_inner.hpp:435] thread [SORT-0]  frame id 146 sorting queue size 6   FPS: 25.0205
I1014 15:43:36.438221  9400 work_thread.hpp:81]  [T-Work-Detect_0] Run work: WorkDetect
I1014 15:43:36.438252  9400 work_detect.cpp:102] Succeeded to add det start for frame 155
I1014 15:43:36.439044  9403 thread_intergrate.hpp:188] T-Intergrate-intergrate Show face :0, size :640 * 360
I1014 15:43:36.439240  9403 thread_intergrate.hpp:78] [T-Intergrate-intergrate] queue: frame output frame :148
I1014 15:43:36.439267  9403 thread_intergrate.hpp:85] [T-Intergrate-intergrate] queue: compare output face:0
I1014 15:43:36.439286  9403 thread_intergrate.hpp:144] T-Intergrate-intergrate set matched face: 0
I1014 15:43:36.439523  9399 demo_inner.hpp:435] thread [SORT-0]  frame id 147 sorting queue size 7   FPS: 25.3217
I1014 15:43:36.439563  9398 demo_inner.hpp:260]  gui queue size 7, state = running
I1014 15:43:36.440860  9403 thread_intergrate.hpp:188] T-Intergrate-intergrate Show face :0, size :640 * 360
I1014 15:43:36.441079  9403 thread_intergrate.hpp:78] [T-Intergrate-intergrate] queue: frame output frame :149
I1014 15:43:36.441104  9403 thread_intergrate.hpp:85] [T-Intergrate-intergrate] queue: compare output face:0
I1014 15:43:36.441123  9403 thread_intergrate.hpp:144] T-Intergrate-intergrate set matched face: 0
I1014 15:43:36.441445  9399 demo_inner.hpp:435] thread [SORT-0]  frame id 148 sorting queue size 0   FPS: 25.6842
I1014 15:43:36.443125  9403 thread_intergrate.hpp:188] T-Intergrate-intergrate Show face :0, size :640 * 360
I1014 15:43:36.443364  9403 thread_intergrate.hpp:78] [T-Intergrate-intergrate] queue: frame output frame :150
I1014 15:43:36.443397  9403 thread_intergrate.hpp:85] [T-Intergrate-intergrate] queue: compare output face:0
I1014 15:43:36.443415  9403 thread_intergrate.hpp:144] T-Intergrate-intergrate set matched face: 0
I1014 15:43:36.443792  9398 demo_inner.hpp:260]  gui queue size 0, state = running
I1014 15:43:36.443819  9399 demo_inner.hpp:435] thread [SORT-0]  frame id 149 sorting queue size 0   FPS: 25.9906
I1014 15:43:36.445190  9403 thread_intergrate.hpp:188] T-Intergrate-intergrate Show face :0, size :640 * 360
I1014 15:43:36.445391  9403 thread_intergrate.hpp:78] [T-Intergrate-intergrate] queue: frame output frame :151
I1014 15:43:36.445416  9403 thread_intergrate.hpp:85] [T-Intergrate-intergrate] queue: compare output face:0
I1014 15:43:36.445435  9403 thread_intergrate.hpp:144] T-Intergrate-intergrate set matched face: 0
I1014 15:43:36.445782  9399 demo_inner.hpp:435] thread [SORT-0]  frame id 150 sorting queue size 1   FPS: 26.3727
I1014 15:43:36.447026  9403 thread_intergrate.hpp:188] T-Intergrate-intergrate Show face :0, size :640 * 360
I1014 15:43:36.447227  9403 thread_intergrate.hpp:78] [T-Intergrate-intergrate] queue: frame output frame :152
I1014 15:43:36.447255  9403 thread_intergrate.hpp:85] [T-Intergrate-intergrate] queue: compare output face:0
I1014 15:43:36.447274  9403 thread_intergrate.hpp:144] T-Intergrate-intergrate set matched face: 0
I1014 15:43:36.447772  9399 demo_inner.hpp:435] thread [SORT-0]  frame id 151 sorting queue size 2   FPS: 26.6958
I1014 15:43:36.447887  9398 demo_inner.hpp:260]  gui queue size 2, state = running
I1014 15:43:36.448014  9400 work_detect.cpp:70] Frame :155 detect result :1 face(s)
I1014 15:43:36.448045  9400 work_detect.cpp:86] Detected bbox: [162 x 217 from (279, 104)]
I1014 15:43:36.448094  9400 work_detect.cpp:120] Succeeded to add det end for frame 155
I1014 15:43:36.448112  9400 work_thread.hpp:81]  [T-Work-Detect_0] Run work: WrokTrack
I1014 15:43:36.448201  9400 work_track.cpp:82] Frame: 155 build input_characts: [0.253125 x 0.602778 from (0.435937, 0.288889)], 1.00035, 0
I1014 15:43:36.448458  9400 work_track.cpp:102] Succeeded to set track lock for frame 155
I1014 15:43:36.448501  9400 work_track.cpp:116] Succeeded to release track lock for frame 155
I1014 15:43:36.448539  9400 work_track.cpp:120] Track results of frame 155: 1 objects input, 1 objects tracked!
I1014 15:43:36.448559  9400 work_track.cpp:148] Frame: 155, track bbox: [162 x 217 from (276.283, 111.685)], gid: 0, lid: 0
I1014 15:43:36.448597  9400 work_thread.hpp:87]  [T-Work-Detect_0] Frame :155 split
I1014 15:43:36.448616  9400 work_thread.hpp:120]  [T-Work-Detect_0] Valid piece: gid = 0
I1014 15:43:36.448633  9400 work_thread.hpp:91]  [T-Work-Detect_0] Push to split queue:recog
I1014 15:43:36.448680  9401 work_thread.hpp:81]  [T-Work-Recog_0] Run work: WorkCapture
I1014 15:43:36.449014  9403 thread_intergrate.hpp:188] T-Intergrate-intergrate Show face :0, size :640 * 360
I1014 15:43:36.449184  9403 thread_intergrate.hpp:78] [T-Intergrate-intergrate] queue: frame output frame :153
I1014 15:43:36.449208  9403 thread_intergrate.hpp:85] [T-Intergrate-intergrate] queue: compare output face:0
I1014 15:43:36.449227  9403 thread_intergrate.hpp:144] T-Intergrate-intergrate set matched face: 0
I1014 15:43:36.449276  9401 work_thread.hpp:81]  [T-Work-Recog_0] Run work: WorkRecog
I1014 15:43:36.449302  9401 work_recog.hpp:89] Face id: 0 will run recog: bbox [162 x 217 from (279, 104)] quality: 0.460226
I1014 15:43:36.449331  9401 work_recog.hpp:96] Recog pair: [240 x 304 from (240, 56)], [162 x 217 from (39, 48)]
I1014 15:43:36.449653  9399 demo_inner.hpp:435] thread [SORT-0]  frame id 152 sorting queue size 0   FPS: 27.0991
I1014 15:43:36.450817  9403 thread_intergrate.hpp:188] T-Intergrate-intergrate Show face :0, size :640 * 360
I1014 15:43:36.451067  9403 thread_intergrate.hpp:78] [T-Intergrate-intergrate] queue: frame output frame :154
I1014 15:43:36.451095  9403 thread_intergrate.hpp:85] [T-Intergrate-intergrate] queue: compare output face:0
I1014 15:43:36.451113  9403 thread_intergrate.hpp:144] T-Intergrate-intergrate set matched face: 0
I1014 15:43:36.451622  9399 demo_inner.hpp:435] thread [SORT-0]  frame id 153 sorting queue size 1   FPS: 27.5147
I1014 15:43:36.452709  9403 thread_intergrate.hpp:188] T-Intergrate-intergrate Show face :0, size :640 * 360
I1014 15:43:36.452891  9403 thread_intergrate.hpp:78] [T-Intergrate-intergrate] queue: frame output frame :155
I1014 15:43:36.452919  9403 thread_intergrate.hpp:85] [T-Intergrate-intergrate] queue: compare output face:0
I1014 15:43:36.452939  9403 thread_intergrate.hpp:144] T-Intergrate-intergrate set matched face: 0
I1014 15:43:36.453377  9399 demo_inner.hpp:435] thread [SORT-0]  frame id 154 sorting queue size 2   FPS: 27.8793
I1014 15:43:36.454757  9398 demo_inner.hpp:260]  gui queue size 2, state = running
I1014 15:43:36.454829  9403 thread_intergrate.hpp:188] T-Intergrate-intergrate Show face :0, size :640 * 360
I1014 15:43:36.455540  9399 demo_inner.hpp:435] thread [SORT-0]  frame id 155 sorting queue size 0   FPS: 28.3063
I1014 15:43:36.459112  9398 demo_inner.hpp:260]  gui queue size 0, state = running
I1014 15:43:36.464386  9397 demo_inner.hpp:177] decode queue size 0
I1014 15:43:36.464615  9400 work_thread.hpp:81]  [T-Work-Detect_0] Run work: WorkDetect
I1014 15:43:36.464679  9400 work_detect.cpp:102] Succeeded to add det start for frame 156
I1014 15:43:36.467720  9401 work_thread.hpp:81]  [T-Work-Recog_0] Run work: WorkCompare
I1014 15:43:36.468200  9401 work_compare.cpp:76] Compare face: 0 successed, similarity :0.997634, name : images/ThangLMb.jpg, normal size : 1548 * 1719!
I1014 15:43:36.472743  9400 work_detect.cpp:70] Frame :156 detect result :1 face(s)
I1014 15:43:36.472774  9400 work_detect.cpp:86] Detected bbox: [161 x 216 from (281, 123)]
I1014 15:43:36.472821  9400 work_detect.cpp:120] Succeeded to add det end for frame 156
I1014 15:43:36.472838  9400 work_thread.hpp:81]  [T-Work-Detect_0] Run work: WrokTrack
I1014 15:43:36.472860  9400 work_track.cpp:82] Frame: 156 build input_characts: [0.251563 x 0.6 from (0.439063, 0.341667)], 1.00019, 0
I1014 15:43:36.472937  9400 work_track.cpp:102] Succeeded to set track lock for frame 156
I1014 15:43:36.472978  9400 work_track.cpp:116] Succeeded to release track lock for frame 156
I1014 15:43:36.472993  9400 work_track.cpp:120] Track results of frame 156: 1 objects input, 1 objects tracked!
I1014 15:43:36.473011  9400 work_track.cpp:148] Frame: 156, track bbox: [161 x 216 from (278.803, 117.64)], gid: 0, lid: 0
I1014 15:43:36.473057  9400 work_thread.hpp:87]  [T-Work-Detect_0] Frame :156 split
I1014 15:43:36.473074  9400 work_thread.hpp:120]  [T-Work-Detect_0] Valid piece: gid = 0
I1014 15:43:36.473093  9400 work_thread.hpp:91]  [T-Work-Detect_0] Push to split queue:recog
I1014 15:43:36.473134  9401 work_thread.hpp:81]  [T-Work-Recog_0] Run work: WorkCapture
I1014 15:43:36.473145  9403 thread_intergrate.hpp:78] [T-Intergrate-intergrate] queue: frame output frame :156
I1014 15:43:36.473173  9403 thread_intergrate.hpp:85] [T-Intergrate-intergrate] queue: compare output face:0
I1014 15:43:36.473191  9403 thread_intergrate.hpp:144] T-Intergrate-intergrate set matched face: 0
I1014 15:43:36.473726  9401 work_thread.hpp:81]  [T-Work-Recog_0] Run work: WorkRecog
I1014 15:43:36.473750  9401 work_recog.hpp:89] Face id: 0 will run recog: bbox [161 x 216 from (281, 123)] quality: 0.449577
I1014 15:43:36.473779  9401 work_recog.hpp:96] Recog pair: [232 x 280 from (248, 80)], [161 x 216 from (33, 43)]
I1014 15:43:36.474681  9403 thread_intergrate.hpp:188] T-Intergrate-intergrate Show face :0, size :640 * 360
I1014 15:43:36.475419  9399 demo_inner.hpp:435] thread [SORT-0]  frame id 156 sorting queue size 0   FPS: 28.4515
I1014 15:43:36.479979  9398 demo_inner.hpp:260]  gui queue size 0, state = running
I1014 15:43:36.491940  9401 work_thread.hpp:81]  [T-Work-Recog_0] Run work: WorkCompare
I1014 15:43:36.492456  9401 work_compare.cpp:76] Compare face: 0 successed, similarity :0.998458, name : images/ThangLMb.jpg, normal size : 1548 * 1719!
I1014 15:43:36.495050  9397 demo_inner.hpp:177] decode queue size 0
I1014 15:43:36.495199  9400 work_thread.hpp:81]  [T-Work-Detect_0] Run work: WorkDetect
I1014 15:43:36.495240  9400 work_detect.cpp:102] Succeeded to add det start for frame 157
I1014 15:43:36.503307  9400 work_detect.cpp:70] Frame :157 detect result :1 face(s)
I1014 15:43:36.503360  9400 work_detect.cpp:86] Detected bbox: [163 x 220 from (279, 122)]
I1014 15:43:36.503429  9400 work_detect.cpp:120] Succeeded to add det end for frame 157
I1014 15:43:36.503448  9400 work_thread.hpp:81]  [T-Work-Detect_0] Run work: WrokTrack
I1014 15:43:36.503473  9400 work_track.cpp:82] Frame: 157 build input_characts: [0.254687 x 0.611111 from (0.435937, 0.338889)], 1.00019, 0
I1014 15:43:36.503530  9400 work_track.cpp:102] Succeeded to set track lock for frame 157
I1014 15:43:36.503576  9400 work_track.cpp:116] Succeeded to release track lock for frame 157
I1014 15:43:36.503592  9400 work_track.cpp:120] Track results of frame 157: 1 objects input, 1 objects tracked!
I1014 15:43:36.503705  9400 work_track.cpp:148] Frame: 157, track bbox: [163 x 220 from (280.458, 118.15)], gid: 0, lid: 0
I1014 15:43:36.503744  9400 work_thread.hpp:87]  [T-Work-Detect_0] Frame :157 split
I1014 15:43:36.503762  9400 work_thread.hpp:120]  [T-Work-Detect_0] Valid piece: gid = 0
I1014 15:43:36.503780  9400 work_thread.hpp:91]  [T-Work-Detect_0] Push to split queue:recog
I1014 15:43:36.503844  9402 work_thread.hpp:81]  [T-Work-Recog_1] Run work: WorkCapture
I1014 15:43:36.504237  9403 thread_intergrate.hpp:78] [T-Intergrate-intergrate] queue: frame output frame :157
I1014 15:43:36.504266  9403 thread_intergrate.hpp:85] [T-Intergrate-intergrate] queue: compare output face:0
I1014 15:43:36.504283  9403 thread_intergrate.hpp:144] T-Intergrate-intergrate set matched face: 0
I1014 15:43:36.504487  9402 work_thread.hpp:81]  [T-Work-Recog_1] Run work: WorkRecog
I1014 15:43:36.504511  9402 work_recog.hpp:89] Face id: 0 will run recog: bbox [163 x 220 from (279, 122)] quality: 0.453058
I1014 15:43:36.504549  9402 work_recog.hpp:96] Recog pair: [240 x 288 from (240, 72)], [163 x 220 from (39, 50)]
I1014 15:43:36.505753  9403 thread_intergrate.hpp:188] T-Intergrate-intergrate Show face :0, size :640 * 360
I1014 15:43:36.506461  9399 demo_inner.hpp:435] thread [SORT-0]  frame id 157 sorting queue size 0   FPS: 28.5047
I1014 15:43:36.506554  9398 demo_inner.hpp:260]  gui queue size 0, state = running
I1014 15:43:36.524487  9402 work_thread.hpp:81]  [T-Work-Recog_1] Run work: WorkCompare
I1014 15:43:36.524953  9402 work_compare.cpp:76] Compare face: 0 successed, similarity :0.99673, name : images/ThangLMb.jpg, normal size : 1548 * 1719!
I1014 15:43:36.530220  9397 demo_inner.hpp:177] decode queue size 0
I1014 15:43:36.530381  9400 work_thread.hpp:81]  [T-Work-Detect_0] Run work: WorkDetect
I1014 15:43:36.530423  9400 work_detect.cpp:102] Succeeded to add det start for frame 158
I1014 15:43:36.538077  9400 work_detect.cpp:70] Frame :158 detect result :1 face(s)
I1014 15:43:36.538149  9400 work_detect.cpp:86] Detected bbox: [167 x 220 from (278, 100)]
I1014 15:43:36.538193  9400 work_detect.cpp:120] Succeeded to add det end for frame 158
I1014 15:43:36.538209  9400 work_thread.hpp:81]  [T-Work-Detect_0] Run work: WrokTrack
I1014 15:43:36.538234  9400 work_track.cpp:82] Frame: 158 build input_characts: [0.260938 x 0.611111 from (0.434375, 0.277778)], 1.00035, 0
I1014 15:43:36.538420  9400 work_track.cpp:102] Succeeded to set track lock for frame 158
I1014 15:43:36.538461  9400 work_track.cpp:116] Succeeded to release track lock for frame 158
I1014 15:43:36.538476  9400 work_track.cpp:120] Track results of frame 158: 1 objects input, 1 objects tracked!
I1014 15:43:36.538503  9400 work_track.cpp:148] Frame: 158, track bbox: [167 x 220 from (278.646, 112.844)], gid: 0, lid: 0
I1014 15:43:36.538539  9400 work_thread.hpp:87]  [T-Work-Detect_0] Frame :158 split
I1014 15:43:36.538558  9400 work_thread.hpp:120]  [T-Work-Detect_0] Valid piece: gid = 0
I1014 15:43:36.538576  9400 work_thread.hpp:91]  [T-Work-Detect_0] Push to split queue:recog
I1014 15:43:36.538645  9401 work_thread.hpp:81]  [T-Work-Recog_0] Run work: WorkCapture
I1014 15:43:36.538936  9403 thread_intergrate.hpp:78] [T-Intergrate-intergrate] queue: frame output frame :158
I1014 15:43:36.538962  9403 thread_intergrate.hpp:85] [T-Intergrate-intergrate] queue: compare output face:0
I1014 15:43:36.538980  9403 thread_intergrate.hpp:144] T-Intergrate-intergrate set matched face: 0
I1014 15:43:36.540252  9401 work_thread.hpp:81]  [T-Work-Recog_0] Run work: WorkRecog
I1014 15:43:36.540287  9401 work_recog.hpp:89] Face id: 0 will run recog: bbox [167 x 220 from (278, 100)] quality: 0.483967
I1014 15:43:36.540323  9401 work_recog.hpp:96] Recog pair: [240 x 304 from (240, 56)], [167 x 220 from (38, 44)]
I1014 15:43:36.540493  9403 thread_intergrate.hpp:188] T-Intergrate-intergrate Show face :0, size :640 * 360
I1014 15:43:36.541229  9399 demo_inner.hpp:435] thread [SORT-0]  frame id 158 sorting queue size 0   FPS: 28.4515
I1014 15:43:36.541301  9398 demo_inner.hpp:260]  gui queue size 0, state = running
I1014 15:43:36.558010  9401 work_thread.hpp:81]  [T-Work-Recog_0] Run work: WorkCompare
I1014 15:43:36.558478  9401 work_compare.cpp:76] Compare face: 0 successed, similarity :0.99698, name : images/ThangLMb.jpg, normal size : 1548 * 1719!
I1014 15:43:36.559890  9397 demo_inner.hpp:177] decode queue size 0
I1014 15:43:36.559957  9400 work_thread.hpp:81]  [T-Work-Detect_0] Run work: WorkDetect
I1014 15:43:36.559993  9400 work_detect.cpp:102] Succeeded to add det start for frame 159
I1014 15:43:36.567714  9400 work_detect.cpp:70] Frame :159 detect result :1 face(s)
I1014 15:43:36.567790  9400 work_detect.cpp:86] Detected bbox: [163 x 219 from (279, 120)]
I1014 15:43:36.567836  9400 work_detect.cpp:120] Succeeded to add det end for frame 159
I1014 15:43:36.567852  9400 work_thread.hpp:81]  [T-Work-Detect_0] Run work: WrokTrack
I1014 15:43:36.567876  9400 work_track.cpp:82] Frame: 159 build input_characts: [0.254687 x 0.608333 from (0.435937, 0.333333)], 1.00019, 0
I1014 15:43:36.567939  9400 work_track.cpp:102] Succeeded to set track lock for frame 159
I1014 15:43:36.567978  9400 work_track.cpp:116] Succeeded to release track lock for frame 159
I1014 15:43:36.567992  9400 work_track.cpp:120] Track results of frame 159: 1 objects input, 1 objects tracked!
I1014 15:43:36.568034  9400 work_track.cpp:148] Frame: 159, track bbox: [163 x 219 from (281.308, 114.199)], gid: 0, lid: 0
I1014 15:43:36.568071  9400 work_thread.hpp:87]  [T-Work-Detect_0] Frame :159 split
I1014 15:43:36.568089  9400 work_thread.hpp:120]  [T-Work-Detect_0] Valid piece: gid = 0
I1014 15:43:36.568107  9400 work_thread.hpp:91]  [T-Work-Detect_0] Push to split queue:recog
I1014 15:43:36.568186  9401 work_thread.hpp:81]  [T-Work-Recog_0] Run work: WorkCapture
I1014 15:43:36.568202  9403 thread_intergrate.hpp:78] [T-Intergrate-intergrate] queue: frame output frame :159
I1014 15:43:36.568229  9403 thread_intergrate.hpp:85] [T-Intergrate-intergrate] queue: compare output face:0
I1014 15:43:36.568248  9403 thread_intergrate.hpp:144] T-Intergrate-intergrate set matched face: 0
I1014 15:43:36.568918  9401 work_thread.hpp:81]  [T-Work-Recog_0] Run work: WorkRecog
I1014 15:43:36.568946  9401 work_recog.hpp:89] Face id: 0 will run recog: bbox [163 x 219 from (279, 120)] quality: 0.470637
I1014 15:43:36.568977  9401 work_recog.hpp:96] Recog pair: [240 x 288 from (240, 72)], [163 x 219 from (39, 48)]
I1014 15:43:36.569710  9403 thread_intergrate.hpp:188] T-Intergrate-intergrate Show face :0, size :640 * 360
I1014 15:43:36.570334  9399 demo_inner.hpp:435] thread [SORT-0]  frame id 159 sorting queue size 0   FPS: 28.5447
I1014 15:43:36.570418  9398 demo_inner.hpp:260]  gui queue size 0, state = running
I1014 15:43:36.586655  9401 work_thread.hpp:81]  [T-Work-Recog_0] Run work: WorkCompare
I1014 15:43:36.587132  9401 work_compare.cpp:76] Compare face: 0 successed, similarity :0.997041, name : images/ThangLMb.jpg, normal size : 1548 * 1719!
I1014 15:43:36.595692  9397 demo_inner.hpp:177] decode queue size 0
I1014 15:43:36.595795  9400 work_thread.hpp:81]  [T-Work-Detect_0] Run work: WorkDetect
I1014 15:43:36.595841  9400 work_detect.cpp:102] Succeeded to add det start for frame 160
I1014 15:43:36.603487  9400 work_detect.cpp:70] Frame :160 detect result :1 face(s)
I1014 15:43:36.603538  9400 work_detect.cpp:86] Detected bbox: [164 x 223 from (282, 118)]
I1014 15:43:36.603607  9400 work_detect.cpp:120] Succeeded to add det end for frame 160
I1014 15:43:36.603624  9400 work_thread.hpp:81]  [T-Work-Detect_0] Run work: WrokTrack
I1014 15:43:36.603708  9400 work_track.cpp:82] Frame: 160 build input_characts: [0.25625 x 0.619444 from (0.440625, 0.327778)], 1.00019, 0
I1014 15:43:36.603763  9400 work_track.cpp:102] Succeeded to set track lock for frame 160
I1014 15:43:36.603826  9400 work_track.cpp:116] Succeeded to release track lock for frame 160
I1014 15:43:36.603842  9400 work_track.cpp:120] Track results of frame 160: 1 objects input, 1 objects tracked!
I1014 15:43:36.603859  9400 work_track.cpp:148] Frame: 160, track bbox: [164 x 223 from (280.555, 116.75)], gid: 0, lid: 0
I1014 15:43:36.603976  9400 work_thread.hpp:87]  [T-Work-Detect_0] Frame :160 split
I1014 15:43:36.603994  9400 work_thread.hpp:120]  [T-Work-Detect_0] Valid piece: gid = 0
I1014 15:43:36.604013  9400 work_thread.hpp:91]  [T-Work-Detect_0] Push to split queue:recog
I1014 15:43:36.604059  9402 work_thread.hpp:81]  [T-Work-Recog_1] Run work: WorkCapture
I1014 15:43:36.604077  9403 thread_intergrate.hpp:78] [T-Intergrate-intergrate] queue: frame output frame :160
I1014 15:43:36.604104  9403 thread_intergrate.hpp:85] [T-Intergrate-intergrate] queue: compare output face:0
I1014 15:43:36.604122  9403 thread_intergrate.hpp:144] T-Intergrate-intergrate set matched face: 0
I1014 15:43:36.604671  9402 work_thread.hpp:81]  [T-Work-Recog_1] Run work: WorkRecog
I1014 15:43:36.604696  9402 work_recog.hpp:89] Face id: 0 will run recog: bbox [164 x 223 from (282, 118)] quality: 0.458304
I1014 15:43:36.604727  9402 work_recog.hpp:96] Recog pair: [232 x 288 from (248, 72)], [164 x 223 from (34, 46)]
I1014 15:43:36.605613  9403 thread_intergrate.hpp:188] T-Intergrate-intergrate Show face :0, size :640 * 360
I1014 15:43:36.606328  9399 demo_inner.hpp:435] thread [SORT-0]  frame id 160 sorting queue size 0   FPS: 28.5313
I1014 15:43:36.606417  9398 demo_inner.hpp:260]  gui queue size 0, state = running
I1014 15:43:36.622273  9402 work_thread.hpp:81]  [T-Work-Recog_1] Run work: WorkCompare
I1014 15:43:36.622742  9402 work_compare.cpp:76] Compare face: 0 successed, similarity :0.997474, name : images/ThangLMb.jpg, normal size : 1548 * 1719!
I1014 15:43:36.625957  9397 demo_inner.hpp:177] decode queue size 0
I1014 15:43:36.626041  9400 work_thread.hpp:81]  [T-Work-Detect_0] Run work: WorkDetect
I1014 15:43:36.626078  9400 work_detect.cpp:102] Succeeded to add det start for frame 161
I1014 15:43:36.633766  9400 work_detect.cpp:70] Frame :161 detect result :1 face(s)
I1014 15:43:36.633813  9400 work_detect.cpp:86] Detected bbox: [166 x 224 from (278, 118)]
I1014 15:43:36.633863  9400 work_detect.cpp:120] Succeeded to add det end for frame 161
I1014 15:43:36.633882  9400 work_thread.hpp:81]  [T-Work-Detect_0] Run work: WrokTrack
I1014 15:43:36.633906  9400 work_track.cpp:82] Frame: 161 build input_characts: [0.259375 x 0.622222 from (0.434375, 0.327778)], 1.00019, 0
I1014 15:43:36.633988  9400 work_track.cpp:102] Succeeded to set track lock for frame 161
I1014 15:43:36.634047  9400 work_track.cpp:116] Succeeded to release track lock for frame 161
I1014 15:43:36.634063  9400 work_track.cpp:120] Track results of frame 161: 1 objects input, 1 objects tracked!
I1014 15:43:36.634080  9400 work_track.cpp:148] Frame: 161, track bbox: [166 x 224 from (279.009, 115.507)], gid: 0, lid: 0
I1014 15:43:36.634124  9400 work_thread.hpp:87]  [T-Work-Detect_0] Frame :161 split
I1014 15:43:36.634143  9400 work_thread.hpp:120]  [T-Work-Detect_0] Valid piece: gid = 0
I1014 15:43:36.634161  9400 work_thread.hpp:91]  [T-Work-Detect_0] Push to split queue:recog
I1014 15:43:36.634204  9401 work_thread.hpp:81]  [T-Work-Recog_0] Run work: WorkCapture
I1014 15:43:36.634219  9403 thread_intergrate.hpp:78] [T-Intergrate-intergrate] queue: frame output frame :161
I1014 15:43:36.634245  9403 thread_intergrate.hpp:85] [T-Intergrate-intergrate] queue: compare output face:0
I1014 15:43:36.634264  9403 thread_intergrate.hpp:144] T-Intergrate-intergrate set matched face: 0
I1014 15:43:36.634938  9401 work_thread.hpp:81]  [T-Work-Recog_0] Run work: WorkRecog
I1014 15:43:36.634963  9401 work_recog.hpp:89] Face id: 0 will run recog: bbox [166 x 224 from (278, 118)] quality: 0.450016
I1014 15:43:36.634995  9401 work_recog.hpp:96] Recog pair: [240 x 288 from (240, 72)], [166 x 224 from (38, 46)]
I1014 15:43:36.635733  9403 thread_intergrate.hpp:188] T-Intergrate-intergrate Show face :0, size :640 * 360
I1014 15:43:36.636488  9399 demo_inner.hpp:435] thread [SORT-0]  frame id 161 sorting queue size 0   FPS: 28.5313
I1014 15:43:36.636572  9398 demo_inner.hpp:260]  gui queue size 0, state = running
I1014 15:43:36.652575  9401 work_thread.hpp:81]  [T-Work-Recog_0] Run work: WorkCompare
I1014 15:43:36.653144  9401 work_compare.cpp:76] Compare face: 0 successed, similarity :0.997321, name : images/ThangLMb.jpg, normal size : 1548 * 1719!
I1014 15:43:36.661675  9397 demo_inner.hpp:177] decode queue size 0
I1014 15:43:36.661792  9400 work_thread.hpp:81]  [T-Work-Detect_0] Run work: WorkDetect
I1014 15:43:36.661829  9400 work_detect.cpp:102] Succeeded to add det start for frame 162
I1014 15:43:36.669582  9400 work_detect.cpp:70] Frame :162 detect result :1 face(s)
I1014 15:43:36.669706  9400 work_detect.cpp:86] Detected bbox: [165 x 224 from (279, 120)]
I1014 15:43:36.669752  9400 work_detect.cpp:120] Succeeded to add det end for frame 162
I1014 15:43:36.669776  9400 work_thread.hpp:81]  [T-Work-Detect_0] Run work: WrokTrack
I1014 15:43:36.669802  9400 work_track.cpp:82] Frame: 162 build input_characts: [0.257812 x 0.622222 from (0.435937, 0.333333)], 1.00019, 0
I1014 15:43:36.669857  9400 work_track.cpp:102] Succeeded to set track lock for frame 162
I1014 15:43:36.669919  9400 work_track.cpp:116] Succeeded to release track lock for frame 162
I1014 15:43:36.669934  9400 work_track.cpp:120] Track results of frame 162: 1 objects input, 1 objects tracked!
I1014 15:43:36.669953  9400 work_track.cpp:148] Frame: 162, track bbox: [165 x 224 from (279.509, 119.452)], gid: 0, lid: 0
I1014 15:43:36.669989  9400 work_thread.hpp:87]  [T-Work-Detect_0] Frame :162 split
I1014 15:43:36.670007  9400 work_thread.hpp:120]  [T-Work-Detect_0] Valid piece: gid = 0
I1014 15:43:36.670032  9400 work_thread.hpp:91]  [T-Work-Detect_0] Push to split queue:recog
I1014 15:43:36.670078  9403 thread_intergrate.hpp:78] [T-Intergrate-intergrate] queue: frame output frame :162
I1014 15:43:36.670078  9401 work_thread.hpp:81]  [T-Work-Recog_0] Run work: WorkCapture
I1014 15:43:36.670106  9403 thread_intergrate.hpp:85] [T-Intergrate-intergrate] queue: compare output face:0
I1014 15:43:36.670125  9403 thread_intergrate.hpp:144] T-Intergrate-intergrate set matched face: 0
I1014 15:43:36.670686  9401 work_thread.hpp:81]  [T-Work-Recog_0] Run work: WorkRecog
I1014 15:43:36.670712  9401 work_recog.hpp:89] Face id: 0 will run recog: bbox [165 x 224 from (279, 120)] quality: 0.45013
I1014 15:43:36.670743  9401 work_recog.hpp:96] Recog pair: [240 x 288 from (240, 72)], [165 x 224 from (39, 48)]
I1014 15:43:36.671636  9403 thread_intergrate.hpp:188] T-Intergrate-intergrate Show face :0, size :640 * 360
I1014 15:43:36.672379  9399 demo_inner.hpp:435] thread [SORT-0]  frame id 162 sorting queue size 0   FPS: 28.5447
I1014 15:43:36.672454  9398 demo_inner.hpp:260]  gui queue size 0, state = running
I1014 15:43:36.688222  9401 work_thread.hpp:81]  [T-Work-Recog_0] Run work: WorkCompare
I1014 15:43:36.688756  9401 work_compare.cpp:76] Compare face: 0 successed, similarity :0.996647, name : images/ThangLMb.jpg, normal size : 1548 * 1719!
I1014 15:43:36.697609  9397 demo_inner.hpp:177] decode queue size 0
I1014 15:43:36.697726  9400 work_thread.hpp:81]  [T-Work-Detect_0] Run work: WorkDetect
I1014 15:43:36.697762  9400 work_detect.cpp:102] Succeeded to add det start for frame 163
I1014 15:43:36.705513  9400 work_detect.cpp:70] Frame :163 detect result :1 face(s)
I1014 15:43:36.705585  9400 work_detect.cpp:86] Detected bbox: [166 x 225 from (279, 120)]
I1014 15:43:36.705631  9400 work_detect.cpp:120] Succeeded to add det end for frame 163
I1014 15:43:36.705706  9400 work_thread.hpp:81]  [T-Work-Detect_0] Run work: WrokTrack
I1014 15:43:36.705732  9400 work_track.cpp:82] Frame: 163 build input_characts: [0.259375 x 0.625 from (0.435937, 0.333333)], 1.00019, 0
I1014 15:43:36.705787  9400 work_track.cpp:102] Succeeded to set track lock for frame 163
I1014 15:43:36.705852  9400 work_track.cpp:116] Succeeded to release track lock for frame 163
I1014 15:43:36.705868  9400 work_track.cpp:120] Track results of frame 163: 1 objects input, 1 objects tracked!
I1014 15:43:36.705886  9400 work_track.cpp:148] Frame: 163, track bbox: [166 x 225 from (278.94, 123.352)], gid: 0, lid: 0
I1014 15:43:36.705924  9400 work_thread.hpp:87]  [T-Work-Detect_0] Frame :163 split
I1014 15:43:36.706028  9400 work_thread.hpp:120]  [T-Work-Detect_0] Valid piece: gid = 0
I1014 15:43:36.706073  9400 work_thread.hpp:91]  [T-Work-Detect_0] Push to split queue:recog
I1014 15:43:36.706118  9403 thread_intergrate.hpp:78] [T-Intergrate-intergrate] queue: frame output frame :163
I1014 15:43:36.706118  9401 work_thread.hpp:81]  [T-Work-Recog_0] Run work: WorkCapture
I1014 15:43:36.706146  9403 thread_intergrate.hpp:85] [T-Intergrate-intergrate] queue: compare output face:0
I1014 15:43:36.706164  9403 thread_intergrate.hpp:144] T-Intergrate-intergrate set matched face: 0
I1014 15:43:36.706897  9401 work_thread.hpp:81]  [T-Work-Recog_0] Run work: WorkRecog
I1014 15:43:36.706923  9401 work_recog.hpp:89] Face id: 0 will run recog: bbox [166 x 225 from (279, 120)] quality: 0.454322
I1014 15:43:36.706956  9401 work_recog.hpp:96] Recog pair: [240 x 288 from (240, 72)], [166 x 225 from (39, 48)]
I1014 15:43:36.707646  9403 thread_intergrate.hpp:188] T-Intergrate-intergrate Show face :0, size :640 * 360
I1014 15:43:36.708259  9399 demo_inner.hpp:435] thread [SORT-0]  frame id 163 sorting queue size 0   FPS: 28.4648
I1014 15:43:36.708365  9398 demo_inner.hpp:260]  gui queue size 0, state = running
I1014 15:43:36.724655  9401 work_thread.hpp:81]  [T-Work-Recog_0] Run work: WorkCompare
I1014 15:43:36.725118  9401 work_compare.cpp:76] Compare face: 0 successed, similarity :0.996062, name : images/ThangLMb.jpg, normal size : 1548 * 1719!
I1014 15:43:36.727895  9397 demo_inner.hpp:177] decode queue size 0
I1014 15:43:36.728013  9400 work_thread.hpp:81]  [T-Work-Detect_0] Run work: WorkDetect
I1014 15:43:36.728050  9400 work_detect.cpp:102] Succeeded to add det start for frame 164
I1014 15:43:36.735775  9400 work_detect.cpp:70] Frame :164 detect result :1 face(s)
I1014 15:43:36.735822  9400 work_detect.cpp:86] Detected bbox: [164 x 225 from (280, 118)]
I1014 15:43:36.735893  9400 work_detect.cpp:120] Succeeded to add det end for frame 164
I1014 15:43:36.735911  9400 work_thread.hpp:81]  [T-Work-Detect_0] Run work: WrokTrack
I1014 15:43:36.735936  9400 work_track.cpp:82] Frame: 164 build input_characts: [0.25625 x 0.625 from (0.4375, 0.327778)], 1.00019, 0
I1014 15:43:36.736001  9400 work_track.cpp:102] Succeeded to set track lock for frame 164
I1014 15:43:36.736040  9400 work_track.cpp:116] Succeeded to release track lock for frame 164
I1014 15:43:36.736055  9400 work_track.cpp:120] Track results of frame 164: 1 objects input, 1 objects tracked!
I1014 15:43:36.736073  9400 work_track.cpp:148] Frame: 164, track bbox: [164 x 225 from (279.986, 119.316)], gid: 0, lid: 0
I1014 15:43:36.736133  9400 work_thread.hpp:87]  [T-Work-Detect_0] Frame :164 split
I1014 15:43:36.736153  9400 work_thread.hpp:120]  [T-Work-Detect_0] Valid piece: gid = 0
I1014 15:43:36.736194  9400 work_thread.hpp:91]  [T-Work-Detect_0] Push to split queue:recog
I1014 15:43:36.736244  9403 thread_intergrate.hpp:78] [T-Intergrate-intergrate] queue: frame output frame :164
I1014 15:43:36.736245  9402 work_thread.hpp:81]  [T-Work-Recog_1] Run work: WorkCapture
I1014 15:43:36.736272  9403 thread_intergrate.hpp:85] [T-Intergrate-intergrate] queue: compare output face:0
I1014 15:43:36.736291  9403 thread_intergrate.hpp:144] T-Intergrate-intergrate set matched face: 0
I1014 15:43:36.737016  9402 work_thread.hpp:81]  [T-Work-Recog_1] Run work: WorkRecog
I1014 15:43:36.737042  9402 work_recog.hpp:89] Face id: 0 will run recog: bbox [164 x 225 from (280, 118)] quality: 0.440152
I1014 15:43:36.737074  9402 work_recog.hpp:96] Recog pair: [232 x 288 from (248, 72)], [164 x 225 from (32, 46)]
I1014 15:43:36.737781  9403 thread_intergrate.hpp:188] T-Intergrate-intergrate Show face :0, size :640 * 360
I1014 15:43:36.738407  9399 demo_inner.hpp:435] thread [SORT-0]  frame id 164 sorting queue size 0   FPS: 28.5447
I1014 15:43:36.738507  9398 demo_inner.hpp:260]  gui queue size 0, state = running
I1014 15:43:36.754735  9402 work_thread.hpp:81]  [T-Work-Recog_1] Run work: WorkCompare
I1014 15:43:36.755213  9402 work_compare.cpp:76] Compare face: 0 successed, similarity :0.997461, name : images/ThangLMb.jpg, normal size : 1548 * 1719!
I1014 15:43:36.763710  9397 demo_inner.hpp:177] decode queue size 0
I1014 15:43:36.763823  9400 work_thread.hpp:81]  [T-Work-Detect_0] Run work: WorkDetect
I1014 15:43:36.763864  9400 work_detect.cpp:102] Succeeded to add det start for frame 165
I1014 15:43:36.771539  9400 work_detect.cpp:70] Frame :165 detect result :1 face(s)
I1014 15:43:36.771587  9400 work_detect.cpp:86] Detected bbox: [163 x 220 from (281, 120)]
I1014 15:43:36.771631  9400 work_detect.cpp:120] Succeeded to add det end for frame 165
I1014 15:43:36.771714  9400 work_thread.hpp:81]  [T-Work-Detect_0] Run work: WrokTrack
I1014 15:43:36.771739  9400 work_track.cpp:82] Frame: 165 build input_characts: [0.254687 x 0.611111 from (0.439063, 0.333333)], 1.00019, 0
I1014 15:43:36.771818  9400 work_track.cpp:102] Succeeded to set track lock for frame 165
I1014 15:43:36.771859  9400 work_track.cpp:116] Succeeded to release track lock for frame 165
I1014 15:43:36.771874  9400 work_track.cpp:120] Track results of frame 165: 1 objects input, 1 objects tracked!
I1014 15:43:36.771962  9400 work_track.cpp:148] Frame: 165, track bbox: [163 x 220 from (280.391, 121.078)], gid: 0, lid: 0
I1014 15:43:36.772024  9400 work_thread.hpp:87]  [T-Work-Detect_0] Frame :165 split
I1014 15:43:36.772044  9400 work_thread.hpp:120]  [T-Work-Detect_0] Valid piece: gid = 0
I1014 15:43:36.772063  9400 work_thread.hpp:91]  [T-Work-Detect_0] Push to split queue:recog
I1014 15:43:36.772105  9403 thread_intergrate.hpp:78] [T-Intergrate-intergrate] queue: frame output frame :165
I1014 15:43:36.772106  9402 work_thread.hpp:81]  [T-Work-Recog_1] Run work: WorkCapture
I1014 15:43:36.772135  9403 thread_intergrate.hpp:85] [T-Intergrate-intergrate] queue: compare output face:0
I1014 15:43:36.772152  9403 thread_intergrate.hpp:144] T-Intergrate-intergrate set matched face: 0
I1014 15:43:36.772895  9402 work_thread.hpp:81]  [T-Work-Recog_1] Run work: WorkRecog
I1014 15:43:36.772922  9402 work_recog.hpp:89] Face id: 0 will run recog: bbox [163 x 220 from (281, 120)] quality: 0.461956
I1014 15:43:36.772953  9402 work_recog.hpp:96] Recog pair: [232 x 288 from (248, 72)], [163 x 220 from (33, 48)]
I1014 15:43:36.773653  9403 thread_intergrate.hpp:188] T-Intergrate-intergrate Show face :0, size :640 * 360
I1014 15:43:36.774245  9399 demo_inner.hpp:435] thread [SORT-0]  frame id 165 sorting queue size 0   FPS: 28.4648
I1014 15:43:36.774319  9398 demo_inner.hpp:260]  gui queue size 0, state = running
I1014 15:43:36.790555  9402 work_thread.hpp:81]  [T-Work-Recog_1] Run work: WorkCompare
I1014 15:43:36.791016  9402 work_compare.cpp:76] Compare face: 0 successed, similarity :0.997227, name : images/ThangLMb.jpg, normal size : 1548 * 1719!
I1014 15:43:36.793983  9397 demo_inner.hpp:177] decode queue size 0
I1014 15:43:36.794086  9400 work_thread.hpp:81]  [T-Work-Detect_0] Run work: WorkDetect
I1014 15:43:36.794122  9400 work_detect.cpp:102] Succeeded to add det start for frame 166
I1014 15:43:36.801913  9400 work_detect.cpp:70] Frame :166 detect result :1 face(s)
I1014 15:43:36.801965  9400 work_detect.cpp:86] Detected bbox: [165 x 223 from (284, 122)]
I1014 15:43:36.802009  9400 work_detect.cpp:120] Succeeded to add det end for frame 166
I1014 15:43:36.802026  9400 work_thread.hpp:81]  [T-Work-Detect_0] Run work: WrokTrack
I1014 15:43:36.802058  9400 work_track.cpp:82] Frame: 166 build input_characts: [0.257812 x 0.619444 from (0.44375, 0.338889)], 1.00019, 0
I1014 15:43:36.802114  9400 work_track.cpp:102] Succeeded to set track lock for frame 166
I1014 15:43:36.802176  9400 work_track.cpp:116] Succeeded to release track lock for frame 166
I1014 15:43:36.802192  9400 work_track.cpp:120] Track results of frame 166: 1 objects input, 1 objects tracked!
I1014 15:43:36.802211  9400 work_track.cpp:148] Frame: 166, track bbox: [165 x 223 from (282.272, 120.605)], gid: 0, lid: 0
I1014 15:43:36.802247  9400 work_thread.hpp:87]  [T-Work-Detect_0] Frame :166 split
I1014 15:43:36.802372  9400 work_thread.hpp:120]  [T-Work-Detect_0] Valid piece: gid = 0
I1014 15:43:36.802489  9400 work_thread.hpp:91]  [T-Work-Detect_0] Push to split queue:recog
I1014 15:43:36.802533  9403 thread_intergrate.hpp:78] [T-Intergrate-intergrate] queue: frame output frame :166
I1014 15:43:36.802536  9401 work_thread.hpp:81]  [T-Work-Recog_0] Run work: WorkCapture
I1014 15:43:36.802559  9403 thread_intergrate.hpp:85] [T-Intergrate-intergrate] queue: compare output face:0
