I1012 15:58:25.795181  8544 demo_inner.hpp:177] decode queue size 0
I1012 15:58:25.795282  8547 work_thread.hpp:81]  [T-Work-Detect_0] Run work: WorkDetect
I1012 15:58:25.795320  8547 work_detect.cpp:102] Succeeded to add det start for frame 20
I1012 15:58:25.802206  8547 work_detect.cpp:70] Frame :20 detect result :1 face(s)
I1012 15:58:25.802238  8547 work_detect.cpp:86] Detected bbox: [175 x 222 from (215, 31)]
I1012 15:58:25.802278  8547 work_detect.cpp:120] Succeeded to add det end for frame 20
I1012 15:58:25.802294  8547 work_thread.hpp:81]  [T-Work-Detect_0] Run work: WrokTrack
I1012 15:58:25.802317  8547 work_track.cpp:82] Frame: 20 build input_characts: [0.273438 x 0.616667 from (0.335938, 0.0861111)], 1.00019, 0
I1012 15:58:25.802374  8547 work_track.cpp:102] Succeeded to set track lock for frame 20
I1012 15:58:25.802413  8547 work_track.cpp:116] Succeeded to release track lock for frame 20
I1012 15:58:25.802428  8547 work_track.cpp:120] Track results of frame 20: 1 objects input, 1 objects tracked!
I1012 15:58:25.802445  8547 work_track.cpp:148] Frame: 20, track bbox: [175 x 222 from (210.71, 30.8343)], gid: 0, lid: 0
I1012 15:58:25.802480  8547 work_thread.hpp:88]  [T-Work-Detect_0] Frame :20 split
I1012 15:58:25.802497  8547 work_thread.hpp:120]  [T-Work-Detect_0] Valid piece: gid = 0
I1012 15:58:25.802515  8547 work_thread.hpp:92]  [T-Work-Detect_0] Push to split queue:recog
I1012 15:58:25.802561  8549 work_thread.hpp:81]  [T-Work-Recog_1] Run work: WorkCapture
I1012 15:58:25.802855  8550 thread_intergrate.hpp:78] [T-Intergrate-intergrate] queue: frame output frame :20
I1012 15:58:25.802882  8550 thread_intergrate.hpp:85] [T-Intergrate-intergrate] queue: compare output face:0
I1012 15:58:25.802902  8550 thread_intergrate.hpp:134] T-Intergrate-intergrate set matched face: 0
I1012 15:58:25.803097  8549 work_thread.hpp:81]  [T-Work-Recog_1] Run work: WorkRecog
I1012 15:58:25.803120  8549 work_recog.hpp:89] Face id: 0 will run recog: bbox [175 x 222 from (215, 31)] quality: 0.475021
I1012 15:58:25.803146  8549 work_recog.hpp:96] Recog pair: [256 x 312 from (176, 0)], [175 x 222 from (39, 31)]
I1012 15:58:25.804064  8550 thread_intergrate.hpp:154] T-Intergrate-intergrate Show face :0, size :640 * 360
I1012 15:58:25.804625  8546 demo_inner.hpp:435] thread [SORT-0]  frame id 20 sorting queue size 0   FPS: 14.9489
I1012 15:58:25.804699  8545 demo_inner.hpp:260]  gui queue size 0, state = running
I1012 15:58:25.820855  8549 work_thread.hpp:81]  [T-Work-Recog_1] Run work: WorkCompare
I1012 15:58:25.820997  8549 work_compare.cpp:76] Compare face: 0 successed, similarity :0.990323, name : images/thanglmb.jpg, normal size : 640 * 360!
I1012 15:58:25.915289  8544 demo_inner.hpp:177] decode queue size 0
I1012 15:58:25.915385  8547 work_thread.hpp:81]  [T-Work-Detect_0] Run work: WorkDetect
I1012 15:58:25.915422  8547 work_detect.cpp:102] Succeeded to add det start for frame 21
I1012 15:58:25.922304  8547 work_detect.cpp:70] Frame :21 detect result :1 face(s)
I1012 15:58:25.922340  8547 work_detect.cpp:86] Detected bbox: [175 x 225 from (215, 31)]
I1012 15:58:25.922380  8547 work_detect.cpp:120] Succeeded to add det end for frame 21
I1012 15:58:25.922396  8547 work_thread.hpp:81]  [T-Work-Detect_0] Run work: WrokTrack
I1012 15:58:25.922420  8547 work_track.cpp:82] Frame: 21 build input_characts: [0.273438 x 0.625 from (0.335938, 0.0861111)], 1.00019, 0
I1012 15:58:25.922477  8547 work_track.cpp:102] Succeeded to set track lock for frame 21
I1012 15:58:25.922592  8547 work_track.cpp:116] Succeeded to release track lock for frame 21
I1012 15:58:25.922608  8547 work_track.cpp:120] Track results of frame 21: 1 objects input, 1 objects tracked!
I1012 15:58:25.922626  8547 work_track.cpp:148] Frame: 21, track bbox: [175 x 225 from (212.613, 30.6889)], gid: 0, lid: 0
I1012 15:58:25.922662  8547 work_thread.hpp:88]  [T-Work-Detect_0] Frame :21 split
I1012 15:58:25.922679  8547 work_thread.hpp:120]  [T-Work-Detect_0] Valid piece: gid = 0
I1012 15:58:25.922698  8547 work_thread.hpp:92]  [T-Work-Detect_0] Push to split queue:recog
I1012 15:58:25.922737  8548 work_thread.hpp:81]  [T-Work-Recog_0] Run work: WorkCapture
I1012 15:58:25.922742  8550 thread_intergrate.hpp:78] [T-Intergrate-intergrate] queue: frame output frame :21
I1012 15:58:25.922772  8550 thread_intergrate.hpp:85] [T-Intergrate-intergrate] queue: compare output face:0
I1012 15:58:25.922791  8550 thread_intergrate.hpp:134] T-Intergrate-intergrate set matched face: 0
I1012 15:58:25.923280  8548 work_thread.hpp:81]  [T-Work-Recog_0] Run work: WorkRecog
I1012 15:58:25.923305  8548 work_recog.hpp:89] Face id: 0 will run recog: bbox [175 x 225 from (215, 31)] quality: 0.476108
I1012 15:58:25.923331  8548 work_recog.hpp:96] Recog pair: [256 x 320 from (176, 0)], [175 x 225 from (39, 31)]
I1012 15:58:25.923950  8550 thread_intergrate.hpp:154] T-Intergrate-intergrate Show face :0, size :640 * 360
I1012 15:58:25.924422  8546 demo_inner.hpp:435] thread [SORT-0]  frame id 21 sorting queue size 0   FPS: 14.3781
I1012 15:58:25.924490  8545 demo_inner.hpp:260]  gui queue size 0, state = running
I1012 15:58:25.941048  8548 work_thread.hpp:81]  [T-Work-Recog_0] Run work: WorkCompare
I1012 15:58:25.941159  8548 work_compare.cpp:76] Compare face: 0 successed, similarity :0.994246, name : images/thanglmb.jpg, normal size : 640 * 360!
I1012 15:58:26.035205  8544 demo_inner.hpp:177] decode queue size 0
I1012 15:58:26.035297  8547 work_thread.hpp:81]  [T-Work-Detect_0] Run work: WorkDetect
I1012 15:58:26.035334  8547 work_detect.cpp:102] Succeeded to add det start for frame 22
I1012 15:58:26.042208  8547 work_detect.cpp:70] Frame :22 detect result :2 face(s)
I1012 15:58:26.042243  8547 work_detect.cpp:86] Detected bbox: [174 x 220 from (217, 38)]
I1012 15:58:26.042273  8547 work_detect.cpp:86] Detected bbox: [94 x 110 from (274, 137)]
I1012 15:58:26.042304  8547 work_detect.cpp:120] Succeeded to add det end for frame 22
I1012 15:58:26.042320  8547 work_thread.hpp:81]  [T-Work-Detect_0] Run work: WrokTrack
I1012 15:58:26.042343  8547 work_track.cpp:82] Frame: 22 build input_characts: [0.271875 x 0.611111 from (0.339063, 0.105556)], 1.00019, 0
I1012 15:58:26.042397  8547 work_track.cpp:82] Frame: 22 build input_characts: [0.146875 x 0.305556 from (0.428125, 0.380556)], 0.905415, 1
I1012 15:58:26.042436  8547 work_track.cpp:102] Succeeded to set track lock for frame 22
I1012 15:58:26.042481  8547 work_track.cpp:116] Succeeded to release track lock for frame 22
I1012 15:58:26.042496  8547 work_track.cpp:120] Track results of frame 22: 2 objects input, 1 objects tracked!
I1012 15:58:26.042515  8547 work_track.cpp:148] Frame: 22, track bbox: [174 x 220 from (215.799, 35.3389)], gid: 0, lid: 0
I1012 15:58:26.042548  8547 work_track.cpp:162] Frame: 22 lid: 1 not tracked, will set invalid
I1012 15:58:26.042564  8547 work_thread.hpp:88]  [T-Work-Detect_0] Frame :22 split
I1012 15:58:26.042610  8547 work_thread.hpp:120]  [T-Work-Detect_0] Valid piece: gid = 0
I1012 15:58:26.042630  8547 work_thread.hpp:124]  [T-Work-Detect_0] Invalid piece: lid = 1, drop it
I1012 15:58:26.042645  8547 work_thread.hpp:92]  [T-Work-Detect_0] Push to split queue:recog
I1012 15:58:26.042680  8548 work_thread.hpp:81]  [T-Work-Recog_0] Run work: WorkCapture
I1012 15:58:26.042690  8550 thread_intergrate.hpp:78] [T-Intergrate-intergrate] queue: frame output frame :22
I1012 15:58:26.042719  8550 thread_intergrate.hpp:85] [T-Intergrate-intergrate] queue: compare output face:0
I1012 15:58:26.042738  8550 thread_intergrate.hpp:134] T-Intergrate-intergrate set matched face: 0
I1012 15:58:26.043220  8548 work_thread.hpp:81]  [T-Work-Recog_0] Run work: WorkRecog
I1012 15:58:26.043243  8548 work_recog.hpp:89] Face id: 0 will run recog: bbox [174 x 220 from (217, 38)] quality: 0.4705
I1012 15:58:26.043270  8548 work_recog.hpp:96] Recog pair: [256 x 312 from (176, 0)], [174 x 220 from (41, 38)]
I1012 15:58:26.043973  8550 thread_intergrate.hpp:154] T-Intergrate-intergrate Show face :0, size :640 * 360
I1012 15:58:26.044554  8546 demo_inner.hpp:435] thread [SORT-0]  frame id 22 sorting queue size 0   FPS: 13.8981
I1012 15:58:26.044627  8545 demo_inner.hpp:260]  gui queue size 0, state = running
I1012 15:58:26.060973  8548 work_thread.hpp:81]  [T-Work-Recog_0] Run work: WorkCompare
I1012 15:58:26.061082  8548 work_compare.cpp:76] Compare face: 0 successed, similarity :0.977378, name : images/thanglmb.jpg, normal size : 640 * 360!
I1012 15:58:26.155241  8544 demo_inner.hpp:177] decode queue size 0
I1012 15:58:26.155334  8547 work_thread.hpp:81]  [T-Work-Detect_0] Run work: WorkDetect
I1012 15:58:26.155370  8547 work_detect.cpp:102] Succeeded to add det start for frame 23
I1012 15:58:26.162312  8547 work_detect.cpp:70] Frame :23 detect result :1 face(s)
I1012 15:58:26.162348  8547 work_detect.cpp:86] Detected bbox: [179 x 227 from (207, 33)]
I1012 15:58:26.162389  8547 work_detect.cpp:120] Succeeded to add det end for frame 23
I1012 15:58:26.162405  8547 work_thread.hpp:81]  [T-Work-Detect_0] Run work: WrokTrack
I1012 15:58:26.162428  8547 work_track.cpp:82] Frame: 23 build input_characts: [0.279687 x 0.630556 from (0.323438, 0.0916667)], 1.00019, 0
I1012 15:58:26.162485  8547 work_track.cpp:102] Succeeded to set track lock for frame 23
I1012 15:58:26.162544  8547 work_track.cpp:116] Succeeded to release track lock for frame 23
I1012 15:58:26.162559  8547 work_track.cpp:120] Track results of frame 23: 1 objects input, 1 objects tracked!
I1012 15:58:26.162577  8547 work_track.cpp:148] Frame: 23, track bbox: [179 x 227 from (211.232, 32.9547)], gid: 0, lid: 0
I1012 15:58:26.162612  8547 work_thread.hpp:88]  [T-Work-Detect_0] Frame :23 split
I1012 15:58:26.162629  8547 work_thread.hpp:120]  [T-Work-Detect_0] Valid piece: gid = 0
I1012 15:58:26.162647  8547 work_thread.hpp:92]  [T-Work-Detect_0] Push to split queue:recog
I1012 15:58:26.162701  8549 work_thread.hpp:81]  [T-Work-Recog_1] Run work: WorkCapture
I1012 15:58:26.162992  8550 thread_intergrate.hpp:78] [T-Intergrate-intergrate] queue: frame output frame :23
I1012 15:58:26.163020  8550 thread_intergrate.hpp:85] [T-Intergrate-intergrate] queue: compare output face:0
I1012 15:58:26.163039  8550 thread_intergrate.hpp:134] T-Intergrate-intergrate set matched face: 0
I1012 15:58:26.163236  8549 work_thread.hpp:81]  [T-Work-Recog_1] Run work: WorkRecog
I1012 15:58:26.163259  8549 work_recog.hpp:89] Face id: 0 will run recog: bbox [179 x 227 from (207, 33)] quality: 0.481581
I1012 15:58:26.163285  8549 work_recog.hpp:96] Recog pair: [256 x 320 from (168, 0)], [179 x 227 from (39, 33)]
I1012 15:58:26.164198  8550 thread_intergrate.hpp:154] T-Intergrate-intergrate Show face :0, size :640 * 360
I1012 15:58:26.164736  8546 demo_inner.hpp:435] thread [SORT-0]  frame id 23 sorting queue size 0   FPS: 13.4804
I1012 15:58:26.164803  8545 demo_inner.hpp:260]  gui queue size 0, state = running
I1012 15:58:26.181138  8549 work_thread.hpp:81]  [T-Work-Recog_1] Run work: WorkCompare
I1012 15:58:26.181272  8549 work_compare.cpp:76] Compare face: 0 successed, similarity :0.993237, name : images/thanglmb.jpg, normal size : 640 * 360!
I1012 15:58:26.275221  8544 demo_inner.hpp:177] decode queue size 0
I1012 15:58:26.275321  8547 work_thread.hpp:81]  [T-Work-Detect_0] Run work: WorkDetect
I1012 15:58:26.275358  8547 work_detect.cpp:102] Succeeded to add det start for frame 24
I1012 15:58:26.282361  8547 work_detect.cpp:70] Frame :24 detect result :1 face(s)
I1012 15:58:26.282398  8547 work_detect.cpp:86] Detected bbox: [180 x 225 from (211, 30)]
I1012 15:58:26.282439  8547 work_detect.cpp:120] Succeeded to add det end for frame 24
I1012 15:58:26.282455  8547 work_thread.hpp:81]  [T-Work-Detect_0] Run work: WrokTrack
I1012 15:58:26.282560  8547 work_track.cpp:82] Frame: 24 build input_characts: [0.28125 x 0.625 from (0.329688, 0.0833333)], 1.00019, 0
I1012 15:58:26.282618  8547 work_track.cpp:102] Succeeded to set track lock for frame 24
I1012 15:58:26.282677  8547 work_track.cpp:116] Succeeded to release track lock for frame 24
I1012 15:58:26.282692  8547 work_track.cpp:120] Track results of frame 24: 1 objects input, 1 objects tracked!
I1012 15:58:26.282711  8547 work_track.cpp:148] Frame: 24, track bbox: [180 x 225 from (210.367, 33.1501)], gid: 0, lid: 0
I1012 15:58:26.282747  8547 work_thread.hpp:88]  [T-Work-Detect_0] Frame :24 split
I1012 15:58:26.282763  8547 work_thread.hpp:120]  [T-Work-Detect_0] Valid piece: gid = 0
I1012 15:58:26.282781  8547 work_thread.hpp:92]  [T-Work-Detect_0] Push to split queue:recog
I1012 15:58:26.282825  8549 work_thread.hpp:81]  [T-Work-Recog_1] Run work: WorkCapture
I1012 15:58:26.283120  8550 thread_intergrate.hpp:78] [T-Intergrate-intergrate] queue: frame output frame :24
I1012 15:58:26.283149  8550 thread_intergrate.hpp:85] [T-Intergrate-intergrate] queue: compare output face:0
I1012 15:58:26.283166  8550 thread_intergrate.hpp:134] T-Intergrate-intergrate set matched face: 0
I1012 15:58:26.283363  8549 work_thread.hpp:81]  [T-Work-Recog_1] Run work: WorkRecog
I1012 15:58:26.283386  8549 work_recog.hpp:89] Face id: 0 will run recog: bbox [180 x 225 from (211, 30)] quality: 0.4705
I1012 15:58:26.283412  8549 work_recog.hpp:96] Recog pair: [264 x 320 from (168, 0)], [180 x 225 from (43, 30)]
I1012 15:58:26.284341  8550 thread_intergrate.hpp:154] T-Intergrate-intergrate Show face :0, size :640 * 360
I1012 15:58:26.284795  8546 demo_inner.hpp:435] thread [SORT-0]  frame id 24 sorting queue size 0   FPS: 13.1279
I1012 15:58:26.284864  8545 demo_inner.hpp:260]  gui queue size 0, state = running
I1012 15:58:26.301192  8549 work_thread.hpp:81]  [T-Work-Recog_1] Run work: WorkCompare
I1012 15:58:26.301311  8549 work_compare.cpp:76] Compare face: 0 successed, similarity :0.987028, name : images/thanglmb.jpg, normal size : 640 * 360!
I1012 15:58:26.395133  8544 demo_inner.hpp:177] decode queue size 0
I1012 15:58:26.395229  8547 work_thread.hpp:81]  [T-Work-Detect_0] Run work: WorkDetect
I1012 15:58:26.395265  8547 work_detect.cpp:102] Succeeded to add det start for frame 25
I1012 15:58:26.402247  8547 work_detect.cpp:70] Frame :25 detect result :1 face(s)
I1012 15:58:26.402288  8547 work_detect.cpp:86] Detected bbox: [188 x 236 from (211, 25)]
I1012 15:58:26.402330  8547 work_detect.cpp:120] Succeeded to add det end for frame 25
I1012 15:58:26.402346  8547 work_thread.hpp:81]  [T-Work-Detect_0] Run work: WrokTrack
I1012 15:58:26.402370  8547 work_track.cpp:82] Frame: 25 build input_characts: [0.29375 x 0.655556 from (0.329688, 0.0694444)], 1.00019, 0
I1012 15:58:26.402427  8547 work_track.cpp:102] Succeeded to set track lock for frame 25
I1012 15:58:26.402467  8547 work_track.cpp:116] Succeeded to release track lock for frame 25
I1012 15:58:26.402480  8547 work_track.cpp:120] Track results of frame 25: 1 objects input, 1 objects tracked!
I1012 15:58:26.402498  8547 work_track.cpp:148] Frame: 25, track bbox: [188 x 236 from (207.954, 26.2848)], gid: 0, lid: 0
I1012 15:58:26.402532  8547 work_thread.hpp:88]  [T-Work-Detect_0] Frame :25 split
I1012 15:58:26.402550  8547 work_thread.hpp:120]  [T-Work-Detect_0] Valid piece: gid = 0
I1012 15:58:26.402568  8547 work_thread.hpp:92]  [T-Work-Detect_0] Push to split queue:recog
I1012 15:58:26.402611  8548 work_thread.hpp:81]  [T-Work-Recog_0] Run work: WorkCapture
I1012 15:58:26.402613  8550 thread_intergrate.hpp:78] [T-Intergrate-intergrate] queue: frame output frame :25
I1012 15:58:26.402653  8550 thread_intergrate.hpp:85] [T-Intergrate-intergrate] queue: compare output face:0
I1012 15:58:26.402673  8550 thread_intergrate.hpp:134] T-Intergrate-intergrate set matched face: 0
I1012 15:58:26.403163  8548 work_thread.hpp:81]  [T-Work-Recog_0] Run work: WorkRecog
I1012 15:58:26.403187  8548 work_recog.hpp:89] Face id: 0 will run recog: bbox [188 x 236 from (211, 25)] quality: 0.478765
I1012 15:58:26.403295  8548 work_recog.hpp:96] Recog pair: [272 x 336 from (168, 0)], [188 x 236 from (43, 25)]
I1012 15:58:26.403831  8550 thread_intergrate.hpp:154] T-Intergrate-intergrate Show face :0, size :640 * 360
I1012 15:58:26.404366  8546 demo_inner.hpp:435] thread [SORT-0]  frame id 25 sorting queue size 0   FPS: 12.8274
I1012 15:58:26.404438  8545 demo_inner.hpp:260]  gui queue size 0, state = running
I1012 15:58:26.421069  8548 work_thread.hpp:81]  [T-Work-Recog_0] Run work: WorkCompare
I1012 15:58:26.421180  8548 work_compare.cpp:76] Compare face: 0 successed, similarity :0.987663, name : images/thanglmb.jpg, normal size : 640 * 360!
I1012 15:58:26.515156  8544 demo_inner.hpp:177] decode queue size 0
I1012 15:58:26.515251  8547 work_thread.hpp:81]  [T-Work-Detect_0] Run work: WorkDetect
I1012 15:58:26.515290  8547 work_detect.cpp:102] Succeeded to add det start for frame 26
I1012 15:58:26.522207  8547 work_detect.cpp:70] Frame :26 detect result :1 face(s)
I1012 15:58:26.522243  8547 work_detect.cpp:86] Detected bbox: [186 x 233 from (214, 49)]
I1012 15:58:26.522284  8547 work_detect.cpp:120] Succeeded to add det end for frame 26
I1012 15:58:26.522300  8547 work_thread.hpp:81]  [T-Work-Detect_0] Run work: WrokTrack
I1012 15:58:26.522325  8547 work_track.cpp:82] Frame: 26 build input_characts: [0.290625 x 0.647222 from (0.334375, 0.136111)], 1.00019, 0
I1012 15:58:26.522378  8547 work_track.cpp:102] Succeeded to set track lock for frame 26
I1012 15:58:26.522418  8547 work_track.cpp:116] Succeeded to release track lock for frame 26
I1012 15:58:26.522433  8547 work_track.cpp:120] Track results of frame 26: 1 objects input, 1 objects tracked!
I1012 15:58:26.522449  8547 work_track.cpp:148] Frame: 26, track bbox: [186 x 233 from (211.814, 38.1684)], gid: 0, lid: 0
I1012 15:58:26.522485  8547 work_thread.hpp:88]  [T-Work-Detect_0] Frame :26 split
I1012 15:58:26.522502  8547 work_thread.hpp:120]  [T-Work-Detect_0] Valid piece: gid = 0
I1012 15:58:26.522521  8547 work_thread.hpp:92]  [T-Work-Detect_0] Push to split queue:recog
I1012 15:58:26.522575  8549 work_thread.hpp:81]  [T-Work-Recog_1] Run work: WorkCapture
I1012 15:58:26.522864  8550 thread_intergrate.hpp:78] [T-Intergrate-intergrate] queue: frame output frame :26
I1012 15:58:26.522893  8550 thread_intergrate.hpp:85] [T-Intergrate-intergrate] queue: compare output face:0
I1012 15:58:26.522912  8550 thread_intergrate.hpp:134] T-Intergrate-intergrate set matched face: 0
I1012 15:58:26.523104  8549 work_thread.hpp:81]  [T-Work-Recog_1] Run work: WorkRecog
I1012 15:58:26.523128  8549 work_recog.hpp:89] Face id: 0 will run recog: bbox [186 x 233 from (214, 49)] quality: 0.444481
I1012 15:58:26.523154  8549 work_recog.hpp:96] Recog pair: [264 x 328 from (176, 0)], [186 x 233 from (38, 49)]
I1012 15:58:26.524075  8550 thread_intergrate.hpp:154] T-Intergrate-intergrate Show face :0, size :640 * 360
I1012 15:58:26.524583  8546 demo_inner.hpp:435] thread [SORT-0]  frame id 26 sorting queue size 0   FPS: 12.5502
I1012 15:58:26.524650  8545 demo_inner.hpp:260]  gui queue size 0, state = running
I1012 15:58:26.540665  8549 work_thread.hpp:81]  [T-Work-Recog_1] Run work: WorkCompare
I1012 15:58:26.540745  8549 work_compare.cpp:76] Compare face: 0 successed, similarity :0.984263, name : images/thanglmb.jpg, normal size : 640 * 360!
I1012 15:58:26.635216  8544 demo_inner.hpp:177] decode queue size 0
I1012 15:58:26.635313  8547 work_thread.hpp:81]  [T-Work-Detect_0] Run work: WorkDetect
I1012 15:58:26.635349  8547 work_detect.cpp:102] Succeeded to add det start for frame 27
I1012 15:58:26.642243  8547 work_detect.cpp:70] Frame :27 detect result :1 face(s)
I1012 15:58:26.642277  8547 work_detect.cpp:86] Detected bbox: [176 x 217 from (236, 39)]
I1012 15:58:26.642316  8547 work_detect.cpp:120] Succeeded to add det end for frame 27
I1012 15:58:26.642333  8547 work_thread.hpp:81]  [T-Work-Detect_0] Run work: WrokTrack
I1012 15:58:26.642356  8547 work_track.cpp:82] Frame: 27 build input_characts: [0.275 x 0.602778 from (0.36875, 0.108333)], 1.00019, 0
I1012 15:58:26.642488  8547 work_track.cpp:102] Succeeded to set track lock for frame 27
I1012 15:58:26.642529  8547 work_track.cpp:116] Succeeded to release track lock for frame 27
I1012 15:58:26.642544  8547 work_track.cpp:120] Track results of frame 27: 1 objects input, 1 objects tracked!
I1012 15:58:26.642561  8547 work_track.cpp:148] Frame: 27, track bbox: [176 x 217 from (227.918, 44.2611)], gid: 0, lid: 0
I1012 15:58:26.642598  8547 work_thread.hpp:88]  [T-Work-Detect_0] Frame :27 split
I1012 15:58:26.642616  8547 work_thread.hpp:120]  [T-Work-Detect_0] Valid piece: gid = 0
I1012 15:58:26.642634  8547 work_thread.hpp:92]  [T-Work-Detect_0] Push to split queue:recog
I1012 15:58:26.642678  8549 work_thread.hpp:81]  [T-Work-Recog_1] Run work: WorkCapture
I1012 15:58:26.642971  8550 thread_intergrate.hpp:78] [T-Intergrate-intergrate] queue: frame output frame :27
I1012 15:58:26.642998  8550 thread_intergrate.hpp:85] [T-Intergrate-intergrate] queue: compare output face:0
I1012 15:58:26.643018  8550 thread_intergrate.hpp:134] T-Intergrate-intergrate set matched face: 0
I1012 15:58:26.643213  8549 work_thread.hpp:81]  [T-Work-Recog_1] Run work: WorkRecog
I1012 15:58:26.643236  8549 work_recog.hpp:89] Face id: 0 will run recog: bbox [176 x 217 from (236, 39)] quality: 0.454971
I1012 15:58:26.643263  8549 work_recog.hpp:96] Recog pair: [248 x 304 from (200, 0)], [176 x 217 from (36, 39)]
I1012 15:58:26.644181  8550 thread_intergrate.hpp:154] T-Intergrate-intergrate Show face :0, size :640 * 360
I1012 15:58:26.644704  8546 demo_inner.hpp:435] thread [SORT-0]  frame id 27 sorting queue size 0   FPS: 12.3106
I1012 15:58:26.644775  8545 demo_inner.hpp:260]  gui queue size 0, state = running
I1012 15:58:26.660776  8549 work_thread.hpp:81]  [T-Work-Recog_1] Run work: WorkCompare
I1012 15:58:26.660856  8549 work_compare.cpp:76] Compare face: 0 successed, similarity :0.992019, name : images/thanglmb.jpg, normal size : 640 * 360!
I1012 15:58:26.755164  8544 demo_inner.hpp:177] decode queue size 0
I1012 15:58:26.755264  8547 work_thread.hpp:81]  [T-Work-Detect_0] Run work: WorkDetect
I1012 15:58:26.755300  8547 work_detect.cpp:102] Succeeded to add det start for frame 28
I1012 15:58:26.762233  8547 work_detect.cpp:70] Frame :28 detect result :1 face(s)
I1012 15:58:26.762269  8547 work_detect.cpp:86] Detected bbox: [176 x 216 from (243, 61)]
I1012 15:58:26.762308  8547 work_detect.cpp:120] Succeeded to add det end for frame 28
I1012 15:58:26.762324  8547 work_thread.hpp:81]  [T-Work-Detect_0] Run work: WrokTrack
I1012 15:58:26.762348  8547 work_track.cpp:82] Frame: 28 build input_characts: [0.275 x 0.6 from (0.379687, 0.169444)], 0.99799, 0
I1012 15:58:26.762403  8547 work_track.cpp:102] Succeeded to set track lock for frame 28
I1012 15:58:26.762442  8547 work_track.cpp:116] Succeeded to release track lock for frame 28
I1012 15:58:26.762456  8547 work_track.cpp:120] Track results of frame 28: 1 objects input, 1 objects tracked!
I1012 15:58:26.762475  8547 work_track.cpp:148] Frame: 28, track bbox: [176 x 216 from (240.139, 55.0381)], gid: 0, lid: 0
I1012 15:58:26.762508  8547 work_thread.hpp:88]  [T-Work-Detect_0] Frame :28 split
I1012 15:58:26.762526  8547 work_thread.hpp:120]  [T-Work-Detect_0] Valid piece: gid = 0
I1012 15:58:26.762543  8547 work_thread.hpp:92]  [T-Work-Detect_0] Push to split queue:recog
I1012 15:58:26.762585  8548 work_thread.hpp:81]  [T-Work-Recog_0] Run work: WorkCapture
I1012 15:58:26.762588  8550 thread_intergrate.hpp:78] [T-Intergrate-intergrate] queue: frame output frame :28
I1012 15:58:26.762629  8550 thread_intergrate.hpp:85] [T-Intergrate-intergrate] queue: compare output face:0
I1012 15:58:26.762647  8550 thread_intergrate.hpp:134] T-Intergrate-intergrate set matched face: 0
I1012 15:58:26.763126  8548 work_thread.hpp:81]  [T-Work-Recog_0] Run work: WorkRecog
I1012 15:58:26.763149  8548 work_recog.hpp:89] Face id: 0 will run recog: bbox [176 x 216 from (243, 61)] quality: 0.444967
I1012 15:58:26.763177  8548 work_recog.hpp:96] Recog pair: [248 x 304 from (208, 16)], [176 x 216 from (35, 45)]
I1012 15:58:26.763808  8550 thread_intergrate.hpp:154] T-Intergrate-intergrate Show face :0, size :640 * 360
I1012 15:58:26.764262  8546 demo_inner.hpp:435] thread [SORT-0]  frame id 28 sorting queue size 0   FPS: 11.9048
I1012 15:58:26.764362  8545 demo_inner.hpp:260]  gui queue size 0, state = running
I1012 15:58:26.780920  8548 work_thread.hpp:81]  [T-Work-Recog_0] Run work: WorkCompare
I1012 15:58:26.781028  8548 work_compare.cpp:76] Compare face: 0 successed, similarity :0.984725, name : images/thanglmb.jpg, normal size : 640 * 360!
I1012 15:58:26.875341  8544 demo_inner.hpp:177] decode queue size 0
I1012 15:58:26.875437  8547 work_thread.hpp:81]  [T-Work-Detect_0] Run work: WorkDetect
I1012 15:58:26.875474  8547 work_detect.cpp:102] Succeeded to add det start for frame 29
I1012 15:58:26.882390  8547 work_detect.cpp:70] Frame :29 detect result :1 face(s)
I1012 15:58:26.882427  8547 work_detect.cpp:86] Detected bbox: [202 x 249 from (211, 24)]
I1012 15:58:26.882468  8547 work_detect.cpp:120] Succeeded to add det end for frame 29
I1012 15:58:26.882484  8547 work_thread.hpp:81]  [T-Work-Detect_0] Run work: WrokTrack
I1012 15:58:26.882508  8547 work_track.cpp:82] Frame: 29 build input_characts: [0.315625 x 0.691667 from (0.329688, 0.0666667)], 1.00019, 0
I1012 15:58:26.882565  8547 work_track.cpp:102] Succeeded to set track lock for frame 29
I1012 15:58:26.882603  8547 work_track.cpp:116] Succeeded to release track lock for frame 29
I1012 15:58:26.882617  8547 work_track.cpp:120] Track results of frame 29: 1 objects input, 1 objects tracked!
I1012 15:58:26.882635  8547 work_track.cpp:148] Frame: 29, track bbox: [202 x 249 from (223.027, 34.5991)], gid: 0, lid: 0
I1012 15:58:26.882670  8547 work_thread.hpp:88]  [T-Work-Detect_0] Frame :29 split
I1012 15:58:26.882688  8547 work_thread.hpp:120]  [T-Work-Detect_0] Valid piece: gid = 0
I1012 15:58:26.882705  8547 work_thread.hpp:92]  [T-Work-Detect_0] Push to split queue:recog
I1012 15:58:26.882743  8548 work_thread.hpp:81]  [T-Work-Recog_0] Run work: WorkCapture
I1012 15:58:26.882751  8550 thread_intergrate.hpp:78] [T-Intergrate-intergrate] queue: frame output frame :29
I1012 15:58:26.882781  8550 thread_intergrate.hpp:85] [T-Intergrate-intergrate] queue: compare output face:0
I1012 15:58:26.882799  8550 thread_intergrate.hpp:134] T-Intergrate-intergrate set matched face: 0
I1012 15:58:26.883296  8548 work_thread.hpp:81]  [T-Work-Recog_0] Run work: WorkRecog
I1012 15:58:26.883318  8548 work_recog.hpp:89] Face id: 0 will run recog: bbox [202 x 249 from (211, 24)] quality: 0.445649
I1012 15:58:26.883345  8548 work_recog.hpp:96] Recog pair: [288 x 352 from (168, 0)], [202 x 249 from (43, 24)]
I1012 15:58:26.883963  8550 thread_intergrate.hpp:154] T-Intergrate-intergrate Show face :0, size :640 * 360
I1012 15:58:26.884470  8546 demo_inner.hpp:435] thread [SORT-0]  frame id 29 sorting queue size 0   FPS: 11.5556
I1012 15:58:26.884539  8545 demo_inner.hpp:260]  gui queue size 0, state = running
I1012 15:58:26.900873  8548 work_thread.hpp:81]  [T-Work-Recog_0] Run work: WorkCompare
I1012 15:58:26.900962  8548 work_compare.cpp:76] Compare face: 0 successed, similarity :0.991135, name : images/thanglmb.jpg, normal size : 640 * 360!
I1012 15:58:26.995187  8544 demo_inner.hpp:177] decode queue size 0
I1012 15:58:26.995270  8547 work_thread.hpp:81]  [T-Work-Detect_0] Run work: WorkDetect
I1012 15:58:26.995306  8547 work_detect.cpp:102] Succeeded to add det start for frame 30
I1012 15:58:27.002148  8547 work_detect.cpp:70] Frame :30 detect result :1 face(s)
I1012 15:58:27.002182  8547 work_detect.cpp:86] Detected bbox: [203 x 247 from (211, 24)]
I1012 15:58:27.002221  8547 work_detect.cpp:120] Succeeded to add det end for frame 30
I1012 15:58:27.002238  8547 work_thread.hpp:81]  [T-Work-Detect_0] Run work: WrokTrack
I1012 15:58:27.002260  8547 work_track.cpp:82] Frame: 30 build input_characts: [0.317187 x 0.686111 from (0.329688, 0.0666667)], 1.00019, 0
I1012 15:58:27.002316  8547 work_track.cpp:102] Succeeded to set track lock for frame 30
I1012 15:58:27.002355  8547 work_track.cpp:116] Succeeded to release track lock for frame 30
I1012 15:58:27.002449  8547 work_track.cpp:120] Track results of frame 30: 1 objects input, 1 objects tracked!
I1012 15:58:27.002468  8547 work_track.cpp:148] Frame: 30, track bbox: [203 x 247 from (218.009, 29.5145)], gid: 0, lid: 0
I1012 15:58:27.002504  8547 work_thread.hpp:88]  [T-Work-Detect_0] Frame :30 split
I1012 15:58:27.002522  8547 work_thread.hpp:120]  [T-Work-Detect_0] Valid piece: gid = 0
I1012 15:58:27.002540  8547 work_thread.hpp:92]  [T-Work-Detect_0] Push to split queue:recog
I1012 15:58:27.002581  8549 work_thread.hpp:81]  [T-Work-Recog_1] Run work: WorkCapture
I1012 15:58:27.002586  8550 thread_intergrate.hpp:78] [T-Intergrate-intergrate] queue: frame output frame :30
I1012 15:58:27.002615  8550 thread_intergrate.hpp:85] [T-Intergrate-intergrate] queue: compare output face:0
I1012 15:58:27.002635  8550 thread_intergrate.hpp:134] T-Intergrate-intergrate set matched face: 0
I1012 15:58:27.003123  8549 work_thread.hpp:81]  [T-Work-Recog_1] Run work: WorkRecog
I1012 15:58:27.003146  8549 work_recog.hpp:89] Face id: 0 will run recog: bbox [203 x 247 from (211, 24)] quality: 0.411977
I1012 15:58:27.003173  8549 work_recog.hpp:96] Recog pair: [288 x 352 from (168, 0)], [203 x 247 from (43, 24)]
I1012 15:58:27.003799  8550 thread_intergrate.hpp:154] T-Intergrate-intergrate Show face :0, size :640 * 360
I1012 15:58:27.004199  8546 demo_inner.hpp:435] thread [SORT-0]  frame id 30 sorting queue size 0   FPS: 11.1972
I1012 15:58:27.004268  8545 demo_inner.hpp:260]  gui queue size 0, state = running
I1012 15:58:27.020925  8549 work_thread.hpp:81]  [T-Work-Recog_1] Run work: WorkCompare
I1012 15:58:27.021034  8549 work_compare.cpp:76] Compare face: 0 successed, similarity :0.994834, name : images/thanglmb.jpg, normal size : 640 * 360!
I1012 15:58:27.115197  8544 demo_inner.hpp:177] decode queue size 0
I1012 15:58:27.115293  8547 work_thread.hpp:81]  [T-Work-Detect_0] Run work: WorkDetect
I1012 15:58:27.115327  8547 work_detect.cpp:102] Succeeded to add det start for frame 31
I1012 15:58:27.122171  8547 work_detect.cpp:70] Frame :31 detect result :1 face(s)
I1012 15:58:27.122202  8547 work_detect.cpp:86] Detected bbox: [190 x 237 from (209, 32)]
I1012 15:58:27.122244  8547 work_detect.cpp:120] Succeeded to add det end for frame 31
I1012 15:58:27.122259  8547 work_thread.hpp:81]  [T-Work-Detect_0] Run work: WrokTrack
I1012 15:58:27.122282  8547 work_track.cpp:82] Frame: 31 build input_characts: [0.296875 x 0.658333 from (0.326562, 0.0888889)], 1.00035, 0
I1012 15:58:27.122339  8547 work_track.cpp:102] Succeeded to set track lock for frame 31
I1012 15:58:27.122380  8547 work_track.cpp:116] Succeeded to release track lock for frame 31
I1012 15:58:27.122395  8547 work_track.cpp:120] Track results of frame 31: 1 objects input, 1 objects tracked!
I1012 15:58:27.122412  8547 work_track.cpp:148] Frame: 31, track bbox: [190 x 237 from (215.201, 29.4352)], gid: 0, lid: 0
I1012 15:58:27.122447  8547 work_thread.hpp:88]  [T-Work-Detect_0] Frame :31 split
I1012 15:58:27.122464  8547 work_thread.hpp:120]  [T-Work-Detect_0] Valid piece: gid = 0
I1012 15:58:27.122483  8547 work_thread.hpp:92]  [T-Work-Detect_0] Push to split queue:recog
I1012 15:58:27.122519  8549 work_thread.hpp:81]  [T-Work-Recog_1] Run work: WorkCapture
I1012 15:58:27.122527  8550 thread_intergrate.hpp:78] [T-Intergrate-intergrate] queue: frame output frame :31
I1012 15:58:27.122555  8550 thread_intergrate.hpp:85] [T-Intergrate-intergrate] queue: compare output face:0
I1012 15:58:27.122575  8550 thread_intergrate.hpp:134] T-Intergrate-intergrate set matched face: 0
I1012 15:58:27.123072  8549 work_thread.hpp:81]  [T-Work-Recog_1] Run work: WorkRecog
I1012 15:58:27.123096  8549 work_recog.hpp:89] Face id: 0 will run recog: bbox [190 x 237 from (209, 32)] quality: 0.463266
I1012 15:58:27.123123  8549 work_recog.hpp:96] Recog pair: [272 x 336 from (168, 0)], [190 x 237 from (41, 32)]
I1012 15:58:27.123739  8550 thread_intergrate.hpp:154] T-Intergrate-intergrate Show face :0, size :640 * 360
I1012 15:58:27.124358  8546 demo_inner.hpp:435] thread [SORT-0]  frame id 31 sorting queue size 0   FPS: 10.8605
I1012 15:58:27.124428  8545 demo_inner.hpp:260]  gui queue size 0, state = running
I1012 15:58:27.140632  8549 work_thread.hpp:81]  [T-Work-Recog_1] Run work: WorkCompare
I1012 15:58:27.140719  8549 work_compare.cpp:76] Compare face: 0 successed, similarity :0.988692, name : images/thanglmb.jpg, normal size : 640 * 360!
I1012 15:58:27.235188  8544 demo_inner.hpp:177] decode queue size 0
I1012 15:58:27.235282  8547 work_thread.hpp:81]  [T-Work-Detect_0] Run work: WorkDetect
I1012 15:58:27.235317  8547 work_detect.cpp:102] Succeeded to add det start for frame 32
I1012 15:58:27.242249  8547 work_detect.cpp:70] Frame :32 detect result :1 face(s)
I1012 15:58:27.242282  8547 work_detect.cpp:86] Detected bbox: [201 x 246 from (209, 22)]
I1012 15:58:27.242323  8547 work_detect.cpp:120] Succeeded to add det end for frame 32
I1012 15:58:27.242338  8547 work_thread.hpp:81]  [T-Work-Detect_0] Run work: WrokTrack
I1012 15:58:27.242362  8547 work_track.cpp:82] Frame: 32 build input_characts: [0.314063 x 0.683333 from (0.326562, 0.0611111)], 1.00035, 0
I1012 15:58:27.242417  8547 work_track.cpp:102] Succeeded to set track lock for frame 32
I1012 15:58:27.242455  8547 work_track.cpp:116] Succeeded to release track lock for frame 32
I1012 15:58:27.242470  8547 work_track.cpp:120] Track results of frame 32: 1 objects input, 1 objects tracked!
I1012 15:58:27.242487  8547 work_track.cpp:148] Frame: 32, track bbox: [201 x 246 from (204.091, 23.4129)], gid: 0, lid: 0
I1012 15:58:27.242522  8547 work_thread.hpp:88]  [T-Work-Detect_0] Frame :32 split
I1012 15:58:27.242540  8547 work_thread.hpp:120]  [T-Work-Detect_0] Valid piece: gid = 0
I1012 15:58:27.242558  8547 work_thread.hpp:92]  [T-Work-Detect_0] Push to split queue:recog
I1012 15:58:27.242599  8548 work_thread.hpp:81]  [T-Work-Recog_0] Run work: WorkCapture
I1012 15:58:27.242606  8550 thread_intergrate.hpp:78] [T-Intergrate-intergrate] queue: frame output frame :32
I1012 15:58:27.242635  8550 thread_intergrate.hpp:85] [T-Intergrate-intergrate] queue: compare output face:0
I1012 15:58:27.242655  8550 thread_intergrate.hpp:134] T-Intergrate-intergrate set matched face: 0
I1012 15:58:27.243142  8548 work_thread.hpp:81]  [T-Work-Recog_0] Run work: WorkRecog
I1012 15:58:27.243165  8548 work_recog.hpp:89] Face id: 0 will run recog: bbox [201 x 246 from (209, 22)] quality: 0.472021
I1012 15:58:27.243192  8548 work_recog.hpp:96] Recog pair: [288 x 344 from (168, 0)], [201 x 246 from (41, 22)]
I1012 15:58:27.243815  8550 thread_intergrate.hpp:154] T-Intergrate-intergrate Show face :0, size :640 * 360
I1012 15:58:27.244357  8546 demo_inner.hpp:435] thread [SORT-0]  frame id 32 sorting queue size 0   FPS: 10.5691
I1012 15:58:27.244434  8545 demo_inner.hpp:260]  gui queue size 0, state = running
I1012 15:58:27.260689  8548 work_thread.hpp:81]  [T-Work-Recog_0] Run work: WorkCompare
I1012 15:58:27.260772  8548 work_compare.cpp:76] Compare face: 0 successed, similarity :0.983564, name : images/thanglmb.jpg, normal size : 640 * 360!
I1012 15:58:27.355191  8544 demo_inner.hpp:177] decode queue size 0
I1012 15:58:27.355283  8547 work_thread.hpp:81]  [T-Work-Detect_0] Run work: WorkDetect
I1012 15:58:27.355320  8547 work_detect.cpp:102] Succeeded to add det start for frame 33
I1012 15:58:27.362226  8547 work_detect.cpp:70] Frame :33 detect result :2 face(s)
I1012 15:58:27.362260  8547 work_detect.cpp:86] Detected bbox: [190 x 238 from (207, 26)]
I1012 15:58:27.362291  8547 work_detect.cpp:86] Detected bbox: [105 x 123 from (268, 61)]
I1012 15:58:27.362321  8547 work_detect.cpp:120] Succeeded to add det end for frame 33
I1012 15:58:27.362336  8547 work_thread.hpp:81]  [T-Work-Detect_0] Run work: WrokTrack
I1012 15:58:27.362360  8547 work_track.cpp:82] Frame: 33 build input_characts: [0.296875 x 0.661111 from (0.323438, 0.0722222)], 1.00019, 0
I1012 15:58:27.362414  8547 work_track.cpp:82] Frame: 33 build input_characts: [0.164062 x 0.341667 from (0.41875, 0.169444)], 0.960675, 1
I1012 15:58:27.362448  8547 work_track.cpp:102] Succeeded to set track lock for frame 33
I1012 15:58:27.362571  8547 work_track.cpp:116] Succeeded to release track lock for frame 33
I1012 15:58:27.362586  8547 work_track.cpp:120] Track results of frame 33: 2 objects input, 1 objects tracked!
I1012 15:58:27.362604  8547 work_track.cpp:148] Frame: 33, track bbox: [190 x 238 from (205.363, 22.8076)], gid: 0, lid: 0
I1012 15:58:27.362637  8547 work_track.cpp:162] Frame: 33 lid: 1 not tracked, will set invalid
I1012 15:58:27.362653  8547 work_thread.hpp:88]  [T-Work-Detect_0] Frame :33 split
I1012 15:58:27.362669  8547 work_thread.hpp:120]  [T-Work-Detect_0] Valid piece: gid = 0
I1012 15:58:27.362686  8547 work_thread.hpp:124]  [T-Work-Detect_0] Invalid piece: lid = 1, drop it
I1012 15:58:27.362701  8547 work_thread.hpp:92]  [T-Work-Detect_0] Push to split queue:recog
I1012 15:58:27.362738  8548 work_thread.hpp:81]  [T-Work-Recog_0] Run work: WorkCapture
I1012 15:58:27.362748  8550 thread_intergrate.hpp:78] [T-Intergrate-intergrate] queue: frame output frame :33
I1012 15:58:27.362777  8550 thread_intergrate.hpp:85] [T-Intergrate-intergrate] queue: compare output face:0
I1012 15:58:27.362797  8550 thread_intergrate.hpp:134] T-Intergrate-intergrate set matched face: 0
I1012 15:58:27.363286  8548 work_thread.hpp:81]  [T-Work-Recog_0] Run work: WorkRecog
I1012 15:58:27.363308  8548 work_recog.hpp:89] Face id: 0 will run recog: bbox [190 x 238 from (207, 26)] quality: 0.481912
I1012 15:58:27.363334  8548 work_recog.hpp:96] Recog pair: [272 x 336 from (168, 0)], [190 x 238 from (39, 26)]
I1012 15:58:27.363958  8550 thread_intergrate.hpp:154] T-Intergrate-intergrate Show face :0, size :640 * 360
I1012 15:58:27.364456  8546 demo_inner.hpp:435] thread [SORT-0]  frame id 33 sorting queue size 0   FPS: 10.2726
I1012 15:58:27.364526  8545 demo_inner.hpp:260]  gui queue size 0, state = running
I1012 15:58:27.381095  8548 work_thread.hpp:81]  [T-Work-Recog_0] Run work: WorkCompare
I1012 15:58:27.381203  8548 work_compare.cpp:76] Compare face: 0 successed, similarity :0.992548, name : images/thanglmb.jpg, normal size : 640 * 360!
I1012 15:58:27.475214  8544 demo_inner.hpp:177] decode queue size 0
I1012 15:58:27.475309  8547 work_thread.hpp:81]  [T-Work-Detect_0] Run work: WorkDetect
I1012 15:58:27.475347  8547 work_detect.cpp:102] Succeeded to add det start for frame 34
I1012 15:58:27.482339  8547 work_detect.cpp:70] Frame :34 detect result :2 face(s)
I1012 15:58:27.482373  8547 work_detect.cpp:86] Detected bbox: [181 x 227 from (213, 55)]
I1012 15:58:27.482405  8547 work_detect.cpp:86] Detected bbox: [93 x 110 from (274, 68)]
I1012 15:58:27.482435  8547 work_detect.cpp:120] Succeeded to add det end for frame 34
I1012 15:58:27.482451  8547 work_thread.hpp:81]  [T-Work-Detect_0] Run work: WrokTrack
I1012 15:58:27.482475  8547 work_track.cpp:82] Frame: 34 build input_characts: [0.282813 x 0.630556 from (0.332812, 0.152778)], 1.00019, 0
I1012 15:58:27.482527  8547 work_track.cpp:82] Frame: 34 build input_characts: [0.145313 x 0.305556 from (0.428125, 0.188889)], 0.943376, 1
I1012 15:58:27.482560  8547 work_track.cpp:102] Succeeded to set track lock for frame 34
I1012 15:58:27.482604  8547 work_track.cpp:116] Succeeded to release track lock for frame 34
I1012 15:58:27.482619  8547 work_track.cpp:120] Track results of frame 34: 2 objects input, 1 objects tracked!
I1012 15:58:27.482636  8547 work_track.cpp:148] Frame: 34, track bbox: [181 x 227 from (211.863, 43.5552)], gid: 0, lid: 0
I1012 15:58:27.482669  8547 work_track.cpp:162] Frame: 34 lid: 1 not tracked, will set invalid
I1012 15:58:27.482686  8547 work_thread.hpp:88]  [T-Work-Detect_0] Frame :34 split
I1012 15:58:27.482702  8547 work_thread.hpp:120]  [T-Work-Detect_0] Valid piece: gid = 0
I1012 15:58:27.482720  8547 work_thread.hpp:124]  [T-Work-Detect_0] Invalid piece: lid = 1, drop it
I1012 15:58:27.482735  8547 work_thread.hpp:92]  [T-Work-Detect_0] Push to split queue:recog
I1012 15:58:27.482781  8550 thread_intergrate.hpp:78] [T-Intergrate-intergrate] queue: frame output frame :34
I1012 15:58:27.482784  8549 work_thread.hpp:81]  [T-Work-Recog_1] Run work: WorkCapture
I1012 15:58:27.482812  8550 thread_intergrate.hpp:85] [T-Intergrate-intergrate] queue: compare output face:0
I1012 15:58:27.482903  8550 thread_intergrate.hpp:134] T-Intergrate-intergrate set matched face: 0
I1012 15:58:27.483422  8549 work_thread.hpp:81]  [T-Work-Recog_1] Run work: WorkRecog
I1012 15:58:27.483445  8549 work_recog.hpp:89] Face id: 0 will run recog: bbox [181 x 227 from (213, 55)] quality: 0.478607
I1012 15:58:27.483472  8549 work_recog.hpp:96] Recog pair: [256 x 320 from (176, 8)], [181 x 227 from (37, 47)]
I1012 15:58:27.484062  8550 thread_intergrate.hpp:154] T-Intergrate-intergrate Show face :0, size :640 * 360
I1012 15:58:27.484606  8546 demo_inner.hpp:435] thread [SORT-0]  frame id 34 sorting queue size 0   FPS: 9.98847
I1012 15:58:27.484673  8545 demo_inner.hpp:260]  gui queue size 0, state = running
I1012 15:58:27.501186  8549 work_thread.hpp:81]  [T-Work-Recog_1] Run work: WorkCompare
I1012 15:58:27.501294  8549 work_compare.cpp:76] Compare face: 0 successed, similarity :0.971442, name : images/thanglmb.jpg, normal size : 640 * 360!
I1012 15:58:27.595288  8544 demo_inner.hpp:177] decode queue size 0
I1012 15:58:27.595382  8547 work_thread.hpp:81]  [T-Work-Detect_0] Run work: WorkDetect
I1012 15:58:27.595418  8547 work_detect.cpp:102] Succeeded to add det start for frame 35
I1012 15:58:27.602349  8547 work_detect.cpp:70] Frame :35 detect result :1 face(s)
I1012 15:58:27.602380  8547 work_detect.cpp:86] Detected bbox: [177 x 225 from (215, 55)]
I1012 15:58:27.602421  8547 work_detect.cpp:120] Succeeded to add det end for frame 35
I1012 15:58:27.602437  8547 work_thread.hpp:81]  [T-Work-Detect_0] Run work: WrokTrack
I1012 15:58:27.602460  8547 work_track.cpp:82] Frame: 35 build input_characts: [0.276563 x 0.625 from (0.335938, 0.152778)], 1.00019, 0
I1012 15:58:27.602514  8547 work_track.cpp:102] Succeeded to set track lock for frame 35
I1012 15:58:27.602556  8547 work_track.cpp:116] Succeeded to release track lock for frame 35
I1012 15:58:27.602571  8547 work_track.cpp:120] Track results of frame 35: 1 objects input, 1 objects tracked!
I1012 15:58:27.602588  8547 work_track.cpp:148] Frame: 35, track bbox: [177 x 225 from (213.453, 52.4931)], gid: 0, lid: 0
I1012 15:58:27.602623  8547 work_thread.hpp:88]  [T-Work-Detect_0] Frame :35 split
I1012 15:58:27.602641  8547 work_thread.hpp:120]  [T-Work-Detect_0] Valid piece: gid = 0
I1012 15:58:27.602659  8547 work_thread.hpp:92]  [T-Work-Detect_0] Push to split queue:recog
I1012 15:58:27.602695  8549 work_thread.hpp:81]  [T-Work-Recog_1] Run work: WorkCapture
I1012 15:58:27.602705  8550 thread_intergrate.hpp:78] [T-Intergrate-intergrate] queue: frame output frame :35
I1012 15:58:27.602735  8550 thread_intergrate.hpp:85] [T-Intergrate-intergrate] queue: compare output face:0
I1012 15:58:27.602756  8550 thread_intergrate.hpp:134] T-Intergrate-intergrate set matched face: 0
I1012 15:58:27.603245  8549 work_thread.hpp:81]  [T-Work-Recog_1] Run work: WorkRecog
I1012 15:58:27.603267  8549 work_recog.hpp:89] Face id: 0 will run recog: bbox [177 x 225 from (215, 55)] quality: 0.455604
I1012 15:58:27.603294  8549 work_recog.hpp:96] Recog pair: [256 x 320 from (176, 8)], [177 x 225 from (39, 47)]
I1012 15:58:27.603917  8550 thread_intergrate.hpp:154] T-Intergrate-intergrate Show face :0, size :640 * 360
I1012 15:58:27.604423  8546 demo_inner.hpp:435] thread [SORT-0]  frame id 35 sorting queue size 0   FPS: 9.75976
I1012 15:58:27.604499  8545 demo_inner.hpp:260]  gui queue size 0, state = running
I1012 15:58:27.620784  8549 work_thread.hpp:81]  [T-Work-Recog_1] Run work: WorkCompare
I1012 15:58:27.620872  8549 work_compare.cpp:76] Compare face: 0 successed, similarity :0.990044, name : images/thanglmb.jpg, normal size : 640 * 360!
I1012 15:58:27.715246  8544 demo_inner.hpp:177] decode queue size 0
I1012 15:58:27.715346  8547 work_thread.hpp:81]  [T-Work-Detect_0] Run work: WorkDetect
I1012 15:58:27.715382  8547 work_detect.cpp:102] Succeeded to add det start for frame 36
I1012 15:58:27.722304  8547 work_detect.cpp:70] Frame :36 detect result :2 face(s)
I1012 15:58:27.722411  8547 work_detect.cpp:86] Detected bbox: [177 x 219 from (215, 58)]
I1012 15:58:27.722445  8547 work_detect.cpp:86] Detected bbox: [85 x 100 from (278, 73)]
I1012 15:58:27.722476  8547 work_detect.cpp:120] Succeeded to add det end for frame 36
I1012 15:58:27.722491  8547 work_thread.hpp:81]  [T-Work-Detect_0] Run work: WrokTrack
I1012 15:58:27.722514  8547 work_track.cpp:82] Frame: 36 build input_characts: [0.276563 x 0.608333 from (0.335938, 0.161111)], 1.00019, 0
I1012 15:58:27.722565  8547 work_track.cpp:82] Frame: 36 build input_characts: [0.132812 x 0.277778 from (0.434375, 0.202778)], 0.9099, 1
I1012 15:58:27.722600  8547 work_track.cpp:102] Succeeded to set track lock for frame 36
I1012 15:58:27.722645  8547 work_track.cpp:116] Succeeded to release track lock for frame 36
I1012 15:58:27.722658  8547 work_track.cpp:120] Track results of frame 36: 2 objects input, 1 objects tracked!
I1012 15:58:27.722676  8547 work_track.cpp:148] Frame: 36, track bbox: [177 x 219 from (214.476, 60.4104)], gid: 0, lid: 0
I1012 15:58:27.722709  8547 work_track.cpp:162] Frame: 36 lid: 1 not tracked, will set invalid
I1012 15:58:27.722724  8547 work_thread.hpp:88]  [T-Work-Detect_0] Frame :36 split
I1012 15:58:27.722741  8547 work_thread.hpp:120]  [T-Work-Detect_0] Valid piece: gid = 0
I1012 15:58:27.722759  8547 work_thread.hpp:124]  [T-Work-Detect_0] Invalid piece: lid = 1, drop it
I1012 15:58:27.722774  8547 work_thread.hpp:92]  [T-Work-Detect_0] Push to split queue:recog
I1012 15:58:27.722818  8550 thread_intergrate.hpp:78] [T-Intergrate-intergrate] queue: frame output frame :36
I1012 15:58:27.722818  8548 work_thread.hpp:81]  [T-Work-Recog_0] Run work: WorkCapture
I1012 15:58:27.722849  8550 thread_intergrate.hpp:85] [T-Intergrate-intergrate] queue: compare output face:0
I1012 15:58:27.722869  8550 thread_intergrate.hpp:134] T-Intergrate-intergrate set matched face: 0
I1012 15:58:27.723372  8548 work_thread.hpp:81]  [T-Work-Recog_0] Run work: WorkRecog
I1012 15:58:27.723397  8548 work_recog.hpp:89] Face id: 0 will run recog: bbox [177 x 219 from (215, 58)] quality: 0.469332
I1012 15:58:27.723423  8548 work_recog.hpp:96] Recog pair: [256 x 312 from (176, 8)], [177 x 219 from (39, 50)]
I1012 15:58:27.724028  8550 thread_intergrate.hpp:154] T-Intergrate-intergrate Show face :0, size :640 * 360
I1012 15:58:27.724498  8546 demo_inner.hpp:435] thread [SORT-0]  frame id 36 sorting queue size 0   FPS: 9.54479
I1012 15:58:27.724576  8545 demo_inner.hpp:260]  gui queue size 0, state = running
I1012 15:58:27.740875  8548 work_thread.hpp:81]  [T-Work-Recog_0] Run work: WorkCompare
I1012 15:58:27.740964  8548 work_compare.cpp:76] Compare face: 0 successed, similarity :0.987134, name : images/thanglmb.jpg, normal size : 640 * 360!
I1012 15:58:27.853336  8544 demo_inner.hpp:177] decode queue size 0
I1012 15:58:27.853430  8547 work_thread.hpp:81]  [T-Work-Detect_0] Run work: WorkDetect
I1012 15:58:27.853467  8547 work_detect.cpp:102] Succeeded to add det start for frame 37
I1012 15:58:27.860347  8547 work_detect.cpp:70] Frame :37 detect result :1 face(s)
I1012 15:58:27.860379  8547 work_detect.cpp:86] Detected bbox: [179 x 220 from (210, 41)]
I1012 15:58:27.860420  8547 work_detect.cpp:120] Succeeded to add det end for frame 37
I1012 15:58:27.860436  8547 work_thread.hpp:81]  [T-Work-Detect_0] Run work: WrokTrack
I1012 15:58:27.860460  8547 work_track.cpp:82] Frame: 37 build input_characts: [0.279687 x 0.611111 from (0.328125, 0.113889)], 1.00019, 0
I1012 15:58:27.860515  8547 work_track.cpp:102] Succeeded to set track lock for frame 37
I1012 15:58:27.860555  8547 work_track.cpp:116] Succeeded to release track lock for frame 37
I1012 15:58:27.860570  8547 work_track.cpp:120] Track results of frame 37: 1 objects input, 1 objects tracked!
I1012 15:58:27.860589  8547 work_track.cpp:148] Frame: 37, track bbox: [179 x 220 from (210.844, 54.2938)], gid: 0, lid: 0
I1012 15:58:27.860622  8547 work_thread.hpp:88]  [T-Work-Detect_0] Frame :37 split
I1012 15:58:27.860641  8547 work_thread.hpp:120]  [T-Work-Detect_0] Valid piece: gid = 0
I1012 15:58:27.860741  8547 work_thread.hpp:92]  [T-Work-Detect_0] Push to split queue:recog
I1012 15:58:27.860786  8548 work_thread.hpp:81]  [T-Work-Recog_0] Run work: WorkCapture
I1012 15:58:27.860790  8550 thread_intergrate.hpp:78] [T-Intergrate-intergrate] queue: frame output frame :37
I1012 15:58:27.860821  8550 thread_intergrate.hpp:85] [T-Intergrate-intergrate] queue: compare output face:0
I1012 15:58:27.860839  8550 thread_intergrate.hpp:134] T-Intergrate-intergrate set matched face: 0
I1012 15:58:27.861333  8548 work_thread.hpp:81]  [T-Work-Recog_0] Run work: WorkRecog
I1012 15:58:27.861356  8548 work_recog.hpp:89] Face id: 0 will run recog: bbox [179 x 220 from (210, 41)] quality: 0.385448
I1012 15:58:27.861383  8548 work_recog.hpp:96] Recog pair: [256 x 312 from (168, 0)], [179 x 220 from (42, 41)]
I1012 15:58:27.861999  8550 thread_intergrate.hpp:154] T-Intergrate-intergrate Show face :0, size :640 * 360
I1012 15:58:27.862524  8546 demo_inner.hpp:435] thread [SORT-0]  frame id 37 sorting queue size 0   FPS: 9.27909
I1012 15:58:27.862597  8545 demo_inner.hpp:260]  gui queue size 0, state = running
I1012 15:58:27.878830  8548 work_thread.hpp:81]  [T-Work-Recog_0] Run work: WorkCompare
I1012 15:58:27.878908  8548 work_compare.cpp:76] Compare face: 0 successed, similarity :0.971055, name : images/thanglmb.jpg, normal size : 640 * 360!
