I1014 15:30:25.282850  9104 work_recog.hpp:89] Face id: 4 will run recog: bbox [132 x 169 from (234, 182)] quality: 0.477653
I1014 15:30:25.282878  9104 work_recog.hpp:96] Recog pair: [184 x 216 from (208, 144)], [132 x 169 from (26, 38)]
I1014 15:30:25.284318  9105 thread_intergrate.hpp:186] T-Intergrate-intergrate Show face :4, size :640 * 360
I1014 15:30:25.284878  9101 demo_inner.hpp:435] thread [SORT-0]  frame id 94 sorting queue size 4   FPS: 19.9728
I1014 15:30:25.300151  9104 work_thread.hpp:81]  [T-Work-Recog_1] Run work: WorkCompare
I1014 15:30:25.300619  9104 work_compare.cpp:76] Compare face: 4 successed, similarity :0.993042, name : images/ThangLMb.jpg, normal size : 1548 * 1719!
I1014 15:30:25.323400  9099 demo_inner.hpp:177] decode queue size 0
I1014 15:30:25.323503  9102 work_thread.hpp:81]  [T-Work-Detect_0] Run work: WorkDetect
I1014 15:30:25.323537  9102 work_detect.cpp:102] Succeeded to add det start for frame 95
I1014 15:30:25.330111  9102 work_detect.cpp:70] Frame :95 detect result :1 face(s)
I1014 15:30:25.330159  9102 work_detect.cpp:86] Detected bbox: [132 x 169 from (237, 184)]
I1014 15:30:25.330202  9102 work_detect.cpp:120] Succeeded to add det end for frame 95
I1014 15:30:25.330293  9102 work_thread.hpp:81]  [T-Work-Detect_0] Run work: WrokTrack
I1014 15:30:25.330322  9102 work_track.cpp:82] Frame: 95 build input_characts: [0.20625 x 0.469444 from (0.370313, 0.511111)], 0.997596, 0
I1014 15:30:25.330376  9102 work_track.cpp:102] Succeeded to set track lock for frame 95
I1014 15:30:25.330415  9102 work_track.cpp:116] Succeeded to release track lock for frame 95
I1014 15:30:25.330430  9102 work_track.cpp:120] Track results of frame 95: 1 objects input, 1 objects tracked!
I1014 15:30:25.330447  9102 work_track.cpp:148] Frame: 95, track bbox: [132 x 169 from (235.522, 182.839)], gid: 4, lid: 0
I1014 15:30:25.330483  9102 work_thread.hpp:87]  [T-Work-Detect_0] Frame :95 split
I1014 15:30:25.330502  9102 work_thread.hpp:120]  [T-Work-Detect_0] Valid piece: gid = 4
I1014 15:30:25.330519  9102 work_thread.hpp:91]  [T-Work-Detect_0] Push to split queue:recog
I1014 15:30:25.330557  9104 work_thread.hpp:81]  [T-Work-Recog_1] Run work: WorkCapture
I1014 15:30:25.330567  9105 thread_intergrate.hpp:78] [T-Intergrate-intergrate] queue: frame output frame :95
I1014 15:30:25.330595  9105 thread_intergrate.hpp:85] [T-Intergrate-intergrate] queue: compare output face:4
I1014 15:30:25.330622  9105 thread_intergrate.hpp:144] T-Intergrate-intergrate set matched face: 4
I1014 15:30:25.331137  9104 work_thread.hpp:81]  [T-Work-Recog_1] Run work: WorkRecog
I1014 15:30:25.331161  9104 work_recog.hpp:89] Face id: 4 will run recog: bbox [132 x 169 from (237, 184)] quality: 0.479768
I1014 15:30:25.331193  9104 work_recog.hpp:96] Recog pair: [192 x 216 from (208, 144)], [132 x 169 from (29, 40)]
I1014 15:30:25.332417  9105 thread_intergrate.hpp:186] T-Intergrate-intergrate Show face :4, size :640 * 360
I1014 15:30:25.333005  9101 demo_inner.hpp:435] thread [SORT-0]  frame id 95 sorting queue size 5   FPS: 20.0273
I1014 15:30:25.348502  9104 work_thread.hpp:81]  [T-Work-Recog_1] Run work: WorkCompare
I1014 15:30:25.348953  9104 work_compare.cpp:76] Compare face: 4 successed, similarity :0.995011, name : images/ThangLMb.jpg, normal size : 1548 * 1719!
I1014 15:30:25.377082  9099 demo_inner.hpp:177] decode queue size 0
I1014 15:30:25.377197  9102 work_thread.hpp:81]  [T-Work-Detect_0] Run work: WorkDetect
I1014 15:30:25.377229  9102 work_detect.cpp:102] Succeeded to add det start for frame 96
I1014 15:30:25.383819  9102 work_detect.cpp:70] Frame :96 detect result :1 face(s)
I1014 15:30:25.383865  9102 work_detect.cpp:86] Detected bbox: [130 x 168 from (234, 184)]
I1014 15:30:25.383908  9102 work_detect.cpp:120] Succeeded to add det end for frame 96
I1014 15:30:25.383924  9102 work_thread.hpp:81]  [T-Work-Detect_0] Run work: WrokTrack
I1014 15:30:25.383949  9102 work_track.cpp:82] Frame: 96 build input_characts: [0.203125 x 0.466667 from (0.365625, 0.511111)], 0.997488, 0
I1014 15:30:25.384003  9102 work_track.cpp:102] Succeeded to set track lock for frame 96
I1014 15:30:25.384043  9102 work_track.cpp:116] Succeeded to release track lock for frame 96
I1014 15:30:25.384057  9102 work_track.cpp:120] Track results of frame 96: 1 objects input, 1 objects tracked!
I1014 15:30:25.384075  9102 work_track.cpp:148] Frame: 96, track bbox: [130 x 168 from (235.272, 184.091)], gid: 4, lid: 0
I1014 15:30:25.384112  9102 work_thread.hpp:87]  [T-Work-Detect_0] Frame :96 split
I1014 15:30:25.384130  9102 work_thread.hpp:120]  [T-Work-Detect_0] Valid piece: gid = 4
I1014 15:30:25.384148  9102 work_thread.hpp:91]  [T-Work-Detect_0] Push to split queue:recog
I1014 15:30:25.384213  9104 work_thread.hpp:81]  [T-Work-Recog_1] Run work: WorkCapture
I1014 15:30:25.384228  9105 thread_intergrate.hpp:78] [T-Intergrate-intergrate] queue: frame output frame :96
I1014 15:30:25.384264  9105 thread_intergrate.hpp:85] [T-Intergrate-intergrate] queue: compare output face:4
I1014 15:30:25.384284  9105 thread_intergrate.hpp:144] T-Intergrate-intergrate set matched face: 4
I1014 15:30:25.384781  9104 work_thread.hpp:81]  [T-Work-Recog_1] Run work: WorkRecog
I1014 15:30:25.384806  9104 work_recog.hpp:89] Face id: 4 will run recog: bbox [130 x 168 from (234, 184)] quality: 0.482066
I1014 15:30:25.384920  9104 work_recog.hpp:96] Recog pair: [184 x 216 from (208, 144)], [130 x 168 from (26, 40)]
I1014 15:30:25.386031  9105 thread_intergrate.hpp:186] T-Intergrate-intergrate Show face :4, size :640 * 360
I1014 15:30:25.386648  9101 demo_inner.hpp:435] thread [SORT-0]  frame id 96 sorting queue size 6   FPS: 19.9818
I1014 15:30:25.402205  9104 work_thread.hpp:81]  [T-Work-Recog_1] Run work: WorkCompare
I1014 15:30:25.402669  9104 work_compare.cpp:76] Compare face: 4 successed, similarity :0.995446, name : images/ThangLMb.jpg, normal size : 1548 * 1719!
I1014 15:30:25.425107  9099 demo_inner.hpp:177] decode queue size 0
I1014 15:30:25.425216  9102 work_thread.hpp:81]  [T-Work-Detect_0] Run work: WorkDetect
I1014 15:30:25.425251  9102 work_detect.cpp:102] Succeeded to add det start for frame 97
I1014 15:30:25.431833  9102 work_detect.cpp:70] Frame :97 detect result :1 face(s)
I1014 15:30:25.431875  9102 work_detect.cpp:86] Detected bbox: [133 x 171 from (234, 182)]
I1014 15:30:25.431918  9102 work_detect.cpp:120] Succeeded to add det end for frame 97
I1014 15:30:25.431934  9102 work_thread.hpp:81]  [T-Work-Detect_0] Run work: WrokTrack
I1014 15:30:25.431959  9102 work_track.cpp:82] Frame: 97 build input_characts: [0.207813 x 0.475 from (0.365625, 0.505556)], 0.997596, 0
I1014 15:30:25.432015  9102 work_track.cpp:102] Succeeded to set track lock for frame 97
I1014 15:30:25.432055  9102 work_track.cpp:116] Succeeded to release track lock for frame 97
I1014 15:30:25.432070  9102 work_track.cpp:120] Track results of frame 97: 1 objects input, 1 objects tracked!
I1014 15:30:25.432087  9102 work_track.cpp:148] Frame: 97, track bbox: [133 x 171 from (233.498, 182.803)], gid: 4, lid: 0
I1014 15:30:25.432124  9102 work_thread.hpp:87]  [T-Work-Detect_0] Frame :97 split
I1014 15:30:25.432142  9102 work_thread.hpp:120]  [T-Work-Detect_0] Valid piece: gid = 4
I1014 15:30:25.432184  9102 work_thread.hpp:91]  [T-Work-Detect_0] Push to split queue:recog
I1014 15:30:25.432224  9104 work_thread.hpp:81]  [T-Work-Recog_1] Run work: WorkCapture
I1014 15:30:25.432242  9105 thread_intergrate.hpp:78] [T-Intergrate-intergrate] queue: frame output frame :97
I1014 15:30:25.432286  9105 thread_intergrate.hpp:85] [T-Intergrate-intergrate] queue: compare output face:4
I1014 15:30:25.432305  9105 thread_intergrate.hpp:144] T-Intergrate-intergrate set matched face: 4
I1014 15:30:25.432785  9104 work_thread.hpp:81]  [T-Work-Recog_1] Run work: WorkRecog
I1014 15:30:25.432809  9104 work_recog.hpp:89] Face id: 4 will run recog: bbox [133 x 171 from (234, 182)] quality: 0.482066
I1014 15:30:25.432840  9104 work_recog.hpp:96] Recog pair: [192 x 216 from (208, 144)], [133 x 171 from (26, 38)]
I1014 15:30:25.434255  9105 thread_intergrate.hpp:186] T-Intergrate-intergrate Show face :4, size :640 * 360
I1014 15:30:25.434850  9101 demo_inner.hpp:435] thread [SORT-0]  frame id 97 sorting queue size 7   FPS: 20
I1014 15:30:25.450152  9104 work_thread.hpp:81]  [T-Work-Recog_1] Run work: WorkCompare
I1014 15:30:25.450601  9104 work_compare.cpp:76] Compare face: 4 successed, similarity :0.993682, name : images/ThangLMb.jpg, normal size : 1548 * 1719!
I1014 15:30:25.473248  9099 demo_inner.hpp:177] decode queue size 0
I1014 15:30:25.473424  9102 work_thread.hpp:81]  [T-Work-Detect_0] Run work: WorkDetect
I1014 15:30:25.473460  9102 work_detect.cpp:102] Succeeded to add det start for frame 98
I1014 15:30:25.479960  9102 work_detect.cpp:70] Frame :98 detect result :1 face(s)
I1014 15:30:25.480005  9102 work_detect.cpp:86] Detected bbox: [132 x 172 from (236, 180)]
I1014 15:30:25.480046  9102 work_detect.cpp:120] Succeeded to add det end for frame 98
I1014 15:30:25.480063  9102 work_thread.hpp:81]  [T-Work-Detect_0] Run work: WrokTrack
I1014 15:30:25.480087  9102 work_track.cpp:82] Frame: 98 build input_characts: [0.20625 x 0.477778 from (0.36875, 0.5)], 0.997596, 0
I1014 15:30:25.480144  9102 work_track.cpp:102] Succeeded to set track lock for frame 98
I1014 15:30:25.480208  9102 work_track.cpp:116] Succeeded to release track lock for frame 98
I1014 15:30:25.480309  9102 work_track.cpp:120] Track results of frame 98: 1 objects input, 1 objects tracked!
I1014 15:30:25.480330  9102 work_track.cpp:148] Frame: 98, track bbox: [132 x 172 from (234.812, 181.359)], gid: 4, lid: 0
I1014 15:30:25.480370  9102 work_thread.hpp:87]  [T-Work-Detect_0] Frame :98 split
I1014 15:30:25.480391  9102 work_thread.hpp:120]  [T-Work-Detect_0] Valid piece: gid = 4
I1014 15:30:25.480409  9102 work_thread.hpp:91]  [T-Work-Detect_0] Push to split queue:recog
I1014 15:30:25.480456  9104 work_thread.hpp:81]  [T-Work-Recog_1] Run work: WorkCapture
I1014 15:30:25.480479  9105 thread_intergrate.hpp:78] [T-Intergrate-intergrate] queue: frame output frame :98
I1014 15:30:25.480509  9105 thread_intergrate.hpp:85] [T-Intergrate-intergrate] queue: compare output face:4
I1014 15:30:25.480528  9105 thread_intergrate.hpp:144] T-Intergrate-intergrate set matched face: 4
I1014 15:30:25.481082  9104 work_thread.hpp:81]  [T-Work-Recog_1] Run work: WorkRecog
I1014 15:30:25.481108  9104 work_recog.hpp:89] Face id: 4 will run recog: bbox [132 x 172 from (236, 180)] quality: 0.479297
I1014 15:30:25.481144  9104 work_recog.hpp:96] Recog pair: [192 x 216 from (208, 144)], [132 x 172 from (28, 36)]
I1014 15:30:25.482285  9105 thread_intergrate.hpp:186] T-Intergrate-intergrate Show face :4, size :640 * 360
I1014 15:30:25.482873  9101 demo_inner.hpp:435] thread [SORT-0]  frame id 98 sorting queue size 8   FPS: 20.0273
I1014 15:30:25.498499  9104 work_thread.hpp:81]  [T-Work-Recog_1] Run work: WorkCompare
I1014 15:30:25.498950  9104 work_compare.cpp:76] Compare face: 4 successed, similarity :0.993298, name : images/ThangLMb.jpg, normal size : 1548 * 1719!
I1014 15:30:25.527060  9099 demo_inner.hpp:177] decode queue size 0
I1014 15:30:25.527169  9102 work_thread.hpp:81]  [T-Work-Detect_0] Run work: WorkDetect
I1014 15:30:25.527204  9102 work_detect.cpp:102] Succeeded to add det start for frame 99
I1014 15:30:25.533740  9102 work_detect.cpp:70] Frame :99 detect result :1 face(s)
I1014 15:30:25.533783  9102 work_detect.cpp:86] Detected bbox: [131 x 170 from (235, 183)]
I1014 15:30:25.533828  9102 work_detect.cpp:120] Succeeded to add det end for frame 99
I1014 15:30:25.533843  9102 work_thread.hpp:81]  [T-Work-Detect_0] Run work: WrokTrack
I1014 15:30:25.533867  9102 work_track.cpp:82] Frame: 99 build input_characts: [0.204688 x 0.472222 from (0.367188, 0.508333)], 0.997596, 0
I1014 15:30:25.533921  9102 work_track.cpp:102] Succeeded to set track lock for frame 99
I1014 15:30:25.533962  9102 work_track.cpp:116] Succeeded to release track lock for frame 99
I1014 15:30:25.533977  9102 work_track.cpp:120] Track results of frame 99: 1 objects input, 1 objects tracked!
I1014 15:30:25.533995  9102 work_track.cpp:148] Frame: 99, track bbox: [131 x 170 from (235.421, 182.384)], gid: 4, lid: 0
I1014 15:30:25.534032  9102 work_thread.hpp:87]  [T-Work-Detect_0] Frame :99 split
I1014 15:30:25.534050  9102 work_thread.hpp:120]  [T-Work-Detect_0] Valid piece: gid = 4
I1014 15:30:25.534068  9102 work_thread.hpp:91]  [T-Work-Detect_0] Push to split queue:recog
I1014 15:30:25.534106  9104 work_thread.hpp:81]  [T-Work-Recog_1] Run work: WorkCapture
I1014 15:30:25.534121  9105 thread_intergrate.hpp:78] [T-Intergrate-intergrate] queue: frame output frame :99
I1014 15:30:25.534149  9105 thread_intergrate.hpp:85] [T-Intergrate-intergrate] queue: compare output face:4
I1014 15:30:25.534168  9105 thread_intergrate.hpp:144] T-Intergrate-intergrate set matched face: 4
I1014 15:30:25.534674  9104 work_thread.hpp:81]  [T-Work-Recog_1] Run work: WorkRecog
I1014 15:30:25.534698  9104 work_recog.hpp:89] Face id: 4 will run recog: bbox [131 x 170 from (235, 183)] quality: 0.479997
I1014 15:30:25.534729  9104 work_recog.hpp:96] Recog pair: [184 x 216 from (208, 144)], [131 x 170 from (27, 39)]
I1014 15:30:25.535890  9105 thread_intergrate.hpp:186] T-Intergrate-intergrate Show face :4, size :640 * 360
I1014 15:30:25.536545  9101 demo_inner.hpp:435] thread [SORT-0]  frame id 99 sorting queue size 9   FPS: 20
I1014 15:30:25.551956  9104 work_thread.hpp:81]  [T-Work-Recog_1] Run work: WorkCompare
I1014 15:30:25.552495  9104 work_compare.cpp:76] Compare face: 4 successed, similarity :0.994133, name : images/ThangLMb.jpg, normal size : 1548 * 1719!
I1014 15:30:25.575392  9099 demo_inner.hpp:177] decode queue size 0
I1014 15:30:25.575506  9102 work_thread.hpp:81]  [T-Work-Detect_0] Run work: WorkDetect
I1014 15:30:25.575542  9102 work_detect.cpp:102] Succeeded to add det start for frame 100
I1014 15:30:25.582093  9102 work_detect.cpp:70] Frame :100 detect result :1 face(s)
I1014 15:30:25.582134  9102 work_detect.cpp:86] Detected bbox: [130 x 168 from (236, 184)]
I1014 15:30:25.582173  9102 work_detect.cpp:120] Succeeded to add det end for frame 100
I1014 15:30:25.582190  9102 work_thread.hpp:81]  [T-Work-Detect_0] Run work: WrokTrack
I1014 15:30:25.582213  9102 work_track.cpp:82] Frame: 100 build input_characts: [0.203125 x 0.466667 from (0.36875, 0.511111)], 0.997596, 0
I1014 15:30:25.582267  9102 work_track.cpp:102] Succeeded to set track lock for frame 100
I1014 15:30:25.582306  9102 work_track.cpp:116] Succeeded to release track lock for frame 100
I1014 15:30:25.582321  9102 work_track.cpp:120] Track results of frame 100: 1 objects input, 1 objects tracked!
I1014 15:30:25.582340  9102 work_track.cpp:148] Frame: 100, track bbox: [130 x 168 from (235.724, 183.382)], gid: 4, lid: 0
I1014 15:30:25.582376  9102 work_thread.hpp:87]  [T-Work-Detect_0] Frame :100 split
I1014 15:30:25.582393  9102 work_thread.hpp:120]  [T-Work-Detect_0] Valid piece: gid = 4
I1014 15:30:25.582412  9102 work_thread.hpp:91]  [T-Work-Detect_0] Push to split queue:recog
I1014 15:30:25.582448  9104 work_thread.hpp:81]  [T-Work-Recog_1] Run work: WorkCapture
I1014 15:30:25.582460  9105 thread_intergrate.hpp:78] [T-Intergrate-intergrate] queue: frame output frame :100
I1014 15:30:25.582510  9105 thread_intergrate.hpp:85] [T-Intergrate-intergrate] queue: compare output face:4
I1014 15:30:25.582531  9105 thread_intergrate.hpp:144] T-Intergrate-intergrate set matched face: 4
I1014 15:30:25.583005  9104 work_thread.hpp:81]  [T-Work-Recog_1] Run work: WorkRecog
I1014 15:30:25.583029  9104 work_recog.hpp:89] Face id: 4 will run recog: bbox [130 x 168 from (236, 184)] quality: 0.477686
I1014 15:30:25.583057  9104 work_recog.hpp:96] Recog pair: [184 x 216 from (208, 144)], [130 x 168 from (28, 40)]
I1014 15:30:25.584501  9105 thread_intergrate.hpp:186] T-Intergrate-intergrate Show face :4, size :640 * 360
I1014 15:30:25.585053  9101 demo_inner.hpp:435] thread [SORT-0]  frame id 100 sorting queue size 10   FPS: 19.9728
I1014 15:30:25.600342  9104 work_thread.hpp:81]  [T-Work-Recog_1] Run work: WorkCompare
I1014 15:30:25.600791  9104 work_compare.cpp:76] Compare face: 4 successed, similarity :0.992255, name : images/ThangLMb.jpg, normal size : 1548 * 1719!
I1014 15:30:25.623246  9099 demo_inner.hpp:177] decode queue size 0
I1014 15:30:25.623419  9102 work_thread.hpp:81]  [T-Work-Detect_0] Run work: WorkDetect
I1014 15:30:25.623451  9102 work_detect.cpp:102] Succeeded to add det start for frame 101
I1014 15:30:25.630029  9102 work_detect.cpp:70] Frame :101 detect result :1 face(s)
I1014 15:30:25.630074  9102 work_detect.cpp:86] Detected bbox: [131 x 167 from (234, 186)]
I1014 15:30:25.630117  9102 work_detect.cpp:120] Succeeded to add det end for frame 101
I1014 15:30:25.630133  9102 work_thread.hpp:81]  [T-Work-Detect_0] Run work: WrokTrack
I1014 15:30:25.630157  9102 work_track.cpp:82] Frame: 101 build input_characts: [0.204688 x 0.463889 from (0.365625, 0.516667)], 0.997488, 0
I1014 15:30:25.630211  9102 work_track.cpp:102] Succeeded to set track lock for frame 101
I1014 15:30:25.630250  9102 work_track.cpp:116] Succeeded to release track lock for frame 101
I1014 15:30:25.630265  9102 work_track.cpp:120] Track results of frame 101: 1 objects input, 1 objects tracked!
I1014 15:30:25.630283  9102 work_track.cpp:148] Frame: 101, track bbox: [131 x 167 from (235.094, 185.122)], gid: 4, lid: 0
I1014 15:30:25.630319  9102 work_thread.hpp:87]  [T-Work-Detect_0] Frame :101 split
I1014 15:30:25.630409  9102 work_thread.hpp:120]  [T-Work-Detect_0] Valid piece: gid = 4
I1014 15:30:25.630431  9102 work_thread.hpp:91]  [T-Work-Detect_0] Push to split queue:recog
I1014 15:30:25.630470  9104 work_thread.hpp:81]  [T-Work-Recog_1] Run work: WorkCapture
I1014 15:30:25.630497  9105 thread_intergrate.hpp:78] [T-Intergrate-intergrate] queue: frame output frame :101
I1014 15:30:25.630525  9105 thread_intergrate.hpp:85] [T-Intergrate-intergrate] queue: compare output face:4
I1014 15:30:25.630544  9105 thread_intergrate.hpp:144] T-Intergrate-intergrate set matched face: 4
I1014 15:30:25.631028  9104 work_thread.hpp:81]  [T-Work-Recog_1] Run work: WorkRecog
I1014 15:30:25.631054  9104 work_recog.hpp:89] Face id: 4 will run recog: bbox [131 x 167 from (234, 186)] quality: 0.476425
I1014 15:30:25.631086  9104 work_recog.hpp:96] Recog pair: [184 x 208 from (208, 152)], [131 x 167 from (26, 34)]
I1014 15:30:25.632369  9105 thread_intergrate.hpp:186] T-Intergrate-intergrate Show face :4, size :640 * 360
I1014 15:30:25.648516  9104 work_thread.hpp:81]  [T-Work-Recog_1] Run work: WorkCompare
I1014 15:30:25.648991  9104 work_compare.cpp:76] Compare face: 4 successed, similarity :0.991528, name : images/ThangLMb.jpg, normal size : 1548 * 1719!
I1014 15:30:25.677014  9099 demo_inner.hpp:177] decode queue size 0
I1014 15:30:25.677114  9102 work_thread.hpp:81]  [T-Work-Detect_0] Run work: WorkDetect
I1014 15:30:25.677146  9102 work_detect.cpp:102] Succeeded to add det start for frame 102
I1014 15:30:25.683692  9102 work_detect.cpp:70] Frame :102 detect result :1 face(s)
I1014 15:30:25.683737  9102 work_detect.cpp:86] Detected bbox: [131 x 171 from (234, 180)]
I1014 15:30:25.683779  9102 work_detect.cpp:120] Succeeded to add det end for frame 102
I1014 15:30:25.683795  9102 work_thread.hpp:81]  [T-Work-Detect_0] Run work: WrokTrack
I1014 15:30:25.683820  9102 work_track.cpp:82] Frame: 102 build input_characts: [0.204688 x 0.475 from (0.365625, 0.5)], 0.996, 0
I1014 15:30:25.683876  9102 work_track.cpp:102] Succeeded to set track lock for frame 102
I1014 15:30:25.683914  9102 work_track.cpp:116] Succeeded to release track lock for frame 102
I1014 15:30:25.683928  9102 work_track.cpp:120] Track results of frame 102: 1 objects input, 1 objects tracked!
I1014 15:30:25.683948  9102 work_track.cpp:148] Frame: 102, track bbox: [131 x 171 from (234.145, 181.947)], gid: 4, lid: 0
I1014 15:30:25.683984  9102 work_thread.hpp:87]  [T-Work-Detect_0] Frame :102 split
I1014 15:30:25.684001  9102 work_thread.hpp:120]  [T-Work-Detect_0] Valid piece: gid = 4
I1014 15:30:25.684020  9102 work_thread.hpp:91]  [T-Work-Detect_0] Push to split queue:recog
I1014 15:30:25.684058  9104 work_thread.hpp:81]  [T-Work-Recog_1] Run work: WorkCapture
I1014 15:30:25.684069  9105 thread_intergrate.hpp:78] [T-Intergrate-intergrate] queue: frame output frame :102
I1014 15:30:25.684106  9105 thread_intergrate.hpp:85] [T-Intergrate-intergrate] queue: compare output face:4
I1014 15:30:25.684144  9105 thread_intergrate.hpp:144] T-Intergrate-intergrate set matched face: 4
I1014 15:30:25.684641  9104 work_thread.hpp:81]  [T-Work-Recog_1] Run work: WorkRecog
I1014 15:30:25.684664  9104 work_recog.hpp:89] Face id: 4 will run recog: bbox [131 x 171 from (234, 180)] quality: 0.464612
I1014 15:30:25.684695  9104 work_recog.hpp:96] Recog pair: [184 x 216 from (208, 144)], [131 x 171 from (26, 36)]
I1014 15:30:25.685905  9105 thread_intergrate.hpp:186] T-Intergrate-intergrate Show face :4, size :640 * 360
I1014 15:30:25.701982  9104 work_thread.hpp:81]  [T-Work-Recog_1] Run work: WorkCompare
I1014 15:30:25.702435  9104 work_compare.cpp:76] Compare face: 4 successed, similarity :0.989552, name : images/ThangLMb.jpg, normal size : 1548 * 1719!
I1014 15:30:25.725114  9099 demo_inner.hpp:177] decode queue size 0
I1014 15:30:25.725231  9102 work_thread.hpp:81]  [T-Work-Detect_0] Run work: WorkDetect
I1014 15:30:25.725265  9102 work_detect.cpp:102] Succeeded to add det start for frame 103
I1014 15:30:25.731829  9102 work_detect.cpp:70] Frame :103 detect result :1 face(s)
I1014 15:30:25.731873  9102 work_detect.cpp:86] Detected bbox: [132 x 168 from (235, 184)]
I1014 15:30:25.731992  9102 work_detect.cpp:120] Succeeded to add det end for frame 103
I1014 15:30:25.732010  9102 work_thread.hpp:81]  [T-Work-Detect_0] Run work: WrokTrack
I1014 15:30:25.732034  9102 work_track.cpp:82] Frame: 103 build input_characts: [0.20625 x 0.466667 from (0.367188, 0.511111)], 0.997488, 0
I1014 15:30:25.732089  9102 work_track.cpp:102] Succeeded to set track lock for frame 103
I1014 15:30:25.732127  9102 work_track.cpp:116] Succeeded to release track lock for frame 103
I1014 15:30:25.732141  9102 work_track.cpp:120] Track results of frame 103: 1 objects input, 1 objects tracked!
I1014 15:30:25.732185  9102 work_track.cpp:148] Frame: 103, track bbox: [132 x 168 from (233.927, 183.794)], gid: 4, lid: 0
I1014 15:30:25.732223  9102 work_thread.hpp:87]  [T-Work-Detect_0] Frame :103 split
I1014 15:30:25.732241  9102 work_thread.hpp:120]  [T-Work-Detect_0] Valid piece: gid = 4
I1014 15:30:25.732259  9102 work_thread.hpp:91]  [T-Work-Detect_0] Push to split queue:recog
I1014 15:30:25.732314  9103 work_thread.hpp:81]  [T-Work-Recog_0] Run work: WorkCapture
I1014 15:30:25.732619  9105 thread_intergrate.hpp:78] [T-Intergrate-intergrate] queue: frame output frame :103
I1014 15:30:25.732645  9105 thread_intergrate.hpp:85] [T-Intergrate-intergrate] queue: compare output face:4
I1014 15:30:25.732663  9105 thread_intergrate.hpp:144] T-Intergrate-intergrate set matched face: 4
I1014 15:30:25.732878  9103 work_thread.hpp:81]  [T-Work-Recog_0] Run work: WorkRecog
I1014 15:30:25.732901  9103 work_recog.hpp:89] Face id: 4 will run recog: bbox [132 x 168 from (235, 184)] quality: 0.481619
I1014 15:30:25.732930  9103 work_recog.hpp:96] Recog pair: [192 x 216 from (208, 144)], [132 x 168 from (27, 40)]
I1014 15:30:25.734555  9105 thread_intergrate.hpp:186] T-Intergrate-intergrate Show face :4, size :640 * 360
I1014 15:30:25.750512  9103 work_thread.hpp:81]  [T-Work-Recog_0] Run work: WorkCompare
I1014 15:30:25.750972  9103 work_compare.cpp:76] Compare face: 4 successed, similarity :0.986544, name : images/ThangLMb.jpg, normal size : 1548 * 1719!
I1014 15:30:25.773214  9099 demo_inner.hpp:177] decode queue size 0
I1014 15:30:25.773314  9102 work_thread.hpp:81]  [T-Work-Detect_0] Run work: WorkDetect
I1014 15:30:25.773349  9102 work_detect.cpp:102] Succeeded to add det start for frame 104
I1014 15:30:25.779888  9102 work_detect.cpp:70] Frame :104 detect result :1 face(s)
I1014 15:30:25.779933  9102 work_detect.cpp:86] Detected bbox: [131 x 167 from (237, 184)]
I1014 15:30:25.779978  9102 work_detect.cpp:120] Succeeded to add det end for frame 104
I1014 15:30:25.779994  9102 work_thread.hpp:81]  [T-Work-Detect_0] Run work: WrokTrack
I1014 15:30:25.780020  9102 work_track.cpp:82] Frame: 104 build input_characts: [0.204688 x 0.463889 from (0.370313, 0.511111)], 0.997596, 0
I1014 15:30:25.780076  9102 work_track.cpp:102] Succeeded to set track lock for frame 104
I1014 15:30:25.780117  9102 work_track.cpp:116] Succeeded to release track lock for frame 104
I1014 15:30:25.780131  9102 work_track.cpp:120] Track results of frame 104: 1 objects input, 1 objects tracked!
I1014 15:30:25.780149  9102 work_track.cpp:148] Frame: 104, track bbox: [131 x 167 from (235.897, 183.789)], gid: 4, lid: 0
I1014 15:30:25.780206  9102 work_thread.hpp:87]  [T-Work-Detect_0] Frame :104 split
I1014 15:30:25.780225  9102 work_thread.hpp:120]  [T-Work-Detect_0] Valid piece: gid = 4
I1014 15:30:25.780242  9102 work_thread.hpp:91]  [T-Work-Detect_0] Push to split queue:recog
I1014 15:30:25.780293  9103 work_thread.hpp:81]  [T-Work-Recog_0] Run work: WorkCapture
I1014 15:30:25.780594  9105 thread_intergrate.hpp:78] [T-Intergrate-intergrate] queue: frame output frame :104
I1014 15:30:25.780638  9105 thread_intergrate.hpp:85] [T-Intergrate-intergrate] queue: compare output face:4
I1014 15:30:25.780658  9105 thread_intergrate.hpp:144] T-Intergrate-intergrate set matched face: 4
I1014 15:30:25.780843  9103 work_thread.hpp:81]  [T-Work-Recog_0] Run work: WorkRecog
I1014 15:30:25.780865  9103 work_recog.hpp:89] Face id: 4 will run recog: bbox [131 x 167 from (237, 184)] quality: 0.471312
I1014 15:30:25.780972  9103 work_recog.hpp:96] Recog pair: [192 x 216 from (208, 144)], [131 x 167 from (29, 40)]
I1014 15:30:25.782650  9105 thread_intergrate.hpp:186] T-Intergrate-intergrate Show face :4, size :640 * 360
I1014 15:30:25.798336  9103 work_thread.hpp:81]  [T-Work-Recog_0] Run work: WorkCompare
I1014 15:30:25.798794  9103 work_compare.cpp:76] Compare face: 4 successed, similarity :0.99176, name : images/ThangLMb.jpg, normal size : 1548 * 1719!
I1014 15:30:25.827586  9099 demo_inner.hpp:177] decode queue size 0
I1014 15:30:25.827742  9102 work_thread.hpp:81]  [T-Work-Detect_0] Run work: WorkDetect
I1014 15:30:25.827783  9102 work_detect.cpp:102] Succeeded to add det start for frame 105
I1014 15:30:25.834420  9102 work_detect.cpp:70] Frame :105 detect result :1 face(s)
I1014 15:30:25.834465  9102 work_detect.cpp:86] Detected bbox: [133 x 168 from (234, 185)]
I1014 15:30:25.834508  9102 work_detect.cpp:120] Succeeded to add det end for frame 105
I1014 15:30:25.834525  9102 work_thread.hpp:81]  [T-Work-Detect_0] Run work: WrokTrack
I1014 15:30:25.834550  9102 work_track.cpp:82] Frame: 105 build input_characts: [0.207813 x 0.466667 from (0.365625, 0.513889)], 0.997596, 0
I1014 15:30:25.834606  9102 work_track.cpp:102] Succeeded to set track lock for frame 105
I1014 15:30:25.834646  9102 work_track.cpp:116] Succeeded to release track lock for frame 105
I1014 15:30:25.834661  9102 work_track.cpp:120] Track results of frame 105: 1 objects input, 1 objects tracked!
I1014 15:30:25.834679  9102 work_track.cpp:148] Frame: 105, track bbox: [133 x 168 from (234.716, 184.036)], gid: 4, lid: 0
I1014 15:30:25.834715  9102 work_thread.hpp:87]  [T-Work-Detect_0] Frame :105 split
I1014 15:30:25.834733  9102 work_thread.hpp:120]  [T-Work-Detect_0] Valid piece: gid = 4
I1014 15:30:25.834753  9102 work_thread.hpp:91]  [T-Work-Detect_0] Push to split queue:recog
I1014 15:30:25.834800  9103 work_thread.hpp:81]  [T-Work-Recog_0] Run work: WorkCapture
I1014 15:30:25.835098  9105 thread_intergrate.hpp:78] [T-Intergrate-intergrate] queue: frame output frame :105
I1014 15:30:25.835126  9105 thread_intergrate.hpp:85] [T-Intergrate-intergrate] queue: compare output face:4
I1014 15:30:25.835145  9105 thread_intergrate.hpp:144] T-Intergrate-intergrate set matched face: 4
I1014 15:30:25.835347  9103 work_thread.hpp:81]  [T-Work-Recog_0] Run work: WorkRecog
I1014 15:30:25.835371  9103 work_recog.hpp:89] Face id: 4 will run recog: bbox [133 x 168 from (234, 185)] quality: 0.48278
I1014 15:30:25.835398  9103 work_recog.hpp:96] Recog pair: [192 x 208 from (208, 152)], [133 x 168 from (26, 33)]
I1014 15:30:25.837056  9105 thread_intergrate.hpp:186] T-Intergrate-intergrate Show face :4, size :640 * 360
I1014 15:30:25.852669  9103 work_thread.hpp:81]  [T-Work-Recog_0] Run work: WorkCompare
I1014 15:30:25.853121  9103 work_compare.cpp:76] Compare face: 4 successed, similarity :0.99025, name : images/ThangLMb.jpg, normal size : 1548 * 1719!
I1014 15:30:25.875645  9099 demo_inner.hpp:177] decode queue size 0
I1014 15:30:25.875777  9102 work_thread.hpp:81]  [T-Work-Detect_0] Run work: WorkDetect
I1014 15:30:25.875811  9102 work_detect.cpp:102] Succeeded to add det start for frame 106
I1014 15:30:25.882334  9102 work_detect.cpp:70] Frame :106 detect result :1 face(s)
I1014 15:30:25.882375  9102 work_detect.cpp:86] Detected bbox: [131 x 173 from (236, 180)]
I1014 15:30:25.882416  9102 work_detect.cpp:120] Succeeded to add det end for frame 106
I1014 15:30:25.882433  9102 work_thread.hpp:81]  [T-Work-Detect_0] Run work: WrokTrack
I1014 15:30:25.882457  9102 work_track.cpp:82] Frame: 106 build input_characts: [0.204688 x 0.480556 from (0.36875, 0.5)], 0.996759, 0
I1014 15:30:25.882513  9102 work_track.cpp:102] Succeeded to set track lock for frame 106
I1014 15:30:25.882552  9102 work_track.cpp:116] Succeeded to release track lock for frame 106
I1014 15:30:25.882567  9102 work_track.cpp:120] Track results of frame 106: 1 objects input, 1 objects tracked!
I1014 15:30:25.882658  9102 work_track.cpp:148] Frame: 106, track bbox: [131 x 173 from (236.313, 180.811)], gid: 4, lid: 0
I1014 15:30:25.882696  9102 work_thread.hpp:87]  [T-Work-Detect_0] Frame :106 split
I1014 15:30:25.882715  9102 work_thread.hpp:120]  [T-Work-Detect_0] Valid piece: gid = 4
I1014 15:30:25.882735  9102 work_thread.hpp:91]  [T-Work-Detect_0] Push to split queue:recog
I1014 15:30:25.882786  9103 work_thread.hpp:81]  [T-Work-Recog_0] Run work: WorkCapture
I1014 15:30:25.883086  9105 thread_intergrate.hpp:78] [T-Intergrate-intergrate] queue: frame output frame :106
I1014 15:30:25.883114  9105 thread_intergrate.hpp:85] [T-Intergrate-intergrate] queue: compare output face:4
I1014 15:30:25.883132  9105 thread_intergrate.hpp:144] T-Intergrate-intergrate set matched face: 4
I1014 15:30:25.883335  9103 work_thread.hpp:81]  [T-Work-Recog_0] Run work: WorkRecog
I1014 15:30:25.883359  9103 work_recog.hpp:89] Face id: 4 will run recog: bbox [131 x 173 from (236, 180)] quality: 0.46852
I1014 15:30:25.883385  9103 work_recog.hpp:96] Recog pair: [192 x 216 from (208, 144)], [131 x 173 from (28, 36)]
I1014 15:30:25.885047  9105 thread_intergrate.hpp:186] T-Intergrate-intergrate Show face :4, size :640 * 360
I1014 15:30:25.895313  9105 thread_intergrate.hpp:95] T-Intergrate-intergrate Try push queue sorting again 5 vs 5
I1014 15:30:25.900751  9103 work_thread.hpp:81]  [T-Work-Recog_0] Run work: WorkCompare
I1014 15:30:25.901178  9103 work_compare.cpp:76] Compare face: 4 successed, similarity :0.991582, name : images/ThangLMb.jpg, normal size : 1548 * 1719!
I1014 15:30:25.905418  9105 thread_intergrate.hpp:95] T-Intergrate-intergrate Try push queue sorting again 5 vs 5
I1014 15:30:25.915525  9105 thread_intergrate.hpp:95] T-Intergrate-intergrate Try push queue sorting again 5 vs 5
I1014 15:30:25.923858  9099 demo_inner.hpp:177] decode queue size 0
I1014 15:30:25.924036  9102 work_thread.hpp:81]  [T-Work-Detect_0] Run work: WorkDetect
I1014 15:30:25.924072  9102 work_detect.cpp:102] Succeeded to add det start for frame 107
I1014 15:30:25.925662  9105 thread_intergrate.hpp:95] T-Intergrate-intergrate Try push queue sorting again 5 vs 5
I1014 15:30:25.930649  9102 work_detect.cpp:70] Frame :107 detect result :1 face(s)
I1014 15:30:25.930672  9102 work_detect.cpp:86] Detected bbox: [130 x 169 from (234, 182)]
I1014 15:30:25.930714  9102 work_detect.cpp:120] Succeeded to add det end for frame 107
I1014 15:30:25.930730  9102 work_thread.hpp:81]  [T-Work-Detect_0] Run work: WrokTrack
I1014 15:30:25.930752  9102 work_track.cpp:82] Frame: 107 build input_characts: [0.203125 x 0.469444 from (0.365625, 0.505556)], 0.996759, 0
I1014 15:30:25.930809  9102 work_track.cpp:102] Succeeded to set track lock for frame 107
I1014 15:30:25.930848  9102 work_track.cpp:116] Succeeded to release track lock for frame 107
I1014 15:30:25.930863  9102 work_track.cpp:120] Track results of frame 107: 1 objects input, 1 objects tracked!
I1014 15:30:25.930881  9102 work_track.cpp:148] Frame: 107, track bbox: [130 x 169 from (235.485, 182.824)], gid: 4, lid: 0
I1014 15:30:25.930918  9102 work_thread.hpp:87]  [T-Work-Detect_0] Frame :107 split
I1014 15:30:25.930935  9102 work_thread.hpp:120]  [T-Work-Detect_0] Valid piece: gid = 4
I1014 15:30:25.930954  9102 work_thread.hpp:91]  [T-Work-Detect_0] Push to split queue:recog
I1014 15:30:25.931013  9103 work_thread.hpp:81]  [T-Work-Recog_0] Run work: WorkCapture
I1014 15:30:25.931551  9103 work_thread.hpp:81]  [T-Work-Recog_0] Run work: WorkRecog
I1014 15:30:25.931573  9103 work_recog.hpp:89] Face id: 4 will run recog: bbox [130 x 169 from (234, 182)] quality: 0.456345
I1014 15:30:25.931601  9103 work_recog.hpp:96] Recog pair: [184 x 216 from (208, 144)], [130 x 169 from (26, 38)]
I1014 15:30:25.935766  9105 thread_intergrate.hpp:95] T-Intergrate-intergrate Try push queue sorting again 5 vs 5
I1014 15:30:25.945861  9105 thread_intergrate.hpp:95] T-Intergrate-intergrate Try push queue sorting again 5 vs 5
I1014 15:30:25.948731  9103 work_thread.hpp:81]  [T-Work-Recog_0] Run work: WorkCompare
I1014 15:30:25.949152  9103 work_compare.cpp:76] Compare face: 4 successed, similarity :0.985645, name : images/ThangLMb.jpg, normal size : 1548 * 1719!
I1014 15:30:25.955962  9105 thread_intergrate.hpp:95] T-Intergrate-intergrate Try push queue sorting again 5 vs 5
I1014 15:30:25.966063  9105 thread_intergrate.hpp:95] T-Intergrate-intergrate Try push queue sorting again 5 vs 5
I1014 15:30:25.976193  9105 thread_intergrate.hpp:95] T-Intergrate-intergrate Try push queue sorting again 5 vs 5
I1014 15:30:25.977668  9099 demo_inner.hpp:177] decode queue size 0
I1014 15:30:25.977794  9102 work_thread.hpp:81]  [T-Work-Detect_0] Run work: WorkDetect
I1014 15:30:25.977830  9102 work_detect.cpp:102] Succeeded to add det start for frame 108
I1014 15:30:25.984448  9102 work_detect.cpp:70] Frame :108 detect result :1 face(s)
I1014 15:30:25.984483  9102 work_detect.cpp:86] Detected bbox: [131 x 167 from (233, 185)]
I1014 15:30:25.984524  9102 work_detect.cpp:120] Succeeded to add det end for frame 108
I1014 15:30:25.984540  9102 work_thread.hpp:81]  [T-Work-Detect_0] Run work: WrokTrack
I1014 15:30:25.984563  9102 work_track.cpp:82] Frame: 108 build input_characts: [0.204688 x 0.463889 from (0.364062, 0.513889)], 0.997488, 0
I1014 15:30:25.984617  9102 work_track.cpp:102] Succeeded to set track lock for frame 108
I1014 15:30:25.984656  9102 work_track.cpp:116] Succeeded to release track lock for frame 108
I1014 15:30:25.984671  9102 work_track.cpp:120] Track results of frame 108: 1 objects input, 1 objects tracked!
I1014 15:30:25.984689  9102 work_track.cpp:148] Frame: 108, track bbox: [131 x 167 from (233.439, 183.95)], gid: 4, lid: 0
I1014 15:30:25.984725  9102 work_thread.hpp:87]  [T-Work-Detect_0] Frame :108 split
I1014 15:30:25.984742  9102 work_thread.hpp:120]  [T-Work-Detect_0] Valid piece: gid = 4
I1014 15:30:25.984760  9102 work_thread.hpp:91]  [T-Work-Detect_0] Push to split queue:recog
I1014 15:30:25.984807  9103 work_thread.hpp:81]  [T-Work-Recog_0] Run work: WorkCapture
I1014 15:30:25.985324  9103 work_thread.hpp:81]  [T-Work-Recog_0] Run work: WorkRecog
I1014 15:30:25.985347  9103 work_recog.hpp:89] Face id: 4 will run recog: bbox [131 x 167 from (233, 185)] quality: 0.48278
I1014 15:30:25.985373  9103 work_recog.hpp:96] Recog pair: [192 x 208 from (200, 152)], [131 x 167 from (33, 33)]
I1014 15:30:25.986357  9105 thread_intergrate.hpp:95] T-Intergrate-intergrate Try push queue sorting again 5 vs 5
I1014 15:30:25.996454  9105 thread_intergrate.hpp:95] T-Intergrate-intergrate Try push queue sorting again 5 vs 5
I1014 15:30:26.002452  9103 work_thread.hpp:81]  [T-Work-Recog_0] Run work: WorkCompare
I1014 15:30:26.002872  9103 work_compare.cpp:76] Compare face: 4 successed, similarity :0.99085, name : images/ThangLMb.jpg, normal size : 1548 * 1719!
I1014 15:30:26.006543  9105 thread_intergrate.hpp:95] T-Intergrate-intergrate Try push queue sorting again 5 vs 5
I1014 15:30:26.016641  9105 thread_intergrate.hpp:95] T-Intergrate-intergrate Try push queue sorting again 5 vs 5
I1014 15:30:26.024010  9100 demo_inner.hpp:260]  gui queue size 10, state = running
I1014 15:30:26.024067  9105 thread_intergrate.hpp:78] [T-Intergrate-intergrate] queue: frame output frame :107
I1014 15:30:26.024094  9105 thread_intergrate.hpp:85] [T-Intergrate-intergrate] queue: compare output face:4
I1014 15:30:26.024113  9105 thread_intergrate.hpp:144] T-Intergrate-intergrate set matched face: 4
I1014 15:30:26.024468  9101 demo_inner.hpp:435] thread [SORT-0]  frame id 101 sorting queue size 0   FPS: 16.995
I1014 15:30:26.024781  9101 demo_inner.hpp:435] thread [SORT-0]  frame id 102 sorting queue size 1   FPS: 17.316
I1014 15:30:26.025074  9101 demo_inner.hpp:435] thread [SORT-0]  frame id 103 sorting queue size 2   FPS: 17.6778
I1014 15:30:26.025416  9101 demo_inner.hpp:435] thread [SORT-0]  frame id 104 sorting queue size 3   FPS: 18.0328
I1014 15:30:26.025715  9105 thread_intergrate.hpp:186] T-Intergrate-intergrate Show face :4, size :640 * 360
I1014 15:30:26.025797  9101 demo_inner.hpp:435] thread [SORT-0]  frame id 105 sorting queue size 4   FPS: 18.3946
I1014 15:30:26.025857  9105 thread_intergrate.hpp:78] [T-Intergrate-intergrate] queue: frame output frame :108
I1014 15:30:26.025916  9105 thread_intergrate.hpp:85] [T-Intergrate-intergrate] queue: compare output face:4
I1014 15:30:26.025935  9105 thread_intergrate.hpp:144] T-Intergrate-intergrate set matched face: 4
I1014 15:30:26.026211  9101 demo_inner.hpp:435] thread [SORT-0]  frame id 106 sorting queue size 5   FPS: 18.7633
I1014 15:30:26.026571  9101 demo_inner.hpp:435] thread [SORT-0]  frame id 107 sorting queue size 6   FPS: 19.2056
I1014 15:30:26.027534  9105 thread_intergrate.hpp:186] T-Intergrate-intergrate Show face :4, size :640 * 360
I1014 15:30:26.027809  9100 demo_inner.hpp:260]  gui queue size 6, state = running
I1014 15:30:26.028048  9101 demo_inner.hpp:435] thread [SORT-0]  frame id 108 sorting queue size 0   FPS: 19.6078
I1014 15:30:26.027540  9099 demo_inner.hpp:177] decode queue size 0
I1014 15:30:26.028232  9102 work_thread.hpp:81]  [T-Work-Detect_0] Run work: WorkDetect
I1014 15:30:26.028264  9102 work_detect.cpp:102] Succeeded to add det start for frame 109
I1014 15:30:26.031646  9100 demo_inner.hpp:260]  gui queue size 0, state = running
I1014 15:30:26.035048  9102 work_detect.cpp:70] Frame :109 detect result :1 face(s)
I1014 15:30:26.035115  9102 work_detect.cpp:86] Detected bbox: [136 x 170 from (233, 184)]
I1014 15:30:26.035166  9102 work_detect.cpp:120] Succeeded to add det end for frame 109
I1014 15:30:26.035184  9102 work_thread.hpp:81]  [T-Work-Detect_0] Run work: WrokTrack
I1014 15:30:26.035213  9102 work_track.cpp:82] Frame: 109 build input_characts: [0.2125 x 0.472222 from (0.364062, 0.511111)], 0.997596, 0
I1014 15:30:26.035281  9102 work_track.cpp:102] Succeeded to set track lock for frame 109
I1014 15:30:26.035327  9102 work_track.cpp:116] Succeeded to release track lock for frame 109
I1014 15:30:26.035342  9102 work_track.cpp:120] Track results of frame 109: 1 objects input, 1 objects tracked!
I1014 15:30:26.035362  9102 work_track.cpp:148] Frame: 109, track bbox: [136 x 170 from (231.364, 183.264)], gid: 4, lid: 0
I1014 15:30:26.035398  9102 work_thread.hpp:87]  [T-Work-Detect_0] Frame :109 split
I1014 15:30:26.035418  9102 work_thread.hpp:120]  [T-Work-Detect_0] Valid piece: gid = 4
I1014 15:30:26.035436  9102 work_thread.hpp:91]  [T-Work-Detect_0] Push to split queue:recog
I1014 15:30:26.035519  9105 thread_intergrate.hpp:78] [T-Intergrate-intergrate] queue: frame output frame :109
I1014 15:30:26.035533  9104 work_thread.hpp:81]  [T-Work-Recog_1] Run work: WorkCapture
I1014 15:30:26.035552  9105 thread_intergrate.hpp:85] [T-Intergrate-intergrate] queue: compare output face:4
I1014 15:30:26.035603  9105 thread_intergrate.hpp:144] T-Intergrate-intergrate set matched face: 4
I1014 15:30:26.036125  9104 work_thread.hpp:81]  [T-Work-Recog_1] Run work: WorkRecog
I1014 15:30:26.036150  9104 work_recog.hpp:89] Face id: 4 will run recog: bbox [136 x 170 from (233, 184)] quality: 0.484341
I1014 15:30:26.036208  9104 work_recog.hpp:96] Recog pair: [200 x 216 from (200, 144)], [136 x 170 from (33, 40)]
I1014 15:30:26.037467  9105 thread_intergrate.hpp:186] T-Intergrate-intergrate Show face :4, size :640 * 360
I1014 15:30:26.038076  9101 demo_inner.hpp:435] thread [SORT-0]  frame id 109 sorting queue size 0   FPS: 19.9456
I1014 15:30:26.040596  9100 demo_inner.hpp:260]  gui queue size 0, state = running
I1014 15:30:26.053856  9104 work_thread.hpp:81]  [T-Work-Recog_1] Run work: WorkCompare
I1014 15:30:26.054333  9104 work_compare.cpp:76] Compare face: 4 successed, similarity :0.989171, name : images/ThangLMb.jpg, normal size : 1548 * 1719!
I1014 15:30:26.071663  9099 demo_inner.hpp:177] decode queue size 0
I1014 15:30:26.071799  9102 work_thread.hpp:81]  [T-Work-Detect_0] Run work: WorkDetect
I1014 15:30:26.071841  9102 work_detect.cpp:102] Succeeded to add det start for frame 110
I1014 15:30:26.078471  9102 work_detect.cpp:70] Frame :110 detect result :1 face(s)
I1014 15:30:26.078512  9102 work_detect.cpp:86] Detected bbox: [135 x 170 from (230, 185)]
I1014 15:30:26.078554  9102 work_detect.cpp:120] Succeeded to add det end for frame 110
I1014 15:30:26.078644  9102 work_thread.hpp:81]  [T-Work-Detect_0] Run work: WrokTrack
I1014 15:30:26.078670  9102 work_track.cpp:82] Frame: 110 build input_characts: [0.210938 x 0.472222 from (0.359375, 0.513889)], 0.997488, 0
I1014 15:30:26.078727  9102 work_track.cpp:102] Succeeded to set track lock for frame 110
I1014 15:30:26.078765  9102 work_track.cpp:116] Succeeded to release track lock for frame 110
I1014 15:30:26.078780  9102 work_track.cpp:120] Track results of frame 110: 1 objects input, 1 objects tracked!
I1014 15:30:26.078799  9102 work_track.cpp:148] Frame: 110, track bbox: [135 x 170 from (230.952, 184.294)], gid: 4, lid: 0
I1014 15:30:26.078835  9102 work_thread.hpp:87]  [T-Work-Detect_0] Frame :110 split
I1014 15:30:26.078852  9102 work_thread.hpp:120]  [T-Work-Detect_0] Valid piece: gid = 4
I1014 15:30:26.078871  9102 work_thread.hpp:91]  [T-Work-Detect_0] Push to split queue:recog
I1014 15:30:26.078922  9103 work_thread.hpp:81]  [T-Work-Recog_0] Run work: WorkCapture
I1014 15:30:26.079233  9105 thread_intergrate.hpp:78] [T-Intergrate-intergrate] queue: frame output frame :110
I1014 15:30:26.079262  9105 thread_intergrate.hpp:85] [T-Intergrate-intergrate] queue: compare output face:4
I1014 15:30:26.079280  9105 thread_intergrate.hpp:144] T-Intergrate-intergrate set matched face: 4
I1014 15:30:26.079471  9103 work_thread.hpp:81]  [T-Work-Recog_0] Run work: WorkRecog
I1014 15:30:26.079494  9103 work_recog.hpp:89] Face id: 4 will run recog: bbox [135 x 170 from (230, 185)] quality: 0.483683
I1014 15:30:26.079521  9103 work_recog.hpp:96] Recog pair: [192 x 216 from (200, 144)], [135 x 170 from (30, 41)]
I1014 15:30:26.081348  9105 thread_intergrate.hpp:186] T-Intergrate-intergrate Show face :4, size :640 * 360
I1014 15:30:26.081918  9101 demo_inner.hpp:435] thread [SORT-0]  frame id 110 sorting queue size 0   FPS: 20.0364
I1014 15:30:26.081984  9100 demo_inner.hpp:260]  gui queue size 0, state = running
I1014 15:30:26.096983  9103 work_thread.hpp:81]  [T-Work-Recog_0] Run work: WorkCompare
I1014 15:30:26.097447  9103 work_compare.cpp:76] Compare face: 4 successed, similarity :0.990106, name : images/ThangLMb.jpg, normal size : 1548 * 1719!
I1014 15:30:26.125656  9099 demo_inner.hpp:177] decode queue size 0
I1014 15:30:26.125790  9102 work_thread.hpp:81]  [T-Work-Detect_0] Run work: WorkDetect
I1014 15:30:26.125828  9102 work_detect.cpp:102] Succeeded to add det start for frame 111
I1014 15:30:26.132426  9102 work_detect.cpp:70] Frame :111 detect result :1 face(s)
I1014 15:30:26.132467  9102 work_detect.cpp:86] Detected bbox: [133 x 171 from (234, 183)]
I1014 15:30:26.132509  9102 work_detect.cpp:120] Succeeded to add det end for frame 111
I1014 15:30:26.132526  9102 work_thread.hpp:81]  [T-Work-Detect_0] Run work: WrokTrack
I1014 15:30:26.132551  9102 work_track.cpp:82] Frame: 111 build input_characts: [0.207813 x 0.475 from (0.365625, 0.508333)], 0.997596, 0
I1014 15:30:26.132608  9102 work_track.cpp:102] Succeeded to set track lock for frame 111
I1014 15:30:26.132648  9102 work_track.cpp:116] Succeeded to release track lock for frame 111
I1014 15:30:26.132663  9102 work_track.cpp:120] Track results of frame 111: 1 objects input, 1 objects tracked!
I1014 15:30:26.132681  9102 work_track.cpp:148] Frame: 111, track bbox: [133 x 171 from (232.665, 184.162)], gid: 4, lid: 0
I1014 15:30:26.132717  9102 work_thread.hpp:87]  [T-Work-Detect_0] Frame :111 split
I1014 15:30:26.132735  9102 work_thread.hpp:120]  [T-Work-Detect_0] Valid piece: gid = 4
I1014 15:30:26.132753  9102 work_thread.hpp:91]  [T-Work-Detect_0] Push to split queue:recog
I1014 15:30:26.132805  9104 work_thread.hpp:81]  [T-Work-Recog_1] Run work: WorkCapture
I1014 15:30:26.133105  9105 thread_intergrate.hpp:78] [T-Intergrate-intergrate] queue: frame output frame :111
I1014 15:30:26.133141  9105 thread_intergrate.hpp:85] [T-Intergrate-intergrate] queue: compare output face:4
I1014 15:30:26.133158  9105 thread_intergrate.hpp:144] T-Intergrate-intergrate set matched face: 4
I1014 15:30:26.133412  9104 work_thread.hpp:81]  [T-Work-Recog_1] Run work: WorkRecog
I1014 15:30:26.133523  9104 work_recog.hpp:89] Face id: 4 will run recog: bbox [133 x 171 from (234, 183)] quality: 0.479768
I1014 15:30:26.133553  9104 work_recog.hpp:96] Recog pair: [192 x 216 from (208, 144)], [133 x 171 from (26, 39)]
I1014 15:30:26.135241  9105 thread_intergrate.hpp:186] T-Intergrate-intergrate Show face :4, size :640 * 360
I1014 15:30:26.135813  9101 demo_inner.hpp:435] thread [SORT-0]  frame id 111 sorting queue size 0   FPS: 19.9818
I1014 15:30:26.135881  9100 demo_inner.hpp:260]  gui queue size 0, state = running
I1014 15:30:26.151046  9104 work_thread.hpp:81]  [T-Work-Recog_1] Run work: WorkCompare
I1014 15:30:26.151511  9104 work_compare.cpp:76] Compare face: 4 successed, similarity :0.995336, name : images/ThangLMb.jpg, normal size : 1548 * 1719!
I1014 15:30:26.173533  9099 demo_inner.hpp:177] decode queue size 0
I1014 15:30:26.173633  9102 work_thread.hpp:81]  [T-Work-Detect_0] Run work: WorkDetect
I1014 15:30:26.173668  9102 work_detect.cpp:102] Succeeded to add det start for frame 112
I1014 15:30:26.180294  9102 work_detect.cpp:70] Frame :112 detect result :1 face(s)
I1014 15:30:26.180341  9102 work_detect.cpp:86] Detected bbox: [136 x 177 from (229, 180)]
I1014 15:30:26.180382  9102 work_detect.cpp:120] Succeeded to add det end for frame 112
I1014 15:30:26.180398  9102 work_thread.hpp:81]  [T-Work-Detect_0] Run work: WrokTrack
I1014 15:30:26.180423  9102 work_track.cpp:82] Frame: 112 build input_characts: [0.2125 x 0.491667 from (0.357812, 0.5)], 0.999622, 0
I1014 15:30:26.180478  9102 work_track.cpp:102] Succeeded to set track lock for frame 112
I1014 15:30:26.180517  9102 work_track.cpp:116] Succeeded to release track lock for frame 112
I1014 15:30:26.180531  9102 work_track.cpp:120] Track results of frame 112: 1 objects input, 1 objects tracked!
I1014 15:30:26.180549  9102 work_track.cpp:148] Frame: 112, track bbox: [136 x 177 from (230.395, 180.759)], gid: 4, lid: 0
I1014 15:30:26.180585  9102 work_thread.hpp:87]  [T-Work-Detect_0] Frame :112 split
I1014 15:30:26.180603  9102 work_thread.hpp:120]  [T-Work-Detect_0] Valid piece: gid = 4
I1014 15:30:26.180621  9102 work_thread.hpp:91]  [T-Work-Detect_0] Push to split queue:recog
I1014 15:30:26.180670  9104 work_thread.hpp:81]  [T-Work-Recog_1] Run work: WorkCapture
I1014 15:30:26.180979  9105 thread_intergrate.hpp:78] [T-Intergrate-intergrate] queue: frame output frame :112
I1014 15:30:26.181008  9105 thread_intergrate.hpp:85] [T-Intergrate-intergrate] queue: compare output face:4
I1014 15:30:26.181027  9105 thread_intergrate.hpp:144] T-Intergrate-intergrate set matched face: 4
I1014 15:30:26.181217  9104 work_thread.hpp:81]  [T-Work-Recog_1] Run work: WorkRecog
I1014 15:30:26.181241  9104 work_recog.hpp:89] Face id: 4 will run recog: bbox [136 x 177 from (229, 180)] quality: 0.472021
I1014 15:30:26.181270  9104 work_recog.hpp:96] Recog pair: [192 x 216 from (200, 144)], [136 x 177 from (29, 36)]
I1014 15:30:26.183012  9105 thread_intergrate.hpp:186] T-Intergrate-intergrate Show face :4, size :640 * 360
I1014 15:30:26.183609  9101 demo_inner.hpp:435] thread [SORT-0]  frame id 112 sorting queue size 0   FPS: 19.9909
I1014 15:30:26.183678  9100 demo_inner.hpp:260]  gui queue size 0, state = running
I1014 15:30:26.198719  9104 work_thread.hpp:81]  [T-Work-Recog_1] Run work: WorkCompare
I1014 15:30:26.199182  9104 work_compare.cpp:76] Compare face: 4 successed, similarity :0.994257, name : images/ThangLMb.jpg, normal size : 1548 * 1719!
I1014 15:30:26.221385  9099 demo_inner.hpp:177] decode queue size 0
I1014 15:30:26.221487  9102 work_thread.hpp:81]  [T-Work-Detect_0] Run work: WorkDetect
