Log file created at: 2019/10/14 15:11:43
Running on machine: zcu104
Log line format: [IWEF]mmdd hh:mm:ss.uuuuuu threadid file:line] msg
I1014 15:11:43.784545  8756 feature_lib.cpp:109] Feature lib read name: images/HaDM.jpg
I1014 15:11:43.785475  8756 feature_lib.cpp:131] Read lib face : images/HaDM.jpg
I1014 15:11:43.785504  8756 feature_lib.cpp:109] Feature lib read name: images/HaiHV.jpg
I1014 15:11:43.785903  8756 feature_lib.cpp:131] Read lib face : images/HaiHV.jpg
I1014 15:11:43.785923  8756 feature_lib.cpp:109] Feature lib read name: images/SonNNe.jpg
I1014 15:11:43.786314  8756 feature_lib.cpp:131] Read lib face : images/SonNNe.jpg
I1014 15:11:43.786332  8756 feature_lib.cpp:109] Feature lib read name: images/TungDM.jpg
I1014 15:11:43.786720  8756 feature_lib.cpp:131] Read lib face : images/TungDM.jpg
I1014 15:11:43.786738  8756 feature_lib.cpp:109] Feature lib read name: images/HungVTc.png
I1014 15:11:43.787140  8756 feature_lib.cpp:131] Read lib face : images/HungVTc.png
I1014 15:11:43.787170  8756 feature_lib.cpp:109] Feature lib read name: images/DangVHb.jpg
I1014 15:11:43.787560  8756 feature_lib.cpp:131] Read lib face : images/DangVHb.jpg
I1014 15:11:43.787580  8756 feature_lib.cpp:109] Feature lib read name: images/hungndn.jpg
I1014 15:11:43.787972  8756 feature_lib.cpp:131] Read lib face : images/hungndn.jpg
I1014 15:11:43.787992  8756 feature_lib.cpp:109] Feature lib read name: images/HieuPV.jpg
I1014 15:11:43.788405  8756 feature_lib.cpp:131] Read lib face : images/HieuPV.jpg
I1014 15:11:43.788426  8756 feature_lib.cpp:109] Feature lib read name: images/HuyNQz.png
I1014 15:11:43.788854  8756 feature_lib.cpp:131] Read lib face : images/HuyNQz.png
I1014 15:11:43.788892  8756 feature_lib.cpp:109] Feature lib read name: images/VuongNQb.png
I1014 15:11:43.789286  8756 feature_lib.cpp:131] Read lib face : images/VuongNQb.png
I1014 15:11:43.789314  8756 feature_lib.cpp:109] Feature lib read name: images/ThangLMb.jpg
I1014 15:11:43.789710  8756 feature_lib.cpp:131] Read lib face : images/ThangLMb.jpg
I1014 15:11:43.789728  8756 feature_lib.cpp:109] Feature lib read name: images/truongnxd.png
I1014 15:11:43.790122  8756 feature_lib.cpp:131] Read lib face : images/truongnxd.png
I1014 15:11:43.790141  8756 feature_lib.cpp:109] Feature lib read name: images/ThaoDQ.jpg
I1014 15:11:43.790534  8756 feature_lib.cpp:131] Read lib face : images/ThaoDQ.jpg
I1014 15:11:43.790582  8756 feature_lib.cpp:147] Loading normal image: images/HaDM.jpg...
I1014 15:11:43.821327  8756 feature_lib.cpp:158] Load normal image: images/HaDM.jpg done size: 838 * 1100
I1014 15:11:43.821393  8756 feature_lib.cpp:147] Loading normal image: images/HaiHV.jpg...
I1014 15:11:43.879245  8756 feature_lib.cpp:158] Load normal image: images/HaiHV.jpg done size: 1203 * 1541
I1014 15:11:43.879307  8756 feature_lib.cpp:147] Loading normal image: images/SonNNe.jpg...
I1014 15:11:43.954393  8756 feature_lib.cpp:158] Load normal image: images/SonNNe.jpg done size: 1429 * 1719
I1014 15:11:43.954453  8756 feature_lib.cpp:147] Loading normal image: images/TungDM.jpg...
I1014 15:11:44.013336  8756 feature_lib.cpp:158] Load normal image: images/TungDM.jpg done size: 1340 * 1462
I1014 15:11:44.013396  8756 feature_lib.cpp:147] Loading normal image: images/HungVTc.png...
I1014 15:11:44.021533  8756 feature_lib.cpp:158] Load normal image: images/HungVTc.png done size: 263 * 317
I1014 15:11:44.021564  8756 feature_lib.cpp:147] Loading normal image: images/DangVHb.jpg...
I1014 15:11:44.087265  8756 feature_lib.cpp:158] Load normal image: images/DangVHb.jpg done size: 1469 * 1456
I1014 15:11:44.087327  8756 feature_lib.cpp:147] Loading normal image: images/hungndn.jpg...
I1014 15:11:44.184952  8756 feature_lib.cpp:158] Load normal image: images/hungndn.jpg done size: 1636 * 1930
I1014 15:11:44.185014  8756 feature_lib.cpp:147] Loading normal image: images/HieuPV.jpg...
I1014 15:11:44.263754  8756 feature_lib.cpp:158] Load normal image: images/HieuPV.jpg done size: 1527 * 1719
I1014 15:11:44.263813  8756 feature_lib.cpp:147] Loading normal image: images/HuyNQz.png...
I1014 15:11:44.290289  8756 feature_lib.cpp:158] Load normal image: images/HuyNQz.png done size: 493 * 639
I1014 15:11:44.290349  8756 feature_lib.cpp:147] Loading normal image: images/VuongNQb.png...
I1014 15:11:44.305192  8756 feature_lib.cpp:158] Load normal image: images/VuongNQb.png done size: 351 * 514
I1014 15:11:44.305307  8756 feature_lib.cpp:147] Loading normal image: images/ThangLMb.jpg...
I1014 15:11:44.383620  8756 feature_lib.cpp:158] Load normal image: images/ThangLMb.jpg done size: 1548 * 1719
I1014 15:11:44.383680  8756 feature_lib.cpp:147] Loading normal image: images/truongnxd.png...
I1014 15:11:44.436790  8756 feature_lib.cpp:158] Load normal image: images/truongnxd.png done size: 906 * 964
I1014 15:11:44.436851  8756 feature_lib.cpp:147] Loading normal image: images/ThaoDQ.jpg...
I1014 15:11:44.509318  8756 feature_lib.cpp:158] Load normal image: images/ThaoDQ.jpg done size: 1425 * 1719
I1014 15:11:44.876662  8756 demo_inner.hpp:126] thread [DedodeThread-0] is starting
I1014 15:11:44.876832  8756 demo_inner.hpp:126] thread [GUIThread] is starting
I1014 15:11:44.876919  8758 demo_inner.hpp:101] thread [DedodeThread-0] is started
I1014 15:11:44.876929  8756 demo_inner.hpp:126] thread [SORT-0] is starting
I1014 15:11:44.876991  8759 demo_inner.hpp:101] thread [GUIThread] is started
I1014 15:11:44.877012  8756 demo_inner.hpp:126] thread [T-Work-Detect_0] is starting
I1014 15:11:44.877068  8760 demo_inner.hpp:101] thread [SORT-0] is started
I1014 15:11:44.877074  8756 demo_inner.hpp:126] thread [T-Work-Recog_0] is starting
I1014 15:11:44.877110  8761 demo_inner.hpp:101] thread [T-Work-Detect_0] is started
I1014 15:11:44.877148  8756 demo_inner.hpp:126] thread [T-Work-Recog_1] is starting
I1014 15:11:44.877200  8762 demo_inner.hpp:101] thread [T-Work-Recog_0] is started
I1014 15:11:44.877220  8756 demo_inner.hpp:126] thread [T-Intergrate-intergrate] is starting
I1014 15:11:44.877243  8763 demo_inner.hpp:101] thread [T-Work-Recog_1] is started
I1014 15:11:44.877283  8756 demo_inner.hpp:137] waiting for [GUIThread] ended
I1014 15:11:44.877310  8764 demo_inner.hpp:101] thread [T-Intergrate-intergrate] is started
I1014 15:11:45.583979  8758 demo_inner.hpp:177] decode queue size 0
I1014 15:11:45.584139  8761 work_thread.hpp:81]  [T-Work-Detect_0] Run work: WorkDetect
I1014 15:11:45.584230  8761 work_detect.cpp:102] Succeeded to add det start for frame 1
I1014 15:11:45.591336  8761 work_detect.cpp:70] Frame :1 detect result :1 face(s)
W1014 15:11:45.591379  8761 work_detect.cpp:83] Invalid bbox: [181 x 228 from (276, 134)]
I1014 15:11:45.591723  8761 work_detect.cpp:120] Succeeded to add det end for frame 1
I1014 15:11:45.591742  8761 work_thread.hpp:81]  [T-Work-Detect_0] Run work: WrokTrack
I1014 15:11:45.591773  8761 work_track.cpp:102] Succeeded to set track lock for frame 1
I1014 15:11:45.591822  8761 work_track.cpp:116] Succeeded to release track lock for frame 1
I1014 15:11:45.591837  8761 work_track.cpp:120] Track results of frame 1: 0 objects input, 0 objects tracked!
I1014 15:11:45.591856  8761 work_thread.hpp:87]  [T-Work-Detect_0] Frame :1 split
I1014 15:11:45.591895  8764 thread_intergrate.hpp:78] [T-Intergrate-intergrate] queue: frame output frame :1
I1014 15:11:45.593022  8760 demo_inner.hpp:435] thread [SORT-0]  frame id 1 sorting queue size 0   FPS: -1
I1014 15:11:45.593129  8759 demo_inner.hpp:260]  gui queue size 0, state = running
I1014 15:11:45.625939  8758 demo_inner.hpp:177] decode queue size 0
I1014 15:11:45.626060  8761 work_thread.hpp:81]  [T-Work-Detect_0] Run work: WorkDetect
I1014 15:11:45.626096  8761 work_detect.cpp:102] Succeeded to add det start for frame 2
I1014 15:11:45.632840  8761 work_detect.cpp:70] Frame :2 detect result :1 face(s)
W1014 15:11:45.632882  8761 work_detect.cpp:83] Invalid bbox: [162 x 204 from (283, 160)]
I1014 15:11:45.632957  8761 work_detect.cpp:120] Succeeded to add det end for frame 2
I1014 15:11:45.632974  8761 work_thread.hpp:81]  [T-Work-Detect_0] Run work: WrokTrack
I1014 15:11:45.633002  8761 work_track.cpp:102] Succeeded to set track lock for frame 2
I1014 15:11:45.633028  8761 work_track.cpp:116] Succeeded to release track lock for frame 2
I1014 15:11:45.633042  8761 work_track.cpp:120] Track results of frame 2: 0 objects input, 0 objects tracked!
I1014 15:11:45.633061  8761 work_thread.hpp:87]  [T-Work-Detect_0] Frame :2 split
I1014 15:11:45.633158  8764 thread_intergrate.hpp:78] [T-Intergrate-intergrate] queue: frame output frame :2
I1014 15:11:45.635073  8760 demo_inner.hpp:435] thread [SORT-0]  frame id 2 sorting queue size 0   FPS: 24.3902
I1014 15:11:45.638067  8759 demo_inner.hpp:260]  gui queue size 0, state = running
I1014 15:11:45.655794  8758 demo_inner.hpp:177] decode queue size 0
I1014 15:11:45.655903  8761 work_thread.hpp:81]  [T-Work-Detect_0] Run work: WorkDetect
I1014 15:11:45.655939  8761 work_detect.cpp:102] Succeeded to add det start for frame 3
I1014 15:11:45.662596  8761 work_detect.cpp:70] Frame :3 detect result :1 face(s)
I1014 15:11:45.662626  8761 work_detect.cpp:86] Detected bbox: [177 x 222 from (279, 135)]
I1014 15:11:45.662665  8761 work_detect.cpp:120] Succeeded to add det end for frame 3
I1014 15:11:45.662681  8761 work_thread.hpp:81]  [T-Work-Detect_0] Run work: WrokTrack
I1014 15:11:45.662704  8761 work_track.cpp:82] Frame: 3 build input_characts: [0.276563 x 0.616667 from (0.435937, 0.375)], 0.999622, 0
I1014 15:11:45.662763  8761 work_track.cpp:102] Succeeded to set track lock for frame 3
I1014 15:11:45.662851  8761 work_track.cpp:116] Succeeded to release track lock for frame 3
I1014 15:11:45.662868  8761 work_track.cpp:120] Track results of frame 3: 1 objects input, 0 objects tracked!
I1014 15:11:45.662884  8761 work_track.cpp:162] Frame: 3 lid: 0 not tracked, will set invalid
I1014 15:11:45.662900  8761 work_thread.hpp:87]  [T-Work-Detect_0] Frame :3 split
I1014 15:11:45.662916  8761 work_thread.hpp:126]  [T-Work-Detect_0] Invalid piece: lid = 0, drop it
I1014 15:11:45.662956  8764 thread_intergrate.hpp:78] [T-Intergrate-intergrate] queue: frame output frame :3
I1014 15:11:45.664574  8760 demo_inner.hpp:435] thread [SORT-0]  frame id 3 sorting queue size 0   FPS: 28.169
I1014 15:11:45.664638  8759 demo_inner.hpp:260]  gui queue size 0, state = running
I1014 15:11:45.691742  8758 demo_inner.hpp:177] decode queue size 0
I1014 15:11:45.691874  8761 work_thread.hpp:81]  [T-Work-Detect_0] Run work: WorkDetect
I1014 15:11:45.691907  8761 work_detect.cpp:102] Succeeded to add det start for frame 4
I1014 15:11:45.698526  8761 work_detect.cpp:70] Frame :4 detect result :1 face(s)
I1014 15:11:45.698555  8761 work_detect.cpp:86] Detected bbox: [181 x 225 from (278, 134)]
I1014 15:11:45.698595  8761 work_detect.cpp:120] Succeeded to add det end for frame 4
I1014 15:11:45.698611  8761 work_thread.hpp:81]  [T-Work-Detect_0] Run work: WrokTrack
I1014 15:11:45.698632  8761 work_track.cpp:82] Frame: 4 build input_characts: [0.282813 x 0.625 from (0.434375, 0.372222)], 1.00019, 0
I1014 15:11:45.698686  8761 work_track.cpp:102] Succeeded to set track lock for frame 4
I1014 15:11:45.698755  8761 work_track.cpp:116] Succeeded to release track lock for frame 4
I1014 15:11:45.698770  8761 work_track.cpp:120] Track results of frame 4: 1 objects input, 0 objects tracked!
I1014 15:11:45.698787  8761 work_track.cpp:162] Frame: 4 lid: 0 not tracked, will set invalid
I1014 15:11:45.698802  8761 work_thread.hpp:87]  [T-Work-Detect_0] Frame :4 split
I1014 15:11:45.698819  8761 work_thread.hpp:126]  [T-Work-Detect_0] Invalid piece: lid = 0, drop it
I1014 15:11:45.698859  8764 thread_intergrate.hpp:78] [T-Intergrate-intergrate] queue: frame output frame :4
I1014 15:11:45.700657  8760 demo_inner.hpp:435] thread [SORT-0]  frame id 4 sorting queue size 0   FPS: 28.3019
I1014 15:11:45.700748  8759 demo_inner.hpp:260]  gui queue size 0, state = running
I1014 15:11:45.721658  8758 demo_inner.hpp:177] decode queue size 0
I1014 15:11:45.721765  8761 work_thread.hpp:81]  [T-Work-Detect_0] Run work: WorkDetect
I1014 15:11:45.721799  8761 work_detect.cpp:102] Succeeded to add det start for frame 5
I1014 15:11:45.728437  8761 work_detect.cpp:70] Frame :5 detect result :1 face(s)
W1014 15:11:45.728466  8761 work_detect.cpp:83] Invalid bbox: [165 x 206 from (281, 159)]
I1014 15:11:45.728541  8761 work_detect.cpp:120] Succeeded to add det end for frame 5
I1014 15:11:45.728559  8761 work_thread.hpp:81]  [T-Work-Detect_0] Run work: WrokTrack
I1014 15:11:45.728628  8761 work_track.cpp:102] Succeeded to set track lock for frame 5
I1014 15:11:45.728677  8761 work_track.cpp:116] Succeeded to release track lock for frame 5
I1014 15:11:45.728691  8761 work_track.cpp:120] Track results of frame 5: 0 objects input, 0 objects tracked!
I1014 15:11:45.728710  8761 work_thread.hpp:87]  [T-Work-Detect_0] Frame :5 split
I1014 15:11:45.728755  8764 thread_intergrate.hpp:78] [T-Intergrate-intergrate] queue: frame output frame :5
I1014 15:11:45.730180  8760 demo_inner.hpp:435] thread [SORT-0]  frame id 5 sorting queue size 0   FPS: 29.4118
I1014 15:11:45.730370  8759 demo_inner.hpp:260]  gui queue size 0, state = running
I1014 15:11:45.757697  8758 demo_inner.hpp:177] decode queue size 0
I1014 15:11:45.757812  8761 work_thread.hpp:81]  [T-Work-Detect_0] Run work: WorkDetect
I1014 15:11:45.757845  8761 work_detect.cpp:102] Succeeded to add det start for frame 6
I1014 15:11:45.764541  8761 work_detect.cpp:70] Frame :6 detect result :1 face(s)
I1014 15:11:45.764569  8761 work_detect.cpp:86] Detected bbox: [179 x 224 from (276, 136)]
I1014 15:11:45.764608  8761 work_detect.cpp:120] Succeeded to add det end for frame 6
I1014 15:11:45.764624  8761 work_thread.hpp:81]  [T-Work-Detect_0] Run work: WrokTrack
I1014 15:11:45.764647  8761 work_track.cpp:82] Frame: 6 build input_characts: [0.279687 x 0.622222 from (0.43125, 0.377778)], 1.00019, 0
I1014 15:11:45.764700  8761 work_track.cpp:102] Succeeded to set track lock for frame 6
I1014 15:11:45.764739  8761 work_track.cpp:116] Succeeded to release track lock for frame 6
I1014 15:11:45.764755  8761 work_track.cpp:120] Track results of frame 6: 1 objects input, 0 objects tracked!
I1014 15:11:45.764771  8761 work_track.cpp:162] Frame: 6 lid: 0 not tracked, will set invalid
I1014 15:11:45.764786  8761 work_thread.hpp:87]  [T-Work-Detect_0] Frame :6 split
I1014 15:11:45.764803  8761 work_thread.hpp:126]  [T-Work-Detect_0] Invalid piece: lid = 0, drop it
I1014 15:11:45.764842  8764 thread_intergrate.hpp:78] [T-Intergrate-intergrate] queue: frame output frame :6
I1014 15:11:45.766513  8760 demo_inner.hpp:435] thread [SORT-0]  frame id 6 sorting queue size 0   FPS: 29.0698
I1014 15:11:45.766598  8759 demo_inner.hpp:260]  gui queue size 0, state = running
I1014 15:11:45.788077  8758 demo_inner.hpp:177] decode queue size 0
I1014 15:11:45.788215  8761 work_thread.hpp:81]  [T-Work-Detect_0] Run work: WorkDetect
I1014 15:11:45.788249  8761 work_detect.cpp:102] Succeeded to add det start for frame 7
I1014 15:11:45.794868  8761 work_detect.cpp:70] Frame :7 detect result :1 face(s)
W1014 15:11:45.794894  8761 work_detect.cpp:83] Invalid bbox: [157 x 198 from (285, 163)]
I1014 15:11:45.794968  8761 work_detect.cpp:120] Succeeded to add det end for frame 7
I1014 15:11:45.794986  8761 work_thread.hpp:81]  [T-Work-Detect_0] Run work: WrokTrack
I1014 15:11:45.795009  8761 work_track.cpp:102] Succeeded to set track lock for frame 7
I1014 15:11:45.795040  8761 work_track.cpp:116] Succeeded to release track lock for frame 7
I1014 15:11:45.795054  8761 work_track.cpp:120] Track results of frame 7: 0 objects input, 0 objects tracked!
I1014 15:11:45.795073  8761 work_thread.hpp:87]  [T-Work-Detect_0] Frame :7 split
I1014 15:11:45.795114  8764 thread_intergrate.hpp:78] [T-Intergrate-intergrate] queue: frame output frame :7
I1014 15:11:45.796658  8760 demo_inner.hpp:435] thread [SORT-0]  frame id 7 sorting queue size 0   FPS: 29.5567
I1014 15:11:45.796855  8759 demo_inner.hpp:260]  gui queue size 0, state = running
I1014 15:11:45.825963  8758 demo_inner.hpp:177] decode queue size 0
I1014 15:11:45.826083  8761 work_thread.hpp:81]  [T-Work-Detect_0] Run work: WorkDetect
I1014 15:11:45.826122  8761 work_detect.cpp:102] Succeeded to add det start for frame 8
I1014 15:11:45.832798  8761 work_detect.cpp:70] Frame :8 detect result :1 face(s)
W1014 15:11:45.832839  8761 work_detect.cpp:83] Invalid bbox: [163 x 207 from (286, 159)]
I1014 15:11:45.832912  8761 work_detect.cpp:120] Succeeded to add det end for frame 8
I1014 15:11:45.832929  8761 work_thread.hpp:81]  [T-Work-Detect_0] Run work: WrokTrack
I1014 15:11:45.833000  8761 work_track.cpp:102] Succeeded to set track lock for frame 8
I1014 15:11:45.833051  8761 work_track.cpp:116] Succeeded to release track lock for frame 8
I1014 15:11:45.833066  8761 work_track.cpp:120] Track results of frame 8: 0 objects input, 0 objects tracked!
I1014 15:11:45.833086  8761 work_thread.hpp:87]  [T-Work-Detect_0] Frame :8 split
I1014 15:11:45.833133  8764 thread_intergrate.hpp:78] [T-Intergrate-intergrate] queue: frame output frame :8
I1014 15:11:45.834615  8760 demo_inner.hpp:435] thread [SORT-0]  frame id 8 sorting queue size 0   FPS: 29.0456
I1014 15:11:45.834686  8759 demo_inner.hpp:260]  gui queue size 0, state = running
I1014 15:11:45.861585  8758 demo_inner.hpp:177] decode queue size 0
I1014 15:11:45.861704  8761 work_thread.hpp:81]  [T-Work-Detect_0] Run work: WorkDetect
I1014 15:11:45.861743  8761 work_detect.cpp:102] Succeeded to add det start for frame 9
I1014 15:11:45.868477  8761 work_detect.cpp:70] Frame :9 detect result :1 face(s)
W1014 15:11:45.868526  8761 work_detect.cpp:83] Invalid bbox: [164 x 207 from (281, 159)]
I1014 15:11:45.868600  8761 work_detect.cpp:120] Succeeded to add det end for frame 9
I1014 15:11:45.868618  8761 work_thread.hpp:81]  [T-Work-Detect_0] Run work: WrokTrack
I1014 15:11:45.868643  8761 work_track.cpp:102] Succeeded to set track lock for frame 9
I1014 15:11:45.868671  8761 work_track.cpp:116] Succeeded to release track lock for frame 9
I1014 15:11:45.868685  8761 work_track.cpp:120] Track results of frame 9: 0 objects input, 0 objects tracked!
I1014 15:11:45.868703  8761 work_thread.hpp:87]  [T-Work-Detect_0] Frame :9 split
I1014 15:11:45.868746  8764 thread_intergrate.hpp:78] [T-Intergrate-intergrate] queue: frame output frame :9
I1014 15:11:45.870332  8760 demo_inner.hpp:435] thread [SORT-0]  frame id 9 sorting queue size 0   FPS: 28.9855
I1014 15:11:45.870398  8759 demo_inner.hpp:260]  gui queue size 0, state = running
I1014 15:11:45.893378  8758 demo_inner.hpp:177] decode queue size 0
I1014 15:11:45.893576  8761 work_thread.hpp:81]  [T-Work-Detect_0] Run work: WorkDetect
I1014 15:11:45.893623  8761 work_detect.cpp:102] Succeeded to add det start for frame 10
I1014 15:11:45.900303  8761 work_detect.cpp:70] Frame :10 detect result :1 face(s)
W1014 15:11:45.900357  8761 work_detect.cpp:83] Invalid bbox: [159 x 200 from (286, 164)]
I1014 15:11:45.900434  8761 work_detect.cpp:120] Succeeded to add det end for frame 10
I1014 15:11:45.900450  8761 work_thread.hpp:81]  [T-Work-Detect_0] Run work: WrokTrack
I1014 15:11:45.900477  8761 work_track.cpp:102] Succeeded to set track lock for frame 10
I1014 15:11:45.900506  8761 work_track.cpp:116] Succeeded to release track lock for frame 10
I1014 15:11:45.900518  8761 work_track.cpp:120] Track results of frame 10: 0 objects input, 0 objects tracked!
I1014 15:11:45.900537  8761 work_thread.hpp:87]  [T-Work-Detect_0] Frame :10 split
I1014 15:11:45.900578  8764 thread_intergrate.hpp:78] [T-Intergrate-intergrate] queue: frame output frame :10
I1014 15:11:45.902055  8760 demo_inner.hpp:435] thread [SORT-0]  frame id 10 sorting queue size 0   FPS: 29.2208
I1014 15:11:45.902120  8759 demo_inner.hpp:260]  gui queue size 0, state = running
I1014 15:11:45.928848  8758 demo_inner.hpp:177] decode queue size 0
I1014 15:11:45.928966  8761 work_thread.hpp:81]  [T-Work-Detect_0] Run work: WorkDetect
I1014 15:11:45.929003  8761 work_detect.cpp:102] Succeeded to add det start for frame 11
I1014 15:11:45.935600  8761 work_detect.cpp:70] Frame :11 detect result :1 face(s)
W1014 15:11:45.935638  8761 work_detect.cpp:83] Invalid bbox: [163 x 204 from (281, 160)]
I1014 15:11:45.935715  8761 work_detect.cpp:120] Succeeded to add det end for frame 11
I1014 15:11:45.935732  8761 work_thread.hpp:81]  [T-Work-Detect_0] Run work: WrokTrack
I1014 15:11:45.935760  8761 work_track.cpp:102] Succeeded to set track lock for frame 11
I1014 15:11:45.935787  8761 work_track.cpp:116] Succeeded to release track lock for frame 11
I1014 15:11:45.935801  8761 work_track.cpp:120] Track results of frame 11: 0 objects input, 0 objects tracked!
I1014 15:11:45.935865  8761 work_thread.hpp:87]  [T-Work-Detect_0] Frame :11 split
I1014 15:11:45.935914  8764 thread_intergrate.hpp:78] [T-Intergrate-intergrate] queue: frame output frame :11
I1014 15:11:45.937458  8760 demo_inner.hpp:435] thread [SORT-0]  frame id 11 sorting queue size 0   FPS: 29.0698
I1014 15:11:45.937525  8759 demo_inner.hpp:260]  gui queue size 0, state = running
I1014 15:11:45.958920  8758 demo_inner.hpp:177] decode queue size 0
I1014 15:11:45.959096  8761 work_thread.hpp:81]  [T-Work-Detect_0] Run work: WorkDetect
I1014 15:11:45.959141  8761 work_detect.cpp:102] Succeeded to add det start for frame 12
I1014 15:11:45.966138  8761 work_detect.cpp:70] Frame :12 detect result :1 face(s)
W1014 15:11:45.966228  8761 work_detect.cpp:83] Invalid bbox: [162 x 206 from (284, 160)]
I1014 15:11:45.966356  8761 work_detect.cpp:120] Succeeded to add det end for frame 12
I1014 15:11:45.966375  8761 work_thread.hpp:81]  [T-Work-Detect_0] Run work: WrokTrack
I1014 15:11:45.966413  8761 work_track.cpp:102] Succeeded to set track lock for frame 12
I1014 15:11:45.966454  8761 work_track.cpp:116] Succeeded to release track lock for frame 12
I1014 15:11:45.966467  8761 work_track.cpp:120] Track results of frame 12: 0 objects input, 0 objects tracked!
I1014 15:11:45.966487  8761 work_thread.hpp:87]  [T-Work-Detect_0] Frame :12 split
I1014 15:11:45.966586  8764 thread_intergrate.hpp:78] [T-Intergrate-intergrate] queue: frame output frame :12
I1014 15:11:45.968093  8760 demo_inner.hpp:435] thread [SORT-0]  frame id 12 sorting queue size 0   FPS: 29.4118
I1014 15:11:45.968240  8759 demo_inner.hpp:260]  gui queue size 0, state = running
I1014 15:11:45.994922  8758 demo_inner.hpp:177] decode queue size 0
I1014 15:11:45.995090  8761 work_thread.hpp:81]  [T-Work-Detect_0] Run work: WorkDetect
I1014 15:11:45.995144  8761 work_detect.cpp:102] Succeeded to add det start for frame 13
I1014 15:11:46.002358  8761 work_detect.cpp:70] Frame :13 detect result :1 face(s)
W1014 15:11:46.002424  8761 work_detect.cpp:83] Invalid bbox: [186 x 227 from (273, 136)]
I1014 15:11:46.002521  8761 work_detect.cpp:120] Succeeded to add det end for frame 13
I1014 15:11:46.002538  8761 work_thread.hpp:81]  [T-Work-Detect_0] Run work: WrokTrack
I1014 15:11:46.002568  8761 work_track.cpp:102] Succeeded to set track lock for frame 13
I1014 15:11:46.002601  8761 work_track.cpp:116] Succeeded to release track lock for frame 13
I1014 15:11:46.002616  8761 work_track.cpp:120] Track results of frame 13: 0 objects input, 0 objects tracked!
I1014 15:11:46.002636  8761 work_thread.hpp:87]  [T-Work-Detect_0] Frame :13 split
I1014 15:11:46.002723  8764 thread_intergrate.hpp:78] [T-Intergrate-intergrate] queue: frame output frame :13
I1014 15:11:46.004392  8760 demo_inner.hpp:435] thread [SORT-0]  frame id 13 sorting queue size 0   FPS: 29.2683
I1014 15:11:46.004495  8759 demo_inner.hpp:260]  gui queue size 0, state = running
I1014 15:11:46.024371  8758 demo_inner.hpp:177] decode queue size 0
I1014 15:11:46.024480  8761 work_thread.hpp:81]  [T-Work-Detect_0] Run work: WorkDetect
I1014 15:11:46.024518  8761 work_detect.cpp:102] Succeeded to add det start for frame 14
I1014 15:11:46.031242  8761 work_detect.cpp:70] Frame :14 detect result :1 face(s)
W1014 15:11:46.031291  8761 work_detect.cpp:83] Invalid bbox: [164 x 203 from (279, 160)]
I1014 15:11:46.031364  8761 work_detect.cpp:120] Succeeded to add det end for frame 14
I1014 15:11:46.031381  8761 work_thread.hpp:81]  [T-Work-Detect_0] Run work: WrokTrack
I1014 15:11:46.031409  8761 work_track.cpp:102] Succeeded to set track lock for frame 14
I1014 15:11:46.031436  8761 work_track.cpp:116] Succeeded to release track lock for frame 14
I1014 15:11:46.031450  8761 work_track.cpp:120] Track results of frame 14: 0 objects input, 0 objects tracked!
I1014 15:11:46.031468  8761 work_thread.hpp:87]  [T-Work-Detect_0] Frame :14 split
I1014 15:11:46.031517  8764 thread_intergrate.hpp:78] [T-Intergrate-intergrate] queue: frame output frame :14
I1014 15:11:46.033057  8760 demo_inner.hpp:435] thread [SORT-0]  frame id 14 sorting queue size 0   FPS: 29.6128
I1014 15:11:46.033125  8759 demo_inner.hpp:260]  gui queue size 0, state = running
I1014 15:11:46.059309  8758 demo_inner.hpp:177] decode queue size 0
I1014 15:11:46.059435  8761 work_thread.hpp:81]  [T-Work-Detect_0] Run work: WorkDetect
I1014 15:11:46.059474  8761 work_detect.cpp:102] Succeeded to add det start for frame 15
I1014 15:11:46.066195  8761 work_detect.cpp:70] Frame :15 detect result :2 face(s)
W1014 15:11:46.066244  8761 work_detect.cpp:83] Invalid bbox: [184 x 222 from (274, 139)]
I1014 15:11:46.066308  8761 work_detect.cpp:86] Detected bbox: [96 x 115 from (301, 227)]
I1014 15:11:46.066352  8761 work_detect.cpp:120] Succeeded to add det end for frame 15
I1014 15:11:46.066370  8761 work_thread.hpp:81]  [T-Work-Detect_0] Run work: WrokTrack
I1014 15:11:46.066393  8761 work_track.cpp:82] Frame: 15 build input_characts: [0.15 x 0.319444 from (0.470313, 0.630556)], 0.915779, 0
I1014 15:11:46.066449  8761 work_track.cpp:102] Succeeded to set track lock for frame 15
I1014 15:11:46.066484  8761 work_track.cpp:116] Succeeded to release track lock for frame 15
I1014 15:11:46.066498  8761 work_track.cpp:120] Track results of frame 15: 1 objects input, 0 objects tracked!
I1014 15:11:46.066516  8761 work_track.cpp:162] Frame: 15 lid: 1 not tracked, will set invalid
I1014 15:11:46.066531  8761 work_thread.hpp:87]  [T-Work-Detect_0] Frame :15 split
I1014 15:11:46.066548  8761 work_thread.hpp:126]  [T-Work-Detect_0] Invalid piece: lid = 1, drop it
I1014 15:11:46.066591  8764 thread_intergrate.hpp:78] [T-Intergrate-intergrate] queue: frame output frame :15
I1014 15:11:46.068140  8760 demo_inner.hpp:435] thread [SORT-0]  frame id 15 sorting queue size 0   FPS: 29.5359
I1014 15:11:46.068218  8759 demo_inner.hpp:260]  gui queue size 0, state = running
I1014 15:11:46.095806  8758 demo_inner.hpp:177] decode queue size 0
I1014 15:11:46.095924  8761 work_thread.hpp:81]  [T-Work-Detect_0] Run work: WorkDetect
I1014 15:11:46.095963  8761 work_detect.cpp:102] Succeeded to add det start for frame 16
I1014 15:11:46.102682  8761 work_detect.cpp:70] Frame :16 detect result :1 face(s)
W1014 15:11:46.102735  8761 work_detect.cpp:83] Invalid bbox: [164 x 208 from (281, 158)]
I1014 15:11:46.102809  8761 work_detect.cpp:120] Succeeded to add det end for frame 16
I1014 15:11:46.102826  8761 work_thread.hpp:81]  [T-Work-Detect_0] Run work: WrokTrack
I1014 15:11:46.102854  8761 work_track.cpp:102] Succeeded to set track lock for frame 16
I1014 15:11:46.102885  8761 work_track.cpp:116] Succeeded to release track lock for frame 16
I1014 15:11:46.102898  8761 work_track.cpp:120] Track results of frame 16: 0 objects input, 0 objects tracked!
I1014 15:11:46.102917  8761 work_thread.hpp:87]  [T-Work-Detect_0] Frame :16 split
I1014 15:11:46.102963  8764 thread_intergrate.hpp:78] [T-Intergrate-intergrate] queue: frame output frame :16
I1014 15:11:46.104490  8760 demo_inner.hpp:435] thread [SORT-0]  frame id 16 sorting queue size 0   FPS: 29.3542
I1014 15:11:46.104560  8759 demo_inner.hpp:260]  gui queue size 0, state = running
I1014 15:11:46.125617  8758 demo_inner.hpp:177] decode queue size 0
I1014 15:11:46.125722  8761 work_thread.hpp:81]  [T-Work-Detect_0] Run work: WorkDetect
I1014 15:11:46.125761  8761 work_detect.cpp:102] Succeeded to add det start for frame 17
I1014 15:11:46.132519  8761 work_detect.cpp:70] Frame :17 detect result :1 face(s)
W1014 15:11:46.132565  8761 work_detect.cpp:83] Invalid bbox: [166 x 207 from (279, 158)]
I1014 15:11:46.132640  8761 work_detect.cpp:120] Succeeded to add det end for frame 17
I1014 15:11:46.132658  8761 work_thread.hpp:81]  [T-Work-Detect_0] Run work: WrokTrack
I1014 15:11:46.132683  8761 work_track.cpp:102] Succeeded to set track lock for frame 17
I1014 15:11:46.132717  8761 work_track.cpp:116] Succeeded to release track lock for frame 17
I1014 15:11:46.132731  8761 work_track.cpp:120] Track results of frame 17: 0 objects input, 0 objects tracked!
I1014 15:11:46.132750  8761 work_thread.hpp:87]  [T-Work-Detect_0] Frame :17 split
I1014 15:11:46.132843  8764 thread_intergrate.hpp:78] [T-Intergrate-intergrate] queue: frame output frame :17
I1014 15:11:46.134402  8760 demo_inner.hpp:435] thread [SORT-0]  frame id 17 sorting queue size 0   FPS: 29.6296
I1014 15:11:46.134470  8759 demo_inner.hpp:260]  gui queue size 0, state = running
I1014 15:11:46.161262  8758 demo_inner.hpp:177] decode queue size 0
I1014 15:11:46.161368  8761 work_thread.hpp:81]  [T-Work-Detect_0] Run work: WorkDetect
I1014 15:11:46.161407  8761 work_detect.cpp:102] Succeeded to add det start for frame 18
I1014 15:11:46.168045  8761 work_detect.cpp:70] Frame :18 detect result :1 face(s)
W1014 15:11:46.168094  8761 work_detect.cpp:83] Invalid bbox: [164 x 204 from (278, 160)]
I1014 15:11:46.168186  8761 work_detect.cpp:120] Succeeded to add det end for frame 18
I1014 15:11:46.168205  8761 work_thread.hpp:81]  [T-Work-Detect_0] Run work: WrokTrack
I1014 15:11:46.168232  8761 work_track.cpp:102] Succeeded to set track lock for frame 18
I1014 15:11:46.168260  8761 work_track.cpp:116] Succeeded to release track lock for frame 18
I1014 15:11:46.168273  8761 work_track.cpp:120] Track results of frame 18: 0 objects input, 0 objects tracked!
I1014 15:11:46.168292  8761 work_thread.hpp:87]  [T-Work-Detect_0] Frame :18 split
I1014 15:11:46.168418  8764 thread_intergrate.hpp:78] [T-Intergrate-intergrate] queue: frame output frame :18
I1014 15:11:46.169929  8760 demo_inner.hpp:435] thread [SORT-0]  frame id 18 sorting queue size 0   FPS: 29.5139
I1014 15:11:46.169996  8759 demo_inner.hpp:260]  gui queue size 0, state = running
I1014 15:11:46.191498  8758 demo_inner.hpp:177] decode queue size 0
I1014 15:11:46.191684  8761 work_thread.hpp:81]  [T-Work-Detect_0] Run work: WorkDetect
I1014 15:11:46.191726  8761 work_detect.cpp:102] Succeeded to add det start for frame 19
I1014 15:11:46.198328  8761 work_detect.cpp:70] Frame :19 detect result :1 face(s)
I1014 15:11:46.198374  8761 work_detect.cpp:86] Detected bbox: [158 x 194 from (281, 166)]
I1014 15:11:46.198421  8761 work_detect.cpp:120] Succeeded to add det end for frame 19
I1014 15:11:46.198436  8761 work_thread.hpp:81]  [T-Work-Detect_0] Run work: WrokTrack
I1014 15:11:46.198460  8761 work_track.cpp:82] Frame: 19 build input_characts: [0.246875 x 0.538889 from (0.439063, 0.461111)], 0.998681, 0
I1014 15:11:46.198516  8761 work_track.cpp:102] Succeeded to set track lock for frame 19
I1014 15:11:46.198607  8761 work_track.cpp:116] Succeeded to release track lock for frame 19
I1014 15:11:46.198623  8761 work_track.cpp:120] Track results of frame 19: 1 objects input, 0 objects tracked!
I1014 15:11:46.198642  8761 work_track.cpp:162] Frame: 19 lid: 0 not tracked, will set invalid
I1014 15:11:46.198657  8761 work_thread.hpp:87]  [T-Work-Detect_0] Frame :19 split
I1014 15:11:46.198674  8761 work_thread.hpp:126]  [T-Work-Detect_0] Invalid piece: lid = 0, drop it
I1014 15:11:46.198719  8764 thread_intergrate.hpp:78] [T-Intergrate-intergrate] queue: frame output frame :19
I1014 15:11:46.200187  8760 demo_inner.hpp:435] thread [SORT-0]  frame id 19 sorting queue size 0   FPS: 29.703
I1014 15:11:46.200249  8759 demo_inner.hpp:260]  gui queue size 0, state = running
I1014 15:11:46.227268  8758 demo_inner.hpp:177] decode queue size 0
I1014 15:11:46.227408  8761 work_thread.hpp:81]  [T-Work-Detect_0] Run work: WorkDetect
I1014 15:11:46.227447  8761 work_detect.cpp:102] Succeeded to add det start for frame 20
I1014 15:11:46.234203  8761 work_detect.cpp:70] Frame :20 detect result :1 face(s)
W1014 15:11:46.234252  8761 work_detect.cpp:83] Invalid bbox: [164 x 202 from (283, 162)]
I1014 15:11:46.234328  8761 work_detect.cpp:120] Succeeded to add det end for frame 20
I1014 15:11:46.234344  8761 work_thread.hpp:81]  [T-Work-Detect_0] Run work: WrokTrack
I1014 15:11:46.234374  8761 work_track.cpp:102] Succeeded to set track lock for frame 20
I1014 15:11:46.234405  8761 work_track.cpp:116] Succeeded to release track lock for frame 20
I1014 15:11:46.234417  8761 work_track.cpp:120] Track results of frame 20: 0 objects input, 0 objects tracked!
I1014 15:11:46.234483  8761 work_thread.hpp:87]  [T-Work-Detect_0] Frame :20 split
I1014 15:11:46.234529  8764 thread_intergrate.hpp:78] [T-Intergrate-intergrate] queue: frame output frame :20
I1014 15:11:46.236055  8760 demo_inner.hpp:435] thread [SORT-0]  frame id 20 sorting queue size 0   FPS: 29.595
I1014 15:11:46.236131  8759 demo_inner.hpp:260]  gui queue size 0, state = running
I1014 15:11:46.257433  8758 demo_inner.hpp:177] decode queue size 0
I1014 15:11:46.257539  8761 work_thread.hpp:81]  [T-Work-Detect_0] Run work: WorkDetect
I1014 15:11:46.257578  8761 work_detect.cpp:102] Succeeded to add det start for frame 21
I1014 15:11:46.264331  8761 work_detect.cpp:70] Frame :21 detect result :1 face(s)
I1014 15:11:46.264386  8761 work_detect.cpp:86] Detected bbox: [185 x 220 from (275, 139)]
I1014 15:11:46.264432  8761 work_detect.cpp:120] Succeeded to add det end for frame 21
I1014 15:11:46.264448  8761 work_thread.hpp:81]  [T-Work-Detect_0] Run work: WrokTrack
I1014 15:11:46.264472  8761 work_track.cpp:82] Frame: 21 build input_characts: [0.289062 x 0.611111 from (0.429688, 0.386111)], 1.00019, 0
I1014 15:11:46.264528  8761 work_track.cpp:102] Succeeded to set track lock for frame 21
I1014 15:11:46.264567  8761 work_track.cpp:116] Succeeded to release track lock for frame 21
I1014 15:11:46.264581  8761 work_track.cpp:120] Track results of frame 21: 1 objects input, 0 objects tracked!
I1014 15:11:46.264598  8761 work_track.cpp:162] Frame: 21 lid: 0 not tracked, will set invalid
I1014 15:11:46.264614  8761 work_thread.hpp:87]  [T-Work-Detect_0] Frame :21 split
I1014 15:11:46.264631  8761 work_thread.hpp:126]  [T-Work-Detect_0] Invalid piece: lid = 0, drop it
I1014 15:11:46.264678  8764 thread_intergrate.hpp:78] [T-Intergrate-intergrate] queue: frame output frame :21
I1014 15:11:46.266188  8760 demo_inner.hpp:435] thread [SORT-0]  frame id 21 sorting queue size 0   FPS: 29.7619
I1014 15:11:46.266249  8759 demo_inner.hpp:260]  gui queue size 0, state = running
I1014 15:11:46.293354  8758 demo_inner.hpp:177] decode queue size 0
I1014 15:11:46.293463  8761 work_thread.hpp:81]  [T-Work-Detect_0] Run work: WorkDetect
I1014 15:11:46.293501  8761 work_detect.cpp:102] Succeeded to add det start for frame 22
I1014 15:11:46.300132  8761 work_detect.cpp:70] Frame :22 detect result :1 face(s)
W1014 15:11:46.300215  8761 work_detect.cpp:83] Invalid bbox: [164 x 201 from (280, 161)]
I1014 15:11:46.300290  8761 work_detect.cpp:120] Succeeded to add det end for frame 22
I1014 15:11:46.300307  8761 work_thread.hpp:81]  [T-Work-Detect_0] Run work: WrokTrack
I1014 15:11:46.300334  8761 work_track.cpp:102] Succeeded to set track lock for frame 22
I1014 15:11:46.300367  8761 work_track.cpp:116] Succeeded to release track lock for frame 22
I1014 15:11:46.300381  8761 work_track.cpp:120] Track results of frame 22: 0 objects input, 0 objects tracked!
I1014 15:11:46.300400  8761 work_thread.hpp:87]  [T-Work-Detect_0] Frame :22 split
I1014 15:11:46.300446  8764 thread_intergrate.hpp:78] [T-Intergrate-intergrate] queue: frame output frame :22
I1014 15:11:46.301956  8760 demo_inner.hpp:435] thread [SORT-0]  frame id 22 sorting queue size 0   FPS: 29.661
I1014 15:11:46.302021  8759 demo_inner.hpp:260]  gui queue size 0, state = running
I1014 15:11:46.323626  8758 demo_inner.hpp:177] decode queue size 0
I1014 15:11:46.323725  8761 work_thread.hpp:81]  [T-Work-Detect_0] Run work: WorkDetect
I1014 15:11:46.323765  8761 work_detect.cpp:102] Succeeded to add det start for frame 23
I1014 15:11:46.330452  8761 work_detect.cpp:70] Frame :23 detect result :1 face(s)
W1014 15:11:46.330502  8761 work_detect.cpp:83] Invalid bbox: [165 x 202 from (282, 161)]
I1014 15:11:46.330576  8761 work_detect.cpp:120] Succeeded to add det end for frame 23
I1014 15:11:46.330593  8761 work_thread.hpp:81]  [T-Work-Detect_0] Run work: WrokTrack
I1014 15:11:46.330621  8761 work_track.cpp:102] Succeeded to set track lock for frame 23
I1014 15:11:46.330655  8761 work_track.cpp:116] Succeeded to release track lock for frame 23
I1014 15:11:46.330669  8761 work_track.cpp:120] Track results of frame 23: 0 objects input, 0 objects tracked!
I1014 15:11:46.330739  8761 work_thread.hpp:87]  [T-Work-Detect_0] Frame :23 split
I1014 15:11:46.330788  8764 thread_intergrate.hpp:78] [T-Intergrate-intergrate] queue: frame output frame :23
I1014 15:11:46.332345  8760 demo_inner.hpp:435] thread [SORT-0]  frame id 23 sorting queue size 0   FPS: 29.8103
I1014 15:11:46.332415  8759 demo_inner.hpp:260]  gui queue size 0, state = running
I1014 15:11:46.359380  8758 demo_inner.hpp:177] decode queue size 0
I1014 15:11:46.359508  8761 work_thread.hpp:81]  [T-Work-Detect_0] Run work: WorkDetect
I1014 15:11:46.359545  8761 work_detect.cpp:102] Succeeded to add det start for frame 24
I1014 15:11:46.366276  8761 work_detect.cpp:70] Frame :24 detect result :1 face(s)
W1014 15:11:46.366323  8761 work_detect.cpp:83] Invalid bbox: [165 x 202 from (279, 161)]
I1014 15:11:46.366398  8761 work_detect.cpp:120] Succeeded to add det end for frame 24
I1014 15:11:46.366415  8761 work_thread.hpp:81]  [T-Work-Detect_0] Run work: WrokTrack
I1014 15:11:46.366442  8761 work_track.cpp:102] Succeeded to set track lock for frame 24
I1014 15:11:46.366470  8761 work_track.cpp:116] Succeeded to release track lock for frame 24
I1014 15:11:46.366483  8761 work_track.cpp:120] Track results of frame 24: 0 objects input, 0 objects tracked!
I1014 15:11:46.366503  8761 work_thread.hpp:87]  [T-Work-Detect_0] Frame :24 split
I1014 15:11:46.366549  8764 thread_intergrate.hpp:78] [T-Intergrate-intergrate] queue: frame output frame :24
I1014 15:11:46.367985  8760 demo_inner.hpp:435] thread [SORT-0]  frame id 24 sorting queue size 0   FPS: 29.7158
I1014 15:11:46.368055  8759 demo_inner.hpp:260]  gui queue size 0, state = running
I1014 15:11:46.395372  8758 demo_inner.hpp:177] decode queue size 0
I1014 15:11:46.395483  8761 work_thread.hpp:81]  [T-Work-Detect_0] Run work: WorkDetect
I1014 15:11:46.395520  8761 work_detect.cpp:102] Succeeded to add det start for frame 25
I1014 15:11:46.402123  8761 work_detect.cpp:70] Frame :25 detect result :1 face(s)
I1014 15:11:46.402171  8761 work_detect.cpp:86] Detected bbox: [162 x 195 from (281, 165)]
I1014 15:11:46.402215  8761 work_detect.cpp:120] Succeeded to add det end for frame 25
I1014 15:11:46.402231  8761 work_thread.hpp:81]  [T-Work-Detect_0] Run work: WrokTrack
I1014 15:11:46.402256  8761 work_track.cpp:82] Frame: 25 build input_characts: [0.253125 x 0.541667 from (0.439063, 0.458333)], 0.999622, 0
I1014 15:11:46.402310  8761 work_track.cpp:102] Succeeded to set track lock for frame 25
I1014 15:11:46.402346  8761 work_track.cpp:116] Succeeded to release track lock for frame 25
I1014 15:11:46.402360  8761 work_track.cpp:120] Track results of frame 25: 1 objects input, 0 objects tracked!
I1014 15:11:46.402379  8761 work_track.cpp:162] Frame: 25 lid: 0 not tracked, will set invalid
I1014 15:11:46.402393  8761 work_thread.hpp:87]  [T-Work-Detect_0] Frame :25 split
I1014 15:11:46.402410  8761 work_thread.hpp:126]  [T-Work-Detect_0] Invalid piece: lid = 0, drop it
I1014 15:11:46.402451  8764 thread_intergrate.hpp:78] [T-Intergrate-intergrate] queue: frame output frame :25
I1014 15:11:46.404000  8760 demo_inner.hpp:435] thread [SORT-0]  frame id 25 sorting queue size 0   FPS: 29.6296
I1014 15:11:46.404059  8759 demo_inner.hpp:260]  gui queue size 0, state = running
I1014 15:11:46.425420  8758 demo_inner.hpp:177] decode queue size 0
I1014 15:11:46.425521  8761 work_thread.hpp:81]  [T-Work-Detect_0] Run work: WorkDetect
I1014 15:11:46.425559  8761 work_detect.cpp:102] Succeeded to add det start for frame 26
I1014 15:11:46.432132  8761 work_detect.cpp:70] Frame :26 detect result :1 face(s)
W1014 15:11:46.432206  8761 work_detect.cpp:83] Invalid bbox: [158 x 196 from (283, 165)]
I1014 15:11:46.432282  8761 work_detect.cpp:120] Succeeded to add det end for frame 26
I1014 15:11:46.432299  8761 work_thread.hpp:81]  [T-Work-Detect_0] Run work: WrokTrack
I1014 15:11:46.432327  8761 work_track.cpp:102] Succeeded to set track lock for frame 26
I1014 15:11:46.432358  8761 work_track.cpp:116] Succeeded to release track lock for frame 26
I1014 15:11:46.432418  8761 work_track.cpp:120] Track results of frame 26: 0 objects input, 0 objects tracked!
I1014 15:11:46.432438  8761 work_thread.hpp:87]  [T-Work-Detect_0] Frame :26 split
I1014 15:11:46.432487  8764 thread_intergrate.hpp:78] [T-Intergrate-intergrate] queue: frame output frame :26
I1014 15:11:46.433995  8760 demo_inner.hpp:435] thread [SORT-0]  frame id 26 sorting queue size 0   FPS: 29.7619
I1014 15:11:46.434062  8759 demo_inner.hpp:260]  gui queue size 0, state = running
I1014 15:11:46.461294  8758 demo_inner.hpp:177] decode queue size 0
I1014 15:11:46.461422  8761 work_thread.hpp:81]  [T-Work-Detect_0] Run work: WorkDetect
I1014 15:11:46.461460  8761 work_detect.cpp:102] Succeeded to add det start for frame 27
I1014 15:11:46.468116  8761 work_detect.cpp:70] Frame :27 detect result :1 face(s)
I1014 15:11:46.468183  8761 work_detect.cpp:86] Detected bbox: [159 x 196 from (283, 164)]
I1014 15:11:46.468227  8761 work_detect.cpp:120] Succeeded to add det end for frame 27
I1014 15:11:46.468243  8761 work_thread.hpp:81]  [T-Work-Detect_0] Run work: WrokTrack
I1014 15:11:46.468268  8761 work_track.cpp:82] Frame: 27 build input_characts: [0.248437 x 0.544444 from (0.442187, 0.455556)], 1.00019, 0
I1014 15:11:46.468327  8761 work_track.cpp:102] Succeeded to set track lock for frame 27
I1014 15:11:46.468369  8761 work_track.cpp:116] Succeeded to release track lock for frame 27
I1014 15:11:46.468382  8761 work_track.cpp:120] Track results of frame 27: 1 objects input, 0 objects tracked!
I1014 15:11:46.468400  8761 work_track.cpp:162] Frame: 27 lid: 0 not tracked, will set invalid
I1014 15:11:46.468415  8761 work_thread.hpp:87]  [T-Work-Detect_0] Frame :27 split
I1014 15:11:46.468432  8761 work_thread.hpp:126]  [T-Work-Detect_0] Invalid piece: lid = 0, drop it
I1014 15:11:46.468474  8764 thread_intergrate.hpp:78] [T-Intergrate-intergrate] queue: frame output frame :27
I1014 15:11:46.470000  8760 demo_inner.hpp:435] thread [SORT-0]  frame id 27 sorting queue size 0   FPS: 29.6804
I1014 15:11:46.470059  8759 demo_inner.hpp:260]  gui queue size 0, state = running
I1014 15:11:46.491627  8758 demo_inner.hpp:177] decode queue size 0
I1014 15:11:46.491760  8761 work_thread.hpp:81]  [T-Work-Detect_0] Run work: WorkDetect
I1014 15:11:46.491801  8761 work_detect.cpp:102] Succeeded to add det start for frame 28
I1014 15:11:46.498914  8761 work_detect.cpp:70] Frame :28 detect result :1 face(s)
I1014 15:11:46.498970  8761 work_detect.cpp:86] Detected bbox: [159 x 196 from (282, 164)]
I1014 15:11:46.499019  8761 work_detect.cpp:120] Succeeded to add det end for frame 28
I1014 15:11:46.499037  8761 work_thread.hpp:81]  [T-Work-Detect_0] Run work: WrokTrack
I1014 15:11:46.499063  8761 work_track.cpp:82] Frame: 28 build input_characts: [0.248437 x 0.544444 from (0.440625, 0.455556)], 1.00019, 0
I1014 15:11:46.499119  8761 work_track.cpp:102] Succeeded to set track lock for frame 28
I1014 15:11:46.499161  8761 work_track.cpp:116] Succeeded to release track lock for frame 28
I1014 15:11:46.499176  8761 work_track.cpp:120] Track results of frame 28: 1 objects input, 0 objects tracked!
I1014 15:11:46.499194  8761 work_track.cpp:162] Frame: 28 lid: 0 not tracked, will set invalid
I1014 15:11:46.499210  8761 work_thread.hpp:87]  [T-Work-Detect_0] Frame :28 split
I1014 15:11:46.499228  8761 work_thread.hpp:126]  [T-Work-Detect_0] Invalid piece: lid = 0, drop it
I1014 15:11:46.499292  8764 thread_intergrate.hpp:78] [T-Intergrate-intergrate] queue: frame output frame :28
I1014 15:11:46.500820  8760 demo_inner.hpp:435] thread [SORT-0]  frame id 28 sorting queue size 0   FPS: 29.7685
I1014 15:11:46.527408  8758 demo_inner.hpp:177] decode queue size 0
I1014 15:11:46.527523  8761 work_thread.hpp:81]  [T-Work-Detect_0] Run work: WorkDetect
I1014 15:11:46.527559  8761 work_detect.cpp:102] Succeeded to add det start for frame 29
I1014 15:11:46.534229  8761 work_detect.cpp:70] Frame :29 detect result :1 face(s)
W1014 15:11:46.534276  8761 work_detect.cpp:83] Invalid bbox: [163 x 200 from (280, 162)]
I1014 15:11:46.534351  8761 work_detect.cpp:120] Succeeded to add det end for frame 29
I1014 15:11:46.534415  8761 work_thread.hpp:81]  [T-Work-Detect_0] Run work: WrokTrack
I1014 15:11:46.534446  8761 work_track.cpp:102] Succeeded to set track lock for frame 29
I1014 15:11:46.534476  8761 work_track.cpp:116] Succeeded to release track lock for frame 29
I1014 15:11:46.534490  8761 work_track.cpp:120] Track results of frame 29: 0 objects input, 0 objects tracked!
I1014 15:11:46.534508  8761 work_thread.hpp:87]  [T-Work-Detect_0] Frame :29 split
I1014 15:11:46.534554  8764 thread_intergrate.hpp:78] [T-Intergrate-intergrate] queue: frame output frame :29
I1014 15:11:46.536042  8760 demo_inner.hpp:435] thread [SORT-0]  frame id 29 sorting queue size 1   FPS: 29.724
I1014 15:11:46.543923  8759 demo_inner.hpp:260]  gui queue size 1, state = running
I1014 15:11:46.557687  8758 demo_inner.hpp:177] decode queue size 0
I1014 15:11:46.557792  8761 work_thread.hpp:81]  [T-Work-Detect_0] Run work: WorkDetect
I1014 15:11:46.557829  8761 work_detect.cpp:102] Succeeded to add det start for frame 30
I1014 15:11:46.564865  8761 work_detect.cpp:70] Frame :30 detect result :1 face(s)
I1014 15:11:46.564921  8761 work_detect.cpp:86] Detected bbox: [165 x 198 from (280, 162)]
I1014 15:11:46.564966  8761 work_detect.cpp:120] Succeeded to add det end for frame 30
I1014 15:11:46.564982  8761 work_thread.hpp:81]  [T-Work-Detect_0] Run work: WrokTrack
I1014 15:11:46.565006  8761 work_track.cpp:82] Frame: 30 build input_characts: [0.257812 x 0.55 from (0.4375, 0.45)], 0.997596, 0
I1014 15:11:46.565063  8761 work_track.cpp:102] Succeeded to set track lock for frame 30
I1014 15:11:46.565102  8761 work_track.cpp:116] Succeeded to release track lock for frame 30
I1014 15:11:46.565116  8761 work_track.cpp:120] Track results of frame 30: 1 objects input, 0 objects tracked!
I1014 15:11:46.565135  8761 work_track.cpp:162] Frame: 30 lid: 0 not tracked, will set invalid
I1014 15:11:46.565150  8761 work_thread.hpp:87]  [T-Work-Detect_0] Frame :30 split
I1014 15:11:46.565166  8761 work_thread.hpp:126]  [T-Work-Detect_0] Invalid piece: lid = 0, drop it
I1014 15:11:46.565841  8764 thread_intergrate.hpp:78] [T-Intergrate-intergrate] queue: frame output frame :30
I1014 15:11:46.567354  8760 demo_inner.hpp:435] thread [SORT-0]  frame id 30 sorting queue size 0   FPS: 29.8047
I1014 15:11:46.593901  8758 demo_inner.hpp:177] decode queue size 0
I1014 15:11:46.594091  8761 work_thread.hpp:81]  [T-Work-Detect_0] Run work: WorkDetect
I1014 15:11:46.594130  8761 work_detect.cpp:102] Succeeded to add det start for frame 31
I1014 15:11:46.601220  8761 work_detect.cpp:70] Frame :31 detect result :1 face(s)
W1014 15:11:46.601274  8761 work_detect.cpp:83] Invalid bbox: [167 x 208 from (276, 155)]
I1014 15:11:46.601348  8761 work_detect.cpp:120] Succeeded to add det end for frame 31
I1014 15:11:46.601366  8761 work_thread.hpp:81]  [T-Work-Detect_0] Run work: WrokTrack
I1014 15:11:46.601393  8761 work_track.cpp:102] Succeeded to set track lock for frame 31
I1014 15:11:46.601423  8761 work_track.cpp:116] Succeeded to release track lock for frame 31
I1014 15:11:46.601438  8761 work_track.cpp:120] Track results of frame 31: 0 objects input, 0 objects tracked!
I1014 15:11:46.601455  8761 work_thread.hpp:87]  [T-Work-Detect_0] Frame :31 split
I1014 15:11:46.601507  8764 thread_intergrate.hpp:78] [T-Intergrate-intergrate] queue: frame output frame :31
I1014 15:11:46.602982  8760 demo_inner.hpp:435] thread [SORT-0]  frame id 31 sorting queue size 1   FPS: 29.7324
I1014 15:11:46.622053  8759 demo_inner.hpp:260]  gui queue size 1, state = running
I1014 15:11:46.629431  8758 demo_inner.hpp:177] decode queue size 0
I1014 15:11:46.629552  8761 work_thread.hpp:81]  [T-Work-Detect_0] Run work: WorkDetect
I1014 15:11:46.629590  8761 work_detect.cpp:102] Succeeded to add det start for frame 32
I1014 15:11:46.636660  8761 work_detect.cpp:70] Frame :32 detect result :1 face(s)
W1014 15:11:46.636714  8761 work_detect.cpp:83] Invalid bbox: [170 x 210 from (275, 155)]
I1014 15:11:46.636788  8761 work_detect.cpp:120] Succeeded to add det end for frame 32
I1014 15:11:46.636849  8761 work_thread.hpp:81]  [T-Work-Detect_0] Run work: WrokTrack
I1014 15:11:46.636879  8761 work_track.cpp:102] Succeeded to set track lock for frame 32
I1014 15:11:46.636914  8761 work_track.cpp:116] Succeeded to release track lock for frame 32
I1014 15:11:46.636929  8761 work_track.cpp:120] Track results of frame 32: 0 objects input, 0 objects tracked!
I1014 15:11:46.636947  8761 work_thread.hpp:87]  [T-Work-Detect_0] Frame :32 split
I1014 15:11:46.636997  8764 thread_intergrate.hpp:78] [T-Intergrate-intergrate] queue: frame output frame :32
