I1014 12:06:12.195436  5659 work_thread.hpp:81]  [T-Work-Recog_1] Run work: WorkCompare
I1014 12:06:12.195544  5659 work_compare.cpp:76] Compare face: 0 successed, similarity :0.97348, name : images/thanglmb.jpg, normal size : 640 * 360!
I1014 12:06:12.197027  5655 demo_inner.hpp:260]  gui queue size 1, state = running
I1014 12:06:12.205353  5654 demo_inner.hpp:177] decode queue size 0
I1014 12:06:12.205456  5657 work_thread.hpp:81]  [T-Work-Detect_0] Run work: WorkDetect
I1014 12:06:12.205492  5657 work_detect.cpp:102] Succeeded to add det start for frame 57
I1014 12:06:12.212380  5657 work_detect.cpp:70] Frame :57 detect result :1 face(s)
I1014 12:06:12.212431  5657 work_detect.cpp:86] Detected bbox: [133 x 179 from (295, 106)]
I1014 12:06:12.212476  5657 work_detect.cpp:120] Succeeded to add det end for frame 57
I1014 12:06:12.212492  5657 work_thread.hpp:81]  [T-Work-Detect_0] Run work: WrokTrack
I1014 12:06:12.212517  5657 work_track.cpp:82] Frame: 57 build input_characts: [0.207813 x 0.497222 from (0.460938, 0.294444)], 1.00019, 0
I1014 12:06:12.212570  5657 work_track.cpp:102] Succeeded to set track lock for frame 57
I1014 12:06:12.212610  5657 work_track.cpp:116] Succeeded to release track lock for frame 57
I1014 12:06:12.212625  5657 work_track.cpp:120] Track results of frame 57: 1 objects input, 1 objects tracked!
I1014 12:06:12.212642  5657 work_track.cpp:148] Frame: 57, track bbox: [133 x 179 from (295.603, 105.838)], gid: 0, lid: 0
I1014 12:06:12.212679  5657 work_thread.hpp:88]  [T-Work-Detect_0] Frame :57 split
I1014 12:06:12.212697  5657 work_thread.hpp:120]  [T-Work-Detect_0] Valid piece: gid = 0
I1014 12:06:12.212715  5657 work_thread.hpp:92]  [T-Work-Detect_0] Push to split queue:recog
I1014 12:06:12.212764  5660 thread_intergrate.hpp:78] [T-Intergrate-intergrate] queue: frame output frame :57
I1014 12:06:12.212765  5658 work_thread.hpp:81]  [T-Work-Recog_0] Run work: WorkCapture
I1014 12:06:12.212793  5660 thread_intergrate.hpp:85] [T-Intergrate-intergrate] queue: compare output face:0
I1014 12:06:12.212884  5660 thread_intergrate.hpp:137] T-Intergrate-intergrate set matched face: 0
I1014 12:06:12.213445  5658 work_thread.hpp:81]  [T-Work-Recog_0] Run work: WorkRecog
I1014 12:06:12.213472  5658 work_recog.hpp:89] Face id: 0 will run recog: bbox [133 x 179 from (295, 106)] quality: 0.461541
I1014 12:06:12.213501  5658 work_recog.hpp:96] Recog pair: [192 x 256 from (264, 64)], [133 x 179 from (31, 42)]
I1014 12:06:12.214049  5660 thread_intergrate.hpp:157] T-Intergrate-intergrate Show face :0, size :640 * 360
I1014 12:06:12.214643  5656 demo_inner.hpp:435] thread [SORT-0]  frame id 57 sorting queue size 0   FPS: 29.8348
I1014 12:06:12.230847  5658 work_thread.hpp:81]  [T-Work-Recog_0] Run work: WorkCompare
I1014 12:06:12.230953  5658 work_compare.cpp:76] Compare face: 0 successed, similarity :0.971349, name : images/thanglmb.jpg, normal size : 640 * 360!
I1014 12:06:12.238138  5654 demo_inner.hpp:177] decode queue size 0
I1014 12:06:12.238245  5657 work_thread.hpp:81]  [T-Work-Detect_0] Run work: WorkDetect
I1014 12:06:12.238281  5657 work_detect.cpp:102] Succeeded to add det start for frame 58
I1014 12:06:12.245066  5657 work_detect.cpp:70] Frame :58 detect result :1 face(s)
I1014 12:06:12.245111  5657 work_detect.cpp:86] Detected bbox: [137 x 183 from (294, 104)]
I1014 12:06:12.245154  5657 work_detect.cpp:120] Succeeded to add det end for frame 58
I1014 12:06:12.245170  5657 work_thread.hpp:81]  [T-Work-Detect_0] Run work: WrokTrack
I1014 12:06:12.245194  5657 work_track.cpp:82] Frame: 58 build input_characts: [0.214062 x 0.508333 from (0.459375, 0.288889)], 1.00019, 0
I1014 12:06:12.245252  5657 work_track.cpp:102] Succeeded to set track lock for frame 58
I1014 12:06:12.245292  5657 work_track.cpp:116] Succeeded to release track lock for frame 58
I1014 12:06:12.245307  5657 work_track.cpp:120] Track results of frame 58: 1 objects input, 1 objects tracked!
I1014 12:06:12.245326  5657 work_track.cpp:148] Frame: 58, track bbox: [137 x 183 from (293.835, 103.077)], gid: 0, lid: 0
I1014 12:06:12.245362  5657 work_thread.hpp:88]  [T-Work-Detect_0] Frame :58 split
I1014 12:06:12.245379  5657 work_thread.hpp:120]  [T-Work-Detect_0] Valid piece: gid = 0
I1014 12:06:12.245398  5657 work_thread.hpp:92]  [T-Work-Detect_0] Push to split queue:recog
I1014 12:06:12.245450  5659 work_thread.hpp:81]  [T-Work-Recog_1] Run work: WorkCapture
I1014 12:06:12.245748  5660 thread_intergrate.hpp:78] [T-Intergrate-intergrate] queue: frame output frame :58
I1014 12:06:12.245774  5660 thread_intergrate.hpp:85] [T-Intergrate-intergrate] queue: compare output face:0
I1014 12:06:12.245791  5660 thread_intergrate.hpp:137] T-Intergrate-intergrate set matched face: 0
I1014 12:06:12.246003  5659 work_thread.hpp:81]  [T-Work-Recog_1] Run work: WorkRecog
I1014 12:06:12.246027  5659 work_recog.hpp:89] Face id: 0 will run recog: bbox [137 x 183 from (294, 104)] quality: 0.469387
I1014 12:06:12.246054  5659 work_recog.hpp:96] Recog pair: [200 x 264 from (264, 64)], [137 x 183 from (30, 40)]
I1014 12:06:12.246956  5660 thread_intergrate.hpp:157] T-Intergrate-intergrate Show face :0, size :640 * 360
I1014 12:06:12.247577  5656 demo_inner.hpp:435] thread [SORT-0]  frame id 58 sorting queue size 1   FPS: 29.8429
I1014 12:06:12.263582  5659 work_thread.hpp:81]  [T-Work-Recog_1] Run work: WorkCompare
I1014 12:06:12.263695  5659 work_compare.cpp:76] Compare face: 0 successed, similarity :0.97009, name : images/thanglmb.jpg, normal size : 640 * 360!
I1014 12:06:12.273803  5654 demo_inner.hpp:177] decode queue size 0
I1014 12:06:12.273918  5657 work_thread.hpp:81]  [T-Work-Detect_0] Run work: WorkDetect
I1014 12:06:12.273952  5657 work_detect.cpp:102] Succeeded to add det start for frame 59
I1014 12:06:12.280822  5657 work_detect.cpp:70] Frame :59 detect result :1 face(s)
I1014 12:06:12.280869  5657 work_detect.cpp:86] Detected bbox: [141 x 187 from (293, 94)]
I1014 12:06:12.280911  5657 work_detect.cpp:120] Succeeded to add det end for frame 59
I1014 12:06:12.281002  5657 work_thread.hpp:81]  [T-Work-Detect_0] Run work: WrokTrack
I1014 12:06:12.281028  5657 work_track.cpp:82] Frame: 59 build input_characts: [0.220313 x 0.519444 from (0.457812, 0.261111)], 1.00019, 0
I1014 12:06:12.281083  5657 work_track.cpp:102] Succeeded to set track lock for frame 59
I1014 12:06:12.281123  5657 work_track.cpp:116] Succeeded to release track lock for frame 59
I1014 12:06:12.281138  5657 work_track.cpp:120] Track results of frame 59: 1 objects input, 1 objects tracked!
I1014 12:06:12.281157  5657 work_track.cpp:148] Frame: 59, track bbox: [141 x 187 from (292.505, 98.0795)], gid: 0, lid: 0
I1014 12:06:12.281191  5657 work_thread.hpp:88]  [T-Work-Detect_0] Frame :59 split
I1014 12:06:12.281209  5657 work_thread.hpp:120]  [T-Work-Detect_0] Valid piece: gid = 0
I1014 12:06:12.281226  5657 work_thread.hpp:92]  [T-Work-Detect_0] Push to split queue:recog
I1014 12:06:12.281273  5660 thread_intergrate.hpp:78] [T-Intergrate-intergrate] queue: frame output frame :59
I1014 12:06:12.281276  5658 work_thread.hpp:81]  [T-Work-Recog_0] Run work: WorkCapture
I1014 12:06:12.281304  5660 thread_intergrate.hpp:85] [T-Intergrate-intergrate] queue: compare output face:0
I1014 12:06:12.281323  5660 thread_intergrate.hpp:137] T-Intergrate-intergrate set matched face: 0
I1014 12:06:12.281862  5658 work_thread.hpp:81]  [T-Work-Recog_0] Run work: WorkRecog
I1014 12:06:12.281886  5658 work_recog.hpp:89] Face id: 0 will run recog: bbox [141 x 187 from (293, 94)] quality: 0.477212
I1014 12:06:12.281916  5658 work_recog.hpp:96] Recog pair: [200 x 264 from (264, 56)], [141 x 187 from (29, 38)]
I1014 12:06:12.282490  5660 thread_intergrate.hpp:157] T-Intergrate-intergrate Show face :0, size :640 * 360
I1014 12:06:12.283138  5656 demo_inner.hpp:435] thread [SORT-0]  frame id 59 sorting queue size 2   FPS: 29.8047
I1014 12:06:12.297768  5655 demo_inner.hpp:260]  gui queue size 2, state = running
I1014 12:06:12.299626  5658 work_thread.hpp:81]  [T-Work-Recog_0] Run work: WorkCompare
I1014 12:06:12.299738  5658 work_compare.cpp:76] Compare face: 0 successed, similarity :0.97839, name : images/thanglmb.jpg, normal size : 640 * 360!
I1014 12:06:12.304136  5654 demo_inner.hpp:177] decode queue size 0
I1014 12:06:12.304282  5657 work_thread.hpp:81]  [T-Work-Detect_0] Run work: WorkDetect
I1014 12:06:12.304317  5657 work_detect.cpp:102] Succeeded to add det start for frame 60
I1014 12:06:12.310917  5657 work_detect.cpp:70] Frame :60 detect result :1 face(s)
I1014 12:06:12.310957  5657 work_detect.cpp:86] Detected bbox: [137 x 183 from (294, 104)]
I1014 12:06:12.310999  5657 work_detect.cpp:120] Succeeded to add det end for frame 60
I1014 12:06:12.311017  5657 work_thread.hpp:81]  [T-Work-Detect_0] Run work: WrokTrack
I1014 12:06:12.311040  5657 work_track.cpp:82] Frame: 60 build input_characts: [0.214062 x 0.508333 from (0.459375, 0.288889)], 1.00019, 0
I1014 12:06:12.311095  5657 work_track.cpp:102] Succeeded to set track lock for frame 60
I1014 12:06:12.311136  5657 work_track.cpp:116] Succeeded to release track lock for frame 60
I1014 12:06:12.311151  5657 work_track.cpp:120] Track results of frame 60: 1 objects input, 1 objects tracked!
I1014 12:06:12.311168  5657 work_track.cpp:148] Frame: 60, track bbox: [137 x 183 from (294.168, 102.216)], gid: 0, lid: 0
I1014 12:06:12.311205  5657 work_thread.hpp:88]  [T-Work-Detect_0] Frame :60 split
I1014 12:06:12.311223  5657 work_thread.hpp:120]  [T-Work-Detect_0] Valid piece: gid = 0
I1014 12:06:12.311241  5657 work_thread.hpp:92]  [T-Work-Detect_0] Push to split queue:recog
I1014 12:06:12.311290  5659 work_thread.hpp:81]  [T-Work-Recog_1] Run work: WorkCapture
I1014 12:06:12.311302  5660 thread_intergrate.hpp:78] [T-Intergrate-intergrate] queue: frame output frame :60
I1014 12:06:12.311327  5660 thread_intergrate.hpp:85] [T-Intergrate-intergrate] queue: compare output face:0
I1014 12:06:12.311347  5660 thread_intergrate.hpp:137] T-Intergrate-intergrate set matched face: 0
I1014 12:06:12.311852  5659 work_thread.hpp:81]  [T-Work-Recog_1] Run work: WorkRecog
I1014 12:06:12.311954  5659 work_recog.hpp:89] Face id: 0 will run recog: bbox [137 x 183 from (294, 104)] quality: 0.473079
I1014 12:06:12.311985  5659 work_recog.hpp:96] Recog pair: [200 x 264 from (264, 64)], [137 x 183 from (30, 40)]
I1014 12:06:12.312538  5660 thread_intergrate.hpp:157] T-Intergrate-intergrate Show face :0, size :640 * 360
I1014 12:06:12.313313  5656 demo_inner.hpp:435] thread [SORT-0]  frame id 60 sorting queue size 0   FPS: 29.8583
I1014 12:06:12.329623  5659 work_thread.hpp:81]  [T-Work-Recog_1] Run work: WorkCompare
I1014 12:06:12.329730  5659 work_compare.cpp:76] Compare face: 0 successed, similarity :0.9654, name : images/thanglmb.jpg, normal size : 640 * 360!
I1014 12:06:12.337667  5654 demo_inner.hpp:177] decode queue size 0
I1014 12:06:12.337774  5657 work_thread.hpp:81]  [T-Work-Detect_0] Run work: WorkDetect
I1014 12:06:12.337810  5657 work_detect.cpp:102] Succeeded to add det start for frame 61
I1014 12:06:12.344378  5657 work_detect.cpp:70] Frame :61 detect result :2 face(s)
I1014 12:06:12.344425  5657 work_detect.cpp:86] Detected bbox: [136 x 180 from (294, 106)]
I1014 12:06:12.344457  5657 work_detect.cpp:86] Detected bbox: [55 x 52 from (112, 191)]
I1014 12:06:12.344487  5657 work_detect.cpp:120] Succeeded to add det end for frame 61
I1014 12:06:12.344504  5657 work_thread.hpp:81]  [T-Work-Detect_0] Run work: WrokTrack
I1014 12:06:12.344528  5657 work_track.cpp:82] Frame: 61 build input_characts: [0.2125 x 0.5 from (0.459375, 0.294444)], 1.00019, 0
I1014 12:06:12.344580  5657 work_track.cpp:82] Frame: 61 build input_characts: [0.0859375 x 0.144444 from (0.175, 0.530556)], 0.908423, 1
I1014 12:06:12.344616  5657 work_track.cpp:102] Succeeded to set track lock for frame 61
I1014 12:06:12.344662  5657 work_track.cpp:116] Succeeded to release track lock for frame 61
I1014 12:06:12.344676  5657 work_track.cpp:120] Track results of frame 61: 2 objects input, 1 objects tracked!
I1014 12:06:12.344694  5657 work_track.cpp:148] Frame: 61, track bbox: [136 x 180 from (294.439, 103.959)], gid: 0, lid: 0
I1014 12:06:12.344729  5657 work_track.cpp:162] Frame: 61 lid: 1 not tracked, will set invalid
I1014 12:06:12.344745  5657 work_thread.hpp:88]  [T-Work-Detect_0] Frame :61 split
I1014 12:06:12.344763  5657 work_thread.hpp:120]  [T-Work-Detect_0] Valid piece: gid = 0
I1014 12:06:12.344780  5657 work_thread.hpp:124]  [T-Work-Detect_0] Invalid piece: lid = 1, drop it
I1014 12:06:12.344795  5657 work_thread.hpp:92]  [T-Work-Detect_0] Push to split queue:recog
I1014 12:06:12.344837  5659 work_thread.hpp:81]  [T-Work-Recog_1] Run work: WorkCapture
I1014 12:06:12.344847  5660 thread_intergrate.hpp:78] [T-Intergrate-intergrate] queue: frame output frame :61
I1014 12:06:12.344872  5660 thread_intergrate.hpp:85] [T-Intergrate-intergrate] queue: compare output face:0
I1014 12:06:12.344890  5660 thread_intergrate.hpp:137] T-Intergrate-intergrate set matched face: 0
I1014 12:06:12.345440  5659 work_thread.hpp:81]  [T-Work-Recog_1] Run work: WorkRecog
I1014 12:06:12.345465  5659 work_recog.hpp:89] Face id: 0 will run recog: bbox [136 x 180 from (294, 106)] quality: 0.464965
I1014 12:06:12.345494  5659 work_recog.hpp:96] Recog pair: [200 x 264 from (264, 64)], [136 x 180 from (30, 42)]
I1014 12:06:12.346055  5660 thread_intergrate.hpp:157] T-Intergrate-intergrate Show face :0, size :640 * 360
I1014 12:06:12.346678  5656 demo_inner.hpp:435] thread [SORT-0]  frame id 61 sorting queue size 1   FPS: 29.8656
I1014 12:06:12.362960  5659 work_thread.hpp:81]  [T-Work-Recog_1] Run work: WorkCompare
I1014 12:06:12.363059  5659 work_compare.cpp:76] Compare face: 0 successed, similarity :0.972488, name : images/thanglmb.jpg, normal size : 640 * 360!
I1014 12:06:12.364965  5655 demo_inner.hpp:260]  gui queue size 1, state = running
I1014 12:06:12.373488  5654 demo_inner.hpp:177] decode queue size 0
I1014 12:06:12.373590  5657 work_thread.hpp:81]  [T-Work-Detect_0] Run work: WorkDetect
I1014 12:06:12.373628  5657 work_detect.cpp:102] Succeeded to add det start for frame 62
I1014 12:06:12.380285  5657 work_detect.cpp:70] Frame :62 detect result :1 face(s)
I1014 12:06:12.380414  5657 work_detect.cpp:86] Detected bbox: [134 x 178 from (295, 107)]
I1014 12:06:12.380460  5657 work_detect.cpp:120] Succeeded to add det end for frame 62
I1014 12:06:12.380476  5657 work_thread.hpp:81]  [T-Work-Detect_0] Run work: WrokTrack
I1014 12:06:12.380501  5657 work_track.cpp:82] Frame: 62 build input_characts: [0.209375 x 0.494444 from (0.460938, 0.297222)], 1.00019, 0
I1014 12:06:12.380555  5657 work_track.cpp:102] Succeeded to set track lock for frame 62
I1014 12:06:12.380596  5657 work_track.cpp:116] Succeeded to release track lock for frame 62
I1014 12:06:12.380611  5657 work_track.cpp:120] Track results of frame 62: 1 objects input, 1 objects tracked!
I1014 12:06:12.380630  5657 work_track.cpp:148] Frame: 62, track bbox: [134 x 178 from (295.326, 106.191)], gid: 0, lid: 0
I1014 12:06:12.380666  5657 work_thread.hpp:88]  [T-Work-Detect_0] Frame :62 split
I1014 12:06:12.380684  5657 work_thread.hpp:120]  [T-Work-Detect_0] Valid piece: gid = 0
I1014 12:06:12.380702  5657 work_thread.hpp:92]  [T-Work-Detect_0] Push to split queue:recog
I1014 12:06:12.380750  5659 work_thread.hpp:81]  [T-Work-Recog_1] Run work: WorkCapture
I1014 12:06:12.380756  5660 thread_intergrate.hpp:78] [T-Intergrate-intergrate] queue: frame output frame :62
I1014 12:06:12.380781  5660 thread_intergrate.hpp:85] [T-Intergrate-intergrate] queue: compare output face:0
I1014 12:06:12.380800  5660 thread_intergrate.hpp:137] T-Intergrate-intergrate set matched face: 0
I1014 12:06:12.381322  5659 work_thread.hpp:81]  [T-Work-Recog_1] Run work: WorkRecog
I1014 12:06:12.381348  5659 work_recog.hpp:89] Face id: 0 will run recog: bbox [134 x 178 from (295, 107)] quality: 0.453713
I1014 12:06:12.381377  5659 work_recog.hpp:96] Recog pair: [192 x 248 from (264, 72)], [134 x 178 from (31, 35)]
I1014 12:06:12.381965  5660 thread_intergrate.hpp:157] T-Intergrate-intergrate Show face :0, size :640 * 360
I1014 12:06:12.382529  5656 demo_inner.hpp:435] thread [SORT-0]  frame id 62 sorting queue size 0   FPS: 29.9401
I1014 12:06:12.398974  5659 work_thread.hpp:81]  [T-Work-Recog_1] Run work: WorkCompare
I1014 12:06:12.399087  5659 work_compare.cpp:76] Compare face: 0 successed, similarity :0.964302, name : images/thanglmb.jpg, normal size : 640 * 360!
I1014 12:06:12.403910  5654 demo_inner.hpp:177] decode queue size 0
I1014 12:06:12.404003  5657 work_thread.hpp:81]  [T-Work-Detect_0] Run work: WorkDetect
I1014 12:06:12.404039  5657 work_detect.cpp:102] Succeeded to add det start for frame 63
I1014 12:06:12.410635  5657 work_detect.cpp:70] Frame :63 detect result :1 face(s)
I1014 12:06:12.410678  5657 work_detect.cpp:86] Detected bbox: [137 x 182 from (293, 105)]
I1014 12:06:12.410722  5657 work_detect.cpp:120] Succeeded to add det end for frame 63
I1014 12:06:12.410739  5657 work_thread.hpp:81]  [T-Work-Detect_0] Run work: WrokTrack
I1014 12:06:12.410763  5657 work_track.cpp:82] Frame: 63 build input_characts: [0.214062 x 0.505556 from (0.457812, 0.291667)], 1.00019, 0
I1014 12:06:12.410818  5657 work_track.cpp:102] Succeeded to set track lock for frame 63
I1014 12:06:12.410863  5657 work_track.cpp:116] Succeeded to release track lock for frame 63
I1014 12:06:12.410878  5657 work_track.cpp:120] Track results of frame 63: 1 objects input, 1 objects tracked!
I1014 12:06:12.410897  5657 work_track.cpp:148] Frame: 63, track bbox: [137 x 182 from (293.118, 105.452)], gid: 0, lid: 0
I1014 12:06:12.410931  5657 work_thread.hpp:88]  [T-Work-Detect_0] Frame :63 split
I1014 12:06:12.410949  5657 work_thread.hpp:120]  [T-Work-Detect_0] Valid piece: gid = 0
I1014 12:06:12.410969  5657 work_thread.hpp:92]  [T-Work-Detect_0] Push to split queue:recog
I1014 12:06:12.411010  5659 work_thread.hpp:81]  [T-Work-Recog_1] Run work: WorkCapture
I1014 12:06:12.411026  5660 thread_intergrate.hpp:78] [T-Intergrate-intergrate] queue: frame output frame :63
I1014 12:06:12.411051  5660 thread_intergrate.hpp:85] [T-Intergrate-intergrate] queue: compare output face:0
I1014 12:06:12.411068  5660 thread_intergrate.hpp:137] T-Intergrate-intergrate set matched face: 0
I1014 12:06:12.411586  5659 work_thread.hpp:81]  [T-Work-Recog_1] Run work: WorkRecog
I1014 12:06:12.411612  5659 work_recog.hpp:89] Face id: 0 will run recog: bbox [137 x 182 from (293, 105)] quality: 0.46386
I1014 12:06:12.411641  5659 work_recog.hpp:96] Recog pair: [200 x 264 from (264, 64)], [137 x 182 from (29, 41)]
I1014 12:06:12.412350  5660 thread_intergrate.hpp:157] T-Intergrate-intergrate Show face :0, size :640 * 360
I1014 12:06:12.412971  5656 demo_inner.hpp:435] thread [SORT-0]  frame id 63 sorting queue size 1   FPS: 29.9252
I1014 12:06:12.429118  5659 work_thread.hpp:81]  [T-Work-Recog_1] Run work: WorkCompare
I1014 12:06:12.429217  5659 work_compare.cpp:76] Compare face: 0 successed, similarity :0.952083, name : images/thanglmb.jpg, normal size : 640 * 360!
I1014 12:06:12.439397  5654 demo_inner.hpp:177] decode queue size 0
I1014 12:06:12.439502  5657 work_thread.hpp:81]  [T-Work-Detect_0] Run work: WorkDetect
I1014 12:06:12.439538  5657 work_detect.cpp:102] Succeeded to add det start for frame 64
I1014 12:06:12.446190  5657 work_detect.cpp:70] Frame :64 detect result :1 face(s)
I1014 12:06:12.446236  5657 work_detect.cpp:86] Detected bbox: [134 x 177 from (294, 108)]
I1014 12:06:12.446280  5657 work_detect.cpp:120] Succeeded to add det end for frame 64
I1014 12:06:12.446295  5657 work_thread.hpp:81]  [T-Work-Detect_0] Run work: WrokTrack
I1014 12:06:12.446319  5657 work_track.cpp:82] Frame: 64 build input_characts: [0.209375 x 0.491667 from (0.459375, 0.3)], 0.999622, 0
I1014 12:06:12.446374  5657 work_track.cpp:102] Succeeded to set track lock for frame 64
I1014 12:06:12.446416  5657 work_track.cpp:116] Succeeded to release track lock for frame 64
I1014 12:06:12.446432  5657 work_track.cpp:120] Track results of frame 64: 1 objects input, 1 objects tracked!
I1014 12:06:12.446450  5657 work_track.cpp:148] Frame: 64, track bbox: [134 x 177 from (293.993, 109.4)], gid: 0, lid: 0
I1014 12:06:12.446487  5657 work_thread.hpp:88]  [T-Work-Detect_0] Frame :64 split
I1014 12:06:12.446506  5657 work_thread.hpp:120]  [T-Work-Detect_0] Valid piece: gid = 0
I1014 12:06:12.446523  5657 work_thread.hpp:92]  [T-Work-Detect_0] Push to split queue:recog
I1014 12:06:12.446566  5659 work_thread.hpp:81]  [T-Work-Recog_1] Run work: WorkCapture
I1014 12:06:12.446578  5660 thread_intergrate.hpp:78] [T-Intergrate-intergrate] queue: frame output frame :64
I1014 12:06:12.446604  5660 thread_intergrate.hpp:85] [T-Intergrate-intergrate] queue: compare output face:0
I1014 12:06:12.446622  5660 thread_intergrate.hpp:137] T-Intergrate-intergrate set matched face: 0
I1014 12:06:12.447129  5659 work_thread.hpp:81]  [T-Work-Recog_1] Run work: WorkRecog
I1014 12:06:12.447154  5659 work_recog.hpp:89] Face id: 0 will run recog: bbox [134 x 177 from (294, 108)] quality: 0.442562
I1014 12:06:12.447185  5659 work_recog.hpp:96] Recog pair: [192 x 248 from (264, 72)], [134 x 177 from (30, 36)]
I1014 12:06:12.447791  5660 thread_intergrate.hpp:157] T-Intergrate-intergrate Show face :0, size :640 * 360
I1014 12:06:12.448515  5656 demo_inner.hpp:435] thread [SORT-0]  frame id 64 sorting queue size 2   FPS: 29.9401
I1014 12:06:12.460850  5655 demo_inner.hpp:260]  gui queue size 2, state = running
I1014 12:06:12.465234  5659 work_thread.hpp:81]  [T-Work-Recog_1] Run work: WorkCompare
I1014 12:06:12.465371  5659 work_compare.cpp:76] Compare face: 0 successed, similarity :0.982739, name : images/thanglmb.jpg, normal size : 640 * 360!
I1014 12:06:12.470221  5654 demo_inner.hpp:177] decode queue size 0
I1014 12:06:12.470314  5657 work_thread.hpp:81]  [T-Work-Detect_0] Run work: WorkDetect
I1014 12:06:12.470350  5657 work_detect.cpp:102] Succeeded to add det start for frame 65
I1014 12:06:12.476909  5657 work_detect.cpp:70] Frame :65 detect result :1 face(s)
I1014 12:06:12.476949  5657 work_detect.cpp:86] Detected bbox: [132 x 175 from (295, 109)]
I1014 12:06:12.476992  5657 work_detect.cpp:120] Succeeded to add det end for frame 65
I1014 12:06:12.477008  5657 work_thread.hpp:81]  [T-Work-Detect_0] Run work: WrokTrack
I1014 12:06:12.477105  5657 work_track.cpp:82] Frame: 65 build input_characts: [0.20625 x 0.486111 from (0.460938, 0.302778)], 1.00019, 0
I1014 12:06:12.477164  5657 work_track.cpp:102] Succeeded to set track lock for frame 65
I1014 12:06:12.477205  5657 work_track.cpp:116] Succeeded to release track lock for frame 65
I1014 12:06:12.477219  5657 work_track.cpp:120] Track results of frame 65: 1 objects input, 1 objects tracked!
I1014 12:06:12.477237  5657 work_track.cpp:148] Frame: 65, track bbox: [132 x 175 from (294.894, 109.051)], gid: 0, lid: 0
I1014 12:06:12.477274  5657 work_thread.hpp:88]  [T-Work-Detect_0] Frame :65 split
I1014 12:06:12.477293  5657 work_thread.hpp:120]  [T-Work-Detect_0] Valid piece: gid = 0
I1014 12:06:12.477310  5657 work_thread.hpp:92]  [T-Work-Detect_0] Push to split queue:recog
I1014 12:06:12.477350  5658 work_thread.hpp:81]  [T-Work-Recog_0] Run work: WorkCapture
I1014 12:06:12.477370  5660 thread_intergrate.hpp:78] [T-Intergrate-intergrate] queue: frame output frame :65
I1014 12:06:12.477396  5660 thread_intergrate.hpp:85] [T-Intergrate-intergrate] queue: compare output face:0
I1014 12:06:12.477413  5660 thread_intergrate.hpp:137] T-Intergrate-intergrate set matched face: 0
I1014 12:06:12.477914  5658 work_thread.hpp:81]  [T-Work-Recog_0] Run work: WorkRecog
I1014 12:06:12.477939  5658 work_recog.hpp:89] Face id: 0 will run recog: bbox [132 x 175 from (295, 109)] quality: 0.433243
I1014 12:06:12.477968  5658 work_recog.hpp:96] Recog pair: [192 x 248 from (264, 72)], [132 x 175 from (31, 37)]
I1014 12:06:12.478583  5660 thread_intergrate.hpp:157] T-Intergrate-intergrate Show face :0, size :640 * 360
I1014 12:06:12.479279  5656 demo_inner.hpp:435] thread [SORT-0]  frame id 65 sorting queue size 0   FPS: 29.9551
I1014 12:06:12.495321  5658 work_thread.hpp:81]  [T-Work-Recog_0] Run work: WorkCompare
I1014 12:06:12.495424  5658 work_compare.cpp:76] Compare face: 0 successed, similarity :0.97785, name : images/thanglmb.jpg, normal size : 640 * 360!
I1014 12:06:12.504531  5655 demo_inner.hpp:260]  gui queue size 0, state = running
I1014 12:06:12.505486  5654 demo_inner.hpp:177] decode queue size 0
I1014 12:06:12.505580  5657 work_thread.hpp:81]  [T-Work-Detect_0] Run work: WorkDetect
I1014 12:06:12.505617  5657 work_detect.cpp:102] Succeeded to add det start for frame 66
I1014 12:06:12.512209  5657 work_detect.cpp:70] Frame :66 detect result :2 face(s)
I1014 12:06:12.512261  5657 work_detect.cpp:86] Detected bbox: [138 x 184 from (293, 104)]
I1014 12:06:12.512295  5657 work_detect.cpp:86] Detected bbox: [56 x 53 from (111, 191)]
I1014 12:06:12.512324  5657 work_detect.cpp:120] Succeeded to add det end for frame 66
I1014 12:06:12.512341  5657 work_thread.hpp:81]  [T-Work-Detect_0] Run work: WrokTrack
I1014 12:06:12.512367  5657 work_track.cpp:82] Frame: 66 build input_characts: [0.215625 x 0.511111 from (0.457812, 0.288889)], 1.00019, 0
I1014 12:06:12.512421  5657 work_track.cpp:82] Frame: 66 build input_characts: [0.0875 x 0.147222 from (0.173438, 0.530556)], 0.905415, 1
I1014 12:06:12.512457  5657 work_track.cpp:102] Succeeded to set track lock for frame 66
I1014 12:06:12.512503  5657 work_track.cpp:116] Succeeded to release track lock for frame 66
I1014 12:06:12.512518  5657 work_track.cpp:120] Track results of frame 66: 2 objects input, 1 objects tracked!
I1014 12:06:12.512537  5657 work_track.cpp:148] Frame: 66, track bbox: [138 x 184 from (292.341, 104.314)], gid: 0, lid: 0
I1014 12:06:12.512571  5657 work_track.cpp:162] Frame: 66 lid: 1 not tracked, will set invalid
I1014 12:06:12.512588  5657 work_thread.hpp:88]  [T-Work-Detect_0] Frame :66 split
I1014 12:06:12.512604  5657 work_thread.hpp:120]  [T-Work-Detect_0] Valid piece: gid = 0
I1014 12:06:12.512622  5657 work_thread.hpp:124]  [T-Work-Detect_0] Invalid piece: lid = 1, drop it
I1014 12:06:12.512637  5657 work_thread.hpp:92]  [T-Work-Detect_0] Push to split queue:recog
I1014 12:06:12.512686  5658 work_thread.hpp:81]  [T-Work-Recog_0] Run work: WorkCapture
I1014 12:06:12.512693  5660 thread_intergrate.hpp:78] [T-Intergrate-intergrate] queue: frame output frame :66
I1014 12:06:12.512797  5660 thread_intergrate.hpp:85] [T-Intergrate-intergrate] queue: compare output face:0
I1014 12:06:12.512817  5660 thread_intergrate.hpp:137] T-Intergrate-intergrate set matched face: 0
I1014 12:06:12.513259  5658 work_thread.hpp:81]  [T-Work-Recog_0] Run work: WorkRecog
I1014 12:06:12.513285  5658 work_recog.hpp:89] Face id: 0 will run recog: bbox [138 x 184 from (293, 104)] quality: 0.46371
I1014 12:06:12.513316  5658 work_recog.hpp:96] Recog pair: [200 x 264 from (264, 64)], [138 x 184 from (29, 40)]
I1014 12:06:12.513988  5660 thread_intergrate.hpp:157] T-Intergrate-intergrate Show face :0, size :640 * 360
I1014 12:06:12.514561  5656 demo_inner.hpp:435] thread [SORT-0]  frame id 66 sorting queue size 0   FPS: 29.9401
I1014 12:06:12.530675  5658 work_thread.hpp:81]  [T-Work-Recog_0] Run work: WorkCompare
I1014 12:06:12.530786  5658 work_compare.cpp:76] Compare face: 0 successed, similarity :0.958941, name : images/thanglmb.jpg, normal size : 640 * 360!
I1014 12:06:12.535584  5654 demo_inner.hpp:177] decode queue size 0
I1014 12:06:12.535701  5657 work_thread.hpp:81]  [T-Work-Detect_0] Run work: WorkDetect
I1014 12:06:12.535734  5657 work_detect.cpp:102] Succeeded to add det start for frame 67
I1014 12:06:12.542429  5657 work_detect.cpp:70] Frame :67 detect result :1 face(s)
I1014 12:06:12.542479  5657 work_detect.cpp:86] Detected bbox: [142 x 188 from (292, 93)]
I1014 12:06:12.542522  5657 work_detect.cpp:120] Succeeded to add det end for frame 67
I1014 12:06:12.542539  5657 work_thread.hpp:81]  [T-Work-Detect_0] Run work: WrokTrack
I1014 12:06:12.542563  5657 work_track.cpp:82] Frame: 67 build input_characts: [0.221875 x 0.522222 from (0.45625, 0.258333)], 1.00019, 0
I1014 12:06:12.542618  5657 work_track.cpp:102] Succeeded to set track lock for frame 67
I1014 12:06:12.542659  5657 work_track.cpp:116] Succeeded to release track lock for frame 67
I1014 12:06:12.542675  5657 work_track.cpp:120] Track results of frame 67: 1 objects input, 1 objects tracked!
I1014 12:06:12.542693  5657 work_track.cpp:148] Frame: 67, track bbox: [142 x 188 from (291.215, 97.4684)], gid: 0, lid: 0
I1014 12:06:12.542731  5657 work_thread.hpp:88]  [T-Work-Detect_0] Frame :67 split
I1014 12:06:12.542748  5657 work_thread.hpp:120]  [T-Work-Detect_0] Valid piece: gid = 0
I1014 12:06:12.542767  5657 work_thread.hpp:92]  [T-Work-Detect_0] Push to split queue:recog
I1014 12:06:12.542821  5659 work_thread.hpp:81]  [T-Work-Recog_1] Run work: WorkCapture
I1014 12:06:12.543153  5660 thread_intergrate.hpp:78] [T-Intergrate-intergrate] queue: frame output frame :67
I1014 12:06:12.543184  5660 thread_intergrate.hpp:85] [T-Intergrate-intergrate] queue: compare output face:0
I1014 12:06:12.543202  5660 thread_intergrate.hpp:137] T-Intergrate-intergrate set matched face: 0
I1014 12:06:12.543434  5659 work_thread.hpp:81]  [T-Work-Recog_1] Run work: WorkRecog
I1014 12:06:12.543458  5659 work_recog.hpp:89] Face id: 0 will run recog: bbox [142 x 188 from (292, 93)] quality: 0.473868
I1014 12:06:12.543486  5659 work_recog.hpp:96] Recog pair: [200 x 264 from (264, 56)], [142 x 188 from (28, 37)]
I1014 12:06:12.544405  5660 thread_intergrate.hpp:157] T-Intergrate-intergrate Show face :0, size :640 * 360
I1014 12:06:12.545187  5656 demo_inner.hpp:435] thread [SORT-0]  frame id 67 sorting queue size 1   FPS: 29.97
I1014 12:06:12.561205  5659 work_thread.hpp:81]  [T-Work-Recog_1] Run work: WorkCompare
I1014 12:06:12.561302  5659 work_compare.cpp:76] Compare face: 0 successed, similarity :0.983748, name : images/thanglmb.jpg, normal size : 640 * 360!
I1014 12:06:12.571321  5654 demo_inner.hpp:177] decode queue size 0
I1014 12:06:12.571427  5657 work_thread.hpp:81]  [T-Work-Detect_0] Run work: WorkDetect
I1014 12:06:12.571465  5657 work_detect.cpp:102] Succeeded to add det start for frame 68
I1014 12:06:12.578114  5657 work_detect.cpp:70] Frame :68 detect result :1 face(s)
I1014 12:06:12.578155  5657 work_detect.cpp:86] Detected bbox: [142 x 188 from (292, 93)]
I1014 12:06:12.578198  5657 work_detect.cpp:120] Succeeded to add det end for frame 68
I1014 12:06:12.578287  5657 work_thread.hpp:81]  [T-Work-Detect_0] Run work: WrokTrack
I1014 12:06:12.578313  5657 work_track.cpp:82] Frame: 68 build input_characts: [0.221875 x 0.522222 from (0.45625, 0.258333)], 1.00019, 0
I1014 12:06:12.578367  5657 work_track.cpp:102] Succeeded to set track lock for frame 68
I1014 12:06:12.578413  5657 work_track.cpp:116] Succeeded to release track lock for frame 68
I1014 12:06:12.578426  5657 work_track.cpp:120] Track results of frame 68: 1 objects input, 1 objects tracked!
I1014 12:06:12.578444  5657 work_track.cpp:148] Frame: 68, track bbox: [142 x 188 from (291.941, 93.8952)], gid: 0, lid: 0
I1014 12:06:12.578481  5657 work_thread.hpp:88]  [T-Work-Detect_0] Frame :68 split
I1014 12:06:12.578500  5657 work_thread.hpp:120]  [T-Work-Detect_0] Valid piece: gid = 0
I1014 12:06:12.578516  5657 work_thread.hpp:92]  [T-Work-Detect_0] Push to split queue:recog
I1014 12:06:12.578554  5658 work_thread.hpp:81]  [T-Work-Recog_0] Run work: WorkCapture
I1014 12:06:12.578570  5660 thread_intergrate.hpp:78] [T-Intergrate-intergrate] queue: frame output frame :68
I1014 12:06:12.578595  5660 thread_intergrate.hpp:85] [T-Intergrate-intergrate] queue: compare output face:0
I1014 12:06:12.578613  5660 thread_intergrate.hpp:137] T-Intergrate-intergrate set matched face: 0
I1014 12:06:12.579120  5658 work_thread.hpp:81]  [T-Work-Recog_0] Run work: WorkRecog
I1014 12:06:12.579145  5658 work_recog.hpp:89] Face id: 0 will run recog: bbox [142 x 188 from (292, 93)] quality: 0.478596
I1014 12:06:12.579174  5658 work_recog.hpp:96] Recog pair: [200 x 264 from (264, 56)], [142 x 188 from (28, 37)]
I1014 12:06:12.579782  5660 thread_intergrate.hpp:157] T-Intergrate-intergrate Show face :0, size :640 * 360
I1014 12:06:12.580556  5656 demo_inner.hpp:435] thread [SORT-0]  frame id 68 sorting queue size 2   FPS: 29.9551
I1014 12:06:12.587823  5655 demo_inner.hpp:260]  gui queue size 2, state = running
I1014 12:06:12.596612  5658 work_thread.hpp:81]  [T-Work-Recog_0] Run work: WorkCompare
I1014 12:06:12.596724  5658 work_compare.cpp:76] Compare face: 0 successed, similarity :0.981593, name : images/thanglmb.jpg, normal size : 640 * 360!
I1014 12:06:12.607347  5654 demo_inner.hpp:177] decode queue size 0
I1014 12:06:12.607445  5657 work_thread.hpp:81]  [T-Work-Detect_0] Run work: WorkDetect
I1014 12:06:12.607482  5657 work_detect.cpp:102] Succeeded to add det start for frame 69
I1014 12:06:12.614142  5657 work_detect.cpp:70] Frame :69 detect result :1 face(s)
I1014 12:06:12.614183  5657 work_detect.cpp:86] Detected bbox: [141 x 188 from (292, 94)]
I1014 12:06:12.614228  5657 work_detect.cpp:120] Succeeded to add det end for frame 69
I1014 12:06:12.614243  5657 work_thread.hpp:81]  [T-Work-Detect_0] Run work: WrokTrack
I1014 12:06:12.614266  5657 work_track.cpp:82] Frame: 69 build input_characts: [0.220313 x 0.522222 from (0.45625, 0.261111)], 1.00019, 0
I1014 12:06:12.614320  5657 work_track.cpp:102] Succeeded to set track lock for frame 69
I1014 12:06:12.614361  5657 work_track.cpp:116] Succeeded to release track lock for frame 69
I1014 12:06:12.614375  5657 work_track.cpp:120] Track results of frame 69: 1 objects input, 1 objects tracked!
I1014 12:06:12.614393  5657 work_track.cpp:148] Frame: 69, track bbox: [141 x 188 from (292.609, 92.1347)], gid: 0, lid: 0
I1014 12:06:12.614429  5657 work_thread.hpp:88]  [T-Work-Detect_0] Frame :69 split
I1014 12:06:12.614447  5657 work_thread.hpp:120]  [T-Work-Detect_0] Valid piece: gid = 0
I1014 12:06:12.614465  5657 work_thread.hpp:92]  [T-Work-Detect_0] Push to split queue:recog
I1014 12:06:12.614502  5658 work_thread.hpp:81]  [T-Work-Recog_0] Run work: WorkCapture
I1014 12:06:12.614519  5660 thread_intergrate.hpp:78] [T-Intergrate-intergrate] queue: frame output frame :69
I1014 12:06:12.614544  5660 thread_intergrate.hpp:85] [T-Intergrate-intergrate] queue: compare output face:0
I1014 12:06:12.614562  5660 thread_intergrate.hpp:137] T-Intergrate-intergrate set matched face: 0
I1014 12:06:12.615095  5658 work_thread.hpp:81]  [T-Work-Recog_0] Run work: WorkRecog
I1014 12:06:12.615195  5658 work_recog.hpp:89] Face id: 0 will run recog: bbox [141 x 188 from (292, 94)] quality: 0.461541
I1014 12:06:12.615226  5658 work_recog.hpp:96] Recog pair: [200 x 264 from (264, 56)], [141 x 188 from (28, 38)]
I1014 12:06:12.615733  5660 thread_intergrate.hpp:157] T-Intergrate-intergrate Show face :0, size :640 * 360
I1014 12:06:12.616493  5656 demo_inner.hpp:435] thread [SORT-0]  frame id 69 sorting queue size 0   FPS: 30.03
I1014 12:06:12.632648  5658 work_thread.hpp:81]  [T-Work-Recog_0] Run work: WorkCompare
I1014 12:06:12.632761  5658 work_compare.cpp:76] Compare face: 0 successed, similarity :0.98181, name : images/thanglmb.jpg, normal size : 640 * 360!
I1014 12:06:12.637526  5654 demo_inner.hpp:177] decode queue size 0
I1014 12:06:12.637612  5657 work_thread.hpp:81]  [T-Work-Detect_0] Run work: WorkDetect
I1014 12:06:12.637646  5657 work_detect.cpp:102] Succeeded to add det start for frame 70
I1014 12:06:12.644246  5657 work_detect.cpp:70] Frame :70 detect result :1 face(s)
I1014 12:06:12.644287  5657 work_detect.cpp:86] Detected bbox: [141 x 188 from (293, 94)]
I1014 12:06:12.644328  5657 work_detect.cpp:120] Succeeded to add det end for frame 70
I1014 12:06:12.644345  5657 work_thread.hpp:81]  [T-Work-Detect_0] Run work: WrokTrack
I1014 12:06:12.644368  5657 work_track.cpp:82] Frame: 70 build input_characts: [0.220313 x 0.522222 from (0.457812, 0.261111)], 1.00019, 0
I1014 12:06:12.644423  5657 work_track.cpp:102] Succeeded to set track lock for frame 70
I1014 12:06:12.644462  5657 work_track.cpp:116] Succeeded to release track lock for frame 70
I1014 12:06:12.644477  5657 work_track.cpp:120] Track results of frame 70: 1 objects input, 1 objects tracked!
I1014 12:06:12.644495  5657 work_track.cpp:148] Frame: 70, track bbox: [141 x 188 from (293.005, 91.6826)], gid: 0, lid: 0
I1014 12:06:12.644532  5657 work_thread.hpp:88]  [T-Work-Detect_0] Frame :70 split
I1014 12:06:12.644551  5657 work_thread.hpp:120]  [T-Work-Detect_0] Valid piece: gid = 0
I1014 12:06:12.644568  5657 work_thread.hpp:92]  [T-Work-Detect_0] Push to split queue:recog
I1014 12:06:12.644609  5659 work_thread.hpp:81]  [T-Work-Recog_1] Run work: WorkCapture
I1014 12:06:12.644626  5660 thread_intergrate.hpp:78] [T-Intergrate-intergrate] queue: frame output frame :70
I1014 12:06:12.644651  5660 thread_intergrate.hpp:85] [T-Intergrate-intergrate] queue: compare output face:0
I1014 12:06:12.644670  5660 thread_intergrate.hpp:137] T-Intergrate-intergrate set matched face: 0
I1014 12:06:12.645176  5659 work_thread.hpp:81]  [T-Work-Recog_1] Run work: WorkRecog
I1014 12:06:12.645202  5659 work_recog.hpp:89] Face id: 0 will run recog: bbox [141 x 188 from (293, 94)] quality: 0.468255
I1014 12:06:12.645231  5659 work_recog.hpp:96] Recog pair: [200 x 264 from (264, 56)], [141 x 188 from (29, 38)]
I1014 12:06:12.645843  5660 thread_intergrate.hpp:157] T-Intergrate-intergrate Show face :0, size :640 * 360
I1014 12:06:12.646618  5656 demo_inner.hpp:435] thread [SORT-0]  frame id 70 sorting queue size 1   FPS: 30.0789
I1014 12:06:12.662643  5659 work_thread.hpp:81]  [T-Work-Recog_1] Run work: WorkCompare
I1014 12:06:12.662753  5659 work_compare.cpp:76] Compare face: 0 successed, similarity :0.9723, name : images/thanglmb.jpg, normal size : 640 * 360!
I1014 12:06:12.673403  5654 demo_inner.hpp:177] decode queue size 0
I1014 12:06:12.673501  5657 work_thread.hpp:81]  [T-Work-Detect_0] Run work: WorkDetect
I1014 12:06:12.673537  5657 work_detect.cpp:102] Succeeded to add det start for frame 71
I1014 12:06:12.680208  5657 work_detect.cpp:70] Frame :71 detect result :1 face(s)
I1014 12:06:12.680253  5657 work_detect.cpp:86] Detected bbox: [136 x 179 from (293, 107)]
I1014 12:06:12.680296  5657 work_detect.cpp:120] Succeeded to add det end for frame 71
I1014 12:06:12.680312  5657 work_thread.hpp:81]  [T-Work-Detect_0] Run work: WrokTrack
I1014 12:06:12.680337  5657 work_track.cpp:82] Frame: 71 build input_characts: [0.2125 x 0.497222 from (0.457812, 0.297222)], 1.00019, 0
I1014 12:06:12.680392  5657 work_track.cpp:102] Succeeded to set track lock for frame 71
I1014 12:06:12.680506  5657 work_track.cpp:116] Succeeded to release track lock for frame 71
I1014 12:06:12.680522  5657 work_track.cpp:120] Track results of frame 71: 1 objects input, 1 objects tracked!
I1014 12:06:12.680541  5657 work_track.cpp:148] Frame: 71, track bbox: [136 x 179 from (294.228, 101.384)], gid: 0, lid: 0
I1014 12:06:12.680578  5657 work_thread.hpp:88]  [T-Work-Detect_0] Frame :71 split
I1014 12:06:12.680596  5657 work_thread.hpp:120]  [T-Work-Detect_0] Valid piece: gid = 0
I1014 12:06:12.680614  5657 work_thread.hpp:92]  [T-Work-Detect_0] Push to split queue:recog
I1014 12:06:12.680660  5659 work_thread.hpp:81]  [T-Work-Recog_1] Run work: WorkCapture
I1014 12:06:12.680670  5660 thread_intergrate.hpp:78] [T-Intergrate-intergrate] queue: frame output frame :71
I1014 12:06:12.680696  5660 thread_intergrate.hpp:85] [T-Intergrate-intergrate] queue: compare output face:0
I1014 12:06:12.680713  5660 thread_intergrate.hpp:137] T-Intergrate-intergrate set matched face: 0
I1014 12:06:12.681224  5659 work_thread.hpp:81]  [T-Work-Recog_1] Run work: WorkRecog
I1014 12:06:12.681250  5659 work_recog.hpp:89] Face id: 0 will run recog: bbox [136 x 179 from (293, 107)] quality: 0.4281
I1014 12:06:12.681279  5659 work_recog.hpp:96] Recog pair: [192 x 256 from (264, 72)], [136 x 179 from (29, 35)]
I1014 12:06:12.681885  5660 thread_intergrate.hpp:157] T-Intergrate-intergrate Show face :0, size :640 * 360
I1014 12:06:12.682545  5656 demo_inner.hpp:435] thread [SORT-0]  frame id 71 sorting queue size 2   FPS: 29.9754
I1014 12:06:12.688311  5655 demo_inner.hpp:260]  gui queue size 2, state = running
I1014 12:06:12.698729  5659 work_thread.hpp:81]  [T-Work-Recog_1] Run work: WorkCompare
I1014 12:06:12.698835  5659 work_compare.cpp:76] Compare face: 0 successed, similarity :0.976929, name : images/thanglmb.jpg, normal size : 640 * 360!
I1014 12:06:12.705119  5654 demo_inner.hpp:177] decode queue size 0
I1014 12:06:12.705225  5657 work_thread.hpp:81]  [T-Work-Detect_0] Run work: WorkDetect
I1014 12:06:12.705260  5657 work_detect.cpp:102] Succeeded to add det start for frame 72
I1014 12:06:12.711954  5657 work_detect.cpp:70] Frame :72 detect result :1 face(s)
I1014 12:06:12.712007  5657 work_detect.cpp:86] Detected bbox: [134 x 178 from (295, 107)]
I1014 12:06:12.712051  5657 work_detect.cpp:120] Succeeded to add det end for frame 72
I1014 12:06:12.712069  5657 work_thread.hpp:81]  [T-Work-Detect_0] Run work: WrokTrack
I1014 12:06:12.712092  5657 work_track.cpp:82] Frame: 72 build input_characts: [0.209375 x 0.494444 from (0.460938, 0.297222)], 1.00019, 0
I1014 12:06:12.712147  5657 work_track.cpp:102] Succeeded to set track lock for frame 72
I1014 12:06:12.712210  5657 work_track.cpp:116] Succeeded to release track lock for frame 72
I1014 12:06:12.712225  5657 work_track.cpp:120] Track results of frame 72: 1 objects input, 1 objects tracked!
I1014 12:06:12.712276  5657 work_track.cpp:148] Frame: 72, track bbox: [134 x 178 from (294.792, 106.666)], gid: 0, lid: 0
I1014 12:06:12.712316  5657 work_thread.hpp:88]  [T-Work-Detect_0] Frame :72 split
I1014 12:06:12.712333  5657 work_thread.hpp:120]  [T-Work-Detect_0] Valid piece: gid = 0
I1014 12:06:12.712352  5657 work_thread.hpp:92]  [T-Work-Detect_0] Push to split queue:recog
I1014 12:06:12.712389  5658 work_thread.hpp:81]  [T-Work-Recog_0] Run work: WorkCapture
I1014 12:06:12.712401  5660 thread_intergrate.hpp:78] [T-Intergrate-intergrate] queue: frame output frame :72
I1014 12:06:12.712425  5660 thread_intergrate.hpp:85] [T-Intergrate-intergrate] queue: compare output face:0
I1014 12:06:12.712443  5660 thread_intergrate.hpp:137] T-Intergrate-intergrate set matched face: 0
I1014 12:06:12.712958  5658 work_thread.hpp:81]  [T-Work-Recog_0] Run work: WorkRecog
I1014 12:06:12.712982  5658 work_recog.hpp:89] Face id: 0 will run recog: bbox [134 x 178 from (295, 107)] quality: 0.442562
I1014 12:06:12.713011  5658 work_recog.hpp:96] Recog pair: [192 x 248 from (264, 72)], [134 x 178 from (31, 35)]
I1014 12:06:12.713610  5660 thread_intergrate.hpp:157] T-Intergrate-intergrate Show face :0, size :640 * 360
I1014 12:06:12.714263  5656 demo_inner.hpp:435] thread [SORT-0]  frame id 72 sorting queue size 0   FPS: 30.0345
I1014 12:06:12.730382  5658 work_thread.hpp:81]  [T-Work-Recog_0] Run work: WorkCompare
I1014 12:06:12.730510  5658 work_compare.cpp:76] Compare face: 0 successed, similarity :0.947853, name : images/thanglmb.jpg, normal size : 640 * 360!
I1014 12:06:12.739523  5654 demo_inner.hpp:177] decode queue size 0
I1014 12:06:12.739625  5657 work_thread.hpp:81]  [T-Work-Detect_0] Run work: WorkDetect
I1014 12:06:12.739660  5657 work_detect.cpp:102] Succeeded to add det start for frame 73
I1014 12:06:12.746364  5657 work_detect.cpp:70] Frame :73 detect result :1 face(s)
I1014 12:06:12.746412  5657 work_detect.cpp:86] Detected bbox: [137 x 180 from (295, 106)]
I1014 12:06:12.746454  5657 work_detect.cpp:120] Succeeded to add det end for frame 73
I1014 12:06:12.746470  5657 work_thread.hpp:81]  [T-Work-Detect_0] Run work: WrokTrack
I1014 12:06:12.746495  5657 work_track.cpp:82] Frame: 73 build input_characts: [0.214062 x 0.5 from (0.460938, 0.294444)], 1.00019, 0
I1014 12:06:12.746551  5657 work_track.cpp:102] Succeeded to set track lock for frame 73
I1014 12:06:12.746592  5657 work_track.cpp:116] Succeeded to release track lock for frame 73
I1014 12:06:12.746605  5657 work_track.cpp:120] Track results of frame 73: 1 objects input, 1 objects tracked!
I1014 12:06:12.746624  5657 work_track.cpp:148] Frame: 73, track bbox: [137 x 180 from (293.975, 107.438)], gid: 0, lid: 0
I1014 12:06:12.746660  5657 work_thread.hpp:88]  [T-Work-Detect_0] Frame :73 split
I1014 12:06:12.746678  5657 work_thread.hpp:120]  [T-Work-Detect_0] Valid piece: gid = 0
I1014 12:06:12.746696  5657 work_thread.hpp:92]  [T-Work-Detect_0] Push to split queue:recog
I1014 12:06:12.746750  5659 work_thread.hpp:81]  [T-Work-Recog_1] Run work: WorkCapture
I1014 12:06:12.747047  5660 thread_intergrate.hpp:78] [T-Intergrate-intergrate] queue: frame output frame :73
I1014 12:06:12.747074  5660 thread_intergrate.hpp:85] [T-Intergrate-intergrate] queue: compare output face:0
I1014 12:06:12.747093  5660 thread_intergrate.hpp:137] T-Intergrate-intergrate set matched face: 0
I1014 12:06:12.747301  5659 work_thread.hpp:81]  [T-Work-Recog_1] Run work: WorkRecog
I1014 12:06:12.747325  5659 work_recog.hpp:89] Face id: 0 will run recog: bbox [137 x 180 from (295, 106)] quality: 0.453713
I1014 12:06:12.747354  5659 work_recog.hpp:96] Recog pair: [200 x 264 from (264, 64)], [137 x 180 from (31, 42)]
I1014 12:06:12.748286  5660 thread_intergrate.hpp:157] T-Intergrate-intergrate Show face :0, size :640 * 360
I1014 12:06:12.748848  5656 demo_inner.hpp:435] thread [SORT-0]  frame id 73 sorting queue size 1   FPS: 29.9754
I1014 12:06:12.755434  5655 demo_inner.hpp:260]  gui queue size 1, state = running
I1014 12:06:12.764932  5659 work_thread.hpp:81]  [T-Work-Recog_1] Run work: WorkCompare
I1014 12:06:12.765043  5659 work_compare.cpp:76] Compare face: 0 successed, similarity :0.950107, name : images/thanglmb.jpg, normal size : 640 * 360!
I1014 12:06:12.769661  5654 demo_inner.hpp:177] decode queue size 0
I1014 12:06:12.769754  5657 work_thread.hpp:81]  [T-Work-Detect_0] Run work: WorkDetect
I1014 12:06:12.769790  5657 work_detect.cpp:102] Succeeded to add det start for frame 74
I1014 12:06:12.776510  5657 work_detect.cpp:70] Frame :74 detect result :1 face(s)
I1014 12:06:12.776553  5657 work_detect.cpp:86] Detected bbox: [136 x 180 from (294, 106)]
I1014 12:06:12.776594  5657 work_detect.cpp:120] Succeeded to add det end for frame 74
I1014 12:06:12.776612  5657 work_thread.hpp:81]  [T-Work-Detect_0] Run work: WrokTrack
I1014 12:06:12.776635  5657 work_track.cpp:82] Frame: 74 build input_characts: [0.2125 x 0.5 from (0.459375, 0.294444)], 1.00019, 0
I1014 12:06:12.776690  5657 work_track.cpp:102] Succeeded to set track lock for frame 74
I1014 12:06:12.776731  5657 work_track.cpp:116] Succeeded to release track lock for frame 74
I1014 12:06:12.776746  5657 work_track.cpp:120] Track results of frame 74: 1 objects input, 1 objects tracked!
I1014 12:06:12.776839  5657 work_track.cpp:148] Frame: 74, track bbox: [136 x 180 from (294.329, 107.947)], gid: 0, lid: 0
I1014 12:06:12.776876  5657 work_thread.hpp:88]  [T-Work-Detect_0] Frame :74 split
I1014 12:06:12.776895  5657 work_thread.hpp:120]  [T-Work-Detect_0] Valid piece: gid = 0
I1014 12:06:12.776912  5657 work_thread.hpp:92]  [T-Work-Detect_0] Push to split queue:recog
I1014 12:06:12.776952  5658 work_thread.hpp:81]  [T-Work-Recog_0] Run work: WorkCapture
I1014 12:06:12.776959  5660 thread_intergrate.hpp:78] [T-Intergrate-intergrate] queue: frame output frame :74
I1014 12:06:12.776988  5660 thread_intergrate.hpp:85] [T-Intergrate-intergrate] queue: compare output face:0
I1014 12:06:12.777006  5660 thread_intergrate.hpp:137] T-Intergrate-intergrate set matched face: 0
I1014 12:06:12.777521  5658 work_thread.hpp:81]  [T-Work-Recog_0] Run work: WorkRecog
I1014 12:06:12.777546  5658 work_recog.hpp:89] Face id: 0 will run recog: bbox [136 x 180 from (294, 106)] quality: 0.443365
I1014 12:06:12.777575  5658 work_recog.hpp:96] Recog pair: [200 x 264 from (264, 64)], [136 x 180 from (30, 42)]
I1014 12:06:12.778177  5660 thread_intergrate.hpp:157] T-Intergrate-intergrate Show face :0, size :640 * 360
I1014 12:06:12.778762  5656 demo_inner.hpp:435] thread [SORT-0]  frame id 74 sorting queue size 0   FPS: 30.0493
I1014 12:06:12.795238  5658 work_thread.hpp:81]  [T-Work-Recog_0] Run work: WorkCompare
I1014 12:06:12.795348  5658 work_compare.cpp:76] Compare face: 0 successed, similarity :0.978108, name : images/thanglmb.jpg, normal size : 640 * 360!
I1014 12:06:12.805238  5654 demo_inner.hpp:177] decode queue size 0
I1014 12:06:12.805356  5657 work_thread.hpp:81]  [T-Work-Detect_0] Run work: WorkDetect
I1014 12:06:12.805402  5657 work_detect.cpp:102] Succeeded to add det start for frame 75
I1014 12:06:12.811908  5657 work_detect.cpp:70] Frame :75 detect result :1 face(s)
I1014 12:06:12.811949  5657 work_detect.cpp:86] Detected bbox: [150 x 193 from (278, 89)]
I1014 12:06:12.811990  5657 work_detect.cpp:120] Succeeded to add det end for frame 75
I1014 12:06:12.812007  5657 work_thread.hpp:81]  [T-Work-Detect_0] Run work: WrokTrack
I1014 12:06:12.812031  5657 work_track.cpp:82] Frame: 75 build input_characts: [0.234375 x 0.536111 from (0.434375, 0.247222)], 0.999622, 0
I1014 12:06:12.812085  5657 work_track.cpp:102] Succeeded to set track lock for frame 75
I1014 12:06:12.812125  5657 work_track.cpp:116] Succeeded to release track lock for frame 75
I1014 12:06:12.812140  5657 work_track.cpp:120] Track results of frame 75: 1 objects input, 1 objects tracked!
I1014 12:06:12.812172  5657 work_track.cpp:148] Frame: 75, track bbox: [150 x 193 from (282.415, 95.4983)], gid: 0, lid: 0
I1014 12:06:12.812209  5657 work_thread.hpp:88]  [T-Work-Detect_0] Frame :75 split
I1014 12:06:12.812227  5657 work_thread.hpp:120]  [T-Work-Detect_0] Valid piece: gid = 0
I1014 12:06:12.812247  5657 work_thread.hpp:92]  [T-Work-Detect_0] Push to split queue:recog
