I1014 14:53:41.748203  8293 demo_inner.hpp:260]  gui queue size 0, state = running
I1014 14:53:41.799911  8292 demo_inner.hpp:177] decode queue size 0
I1014 14:53:41.800062  8295 work_thread.hpp:81]  [T-Work-Detect_0] Run work: WorkDetect
I1014 14:53:41.800101  8295 work_detect.cpp:102] Succeeded to add det start for frame 212
I1014 14:53:41.806499  8295 work_detect.cpp:70] Frame :212 detect result :0 face(s)
I1014 14:53:41.806550  8295 work_detect.cpp:120] Succeeded to add det end for frame 212
I1014 14:53:41.806565  8295 work_thread.hpp:81]  [T-Work-Detect_0] Run work: WrokTrack
I1014 14:53:41.806591  8295 work_track.cpp:102] Succeeded to set track lock for frame 212
I1014 14:53:41.806617  8295 work_track.cpp:116] Succeeded to release track lock for frame 212
I1014 14:53:41.806632  8295 work_track.cpp:120] Track results of frame 212: 0 objects input, 0 objects tracked!
I1014 14:53:41.806649  8295 work_thread.hpp:87]  [T-Work-Detect_0] Frame :212 split
I1014 14:53:41.806706  8298 thread_intergrate.hpp:78] [T-Intergrate-intergrate] queue: frame output frame :212
I1014 14:53:41.807793  8298 thread_intergrate.hpp:164] T-Intergrate-intergrate Show face :2, size :640 * 360
I1014 14:53:41.808338  8294 demo_inner.hpp:435] thread [SORT-0]  frame id 212 sorting queue size 0   FPS: 18.0556
I1014 14:53:41.808403  8293 demo_inner.hpp:260]  gui queue size 0, state = running
I1014 14:53:41.859575  8292 demo_inner.hpp:177] decode queue size 0
I1014 14:53:41.859696  8295 work_thread.hpp:81]  [T-Work-Detect_0] Run work: WorkDetect
I1014 14:53:41.859732  8295 work_detect.cpp:102] Succeeded to add det start for frame 213
I1014 14:53:41.866158  8295 work_detect.cpp:70] Frame :213 detect result :0 face(s)
I1014 14:53:41.866214  8295 work_detect.cpp:120] Succeeded to add det end for frame 213
I1014 14:53:41.866230  8295 work_thread.hpp:81]  [T-Work-Detect_0] Run work: WrokTrack
I1014 14:53:41.866258  8295 work_track.cpp:102] Succeeded to set track lock for frame 213
I1014 14:53:41.866284  8295 work_track.cpp:116] Succeeded to release track lock for frame 213
I1014 14:53:41.866297  8295 work_track.cpp:120] Track results of frame 213: 0 objects input, 0 objects tracked!
I1014 14:53:41.866317  8295 work_thread.hpp:87]  [T-Work-Detect_0] Frame :213 split
I1014 14:53:41.866370  8298 thread_intergrate.hpp:78] [T-Intergrate-intergrate] queue: frame output frame :213
I1014 14:53:41.867468  8298 thread_intergrate.hpp:164] T-Intergrate-intergrate Show face :2, size :640 * 360
I1014 14:53:41.868014  8294 demo_inner.hpp:435] thread [SORT-0]  frame id 213 sorting queue size 0   FPS: 17.5676
I1014 14:53:41.872604  8293 demo_inner.hpp:260]  gui queue size 0, state = running
I1014 14:53:41.919785  8292 demo_inner.hpp:177] decode queue size 0
I1014 14:53:41.919880  8295 work_thread.hpp:81]  [T-Work-Detect_0] Run work: WorkDetect
I1014 14:53:41.919916  8295 work_detect.cpp:102] Succeeded to add det start for frame 214
I1014 14:53:41.926342  8295 work_detect.cpp:70] Frame :214 detect result :0 face(s)
I1014 14:53:41.926465  8295 work_detect.cpp:120] Succeeded to add det end for frame 214
I1014 14:53:41.926482  8295 work_thread.hpp:81]  [T-Work-Detect_0] Run work: WrokTrack
I1014 14:53:41.926509  8295 work_track.cpp:102] Succeeded to set track lock for frame 214
I1014 14:53:41.926535  8295 work_track.cpp:116] Succeeded to release track lock for frame 214
I1014 14:53:41.926549  8295 work_track.cpp:120] Track results of frame 214: 0 objects input, 0 objects tracked!
I1014 14:53:41.926568  8295 work_thread.hpp:87]  [T-Work-Detect_0] Frame :214 split
I1014 14:53:41.926623  8298 thread_intergrate.hpp:78] [T-Intergrate-intergrate] queue: frame output frame :214
I1014 14:53:41.927711  8298 thread_intergrate.hpp:164] T-Intergrate-intergrate Show face :2, size :640 * 360
I1014 14:53:41.928222  8294 demo_inner.hpp:435] thread [SORT-0]  frame id 214 sorting queue size 0   FPS: 17.1053
I1014 14:53:41.950914  8293 demo_inner.hpp:260]  gui queue size 0, state = running
I1014 14:53:41.979679  8292 demo_inner.hpp:177] decode queue size 0
I1014 14:53:41.979805  8295 work_thread.hpp:81]  [T-Work-Detect_0] Run work: WorkDetect
I1014 14:53:41.979842  8295 work_detect.cpp:102] Succeeded to add det start for frame 215
I1014 14:53:41.986316  8295 work_detect.cpp:70] Frame :215 detect result :0 face(s)
I1014 14:53:41.986367  8295 work_detect.cpp:120] Succeeded to add det end for frame 215
I1014 14:53:41.986384  8295 work_thread.hpp:81]  [T-Work-Detect_0] Run work: WrokTrack
I1014 14:53:41.986411  8295 work_track.cpp:102] Succeeded to set track lock for frame 215
I1014 14:53:41.986438  8295 work_track.cpp:116] Succeeded to release track lock for frame 215
I1014 14:53:41.986452  8295 work_track.cpp:120] Track results of frame 215: 0 objects input, 0 objects tracked!
I1014 14:53:41.986470  8295 work_thread.hpp:87]  [T-Work-Detect_0] Frame :215 split
I1014 14:53:41.986522  8298 thread_intergrate.hpp:78] [T-Intergrate-intergrate] queue: frame output frame :215
I1014 14:53:41.987610  8298 thread_intergrate.hpp:164] T-Intergrate-intergrate Show face :2, size :640 * 360
I1014 14:53:41.988113  8294 demo_inner.hpp:435] thread [SORT-0]  frame id 215 sorting queue size 0   FPS: 16.7095
I1014 14:53:42.040019  8292 demo_inner.hpp:177] decode queue size 0
I1014 14:53:42.040272  8295 work_thread.hpp:81]  [T-Work-Detect_0] Run work: WorkDetect
I1014 14:53:42.040307  8295 work_detect.cpp:102] Succeeded to add det start for frame 216
I1014 14:53:42.046700  8295 work_detect.cpp:70] Frame :216 detect result :0 face(s)
I1014 14:53:42.046751  8295 work_detect.cpp:120] Succeeded to add det end for frame 216
I1014 14:53:42.046768  8295 work_thread.hpp:81]  [T-Work-Detect_0] Run work: WrokTrack
I1014 14:53:42.046795  8295 work_track.cpp:102] Succeeded to set track lock for frame 216
I1014 14:53:42.046823  8295 work_track.cpp:116] Succeeded to release track lock for frame 216
I1014 14:53:42.046836  8295 work_track.cpp:120] Track results of frame 216: 0 objects input, 0 objects tracked!
I1014 14:53:42.046854  8295 work_thread.hpp:87]  [T-Work-Detect_0] Frame :216 split
I1014 14:53:42.046910  8298 thread_intergrate.hpp:78] [T-Intergrate-intergrate] queue: frame output frame :216
I1014 14:53:42.047997  8298 thread_intergrate.hpp:164] T-Intergrate-intergrate Show face :2, size :640 * 360
I1014 14:53:42.048638  8294 demo_inner.hpp:435] thread [SORT-0]  frame id 216 sorting queue size 1   FPS: 16.6667
I1014 14:53:42.051422  8293 demo_inner.hpp:260]  gui queue size 1, state = running
I1014 14:53:42.099586  8292 demo_inner.hpp:177] decode queue size 0
I1014 14:53:42.099709  8295 work_thread.hpp:81]  [T-Work-Detect_0] Run work: WorkDetect
I1014 14:53:42.099743  8295 work_detect.cpp:102] Succeeded to add det start for frame 217
I1014 14:53:42.106110  8295 work_detect.cpp:70] Frame :217 detect result :0 face(s)
I1014 14:53:42.106165  8295 work_detect.cpp:120] Succeeded to add det end for frame 217
I1014 14:53:42.106182  8295 work_thread.hpp:81]  [T-Work-Detect_0] Run work: WrokTrack
I1014 14:53:42.106209  8295 work_track.cpp:102] Succeeded to set track lock for frame 217
I1014 14:53:42.106308  8295 work_track.cpp:116] Succeeded to release track lock for frame 217
I1014 14:53:42.106325  8295 work_track.cpp:120] Track results of frame 217: 0 objects input, 0 objects tracked!
I1014 14:53:42.106343  8295 work_thread.hpp:87]  [T-Work-Detect_0] Frame :217 split
I1014 14:53:42.106398  8298 thread_intergrate.hpp:78] [T-Intergrate-intergrate] queue: frame output frame :217
I1014 14:53:42.107486  8298 thread_intergrate.hpp:164] T-Intergrate-intergrate Show face :2, size :640 * 360
I1014 14:53:42.107995  8294 demo_inner.hpp:435] thread [SORT-0]  frame id 217 sorting queue size 0   FPS: 16.6738
I1014 14:53:42.118324  8293 demo_inner.hpp:260]  gui queue size 0, state = running
I1014 14:53:42.159610  8292 demo_inner.hpp:177] decode queue size 0
I1014 14:53:42.159710  8295 work_thread.hpp:81]  [T-Work-Detect_0] Run work: WorkDetect
I1014 14:53:42.159745  8295 work_detect.cpp:102] Succeeded to add det start for frame 218
I1014 14:53:42.166187  8295 work_detect.cpp:70] Frame :218 detect result :0 face(s)
I1014 14:53:42.166245  8295 work_detect.cpp:120] Succeeded to add det end for frame 218
I1014 14:53:42.166261  8295 work_thread.hpp:81]  [T-Work-Detect_0] Run work: WrokTrack
I1014 14:53:42.166288  8295 work_track.cpp:102] Succeeded to set track lock for frame 218
I1014 14:53:42.166316  8295 work_track.cpp:116] Succeeded to release track lock for frame 218
I1014 14:53:42.166329  8295 work_track.cpp:120] Track results of frame 218: 0 objects input, 0 objects tracked!
I1014 14:53:42.166347  8295 work_thread.hpp:87]  [T-Work-Detect_0] Frame :218 split
I1014 14:53:42.166404  8298 thread_intergrate.hpp:78] [T-Intergrate-intergrate] queue: frame output frame :218
I1014 14:53:42.167491  8298 thread_intergrate.hpp:164] T-Intergrate-intergrate Show face :2, size :640 * 360
I1014 14:53:42.167999  8294 demo_inner.hpp:435] thread [SORT-0]  frame id 218 sorting queue size 0   FPS: 16.6738
I1014 14:53:42.212745  8293 demo_inner.hpp:260]  gui queue size 0, state = running
I1014 14:53:42.220008  8292 demo_inner.hpp:177] decode queue size 0
I1014 14:53:42.220113  8295 work_thread.hpp:81]  [T-Work-Detect_0] Run work: WorkDetect
I1014 14:53:42.220149  8295 work_detect.cpp:102] Succeeded to add det start for frame 219
I1014 14:53:42.226490  8295 work_detect.cpp:70] Frame :219 detect result :0 face(s)
I1014 14:53:42.226536  8295 work_detect.cpp:120] Succeeded to add det end for frame 219
I1014 14:53:42.226552  8295 work_thread.hpp:81]  [T-Work-Detect_0] Run work: WrokTrack
I1014 14:53:42.226578  8295 work_track.cpp:102] Succeeded to set track lock for frame 219
I1014 14:53:42.226605  8295 work_track.cpp:116] Succeeded to release track lock for frame 219
I1014 14:53:42.226619  8295 work_track.cpp:120] Track results of frame 219: 0 objects input, 0 objects tracked!
I1014 14:53:42.226637  8295 work_thread.hpp:87]  [T-Work-Detect_0] Frame :219 split
I1014 14:53:42.226691  8298 thread_intergrate.hpp:78] [T-Intergrate-intergrate] queue: frame output frame :219
I1014 14:53:42.227778  8298 thread_intergrate.hpp:164] T-Intergrate-intergrate Show face :2, size :640 * 360
I1014 14:53:42.228415  8294 demo_inner.hpp:435] thread [SORT-0]  frame id 219 sorting queue size 0   FPS: 16.6667
I1014 14:53:42.279743  8292 demo_inner.hpp:177] decode queue size 0
I1014 14:53:42.279865  8295 work_thread.hpp:81]  [T-Work-Detect_0] Run work: WorkDetect
I1014 14:53:42.279904  8295 work_detect.cpp:102] Succeeded to add det start for frame 220
I1014 14:53:42.280319  8293 demo_inner.hpp:260]  gui queue size 0, state = running
I1014 14:53:42.286274  8295 work_detect.cpp:70] Frame :220 detect result :0 face(s)
I1014 14:53:42.286341  8295 work_detect.cpp:120] Succeeded to add det end for frame 220
I1014 14:53:42.286358  8295 work_thread.hpp:81]  [T-Work-Detect_0] Run work: WrokTrack
I1014 14:53:42.286386  8295 work_track.cpp:102] Succeeded to set track lock for frame 220
I1014 14:53:42.286412  8295 work_track.cpp:116] Succeeded to release track lock for frame 220
I1014 14:53:42.286427  8295 work_track.cpp:120] Track results of frame 220: 0 objects input, 0 objects tracked!
I1014 14:53:42.286525  8295 work_thread.hpp:87]  [T-Work-Detect_0] Frame :220 split
I1014 14:53:42.286587  8298 thread_intergrate.hpp:78] [T-Intergrate-intergrate] queue: frame output frame :220
I1014 14:53:42.287676  8298 thread_intergrate.hpp:164] T-Intergrate-intergrate Show face :2, size :640 * 360
I1014 14:53:42.288287  8294 demo_inner.hpp:435] thread [SORT-0]  frame id 220 sorting queue size 0   FPS: 16.6809
I1014 14:53:42.340144  8292 demo_inner.hpp:177] decode queue size 0
I1014 14:53:42.340265  8295 work_thread.hpp:81]  [T-Work-Detect_0] Run work: WorkDetect
I1014 14:53:42.340301  8295 work_detect.cpp:102] Succeeded to add det start for frame 221
I1014 14:53:42.346611  8295 work_detect.cpp:70] Frame :221 detect result :0 face(s)
I1014 14:53:42.346665  8295 work_detect.cpp:120] Succeeded to add det end for frame 221
I1014 14:53:42.346681  8295 work_thread.hpp:81]  [T-Work-Detect_0] Run work: WrokTrack
I1014 14:53:42.346710  8295 work_track.cpp:102] Succeeded to set track lock for frame 221
I1014 14:53:42.346740  8295 work_track.cpp:116] Succeeded to release track lock for frame 221
I1014 14:53:42.346755  8295 work_track.cpp:120] Track results of frame 221: 0 objects input, 0 objects tracked!
I1014 14:53:42.346773  8295 work_thread.hpp:87]  [T-Work-Detect_0] Frame :221 split
I1014 14:53:42.346828  8298 thread_intergrate.hpp:78] [T-Intergrate-intergrate] queue: frame output frame :221
I1014 14:53:42.347915  8298 thread_intergrate.hpp:164] T-Intergrate-intergrate Show face :2, size :640 * 360
I1014 14:53:42.348513  8294 demo_inner.hpp:435] thread [SORT-0]  frame id 221 sorting queue size 1   FPS: 16.6952
I1014 14:53:42.363692  8293 demo_inner.hpp:260]  gui queue size 1, state = running
I1014 14:53:42.400048  8292 demo_inner.hpp:177] decode queue size 0
I1014 14:53:42.400233  8295 work_thread.hpp:81]  [T-Work-Detect_0] Run work: WorkDetect
I1014 14:53:42.400269  8295 work_detect.cpp:102] Succeeded to add det start for frame 222
I1014 14:53:42.406630  8295 work_detect.cpp:70] Frame :222 detect result :0 face(s)
I1014 14:53:42.406679  8295 work_detect.cpp:120] Succeeded to add det end for frame 222
I1014 14:53:42.406695  8295 work_thread.hpp:81]  [T-Work-Detect_0] Run work: WrokTrack
I1014 14:53:42.406723  8295 work_track.cpp:102] Succeeded to set track lock for frame 222
I1014 14:53:42.406749  8295 work_track.cpp:116] Succeeded to release track lock for frame 222
I1014 14:53:42.406762  8295 work_track.cpp:120] Track results of frame 222: 0 objects input, 0 objects tracked!
I1014 14:53:42.406781  8295 work_thread.hpp:87]  [T-Work-Detect_0] Frame :222 split
I1014 14:53:42.406836  8298 thread_intergrate.hpp:78] [T-Intergrate-intergrate] queue: frame output frame :222
I1014 14:53:42.407923  8298 thread_intergrate.hpp:164] T-Intergrate-intergrate Show face :2, size :640 * 360
I1014 14:53:42.408521  8294 demo_inner.hpp:435] thread [SORT-0]  frame id 222 sorting queue size 0   FPS: 16.6809
I1014 14:53:42.431063  8293 demo_inner.hpp:260]  gui queue size 0, state = running
I1014 14:53:42.459741  8292 demo_inner.hpp:177] decode queue size 0
I1014 14:53:42.459848  8295 work_thread.hpp:81]  [T-Work-Detect_0] Run work: WorkDetect
I1014 14:53:42.459884  8295 work_detect.cpp:102] Succeeded to add det start for frame 223
I1014 14:53:42.466346  8295 work_detect.cpp:70] Frame :223 detect result :0 face(s)
I1014 14:53:42.466403  8295 work_detect.cpp:120] Succeeded to add det end for frame 223
I1014 14:53:42.466419  8295 work_thread.hpp:81]  [T-Work-Detect_0] Run work: WrokTrack
I1014 14:53:42.466446  8295 work_track.cpp:102] Succeeded to set track lock for frame 223
I1014 14:53:42.466472  8295 work_track.cpp:116] Succeeded to release track lock for frame 223
I1014 14:53:42.466486  8295 work_track.cpp:120] Track results of frame 223: 0 objects input, 0 objects tracked!
I1014 14:53:42.466506  8295 work_thread.hpp:87]  [T-Work-Detect_0] Frame :223 split
I1014 14:53:42.466558  8298 thread_intergrate.hpp:78] [T-Intergrate-intergrate] queue: frame output frame :223
I1014 14:53:42.467645  8298 thread_intergrate.hpp:164] T-Intergrate-intergrate Show face :2, size :640 * 360
I1014 14:53:42.468322  8294 demo_inner.hpp:435] thread [SORT-0]  frame id 223 sorting queue size 0   FPS: 16.6809
I1014 14:53:42.508855  8293 demo_inner.hpp:260]  gui queue size 0, state = running
I1014 14:53:42.520196  8292 demo_inner.hpp:177] decode queue size 0
I1014 14:53:42.520310  8295 work_thread.hpp:81]  [T-Work-Detect_0] Run work: WorkDetect
I1014 14:53:42.520345  8295 work_detect.cpp:102] Succeeded to add det start for frame 224
I1014 14:53:42.526722  8295 work_detect.cpp:70] Frame :224 detect result :0 face(s)
I1014 14:53:42.526777  8295 work_detect.cpp:120] Succeeded to add det end for frame 224
I1014 14:53:42.526793  8295 work_thread.hpp:81]  [T-Work-Detect_0] Run work: WrokTrack
I1014 14:53:42.526819  8295 work_track.cpp:102] Succeeded to set track lock for frame 224
I1014 14:53:42.526845  8295 work_track.cpp:116] Succeeded to release track lock for frame 224
I1014 14:53:42.526859  8295 work_track.cpp:120] Track results of frame 224: 0 objects input, 0 objects tracked!
I1014 14:53:42.526878  8295 work_thread.hpp:87]  [T-Work-Detect_0] Frame :224 split
I1014 14:53:42.526933  8298 thread_intergrate.hpp:78] [T-Intergrate-intergrate] queue: frame output frame :224
I1014 14:53:42.528020  8298 thread_intergrate.hpp:164] T-Intergrate-intergrate Show face :2, size :640 * 360
I1014 14:53:42.528611  8294 demo_inner.hpp:435] thread [SORT-0]  frame id 224 sorting queue size 0   FPS: 16.6809
I1014 14:53:42.580035  8292 demo_inner.hpp:177] decode queue size 0
I1014 14:53:42.580240  8295 work_thread.hpp:81]  [T-Work-Detect_0] Run work: WorkDetect
I1014 14:53:42.580274  8295 work_detect.cpp:102] Succeeded to add det start for frame 225
I1014 14:53:42.586630  8295 work_detect.cpp:70] Frame :225 detect result :0 face(s)
I1014 14:53:42.586694  8295 work_detect.cpp:120] Succeeded to add det end for frame 225
I1014 14:53:42.586710  8295 work_thread.hpp:81]  [T-Work-Detect_0] Run work: WrokTrack
I1014 14:53:42.586740  8295 work_track.cpp:102] Succeeded to set track lock for frame 225
I1014 14:53:42.586766  8295 work_track.cpp:116] Succeeded to release track lock for frame 225
I1014 14:53:42.586781  8295 work_track.cpp:120] Track results of frame 225: 0 objects input, 0 objects tracked!
I1014 14:53:42.586799  8295 work_thread.hpp:87]  [T-Work-Detect_0] Frame :225 split
I1014 14:53:42.586853  8298 thread_intergrate.hpp:78] [T-Intergrate-intergrate] queue: frame output frame :225
I1014 14:53:42.587940  8298 thread_intergrate.hpp:164] T-Intergrate-intergrate Show face :2, size :640 * 360
I1014 14:53:42.588541  8294 demo_inner.hpp:435] thread [SORT-0]  frame id 225 sorting queue size 1   FPS: 16.6809
I1014 14:53:42.603535  8293 demo_inner.hpp:260]  gui queue size 1, state = running
I1014 14:53:42.640977  8292 demo_inner.hpp:177] decode queue size 0
I1014 14:53:42.641129  8295 work_thread.hpp:81]  [T-Work-Detect_0] Run work: WorkDetect
I1014 14:53:42.641172  8295 work_detect.cpp:102] Succeeded to add det start for frame 226
I1014 14:53:42.648365  8295 work_detect.cpp:70] Frame :226 detect result :0 face(s)
I1014 14:53:42.648453  8295 work_detect.cpp:120] Succeeded to add det end for frame 226
I1014 14:53:42.648473  8295 work_thread.hpp:81]  [T-Work-Detect_0] Run work: WrokTrack
I1014 14:53:42.648500  8295 work_track.cpp:102] Succeeded to set track lock for frame 226
I1014 14:53:42.648527  8295 work_track.cpp:116] Succeeded to release track lock for frame 226
I1014 14:53:42.648541  8295 work_track.cpp:120] Track results of frame 226: 0 objects input, 0 objects tracked!
I1014 14:53:42.648568  8295 work_thread.hpp:87]  [T-Work-Detect_0] Frame :226 split
I1014 14:53:42.648610  8298 thread_intergrate.hpp:78] [T-Intergrate-intergrate] queue: frame output frame :226
I1014 14:53:42.649700  8298 thread_intergrate.hpp:164] T-Intergrate-intergrate Show face :2, size :640 * 360
I1014 14:53:42.650259  8294 demo_inner.hpp:435] thread [SORT-0]  frame id 226 sorting queue size 0   FPS: 16.6595
I1014 14:53:42.672536  8293 demo_inner.hpp:260]  gui queue size 0, state = running
I1014 14:53:42.699719  8292 demo_inner.hpp:177] decode queue size 0
I1014 14:53:42.699841  8295 work_thread.hpp:81]  [T-Work-Detect_0] Run work: WorkDetect
I1014 14:53:42.699877  8295 work_detect.cpp:102] Succeeded to add det start for frame 227
I1014 14:53:42.706334  8295 work_detect.cpp:70] Frame :227 detect result :0 face(s)
I1014 14:53:42.706389  8295 work_detect.cpp:120] Succeeded to add det end for frame 227
I1014 14:53:42.706405  8295 work_thread.hpp:81]  [T-Work-Detect_0] Run work: WrokTrack
I1014 14:53:42.706432  8295 work_track.cpp:102] Succeeded to set track lock for frame 227
I1014 14:53:42.706459  8295 work_track.cpp:116] Succeeded to release track lock for frame 227
I1014 14:53:42.706473  8295 work_track.cpp:120] Track results of frame 227: 0 objects input, 0 objects tracked!
I1014 14:53:42.706491  8295 work_thread.hpp:87]  [T-Work-Detect_0] Frame :227 split
I1014 14:53:42.707056  8298 thread_intergrate.hpp:78] [T-Intergrate-intergrate] queue: frame output frame :227
I1014 14:53:42.708144  8298 thread_intergrate.hpp:164] T-Intergrate-intergrate Show face :2, size :640 * 360
I1014 14:53:42.708668  8294 demo_inner.hpp:435] thread [SORT-0]  frame id 227 sorting queue size 0   FPS: 16.6738
I1014 14:53:42.708734  8293 demo_inner.hpp:260]  gui queue size 0, state = running
I1014 14:53:42.759795  8292 demo_inner.hpp:177] decode queue size 0
I1014 14:53:42.759907  8295 work_thread.hpp:81]  [T-Work-Detect_0] Run work: WorkDetect
I1014 14:53:42.759948  8295 work_detect.cpp:102] Succeeded to add det start for frame 228
I1014 14:53:42.766270  8295 work_detect.cpp:70] Frame :228 detect result :0 face(s)
I1014 14:53:42.766321  8295 work_detect.cpp:120] Succeeded to add det end for frame 228
I1014 14:53:42.766337  8295 work_thread.hpp:81]  [T-Work-Detect_0] Run work: WrokTrack
I1014 14:53:42.766364  8295 work_track.cpp:102] Succeeded to set track lock for frame 228
I1014 14:53:42.766391  8295 work_track.cpp:116] Succeeded to release track lock for frame 228
I1014 14:53:42.766404  8295 work_track.cpp:120] Track results of frame 228: 0 objects input, 0 objects tracked!
I1014 14:53:42.766423  8295 work_thread.hpp:87]  [T-Work-Detect_0] Frame :228 split
I1014 14:53:42.766486  8298 thread_intergrate.hpp:78] [T-Intergrate-intergrate] queue: frame output frame :228
I1014 14:53:42.767587  8298 thread_intergrate.hpp:164] T-Intergrate-intergrate Show face :2, size :640 * 360
I1014 14:53:42.768100  8294 demo_inner.hpp:435] thread [SORT-0]  frame id 228 sorting queue size 0   FPS: 16.6738
I1014 14:53:42.768185  8293 demo_inner.hpp:260]  gui queue size 0, state = running
I1014 14:53:42.819751  8292 demo_inner.hpp:177] decode queue size 0
I1014 14:53:42.819886  8295 work_thread.hpp:81]  [T-Work-Detect_0] Run work: WorkDetect
I1014 14:53:42.819923  8295 work_detect.cpp:102] Succeeded to add det start for frame 229
I1014 14:53:42.826371  8295 work_detect.cpp:70] Frame :229 detect result :0 face(s)
I1014 14:53:42.826419  8295 work_detect.cpp:120] Succeeded to add det end for frame 229
I1014 14:53:42.826436  8295 work_thread.hpp:81]  [T-Work-Detect_0] Run work: WrokTrack
I1014 14:53:42.826462  8295 work_track.cpp:102] Succeeded to set track lock for frame 229
I1014 14:53:42.826489  8295 work_track.cpp:116] Succeeded to release track lock for frame 229
I1014 14:53:42.826503  8295 work_track.cpp:120] Track results of frame 229: 0 objects input, 0 objects tracked!
I1014 14:53:42.826521  8295 work_thread.hpp:87]  [T-Work-Detect_0] Frame :229 split
I1014 14:53:42.826582  8298 thread_intergrate.hpp:78] [T-Intergrate-intergrate] queue: frame output frame :229
I1014 14:53:42.827677  8298 thread_intergrate.hpp:164] T-Intergrate-intergrate Show face :2, size :640 * 360
I1014 14:53:42.828327  8294 demo_inner.hpp:435] thread [SORT-0]  frame id 229 sorting queue size 0   FPS: 16.6667
I1014 14:53:42.849048  8293 demo_inner.hpp:260]  gui queue size 0, state = running
I1014 14:53:42.879880  8292 demo_inner.hpp:177] decode queue size 0
I1014 14:53:42.879978  8295 work_thread.hpp:81]  [T-Work-Detect_0] Run work: WorkDetect
I1014 14:53:42.880015  8295 work_detect.cpp:102] Succeeded to add det start for frame 230
I1014 14:53:42.886500  8295 work_detect.cpp:70] Frame :230 detect result :0 face(s)
I1014 14:53:42.886556  8295 work_detect.cpp:120] Succeeded to add det end for frame 230
I1014 14:53:42.886572  8295 work_thread.hpp:81]  [T-Work-Detect_0] Run work: WrokTrack
I1014 14:53:42.886600  8295 work_track.cpp:102] Succeeded to set track lock for frame 230
I1014 14:53:42.886626  8295 work_track.cpp:116] Succeeded to release track lock for frame 230
I1014 14:53:42.886639  8295 work_track.cpp:120] Track results of frame 230: 0 objects input, 0 objects tracked!
I1014 14:53:42.886657  8295 work_thread.hpp:87]  [T-Work-Detect_0] Frame :230 split
I1014 14:53:42.886723  8298 thread_intergrate.hpp:78] [T-Intergrate-intergrate] queue: frame output frame :230
I1014 14:53:42.887812  8298 thread_intergrate.hpp:164] T-Intergrate-intergrate Show face :2, size :640 * 360
I1014 14:53:42.888474  8294 demo_inner.hpp:435] thread [SORT-0]  frame id 230 sorting queue size 0   FPS: 16.6667
I1014 14:53:42.917086  8293 demo_inner.hpp:260]  gui queue size 0, state = running
I1014 14:53:42.939780  8292 demo_inner.hpp:177] decode queue size 0
I1014 14:53:42.939887  8295 work_thread.hpp:81]  [T-Work-Detect_0] Run work: WorkDetect
I1014 14:53:42.939921  8295 work_detect.cpp:102] Succeeded to add det start for frame 231
I1014 14:53:42.946313  8295 work_detect.cpp:70] Frame :231 detect result :0 face(s)
I1014 14:53:42.946372  8295 work_detect.cpp:120] Succeeded to add det end for frame 231
I1014 14:53:42.946388  8295 work_thread.hpp:81]  [T-Work-Detect_0] Run work: WrokTrack
I1014 14:53:42.946416  8295 work_track.cpp:102] Succeeded to set track lock for frame 231
I1014 14:53:42.946442  8295 work_track.cpp:116] Succeeded to release track lock for frame 231
I1014 14:53:42.946455  8295 work_track.cpp:120] Track results of frame 231: 0 objects input, 0 objects tracked!
I1014 14:53:42.946475  8295 work_thread.hpp:87]  [T-Work-Detect_0] Frame :231 split
I1014 14:53:42.946537  8298 thread_intergrate.hpp:78] [T-Intergrate-intergrate] queue: frame output frame :231
I1014 14:53:42.947624  8298 thread_intergrate.hpp:164] T-Intergrate-intergrate Show face :2, size :640 * 360
I1014 14:53:42.948258  8294 demo_inner.hpp:435] thread [SORT-0]  frame id 231 sorting queue size 0   FPS: 16.6667
I1014 14:53:42.994503  8293 demo_inner.hpp:260]  gui queue size 0, state = running
I1014 14:53:43.000550  8292 demo_inner.hpp:177] decode queue size 0
I1014 14:53:43.000710  8295 work_thread.hpp:81]  [T-Work-Detect_0] Run work: WorkDetect
I1014 14:53:43.000749  8295 work_detect.cpp:102] Succeeded to add det start for frame 232
I1014 14:53:43.007182  8295 work_detect.cpp:70] Frame :232 detect result :0 face(s)
I1014 14:53:43.007232  8295 work_detect.cpp:120] Succeeded to add det end for frame 232
I1014 14:53:43.007249  8295 work_thread.hpp:81]  [T-Work-Detect_0] Run work: WrokTrack
I1014 14:53:43.007277  8295 work_track.cpp:102] Succeeded to set track lock for frame 232
I1014 14:53:43.007303  8295 work_track.cpp:116] Succeeded to release track lock for frame 232
I1014 14:53:43.007318  8295 work_track.cpp:120] Track results of frame 232: 0 objects input, 0 objects tracked!
I1014 14:53:43.007336  8295 work_thread.hpp:87]  [T-Work-Detect_0] Frame :232 split
I1014 14:53:43.007401  8298 thread_intergrate.hpp:78] [T-Intergrate-intergrate] queue: frame output frame :232
I1014 14:53:43.008491  8298 thread_intergrate.hpp:164] T-Intergrate-intergrate Show face :2, size :640 * 360
I1014 14:53:43.009045  8294 demo_inner.hpp:435] thread [SORT-0]  frame id 232 sorting queue size 0   FPS: 16.6595
I1014 14:53:43.059967  8292 demo_inner.hpp:177] decode queue size 0
I1014 14:53:43.060063  8295 work_thread.hpp:81]  [T-Work-Detect_0] Run work: WorkDetect
I1014 14:53:43.060101  8295 work_detect.cpp:102] Succeeded to add det start for frame 233
I1014 14:53:43.066433  8295 work_detect.cpp:70] Frame :233 detect result :0 face(s)
I1014 14:53:43.066488  8295 work_detect.cpp:120] Succeeded to add det end for frame 233
I1014 14:53:43.066505  8295 work_thread.hpp:81]  [T-Work-Detect_0] Run work: WrokTrack
I1014 14:53:43.066607  8295 work_track.cpp:102] Succeeded to set track lock for frame 233
I1014 14:53:43.066637  8295 work_track.cpp:116] Succeeded to release track lock for frame 233
I1014 14:53:43.066651  8295 work_track.cpp:120] Track results of frame 233: 0 objects input, 0 objects tracked!
I1014 14:53:43.066669  8295 work_thread.hpp:87]  [T-Work-Detect_0] Frame :233 split
I1014 14:53:43.066735  8298 thread_intergrate.hpp:78] [T-Intergrate-intergrate] queue: frame output frame :233
I1014 14:53:43.067826  8298 thread_intergrate.hpp:164] T-Intergrate-intergrate Show face :2, size :640 * 360
I1014 14:53:43.068460  8294 demo_inner.hpp:435] thread [SORT-0]  frame id 233 sorting queue size 1   FPS: 16.6667
I1014 14:53:43.072645  8293 demo_inner.hpp:260]  gui queue size 1, state = running
I1014 14:53:43.119966  8292 demo_inner.hpp:177] decode queue size 0
I1014 14:53:43.120069  8295 work_thread.hpp:81]  [T-Work-Detect_0] Run work: WorkDetect
I1014 14:53:43.120106  8295 work_detect.cpp:102] Succeeded to add det start for frame 234
I1014 14:53:43.126487  8295 work_detect.cpp:70] Frame :234 detect result :0 face(s)
I1014 14:53:43.126545  8295 work_detect.cpp:120] Succeeded to add det end for frame 234
I1014 14:53:43.126562  8295 work_thread.hpp:81]  [T-Work-Detect_0] Run work: WrokTrack
I1014 14:53:43.126590  8295 work_track.cpp:102] Succeeded to set track lock for frame 234
I1014 14:53:43.126616  8295 work_track.cpp:116] Succeeded to release track lock for frame 234
I1014 14:53:43.126631  8295 work_track.cpp:120] Track results of frame 234: 0 objects input, 0 objects tracked!
I1014 14:53:43.126649  8295 work_thread.hpp:87]  [T-Work-Detect_0] Frame :234 split
I1014 14:53:43.126713  8298 thread_intergrate.hpp:78] [T-Intergrate-intergrate] queue: frame output frame :234
I1014 14:53:43.127802  8298 thread_intergrate.hpp:164] T-Intergrate-intergrate Show face :2, size :640 * 360
I1014 14:53:43.128449  8294 demo_inner.hpp:435] thread [SORT-0]  frame id 234 sorting queue size 0   FPS: 16.6667
I1014 14:53:43.133935  8293 demo_inner.hpp:260]  gui queue size 0, state = running
I1014 14:53:43.179893  8292 demo_inner.hpp:177] decode queue size 0
I1014 14:53:43.180001  8295 work_thread.hpp:81]  [T-Work-Detect_0] Run work: WorkDetect
I1014 14:53:43.180037  8295 work_detect.cpp:102] Succeeded to add det start for frame 235
I1014 14:53:43.186451  8295 work_detect.cpp:70] Frame :235 detect result :0 face(s)
I1014 14:53:43.186506  8295 work_detect.cpp:120] Succeeded to add det end for frame 235
I1014 14:53:43.186523  8295 work_thread.hpp:81]  [T-Work-Detect_0] Run work: WrokTrack
I1014 14:53:43.186550  8295 work_track.cpp:102] Succeeded to set track lock for frame 235
I1014 14:53:43.186576  8295 work_track.cpp:116] Succeeded to release track lock for frame 235
I1014 14:53:43.186590  8295 work_track.cpp:120] Track results of frame 235: 0 objects input, 0 objects tracked!
I1014 14:53:43.186609  8295 work_thread.hpp:87]  [T-Work-Detect_0] Frame :235 split
I1014 14:53:43.186666  8298 thread_intergrate.hpp:78] [T-Intergrate-intergrate] queue: frame output frame :235
I1014 14:53:43.187752  8298 thread_intergrate.hpp:164] T-Intergrate-intergrate Show face :2, size :640 * 360
I1014 14:53:43.188385  8294 demo_inner.hpp:435] thread [SORT-0]  frame id 235 sorting queue size 0   FPS: 16.6667
I1014 14:53:43.234234  8293 demo_inner.hpp:260]  gui queue size 0, state = running
I1014 14:53:43.239876  8292 demo_inner.hpp:177] decode queue size 0
I1014 14:53:43.239989  8295 work_thread.hpp:81]  [T-Work-Detect_0] Run work: WorkDetect
I1014 14:53:43.240025  8295 work_detect.cpp:102] Succeeded to add det start for frame 236
I1014 14:53:43.246449  8295 work_detect.cpp:70] Frame :236 detect result :0 face(s)
I1014 14:53:43.246515  8295 work_detect.cpp:120] Succeeded to add det end for frame 236
I1014 14:53:43.246531  8295 work_thread.hpp:81]  [T-Work-Detect_0] Run work: WrokTrack
I1014 14:53:43.246559  8295 work_track.cpp:102] Succeeded to set track lock for frame 236
I1014 14:53:43.246585  8295 work_track.cpp:116] Succeeded to release track lock for frame 236
I1014 14:53:43.246676  8295 work_track.cpp:120] Track results of frame 236: 0 objects input, 0 objects tracked!
I1014 14:53:43.246697  8295 work_thread.hpp:87]  [T-Work-Detect_0] Frame :236 split
I1014 14:53:43.246767  8298 thread_intergrate.hpp:78] [T-Intergrate-intergrate] queue: frame output frame :236
I1014 14:53:43.247856  8298 thread_intergrate.hpp:164] T-Intergrate-intergrate Show face :2, size :640 * 360
I1014 14:53:43.248497  8294 demo_inner.hpp:435] thread [SORT-0]  frame id 236 sorting queue size 0   FPS: 16.6667
I1014 14:53:43.300081  8292 demo_inner.hpp:177] decode queue size 0
I1014 14:53:43.300261  8295 work_thread.hpp:81]  [T-Work-Detect_0] Run work: WorkDetect
I1014 14:53:43.300297  8295 work_detect.cpp:102] Succeeded to add det start for frame 237
I1014 14:53:43.301698  8293 demo_inner.hpp:260]  gui queue size 0, state = running
I1014 14:53:43.306685  8295 work_detect.cpp:70] Frame :237 detect result :0 face(s)
I1014 14:53:43.306752  8295 work_detect.cpp:120] Succeeded to add det end for frame 237
I1014 14:53:43.306768  8295 work_thread.hpp:81]  [T-Work-Detect_0] Run work: WrokTrack
I1014 14:53:43.306797  8295 work_track.cpp:102] Succeeded to set track lock for frame 237
I1014 14:53:43.306825  8295 work_track.cpp:116] Succeeded to release track lock for frame 237
I1014 14:53:43.306839  8295 work_track.cpp:120] Track results of frame 237: 0 objects input, 0 objects tracked!
I1014 14:53:43.306859  8295 work_thread.hpp:87]  [T-Work-Detect_0] Frame :237 split
I1014 14:53:43.306924  8298 thread_intergrate.hpp:78] [T-Intergrate-intergrate] queue: frame output frame :237
I1014 14:53:43.308014  8298 thread_intergrate.hpp:164] T-Intergrate-intergrate Show face :2, size :640 * 360
I1014 14:53:43.308667  8294 demo_inner.hpp:435] thread [SORT-0]  frame id 237 sorting queue size 0   FPS: 16.6667
I1014 14:53:43.359814  8292 demo_inner.hpp:177] decode queue size 0
I1014 14:53:43.359937  8295 work_thread.hpp:81]  [T-Work-Detect_0] Run work: WorkDetect
I1014 14:53:43.359973  8295 work_detect.cpp:102] Succeeded to add det start for frame 238
I1014 14:53:43.366319  8295 work_detect.cpp:70] Frame :238 detect result :0 face(s)
I1014 14:53:43.366372  8295 work_detect.cpp:120] Succeeded to add det end for frame 238
I1014 14:53:43.366389  8295 work_thread.hpp:81]  [T-Work-Detect_0] Run work: WrokTrack
I1014 14:53:43.366415  8295 work_track.cpp:102] Succeeded to set track lock for frame 238
I1014 14:53:43.366441  8295 work_track.cpp:116] Succeeded to release track lock for frame 238
I1014 14:53:43.366454  8295 work_track.cpp:120] Track results of frame 238: 0 objects input, 0 objects tracked!
I1014 14:53:43.366473  8295 work_thread.hpp:87]  [T-Work-Detect_0] Frame :238 split
I1014 14:53:43.366528  8298 thread_intergrate.hpp:78] [T-Intergrate-intergrate] queue: frame output frame :238
I1014 14:53:43.367614  8298 thread_intergrate.hpp:164] T-Intergrate-intergrate Show face :2, size :640 * 360
I1014 14:53:43.368121  8294 demo_inner.hpp:435] thread [SORT-0]  frame id 238 sorting queue size 1   FPS: 16.6738
I1014 14:53:43.373960  8293 demo_inner.hpp:260]  gui queue size 1, state = running
I1014 14:53:43.420184  8292 demo_inner.hpp:177] decode queue size 0
I1014 14:53:43.420307  8295 work_thread.hpp:81]  [T-Work-Detect_0] Run work: WorkDetect
I1014 14:53:43.420342  8295 work_detect.cpp:102] Succeeded to add det start for frame 239
I1014 14:53:43.426728  8295 work_detect.cpp:70] Frame :239 detect result :0 face(s)
I1014 14:53:43.426784  8295 work_detect.cpp:120] Succeeded to add det end for frame 239
I1014 14:53:43.426801  8295 work_thread.hpp:81]  [T-Work-Detect_0] Run work: WrokTrack
I1014 14:53:43.426828  8295 work_track.cpp:102] Succeeded to set track lock for frame 239
I1014 14:53:43.426854  8295 work_track.cpp:116] Succeeded to release track lock for frame 239
I1014 14:53:43.426868  8295 work_track.cpp:120] Track results of frame 239: 0 objects input, 0 objects tracked!
I1014 14:53:43.426887  8295 work_thread.hpp:87]  [T-Work-Detect_0] Frame :239 split
I1014 14:53:43.426945  8298 thread_intergrate.hpp:78] [T-Intergrate-intergrate] queue: frame output frame :239
I1014 14:53:43.428107  8298 thread_intergrate.hpp:164] T-Intergrate-intergrate Show face :2, size :640 * 360
I1014 14:53:43.428741  8294 demo_inner.hpp:435] thread [SORT-0]  frame id 239 sorting queue size 0   FPS: 16.6667
I1014 14:53:43.446453  8293 demo_inner.hpp:260]  gui queue size 0, state = running
I1014 14:53:43.480079  8292 demo_inner.hpp:177] decode queue size 0
I1014 14:53:43.480309  8295 work_thread.hpp:81]  [T-Work-Detect_0] Run work: WorkDetect
I1014 14:53:43.480345  8295 work_detect.cpp:102] Succeeded to add det start for frame 240
I1014 14:53:43.486764  8295 work_detect.cpp:70] Frame :240 detect result :0 face(s)
I1014 14:53:43.486825  8295 work_detect.cpp:120] Succeeded to add det end for frame 240
I1014 14:53:43.486842  8295 work_thread.hpp:81]  [T-Work-Detect_0] Run work: WrokTrack
I1014 14:53:43.486869  8295 work_track.cpp:102] Succeeded to set track lock for frame 240
I1014 14:53:43.486896  8295 work_track.cpp:116] Succeeded to release track lock for frame 240
I1014 14:53:43.486909  8295 work_track.cpp:120] Track results of frame 240: 0 objects input, 0 objects tracked!
I1014 14:53:43.486927  8295 work_thread.hpp:87]  [T-Work-Detect_0] Frame :240 split
I1014 14:53:43.486986  8298 thread_intergrate.hpp:78] [T-Intergrate-intergrate] queue: frame output frame :240
I1014 14:53:43.488075  8298 thread_intergrate.hpp:164] T-Intergrate-intergrate Show face :2, size :640 * 360
I1014 14:53:43.488715  8294 demo_inner.hpp:435] thread [SORT-0]  frame id 240 sorting queue size 0   FPS: 16.6667
I1014 14:53:43.524415  8293 demo_inner.hpp:260]  gui queue size 0, state = running
I1014 14:53:43.540014  8292 demo_inner.hpp:177] decode queue size 0
I1014 14:53:43.540119  8295 work_thread.hpp:81]  [T-Work-Detect_0] Run work: WorkDetect
I1014 14:53:43.540175  8295 work_detect.cpp:102] Succeeded to add det start for frame 241
I1014 14:53:43.546490  8295 work_detect.cpp:70] Frame :241 detect result :0 face(s)
I1014 14:53:43.546545  8295 work_detect.cpp:120] Succeeded to add det end for frame 241
I1014 14:53:43.546563  8295 work_thread.hpp:81]  [T-Work-Detect_0] Run work: WrokTrack
I1014 14:53:43.546591  8295 work_track.cpp:102] Succeeded to set track lock for frame 241
I1014 14:53:43.546620  8295 work_track.cpp:116] Succeeded to release track lock for frame 241
I1014 14:53:43.546634  8295 work_track.cpp:120] Track results of frame 241: 0 objects input, 0 objects tracked!
I1014 14:53:43.546653  8295 work_thread.hpp:87]  [T-Work-Detect_0] Frame :241 split
I1014 14:53:43.546708  8298 thread_intergrate.hpp:78] [T-Intergrate-intergrate] queue: frame output frame :241
I1014 14:53:43.547796  8298 thread_intergrate.hpp:164] T-Intergrate-intergrate Show face :2, size :640 * 360
I1014 14:53:43.548434  8294 demo_inner.hpp:435] thread [SORT-0]  frame id 241 sorting queue size 0   FPS: 16.6667
I1014 14:53:43.599911  8292 demo_inner.hpp:177] decode queue size 0
I1014 14:53:43.600008  8295 work_thread.hpp:81]  [T-Work-Detect_0] Run work: WorkDetect
I1014 14:53:43.600044  8295 work_detect.cpp:102] Succeeded to add det start for frame 242
I1014 14:53:43.606390  8295 work_detect.cpp:70] Frame :242 detect result :0 face(s)
I1014 14:53:43.606446  8295 work_detect.cpp:120] Succeeded to add det end for frame 242
I1014 14:53:43.606462  8295 work_thread.hpp:81]  [T-Work-Detect_0] Run work: WrokTrack
I1014 14:53:43.606488  8295 work_track.cpp:102] Succeeded to set track lock for frame 242
I1014 14:53:43.606516  8295 work_track.cpp:116] Succeeded to release track lock for frame 242
I1014 14:53:43.606530  8295 work_track.cpp:120] Track results of frame 242: 0 objects input, 0 objects tracked!
I1014 14:53:43.606550  8295 work_thread.hpp:87]  [T-Work-Detect_0] Frame :242 split
I1014 14:53:43.606606  8298 thread_intergrate.hpp:78] [T-Intergrate-intergrate] queue: frame output frame :242
I1014 14:53:43.607692  8298 thread_intergrate.hpp:164] T-Intergrate-intergrate Show face :2, size :640 * 360
I1014 14:53:43.608216  8294 demo_inner.hpp:435] thread [SORT-0]  frame id 242 sorting queue size 1   FPS: 16.6738
I1014 14:53:43.623482  8293 demo_inner.hpp:260]  gui queue size 1, state = running
I1014 14:53:43.660015  8292 demo_inner.hpp:177] decode queue size 0
I1014 14:53:43.660224  8295 work_thread.hpp:81]  [T-Work-Detect_0] Run work: WorkDetect
I1014 14:53:43.660259  8295 work_detect.cpp:102] Succeeded to add det start for frame 243
I1014 14:53:43.666651  8295 work_detect.cpp:70] Frame :243 detect result :0 face(s)
I1014 14:53:43.666712  8295 work_detect.cpp:120] Succeeded to add det end for frame 243
I1014 14:53:43.666728  8295 work_thread.hpp:81]  [T-Work-Detect_0] Run work: WrokTrack
I1014 14:53:43.666756  8295 work_track.cpp:102] Succeeded to set track lock for frame 243
I1014 14:53:43.666782  8295 work_track.cpp:116] Succeeded to release track lock for frame 243
I1014 14:53:43.666796  8295 work_track.cpp:120] Track results of frame 243: 0 objects input, 0 objects tracked!
I1014 14:53:43.666815  8295 work_thread.hpp:87]  [T-Work-Detect_0] Frame :243 split
I1014 14:53:43.666870  8298 thread_intergrate.hpp:78] [T-Intergrate-intergrate] queue: frame output frame :243
I1014 14:53:43.667958  8298 thread_intergrate.hpp:164] T-Intergrate-intergrate Show face :2, size :640 * 360
I1014 14:53:43.668597  8294 demo_inner.hpp:435] thread [SORT-0]  frame id 243 sorting queue size 0   FPS: 16.6667
I1014 14:53:43.690639  8293 demo_inner.hpp:260]  gui queue size 0, state = running
I1014 14:53:43.719903  8292 demo_inner.hpp:177] decode queue size 0
I1014 14:53:43.720039  8295 work_thread.hpp:81]  [T-Work-Detect_0] Run work: WorkDetect
I1014 14:53:43.720074  8295 work_detect.cpp:102] Succeeded to add det start for frame 244
I1014 14:53:43.726493  8295 work_detect.cpp:70] Frame :244 detect result :0 face(s)
I1014 14:53:43.726555  8295 work_detect.cpp:120] Succeeded to add det end for frame 244
I1014 14:53:43.726572  8295 work_thread.hpp:81]  [T-Work-Detect_0] Run work: WrokTrack
I1014 14:53:43.726599  8295 work_track.cpp:102] Succeeded to set track lock for frame 244
I1014 14:53:43.726625  8295 work_track.cpp:116] Succeeded to release track lock for frame 244
I1014 14:53:43.726639  8295 work_track.cpp:120] Track results of frame 244: 0 objects input, 0 objects tracked!
I1014 14:53:43.726657  8295 work_thread.hpp:87]  [T-Work-Detect_0] Frame :244 split
I1014 14:53:43.726714  8298 thread_intergrate.hpp:78] [T-Intergrate-intergrate] queue: frame output frame :244
I1014 14:53:43.727802  8298 thread_intergrate.hpp:164] T-Intergrate-intergrate Show face :2, size :640 * 360
I1014 14:53:43.728448  8294 demo_inner.hpp:435] thread [SORT-0]  frame id 244 sorting queue size 0   FPS: 16.6667
I1014 14:53:43.779922  8292 demo_inner.hpp:177] decode queue size 0
I1014 14:53:43.780021  8295 work_thread.hpp:81]  [T-Work-Detect_0] Run work: WorkDetect
I1014 14:53:43.780057  8295 work_detect.cpp:102] Succeeded to add det start for frame 245
I1014 14:53:43.786425  8295 work_detect.cpp:70] Frame :245 detect result :0 face(s)
I1014 14:53:43.786480  8295 work_detect.cpp:120] Succeeded to add det end for frame 245
I1014 14:53:43.786496  8295 work_thread.hpp:81]  [T-Work-Detect_0] Run work: WrokTrack
I1014 14:53:43.786523  8295 work_track.cpp:102] Succeeded to set track lock for frame 245
I1014 14:53:43.786550  8295 work_track.cpp:116] Succeeded to release track lock for frame 245
I1014 14:53:43.786563  8295 work_track.cpp:120] Track results of frame 245: 0 objects input, 0 objects tracked!
I1014 14:53:43.786582  8295 work_thread.hpp:87]  [T-Work-Detect_0] Frame :245 split
I1014 14:53:43.786636  8298 thread_intergrate.hpp:78] [T-Intergrate-intergrate] queue: frame output frame :245
I1014 14:53:43.787724  8298 thread_intergrate.hpp:164] T-Intergrate-intergrate Show face :2, size :640 * 360
I1014 14:53:43.788244  8294 demo_inner.hpp:435] thread [SORT-0]  frame id 245 sorting queue size 1   FPS: 16.6738
I1014 14:53:43.840021  8292 demo_inner.hpp:177] decode queue size 0
I1014 14:53:43.840189  8295 work_thread.hpp:81]  [T-Work-Detect_0] Run work: WorkDetect
I1014 14:53:43.840226  8295 work_detect.cpp:102] Succeeded to add det start for frame 246
I1014 14:53:43.846529  8295 work_detect.cpp:70] Frame :246 detect result :0 face(s)
I1014 14:53:43.846652  8295 work_detect.cpp:120] Succeeded to add det end for frame 246
I1014 14:53:43.846670  8295 work_thread.hpp:81]  [T-Work-Detect_0] Run work: WrokTrack
I1014 14:53:43.846699  8295 work_track.cpp:102] Succeeded to set track lock for frame 246
I1014 14:53:43.846727  8295 work_track.cpp:116] Succeeded to release track lock for frame 246
I1014 14:53:43.846741  8295 work_track.cpp:120] Track results of frame 246: 0 objects input, 0 objects tracked!
I1014 14:53:43.846761  8295 work_thread.hpp:87]  [T-Work-Detect_0] Frame :246 split
I1014 14:53:43.846817  8298 thread_intergrate.hpp:78] [T-Intergrate-intergrate] queue: frame output frame :246
I1014 14:53:43.847903  8298 thread_intergrate.hpp:164] T-Intergrate-intergrate Show face :2, size :640 * 360
I1014 14:53:43.848433  8294 demo_inner.hpp:435] thread [SORT-0]  frame id 246 sorting queue size 2   FPS: 16.6738
I1014 14:53:43.900651  8292 demo_inner.hpp:177] decode queue size 0
I1014 14:53:43.900840  8295 work_thread.hpp:81]  [T-Work-Detect_0] Run work: WorkDetect
I1014 14:53:43.900877  8295 work_detect.cpp:102] Succeeded to add det start for frame 247
I1014 14:53:43.907233  8295 work_detect.cpp:70] Frame :247 detect result :0 face(s)
I1014 14:53:43.907289  8295 work_detect.cpp:120] Succeeded to add det end for frame 247
I1014 14:53:43.907306  8295 work_thread.hpp:81]  [T-Work-Detect_0] Run work: WrokTrack
I1014 14:53:43.907333  8295 work_track.cpp:102] Succeeded to set track lock for frame 247
I1014 14:53:43.907359  8295 work_track.cpp:116] Succeeded to release track lock for frame 247
I1014 14:53:43.907373  8295 work_track.cpp:120] Track results of frame 247: 0 objects input, 0 objects tracked!
I1014 14:53:43.907392  8295 work_thread.hpp:87]  [T-Work-Detect_0] Frame :247 split
I1014 14:53:43.907447  8298 thread_intergrate.hpp:78] [T-Intergrate-intergrate] queue: frame output frame :247
I1014 14:53:43.908536  8298 thread_intergrate.hpp:164] T-Intergrate-intergrate Show face :2, size :640 * 360
I1014 14:53:43.909158  8294 demo_inner.hpp:435] thread [SORT-0]  frame id 247 sorting queue size 3   FPS: 16.6667
I1014 14:53:43.960664  8292 demo_inner.hpp:177] decode queue size 0
I1014 14:53:43.960886  8295 work_thread.hpp:81]  [T-Work-Detect_0] Run work: WorkDetect
I1014 14:53:43.960923  8295 work_detect.cpp:102] Succeeded to add det start for frame 248
I1014 14:53:43.967272  8295 work_detect.cpp:70] Frame :248 detect result :0 face(s)
I1014 14:53:43.967324  8295 work_detect.cpp:120] Succeeded to add det end for frame 248
I1014 14:53:43.967339  8295 work_thread.hpp:81]  [T-Work-Detect_0] Run work: WrokTrack
I1014 14:53:43.967366  8295 work_track.cpp:102] Succeeded to set track lock for frame 248
I1014 14:53:43.967392  8295 work_track.cpp:116] Succeeded to release track lock for frame 248
I1014 14:53:43.967407  8295 work_track.cpp:120] Track results of frame 248: 0 objects input, 0 objects tracked!
I1014 14:53:43.967425  8295 work_thread.hpp:87]  [T-Work-Detect_0] Frame :248 split
I1014 14:53:43.967480  8298 thread_intergrate.hpp:78] [T-Intergrate-intergrate] queue: frame output frame :248
I1014 14:53:43.968567  8298 thread_intergrate.hpp:164] T-Intergrate-intergrate Show face :2, size :640 * 360
I1014 14:53:43.969189  8294 demo_inner.hpp:435] thread [SORT-0]  frame id 248 sorting queue size 4   FPS: 16.6667
I1014 14:53:44.020408  8292 demo_inner.hpp:177] decode queue size 0
I1014 14:53:44.020530  8295 work_thread.hpp:81]  [T-Work-Detect_0] Run work: WorkDetect
I1014 14:53:44.020567  8295 work_detect.cpp:102] Succeeded to add det start for frame 249
I1014 14:53:44.026895  8295 work_detect.cpp:70] Frame :249 detect result :0 face(s)
I1014 14:53:44.026945  8295 work_detect.cpp:120] Succeeded to add det end for frame 249
I1014 14:53:44.026962  8295 work_thread.hpp:81]  [T-Work-Detect_0] Run work: WrokTrack
I1014 14:53:44.026988  8295 work_track.cpp:102] Succeeded to set track lock for frame 249
I1014 14:53:44.027014  8295 work_track.cpp:116] Succeeded to release track lock for frame 249
I1014 14:53:44.027101  8295 work_track.cpp:120] Track results of frame 249: 0 objects input, 0 objects tracked!
I1014 14:53:44.027123  8295 work_thread.hpp:87]  [T-Work-Detect_0] Frame :249 split
I1014 14:53:44.027176  8298 thread_intergrate.hpp:78] [T-Intergrate-intergrate] queue: frame output frame :249
I1014 14:53:44.028264  8298 thread_intergrate.hpp:164] T-Intergrate-intergrate Show face :2, size :640 * 360
I1014 14:53:44.028887  8294 demo_inner.hpp:435] thread [SORT-0]  frame id 249 sorting queue size 5   FPS: 16.6667
I1014 14:53:44.080633  8292 demo_inner.hpp:177] decode queue size 0
I1014 14:53:44.080752  8295 work_thread.hpp:81]  [T-Work-Detect_0] Run work: WorkDetect
I1014 14:53:44.080790  8295 work_detect.cpp:102] Succeeded to add det start for frame 250
I1014 14:53:44.087080  8295 work_detect.cpp:70] Frame :250 detect result :0 face(s)
I1014 14:53:44.087136  8295 work_detect.cpp:120] Succeeded to add det end for frame 250
I1014 14:53:44.087153  8295 work_thread.hpp:81]  [T-Work-Detect_0] Run work: WrokTrack
I1014 14:53:44.087179  8295 work_track.cpp:102] Succeeded to set track lock for frame 250
I1014 14:53:44.087205  8295 work_track.cpp:116] Succeeded to release track lock for frame 250
I1014 14:53:44.087220  8295 work_track.cpp:120] Track results of frame 250: 0 objects input, 0 objects tracked!
I1014 14:53:44.087239  8295 work_thread.hpp:87]  [T-Work-Detect_0] Frame :250 split
I1014 14:53:44.087293  8298 thread_intergrate.hpp:78] [T-Intergrate-intergrate] queue: frame output frame :250
I1014 14:53:44.088382  8298 thread_intergrate.hpp:164] T-Intergrate-intergrate Show face :2, size :640 * 360
I1014 14:53:44.088996  8294 demo_inner.hpp:435] thread [SORT-0]  frame id 250 sorting queue size 6   FPS: 16.6667
I1014 14:53:44.140437  8292 demo_inner.hpp:177] decode queue size 0
I1014 14:53:44.140549  8295 work_thread.hpp:81]  [T-Work-Detect_0] Run work: WorkDetect
