W1014 10:44:44.369168  4197 work_detect.cpp:83] Invalid bbox: [137 x 158 from (112, 214)]
I1014 10:44:44.369278  4197 work_detect.cpp:120] Succeeded to add det end for frame 172
I1014 10:44:44.369297  4197 work_thread.hpp:81]  [T-Work-Detect_0] Run work: WrokTrack
I1014 10:44:44.369321  4197 work_track.cpp:82] Frame: 172 build input_characts: [0.0515625 x 0.141667 from (0.639063, 0.544444)], 0.943585, 0
I1014 10:44:44.369385  4197 work_track.cpp:102] Succeeded to set track lock for frame 172
I1014 10:44:44.369424  4197 work_track.cpp:116] Succeeded to release track lock for frame 172
I1014 10:44:44.369438  4197 work_track.cpp:120] Track results of frame 172: 1 objects input, 1 objects tracked!
I1014 10:44:44.369457  4197 work_track.cpp:148] Frame: 172, track bbox: [33 x 51 from (408.373, 196.926)], gid: 1, lid: 0
I1014 10:44:44.369513  4197 work_thread.hpp:88]  [T-Work-Detect_0] Frame :172 split
I1014 10:44:44.369530  4197 work_thread.hpp:120]  [T-Work-Detect_0] Valid piece: gid = 1
I1014 10:44:44.369549  4197 work_thread.hpp:92]  [T-Work-Detect_0] Push to split queue:recog
I1014 10:44:44.369591  4199 work_thread.hpp:81]  [T-Work-Recog_1] Run work: WorkCapture
I1014 10:44:44.369592  4200 thread_intergrate.hpp:78] [T-Intergrate-intergrate] queue: frame output frame :172
I1014 10:44:44.370086  4199 work_thread.hpp:81]  [T-Work-Recog_1] Run work: WorkRecog
W1014 10:44:44.370157  4199 work_recog.hpp:118] Face id: 1 has low quality : 0.0189691, no need to recog
I1014 10:44:44.370206  4199 work_thread.hpp:81]  [T-Work-Recog_1] Run work: WorkCompare
I1014 10:44:44.370827  4200 thread_intergrate.hpp:154] T-Intergrate-intergrate Show face :0, size :640 * 360
I1014 10:44:44.371382  4196 demo_inner.hpp:435] thread [SORT-0]  frame id 172 sorting queue size 1   FPS: 28.5047
I1014 10:44:44.391747  4194 demo_inner.hpp:177] decode queue size 0
I1014 10:44:44.391849  4197 work_thread.hpp:81]  [T-Work-Detect_0] Run work: WorkDetect
I1014 10:44:44.391893  4197 work_detect.cpp:102] Succeeded to add det start for frame 173
I1014 10:44:44.399336  4197 work_detect.cpp:70] Frame :173 detect result :2 face(s)
W1014 10:44:44.399394  4197 work_detect.cpp:83] Invalid bbox: [127 x 144 from (124, 227)]
I1014 10:44:44.399504  4197 work_detect.cpp:86] Detected bbox: [30 x 48 from (411, 198)]
I1014 10:44:44.399551  4197 work_detect.cpp:120] Succeeded to add det end for frame 173
I1014 10:44:44.399569  4197 work_thread.hpp:81]  [T-Work-Detect_0] Run work: WrokTrack
I1014 10:44:44.399591  4197 work_track.cpp:82] Frame: 173 build input_characts: [0.046875 x 0.133333 from (0.642187, 0.55)], 0.959737, 0
I1014 10:44:44.399657  4197 work_track.cpp:102] Succeeded to set track lock for frame 173
I1014 10:44:44.399694  4197 work_track.cpp:116] Succeeded to release track lock for frame 173
I1014 10:44:44.399709  4197 work_track.cpp:120] Track results of frame 173: 1 objects input, 1 objects tracked!
I1014 10:44:44.399751  4197 work_track.cpp:148] Frame: 173, track bbox: [30 x 48 from (410.768, 198.276)], gid: 1, lid: 0
I1014 10:44:44.399788  4197 work_thread.hpp:88]  [T-Work-Detect_0] Frame :173 split
I1014 10:44:44.399806  4197 work_thread.hpp:120]  [T-Work-Detect_0] Valid piece: gid = 1
I1014 10:44:44.399824  4197 work_thread.hpp:92]  [T-Work-Detect_0] Push to split queue:recog
I1014 10:44:44.399870  4199 work_thread.hpp:81]  [T-Work-Recog_1] Run work: WorkCapture
I1014 10:44:44.399883  4200 thread_intergrate.hpp:78] [T-Intergrate-intergrate] queue: frame output frame :173
I1014 10:44:44.400354  4199 work_thread.hpp:81]  [T-Work-Recog_1] Run work: WorkRecog
W1014 10:44:44.400377  4199 work_recog.hpp:118] Face id: 1 has low quality : 0.0118579, no need to recog
I1014 10:44:44.400432  4199 work_thread.hpp:81]  [T-Work-Recog_1] Run work: WorkCompare
I1014 10:44:44.401000  4200 thread_intergrate.hpp:154] T-Intergrate-intergrate Show face :0, size :640 * 360
I1014 10:44:44.401562  4196 demo_inner.hpp:435] thread [SORT-0]  frame id 173 sorting queue size 2   FPS: 28.5848
I1014 10:44:44.415050  4195 demo_inner.hpp:260]  gui queue size 2, state = running
I1014 10:44:44.427714  4194 demo_inner.hpp:177] decode queue size 0
I1014 10:44:44.427827  4197 work_thread.hpp:81]  [T-Work-Detect_0] Run work: WorkDetect
I1014 10:44:44.427865  4197 work_detect.cpp:102] Succeeded to add det start for frame 174
I1014 10:44:44.435186  4197 work_detect.cpp:70] Frame :174 detect result :2 face(s)
W1014 10:44:44.435235  4197 work_detect.cpp:83] Invalid bbox: [136 x 158 from (119, 220)]
I1014 10:44:44.435326  4197 work_detect.cpp:86] Detected bbox: [31 x 48 from (411, 198)]
I1014 10:44:44.435370  4197 work_detect.cpp:120] Succeeded to add det end for frame 174
I1014 10:44:44.435387  4197 work_thread.hpp:81]  [T-Work-Detect_0] Run work: WrokTrack
I1014 10:44:44.435433  4197 work_track.cpp:82] Frame: 174 build input_characts: [0.0484375 x 0.133333 from (0.642187, 0.55)], 0.938558, 0
I1014 10:44:44.435492  4197 work_track.cpp:102] Succeeded to set track lock for frame 174
I1014 10:44:44.435530  4197 work_track.cpp:116] Succeeded to release track lock for frame 174
I1014 10:44:44.435552  4197 work_track.cpp:120] Track results of frame 174: 1 objects input, 1 objects tracked!
I1014 10:44:44.435570  4197 work_track.cpp:148] Frame: 174, track bbox: [31 x 48 from (411.071, 198.044)], gid: 1, lid: 0
I1014 10:44:44.435606  4197 work_thread.hpp:88]  [T-Work-Detect_0] Frame :174 split
I1014 10:44:44.435624  4197 work_thread.hpp:120]  [T-Work-Detect_0] Valid piece: gid = 1
I1014 10:44:44.435715  4197 work_thread.hpp:92]  [T-Work-Detect_0] Push to split queue:recog
I1014 10:44:44.435756  4198 work_thread.hpp:81]  [T-Work-Recog_0] Run work: WorkCapture
I1014 10:44:44.435763  4200 thread_intergrate.hpp:78] [T-Intergrate-intergrate] queue: frame output frame :174
I1014 10:44:44.436228  4198 work_thread.hpp:81]  [T-Work-Recog_0] Run work: WorkRecog
W1014 10:44:44.436250  4198 work_recog.hpp:118] Face id: 1 has low quality : 0.0150249, no need to recog
I1014 10:44:44.436324  4198 work_thread.hpp:81]  [T-Work-Recog_0] Run work: WorkCompare
I1014 10:44:44.436882  4200 thread_intergrate.hpp:154] T-Intergrate-intergrate Show face :0, size :640 * 360
I1014 10:44:44.437387  4196 demo_inner.hpp:435] thread [SORT-0]  frame id 174 sorting queue size 0   FPS: 28.5047
I1014 10:44:44.457789  4194 demo_inner.hpp:177] decode queue size 0
I1014 10:44:44.457891  4197 work_thread.hpp:81]  [T-Work-Detect_0] Run work: WorkDetect
I1014 10:44:44.457952  4197 work_detect.cpp:102] Succeeded to add det start for frame 175
I1014 10:44:44.465281  4197 work_detect.cpp:70] Frame :175 detect result :2 face(s)
I1014 10:44:44.465334  4197 work_detect.cpp:86] Detected bbox: [33 x 50 from (410, 198)]
W1014 10:44:44.465368  4197 work_detect.cpp:83] Invalid bbox: [144 x 160 from (116, 214)]
I1014 10:44:44.465489  4197 work_detect.cpp:120] Succeeded to add det end for frame 175
I1014 10:44:44.465507  4197 work_thread.hpp:81]  [T-Work-Detect_0] Run work: WrokTrack
I1014 10:44:44.465533  4197 work_track.cpp:82] Frame: 175 build input_characts: [0.0515625 x 0.138889 from (0.640625, 0.55)], 0.966102, 0
I1014 10:44:44.465597  4197 work_track.cpp:102] Succeeded to set track lock for frame 175
I1014 10:44:44.465637  4197 work_track.cpp:116] Succeeded to release track lock for frame 175
I1014 10:44:44.465652  4197 work_track.cpp:120] Track results of frame 175: 1 objects input, 1 objects tracked!
I1014 10:44:44.465693  4197 work_track.cpp:148] Frame: 175, track bbox: [33 x 50 from (410.37, 197.395)], gid: 1, lid: 0
I1014 10:44:44.465731  4197 work_thread.hpp:88]  [T-Work-Detect_0] Frame :175 split
I1014 10:44:44.465749  4197 work_thread.hpp:120]  [T-Work-Detect_0] Valid piece: gid = 1
I1014 10:44:44.465766  4197 work_thread.hpp:92]  [T-Work-Detect_0] Push to split queue:recog
I1014 10:44:44.465814  4198 work_thread.hpp:81]  [T-Work-Recog_0] Run work: WorkCapture
I1014 10:44:44.465816  4200 thread_intergrate.hpp:78] [T-Intergrate-intergrate] queue: frame output frame :175
I1014 10:44:44.466292  4198 work_thread.hpp:81]  [T-Work-Recog_0] Run work: WorkRecog
W1014 10:44:44.466315  4198 work_recog.hpp:118] Face id: 1 has low quality : 0.0189681, no need to recog
I1014 10:44:44.466367  4198 work_thread.hpp:81]  [T-Work-Recog_0] Run work: WorkCompare
I1014 10:44:44.466943  4200 thread_intergrate.hpp:154] T-Intergrate-intergrate Show face :0, size :640 * 360
I1014 10:44:44.467432  4196 demo_inner.hpp:435] thread [SORT-0]  frame id 175 sorting queue size 1   FPS: 28.5714
I1014 10:44:44.493697  4194 demo_inner.hpp:177] decode queue size 0
I1014 10:44:44.493811  4197 work_thread.hpp:81]  [T-Work-Detect_0] Run work: WorkDetect
I1014 10:44:44.493875  4197 work_detect.cpp:102] Succeeded to add det start for frame 176
I1014 10:44:44.501145  4197 work_detect.cpp:70] Frame :176 detect result :1 face(s)
I1014 10:44:44.501194  4197 work_detect.cpp:86] Detected bbox: [34 x 50 from (409, 196)]
I1014 10:44:44.501245  4197 work_detect.cpp:120] Succeeded to add det end for frame 176
I1014 10:44:44.501262  4197 work_thread.hpp:81]  [T-Work-Detect_0] Run work: WrokTrack
I1014 10:44:44.501286  4197 work_track.cpp:82] Frame: 176 build input_characts: [0.053125 x 0.138889 from (0.639063, 0.544444)], 0.959737, 0
I1014 10:44:44.501343  4197 work_track.cpp:102] Succeeded to set track lock for frame 176
I1014 10:44:44.501405  4197 work_track.cpp:116] Succeeded to release track lock for frame 176
I1014 10:44:44.501420  4197 work_track.cpp:120] Track results of frame 176: 1 objects input, 1 objects tracked!
I1014 10:44:44.501518  4197 work_track.cpp:148] Frame: 176, track bbox: [34 x 50 from (409.634, 196.603)], gid: 1, lid: 0
I1014 10:44:44.501556  4197 work_thread.hpp:88]  [T-Work-Detect_0] Frame :176 split
I1014 10:44:44.501574  4197 work_thread.hpp:120]  [T-Work-Detect_0] Valid piece: gid = 1
I1014 10:44:44.501616  4197 work_thread.hpp:92]  [T-Work-Detect_0] Push to split queue:recog
I1014 10:44:44.501657  4198 work_thread.hpp:81]  [T-Work-Recog_0] Run work: WorkCapture
I1014 10:44:44.501662  4200 thread_intergrate.hpp:78] [T-Intergrate-intergrate] queue: frame output frame :176
I1014 10:44:44.502133  4198 work_thread.hpp:81]  [T-Work-Recog_0] Run work: WorkRecog
W1014 10:44:44.502154  4198 work_recog.hpp:118] Face id: 1 has low quality : 0.0133534, no need to recog
I1014 10:44:44.502251  4198 work_thread.hpp:81]  [T-Work-Recog_0] Run work: WorkCompare
I1014 10:44:44.502780  4200 thread_intergrate.hpp:154] T-Intergrate-intergrate Show face :0, size :640 * 360
I1014 10:44:44.503343  4196 demo_inner.hpp:435] thread [SORT-0]  frame id 176 sorting queue size 2   FPS: 28.5848
I1014 10:44:44.515664  4195 demo_inner.hpp:260]  gui queue size 2, state = running
I1014 10:44:44.523845  4194 demo_inner.hpp:177] decode queue size 0
I1014 10:44:44.523942  4197 work_thread.hpp:81]  [T-Work-Detect_0] Run work: WorkDetect
I1014 10:44:44.523979  4197 work_detect.cpp:102] Succeeded to add det start for frame 177
I1014 10:44:44.531077  4197 work_detect.cpp:70] Frame :177 detect result :1 face(s)
I1014 10:44:44.531121  4197 work_detect.cpp:86] Detected bbox: [33 x 51 from (409, 198)]
I1014 10:44:44.531174  4197 work_detect.cpp:120] Succeeded to add det end for frame 177
I1014 10:44:44.531191  4197 work_thread.hpp:81]  [T-Work-Detect_0] Run work: WrokTrack
I1014 10:44:44.531216  4197 work_track.cpp:82] Frame: 177 build input_characts: [0.0515625 x 0.141667 from (0.639063, 0.55)], 0.959643, 0
I1014 10:44:44.531297  4197 work_track.cpp:102] Succeeded to set track lock for frame 177
I1014 10:44:44.531337  4197 work_track.cpp:116] Succeeded to release track lock for frame 177
I1014 10:44:44.531352  4197 work_track.cpp:120] Track results of frame 177: 1 objects input, 1 objects tracked!
I1014 10:44:44.531369  4197 work_track.cpp:148] Frame: 177, track bbox: [33 x 51 from (409.43, 197.234)], gid: 1, lid: 0
I1014 10:44:44.531412  4197 work_thread.hpp:88]  [T-Work-Detect_0] Frame :177 split
I1014 10:44:44.531430  4197 work_thread.hpp:120]  [T-Work-Detect_0] Valid piece: gid = 1
I1014 10:44:44.531448  4197 work_thread.hpp:92]  [T-Work-Detect_0] Push to split queue:recog
I1014 10:44:44.531496  4199 work_thread.hpp:81]  [T-Work-Recog_1] Run work: WorkCapture
I1014 10:44:44.531502  4200 thread_intergrate.hpp:78] [T-Intergrate-intergrate] queue: frame output frame :177
I1014 10:44:44.531975  4199 work_thread.hpp:81]  [T-Work-Recog_1] Run work: WorkRecog
W1014 10:44:44.531997  4199 work_recog.hpp:118] Face id: 1 has low quality : 0.033252, no need to recog
I1014 10:44:44.532091  4199 work_thread.hpp:81]  [T-Work-Recog_1] Run work: WorkCompare
I1014 10:44:44.532624  4200 thread_intergrate.hpp:154] T-Intergrate-intergrate Show face :0, size :640 * 360
I1014 10:44:44.533191  4196 demo_inner.hpp:435] thread [SORT-0]  frame id 177 sorting queue size 0   FPS: 28.5848
I1014 10:44:44.559695  4194 demo_inner.hpp:177] decode queue size 0
I1014 10:44:44.559813  4197 work_thread.hpp:81]  [T-Work-Detect_0] Run work: WorkDetect
I1014 10:44:44.559850  4197 work_detect.cpp:102] Succeeded to add det start for frame 178
I1014 10:44:44.567095  4197 work_detect.cpp:70] Frame :178 detect result :1 face(s)
I1014 10:44:44.567144  4197 work_detect.cpp:86] Detected bbox: [31 x 50 from (411, 198)]
I1014 10:44:44.567215  4197 work_detect.cpp:120] Succeeded to add det end for frame 178
I1014 10:44:44.567234  4197 work_thread.hpp:81]  [T-Work-Detect_0] Run work: WrokTrack
I1014 10:44:44.567258  4197 work_track.cpp:82] Frame: 178 build input_characts: [0.0484375 x 0.138889 from (0.642187, 0.55)], 0.966102, 0
I1014 10:44:44.567322  4197 work_track.cpp:102] Succeeded to set track lock for frame 178
I1014 10:44:44.567456  4197 work_track.cpp:116] Succeeded to release track lock for frame 178
I1014 10:44:44.567472  4197 work_track.cpp:120] Track results of frame 178: 1 objects input, 1 objects tracked!
I1014 10:44:44.567490  4197 work_track.cpp:148] Frame: 178, track bbox: [31 x 50 from (410.602, 197.951)], gid: 1, lid: 0
I1014 10:44:44.567526  4197 work_thread.hpp:88]  [T-Work-Detect_0] Frame :178 split
I1014 10:44:44.567544  4197 work_thread.hpp:120]  [T-Work-Detect_0] Valid piece: gid = 1
I1014 10:44:44.567570  4197 work_thread.hpp:92]  [T-Work-Detect_0] Push to split queue:recog
I1014 10:44:44.567613  4199 work_thread.hpp:81]  [T-Work-Recog_1] Run work: WorkCapture
I1014 10:44:44.567615  4200 thread_intergrate.hpp:78] [T-Intergrate-intergrate] queue: frame output frame :178
I1014 10:44:44.568097  4199 work_thread.hpp:81]  [T-Work-Recog_1] Run work: WorkRecog
W1014 10:44:44.568118  4199 work_recog.hpp:118] Face id: 1 has low quality : 0.0266775, no need to recog
I1014 10:44:44.568228  4199 work_thread.hpp:81]  [T-Work-Recog_1] Run work: WorkCompare
I1014 10:44:44.568743  4200 thread_intergrate.hpp:154] T-Intergrate-intergrate Show face :0, size :640 * 360
I1014 10:44:44.569303  4196 demo_inner.hpp:435] thread [SORT-0]  frame id 178 sorting queue size 1   FPS: 28.5848
I1014 10:44:44.582928  4195 demo_inner.hpp:260]  gui queue size 1, state = running
I1014 10:44:44.595724  4194 demo_inner.hpp:177] decode queue size 0
I1014 10:44:44.595839  4197 work_thread.hpp:81]  [T-Work-Detect_0] Run work: WorkDetect
I1014 10:44:44.595883  4197 work_detect.cpp:102] Succeeded to add det start for frame 179
I1014 10:44:44.603202  4197 work_detect.cpp:70] Frame :179 detect result :2 face(s)
W1014 10:44:44.603257  4197 work_detect.cpp:83] Invalid bbox: [123 x 143 from (159, 236)]
I1014 10:44:44.603343  4197 work_detect.cpp:86] Detected bbox: [31 x 49 from (409, 199)]
I1014 10:44:44.603431  4197 work_detect.cpp:120] Succeeded to add det end for frame 179
I1014 10:44:44.603451  4197 work_thread.hpp:81]  [T-Work-Detect_0] Run work: WrokTrack
I1014 10:44:44.603474  4197 work_track.cpp:82] Frame: 179 build input_characts: [0.0484375 x 0.136111 from (0.639063, 0.552778)], 0.938558, 0
I1014 10:44:44.603539  4197 work_track.cpp:102] Succeeded to set track lock for frame 179
I1014 10:44:44.603579  4197 work_track.cpp:116] Succeeded to release track lock for frame 179
I1014 10:44:44.603593  4197 work_track.cpp:120] Track results of frame 179: 1 objects input, 1 objects tracked!
I1014 10:44:44.603611  4197 work_track.cpp:148] Frame: 179, track bbox: [31 x 49 from (409.722, 198.861)], gid: 1, lid: 0
I1014 10:44:44.603672  4197 work_thread.hpp:88]  [T-Work-Detect_0] Frame :179 split
I1014 10:44:44.603690  4197 work_thread.hpp:120]  [T-Work-Detect_0] Valid piece: gid = 1
I1014 10:44:44.603708  4197 work_thread.hpp:92]  [T-Work-Detect_0] Push to split queue:recog
I1014 10:44:44.603750  4199 work_thread.hpp:81]  [T-Work-Recog_1] Run work: WorkCapture
I1014 10:44:44.603754  4200 thread_intergrate.hpp:78] [T-Intergrate-intergrate] queue: frame output frame :179
I1014 10:44:44.604233  4199 work_thread.hpp:81]  [T-Work-Recog_1] Run work: WorkRecog
W1014 10:44:44.604255  4199 work_recog.hpp:118] Face id: 1 has low quality : 0.0411422, no need to recog
I1014 10:44:44.604451  4199 work_thread.hpp:81]  [T-Work-Recog_1] Run work: WorkCompare
I1014 10:44:44.604888  4200 thread_intergrate.hpp:154] T-Intergrate-intergrate Show face :0, size :640 * 360
I1014 10:44:44.605402  4196 demo_inner.hpp:435] thread [SORT-0]  frame id 179 sorting queue size 0   FPS: 28.5047
I1014 10:44:44.625766  4194 demo_inner.hpp:177] decode queue size 0
I1014 10:44:44.625874  4197 work_thread.hpp:81]  [T-Work-Detect_0] Run work: WorkDetect
I1014 10:44:44.625936  4197 work_detect.cpp:102] Succeeded to add det start for frame 180
I1014 10:44:44.633198  4197 work_detect.cpp:70] Frame :180 detect result :1 face(s)
I1014 10:44:44.633245  4197 work_detect.cpp:86] Detected bbox: [29 x 49 from (411, 198)]
I1014 10:44:44.633298  4197 work_detect.cpp:120] Succeeded to add det end for frame 180
I1014 10:44:44.633407  4197 work_thread.hpp:81]  [T-Work-Detect_0] Run work: WrokTrack
I1014 10:44:44.633435  4197 work_track.cpp:82] Frame: 180 build input_characts: [0.0453125 x 0.136111 from (0.642187, 0.55)], 0.947545, 0
I1014 10:44:44.633491  4197 work_track.cpp:102] Succeeded to set track lock for frame 180
I1014 10:44:44.633538  4197 work_track.cpp:116] Succeeded to release track lock for frame 180
I1014 10:44:44.633553  4197 work_track.cpp:120] Track results of frame 180: 1 objects input, 1 objects tracked!
I1014 10:44:44.633571  4197 work_track.cpp:148] Frame: 180, track bbox: [29 x 49 from (410.641, 198.608)], gid: 1, lid: 0
I1014 10:44:44.633606  4197 work_thread.hpp:88]  [T-Work-Detect_0] Frame :180 split
I1014 10:44:44.633625  4197 work_thread.hpp:120]  [T-Work-Detect_0] Valid piece: gid = 1
I1014 10:44:44.633666  4197 work_thread.hpp:92]  [T-Work-Detect_0] Push to split queue:recog
I1014 10:44:44.633713  4200 thread_intergrate.hpp:78] [T-Intergrate-intergrate] queue: frame output frame :180
I1014 10:44:44.633713  4199 work_thread.hpp:81]  [T-Work-Recog_1] Run work: WorkCapture
I1014 10:44:44.634207  4199 work_thread.hpp:81]  [T-Work-Recog_1] Run work: WorkRecog
W1014 10:44:44.634229  4199 work_recog.hpp:118] Face id: 1 has low quality : 0.0266829, no need to recog
I1014 10:44:44.634336  4199 work_thread.hpp:81]  [T-Work-Recog_1] Run work: WorkCompare
I1014 10:44:44.634833  4200 thread_intergrate.hpp:154] T-Intergrate-intergrate Show face :0, size :640 * 360
I1014 10:44:44.635393  4196 demo_inner.hpp:435] thread [SORT-0]  frame id 180 sorting queue size 1   FPS: 28.5848
I1014 10:44:44.654971  4195 demo_inner.hpp:260]  gui queue size 1, state = running
I1014 10:44:44.661777  4194 demo_inner.hpp:177] decode queue size 0
I1014 10:44:44.661900  4197 work_thread.hpp:81]  [T-Work-Detect_0] Run work: WorkDetect
I1014 10:44:44.661944  4197 work_detect.cpp:102] Succeeded to add det start for frame 181
I1014 10:44:44.669272  4197 work_detect.cpp:70] Frame :181 detect result :2 face(s)
I1014 10:44:44.669342  4197 work_detect.cpp:86] Detected bbox: [30 x 50 from (409, 198)]
W1014 10:44:44.669375  4197 work_detect.cpp:83] Invalid bbox: [120 x 134 from (164, 249)]
I1014 10:44:44.669479  4197 work_detect.cpp:120] Succeeded to add det end for frame 181
I1014 10:44:44.669497  4197 work_thread.hpp:81]  [T-Work-Detect_0] Run work: WrokTrack
I1014 10:44:44.669522  4197 work_track.cpp:82] Frame: 181 build input_characts: [0.046875 x 0.138889 from (0.639063, 0.55)], 0.943585, 0
I1014 10:44:44.669603  4197 work_track.cpp:102] Succeeded to set track lock for frame 181
I1014 10:44:44.669643  4197 work_track.cpp:116] Succeeded to release track lock for frame 181
I1014 10:44:44.669657  4197 work_track.cpp:120] Track results of frame 181: 1 objects input, 1 objects tracked!
I1014 10:44:44.669675  4197 work_track.cpp:148] Frame: 181, track bbox: [30 x 50 from (409.496, 198.286)], gid: 1, lid: 0
I1014 10:44:44.669718  4197 work_thread.hpp:88]  [T-Work-Detect_0] Frame :181 split
I1014 10:44:44.669736  4197 work_thread.hpp:120]  [T-Work-Detect_0] Valid piece: gid = 1
I1014 10:44:44.669754  4197 work_thread.hpp:92]  [T-Work-Detect_0] Push to split queue:recog
I1014 10:44:44.669793  4198 work_thread.hpp:81]  [T-Work-Recog_0] Run work: WorkCapture
I1014 10:44:44.669800  4200 thread_intergrate.hpp:78] [T-Intergrate-intergrate] queue: frame output frame :181
I1014 10:44:44.670270  4198 work_thread.hpp:81]  [T-Work-Recog_0] Run work: WorkRecog
W1014 10:44:44.670292  4198 work_recog.hpp:118] Face id: 1 has low quality : 0.0802491, no need to recog
I1014 10:44:44.670347  4198 work_thread.hpp:81]  [T-Work-Recog_0] Run work: WorkCompare
I1014 10:44:44.670920  4200 thread_intergrate.hpp:154] T-Intergrate-intergrate Show face :0, size :640 * 360
I1014 10:44:44.671427  4196 demo_inner.hpp:435] thread [SORT-0]  frame id 181 sorting queue size 0   FPS: 28.5047
I1014 10:44:44.691833  4194 demo_inner.hpp:177] decode queue size 0
I1014 10:44:44.691932  4197 work_thread.hpp:81]  [T-Work-Detect_0] Run work: WorkDetect
I1014 10:44:44.691977  4197 work_detect.cpp:102] Succeeded to add det start for frame 182
I1014 10:44:44.699293  4197 work_detect.cpp:70] Frame :182 detect result :2 face(s)
I1014 10:44:44.699348  4197 work_detect.cpp:86] Detected bbox: [31 x 49 from (410, 196)]
W1014 10:44:44.699383  4197 work_detect.cpp:83] Invalid bbox: [152 x 172 from (144, 218)]
I1014 10:44:44.699508  4197 work_detect.cpp:120] Succeeded to add det end for frame 182
I1014 10:44:44.699527  4197 work_thread.hpp:81]  [T-Work-Detect_0] Run work: WrokTrack
I1014 10:44:44.699551  4197 work_track.cpp:82] Frame: 182 build input_characts: [0.0484375 x 0.136111 from (0.640625, 0.544444)], 0.938558, 0
I1014 10:44:44.699633  4197 work_track.cpp:102] Succeeded to set track lock for frame 182
I1014 10:44:44.699673  4197 work_track.cpp:116] Succeeded to release track lock for frame 182
I1014 10:44:44.699688  4197 work_track.cpp:120] Track results of frame 182: 1 objects input, 1 objects tracked!
I1014 10:44:44.699707  4197 work_track.cpp:148] Frame: 182, track bbox: [31 x 49 from (409.223, 197.038)], gid: 1, lid: 0
I1014 10:44:44.699753  4197 work_thread.hpp:88]  [T-Work-Detect_0] Frame :182 split
I1014 10:44:44.699771  4197 work_thread.hpp:120]  [T-Work-Detect_0] Valid piece: gid = 1
I1014 10:44:44.699790  4197 work_thread.hpp:92]  [T-Work-Detect_0] Push to split queue:recog
I1014 10:44:44.699846  4198 work_thread.hpp:81]  [T-Work-Recog_0] Run work: WorkCapture
I1014 10:44:44.699847  4200 thread_intergrate.hpp:78] [T-Intergrate-intergrate] queue: frame output frame :182
I1014 10:44:44.700402  4198 work_thread.hpp:81]  [T-Work-Recog_0] Run work: WorkRecog
W1014 10:44:44.700428  4198 work_recog.hpp:118] Face id: 1 has low quality : 0.0212813, no need to recog
I1014 10:44:44.700518  4198 work_thread.hpp:81]  [T-Work-Recog_0] Run work: WorkCompare
I1014 10:44:44.700986  4200 thread_intergrate.hpp:154] T-Intergrate-intergrate Show face :0, size :640 * 360
I1014 10:44:44.701479  4196 demo_inner.hpp:435] thread [SORT-0]  frame id 182 sorting queue size 1   FPS: 28.5714
I1014 10:44:44.727756  4194 demo_inner.hpp:177] decode queue size 0
I1014 10:44:44.727869  4197 work_thread.hpp:81]  [T-Work-Detect_0] Run work: WorkDetect
I1014 10:44:44.727914  4197 work_detect.cpp:102] Succeeded to add det start for frame 183
I1014 10:44:44.735211  4197 work_detect.cpp:70] Frame :183 detect result :1 face(s)
I1014 10:44:44.735276  4197 work_detect.cpp:86] Detected bbox: [31 x 51 from (408, 196)]
I1014 10:44:44.735321  4197 work_detect.cpp:120] Succeeded to add det end for frame 183
I1014 10:44:44.735337  4197 work_thread.hpp:81]  [T-Work-Detect_0] Run work: WrokTrack
I1014 10:44:44.735363  4197 work_track.cpp:82] Frame: 183 build input_characts: [0.0484375 x 0.141667 from (0.6375, 0.544444)], 0.962122, 0
I1014 10:44:44.735426  4197 work_track.cpp:102] Succeeded to set track lock for frame 183
I1014 10:44:44.735468  4197 work_track.cpp:116] Succeeded to release track lock for frame 183
I1014 10:44:44.735483  4197 work_track.cpp:120] Track results of frame 183: 1 objects input, 1 objects tracked!
I1014 10:44:44.735523  4197 work_track.cpp:148] Frame: 183, track bbox: [31 x 51 from (408.475, 195.699)], gid: 1, lid: 0
I1014 10:44:44.735561  4197 work_thread.hpp:88]  [T-Work-Detect_0] Frame :183 split
I1014 10:44:44.735580  4197 work_thread.hpp:120]  [T-Work-Detect_0] Valid piece: gid = 1
I1014 10:44:44.735597  4197 work_thread.hpp:92]  [T-Work-Detect_0] Push to split queue:recog
I1014 10:44:44.735635  4198 work_thread.hpp:81]  [T-Work-Recog_0] Run work: WorkCapture
I1014 10:44:44.735642  4200 thread_intergrate.hpp:78] [T-Intergrate-intergrate] queue: frame output frame :183
I1014 10:44:44.736115  4198 work_thread.hpp:81]  [T-Work-Recog_0] Run work: WorkRecog
W1014 10:44:44.736137  4198 work_recog.hpp:118] Face id: 1 has low quality : 0.061319, no need to recog
I1014 10:44:44.736253  4198 work_thread.hpp:81]  [T-Work-Recog_0] Run work: WorkCompare
I1014 10:44:44.736763  4200 thread_intergrate.hpp:154] T-Intergrate-intergrate Show face :0, size :640 * 360
I1014 10:44:44.737308  4196 demo_inner.hpp:435] thread [SORT-0]  frame id 183 sorting queue size 2   FPS: 28.5581
I1014 10:44:44.750075  4195 demo_inner.hpp:260]  gui queue size 2, state = running
I1014 10:44:44.757850  4194 demo_inner.hpp:177] decode queue size 0
I1014 10:44:44.757956  4197 work_thread.hpp:81]  [T-Work-Detect_0] Run work: WorkDetect
I1014 10:44:44.757992  4197 work_detect.cpp:102] Succeeded to add det start for frame 184
I1014 10:44:44.765314  4197 work_detect.cpp:70] Frame :184 detect result :0 face(s)
I1014 10:44:44.765370  4197 work_detect.cpp:120] Succeeded to add det end for frame 184
I1014 10:44:44.765386  4197 work_thread.hpp:81]  [T-Work-Detect_0] Run work: WrokTrack
I1014 10:44:44.765439  4197 work_track.cpp:102] Succeeded to set track lock for frame 184
I1014 10:44:44.765472  4197 work_track.cpp:116] Succeeded to release track lock for frame 184
I1014 10:44:44.765486  4197 work_track.cpp:120] Track results of frame 184: 0 objects input, 1 objects tracked!
I1014 10:44:44.765504  4197 work_track.cpp:148] Frame: 184, track bbox: [31 x 51 from (408.098, 195.245)], gid: 1, lid: -1
I1014 10:44:44.765564  4197 work_thread.hpp:88]  [T-Work-Detect_0] Frame :184 split
I1014 10:44:44.765614  4200 thread_intergrate.hpp:78] [T-Intergrate-intergrate] queue: frame output frame :184
I1014 10:44:44.766703  4200 thread_intergrate.hpp:154] T-Intergrate-intergrate Show face :0, size :640 * 360
I1014 10:44:44.767216  4196 demo_inner.hpp:435] thread [SORT-0]  frame id 184 sorting queue size 0   FPS: 28.5714
I1014 10:44:44.793663  4194 demo_inner.hpp:177] decode queue size 0
I1014 10:44:44.793771  4197 work_thread.hpp:81]  [T-Work-Detect_0] Run work: WorkDetect
I1014 10:44:44.793808  4197 work_detect.cpp:102] Succeeded to add det start for frame 185
I1014 10:44:44.801060  4197 work_detect.cpp:70] Frame :185 detect result :2 face(s)
W1014 10:44:44.801136  4197 work_detect.cpp:83] Invalid bbox: [129 x 135 from (176, 252)]
I1014 10:44:44.801254  4197 work_detect.cpp:86] Detected bbox: [31 x 49 from (409, 198)]
I1014 10:44:44.801298  4197 work_detect.cpp:120] Succeeded to add det end for frame 185
I1014 10:44:44.801314  4197 work_thread.hpp:81]  [T-Work-Detect_0] Run work: WrokTrack
I1014 10:44:44.801358  4197 work_track.cpp:82] Frame: 185 build input_characts: [0.0484375 x 0.136111 from (0.639063, 0.55)], 0.909375, 0
I1014 10:44:44.801416  4197 work_track.cpp:102] Succeeded to set track lock for frame 185
I1014 10:44:44.801456  4197 work_track.cpp:116] Succeeded to release track lock for frame 185
I1014 10:44:44.801478  4197 work_track.cpp:120] Track results of frame 185: 1 objects input, 1 objects tracked!
I1014 10:44:44.801497  4197 work_track.cpp:148] Frame: 185, track bbox: [31 x 49 from (408.777, 197.044)], gid: 1, lid: 0
I1014 10:44:44.801533  4197 work_thread.hpp:88]  [T-Work-Detect_0] Frame :185 split
I1014 10:44:44.801550  4197 work_thread.hpp:120]  [T-Work-Detect_0] Valid piece: gid = 1
I1014 10:44:44.801568  4197 work_thread.hpp:92]  [T-Work-Detect_0] Push to split queue:recog
I1014 10:44:44.801636  4200 thread_intergrate.hpp:78] [T-Intergrate-intergrate] queue: frame output frame :185
I1014 10:44:44.801636  4199 work_thread.hpp:81]  [T-Work-Recog_1] Run work: WorkCapture
I1014 10:44:44.802130  4199 work_thread.hpp:81]  [T-Work-Recog_1] Run work: WorkRecog
W1014 10:44:44.802152  4199 work_recog.hpp:118] Face id: 1 has low quality : 0.0238493, no need to recog
I1014 10:44:44.802206  4199 work_thread.hpp:81]  [T-Work-Recog_1] Run work: WorkCompare
I1014 10:44:44.802757  4200 thread_intergrate.hpp:154] T-Intergrate-intergrate Show face :0, size :640 * 360
I1014 10:44:44.803315  4196 demo_inner.hpp:435] thread [SORT-0]  frame id 185 sorting queue size 1   FPS: 28.5848
I1014 10:44:44.817266  4195 demo_inner.hpp:260]  gui queue size 1, state = running
I1014 10:44:44.829669  4194 demo_inner.hpp:177] decode queue size 0
I1014 10:44:44.829775  4197 work_thread.hpp:81]  [T-Work-Detect_0] Run work: WorkDetect
I1014 10:44:44.829813  4197 work_detect.cpp:102] Succeeded to add det start for frame 186
I1014 10:44:44.836285  4197 work_detect.cpp:70] Frame :186 detect result :2 face(s)
W1014 10:44:44.836400  4197 work_detect.cpp:83] Invalid bbox: [127 x 136 from (181, 235)]
I1014 10:44:44.836459  4197 work_detect.cpp:86] Detected bbox: [31 x 48 from (407, 196)]
I1014 10:44:44.836503  4197 work_detect.cpp:120] Succeeded to add det end for frame 186
I1014 10:44:44.836519  4197 work_thread.hpp:81]  [T-Work-Detect_0] Run work: WrokTrack
I1014 10:44:44.836544  4197 work_track.cpp:82] Frame: 186 build input_characts: [0.0484375 x 0.133333 from (0.635938, 0.544444)], 0.915779, 0
I1014 10:44:44.836601  4197 work_track.cpp:102] Succeeded to set track lock for frame 186
I1014 10:44:44.836639  4197 work_track.cpp:116] Succeeded to release track lock for frame 186
I1014 10:44:44.836654  4197 work_track.cpp:120] Track results of frame 186: 1 objects input, 1 objects tracked!
I1014 10:44:44.836671  4197 work_track.cpp:148] Frame: 186, track bbox: [31 x 48 from (407.678, 196.808)], gid: 1, lid: 0
I1014 10:44:44.836707  4197 work_thread.hpp:88]  [T-Work-Detect_0] Frame :186 split
I1014 10:44:44.836725  4197 work_thread.hpp:120]  [T-Work-Detect_0] Valid piece: gid = 1
I1014 10:44:44.836742  4197 work_thread.hpp:92]  [T-Work-Detect_0] Push to split queue:recog
I1014 10:44:44.836787  4198 work_thread.hpp:81]  [T-Work-Recog_0] Run work: WorkCapture
I1014 10:44:44.836789  4200 thread_intergrate.hpp:78] [T-Intergrate-intergrate] queue: frame output frame :186
I1014 10:44:44.837261  4198 work_thread.hpp:81]  [T-Work-Recog_0] Run work: WorkRecog
W1014 10:44:44.837283  4198 work_recog.hpp:118] Face id: 1 has low quality : 0.0557058, no need to recog
I1014 10:44:44.837334  4198 work_thread.hpp:81]  [T-Work-Recog_0] Run work: WorkCompare
I1014 10:44:44.837924  4200 thread_intergrate.hpp:154] T-Intergrate-intergrate Show face :0, size :640 * 360
I1014 10:44:44.838450  4196 demo_inner.hpp:435] thread [SORT-0]  frame id 186 sorting queue size 0   FPS: 28.5313
I1014 10:44:44.859740  4194 demo_inner.hpp:177] decode queue size 0
I1014 10:44:44.859843  4197 work_thread.hpp:81]  [T-Work-Detect_0] Run work: WorkDetect
I1014 10:44:44.859879  4197 work_detect.cpp:102] Succeeded to add det start for frame 187
I1014 10:44:44.866219  4197 work_detect.cpp:70] Frame :187 detect result :1 face(s)
I1014 10:44:44.866256  4197 work_detect.cpp:86] Detected bbox: [30 x 49 from (409, 196)]
I1014 10:44:44.866299  4197 work_detect.cpp:120] Succeeded to add det end for frame 187
I1014 10:44:44.866317  4197 work_thread.hpp:81]  [T-Work-Detect_0] Run work: WrokTrack
I1014 10:44:44.866339  4197 work_track.cpp:82] Frame: 187 build input_characts: [0.046875 x 0.136111 from (0.639063, 0.544444)], 0.920305, 0
I1014 10:44:44.866395  4197 work_track.cpp:102] Succeeded to set track lock for frame 187
I1014 10:44:44.866436  4197 work_track.cpp:116] Succeeded to release track lock for frame 187
I1014 10:44:44.866449  4197 work_track.cpp:120] Track results of frame 187: 1 objects input, 1 objects tracked!
I1014 10:44:44.866467  4197 work_track.cpp:148] Frame: 187, track bbox: [30 x 49 from (408.485, 196.036)], gid: 1, lid: 0
I1014 10:44:44.866503  4197 work_thread.hpp:88]  [T-Work-Detect_0] Frame :187 split
I1014 10:44:44.866520  4197 work_thread.hpp:120]  [T-Work-Detect_0] Valid piece: gid = 1
I1014 10:44:44.866539  4197 work_thread.hpp:92]  [T-Work-Detect_0] Push to split queue:recog
I1014 10:44:44.866585  4198 work_thread.hpp:81]  [T-Work-Recog_0] Run work: WorkCapture
I1014 10:44:44.866585  4200 thread_intergrate.hpp:78] [T-Intergrate-intergrate] queue: frame output frame :187
I1014 10:44:44.867066  4198 work_thread.hpp:81]  [T-Work-Recog_0] Run work: WorkRecog
W1014 10:44:44.867089  4198 work_recog.hpp:118] Face id: 1 has low quality : 0.0189704, no need to recog
I1014 10:44:44.867208  4198 work_thread.hpp:81]  [T-Work-Recog_0] Run work: WorkCompare
I1014 10:44:44.867728  4200 thread_intergrate.hpp:154] T-Intergrate-intergrate Show face :0, size :640 * 360
I1014 10:44:44.868324  4196 demo_inner.hpp:435] thread [SORT-0]  frame id 187 sorting queue size 1   FPS: 28.5982
I1014 10:44:44.895669  4194 demo_inner.hpp:177] decode queue size 0
I1014 10:44:44.895777  4197 work_thread.hpp:81]  [T-Work-Detect_0] Run work: WorkDetect
I1014 10:44:44.895886  4197 work_detect.cpp:102] Succeeded to add det start for frame 188
I1014 10:44:44.902348  4197 work_detect.cpp:70] Frame :188 detect result :1 face(s)
I1014 10:44:44.902392  4197 work_detect.cpp:86] Detected bbox: [32 x 52 from (408, 195)]
I1014 10:44:44.902434  4197 work_detect.cpp:120] Succeeded to add det end for frame 188
I1014 10:44:44.902451  4197 work_thread.hpp:81]  [T-Work-Detect_0] Run work: WrokTrack
I1014 10:44:44.902473  4197 work_track.cpp:82] Frame: 188 build input_characts: [0.05 x 0.144444 from (0.6375, 0.541667)], 0.927049, 0
I1014 10:44:44.902529  4197 work_track.cpp:102] Succeeded to set track lock for frame 188
I1014 10:44:44.902568  4197 work_track.cpp:116] Succeeded to release track lock for frame 188
I1014 10:44:44.902583  4197 work_track.cpp:120] Track results of frame 188: 1 objects input, 1 objects tracked!
I1014 10:44:44.902601  4197 work_track.cpp:148] Frame: 188, track bbox: [32 x 52 from (407.485, 194.845)], gid: 1, lid: 0
I1014 10:44:44.902635  4197 work_thread.hpp:88]  [T-Work-Detect_0] Frame :188 split
I1014 10:44:44.902653  4197 work_thread.hpp:120]  [T-Work-Detect_0] Valid piece: gid = 1
I1014 10:44:44.902670  4197 work_thread.hpp:92]  [T-Work-Detect_0] Push to split queue:recog
I1014 10:44:44.902721  4199 work_thread.hpp:81]  [T-Work-Recog_1] Run work: WorkCapture
I1014 10:44:44.902953  4200 thread_intergrate.hpp:78] [T-Intergrate-intergrate] queue: frame output frame :188
I1014 10:44:44.903192  4199 work_thread.hpp:81]  [T-Work-Recog_1] Run work: WorkRecog
W1014 10:44:44.903213  4199 work_recog.hpp:118] Face id: 1 has low quality : 0.0238509, no need to recog
I1014 10:44:44.903308  4199 work_thread.hpp:81]  [T-Work-Recog_1] Run work: WorkCompare
I1014 10:44:44.904069  4200 thread_intergrate.hpp:154] T-Intergrate-intergrate Show face :0, size :640 * 360
I1014 10:44:44.904623  4196 demo_inner.hpp:435] thread [SORT-0]  frame id 188 sorting queue size 2   FPS: 28.518
I1014 10:44:44.924592  4195 demo_inner.hpp:260]  gui queue size 2, state = running
I1014 10:44:44.925838  4194 demo_inner.hpp:177] decode queue size 0
I1014 10:44:44.925952  4197 work_thread.hpp:81]  [T-Work-Detect_0] Run work: WorkDetect
I1014 10:44:44.925990  4197 work_detect.cpp:102] Succeeded to add det start for frame 189
I1014 10:44:44.932401  4197 work_detect.cpp:70] Frame :189 detect result :2 face(s)
W1014 10:44:44.932453  4197 work_detect.cpp:83] Invalid bbox: [147 x 154 from (163, 220)]
I1014 10:44:44.932540  4197 work_detect.cpp:86] Detected bbox: [31 x 50 from (408, 198)]
I1014 10:44:44.932585  4197 work_detect.cpp:120] Succeeded to add det end for frame 189
I1014 10:44:44.932602  4197 work_thread.hpp:81]  [T-Work-Detect_0] Run work: WrokTrack
I1014 10:44:44.932626  4197 work_track.cpp:82] Frame: 189 build input_characts: [0.0484375 x 0.138889 from (0.6375, 0.55)], 0.923714, 0
I1014 10:44:44.932682  4197 work_track.cpp:102] Succeeded to set track lock for frame 189
I1014 10:44:44.932721  4197 work_track.cpp:116] Succeeded to release track lock for frame 189
I1014 10:44:44.932736  4197 work_track.cpp:120] Track results of frame 189: 1 objects input, 1 objects tracked!
I1014 10:44:44.932754  4197 work_track.cpp:148] Frame: 189, track bbox: [31 x 50 from (408.195, 196.611)], gid: 1, lid: 0
I1014 10:44:44.932790  4197 work_thread.hpp:88]  [T-Work-Detect_0] Frame :189 split
I1014 10:44:44.932807  4197 work_thread.hpp:120]  [T-Work-Detect_0] Valid piece: gid = 1
I1014 10:44:44.932826  4197 work_thread.hpp:92]  [T-Work-Detect_0] Push to split queue:recog
I1014 10:44:44.932881  4199 work_thread.hpp:81]  [T-Work-Recog_1] Run work: WorkCapture
I1014 10:44:44.933121  4200 thread_intergrate.hpp:78] [T-Intergrate-intergrate] queue: frame output frame :189
I1014 10:44:44.933351  4199 work_thread.hpp:81]  [T-Work-Recog_1] Run work: WorkRecog
W1014 10:44:44.933372  4199 work_recog.hpp:118] Face id: 1 has low quality : 0.0370316, no need to recog
I1014 10:44:44.933421  4199 work_thread.hpp:81]  [T-Work-Recog_1] Run work: WorkCompare
I1014 10:44:44.934242  4200 thread_intergrate.hpp:154] T-Intergrate-intergrate Show face :0, size :640 * 360
I1014 10:44:44.934803  4196 demo_inner.hpp:435] thread [SORT-0]  frame id 189 sorting queue size 0   FPS: 28.5982
I1014 10:44:44.961652  4194 demo_inner.hpp:177] decode queue size 0
I1014 10:44:44.961757  4197 work_thread.hpp:81]  [T-Work-Detect_0] Run work: WorkDetect
I1014 10:44:44.961796  4197 work_detect.cpp:102] Succeeded to add det start for frame 190
I1014 10:44:44.962527  4195 demo_inner.hpp:260]  gui queue size 0, state = running
I1014 10:44:44.968323  4197 work_detect.cpp:70] Frame :190 detect result :2 face(s)
W1014 10:44:44.968375  4197 work_detect.cpp:83] Invalid bbox: [150 x 160 from (162, 215)]
I1014 10:44:44.968463  4197 work_detect.cpp:86] Detected bbox: [35 x 54 from (405, 195)]
I1014 10:44:44.968508  4197 work_detect.cpp:120] Succeeded to add det end for frame 190
I1014 10:44:44.968524  4197 work_thread.hpp:81]  [T-Work-Detect_0] Run work: WrokTrack
I1014 10:44:44.968549  4197 work_track.cpp:82] Frame: 190 build input_characts: [0.0546875 x 0.15 from (0.632812, 0.541667)], 0.962122, 0
I1014 10:44:44.968605  4197 work_track.cpp:102] Succeeded to set track lock for frame 190
I1014 10:44:44.968645  4197 work_track.cpp:116] Succeeded to release track lock for frame 190
I1014 10:44:44.968660  4197 work_track.cpp:120] Track results of frame 190: 1 objects input, 1 objects tracked!
I1014 10:44:44.968678  4197 work_track.cpp:148] Frame: 190, track bbox: [35 x 54 from (405.514, 195.005)], gid: 1, lid: 0
I1014 10:44:44.968714  4197 work_thread.hpp:88]  [T-Work-Detect_0] Frame :190 split
I1014 10:44:44.968732  4197 work_thread.hpp:120]  [T-Work-Detect_0] Valid piece: gid = 1
I1014 10:44:44.968750  4197 work_thread.hpp:92]  [T-Work-Detect_0] Push to split queue:recog
I1014 10:44:44.968803  4199 work_thread.hpp:81]  [T-Work-Recog_1] Run work: WorkCapture
I1014 10:44:44.969056  4200 thread_intergrate.hpp:78] [T-Intergrate-intergrate] queue: frame output frame :190
I1014 10:44:44.969287  4199 work_thread.hpp:81]  [T-Work-Recog_1] Run work: WorkRecog
W1014 10:44:44.969310  4199 work_recog.hpp:118] Face id: 1 has low quality : 0.0557585, no need to recog
I1014 10:44:44.969360  4199 work_thread.hpp:81]  [T-Work-Recog_1] Run work: WorkCompare
I1014 10:44:44.970176  4200 thread_intergrate.hpp:154] T-Intergrate-intergrate Show face :0, size :640 * 360
I1014 10:44:44.970738  4196 demo_inner.hpp:435] thread [SORT-0]  frame id 190 sorting queue size 0   FPS: 28.5982
I1014 10:44:44.991750  4194 demo_inner.hpp:177] decode queue size 0
I1014 10:44:44.991848  4197 work_thread.hpp:81]  [T-Work-Detect_0] Run work: WorkDetect
I1014 10:44:44.991881  4197 work_detect.cpp:102] Succeeded to add det start for frame 191
I1014 10:44:44.998349  4197 work_detect.cpp:70] Frame :191 detect result :2 face(s)
W1014 10:44:44.998390  4197 work_detect.cpp:83] Invalid bbox: [143 x 168 from (177, 206)]
I1014 10:44:44.998476  4197 work_detect.cpp:86] Detected bbox: [33 x 52 from (407, 196)]
I1014 10:44:44.998522  4197 work_detect.cpp:120] Succeeded to add det end for frame 191
I1014 10:44:44.998538  4197 work_thread.hpp:81]  [T-Work-Detect_0] Run work: WrokTrack
I1014 10:44:44.998560  4197 work_track.cpp:82] Frame: 191 build input_characts: [0.0515625 x 0.144444 from (0.635938, 0.544444)], 0.927049, 0
I1014 10:44:44.998616  4197 work_track.cpp:102] Succeeded to set track lock for frame 191
I1014 10:44:44.998656  4197 work_track.cpp:116] Succeeded to release track lock for frame 191
I1014 10:44:44.998670  4197 work_track.cpp:120] Track results of frame 191: 1 objects input, 1 objects tracked!
I1014 10:44:44.998688  4197 work_track.cpp:148] Frame: 191, track bbox: [33 x 52 from (406.853, 196.601)], gid: 1, lid: 0
I1014 10:44:44.998724  4197 work_thread.hpp:88]  [T-Work-Detect_0] Frame :191 split
I1014 10:44:44.998741  4197 work_thread.hpp:120]  [T-Work-Detect_0] Valid piece: gid = 1
I1014 10:44:44.998759  4197 work_thread.hpp:92]  [T-Work-Detect_0] Push to split queue:recog
I1014 10:44:44.998808  4199 work_thread.hpp:81]  [T-Work-Recog_1] Run work: WorkCapture
I1014 10:44:44.999090  4200 thread_intergrate.hpp:78] [T-Intergrate-intergrate] queue: frame output frame :191
I1014 10:44:44.999327  4199 work_thread.hpp:81]  [T-Work-Recog_1] Run work: WorkRecog
W1014 10:44:44.999351  4199 work_recog.hpp:118] Face id: 1 has low quality : 0.0370316, no need to recog
I1014 10:44:44.999398  4199 work_thread.hpp:81]  [T-Work-Recog_1] Run work: WorkCompare
I1014 10:44:45.000207  4200 thread_intergrate.hpp:154] T-Intergrate-intergrate Show face :0, size :640 * 360
I1014 10:44:45.000759  4196 demo_inner.hpp:435] thread [SORT-0]  frame id 191 sorting queue size 1   FPS: 28.5848
I1014 10:44:45.027662  4194 demo_inner.hpp:177] decode queue size 0
I1014 10:44:45.027776  4197 work_thread.hpp:81]  [T-Work-Detect_0] Run work: WorkDetect
I1014 10:44:45.027812  4197 work_detect.cpp:102] Succeeded to add det start for frame 192
I1014 10:44:45.034313  4197 work_detect.cpp:70] Frame :192 detect result :2 face(s)
W1014 10:44:45.034355  4197 work_detect.cpp:83] Invalid bbox: [138 x 160 from (188, 211)]
I1014 10:44:45.034442  4197 work_detect.cpp:86] Detected bbox: [32 x 51 from (407, 196)]
I1014 10:44:45.034485  4197 work_detect.cpp:120] Succeeded to add det end for frame 192
I1014 10:44:45.034502  4197 work_thread.hpp:81]  [T-Work-Detect_0] Run work: WrokTrack
I1014 10:44:45.034526  4197 work_track.cpp:82] Frame: 192 build input_characts: [0.05 x 0.141667 from (0.635938, 0.544444)], 0.923714, 0
I1014 10:44:45.034584  4197 work_track.cpp:102] Succeeded to set track lock for frame 192
I1014 10:44:45.034631  4197 work_track.cpp:116] Succeeded to release track lock for frame 192
I1014 10:44:45.034646  4197 work_track.cpp:120] Track results of frame 192: 1 objects input, 1 objects tracked!
I1014 10:44:45.034664  4197 work_track.cpp:148] Frame: 192, track bbox: [32 x 51 from (406.907, 196.671)], gid: 1, lid: 0
I1014 10:44:45.034701  4197 work_thread.hpp:88]  [T-Work-Detect_0] Frame :192 split
I1014 10:44:45.034720  4197 work_thread.hpp:120]  [T-Work-Detect_0] Valid piece: gid = 1
I1014 10:44:45.034739  4197 work_thread.hpp:92]  [T-Work-Detect_0] Push to split queue:recog
I1014 10:44:45.034782  4198 work_thread.hpp:81]  [T-Work-Recog_0] Run work: WorkCapture
I1014 10:44:45.034790  4200 thread_intergrate.hpp:78] [T-Intergrate-intergrate] queue: frame output frame :192
I1014 10:44:45.035311  4198 work_thread.hpp:81]  [T-Work-Recog_0] Run work: WorkRecog
W1014 10:44:45.035336  4198 work_recog.hpp:118] Face id: 1 has low quality : 0.0736672, no need to recog
I1014 10:44:45.035426  4198 work_thread.hpp:81]  [T-Work-Recog_0] Run work: WorkCompare
I1014 10:44:45.035912  4200 thread_intergrate.hpp:154] T-Intergrate-intergrate Show face :0, size :640 * 360
I1014 10:44:45.036437  4196 demo_inner.hpp:435] thread [SORT-0]  frame id 192 sorting queue size 2   FPS: 28.5714
I1014 10:44:45.045840  4195 demo_inner.hpp:260]  gui queue size 2, state = running
I1014 10:44:45.063674  4194 demo_inner.hpp:177] decode queue size 0
I1014 10:44:45.063779  4197 work_thread.hpp:81]  [T-Work-Detect_0] Run work: WorkDetect
I1014 10:44:45.063814  4197 work_detect.cpp:102] Succeeded to add det start for frame 193
I1014 10:44:45.070462  4197 work_detect.cpp:70] Frame :193 detect result :1 face(s)
W1014 10:44:45.070504  4197 work_detect.cpp:83] Invalid bbox: [149 x 168 from (181, 203)]
I1014 10:44:45.070602  4197 work_detect.cpp:120] Succeeded to add det end for frame 193
I1014 10:44:45.070619  4197 work_thread.hpp:81]  [T-Work-Detect_0] Run work: WrokTrack
I1014 10:44:45.070646  4197 work_track.cpp:102] Succeeded to set track lock for frame 193
I1014 10:44:45.070678  4197 work_track.cpp:116] Succeeded to release track lock for frame 193
I1014 10:44:45.070693  4197 work_track.cpp:120] Track results of frame 193: 0 objects input, 1 objects tracked!
I1014 10:44:45.070711  4197 work_track.cpp:148] Frame: 193, track bbox: [32 x 51 from (406.701, 196.872)], gid: 1, lid: -1
I1014 10:44:45.070762  4197 work_thread.hpp:88]  [T-Work-Detect_0] Frame :193 split
I1014 10:44:45.070806  4200 thread_intergrate.hpp:78] [T-Intergrate-intergrate] queue: frame output frame :193
I1014 10:44:45.071943  4200 thread_intergrate.hpp:154] T-Intergrate-intergrate Show face :0, size :640 * 360
I1014 10:44:45.072501  4196 demo_inner.hpp:435] thread [SORT-0]  frame id 193 sorting queue size 0   FPS: 28.4914
I1014 10:44:45.093767  4194 demo_inner.hpp:177] decode queue size 0
I1014 10:44:45.093864  4197 work_thread.hpp:81]  [T-Work-Detect_0] Run work: WorkDetect
I1014 10:44:45.093900  4197 work_detect.cpp:102] Succeeded to add det start for frame 194
I1014 10:44:45.100482  4197 work_detect.cpp:70] Frame :194 detect result :2 face(s)
I1014 10:44:45.100528  4197 work_detect.cpp:86] Detected bbox: [139 x 164 from (189, 188)]
I1014 10:44:45.100561  4197 work_detect.cpp:86] Detected bbox: [33 x 51 from (407, 196)]
I1014 10:44:45.100591  4197 work_detect.cpp:120] Succeeded to add det end for frame 194
I1014 10:44:45.100607  4197 work_thread.hpp:81]  [T-Work-Detect_0] Run work: WrokTrack
I1014 10:44:45.100630  4197 work_track.cpp:82] Frame: 194 build input_characts: [0.217187 x 0.455556 from (0.295312, 0.522222)], 0.994226, 0
I1014 10:44:45.100682  4197 work_track.cpp:82] Frame: 194 build input_characts: [0.0515625 x 0.141667 from (0.635938, 0.544444)], 0.947697, 1
I1014 10:44:45.100718  4197 work_track.cpp:102] Succeeded to set track lock for frame 194
I1014 10:44:45.100762  4197 work_track.cpp:116] Succeeded to release track lock for frame 194
I1014 10:44:45.100777  4197 work_track.cpp:120] Track results of frame 194: 2 objects input, 1 objects tracked!
I1014 10:44:45.100795  4197 work_track.cpp:148] Frame: 194, track bbox: [33 x 51 from (406.657, 196.144)], gid: 1, lid: 1
I1014 10:44:45.100828  4197 work_track.cpp:162] Frame: 194 lid: 0 not tracked, will set invalid
I1014 10:44:45.100844  4197 work_thread.hpp:88]  [T-Work-Detect_0] Frame :194 split
I1014 10:44:45.100862  4197 work_thread.hpp:124]  [T-Work-Detect_0] Invalid piece: lid = 0, drop it
I1014 10:44:45.100877  4197 work_thread.hpp:120]  [T-Work-Detect_0] Valid piece: gid = 1
I1014 10:44:45.100893  4197 work_thread.hpp:92]  [T-Work-Detect_0] Push to split queue:recog
I1014 10:44:45.100932  4198 work_thread.hpp:81]  [T-Work-Recog_0] Run work: WorkCapture
I1014 10:44:45.100936  4200 thread_intergrate.hpp:78] [T-Intergrate-intergrate] queue: frame output frame :194
I1014 10:44:45.101411  4198 work_thread.hpp:81]  [T-Work-Recog_0] Run work: WorkRecog
W1014 10:44:45.101433  4198 work_recog.hpp:118] Face id: 1 has low quality : 0.0332643, no need to recog
I1014 10:44:45.101549  4198 work_thread.hpp:81]  [T-Work-Recog_0] Run work: WorkCompare
I1014 10:44:45.102054  4200 thread_intergrate.hpp:154] T-Intergrate-intergrate Show face :0, size :640 * 360
I1014 10:44:45.102617  4196 demo_inner.hpp:435] thread [SORT-0]  frame id 194 sorting queue size 1   FPS: 28.5848
I1014 10:44:45.129696  4194 demo_inner.hpp:177] decode queue size 0
I1014 10:44:45.129810  4197 work_thread.hpp:81]  [T-Work-Detect_0] Run work: WorkDetect
I1014 10:44:45.129848  4197 work_detect.cpp:102] Succeeded to add det start for frame 195
I1014 10:44:45.136478  4197 work_detect.cpp:70] Frame :195 detect result :2 face(s)
I1014 10:44:45.136523  4197 work_detect.cpp:86] Detected bbox: [141 x 176 from (189, 178)]
I1014 10:44:45.136554  4197 work_detect.cpp:86] Detected bbox: [31 x 51 from (408, 196)]
I1014 10:44:45.136584  4197 work_detect.cpp:120] Succeeded to add det end for frame 195
I1014 10:44:45.136600  4197 work_thread.hpp:81]  [T-Work-Detect_0] Run work: WrokTrack
