I1014 14:57:16.621799  8382 work_thread.hpp:81]  [T-Work-Recog_0] Run work: WorkCompare
I1014 14:57:16.622319  8382 work_compare.cpp:76] Compare face: 0 successed, similarity :0.9971, name : images/ThangLMb.jpg, normal size : 1548 * 1719!
I1014 14:57:16.630084  8378 demo_inner.hpp:177] decode queue size 0
I1014 14:57:16.630208  8381 work_thread.hpp:81]  [T-Work-Detect_0] Run work: WorkDetect
I1014 14:57:16.630245  8381 work_detect.cpp:102] Succeeded to add det start for frame 27
I1014 14:57:16.637037  8381 work_detect.cpp:70] Frame :27 detect result :1 face(s)
I1014 14:57:16.637080  8381 work_detect.cpp:86] Detected bbox: [172 x 225 from (287, 131)]
I1014 14:57:16.637121  8381 work_detect.cpp:120] Succeeded to add det end for frame 27
I1014 14:57:16.637138  8381 work_thread.hpp:81]  [T-Work-Detect_0] Run work: WrokTrack
I1014 14:57:16.637162  8381 work_track.cpp:82] Frame: 27 build input_characts: [0.26875 x 0.625 from (0.448438, 0.363889)], 1.00019, 0
I1014 14:57:16.637218  8381 work_track.cpp:102] Succeeded to set track lock for frame 27
I1014 14:57:16.637257  8381 work_track.cpp:116] Succeeded to release track lock for frame 27
I1014 14:57:16.637272  8381 work_track.cpp:120] Track results of frame 27: 1 objects input, 1 objects tracked!
I1014 14:57:16.637291  8381 work_track.cpp:148] Frame: 27, track bbox: [172 x 225 from (286.791, 129.484)], gid: 0, lid: 0
I1014 14:57:16.637327  8381 work_thread.hpp:87]  [T-Work-Detect_0] Frame :27 split
I1014 14:57:16.637346  8381 work_thread.hpp:120]  [T-Work-Detect_0] Valid piece: gid = 0
I1014 14:57:16.637363  8381 work_thread.hpp:91]  [T-Work-Detect_0] Push to split queue:recog
I1014 14:57:16.637408  8383 work_thread.hpp:81]  [T-Work-Recog_1] Run work: WorkCapture
I1014 14:57:16.637423  8384 thread_intergrate.hpp:78] [T-Intergrate-intergrate] queue: frame output frame :27
I1014 14:57:16.637449  8384 thread_intergrate.hpp:85] [T-Intergrate-intergrate] queue: compare output face:0
I1014 14:57:16.637466  8384 thread_intergrate.hpp:144] T-Intergrate-intergrate set matched face: 0
I1014 14:57:16.637989  8383 work_thread.hpp:81]  [T-Work-Recog_1] Run work: WorkRecog
I1014 14:57:16.638016  8383 work_recog.hpp:89] Face id: 0 will run recog: bbox [172 x 225 from (287, 131)] quality: 0.476677
I1014 14:57:16.638048  8383 work_recog.hpp:96] Recog pair: [248 x 280 from (248, 80)], [172 x 225 from (39, 51)]
I1014 14:57:16.647230  8384 thread_intergrate.hpp:164] T-Intergrate-intergrate Show face :0, size :640 * 360
I1014 14:57:16.647887  8380 demo_inner.hpp:435] thread [SORT-0]  frame id 27 sorting queue size 0   FPS: 29.4118
I1014 14:57:16.655897  8383 work_thread.hpp:81]  [T-Work-Recog_1] Run work: WorkCompare
I1014 14:57:16.656371  8383 work_compare.cpp:76] Compare face: 0 successed, similarity :0.996595, name : images/ThangLMb.jpg, normal size : 1548 * 1719!
I1014 14:57:16.660359  8378 demo_inner.hpp:177] decode queue size 0
I1014 14:57:16.660465  8381 work_thread.hpp:81]  [T-Work-Detect_0] Run work: WorkDetect
I1014 14:57:16.660501  8381 work_detect.cpp:102] Succeeded to add det start for frame 28
I1014 14:57:16.667196  8381 work_detect.cpp:70] Frame :28 detect result :1 face(s)
I1014 14:57:16.667240  8381 work_detect.cpp:86] Detected bbox: [172 x 224 from (285, 128)]
I1014 14:57:16.667284  8381 work_detect.cpp:120] Succeeded to add det end for frame 28
I1014 14:57:16.667301  8381 work_thread.hpp:81]  [T-Work-Detect_0] Run work: WrokTrack
I1014 14:57:16.667326  8381 work_track.cpp:82] Frame: 28 build input_characts: [0.26875 x 0.622222 from (0.445312, 0.355556)], 1.00019, 0
I1014 14:57:16.667460  8381 work_track.cpp:102] Succeeded to set track lock for frame 28
I1014 14:57:16.667501  8381 work_track.cpp:116] Succeeded to release track lock for frame 28
I1014 14:57:16.667517  8381 work_track.cpp:120] Track results of frame 28: 1 objects input, 1 objects tracked!
I1014 14:57:16.667536  8381 work_track.cpp:148] Frame: 28, track bbox: [172 x 224 from (284.028, 129.427)], gid: 0, lid: 0
I1014 14:57:16.667573  8381 work_thread.hpp:87]  [T-Work-Detect_0] Frame :28 split
I1014 14:57:16.667591  8381 work_thread.hpp:120]  [T-Work-Detect_0] Valid piece: gid = 0
I1014 14:57:16.667609  8381 work_thread.hpp:91]  [T-Work-Detect_0] Push to split queue:recog
I1014 14:57:16.667671  8384 thread_intergrate.hpp:78] [T-Intergrate-intergrate] queue: frame output frame :28
I1014 14:57:16.667695  8384 thread_intergrate.hpp:85] [T-Intergrate-intergrate] queue: compare output face:0
I1014 14:57:16.667713  8384 thread_intergrate.hpp:144] T-Intergrate-intergrate set matched face: 0
I1014 14:57:16.667717  8382 work_thread.hpp:81]  [T-Work-Recog_0] Run work: WorkCapture
I1014 14:57:16.668476  8382 work_thread.hpp:81]  [T-Work-Recog_0] Run work: WorkRecog
I1014 14:57:16.668506  8382 work_recog.hpp:89] Face id: 0 will run recog: bbox [172 x 224 from (285, 128)] quality: 0.46828
I1014 14:57:16.668570  8382 work_recog.hpp:96] Recog pair: [248 x 280 from (248, 80)], [172 x 224 from (37, 48)]
I1014 14:57:16.677089  8384 thread_intergrate.hpp:164] T-Intergrate-intergrate Show face :0, size :640 * 360
I1014 14:57:16.677769  8380 demo_inner.hpp:435] thread [SORT-0]  frame id 28 sorting queue size 1   FPS: 29.5728
I1014 14:57:16.680264  8379 demo_inner.hpp:260]  gui queue size 1, state = running
I1014 14:57:16.687189  8382 work_thread.hpp:81]  [T-Work-Recog_0] Run work: WorkCompare
I1014 14:57:16.687866  8382 work_compare.cpp:76] Compare face: 0 successed, similarity :0.995493, name : images/ThangLMb.jpg, normal size : 1548 * 1719!
I1014 14:57:16.695933  8378 demo_inner.hpp:177] decode queue size 0
I1014 14:57:16.696036  8381 work_thread.hpp:81]  [T-Work-Detect_0] Run work: WorkDetect
I1014 14:57:16.696075  8381 work_detect.cpp:102] Succeeded to add det start for frame 29
I1014 14:57:16.702831  8381 work_detect.cpp:70] Frame :29 detect result :1 face(s)
W1014 14:57:16.702877  8381 work_detect.cpp:83] Invalid bbox: [176 x 211 from (295, 152)]
I1014 14:57:16.702952  8381 work_detect.cpp:120] Succeeded to add det end for frame 29
I1014 14:57:16.702970  8381 work_thread.hpp:81]  [T-Work-Detect_0] Run work: WrokTrack
I1014 14:57:16.702998  8381 work_track.cpp:102] Succeeded to set track lock for frame 29
I1014 14:57:16.703032  8381 work_track.cpp:116] Succeeded to release track lock for frame 29
I1014 14:57:16.703045  8381 work_track.cpp:120] Track results of frame 29: 0 objects input, 1 objects tracked!
I1014 14:57:16.703063  8381 work_track.cpp:148] Frame: 29, track bbox: [172 x 224 from (282.171, 129.697)], gid: 0, lid: -1
I1014 14:57:16.703114  8381 work_thread.hpp:87]  [T-Work-Detect_0] Frame :29 split
I1014 14:57:16.703162  8384 thread_intergrate.hpp:78] [T-Intergrate-intergrate] queue: frame output frame :29
I1014 14:57:16.703191  8384 thread_intergrate.hpp:85] [T-Intergrate-intergrate] queue: compare output face:0
I1014 14:57:16.703208  8384 thread_intergrate.hpp:144] T-Intergrate-intergrate set matched face: 0
I1014 14:57:16.705155  8384 thread_intergrate.hpp:164] T-Intergrate-intergrate Show face :0, size :640 * 360
I1014 14:57:16.705790  8380 demo_inner.hpp:435] thread [SORT-0]  frame id 29 sorting queue size 0   FPS: 29.7556
I1014 14:57:16.725869  8378 demo_inner.hpp:177] decode queue size 0
I1014 14:57:16.725986  8381 work_thread.hpp:81]  [T-Work-Detect_0] Run work: WorkDetect
I1014 14:57:16.726024  8381 work_detect.cpp:102] Succeeded to add det start for frame 30
I1014 14:57:16.732899  8381 work_detect.cpp:70] Frame :30 detect result :1 face(s)
I1014 14:57:16.732947  8381 work_detect.cpp:86] Detected bbox: [171 x 222 from (285, 129)]
I1014 14:57:16.732991  8381 work_detect.cpp:120] Succeeded to add det end for frame 30
I1014 14:57:16.733083  8381 work_thread.hpp:81]  [T-Work-Detect_0] Run work: WrokTrack
I1014 14:57:16.733110  8381 work_track.cpp:82] Frame: 30 build input_characts: [0.267188 x 0.616667 from (0.445312, 0.358333)], 1.00019, 0
I1014 14:57:16.733165  8381 work_track.cpp:102] Succeeded to set track lock for frame 30
I1014 14:57:16.733206  8381 work_track.cpp:116] Succeeded to release track lock for frame 30
I1014 14:57:16.733220  8381 work_track.cpp:120] Track results of frame 30: 1 objects input, 1 objects tracked!
I1014 14:57:16.733238  8381 work_track.cpp:148] Frame: 30, track bbox: [171 x 222 from (285.364, 128.958)], gid: 0, lid: 0
I1014 14:57:16.733274  8381 work_thread.hpp:87]  [T-Work-Detect_0] Frame :30 split
I1014 14:57:16.733292  8381 work_thread.hpp:120]  [T-Work-Detect_0] Valid piece: gid = 0
I1014 14:57:16.733310  8381 work_thread.hpp:91]  [T-Work-Detect_0] Push to split queue:recog
I1014 14:57:16.733361  8383 work_thread.hpp:81]  [T-Work-Recog_1] Run work: WorkCapture
I1014 14:57:16.733366  8384 thread_intergrate.hpp:78] [T-Intergrate-intergrate] queue: frame output frame :30
I1014 14:57:16.733911  8383 work_thread.hpp:81]  [T-Work-Recog_1] Run work: WorkRecog
I1014 14:57:16.733934  8383 work_recog.hpp:89] Face id: 0 will run recog: bbox [171 x 222 from (285, 129)] quality: 0.476415
I1014 14:57:16.733963  8383 work_recog.hpp:96] Recog pair: [248 x 280 from (248, 80)], [171 x 222 from (37, 49)]
I1014 14:57:16.744418  8384 thread_intergrate.hpp:164] T-Intergrate-intergrate Show face :0, size :640 * 360
I1014 14:57:16.745106  8380 demo_inner.hpp:435] thread [SORT-0]  frame id 30 sorting queue size 1   FPS: 29.5617
I1014 14:57:16.751624  8383 work_thread.hpp:81]  [T-Work-Recog_1] Run work: WorkCompare
I1014 14:57:16.752064  8383 work_compare.cpp:76] Compare face: 0 successed, similarity :0.995776, name : images/ThangLMb.jpg, normal size : 1548 * 1719!
I1014 14:57:16.762109  8378 demo_inner.hpp:177] decode queue size 0
I1014 14:57:16.762224  8381 work_thread.hpp:81]  [T-Work-Detect_0] Run work: WorkDetect
I1014 14:57:16.762262  8381 work_detect.cpp:102] Succeeded to add det start for frame 31
I1014 14:57:16.765988  8379 demo_inner.hpp:260]  gui queue size 1, state = running
I1014 14:57:16.769448  8381 work_detect.cpp:70] Frame :31 detect result :1 face(s)
I1014 14:57:16.769502  8381 work_detect.cpp:86] Detected bbox: [171 x 222 from (288, 130)]
I1014 14:57:16.769546  8381 work_detect.cpp:120] Succeeded to add det end for frame 31
I1014 14:57:16.769563  8381 work_thread.hpp:81]  [T-Work-Detect_0] Run work: WrokTrack
I1014 14:57:16.769589  8381 work_track.cpp:82] Frame: 31 build input_characts: [0.267188 x 0.616667 from (0.45, 0.361111)], 1.00019, 0
I1014 14:57:16.769644  8381 work_track.cpp:102] Succeeded to set track lock for frame 31
I1014 14:57:16.769687  8381 work_track.cpp:116] Succeeded to release track lock for frame 31
I1014 14:57:16.769701  8381 work_track.cpp:120] Track results of frame 31: 1 objects input, 1 objects tracked!
I1014 14:57:16.769721  8381 work_track.cpp:148] Frame: 31, track bbox: [171 x 222 from (286.295, 130.089)], gid: 0, lid: 0
I1014 14:57:16.769757  8381 work_thread.hpp:87]  [T-Work-Detect_0] Frame :31 split
I1014 14:57:16.769773  8381 work_thread.hpp:120]  [T-Work-Detect_0] Valid piece: gid = 0
I1014 14:57:16.769791  8381 work_thread.hpp:91]  [T-Work-Detect_0] Push to split queue:recog
I1014 14:57:16.769842  8383 work_thread.hpp:81]  [T-Work-Recog_1] Run work: WorkCapture
I1014 14:57:16.769845  8384 thread_intergrate.hpp:78] [T-Intergrate-intergrate] queue: frame output frame :31
I1014 14:57:16.769886  8384 thread_intergrate.hpp:85] [T-Intergrate-intergrate] queue: compare output face:0
I1014 14:57:16.769954  8384 thread_intergrate.hpp:144] T-Intergrate-intergrate set matched face: 0
I1014 14:57:16.770450  8383 work_thread.hpp:81]  [T-Work-Recog_1] Run work: WorkRecog
I1014 14:57:16.770474  8383 work_recog.hpp:89] Face id: 0 will run recog: bbox [171 x 222 from (288, 130)] quality: 0.478664
I1014 14:57:16.770504  8383 work_recog.hpp:96] Recog pair: [248 x 280 from (248, 80)], [171 x 222 from (40, 50)]
I1014 14:57:16.782035  8384 thread_intergrate.hpp:164] T-Intergrate-intergrate Show face :0, size :640 * 360
I1014 14:57:16.782878  8380 demo_inner.hpp:435] thread [SORT-0]  frame id 31 sorting queue size 0   FPS: 29.4695
I1014 14:57:16.788283  8383 work_thread.hpp:81]  [T-Work-Recog_1] Run work: WorkCompare
I1014 14:57:16.788718  8383 work_compare.cpp:76] Compare face: 0 successed, similarity :0.995995, name : images/ThangLMb.jpg, normal size : 1548 * 1719!
I1014 14:57:16.797693  8378 demo_inner.hpp:177] decode queue size 0
I1014 14:57:16.797804  8381 work_thread.hpp:81]  [T-Work-Detect_0] Run work: WorkDetect
I1014 14:57:16.797840  8381 work_detect.cpp:102] Succeeded to add det start for frame 32
I1014 14:57:16.804659  8381 work_detect.cpp:70] Frame :32 detect result :1 face(s)
I1014 14:57:16.804702  8381 work_detect.cpp:86] Detected bbox: [171 x 224 from (286, 124)]
I1014 14:57:16.804744  8381 work_detect.cpp:120] Succeeded to add det end for frame 32
I1014 14:57:16.804760  8381 work_thread.hpp:81]  [T-Work-Detect_0] Run work: WrokTrack
I1014 14:57:16.804785  8381 work_track.cpp:82] Frame: 32 build input_characts: [0.267188 x 0.622222 from (0.446875, 0.344444)], 1.00019, 0
I1014 14:57:16.804841  8381 work_track.cpp:102] Succeeded to set track lock for frame 32
I1014 14:57:16.804880  8381 work_track.cpp:116] Succeeded to release track lock for frame 32
I1014 14:57:16.804894  8381 work_track.cpp:120] Track results of frame 32: 1 objects input, 1 objects tracked!
I1014 14:57:16.804913  8381 work_track.cpp:148] Frame: 32, track bbox: [171 x 224 from (286.001, 126.188)], gid: 0, lid: 0
I1014 14:57:16.804949  8381 work_thread.hpp:87]  [T-Work-Detect_0] Frame :32 split
I1014 14:57:16.804966  8381 work_thread.hpp:120]  [T-Work-Detect_0] Valid piece: gid = 0
I1014 14:57:16.804985  8381 work_thread.hpp:91]  [T-Work-Detect_0] Push to split queue:recog
I1014 14:57:16.805027  8383 work_thread.hpp:81]  [T-Work-Recog_1] Run work: WorkCapture
I1014 14:57:16.805034  8384 thread_intergrate.hpp:78] [T-Intergrate-intergrate] queue: frame output frame :32
I1014 14:57:16.805063  8384 thread_intergrate.hpp:85] [T-Intergrate-intergrate] queue: compare output face:0
I1014 14:57:16.805081  8384 thread_intergrate.hpp:144] T-Intergrate-intergrate set matched face: 0
I1014 14:57:16.805608  8383 work_thread.hpp:81]  [T-Work-Recog_1] Run work: WorkRecog
I1014 14:57:16.805634  8383 work_recog.hpp:89] Face id: 0 will run recog: bbox [171 x 224 from (286, 124)] quality: 0.479314
I1014 14:57:16.805666  8383 work_recog.hpp:96] Recog pair: [248 x 280 from (248, 80)], [171 x 224 from (38, 44)]
I1014 14:57:16.817100  8384 thread_intergrate.hpp:164] T-Intergrate-intergrate Show face :0, size :640 * 360
I1014 14:57:16.817899  8380 demo_inner.hpp:435] thread [SORT-0]  frame id 32 sorting queue size 1   FPS: 29.4397
I1014 14:57:16.823405  8383 work_thread.hpp:81]  [T-Work-Recog_1] Run work: WorkCompare
I1014 14:57:16.823860  8383 work_compare.cpp:76] Compare face: 0 successed, similarity :0.992858, name : images/ThangLMb.jpg, normal size : 1548 * 1719!
I1014 14:57:16.828380  8378 demo_inner.hpp:177] decode queue size 0
I1014 14:57:16.828482  8381 work_thread.hpp:81]  [T-Work-Detect_0] Run work: WorkDetect
I1014 14:57:16.828518  8381 work_detect.cpp:102] Succeeded to add det start for frame 33
I1014 14:57:16.835356  8381 work_detect.cpp:70] Frame :33 detect result :1 face(s)
I1014 14:57:16.835402  8381 work_detect.cpp:86] Detected bbox: [174 x 225 from (285, 127)]
I1014 14:57:16.835445  8381 work_detect.cpp:120] Succeeded to add det end for frame 33
I1014 14:57:16.835463  8381 work_thread.hpp:81]  [T-Work-Detect_0] Run work: WrokTrack
I1014 14:57:16.835487  8381 work_track.cpp:82] Frame: 33 build input_characts: [0.271875 x 0.625 from (0.445312, 0.352778)], 0.999622, 0
I1014 14:57:16.835542  8381 work_track.cpp:102] Succeeded to set track lock for frame 33
I1014 14:57:16.835582  8381 work_track.cpp:116] Succeeded to release track lock for frame 33
I1014 14:57:16.835597  8381 work_track.cpp:120] Track results of frame 33: 1 objects input, 1 objects tracked!
I1014 14:57:16.835690  8381 work_track.cpp:148] Frame: 33, track bbox: [174 x 225 from (284.87, 125.495)], gid: 0, lid: 0
I1014 14:57:16.835729  8381 work_thread.hpp:87]  [T-Work-Detect_0] Frame :33 split
I1014 14:57:16.835748  8381 work_thread.hpp:120]  [T-Work-Detect_0] Valid piece: gid = 0
I1014 14:57:16.835767  8381 work_thread.hpp:91]  [T-Work-Detect_0] Push to split queue:recog
I1014 14:57:16.835816  8382 work_thread.hpp:81]  [T-Work-Recog_0] Run work: WorkCapture
I1014 14:57:16.835870  8384 thread_intergrate.hpp:78] [T-Intergrate-intergrate] queue: frame output frame :33
I1014 14:57:16.835899  8384 thread_intergrate.hpp:85] [T-Intergrate-intergrate] queue: compare output face:0
I1014 14:57:16.835918  8384 thread_intergrate.hpp:144] T-Intergrate-intergrate set matched face: 0
I1014 14:57:16.836537  8382 work_thread.hpp:81]  [T-Work-Recog_0] Run work: WorkRecog
I1014 14:57:16.836565  8382 work_recog.hpp:89] Face id: 0 will run recog: bbox [174 x 225 from (285, 127)] quality: 0.465493
I1014 14:57:16.836642  8382 work_recog.hpp:96] Recog pair: [248 x 280 from (248, 80)], [174 x 225 from (37, 47)]
I1014 14:57:16.841878  8379 demo_inner.hpp:260]  gui queue size 1, state = running
I1014 14:57:16.846357  8384 thread_intergrate.hpp:164] T-Intergrate-intergrate Show face :0, size :640 * 360
I1014 14:57:16.846942  8380 demo_inner.hpp:435] thread [SORT-0]  frame id 33 sorting queue size 0   FPS: 29.5476
I1014 14:57:16.855020  8382 work_thread.hpp:81]  [T-Work-Recog_0] Run work: WorkCompare
I1014 14:57:16.855559  8382 work_compare.cpp:76] Compare face: 0 successed, similarity :0.996732, name : images/ThangLMb.jpg, normal size : 1548 * 1719!
I1014 14:57:16.864341  8378 demo_inner.hpp:177] decode queue size 0
I1014 14:57:16.864450  8381 work_thread.hpp:81]  [T-Work-Detect_0] Run work: WorkDetect
I1014 14:57:16.864486  8381 work_detect.cpp:102] Succeeded to add det start for frame 34
I1014 14:57:16.871460  8381 work_detect.cpp:70] Frame :34 detect result :1 face(s)
I1014 14:57:16.871510  8381 work_detect.cpp:86] Detected bbox: [171 x 228 from (286, 124)]
I1014 14:57:16.871554  8381 work_detect.cpp:120] Succeeded to add det end for frame 34
I1014 14:57:16.871572  8381 work_thread.hpp:81]  [T-Work-Detect_0] Run work: WrokTrack
I1014 14:57:16.871596  8381 work_track.cpp:82] Frame: 34 build input_characts: [0.267188 x 0.633333 from (0.446875, 0.344444)], 1.00019, 0
I1014 14:57:16.871652  8381 work_track.cpp:102] Succeeded to set track lock for frame 34
I1014 14:57:16.871693  8381 work_track.cpp:116] Succeeded to release track lock for frame 34
I1014 14:57:16.871707  8381 work_track.cpp:120] Track results of frame 34: 1 objects input, 1 objects tracked!
I1014 14:57:16.871726  8381 work_track.cpp:148] Frame: 34, track bbox: [171 x 228 from (286.523, 124.032)], gid: 0, lid: 0
I1014 14:57:16.871762  8381 work_thread.hpp:87]  [T-Work-Detect_0] Frame :34 split
I1014 14:57:16.871779  8381 work_thread.hpp:120]  [T-Work-Detect_0] Valid piece: gid = 0
I1014 14:57:16.871798  8381 work_thread.hpp:91]  [T-Work-Detect_0] Push to split queue:recog
I1014 14:57:16.871846  8383 work_thread.hpp:81]  [T-Work-Recog_1] Run work: WorkCapture
I1014 14:57:16.871852  8384 thread_intergrate.hpp:78] [T-Intergrate-intergrate] queue: frame output frame :34
I1014 14:57:16.871876  8384 thread_intergrate.hpp:85] [T-Intergrate-intergrate] queue: compare output face:0
I1014 14:57:16.871896  8384 thread_intergrate.hpp:144] T-Intergrate-intergrate set matched face: 0
I1014 14:57:16.872478  8383 work_thread.hpp:81]  [T-Work-Recog_1] Run work: WorkRecog
I1014 14:57:16.872505  8383 work_recog.hpp:89] Face id: 0 will run recog: bbox [171 x 228 from (286, 124)] quality: 0.478
I1014 14:57:16.872539  8383 work_recog.hpp:96] Recog pair: [248 x 288 from (248, 72)], [171 x 228 from (38, 52)]
I1014 14:57:16.881690  8384 thread_intergrate.hpp:164] T-Intergrate-intergrate Show face :0, size :640 * 360
I1014 14:57:16.882433  8380 demo_inner.hpp:435] thread [SORT-0]  frame id 34 sorting queue size 1   FPS: 29.517
I1014 14:57:16.890162  8383 work_thread.hpp:81]  [T-Work-Recog_1] Run work: WorkCompare
I1014 14:57:16.890702  8383 work_compare.cpp:76] Compare face: 0 successed, similarity :0.998539, name : images/ThangLMb.jpg, normal size : 1548 * 1719!
I1014 14:57:16.894053  8378 demo_inner.hpp:177] decode queue size 0
I1014 14:57:16.894150  8381 work_thread.hpp:81]  [T-Work-Detect_0] Run work: WorkDetect
I1014 14:57:16.894187  8381 work_detect.cpp:102] Succeeded to add det start for frame 35
I1014 14:57:16.901113  8381 work_detect.cpp:70] Frame :35 detect result :1 face(s)
I1014 14:57:16.901160  8381 work_detect.cpp:86] Detected bbox: [172 x 225 from (286, 128)]
I1014 14:57:16.901204  8381 work_detect.cpp:120] Succeeded to add det end for frame 35
I1014 14:57:16.901221  8381 work_thread.hpp:81]  [T-Work-Detect_0] Run work: WrokTrack
I1014 14:57:16.901244  8381 work_track.cpp:82] Frame: 35 build input_characts: [0.26875 x 0.625 from (0.446875, 0.355556)], 1.00019, 0
I1014 14:57:16.901299  8381 work_track.cpp:102] Succeeded to set track lock for frame 35
I1014 14:57:16.901338  8381 work_track.cpp:116] Succeeded to release track lock for frame 35
I1014 14:57:16.901353  8381 work_track.cpp:120] Track results of frame 35: 1 objects input, 1 objects tracked!
I1014 14:57:16.901371  8381 work_track.cpp:148] Frame: 35, track bbox: [172 x 225 from (285.977, 126.458)], gid: 0, lid: 0
I1014 14:57:16.901407  8381 work_thread.hpp:87]  [T-Work-Detect_0] Frame :35 split
I1014 14:57:16.901424  8381 work_thread.hpp:120]  [T-Work-Detect_0] Valid piece: gid = 0
I1014 14:57:16.901443  8381 work_thread.hpp:91]  [T-Work-Detect_0] Push to split queue:recog
I1014 14:57:16.901490  8382 work_thread.hpp:81]  [T-Work-Recog_0] Run work: WorkCapture
I1014 14:57:16.901499  8384 thread_intergrate.hpp:78] [T-Intergrate-intergrate] queue: frame output frame :35
I1014 14:57:16.901525  8384 thread_intergrate.hpp:85] [T-Intergrate-intergrate] queue: compare output face:0
I1014 14:57:16.901542  8384 thread_intergrate.hpp:144] T-Intergrate-intergrate set matched face: 0
I1014 14:57:16.902209  8382 work_thread.hpp:81]  [T-Work-Recog_0] Run work: WorkRecog
I1014 14:57:16.902237  8382 work_recog.hpp:89] Face id: 0 will run recog: bbox [172 x 225 from (286, 128)] quality: 0.473331
I1014 14:57:16.902398  8382 work_recog.hpp:96] Recog pair: [248 x 280 from (248, 80)], [172 x 225 from (38, 48)]
I1014 14:57:16.911212  8384 thread_intergrate.hpp:164] T-Intergrate-intergrate Show face :0, size :640 * 360
I1014 14:57:16.911851  8380 demo_inner.hpp:435] thread [SORT-0]  frame id 35 sorting queue size 2   FPS: 29.6425
I1014 14:57:16.920511  8382 work_thread.hpp:81]  [T-Work-Recog_0] Run work: WorkCompare
I1014 14:57:16.921032  8382 work_compare.cpp:76] Compare face: 0 successed, similarity :0.997805, name : images/ThangLMb.jpg, normal size : 1548 * 1719!
I1014 14:57:16.925539  8379 demo_inner.hpp:260]  gui queue size 2, state = running
I1014 14:57:16.929828  8378 demo_inner.hpp:177] decode queue size 0
I1014 14:57:16.929949  8381 work_thread.hpp:81]  [T-Work-Detect_0] Run work: WorkDetect
I1014 14:57:16.929986  8381 work_detect.cpp:102] Succeeded to add det start for frame 36
I1014 14:57:16.936899  8381 work_detect.cpp:70] Frame :36 detect result :1 face(s)
I1014 14:57:16.936944  8381 work_detect.cpp:86] Detected bbox: [173 x 224 from (284, 132)]
I1014 14:57:16.936986  8381 work_detect.cpp:120] Succeeded to add det end for frame 36
I1014 14:57:16.937002  8381 work_thread.hpp:81]  [T-Work-Detect_0] Run work: WrokTrack
I1014 14:57:16.937027  8381 work_track.cpp:82] Frame: 36 build input_characts: [0.270312 x 0.622222 from (0.44375, 0.366667)], 1.00035, 0
I1014 14:57:16.937083  8381 work_track.cpp:102] Succeeded to set track lock for frame 36
I1014 14:57:16.937122  8381 work_track.cpp:116] Succeeded to release track lock for frame 36
I1014 14:57:16.937136  8381 work_track.cpp:120] Track results of frame 36: 1 objects input, 1 objects tracked!
I1014 14:57:16.937155  8381 work_track.cpp:148] Frame: 36, track bbox: [173 x 224 from (284.321, 129.752)], gid: 0, lid: 0
I1014 14:57:16.937191  8381 work_thread.hpp:87]  [T-Work-Detect_0] Frame :36 split
I1014 14:57:16.937283  8381 work_thread.hpp:120]  [T-Work-Detect_0] Valid piece: gid = 0
I1014 14:57:16.937304  8381 work_thread.hpp:91]  [T-Work-Detect_0] Push to split queue:recog
I1014 14:57:16.937355  8383 work_thread.hpp:81]  [T-Work-Recog_1] Run work: WorkCapture
I1014 14:57:16.937366  8384 thread_intergrate.hpp:78] [T-Intergrate-intergrate] queue: frame output frame :36
I1014 14:57:16.937391  8384 thread_intergrate.hpp:85] [T-Intergrate-intergrate] queue: compare output face:0
I1014 14:57:16.937408  8384 thread_intergrate.hpp:144] T-Intergrate-intergrate set matched face: 0
I1014 14:57:16.937958  8383 work_thread.hpp:81]  [T-Work-Recog_1] Run work: WorkRecog
I1014 14:57:16.937986  8383 work_recog.hpp:89] Face id: 0 will run recog: bbox [173 x 224 from (284, 132)] quality: 0.481497
I1014 14:57:16.938021  8383 work_recog.hpp:96] Recog pair: [248 x 272 from (248, 88)], [173 x 224 from (36, 44)]
I1014 14:57:16.947146  8384 thread_intergrate.hpp:164] T-Intergrate-intergrate Show face :0, size :640 * 360
I1014 14:57:16.947983  8380 demo_inner.hpp:435] thread [SORT-0]  frame id 36 sorting queue size 0   FPS: 29.5858
I1014 14:57:16.955669  8383 work_thread.hpp:81]  [T-Work-Recog_1] Run work: WorkCompare
I1014 14:57:16.956126  8383 work_compare.cpp:76] Compare face: 0 successed, similarity :0.996246, name : images/ThangLMb.jpg, normal size : 1548 * 1719!
I1014 14:57:16.960121  8378 demo_inner.hpp:177] decode queue size 0
I1014 14:57:16.960244  8381 work_thread.hpp:81]  [T-Work-Detect_0] Run work: WorkDetect
I1014 14:57:16.960281  8381 work_detect.cpp:102] Succeeded to add det start for frame 37
I1014 14:57:16.967125  8381 work_detect.cpp:70] Frame :37 detect result :1 face(s)
I1014 14:57:16.967175  8381 work_detect.cpp:86] Detected bbox: [173 x 225 from (285, 128)]
I1014 14:57:16.967219  8381 work_detect.cpp:120] Succeeded to add det end for frame 37
I1014 14:57:16.967236  8381 work_thread.hpp:81]  [T-Work-Detect_0] Run work: WrokTrack
I1014 14:57:16.967260  8381 work_track.cpp:82] Frame: 37 build input_characts: [0.270312 x 0.625 from (0.445312, 0.355556)], 1.00035, 0
I1014 14:57:16.967319  8381 work_track.cpp:102] Succeeded to set track lock for frame 37
I1014 14:57:16.967358  8381 work_track.cpp:116] Succeeded to release track lock for frame 37
I1014 14:57:16.967372  8381 work_track.cpp:120] Track results of frame 37: 1 objects input, 1 objects tracked!
I1014 14:57:16.967391  8381 work_track.cpp:148] Frame: 37, track bbox: [173 x 225 from (284.713, 130.011)], gid: 0, lid: 0
I1014 14:57:16.967427  8381 work_thread.hpp:87]  [T-Work-Detect_0] Frame :37 split
I1014 14:57:16.967444  8381 work_thread.hpp:120]  [T-Work-Detect_0] Valid piece: gid = 0
I1014 14:57:16.967463  8381 work_thread.hpp:91]  [T-Work-Detect_0] Push to split queue:recog
I1014 14:57:16.967520  8384 thread_intergrate.hpp:78] [T-Intergrate-intergrate] queue: frame output frame :37
I1014 14:57:16.967507  8382 work_thread.hpp:81]  [T-Work-Recog_0] Run work: WorkCapture
I1014 14:57:16.967545  8384 thread_intergrate.hpp:85] [T-Intergrate-intergrate] queue: compare output face:0
I1014 14:57:16.967563  8384 thread_intergrate.hpp:144] T-Intergrate-intergrate set matched face: 0
I1014 14:57:16.968220  8382 work_thread.hpp:81]  [T-Work-Recog_0] Run work: WorkRecog
I1014 14:57:16.968392  8382 work_recog.hpp:89] Face id: 0 will run recog: bbox [173 x 225 from (285, 128)] quality: 0.476118
I1014 14:57:16.968430  8382 work_recog.hpp:96] Recog pair: [248 x 280 from (248, 80)], [173 x 225 from (37, 48)]
I1014 14:57:16.977334  8384 thread_intergrate.hpp:164] T-Intergrate-intergrate Show face :0, size :640 * 360
I1014 14:57:16.978067  8380 demo_inner.hpp:435] thread [SORT-0]  frame id 37 sorting queue size 1   FPS: 29.654
I1014 14:57:16.986158  8382 work_thread.hpp:81]  [T-Work-Recog_0] Run work: WorkCompare
I1014 14:57:16.986869  8382 work_compare.cpp:76] Compare face: 0 successed, similarity :0.997234, name : images/ThangLMb.jpg, normal size : 1548 * 1719!
I1014 14:57:16.992766  8379 demo_inner.hpp:260]  gui queue size 1, state = running
I1014 14:57:16.995898  8378 demo_inner.hpp:177] decode queue size 0
I1014 14:57:16.996021  8381 work_thread.hpp:81]  [T-Work-Detect_0] Run work: WorkDetect
I1014 14:57:16.996058  8381 work_detect.cpp:102] Succeeded to add det start for frame 38
I1014 14:57:17.002980  8381 work_detect.cpp:70] Frame :38 detect result :1 face(s)
I1014 14:57:17.003023  8381 work_detect.cpp:86] Detected bbox: [173 x 225 from (287, 128)]
I1014 14:57:17.003067  8381 work_detect.cpp:120] Succeeded to add det end for frame 38
I1014 14:57:17.003083  8381 work_thread.hpp:81]  [T-Work-Detect_0] Run work: WrokTrack
I1014 14:57:17.003108  8381 work_track.cpp:82] Frame: 38 build input_characts: [0.270312 x 0.625 from (0.448438, 0.355556)], 0.999622, 0
I1014 14:57:17.003165  8381 work_track.cpp:102] Succeeded to set track lock for frame 38
I1014 14:57:17.003206  8381 work_track.cpp:116] Succeeded to release track lock for frame 38
I1014 14:57:17.003221  8381 work_track.cpp:120] Track results of frame 38: 1 objects input, 1 objects tracked!
I1014 14:57:17.003240  8381 work_track.cpp:148] Frame: 38, track bbox: [173 x 225 from (285.748, 129.13)], gid: 0, lid: 0
I1014 14:57:17.003278  8381 work_thread.hpp:87]  [T-Work-Detect_0] Frame :38 split
I1014 14:57:17.003294  8381 work_thread.hpp:120]  [T-Work-Detect_0] Valid piece: gid = 0
I1014 14:57:17.003312  8381 work_thread.hpp:91]  [T-Work-Detect_0] Push to split queue:recog
I1014 14:57:17.003361  8383 work_thread.hpp:81]  [T-Work-Recog_1] Run work: WorkCapture
I1014 14:57:17.003371  8384 thread_intergrate.hpp:78] [T-Intergrate-intergrate] queue: frame output frame :38
I1014 14:57:17.003396  8384 thread_intergrate.hpp:85] [T-Intergrate-intergrate] queue: compare output face:0
I1014 14:57:17.003414  8384 thread_intergrate.hpp:144] T-Intergrate-intergrate set matched face: 0
I1014 14:57:17.003952  8383 work_thread.hpp:81]  [T-Work-Recog_1] Run work: WorkRecog
I1014 14:57:17.003983  8383 work_recog.hpp:89] Face id: 0 will run recog: bbox [173 x 225 from (287, 128)] quality: 0.48148
I1014 14:57:17.004015  8383 work_recog.hpp:96] Recog pair: [248 x 280 from (248, 80)], [173 x 225 from (39, 48)]
I1014 14:57:17.013175  8384 thread_intergrate.hpp:164] T-Intergrate-intergrate Show face :0, size :640 * 360
I1014 14:57:17.013986  8380 demo_inner.hpp:435] thread [SORT-0]  frame id 38 sorting queue size 0   FPS: 29.6237
I1014 14:57:17.021550  8383 work_thread.hpp:81]  [T-Work-Recog_1] Run work: WorkCompare
I1014 14:57:17.021981  8383 work_compare.cpp:76] Compare face: 0 successed, similarity :0.996908, name : images/ThangLMb.jpg, normal size : 1548 * 1719!
I1014 14:57:17.031754  8378 demo_inner.hpp:177] decode queue size 0
I1014 14:57:17.031872  8381 work_thread.hpp:81]  [T-Work-Detect_0] Run work: WorkDetect
I1014 14:57:17.031910  8381 work_detect.cpp:102] Succeeded to add det start for frame 39
I1014 14:57:17.038834  8381 work_detect.cpp:70] Frame :39 detect result :1 face(s)
W1014 14:57:17.038874  8381 work_detect.cpp:83] Invalid bbox: [174 x 208 from (296, 153)]
I1014 14:57:17.038949  8381 work_detect.cpp:120] Succeeded to add det end for frame 39
I1014 14:57:17.038965  8381 work_thread.hpp:81]  [T-Work-Detect_0] Run work: WrokTrack
I1014 14:57:17.038993  8381 work_track.cpp:102] Succeeded to set track lock for frame 39
I1014 14:57:17.039026  8381 work_track.cpp:116] Succeeded to release track lock for frame 39
I1014 14:57:17.039041  8381 work_track.cpp:120] Track results of frame 39: 0 objects input, 1 objects tracked!
I1014 14:57:17.039057  8381 work_track.cpp:148] Frame: 39, track bbox: [173 x 225 from (285.92, 129.585)], gid: 0, lid: -1
I1014 14:57:17.039109  8381 work_thread.hpp:87]  [T-Work-Detect_0] Frame :39 split
I1014 14:57:17.039153  8384 thread_intergrate.hpp:78] [T-Intergrate-intergrate] queue: frame output frame :39
I1014 14:57:17.039182  8384 thread_intergrate.hpp:85] [T-Intergrate-intergrate] queue: compare output face:0
I1014 14:57:17.039201  8384 thread_intergrate.hpp:144] T-Intergrate-intergrate set matched face: 0
I1014 14:57:17.040938  8384 thread_intergrate.hpp:164] T-Intergrate-intergrate Show face :0, size :640 * 360
I1014 14:57:17.041560  8380 demo_inner.hpp:435] thread [SORT-0]  frame id 39 sorting queue size 1   FPS: 29.7572
I1014 14:57:17.061862  8378 demo_inner.hpp:177] decode queue size 0
I1014 14:57:17.061965  8381 work_thread.hpp:81]  [T-Work-Detect_0] Run work: WorkDetect
I1014 14:57:17.062000  8381 work_detect.cpp:102] Succeeded to add det start for frame 40
I1014 14:57:17.068842  8381 work_detect.cpp:70] Frame :40 detect result :1 face(s)
I1014 14:57:17.068876  8381 work_detect.cpp:86] Detected bbox: [170 x 222 from (286, 131)]
I1014 14:57:17.068922  8381 work_detect.cpp:120] Succeeded to add det end for frame 40
I1014 14:57:17.068938  8381 work_thread.hpp:81]  [T-Work-Detect_0] Run work: WrokTrack
I1014 14:57:17.068961  8381 work_track.cpp:82] Frame: 40 build input_characts: [0.265625 x 0.616667 from (0.446875, 0.363889)], 1.00019, 0
I1014 14:57:17.069016  8381 work_track.cpp:102] Succeeded to set track lock for frame 40
I1014 14:57:17.069057  8381 work_track.cpp:116] Succeeded to release track lock for frame 40
I1014 14:57:17.069072  8381 work_track.cpp:120] Track results of frame 40: 1 objects input, 1 objects tracked!
I1014 14:57:17.069090  8381 work_track.cpp:148] Frame: 40, track bbox: [170 x 222 from (286.777, 131.233)], gid: 0, lid: 0
I1014 14:57:17.069128  8381 work_thread.hpp:87]  [T-Work-Detect_0] Frame :40 split
I1014 14:57:17.069145  8381 work_thread.hpp:120]  [T-Work-Detect_0] Valid piece: gid = 0
I1014 14:57:17.069164  8381 work_thread.hpp:91]  [T-Work-Detect_0] Push to split queue:recog
I1014 14:57:17.069214  8383 work_thread.hpp:81]  [T-Work-Recog_1] Run work: WorkCapture
I1014 14:57:17.069226  8384 thread_intergrate.hpp:78] [T-Intergrate-intergrate] queue: frame output frame :40
I1014 14:57:17.069762  8383 work_thread.hpp:81]  [T-Work-Recog_1] Run work: WorkRecog
I1014 14:57:17.069787  8383 work_recog.hpp:89] Face id: 0 will run recog: bbox [170 x 222 from (286, 131)] quality: 0.480454
I1014 14:57:17.069814  8383 work_recog.hpp:96] Recog pair: [248 x 280 from (248, 80)], [170 x 222 from (38, 51)]
I1014 14:57:17.078593  8384 thread_intergrate.hpp:164] T-Intergrate-intergrate Show face :0, size :640 * 360
I1014 14:57:17.079368  8380 demo_inner.hpp:435] thread [SORT-0]  frame id 40 sorting queue size 2   FPS: 29.6578
I1014 14:57:17.087391  8383 work_thread.hpp:81]  [T-Work-Recog_1] Run work: WorkCompare
I1014 14:57:17.087821  8383 work_compare.cpp:76] Compare face: 0 successed, similarity :0.99578, name : images/ThangLMb.jpg, normal size : 1548 * 1719!
I1014 14:57:17.093083  8379 demo_inner.hpp:260]  gui queue size 2, state = running
I1014 14:57:17.097738  8378 demo_inner.hpp:177] decode queue size 0
I1014 14:57:17.097851  8381 work_thread.hpp:81]  [T-Work-Detect_0] Run work: WorkDetect
I1014 14:57:17.097887  8381 work_detect.cpp:102] Succeeded to add det start for frame 41
I1014 14:57:17.104809  8381 work_detect.cpp:70] Frame :41 detect result :1 face(s)
I1014 14:57:17.104861  8381 work_detect.cpp:86] Detected bbox: [179 x 223 from (294, 131)]
I1014 14:57:17.104903  8381 work_detect.cpp:120] Succeeded to add det end for frame 41
I1014 14:57:17.104920  8381 work_thread.hpp:81]  [T-Work-Detect_0] Run work: WrokTrack
I1014 14:57:17.104945  8381 work_track.cpp:82] Frame: 41 build input_characts: [0.279687 x 0.619444 from (0.459375, 0.363889)], 0.999622, 0
I1014 14:57:17.105000  8381 work_track.cpp:102] Succeeded to set track lock for frame 41
I1014 14:57:17.105041  8381 work_track.cpp:116] Succeeded to release track lock for frame 41
I1014 14:57:17.105056  8381 work_track.cpp:120] Track results of frame 41: 1 objects input, 1 objects tracked!
I1014 14:57:17.105073  8381 work_track.cpp:148] Frame: 41, track bbox: [179 x 223 from (288.619, 130.538)], gid: 0, lid: 0
I1014 14:57:17.105109  8381 work_thread.hpp:87]  [T-Work-Detect_0] Frame :41 split
I1014 14:57:17.105127  8381 work_thread.hpp:120]  [T-Work-Detect_0] Valid piece: gid = 0
I1014 14:57:17.105145  8381 work_thread.hpp:91]  [T-Work-Detect_0] Push to split queue:recog
I1014 14:57:17.105195  8382 work_thread.hpp:81]  [T-Work-Recog_0] Run work: WorkCapture
I1014 14:57:17.105206  8384 thread_intergrate.hpp:78] [T-Intergrate-intergrate] queue: frame output frame :41
I1014 14:57:17.105312  8384 thread_intergrate.hpp:85] [T-Intergrate-intergrate] queue: compare output face:0
I1014 14:57:17.105331  8384 thread_intergrate.hpp:144] T-Intergrate-intergrate set matched face: 0
I1014 14:57:17.105921  8382 work_thread.hpp:81]  [T-Work-Recog_0] Run work: WorkRecog
I1014 14:57:17.105957  8382 work_recog.hpp:89] Face id: 0 will run recog: bbox [179 x 223 from (294, 131)] quality: 0.471312
I1014 14:57:17.105991  8382 work_recog.hpp:96] Recog pair: [256 x 280 from (256, 80)], [179 x 223 from (38, 51)]
I1014 14:57:17.115017  8384 thread_intergrate.hpp:164] T-Intergrate-intergrate Show face :0, size :640 * 360
I1014 14:57:17.115797  8380 demo_inner.hpp:435] thread [SORT-0]  frame id 41 sorting queue size 0   FPS: 29.6077
I1014 14:57:17.124403  8382 work_thread.hpp:81]  [T-Work-Recog_0] Run work: WorkCompare
I1014 14:57:17.124918  8382 work_compare.cpp:76] Compare face: 0 successed, similarity :0.993543, name : images/ThangLMb.jpg, normal size : 1548 * 1719!
I1014 14:57:17.128011  8378 demo_inner.hpp:177] decode queue size 0
I1014 14:57:17.128118  8381 work_thread.hpp:81]  [T-Work-Detect_0] Run work: WorkDetect
I1014 14:57:17.128177  8381 work_detect.cpp:102] Succeeded to add det start for frame 42
I1014 14:57:17.135038  8381 work_detect.cpp:70] Frame :42 detect result :1 face(s)
I1014 14:57:17.135082  8381 work_detect.cpp:86] Detected bbox: [170 x 228 from (287, 123)]
I1014 14:57:17.135125  8381 work_detect.cpp:120] Succeeded to add det end for frame 42
I1014 14:57:17.135141  8381 work_thread.hpp:81]  [T-Work-Detect_0] Run work: WrokTrack
I1014 14:57:17.135166  8381 work_track.cpp:82] Frame: 42 build input_characts: [0.265625 x 0.633333 from (0.448438, 0.341667)], 1.00019, 0
I1014 14:57:17.135221  8381 work_track.cpp:102] Succeeded to set track lock for frame 42
I1014 14:57:17.135262  8381 work_track.cpp:116] Succeeded to release track lock for frame 42
I1014 14:57:17.135277  8381 work_track.cpp:120] Track results of frame 42: 1 objects input, 1 objects tracked!
I1014 14:57:17.135294  8381 work_track.cpp:148] Frame: 42, track bbox: [170 x 228 from (291.451, 125.425)], gid: 0, lid: 0
I1014 14:57:17.135329  8381 work_thread.hpp:87]  [T-Work-Detect_0] Frame :42 split
I1014 14:57:17.135347  8381 work_thread.hpp:120]  [T-Work-Detect_0] Valid piece: gid = 0
I1014 14:57:17.135365  8381 work_thread.hpp:91]  [T-Work-Detect_0] Push to split queue:recog
I1014 14:57:17.135411  8383 work_thread.hpp:81]  [T-Work-Recog_1] Run work: WorkCapture
I1014 14:57:17.135423  8384 thread_intergrate.hpp:78] [T-Intergrate-intergrate] queue: frame output frame :42
I1014 14:57:17.135448  8384 thread_intergrate.hpp:85] [T-Intergrate-intergrate] queue: compare output face:0
I1014 14:57:17.135468  8384 thread_intergrate.hpp:144] T-Intergrate-intergrate set matched face: 0
I1014 14:57:17.135999  8383 work_thread.hpp:81]  [T-Work-Recog_1] Run work: WorkRecog
I1014 14:57:17.136026  8383 work_recog.hpp:89] Face id: 0 will run recog: bbox [170 x 228 from (287, 123)] quality: 0.468
I1014 14:57:17.136059  8383 work_recog.hpp:96] Recog pair: [248 x 288 from (248, 72)], [170 x 228 from (39, 51)]
I1014 14:57:17.145301  8384 thread_intergrate.hpp:164] T-Intergrate-intergrate Show face :0, size :640 * 360
I1014 14:57:17.145975  8380 demo_inner.hpp:435] thread [SORT-0]  frame id 42 sorting queue size 1   FPS: 29.6671
I1014 14:57:17.153620  8383 work_thread.hpp:81]  [T-Work-Recog_1] Run work: WorkCompare
I1014 14:57:17.154048  8383 work_compare.cpp:76] Compare face: 0 successed, similarity :0.997409, name : images/ThangLMb.jpg, normal size : 1548 * 1719!
I1014 14:57:17.160351  8379 demo_inner.hpp:260]  gui queue size 1, state = running
I1014 14:57:17.163830  8378 demo_inner.hpp:177] decode queue size 0
I1014 14:57:17.163945  8381 work_thread.hpp:81]  [T-Work-Detect_0] Run work: WorkDetect
I1014 14:57:17.163982  8381 work_detect.cpp:102] Succeeded to add det start for frame 43
I1014 14:57:17.170871  8381 work_detect.cpp:70] Frame :43 detect result :1 face(s)
I1014 14:57:17.170989  8381 work_detect.cpp:86] Detected bbox: [179 x 220 from (293, 130)]
I1014 14:57:17.171033  8381 work_detect.cpp:120] Succeeded to add det end for frame 43
I1014 14:57:17.171049  8381 work_thread.hpp:81]  [T-Work-Detect_0] Run work: WrokTrack
I1014 14:57:17.171075  8381 work_track.cpp:82] Frame: 43 build input_characts: [0.279687 x 0.611111 from (0.457812, 0.361111)], 1.00035, 0
I1014 14:57:17.171129  8381 work_track.cpp:102] Succeeded to set track lock for frame 43
I1014 14:57:17.171169  8381 work_track.cpp:116] Succeeded to release track lock for frame 43
I1014 14:57:17.171185  8381 work_track.cpp:120] Track results of frame 43: 1 objects input, 1 objects tracked!
I1014 14:57:17.171202  8381 work_track.cpp:148] Frame: 43, track bbox: [179 x 220 from (290.169, 129.739)], gid: 0, lid: 0
I1014 14:57:17.171237  8381 work_thread.hpp:87]  [T-Work-Detect_0] Frame :43 split
I1014 14:57:17.171255  8381 work_thread.hpp:120]  [T-Work-Detect_0] Valid piece: gid = 0
I1014 14:57:17.171273  8381 work_thread.hpp:91]  [T-Work-Detect_0] Push to split queue:recog
I1014 14:57:17.171316  8383 work_thread.hpp:81]  [T-Work-Recog_1] Run work: WorkCapture
I1014 14:57:17.171324  8384 thread_intergrate.hpp:78] [T-Intergrate-intergrate] queue: frame output frame :43
I1014 14:57:17.171352  8384 thread_intergrate.hpp:85] [T-Intergrate-intergrate] queue: compare output face:0
I1014 14:57:17.171371  8384 thread_intergrate.hpp:144] T-Intergrate-intergrate set matched face: 0
I1014 14:57:17.171897  8383 work_thread.hpp:81]  [T-Work-Recog_1] Run work: WorkRecog
I1014 14:57:17.171922  8383 work_recog.hpp:89] Face id: 0 will run recog: bbox [179 x 220 from (293, 130)] quality: 0.484722
I1014 14:57:17.171953  8383 work_recog.hpp:96] Recog pair: [256 x 280 from (256, 80)], [179 x 220 from (37, 50)]
I1014 14:57:17.183236  8384 thread_intergrate.hpp:164] T-Intergrate-intergrate Show face :0, size :640 * 360
I1014 14:57:17.183914  8380 demo_inner.hpp:435] thread [SORT-0]  frame id 43 sorting queue size 0   FPS: 29.5775
I1014 14:57:17.189600  8383 work_thread.hpp:81]  [T-Work-Recog_1] Run work: WorkCompare
I1014 14:57:17.190055  8383 work_compare.cpp:76] Compare face: 0 successed, similarity :0.99739, name : images/ThangLMb.jpg, normal size : 1548 * 1719!
I1014 14:57:17.194061  8378 demo_inner.hpp:177] decode queue size 0
I1014 14:57:17.194169  8381 work_thread.hpp:81]  [T-Work-Detect_0] Run work: WorkDetect
I1014 14:57:17.194205  8381 work_detect.cpp:102] Succeeded to add det start for frame 44
I1014 14:57:17.201040  8381 work_detect.cpp:70] Frame :44 detect result :1 face(s)
I1014 14:57:17.201079  8381 work_detect.cpp:86] Detected bbox: [170 x 227 from (287, 124)]
I1014 14:57:17.201122  8381 work_detect.cpp:120] Succeeded to add det end for frame 44
I1014 14:57:17.201138  8381 work_thread.hpp:81]  [T-Work-Detect_0] Run work: WrokTrack
I1014 14:57:17.201161  8381 work_track.cpp:82] Frame: 44 build input_characts: [0.265625 x 0.630556 from (0.448438, 0.344444)], 1.00019, 0
I1014 14:57:17.201216  8381 work_track.cpp:102] Succeeded to set track lock for frame 44
I1014 14:57:17.201256  8381 work_track.cpp:116] Succeeded to release track lock for frame 44
I1014 14:57:17.201272  8381 work_track.cpp:120] Track results of frame 44: 1 objects input, 1 objects tracked!
I1014 14:57:17.201290  8381 work_track.cpp:148] Frame: 44, track bbox: [170 x 227 from (291.913, 124.841)], gid: 0, lid: 0
I1014 14:57:17.201325  8381 work_thread.hpp:87]  [T-Work-Detect_0] Frame :44 split
I1014 14:57:17.201344  8381 work_thread.hpp:120]  [T-Work-Detect_0] Valid piece: gid = 0
I1014 14:57:17.201360  8381 work_thread.hpp:91]  [T-Work-Detect_0] Push to split queue:recog
I1014 14:57:17.201421  8384 thread_intergrate.hpp:78] [T-Intergrate-intergrate] queue: frame output frame :44
I1014 14:57:17.201427  8382 work_thread.hpp:81]  [T-Work-Recog_0] Run work: WorkCapture
I1014 14:57:17.201444  8384 thread_intergrate.hpp:85] [T-Intergrate-intergrate] queue: compare output face:0
I1014 14:57:17.201463  8384 thread_intergrate.hpp:144] T-Intergrate-intergrate set matched face: 0
I1014 14:57:17.202109  8382 work_thread.hpp:81]  [T-Work-Recog_0] Run work: WorkRecog
I1014 14:57:17.202138  8382 work_recog.hpp:89] Face id: 0 will run recog: bbox [170 x 227 from (287, 124)] quality: 0.458304
I1014 14:57:17.202205  8382 work_recog.hpp:96] Recog pair: [248 x 288 from (248, 72)], [170 x 227 from (39, 52)]
I1014 14:57:17.211251  8384 thread_intergrate.hpp:164] T-Intergrate-intergrate Show face :0, size :640 * 360
I1014 14:57:17.212030  8380 demo_inner.hpp:435] thread [SORT-0]  frame id 44 sorting queue size 1   FPS: 29.6961
I1014 14:57:17.220172  8382 work_thread.hpp:81]  [T-Work-Recog_0] Run work: WorkCompare
I1014 14:57:17.220724  8382 work_compare.cpp:76] Compare face: 0 successed, similarity :0.996328, name : images/ThangLMb.jpg, normal size : 1548 * 1719!
I1014 14:57:17.229854  8378 demo_inner.hpp:177] decode queue size 0
I1014 14:57:17.229969  8381 work_thread.hpp:81]  [T-Work-Detect_0] Run work: WorkDetect
I1014 14:57:17.230006  8381 work_detect.cpp:102] Succeeded to add det start for frame 45
I1014 14:57:17.232533  8379 demo_inner.hpp:260]  gui queue size 1, state = running
I1014 14:57:17.237236  8381 work_detect.cpp:70] Frame :45 detect result :1 face(s)
I1014 14:57:17.237288  8381 work_detect.cpp:86] Detected bbox: [168 x 229 from (289, 124)]
I1014 14:57:17.237334  8381 work_detect.cpp:120] Succeeded to add det end for frame 45
I1014 14:57:17.237349  8381 work_thread.hpp:81]  [T-Work-Detect_0] Run work: WrokTrack
I1014 14:57:17.237375  8381 work_track.cpp:82] Frame: 45 build input_characts: [0.2625 x 0.636111 from (0.451562, 0.344444)], 1.00019, 0
I1014 14:57:17.237432  8381 work_track.cpp:102] Succeeded to set track lock for frame 45
I1014 14:57:17.237471  8381 work_track.cpp:116] Succeeded to release track lock for frame 45
I1014 14:57:17.237486  8381 work_track.cpp:120] Track results of frame 45: 1 objects input, 1 objects tracked!
I1014 14:57:17.237504  8381 work_track.cpp:148] Frame: 45, track bbox: [168 x 229 from (290.653, 122.968)], gid: 0, lid: 0
I1014 14:57:17.237540  8381 work_thread.hpp:87]  [T-Work-Detect_0] Frame :45 split
I1014 14:57:17.237558  8381 work_thread.hpp:120]  [T-Work-Detect_0] Valid piece: gid = 0
I1014 14:57:17.237576  8381 work_thread.hpp:91]  [T-Work-Detect_0] Push to split queue:recog
I1014 14:57:17.237638  8383 work_thread.hpp:81]  [T-Work-Recog_1] Run work: WorkCapture
I1014 14:57:17.237655  8384 thread_intergrate.hpp:78] [T-Intergrate-intergrate] queue: frame output frame :45
I1014 14:57:17.237680  8384 thread_intergrate.hpp:85] [T-Intergrate-intergrate] queue: compare output face:0
I1014 14:57:17.237699  8384 thread_intergrate.hpp:144] T-Intergrate-intergrate set matched face: 0
I1014 14:57:17.238240  8383 work_thread.hpp:81]  [T-Work-Recog_1] Run work: WorkRecog
I1014 14:57:17.238270  8383 work_recog.hpp:89] Face id: 0 will run recog: bbox [168 x 229 from (289, 124)] quality: 0.468938
I1014 14:57:17.238304  8383 work_recog.hpp:96] Recog pair: [240 x 288 from (256, 72)], [168 x 229 from (33, 52)]
I1014 14:57:17.247483  8384 thread_intergrate.hpp:164] T-Intergrate-intergrate Show face :0, size :640 * 360
I1014 14:57:17.248242  8380 demo_inner.hpp:435] thread [SORT-0]  frame id 45 sorting queue size 0   FPS: 29.6496
I1014 14:57:17.256057  8383 work_thread.hpp:81]  [T-Work-Recog_1] Run work: WorkCompare
I1014 14:57:17.256521  8383 work_compare.cpp:76] Compare face: 0 successed, similarity :0.997142, name : images/ThangLMb.jpg, normal size : 1548 * 1719!
I1014 14:57:17.265681  8378 demo_inner.hpp:177] decode queue size 0
I1014 14:57:17.265791  8381 work_thread.hpp:81]  [T-Work-Detect_0] Run work: WorkDetect
I1014 14:57:17.265830  8381 work_detect.cpp:102] Succeeded to add det start for frame 46
I1014 14:57:17.272809  8381 work_detect.cpp:70] Frame :46 detect result :1 face(s)
I1014 14:57:17.272857  8381 work_detect.cpp:86] Detected bbox: [180 x 224 from (293, 130)]
I1014 14:57:17.272902  8381 work_detect.cpp:120] Succeeded to add det end for frame 46
I1014 14:57:17.272918  8381 work_thread.hpp:81]  [T-Work-Detect_0] Run work: WrokTrack
I1014 14:57:17.273016  8381 work_track.cpp:82] Frame: 46 build input_characts: [0.28125 x 0.622222 from (0.457812, 0.361111)], 1.00035, 0
I1014 14:57:17.273072  8381 work_track.cpp:102] Succeeded to set track lock for frame 46
I1014 14:57:17.273113  8381 work_track.cpp:116] Succeeded to release track lock for frame 46
I1014 14:57:17.273128  8381 work_track.cpp:120] Track results of frame 46: 1 objects input, 1 objects tracked!
I1014 14:57:17.273145  8381 work_track.cpp:148] Frame: 46, track bbox: [180 x 224 from (286.952, 127.558)], gid: 0, lid: 0
I1014 14:57:17.273181  8381 work_thread.hpp:87]  [T-Work-Detect_0] Frame :46 split
I1014 14:57:17.273198  8381 work_thread.hpp:120]  [T-Work-Detect_0] Valid piece: gid = 0
I1014 14:57:17.273216  8381 work_thread.hpp:91]  [T-Work-Detect_0] Push to split queue:recog
I1014 14:57:17.273262  8383 work_thread.hpp:81]  [T-Work-Recog_1] Run work: WorkCapture
I1014 14:57:17.273269  8384 thread_intergrate.hpp:78] [T-Intergrate-intergrate] queue: frame output frame :46
I1014 14:57:17.273293  8384 thread_intergrate.hpp:85] [T-Intergrate-intergrate] queue: compare output face:0
I1014 14:57:17.273311  8384 thread_intergrate.hpp:144] T-Intergrate-intergrate set matched face: 0
I1014 14:57:17.273852  8383 work_thread.hpp:81]  [T-Work-Recog_1] Run work: WorkRecog
