I1014 14:53:06.019004  8281 work_compare.cpp:76] Compare face: 0 successed, similarity :0.970845, name : images/ThangLMb.jpg, normal size : 1548 * 1719!
I1014 14:53:06.028335  8277 demo_inner.hpp:177] decode queue size 0
I1014 14:53:06.028445  8280 work_thread.hpp:81]  [T-Work-Detect_0] Run work: WorkDetect
I1014 14:53:06.028482  8280 work_detect.cpp:102] Succeeded to add det start for frame 165
I1014 14:53:06.035876  8280 work_detect.cpp:70] Frame :165 detect result :1 face(s)
I1014 14:53:06.035924  8280 work_detect.cpp:86] Detected bbox: [193 x 231 from (205, 118)]
I1014 14:53:06.035969  8280 work_detect.cpp:120] Succeeded to add det end for frame 165
I1014 14:53:06.035984  8280 work_thread.hpp:81]  [T-Work-Detect_0] Run work: WrokTrack
I1014 14:53:06.036010  8280 work_track.cpp:82] Frame: 165 build input_characts: [0.301562 x 0.641667 from (0.320312, 0.327778)], 0.998742, 0
I1014 14:53:06.036064  8280 work_track.cpp:102] Succeeded to set track lock for frame 165
I1014 14:53:06.036104  8280 work_track.cpp:116] Succeeded to release track lock for frame 165
I1014 14:53:06.036119  8280 work_track.cpp:120] Track results of frame 165: 1 objects input, 1 objects tracked!
I1014 14:53:06.036137  8280 work_track.cpp:148] Frame: 165, track bbox: [193 x 231 from (201.771, 119.706)], gid: 0, lid: 0
I1014 14:53:06.036198  8280 work_thread.hpp:87]  [T-Work-Detect_0] Frame :165 split
I1014 14:53:06.036217  8280 work_thread.hpp:120]  [T-Work-Detect_0] Valid piece: gid = 0
I1014 14:53:06.036236  8280 work_thread.hpp:91]  [T-Work-Detect_0] Push to split queue:recog
I1014 14:53:06.036280  8281 work_thread.hpp:81]  [T-Work-Recog_0] Run work: WorkCapture
I1014 14:53:06.036579  8283 thread_intergrate.hpp:78] [T-Intergrate-intergrate] queue: frame output frame :165
I1014 14:53:06.036605  8283 thread_intergrate.hpp:85] [T-Intergrate-intergrate] queue: compare output face:0
I1014 14:53:06.036624  8283 thread_intergrate.hpp:144] T-Intergrate-intergrate set matched face: 0
I1014 14:53:06.036842  8281 work_thread.hpp:81]  [T-Work-Recog_0] Run work: WorkRecog
I1014 14:53:06.036867  8281 work_recog.hpp:89] Face id: 0 will run recog: bbox [193 x 231 from (205, 118)] quality: 0.302432
I1014 14:53:06.036896  8281 work_recog.hpp:96] Recog pair: [280 x 288 from (160, 72)], [193 x 231 from (45, 46)]
I1014 14:53:06.038167  8283 thread_intergrate.hpp:164] T-Intergrate-intergrate Show face :0, size :640 * 360
I1014 14:53:06.038731  8279 demo_inner.hpp:435] thread [SORT-0]  frame id 165 sorting queue size 0   FPS: 28.4515
I1014 14:53:06.054716  8281 work_thread.hpp:81]  [T-Work-Recog_0] Run work: WorkCompare
I1014 14:53:06.055186  8281 work_compare.cpp:76] Compare face: 0 successed, similarity :0.992734, name : images/ThangLMb.jpg, normal size : 1548 * 1719!
I1014 14:53:06.058995  8277 demo_inner.hpp:177] decode queue size 0
I1014 14:53:06.059130  8280 work_thread.hpp:81]  [T-Work-Detect_0] Run work: WorkDetect
I1014 14:53:06.059167  8280 work_detect.cpp:102] Succeeded to add det start for frame 166
I1014 14:53:06.066360  8280 work_detect.cpp:70] Frame :166 detect result :1 face(s)
I1014 14:53:06.066479  8280 work_detect.cpp:86] Detected bbox: [192 x 225 from (206, 120)]
I1014 14:53:06.066524  8280 work_detect.cpp:120] Succeeded to add det end for frame 166
I1014 14:53:06.066541  8280 work_thread.hpp:81]  [T-Work-Detect_0] Run work: WrokTrack
I1014 14:53:06.066565  8280 work_track.cpp:82] Frame: 166 build input_characts: [0.3 x 0.625 from (0.321875, 0.333333)], 0.998681, 0
I1014 14:53:06.066619  8280 work_track.cpp:102] Succeeded to set track lock for frame 166
I1014 14:53:06.066659  8280 work_track.cpp:116] Succeeded to release track lock for frame 166
I1014 14:53:06.066674  8280 work_track.cpp:120] Track results of frame 166: 1 objects input, 1 objects tracked!
I1014 14:53:06.066691  8280 work_track.cpp:148] Frame: 166, track bbox: [192 x 225 from (205.838, 118.286)], gid: 0, lid: 0
I1014 14:53:06.066727  8280 work_thread.hpp:87]  [T-Work-Detect_0] Frame :166 split
I1014 14:53:06.066745  8280 work_thread.hpp:120]  [T-Work-Detect_0] Valid piece: gid = 0
I1014 14:53:06.066763  8280 work_thread.hpp:91]  [T-Work-Detect_0] Push to split queue:recog
I1014 14:53:06.066812  8282 work_thread.hpp:81]  [T-Work-Recog_1] Run work: WorkCapture
I1014 14:53:06.067111  8283 thread_intergrate.hpp:78] [T-Intergrate-intergrate] queue: frame output frame :166
I1014 14:53:06.067137  8283 thread_intergrate.hpp:85] [T-Intergrate-intergrate] queue: compare output face:0
I1014 14:53:06.067157  8283 thread_intergrate.hpp:144] T-Intergrate-intergrate set matched face: 0
I1014 14:53:06.067373  8282 work_thread.hpp:81]  [T-Work-Recog_1] Run work: WorkRecog
I1014 14:53:06.067399  8282 work_recog.hpp:89] Face id: 0 will run recog: bbox [192 x 225 from (206, 120)] quality: 0.286069
I1014 14:53:06.067427  8282 work_recog.hpp:96] Recog pair: [272 x 288 from (168, 72)], [192 x 225 from (38, 48)]
I1014 14:53:06.068729  8283 thread_intergrate.hpp:164] T-Intergrate-intergrate Show face :0, size :640 * 360
I1014 14:53:06.069336  8279 demo_inner.hpp:435] thread [SORT-0]  frame id 166 sorting queue size 1   FPS: 28.5313
I1014 14:53:06.085264  8282 work_thread.hpp:81]  [T-Work-Recog_1] Run work: WorkCompare
I1014 14:53:06.085732  8282 work_compare.cpp:76] Compare face: 0 successed, similarity :0.984653, name : images/ThangLMb.jpg, normal size : 1548 * 1719!
I1014 14:53:06.091032  8278 demo_inner.hpp:260]  gui queue size 1, state = running
I1014 14:53:06.094808  8277 demo_inner.hpp:177] decode queue size 0
I1014 14:53:06.094944  8280 work_thread.hpp:81]  [T-Work-Detect_0] Run work: WorkDetect
I1014 14:53:06.094981  8280 work_detect.cpp:102] Succeeded to add det start for frame 167
I1014 14:53:06.102357  8280 work_detect.cpp:70] Frame :167 detect result :1 face(s)
I1014 14:53:06.102409  8280 work_detect.cpp:86] Detected bbox: [191 x 229 from (207, 116)]
I1014 14:53:06.102453  8280 work_detect.cpp:120] Succeeded to add det end for frame 167
I1014 14:53:06.102469  8280 work_thread.hpp:81]  [T-Work-Detect_0] Run work: WrokTrack
I1014 14:53:06.102494  8280 work_track.cpp:82] Frame: 167 build input_characts: [0.298438 x 0.636111 from (0.323438, 0.322222)], 0.999622, 0
I1014 14:53:06.102550  8280 work_track.cpp:102] Succeeded to set track lock for frame 167
I1014 14:53:06.102588  8280 work_track.cpp:116] Succeeded to release track lock for frame 167
I1014 14:53:06.102603  8280 work_track.cpp:120] Track results of frame 167: 1 objects input, 1 objects tracked!
I1014 14:53:06.102622  8280 work_track.cpp:148] Frame: 167, track bbox: [191 x 229 from (206.529, 117.452)], gid: 0, lid: 0
I1014 14:53:06.102658  8280 work_thread.hpp:87]  [T-Work-Detect_0] Frame :167 split
I1014 14:53:06.102674  8280 work_thread.hpp:120]  [T-Work-Detect_0] Valid piece: gid = 0
I1014 14:53:06.102694  8280 work_thread.hpp:91]  [T-Work-Detect_0] Push to split queue:recog
I1014 14:53:06.102749  8281 work_thread.hpp:81]  [T-Work-Recog_0] Run work: WorkCapture
I1014 14:53:06.103054  8283 thread_intergrate.hpp:78] [T-Intergrate-intergrate] queue: frame output frame :167
I1014 14:53:06.103080  8283 thread_intergrate.hpp:85] [T-Intergrate-intergrate] queue: compare output face:0
I1014 14:53:06.103193  8283 thread_intergrate.hpp:144] T-Intergrate-intergrate set matched face: 0
I1014 14:53:06.103312  8281 work_thread.hpp:81]  [T-Work-Recog_0] Run work: WorkRecog
I1014 14:53:06.103336  8281 work_recog.hpp:89] Face id: 0 will run recog: bbox [191 x 229 from (207, 116)] quality: 0.31818
I1014 14:53:06.103366  8281 work_recog.hpp:96] Recog pair: [272 x 296 from (168, 64)], [191 x 229 from (39, 52)]
I1014 14:53:06.104759  8283 thread_intergrate.hpp:164] T-Intergrate-intergrate Show face :0, size :640 * 360
I1014 14:53:06.105389  8279 demo_inner.hpp:435] thread [SORT-0]  frame id 167 sorting queue size 0   FPS: 28.518
I1014 14:53:06.121050  8281 work_thread.hpp:81]  [T-Work-Recog_0] Run work: WorkCompare
I1014 14:53:06.121520  8281 work_compare.cpp:76] Compare face: 0 successed, similarity :0.970206, name : images/ThangLMb.jpg, normal size : 1548 * 1719!
I1014 14:53:06.124339  8277 demo_inner.hpp:177] decode queue size 0
I1014 14:53:06.124439  8280 work_thread.hpp:81]  [T-Work-Detect_0] Run work: WorkDetect
I1014 14:53:06.124473  8280 work_detect.cpp:102] Succeeded to add det start for frame 168
I1014 14:53:06.131749  8280 work_detect.cpp:70] Frame :168 detect result :1 face(s)
I1014 14:53:06.131801  8280 work_detect.cpp:86] Detected bbox: [190 x 229 from (207, 119)]
I1014 14:53:06.131845  8280 work_detect.cpp:120] Succeeded to add det end for frame 168
I1014 14:53:06.131862  8280 work_thread.hpp:81]  [T-Work-Detect_0] Run work: WrokTrack
I1014 14:53:06.131886  8280 work_track.cpp:82] Frame: 168 build input_characts: [0.296875 x 0.636111 from (0.323438, 0.330556)], 0.998681, 0
I1014 14:53:06.131942  8280 work_track.cpp:102] Succeeded to set track lock for frame 168
I1014 14:53:06.131981  8280 work_track.cpp:116] Succeeded to release track lock for frame 168
I1014 14:53:06.131996  8280 work_track.cpp:120] Track results of frame 168: 1 objects input, 1 objects tracked!
I1014 14:53:06.132014  8280 work_track.cpp:148] Frame: 168, track bbox: [190 x 229 from (206.967, 117.498)], gid: 0, lid: 0
I1014 14:53:06.132051  8280 work_thread.hpp:87]  [T-Work-Detect_0] Frame :168 split
I1014 14:53:06.132068  8280 work_thread.hpp:120]  [T-Work-Detect_0] Valid piece: gid = 0
I1014 14:53:06.132087  8280 work_thread.hpp:91]  [T-Work-Detect_0] Push to split queue:recog
I1014 14:53:06.132133  8282 work_thread.hpp:81]  [T-Work-Recog_1] Run work: WorkCapture
I1014 14:53:06.132463  8283 thread_intergrate.hpp:78] [T-Intergrate-intergrate] queue: frame output frame :168
I1014 14:53:06.132493  8283 thread_intergrate.hpp:85] [T-Intergrate-intergrate] queue: compare output face:0
I1014 14:53:06.132511  8283 thread_intergrate.hpp:144] T-Intergrate-intergrate set matched face: 0
I1014 14:53:06.132721  8282 work_thread.hpp:81]  [T-Work-Recog_1] Run work: WorkRecog
I1014 14:53:06.132745  8282 work_recog.hpp:89] Face id: 0 will run recog: bbox [190 x 229 from (207, 119)] quality: 0.302433
I1014 14:53:06.132774  8282 work_recog.hpp:96] Recog pair: [272 x 288 from (168, 72)], [190 x 229 from (39, 47)]
I1014 14:53:06.134042  8283 thread_intergrate.hpp:164] T-Intergrate-intergrate Show face :0, size :640 * 360
I1014 14:53:06.134625  8279 demo_inner.hpp:435] thread [SORT-0]  frame id 168 sorting queue size 1   FPS: 28.5313
I1014 14:53:06.150573  8282 work_thread.hpp:81]  [T-Work-Recog_1] Run work: WorkCompare
I1014 14:53:06.151033  8282 work_compare.cpp:76] Compare face: 0 successed, similarity :0.981114, name : images/ThangLMb.jpg, normal size : 1548 * 1719!
I1014 14:53:06.152678  8278 demo_inner.hpp:260]  gui queue size 1, state = running
I1014 14:53:06.160784  8277 demo_inner.hpp:177] decode queue size 0
I1014 14:53:06.160929  8280 work_thread.hpp:81]  [T-Work-Detect_0] Run work: WorkDetect
I1014 14:53:06.160965  8280 work_detect.cpp:102] Succeeded to add det start for frame 169
I1014 14:53:06.168258  8280 work_detect.cpp:70] Frame :169 detect result :1 face(s)
I1014 14:53:06.168304  8280 work_detect.cpp:86] Detected bbox: [191 x 232 from (204, 115)]
I1014 14:53:06.168346  8280 work_detect.cpp:120] Succeeded to add det end for frame 169
I1014 14:53:06.168435  8280 work_thread.hpp:81]  [T-Work-Detect_0] Run work: WrokTrack
I1014 14:53:06.168462  8280 work_track.cpp:82] Frame: 169 build input_characts: [0.298438 x 0.644444 from (0.31875, 0.319444)], 1.00035, 0
I1014 14:53:06.168516  8280 work_track.cpp:102] Succeeded to set track lock for frame 169
I1014 14:53:06.168557  8280 work_track.cpp:116] Succeeded to release track lock for frame 169
I1014 14:53:06.168571  8280 work_track.cpp:120] Track results of frame 169: 1 objects input, 1 objects tracked!
I1014 14:53:06.168591  8280 work_track.cpp:148] Frame: 169, track bbox: [191 x 232 from (205.139, 116.803)], gid: 0, lid: 0
I1014 14:53:06.168627  8280 work_thread.hpp:87]  [T-Work-Detect_0] Frame :169 split
I1014 14:53:06.168644  8280 work_thread.hpp:120]  [T-Work-Detect_0] Valid piece: gid = 0
I1014 14:53:06.168663  8280 work_thread.hpp:91]  [T-Work-Detect_0] Push to split queue:recog
I1014 14:53:06.168709  8282 work_thread.hpp:81]  [T-Work-Recog_1] Run work: WorkCapture
I1014 14:53:06.169009  8283 thread_intergrate.hpp:78] [T-Intergrate-intergrate] queue: frame output frame :169
I1014 14:53:06.169036  8283 thread_intergrate.hpp:85] [T-Intergrate-intergrate] queue: compare output face:0
I1014 14:53:06.169055  8283 thread_intergrate.hpp:144] T-Intergrate-intergrate set matched face: 0
I1014 14:53:06.169275  8282 work_thread.hpp:81]  [T-Work-Recog_1] Run work: WorkRecog
I1014 14:53:06.169301  8282 work_recog.hpp:89] Face id: 0 will run recog: bbox [191 x 232 from (204, 115)] quality: 0.318188
I1014 14:53:06.169329  8282 work_recog.hpp:96] Recog pair: [280 x 296 from (160, 64)], [191 x 232 from (44, 51)]
I1014 14:53:06.170583  8283 thread_intergrate.hpp:164] T-Intergrate-intergrate Show face :0, size :640 * 360
I1014 14:53:06.171186  8279 demo_inner.hpp:435] thread [SORT-0]  frame id 169 sorting queue size 0   FPS: 28.5313
I1014 14:53:06.187084  8282 work_thread.hpp:81]  [T-Work-Recog_1] Run work: WorkCompare
I1014 14:53:06.187552  8282 work_compare.cpp:76] Compare face: 0 successed, similarity :0.979318, name : images/ThangLMb.jpg, normal size : 1548 * 1719!
I1014 14:53:06.190496  8277 demo_inner.hpp:177] decode queue size 0
I1014 14:53:06.190573  8280 work_thread.hpp:81]  [T-Work-Detect_0] Run work: WorkDetect
I1014 14:53:06.190610  8280 work_detect.cpp:102] Succeeded to add det start for frame 170
I1014 14:53:06.197841  8280 work_detect.cpp:70] Frame :170 detect result :1 face(s)
I1014 14:53:06.197890  8280 work_detect.cpp:86] Detected bbox: [196 x 230 from (206, 96)]
I1014 14:53:06.197933  8280 work_detect.cpp:120] Succeeded to add det end for frame 170
I1014 14:53:06.197950  8280 work_thread.hpp:81]  [T-Work-Detect_0] Run work: WrokTrack
I1014 14:53:06.197974  8280 work_track.cpp:82] Frame: 170 build input_characts: [0.30625 x 0.638889 from (0.321875, 0.266667)], 0.997596, 0
I1014 14:53:06.198030  8280 work_track.cpp:102] Succeeded to set track lock for frame 170
I1014 14:53:06.198069  8280 work_track.cpp:116] Succeeded to release track lock for frame 170
I1014 14:53:06.198084  8280 work_track.cpp:120] Track results of frame 170: 1 objects input, 1 objects tracked!
I1014 14:53:06.198102  8280 work_track.cpp:148] Frame: 170, track bbox: [196 x 230 from (204.25, 105.542)], gid: 0, lid: 0
I1014 14:53:06.198138  8280 work_thread.hpp:87]  [T-Work-Detect_0] Frame :170 split
I1014 14:53:06.198156  8280 work_thread.hpp:120]  [T-Work-Detect_0] Valid piece: gid = 0
I1014 14:53:06.198174  8280 work_thread.hpp:91]  [T-Work-Detect_0] Push to split queue:recog
I1014 14:53:06.198220  8281 work_thread.hpp:81]  [T-Work-Recog_0] Run work: WorkCapture
I1014 14:53:06.198531  8283 thread_intergrate.hpp:78] [T-Intergrate-intergrate] queue: frame output frame :170
I1014 14:53:06.198559  8283 thread_intergrate.hpp:85] [T-Intergrate-intergrate] queue: compare output face:0
I1014 14:53:06.198578  8283 thread_intergrate.hpp:144] T-Intergrate-intergrate set matched face: 0
I1014 14:53:06.198786  8281 work_thread.hpp:81]  [T-Work-Recog_0] Run work: WorkRecog
I1014 14:53:06.198809  8281 work_recog.hpp:89] Face id: 0 will run recog: bbox [196 x 230 from (206, 96)] quality: 0.269192
I1014 14:53:06.198918  8281 work_recog.hpp:96] Recog pair: [288 x 312 from (160, 48)], [196 x 230 from (46, 48)]
I1014 14:53:06.200080  8283 thread_intergrate.hpp:164] T-Intergrate-intergrate Show face :0, size :640 * 360
I1014 14:53:06.200702  8279 demo_inner.hpp:435] thread [SORT-0]  frame id 170 sorting queue size 1   FPS: 28.5313
I1014 14:53:06.216603  8281 work_thread.hpp:81]  [T-Work-Recog_0] Run work: WorkCompare
I1014 14:53:06.217067  8281 work_compare.cpp:76] Compare face: 0 successed, similarity :0.948127, name : images/ThangLMb.jpg, normal size : 1548 * 1719!
I1014 14:53:06.227100  8277 demo_inner.hpp:177] decode queue size 0
I1014 14:53:06.227241  8280 work_thread.hpp:81]  [T-Work-Detect_0] Run work: WorkDetect
I1014 14:53:06.227277  8280 work_detect.cpp:102] Succeeded to add det start for frame 171
I1014 14:53:06.234570  8280 work_detect.cpp:70] Frame :171 detect result :2 face(s)
I1014 14:53:06.234618  8280 work_detect.cpp:86] Detected bbox: [199 x 237 from (202, 112)]
I1014 14:53:06.234650  8280 work_detect.cpp:86] Detected bbox: [111 x 126 from (265, 195)]
I1014 14:53:06.234681  8280 work_detect.cpp:120] Succeeded to add det end for frame 171
I1014 14:53:06.234699  8280 work_thread.hpp:81]  [T-Work-Detect_0] Run work: WrokTrack
I1014 14:53:06.234722  8280 work_track.cpp:82] Frame: 171 build input_characts: [0.310937 x 0.658333 from (0.315625, 0.311111)], 1.00019, 0
I1014 14:53:06.234776  8280 work_track.cpp:82] Frame: 171 build input_characts: [0.173438 x 0.35 from (0.414062, 0.541667)], 0.972103, 1
I1014 14:53:06.234810  8280 work_track.cpp:102] Succeeded to set track lock for frame 171
I1014 14:53:06.234854  8280 work_track.cpp:116] Succeeded to release track lock for frame 171
I1014 14:53:06.234869  8280 work_track.cpp:120] Track results of frame 171: 2 objects input, 1 objects tracked!
I1014 14:53:06.234886  8280 work_track.cpp:148] Frame: 171, track bbox: [199 x 237 from (202.382, 104.609)], gid: 0, lid: 0
I1014 14:53:06.234921  8280 work_track.cpp:162] Frame: 171 lid: 1 not tracked, will set invalid
I1014 14:53:06.234937  8280 work_thread.hpp:87]  [T-Work-Detect_0] Frame :171 split
I1014 14:53:06.234953  8280 work_thread.hpp:120]  [T-Work-Detect_0] Valid piece: gid = 0
I1014 14:53:06.234972  8280 work_thread.hpp:126]  [T-Work-Detect_0] Invalid piece: lid = 1, drop it
I1014 14:53:06.234987  8280 work_thread.hpp:91]  [T-Work-Detect_0] Push to split queue:recog
I1014 14:53:06.235033  8281 work_thread.hpp:81]  [T-Work-Recog_0] Run work: WorkCapture
I1014 14:53:06.235340  8283 thread_intergrate.hpp:78] [T-Intergrate-intergrate] queue: frame output frame :171
I1014 14:53:06.235368  8283 thread_intergrate.hpp:85] [T-Intergrate-intergrate] queue: compare output face:0
I1014 14:53:06.235388  8283 thread_intergrate.hpp:144] T-Intergrate-intergrate set matched face: 0
I1014 14:53:06.235599  8281 work_thread.hpp:81]  [T-Work-Recog_0] Run work: WorkRecog
I1014 14:53:06.235623  8281 work_recog.hpp:89] Face id: 0 will run recog: bbox [199 x 237 from (202, 112)] quality: 0.333257
I1014 14:53:06.235651  8281 work_recog.hpp:96] Recog pair: [280 x 296 from (160, 64)], [199 x 237 from (42, 48)]
I1014 14:53:06.236938  8283 thread_intergrate.hpp:164] T-Intergrate-intergrate Show face :0, size :640 * 360
I1014 14:53:06.237572  8279 demo_inner.hpp:435] thread [SORT-0]  frame id 171 sorting queue size 2   FPS: 28.5447
I1014 14:53:06.238482  8278 demo_inner.hpp:260]  gui queue size 2, state = running
I1014 14:53:06.253805  8281 work_thread.hpp:81]  [T-Work-Recog_0] Run work: WorkCompare
I1014 14:53:06.254272  8281 work_compare.cpp:76] Compare face: 0 successed, similarity :0.971805, name : images/ThangLMb.jpg, normal size : 1548 * 1719!
I1014 14:53:06.262290  8277 demo_inner.hpp:177] decode queue size 0
I1014 14:53:06.262424  8280 work_thread.hpp:81]  [T-Work-Detect_0] Run work: WorkDetect
I1014 14:53:06.262460  8280 work_detect.cpp:102] Succeeded to add det start for frame 172
I1014 14:53:06.269964  8280 work_detect.cpp:70] Frame :172 detect result :2 face(s)
I1014 14:53:06.270098  8280 work_detect.cpp:86] Detected bbox: [207 x 243 from (191, 90)]
I1014 14:53:06.270133  8280 work_detect.cpp:86] Detected bbox: [99 x 112 from (270, 202)]
I1014 14:53:06.270166  8280 work_detect.cpp:120] Succeeded to add det end for frame 172
I1014 14:53:06.270184  8280 work_thread.hpp:81]  [T-Work-Detect_0] Run work: WrokTrack
I1014 14:53:06.270208  8280 work_track.cpp:82] Frame: 172 build input_characts: [0.323438 x 0.675 from (0.298438, 0.25)], 0.999622, 0
I1014 14:53:06.270259  8280 work_track.cpp:82] Frame: 172 build input_characts: [0.154687 x 0.311111 from (0.421875, 0.561111)], 0.959643, 1
I1014 14:53:06.270293  8280 work_track.cpp:102] Succeeded to set track lock for frame 172
I1014 14:53:06.270339  8280 work_track.cpp:116] Succeeded to release track lock for frame 172
I1014 14:53:06.270354  8280 work_track.cpp:120] Track results of frame 172: 2 objects input, 1 objects tracked!
I1014 14:53:06.270371  8280 work_track.cpp:148] Frame: 172, track bbox: [207 x 243 from (194.536, 94.3258)], gid: 0, lid: 0
I1014 14:53:06.270406  8280 work_track.cpp:162] Frame: 172 lid: 1 not tracked, will set invalid
I1014 14:53:06.270421  8280 work_thread.hpp:87]  [T-Work-Detect_0] Frame :172 split
I1014 14:53:06.270437  8280 work_thread.hpp:120]  [T-Work-Detect_0] Valid piece: gid = 0
I1014 14:53:06.270455  8280 work_thread.hpp:126]  [T-Work-Detect_0] Invalid piece: lid = 1, drop it
I1014 14:53:06.270470  8280 work_thread.hpp:91]  [T-Work-Detect_0] Push to split queue:recog
I1014 14:53:06.270519  8281 work_thread.hpp:81]  [T-Work-Recog_0] Run work: WorkCapture
I1014 14:53:06.270834  8283 thread_intergrate.hpp:78] [T-Intergrate-intergrate] queue: frame output frame :172
I1014 14:53:06.270864  8283 thread_intergrate.hpp:85] [T-Intergrate-intergrate] queue: compare output face:0
I1014 14:53:06.270882  8283 thread_intergrate.hpp:144] T-Intergrate-intergrate set matched face: 0
I1014 14:53:06.271091  8281 work_thread.hpp:81]  [T-Work-Recog_0] Run work: WorkRecog
I1014 14:53:06.271114  8281 work_recog.hpp:89] Face id: 0 will run recog: bbox [207 x 243 from (191, 90)] quality: 0.333247
I1014 14:53:06.271143  8281 work_recog.hpp:96] Recog pair: [296 x 320 from (144, 40)], [207 x 243 from (47, 50)]
I1014 14:53:06.272426  8283 thread_intergrate.hpp:164] T-Intergrate-intergrate Show face :0, size :640 * 360
I1014 14:53:06.273061  8279 demo_inner.hpp:435] thread [SORT-0]  frame id 172 sorting queue size 0   FPS: 28.4781
I1014 14:53:06.288791  8281 work_thread.hpp:81]  [T-Work-Recog_0] Run work: WorkCompare
I1014 14:53:06.289255  8281 work_compare.cpp:76] Compare face: 0 successed, similarity :0.99003, name : images/ThangLMb.jpg, normal size : 1548 * 1719!
I1014 14:53:06.292307  8277 demo_inner.hpp:177] decode queue size 0
I1014 14:53:06.292398  8280 work_thread.hpp:81]  [T-Work-Detect_0] Run work: WorkDetect
I1014 14:53:06.292434  8280 work_detect.cpp:102] Succeeded to add det start for frame 173
I1014 14:53:06.299760  8280 work_detect.cpp:70] Frame :173 detect result :3 face(s)
I1014 14:53:06.299801  8280 work_detect.cpp:86] Detected bbox: [201 x 239 from (194, 88)]
I1014 14:53:06.299834  8280 work_detect.cpp:86] Detected bbox: [96 x 111 from (272, 203)]
I1014 14:53:06.299856  8280 work_detect.cpp:86] Detected bbox: [109 x 131 from (267, 116)]
I1014 14:53:06.299886  8280 work_detect.cpp:120] Succeeded to add det end for frame 173
I1014 14:53:06.299902  8280 work_thread.hpp:81]  [T-Work-Detect_0] Run work: WrokTrack
I1014 14:53:06.299926  8280 work_track.cpp:82] Frame: 173 build input_characts: [0.314063 x 0.663889 from (0.303125, 0.244444)], 0.999622, 0
I1014 14:53:06.299978  8280 work_track.cpp:82] Frame: 173 build input_characts: [0.15 x 0.308333 from (0.425, 0.563889)], 0.959643, 1
I1014 14:53:06.300009  8280 work_track.cpp:82] Frame: 173 build input_characts: [0.170312 x 0.363889 from (0.417188, 0.322222)], 0.928902, 2
I1014 14:53:06.300047  8280 work_track.cpp:102] Succeeded to set track lock for frame 173
I1014 14:53:06.300096  8280 work_track.cpp:116] Succeeded to release track lock for frame 173
I1014 14:53:06.300284  8280 work_track.cpp:120] Track results of frame 173: 3 objects input, 2 objects tracked!
I1014 14:53:06.300305  8280 work_track.cpp:148] Frame: 173, track bbox: [201 x 239 from (194.9, 89.2832)], gid: 0, lid: 0
I1014 14:53:06.300343  8280 work_track.cpp:148] Frame: 173, track bbox: [96 x 111 from (271.739, 202.914)], gid: 3, lid: 1
I1014 14:53:06.300374  8280 work_track.cpp:162] Frame: 173 lid: 2 not tracked, will set invalid
I1014 14:53:06.300390  8280 work_thread.hpp:87]  [T-Work-Detect_0] Frame :173 split
I1014 14:53:06.300406  8280 work_thread.hpp:120]  [T-Work-Detect_0] Valid piece: gid = 0
I1014 14:53:06.300424  8280 work_thread.hpp:120]  [T-Work-Detect_0] Valid piece: gid = 3
I1014 14:53:06.300441  8280 work_thread.hpp:126]  [T-Work-Detect_0] Invalid piece: lid = 2, drop it
I1014 14:53:06.300457  8280 work_thread.hpp:91]  [T-Work-Detect_0] Push to split queue:recog
I1014 14:53:06.300506  8282 work_thread.hpp:81]  [T-Work-Recog_1] Run work: WorkCapture
I1014 14:53:06.300789  8280 work_thread.hpp:91]  [T-Work-Detect_0] Push to split queue:recog
I1014 14:53:06.300832  8281 work_thread.hpp:81]  [T-Work-Recog_0] Run work: WorkCapture
I1014 14:53:06.301105  8282 work_thread.hpp:81]  [T-Work-Recog_1] Run work: WorkRecog
I1014 14:53:06.301126  8282 work_recog.hpp:89] Face id: 0 will run recog: bbox [201 x 239 from (194, 88)] quality: 0.333257
I1014 14:53:06.301153  8282 work_recog.hpp:96] Recog pair: [288 x 320 from (152, 40)], [201 x 239 from (42, 48)]
I1014 14:53:06.301971  8281 work_thread.hpp:81]  [T-Work-Recog_0] Run work: WorkRecog
W1014 14:53:06.301992  8281 work_recog.hpp:118] Face id: 3 has low quality : 0.00933439, no need to recog
I1014 14:53:06.302109  8283 thread_intergrate.hpp:78] [T-Intergrate-intergrate] queue: frame output frame :173
I1014 14:53:06.302114  8281 work_thread.hpp:81]  [T-Work-Recog_0] Run work: WorkCompare
I1014 14:53:06.302137  8283 thread_intergrate.hpp:85] [T-Intergrate-intergrate] queue: compare output face:0
I1014 14:53:06.302157  8283 thread_intergrate.hpp:144] T-Intergrate-intergrate set matched face: 0
I1014 14:53:06.303758  8283 thread_intergrate.hpp:164] T-Intergrate-intergrate Show face :0, size :640 * 360
I1014 14:53:06.304374  8279 demo_inner.hpp:435] thread [SORT-0]  frame id 173 sorting queue size 1   FPS: 28.518
I1014 14:53:06.319031  8282 work_thread.hpp:81]  [T-Work-Recog_1] Run work: WorkCompare
I1014 14:53:06.319494  8282 work_compare.cpp:76] Compare face: 0 successed, similarity :0.977134, name : images/ThangLMb.jpg, normal size : 1548 * 1719!
I1014 14:53:06.326036  8278 demo_inner.hpp:260]  gui queue size 1, state = running
I1014 14:53:06.328620  8277 demo_inner.hpp:177] decode queue size 0
I1014 14:53:06.328964  8280 work_thread.hpp:81]  [T-Work-Detect_0] Run work: WorkDetect
I1014 14:53:06.329005  8280 work_detect.cpp:102] Succeeded to add det start for frame 174
I1014 14:53:06.336735  8280 work_detect.cpp:70] Frame :174 detect result :1 face(s)
I1014 14:53:06.336814  8280 work_detect.cpp:86] Detected bbox: [200 x 236 from (197, 82)]
I1014 14:53:06.336860  8280 work_detect.cpp:120] Succeeded to add det end for frame 174
I1014 14:53:06.336877  8280 work_thread.hpp:81]  [T-Work-Detect_0] Run work: WrokTrack
I1014 14:53:06.336910  8280 work_track.cpp:82] Frame: 174 build input_characts: [0.3125 x 0.655556 from (0.307813, 0.227778)], 0.997596, 0
I1014 14:53:06.336966  8280 work_track.cpp:102] Succeeded to set track lock for frame 174
I1014 14:53:06.337046  8280 work_track.cpp:116] Succeeded to release track lock for frame 174
I1014 14:53:06.337064  8280 work_track.cpp:120] Track results of frame 174: 1 objects input, 2 objects tracked!
I1014 14:53:06.337081  8280 work_track.cpp:148] Frame: 174, track bbox: [200 x 236 from (195.093, 84.1338)], gid: 0, lid: 0
I1014 14:53:06.337116  8280 work_track.cpp:148] Frame: 174, track bbox: [96 x 111 from (271.489, 203.163)], gid: 3, lid: -1
I1014 14:53:06.337155  8280 work_thread.hpp:87]  [T-Work-Detect_0] Frame :174 split
I1014 14:53:06.337174  8280 work_thread.hpp:120]  [T-Work-Detect_0] Valid piece: gid = 0
I1014 14:53:06.337285  8280 work_thread.hpp:91]  [T-Work-Detect_0] Push to split queue:recog
I1014 14:53:06.337332  8282 work_thread.hpp:81]  [T-Work-Recog_1] Run work: WorkCapture
I1014 14:53:06.337338  8283 thread_intergrate.hpp:78] [T-Intergrate-intergrate] queue: frame output frame :174
I1014 14:53:06.337368  8283 thread_intergrate.hpp:85] [T-Intergrate-intergrate] queue: compare output face:0
I1014 14:53:06.337386  8283 thread_intergrate.hpp:144] T-Intergrate-intergrate set matched face: 0
I1014 14:53:06.337924  8282 work_thread.hpp:81]  [T-Work-Recog_1] Run work: WorkRecog
I1014 14:53:06.337949  8282 work_recog.hpp:89] Face id: 0 will run recog: bbox [200 x 236 from (197, 82)] quality: 0.234362
I1014 14:53:06.337982  8282 work_recog.hpp:96] Recog pair: [288 x 328 from (152, 32)], [200 x 236 from (45, 50)]
I1014 14:53:06.338851  8283 thread_intergrate.hpp:164] T-Intergrate-intergrate Show face :0, size :640 * 360
I1014 14:53:06.339408  8279 demo_inner.hpp:435] thread [SORT-0]  frame id 174 sorting queue size 0   FPS: 28.4648
I1014 14:53:06.355748  8282 work_thread.hpp:81]  [T-Work-Recog_1] Run work: WorkCompare
I1014 14:53:06.356235  8282 work_compare.cpp:76] Compare face: 0 successed, similarity :0.944774, name : images/ThangLMb.jpg, normal size : 1548 * 1719!
I1014 14:53:06.358371  8277 demo_inner.hpp:177] decode queue size 0
I1014 14:53:06.358449  8280 work_thread.hpp:81]  [T-Work-Detect_0] Run work: WorkDetect
I1014 14:53:06.358482  8280 work_detect.cpp:102] Succeeded to add det start for frame 175
I1014 14:53:06.365762  8280 work_detect.cpp:70] Frame :175 detect result :2 face(s)
I1014 14:53:06.365815  8280 work_detect.cpp:86] Detected bbox: [203 x 244 from (195, 89)]
I1014 14:53:06.365849  8280 work_detect.cpp:86] Detected bbox: [88 x 100 from (275, 208)]
I1014 14:53:06.365880  8280 work_detect.cpp:120] Succeeded to add det end for frame 175
I1014 14:53:06.365896  8280 work_thread.hpp:81]  [T-Work-Detect_0] Run work: WrokTrack
I1014 14:53:06.365921  8280 work_track.cpp:82] Frame: 175 build input_characts: [0.317187 x 0.677778 from (0.304688, 0.247222)], 1.00035, 0
I1014 14:53:06.365974  8280 work_track.cpp:82] Frame: 175 build input_characts: [0.1375 x 0.277778 from (0.429688, 0.577778)], 0.920305, 1
I1014 14:53:06.366009  8280 work_track.cpp:102] Succeeded to set track lock for frame 175
I1014 14:53:06.366057  8280 work_track.cpp:116] Succeeded to release track lock for frame 175
I1014 14:53:06.366072  8280 work_track.cpp:120] Track results of frame 175: 2 objects input, 2 objects tracked!
I1014 14:53:06.366091  8280 work_track.cpp:148] Frame: 175, track bbox: [203 x 244 from (192.872, 83.1187)], gid: 0, lid: 0
I1014 14:53:06.366124  8280 work_track.cpp:148] Frame: 175, track bbox: [88 x 100 from (275.037, 208.159)], gid: 3, lid: 1
I1014 14:53:06.366156  8280 work_thread.hpp:87]  [T-Work-Detect_0] Frame :175 split
I1014 14:53:06.366173  8280 work_thread.hpp:120]  [T-Work-Detect_0] Valid piece: gid = 0
I1014 14:53:06.366191  8280 work_thread.hpp:120]  [T-Work-Detect_0] Valid piece: gid = 3
I1014 14:53:06.366209  8280 work_thread.hpp:91]  [T-Work-Detect_0] Push to split queue:recog
I1014 14:53:06.366263  8282 work_thread.hpp:81]  [T-Work-Recog_1] Run work: WorkCapture
I1014 14:53:06.366552  8280 work_thread.hpp:91]  [T-Work-Detect_0] Push to split queue:recog
I1014 14:53:06.366596  8281 work_thread.hpp:81]  [T-Work-Recog_0] Run work: WorkCapture
I1014 14:53:06.366861  8282 work_thread.hpp:81]  [T-Work-Recog_1] Run work: WorkRecog
I1014 14:53:06.366883  8282 work_recog.hpp:89] Face id: 0 will run recog: bbox [203 x 244 from (195, 89)] quality: 0.234374
I1014 14:53:06.366910  8282 work_recog.hpp:96] Recog pair: [288 x 320 from (152, 40)], [203 x 244 from (43, 49)]
I1014 14:53:06.367727  8281 work_thread.hpp:81]  [T-Work-Recog_0] Run work: WorkRecog
W1014 14:53:06.367749  8281 work_recog.hpp:118] Face id: 3 has low quality : 0.0105253, no need to recog
I1014 14:53:06.367971  8283 thread_intergrate.hpp:78] [T-Intergrate-intergrate] queue: frame output frame :175
I1014 14:53:06.368132  8281 work_thread.hpp:81]  [T-Work-Recog_0] Run work: WorkCompare
I1014 14:53:06.368141  8283 thread_intergrate.hpp:85] [T-Intergrate-intergrate] queue: compare output face:0
I1014 14:53:06.368233  8283 thread_intergrate.hpp:144] T-Intergrate-intergrate set matched face: 0
I1014 14:53:06.369799  8283 thread_intergrate.hpp:164] T-Intergrate-intergrate Show face :0, size :640 * 360
I1014 14:53:06.370470  8279 demo_inner.hpp:435] thread [SORT-0]  frame id 175 sorting queue size 1   FPS: 28.518
I1014 14:53:06.384872  8282 work_thread.hpp:81]  [T-Work-Recog_1] Run work: WorkCompare
I1014 14:53:06.385334  8282 work_compare.cpp:76] Compare face: 0 successed, similarity :0.9828, name : images/ThangLMb.jpg, normal size : 1548 * 1719!
I1014 14:53:06.394220  8277 demo_inner.hpp:177] decode queue size 0
I1014 14:53:06.394333  8280 work_thread.hpp:81]  [T-Work-Detect_0] Run work: WorkDetect
I1014 14:53:06.394369  8280 work_detect.cpp:102] Succeeded to add det start for frame 176
I1014 14:53:06.398622  8278 demo_inner.hpp:260]  gui queue size 1, state = running
I1014 14:53:06.401612  8280 work_detect.cpp:70] Frame :176 detect result :1 face(s)
I1014 14:53:06.401671  8280 work_detect.cpp:86] Detected bbox: [204 x 237 from (189, 86)]
I1014 14:53:06.401717  8280 work_detect.cpp:120] Succeeded to add det end for frame 176
I1014 14:53:06.401734  8280 work_thread.hpp:81]  [T-Work-Detect_0] Run work: WrokTrack
I1014 14:53:06.401760  8280 work_track.cpp:82] Frame: 176 build input_characts: [0.31875 x 0.658333 from (0.295312, 0.238889)], 0.999622, 0
I1014 14:53:06.401816  8280 work_track.cpp:102] Succeeded to set track lock for frame 176
I1014 14:53:06.401860  8280 work_track.cpp:116] Succeeded to release track lock for frame 176
I1014 14:53:06.401875  8280 work_track.cpp:120] Track results of frame 176: 1 objects input, 2 objects tracked!
I1014 14:53:06.401893  8280 work_track.cpp:148] Frame: 176, track bbox: [204 x 237 from (190.7, 82.4546)], gid: 0, lid: 0
I1014 14:53:06.401927  8280 work_track.cpp:148] Frame: 176, track bbox: [88 x 100 from (274.722, 208.173)], gid: 3, lid: -1
I1014 14:53:06.401960  8280 work_thread.hpp:87]  [T-Work-Detect_0] Frame :176 split
I1014 14:53:06.401978  8280 work_thread.hpp:120]  [T-Work-Detect_0] Valid piece: gid = 0
I1014 14:53:06.401995  8280 work_thread.hpp:91]  [T-Work-Detect_0] Push to split queue:recog
I1014 14:53:06.402050  8282 work_thread.hpp:81]  [T-Work-Recog_1] Run work: WorkCapture
I1014 14:53:06.402060  8283 thread_intergrate.hpp:78] [T-Intergrate-intergrate] queue: frame output frame :176
I1014 14:53:06.402086  8283 thread_intergrate.hpp:85] [T-Intergrate-intergrate] queue: compare output face:0
I1014 14:53:06.402104  8283 thread_intergrate.hpp:144] T-Intergrate-intergrate set matched face: 0
I1014 14:53:06.402645  8282 work_thread.hpp:81]  [T-Work-Recog_1] Run work: WorkRecog
I1014 14:53:06.402670  8282 work_recog.hpp:89] Face id: 0 will run recog: bbox [204 x 237 from (189, 86)] quality: 0.234359
I1014 14:53:06.402699  8282 work_recog.hpp:96] Recog pair: [296 x 328 from (144, 32)], [204 x 237 from (45, 54)]
I1014 14:53:06.403553  8283 thread_intergrate.hpp:164] T-Intergrate-intergrate Show face :0, size :640 * 360
I1014 14:53:06.404136  8279 demo_inner.hpp:435] thread [SORT-0]  frame id 176 sorting queue size 0   FPS: 28.5447
I1014 14:53:06.420222  8282 work_thread.hpp:81]  [T-Work-Recog_1] Run work: WorkCompare
I1014 14:53:06.420689  8282 work_compare.cpp:76] Compare face: 0 successed, similarity :0.958162, name : images/ThangLMb.jpg, normal size : 1548 * 1719!
I1014 14:53:06.424183  8277 demo_inner.hpp:177] decode queue size 0
I1014 14:53:06.424269  8280 work_thread.hpp:81]  [T-Work-Detect_0] Run work: WorkDetect
I1014 14:53:06.424304  8280 work_detect.cpp:102] Succeeded to add det start for frame 177
I1014 14:53:06.431334  8280 work_detect.cpp:70] Frame :177 detect result :1 face(s)
W1014 14:53:06.431385  8280 work_detect.cpp:83] Invalid bbox: [208 x 251 from (172, 114)]
I1014 14:53:06.431524  8280 work_detect.cpp:120] Succeeded to add det end for frame 177
I1014 14:53:06.431542  8280 work_thread.hpp:81]  [T-Work-Detect_0] Run work: WrokTrack
I1014 14:53:06.431622  8280 work_track.cpp:102] Succeeded to set track lock for frame 177
I1014 14:53:06.431665  8280 work_track.cpp:116] Succeeded to release track lock for frame 177
I1014 14:53:06.431680  8280 work_track.cpp:120] Track results of frame 177: 0 objects input, 1 objects tracked!
I1014 14:53:06.431699  8280 work_track.cpp:148] Frame: 177, track bbox: [204 x 237 from (189.447, 78.4999)], gid: 0, lid: -1
I1014 14:53:06.431764  8280 work_thread.hpp:87]  [T-Work-Detect_0] Frame :177 split
I1014 14:53:06.431833  8283 thread_intergrate.hpp:78] [T-Intergrate-intergrate] queue: frame output frame :177
I1014 14:53:06.431859  8283 thread_intergrate.hpp:85] [T-Intergrate-intergrate] queue: compare output face:0
I1014 14:53:06.431879  8283 thread_intergrate.hpp:144] T-Intergrate-intergrate set matched face: 0
I1014 14:53:06.433328  8283 thread_intergrate.hpp:164] T-Intergrate-intergrate Show face :0, size :640 * 360
I1014 14:53:06.433970  8279 demo_inner.hpp:435] thread [SORT-0]  frame id 177 sorting queue size 1   FPS: 28.5848
I1014 14:53:06.459791  8277 demo_inner.hpp:177] decode queue size 0
I1014 14:53:06.459920  8280 work_thread.hpp:81]  [T-Work-Detect_0] Run work: WorkDetect
I1014 14:53:06.459959  8280 work_detect.cpp:102] Succeeded to add det start for frame 178
I1014 14:53:06.467394  8280 work_detect.cpp:70] Frame :178 detect result :1 face(s)
I1014 14:53:06.467448  8280 work_detect.cpp:86] Detected bbox: [193 x 229 from (175, 124)]
I1014 14:53:06.467491  8280 work_detect.cpp:120] Succeeded to add det end for frame 178
I1014 14:53:06.467509  8280 work_thread.hpp:81]  [T-Work-Detect_0] Run work: WrokTrack
I1014 14:53:06.467532  8280 work_track.cpp:82] Frame: 178 build input_characts: [0.301562 x 0.636111 from (0.273438, 0.344444)], 0.997596, 0
I1014 14:53:06.467588  8280 work_track.cpp:102] Succeeded to set track lock for frame 178
I1014 14:53:06.467634  8280 work_track.cpp:116] Succeeded to release track lock for frame 178
I1014 14:53:06.467649  8280 work_track.cpp:120] Track results of frame 178: 1 objects input, 1 objects tracked!
I1014 14:53:06.467667  8280 work_track.cpp:148] Frame: 178, track bbox: [193 x 229 from (182.624, 111.177)], gid: 0, lid: 0
I1014 14:53:06.467703  8280 work_thread.hpp:87]  [T-Work-Detect_0] Frame :178 split
I1014 14:53:06.467720  8280 work_thread.hpp:120]  [T-Work-Detect_0] Valid piece: gid = 0
I1014 14:53:06.467738  8280 work_thread.hpp:91]  [T-Work-Detect_0] Push to split queue:recog
I1014 14:53:06.467792  8281 work_thread.hpp:81]  [T-Work-Recog_0] Run work: WorkCapture
I1014 14:53:06.468099  8283 thread_intergrate.hpp:78] [T-Intergrate-intergrate] queue: frame output frame :178
I1014 14:53:06.468341  8281 work_thread.hpp:81]  [T-Work-Recog_0] Run work: WorkRecog
I1014 14:53:06.468365  8281 work_recog.hpp:89] Face id: 0 will run recog: bbox [193 x 229 from (175, 124)] quality: 0.21669
I1014 14:53:06.468392  8281 work_recog.hpp:96] Recog pair: [272 x 288 from (136, 72)], [193 x 229 from (39, 52)]
I1014 14:53:06.469254  8283 thread_intergrate.hpp:164] T-Intergrate-intergrate Show face :0, size :640 * 360
I1014 14:53:06.469816  8279 demo_inner.hpp:435] thread [SORT-0]  frame id 178 sorting queue size 2   FPS: 28.5581
I1014 14:53:06.486093  8281 work_thread.hpp:81]  [T-Work-Recog_0] Run work: WorkCompare
I1014 14:53:06.486560  8281 work_compare.cpp:76] Compare face: 0 successed, similarity :0.98679, name : images/ThangLMb.jpg, normal size : 1548 * 1719!
I1014 14:53:06.497176  8277 demo_inner.hpp:177] decode queue size 0
I1014 14:53:06.497319  8280 work_thread.hpp:81]  [T-Work-Detect_0] Run work: WorkDetect
I1014 14:53:06.497360  8280 work_detect.cpp:102] Succeeded to add det start for frame 179
I1014 14:53:06.500696  8278 demo_inner.hpp:260]  gui queue size 2, state = running
I1014 14:53:06.505576  8280 work_detect.cpp:70] Frame :179 detect result :1 face(s)
I1014 14:53:06.505633  8280 work_detect.cpp:86] Detected bbox: [212 x 246 from (164, 111)]
I1014 14:53:06.505678  8280 work_detect.cpp:120] Succeeded to add det end for frame 179
I1014 14:53:06.505771  8280 work_thread.hpp:81]  [T-Work-Detect_0] Run work: WrokTrack
I1014 14:53:06.505800  8280 work_track.cpp:82] Frame: 179 build input_characts: [0.33125 x 0.683333 from (0.25625, 0.308333)], 0.998877, 0
I1014 14:53:06.505854  8280 work_track.cpp:102] Succeeded to set track lock for frame 179
I1014 14:53:06.505893  8280 work_track.cpp:116] Succeeded to release track lock for frame 179
I1014 14:53:06.505908  8280 work_track.cpp:120] Track results of frame 179: 1 objects input, 1 objects tracked!
I1014 14:53:06.505926  8280 work_track.cpp:148] Frame: 179, track bbox: [212 x 246 from (164.928, 111.895)], gid: 0, lid: 0
I1014 14:53:06.505962  8280 work_thread.hpp:87]  [T-Work-Detect_0] Frame :179 split
I1014 14:53:06.505980  8280 work_thread.hpp:120]  [T-Work-Detect_0] Valid piece: gid = 0
I1014 14:53:06.505997  8280 work_thread.hpp:91]  [T-Work-Detect_0] Push to split queue:recog
I1014 14:53:06.506059  8281 work_thread.hpp:81]  [T-Work-Recog_0] Run work: WorkCapture
I1014 14:53:06.506384  8283 thread_intergrate.hpp:78] [T-Intergrate-intergrate] queue: frame output frame :179
I1014 14:53:06.506413  8283 thread_intergrate.hpp:85] [T-Intergrate-intergrate] queue: compare output face:0
I1014 14:53:06.506433  8283 thread_intergrate.hpp:144] T-Intergrate-intergrate set matched face: 0
I1014 14:53:06.506636  8281 work_thread.hpp:81]  [T-Work-Recog_0] Run work: WorkRecog
I1014 14:53:06.506659  8281 work_recog.hpp:89] Face id: 0 will run recog: bbox [212 x 246 from (164, 111)] quality: 0.21669
I1014 14:53:06.506687  8281 work_recog.hpp:96] Recog pair: [304 x 304 from (120, 56)], [212 x 246 from (44, 55)]
I1014 14:53:06.507922  8283 thread_intergrate.hpp:164] T-Intergrate-intergrate Show face :0, size :640 * 360
I1014 14:53:06.508566  8279 demo_inner.hpp:435] thread [SORT-0]  frame id 179 sorting queue size 0   FPS: 28.4781
I1014 14:53:06.524598  8281 work_thread.hpp:81]  [T-Work-Recog_0] Run work: WorkCompare
I1014 14:53:06.525070  8281 work_compare.cpp:76] Compare face: 0 successed, similarity :0.981987, name : images/ThangLMb.jpg, normal size : 1548 * 1719!
I1014 14:53:06.526455  8277 demo_inner.hpp:177] decode queue size 0
I1014 14:53:06.526549  8280 work_thread.hpp:81]  [T-Work-Detect_0] Run work: WorkDetect
I1014 14:53:06.526583  8280 work_detect.cpp:102] Succeeded to add det start for frame 180
I1014 14:53:06.533695  8280 work_detect.cpp:70] Frame :180 detect result :1 face(s)
W1014 14:53:06.533747  8280 work_detect.cpp:83] Invalid bbox: [210 x 248 from (163, 116)]
I1014 14:53:06.533875  8280 work_detect.cpp:120] Succeeded to add det end for frame 180
I1014 14:53:06.533893  8280 work_thread.hpp:81]  [T-Work-Detect_0] Run work: WrokTrack
I1014 14:53:06.533922  8280 work_track.cpp:102] Succeeded to set track lock for frame 180
I1014 14:53:06.533955  8280 work_track.cpp:116] Succeeded to release track lock for frame 180
I1014 14:53:06.533969  8280 work_track.cpp:120] Track results of frame 180: 0 objects input, 1 objects tracked!
I1014 14:53:06.533987  8280 work_track.cpp:148] Frame: 180, track bbox: [212 x 242.104 from (159.938, 117.896)], gid: 0, lid: -1
I1014 14:53:06.534039  8280 work_thread.hpp:87]  [T-Work-Detect_0] Frame :180 split
I1014 14:53:06.534090  8283 thread_intergrate.hpp:78] [T-Intergrate-intergrate] queue: frame output frame :180
I1014 14:53:06.534118  8283 thread_intergrate.hpp:85] [T-Intergrate-intergrate] queue: compare output face:0
I1014 14:53:06.534138  8283 thread_intergrate.hpp:144] T-Intergrate-intergrate set matched face: 0
I1014 14:53:06.535507  8283 thread_intergrate.hpp:164] T-Intergrate-intergrate Show face :0, size :640 * 360
I1014 14:53:06.536114  8279 demo_inner.hpp:435] thread [SORT-0]  frame id 180 sorting queue size 1   FPS: 28.5848
I1014 14:53:06.565878  8278 demo_inner.hpp:260]  gui queue size 1, state = running
I1014 14:53:06.567996  8277 demo_inner.hpp:177] decode queue size 0
I1014 14:53:06.568238  8280 work_thread.hpp:81]  [T-Work-Detect_0] Run work: WorkDetect
I1014 14:53:06.568276  8280 work_detect.cpp:102] Succeeded to add det start for frame 181
I1014 14:53:06.575325  8280 work_detect.cpp:70] Frame :181 detect result :1 face(s)
W1014 14:53:06.575448  8280 work_detect.cpp:83] Invalid bbox: [221 x 255 from (158, 108)]
I1014 14:53:06.575546  8280 work_detect.cpp:120] Succeeded to add det end for frame 181
I1014 14:53:06.575563  8280 work_thread.hpp:81]  [T-Work-Detect_0] Run work: WrokTrack
I1014 14:53:06.575590  8280 work_track.cpp:102] Succeeded to set track lock for frame 181
I1014 14:53:06.575623  8280 work_track.cpp:116] Succeeded to release track lock for frame 181
I1014 14:53:06.575636  8280 work_track.cpp:120] Track results of frame 181: 0 objects input, 0 objects tracked!
I1014 14:53:06.575655  8280 work_thread.hpp:87]  [T-Work-Detect_0] Frame :181 split
I1014 14:53:06.575698  8283 thread_intergrate.hpp:78] [T-Intergrate-intergrate] queue: frame output frame :181
I1014 14:53:06.576786  8283 thread_intergrate.hpp:164] T-Intergrate-intergrate Show face :0, size :640 * 360
I1014 14:53:06.577322  8279 demo_inner.hpp:435] thread [SORT-0]  frame id 181 sorting queue size 0   FPS: 28.425
I1014 14:53:06.609956  8277 demo_inner.hpp:177] decode queue size 0
I1014 14:53:06.610126  8280 work_thread.hpp:81]  [T-Work-Detect_0] Run work: WorkDetect
I1014 14:53:06.610162  8280 work_detect.cpp:102] Succeeded to add det start for frame 182
I1014 14:53:06.617462  8280 work_detect.cpp:70] Frame :182 detect result :2 face(s)
W1014 14:53:06.617511  8280 work_detect.cpp:83] Invalid bbox: [213 x 248 from (135, 139)]
I1014 14:53:06.617597  8280 work_detect.cpp:86] Detected bbox: [129 x 149 from (193, 112)]
I1014 14:53:06.617642  8280 work_detect.cpp:120] Succeeded to add det end for frame 182
I1014 14:53:06.617658  8280 work_thread.hpp:81]  [T-Work-Detect_0] Run work: WrokTrack
I1014 14:53:06.617682  8280 work_track.cpp:82] Frame: 182 build input_characts: [0.201562 x 0.413889 from (0.301562, 0.311111)], 0.915552, 0
I1014 14:53:06.617736  8280 work_track.cpp:102] Succeeded to set track lock for frame 182
I1014 14:53:06.617775  8280 work_track.cpp:116] Succeeded to release track lock for frame 182
I1014 14:53:06.617790  8280 work_track.cpp:120] Track results of frame 182: 1 objects input, 0 objects tracked!
I1014 14:53:06.617807  8280 work_track.cpp:162] Frame: 182 lid: 1 not tracked, will set invalid
I1014 14:53:06.617822  8280 work_thread.hpp:87]  [T-Work-Detect_0] Frame :182 split
I1014 14:53:06.617839  8280 work_thread.hpp:126]  [T-Work-Detect_0] Invalid piece: lid = 1, drop it
I1014 14:53:06.617877  8283 thread_intergrate.hpp:78] [T-Intergrate-intergrate] queue: frame output frame :182
I1014 14:53:06.618965  8283 thread_intergrate.hpp:164] T-Intergrate-intergrate Show face :0, size :640 * 360
I1014 14:53:06.619482  8279 demo_inner.hpp:435] thread [SORT-0]  frame id 182 sorting queue size 1   FPS: 28.3721
I1014 14:53:06.638350  8278 demo_inner.hpp:260]  gui queue size 1, state = running
I1014 14:53:06.651865  8277 demo_inner.hpp:177] decode queue size 0
I1014 14:53:06.651983  8280 work_thread.hpp:81]  [T-Work-Detect_0] Run work: WorkDetect
I1014 14:53:06.652019  8280 work_detect.cpp:102] Succeeded to add det start for frame 183
I1014 14:53:06.659415  8280 work_detect.cpp:70] Frame :183 detect result :2 face(s)
W1014 14:53:06.659466  8280 work_detect.cpp:83] Invalid bbox: [211 x 244 from (133, 138)]
I1014 14:53:06.659551  8280 work_detect.cpp:86] Detected bbox: [132 x 152 from (192, 110)]
I1014 14:53:06.659595  8280 work_detect.cpp:120] Succeeded to add det end for frame 183
I1014 14:53:06.659611  8280 work_thread.hpp:81]  [T-Work-Detect_0] Run work: WrokTrack
I1014 14:53:06.659636  8280 work_track.cpp:82] Frame: 183 build input_characts: [0.20625 x 0.422222 from (0.3, 0.305556)], 0.905209, 0
I1014 14:53:06.659689  8280 work_track.cpp:102] Succeeded to set track lock for frame 183
I1014 14:53:06.659729  8280 work_track.cpp:116] Succeeded to release track lock for frame 183
I1014 14:53:06.659742  8280 work_track.cpp:120] Track results of frame 183: 1 objects input, 0 objects tracked!
I1014 14:53:06.659759  8280 work_track.cpp:162] Frame: 183 lid: 1 not tracked, will set invalid
I1014 14:53:06.659775  8280 work_thread.hpp:87]  [T-Work-Detect_0] Frame :183 split
I1014 14:53:06.659837  8280 work_thread.hpp:126]  [T-Work-Detect_0] Invalid piece: lid = 1, drop it
I1014 14:53:06.659878  8283 thread_intergrate.hpp:78] [T-Intergrate-intergrate] queue: frame output frame :183
I1014 14:53:06.660972  8283 thread_intergrate.hpp:164] T-Intergrate-intergrate Show face :0, size :640 * 360
I1014 14:53:06.661547  8279 demo_inner.hpp:435] thread [SORT-0]  frame id 183 sorting queue size 0   FPS: 28.2538
I1014 14:53:06.688091  8277 demo_inner.hpp:177] decode queue size 0
I1014 14:53:06.688246  8280 work_thread.hpp:81]  [T-Work-Detect_0] Run work: WorkDetect
I1014 14:53:06.688282  8280 work_detect.cpp:102] Succeeded to add det start for frame 184
I1014 14:53:06.695547  8280 work_detect.cpp:70] Frame :184 detect result :2 face(s)
W1014 14:53:06.695593  8280 work_detect.cpp:83] Invalid bbox: [213 x 246 from (132, 143)]
I1014 14:53:06.695683  8280 work_detect.cpp:86] Detected bbox: [94 x 111 from (241, 233)]
I1014 14:53:06.695725  8280 work_detect.cpp:120] Succeeded to add det end for frame 184
I1014 14:53:06.695741  8280 work_thread.hpp:81]  [T-Work-Detect_0] Run work: WrokTrack
I1014 14:53:06.695765  8280 work_track.cpp:82] Frame: 184 build input_characts: [0.146875 x 0.308333 from (0.376563, 0.647222)], 0.920305, 0
I1014 14:53:06.695821  8280 work_track.cpp:102] Succeeded to set track lock for frame 184
I1014 14:53:06.695861  8280 work_track.cpp:116] Succeeded to release track lock for frame 184
I1014 14:53:06.695875  8280 work_track.cpp:120] Track results of frame 184: 1 objects input, 0 objects tracked!
I1014 14:53:06.695894  8280 work_track.cpp:162] Frame: 184 lid: 1 not tracked, will set invalid
I1014 14:53:06.695909  8280 work_thread.hpp:87]  [T-Work-Detect_0] Frame :184 split
I1014 14:53:06.695925  8280 work_thread.hpp:126]  [T-Work-Detect_0] Invalid piece: lid = 1, drop it
