I1014 12:24:37.996275  6061 work_thread.hpp:120]  [T-Work-Detect_0] Valid piece: gid = 4
I1014 12:24:37.996292  6061 work_thread.hpp:120]  [T-Work-Detect_0] Valid piece: gid = 5
I1014 12:24:37.996309  6061 work_thread.hpp:92]  [T-Work-Detect_0] Push to split queue:recog
I1014 12:24:37.996335  6061 work_thread.hpp:92]  [T-Work-Detect_0] Push to split queue:recog
I1014 12:24:37.996348  6063 work_thread.hpp:81]  [T-Work-Recog_1] Run work: WorkCapture
I1014 12:24:37.996379  6064 thread_intergrate.hpp:78] [T-Intergrate-intergrate] queue: frame output frame :170
I1014 12:24:37.996381  6062 work_thread.hpp:81]  [T-Work-Recog_0] Run work: WorkCapture
I1014 12:24:37.996812  6063 work_thread.hpp:81]  [T-Work-Recog_1] Run work: WorkRecog
W1014 12:24:37.996835  6063 work_recog.hpp:118] Face id: 4 has low quality : 0.00574785, no need to recog
I1014 12:24:37.997012  6062 work_thread.hpp:81]  [T-Work-Recog_0] Run work: WorkRecog
I1014 12:24:37.997094  6063 work_thread.hpp:81]  [T-Work-Recog_1] Run work: WorkCompare
W1014 12:24:37.997107  6062 work_recog.hpp:118] Face id: 5 has low quality : 0.0504615, no need to recog
I1014 12:24:37.997156  6062 work_thread.hpp:81]  [T-Work-Recog_0] Run work: WorkCompare
I1014 12:24:37.997933  6060 demo_inner.hpp:435] thread [SORT-0]  frame id 170 sorting queue size 0   FPS: 28.5581
I1014 12:24:38.024828  6058 demo_inner.hpp:177] decode queue size 0
I1014 12:24:38.024933  6061 work_thread.hpp:81]  [T-Work-Detect_0] Run work: WorkDetect
I1014 12:24:38.024969  6061 work_detect.cpp:102] Succeeded to add det start for frame 171
I1014 12:24:38.031625  6061 work_detect.cpp:70] Frame :171 detect result :2 face(s)
W1014 12:24:38.031672  6061 work_detect.cpp:83] Invalid bbox: [139 x 173 from (281, 208)]
I1014 12:24:38.031797  6061 work_detect.cpp:86] Detected bbox: [53 x 55 from (144, 160)]
I1014 12:24:38.031843  6061 work_detect.cpp:120] Succeeded to add det end for frame 171
I1014 12:24:38.031862  6061 work_thread.hpp:81]  [T-Work-Detect_0] Run work: WrokTrack
I1014 12:24:38.031885  6061 work_track.cpp:82] Frame: 171 build input_characts: [0.0828125 x 0.152778 from (0.225, 0.444444)], 0.932491, 0
I1014 12:24:38.031942  6061 work_track.cpp:102] Succeeded to set track lock for frame 171
I1014 12:24:38.031985  6061 work_track.cpp:116] Succeeded to release track lock for frame 171
I1014 12:24:38.032001  6061 work_track.cpp:120] Track results of frame 171: 1 objects input, 2 objects tracked!
I1014 12:24:38.032019  6061 work_track.cpp:148] Frame: 171, track bbox: [20 x 26 from (453.425, 73.2029)], gid: 4, lid: -1
I1014 12:24:38.032053  6061 work_track.cpp:148] Frame: 171, track bbox: [53 x 55 from (143.752, 160.802)], gid: 5, lid: 0
I1014 12:24:38.032085  6061 work_thread.hpp:88]  [T-Work-Detect_0] Frame :171 split
I1014 12:24:38.032147  6061 work_thread.hpp:120]  [T-Work-Detect_0] Valid piece: gid = 5
I1014 12:24:38.032191  6061 work_thread.hpp:92]  [T-Work-Detect_0] Push to split queue:recog
I1014 12:24:38.032235  6063 work_thread.hpp:81]  [T-Work-Recog_1] Run work: WorkCapture
I1014 12:24:38.032238  6064 thread_intergrate.hpp:78] [T-Intergrate-intergrate] queue: frame output frame :171
I1014 12:24:38.032732  6063 work_thread.hpp:81]  [T-Work-Recog_1] Run work: WorkRecog
W1014 12:24:38.032752  6063 work_recog.hpp:118] Face id: 5 has low quality : 0.0504652, no need to recog
I1014 12:24:38.032827  6063 work_thread.hpp:81]  [T-Work-Recog_1] Run work: WorkCompare
I1014 12:24:38.033785  6060 demo_inner.hpp:435] thread [SORT-0]  frame id 171 sorting queue size 1   FPS: 28.5581
I1014 12:24:38.037876  6059 demo_inner.hpp:260]  gui queue size 1, state = running
I1014 12:24:38.060794  6058 demo_inner.hpp:177] decode queue size 0
I1014 12:24:38.060904  6061 work_thread.hpp:81]  [T-Work-Detect_0] Run work: WorkDetect
I1014 12:24:38.060942  6061 work_detect.cpp:102] Succeeded to add det start for frame 172
I1014 12:24:38.067683  6061 work_detect.cpp:70] Frame :172 detect result :2 face(s)
W1014 12:24:38.067735  6061 work_detect.cpp:83] Invalid bbox: [137 x 175 from (283, 206)]
I1014 12:24:38.067822  6061 work_detect.cpp:86] Detected bbox: [18 x 24 from (456, 73)]
I1014 12:24:38.067865  6061 work_detect.cpp:120] Succeeded to add det end for frame 172
I1014 12:24:38.067883  6061 work_thread.hpp:81]  [T-Work-Detect_0] Run work: WrokTrack
I1014 12:24:38.067905  6061 work_track.cpp:82] Frame: 172 build input_characts: [0.028125 x 0.0666667 from (0.7125, 0.202778)], 0.938558, 0
I1014 12:24:38.067962  6061 work_track.cpp:102] Succeeded to set track lock for frame 172
I1014 12:24:38.068006  6061 work_track.cpp:116] Succeeded to release track lock for frame 172
I1014 12:24:38.068022  6061 work_track.cpp:120] Track results of frame 172: 1 objects input, 2 objects tracked!
I1014 12:24:38.068038  6061 work_track.cpp:148] Frame: 172, track bbox: [18 x 24 from (456.043, 73.3212)], gid: 4, lid: 0
I1014 12:24:38.068073  6061 work_track.cpp:148] Frame: 172, track bbox: [53 x 55 from (144.003, 161.252)], gid: 5, lid: -1
I1014 12:24:38.068106  6061 work_thread.hpp:88]  [T-Work-Detect_0] Frame :172 split
I1014 12:24:38.068123  6061 work_thread.hpp:120]  [T-Work-Detect_0] Valid piece: gid = 4
I1014 12:24:38.068141  6061 work_thread.hpp:92]  [T-Work-Detect_0] Push to split queue:recog
I1014 12:24:38.068202  6063 work_thread.hpp:81]  [T-Work-Recog_1] Run work: WorkCapture
I1014 12:24:38.068204  6064 thread_intergrate.hpp:78] [T-Intergrate-intergrate] queue: frame output frame :172
I1014 12:24:38.068645  6063 work_thread.hpp:81]  [T-Work-Recog_1] Run work: WorkRecog
W1014 12:24:38.068665  6063 work_recog.hpp:118] Face id: 4 has low quality : 0.00574745, no need to recog
I1014 12:24:38.068720  6063 work_thread.hpp:81]  [T-Work-Recog_1] Run work: WorkCompare
I1014 12:24:38.069722  6060 demo_inner.hpp:435] thread [SORT-0]  frame id 172 sorting queue size 0   FPS: 28.4914
I1014 12:24:38.091322  6058 demo_inner.hpp:177] decode queue size 0
I1014 12:24:38.091440  6061 work_thread.hpp:81]  [T-Work-Detect_0] Run work: WorkDetect
I1014 12:24:38.091477  6061 work_detect.cpp:102] Succeeded to add det start for frame 173
I1014 12:24:38.097972  6061 work_detect.cpp:70] Frame :173 detect result :3 face(s)
W1014 12:24:38.098016  6061 work_detect.cpp:83] Invalid bbox: [141 x 178 from (280, 204)]
I1014 12:24:38.098122  6061 work_detect.cpp:86] Detected bbox: [53 x 54 from (143, 159)]
I1014 12:24:38.098156  6061 work_detect.cpp:86] Detected bbox: [15 x 23 from (460, 73)]
I1014 12:24:38.098186  6061 work_detect.cpp:120] Succeeded to add det end for frame 173
I1014 12:24:38.098202  6061 work_thread.hpp:81]  [T-Work-Detect_0] Run work: WrokTrack
I1014 12:24:38.098225  6061 work_track.cpp:82] Frame: 173 build input_characts: [0.0828125 x 0.15 from (0.223438, 0.441667)], 0.938558, 0
I1014 12:24:38.098279  6061 work_track.cpp:82] Frame: 173 build input_characts: [0.0234375 x 0.0638889 from (0.71875, 0.202778)], 0.901423, 1
I1014 12:24:38.098362  6061 work_track.cpp:102] Succeeded to set track lock for frame 173
I1014 12:24:38.098410  6061 work_track.cpp:116] Succeeded to release track lock for frame 173
I1014 12:24:38.098425  6061 work_track.cpp:120] Track results of frame 173: 2 objects input, 2 objects tracked!
I1014 12:24:38.098444  6061 work_track.cpp:148] Frame: 173, track bbox: [15 x 23 from (459.376, 73.1215)], gid: 4, lid: 1
I1014 12:24:38.098479  6061 work_track.cpp:148] Frame: 173, track bbox: [53 x 54 from (143.339, 159.864)], gid: 5, lid: 0
I1014 12:24:38.098513  6061 work_thread.hpp:88]  [T-Work-Detect_0] Frame :173 split
I1014 12:24:38.098531  6061 work_thread.hpp:120]  [T-Work-Detect_0] Valid piece: gid = 5
I1014 12:24:38.098549  6061 work_thread.hpp:120]  [T-Work-Detect_0] Valid piece: gid = 4
I1014 12:24:38.098567  6061 work_thread.hpp:92]  [T-Work-Detect_0] Push to split queue:recog
I1014 12:24:38.098593  6061 work_thread.hpp:92]  [T-Work-Detect_0] Push to split queue:recog
I1014 12:24:38.098608  6063 work_thread.hpp:81]  [T-Work-Recog_1] Run work: WorkCapture
I1014 12:24:38.098631  6062 work_thread.hpp:81]  [T-Work-Recog_0] Run work: WorkCapture
I1014 12:24:38.098639  6064 thread_intergrate.hpp:78] [T-Intergrate-intergrate] queue: frame output frame :173
I1014 12:24:38.099272  6063 work_thread.hpp:81]  [T-Work-Recog_1] Run work: WorkRecog
I1014 12:24:38.099272  6062 work_thread.hpp:81]  [T-Work-Recog_0] Run work: WorkRecog
W1014 12:24:38.099299  6063 work_recog.hpp:118] Face id: 5 has low quality : 0.045611, no need to recog
W1014 12:24:38.099309  6062 work_recog.hpp:118] Face id: 4 has low quality : 0.00397763, no need to recog
I1014 12:24:38.099403  6063 work_thread.hpp:81]  [T-Work-Recog_1] Run work: WorkCompare
I1014 12:24:38.099433  6062 work_thread.hpp:81]  [T-Work-Recog_0] Run work: WorkCompare
I1014 12:24:38.100219  6060 demo_inner.hpp:435] thread [SORT-0]  frame id 173 sorting queue size 1   FPS: 28.5581
I1014 12:24:38.115733  6059 demo_inner.hpp:260]  gui queue size 1, state = running
I1014 12:24:38.127001  6058 demo_inner.hpp:177] decode queue size 0
I1014 12:24:38.127113  6061 work_thread.hpp:81]  [T-Work-Detect_0] Run work: WorkDetect
I1014 12:24:38.127151  6061 work_detect.cpp:102] Succeeded to add det start for frame 174
I1014 12:24:38.133788  6061 work_detect.cpp:70] Frame :174 detect result :3 face(s)
W1014 12:24:38.133841  6061 work_detect.cpp:83] Invalid bbox: [141 x 172 from (280, 209)]
I1014 12:24:38.133925  6061 work_detect.cpp:86] Detected bbox: [54 x 54 from (143, 160)]
I1014 12:24:38.133958  6061 work_detect.cpp:86] Detected bbox: [15 x 25 from (462, 72)]
I1014 12:24:38.133989  6061 work_detect.cpp:120] Succeeded to add det end for frame 174
I1014 12:24:38.134004  6061 work_thread.hpp:81]  [T-Work-Detect_0] Run work: WrokTrack
I1014 12:24:38.134028  6061 work_track.cpp:82] Frame: 174 build input_characts: [0.084375 x 0.15 from (0.223438, 0.444444)], 0.915779, 0
I1014 12:24:38.134083  6061 work_track.cpp:82] Frame: 174 build input_characts: [0.0234375 x 0.0694444 from (0.721875, 0.2)], 0.908423, 1
I1014 12:24:38.134119  6061 work_track.cpp:102] Succeeded to set track lock for frame 174
I1014 12:24:38.134162  6061 work_track.cpp:116] Succeeded to release track lock for frame 174
I1014 12:24:38.134176  6061 work_track.cpp:120] Track results of frame 174: 2 objects input, 2 objects tracked!
I1014 12:24:38.134194  6061 work_track.cpp:148] Frame: 174, track bbox: [15 x 25 from (461.671, 71.708)], gid: 4, lid: 1
I1014 12:24:38.134227  6061 work_track.cpp:148] Frame: 174, track bbox: [54 x 54 from (142.932, 159.867)], gid: 5, lid: 0
I1014 12:24:38.134260  6061 work_thread.hpp:88]  [T-Work-Detect_0] Frame :174 split
I1014 12:24:38.134277  6061 work_thread.hpp:120]  [T-Work-Detect_0] Valid piece: gid = 5
I1014 12:24:38.134294  6061 work_thread.hpp:120]  [T-Work-Detect_0] Valid piece: gid = 4
I1014 12:24:38.134311  6061 work_thread.hpp:92]  [T-Work-Detect_0] Push to split queue:recog
I1014 12:24:38.134338  6061 work_thread.hpp:92]  [T-Work-Detect_0] Push to split queue:recog
I1014 12:24:38.134358  6062 work_thread.hpp:81]  [T-Work-Recog_0] Run work: WorkCapture
I1014 12:24:38.134418  6063 work_thread.hpp:81]  [T-Work-Recog_1] Run work: WorkCapture
I1014 12:24:38.134424  6064 thread_intergrate.hpp:78] [T-Intergrate-intergrate] queue: frame output frame :174
I1014 12:24:38.134898  6063 work_thread.hpp:81]  [T-Work-Recog_1] Run work: WorkRecog
W1014 12:24:38.134922  6063 work_recog.hpp:118] Face id: 4 has low quality : 0.00733152, no need to recog
I1014 12:24:38.134990  6062 work_thread.hpp:81]  [T-Work-Recog_0] Run work: WorkRecog
I1014 12:24:38.135004  6063 work_thread.hpp:81]  [T-Work-Recog_1] Run work: WorkCompare
W1014 12:24:38.135016  6062 work_recog.hpp:118] Face id: 5 has low quality : 0.0612807, no need to recog
I1014 12:24:38.135067  6062 work_thread.hpp:81]  [T-Work-Recog_0] Run work: WorkCompare
I1014 12:24:38.135973  6060 demo_inner.hpp:435] thread [SORT-0]  frame id 174 sorting queue size 0   FPS: 28.4781
I1014 12:24:38.156910  6058 demo_inner.hpp:177] decode queue size 0
I1014 12:24:38.157007  6061 work_thread.hpp:81]  [T-Work-Detect_0] Run work: WorkDetect
I1014 12:24:38.157040  6061 work_detect.cpp:102] Succeeded to add det start for frame 175
I1014 12:24:38.163535  6061 work_detect.cpp:70] Frame :175 detect result :2 face(s)
W1014 12:24:38.163578  6061 work_detect.cpp:83] Invalid bbox: [139 x 171 from (281, 210)]
I1014 12:24:38.163664  6061 work_detect.cpp:86] Detected bbox: [55 x 57 from (142, 159)]
I1014 12:24:38.163707  6061 work_detect.cpp:120] Succeeded to add det end for frame 175
I1014 12:24:38.163724  6061 work_thread.hpp:81]  [T-Work-Detect_0] Run work: WrokTrack
I1014 12:24:38.163746  6061 work_track.cpp:82] Frame: 175 build input_characts: [0.0859375 x 0.158333 from (0.221875, 0.441667)], 0.947697, 0
I1014 12:24:38.163803  6061 work_track.cpp:102] Succeeded to set track lock for frame 175
I1014 12:24:38.163846  6061 work_track.cpp:116] Succeeded to release track lock for frame 175
I1014 12:24:38.163861  6061 work_track.cpp:120] Track results of frame 175: 1 objects input, 2 objects tracked!
I1014 12:24:38.163879  6061 work_track.cpp:148] Frame: 175, track bbox: [15 x 25 from (463.404, 71.3329)], gid: 4, lid: -1
I1014 12:24:38.163913  6061 work_track.cpp:148] Frame: 175, track bbox: [55 x 57 from (142.172, 158.326)], gid: 5, lid: 0
I1014 12:24:38.163944  6061 work_thread.hpp:88]  [T-Work-Detect_0] Frame :175 split
I1014 12:24:38.163961  6061 work_thread.hpp:120]  [T-Work-Detect_0] Valid piece: gid = 5
I1014 12:24:38.163980  6061 work_thread.hpp:92]  [T-Work-Detect_0] Push to split queue:recog
I1014 12:24:38.164026  6063 work_thread.hpp:81]  [T-Work-Recog_1] Run work: WorkCapture
I1014 12:24:38.164036  6064 thread_intergrate.hpp:78] [T-Intergrate-intergrate] queue: frame output frame :175
I1014 12:24:38.164546  6063 work_thread.hpp:81]  [T-Work-Recog_1] Run work: WorkRecog
W1014 12:24:38.164567  6063 work_recog.hpp:118] Face id: 5 has low quality : 0.0411346, no need to recog
I1014 12:24:38.164624  6063 work_thread.hpp:81]  [T-Work-Recog_1] Run work: WorkCompare
I1014 12:24:38.165521  6060 demo_inner.hpp:435] thread [SORT-0]  frame id 175 sorting queue size 1   FPS: 28.5714
I1014 12:24:38.193198  6058 demo_inner.hpp:177] decode queue size 0
I1014 12:24:38.193325  6061 work_thread.hpp:81]  [T-Work-Detect_0] Run work: WorkDetect
I1014 12:24:38.193364  6061 work_detect.cpp:102] Succeeded to add det start for frame 176
I1014 12:24:38.199204  6059 demo_inner.hpp:260]  gui queue size 1, state = running
I1014 12:24:38.202003  6061 work_detect.cpp:70] Frame :176 detect result :3 face(s)
W1014 12:24:38.202065  6061 work_detect.cpp:83] Invalid bbox: [139 x 167 from (281, 212)]
I1014 12:24:38.202160  6061 work_detect.cpp:86] Detected bbox: [52 x 52 from (142, 160)]
I1014 12:24:38.202220  6061 work_detect.cpp:86] Detected bbox: [17 x 25 from (465, 74)]
I1014 12:24:38.202255  6061 work_detect.cpp:120] Succeeded to add det end for frame 176
I1014 12:24:38.202270  6061 work_thread.hpp:81]  [T-Work-Detect_0] Run work: WrokTrack
I1014 12:24:38.202296  6061 work_track.cpp:82] Frame: 176 build input_characts: [0.08125 x 0.144444 from (0.221875, 0.444444)], 0.923714, 0
I1014 12:24:38.202405  6061 work_track.cpp:82] Frame: 176 build input_characts: [0.0265625 x 0.0694444 from (0.726562, 0.205556)], 0.901423, 1
I1014 12:24:38.202466  6061 work_track.cpp:102] Succeeded to set track lock for frame 176
I1014 12:24:38.202512  6061 work_track.cpp:116] Succeeded to release track lock for frame 176
I1014 12:24:38.202527  6061 work_track.cpp:120] Track results of frame 176: 2 objects input, 2 objects tracked!
I1014 12:24:38.202545  6061 work_track.cpp:148] Frame: 176, track bbox: [17 x 25 from (464.677, 72.8622)], gid: 4, lid: 1
I1014 12:24:38.202579  6061 work_track.cpp:148] Frame: 176, track bbox: [52 x 52 from (142.866, 160.197)], gid: 5, lid: 0
I1014 12:24:38.202620  6061 work_thread.hpp:88]  [T-Work-Detect_0] Frame :176 split
I1014 12:24:38.202637  6061 work_thread.hpp:120]  [T-Work-Detect_0] Valid piece: gid = 5
I1014 12:24:38.202656  6061 work_thread.hpp:120]  [T-Work-Detect_0] Valid piece: gid = 4
I1014 12:24:38.202672  6061 work_thread.hpp:92]  [T-Work-Detect_0] Push to split queue:recog
I1014 12:24:38.202728  6061 work_thread.hpp:92]  [T-Work-Detect_0] Push to split queue:recog
I1014 12:24:38.202749  6063 work_thread.hpp:81]  [T-Work-Recog_1] Run work: WorkCapture
I1014 12:24:38.202775  6062 work_thread.hpp:81]  [T-Work-Recog_0] Run work: WorkCapture
I1014 12:24:38.203002  6064 thread_intergrate.hpp:78] [T-Intergrate-intergrate] queue: frame output frame :176
I1014 12:24:38.203336  6062 work_thread.hpp:81]  [T-Work-Recog_0] Run work: WorkRecog
I1014 12:24:38.203336  6063 work_thread.hpp:81]  [T-Work-Recog_1] Run work: WorkRecog
W1014 12:24:38.203358  6062 work_recog.hpp:118] Face id: 4 has low quality : 0.00397809, no need to recog
W1014 12:24:38.203368  6063 work_recog.hpp:118] Face id: 5 has low quality : 0.0370148, no need to recog
I1014 12:24:38.203415  6062 work_thread.hpp:81]  [T-Work-Recog_0] Run work: WorkCompare
I1014 12:24:38.203442  6063 work_thread.hpp:81]  [T-Work-Recog_1] Run work: WorkCompare
I1014 12:24:38.204653  6060 demo_inner.hpp:435] thread [SORT-0]  frame id 176 sorting queue size 0   FPS: 28.5313
I1014 12:24:38.222870  6058 demo_inner.hpp:177] decode queue size 0
I1014 12:24:38.222988  6061 work_thread.hpp:81]  [T-Work-Detect_0] Run work: WorkDetect
I1014 12:24:38.223034  6061 work_detect.cpp:102] Succeeded to add det start for frame 177
I1014 12:24:38.230535  6061 work_detect.cpp:70] Frame :177 detect result :3 face(s)
W1014 12:24:38.230587  6061 work_detect.cpp:83] Invalid bbox: [140 x 166 from (280, 212)]
I1014 12:24:38.230693  6061 work_detect.cpp:86] Detected bbox: [18 x 26 from (467, 74)]
I1014 12:24:38.230728  6061 work_detect.cpp:86] Detected bbox: [54 x 55 from (142, 160)]
I1014 12:24:38.230768  6061 work_detect.cpp:120] Succeeded to add det end for frame 177
I1014 12:24:38.230784  6061 work_thread.hpp:81]  [T-Work-Detect_0] Run work: WrokTrack
I1014 12:24:38.230808  6061 work_track.cpp:82] Frame: 177 build input_characts: [0.028125 x 0.0722222 from (0.729688, 0.205556)], 0.923714, 0
I1014 12:24:38.230862  6061 work_track.cpp:82] Frame: 177 build input_characts: [0.084375 x 0.152778 from (0.221875, 0.444444)], 0.915779, 1
I1014 12:24:38.230973  6061 work_track.cpp:102] Succeeded to set track lock for frame 177
I1014 12:24:38.231026  6061 work_track.cpp:116] Succeeded to release track lock for frame 177
I1014 12:24:38.231042  6061 work_track.cpp:120] Track results of frame 177: 2 objects input, 2 objects tracked!
I1014 12:24:38.231060  6061 work_track.cpp:148] Frame: 177, track bbox: [18 x 26 from (466.642, 73.4527)], gid: 4, lid: 0
I1014 12:24:38.231093  6061 work_track.cpp:148] Frame: 177, track bbox: [54 x 55 from (141.576, 159.376)], gid: 5, lid: 1
I1014 12:24:38.231153  6061 work_thread.hpp:88]  [T-Work-Detect_0] Frame :177 split
I1014 12:24:38.231173  6061 work_thread.hpp:120]  [T-Work-Detect_0] Valid piece: gid = 4
I1014 12:24:38.231190  6061 work_thread.hpp:120]  [T-Work-Detect_0] Valid piece: gid = 5
I1014 12:24:38.231207  6061 work_thread.hpp:92]  [T-Work-Detect_0] Push to split queue:recog
I1014 12:24:38.231292  6061 work_thread.hpp:92]  [T-Work-Detect_0] Push to split queue:recog
I1014 12:24:38.231310  6063 work_thread.hpp:81]  [T-Work-Recog_1] Run work: WorkCapture
I1014 12:24:38.231336  6062 work_thread.hpp:81]  [T-Work-Recog_0] Run work: WorkCapture
I1014 12:24:38.231740  6064 thread_intergrate.hpp:78] [T-Intergrate-intergrate] queue: frame output frame :177
I1014 12:24:38.231876  6063 work_thread.hpp:81]  [T-Work-Recog_1] Run work: WorkRecog
W1014 12:24:38.231899  6063 work_recog.hpp:118] Face id: 4 has low quality : 0.00574647, no need to recog
I1014 12:24:38.231986  6063 work_thread.hpp:81]  [T-Work-Recog_1] Run work: WorkCompare
I1014 12:24:38.231995  6062 work_thread.hpp:81]  [T-Work-Recog_0] Run work: WorkRecog
W1014 12:24:38.232017  6062 work_recog.hpp:118] Face id: 5 has low quality : 0.0504615, no need to recog
I1014 12:24:38.232060  6062 work_thread.hpp:81]  [T-Work-Recog_0] Run work: WorkCompare
I1014 12:24:38.233361  6060 demo_inner.hpp:435] thread [SORT-0]  frame id 177 sorting queue size 1   FPS: 28.5447
I1014 12:24:38.259241  6058 demo_inner.hpp:177] decode queue size 0
I1014 12:24:38.259372  6061 work_thread.hpp:81]  [T-Work-Detect_0] Run work: WorkDetect
I1014 12:24:38.259409  6061 work_detect.cpp:102] Succeeded to add det start for frame 178
I1014 12:24:38.266959  6061 work_detect.cpp:70] Frame :178 detect result :3 face(s)
W1014 12:24:38.267009  6061 work_detect.cpp:83] Invalid bbox: [138 x 171 from (277, 208)]
I1014 12:24:38.267141  6061 work_detect.cpp:86] Detected bbox: [57 x 57 from (141, 158)]
I1014 12:24:38.267175  6061 work_detect.cpp:86] Detected bbox: [18 x 25 from (471, 75)]
I1014 12:24:38.267215  6061 work_detect.cpp:120] Succeeded to add det end for frame 178
I1014 12:24:38.267231  6061 work_thread.hpp:81]  [T-Work-Detect_0] Run work: WrokTrack
I1014 12:24:38.267256  6061 work_track.cpp:82] Frame: 178 build input_characts: [0.0890625 x 0.158333 from (0.220313, 0.438889)], 0.959737, 0
I1014 12:24:38.267347  6061 work_track.cpp:82] Frame: 178 build input_characts: [0.028125 x 0.0694444 from (0.735937, 0.208333)], 0.951921, 1
I1014 12:24:38.267383  6061 work_track.cpp:102] Succeeded to set track lock for frame 178
I1014 12:24:38.267436  6061 work_track.cpp:116] Succeeded to release track lock for frame 178
I1014 12:24:38.267452  6061 work_track.cpp:120] Track results of frame 178: 2 objects input, 2 objects tracked!
I1014 12:24:38.267469  6061 work_track.cpp:148] Frame: 178, track bbox: [18 x 25 from (469.966, 74.8815)], gid: 4, lid: 1
I1014 12:24:38.267503  6061 work_track.cpp:148] Frame: 178, track bbox: [57 x 57 from (140.427, 158.427)], gid: 5, lid: 0
I1014 12:24:38.267658  6061 work_thread.hpp:88]  [T-Work-Detect_0] Frame :178 split
I1014 12:24:38.267684  6061 work_thread.hpp:120]  [T-Work-Detect_0] Valid piece: gid = 5
I1014 12:24:38.267704  6061 work_thread.hpp:120]  [T-Work-Detect_0] Valid piece: gid = 4
I1014 12:24:38.267720  6061 work_thread.hpp:92]  [T-Work-Detect_0] Push to split queue:recog
I1014 12:24:38.267746  6061 work_thread.hpp:92]  [T-Work-Detect_0] Push to split queue:recog
I1014 12:24:38.267799  6063 work_thread.hpp:81]  [T-Work-Recog_1] Run work: WorkCapture
I1014 12:24:38.267814  6062 work_thread.hpp:81]  [T-Work-Recog_0] Run work: WorkCapture
I1014 12:24:38.268018  6064 thread_intergrate.hpp:78] [T-Intergrate-intergrate] queue: frame output frame :178
I1014 12:24:38.268324  6062 work_thread.hpp:81]  [T-Work-Recog_0] Run work: WorkRecog
I1014 12:24:38.268327  6063 work_thread.hpp:81]  [T-Work-Recog_1] Run work: WorkRecog
W1014 12:24:38.268345  6062 work_recog.hpp:118] Face id: 4 has low quality : 0.00649208, no need to recog
W1014 12:24:38.268348  6063 work_recog.hpp:118] Face id: 5 has low quality : 0.0411324, no need to recog
I1014 12:24:38.268417  6062 work_thread.hpp:81]  [T-Work-Recog_0] Run work: WorkCompare
I1014 12:24:38.268438  6063 work_thread.hpp:81]  [T-Work-Recog_1] Run work: WorkCompare
I1014 12:24:38.269593  6060 demo_inner.hpp:435] thread [SORT-0]  frame id 178 sorting queue size 2   FPS: 28.5447
I1014 12:24:38.283001  6059 demo_inner.hpp:260]  gui queue size 2, state = running
I1014 12:24:38.294852  6058 demo_inner.hpp:177] decode queue size 0
I1014 12:24:38.294968  6061 work_thread.hpp:81]  [T-Work-Detect_0] Run work: WorkDetect
I1014 12:24:38.295029  6061 work_detect.cpp:102] Succeeded to add det start for frame 179
I1014 12:24:38.302433  6061 work_detect.cpp:70] Frame :179 detect result :3 face(s)
W1014 12:24:38.302508  6061 work_detect.cpp:83] Invalid bbox: [138 x 165 from (281, 214)]
I1014 12:24:38.302609  6061 work_detect.cpp:86] Detected bbox: [55 x 58 from (142, 158)]
I1014 12:24:38.302651  6061 work_detect.cpp:86] Detected bbox: [18 x 22 from (474, 78)]
I1014 12:24:38.302683  6061 work_detect.cpp:120] Succeeded to add det end for frame 179
I1014 12:24:38.302700  6061 work_thread.hpp:81]  [T-Work-Detect_0] Run work: WrokTrack
I1014 12:24:38.302722  6061 work_track.cpp:82] Frame: 179 build input_characts: [0.0859375 x 0.161111 from (0.221875, 0.438889)], 0.959737, 0
I1014 12:24:38.302800  6061 work_track.cpp:82] Frame: 179 build input_characts: [0.028125 x 0.0611111 from (0.740625, 0.216667)], 0.923714, 1
I1014 12:24:38.302835  6061 work_track.cpp:102] Succeeded to set track lock for frame 179
I1014 12:24:38.302938  6061 work_track.cpp:116] Succeeded to release track lock for frame 179
I1014 12:24:38.302954  6061 work_track.cpp:120] Track results of frame 179: 2 objects input, 2 objects tracked!
I1014 12:24:38.302994  6061 work_track.cpp:148] Frame: 179, track bbox: [18 x 22 from (473.134, 77.611)], gid: 4, lid: 1
I1014 12:24:38.303030  6061 work_track.cpp:148] Frame: 179, track bbox: [55 x 58 from (141.64, 157.807)], gid: 5, lid: 0
I1014 12:24:38.303063  6061 work_thread.hpp:88]  [T-Work-Detect_0] Frame :179 split
I1014 12:24:38.303081  6061 work_thread.hpp:120]  [T-Work-Detect_0] Valid piece: gid = 5
I1014 12:24:38.303098  6061 work_thread.hpp:120]  [T-Work-Detect_0] Valid piece: gid = 4
I1014 12:24:38.303123  6061 work_thread.hpp:92]  [T-Work-Detect_0] Push to split queue:recog
I1014 12:24:38.303150  6061 work_thread.hpp:92]  [T-Work-Detect_0] Push to split queue:recog
I1014 12:24:38.303165  6063 work_thread.hpp:81]  [T-Work-Recog_1] Run work: WorkCapture
I1014 12:24:38.303190  6062 work_thread.hpp:81]  [T-Work-Recog_0] Run work: WorkCapture
I1014 12:24:38.303402  6064 thread_intergrate.hpp:78] [T-Intergrate-intergrate] queue: frame output frame :179
I1014 12:24:38.303855  6062 work_thread.hpp:81]  [T-Work-Recog_0] Run work: WorkRecog
I1014 12:24:38.303862  6063 work_thread.hpp:81]  [T-Work-Recog_1] Run work: WorkRecog
W1014 12:24:38.303879  6062 work_recog.hpp:118] Face id: 4 has low quality : 0.00449787, no need to recog
W1014 12:24:38.303884  6063 work_recog.hpp:118] Face id: 5 has low quality : 0.0332446, no need to recog
I1014 12:24:38.303941  6062 work_thread.hpp:81]  [T-Work-Recog_0] Run work: WorkCompare
I1014 12:24:38.303970  6063 work_thread.hpp:81]  [T-Work-Recog_1] Run work: WorkCompare
I1014 12:24:38.304914  6060 demo_inner.hpp:435] thread [SORT-0]  frame id 179 sorting queue size 0   FPS: 28.4648
I1014 12:24:38.324884  6058 demo_inner.hpp:177] decode queue size 0
I1014 12:24:38.325019  6061 work_thread.hpp:81]  [T-Work-Detect_0] Run work: WorkDetect
I1014 12:24:38.325057  6061 work_detect.cpp:102] Succeeded to add det start for frame 180
I1014 12:24:38.332535  6061 work_detect.cpp:70] Frame :180 detect result :3 face(s)
W1014 12:24:38.332582  6061 work_detect.cpp:83] Invalid bbox: [135 x 170 from (278, 209)]
I1014 12:24:38.332690  6061 work_detect.cpp:86] Detected bbox: [58 x 59 from (141, 157)]
I1014 12:24:38.332723  6061 work_detect.cpp:86] Detected bbox: [18 x 23 from (479, 77)]
I1014 12:24:38.332763  6061 work_detect.cpp:120] Succeeded to add det end for frame 180
I1014 12:24:38.332780  6061 work_thread.hpp:81]  [T-Work-Detect_0] Run work: WrokTrack
I1014 12:24:38.332804  6061 work_track.cpp:82] Frame: 180 build input_characts: [0.090625 x 0.163889 from (0.220313, 0.436111)], 0.962122, 0
I1014 12:24:38.332940  6061 work_track.cpp:82] Frame: 180 build input_characts: [0.028125 x 0.0638889 from (0.748438, 0.213889)], 0.962067, 1
I1014 12:24:38.333050  6061 work_track.cpp:102] Succeeded to set track lock for frame 180
I1014 12:24:38.333097  6061 work_track.cpp:116] Succeeded to release track lock for frame 180
I1014 12:24:38.333113  6061 work_track.cpp:120] Track results of frame 180: 2 objects input, 2 objects tracked!
I1014 12:24:38.333140  6061 work_track.cpp:148] Frame: 180, track bbox: [18 x 23 from (477.49, 77.5719)], gid: 4, lid: 1
I1014 12:24:38.333178  6061 work_track.cpp:148] Frame: 180, track bbox: [58 x 59 from (140.787, 157.119)], gid: 5, lid: 0
I1014 12:24:38.333210  6061 work_thread.hpp:88]  [T-Work-Detect_0] Frame :180 split
I1014 12:24:38.333227  6061 work_thread.hpp:120]  [T-Work-Detect_0] Valid piece: gid = 5
I1014 12:24:38.333271  6061 work_thread.hpp:120]  [T-Work-Detect_0] Valid piece: gid = 4
I1014 12:24:38.333288  6061 work_thread.hpp:92]  [T-Work-Detect_0] Push to split queue:recog
I1014 12:24:38.333348  6062 work_thread.hpp:81]  [T-Work-Recog_0] Run work: WorkCapture
I1014 12:24:38.333760  6061 work_thread.hpp:92]  [T-Work-Detect_0] Push to split queue:recog
I1014 12:24:38.333802  6063 work_thread.hpp:81]  [T-Work-Recog_1] Run work: WorkCapture
I1014 12:24:38.333817  6064 thread_intergrate.hpp:78] [T-Intergrate-intergrate] queue: frame output frame :180
I1014 12:24:38.334017  6062 work_thread.hpp:81]  [T-Work-Recog_0] Run work: WorkRecog
W1014 12:24:38.334038  6062 work_recog.hpp:118] Face id: 5 has low quality : 0.0332427, no need to recog
I1014 12:24:38.334105  6062 work_thread.hpp:81]  [T-Work-Recog_0] Run work: WorkCompare
I1014 12:24:38.334216  6063 work_thread.hpp:81]  [T-Work-Recog_1] Run work: WorkRecog
W1014 12:24:38.334240  6063 work_recog.hpp:118] Face id: 4 has low quality : 0.00574647, no need to recog
I1014 12:24:38.334287  6063 work_thread.hpp:81]  [T-Work-Recog_1] Run work: WorkCompare
I1014 12:24:38.335363  6060 demo_inner.hpp:435] thread [SORT-0]  frame id 180 sorting queue size 1   FPS: 28.5447
I1014 12:24:38.360777  6058 demo_inner.hpp:177] decode queue size 0
I1014 12:24:38.360893  6061 work_thread.hpp:81]  [T-Work-Detect_0] Run work: WorkDetect
I1014 12:24:38.360958  6061 work_detect.cpp:102] Succeeded to add det start for frame 181
I1014 12:24:38.368451  6061 work_detect.cpp:70] Frame :181 detect result :3 face(s)
W1014 12:24:38.368496  6061 work_detect.cpp:83] Invalid bbox: [137 x 167 from (277, 212)]
I1014 12:24:38.368589  6061 work_detect.cpp:86] Detected bbox: [57 x 59 from (141, 158)]
I1014 12:24:38.368621  6061 work_detect.cpp:86] Detected bbox: [17 x 23 from (484, 78)]
I1014 12:24:38.368652  6061 work_detect.cpp:120] Succeeded to add det end for frame 181
I1014 12:24:38.368690  6061 work_thread.hpp:81]  [T-Work-Detect_0] Run work: WrokTrack
I1014 12:24:38.368716  6061 work_track.cpp:82] Frame: 181 build input_characts: [0.0890625 x 0.163889 from (0.220313, 0.438889)], 0.962122, 0
I1014 12:24:38.368769  6061 work_track.cpp:82] Frame: 181 build input_characts: [0.0265625 x 0.0638889 from (0.75625, 0.216667)], 0.959737, 1
I1014 12:24:38.368804  6061 work_track.cpp:102] Succeeded to set track lock for frame 181
I1014 12:24:38.368856  6061 work_track.cpp:116] Succeeded to release track lock for frame 181
I1014 12:24:38.368871  6061 work_track.cpp:120] Track results of frame 181: 2 objects input, 2 objects tracked!
I1014 12:24:38.368964  6061 work_track.cpp:148] Frame: 181, track bbox: [17 x 23 from (483.236, 77.9994)], gid: 4, lid: 1
I1014 12:24:38.369001  6061 work_track.cpp:148] Frame: 181, track bbox: [57 x 59 from (141.503, 157.698)], gid: 5, lid: 0
I1014 12:24:38.369033  6061 work_thread.hpp:88]  [T-Work-Detect_0] Frame :181 split
I1014 12:24:38.369051  6061 work_thread.hpp:120]  [T-Work-Detect_0] Valid piece: gid = 5
I1014 12:24:38.369077  6061 work_thread.hpp:120]  [T-Work-Detect_0] Valid piece: gid = 4
I1014 12:24:38.369096  6061 work_thread.hpp:92]  [T-Work-Detect_0] Push to split queue:recog
I1014 12:24:38.369141  6062 work_thread.hpp:81]  [T-Work-Recog_0] Run work: WorkCapture
I1014 12:24:38.369431  6061 work_thread.hpp:92]  [T-Work-Detect_0] Push to split queue:recog
I1014 12:24:38.369524  6063 work_thread.hpp:81]  [T-Work-Recog_1] Run work: WorkCapture
I1014 12:24:38.369700  6062 work_thread.hpp:81]  [T-Work-Recog_0] Run work: WorkRecog
W1014 12:24:38.369721  6062 work_recog.hpp:118] Face id: 5 has low quality : 0.045611, no need to recog
I1014 12:24:38.369776  6062 work_thread.hpp:81]  [T-Work-Recog_0] Run work: WorkCompare
I1014 12:24:38.369850  6064 thread_intergrate.hpp:78] [T-Intergrate-intergrate] queue: frame output frame :181
I1014 12:24:38.370095  6063 work_thread.hpp:81]  [T-Work-Recog_1] Run work: WorkRecog
W1014 12:24:38.370116  6063 work_recog.hpp:118] Face id: 4 has low quality : 0.00649121, no need to recog
I1014 12:24:38.370163  6063 work_thread.hpp:81]  [T-Work-Recog_1] Run work: WorkCompare
I1014 12:24:38.371361  6060 demo_inner.hpp:435] thread [SORT-0]  frame id 181 sorting queue size 2   FPS: 28.4648
I1014 12:24:38.383597  6059 demo_inner.hpp:260]  gui queue size 2, state = running
I1014 12:24:38.390931  6058 demo_inner.hpp:177] decode queue size 0
I1014 12:24:38.391033  6061 work_thread.hpp:81]  [T-Work-Detect_0] Run work: WorkDetect
I1014 12:24:38.391093  6061 work_detect.cpp:102] Succeeded to add det start for frame 182
I1014 12:24:38.398528  6061 work_detect.cpp:70] Frame :182 detect result :2 face(s)
W1014 12:24:38.398597  6061 work_detect.cpp:83] Invalid bbox: [140 x 169 from (280, 211)]
I1014 12:24:38.398682  6061 work_detect.cpp:86] Detected bbox: [18 x 23 from (486, 78)]
I1014 12:24:38.398735  6061 work_detect.cpp:120] Succeeded to add det end for frame 182
I1014 12:24:38.398751  6061 work_thread.hpp:81]  [T-Work-Detect_0] Run work: WrokTrack
I1014 12:24:38.398777  6061 work_track.cpp:82] Frame: 182 build input_characts: [0.028125 x 0.0638889 from (0.759375, 0.216667)], 0.943585, 0
I1014 12:24:38.398859  6061 work_track.cpp:102] Succeeded to set track lock for frame 182
I1014 12:24:38.398960  6061 work_track.cpp:116] Succeeded to release track lock for frame 182
I1014 12:24:38.398977  6061 work_track.cpp:120] Track results of frame 182: 1 objects input, 2 objects tracked!
I1014 12:24:38.398994  6061 work_track.cpp:148] Frame: 182, track bbox: [18 x 23 from (486.569, 78.2874)], gid: 4, lid: 0
I1014 12:24:38.399029  6061 work_track.cpp:148] Frame: 182, track bbox: [57 x 59 from (141.804, 157.84)], gid: 5, lid: -1
I1014 12:24:38.399083  6061 work_thread.hpp:88]  [T-Work-Detect_0] Frame :182 split
I1014 12:24:38.399103  6061 work_thread.hpp:120]  [T-Work-Detect_0] Valid piece: gid = 4
I1014 12:24:38.399122  6061 work_thread.hpp:92]  [T-Work-Detect_0] Push to split queue:recog
I1014 12:24:38.399181  6062 work_thread.hpp:81]  [T-Work-Recog_0] Run work: WorkCapture
I1014 12:24:38.399413  6064 thread_intergrate.hpp:78] [T-Intergrate-intergrate] queue: frame output frame :182
I1014 12:24:38.399706  6062 work_thread.hpp:81]  [T-Work-Recog_0] Run work: WorkRecog
W1014 12:24:38.399729  6062 work_recog.hpp:118] Face id: 4 has low quality : 0.0093399, no need to recog
I1014 12:24:38.399803  6062 work_thread.hpp:81]  [T-Work-Recog_0] Run work: WorkCompare
I1014 12:24:38.400971  6060 demo_inner.hpp:435] thread [SORT-0]  frame id 182 sorting queue size 0   FPS: 28.5447
I1014 12:24:38.426757  6058 demo_inner.hpp:177] decode queue size 0
I1014 12:24:38.426872  6061 work_thread.hpp:81]  [T-Work-Detect_0] Run work: WorkDetect
I1014 12:24:38.426918  6061 work_detect.cpp:102] Succeeded to add det start for frame 183
I1014 12:24:38.434458  6061 work_detect.cpp:70] Frame :183 detect result :3 face(s)
W1014 12:24:38.434532  6061 work_detect.cpp:83] Invalid bbox: [139 x 166 from (281, 212)]
I1014 12:24:38.434620  6061 work_detect.cpp:86] Detected bbox: [16 x 22 from (492, 80)]
I1014 12:24:38.434665  6061 work_detect.cpp:86] Detected bbox: [55 x 56 from (142, 158)]
I1014 12:24:38.434697  6061 work_detect.cpp:120] Succeeded to add det end for frame 183
I1014 12:24:38.434712  6061 work_thread.hpp:81]  [T-Work-Detect_0] Run work: WrokTrack
I1014 12:24:38.434736  6061 work_track.cpp:82] Frame: 183 build input_characts: [0.025 x 0.0611111 from (0.76875, 0.222222)], 0.951921, 0
I1014 12:24:38.434860  6061 work_track.cpp:82] Frame: 183 build input_characts: [0.0859375 x 0.155556 from (0.221875, 0.438889)], 0.947697, 1
I1014 12:24:38.434959  6061 work_track.cpp:102] Succeeded to set track lock for frame 183
I1014 12:24:38.435026  6061 work_track.cpp:116] Succeeded to release track lock for frame 183
I1014 12:24:38.435043  6061 work_track.cpp:120] Track results of frame 183: 2 objects input, 2 objects tracked!
I1014 12:24:38.435061  6061 work_track.cpp:148] Frame: 183, track bbox: [16 x 22 from (491.793, 79.5972)], gid: 4, lid: 0
I1014 12:24:38.435094  6061 work_track.cpp:148] Frame: 183, track bbox: [55 x 56 from (142.215, 158.362)], gid: 5, lid: 1
I1014 12:24:38.435137  6061 work_thread.hpp:88]  [T-Work-Detect_0] Frame :183 split
I1014 12:24:38.435154  6061 work_thread.hpp:120]  [T-Work-Detect_0] Valid piece: gid = 4
I1014 12:24:38.435173  6061 work_thread.hpp:120]  [T-Work-Detect_0] Valid piece: gid = 5
I1014 12:24:38.435189  6061 work_thread.hpp:92]  [T-Work-Detect_0] Push to split queue:recog
I1014 12:24:38.435258  6062 work_thread.hpp:81]  [T-Work-Recog_0] Run work: WorkCapture
I1014 12:24:38.435439  6061 work_thread.hpp:92]  [T-Work-Detect_0] Push to split queue:recog
I1014 12:24:38.435478  6063 work_thread.hpp:81]  [T-Work-Recog_1] Run work: WorkCapture
I1014 12:24:38.435663  6064 thread_intergrate.hpp:78] [T-Intergrate-intergrate] queue: frame output frame :183
I1014 12:24:38.435726  6062 work_thread.hpp:81]  [T-Work-Recog_0] Run work: WorkRecog
W1014 12:24:38.435770  6062 work_recog.hpp:118] Face id: 4 has low quality : 0.00733152, no need to recog
I1014 12:24:38.435823  6062 work_thread.hpp:81]  [T-Work-Recog_0] Run work: WorkCompare
I1014 12:24:38.436121  6063 work_thread.hpp:81]  [T-Work-Recog_1] Run work: WorkRecog
W1014 12:24:38.436143  6063 work_recog.hpp:118] Face id: 5 has low quality : 0.0370148, no need to recog
I1014 12:24:38.436210  6063 work_thread.hpp:81]  [T-Work-Recog_1] Run work: WorkCompare
I1014 12:24:38.437213  6060 demo_inner.hpp:435] thread [SORT-0]  frame id 183 sorting queue size 1   FPS: 28.5447
I1014 12:24:38.450618  6059 demo_inner.hpp:260]  gui queue size 1, state = running
I1014 12:24:38.456952  6058 demo_inner.hpp:177] decode queue size 0
I1014 12:24:38.457075  6061 work_thread.hpp:81]  [T-Work-Detect_0] Run work: WorkDetect
I1014 12:24:38.457111  6061 work_detect.cpp:102] Succeeded to add det start for frame 184
I1014 12:24:38.464464  6061 work_detect.cpp:70] Frame :184 detect result :3 face(s)
W1014 12:24:38.464510  6061 work_detect.cpp:83] Invalid bbox: [136 x 172 from (278, 208)]
I1014 12:24:38.464619  6061 work_detect.cpp:86] Detected bbox: [16 x 22 from (496, 80)]
I1014 12:24:38.464653  6061 work_detect.cpp:86] Detected bbox: [52 x 54 from (143, 160)]
I1014 12:24:38.464692  6061 work_detect.cpp:120] Succeeded to add det end for frame 184
I1014 12:24:38.464709  6061 work_thread.hpp:81]  [T-Work-Detect_0] Run work: WrokTrack
I1014 12:24:38.464731  6061 work_track.cpp:82] Frame: 184 build input_characts: [0.025 x 0.0611111 from (0.775, 0.222222)], 0.918981, 0
I1014 12:24:38.464812  6061 work_track.cpp:82] Frame: 184 build input_characts: [0.08125 x 0.15 from (0.223438, 0.444444)], 0.905415, 1
I1014 12:24:38.464848  6061 work_track.cpp:102] Succeeded to set track lock for frame 184
I1014 12:24:38.464949  6061 work_track.cpp:116] Succeeded to release track lock for frame 184
I1014 12:24:38.464965  6061 work_track.cpp:120] Track results of frame 184: 2 objects input, 2 objects tracked!
I1014 12:24:38.464984  6061 work_track.cpp:148] Frame: 184, track bbox: [16 x 22 from (496, 80.0012)], gid: 4, lid: 0
I1014 12:24:38.465042  6061 work_track.cpp:148] Frame: 184, track bbox: [52 x 54 from (143.266, 159.722)], gid: 5, lid: 1
I1014 12:24:38.465076  6061 work_thread.hpp:88]  [T-Work-Detect_0] Frame :184 split
I1014 12:24:38.465093  6061 work_thread.hpp:120]  [T-Work-Detect_0] Valid piece: gid = 4
I1014 12:24:38.465111  6061 work_thread.hpp:120]  [T-Work-Detect_0] Valid piece: gid = 5
I1014 12:24:38.465128  6061 work_thread.hpp:92]  [T-Work-Detect_0] Push to split queue:recog
I1014 12:24:38.465240  6062 work_thread.hpp:81]  [T-Work-Recog_0] Run work: WorkCapture
I1014 12:24:38.465442  6061 work_thread.hpp:92]  [T-Work-Detect_0] Push to split queue:recog
I1014 12:24:38.465483  6063 work_thread.hpp:81]  [T-Work-Recog_1] Run work: WorkCapture
I1014 12:24:38.465495  6064 thread_intergrate.hpp:78] [T-Intergrate-intergrate] queue: frame output frame :184
I1014 12:24:38.465732  6062 work_thread.hpp:81]  [T-Work-Recog_0] Run work: WorkRecog
W1014 12:24:38.465752  6062 work_recog.hpp:118] Face id: 4 has low quality : 0.0050844, no need to recog
I1014 12:24:38.465831  6062 work_thread.hpp:81]  [T-Work-Recog_0] Run work: WorkCompare
I1014 12:24:38.466120  6063 work_thread.hpp:81]  [T-Work-Recog_1] Run work: WorkRecog
W1014 12:24:38.466142  6063 work_recog.hpp:118] Face id: 5 has low quality : 0.0556804, no need to recog
I1014 12:24:38.466188  6063 work_thread.hpp:81]  [T-Work-Recog_1] Run work: WorkCompare
I1014 12:24:38.467275  6060 demo_inner.hpp:435] thread [SORT-0]  frame id 184 sorting queue size 0   FPS: 28.5447
I1014 12:24:38.492799  6058 demo_inner.hpp:177] decode queue size 0
I1014 12:24:38.492913  6061 work_thread.hpp:81]  [T-Work-Detect_0] Run work: WorkDetect
I1014 12:24:38.492974  6061 work_detect.cpp:102] Succeeded to add det start for frame 185
I1014 12:24:38.500527  6061 work_detect.cpp:70] Frame :185 detect result :3 face(s)
W1014 12:24:38.500576  6061 work_detect.cpp:83] Invalid bbox: [137 x 168 from (278, 211)]
I1014 12:24:38.500667  6061 work_detect.cpp:86] Detected bbox: [18 x 25 from (499, 78)]
I1014 12:24:38.500723  6061 work_detect.cpp:86] Detected bbox: [54 x 52 from (143, 161)]
I1014 12:24:38.500756  6061 work_detect.cpp:120] Succeeded to add det end for frame 185
I1014 12:24:38.500771  6061 work_thread.hpp:81]  [T-Work-Detect_0] Run work: WrokTrack
I1014 12:24:38.500795  6061 work_track.cpp:82] Frame: 185 build input_characts: [0.028125 x 0.0694444 from (0.779688, 0.216667)], 0.932491, 0
I1014 12:24:38.500859  6061 work_track.cpp:82] Frame: 185 build input_characts: [0.084375 x 0.144444 from (0.223438, 0.447222)], 0.915779, 1
I1014 12:24:38.500969  6061 work_track.cpp:102] Succeeded to set track lock for frame 185
I1014 12:24:38.501014  6061 work_track.cpp:116] Succeeded to release track lock for frame 185
I1014 12:24:38.501029  6061 work_track.cpp:120] Track results of frame 185: 2 objects input, 2 objects tracked!
I1014 12:24:38.501047  6061 work_track.cpp:148] Frame: 185, track bbox: [18 x 25 from (498.884, 78.6435)], gid: 4, lid: 0
I1014 12:24:38.501089  6061 work_track.cpp:148] Frame: 185, track bbox: [54 x 52 from (142.532, 160.783)], gid: 5, lid: 1
I1014 12:24:38.501123  6061 work_thread.hpp:88]  [T-Work-Detect_0] Frame :185 split
I1014 12:24:38.501140  6061 work_thread.hpp:120]  [T-Work-Detect_0] Valid piece: gid = 4
I1014 12:24:38.501158  6061 work_thread.hpp:120]  [T-Work-Detect_0] Valid piece: gid = 5
I1014 12:24:38.501175  6061 work_thread.hpp:92]  [T-Work-Detect_0] Push to split queue:recog
I1014 12:24:38.501245  6062 work_thread.hpp:81]  [T-Work-Recog_0] Run work: WorkCapture
I1014 12:24:38.501451  6061 work_thread.hpp:92]  [T-Work-Detect_0] Push to split queue:recog
I1014 12:24:38.501492  6063 work_thread.hpp:81]  [T-Work-Recog_1] Run work: WorkCapture
I1014 12:24:38.501499  6064 thread_intergrate.hpp:78] [T-Intergrate-intergrate] queue: frame output frame :185
I1014 12:24:38.501740  6062 work_thread.hpp:81]  [T-Work-Recog_0] Run work: WorkRecog
W1014 12:24:38.501761  6062 work_recog.hpp:118] Face id: 4 has low quality : 0.00574535, no need to recog
I1014 12:24:38.501976  6062 work_thread.hpp:81]  [T-Work-Recog_0] Run work: WorkCompare
I1014 12:24:38.502147  6063 work_thread.hpp:81]  [T-Work-Recog_1] Run work: WorkRecog
W1014 12:24:38.502171  6063 work_recog.hpp:118] Face id: 5 has low quality : 0.0504589, no need to recog
I1014 12:24:38.502219  6063 work_thread.hpp:81]  [T-Work-Recog_1] Run work: WorkCompare
I1014 12:24:38.503239  6060 demo_inner.hpp:435] thread [SORT-0]  frame id 185 sorting queue size 1   FPS: 28.5447
I1014 12:24:38.517802  6059 demo_inner.hpp:260]  gui queue size 1, state = running
I1014 12:24:38.528914  6058 demo_inner.hpp:177] decode queue size 0
I1014 12:24:38.529037  6061 work_thread.hpp:81]  [T-Work-Detect_0] Run work: WorkDetect
I1014 12:24:38.529074  6061 work_detect.cpp:102] Succeeded to add det start for frame 186
I1014 12:24:38.536497  6061 work_detect.cpp:70] Frame :186 detect result :3 face(s)
W1014 12:24:38.536551  6061 work_detect.cpp:83] Invalid bbox: [140 x 166 from (280, 212)]
I1014 12:24:38.536700  6061 work_detect.cpp:86] Detected bbox: [54 x 56 from (142, 159)]
I1014 12:24:38.536733  6061 work_detect.cpp:86] Detected bbox: [19 x 26 from (501, 77)]
I1014 12:24:38.536772  6061 work_detect.cpp:120] Succeeded to add det end for frame 186
I1014 12:24:38.536789  6061 work_thread.hpp:81]  [T-Work-Detect_0] Run work: WrokTrack
I1014 12:24:38.536813  6061 work_track.cpp:82] Frame: 186 build input_characts: [0.084375 x 0.155556 from (0.221875, 0.441667)], 0.947697, 0
I1014 12:24:38.536940  6061 work_track.cpp:82] Frame: 186 build input_characts: [0.0296875 x 0.0722222 from (0.782812, 0.213889)], 0.918981, 1
I1014 12:24:38.536978  6061 work_track.cpp:102] Succeeded to set track lock for frame 186
I1014 12:24:38.537031  6061 work_track.cpp:116] Succeeded to release track lock for frame 186
I1014 12:24:38.537047  6061 work_track.cpp:120] Track results of frame 186: 2 objects input, 2 objects tracked!
I1014 12:24:38.537065  6061 work_track.cpp:148] Frame: 186, track bbox: [19 x 26 from (501.669, 77.6429)], gid: 4, lid: 1
I1014 12:24:38.537099  6061 work_track.cpp:148] Frame: 186, track bbox: [54 x 56 from (142.238, 158.908)], gid: 5, lid: 0
I1014 12:24:38.537156  6061 work_thread.hpp:88]  [T-Work-Detect_0] Frame :186 split
I1014 12:24:38.537174  6061 work_thread.hpp:120]  [T-Work-Detect_0] Valid piece: gid = 5
I1014 12:24:38.537192  6061 work_thread.hpp:120]  [T-Work-Detect_0] Valid piece: gid = 4
I1014 12:24:38.537209  6061 work_thread.hpp:92]  [T-Work-Detect_0] Push to split queue:recog
I1014 12:24:38.537263  6062 work_thread.hpp:81]  [T-Work-Recog_0] Run work: WorkCapture
I1014 12:24:38.537643  6061 work_thread.hpp:92]  [T-Work-Detect_0] Push to split queue:recog
I1014 12:24:38.537693  6064 thread_intergrate.hpp:78] [T-Intergrate-intergrate] queue: frame output frame :186
I1014 12:24:38.537761  6063 work_thread.hpp:81]  [T-Work-Recog_1] Run work: WorkCapture
I1014 12:24:38.537967  6062 work_thread.hpp:81]  [T-Work-Recog_0] Run work: WorkRecog
W1014 12:24:38.537997  6062 work_recog.hpp:118] Face id: 5 has low quality : 0.0411329, no need to recog
I1014 12:24:38.538058  6062 work_thread.hpp:81]  [T-Work-Recog_0] Run work: WorkCompare
I1014 12:24:38.538197  6063 work_thread.hpp:81]  [T-Work-Recog_1] Run work: WorkRecog
W1014 12:24:38.538216  6063 work_recog.hpp:118] Face id: 4 has low quality : 0.00574745, no need to recog
I1014 12:24:38.538267  6063 work_thread.hpp:81]  [T-Work-Recog_1] Run work: WorkCompare
I1014 12:24:38.539206  6060 demo_inner.hpp:435] thread [SORT-0]  frame id 186 sorting queue size 0   FPS: 28.4648
I1014 12:24:38.558811  6058 demo_inner.hpp:177] decode queue size 0
I1014 12:24:38.558931  6061 work_thread.hpp:81]  [T-Work-Detect_0] Run work: WorkDetect
I1014 12:24:38.558967  6061 work_detect.cpp:102] Succeeded to add det start for frame 187
I1014 12:24:38.566475  6061 work_detect.cpp:70] Frame :187 detect result :3 face(s)
W1014 12:24:38.566551  6061 work_detect.cpp:83] Invalid bbox: [133 x 163 from (279, 214)]
I1014 12:24:38.566637  6061 work_detect.cpp:86] Detected bbox: [18 x 27 from (504, 75)]
I1014 12:24:38.566676  6061 work_detect.cpp:86] Detected bbox: [51 x 51 from (144, 162)]
I1014 12:24:38.566709  6061 work_detect.cpp:120] Succeeded to add det end for frame 187
I1014 12:24:38.566725  6061 work_thread.hpp:81]  [T-Work-Detect_0] Run work: WrokTrack
I1014 12:24:38.566751  6061 work_track.cpp:82] Frame: 187 build input_characts: [0.028125 x 0.075 from (0.7875, 0.208333)], 0.951921, 0
I1014 12:24:38.566826  6061 work_track.cpp:82] Frame: 187 build input_characts: [0.0796875 x 0.141667 from (0.225, 0.45)], 0.905415, 1
I1014 12:24:38.566965  6061 work_track.cpp:102] Succeeded to set track lock for frame 187
I1014 12:24:38.567032  6061 work_track.cpp:116] Succeeded to release track lock for frame 187
I1014 12:24:38.567049  6061 work_track.cpp:120] Track results of frame 187: 2 objects input, 2 objects tracked!
I1014 12:24:38.567067  6061 work_track.cpp:148] Frame: 187, track bbox: [18 x 27 from (505.055, 75.9738)], gid: 4, lid: 0
I1014 12:24:38.567101  6061 work_track.cpp:148] Frame: 187, track bbox: [51 x 51 from (143.879, 161.617)], gid: 5, lid: 1
I1014 12:24:38.567133  6061 work_thread.hpp:88]  [T-Work-Detect_0] Frame :187 split
I1014 12:24:38.567159  6061 work_thread.hpp:120]  [T-Work-Detect_0] Valid piece: gid = 4
I1014 12:24:38.567178  6061 work_thread.hpp:120]  [T-Work-Detect_0] Valid piece: gid = 5
I1014 12:24:38.567194  6061 work_thread.hpp:92]  [T-Work-Detect_0] Push to split queue:recog
I1014 12:24:38.567286  6062 work_thread.hpp:81]  [T-Work-Recog_0] Run work: WorkCapture
I1014 12:24:38.567492  6061 work_thread.hpp:92]  [T-Work-Detect_0] Push to split queue:recog
I1014 12:24:38.567698  6063 work_thread.hpp:81]  [T-Work-Recog_1] Run work: WorkCapture
I1014 12:24:38.567950  6062 work_thread.hpp:81]  [T-Work-Recog_0] Run work: WorkRecog
W1014 12:24:38.567970  6062 work_recog.hpp:118] Face id: 4 has low quality : 0.0118627, no need to recog
I1014 12:24:38.568040  6062 work_thread.hpp:81]  [T-Work-Recog_0] Run work: WorkCompare
I1014 12:24:38.568105  6064 thread_intergrate.hpp:78] [T-Intergrate-intergrate] queue: frame output frame :187
I1014 12:24:38.568213  6063 work_thread.hpp:81]  [T-Work-Recog_1] Run work: WorkRecog
W1014 12:24:38.568233  6063 work_recog.hpp:118] Face id: 5 has low quality : 0.0504589, no need to recog
I1014 12:24:38.568287  6063 work_thread.hpp:81]  [T-Work-Recog_1] Run work: WorkCompare
I1014 12:24:38.569669  6060 demo_inner.hpp:435] thread [SORT-0]  frame id 187 sorting queue size 1   FPS: 28.5313
I1014 12:24:38.589921  6059 demo_inner.hpp:260]  gui queue size 1, state = running
I1014 12:24:38.594841  6058 demo_inner.hpp:177] decode queue size 0
