I1014 11:47:26.188521  5288 work_thread.hpp:81]  [T-Work-Recog_0] Run work: WorkRecog
W1014 11:47:26.188544  5288 work_recog.hpp:118] Face id: 3 has low quality : 0.0238392, no need to recog
I1014 11:47:26.188643  5288 work_thread.hpp:81]  [T-Work-Recog_0] Run work: WorkCompare
I1014 11:47:26.189949  5290 thread_intergrate.hpp:157] T-Intergrate-intergrate Show face :0, size :640 * 360
I1014 11:47:26.190560  5286 demo_inner.hpp:435] thread [SORT-0]  frame id 83 sorting queue size 0   FPS: 29.9252
I1014 11:47:26.205816  5289 work_thread.hpp:81]  [T-Work-Recog_1] Run work: WorkCompare
I1014 11:47:26.205915  5289 work_compare.cpp:76] Compare face: 0 successed, similarity :0.983377, name : images/thanglmb.jpg, normal size : 640 * 360!
I1014 11:47:26.215831  5284 demo_inner.hpp:177] decode queue size 0
I1014 11:47:26.215943  5287 work_thread.hpp:81]  [T-Work-Detect_0] Run work: WorkDetect
I1014 11:47:26.215979  5287 work_detect.cpp:102] Succeeded to add det start for frame 84
I1014 11:47:26.222672  5287 work_detect.cpp:70] Frame :84 detect result :2 face(s)
I1014 11:47:26.222723  5287 work_detect.cpp:86] Detected bbox: [129 x 179 from (312, 112)]
I1014 11:47:26.222756  5287 work_detect.cpp:86] Detected bbox: [29 x 34 from (123, 86)]
I1014 11:47:26.222787  5287 work_detect.cpp:120] Succeeded to add det end for frame 84
I1014 11:47:26.222803  5287 work_thread.hpp:81]  [T-Work-Detect_0] Run work: WrokTrack
I1014 11:47:26.222827  5287 work_track.cpp:82] Frame: 84 build input_characts: [0.201562 x 0.497222 from (0.4875, 0.311111)], 1.00019, 0
I1014 11:47:26.222880  5287 work_track.cpp:82] Frame: 84 build input_characts: [0.0453125 x 0.0944444 from (0.192188, 0.238889)], 0.975094, 1
I1014 11:47:26.222916  5287 work_track.cpp:102] Succeeded to set track lock for frame 84
I1014 11:47:26.222961  5287 work_track.cpp:116] Succeeded to release track lock for frame 84
I1014 11:47:26.222975  5287 work_track.cpp:120] Track results of frame 84: 2 objects input, 2 objects tracked!
I1014 11:47:26.222993  5287 work_track.cpp:148] Frame: 84, track bbox: [129 x 179 from (313.928, 112.228)], gid: 0, lid: 0
I1014 11:47:26.223027  5287 work_track.cpp:148] Frame: 84, track bbox: [29 x 34 from (122.396, 85.6445)], gid: 3, lid: 1
I1014 11:47:26.223059  5287 work_thread.hpp:88]  [T-Work-Detect_0] Frame :84 split
I1014 11:47:26.223078  5287 work_thread.hpp:120]  [T-Work-Detect_0] Valid piece: gid = 0
I1014 11:47:26.223095  5287 work_thread.hpp:120]  [T-Work-Detect_0] Valid piece: gid = 3
I1014 11:47:26.223112  5287 work_thread.hpp:92]  [T-Work-Detect_0] Push to split queue:recog
I1014 11:47:26.223163  5289 work_thread.hpp:81]  [T-Work-Recog_1] Run work: WorkCapture
I1014 11:47:26.223448  5287 work_thread.hpp:92]  [T-Work-Detect_0] Push to split queue:recog
I1014 11:47:26.223486  5288 work_thread.hpp:81]  [T-Work-Recog_0] Run work: WorkCapture
I1014 11:47:26.223498  5290 thread_intergrate.hpp:78] [T-Intergrate-intergrate] queue: frame output frame :84
I1014 11:47:26.223527  5290 thread_intergrate.hpp:85] [T-Intergrate-intergrate] queue: compare output face:0
I1014 11:47:26.223567  5290 thread_intergrate.hpp:137] T-Intergrate-intergrate set matched face: 0
I1014 11:47:26.223783  5289 work_thread.hpp:81]  [T-Work-Recog_1] Run work: WorkRecog
I1014 11:47:26.223806  5289 work_recog.hpp:89] Face id: 0 will run recog: bbox [129 x 179 from (312, 112)] quality: 0.472412
I1014 11:47:26.223835  5289 work_recog.hpp:96] Recog pair: [192 x 256 from (280, 72)], [129 x 179 from (32, 40)]
I1014 11:47:26.223945  5288 work_thread.hpp:81]  [T-Work-Recog_0] Run work: WorkRecog
W1014 11:47:26.223966  5288 work_recog.hpp:118] Face id: 3 has low quality : 0.0298021, no need to recog
I1014 11:47:26.224069  5288 work_thread.hpp:81]  [T-Work-Recog_0] Run work: WorkCompare
I1014 11:47:26.225333  5290 thread_intergrate.hpp:157] T-Intergrate-intergrate Show face :0, size :640 * 360
I1014 11:47:26.225873  5286 demo_inner.hpp:435] thread [SORT-0]  frame id 84 sorting queue size 1   FPS: 29.9401
I1014 11:47:26.241258  5289 work_thread.hpp:81]  [T-Work-Recog_1] Run work: WorkCompare
I1014 11:47:26.241362  5289 work_compare.cpp:76] Compare face: 0 successed, similarity :0.988138, name : images/thanglmb.jpg, normal size : 640 * 360!
I1014 11:47:26.251894  5284 demo_inner.hpp:177] decode queue size 0
I1014 11:47:26.252022  5287 work_thread.hpp:81]  [T-Work-Detect_0] Run work: WorkDetect
I1014 11:47:26.252132  5287 work_detect.cpp:102] Succeeded to add det start for frame 85
I1014 11:47:26.258994  5287 work_detect.cpp:70] Frame :85 detect result :2 face(s)
I1014 11:47:26.259049  5287 work_detect.cpp:86] Detected bbox: [148 x 202 from (308, 99)]
I1014 11:47:26.259083  5287 work_detect.cpp:86] Detected bbox: [29 x 33 from (121, 86)]
I1014 11:47:26.259114  5287 work_detect.cpp:120] Succeeded to add det end for frame 85
I1014 11:47:26.259130  5287 work_thread.hpp:81]  [T-Work-Detect_0] Run work: WrokTrack
I1014 11:47:26.259155  5287 work_track.cpp:82] Frame: 85 build input_characts: [0.23125 x 0.561111 from (0.48125, 0.275)], 0.999885, 0
I1014 11:47:26.259209  5287 work_track.cpp:82] Frame: 85 build input_characts: [0.0453125 x 0.0916667 from (0.189063, 0.238889)], 0.968742, 1
I1014 11:47:26.259244  5287 work_track.cpp:102] Succeeded to set track lock for frame 85
I1014 11:47:26.259287  5287 work_track.cpp:116] Succeeded to release track lock for frame 85
I1014 11:47:26.259302  5287 work_track.cpp:120] Track results of frame 85: 2 objects input, 2 objects tracked!
I1014 11:47:26.259320  5287 work_track.cpp:148] Frame: 85, track bbox: [148 x 202 from (306.018, 98.6729)], gid: 0, lid: 0
I1014 11:47:26.259353  5287 work_track.cpp:148] Frame: 85, track bbox: [29 x 33 from (121.427, 85.9318)], gid: 3, lid: 1
I1014 11:47:26.259387  5287 work_thread.hpp:88]  [T-Work-Detect_0] Frame :85 split
I1014 11:47:26.259404  5287 work_thread.hpp:120]  [T-Work-Detect_0] Valid piece: gid = 0
I1014 11:47:26.259423  5287 work_thread.hpp:120]  [T-Work-Detect_0] Valid piece: gid = 3
I1014 11:47:26.259439  5287 work_thread.hpp:92]  [T-Work-Detect_0] Push to split queue:recog
I1014 11:47:26.259466  5287 work_thread.hpp:92]  [T-Work-Detect_0] Push to split queue:recog
I1014 11:47:26.259485  5289 work_thread.hpp:81]  [T-Work-Recog_1] Run work: WorkCapture
I1014 11:47:26.259510  5288 work_thread.hpp:81]  [T-Work-Recog_0] Run work: WorkCapture
I1014 11:47:26.259742  5290 thread_intergrate.hpp:78] [T-Intergrate-intergrate] queue: frame output frame :85
I1014 11:47:26.259779  5290 thread_intergrate.hpp:85] [T-Intergrate-intergrate] queue: compare output face:0
I1014 11:47:26.259799  5290 thread_intergrate.hpp:137] T-Intergrate-intergrate set matched face: 0
I1014 11:47:26.259990  5288 work_thread.hpp:81]  [T-Work-Recog_0] Run work: WorkRecog
W1014 11:47:26.260013  5288 work_recog.hpp:118] Face id: 3 has low quality : 0.0150224, no need to recog
I1014 11:47:26.260049  5289 work_thread.hpp:81]  [T-Work-Recog_1] Run work: WorkRecog
I1014 11:47:26.260116  5288 work_thread.hpp:81]  [T-Work-Recog_0] Run work: WorkCompare
I1014 11:47:26.260121  5289 work_recog.hpp:89] Face id: 0 will run recog: bbox [148 x 202 from (308, 99)] quality: 0.469424
I1014 11:47:26.260149  5289 work_recog.hpp:96] Recog pair: [216 x 288 from (272, 56)], [148 x 202 from (36, 43)]
I1014 11:47:26.261379  5290 thread_intergrate.hpp:157] T-Intergrate-intergrate Show face :0, size :640 * 360
I1014 11:47:26.261986  5286 demo_inner.hpp:435] thread [SORT-0]  frame id 85 sorting queue size 2   FPS: 29.9401
I1014 11:47:26.262260  5285 demo_inner.hpp:260]  gui queue size 2, state = running
I1014 11:47:26.277741  5289 work_thread.hpp:81]  [T-Work-Recog_1] Run work: WorkCompare
I1014 11:47:26.277853  5289 work_compare.cpp:76] Compare face: 0 successed, similarity :0.976057, name : images/thanglmb.jpg, normal size : 640 * 360!
I1014 11:47:26.282109  5284 demo_inner.hpp:177] decode queue size 0
I1014 11:47:26.282198  5287 work_thread.hpp:81]  [T-Work-Detect_0] Run work: WorkDetect
I1014 11:47:26.282232  5287 work_detect.cpp:102] Succeeded to add det start for frame 86
I1014 11:47:26.289053  5287 work_detect.cpp:70] Frame :86 detect result :2 face(s)
I1014 11:47:26.289108  5287 work_detect.cpp:86] Detected bbox: [131 x 182 from (313, 108)]
I1014 11:47:26.289141  5287 work_detect.cpp:86] Detected bbox: [28 x 32 from (122, 85)]
I1014 11:47:26.289173  5287 work_detect.cpp:120] Succeeded to add det end for frame 86
I1014 11:47:26.289189  5287 work_thread.hpp:81]  [T-Work-Detect_0] Run work: WrokTrack
I1014 11:47:26.289289  5287 work_track.cpp:82] Frame: 86 build input_characts: [0.204688 x 0.505556 from (0.489062, 0.3)], 1.00019, 0
I1014 11:47:26.289343  5287 work_track.cpp:82] Frame: 86 build input_characts: [0.04375 x 0.0888889 from (0.190625, 0.236111)], 0.966102, 1
I1014 11:47:26.289379  5287 work_track.cpp:102] Succeeded to set track lock for frame 86
I1014 11:47:26.289423  5287 work_track.cpp:116] Succeeded to release track lock for frame 86
I1014 11:47:26.289438  5287 work_track.cpp:120] Track results of frame 86: 2 objects input, 2 objects tracked!
I1014 11:47:26.289456  5287 work_track.cpp:148] Frame: 86, track bbox: [131 x 182 from (313.993, 107.69)], gid: 0, lid: 0
I1014 11:47:26.289490  5287 work_track.cpp:148] Frame: 86, track bbox: [28 x 32 from (121.41, 85.9495)], gid: 3, lid: 1
I1014 11:47:26.289522  5287 work_thread.hpp:88]  [T-Work-Detect_0] Frame :86 split
I1014 11:47:26.289541  5287 work_thread.hpp:120]  [T-Work-Detect_0] Valid piece: gid = 0
I1014 11:47:26.289557  5287 work_thread.hpp:120]  [T-Work-Detect_0] Valid piece: gid = 3
I1014 11:47:26.289574  5287 work_thread.hpp:92]  [T-Work-Detect_0] Push to split queue:recog
I1014 11:47:26.289633  5288 work_thread.hpp:81]  [T-Work-Recog_0] Run work: WorkCapture
I1014 11:47:26.289924  5287 work_thread.hpp:92]  [T-Work-Detect_0] Push to split queue:recog
I1014 11:47:26.289968  5289 work_thread.hpp:81]  [T-Work-Recog_1] Run work: WorkCapture
I1014 11:47:26.289978  5290 thread_intergrate.hpp:78] [T-Intergrate-intergrate] queue: frame output frame :86
I1014 11:47:26.290007  5290 thread_intergrate.hpp:85] [T-Intergrate-intergrate] queue: compare output face:0
I1014 11:47:26.290036  5290 thread_intergrate.hpp:137] T-Intergrate-intergrate set matched face: 0
I1014 11:47:26.290205  5288 work_thread.hpp:81]  [T-Work-Recog_0] Run work: WorkRecog
I1014 11:47:26.290227  5288 work_recog.hpp:89] Face id: 0 will run recog: bbox [131 x 182 from (313, 108)] quality: 0.471198
I1014 11:47:26.290258  5288 work_recog.hpp:96] Recog pair: [192 x 256 from (280, 72)], [131 x 182 from (33, 36)]
I1014 11:47:26.290458  5289 work_thread.hpp:81]  [T-Work-Recog_1] Run work: WorkRecog
W1014 11:47:26.290480  5289 work_recog.hpp:118] Face id: 3 has low quality : 0.0212762, no need to recog
I1014 11:47:26.290635  5289 work_thread.hpp:81]  [T-Work-Recog_1] Run work: WorkCompare
I1014 11:47:26.291671  5290 thread_intergrate.hpp:157] T-Intergrate-intergrate Show face :0, size :640 * 360
I1014 11:47:26.292280  5286 demo_inner.hpp:435] thread [SORT-0]  frame id 86 sorting queue size 0   FPS: 29.9551
I1014 11:47:26.307821  5288 work_thread.hpp:81]  [T-Work-Recog_0] Run work: WorkCompare
I1014 11:47:26.307931  5288 work_compare.cpp:76] Compare face: 0 successed, similarity :0.990569, name : images/thanglmb.jpg, normal size : 640 * 360!
I1014 11:47:26.317788  5284 demo_inner.hpp:177] decode queue size 0
I1014 11:47:26.317898  5287 work_thread.hpp:81]  [T-Work-Detect_0] Run work: WorkDetect
I1014 11:47:26.317934  5287 work_detect.cpp:102] Succeeded to add det start for frame 87
I1014 11:47:26.324795  5287 work_detect.cpp:70] Frame :87 detect result :2 face(s)
I1014 11:47:26.324841  5287 work_detect.cpp:86] Detected bbox: [129 x 180 from (313, 110)]
I1014 11:47:26.324874  5287 work_detect.cpp:86] Detected bbox: [29 x 35 from (119, 86)]
I1014 11:47:26.324904  5287 work_detect.cpp:120] Succeeded to add det end for frame 87
I1014 11:47:26.324920  5287 work_thread.hpp:81]  [T-Work-Detect_0] Run work: WrokTrack
I1014 11:47:26.324945  5287 work_track.cpp:82] Frame: 87 build input_characts: [0.201562 x 0.5 from (0.489062, 0.305556)], 1.00019, 0
I1014 11:47:26.324997  5287 work_track.cpp:82] Frame: 87 build input_characts: [0.0453125 x 0.0972222 from (0.185937, 0.238889)], 0.967082, 1
I1014 11:47:26.325033  5287 work_track.cpp:102] Succeeded to set track lock for frame 87
I1014 11:47:26.325078  5287 work_track.cpp:116] Succeeded to release track lock for frame 87
I1014 11:47:26.325091  5287 work_track.cpp:120] Track results of frame 87: 2 objects input, 2 objects tracked!
I1014 11:47:26.325184  5287 work_track.cpp:148] Frame: 87, track bbox: [129 x 180 from (313.727, 108.471)], gid: 0, lid: 0
I1014 11:47:26.325220  5287 work_track.cpp:148] Frame: 87, track bbox: [29 x 35 from (119.519, 85.3571)], gid: 3, lid: 1
I1014 11:47:26.325253  5287 work_thread.hpp:88]  [T-Work-Detect_0] Frame :87 split
I1014 11:47:26.325271  5287 work_thread.hpp:120]  [T-Work-Detect_0] Valid piece: gid = 0
I1014 11:47:26.325289  5287 work_thread.hpp:120]  [T-Work-Detect_0] Valid piece: gid = 3
I1014 11:47:26.325306  5287 work_thread.hpp:92]  [T-Work-Detect_0] Push to split queue:recog
I1014 11:47:26.325356  5288 work_thread.hpp:81]  [T-Work-Recog_0] Run work: WorkCapture
I1014 11:47:26.325634  5287 work_thread.hpp:92]  [T-Work-Detect_0] Push to split queue:recog
I1014 11:47:26.325672  5289 work_thread.hpp:81]  [T-Work-Recog_1] Run work: WorkCapture
I1014 11:47:26.325764  5290 thread_intergrate.hpp:78] [T-Intergrate-intergrate] queue: frame output frame :87
I1014 11:47:26.325814  5290 thread_intergrate.hpp:85] [T-Intergrate-intergrate] queue: compare output face:0
I1014 11:47:26.325843  5290 thread_intergrate.hpp:137] T-Intergrate-intergrate set matched face: 0
I1014 11:47:26.325918  5288 work_thread.hpp:81]  [T-Work-Recog_0] Run work: WorkRecog
I1014 11:47:26.325942  5288 work_recog.hpp:89] Face id: 0 will run recog: bbox [129 x 180 from (313, 110)] quality: 0.471403
I1014 11:47:26.325974  5288 work_recog.hpp:96] Recog pair: [184 x 256 from (288, 72)], [129 x 180 from (25, 38)]
I1014 11:47:26.326117  5289 work_thread.hpp:81]  [T-Work-Recog_1] Run work: WorkRecog
W1014 11:47:26.326138  5289 work_recog.hpp:118] Face id: 3 has low quality : 0.0238378, no need to recog
I1014 11:47:26.326606  5289 work_thread.hpp:81]  [T-Work-Recog_1] Run work: WorkCompare
I1014 11:47:26.327463  5290 thread_intergrate.hpp:157] T-Intergrate-intergrate Show face :0, size :640 * 360
I1014 11:47:26.328078  5286 demo_inner.hpp:435] thread [SORT-0]  frame id 87 sorting queue size 1   FPS: 29.9252
I1014 11:47:26.343840  5288 work_thread.hpp:81]  [T-Work-Recog_0] Run work: WorkCompare
I1014 11:47:26.343945  5288 work_compare.cpp:76] Compare face: 0 successed, similarity :0.984355, name : images/thanglmb.jpg, normal size : 640 * 360!
I1014 11:47:26.348680  5284 demo_inner.hpp:177] decode queue size 0
I1014 11:47:26.348778  5287 work_thread.hpp:81]  [T-Work-Detect_0] Run work: WorkDetect
I1014 11:47:26.348812  5287 work_detect.cpp:102] Succeeded to add det start for frame 88
I1014 11:47:26.355489  5287 work_detect.cpp:70] Frame :88 detect result :2 face(s)
I1014 11:47:26.355540  5287 work_detect.cpp:86] Detected bbox: [127 x 178 from (314, 110)]
I1014 11:47:26.355573  5287 work_detect.cpp:86] Detected bbox: [29 x 33 from (119, 85)]
I1014 11:47:26.355576  5285 demo_inner.hpp:260]  gui queue size 1, state = running
I1014 11:47:26.355605  5287 work_detect.cpp:120] Succeeded to add det end for frame 88
I1014 11:47:26.355621  5287 work_thread.hpp:81]  [T-Work-Detect_0] Run work: WrokTrack
I1014 11:47:26.355644  5287 work_track.cpp:82] Frame: 88 build input_characts: [0.198437 x 0.494444 from (0.490625, 0.305556)], 1.00019, 0
I1014 11:47:26.355700  5287 work_track.cpp:82] Frame: 88 build input_characts: [0.0453125 x 0.0916667 from (0.185937, 0.236111)], 0.920305, 1
I1014 11:47:26.355737  5287 work_track.cpp:102] Succeeded to set track lock for frame 88
I1014 11:47:26.355789  5287 work_track.cpp:116] Succeeded to release track lock for frame 88
I1014 11:47:26.355805  5287 work_track.cpp:120] Track results of frame 88: 2 objects input, 2 objects tracked!
I1014 11:47:26.355824  5287 work_track.cpp:148] Frame: 88, track bbox: [127 x 178 from (314.165, 109.6)], gid: 0, lid: 0
I1014 11:47:26.355859  5287 work_track.cpp:148] Frame: 88, track bbox: [29 x 33 from (118.645, 85.7588)], gid: 3, lid: 1
I1014 11:47:26.355892  5287 work_thread.hpp:88]  [T-Work-Detect_0] Frame :88 split
I1014 11:47:26.355911  5287 work_thread.hpp:120]  [T-Work-Detect_0] Valid piece: gid = 0
I1014 11:47:26.355929  5287 work_thread.hpp:120]  [T-Work-Detect_0] Valid piece: gid = 3
I1014 11:47:26.356040  5287 work_thread.hpp:92]  [T-Work-Detect_0] Push to split queue:recog
I1014 11:47:26.356073  5287 work_thread.hpp:92]  [T-Work-Detect_0] Push to split queue:recog
I1014 11:47:26.356129  5289 work_thread.hpp:81]  [T-Work-Recog_1] Run work: WorkCapture
I1014 11:47:26.356137  5290 thread_intergrate.hpp:78] [T-Intergrate-intergrate] queue: frame output frame :88
I1014 11:47:26.356144  5288 work_thread.hpp:81]  [T-Work-Recog_0] Run work: WorkCapture
I1014 11:47:26.356434  5290 thread_intergrate.hpp:85] [T-Intergrate-intergrate] queue: compare output face:0
I1014 11:47:26.356456  5290 thread_intergrate.hpp:137] T-Intergrate-intergrate set matched face: 0
I1014 11:47:26.356761  5289 work_thread.hpp:81]  [T-Work-Recog_1] Run work: WorkRecog
I1014 11:47:26.356788  5289 work_recog.hpp:89] Face id: 0 will run recog: bbox [127 x 178 from (314, 110)] quality: 0.472675
I1014 11:47:26.356822  5289 work_recog.hpp:96] Recog pair: [184 x 256 from (288, 72)], [127 x 178 from (26, 38)]
I1014 11:47:26.356927  5288 work_thread.hpp:81]  [T-Work-Recog_0] Run work: WorkRecog
W1014 11:47:26.356950  5288 work_recog.hpp:118] Face id: 3 has low quality : 0.00827168, no need to recog
I1014 11:47:26.357028  5288 work_thread.hpp:81]  [T-Work-Recog_0] Run work: WorkCompare
I1014 11:47:26.357987  5290 thread_intergrate.hpp:157] T-Intergrate-intergrate Show face :0, size :640 * 360
I1014 11:47:26.358664  5286 demo_inner.hpp:435] thread [SORT-0]  frame id 88 sorting queue size 0   FPS: 29.9252
I1014 11:47:26.374598  5289 work_thread.hpp:81]  [T-Work-Recog_1] Run work: WorkCompare
I1014 11:47:26.374707  5289 work_compare.cpp:76] Compare face: 0 successed, similarity :0.981533, name : images/thanglmb.jpg, normal size : 640 * 360!
I1014 11:47:26.384124  5284 demo_inner.hpp:177] decode queue size 0
I1014 11:47:26.384251  5287 work_thread.hpp:81]  [T-Work-Detect_0] Run work: WorkDetect
I1014 11:47:26.384285  5287 work_detect.cpp:102] Succeeded to add det start for frame 89
I1014 11:47:26.391032  5287 work_detect.cpp:70] Frame :89 detect result :2 face(s)
I1014 11:47:26.391077  5287 work_detect.cpp:86] Detected bbox: [145 x 194 from (309, 104)]
I1014 11:47:26.391109  5287 work_detect.cpp:86] Detected bbox: [30 x 34 from (118, 86)]
I1014 11:47:26.391140  5287 work_detect.cpp:120] Succeeded to add det end for frame 89
I1014 11:47:26.391156  5287 work_thread.hpp:81]  [T-Work-Detect_0] Run work: WrokTrack
I1014 11:47:26.391180  5287 work_track.cpp:82] Frame: 89 build input_characts: [0.226562 x 0.538889 from (0.482812, 0.288889)], 1.00019, 0
I1014 11:47:26.391232  5287 work_track.cpp:82] Frame: 89 build input_characts: [0.046875 x 0.0944444 from (0.184375, 0.238889)], 0.920305, 1
I1014 11:47:26.391268  5287 work_track.cpp:102] Succeeded to set track lock for frame 89
I1014 11:47:26.391315  5287 work_track.cpp:116] Succeeded to release track lock for frame 89
I1014 11:47:26.391330  5287 work_track.cpp:120] Track results of frame 89: 2 objects input, 2 objects tracked!
I1014 11:47:26.391347  5287 work_track.cpp:148] Frame: 89, track bbox: [145 x 194 from (307.188, 102.768)], gid: 0, lid: 0
I1014 11:47:26.391381  5287 work_track.cpp:148] Frame: 89, track bbox: [30 x 34 from (117.615, 85.3739)], gid: 3, lid: 1
I1014 11:47:26.391412  5287 work_thread.hpp:88]  [T-Work-Detect_0] Frame :89 split
I1014 11:47:26.391430  5287 work_thread.hpp:120]  [T-Work-Detect_0] Valid piece: gid = 0
I1014 11:47:26.391448  5287 work_thread.hpp:120]  [T-Work-Detect_0] Valid piece: gid = 3
I1014 11:47:26.391465  5287 work_thread.hpp:92]  [T-Work-Detect_0] Push to split queue:recog
I1014 11:47:26.391490  5287 work_thread.hpp:92]  [T-Work-Detect_0] Push to split queue:recog
I1014 11:47:26.391505  5289 work_thread.hpp:81]  [T-Work-Recog_1] Run work: WorkCapture
I1014 11:47:26.391533  5288 work_thread.hpp:81]  [T-Work-Recog_0] Run work: WorkCapture
I1014 11:47:26.391759  5290 thread_intergrate.hpp:78] [T-Intergrate-intergrate] queue: frame output frame :89
I1014 11:47:26.391798  5290 thread_intergrate.hpp:85] [T-Intergrate-intergrate] queue: compare output face:0
I1014 11:47:26.391816  5290 thread_intergrate.hpp:137] T-Intergrate-intergrate set matched face: 0
I1014 11:47:26.392021  5288 work_thread.hpp:81]  [T-Work-Recog_0] Run work: WorkRecog
W1014 11:47:26.392045  5288 work_recog.hpp:118] Face id: 3 has low quality : 0.0118568, no need to recog
I1014 11:47:26.392081  5289 work_thread.hpp:81]  [T-Work-Recog_1] Run work: WorkRecog
I1014 11:47:26.393481  5288 work_thread.hpp:81]  [T-Work-Recog_0] Run work: WorkCompare
I1014 11:47:26.393489  5289 work_recog.hpp:89] Face id: 0 will run recog: bbox [145 x 194 from (309, 104)] quality: 0.472927
I1014 11:47:26.393519  5289 work_recog.hpp:96] Recog pair: [208 x 272 from (280, 64)], [145 x 194 from (29, 40)]
I1014 11:47:26.393424  5290 thread_intergrate.hpp:157] T-Intergrate-intergrate Show face :0, size :640 * 360
I1014 11:47:26.394076  5286 demo_inner.hpp:435] thread [SORT-0]  frame id 89 sorting queue size 1   FPS: 29.9252
I1014 11:47:26.411147  5289 work_thread.hpp:81]  [T-Work-Recog_1] Run work: WorkCompare
I1014 11:47:26.411262  5289 work_compare.cpp:76] Compare face: 0 successed, similarity :0.979931, name : images/thanglmb.jpg, normal size : 640 * 360!
I1014 11:47:26.414402  5284 demo_inner.hpp:177] decode queue size 0
I1014 11:47:26.414476  5287 work_thread.hpp:81]  [T-Work-Detect_0] Run work: WorkDetect
I1014 11:47:26.414507  5287 work_detect.cpp:102] Succeeded to add det start for frame 90
I1014 11:47:26.421255  5287 work_detect.cpp:70] Frame :90 detect result :2 face(s)
I1014 11:47:26.421303  5287 work_detect.cpp:86] Detected bbox: [144 x 194 from (309, 102)]
I1014 11:47:26.421335  5287 work_detect.cpp:86] Detected bbox: [29 x 35 from (119, 86)]
I1014 11:47:26.421366  5287 work_detect.cpp:120] Succeeded to add det end for frame 90
I1014 11:47:26.421383  5287 work_thread.hpp:81]  [T-Work-Detect_0] Run work: WrokTrack
I1014 11:47:26.421407  5287 work_track.cpp:82] Frame: 90 build input_characts: [0.225 x 0.538889 from (0.482812, 0.283333)], 1.00008, 0
I1014 11:47:26.421458  5287 work_track.cpp:82] Frame: 90 build input_characts: [0.0453125 x 0.0972222 from (0.185937, 0.238889)], 0.959737, 1
I1014 11:47:26.421494  5287 work_track.cpp:102] Succeeded to set track lock for frame 90
I1014 11:47:26.421537  5287 work_track.cpp:116] Succeeded to release track lock for frame 90
I1014 11:47:26.421552  5287 work_track.cpp:120] Track results of frame 90: 2 objects input, 2 objects tracked!
I1014 11:47:26.421569  5287 work_track.cpp:148] Frame: 90, track bbox: [144 x 194 from (307.954, 102.671)], gid: 0, lid: 0
I1014 11:47:26.421603  5287 work_track.cpp:148] Frame: 90, track bbox: [29 x 35 from (118.311, 85.6395)], gid: 3, lid: 1
I1014 11:47:26.421636  5287 work_thread.hpp:88]  [T-Work-Detect_0] Frame :90 split
I1014 11:47:26.421653  5287 work_thread.hpp:120]  [T-Work-Detect_0] Valid piece: gid = 0
I1014 11:47:26.421671  5287 work_thread.hpp:120]  [T-Work-Detect_0] Valid piece: gid = 3
I1014 11:47:26.421689  5287 work_thread.hpp:92]  [T-Work-Detect_0] Push to split queue:recog
I1014 11:47:26.421739  5288 work_thread.hpp:81]  [T-Work-Recog_0] Run work: WorkCapture
I1014 11:47:26.422014  5287 work_thread.hpp:92]  [T-Work-Detect_0] Push to split queue:recog
I1014 11:47:26.422050  5289 work_thread.hpp:81]  [T-Work-Recog_1] Run work: WorkCapture
I1014 11:47:26.422065  5290 thread_intergrate.hpp:78] [T-Intergrate-intergrate] queue: frame output frame :90
I1014 11:47:26.422119  5290 thread_intergrate.hpp:85] [T-Intergrate-intergrate] queue: compare output face:0
I1014 11:47:26.422139  5290 thread_intergrate.hpp:137] T-Intergrate-intergrate set matched face: 0
I1014 11:47:26.422296  5288 work_thread.hpp:81]  [T-Work-Recog_0] Run work: WorkRecog
I1014 11:47:26.422317  5288 work_recog.hpp:89] Face id: 0 will run recog: bbox [144 x 194 from (309, 102)] quality: 0.46848
I1014 11:47:26.422348  5288 work_recog.hpp:96] Recog pair: [208 x 272 from (280, 64)], [144 x 194 from (29, 38)]
I1014 11:47:26.422494  5289 work_thread.hpp:81]  [T-Work-Recog_1] Run work: WorkRecog
W1014 11:47:26.422515  5289 work_recog.hpp:118] Face id: 3 has low quality : 0.0212755, no need to recog
I1014 11:47:26.422662  5289 work_thread.hpp:81]  [T-Work-Recog_1] Run work: WorkCompare
I1014 11:47:26.423172  5285 demo_inner.hpp:260]  gui queue size 1, state = running
I1014 11:47:26.423807  5290 thread_intergrate.hpp:157] T-Intergrate-intergrate Show face :0, size :640 * 360
I1014 11:47:26.424615  5286 demo_inner.hpp:435] thread [SORT-0]  frame id 90 sorting queue size 0   FPS: 29.9252
I1014 11:47:26.440595  5288 work_thread.hpp:81]  [T-Work-Recog_0] Run work: WorkCompare
I1014 11:47:26.440714  5288 work_compare.cpp:76] Compare face: 0 successed, similarity :0.987722, name : images/thanglmb.jpg, normal size : 640 * 360!
I1014 11:47:26.449957  5284 demo_inner.hpp:177] decode queue size 0
I1014 11:47:26.450055  5287 work_thread.hpp:81]  [T-Work-Detect_0] Run work: WorkDetect
I1014 11:47:26.450090  5287 work_detect.cpp:102] Succeeded to add det start for frame 91
I1014 11:47:26.456893  5287 work_detect.cpp:70] Frame :91 detect result :2 face(s)
I1014 11:47:26.456943  5287 work_detect.cpp:86] Detected bbox: [129 x 177 from (310, 109)]
I1014 11:47:26.456976  5287 work_detect.cpp:86] Detected bbox: [29 x 33 from (119, 87)]
I1014 11:47:26.457008  5287 work_detect.cpp:120] Succeeded to add det end for frame 91
I1014 11:47:26.457024  5287 work_thread.hpp:81]  [T-Work-Detect_0] Run work: WrokTrack
I1014 11:47:26.457047  5287 work_track.cpp:82] Frame: 91 build input_characts: [0.201562 x 0.491667 from (0.484375, 0.302778)], 0.999622, 0
I1014 11:47:26.457098  5287 work_track.cpp:82] Frame: 91 build input_characts: [0.0453125 x 0.0916667 from (0.185937, 0.241667)], 0.947697, 1
I1014 11:47:26.457134  5287 work_track.cpp:102] Succeeded to set track lock for frame 91
I1014 11:47:26.457178  5287 work_track.cpp:116] Succeeded to release track lock for frame 91
I1014 11:47:26.457193  5287 work_track.cpp:120] Track results of frame 91: 2 objects input, 2 objects tracked!
I1014 11:47:26.457211  5287 work_track.cpp:148] Frame: 91, track bbox: [129 x 177 from (313.572, 110.152)], gid: 0, lid: 0
I1014 11:47:26.457244  5287 work_track.cpp:148] Frame: 91, track bbox: [29 x 33 from (118.402, 87.1608)], gid: 3, lid: 1
I1014 11:47:26.457278  5287 work_thread.hpp:88]  [T-Work-Detect_0] Frame :91 split
I1014 11:47:26.457295  5287 work_thread.hpp:120]  [T-Work-Detect_0] Valid piece: gid = 0
I1014 11:47:26.457314  5287 work_thread.hpp:120]  [T-Work-Detect_0] Valid piece: gid = 3
I1014 11:47:26.457330  5287 work_thread.hpp:92]  [T-Work-Detect_0] Push to split queue:recog
I1014 11:47:26.457376  5288 work_thread.hpp:81]  [T-Work-Recog_0] Run work: WorkCapture
I1014 11:47:26.457656  5287 work_thread.hpp:92]  [T-Work-Detect_0] Push to split queue:recog
I1014 11:47:26.457695  5289 work_thread.hpp:81]  [T-Work-Recog_1] Run work: WorkCapture
I1014 11:47:26.457751  5290 thread_intergrate.hpp:78] [T-Intergrate-intergrate] queue: frame output frame :91
I1014 11:47:26.457782  5290 thread_intergrate.hpp:85] [T-Intergrate-intergrate] queue: compare output face:0
I1014 11:47:26.457800  5290 thread_intergrate.hpp:137] T-Intergrate-intergrate set matched face: 0
I1014 11:47:26.457934  5288 work_thread.hpp:81]  [T-Work-Recog_0] Run work: WorkRecog
I1014 11:47:26.457957  5288 work_recog.hpp:89] Face id: 0 will run recog: bbox [129 x 177 from (310, 109)] quality: 0.467576
I1014 11:47:26.457988  5288 work_recog.hpp:96] Recog pair: [184 x 256 from (280, 72)], [129 x 177 from (30, 37)]
I1014 11:47:26.458132  5289 work_thread.hpp:81]  [T-Work-Recog_1] Run work: WorkRecog
W1014 11:47:26.458153  5289 work_recog.hpp:118] Face id: 3 has low quality : 0.0133512, no need to recog
I1014 11:47:26.458253  5289 work_thread.hpp:81]  [T-Work-Recog_1] Run work: WorkCompare
I1014 11:47:26.459182  5290 thread_intergrate.hpp:157] T-Intergrate-intergrate Show face :0, size :640 * 360
I1014 11:47:26.459709  5286 demo_inner.hpp:435] thread [SORT-0]  frame id 91 sorting queue size 1   FPS: 29.9401
I1014 11:47:26.475626  5288 work_thread.hpp:81]  [T-Work-Recog_0] Run work: WorkCompare
I1014 11:47:26.475731  5288 work_compare.cpp:76] Compare face: 0 successed, similarity :0.986931, name : images/thanglmb.jpg, normal size : 640 * 360!
I1014 11:47:26.485787  5284 demo_inner.hpp:177] decode queue size 0
I1014 11:47:26.485894  5287 work_thread.hpp:81]  [T-Work-Detect_0] Run work: WorkDetect
I1014 11:47:26.485958  5287 work_detect.cpp:102] Succeeded to add det start for frame 92
I1014 11:47:26.492828  5287 work_detect.cpp:70] Frame :92 detect result :2 face(s)
I1014 11:47:26.492885  5287 work_detect.cpp:86] Detected bbox: [127 x 177 from (311, 109)]
I1014 11:47:26.492921  5287 work_detect.cpp:86] Detected bbox: [31 x 38 from (118, 86)]
I1014 11:47:26.492954  5287 work_detect.cpp:120] Succeeded to add det end for frame 92
I1014 11:47:26.492971  5287 work_thread.hpp:81]  [T-Work-Detect_0] Run work: WrokTrack
I1014 11:47:26.492996  5287 work_track.cpp:82] Frame: 92 build input_characts: [0.198437 x 0.491667 from (0.485938, 0.302778)], 0.999622, 0
I1014 11:47:26.493052  5287 work_track.cpp:82] Frame: 92 build input_characts: [0.0484375 x 0.105556 from (0.184375, 0.238889)], 0.951921, 1
I1014 11:47:26.493088  5287 work_track.cpp:102] Succeeded to set track lock for frame 92
I1014 11:47:26.493137  5287 work_track.cpp:116] Succeeded to release track lock for frame 92
I1014 11:47:26.493152  5287 work_track.cpp:120] Track results of frame 92: 2 objects input, 2 objects tracked!
I1014 11:47:26.493171  5287 work_track.cpp:148] Frame: 92, track bbox: [127 x 177 from (312.573, 109.159)], gid: 0, lid: 0
I1014 11:47:26.493206  5287 work_track.cpp:148] Frame: 92, track bbox: [31 x 38 from (117.947, 85.3284)], gid: 3, lid: 1
I1014 11:47:26.493240  5287 work_thread.hpp:88]  [T-Work-Detect_0] Frame :92 split
I1014 11:47:26.493258  5287 work_thread.hpp:120]  [T-Work-Detect_0] Valid piece: gid = 0
I1014 11:47:26.493278  5287 work_thread.hpp:120]  [T-Work-Detect_0] Valid piece: gid = 3
I1014 11:47:26.493294  5287 work_thread.hpp:92]  [T-Work-Detect_0] Push to split queue:recog
I1014 11:47:26.493358  5288 work_thread.hpp:81]  [T-Work-Recog_0] Run work: WorkCapture
I1014 11:47:26.493660  5287 work_thread.hpp:92]  [T-Work-Detect_0] Push to split queue:recog
I1014 11:47:26.493717  5289 work_thread.hpp:81]  [T-Work-Recog_1] Run work: WorkCapture
I1014 11:47:26.493739  5290 thread_intergrate.hpp:78] [T-Intergrate-intergrate] queue: frame output frame :92
I1014 11:47:26.493767  5290 thread_intergrate.hpp:85] [T-Intergrate-intergrate] queue: compare output face:0
I1014 11:47:26.493788  5290 thread_intergrate.hpp:137] T-Intergrate-intergrate set matched face: 0
I1014 11:47:26.494216  5289 work_thread.hpp:81]  [T-Work-Recog_1] Run work: WorkRecog
W1014 11:47:26.494242  5289 work_recog.hpp:118] Face id: 3 has low quality : 0.0189648, no need to recog
I1014 11:47:26.494350  5289 work_thread.hpp:81]  [T-Work-Recog_1] Run work: WorkCompare
I1014 11:47:26.494586  5288 work_thread.hpp:81]  [T-Work-Recog_0] Run work: WorkRecog
I1014 11:47:26.494611  5288 work_recog.hpp:89] Face id: 0 will run recog: bbox [127 x 177 from (311, 109)] quality: 0.458743
I1014 11:47:26.494638  5288 work_recog.hpp:96] Recog pair: [184 x 256 from (280, 72)], [127 x 177 from (31, 37)]
I1014 11:47:26.495194  5290 thread_intergrate.hpp:157] T-Intergrate-intergrate Show face :0, size :640 * 360
I1014 11:47:26.495760  5286 demo_inner.hpp:435] thread [SORT-0]  frame id 92 sorting queue size 2   FPS: 29.9252
I1014 11:47:26.495990  5285 demo_inner.hpp:260]  gui queue size 2, state = running
I1014 11:47:26.514036  5288 work_thread.hpp:81]  [T-Work-Recog_0] Run work: WorkCompare
I1014 11:47:26.514148  5288 work_compare.cpp:76] Compare face: 0 successed, similarity :0.986579, name : images/thanglmb.jpg, normal size : 640 * 360!
I1014 11:47:26.516394  5284 demo_inner.hpp:177] decode queue size 0
I1014 11:47:26.516471  5287 work_thread.hpp:81]  [T-Work-Detect_0] Run work: WorkDetect
I1014 11:47:26.516505  5287 work_detect.cpp:102] Succeeded to add det start for frame 93
I1014 11:47:26.523252  5287 work_detect.cpp:70] Frame :93 detect result :2 face(s)
I1014 11:47:26.523295  5287 work_detect.cpp:86] Detected bbox: [136 x 185 from (306, 102)]
I1014 11:47:26.523329  5287 work_detect.cpp:86] Detected bbox: [30 x 34 from (119, 86)]
I1014 11:47:26.523440  5287 work_detect.cpp:120] Succeeded to add det end for frame 93
I1014 11:47:26.523458  5287 work_thread.hpp:81]  [T-Work-Detect_0] Run work: WrokTrack
I1014 11:47:26.523483  5287 work_track.cpp:82] Frame: 93 build input_characts: [0.2125 x 0.513889 from (0.478125, 0.283333)], 1.00019, 0
I1014 11:47:26.523535  5287 work_track.cpp:82] Frame: 93 build input_characts: [0.046875 x 0.0944444 from (0.185937, 0.238889)], 0.947697, 1
I1014 11:47:26.523572  5287 work_track.cpp:102] Succeeded to set track lock for frame 93
I1014 11:47:26.523617  5287 work_track.cpp:116] Succeeded to release track lock for frame 93
I1014 11:47:26.523631  5287 work_track.cpp:120] Track results of frame 93: 2 objects input, 2 objects tracked!
I1014 11:47:26.523649  5287 work_track.cpp:148] Frame: 93, track bbox: [136 x 185 from (305.984, 103.123)], gid: 0, lid: 0
I1014 11:47:26.523682  5287 work_track.cpp:148] Frame: 93, track bbox: [30 x 34 from (118.789, 87.2139)], gid: 3, lid: 1
I1014 11:47:26.523715  5287 work_thread.hpp:88]  [T-Work-Detect_0] Frame :93 split
I1014 11:47:26.523733  5287 work_thread.hpp:120]  [T-Work-Detect_0] Valid piece: gid = 0
I1014 11:47:26.523751  5287 work_thread.hpp:120]  [T-Work-Detect_0] Valid piece: gid = 3
I1014 11:47:26.523767  5287 work_thread.hpp:92]  [T-Work-Detect_0] Push to split queue:recog
I1014 11:47:26.523825  5288 work_thread.hpp:81]  [T-Work-Recog_0] Run work: WorkCapture
I1014 11:47:26.524106  5287 work_thread.hpp:92]  [T-Work-Detect_0] Push to split queue:recog
I1014 11:47:26.524150  5289 work_thread.hpp:81]  [T-Work-Recog_1] Run work: WorkCapture
I1014 11:47:26.524174  5290 thread_intergrate.hpp:78] [T-Intergrate-intergrate] queue: frame output frame :93
I1014 11:47:26.524201  5290 thread_intergrate.hpp:85] [T-Intergrate-intergrate] queue: compare output face:0
I1014 11:47:26.524220  5290 thread_intergrate.hpp:137] T-Intergrate-intergrate set matched face: 0
I1014 11:47:26.524629  5289 work_thread.hpp:81]  [T-Work-Recog_1] Run work: WorkRecog
W1014 11:47:26.524652  5289 work_recog.hpp:118] Face id: 3 has low quality : 0.0118568, no need to recog
I1014 11:47:26.525712  5289 work_thread.hpp:81]  [T-Work-Recog_1] Run work: WorkCompare
I1014 11:47:26.525617  5288 work_thread.hpp:81]  [T-Work-Recog_0] Run work: WorkRecog
I1014 11:47:26.525647  5290 thread_intergrate.hpp:157] T-Intergrate-intergrate Show face :0, size :640 * 360
I1014 11:47:26.525748  5288 work_recog.hpp:89] Face id: 0 will run recog: bbox [136 x 185 from (306, 102)] quality: 0.469424
I1014 11:47:26.525784  5288 work_recog.hpp:96] Recog pair: [200 x 264 from (272, 64)], [136 x 185 from (34, 38)]
I1014 11:47:26.526232  5286 demo_inner.hpp:435] thread [SORT-0]  frame id 93 sorting queue size 0   FPS: 29.9401
I1014 11:47:26.543383  5288 work_thread.hpp:81]  [T-Work-Recog_0] Run work: WorkCompare
I1014 11:47:26.543490  5288 work_compare.cpp:76] Compare face: 0 successed, similarity :0.964955, name : images/thanglmb.jpg, normal size : 640 * 360!
I1014 11:47:26.552392  5284 demo_inner.hpp:177] decode queue size 0
I1014 11:47:26.552503  5287 work_thread.hpp:81]  [T-Work-Detect_0] Run work: WorkDetect
I1014 11:47:26.552536  5287 work_detect.cpp:102] Succeeded to add det start for frame 94
I1014 11:47:26.559118  5287 work_detect.cpp:70] Frame :94 detect result :2 face(s)
I1014 11:47:26.559164  5287 work_detect.cpp:86] Detected bbox: [137 x 187 from (305, 100)]
I1014 11:47:26.559195  5287 work_detect.cpp:86] Detected bbox: [29 x 35 from (121, 86)]
I1014 11:47:26.559226  5287 work_detect.cpp:120] Succeeded to add det end for frame 94
I1014 11:47:26.559242  5287 work_thread.hpp:81]  [T-Work-Detect_0] Run work: WrokTrack
I1014 11:47:26.559265  5287 work_track.cpp:82] Frame: 94 build input_characts: [0.214062 x 0.519444 from (0.476562, 0.277778)], 1.00019, 0
I1014 11:47:26.559316  5287 work_track.cpp:82] Frame: 94 build input_characts: [0.0453125 x 0.0972222 from (0.189063, 0.238889)], 0.962122, 1
I1014 11:47:26.559352  5287 work_track.cpp:102] Succeeded to set track lock for frame 94
I1014 11:47:26.559471  5287 work_track.cpp:116] Succeeded to release track lock for frame 94
I1014 11:47:26.559489  5287 work_track.cpp:120] Track results of frame 94: 2 objects input, 2 objects tracked!
I1014 11:47:26.559506  5287 work_track.cpp:148] Frame: 94, track bbox: [137 x 187 from (303.695, 100.027)], gid: 0, lid: 0
I1014 11:47:26.559540  5287 work_track.cpp:148] Frame: 94, track bbox: [29 x 35 from (120.344, 86.2605)], gid: 3, lid: 1
I1014 11:47:26.559572  5287 work_thread.hpp:88]  [T-Work-Detect_0] Frame :94 split
I1014 11:47:26.559590  5287 work_thread.hpp:120]  [T-Work-Detect_0] Valid piece: gid = 0
I1014 11:47:26.559608  5287 work_thread.hpp:120]  [T-Work-Detect_0] Valid piece: gid = 3
I1014 11:47:26.559625  5287 work_thread.hpp:92]  [T-Work-Detect_0] Push to split queue:recog
I1014 11:47:26.559650  5287 work_thread.hpp:92]  [T-Work-Detect_0] Push to split queue:recog
I1014 11:47:26.559667  5288 work_thread.hpp:81]  [T-Work-Recog_0] Run work: WorkCapture
I1014 11:47:26.559689  5289 work_thread.hpp:81]  [T-Work-Recog_1] Run work: WorkCapture
I1014 11:47:26.559907  5290 thread_intergrate.hpp:78] [T-Intergrate-intergrate] queue: frame output frame :94
I1014 11:47:26.559934  5290 thread_intergrate.hpp:85] [T-Intergrate-intergrate] queue: compare output face:0
I1014 11:47:26.559952  5290 thread_intergrate.hpp:137] T-Intergrate-intergrate set matched face: 0
I1014 11:47:26.560261  5288 work_thread.hpp:81]  [T-Work-Recog_0] Run work: WorkRecog
I1014 11:47:26.560286  5288 work_recog.hpp:89] Face id: 0 will run recog: bbox [137 x 187 from (305, 100)] quality: 0.468736
I1014 11:47:26.560314  5288 work_recog.hpp:96] Recog pair: [200 x 272 from (272, 56)], [137 x 187 from (33, 44)]
I1014 11:47:26.561188  5290 thread_intergrate.hpp:157] T-Intergrate-intergrate Show face :0, size :640 * 360
I1014 11:47:26.561385  5289 work_thread.hpp:81]  [T-Work-Recog_1] Run work: WorkRecog
W1014 11:47:26.561408  5289 work_recog.hpp:118] Face id: 3 has low quality : 0.0189653, no need to recog
I1014 11:47:26.561513  5289 work_thread.hpp:81]  [T-Work-Recog_1] Run work: WorkCompare
I1014 11:47:26.561743  5286 demo_inner.hpp:435] thread [SORT-0]  frame id 94 sorting queue size 1   FPS: 29.9252
I1014 11:47:26.562686  5285 demo_inner.hpp:260]  gui queue size 1, state = running
I1014 11:47:26.578150  5288 work_thread.hpp:81]  [T-Work-Recog_0] Run work: WorkCompare
I1014 11:47:26.578258  5288 work_compare.cpp:76] Compare face: 0 successed, similarity :0.967169, name : images/thanglmb.jpg, normal size : 640 * 360!
I1014 11:47:26.584144  5284 demo_inner.hpp:177] decode queue size 0
I1014 11:47:26.584254  5287 work_thread.hpp:81]  [T-Work-Detect_0] Run work: WorkDetect
I1014 11:47:26.584290  5287 work_detect.cpp:102] Succeeded to add det start for frame 95
I1014 11:47:26.590977  5287 work_detect.cpp:70] Frame :95 detect result :2 face(s)
I1014 11:47:26.591032  5287 work_detect.cpp:86] Detected bbox: [143 x 192 from (299, 96)]
I1014 11:47:26.591065  5287 work_detect.cpp:86] Detected bbox: [29 x 35 from (121, 85)]
I1014 11:47:26.591096  5287 work_detect.cpp:120] Succeeded to add det end for frame 95
I1014 11:47:26.591114  5287 work_thread.hpp:81]  [T-Work-Detect_0] Run work: WrokTrack
I1014 11:47:26.591137  5287 work_track.cpp:82] Frame: 95 build input_characts: [0.223438 x 0.533333 from (0.467187, 0.266667)], 0.999622, 0
I1014 11:47:26.591187  5287 work_track.cpp:82] Frame: 95 build input_characts: [0.0453125 x 0.0972222 from (0.189063, 0.236111)], 0.968742, 1
I1014 11:47:26.591224  5287 work_track.cpp:102] Succeeded to set track lock for frame 95
I1014 11:47:26.591269  5287 work_track.cpp:116] Succeeded to release track lock for frame 95
I1014 11:47:26.591284  5287 work_track.cpp:120] Track results of frame 95: 2 objects input, 2 objects tracked!
I1014 11:47:26.591300  5287 work_track.cpp:148] Frame: 95, track bbox: [143 x 192 from (299.239, 96.1133)], gid: 0, lid: 0
I1014 11:47:26.591334  5287 work_track.cpp:148] Frame: 95, track bbox: [29 x 35 from (120.934, 85.496)], gid: 3, lid: 1
I1014 11:47:26.591367  5287 work_thread.hpp:88]  [T-Work-Detect_0] Frame :95 split
I1014 11:47:26.591456  5287 work_thread.hpp:120]  [T-Work-Detect_0] Valid piece: gid = 0
I1014 11:47:26.591476  5287 work_thread.hpp:120]  [T-Work-Detect_0] Valid piece: gid = 3
I1014 11:47:26.591495  5287 work_thread.hpp:92]  [T-Work-Detect_0] Push to split queue:recog
I1014 11:47:26.591570  5289 work_thread.hpp:81]  [T-Work-Recog_1] Run work: WorkCapture
I1014 11:47:26.591856  5287 work_thread.hpp:92]  [T-Work-Detect_0] Push to split queue:recog
I1014 11:47:26.591897  5288 work_thread.hpp:81]  [T-Work-Recog_0] Run work: WorkCapture
I1014 11:47:26.591907  5290 thread_intergrate.hpp:78] [T-Intergrate-intergrate] queue: frame output frame :95
I1014 11:47:26.591931  5290 thread_intergrate.hpp:85] [T-Intergrate-intergrate] queue: compare output face:0
I1014 11:47:26.591949  5290 thread_intergrate.hpp:137] T-Intergrate-intergrate set matched face: 0
I1014 11:47:26.592370  5288 work_thread.hpp:81]  [T-Work-Recog_0] Run work: WorkRecog
W1014 11:47:26.592393  5288 work_recog.hpp:118] Face id: 3 has low quality : 0.0212758, no need to recog
I1014 11:47:26.592665  5289 work_thread.hpp:81]  [T-Work-Recog_1] Run work: WorkRecog
I1014 11:47:26.593235  5288 work_thread.hpp:81]  [T-Work-Recog_0] Run work: WorkCompare
I1014 11:47:26.593245  5289 work_recog.hpp:89] Face id: 0 will run recog: bbox [143 x 192 from (299, 96)] quality: 0.446678
I1014 11:47:26.593274  5289 work_recog.hpp:96] Recog pair: [208 x 272 from (264, 56)], [143 x 192 from (35, 40)]
I1014 11:47:26.593179  5290 thread_intergrate.hpp:157] T-Intergrate-intergrate Show face :0, size :640 * 360
I1014 11:47:26.594492  5286 demo_inner.hpp:435] thread [SORT-0]  frame id 95 sorting queue size 0   FPS: 29.8954
I1014 11:47:26.610942  5289 work_thread.hpp:81]  [T-Work-Recog_1] Run work: WorkCompare
I1014 11:47:26.611049  5289 work_compare.cpp:76] Compare face: 0 successed, similarity :0.980036, name : images/thanglmb.jpg, normal size : 640 * 360!
I1014 11:47:26.618304  5284 demo_inner.hpp:177] decode queue size 0
I1014 11:47:26.618415  5287 work_thread.hpp:81]  [T-Work-Detect_0] Run work: WorkDetect
I1014 11:47:26.618451  5287 work_detect.cpp:102] Succeeded to add det start for frame 96
I1014 11:47:26.625175  5287 work_detect.cpp:70] Frame :96 detect result :2 face(s)
I1014 11:47:26.625226  5287 work_detect.cpp:86] Detected bbox: [141 x 186 from (300, 99)]
I1014 11:47:26.625258  5287 work_detect.cpp:86] Detected bbox: [28 x 34 from (121, 86)]
I1014 11:47:26.625289  5287 work_detect.cpp:120] Succeeded to add det end for frame 96
I1014 11:47:26.625305  5287 work_thread.hpp:81]  [T-Work-Detect_0] Run work: WrokTrack
I1014 11:47:26.625329  5287 work_track.cpp:82] Frame: 96 build input_characts: [0.220313 x 0.516667 from (0.46875, 0.275)], 0.999622, 0
I1014 11:47:26.625381  5287 work_track.cpp:82] Frame: 96 build input_characts: [0.04375 x 0.0944444 from (0.189063, 0.238889)], 0.977486, 1
I1014 11:47:26.625417  5287 work_track.cpp:102] Succeeded to set track lock for frame 96
I1014 11:47:26.625463  5287 work_track.cpp:116] Succeeded to release track lock for frame 96
I1014 11:47:26.625478  5287 work_track.cpp:120] Track results of frame 96: 2 objects input, 2 objects tracked!
I1014 11:47:26.625495  5287 work_track.cpp:148] Frame: 96, track bbox: [141 x 186 from (300.12, 98.3025)], gid: 0, lid: 0
I1014 11:47:26.625530  5287 work_track.cpp:148] Frame: 96, track bbox: [28 x 34 from (121.559, 85.7464)], gid: 3, lid: 1
I1014 11:47:26.625562  5287 work_thread.hpp:88]  [T-Work-Detect_0] Frame :96 split
I1014 11:47:26.625579  5287 work_thread.hpp:120]  [T-Work-Detect_0] Valid piece: gid = 0
I1014 11:47:26.625597  5287 work_thread.hpp:120]  [T-Work-Detect_0] Valid piece: gid = 3
I1014 11:47:26.625614  5287 work_thread.hpp:92]  [T-Work-Detect_0] Push to split queue:recog
I1014 11:47:26.625659  5289 work_thread.hpp:81]  [T-Work-Recog_1] Run work: WorkCapture
I1014 11:47:26.625943  5287 work_thread.hpp:92]  [T-Work-Detect_0] Push to split queue:recog
I1014 11:47:26.625989  5288 work_thread.hpp:81]  [T-Work-Recog_0] Run work: WorkCapture
I1014 11:47:26.626008  5290 thread_intergrate.hpp:78] [T-Intergrate-intergrate] queue: frame output frame :96
I1014 11:47:26.626152  5290 thread_intergrate.hpp:85] [T-Intergrate-intergrate] queue: compare output face:0
I1014 11:47:26.626173  5290 thread_intergrate.hpp:137] T-Intergrate-intergrate set matched face: 0
I1014 11:47:26.626663  5288 work_thread.hpp:81]  [T-Work-Recog_0] Run work: WorkRecog
W1014 11:47:26.626688  5288 work_recog.hpp:118] Face id: 3 has low quality : 0.0168876, no need to recog
I1014 11:47:26.627429  5288 work_thread.hpp:81]  [T-Work-Recog_0] Run work: WorkCompare
I1014 11:47:26.626785  5289 work_thread.hpp:81]  [T-Work-Recog_1] Run work: WorkRecog
I1014 11:47:26.627374  5290 thread_intergrate.hpp:157] T-Intergrate-intergrate Show face :0, size :640 * 360
I1014 11:47:26.627467  5289 work_recog.hpp:89] Face id: 0 will run recog: bbox [141 x 186 from (300, 99)] quality: 0.474621
I1014 11:47:26.627497  5289 work_recog.hpp:96] Recog pair: [200 x 272 from (272, 56)], [141 x 186 from (28, 43)]
I1014 11:47:26.627993  5286 demo_inner.hpp:435] thread [SORT-0]  frame id 96 sorting queue size 1   FPS: 29.9252
I1014 11:47:26.645078  5289 work_thread.hpp:81]  [T-Work-Recog_1] Run work: WorkCompare
I1014 11:47:26.645191  5289 work_compare.cpp:76] Compare face: 0 successed, similarity :0.984613, name : images/thanglmb.jpg, normal size : 640 * 360!
I1014 11:47:26.648404  5284 demo_inner.hpp:177] decode queue size 0
I1014 11:47:26.648485  5287 work_thread.hpp:81]  [T-Work-Detect_0] Run work: WorkDetect
I1014 11:47:26.648519  5287 work_detect.cpp:102] Succeeded to add det start for frame 97
I1014 11:47:26.655129  5287 work_detect.cpp:70] Frame :97 detect result :2 face(s)
I1014 11:47:26.655170  5287 work_detect.cpp:86] Detected bbox: [133 x 173 from (303, 98)]
I1014 11:47:26.655203  5287 work_detect.cpp:86] Detected bbox: [29 x 32 from (120, 86)]
I1014 11:47:26.655236  5287 work_detect.cpp:120] Succeeded to add det end for frame 97
I1014 11:47:26.655251  5287 work_thread.hpp:81]  [T-Work-Detect_0] Run work: WrokTrack
I1014 11:47:26.655275  5287 work_track.cpp:82] Frame: 97 build input_characts: [0.207813 x 0.480556 from (0.473437, 0.272222)], 0.997358, 0
I1014 11:47:26.655328  5287 work_track.cpp:82] Frame: 97 build input_characts: [0.0453125 x 0.0888889 from (0.1875, 0.238889)], 0.962067, 1
I1014 11:47:26.655365  5287 work_track.cpp:102] Succeeded to set track lock for frame 97
I1014 11:47:26.655409  5287 work_track.cpp:116] Succeeded to release track lock for frame 97
I1014 11:47:26.655423  5287 work_track.cpp:120] Track results of frame 97: 2 objects input, 2 objects tracked!
I1014 11:47:26.655441  5287 work_track.cpp:148] Frame: 97, track bbox: [133 x 173 from (302.922, 100.58)], gid: 0, lid: 0
I1014 11:47:26.655475  5287 work_track.cpp:148] Frame: 97, track bbox: [29 x 32 from (120.74, 86.0296)], gid: 3, lid: 1
I1014 11:47:26.655508  5287 work_thread.hpp:88]  [T-Work-Detect_0] Frame :97 split
I1014 11:47:26.655524  5287 work_thread.hpp:120]  [T-Work-Detect_0] Valid piece: gid = 0
I1014 11:47:26.655542  5287 work_thread.hpp:120]  [T-Work-Detect_0] Valid piece: gid = 3
I1014 11:47:26.655560  5287 work_thread.hpp:92]  [T-Work-Detect_0] Push to split queue:recog
I1014 11:47:26.655586  5287 work_thread.hpp:92]  [T-Work-Detect_0] Push to split queue:recog
I1014 11:47:26.655601  5288 work_thread.hpp:81]  [T-Work-Recog_0] Run work: WorkCapture
I1014 11:47:26.655637  5290 thread_intergrate.hpp:78] [T-Intergrate-intergrate] queue: frame output frame :97
I1014 11:47:26.655663  5290 thread_intergrate.hpp:85] [T-Intergrate-intergrate] queue: compare output face:0
I1014 11:47:26.655680  5290 thread_intergrate.hpp:137] T-Intergrate-intergrate set matched face: 0
I1014 11:47:26.655897  5289 work_thread.hpp:81]  [T-Work-Recog_1] Run work: WorkCapture
I1014 11:47:26.656213  5288 work_thread.hpp:81]  [T-Work-Recog_0] Run work: WorkRecog
I1014 11:47:26.656239  5288 work_recog.hpp:89] Face id: 0 will run recog: bbox [133 x 173 from (303, 98)] quality: 0.477212
I1014 11:47:26.656270  5288 work_recog.hpp:96] Recog pair: [192 x 248 from (272, 64)], [133 x 173 from (31, 34)]
I1014 11:47:26.656605  5289 work_thread.hpp:81]  [T-Work-Recog_1] Run work: WorkRecog
W1014 11:47:26.656627  5289 work_recog.hpp:118] Face id: 3 has low quality : 0.00933205, no need to recog
I1014 11:47:26.656925  5290 thread_intergrate.hpp:157] T-Intergrate-intergrate Show face :0, size :640 * 360
I1014 11:47:26.657413  5289 work_thread.hpp:81]  [T-Work-Recog_1] Run work: WorkCompare
I1014 11:47:26.657961  5286 demo_inner.hpp:435] thread [SORT-0]  frame id 97 sorting queue size 2   FPS: 29.9252
