I1014 10:52:24.349637  4372 work_detect.cpp:86] Detected bbox: [152 x 195 from (254, 129)]
I1014 10:52:24.349679  4372 work_detect.cpp:120] Succeeded to add det end for frame 203
I1014 10:52:24.349695  4372 work_thread.hpp:81]  [T-Work-Detect_0] Run work: WrokTrack
I1014 10:52:24.349720  4372 work_track.cpp:82] Frame: 203 build input_characts: [0.2375 x 0.541667 from (0.396875, 0.358333)], 1.00019, 0
I1014 10:52:24.349774  4372 work_track.cpp:102] Succeeded to set track lock for frame 203
I1014 10:52:24.349813  4372 work_track.cpp:116] Succeeded to release track lock for frame 203
I1014 10:52:24.349828  4372 work_track.cpp:120] Track results of frame 203: 1 objects input, 1 objects tracked!
I1014 10:52:24.349845  4372 work_track.cpp:148] Frame: 203, track bbox: [152 x 195 from (253.259, 128.38)], gid: 2, lid: 0
I1014 10:52:24.349881  4372 work_thread.hpp:88]  [T-Work-Detect_0] Frame :203 split
I1014 10:52:24.349898  4372 work_thread.hpp:120]  [T-Work-Detect_0] Valid piece: gid = 2
I1014 10:52:24.349916  4372 work_thread.hpp:92]  [T-Work-Detect_0] Push to split queue:recog
I1014 10:52:24.349956  4373 work_thread.hpp:81]  [T-Work-Recog_0] Run work: WorkCapture
I1014 10:52:24.350044  4375 thread_intergrate.hpp:78] [T-Intergrate-intergrate] queue: frame output frame :203
I1014 10:52:24.350075  4375 thread_intergrate.hpp:85] [T-Intergrate-intergrate] queue: compare output face:2
I1014 10:52:24.350101  4375 thread_intergrate.hpp:137] T-Intergrate-intergrate set matched face: 2
I1014 10:52:24.350590  4373 work_thread.hpp:81]  [T-Work-Recog_0] Run work: WorkRecog
I1014 10:52:24.350615  4373 work_recog.hpp:89] Face id: 2 will run recog: bbox [152 x 195 from (254, 129)] quality: 0.41565
I1014 10:52:24.350642  4373 work_recog.hpp:96] Recog pair: [216 x 272 from (224, 88)], [152 x 195 from (30, 41)]
I1014 10:52:24.351615  4375 thread_intergrate.hpp:157] T-Intergrate-intergrate Show face :2, size :640 * 360
I1014 10:52:24.352210  4371 demo_inner.hpp:435] thread [SORT-0]  frame id 203 sorting queue size 0   FPS: 39.5913
I1014 10:52:24.368124  4373 work_thread.hpp:81]  [T-Work-Recog_0] Run work: WorkCompare
I1014 10:52:24.368250  4373 work_compare.cpp:76] Compare face: 2 successed, similarity :0.965971, name : images/thanglmb.jpg, normal size : 640 * 360!
I1014 10:52:24.377892  4369 demo_inner.hpp:177] decode queue size 0
I1014 10:52:24.378000  4372 work_thread.hpp:81]  [T-Work-Detect_0] Run work: WorkDetect
I1014 10:52:24.378034  4372 work_detect.cpp:102] Succeeded to add det start for frame 204
I1014 10:52:24.384703  4372 work_detect.cpp:70] Frame :204 detect result :1 face(s)
I1014 10:52:24.384745  4372 work_detect.cpp:86] Detected bbox: [152 x 204 from (253, 109)]
I1014 10:52:24.384788  4372 work_detect.cpp:120] Succeeded to add det end for frame 204
I1014 10:52:24.384804  4372 work_thread.hpp:81]  [T-Work-Detect_0] Run work: WrokTrack
I1014 10:52:24.384829  4372 work_track.cpp:82] Frame: 204 build input_characts: [0.2375 x 0.566667 from (0.395312, 0.302778)], 1.00019, 0
I1014 10:52:24.384884  4372 work_track.cpp:102] Succeeded to set track lock for frame 204
I1014 10:52:24.384925  4372 work_track.cpp:116] Succeeded to release track lock for frame 204
I1014 10:52:24.384940  4372 work_track.cpp:120] Track results of frame 204: 1 objects input, 1 objects tracked!
I1014 10:52:24.384958  4372 work_track.cpp:148] Frame: 204, track bbox: [152 x 204 from (252.835, 118.331)], gid: 2, lid: 0
I1014 10:52:24.384994  4372 work_thread.hpp:88]  [T-Work-Detect_0] Frame :204 split
I1014 10:52:24.385011  4372 work_thread.hpp:120]  [T-Work-Detect_0] Valid piece: gid = 2
I1014 10:52:24.385030  4372 work_thread.hpp:92]  [T-Work-Detect_0] Push to split queue:recog
I1014 10:52:24.385071  4373 work_thread.hpp:81]  [T-Work-Recog_0] Run work: WorkCapture
I1014 10:52:24.385092  4375 thread_intergrate.hpp:78] [T-Intergrate-intergrate] queue: frame output frame :204
I1014 10:52:24.385120  4375 thread_intergrate.hpp:85] [T-Intergrate-intergrate] queue: compare output face:2
I1014 10:52:24.385140  4375 thread_intergrate.hpp:137] T-Intergrate-intergrate set matched face: 2
I1014 10:52:24.385622  4373 work_thread.hpp:81]  [T-Work-Recog_0] Run work: WorkRecog
I1014 10:52:24.385645  4373 work_recog.hpp:89] Face id: 2 will run recog: bbox [152 x 204 from (253, 109)] quality: 0.470805
I1014 10:52:24.385673  4373 work_recog.hpp:96] Recog pair: [224 x 296 from (216, 64)], [152 x 204 from (37, 45)]
I1014 10:52:24.386520  4375 thread_intergrate.hpp:157] T-Intergrate-intergrate Show face :2, size :640 * 360
I1014 10:52:24.387207  4371 demo_inner.hpp:435] thread [SORT-0]  frame id 204 sorting queue size 1   FPS: 39.3504
I1014 10:52:24.399716  4370 demo_inner.hpp:260]  gui queue size 1, state = running
I1014 10:52:24.404181  4373 work_thread.hpp:81]  [T-Work-Recog_0] Run work: WorkCompare
I1014 10:52:24.404294  4373 work_compare.cpp:76] Compare face: 2 successed, similarity :0.980545, name : images/thanglmb.jpg, normal size : 640 * 360!
I1014 10:52:24.408731  4369 demo_inner.hpp:177] decode queue size 0
I1014 10:52:24.408810  4372 work_thread.hpp:81]  [T-Work-Detect_0] Run work: WorkDetect
I1014 10:52:24.408843  4372 work_detect.cpp:102] Succeeded to add det start for frame 205
I1014 10:52:24.415607  4372 work_detect.cpp:70] Frame :205 detect result :1 face(s)
I1014 10:52:24.415735  4372 work_detect.cpp:86] Detected bbox: [148 x 204 from (255, 105)]
I1014 10:52:24.415781  4372 work_detect.cpp:120] Succeeded to add det end for frame 205
I1014 10:52:24.415797  4372 work_thread.hpp:81]  [T-Work-Detect_0] Run work: WrokTrack
I1014 10:52:24.415822  4372 work_track.cpp:82] Frame: 205 build input_characts: [0.23125 x 0.566667 from (0.398438, 0.291667)], 1.00019, 0
I1014 10:52:24.415877  4372 work_track.cpp:102] Succeeded to set track lock for frame 205
I1014 10:52:24.415916  4372 work_track.cpp:116] Succeeded to release track lock for frame 205
I1014 10:52:24.415930  4372 work_track.cpp:120] Track results of frame 205: 1 objects input, 1 objects tracked!
I1014 10:52:24.415948  4372 work_track.cpp:148] Frame: 205, track bbox: [148 x 204 from (254.609, 111.409)], gid: 2, lid: 0
I1014 10:52:24.415984  4372 work_thread.hpp:88]  [T-Work-Detect_0] Frame :205 split
I1014 10:52:24.416002  4372 work_thread.hpp:120]  [T-Work-Detect_0] Valid piece: gid = 2
I1014 10:52:24.416019  4372 work_thread.hpp:92]  [T-Work-Detect_0] Push to split queue:recog
I1014 10:52:24.416064  4374 work_thread.hpp:81]  [T-Work-Recog_1] Run work: WorkCapture
I1014 10:52:24.416074  4375 thread_intergrate.hpp:78] [T-Intergrate-intergrate] queue: frame output frame :205
I1014 10:52:24.416121  4375 thread_intergrate.hpp:85] [T-Intergrate-intergrate] queue: compare output face:2
I1014 10:52:24.416141  4375 thread_intergrate.hpp:137] T-Intergrate-intergrate set matched face: 2
I1014 10:52:24.416725  4374 work_thread.hpp:81]  [T-Work-Recog_1] Run work: WorkRecog
I1014 10:52:24.416749  4374 work_recog.hpp:89] Face id: 2 will run recog: bbox [148 x 204 from (255, 105)] quality: 0.475345
I1014 10:52:24.416777  4374 work_recog.hpp:96] Recog pair: [208 x 288 from (224, 64)], [148 x 204 from (31, 41)]
I1014 10:52:24.417614  4375 thread_intergrate.hpp:157] T-Intergrate-intergrate Show face :2, size :640 * 360
I1014 10:52:24.418252  4371 demo_inner.hpp:435] thread [SORT-0]  frame id 205 sorting queue size 0   FPS: 39.2157
I1014 10:52:24.434321  4374 work_thread.hpp:81]  [T-Work-Recog_1] Run work: WorkCompare
I1014 10:52:24.434432  4374 work_compare.cpp:76] Compare face: 2 successed, similarity :0.977985, name : images/thanglmb.jpg, normal size : 640 * 360!
I1014 10:52:24.443958  4369 demo_inner.hpp:177] decode queue size 0
I1014 10:52:24.444063  4372 work_thread.hpp:81]  [T-Work-Detect_0] Run work: WorkDetect
I1014 10:52:24.444099  4372 work_detect.cpp:102] Succeeded to add det start for frame 206
I1014 10:52:24.450719  4372 work_detect.cpp:70] Frame :206 detect result :1 face(s)
I1014 10:52:24.450760  4372 work_detect.cpp:86] Detected bbox: [145 x 195 from (255, 110)]
I1014 10:52:24.450803  4372 work_detect.cpp:120] Succeeded to add det end for frame 206
I1014 10:52:24.450819  4372 work_thread.hpp:81]  [T-Work-Detect_0] Run work: WrokTrack
I1014 10:52:24.450845  4372 work_track.cpp:82] Frame: 206 build input_characts: [0.226562 x 0.541667 from (0.398438, 0.305556)], 1.00035, 0
I1014 10:52:24.450899  4372 work_track.cpp:102] Succeeded to set track lock for frame 206
I1014 10:52:24.450938  4372 work_track.cpp:116] Succeeded to release track lock for frame 206
I1014 10:52:24.450953  4372 work_track.cpp:120] Track results of frame 206: 1 objects input, 1 objects tracked!
I1014 10:52:24.450971  4372 work_track.cpp:148] Frame: 206, track bbox: [145 x 195 from (255.658, 110.194)], gid: 2, lid: 0
I1014 10:52:24.451006  4372 work_thread.hpp:88]  [T-Work-Detect_0] Frame :206 split
I1014 10:52:24.451025  4372 work_thread.hpp:120]  [T-Work-Detect_0] Valid piece: gid = 2
I1014 10:52:24.451041  4372 work_thread.hpp:92]  [T-Work-Detect_0] Push to split queue:recog
I1014 10:52:24.451082  4374 work_thread.hpp:81]  [T-Work-Recog_1] Run work: WorkCapture
I1014 10:52:24.451090  4375 thread_intergrate.hpp:78] [T-Intergrate-intergrate] queue: frame output frame :206
I1014 10:52:24.451126  4375 thread_intergrate.hpp:85] [T-Intergrate-intergrate] queue: compare output face:2
I1014 10:52:24.451145  4375 thread_intergrate.hpp:137] T-Intergrate-intergrate set matched face: 2
I1014 10:52:24.451632  4374 work_thread.hpp:81]  [T-Work-Recog_1] Run work: WorkRecog
I1014 10:52:24.451655  4374 work_recog.hpp:89] Face id: 2 will run recog: bbox [145 x 195 from (255, 110)] quality: 0.463755
I1014 10:52:24.451683  4374 work_recog.hpp:96] Recog pair: [208 x 280 from (224, 64)], [145 x 195 from (31, 46)]
I1014 10:52:24.452775  4375 thread_intergrate.hpp:157] T-Intergrate-intergrate Show face :2, size :640 * 360
I1014 10:52:24.453380  4371 demo_inner.hpp:435] thread [SORT-0]  frame id 206 sorting queue size 1   FPS: 38.9922
I1014 10:52:24.469218  4374 work_thread.hpp:81]  [T-Work-Recog_1] Run work: WorkCompare
I1014 10:52:24.469329  4374 work_compare.cpp:76] Compare face: 2 successed, similarity :0.969424, name : images/thanglmb.jpg, normal size : 640 * 360!
I1014 10:52:24.474579  4369 demo_inner.hpp:177] decode queue size 0
I1014 10:52:24.474671  4372 work_thread.hpp:81]  [T-Work-Detect_0] Run work: WorkDetect
I1014 10:52:24.474706  4372 work_detect.cpp:102] Succeeded to add det start for frame 207
I1014 10:52:24.481453  4372 work_detect.cpp:70] Frame :207 detect result :1 face(s)
I1014 10:52:24.481495  4372 work_detect.cpp:86] Detected bbox: [140 x 193 from (257, 110)]
I1014 10:52:24.481537  4372 work_detect.cpp:120] Succeeded to add det end for frame 207
I1014 10:52:24.481554  4372 work_thread.hpp:81]  [T-Work-Detect_0] Run work: WrokTrack
I1014 10:52:24.481577  4372 work_track.cpp:82] Frame: 207 build input_characts: [0.21875 x 0.536111 from (0.401563, 0.305556)], 1.00019, 0
I1014 10:52:24.481633  4372 work_track.cpp:102] Succeeded to set track lock for frame 207
I1014 10:52:24.481673  4372 work_track.cpp:116] Succeeded to release track lock for frame 207
I1014 10:52:24.481688  4372 work_track.cpp:120] Track results of frame 207: 1 objects input, 1 objects tracked!
I1014 10:52:24.481705  4372 work_track.cpp:148] Frame: 207, track bbox: [140 x 193 from (257.039, 105.691)], gid: 2, lid: 0
I1014 10:52:24.481740  4372 work_thread.hpp:88]  [T-Work-Detect_0] Frame :207 split
I1014 10:52:24.481758  4372 work_thread.hpp:120]  [T-Work-Detect_0] Valid piece: gid = 2
I1014 10:52:24.481775  4372 work_thread.hpp:92]  [T-Work-Detect_0] Push to split queue:recog
I1014 10:52:24.481822  4373 work_thread.hpp:81]  [T-Work-Recog_0] Run work: WorkCapture
I1014 10:52:24.481832  4375 thread_intergrate.hpp:78] [T-Intergrate-intergrate] queue: frame output frame :207
I1014 10:52:24.481861  4375 thread_intergrate.hpp:85] [T-Intergrate-intergrate] queue: compare output face:2
I1014 10:52:24.481889  4375 thread_intergrate.hpp:137] T-Intergrate-intergrate set matched face: 2
I1014 10:52:24.482367  4373 work_thread.hpp:81]  [T-Work-Recog_0] Run work: WorkRecog
I1014 10:52:24.482393  4373 work_recog.hpp:89] Face id: 2 will run recog: bbox [140 x 193 from (257, 110)] quality: 0.454703
I1014 10:52:24.482420  4373 work_recog.hpp:96] Recog pair: [208 x 272 from (224, 72)], [140 x 193 from (33, 38)]
I1014 10:52:24.483502  4375 thread_intergrate.hpp:157] T-Intergrate-intergrate Show face :2, size :640 * 360
I1014 10:52:24.484123  4371 demo_inner.hpp:435] thread [SORT-0]  frame id 207 sorting queue size 2   FPS: 38.8922
I1014 10:52:24.493947  4370 demo_inner.hpp:260]  gui queue size 2, state = running
I1014 10:52:24.500254  4373 work_thread.hpp:81]  [T-Work-Recog_0] Run work: WorkCompare
I1014 10:52:24.500365  4373 work_compare.cpp:76] Compare face: 2 successed, similarity :0.990571, name : images/thanglmb.jpg, normal size : 640 * 360!
I1014 10:52:24.509974  4369 demo_inner.hpp:177] decode queue size 0
I1014 10:52:24.510082  4372 work_thread.hpp:81]  [T-Work-Detect_0] Run work: WorkDetect
I1014 10:52:24.510119  4372 work_detect.cpp:102] Succeeded to add det start for frame 208
I1014 10:52:24.516861  4372 work_detect.cpp:70] Frame :208 detect result :1 face(s)
I1014 10:52:24.516906  4372 work_detect.cpp:86] Detected bbox: [135 x 185 from (259, 111)]
I1014 10:52:24.516949  4372 work_detect.cpp:120] Succeeded to add det end for frame 208
I1014 10:52:24.516965  4372 work_thread.hpp:81]  [T-Work-Detect_0] Run work: WrokTrack
I1014 10:52:24.517066  4372 work_track.cpp:82] Frame: 208 build input_characts: [0.210938 x 0.513889 from (0.404687, 0.308333)], 0.999622, 0
I1014 10:52:24.517122  4372 work_track.cpp:102] Succeeded to set track lock for frame 208
I1014 10:52:24.517163  4372 work_track.cpp:116] Succeeded to release track lock for frame 208
I1014 10:52:24.517176  4372 work_track.cpp:120] Track results of frame 208: 1 objects input, 1 objects tracked!
I1014 10:52:24.517194  4372 work_track.cpp:148] Frame: 208, track bbox: [135 x 185 from (258.874, 108.689)], gid: 2, lid: 0
I1014 10:52:24.517230  4372 work_thread.hpp:88]  [T-Work-Detect_0] Frame :208 split
I1014 10:52:24.517248  4372 work_thread.hpp:120]  [T-Work-Detect_0] Valid piece: gid = 2
I1014 10:52:24.517267  4372 work_thread.hpp:92]  [T-Work-Detect_0] Push to split queue:recog
I1014 10:52:24.517315  4374 work_thread.hpp:81]  [T-Work-Recog_1] Run work: WorkCapture
I1014 10:52:24.517382  4375 thread_intergrate.hpp:78] [T-Intergrate-intergrate] queue: frame output frame :208
I1014 10:52:24.517412  4375 thread_intergrate.hpp:85] [T-Intergrate-intergrate] queue: compare output face:2
I1014 10:52:24.517439  4375 thread_intergrate.hpp:137] T-Intergrate-intergrate set matched face: 2
I1014 10:52:24.517871  4374 work_thread.hpp:81]  [T-Work-Recog_1] Run work: WorkRecog
I1014 10:52:24.517895  4374 work_recog.hpp:89] Face id: 2 will run recog: bbox [135 x 185 from (259, 111)] quality: 0.450049
I1014 10:52:24.517925  4374 work_recog.hpp:96] Recog pair: [192 x 264 from (232, 72)], [135 x 185 from (27, 39)]
I1014 10:52:24.518942  4375 thread_intergrate.hpp:157] T-Intergrate-intergrate Show face :2, size :640 * 360
I1014 10:52:24.519565  4371 demo_inner.hpp:435] thread [SORT-0]  frame id 208 sorting queue size 0   FPS: 38.6613
I1014 10:52:24.535388  4374 work_thread.hpp:81]  [T-Work-Recog_1] Run work: WorkCompare
I1014 10:52:24.535501  4374 work_compare.cpp:76] Compare face: 2 successed, similarity :0.966588, name : images/thanglmb.jpg, normal size : 640 * 360!
I1014 10:52:24.538739  4370 demo_inner.hpp:260]  gui queue size 0, state = running
I1014 10:52:24.546031  4369 demo_inner.hpp:177] decode queue size 0
I1014 10:52:24.546137  4372 work_thread.hpp:81]  [T-Work-Detect_0] Run work: WorkDetect
I1014 10:52:24.546175  4372 work_detect.cpp:102] Succeeded to add det start for frame 209
I1014 10:52:24.552983  4372 work_detect.cpp:70] Frame :209 detect result :1 face(s)
I1014 10:52:24.553021  4372 work_detect.cpp:86] Detected bbox: [135 x 183 from (259, 114)]
I1014 10:52:24.553063  4372 work_detect.cpp:120] Succeeded to add det end for frame 209
I1014 10:52:24.553079  4372 work_thread.hpp:81]  [T-Work-Detect_0] Run work: WrokTrack
I1014 10:52:24.553104  4372 work_track.cpp:82] Frame: 209 build input_characts: [0.210938 x 0.508333 from (0.404687, 0.316667)], 1.00019, 0
I1014 10:52:24.553159  4372 work_track.cpp:102] Succeeded to set track lock for frame 209
I1014 10:52:24.553200  4372 work_track.cpp:116] Succeeded to release track lock for frame 209
I1014 10:52:24.553213  4372 work_track.cpp:120] Track results of frame 209: 1 objects input, 1 objects tracked!
I1014 10:52:24.553231  4372 work_track.cpp:148] Frame: 209, track bbox: [135 x 183 from (258.622, 112.54)], gid: 2, lid: 0
I1014 10:52:24.553267  4372 work_thread.hpp:88]  [T-Work-Detect_0] Frame :209 split
I1014 10:52:24.553284  4372 work_thread.hpp:120]  [T-Work-Detect_0] Valid piece: gid = 2
I1014 10:52:24.553303  4372 work_thread.hpp:92]  [T-Work-Detect_0] Push to split queue:recog
I1014 10:52:24.553345  4374 work_thread.hpp:81]  [T-Work-Recog_1] Run work: WorkCapture
I1014 10:52:24.553350  4375 thread_intergrate.hpp:78] [T-Intergrate-intergrate] queue: frame output frame :209
I1014 10:52:24.553385  4375 thread_intergrate.hpp:85] [T-Intergrate-intergrate] queue: compare output face:2
I1014 10:52:24.553422  4375 thread_intergrate.hpp:137] T-Intergrate-intergrate set matched face: 2
I1014 10:52:24.553896  4374 work_thread.hpp:81]  [T-Work-Recog_1] Run work: WorkRecog
I1014 10:52:24.553920  4374 work_recog.hpp:89] Face id: 2 will run recog: bbox [135 x 183 from (259, 114)] quality: 0.450049
I1014 10:52:24.554025  4374 work_recog.hpp:96] Recog pair: [192 x 264 from (232, 72)], [135 x 183 from (27, 42)]
I1014 10:52:24.555042  4375 thread_intergrate.hpp:157] T-Intergrate-intergrate Show face :2, size :640 * 360
I1014 10:52:24.555691  4371 demo_inner.hpp:435] thread [SORT-0]  frame id 209 sorting queue size 0   FPS: 38.4398
I1014 10:52:24.571763  4374 work_thread.hpp:81]  [T-Work-Recog_1] Run work: WorkCompare
I1014 10:52:24.571882  4374 work_compare.cpp:76] Compare face: 2 successed, similarity :0.983031, name : images/thanglmb.jpg, normal size : 640 * 360!
I1014 10:52:24.576534  4369 demo_inner.hpp:177] decode queue size 0
I1014 10:52:24.576628  4372 work_thread.hpp:81]  [T-Work-Detect_0] Run work: WorkDetect
I1014 10:52:24.576666  4372 work_detect.cpp:102] Succeeded to add det start for frame 210
I1014 10:52:24.583444  4372 work_detect.cpp:70] Frame :210 detect result :1 face(s)
I1014 10:52:24.583489  4372 work_detect.cpp:86] Detected bbox: [136 x 187 from (257, 107)]
I1014 10:52:24.583531  4372 work_detect.cpp:120] Succeeded to add det end for frame 210
I1014 10:52:24.583549  4372 work_thread.hpp:81]  [T-Work-Detect_0] Run work: WrokTrack
I1014 10:52:24.583573  4372 work_track.cpp:82] Frame: 210 build input_characts: [0.2125 x 0.519444 from (0.401563, 0.297222)], 1.00019, 0
I1014 10:52:24.583627  4372 work_track.cpp:102] Succeeded to set track lock for frame 210
I1014 10:52:24.583667  4372 work_track.cpp:116] Succeeded to release track lock for frame 210
I1014 10:52:24.583683  4372 work_track.cpp:120] Track results of frame 210: 1 objects input, 1 objects tracked!
I1014 10:52:24.583700  4372 work_track.cpp:148] Frame: 210, track bbox: [136 x 187 from (257.241, 108.622)], gid: 2, lid: 0
I1014 10:52:24.583735  4372 work_thread.hpp:88]  [T-Work-Detect_0] Frame :210 split
I1014 10:52:24.583752  4372 work_thread.hpp:120]  [T-Work-Detect_0] Valid piece: gid = 2
I1014 10:52:24.583770  4372 work_thread.hpp:92]  [T-Work-Detect_0] Push to split queue:recog
I1014 10:52:24.583808  4373 work_thread.hpp:81]  [T-Work-Recog_0] Run work: WorkCapture
I1014 10:52:24.583822  4375 thread_intergrate.hpp:78] [T-Intergrate-intergrate] queue: frame output frame :210
I1014 10:52:24.583853  4375 thread_intergrate.hpp:85] [T-Intergrate-intergrate] queue: compare output face:2
I1014 10:52:24.583947  4375 thread_intergrate.hpp:137] T-Intergrate-intergrate set matched face: 2
I1014 10:52:24.584368  4373 work_thread.hpp:81]  [T-Work-Recog_0] Run work: WorkRecog
I1014 10:52:24.584393  4373 work_recog.hpp:89] Face id: 2 will run recog: bbox [136 x 187 from (257, 107)] quality: 0.458253
I1014 10:52:24.584421  4373 work_recog.hpp:96] Recog pair: [200 x 272 from (224, 64)], [136 x 187 from (33, 43)]
I1014 10:52:24.585482  4375 thread_intergrate.hpp:157] T-Intergrate-intergrate Show face :2, size :640 * 360
I1014 10:52:24.586045  4371 demo_inner.hpp:435] thread [SORT-0]  frame id 210 sorting queue size 1   FPS: 38.3546
I1014 10:52:24.601804  4373 work_thread.hpp:81]  [T-Work-Recog_0] Run work: WorkCompare
I1014 10:52:24.601900  4373 work_compare.cpp:76] Compare face: 2 successed, similarity :0.985499, name : images/thanglmb.jpg, normal size : 640 * 360!
I1014 10:52:24.611871  4369 demo_inner.hpp:177] decode queue size 0
I1014 10:52:24.611984  4372 work_thread.hpp:81]  [T-Work-Detect_0] Run work: WorkDetect
I1014 10:52:24.612020  4372 work_detect.cpp:102] Succeeded to add det start for frame 211
I1014 10:52:24.618789  4372 work_detect.cpp:70] Frame :211 detect result :1 face(s)
I1014 10:52:24.618841  4372 work_detect.cpp:86] Detected bbox: [133 x 180 from (258, 112)]
I1014 10:52:24.618885  4372 work_detect.cpp:120] Succeeded to add det end for frame 211
I1014 10:52:24.618901  4372 work_thread.hpp:81]  [T-Work-Detect_0] Run work: WrokTrack
I1014 10:52:24.618927  4372 work_track.cpp:82] Frame: 211 build input_characts: [0.207813 x 0.5 from (0.403125, 0.311111)], 0.999622, 0
I1014 10:52:24.618983  4372 work_track.cpp:102] Succeeded to set track lock for frame 211
I1014 10:52:24.619096  4372 work_track.cpp:116] Succeeded to release track lock for frame 211
I1014 10:52:24.619112  4372 work_track.cpp:120] Track results of frame 211: 1 objects input, 1 objects tracked!
I1014 10:52:24.619129  4372 work_track.cpp:148] Frame: 211, track bbox: [133 x 180 from (258.17, 111.137)], gid: 2, lid: 0
I1014 10:52:24.619166  4372 work_thread.hpp:88]  [T-Work-Detect_0] Frame :211 split
I1014 10:52:24.619184  4372 work_thread.hpp:120]  [T-Work-Detect_0] Valid piece: gid = 2
I1014 10:52:24.619201  4372 work_thread.hpp:92]  [T-Work-Detect_0] Push to split queue:recog
I1014 10:52:24.619246  4373 work_thread.hpp:81]  [T-Work-Recog_0] Run work: WorkCapture
I1014 10:52:24.619271  4375 thread_intergrate.hpp:78] [T-Intergrate-intergrate] queue: frame output frame :211
I1014 10:52:24.619309  4375 thread_intergrate.hpp:85] [T-Intergrate-intergrate] queue: compare output face:2
I1014 10:52:24.619329  4375 thread_intergrate.hpp:137] T-Intergrate-intergrate set matched face: 2
I1014 10:52:24.619817  4373 work_thread.hpp:81]  [T-Work-Recog_0] Run work: WorkRecog
I1014 10:52:24.619840  4373 work_recog.hpp:89] Face id: 2 will run recog: bbox [133 x 180 from (258, 112)] quality: 0.471766
I1014 10:52:24.619868  4373 work_recog.hpp:96] Recog pair: [192 x 256 from (232, 72)], [133 x 180 from (26, 40)]
I1014 10:52:24.621003  4375 thread_intergrate.hpp:157] T-Intergrate-intergrate Show face :2, size :640 * 360
I1014 10:52:24.621465  4371 demo_inner.hpp:435] thread [SORT-0]  frame id 211 sorting queue size 2   FPS: 38.1471
I1014 10:52:24.622189  4370 demo_inner.hpp:260]  gui queue size 2, state = running
I1014 10:52:24.637384  4373 work_thread.hpp:81]  [T-Work-Recog_0] Run work: WorkCompare
I1014 10:52:24.637495  4373 work_compare.cpp:76] Compare face: 2 successed, similarity :0.984164, name : images/thanglmb.jpg, normal size : 640 * 360!
I1014 10:52:24.642480  4369 demo_inner.hpp:177] decode queue size 0
I1014 10:52:24.642582  4372 work_thread.hpp:81]  [T-Work-Detect_0] Run work: WorkDetect
I1014 10:52:24.642618  4372 work_detect.cpp:102] Succeeded to add det start for frame 212
I1014 10:52:24.649382  4372 work_detect.cpp:70] Frame :212 detect result :1 face(s)
I1014 10:52:24.649431  4372 work_detect.cpp:86] Detected bbox: [136 x 192 from (249, 103)]
I1014 10:52:24.649473  4372 work_detect.cpp:120] Succeeded to add det end for frame 212
I1014 10:52:24.649489  4372 work_thread.hpp:81]  [T-Work-Detect_0] Run work: WrokTrack
I1014 10:52:24.649514  4372 work_track.cpp:82] Frame: 212 build input_characts: [0.2125 x 0.533333 from (0.389062, 0.286111)], 1.00019, 0
I1014 10:52:24.649569  4372 work_track.cpp:102] Succeeded to set track lock for frame 212
I1014 10:52:24.649608  4372 work_track.cpp:116] Succeeded to release track lock for frame 212
I1014 10:52:24.649623  4372 work_track.cpp:120] Track results of frame 212: 1 objects input, 1 objects tracked!
I1014 10:52:24.649641  4372 work_track.cpp:148] Frame: 212, track bbox: [136 x 192 from (252.315, 103.479)], gid: 2, lid: 0
I1014 10:52:24.649678  4372 work_thread.hpp:88]  [T-Work-Detect_0] Frame :212 split
I1014 10:52:24.649696  4372 work_thread.hpp:120]  [T-Work-Detect_0] Valid piece: gid = 2
I1014 10:52:24.649713  4372 work_thread.hpp:92]  [T-Work-Detect_0] Push to split queue:recog
I1014 10:52:24.649760  4374 work_thread.hpp:81]  [T-Work-Recog_1] Run work: WorkCapture
I1014 10:52:24.649783  4375 thread_intergrate.hpp:78] [T-Intergrate-intergrate] queue: frame output frame :212
I1014 10:52:24.649835  4375 thread_intergrate.hpp:85] [T-Intergrate-intergrate] queue: compare output face:2
I1014 10:52:24.649855  4375 thread_intergrate.hpp:137] T-Intergrate-intergrate set matched face: 2
I1014 10:52:24.650326  4374 work_thread.hpp:81]  [T-Work-Recog_1] Run work: WorkRecog
I1014 10:52:24.650352  4374 work_recog.hpp:89] Face id: 2 will run recog: bbox [136 x 192 from (249, 103)] quality: 0.466369
I1014 10:52:24.650382  4374 work_recog.hpp:96] Recog pair: [200 x 272 from (216, 64)], [136 x 192 from (33, 39)]
I1014 10:52:24.651437  4375 thread_intergrate.hpp:157] T-Intergrate-intergrate Show face :2, size :640 * 360
I1014 10:52:24.652211  4371 demo_inner.hpp:435] thread [SORT-0]  frame id 212 sorting queue size 0   FPS: 38.0697
I1014 10:52:24.668104  4374 work_thread.hpp:81]  [T-Work-Recog_1] Run work: WorkCompare
I1014 10:52:24.668244  4374 work_compare.cpp:76] Compare face: 2 successed, similarity :0.978324, name : images/thanglmb.jpg, normal size : 640 * 360!
I1014 10:52:24.677906  4369 demo_inner.hpp:177] decode queue size 0
I1014 10:52:24.678010  4372 work_thread.hpp:81]  [T-Work-Detect_0] Run work: WorkDetect
I1014 10:52:24.678050  4372 work_detect.cpp:102] Succeeded to add det start for frame 213
I1014 10:52:24.684621  4372 work_detect.cpp:70] Frame :213 detect result :1 face(s)
I1014 10:52:24.684656  4372 work_detect.cpp:86] Detected bbox: [134 x 178 from (256, 110)]
I1014 10:52:24.684698  4372 work_detect.cpp:120] Succeeded to add det end for frame 213
I1014 10:52:24.684715  4372 work_thread.hpp:81]  [T-Work-Detect_0] Run work: WrokTrack
I1014 10:52:24.684738  4372 work_track.cpp:82] Frame: 213 build input_characts: [0.209375 x 0.494444 from (0.4, 0.305556)], 1.00019, 0
I1014 10:52:24.684794  4372 work_track.cpp:102] Succeeded to set track lock for frame 213
I1014 10:52:24.684835  4372 work_track.cpp:116] Succeeded to release track lock for frame 213
I1014 10:52:24.684849  4372 work_track.cpp:120] Track results of frame 213: 1 objects input, 1 objects tracked!
I1014 10:52:24.684867  4372 work_track.cpp:148] Frame: 213, track bbox: [134 x 178 from (253.444, 109.7)], gid: 2, lid: 0
I1014 10:52:24.684904  4372 work_thread.hpp:88]  [T-Work-Detect_0] Frame :213 split
I1014 10:52:24.684921  4372 work_thread.hpp:120]  [T-Work-Detect_0] Valid piece: gid = 2
I1014 10:52:24.684939  4372 work_thread.hpp:92]  [T-Work-Detect_0] Push to split queue:recog
I1014 10:52:24.684984  4373 work_thread.hpp:81]  [T-Work-Recog_0] Run work: WorkCapture
I1014 10:52:24.684986  4375 thread_intergrate.hpp:78] [T-Intergrate-intergrate] queue: frame output frame :213
I1014 10:52:24.685037  4375 thread_intergrate.hpp:85] [T-Intergrate-intergrate] queue: compare output face:2
I1014 10:52:24.685057  4375 thread_intergrate.hpp:137] T-Intergrate-intergrate set matched face: 2
I1014 10:52:24.685556  4373 work_thread.hpp:81]  [T-Work-Recog_0] Run work: WorkRecog
I1014 10:52:24.685580  4373 work_recog.hpp:89] Face id: 2 will run recog: bbox [134 x 178 from (256, 110)] quality: 0.469842
I1014 10:52:24.685609  4373 work_recog.hpp:96] Recog pair: [192 x 256 from (224, 72)], [134 x 178 from (32, 38)]
I1014 10:52:24.686486  4375 thread_intergrate.hpp:157] T-Intergrate-intergrate Show face :2, size :640 * 360
I1014 10:52:24.687279  4371 demo_inner.hpp:435] thread [SORT-0]  frame id 213 sorting queue size 1   FPS: 37.8748
I1014 10:52:24.703060  4373 work_thread.hpp:81]  [T-Work-Recog_0] Run work: WorkCompare
I1014 10:52:24.703172  4373 work_compare.cpp:76] Compare face: 2 successed, similarity :0.972297, name : images/thanglmb.jpg, normal size : 640 * 360!
I1014 10:52:24.708504  4369 demo_inner.hpp:177] decode queue size 0
I1014 10:52:24.708600  4372 work_thread.hpp:81]  [T-Work-Detect_0] Run work: WorkDetect
I1014 10:52:24.708636  4372 work_detect.cpp:102] Succeeded to add det start for frame 214
I1014 10:52:24.715399  4372 work_detect.cpp:70] Frame :214 detect result :1 face(s)
I1014 10:52:24.715448  4372 work_detect.cpp:86] Detected bbox: [137 x 179 from (255, 108)]
I1014 10:52:24.715493  4372 work_detect.cpp:120] Succeeded to add det end for frame 214
I1014 10:52:24.715510  4372 work_thread.hpp:81]  [T-Work-Detect_0] Run work: WrokTrack
I1014 10:52:24.715538  4372 work_track.cpp:82] Frame: 214 build input_characts: [0.214062 x 0.497222 from (0.398438, 0.3)], 0.999183, 0
I1014 10:52:24.715600  4372 work_track.cpp:102] Succeeded to set track lock for frame 214
I1014 10:52:24.715641  4372 work_track.cpp:116] Succeeded to release track lock for frame 214
I1014 10:52:24.715656  4372 work_track.cpp:120] Track results of frame 214: 1 objects input, 1 objects tracked!
I1014 10:52:24.715674  4372 work_track.cpp:148] Frame: 214, track bbox: [137 x 179 from (252.707, 107.689)], gid: 2, lid: 0
I1014 10:52:24.715782  4372 work_thread.hpp:88]  [T-Work-Detect_0] Frame :214 split
I1014 10:52:24.715802  4372 work_thread.hpp:120]  [T-Work-Detect_0] Valid piece: gid = 2
I1014 10:52:24.715821  4372 work_thread.hpp:92]  [T-Work-Detect_0] Push to split queue:recog
I1014 10:52:24.715878  4374 work_thread.hpp:81]  [T-Work-Recog_1] Run work: WorkCapture
I1014 10:52:24.716117  4375 thread_intergrate.hpp:78] [T-Intergrate-intergrate] queue: frame output frame :214
I1014 10:52:24.716143  4375 thread_intergrate.hpp:85] [T-Intergrate-intergrate] queue: compare output face:2
I1014 10:52:24.716194  4375 thread_intergrate.hpp:137] T-Intergrate-intergrate set matched face: 2
I1014 10:52:24.717308  4374 work_thread.hpp:81]  [T-Work-Recog_1] Run work: WorkRecog
I1014 10:52:24.717346  4374 work_recog.hpp:89] Face id: 2 will run recog: bbox [137 x 179 from (255, 108)] quality: 0.47159
I1014 10:52:24.717396  4374 work_recog.hpp:96] Recog pair: [200 x 256 from (224, 72)], [137 x 179 from (31, 36)]
I1014 10:52:24.717408  4375 thread_intergrate.hpp:157] T-Intergrate-intergrate Show face :2, size :640 * 360
I1014 10:52:24.718700  4371 demo_inner.hpp:435] thread [SORT-0]  frame id 214 sorting queue size 2   FPS: 37.7847
I1014 10:52:24.722632  4370 demo_inner.hpp:260]  gui queue size 2, state = running
I1014 10:52:24.735528  4374 work_thread.hpp:81]  [T-Work-Recog_1] Run work: WorkCompare
I1014 10:52:24.735646  4374 work_compare.cpp:76] Compare face: 2 successed, similarity :0.984064, name : images/thanglmb.jpg, normal size : 640 * 360!
I1014 10:52:24.744279  4369 demo_inner.hpp:177] decode queue size 0
I1014 10:52:24.744371  4372 work_thread.hpp:81]  [T-Work-Detect_0] Run work: WorkDetect
I1014 10:52:24.744407  4372 work_detect.cpp:102] Succeeded to add det start for frame 215
I1014 10:52:24.751066  4372 work_detect.cpp:70] Frame :215 detect result :1 face(s)
I1014 10:52:24.751116  4372 work_detect.cpp:86] Detected bbox: [138 x 186 from (248, 105)]
I1014 10:52:24.751157  4372 work_detect.cpp:120] Succeeded to add det end for frame 215
I1014 10:52:24.751174  4372 work_thread.hpp:81]  [T-Work-Detect_0] Run work: WrokTrack
I1014 10:52:24.751200  4372 work_track.cpp:82] Frame: 215 build input_characts: [0.215625 x 0.516667 from (0.3875, 0.291667)], 0.999622, 0
I1014 10:52:24.751257  4372 work_track.cpp:102] Succeeded to set track lock for frame 215
I1014 10:52:24.751296  4372 work_track.cpp:116] Succeeded to release track lock for frame 215
I1014 10:52:24.751310  4372 work_track.cpp:120] Track results of frame 215: 1 objects input, 1 objects tracked!
I1014 10:52:24.751328  4372 work_track.cpp:148] Frame: 215, track bbox: [138 x 186 from (250.021, 104.471)], gid: 2, lid: 0
I1014 10:52:24.751363  4372 work_thread.hpp:88]  [T-Work-Detect_0] Frame :215 split
I1014 10:52:24.751381  4372 work_thread.hpp:120]  [T-Work-Detect_0] Valid piece: gid = 2
I1014 10:52:24.751399  4372 work_thread.hpp:92]  [T-Work-Detect_0] Push to split queue:recog
I1014 10:52:24.751446  4373 work_thread.hpp:81]  [T-Work-Recog_0] Run work: WorkCapture
I1014 10:52:24.751451  4375 thread_intergrate.hpp:78] [T-Intergrate-intergrate] queue: frame output frame :215
I1014 10:52:24.751487  4375 thread_intergrate.hpp:85] [T-Intergrate-intergrate] queue: compare output face:2
I1014 10:52:24.751505  4375 thread_intergrate.hpp:137] T-Intergrate-intergrate set matched face: 2
I1014 10:52:24.752048  4373 work_thread.hpp:81]  [T-Work-Recog_0] Run work: WorkRecog
I1014 10:52:24.752070  4373 work_recog.hpp:89] Face id: 2 will run recog: bbox [138 x 186 from (248, 105)] quality: 0.444743
I1014 10:52:24.752099  4373 work_recog.hpp:96] Recog pair: [200 x 264 from (216, 64)], [138 x 186 from (32, 41)]
I1014 10:52:24.753082  4375 thread_intergrate.hpp:157] T-Intergrate-intergrate Show face :2, size :640 * 360
I1014 10:52:24.753604  4371 demo_inner.hpp:435] thread [SORT-0]  frame id 215 sorting queue size 0   FPS: 37.6207
I1014 10:52:24.769471  4373 work_thread.hpp:81]  [T-Work-Recog_0] Run work: WorkCompare
I1014 10:52:24.769580  4373 work_compare.cpp:76] Compare face: 2 successed, similarity :0.985827, name : images/thanglmb.jpg, normal size : 640 * 360!
I1014 10:52:24.779886  4369 demo_inner.hpp:177] decode queue size 0
I1014 10:52:24.779991  4372 work_thread.hpp:81]  [T-Work-Detect_0] Run work: WorkDetect
I1014 10:52:24.780028  4372 work_detect.cpp:102] Succeeded to add det start for frame 216
I1014 10:52:24.786605  4372 work_detect.cpp:70] Frame :216 detect result :1 face(s)
I1014 10:52:24.786645  4372 work_detect.cpp:86] Detected bbox: [137 x 179 from (254, 108)]
I1014 10:52:24.786686  4372 work_detect.cpp:120] Succeeded to add det end for frame 216
I1014 10:52:24.786703  4372 work_thread.hpp:81]  [T-Work-Detect_0] Run work: WrokTrack
I1014 10:52:24.786727  4372 work_track.cpp:82] Frame: 216 build input_characts: [0.214062 x 0.497222 from (0.396875, 0.3)], 1.00008, 0
I1014 10:52:24.786782  4372 work_track.cpp:102] Succeeded to set track lock for frame 216
I1014 10:52:24.786823  4372 work_track.cpp:116] Succeeded to release track lock for frame 216
I1014 10:52:24.786837  4372 work_track.cpp:120] Track results of frame 216: 1 objects input, 1 objects tracked!
I1014 10:52:24.786855  4372 work_track.cpp:148] Frame: 216, track bbox: [137 x 179 from (252.079, 107.408)], gid: 2, lid: 0
I1014 10:52:24.786893  4372 work_thread.hpp:88]  [T-Work-Detect_0] Frame :216 split
I1014 10:52:24.786911  4372 work_thread.hpp:120]  [T-Work-Detect_0] Valid piece: gid = 2
I1014 10:52:24.786928  4372 work_thread.hpp:92]  [T-Work-Detect_0] Push to split queue:recog
I1014 10:52:24.786972  4373 work_thread.hpp:81]  [T-Work-Recog_0] Run work: WorkCapture
I1014 10:52:24.786986  4375 thread_intergrate.hpp:78] [T-Intergrate-intergrate] queue: frame output frame :216
I1014 10:52:24.787011  4375 thread_intergrate.hpp:85] [T-Intergrate-intergrate] queue: compare output face:2
I1014 10:52:24.787029  4375 thread_intergrate.hpp:137] T-Intergrate-intergrate set matched face: 2
I1014 10:52:24.787533  4373 work_thread.hpp:81]  [T-Work-Recog_0] Run work: WorkRecog
I1014 10:52:24.787557  4373 work_recog.hpp:89] Face id: 2 will run recog: bbox [137 x 179 from (254, 108)] quality: 0.461371
I1014 10:52:24.787586  4373 work_recog.hpp:96] Recog pair: [200 x 256 from (224, 72)], [137 x 179 from (30, 36)]
I1014 10:52:24.788219  4375 thread_intergrate.hpp:157] T-Intergrate-intergrate Show face :2, size :640 * 360
I1014 10:52:24.788730  4371 demo_inner.hpp:435] thread [SORT-0]  frame id 216 sorting queue size 1   FPS: 37.4625
I1014 10:52:24.790175  4370 demo_inner.hpp:260]  gui queue size 1, state = running
I1014 10:52:24.805171  4373 work_thread.hpp:81]  [T-Work-Recog_0] Run work: WorkCompare
I1014 10:52:24.805282  4373 work_compare.cpp:76] Compare face: 2 successed, similarity :0.977648, name : images/thanglmb.jpg, normal size : 640 * 360!
I1014 10:52:24.810695  4369 demo_inner.hpp:177] decode queue size 0
I1014 10:52:24.810786  4372 work_thread.hpp:81]  [T-Work-Detect_0] Run work: WorkDetect
I1014 10:52:24.810820  4372 work_detect.cpp:102] Succeeded to add det start for frame 217
I1014 10:52:24.817574  4372 work_detect.cpp:70] Frame :217 detect result :1 face(s)
I1014 10:52:24.817634  4372 work_detect.cpp:86] Detected bbox: [133 x 176 from (258, 109)]
I1014 10:52:24.817687  4372 work_detect.cpp:120] Succeeded to add det end for frame 217
I1014 10:52:24.817703  4372 work_thread.hpp:81]  [T-Work-Detect_0] Run work: WrokTrack
I1014 10:52:24.817729  4372 work_track.cpp:82] Frame: 217 build input_characts: [0.207813 x 0.488889 from (0.403125, 0.302778)], 0.999597, 0
I1014 10:52:24.817788  4372 work_track.cpp:102] Succeeded to set track lock for frame 217
I1014 10:52:24.817826  4372 work_track.cpp:116] Succeeded to release track lock for frame 217
I1014 10:52:24.817842  4372 work_track.cpp:120] Track results of frame 217: 1 objects input, 1 objects tracked!
I1014 10:52:24.817859  4372 work_track.cpp:148] Frame: 217, track bbox: [133 x 176 from (256.853, 108.995)], gid: 2, lid: 0
I1014 10:52:24.817896  4372 work_thread.hpp:88]  [T-Work-Detect_0] Frame :217 split
I1014 10:52:24.817914  4372 work_thread.hpp:120]  [T-Work-Detect_0] Valid piece: gid = 2
I1014 10:52:24.818012  4372 work_thread.hpp:92]  [T-Work-Detect_0] Push to split queue:recog
I1014 10:52:24.818055  4373 work_thread.hpp:81]  [T-Work-Recog_0] Run work: WorkCapture
I1014 10:52:24.818074  4375 thread_intergrate.hpp:78] [T-Intergrate-intergrate] queue: frame output frame :217
I1014 10:52:24.818100  4375 thread_intergrate.hpp:85] [T-Intergrate-intergrate] queue: compare output face:2
I1014 10:52:24.818117  4375 thread_intergrate.hpp:137] T-Intergrate-intergrate set matched face: 2
I1014 10:52:24.818732  4373 work_thread.hpp:81]  [T-Work-Recog_0] Run work: WorkRecog
I1014 10:52:24.818758  4373 work_recog.hpp:89] Face id: 2 will run recog: bbox [133 x 176 from (258, 109)] quality: 0.467119
I1014 10:52:24.818789  4373 work_recog.hpp:96] Recog pair: [192 x 248 from (232, 72)], [133 x 176 from (26, 37)]
I1014 10:52:24.819458  4375 thread_intergrate.hpp:157] T-Intergrate-intergrate Show face :2, size :640 * 360
I1014 10:52:24.820010  4371 demo_inner.hpp:435] thread [SORT-0]  frame id 217 sorting queue size 0   FPS: 36.8913
I1014 10:52:24.836150  4373 work_thread.hpp:81]  [T-Work-Recog_0] Run work: WorkCompare
I1014 10:52:24.836279  4373 work_compare.cpp:76] Compare face: 2 successed, similarity :0.97922, name : images/thanglmb.jpg, normal size : 640 * 360!
I1014 10:52:24.845893  4369 demo_inner.hpp:177] decode queue size 0
I1014 10:52:24.846000  4372 work_thread.hpp:81]  [T-Work-Detect_0] Run work: WorkDetect
I1014 10:52:24.846036  4372 work_detect.cpp:102] Succeeded to add det start for frame 218
I1014 10:52:24.852739  4372 work_detect.cpp:70] Frame :218 detect result :1 face(s)
I1014 10:52:24.852785  4372 work_detect.cpp:86] Detected bbox: [149 x 196 from (244, 89)]
I1014 10:52:24.852826  4372 work_detect.cpp:120] Succeeded to add det end for frame 218
I1014 10:52:24.852843  4372 work_thread.hpp:81]  [T-Work-Detect_0] Run work: WrokTrack
I1014 10:52:24.852867  4372 work_track.cpp:82] Frame: 218 build input_characts: [0.232812 x 0.544444 from (0.38125, 0.247222)], 0.999622, 0
I1014 10:52:24.852923  4372 work_track.cpp:102] Succeeded to set track lock for frame 218
I1014 10:52:24.852962  4372 work_track.cpp:116] Succeeded to release track lock for frame 218
I1014 10:52:24.852977  4372 work_track.cpp:120] Track results of frame 218: 1 objects input, 1 objects tracked!
I1014 10:52:24.852994  4372 work_track.cpp:148] Frame: 218, track bbox: [149 x 196 from (245.987, 93.563)], gid: 2, lid: 0
I1014 10:52:24.853031  4372 work_thread.hpp:88]  [T-Work-Detect_0] Frame :218 split
I1014 10:52:24.853049  4372 work_thread.hpp:120]  [T-Work-Detect_0] Valid piece: gid = 2
I1014 10:52:24.853067  4372 work_thread.hpp:92]  [T-Work-Detect_0] Push to split queue:recog
I1014 10:52:24.853104  4373 work_thread.hpp:81]  [T-Work-Recog_0] Run work: WorkCapture
I1014 10:52:24.853118  4375 thread_intergrate.hpp:78] [T-Intergrate-intergrate] queue: frame output frame :218
I1014 10:52:24.853143  4375 thread_intergrate.hpp:85] [T-Intergrate-intergrate] queue: compare output face:2
I1014 10:52:24.853161  4375 thread_intergrate.hpp:137] T-Intergrate-intergrate set matched face: 2
I1014 10:52:24.853660  4373 work_thread.hpp:81]  [T-Work-Recog_0] Run work: WorkRecog
I1014 10:52:24.853685  4373 work_recog.hpp:89] Face id: 2 will run recog: bbox [149 x 196 from (244, 89)] quality: 0.481912
I1014 10:52:24.853713  4373 work_recog.hpp:96] Recog pair: [216 x 280 from (208, 48)], [149 x 196 from (36, 41)]
I1014 10:52:24.854326  4375 thread_intergrate.hpp:157] T-Intergrate-intergrate Show face :2, size :640 * 360
I1014 10:52:24.854830  4371 demo_inner.hpp:435] thread [SORT-0]  frame id 218 sorting queue size 1   FPS: 36.2845
I1014 10:52:24.871160  4373 work_thread.hpp:81]  [T-Work-Recog_0] Run work: WorkCompare
I1014 10:52:24.871268  4373 work_compare.cpp:76] Compare face: 2 successed, similarity :0.985174, name : images/thanglmb.jpg, normal size : 640 * 360!
I1014 10:52:24.876494  4369 demo_inner.hpp:177] decode queue size 0
I1014 10:52:24.876605  4372 work_thread.hpp:81]  [T-Work-Detect_0] Run work: WorkDetect
I1014 10:52:24.876724  4372 work_detect.cpp:102] Succeeded to add det start for frame 219
I1014 10:52:24.884518  4372 work_detect.cpp:70] Frame :219 detect result :1 face(s)
I1014 10:52:24.884569  4372 work_detect.cpp:86] Detected bbox: [138 x 183 from (258, 98)]
I1014 10:52:24.884917  4372 work_detect.cpp:120] Succeeded to add det end for frame 219
I1014 10:52:24.884935  4372 work_thread.hpp:81]  [T-Work-Detect_0] Run work: WrokTrack
I1014 10:52:24.884979  4372 work_track.cpp:82] Frame: 219 build input_characts: [0.215625 x 0.508333 from (0.403125, 0.272222)], 1.00019, 0
I1014 10:52:24.885043  4372 work_track.cpp:102] Succeeded to set track lock for frame 219
I1014 10:52:24.885085  4372 work_track.cpp:116] Succeeded to release track lock for frame 219
I1014 10:52:24.885100  4372 work_track.cpp:120] Track results of frame 219: 1 objects input, 1 objects tracked!
I1014 10:52:24.885118  4372 work_track.cpp:148] Frame: 219, track bbox: [138 x 183 from (254.863, 97.6587)], gid: 2, lid: 0
I1014 10:52:24.885164  4372 work_thread.hpp:88]  [T-Work-Detect_0] Frame :219 split
I1014 10:52:24.885182  4372 work_thread.hpp:120]  [T-Work-Detect_0] Valid piece: gid = 2
I1014 10:52:24.885217  4372 work_thread.hpp:92]  [T-Work-Detect_0] Push to split queue:recog
I1014 10:52:24.885285  4374 work_thread.hpp:81]  [T-Work-Recog_1] Run work: WorkCapture
I1014 10:52:24.885648  4375 thread_intergrate.hpp:78] [T-Intergrate-intergrate] queue: frame output frame :219
I1014 10:52:24.885676  4375 thread_intergrate.hpp:85] [T-Intergrate-intergrate] queue: compare output face:2
I1014 10:52:24.885696  4375 thread_intergrate.hpp:137] T-Intergrate-intergrate set matched face: 2
I1014 10:52:24.885916  4374 work_thread.hpp:81]  [T-Work-Recog_1] Run work: WorkRecog
I1014 10:52:24.885958  4374 work_recog.hpp:89] Face id: 2 will run recog: bbox [138 x 183 from (258, 98)] quality: 0.476738
I1014 10:52:24.885999  4374 work_recog.hpp:96] Recog pair: [200 x 264 from (224, 56)], [138 x 183 from (34, 42)]
I1014 10:52:24.886893  4375 thread_intergrate.hpp:157] T-Intergrate-intergrate Show face :2, size :640 * 360
I1014 10:52:24.887380  4371 demo_inner.hpp:435] thread [SORT-0]  frame id 219 sorting queue size 2   FPS: 35.7143
I1014 10:52:24.887547  4370 demo_inner.hpp:260]  gui queue size 2, state = running
I1014 10:52:24.904275  4374 work_thread.hpp:81]  [T-Work-Recog_1] Run work: WorkCompare
I1014 10:52:24.904387  4374 work_compare.cpp:76] Compare face: 2 successed, similarity :0.969158, name : images/thanglmb.jpg, normal size : 640 * 360!
I1014 10:52:24.912199  4369 demo_inner.hpp:177] decode queue size 0
I1014 10:52:24.912298  4372 work_thread.hpp:81]  [T-Work-Detect_0] Run work: WorkDetect
I1014 10:52:24.912344  4372 work_detect.cpp:102] Succeeded to add det start for frame 220
I1014 10:52:24.920135  4372 work_detect.cpp:70] Frame :220 detect result :1 face(s)
I1014 10:52:24.920228  4372 work_detect.cpp:86] Detected bbox: [125 x 171 from (264, 112)]
I1014 10:52:24.920272  4372 work_detect.cpp:120] Succeeded to add det end for frame 220
I1014 10:52:24.920289  4372 work_thread.hpp:81]  [T-Work-Detect_0] Run work: WrokTrack
I1014 10:52:24.920313  4372 work_track.cpp:82] Frame: 220 build input_characts: [0.195312 x 0.475 from (0.4125, 0.311111)], 1.00019, 0
I1014 10:52:24.920377  4372 work_track.cpp:102] Succeeded to set track lock for frame 220
I1014 10:52:24.920434  4372 work_track.cpp:116] Succeeded to release track lock for frame 220
I1014 10:52:24.920450  4372 work_track.cpp:120] Track results of frame 220: 1 objects input, 1 objects tracked!
I1014 10:52:24.920476  4372 work_track.cpp:148] Frame: 220, track bbox: [125 x 171 from (264.078, 106.315)], gid: 2, lid: 0
I1014 10:52:24.920512  4372 work_thread.hpp:88]  [T-Work-Detect_0] Frame :220 split
I1014 10:52:24.920531  4372 work_thread.hpp:120]  [T-Work-Detect_0] Valid piece: gid = 2
I1014 10:52:24.920548  4372 work_thread.hpp:92]  [T-Work-Detect_0] Push to split queue:recog
I1014 10:52:24.920596  4373 work_thread.hpp:81]  [T-Work-Recog_0] Run work: WorkCapture
I1014 10:52:24.920892  4375 thread_intergrate.hpp:78] [T-Intergrate-intergrate] queue: frame output frame :220
I1014 10:52:24.920998  4375 thread_intergrate.hpp:85] [T-Intergrate-intergrate] queue: compare output face:2
I1014 10:52:24.921018  4375 thread_intergrate.hpp:137] T-Intergrate-intergrate set matched face: 2
I1014 10:52:24.921147  4373 work_thread.hpp:81]  [T-Work-Recog_0] Run work: WorkRecog
I1014 10:52:24.921172  4373 work_recog.hpp:89] Face id: 2 will run recog: bbox [125 x 171 from (264, 112)] quality: 0.46848
I1014 10:52:24.921201  4373 work_recog.hpp:96] Recog pair: [184 x 248 from (232, 72)], [125 x 171 from (32, 40)]
I1014 10:52:24.922205  4375 thread_intergrate.hpp:157] T-Intergrate-intergrate Show face :2, size :640 * 360
I1014 10:52:24.922762  4371 demo_inner.hpp:435] thread [SORT-0]  frame id 220 sorting queue size 0   FPS: 35.1288
I1014 10:52:24.922840  4370 demo_inner.hpp:260]  gui queue size 0, state = running
I1014 10:52:24.938627  4373 work_thread.hpp:81]  [T-Work-Recog_0] Run work: WorkCompare
I1014 10:52:24.938738  4373 work_compare.cpp:76] Compare face: 2 successed, similarity :0.972411, name : images/thanglmb.jpg, normal size : 640 * 360!
I1014 10:52:24.942492  4369 demo_inner.hpp:177] decode queue size 0
I1014 10:52:24.942577  4372 work_thread.hpp:81]  [T-Work-Detect_0] Run work: WorkDetect
I1014 10:52:24.942621  4372 work_detect.cpp:102] Succeeded to add det start for frame 221
I1014 10:52:24.950220  4372 work_detect.cpp:70] Frame :221 detect result :1 face(s)
I1014 10:52:24.950269  4372 work_detect.cpp:86] Detected bbox: [127 x 176 from (265, 109)]
I1014 10:52:24.950312  4372 work_detect.cpp:120] Succeeded to add det end for frame 221
I1014 10:52:24.950328  4372 work_thread.hpp:81]  [T-Work-Detect_0] Run work: WrokTrack
I1014 10:52:24.950352  4372 work_track.cpp:82] Frame: 221 build input_characts: [0.198437 x 0.488889 from (0.414062, 0.302778)], 1.00019, 0
I1014 10:52:24.950415  4372 work_track.cpp:102] Succeeded to set track lock for frame 221
I1014 10:52:24.950474  4372 work_track.cpp:116] Succeeded to release track lock for frame 221
I1014 10:52:24.950497  4372 work_track.cpp:120] Track results of frame 221: 1 objects input, 1 objects tracked!
I1014 10:52:24.950516  4372 work_track.cpp:148] Frame: 221, track bbox: [127 x 176 from (264.281, 106.359)], gid: 2, lid: 0
I1014 10:52:24.950552  4372 work_thread.hpp:88]  [T-Work-Detect_0] Frame :221 split
I1014 10:52:24.950570  4372 work_thread.hpp:120]  [T-Work-Detect_0] Valid piece: gid = 2
I1014 10:52:24.951989  4372 work_thread.hpp:92]  [T-Work-Detect_0] Push to split queue:recog
I1014 10:52:24.952044  4374 work_thread.hpp:81]  [T-Work-Recog_1] Run work: WorkCapture
I1014 10:52:24.952400  4375 thread_intergrate.hpp:78] [T-Intergrate-intergrate] queue: frame output frame :221
I1014 10:52:24.952426  4375 thread_intergrate.hpp:85] [T-Intergrate-intergrate] queue: compare output face:2
I1014 10:52:24.952445  4375 thread_intergrate.hpp:137] T-Intergrate-intergrate set matched face: 2
I1014 10:52:24.952656  4374 work_thread.hpp:81]  [T-Work-Recog_1] Run work: WorkRecog
I1014 10:52:24.952698  4374 work_recog.hpp:89] Face id: 2 will run recog: bbox [127 x 176 from (265, 109)] quality: 0.465286
I1014 10:52:24.952739  4374 work_recog.hpp:96] Recog pair: [184 x 248 from (240, 72)], [127 x 176 from (25, 37)]
I1014 10:52:24.953609  4375 thread_intergrate.hpp:157] T-Intergrate-intergrate Show face :2, size :640 * 360
I1014 10:52:24.954102  4371 demo_inner.hpp:435] thread [SORT-0]  frame id 221 sorting queue size 0   FPS: 34.626
I1014 10:52:24.954177  4370 demo_inner.hpp:260]  gui queue size 0, state = running
I1014 10:52:24.970959  4374 work_thread.hpp:81]  [T-Work-Recog_1] Run work: WorkCompare
