I1014 10:58:35.265671  4573 work_detect.cpp:102] Succeeded to add det start for frame 99
I1014 10:58:35.272419  4573 work_detect.cpp:70] Frame :99 detect result :1 face(s)
I1014 10:58:35.272460  4573 work_detect.cpp:86] Detected bbox: [172 x 220 from (308, 130)]
I1014 10:58:35.272577  4573 work_detect.cpp:120] Succeeded to add det end for frame 99
I1014 10:58:35.272594  4573 work_thread.hpp:81]  [T-Work-Detect_0] Run work: WrokTrack
I1014 10:58:35.272619  4573 work_track.cpp:82] Frame: 99 build input_characts: [0.26875 x 0.611111 from (0.48125, 0.361111)], 1.00035, 0
I1014 10:58:35.272675  4573 work_track.cpp:102] Succeeded to set track lock for frame 99
I1014 10:58:35.272713  4573 work_track.cpp:116] Succeeded to release track lock for frame 99
I1014 10:58:35.272728  4573 work_track.cpp:120] Track results of frame 99: 1 objects input, 1 objects tracked!
I1014 10:58:35.272745  4573 work_track.cpp:148] Frame: 99, track bbox: [172 x 220 from (307.653, 129.288)], gid: 0, lid: 0
I1014 10:58:35.272781  4573 work_thread.hpp:88]  [T-Work-Detect_0] Frame :99 split
I1014 10:58:35.272799  4573 work_thread.hpp:120]  [T-Work-Detect_0] Valid piece: gid = 0
I1014 10:58:35.272816  4573 work_thread.hpp:92]  [T-Work-Detect_0] Push to split queue:recog
I1014 10:58:35.272863  4575 work_thread.hpp:81]  [T-Work-Recog_1] Run work: WorkCapture
I1014 10:58:35.273165  4576 thread_intergrate.hpp:78] [T-Intergrate-intergrate] queue: frame output frame :99
I1014 10:58:35.273192  4576 thread_intergrate.hpp:85] [T-Intergrate-intergrate] queue: compare output face:0
I1014 10:58:35.273211  4576 thread_intergrate.hpp:138] T-Intergrate-intergrate set matched face: 0
I1014 10:58:35.273461  4575 work_thread.hpp:81]  [T-Work-Recog_1] Run work: WorkRecog
I1014 10:58:35.273485  4575 work_recog.hpp:89] Face id: 0 will run recog: bbox [172 x 220 from (308, 130)] quality: 0.452751
I1014 10:58:35.273514  4575 work_recog.hpp:96] Recog pair: [248 x 280 from (272, 80)], [172 x 220 from (36, 50)]
I1014 10:58:35.274593  4576 thread_intergrate.hpp:158] T-Intergrate-intergrate Show face :0, size :640 * 360
I1014 10:58:35.275182  4572 demo_inner.hpp:435] thread [SORT-0]  frame id 99 sorting queue size 1   FPS: 29.9551
I1014 10:58:35.285598  4571 demo_inner.hpp:260]  gui queue size 1, state = running
I1014 10:58:35.291666  4575 work_thread.hpp:81]  [T-Work-Recog_1] Run work: WorkCompare
I1014 10:58:35.291777  4575 work_compare.cpp:76] Compare face: 0 successed, similarity :0.967804, name : images/thanglmb.jpg, normal size : 640 * 360!
I1014 10:58:35.295910  4570 demo_inner.hpp:177] decode queue size 0
I1014 10:58:35.296000  4573 work_thread.hpp:81]  [T-Work-Detect_0] Run work: WorkDetect
I1014 10:58:35.296033  4573 work_detect.cpp:102] Succeeded to add det start for frame 100
I1014 10:58:35.302796  4573 work_detect.cpp:70] Frame :100 detect result :1 face(s)
I1014 10:58:35.302841  4573 work_detect.cpp:86] Detected bbox: [175 x 229 from (309, 127)]
I1014 10:58:35.302884  4573 work_detect.cpp:120] Succeeded to add det end for frame 100
I1014 10:58:35.302901  4573 work_thread.hpp:81]  [T-Work-Detect_0] Run work: WrokTrack
I1014 10:58:35.302924  4573 work_track.cpp:82] Frame: 100 build input_characts: [0.273438 x 0.636111 from (0.482812, 0.352778)], 1.00035, 0
I1014 10:58:35.302979  4573 work_track.cpp:102] Succeeded to set track lock for frame 100
I1014 10:58:35.303019  4573 work_track.cpp:116] Succeeded to release track lock for frame 100
I1014 10:58:35.303033  4573 work_track.cpp:120] Track results of frame 100: 1 objects input, 1 objects tracked!
I1014 10:58:35.303050  4573 work_track.cpp:148] Frame: 100, track bbox: [175 x 229 from (307.894, 126.897)], gid: 0, lid: 0
I1014 10:58:35.303086  4573 work_thread.hpp:88]  [T-Work-Detect_0] Frame :100 split
I1014 10:58:35.303103  4573 work_thread.hpp:120]  [T-Work-Detect_0] Valid piece: gid = 0
I1014 10:58:35.303122  4573 work_thread.hpp:92]  [T-Work-Detect_0] Push to split queue:recog
I1014 10:58:35.303166  4574 work_thread.hpp:81]  [T-Work-Recog_0] Run work: WorkCapture
I1014 10:58:35.303473  4576 thread_intergrate.hpp:78] [T-Intergrate-intergrate] queue: frame output frame :100
I1014 10:58:35.303501  4576 thread_intergrate.hpp:85] [T-Intergrate-intergrate] queue: compare output face:0
I1014 10:58:35.303520  4576 thread_intergrate.hpp:138] T-Intergrate-intergrate set matched face: 0
I1014 10:58:35.303723  4574 work_thread.hpp:81]  [T-Work-Recog_0] Run work: WorkRecog
I1014 10:58:35.303746  4574 work_recog.hpp:89] Face id: 0 will run recog: bbox [175 x 229 from (309, 127)] quality: 0.45608
I1014 10:58:35.303773  4574 work_recog.hpp:96] Recog pair: [248 x 280 from (272, 80)], [175 x 229 from (37, 47)]
I1014 10:58:35.305016  4576 thread_intergrate.hpp:158] T-Intergrate-intergrate Show face :0, size :640 * 360
I1014 10:58:35.305562  4572 demo_inner.hpp:435] thread [SORT-0]  frame id 100 sorting queue size 0   FPS: 29.9401
I1014 10:58:35.321530  4574 work_thread.hpp:81]  [T-Work-Recog_0] Run work: WorkCompare
I1014 10:58:35.321640  4574 work_compare.cpp:76] Compare face: 0 successed, similarity :0.98078, name : images/thanglmb.jpg, normal size : 640 * 360!
I1014 10:58:35.331506  4570 demo_inner.hpp:177] decode queue size 0
I1014 10:58:35.331606  4573 work_thread.hpp:81]  [T-Work-Detect_0] Run work: WorkDetect
I1014 10:58:35.331641  4573 work_detect.cpp:102] Succeeded to add det start for frame 101
I1014 10:58:35.338485  4573 work_detect.cpp:70] Frame :101 detect result :1 face(s)
I1014 10:58:35.338528  4573 work_detect.cpp:86] Detected bbox: [173 x 223 from (308, 124)]
I1014 10:58:35.338570  4573 work_detect.cpp:120] Succeeded to add det end for frame 101
I1014 10:58:35.338587  4573 work_thread.hpp:81]  [T-Work-Detect_0] Run work: WrokTrack
I1014 10:58:35.338611  4573 work_track.cpp:82] Frame: 101 build input_characts: [0.270312 x 0.619444 from (0.48125, 0.344444)], 1.00019, 0
I1014 10:58:35.338666  4573 work_track.cpp:102] Succeeded to set track lock for frame 101
I1014 10:58:35.338706  4573 work_track.cpp:116] Succeeded to release track lock for frame 101
I1014 10:58:35.338719  4573 work_track.cpp:120] Track results of frame 101: 1 objects input, 1 objects tracked!
I1014 10:58:35.338737  4573 work_track.cpp:148] Frame: 101, track bbox: [173 x 223 from (308.602, 129.156)], gid: 0, lid: 0
I1014 10:58:35.338773  4573 work_thread.hpp:88]  [T-Work-Detect_0] Frame :101 split
I1014 10:58:35.338790  4573 work_thread.hpp:120]  [T-Work-Detect_0] Valid piece: gid = 0
I1014 10:58:35.338809  4573 work_thread.hpp:92]  [T-Work-Detect_0] Push to split queue:recog
I1014 10:58:35.338855  4574 work_thread.hpp:81]  [T-Work-Recog_0] Run work: WorkCapture
I1014 10:58:35.339152  4576 thread_intergrate.hpp:78] [T-Intergrate-intergrate] queue: frame output frame :101
I1014 10:58:35.339179  4576 thread_intergrate.hpp:85] [T-Intergrate-intergrate] queue: compare output face:0
I1014 10:58:35.339197  4576 thread_intergrate.hpp:138] T-Intergrate-intergrate set matched face: 0
I1014 10:58:35.339463  4574 work_thread.hpp:81]  [T-Work-Recog_0] Run work: WorkRecog
I1014 10:58:35.339488  4574 work_recog.hpp:89] Face id: 0 will run recog: bbox [173 x 223 from (308, 124)] quality: 0.443865
I1014 10:58:35.339517  4574 work_recog.hpp:96] Recog pair: [248 x 280 from (272, 80)], [173 x 223 from (36, 44)]
I1014 10:58:35.340574  4576 thread_intergrate.hpp:158] T-Intergrate-intergrate Show face :0, size :640 * 360
I1014 10:58:35.341161  4572 demo_inner.hpp:435] thread [SORT-0]  frame id 101 sorting queue size 1   FPS: 29.9551
I1014 10:58:35.357234  4574 work_thread.hpp:81]  [T-Work-Recog_0] Run work: WorkCompare
I1014 10:58:35.357340  4574 work_compare.cpp:76] Compare face: 0 successed, similarity :0.97518, name : images/thanglmb.jpg, normal size : 640 * 360!
I1014 10:58:35.361769  4570 demo_inner.hpp:177] decode queue size 0
I1014 10:58:35.361853  4573 work_thread.hpp:81]  [T-Work-Detect_0] Run work: WorkDetect
I1014 10:58:35.361886  4573 work_detect.cpp:102] Succeeded to add det start for frame 102
I1014 10:58:35.368698  4573 work_detect.cpp:70] Frame :102 detect result :1 face(s)
I1014 10:58:35.368746  4573 work_detect.cpp:86] Detected bbox: [174 x 223 from (309, 129)]
I1014 10:58:35.368788  4573 work_detect.cpp:120] Succeeded to add det end for frame 102
I1014 10:58:35.368803  4573 work_thread.hpp:81]  [T-Work-Detect_0] Run work: WrokTrack
I1014 10:58:35.368829  4573 work_track.cpp:82] Frame: 102 build input_characts: [0.271875 x 0.619444 from (0.482812, 0.358333)], 1.00035, 0
I1014 10:58:35.368968  4573 work_track.cpp:102] Succeeded to set track lock for frame 102
I1014 10:58:35.369010  4573 work_track.cpp:116] Succeeded to release track lock for frame 102
I1014 10:58:35.369024  4573 work_track.cpp:120] Track results of frame 102: 1 objects input, 1 objects tracked!
I1014 10:58:35.369042  4573 work_track.cpp:148] Frame: 102, track bbox: [174 x 223 from (308.643, 128.571)], gid: 0, lid: 0
I1014 10:58:35.369079  4573 work_thread.hpp:88]  [T-Work-Detect_0] Frame :102 split
I1014 10:58:35.369097  4573 work_thread.hpp:120]  [T-Work-Detect_0] Valid piece: gid = 0
I1014 10:58:35.369114  4573 work_thread.hpp:92]  [T-Work-Detect_0] Push to split queue:recog
I1014 10:58:35.369166  4576 thread_intergrate.hpp:78] [T-Intergrate-intergrate] queue: frame output frame :102
I1014 10:58:35.369194  4576 thread_intergrate.hpp:85] [T-Intergrate-intergrate] queue: compare output face:0
I1014 10:58:35.369213  4576 thread_intergrate.hpp:138] T-Intergrate-intergrate set matched face: 0
I1014 10:58:35.369253  4575 work_thread.hpp:81]  [T-Work-Recog_1] Run work: WorkCapture
I1014 10:58:35.369895  4575 work_thread.hpp:81]  [T-Work-Recog_1] Run work: WorkRecog
I1014 10:58:35.369928  4575 work_recog.hpp:89] Face id: 0 will run recog: bbox [174 x 223 from (309, 129)] quality: 0.437002
I1014 10:58:35.369959  4575 work_recog.hpp:96] Recog pair: [248 x 280 from (272, 80)], [174 x 223 from (37, 49)]
I1014 10:58:35.370568  4576 thread_intergrate.hpp:158] T-Intergrate-intergrate Show face :0, size :640 * 360
I1014 10:58:35.371063  4572 demo_inner.hpp:435] thread [SORT-0]  frame id 102 sorting queue size 2   FPS: 29.9401
I1014 10:58:35.380280  4571 demo_inner.hpp:260]  gui queue size 2, state = running
I1014 10:58:35.388267  4575 work_thread.hpp:81]  [T-Work-Recog_1] Run work: WorkCompare
I1014 10:58:35.388399  4575 work_compare.cpp:76] Compare face: 0 successed, similarity :0.974149, name : images/thanglmb.jpg, normal size : 640 * 360!
I1014 10:58:35.397569  4570 demo_inner.hpp:177] decode queue size 0
I1014 10:58:35.397694  4573 work_thread.hpp:81]  [T-Work-Detect_0] Run work: WorkDetect
I1014 10:58:35.397727  4573 work_detect.cpp:102] Succeeded to add det start for frame 103
I1014 10:58:35.404526  4573 work_detect.cpp:70] Frame :103 detect result :1 face(s)
I1014 10:58:35.404570  4573 work_detect.cpp:86] Detected bbox: [175 x 223 from (309, 131)]
I1014 10:58:35.404613  4573 work_detect.cpp:120] Succeeded to add det end for frame 103
I1014 10:58:35.404629  4573 work_thread.hpp:81]  [T-Work-Detect_0] Run work: WrokTrack
I1014 10:58:35.404654  4573 work_track.cpp:82] Frame: 103 build input_characts: [0.273438 x 0.619444 from (0.482812, 0.363889)], 1.00019, 0
I1014 10:58:35.404709  4573 work_track.cpp:102] Succeeded to set track lock for frame 103
I1014 10:58:35.404747  4573 work_track.cpp:116] Succeeded to release track lock for frame 103
I1014 10:58:35.404762  4573 work_track.cpp:120] Track results of frame 103: 1 objects input, 1 objects tracked!
I1014 10:58:35.404779  4573 work_track.cpp:148] Frame: 103, track bbox: [175 x 223 from (309.235, 128.792)], gid: 0, lid: 0
I1014 10:58:35.404815  4573 work_thread.hpp:88]  [T-Work-Detect_0] Frame :103 split
I1014 10:58:35.404832  4573 work_thread.hpp:120]  [T-Work-Detect_0] Valid piece: gid = 0
I1014 10:58:35.404850  4573 work_thread.hpp:92]  [T-Work-Detect_0] Push to split queue:recog
I1014 10:58:35.404901  4574 work_thread.hpp:81]  [T-Work-Recog_0] Run work: WorkCapture
I1014 10:58:35.405200  4576 thread_intergrate.hpp:78] [T-Intergrate-intergrate] queue: frame output frame :103
I1014 10:58:35.405226  4576 thread_intergrate.hpp:85] [T-Intergrate-intergrate] queue: compare output face:0
I1014 10:58:35.405246  4576 thread_intergrate.hpp:138] T-Intergrate-intergrate set matched face: 0
I1014 10:58:35.405477  4574 work_thread.hpp:81]  [T-Work-Recog_0] Run work: WorkRecog
I1014 10:58:35.405500  4574 work_recog.hpp:89] Face id: 0 will run recog: bbox [175 x 223 from (309, 131)] quality: 0.442928
I1014 10:58:35.405529  4574 work_recog.hpp:96] Recog pair: [248 x 280 from (272, 80)], [175 x 223 from (37, 51)]
I1014 10:58:35.406618  4576 thread_intergrate.hpp:158] T-Intergrate-intergrate Show face :0, size :640 * 360
I1014 10:58:35.407196  4572 demo_inner.hpp:435] thread [SORT-0]  frame id 103 sorting queue size 0   FPS: 29.9551
I1014 10:58:35.423684  4574 work_thread.hpp:81]  [T-Work-Recog_0] Run work: WorkCompare
I1014 10:58:35.423797  4574 work_compare.cpp:76] Compare face: 0 successed, similarity :0.963461, name : images/thanglmb.jpg, normal size : 640 * 360!
I1014 10:58:35.427825  4570 demo_inner.hpp:177] decode queue size 0
I1014 10:58:35.427922  4573 work_thread.hpp:81]  [T-Work-Detect_0] Run work: WorkDetect
I1014 10:58:35.427955  4573 work_detect.cpp:102] Succeeded to add det start for frame 104
I1014 10:58:35.434819  4573 work_detect.cpp:70] Frame :104 detect result :1 face(s)
I1014 10:58:35.434864  4573 work_detect.cpp:86] Detected bbox: [173 x 223 from (307, 130)]
I1014 10:58:35.434906  4573 work_detect.cpp:120] Succeeded to add det end for frame 104
I1014 10:58:35.434922  4573 work_thread.hpp:81]  [T-Work-Detect_0] Run work: WrokTrack
I1014 10:58:35.434947  4573 work_track.cpp:82] Frame: 104 build input_characts: [0.270312 x 0.619444 from (0.479688, 0.361111)], 1.00019, 0
I1014 10:58:35.435001  4573 work_track.cpp:102] Succeeded to set track lock for frame 104
I1014 10:58:35.435039  4573 work_track.cpp:116] Succeeded to release track lock for frame 104
I1014 10:58:35.435055  4573 work_track.cpp:120] Track results of frame 104: 1 objects input, 1 objects tracked!
I1014 10:58:35.435071  4573 work_track.cpp:148] Frame: 104, track bbox: [173 x 223 from (308.621, 129.861)], gid: 0, lid: 0
I1014 10:58:35.435108  4573 work_thread.hpp:88]  [T-Work-Detect_0] Frame :104 split
I1014 10:58:35.435125  4573 work_thread.hpp:120]  [T-Work-Detect_0] Valid piece: gid = 0
I1014 10:58:35.435143  4573 work_thread.hpp:92]  [T-Work-Detect_0] Push to split queue:recog
I1014 10:58:35.435187  4575 work_thread.hpp:81]  [T-Work-Recog_1] Run work: WorkCapture
I1014 10:58:35.435194  4576 thread_intergrate.hpp:78] [T-Intergrate-intergrate] queue: frame output frame :104
I1014 10:58:35.435221  4576 thread_intergrate.hpp:85] [T-Intergrate-intergrate] queue: compare output face:0
I1014 10:58:35.435240  4576 thread_intergrate.hpp:138] T-Intergrate-intergrate set matched face: 0
I1014 10:58:35.435959  4575 work_thread.hpp:81]  [T-Work-Recog_1] Run work: WorkRecog
I1014 10:58:35.436111  4575 work_recog.hpp:89] Face id: 0 will run recog: bbox [173 x 223 from (307, 130)] quality: 0.441586
I1014 10:58:35.436182  4575 work_recog.hpp:96] Recog pair: [248 x 280 from (272, 80)], [173 x 223 from (35, 50)]
I1014 10:58:35.436594  4576 thread_intergrate.hpp:158] T-Intergrate-intergrate Show face :0, size :640 * 360
I1014 10:58:35.437140  4572 demo_inner.hpp:435] thread [SORT-0]  frame id 104 sorting queue size 1   FPS: 29.9551
I1014 10:58:35.447423  4571 demo_inner.hpp:260]  gui queue size 1, state = running
I1014 10:58:35.454424  4575 work_thread.hpp:81]  [T-Work-Recog_1] Run work: WorkCompare
I1014 10:58:35.454569  4575 work_compare.cpp:76] Compare face: 0 successed, similarity :0.974398, name : images/thanglmb.jpg, normal size : 640 * 360!
I1014 10:58:35.463541  4570 demo_inner.hpp:177] decode queue size 0
I1014 10:58:35.463637  4573 work_thread.hpp:81]  [T-Work-Detect_0] Run work: WorkDetect
I1014 10:58:35.463670  4573 work_detect.cpp:102] Succeeded to add det start for frame 105
I1014 10:58:35.470546  4573 work_detect.cpp:70] Frame :105 detect result :1 face(s)
I1014 10:58:35.470593  4573 work_detect.cpp:86] Detected bbox: [177 x 229 from (308, 123)]
I1014 10:58:35.470635  4573 work_detect.cpp:120] Succeeded to add det end for frame 105
I1014 10:58:35.470651  4573 work_thread.hpp:81]  [T-Work-Detect_0] Run work: WrokTrack
I1014 10:58:35.470676  4573 work_track.cpp:82] Frame: 105 build input_characts: [0.276563 x 0.636111 from (0.48125, 0.341667)], 0.999622, 0
I1014 10:58:35.470731  4573 work_track.cpp:102] Succeeded to set track lock for frame 105
I1014 10:58:35.470769  4573 work_track.cpp:116] Succeeded to release track lock for frame 105
I1014 10:58:35.470865  4573 work_track.cpp:120] Track results of frame 105: 1 objects input, 1 objects tracked!
I1014 10:58:35.470885  4573 work_track.cpp:148] Frame: 105, track bbox: [177 x 229 from (306.928, 125.341)], gid: 0, lid: 0
I1014 10:58:35.470921  4573 work_thread.hpp:88]  [T-Work-Detect_0] Frame :105 split
I1014 10:58:35.470939  4573 work_thread.hpp:120]  [T-Work-Detect_0] Valid piece: gid = 0
I1014 10:58:35.470957  4573 work_thread.hpp:92]  [T-Work-Detect_0] Push to split queue:recog
I1014 10:58:35.471007  4574 work_thread.hpp:81]  [T-Work-Recog_0] Run work: WorkCapture
I1014 10:58:35.471307  4576 thread_intergrate.hpp:78] [T-Intergrate-intergrate] queue: frame output frame :105
I1014 10:58:35.471333  4576 thread_intergrate.hpp:85] [T-Intergrate-intergrate] queue: compare output face:0
I1014 10:58:35.471352  4576 thread_intergrate.hpp:138] T-Intergrate-intergrate set matched face: 0
I1014 10:58:35.471563  4574 work_thread.hpp:81]  [T-Work-Recog_0] Run work: WorkRecog
I1014 10:58:35.471587  4574 work_recog.hpp:89] Face id: 0 will run recog: bbox [177 x 229 from (308, 123)] quality: 0.395756
I1014 10:58:35.471616  4574 work_recog.hpp:96] Recog pair: [248 x 288 from (272, 72)], [177 x 229 from (36, 51)]
I1014 10:58:35.472733  4576 thread_intergrate.hpp:158] T-Intergrate-intergrate Show face :0, size :640 * 360
I1014 10:58:35.473266  4572 demo_inner.hpp:435] thread [SORT-0]  frame id 105 sorting queue size 0   FPS: 29.9401
I1014 10:58:35.489307  4574 work_thread.hpp:81]  [T-Work-Recog_0] Run work: WorkCompare
I1014 10:58:35.489414  4574 work_compare.cpp:76] Compare face: 0 successed, similarity :0.973012, name : images/thanglmb.jpg, normal size : 640 * 360!
I1014 10:58:35.499511  4570 demo_inner.hpp:177] decode queue size 0
I1014 10:58:35.499608  4573 work_thread.hpp:81]  [T-Work-Detect_0] Run work: WorkDetect
I1014 10:58:35.499644  4573 work_detect.cpp:102] Succeeded to add det start for frame 106
I1014 10:58:35.506402  4573 work_detect.cpp:70] Frame :106 detect result :1 face(s)
I1014 10:58:35.506445  4573 work_detect.cpp:86] Detected bbox: [178 x 231 from (308, 122)]
I1014 10:58:35.506487  4573 work_detect.cpp:120] Succeeded to add det end for frame 106
I1014 10:58:35.506503  4573 work_thread.hpp:81]  [T-Work-Detect_0] Run work: WrokTrack
I1014 10:58:35.506528  4573 work_track.cpp:82] Frame: 106 build input_characts: [0.278125 x 0.641667 from (0.48125, 0.338889)], 1.00019, 0
I1014 10:58:35.506583  4573 work_track.cpp:102] Succeeded to set track lock for frame 106
I1014 10:58:35.506621  4573 work_track.cpp:116] Succeeded to release track lock for frame 106
I1014 10:58:35.506636  4573 work_track.cpp:120] Track results of frame 106: 1 objects input, 1 objects tracked!
I1014 10:58:35.506654  4573 work_track.cpp:148] Frame: 106, track bbox: [178 x 231 from (307.476, 123.674)], gid: 0, lid: 0
I1014 10:58:35.506691  4573 work_thread.hpp:88]  [T-Work-Detect_0] Frame :106 split
I1014 10:58:35.506709  4573 work_thread.hpp:120]  [T-Work-Detect_0] Valid piece: gid = 0
I1014 10:58:35.506727  4573 work_thread.hpp:92]  [T-Work-Detect_0] Push to split queue:recog
I1014 10:58:35.506775  4574 work_thread.hpp:81]  [T-Work-Recog_0] Run work: WorkCapture
I1014 10:58:35.507076  4576 thread_intergrate.hpp:78] [T-Intergrate-intergrate] queue: frame output frame :106
I1014 10:58:35.507102  4576 thread_intergrate.hpp:85] [T-Intergrate-intergrate] queue: compare output face:0
I1014 10:58:35.507122  4576 thread_intergrate.hpp:138] T-Intergrate-intergrate set matched face: 0
I1014 10:58:35.507324  4574 work_thread.hpp:81]  [T-Work-Recog_0] Run work: WorkRecog
I1014 10:58:35.507347  4574 work_recog.hpp:89] Face id: 0 will run recog: bbox [178 x 231 from (308, 122)] quality: 0.405792
I1014 10:58:35.507376  4574 work_recog.hpp:96] Recog pair: [256 x 288 from (272, 72)], [178 x 231 from (36, 50)]
I1014 10:58:35.508546  4576 thread_intergrate.hpp:158] T-Intergrate-intergrate Show face :0, size :640 * 360
I1014 10:58:35.509119  4572 demo_inner.hpp:435] thread [SORT-0]  frame id 106 sorting queue size 1   FPS: 29.9401
I1014 10:58:35.519750  4571 demo_inner.hpp:260]  gui queue size 1, state = running
I1014 10:58:35.525645  4574 work_thread.hpp:81]  [T-Work-Recog_0] Run work: WorkCompare
I1014 10:58:35.525758  4574 work_compare.cpp:76] Compare face: 0 successed, similarity :0.980391, name : images/thanglmb.jpg, normal size : 640 * 360!
I1014 10:58:35.529968  4570 demo_inner.hpp:177] decode queue size 0
I1014 10:58:35.530045  4573 work_thread.hpp:81]  [T-Work-Detect_0] Run work: WorkDetect
I1014 10:58:35.530077  4573 work_detect.cpp:102] Succeeded to add det start for frame 107
I1014 10:58:35.536959  4573 work_detect.cpp:70] Frame :107 detect result :1 face(s)
I1014 10:58:35.537009  4573 work_detect.cpp:86] Detected bbox: [176 x 225 from (306, 124)]
I1014 10:58:35.537051  4573 work_detect.cpp:120] Succeeded to add det end for frame 107
I1014 10:58:35.537067  4573 work_thread.hpp:81]  [T-Work-Detect_0] Run work: WrokTrack
I1014 10:58:35.537092  4573 work_track.cpp:82] Frame: 107 build input_characts: [0.275 x 0.625 from (0.478125, 0.344444)], 1.00019, 0
I1014 10:58:35.537147  4573 work_track.cpp:102] Succeeded to set track lock for frame 107
I1014 10:58:35.537185  4573 work_track.cpp:116] Succeeded to release track lock for frame 107
I1014 10:58:35.537200  4573 work_track.cpp:120] Track results of frame 107: 1 objects input, 1 objects tracked!
I1014 10:58:35.537217  4573 work_track.cpp:148] Frame: 107, track bbox: [176 x 225 from (307.221, 124.067)], gid: 0, lid: 0
I1014 10:58:35.537253  4573 work_thread.hpp:88]  [T-Work-Detect_0] Frame :107 split
I1014 10:58:35.537271  4573 work_thread.hpp:120]  [T-Work-Detect_0] Valid piece: gid = 0
I1014 10:58:35.537289  4573 work_thread.hpp:92]  [T-Work-Detect_0] Push to split queue:recog
I1014 10:58:35.537336  4575 work_thread.hpp:81]  [T-Work-Recog_1] Run work: WorkCapture
I1014 10:58:35.537341  4576 thread_intergrate.hpp:78] [T-Intergrate-intergrate] queue: frame output frame :107
I1014 10:58:35.537384  4576 thread_intergrate.hpp:85] [T-Intergrate-intergrate] queue: compare output face:0
I1014 10:58:35.537405  4576 thread_intergrate.hpp:138] T-Intergrate-intergrate set matched face: 0
I1014 10:58:35.538115  4575 work_thread.hpp:81]  [T-Work-Recog_1] Run work: WorkRecog
I1014 10:58:35.538141  4575 work_recog.hpp:89] Face id: 0 will run recog: bbox [176 x 225 from (306, 124)] quality: 0.430999
I1014 10:58:35.538189  4575 work_recog.hpp:96] Recog pair: [256 x 288 from (264, 72)], [176 x 225 from (42, 52)]
I1014 10:58:35.538751  4576 thread_intergrate.hpp:158] T-Intergrate-intergrate Show face :0, size :640 * 360
I1014 10:58:35.539297  4572 demo_inner.hpp:435] thread [SORT-0]  frame id 107 sorting queue size 0   FPS: 29.9551
I1014 10:58:35.556377  4575 work_thread.hpp:81]  [T-Work-Recog_1] Run work: WorkCompare
I1014 10:58:35.556514  4575 work_compare.cpp:76] Compare face: 0 successed, similarity :0.978933, name : images/thanglmb.jpg, normal size : 640 * 360!
I1014 10:58:35.565630  4570 demo_inner.hpp:177] decode queue size 0
I1014 10:58:35.565742  4573 work_thread.hpp:81]  [T-Work-Detect_0] Run work: WorkDetect
I1014 10:58:35.565774  4573 work_detect.cpp:102] Succeeded to add det start for frame 108
I1014 10:58:35.572623  4573 work_detect.cpp:70] Frame :108 detect result :1 face(s)
I1014 10:58:35.572665  4573 work_detect.cpp:86] Detected bbox: [172 x 225 from (310, 129)]
I1014 10:58:35.572707  4573 work_detect.cpp:120] Succeeded to add det end for frame 108
I1014 10:58:35.572723  4573 work_thread.hpp:81]  [T-Work-Detect_0] Run work: WrokTrack
I1014 10:58:35.572748  4573 work_track.cpp:82] Frame: 108 build input_characts: [0.26875 x 0.625 from (0.484375, 0.358333)], 1.00035, 0
I1014 10:58:35.572803  4573 work_track.cpp:102] Succeeded to set track lock for frame 108
I1014 10:58:35.572840  4573 work_track.cpp:116] Succeeded to release track lock for frame 108
I1014 10:58:35.572855  4573 work_track.cpp:120] Track results of frame 108: 1 objects input, 1 objects tracked!
I1014 10:58:35.572872  4573 work_track.cpp:148] Frame: 108, track bbox: [172 x 225 from (309.581, 125.591)], gid: 0, lid: 0
I1014 10:58:35.572983  4573 work_thread.hpp:88]  [T-Work-Detect_0] Frame :108 split
I1014 10:58:35.573004  4573 work_thread.hpp:120]  [T-Work-Detect_0] Valid piece: gid = 0
I1014 10:58:35.573021  4573 work_thread.hpp:92]  [T-Work-Detect_0] Push to split queue:recog
I1014 10:58:35.573072  4574 work_thread.hpp:81]  [T-Work-Recog_0] Run work: WorkCapture
I1014 10:58:35.573375  4576 thread_intergrate.hpp:78] [T-Intergrate-intergrate] queue: frame output frame :108
I1014 10:58:35.573403  4576 thread_intergrate.hpp:85] [T-Intergrate-intergrate] queue: compare output face:0
I1014 10:58:35.573422  4576 thread_intergrate.hpp:138] T-Intergrate-intergrate set matched face: 0
I1014 10:58:35.573628  4574 work_thread.hpp:81]  [T-Work-Recog_0] Run work: WorkRecog
I1014 10:58:35.573652  4574 work_recog.hpp:89] Face id: 0 will run recog: bbox [172 x 225 from (310, 129)] quality: 0.396158
I1014 10:58:35.573683  4574 work_recog.hpp:96] Recog pair: [248 x 280 from (272, 80)], [172 x 225 from (38, 49)]
I1014 10:58:35.574784  4576 thread_intergrate.hpp:158] T-Intergrate-intergrate Show face :0, size :640 * 360
I1014 10:58:35.575372  4572 demo_inner.hpp:435] thread [SORT-0]  frame id 108 sorting queue size 1   FPS: 29.9551
I1014 10:58:35.581537  4571 demo_inner.hpp:260]  gui queue size 1, state = running
I1014 10:58:35.591536  4574 work_thread.hpp:81]  [T-Work-Recog_0] Run work: WorkCompare
I1014 10:58:35.591643  4574 work_compare.cpp:76] Compare face: 0 successed, similarity :0.96228, name : images/thanglmb.jpg, normal size : 640 * 360!
I1014 10:58:35.595724  4570 demo_inner.hpp:177] decode queue size 0
I1014 10:58:35.595804  4573 work_thread.hpp:81]  [T-Work-Detect_0] Run work: WorkDetect
I1014 10:58:35.595839  4573 work_detect.cpp:102] Succeeded to add det start for frame 109
I1014 10:58:35.602608  4573 work_detect.cpp:70] Frame :109 detect result :1 face(s)
I1014 10:58:35.602649  4573 work_detect.cpp:86] Detected bbox: [173 x 222 from (310, 129)]
I1014 10:58:35.602690  4573 work_detect.cpp:120] Succeeded to add det end for frame 109
I1014 10:58:35.602706  4573 work_thread.hpp:81]  [T-Work-Detect_0] Run work: WrokTrack
I1014 10:58:35.602731  4573 work_track.cpp:82] Frame: 109 build input_characts: [0.270312 x 0.616667 from (0.484375, 0.358333)], 1.00019, 0
I1014 10:58:35.602787  4573 work_track.cpp:102] Succeeded to set track lock for frame 109
I1014 10:58:35.602826  4573 work_track.cpp:116] Succeeded to release track lock for frame 109
I1014 10:58:35.602841  4573 work_track.cpp:120] Track results of frame 109: 1 objects input, 1 objects tracked!
I1014 10:58:35.602859  4573 work_track.cpp:148] Frame: 109, track bbox: [173 x 222 from (309.855, 128.342)], gid: 0, lid: 0
I1014 10:58:35.602895  4573 work_thread.hpp:88]  [T-Work-Detect_0] Frame :109 split
I1014 10:58:35.602912  4573 work_thread.hpp:120]  [T-Work-Detect_0] Valid piece: gid = 0
I1014 10:58:35.602929  4573 work_thread.hpp:92]  [T-Work-Detect_0] Push to split queue:recog
I1014 10:58:35.602977  4575 work_thread.hpp:81]  [T-Work-Recog_1] Run work: WorkCapture
I1014 10:58:35.602980  4576 thread_intergrate.hpp:78] [T-Intergrate-intergrate] queue: frame output frame :109
I1014 10:58:35.603025  4576 thread_intergrate.hpp:85] [T-Intergrate-intergrate] queue: compare output face:0
I1014 10:58:35.603044  4576 thread_intergrate.hpp:138] T-Intergrate-intergrate set matched face: 0
I1014 10:58:35.603597  4575 work_thread.hpp:81]  [T-Work-Recog_1] Run work: WorkRecog
I1014 10:58:35.603643  4575 work_recog.hpp:89] Face id: 0 will run recog: bbox [173 x 222 from (310, 129)] quality: 0.347489
I1014 10:58:35.603683  4575 work_recog.hpp:96] Recog pair: [248 x 280 from (272, 80)], [173 x 222 from (38, 49)]
I1014 10:58:35.604405  4576 thread_intergrate.hpp:158] T-Intergrate-intergrate Show face :0, size :640 * 360
I1014 10:58:35.604951  4572 demo_inner.hpp:435] thread [SORT-0]  frame id 109 sorting queue size 0   FPS: 29.9551
I1014 10:58:35.621868  4575 work_thread.hpp:81]  [T-Work-Recog_1] Run work: WorkCompare
I1014 10:58:35.621982  4575 work_compare.cpp:76] Compare face: 0 successed, similarity :0.972029, name : images/thanglmb.jpg, normal size : 640 * 360!
I1014 10:58:35.631551  4570 demo_inner.hpp:177] decode queue size 0
I1014 10:58:35.631651  4573 work_thread.hpp:81]  [T-Work-Detect_0] Run work: WorkDetect
I1014 10:58:35.631683  4573 work_detect.cpp:102] Succeeded to add det start for frame 110
I1014 10:58:35.638432  4573 work_detect.cpp:70] Frame :110 detect result :1 face(s)
I1014 10:58:35.638470  4573 work_detect.cpp:86] Detected bbox: [171 x 220 from (310, 131)]
I1014 10:58:35.638511  4573 work_detect.cpp:120] Succeeded to add det end for frame 110
I1014 10:58:35.638527  4573 work_thread.hpp:81]  [T-Work-Detect_0] Run work: WrokTrack
I1014 10:58:35.638551  4573 work_track.cpp:82] Frame: 110 build input_characts: [0.267188 x 0.611111 from (0.484375, 0.363889)], 1.00035, 0
I1014 10:58:35.638608  4573 work_track.cpp:102] Succeeded to set track lock for frame 110
I1014 10:58:35.638648  4573 work_track.cpp:116] Succeeded to release track lock for frame 110
I1014 10:58:35.638662  4573 work_track.cpp:120] Track results of frame 110: 1 objects input, 1 objects tracked!
I1014 10:58:35.638680  4573 work_track.cpp:148] Frame: 110, track bbox: [171 x 220 from (310.128, 131.139)], gid: 0, lid: 0
I1014 10:58:35.638717  4573 work_thread.hpp:88]  [T-Work-Detect_0] Frame :110 split
I1014 10:58:35.638736  4573 work_thread.hpp:120]  [T-Work-Detect_0] Valid piece: gid = 0
I1014 10:58:35.638754  4573 work_thread.hpp:92]  [T-Work-Detect_0] Push to split queue:recog
I1014 10:58:35.638803  4574 work_thread.hpp:81]  [T-Work-Recog_0] Run work: WorkCapture
I1014 10:58:35.639112  4576 thread_intergrate.hpp:78] [T-Intergrate-intergrate] queue: frame output frame :110
I1014 10:58:35.639140  4576 thread_intergrate.hpp:85] [T-Intergrate-intergrate] queue: compare output face:0
I1014 10:58:35.639158  4576 thread_intergrate.hpp:138] T-Intergrate-intergrate set matched face: 0
I1014 10:58:35.639361  4574 work_thread.hpp:81]  [T-Work-Recog_0] Run work: WorkRecog
I1014 10:58:35.639385  4574 work_recog.hpp:89] Face id: 0 will run recog: bbox [171 x 220 from (310, 131)] quality: 0.33322
I1014 10:58:35.639416  4574 work_recog.hpp:96] Recog pair: [248 x 280 from (272, 80)], [171 x 220 from (38, 51)]
I1014 10:58:35.640559  4576 thread_intergrate.hpp:158] T-Intergrate-intergrate Show face :0, size :640 * 360
I1014 10:58:35.641142  4572 demo_inner.hpp:435] thread [SORT-0]  frame id 110 sorting queue size 1   FPS: 29.9551
I1014 10:58:35.657102  4574 work_thread.hpp:81]  [T-Work-Recog_0] Run work: WorkCompare
I1014 10:58:35.657208  4574 work_compare.cpp:76] Compare face: 0 successed, similarity :0.976729, name : images/thanglmb.jpg, normal size : 640 * 360!
I1014 10:58:35.661757  4570 demo_inner.hpp:177] decode queue size 0
I1014 10:58:35.661844  4573 work_thread.hpp:81]  [T-Work-Detect_0] Run work: WorkDetect
I1014 10:58:35.661875  4573 work_detect.cpp:102] Succeeded to add det start for frame 111
I1014 10:58:35.668653  4573 work_detect.cpp:70] Frame :111 detect result :1 face(s)
W1014 10:58:35.668694  4573 work_detect.cpp:83] Invalid bbox: [175 x 215 from (305, 154)]
I1014 10:58:35.668777  4573 work_detect.cpp:120] Succeeded to add det end for frame 111
I1014 10:58:35.668794  4573 work_thread.hpp:81]  [T-Work-Detect_0] Run work: WrokTrack
I1014 10:58:35.668821  4573 work_track.cpp:102] Succeeded to set track lock for frame 111
I1014 10:58:35.668853  4573 work_track.cpp:116] Succeeded to release track lock for frame 111
I1014 10:58:35.668867  4573 work_track.cpp:120] Track results of frame 111: 0 objects input, 1 objects tracked!
I1014 10:58:35.668884  4573 work_track.cpp:148] Frame: 111, track bbox: [171 x 220 from (310.013, 131.995)], gid: 0, lid: -1
I1014 10:58:35.668936  4573 work_thread.hpp:88]  [T-Work-Detect_0] Frame :111 split
I1014 10:58:35.668985  4576 thread_intergrate.hpp:78] [T-Intergrate-intergrate] queue: frame output frame :111
I1014 10:58:35.669013  4576 thread_intergrate.hpp:85] [T-Intergrate-intergrate] queue: compare output face:0
I1014 10:58:35.669030  4576 thread_intergrate.hpp:138] T-Intergrate-intergrate set matched face: 0
I1014 10:58:35.670388  4576 thread_intergrate.hpp:158] T-Intergrate-intergrate Show face :0, size :640 * 360
I1014 10:58:35.670953  4572 demo_inner.hpp:435] thread [SORT-0]  frame id 111 sorting queue size 2   FPS: 29.9551
I1014 10:58:35.681761  4571 demo_inner.hpp:260]  gui queue size 2, state = running
I1014 10:58:35.697501  4570 demo_inner.hpp:177] decode queue size 0
I1014 10:58:35.697599  4573 work_thread.hpp:81]  [T-Work-Detect_0] Run work: WorkDetect
I1014 10:58:35.697630  4573 work_detect.cpp:102] Succeeded to add det start for frame 112
I1014 10:58:35.704366  4573 work_detect.cpp:70] Frame :112 detect result :1 face(s)
I1014 10:58:35.704408  4573 work_detect.cpp:86] Detected bbox: [176 x 228 from (306, 122)]
I1014 10:58:35.704450  4573 work_detect.cpp:120] Succeeded to add det end for frame 112
I1014 10:58:35.704466  4573 work_thread.hpp:81]  [T-Work-Detect_0] Run work: WrokTrack
I1014 10:58:35.704489  4573 work_track.cpp:82] Frame: 112 build input_characts: [0.275 x 0.633333 from (0.478125, 0.338889)], 1.00019, 0
I1014 10:58:35.704545  4573 work_track.cpp:102] Succeeded to set track lock for frame 112
I1014 10:58:35.704583  4573 work_track.cpp:116] Succeeded to release track lock for frame 112
I1014 10:58:35.704598  4573 work_track.cpp:120] Track results of frame 112: 1 objects input, 1 objects tracked!
I1014 10:58:35.704615  4573 work_track.cpp:148] Frame: 112, track bbox: [176 x 228 from (306.603, 124.686)], gid: 0, lid: 0
I1014 10:58:35.704651  4573 work_thread.hpp:88]  [T-Work-Detect_0] Frame :112 split
I1014 10:58:35.704669  4573 work_thread.hpp:120]  [T-Work-Detect_0] Valid piece: gid = 0
I1014 10:58:35.704686  4573 work_thread.hpp:92]  [T-Work-Detect_0] Push to split queue:recog
I1014 10:58:35.704737  4574 work_thread.hpp:81]  [T-Work-Recog_0] Run work: WorkCapture
I1014 10:58:35.705042  4576 thread_intergrate.hpp:78] [T-Intergrate-intergrate] queue: frame output frame :112
I1014 10:58:35.705281  4574 work_thread.hpp:81]  [T-Work-Recog_0] Run work: WorkRecog
I1014 10:58:35.705304  4574 work_recog.hpp:89] Face id: 0 will run recog: bbox [176 x 228 from (306, 122)] quality: 0.396026
I1014 10:58:35.705332  4574 work_recog.hpp:96] Recog pair: [256 x 288 from (264, 72)], [176 x 228 from (42, 50)]
I1014 10:58:35.706187  4576 thread_intergrate.hpp:158] T-Intergrate-intergrate Show face :0, size :640 * 360
I1014 10:58:35.706734  4572 demo_inner.hpp:435] thread [SORT-0]  frame id 112 sorting queue size 0   FPS: 29.9551
I1014 10:58:35.723006  4574 work_thread.hpp:81]  [T-Work-Recog_0] Run work: WorkCompare
I1014 10:58:35.723120  4574 work_compare.cpp:76] Compare face: 0 successed, similarity :0.986872, name : images/thanglmb.jpg, normal size : 640 * 360!
I1014 10:58:35.727762  4570 demo_inner.hpp:177] decode queue size 0
I1014 10:58:35.727864  4573 work_thread.hpp:81]  [T-Work-Detect_0] Run work: WorkDetect
I1014 10:58:35.727898  4573 work_detect.cpp:102] Succeeded to add det start for frame 113
I1014 10:58:35.734670  4573 work_detect.cpp:70] Frame :113 detect result :1 face(s)
I1014 10:58:35.734707  4573 work_detect.cpp:86] Detected bbox: [177 x 223 from (301, 124)]
I1014 10:58:35.734750  4573 work_detect.cpp:120] Succeeded to add det end for frame 113
I1014 10:58:35.734766  4573 work_thread.hpp:81]  [T-Work-Detect_0] Run work: WrokTrack
I1014 10:58:35.734791  4573 work_track.cpp:82] Frame: 113 build input_characts: [0.276563 x 0.619444 from (0.470313, 0.344444)], 1.00019, 0
I1014 10:58:35.734844  4573 work_track.cpp:102] Succeeded to set track lock for frame 113
I1014 10:58:35.734882  4573 work_track.cpp:116] Succeeded to release track lock for frame 113
I1014 10:58:35.734897  4573 work_track.cpp:120] Track results of frame 113: 1 objects input, 1 objects tracked!
I1014 10:58:35.734915  4573 work_track.cpp:148] Frame: 113, track bbox: [177 x 223 from (303.452, 125.094)], gid: 0, lid: 0
I1014 10:58:35.734951  4573 work_thread.hpp:88]  [T-Work-Detect_0] Frame :113 split
I1014 10:58:35.734967  4573 work_thread.hpp:120]  [T-Work-Detect_0] Valid piece: gid = 0
I1014 10:58:35.734985  4573 work_thread.hpp:92]  [T-Work-Detect_0] Push to split queue:recog
I1014 10:58:35.735105  4575 work_thread.hpp:81]  [T-Work-Recog_1] Run work: WorkCapture
I1014 10:58:35.735110  4576 thread_intergrate.hpp:78] [T-Intergrate-intergrate] queue: frame output frame :113
I1014 10:58:35.735136  4576 thread_intergrate.hpp:85] [T-Intergrate-intergrate] queue: compare output face:0
I1014 10:58:35.735155  4576 thread_intergrate.hpp:138] T-Intergrate-intergrate set matched face: 0
I1014 10:58:35.735744  4575 work_thread.hpp:81]  [T-Work-Recog_1] Run work: WorkRecog
I1014 10:58:35.735770  4575 work_recog.hpp:89] Face id: 0 will run recog: bbox [177 x 223 from (301, 124)] quality: 0.423464
I1014 10:58:35.735805  4575 work_recog.hpp:96] Recog pair: [256 x 280 from (264, 80)], [177 x 223 from (37, 44)]
I1014 10:58:35.736359  4576 thread_intergrate.hpp:158] T-Intergrate-intergrate Show face :0, size :640 * 360
I1014 10:58:35.736894  4572 demo_inner.hpp:435] thread [SORT-0]  frame id 113 sorting queue size 1   FPS: 29.9551
I1014 10:58:35.753965  4575 work_thread.hpp:81]  [T-Work-Recog_1] Run work: WorkCompare
I1014 10:58:35.754170  4575 work_compare.cpp:76] Compare face: 0 successed, similarity :0.966401, name : images/thanglmb.jpg, normal size : 640 * 360!
I1014 10:58:35.763437  4570 demo_inner.hpp:177] decode queue size 0
I1014 10:58:35.763538  4573 work_thread.hpp:81]  [T-Work-Detect_0] Run work: WorkDetect
I1014 10:58:35.763576  4573 work_detect.cpp:102] Succeeded to add det start for frame 114
I1014 10:58:35.765422  4571 demo_inner.hpp:260]  gui queue size 1, state = running
I1014 10:58:35.770515  4573 work_detect.cpp:70] Frame :114 detect result :1 face(s)
W1014 10:58:35.770573  4573 work_detect.cpp:83] Invalid bbox: [195 x 248 from (283, 116)]
I1014 10:58:35.770650  4573 work_detect.cpp:120] Succeeded to add det end for frame 114
I1014 10:58:35.770668  4573 work_thread.hpp:81]  [T-Work-Detect_0] Run work: WrokTrack
I1014 10:58:35.770696  4573 work_track.cpp:102] Succeeded to set track lock for frame 114
I1014 10:58:35.770728  4573 work_track.cpp:116] Succeeded to release track lock for frame 114
I1014 10:58:35.770742  4573 work_track.cpp:120] Track results of frame 114: 0 objects input, 1 objects tracked!
I1014 10:58:35.770761  4573 work_track.cpp:148] Frame: 114, track bbox: [177 x 223 from (302.727, 124.517)], gid: 0, lid: -1
I1014 10:58:35.770813  4573 work_thread.hpp:88]  [T-Work-Detect_0] Frame :114 split
I1014 10:58:35.770876  4576 thread_intergrate.hpp:78] [T-Intergrate-intergrate] queue: frame output frame :114
I1014 10:58:35.770901  4576 thread_intergrate.hpp:85] [T-Intergrate-intergrate] queue: compare output face:0
I1014 10:58:35.770920  4576 thread_intergrate.hpp:138] T-Intergrate-intergrate set matched face: 0
I1014 10:58:35.772061  4576 thread_intergrate.hpp:158] T-Intergrate-intergrate Show face :0, size :640 * 360
I1014 10:58:35.772689  4572 demo_inner.hpp:435] thread [SORT-0]  frame id 114 sorting queue size 0   FPS: 29.9551
I1014 10:58:35.799463  4570 demo_inner.hpp:177] decode queue size 0
I1014 10:58:35.799574  4573 work_thread.hpp:81]  [T-Work-Detect_0] Run work: WorkDetect
I1014 10:58:35.799612  4573 work_detect.cpp:102] Succeeded to add det start for frame 115
I1014 10:58:35.806520  4573 work_detect.cpp:70] Frame :115 detect result :1 face(s)
I1014 10:58:35.806573  4573 work_detect.cpp:86] Detected bbox: [175 x 219 from (304, 133)]
I1014 10:58:35.806615  4573 work_detect.cpp:120] Succeeded to add det end for frame 115
I1014 10:58:35.806632  4573 work_thread.hpp:81]  [T-Work-Detect_0] Run work: WrokTrack
I1014 10:58:35.806656  4573 work_track.cpp:82] Frame: 115 build input_characts: [0.273438 x 0.608333 from (0.475, 0.369444)], 1.00019, 0
I1014 10:58:35.806711  4573 work_track.cpp:102] Succeeded to set track lock for frame 115
I1014 10:58:35.806749  4573 work_track.cpp:116] Succeeded to release track lock for frame 115
I1014 10:58:35.806764  4573 work_track.cpp:120] Track results of frame 115: 1 objects input, 1 objects tracked!
I1014 10:58:35.806782  4573 work_track.cpp:148] Frame: 115, track bbox: [175 x 219 from (302.925, 129.056)], gid: 0, lid: 0
I1014 10:58:35.806890  4573 work_thread.hpp:88]  [T-Work-Detect_0] Frame :115 split
I1014 10:58:35.806910  4573 work_thread.hpp:120]  [T-Work-Detect_0] Valid piece: gid = 0
I1014 10:58:35.806928  4573 work_thread.hpp:92]  [T-Work-Detect_0] Push to split queue:recog
I1014 10:58:35.806977  4574 work_thread.hpp:81]  [T-Work-Recog_0] Run work: WorkCapture
I1014 10:58:35.807291  4576 thread_intergrate.hpp:78] [T-Intergrate-intergrate] queue: frame output frame :115
I1014 10:58:35.807543  4574 work_thread.hpp:81]  [T-Work-Recog_0] Run work: WorkRecog
I1014 10:58:35.807564  4574 work_recog.hpp:89] Face id: 0 will run recog: bbox [175 x 219 from (304, 133)] quality: 0.36093
I1014 10:58:35.807592  4574 work_recog.hpp:96] Recog pair: [256 x 272 from (264, 88)], [175 x 219 from (40, 45)]
I1014 10:58:35.808467  4576 thread_intergrate.hpp:158] T-Intergrate-intergrate Show face :0, size :640 * 360
I1014 10:58:35.809021  4572 demo_inner.hpp:435] thread [SORT-0]  frame id 115 sorting queue size 1   FPS: 29.9551
I1014 10:58:35.825314  4574 work_thread.hpp:81]  [T-Work-Recog_0] Run work: WorkCompare
I1014 10:58:35.825426  4574 work_compare.cpp:76] Compare face: 0 successed, similarity :0.970531, name : images/thanglmb.jpg, normal size : 640 * 360!
I1014 10:58:35.829612  4570 demo_inner.hpp:177] decode queue size 0
I1014 10:58:35.829705  4573 work_thread.hpp:81]  [T-Work-Detect_0] Run work: WorkDetect
I1014 10:58:35.829738  4573 work_detect.cpp:102] Succeeded to add det start for frame 116
I1014 10:58:35.832968  4571 demo_inner.hpp:260]  gui queue size 1, state = running
I1014 10:58:35.836803  4573 work_detect.cpp:70] Frame :116 detect result :1 face(s)
I1014 10:58:35.836858  4573 work_detect.cpp:86] Detected bbox: [177 x 224 from (301, 124)]
I1014 10:58:35.836902  4573 work_detect.cpp:120] Succeeded to add det end for frame 116
I1014 10:58:35.836918  4573 work_thread.hpp:81]  [T-Work-Detect_0] Run work: WrokTrack
I1014 10:58:35.836943  4573 work_track.cpp:82] Frame: 116 build input_characts: [0.276563 x 0.622222 from (0.470313, 0.344444)], 1.00019, 0
I1014 10:58:35.837000  4573 work_track.cpp:102] Succeeded to set track lock for frame 116
I1014 10:58:35.837039  4573 work_track.cpp:116] Succeeded to release track lock for frame 116
I1014 10:58:35.837054  4573 work_track.cpp:120] Track results of frame 116: 1 objects input, 1 objects tracked!
I1014 10:58:35.837071  4573 work_track.cpp:148] Frame: 116, track bbox: [177 x 224 from (300.844, 125.531)], gid: 0, lid: 0
I1014 10:58:35.837107  4573 work_thread.hpp:88]  [T-Work-Detect_0] Frame :116 split
I1014 10:58:35.837126  4573 work_thread.hpp:120]  [T-Work-Detect_0] Valid piece: gid = 0
I1014 10:58:35.837143  4573 work_thread.hpp:92]  [T-Work-Detect_0] Push to split queue:recog
I1014 10:58:35.837199  4576 thread_intergrate.hpp:78] [T-Intergrate-intergrate] queue: frame output frame :116
I1014 10:58:35.837193  4575 work_thread.hpp:81]  [T-Work-Recog_1] Run work: WorkCapture
I1014 10:58:35.837234  4576 thread_intergrate.hpp:85] [T-Intergrate-intergrate] queue: compare output face:0
I1014 10:58:35.837251  4576 thread_intergrate.hpp:138] T-Intergrate-intergrate set matched face: 0
I1014 10:58:35.837924  4575 work_thread.hpp:81]  [T-Work-Recog_1] Run work: WorkRecog
I1014 10:58:35.838178  4575 work_recog.hpp:89] Face id: 0 will run recog: bbox [177 x 224 from (301, 124)] quality: 0.406008
I1014 10:58:35.838222  4575 work_recog.hpp:96] Recog pair: [256 x 280 from (264, 80)], [177 x 224 from (37, 44)]
I1014 10:58:35.838431  4576 thread_intergrate.hpp:158] T-Intergrate-intergrate Show face :0, size :640 * 360
I1014 10:58:35.838961  4572 demo_inner.hpp:435] thread [SORT-0]  frame id 116 sorting queue size 0   FPS: 29.9551
I1014 10:58:35.856178  4575 work_thread.hpp:81]  [T-Work-Recog_1] Run work: WorkCompare
I1014 10:58:35.856410  4575 work_compare.cpp:76] Compare face: 0 successed, similarity :0.978484, name : images/thanglmb.jpg, normal size : 640 * 360!
I1014 10:58:35.865478  4570 demo_inner.hpp:177] decode queue size 0
I1014 10:58:35.865586  4573 work_thread.hpp:81]  [T-Work-Detect_0] Run work: WorkDetect
I1014 10:58:35.865697  4573 work_detect.cpp:102] Succeeded to add det start for frame 117
I1014 10:58:35.872634  4573 work_detect.cpp:70] Frame :117 detect result :1 face(s)
I1014 10:58:35.872686  4573 work_detect.cpp:86] Detected bbox: [184 x 231 from (297, 123)]
I1014 10:58:35.872730  4573 work_detect.cpp:120] Succeeded to add det end for frame 117
I1014 10:58:35.872746  4573 work_thread.hpp:81]  [T-Work-Detect_0] Run work: WrokTrack
I1014 10:58:35.872771  4573 work_track.cpp:82] Frame: 117 build input_characts: [0.2875 x 0.641667 from (0.464063, 0.341667)], 1.00019, 0
I1014 10:58:35.872828  4573 work_track.cpp:102] Succeeded to set track lock for frame 117
I1014 10:58:35.872866  4573 work_track.cpp:116] Succeeded to release track lock for frame 117
I1014 10:58:35.872881  4573 work_track.cpp:120] Track results of frame 117: 1 objects input, 1 objects tracked!
I1014 10:58:35.872900  4573 work_track.cpp:148] Frame: 117, track bbox: [184 x 231 from (296.748, 122.46)], gid: 0, lid: 0
I1014 10:58:35.872936  4573 work_thread.hpp:88]  [T-Work-Detect_0] Frame :117 split
I1014 10:58:35.872953  4573 work_thread.hpp:120]  [T-Work-Detect_0] Valid piece: gid = 0
I1014 10:58:35.872970  4573 work_thread.hpp:92]  [T-Work-Detect_0] Push to split queue:recog
I1014 10:58:35.873026  4575 work_thread.hpp:81]  [T-Work-Recog_1] Run work: WorkCapture
I1014 10:58:35.873028  4576 thread_intergrate.hpp:78] [T-Intergrate-intergrate] queue: frame output frame :117
I1014 10:58:35.873064  4576 thread_intergrate.hpp:85] [T-Intergrate-intergrate] queue: compare output face:0
I1014 10:58:35.873082  4576 thread_intergrate.hpp:138] T-Intergrate-intergrate set matched face: 0
I1014 10:58:35.873641  4575 work_thread.hpp:81]  [T-Work-Recog_1] Run work: WorkRecog
I1014 10:58:35.873667  4575 work_recog.hpp:89] Face id: 0 will run recog: bbox [184 x 231 from (297, 123)] quality: 0.396026
I1014 10:58:35.873718  4575 work_recog.hpp:96] Recog pair: [264 x 288 from (256, 72)], [184 x 231 from (41, 51)]
I1014 10:58:35.874272  4576 thread_intergrate.hpp:158] T-Intergrate-intergrate Show face :0, size :640 * 360
I1014 10:58:35.874804  4572 demo_inner.hpp:435] thread [SORT-0]  frame id 117 sorting queue size 1   FPS: 29.9551
I1014 10:58:35.891970  4575 work_thread.hpp:81]  [T-Work-Recog_1] Run work: WorkCompare
I1014 10:58:35.892180  4575 work_compare.cpp:76] Compare face: 0 successed, similarity :0.966627, name : images/thanglmb.jpg, normal size : 640 * 360!
I1014 10:58:35.895741  4570 demo_inner.hpp:177] decode queue size 0
I1014 10:58:35.895843  4573 work_thread.hpp:81]  [T-Work-Detect_0] Run work: WorkDetect
I1014 10:58:35.895877  4573 work_detect.cpp:102] Succeeded to add det start for frame 118
I1014 10:58:35.902781  4573 work_detect.cpp:70] Frame :118 detect result :1 face(s)
I1014 10:58:35.902824  4573 work_detect.cpp:86] Detected bbox: [183 x 239 from (287, 120)]
I1014 10:58:35.902868  4573 work_detect.cpp:120] Succeeded to add det end for frame 118
I1014 10:58:35.902884  4573 work_thread.hpp:81]  [T-Work-Detect_0] Run work: WrokTrack
I1014 10:58:35.902909  4573 work_track.cpp:82] Frame: 118 build input_characts: [0.285937 x 0.663889 from (0.448438, 0.333333)], 0.999622, 0
I1014 10:58:35.902966  4573 work_track.cpp:102] Succeeded to set track lock for frame 118
I1014 10:58:35.903003  4573 work_track.cpp:116] Succeeded to release track lock for frame 118
I1014 10:58:35.903018  4573 work_track.cpp:120] Track results of frame 118: 1 objects input, 1 objects tracked!
I1014 10:58:35.903036  4573 work_track.cpp:148] Frame: 118, track bbox: [183 x 239 from (292.284, 120.037)], gid: 0, lid: 0
I1014 10:58:35.903072  4573 work_thread.hpp:88]  [T-Work-Detect_0] Frame :118 split
I1014 10:58:35.903090  4573 work_thread.hpp:120]  [T-Work-Detect_0] Valid piece: gid = 0
I1014 10:58:35.903108  4573 work_thread.hpp:92]  [T-Work-Detect_0] Push to split queue:recog
I1014 10:58:35.903151  4576 thread_intergrate.hpp:78] [T-Intergrate-intergrate] queue: frame output frame :118
I1014 10:58:35.903160  4574 work_thread.hpp:81]  [T-Work-Recog_0] Run work: WorkCapture
I1014 10:58:35.903178  4576 thread_intergrate.hpp:85] [T-Intergrate-intergrate] queue: compare output face:0
I1014 10:58:35.903265  4576 thread_intergrate.hpp:138] T-Intergrate-intergrate set matched face: 0
I1014 10:58:35.903910  4574 work_thread.hpp:81]  [T-Work-Recog_0] Run work: WorkRecog
I1014 10:58:35.903936  4574 work_recog.hpp:89] Face id: 0 will run recog: bbox [183 x 239 from (287, 120)] quality: 0.46371
I1014 10:58:35.903968  4574 work_recog.hpp:96] Recog pair: [264 x 288 from (248, 72)], [183 x 239 from (39, 48)]
