I1014 10:37:12.482314  3984 work_thread.hpp:88]  [T-Work-Detect_0] Frame :76 split
I1014 10:37:12.482332  3984 work_thread.hpp:120]  [T-Work-Detect_0] Valid piece: gid = 0
I1014 10:37:12.482350  3984 work_thread.hpp:92]  [T-Work-Detect_0] Push to split queue:recog
I1014 10:37:12.482394  3985 work_thread.hpp:81]  [T-Work-Recog_0] Run work: WorkCapture
I1014 10:37:12.482395  3987 thread_intergrate.hpp:78] [T-Intergrate-intergrate] queue: frame output frame :76
I1014 10:37:12.482439  3987 thread_intergrate.hpp:85] [T-Intergrate-intergrate] queue: compare output face:0
I1014 10:37:12.482456  3987 thread_intergrate.hpp:134] T-Intergrate-intergrate set matched face: 0
I1014 10:37:12.482954  3985 work_thread.hpp:81]  [T-Work-Recog_0] Run work: WorkRecog
I1014 10:37:12.482978  3985 work_recog.hpp:89] Face id: 0 will run recog: bbox [165 x 204 from (242, 153)] quality: 0.385324
I1014 10:37:12.483009  3985 work_recog.hpp:96] Recog pair: [232 x 248 from (208, 112)], [165 x 204 from (34, 41)]
I1014 10:37:12.483618  3987 thread_intergrate.hpp:154] T-Intergrate-intergrate Show face :0, size :640 * 360
I1014 10:37:12.484211  3983 demo_inner.hpp:435] thread [SORT-0]  frame id 76 sorting queue size 0   FPS: 29.9902
I1014 10:37:12.500713  3985 work_thread.hpp:81]  [T-Work-Recog_0] Run work: WorkCompare
I1014 10:37:12.500823  3985 work_compare.cpp:76] Compare face: 0 successed, similarity :0.938526, name : images/thanglmb.jpg, normal size : 640 * 360!
I1014 10:37:12.505656  3981 demo_inner.hpp:177] decode queue size 0
I1014 10:37:12.505755  3984 work_thread.hpp:81]  [T-Work-Detect_0] Run work: WorkDetect
I1014 10:37:12.505792  3984 work_detect.cpp:102] Succeeded to add det start for frame 77
I1014 10:37:12.512485  3984 work_detect.cpp:70] Frame :77 detect result :1 face(s)
I1014 10:37:12.512538  3984 work_detect.cpp:86] Detected bbox: [163 x 216 from (241, 132)]
I1014 10:37:12.512580  3984 work_detect.cpp:120] Succeeded to add det end for frame 77
I1014 10:37:12.512598  3984 work_thread.hpp:81]  [T-Work-Detect_0] Run work: WrokTrack
I1014 10:37:12.512621  3984 work_track.cpp:82] Frame: 77 build input_characts: [0.254687 x 0.6 from (0.376563, 0.366667)], 0.999622, 0
I1014 10:37:12.512676  3984 work_track.cpp:102] Succeeded to set track lock for frame 77
I1014 10:37:12.512715  3984 work_track.cpp:116] Succeeded to release track lock for frame 77
I1014 10:37:12.512729  3984 work_track.cpp:120] Track results of frame 77: 1 objects input, 1 objects tracked!
I1014 10:37:12.512748  3984 work_track.cpp:148] Frame: 77, track bbox: [163 x 216 from (239.883, 136.762)], gid: 0, lid: 0
I1014 10:37:12.512784  3984 work_thread.hpp:88]  [T-Work-Detect_0] Frame :77 split
I1014 10:37:12.512800  3984 work_thread.hpp:120]  [T-Work-Detect_0] Valid piece: gid = 0
I1014 10:37:12.512818  3984 work_thread.hpp:92]  [T-Work-Detect_0] Push to split queue:recog
I1014 10:37:12.512866  3986 work_thread.hpp:81]  [T-Work-Recog_1] Run work: WorkCapture
I1014 10:37:12.513165  3987 thread_intergrate.hpp:78] [T-Intergrate-intergrate] queue: frame output frame :77
I1014 10:37:12.513192  3987 thread_intergrate.hpp:85] [T-Intergrate-intergrate] queue: compare output face:0
I1014 10:37:12.513211  3987 thread_intergrate.hpp:134] T-Intergrate-intergrate set matched face: 0
I1014 10:37:12.513414  3986 work_thread.hpp:81]  [T-Work-Recog_1] Run work: WorkRecog
I1014 10:37:12.513437  3986 work_recog.hpp:89] Face id: 0 will run recog: bbox [163 x 216 from (241, 132)] quality: 0.4705
I1014 10:37:12.513464  3986 work_recog.hpp:96] Recog pair: [232 x 272 from (208, 88)], [163 x 216 from (33, 44)]
I1014 10:37:12.514392  3987 thread_intergrate.hpp:154] T-Intergrate-intergrate Show face :0, size :640 * 360
I1014 10:37:12.514986  3983 demo_inner.hpp:435] thread [SORT-0]  frame id 77 sorting queue size 1   FPS: 30.0197
I1014 10:37:12.530882  3986 work_thread.hpp:81]  [T-Work-Recog_1] Run work: WorkCompare
I1014 10:37:12.530984  3986 work_compare.cpp:76] Compare face: 0 successed, similarity :0.96035, name : images/thanglmb.jpg, normal size : 640 * 360!
I1014 10:37:12.541098  3981 demo_inner.hpp:177] decode queue size 0
I1014 10:37:12.541220  3984 work_thread.hpp:81]  [T-Work-Detect_0] Run work: WorkDetect
I1014 10:37:12.541256  3984 work_detect.cpp:102] Succeeded to add det start for frame 78
I1014 10:37:12.545419  3982 demo_inner.hpp:260]  gui queue size 1, state = running
I1014 10:37:12.548149  3984 work_detect.cpp:70] Frame :78 detect result :1 face(s)
I1014 10:37:12.548239  3984 work_detect.cpp:86] Detected bbox: [163 x 212 from (242, 133)]
I1014 10:37:12.548288  3984 work_detect.cpp:120] Succeeded to add det end for frame 78
I1014 10:37:12.548305  3984 work_thread.hpp:81]  [T-Work-Detect_0] Run work: WrokTrack
I1014 10:37:12.548332  3984 work_track.cpp:82] Frame: 78 build input_characts: [0.254687 x 0.588889 from (0.378125, 0.369444)], 1.00019, 0
I1014 10:37:12.548391  3984 work_track.cpp:102] Succeeded to set track lock for frame 78
I1014 10:37:12.548437  3984 work_track.cpp:116] Succeeded to release track lock for frame 78
I1014 10:37:12.548452  3984 work_track.cpp:120] Track results of frame 78: 1 objects input, 1 objects tracked!
I1014 10:37:12.548470  3984 work_track.cpp:148] Frame: 78, track bbox: [163 x 212 from (241.209, 137.065)], gid: 0, lid: 0
I1014 10:37:12.548599  3984 work_thread.hpp:88]  [T-Work-Detect_0] Frame :78 split
I1014 10:37:12.548619  3984 work_thread.hpp:120]  [T-Work-Detect_0] Valid piece: gid = 0
I1014 10:37:12.548637  3984 work_thread.hpp:92]  [T-Work-Detect_0] Push to split queue:recog
I1014 10:37:12.548713  3986 work_thread.hpp:81]  [T-Work-Recog_1] Run work: WorkCapture
I1014 10:37:12.549047  3987 thread_intergrate.hpp:78] [T-Intergrate-intergrate] queue: frame output frame :78
I1014 10:37:12.549074  3987 thread_intergrate.hpp:85] [T-Intergrate-intergrate] queue: compare output face:0
I1014 10:37:12.549093  3987 thread_intergrate.hpp:134] T-Intergrate-intergrate set matched face: 0
I1014 10:37:12.549325  3986 work_thread.hpp:81]  [T-Work-Recog_1] Run work: WorkRecog
I1014 10:37:12.549351  3986 work_recog.hpp:89] Face id: 0 will run recog: bbox [163 x 212 from (242, 133)] quality: 0.444967
I1014 10:37:12.549383  3986 work_recog.hpp:96] Recog pair: [232 x 272 from (208, 88)], [163 x 212 from (34, 45)]
I1014 10:37:12.550276  3987 thread_intergrate.hpp:154] T-Intergrate-intergrate Show face :0, size :640 * 360
I1014 10:37:12.550868  3983 demo_inner.hpp:435] thread [SORT-0]  frame id 78 sorting queue size 0   FPS: 29.946
I1014 10:37:12.566885  3986 work_thread.hpp:81]  [T-Work-Recog_1] Run work: WorkCompare
I1014 10:37:12.566993  3986 work_compare.cpp:76] Compare face: 0 successed, similarity :0.973468, name : images/thanglmb.jpg, normal size : 640 * 360!
I1014 10:37:12.571425  3981 demo_inner.hpp:177] decode queue size 0
I1014 10:37:12.571523  3984 work_thread.hpp:81]  [T-Work-Detect_0] Run work: WorkDetect
I1014 10:37:12.571559  3984 work_detect.cpp:102] Succeeded to add det start for frame 79
I1014 10:37:12.578299  3984 work_detect.cpp:70] Frame :79 detect result :1 face(s)
I1014 10:37:12.578339  3984 work_detect.cpp:86] Detected bbox: [163 x 212 from (241, 134)]
I1014 10:37:12.578382  3984 work_detect.cpp:120] Succeeded to add det end for frame 79
I1014 10:37:12.578398  3984 work_thread.hpp:81]  [T-Work-Detect_0] Run work: WrokTrack
I1014 10:37:12.578423  3984 work_track.cpp:82] Frame: 79 build input_characts: [0.254687 x 0.588889 from (0.376563, 0.372222)], 0.999622, 0
I1014 10:37:12.578478  3984 work_track.cpp:102] Succeeded to set track lock for frame 79
I1014 10:37:12.578517  3984 work_track.cpp:116] Succeeded to release track lock for frame 79
I1014 10:37:12.578532  3984 work_track.cpp:120] Track results of frame 79: 1 objects input, 1 objects tracked!
I1014 10:37:12.578550  3984 work_track.cpp:148] Frame: 79, track bbox: [163 x 212 from (241.92, 135.757)], gid: 0, lid: 0
I1014 10:37:12.578585  3984 work_thread.hpp:88]  [T-Work-Detect_0] Frame :79 split
I1014 10:37:12.578603  3984 work_thread.hpp:120]  [T-Work-Detect_0] Valid piece: gid = 0
I1014 10:37:12.578621  3984 work_thread.hpp:92]  [T-Work-Detect_0] Push to split queue:recog
I1014 10:37:12.578665  3987 thread_intergrate.hpp:78] [T-Intergrate-intergrate] queue: frame output frame :79
I1014 10:37:12.578667  3985 work_thread.hpp:81]  [T-Work-Recog_0] Run work: WorkCapture
I1014 10:37:12.578694  3987 thread_intergrate.hpp:85] [T-Intergrate-intergrate] queue: compare output face:0
I1014 10:37:12.578712  3987 thread_intergrate.hpp:134] T-Intergrate-intergrate set matched face: 0
I1014 10:37:12.579234  3985 work_thread.hpp:81]  [T-Work-Recog_0] Run work: WorkRecog
I1014 10:37:12.579259  3985 work_recog.hpp:89] Face id: 0 will run recog: bbox [163 x 212 from (241, 134)] quality: 0.459008
I1014 10:37:12.579293  3985 work_recog.hpp:96] Recog pair: [232 x 272 from (208, 88)], [163 x 212 from (33, 46)]
I1014 10:37:12.579872  3987 thread_intergrate.hpp:154] T-Intergrate-intergrate Show face :0, size :640 * 360
I1014 10:37:12.580394  3983 demo_inner.hpp:435] thread [SORT-0]  frame id 79 sorting queue size 1   FPS: 30.0345
I1014 10:37:12.596951  3985 work_thread.hpp:81]  [T-Work-Recog_0] Run work: WorkCompare
I1014 10:37:12.597056  3985 work_compare.cpp:76] Compare face: 0 successed, similarity :0.959298, name : images/thanglmb.jpg, normal size : 640 * 360!
I1014 10:37:12.607162  3981 demo_inner.hpp:177] decode queue size 0
I1014 10:37:12.607334  3984 work_thread.hpp:81]  [T-Work-Detect_0] Run work: WorkDetect
I1014 10:37:12.607369  3984 work_detect.cpp:102] Succeeded to add det start for frame 80
I1014 10:37:12.614274  3984 work_detect.cpp:70] Frame :80 detect result :1 face(s)
I1014 10:37:12.614320  3984 work_detect.cpp:86] Detected bbox: [163 x 210 from (242, 134)]
I1014 10:37:12.614362  3984 work_detect.cpp:120] Succeeded to add det end for frame 80
I1014 10:37:12.614377  3984 work_thread.hpp:81]  [T-Work-Detect_0] Run work: WrokTrack
I1014 10:37:12.614403  3984 work_track.cpp:82] Frame: 80 build input_characts: [0.254687 x 0.583333 from (0.378125, 0.372222)], 1.00019, 0
I1014 10:37:12.614457  3984 work_track.cpp:102] Succeeded to set track lock for frame 80
I1014 10:37:12.614497  3984 work_track.cpp:116] Succeeded to release track lock for frame 80
I1014 10:37:12.614512  3984 work_track.cpp:120] Track results of frame 80: 1 objects input, 1 objects tracked!
I1014 10:37:12.614531  3984 work_track.cpp:148] Frame: 80, track bbox: [163 x 210 from (243.086, 134.487)], gid: 0, lid: 0
I1014 10:37:12.614567  3984 work_thread.hpp:88]  [T-Work-Detect_0] Frame :80 split
I1014 10:37:12.614584  3984 work_thread.hpp:120]  [T-Work-Detect_0] Valid piece: gid = 0
I1014 10:37:12.614603  3984 work_thread.hpp:92]  [T-Work-Detect_0] Push to split queue:recog
I1014 10:37:12.614651  3985 work_thread.hpp:81]  [T-Work-Recog_0] Run work: WorkCapture
I1014 10:37:12.614950  3987 thread_intergrate.hpp:78] [T-Intergrate-intergrate] queue: frame output frame :80
I1014 10:37:12.614977  3987 thread_intergrate.hpp:85] [T-Intergrate-intergrate] queue: compare output face:0
I1014 10:37:12.614995  3987 thread_intergrate.hpp:134] T-Intergrate-intergrate set matched face: 0
I1014 10:37:12.615200  3985 work_thread.hpp:81]  [T-Work-Recog_0] Run work: WorkRecog
I1014 10:37:12.615224  3985 work_recog.hpp:89] Face id: 0 will run recog: bbox [163 x 210 from (242, 134)] quality: 0.450847
I1014 10:37:12.615252  3985 work_recog.hpp:96] Recog pair: [232 x 272 from (208, 88)], [163 x 210 from (34, 46)]
I1014 10:37:12.616189  3987 thread_intergrate.hpp:154] T-Intergrate-intergrate Show face :0, size :640 * 360
I1014 10:37:12.616713  3983 demo_inner.hpp:435] thread [SORT-0]  frame id 80 sorting queue size 2   FPS: 29.9313
I1014 10:37:12.632052  3982 demo_inner.hpp:260]  gui queue size 2, state = running
I1014 10:37:12.633181  3985 work_thread.hpp:81]  [T-Work-Recog_0] Run work: WorkCompare
I1014 10:37:12.633286  3985 work_compare.cpp:76] Compare face: 0 successed, similarity :0.973464, name : images/thanglmb.jpg, normal size : 640 * 360!
I1014 10:37:12.637758  3981 demo_inner.hpp:177] decode queue size 0
I1014 10:37:12.637859  3984 work_thread.hpp:81]  [T-Work-Detect_0] Run work: WorkDetect
I1014 10:37:12.637893  3984 work_detect.cpp:102] Succeeded to add det start for frame 81
I1014 10:37:12.644704  3984 work_detect.cpp:70] Frame :81 detect result :1 face(s)
I1014 10:37:12.644745  3984 work_detect.cpp:86] Detected bbox: [160 x 210 from (242, 134)]
I1014 10:37:12.644786  3984 work_detect.cpp:120] Succeeded to add det end for frame 81
I1014 10:37:12.644804  3984 work_thread.hpp:81]  [T-Work-Detect_0] Run work: WrokTrack
I1014 10:37:12.644826  3984 work_track.cpp:82] Frame: 81 build input_characts: [0.25 x 0.583333 from (0.378125, 0.372222)], 1.00019, 0
I1014 10:37:12.644882  3984 work_track.cpp:102] Succeeded to set track lock for frame 81
I1014 10:37:12.644922  3984 work_track.cpp:116] Succeeded to release track lock for frame 81
I1014 10:37:12.644937  3984 work_track.cpp:120] Track results of frame 81: 1 objects input, 1 objects tracked!
I1014 10:37:12.644954  3984 work_track.cpp:148] Frame: 81, track bbox: [160 x 210 from (242.362, 131.154)], gid: 0, lid: 0
I1014 10:37:12.644990  3984 work_thread.hpp:88]  [T-Work-Detect_0] Frame :81 split
I1014 10:37:12.645007  3984 work_thread.hpp:120]  [T-Work-Detect_0] Valid piece: gid = 0
I1014 10:37:12.645025  3984 work_thread.hpp:92]  [T-Work-Detect_0] Push to split queue:recog
I1014 10:37:12.645141  3987 thread_intergrate.hpp:78] [T-Intergrate-intergrate] queue: frame output frame :81
I1014 10:37:12.645144  3986 work_thread.hpp:81]  [T-Work-Recog_1] Run work: WorkCapture
I1014 10:37:12.645171  3987 thread_intergrate.hpp:85] [T-Intergrate-intergrate] queue: compare output face:0
I1014 10:37:12.645190  3987 thread_intergrate.hpp:134] T-Intergrate-intergrate set matched face: 0
I1014 10:37:12.645782  3986 work_thread.hpp:81]  [T-Work-Recog_1] Run work: WorkRecog
I1014 10:37:12.645807  3986 work_recog.hpp:89] Face id: 0 will run recog: bbox [160 x 210 from (242, 134)] quality: 0.459847
I1014 10:37:12.645835  3986 work_recog.hpp:96] Recog pair: [232 x 272 from (208, 88)], [160 x 210 from (34, 46)]
I1014 10:37:12.646349  3987 thread_intergrate.hpp:154] T-Intergrate-intergrate Show face :0, size :640 * 360
I1014 10:37:12.646847  3983 demo_inner.hpp:435] thread [SORT-0]  frame id 81 sorting queue size 0   FPS: 30.0345
I1014 10:37:12.663339  3986 work_thread.hpp:81]  [T-Work-Recog_1] Run work: WorkCompare
I1014 10:37:12.663445  3986 work_compare.cpp:76] Compare face: 0 successed, similarity :0.971899, name : images/thanglmb.jpg, normal size : 640 * 360!
I1014 10:37:12.673082  3981 demo_inner.hpp:177] decode queue size 0
I1014 10:37:12.673192  3984 work_thread.hpp:81]  [T-Work-Detect_0] Run work: WorkDetect
I1014 10:37:12.673229  3984 work_detect.cpp:102] Succeeded to add det start for frame 82
I1014 10:37:12.680059  3984 work_detect.cpp:70] Frame :82 detect result :1 face(s)
I1014 10:37:12.680100  3984 work_detect.cpp:86] Detected bbox: [163 x 212 from (242, 132)]
I1014 10:37:12.680142  3984 work_detect.cpp:120] Succeeded to add det end for frame 82
I1014 10:37:12.680173  3984 work_thread.hpp:81]  [T-Work-Detect_0] Run work: WrokTrack
I1014 10:37:12.680200  3984 work_track.cpp:82] Frame: 82 build input_characts: [0.254687 x 0.588889 from (0.378125, 0.366667)], 0.999622, 0
I1014 10:37:12.680256  3984 work_track.cpp:102] Succeeded to set track lock for frame 82
I1014 10:37:12.680297  3984 work_track.cpp:116] Succeeded to release track lock for frame 82
I1014 10:37:12.680312  3984 work_track.cpp:120] Track results of frame 82: 1 objects input, 1 objects tracked!
I1014 10:37:12.680330  3984 work_track.cpp:148] Frame: 82, track bbox: [163 x 212 from (241.51, 132.386)], gid: 0, lid: 0
I1014 10:37:12.680366  3984 work_thread.hpp:88]  [T-Work-Detect_0] Frame :82 split
I1014 10:37:12.680384  3984 work_thread.hpp:120]  [T-Work-Detect_0] Valid piece: gid = 0
I1014 10:37:12.680402  3984 work_thread.hpp:92]  [T-Work-Detect_0] Push to split queue:recog
I1014 10:37:12.680441  3986 work_thread.hpp:81]  [T-Work-Recog_1] Run work: WorkCapture
I1014 10:37:12.680445  3987 thread_intergrate.hpp:78] [T-Intergrate-intergrate] queue: frame output frame :82
I1014 10:37:12.680474  3987 thread_intergrate.hpp:85] [T-Intergrate-intergrate] queue: compare output face:0
I1014 10:37:12.680493  3987 thread_intergrate.hpp:134] T-Intergrate-intergrate set matched face: 0
I1014 10:37:12.680995  3986 work_thread.hpp:81]  [T-Work-Recog_1] Run work: WorkRecog
I1014 10:37:12.681020  3986 work_recog.hpp:89] Face id: 0 will run recog: bbox [163 x 212 from (242, 132)] quality: 0.450956
I1014 10:37:12.681046  3986 work_recog.hpp:96] Recog pair: [232 x 272 from (208, 88)], [163 x 212 from (34, 44)]
I1014 10:37:12.681653  3987 thread_intergrate.hpp:154] T-Intergrate-intergrate Show face :0, size :640 * 360
I1014 10:37:12.682214  3983 demo_inner.hpp:435] thread [SORT-0]  frame id 82 sorting queue size 1   FPS: 29.946
I1014 10:37:12.698487  3986 work_thread.hpp:81]  [T-Work-Recog_1] Run work: WorkCompare
I1014 10:37:12.698596  3986 work_compare.cpp:76] Compare face: 0 successed, similarity :0.968748, name : images/thanglmb.jpg, normal size : 640 * 360!
I1014 10:37:12.705133  3982 demo_inner.hpp:260]  gui queue size 1, state = running
I1014 10:37:12.705710  3981 demo_inner.hpp:177] decode queue size 0
I1014 10:37:12.705849  3984 work_thread.hpp:81]  [T-Work-Detect_0] Run work: WorkDetect
I1014 10:37:12.705885  3984 work_detect.cpp:102] Succeeded to add det start for frame 83
I1014 10:37:12.712815  3984 work_detect.cpp:70] Frame :83 detect result :1 face(s)
I1014 10:37:12.712870  3984 work_detect.cpp:86] Detected bbox: [160 x 210 from (244, 131)]
I1014 10:37:12.712913  3984 work_detect.cpp:120] Succeeded to add det end for frame 83
I1014 10:37:12.712929  3984 work_thread.hpp:81]  [T-Work-Detect_0] Run work: WrokTrack
I1014 10:37:12.712954  3984 work_track.cpp:82] Frame: 83 build input_characts: [0.25 x 0.583333 from (0.38125, 0.363889)], 1.00019, 0
I1014 10:37:12.713011  3984 work_track.cpp:102] Succeeded to set track lock for frame 83
I1014 10:37:12.713050  3984 work_track.cpp:116] Succeeded to release track lock for frame 83
I1014 10:37:12.713064  3984 work_track.cpp:120] Track results of frame 83: 1 objects input, 1 objects tracked!
I1014 10:37:12.713083  3984 work_track.cpp:148] Frame: 83, track bbox: [160 x 210 from (243.47, 131.986)], gid: 0, lid: 0
I1014 10:37:12.713119  3984 work_thread.hpp:88]  [T-Work-Detect_0] Frame :83 split
I1014 10:37:12.713136  3984 work_thread.hpp:120]  [T-Work-Detect_0] Valid piece: gid = 0
I1014 10:37:12.713155  3984 work_thread.hpp:92]  [T-Work-Detect_0] Push to split queue:recog
I1014 10:37:12.713201  3987 thread_intergrate.hpp:78] [T-Intergrate-intergrate] queue: frame output frame :83
I1014 10:37:12.713204  3985 work_thread.hpp:81]  [T-Work-Recog_0] Run work: WorkCapture
I1014 10:37:12.713229  3987 thread_intergrate.hpp:85] [T-Intergrate-intergrate] queue: compare output face:0
I1014 10:37:12.713248  3987 thread_intergrate.hpp:134] T-Intergrate-intergrate set matched face: 0
I1014 10:37:12.713779  3985 work_thread.hpp:81]  [T-Work-Recog_0] Run work: WorkRecog
I1014 10:37:12.713804  3985 work_recog.hpp:89] Face id: 0 will run recog: bbox [160 x 210 from (244, 131)] quality: 0.445279
I1014 10:37:12.713835  3985 work_recog.hpp:96] Recog pair: [232 x 272 from (208, 88)], [160 x 210 from (36, 43)]
I1014 10:37:12.714408  3987 thread_intergrate.hpp:154] T-Intergrate-intergrate Show face :0, size :640 * 360
I1014 10:37:12.714963  3983 demo_inner.hpp:435] thread [SORT-0]  frame id 83 sorting queue size 0   FPS: 29.9902
I1014 10:37:12.731717  3985 work_thread.hpp:81]  [T-Work-Recog_0] Run work: WorkCompare
I1014 10:37:12.731822  3985 work_compare.cpp:76] Compare face: 0 successed, similarity :0.97711, name : images/thanglmb.jpg, normal size : 640 * 360!
I1014 10:37:12.739653  3981 demo_inner.hpp:177] decode queue size 0
I1014 10:37:12.739756  3984 work_thread.hpp:81]  [T-Work-Detect_0] Run work: WorkDetect
I1014 10:37:12.739794  3984 work_detect.cpp:102] Succeeded to add det start for frame 84
I1014 10:37:12.746675  3984 work_detect.cpp:70] Frame :84 detect result :1 face(s)
I1014 10:37:12.746727  3984 work_detect.cpp:86] Detected bbox: [160 x 208 from (243, 135)]
I1014 10:37:12.746769  3984 work_detect.cpp:120] Succeeded to add det end for frame 84
I1014 10:37:12.746786  3984 work_thread.hpp:81]  [T-Work-Detect_0] Run work: WrokTrack
I1014 10:37:12.746811  3984 work_track.cpp:82] Frame: 84 build input_characts: [0.25 x 0.577778 from (0.379687, 0.375)], 0.999622, 0
I1014 10:37:12.746866  3984 work_track.cpp:102] Succeeded to set track lock for frame 84
I1014 10:37:12.746906  3984 work_track.cpp:116] Succeeded to release track lock for frame 84
I1014 10:37:12.746920  3984 work_track.cpp:120] Track results of frame 84: 1 objects input, 1 objects tracked!
I1014 10:37:12.746938  3984 work_track.cpp:148] Frame: 84, track bbox: [160 x 208 from (243.483, 133.426)], gid: 0, lid: 0
I1014 10:37:12.746973  3984 work_thread.hpp:88]  [T-Work-Detect_0] Frame :84 split
I1014 10:37:12.746991  3984 work_thread.hpp:120]  [T-Work-Detect_0] Valid piece: gid = 0
I1014 10:37:12.747009  3984 work_thread.hpp:92]  [T-Work-Detect_0] Push to split queue:recog
I1014 10:37:12.747056  3987 thread_intergrate.hpp:78] [T-Intergrate-intergrate] queue: frame output frame :84
I1014 10:37:12.747056  3986 work_thread.hpp:81]  [T-Work-Recog_1] Run work: WorkCapture
I1014 10:37:12.747084  3987 thread_intergrate.hpp:85] [T-Intergrate-intergrate] queue: compare output face:0
I1014 10:37:12.747179  3987 thread_intergrate.hpp:134] T-Intergrate-intergrate set matched face: 0
I1014 10:37:12.747635  3986 work_thread.hpp:81]  [T-Work-Recog_1] Run work: WorkRecog
I1014 10:37:12.747659  3986 work_recog.hpp:89] Face id: 0 will run recog: bbox [160 x 208 from (243, 135)] quality: 0.445188
I1014 10:37:12.747687  3986 work_recog.hpp:96] Recog pair: [232 x 272 from (208, 88)], [160 x 208 from (35, 47)]
I1014 10:37:12.748373  3987 thread_intergrate.hpp:154] T-Intergrate-intergrate Show face :0, size :640 * 360
I1014 10:37:12.748893  3983 demo_inner.hpp:435] thread [SORT-0]  frame id 84 sorting queue size 1   FPS: 29.9313
I1014 10:37:12.765146  3986 work_thread.hpp:81]  [T-Work-Recog_1] Run work: WorkCompare
I1014 10:37:12.765247  3986 work_compare.cpp:76] Compare face: 0 successed, similarity :0.965301, name : images/thanglmb.jpg, normal size : 640 * 360!
I1014 10:37:12.775055  3981 demo_inner.hpp:177] decode queue size 0
I1014 10:37:12.775163  3984 work_thread.hpp:81]  [T-Work-Detect_0] Run work: WorkDetect
I1014 10:37:12.775200  3984 work_detect.cpp:102] Succeeded to add det start for frame 85
I1014 10:37:12.777539  3982 demo_inner.hpp:260]  gui queue size 1, state = running
I1014 10:37:12.782047  3984 work_detect.cpp:70] Frame :85 detect result :1 face(s)
I1014 10:37:12.782086  3984 work_detect.cpp:86] Detected bbox: [164 x 215 from (241, 131)]
I1014 10:37:12.782128  3984 work_detect.cpp:120] Succeeded to add det end for frame 85
I1014 10:37:12.782145  3984 work_thread.hpp:81]  [T-Work-Detect_0] Run work: WrokTrack
I1014 10:37:12.782171  3984 work_track.cpp:82] Frame: 85 build input_characts: [0.25625 x 0.597222 from (0.376563, 0.363889)], 1.00019, 0
I1014 10:37:12.782222  3984 work_track.cpp:102] Succeeded to set track lock for frame 85
I1014 10:37:12.782263  3984 work_track.cpp:116] Succeeded to release track lock for frame 85
I1014 10:37:12.782279  3984 work_track.cpp:120] Track results of frame 85: 1 objects input, 1 objects tracked!
I1014 10:37:12.782296  3984 work_track.cpp:148] Frame: 85, track bbox: [164 x 215 from (241.278, 130.433)], gid: 0, lid: 0
I1014 10:37:12.782333  3984 work_thread.hpp:88]  [T-Work-Detect_0] Frame :85 split
I1014 10:37:12.782351  3984 work_thread.hpp:120]  [T-Work-Detect_0] Valid piece: gid = 0
I1014 10:37:12.782369  3984 work_thread.hpp:92]  [T-Work-Detect_0] Push to split queue:recog
I1014 10:37:12.782410  3986 work_thread.hpp:81]  [T-Work-Recog_1] Run work: WorkCapture
I1014 10:37:12.782411  3987 thread_intergrate.hpp:78] [T-Intergrate-intergrate] queue: frame output frame :85
I1014 10:37:12.782454  3987 thread_intergrate.hpp:85] [T-Intergrate-intergrate] queue: compare output face:0
I1014 10:37:12.782471  3987 thread_intergrate.hpp:134] T-Intergrate-intergrate set matched face: 0
I1014 10:37:12.783004  3986 work_thread.hpp:81]  [T-Work-Recog_1] Run work: WorkRecog
I1014 10:37:12.783028  3986 work_recog.hpp:89] Face id: 0 will run recog: bbox [164 x 215 from (241, 131)] quality: 0.464907
I1014 10:37:12.783056  3986 work_recog.hpp:96] Recog pair: [232 x 272 from (208, 88)], [164 x 215 from (33, 43)]
I1014 10:37:12.783639  3987 thread_intergrate.hpp:154] T-Intergrate-intergrate Show face :0, size :640 * 360
I1014 10:37:12.784154  3983 demo_inner.hpp:435] thread [SORT-0]  frame id 85 sorting queue size 0   FPS: 29.9607
I1014 10:37:12.784278  3982 demo_inner.hpp:260]  gui queue size 0, state = running
I1014 10:37:12.800781  3986 work_thread.hpp:81]  [T-Work-Recog_1] Run work: WorkCompare
I1014 10:37:12.800890  3986 work_compare.cpp:76] Compare face: 0 successed, similarity :0.971951, name : images/thanglmb.jpg, normal size : 640 * 360!
I1014 10:37:12.807075  3981 demo_inner.hpp:177] decode queue size 0
I1014 10:37:12.807251  3984 work_thread.hpp:81]  [T-Work-Detect_0] Run work: WorkDetect
I1014 10:37:12.807286  3984 work_detect.cpp:102] Succeeded to add det start for frame 86
I1014 10:37:12.814304  3984 work_detect.cpp:70] Frame :86 detect result :1 face(s)
I1014 10:37:12.814357  3984 work_detect.cpp:86] Detected bbox: [163 x 212 from (241, 132)]
I1014 10:37:12.814400  3984 work_detect.cpp:120] Succeeded to add det end for frame 86
I1014 10:37:12.814491  3984 work_thread.hpp:81]  [T-Work-Detect_0] Run work: WrokTrack
I1014 10:37:12.814518  3984 work_track.cpp:82] Frame: 86 build input_characts: [0.254687 x 0.588889 from (0.376563, 0.366667)], 1.00019, 0
I1014 10:37:12.814574  3984 work_track.cpp:102] Succeeded to set track lock for frame 86
I1014 10:37:12.814613  3984 work_track.cpp:116] Succeeded to release track lock for frame 86
I1014 10:37:12.814628  3984 work_track.cpp:120] Track results of frame 86: 1 objects input, 1 objects tracked!
I1014 10:37:12.814646  3984 work_track.cpp:148] Frame: 86, track bbox: [163 x 212 from (241.505, 132.041)], gid: 0, lid: 0
I1014 10:37:12.814682  3984 work_thread.hpp:88]  [T-Work-Detect_0] Frame :86 split
I1014 10:37:12.814700  3984 work_thread.hpp:120]  [T-Work-Detect_0] Valid piece: gid = 0
I1014 10:37:12.814718  3984 work_thread.hpp:92]  [T-Work-Detect_0] Push to split queue:recog
I1014 10:37:12.814760  3986 work_thread.hpp:81]  [T-Work-Recog_1] Run work: WorkCapture
I1014 10:37:12.814760  3987 thread_intergrate.hpp:78] [T-Intergrate-intergrate] queue: frame output frame :86
I1014 10:37:12.814800  3987 thread_intergrate.hpp:85] [T-Intergrate-intergrate] queue: compare output face:0
I1014 10:37:12.814817  3987 thread_intergrate.hpp:134] T-Intergrate-intergrate set matched face: 0
I1014 10:37:12.815338  3986 work_thread.hpp:81]  [T-Work-Recog_1] Run work: WorkRecog
I1014 10:37:12.815362  3986 work_recog.hpp:89] Face id: 0 will run recog: bbox [163 x 212 from (241, 132)] quality: 0.471875
I1014 10:37:12.815390  3986 work_recog.hpp:96] Recog pair: [232 x 272 from (208, 88)], [163 x 212 from (33, 44)]
I1014 10:37:12.815984  3987 thread_intergrate.hpp:154] T-Intergrate-intergrate Show face :0, size :640 * 360
I1014 10:37:12.816512  3983 demo_inner.hpp:435] thread [SORT-0]  frame id 86 sorting queue size 0   FPS: 30.0049
I1014 10:37:12.833070  3986 work_thread.hpp:81]  [T-Work-Recog_1] Run work: WorkCompare
I1014 10:37:12.833176  3986 work_compare.cpp:76] Compare face: 0 successed, similarity :0.95635, name : images/thanglmb.jpg, normal size : 640 * 360!
I1014 10:37:12.844637  3981 demo_inner.hpp:177] decode queue size 0
I1014 10:37:12.844712  3982 demo_inner.hpp:260]  gui queue size 0, state = running
I1014 10:37:12.844743  3984 work_thread.hpp:81]  [T-Work-Detect_0] Run work: WorkDetect
I1014 10:37:12.844775  3984 work_detect.cpp:102] Succeeded to add det start for frame 87
I1014 10:37:12.851361  3984 work_detect.cpp:70] Frame :87 detect result :1 face(s)
I1014 10:37:12.851411  3984 work_detect.cpp:86] Detected bbox: [162 x 211 from (242, 133)]
I1014 10:37:12.851454  3984 work_detect.cpp:120] Succeeded to add det end for frame 87
I1014 10:37:12.851471  3984 work_thread.hpp:81]  [T-Work-Detect_0] Run work: WrokTrack
I1014 10:37:12.851495  3984 work_track.cpp:82] Frame: 87 build input_characts: [0.253125 x 0.586111 from (0.378125, 0.369444)], 1.00019, 0
I1014 10:37:12.851548  3984 work_track.cpp:102] Succeeded to set track lock for frame 87
I1014 10:37:12.851588  3984 work_track.cpp:116] Succeeded to release track lock for frame 87
I1014 10:37:12.851603  3984 work_track.cpp:120] Track results of frame 87: 1 objects input, 1 objects tracked!
I1014 10:37:12.851620  3984 work_track.cpp:148] Frame: 87, track bbox: [162 x 211 from (241.672, 133.065)], gid: 0, lid: 0
I1014 10:37:12.851657  3984 work_thread.hpp:88]  [T-Work-Detect_0] Frame :87 split
I1014 10:37:12.851675  3984 work_thread.hpp:120]  [T-Work-Detect_0] Valid piece: gid = 0
I1014 10:37:12.851693  3984 work_thread.hpp:92]  [T-Work-Detect_0] Push to split queue:recog
I1014 10:37:12.851740  3987 thread_intergrate.hpp:78] [T-Intergrate-intergrate] queue: frame output frame :87
I1014 10:37:12.851742  3985 work_thread.hpp:81]  [T-Work-Recog_0] Run work: WorkCapture
I1014 10:37:12.851770  3987 thread_intergrate.hpp:85] [T-Intergrate-intergrate] queue: compare output face:0
I1014 10:37:12.851788  3987 thread_intergrate.hpp:134] T-Intergrate-intergrate set matched face: 0
I1014 10:37:12.852311  3985 work_thread.hpp:81]  [T-Work-Recog_0] Run work: WorkRecog
I1014 10:37:12.852411  3985 work_recog.hpp:89] Face id: 0 will run recog: bbox [162 x 211 from (242, 133)] quality: 0.464612
I1014 10:37:12.852442  3985 work_recog.hpp:96] Recog pair: [232 x 272 from (208, 88)], [162 x 211 from (34, 45)]
I1014 10:37:12.852986  3987 thread_intergrate.hpp:154] T-Intergrate-intergrate Show face :0, size :640 * 360
I1014 10:37:12.853509  3983 demo_inner.hpp:435] thread [SORT-0]  frame id 87 sorting queue size 0   FPS: 29.8873
I1014 10:37:12.869874  3985 work_thread.hpp:81]  [T-Work-Recog_0] Run work: WorkCompare
I1014 10:37:12.869983  3985 work_compare.cpp:76] Compare face: 0 successed, similarity :0.975579, name : images/thanglmb.jpg, normal size : 640 * 360!
I1014 10:37:12.871762  3981 demo_inner.hpp:177] decode queue size 0
I1014 10:37:12.871850  3984 work_thread.hpp:81]  [T-Work-Detect_0] Run work: WorkDetect
I1014 10:37:12.871882  3984 work_detect.cpp:102] Succeeded to add det start for frame 88
I1014 10:37:12.878705  3984 work_detect.cpp:70] Frame :88 detect result :1 face(s)
I1014 10:37:12.878752  3984 work_detect.cpp:86] Detected bbox: [165 x 216 from (241, 131)]
I1014 10:37:12.878793  3984 work_detect.cpp:120] Succeeded to add det end for frame 88
I1014 10:37:12.878810  3984 work_thread.hpp:81]  [T-Work-Detect_0] Run work: WrokTrack
I1014 10:37:12.878834  3984 work_track.cpp:82] Frame: 88 build input_characts: [0.257812 x 0.6 from (0.376563, 0.363889)], 1.00019, 0
I1014 10:37:12.878890  3984 work_track.cpp:102] Succeeded to set track lock for frame 88
I1014 10:37:12.878929  3984 work_track.cpp:116] Succeeded to release track lock for frame 88
I1014 10:37:12.878943  3984 work_track.cpp:120] Track results of frame 88: 1 objects input, 1 objects tracked!
I1014 10:37:12.878960  3984 work_track.cpp:148] Frame: 88, track bbox: [165 x 216 from (240.479, 131.115)], gid: 0, lid: 0
I1014 10:37:12.878996  3984 work_thread.hpp:88]  [T-Work-Detect_0] Frame :88 split
I1014 10:37:12.879014  3984 work_thread.hpp:120]  [T-Work-Detect_0] Valid piece: gid = 0
I1014 10:37:12.879032  3984 work_thread.hpp:92]  [T-Work-Detect_0] Push to split queue:recog
I1014 10:37:12.879076  3985 work_thread.hpp:81]  [T-Work-Recog_0] Run work: WorkCapture
I1014 10:37:12.879081  3987 thread_intergrate.hpp:78] [T-Intergrate-intergrate] queue: frame output frame :88
I1014 10:37:12.879109  3987 thread_intergrate.hpp:85] [T-Intergrate-intergrate] queue: compare output face:0
I1014 10:37:12.879128  3987 thread_intergrate.hpp:134] T-Intergrate-intergrate set matched face: 0
I1014 10:37:12.879629  3985 work_thread.hpp:81]  [T-Work-Recog_0] Run work: WorkRecog
I1014 10:37:12.879653  3985 work_recog.hpp:89] Face id: 0 will run recog: bbox [165 x 216 from (241, 131)] quality: 0.468359
I1014 10:37:12.879683  3985 work_recog.hpp:96] Recog pair: [232 x 272 from (208, 88)], [165 x 216 from (33, 43)]
I1014 10:37:12.880326  3987 thread_intergrate.hpp:154] T-Intergrate-intergrate Show face :0, size :640 * 360
I1014 10:37:12.880890  3983 demo_inner.hpp:435] thread [SORT-0]  frame id 88 sorting queue size 1   FPS: 30.0197
I1014 10:37:12.897158  3985 work_thread.hpp:81]  [T-Work-Recog_0] Run work: WorkCompare
I1014 10:37:12.897259  3985 work_compare.cpp:76] Compare face: 0 successed, similarity :0.953414, name : images/thanglmb.jpg, normal size : 640 * 360!
I1014 10:37:12.907099  3981 demo_inner.hpp:177] decode queue size 0
I1014 10:37:12.907214  3984 work_thread.hpp:81]  [T-Work-Detect_0] Run work: WorkDetect
I1014 10:37:12.907256  3984 work_detect.cpp:102] Succeeded to add det start for frame 89
I1014 10:37:12.915103  3984 work_detect.cpp:70] Frame :89 detect result :1 face(s)
I1014 10:37:12.915148  3984 work_detect.cpp:86] Detected bbox: [165 x 219 from (243, 128)]
I1014 10:37:12.915190  3984 work_detect.cpp:120] Succeeded to add det end for frame 89
I1014 10:37:12.915206  3984 work_thread.hpp:81]  [T-Work-Detect_0] Run work: WrokTrack
I1014 10:37:12.915231  3984 work_track.cpp:82] Frame: 89 build input_characts: [0.257812 x 0.608333 from (0.379687, 0.355556)], 1.00019, 0
I1014 10:37:12.915356  3984 work_track.cpp:102] Succeeded to set track lock for frame 89
I1014 10:37:12.915397  3984 work_track.cpp:116] Succeeded to release track lock for frame 89
I1014 10:37:12.915413  3984 work_track.cpp:120] Track results of frame 89: 1 objects input, 1 objects tracked!
I1014 10:37:12.915431  3984 work_track.cpp:148] Frame: 89, track bbox: [165 x 219 from (241.985, 128.534)], gid: 0, lid: 0
I1014 10:37:12.915467  3984 work_thread.hpp:88]  [T-Work-Detect_0] Frame :89 split
I1014 10:37:12.915485  3984 work_thread.hpp:120]  [T-Work-Detect_0] Valid piece: gid = 0
I1014 10:37:12.915503  3984 work_thread.hpp:92]  [T-Work-Detect_0] Push to split queue:recog
I1014 10:37:12.915544  3985 work_thread.hpp:81]  [T-Work-Recog_0] Run work: WorkCapture
I1014 10:37:12.915547  3987 thread_intergrate.hpp:78] [T-Intergrate-intergrate] queue: frame output frame :89
I1014 10:37:12.915575  3987 thread_intergrate.hpp:85] [T-Intergrate-intergrate] queue: compare output face:0
I1014 10:37:12.915594  3987 thread_intergrate.hpp:134] T-Intergrate-intergrate set matched face: 0
I1014 10:37:12.916122  3985 work_thread.hpp:81]  [T-Work-Recog_0] Run work: WorkRecog
I1014 10:37:12.916147  3985 work_recog.hpp:89] Face id: 0 will run recog: bbox [165 x 219 from (243, 128)] quality: 0.464612
I1014 10:37:12.916199  3985 work_recog.hpp:96] Recog pair: [240 x 280 from (208, 80)], [165 x 219 from (35, 48)]
I1014 10:37:12.916806  3987 thread_intergrate.hpp:154] T-Intergrate-intergrate Show face :0, size :640 * 360
I1014 10:37:12.917335  3983 demo_inner.hpp:435] thread [SORT-0]  frame id 89 sorting queue size 2   FPS: 29.9313
I1014 10:37:12.933616  3985 work_thread.hpp:81]  [T-Work-Recog_0] Run work: WorkCompare
I1014 10:37:12.933727  3985 work_compare.cpp:76] Compare face: 0 successed, similarity :0.963622, name : images/thanglmb.jpg, normal size : 640 * 360!
I1014 10:37:12.937685  3981 demo_inner.hpp:177] decode queue size 0
I1014 10:37:12.937769  3984 work_thread.hpp:81]  [T-Work-Detect_0] Run work: WorkDetect
I1014 10:37:12.937806  3984 work_detect.cpp:102] Succeeded to add det start for frame 90
I1014 10:37:12.944607  3984 work_detect.cpp:70] Frame :90 detect result :1 face(s)
I1014 10:37:12.944655  3984 work_detect.cpp:86] Detected bbox: [162 x 211 from (243, 132)]
I1014 10:37:12.944697  3984 work_detect.cpp:120] Succeeded to add det end for frame 90
I1014 10:37:12.944713  3984 work_thread.hpp:81]  [T-Work-Detect_0] Run work: WrokTrack
I1014 10:37:12.944738  3984 work_track.cpp:82] Frame: 90 build input_characts: [0.253125 x 0.586111 from (0.379687, 0.366667)], 1.00019, 0
I1014 10:37:12.944792  3984 work_track.cpp:102] Succeeded to set track lock for frame 90
I1014 10:37:12.944833  3984 work_track.cpp:116] Succeeded to release track lock for frame 90
I1014 10:37:12.944847  3984 work_track.cpp:120] Track results of frame 90: 1 objects input, 1 objects tracked!
I1014 10:37:12.944864  3984 work_track.cpp:148] Frame: 90, track bbox: [162 x 211 from (243.65, 132.236)], gid: 0, lid: 0
I1014 10:37:12.944901  3984 work_thread.hpp:88]  [T-Work-Detect_0] Frame :90 split
I1014 10:37:12.944918  3984 work_thread.hpp:120]  [T-Work-Detect_0] Valid piece: gid = 0
I1014 10:37:12.944936  3984 work_thread.hpp:92]  [T-Work-Detect_0] Push to split queue:recog
I1014 10:37:12.944979  3985 work_thread.hpp:81]  [T-Work-Recog_0] Run work: WorkCapture
I1014 10:37:12.944980  3987 thread_intergrate.hpp:78] [T-Intergrate-intergrate] queue: frame output frame :90
I1014 10:37:12.945019  3987 thread_intergrate.hpp:85] [T-Intergrate-intergrate] queue: compare output face:0
I1014 10:37:12.945039  3987 thread_intergrate.hpp:134] T-Intergrate-intergrate set matched face: 0
I1014 10:37:12.945544  3985 work_thread.hpp:81]  [T-Work-Recog_0] Run work: WorkRecog
I1014 10:37:12.945567  3985 work_recog.hpp:89] Face id: 0 will run recog: bbox [162 x 211 from (243, 132)] quality: 0.456156
I1014 10:37:12.945597  3985 work_recog.hpp:96] Recog pair: [232 x 272 from (208, 88)], [162 x 211 from (35, 44)]
I1014 10:37:12.946208  3987 thread_intergrate.hpp:154] T-Intergrate-intergrate Show face :0, size :640 * 360
I1014 10:37:12.946851  3983 demo_inner.hpp:435] thread [SORT-0]  frame id 90 sorting queue size 3   FPS: 30.0197
I1014 10:37:12.963027  3985 work_thread.hpp:81]  [T-Work-Recog_0] Run work: WorkCompare
I1014 10:37:12.963131  3985 work_compare.cpp:76] Compare face: 0 successed, similarity :0.971732, name : images/thanglmb.jpg, normal size : 640 * 360!
I1014 10:37:12.973132  3981 demo_inner.hpp:177] decode queue size 0
I1014 10:37:12.973263  3984 work_thread.hpp:81]  [T-Work-Detect_0] Run work: WorkDetect
I1014 10:37:12.973299  3984 work_detect.cpp:102] Succeeded to add det start for frame 91
I1014 10:37:12.980142  3984 work_detect.cpp:70] Frame :91 detect result :1 face(s)
I1014 10:37:12.980202  3984 work_detect.cpp:86] Detected bbox: [163 x 212 from (243, 128)]
I1014 10:37:12.980245  3984 work_detect.cpp:120] Succeeded to add det end for frame 91
I1014 10:37:12.980262  3984 work_thread.hpp:81]  [T-Work-Detect_0] Run work: WrokTrack
I1014 10:37:12.980288  3984 work_track.cpp:82] Frame: 91 build input_characts: [0.254687 x 0.588889 from (0.379687, 0.355556)], 1.00019, 0
I1014 10:37:12.980342  3984 work_track.cpp:102] Succeeded to set track lock for frame 91
I1014 10:37:12.980382  3984 work_track.cpp:116] Succeeded to release track lock for frame 91
I1014 10:37:12.980396  3984 work_track.cpp:120] Track results of frame 91: 1 objects input, 1 objects tracked!
I1014 10:37:12.980414  3984 work_track.cpp:148] Frame: 91, track bbox: [163 x 212 from (243.428, 129.669)], gid: 0, lid: 0
I1014 10:37:12.980450  3984 work_thread.hpp:88]  [T-Work-Detect_0] Frame :91 split
I1014 10:37:12.980468  3984 work_thread.hpp:120]  [T-Work-Detect_0] Valid piece: gid = 0
I1014 10:37:12.980486  3984 work_thread.hpp:92]  [T-Work-Detect_0] Push to split queue:recog
I1014 10:37:12.980532  3987 thread_intergrate.hpp:78] [T-Intergrate-intergrate] queue: frame output frame :91
I1014 10:37:12.980533  3985 work_thread.hpp:81]  [T-Work-Recog_0] Run work: WorkCapture
I1014 10:37:12.980561  3987 thread_intergrate.hpp:85] [T-Intergrate-intergrate] queue: compare output face:0
I1014 10:37:12.980581  3987 thread_intergrate.hpp:134] T-Intergrate-intergrate set matched face: 0
I1014 10:37:12.981104  3985 work_thread.hpp:81]  [T-Work-Recog_0] Run work: WorkRecog
I1014 10:37:12.981128  3985 work_recog.hpp:89] Face id: 0 will run recog: bbox [163 x 212 from (243, 128)] quality: 0.438331
I1014 10:37:12.981158  3985 work_recog.hpp:96] Recog pair: [232 x 280 from (208, 80)], [163 x 212 from (35, 48)]
I1014 10:37:12.981745  3987 thread_intergrate.hpp:154] T-Intergrate-intergrate Show face :0, size :640 * 360
I1014 10:37:12.982300  3983 demo_inner.hpp:435] thread [SORT-0]  frame id 91 sorting queue size 4   FPS: 29.946
I1014 10:37:12.998658  3985 work_thread.hpp:81]  [T-Work-Recog_0] Run work: WorkCompare
I1014 10:37:12.998756  3985 work_compare.cpp:76] Compare face: 0 successed, similarity :0.956505, name : images/thanglmb.jpg, normal size : 640 * 360!
I1014 10:37:13.009109  3981 demo_inner.hpp:177] decode queue size 0
I1014 10:37:13.009217  3984 work_thread.hpp:81]  [T-Work-Detect_0] Run work: WorkDetect
I1014 10:37:13.009253  3984 work_detect.cpp:102] Succeeded to add det start for frame 92
I1014 10:37:13.016114  3984 work_detect.cpp:70] Frame :92 detect result :1 face(s)
I1014 10:37:13.016171  3984 work_detect.cpp:86] Detected bbox: [166 x 214 from (241, 132)]
I1014 10:37:13.016214  3984 work_detect.cpp:120] Succeeded to add det end for frame 92
I1014 10:37:13.016230  3984 work_thread.hpp:81]  [T-Work-Detect_0] Run work: WrokTrack
I1014 10:37:13.016255  3984 work_track.cpp:82] Frame: 92 build input_characts: [0.259375 x 0.594444 from (0.376563, 0.366667)], 1.00019, 0
I1014 10:37:13.016309  3984 work_track.cpp:102] Succeeded to set track lock for frame 92
I1014 10:37:13.016350  3984 work_track.cpp:116] Succeeded to release track lock for frame 92
I1014 10:37:13.016364  3984 work_track.cpp:120] Track results of frame 92: 1 objects input, 1 objects tracked!
I1014 10:37:13.016382  3984 work_track.cpp:148] Frame: 92, track bbox: [166 x 214 from (241.573, 129.71)], gid: 0, lid: 0
I1014 10:37:13.016492  3984 work_thread.hpp:88]  [T-Work-Detect_0] Frame :92 split
I1014 10:37:13.016511  3984 work_thread.hpp:120]  [T-Work-Detect_0] Valid piece: gid = 0
I1014 10:37:13.016530  3984 work_thread.hpp:92]  [T-Work-Detect_0] Push to split queue:recog
I1014 10:37:13.016573  3985 work_thread.hpp:81]  [T-Work-Recog_0] Run work: WorkCapture
I1014 10:37:13.016574  3987 thread_intergrate.hpp:78] [T-Intergrate-intergrate] queue: frame output frame :92
I1014 10:37:13.016614  3987 thread_intergrate.hpp:85] [T-Intergrate-intergrate] queue: compare output face:0
I1014 10:37:13.016633  3987 thread_intergrate.hpp:134] T-Intergrate-intergrate set matched face: 0
I1014 10:37:13.017139  3985 work_thread.hpp:81]  [T-Work-Recog_0] Run work: WorkRecog
I1014 10:37:13.017163  3985 work_recog.hpp:89] Face id: 0 will run recog: bbox [166 x 214 from (241, 132)] quality: 0.464612
I1014 10:37:13.017194  3985 work_recog.hpp:96] Recog pair: [232 x 272 from (208, 88)], [166 x 214 from (33, 44)]
I1014 10:37:13.017801  3987 thread_intergrate.hpp:154] T-Intergrate-intergrate Show face :0, size :640 * 360
I1014 10:37:13.018362  3983 demo_inner.hpp:435] thread [SORT-0]  frame id 92 sorting queue size 5   FPS: 29.946
I1014 10:37:13.034621  3985 work_thread.hpp:81]  [T-Work-Recog_0] Run work: WorkCompare
I1014 10:37:13.034737  3985 work_compare.cpp:76] Compare face: 0 successed, similarity :0.973652, name : images/thanglmb.jpg, normal size : 640 * 360!
I1014 10:37:13.040041  3981 demo_inner.hpp:177] decode queue size 0
I1014 10:37:13.040184  3984 work_thread.hpp:81]  [T-Work-Detect_0] Run work: WorkDetect
I1014 10:37:13.040223  3984 work_detect.cpp:102] Succeeded to add det start for frame 93
I1014 10:37:13.047058  3984 work_detect.cpp:70] Frame :93 detect result :1 face(s)
I1014 10:37:13.047101  3984 work_detect.cpp:86] Detected bbox: [162 x 212 from (244, 131)]
I1014 10:37:13.047143  3984 work_detect.cpp:120] Succeeded to add det end for frame 93
I1014 10:37:13.047159  3984 work_thread.hpp:81]  [T-Work-Detect_0] Run work: WrokTrack
I1014 10:37:13.047184  3984 work_track.cpp:82] Frame: 93 build input_characts: [0.253125 x 0.588889 from (0.38125, 0.363889)], 0.999622, 0
I1014 10:37:13.047238  3984 work_track.cpp:102] Succeeded to set track lock for frame 93
I1014 10:37:13.047279  3984 work_track.cpp:116] Succeeded to release track lock for frame 93
I1014 10:37:13.047294  3984 work_track.cpp:120] Track results of frame 93: 1 objects input, 1 objects tracked!
I1014 10:37:13.047312  3984 work_track.cpp:148] Frame: 93, track bbox: [162 x 212 from (243.695, 130.69)], gid: 0, lid: 0
I1014 10:37:13.047348  3984 work_thread.hpp:88]  [T-Work-Detect_0] Frame :93 split
I1014 10:37:13.047366  3984 work_thread.hpp:120]  [T-Work-Detect_0] Valid piece: gid = 0
I1014 10:37:13.047384  3984 work_thread.hpp:92]  [T-Work-Detect_0] Push to split queue:recog
I1014 10:37:13.047421  3985 work_thread.hpp:81]  [T-Work-Recog_0] Run work: WorkCapture
I1014 10:37:13.047426  3987 thread_intergrate.hpp:78] [T-Intergrate-intergrate] queue: frame output frame :93
I1014 10:37:13.047454  3987 thread_intergrate.hpp:85] [T-Intergrate-intergrate] queue: compare output face:0
I1014 10:37:13.047472  3987 thread_intergrate.hpp:134] T-Intergrate-intergrate set matched face: 0
I1014 10:37:13.047991  3985 work_thread.hpp:81]  [T-Work-Recog_0] Run work: WorkRecog
I1014 10:37:13.048015  3985 work_recog.hpp:89] Face id: 0 will run recog: bbox [162 x 212 from (244, 131)] quality: 0.467477
I1014 10:37:13.048046  3985 work_recog.hpp:96] Recog pair: [232 x 272 from (208, 88)], [162 x 212 from (36, 43)]
I1014 10:37:13.048666  3987 thread_intergrate.hpp:154] T-Intergrate-intergrate Show face :0, size :640 * 360
I1014 10:37:13.049226  3983 demo_inner.hpp:435] thread [SORT-0]  frame id 93 sorting queue size 6   FPS: 30.0197
I1014 10:37:13.065505  3985 work_thread.hpp:81]  [T-Work-Recog_0] Run work: WorkCompare
I1014 10:37:13.065604  3985 work_compare.cpp:76] Compare face: 0 successed, similarity :0.962875, name : images/thanglmb.jpg, normal size : 640 * 360!
I1014 10:37:13.077913  3981 demo_inner.hpp:177] decode queue size 0
I1014 10:37:13.078020  3984 work_thread.hpp:81]  [T-Work-Detect_0] Run work: WorkDetect
I1014 10:37:13.078059  3984 work_detect.cpp:102] Succeeded to add det start for frame 94
I1014 10:37:13.084908  3984 work_detect.cpp:70] Frame :94 detect result :1 face(s)
I1014 10:37:13.084954  3984 work_detect.cpp:86] Detected bbox: [164 x 214 from (243, 129)]
I1014 10:37:13.084996  3984 work_detect.cpp:120] Succeeded to add det end for frame 94
I1014 10:37:13.085012  3984 work_thread.hpp:81]  [T-Work-Detect_0] Run work: WrokTrack
I1014 10:37:13.085037  3984 work_track.cpp:82] Frame: 94 build input_characts: [0.25625 x 0.594444 from (0.379687, 0.358333)], 1.00019, 0
I1014 10:37:13.085091  3984 work_track.cpp:102] Succeeded to set track lock for frame 94
I1014 10:37:13.085131  3984 work_track.cpp:116] Succeeded to release track lock for frame 94
I1014 10:37:13.085146  3984 work_track.cpp:120] Track results of frame 94: 1 objects input, 1 objects tracked!
I1014 10:37:13.085165  3984 work_track.cpp:148] Frame: 94, track bbox: [164 x 214 from (242.658, 129.557)], gid: 0, lid: 0
I1014 10:37:13.085234  3984 work_thread.hpp:88]  [T-Work-Detect_0] Frame :94 split
I1014 10:37:13.085253  3984 work_thread.hpp:120]  [T-Work-Detect_0] Valid piece: gid = 0
I1014 10:37:13.085270  3984 work_thread.hpp:92]  [T-Work-Detect_0] Push to split queue:recog
I1014 10:37:13.085309  3985 work_thread.hpp:81]  [T-Work-Recog_0] Run work: WorkCapture
I1014 10:37:13.085319  3987 thread_intergrate.hpp:78] [T-Intergrate-intergrate] queue: frame output frame :94
I1014 10:37:13.085347  3987 thread_intergrate.hpp:85] [T-Intergrate-intergrate] queue: compare output face:0
I1014 10:37:13.085366  3987 thread_intergrate.hpp:134] T-Intergrate-intergrate set matched face: 0
I1014 10:37:13.085866  3985 work_thread.hpp:81]  [T-Work-Recog_0] Run work: WorkRecog
I1014 10:37:13.085889  3985 work_recog.hpp:89] Face id: 0 will run recog: bbox [164 x 214 from (243, 129)] quality: 0.473113
I1014 10:37:13.085918  3985 work_recog.hpp:96] Recog pair: [232 x 280 from (208, 80)], [164 x 214 from (35, 49)]
I1014 10:37:13.086531  3987 thread_intergrate.hpp:154] T-Intergrate-intergrate Show face :0, size :640 * 360
I1014 10:37:13.087085  3983 demo_inner.hpp:435] thread [SORT-0]  frame id 94 sorting queue size 7   FPS: 29.9166
I1014 10:37:13.103498  3985 work_thread.hpp:81]  [T-Work-Recog_0] Run work: WorkCompare
I1014 10:37:13.103610  3985 work_compare.cpp:76] Compare face: 0 successed, similarity :0.949549, name : images/thanglmb.jpg, normal size : 640 * 360!
I1014 10:37:13.107903  3981 demo_inner.hpp:177] decode queue size 0
I1014 10:37:13.108016  3984 work_thread.hpp:81]  [T-Work-Detect_0] Run work: WorkDetect
I1014 10:37:13.108050  3984 work_detect.cpp:102] Succeeded to add det start for frame 95
I1014 10:37:13.114810  3984 work_detect.cpp:70] Frame :95 detect result :1 face(s)
I1014 10:37:13.114852  3984 work_detect.cpp:86] Detected bbox: [165 x 212 from (243, 130)]
I1014 10:37:13.114893  3984 work_detect.cpp:120] Succeeded to add det end for frame 95
I1014 10:37:13.114909  3984 work_thread.hpp:81]  [T-Work-Detect_0] Run work: WrokTrack
I1014 10:37:13.114933  3984 work_track.cpp:82] Frame: 95 build input_characts: [0.257812 x 0.588889 from (0.379687, 0.361111)], 1.00019, 0
I1014 10:37:13.114989  3984 work_track.cpp:102] Succeeded to set track lock for frame 95
I1014 10:37:13.115028  3984 work_track.cpp:116] Succeeded to release track lock for frame 95
I1014 10:37:13.115043  3984 work_track.cpp:120] Track results of frame 95: 1 objects input, 1 objects tracked!
I1014 10:37:13.115061  3984 work_track.cpp:148] Frame: 95, track bbox: [165 x 212 from (242.916, 130.345)], gid: 0, lid: 0
