I1014 12:24:34.557945  6061 work_thread.hpp:88]  [T-Work-Detect_0] Frame :70 split
I1014 12:24:34.557962  6061 work_thread.hpp:120]  [T-Work-Detect_0] Valid piece: gid = 1
I1014 12:24:34.557981  6061 work_thread.hpp:92]  [T-Work-Detect_0] Push to split queue:recog
I1014 12:24:34.558027  6063 work_thread.hpp:81]  [T-Work-Recog_1] Run work: WorkCapture
I1014 12:24:34.558037  6064 thread_intergrate.hpp:78] [T-Intergrate-intergrate] queue: frame output frame :70
I1014 12:24:34.558480  6063 work_thread.hpp:81]  [T-Work-Recog_1] Run work: WorkRecog
W1014 12:24:34.558501  6063 work_recog.hpp:118] Face id: 1 has low quality : 0.00933439, no need to recog
I1014 12:24:34.558557  6063 work_thread.hpp:81]  [T-Work-Recog_1] Run work: WorkCompare
I1014 12:24:34.559573  6060 demo_inner.hpp:435] thread [SORT-0]  frame id 70 sorting queue size 1   FPS: 30.0197
I1014 12:24:34.586740  6058 demo_inner.hpp:177] decode queue size 0
I1014 12:24:34.586843  6061 work_thread.hpp:81]  [T-Work-Detect_0] Run work: WorkDetect
I1014 12:24:34.586879  6061 work_detect.cpp:102] Succeeded to add det start for frame 71
I1014 12:24:34.593528  6061 work_detect.cpp:70] Frame :71 detect result :2 face(s)
W1014 12:24:34.593575  6061 work_detect.cpp:83] Invalid bbox: [133 x 170 from (287, 208)]
I1014 12:24:34.593662  6061 work_detect.cpp:86] Detected bbox: [25 x 31 from (126, 52)]
I1014 12:24:34.593704  6061 work_detect.cpp:120] Succeeded to add det end for frame 71
I1014 12:24:34.593720  6061 work_thread.hpp:81]  [T-Work-Detect_0] Run work: WrokTrack
I1014 12:24:34.593744  6061 work_track.cpp:82] Frame: 71 build input_characts: [0.0390625 x 0.0861111 from (0.196875, 0.144444)], 0.981359, 0
I1014 12:24:34.593801  6061 work_track.cpp:102] Succeeded to set track lock for frame 71
I1014 12:24:34.593840  6061 work_track.cpp:116] Succeeded to release track lock for frame 71
I1014 12:24:34.593900  6061 work_track.cpp:120] Track results of frame 71: 1 objects input, 1 objects tracked!
I1014 12:24:34.593920  6061 work_track.cpp:148] Frame: 71, track bbox: [25 x 31 from (126.147, 52.8117)], gid: 1, lid: 0
I1014 12:24:34.593955  6061 work_thread.hpp:88]  [T-Work-Detect_0] Frame :71 split
I1014 12:24:34.593972  6061 work_thread.hpp:120]  [T-Work-Detect_0] Valid piece: gid = 1
I1014 12:24:34.593991  6061 work_thread.hpp:92]  [T-Work-Detect_0] Push to split queue:recog
I1014 12:24:34.594028  6063 work_thread.hpp:81]  [T-Work-Recog_1] Run work: WorkCapture
I1014 12:24:34.594041  6064 thread_intergrate.hpp:78] [T-Intergrate-intergrate] queue: frame output frame :71
I1014 12:24:34.594488  6063 work_thread.hpp:81]  [T-Work-Recog_1] Run work: WorkRecog
W1014 12:24:34.594511  6063 work_recog.hpp:118] Face id: 1 has low quality : 0.00933439, no need to recog
I1014 12:24:34.594591  6063 work_thread.hpp:81]  [T-Work-Recog_1] Run work: WorkCompare
I1014 12:24:34.595537  6060 demo_inner.hpp:435] thread [SORT-0]  frame id 71 sorting queue size 2   FPS: 29.9313
I1014 12:24:34.600198  6059 demo_inner.hpp:260]  gui queue size 2, state = running
I1014 12:24:34.616845  6058 demo_inner.hpp:177] decode queue size 0
I1014 12:24:34.616955  6061 work_thread.hpp:81]  [T-Work-Detect_0] Run work: WorkDetect
I1014 12:24:34.616991  6061 work_detect.cpp:102] Succeeded to add det start for frame 72
I1014 12:24:34.623528  6061 work_detect.cpp:70] Frame :72 detect result :2 face(s)
W1014 12:24:34.623567  6061 work_detect.cpp:83] Invalid bbox: [134 x 170 from (284, 207)]
I1014 12:24:34.623654  6061 work_detect.cpp:86] Detected bbox: [25 x 30 from (129, 53)]
I1014 12:24:34.623699  6061 work_detect.cpp:120] Succeeded to add det end for frame 72
I1014 12:24:34.623716  6061 work_thread.hpp:81]  [T-Work-Detect_0] Run work: WrokTrack
I1014 12:24:34.623739  6061 work_track.cpp:82] Frame: 72 build input_characts: [0.0390625 x 0.0833333 from (0.201562, 0.147222)], 0.983201, 0
I1014 12:24:34.623796  6061 work_track.cpp:102] Succeeded to set track lock for frame 72
I1014 12:24:34.623836  6061 work_track.cpp:116] Succeeded to release track lock for frame 72
I1014 12:24:34.623850  6061 work_track.cpp:120] Track results of frame 72: 1 objects input, 1 objects tracked!
I1014 12:24:34.623868  6061 work_track.cpp:148] Frame: 72, track bbox: [25 x 30 from (128.744, 52.6896)], gid: 1, lid: 0
I1014 12:24:34.623903  6061 work_thread.hpp:88]  [T-Work-Detect_0] Frame :72 split
I1014 12:24:34.623920  6061 work_thread.hpp:120]  [T-Work-Detect_0] Valid piece: gid = 1
I1014 12:24:34.623939  6061 work_thread.hpp:92]  [T-Work-Detect_0] Push to split queue:recog
I1014 12:24:34.623983  6063 work_thread.hpp:81]  [T-Work-Recog_1] Run work: WorkCapture
I1014 12:24:34.623994  6064 thread_intergrate.hpp:78] [T-Intergrate-intergrate] queue: frame output frame :72
I1014 12:24:34.624450  6063 work_thread.hpp:81]  [T-Work-Recog_1] Run work: WorkRecog
W1014 12:24:34.624471  6063 work_recog.hpp:118] Face id: 1 has low quality : 0.00733046, no need to recog
I1014 12:24:34.624526  6063 work_thread.hpp:81]  [T-Work-Recog_1] Run work: WorkCompare
I1014 12:24:34.625535  6060 demo_inner.hpp:435] thread [SORT-0]  frame id 72 sorting queue size 0   FPS: 30.0197
I1014 12:24:34.652801  6058 demo_inner.hpp:177] decode queue size 0
I1014 12:24:34.652911  6061 work_thread.hpp:81]  [T-Work-Detect_0] Run work: WorkDetect
I1014 12:24:34.652948  6061 work_detect.cpp:102] Succeeded to add det start for frame 73
I1014 12:24:34.659461  6061 work_detect.cpp:70] Frame :73 detect result :2 face(s)
W1014 12:24:34.659502  6061 work_detect.cpp:83] Invalid bbox: [135 x 171 from (285, 207)]
I1014 12:24:34.659587  6061 work_detect.cpp:86] Detected bbox: [24 x 29 from (133, 56)]
I1014 12:24:34.659629  6061 work_detect.cpp:120] Succeeded to add det end for frame 73
I1014 12:24:34.659646  6061 work_thread.hpp:81]  [T-Work-Detect_0] Run work: WrokTrack
I1014 12:24:34.659669  6061 work_track.cpp:82] Frame: 73 build input_characts: [0.0375 x 0.0805556 from (0.207813, 0.155556)], 0.972103, 0
I1014 12:24:34.659726  6061 work_track.cpp:102] Succeeded to set track lock for frame 73
I1014 12:24:34.659812  6061 work_track.cpp:116] Succeeded to release track lock for frame 73
I1014 12:24:34.659829  6061 work_track.cpp:120] Track results of frame 73: 1 objects input, 1 objects tracked!
I1014 12:24:34.659847  6061 work_track.cpp:148] Frame: 73, track bbox: [24 x 29 from (132.376, 54.4515)], gid: 1, lid: 0
I1014 12:24:34.659883  6061 work_thread.hpp:88]  [T-Work-Detect_0] Frame :73 split
I1014 12:24:34.659899  6061 work_thread.hpp:120]  [T-Work-Detect_0] Valid piece: gid = 1
I1014 12:24:34.659917  6061 work_thread.hpp:92]  [T-Work-Detect_0] Push to split queue:recog
I1014 12:24:34.659961  6062 work_thread.hpp:81]  [T-Work-Recog_0] Run work: WorkCapture
I1014 12:24:34.659968  6064 thread_intergrate.hpp:78] [T-Intergrate-intergrate] queue: frame output frame :73
I1014 12:24:34.660459  6062 work_thread.hpp:81]  [T-Work-Recog_0] Run work: WorkRecog
W1014 12:24:34.660480  6062 work_recog.hpp:118] Face id: 1 has low quality : 0.00933354, no need to recog
I1014 12:24:34.660569  6062 work_thread.hpp:81]  [T-Work-Recog_0] Run work: WorkCompare
I1014 12:24:34.661465  6060 demo_inner.hpp:435] thread [SORT-0]  frame id 73 sorting queue size 1   FPS: 29.9313
I1014 12:24:34.667193  6059 demo_inner.hpp:260]  gui queue size 1, state = running
I1014 12:24:34.682890  6058 demo_inner.hpp:177] decode queue size 0
I1014 12:24:34.682991  6061 work_thread.hpp:81]  [T-Work-Detect_0] Run work: WorkDetect
I1014 12:24:34.683025  6061 work_detect.cpp:102] Succeeded to add det start for frame 74
I1014 12:24:34.689532  6061 work_detect.cpp:70] Frame :74 detect result :2 face(s)
W1014 12:24:34.689577  6061 work_detect.cpp:83] Invalid bbox: [127 x 175 from (283, 204)]
I1014 12:24:34.689662  6061 work_detect.cpp:86] Detected bbox: [24 x 29 from (136, 56)]
I1014 12:24:34.689707  6061 work_detect.cpp:120] Succeeded to add det end for frame 74
I1014 12:24:34.689723  6061 work_thread.hpp:81]  [T-Work-Detect_0] Run work: WrokTrack
I1014 12:24:34.689745  6061 work_track.cpp:82] Frame: 74 build input_characts: [0.0375 x 0.0805556 from (0.2125, 0.155556)], 0.981359, 0
I1014 12:24:34.689802  6061 work_track.cpp:102] Succeeded to set track lock for frame 74
I1014 12:24:34.689842  6061 work_track.cpp:116] Succeeded to release track lock for frame 74
I1014 12:24:34.689857  6061 work_track.cpp:120] Track results of frame 74: 1 objects input, 1 objects tracked!
I1014 12:24:34.689874  6061 work_track.cpp:148] Frame: 74, track bbox: [24 x 29 from (135.734, 55.4756)], gid: 1, lid: 0
I1014 12:24:34.689910  6061 work_thread.hpp:88]  [T-Work-Detect_0] Frame :74 split
I1014 12:24:34.689927  6061 work_thread.hpp:120]  [T-Work-Detect_0] Valid piece: gid = 1
I1014 12:24:34.689946  6061 work_thread.hpp:92]  [T-Work-Detect_0] Push to split queue:recog
I1014 12:24:34.689996  6062 work_thread.hpp:81]  [T-Work-Recog_0] Run work: WorkCapture
I1014 12:24:34.690006  6064 thread_intergrate.hpp:78] [T-Intergrate-intergrate] queue: frame output frame :74
I1014 12:24:34.690480  6062 work_thread.hpp:81]  [T-Work-Recog_0] Run work: WorkRecog
W1014 12:24:34.690502  6062 work_recog.hpp:118] Face id: 1 has low quality : 0.00827311, no need to recog
I1014 12:24:34.690558  6062 work_thread.hpp:81]  [T-Work-Recog_0] Run work: WorkCompare
I1014 12:24:34.691491  6060 demo_inner.hpp:435] thread [SORT-0]  frame id 74 sorting queue size 0   FPS: 30.0049
I1014 12:24:34.718813  6058 demo_inner.hpp:177] decode queue size 0
I1014 12:24:34.718922  6061 work_thread.hpp:81]  [T-Work-Detect_0] Run work: WorkDetect
I1014 12:24:34.718958  6061 work_detect.cpp:102] Succeeded to add det start for frame 75
I1014 12:24:34.725576  6061 work_detect.cpp:70] Frame :75 detect result :2 face(s)
W1014 12:24:34.725621  6061 work_detect.cpp:83] Invalid bbox: [135 x 170 from (285, 207)]
I1014 12:24:34.725706  6061 work_detect.cpp:86] Detected bbox: [24 x 28 from (141, 57)]
I1014 12:24:34.725749  6061 work_detect.cpp:120] Succeeded to add det end for frame 75
I1014 12:24:34.725765  6061 work_thread.hpp:81]  [T-Work-Detect_0] Run work: WrokTrack
I1014 12:24:34.725833  6061 work_track.cpp:82] Frame: 75 build input_characts: [0.0375 x 0.0777778 from (0.220313, 0.158333)], 0.97952, 0
I1014 12:24:34.725893  6061 work_track.cpp:102] Succeeded to set track lock for frame 75
I1014 12:24:34.725931  6061 work_track.cpp:116] Succeeded to release track lock for frame 75
I1014 12:24:34.725945  6061 work_track.cpp:120] Track results of frame 75: 1 objects input, 1 objects tracked!
I1014 12:24:34.725963  6061 work_track.cpp:148] Frame: 75, track bbox: [24 x 28 from (140.015, 56.9515)], gid: 1, lid: 0
I1014 12:24:34.725999  6061 work_thread.hpp:88]  [T-Work-Detect_0] Frame :75 split
I1014 12:24:34.726017  6061 work_thread.hpp:120]  [T-Work-Detect_0] Valid piece: gid = 1
I1014 12:24:34.726035  6061 work_thread.hpp:92]  [T-Work-Detect_0] Push to split queue:recog
I1014 12:24:34.726086  6064 thread_intergrate.hpp:78] [T-Intergrate-intergrate] queue: frame output frame :75
I1014 12:24:34.726091  6062 work_thread.hpp:81]  [T-Work-Recog_0] Run work: WorkCapture
I1014 12:24:34.726548  6062 work_thread.hpp:81]  [T-Work-Recog_0] Run work: WorkRecog
W1014 12:24:34.726589  6062 work_recog.hpp:118] Face id: 1 has low quality : 0.00508398, no need to recog
I1014 12:24:34.726670  6062 work_thread.hpp:81]  [T-Work-Recog_0] Run work: WorkCompare
I1014 12:24:34.727617  6060 demo_inner.hpp:435] thread [SORT-0]  frame id 75 sorting queue size 1   FPS: 29.9166
I1014 12:24:34.754684  6058 demo_inner.hpp:177] decode queue size 0
I1014 12:24:34.754799  6061 work_thread.hpp:81]  [T-Work-Detect_0] Run work: WorkDetect
I1014 12:24:34.754834  6061 work_detect.cpp:102] Succeeded to add det start for frame 76
I1014 12:24:34.761404  6061 work_detect.cpp:70] Frame :76 detect result :2 face(s)
W1014 12:24:34.761452  6061 work_detect.cpp:83] Invalid bbox: [131 x 169 from (287, 207)]
I1014 12:24:34.761539  6061 work_detect.cpp:86] Detected bbox: [24 x 30 from (145, 57)]
I1014 12:24:34.761582  6061 work_detect.cpp:120] Succeeded to add det end for frame 76
I1014 12:24:34.761600  6061 work_thread.hpp:81]  [T-Work-Detect_0] Run work: WrokTrack
I1014 12:24:34.761622  6061 work_track.cpp:82] Frame: 76 build input_characts: [0.0375 x 0.0833333 from (0.226562, 0.158333)], 0.976131, 0
I1014 12:24:34.761679  6061 work_track.cpp:102] Succeeded to set track lock for frame 76
I1014 12:24:34.761719  6061 work_track.cpp:116] Succeeded to release track lock for frame 76
I1014 12:24:34.761734  6061 work_track.cpp:120] Track results of frame 76: 1 objects input, 1 objects tracked!
I1014 12:24:34.761752  6061 work_track.cpp:148] Frame: 76, track bbox: [24 x 30 from (144.447, 57.1657)], gid: 1, lid: 0
I1014 12:24:34.761788  6061 work_thread.hpp:88]  [T-Work-Detect_0] Frame :76 split
I1014 12:24:34.761806  6061 work_thread.hpp:120]  [T-Work-Detect_0] Valid piece: gid = 1
I1014 12:24:34.761826  6061 work_thread.hpp:92]  [T-Work-Detect_0] Push to split queue:recog
I1014 12:24:34.761868  6063 work_thread.hpp:81]  [T-Work-Recog_1] Run work: WorkCapture
I1014 12:24:34.761879  6064 thread_intergrate.hpp:78] [T-Intergrate-intergrate] queue: frame output frame :76
I1014 12:24:34.761942  6059 demo_inner.hpp:260]  gui queue size 1, state = running
I1014 12:24:34.762413  6063 work_thread.hpp:81]  [T-Work-Recog_1] Run work: WorkRecog
W1014 12:24:34.762437  6063 work_recog.hpp:118] Face id: 1 has low quality : 0.0105253, no need to recog
I1014 12:24:34.762537  6063 work_thread.hpp:81]  [T-Work-Recog_1] Run work: WorkCompare
I1014 12:24:34.763437  6060 demo_inner.hpp:435] thread [SORT-0]  frame id 76 sorting queue size 0   FPS: 29.9166
I1014 12:24:34.784829  6058 demo_inner.hpp:177] decode queue size 0
I1014 12:24:34.784929  6061 work_thread.hpp:81]  [T-Work-Detect_0] Run work: WorkDetect
I1014 12:24:34.784965  6061 work_detect.cpp:102] Succeeded to add det start for frame 77
I1014 12:24:34.791570  6061 work_detect.cpp:70] Frame :77 detect result :2 face(s)
W1014 12:24:34.791617  6061 work_detect.cpp:83] Invalid bbox: [135 x 174 from (286, 206)]
I1014 12:24:34.791704  6061 work_detect.cpp:86] Detected bbox: [24 x 27 from (149, 58)]
I1014 12:24:34.791748  6061 work_detect.cpp:120] Succeeded to add det end for frame 77
I1014 12:24:34.791808  6061 work_thread.hpp:81]  [T-Work-Detect_0] Run work: WrokTrack
I1014 12:24:34.791833  6061 work_track.cpp:82] Frame: 77 build input_characts: [0.0375 x 0.075 from (0.232812, 0.161111)], 0.977486, 0
I1014 12:24:34.791890  6061 work_track.cpp:102] Succeeded to set track lock for frame 77
I1014 12:24:34.791930  6061 work_track.cpp:116] Succeeded to release track lock for frame 77
I1014 12:24:34.791945  6061 work_track.cpp:120] Track results of frame 77: 1 objects input, 1 objects tracked!
I1014 12:24:34.791963  6061 work_track.cpp:148] Frame: 77, track bbox: [24 x 27 from (148.807, 58.6886)], gid: 1, lid: 0
I1014 12:24:34.791998  6061 work_thread.hpp:88]  [T-Work-Detect_0] Frame :77 split
I1014 12:24:34.792016  6061 work_thread.hpp:120]  [T-Work-Detect_0] Valid piece: gid = 1
I1014 12:24:34.792034  6061 work_thread.hpp:92]  [T-Work-Detect_0] Push to split queue:recog
I1014 12:24:34.792081  6063 work_thread.hpp:81]  [T-Work-Recog_1] Run work: WorkCapture
I1014 12:24:34.792089  6064 thread_intergrate.hpp:78] [T-Intergrate-intergrate] queue: frame output frame :77
I1014 12:24:34.792539  6063 work_thread.hpp:81]  [T-Work-Recog_1] Run work: WorkRecog
W1014 12:24:34.792562  6063 work_recog.hpp:118] Face id: 1 has low quality : 0.00649063, no need to recog
I1014 12:24:34.792639  6063 work_thread.hpp:81]  [T-Work-Recog_1] Run work: WorkCompare
I1014 12:24:34.793623  6060 demo_inner.hpp:435] thread [SORT-0]  frame id 77 sorting queue size 1   FPS: 29.9902
I1014 12:24:34.820952  6058 demo_inner.hpp:177] decode queue size 0
I1014 12:24:34.821061  6061 work_thread.hpp:81]  [T-Work-Detect_0] Run work: WorkDetect
I1014 12:24:34.821096  6061 work_detect.cpp:102] Succeeded to add det start for frame 78
I1014 12:24:34.827798  6061 work_detect.cpp:70] Frame :78 detect result :2 face(s)
W1014 12:24:34.827843  6061 work_detect.cpp:83] Invalid bbox: [125 x 173 from (285, 204)]
I1014 12:24:34.827930  6061 work_detect.cpp:86] Detected bbox: [26 x 30 from (153, 57)]
I1014 12:24:34.827973  6061 work_detect.cpp:120] Succeeded to add det end for frame 78
I1014 12:24:34.827989  6061 work_thread.hpp:81]  [T-Work-Detect_0] Run work: WrokTrack
I1014 12:24:34.828013  6061 work_track.cpp:82] Frame: 78 build input_characts: [0.040625 x 0.0833333 from (0.239063, 0.158333)], 0.966102, 0
I1014 12:24:34.828070  6061 work_track.cpp:102] Succeeded to set track lock for frame 78
I1014 12:24:34.828111  6061 work_track.cpp:116] Succeeded to release track lock for frame 78
I1014 12:24:34.828126  6061 work_track.cpp:120] Track results of frame 78: 1 objects input, 1 objects tracked!
I1014 12:24:34.828145  6061 work_track.cpp:148] Frame: 78, track bbox: [26 x 30 from (152.557, 57.0737)], gid: 1, lid: 0
I1014 12:24:34.828203  6061 work_thread.hpp:88]  [T-Work-Detect_0] Frame :78 split
I1014 12:24:34.828222  6061 work_thread.hpp:120]  [T-Work-Detect_0] Valid piece: gid = 1
I1014 12:24:34.828239  6061 work_thread.hpp:92]  [T-Work-Detect_0] Push to split queue:recog
I1014 12:24:34.828277  6063 work_thread.hpp:81]  [T-Work-Recog_1] Run work: WorkCapture
I1014 12:24:34.828289  6064 thread_intergrate.hpp:78] [T-Intergrate-intergrate] queue: frame output frame :78
I1014 12:24:34.828727  6063 work_thread.hpp:81]  [T-Work-Recog_1] Run work: WorkRecog
W1014 12:24:34.828749  6063 work_recog.hpp:118] Face id: 1 has low quality : 0.00933611, no need to recog
I1014 12:24:34.828807  6063 work_thread.hpp:81]  [T-Work-Recog_1] Run work: WorkCompare
I1014 12:24:34.829226  6059 demo_inner.hpp:260]  gui queue size 1, state = running
I1014 12:24:34.829862  6060 demo_inner.hpp:435] thread [SORT-0]  frame id 78 sorting queue size 0   FPS: 29.9166
I1014 12:24:34.850786  6058 demo_inner.hpp:177] decode queue size 0
I1014 12:24:34.850888  6061 work_thread.hpp:81]  [T-Work-Detect_0] Run work: WorkDetect
I1014 12:24:34.850924  6061 work_detect.cpp:102] Succeeded to add det start for frame 79
I1014 12:24:34.857421  6061 work_detect.cpp:70] Frame :79 detect result :2 face(s)
W1014 12:24:34.857466  6061 work_detect.cpp:83] Invalid bbox: [136 x 174 from (285, 204)]
I1014 12:24:34.857592  6061 work_detect.cpp:86] Detected bbox: [24 x 26 from (159, 60)]
I1014 12:24:34.857638  6061 work_detect.cpp:120] Succeeded to add det end for frame 79
I1014 12:24:34.857654  6061 work_thread.hpp:81]  [T-Work-Detect_0] Run work: WrokTrack
I1014 12:24:34.857676  6061 work_track.cpp:82] Frame: 79 build input_characts: [0.0375 x 0.0722222 from (0.248437, 0.166667)], 0.975094, 0
I1014 12:24:34.857733  6061 work_track.cpp:102] Succeeded to set track lock for frame 79
I1014 12:24:34.857775  6061 work_track.cpp:116] Succeeded to release track lock for frame 79
I1014 12:24:34.857789  6061 work_track.cpp:120] Track results of frame 79: 1 objects input, 1 objects tracked!
I1014 12:24:34.857807  6061 work_track.cpp:148] Frame: 79, track bbox: [24 x 26 from (158.614, 59.7422)], gid: 1, lid: 0
I1014 12:24:34.857842  6061 work_thread.hpp:88]  [T-Work-Detect_0] Frame :79 split
I1014 12:24:34.857861  6061 work_thread.hpp:120]  [T-Work-Detect_0] Valid piece: gid = 1
I1014 12:24:34.857878  6061 work_thread.hpp:92]  [T-Work-Detect_0] Push to split queue:recog
I1014 12:24:34.857924  6063 work_thread.hpp:81]  [T-Work-Recog_1] Run work: WorkCapture
I1014 12:24:34.857935  6064 thread_intergrate.hpp:78] [T-Intergrate-intergrate] queue: frame output frame :79
I1014 12:24:34.858366  6063 work_thread.hpp:81]  [T-Work-Recog_1] Run work: WorkRecog
W1014 12:24:34.858387  6063 work_recog.hpp:118] Face id: 1 has low quality : 0.00574623, no need to recog
I1014 12:24:34.858462  6063 work_thread.hpp:81]  [T-Work-Recog_1] Run work: WorkCompare
I1014 12:24:34.859472  6060 demo_inner.hpp:435] thread [SORT-0]  frame id 79 sorting queue size 1   FPS: 29.9902
I1014 12:24:34.886744  6058 demo_inner.hpp:177] decode queue size 0
I1014 12:24:34.886863  6061 work_thread.hpp:81]  [T-Work-Detect_0] Run work: WorkDetect
I1014 12:24:34.886898  6061 work_detect.cpp:102] Succeeded to add det start for frame 80
I1014 12:24:34.893530  6061 work_detect.cpp:70] Frame :80 detect result :3 face(s)
W1014 12:24:34.893577  6061 work_detect.cpp:83] Invalid bbox: [133 x 169 from (286, 207)]
I1014 12:24:34.893662  6061 work_detect.cpp:86] Detected bbox: [26 x 30 from (163, 57)]
I1014 12:24:34.893695  6061 work_detect.cpp:86] Detected bbox: [55 x 55 from (143, 159)]
I1014 12:24:34.893726  6061 work_detect.cpp:120] Succeeded to add det end for frame 80
I1014 12:24:34.893743  6061 work_thread.hpp:81]  [T-Work-Detect_0] Run work: WrokTrack
I1014 12:24:34.893765  6061 work_track.cpp:82] Frame: 80 build input_characts: [0.040625 x 0.0833333 from (0.254687, 0.158333)], 0.981359, 0
I1014 12:24:34.893820  6061 work_track.cpp:82] Frame: 80 build input_characts: [0.0859375 x 0.152778 from (0.223438, 0.441667)], 0.915779, 1
I1014 12:24:34.893853  6061 work_track.cpp:102] Succeeded to set track lock for frame 80
I1014 12:24:34.893898  6061 work_track.cpp:116] Succeeded to release track lock for frame 80
I1014 12:24:34.893913  6061 work_track.cpp:120] Track results of frame 80: 2 objects input, 1 objects tracked!
I1014 12:24:34.893930  6061 work_track.cpp:148] Frame: 80, track bbox: [26 x 30 from (162.565, 57.5262)], gid: 1, lid: 0
I1014 12:24:34.893965  6061 work_track.cpp:162] Frame: 80 lid: 2 not tracked, will set invalid
I1014 12:24:34.893980  6061 work_thread.hpp:88]  [T-Work-Detect_0] Frame :80 split
I1014 12:24:34.893996  6061 work_thread.hpp:120]  [T-Work-Detect_0] Valid piece: gid = 1
I1014 12:24:34.894014  6061 work_thread.hpp:124]  [T-Work-Detect_0] Invalid piece: lid = 2, drop it
I1014 12:24:34.894029  6061 work_thread.hpp:92]  [T-Work-Detect_0] Push to split queue:recog
I1014 12:24:34.894079  6064 thread_intergrate.hpp:78] [T-Intergrate-intergrate] queue: frame output frame :80
I1014 12:24:34.894079  6062 work_thread.hpp:81]  [T-Work-Recog_0] Run work: WorkCapture
I1014 12:24:34.894583  6062 work_thread.hpp:81]  [T-Work-Recog_0] Run work: WorkRecog
W1014 12:24:34.894606  6062 work_recog.hpp:118] Face id: 1 has low quality : 0.00933439, no need to recog
I1014 12:24:34.894677  6062 work_thread.hpp:81]  [T-Work-Recog_0] Run work: WorkCompare
I1014 12:24:34.895615  6060 demo_inner.hpp:435] thread [SORT-0]  frame id 80 sorting queue size 2   FPS: 29.902
I1014 12:24:34.901415  6059 demo_inner.hpp:260]  gui queue size 2, state = running
I1014 12:24:34.916829  6058 demo_inner.hpp:177] decode queue size 0
I1014 12:24:34.916929  6061 work_thread.hpp:81]  [T-Work-Detect_0] Run work: WorkDetect
I1014 12:24:34.916965  6061 work_detect.cpp:102] Succeeded to add det start for frame 81
I1014 12:24:34.923457  6061 work_detect.cpp:70] Frame :81 detect result :2 face(s)
W1014 12:24:34.923501  6061 work_detect.cpp:83] Invalid bbox: [134 x 171 from (286, 206)]
I1014 12:24:34.923610  6061 work_detect.cpp:86] Detected bbox: [26 x 33 from (167, 57)]
I1014 12:24:34.923655  6061 work_detect.cpp:120] Succeeded to add det end for frame 81
I1014 12:24:34.923671  6061 work_thread.hpp:81]  [T-Work-Detect_0] Run work: WrokTrack
I1014 12:24:34.923693  6061 work_track.cpp:82] Frame: 81 build input_characts: [0.040625 x 0.0916667 from (0.260938, 0.158333)], 0.969403, 0
I1014 12:24:34.923749  6061 work_track.cpp:102] Succeeded to set track lock for frame 81
I1014 12:24:34.923794  6061 work_track.cpp:116] Succeeded to release track lock for frame 81
I1014 12:24:34.923808  6061 work_track.cpp:120] Track results of frame 81: 1 objects input, 1 objects tracked!
I1014 12:24:34.923827  6061 work_track.cpp:148] Frame: 81, track bbox: [26 x 33 from (167.275, 56.5477)], gid: 1, lid: 0
I1014 12:24:34.923862  6061 work_thread.hpp:88]  [T-Work-Detect_0] Frame :81 split
I1014 12:24:34.923879  6061 work_thread.hpp:120]  [T-Work-Detect_0] Valid piece: gid = 1
I1014 12:24:34.923898  6061 work_thread.hpp:92]  [T-Work-Detect_0] Push to split queue:recog
I1014 12:24:34.923947  6062 work_thread.hpp:81]  [T-Work-Recog_0] Run work: WorkCapture
I1014 12:24:34.923954  6064 thread_intergrate.hpp:78] [T-Intergrate-intergrate] queue: frame output frame :81
I1014 12:24:34.924474  6062 work_thread.hpp:81]  [T-Work-Recog_0] Run work: WorkRecog
W1014 12:24:34.924496  6062 work_recog.hpp:118] Face id: 1 has low quality : 0.0150317, no need to recog
I1014 12:24:34.924574  6062 work_thread.hpp:81]  [T-Work-Recog_0] Run work: WorkCompare
I1014 12:24:34.925505  6060 demo_inner.hpp:435] thread [SORT-0]  frame id 81 sorting queue size 0   FPS: 29.9902
I1014 12:24:34.952762  6058 demo_inner.hpp:177] decode queue size 0
I1014 12:24:34.952869  6061 work_thread.hpp:81]  [T-Work-Detect_0] Run work: WorkDetect
I1014 12:24:34.952904  6061 work_detect.cpp:102] Succeeded to add det start for frame 82
I1014 12:24:34.959435  6061 work_detect.cpp:70] Frame :82 detect result :3 face(s)
W1014 12:24:34.959476  6061 work_detect.cpp:83] Invalid bbox: [134 x 171 from (285, 207)]
I1014 12:24:34.959561  6061 work_detect.cpp:86] Detected bbox: [26 x 30 from (172, 60)]
I1014 12:24:34.959594  6061 work_detect.cpp:86] Detected bbox: [54 x 54 from (144, 162)]
I1014 12:24:34.959625  6061 work_detect.cpp:120] Succeeded to add det end for frame 82
I1014 12:24:34.959640  6061 work_thread.hpp:81]  [T-Work-Detect_0] Run work: WrokTrack
I1014 12:24:34.959663  6061 work_track.cpp:82] Frame: 82 build input_characts: [0.040625 x 0.0833333 from (0.26875, 0.166667)], 0.977486, 0
I1014 12:24:34.959717  6061 work_track.cpp:82] Frame: 82 build input_characts: [0.084375 x 0.15 from (0.225, 0.45)], 0.923714, 1
I1014 12:24:34.959753  6061 work_track.cpp:102] Succeeded to set track lock for frame 82
I1014 12:24:34.959800  6061 work_track.cpp:116] Succeeded to release track lock for frame 82
I1014 12:24:34.959815  6061 work_track.cpp:120] Track results of frame 82: 2 objects input, 1 objects tracked!
I1014 12:24:34.959832  6061 work_track.cpp:148] Frame: 82, track bbox: [26 x 30 from (172.097, 59.334)], gid: 1, lid: 0
I1014 12:24:34.959867  6061 work_track.cpp:162] Frame: 82 lid: 2 not tracked, will set invalid
I1014 12:24:34.959882  6061 work_thread.hpp:88]  [T-Work-Detect_0] Frame :82 split
I1014 12:24:34.959899  6061 work_thread.hpp:120]  [T-Work-Detect_0] Valid piece: gid = 1
I1014 12:24:34.959916  6061 work_thread.hpp:124]  [T-Work-Detect_0] Invalid piece: lid = 2, drop it
I1014 12:24:34.959980  6061 work_thread.hpp:92]  [T-Work-Detect_0] Push to split queue:recog
I1014 12:24:34.960029  6062 work_thread.hpp:81]  [T-Work-Recog_0] Run work: WorkCapture
I1014 12:24:34.960031  6064 thread_intergrate.hpp:78] [T-Intergrate-intergrate] queue: frame output frame :82
I1014 12:24:34.960537  6062 work_thread.hpp:81]  [T-Work-Recog_0] Run work: WorkRecog
W1014 12:24:34.960561  6062 work_recog.hpp:118] Face id: 1 has low quality : 0.00827454, no need to recog
I1014 12:24:34.960644  6062 work_thread.hpp:81]  [T-Work-Recog_0] Run work: WorkCompare
I1014 12:24:34.961575  6060 demo_inner.hpp:435] thread [SORT-0]  frame id 82 sorting queue size 1   FPS: 29.9166
I1014 12:24:34.979600  6059 demo_inner.hpp:260]  gui queue size 1, state = running
I1014 12:24:34.982985  6058 demo_inner.hpp:177] decode queue size 0
I1014 12:24:34.983093  6061 work_thread.hpp:81]  [T-Work-Detect_0] Run work: WorkDetect
I1014 12:24:34.983129  6061 work_detect.cpp:102] Succeeded to add det start for frame 83
I1014 12:24:34.989781  6061 work_detect.cpp:70] Frame :83 detect result :2 face(s)
W1014 12:24:34.989821  6061 work_detect.cpp:83] Invalid bbox: [127 x 173 from (284, 204)]
I1014 12:24:34.989905  6061 work_detect.cpp:86] Detected bbox: [24 x 29 from (178, 62)]
I1014 12:24:34.989946  6061 work_detect.cpp:120] Succeeded to add det end for frame 83
I1014 12:24:34.989964  6061 work_thread.hpp:81]  [T-Work-Detect_0] Run work: WrokTrack
I1014 12:24:34.989985  6061 work_track.cpp:82] Frame: 83 build input_characts: [0.0375 x 0.0805556 from (0.278125, 0.172222)], 0.987331, 0
I1014 12:24:34.990042  6061 work_track.cpp:102] Succeeded to set track lock for frame 83
I1014 12:24:34.990085  6061 work_track.cpp:116] Succeeded to release track lock for frame 83
I1014 12:24:34.990100  6061 work_track.cpp:120] Track results of frame 83: 1 objects input, 1 objects tracked!
I1014 12:24:34.990118  6061 work_track.cpp:148] Frame: 83, track bbox: [24 x 29 from (177.85, 61.3082)], gid: 1, lid: 0
I1014 12:24:34.990154  6061 work_thread.hpp:88]  [T-Work-Detect_0] Frame :83 split
I1014 12:24:34.990170  6061 work_thread.hpp:120]  [T-Work-Detect_0] Valid piece: gid = 1
I1014 12:24:34.990188  6061 work_thread.hpp:92]  [T-Work-Detect_0] Push to split queue:recog
I1014 12:24:34.990234  6062 work_thread.hpp:81]  [T-Work-Recog_0] Run work: WorkCapture
I1014 12:24:34.990243  6064 thread_intergrate.hpp:78] [T-Intergrate-intergrate] queue: frame output frame :83
I1014 12:24:34.990803  6062 work_thread.hpp:81]  [T-Work-Recog_0] Run work: WorkRecog
W1014 12:24:34.990826  6062 work_recog.hpp:118] Face id: 1 has low quality : 0.0105275, no need to recog
I1014 12:24:34.990898  6062 work_thread.hpp:81]  [T-Work-Recog_0] Run work: WorkCompare
I1014 12:24:34.991729  6060 demo_inner.hpp:435] thread [SORT-0]  frame id 83 sorting queue size 0   FPS: 30.0049
I1014 12:24:35.018761  6058 demo_inner.hpp:177] decode queue size 0
I1014 12:24:35.018908  6061 work_thread.hpp:81]  [T-Work-Detect_0] Run work: WorkDetect
I1014 12:24:35.018950  6061 work_detect.cpp:102] Succeeded to add det start for frame 84
I1014 12:24:35.025579  6061 work_detect.cpp:70] Frame :84 detect result :2 face(s)
W1014 12:24:35.025630  6061 work_detect.cpp:83] Invalid bbox: [133 x 170 from (286, 208)]
I1014 12:24:35.025723  6061 work_detect.cpp:86] Detected bbox: [26 x 29 from (181, 61)]
I1014 12:24:35.025768  6061 work_detect.cpp:120] Succeeded to add det end for frame 84
I1014 12:24:35.025784  6061 work_thread.hpp:81]  [T-Work-Detect_0] Run work: WrokTrack
I1014 12:24:35.025807  6061 work_track.cpp:82] Frame: 84 build input_characts: [0.040625 x 0.0805556 from (0.282813, 0.169444)], 0.962122, 0
I1014 12:24:35.025864  6061 work_track.cpp:102] Succeeded to set track lock for frame 84
I1014 12:24:35.025909  6061 work_track.cpp:116] Succeeded to release track lock for frame 84
I1014 12:24:35.025924  6061 work_track.cpp:120] Track results of frame 84: 1 objects input, 1 objects tracked!
I1014 12:24:35.025943  6061 work_track.cpp:148] Frame: 84, track bbox: [26 x 29 from (181.249, 61.7232)], gid: 1, lid: 0
I1014 12:24:35.026022  6061 work_thread.hpp:88]  [T-Work-Detect_0] Frame :84 split
I1014 12:24:35.026041  6061 work_thread.hpp:120]  [T-Work-Detect_0] Valid piece: gid = 1
I1014 12:24:35.026060  6061 work_thread.hpp:92]  [T-Work-Detect_0] Push to split queue:recog
I1014 12:24:35.026103  6063 work_thread.hpp:81]  [T-Work-Recog_1] Run work: WorkCapture
I1014 12:24:35.026113  6064 thread_intergrate.hpp:78] [T-Intergrate-intergrate] queue: frame output frame :84
I1014 12:24:35.026551  6063 work_thread.hpp:81]  [T-Work-Recog_1] Run work: WorkRecog
W1014 12:24:35.026574  6063 work_recog.hpp:118] Face id: 1 has low quality : 0.00827593, no need to recog
I1014 12:24:35.026648  6063 work_thread.hpp:81]  [T-Work-Recog_1] Run work: WorkCompare
I1014 12:24:35.027643  6060 demo_inner.hpp:435] thread [SORT-0]  frame id 84 sorting queue size 1   FPS: 29.9166
I1014 12:24:35.054749  6058 demo_inner.hpp:177] decode queue size 0
I1014 12:24:35.054859  6061 work_thread.hpp:81]  [T-Work-Detect_0] Run work: WorkDetect
I1014 12:24:35.054894  6061 work_detect.cpp:102] Succeeded to add det start for frame 85
I1014 12:24:35.058415  6059 demo_inner.hpp:260]  gui queue size 1, state = running
I1014 12:24:35.061759  6061 work_detect.cpp:70] Frame :85 detect result :2 face(s)
W1014 12:24:35.061815  6061 work_detect.cpp:83] Invalid bbox: [137 x 171 from (283, 207)]
I1014 12:24:35.061903  6061 work_detect.cpp:86] Detected bbox: [26 x 29 from (186, 62)]
I1014 12:24:35.061946  6061 work_detect.cpp:120] Succeeded to add det end for frame 85
I1014 12:24:35.061964  6061 work_thread.hpp:81]  [T-Work-Detect_0] Run work: WrokTrack
I1014 12:24:35.061986  6061 work_track.cpp:82] Frame: 85 build input_characts: [0.040625 x 0.0805556 from (0.290625, 0.172222)], 0.975094, 0
I1014 12:24:35.062044  6061 work_track.cpp:102] Succeeded to set track lock for frame 85
I1014 12:24:35.062085  6061 work_track.cpp:116] Succeeded to release track lock for frame 85
I1014 12:24:35.062100  6061 work_track.cpp:120] Track results of frame 85: 1 objects input, 1 objects tracked!
I1014 12:24:35.062119  6061 work_track.cpp:148] Frame: 85, track bbox: [26 x 29 from (185.893, 62.4811)], gid: 1, lid: 0
I1014 12:24:35.062153  6061 work_thread.hpp:88]  [T-Work-Detect_0] Frame :85 split
I1014 12:24:35.062171  6061 work_thread.hpp:120]  [T-Work-Detect_0] Valid piece: gid = 1
I1014 12:24:35.062189  6061 work_thread.hpp:92]  [T-Work-Detect_0] Push to split queue:recog
I1014 12:24:35.062228  6063 work_thread.hpp:81]  [T-Work-Recog_1] Run work: WorkCapture
I1014 12:24:35.062243  6064 thread_intergrate.hpp:78] [T-Intergrate-intergrate] queue: frame output frame :85
I1014 12:24:35.062683  6063 work_thread.hpp:81]  [T-Work-Recog_1] Run work: WorkRecog
W1014 12:24:35.062705  6063 work_recog.hpp:118] Face id: 1 has low quality : 0.0105253, no need to recog
I1014 12:24:35.062757  6063 work_thread.hpp:81]  [T-Work-Recog_1] Run work: WorkCompare
I1014 12:24:35.063784  6060 demo_inner.hpp:435] thread [SORT-0]  frame id 85 sorting queue size 0   FPS: 29.9166
I1014 12:24:35.084795  6058 demo_inner.hpp:177] decode queue size 0
I1014 12:24:35.084897  6061 work_thread.hpp:81]  [T-Work-Detect_0] Run work: WorkDetect
I1014 12:24:35.084933  6061 work_detect.cpp:102] Succeeded to add det start for frame 86
I1014 12:24:35.091434  6061 work_detect.cpp:70] Frame :86 detect result :3 face(s)
W1014 12:24:35.091486  6061 work_detect.cpp:83] Invalid bbox: [135 x 171 from (285, 204)]
I1014 12:24:35.091574  6061 work_detect.cpp:86] Detected bbox: [28 x 31 from (188, 59)]
I1014 12:24:35.091609  6061 work_detect.cpp:86] Detected bbox: [54 x 51 from (142, 162)]
I1014 12:24:35.091640  6061 work_detect.cpp:120] Succeeded to add det end for frame 86
I1014 12:24:35.091656  6061 work_thread.hpp:81]  [T-Work-Detect_0] Run work: WrokTrack
I1014 12:24:35.091679  6061 work_track.cpp:82] Frame: 86 build input_characts: [0.04375 x 0.0861111 from (0.29375, 0.163889)], 0.975094, 0
I1014 12:24:35.091734  6061 work_track.cpp:82] Frame: 86 build input_characts: [0.084375 x 0.141667 from (0.221875, 0.45)], 0.923714, 1
I1014 12:24:35.091815  6061 work_track.cpp:102] Succeeded to set track lock for frame 86
I1014 12:24:35.091862  6061 work_track.cpp:116] Succeeded to release track lock for frame 86
I1014 12:24:35.091877  6061 work_track.cpp:120] Track results of frame 86: 2 objects input, 1 objects tracked!
I1014 12:24:35.091895  6061 work_track.cpp:148] Frame: 86, track bbox: [28 x 31 from (188.786, 60.362)], gid: 1, lid: 0
I1014 12:24:35.091929  6061 work_track.cpp:162] Frame: 86 lid: 2 not tracked, will set invalid
I1014 12:24:35.091945  6061 work_thread.hpp:88]  [T-Work-Detect_0] Frame :86 split
I1014 12:24:35.091962  6061 work_thread.hpp:120]  [T-Work-Detect_0] Valid piece: gid = 1
I1014 12:24:35.091980  6061 work_thread.hpp:124]  [T-Work-Detect_0] Invalid piece: lid = 2, drop it
I1014 12:24:35.091995  6061 work_thread.hpp:92]  [T-Work-Detect_0] Push to split queue:recog
I1014 12:24:35.092041  6063 work_thread.hpp:81]  [T-Work-Recog_1] Run work: WorkCapture
I1014 12:24:35.092051  6064 thread_intergrate.hpp:78] [T-Intergrate-intergrate] queue: frame output frame :86
I1014 12:24:35.092520  6063 work_thread.hpp:81]  [T-Work-Recog_1] Run work: WorkRecog
W1014 12:24:35.092543  6063 work_recog.hpp:118] Face id: 1 has low quality : 0.0105237, no need to recog
I1014 12:24:35.092622  6063 work_thread.hpp:81]  [T-Work-Recog_1] Run work: WorkCompare
I1014 12:24:35.093585  6060 demo_inner.hpp:435] thread [SORT-0]  frame id 86 sorting queue size 1   FPS: 29.9902
I1014 12:24:35.120734  6058 demo_inner.hpp:177] decode queue size 0
I1014 12:24:35.120846  6061 work_thread.hpp:81]  [T-Work-Detect_0] Run work: WorkDetect
I1014 12:24:35.120880  6061 work_detect.cpp:102] Succeeded to add det start for frame 87
I1014 12:24:35.127458  6061 work_detect.cpp:70] Frame :87 detect result :2 face(s)
W1014 12:24:35.127508  6061 work_detect.cpp:83] Invalid bbox: [137 x 171 from (283, 207)]
I1014 12:24:35.127737  6061 work_detect.cpp:86] Detected bbox: [26 x 32 from (193, 57)]
I1014 12:24:35.127782  6061 work_detect.cpp:120] Succeeded to add det end for frame 87
I1014 12:24:35.127799  6061 work_thread.hpp:81]  [T-Work-Detect_0] Run work: WrokTrack
I1014 12:24:35.127821  6061 work_track.cpp:82] Frame: 87 build input_characts: [0.040625 x 0.0888889 from (0.301562, 0.158333)], 0.981281, 0
I1014 12:24:35.127877  6061 work_track.cpp:102] Succeeded to set track lock for frame 87
I1014 12:24:35.127920  6061 work_track.cpp:116] Succeeded to release track lock for frame 87
I1014 12:24:35.127935  6061 work_track.cpp:120] Track results of frame 87: 1 objects input, 1 objects tracked!
I1014 12:24:35.127952  6061 work_track.cpp:148] Frame: 87, track bbox: [26 x 32 from (193.397, 58.0992)], gid: 1, lid: 0
I1014 12:24:35.127990  6061 work_thread.hpp:88]  [T-Work-Detect_0] Frame :87 split
I1014 12:24:35.128006  6061 work_thread.hpp:120]  [T-Work-Detect_0] Valid piece: gid = 1
I1014 12:24:35.128024  6061 work_thread.hpp:92]  [T-Work-Detect_0] Push to split queue:recog
I1014 12:24:35.128070  6062 work_thread.hpp:81]  [T-Work-Recog_0] Run work: WorkCapture
I1014 12:24:35.128077  6064 thread_intergrate.hpp:78] [T-Intergrate-intergrate] queue: frame output frame :87
I1014 12:24:35.128593  6062 work_thread.hpp:81]  [T-Work-Recog_0] Run work: WorkRecog
W1014 12:24:35.128616  6062 work_recog.hpp:118] Face id: 1 has low quality : 0.0212831, no need to recog
I1014 12:24:35.129617  6060 demo_inner.hpp:435] thread [SORT-0]  frame id 87 sorting queue size 2   FPS: 29.902
I1014 12:24:35.132876  6062 work_thread.hpp:81]  [T-Work-Recog_0] Run work: WorkCompare
I1014 12:24:35.150835  6058 demo_inner.hpp:177] decode queue size 0
I1014 12:24:35.150944  6061 work_thread.hpp:81]  [T-Work-Detect_0] Run work: WorkDetect
I1014 12:24:35.150980  6061 work_detect.cpp:102] Succeeded to add det start for frame 88
I1014 12:24:35.152802  6059 demo_inner.hpp:260]  gui queue size 2, state = running
I1014 12:24:35.157692  6061 work_detect.cpp:70] Frame :88 detect result :2 face(s)
W1014 12:24:35.157747  6061 work_detect.cpp:83] Invalid bbox: [134 x 169 from (285, 209)]
I1014 12:24:35.157866  6061 work_detect.cpp:86] Detected bbox: [28 x 32 from (195, 56)]
I1014 12:24:35.157963  6061 work_detect.cpp:120] Succeeded to add det end for frame 88
I1014 12:24:35.157980  6061 work_thread.hpp:81]  [T-Work-Detect_0] Run work: WrokTrack
I1014 12:24:35.158004  6061 work_track.cpp:82] Frame: 88 build input_characts: [0.04375 x 0.0888889 from (0.304688, 0.155556)], 0.985729, 0
I1014 12:24:35.158061  6061 work_track.cpp:102] Succeeded to set track lock for frame 88
I1014 12:24:35.158108  6061 work_track.cpp:116] Succeeded to release track lock for frame 88
I1014 12:24:35.158123  6061 work_track.cpp:120] Track results of frame 88: 1 objects input, 1 objects tracked!
I1014 12:24:35.158141  6061 work_track.cpp:148] Frame: 88, track bbox: [28 x 32 from (195.556, 56.3827)], gid: 1, lid: 0
I1014 12:24:35.158177  6061 work_thread.hpp:88]  [T-Work-Detect_0] Frame :88 split
I1014 12:24:35.158197  6061 work_thread.hpp:120]  [T-Work-Detect_0] Valid piece: gid = 1
I1014 12:24:35.158216  6061 work_thread.hpp:92]  [T-Work-Detect_0] Push to split queue:recog
I1014 12:24:35.158275  6063 work_thread.hpp:81]  [T-Work-Recog_1] Run work: WorkCapture
I1014 12:24:35.158300  6064 thread_intergrate.hpp:78] [T-Intergrate-intergrate] queue: frame output frame :88
I1014 12:24:35.158757  6063 work_thread.hpp:81]  [T-Work-Recog_1] Run work: WorkRecog
W1014 12:24:35.158779  6063 work_recog.hpp:118] Face id: 1 has low quality : 0.0168927, no need to recog
I1014 12:24:35.158870  6063 work_thread.hpp:81]  [T-Work-Recog_1] Run work: WorkCompare
I1014 12:24:35.159790  6060 demo_inner.hpp:435] thread [SORT-0]  frame id 88 sorting queue size 0   FPS: 30.0049
I1014 12:24:35.186753  6058 demo_inner.hpp:177] decode queue size 0
I1014 12:24:35.186863  6061 work_thread.hpp:81]  [T-Work-Detect_0] Run work: WorkDetect
I1014 12:24:35.186898  6061 work_detect.cpp:102] Succeeded to add det start for frame 89
I1014 12:24:35.193538  6061 work_detect.cpp:70] Frame :89 detect result :2 face(s)
W1014 12:24:35.193588  6061 work_detect.cpp:83] Invalid bbox: [138 x 172 from (283, 206)]
I1014 12:24:35.193675  6061 work_detect.cpp:86] Detected bbox: [26 x 32 from (200, 56)]
I1014 12:24:35.193717  6061 work_detect.cpp:120] Succeeded to add det end for frame 89
I1014 12:24:35.193733  6061 work_thread.hpp:81]  [T-Work-Detect_0] Run work: WrokTrack
I1014 12:24:35.193756  6061 work_track.cpp:82] Frame: 89 build input_characts: [0.040625 x 0.0888889 from (0.3125, 0.155556)], 0.987905, 0
I1014 12:24:35.193814  6061 work_track.cpp:102] Succeeded to set track lock for frame 89
I1014 12:24:35.193853  6061 work_track.cpp:116] Succeeded to release track lock for frame 89
I1014 12:24:35.193868  6061 work_track.cpp:120] Track results of frame 89: 1 objects input, 1 objects tracked!
I1014 12:24:35.193886  6061 work_track.cpp:148] Frame: 89, track bbox: [26 x 32 from (200.032, 55.5932)], gid: 1, lid: 0
I1014 12:24:35.193920  6061 work_thread.hpp:88]  [T-Work-Detect_0] Frame :89 split
I1014 12:24:35.193938  6061 work_thread.hpp:120]  [T-Work-Detect_0] Valid piece: gid = 1
I1014 12:24:35.193956  6061 work_thread.hpp:92]  [T-Work-Detect_0] Push to split queue:recog
I1014 12:24:35.193994  6063 work_thread.hpp:81]  [T-Work-Recog_1] Run work: WorkCapture
I1014 12:24:35.194007  6064 thread_intergrate.hpp:78] [T-Intergrate-intergrate] queue: frame output frame :89
I1014 12:24:35.194447  6063 work_thread.hpp:81]  [T-Work-Recog_1] Run work: WorkRecog
W1014 12:24:35.194468  6063 work_recog.hpp:118] Face id: 1 has low quality : 0.023843, no need to recog
I1014 12:24:35.194675  6063 work_thread.hpp:81]  [T-Work-Recog_1] Run work: WorkCompare
I1014 12:24:35.195542  6060 demo_inner.hpp:435] thread [SORT-0]  frame id 89 sorting queue size 1   FPS: 29.9166
I1014 12:24:35.216886  6058 demo_inner.hpp:177] decode queue size 0
I1014 12:24:35.216984  6061 work_thread.hpp:81]  [T-Work-Detect_0] Run work: WorkDetect
I1014 12:24:35.217020  6061 work_detect.cpp:102] Succeeded to add det start for frame 90
I1014 12:24:35.220127  6059 demo_inner.hpp:260]  gui queue size 1, state = running
I1014 12:24:35.223956  6061 work_detect.cpp:70] Frame :90 detect result :2 face(s)
W1014 12:24:35.224083  6061 work_detect.cpp:83] Invalid bbox: [135 x 173 from (285, 204)]
I1014 12:24:35.224200  6061 work_detect.cpp:86] Detected bbox: [24 x 29 from (203, 57)]
I1014 12:24:35.224246  6061 work_detect.cpp:120] Succeeded to add det end for frame 90
I1014 12:24:35.224261  6061 work_thread.hpp:81]  [T-Work-Detect_0] Run work: WrokTrack
I1014 12:24:35.224285  6061 work_track.cpp:82] Frame: 90 build input_characts: [0.0375 x 0.0805556 from (0.317187, 0.158333)], 0.987905, 0
I1014 12:24:35.224344  6061 work_track.cpp:102] Succeeded to set track lock for frame 90
I1014 12:24:35.224383  6061 work_track.cpp:116] Succeeded to release track lock for frame 90
I1014 12:24:35.224398  6061 work_track.cpp:120] Track results of frame 90: 1 objects input, 1 objects tracked!
I1014 12:24:35.224416  6061 work_track.cpp:148] Frame: 90, track bbox: [24 x 29 from (203.628, 56.3642)], gid: 1, lid: 0
I1014 12:24:35.224452  6061 work_thread.hpp:88]  [T-Work-Detect_0] Frame :90 split
I1014 12:24:35.224469  6061 work_thread.hpp:120]  [T-Work-Detect_0] Valid piece: gid = 1
I1014 12:24:35.224488  6061 work_thread.hpp:92]  [T-Work-Detect_0] Push to split queue:recog
I1014 12:24:35.224532  6063 work_thread.hpp:81]  [T-Work-Recog_1] Run work: WorkCapture
I1014 12:24:35.224543  6064 thread_intergrate.hpp:78] [T-Intergrate-intergrate] queue: frame output frame :90
I1014 12:24:35.225013  6063 work_thread.hpp:81]  [T-Work-Recog_1] Run work: WorkRecog
W1014 12:24:35.225035  6063 work_recog.hpp:118] Face id: 1 has low quality : 0.0105253, no need to recog
I1014 12:24:35.225090  6063 work_thread.hpp:81]  [T-Work-Recog_1] Run work: WorkCompare
I1014 12:24:35.226259  6060 demo_inner.hpp:435] thread [SORT-0]  frame id 90 sorting queue size 0   FPS: 29.9902
I1014 12:24:35.252740  6058 demo_inner.hpp:177] decode queue size 0
I1014 12:24:35.252848  6061 work_thread.hpp:81]  [T-Work-Detect_0] Run work: WorkDetect
I1014 12:24:35.252884  6061 work_detect.cpp:102] Succeeded to add det start for frame 91
I1014 12:24:35.259532  6061 work_detect.cpp:70] Frame :91 detect result :2 face(s)
W1014 12:24:35.259584  6061 work_detect.cpp:83] Invalid bbox: [137 x 174 from (284, 204)]
I1014 12:24:35.259670  6061 work_detect.cpp:86] Detected bbox: [24 x 28 from (206, 57)]
I1014 12:24:35.259714  6061 work_detect.cpp:120] Succeeded to add det end for frame 91
I1014 12:24:35.259732  6061 work_thread.hpp:81]  [T-Work-Detect_0] Run work: WrokTrack
I1014 12:24:35.259755  6061 work_track.cpp:82] Frame: 91 build input_characts: [0.0375 x 0.0777778 from (0.321875, 0.158333)], 0.987905, 0
I1014 12:24:35.259812  6061 work_track.cpp:102] Succeeded to set track lock for frame 91
I1014 12:24:35.259851  6061 work_track.cpp:116] Succeeded to release track lock for frame 91
I1014 12:24:35.259866  6061 work_track.cpp:120] Track results of frame 91: 1 objects input, 1 objects tracked!
I1014 12:24:35.259884  6061 work_track.cpp:148] Frame: 91, track bbox: [24 x 28 from (206.427, 56.7688)], gid: 1, lid: 0
I1014 12:24:35.259919  6061 work_thread.hpp:88]  [T-Work-Detect_0] Frame :91 split
I1014 12:24:35.259938  6061 work_thread.hpp:120]  [T-Work-Detect_0] Valid piece: gid = 1
I1014 12:24:35.259955  6061 work_thread.hpp:92]  [T-Work-Detect_0] Push to split queue:recog
I1014 12:24:35.260013  6064 thread_intergrate.hpp:78] [T-Intergrate-intergrate] queue: frame output frame :91
I1014 12:24:35.260025  6062 work_thread.hpp:81]  [T-Work-Recog_0] Run work: WorkCapture
I1014 12:24:35.260510  6062 work_thread.hpp:81]  [T-Work-Recog_0] Run work: WorkRecog
W1014 12:24:35.260534  6062 work_recog.hpp:118] Face id: 1 has low quality : 0.00732884, no need to recog
I1014 12:24:35.260591  6062 work_thread.hpp:81]  [T-Work-Recog_0] Run work: WorkCompare
I1014 12:24:35.261548  6060 demo_inner.hpp:435] thread [SORT-0]  frame id 91 sorting queue size 1   FPS: 29.9166
I1014 12:24:35.288781  6058 demo_inner.hpp:177] decode queue size 0
I1014 12:24:35.288898  6061 work_thread.hpp:81]  [T-Work-Detect_0] Run work: WorkDetect
I1014 12:24:35.288934  6061 work_detect.cpp:102] Succeeded to add det start for frame 92
I1014 12:24:35.292325  6059 demo_inner.hpp:260]  gui queue size 1, state = running
I1014 12:24:35.296072  6061 work_detect.cpp:70] Frame :92 detect result :2 face(s)
W1014 12:24:35.296125  6061 work_detect.cpp:83] Invalid bbox: [138 x 174 from (283, 204)]
I1014 12:24:35.296234  6061 work_detect.cpp:86] Detected bbox: [24 x 28 from (208, 56)]
I1014 12:24:35.296278  6061 work_detect.cpp:120] Succeeded to add det end for frame 92
I1014 12:24:35.296294  6061 work_thread.hpp:81]  [T-Work-Detect_0] Run work: WrokTrack
I1014 12:24:35.296317  6061 work_track.cpp:82] Frame: 92 build input_characts: [0.0375 x 0.0777778 from (0.325, 0.155556)], 0.97952, 0
I1014 12:24:35.296376  6061 work_track.cpp:102] Succeeded to set track lock for frame 92
I1014 12:24:35.296417  6061 work_track.cpp:116] Succeeded to release track lock for frame 92
I1014 12:24:35.296432  6061 work_track.cpp:120] Track results of frame 92: 1 objects input, 1 objects tracked!
I1014 12:24:35.296450  6061 work_track.cpp:148] Frame: 92, track bbox: [24 x 28 from (208.575, 56.266)], gid: 1, lid: 0
I1014 12:24:35.296485  6061 work_thread.hpp:88]  [T-Work-Detect_0] Frame :92 split
I1014 12:24:35.296502  6061 work_thread.hpp:120]  [T-Work-Detect_0] Valid piece: gid = 1
I1014 12:24:35.296520  6061 work_thread.hpp:92]  [T-Work-Detect_0] Push to split queue:recog
I1014 12:24:35.296567  6062 work_thread.hpp:81]  [T-Work-Recog_0] Run work: WorkCapture
I1014 12:24:35.296577  6064 thread_intergrate.hpp:78] [T-Intergrate-intergrate] queue: frame output frame :92
I1014 12:24:35.297063  6062 work_thread.hpp:81]  [T-Work-Recog_0] Run work: WorkRecog
W1014 12:24:35.297104  6062 work_recog.hpp:118] Face id: 1 has low quality : 0.0118591, no need to recog
I1014 12:24:35.297169  6062 work_thread.hpp:81]  [T-Work-Recog_0] Run work: WorkCompare
I1014 12:24:35.298280  6060 demo_inner.hpp:435] thread [SORT-0]  frame id 92 sorting queue size 0   FPS: 29.902
I1014 12:24:35.318789  6058 demo_inner.hpp:177] decode queue size 0
I1014 12:24:35.318888  6061 work_thread.hpp:81]  [T-Work-Detect_0] Run work: WorkDetect
I1014 12:24:35.318922  6061 work_detect.cpp:102] Succeeded to add det start for frame 93
I1014 12:24:35.325520  6061 work_detect.cpp:70] Frame :93 detect result :3 face(s)
W1014 12:24:35.325567  6061 work_detect.cpp:83] Invalid bbox: [135 x 172 from (285, 207)]
I1014 12:24:35.325667  6061 work_detect.cpp:86] Detected bbox: [23 x 27 from (210, 56)]
I1014 12:24:35.325706  6061 work_detect.cpp:86] Detected bbox: [54 x 52 from (141, 163)]
I1014 12:24:35.325742  6061 work_detect.cpp:120] Succeeded to add det end for frame 93
I1014 12:24:35.325758  6061 work_thread.hpp:81]  [T-Work-Detect_0] Run work: WrokTrack
I1014 12:24:35.325783  6061 work_track.cpp:82] Frame: 93 build input_characts: [0.0359375 x 0.075 from (0.328125, 0.155556)], 0.959643, 0
I1014 12:24:35.325840  6061 work_track.cpp:82] Frame: 93 build input_characts: [0.084375 x 0.144444 from (0.220313, 0.452778)], 0.905415, 1
