I1015 11:10:37.166901  3639 demo_inner.hpp:435] thread [SORT-0]  frame id 197 sorting queue size 1   FPS: 39.9734
I1015 11:10:37.188688  3637 demo_inner.hpp:177] decode queue size 0
I1015 11:10:37.188792  3640 work_thread.hpp:81]  [T-Work-Detect_0] Run work: WorkDetect
I1015 11:10:37.188825  3640 work_detect.cpp:102] Succeeded to add det start for frame 198
I1015 11:10:37.195247  3640 work_detect.cpp:70] Frame :198 detect result :1 face(s)
I1015 11:10:37.195286  3640 work_detect.cpp:86] Detected bbox: [16 x 21 from (496, 83)]
I1015 11:10:37.195327  3640 work_detect.cpp:120] Succeeded to add det end for frame 198
I1015 11:10:37.195343  3640 work_thread.hpp:81]  [T-Work-Detect_0] Run work: WrokTrack
I1015 11:10:37.195367  3640 work_track.cpp:82] Frame: 198 build input_characts: [0.025 x 0.0583333 from (0.775, 0.230556)], 0.936119, 0
I1015 11:10:37.195422  3640 work_track.cpp:102] Succeeded to set track lock for frame 198
I1015 11:10:37.195461  3640 work_track.cpp:116] Succeeded to release track lock for frame 198
I1015 11:10:37.195477  3640 work_track.cpp:120] Track results of frame 198: 1 objects input, 1 objects tracked!
I1015 11:10:37.195495  3640 work_track.cpp:148] Frame: 198, track bbox: [16 x 21 from (495.956, 82.8583)], gid: 0, lid: 0
I1015 11:10:37.195530  3640 work_thread.hpp:87]  [T-Work-Detect_0] Frame :198 split
I1015 11:10:37.195549  3640 work_thread.hpp:120]  [T-Work-Detect_0] Valid piece: gid = 0
I1015 11:10:37.195566  3640 work_thread.hpp:91]  [T-Work-Detect_0] Push to split queue:recog
I1015 11:10:37.195618  3642 work_thread.hpp:81]  [T-Work-Recog_1] Run work: WorkCapture
I1015 11:10:37.195619  3643 thread_intergrate.hpp:83] [T-Intergrate-intergrate] queue: frame output frame :198
I1015 11:10:37.196063  3642 work_thread.hpp:81]  [T-Work-Recog_1] Run work: WorkRecog
W1015 11:10:37.196094  3642 work_recog.hpp:118] Face id: 0 has low quality : 0.00147781, no need to recog
I1015 11:10:37.196162  3642 work_thread.hpp:81]  [T-Work-Recog_1] Run work: WorkCompare
I1015 11:10:37.197099  3639 demo_inner.hpp:435] thread [SORT-0]  frame id 198 sorting queue size 2   FPS: 39.8172
I1015 11:10:37.216091  3638 demo_inner.hpp:260]  gui queue size 2, state = running
I1015 11:10:37.224583  3637 demo_inner.hpp:177] decode queue size 0
I1015 11:10:37.224690  3640 work_thread.hpp:81]  [T-Work-Detect_0] Run work: WorkDetect
I1015 11:10:37.224725  3640 work_detect.cpp:102] Succeeded to add det start for frame 199
I1015 11:10:37.231106  3640 work_detect.cpp:70] Frame :199 detect result :1 face(s)
I1015 11:10:37.231149  3640 work_detect.cpp:86] Detected bbox: [14 x 19 from (496, 84)]
I1015 11:10:37.231192  3640 work_detect.cpp:120] Succeeded to add det end for frame 199
I1015 11:10:37.231209  3640 work_thread.hpp:81]  [T-Work-Detect_0] Run work: WrokTrack
I1015 11:10:37.231232  3640 work_track.cpp:82] Frame: 199 build input_characts: [0.021875 x 0.0527778 from (0.775, 0.233333)], 0.936119, 0
I1015 11:10:37.231287  3640 work_track.cpp:102] Succeeded to set track lock for frame 199
I1015 11:10:37.231328  3640 work_track.cpp:116] Succeeded to release track lock for frame 199
I1015 11:10:37.231343  3640 work_track.cpp:120] Track results of frame 199: 1 objects input, 1 objects tracked!
I1015 11:10:37.231361  3640 work_track.cpp:148] Frame: 199, track bbox: [14 x 19 from (496.651, 83.9293)], gid: 0, lid: 0
I1015 11:10:37.231397  3640 work_thread.hpp:87]  [T-Work-Detect_0] Frame :199 split
I1015 11:10:37.231415  3640 work_thread.hpp:120]  [T-Work-Detect_0] Valid piece: gid = 0
I1015 11:10:37.231433  3640 work_thread.hpp:91]  [T-Work-Detect_0] Push to split queue:recog
I1015 11:10:37.231472  3641 work_thread.hpp:81]  [T-Work-Recog_0] Run work: WorkCapture
I1015 11:10:37.231482  3643 thread_intergrate.hpp:83] [T-Intergrate-intergrate] queue: frame output frame :199
I1015 11:10:37.231909  3641 work_thread.hpp:81]  [T-Work-Recog_0] Run work: WorkRecog
W1015 11:10:37.231931  3641 work_recog.hpp:118] Face id: 0 has low quality : 0.00189435, no need to recog
I1015 11:10:37.232003  3641 work_thread.hpp:81]  [T-Work-Recog_0] Run work: WorkCompare
I1015 11:10:37.233012  3639 demo_inner.hpp:435] thread [SORT-0]  frame id 199 sorting queue size 0   FPS: 39.5661
I1015 11:10:37.254659  3637 demo_inner.hpp:177] decode queue size 0
I1015 11:10:37.254760  3640 work_thread.hpp:81]  [T-Work-Detect_0] Run work: WorkDetect
I1015 11:10:37.254794  3640 work_detect.cpp:102] Succeeded to add det start for frame 200
I1015 11:10:37.261231  3640 work_detect.cpp:70] Frame :200 detect result :1 face(s)
I1015 11:10:37.261279  3640 work_detect.cpp:86] Detected bbox: [14 x 20 from (497, 83)]
I1015 11:10:37.261322  3640 work_detect.cpp:120] Succeeded to add det end for frame 200
I1015 11:10:37.261338  3640 work_thread.hpp:81]  [T-Work-Detect_0] Run work: WrokTrack
I1015 11:10:37.261363  3640 work_track.cpp:82] Frame: 200 build input_characts: [0.021875 x 0.0555556 from (0.776563, 0.230556)], 0.942421, 0
I1015 11:10:37.261418  3640 work_track.cpp:102] Succeeded to set track lock for frame 200
I1015 11:10:37.261457  3640 work_track.cpp:116] Succeeded to release track lock for frame 200
I1015 11:10:37.261472  3640 work_track.cpp:120] Track results of frame 200: 1 objects input, 1 objects tracked!
I1015 11:10:37.261490  3640 work_track.cpp:148] Frame: 200, track bbox: [14 x 20 from (496.778, 83.2812)], gid: 0, lid: 0
I1015 11:10:37.261526  3640 work_thread.hpp:87]  [T-Work-Detect_0] Frame :200 split
I1015 11:10:37.261544  3640 work_thread.hpp:120]  [T-Work-Detect_0] Valid piece: gid = 0
I1015 11:10:37.261562  3640 work_thread.hpp:91]  [T-Work-Detect_0] Push to split queue:recog
I1015 11:10:37.261602  3641 work_thread.hpp:81]  [T-Work-Recog_0] Run work: WorkCapture
I1015 11:10:37.261616  3643 thread_intergrate.hpp:83] [T-Intergrate-intergrate] queue: frame output frame :200
I1015 11:10:37.262038  3641 work_thread.hpp:81]  [T-Work-Recog_0] Run work: WorkRecog
W1015 11:10:37.262059  3641 work_recog.hpp:118] Face id: 0 has low quality : 0.00242721, no need to recog
I1015 11:10:37.262127  3641 work_thread.hpp:81]  [T-Work-Recog_0] Run work: WorkCompare
I1015 11:10:37.263104  3639 demo_inner.hpp:435] thread [SORT-0]  frame id 200 sorting queue size 1   FPS: 39.4243
I1015 11:10:37.288889  3638 demo_inner.hpp:260]  gui queue size 1, state = running
I1015 11:10:37.290697  3637 demo_inner.hpp:177] decode queue size 0
I1015 11:10:37.290815  3640 work_thread.hpp:81]  [T-Work-Detect_0] Run work: WorkDetect
I1015 11:10:37.290851  3640 work_detect.cpp:102] Succeeded to add det start for frame 201
I1015 11:10:37.297274  3640 work_detect.cpp:70] Frame :201 detect result :1 face(s)
I1015 11:10:37.297324  3640 work_detect.cpp:86] Detected bbox: [16 x 22 from (496, 82)]
I1015 11:10:37.297367  3640 work_detect.cpp:120] Succeeded to add det end for frame 201
I1015 11:10:37.297384  3640 work_thread.hpp:81]  [T-Work-Detect_0] Run work: WrokTrack
I1015 11:10:37.297407  3640 work_track.cpp:82] Frame: 201 build input_characts: [0.025 x 0.0611111 from (0.775, 0.227778)], 0.932491, 0
I1015 11:10:37.297463  3640 work_track.cpp:102] Succeeded to set track lock for frame 201
I1015 11:10:37.297503  3640 work_track.cpp:116] Succeeded to release track lock for frame 201
I1015 11:10:37.297518  3640 work_track.cpp:120] Track results of frame 201: 1 objects input, 1 objects tracked!
I1015 11:10:37.297536  3640 work_track.cpp:148] Frame: 201, track bbox: [16 x 22 from (495.868, 82.0206)], gid: 0, lid: 0
I1015 11:10:37.297571  3640 work_thread.hpp:87]  [T-Work-Detect_0] Frame :201 split
I1015 11:10:37.297590  3640 work_thread.hpp:120]  [T-Work-Detect_0] Valid piece: gid = 0
I1015 11:10:37.297607  3640 work_thread.hpp:91]  [T-Work-Detect_0] Push to split queue:recog
I1015 11:10:37.297649  3641 work_thread.hpp:81]  [T-Work-Recog_0] Run work: WorkCapture
I1015 11:10:37.297658  3643 thread_intergrate.hpp:83] [T-Intergrate-intergrate] queue: frame output frame :201
I1015 11:10:37.298089  3641 work_thread.hpp:81]  [T-Work-Recog_0] Run work: WorkRecog
W1015 11:10:37.298110  3641 work_recog.hpp:118] Face id: 0 has low quality : 0.0016733, no need to recog
I1015 11:10:37.298180  3641 work_thread.hpp:81]  [T-Work-Recog_0] Run work: WorkCompare
I1015 11:10:37.299190  3639 demo_inner.hpp:435] thread [SORT-0]  frame id 201 sorting queue size 0   FPS: 39.1677
I1015 11:10:37.326508  3637 demo_inner.hpp:177] decode queue size 0
I1015 11:10:37.326613  3640 work_thread.hpp:81]  [T-Work-Detect_0] Run work: WorkDetect
I1015 11:10:37.326647  3640 work_detect.cpp:102] Succeeded to add det start for frame 202
I1015 11:10:37.333220  3640 work_detect.cpp:70] Frame :202 detect result :1 face(s)
I1015 11:10:37.333272  3640 work_detect.cpp:86] Detected bbox: [14 x 21 from (497, 83)]
I1015 11:10:37.333317  3640 work_detect.cpp:120] Succeeded to add det end for frame 202
I1015 11:10:37.333333  3640 work_thread.hpp:81]  [T-Work-Detect_0] Run work: WrokTrack
I1015 11:10:37.333357  3640 work_track.cpp:82] Frame: 202 build input_characts: [0.021875 x 0.0583333 from (0.776563, 0.230556)], 0.949752, 0
I1015 11:10:37.333412  3640 work_track.cpp:102] Succeeded to set track lock for frame 202
I1015 11:10:37.333451  3640 work_track.cpp:116] Succeeded to release track lock for frame 202
I1015 11:10:37.333465  3640 work_track.cpp:120] Track results of frame 202: 1 objects input, 1 objects tracked!
I1015 11:10:37.333483  3640 work_track.cpp:148] Frame: 202, track bbox: [14 x 21 from (497.005, 82.5966)], gid: 0, lid: 0
I1015 11:10:37.333518  3640 work_thread.hpp:87]  [T-Work-Detect_0] Frame :202 split
I1015 11:10:37.333536  3640 work_thread.hpp:120]  [T-Work-Detect_0] Valid piece: gid = 0
I1015 11:10:37.333554  3640 work_thread.hpp:91]  [T-Work-Detect_0] Push to split queue:recog
I1015 11:10:37.333600  3642 work_thread.hpp:81]  [T-Work-Recog_1] Run work: WorkCapture
I1015 11:10:37.333607  3643 thread_intergrate.hpp:83] [T-Intergrate-intergrate] queue: frame output frame :202
I1015 11:10:37.334070  3642 work_thread.hpp:81]  [T-Work-Recog_1] Run work: WorkRecog
W1015 11:10:37.334094  3642 work_recog.hpp:118] Face id: 0 has low quality : 0.00189443, no need to recog
I1015 11:10:37.334172  3642 work_thread.hpp:81]  [T-Work-Recog_1] Run work: WorkCompare
I1015 11:10:37.335095  3639 demo_inner.hpp:435] thread [SORT-0]  frame id 202 sorting queue size 1   FPS: 38.9222
I1015 11:10:37.356591  3637 demo_inner.hpp:177] decode queue size 0
I1015 11:10:37.356688  3640 work_thread.hpp:81]  [T-Work-Detect_0] Run work: WorkDetect
I1015 11:10:37.356721  3640 work_detect.cpp:102] Succeeded to add det start for frame 203
I1015 11:10:37.363095  3640 work_detect.cpp:70] Frame :203 detect result :1 face(s)
I1015 11:10:37.363140  3640 work_detect.cpp:86] Detected bbox: [14 x 21 from (498, 83)]
I1015 11:10:37.363184  3640 work_detect.cpp:120] Succeeded to add det end for frame 203
I1015 11:10:37.363200  3640 work_thread.hpp:81]  [T-Work-Detect_0] Run work: WrokTrack
I1015 11:10:37.363224  3640 work_track.cpp:82] Frame: 203 build input_characts: [0.021875 x 0.0583333 from (0.778125, 0.230556)], 0.942421, 0
I1015 11:10:37.363281  3640 work_track.cpp:102] Succeeded to set track lock for frame 203
I1015 11:10:37.363318  3640 work_track.cpp:116] Succeeded to release track lock for frame 203
I1015 11:10:37.363333  3640 work_track.cpp:120] Track results of frame 203: 1 objects input, 1 objects tracked!
I1015 11:10:37.363351  3640 work_track.cpp:148] Frame: 203, track bbox: [14 x 21 from (497.579, 82.8339)], gid: 0, lid: 0
I1015 11:10:37.363386  3640 work_thread.hpp:87]  [T-Work-Detect_0] Frame :203 split
I1015 11:10:37.363404  3640 work_thread.hpp:120]  [T-Work-Detect_0] Valid piece: gid = 0
I1015 11:10:37.363422  3640 work_thread.hpp:91]  [T-Work-Detect_0] Push to split queue:recog
I1015 11:10:37.363471  3642 work_thread.hpp:81]  [T-Work-Recog_1] Run work: WorkCapture
I1015 11:10:37.363479  3643 thread_intergrate.hpp:83] [T-Intergrate-intergrate] queue: frame output frame :203
I1015 11:10:37.363953  3642 work_thread.hpp:81]  [T-Work-Recog_1] Run work: WorkRecog
W1015 11:10:37.363976  3642 work_recog.hpp:118] Face id: 0 has low quality : 0.00242721, no need to recog
I1015 11:10:37.364053  3642 work_thread.hpp:81]  [T-Work-Recog_1] Run work: WorkCompare
I1015 11:10:37.365034  3639 demo_inner.hpp:435] thread [SORT-0]  frame id 203 sorting queue size 2   FPS: 38.8464
I1015 11:10:37.372592  3638 demo_inner.hpp:260]  gui queue size 2, state = running
I1015 11:10:37.392521  3637 demo_inner.hpp:177] decode queue size 0
I1015 11:10:37.392627  3640 work_thread.hpp:81]  [T-Work-Detect_0] Run work: WorkDetect
I1015 11:10:37.392660  3640 work_detect.cpp:102] Succeeded to add det start for frame 204
I1015 11:10:37.399119  3640 work_detect.cpp:70] Frame :204 detect result :1 face(s)
I1015 11:10:37.399169  3640 work_detect.cpp:86] Detected bbox: [16 x 22 from (497, 82)]
I1015 11:10:37.399214  3640 work_detect.cpp:120] Succeeded to add det end for frame 204
I1015 11:10:37.399230  3640 work_thread.hpp:81]  [T-Work-Detect_0] Run work: WrokTrack
I1015 11:10:37.399255  3640 work_track.cpp:82] Frame: 204 build input_characts: [0.025 x 0.0611111 from (0.776563, 0.227778)], 0.938558, 0
I1015 11:10:37.399310  3640 work_track.cpp:102] Succeeded to set track lock for frame 204
I1015 11:10:37.399348  3640 work_track.cpp:116] Succeeded to release track lock for frame 204
I1015 11:10:37.399363  3640 work_track.cpp:120] Track results of frame 204: 1 objects input, 1 objects tracked!
I1015 11:10:37.399380  3640 work_track.cpp:148] Frame: 204, track bbox: [16 x 22 from (497.104, 82.2108)], gid: 0, lid: 0
I1015 11:10:37.399416  3640 work_thread.hpp:87]  [T-Work-Detect_0] Frame :204 split
I1015 11:10:37.399433  3640 work_thread.hpp:120]  [T-Work-Detect_0] Valid piece: gid = 0
I1015 11:10:37.399452  3640 work_thread.hpp:91]  [T-Work-Detect_0] Push to split queue:recog
I1015 11:10:37.399507  3642 work_thread.hpp:81]  [T-Work-Recog_1] Run work: WorkCapture
I1015 11:10:37.399507  3643 thread_intergrate.hpp:83] [T-Intergrate-intergrate] queue: frame output frame :204
I1015 11:10:37.399991  3642 work_thread.hpp:81]  [T-Work-Recog_1] Run work: WorkRecog
W1015 11:10:37.400014  3642 work_recog.hpp:118] Face id: 0 has low quality : 0.00189438, no need to recog
I1015 11:10:37.400094  3642 work_thread.hpp:81]  [T-Work-Recog_1] Run work: WorkCompare
I1015 11:10:37.400987  3639 demo_inner.hpp:435] thread [SORT-0]  frame id 204 sorting queue size 0   FPS: 38.6167
I1015 11:10:37.422629  3637 demo_inner.hpp:177] decode queue size 0
I1015 11:10:37.422729  3640 work_thread.hpp:81]  [T-Work-Detect_0] Run work: WorkDetect
I1015 11:10:37.422765  3640 work_detect.cpp:102] Succeeded to add det start for frame 205
I1015 11:10:37.429209  3640 work_detect.cpp:70] Frame :205 detect result :1 face(s)
I1015 11:10:37.429253  3640 work_detect.cpp:86] Detected bbox: [16 x 23 from (497, 82)]
I1015 11:10:37.429296  3640 work_detect.cpp:120] Succeeded to add det end for frame 205
I1015 11:10:37.429312  3640 work_thread.hpp:81]  [T-Work-Detect_0] Run work: WrokTrack
I1015 11:10:37.429337  3640 work_track.cpp:82] Frame: 205 build input_characts: [0.025 x 0.0638889 from (0.776563, 0.227778)], 0.95411, 0
I1015 11:10:37.429394  3640 work_track.cpp:102] Succeeded to set track lock for frame 205
I1015 11:10:37.429432  3640 work_track.cpp:116] Succeeded to release track lock for frame 205
I1015 11:10:37.429447  3640 work_track.cpp:120] Track results of frame 205: 1 objects input, 1 objects tracked!
I1015 11:10:37.429466  3640 work_track.cpp:148] Frame: 205, track bbox: [16 x 23 from (497.137, 81.9258)], gid: 0, lid: 0
I1015 11:10:37.429502  3640 work_thread.hpp:87]  [T-Work-Detect_0] Frame :205 split
I1015 11:10:37.429518  3640 work_thread.hpp:120]  [T-Work-Detect_0] Valid piece: gid = 0
I1015 11:10:37.429538  3640 work_thread.hpp:91]  [T-Work-Detect_0] Push to split queue:recog
I1015 11:10:37.429585  3642 work_thread.hpp:81]  [T-Work-Recog_1] Run work: WorkCapture
I1015 11:10:37.429594  3643 thread_intergrate.hpp:83] [T-Intergrate-intergrate] queue: frame output frame :205
I1015 11:10:37.430069  3642 work_thread.hpp:81]  [T-Work-Recog_1] Run work: WorkRecog
W1015 11:10:37.430092  3642 work_recog.hpp:118] Face id: 0 has low quality : 0.00167328, no need to recog
I1015 11:10:37.430184  3642 work_thread.hpp:81]  [T-Work-Recog_1] Run work: WorkCompare
I1015 11:10:37.431118  3639 demo_inner.hpp:435] thread [SORT-0]  frame id 205 sorting queue size 1   FPS: 38.5269
I1015 11:10:37.439522  3638 demo_inner.hpp:260]  gui queue size 1, state = running
I1015 11:10:37.458510  3637 demo_inner.hpp:177] decode queue size 0
I1015 11:10:37.458614  3640 work_thread.hpp:81]  [T-Work-Detect_0] Run work: WorkDetect
I1015 11:10:37.458648  3640 work_detect.cpp:102] Succeeded to add det start for frame 206
I1015 11:10:37.465178  3640 work_detect.cpp:70] Frame :206 detect result :1 face(s)
I1015 11:10:37.465225  3640 work_detect.cpp:86] Detected bbox: [17 x 23 from (497, 83)]
I1015 11:10:37.465270  3640 work_detect.cpp:120] Succeeded to add det end for frame 206
I1015 11:10:37.465286  3640 work_thread.hpp:81]  [T-Work-Detect_0] Run work: WrokTrack
I1015 11:10:37.465310  3640 work_track.cpp:82] Frame: 206 build input_characts: [0.0265625 x 0.0638889 from (0.776563, 0.230556)], 0.962122, 0
I1015 11:10:37.465366  3640 work_track.cpp:102] Succeeded to set track lock for frame 206
I1015 11:10:37.465405  3640 work_track.cpp:116] Succeeded to release track lock for frame 206
I1015 11:10:37.465420  3640 work_track.cpp:120] Track results of frame 206: 1 objects input, 1 objects tracked!
I1015 11:10:37.465437  3640 work_track.cpp:148] Frame: 206, track bbox: [17 x 23 from (497.011, 82.5026)], gid: 0, lid: 0
I1015 11:10:37.465473  3640 work_thread.hpp:87]  [T-Work-Detect_0] Frame :206 split
I1015 11:10:37.465492  3640 work_thread.hpp:120]  [T-Work-Detect_0] Valid piece: gid = 0
I1015 11:10:37.465509  3640 work_thread.hpp:91]  [T-Work-Detect_0] Push to split queue:recog
I1015 11:10:37.465548  3641 work_thread.hpp:81]  [T-Work-Recog_0] Run work: WorkCapture
I1015 11:10:37.465559  3643 thread_intergrate.hpp:83] [T-Intergrate-intergrate] queue: frame output frame :206
I1015 11:10:37.465993  3641 work_thread.hpp:81]  [T-Work-Recog_0] Run work: WorkRecog
W1015 11:10:37.466014  3641 work_recog.hpp:118] Face id: 0 has low quality : 0.00274697, no need to recog
I1015 11:10:37.466085  3641 work_thread.hpp:81]  [T-Work-Recog_0] Run work: WorkCompare
I1015 11:10:37.467053  3639 demo_inner.hpp:435] thread [SORT-0]  frame id 206 sorting queue size 0   FPS: 38.312
I1015 11:10:37.488620  3637 demo_inner.hpp:177] decode queue size 0
I1015 11:10:37.488718  3640 work_thread.hpp:81]  [T-Work-Detect_0] Run work: WorkDetect
I1015 11:10:37.488751  3640 work_detect.cpp:102] Succeeded to add det start for frame 207
I1015 11:10:37.495048  3640 work_detect.cpp:70] Frame :207 detect result :1 face(s)
I1015 11:10:37.495091  3640 work_detect.cpp:86] Detected bbox: [18 x 24 from (497, 83)]
I1015 11:10:37.495136  3640 work_detect.cpp:120] Succeeded to add det end for frame 207
I1015 11:10:37.495151  3640 work_thread.hpp:81]  [T-Work-Detect_0] Run work: WrokTrack
I1015 11:10:37.495175  3640 work_track.cpp:82] Frame: 207 build input_characts: [0.028125 x 0.0666667 from (0.776563, 0.230556)], 0.968742, 0
I1015 11:10:37.495230  3640 work_track.cpp:102] Succeeded to set track lock for frame 207
I1015 11:10:37.495270  3640 work_track.cpp:116] Succeeded to release track lock for frame 207
I1015 11:10:37.495285  3640 work_track.cpp:120] Track results of frame 207: 1 objects input, 1 objects tracked!
I1015 11:10:37.495302  3640 work_track.cpp:148] Frame: 207, track bbox: [18 x 24 from (496.893, 82.6156)], gid: 0, lid: 0
I1015 11:10:37.495339  3640 work_thread.hpp:87]  [T-Work-Detect_0] Frame :207 split
I1015 11:10:37.495357  3640 work_thread.hpp:120]  [T-Work-Detect_0] Valid piece: gid = 0
I1015 11:10:37.495374  3640 work_thread.hpp:91]  [T-Work-Detect_0] Push to split queue:recog
I1015 11:10:37.495415  3641 work_thread.hpp:81]  [T-Work-Recog_0] Run work: WorkCapture
I1015 11:10:37.495429  3643 thread_intergrate.hpp:83] [T-Intergrate-intergrate] queue: frame output frame :207
I1015 11:10:37.495853  3641 work_thread.hpp:81]  [T-Work-Recog_0] Run work: WorkRecog
W1015 11:10:37.495874  3641 work_recog.hpp:118] Face id: 0 has low quality : 0.0021445, no need to recog
I1015 11:10:37.495944  3641 work_thread.hpp:81]  [T-Work-Recog_0] Run work: WorkCompare
I1015 11:10:37.496922  3639 demo_inner.hpp:435] thread [SORT-0]  frame id 207 sorting queue size 1   FPS: 38.2305
I1015 11:10:37.513219  3638 demo_inner.hpp:260]  gui queue size 1, state = running
I1015 11:10:37.524762  3637 demo_inner.hpp:177] decode queue size 0
I1015 11:10:37.524870  3640 work_thread.hpp:81]  [T-Work-Detect_0] Run work: WorkDetect
I1015 11:10:37.524977  3640 work_detect.cpp:102] Succeeded to add det start for frame 208
I1015 11:10:37.531446  3640 work_detect.cpp:70] Frame :208 detect result :1 face(s)
I1015 11:10:37.531489  3640 work_detect.cpp:86] Detected bbox: [17 x 24 from (498, 83)]
I1015 11:10:37.531533  3640 work_detect.cpp:120] Succeeded to add det end for frame 208
I1015 11:10:37.531548  3640 work_thread.hpp:81]  [T-Work-Detect_0] Run work: WrokTrack
I1015 11:10:37.531572  3640 work_track.cpp:82] Frame: 208 build input_characts: [0.0265625 x 0.0666667 from (0.778125, 0.230556)], 0.966593, 0
I1015 11:10:37.531628  3640 work_track.cpp:102] Succeeded to set track lock for frame 208
I1015 11:10:37.531667  3640 work_track.cpp:116] Succeeded to release track lock for frame 208
I1015 11:10:37.531682  3640 work_track.cpp:120] Track results of frame 208: 1 objects input, 1 objects tracked!
I1015 11:10:37.531699  3640 work_track.cpp:148] Frame: 208, track bbox: [17 x 24 from (497.803, 83.115)], gid: 0, lid: 0
I1015 11:10:37.531735  3640 work_thread.hpp:87]  [T-Work-Detect_0] Frame :208 split
I1015 11:10:37.531754  3640 work_thread.hpp:120]  [T-Work-Detect_0] Valid piece: gid = 0
I1015 11:10:37.531772  3640 work_thread.hpp:91]  [T-Work-Detect_0] Push to split queue:recog
I1015 11:10:37.531810  3641 work_thread.hpp:81]  [T-Work-Recog_0] Run work: WorkCapture
I1015 11:10:37.531822  3643 thread_intergrate.hpp:83] [T-Intergrate-intergrate] queue: frame output frame :208
I1015 11:10:37.532255  3641 work_thread.hpp:81]  [T-Work-Recog_0] Run work: WorkRecog
W1015 11:10:37.532277  3641 work_recog.hpp:118] Face id: 0 has low quality : 0.00274682, no need to recog
I1015 11:10:37.532348  3641 work_thread.hpp:81]  [T-Work-Recog_0] Run work: WorkCompare
I1015 11:10:37.533411  3639 demo_inner.hpp:435] thread [SORT-0]  frame id 208 sorting queue size 0   FPS: 38.0086
I1015 11:10:37.560477  3637 demo_inner.hpp:177] decode queue size 0
I1015 11:10:37.560577  3640 work_thread.hpp:81]  [T-Work-Detect_0] Run work: WorkDetect
I1015 11:10:37.560612  3640 work_detect.cpp:102] Succeeded to add det start for frame 209
I1015 11:10:37.566967  3640 work_detect.cpp:70] Frame :209 detect result :1 face(s)
I1015 11:10:37.567013  3640 work_detect.cpp:86] Detected bbox: [18 x 24 from (498, 83)]
I1015 11:10:37.567055  3640 work_detect.cpp:120] Succeeded to add det end for frame 209
I1015 11:10:37.567071  3640 work_thread.hpp:81]  [T-Work-Detect_0] Run work: WrokTrack
I1015 11:10:37.567096  3640 work_track.cpp:82] Frame: 209 build input_characts: [0.028125 x 0.0666667 from (0.778125, 0.230556)], 0.976131, 0
I1015 11:10:37.567152  3640 work_track.cpp:102] Succeeded to set track lock for frame 209
I1015 11:10:37.567191  3640 work_track.cpp:116] Succeeded to release track lock for frame 209
I1015 11:10:37.567206  3640 work_track.cpp:120] Track results of frame 209: 1 objects input, 1 objects tracked!
I1015 11:10:37.567224  3640 work_track.cpp:148] Frame: 209, track bbox: [18 x 24 from (497.901, 83.4014)], gid: 0, lid: 0
I1015 11:10:37.567260  3640 work_thread.hpp:87]  [T-Work-Detect_0] Frame :209 split
I1015 11:10:37.567278  3640 work_thread.hpp:120]  [T-Work-Detect_0] Valid piece: gid = 0
I1015 11:10:37.567297  3640 work_thread.hpp:91]  [T-Work-Detect_0] Push to split queue:recog
I1015 11:10:37.567342  3642 work_thread.hpp:81]  [T-Work-Recog_1] Run work: WorkCapture
I1015 11:10:37.567349  3643 thread_intergrate.hpp:83] [T-Intergrate-intergrate] queue: frame output frame :209
I1015 11:10:37.567896  3642 work_thread.hpp:81]  [T-Work-Recog_1] Run work: WorkRecog
W1015 11:10:37.567940  3642 work_recog.hpp:118] Face id: 0 has low quality : 0.00310801, no need to recog
I1015 11:10:37.568012  3642 work_thread.hpp:81]  [T-Work-Recog_1] Run work: WorkCompare
I1015 11:10:37.568868  3639 demo_inner.hpp:435] thread [SORT-0]  frame id 209 sorting queue size 1   FPS: 37.835
I1015 11:10:37.590593  3637 demo_inner.hpp:177] decode queue size 0
I1015 11:10:37.590687  3640 work_thread.hpp:81]  [T-Work-Detect_0] Run work: WorkDetect
I1015 11:10:37.590720  3640 work_detect.cpp:102] Succeeded to add det start for frame 210
I1015 11:10:37.597272  3640 work_detect.cpp:70] Frame :210 detect result :1 face(s)
I1015 11:10:37.597318  3640 work_detect.cpp:86] Detected bbox: [17 x 24 from (498, 84)]
I1015 11:10:37.597363  3640 work_detect.cpp:120] Succeeded to add det end for frame 210
I1015 11:10:37.597379  3640 work_thread.hpp:81]  [T-Work-Detect_0] Run work: WrokTrack
I1015 11:10:37.597404  3640 work_track.cpp:82] Frame: 210 build input_characts: [0.0265625 x 0.0666667 from (0.778125, 0.233333)], 0.981359, 0
I1015 11:10:37.597458  3640 work_track.cpp:102] Succeeded to set track lock for frame 210
I1015 11:10:37.597496  3640 work_track.cpp:116] Succeeded to release track lock for frame 210
I1015 11:10:37.597512  3640 work_track.cpp:120] Track results of frame 210: 1 objects input, 1 objects tracked!
I1015 11:10:37.597529  3640 work_track.cpp:148] Frame: 210, track bbox: [17 x 24 from (498.496, 83.837)], gid: 0, lid: 0
I1015 11:10:37.597565  3640 work_thread.hpp:87]  [T-Work-Detect_0] Frame :210 split
I1015 11:10:37.597582  3640 work_thread.hpp:120]  [T-Work-Detect_0] Valid piece: gid = 0
I1015 11:10:37.597601  3640 work_thread.hpp:91]  [T-Work-Detect_0] Push to split queue:recog
I1015 11:10:37.597648  3642 work_thread.hpp:81]  [T-Work-Recog_1] Run work: WorkCapture
I1015 11:10:37.597658  3643 thread_intergrate.hpp:83] [T-Intergrate-intergrate] queue: frame output frame :210
I1015 11:10:37.598134  3642 work_thread.hpp:81]  [T-Work-Recog_1] Run work: WorkRecog
W1015 11:10:37.598157  3642 work_recog.hpp:118] Face id: 0 has low quality : 0.000793189, no need to recog
I1015 11:10:37.598233  3642 work_thread.hpp:81]  [T-Work-Recog_1] Run work: WorkCompare
I1015 11:10:37.599115  3639 demo_inner.hpp:435] thread [SORT-0]  frame id 210 sorting queue size 2   FPS: 37.7456
I1015 11:10:37.612295  3638 demo_inner.hpp:260]  gui queue size 2, state = running
I1015 11:10:37.626526  3637 demo_inner.hpp:177] decode queue size 0
I1015 11:10:37.626628  3640 work_thread.hpp:81]  [T-Work-Detect_0] Run work: WorkDetect
I1015 11:10:37.626663  3640 work_detect.cpp:102] Succeeded to add det start for frame 211
I1015 11:10:37.633167  3640 work_detect.cpp:70] Frame :211 detect result :1 face(s)
I1015 11:10:37.633217  3640 work_detect.cpp:86] Detected bbox: [18 x 24 from (498, 84)]
I1015 11:10:37.633261  3640 work_detect.cpp:120] Succeeded to add det end for frame 211
I1015 11:10:37.633277  3640 work_thread.hpp:81]  [T-Work-Detect_0] Run work: WrokTrack
I1015 11:10:37.633301  3640 work_track.cpp:82] Frame: 211 build input_characts: [0.028125 x 0.0666667 from (0.778125, 0.233333)], 0.977486, 0
I1015 11:10:37.633357  3640 work_track.cpp:102] Succeeded to set track lock for frame 211
I1015 11:10:37.633395  3640 work_track.cpp:116] Succeeded to release track lock for frame 211
I1015 11:10:37.633410  3640 work_track.cpp:120] Track results of frame 211: 1 objects input, 1 objects tracked!
I1015 11:10:37.633428  3640 work_track.cpp:148] Frame: 211, track bbox: [18 x 24 from (498.116, 83.9969)], gid: 0, lid: 0
I1015 11:10:37.633464  3640 work_thread.hpp:87]  [T-Work-Detect_0] Frame :211 split
I1015 11:10:37.633481  3640 work_thread.hpp:120]  [T-Work-Detect_0] Valid piece: gid = 0
I1015 11:10:37.633499  3640 work_thread.hpp:91]  [T-Work-Detect_0] Push to split queue:recog
I1015 11:10:37.633545  3642 work_thread.hpp:81]  [T-Work-Recog_1] Run work: WorkCapture
I1015 11:10:37.633551  3643 thread_intergrate.hpp:83] [T-Intergrate-intergrate] queue: frame output frame :211
I1015 11:10:37.634034  3642 work_thread.hpp:81]  [T-Work-Recog_1] Run work: WorkRecog
W1015 11:10:37.634057  3642 work_recog.hpp:118] Face id: 0 has low quality : 0.00147781, no need to recog
I1015 11:10:37.634150  3642 work_thread.hpp:81]  [T-Work-Recog_1] Run work: WorkCompare
I1015 11:10:37.635027  3639 demo_inner.hpp:435] thread [SORT-0]  frame id 211 sorting queue size 0   FPS: 37.5825
I1015 11:10:37.656622  3637 demo_inner.hpp:177] decode queue size 0
I1015 11:10:37.656734  3640 work_thread.hpp:81]  [T-Work-Detect_0] Run work: WorkDetect
I1015 11:10:37.656769  3640 work_detect.cpp:102] Succeeded to add det start for frame 212
I1015 11:10:37.663169  3640 work_detect.cpp:70] Frame :212 detect result :1 face(s)
I1015 11:10:37.663208  3640 work_detect.cpp:86] Detected bbox: [16 x 24 from (499, 84)]
I1015 11:10:37.663250  3640 work_detect.cpp:120] Succeeded to add det end for frame 212
I1015 11:10:37.663267  3640 work_thread.hpp:81]  [T-Work-Detect_0] Run work: WrokTrack
I1015 11:10:37.663291  3640 work_track.cpp:82] Frame: 212 build input_characts: [0.025 x 0.0666667 from (0.779688, 0.233333)], 0.972103, 0
I1015 11:10:37.663347  3640 work_track.cpp:102] Succeeded to set track lock for frame 212
I1015 11:10:37.663386  3640 work_track.cpp:116] Succeeded to release track lock for frame 212
I1015 11:10:37.663401  3640 work_track.cpp:120] Track results of frame 212: 1 objects input, 1 objects tracked!
I1015 11:10:37.663419  3640 work_track.cpp:148] Frame: 212, track bbox: [16 x 24 from (499.08, 84.1401)], gid: 0, lid: 0
I1015 11:10:37.663455  3640 work_thread.hpp:87]  [T-Work-Detect_0] Frame :212 split
I1015 11:10:37.663472  3640 work_thread.hpp:120]  [T-Work-Detect_0] Valid piece: gid = 0
I1015 11:10:37.663491  3640 work_thread.hpp:91]  [T-Work-Detect_0] Push to split queue:recog
I1015 11:10:37.663548  3643 thread_intergrate.hpp:83] [T-Intergrate-intergrate] queue: frame output frame :212
I1015 11:10:37.663549  3642 work_thread.hpp:81]  [T-Work-Recog_1] Run work: WorkCapture
I1015 11:10:37.664026  3642 work_thread.hpp:81]  [T-Work-Recog_1] Run work: WorkRecog
W1015 11:10:37.664047  3642 work_recog.hpp:118] Face id: 0 has low quality : 0.00167324, no need to recog
I1015 11:10:37.664115  3642 work_thread.hpp:81]  [T-Work-Recog_1] Run work: WorkCompare
I1015 11:10:37.664991  3639 demo_inner.hpp:435] thread [SORT-0]  frame id 212 sorting queue size 1   FPS: 37.5188
I1015 11:10:37.679441  3638 demo_inner.hpp:260]  gui queue size 1, state = running
I1015 11:10:37.692541  3637 demo_inner.hpp:177] decode queue size 0
I1015 11:10:37.692644  3640 work_thread.hpp:81]  [T-Work-Detect_0] Run work: WorkDetect
I1015 11:10:37.692679  3640 work_detect.cpp:102] Succeeded to add det start for frame 213
I1015 11:10:37.699038  3640 work_detect.cpp:70] Frame :213 detect result :1 face(s)
I1015 11:10:37.699079  3640 work_detect.cpp:86] Detected bbox: [16 x 23 from (499, 84)]
I1015 11:10:37.699122  3640 work_detect.cpp:120] Succeeded to add det end for frame 213
I1015 11:10:37.699138  3640 work_thread.hpp:81]  [T-Work-Detect_0] Run work: WrokTrack
I1015 11:10:37.699162  3640 work_track.cpp:82] Frame: 213 build input_characts: [0.025 x 0.0638889 from (0.779688, 0.233333)], 0.977486, 0
I1015 11:10:37.699218  3640 work_track.cpp:102] Succeeded to set track lock for frame 213
I1015 11:10:37.699257  3640 work_track.cpp:116] Succeeded to release track lock for frame 213
I1015 11:10:37.699271  3640 work_track.cpp:120] Track results of frame 213: 1 objects input, 1 objects tracked!
I1015 11:10:37.699290  3640 work_track.cpp:148] Frame: 213, track bbox: [16 x 23 from (499.06, 84.4726)], gid: 0, lid: 0
I1015 11:10:37.699326  3640 work_thread.hpp:87]  [T-Work-Detect_0] Frame :213 split
I1015 11:10:37.699343  3640 work_thread.hpp:120]  [T-Work-Detect_0] Valid piece: gid = 0
I1015 11:10:37.699362  3640 work_thread.hpp:91]  [T-Work-Detect_0] Push to split queue:recog
I1015 11:10:37.699401  3641 work_thread.hpp:81]  [T-Work-Recog_0] Run work: WorkCapture
I1015 11:10:37.699411  3643 thread_intergrate.hpp:83] [T-Intergrate-intergrate] queue: frame output frame :213
I1015 11:10:37.699843  3641 work_thread.hpp:81]  [T-Work-Recog_0] Run work: WorkRecog
W1015 11:10:37.699864  3641 work_recog.hpp:118] Face id: 0 has low quality : 0.00274682, no need to recog
I1015 11:10:37.699936  3641 work_thread.hpp:81]  [T-Work-Recog_0] Run work: WorkCompare
I1015 11:10:37.700875  3639 demo_inner.hpp:435] thread [SORT-0]  frame id 213 sorting queue size 0   FPS: 37.3464
I1015 11:10:37.722584  3637 demo_inner.hpp:177] decode queue size 0
I1015 11:10:37.722678  3640 work_thread.hpp:81]  [T-Work-Detect_0] Run work: WorkDetect
I1015 11:10:37.722712  3640 work_detect.cpp:102] Succeeded to add det start for frame 214
I1015 11:10:37.729187  3640 work_detect.cpp:70] Frame :214 detect result :1 face(s)
I1015 11:10:37.729233  3640 work_detect.cpp:86] Detected bbox: [17 x 24 from (499, 84)]
I1015 11:10:37.729279  3640 work_detect.cpp:120] Succeeded to add det end for frame 214
I1015 11:10:37.729295  3640 work_thread.hpp:81]  [T-Work-Detect_0] Run work: WrokTrack
I1015 11:10:37.729321  3640 work_track.cpp:82] Frame: 214 build input_characts: [0.0265625 x 0.0666667 from (0.779688, 0.233333)], 0.975094, 0
I1015 11:10:37.729377  3640 work_track.cpp:102] Succeeded to set track lock for frame 214
I1015 11:10:37.729415  3640 work_track.cpp:116] Succeeded to release track lock for frame 214
I1015 11:10:37.729429  3640 work_track.cpp:120] Track results of frame 214: 1 objects input, 1 objects tracked!
I1015 11:10:37.729447  3640 work_track.cpp:148] Frame: 214, track bbox: [17 x 24 from (498.784, 84.0035)], gid: 0, lid: 0
I1015 11:10:37.729482  3640 work_thread.hpp:87]  [T-Work-Detect_0] Frame :214 split
I1015 11:10:37.729501  3640 work_thread.hpp:120]  [T-Work-Detect_0] Valid piece: gid = 0
I1015 11:10:37.729518  3640 work_thread.hpp:91]  [T-Work-Detect_0] Push to split queue:recog
I1015 11:10:37.729558  3641 work_thread.hpp:81]  [T-Work-Recog_0] Run work: WorkCapture
I1015 11:10:37.729573  3643 thread_intergrate.hpp:83] [T-Intergrate-intergrate] queue: frame output frame :214
I1015 11:10:37.730015  3641 work_thread.hpp:81]  [T-Work-Recog_0] Run work: WorkRecog
W1015 11:10:37.730036  3641 work_recog.hpp:118] Face id: 0 has low quality : 0.00274682, no need to recog
I1015 11:10:37.730108  3641 work_thread.hpp:81]  [T-Work-Recog_0] Run work: WorkCompare
I1015 11:10:37.731110  3639 demo_inner.hpp:435] thread [SORT-0]  frame id 214 sorting queue size 1   FPS: 36.8039
I1015 11:10:37.758508  3637 demo_inner.hpp:177] decode queue size 0
I1015 11:10:37.758608  3640 work_thread.hpp:81]  [T-Work-Detect_0] Run work: WorkDetect
I1015 11:10:37.758642  3640 work_detect.cpp:102] Succeeded to add det start for frame 215
I1015 11:10:37.765115  3640 work_detect.cpp:70] Frame :215 detect result :1 face(s)
I1015 11:10:37.765162  3640 work_detect.cpp:86] Detected bbox: [16 x 23 from (500, 84)]
I1015 11:10:37.765204  3640 work_detect.cpp:120] Succeeded to add det end for frame 215
I1015 11:10:37.765221  3640 work_thread.hpp:81]  [T-Work-Detect_0] Run work: WrokTrack
I1015 11:10:37.765244  3640 work_track.cpp:82] Frame: 215 build input_characts: [0.025 x 0.0638889 from (0.78125, 0.233333)], 0.977486, 0
I1015 11:10:37.765300  3640 work_track.cpp:102] Succeeded to set track lock for frame 215
I1015 11:10:37.765339  3640 work_track.cpp:116] Succeeded to release track lock for frame 215
I1015 11:10:37.765353  3640 work_track.cpp:120] Track results of frame 215: 1 objects input, 1 objects tracked!
I1015 11:10:37.765372  3640 work_track.cpp:148] Frame: 215, track bbox: [16 x 23 from (499.806, 84.1209)], gid: 0, lid: 0
I1015 11:10:37.765408  3640 work_thread.hpp:87]  [T-Work-Detect_0] Frame :215 split
I1015 11:10:37.765424  3640 work_thread.hpp:120]  [T-Work-Detect_0] Valid piece: gid = 0
I1015 11:10:37.765442  3640 work_thread.hpp:91]  [T-Work-Detect_0] Push to split queue:recog
I1015 11:10:37.765480  3641 work_thread.hpp:81]  [T-Work-Recog_0] Run work: WorkCapture
I1015 11:10:37.765492  3643 thread_intergrate.hpp:83] [T-Intergrate-intergrate] queue: frame output frame :215
I1015 11:10:37.765915  3641 work_thread.hpp:81]  [T-Work-Recog_0] Run work: WorkRecog
W1015 11:10:37.765936  3641 work_recog.hpp:118] Face id: 0 has low quality : 0.00449669, no need to recog
I1015 11:10:37.766007  3641 work_thread.hpp:81]  [T-Work-Recog_0] Run work: WorkCompare
I1015 11:10:37.766953  3639 demo_inner.hpp:435] thread [SORT-0]  frame id 215 sorting queue size 2   FPS: 36.1733
I1015 11:10:37.774096  3638 demo_inner.hpp:260]  gui queue size 2, state = running
I1015 11:10:37.794468  3637 demo_inner.hpp:177] decode queue size 0
I1015 11:10:37.794577  3640 work_thread.hpp:81]  [T-Work-Detect_0] Run work: WorkDetect
I1015 11:10:37.794610  3640 work_detect.cpp:102] Succeeded to add det start for frame 216
I1015 11:10:37.801079  3640 work_detect.cpp:70] Frame :216 detect result :1 face(s)
I1015 11:10:37.801124  3640 work_detect.cpp:86] Detected bbox: [16 x 23 from (499, 84)]
I1015 11:10:37.801167  3640 work_detect.cpp:120] Succeeded to add det end for frame 216
I1015 11:10:37.801183  3640 work_thread.hpp:81]  [T-Work-Detect_0] Run work: WrokTrack
I1015 11:10:37.801208  3640 work_track.cpp:82] Frame: 216 build input_characts: [0.025 x 0.0638889 from (0.779688, 0.233333)], 0.975094, 0
I1015 11:10:37.801264  3640 work_track.cpp:102] Succeeded to set track lock for frame 216
I1015 11:10:37.801302  3640 work_track.cpp:116] Succeeded to release track lock for frame 216
I1015 11:10:37.801317  3640 work_track.cpp:120] Track results of frame 216: 1 objects input, 1 objects tracked!
I1015 11:10:37.801335  3640 work_track.cpp:148] Frame: 216, track bbox: [16 x 23 from (499.524, 84.0037)], gid: 0, lid: 0
I1015 11:10:37.801371  3640 work_thread.hpp:87]  [T-Work-Detect_0] Frame :216 split
I1015 11:10:37.801389  3640 work_thread.hpp:120]  [T-Work-Detect_0] Valid piece: gid = 0
I1015 11:10:37.801409  3640 work_thread.hpp:91]  [T-Work-Detect_0] Push to split queue:recog
I1015 11:10:37.801458  3643 thread_intergrate.hpp:83] [T-Intergrate-intergrate] queue: frame output frame :216
I1015 11:10:37.801460  3642 work_thread.hpp:81]  [T-Work-Recog_1] Run work: WorkCapture
I1015 11:10:37.801976  3642 work_thread.hpp:81]  [T-Work-Recog_1] Run work: WorkRecog
W1015 11:10:37.802000  3642 work_recog.hpp:118] Face id: 0 has low quality : 0.00310804, no need to recog
I1015 11:10:37.802090  3642 work_thread.hpp:81]  [T-Work-Recog_1] Run work: WorkCompare
I1015 11:10:37.802971  3639 demo_inner.hpp:435] thread [SORT-0]  frame id 216 sorting queue size 0   FPS: 35.5805
I1015 11:10:37.818979  3638 demo_inner.hpp:260]  gui queue size 0, state = running
I1015 11:10:37.824712  3637 demo_inner.hpp:177] decode queue size 0
I1015 11:10:37.824810  3640 work_thread.hpp:81]  [T-Work-Detect_0] Run work: WorkDetect
I1015 11:10:37.824844  3640 work_detect.cpp:102] Succeeded to add det start for frame 217
I1015 11:10:37.831228  3640 work_detect.cpp:70] Frame :217 detect result :1 face(s)
I1015 11:10:37.831266  3640 work_detect.cpp:86] Detected bbox: [17 x 24 from (500, 83)]
I1015 11:10:37.831310  3640 work_detect.cpp:120] Succeeded to add det end for frame 217
I1015 11:10:37.831326  3640 work_thread.hpp:81]  [T-Work-Detect_0] Run work: WrokTrack
I1015 11:10:37.831348  3640 work_track.cpp:82] Frame: 217 build input_characts: [0.0265625 x 0.0666667 from (0.78125, 0.230556)], 0.969403, 0
I1015 11:10:37.831405  3640 work_track.cpp:102] Succeeded to set track lock for frame 217
I1015 11:10:37.831444  3640 work_track.cpp:116] Succeeded to release track lock for frame 217
I1015 11:10:37.831459  3640 work_track.cpp:120] Track results of frame 217: 1 objects input, 1 objects tracked!
I1015 11:10:37.831478  3640 work_track.cpp:148] Frame: 217, track bbox: [17 x 24 from (499.556, 83.1936)], gid: 0, lid: 0
I1015 11:10:37.831513  3640 work_thread.hpp:87]  [T-Work-Detect_0] Frame :217 split
I1015 11:10:37.831532  3640 work_thread.hpp:120]  [T-Work-Detect_0] Valid piece: gid = 0
I1015 11:10:37.831550  3640 work_thread.hpp:91]  [T-Work-Detect_0] Push to split queue:recog
I1015 11:10:37.831604  3642 work_thread.hpp:81]  [T-Work-Recog_1] Run work: WorkCapture
I1015 11:10:37.831605  3643 thread_intergrate.hpp:83] [T-Intergrate-intergrate] queue: frame output frame :217
I1015 11:10:37.832082  3642 work_thread.hpp:81]  [T-Work-Recog_1] Run work: WorkRecog
W1015 11:10:37.832104  3642 work_recog.hpp:118] Face id: 0 has low quality : 0.00397666, no need to recog
I1015 11:10:37.832175  3642 work_thread.hpp:81]  [T-Work-Recog_1] Run work: WorkCompare
I1015 11:10:37.833093  3639 demo_inner.hpp:435] thread [SORT-0]  frame id 217 sorting queue size 0   FPS: 35.0877
I1015 11:10:37.860519  3637 demo_inner.hpp:177] decode queue size 0
I1015 11:10:37.860620  3640 work_thread.hpp:81]  [T-Work-Detect_0] Run work: WorkDetect
I1015 11:10:37.860656  3640 work_detect.cpp:102] Succeeded to add det start for frame 218
I1015 11:10:37.867157  3640 work_detect.cpp:70] Frame :218 detect result :1 face(s)
I1015 11:10:37.867208  3640 work_detect.cpp:86] Detected bbox: [17 x 23 from (499, 84)]
I1015 11:10:37.867251  3640 work_detect.cpp:120] Succeeded to add det end for frame 218
I1015 11:10:37.867267  3640 work_thread.hpp:81]  [T-Work-Detect_0] Run work: WrokTrack
I1015 11:10:37.867292  3640 work_track.cpp:82] Frame: 218 build input_characts: [0.0265625 x 0.0638889 from (0.779688, 0.233333)], 0.969403, 0
I1015 11:10:37.867347  3640 work_track.cpp:102] Succeeded to set track lock for frame 218
I1015 11:10:37.867386  3640 work_track.cpp:116] Succeeded to release track lock for frame 218
I1015 11:10:37.867401  3640 work_track.cpp:120] Track results of frame 218: 1 objects input, 1 objects tracked!
I1015 11:10:37.867419  3640 work_track.cpp:148] Frame: 218, track bbox: [17 x 23 from (499.409, 83.7842)], gid: 0, lid: 0
I1015 11:10:37.867455  3640 work_thread.hpp:87]  [T-Work-Detect_0] Frame :218 split
I1015 11:10:37.867472  3640 work_thread.hpp:120]  [T-Work-Detect_0] Valid piece: gid = 0
I1015 11:10:37.867491  3640 work_thread.hpp:91]  [T-Work-Detect_0] Push to split queue:recog
I1015 11:10:37.867542  3642 work_thread.hpp:81]  [T-Work-Recog_1] Run work: WorkCapture
I1015 11:10:37.867545  3643 thread_intergrate.hpp:83] [T-Intergrate-intergrate] queue: frame output frame :218
I1015 11:10:37.868012  3642 work_thread.hpp:81]  [T-Work-Recog_1] Run work: WorkRecog
W1015 11:10:37.868036  3642 work_recog.hpp:118] Face id: 0 has low quality : 0.00310796, no need to recog
I1015 11:10:37.868106  3642 work_thread.hpp:81]  [T-Work-Recog_1] Run work: WorkCompare
I1015 11:10:37.868983  3639 demo_inner.hpp:435] thread [SORT-0]  frame id 218 sorting queue size 1   FPS: 34.5141
I1015 11:10:37.890547  3637 demo_inner.hpp:177] decode queue size 0
I1015 11:10:37.890645  3640 work_thread.hpp:81]  [T-Work-Detect_0] Run work: WorkDetect
I1015 11:10:37.890679  3640 work_detect.cpp:102] Succeeded to add det start for frame 219
I1015 11:10:37.897127  3640 work_detect.cpp:70] Frame :219 detect result :1 face(s)
I1015 11:10:37.897176  3640 work_detect.cpp:86] Detected bbox: [16 x 24 from (501, 83)]
I1015 11:10:37.897223  3640 work_detect.cpp:120] Succeeded to add det end for frame 219
I1015 11:10:37.897239  3640 work_thread.hpp:81]  [T-Work-Detect_0] Run work: WrokTrack
I1015 11:10:37.897265  3640 work_track.cpp:82] Frame: 219 build input_characts: [0.025 x 0.0666667 from (0.782812, 0.230556)], 0.962122, 0
I1015 11:10:37.897330  3640 work_track.cpp:102] Succeeded to set track lock for frame 219
I1015 11:10:37.897377  3640 work_track.cpp:116] Succeeded to release track lock for frame 219
I1015 11:10:37.897392  3640 work_track.cpp:120] Track results of frame 219: 1 objects input, 1 objects tracked!
I1015 11:10:37.897411  3640 work_track.cpp:148] Frame: 219, track bbox: [16 x 24 from (500.393, 83.0158)], gid: 0, lid: 0
I1015 11:10:37.897449  3640 work_thread.hpp:87]  [T-Work-Detect_0] Frame :219 split
I1015 11:10:37.897467  3640 work_thread.hpp:120]  [T-Work-Detect_0] Valid piece: gid = 0
I1015 11:10:37.897487  3640 work_thread.hpp:91]  [T-Work-Detect_0] Push to split queue:recog
I1015 11:10:37.897552  3642 work_thread.hpp:81]  [T-Work-Recog_1] Run work: WorkCapture
I1015 11:10:37.897554  3643 thread_intergrate.hpp:83] [T-Intergrate-intergrate] queue: frame output frame :219
I1015 11:10:37.898057  3642 work_thread.hpp:81]  [T-Work-Recog_1] Run work: WorkRecog
W1015 11:10:37.898079  3642 work_recog.hpp:118] Face id: 0 has low quality : 0.00449659, no need to recog
I1015 11:10:37.898172  3642 work_thread.hpp:81]  [T-Work-Recog_1] Run work: WorkCompare
I1015 11:10:37.899013  3639 demo_inner.hpp:435] thread [SORT-0]  frame id 219 sorting queue size 2   FPS: 34.0654
I1015 11:10:37.902489  3638 demo_inner.hpp:260]  gui queue size 2, state = running
I1015 11:10:37.926487  3637 demo_inner.hpp:177] decode queue size 0
I1015 11:10:37.926596  3640 work_thread.hpp:81]  [T-Work-Detect_0] Run work: WorkDetect
I1015 11:10:37.926632  3640 work_detect.cpp:102] Succeeded to add det start for frame 220
I1015 11:10:37.933157  3640 work_detect.cpp:70] Frame :220 detect result :1 face(s)
I1015 11:10:37.933200  3640 work_detect.cpp:86] Detected bbox: [17 x 22 from (501, 84)]
I1015 11:10:37.933243  3640 work_detect.cpp:120] Succeeded to add det end for frame 220
I1015 11:10:37.933259  3640 work_thread.hpp:81]  [T-Work-Detect_0] Run work: WrokTrack
I1015 11:10:37.933282  3640 work_track.cpp:82] Frame: 220 build input_characts: [0.0265625 x 0.0611111 from (0.782812, 0.233333)], 0.959737, 0
I1015 11:10:37.933337  3640 work_track.cpp:102] Succeeded to set track lock for frame 220
I1015 11:10:37.933377  3640 work_track.cpp:116] Succeeded to release track lock for frame 220
I1015 11:10:37.933393  3640 work_track.cpp:120] Track results of frame 220: 1 objects input, 1 objects tracked!
I1015 11:10:37.933409  3640 work_track.cpp:148] Frame: 220, track bbox: [17 x 22 from (500.648, 83.9917)], gid: 0, lid: 0
I1015 11:10:37.933444  3640 work_thread.hpp:87]  [T-Work-Detect_0] Frame :220 split
I1015 11:10:37.933462  3640 work_thread.hpp:120]  [T-Work-Detect_0] Valid piece: gid = 0
I1015 11:10:37.933480  3640 work_thread.hpp:91]  [T-Work-Detect_0] Push to split queue:recog
I1015 11:10:37.933522  3641 work_thread.hpp:81]  [T-Work-Recog_0] Run work: WorkCapture
I1015 11:10:37.933529  3643 thread_intergrate.hpp:83] [T-Intergrate-intergrate] queue: frame output frame :220
I1015 11:10:37.933972  3641 work_thread.hpp:81]  [T-Work-Recog_0] Run work: WorkRecog
W1015 11:10:37.933995  3641 work_recog.hpp:118] Face id: 0 has low quality : 0.00508319, no need to recog
I1015 11:10:37.934064  3641 work_thread.hpp:81]  [T-Work-Recog_0] Run work: WorkCompare
I1015 11:10:37.935082  3639 demo_inner.hpp:435] thread [SORT-0]  frame id 220 sorting queue size 0   FPS: 33.5689
I1015 11:10:37.956581  3637 demo_inner.hpp:177] decode queue size 0
I1015 11:10:37.956676  3640 work_thread.hpp:81]  [T-Work-Detect_0] Run work: WorkDetect
I1015 11:10:37.956710  3640 work_detect.cpp:102] Succeeded to add det start for frame 221
I1015 11:10:37.963042  3640 work_detect.cpp:70] Frame :221 detect result :1 face(s)
I1015 11:10:37.963083  3640 work_detect.cpp:86] Detected bbox: [16 x 22 from (502, 84)]
I1015 11:10:37.963125  3640 work_detect.cpp:120] Succeeded to add det end for frame 221
I1015 11:10:37.963142  3640 work_thread.hpp:81]  [T-Work-Detect_0] Run work: WrokTrack
I1015 11:10:37.963165  3640 work_track.cpp:82] Frame: 221 build input_characts: [0.025 x 0.0611111 from (0.784375, 0.233333)], 0.943585, 0
I1015 11:10:37.963222  3640 work_track.cpp:102] Succeeded to set track lock for frame 221
I1015 11:10:37.963261  3640 work_track.cpp:116] Succeeded to release track lock for frame 221
I1015 11:10:37.963276  3640 work_track.cpp:120] Track results of frame 221: 1 objects input, 1 objects tracked!
I1015 11:10:37.963294  3640 work_track.cpp:148] Frame: 221, track bbox: [16 x 22 from (502.023, 83.9481)], gid: 0, lid: 0
I1015 11:10:37.963330  3640 work_thread.hpp:87]  [T-Work-Detect_0] Frame :221 split
I1015 11:10:37.963347  3640 work_thread.hpp:120]  [T-Work-Detect_0] Valid piece: gid = 0
I1015 11:10:37.963366  3640 work_thread.hpp:91]  [T-Work-Detect_0] Push to split queue:recog
I1015 11:10:37.963412  3641 work_thread.hpp:81]  [T-Work-Recog_0] Run work: WorkCapture
I1015 11:10:37.963420  3643 thread_intergrate.hpp:83] [T-Intergrate-intergrate] queue: frame output frame :221
I1015 11:10:37.963872  3641 work_thread.hpp:81]  [T-Work-Recog_0] Run work: WorkRecog
W1015 11:10:37.963894  3641 work_recog.hpp:118] Face id: 0 has low quality : 0.00351594, no need to recog
I1015 11:10:37.963965  3641 work_thread.hpp:81]  [T-Work-Recog_0] Run work: WorkCompare
I1015 11:10:37.964871  3639 demo_inner.hpp:435] thread [SORT-0]  frame id 221 sorting queue size 1   FPS: 33.1444
I1015 11:10:37.992501  3637 demo_inner.hpp:177] decode queue size 0
I1015 11:10:37.992601  3640 work_thread.hpp:81]  [T-Work-Detect_0] Run work: WorkDetect
I1015 11:10:37.992635  3640 work_detect.cpp:102] Succeeded to add det start for frame 222
I1015 11:10:37.999091  3640 work_detect.cpp:70] Frame :222 detect result :1 face(s)
I1015 11:10:37.999210  3640 work_detect.cpp:86] Detected bbox: [17 x 22 from (502, 84)]
I1015 11:10:37.999256  3640 work_detect.cpp:120] Succeeded to add det end for frame 222
I1015 11:10:37.999272  3640 work_thread.hpp:81]  [T-Work-Detect_0] Run work: WrokTrack
I1015 11:10:37.999296  3640 work_track.cpp:82] Frame: 222 build input_characts: [0.0265625 x 0.0611111 from (0.784375, 0.233333)], 0.909375, 0
