I1014 14:53:01.586916  8280 work_thread.hpp:87]  [T-Work-Detect_0] Frame :35 split
I1014 14:53:01.586962  8283 thread_intergrate.hpp:78] [T-Intergrate-intergrate] queue: frame output frame :35
I1014 14:53:01.588519  8279 demo_inner.hpp:435] thread [SORT-0]  frame id 35 sorting queue size 1   FPS: 29.8507
I1014 14:53:01.610507  8278 demo_inner.hpp:260]  gui queue size 1, state = running
I1014 14:53:01.615980  8277 demo_inner.hpp:177] decode queue size 0
I1014 14:53:01.616091  8280 work_thread.hpp:81]  [T-Work-Detect_0] Run work: WorkDetect
I1014 14:53:01.616123  8280 work_detect.cpp:102] Succeeded to add det start for frame 36
I1014 14:53:01.622663  8280 work_detect.cpp:70] Frame :36 detect result :1 face(s)
W1014 14:53:01.622704  8280 work_detect.cpp:83] Invalid bbox: [130 x 152 from (254, 244)]
I1014 14:53:01.622778  8280 work_detect.cpp:120] Succeeded to add det end for frame 36
I1014 14:53:01.622795  8280 work_thread.hpp:81]  [T-Work-Detect_0] Run work: WrokTrack
I1014 14:53:01.622822  8280 work_track.cpp:102] Succeeded to set track lock for frame 36
I1014 14:53:01.622849  8280 work_track.cpp:116] Succeeded to release track lock for frame 36
I1014 14:53:01.622864  8280 work_track.cpp:120] Track results of frame 36: 0 objects input, 0 objects tracked!
I1014 14:53:01.622881  8280 work_thread.hpp:87]  [T-Work-Detect_0] Frame :36 split
I1014 14:53:01.622925  8283 thread_intergrate.hpp:78] [T-Intergrate-intergrate] queue: frame output frame :36
I1014 14:53:01.624477  8279 demo_inner.hpp:435] thread [SORT-0]  frame id 36 sorting queue size 0   FPS: 29.7872
I1014 14:53:01.646093  8277 demo_inner.hpp:177] decode queue size 0
I1014 14:53:01.646183  8280 work_thread.hpp:81]  [T-Work-Detect_0] Run work: WorkDetect
I1014 14:53:01.646214  8280 work_detect.cpp:102] Succeeded to add det start for frame 37
I1014 14:53:01.652762  8280 work_detect.cpp:70] Frame :37 detect result :1 face(s)
W1014 14:53:01.652813  8280 work_detect.cpp:83] Invalid bbox: [127 x 149 from (252, 244)]
I1014 14:53:01.652887  8280 work_detect.cpp:120] Succeeded to add det end for frame 37
I1014 14:53:01.652904  8280 work_thread.hpp:81]  [T-Work-Detect_0] Run work: WrokTrack
I1014 14:53:01.652932  8280 work_track.cpp:102] Succeeded to set track lock for frame 37
I1014 14:53:01.652959  8280 work_track.cpp:116] Succeeded to release track lock for frame 37
I1014 14:53:01.652973  8280 work_track.cpp:120] Track results of frame 37: 0 objects input, 0 objects tracked!
I1014 14:53:01.652992  8280 work_thread.hpp:87]  [T-Work-Detect_0] Frame :37 split
I1014 14:53:01.653039  8283 thread_intergrate.hpp:78] [T-Intergrate-intergrate] queue: frame output frame :37
I1014 14:53:01.654574  8279 demo_inner.hpp:435] thread [SORT-0]  frame id 37 sorting queue size 1   FPS: 29.8755
I1014 14:53:01.681948  8277 demo_inner.hpp:177] decode queue size 0
I1014 14:53:01.682044  8280 work_thread.hpp:81]  [T-Work-Detect_0] Run work: WorkDetect
I1014 14:53:01.682077  8280 work_detect.cpp:102] Succeeded to add det start for frame 38
I1014 14:53:01.688583  8280 work_detect.cpp:70] Frame :38 detect result :1 face(s)
W1014 14:53:01.688629  8280 work_detect.cpp:83] Invalid bbox: [126 x 149 from (252, 243)]
I1014 14:53:01.688707  8280 work_detect.cpp:120] Succeeded to add det end for frame 38
I1014 14:53:01.688725  8280 work_thread.hpp:81]  [T-Work-Detect_0] Run work: WrokTrack
I1014 14:53:01.688753  8280 work_track.cpp:102] Succeeded to set track lock for frame 38
I1014 14:53:01.688779  8280 work_track.cpp:116] Succeeded to release track lock for frame 38
I1014 14:53:01.688838  8280 work_track.cpp:120] Track results of frame 38: 0 objects input, 0 objects tracked!
I1014 14:53:01.688859  8280 work_thread.hpp:87]  [T-Work-Detect_0] Frame :38 split
I1014 14:53:01.688899  8283 thread_intergrate.hpp:78] [T-Intergrate-intergrate] queue: frame output frame :38
I1014 14:53:01.690487  8279 demo_inner.hpp:435] thread [SORT-0]  frame id 38 sorting queue size 2   FPS: 29.8147
I1014 14:53:01.711036  8278 demo_inner.hpp:260]  gui queue size 2, state = running
I1014 14:53:01.717953  8277 demo_inner.hpp:177] decode queue size 0
I1014 14:53:01.718046  8280 work_thread.hpp:81]  [T-Work-Detect_0] Run work: WorkDetect
I1014 14:53:01.718077  8280 work_detect.cpp:102] Succeeded to add det start for frame 39
I1014 14:53:01.724573  8280 work_detect.cpp:70] Frame :39 detect result :1 face(s)
W1014 14:53:01.724611  8280 work_detect.cpp:83] Invalid bbox: [127 x 147 from (256, 245)]
I1014 14:53:01.724684  8280 work_detect.cpp:120] Succeeded to add det end for frame 39
I1014 14:53:01.724699  8280 work_thread.hpp:81]  [T-Work-Detect_0] Run work: WrokTrack
I1014 14:53:01.724725  8280 work_track.cpp:102] Succeeded to set track lock for frame 39
I1014 14:53:01.724752  8280 work_track.cpp:116] Succeeded to release track lock for frame 39
I1014 14:53:01.724766  8280 work_track.cpp:120] Track results of frame 39: 0 objects input, 0 objects tracked!
I1014 14:53:01.724784  8280 work_thread.hpp:87]  [T-Work-Detect_0] Frame :39 split
I1014 14:53:01.724824  8283 thread_intergrate.hpp:78] [T-Intergrate-intergrate] queue: frame output frame :39
I1014 14:53:01.726531  8279 demo_inner.hpp:435] thread [SORT-0]  frame id 39 sorting queue size 0   FPS: 29.7806
I1014 14:53:01.748010  8277 demo_inner.hpp:177] decode queue size 0
I1014 14:53:01.748104  8280 work_thread.hpp:81]  [T-Work-Detect_0] Run work: WorkDetect
I1014 14:53:01.748136  8280 work_detect.cpp:102] Succeeded to add det start for frame 40
I1014 14:53:01.754622  8280 work_detect.cpp:70] Frame :40 detect result :1 face(s)
W1014 14:53:01.754663  8280 work_detect.cpp:83] Invalid bbox: [127 x 146 from (256, 246)]
I1014 14:53:01.754735  8280 work_detect.cpp:120] Succeeded to add det end for frame 40
I1014 14:53:01.754752  8280 work_thread.hpp:81]  [T-Work-Detect_0] Run work: WrokTrack
I1014 14:53:01.754779  8280 work_track.cpp:102] Succeeded to set track lock for frame 40
I1014 14:53:01.754806  8280 work_track.cpp:116] Succeeded to release track lock for frame 40
I1014 14:53:01.754820  8280 work_track.cpp:120] Track results of frame 40: 0 objects input, 0 objects tracked!
I1014 14:53:01.754838  8280 work_thread.hpp:87]  [T-Work-Detect_0] Frame :40 split
I1014 14:53:01.754879  8283 thread_intergrate.hpp:78] [T-Intergrate-intergrate] queue: frame output frame :40
I1014 14:53:01.756494  8279 demo_inner.hpp:435] thread [SORT-0]  frame id 40 sorting queue size 1   FPS: 29.8393
I1014 14:53:01.777949  8278 demo_inner.hpp:260]  gui queue size 1, state = running
I1014 14:53:01.783987  8277 demo_inner.hpp:177] decode queue size 0
I1014 14:53:01.784092  8280 work_thread.hpp:81]  [T-Work-Detect_0] Run work: WorkDetect
I1014 14:53:01.784126  8280 work_detect.cpp:102] Succeeded to add det start for frame 41
I1014 14:53:01.790676  8280 work_detect.cpp:70] Frame :41 detect result :1 face(s)
W1014 14:53:01.790715  8280 work_detect.cpp:83] Invalid bbox: [129 x 151 from (251, 244)]
I1014 14:53:01.790788  8280 work_detect.cpp:120] Succeeded to add det end for frame 41
I1014 14:53:01.790805  8280 work_thread.hpp:81]  [T-Work-Detect_0] Run work: WrokTrack
I1014 14:53:01.790832  8280 work_track.cpp:102] Succeeded to set track lock for frame 41
I1014 14:53:01.790859  8280 work_track.cpp:116] Succeeded to release track lock for frame 41
I1014 14:53:01.790874  8280 work_track.cpp:120] Track results of frame 41: 0 objects input, 0 objects tracked!
I1014 14:53:01.790892  8280 work_thread.hpp:87]  [T-Work-Detect_0] Frame :41 split
I1014 14:53:01.790930  8283 thread_intergrate.hpp:78] [T-Intergrate-intergrate] queue: frame output frame :41
I1014 14:53:01.792527  8279 demo_inner.hpp:435] thread [SORT-0]  frame id 41 sorting queue size 0   FPS: 29.7841
I1014 14:53:01.814035  8277 demo_inner.hpp:177] decode queue size 0
I1014 14:53:01.814124  8280 work_thread.hpp:81]  [T-Work-Detect_0] Run work: WorkDetect
I1014 14:53:01.814157  8280 work_detect.cpp:102] Succeeded to add det start for frame 42
I1014 14:53:01.820914  8280 work_detect.cpp:70] Frame :42 detect result :1 face(s)
W1014 14:53:01.820961  8280 work_detect.cpp:83] Invalid bbox: [126 x 147 from (253, 245)]
I1014 14:53:01.821034  8280 work_detect.cpp:120] Succeeded to add det end for frame 42
I1014 14:53:01.821051  8280 work_thread.hpp:81]  [T-Work-Detect_0] Run work: WrokTrack
I1014 14:53:01.821080  8280 work_track.cpp:102] Succeeded to set track lock for frame 42
I1014 14:53:01.821108  8280 work_track.cpp:116] Succeeded to release track lock for frame 42
I1014 14:53:01.821122  8280 work_track.cpp:120] Track results of frame 42: 0 objects input, 0 objects tracked!
I1014 14:53:01.821141  8280 work_thread.hpp:87]  [T-Work-Detect_0] Frame :42 split
I1014 14:53:01.821187  8283 thread_intergrate.hpp:78] [T-Intergrate-intergrate] queue: frame output frame :42
I1014 14:53:01.822873  8279 demo_inner.hpp:435] thread [SORT-0]  frame id 42 sorting queue size 1   FPS: 29.8616
I1014 14:53:01.845158  8278 demo_inner.hpp:260]  gui queue size 1, state = running
I1014 14:53:01.850016  8277 demo_inner.hpp:177] decode queue size 0
I1014 14:53:01.850111  8280 work_thread.hpp:81]  [T-Work-Detect_0] Run work: WorkDetect
I1014 14:53:01.850143  8280 work_detect.cpp:102] Succeeded to add det start for frame 43
I1014 14:53:01.856645  8280 work_detect.cpp:70] Frame :43 detect result :1 face(s)
W1014 14:53:01.856685  8280 work_detect.cpp:83] Invalid bbox: [131 x 147 from (256, 245)]
I1014 14:53:01.856758  8280 work_detect.cpp:120] Succeeded to add det end for frame 43
I1014 14:53:01.856775  8280 work_thread.hpp:81]  [T-Work-Detect_0] Run work: WrokTrack
I1014 14:53:01.856802  8280 work_track.cpp:102] Succeeded to set track lock for frame 43
I1014 14:53:01.856829  8280 work_track.cpp:116] Succeeded to release track lock for frame 43
I1014 14:53:01.856842  8280 work_track.cpp:120] Track results of frame 43: 0 objects input, 0 objects tracked!
I1014 14:53:01.856861  8280 work_thread.hpp:87]  [T-Work-Detect_0] Frame :43 split
I1014 14:53:01.856906  8283 thread_intergrate.hpp:78] [T-Intergrate-intergrate] queue: frame output frame :43
I1014 14:53:01.858528  8279 demo_inner.hpp:435] thread [SORT-0]  frame id 43 sorting queue size 0   FPS: 29.8084
I1014 14:53:01.880084  8277 demo_inner.hpp:177] decode queue size 0
I1014 14:53:01.880189  8280 work_thread.hpp:81]  [T-Work-Detect_0] Run work: WorkDetect
I1014 14:53:01.880223  8280 work_detect.cpp:102] Succeeded to add det start for frame 44
I1014 14:53:01.886741  8280 work_detect.cpp:70] Frame :44 detect result :1 face(s)
W1014 14:53:01.886783  8280 work_detect.cpp:83] Invalid bbox: [127 x 144 from (257, 247)]
I1014 14:53:01.887135  8280 work_detect.cpp:120] Succeeded to add det end for frame 44
I1014 14:53:01.887156  8280 work_thread.hpp:81]  [T-Work-Detect_0] Run work: WrokTrack
I1014 14:53:01.887182  8280 work_track.cpp:102] Succeeded to set track lock for frame 44
I1014 14:53:01.887210  8280 work_track.cpp:116] Succeeded to release track lock for frame 44
I1014 14:53:01.887224  8280 work_track.cpp:120] Track results of frame 44: 0 objects input, 0 objects tracked!
I1014 14:53:01.887243  8280 work_thread.hpp:87]  [T-Work-Detect_0] Frame :44 split
I1014 14:53:01.887289  8283 thread_intergrate.hpp:78] [T-Intergrate-intergrate] queue: frame output frame :44
I1014 14:53:01.889029  8279 demo_inner.hpp:435] thread [SORT-0]  frame id 44 sorting queue size 1   FPS: 29.8819
I1014 14:53:01.915971  8277 demo_inner.hpp:177] decode queue size 0
I1014 14:53:01.916069  8280 work_thread.hpp:81]  [T-Work-Detect_0] Run work: WorkDetect
I1014 14:53:01.916100  8280 work_detect.cpp:102] Succeeded to add det start for frame 45
I1014 14:53:01.917688  8278 demo_inner.hpp:260]  gui queue size 1, state = running
I1014 14:53:01.922859  8280 work_detect.cpp:70] Frame :45 detect result :1 face(s)
W1014 14:53:01.922991  8280 work_detect.cpp:83] Invalid bbox: [127 x 146 from (253, 247)]
I1014 14:53:01.923111  8280 work_detect.cpp:120] Succeeded to add det end for frame 45
I1014 14:53:01.923130  8280 work_thread.hpp:81]  [T-Work-Detect_0] Run work: WrokTrack
I1014 14:53:01.923159  8280 work_track.cpp:102] Succeeded to set track lock for frame 45
I1014 14:53:01.923185  8280 work_track.cpp:116] Succeeded to release track lock for frame 45
I1014 14:53:01.923199  8280 work_track.cpp:120] Track results of frame 45: 0 objects input, 0 objects tracked!
I1014 14:53:01.923218  8280 work_thread.hpp:87]  [T-Work-Detect_0] Frame :45 split
I1014 14:53:01.923264  8283 thread_intergrate.hpp:78] [T-Intergrate-intergrate] queue: frame output frame :45
I1014 14:53:01.924950  8279 demo_inner.hpp:435] thread [SORT-0]  frame id 45 sorting queue size 0   FPS: 29.8305
I1014 14:53:01.951901  8277 demo_inner.hpp:177] decode queue size 0
I1014 14:53:01.951997  8280 work_thread.hpp:81]  [T-Work-Detect_0] Run work: WorkDetect
I1014 14:53:01.952028  8280 work_detect.cpp:102] Succeeded to add det start for frame 46
I1014 14:53:01.958567  8280 work_detect.cpp:70] Frame :46 detect result :1 face(s)
W1014 14:53:01.958612  8280 work_detect.cpp:83] Invalid bbox: [128 x 147 from (252, 247)]
I1014 14:53:01.958709  8280 work_detect.cpp:120] Succeeded to add det end for frame 46
I1014 14:53:01.958726  8280 work_thread.hpp:81]  [T-Work-Detect_0] Run work: WrokTrack
I1014 14:53:01.958753  8280 work_track.cpp:102] Succeeded to set track lock for frame 46
I1014 14:53:01.958781  8280 work_track.cpp:116] Succeeded to release track lock for frame 46
I1014 14:53:01.958794  8280 work_track.cpp:120] Track results of frame 46: 0 objects input, 0 objects tracked!
I1014 14:53:01.958813  8280 work_thread.hpp:87]  [T-Work-Detect_0] Frame :46 split
I1014 14:53:01.958856  8283 thread_intergrate.hpp:78] [T-Intergrate-intergrate] queue: frame output frame :46
I1014 14:53:01.960489  8279 demo_inner.hpp:435] thread [SORT-0]  frame id 46 sorting queue size 1   FPS: 29.8013
I1014 14:53:01.982415  8277 demo_inner.hpp:177] decode queue size 0
I1014 14:53:01.982514  8280 work_thread.hpp:81]  [T-Work-Detect_0] Run work: WorkDetect
I1014 14:53:01.982547  8280 work_detect.cpp:102] Succeeded to add det start for frame 47
I1014 14:53:01.988996  8280 work_detect.cpp:70] Frame :47 detect result :1 face(s)
W1014 14:53:01.989045  8280 work_detect.cpp:83] Invalid bbox: [128 x 145 from (256, 245)]
I1014 14:53:01.989168  8280 work_detect.cpp:120] Succeeded to add det end for frame 47
I1014 14:53:01.989187  8280 work_thread.hpp:81]  [T-Work-Detect_0] Run work: WrokTrack
I1014 14:53:01.989214  8280 work_track.cpp:102] Succeeded to set track lock for frame 47
I1014 14:53:01.989241  8280 work_track.cpp:116] Succeeded to release track lock for frame 47
I1014 14:53:01.989255  8280 work_track.cpp:120] Track results of frame 47: 0 objects input, 0 objects tracked!
I1014 14:53:01.989274  8280 work_thread.hpp:87]  [T-Work-Detect_0] Frame :47 split
I1014 14:53:01.989331  8283 thread_intergrate.hpp:78] [T-Intergrate-intergrate] queue: frame output frame :47
I1014 14:53:01.991000  8279 demo_inner.hpp:435] thread [SORT-0]  frame id 47 sorting queue size 2   FPS: 29.8507
I1014 14:53:02.012354  8278 demo_inner.hpp:260]  gui queue size 2, state = running
I1014 14:53:02.017941  8277 demo_inner.hpp:177] decode queue size 0
I1014 14:53:02.018046  8280 work_thread.hpp:81]  [T-Work-Detect_0] Run work: WorkDetect
I1014 14:53:02.018079  8280 work_detect.cpp:102] Succeeded to add det start for frame 48
I1014 14:53:02.024657  8280 work_detect.cpp:70] Frame :48 detect result :1 face(s)
W1014 14:53:02.024699  8280 work_detect.cpp:83] Invalid bbox: [126 x 148 from (253, 245)]
I1014 14:53:02.024796  8280 work_detect.cpp:120] Succeeded to add det end for frame 48
I1014 14:53:02.024813  8280 work_thread.hpp:81]  [T-Work-Detect_0] Run work: WrokTrack
I1014 14:53:02.024840  8280 work_track.cpp:102] Succeeded to set track lock for frame 48
I1014 14:53:02.024868  8280 work_track.cpp:116] Succeeded to release track lock for frame 48
I1014 14:53:02.024929  8280 work_track.cpp:120] Track results of frame 48: 0 objects input, 0 objects tracked!
I1014 14:53:02.024948  8280 work_thread.hpp:87]  [T-Work-Detect_0] Frame :48 split
I1014 14:53:02.024994  8283 thread_intergrate.hpp:78] [T-Intergrate-intergrate] queue: frame output frame :48
I1014 14:53:02.026531  8279 demo_inner.hpp:435] thread [SORT-0]  frame id 48 sorting queue size 0   FPS: 29.8034
I1014 14:53:02.048053  8277 demo_inner.hpp:177] decode queue size 0
I1014 14:53:02.048146  8280 work_thread.hpp:81]  [T-Work-Detect_0] Run work: WorkDetect
I1014 14:53:02.048204  8280 work_detect.cpp:102] Succeeded to add det start for frame 49
I1014 14:53:02.054643  8280 work_detect.cpp:70] Frame :49 detect result :1 face(s)
W1014 14:53:02.054682  8280 work_detect.cpp:83] Invalid bbox: [126 x 147 from (253, 245)]
I1014 14:53:02.054780  8280 work_detect.cpp:120] Succeeded to add det end for frame 49
I1014 14:53:02.054797  8280 work_thread.hpp:81]  [T-Work-Detect_0] Run work: WrokTrack
I1014 14:53:02.054824  8280 work_track.cpp:102] Succeeded to set track lock for frame 49
I1014 14:53:02.054852  8280 work_track.cpp:116] Succeeded to release track lock for frame 49
I1014 14:53:02.054865  8280 work_track.cpp:120] Track results of frame 49: 0 objects input, 0 objects tracked!
I1014 14:53:02.054884  8280 work_thread.hpp:87]  [T-Work-Detect_0] Frame :49 split
I1014 14:53:02.054930  8283 thread_intergrate.hpp:78] [T-Intergrate-intergrate] queue: frame output frame :49
I1014 14:53:02.056531  8279 demo_inner.hpp:435] thread [SORT-0]  frame id 49 sorting queue size 1   FPS: 29.8693
I1014 14:53:02.083925  8277 demo_inner.hpp:177] decode queue size 0
I1014 14:53:02.084020  8280 work_thread.hpp:81]  [T-Work-Detect_0] Run work: WorkDetect
I1014 14:53:02.084053  8280 work_detect.cpp:102] Succeeded to add det start for frame 50
I1014 14:53:02.085759  8278 demo_inner.hpp:260]  gui queue size 1, state = running
I1014 14:53:02.090802  8280 work_detect.cpp:70] Frame :50 detect result :1 face(s)
W1014 14:53:02.090855  8280 work_detect.cpp:83] Invalid bbox: [131 x 143 from (256, 247)]
I1014 14:53:02.090983  8280 work_detect.cpp:120] Succeeded to add det end for frame 50
I1014 14:53:02.091002  8280 work_thread.hpp:81]  [T-Work-Detect_0] Run work: WrokTrack
I1014 14:53:02.091030  8280 work_track.cpp:102] Succeeded to set track lock for frame 50
I1014 14:53:02.091056  8280 work_track.cpp:116] Succeeded to release track lock for frame 50
I1014 14:53:02.091071  8280 work_track.cpp:120] Track results of frame 50: 0 objects input, 0 objects tracked!
I1014 14:53:02.091089  8280 work_thread.hpp:87]  [T-Work-Detect_0] Frame :50 split
I1014 14:53:02.091141  8283 thread_intergrate.hpp:78] [T-Intergrate-intergrate] queue: frame output frame :50
I1014 14:53:02.092835  8279 demo_inner.hpp:435] thread [SORT-0]  frame id 50 sorting queue size 0   FPS: 29.8235
I1014 14:53:02.114019  8277 demo_inner.hpp:177] decode queue size 0
I1014 14:53:02.114107  8280 work_thread.hpp:81]  [T-Work-Detect_0] Run work: WorkDetect
I1014 14:53:02.114140  8280 work_detect.cpp:102] Succeeded to add det start for frame 51
I1014 14:53:02.120712  8280 work_detect.cpp:70] Frame :51 detect result :1 face(s)
W1014 14:53:02.120764  8280 work_detect.cpp:83] Invalid bbox: [127 x 147 from (253, 247)]
I1014 14:53:02.120860  8280 work_detect.cpp:120] Succeeded to add det end for frame 51
I1014 14:53:02.120878  8280 work_thread.hpp:81]  [T-Work-Detect_0] Run work: WrokTrack
I1014 14:53:02.120908  8280 work_track.cpp:102] Succeeded to set track lock for frame 51
I1014 14:53:02.120934  8280 work_track.cpp:116] Succeeded to release track lock for frame 51
I1014 14:53:02.120946  8280 work_track.cpp:120] Track results of frame 51: 0 objects input, 0 objects tracked!
I1014 14:53:02.120965  8280 work_thread.hpp:87]  [T-Work-Detect_0] Frame :51 split
I1014 14:53:02.121014  8283 thread_intergrate.hpp:78] [T-Intergrate-intergrate] queue: frame output frame :51
I1014 14:53:02.122607  8279 demo_inner.hpp:435] thread [SORT-0]  frame id 51 sorting queue size 1   FPS: 29.8864
I1014 14:53:02.149849  8277 demo_inner.hpp:177] decode queue size 0
I1014 14:53:02.149953  8280 work_thread.hpp:81]  [T-Work-Detect_0] Run work: WorkDetect
I1014 14:53:02.149986  8280 work_detect.cpp:102] Succeeded to add det start for frame 52
I1014 14:53:02.156507  8280 work_detect.cpp:70] Frame :52 detect result :1 face(s)
W1014 14:53:02.156553  8280 work_detect.cpp:83] Invalid bbox: [128 x 147 from (256, 244)]
I1014 14:53:02.156687  8280 work_detect.cpp:120] Succeeded to add det end for frame 52
I1014 14:53:02.156704  8280 work_thread.hpp:81]  [T-Work-Detect_0] Run work: WrokTrack
I1014 14:53:02.156731  8280 work_track.cpp:102] Succeeded to set track lock for frame 52
I1014 14:53:02.156759  8280 work_track.cpp:116] Succeeded to release track lock for frame 52
I1014 14:53:02.156772  8280 work_track.cpp:120] Track results of frame 52: 0 objects input, 0 objects tracked!
I1014 14:53:02.156791  8280 work_thread.hpp:87]  [T-Work-Detect_0] Frame :52 split
I1014 14:53:02.156834  8283 thread_intergrate.hpp:78] [T-Intergrate-intergrate] queue: frame output frame :52
I1014 14:53:02.158583  8279 demo_inner.hpp:435] thread [SORT-0]  frame id 52 sorting queue size 2   FPS: 29.8595
I1014 14:53:02.168975  8278 demo_inner.hpp:260]  gui queue size 2, state = running
I1014 14:53:02.185824  8277 demo_inner.hpp:177] decode queue size 0
I1014 14:53:02.185920  8280 work_thread.hpp:81]  [T-Work-Detect_0] Run work: WorkDetect
I1014 14:53:02.185953  8280 work_detect.cpp:102] Succeeded to add det start for frame 53
I1014 14:53:02.192442  8280 work_detect.cpp:70] Frame :53 detect result :1 face(s)
W1014 14:53:02.192478  8280 work_detect.cpp:83] Invalid bbox: [125 x 143 from (254, 247)]
I1014 14:53:02.192574  8280 work_detect.cpp:120] Succeeded to add det end for frame 53
I1014 14:53:02.192591  8280 work_thread.hpp:81]  [T-Work-Detect_0] Run work: WrokTrack
I1014 14:53:02.192618  8280 work_track.cpp:102] Succeeded to set track lock for frame 53
I1014 14:53:02.192646  8280 work_track.cpp:116] Succeeded to release track lock for frame 53
I1014 14:53:02.192658  8280 work_track.cpp:120] Track results of frame 53: 0 objects input, 0 objects tracked!
I1014 14:53:02.192677  8280 work_thread.hpp:87]  [T-Work-Detect_0] Frame :53 split
I1014 14:53:02.192723  8283 thread_intergrate.hpp:78] [T-Intergrate-intergrate] queue: frame output frame :53
I1014 14:53:02.194331  8279 demo_inner.hpp:435] thread [SORT-0]  frame id 53 sorting queue size 0   FPS: 29.8165
I1014 14:53:02.215952  8277 demo_inner.hpp:177] decode queue size 0
I1014 14:53:02.216040  8280 work_thread.hpp:81]  [T-Work-Detect_0] Run work: WorkDetect
I1014 14:53:02.216073  8280 work_detect.cpp:102] Succeeded to add det start for frame 54
I1014 14:53:02.222611  8280 work_detect.cpp:70] Frame :54 detect result :1 face(s)
W1014 14:53:02.222658  8280 work_detect.cpp:83] Invalid bbox: [128 x 150 from (253, 245)]
I1014 14:53:02.222756  8280 work_detect.cpp:120] Succeeded to add det end for frame 54
I1014 14:53:02.222774  8280 work_thread.hpp:81]  [T-Work-Detect_0] Run work: WrokTrack
I1014 14:53:02.222800  8280 work_track.cpp:102] Succeeded to set track lock for frame 54
I1014 14:53:02.222827  8280 work_track.cpp:116] Succeeded to release track lock for frame 54
I1014 14:53:02.222841  8280 work_track.cpp:120] Track results of frame 54: 0 objects input, 0 objects tracked!
I1014 14:53:02.222860  8280 work_thread.hpp:87]  [T-Work-Detect_0] Frame :54 split
I1014 14:53:02.222908  8283 thread_intergrate.hpp:78] [T-Intergrate-intergrate] queue: frame output frame :54
I1014 14:53:02.224592  8279 demo_inner.hpp:435] thread [SORT-0]  frame id 54 sorting queue size 1   FPS: 29.8592
I1014 14:53:02.236078  8278 demo_inner.hpp:260]  gui queue size 1, state = running
I1014 14:53:02.251905  8277 demo_inner.hpp:177] decode queue size 0
I1014 14:53:02.251997  8280 work_thread.hpp:81]  [T-Work-Detect_0] Run work: WorkDetect
I1014 14:53:02.252029  8280 work_detect.cpp:102] Succeeded to add det start for frame 55
I1014 14:53:02.258508  8280 work_detect.cpp:70] Frame :55 detect result :1 face(s)
W1014 14:53:02.258625  8280 work_detect.cpp:83] Invalid bbox: [130 x 148 from (256, 244)]
I1014 14:53:02.258694  8280 work_detect.cpp:120] Succeeded to add det end for frame 55
I1014 14:53:02.258711  8280 work_thread.hpp:81]  [T-Work-Detect_0] Run work: WrokTrack
I1014 14:53:02.258738  8280 work_track.cpp:102] Succeeded to set track lock for frame 55
I1014 14:53:02.258765  8280 work_track.cpp:116] Succeeded to release track lock for frame 55
I1014 14:53:02.258778  8280 work_track.cpp:120] Track results of frame 55: 0 objects input, 0 objects tracked!
I1014 14:53:02.258797  8280 work_thread.hpp:87]  [T-Work-Detect_0] Frame :55 split
I1014 14:53:02.258841  8283 thread_intergrate.hpp:78] [T-Intergrate-intergrate] queue: frame output frame :55
I1014 14:53:02.260473  8279 demo_inner.hpp:435] thread [SORT-0]  frame id 55 sorting queue size 0   FPS: 29.8343
I1014 14:53:02.282023  8277 demo_inner.hpp:177] decode queue size 0
I1014 14:53:02.282120  8280 work_thread.hpp:81]  [T-Work-Detect_0] Run work: WorkDetect
I1014 14:53:02.282153  8280 work_detect.cpp:102] Succeeded to add det start for frame 56
I1014 14:53:02.288691  8280 work_detect.cpp:70] Frame :56 detect result :1 face(s)
W1014 14:53:02.288733  8280 work_detect.cpp:83] Invalid bbox: [132 x 145 from (255, 245)]
I1014 14:53:02.288828  8280 work_detect.cpp:120] Succeeded to add det end for frame 56
I1014 14:53:02.288846  8280 work_thread.hpp:81]  [T-Work-Detect_0] Run work: WrokTrack
I1014 14:53:02.288873  8280 work_track.cpp:102] Succeeded to set track lock for frame 56
I1014 14:53:02.288899  8280 work_track.cpp:116] Succeeded to release track lock for frame 56
I1014 14:53:02.288913  8280 work_track.cpp:120] Track results of frame 56: 0 objects input, 0 objects tracked!
I1014 14:53:02.288933  8280 work_thread.hpp:87]  [T-Work-Detect_0] Frame :56 split
I1014 14:53:02.288978  8283 thread_intergrate.hpp:78] [T-Intergrate-intergrate] queue: frame output frame :56
I1014 14:53:02.290571  8279 demo_inner.hpp:435] thread [SORT-0]  frame id 56 sorting queue size 1   FPS: 29.8751
I1014 14:53:02.308151  8278 demo_inner.hpp:260]  gui queue size 1, state = running
I1014 14:53:02.317965  8277 demo_inner.hpp:177] decode queue size 0
I1014 14:53:02.318055  8280 work_thread.hpp:81]  [T-Work-Detect_0] Run work: WorkDetect
I1014 14:53:02.318089  8280 work_detect.cpp:102] Succeeded to add det start for frame 57
I1014 14:53:02.324612  8280 work_detect.cpp:70] Frame :57 detect result :1 face(s)
W1014 14:53:02.324657  8280 work_detect.cpp:83] Invalid bbox: [131 x 146 from (255, 244)]
I1014 14:53:02.324756  8280 work_detect.cpp:120] Succeeded to add det end for frame 57
I1014 14:53:02.324774  8280 work_thread.hpp:81]  [T-Work-Detect_0] Run work: WrokTrack
I1014 14:53:02.324800  8280 work_track.cpp:102] Succeeded to set track lock for frame 57
I1014 14:53:02.324827  8280 work_track.cpp:116] Succeeded to release track lock for frame 57
I1014 14:53:02.324841  8280 work_track.cpp:120] Track results of frame 57: 0 objects input, 0 objects tracked!
I1014 14:53:02.324859  8280 work_thread.hpp:87]  [T-Work-Detect_0] Frame :57 split
I1014 14:53:02.324903  8283 thread_intergrate.hpp:78] [T-Intergrate-intergrate] queue: frame output frame :57
I1014 14:53:02.326515  8279 demo_inner.hpp:435] thread [SORT-0]  frame id 57 sorting queue size 0   FPS: 29.8348
I1014 14:53:02.348032  8277 demo_inner.hpp:177] decode queue size 0
I1014 14:53:02.348121  8280 work_thread.hpp:81]  [T-Work-Detect_0] Run work: WorkDetect
I1014 14:53:02.348152  8280 work_detect.cpp:102] Succeeded to add det start for frame 58
I1014 14:53:02.354581  8280 work_detect.cpp:70] Frame :58 detect result :1 face(s)
W1014 14:53:02.354614  8280 work_detect.cpp:83] Invalid bbox: [127 x 147 from (253, 245)]
I1014 14:53:02.354707  8280 work_detect.cpp:120] Succeeded to add det end for frame 58
I1014 14:53:02.354725  8280 work_thread.hpp:81]  [T-Work-Detect_0] Run work: WrokTrack
I1014 14:53:02.354753  8280 work_track.cpp:102] Succeeded to set track lock for frame 58
I1014 14:53:02.354779  8280 work_track.cpp:116] Succeeded to release track lock for frame 58
I1014 14:53:02.354838  8280 work_track.cpp:120] Track results of frame 58: 0 objects input, 0 objects tracked!
I1014 14:53:02.354859  8280 work_thread.hpp:87]  [T-Work-Detect_0] Frame :58 split
I1014 14:53:02.354903  8283 thread_intergrate.hpp:78] [T-Intergrate-intergrate] queue: frame output frame :58
I1014 14:53:02.356735  8279 demo_inner.hpp:435] thread [SORT-0]  frame id 58 sorting queue size 1   FPS: 29.8899
I1014 14:53:02.383955  8277 demo_inner.hpp:177] decode queue size 0
I1014 14:53:02.384050  8280 work_thread.hpp:81]  [T-Work-Detect_0] Run work: WorkDetect
I1014 14:53:02.384084  8280 work_detect.cpp:102] Succeeded to add det start for frame 59
I1014 14:53:02.390596  8280 work_detect.cpp:70] Frame :59 detect result :1 face(s)
W1014 14:53:02.390640  8280 work_detect.cpp:83] Invalid bbox: [126 x 150 from (253, 243)]
I1014 14:53:02.390739  8280 work_detect.cpp:120] Succeeded to add det end for frame 59
I1014 14:53:02.390758  8280 work_thread.hpp:81]  [T-Work-Detect_0] Run work: WrokTrack
I1014 14:53:02.390785  8280 work_track.cpp:102] Succeeded to set track lock for frame 59
I1014 14:53:02.390812  8280 work_track.cpp:116] Succeeded to release track lock for frame 59
I1014 14:53:02.390826  8280 work_track.cpp:120] Track results of frame 59: 0 objects input, 0 objects tracked!
I1014 14:53:02.390844  8280 work_thread.hpp:87]  [T-Work-Detect_0] Frame :59 split
I1014 14:53:02.390888  8283 thread_intergrate.hpp:78] [T-Intergrate-intergrate] queue: frame output frame :59
I1014 14:53:02.392534  8279 demo_inner.hpp:435] thread [SORT-0]  frame id 59 sorting queue size 2   FPS: 29.8507
I1014 14:53:02.408545  8278 demo_inner.hpp:260]  gui queue size 2, state = running
I1014 14:53:02.414201  8277 demo_inner.hpp:177] decode queue size 0
I1014 14:53:02.414326  8280 work_thread.hpp:81]  [T-Work-Detect_0] Run work: WorkDetect
I1014 14:53:02.414362  8280 work_detect.cpp:102] Succeeded to add det start for frame 60
I1014 14:53:02.420877  8280 work_detect.cpp:70] Frame :60 detect result :1 face(s)
W1014 14:53:02.420922  8280 work_detect.cpp:83] Invalid bbox: [130 x 149 from (255, 243)]
I1014 14:53:02.421015  8280 work_detect.cpp:120] Succeeded to add det end for frame 60
I1014 14:53:02.421032  8280 work_thread.hpp:81]  [T-Work-Detect_0] Run work: WrokTrack
I1014 14:53:02.421059  8280 work_track.cpp:102] Succeeded to set track lock for frame 60
I1014 14:53:02.421087  8280 work_track.cpp:116] Succeeded to release track lock for frame 60
I1014 14:53:02.421100  8280 work_track.cpp:120] Track results of frame 60: 0 objects input, 0 objects tracked!
I1014 14:53:02.421119  8280 work_thread.hpp:87]  [T-Work-Detect_0] Frame :60 split
I1014 14:53:02.421169  8283 thread_intergrate.hpp:78] [T-Intergrate-intergrate] queue: frame output frame :60
I1014 14:53:02.422843  8279 demo_inner.hpp:435] thread [SORT-0]  frame id 60 sorting queue size 0   FPS: 29.9037
I1014 14:53:02.449952  8277 demo_inner.hpp:177] decode queue size 0
I1014 14:53:02.450050  8280 work_thread.hpp:81]  [T-Work-Detect_0] Run work: WorkDetect
I1014 14:53:02.450083  8280 work_detect.cpp:102] Succeeded to add det start for frame 61
I1014 14:53:02.456604  8280 work_detect.cpp:70] Frame :61 detect result :1 face(s)
W1014 14:53:02.456646  8280 work_detect.cpp:83] Invalid bbox: [127 x 146 from (254, 247)]
I1014 14:53:02.456741  8280 work_detect.cpp:120] Succeeded to add det end for frame 61
I1014 14:53:02.456759  8280 work_thread.hpp:81]  [T-Work-Detect_0] Run work: WrokTrack
I1014 14:53:02.456786  8280 work_track.cpp:102] Succeeded to set track lock for frame 61
I1014 14:53:02.456812  8280 work_track.cpp:116] Succeeded to release track lock for frame 61
I1014 14:53:02.456826  8280 work_track.cpp:120] Track results of frame 61: 0 objects input, 0 objects tracked!
I1014 14:53:02.456845  8280 work_thread.hpp:87]  [T-Work-Detect_0] Frame :61 split
I1014 14:53:02.456888  8283 thread_intergrate.hpp:78] [T-Intergrate-intergrate] queue: frame output frame :61
I1014 14:53:02.458549  8279 demo_inner.hpp:435] thread [SORT-0]  frame id 61 sorting queue size 1   FPS: 29.8656
I1014 14:53:02.475842  8278 demo_inner.hpp:260]  gui queue size 1, state = running
I1014 14:53:02.485932  8277 demo_inner.hpp:177] decode queue size 0
I1014 14:53:02.486021  8280 work_thread.hpp:81]  [T-Work-Detect_0] Run work: WorkDetect
I1014 14:53:02.486054  8280 work_detect.cpp:102] Succeeded to add det start for frame 62
I1014 14:53:02.492525  8280 work_detect.cpp:70] Frame :62 detect result :1 face(s)
W1014 14:53:02.492570  8280 work_detect.cpp:83] Invalid bbox: [130 x 147 from (256, 244)]
I1014 14:53:02.492707  8280 work_detect.cpp:120] Succeeded to add det end for frame 62
I1014 14:53:02.492725  8280 work_thread.hpp:81]  [T-Work-Detect_0] Run work: WrokTrack
I1014 14:53:02.492753  8280 work_track.cpp:102] Succeeded to set track lock for frame 62
I1014 14:53:02.492779  8280 work_track.cpp:116] Succeeded to release track lock for frame 62
I1014 14:53:02.492792  8280 work_track.cpp:120] Track results of frame 62: 0 objects input, 0 objects tracked!
I1014 14:53:02.492811  8280 work_thread.hpp:87]  [T-Work-Detect_0] Frame :62 split
I1014 14:53:02.492856  8283 thread_intergrate.hpp:78] [T-Intergrate-intergrate] queue: frame output frame :62
I1014 14:53:02.494540  8279 demo_inner.hpp:435] thread [SORT-0]  frame id 62 sorting queue size 0   FPS: 29.985
I1014 14:53:02.516008  8277 demo_inner.hpp:177] decode queue size 0
I1014 14:53:02.516096  8280 work_thread.hpp:81]  [T-Work-Detect_0] Run work: WorkDetect
I1014 14:53:02.516129  8280 work_detect.cpp:102] Succeeded to add det start for frame 63
I1014 14:53:02.522575  8280 work_detect.cpp:70] Frame :63 detect result :1 face(s)
W1014 14:53:02.522615  8280 work_detect.cpp:83] Invalid bbox: [130 x 145 from (256, 246)]
I1014 14:53:02.522711  8280 work_detect.cpp:120] Succeeded to add det end for frame 63
I1014 14:53:02.522729  8280 work_thread.hpp:81]  [T-Work-Detect_0] Run work: WrokTrack
I1014 14:53:02.522756  8280 work_track.cpp:102] Succeeded to set track lock for frame 63
I1014 14:53:02.522783  8280 work_track.cpp:116] Succeeded to release track lock for frame 63
I1014 14:53:02.522796  8280 work_track.cpp:120] Track results of frame 63: 0 objects input, 0 objects tracked!
I1014 14:53:02.522815  8280 work_thread.hpp:87]  [T-Work-Detect_0] Frame :63 split
I1014 14:53:02.522871  8283 thread_intergrate.hpp:78] [T-Intergrate-intergrate] queue: frame output frame :63
I1014 14:53:02.524466  8279 demo_inner.hpp:435] thread [SORT-0]  frame id 63 sorting queue size 1   FPS: 29.9401
I1014 14:53:02.551879  8277 demo_inner.hpp:177] decode queue size 0
I1014 14:53:02.551985  8280 work_thread.hpp:81]  [T-Work-Detect_0] Run work: WorkDetect
I1014 14:53:02.552017  8280 work_detect.cpp:102] Succeeded to add det start for frame 64
I1014 14:53:02.558506  8280 work_detect.cpp:70] Frame :64 detect result :1 face(s)
W1014 14:53:02.558547  8280 work_detect.cpp:83] Invalid bbox: [129 x 148 from (256, 245)]
I1014 14:53:02.558642  8280 work_detect.cpp:120] Succeeded to add det end for frame 64
I1014 14:53:02.558660  8280 work_thread.hpp:81]  [T-Work-Detect_0] Run work: WrokTrack
I1014 14:53:02.558687  8280 work_track.cpp:102] Succeeded to set track lock for frame 64
I1014 14:53:02.558713  8280 work_track.cpp:116] Succeeded to release track lock for frame 64
I1014 14:53:02.558727  8280 work_track.cpp:120] Track results of frame 64: 0 objects input, 0 objects tracked!
I1014 14:53:02.558746  8280 work_thread.hpp:87]  [T-Work-Detect_0] Frame :64 split
I1014 14:53:02.558794  8283 thread_intergrate.hpp:78] [T-Intergrate-intergrate] queue: frame output frame :64
I1014 14:53:02.560446  8279 demo_inner.hpp:435] thread [SORT-0]  frame id 64 sorting queue size 2   FPS: 29.9551
I1014 14:53:02.570646  8278 demo_inner.hpp:260]  gui queue size 2, state = running
I1014 14:53:02.582350  8277 demo_inner.hpp:177] decode queue size 0
I1014 14:53:02.582468  8280 work_thread.hpp:81]  [T-Work-Detect_0] Run work: WorkDetect
I1014 14:53:02.582504  8280 work_detect.cpp:102] Succeeded to add det start for frame 65
I1014 14:53:02.589308  8280 work_detect.cpp:70] Frame :65 detect result :1 face(s)
W1014 14:53:02.589349  8280 work_detect.cpp:83] Invalid bbox: [127 x 148 from (253, 246)]
I1014 14:53:02.589491  8280 work_detect.cpp:120] Succeeded to add det end for frame 65
I1014 14:53:02.589509  8280 work_thread.hpp:81]  [T-Work-Detect_0] Run work: WrokTrack
I1014 14:53:02.589536  8280 work_track.cpp:102] Succeeded to set track lock for frame 65
I1014 14:53:02.589562  8280 work_track.cpp:116] Succeeded to release track lock for frame 65
I1014 14:53:02.589576  8280 work_track.cpp:120] Track results of frame 65: 0 objects input, 0 objects tracked!
I1014 14:53:02.589594  8280 work_thread.hpp:87]  [T-Work-Detect_0] Frame :65 split
I1014 14:53:02.589640  8283 thread_intergrate.hpp:78] [T-Intergrate-intergrate] queue: frame output frame :65
I1014 14:53:02.591293  8279 demo_inner.hpp:435] thread [SORT-0]  frame id 65 sorting queue size 0   FPS: 29.9401
I1014 14:53:02.615553  8278 demo_inner.hpp:260]  gui queue size 0, state = running
I1014 14:53:02.618111  8277 demo_inner.hpp:177] decode queue size 0
I1014 14:53:02.618218  8280 work_thread.hpp:81]  [T-Work-Detect_0] Run work: WorkDetect
I1014 14:53:02.618252  8280 work_detect.cpp:102] Succeeded to add det start for frame 66
I1014 14:53:02.624756  8280 work_detect.cpp:70] Frame :66 detect result :1 face(s)
W1014 14:53:02.624802  8280 work_detect.cpp:83] Invalid bbox: [128 x 149 from (253, 246)]
I1014 14:53:02.624902  8280 work_detect.cpp:120] Succeeded to add det end for frame 66
I1014 14:53:02.624919  8280 work_thread.hpp:81]  [T-Work-Detect_0] Run work: WrokTrack
I1014 14:53:02.624946  8280 work_track.cpp:102] Succeeded to set track lock for frame 66
I1014 14:53:02.624975  8280 work_track.cpp:116] Succeeded to release track lock for frame 66
I1014 14:53:02.624989  8280 work_track.cpp:120] Track results of frame 66: 0 objects input, 0 objects tracked!
I1014 14:53:02.625008  8280 work_thread.hpp:87]  [T-Work-Detect_0] Frame :66 split
I1014 14:53:02.625052  8283 thread_intergrate.hpp:78] [T-Intergrate-intergrate] queue: frame output frame :66
I1014 14:53:02.626735  8279 demo_inner.hpp:435] thread [SORT-0]  frame id 66 sorting queue size 0   FPS: 29.9551
I1014 14:53:02.647997  8277 demo_inner.hpp:177] decode queue size 0
I1014 14:53:02.648087  8280 work_thread.hpp:81]  [T-Work-Detect_0] Run work: WorkDetect
I1014 14:53:02.648120  8280 work_detect.cpp:102] Succeeded to add det start for frame 67
I1014 14:53:02.654574  8280 work_detect.cpp:70] Frame :67 detect result :1 face(s)
W1014 14:53:02.654623  8280 work_detect.cpp:83] Invalid bbox: [133 x 142 from (254, 248)]
I1014 14:53:02.654721  8280 work_detect.cpp:120] Succeeded to add det end for frame 67
I1014 14:53:02.654738  8280 work_thread.hpp:81]  [T-Work-Detect_0] Run work: WrokTrack
I1014 14:53:02.654764  8280 work_track.cpp:102] Succeeded to set track lock for frame 67
I1014 14:53:02.654791  8280 work_track.cpp:116] Succeeded to release track lock for frame 67
I1014 14:53:02.654805  8280 work_track.cpp:120] Track results of frame 67: 0 objects input, 0 objects tracked!
I1014 14:53:02.654824  8280 work_thread.hpp:87]  [T-Work-Detect_0] Frame :67 split
I1014 14:53:02.654872  8283 thread_intergrate.hpp:78] [T-Intergrate-intergrate] queue: frame output frame :67
I1014 14:53:02.656513  8279 demo_inner.hpp:435] thread [SORT-0]  frame id 67 sorting queue size 1   FPS: 29.97
I1014 14:53:02.683868  8277 demo_inner.hpp:177] decode queue size 0
I1014 14:53:02.683970  8280 work_thread.hpp:81]  [T-Work-Detect_0] Run work: WorkDetect
I1014 14:53:02.684002  8280 work_detect.cpp:102] Succeeded to add det start for frame 68
I1014 14:53:02.690577  8280 work_detect.cpp:70] Frame :68 detect result :1 face(s)
W1014 14:53:02.690623  8280 work_detect.cpp:83] Invalid bbox: [131 x 141 from (256, 248)]
I1014 14:53:02.690723  8280 work_detect.cpp:120] Succeeded to add det end for frame 68
I1014 14:53:02.690740  8280 work_thread.hpp:81]  [T-Work-Detect_0] Run work: WrokTrack
I1014 14:53:02.690768  8280 work_track.cpp:102] Succeeded to set track lock for frame 68
I1014 14:53:02.690793  8280 work_track.cpp:116] Succeeded to release track lock for frame 68
I1014 14:53:02.690807  8280 work_track.cpp:120] Track results of frame 68: 0 objects input, 0 objects tracked!
I1014 14:53:02.690871  8280 work_thread.hpp:87]  [T-Work-Detect_0] Frame :68 split
I1014 14:53:02.690917  8283 thread_intergrate.hpp:78] [T-Intergrate-intergrate] queue: frame output frame :68
I1014 14:53:02.692559  8279 demo_inner.hpp:435] thread [SORT-0]  frame id 68 sorting queue size 2   FPS: 29.9551
I1014 14:53:02.699021  8278 demo_inner.hpp:260]  gui queue size 2, state = running
I1014 14:53:02.719831  8277 demo_inner.hpp:177] decode queue size 0
I1014 14:53:02.719925  8280 work_thread.hpp:81]  [T-Work-Detect_0] Run work: WorkDetect
I1014 14:53:02.719959  8280 work_detect.cpp:102] Succeeded to add det start for frame 69
I1014 14:53:02.726423  8280 work_detect.cpp:70] Frame :69 detect result :1 face(s)
W1014 14:53:02.726466  8280 work_detect.cpp:83] Invalid bbox: [128 x 146 from (254, 248)]
I1014 14:53:02.726572  8280 work_detect.cpp:120] Succeeded to add det end for frame 69
I1014 14:53:02.726589  8280 work_thread.hpp:81]  [T-Work-Detect_0] Run work: WrokTrack
I1014 14:53:02.726619  8280 work_track.cpp:102] Succeeded to set track lock for frame 69
I1014 14:53:02.726646  8280 work_track.cpp:116] Succeeded to release track lock for frame 69
I1014 14:53:02.726660  8280 work_track.cpp:120] Track results of frame 69: 0 objects input, 0 objects tracked!
I1014 14:53:02.726678  8280 work_thread.hpp:87]  [T-Work-Detect_0] Frame :69 split
I1014 14:53:02.726722  8283 thread_intergrate.hpp:78] [T-Intergrate-intergrate] queue: frame output frame :69
I1014 14:53:02.728375  8279 demo_inner.hpp:435] thread [SORT-0]  frame id 69 sorting queue size 0   FPS: 29.97
I1014 14:53:02.750032  8277 demo_inner.hpp:177] decode queue size 0
I1014 14:53:02.750133  8280 work_thread.hpp:81]  [T-Work-Detect_0] Run work: WorkDetect
I1014 14:53:02.750164  8280 work_detect.cpp:102] Succeeded to add det start for frame 70
I1014 14:53:02.756718  8280 work_detect.cpp:70] Frame :70 detect result :1 face(s)
W1014 14:53:02.756757  8280 work_detect.cpp:83] Invalid bbox: [136 x 144 from (255, 246)]
I1014 14:53:02.756850  8280 work_detect.cpp:120] Succeeded to add det end for frame 70
I1014 14:53:02.756868  8280 work_thread.hpp:81]  [T-Work-Detect_0] Run work: WrokTrack
I1014 14:53:02.756896  8280 work_track.cpp:102] Succeeded to set track lock for frame 70
I1014 14:53:02.756922  8280 work_track.cpp:116] Succeeded to release track lock for frame 70
I1014 14:53:02.756937  8280 work_track.cpp:120] Track results of frame 70: 0 objects input, 0 objects tracked!
I1014 14:53:02.756955  8280 work_thread.hpp:87]  [T-Work-Detect_0] Frame :70 split
I1014 14:53:02.757004  8283 thread_intergrate.hpp:78] [T-Intergrate-intergrate] queue: frame output frame :70
I1014 14:53:02.758575  8279 demo_inner.hpp:435] thread [SORT-0]  frame id 70 sorting queue size 1   FPS: 29.9551
I1014 14:53:02.785861  8277 demo_inner.hpp:177] decode queue size 0
I1014 14:53:02.785960  8280 work_thread.hpp:81]  [T-Work-Detect_0] Run work: WorkDetect
I1014 14:53:02.785997  8280 work_detect.cpp:102] Succeeded to add det start for frame 71
I1014 14:53:02.792580  8280 work_detect.cpp:70] Frame :71 detect result :1 face(s)
W1014 14:53:02.792624  8280 work_detect.cpp:83] Invalid bbox: [133 x 137 from (262, 251)]
I1014 14:53:02.792721  8280 work_detect.cpp:120] Succeeded to add det end for frame 71
I1014 14:53:02.792738  8280 work_thread.hpp:81]  [T-Work-Detect_0] Run work: WrokTrack
I1014 14:53:02.792765  8280 work_track.cpp:102] Succeeded to set track lock for frame 71
I1014 14:53:02.792793  8280 work_track.cpp:116] Succeeded to release track lock for frame 71
I1014 14:53:02.792806  8280 work_track.cpp:120] Track results of frame 71: 0 objects input, 0 objects tracked!
I1014 14:53:02.792824  8280 work_thread.hpp:87]  [T-Work-Detect_0] Frame :71 split
I1014 14:53:02.792868  8283 thread_intergrate.hpp:78] [T-Intergrate-intergrate] queue: frame output frame :71
I1014 14:53:02.794508  8279 demo_inner.hpp:435] thread [SORT-0]  frame id 71 sorting queue size 2   FPS: 29.97
I1014 14:53:02.799358  8278 demo_inner.hpp:260]  gui queue size 2, state = running
I1014 14:53:02.815975  8277 demo_inner.hpp:177] decode queue size 0
I1014 14:53:02.816076  8280 work_thread.hpp:81]  [T-Work-Detect_0] Run work: WorkDetect
I1014 14:53:02.816109  8280 work_detect.cpp:102] Succeeded to add det start for frame 72
I1014 14:53:02.822683  8280 work_detect.cpp:70] Frame :72 detect result :1 face(s)
W1014 14:53:02.822727  8280 work_detect.cpp:83] Invalid bbox: [136 x 148 from (264, 245)]
I1014 14:53:02.822849  8280 work_detect.cpp:120] Succeeded to add det end for frame 72
I1014 14:53:02.822867  8280 work_thread.hpp:81]  [T-Work-Detect_0] Run work: WrokTrack
I1014 14:53:02.822894  8280 work_track.cpp:102] Succeeded to set track lock for frame 72
I1014 14:53:02.822921  8280 work_track.cpp:116] Succeeded to release track lock for frame 72
I1014 14:53:02.822935  8280 work_track.cpp:120] Track results of frame 72: 0 objects input, 0 objects tracked!
I1014 14:53:02.822954  8280 work_thread.hpp:87]  [T-Work-Detect_0] Frame :72 split
I1014 14:53:02.823000  8283 thread_intergrate.hpp:78] [T-Intergrate-intergrate] queue: frame output frame :72
I1014 14:53:02.824559  8279 demo_inner.hpp:435] thread [SORT-0]  frame id 72 sorting queue size 0   FPS: 29.97
I1014 14:53:02.851913  8277 demo_inner.hpp:177] decode queue size 0
I1014 14:53:02.852017  8280 work_thread.hpp:81]  [T-Work-Detect_0] Run work: WorkDetect
I1014 14:53:02.852054  8280 work_detect.cpp:102] Succeeded to add det start for frame 73
I1014 14:53:02.858542  8280 work_detect.cpp:70] Frame :73 detect result :1 face(s)
W1014 14:53:02.858583  8280 work_detect.cpp:83] Invalid bbox: [137 x 142 from (266, 249)]
I1014 14:53:02.858681  8280 work_detect.cpp:120] Succeeded to add det end for frame 73
I1014 14:53:02.858698  8280 work_thread.hpp:81]  [T-Work-Detect_0] Run work: WrokTrack
I1014 14:53:02.858726  8280 work_track.cpp:102] Succeeded to set track lock for frame 73
I1014 14:53:02.858752  8280 work_track.cpp:116] Succeeded to release track lock for frame 73
I1014 14:53:02.858767  8280 work_track.cpp:120] Track results of frame 73: 0 objects input, 0 objects tracked!
I1014 14:53:02.858784  8280 work_thread.hpp:87]  [T-Work-Detect_0] Frame :73 split
I1014 14:53:02.858826  8283 thread_intergrate.hpp:78] [T-Intergrate-intergrate] queue: frame output frame :73
I1014 14:53:02.860491  8279 demo_inner.hpp:435] thread [SORT-0]  frame id 73 sorting queue size 1   FPS: 29.9551
I1014 14:53:02.866508  8278 demo_inner.hpp:260]  gui queue size 1, state = running
I1014 14:53:02.882040  8277 demo_inner.hpp:177] decode queue size 0
I1014 14:53:02.882148  8280 work_thread.hpp:81]  [T-Work-Detect_0] Run work: WorkDetect
I1014 14:53:02.882189  8280 work_detect.cpp:102] Succeeded to add det start for frame 74
I1014 14:53:02.889461  8280 work_detect.cpp:70] Frame :74 detect result :1 face(s)
W1014 14:53:02.889519  8280 work_detect.cpp:83] Invalid bbox: [136 x 143 from (271, 248)]
I1014 14:53:02.889665  8280 work_detect.cpp:120] Succeeded to add det end for frame 74
I1014 14:53:02.889684  8280 work_thread.hpp:81]  [T-Work-Detect_0] Run work: WrokTrack
I1014 14:53:02.889712  8280 work_track.cpp:102] Succeeded to set track lock for frame 74
I1014 14:53:02.889747  8280 work_track.cpp:116] Succeeded to release track lock for frame 74
I1014 14:53:02.889762  8280 work_track.cpp:120] Track results of frame 74: 0 objects input, 0 objects tracked!
I1014 14:53:02.889781  8280 work_thread.hpp:87]  [T-Work-Detect_0] Frame :74 split
I1014 14:53:02.889825  8283 thread_intergrate.hpp:78] [T-Intergrate-intergrate] queue: frame output frame :74
I1014 14:53:02.891356  8279 demo_inner.hpp:435] thread [SORT-0]  frame id 74 sorting queue size 0   FPS: 29.9401
I1014 14:53:02.917999  8277 demo_inner.hpp:177] decode queue size 0
I1014 14:53:02.918113  8280 work_thread.hpp:81]  [T-Work-Detect_0] Run work: WorkDetect
I1014 14:53:02.918160  8280 work_detect.cpp:102] Succeeded to add det start for frame 75
I1014 14:53:02.925407  8280 work_detect.cpp:70] Frame :75 detect result :1 face(s)
W1014 14:53:02.925448  8280 work_detect.cpp:83] Invalid bbox: [135 x 141 from (274, 251)]
I1014 14:53:02.925608  8280 work_detect.cpp:120] Succeeded to add det end for frame 75
I1014 14:53:02.925626  8280 work_thread.hpp:81]  [T-Work-Detect_0] Run work: WrokTrack
I1014 14:53:02.925662  8280 work_track.cpp:102] Succeeded to set track lock for frame 75
I1014 14:53:02.925689  8280 work_track.cpp:116] Succeeded to release track lock for frame 75
I1014 14:53:02.925704  8280 work_track.cpp:120] Track results of frame 75: 0 objects input, 0 objects tracked!
I1014 14:53:02.925722  8280 work_thread.hpp:87]  [T-Work-Detect_0] Frame :75 split
I1014 14:53:02.925766  8283 thread_intergrate.hpp:78] [T-Intergrate-intergrate] queue: frame output frame :75
I1014 14:53:02.927278  8279 demo_inner.hpp:435] thread [SORT-0]  frame id 75 sorting queue size 1   FPS: 29.9401
I1014 14:53:02.953831  8277 demo_inner.hpp:177] decode queue size 0
I1014 14:53:02.953974  8280 work_thread.hpp:81]  [T-Work-Detect_0] Run work: WorkDetect
I1014 14:53:02.954011  8280 work_detect.cpp:102] Succeeded to add det start for frame 76
I1014 14:53:02.960989  8278 demo_inner.hpp:260]  gui queue size 1, state = running
I1014 14:53:02.961513  8280 work_detect.cpp:70] Frame :76 detect result :1 face(s)
W1014 14:53:02.961551  8280 work_detect.cpp:83] Invalid bbox: [137 x 146 from (274, 247)]
I1014 14:53:02.961661  8280 work_detect.cpp:120] Succeeded to add det end for frame 76
