I1014 10:56:40.439944  4495 work_recog.hpp:96] Recog pair: [272 x 296 from (240, 64)], [193 x 241 from (38, 51)]
I1014 10:56:40.440665  4496 thread_intergrate.hpp:157] T-Intergrate-intergrate Show face :2, size :640 * 360
I1014 10:56:40.441181  4492 demo_inner.hpp:435] thread [SORT-0]  frame id 26 sorting queue size 0   FPS: 20.0642
I1014 10:56:40.441257  4491 demo_inner.hpp:260]  gui queue size 0, state = running
I1014 10:56:40.457955  4495 work_thread.hpp:81]  [T-Work-Recog_1] Run work: WorkCompare
I1014 10:56:40.458070  4495 work_compare.cpp:76] Compare face: 2 successed, similarity :0.987687, name : images/thanglmb.jpg, normal size : 640 * 360!
I1014 10:56:40.485834  4490 demo_inner.hpp:177] decode queue size 0
I1014 10:56:40.485944  4493 work_thread.hpp:81]  [T-Work-Detect_0] Run work: WorkDetect
I1014 10:56:40.485982  4493 work_detect.cpp:102] Succeeded to add det start for frame 27
I1014 10:56:40.492992  4493 work_detect.cpp:70] Frame :27 detect result :1 face(s)
I1014 10:56:40.493043  4493 work_detect.cpp:86] Detected bbox: [192 x 237 from (279, 94)]
I1014 10:56:40.493086  4493 work_detect.cpp:120] Succeeded to add det end for frame 27
I1014 10:56:40.493103  4493 work_thread.hpp:81]  [T-Work-Detect_0] Run work: WrokTrack
I1014 10:56:40.493129  4493 work_track.cpp:82] Frame: 27 build input_characts: [0.3 x 0.658333 from (0.435937, 0.261111)], 1.00035, 0
I1014 10:56:40.493183  4493 work_track.cpp:102] Succeeded to set track lock for frame 27
I1014 10:56:40.493223  4493 work_track.cpp:116] Succeeded to release track lock for frame 27
I1014 10:56:40.493238  4493 work_track.cpp:120] Track results of frame 27: 1 objects input, 1 objects tracked!
I1014 10:56:40.493257  4493 work_track.cpp:148] Frame: 27, track bbox: [192 x 237 from (278.288, 105.219)], gid: 2, lid: 0
I1014 10:56:40.493293  4493 work_thread.hpp:88]  [T-Work-Detect_0] Frame :27 split
I1014 10:56:40.493310  4493 work_thread.hpp:120]  [T-Work-Detect_0] Valid piece: gid = 2
I1014 10:56:40.493328  4493 work_thread.hpp:92]  [T-Work-Detect_0] Push to split queue:recog
I1014 10:56:40.493636  4495 work_thread.hpp:81]  [T-Work-Recog_1] Run work: WorkCapture
I1014 10:56:40.494182  4495 work_thread.hpp:81]  [T-Work-Recog_1] Run work: WorkRecog
I1014 10:56:40.494206  4495 work_recog.hpp:89] Face id: 2 will run recog: bbox [192 x 237 from (279, 94)] quality: 0.431977
I1014 10:56:40.494235  4495 work_recog.hpp:96] Recog pair: [272 x 320 from (240, 40)], [192 x 237 from (39, 54)]
I1014 10:56:40.495221  4496 thread_intergrate.hpp:78] [T-Intergrate-intergrate] queue: frame output frame :27
I1014 10:56:40.495250  4496 thread_intergrate.hpp:85] [T-Intergrate-intergrate] queue: compare output face:2
I1014 10:56:40.495270  4496 thread_intergrate.hpp:137] T-Intergrate-intergrate set matched face: 2
I1014 10:56:40.496500  4496 thread_intergrate.hpp:157] T-Intergrate-intergrate Show face :2, size :640 * 360
I1014 10:56:40.497061  4492 demo_inner.hpp:435] thread [SORT-0]  frame id 27 sorting queue size 0   FPS: 19.9693
I1014 10:56:40.497135  4491 demo_inner.hpp:260]  gui queue size 0, state = running
I1014 10:56:40.512109  4495 work_thread.hpp:81]  [T-Work-Recog_1] Run work: WorkCompare
I1014 10:56:40.512238  4495 work_compare.cpp:76] Compare face: 2 successed, similarity :0.987987, name : images/thanglmb.jpg, normal size : 640 * 360!
I1014 10:56:40.533922  4490 demo_inner.hpp:177] decode queue size 0
I1014 10:56:40.534035  4493 work_thread.hpp:81]  [T-Work-Detect_0] Run work: WorkDetect
I1014 10:56:40.534072  4493 work_detect.cpp:102] Succeeded to add det start for frame 28
I1014 10:56:40.541064  4493 work_detect.cpp:70] Frame :28 detect result :1 face(s)
I1014 10:56:40.541107  4493 work_detect.cpp:86] Detected bbox: [172 x 225 from (282, 120)]
I1014 10:56:40.541152  4493 work_detect.cpp:120] Succeeded to add det end for frame 28
I1014 10:56:40.541168  4493 work_thread.hpp:81]  [T-Work-Detect_0] Run work: WrokTrack
I1014 10:56:40.541193  4493 work_track.cpp:82] Frame: 28 build input_characts: [0.26875 x 0.625 from (0.440625, 0.333333)], 1.00035, 0
I1014 10:56:40.541249  4493 work_track.cpp:102] Succeeded to set track lock for frame 28
I1014 10:56:40.541288  4493 work_track.cpp:116] Succeeded to release track lock for frame 28
I1014 10:56:40.541303  4493 work_track.cpp:120] Track results of frame 28: 1 objects input, 1 objects tracked!
I1014 10:56:40.541321  4493 work_track.cpp:148] Frame: 28, track bbox: [172 x 225 from (281.263, 113.029)], gid: 2, lid: 0
I1014 10:56:40.541357  4493 work_thread.hpp:88]  [T-Work-Detect_0] Frame :28 split
I1014 10:56:40.541375  4493 work_thread.hpp:120]  [T-Work-Detect_0] Valid piece: gid = 2
I1014 10:56:40.541393  4493 work_thread.hpp:92]  [T-Work-Detect_0] Push to split queue:recog
I1014 10:56:40.541443  4496 thread_intergrate.hpp:78] [T-Intergrate-intergrate] queue: frame output frame :28
I1014 10:56:40.541443  4494 work_thread.hpp:81]  [T-Work-Recog_0] Run work: WorkCapture
I1014 10:56:40.541478  4496 thread_intergrate.hpp:85] [T-Intergrate-intergrate] queue: compare output face:2
I1014 10:56:40.541498  4496 thread_intergrate.hpp:137] T-Intergrate-intergrate set matched face: 2
I1014 10:56:40.542027  4494 work_thread.hpp:81]  [T-Work-Recog_0] Run work: WorkRecog
I1014 10:56:40.542052  4494 work_recog.hpp:89] Face id: 2 will run recog: bbox [172 x 225 from (282, 120)] quality: 0.438331
I1014 10:56:40.542081  4494 work_recog.hpp:96] Recog pair: [240 x 288 from (248, 72)], [172 x 225 from (34, 48)]
I1014 10:56:40.542676  4496 thread_intergrate.hpp:157] T-Intergrate-intergrate Show face :2, size :640 * 360
I1014 10:56:40.543200  4492 demo_inner.hpp:435] thread [SORT-0]  frame id 28 sorting queue size 0   FPS: 20.0297
I1014 10:56:40.543294  4491 demo_inner.hpp:260]  gui queue size 0, state = running
I1014 10:56:40.560045  4494 work_thread.hpp:81]  [T-Work-Recog_0] Run work: WorkCompare
I1014 10:56:40.560178  4494 work_compare.cpp:76] Compare face: 2 successed, similarity :0.982807, name : images/thanglmb.jpg, normal size : 640 * 360!
I1014 10:56:40.582087  4490 demo_inner.hpp:177] decode queue size 0
I1014 10:56:40.582188  4493 work_thread.hpp:81]  [T-Work-Detect_0] Run work: WorkDetect
I1014 10:56:40.582226  4493 work_detect.cpp:102] Succeeded to add det start for frame 29
I1014 10:56:40.589099  4493 work_detect.cpp:70] Frame :29 detect result :1 face(s)
I1014 10:56:40.589148  4493 work_detect.cpp:86] Detected bbox: [180 x 231 from (278, 90)]
I1014 10:56:40.589192  4493 work_detect.cpp:120] Succeeded to add det end for frame 29
I1014 10:56:40.589210  4493 work_thread.hpp:81]  [T-Work-Detect_0] Run work: WrokTrack
I1014 10:56:40.589234  4493 work_track.cpp:82] Frame: 29 build input_characts: [0.28125 x 0.641667 from (0.434375, 0.25)], 1.00019, 0
I1014 10:56:40.589291  4493 work_track.cpp:102] Succeeded to set track lock for frame 29
I1014 10:56:40.589330  4493 work_track.cpp:116] Succeeded to release track lock for frame 29
I1014 10:56:40.589345  4493 work_track.cpp:120] Track results of frame 29: 1 objects input, 1 objects tracked!
I1014 10:56:40.589363  4493 work_track.cpp:148] Frame: 29, track bbox: [180 x 231 from (274.17, 96.6675)], gid: 2, lid: 0
I1014 10:56:40.589399  4493 work_thread.hpp:88]  [T-Work-Detect_0] Frame :29 split
I1014 10:56:40.589416  4493 work_thread.hpp:120]  [T-Work-Detect_0] Valid piece: gid = 2
I1014 10:56:40.589434  4493 work_thread.hpp:92]  [T-Work-Detect_0] Push to split queue:recog
I1014 10:56:40.589488  4494 work_thread.hpp:81]  [T-Work-Recog_0] Run work: WorkCapture
I1014 10:56:40.589490  4496 thread_intergrate.hpp:78] [T-Intergrate-intergrate] queue: frame output frame :29
I1014 10:56:40.589521  4496 thread_intergrate.hpp:85] [T-Intergrate-intergrate] queue: compare output face:2
I1014 10:56:40.589617  4496 thread_intergrate.hpp:137] T-Intergrate-intergrate set matched face: 2
I1014 10:56:40.590056  4494 work_thread.hpp:81]  [T-Work-Recog_0] Run work: WorkRecog
I1014 10:56:40.590080  4494 work_recog.hpp:89] Face id: 2 will run recog: bbox [180 x 231 from (278, 90)] quality: 0.385422
I1014 10:56:40.590109  4494 work_recog.hpp:96] Recog pair: [256 x 320 from (240, 40)], [180 x 231 from (38, 50)]
I1014 10:56:40.590800  4496 thread_intergrate.hpp:157] T-Intergrate-intergrate Show face :2, size :640 * 360
I1014 10:56:40.591333  4492 demo_inner.hpp:435] thread [SORT-0]  frame id 29 sorting queue size 0   FPS: 20.0429
I1014 10:56:40.591413  4491 demo_inner.hpp:260]  gui queue size 0, state = running
I1014 10:56:40.607985  4494 work_thread.hpp:81]  [T-Work-Recog_0] Run work: WorkCompare
I1014 10:56:40.608096  4494 work_compare.cpp:76] Compare face: 2 successed, similarity :0.99114, name : images/thanglmb.jpg, normal size : 640 * 360!
I1014 10:56:40.635754  4490 demo_inner.hpp:177] decode queue size 0
I1014 10:56:40.635862  4493 work_thread.hpp:81]  [T-Work-Detect_0] Run work: WorkDetect
I1014 10:56:40.635898  4493 work_detect.cpp:102] Succeeded to add det start for frame 30
I1014 10:56:40.642797  4493 work_detect.cpp:70] Frame :30 detect result :1 face(s)
I1014 10:56:40.642838  4493 work_detect.cpp:86] Detected bbox: [174 x 218 from (280, 104)]
I1014 10:56:40.642882  4493 work_detect.cpp:120] Succeeded to add det end for frame 30
I1014 10:56:40.642899  4493 work_thread.hpp:81]  [T-Work-Detect_0] Run work: WrokTrack
I1014 10:56:40.642925  4493 work_track.cpp:82] Frame: 30 build input_characts: [0.271875 x 0.605556 from (0.4375, 0.288889)], 1.00035, 0
I1014 10:56:40.642980  4493 work_track.cpp:102] Succeeded to set track lock for frame 30
I1014 10:56:40.643019  4493 work_track.cpp:116] Succeeded to release track lock for frame 30
I1014 10:56:40.643034  4493 work_track.cpp:120] Track results of frame 30: 1 objects input, 1 objects tracked!
I1014 10:56:40.643054  4493 work_track.cpp:148] Frame: 30, track bbox: [174 x 218 from (276.928, 99.818)], gid: 2, lid: 0
I1014 10:56:40.643090  4493 work_thread.hpp:88]  [T-Work-Detect_0] Frame :30 split
I1014 10:56:40.643106  4493 work_thread.hpp:120]  [T-Work-Detect_0] Valid piece: gid = 2
I1014 10:56:40.643124  4493 work_thread.hpp:92]  [T-Work-Detect_0] Push to split queue:recog
I1014 10:56:40.643167  4495 work_thread.hpp:81]  [T-Work-Recog_1] Run work: WorkCapture
I1014 10:56:40.643465  4496 thread_intergrate.hpp:78] [T-Intergrate-intergrate] queue: frame output frame :30
I1014 10:56:40.643491  4496 thread_intergrate.hpp:85] [T-Intergrate-intergrate] queue: compare output face:2
I1014 10:56:40.643508  4496 thread_intergrate.hpp:137] T-Intergrate-intergrate set matched face: 2
I1014 10:56:40.644718  4496 thread_intergrate.hpp:157] T-Intergrate-intergrate Show face :2, size :640 * 360
I1014 10:56:40.645108  4495 work_thread.hpp:81]  [T-Work-Recog_1] Run work: WorkRecog
I1014 10:56:40.645134  4495 work_recog.hpp:89] Face id: 2 will run recog: bbox [174 x 218 from (280, 104)] quality: 0.333247
I1014 10:56:40.645165  4495 work_recog.hpp:96] Recog pair: [248 x 304 from (240, 56)], [174 x 218 from (40, 48)]
I1014 10:56:40.645258  4492 demo_inner.hpp:435] thread [SORT-0]  frame id 30 sorting queue size 0   FPS: 20
I1014 10:56:40.645321  4491 demo_inner.hpp:260]  gui queue size 0, state = running
I1014 10:56:40.663276  4495 work_thread.hpp:81]  [T-Work-Recog_1] Run work: WorkCompare
I1014 10:56:40.663393  4495 work_compare.cpp:76] Compare face: 2 successed, similarity :0.985413, name : images/thanglmb.jpg, normal size : 640 * 360!
I1014 10:56:40.683766  4490 demo_inner.hpp:177] decode queue size 0
I1014 10:56:40.683866  4493 work_thread.hpp:81]  [T-Work-Detect_0] Run work: WorkDetect
I1014 10:56:40.683903  4493 work_detect.cpp:102] Succeeded to add det start for frame 31
I1014 10:56:40.690804  4493 work_detect.cpp:70] Frame :31 detect result :1 face(s)
I1014 10:56:40.690846  4493 work_detect.cpp:86] Detected bbox: [171 x 220 from (277, 100)]
I1014 10:56:40.690960  4493 work_detect.cpp:120] Succeeded to add det end for frame 31
I1014 10:56:40.690979  4493 work_thread.hpp:81]  [T-Work-Detect_0] Run work: WrokTrack
I1014 10:56:40.691004  4493 work_track.cpp:82] Frame: 31 build input_characts: [0.267188 x 0.611111 from (0.432813, 0.277778)], 1.00035, 0
I1014 10:56:40.691061  4493 work_track.cpp:102] Succeeded to set track lock for frame 31
I1014 10:56:40.691099  4493 work_track.cpp:116] Succeeded to release track lock for frame 31
I1014 10:56:40.691114  4493 work_track.cpp:120] Track results of frame 31: 1 objects input, 1 objects tracked!
I1014 10:56:40.691133  4493 work_track.cpp:148] Frame: 31, track bbox: [171 x 220 from (277.664, 97.2384)], gid: 2, lid: 0
I1014 10:56:40.691169  4493 work_thread.hpp:88]  [T-Work-Detect_0] Frame :31 split
I1014 10:56:40.691186  4493 work_thread.hpp:120]  [T-Work-Detect_0] Valid piece: gid = 2
I1014 10:56:40.691205  4493 work_thread.hpp:92]  [T-Work-Detect_0] Push to split queue:recog
I1014 10:56:40.691256  4495 work_thread.hpp:81]  [T-Work-Recog_1] Run work: WorkCapture
I1014 10:56:40.691565  4496 thread_intergrate.hpp:78] [T-Intergrate-intergrate] queue: frame output frame :31
I1014 10:56:40.691593  4496 thread_intergrate.hpp:85] [T-Intergrate-intergrate] queue: compare output face:2
I1014 10:56:40.691612  4496 thread_intergrate.hpp:137] T-Intergrate-intergrate set matched face: 2
I1014 10:56:40.691810  4495 work_thread.hpp:81]  [T-Work-Recog_1] Run work: WorkRecog
I1014 10:56:40.691834  4495 work_recog.hpp:89] Face id: 2 will run recog: bbox [171 x 220 from (277, 100)] quality: 0.333243
I1014 10:56:40.691861  4495 work_recog.hpp:96] Recog pair: [248 x 304 from (240, 56)], [171 x 220 from (37, 44)]
I1014 10:56:40.692826  4496 thread_intergrate.hpp:157] T-Intergrate-intergrate Show face :2, size :640 * 360
I1014 10:56:40.693323  4492 demo_inner.hpp:435] thread [SORT-0]  frame id 31 sorting queue size 0   FPS: 20.0133
I1014 10:56:40.693401  4491 demo_inner.hpp:260]  gui queue size 0, state = running
I1014 10:56:40.709728  4495 work_thread.hpp:81]  [T-Work-Recog_1] Run work: WorkCompare
I1014 10:56:40.709838  4495 work_compare.cpp:76] Compare face: 2 successed, similarity :0.991262, name : images/thanglmb.jpg, normal size : 640 * 360!
I1014 10:56:40.731853  4490 demo_inner.hpp:177] decode queue size 0
I1014 10:56:40.731953  4493 work_thread.hpp:81]  [T-Work-Detect_0] Run work: WorkDetect
I1014 10:56:40.731990  4493 work_detect.cpp:102] Succeeded to add det start for frame 32
I1014 10:56:40.738768  4493 work_detect.cpp:70] Frame :32 detect result :1 face(s)
I1014 10:56:40.738811  4493 work_detect.cpp:86] Detected bbox: [172 x 215 from (274, 102)]
I1014 10:56:40.738852  4493 work_detect.cpp:120] Succeeded to add det end for frame 32
I1014 10:56:40.738869  4493 work_thread.hpp:81]  [T-Work-Detect_0] Run work: WrokTrack
I1014 10:56:40.738894  4493 work_track.cpp:82] Frame: 32 build input_characts: [0.26875 x 0.597222 from (0.428125, 0.283333)], 1.00019, 0
I1014 10:56:40.738950  4493 work_track.cpp:102] Succeeded to set track lock for frame 32
I1014 10:56:40.738988  4493 work_track.cpp:116] Succeeded to release track lock for frame 32
I1014 10:56:40.739003  4493 work_track.cpp:120] Track results of frame 32: 1 objects input, 1 objects tracked!
I1014 10:56:40.739022  4493 work_track.cpp:148] Frame: 32, track bbox: [172 x 215 from (274.137, 100.973)], gid: 2, lid: 0
I1014 10:56:40.739056  4493 work_thread.hpp:88]  [T-Work-Detect_0] Frame :32 split
I1014 10:56:40.739074  4493 work_thread.hpp:120]  [T-Work-Detect_0] Valid piece: gid = 2
I1014 10:56:40.739092  4493 work_thread.hpp:92]  [T-Work-Detect_0] Push to split queue:recog
I1014 10:56:40.739148  4495 work_thread.hpp:81]  [T-Work-Recog_1] Run work: WorkCapture
I1014 10:56:40.739456  4496 thread_intergrate.hpp:78] [T-Intergrate-intergrate] queue: frame output frame :32
I1014 10:56:40.739485  4496 thread_intergrate.hpp:85] [T-Intergrate-intergrate] queue: compare output face:2
I1014 10:56:40.739503  4496 thread_intergrate.hpp:137] T-Intergrate-intergrate set matched face: 2
I1014 10:56:40.739701  4495 work_thread.hpp:81]  [T-Work-Recog_1] Run work: WorkRecog
I1014 10:56:40.739724  4495 work_recog.hpp:89] Face id: 2 will run recog: bbox [172 x 215 from (274, 102)] quality: 0.347548
I1014 10:56:40.739753  4495 work_recog.hpp:96] Recog pair: [240 x 304 from (240, 56)], [172 x 215 from (34, 46)]
I1014 10:56:40.740805  4496 thread_intergrate.hpp:157] T-Intergrate-intergrate Show face :2, size :640 * 360
I1014 10:56:40.741430  4492 demo_inner.hpp:435] thread [SORT-0]  frame id 32 sorting queue size 0   FPS: 20.0388
I1014 10:56:40.741545  4491 demo_inner.hpp:260]  gui queue size 0, state = running
I1014 10:56:40.757764  4495 work_thread.hpp:81]  [T-Work-Recog_1] Run work: WorkCompare
I1014 10:56:40.757875  4495 work_compare.cpp:76] Compare face: 2 successed, similarity :0.983989, name : images/thanglmb.jpg, normal size : 640 * 360!
I1014 10:56:40.785770  4490 demo_inner.hpp:177] decode queue size 0
I1014 10:56:40.785881  4493 work_thread.hpp:81]  [T-Work-Detect_0] Run work: WorkDetect
I1014 10:56:40.785918  4493 work_detect.cpp:102] Succeeded to add det start for frame 33
I1014 10:56:40.792829  4493 work_detect.cpp:70] Frame :33 detect result :1 face(s)
I1014 10:56:40.792872  4493 work_detect.cpp:86] Detected bbox: [189 x 238 from (254, 89)]
I1014 10:56:40.792915  4493 work_detect.cpp:120] Succeeded to add det end for frame 33
I1014 10:56:40.792932  4493 work_thread.hpp:81]  [T-Work-Detect_0] Run work: WrokTrack
I1014 10:56:40.792956  4493 work_track.cpp:82] Frame: 33 build input_characts: [0.295312 x 0.661111 from (0.396875, 0.247222)], 1.00035, 0
I1014 10:56:40.793012  4493 work_track.cpp:102] Succeeded to set track lock for frame 33
I1014 10:56:40.793051  4493 work_track.cpp:116] Succeeded to release track lock for frame 33
I1014 10:56:40.793066  4493 work_track.cpp:120] Track results of frame 33: 1 objects input, 1 objects tracked!
I1014 10:56:40.793084  4493 work_track.cpp:148] Frame: 33, track bbox: [189 x 238 from (258.835, 85.9807)], gid: 2, lid: 0
I1014 10:56:40.793120  4493 work_thread.hpp:88]  [T-Work-Detect_0] Frame :33 split
I1014 10:56:40.793138  4493 work_thread.hpp:120]  [T-Work-Detect_0] Valid piece: gid = 2
I1014 10:56:40.793156  4493 work_thread.hpp:92]  [T-Work-Detect_0] Push to split queue:recog
I1014 10:56:40.793203  4495 work_thread.hpp:81]  [T-Work-Recog_1] Run work: WorkCapture
I1014 10:56:40.793500  4496 thread_intergrate.hpp:78] [T-Intergrate-intergrate] queue: frame output frame :33
I1014 10:56:40.793530  4496 thread_intergrate.hpp:85] [T-Intergrate-intergrate] queue: compare output face:2
I1014 10:56:40.793550  4496 thread_intergrate.hpp:137] T-Intergrate-intergrate set matched face: 2
I1014 10:56:40.793752  4495 work_thread.hpp:81]  [T-Work-Recog_1] Run work: WorkRecog
I1014 10:56:40.793776  4495 work_recog.hpp:89] Face id: 2 will run recog: bbox [189 x 238 from (254, 89)] quality: 0.477202
I1014 10:56:40.793805  4495 work_recog.hpp:96] Recog pair: [264 x 320 from (216, 40)], [189 x 238 from (38, 49)]
I1014 10:56:40.794730  4496 thread_intergrate.hpp:157] T-Intergrate-intergrate Show face :2, size :640 * 360
I1014 10:56:40.795308  4492 demo_inner.hpp:435] thread [SORT-0]  frame id 33 sorting queue size 0   FPS: 19.9875
I1014 10:56:40.795383  4491 demo_inner.hpp:260]  gui queue size 0, state = running
I1014 10:56:40.811664  4495 work_thread.hpp:81]  [T-Work-Recog_1] Run work: WorkCompare
I1014 10:56:40.811775  4495 work_compare.cpp:76] Compare face: 2 successed, similarity :0.974943, name : images/thanglmb.jpg, normal size : 640 * 360!
I1014 10:56:40.833758  4490 demo_inner.hpp:177] decode queue size 0
I1014 10:56:40.833853  4493 work_thread.hpp:81]  [T-Work-Detect_0] Run work: WorkDetect
I1014 10:56:40.833891  4493 work_detect.cpp:102] Succeeded to add det start for frame 34
I1014 10:56:40.840689  4493 work_detect.cpp:70] Frame :34 detect result :1 face(s)
I1014 10:56:40.840731  4493 work_detect.cpp:86] Detected bbox: [187 x 239 from (254, 88)]
I1014 10:56:40.840775  4493 work_detect.cpp:120] Succeeded to add det end for frame 34
I1014 10:56:40.840792  4493 work_thread.hpp:81]  [T-Work-Detect_0] Run work: WrokTrack
I1014 10:56:40.840893  4493 work_track.cpp:82] Frame: 34 build input_characts: [0.292188 x 0.663889 from (0.396875, 0.244444)], 1.00035, 0
I1014 10:56:40.840951  4493 work_track.cpp:102] Succeeded to set track lock for frame 34
I1014 10:56:40.840991  4493 work_track.cpp:116] Succeeded to release track lock for frame 34
I1014 10:56:40.841006  4493 work_track.cpp:120] Track results of frame 34: 1 objects input, 1 objects tracked!
I1014 10:56:40.841023  4493 work_track.cpp:148] Frame: 34, track bbox: [187 x 239 from (253.955, 89.0185)], gid: 2, lid: 0
I1014 10:56:40.841060  4493 work_thread.hpp:88]  [T-Work-Detect_0] Frame :34 split
I1014 10:56:40.841078  4493 work_thread.hpp:120]  [T-Work-Detect_0] Valid piece: gid = 2
I1014 10:56:40.841096  4493 work_thread.hpp:92]  [T-Work-Detect_0] Push to split queue:recog
I1014 10:56:40.841156  4494 work_thread.hpp:81]  [T-Work-Recog_0] Run work: WorkCapture
I1014 10:56:40.841464  4496 thread_intergrate.hpp:78] [T-Intergrate-intergrate] queue: frame output frame :34
I1014 10:56:40.841492  4496 thread_intergrate.hpp:85] [T-Intergrate-intergrate] queue: compare output face:2
I1014 10:56:40.841511  4496 thread_intergrate.hpp:137] T-Intergrate-intergrate set matched face: 2
I1014 10:56:40.841712  4494 work_thread.hpp:81]  [T-Work-Recog_0] Run work: WorkRecog
I1014 10:56:40.841737  4494 work_recog.hpp:89] Face id: 2 will run recog: bbox [187 x 239 from (254, 88)] quality: 0.467477
I1014 10:56:40.841765  4494 work_recog.hpp:96] Recog pair: [264 x 320 from (216, 40)], [187 x 239 from (38, 48)]
I1014 10:56:40.842691  4496 thread_intergrate.hpp:157] T-Intergrate-intergrate Show face :2, size :640 * 360
I1014 10:56:40.843169  4492 demo_inner.hpp:435] thread [SORT-0]  frame id 34 sorting queue size 0   FPS: 20.0243
I1014 10:56:40.843241  4491 demo_inner.hpp:260]  gui queue size 0, state = running
I1014 10:56:40.859647  4494 work_thread.hpp:81]  [T-Work-Recog_0] Run work: WorkCompare
I1014 10:56:40.859756  4494 work_compare.cpp:76] Compare face: 2 successed, similarity :0.991965, name : images/thanglmb.jpg, normal size : 640 * 360!
I1014 10:56:40.881870  4490 demo_inner.hpp:177] decode queue size 0
I1014 10:56:40.881968  4493 work_thread.hpp:81]  [T-Work-Detect_0] Run work: WorkDetect
I1014 10:56:40.882004  4493 work_detect.cpp:102] Succeeded to add det start for frame 35
I1014 10:56:40.888806  4493 work_detect.cpp:70] Frame :35 detect result :1 face(s)
I1014 10:56:40.888849  4493 work_detect.cpp:86] Detected bbox: [189 x 243 from (250, 81)]
I1014 10:56:40.888891  4493 work_detect.cpp:120] Succeeded to add det end for frame 35
I1014 10:56:40.888907  4493 work_thread.hpp:81]  [T-Work-Detect_0] Run work: WrokTrack
I1014 10:56:40.888933  4493 work_track.cpp:82] Frame: 35 build input_characts: [0.295312 x 0.675 from (0.390625, 0.225)], 1.00019, 0
I1014 10:56:40.888989  4493 work_track.cpp:102] Succeeded to set track lock for frame 35
I1014 10:56:40.889029  4493 work_track.cpp:116] Succeeded to release track lock for frame 35
I1014 10:56:40.889044  4493 work_track.cpp:120] Track results of frame 35: 1 objects input, 1 objects tracked!
I1014 10:56:40.889061  4493 work_track.cpp:148] Frame: 35, track bbox: [189 x 243 from (248.424, 82.5232)], gid: 2, lid: 0
I1014 10:56:40.889097  4493 work_thread.hpp:88]  [T-Work-Detect_0] Frame :35 split
I1014 10:56:40.889114  4493 work_thread.hpp:120]  [T-Work-Detect_0] Valid piece: gid = 2
I1014 10:56:40.889132  4493 work_thread.hpp:92]  [T-Work-Detect_0] Push to split queue:recog
I1014 10:56:40.889186  4494 work_thread.hpp:81]  [T-Work-Recog_0] Run work: WorkCapture
I1014 10:56:40.889489  4496 thread_intergrate.hpp:78] [T-Intergrate-intergrate] queue: frame output frame :35
I1014 10:56:40.889519  4496 thread_intergrate.hpp:85] [T-Intergrate-intergrate] queue: compare output face:2
I1014 10:56:40.889537  4496 thread_intergrate.hpp:137] T-Intergrate-intergrate set matched face: 2
I1014 10:56:40.889734  4494 work_thread.hpp:81]  [T-Work-Recog_0] Run work: WorkRecog
I1014 10:56:40.889757  4494 work_recog.hpp:89] Face id: 2 will run recog: bbox [189 x 243 from (250, 81)] quality: 0.477686
I1014 10:56:40.889863  4494 work_recog.hpp:96] Recog pair: [272 x 328 from (208, 32)], [189 x 243 from (42, 49)]
I1014 10:56:40.890717  4496 thread_intergrate.hpp:157] T-Intergrate-intergrate Show face :2, size :640 * 360
I1014 10:56:40.891243  4492 demo_inner.hpp:435] thread [SORT-0]  frame id 35 sorting queue size 0   FPS: 20.0354
I1014 10:56:40.891320  4491 demo_inner.hpp:260]  gui queue size 0, state = running
I1014 10:56:40.908085  4494 work_thread.hpp:81]  [T-Work-Recog_0] Run work: WorkCompare
I1014 10:56:40.908221  4494 work_compare.cpp:76] Compare face: 2 successed, similarity :0.99456, name : images/thanglmb.jpg, normal size : 640 * 360!
I1014 10:56:40.935761  4490 demo_inner.hpp:177] decode queue size 0
I1014 10:56:40.935878  4493 work_thread.hpp:81]  [T-Work-Detect_0] Run work: WorkDetect
I1014 10:56:40.935915  4493 work_detect.cpp:102] Succeeded to add det start for frame 36
I1014 10:56:40.942761  4493 work_detect.cpp:70] Frame :36 detect result :1 face(s)
I1014 10:56:40.942806  4493 work_detect.cpp:86] Detected bbox: [169 x 215 from (270, 100)]
I1014 10:56:40.942849  4493 work_detect.cpp:120] Succeeded to add det end for frame 36
I1014 10:56:40.942865  4493 work_thread.hpp:81]  [T-Work-Detect_0] Run work: WrokTrack
I1014 10:56:40.942890  4493 work_track.cpp:82] Frame: 36 build input_characts: [0.264062 x 0.597222 from (0.421875, 0.277778)], 1.00019, 0
I1014 10:56:40.942947  4493 work_track.cpp:102] Succeeded to set track lock for frame 36
I1014 10:56:40.942986  4493 work_track.cpp:116] Succeeded to release track lock for frame 36
I1014 10:56:40.943001  4493 work_track.cpp:120] Track results of frame 36: 1 objects input, 1 objects tracked!
I1014 10:56:40.943019  4493 work_track.cpp:148] Frame: 36, track bbox: [169 x 215 from (262.183, 97.5782)], gid: 2, lid: 0
I1014 10:56:40.943056  4493 work_thread.hpp:88]  [T-Work-Detect_0] Frame :36 split
I1014 10:56:40.943073  4493 work_thread.hpp:120]  [T-Work-Detect_0] Valid piece: gid = 2
I1014 10:56:40.943091  4493 work_thread.hpp:92]  [T-Work-Detect_0] Push to split queue:recog
I1014 10:56:40.943136  4495 work_thread.hpp:81]  [T-Work-Recog_1] Run work: WorkCapture
I1014 10:56:40.943318  4496 thread_intergrate.hpp:78] [T-Intergrate-intergrate] queue: frame output frame :36
I1014 10:56:40.943347  4496 thread_intergrate.hpp:85] [T-Intergrate-intergrate] queue: compare output face:2
I1014 10:56:40.943367  4496 thread_intergrate.hpp:137] T-Intergrate-intergrate set matched face: 2
I1014 10:56:40.943693  4495 work_thread.hpp:81]  [T-Work-Recog_1] Run work: WorkRecog
I1014 10:56:40.943717  4495 work_recog.hpp:89] Face id: 2 will run recog: bbox [169 x 215 from (270, 100)] quality: 0.38549
I1014 10:56:40.943747  4495 work_recog.hpp:96] Recog pair: [240 x 304 from (232, 56)], [169 x 215 from (38, 44)]
I1014 10:56:40.944995  4496 thread_intergrate.hpp:157] T-Intergrate-intergrate Show face :2, size :640 * 360
I1014 10:56:40.945564  4492 demo_inner.hpp:435] thread [SORT-0]  frame id 36 sorting queue size 0   FPS: 19.9886
I1014 10:56:40.946501  4491 demo_inner.hpp:260]  gui queue size 0, state = running
I1014 10:56:40.961433  4495 work_thread.hpp:81]  [T-Work-Recog_1] Run work: WorkCompare
I1014 10:56:40.961545  4495 work_compare.cpp:76] Compare face: 2 successed, similarity :0.987615, name : images/thanglmb.jpg, normal size : 640 * 360!
I1014 10:56:40.983819  4490 demo_inner.hpp:177] decode queue size 0
I1014 10:56:40.983916  4493 work_thread.hpp:81]  [T-Work-Detect_0] Run work: WorkDetect
I1014 10:56:40.983952  4493 work_detect.cpp:102] Succeeded to add det start for frame 37
I1014 10:56:40.990751  4493 work_detect.cpp:70] Frame :37 detect result :1 face(s)
I1014 10:56:40.990815  4493 work_detect.cpp:86] Detected bbox: [169 x 223 from (254, 90)]
I1014 10:56:40.990867  4493 work_detect.cpp:120] Succeeded to add det end for frame 37
I1014 10:56:40.990885  4493 work_thread.hpp:81]  [T-Work-Detect_0] Run work: WrokTrack
I1014 10:56:40.990912  4493 work_track.cpp:82] Frame: 37 build input_characts: [0.264062 x 0.619444 from (0.396875, 0.25)], 1.00035, 0
I1014 10:56:40.991060  4493 work_track.cpp:102] Succeeded to set track lock for frame 37
I1014 10:56:40.991108  4493 work_track.cpp:116] Succeeded to release track lock for frame 37
I1014 10:56:40.991124  4493 work_track.cpp:120] Track results of frame 37: 1 objects input, 1 objects tracked!
I1014 10:56:40.991142  4493 work_track.cpp:148] Frame: 37, track bbox: [169 x 223 from (257.823, 91.2697)], gid: 2, lid: 0
I1014 10:56:40.991183  4493 work_thread.hpp:88]  [T-Work-Detect_0] Frame :37 split
I1014 10:56:40.991201  4493 work_thread.hpp:120]  [T-Work-Detect_0] Valid piece: gid = 2
I1014 10:56:40.991220  4493 work_thread.hpp:92]  [T-Work-Detect_0] Push to split queue:recog
I1014 10:56:40.991277  4495 work_thread.hpp:81]  [T-Work-Recog_1] Run work: WorkCapture
I1014 10:56:40.991292  4496 thread_intergrate.hpp:78] [T-Intergrate-intergrate] queue: frame output frame :37
I1014 10:56:40.991322  4496 thread_intergrate.hpp:85] [T-Intergrate-intergrate] queue: compare output face:2
I1014 10:56:40.991341  4496 thread_intergrate.hpp:137] T-Intergrate-intergrate set matched face: 2
I1014 10:56:40.991843  4495 work_thread.hpp:81]  [T-Work-Recog_1] Run work: WorkRecog
I1014 10:56:40.991868  4495 work_recog.hpp:89] Face id: 2 will run recog: bbox [169 x 223 from (254, 90)] quality: 0.4705
I1014 10:56:40.991895  4495 work_recog.hpp:96] Recog pair: [240 x 320 from (216, 40)], [169 x 223 from (38, 50)]
I1014 10:56:40.992970  4496 thread_intergrate.hpp:157] T-Intergrate-intergrate Show face :2, size :640 * 360
I1014 10:56:40.993496  4492 demo_inner.hpp:435] thread [SORT-0]  frame id 37 sorting queue size 0   FPS: 20.0111
I1014 10:56:41.009466  4495 work_thread.hpp:81]  [T-Work-Recog_1] Run work: WorkCompare
I1014 10:56:41.009569  4495 work_compare.cpp:76] Compare face: 2 successed, similarity :0.984768, name : images/thanglmb.jpg, normal size : 640 * 360!
I1014 10:56:41.018946  4491 demo_inner.hpp:260]  gui queue size 0, state = running
I1014 10:56:41.031951  4490 demo_inner.hpp:177] decode queue size 0
I1014 10:56:41.032049  4493 work_thread.hpp:81]  [T-Work-Detect_0] Run work: WorkDetect
I1014 10:56:41.032088  4493 work_detect.cpp:102] Succeeded to add det start for frame 38
I1014 10:56:41.038853  4493 work_detect.cpp:70] Frame :38 detect result :1 face(s)
I1014 10:56:41.038897  4493 work_detect.cpp:86] Detected bbox: [181 x 228 from (249, 69)]
I1014 10:56:41.038938  4493 work_detect.cpp:120] Succeeded to add det end for frame 38
I1014 10:56:41.038954  4493 work_thread.hpp:81]  [T-Work-Detect_0] Run work: WrokTrack
I1014 10:56:41.038980  4493 work_track.cpp:82] Frame: 38 build input_characts: [0.282813 x 0.633333 from (0.389062, 0.191667)], 1.00019, 0
I1014 10:56:41.039037  4493 work_track.cpp:102] Succeeded to set track lock for frame 38
I1014 10:56:41.039077  4493 work_track.cpp:116] Succeeded to release track lock for frame 38
I1014 10:56:41.039091  4493 work_track.cpp:120] Track results of frame 38: 1 objects input, 1 objects tracked!
I1014 10:56:41.039109  4493 work_track.cpp:148] Frame: 38, track bbox: [181 x 228 from (250.561, 77.8054)], gid: 2, lid: 0
I1014 10:56:41.039146  4493 work_thread.hpp:88]  [T-Work-Detect_0] Frame :38 split
I1014 10:56:41.039163  4493 work_thread.hpp:120]  [T-Work-Detect_0] Valid piece: gid = 2
I1014 10:56:41.039182  4493 work_thread.hpp:92]  [T-Work-Detect_0] Push to split queue:recog
I1014 10:56:41.039238  4494 work_thread.hpp:81]  [T-Work-Recog_0] Run work: WorkCapture
I1014 10:56:41.039543  4496 thread_intergrate.hpp:78] [T-Intergrate-intergrate] queue: frame output frame :38
I1014 10:56:41.039572  4496 thread_intergrate.hpp:85] [T-Intergrate-intergrate] queue: compare output face:2
I1014 10:56:41.039618  4496 thread_intergrate.hpp:137] T-Intergrate-intergrate set matched face: 2
I1014 10:56:41.039786  4494 work_thread.hpp:81]  [T-Work-Recog_0] Run work: WorkRecog
I1014 10:56:41.039810  4494 work_recog.hpp:89] Face id: 2 will run recog: bbox [181 x 228 from (249, 69)] quality: 0.38549
I1014 10:56:41.039840  4494 work_recog.hpp:96] Recog pair: [264 x 320 from (208, 24)], [181 x 228 from (41, 45)]
I1014 10:56:41.041151  4496 thread_intergrate.hpp:157] T-Intergrate-intergrate Show face :2, size :640 * 360
I1014 10:56:41.041947  4492 demo_inner.hpp:435] thread [SORT-0]  frame id 38 sorting queue size 0   FPS: 20.0325
I1014 10:56:41.057634  4494 work_thread.hpp:81]  [T-Work-Recog_0] Run work: WorkCompare
I1014 10:56:41.057734  4494 work_compare.cpp:76] Compare face: 2 successed, similarity :0.994638, name : images/thanglmb.jpg, normal size : 640 * 360!
I1014 10:56:41.086190  4490 demo_inner.hpp:177] decode queue size 0
I1014 10:56:41.086314  4493 work_thread.hpp:81]  [T-Work-Detect_0] Run work: WorkDetect
I1014 10:56:41.086352  4493 work_detect.cpp:102] Succeeded to add det start for frame 39
I1014 10:56:41.093137  4493 work_detect.cpp:70] Frame :39 detect result :1 face(s)
I1014 10:56:41.093183  4493 work_detect.cpp:86] Detected bbox: [170 x 220 from (254, 93)]
I1014 10:56:41.093226  4493 work_detect.cpp:120] Succeeded to add det end for frame 39
I1014 10:56:41.093242  4493 work_thread.hpp:81]  [T-Work-Detect_0] Run work: WrokTrack
I1014 10:56:41.093268  4493 work_track.cpp:82] Frame: 39 build input_characts: [0.265625 x 0.611111 from (0.396875, 0.258333)], 1.00019, 0
I1014 10:56:41.093324  4493 work_track.cpp:102] Succeeded to set track lock for frame 39
I1014 10:56:41.093364  4493 work_track.cpp:116] Succeeded to release track lock for frame 39
I1014 10:56:41.093379  4493 work_track.cpp:120] Track results of frame 39: 1 objects input, 1 objects tracked!
I1014 10:56:41.093396  4493 work_track.cpp:148] Frame: 39, track bbox: [170 x 220 from (253.658, 84.6284)], gid: 2, lid: 0
I1014 10:56:41.093432  4493 work_thread.hpp:88]  [T-Work-Detect_0] Frame :39 split
I1014 10:56:41.093451  4493 work_thread.hpp:120]  [T-Work-Detect_0] Valid piece: gid = 2
I1014 10:56:41.093469  4493 work_thread.hpp:92]  [T-Work-Detect_0] Push to split queue:recog
I1014 10:56:41.093516  4494 work_thread.hpp:81]  [T-Work-Recog_0] Run work: WorkCapture
I1014 10:56:41.093817  4496 thread_intergrate.hpp:78] [T-Intergrate-intergrate] queue: frame output frame :39
I1014 10:56:41.093870  4496 thread_intergrate.hpp:85] [T-Intergrate-intergrate] queue: compare output face:2
I1014 10:56:41.093976  4496 thread_intergrate.hpp:137] T-Intergrate-intergrate set matched face: 2
I1014 10:56:41.094071  4494 work_thread.hpp:81]  [T-Work-Recog_0] Run work: WorkRecog
I1014 10:56:41.094094  4494 work_recog.hpp:89] Face id: 2 will run recog: bbox [170 x 220 from (254, 93)] quality: 0.444835
I1014 10:56:41.094123  4494 work_recog.hpp:96] Recog pair: [248 x 312 from (216, 48)], [170 x 220 from (38, 45)]
I1014 10:56:41.095402  4496 thread_intergrate.hpp:157] T-Intergrate-intergrate Show face :2, size :640 * 360
I1014 10:56:41.095966  4492 demo_inner.hpp:435] thread [SORT-0]  frame id 39 sorting queue size 1   FPS: 19.9895
I1014 10:56:41.102807  4491 demo_inner.hpp:260]  gui queue size 1, state = running
I1014 10:56:41.111790  4494 work_thread.hpp:81]  [T-Work-Recog_0] Run work: WorkCompare
I1014 10:56:41.111904  4494 work_compare.cpp:76] Compare face: 2 successed, similarity :0.985845, name : images/thanglmb.jpg, normal size : 640 * 360!
I1014 10:56:41.133860  4490 demo_inner.hpp:177] decode queue size 0
I1014 10:56:41.133970  4493 work_thread.hpp:81]  [T-Work-Detect_0] Run work: WorkDetect
I1014 10:56:41.134007  4493 work_detect.cpp:102] Succeeded to add det start for frame 40
I1014 10:56:41.140836  4493 work_detect.cpp:70] Frame :40 detect result :1 face(s)
I1014 10:56:41.140885  4493 work_detect.cpp:86] Detected bbox: [164 x 220 from (257, 95)]
I1014 10:56:41.140928  4493 work_detect.cpp:120] Succeeded to add det end for frame 40
I1014 10:56:41.140944  4493 work_thread.hpp:81]  [T-Work-Detect_0] Run work: WrokTrack
I1014 10:56:41.140970  4493 work_track.cpp:82] Frame: 40 build input_characts: [0.25625 x 0.611111 from (0.401563, 0.263889)], 1.00019, 0
I1014 10:56:41.141028  4493 work_track.cpp:102] Succeeded to set track lock for frame 40
I1014 10:56:41.141067  4493 work_track.cpp:116] Succeeded to release track lock for frame 40
I1014 10:56:41.141155  4493 work_track.cpp:120] Track results of frame 40: 1 objects input, 1 objects tracked!
I1014 10:56:41.141177  4493 work_track.cpp:148] Frame: 40, track bbox: [164 x 220 from (255.286, 89.0115)], gid: 2, lid: 0
I1014 10:56:41.141216  4493 work_thread.hpp:88]  [T-Work-Detect_0] Frame :40 split
I1014 10:56:41.141233  4493 work_thread.hpp:120]  [T-Work-Detect_0] Valid piece: gid = 2
I1014 10:56:41.141252  4493 work_thread.hpp:92]  [T-Work-Detect_0] Push to split queue:recog
I1014 10:56:41.141295  4494 work_thread.hpp:81]  [T-Work-Recog_0] Run work: WorkCapture
I1014 10:56:41.141306  4496 thread_intergrate.hpp:78] [T-Intergrate-intergrate] queue: frame output frame :40
I1014 10:56:41.141335  4496 thread_intergrate.hpp:85] [T-Intergrate-intergrate] queue: compare output face:2
I1014 10:56:41.141363  4496 thread_intergrate.hpp:137] T-Intergrate-intergrate set matched face: 2
I1014 10:56:41.141875  4494 work_thread.hpp:81]  [T-Work-Recog_0] Run work: WorkRecog
I1014 10:56:41.141899  4494 work_recog.hpp:89] Face id: 2 will run recog: bbox [164 x 220 from (257, 95)] quality: 0.415751
I1014 10:56:41.141928  4494 work_recog.hpp:96] Recog pair: [232 x 312 from (224, 48)], [164 x 220 from (33, 47)]
I1014 10:56:41.142916  4496 thread_intergrate.hpp:157] T-Intergrate-intergrate Show face :2, size :640 * 360
I1014 10:56:41.143484  4492 demo_inner.hpp:435] thread [SORT-0]  frame id 40 sorting queue size 0   FPS: 20.0103
I1014 10:56:41.159787  4494 work_thread.hpp:81]  [T-Work-Recog_0] Run work: WorkCompare
I1014 10:56:41.159893  4494 work_compare.cpp:76] Compare face: 2 successed, similarity :0.972878, name : images/thanglmb.jpg, normal size : 640 * 360!
I1014 10:56:41.169853  4491 demo_inner.hpp:260]  gui queue size 0, state = running
I1014 10:56:41.182003  4490 demo_inner.hpp:177] decode queue size 0
I1014 10:56:41.182106  4493 work_thread.hpp:81]  [T-Work-Detect_0] Run work: WorkDetect
I1014 10:56:41.182142  4493 work_detect.cpp:102] Succeeded to add det start for frame 41
I1014 10:56:41.188908  4493 work_detect.cpp:70] Frame :41 detect result :1 face(s)
I1014 10:56:41.188947  4493 work_detect.cpp:86] Detected bbox: [161 x 220 from (259, 95)]
I1014 10:56:41.188990  4493 work_detect.cpp:120] Succeeded to add det end for frame 41
I1014 10:56:41.189008  4493 work_thread.hpp:81]  [T-Work-Detect_0] Run work: WrokTrack
I1014 10:56:41.189033  4493 work_track.cpp:82] Frame: 41 build input_characts: [0.251563 x 0.611111 from (0.404687, 0.263889)], 1.00019, 0
I1014 10:56:41.189090  4493 work_track.cpp:102] Succeeded to set track lock for frame 41
I1014 10:56:41.189128  4493 work_track.cpp:116] Succeeded to release track lock for frame 41
I1014 10:56:41.189144  4493 work_track.cpp:120] Track results of frame 41: 1 objects input, 1 objects tracked!
I1014 10:56:41.189162  4493 work_track.cpp:148] Frame: 41, track bbox: [161 x 220 from (255.885, 92.118)], gid: 2, lid: 0
I1014 10:56:41.189198  4493 work_thread.hpp:88]  [T-Work-Detect_0] Frame :41 split
I1014 10:56:41.189216  4493 work_thread.hpp:120]  [T-Work-Detect_0] Valid piece: gid = 2
I1014 10:56:41.189234  4493 work_thread.hpp:92]  [T-Work-Detect_0] Push to split queue:recog
I1014 10:56:41.189291  4495 work_thread.hpp:81]  [T-Work-Recog_1] Run work: WorkCapture
I1014 10:56:41.189606  4496 thread_intergrate.hpp:78] [T-Intergrate-intergrate] queue: frame output frame :41
I1014 10:56:41.189633  4496 thread_intergrate.hpp:85] [T-Intergrate-intergrate] queue: compare output face:2
I1014 10:56:41.189651  4496 thread_intergrate.hpp:137] T-Intergrate-intergrate set matched face: 2
I1014 10:56:41.189841  4495 work_thread.hpp:81]  [T-Work-Recog_1] Run work: WorkRecog
I1014 10:56:41.189862  4495 work_recog.hpp:89] Face id: 2 will run recog: bbox [161 x 220 from (259, 95)] quality: 0.406524
I1014 10:56:41.189890  4495 work_recog.hpp:96] Recog pair: [232 x 312 from (224, 48)], [161 x 220 from (35, 47)]
I1014 10:56:41.191756  4496 thread_intergrate.hpp:157] T-Intergrate-intergrate Show face :2, size :640 * 360
I1014 10:56:41.192965  4492 demo_inner.hpp:435] thread [SORT-0]  frame id 41 sorting queue size 0   FPS: 20.02
I1014 10:56:41.207484  4495 work_thread.hpp:81]  [T-Work-Recog_1] Run work: WorkCompare
I1014 10:56:41.207587  4495 work_compare.cpp:76] Compare face: 2 successed, similarity :0.977143, name : images/thanglmb.jpg, normal size : 640 * 360!
I1014 10:56:41.235774  4490 demo_inner.hpp:177] decode queue size 0
I1014 10:56:41.235882  4493 work_thread.hpp:81]  [T-Work-Detect_0] Run work: WorkDetect
I1014 10:56:41.235919  4493 work_detect.cpp:102] Succeeded to add det start for frame 42
I1014 10:56:41.242800  4493 work_detect.cpp:70] Frame :42 detect result :1 face(s)
I1014 10:56:41.242856  4493 work_detect.cpp:86] Detected bbox: [167 x 223 from (257, 87)]
I1014 10:56:41.242903  4493 work_detect.cpp:120] Succeeded to add det end for frame 42
I1014 10:56:41.242921  4493 work_thread.hpp:81]  [T-Work-Detect_0] Run work: WrokTrack
I1014 10:56:41.242949  4493 work_track.cpp:82] Frame: 42 build input_characts: [0.260938 x 0.619444 from (0.401563, 0.241667)], 1.00019, 0
I1014 10:56:41.242988  4491 demo_inner.hpp:260]  gui queue size 0, state = running
I1014 10:56:41.243007  4493 work_track.cpp:102] Succeeded to set track lock for frame 42
I1014 10:56:41.243050  4493 work_track.cpp:116] Succeeded to release track lock for frame 42
I1014 10:56:41.243065  4493 work_track.cpp:120] Track results of frame 42: 1 objects input, 1 objects tracked!
I1014 10:56:41.243086  4493 work_track.cpp:148] Frame: 42, track bbox: [167 x 223 from (256.553, 91.6056)], gid: 2, lid: 0
I1014 10:56:41.243125  4493 work_thread.hpp:88]  [T-Work-Detect_0] Frame :42 split
I1014 10:56:41.243145  4493 work_thread.hpp:120]  [T-Work-Detect_0] Valid piece: gid = 2
I1014 10:56:41.243166  4493 work_thread.hpp:92]  [T-Work-Detect_0] Push to split queue:recog
I1014 10:56:41.243234  4495 work_thread.hpp:81]  [T-Work-Recog_1] Run work: WorkCapture
I1014 10:56:41.243237  4496 thread_intergrate.hpp:78] [T-Intergrate-intergrate] queue: frame output frame :42
I1014 10:56:41.243278  4496 thread_intergrate.hpp:85] [T-Intergrate-intergrate] queue: compare output face:2
I1014 10:56:41.243299  4496 thread_intergrate.hpp:137] T-Intergrate-intergrate set matched face: 2
I1014 10:56:41.243849  4495 work_thread.hpp:81]  [T-Work-Recog_1] Run work: WorkRecog
I1014 10:56:41.243875  4495 work_recog.hpp:89] Face id: 2 will run recog: bbox [167 x 223 from (257, 87)] quality: 0.455604
I1014 10:56:41.243909  4495 work_recog.hpp:96] Recog pair: [240 x 320 from (224, 40)], [167 x 223 from (33, 47)]
I1014 10:56:41.244913  4496 thread_intergrate.hpp:157] T-Intergrate-intergrate Show face :2, size :640 * 360
I1014 10:56:41.245723  4492 demo_inner.hpp:435] thread [SORT-0]  frame id 42 sorting queue size 0   FPS: 19.9902
I1014 10:56:41.261862  4495 work_thread.hpp:81]  [T-Work-Recog_1] Run work: WorkCompare
I1014 10:56:41.261966  4495 work_compare.cpp:76] Compare face: 2 successed, similarity :0.991038, name : images/thanglmb.jpg, normal size : 640 * 360!
I1014 10:56:41.283843  4490 demo_inner.hpp:177] decode queue size 0
I1014 10:56:41.283944  4493 work_thread.hpp:81]  [T-Work-Detect_0] Run work: WorkDetect
I1014 10:56:41.283982  4493 work_detect.cpp:102] Succeeded to add det start for frame 43
I1014 10:56:41.290736  4493 work_detect.cpp:70] Frame :43 detect result :1 face(s)
I1014 10:56:41.290777  4493 work_detect.cpp:86] Detected bbox: [164 x 220 from (258, 91)]
I1014 10:56:41.290822  4493 work_detect.cpp:120] Succeeded to add det end for frame 43
I1014 10:56:41.290838  4493 work_thread.hpp:81]  [T-Work-Detect_0] Run work: WrokTrack
I1014 10:56:41.290863  4493 work_track.cpp:82] Frame: 43 build input_characts: [0.25625 x 0.611111 from (0.403125, 0.252778)], 1.00019, 0
I1014 10:56:41.290918  4493 work_track.cpp:102] Succeeded to set track lock for frame 43
I1014 10:56:41.290957  4493 work_track.cpp:116] Succeeded to release track lock for frame 43
I1014 10:56:41.290972  4493 work_track.cpp:120] Track results of frame 43: 1 objects input, 1 objects tracked!
I1014 10:56:41.290990  4493 work_track.cpp:148] Frame: 43, track bbox: [164 x 220 from (258.107, 94.7089)], gid: 2, lid: 0
I1014 10:56:41.291100  4493 work_thread.hpp:88]  [T-Work-Detect_0] Frame :43 split
I1014 10:56:41.291119  4493 work_thread.hpp:120]  [T-Work-Detect_0] Valid piece: gid = 2
I1014 10:56:41.291138  4493 work_thread.hpp:92]  [T-Work-Detect_0] Push to split queue:recog
I1014 10:56:41.291193  4494 work_thread.hpp:81]  [T-Work-Recog_0] Run work: WorkCapture
I1014 10:56:41.291498  4496 thread_intergrate.hpp:78] [T-Intergrate-intergrate] queue: frame output frame :43
I1014 10:56:41.291527  4496 thread_intergrate.hpp:85] [T-Intergrate-intergrate] queue: compare output face:2
I1014 10:56:41.291545  4496 thread_intergrate.hpp:137] T-Intergrate-intergrate set matched face: 2
I1014 10:56:41.291740  4494 work_thread.hpp:81]  [T-Work-Recog_0] Run work: WorkRecog
I1014 10:56:41.291764  4494 work_recog.hpp:89] Face id: 2 will run recog: bbox [164 x 220 from (258, 91)] quality: 0.424014
I1014 10:56:41.291792  4494 work_recog.hpp:96] Recog pair: [232 x 320 from (224, 40)], [164 x 220 from (34, 51)]
I1014 10:56:41.293201  4496 thread_intergrate.hpp:157] T-Intergrate-intergrate Show face :2, size :640 * 360
I1014 10:56:41.293884  4492 demo_inner.hpp:435] thread [SORT-0]  frame id 43 sorting queue size 1   FPS: 19.9902
I1014 10:56:41.309454  4491 demo_inner.hpp:260]  gui queue size 1, state = running
I1014 10:56:41.309454  4494 work_thread.hpp:81]  [T-Work-Recog_0] Run work: WorkCompare
I1014 10:56:41.309583  4494 work_compare.cpp:76] Compare face: 2 successed, similarity :0.984053, name : images/thanglmb.jpg, normal size : 640 * 360!
I1014 10:56:41.331912  4490 demo_inner.hpp:177] decode queue size 0
I1014 10:56:41.332012  4493 work_thread.hpp:81]  [T-Work-Detect_0] Run work: WorkDetect
I1014 10:56:41.332051  4493 work_detect.cpp:102] Succeeded to add det start for frame 44
I1014 10:56:41.338966  4493 work_detect.cpp:70] Frame :44 detect result :1 face(s)
I1014 10:56:41.339017  4493 work_detect.cpp:86] Detected bbox: [173 x 225 from (255, 70)]
I1014 10:56:41.339061  4493 work_detect.cpp:120] Succeeded to add det end for frame 44
I1014 10:56:41.339078  4493 work_thread.hpp:81]  [T-Work-Detect_0] Run work: WrokTrack
I1014 10:56:41.339103  4493 work_track.cpp:82] Frame: 44 build input_characts: [0.270312 x 0.625 from (0.398438, 0.194444)], 1.00019, 0
I1014 10:56:41.339159  4493 work_track.cpp:102] Succeeded to set track lock for frame 44
I1014 10:56:41.339200  4493 work_track.cpp:116] Succeeded to release track lock for frame 44
I1014 10:56:41.339215  4493 work_track.cpp:120] Track results of frame 44: 1 objects input, 1 objects tracked!
I1014 10:56:41.339232  4493 work_track.cpp:148] Frame: 44, track bbox: [173 x 225 from (254.615, 78.0239)], gid: 2, lid: 0
I1014 10:56:41.339268  4493 work_thread.hpp:88]  [T-Work-Detect_0] Frame :44 split
I1014 10:56:41.339287  4493 work_thread.hpp:120]  [T-Work-Detect_0] Valid piece: gid = 2
I1014 10:56:41.339304  4493 work_thread.hpp:92]  [T-Work-Detect_0] Push to split queue:recog
I1014 10:56:41.339360  4494 work_thread.hpp:81]  [T-Work-Recog_0] Run work: WorkCapture
I1014 10:56:41.339668  4496 thread_intergrate.hpp:78] [T-Intergrate-intergrate] queue: frame output frame :44
I1014 10:56:41.339718  4496 thread_intergrate.hpp:85] [T-Intergrate-intergrate] queue: compare output face:2
I1014 10:56:41.339738  4496 thread_intergrate.hpp:137] T-Intergrate-intergrate set matched face: 2
I1014 10:56:41.339963  4494 work_thread.hpp:81]  [T-Work-Recog_0] Run work: WorkRecog
I1014 10:56:41.339987  4494 work_recog.hpp:89] Face id: 2 will run recog: bbox [173 x 225 from (255, 70)] quality: 0.406602
I1014 10:56:41.340015  4494 work_recog.hpp:96] Recog pair: [248 x 320 from (216, 24)], [173 x 225 from (39, 46)]
I1014 10:56:41.341361  4496 thread_intergrate.hpp:157] T-Intergrate-intergrate Show face :2, size :640 * 360
I1014 10:56:41.341985  4492 demo_inner.hpp:435] thread [SORT-0]  frame id 44 sorting queue size 0   FPS: 20.0391
I1014 10:56:41.357756  4494 work_thread.hpp:81]  [T-Work-Recog_0] Run work: WorkCompare
I1014 10:56:41.357869  4494 work_compare.cpp:76] Compare face: 2 successed, similarity :0.993502, name : images/thanglmb.jpg, normal size : 640 * 360!
I1014 10:56:41.385813  4490 demo_inner.hpp:177] decode queue size 0
I1014 10:56:41.385920  4493 work_thread.hpp:81]  [T-Work-Detect_0] Run work: WorkDetect
I1014 10:56:41.385957  4493 work_detect.cpp:102] Succeeded to add det start for frame 45
I1014 10:56:41.392779  4493 work_detect.cpp:70] Frame :45 detect result :1 face(s)
I1014 10:56:41.392824  4493 work_detect.cpp:86] Detected bbox: [168 x 225 from (257, 89)]
I1014 10:56:41.392866  4493 work_detect.cpp:120] Succeeded to add det end for frame 45
I1014 10:56:41.392882  4493 work_thread.hpp:81]  [T-Work-Detect_0] Run work: WrokTrack
I1014 10:56:41.392908  4493 work_track.cpp:82] Frame: 45 build input_characts: [0.2625 x 0.625 from (0.401563, 0.247222)], 1.00019, 0
I1014 10:56:41.392964  4493 work_track.cpp:102] Succeeded to set track lock for frame 45
I1014 10:56:41.393002  4493 work_track.cpp:116] Succeeded to release track lock for frame 45
I1014 10:56:41.393018  4493 work_track.cpp:120] Track results of frame 45: 1 objects input, 1 objects tracked!
I1014 10:56:41.393035  4493 work_track.cpp:148] Frame: 45, track bbox: [168 x 225 from (257.388, 80.5189)], gid: 2, lid: 0
I1014 10:56:41.393072  4493 work_thread.hpp:88]  [T-Work-Detect_0] Frame :45 split
