I1014 11:47:24.679144  5287 work_detect.cpp:102] Succeeded to add det start for frame 38
I1014 11:47:24.687055  5287 work_detect.cpp:70] Frame :38 detect result :2 face(s)
I1014 11:47:24.687106  5287 work_detect.cpp:86] Detected bbox: [161 x 211 from (285, 110)]
I1014 11:47:24.687139  5287 work_detect.cpp:86] Detected bbox: [51 x 48 from (95, 187)]
I1014 11:47:24.687180  5287 work_detect.cpp:120] Succeeded to add det end for frame 38
I1014 11:47:24.687196  5287 work_thread.hpp:81]  [T-Work-Detect_0] Run work: WrokTrack
I1014 11:47:24.687220  5287 work_track.cpp:82] Frame: 38 build input_characts: [0.251563 x 0.586111 from (0.445312, 0.305556)], 1.00035, 0
I1014 11:47:24.687271  5287 work_track.cpp:82] Frame: 38 build input_characts: [0.0796875 x 0.133333 from (0.148438, 0.519444)], 0.981359, 1
I1014 11:47:24.687332  5287 work_track.cpp:102] Succeeded to set track lock for frame 38
I1014 11:47:24.687376  5287 work_track.cpp:116] Succeeded to release track lock for frame 38
I1014 11:47:24.687391  5287 work_track.cpp:120] Track results of frame 38: 2 objects input, 1 objects tracked!
I1014 11:47:24.687409  5287 work_track.cpp:148] Frame: 38, track bbox: [161 x 211 from (285.15, 117.611)], gid: 0, lid: 0
I1014 11:47:24.687453  5287 work_track.cpp:162] Frame: 38 lid: 1 not tracked, will set invalid
I1014 11:47:24.687469  5287 work_thread.hpp:88]  [T-Work-Detect_0] Frame :38 split
I1014 11:47:24.687485  5287 work_thread.hpp:120]  [T-Work-Detect_0] Valid piece: gid = 0
I1014 11:47:24.687503  5287 work_thread.hpp:124]  [T-Work-Detect_0] Invalid piece: lid = 1, drop it
I1014 11:47:24.687518  5287 work_thread.hpp:92]  [T-Work-Detect_0] Push to split queue:recog
I1014 11:47:24.687587  5288 work_thread.hpp:81]  [T-Work-Recog_0] Run work: WorkCapture
I1014 11:47:24.687592  5290 thread_intergrate.hpp:78] [T-Intergrate-intergrate] queue: frame output frame :38
I1014 11:47:24.687620  5290 thread_intergrate.hpp:85] [T-Intergrate-intergrate] queue: compare output face:0
I1014 11:47:24.687639  5290 thread_intergrate.hpp:137] T-Intergrate-intergrate set matched face: 0
I1014 11:47:24.688177  5288 work_thread.hpp:81]  [T-Work-Recog_0] Run work: WorkRecog
I1014 11:47:24.688203  5288 work_recog.hpp:89] Face id: 0 will run recog: bbox [161 x 211 from (285, 110)] quality: 0.415704
I1014 11:47:24.688232  5288 work_recog.hpp:96] Recog pair: [232 x 296 from (248, 64)], [161 x 211 from (37, 46)]
I1014 11:47:24.688843  5290 thread_intergrate.hpp:157] T-Intergrate-intergrate Show face :0, size :640 * 360
I1014 11:47:24.689363  5286 demo_inner.hpp:435] thread [SORT-0]  frame id 38 sorting queue size 2   FPS: 29.7907
I1014 11:47:24.705674  5288 work_thread.hpp:81]  [T-Work-Recog_0] Run work: WorkCompare
I1014 11:47:24.705773  5288 work_compare.cpp:76] Compare face: 0 successed, similarity :0.978792, name : images/thanglmb.jpg, normal size : 640 * 360!
I1014 11:47:24.714490  5285 demo_inner.hpp:260]  gui queue size 2, state = running
I1014 11:47:24.715255  5284 demo_inner.hpp:177] decode queue size 0
I1014 11:47:24.715376  5287 work_thread.hpp:81]  [T-Work-Detect_0] Run work: WorkDetect
I1014 11:47:24.715412  5287 work_detect.cpp:102] Succeeded to add det start for frame 39
I1014 11:47:24.723242  5287 work_detect.cpp:70] Frame :39 detect result :1 face(s)
I1014 11:47:24.723295  5287 work_detect.cpp:86] Detected bbox: [146 x 192 from (291, 136)]
I1014 11:47:24.723340  5287 work_detect.cpp:120] Succeeded to add det end for frame 39
I1014 11:47:24.723364  5287 work_thread.hpp:81]  [T-Work-Detect_0] Run work: WrokTrack
I1014 11:47:24.723390  5287 work_track.cpp:82] Frame: 39 build input_characts: [0.228125 x 0.533333 from (0.454688, 0.377778)], 1.00019, 0
I1014 11:47:24.723445  5287 work_track.cpp:102] Succeeded to set track lock for frame 39
I1014 11:47:24.723511  5287 work_track.cpp:116] Succeeded to release track lock for frame 39
I1014 11:47:24.723526  5287 work_track.cpp:120] Track results of frame 39: 1 objects input, 1 objects tracked!
I1014 11:47:24.723544  5287 work_track.cpp:148] Frame: 39, track bbox: [146 x 192 from (291.487, 131.822)], gid: 0, lid: 0
I1014 11:47:24.723582  5287 work_thread.hpp:88]  [T-Work-Detect_0] Frame :39 split
I1014 11:47:24.723608  5287 work_thread.hpp:120]  [T-Work-Detect_0] Valid piece: gid = 0
I1014 11:47:24.723625  5287 work_thread.hpp:92]  [T-Work-Detect_0] Push to split queue:recog
I1014 11:47:24.723673  5288 work_thread.hpp:81]  [T-Work-Recog_0] Run work: WorkCapture
I1014 11:47:24.723677  5290 thread_intergrate.hpp:78] [T-Intergrate-intergrate] queue: frame output frame :39
I1014 11:47:24.723709  5290 thread_intergrate.hpp:85] [T-Intergrate-intergrate] queue: compare output face:0
I1014 11:47:24.723727  5290 thread_intergrate.hpp:137] T-Intergrate-intergrate set matched face: 0
I1014 11:47:24.724258  5288 work_thread.hpp:81]  [T-Work-Recog_0] Run work: WorkRecog
I1014 11:47:24.724283  5288 work_recog.hpp:89] Face id: 0 will run recog: bbox [146 x 192 from (291, 136)] quality: 0.449822
I1014 11:47:24.724313  5288 work_recog.hpp:96] Recog pair: [216 x 264 from (256, 96)], [146 x 192 from (35, 40)]
I1014 11:47:24.724938  5290 thread_intergrate.hpp:157] T-Intergrate-intergrate Show face :0, size :640 * 360
I1014 11:47:24.725457  5286 demo_inner.hpp:435] thread [SORT-0]  frame id 39 sorting queue size 0   FPS: 29.734
I1014 11:47:24.741844  5288 work_thread.hpp:81]  [T-Work-Recog_0] Run work: WorkCompare
I1014 11:47:24.741956  5288 work_compare.cpp:76] Compare face: 0 successed, similarity :0.974049, name : images/thanglmb.jpg, normal size : 640 * 360!
I1014 11:47:24.745707  5284 demo_inner.hpp:177] decode queue size 0
I1014 11:47:24.745793  5287 work_thread.hpp:81]  [T-Work-Detect_0] Run work: WorkDetect
I1014 11:47:24.745827  5287 work_detect.cpp:102] Succeeded to add det start for frame 40
I1014 11:47:24.753602  5287 work_detect.cpp:70] Frame :40 detect result :2 face(s)
I1014 11:47:24.753671  5287 work_detect.cpp:86] Detected bbox: [161 x 214 from (285, 109)]
I1014 11:47:24.753794  5287 work_detect.cpp:86] Detected bbox: [47 x 44 from (97, 188)]
I1014 11:47:24.753829  5287 work_detect.cpp:120] Succeeded to add det end for frame 40
I1014 11:47:24.753845  5287 work_thread.hpp:81]  [T-Work-Detect_0] Run work: WrokTrack
I1014 11:47:24.753880  5287 work_track.cpp:82] Frame: 40 build input_characts: [0.251563 x 0.594444 from (0.445312, 0.302778)], 1.00035, 0
I1014 11:47:24.753933  5287 work_track.cpp:82] Frame: 40 build input_characts: [0.0734375 x 0.122222 from (0.151562, 0.522222)], 0.913488, 1
I1014 11:47:24.753970  5287 work_track.cpp:102] Succeeded to set track lock for frame 40
I1014 11:47:24.754038  5287 work_track.cpp:116] Succeeded to release track lock for frame 40
I1014 11:47:24.754055  5287 work_track.cpp:120] Track results of frame 40: 2 objects input, 1 objects tracked!
I1014 11:47:24.754072  5287 work_track.cpp:148] Frame: 40, track bbox: [161 x 214 from (284.233, 112.07)], gid: 0, lid: 0
I1014 11:47:24.754187  5287 work_track.cpp:162] Frame: 40 lid: 1 not tracked, will set invalid
I1014 11:47:24.754205  5287 work_thread.hpp:88]  [T-Work-Detect_0] Frame :40 split
I1014 11:47:24.754245  5287 work_thread.hpp:120]  [T-Work-Detect_0] Valid piece: gid = 0
I1014 11:47:24.754264  5287 work_thread.hpp:124]  [T-Work-Detect_0] Invalid piece: lid = 1, drop it
I1014 11:47:24.754281  5287 work_thread.hpp:92]  [T-Work-Detect_0] Push to split queue:recog
I1014 11:47:24.754606  5289 work_thread.hpp:81]  [T-Work-Recog_1] Run work: WorkCapture
I1014 11:47:24.754631  5290 thread_intergrate.hpp:78] [T-Intergrate-intergrate] queue: frame output frame :40
I1014 11:47:24.754659  5290 thread_intergrate.hpp:85] [T-Intergrate-intergrate] queue: compare output face:0
I1014 11:47:24.754678  5290 thread_intergrate.hpp:137] T-Intergrate-intergrate set matched face: 0
I1014 11:47:24.755172  5289 work_thread.hpp:81]  [T-Work-Recog_1] Run work: WorkRecog
I1014 11:47:24.755196  5289 work_recog.hpp:89] Face id: 0 will run recog: bbox [161 x 214 from (285, 109)] quality: 0.460065
I1014 11:47:24.755223  5289 work_recog.hpp:96] Recog pair: [232 x 296 from (248, 64)], [161 x 214 from (37, 45)]
I1014 11:47:24.755842  5290 thread_intergrate.hpp:157] T-Intergrate-intergrate Show face :0, size :640 * 360
I1014 11:47:24.756415  5286 demo_inner.hpp:435] thread [SORT-0]  frame id 40 sorting queue size 1   FPS: 29.7937
I1014 11:47:24.772809  5289 work_thread.hpp:81]  [T-Work-Recog_1] Run work: WorkCompare
I1014 11:47:24.772934  5289 work_compare.cpp:76] Compare face: 0 successed, similarity :0.977008, name : images/thanglmb.jpg, normal size : 640 * 360!
I1014 11:47:24.781268  5284 demo_inner.hpp:177] decode queue size 0
I1014 11:47:24.781353  5285 demo_inner.hpp:260]  gui queue size 1, state = running
I1014 11:47:24.781376  5287 work_thread.hpp:81]  [T-Work-Detect_0] Run work: WorkDetect
I1014 11:47:24.781410  5287 work_detect.cpp:102] Succeeded to add det start for frame 41
I1014 11:47:24.789261  5287 work_detect.cpp:70] Frame :41 detect result :2 face(s)
I1014 11:47:24.789324  5287 work_detect.cpp:86] Detected bbox: [151 x 195 from (290, 134)]
I1014 11:47:24.789357  5287 work_detect.cpp:86] Detected bbox: [50 x 44 from (96, 188)]
I1014 11:47:24.789389  5287 work_detect.cpp:120] Succeeded to add det end for frame 41
I1014 11:47:24.789407  5287 work_thread.hpp:81]  [T-Work-Detect_0] Run work: WrokTrack
I1014 11:47:24.789458  5287 work_track.cpp:82] Frame: 41 build input_characts: [0.235938 x 0.541667 from (0.453125, 0.372222)], 1.00019, 0
I1014 11:47:24.789512  5287 work_track.cpp:82] Frame: 41 build input_characts: [0.078125 x 0.122222 from (0.15, 0.522222)], 0.957163, 1
I1014 11:47:24.789561  5287 work_track.cpp:102] Succeeded to set track lock for frame 41
I1014 11:47:24.789607  5287 work_track.cpp:116] Succeeded to release track lock for frame 41
I1014 11:47:24.789620  5287 work_track.cpp:120] Track results of frame 41: 2 objects input, 1 objects tracked!
I1014 11:47:24.789638  5287 work_track.cpp:148] Frame: 41, track bbox: [151 x 195 from (289.628, 126.438)], gid: 0, lid: 0
I1014 11:47:24.789748  5287 work_track.cpp:162] Frame: 41 lid: 1 not tracked, will set invalid
I1014 11:47:24.789765  5287 work_thread.hpp:88]  [T-Work-Detect_0] Frame :41 split
I1014 11:47:24.789783  5287 work_thread.hpp:120]  [T-Work-Detect_0] Valid piece: gid = 0
I1014 11:47:24.789808  5287 work_thread.hpp:124]  [T-Work-Detect_0] Invalid piece: lid = 1, drop it
I1014 11:47:24.789824  5287 work_thread.hpp:92]  [T-Work-Detect_0] Push to split queue:recog
I1014 11:47:24.789875  5288 work_thread.hpp:81]  [T-Work-Recog_0] Run work: WorkCapture
I1014 11:47:24.789878  5290 thread_intergrate.hpp:78] [T-Intergrate-intergrate] queue: frame output frame :41
I1014 11:47:24.789921  5290 thread_intergrate.hpp:85] [T-Intergrate-intergrate] queue: compare output face:0
I1014 11:47:24.789940  5290 thread_intergrate.hpp:137] T-Intergrate-intergrate set matched face: 0
I1014 11:47:24.790499  5288 work_thread.hpp:81]  [T-Work-Recog_0] Run work: WorkRecog
I1014 11:47:24.790606  5288 work_recog.hpp:89] Face id: 0 will run recog: bbox [151 x 195 from (290, 134)] quality: 0.438707
I1014 11:47:24.790637  5288 work_recog.hpp:96] Recog pair: [216 x 272 from (256, 88)], [151 x 195 from (34, 46)]
I1014 11:47:24.791118  5290 thread_intergrate.hpp:157] T-Intergrate-intergrate Show face :0, size :640 * 360
I1014 11:47:24.791564  5286 demo_inner.hpp:435] thread [SORT-0]  frame id 41 sorting queue size 0   FPS: 29.7398
I1014 11:47:24.808122  5288 work_thread.hpp:81]  [T-Work-Recog_0] Run work: WorkCompare
I1014 11:47:24.808244  5288 work_compare.cpp:76] Compare face: 0 successed, similarity :0.97688, name : images/thanglmb.jpg, normal size : 640 * 360!
I1014 11:47:24.811683  5284 demo_inner.hpp:177] decode queue size 0
I1014 11:47:24.811764  5287 work_thread.hpp:81]  [T-Work-Detect_0] Run work: WorkDetect
I1014 11:47:24.811821  5287 work_detect.cpp:102] Succeeded to add det start for frame 42
I1014 11:47:24.819613  5287 work_detect.cpp:70] Frame :42 detect result :2 face(s)
I1014 11:47:24.819664  5287 work_detect.cpp:86] Detected bbox: [156 x 204 from (286, 130)]
I1014 11:47:24.819753  5287 work_detect.cpp:86] Detected bbox: [49 x 44 from (96, 188)]
I1014 11:47:24.819787  5287 work_detect.cpp:120] Succeeded to add det end for frame 42
I1014 11:47:24.819828  5287 work_thread.hpp:81]  [T-Work-Detect_0] Run work: WrokTrack
I1014 11:47:24.819855  5287 work_track.cpp:82] Frame: 42 build input_characts: [0.24375 x 0.566667 from (0.446875, 0.361111)], 1.00019, 0
I1014 11:47:24.819908  5287 work_track.cpp:82] Frame: 42 build input_characts: [0.0765625 x 0.122222 from (0.15, 0.522222)], 0.913488, 1
I1014 11:47:24.819953  5287 work_track.cpp:102] Succeeded to set track lock for frame 42
I1014 11:47:24.820019  5287 work_track.cpp:116] Succeeded to release track lock for frame 42
I1014 11:47:24.820035  5287 work_track.cpp:120] Track results of frame 42: 2 objects input, 2 objects tracked!
I1014 11:47:24.820061  5287 work_track.cpp:148] Frame: 42, track bbox: [156 x 204 from (286.359, 126.974)], gid: 0, lid: 0
I1014 11:47:24.820098  5287 work_track.cpp:148] Frame: 42, track bbox: [49 x 44 from (96.1156, 187.977)], gid: 2, lid: 1
I1014 11:47:24.820133  5287 work_thread.hpp:88]  [T-Work-Detect_0] Frame :42 split
I1014 11:47:24.820150  5287 work_thread.hpp:120]  [T-Work-Detect_0] Valid piece: gid = 0
I1014 11:47:24.820215  5287 work_thread.hpp:120]  [T-Work-Detect_0] Valid piece: gid = 2
I1014 11:47:24.820235  5287 work_thread.hpp:92]  [T-Work-Detect_0] Push to split queue:recog
I1014 11:47:24.820262  5287 work_thread.hpp:92]  [T-Work-Detect_0] Push to split queue:recog
I1014 11:47:24.820276  5289 work_thread.hpp:81]  [T-Work-Recog_1] Run work: WorkCapture
I1014 11:47:24.820295  5288 work_thread.hpp:81]  [T-Work-Recog_0] Run work: WorkCapture
I1014 11:47:24.820310  5290 thread_intergrate.hpp:78] [T-Intergrate-intergrate] queue: frame output frame :42
I1014 11:47:24.820343  5290 thread_intergrate.hpp:85] [T-Intergrate-intergrate] queue: compare output face:0
I1014 11:47:24.820363  5290 thread_intergrate.hpp:137] T-Intergrate-intergrate set matched face: 0
I1014 11:47:24.820878  5288 work_thread.hpp:81]  [T-Work-Recog_0] Run work: WorkRecog
I1014 11:47:24.820906  5289 work_thread.hpp:81]  [T-Work-Recog_1] Run work: WorkRecog
W1014 11:47:24.820900  5288 work_recog.hpp:118] Face id: 2 has low quality : 0.0370191, no need to recog
I1014 11:47:24.820940  5289 work_recog.hpp:89] Face id: 0 will run recog: bbox [156 x 204 from (286, 130)] quality: 0.450428
I1014 11:47:24.821000  5288 work_thread.hpp:81]  [T-Work-Recog_0] Run work: WorkCompare
I1014 11:47:24.821007  5289 work_recog.hpp:96] Recog pair: [232 x 272 from (248, 88)], [156 x 204 from (38, 42)]
I1014 11:47:24.821578  5290 thread_intergrate.hpp:157] T-Intergrate-intergrate Show face :0, size :640 * 360
I1014 11:47:24.822118  5286 demo_inner.hpp:435] thread [SORT-0]  frame id 42 sorting queue size 1   FPS: 29.8182
I1014 11:47:24.839401  5289 work_thread.hpp:81]  [T-Work-Recog_1] Run work: WorkCompare
I1014 11:47:24.839583  5289 work_compare.cpp:76] Compare face: 0 successed, similarity :0.97562, name : images/thanglmb.jpg, normal size : 640 * 360!
I1014 11:47:24.847645  5284 demo_inner.hpp:177] decode queue size 0
I1014 11:47:24.847772  5287 work_thread.hpp:81]  [T-Work-Detect_0] Run work: WorkDetect
I1014 11:47:24.847807  5287 work_detect.cpp:102] Succeeded to add det start for frame 43
I1014 11:47:24.848604  5285 demo_inner.hpp:260]  gui queue size 1, state = running
I1014 11:47:24.855649  5287 work_detect.cpp:70] Frame :43 detect result :1 face(s)
I1014 11:47:24.855775  5287 work_detect.cpp:86] Detected bbox: [152 x 200 from (291, 130)]
I1014 11:47:24.855820  5287 work_detect.cpp:120] Succeeded to add det end for frame 43
I1014 11:47:24.855837  5287 work_thread.hpp:81]  [T-Work-Detect_0] Run work: WrokTrack
I1014 11:47:24.855870  5287 work_track.cpp:82] Frame: 43 build input_characts: [0.2375 x 0.555556 from (0.454688, 0.361111)], 1.00019, 0
I1014 11:47:24.855926  5287 work_track.cpp:102] Succeeded to set track lock for frame 43
I1014 11:47:24.855993  5287 work_track.cpp:116] Succeeded to release track lock for frame 43
I1014 11:47:24.856009  5287 work_track.cpp:120] Track results of frame 43: 1 objects input, 2 objects tracked!
I1014 11:47:24.856027  5287 work_track.cpp:148] Frame: 43, track bbox: [152 x 200 from (289.812, 132.452)], gid: 0, lid: 0
I1014 11:47:24.856062  5287 work_track.cpp:148] Frame: 43, track bbox: [49 x 44 from (96.0806, 187.884)], gid: 2, lid: -1
I1014 11:47:24.856096  5287 work_thread.hpp:88]  [T-Work-Detect_0] Frame :43 split
I1014 11:47:24.856122  5287 work_thread.hpp:120]  [T-Work-Detect_0] Valid piece: gid = 0
I1014 11:47:24.856142  5287 work_thread.hpp:92]  [T-Work-Detect_0] Push to split queue:recog
I1014 11:47:24.856209  5289 work_thread.hpp:81]  [T-Work-Recog_1] Run work: WorkCapture
I1014 11:47:24.856211  5290 thread_intergrate.hpp:78] [T-Intergrate-intergrate] queue: frame output frame :43
I1014 11:47:24.856252  5290 thread_intergrate.hpp:85] [T-Intergrate-intergrate] queue: compare output face:0
I1014 11:47:24.856271  5290 thread_intergrate.hpp:137] T-Intergrate-intergrate set matched face: 0
I1014 11:47:24.856809  5289 work_thread.hpp:81]  [T-Work-Recog_1] Run work: WorkRecog
I1014 11:47:24.856835  5289 work_recog.hpp:89] Face id: 0 will run recog: bbox [152 x 200 from (291, 130)] quality: 0.463142
I1014 11:47:24.856864  5289 work_recog.hpp:96] Recog pair: [224 x 272 from (256, 88)], [152 x 200 from (35, 42)]
I1014 11:47:24.857455  5290 thread_intergrate.hpp:157] T-Intergrate-intergrate Show face :0, size :640 * 360
I1014 11:47:24.857954  5286 demo_inner.hpp:435] thread [SORT-0]  frame id 43 sorting queue size 0   FPS: 29.7661
I1014 11:47:24.874775  5289 work_thread.hpp:81]  [T-Work-Recog_1] Run work: WorkCompare
I1014 11:47:24.874884  5289 work_compare.cpp:76] Compare face: 0 successed, similarity :0.9777, name : images/thanglmb.jpg, normal size : 640 * 360!
I1014 11:47:24.877740  5284 demo_inner.hpp:177] decode queue size 0
I1014 11:47:24.877825  5287 work_thread.hpp:81]  [T-Work-Detect_0] Run work: WorkDetect
I1014 11:47:24.877861  5287 work_detect.cpp:102] Succeeded to add det start for frame 44
I1014 11:47:24.885805  5287 work_detect.cpp:70] Frame :44 detect result :1 face(s)
I1014 11:47:24.885856  5287 work_detect.cpp:86] Detected bbox: [147 x 191 from (292, 134)]
I1014 11:47:24.885908  5287 work_detect.cpp:120] Succeeded to add det end for frame 44
I1014 11:47:24.885926  5287 work_thread.hpp:81]  [T-Work-Detect_0] Run work: WrokTrack
I1014 11:47:24.885949  5287 work_track.cpp:82] Frame: 44 build input_characts: [0.229687 x 0.530556 from (0.45625, 0.372222)], 0.999622, 0
I1014 11:47:24.886029  5287 work_track.cpp:102] Succeeded to set track lock for frame 44
I1014 11:47:24.886071  5287 work_track.cpp:116] Succeeded to release track lock for frame 44
I1014 11:47:24.886086  5287 work_track.cpp:120] Track results of frame 44: 1 objects input, 1 objects tracked!
I1014 11:47:24.886104  5287 work_track.cpp:148] Frame: 44, track bbox: [147 x 191 from (292.548, 135.164)], gid: 0, lid: 0
I1014 11:47:24.886221  5287 work_thread.hpp:88]  [T-Work-Detect_0] Frame :44 split
I1014 11:47:24.886265  5287 work_thread.hpp:120]  [T-Work-Detect_0] Valid piece: gid = 0
I1014 11:47:24.886284  5287 work_thread.hpp:92]  [T-Work-Detect_0] Push to split queue:recog
I1014 11:47:24.886596  5288 work_thread.hpp:81]  [T-Work-Recog_0] Run work: WorkCapture
I1014 11:47:24.886605  5290 thread_intergrate.hpp:78] [T-Intergrate-intergrate] queue: frame output frame :44
I1014 11:47:24.886631  5290 thread_intergrate.hpp:85] [T-Intergrate-intergrate] queue: compare output face:0
I1014 11:47:24.886651  5290 thread_intergrate.hpp:137] T-Intergrate-intergrate set matched face: 0
I1014 11:47:24.887178  5288 work_thread.hpp:81]  [T-Work-Recog_0] Run work: WorkRecog
I1014 11:47:24.887203  5288 work_recog.hpp:89] Face id: 0 will run recog: bbox [147 x 191 from (292, 134)] quality: 0.406246
I1014 11:47:24.887233  5288 work_recog.hpp:96] Recog pair: [216 x 264 from (256, 96)], [147 x 191 from (36, 38)]
I1014 11:47:24.887828  5290 thread_intergrate.hpp:157] T-Intergrate-intergrate Show face :0, size :640 * 360
I1014 11:47:24.888420  5286 demo_inner.hpp:435] thread [SORT-0]  frame id 44 sorting queue size 1   FPS: 29.8404
I1014 11:47:24.904711  5288 work_thread.hpp:81]  [T-Work-Recog_0] Run work: WorkCompare
I1014 11:47:24.904819  5288 work_compare.cpp:76] Compare face: 0 successed, similarity :0.98208, name : images/thanglmb.jpg, normal size : 640 * 360!
I1014 11:47:24.913727  5284 demo_inner.hpp:177] decode queue size 0
I1014 11:47:24.913844  5287 work_thread.hpp:81]  [T-Work-Detect_0] Run work: WorkDetect
I1014 11:47:24.913882  5287 work_detect.cpp:102] Succeeded to add det start for frame 45
I1014 11:47:24.921566  5285 demo_inner.hpp:260]  gui queue size 1, state = running
I1014 11:47:24.921633  5287 work_detect.cpp:70] Frame :45 detect result :2 face(s)
I1014 11:47:24.921656  5287 work_detect.cpp:86] Detected bbox: [152 x 198 from (291, 130)]
I1014 11:47:24.921779  5287 work_detect.cpp:86] Detected bbox: [50 x 49 from (95, 186)]
I1014 11:47:24.921823  5287 work_detect.cpp:120] Succeeded to add det end for frame 45
I1014 11:47:24.921840  5287 work_thread.hpp:81]  [T-Work-Detect_0] Run work: WrokTrack
I1014 11:47:24.921864  5287 work_track.cpp:82] Frame: 45 build input_characts: [0.2375 x 0.55 from (0.454688, 0.361111)], 0.999622, 0
I1014 11:47:24.921918  5287 work_track.cpp:82] Frame: 45 build input_characts: [0.078125 x 0.136111 from (0.148438, 0.516667)], 0.981359, 1
I1014 11:47:24.921985  5287 work_track.cpp:102] Succeeded to set track lock for frame 45
I1014 11:47:24.922034  5287 work_track.cpp:116] Succeeded to release track lock for frame 45
I1014 11:47:24.922049  5287 work_track.cpp:120] Track results of frame 45: 2 objects input, 1 objects tracked!
I1014 11:47:24.922075  5287 work_track.cpp:148] Frame: 45, track bbox: [152 x 198 from (290.549, 133.076)], gid: 0, lid: 0
I1014 11:47:24.922111  5287 work_track.cpp:162] Frame: 45 lid: 1 not tracked, will set invalid
I1014 11:47:24.922127  5287 work_thread.hpp:88]  [T-Work-Detect_0] Frame :45 split
I1014 11:47:24.922144  5287 work_thread.hpp:120]  [T-Work-Detect_0] Valid piece: gid = 0
I1014 11:47:24.922163  5287 work_thread.hpp:124]  [T-Work-Detect_0] Invalid piece: lid = 1, drop it
I1014 11:47:24.922201  5287 work_thread.hpp:92]  [T-Work-Detect_0] Push to split queue:recog
I1014 11:47:24.922250  5288 work_thread.hpp:81]  [T-Work-Recog_0] Run work: WorkCapture
I1014 11:47:24.922278  5290 thread_intergrate.hpp:78] [T-Intergrate-intergrate] queue: frame output frame :45
I1014 11:47:24.922639  5290 thread_intergrate.hpp:85] [T-Intergrate-intergrate] queue: compare output face:0
I1014 11:47:24.922688  5290 thread_intergrate.hpp:137] T-Intergrate-intergrate set matched face: 0
I1014 11:47:24.922859  5288 work_thread.hpp:81]  [T-Work-Recog_0] Run work: WorkRecog
I1014 11:47:24.922885  5288 work_recog.hpp:89] Face id: 0 will run recog: bbox [152 x 198 from (291, 130)] quality: 0.467477
I1014 11:47:24.922919  5288 work_recog.hpp:96] Recog pair: [224 x 272 from (256, 88)], [152 x 198 from (35, 42)]
I1014 11:47:24.924348  5290 thread_intergrate.hpp:157] T-Intergrate-intergrate Show face :0, size :640 * 360
I1014 11:47:24.925160  5286 demo_inner.hpp:435] thread [SORT-0]  frame id 45 sorting queue size 0   FPS: 29.77
I1014 11:47:24.940915  5288 work_thread.hpp:81]  [T-Work-Recog_0] Run work: WorkCompare
I1014 11:47:24.941025  5288 work_compare.cpp:76] Compare face: 0 successed, similarity :0.976705, name : images/thanglmb.jpg, normal size : 640 * 360!
I1014 11:47:24.949827  5284 demo_inner.hpp:177] decode queue size 0
I1014 11:47:24.949951  5287 work_thread.hpp:81]  [T-Work-Detect_0] Run work: WorkDetect
I1014 11:47:24.949997  5287 work_detect.cpp:102] Succeeded to add det start for frame 46
I1014 11:47:24.957876  5287 work_detect.cpp:70] Frame :46 detect result :2 face(s)
I1014 11:47:24.957921  5287 work_detect.cpp:86] Detected bbox: [156 x 203 from (288, 127)]
I1014 11:47:24.957954  5287 work_detect.cpp:86] Detected bbox: [48 x 42 from (96, 188)]
I1014 11:47:24.957993  5287 work_detect.cpp:120] Succeeded to add det end for frame 46
I1014 11:47:24.958009  5287 work_thread.hpp:81]  [T-Work-Detect_0] Run work: WrokTrack
I1014 11:47:24.958034  5287 work_track.cpp:82] Frame: 46 build input_characts: [0.24375 x 0.563889 from (0.45, 0.352778)], 0.997412, 0
I1014 11:47:24.958086  5287 work_track.cpp:82] Frame: 46 build input_characts: [0.075 x 0.116667 from (0.15, 0.522222)], 0.947545, 1
I1014 11:47:24.958149  5287 work_track.cpp:102] Succeeded to set track lock for frame 46
I1014 11:47:24.958194  5287 work_track.cpp:116] Succeeded to release track lock for frame 46
I1014 11:47:24.958209  5287 work_track.cpp:120] Track results of frame 46: 2 objects input, 1 objects tracked!
I1014 11:47:24.958235  5287 work_track.cpp:148] Frame: 46, track bbox: [156 x 203 from (288.505, 126.817)], gid: 0, lid: 0
I1014 11:47:24.958271  5287 work_track.cpp:162] Frame: 46 lid: 1 not tracked, will set invalid
I1014 11:47:24.958287  5287 work_thread.hpp:88]  [T-Work-Detect_0] Frame :46 split
I1014 11:47:24.958621  5287 work_thread.hpp:120]  [T-Work-Detect_0] Valid piece: gid = 0
I1014 11:47:24.958642  5287 work_thread.hpp:124]  [T-Work-Detect_0] Invalid piece: lid = 1, drop it
I1014 11:47:24.958658  5287 work_thread.hpp:92]  [T-Work-Detect_0] Push to split queue:recog
I1014 11:47:24.958698  5288 work_thread.hpp:81]  [T-Work-Recog_0] Run work: WorkCapture
I1014 11:47:24.958709  5290 thread_intergrate.hpp:78] [T-Intergrate-intergrate] queue: frame output frame :46
I1014 11:47:24.958806  5290 thread_intergrate.hpp:85] [T-Intergrate-intergrate] queue: compare output face:0
I1014 11:47:24.958825  5290 thread_intergrate.hpp:137] T-Intergrate-intergrate set matched face: 0
I1014 11:47:24.959257  5288 work_thread.hpp:81]  [T-Work-Recog_0] Run work: WorkRecog
I1014 11:47:24.959281  5288 work_recog.hpp:89] Face id: 0 will run recog: bbox [156 x 203 from (288, 127)] quality: 0.46401
I1014 11:47:24.959311  5288 work_recog.hpp:96] Recog pair: [224 x 280 from (256, 80)], [156 x 203 from (32, 47)]
I1014 11:47:24.960227  5290 thread_intergrate.hpp:157] T-Intergrate-intergrate Show face :0, size :640 * 360
I1014 11:47:24.960791  5286 demo_inner.hpp:435] thread [SORT-0]  frame id 46 sorting queue size 1   FPS: 29.7226
I1014 11:47:24.976876  5288 work_thread.hpp:81]  [T-Work-Recog_0] Run work: WorkCompare
I1014 11:47:24.976990  5288 work_compare.cpp:76] Compare face: 0 successed, similarity :0.984423, name : images/thanglmb.jpg, normal size : 640 * 360!
I1014 11:47:24.980304  5284 demo_inner.hpp:177] decode queue size 0
I1014 11:47:24.980372  5287 work_thread.hpp:81]  [T-Work-Detect_0] Run work: WorkDetect
I1014 11:47:24.980407  5287 work_detect.cpp:102] Succeeded to add det start for frame 47
I1014 11:47:24.987040  5287 work_detect.cpp:70] Frame :47 detect result :1 face(s)
I1014 11:47:24.987088  5287 work_detect.cpp:86] Detected bbox: [150 x 202 from (291, 112)]
I1014 11:47:24.987133  5287 work_detect.cpp:120] Succeeded to add det end for frame 47
I1014 11:47:24.987149  5287 work_thread.hpp:81]  [T-Work-Detect_0] Run work: WrokTrack
I1014 11:47:24.987174  5287 work_track.cpp:82] Frame: 47 build input_characts: [0.234375 x 0.561111 from (0.454688, 0.311111)], 0.997596, 0
I1014 11:47:24.987303  5287 work_track.cpp:102] Succeeded to set track lock for frame 47
I1014 11:47:24.987349  5287 work_track.cpp:116] Succeeded to release track lock for frame 47
I1014 11:47:24.987362  5287 work_track.cpp:120] Track results of frame 47: 1 objects input, 1 objects tracked!
I1014 11:47:24.987380  5287 work_track.cpp:148] Frame: 47, track bbox: [150 x 202 from (291.519, 118.857)], gid: 0, lid: 0
I1014 11:47:24.987417  5287 work_thread.hpp:88]  [T-Work-Detect_0] Frame :47 split
I1014 11:47:24.987435  5287 work_thread.hpp:120]  [T-Work-Detect_0] Valid piece: gid = 0
I1014 11:47:24.987454  5287 work_thread.hpp:92]  [T-Work-Detect_0] Push to split queue:recog
I1014 11:47:24.987505  5289 work_thread.hpp:81]  [T-Work-Recog_1] Run work: WorkCapture
I1014 11:47:24.987818  5290 thread_intergrate.hpp:78] [T-Intergrate-intergrate] queue: frame output frame :47
I1014 11:47:24.987845  5290 thread_intergrate.hpp:85] [T-Intergrate-intergrate] queue: compare output face:0
I1014 11:47:24.987864  5290 thread_intergrate.hpp:137] T-Intergrate-intergrate set matched face: 0
I1014 11:47:24.988065  5289 work_thread.hpp:81]  [T-Work-Recog_1] Run work: WorkRecog
I1014 11:47:24.988088  5289 work_recog.hpp:89] Face id: 0 will run recog: bbox [150 x 202 from (291, 112)] quality: 0.424089
I1014 11:47:24.988116  5289 work_recog.hpp:96] Recog pair: [216 x 288 from (256, 72)], [150 x 202 from (35, 40)]
I1014 11:47:24.989740  5290 thread_intergrate.hpp:157] T-Intergrate-intergrate Show face :0, size :640 * 360
I1014 11:47:24.990391  5286 demo_inner.hpp:435] thread [SORT-0]  frame id 47 sorting queue size 2   FPS: 29.8121
I1014 11:47:25.006469  5289 work_thread.hpp:81]  [T-Work-Recog_1] Run work: WorkCompare
I1014 11:47:25.006594  5289 work_compare.cpp:76] Compare face: 0 successed, similarity :0.988416, name : images/thanglmb.jpg, normal size : 640 * 360!
I1014 11:47:25.015779  5285 demo_inner.hpp:260]  gui queue size 2, state = running
I1014 11:47:25.015847  5284 demo_inner.hpp:177] decode queue size 0
I1014 11:47:25.015938  5287 work_thread.hpp:81]  [T-Work-Detect_0] Run work: WorkDetect
I1014 11:47:25.015974  5287 work_detect.cpp:102] Succeeded to add det start for frame 48
I1014 11:47:25.022625  5287 work_detect.cpp:70] Frame :48 detect result :2 face(s)
I1014 11:47:25.022678  5287 work_detect.cpp:86] Detected bbox: [154 x 200 from (288, 128)]
I1014 11:47:25.022711  5287 work_detect.cpp:86] Detected bbox: [53 x 47 from (94, 187)]
I1014 11:47:25.022743  5287 work_detect.cpp:120] Succeeded to add det end for frame 48
I1014 11:47:25.022760  5287 work_thread.hpp:81]  [T-Work-Detect_0] Run work: WrokTrack
I1014 11:47:25.022785  5287 work_track.cpp:82] Frame: 48 build input_characts: [0.240625 x 0.555556 from (0.45, 0.355556)], 0.999622, 0
I1014 11:47:25.022840  5287 work_track.cpp:82] Frame: 48 build input_characts: [0.0828125 x 0.130556 from (0.146875, 0.519444)], 0.939474, 1
I1014 11:47:25.022876  5287 work_track.cpp:102] Succeeded to set track lock for frame 48
I1014 11:47:25.022919  5287 work_track.cpp:116] Succeeded to release track lock for frame 48
I1014 11:47:25.022934  5287 work_track.cpp:120] Track results of frame 48: 2 objects input, 1 objects tracked!
I1014 11:47:25.022953  5287 work_track.cpp:148] Frame: 48, track bbox: [154 x 200 from (288.373, 122.056)], gid: 0, lid: 0
I1014 11:47:25.022989  5287 work_track.cpp:162] Frame: 48 lid: 1 not tracked, will set invalid
I1014 11:47:25.023005  5287 work_thread.hpp:88]  [T-Work-Detect_0] Frame :48 split
I1014 11:47:25.023022  5287 work_thread.hpp:120]  [T-Work-Detect_0] Valid piece: gid = 0
I1014 11:47:25.023041  5287 work_thread.hpp:124]  [T-Work-Detect_0] Invalid piece: lid = 1, drop it
I1014 11:47:25.023056  5287 work_thread.hpp:92]  [T-Work-Detect_0] Push to split queue:recog
I1014 11:47:25.023106  5288 work_thread.hpp:81]  [T-Work-Recog_0] Run work: WorkCapture
I1014 11:47:25.023106  5290 thread_intergrate.hpp:78] [T-Intergrate-intergrate] queue: frame output frame :48
I1014 11:47:25.023238  5290 thread_intergrate.hpp:85] [T-Intergrate-intergrate] queue: compare output face:0
I1014 11:47:25.023259  5290 thread_intergrate.hpp:137] T-Intergrate-intergrate set matched face: 0
I1014 11:47:25.023682  5288 work_thread.hpp:81]  [T-Work-Recog_0] Run work: WorkRecog
I1014 11:47:25.023706  5288 work_recog.hpp:89] Face id: 0 will run recog: bbox [154 x 200 from (288, 128)] quality: 0.4705
I1014 11:47:25.023735  5288 work_recog.hpp:96] Recog pair: [216 x 272 from (256, 88)], [154 x 200 from (32, 40)]
I1014 11:47:25.025065  5290 thread_intergrate.hpp:157] T-Intergrate-intergrate Show face :0, size :640 * 360
I1014 11:47:25.025615  5286 demo_inner.hpp:435] thread [SORT-0]  frame id 48 sorting queue size 0   FPS: 29.7657
I1014 11:47:25.041316  5288 work_thread.hpp:81]  [T-Work-Recog_0] Run work: WorkCompare
I1014 11:47:25.041421  5288 work_compare.cpp:76] Compare face: 0 successed, similarity :0.983074, name : images/thanglmb.jpg, normal size : 640 * 360!
I1014 11:47:25.046332  5284 demo_inner.hpp:177] decode queue size 0
I1014 11:47:25.046417  5287 work_thread.hpp:81]  [T-Work-Detect_0] Run work: WorkDetect
I1014 11:47:25.046450  5287 work_detect.cpp:102] Succeeded to add det start for frame 49
I1014 11:47:25.053210  5287 work_detect.cpp:70] Frame :49 detect result :1 face(s)
I1014 11:47:25.053263  5287 work_detect.cpp:86] Detected bbox: [150 x 196 from (290, 129)]
I1014 11:47:25.053306  5287 work_detect.cpp:120] Succeeded to add det end for frame 49
I1014 11:47:25.053323  5287 work_thread.hpp:81]  [T-Work-Detect_0] Run work: WrokTrack
I1014 11:47:25.053349  5287 work_track.cpp:82] Frame: 49 build input_characts: [0.234375 x 0.544444 from (0.453125, 0.358333)], 0.997596, 0
I1014 11:47:25.053405  5287 work_track.cpp:102] Succeeded to set track lock for frame 49
I1014 11:47:25.053447  5287 work_track.cpp:116] Succeeded to release track lock for frame 49
I1014 11:47:25.053462  5287 work_track.cpp:120] Track results of frame 49: 1 objects input, 1 objects tracked!
I1014 11:47:25.053479  5287 work_track.cpp:148] Frame: 49, track bbox: [150 x 196 from (290.146, 125.626)], gid: 0, lid: 0
I1014 11:47:25.053515  5287 work_thread.hpp:88]  [T-Work-Detect_0] Frame :49 split
I1014 11:47:25.053534  5287 work_thread.hpp:120]  [T-Work-Detect_0] Valid piece: gid = 0
I1014 11:47:25.053552  5287 work_thread.hpp:92]  [T-Work-Detect_0] Push to split queue:recog
I1014 11:47:25.053597  5289 work_thread.hpp:81]  [T-Work-Recog_1] Run work: WorkCapture
I1014 11:47:25.053612  5290 thread_intergrate.hpp:78] [T-Intergrate-intergrate] queue: frame output frame :49
I1014 11:47:25.053643  5290 thread_intergrate.hpp:85] [T-Intergrate-intergrate] queue: compare output face:0
I1014 11:47:25.053661  5290 thread_intergrate.hpp:137] T-Intergrate-intergrate set matched face: 0
I1014 11:47:25.054167  5289 work_thread.hpp:81]  [T-Work-Recog_1] Run work: WorkRecog
I1014 11:47:25.054190  5289 work_recog.hpp:89] Face id: 0 will run recog: bbox [150 x 196 from (290, 129)] quality: 0.459322
I1014 11:47:25.054219  5289 work_recog.hpp:96] Recog pair: [216 x 272 from (256, 88)], [150 x 196 from (34, 41)]
I1014 11:47:25.055384  5290 thread_intergrate.hpp:157] T-Intergrate-intergrate Show face :0, size :640 * 360
I1014 11:47:25.056005  5286 demo_inner.hpp:435] thread [SORT-0]  frame id 49 sorting queue size 1   FPS: 29.8322
I1014 11:47:25.071822  5289 work_thread.hpp:81]  [T-Work-Recog_1] Run work: WorkCompare
I1014 11:47:25.071920  5289 work_compare.cpp:76] Compare face: 0 successed, similarity :0.980156, name : images/thanglmb.jpg, normal size : 640 * 360!
I1014 11:47:25.081728  5284 demo_inner.hpp:177] decode queue size 0
I1014 11:47:25.081876  5287 work_thread.hpp:81]  [T-Work-Detect_0] Run work: WorkDetect
I1014 11:47:25.081912  5287 work_detect.cpp:102] Succeeded to add det start for frame 50
I1014 11:47:25.088652  5287 work_detect.cpp:70] Frame :50 detect result :2 face(s)
I1014 11:47:25.088713  5287 work_detect.cpp:86] Detected bbox: [155 x 202 from (290, 129)]
I1014 11:47:25.088752  5287 work_detect.cpp:86] Detected bbox: [49 x 44 from (96, 188)]
I1014 11:47:25.088873  5287 work_detect.cpp:120] Succeeded to add det end for frame 50
I1014 11:47:25.088892  5287 work_thread.hpp:81]  [T-Work-Detect_0] Run work: WrokTrack
I1014 11:47:25.088918  5287 work_track.cpp:82] Frame: 50 build input_characts: [0.242188 x 0.561111 from (0.453125, 0.358333)], 0.999622, 0
I1014 11:47:25.088974  5287 work_track.cpp:82] Frame: 50 build input_characts: [0.0765625 x 0.122222 from (0.15, 0.522222)], 0.909375, 1
I1014 11:47:25.088999  5285 demo_inner.hpp:260]  gui queue size 1, state = running
I1014 11:47:25.089010  5287 work_track.cpp:102] Succeeded to set track lock for frame 50
I1014 11:47:25.089058  5287 work_track.cpp:116] Succeeded to release track lock for frame 50
I1014 11:47:25.089073  5287 work_track.cpp:120] Track results of frame 50: 2 objects input, 1 objects tracked!
I1014 11:47:25.089092  5287 work_track.cpp:148] Frame: 50, track bbox: [155 x 202 from (288.486, 126.041)], gid: 0, lid: 0
I1014 11:47:25.089128  5287 work_track.cpp:162] Frame: 50 lid: 1 not tracked, will set invalid
I1014 11:47:25.089145  5287 work_thread.hpp:88]  [T-Work-Detect_0] Frame :50 split
I1014 11:47:25.089164  5287 work_thread.hpp:120]  [T-Work-Detect_0] Valid piece: gid = 0
I1014 11:47:25.089184  5287 work_thread.hpp:124]  [T-Work-Detect_0] Invalid piece: lid = 1, drop it
I1014 11:47:25.089200  5287 work_thread.hpp:92]  [T-Work-Detect_0] Push to split queue:recog
I1014 11:47:25.089264  5288 work_thread.hpp:81]  [T-Work-Recog_0] Run work: WorkCapture
I1014 11:47:25.089277  5290 thread_intergrate.hpp:78] [T-Intergrate-intergrate] queue: frame output frame :50
I1014 11:47:25.089309  5290 thread_intergrate.hpp:85] [T-Intergrate-intergrate] queue: compare output face:0
I1014 11:47:25.089329  5290 thread_intergrate.hpp:137] T-Intergrate-intergrate set matched face: 0
I1014 11:47:25.089871  5288 work_thread.hpp:81]  [T-Work-Recog_0] Run work: WorkRecog
I1014 11:47:25.089897  5288 work_recog.hpp:89] Face id: 0 will run recog: bbox [155 x 202 from (290, 129)] quality: 0.415444
I1014 11:47:25.089932  5288 work_recog.hpp:96] Recog pair: [224 x 272 from (256, 88)], [155 x 202 from (34, 41)]
I1014 11:47:25.091454  5290 thread_intergrate.hpp:157] T-Intergrate-intergrate Show face :0, size :640 * 360
I1014 11:47:25.092384  5286 demo_inner.hpp:435] thread [SORT-0]  frame id 50 sorting queue size 0   FPS: 29.7872
I1014 11:47:25.107928  5288 work_thread.hpp:81]  [T-Work-Recog_0] Run work: WorkCompare
I1014 11:47:25.108038  5288 work_compare.cpp:76] Compare face: 0 successed, similarity :0.974429, name : images/thanglmb.jpg, normal size : 640 * 360!
I1014 11:47:25.112398  5284 demo_inner.hpp:177] decode queue size 0
I1014 11:47:25.112480  5287 work_thread.hpp:81]  [T-Work-Detect_0] Run work: WorkDetect
I1014 11:47:25.112514  5287 work_detect.cpp:102] Succeeded to add det start for frame 51
I1014 11:47:25.119132  5287 work_detect.cpp:70] Frame :51 detect result :2 face(s)
I1014 11:47:25.119175  5287 work_detect.cpp:86] Detected bbox: [150 x 201 from (291, 112)]
I1014 11:47:25.119208  5287 work_detect.cpp:86] Detected bbox: [49 x 45 from (96, 188)]
I1014 11:47:25.119238  5287 work_detect.cpp:120] Succeeded to add det end for frame 51
I1014 11:47:25.119254  5287 work_thread.hpp:81]  [T-Work-Detect_0] Run work: WrokTrack
I1014 11:47:25.119277  5287 work_track.cpp:82] Frame: 51 build input_characts: [0.234375 x 0.558333 from (0.454688, 0.311111)], 0.997596, 0
I1014 11:47:25.119329  5287 work_track.cpp:82] Frame: 51 build input_characts: [0.0765625 x 0.125 from (0.15, 0.522222)], 0.955078, 1
I1014 11:47:25.119364  5287 work_track.cpp:102] Succeeded to set track lock for frame 51
I1014 11:47:25.119407  5287 work_track.cpp:116] Succeeded to release track lock for frame 51
I1014 11:47:25.119421  5287 work_track.cpp:120] Track results of frame 51: 2 objects input, 1 objects tracked!
I1014 11:47:25.119439  5287 work_track.cpp:148] Frame: 51, track bbox: [150 x 201 from (291.23, 120.497)], gid: 0, lid: 0
I1014 11:47:25.119474  5287 work_track.cpp:162] Frame: 51 lid: 1 not tracked, will set invalid
I1014 11:47:25.119563  5287 work_thread.hpp:88]  [T-Work-Detect_0] Frame :51 split
I1014 11:47:25.119581  5287 work_thread.hpp:120]  [T-Work-Detect_0] Valid piece: gid = 0
I1014 11:47:25.119599  5287 work_thread.hpp:124]  [T-Work-Detect_0] Invalid piece: lid = 1, drop it
I1014 11:47:25.119616  5287 work_thread.hpp:92]  [T-Work-Detect_0] Push to split queue:recog
I1014 11:47:25.119657  5289 work_thread.hpp:81]  [T-Work-Recog_1] Run work: WorkCapture
I1014 11:47:25.119736  5290 thread_intergrate.hpp:78] [T-Intergrate-intergrate] queue: frame output frame :51
I1014 11:47:25.119765  5290 thread_intergrate.hpp:85] [T-Intergrate-intergrate] queue: compare output face:0
I1014 11:47:25.119789  5290 thread_intergrate.hpp:137] T-Intergrate-intergrate set matched face: 0
I1014 11:47:25.120218  5289 work_thread.hpp:81]  [T-Work-Recog_1] Run work: WorkRecog
I1014 11:47:25.120242  5289 work_recog.hpp:89] Face id: 0 will run recog: bbox [150 x 201 from (291, 112)] quality: 0.444967
I1014 11:47:25.120271  5289 work_recog.hpp:96] Recog pair: [216 x 288 from (256, 72)], [150 x 201 from (35, 40)]
I1014 11:47:25.121484  5290 thread_intergrate.hpp:157] T-Intergrate-intergrate Show face :0, size :640 * 360
I1014 11:47:25.122081  5286 demo_inner.hpp:435] thread [SORT-0]  frame id 51 sorting queue size 1   FPS: 29.8507
I1014 11:47:25.137887  5289 work_thread.hpp:81]  [T-Work-Recog_1] Run work: WorkCompare
I1014 11:47:25.137987  5289 work_compare.cpp:76] Compare face: 0 successed, similarity :0.986492, name : images/thanglmb.jpg, normal size : 640 * 360!
I1014 11:47:25.147771  5284 demo_inner.hpp:177] decode queue size 0
I1014 11:47:25.147891  5287 work_thread.hpp:81]  [T-Work-Detect_0] Run work: WorkDetect
I1014 11:47:25.147927  5287 work_detect.cpp:102] Succeeded to add det start for frame 52
I1014 11:47:25.154510  5287 work_detect.cpp:70] Frame :52 detect result :2 face(s)
I1014 11:47:25.154552  5287 work_detect.cpp:86] Detected bbox: [154 x 202 from (291, 128)]
I1014 11:47:25.154584  5287 work_detect.cpp:86] Detected bbox: [49 x 45 from (96, 188)]
I1014 11:47:25.154615  5287 work_detect.cpp:120] Succeeded to add det end for frame 52
I1014 11:47:25.154631  5287 work_thread.hpp:81]  [T-Work-Detect_0] Run work: WrokTrack
I1014 11:47:25.154654  5287 work_track.cpp:82] Frame: 52 build input_characts: [0.240625 x 0.561111 from (0.454688, 0.355556)], 0.999622, 0
I1014 11:47:25.154707  5287 work_track.cpp:82] Frame: 52 build input_characts: [0.0765625 x 0.125 from (0.15, 0.522222)], 0.943585, 1
I1014 11:47:25.154744  5287 work_track.cpp:102] Succeeded to set track lock for frame 52
I1014 11:47:25.154806  5287 work_track.cpp:116] Succeeded to release track lock for frame 52
I1014 11:47:25.154822  5287 work_track.cpp:120] Track results of frame 52: 2 objects input, 2 objects tracked!
I1014 11:47:25.154840  5287 work_track.cpp:148] Frame: 52, track bbox: [154 x 202 from (290.367, 124.851)], gid: 0, lid: 0
I1014 11:47:25.154875  5287 work_track.cpp:148] Frame: 52, track bbox: [49 x 45 from (96.1025, 187.953)], gid: 2, lid: 1
I1014 11:47:25.154907  5287 work_thread.hpp:88]  [T-Work-Detect_0] Frame :52 split
I1014 11:47:25.154924  5287 work_thread.hpp:120]  [T-Work-Detect_0] Valid piece: gid = 0
I1014 11:47:25.154942  5287 work_thread.hpp:120]  [T-Work-Detect_0] Valid piece: gid = 2
I1014 11:47:25.154959  5287 work_thread.hpp:92]  [T-Work-Detect_0] Push to split queue:recog
I1014 11:47:25.154986  5287 work_thread.hpp:92]  [T-Work-Detect_0] Push to split queue:recog
I1014 11:47:25.155009  5289 work_thread.hpp:81]  [T-Work-Recog_1] Run work: WorkCapture
I1014 11:47:25.155031  5290 thread_intergrate.hpp:78] [T-Intergrate-intergrate] queue: frame output frame :52
I1014 11:47:25.155047  5288 work_thread.hpp:81]  [T-Work-Recog_0] Run work: WorkCapture
I1014 11:47:25.155061  5290 thread_intergrate.hpp:85] [T-Intergrate-intergrate] queue: compare output face:0
I1014 11:47:25.155102  5290 thread_intergrate.hpp:137] T-Intergrate-intergrate set matched face: 0
I1014 11:47:25.155608  5288 work_thread.hpp:81]  [T-Work-Recog_0] Run work: WorkRecog
I1014 11:47:25.155629  5289 work_thread.hpp:81]  [T-Work-Recog_1] Run work: WorkRecog
W1014 11:47:25.155632  5288 work_recog.hpp:118] Face id: 2 has low quality : 0.0504652, no need to recog
I1014 11:47:25.155740  5289 work_recog.hpp:89] Face id: 0 will run recog: bbox [154 x 202 from (291, 128)] quality: 0.438707
I1014 11:47:25.155769  5288 work_thread.hpp:81]  [T-Work-Recog_0] Run work: WorkCompare
I1014 11:47:25.155771  5289 work_recog.hpp:96] Recog pair: [224 x 272 from (256, 88)], [154 x 202 from (35, 40)]
I1014 11:47:25.156973  5290 thread_intergrate.hpp:157] T-Intergrate-intergrate Show face :0, size :640 * 360
I1014 11:47:25.157572  5286 demo_inner.hpp:435] thread [SORT-0]  frame id 52 sorting queue size 2   FPS: 29.8246
I1014 11:47:25.173316  5289 work_thread.hpp:81]  [T-Work-Recog_1] Run work: WorkCompare
I1014 11:47:25.173422  5289 work_compare.cpp:76] Compare face: 0 successed, similarity :0.97321, name : images/thanglmb.jpg, normal size : 640 * 360!
I1014 11:47:25.176266  5285 demo_inner.hpp:260]  gui queue size 2, state = running
I1014 11:47:25.178522  5284 demo_inner.hpp:177] decode queue size 0
I1014 11:47:25.178654  5287 work_thread.hpp:81]  [T-Work-Detect_0] Run work: WorkDetect
I1014 11:47:25.178694  5287 work_detect.cpp:102] Succeeded to add det start for frame 53
I1014 11:47:25.185390  5287 work_detect.cpp:70] Frame :53 detect result :1 face(s)
I1014 11:47:25.185438  5287 work_detect.cpp:86] Detected bbox: [156 x 204 from (290, 126)]
I1014 11:47:25.185482  5287 work_detect.cpp:120] Succeeded to add det end for frame 53
I1014 11:47:25.185499  5287 work_thread.hpp:81]  [T-Work-Detect_0] Run work: WrokTrack
I1014 11:47:25.185526  5287 work_track.cpp:82] Frame: 53 build input_characts: [0.24375 x 0.566667 from (0.453125, 0.35)], 1.00019, 0
I1014 11:47:25.185581  5287 work_track.cpp:102] Succeeded to set track lock for frame 53
I1014 11:47:25.185624  5287 work_track.cpp:116] Succeeded to release track lock for frame 53
I1014 11:47:25.185638  5287 work_track.cpp:120] Track results of frame 53: 1 objects input, 2 objects tracked!
I1014 11:47:25.185657  5287 work_track.cpp:148] Frame: 53, track bbox: [156 x 204 from (290.205, 122.924)], gid: 0, lid: 0
I1014 11:47:25.185691  5287 work_track.cpp:148] Frame: 53, track bbox: [49 x 45 from (96.183, 188.038)], gid: 2, lid: -1
I1014 11:47:25.185724  5287 work_thread.hpp:88]  [T-Work-Detect_0] Frame :53 split
I1014 11:47:25.185741  5287 work_thread.hpp:120]  [T-Work-Detect_0] Valid piece: gid = 0
I1014 11:47:25.185760  5287 work_thread.hpp:92]  [T-Work-Detect_0] Push to split queue:recog
I1014 11:47:25.185811  5288 work_thread.hpp:81]  [T-Work-Recog_0] Run work: WorkCapture
I1014 11:47:25.186126  5290 thread_intergrate.hpp:78] [T-Intergrate-intergrate] queue: frame output frame :53
I1014 11:47:25.186153  5290 thread_intergrate.hpp:85] [T-Intergrate-intergrate] queue: compare output face:0
I1014 11:47:25.186172  5290 thread_intergrate.hpp:137] T-Intergrate-intergrate set matched face: 0
I1014 11:47:25.186453  5288 work_thread.hpp:81]  [T-Work-Recog_0] Run work: WorkRecog
I1014 11:47:25.186477  5288 work_recog.hpp:89] Face id: 0 will run recog: bbox [156 x 204 from (290, 126)] quality: 0.444967
I1014 11:47:25.186504  5288 work_recog.hpp:96] Recog pair: [224 x 280 from (256, 80)], [156 x 204 from (34, 46)]
I1014 11:47:25.188267  5290 thread_intergrate.hpp:157] T-Intergrate-intergrate Show face :0, size :640 * 360
I1014 11:47:25.189227  5286 demo_inner.hpp:435] thread [SORT-0]  frame id 53 sorting queue size 0   FPS: 29.8507
I1014 11:47:25.204002  5288 work_thread.hpp:81]  [T-Work-Recog_0] Run work: WorkCompare
I1014 11:47:25.204092  5288 work_compare.cpp:76] Compare face: 0 successed, similarity :0.985776, name : images/thanglmb.jpg, normal size : 640 * 360!
I1014 11:47:25.213846  5284 demo_inner.hpp:177] decode queue size 0
I1014 11:47:25.213939  5287 work_thread.hpp:81]  [T-Work-Detect_0] Run work: WorkDetect
I1014 11:47:25.213973  5287 work_detect.cpp:102] Succeeded to add det start for frame 54
I1014 11:47:25.220633  5287 work_detect.cpp:70] Frame :54 detect result :2 face(s)
I1014 11:47:25.220669  5287 work_detect.cpp:86] Detected bbox: [147 x 200 from (293, 111)]
I1014 11:47:25.220777  5287 work_detect.cpp:86] Detected bbox: [48 x 44 from (97, 188)]
I1014 11:47:25.220810  5287 work_detect.cpp:120] Succeeded to add det end for frame 54
I1014 11:47:25.220827  5287 work_thread.hpp:81]  [T-Work-Detect_0] Run work: WrokTrack
I1014 11:47:25.220850  5287 work_track.cpp:82] Frame: 54 build input_characts: [0.229687 x 0.555556 from (0.457812, 0.308333)], 0.997596, 0
I1014 11:47:25.220902  5287 work_track.cpp:82] Frame: 54 build input_characts: [0.075 x 0.122222 from (0.151562, 0.522222)], 0.920305, 1
I1014 11:47:25.220937  5287 work_track.cpp:102] Succeeded to set track lock for frame 54
I1014 11:47:25.220981  5287 work_track.cpp:116] Succeeded to release track lock for frame 54
I1014 11:47:25.220996  5287 work_track.cpp:120] Track results of frame 54: 2 objects input, 2 objects tracked!
I1014 11:47:25.221014  5287 work_track.cpp:148] Frame: 54, track bbox: [147 x 200 from (294.134, 117.959)], gid: 0, lid: 0
I1014 11:47:25.221047  5287 work_track.cpp:148] Frame: 54, track bbox: [48 x 44 from (96.8755, 188.496)], gid: 2, lid: 1
I1014 11:47:25.221079  5287 work_thread.hpp:88]  [T-Work-Detect_0] Frame :54 split
I1014 11:47:25.221096  5287 work_thread.hpp:120]  [T-Work-Detect_0] Valid piece: gid = 0
I1014 11:47:25.221114  5287 work_thread.hpp:120]  [T-Work-Detect_0] Valid piece: gid = 2
I1014 11:47:25.221132  5287 work_thread.hpp:92]  [T-Work-Detect_0] Push to split queue:recog
I1014 11:47:25.221158  5287 work_thread.hpp:92]  [T-Work-Detect_0] Push to split queue:recog
I1014 11:47:25.221176  5289 work_thread.hpp:81]  [T-Work-Recog_1] Run work: WorkCapture
I1014 11:47:25.221199  5288 work_thread.hpp:81]  [T-Work-Recog_0] Run work: WorkCapture
I1014 11:47:25.221413  5290 thread_intergrate.hpp:78] [T-Intergrate-intergrate] queue: frame output frame :54
I1014 11:47:25.221442  5290 thread_intergrate.hpp:85] [T-Intergrate-intergrate] queue: compare output face:0
I1014 11:47:25.221462  5290 thread_intergrate.hpp:137] T-Intergrate-intergrate set matched face: 0
I1014 11:47:25.221792  5288 work_thread.hpp:81]  [T-Work-Recog_0] Run work: WorkRecog
