Log file created at: 2019/10/12 13:47:56
Running on machine: zcu104
Log line format: [IWEF]mmdd hh:mm:ss.uuuuuu threadid file:line] msg
I1012 13:47:56.991802  6904 feature_lib.cpp:107] Feature lib read name: images/thanglmb.jpg
I1012 13:47:56.998193  6904 feature_lib.cpp:129] Read lib face : images/thanglmb.jpg
I1012 13:47:56.998252  6904 feature_lib.cpp:143] Loading normal image: images/thanglmb.jpg...
I1012 13:47:57.006285  6904 feature_lib.cpp:148] Load normal image: images/thanglmb.jpg done size: 640 * 360
I1012 13:47:57.374681  6904 demo_inner.hpp:126] thread [DedodeThread-0] is starting
I1012 13:47:57.374856  6904 demo_inner.hpp:126] thread [GUIThread] is starting
I1012 13:47:57.374928  6906 demo_inner.hpp:101] thread [DedodeThread-0] is started
I1012 13:47:57.374948  6904 demo_inner.hpp:126] thread [SORT-0] is starting
I1012 13:47:57.375002  6907 demo_inner.hpp:101] thread [GUIThread] is started
I1012 13:47:57.375020  6904 demo_inner.hpp:126] thread [T-Work-Detect_0] is starting
I1012 13:47:57.375074  6908 demo_inner.hpp:101] thread [SORT-0] is started
I1012 13:47:57.375082  6904 demo_inner.hpp:126] thread [T-Work-Recog_0] is starting
I1012 13:47:57.375118  6909 demo_inner.hpp:101] thread [T-Work-Detect_0] is started
I1012 13:47:57.375151  6904 demo_inner.hpp:126] thread [T-Work-Recog_1] is starting
I1012 13:47:57.375205  6910 demo_inner.hpp:101] thread [T-Work-Recog_0] is started
I1012 13:47:57.375223  6904 demo_inner.hpp:126] thread [T-Intergrate-intergrate] is starting
I1012 13:47:57.375247  6911 demo_inner.hpp:101] thread [T-Work-Recog_1] is started
I1012 13:47:57.375288  6904 demo_inner.hpp:137] waiting for [GUIThread] ended
I1012 13:47:57.375313  6912 demo_inner.hpp:101] thread [T-Intergrate-intergrate] is started
I1012 13:47:58.078042  6906 demo_inner.hpp:177] decode queue size 0
I1012 13:47:58.078212  6909 work_thread.hpp:81]  [T-Work-Detect_0] Run work: WorkDetect
I1012 13:47:58.078275  6909 work_detect.cpp:102] Succeeded to add det start for frame 1
I1012 13:47:58.085194  6909 work_detect.cpp:70] Frame :1 detect result :1 face(s)
I1012 13:47:58.085235  6909 work_detect.cpp:86] Detected bbox: [132 x 159 from (323, 156)]
I1012 13:47:58.085279  6909 work_detect.cpp:120] Succeeded to add det end for frame 1
I1012 13:47:58.085296  6909 work_thread.hpp:81]  [T-Work-Detect_0] Run work: WrokTrack
I1012 13:47:58.085319  6909 work_track.cpp:82] Frame: 1 build input_characts: [0.20625 x 0.441667 from (0.504687, 0.433333)], 0.936119, 0
I1012 13:47:58.085407  6909 work_track.cpp:102] Succeeded to set track lock for frame 1
I1012 13:47:58.085494  6909 work_track.cpp:116] Succeeded to release track lock for frame 1
I1012 13:47:58.085510  6909 work_track.cpp:120] Track results of frame 1: 1 objects input, 0 objects tracked!
I1012 13:47:58.085526  6909 work_track.cpp:162] Frame: 1 lid: 0 not tracked, will set invalid
I1012 13:47:58.085542  6909 work_thread.hpp:88]  [T-Work-Detect_0] Frame :1 split
I1012 13:47:58.085559  6909 work_thread.hpp:124]  [T-Work-Detect_0] Invalid piece: lid = 0, drop it
I1012 13:47:58.085602  6912 thread_intergrate.hpp:78] [T-Intergrate-intergrate] queue: frame output frame :1
I1012 13:47:58.086725  6908 demo_inner.hpp:435] thread [SORT-0]  frame id 1 sorting queue size 0   FPS: -1
I1012 13:47:58.086802  6907 demo_inner.hpp:260]  gui queue size 0, state = running
I1012 13:47:58.127048  6906 demo_inner.hpp:177] decode queue size 0
I1012 13:47:58.127149  6909 work_thread.hpp:81]  [T-Work-Detect_0] Run work: WorkDetect
I1012 13:47:58.127185  6909 work_detect.cpp:102] Succeeded to add det start for frame 2
I1012 13:47:58.133589  6909 work_detect.cpp:70] Frame :2 detect result :0 face(s)
I1012 13:47:58.133651  6909 work_detect.cpp:120] Succeeded to add det end for frame 2
I1012 13:47:58.133666  6909 work_thread.hpp:81]  [T-Work-Detect_0] Run work: WrokTrack
I1012 13:47:58.133694  6909 work_track.cpp:102] Succeeded to set track lock for frame 2
I1012 13:47:58.133741  6909 work_track.cpp:116] Succeeded to release track lock for frame 2
I1012 13:47:58.133755  6909 work_track.cpp:120] Track results of frame 2: 0 objects input, 0 objects tracked!
I1012 13:47:58.133774  6909 work_thread.hpp:88]  [T-Work-Detect_0] Frame :2 split
I1012 13:47:58.133822  6912 thread_intergrate.hpp:78] [T-Intergrate-intergrate] queue: frame output frame :2
I1012 13:47:58.135473  6908 demo_inner.hpp:435] thread [SORT-0]  frame id 2 sorting queue size 0   FPS: 20.8333
I1012 13:47:58.135552  6907 demo_inner.hpp:260]  gui queue size 0, state = running
I1012 13:47:58.179852  6906 demo_inner.hpp:177] decode queue size 0
I1012 13:47:58.179976  6909 work_thread.hpp:81]  [T-Work-Detect_0] Run work: WorkDetect
I1012 13:47:58.180012  6909 work_detect.cpp:102] Succeeded to add det start for frame 3
I1012 13:47:58.186524  6909 work_detect.cpp:70] Frame :3 detect result :1 face(s)
I1012 13:47:58.186555  6909 work_detect.cpp:86] Detected bbox: [130 x 159 from (321, 160)]
I1012 13:47:58.186594  6909 work_detect.cpp:120] Succeeded to add det end for frame 3
I1012 13:47:58.186609  6909 work_thread.hpp:81]  [T-Work-Detect_0] Run work: WrokTrack
I1012 13:47:58.186633  6909 work_track.cpp:82] Frame: 3 build input_characts: [0.203125 x 0.441667 from (0.501562, 0.444444)], 0.977833, 0
I1012 13:47:58.186688  6909 work_track.cpp:102] Succeeded to set track lock for frame 3
I1012 13:47:58.186751  6909 work_track.cpp:116] Succeeded to release track lock for frame 3
I1012 13:47:58.186766  6909 work_track.cpp:120] Track results of frame 3: 1 objects input, 0 objects tracked!
I1012 13:47:58.186784  6909 work_track.cpp:162] Frame: 3 lid: 0 not tracked, will set invalid
I1012 13:47:58.186800  6909 work_thread.hpp:88]  [T-Work-Detect_0] Frame :3 split
I1012 13:47:58.186817  6909 work_thread.hpp:124]  [T-Work-Detect_0] Invalid piece: lid = 0, drop it
I1012 13:47:58.186858  6912 thread_intergrate.hpp:78] [T-Intergrate-intergrate] queue: frame output frame :3
I1012 13:47:58.188369  6908 demo_inner.hpp:435] thread [SORT-0]  frame id 3 sorting queue size 0   FPS: 19.802
I1012 13:47:58.188431  6907 demo_inner.hpp:260]  gui queue size 0, state = running
I1012 13:47:58.227756  6906 demo_inner.hpp:177] decode queue size 0
I1012 13:47:58.227882  6909 work_thread.hpp:81]  [T-Work-Detect_0] Run work: WorkDetect
I1012 13:47:58.227918  6909 work_detect.cpp:102] Succeeded to add det start for frame 4
I1012 13:47:58.234387  6909 work_detect.cpp:70] Frame :4 detect result :1 face(s)
I1012 13:47:58.234418  6909 work_detect.cpp:86] Detected bbox: [129 x 156 from (322, 162)]
I1012 13:47:58.234457  6909 work_detect.cpp:120] Succeeded to add det end for frame 4
I1012 13:47:58.234472  6909 work_thread.hpp:81]  [T-Work-Detect_0] Run work: WrokTrack
I1012 13:47:58.234495  6909 work_track.cpp:82] Frame: 4 build input_characts: [0.201562 x 0.433333 from (0.503125, 0.45)], 0.975023, 0
I1012 13:47:58.234549  6909 work_track.cpp:102] Succeeded to set track lock for frame 4
I1012 13:47:58.234588  6909 work_track.cpp:116] Succeeded to release track lock for frame 4
I1012 13:47:58.234602  6909 work_track.cpp:120] Track results of frame 4: 1 objects input, 0 objects tracked!
I1012 13:47:58.234619  6909 work_track.cpp:162] Frame: 4 lid: 0 not tracked, will set invalid
I1012 13:47:58.234634  6909 work_thread.hpp:88]  [T-Work-Detect_0] Frame :4 split
I1012 13:47:58.234652  6909 work_thread.hpp:124]  [T-Work-Detect_0] Invalid piece: lid = 0, drop it
I1012 13:47:58.234695  6912 thread_intergrate.hpp:78] [T-Intergrate-intergrate] queue: frame output frame :4
I1012 13:47:58.236150  6908 demo_inner.hpp:435] thread [SORT-0]  frame id 4 sorting queue size 0   FPS: 20.1342
I1012 13:47:58.236212  6907 demo_inner.hpp:260]  gui queue size 0, state = running
I1012 13:47:58.275804  6906 demo_inner.hpp:177] decode queue size 0
I1012 13:47:58.275923  6909 work_thread.hpp:81]  [T-Work-Detect_0] Run work: WorkDetect
I1012 13:47:58.275959  6909 work_detect.cpp:102] Succeeded to add det start for frame 5
I1012 13:47:58.282476  6909 work_detect.cpp:70] Frame :5 detect result :1 face(s)
I1012 13:47:58.282552  6909 work_detect.cpp:86] Detected bbox: [134 x 163 from (318, 162)]
I1012 13:47:58.282593  6909 work_detect.cpp:120] Succeeded to add det end for frame 5
I1012 13:47:58.282608  6909 work_thread.hpp:81]  [T-Work-Detect_0] Run work: WrokTrack
I1012 13:47:58.282631  6909 work_track.cpp:82] Frame: 5 build input_characts: [0.209375 x 0.452778 from (0.496875, 0.45)], 0.996759, 0
I1012 13:47:58.282763  6909 work_track.cpp:102] Succeeded to set track lock for frame 5
I1012 13:47:58.282824  6909 work_track.cpp:116] Succeeded to release track lock for frame 5
I1012 13:47:58.282838  6909 work_track.cpp:120] Track results of frame 5: 1 objects input, 1 objects tracked!
I1012 13:47:58.282855  6909 work_track.cpp:148] Frame: 5, track bbox: [134 x 163 from (318.001, 161.405)], gid: 0, lid: 0
I1012 13:47:58.282892  6909 work_thread.hpp:88]  [T-Work-Detect_0] Frame :5 split
I1012 13:47:58.282909  6909 work_thread.hpp:120]  [T-Work-Detect_0] Valid piece: gid = 0
I1012 13:47:58.282927  6909 work_thread.hpp:92]  [T-Work-Detect_0] Push to split queue:recog
I1012 13:47:58.282969  6910 work_thread.hpp:81]  [T-Work-Recog_0] Run work: WorkCapture
I1012 13:47:58.284009  6912 thread_intergrate.hpp:78] [T-Intergrate-intergrate] queue: frame output frame :5
I1012 13:47:58.284368  6910 work_thread.hpp:81]  [T-Work-Recog_0] Run work: WorkRecog
W1012 13:47:58.284394  6910 work_recog.hpp:118] Face id: 0 has low quality : 0.0332446, no need to recog
I1012 13:47:58.284644  6910 work_thread.hpp:81]  [T-Work-Recog_0] Run work: WorkCompare
I1012 13:47:58.285513  6908 demo_inner.hpp:435] thread [SORT-0]  frame id 5 sorting queue size 0   FPS: 20.202
I1012 13:47:58.285573  6907 demo_inner.hpp:260]  gui queue size 0, state = running
I1012 13:47:58.329815  6906 demo_inner.hpp:177] decode queue size 0
I1012 13:47:58.329933  6909 work_thread.hpp:81]  [T-Work-Detect_0] Run work: WorkDetect
I1012 13:47:58.329970  6909 work_detect.cpp:102] Succeeded to add det start for frame 6
I1012 13:47:58.336560  6909 work_detect.cpp:70] Frame :6 detect result :1 face(s)
I1012 13:47:58.336591  6909 work_detect.cpp:86] Detected bbox: [129 x 162 from (314, 166)]
I1012 13:47:58.336632  6909 work_detect.cpp:120] Succeeded to add det end for frame 6
I1012 13:47:58.336648  6909 work_thread.hpp:81]  [T-Work-Detect_0] Run work: WrokTrack
I1012 13:47:58.336673  6909 work_track.cpp:82] Frame: 6 build input_characts: [0.201562 x 0.45 from (0.490625, 0.461111)], 0.997488, 0
I1012 13:47:58.336725  6909 work_track.cpp:102] Succeeded to set track lock for frame 6
I1012 13:47:58.336766  6909 work_track.cpp:116] Succeeded to release track lock for frame 6
I1012 13:47:58.336781  6909 work_track.cpp:120] Track results of frame 6: 1 objects input, 1 objects tracked!
I1012 13:47:58.336798  6909 work_track.cpp:148] Frame: 6, track bbox: [129 x 162 from (316.632, 164.945)], gid: 0, lid: 0
I1012 13:47:58.336834  6909 work_thread.hpp:88]  [T-Work-Detect_0] Frame :6 split
I1012 13:47:58.336853  6909 work_thread.hpp:120]  [T-Work-Detect_0] Valid piece: gid = 0
I1012 13:47:58.336870  6909 work_thread.hpp:92]  [T-Work-Detect_0] Push to split queue:recog
I1012 13:47:58.336911  6911 work_thread.hpp:81]  [T-Work-Recog_1] Run work: WorkCapture
I1012 13:47:58.337224  6912 thread_intergrate.hpp:78] [T-Intergrate-intergrate] queue: frame output frame :6
I1012 13:47:58.337461  6911 work_thread.hpp:81]  [T-Work-Recog_1] Run work: WorkRecog
W1012 13:47:58.337482  6911 work_recog.hpp:118] Face id: 0 has low quality : 0.0613326, no need to recog
I1012 13:47:58.337555  6911 work_thread.hpp:81]  [T-Work-Recog_1] Run work: WorkCompare
I1012 13:47:58.338729  6908 demo_inner.hpp:435] thread [SORT-0]  frame id 6 sorting queue size 0   FPS: 19.9203
I1012 13:47:58.338785  6907 demo_inner.hpp:260]  gui queue size 0, state = running
I1012 13:47:58.379827  6906 demo_inner.hpp:177] decode queue size 0
I1012 13:47:58.379981  6909 work_thread.hpp:81]  [T-Work-Detect_0] Run work: WorkDetect
I1012 13:47:58.380018  6909 work_detect.cpp:102] Succeeded to add det start for frame 7
I1012 13:47:58.386521  6909 work_detect.cpp:70] Frame :7 detect result :1 face(s)
I1012 13:47:58.386555  6909 work_detect.cpp:86] Detected bbox: [132 x 174 from (309, 162)]
I1012 13:47:58.386596  6909 work_detect.cpp:120] Succeeded to add det end for frame 7
I1012 13:47:58.386612  6909 work_thread.hpp:81]  [T-Work-Detect_0] Run work: WrokTrack
I1012 13:47:58.386636  6909 work_track.cpp:82] Frame: 7 build input_characts: [0.20625 x 0.483333 from (0.482812, 0.45)], 0.997596, 0
I1012 13:47:58.386765  6909 work_track.cpp:102] Succeeded to set track lock for frame 7
I1012 13:47:58.386804  6909 work_track.cpp:116] Succeeded to release track lock for frame 7
I1012 13:47:58.386818  6909 work_track.cpp:120] Track results of frame 7: 1 objects input, 1 objects tracked!
I1012 13:47:58.386835  6909 work_track.cpp:148] Frame: 7, track bbox: [132 x 174 from (311.313, 161.549)], gid: 0, lid: 0
I1012 13:47:58.386871  6909 work_thread.hpp:88]  [T-Work-Detect_0] Frame :7 split
I1012 13:47:58.386889  6909 work_thread.hpp:120]  [T-Work-Detect_0] Valid piece: gid = 0
I1012 13:47:58.386906  6909 work_thread.hpp:92]  [T-Work-Detect_0] Push to split queue:recog
I1012 13:47:58.386955  6911 work_thread.hpp:81]  [T-Work-Recog_1] Run work: WorkCapture
I1012 13:47:58.387262  6912 thread_intergrate.hpp:78] [T-Intergrate-intergrate] queue: frame output frame :7
I1012 13:47:58.387498  6911 work_thread.hpp:81]  [T-Work-Recog_1] Run work: WorkRecog
I1012 13:47:58.387521  6911 work_recog.hpp:89] Face id: 0 will run recog: bbox [132 x 174 from (309, 162)] quality: 0.286106
I1012 13:47:58.387563  6911 work_recog.hpp:96] Recog pair: [192 x 232 from (280, 128)], [132 x 174 from (29, 34)]
I1012 13:47:58.388772  6908 demo_inner.hpp:435] thread [SORT-0]  frame id 7 sorting queue size 0   FPS: 19.9336
I1012 13:47:58.388839  6907 demo_inner.hpp:260]  gui queue size 0, state = running
I1012 13:47:58.405789  6911 work_thread.hpp:81]  [T-Work-Recog_1] Run work: WorkCompare
I1012 13:47:58.405920  6911 work_compare.cpp:71] Compare face: 0 failed
I1012 13:47:58.439728  6906 demo_inner.hpp:177] decode queue size 0
I1012 13:47:58.439888  6909 work_thread.hpp:81]  [T-Work-Detect_0] Run work: WorkDetect
I1012 13:47:58.439925  6909 work_detect.cpp:102] Succeeded to add det start for frame 8
I1012 13:47:58.446549  6909 work_detect.cpp:70] Frame :8 detect result :1 face(s)
I1012 13:47:58.446589  6909 work_detect.cpp:86] Detected bbox: [127 x 170 from (318, 161)]
I1012 13:47:58.446631  6909 work_detect.cpp:120] Succeeded to add det end for frame 8
I1012 13:47:58.446647  6909 work_thread.hpp:81]  [T-Work-Detect_0] Run work: WrokTrack
I1012 13:47:58.446671  6909 work_track.cpp:82] Frame: 8 build input_characts: [0.198437 x 0.472222 from (0.496875, 0.447222)], 0.998877, 0
I1012 13:47:58.446725  6909 work_track.cpp:102] Succeeded to set track lock for frame 8
I1012 13:47:58.446765  6909 work_track.cpp:116] Succeeded to release track lock for frame 8
I1012 13:47:58.446779  6909 work_track.cpp:120] Track results of frame 8: 1 objects input, 1 objects tracked!
I1012 13:47:58.446797  6909 work_track.cpp:148] Frame: 8, track bbox: [127 x 170 from (314.049, 163.665)], gid: 0, lid: 0
I1012 13:47:58.446832  6909 work_thread.hpp:88]  [T-Work-Detect_0] Frame :8 split
I1012 13:47:58.446851  6909 work_thread.hpp:120]  [T-Work-Detect_0] Valid piece: gid = 0
I1012 13:47:58.446868  6909 work_thread.hpp:92]  [T-Work-Detect_0] Push to split queue:recog
I1012 13:47:58.446911  6910 work_thread.hpp:81]  [T-Work-Recog_0] Run work: WorkCapture
I1012 13:47:58.447221  6912 thread_intergrate.hpp:78] [T-Intergrate-intergrate] queue: frame output frame :8
I1012 13:47:58.447450  6910 work_thread.hpp:81]  [T-Work-Recog_0] Run work: WorkRecog
I1012 13:47:58.447472  6910 work_recog.hpp:89] Face id: 0 will run recog: bbox [127 x 170 from (318, 161)] quality: 0.21677
I1012 13:47:58.447500  6910 work_recog.hpp:96] Recog pair: [184 x 240 from (288, 120)], [127 x 170 from (30, 41)]
I1012 13:47:58.448760  6908 demo_inner.hpp:435] thread [SORT-0]  frame id 8 sorting queue size 0   FPS: 19.3906
I1012 13:47:58.448830  6907 demo_inner.hpp:260]  gui queue size 0, state = running
I1012 13:47:58.465451  6910 work_thread.hpp:81]  [T-Work-Recog_0] Run work: WorkCompare
I1012 13:47:58.465574  6910 work_compare.cpp:76] Compare face: 0 successed, similarity :0.87847, name : images/thanglmb.jpg, normal size : 640 * 360!
I1012 13:47:58.499397  6906 demo_inner.hpp:177] decode queue size 0
I1012 13:47:58.499505  6909 work_thread.hpp:81]  [T-Work-Detect_0] Run work: WorkDetect
I1012 13:47:58.499622  6909 work_detect.cpp:102] Succeeded to add det start for frame 9
I1012 13:47:58.506309  6909 work_detect.cpp:70] Frame :9 detect result :1 face(s)
I1012 13:47:58.506352  6909 work_detect.cpp:86] Detected bbox: [142 x 180 from (310, 157)]
I1012 13:47:58.506393  6909 work_detect.cpp:120] Succeeded to add det end for frame 9
I1012 13:47:58.506409  6909 work_thread.hpp:81]  [T-Work-Detect_0] Run work: WrokTrack
I1012 13:47:58.506433  6909 work_track.cpp:82] Frame: 9 build input_characts: [0.221875 x 0.5 from (0.484375, 0.436111)], 0.99799, 0
I1012 13:47:58.506489  6909 work_track.cpp:102] Succeeded to set track lock for frame 9
I1012 13:47:58.506527  6909 work_track.cpp:116] Succeeded to release track lock for frame 9
I1012 13:47:58.506541  6909 work_track.cpp:120] Track results of frame 9: 1 objects input, 1 objects tracked!
I1012 13:47:58.506558  6909 work_track.cpp:148] Frame: 9, track bbox: [142 x 180 from (307.285, 158.596)], gid: 0, lid: 0
I1012 13:47:58.506595  6909 work_thread.hpp:88]  [T-Work-Detect_0] Frame :9 split
I1012 13:47:58.506613  6909 work_thread.hpp:120]  [T-Work-Detect_0] Valid piece: gid = 0
I1012 13:47:58.506654  6909 work_thread.hpp:92]  [T-Work-Detect_0] Push to split queue:recog
I1012 13:47:58.506698  6910 work_thread.hpp:81]  [T-Work-Recog_0] Run work: WorkCapture
I1012 13:47:58.506992  6912 thread_intergrate.hpp:78] [T-Intergrate-intergrate] queue: frame output frame :9
I1012 13:47:58.507019  6912 thread_intergrate.hpp:85] [T-Intergrate-intergrate] queue: compare output face:0
I1012 13:47:58.507036  6912 thread_intergrate.hpp:134] T-Intergrate-intergrate set matched face: 0
I1012 13:47:58.508334  6912 thread_intergrate.hpp:154] T-Intergrate-intergrate Show face :0, size :640 * 360
I1012 13:47:58.508793  6908 demo_inner.hpp:435] thread [SORT-0]  frame id 9 sorting queue size 0   FPS: 19.0024
I1012 13:47:58.508854  6907 demo_inner.hpp:260]  gui queue size 0, state = running
I1012 13:47:58.508868  6910 work_thread.hpp:81]  [T-Work-Recog_0] Run work: WorkRecog
I1012 13:47:58.508891  6910 work_recog.hpp:89] Face id: 0 will run recog: bbox [142 x 180 from (310, 157)] quality: 0.384974
I1012 13:47:58.508919  6910 work_recog.hpp:96] Recog pair: [200 x 240 from (280, 120)], [142 x 180 from (30, 37)]
I1012 13:47:58.528455  6910 work_thread.hpp:81]  [T-Work-Recog_0] Run work: WorkCompare
I1012 13:47:58.528573  6910 work_compare.cpp:76] Compare face: 0 successed, similarity :0.865707, name : images/thanglmb.jpg, normal size : 640 * 360!
I1012 13:47:58.559505  6906 demo_inner.hpp:177] decode queue size 0
I1012 13:47:58.559609  6909 work_thread.hpp:81]  [T-Work-Detect_0] Run work: WorkDetect
I1012 13:47:58.559648  6909 work_detect.cpp:102] Succeeded to add det start for frame 10
I1012 13:47:58.566125  6909 work_detect.cpp:70] Frame :10 detect result :1 face(s)
I1012 13:47:58.566165  6909 work_detect.cpp:86] Detected bbox: [124 x 157 from (316, 165)]
I1012 13:47:58.566208  6909 work_detect.cpp:120] Succeeded to add det end for frame 10
I1012 13:47:58.566226  6909 work_thread.hpp:81]  [T-Work-Detect_0] Run work: WrokTrack
I1012 13:47:58.566249  6909 work_track.cpp:82] Frame: 10 build input_characts: [0.19375 x 0.436111 from (0.49375, 0.458333)], 0.997596, 0
I1012 13:47:58.566304  6909 work_track.cpp:102] Succeeded to set track lock for frame 10
I1012 13:47:58.566344  6909 work_track.cpp:116] Succeeded to release track lock for frame 10
I1012 13:47:58.566359  6909 work_track.cpp:120] Track results of frame 10: 1 objects input, 1 objects tracked!
I1012 13:47:58.566376  6909 work_track.cpp:148] Frame: 10, track bbox: [124 x 157 from (316.327, 167.282)], gid: 0, lid: 0
I1012 13:47:58.566412  6909 work_thread.hpp:88]  [T-Work-Detect_0] Frame :10 split
I1012 13:47:58.566431  6909 work_thread.hpp:120]  [T-Work-Detect_0] Valid piece: gid = 0
I1012 13:47:58.566448  6909 work_thread.hpp:92]  [T-Work-Detect_0] Push to split queue:recog
I1012 13:47:58.566506  6911 work_thread.hpp:81]  [T-Work-Recog_1] Run work: WorkCapture
I1012 13:47:58.566804  6912 thread_intergrate.hpp:78] [T-Intergrate-intergrate] queue: frame output frame :10
I1012 13:47:58.566918  6912 thread_intergrate.hpp:85] [T-Intergrate-intergrate] queue: compare output face:0
I1012 13:47:58.566939  6912 thread_intergrate.hpp:134] T-Intergrate-intergrate set matched face: 0
I1012 13:47:58.568127  6912 thread_intergrate.hpp:154] T-Intergrate-intergrate Show face :0, size :640 * 360
I1012 13:47:58.568605  6908 demo_inner.hpp:435] thread [SORT-0]  frame id 10 sorting queue size 0   FPS: 18.711
I1012 13:47:58.568670  6907 demo_inner.hpp:260]  gui queue size 0, state = running
I1012 13:47:58.568683  6911 work_thread.hpp:81]  [T-Work-Recog_1] Run work: WorkRecog
W1012 13:47:58.568706  6911 work_recog.hpp:118] Face id: 0 has low quality : 0.0873019, no need to recog
I1012 13:47:58.568769  6911 work_thread.hpp:81]  [T-Work-Recog_1] Run work: WorkCompare
I1012 13:47:58.619473  6906 demo_inner.hpp:177] decode queue size 0
I1012 13:47:58.619590  6909 work_thread.hpp:81]  [T-Work-Detect_0] Run work: WorkDetect
I1012 13:47:58.619626  6909 work_detect.cpp:102] Succeeded to add det start for frame 11
I1012 13:47:58.626188  6909 work_detect.cpp:70] Frame :11 detect result :1 face(s)
I1012 13:47:58.626230  6909 work_detect.cpp:86] Detected bbox: [133 x 174 from (310, 159)]
I1012 13:47:58.626272  6909 work_detect.cpp:120] Succeeded to add det end for frame 11
I1012 13:47:58.626288  6909 work_thread.hpp:81]  [T-Work-Detect_0] Run work: WrokTrack
I1012 13:47:58.626313  6909 work_track.cpp:82] Frame: 11 build input_characts: [0.207813 x 0.483333 from (0.484375, 0.441667)], 0.997596, 0
I1012 13:47:58.626368  6909 work_track.cpp:102] Succeeded to set track lock for frame 11
I1012 13:47:58.626410  6909 work_track.cpp:116] Succeeded to release track lock for frame 11
I1012 13:47:58.626423  6909 work_track.cpp:120] Track results of frame 11: 1 objects input, 1 objects tracked!
I1012 13:47:58.626441  6909 work_track.cpp:148] Frame: 11, track bbox: [133 x 174 from (311.816, 157.95)], gid: 0, lid: 0
I1012 13:47:58.626477  6909 work_thread.hpp:88]  [T-Work-Detect_0] Frame :11 split
I1012 13:47:58.626495  6909 work_thread.hpp:120]  [T-Work-Detect_0] Valid piece: gid = 0
I1012 13:47:58.626513  6909 work_thread.hpp:92]  [T-Work-Detect_0] Push to split queue:recog
I1012 13:47:58.626574  6911 work_thread.hpp:81]  [T-Work-Recog_1] Run work: WorkCapture
I1012 13:47:58.626873  6912 thread_intergrate.hpp:78] [T-Intergrate-intergrate] queue: frame output frame :11
I1012 13:47:58.627104  6911 work_thread.hpp:81]  [T-Work-Recog_1] Run work: WorkRecog
I1012 13:47:58.627125  6911 work_recog.hpp:89] Face id: 0 will run recog: bbox [133 x 174 from (310, 159)] quality: 0.25201
I1012 13:47:58.627151  6911 work_recog.hpp:96] Recog pair: [192 x 240 from (280, 120)], [133 x 174 from (30, 39)]
I1012 13:47:58.628002  6912 thread_intergrate.hpp:154] T-Intergrate-intergrate Show face :0, size :640 * 360
I1012 13:47:58.628572  6908 demo_inner.hpp:435] thread [SORT-0]  frame id 11 sorting queue size 0   FPS: 18.4843
I1012 13:47:58.628639  6907 demo_inner.hpp:260]  gui queue size 0, state = running
I1012 13:47:58.646971  6911 work_thread.hpp:81]  [T-Work-Recog_1] Run work: WorkCompare
I1012 13:47:58.647096  6911 work_compare.cpp:71] Compare face: 0 failed
I1012 13:47:58.679388  6906 demo_inner.hpp:177] decode queue size 0
I1012 13:47:58.679514  6909 work_thread.hpp:81]  [T-Work-Detect_0] Run work: WorkDetect
I1012 13:47:58.679551  6909 work_detect.cpp:102] Succeeded to add det start for frame 12
I1012 13:47:58.686194  6909 work_detect.cpp:70] Frame :12 detect result :1 face(s)
I1012 13:47:58.686239  6909 work_detect.cpp:86] Detected bbox: [140 x 178 from (312, 156)]
I1012 13:47:58.686281  6909 work_detect.cpp:120] Succeeded to add det end for frame 12
I1012 13:47:58.686296  6909 work_thread.hpp:81]  [T-Work-Detect_0] Run work: WrokTrack
I1012 13:47:58.686321  6909 work_track.cpp:82] Frame: 12 build input_characts: [0.21875 x 0.494444 from (0.4875, 0.433333)], 0.999622, 0
I1012 13:47:58.686376  6909 work_track.cpp:102] Succeeded to set track lock for frame 12
I1012 13:47:58.686416  6909 work_track.cpp:116] Succeeded to release track lock for frame 12
I1012 13:47:58.686504  6909 work_track.cpp:120] Track results of frame 12: 1 objects input, 1 objects tracked!
I1012 13:47:58.686524  6909 work_track.cpp:148] Frame: 12, track bbox: [140 x 178 from (310.217, 155.408)], gid: 0, lid: 0
I1012 13:47:58.686561  6909 work_thread.hpp:88]  [T-Work-Detect_0] Frame :12 split
I1012 13:47:58.686579  6909 work_thread.hpp:120]  [T-Work-Detect_0] Valid piece: gid = 0
I1012 13:47:58.686597  6909 work_thread.hpp:92]  [T-Work-Detect_0] Push to split queue:recog
I1012 13:47:58.686650  6911 work_thread.hpp:81]  [T-Work-Recog_1] Run work: WorkCapture
I1012 13:47:58.686950  6912 thread_intergrate.hpp:78] [T-Intergrate-intergrate] queue: frame output frame :12
I1012 13:47:58.687188  6911 work_thread.hpp:81]  [T-Work-Recog_1] Run work: WorkRecog
I1012 13:47:58.687211  6911 work_recog.hpp:89] Face id: 0 will run recog: bbox [140 x 178 from (312, 156)] quality: 0.216722
I1012 13:47:58.687238  6911 work_recog.hpp:96] Recog pair: [200 x 240 from (280, 120)], [140 x 178 from (32, 36)]
I1012 13:47:58.688082  6912 thread_intergrate.hpp:154] T-Intergrate-intergrate Show face :0, size :640 * 360
I1012 13:47:58.688675  6908 demo_inner.hpp:435] thread [SORT-0]  frame id 12 sorting queue size 0   FPS: 18.3028
I1012 13:47:58.688743  6907 demo_inner.hpp:260]  gui queue size 0, state = running
I1012 13:47:58.704846  6911 work_thread.hpp:81]  [T-Work-Recog_1] Run work: WorkCompare
I1012 13:47:58.704965  6911 work_compare.cpp:71] Compare face: 0 failed
I1012 13:47:58.769574  6906 demo_inner.hpp:177] decode queue size 0
I1012 13:47:58.769688  6909 work_thread.hpp:81]  [T-Work-Detect_0] Run work: WorkDetect
I1012 13:47:58.769726  6909 work_detect.cpp:102] Succeeded to add det start for frame 13
I1012 13:47:58.776342  6909 work_detect.cpp:70] Frame :13 detect result :1 face(s)
I1012 13:47:58.776389  6909 work_detect.cpp:86] Detected bbox: [136 x 176 from (310, 155)]
I1012 13:47:58.776432  6909 work_detect.cpp:120] Succeeded to add det end for frame 13
I1012 13:47:58.776448  6909 work_thread.hpp:81]  [T-Work-Detect_0] Run work: WrokTrack
I1012 13:47:58.776473  6909 work_track.cpp:82] Frame: 13 build input_characts: [0.2125 x 0.488889 from (0.484375, 0.430556)], 1.00019, 0
I1012 13:47:58.776528  6909 work_track.cpp:102] Succeeded to set track lock for frame 13
I1012 13:47:58.776569  6909 work_track.cpp:116] Succeeded to release track lock for frame 13
I1012 13:47:58.776584  6909 work_track.cpp:120] Track results of frame 13: 1 objects input, 1 objects tracked!
I1012 13:47:58.776602  6909 work_track.cpp:148] Frame: 13, track bbox: [136 x 176 from (310.361, 155.756)], gid: 0, lid: 0
I1012 13:47:58.776638  6909 work_thread.hpp:88]  [T-Work-Detect_0] Frame :13 split
I1012 13:47:58.776656  6909 work_thread.hpp:120]  [T-Work-Detect_0] Valid piece: gid = 0
I1012 13:47:58.776674  6909 work_thread.hpp:92]  [T-Work-Detect_0] Push to split queue:recog
I1012 13:47:58.776726  6911 work_thread.hpp:81]  [T-Work-Recog_1] Run work: WorkCapture
I1012 13:47:58.777012  6912 thread_intergrate.hpp:78] [T-Intergrate-intergrate] queue: frame output frame :13
I1012 13:47:58.777283  6911 work_thread.hpp:81]  [T-Work-Recog_1] Run work: WorkRecog
I1012 13:47:58.777307  6911 work_recog.hpp:89] Face id: 0 will run recog: bbox [136 x 176 from (310, 155)] quality: 0.456003
I1012 13:47:58.777333  6911 work_recog.hpp:96] Recog pair: [200 x 240 from (280, 120)], [136 x 176 from (30, 35)]
I1012 13:47:58.778142  6912 thread_intergrate.hpp:154] T-Intergrate-intergrate Show face :0, size :640 * 360
I1012 13:47:58.778645  6908 demo_inner.hpp:435] thread [SORT-0]  frame id 13 sorting queue size 0   FPS: 17.3661
I1012 13:47:58.778714  6907 demo_inner.hpp:260]  gui queue size 0, state = running
I1012 13:47:58.794970  6911 work_thread.hpp:81]  [T-Work-Recog_1] Run work: WorkCompare
I1012 13:47:58.795080  6911 work_compare.cpp:76] Compare face: 0 successed, similarity :0.846604, name : images/thanglmb.jpg, normal size : 640 * 360!
I1012 13:47:58.859560  6906 demo_inner.hpp:177] decode queue size 0
I1012 13:47:58.859850  6909 work_thread.hpp:81]  [T-Work-Detect_0] Run work: WorkDetect
I1012 13:47:58.859889  6909 work_detect.cpp:102] Succeeded to add det start for frame 14
I1012 13:47:58.866451  6909 work_detect.cpp:70] Frame :14 detect result :1 face(s)
I1012 13:47:58.866495  6909 work_detect.cpp:86] Detected bbox: [135 x 175 from (310, 153)]
I1012 13:47:58.866538  6909 work_detect.cpp:120] Succeeded to add det end for frame 14
I1012 13:47:58.866554  6909 work_thread.hpp:81]  [T-Work-Detect_0] Run work: WrokTrack
I1012 13:47:58.866577  6909 work_track.cpp:82] Frame: 14 build input_characts: [0.210938 x 0.486111 from (0.484375, 0.425)], 1.00019, 0
I1012 13:47:58.866633  6909 work_track.cpp:102] Succeeded to set track lock for frame 14
I1012 13:47:58.866673  6909 work_track.cpp:116] Succeeded to release track lock for frame 14
I1012 13:47:58.866688  6909 work_track.cpp:120] Track results of frame 14: 1 objects input, 1 objects tracked!
I1012 13:47:58.866705  6909 work_track.cpp:148] Frame: 14, track bbox: [135 x 175 from (310.49, 154.172)], gid: 0, lid: 0
I1012 13:47:58.866741  6909 work_thread.hpp:88]  [T-Work-Detect_0] Frame :14 split
I1012 13:47:58.866758  6909 work_thread.hpp:120]  [T-Work-Detect_0] Valid piece: gid = 0
I1012 13:47:58.866776  6909 work_thread.hpp:92]  [T-Work-Detect_0] Push to split queue:recog
I1012 13:47:58.866822  6910 work_thread.hpp:81]  [T-Work-Recog_0] Run work: WorkCapture
I1012 13:47:58.867123  6912 thread_intergrate.hpp:78] [T-Intergrate-intergrate] queue: frame output frame :14
I1012 13:47:58.867148  6912 thread_intergrate.hpp:85] [T-Intergrate-intergrate] queue: compare output face:0
I1012 13:47:58.867166  6912 thread_intergrate.hpp:134] T-Intergrate-intergrate set matched face: 0
I1012 13:47:58.868397  6912 thread_intergrate.hpp:154] T-Intergrate-intergrate Show face :0, size :640 * 360
I1012 13:47:58.868415  6910 work_thread.hpp:81]  [T-Work-Recog_0] Run work: WorkRecog
I1012 13:47:58.868443  6910 work_recog.hpp:89] Face id: 0 will run recog: bbox [135 x 175 from (310, 153)] quality: 0.44725
I1012 13:47:58.868476  6910 work_recog.hpp:96] Recog pair: [192 x 248 from (280, 112)], [135 x 175 from (30, 41)]
I1012 13:47:58.868877  6908 demo_inner.hpp:435] thread [SORT-0]  frame id 14 sorting queue size 0   FPS: 16.6453
I1012 13:47:58.868939  6907 demo_inner.hpp:260]  gui queue size 0, state = running
I1012 13:47:58.886193  6910 work_thread.hpp:81]  [T-Work-Recog_0] Run work: WorkCompare
I1012 13:47:58.886301  6910 work_compare.cpp:76] Compare face: 0 successed, similarity :0.879412, name : images/thanglmb.jpg, normal size : 640 * 360!
I1012 13:47:58.967696  6906 demo_inner.hpp:177] decode queue size 0
I1012 13:47:58.967803  6909 work_thread.hpp:81]  [T-Work-Detect_0] Run work: WorkDetect
I1012 13:47:58.967839  6909 work_detect.cpp:102] Succeeded to add det start for frame 15
I1012 13:47:58.974486  6909 work_detect.cpp:70] Frame :15 detect result :1 face(s)
I1012 13:47:58.974526  6909 work_detect.cpp:86] Detected bbox: [124 x 170 from (310, 148)]
I1012 13:47:58.974567  6909 work_detect.cpp:120] Succeeded to add det end for frame 15
I1012 13:47:58.974584  6909 work_thread.hpp:81]  [T-Work-Detect_0] Run work: WrokTrack
I1012 13:47:58.974607  6909 work_track.cpp:82] Frame: 15 build input_characts: [0.19375 x 0.472222 from (0.484375, 0.411111)], 0.997596, 0
I1012 13:47:58.974663  6909 work_track.cpp:102] Succeeded to set track lock for frame 15
I1012 13:47:58.974702  6909 work_track.cpp:116] Succeeded to release track lock for frame 15
I1012 13:47:58.974716  6909 work_track.cpp:120] Track results of frame 15: 1 objects input, 1 objects tracked!
I1012 13:47:58.974735  6909 work_track.cpp:148] Frame: 15, track bbox: [124 x 170 from (313.135, 151.768)], gid: 0, lid: 0
I1012 13:47:58.974771  6909 work_thread.hpp:88]  [T-Work-Detect_0] Frame :15 split
I1012 13:47:58.974788  6909 work_thread.hpp:120]  [T-Work-Detect_0] Valid piece: gid = 0
I1012 13:47:58.974805  6909 work_thread.hpp:92]  [T-Work-Detect_0] Push to split queue:recog
I1012 13:47:58.974858  6911 work_thread.hpp:81]  [T-Work-Recog_1] Run work: WorkCapture
I1012 13:47:58.975225  6912 thread_intergrate.hpp:78] [T-Intergrate-intergrate] queue: frame output frame :15
I1012 13:47:58.975252  6912 thread_intergrate.hpp:85] [T-Intergrate-intergrate] queue: compare output face:0
I1012 13:47:58.975270  6912 thread_intergrate.hpp:134] T-Intergrate-intergrate set matched face: 0
I1012 13:47:58.976449  6912 thread_intergrate.hpp:154] T-Intergrate-intergrate Show face :0, size :640 * 360
I1012 13:47:58.976917  6908 demo_inner.hpp:435] thread [SORT-0]  frame id 15 sorting queue size 0   FPS: 15.748
I1012 13:47:58.976933  6911 work_thread.hpp:81]  [T-Work-Recog_1] Run work: WorkRecog
I1012 13:47:58.976958  6911 work_recog.hpp:89] Face id: 0 will run recog: bbox [124 x 170 from (310, 148)] quality: 0.420685
I1012 13:47:58.976980  6907 demo_inner.hpp:260]  gui queue size 0, state = running
I1012 13:47:58.976986  6911 work_recog.hpp:96] Recog pair: [184 x 240 from (280, 112)], [124 x 170 from (30, 36)]
I1012 13:47:58.994716  6911 work_thread.hpp:81]  [T-Work-Recog_1] Run work: WorkCompare
I1012 13:47:58.994827  6911 work_compare.cpp:76] Compare face: 0 successed, similarity :0.834052, name : images/thanglmb.jpg, normal size : 640 * 360!
I1012 13:47:59.081514  6906 demo_inner.hpp:177] decode queue size 0
I1012 13:47:59.081629  6909 work_thread.hpp:81]  [T-Work-Detect_0] Run work: WorkDetect
I1012 13:47:59.081668  6909 work_detect.cpp:102] Succeeded to add det start for frame 16
I1012 13:47:59.088294  6909 work_detect.cpp:70] Frame :16 detect result :1 face(s)
I1012 13:47:59.088336  6909 work_detect.cpp:86] Detected bbox: [134 x 184 from (302, 132)]
I1012 13:47:59.088379  6909 work_detect.cpp:120] Succeeded to add det end for frame 16
I1012 13:47:59.088397  6909 work_thread.hpp:81]  [T-Work-Detect_0] Run work: WrokTrack
I1012 13:47:59.088420  6909 work_track.cpp:82] Frame: 16 build input_characts: [0.209375 x 0.511111 from (0.471875, 0.366667)], 1.00019, 0
I1012 13:47:59.088474  6909 work_track.cpp:102] Succeeded to set track lock for frame 16
I1012 13:47:59.088515  6909 work_track.cpp:116] Succeeded to release track lock for frame 16
I1012 13:47:59.088529  6909 work_track.cpp:120] Track results of frame 16: 1 objects input, 1 objects tracked!
I1012 13:47:59.088547  6909 work_track.cpp:148] Frame: 16, track bbox: [134 x 184 from (303.961, 135.975)], gid: 0, lid: 0
I1012 13:47:59.088584  6909 work_thread.hpp:88]  [T-Work-Detect_0] Frame :16 split
I1012 13:47:59.088603  6909 work_thread.hpp:120]  [T-Work-Detect_0] Valid piece: gid = 0
I1012 13:47:59.088620  6909 work_thread.hpp:92]  [T-Work-Detect_0] Push to split queue:recog
I1012 13:47:59.088662  6911 work_thread.hpp:81]  [T-Work-Recog_1] Run work: WorkCapture
I1012 13:47:59.088676  6912 thread_intergrate.hpp:78] [T-Intergrate-intergrate] queue: frame output frame :16
I1012 13:47:59.088701  6912 thread_intergrate.hpp:85] [T-Intergrate-intergrate] queue: compare output face:0
I1012 13:47:59.088719  6912 thread_intergrate.hpp:134] T-Intergrate-intergrate set matched face: 0
I1012 13:47:59.089255  6911 work_thread.hpp:81]  [T-Work-Recog_1] Run work: WorkRecog
I1012 13:47:59.089279  6911 work_recog.hpp:89] Face id: 0 will run recog: bbox [134 x 184 from (302, 132)] quality: 0.849649
I1012 13:47:59.089308  6911 work_recog.hpp:96] Recog pair: [192 x 256 from (272, 96)], [134 x 184 from (30, 36)]
I1012 13:47:59.089882  6912 thread_intergrate.hpp:154] T-Intergrate-intergrate Show face :0, size :640 * 360
I1012 13:47:59.090328  6908 demo_inner.hpp:435] thread [SORT-0]  frame id 16 sorting queue size 0   FPS: 14.9551
I1012 13:47:59.090396  6907 demo_inner.hpp:260]  gui queue size 0, state = running
I1012 13:47:59.107069  6911 work_thread.hpp:81]  [T-Work-Recog_1] Run work: WorkCompare
I1012 13:47:59.107179  6911 work_compare.cpp:76] Compare face: 0 successed, similarity :0.941943, name : images/thanglmb.jpg, normal size : 640 * 360!
I1012 13:47:59.189512  6906 demo_inner.hpp:177] decode queue size 0
I1012 13:47:59.189626  6909 work_thread.hpp:81]  [T-Work-Detect_0] Run work: WorkDetect
I1012 13:47:59.189662  6909 work_detect.cpp:102] Succeeded to add det start for frame 17
I1012 13:47:59.196368  6909 work_detect.cpp:70] Frame :17 detect result :1 face(s)
I1012 13:47:59.196410  6909 work_detect.cpp:86] Detected bbox: [131 x 175 from (303, 136)]
I1012 13:47:59.196450  6909 work_detect.cpp:120] Succeeded to add det end for frame 17
I1012 13:47:59.196467  6909 work_thread.hpp:81]  [T-Work-Detect_0] Run work: WrokTrack
I1012 13:47:59.196491  6909 work_track.cpp:82] Frame: 17 build input_characts: [0.204688 x 0.486111 from (0.473437, 0.377778)], 1.00019, 0
I1012 13:47:59.196547  6909 work_track.cpp:102] Succeeded to set track lock for frame 17
I1012 13:47:59.196588  6909 work_track.cpp:116] Succeeded to release track lock for frame 17
I1012 13:47:59.196601  6909 work_track.cpp:120] Track results of frame 17: 1 objects input, 1 objects tracked!
I1012 13:47:59.196619  6909 work_track.cpp:148] Frame: 17, track bbox: [131 x 175 from (301.86, 135.04)], gid: 0, lid: 0
I1012 13:47:59.196655  6909 work_thread.hpp:88]  [T-Work-Detect_0] Frame :17 split
I1012 13:47:59.196673  6909 work_thread.hpp:120]  [T-Work-Detect_0] Valid piece: gid = 0
I1012 13:47:59.196691  6909 work_thread.hpp:92]  [T-Work-Detect_0] Push to split queue:recog
I1012 13:47:59.196735  6911 work_thread.hpp:81]  [T-Work-Recog_1] Run work: WorkCapture
I1012 13:47:59.196743  6912 thread_intergrate.hpp:78] [T-Intergrate-intergrate] queue: frame output frame :17
I1012 13:47:59.196768  6912 thread_intergrate.hpp:85] [T-Intergrate-intergrate] queue: compare output face:0
I1012 13:47:59.196785  6912 thread_intergrate.hpp:134] T-Intergrate-intergrate set matched face: 0
I1012 13:47:59.197281  6911 work_thread.hpp:81]  [T-Work-Recog_1] Run work: WorkRecog
I1012 13:47:59.197306  6911 work_recog.hpp:89] Face id: 0 will run recog: bbox [131 x 175 from (303, 136)] quality: 0.903693
I1012 13:47:59.197333  6911 work_recog.hpp:96] Recog pair: [192 x 256 from (272, 96)], [131 x 175 from (31, 40)]
I1012 13:47:59.197950  6912 thread_intergrate.hpp:154] T-Intergrate-intergrate Show face :0, size :640 * 360
I1012 13:47:59.198325  6908 demo_inner.hpp:435] thread [SORT-0]  frame id 17 sorting queue size 0   FPS: 14.4014
I1012 13:47:59.198391  6907 demo_inner.hpp:260]  gui queue size 0, state = running
I1012 13:47:59.214994  6911 work_thread.hpp:81]  [T-Work-Recog_1] Run work: WorkCompare
I1012 13:47:59.215103  6911 work_compare.cpp:76] Compare face: 0 successed, similarity :0.932652, name : images/thanglmb.jpg, normal size : 640 * 360!
I1012 13:47:59.320078  6906 demo_inner.hpp:177] decode queue size 0
I1012 13:47:59.320175  6909 work_thread.hpp:81]  [T-Work-Detect_0] Run work: WorkDetect
I1012 13:47:59.320212  6909 work_detect.cpp:102] Succeeded to add det start for frame 18
I1012 13:47:59.326833  6909 work_detect.cpp:70] Frame :18 detect result :1 face(s)
I1012 13:47:59.326867  6909 work_detect.cpp:86] Detected bbox: [130 x 175 from (307, 144)]
I1012 13:47:59.326908  6909 work_detect.cpp:120] Succeeded to add det end for frame 18
I1012 13:47:59.326925  6909 work_thread.hpp:81]  [T-Work-Detect_0] Run work: WrokTrack
I1012 13:47:59.326948  6909 work_track.cpp:82] Frame: 18 build input_characts: [0.203125 x 0.486111 from (0.479688, 0.4)], 1.00019, 0
I1012 13:47:59.327003  6909 work_track.cpp:102] Succeeded to set track lock for frame 18
I1012 13:47:59.327041  6909 work_track.cpp:116] Succeeded to release track lock for frame 18
I1012 13:47:59.327056  6909 work_track.cpp:120] Track results of frame 18: 1 objects input, 1 objects tracked!
I1012 13:47:59.327073  6909 work_track.cpp:148] Frame: 18, track bbox: [130 x 175 from (303.538, 136.688)], gid: 0, lid: 0
I1012 13:47:59.327109  6909 work_thread.hpp:88]  [T-Work-Detect_0] Frame :18 split
I1012 13:47:59.327127  6909 work_thread.hpp:120]  [T-Work-Detect_0] Valid piece: gid = 0
I1012 13:47:59.327145  6909 work_thread.hpp:92]  [T-Work-Detect_0] Push to split queue:recog
I1012 13:47:59.327199  6911 work_thread.hpp:81]  [T-Work-Recog_1] Run work: WorkCapture
I1012 13:47:59.327194  6912 thread_intergrate.hpp:78] [T-Intergrate-intergrate] queue: frame output frame :18
I1012 13:47:59.327309  6912 thread_intergrate.hpp:85] [T-Intergrate-intergrate] queue: compare output face:0
I1012 13:47:59.327329  6912 thread_intergrate.hpp:134] T-Intergrate-intergrate set matched face: 0
I1012 13:47:59.327735  6911 work_thread.hpp:81]  [T-Work-Recog_1] Run work: WorkRecog
I1012 13:47:59.327759  6911 work_recog.hpp:89] Face id: 0 will run recog: bbox [130 x 175 from (307, 144)] quality: 0.939734
I1012 13:47:59.327786  6911 work_recog.hpp:96] Recog pair: [184 x 256 from (280, 104)], [130 x 175 from (27, 40)]
I1012 13:47:59.328505  6912 thread_intergrate.hpp:154] T-Intergrate-intergrate Show face :0, size :640 * 360
I1012 13:47:59.329049  6908 demo_inner.hpp:435] thread [SORT-0]  frame id 18 sorting queue size 0   FPS: 13.6986
I1012 13:47:59.329119  6907 demo_inner.hpp:260]  gui queue size 0, state = running
I1012 13:47:59.345291  6911 work_thread.hpp:81]  [T-Work-Recog_1] Run work: WorkCompare
I1012 13:47:59.345404  6911 work_compare.cpp:76] Compare face: 0 successed, similarity :0.931102, name : images/thanglmb.jpg, normal size : 640 * 360!
I1012 13:47:59.446130  6906 demo_inner.hpp:177] decode queue size 0
I1012 13:47:59.446228  6909 work_thread.hpp:81]  [T-Work-Detect_0] Run work: WorkDetect
I1012 13:47:59.446264  6909 work_detect.cpp:102] Succeeded to add det start for frame 19
I1012 13:47:59.452852  6909 work_detect.cpp:70] Frame :19 detect result :1 face(s)
I1012 13:47:59.452886  6909 work_detect.cpp:86] Detected bbox: [130 x 175 from (307, 143)]
I1012 13:47:59.452927  6909 work_detect.cpp:120] Succeeded to add det end for frame 19
I1012 13:47:59.452944  6909 work_thread.hpp:81]  [T-Work-Detect_0] Run work: WrokTrack
I1012 13:47:59.452967  6909 work_track.cpp:82] Frame: 19 build input_characts: [0.203125 x 0.486111 from (0.479688, 0.397222)], 1.00019, 0
I1012 13:47:59.453022  6909 work_track.cpp:102] Succeeded to set track lock for frame 19
I1012 13:47:59.453061  6909 work_track.cpp:116] Succeeded to release track lock for frame 19
I1012 13:47:59.453075  6909 work_track.cpp:120] Track results of frame 19: 1 objects input, 1 objects tracked!
I1012 13:47:59.453094  6909 work_track.cpp:148] Frame: 19, track bbox: [130 x 175 from (304.855, 139.072)], gid: 0, lid: 0
I1012 13:47:59.453130  6909 work_thread.hpp:88]  [T-Work-Detect_0] Frame :19 split
I1012 13:47:59.453146  6909 work_thread.hpp:120]  [T-Work-Detect_0] Valid piece: gid = 0
I1012 13:47:59.453164  6909 work_thread.hpp:92]  [T-Work-Detect_0] Push to split queue:recog
I1012 13:47:59.453212  6911 work_thread.hpp:81]  [T-Work-Recog_1] Run work: WorkCapture
I1012 13:47:59.453491  6912 thread_intergrate.hpp:78] [T-Intergrate-intergrate] queue: frame output frame :19
I1012 13:47:59.453518  6912 thread_intergrate.hpp:85] [T-Intergrate-intergrate] queue: compare output face:0
I1012 13:47:59.453537  6912 thread_intergrate.hpp:134] T-Intergrate-intergrate set matched face: 0
I1012 13:47:59.453737  6911 work_thread.hpp:81]  [T-Work-Recog_1] Run work: WorkRecog
I1012 13:47:59.453759  6911 work_recog.hpp:89] Face id: 0 will run recog: bbox [130 x 175 from (307, 143)] quality: 0.816571
I1012 13:47:59.453786  6911 work_recog.hpp:96] Recog pair: [184 x 256 from (280, 104)], [130 x 175 from (27, 39)]
I1012 13:47:59.454691  6912 thread_intergrate.hpp:154] T-Intergrate-intergrate Show face :0, size :640 * 360
I1012 13:47:59.455195  6908 demo_inner.hpp:435] thread [SORT-0]  frame id 19 sorting queue size 0   FPS: 13.1579
I1012 13:47:59.455262  6907 demo_inner.hpp:260]  gui queue size 0, state = running
I1012 13:47:59.471205  6911 work_thread.hpp:81]  [T-Work-Recog_1] Run work: WorkCompare
I1012 13:47:59.471318  6911 work_compare.cpp:76] Compare face: 0 successed, similarity :0.892852, name : images/thanglmb.jpg, normal size : 640 * 360!
I1012 13:47:59.578064  6906 demo_inner.hpp:177] decode queue size 0
I1012 13:47:59.578167  6909 work_thread.hpp:81]  [T-Work-Detect_0] Run work: WorkDetect
I1012 13:47:59.578204  6909 work_detect.cpp:102] Succeeded to add det start for frame 20
I1012 13:47:59.584810  6909 work_detect.cpp:70] Frame :20 detect result :1 face(s)
I1012 13:47:59.584923  6909 work_detect.cpp:86] Detected bbox: [125 x 174 from (309, 145)]
I1012 13:47:59.584966  6909 work_detect.cpp:120] Succeeded to add det end for frame 20
I1012 13:47:59.584982  6909 work_thread.hpp:81]  [T-Work-Detect_0] Run work: WrokTrack
I1012 13:47:59.585006  6909 work_track.cpp:82] Frame: 20 build input_characts: [0.195312 x 0.483333 from (0.482812, 0.402778)], 1.00019, 0
I1012 13:47:59.585062  6909 work_track.cpp:102] Succeeded to set track lock for frame 20
I1012 13:47:59.585101  6909 work_track.cpp:116] Succeeded to release track lock for frame 20
I1012 13:47:59.585116  6909 work_track.cpp:120] Track results of frame 20: 1 objects input, 1 objects tracked!
I1012 13:47:59.585134  6909 work_track.cpp:148] Frame: 20, track bbox: [125 x 174 from (309.054, 143.683)], gid: 0, lid: 0
I1012 13:47:59.585168  6909 work_thread.hpp:88]  [T-Work-Detect_0] Frame :20 split
I1012 13:47:59.585186  6909 work_thread.hpp:120]  [T-Work-Detect_0] Valid piece: gid = 0
I1012 13:47:59.585203  6909 work_thread.hpp:92]  [T-Work-Detect_0] Push to split queue:recog
I1012 13:47:59.585248  6910 work_thread.hpp:81]  [T-Work-Recog_0] Run work: WorkCapture
I1012 13:47:59.585531  6912 thread_intergrate.hpp:78] [T-Intergrate-intergrate] queue: frame output frame :20
I1012 13:47:59.585558  6912 thread_intergrate.hpp:85] [T-Intergrate-intergrate] queue: compare output face:0
I1012 13:47:59.585577  6912 thread_intergrate.hpp:134] T-Intergrate-intergrate set matched face: 0
I1012 13:47:59.585772  6910 work_thread.hpp:81]  [T-Work-Recog_0] Run work: WorkRecog
I1012 13:47:59.585795  6910 work_recog.hpp:89] Face id: 0 will run recog: bbox [125 x 174 from (309, 145)] quality: 0.834558
I1012 13:47:59.585821  6910 work_recog.hpp:96] Recog pair: [184 x 256 from (280, 104)], [125 x 174 from (29, 41)]
I1012 13:47:59.586733  6912 thread_intergrate.hpp:154] T-Intergrate-intergrate Show face :0, size :640 * 360
I1012 13:47:59.587268  6908 demo_inner.hpp:435] thread [SORT-0]  frame id 20 sorting queue size 0   FPS: 12.6667
I1012 13:47:59.587337  6907 demo_inner.hpp:260]  gui queue size 0, state = running
I1012 13:47:59.603286  6910 work_thread.hpp:81]  [T-Work-Recog_0] Run work: WorkCompare
I1012 13:47:59.603397  6910 work_compare.cpp:76] Compare face: 0 successed, similarity :0.924931, name : images/thanglmb.jpg, normal size : 640 * 360!
I1012 13:47:59.716159  6906 demo_inner.hpp:177] decode queue size 0
I1012 13:47:59.716256  6909 work_thread.hpp:81]  [T-Work-Detect_0] Run work: WorkDetect
I1012 13:47:59.716310  6909 work_detect.cpp:102] Succeeded to add det start for frame 21
I1012 13:47:59.722944  6909 work_detect.cpp:70] Frame :21 detect result :1 face(s)
I1012 13:47:59.722982  6909 work_detect.cpp:86] Detected bbox: [129 x 174 from (307, 144)]
I1012 13:47:59.723021  6909 work_detect.cpp:120] Succeeded to add det end for frame 21
I1012 13:47:59.723038  6909 work_thread.hpp:81]  [T-Work-Detect_0] Run work: WrokTrack
I1012 13:47:59.723060  6909 work_track.cpp:82] Frame: 21 build input_characts: [0.201562 x 0.483333 from (0.479688, 0.4)], 1.00019, 0
I1012 13:47:59.723115  6909 work_track.cpp:102] Succeeded to set track lock for frame 21
I1012 13:47:59.723153  6909 work_track.cpp:116] Succeeded to release track lock for frame 21
I1012 13:47:59.723168  6909 work_track.cpp:120] Track results of frame 21: 1 objects input, 1 objects tracked!
I1012 13:47:59.723186  6909 work_track.cpp:148] Frame: 21, track bbox: [129 x 174 from (307.791, 146.004)], gid: 0, lid: 0
I1012 13:47:59.723222  6909 work_thread.hpp:88]  [T-Work-Detect_0] Frame :21 split
I1012 13:47:59.723239  6909 work_thread.hpp:120]  [T-Work-Detect_0] Valid piece: gid = 0
I1012 13:47:59.723258  6909 work_thread.hpp:92]  [T-Work-Detect_0] Push to split queue:recog
I1012 13:47:59.723301  6910 work_thread.hpp:81]  [T-Work-Recog_0] Run work: WorkCapture
I1012 13:47:59.723582  6912 thread_intergrate.hpp:78] [T-Intergrate-intergrate] queue: frame output frame :21
I1012 13:47:59.723608  6912 thread_intergrate.hpp:85] [T-Intergrate-intergrate] queue: compare output face:0
I1012 13:47:59.723626  6912 thread_intergrate.hpp:134] T-Intergrate-intergrate set matched face: 0
I1012 13:47:59.723829  6910 work_thread.hpp:81]  [T-Work-Recog_0] Run work: WorkRecog
I1012 13:47:59.723852  6910 work_recog.hpp:89] Face id: 0 will run recog: bbox [129 x 174 from (307, 144)] quality: 0.866502
I1012 13:47:59.723878  6910 work_recog.hpp:96] Recog pair: [184 x 248 from (280, 104)], [129 x 174 from (27, 40)]
I1012 13:47:59.724913  6912 thread_intergrate.hpp:154] T-Intergrate-intergrate Show face :0, size :640 * 360
