I1014 14:57:17.273883  8383 work_recog.hpp:89] Face id: 0 will run recog: bbox [180 x 224 from (293, 130)] quality: 0.481619
I1014 14:57:17.273918  8383 work_recog.hpp:96] Recog pair: [256 x 280 from (256, 80)], [180 x 224 from (37, 50)]
I1014 14:57:17.283056  8384 thread_intergrate.hpp:164] T-Intergrate-intergrate Show face :0, size :640 * 360
I1014 14:57:17.283707  8380 demo_inner.hpp:435] thread [SORT-0]  frame id 46 sorting queue size 1   FPS: 29.6248
I1014 14:57:17.291579  8383 work_thread.hpp:81]  [T-Work-Recog_1] Run work: WorkCompare
I1014 14:57:17.292040  8383 work_compare.cpp:76] Compare face: 0 successed, similarity :0.995662, name : images/ThangLMb.jpg, normal size : 1548 * 1719!
I1014 14:57:17.295971  8378 demo_inner.hpp:177] decode queue size 0
I1014 14:57:17.296077  8381 work_thread.hpp:81]  [T-Work-Detect_0] Run work: WorkDetect
I1014 14:57:17.296113  8381 work_detect.cpp:102] Succeeded to add det start for frame 47
I1014 14:57:17.303005  8381 work_detect.cpp:70] Frame :47 detect result :1 face(s)
I1014 14:57:17.303052  8381 work_detect.cpp:86] Detected bbox: [167 x 227 from (289, 122)]
I1014 14:57:17.303095  8381 work_detect.cpp:120] Succeeded to add det end for frame 47
I1014 14:57:17.303112  8381 work_thread.hpp:81]  [T-Work-Detect_0] Run work: WrokTrack
I1014 14:57:17.303135  8381 work_track.cpp:82] Frame: 47 build input_characts: [0.260938 x 0.630556 from (0.451562, 0.338889)], 0.999622, 0
I1014 14:57:17.303190  8381 work_track.cpp:102] Succeeded to set track lock for frame 47
I1014 14:57:17.303230  8381 work_track.cpp:116] Succeeded to release track lock for frame 47
I1014 14:57:17.303244  8381 work_track.cpp:120] Track results of frame 47: 1 objects input, 1 objects tracked!
I1014 14:57:17.303262  8381 work_track.cpp:148] Frame: 47, track bbox: [167 x 227 from (292.702, 124.879)], gid: 0, lid: 0
I1014 14:57:17.303299  8381 work_thread.hpp:87]  [T-Work-Detect_0] Frame :47 split
I1014 14:57:17.303316  8381 work_thread.hpp:120]  [T-Work-Detect_0] Valid piece: gid = 0
I1014 14:57:17.303334  8381 work_thread.hpp:91]  [T-Work-Detect_0] Push to split queue:recog
I1014 14:57:17.303378  8382 work_thread.hpp:81]  [T-Work-Recog_0] Run work: WorkCapture
I1014 14:57:17.303390  8384 thread_intergrate.hpp:78] [T-Intergrate-intergrate] queue: frame output frame :47
I1014 14:57:17.303416  8384 thread_intergrate.hpp:85] [T-Intergrate-intergrate] queue: compare output face:0
I1014 14:57:17.303434  8384 thread_intergrate.hpp:144] T-Intergrate-intergrate set matched face: 0
I1014 14:57:17.304087  8382 work_thread.hpp:81]  [T-Work-Recog_0] Run work: WorkRecog
I1014 14:57:17.304116  8382 work_recog.hpp:89] Face id: 0 will run recog: bbox [167 x 227 from (289, 122)] quality: 0.454171
I1014 14:57:17.304152  8382 work_recog.hpp:96] Recog pair: [240 x 288 from (256, 72)], [167 x 227 from (33, 50)]
I1014 14:57:17.313272  8384 thread_intergrate.hpp:164] T-Intergrate-intergrate Show face :0, size :640 * 360
I1014 14:57:17.313912  8380 demo_inner.hpp:435] thread [SORT-0]  frame id 47 sorting queue size 2   FPS: 29.6774
I1014 14:57:17.322631  8382 work_thread.hpp:81]  [T-Work-Recog_0] Run work: WorkCompare
I1014 14:57:17.323149  8382 work_compare.cpp:76] Compare face: 0 successed, similarity :0.996811, name : images/ThangLMb.jpg, normal size : 1548 * 1719!
I1014 14:57:17.327219  8379 demo_inner.hpp:260]  gui queue size 2, state = running
I1014 14:57:17.331815  8378 demo_inner.hpp:177] decode queue size 0
I1014 14:57:17.331938  8381 work_thread.hpp:81]  [T-Work-Detect_0] Run work: WorkDetect
I1014 14:57:17.331974  8381 work_detect.cpp:102] Succeeded to add det start for frame 48
I1014 14:57:17.338894  8381 work_detect.cpp:70] Frame :48 detect result :1 face(s)
I1014 14:57:17.338939  8381 work_detect.cpp:86] Detected bbox: [166 x 224 from (291, 129)]
I1014 14:57:17.338982  8381 work_detect.cpp:120] Succeeded to add det end for frame 48
I1014 14:57:17.338999  8381 work_thread.hpp:81]  [T-Work-Detect_0] Run work: WrokTrack
I1014 14:57:17.339025  8381 work_track.cpp:82] Frame: 48 build input_characts: [0.259375 x 0.622222 from (0.454688, 0.358333)], 1.00019, 0
I1014 14:57:17.339082  8381 work_track.cpp:102] Succeeded to set track lock for frame 48
I1014 14:57:17.339123  8381 work_track.cpp:116] Succeeded to release track lock for frame 48
I1014 14:57:17.339138  8381 work_track.cpp:120] Track results of frame 48: 1 objects input, 1 objects tracked!
I1014 14:57:17.339155  8381 work_track.cpp:148] Frame: 48, track bbox: [166 x 224 from (290.945, 127.235)], gid: 0, lid: 0
I1014 14:57:17.339191  8381 work_thread.hpp:87]  [T-Work-Detect_0] Frame :48 split
I1014 14:57:17.339210  8381 work_thread.hpp:120]  [T-Work-Detect_0] Valid piece: gid = 0
I1014 14:57:17.339227  8381 work_thread.hpp:91]  [T-Work-Detect_0] Push to split queue:recog
I1014 14:57:17.339278  8383 work_thread.hpp:81]  [T-Work-Recog_1] Run work: WorkCapture
I1014 14:57:17.339282  8384 thread_intergrate.hpp:78] [T-Intergrate-intergrate] queue: frame output frame :48
I1014 14:57:17.339308  8384 thread_intergrate.hpp:85] [T-Intergrate-intergrate] queue: compare output face:0
I1014 14:57:17.339327  8384 thread_intergrate.hpp:144] T-Intergrate-intergrate set matched face: 0
I1014 14:57:17.339869  8383 work_thread.hpp:81]  [T-Work-Recog_1] Run work: WorkRecog
I1014 14:57:17.339896  8383 work_recog.hpp:89] Face id: 0 will run recog: bbox [166 x 224 from (291, 129)] quality: 0.481912
I1014 14:57:17.339929  8383 work_recog.hpp:96] Recog pair: [240 x 280 from (256, 80)], [166 x 224 from (35, 49)]
I1014 14:57:17.349092  8384 thread_intergrate.hpp:164] T-Intergrate-intergrate Show face :0, size :640 * 360
I1014 14:57:17.349895  8380 demo_inner.hpp:435] thread [SORT-0]  frame id 48 sorting queue size 0   FPS: 29.653
I1014 14:57:17.357446  8383 work_thread.hpp:81]  [T-Work-Recog_1] Run work: WorkCompare
I1014 14:57:17.357903  8383 work_compare.cpp:76] Compare face: 0 successed, similarity :0.997398, name : images/ThangLMb.jpg, normal size : 1548 * 1719!
I1014 14:57:17.362069  8378 demo_inner.hpp:177] decode queue size 0
I1014 14:57:17.362179  8381 work_thread.hpp:81]  [T-Work-Detect_0] Run work: WorkDetect
I1014 14:57:17.362215  8381 work_detect.cpp:102] Succeeded to add det start for frame 49
I1014 14:57:17.369107  8381 work_detect.cpp:70] Frame :49 detect result :1 face(s)
I1014 14:57:17.369146  8381 work_detect.cpp:86] Detected bbox: [167 x 224 from (290, 123)]
I1014 14:57:17.369187  8381 work_detect.cpp:120] Succeeded to add det end for frame 49
I1014 14:57:17.369204  8381 work_thread.hpp:81]  [T-Work-Detect_0] Run work: WrokTrack
I1014 14:57:17.369228  8381 work_track.cpp:82] Frame: 49 build input_characts: [0.260938 x 0.622222 from (0.453125, 0.341667)], 1.00019, 0
I1014 14:57:17.369284  8381 work_track.cpp:102] Succeeded to set track lock for frame 49
I1014 14:57:17.369325  8381 work_track.cpp:116] Succeeded to release track lock for frame 49
I1014 14:57:17.369412  8381 work_track.cpp:120] Track results of frame 49: 1 objects input, 1 objects tracked!
I1014 14:57:17.369432  8381 work_track.cpp:148] Frame: 49, track bbox: [167 x 224 from (291.141, 125.422)], gid: 0, lid: 0
I1014 14:57:17.369470  8381 work_thread.hpp:87]  [T-Work-Detect_0] Frame :49 split
I1014 14:57:17.369495  8381 work_thread.hpp:120]  [T-Work-Detect_0] Valid piece: gid = 0
I1014 14:57:17.369514  8381 work_thread.hpp:91]  [T-Work-Detect_0] Push to split queue:recog
I1014 14:57:17.369560  8382 work_thread.hpp:81]  [T-Work-Recog_0] Run work: WorkCapture
I1014 14:57:17.369561  8384 thread_intergrate.hpp:78] [T-Intergrate-intergrate] queue: frame output frame :49
I1014 14:57:17.369602  8384 thread_intergrate.hpp:85] [T-Intergrate-intergrate] queue: compare output face:0
I1014 14:57:17.369621  8384 thread_intergrate.hpp:144] T-Intergrate-intergrate set matched face: 0
I1014 14:57:17.370386  8382 work_thread.hpp:81]  [T-Work-Recog_0] Run work: WorkRecog
I1014 14:57:17.370417  8382 work_recog.hpp:89] Face id: 0 will run recog: bbox [167 x 224 from (290, 123)] quality: 0.458304
I1014 14:57:17.370453  8382 work_recog.hpp:96] Recog pair: [240 x 288 from (256, 72)], [167 x 224 from (34, 51)]
I1014 14:57:17.379029  8384 thread_intergrate.hpp:164] T-Intergrate-intergrate Show face :0, size :640 * 360
I1014 14:57:17.379741  8380 demo_inner.hpp:435] thread [SORT-0]  frame id 49 sorting queue size 1   FPS: 29.7214
I1014 14:57:17.388506  8382 work_thread.hpp:81]  [T-Work-Recog_0] Run work: WorkCompare
I1014 14:57:17.389195  8382 work_compare.cpp:76] Compare face: 0 successed, similarity :0.996897, name : images/ThangLMb.jpg, normal size : 1548 * 1719!
I1014 14:57:17.397794  8378 demo_inner.hpp:177] decode queue size 0
I1014 14:57:17.397909  8381 work_thread.hpp:81]  [T-Work-Detect_0] Run work: WorkDetect
I1014 14:57:17.397945  8381 work_detect.cpp:102] Succeeded to add det start for frame 50
I1014 14:57:17.400465  8379 demo_inner.hpp:260]  gui queue size 1, state = running
I1014 14:57:17.405123  8381 work_detect.cpp:70] Frame :50 detect result :1 face(s)
I1014 14:57:17.405180  8381 work_detect.cpp:86] Detected bbox: [178 x 223 from (293, 129)]
I1014 14:57:17.405228  8381 work_detect.cpp:120] Succeeded to add det end for frame 50
I1014 14:57:17.405244  8381 work_thread.hpp:81]  [T-Work-Detect_0] Run work: WrokTrack
I1014 14:57:17.405273  8381 work_track.cpp:82] Frame: 50 build input_characts: [0.278125 x 0.619444 from (0.457812, 0.358333)], 1.00035, 0
I1014 14:57:17.405334  8381 work_track.cpp:102] Succeeded to set track lock for frame 50
I1014 14:57:17.405385  8381 work_track.cpp:116] Succeeded to release track lock for frame 50
I1014 14:57:17.405401  8381 work_track.cpp:120] Track results of frame 50: 1 objects input, 1 objects tracked!
I1014 14:57:17.405421  8381 work_track.cpp:148] Frame: 50, track bbox: [178 x 223 from (288.603, 126.83)], gid: 0, lid: 0
I1014 14:57:17.405460  8381 work_thread.hpp:87]  [T-Work-Detect_0] Frame :50 split
I1014 14:57:17.405480  8381 work_thread.hpp:120]  [T-Work-Detect_0] Valid piece: gid = 0
I1014 14:57:17.405500  8381 work_thread.hpp:91]  [T-Work-Detect_0] Push to split queue:recog
I1014 14:57:17.405572  8383 work_thread.hpp:81]  [T-Work-Recog_1] Run work: WorkCapture
I1014 14:57:17.405586  8384 thread_intergrate.hpp:78] [T-Intergrate-intergrate] queue: frame output frame :50
I1014 14:57:17.405611  8384 thread_intergrate.hpp:85] [T-Intergrate-intergrate] queue: compare output face:0
I1014 14:57:17.405630  8384 thread_intergrate.hpp:144] T-Intergrate-intergrate set matched face: 0
I1014 14:57:17.406177  8383 work_thread.hpp:81]  [T-Work-Recog_1] Run work: WorkRecog
I1014 14:57:17.406203  8383 work_recog.hpp:89] Face id: 0 will run recog: bbox [178 x 223 from (293, 129)] quality: 0.484234
I1014 14:57:17.406237  8383 work_recog.hpp:96] Recog pair: [256 x 280 from (256, 80)], [178 x 223 from (37, 49)]
I1014 14:57:17.423836  8383 work_thread.hpp:81]  [T-Work-Recog_1] Run work: WorkCompare
I1014 14:57:17.424110  8384 thread_intergrate.hpp:164] T-Intergrate-intergrate Show face :0, size :640 * 360
I1014 14:57:17.424324  8383 work_compare.cpp:76] Compare face: 0 successed, similarity :0.996884, name : images/ThangLMb.jpg, normal size : 1548 * 1719!
I1014 14:57:17.424774  8380 demo_inner.hpp:435] thread [SORT-0]  frame id 50 sorting queue size 0   FPS: 29.5181
I1014 14:57:17.428058  8378 demo_inner.hpp:177] decode queue size 0
I1014 14:57:17.428136  8381 work_thread.hpp:81]  [T-Work-Detect_0] Run work: WorkDetect
I1014 14:57:17.428197  8381 work_detect.cpp:102] Succeeded to add det start for frame 51
I1014 14:57:17.435151  8381 work_detect.cpp:70] Frame :51 detect result :1 face(s)
I1014 14:57:17.435200  8381 work_detect.cpp:86] Detected bbox: [163 x 220 from (292, 128)]
I1014 14:57:17.435243  8381 work_detect.cpp:120] Succeeded to add det end for frame 51
I1014 14:57:17.435259  8381 work_thread.hpp:81]  [T-Work-Detect_0] Run work: WrokTrack
I1014 14:57:17.435284  8381 work_track.cpp:82] Frame: 51 build input_characts: [0.254687 x 0.611111 from (0.45625, 0.355556)], 1.00019, 0
I1014 14:57:17.435340  8381 work_track.cpp:102] Succeeded to set track lock for frame 51
I1014 14:57:17.435379  8381 work_track.cpp:116] Succeeded to release track lock for frame 51
I1014 14:57:17.435395  8381 work_track.cpp:120] Track results of frame 51: 1 objects input, 1 objects tracked!
I1014 14:57:17.435412  8381 work_track.cpp:148] Frame: 51, track bbox: [163 x 220 from (293.552, 127.872)], gid: 0, lid: 0
I1014 14:57:17.435448  8381 work_thread.hpp:87]  [T-Work-Detect_0] Frame :51 split
I1014 14:57:17.435467  8381 work_thread.hpp:120]  [T-Work-Detect_0] Valid piece: gid = 0
I1014 14:57:17.435484  8381 work_thread.hpp:91]  [T-Work-Detect_0] Push to split queue:recog
I1014 14:57:17.435528  8384 thread_intergrate.hpp:78] [T-Intergrate-intergrate] queue: frame output frame :51
I1014 14:57:17.435530  8382 work_thread.hpp:81]  [T-Work-Recog_0] Run work: WorkCapture
I1014 14:57:17.435559  8384 thread_intergrate.hpp:85] [T-Intergrate-intergrate] queue: compare output face:0
I1014 14:57:17.435592  8384 thread_intergrate.hpp:144] T-Intergrate-intergrate set matched face: 0
I1014 14:57:17.436419  8382 work_thread.hpp:81]  [T-Work-Recog_0] Run work: WorkRecog
I1014 14:57:17.436457  8382 work_recog.hpp:89] Face id: 0 will run recog: bbox [163 x 220 from (292, 128)] quality: 0.475399
I1014 14:57:17.436494  8382 work_recog.hpp:96] Recog pair: [232 x 280 from (256, 80)], [163 x 220 from (36, 48)]
I1014 14:57:17.445030  8384 thread_intergrate.hpp:164] T-Intergrate-intergrate Show face :0, size :640 * 360
I1014 14:57:17.445688  8380 demo_inner.hpp:435] thread [SORT-0]  frame id 51 sorting queue size 1   FPS: 29.7442
I1014 14:57:17.454730  8382 work_thread.hpp:81]  [T-Work-Recog_0] Run work: WorkCompare
I1014 14:57:17.455323  8382 work_compare.cpp:76] Compare face: 0 successed, similarity :0.994772, name : images/ThangLMb.jpg, normal size : 1548 * 1719!
I1014 14:57:17.463847  8378 demo_inner.hpp:177] decode queue size 0
I1014 14:57:17.463959  8381 work_thread.hpp:81]  [T-Work-Detect_0] Run work: WorkDetect
I1014 14:57:17.463996  8381 work_detect.cpp:102] Succeeded to add det start for frame 52
I1014 14:57:17.470873  8381 work_detect.cpp:70] Frame :52 detect result :1 face(s)
I1014 14:57:17.470918  8381 work_detect.cpp:86] Detected bbox: [163 x 219 from (292, 127)]
I1014 14:57:17.470960  8381 work_detect.cpp:120] Succeeded to add det end for frame 52
I1014 14:57:17.470976  8381 work_thread.hpp:81]  [T-Work-Detect_0] Run work: WrokTrack
I1014 14:57:17.471002  8381 work_track.cpp:82] Frame: 52 build input_characts: [0.254687 x 0.608333 from (0.45625, 0.352778)], 1.00019, 0
I1014 14:57:17.471057  8381 work_track.cpp:102] Succeeded to set track lock for frame 52
I1014 14:57:17.471097  8381 work_track.cpp:116] Succeeded to release track lock for frame 52
I1014 14:57:17.471112  8381 work_track.cpp:120] Track results of frame 52: 1 objects input, 1 objects tracked!
I1014 14:57:17.471129  8381 work_track.cpp:148] Frame: 52, track bbox: [163 x 219 from (294.182, 128.339)], gid: 0, lid: 0
I1014 14:57:17.471237  8381 work_thread.hpp:87]  [T-Work-Detect_0] Frame :52 split
I1014 14:57:17.471256  8381 work_thread.hpp:120]  [T-Work-Detect_0] Valid piece: gid = 0
I1014 14:57:17.471276  8381 work_thread.hpp:91]  [T-Work-Detect_0] Push to split queue:recog
I1014 14:57:17.471323  8383 work_thread.hpp:81]  [T-Work-Recog_1] Run work: WorkCapture
I1014 14:57:17.471334  8384 thread_intergrate.hpp:78] [T-Intergrate-intergrate] queue: frame output frame :52
I1014 14:57:17.471360  8384 thread_intergrate.hpp:85] [T-Intergrate-intergrate] queue: compare output face:0
I1014 14:57:17.471379  8384 thread_intergrate.hpp:144] T-Intergrate-intergrate set matched face: 0
I1014 14:57:17.471915  8383 work_thread.hpp:81]  [T-Work-Recog_1] Run work: WorkRecog
I1014 14:57:17.471945  8383 work_recog.hpp:89] Face id: 0 will run recog: bbox [163 x 219 from (292, 127)] quality: 0.470961
I1014 14:57:17.471978  8383 work_recog.hpp:96] Recog pair: [232 x 280 from (256, 80)], [163 x 219 from (36, 47)]
I1014 14:57:17.481196  8384 thread_intergrate.hpp:164] T-Intergrate-intergrate Show face :0, size :640 * 360
I1014 14:57:17.481971  8380 demo_inner.hpp:435] thread [SORT-0]  frame id 52 sorting queue size 2   FPS: 29.6857
I1014 14:57:17.483733  8379 demo_inner.hpp:260]  gui queue size 2, state = running
I1014 14:57:17.490200  8383 work_thread.hpp:81]  [T-Work-Recog_1] Run work: WorkCompare
I1014 14:57:17.490667  8383 work_compare.cpp:76] Compare face: 0 successed, similarity :0.997103, name : images/ThangLMb.jpg, normal size : 1548 * 1719!
I1014 14:57:17.494410  8378 demo_inner.hpp:177] decode queue size 0
I1014 14:57:17.494490  8381 work_thread.hpp:81]  [T-Work-Detect_0] Run work: WorkDetect
I1014 14:57:17.494525  8381 work_detect.cpp:102] Succeeded to add det start for frame 53
I1014 14:57:17.501350  8381 work_detect.cpp:70] Frame :53 detect result :1 face(s)
I1014 14:57:17.501396  8381 work_detect.cpp:86] Detected bbox: [162 x 217 from (292, 131)]
I1014 14:57:17.501438  8381 work_detect.cpp:120] Succeeded to add det end for frame 53
I1014 14:57:17.501454  8381 work_thread.hpp:81]  [T-Work-Detect_0] Run work: WrokTrack
I1014 14:57:17.501478  8381 work_track.cpp:82] Frame: 53 build input_characts: [0.253125 x 0.602778 from (0.45625, 0.363889)], 1.00019, 0
I1014 14:57:17.501534  8381 work_track.cpp:102] Succeeded to set track lock for frame 53
I1014 14:57:17.501576  8381 work_track.cpp:116] Succeeded to release track lock for frame 53
I1014 14:57:17.501591  8381 work_track.cpp:120] Track results of frame 53: 1 objects input, 1 objects tracked!
I1014 14:57:17.501617  8381 work_track.cpp:148] Frame: 53, track bbox: [162 x 217 from (292.982, 129.509)], gid: 0, lid: 0
I1014 14:57:17.501653  8381 work_thread.hpp:87]  [T-Work-Detect_0] Frame :53 split
I1014 14:57:17.501672  8381 work_thread.hpp:120]  [T-Work-Detect_0] Valid piece: gid = 0
I1014 14:57:17.501689  8381 work_thread.hpp:91]  [T-Work-Detect_0] Push to split queue:recog
I1014 14:57:17.501734  8382 work_thread.hpp:81]  [T-Work-Recog_0] Run work: WorkCapture
I1014 14:57:17.501740  8384 thread_intergrate.hpp:78] [T-Intergrate-intergrate] queue: frame output frame :53
I1014 14:57:17.501765  8384 thread_intergrate.hpp:85] [T-Intergrate-intergrate] queue: compare output face:0
I1014 14:57:17.501782  8384 thread_intergrate.hpp:144] T-Intergrate-intergrate set matched face: 0
I1014 14:57:17.502466  8382 work_thread.hpp:81]  [T-Work-Recog_0] Run work: WorkRecog
I1014 14:57:17.502519  8382 work_recog.hpp:89] Face id: 0 will run recog: bbox [162 x 217 from (292, 131)] quality: 0.480073
I1014 14:57:17.502553  8382 work_recog.hpp:96] Recog pair: [232 x 272 from (256, 88)], [162 x 217 from (36, 43)]
I1014 14:57:17.511513  8384 thread_intergrate.hpp:164] T-Intergrate-intergrate Show face :0, size :640 * 360
I1014 14:57:17.512173  8380 demo_inner.hpp:435] thread [SORT-0]  frame id 53 sorting queue size 0   FPS: 29.7483
I1014 14:57:17.520726  8382 work_thread.hpp:81]  [T-Work-Recog_0] Run work: WorkCompare
I1014 14:57:17.521190  8382 work_compare.cpp:76] Compare face: 0 successed, similarity :0.995909, name : images/ThangLMb.jpg, normal size : 1548 * 1719!
I1014 14:57:17.529901  8378 demo_inner.hpp:177] decode queue size 0
I1014 14:57:17.530010  8381 work_thread.hpp:81]  [T-Work-Detect_0] Run work: WorkDetect
I1014 14:57:17.530047  8381 work_detect.cpp:102] Succeeded to add det start for frame 54
I1014 14:57:17.536888  8381 work_detect.cpp:70] Frame :54 detect result :1 face(s)
I1014 14:57:17.536931  8381 work_detect.cpp:86] Detected bbox: [160 x 216 from (293, 128)]
I1014 14:57:17.536973  8381 work_detect.cpp:120] Succeeded to add det end for frame 54
I1014 14:57:17.536990  8381 work_thread.hpp:81]  [T-Work-Detect_0] Run work: WrokTrack
I1014 14:57:17.537014  8381 work_track.cpp:82] Frame: 54 build input_characts: [0.25 x 0.6 from (0.457812, 0.355556)], 1.00019, 0
I1014 14:57:17.537070  8381 work_track.cpp:102] Succeeded to set track lock for frame 54
I1014 14:57:17.537111  8381 work_track.cpp:116] Succeeded to release track lock for frame 54
I1014 14:57:17.537125  8381 work_track.cpp:120] Track results of frame 54: 1 objects input, 1 objects tracked!
I1014 14:57:17.537143  8381 work_track.cpp:148] Frame: 54, track bbox: [160 x 216 from (292.688, 129.633)], gid: 0, lid: 0
I1014 14:57:17.537178  8381 work_thread.hpp:87]  [T-Work-Detect_0] Frame :54 split
I1014 14:57:17.537196  8381 work_thread.hpp:120]  [T-Work-Detect_0] Valid piece: gid = 0
I1014 14:57:17.537214  8381 work_thread.hpp:91]  [T-Work-Detect_0] Push to split queue:recog
I1014 14:57:17.537259  8383 work_thread.hpp:81]  [T-Work-Recog_1] Run work: WorkCapture
I1014 14:57:17.537264  8384 thread_intergrate.hpp:78] [T-Intergrate-intergrate] queue: frame output frame :54
I1014 14:57:17.537293  8384 thread_intergrate.hpp:85] [T-Intergrate-intergrate] queue: compare output face:0
I1014 14:57:17.537312  8384 thread_intergrate.hpp:144] T-Intergrate-intergrate set matched face: 0
I1014 14:57:17.537827  8383 work_thread.hpp:81]  [T-Work-Recog_1] Run work: WorkRecog
I1014 14:57:17.537853  8383 work_recog.hpp:89] Face id: 0 will run recog: bbox [160 x 216 from (293, 128)] quality: 0.46528
I1014 14:57:17.537883  8383 work_recog.hpp:96] Recog pair: [232 x 280 from (256, 80)], [160 x 216 from (37, 48)]
I1014 14:57:17.549207  8384 thread_intergrate.hpp:164] T-Intergrate-intergrate Show face :0, size :640 * 360
I1014 14:57:17.549983  8380 demo_inner.hpp:435] thread [SORT-0]  frame id 54 sorting queue size 1   FPS: 29.6753
I1014 14:57:17.550693  8379 demo_inner.hpp:260]  gui queue size 1, state = running
I1014 14:57:17.556037  8383 work_thread.hpp:81]  [T-Work-Recog_1] Run work: WorkCompare
I1014 14:57:17.556530  8383 work_compare.cpp:76] Compare face: 0 successed, similarity :0.996319, name : images/ThangLMb.jpg, normal size : 1548 * 1719!
I1014 14:57:17.565709  8378 demo_inner.hpp:177] decode queue size 0
I1014 14:57:17.565812  8381 work_thread.hpp:81]  [T-Work-Detect_0] Run work: WorkDetect
I1014 14:57:17.565848  8381 work_detect.cpp:102] Succeeded to add det start for frame 55
I1014 14:57:17.572683  8381 work_detect.cpp:70] Frame :55 detect result :1 face(s)
I1014 14:57:17.572727  8381 work_detect.cpp:86] Detected bbox: [161 x 218 from (292, 129)]
I1014 14:57:17.572772  8381 work_detect.cpp:120] Succeeded to add det end for frame 55
I1014 14:57:17.572788  8381 work_thread.hpp:81]  [T-Work-Detect_0] Run work: WrokTrack
I1014 14:57:17.572814  8381 work_track.cpp:82] Frame: 55 build input_characts: [0.251563 x 0.605556 from (0.45625, 0.358333)], 1.00019, 0
I1014 14:57:17.572870  8381 work_track.cpp:102] Succeeded to set track lock for frame 55
I1014 14:57:17.572911  8381 work_track.cpp:116] Succeeded to release track lock for frame 55
I1014 14:57:17.572924  8381 work_track.cpp:120] Track results of frame 55: 1 objects input, 1 objects tracked!
I1014 14:57:17.572942  8381 work_track.cpp:148] Frame: 55, track bbox: [161 x 218 from (290.561, 127.985)], gid: 0, lid: 0
I1014 14:57:17.572976  8381 work_thread.hpp:87]  [T-Work-Detect_0] Frame :55 split
I1014 14:57:17.572994  8381 work_thread.hpp:120]  [T-Work-Detect_0] Valid piece: gid = 0
I1014 14:57:17.573012  8381 work_thread.hpp:91]  [T-Work-Detect_0] Push to split queue:recog
I1014 14:57:17.573122  8383 work_thread.hpp:81]  [T-Work-Recog_1] Run work: WorkCapture
I1014 14:57:17.573144  8384 thread_intergrate.hpp:78] [T-Intergrate-intergrate] queue: frame output frame :55
I1014 14:57:17.573174  8384 thread_intergrate.hpp:85] [T-Intergrate-intergrate] queue: compare output face:0
I1014 14:57:17.573194  8384 thread_intergrate.hpp:144] T-Intergrate-intergrate set matched face: 0
I1014 14:57:17.573742  8383 work_thread.hpp:81]  [T-Work-Recog_1] Run work: WorkRecog
I1014 14:57:17.573766  8383 work_recog.hpp:89] Face id: 0 will run recog: bbox [161 x 218 from (292, 129)] quality: 0.480819
I1014 14:57:17.573796  8383 work_recog.hpp:96] Recog pair: [232 x 280 from (256, 80)], [161 x 218 from (36, 49)]
I1014 14:57:17.584961  8384 thread_intergrate.hpp:164] T-Intergrate-intergrate Show face :0, size :640 * 360
I1014 14:57:17.585748  8380 demo_inner.hpp:435] thread [SORT-0]  frame id 55 sorting queue size 0   FPS: 29.654
I1014 14:57:17.591521  8383 work_thread.hpp:81]  [T-Work-Recog_1] Run work: WorkCompare
I1014 14:57:17.591984  8383 work_compare.cpp:76] Compare face: 0 successed, similarity :0.997973, name : images/ThangLMb.jpg, normal size : 1548 * 1719!
I1014 14:57:17.595997  8378 demo_inner.hpp:177] decode queue size 0
I1014 14:57:17.596086  8381 work_thread.hpp:81]  [T-Work-Detect_0] Run work: WorkDetect
I1014 14:57:17.596122  8381 work_detect.cpp:102] Succeeded to add det start for frame 56
I1014 14:57:17.602982  8381 work_detect.cpp:70] Frame :56 detect result :1 face(s)
I1014 14:57:17.603026  8381 work_detect.cpp:86] Detected bbox: [159 x 212 from (294, 131)]
I1014 14:57:17.603070  8381 work_detect.cpp:120] Succeeded to add det end for frame 56
I1014 14:57:17.603086  8381 work_thread.hpp:81]  [T-Work-Detect_0] Run work: WrokTrack
I1014 14:57:17.603111  8381 work_track.cpp:82] Frame: 56 build input_characts: [0.248437 x 0.588889 from (0.459375, 0.363889)], 1.00019, 0
I1014 14:57:17.603165  8381 work_track.cpp:102] Succeeded to set track lock for frame 56
I1014 14:57:17.603205  8381 work_track.cpp:116] Succeeded to release track lock for frame 56
I1014 14:57:17.603220  8381 work_track.cpp:120] Track results of frame 56: 1 objects input, 1 objects tracked!
I1014 14:57:17.603238  8381 work_track.cpp:148] Frame: 56, track bbox: [159 x 212 from (293.434, 131.223)], gid: 0, lid: 0
I1014 14:57:17.603273  8381 work_thread.hpp:87]  [T-Work-Detect_0] Frame :56 split
I1014 14:57:17.603291  8381 work_thread.hpp:120]  [T-Work-Detect_0] Valid piece: gid = 0
I1014 14:57:17.603309  8381 work_thread.hpp:91]  [T-Work-Detect_0] Push to split queue:recog
I1014 14:57:17.603353  8382 work_thread.hpp:81]  [T-Work-Recog_0] Run work: WorkCapture
I1014 14:57:17.603368  8384 thread_intergrate.hpp:78] [T-Intergrate-intergrate] queue: frame output frame :56
I1014 14:57:17.603394  8384 thread_intergrate.hpp:85] [T-Intergrate-intergrate] queue: compare output face:0
I1014 14:57:17.603411  8384 thread_intergrate.hpp:144] T-Intergrate-intergrate set matched face: 0
I1014 14:57:17.604044  8382 work_thread.hpp:81]  [T-Work-Recog_0] Run work: WorkRecog
I1014 14:57:17.604073  8382 work_recog.hpp:89] Face id: 0 will run recog: bbox [159 x 212 from (294, 131)] quality: 0.477612
I1014 14:57:17.604104  8382 work_recog.hpp:96] Recog pair: [232 x 272 from (256, 88)], [159 x 212 from (38, 43)]
I1014 14:57:17.613138  8384 thread_intergrate.hpp:164] T-Intergrate-intergrate Show face :0, size :640 * 360
I1014 14:57:17.613817  8380 demo_inner.hpp:435] thread [SORT-0]  frame id 56 sorting queue size 1   FPS: 29.7458
I1014 14:57:17.622480  8382 work_thread.hpp:81]  [T-Work-Recog_0] Run work: WorkCompare
I1014 14:57:17.623013  8382 work_compare.cpp:76] Compare face: 0 successed, similarity :0.994879, name : images/ThangLMb.jpg, normal size : 1548 * 1719!
I1014 14:57:17.623714  8379 demo_inner.hpp:260]  gui queue size 1, state = running
I1014 14:57:17.631837  8378 demo_inner.hpp:177] decode queue size 0
I1014 14:57:17.631953  8381 work_thread.hpp:81]  [T-Work-Detect_0] Run work: WorkDetect
I1014 14:57:17.631990  8381 work_detect.cpp:102] Succeeded to add det start for frame 57
I1014 14:57:17.638945  8381 work_detect.cpp:70] Frame :57 detect result :1 face(s)
I1014 14:57:17.638994  8381 work_detect.cpp:86] Detected bbox: [162 x 217 from (293, 127)]
I1014 14:57:17.639037  8381 work_detect.cpp:120] Succeeded to add det end for frame 57
I1014 14:57:17.639053  8381 work_thread.hpp:81]  [T-Work-Detect_0] Run work: WrokTrack
I1014 14:57:17.639078  8381 work_track.cpp:82] Frame: 57 build input_characts: [0.253125 x 0.602778 from (0.457812, 0.352778)], 1.00019, 0
I1014 14:57:17.639133  8381 work_track.cpp:102] Succeeded to set track lock for frame 57
I1014 14:57:17.639173  8381 work_track.cpp:116] Succeeded to release track lock for frame 57
I1014 14:57:17.639189  8381 work_track.cpp:120] Track results of frame 57: 1 objects input, 1 objects tracked!
I1014 14:57:17.639206  8381 work_track.cpp:148] Frame: 57, track bbox: [162 x 217 from (292.539, 127.836)], gid: 0, lid: 0
I1014 14:57:17.639243  8381 work_thread.hpp:87]  [T-Work-Detect_0] Frame :57 split
I1014 14:57:17.639261  8381 work_thread.hpp:120]  [T-Work-Detect_0] Valid piece: gid = 0
I1014 14:57:17.639278  8381 work_thread.hpp:91]  [T-Work-Detect_0] Push to split queue:recog
I1014 14:57:17.639322  8383 work_thread.hpp:81]  [T-Work-Recog_1] Run work: WorkCapture
I1014 14:57:17.639334  8384 thread_intergrate.hpp:78] [T-Intergrate-intergrate] queue: frame output frame :57
I1014 14:57:17.639364  8384 thread_intergrate.hpp:85] [T-Intergrate-intergrate] queue: compare output face:0
I1014 14:57:17.639406  8384 thread_intergrate.hpp:144] T-Intergrate-intergrate set matched face: 0
I1014 14:57:17.639899  8383 work_thread.hpp:81]  [T-Work-Recog_1] Run work: WorkRecog
I1014 14:57:17.639925  8383 work_recog.hpp:89] Face id: 0 will run recog: bbox [162 x 217 from (293, 127)] quality: 0.473331
I1014 14:57:17.639955  8383 work_recog.hpp:96] Recog pair: [232 x 280 from (256, 80)], [162 x 217 from (37, 47)]
I1014 14:57:17.651326  8384 thread_intergrate.hpp:164] T-Intergrate-intergrate Show face :0, size :640 * 360
I1014 14:57:17.652089  8380 demo_inner.hpp:435] thread [SORT-0]  frame id 57 sorting queue size 0   FPS: 29.661
I1014 14:57:17.657685  8383 work_thread.hpp:81]  [T-Work-Recog_1] Run work: WorkCompare
I1014 14:57:17.658150  8383 work_compare.cpp:76] Compare face: 0 successed, similarity :0.996376, name : images/ThangLMb.jpg, normal size : 1548 * 1719!
I1014 14:57:17.662032  8378 demo_inner.hpp:177] decode queue size 0
I1014 14:57:17.662122  8381 work_thread.hpp:81]  [T-Work-Detect_0] Run work: WorkDetect
I1014 14:57:17.662156  8381 work_detect.cpp:102] Succeeded to add det start for frame 58
I1014 14:57:17.669003  8381 work_detect.cpp:70] Frame :58 detect result :1 face(s)
I1014 14:57:17.669050  8381 work_detect.cpp:86] Detected bbox: [155 x 215 from (294, 129)]
I1014 14:57:17.669093  8381 work_detect.cpp:120] Succeeded to add det end for frame 58
I1014 14:57:17.669111  8381 work_thread.hpp:81]  [T-Work-Detect_0] Run work: WrokTrack
I1014 14:57:17.669134  8381 work_track.cpp:82] Frame: 58 build input_characts: [0.242188 x 0.597222 from (0.459375, 0.358333)], 1.00019, 0
I1014 14:57:17.669189  8381 work_track.cpp:102] Succeeded to set track lock for frame 58
I1014 14:57:17.669229  8381 work_track.cpp:116] Succeeded to release track lock for frame 58
I1014 14:57:17.669245  8381 work_track.cpp:120] Track results of frame 58: 1 objects input, 1 objects tracked!
I1014 14:57:17.669262  8381 work_track.cpp:148] Frame: 58, track bbox: [155 x 215 from (295.196, 128.336)], gid: 0, lid: 0
I1014 14:57:17.669297  8381 work_thread.hpp:87]  [T-Work-Detect_0] Frame :58 split
I1014 14:57:17.669315  8381 work_thread.hpp:120]  [T-Work-Detect_0] Valid piece: gid = 0
I1014 14:57:17.669333  8381 work_thread.hpp:91]  [T-Work-Detect_0] Push to split queue:recog
I1014 14:57:17.669380  8382 work_thread.hpp:81]  [T-Work-Recog_0] Run work: WorkCapture
I1014 14:57:17.669394  8384 thread_intergrate.hpp:78] [T-Intergrate-intergrate] queue: frame output frame :58
I1014 14:57:17.669417  8384 thread_intergrate.hpp:85] [T-Intergrate-intergrate] queue: compare output face:0
I1014 14:57:17.669510  8384 thread_intergrate.hpp:144] T-Intergrate-intergrate set matched face: 0
I1014 14:57:17.670094  8382 work_thread.hpp:81]  [T-Work-Recog_0] Run work: WorkRecog
I1014 14:57:17.670121  8382 work_recog.hpp:89] Face id: 0 will run recog: bbox [155 x 215 from (294, 129)] quality: 0.476677
I1014 14:57:17.670156  8382 work_recog.hpp:96] Recog pair: [224 x 280 from (256, 80)], [155 x 215 from (38, 49)]
I1014 14:57:17.679214  8384 thread_intergrate.hpp:164] T-Intergrate-intergrate Show face :0, size :640 * 360
I1014 14:57:17.679829  8380 demo_inner.hpp:435] thread [SORT-0]  frame id 58 sorting queue size 1   FPS: 29.765
I1014 14:57:17.688355  8382 work_thread.hpp:81]  [T-Work-Recog_0] Run work: WorkCompare
I1014 14:57:17.688832  8382 work_compare.cpp:76] Compare face: 0 successed, similarity :0.995418, name : images/ThangLMb.jpg, normal size : 1548 * 1719!
I1014 14:57:17.697782  8378 demo_inner.hpp:177] decode queue size 0
I1014 14:57:17.697899  8381 work_thread.hpp:81]  [T-Work-Detect_0] Run work: WorkDetect
I1014 14:57:17.697937  8381 work_detect.cpp:102] Succeeded to add det start for frame 59
I1014 14:57:17.704843  8381 work_detect.cpp:70] Frame :59 detect result :1 face(s)
I1014 14:57:17.704890  8381 work_detect.cpp:86] Detected bbox: [156 x 212 from (295, 127)]
I1014 14:57:17.704933  8381 work_detect.cpp:120] Succeeded to add det end for frame 59
I1014 14:57:17.704951  8381 work_thread.hpp:81]  [T-Work-Detect_0] Run work: WrokTrack
I1014 14:57:17.704975  8381 work_track.cpp:82] Frame: 59 build input_characts: [0.24375 x 0.588889 from (0.460938, 0.352778)], 1.00019, 0
I1014 14:57:17.705031  8381 work_track.cpp:102] Succeeded to set track lock for frame 59
I1014 14:57:17.705071  8381 work_track.cpp:116] Succeeded to release track lock for frame 59
I1014 14:57:17.705086  8381 work_track.cpp:120] Track results of frame 59: 1 objects input, 1 objects tracked!
I1014 14:57:17.705103  8381 work_track.cpp:148] Frame: 59, track bbox: [156 x 212 from (294.757, 128.498)], gid: 0, lid: 0
I1014 14:57:17.705139  8381 work_thread.hpp:87]  [T-Work-Detect_0] Frame :59 split
I1014 14:57:17.705157  8381 work_thread.hpp:120]  [T-Work-Detect_0] Valid piece: gid = 0
I1014 14:57:17.705175  8381 work_thread.hpp:91]  [T-Work-Detect_0] Push to split queue:recog
I1014 14:57:17.705224  8383 work_thread.hpp:81]  [T-Work-Recog_1] Run work: WorkCapture
I1014 14:57:17.705232  8384 thread_intergrate.hpp:78] [T-Intergrate-intergrate] queue: frame output frame :59
I1014 14:57:17.705257  8384 thread_intergrate.hpp:85] [T-Intergrate-intergrate] queue: compare output face:0
I1014 14:57:17.705276  8384 thread_intergrate.hpp:144] T-Intergrate-intergrate set matched face: 0
I1014 14:57:17.705809  8383 work_thread.hpp:81]  [T-Work-Recog_1] Run work: WorkRecog
I1014 14:57:17.705837  8383 work_recog.hpp:89] Face id: 0 will run recog: bbox [156 x 212 from (295, 127)] quality: 0.477653
I1014 14:57:17.705868  8383 work_recog.hpp:96] Recog pair: [224 x 280 from (264, 80)], [156 x 212 from (31, 47)]
I1014 14:57:17.715307  8384 thread_intergrate.hpp:164] T-Intergrate-intergrate Show face :0, size :640 * 360
I1014 14:57:17.715883  8380 demo_inner.hpp:435] thread [SORT-0]  frame id 59 sorting queue size 2   FPS: 29.7131
I1014 14:57:17.723567  8383 work_thread.hpp:81]  [T-Work-Recog_1] Run work: WorkCompare
I1014 14:57:17.724027  8383 work_compare.cpp:76] Compare face: 0 successed, similarity :0.99492, name : images/ThangLMb.jpg, normal size : 1548 * 1719!
I1014 14:57:17.724303  8379 demo_inner.hpp:260]  gui queue size 2, state = running
I1014 14:57:17.728101  8378 demo_inner.hpp:177] decode queue size 0
I1014 14:57:17.728241  8381 work_thread.hpp:81]  [T-Work-Detect_0] Run work: WorkDetect
I1014 14:57:17.728278  8381 work_detect.cpp:102] Succeeded to add det start for frame 60
I1014 14:57:17.735091  8381 work_detect.cpp:70] Frame :60 detect result :1 face(s)
I1014 14:57:17.735143  8381 work_detect.cpp:86] Detected bbox: [156 x 214 from (295, 131)]
I1014 14:57:17.735188  8381 work_detect.cpp:120] Succeeded to add det end for frame 60
I1014 14:57:17.735275  8381 work_thread.hpp:81]  [T-Work-Detect_0] Run work: WrokTrack
I1014 14:57:17.735303  8381 work_track.cpp:82] Frame: 60 build input_characts: [0.24375 x 0.594444 from (0.460938, 0.363889)], 0.999622, 0
I1014 14:57:17.735359  8381 work_track.cpp:102] Succeeded to set track lock for frame 60
I1014 14:57:17.735399  8381 work_track.cpp:116] Succeeded to release track lock for frame 60
I1014 14:57:17.735414  8381 work_track.cpp:120] Track results of frame 60: 1 objects input, 1 objects tracked!
I1014 14:57:17.735432  8381 work_track.cpp:148] Frame: 60, track bbox: [156 x 214 from (294.809, 128.541)], gid: 0, lid: 0
I1014 14:57:17.735468  8381 work_thread.hpp:87]  [T-Work-Detect_0] Frame :60 split
I1014 14:57:17.735486  8381 work_thread.hpp:120]  [T-Work-Detect_0] Valid piece: gid = 0
I1014 14:57:17.735504  8381 work_thread.hpp:91]  [T-Work-Detect_0] Push to split queue:recog
I1014 14:57:17.735558  8382 work_thread.hpp:81]  [T-Work-Recog_0] Run work: WorkCapture
I1014 14:57:17.735563  8384 thread_intergrate.hpp:78] [T-Intergrate-intergrate] queue: frame output frame :60
I1014 14:57:17.735589  8384 thread_intergrate.hpp:85] [T-Intergrate-intergrate] queue: compare output face:0
I1014 14:57:17.735607  8384 thread_intergrate.hpp:144] T-Intergrate-intergrate set matched face: 0
I1014 14:57:17.736264  8382 work_thread.hpp:81]  [T-Work-Recog_0] Run work: WorkRecog
I1014 14:57:17.736438  8382 work_recog.hpp:89] Face id: 0 will run recog: bbox [156 x 214 from (295, 131)] quality: 0.482251
I1014 14:57:17.736474  8382 work_recog.hpp:96] Recog pair: [224 x 272 from (264, 88)], [156 x 214 from (31, 43)]
I1014 14:57:17.745311  8384 thread_intergrate.hpp:164] T-Intergrate-intergrate Show face :0, size :640 * 360
I1014 14:57:17.745939  8380 demo_inner.hpp:435] thread [SORT-0]  frame id 60 sorting queue size 0   FPS: 29.7679
I1014 14:57:17.754649  8382 work_thread.hpp:81]  [T-Work-Recog_0] Run work: WorkCompare
I1014 14:57:17.755151  8382 work_compare.cpp:76] Compare face: 0 successed, similarity :0.997187, name : images/ThangLMb.jpg, normal size : 1548 * 1719!
I1014 14:57:17.763864  8378 demo_inner.hpp:177] decode queue size 0
I1014 14:57:17.763972  8381 work_thread.hpp:81]  [T-Work-Detect_0] Run work: WorkDetect
I1014 14:57:17.764009  8381 work_detect.cpp:102] Succeeded to add det start for frame 61
I1014 14:57:17.770922  8381 work_detect.cpp:70] Frame :61 detect result :1 face(s)
I1014 14:57:17.770969  8381 work_detect.cpp:86] Detected bbox: [161 x 222 from (294, 126)]
I1014 14:57:17.771015  8381 work_detect.cpp:120] Succeeded to add det end for frame 61
I1014 14:57:17.771031  8381 work_thread.hpp:81]  [T-Work-Detect_0] Run work: WrokTrack
I1014 14:57:17.771055  8381 work_track.cpp:82] Frame: 61 build input_characts: [0.251563 x 0.616667 from (0.459375, 0.35)], 1.00019, 0
I1014 14:57:17.771111  8381 work_track.cpp:102] Succeeded to set track lock for frame 61
I1014 14:57:17.771150  8381 work_track.cpp:116] Succeeded to release track lock for frame 61
I1014 14:57:17.771165  8381 work_track.cpp:120] Track results of frame 61: 1 objects input, 1 objects tracked!
I1014 14:57:17.771183  8381 work_track.cpp:148] Frame: 61, track bbox: [161 x 222 from (293.034, 125.465)], gid: 0, lid: 0
I1014 14:57:17.771220  8381 work_thread.hpp:87]  [T-Work-Detect_0] Frame :61 split
I1014 14:57:17.771239  8381 work_thread.hpp:120]  [T-Work-Detect_0] Valid piece: gid = 0
I1014 14:57:17.771255  8381 work_thread.hpp:91]  [T-Work-Detect_0] Push to split queue:recog
I1014 14:57:17.771298  8383 work_thread.hpp:81]  [T-Work-Recog_1] Run work: WorkCapture
I1014 14:57:17.771306  8384 thread_intergrate.hpp:78] [T-Intergrate-intergrate] queue: frame output frame :61
I1014 14:57:17.771360  8384 thread_intergrate.hpp:85] [T-Intergrate-intergrate] queue: compare output face:0
I1014 14:57:17.771381  8384 thread_intergrate.hpp:144] T-Intergrate-intergrate set matched face: 0
I1014 14:57:17.771875  8383 work_thread.hpp:81]  [T-Work-Recog_1] Run work: WorkRecog
I1014 14:57:17.771900  8383 work_recog.hpp:89] Face id: 0 will run recog: bbox [161 x 222 from (294, 126)] quality: 0.480819
I1014 14:57:17.772017  8383 work_recog.hpp:96] Recog pair: [232 x 280 from (256, 80)], [161 x 222 from (38, 46)]
I1014 14:57:17.782999  8384 thread_intergrate.hpp:164] T-Intergrate-intergrate Show face :0, size :640 * 360
I1014 14:57:17.783917  8380 demo_inner.hpp:435] thread [SORT-0]  frame id 61 sorting queue size 1   FPS: 29.7177
I1014 14:57:17.789443  8383 work_thread.hpp:81]  [T-Work-Recog_1] Run work: WorkCompare
I1014 14:57:17.789870  8383 work_compare.cpp:76] Compare face: 0 successed, similarity :0.997783, name : images/ThangLMb.jpg, normal size : 1548 * 1719!
I1014 14:57:17.790947  8379 demo_inner.hpp:260]  gui queue size 1, state = running
I1014 14:57:17.799823  8378 demo_inner.hpp:177] decode queue size 0
I1014 14:57:17.799938  8381 work_thread.hpp:81]  [T-Work-Detect_0] Run work: WorkDetect
I1014 14:57:17.799976  8381 work_detect.cpp:102] Succeeded to add det start for frame 62
I1014 14:57:17.806782  8381 work_detect.cpp:70] Frame :62 detect result :1 face(s)
I1014 14:57:17.806828  8381 work_detect.cpp:86] Detected bbox: [159 x 215 from (293, 128)]
I1014 14:57:17.806871  8381 work_detect.cpp:120] Succeeded to add det end for frame 62
I1014 14:57:17.806887  8381 work_thread.hpp:81]  [T-Work-Detect_0] Run work: WrokTrack
I1014 14:57:17.806913  8381 work_track.cpp:82] Frame: 62 build input_characts: [0.248437 x 0.597222 from (0.457812, 0.355556)], 0.999622, 0
I1014 14:57:17.806968  8381 work_track.cpp:102] Succeeded to set track lock for frame 62
I1014 14:57:17.807008  8381 work_track.cpp:116] Succeeded to release track lock for frame 62
I1014 14:57:17.807022  8381 work_track.cpp:120] Track results of frame 62: 1 objects input, 1 objects tracked!
I1014 14:57:17.807040  8381 work_track.cpp:148] Frame: 62, track bbox: [159 x 215 from (293.712, 128.869)], gid: 0, lid: 0
I1014 14:57:17.807076  8381 work_thread.hpp:87]  [T-Work-Detect_0] Frame :62 split
I1014 14:57:17.807094  8381 work_thread.hpp:120]  [T-Work-Detect_0] Valid piece: gid = 0
I1014 14:57:17.807113  8381 work_thread.hpp:91]  [T-Work-Detect_0] Push to split queue:recog
I1014 14:57:17.807154  8383 work_thread.hpp:81]  [T-Work-Recog_1] Run work: WorkCapture
I1014 14:57:17.807164  8384 thread_intergrate.hpp:78] [T-Intergrate-intergrate] queue: frame output frame :62
I1014 14:57:17.807189  8384 thread_intergrate.hpp:85] [T-Intergrate-intergrate] queue: compare output face:0
I1014 14:57:17.807207  8384 thread_intergrate.hpp:144] T-Intergrate-intergrate set matched face: 0
I1014 14:57:17.808045  8383 work_thread.hpp:81]  [T-Work-Recog_1] Run work: WorkRecog
I1014 14:57:17.808079  8383 work_recog.hpp:89] Face id: 0 will run recog: bbox [159 x 215 from (293, 128)] quality: 0.473331
I1014 14:57:17.808116  8383 work_recog.hpp:96] Recog pair: [232 x 280 from (256, 80)], [159 x 215 from (37, 48)]
I1014 14:57:17.817008  8384 thread_intergrate.hpp:164] T-Intergrate-intergrate Show face :0, size :640 * 360
I1014 14:57:17.817641  8380 demo_inner.hpp:435] thread [SORT-0]  frame id 62 sorting queue size 0   FPS: 29.8211
I1014 14:57:17.825867  8383 work_thread.hpp:81]  [T-Work-Recog_1] Run work: WorkCompare
I1014 14:57:17.826336  8383 work_compare.cpp:76] Compare face: 0 successed, similarity :0.99641, name : images/ThangLMb.jpg, normal size : 1548 * 1719!
I1014 14:57:17.830051  8378 demo_inner.hpp:177] decode queue size 0
I1014 14:57:17.830139  8381 work_thread.hpp:81]  [T-Work-Detect_0] Run work: WorkDetect
I1014 14:57:17.830174  8381 work_detect.cpp:102] Succeeded to add det start for frame 63
I1014 14:57:17.837074  8381 work_detect.cpp:70] Frame :63 detect result :1 face(s)
I1014 14:57:17.837116  8381 work_detect.cpp:86] Detected bbox: [159 x 216 from (295, 129)]
I1014 14:57:17.837159  8381 work_detect.cpp:120] Succeeded to add det end for frame 63
I1014 14:57:17.837175  8381 work_thread.hpp:81]  [T-Work-Detect_0] Run work: WrokTrack
I1014 14:57:17.837201  8381 work_track.cpp:82] Frame: 63 build input_characts: [0.248437 x 0.6 from (0.460938, 0.358333)], 1.00019, 0
I1014 14:57:17.837258  8381 work_track.cpp:102] Succeeded to set track lock for frame 63
I1014 14:57:17.837378  8381 work_track.cpp:116] Succeeded to release track lock for frame 63
I1014 14:57:17.837395  8381 work_track.cpp:120] Track results of frame 63: 1 objects input, 1 objects tracked!
I1014 14:57:17.837414  8381 work_track.cpp:148] Frame: 63, track bbox: [159 x 216 from (294.751, 128.832)], gid: 0, lid: 0
I1014 14:57:17.837451  8381 work_thread.hpp:87]  [T-Work-Detect_0] Frame :63 split
I1014 14:57:17.837469  8381 work_thread.hpp:120]  [T-Work-Detect_0] Valid piece: gid = 0
I1014 14:57:17.837486  8381 work_thread.hpp:91]  [T-Work-Detect_0] Push to split queue:recog
I1014 14:57:17.837540  8384 thread_intergrate.hpp:78] [T-Intergrate-intergrate] queue: frame output frame :63
I1014 14:57:17.837563  8382 work_thread.hpp:81]  [T-Work-Recog_0] Run work: WorkCapture
I1014 14:57:17.837565  8384 thread_intergrate.hpp:85] [T-Intergrate-intergrate] queue: compare output face:0
I1014 14:57:17.837602  8384 thread_intergrate.hpp:144] T-Intergrate-intergrate set matched face: 0
I1014 14:57:17.838261  8382 work_thread.hpp:81]  [T-Work-Recog_0] Run work: WorkRecog
I1014 14:57:17.838439  8382 work_recog.hpp:89] Face id: 0 will run recog: bbox [159 x 216 from (295, 129)] quality: 0.478277
I1014 14:57:17.838475  8382 work_recog.hpp:96] Recog pair: [224 x 280 from (264, 80)], [159 x 216 from (31, 49)]
I1014 14:57:17.847296  8384 thread_intergrate.hpp:164] T-Intergrate-intergrate Show face :0, size :640 * 360
I1014 14:57:17.848027  8380 demo_inner.hpp:435] thread [SORT-0]  frame id 63 sorting queue size 1   FPS: 29.8063
I1014 14:57:17.856447  8382 work_thread.hpp:81]  [T-Work-Recog_0] Run work: WorkCompare
I1014 14:57:17.856948  8382 work_compare.cpp:76] Compare face: 0 successed, similarity :0.995728, name : images/ThangLMb.jpg, normal size : 1548 * 1719!
I1014 14:57:17.865759  8378 demo_inner.hpp:177] decode queue size 0
I1014 14:57:17.865872  8381 work_thread.hpp:81]  [T-Work-Detect_0] Run work: WorkDetect
I1014 14:57:17.865908  8381 work_detect.cpp:102] Succeeded to add det start for frame 64
I1014 14:57:17.872798  8381 work_detect.cpp:70] Frame :64 detect result :1 face(s)
I1014 14:57:17.872843  8381 work_detect.cpp:86] Detected bbox: [159 x 218 from (294, 128)]
I1014 14:57:17.872886  8381 work_detect.cpp:120] Succeeded to add det end for frame 64
I1014 14:57:17.872902  8381 work_thread.hpp:81]  [T-Work-Detect_0] Run work: WrokTrack
I1014 14:57:17.872927  8381 work_track.cpp:82] Frame: 64 build input_characts: [0.248437 x 0.605556 from (0.459375, 0.355556)], 1.00019, 0
I1014 14:57:17.872982  8381 work_track.cpp:102] Succeeded to set track lock for frame 64
I1014 14:57:17.873023  8381 work_track.cpp:116] Succeeded to release track lock for frame 64
I1014 14:57:17.873037  8381 work_track.cpp:120] Track results of frame 64: 1 objects input, 1 objects tracked!
I1014 14:57:17.873055  8381 work_track.cpp:148] Frame: 64, track bbox: [159 x 218 from (294.344, 128.297)], gid: 0, lid: 0
I1014 14:57:17.873091  8381 work_thread.hpp:87]  [T-Work-Detect_0] Frame :64 split
I1014 14:57:17.873109  8381 work_thread.hpp:120]  [T-Work-Detect_0] Valid piece: gid = 0
I1014 14:57:17.873127  8381 work_thread.hpp:91]  [T-Work-Detect_0] Push to split queue:recog
I1014 14:57:17.873174  8383 work_thread.hpp:81]  [T-Work-Recog_1] Run work: WorkCapture
I1014 14:57:17.873188  8384 thread_intergrate.hpp:78] [T-Intergrate-intergrate] queue: frame output frame :64
I1014 14:57:17.873212  8384 thread_intergrate.hpp:85] [T-Intergrate-intergrate] queue: compare output face:0
I1014 14:57:17.873231  8384 thread_intergrate.hpp:144] T-Intergrate-intergrate set matched face: 0
I1014 14:57:17.873778  8383 work_thread.hpp:81]  [T-Work-Recog_1] Run work: WorkRecog
I1014 14:57:17.873808  8383 work_recog.hpp:89] Face id: 0 will run recog: bbox [159 x 218 from (294, 128)] quality: 0.481497
I1014 14:57:17.873842  8383 work_recog.hpp:96] Recog pair: [232 x 280 from (256, 80)], [159 x 218 from (38, 48)]
I1014 14:57:17.882972  8384 thread_intergrate.hpp:164] T-Intergrate-intergrate Show face :0, size :640 * 360
I1014 14:57:17.883957  8380 demo_inner.hpp:435] thread [SORT-0]  frame id 64 sorting queue size 2   FPS: 29.8063
I1014 14:57:17.885330  8379 demo_inner.hpp:260]  gui queue size 2, state = running
I1014 14:57:17.891894  8383 work_thread.hpp:81]  [T-Work-Recog_1] Run work: WorkCompare
I1014 14:57:17.892385  8383 work_compare.cpp:76] Compare face: 0 successed, similarity :0.996729, name : images/ThangLMb.jpg, normal size : 1548 * 1719!
I1014 14:57:17.896401  8378 demo_inner.hpp:177] decode queue size 0
I1014 14:57:17.896522  8381 work_thread.hpp:81]  [T-Work-Detect_0] Run work: WorkDetect
I1014 14:57:17.896559  8381 work_detect.cpp:102] Succeeded to add det start for frame 65
I1014 14:57:17.903414  8381 work_detect.cpp:70] Frame :65 detect result :1 face(s)
I1014 14:57:17.903462  8381 work_detect.cpp:86] Detected bbox: [158 x 216 from (294, 128)]
I1014 14:57:17.903506  8381 work_detect.cpp:120] Succeeded to add det end for frame 65
I1014 14:57:17.903522  8381 work_thread.hpp:81]  [T-Work-Detect_0] Run work: WrokTrack
I1014 14:57:17.903548  8381 work_track.cpp:82] Frame: 65 build input_characts: [0.246875 x 0.6 from (0.459375, 0.355556)], 1.00019, 0
I1014 14:57:17.903601  8381 work_track.cpp:102] Succeeded to set track lock for frame 65
I1014 14:57:17.903662  8381 work_track.cpp:116] Succeeded to release track lock for frame 65
I1014 14:57:17.903677  8381 work_track.cpp:120] Track results of frame 65: 1 objects input, 1 objects tracked!
I1014 14:57:17.903695  8381 work_track.cpp:148] Frame: 65, track bbox: [158 x 216 from (294.449, 128.142)], gid: 0, lid: 0
I1014 14:57:17.903733  8381 work_thread.hpp:87]  [T-Work-Detect_0] Frame :65 split
I1014 14:57:17.903749  8381 work_thread.hpp:120]  [T-Work-Detect_0] Valid piece: gid = 0
I1014 14:57:17.903767  8381 work_thread.hpp:91]  [T-Work-Detect_0] Push to split queue:recog
I1014 14:57:17.903816  8382 work_thread.hpp:81]  [T-Work-Recog_0] Run work: WorkCapture
I1014 14:57:17.904420  8384 thread_intergrate.hpp:78] [T-Intergrate-intergrate] queue: frame output frame :65
I1014 14:57:17.904450  8384 thread_intergrate.hpp:85] [T-Intergrate-intergrate] queue: compare output face:0
