I1014 14:51:00.407382  8216 work_thread.hpp:81]  [T-Work-Recog_0] Run work: WorkCompare
I1014 14:51:00.408821  8214 demo_inner.hpp:435] thread [SORT-0]  frame id 44 sorting queue size 0   FPS: 29.8819
I1014 14:51:00.408890  8213 demo_inner.hpp:260]  gui queue size 0, state = running
I1014 14:51:00.435570  8212 demo_inner.hpp:177] decode queue size 0
I1014 14:51:00.435681  8215 work_thread.hpp:81]  [T-Work-Detect_0] Run work: WorkDetect
I1014 14:51:00.435715  8215 work_detect.cpp:102] Succeeded to add det start for frame 45
I1014 14:51:00.442327  8215 work_detect.cpp:70] Frame :45 detect result :2 face(s)
W1014 14:51:00.442373  8215 work_detect.cpp:83] Invalid bbox: [134 x 160 from (196, 235)]
I1014 14:51:00.442461  8215 work_detect.cpp:86] Detected bbox: [29 x 33 from (296, 91)]
I1014 14:51:00.442504  8215 work_detect.cpp:120] Succeeded to add det end for frame 45
I1014 14:51:00.442520  8215 work_thread.hpp:81]  [T-Work-Detect_0] Run work: WrokTrack
I1014 14:51:00.442545  8215 work_track.cpp:82] Frame: 45 build input_characts: [0.0453125 x 0.0916667 from (0.4625, 0.252778)], 0.991885, 0
I1014 14:51:00.442601  8215 work_track.cpp:102] Succeeded to set track lock for frame 45
I1014 14:51:00.442641  8215 work_track.cpp:116] Succeeded to release track lock for frame 45
I1014 14:51:00.442656  8215 work_track.cpp:120] Track results of frame 45: 1 objects input, 1 objects tracked!
I1014 14:51:00.442673  8215 work_track.cpp:148] Frame: 45, track bbox: [29 x 33 from (295.916, 91.0499)], gid: 0, lid: 0
I1014 14:51:00.442708  8215 work_thread.hpp:87]  [T-Work-Detect_0] Frame :45 split
I1014 14:51:00.442726  8215 work_thread.hpp:120]  [T-Work-Detect_0] Valid piece: gid = 0
I1014 14:51:00.442744  8215 work_thread.hpp:91]  [T-Work-Detect_0] Push to split queue:recog
I1014 14:51:00.442788  8216 work_thread.hpp:81]  [T-Work-Recog_0] Run work: WorkCapture
I1014 14:51:00.443001  8218 thread_intergrate.hpp:78] [T-Intergrate-intergrate] queue: frame output frame :45
I1014 14:51:00.443238  8216 work_thread.hpp:81]  [T-Work-Recog_0] Run work: WorkRecog
W1014 14:51:00.443259  8216 work_recog.hpp:118] Face id: 0 has low quality : 0.010522, no need to recog
I1014 14:51:00.443310  8216 work_thread.hpp:81]  [T-Work-Recog_0] Run work: WorkCompare
I1014 14:51:00.444725  8214 demo_inner.hpp:435] thread [SORT-0]  frame id 45 sorting queue size 0   FPS: 29.8305
I1014 14:51:00.444789  8213 demo_inner.hpp:260]  gui queue size 0, state = running
I1014 14:51:00.465701  8212 demo_inner.hpp:177] decode queue size 0
I1014 14:51:00.465797  8215 work_thread.hpp:81]  [T-Work-Detect_0] Run work: WorkDetect
I1014 14:51:00.465831  8215 work_detect.cpp:102] Succeeded to add det start for frame 46
I1014 14:51:00.472440  8215 work_detect.cpp:70] Frame :46 detect result :2 face(s)
W1014 14:51:00.472483  8215 work_detect.cpp:83] Invalid bbox: [132 x 151 from (198, 236)]
I1014 14:51:00.472569  8215 work_detect.cpp:86] Detected bbox: [27 x 31 from (297, 92)]
I1014 14:51:00.472612  8215 work_detect.cpp:120] Succeeded to add det end for frame 46
I1014 14:51:00.472628  8215 work_thread.hpp:81]  [T-Work-Detect_0] Run work: WrokTrack
I1014 14:51:00.472652  8215 work_track.cpp:82] Frame: 46 build input_characts: [0.0421875 x 0.0861111 from (0.464063, 0.255556)], 0.987331, 0
I1014 14:51:00.472710  8215 work_track.cpp:102] Succeeded to set track lock for frame 46
I1014 14:51:00.472749  8215 work_track.cpp:116] Succeeded to release track lock for frame 46
I1014 14:51:00.472764  8215 work_track.cpp:120] Track results of frame 46: 1 objects input, 1 objects tracked!
I1014 14:51:00.472782  8215 work_track.cpp:148] Frame: 46, track bbox: [27 x 31 from (296.887, 91.9691)], gid: 0, lid: 0
I1014 14:51:00.472817  8215 work_thread.hpp:87]  [T-Work-Detect_0] Frame :46 split
I1014 14:51:00.472836  8215 work_thread.hpp:120]  [T-Work-Detect_0] Valid piece: gid = 0
I1014 14:51:00.472852  8215 work_thread.hpp:91]  [T-Work-Detect_0] Push to split queue:recog
I1014 14:51:00.472903  8216 work_thread.hpp:81]  [T-Work-Recog_0] Run work: WorkCapture
I1014 14:51:00.473112  8218 thread_intergrate.hpp:78] [T-Intergrate-intergrate] queue: frame output frame :46
I1014 14:51:00.473350  8216 work_thread.hpp:81]  [T-Work-Recog_0] Run work: WorkRecog
W1014 14:51:00.473371  8216 work_recog.hpp:118] Face id: 0 has low quality : 0.00351591, no need to recog
I1014 14:51:00.473419  8216 work_thread.hpp:81]  [T-Work-Recog_0] Run work: WorkCompare
I1014 14:51:00.474802  8214 demo_inner.hpp:435] thread [SORT-0]  frame id 46 sorting queue size 0   FPS: 29.9003
I1014 14:51:00.474870  8213 demo_inner.hpp:260]  gui queue size 0, state = running
I1014 14:51:00.501603  8212 demo_inner.hpp:177] decode queue size 0
I1014 14:51:00.501706  8215 work_thread.hpp:81]  [T-Work-Detect_0] Run work: WorkDetect
I1014 14:51:00.501739  8215 work_detect.cpp:102] Succeeded to add det start for frame 47
I1014 14:51:00.508318  8215 work_detect.cpp:70] Frame :47 detect result :2 face(s)
W1014 14:51:00.508363  8215 work_detect.cpp:83] Invalid bbox: [136 x 164 from (194, 233)]
I1014 14:51:00.508450  8215 work_detect.cpp:86] Detected bbox: [28 x 33 from (296, 91)]
I1014 14:51:00.508496  8215 work_detect.cpp:120] Succeeded to add det end for frame 47
I1014 14:51:00.508512  8215 work_thread.hpp:81]  [T-Work-Detect_0] Run work: WrokTrack
I1014 14:51:00.508535  8215 work_track.cpp:82] Frame: 47 build input_characts: [0.04375 x 0.0916667 from (0.4625, 0.252778)], 0.987905, 0
I1014 14:51:00.508591  8215 work_track.cpp:102] Succeeded to set track lock for frame 47
I1014 14:51:00.508632  8215 work_track.cpp:116] Succeeded to release track lock for frame 47
I1014 14:51:00.508646  8215 work_track.cpp:120] Track results of frame 47: 1 objects input, 1 objects tracked!
I1014 14:51:00.508666  8215 work_track.cpp:148] Frame: 47, track bbox: [28 x 33 from (296.254, 91.0716)], gid: 0, lid: 0
I1014 14:51:00.508700  8215 work_thread.hpp:87]  [T-Work-Detect_0] Frame :47 split
I1014 14:51:00.508718  8215 work_thread.hpp:120]  [T-Work-Detect_0] Valid piece: gid = 0
I1014 14:51:00.508735  8215 work_thread.hpp:91]  [T-Work-Detect_0] Push to split queue:recog
I1014 14:51:00.508788  8217 work_thread.hpp:81]  [T-Work-Recog_1] Run work: WorkCapture
I1014 14:51:00.508792  8218 thread_intergrate.hpp:78] [T-Intergrate-intergrate] queue: frame output frame :47
I1014 14:51:00.509296  8217 work_thread.hpp:81]  [T-Work-Recog_1] Run work: WorkRecog
W1014 14:51:00.509318  8217 work_recog.hpp:118] Face id: 0 has low quality : 0.00732808, no need to recog
I1014 14:51:00.509395  8217 work_thread.hpp:81]  [T-Work-Recog_1] Run work: WorkCompare
I1014 14:51:00.510347  8214 demo_inner.hpp:435] thread [SORT-0]  frame id 47 sorting queue size 0   FPS: 29.8507
I1014 14:51:00.510411  8213 demo_inner.hpp:260]  gui queue size 0, state = running
I1014 14:51:00.537566  8212 demo_inner.hpp:177] decode queue size 0
I1014 14:51:00.537675  8215 work_thread.hpp:81]  [T-Work-Detect_0] Run work: WorkDetect
I1014 14:51:00.537711  8215 work_detect.cpp:102] Succeeded to add det start for frame 48
I1014 14:51:00.544337  8215 work_detect.cpp:70] Frame :48 detect result :2 face(s)
W1014 14:51:00.544379  8215 work_detect.cpp:83] Invalid bbox: [136 x 155 from (197, 235)]
I1014 14:51:00.544490  8215 work_detect.cpp:86] Detected bbox: [27 x 33 from (297, 91)]
I1014 14:51:00.544534  8215 work_detect.cpp:120] Succeeded to add det end for frame 48
I1014 14:51:00.544550  8215 work_thread.hpp:81]  [T-Work-Detect_0] Run work: WrokTrack
I1014 14:51:00.544575  8215 work_track.cpp:82] Frame: 48 build input_characts: [0.0421875 x 0.0916667 from (0.464063, 0.252778)], 0.987905, 0
I1014 14:51:00.544631  8215 work_track.cpp:102] Succeeded to set track lock for frame 48
I1014 14:51:00.544672  8215 work_track.cpp:116] Succeeded to release track lock for frame 48
I1014 14:51:00.544687  8215 work_track.cpp:120] Track results of frame 48: 1 objects input, 1 objects tracked!
I1014 14:51:00.544704  8215 work_track.cpp:148] Frame: 48, track bbox: [27 x 33 from (296.808, 90.9034)], gid: 0, lid: 0
I1014 14:51:00.544739  8215 work_thread.hpp:87]  [T-Work-Detect_0] Frame :48 split
I1014 14:51:00.544757  8215 work_thread.hpp:120]  [T-Work-Detect_0] Valid piece: gid = 0
I1014 14:51:00.544775  8215 work_thread.hpp:91]  [T-Work-Detect_0] Push to split queue:recog
I1014 14:51:00.544821  8218 thread_intergrate.hpp:78] [T-Intergrate-intergrate] queue: frame output frame :48
I1014 14:51:00.544824  8217 work_thread.hpp:81]  [T-Work-Recog_1] Run work: WorkCapture
I1014 14:51:00.545327  8217 work_thread.hpp:81]  [T-Work-Recog_1] Run work: WorkRecog
W1014 14:51:00.545351  8217 work_recog.hpp:118] Face id: 0 has low quality : 0.00508311, no need to recog
I1014 14:51:00.545403  8217 work_thread.hpp:81]  [T-Work-Recog_1] Run work: WorkCompare
I1014 14:51:00.546367  8214 demo_inner.hpp:435] thread [SORT-0]  frame id 48 sorting queue size 0   FPS: 29.8034
I1014 14:51:00.546599  8213 demo_inner.hpp:260]  gui queue size 0, state = running
I1014 14:51:00.567729  8212 demo_inner.hpp:177] decode queue size 0
I1014 14:51:00.567822  8215 work_thread.hpp:81]  [T-Work-Detect_0] Run work: WorkDetect
I1014 14:51:00.567854  8215 work_detect.cpp:102] Succeeded to add det start for frame 49
I1014 14:51:00.574383  8215 work_detect.cpp:70] Frame :49 detect result :2 face(s)
W1014 14:51:00.574426  8215 work_detect.cpp:83] Invalid bbox: [134 x 152 from (197, 235)]
I1014 14:51:00.574510  8215 work_detect.cpp:86] Detected bbox: [28 x 32 from (296, 91)]
I1014 14:51:00.574554  8215 work_detect.cpp:120] Succeeded to add det end for frame 49
I1014 14:51:00.574570  8215 work_thread.hpp:81]  [T-Work-Detect_0] Run work: WrokTrack
I1014 14:51:00.574595  8215 work_track.cpp:82] Frame: 49 build input_characts: [0.04375 x 0.0888889 from (0.4625, 0.252778)], 0.985729, 0
I1014 14:51:00.574651  8215 work_track.cpp:102] Succeeded to set track lock for frame 49
I1014 14:51:00.574692  8215 work_track.cpp:116] Succeeded to release track lock for frame 49
I1014 14:51:00.574707  8215 work_track.cpp:120] Track results of frame 49: 1 objects input, 1 objects tracked!
I1014 14:51:00.574723  8215 work_track.cpp:148] Frame: 49, track bbox: [28 x 32 from (296.137, 91.2557)], gid: 0, lid: 0
I1014 14:51:00.574759  8215 work_thread.hpp:87]  [T-Work-Detect_0] Frame :49 split
I1014 14:51:00.574776  8215 work_thread.hpp:120]  [T-Work-Detect_0] Valid piece: gid = 0
I1014 14:51:00.574793  8215 work_thread.hpp:91]  [T-Work-Detect_0] Push to split queue:recog
I1014 14:51:00.574841  8218 thread_intergrate.hpp:78] [T-Intergrate-intergrate] queue: frame output frame :49
I1014 14:51:00.574859  8217 work_thread.hpp:81]  [T-Work-Recog_1] Run work: WorkCapture
I1014 14:51:00.575371  8217 work_thread.hpp:81]  [T-Work-Recog_1] Run work: WorkRecog
W1014 14:51:00.575393  8217 work_recog.hpp:118] Face id: 0 has low quality : 0.00648938, no need to recog
I1014 14:51:00.575505  8217 work_thread.hpp:81]  [T-Work-Recog_1] Run work: WorkCompare
I1014 14:51:00.576594  8214 demo_inner.hpp:435] thread [SORT-0]  frame id 49 sorting queue size 0   FPS: 29.8693
I1014 14:51:00.576659  8213 demo_inner.hpp:260]  gui queue size 0, state = running
I1014 14:51:00.603591  8212 demo_inner.hpp:177] decode queue size 0
I1014 14:51:00.603694  8215 work_thread.hpp:81]  [T-Work-Detect_0] Run work: WorkDetect
I1014 14:51:00.603727  8215 work_detect.cpp:102] Succeeded to add det start for frame 50
I1014 14:51:00.610332  8215 work_detect.cpp:70] Frame :50 detect result :2 face(s)
W1014 14:51:00.610376  8215 work_detect.cpp:83] Invalid bbox: [135 x 161 from (195, 235)]
I1014 14:51:00.610481  8215 work_detect.cpp:86] Detected bbox: [28 x 33 from (296, 92)]
I1014 14:51:00.610527  8215 work_detect.cpp:120] Succeeded to add det end for frame 50
I1014 14:51:00.610543  8215 work_thread.hpp:81]  [T-Work-Detect_0] Run work: WrokTrack
I1014 14:51:00.610568  8215 work_track.cpp:82] Frame: 50 build input_characts: [0.04375 x 0.0916667 from (0.4625, 0.255556)], 0.988759, 0
I1014 14:51:00.610623  8215 work_track.cpp:102] Succeeded to set track lock for frame 50
I1014 14:51:00.610662  8215 work_track.cpp:116] Succeeded to release track lock for frame 50
I1014 14:51:00.610677  8215 work_track.cpp:120] Track results of frame 50: 1 objects input, 1 objects tracked!
I1014 14:51:00.610695  8215 work_track.cpp:148] Frame: 50, track bbox: [28 x 33 from (295.998, 91.3241)], gid: 0, lid: 0
I1014 14:51:00.610730  8215 work_thread.hpp:87]  [T-Work-Detect_0] Frame :50 split
I1014 14:51:00.610747  8215 work_thread.hpp:120]  [T-Work-Detect_0] Valid piece: gid = 0
I1014 14:51:00.610765  8215 work_thread.hpp:91]  [T-Work-Detect_0] Push to split queue:recog
I1014 14:51:00.610812  8216 work_thread.hpp:81]  [T-Work-Recog_0] Run work: WorkCapture
I1014 14:51:00.611027  8218 thread_intergrate.hpp:78] [T-Intergrate-intergrate] queue: frame output frame :50
I1014 14:51:00.611263  8216 work_thread.hpp:81]  [T-Work-Recog_0] Run work: WorkRecog
W1014 14:51:00.611285  8216 work_recog.hpp:118] Face id: 0 has low quality : 0.00310794, no need to recog
I1014 14:51:00.611335  8216 work_thread.hpp:81]  [T-Work-Recog_0] Run work: WorkCompare
I1014 14:51:00.612735  8214 demo_inner.hpp:435] thread [SORT-0]  frame id 50 sorting queue size 0   FPS: 29.8235
I1014 14:51:00.612800  8213 demo_inner.hpp:260]  gui queue size 0, state = running
I1014 14:51:00.633625  8212 demo_inner.hpp:177] decode queue size 0
I1014 14:51:00.633721  8215 work_thread.hpp:81]  [T-Work-Detect_0] Run work: WorkDetect
I1014 14:51:00.633754  8215 work_detect.cpp:102] Succeeded to add det start for frame 51
I1014 14:51:00.640332  8215 work_detect.cpp:70] Frame :51 detect result :2 face(s)
W1014 14:51:00.640374  8215 work_detect.cpp:83] Invalid bbox: [135 x 160 from (186, 236)]
I1014 14:51:00.640460  8215 work_detect.cpp:86] Detected bbox: [27 x 32 from (296, 92)]
I1014 14:51:00.640504  8215 work_detect.cpp:120] Succeeded to add det end for frame 51
I1014 14:51:00.640522  8215 work_thread.hpp:81]  [T-Work-Detect_0] Run work: WrokTrack
I1014 14:51:00.640545  8215 work_track.cpp:82] Frame: 51 build input_characts: [0.0421875 x 0.0888889 from (0.4625, 0.255556)], 0.987905, 0
I1014 14:51:00.640604  8215 work_track.cpp:102] Succeeded to set track lock for frame 51
I1014 14:51:00.640643  8215 work_track.cpp:116] Succeeded to release track lock for frame 51
I1014 14:51:00.640658  8215 work_track.cpp:120] Track results of frame 51: 1 objects input, 1 objects tracked!
I1014 14:51:00.640676  8215 work_track.cpp:148] Frame: 51, track bbox: [27 x 32 from (296.136, 92.0244)], gid: 0, lid: 0
I1014 14:51:00.640712  8215 work_thread.hpp:87]  [T-Work-Detect_0] Frame :51 split
I1014 14:51:00.640731  8215 work_thread.hpp:120]  [T-Work-Detect_0] Valid piece: gid = 0
I1014 14:51:00.640749  8215 work_thread.hpp:91]  [T-Work-Detect_0] Push to split queue:recog
I1014 14:51:00.640799  8216 work_thread.hpp:81]  [T-Work-Recog_0] Run work: WorkCapture
I1014 14:51:00.641012  8218 thread_intergrate.hpp:78] [T-Intergrate-intergrate] queue: frame output frame :51
I1014 14:51:00.641255  8216 work_thread.hpp:81]  [T-Work-Recog_0] Run work: WorkRecog
W1014 14:51:00.641276  8216 work_recog.hpp:118] Face id: 0 has low quality : 0.00242713, no need to recog
I1014 14:51:00.641347  8216 work_thread.hpp:81]  [T-Work-Recog_0] Run work: WorkCompare
I1014 14:51:00.642787  8214 demo_inner.hpp:435] thread [SORT-0]  frame id 51 sorting queue size 0   FPS: 29.8864
I1014 14:51:00.642858  8213 demo_inner.hpp:260]  gui queue size 0, state = running
I1014 14:51:00.669564  8212 demo_inner.hpp:177] decode queue size 0
I1014 14:51:00.669670  8215 work_thread.hpp:81]  [T-Work-Detect_0] Run work: WorkDetect
I1014 14:51:00.669704  8215 work_detect.cpp:102] Succeeded to add det start for frame 52
I1014 14:51:00.676345  8215 work_detect.cpp:70] Frame :52 detect result :2 face(s)
W1014 14:51:00.676393  8215 work_detect.cpp:83] Invalid bbox: [137 x 162 from (187, 225)]
I1014 14:51:00.676478  8215 work_detect.cpp:86] Detected bbox: [27 x 33 from (296, 92)]
I1014 14:51:00.676522  8215 work_detect.cpp:120] Succeeded to add det end for frame 52
I1014 14:51:00.676539  8215 work_thread.hpp:81]  [T-Work-Detect_0] Run work: WrokTrack
I1014 14:51:00.676563  8215 work_track.cpp:82] Frame: 52 build input_characts: [0.0421875 x 0.0916667 from (0.4625, 0.255556)], 0.989534, 0
I1014 14:51:00.676621  8215 work_track.cpp:102] Succeeded to set track lock for frame 52
I1014 14:51:00.676681  8215 work_track.cpp:116] Succeeded to release track lock for frame 52
I1014 14:51:00.676694  8215 work_track.cpp:120] Track results of frame 52: 1 objects input, 1 objects tracked!
I1014 14:51:00.676712  8215 work_track.cpp:148] Frame: 52, track bbox: [27 x 33 from (296.026, 91.9105)], gid: 0, lid: 0
I1014 14:51:00.676748  8215 work_thread.hpp:87]  [T-Work-Detect_0] Frame :52 split
I1014 14:51:00.676765  8215 work_thread.hpp:120]  [T-Work-Detect_0] Valid piece: gid = 0
I1014 14:51:00.676782  8215 work_thread.hpp:91]  [T-Work-Detect_0] Push to split queue:recog
I1014 14:51:00.676826  8216 work_thread.hpp:81]  [T-Work-Recog_0] Run work: WorkCapture
I1014 14:51:00.677040  8218 thread_intergrate.hpp:78] [T-Intergrate-intergrate] queue: frame output frame :52
I1014 14:51:00.677278  8216 work_thread.hpp:81]  [T-Work-Recog_0] Run work: WorkRecog
W1014 14:51:00.677300  8216 work_recog.hpp:118] Face id: 0 has low quality : 0.00242712, no need to recog
I1014 14:51:00.677351  8216 work_thread.hpp:81]  [T-Work-Recog_0] Run work: WorkCompare
I1014 14:51:00.678705  8214 demo_inner.hpp:435] thread [SORT-0]  frame id 52 sorting queue size 0   FPS: 29.842
I1014 14:51:00.678776  8213 demo_inner.hpp:260]  gui queue size 0, state = running
I1014 14:51:00.699770  8212 demo_inner.hpp:177] decode queue size 0
I1014 14:51:00.699869  8215 work_thread.hpp:81]  [T-Work-Detect_0] Run work: WorkDetect
I1014 14:51:00.699903  8215 work_detect.cpp:102] Succeeded to add det start for frame 53
I1014 14:51:00.706388  8215 work_detect.cpp:70] Frame :53 detect result :2 face(s)
W1014 14:51:00.706425  8215 work_detect.cpp:83] Invalid bbox: [135 x 164 from (193, 233)]
I1014 14:51:00.706508  8215 work_detect.cpp:86] Detected bbox: [28 x 32 from (295, 92)]
I1014 14:51:00.706553  8215 work_detect.cpp:120] Succeeded to add det end for frame 53
I1014 14:51:00.706569  8215 work_thread.hpp:81]  [T-Work-Detect_0] Run work: WrokTrack
I1014 14:51:00.706593  8215 work_track.cpp:82] Frame: 53 build input_characts: [0.04375 x 0.0888889 from (0.460938, 0.255556)], 0.988759, 0
I1014 14:51:00.706651  8215 work_track.cpp:102] Succeeded to set track lock for frame 53
I1014 14:51:00.706692  8215 work_track.cpp:116] Succeeded to release track lock for frame 53
I1014 14:51:00.706707  8215 work_track.cpp:120] Track results of frame 53: 1 objects input, 1 objects tracked!
I1014 14:51:00.706725  8215 work_track.cpp:148] Frame: 53, track bbox: [28 x 32 from (295.072, 92.387)], gid: 0, lid: 0
I1014 14:51:00.706760  8215 work_thread.hpp:87]  [T-Work-Detect_0] Frame :53 split
I1014 14:51:00.706779  8215 work_thread.hpp:120]  [T-Work-Detect_0] Valid piece: gid = 0
I1014 14:51:00.706841  8215 work_thread.hpp:91]  [T-Work-Detect_0] Push to split queue:recog
I1014 14:51:00.706889  8216 work_thread.hpp:81]  [T-Work-Recog_0] Run work: WorkCapture
I1014 14:51:00.707101  8218 thread_intergrate.hpp:78] [T-Intergrate-intergrate] queue: frame output frame :53
I1014 14:51:00.707343  8216 work_thread.hpp:81]  [T-Work-Recog_0] Run work: WorkRecog
W1014 14:51:00.707365  8216 work_recog.hpp:118] Face id: 0 has low quality : 0.0039766, no need to recog
I1014 14:51:00.707415  8216 work_thread.hpp:81]  [T-Work-Recog_0] Run work: WorkCompare
I1014 14:51:00.708767  8214 demo_inner.hpp:435] thread [SORT-0]  frame id 53 sorting queue size 0   FPS: 29.9022
I1014 14:51:00.708830  8213 demo_inner.hpp:260]  gui queue size 0, state = running
I1014 14:51:00.735826  8212 demo_inner.hpp:177] decode queue size 0
I1014 14:51:00.735930  8215 work_thread.hpp:81]  [T-Work-Detect_0] Run work: WorkDetect
I1014 14:51:00.735963  8215 work_detect.cpp:102] Succeeded to add det start for frame 54
I1014 14:51:00.742511  8215 work_detect.cpp:70] Frame :54 detect result :2 face(s)
W1014 14:51:00.742556  8215 work_detect.cpp:83] Invalid bbox: [137 x 163 from (186, 225)]
I1014 14:51:00.742643  8215 work_detect.cpp:86] Detected bbox: [28 x 33 from (295, 92)]
I1014 14:51:00.742688  8215 work_detect.cpp:120] Succeeded to add det end for frame 54
I1014 14:51:00.742704  8215 work_thread.hpp:81]  [T-Work-Detect_0] Run work: WrokTrack
I1014 14:51:00.742729  8215 work_track.cpp:82] Frame: 54 build input_characts: [0.04375 x 0.0916667 from (0.460938, 0.255556)], 0.989534, 0
I1014 14:51:00.742785  8215 work_track.cpp:102] Succeeded to set track lock for frame 54
I1014 14:51:00.742825  8215 work_track.cpp:116] Succeeded to release track lock for frame 54
I1014 14:51:00.742841  8215 work_track.cpp:120] Track results of frame 54: 1 objects input, 1 objects tracked!
I1014 14:51:00.742859  8215 work_track.cpp:148] Frame: 54, track bbox: [28 x 33 from (294.938, 92.0547)], gid: 0, lid: 0
I1014 14:51:00.742897  8215 work_thread.hpp:87]  [T-Work-Detect_0] Frame :54 split
I1014 14:51:00.742914  8215 work_thread.hpp:120]  [T-Work-Detect_0] Valid piece: gid = 0
I1014 14:51:00.742933  8215 work_thread.hpp:91]  [T-Work-Detect_0] Push to split queue:recog
I1014 14:51:00.742980  8217 work_thread.hpp:81]  [T-Work-Recog_1] Run work: WorkCapture
I1014 14:51:00.742980  8218 thread_intergrate.hpp:78] [T-Intergrate-intergrate] queue: frame output frame :54
I1014 14:51:00.743474  8217 work_thread.hpp:81]  [T-Work-Recog_1] Run work: WorkRecog
W1014 14:51:00.743496  8217 work_recog.hpp:118] Face id: 0 has low quality : 0.00274675, no need to recog
I1014 14:51:00.743558  8217 work_thread.hpp:81]  [T-Work-Recog_1] Run work: WorkCompare
I1014 14:51:00.744741  8214 demo_inner.hpp:435] thread [SORT-0]  frame id 54 sorting queue size 0   FPS: 29.8592
I1014 14:51:00.744805  8213 demo_inner.hpp:260]  gui queue size 0, state = running
I1014 14:51:00.771528  8212 demo_inner.hpp:177] decode queue size 0
I1014 14:51:00.771631  8215 work_thread.hpp:81]  [T-Work-Detect_0] Run work: WorkDetect
I1014 14:51:00.771663  8215 work_detect.cpp:102] Succeeded to add det start for frame 55
I1014 14:51:00.778333  8215 work_detect.cpp:70] Frame :55 detect result :2 face(s)
W1014 14:51:00.778378  8215 work_detect.cpp:83] Invalid bbox: [134 x 166 from (193, 233)]
I1014 14:51:00.778462  8215 work_detect.cpp:86] Detected bbox: [26 x 31 from (296, 92)]
I1014 14:51:00.778507  8215 work_detect.cpp:120] Succeeded to add det end for frame 55
I1014 14:51:00.778523  8215 work_thread.hpp:81]  [T-Work-Detect_0] Run work: WrokTrack
I1014 14:51:00.778548  8215 work_track.cpp:82] Frame: 55 build input_characts: [0.040625 x 0.0861111 from (0.4625, 0.255556)], 0.983243, 0
I1014 14:51:00.778604  8215 work_track.cpp:102] Succeeded to set track lock for frame 55
I1014 14:51:00.778645  8215 work_track.cpp:116] Succeeded to release track lock for frame 55
I1014 14:51:00.778658  8215 work_track.cpp:120] Track results of frame 55: 1 objects input, 1 objects tracked!
I1014 14:51:00.778676  8215 work_track.cpp:148] Frame: 55, track bbox: [26 x 31 from (295.835, 92.3888)], gid: 0, lid: 0
I1014 14:51:00.778756  8215 work_thread.hpp:87]  [T-Work-Detect_0] Frame :55 split
I1014 14:51:00.778776  8215 work_thread.hpp:120]  [T-Work-Detect_0] Valid piece: gid = 0
I1014 14:51:00.778795  8215 work_thread.hpp:91]  [T-Work-Detect_0] Push to split queue:recog
I1014 14:51:00.778837  8217 work_thread.hpp:81]  [T-Work-Recog_1] Run work: WorkCapture
I1014 14:51:00.778839  8218 thread_intergrate.hpp:78] [T-Intergrate-intergrate] queue: frame output frame :55
I1014 14:51:00.779335  8217 work_thread.hpp:81]  [T-Work-Recog_1] Run work: WorkRecog
W1014 14:51:00.779366  8217 work_recog.hpp:118] Face id: 0 has low quality : 0.00310794, no need to recog
I1014 14:51:00.779441  8217 work_thread.hpp:81]  [T-Work-Recog_1] Run work: WorkCompare
I1014 14:51:00.780392  8214 demo_inner.hpp:435] thread [SORT-0]  frame id 55 sorting queue size 0   FPS: 29.8178
I1014 14:51:00.780622  8213 demo_inner.hpp:260]  gui queue size 0, state = running
I1014 14:51:00.801657  8212 demo_inner.hpp:177] decode queue size 0
I1014 14:51:00.801755  8215 work_thread.hpp:81]  [T-Work-Detect_0] Run work: WorkDetect
I1014 14:51:00.801790  8215 work_detect.cpp:102] Succeeded to add det start for frame 56
I1014 14:51:00.808360  8215 work_detect.cpp:70] Frame :56 detect result :2 face(s)
W1014 14:51:00.808409  8215 work_detect.cpp:83] Invalid bbox: [136 x 168 from (191, 233)]
I1014 14:51:00.808496  8215 work_detect.cpp:86] Detected bbox: [25 x 30 from (296, 93)]
I1014 14:51:00.808540  8215 work_detect.cpp:120] Succeeded to add det end for frame 56
I1014 14:51:00.808557  8215 work_thread.hpp:81]  [T-Work-Detect_0] Run work: WrokTrack
I1014 14:51:00.808583  8215 work_track.cpp:82] Frame: 56 build input_characts: [0.0390625 x 0.0833333 from (0.4625, 0.258333)], 0.986762, 0
I1014 14:51:00.808640  8215 work_track.cpp:102] Succeeded to set track lock for frame 56
I1014 14:51:00.808679  8215 work_track.cpp:116] Succeeded to release track lock for frame 56
I1014 14:51:00.808694  8215 work_track.cpp:120] Track results of frame 56: 1 objects input, 1 objects tracked!
I1014 14:51:00.808712  8215 work_track.cpp:148] Frame: 56, track bbox: [25 x 30 from (296.125, 92.9112)], gid: 0, lid: 0
I1014 14:51:00.808748  8215 work_thread.hpp:87]  [T-Work-Detect_0] Frame :56 split
I1014 14:51:00.808765  8215 work_thread.hpp:120]  [T-Work-Detect_0] Valid piece: gid = 0
I1014 14:51:00.808784  8215 work_thread.hpp:91]  [T-Work-Detect_0] Push to split queue:recog
I1014 14:51:00.808830  8217 work_thread.hpp:81]  [T-Work-Recog_1] Run work: WorkCapture
I1014 14:51:00.808833  8218 thread_intergrate.hpp:78] [T-Intergrate-intergrate] queue: frame output frame :56
I1014 14:51:00.809320  8217 work_thread.hpp:81]  [T-Work-Recog_1] Run work: WorkRecog
W1014 14:51:00.809342  8217 work_recog.hpp:118] Face id: 0 has low quality : 0.00310794, no need to recog
I1014 14:51:00.809403  8217 work_thread.hpp:81]  [T-Work-Recog_1] Run work: WorkCompare
I1014 14:51:00.810582  8214 demo_inner.hpp:435] thread [SORT-0]  frame id 56 sorting queue size 0   FPS: 29.8751
I1014 14:51:00.837505  8212 demo_inner.hpp:177] decode queue size 0
I1014 14:51:00.837617  8215 work_thread.hpp:81]  [T-Work-Detect_0] Run work: WorkDetect
I1014 14:51:00.837654  8215 work_detect.cpp:102] Succeeded to add det start for frame 57
I1014 14:51:00.837858  8213 demo_inner.hpp:260]  gui queue size 0, state = running
I1014 14:51:00.844224  8215 work_detect.cpp:70] Frame :57 detect result :2 face(s)
W1014 14:51:00.844275  8215 work_detect.cpp:83] Invalid bbox: [134 x 165 from (185, 233)]
I1014 14:51:00.844362  8215 work_detect.cpp:86] Detected bbox: [26 x 30 from (295, 93)]
I1014 14:51:00.844405  8215 work_detect.cpp:120] Succeeded to add det end for frame 57
I1014 14:51:00.844422  8215 work_thread.hpp:81]  [T-Work-Detect_0] Run work: WrokTrack
I1014 14:51:00.844447  8215 work_track.cpp:82] Frame: 57 build input_characts: [0.040625 x 0.0833333 from (0.460938, 0.258333)], 0.983243, 0
I1014 14:51:00.844506  8215 work_track.cpp:102] Succeeded to set track lock for frame 57
I1014 14:51:00.844593  8215 work_track.cpp:116] Succeeded to release track lock for frame 57
I1014 14:51:00.844609  8215 work_track.cpp:120] Track results of frame 57: 1 objects input, 1 objects tracked!
I1014 14:51:00.844626  8215 work_track.cpp:148] Frame: 57, track bbox: [26 x 30 from (295.196, 92.8426)], gid: 0, lid: 0
I1014 14:51:00.844662  8215 work_thread.hpp:87]  [T-Work-Detect_0] Frame :57 split
I1014 14:51:00.844681  8215 work_thread.hpp:120]  [T-Work-Detect_0] Valid piece: gid = 0
I1014 14:51:00.844698  8215 work_thread.hpp:91]  [T-Work-Detect_0] Push to split queue:recog
I1014 14:51:00.844753  8216 work_thread.hpp:81]  [T-Work-Recog_0] Run work: WorkCapture
I1014 14:51:00.844969  8218 thread_intergrate.hpp:78] [T-Intergrate-intergrate] queue: frame output frame :57
I1014 14:51:00.845201  8216 work_thread.hpp:81]  [T-Work-Recog_0] Run work: WorkRecog
W1014 14:51:00.845222  8216 work_recog.hpp:118] Face id: 0 has low quality : 0.00449659, no need to recog
I1014 14:51:00.845273  8216 work_thread.hpp:81]  [T-Work-Recog_0] Run work: WorkCompare
I1014 14:51:00.846678  8214 demo_inner.hpp:435] thread [SORT-0]  frame id 57 sorting queue size 0   FPS: 29.8348
I1014 14:51:00.868037  8212 demo_inner.hpp:177] decode queue size 0
I1014 14:51:00.868134  8215 work_thread.hpp:81]  [T-Work-Detect_0] Run work: WorkDetect
I1014 14:51:00.868196  8215 work_detect.cpp:102] Succeeded to add det start for frame 58
I1014 14:51:00.874640  8215 work_detect.cpp:70] Frame :58 detect result :2 face(s)
W1014 14:51:00.874681  8215 work_detect.cpp:83] Invalid bbox: [135 x 170 from (189, 232)]
I1014 14:51:00.874794  8215 work_detect.cpp:86] Detected bbox: [28 x 31 from (294, 92)]
I1014 14:51:00.874840  8215 work_detect.cpp:120] Succeeded to add det end for frame 58
I1014 14:51:00.874856  8215 work_thread.hpp:81]  [T-Work-Detect_0] Run work: WrokTrack
I1014 14:51:00.874881  8215 work_track.cpp:82] Frame: 58 build input_characts: [0.04375 x 0.0861111 from (0.459375, 0.255556)], 0.988759, 0
I1014 14:51:00.874936  8215 work_track.cpp:102] Succeeded to set track lock for frame 58
I1014 14:51:00.874977  8215 work_track.cpp:116] Succeeded to release track lock for frame 58
I1014 14:51:00.874991  8215 work_track.cpp:120] Track results of frame 58: 1 objects input, 1 objects tracked!
I1014 14:51:00.875010  8215 work_track.cpp:148] Frame: 58, track bbox: [28 x 31 from (293.984, 92.1738)], gid: 0, lid: 0
I1014 14:51:00.875046  8215 work_thread.hpp:87]  [T-Work-Detect_0] Frame :58 split
I1014 14:51:00.875063  8215 work_thread.hpp:120]  [T-Work-Detect_0] Valid piece: gid = 0
I1014 14:51:00.875082  8215 work_thread.hpp:91]  [T-Work-Detect_0] Push to split queue:recog
I1014 14:51:00.875133  8216 work_thread.hpp:81]  [T-Work-Recog_0] Run work: WorkCapture
I1014 14:51:00.875346  8218 thread_intergrate.hpp:78] [T-Intergrate-intergrate] queue: frame output frame :58
I1014 14:51:00.875581  8216 work_thread.hpp:81]  [T-Work-Recog_0] Run work: WorkRecog
W1014 14:51:00.875603  8216 work_recog.hpp:118] Face id: 0 has low quality : 0.00574438, no need to recog
I1014 14:51:00.875655  8216 work_thread.hpp:81]  [T-Work-Recog_0] Run work: WorkCompare
I1014 14:51:00.877102  8214 demo_inner.hpp:435] thread [SORT-0]  frame id 58 sorting queue size 1   FPS: 29.8899
I1014 14:51:00.903941  8212 demo_inner.hpp:177] decode queue size 0
I1014 14:51:00.904059  8215 work_thread.hpp:81]  [T-Work-Detect_0] Run work: WorkDetect
I1014 14:51:00.904095  8215 work_detect.cpp:102] Succeeded to add det start for frame 59
I1014 14:51:00.910645  8215 work_detect.cpp:70] Frame :59 detect result :2 face(s)
W1014 14:51:00.910694  8215 work_detect.cpp:83] Invalid bbox: [134 x 169 from (185, 231)]
I1014 14:51:00.910781  8215 work_detect.cpp:86] Detected bbox: [26 x 31 from (294, 92)]
I1014 14:51:00.910825  8215 work_detect.cpp:120] Succeeded to add det end for frame 59
I1014 14:51:00.910841  8215 work_thread.hpp:81]  [T-Work-Detect_0] Run work: WrokTrack
I1014 14:51:00.910866  8215 work_track.cpp:82] Frame: 59 build input_characts: [0.040625 x 0.0861111 from (0.459375, 0.255556)], 0.988759, 0
I1014 14:51:00.910965  8215 work_track.cpp:102] Succeeded to set track lock for frame 59
I1014 14:51:00.911006  8215 work_track.cpp:116] Succeeded to release track lock for frame 59
I1014 14:51:00.911021  8215 work_track.cpp:120] Track results of frame 59: 1 objects input, 1 objects tracked!
I1014 14:51:00.911039  8215 work_track.cpp:148] Frame: 59, track bbox: [26 x 31 from (294.296, 91.9858)], gid: 0, lid: 0
I1014 14:51:00.911074  8215 work_thread.hpp:87]  [T-Work-Detect_0] Frame :59 split
I1014 14:51:00.911092  8215 work_thread.hpp:120]  [T-Work-Detect_0] Valid piece: gid = 0
I1014 14:51:00.911110  8215 work_thread.hpp:91]  [T-Work-Detect_0] Push to split queue:recog
I1014 14:51:00.911155  8216 work_thread.hpp:81]  [T-Work-Recog_0] Run work: WorkCapture
I1014 14:51:00.911358  8218 thread_intergrate.hpp:78] [T-Intergrate-intergrate] queue: frame output frame :59
I1014 14:51:00.911598  8216 work_thread.hpp:81]  [T-Work-Recog_0] Run work: WorkRecog
W1014 14:51:00.911620  8216 work_recog.hpp:118] Face id: 0 has low quality : 0.00574438, no need to recog
I1014 14:51:00.911669  8216 work_thread.hpp:81]  [T-Work-Recog_0] Run work: WorkCompare
I1014 14:51:00.913049  8214 demo_inner.hpp:435] thread [SORT-0]  frame id 59 sorting queue size 2   FPS: 29.8507
I1014 14:51:00.921511  8213 demo_inner.hpp:260]  gui queue size 2, state = running
I1014 14:51:00.933683  8212 demo_inner.hpp:177] decode queue size 0
I1014 14:51:00.933780  8215 work_thread.hpp:81]  [T-Work-Detect_0] Run work: WorkDetect
I1014 14:51:00.933815  8215 work_detect.cpp:102] Succeeded to add det start for frame 60
I1014 14:51:00.940423  8215 work_detect.cpp:70] Frame :60 detect result :2 face(s)
W1014 14:51:00.940474  8215 work_detect.cpp:83] Invalid bbox: [134 x 168 from (190, 233)]
I1014 14:51:00.940562  8215 work_detect.cpp:86] Detected bbox: [24 x 29 from (295, 93)]
I1014 14:51:00.940605  8215 work_detect.cpp:120] Succeeded to add det end for frame 60
I1014 14:51:00.940623  8215 work_thread.hpp:81]  [T-Work-Detect_0] Run work: WrokTrack
I1014 14:51:00.940646  8215 work_track.cpp:82] Frame: 60 build input_characts: [0.0375 x 0.0805556 from (0.460938, 0.258333)], 0.981281, 0
I1014 14:51:00.940702  8215 work_track.cpp:102] Succeeded to set track lock for frame 60
I1014 14:51:00.940742  8215 work_track.cpp:116] Succeeded to release track lock for frame 60
I1014 14:51:00.940757  8215 work_track.cpp:120] Track results of frame 60: 1 objects input, 1 objects tracked!
I1014 14:51:00.940774  8215 work_track.cpp:148] Frame: 60, track bbox: [24 x 29 from (294.885, 93.0299)], gid: 0, lid: 0
I1014 14:51:00.940809  8215 work_thread.hpp:87]  [T-Work-Detect_0] Frame :60 split
I1014 14:51:00.940826  8215 work_thread.hpp:120]  [T-Work-Detect_0] Valid piece: gid = 0
I1014 14:51:00.940845  8215 work_thread.hpp:91]  [T-Work-Detect_0] Push to split queue:recog
I1014 14:51:00.940893  8216 work_thread.hpp:81]  [T-Work-Recog_0] Run work: WorkCapture
I1014 14:51:00.941107  8218 thread_intergrate.hpp:78] [T-Intergrate-intergrate] queue: frame output frame :60
I1014 14:51:00.941340  8216 work_thread.hpp:81]  [T-Work-Recog_0] Run work: WorkRecog
W1014 14:51:00.941361  8216 work_recog.hpp:118] Face id: 0 has low quality : 0.0057444, no need to recog
I1014 14:51:00.941413  8216 work_thread.hpp:81]  [T-Work-Recog_0] Run work: WorkCompare
I1014 14:51:00.942788  8214 demo_inner.hpp:435] thread [SORT-0]  frame id 60 sorting queue size 0   FPS: 29.9037
I1014 14:51:00.969624  8212 demo_inner.hpp:177] decode queue size 0
I1014 14:51:00.969730  8215 work_thread.hpp:81]  [T-Work-Detect_0] Run work: WorkDetect
I1014 14:51:00.969764  8215 work_detect.cpp:102] Succeeded to add det start for frame 61
I1014 14:51:00.976320  8215 work_detect.cpp:70] Frame :61 detect result :2 face(s)
W1014 14:51:00.976363  8215 work_detect.cpp:83] Invalid bbox: [133 x 168 from (184, 232)]
I1014 14:51:00.976449  8215 work_detect.cpp:86] Detected bbox: [24 x 28 from (294, 94)]
I1014 14:51:00.976493  8215 work_detect.cpp:120] Succeeded to add det end for frame 61
I1014 14:51:00.976510  8215 work_thread.hpp:81]  [T-Work-Detect_0] Run work: WrokTrack
I1014 14:51:00.976577  8215 work_track.cpp:82] Frame: 61 build input_characts: [0.0375 x 0.0777778 from (0.459375, 0.261111)], 0.977486, 0
I1014 14:51:00.976635  8215 work_track.cpp:102] Succeeded to set track lock for frame 61
I1014 14:51:00.976675  8215 work_track.cpp:116] Succeeded to release track lock for frame 61
I1014 14:51:00.976689  8215 work_track.cpp:120] Track results of frame 61: 1 objects input, 1 objects tracked!
I1014 14:51:00.976707  8215 work_track.cpp:148] Frame: 61, track bbox: [24 x 28 from (294.248, 93.6516)], gid: 0, lid: 0
I1014 14:51:00.976742  8215 work_thread.hpp:87]  [T-Work-Detect_0] Frame :61 split
I1014 14:51:00.976760  8215 work_thread.hpp:120]  [T-Work-Detect_0] Valid piece: gid = 0
I1014 14:51:00.976778  8215 work_thread.hpp:91]  [T-Work-Detect_0] Push to split queue:recog
I1014 14:51:00.976824  8218 thread_intergrate.hpp:78] [T-Intergrate-intergrate] queue: frame output frame :61
I1014 14:51:00.976899  8217 work_thread.hpp:81]  [T-Work-Recog_1] Run work: WorkCapture
I1014 14:51:00.977362  8217 work_thread.hpp:81]  [T-Work-Recog_1] Run work: WorkRecog
W1014 14:51:00.977385  8217 work_recog.hpp:118] Face id: 0 has low quality : 0.0064894, no need to recog
I1014 14:51:00.977476  8217 work_thread.hpp:81]  [T-Work-Recog_1] Run work: WorkCompare
I1014 14:51:00.978392  8214 demo_inner.hpp:435] thread [SORT-0]  frame id 61 sorting queue size 1   FPS: 29.8656
I1014 14:51:00.983180  8213 demo_inner.hpp:260]  gui queue size 1, state = running
I1014 14:51:01.005728  8212 demo_inner.hpp:177] decode queue size 0
I1014 14:51:01.005843  8215 work_thread.hpp:81]  [T-Work-Detect_0] Run work: WorkDetect
I1014 14:51:01.005882  8215 work_detect.cpp:102] Succeeded to add det start for frame 62
I1014 14:51:01.012513  8215 work_detect.cpp:70] Frame :62 detect result :2 face(s)
W1014 14:51:01.012555  8215 work_detect.cpp:83] Invalid bbox: [137 x 174 from (189, 230)]
I1014 14:51:01.012641  8215 work_detect.cpp:86] Detected bbox: [27 x 29 from (293, 94)]
I1014 14:51:01.012684  8215 work_detect.cpp:120] Succeeded to add det end for frame 62
I1014 14:51:01.012701  8215 work_thread.hpp:81]  [T-Work-Detect_0] Run work: WrokTrack
I1014 14:51:01.012725  8215 work_track.cpp:82] Frame: 62 build input_characts: [0.0421875 x 0.0805556 from (0.457812, 0.261111)], 0.981359, 0
I1014 14:51:01.012782  8215 work_track.cpp:102] Succeeded to set track lock for frame 62
I1014 14:51:01.012822  8215 work_track.cpp:116] Succeeded to release track lock for frame 62
I1014 14:51:01.012836  8215 work_track.cpp:120] Track results of frame 62: 1 objects input, 1 objects tracked!
I1014 14:51:01.012854  8215 work_track.cpp:148] Frame: 62, track bbox: [27 x 29 from (292.618, 93.6228)], gid: 0, lid: 0
I1014 14:51:01.012890  8215 work_thread.hpp:87]  [T-Work-Detect_0] Frame :62 split
I1014 14:51:01.012907  8215 work_thread.hpp:120]  [T-Work-Detect_0] Valid piece: gid = 0
I1014 14:51:01.012925  8215 work_thread.hpp:91]  [T-Work-Detect_0] Push to split queue:recog
I1014 14:51:01.012966  8217 work_thread.hpp:81]  [T-Work-Recog_1] Run work: WorkCapture
I1014 14:51:01.012974  8218 thread_intergrate.hpp:78] [T-Intergrate-intergrate] queue: frame output frame :62
I1014 14:51:01.013447  8217 work_thread.hpp:81]  [T-Work-Recog_1] Run work: WorkRecog
W1014 14:51:01.013469  8217 work_recog.hpp:118] Face id: 0 has low quality : 0.00242715, no need to recog
I1014 14:51:01.013530  8217 work_thread.hpp:81]  [T-Work-Recog_1] Run work: WorkCompare
I1014 14:51:01.014701  8214 demo_inner.hpp:435] thread [SORT-0]  frame id 62 sorting queue size 0   FPS: 29.9551
I1014 14:51:01.035712  8212 demo_inner.hpp:177] decode queue size 0
I1014 14:51:01.035805  8215 work_thread.hpp:81]  [T-Work-Detect_0] Run work: WorkDetect
I1014 14:51:01.035838  8215 work_detect.cpp:102] Succeeded to add det start for frame 63
I1014 14:51:01.042441  8215 work_detect.cpp:70] Frame :63 detect result :2 face(s)
W1014 14:51:01.042484  8215 work_detect.cpp:83] Invalid bbox: [137 x 171 from (189, 231)]
I1014 14:51:01.042573  8215 work_detect.cpp:86] Detected bbox: [26 x 29 from (293, 94)]
I1014 14:51:01.042665  8215 work_detect.cpp:120] Succeeded to add det end for frame 63
I1014 14:51:01.042681  8215 work_thread.hpp:81]  [T-Work-Detect_0] Run work: WrokTrack
I1014 14:51:01.042706  8215 work_track.cpp:82] Frame: 63 build input_characts: [0.040625 x 0.0805556 from (0.457812, 0.261111)], 0.981359, 0
I1014 14:51:01.042762  8215 work_track.cpp:102] Succeeded to set track lock for frame 63
I1014 14:51:01.042801  8215 work_track.cpp:116] Succeeded to release track lock for frame 63
I1014 14:51:01.042816  8215 work_track.cpp:120] Track results of frame 63: 1 objects input, 1 objects tracked!
I1014 14:51:01.042834  8215 work_track.cpp:148] Frame: 63, track bbox: [26 x 29 from (292.86, 94.0253)], gid: 0, lid: 0
I1014 14:51:01.042868  8215 work_thread.hpp:87]  [T-Work-Detect_0] Frame :63 split
I1014 14:51:01.042886  8215 work_thread.hpp:120]  [T-Work-Detect_0] Valid piece: gid = 0
I1014 14:51:01.042903  8215 work_thread.hpp:91]  [T-Work-Detect_0] Push to split queue:recog
I1014 14:51:01.042948  8217 work_thread.hpp:81]  [T-Work-Recog_1] Run work: WorkCapture
I1014 14:51:01.042950  8218 thread_intergrate.hpp:78] [T-Intergrate-intergrate] queue: frame output frame :63
I1014 14:51:01.043606  8217 work_thread.hpp:81]  [T-Work-Recog_1] Run work: WorkRecog
W1014 14:51:01.043628  8217 work_recog.hpp:118] Face id: 0 has low quality : 0.00274676, no need to recog
I1014 14:51:01.043781  8217 work_thread.hpp:81]  [T-Work-Recog_1] Run work: WorkCompare
I1014 14:51:01.044692  8214 demo_inner.hpp:435] thread [SORT-0]  frame id 63 sorting queue size 1   FPS: 29.9551
I1014 14:51:01.071521  8212 demo_inner.hpp:177] decode queue size 0
I1014 14:51:01.071627  8215 work_thread.hpp:81]  [T-Work-Detect_0] Run work: WorkDetect
I1014 14:51:01.071660  8215 work_detect.cpp:102] Succeeded to add det start for frame 64
I1014 14:51:01.078326  8215 work_detect.cpp:70] Frame :64 detect result :2 face(s)
W1014 14:51:01.078375  8215 work_detect.cpp:83] Invalid bbox: [136 x 170 from (190, 232)]
I1014 14:51:01.078568  8215 work_detect.cpp:86] Detected bbox: [28 x 32 from (292, 92)]
I1014 14:51:01.078615  8215 work_detect.cpp:120] Succeeded to add det end for frame 64
I1014 14:51:01.078632  8215 work_thread.hpp:81]  [T-Work-Detect_0] Run work: WrokTrack
I1014 14:51:01.078656  8215 work_track.cpp:82] Frame: 64 build input_characts: [0.04375 x 0.0888889 from (0.45625, 0.255556)], 0.981359, 0
I1014 14:51:01.078712  8215 work_track.cpp:102] Succeeded to set track lock for frame 64
I1014 14:51:01.078753  8215 work_track.cpp:116] Succeeded to release track lock for frame 64
I1014 14:51:01.078768  8215 work_track.cpp:120] Track results of frame 64: 1 objects input, 1 objects tracked!
I1014 14:51:01.078785  8215 work_track.cpp:148] Frame: 64, track bbox: [28 x 32 from (291.887, 92.4352)], gid: 0, lid: 0
I1014 14:51:01.078821  8215 work_thread.hpp:87]  [T-Work-Detect_0] Frame :64 split
I1014 14:51:01.078840  8215 work_thread.hpp:120]  [T-Work-Detect_0] Valid piece: gid = 0
I1014 14:51:01.078857  8215 work_thread.hpp:91]  [T-Work-Detect_0] Push to split queue:recog
I1014 14:51:01.078904  8216 work_thread.hpp:81]  [T-Work-Recog_0] Run work: WorkCapture
I1014 14:51:01.079118  8218 thread_intergrate.hpp:78] [T-Intergrate-intergrate] queue: frame output frame :64
I1014 14:51:01.079351  8216 work_thread.hpp:81]  [T-Work-Recog_0] Run work: WorkRecog
W1014 14:51:01.079372  8216 work_recog.hpp:118] Face id: 0 has low quality : 0.00397661, no need to recog
I1014 14:51:01.079427  8216 work_thread.hpp:81]  [T-Work-Recog_0] Run work: WorkCompare
I1014 14:51:01.080787  8214 demo_inner.hpp:435] thread [SORT-0]  frame id 64 sorting queue size 2   FPS: 29.9401
I1014 14:51:01.083524  8213 demo_inner.hpp:260]  gui queue size 2, state = running
I1014 14:51:01.101658  8212 demo_inner.hpp:177] decode queue size 0
I1014 14:51:01.101758  8215 work_thread.hpp:81]  [T-Work-Detect_0] Run work: WorkDetect
I1014 14:51:01.101791  8215 work_detect.cpp:102] Succeeded to add det start for frame 65
I1014 14:51:01.108425  8215 work_detect.cpp:70] Frame :65 detect result :2 face(s)
W1014 14:51:01.108547  8215 work_detect.cpp:83] Invalid bbox: [135 x 170 from (189, 232)]
I1014 14:51:01.108642  8215 work_detect.cpp:86] Detected bbox: [27 x 30 from (292, 93)]
I1014 14:51:01.108686  8215 work_detect.cpp:120] Succeeded to add det end for frame 65
I1014 14:51:01.108703  8215 work_thread.hpp:81]  [T-Work-Detect_0] Run work: WrokTrack
I1014 14:51:01.108727  8215 work_track.cpp:82] Frame: 65 build input_characts: [0.0421875 x 0.0833333 from (0.45625, 0.258333)], 0.97952, 0
I1014 14:51:01.108784  8215 work_track.cpp:102] Succeeded to set track lock for frame 65
I1014 14:51:01.108824  8215 work_track.cpp:116] Succeeded to release track lock for frame 65
I1014 14:51:01.108839  8215 work_track.cpp:120] Track results of frame 65: 1 objects input, 1 objects tracked!
I1014 14:51:01.108856  8215 work_track.cpp:148] Frame: 65, track bbox: [27 x 30 from (292.102, 93.2742)], gid: 0, lid: 0
I1014 14:51:01.108891  8215 work_thread.hpp:87]  [T-Work-Detect_0] Frame :65 split
I1014 14:51:01.108909  8215 work_thread.hpp:120]  [T-Work-Detect_0] Valid piece: gid = 0
I1014 14:51:01.108927  8215 work_thread.hpp:91]  [T-Work-Detect_0] Push to split queue:recog
I1014 14:51:01.108983  8216 work_thread.hpp:81]  [T-Work-Recog_0] Run work: WorkCapture
I1014 14:51:01.109195  8218 thread_intergrate.hpp:78] [T-Intergrate-intergrate] queue: frame output frame :65
I1014 14:51:01.109429  8216 work_thread.hpp:81]  [T-Work-Recog_0] Run work: WorkRecog
W1014 14:51:01.109450  8216 work_recog.hpp:118] Face id: 0 has low quality : 0.0044966, no need to recog
I1014 14:51:01.109498  8216 work_thread.hpp:81]  [T-Work-Recog_0] Run work: WorkCompare
I1014 14:51:01.110857  8214 demo_inner.hpp:435] thread [SORT-0]  frame id 65 sorting queue size 0   FPS: 29.9401
I1014 14:51:01.137651  8212 demo_inner.hpp:177] decode queue size 0
I1014 14:51:01.137748  8215 work_thread.hpp:81]  [T-Work-Detect_0] Run work: WorkDetect
I1014 14:51:01.137782  8215 work_detect.cpp:102] Succeeded to add det start for frame 66
I1014 14:51:01.144367  8215 work_detect.cpp:70] Frame :66 detect result :2 face(s)
W1014 14:51:01.144412  8215 work_detect.cpp:83] Invalid bbox: [134 x 170 from (183, 231)]
I1014 14:51:01.144498  8215 work_detect.cpp:86] Detected bbox: [26 x 29 from (292, 93)]
I1014 14:51:01.144542  8215 work_detect.cpp:120] Succeeded to add det end for frame 66
I1014 14:51:01.144558  8215 work_thread.hpp:81]  [T-Work-Detect_0] Run work: WrokTrack
I1014 14:51:01.144582  8215 work_track.cpp:82] Frame: 66 build input_characts: [0.040625 x 0.0805556 from (0.45625, 0.258333)], 0.983201, 0
I1014 14:51:01.144639  8215 work_track.cpp:102] Succeeded to set track lock for frame 66
I1014 14:51:01.144681  8215 work_track.cpp:116] Succeeded to release track lock for frame 66
I1014 14:51:01.144696  8215 work_track.cpp:120] Track results of frame 66: 1 objects input, 1 objects tracked!
I1014 14:51:01.144716  8215 work_track.cpp:148] Frame: 66, track bbox: [26 x 29 from (292.265, 93.2697)], gid: 0, lid: 0
I1014 14:51:01.144750  8215 work_thread.hpp:87]  [T-Work-Detect_0] Frame :66 split
I1014 14:51:01.144768  8215 work_thread.hpp:120]  [T-Work-Detect_0] Valid piece: gid = 0
I1014 14:51:01.144785  8215 work_thread.hpp:91]  [T-Work-Detect_0] Push to split queue:recog
I1014 14:51:01.144834  8216 work_thread.hpp:81]  [T-Work-Recog_0] Run work: WorkCapture
I1014 14:51:01.145038  8218 thread_intergrate.hpp:78] [T-Intergrate-intergrate] queue: frame output frame :66
I1014 14:51:01.145277  8216 work_thread.hpp:81]  [T-Work-Recog_0] Run work: WorkRecog
W1014 14:51:01.145298  8216 work_recog.hpp:118] Face id: 0 has low quality : 0.00648944, no need to recog
I1014 14:51:01.145349  8216 work_thread.hpp:81]  [T-Work-Recog_0] Run work: WorkCompare
I1014 14:51:01.146742  8214 demo_inner.hpp:435] thread [SORT-0]  frame id 66 sorting queue size 1   FPS: 29.9551
I1014 14:51:01.167126  8213 demo_inner.hpp:260]  gui queue size 1, state = running
I1014 14:51:01.167836  8212 demo_inner.hpp:177] decode queue size 0
I1014 14:51:01.167937  8215 work_thread.hpp:81]  [T-Work-Detect_0] Run work: WorkDetect
I1014 14:51:01.168043  8215 work_detect.cpp:102] Succeeded to add det start for frame 67
I1014 14:51:01.174620  8215 work_detect.cpp:70] Frame :67 detect result :2 face(s)
W1014 14:51:01.174671  8215 work_detect.cpp:83] Invalid bbox: [136 x 169 from (182, 231)]
I1014 14:51:01.174760  8215 work_detect.cpp:86] Detected bbox: [26 x 28 from (292, 93)]
I1014 14:51:01.174808  8215 work_detect.cpp:120] Succeeded to add det end for frame 67
I1014 14:51:01.174824  8215 work_thread.hpp:81]  [T-Work-Detect_0] Run work: WrokTrack
I1014 14:51:01.174849  8215 work_track.cpp:82] Frame: 67 build input_characts: [0.040625 x 0.0777778 from (0.45625, 0.258333)], 0.98291, 0
I1014 14:51:01.174906  8215 work_track.cpp:102] Succeeded to set track lock for frame 67
I1014 14:51:01.174945  8215 work_track.cpp:116] Succeeded to release track lock for frame 67
I1014 14:51:01.174960  8215 work_track.cpp:120] Track results of frame 67: 1 objects input, 1 objects tracked!
I1014 14:51:01.174978  8215 work_track.cpp:148] Frame: 67, track bbox: [26 x 28 from (291.886, 93.175)], gid: 0, lid: 0
I1014 14:51:01.175014  8215 work_thread.hpp:87]  [T-Work-Detect_0] Frame :67 split
I1014 14:51:01.175031  8215 work_thread.hpp:120]  [T-Work-Detect_0] Valid piece: gid = 0
I1014 14:51:01.175050  8215 work_thread.hpp:91]  [T-Work-Detect_0] Push to split queue:recog
I1014 14:51:01.175099  8216 work_thread.hpp:81]  [T-Work-Recog_0] Run work: WorkCapture
I1014 14:51:01.175309  8218 thread_intergrate.hpp:78] [T-Intergrate-intergrate] queue: frame output frame :67
I1014 14:51:01.175542  8216 work_thread.hpp:81]  [T-Work-Recog_0] Run work: WorkRecog
W1014 14:51:01.175563  8216 work_recog.hpp:118] Face id: 0 has low quality : 0.00574443, no need to recog
I1014 14:51:01.175614  8216 work_thread.hpp:81]  [T-Work-Recog_0] Run work: WorkCompare
I1014 14:51:01.177008  8214 demo_inner.hpp:435] thread [SORT-0]  frame id 67 sorting queue size 0   FPS: 29.9551
I1014 14:51:01.203668  8212 demo_inner.hpp:177] decode queue size 0
I1014 14:51:01.203783  8215 work_thread.hpp:81]  [T-Work-Detect_0] Run work: WorkDetect
I1014 14:51:01.203819  8215 work_detect.cpp:102] Succeeded to add det start for frame 68
I1014 14:51:01.210397  8215 work_detect.cpp:70] Frame :68 detect result :2 face(s)
