I1014 14:36:36.128406  7969 work_thread.hpp:81]  [T-Work-Recog_0] Run work: WorkCapture
I1014 14:36:36.128425  7971 thread_intergrate.hpp:85] [T-Intergrate-intergrate] queue: compare output face:3
I1014 14:36:36.128444  7971 thread_intergrate.hpp:137] T-Intergrate-intergrate set matched face: 3
I1014 14:36:36.128994  7969 work_thread.hpp:81]  [T-Work-Recog_0] Run work: WorkRecog
I1014 14:36:36.129006  7970 work_thread.hpp:81]  [T-Work-Recog_1] Run work: WorkRecog
W1014 14:36:36.129019  7969 work_recog.hpp:118] Face id: 2 has low quality : 0.0298068, no need to recog
I1014 14:36:36.129034  7970 work_recog.hpp:89] Face id: 3 will run recog: bbox [148 x 203 from (257, 135)] quality: 0.486017
I1014 14:36:36.129119  7969 work_thread.hpp:81]  [T-Work-Recog_0] Run work: WorkCompare
I1014 14:36:36.129128  7970 work_recog.hpp:96] Recog pair: [216 x 272 from (224, 88)], [148 x 203 from (33, 47)]
I1014 14:36:36.129923  7971 thread_intergrate.hpp:157] T-Intergrate-intergrate Show face :3, size :640 * 360
I1014 14:36:36.130482  7967 demo_inner.hpp:435] thread [SORT-0]  frame id 121 sorting queue size 1   FPS: 29.9166
I1014 14:36:36.146567  7970 work_thread.hpp:81]  [T-Work-Recog_1] Run work: WorkCompare
I1014 14:36:36.147032  7970 work_compare.cpp:76] Compare face: 3 successed, similarity :0.996435, name : images/ThangLMb.jpg, normal size : 1548 * 1719!
I1014 14:36:36.156755  7965 demo_inner.hpp:177] decode queue size 0
I1014 14:36:36.156865  7968 work_thread.hpp:81]  [T-Work-Detect_0] Run work: WorkDetect
I1014 14:36:36.156900  7968 work_detect.cpp:102] Succeeded to add det start for frame 122
I1014 14:36:36.163755  7968 work_detect.cpp:70] Frame :122 detect result :2 face(s)
I1014 14:36:36.163806  7968 work_detect.cpp:86] Detected bbox: [144 x 199 from (260, 136)]
I1014 14:36:36.163838  7968 work_detect.cpp:86] Detected bbox: [51 x 54 from (80, 217)]
I1014 14:36:36.163870  7968 work_detect.cpp:120] Succeeded to add det end for frame 122
I1014 14:36:36.163887  7968 work_thread.hpp:81]  [T-Work-Detect_0] Run work: WrokTrack
I1014 14:36:36.163910  7968 work_track.cpp:82] Frame: 122 build input_characts: [0.225 x 0.552778 from (0.40625, 0.377778)], 1.00035, 0
I1014 14:36:36.163964  7968 work_track.cpp:82] Frame: 122 build input_characts: [0.0796875 x 0.15 from (0.125, 0.602778)], 0.949752, 1
I1014 14:36:36.164000  7968 work_track.cpp:102] Succeeded to set track lock for frame 122
I1014 14:36:36.164044  7968 work_track.cpp:116] Succeeded to release track lock for frame 122
I1014 14:36:36.164059  7968 work_track.cpp:120] Track results of frame 122: 2 objects input, 2 objects tracked!
I1014 14:36:36.164077  7968 work_track.cpp:148] Frame: 122, track bbox: [51 x 54 from (79.8355, 217.094)], gid: 2, lid: 1
I1014 14:36:36.164109  7968 work_track.cpp:148] Frame: 122, track bbox: [144 x 199 from (261.764, 135.869)], gid: 3, lid: 0
I1014 14:36:36.164237  7968 work_thread.hpp:87]  [T-Work-Detect_0] Frame :122 split
I1014 14:36:36.164258  7968 work_thread.hpp:119]  [T-Work-Detect_0] Valid piece: gid = 3
I1014 14:36:36.164275  7968 work_thread.hpp:119]  [T-Work-Detect_0] Valid piece: gid = 2
I1014 14:36:36.164292  7968 work_thread.hpp:91]  [T-Work-Detect_0] Push to split queue:recog
I1014 14:36:36.164321  7968 work_thread.hpp:91]  [T-Work-Detect_0] Push to split queue:recog
I1014 14:36:36.164341  7970 work_thread.hpp:81]  [T-Work-Recog_1] Run work: WorkCapture
I1014 14:36:36.164363  7969 work_thread.hpp:81]  [T-Work-Recog_0] Run work: WorkCapture
I1014 14:36:36.164598  7971 thread_intergrate.hpp:78] [T-Intergrate-intergrate] queue: frame output frame :122
I1014 14:36:36.164624  7971 thread_intergrate.hpp:85] [T-Intergrate-intergrate] queue: compare output face:3
I1014 14:36:36.164644  7971 thread_intergrate.hpp:137] T-Intergrate-intergrate set matched face: 3
I1014 14:36:36.164939  7969 work_thread.hpp:81]  [T-Work-Recog_0] Run work: WorkRecog
I1014 14:36:36.164958  7970 work_thread.hpp:81]  [T-Work-Recog_1] Run work: WorkRecog
W1014 14:36:36.164963  7969 work_recog.hpp:118] Face id: 2 has low quality : 0.0212886, no need to recog
I1014 14:36:36.164983  7970 work_recog.hpp:89] Face id: 3 will run recog: bbox [144 x 199 from (260, 136)] quality: 0.48496
I1014 14:36:36.165050  7969 work_thread.hpp:81]  [T-Work-Recog_0] Run work: WorkCompare
I1014 14:36:36.165057  7970 work_recog.hpp:96] Recog pair: [200 x 264 from (232, 96)], [144 x 199 from (28, 40)]
I1014 14:36:36.166141  7971 thread_intergrate.hpp:157] T-Intergrate-intergrate Show face :3, size :640 * 360
I1014 14:36:36.166734  7967 demo_inner.hpp:435] thread [SORT-0]  frame id 122 sorting queue size 2   FPS: 29.9166
I1014 14:36:36.169601  7966 demo_inner.hpp:260]  gui queue size 2, state = running
I1014 14:36:36.182821  7970 work_thread.hpp:81]  [T-Work-Recog_1] Run work: WorkCompare
I1014 14:36:36.183291  7970 work_compare.cpp:76] Compare face: 3 successed, similarity :0.99679, name : images/ThangLMb.jpg, normal size : 1548 * 1719!
I1014 14:36:36.187093  7965 demo_inner.hpp:177] decode queue size 0
I1014 14:36:36.187177  7968 work_thread.hpp:81]  [T-Work-Detect_0] Run work: WorkDetect
I1014 14:36:36.187211  7968 work_detect.cpp:102] Succeeded to add det start for frame 123
I1014 14:36:36.194084  7968 work_detect.cpp:70] Frame :123 detect result :2 face(s)
I1014 14:36:36.194128  7968 work_detect.cpp:86] Detected bbox: [146 x 201 from (260, 134)]
I1014 14:36:36.194160  7968 work_detect.cpp:86] Detected bbox: [55 x 62 from (76, 212)]
I1014 14:36:36.194192  7968 work_detect.cpp:120] Succeeded to add det end for frame 123
I1014 14:36:36.194208  7968 work_thread.hpp:81]  [T-Work-Detect_0] Run work: WrokTrack
I1014 14:36:36.194231  7968 work_track.cpp:82] Frame: 123 build input_characts: [0.228125 x 0.558333 from (0.40625, 0.372222)], 1.00019, 0
I1014 14:36:36.194284  7968 work_track.cpp:82] Frame: 123 build input_characts: [0.0859375 x 0.172222 from (0.11875, 0.588889)], 0.967082, 1
I1014 14:36:36.194321  7968 work_track.cpp:102] Succeeded to set track lock for frame 123
I1014 14:36:36.194368  7968 work_track.cpp:116] Succeeded to release track lock for frame 123
I1014 14:36:36.194383  7968 work_track.cpp:120] Track results of frame 123: 2 objects input, 2 objects tracked!
I1014 14:36:36.194402  7968 work_track.cpp:148] Frame: 123, track bbox: [55 x 62 from (76.2575, 212.558)], gid: 2, lid: 1
I1014 14:36:36.194435  7968 work_track.cpp:148] Frame: 123, track bbox: [146 x 201 from (260.531, 134.923)], gid: 3, lid: 0
I1014 14:36:36.194468  7968 work_thread.hpp:87]  [T-Work-Detect_0] Frame :123 split
I1014 14:36:36.194487  7968 work_thread.hpp:119]  [T-Work-Detect_0] Valid piece: gid = 3
I1014 14:36:36.194505  7968 work_thread.hpp:119]  [T-Work-Detect_0] Valid piece: gid = 2
I1014 14:36:36.194522  7968 work_thread.hpp:91]  [T-Work-Detect_0] Push to split queue:recog
I1014 14:36:36.194576  7969 work_thread.hpp:81]  [T-Work-Recog_0] Run work: WorkCapture
I1014 14:36:36.194851  7968 work_thread.hpp:91]  [T-Work-Detect_0] Push to split queue:recog
I1014 14:36:36.194969  7970 work_thread.hpp:81]  [T-Work-Recog_1] Run work: WorkCapture
I1014 14:36:36.194984  7971 thread_intergrate.hpp:78] [T-Intergrate-intergrate] queue: frame output frame :123
I1014 14:36:36.195014  7971 thread_intergrate.hpp:85] [T-Intergrate-intergrate] queue: compare output face:3
I1014 14:36:36.195034  7971 thread_intergrate.hpp:137] T-Intergrate-intergrate set matched face: 3
I1014 14:36:36.195135  7969 work_thread.hpp:81]  [T-Work-Recog_0] Run work: WorkRecog
I1014 14:36:36.195158  7969 work_recog.hpp:89] Face id: 3 will run recog: bbox [146 x 201 from (260, 134)] quality: 0.48468
I1014 14:36:36.195188  7969 work_recog.hpp:96] Recog pair: [216 x 272 from (224, 88)], [146 x 201 from (36, 46)]
I1014 14:36:36.195505  7970 work_thread.hpp:81]  [T-Work-Recog_1] Run work: WorkRecog
W1014 14:36:36.195528  7970 work_recog.hpp:118] Face id: 2 has low quality : 0.0212822, no need to recog
I1014 14:36:36.195677  7970 work_thread.hpp:81]  [T-Work-Recog_1] Run work: WorkCompare
I1014 14:36:36.196554  7971 thread_intergrate.hpp:157] T-Intergrate-intergrate Show face :3, size :640 * 360
I1014 14:36:36.197144  7967 demo_inner.hpp:435] thread [SORT-0]  frame id 123 sorting queue size 0   FPS: 30.0197
I1014 14:36:36.212918  7969 work_thread.hpp:81]  [T-Work-Recog_0] Run work: WorkCompare
I1014 14:36:36.213459  7969 work_compare.cpp:76] Compare face: 3 successed, similarity :0.997531, name : images/ThangLMb.jpg, normal size : 1548 * 1719!
I1014 14:36:36.222816  7965 demo_inner.hpp:177] decode queue size 0
I1014 14:36:36.222925  7968 work_thread.hpp:81]  [T-Work-Detect_0] Run work: WorkDetect
I1014 14:36:36.222961  7968 work_detect.cpp:102] Succeeded to add det start for frame 124
I1014 14:36:36.229943  7968 work_detect.cpp:70] Frame :124 detect result :2 face(s)
I1014 14:36:36.229995  7968 work_detect.cpp:86] Detected bbox: [144 x 200 from (264, 136)]
I1014 14:36:36.230028  7968 work_detect.cpp:86] Detected bbox: [50 x 54 from (79, 214)]
I1014 14:36:36.230059  7968 work_detect.cpp:120] Succeeded to add det end for frame 124
I1014 14:36:36.230074  7968 work_thread.hpp:81]  [T-Work-Detect_0] Run work: WrokTrack
I1014 14:36:36.230098  7968 work_track.cpp:82] Frame: 124 build input_characts: [0.225 x 0.555556 from (0.4125, 0.377778)], 0.999622, 0
I1014 14:36:36.230152  7968 work_track.cpp:82] Frame: 124 build input_characts: [0.078125 x 0.15 from (0.123438, 0.594444)], 0.949752, 1
I1014 14:36:36.230188  7968 work_track.cpp:102] Succeeded to set track lock for frame 124
I1014 14:36:36.230232  7968 work_track.cpp:116] Succeeded to release track lock for frame 124
I1014 14:36:36.230247  7968 work_track.cpp:120] Track results of frame 124: 2 objects input, 2 objects tracked!
I1014 14:36:36.230264  7968 work_track.cpp:148] Frame: 124, track bbox: [50 x 54 from (78.2602, 214.586)], gid: 2, lid: 1
I1014 14:36:36.230298  7968 work_track.cpp:148] Frame: 124, track bbox: [144 x 200 from (263.475, 135.986)], gid: 3, lid: 0
I1014 14:36:36.230330  7968 work_thread.hpp:87]  [T-Work-Detect_0] Frame :124 split
I1014 14:36:36.230348  7968 work_thread.hpp:119]  [T-Work-Detect_0] Valid piece: gid = 3
I1014 14:36:36.230366  7968 work_thread.hpp:119]  [T-Work-Detect_0] Valid piece: gid = 2
I1014 14:36:36.230382  7968 work_thread.hpp:91]  [T-Work-Detect_0] Push to split queue:recog
I1014 14:36:36.230432  7969 work_thread.hpp:81]  [T-Work-Recog_0] Run work: WorkCapture
I1014 14:36:36.230717  7968 work_thread.hpp:91]  [T-Work-Detect_0] Push to split queue:recog
I1014 14:36:36.230760  7970 work_thread.hpp:81]  [T-Work-Recog_1] Run work: WorkCapture
I1014 14:36:36.230762  7971 thread_intergrate.hpp:78] [T-Intergrate-intergrate] queue: frame output frame :124
I1014 14:36:36.230800  7971 thread_intergrate.hpp:85] [T-Intergrate-intergrate] queue: compare output face:3
I1014 14:36:36.230820  7971 thread_intergrate.hpp:137] T-Intergrate-intergrate set matched face: 3
I1014 14:36:36.231009  7969 work_thread.hpp:81]  [T-Work-Recog_0] Run work: WorkRecog
I1014 14:36:36.231034  7969 work_recog.hpp:89] Face id: 3 will run recog: bbox [144 x 200 from (264, 136)] quality: 0.484722
I1014 14:36:36.231176  7969 work_recog.hpp:96] Recog pair: [208 x 264 from (232, 96)], [144 x 200 from (32, 40)]
I1014 14:36:36.231292  7970 work_thread.hpp:81]  [T-Work-Recog_1] Run work: WorkRecog
W1014 14:36:36.231315  7970 work_recog.hpp:118] Face id: 2 has low quality : 0.0411406, no need to recog
I1014 14:36:36.231647  7970 work_thread.hpp:81]  [T-Work-Recog_1] Run work: WorkCompare
I1014 14:36:36.232347  7971 thread_intergrate.hpp:157] T-Intergrate-intergrate Show face :3, size :640 * 360
I1014 14:36:36.232924  7967 demo_inner.hpp:435] thread [SORT-0]  frame id 124 sorting queue size 1   FPS: 29.9166
I1014 14:36:36.249022  7969 work_thread.hpp:81]  [T-Work-Recog_0] Run work: WorkCompare
I1014 14:36:36.249487  7969 work_compare.cpp:76] Compare face: 3 successed, similarity :0.997314, name : images/ThangLMb.jpg, normal size : 1548 * 1719!
I1014 14:36:36.253211  7965 demo_inner.hpp:177] decode queue size 0
I1014 14:36:36.253298  7968 work_thread.hpp:81]  [T-Work-Detect_0] Run work: WorkDetect
I1014 14:36:36.253332  7968 work_detect.cpp:102] Succeeded to add det start for frame 125
I1014 14:36:36.260238  7968 work_detect.cpp:70] Frame :125 detect result :2 face(s)
I1014 14:36:36.260283  7968 work_detect.cpp:86] Detected bbox: [139 x 198 from (268, 136)]
I1014 14:36:36.260316  7968 work_detect.cpp:86] Detected bbox: [53 x 57 from (77, 215)]
I1014 14:36:36.260349  7968 work_detect.cpp:120] Succeeded to add det end for frame 125
I1014 14:36:36.260365  7968 work_thread.hpp:81]  [T-Work-Detect_0] Run work: WrokTrack
I1014 14:36:36.260387  7968 work_track.cpp:82] Frame: 125 build input_characts: [0.217187 x 0.55 from (0.41875, 0.377778)], 0.999622, 0
I1014 14:36:36.260440  7968 work_track.cpp:82] Frame: 125 build input_characts: [0.0828125 x 0.158333 from (0.120312, 0.597222)], 0.971381, 1
I1014 14:36:36.260476  7968 work_track.cpp:102] Succeeded to set track lock for frame 125
I1014 14:36:36.260521  7968 work_track.cpp:116] Succeeded to release track lock for frame 125
I1014 14:36:36.260535  7968 work_track.cpp:120] Track results of frame 125: 2 objects input, 2 objects tracked!
I1014 14:36:36.260553  7968 work_track.cpp:148] Frame: 125, track bbox: [53 x 57 from (76.6428, 214.069)], gid: 2, lid: 1
I1014 14:36:36.260586  7968 work_track.cpp:148] Frame: 125, track bbox: [139 x 198 from (267.466, 135.877)], gid: 3, lid: 0
I1014 14:36:36.260619  7968 work_thread.hpp:87]  [T-Work-Detect_0] Frame :125 split
I1014 14:36:36.260637  7968 work_thread.hpp:119]  [T-Work-Detect_0] Valid piece: gid = 3
I1014 14:36:36.260654  7968 work_thread.hpp:119]  [T-Work-Detect_0] Valid piece: gid = 2
I1014 14:36:36.260673  7968 work_thread.hpp:91]  [T-Work-Detect_0] Push to split queue:recog
I1014 14:36:36.260699  7968 work_thread.hpp:91]  [T-Work-Detect_0] Push to split queue:recog
I1014 14:36:36.260717  7970 work_thread.hpp:81]  [T-Work-Recog_1] Run work: WorkCapture
I1014 14:36:36.260735  7969 work_thread.hpp:81]  [T-Work-Recog_0] Run work: WorkCapture
I1014 14:36:36.260975  7971 thread_intergrate.hpp:78] [T-Intergrate-intergrate] queue: frame output frame :125
I1014 14:36:36.261001  7971 thread_intergrate.hpp:85] [T-Intergrate-intergrate] queue: compare output face:3
I1014 14:36:36.261020  7971 thread_intergrate.hpp:137] T-Intergrate-intergrate set matched face: 3
I1014 14:36:36.261303  7969 work_thread.hpp:81]  [T-Work-Recog_0] Run work: WorkRecog
W1014 14:36:36.261327  7969 work_recog.hpp:118] Face id: 2 has low quality : 0.0298135, no need to recog
I1014 14:36:36.261464  7970 work_thread.hpp:81]  [T-Work-Recog_1] Run work: WorkRecog
I1014 14:36:36.261663  7969 work_thread.hpp:81]  [T-Work-Recog_0] Run work: WorkCompare
I1014 14:36:36.261672  7970 work_recog.hpp:89] Face id: 3 will run recog: bbox [139 x 198 from (268, 136)] quality: 0.484341
I1014 14:36:36.261701  7970 work_recog.hpp:96] Recog pair: [200 x 264 from (240, 96)], [139 x 198 from (28, 40)]
I1014 14:36:36.262502  7971 thread_intergrate.hpp:157] T-Intergrate-intergrate Show face :3, size :640 * 360
I1014 14:36:36.263104  7967 demo_inner.hpp:435] thread [SORT-0]  frame id 125 sorting queue size 2   FPS: 30.0049
I1014 14:36:36.267268  7966 demo_inner.hpp:260]  gui queue size 2, state = running
I1014 14:36:36.279256  7970 work_thread.hpp:81]  [T-Work-Recog_1] Run work: WorkCompare
I1014 14:36:36.279727  7970 work_compare.cpp:76] Compare face: 3 successed, similarity :0.996644, name : images/ThangLMb.jpg, normal size : 1548 * 1719!
I1014 14:36:36.288939  7965 demo_inner.hpp:177] decode queue size 0
I1014 14:36:36.289052  7968 work_thread.hpp:81]  [T-Work-Detect_0] Run work: WorkDetect
I1014 14:36:36.289088  7968 work_detect.cpp:102] Succeeded to add det start for frame 126
I1014 14:36:36.295858  7968 work_detect.cpp:70] Frame :126 detect result :2 face(s)
I1014 14:36:36.295909  7968 work_detect.cpp:86] Detected bbox: [137 x 196 from (270, 137)]
I1014 14:36:36.295943  7968 work_detect.cpp:86] Detected bbox: [54 x 58 from (75, 214)]
I1014 14:36:36.295974  7968 work_detect.cpp:120] Succeeded to add det end for frame 126
I1014 14:36:36.295989  7968 work_thread.hpp:81]  [T-Work-Detect_0] Run work: WrokTrack
I1014 14:36:36.296012  7968 work_track.cpp:82] Frame: 126 build input_characts: [0.214062 x 0.544444 from (0.421875, 0.380556)], 1.00019, 0
I1014 14:36:36.296066  7968 work_track.cpp:82] Frame: 126 build input_characts: [0.084375 x 0.161111 from (0.117188, 0.594444)], 0.987331, 1
I1014 14:36:36.296102  7968 work_track.cpp:102] Succeeded to set track lock for frame 126
I1014 14:36:36.296145  7968 work_track.cpp:116] Succeeded to release track lock for frame 126
I1014 14:36:36.296186  7968 work_track.cpp:120] Track results of frame 126: 2 objects input, 2 objects tracked!
I1014 14:36:36.296205  7968 work_track.cpp:148] Frame: 126, track bbox: [54 x 58 from (75.452, 213.851)], gid: 2, lid: 1
I1014 14:36:36.296238  7968 work_track.cpp:148] Frame: 126, track bbox: [137 x 196 from (270.24, 136.897)], gid: 3, lid: 0
I1014 14:36:36.296272  7968 work_thread.hpp:87]  [T-Work-Detect_0] Frame :126 split
I1014 14:36:36.296289  7968 work_thread.hpp:119]  [T-Work-Detect_0] Valid piece: gid = 3
I1014 14:36:36.296308  7968 work_thread.hpp:119]  [T-Work-Detect_0] Valid piece: gid = 2
I1014 14:36:36.296324  7968 work_thread.hpp:91]  [T-Work-Detect_0] Push to split queue:recog
I1014 14:36:36.296350  7968 work_thread.hpp:91]  [T-Work-Detect_0] Push to split queue:recog
I1014 14:36:36.296370  7970 work_thread.hpp:81]  [T-Work-Recog_1] Run work: WorkCapture
I1014 14:36:36.296392  7969 work_thread.hpp:81]  [T-Work-Recog_0] Run work: WorkCapture
I1014 14:36:36.296633  7971 thread_intergrate.hpp:78] [T-Intergrate-intergrate] queue: frame output frame :126
I1014 14:36:36.296660  7971 thread_intergrate.hpp:85] [T-Intergrate-intergrate] queue: compare output face:3
I1014 14:36:36.296680  7971 thread_intergrate.hpp:137] T-Intergrate-intergrate set matched face: 3
I1014 14:36:36.296978  7969 work_thread.hpp:81]  [T-Work-Recog_0] Run work: WorkRecog
I1014 14:36:36.296993  7970 work_thread.hpp:81]  [T-Work-Recog_1] Run work: WorkRecog
W1014 14:36:36.297003  7969 work_recog.hpp:118] Face id: 2 has low quality : 0.0332591, no need to recog
I1014 14:36:36.297017  7970 work_recog.hpp:89] Face id: 3 will run recog: bbox [137 x 196 from (270, 137)] quality: 0.483071
I1014 14:36:36.298158  7971 thread_intergrate.hpp:157] T-Intergrate-intergrate Show face :3, size :640 * 360
I1014 14:36:36.298225  7969 work_thread.hpp:81]  [T-Work-Recog_0] Run work: WorkCompare
I1014 14:36:36.298233  7970 work_recog.hpp:96] Recog pair: [200 x 264 from (240, 96)], [137 x 196 from (30, 41)]
I1014 14:36:36.298732  7967 demo_inner.hpp:435] thread [SORT-0]  frame id 126 sorting queue size 0   FPS: 29.9313
I1014 14:36:36.315740  7970 work_thread.hpp:81]  [T-Work-Recog_1] Run work: WorkCompare
I1014 14:36:36.316234  7970 work_compare.cpp:76] Compare face: 3 successed, similarity :0.996536, name : images/ThangLMb.jpg, normal size : 1548 * 1719!
I1014 14:36:36.319181  7965 demo_inner.hpp:177] decode queue size 0
I1014 14:36:36.319262  7968 work_thread.hpp:81]  [T-Work-Detect_0] Run work: WorkDetect
I1014 14:36:36.319370  7968 work_detect.cpp:102] Succeeded to add det start for frame 127
I1014 14:36:36.326200  7968 work_detect.cpp:70] Frame :127 detect result :2 face(s)
I1014 14:36:36.326243  7968 work_detect.cpp:86] Detected bbox: [166 x 215 from (263, 131)]
I1014 14:36:36.326275  7968 work_detect.cpp:86] Detected bbox: [50 x 57 from (81, 218)]
I1014 14:36:36.326308  7968 work_detect.cpp:120] Succeeded to add det end for frame 127
I1014 14:36:36.326323  7968 work_thread.hpp:81]  [T-Work-Detect_0] Run work: WrokTrack
I1014 14:36:36.326347  7968 work_track.cpp:82] Frame: 127 build input_characts: [0.259375 x 0.597222 from (0.410937, 0.363889)], 1.00035, 0
I1014 14:36:36.326401  7968 work_track.cpp:82] Frame: 127 build input_characts: [0.078125 x 0.158333 from (0.126563, 0.605556)], 0.949752, 1
I1014 14:36:36.326438  7968 work_track.cpp:102] Succeeded to set track lock for frame 127
I1014 14:36:36.326483  7968 work_track.cpp:116] Succeeded to release track lock for frame 127
I1014 14:36:36.326498  7968 work_track.cpp:120] Track results of frame 127: 2 objects input, 2 objects tracked!
I1014 14:36:36.326515  7968 work_track.cpp:148] Frame: 127, track bbox: [50 x 57 from (78.9081, 216.085)], gid: 2, lid: 1
I1014 14:36:36.326548  7968 work_track.cpp:148] Frame: 127, track bbox: [166 x 215 from (260.424, 129.368)], gid: 3, lid: 0
I1014 14:36:36.326581  7968 work_thread.hpp:87]  [T-Work-Detect_0] Frame :127 split
I1014 14:36:36.326598  7968 work_thread.hpp:119]  [T-Work-Detect_0] Valid piece: gid = 3
I1014 14:36:36.326617  7968 work_thread.hpp:119]  [T-Work-Detect_0] Valid piece: gid = 2
I1014 14:36:36.326633  7968 work_thread.hpp:91]  [T-Work-Detect_0] Push to split queue:recog
I1014 14:36:36.326685  7969 work_thread.hpp:81]  [T-Work-Recog_0] Run work: WorkCapture
I1014 14:36:36.326964  7968 work_thread.hpp:91]  [T-Work-Detect_0] Push to split queue:recog
I1014 14:36:36.327005  7970 work_thread.hpp:81]  [T-Work-Recog_1] Run work: WorkCapture
I1014 14:36:36.327014  7971 thread_intergrate.hpp:78] [T-Intergrate-intergrate] queue: frame output frame :127
I1014 14:36:36.327040  7971 thread_intergrate.hpp:85] [T-Intergrate-intergrate] queue: compare output face:3
I1014 14:36:36.327059  7971 thread_intergrate.hpp:137] T-Intergrate-intergrate set matched face: 3
I1014 14:36:36.327245  7969 work_thread.hpp:81]  [T-Work-Recog_0] Run work: WorkRecog
I1014 14:36:36.327270  7969 work_recog.hpp:89] Face id: 3 will run recog: bbox [166 x 215 from (263, 131)] quality: 0.487306
I1014 14:36:36.327301  7969 work_recog.hpp:96] Recog pair: [240 x 272 from (224, 88)], [166 x 215 from (39, 43)]
I1014 14:36:36.327510  7970 work_thread.hpp:81]  [T-Work-Recog_1] Run work: WorkRecog
W1014 14:36:36.327533  7970 work_recog.hpp:118] Face id: 2 has low quality : 0.0150317, no need to recog
I1014 14:36:36.327670  7970 work_thread.hpp:81]  [T-Work-Recog_1] Run work: WorkCompare
I1014 14:36:36.328585  7971 thread_intergrate.hpp:157] T-Intergrate-intergrate Show face :3, size :640 * 360
I1014 14:36:36.329195  7967 demo_inner.hpp:435] thread [SORT-0]  frame id 127 sorting queue size 1   FPS: 30.0197
I1014 14:36:36.335422  7966 demo_inner.hpp:260]  gui queue size 1, state = running
I1014 14:36:36.345157  7969 work_thread.hpp:81]  [T-Work-Recog_0] Run work: WorkCompare
I1014 14:36:36.345741  7969 work_compare.cpp:76] Compare face: 3 successed, similarity :0.996438, name : images/ThangLMb.jpg, normal size : 1548 * 1719!
I1014 14:36:36.354907  7965 demo_inner.hpp:177] decode queue size 0
I1014 14:36:36.355010  7968 work_thread.hpp:81]  [T-Work-Detect_0] Run work: WorkDetect
I1014 14:36:36.355044  7968 work_detect.cpp:102] Succeeded to add det start for frame 128
I1014 14:36:36.361882  7968 work_detect.cpp:70] Frame :128 detect result :2 face(s)
I1014 14:36:36.361929  7968 work_detect.cpp:86] Detected bbox: [136 x 194 from (271, 137)]
I1014 14:36:36.361963  7968 work_detect.cpp:86] Detected bbox: [50 x 53 from (79, 217)]
I1014 14:36:36.361996  7968 work_detect.cpp:120] Succeeded to add det end for frame 128
I1014 14:36:36.362012  7968 work_thread.hpp:81]  [T-Work-Detect_0] Run work: WrokTrack
I1014 14:36:36.362128  7968 work_track.cpp:82] Frame: 128 build input_characts: [0.2125 x 0.538889 from (0.423438, 0.380556)], 1.00019, 0
I1014 14:36:36.362190  7968 work_track.cpp:82] Frame: 128 build input_characts: [0.078125 x 0.147222 from (0.123438, 0.602778)], 0.936119, 1
I1014 14:36:36.362229  7968 work_track.cpp:102] Succeeded to set track lock for frame 128
I1014 14:36:36.362277  7968 work_track.cpp:116] Succeeded to release track lock for frame 128
I1014 14:36:36.362291  7968 work_track.cpp:120] Track results of frame 128: 2 objects input, 2 objects tracked!
I1014 14:36:36.362309  7968 work_track.cpp:148] Frame: 128, track bbox: [50 x 53 from (79.3374, 218.203)], gid: 2, lid: 1
I1014 14:36:36.362342  7968 work_track.cpp:148] Frame: 128, track bbox: [136 x 194 from (274.658, 138.864)], gid: 3, lid: 0
I1014 14:36:36.362376  7968 work_thread.hpp:87]  [T-Work-Detect_0] Frame :128 split
I1014 14:36:36.362396  7968 work_thread.hpp:119]  [T-Work-Detect_0] Valid piece: gid = 3
I1014 14:36:36.362414  7968 work_thread.hpp:119]  [T-Work-Detect_0] Valid piece: gid = 2
I1014 14:36:36.362432  7968 work_thread.hpp:91]  [T-Work-Detect_0] Push to split queue:recog
I1014 14:36:36.362486  7969 work_thread.hpp:81]  [T-Work-Recog_0] Run work: WorkCapture
I1014 14:36:36.362771  7968 work_thread.hpp:91]  [T-Work-Detect_0] Push to split queue:recog
I1014 14:36:36.362814  7970 work_thread.hpp:81]  [T-Work-Recog_1] Run work: WorkCapture
I1014 14:36:36.362818  7971 thread_intergrate.hpp:78] [T-Intergrate-intergrate] queue: frame output frame :128
I1014 14:36:36.362859  7971 thread_intergrate.hpp:85] [T-Intergrate-intergrate] queue: compare output face:3
I1014 14:36:36.362877  7971 thread_intergrate.hpp:137] T-Intergrate-intergrate set matched face: 3
I1014 14:36:36.363060  7969 work_thread.hpp:81]  [T-Work-Recog_0] Run work: WorkRecog
I1014 14:36:36.363083  7969 work_recog.hpp:89] Face id: 3 will run recog: bbox [136 x 194 from (271, 137)] quality: 0.481957
I1014 14:36:36.363111  7969 work_recog.hpp:96] Recog pair: [200 x 264 from (240, 96)], [136 x 194 from (31, 41)]
I1014 14:36:36.363451  7970 work_thread.hpp:81]  [T-Work-Recog_1] Run work: WorkRecog
W1014 14:36:36.363474  7970 work_recog.hpp:118] Face id: 2 has low quality : 0.0238547, no need to recog
I1014 14:36:36.363636  7970 work_thread.hpp:81]  [T-Work-Recog_1] Run work: WorkCompare
I1014 14:36:36.364405  7971 thread_intergrate.hpp:157] T-Intergrate-intergrate Show face :3, size :640 * 360
I1014 14:36:36.364948  7967 demo_inner.hpp:435] thread [SORT-0]  frame id 128 sorting queue size 0   FPS: 29.9313
I1014 14:36:36.380816  7969 work_thread.hpp:81]  [T-Work-Recog_0] Run work: WorkCompare
I1014 14:36:36.381278  7969 work_compare.cpp:76] Compare face: 3 successed, similarity :0.996562, name : images/ThangLMb.jpg, normal size : 1548 * 1719!
I1014 14:36:36.390805  7965 demo_inner.hpp:177] decode queue size 0
I1014 14:36:36.390911  7968 work_thread.hpp:81]  [T-Work-Detect_0] Run work: WorkDetect
I1014 14:36:36.390946  7968 work_detect.cpp:102] Succeeded to add det start for frame 129
I1014 14:36:36.397771  7968 work_detect.cpp:70] Frame :129 detect result :2 face(s)
I1014 14:36:36.397817  7968 work_detect.cpp:86] Detected bbox: [167 x 219 from (262, 120)]
I1014 14:36:36.397850  7968 work_detect.cpp:86] Detected bbox: [50 x 56 from (79, 215)]
I1014 14:36:36.397879  7968 work_detect.cpp:120] Succeeded to add det end for frame 129
I1014 14:36:36.397895  7968 work_thread.hpp:81]  [T-Work-Detect_0] Run work: WrokTrack
I1014 14:36:36.397919  7968 work_track.cpp:82] Frame: 129 build input_characts: [0.260938 x 0.608333 from (0.409375, 0.333333)], 0.998877, 0
I1014 14:36:36.397971  7968 work_track.cpp:82] Frame: 129 build input_characts: [0.078125 x 0.155556 from (0.123438, 0.597222)], 0.936119, 1
I1014 14:36:36.398007  7968 work_track.cpp:102] Succeeded to set track lock for frame 129
I1014 14:36:36.398053  7968 work_track.cpp:116] Succeeded to release track lock for frame 129
I1014 14:36:36.398067  7968 work_track.cpp:120] Track results of frame 129: 2 objects input, 2 objects tracked!
I1014 14:36:36.398159  7968 work_track.cpp:148] Frame: 129, track bbox: [50 x 56 from (79.3171, 216.389)], gid: 2, lid: 1
I1014 14:36:36.398193  7968 work_track.cpp:148] Frame: 129, track bbox: [167 x 219 from (261.131, 122.901)], gid: 3, lid: 0
I1014 14:36:36.398227  7968 work_thread.hpp:87]  [T-Work-Detect_0] Frame :129 split
I1014 14:36:36.398245  7968 work_thread.hpp:119]  [T-Work-Detect_0] Valid piece: gid = 3
I1014 14:36:36.398262  7968 work_thread.hpp:119]  [T-Work-Detect_0] Valid piece: gid = 2
I1014 14:36:36.398279  7968 work_thread.hpp:91]  [T-Work-Detect_0] Push to split queue:recog
I1014 14:36:36.398327  7969 work_thread.hpp:81]  [T-Work-Recog_0] Run work: WorkCapture
I1014 14:36:36.398607  7968 work_thread.hpp:91]  [T-Work-Detect_0] Push to split queue:recog
I1014 14:36:36.398646  7970 work_thread.hpp:81]  [T-Work-Recog_1] Run work: WorkCapture
I1014 14:36:36.398650  7971 thread_intergrate.hpp:78] [T-Intergrate-intergrate] queue: frame output frame :129
I1014 14:36:36.398689  7971 thread_intergrate.hpp:85] [T-Intergrate-intergrate] queue: compare output face:3
I1014 14:36:36.398707  7971 thread_intergrate.hpp:137] T-Intergrate-intergrate set matched face: 3
I1014 14:36:36.398890  7969 work_thread.hpp:81]  [T-Work-Recog_0] Run work: WorkRecog
I1014 14:36:36.398913  7969 work_recog.hpp:89] Face id: 3 will run recog: bbox [167 x 219 from (262, 120)] quality: 0.489369
I1014 14:36:36.398941  7969 work_recog.hpp:96] Recog pair: [240 x 288 from (224, 72)], [167 x 219 from (38, 48)]
I1014 14:36:36.399154  7970 work_thread.hpp:81]  [T-Work-Recog_1] Run work: WorkRecog
W1014 14:36:36.399176  7970 work_recog.hpp:118] Face id: 2 has low quality : 0.0332591, no need to recog
I1014 14:36:36.399621  7970 work_thread.hpp:81]  [T-Work-Recog_1] Run work: WorkCompare
I1014 14:36:36.400234  7971 thread_intergrate.hpp:157] T-Intergrate-intergrate Show face :3, size :640 * 360
I1014 14:36:36.400781  7967 demo_inner.hpp:435] thread [SORT-0]  frame id 129 sorting queue size 1   FPS: 29.9313
I1014 14:36:36.406955  7966 demo_inner.hpp:260]  gui queue size 1, state = running
I1014 14:36:36.416903  7969 work_thread.hpp:81]  [T-Work-Recog_0] Run work: WorkCompare
I1014 14:36:36.417369  7969 work_compare.cpp:76] Compare face: 3 successed, similarity :0.995953, name : images/ThangLMb.jpg, normal size : 1548 * 1719!
I1014 14:36:36.421149  7965 demo_inner.hpp:177] decode queue size 0
I1014 14:36:36.421237  7968 work_thread.hpp:81]  [T-Work-Detect_0] Run work: WorkDetect
I1014 14:36:36.421272  7968 work_detect.cpp:102] Succeeded to add det start for frame 130
I1014 14:36:36.428150  7968 work_detect.cpp:70] Frame :130 detect result :2 face(s)
I1014 14:36:36.428216  7968 work_detect.cpp:86] Detected bbox: [132 x 188 from (273, 140)]
I1014 14:36:36.428249  7968 work_detect.cpp:86] Detected bbox: [53 x 58 from (77, 214)]
I1014 14:36:36.428279  7968 work_detect.cpp:120] Succeeded to add det end for frame 130
I1014 14:36:36.428295  7968 work_thread.hpp:81]  [T-Work-Detect_0] Run work: WrokTrack
I1014 14:36:36.428319  7968 work_track.cpp:82] Frame: 130 build input_characts: [0.20625 x 0.522222 from (0.426562, 0.388889)], 1.00019, 0
I1014 14:36:36.428371  7968 work_track.cpp:82] Frame: 130 build input_characts: [0.0828125 x 0.161111 from (0.120312, 0.594444)], 0.983201, 1
I1014 14:36:36.428406  7968 work_track.cpp:102] Succeeded to set track lock for frame 130
I1014 14:36:36.428452  7968 work_track.cpp:116] Succeeded to release track lock for frame 130
I1014 14:36:36.428467  7968 work_track.cpp:120] Track results of frame 130: 2 objects input, 2 objects tracked!
I1014 14:36:36.428484  7968 work_track.cpp:148] Frame: 130, track bbox: [53 x 58 from (77.6205, 214.41)], gid: 2, lid: 1
I1014 14:36:36.428516  7968 work_track.cpp:148] Frame: 130, track bbox: [132 x 188 from (276.447, 138.49)], gid: 3, lid: 0
I1014 14:36:36.428550  7968 work_thread.hpp:87]  [T-Work-Detect_0] Frame :130 split
I1014 14:36:36.428567  7968 work_thread.hpp:119]  [T-Work-Detect_0] Valid piece: gid = 3
I1014 14:36:36.428586  7968 work_thread.hpp:119]  [T-Work-Detect_0] Valid piece: gid = 2
I1014 14:36:36.428676  7968 work_thread.hpp:91]  [T-Work-Detect_0] Push to split queue:recog
I1014 14:36:36.428704  7968 work_thread.hpp:91]  [T-Work-Detect_0] Push to split queue:recog
I1014 14:36:36.428727  7970 work_thread.hpp:81]  [T-Work-Recog_1] Run work: WorkCapture
I1014 14:36:36.428743  7969 work_thread.hpp:81]  [T-Work-Recog_0] Run work: WorkCapture
I1014 14:36:36.428990  7971 thread_intergrate.hpp:78] [T-Intergrate-intergrate] queue: frame output frame :130
I1014 14:36:36.429018  7971 thread_intergrate.hpp:85] [T-Intergrate-intergrate] queue: compare output face:3
I1014 14:36:36.429036  7971 thread_intergrate.hpp:137] T-Intergrate-intergrate set matched face: 3
I1014 14:36:36.429322  7969 work_thread.hpp:81]  [T-Work-Recog_0] Run work: WorkRecog
W1014 14:36:36.429347  7969 work_recog.hpp:118] Face id: 2 has low quality : 0.0298135, no need to recog
I1014 14:36:36.429448  7970 work_thread.hpp:81]  [T-Work-Recog_1] Run work: WorkRecog
I1014 14:36:36.429613  7969 work_thread.hpp:81]  [T-Work-Recog_0] Run work: WorkCompare
I1014 14:36:36.429620  7970 work_recog.hpp:89] Face id: 3 will run recog: bbox [132 x 188 from (273, 140)] quality: 0.482066
I1014 14:36:36.429648  7970 work_recog.hpp:96] Recog pair: [192 x 264 from (240, 96)], [132 x 188 from (33, 44)]
I1014 14:36:36.430511  7971 thread_intergrate.hpp:157] T-Intergrate-intergrate Show face :3, size :640 * 360
I1014 14:36:36.431092  7967 demo_inner.hpp:435] thread [SORT-0]  frame id 130 sorting queue size 0   FPS: 30.0197
I1014 14:36:36.447206  7970 work_thread.hpp:81]  [T-Work-Recog_1] Run work: WorkCompare
I1014 14:36:36.447677  7970 work_compare.cpp:76] Compare face: 3 successed, similarity :0.99491, name : images/ThangLMb.jpg, normal size : 1548 * 1719!
I1014 14:36:36.456840  7965 demo_inner.hpp:177] decode queue size 0
I1014 14:36:36.456948  7968 work_thread.hpp:81]  [T-Work-Detect_0] Run work: WorkDetect
I1014 14:36:36.456982  7968 work_detect.cpp:102] Succeeded to add det start for frame 131
I1014 14:36:36.463783  7968 work_detect.cpp:70] Frame :131 detect result :1 face(s)
I1014 14:36:36.463825  7968 work_detect.cpp:86] Detected bbox: [128 x 183 from (276, 143)]
I1014 14:36:36.463867  7968 work_detect.cpp:120] Succeeded to add det end for frame 131
I1014 14:36:36.463883  7968 work_thread.hpp:81]  [T-Work-Detect_0] Run work: WrokTrack
I1014 14:36:36.463907  7968 work_track.cpp:82] Frame: 131 build input_characts: [0.2 x 0.508333 from (0.43125, 0.397222)], 1.00019, 0
I1014 14:36:36.463961  7968 work_track.cpp:102] Succeeded to set track lock for frame 131
I1014 14:36:36.464004  7968 work_track.cpp:116] Succeeded to release track lock for frame 131
I1014 14:36:36.464018  7968 work_track.cpp:120] Track results of frame 131: 1 objects input, 2 objects tracked!
I1014 14:36:36.464036  7968 work_track.cpp:148] Frame: 131, track bbox: [53 x 58 from (77.7356, 214.256)], gid: 2, lid: -1
I1014 14:36:36.464071  7968 work_track.cpp:148] Frame: 131, track bbox: [128 x 183 from (276.841, 141.302)], gid: 3, lid: 0
I1014 14:36:36.464102  7968 work_thread.hpp:87]  [T-Work-Detect_0] Frame :131 split
I1014 14:36:36.464120  7968 work_thread.hpp:119]  [T-Work-Detect_0] Valid piece: gid = 3
I1014 14:36:36.464138  7968 work_thread.hpp:91]  [T-Work-Detect_0] Push to split queue:recog
I1014 14:36:36.464186  7970 work_thread.hpp:81]  [T-Work-Recog_1] Run work: WorkCapture
I1014 14:36:36.464195  7971 thread_intergrate.hpp:78] [T-Intergrate-intergrate] queue: frame output frame :131
I1014 14:36:36.464221  7971 thread_intergrate.hpp:85] [T-Intergrate-intergrate] queue: compare output face:3
I1014 14:36:36.464239  7971 thread_intergrate.hpp:137] T-Intergrate-intergrate set matched face: 3
I1014 14:36:36.464776  7970 work_thread.hpp:81]  [T-Work-Recog_1] Run work: WorkRecog
I1014 14:36:36.464802  7970 work_recog.hpp:89] Face id: 3 will run recog: bbox [128 x 183 from (276, 143)] quality: 0.478765
I1014 14:36:36.464836  7970 work_recog.hpp:96] Recog pair: [184 x 256 from (248, 104)], [128 x 183 from (28, 39)]
I1014 14:36:36.465656  7971 thread_intergrate.hpp:157] T-Intergrate-intergrate Show face :3, size :640 * 360
I1014 14:36:36.466198  7967 demo_inner.hpp:435] thread [SORT-0]  frame id 131 sorting queue size 1   FPS: 29.9313
I1014 14:36:36.482323  7970 work_thread.hpp:81]  [T-Work-Recog_1] Run work: WorkCompare
I1014 14:36:36.482789  7970 work_compare.cpp:76] Compare face: 3 successed, similarity :0.995224, name : images/ThangLMb.jpg, normal size : 1548 * 1719!
I1014 14:36:36.487171  7965 demo_inner.hpp:177] decode queue size 0
I1014 14:36:36.487280  7968 work_thread.hpp:81]  [T-Work-Detect_0] Run work: WorkDetect
I1014 14:36:36.487316  7968 work_detect.cpp:102] Succeeded to add det start for frame 132
I1014 14:36:36.496112  7968 work_detect.cpp:70] Frame :132 detect result :2 face(s)
I1014 14:36:36.496196  7968 work_detect.cpp:86] Detected bbox: [132 x 187 from (272, 140)]
I1014 14:36:36.496234  7968 work_detect.cpp:86] Detected bbox: [53 x 62 from (80, 214)]
I1014 14:36:36.496266  7968 work_detect.cpp:120] Succeeded to add det end for frame 132
I1014 14:36:36.496284  7968 work_thread.hpp:81]  [T-Work-Detect_0] Run work: WrokTrack
I1014 14:36:36.496309  7968 work_track.cpp:82] Frame: 132 build input_characts: [0.20625 x 0.519444 from (0.425, 0.388889)], 1.00019, 0
I1014 14:36:36.496366  7968 work_track.cpp:82] Frame: 132 build input_characts: [0.0828125 x 0.172222 from (0.125, 0.594444)], 0.951921, 1
I1014 14:36:36.496403  7968 work_track.cpp:102] Succeeded to set track lock for frame 132
I1014 14:36:36.496454  7968 work_track.cpp:116] Succeeded to release track lock for frame 132
I1014 14:36:36.496469  7968 work_track.cpp:120] Track results of frame 132: 2 objects input, 2 objects tracked!
I1014 14:36:36.496487  7968 work_track.cpp:148] Frame: 132, track bbox: [53 x 62 from (79.2164, 213.081)], gid: 2, lid: 1
I1014 14:36:36.496521  7968 work_track.cpp:148] Frame: 132, track bbox: [132 x 187 from (272.148, 139.172)], gid: 3, lid: 0
I1014 14:36:36.496556  7968 work_thread.hpp:87]  [T-Work-Detect_0] Frame :132 split
I1014 14:36:36.496573  7968 work_thread.hpp:119]  [T-Work-Detect_0] Valid piece: gid = 3
I1014 14:36:36.496592  7968 work_thread.hpp:119]  [T-Work-Detect_0] Valid piece: gid = 2
I1014 14:36:36.496608  7968 work_thread.hpp:91]  [T-Work-Detect_0] Push to split queue:recog
I1014 14:36:36.496639  7968 work_thread.hpp:91]  [T-Work-Detect_0] Push to split queue:recog
I1014 14:36:36.496665  7969 work_thread.hpp:81]  [T-Work-Recog_0] Run work: WorkCapture
I1014 14:36:36.496683  7971 thread_intergrate.hpp:78] [T-Intergrate-intergrate] queue: frame output frame :132
I1014 14:36:36.496695  7970 work_thread.hpp:81]  [T-Work-Recog_1] Run work: WorkCapture
I1014 14:36:36.496711  7971 thread_intergrate.hpp:85] [T-Intergrate-intergrate] queue: compare output face:3
I1014 14:36:36.496731  7971 thread_intergrate.hpp:137] T-Intergrate-intergrate set matched face: 3
I1014 14:36:36.497407  7969 work_thread.hpp:81]  [T-Work-Recog_0] Run work: WorkRecog
I1014 14:36:36.497407  7970 work_thread.hpp:81]  [T-Work-Recog_1] Run work: WorkRecog
I1014 14:36:36.497459  7969 work_recog.hpp:89] Face id: 3 will run recog: bbox [132 x 187 from (272, 140)] quality: 0.480186
W1014 14:36:36.497463  7970 work_recog.hpp:118] Face id: 2 has low quality : 0.0118585, no need to recog
I1014 14:36:36.497505  7969 work_recog.hpp:96] Recog pair: [192 x 264 from (240, 96)], [132 x 187 from (32, 44)]
I1014 14:36:36.497622  7970 work_thread.hpp:81]  [T-Work-Recog_1] Run work: WorkCompare
I1014 14:36:36.498384  7971 thread_intergrate.hpp:157] T-Intergrate-intergrate Show face :3, size :640 * 360
I1014 14:36:36.499102  7967 demo_inner.hpp:435] thread [SORT-0]  frame id 132 sorting queue size 2   FPS: 29.9902
I1014 14:36:36.515522  7969 work_thread.hpp:81]  [T-Work-Recog_0] Run work: WorkCompare
I1014 14:36:36.515985  7969 work_compare.cpp:76] Compare face: 3 successed, similarity :0.996599, name : images/ThangLMb.jpg, normal size : 1548 * 1719!
I1014 14:36:36.523063  7965 demo_inner.hpp:177] decode queue size 0
I1014 14:36:36.523165  7968 work_thread.hpp:81]  [T-Work-Detect_0] Run work: WorkDetect
I1014 14:36:36.523281  7968 work_detect.cpp:102] Succeeded to add det start for frame 133
I1014 14:36:36.529878  7968 work_detect.cpp:70] Frame :133 detect result :1 face(s)
I1014 14:36:36.529924  7968 work_detect.cpp:86] Detected bbox: [132 x 188 from (272, 137)]
I1014 14:36:36.529968  7968 work_detect.cpp:120] Succeeded to add det end for frame 133
I1014 14:36:36.529984  7968 work_thread.hpp:81]  [T-Work-Detect_0] Run work: WrokTrack
I1014 14:36:36.530009  7968 work_track.cpp:82] Frame: 133 build input_characts: [0.20625 x 0.522222 from (0.425, 0.380556)], 0.999622, 0
I1014 14:36:36.530064  7968 work_track.cpp:102] Succeeded to set track lock for frame 133
I1014 14:36:36.530107  7968 work_track.cpp:116] Succeeded to release track lock for frame 133
I1014 14:36:36.530122  7968 work_track.cpp:120] Track results of frame 133: 1 objects input, 2 objects tracked!
I1014 14:36:36.530140  7968 work_track.cpp:148] Frame: 133, track bbox: [53 x 62 from (79.631, 213.105)], gid: 2, lid: -1
I1014 14:36:36.530174  7968 work_track.cpp:148] Frame: 133, track bbox: [132 x 188 from (272.033, 138.584)], gid: 3, lid: 0
I1014 14:36:36.530207  7968 work_thread.hpp:87]  [T-Work-Detect_0] Frame :133 split
I1014 14:36:36.530225  7968 work_thread.hpp:119]  [T-Work-Detect_0] Valid piece: gid = 3
I1014 14:36:36.530243  7968 work_thread.hpp:91]  [T-Work-Detect_0] Push to split queue:recog
I1014 14:36:36.530279  7969 work_thread.hpp:81]  [T-Work-Recog_0] Run work: WorkCapture
I1014 14:36:36.530287  7971 thread_intergrate.hpp:78] [T-Intergrate-intergrate] queue: frame output frame :133
I1014 14:36:36.530313  7971 thread_intergrate.hpp:85] [T-Intergrate-intergrate] queue: compare output face:3
I1014 14:36:36.530331  7971 thread_intergrate.hpp:137] T-Intergrate-intergrate set matched face: 3
I1014 14:36:36.530860  7969 work_thread.hpp:81]  [T-Work-Recog_0] Run work: WorkRecog
I1014 14:36:36.530885  7969 work_recog.hpp:89] Face id: 3 will run recog: bbox [132 x 188 from (272, 137)] quality: 0.481957
I1014 14:36:36.530917  7969 work_recog.hpp:96] Recog pair: [192 x 264 from (240, 96)], [132 x 188 from (32, 41)]
I1014 14:36:36.531764  7971 thread_intergrate.hpp:157] T-Intergrate-intergrate Show face :3, size :640 * 360
I1014 14:36:36.532318  7967 demo_inner.hpp:435] thread [SORT-0]  frame id 133 sorting queue size 3   FPS: 29.9607
I1014 14:36:36.548561  7969 work_thread.hpp:81]  [T-Work-Recog_0] Run work: WorkCompare
I1014 14:36:36.549023  7969 work_compare.cpp:76] Compare face: 3 successed, similarity :0.996239, name : images/ThangLMb.jpg, normal size : 1548 * 1719!
I1014 14:36:36.553143  7965 demo_inner.hpp:177] decode queue size 0
I1014 14:36:36.553230  7968 work_thread.hpp:81]  [T-Work-Detect_0] Run work: WorkDetect
I1014 14:36:36.553262  7968 work_detect.cpp:102] Succeeded to add det start for frame 134
I1014 14:36:36.559854  7968 work_detect.cpp:70] Frame :134 detect result :1 face(s)
I1014 14:36:36.559896  7968 work_detect.cpp:86] Detected bbox: [128 x 180 from (273, 143)]
I1014 14:36:36.559939  7968 work_detect.cpp:120] Succeeded to add det end for frame 134
I1014 14:36:36.559955  7968 work_thread.hpp:81]  [T-Work-Detect_0] Run work: WrokTrack
I1014 14:36:36.559979  7968 work_track.cpp:82] Frame: 134 build input_characts: [0.2 x 0.5 from (0.426562, 0.397222)], 0.999622, 0
I1014 14:36:36.560034  7968 work_track.cpp:102] Succeeded to set track lock for frame 134
I1014 14:36:36.560076  7968 work_track.cpp:116] Succeeded to release track lock for frame 134
I1014 14:36:36.560091  7968 work_track.cpp:120] Track results of frame 134: 1 objects input, 1 objects tracked!
I1014 14:36:36.560108  7968 work_track.cpp:148] Frame: 134, track bbox: [128 x 180 from (272.171, 143.123)], gid: 3, lid: 0
I1014 14:36:36.560145  7968 work_thread.hpp:87]  [T-Work-Detect_0] Frame :134 split
I1014 14:36:36.560184  7968 work_thread.hpp:119]  [T-Work-Detect_0] Valid piece: gid = 3
I1014 14:36:36.560204  7968 work_thread.hpp:91]  [T-Work-Detect_0] Push to split queue:recog
I1014 14:36:36.560253  7970 work_thread.hpp:81]  [T-Work-Recog_1] Run work: WorkCapture
I1014 14:36:36.560628  7971 thread_intergrate.hpp:78] [T-Intergrate-intergrate] queue: frame output frame :134
I1014 14:36:36.560654  7971 thread_intergrate.hpp:85] [T-Intergrate-intergrate] queue: compare output face:3
I1014 14:36:36.560672  7971 thread_intergrate.hpp:137] T-Intergrate-intergrate set matched face: 3
I1014 14:36:36.560881  7970 work_thread.hpp:81]  [T-Work-Recog_1] Run work: WorkRecog
I1014 14:36:36.560906  7970 work_recog.hpp:89] Face id: 3 will run recog: bbox [128 x 180 from (273, 143)] quality: 0.480931
I1014 14:36:36.560937  7970 work_recog.hpp:96] Recog pair: [184 x 256 from (248, 104)], [128 x 180 from (25, 39)]
I1014 14:36:36.562139  7971 thread_intergrate.hpp:157] T-Intergrate-intergrate Show face :3, size :640 * 360
I1014 14:36:36.562747  7967 demo_inner.hpp:435] thread [SORT-0]  frame id 134 sorting queue size 4   FPS: 30.0197
I1014 14:36:36.578358  7970 work_thread.hpp:81]  [T-Work-Recog_1] Run work: WorkCompare
I1014 14:36:36.578811  7970 work_compare.cpp:76] Compare face: 3 successed, similarity :0.997749, name : images/ThangLMb.jpg, normal size : 1548 * 1719!
I1014 14:36:36.589536  7965 demo_inner.hpp:177] decode queue size 0
I1014 14:36:36.589643  7968 work_thread.hpp:81]  [T-Work-Detect_0] Run work: WorkDetect
I1014 14:36:36.589679  7968 work_detect.cpp:102] Succeeded to add det start for frame 135
I1014 14:36:36.596271  7968 work_detect.cpp:70] Frame :135 detect result :2 face(s)
I1014 14:36:36.596318  7968 work_detect.cpp:86] Detected bbox: [134 x 186 from (269, 139)]
I1014 14:36:36.596350  7968 work_detect.cpp:86] Detected bbox: [50 x 56 from (82, 212)]
I1014 14:36:36.596381  7968 work_detect.cpp:120] Succeeded to add det end for frame 135
I1014 14:36:36.596397  7968 work_thread.hpp:81]  [T-Work-Detect_0] Run work: WrokTrack
I1014 14:36:36.596421  7968 work_track.cpp:82] Frame: 135 build input_characts: [0.209375 x 0.516667 from (0.420312, 0.386111)], 0.999622, 0
I1014 14:36:36.596473  7968 work_track.cpp:82] Frame: 135 build input_characts: [0.078125 x 0.155556 from (0.128125, 0.588889)], 0.923714, 1
I1014 14:36:36.596509  7968 work_track.cpp:102] Succeeded to set track lock for frame 135
I1014 14:36:36.596554  7968 work_track.cpp:116] Succeeded to release track lock for frame 135
I1014 14:36:36.596570  7968 work_track.cpp:120] Track results of frame 135: 2 objects input, 1 objects tracked!
I1014 14:36:36.596587  7968 work_track.cpp:148] Frame: 135, track bbox: [134 x 186 from (269.283, 138.803)], gid: 3, lid: 0
I1014 14:36:36.596622  7968 work_track.cpp:162] Frame: 135 lid: 1 not tracked, will set invalid
I1014 14:36:36.596638  7968 work_thread.hpp:87]  [T-Work-Detect_0] Frame :135 split
I1014 14:36:36.596655  7968 work_thread.hpp:119]  [T-Work-Detect_0] Valid piece: gid = 3
I1014 14:36:36.596673  7968 work_thread.hpp:123]  [T-Work-Detect_0] Invalid piece: lid = 1, drop it
I1014 14:36:36.596688  7968 work_thread.hpp:91]  [T-Work-Detect_0] Push to split queue:recog
I1014 14:36:36.596741  7970 work_thread.hpp:81]  [T-Work-Recog_1] Run work: WorkCapture
I1014 14:36:36.597039  7971 thread_intergrate.hpp:78] [T-Intergrate-intergrate] queue: frame output frame :135
I1014 14:36:36.597065  7971 thread_intergrate.hpp:85] [T-Intergrate-intergrate] queue: compare output face:3
I1014 14:36:36.597084  7971 thread_intergrate.hpp:137] T-Intergrate-intergrate set matched face: 3
I1014 14:36:36.597307  7970 work_thread.hpp:81]  [T-Work-Recog_1] Run work: WorkRecog
I1014 14:36:36.597332  7970 work_recog.hpp:89] Face id: 3 will run recog: bbox [134 x 186 from (269, 139)] quality: 0.481957
I1014 14:36:36.597360  7970 work_recog.hpp:96] Recog pair: [192 x 264 from (240, 96)], [134 x 186 from (29, 43)]
I1014 14:36:36.598570  7971 thread_intergrate.hpp:157] T-Intergrate-intergrate Show face :3, size :640 * 360
I1014 14:36:36.599175  7967 demo_inner.hpp:435] thread [SORT-0]  frame id 135 sorting queue size 5   FPS: 29.9166
I1014 14:36:36.614822  7970 work_thread.hpp:81]  [T-Work-Recog_1] Run work: WorkCompare
I1014 14:36:36.615274  7970 work_compare.cpp:76] Compare face: 3 successed, similarity :0.997615, name : images/ThangLMb.jpg, normal size : 1548 * 1719!
I1014 14:36:36.625236  7965 demo_inner.hpp:177] decode queue size 0
I1014 14:36:36.625367  7968 work_thread.hpp:81]  [T-Work-Detect_0] Run work: WorkDetect
I1014 14:36:36.625401  7968 work_detect.cpp:102] Succeeded to add det start for frame 136
I1014 14:36:36.632063  7968 work_detect.cpp:70] Frame :136 detect result :2 face(s)
I1014 14:36:36.632112  7968 work_detect.cpp:86] Detected bbox: [138 x 192 from (265, 136)]
I1014 14:36:36.632145  7968 work_detect.cpp:86] Detected bbox: [51 x 56 from (80, 217)]
I1014 14:36:36.632201  7968 work_detect.cpp:120] Succeeded to add det end for frame 136
I1014 14:36:36.632218  7968 work_thread.hpp:81]  [T-Work-Detect_0] Run work: WrokTrack
I1014 14:36:36.632242  7968 work_track.cpp:82] Frame: 136 build input_characts: [0.215625 x 0.533333 from (0.414062, 0.377778)], 0.999622, 0
I1014 14:36:36.632294  7968 work_track.cpp:82] Frame: 136 build input_characts: [0.0796875 x 0.155556 from (0.125, 0.602778)], 0.95411, 1
I1014 14:36:36.632330  7968 work_track.cpp:102] Succeeded to set track lock for frame 136
I1014 14:36:36.632375  7968 work_track.cpp:116] Succeeded to release track lock for frame 136
I1014 14:36:36.632390  7968 work_track.cpp:120] Track results of frame 136: 2 objects input, 1 objects tracked!
I1014 14:36:36.632406  7968 work_track.cpp:148] Frame: 136, track bbox: [138 x 192 from (265.501, 135.616)], gid: 3, lid: 0
I1014 14:36:36.632441  7968 work_track.cpp:162] Frame: 136 lid: 1 not tracked, will set invalid
I1014 14:36:36.632457  7968 work_thread.hpp:87]  [T-Work-Detect_0] Frame :136 split
I1014 14:36:36.632473  7968 work_thread.hpp:119]  [T-Work-Detect_0] Valid piece: gid = 3
I1014 14:36:36.632491  7968 work_thread.hpp:123]  [T-Work-Detect_0] Invalid piece: lid = 1, drop it
I1014 14:36:36.632506  7968 work_thread.hpp:91]  [T-Work-Detect_0] Push to split queue:recog
I1014 14:36:36.632557  7970 work_thread.hpp:81]  [T-Work-Recog_1] Run work: WorkCapture
I1014 14:36:36.632853  7971 thread_intergrate.hpp:78] [T-Intergrate-intergrate] queue: frame output frame :136
