I1014 14:25:00.923027  7750 work_detect.cpp:86] Detected bbox: [189 x 225 from (305, 102)]
I1014 14:25:00.923070  7750 work_detect.cpp:120] Succeeded to add det end for frame 93
I1014 14:25:00.923087  7750 work_thread.hpp:81]  [T-Work-Detect_0] Run work: WrokTrack
I1014 14:25:00.923111  7750 work_track.cpp:82] Frame: 93 build input_characts: [0.295312 x 0.625 from (0.476562, 0.283333)], 1.00035, 0
I1014 14:25:00.923167  7750 work_track.cpp:102] Succeeded to set track lock for frame 93
I1014 14:25:00.923207  7750 work_track.cpp:116] Succeeded to release track lock for frame 93
I1014 14:25:00.923220  7750 work_track.cpp:120] Track results of frame 93: 1 objects input, 1 objects tracked!
I1014 14:25:00.923238  7750 work_track.cpp:148] Frame: 93, track bbox: [189 x 225 from (304.987, 101.43)], gid: 0, lid: 0
I1014 14:25:00.923275  7750 work_thread.hpp:87]  [T-Work-Detect_0] Frame :93 split
I1014 14:25:00.923293  7750 work_thread.hpp:119]  [T-Work-Detect_0] Valid piece: gid = 0
I1014 14:25:00.923312  7750 work_thread.hpp:91]  [T-Work-Detect_0] Push to split queue:recog
I1014 14:25:00.923367  7753 thread_intergrate.hpp:78] [T-Intergrate-intergrate] queue: frame output frame :93
I1014 14:25:00.923373  7752 work_thread.hpp:81]  [T-Work-Recog_1] Run work: WorkCapture
I1014 14:25:00.923471  7753 thread_intergrate.hpp:85] [T-Intergrate-intergrate] queue: compare output face:0
I1014 14:25:00.923492  7753 thread_intergrate.hpp:137] T-Intergrate-intergrate set matched face: 0
I1014 14:25:00.924283  7752 work_thread.hpp:81]  [T-Work-Recog_1] Run work: WorkRecog
I1014 14:25:00.924336  7752 work_recog.hpp:89] Face id: 0 will run recog: bbox [189 x 225 from (305, 102)] quality: 0.373717
I1014 14:25:00.924376  7752 work_recog.hpp:96] Recog pair: [272 x 304 from (264, 56)], [189 x 225 from (41, 46)]
I1014 14:25:00.924978  7753 thread_intergrate.hpp:157] T-Intergrate-intergrate Show face :0, size :640 * 360
I1014 14:25:00.925511  7749 demo_inner.hpp:435] thread [SORT-0]  frame id 93 sorting queue size 0   FPS: 30.0049
I1014 14:25:00.942682  7752 work_thread.hpp:81]  [T-Work-Recog_1] Run work: WorkCompare
I1014 14:25:00.943243  7752 work_compare.cpp:76] Compare face: 0 successed, similarity :0.984951, name : images/ThangLMb.jpg, normal size : 1548 * 1719!
I1014 14:25:00.951673  7747 demo_inner.hpp:177] decode queue size 0
I1014 14:25:00.951781  7750 work_thread.hpp:81]  [T-Work-Detect_0] Run work: WorkDetect
I1014 14:25:00.951817  7750 work_detect.cpp:102] Succeeded to add det start for frame 94
I1014 14:25:00.958932  7750 work_detect.cpp:70] Frame :94 detect result :1 face(s)
I1014 14:25:00.958979  7750 work_detect.cpp:86] Detected bbox: [188 x 224 from (304, 100)]
I1014 14:25:00.959022  7750 work_detect.cpp:120] Succeeded to add det end for frame 94
I1014 14:25:00.959039  7750 work_thread.hpp:81]  [T-Work-Detect_0] Run work: WrokTrack
I1014 14:25:00.959062  7750 work_track.cpp:82] Frame: 94 build input_characts: [0.29375 x 0.622222 from (0.475, 0.277778)], 1.00035, 0
I1014 14:25:00.959117  7750 work_track.cpp:102] Succeeded to set track lock for frame 94
I1014 14:25:00.959157  7750 work_track.cpp:116] Succeeded to release track lock for frame 94
I1014 14:25:00.959172  7750 work_track.cpp:120] Track results of frame 94: 1 objects input, 1 objects tracked!
I1014 14:25:00.959189  7750 work_track.cpp:148] Frame: 94, track bbox: [188 x 224 from (304.779, 100.863)], gid: 0, lid: 0
I1014 14:25:00.959226  7750 work_thread.hpp:87]  [T-Work-Detect_0] Frame :94 split
I1014 14:25:00.959244  7750 work_thread.hpp:119]  [T-Work-Detect_0] Valid piece: gid = 0
I1014 14:25:00.959262  7750 work_thread.hpp:91]  [T-Work-Detect_0] Push to split queue:recog
I1014 14:25:00.959308  7751 work_thread.hpp:81]  [T-Work-Recog_0] Run work: WorkCapture
I1014 14:25:00.959309  7753 thread_intergrate.hpp:78] [T-Intergrate-intergrate] queue: frame output frame :94
I1014 14:25:00.959352  7753 thread_intergrate.hpp:85] [T-Intergrate-intergrate] queue: compare output face:0
I1014 14:25:00.959372  7753 thread_intergrate.hpp:137] T-Intergrate-intergrate set matched face: 0
I1014 14:25:00.959990  7751 work_thread.hpp:81]  [T-Work-Recog_0] Run work: WorkRecog
I1014 14:25:00.960112  7751 work_recog.hpp:89] Face id: 0 will run recog: bbox [188 x 224 from (304, 100)] quality: 0.40664
I1014 14:25:00.960291  7751 work_recog.hpp:96] Recog pair: [272 x 304 from (264, 56)], [188 x 224 from (40, 44)]
I1014 14:25:00.960829  7753 thread_intergrate.hpp:157] T-Intergrate-intergrate Show face :0, size :640 * 360
I1014 14:25:00.961405  7749 demo_inner.hpp:435] thread [SORT-0]  frame id 94 sorting queue size 1   FPS: 29.9166
I1014 14:25:00.966748  7748 demo_inner.hpp:260]  gui queue size 1, state = running
I1014 14:25:00.978525  7751 work_thread.hpp:81]  [T-Work-Recog_0] Run work: WorkCompare
I1014 14:25:00.979048  7751 work_compare.cpp:76] Compare face: 0 successed, similarity :0.975924, name : images/ThangLMb.jpg, normal size : 1548 * 1719!
I1014 14:25:00.981969  7747 demo_inner.hpp:177] decode queue size 0
I1014 14:25:00.982054  7750 work_thread.hpp:81]  [T-Work-Detect_0] Run work: WorkDetect
I1014 14:25:00.982089  7750 work_detect.cpp:102] Succeeded to add det start for frame 95
I1014 14:25:00.989182  7750 work_detect.cpp:70] Frame :95 detect result :1 face(s)
I1014 14:25:00.989229  7750 work_detect.cpp:86] Detected bbox: [190 x 227 from (304, 99)]
I1014 14:25:00.989271  7750 work_detect.cpp:120] Succeeded to add det end for frame 95
I1014 14:25:00.989289  7750 work_thread.hpp:81]  [T-Work-Detect_0] Run work: WrokTrack
I1014 14:25:00.989312  7750 work_track.cpp:82] Frame: 95 build input_characts: [0.296875 x 0.630556 from (0.475, 0.275)], 0.99799, 0
I1014 14:25:00.989368  7750 work_track.cpp:102] Succeeded to set track lock for frame 95
I1014 14:25:00.989408  7750 work_track.cpp:116] Succeeded to release track lock for frame 95
I1014 14:25:00.989421  7750 work_track.cpp:120] Track results of frame 95: 1 objects input, 1 objects tracked!
I1014 14:25:00.989439  7750 work_track.cpp:148] Frame: 95, track bbox: [190 x 227 from (303.588, 98.5517)], gid: 0, lid: 0
I1014 14:25:00.989475  7750 work_thread.hpp:87]  [T-Work-Detect_0] Frame :95 split
I1014 14:25:00.989492  7750 work_thread.hpp:119]  [T-Work-Detect_0] Valid piece: gid = 0
I1014 14:25:00.989511  7750 work_thread.hpp:91]  [T-Work-Detect_0] Push to split queue:recog
I1014 14:25:00.989564  7753 thread_intergrate.hpp:78] [T-Intergrate-intergrate] queue: frame output frame :95
I1014 14:25:00.989590  7753 thread_intergrate.hpp:85] [T-Intergrate-intergrate] queue: compare output face:0
I1014 14:25:00.989609  7753 thread_intergrate.hpp:137] T-Intergrate-intergrate set matched face: 0
I1014 14:25:00.989653  7752 work_thread.hpp:81]  [T-Work-Recog_1] Run work: WorkCapture
I1014 14:25:00.990332  7752 work_thread.hpp:81]  [T-Work-Recog_1] Run work: WorkRecog
I1014 14:25:00.990361  7752 work_recog.hpp:89] Face id: 0 will run recog: bbox [190 x 227 from (304, 99)] quality: 0.415958
I1014 14:25:00.990402  7752 work_recog.hpp:96] Recog pair: [272 x 312 from (264, 48)], [190 x 227 from (40, 51)]
I1014 14:25:00.991080  7753 thread_intergrate.hpp:157] T-Intergrate-intergrate Show face :0, size :640 * 360
I1014 14:25:00.991613  7749 demo_inner.hpp:435] thread [SORT-0]  frame id 95 sorting queue size 0   FPS: 30.0049
I1014 14:25:01.008417  7752 work_thread.hpp:81]  [T-Work-Recog_1] Run work: WorkCompare
I1014 14:25:01.008952  7752 work_compare.cpp:76] Compare face: 0 successed, similarity :0.984812, name : images/ThangLMb.jpg, normal size : 1548 * 1719!
I1014 14:25:01.017613  7747 demo_inner.hpp:177] decode queue size 0
I1014 14:25:01.017725  7750 work_thread.hpp:81]  [T-Work-Detect_0] Run work: WorkDetect
I1014 14:25:01.017760  7750 work_detect.cpp:102] Succeeded to add det start for frame 96
I1014 14:25:01.024857  7750 work_detect.cpp:70] Frame :96 detect result :1 face(s)
I1014 14:25:01.024902  7750 work_detect.cpp:86] Detected bbox: [188 x 225 from (304, 99)]
I1014 14:25:01.024946  7750 work_detect.cpp:120] Succeeded to add det end for frame 96
I1014 14:25:01.024962  7750 work_thread.hpp:81]  [T-Work-Detect_0] Run work: WrokTrack
I1014 14:25:01.024986  7750 work_track.cpp:82] Frame: 96 build input_characts: [0.29375 x 0.625 from (0.475, 0.275)], 1.00019, 0
I1014 14:25:01.025043  7750 work_track.cpp:102] Succeeded to set track lock for frame 96
I1014 14:25:01.025084  7750 work_track.cpp:116] Succeeded to release track lock for frame 96
I1014 14:25:01.025099  7750 work_track.cpp:120] Track results of frame 96: 1 objects input, 1 objects tracked!
I1014 14:25:01.025116  7750 work_track.cpp:148] Frame: 96, track bbox: [188 x 225 from (304.233, 99.15)], gid: 0, lid: 0
I1014 14:25:01.025151  7750 work_thread.hpp:87]  [T-Work-Detect_0] Frame :96 split
I1014 14:25:01.025168  7750 work_thread.hpp:119]  [T-Work-Detect_0] Valid piece: gid = 0
I1014 14:25:01.025187  7750 work_thread.hpp:91]  [T-Work-Detect_0] Push to split queue:recog
I1014 14:25:01.025246  7752 work_thread.hpp:81]  [T-Work-Recog_1] Run work: WorkCapture
I1014 14:25:01.025251  7753 thread_intergrate.hpp:78] [T-Intergrate-intergrate] queue: frame output frame :96
I1014 14:25:01.025276  7753 thread_intergrate.hpp:85] [T-Intergrate-intergrate] queue: compare output face:0
I1014 14:25:01.025295  7753 thread_intergrate.hpp:137] T-Intergrate-intergrate set matched face: 0
I1014 14:25:01.025926  7752 work_thread.hpp:81]  [T-Work-Recog_1] Run work: WorkRecog
I1014 14:25:01.025977  7752 work_recog.hpp:89] Face id: 0 will run recog: bbox [188 x 225 from (304, 99)] quality: 0.396473
I1014 14:25:01.026012  7752 work_recog.hpp:96] Recog pair: [272 x 312 from (264, 48)], [188 x 225 from (40, 51)]
I1014 14:25:01.026962  7753 thread_intergrate.hpp:157] T-Intergrate-intergrate Show face :0, size :640 * 360
I1014 14:25:01.027528  7749 demo_inner.hpp:435] thread [SORT-0]  frame id 96 sorting queue size 1   FPS: 29.9166
I1014 14:25:01.044355  7752 work_thread.hpp:81]  [T-Work-Recog_1] Run work: WorkCompare
I1014 14:25:01.044981  7752 work_compare.cpp:76] Compare face: 0 successed, similarity :0.987381, name : images/ThangLMb.jpg, normal size : 1548 * 1719!
I1014 14:25:01.047853  7747 demo_inner.hpp:177] decode queue size 0
I1014 14:25:01.047925  7750 work_thread.hpp:81]  [T-Work-Detect_0] Run work: WorkDetect
I1014 14:25:01.047961  7750 work_detect.cpp:102] Succeeded to add det start for frame 97
I1014 14:25:01.055043  7750 work_detect.cpp:70] Frame :97 detect result :1 face(s)
I1014 14:25:01.055089  7750 work_detect.cpp:86] Detected bbox: [191 x 229 from (304, 98)]
I1014 14:25:01.055133  7750 work_detect.cpp:120] Succeeded to add det end for frame 97
I1014 14:25:01.055150  7750 work_thread.hpp:81]  [T-Work-Detect_0] Run work: WrokTrack
I1014 14:25:01.055174  7750 work_track.cpp:82] Frame: 97 build input_characts: [0.298438 x 0.636111 from (0.475, 0.272222)], 0.99799, 0
I1014 14:25:01.055230  7750 work_track.cpp:102] Succeeded to set track lock for frame 97
I1014 14:25:01.055270  7750 work_track.cpp:116] Succeeded to release track lock for frame 97
I1014 14:25:01.055284  7750 work_track.cpp:120] Track results of frame 97: 1 objects input, 1 objects tracked!
I1014 14:25:01.055303  7750 work_track.cpp:148] Frame: 97, track bbox: [191 x 229 from (303.362, 97.7578)], gid: 0, lid: 0
I1014 14:25:01.055341  7750 work_thread.hpp:87]  [T-Work-Detect_0] Frame :97 split
I1014 14:25:01.055358  7750 work_thread.hpp:119]  [T-Work-Detect_0] Valid piece: gid = 0
I1014 14:25:01.055377  7750 work_thread.hpp:91]  [T-Work-Detect_0] Push to split queue:recog
I1014 14:25:01.055420  7751 work_thread.hpp:81]  [T-Work-Recog_0] Run work: WorkCapture
I1014 14:25:01.055433  7753 thread_intergrate.hpp:78] [T-Intergrate-intergrate] queue: frame output frame :97
I1014 14:25:01.055457  7753 thread_intergrate.hpp:85] [T-Intergrate-intergrate] queue: compare output face:0
I1014 14:25:01.055475  7753 thread_intergrate.hpp:137] T-Intergrate-intergrate set matched face: 0
I1014 14:25:01.056316  7751 work_thread.hpp:81]  [T-Work-Recog_0] Run work: WorkRecog
I1014 14:25:01.056357  7751 work_recog.hpp:89] Face id: 0 will run recog: bbox [191 x 229 from (304, 98)] quality: 0.415891
I1014 14:25:01.056393  7751 work_recog.hpp:96] Recog pair: [272 x 312 from (264, 48)], [191 x 229 from (40, 50)]
I1014 14:25:01.057106  7753 thread_intergrate.hpp:157] T-Intergrate-intergrate Show face :0, size :640 * 360
I1014 14:25:01.057636  7749 demo_inner.hpp:435] thread [SORT-0]  frame id 97 sorting queue size 2   FPS: 30.0049
I1014 14:25:01.058037  7748 demo_inner.hpp:260]  gui queue size 2, state = running
I1014 14:25:01.075034  7751 work_thread.hpp:81]  [T-Work-Recog_0] Run work: WorkCompare
I1014 14:25:01.075582  7751 work_compare.cpp:76] Compare face: 0 successed, similarity :0.987237, name : images/ThangLMb.jpg, normal size : 1548 * 1719!
I1014 14:25:01.083818  7747 demo_inner.hpp:177] decode queue size 0
I1014 14:25:01.083932  7750 work_thread.hpp:81]  [T-Work-Detect_0] Run work: WorkDetect
I1014 14:25:01.083971  7750 work_detect.cpp:102] Succeeded to add det start for frame 98
I1014 14:25:01.091145  7750 work_detect.cpp:70] Frame :98 detect result :1 face(s)
I1014 14:25:01.091192  7750 work_detect.cpp:86] Detected bbox: [194 x 233 from (305, 96)]
I1014 14:25:01.091233  7750 work_detect.cpp:120] Succeeded to add det end for frame 98
I1014 14:25:01.091249  7750 work_thread.hpp:81]  [T-Work-Detect_0] Run work: WrokTrack
I1014 14:25:01.091373  7750 work_track.cpp:82] Frame: 98 build input_characts: [0.303125 x 0.647222 from (0.476562, 0.266667)], 1.00019, 0
I1014 14:25:01.091434  7750 work_track.cpp:102] Succeeded to set track lock for frame 98
I1014 14:25:01.091475  7750 work_track.cpp:116] Succeeded to release track lock for frame 98
I1014 14:25:01.091490  7750 work_track.cpp:120] Track results of frame 98: 1 objects input, 1 objects tracked!
I1014 14:25:01.091508  7750 work_track.cpp:148] Frame: 98, track bbox: [194 x 233 from (303.477, 95.4012)], gid: 0, lid: 0
I1014 14:25:01.091545  7750 work_thread.hpp:87]  [T-Work-Detect_0] Frame :98 split
I1014 14:25:01.091564  7750 work_thread.hpp:119]  [T-Work-Detect_0] Valid piece: gid = 0
I1014 14:25:01.091583  7750 work_thread.hpp:91]  [T-Work-Detect_0] Push to split queue:recog
I1014 14:25:01.091636  7753 thread_intergrate.hpp:78] [T-Intergrate-intergrate] queue: frame output frame :98
I1014 14:25:01.091630  7752 work_thread.hpp:81]  [T-Work-Recog_1] Run work: WorkCapture
I1014 14:25:01.091662  7753 thread_intergrate.hpp:85] [T-Intergrate-intergrate] queue: compare output face:0
I1014 14:25:01.091681  7753 thread_intergrate.hpp:137] T-Intergrate-intergrate set matched face: 0
I1014 14:25:01.092335  7752 work_thread.hpp:81]  [T-Work-Recog_1] Run work: WorkRecog
I1014 14:25:01.092363  7752 work_recog.hpp:89] Face id: 0 will run recog: bbox [194 x 233 from (305, 96)] quality: 0.385569
I1014 14:25:01.092401  7752 work_recog.hpp:96] Recog pair: [280 x 312 from (264, 48)], [194 x 233 from (41, 48)]
I1014 14:25:01.093310  7753 thread_intergrate.hpp:157] T-Intergrate-intergrate Show face :0, size :640 * 360
I1014 14:25:01.093894  7749 demo_inner.hpp:435] thread [SORT-0]  frame id 98 sorting queue size 0   FPS: 29.902
I1014 14:25:01.110631  7752 work_thread.hpp:81]  [T-Work-Recog_1] Run work: WorkCompare
I1014 14:25:01.111168  7752 work_compare.cpp:76] Compare face: 0 successed, similarity :0.987297, name : images/ThangLMb.jpg, normal size : 1548 * 1719!
I1014 14:25:01.119664  7747 demo_inner.hpp:177] decode queue size 0
I1014 14:25:01.119765  7750 work_thread.hpp:81]  [T-Work-Detect_0] Run work: WorkDetect
I1014 14:25:01.119801  7750 work_detect.cpp:102] Succeeded to add det start for frame 99
I1014 14:25:01.126893  7750 work_detect.cpp:70] Frame :99 detect result :1 face(s)
I1014 14:25:01.126941  7750 work_detect.cpp:86] Detected bbox: [176 x 222 from (310, 123)]
I1014 14:25:01.126983  7750 work_detect.cpp:120] Succeeded to add det end for frame 99
I1014 14:25:01.127001  7750 work_thread.hpp:81]  [T-Work-Detect_0] Run work: WrokTrack
I1014 14:25:01.127024  7750 work_track.cpp:82] Frame: 99 build input_characts: [0.275 x 0.616667 from (0.484375, 0.341667)], 0.99799, 0
I1014 14:25:01.127080  7750 work_track.cpp:102] Succeeded to set track lock for frame 99
I1014 14:25:01.127120  7750 work_track.cpp:116] Succeeded to release track lock for frame 99
I1014 14:25:01.127135  7750 work_track.cpp:120] Track results of frame 99: 1 objects input, 1 objects tracked!
I1014 14:25:01.127153  7750 work_track.cpp:148] Frame: 99, track bbox: [176 x 222 from (311.839, 112.751)], gid: 0, lid: 0
I1014 14:25:01.127189  7750 work_thread.hpp:87]  [T-Work-Detect_0] Frame :99 split
I1014 14:25:01.127207  7750 work_thread.hpp:119]  [T-Work-Detect_0] Valid piece: gid = 0
I1014 14:25:01.127225  7750 work_thread.hpp:91]  [T-Work-Detect_0] Push to split queue:recog
I1014 14:25:01.127269  7752 work_thread.hpp:81]  [T-Work-Recog_1] Run work: WorkCapture
I1014 14:25:01.127277  7753 thread_intergrate.hpp:78] [T-Intergrate-intergrate] queue: frame output frame :99
I1014 14:25:01.127302  7753 thread_intergrate.hpp:85] [T-Intergrate-intergrate] queue: compare output face:0
I1014 14:25:01.127321  7753 thread_intergrate.hpp:137] T-Intergrate-intergrate set matched face: 0
I1014 14:25:01.128058  7752 work_thread.hpp:81]  [T-Work-Recog_1] Run work: WorkRecog
I1014 14:25:01.128098  7752 work_recog.hpp:89] Face id: 0 will run recog: bbox [176 x 222 from (310, 123)] quality: 0.37357
I1014 14:25:01.128291  7752 work_recog.hpp:96] Recog pair: [256 x 288 from (272, 72)], [176 x 222 from (38, 51)]
I1014 14:25:01.128937  7753 thread_intergrate.hpp:157] T-Intergrate-intergrate Show face :0, size :640 * 360
I1014 14:25:01.129500  7749 demo_inner.hpp:435] thread [SORT-0]  frame id 99 sorting queue size 1   FPS: 29.946
I1014 14:25:01.134503  7748 demo_inner.hpp:260]  gui queue size 1, state = running
I1014 14:25:01.146806  7752 work_thread.hpp:81]  [T-Work-Recog_1] Run work: WorkCompare
I1014 14:25:01.147325  7752 work_compare.cpp:76] Compare face: 0 successed, similarity :0.979911, name : images/ThangLMb.jpg, normal size : 1548 * 1719!
I1014 14:25:01.149861  7747 demo_inner.hpp:177] decode queue size 0
I1014 14:25:01.149938  7750 work_thread.hpp:81]  [T-Work-Detect_0] Run work: WorkDetect
I1014 14:25:01.149972  7750 work_detect.cpp:102] Succeeded to add det start for frame 100
I1014 14:25:01.156826  7750 work_detect.cpp:70] Frame :100 detect result :1 face(s)
I1014 14:25:01.156869  7750 work_detect.cpp:86] Detected bbox: [193 x 229 from (305, 98)]
I1014 14:25:01.156913  7750 work_detect.cpp:120] Succeeded to add det end for frame 100
I1014 14:25:01.156929  7750 work_thread.hpp:81]  [T-Work-Detect_0] Run work: WrokTrack
I1014 14:25:01.156952  7750 work_track.cpp:82] Frame: 100 build input_characts: [0.301562 x 0.636111 from (0.476562, 0.272222)], 0.999622, 0
I1014 14:25:01.157007  7750 work_track.cpp:102] Succeeded to set track lock for frame 100
I1014 14:25:01.157047  7750 work_track.cpp:116] Succeeded to release track lock for frame 100
I1014 14:25:01.157063  7750 work_track.cpp:120] Track results of frame 100: 1 objects input, 1 objects tracked!
I1014 14:25:01.157080  7750 work_track.cpp:148] Frame: 100, track bbox: [193 x 229 from (304.261, 106.233)], gid: 0, lid: 0
I1014 14:25:01.157116  7750 work_thread.hpp:87]  [T-Work-Detect_0] Frame :100 split
I1014 14:25:01.157133  7750 work_thread.hpp:119]  [T-Work-Detect_0] Valid piece: gid = 0
I1014 14:25:01.157151  7750 work_thread.hpp:91]  [T-Work-Detect_0] Push to split queue:recog
I1014 14:25:01.157197  7752 work_thread.hpp:81]  [T-Work-Recog_1] Run work: WorkCapture
I1014 14:25:01.157207  7753 thread_intergrate.hpp:78] [T-Intergrate-intergrate] queue: frame output frame :100
I1014 14:25:01.157235  7753 thread_intergrate.hpp:85] [T-Intergrate-intergrate] queue: compare output face:0
I1014 14:25:01.157259  7753 thread_intergrate.hpp:137] T-Intergrate-intergrate set matched face: 0
I1014 14:25:01.157894  7752 work_thread.hpp:81]  [T-Work-Recog_1] Run work: WorkRecog
I1014 14:25:01.157922  7752 work_recog.hpp:89] Face id: 0 will run recog: bbox [193 x 229 from (305, 98)] quality: 0.385569
I1014 14:25:01.157954  7752 work_recog.hpp:96] Recog pair: [272 x 312 from (264, 48)], [193 x 229 from (41, 50)]
I1014 14:25:01.158854  7753 thread_intergrate.hpp:157] T-Intergrate-intergrate Show face :0, size :640 * 360
I1014 14:25:01.159373  7749 demo_inner.hpp:435] thread [SORT-0]  frame id 100 sorting queue size 0   FPS: 30.0345
I1014 14:25:01.176247  7752 work_thread.hpp:81]  [T-Work-Recog_1] Run work: WorkCompare
I1014 14:25:01.176821  7752 work_compare.cpp:76] Compare face: 0 successed, similarity :0.979983, name : images/ThangLMb.jpg, normal size : 1548 * 1719!
I1014 14:25:01.185593  7747 demo_inner.hpp:177] decode queue size 0
I1014 14:25:01.185708  7750 work_thread.hpp:81]  [T-Work-Detect_0] Run work: WorkDetect
I1014 14:25:01.185745  7750 work_detect.cpp:102] Succeeded to add det start for frame 101
I1014 14:25:01.192654  7750 work_detect.cpp:70] Frame :101 detect result :1 face(s)
I1014 14:25:01.192696  7750 work_detect.cpp:86] Detected bbox: [193 x 235 from (302, 95)]
I1014 14:25:01.192739  7750 work_detect.cpp:120] Succeeded to add det end for frame 101
I1014 14:25:01.192755  7750 work_thread.hpp:81]  [T-Work-Detect_0] Run work: WrokTrack
I1014 14:25:01.192780  7750 work_track.cpp:82] Frame: 101 build input_characts: [0.301562 x 0.652778 from (0.471875, 0.263889)], 1.00019, 0
I1014 14:25:01.192834  7750 work_track.cpp:102] Succeeded to set track lock for frame 101
I1014 14:25:01.192874  7750 work_track.cpp:116] Succeeded to release track lock for frame 101
I1014 14:25:01.192967  7750 work_track.cpp:120] Track results of frame 101: 1 objects input, 1 objects tracked!
I1014 14:25:01.192988  7750 work_track.cpp:148] Frame: 101, track bbox: [193 x 235 from (303.402, 100.311)], gid: 0, lid: 0
I1014 14:25:01.193025  7750 work_thread.hpp:87]  [T-Work-Detect_0] Frame :101 split
I1014 14:25:01.193042  7750 work_thread.hpp:119]  [T-Work-Detect_0] Valid piece: gid = 0
I1014 14:25:01.193060  7750 work_thread.hpp:91]  [T-Work-Detect_0] Push to split queue:recog
I1014 14:25:01.193109  7753 thread_intergrate.hpp:78] [T-Intergrate-intergrate] queue: frame output frame :101
I1014 14:25:01.193112  7751 work_thread.hpp:81]  [T-Work-Recog_0] Run work: WorkCapture
I1014 14:25:01.193138  7753 thread_intergrate.hpp:85] [T-Intergrate-intergrate] queue: compare output face:0
I1014 14:25:01.193157  7753 thread_intergrate.hpp:137] T-Intergrate-intergrate set matched face: 0
I1014 14:25:01.193778  7751 work_thread.hpp:81]  [T-Work-Recog_0] Run work: WorkRecog
I1014 14:25:01.193805  7751 work_recog.hpp:89] Face id: 0 will run recog: bbox [193 x 235 from (302, 95)] quality: 0.415862
I1014 14:25:01.193836  7751 work_recog.hpp:96] Recog pair: [272 x 312 from (264, 48)], [193 x 235 from (38, 47)]
I1014 14:25:01.194759  7753 thread_intergrate.hpp:157] T-Intergrate-intergrate Show face :0, size :640 * 360
I1014 14:25:01.195335  7749 demo_inner.hpp:435] thread [SORT-0]  frame id 101 sorting queue size 1   FPS: 29.946
I1014 14:25:01.212323  7751 work_thread.hpp:81]  [T-Work-Recog_0] Run work: WorkCompare
I1014 14:25:01.212848  7751 work_compare.cpp:76] Compare face: 0 successed, similarity :0.993401, name : images/ThangLMb.jpg, normal size : 1548 * 1719!
I1014 14:25:01.215881  7747 demo_inner.hpp:177] decode queue size 0
I1014 14:25:01.215946  7750 work_thread.hpp:81]  [T-Work-Detect_0] Run work: WorkDetect
I1014 14:25:01.215975  7750 work_detect.cpp:102] Succeeded to add det start for frame 102
I1014 14:25:01.218065  7748 demo_inner.hpp:260]  gui queue size 1, state = running
I1014 14:25:01.226100  7750 work_detect.cpp:70] Frame :102 detect result :1 face(s)
I1014 14:25:01.226153  7750 work_detect.cpp:86] Detected bbox: [190 x 230 from (305, 100)]
I1014 14:25:01.226197  7750 work_detect.cpp:120] Succeeded to add det end for frame 102
I1014 14:25:01.226212  7750 work_thread.hpp:81]  [T-Work-Detect_0] Run work: WrokTrack
I1014 14:25:01.226238  7750 work_track.cpp:82] Frame: 102 build input_characts: [0.296875 x 0.638889 from (0.476562, 0.277778)], 1.00035, 0
I1014 14:25:01.226294  7750 work_track.cpp:102] Succeeded to set track lock for frame 102
I1014 14:25:01.226333  7750 work_track.cpp:116] Succeeded to release track lock for frame 102
I1014 14:25:01.226348  7750 work_track.cpp:120] Track results of frame 102: 1 objects input, 1 objects tracked!
I1014 14:25:01.226366  7750 work_track.cpp:148] Frame: 102, track bbox: [190 x 230 from (304.629, 100.863)], gid: 0, lid: 0
I1014 14:25:01.226403  7750 work_thread.hpp:87]  [T-Work-Detect_0] Frame :102 split
I1014 14:25:01.226420  7750 work_thread.hpp:119]  [T-Work-Detect_0] Valid piece: gid = 0
I1014 14:25:01.226438  7750 work_thread.hpp:91]  [T-Work-Detect_0] Push to split queue:recog
I1014 14:25:01.226487  7752 work_thread.hpp:81]  [T-Work-Recog_1] Run work: WorkCapture
I1014 14:25:01.226749  7753 thread_intergrate.hpp:78] [T-Intergrate-intergrate] queue: frame output frame :102
I1014 14:25:01.226778  7753 thread_intergrate.hpp:85] [T-Intergrate-intergrate] queue: compare output face:0
I1014 14:25:01.226796  7753 thread_intergrate.hpp:137] T-Intergrate-intergrate set matched face: 0
I1014 14:25:01.227111  7752 work_thread.hpp:81]  [T-Work-Recog_1] Run work: WorkRecog
I1014 14:25:01.227164  7752 work_recog.hpp:89] Face id: 0 will run recog: bbox [190 x 230 from (305, 100)] quality: 0.415958
I1014 14:25:01.227195  7752 work_recog.hpp:96] Recog pair: [272 x 312 from (264, 48)], [190 x 230 from (41, 52)]
I1014 14:25:01.228268  7753 thread_intergrate.hpp:157] T-Intergrate-intergrate Show face :0, size :640 * 360
I1014 14:25:01.228945  7749 demo_inner.hpp:435] thread [SORT-0]  frame id 102 sorting queue size 0   FPS: 29.9902
I1014 14:25:01.245904  7752 work_thread.hpp:81]  [T-Work-Recog_1] Run work: WorkCompare
I1014 14:25:01.246441  7752 work_compare.cpp:76] Compare face: 0 successed, similarity :0.993029, name : images/ThangLMb.jpg, normal size : 1548 * 1719!
I1014 14:25:01.252075  7747 demo_inner.hpp:177] decode queue size 0
I1014 14:25:01.252205  7750 work_thread.hpp:81]  [T-Work-Detect_0] Run work: WorkDetect
I1014 14:25:01.252243  7750 work_detect.cpp:102] Succeeded to add det start for frame 103
I1014 14:25:01.259254  7750 work_detect.cpp:70] Frame :103 detect result :1 face(s)
I1014 14:25:01.259290  7750 work_detect.cpp:86] Detected bbox: [189 x 225 from (303, 100)]
I1014 14:25:01.259332  7750 work_detect.cpp:120] Succeeded to add det end for frame 103
I1014 14:25:01.259348  7750 work_thread.hpp:81]  [T-Work-Detect_0] Run work: WrokTrack
I1014 14:25:01.259372  7750 work_track.cpp:82] Frame: 103 build input_characts: [0.295312 x 0.625 from (0.473437, 0.277778)], 0.997596, 0
I1014 14:25:01.259429  7750 work_track.cpp:102] Succeeded to set track lock for frame 103
I1014 14:25:01.259469  7750 work_track.cpp:116] Succeeded to release track lock for frame 103
I1014 14:25:01.259482  7750 work_track.cpp:120] Track results of frame 103: 1 objects input, 1 objects tracked!
I1014 14:25:01.259500  7750 work_track.cpp:148] Frame: 103, track bbox: [189 x 225 from (303.716, 99.9359)], gid: 0, lid: 0
I1014 14:25:01.259537  7750 work_thread.hpp:87]  [T-Work-Detect_0] Frame :103 split
I1014 14:25:01.259555  7750 work_thread.hpp:119]  [T-Work-Detect_0] Valid piece: gid = 0
I1014 14:25:01.259573  7750 work_thread.hpp:91]  [T-Work-Detect_0] Push to split queue:recog
I1014 14:25:01.259624  7753 thread_intergrate.hpp:78] [T-Intergrate-intergrate] queue: frame output frame :103
I1014 14:25:01.259626  7751 work_thread.hpp:81]  [T-Work-Recog_0] Run work: WorkCapture
I1014 14:25:01.259654  7753 thread_intergrate.hpp:85] [T-Intergrate-intergrate] queue: compare output face:0
I1014 14:25:01.259683  7753 thread_intergrate.hpp:137] T-Intergrate-intergrate set matched face: 0
I1014 14:25:01.260370  7751 work_thread.hpp:81]  [T-Work-Recog_0] Run work: WorkRecog
I1014 14:25:01.260397  7751 work_recog.hpp:89] Face id: 0 will run recog: bbox [189 x 225 from (303, 100)] quality: 0.424445
I1014 14:25:01.260429  7751 work_recog.hpp:96] Recog pair: [272 x 312 from (264, 48)], [189 x 225 from (39, 52)]
I1014 14:25:01.261320  7753 thread_intergrate.hpp:157] T-Intergrate-intergrate Show face :0, size :640 * 360
I1014 14:25:01.261899  7749 demo_inner.hpp:435] thread [SORT-0]  frame id 103 sorting queue size 1   FPS: 29.946
I1014 14:25:01.278517  7751 work_thread.hpp:81]  [T-Work-Recog_0] Run work: WorkCompare
I1014 14:25:01.279062  7751 work_compare.cpp:76] Compare face: 0 successed, similarity :0.991743, name : images/ThangLMb.jpg, normal size : 1548 * 1719!
I1014 14:25:01.281882  7747 demo_inner.hpp:177] decode queue size 0
I1014 14:25:01.281967  7750 work_thread.hpp:81]  [T-Work-Detect_0] Run work: WorkDetect
I1014 14:25:01.282002  7750 work_detect.cpp:102] Succeeded to add det start for frame 104
I1014 14:25:01.289086  7750 work_detect.cpp:70] Frame :104 detect result :1 face(s)
I1014 14:25:01.289136  7750 work_detect.cpp:86] Detected bbox: [193 x 225 from (301, 99)]
I1014 14:25:01.289178  7750 work_detect.cpp:120] Succeeded to add det end for frame 104
I1014 14:25:01.289194  7750 work_thread.hpp:81]  [T-Work-Detect_0] Run work: WrokTrack
I1014 14:25:01.289218  7750 work_track.cpp:82] Frame: 104 build input_characts: [0.301562 x 0.625 from (0.470313, 0.275)], 0.997488, 0
I1014 14:25:01.289274  7750 work_track.cpp:102] Succeeded to set track lock for frame 104
I1014 14:25:01.289314  7750 work_track.cpp:116] Succeeded to release track lock for frame 104
I1014 14:25:01.289328  7750 work_track.cpp:120] Track results of frame 104: 1 objects input, 1 objects tracked!
I1014 14:25:01.289346  7750 work_track.cpp:148] Frame: 104, track bbox: [193 x 225 from (301.413, 95.9957)], gid: 0, lid: 0
I1014 14:25:01.289454  7750 work_thread.hpp:87]  [T-Work-Detect_0] Frame :104 split
I1014 14:25:01.289474  7750 work_thread.hpp:119]  [T-Work-Detect_0] Valid piece: gid = 0
I1014 14:25:01.289492  7750 work_thread.hpp:91]  [T-Work-Detect_0] Push to split queue:recog
I1014 14:25:01.289551  7753 thread_intergrate.hpp:78] [T-Intergrate-intergrate] queue: frame output frame :104
I1014 14:25:01.289574  7753 thread_intergrate.hpp:85] [T-Intergrate-intergrate] queue: compare output face:0
I1014 14:25:01.289582  7752 work_thread.hpp:81]  [T-Work-Recog_1] Run work: WorkCapture
I1014 14:25:01.289593  7753 thread_intergrate.hpp:137] T-Intergrate-intergrate set matched face: 0
I1014 14:25:01.290302  7752 work_thread.hpp:81]  [T-Work-Recog_1] Run work: WorkRecog
I1014 14:25:01.290329  7752 work_recog.hpp:89] Face id: 0 will run recog: bbox [193 x 225 from (301, 99)] quality: 0.424527
I1014 14:25:01.290369  7752 work_recog.hpp:96] Recog pair: [280 x 312 from (256, 48)], [193 x 225 from (45, 51)]
I1014 14:25:01.291211  7753 thread_intergrate.hpp:157] T-Intergrate-intergrate Show face :0, size :640 * 360
I1014 14:25:01.291788  7749 demo_inner.hpp:435] thread [SORT-0]  frame id 104 sorting queue size 2   FPS: 30.0197
I1014 14:25:01.308583  7752 work_thread.hpp:81]  [T-Work-Recog_1] Run work: WorkCompare
I1014 14:25:01.309180  7752 work_compare.cpp:76] Compare face: 0 successed, similarity :0.983334, name : images/ThangLMb.jpg, normal size : 1548 * 1719!
I1014 14:25:01.312834  7748 demo_inner.hpp:260]  gui queue size 2, state = running
I1014 14:25:01.317845  7747 demo_inner.hpp:177] decode queue size 0
I1014 14:25:01.317960  7750 work_thread.hpp:81]  [T-Work-Detect_0] Run work: WorkDetect
I1014 14:25:01.317996  7750 work_detect.cpp:102] Succeeded to add det start for frame 105
I1014 14:25:01.325058  7750 work_detect.cpp:70] Frame :105 detect result :1 face(s)
I1014 14:25:01.325103  7750 work_detect.cpp:86] Detected bbox: [199 x 233 from (300, 96)]
I1014 14:25:01.325146  7750 work_detect.cpp:120] Succeeded to add det end for frame 105
I1014 14:25:01.325163  7750 work_thread.hpp:81]  [T-Work-Detect_0] Run work: WrokTrack
I1014 14:25:01.325187  7750 work_track.cpp:82] Frame: 105 build input_characts: [0.310937 x 0.647222 from (0.46875, 0.266667)], 0.997488, 0
I1014 14:25:01.325243  7750 work_track.cpp:102] Succeeded to set track lock for frame 105
I1014 14:25:01.325284  7750 work_track.cpp:116] Succeeded to release track lock for frame 105
I1014 14:25:01.325299  7750 work_track.cpp:120] Track results of frame 105: 1 objects input, 1 objects tracked!
I1014 14:25:01.325316  7750 work_track.cpp:148] Frame: 105, track bbox: [199 x 233 from (298.492, 95.8557)], gid: 0, lid: 0
I1014 14:25:01.325352  7750 work_thread.hpp:87]  [T-Work-Detect_0] Frame :105 split
I1014 14:25:01.325371  7750 work_thread.hpp:119]  [T-Work-Detect_0] Valid piece: gid = 0
I1014 14:25:01.325388  7750 work_thread.hpp:91]  [T-Work-Detect_0] Push to split queue:recog
I1014 14:25:01.325440  7753 thread_intergrate.hpp:78] [T-Intergrate-intergrate] queue: frame output frame :105
I1014 14:25:01.325465  7753 thread_intergrate.hpp:85] [T-Intergrate-intergrate] queue: compare output face:0
I1014 14:25:01.325484  7753 thread_intergrate.hpp:137] T-Intergrate-intergrate set matched face: 0
I1014 14:25:01.325563  7752 work_thread.hpp:81]  [T-Work-Recog_1] Run work: WorkCapture
I1014 14:25:01.326311  7752 work_thread.hpp:81]  [T-Work-Recog_1] Run work: WorkRecog
I1014 14:25:01.326339  7752 work_recog.hpp:89] Face id: 0 will run recog: bbox [199 x 233 from (300, 96)] quality: 0.373751
I1014 14:25:01.326372  7752 work_recog.hpp:96] Recog pair: [288 x 312 from (256, 48)], [199 x 233 from (44, 48)]
I1014 14:25:01.327100  7753 thread_intergrate.hpp:157] T-Intergrate-intergrate Show face :0, size :640 * 360
I1014 14:25:01.327625  7749 demo_inner.hpp:435] thread [SORT-0]  frame id 105 sorting queue size 0   FPS: 29.9313
I1014 14:25:01.344601  7752 work_thread.hpp:81]  [T-Work-Recog_1] Run work: WorkCompare
I1014 14:25:01.345150  7752 work_compare.cpp:76] Compare face: 0 successed, similarity :0.983714, name : images/ThangLMb.jpg, normal size : 1548 * 1719!
I1014 14:25:01.353679  7747 demo_inner.hpp:177] decode queue size 0
I1014 14:25:01.353787  7750 work_thread.hpp:81]  [T-Work-Detect_0] Run work: WorkDetect
I1014 14:25:01.353826  7750 work_detect.cpp:102] Succeeded to add det start for frame 106
I1014 14:25:01.360954  7750 work_detect.cpp:70] Frame :106 detect result :2 face(s)
I1014 14:25:01.360999  7750 work_detect.cpp:86] Detected bbox: [206 x 241 from (299, 91)]
I1014 14:25:01.361032  7750 work_detect.cpp:86] Detected bbox: [107 x 122 from (363, 225)]
I1014 14:25:01.361063  7750 work_detect.cpp:120] Succeeded to add det end for frame 106
I1014 14:25:01.361078  7750 work_thread.hpp:81]  [T-Work-Detect_0] Run work: WrokTrack
I1014 14:25:01.361101  7750 work_track.cpp:82] Frame: 106 build input_characts: [0.321875 x 0.669444 from (0.467187, 0.252778)], 1.00019, 0
I1014 14:25:01.361156  7750 work_track.cpp:82] Frame: 106 build input_characts: [0.167187 x 0.338889 from (0.567187, 0.625)], 0.936627, 1
I1014 14:25:01.361191  7750 work_track.cpp:102] Succeeded to set track lock for frame 106
I1014 14:25:01.361236  7750 work_track.cpp:116] Succeeded to release track lock for frame 106
I1014 14:25:01.361251  7750 work_track.cpp:120] Track results of frame 106: 2 objects input, 1 objects tracked!
I1014 14:25:01.361269  7750 work_track.cpp:148] Frame: 106, track bbox: [206 x 241 from (297.335, 91.1325)], gid: 0, lid: 0
I1014 14:25:01.361304  7750 work_track.cpp:162] Frame: 106 lid: 1 not tracked, will set invalid
I1014 14:25:01.361320  7750 work_thread.hpp:87]  [T-Work-Detect_0] Frame :106 split
I1014 14:25:01.361337  7750 work_thread.hpp:119]  [T-Work-Detect_0] Valid piece: gid = 0
I1014 14:25:01.361354  7750 work_thread.hpp:123]  [T-Work-Detect_0] Invalid piece: lid = 1, drop it
I1014 14:25:01.361371  7750 work_thread.hpp:91]  [T-Work-Detect_0] Push to split queue:recog
I1014 14:25:01.361413  7752 work_thread.hpp:81]  [T-Work-Recog_1] Run work: WorkCapture
I1014 14:25:01.361423  7753 thread_intergrate.hpp:78] [T-Intergrate-intergrate] queue: frame output frame :106
I1014 14:25:01.361447  7753 thread_intergrate.hpp:85] [T-Intergrate-intergrate] queue: compare output face:0
I1014 14:25:01.361465  7753 thread_intergrate.hpp:137] T-Intergrate-intergrate set matched face: 0
I1014 14:25:01.362112  7752 work_thread.hpp:81]  [T-Work-Recog_1] Run work: WorkRecog
I1014 14:25:01.362264  7752 work_recog.hpp:89] Face id: 0 will run recog: bbox [206 x 241 from (299, 91)] quality: 0.347568
I1014 14:25:01.362298  7752 work_recog.hpp:96] Recog pair: [296 x 320 from (256, 40)], [206 x 241 from (43, 51)]
I1014 14:25:01.363071  7753 thread_intergrate.hpp:157] T-Intergrate-intergrate Show face :0, size :640 * 360
I1014 14:25:01.363632  7749 demo_inner.hpp:435] thread [SORT-0]  frame id 106 sorting queue size 1   FPS: 29.9166
I1014 14:25:01.374766  7748 demo_inner.hpp:260]  gui queue size 1, state = running
I1014 14:25:01.381023  7752 work_thread.hpp:81]  [T-Work-Recog_1] Run work: WorkCompare
I1014 14:25:01.381551  7752 work_compare.cpp:76] Compare face: 0 successed, similarity :0.993066, name : images/ThangLMb.jpg, normal size : 1548 * 1719!
I1014 14:25:01.384099  7747 demo_inner.hpp:177] decode queue size 0
I1014 14:25:01.384186  7750 work_thread.hpp:81]  [T-Work-Detect_0] Run work: WorkDetect
I1014 14:25:01.384219  7750 work_detect.cpp:102] Succeeded to add det start for frame 107
I1014 14:25:01.391309  7750 work_detect.cpp:70] Frame :107 detect result :1 face(s)
I1014 14:25:01.391356  7750 work_detect.cpp:86] Detected bbox: [203 x 237 from (300, 94)]
I1014 14:25:01.391399  7750 work_detect.cpp:120] Succeeded to add det end for frame 107
I1014 14:25:01.391417  7750 work_thread.hpp:81]  [T-Work-Detect_0] Run work: WrokTrack
I1014 14:25:01.391439  7750 work_track.cpp:82] Frame: 107 build input_characts: [0.317187 x 0.658333 from (0.46875, 0.261111)], 0.999622, 0
I1014 14:25:01.391495  7750 work_track.cpp:102] Succeeded to set track lock for frame 107
I1014 14:25:01.391541  7750 work_track.cpp:116] Succeeded to release track lock for frame 107
I1014 14:25:01.391628  7750 work_track.cpp:120] Track results of frame 107: 1 objects input, 1 objects tracked!
I1014 14:25:01.391647  7750 work_track.cpp:148] Frame: 107, track bbox: [203 x 237 from (299.817, 93.0535)], gid: 0, lid: 0
I1014 14:25:01.391685  7750 work_thread.hpp:87]  [T-Work-Detect_0] Frame :107 split
I1014 14:25:01.391703  7750 work_thread.hpp:119]  [T-Work-Detect_0] Valid piece: gid = 0
I1014 14:25:01.391721  7750 work_thread.hpp:91]  [T-Work-Detect_0] Push to split queue:recog
I1014 14:25:01.391772  7751 work_thread.hpp:81]  [T-Work-Recog_0] Run work: WorkCapture
I1014 14:25:01.391777  7753 thread_intergrate.hpp:78] [T-Intergrate-intergrate] queue: frame output frame :107
I1014 14:25:01.391803  7753 thread_intergrate.hpp:85] [T-Intergrate-intergrate] queue: compare output face:0
I1014 14:25:01.391820  7753 thread_intergrate.hpp:137] T-Intergrate-intergrate set matched face: 0
I1014 14:25:01.392408  7751 work_thread.hpp:81]  [T-Work-Recog_0] Run work: WorkRecog
I1014 14:25:01.392434  7751 work_recog.hpp:89] Face id: 0 will run recog: bbox [203 x 237 from (300, 94)] quality: 0.373767
I1014 14:25:01.392464  7751 work_recog.hpp:96] Recog pair: [288 x 320 from (256, 40)], [203 x 237 from (44, 54)]
I1014 14:25:01.393450  7753 thread_intergrate.hpp:157] T-Intergrate-intergrate Show face :0, size :640 * 360
I1014 14:25:01.394052  7749 demo_inner.hpp:435] thread [SORT-0]  frame id 107 sorting queue size 0   FPS: 29.9902
I1014 14:25:01.410604  7751 work_thread.hpp:81]  [T-Work-Recog_0] Run work: WorkCompare
I1014 14:25:01.411126  7751 work_compare.cpp:76] Compare face: 0 successed, similarity :0.985058, name : images/ThangLMb.jpg, normal size : 1548 * 1719!
I1014 14:25:01.419683  7747 demo_inner.hpp:177] decode queue size 0
I1014 14:25:01.419800  7750 work_thread.hpp:81]  [T-Work-Detect_0] Run work: WorkDetect
I1014 14:25:01.419838  7750 work_detect.cpp:102] Succeeded to add det start for frame 108
I1014 14:25:01.426921  7750 work_detect.cpp:70] Frame :108 detect result :2 face(s)
I1014 14:25:01.426970  7750 work_detect.cpp:86] Detected bbox: [197 x 233 from (303, 96)]
I1014 14:25:01.427001  7750 work_detect.cpp:86] Detected bbox: [108 x 123 from (363, 225)]
I1014 14:25:01.427032  7750 work_detect.cpp:120] Succeeded to add det end for frame 108
I1014 14:25:01.427048  7750 work_thread.hpp:81]  [T-Work-Detect_0] Run work: WrokTrack
I1014 14:25:01.427073  7750 work_track.cpp:82] Frame: 108 build input_characts: [0.307813 x 0.647222 from (0.473437, 0.266667)], 1.00019, 0
I1014 14:25:01.427125  7750 work_track.cpp:82] Frame: 108 build input_characts: [0.16875 x 0.341667 from (0.567187, 0.625)], 0.909375, 1
I1014 14:25:01.427160  7750 work_track.cpp:102] Succeeded to set track lock for frame 108
I1014 14:25:01.427206  7750 work_track.cpp:116] Succeeded to release track lock for frame 108
I1014 14:25:01.427220  7750 work_track.cpp:120] Track results of frame 108: 2 objects input, 1 objects tracked!
I1014 14:25:01.427238  7750 work_track.cpp:148] Frame: 108, track bbox: [197 x 233 from (303.898, 95.8081)], gid: 0, lid: 0
I1014 14:25:01.427273  7750 work_track.cpp:162] Frame: 108 lid: 1 not tracked, will set invalid
I1014 14:25:01.427289  7750 work_thread.hpp:87]  [T-Work-Detect_0] Frame :108 split
I1014 14:25:01.427305  7750 work_thread.hpp:119]  [T-Work-Detect_0] Valid piece: gid = 0
I1014 14:25:01.427323  7750 work_thread.hpp:123]  [T-Work-Detect_0] Invalid piece: lid = 1, drop it
I1014 14:25:01.427338  7750 work_thread.hpp:91]  [T-Work-Detect_0] Push to split queue:recog
I1014 14:25:01.427381  7751 work_thread.hpp:81]  [T-Work-Recog_0] Run work: WorkCapture
I1014 14:25:01.427390  7753 thread_intergrate.hpp:78] [T-Intergrate-intergrate] queue: frame output frame :108
I1014 14:25:01.427415  7753 thread_intergrate.hpp:85] [T-Intergrate-intergrate] queue: compare output face:0
I1014 14:25:01.427433  7753 thread_intergrate.hpp:137] T-Intergrate-intergrate set matched face: 0
I1014 14:25:01.428079  7751 work_thread.hpp:81]  [T-Work-Recog_0] Run work: WorkRecog
I1014 14:25:01.428108  7751 work_recog.hpp:89] Face id: 0 will run recog: bbox [197 x 233 from (303, 96)] quality: 0.396562
I1014 14:25:01.428371  7751 work_recog.hpp:96] Recog pair: [280 x 312 from (264, 48)], [197 x 233 from (39, 48)]
I1014 14:25:01.429072  7753 thread_intergrate.hpp:157] T-Intergrate-intergrate Show face :0, size :640 * 360
I1014 14:25:01.429636  7749 demo_inner.hpp:435] thread [SORT-0]  frame id 108 sorting queue size 1   FPS: 29.9166
I1014 14:25:01.441589  7748 demo_inner.hpp:260]  gui queue size 1, state = running
I1014 14:25:01.447168  7751 work_thread.hpp:81]  [T-Work-Recog_0] Run work: WorkCompare
I1014 14:25:01.447803  7751 work_compare.cpp:76] Compare face: 0 successed, similarity :0.979082, name : images/ThangLMb.jpg, normal size : 1548 * 1719!
I1014 14:25:01.449986  7747 demo_inner.hpp:177] decode queue size 0
I1014 14:25:01.450050  7750 work_thread.hpp:81]  [T-Work-Detect_0] Run work: WorkDetect
I1014 14:25:01.450084  7750 work_detect.cpp:102] Succeeded to add det start for frame 109
I1014 14:25:01.457206  7750 work_detect.cpp:70] Frame :109 detect result :2 face(s)
I1014 14:25:01.457249  7750 work_detect.cpp:86] Detected bbox: [196 x 233 from (304, 96)]
I1014 14:25:01.457281  7750 work_detect.cpp:86] Detected bbox: [118 x 134 from (358, 220)]
I1014 14:25:01.457312  7750 work_detect.cpp:120] Succeeded to add det end for frame 109
I1014 14:25:01.457329  7750 work_thread.hpp:81]  [T-Work-Detect_0] Run work: WrokTrack
I1014 14:25:01.457352  7750 work_track.cpp:82] Frame: 109 build input_characts: [0.30625 x 0.647222 from (0.475, 0.266667)], 1.00019, 0
I1014 14:25:01.457406  7750 work_track.cpp:82] Frame: 109 build input_characts: [0.184375 x 0.372222 from (0.559375, 0.611111)], 0.920305, 1
I1014 14:25:01.457442  7750 work_track.cpp:102] Succeeded to set track lock for frame 109
I1014 14:25:01.457489  7750 work_track.cpp:116] Succeeded to release track lock for frame 109
I1014 14:25:01.457504  7750 work_track.cpp:120] Track results of frame 109: 2 objects input, 1 objects tracked!
I1014 14:25:01.457521  7750 work_track.cpp:148] Frame: 109, track bbox: [196 x 233 from (304.668, 96.0942)], gid: 0, lid: 0
I1014 14:25:01.457556  7750 work_track.cpp:162] Frame: 109 lid: 1 not tracked, will set invalid
I1014 14:25:01.457571  7750 work_thread.hpp:87]  [T-Work-Detect_0] Frame :109 split
I1014 14:25:01.457588  7750 work_thread.hpp:119]  [T-Work-Detect_0] Valid piece: gid = 0
I1014 14:25:01.457607  7750 work_thread.hpp:123]  [T-Work-Detect_0] Invalid piece: lid = 1, drop it
I1014 14:25:01.457621  7750 work_thread.hpp:91]  [T-Work-Detect_0] Push to split queue:recog
I1014 14:25:01.457669  7751 work_thread.hpp:81]  [T-Work-Recog_0] Run work: WorkCapture
I1014 14:25:01.457679  7753 thread_intergrate.hpp:78] [T-Intergrate-intergrate] queue: frame output frame :109
I1014 14:25:01.457703  7753 thread_intergrate.hpp:85] [T-Intergrate-intergrate] queue: compare output face:0
I1014 14:25:01.457722  7753 thread_intergrate.hpp:137] T-Intergrate-intergrate set matched face: 0
I1014 14:25:01.458343  7751 work_thread.hpp:81]  [T-Work-Recog_0] Run work: WorkRecog
I1014 14:25:01.458369  7751 work_recog.hpp:89] Face id: 0 will run recog: bbox [196 x 233 from (304, 96)] quality: 0.42451
I1014 14:25:01.458401  7751 work_recog.hpp:96] Recog pair: [280 x 312 from (264, 48)], [196 x 233 from (40, 48)]
I1014 14:25:01.459326  7753 thread_intergrate.hpp:157] T-Intergrate-intergrate Show face :0, size :640 * 360
I1014 14:25:01.459872  7749 demo_inner.hpp:435] thread [SORT-0]  frame id 109 sorting queue size 0   FPS: 30.0049
I1014 14:25:01.476469  7751 work_thread.hpp:81]  [T-Work-Recog_0] Run work: WorkCompare
I1014 14:25:01.477103  7751 work_compare.cpp:76] Compare face: 0 successed, similarity :0.98612, name : images/ThangLMb.jpg, normal size : 1548 * 1719!
I1014 14:25:01.485664  7747 demo_inner.hpp:177] decode queue size 0
I1014 14:25:01.485775  7750 work_thread.hpp:81]  [T-Work-Detect_0] Run work: WorkDetect
I1014 14:25:01.485812  7750 work_detect.cpp:102] Succeeded to add det start for frame 110
I1014 14:25:01.492959  7750 work_detect.cpp:70] Frame :110 detect result :1 face(s)
I1014 14:25:01.493088  7750 work_detect.cpp:86] Detected bbox: [181 x 222 from (313, 129)]
I1014 14:25:01.493135  7750 work_detect.cpp:120] Succeeded to add det end for frame 110
I1014 14:25:01.493152  7750 work_thread.hpp:81]  [T-Work-Detect_0] Run work: WrokTrack
I1014 14:25:01.493177  7750 work_track.cpp:82] Frame: 110 build input_characts: [0.282813 x 0.616667 from (0.489062, 0.358333)], 0.997596, 0
I1014 14:25:01.493232  7750 work_track.cpp:102] Succeeded to set track lock for frame 110
I1014 14:25:01.493276  7750 work_track.cpp:116] Succeeded to release track lock for frame 110
I1014 14:25:01.493291  7750 work_track.cpp:120] Track results of frame 110: 1 objects input, 1 objects tracked!
I1014 14:25:01.493309  7750 work_track.cpp:148] Frame: 110, track bbox: [181 x 222 from (312.596, 115.927)], gid: 0, lid: 0
I1014 14:25:01.493346  7750 work_thread.hpp:87]  [T-Work-Detect_0] Frame :110 split
I1014 14:25:01.493364  7750 work_thread.hpp:119]  [T-Work-Detect_0] Valid piece: gid = 0
I1014 14:25:01.493382  7750 work_thread.hpp:91]  [T-Work-Detect_0] Push to split queue:recog
I1014 14:25:01.493436  7751 work_thread.hpp:81]  [T-Work-Recog_0] Run work: WorkCapture
I1014 14:25:01.493444  7753 thread_intergrate.hpp:78] [T-Intergrate-intergrate] queue: frame output frame :110
I1014 14:25:01.493470  7753 thread_intergrate.hpp:85] [T-Intergrate-intergrate] queue: compare output face:0
I1014 14:25:01.493489  7753 thread_intergrate.hpp:137] T-Intergrate-intergrate set matched face: 0
I1014 14:25:01.494312  7751 work_thread.hpp:81]  [T-Work-Recog_0] Run work: WorkRecog
I1014 14:25:01.494367  7751 work_recog.hpp:89] Face id: 0 will run recog: bbox [181 x 222 from (313, 129)] quality: 0.41559
I1014 14:25:01.494408  7751 work_recog.hpp:96] Recog pair: [264 x 280 from (272, 80)], [181 x 222 from (41, 49)]
I1014 14:25:01.495148  7753 thread_intergrate.hpp:157] T-Intergrate-intergrate Show face :0, size :640 * 360
I1014 14:25:01.495726  7749 demo_inner.hpp:435] thread [SORT-0]  frame id 110 sorting queue size 1   FPS: 29.9313
I1014 14:25:01.513095  7751 work_thread.hpp:81]  [T-Work-Recog_0] Run work: WorkCompare
I1014 14:25:01.513619  7751 work_compare.cpp:76] Compare face: 0 successed, similarity :0.994054, name : images/ThangLMb.jpg, normal size : 1548 * 1719!
I1014 14:25:01.515885  7747 demo_inner.hpp:177] decode queue size 0
I1014 14:25:01.515957  7750 work_thread.hpp:81]  [T-Work-Detect_0] Run work: WorkDetect
I1014 14:25:01.515991  7750 work_detect.cpp:102] Succeeded to add det start for frame 111
I1014 14:25:01.520197  7748 demo_inner.hpp:260]  gui queue size 1, state = running
I1014 14:25:01.523242  7750 work_detect.cpp:70] Frame :111 detect result :2 face(s)
I1014 14:25:01.523299  7750 work_detect.cpp:86] Detected bbox: [202 x 235 from (302, 92)]
I1014 14:25:01.523334  7750 work_detect.cpp:86] Detected bbox: [101 x 115 from (366, 230)]
I1014 14:25:01.523365  7750 work_detect.cpp:120] Succeeded to add det end for frame 111
I1014 14:25:01.523382  7750 work_thread.hpp:81]  [T-Work-Detect_0] Run work: WrokTrack
I1014 14:25:01.523407  7750 work_track.cpp:82] Frame: 111 build input_characts: [0.315625 x 0.652778 from (0.471875, 0.255556)], 0.997596, 0
I1014 14:25:01.523460  7750 work_track.cpp:82] Frame: 111 build input_characts: [0.157813 x 0.319444 from (0.571875, 0.638889)], 0.913488, 1
I1014 14:25:01.523495  7750 work_track.cpp:102] Succeeded to set track lock for frame 111
I1014 14:25:01.523543  7750 work_track.cpp:116] Succeeded to release track lock for frame 111
I1014 14:25:01.523558  7750 work_track.cpp:120] Track results of frame 111: 2 objects input, 1 objects tracked!
I1014 14:25:01.523576  7750 work_track.cpp:148] Frame: 111, track bbox: [202 x 235 from (302.081, 104.084)], gid: 0, lid: 0
