I1014 10:58:32.728600  4576 thread_intergrate.hpp:85] [T-Intergrate-intergrate] queue: compare output face:0
I1014 10:58:32.728618  4576 thread_intergrate.hpp:138] T-Intergrate-intergrate set matched face: 0
I1014 10:58:32.729184  4575 work_thread.hpp:81]  [T-Work-Recog_1] Run work: WorkRecog
I1014 10:58:32.729210  4575 work_recog.hpp:89] Face id: 0 will run recog: bbox [206 x 241 from (299, 92)] quality: 0.360953
I1014 10:58:32.729249  4575 work_recog.hpp:96] Recog pair: [296 x 320 from (256, 40)], [206 x 241 from (43, 52)]
I1014 10:58:32.729790  4576 thread_intergrate.hpp:158] T-Intergrate-intergrate Show face :0, size :640 * 360
I1014 10:58:32.730442  4572 demo_inner.hpp:435] thread [SORT-0]  frame id 23 sorting queue size 0   FPS: 29.8507
I1014 10:58:32.730513  4571 demo_inner.hpp:260]  gui queue size 0, state = running
I1014 10:58:32.748119  4575 work_thread.hpp:81]  [T-Work-Recog_1] Run work: WorkCompare
I1014 10:58:32.748265  4575 work_compare.cpp:76] Compare face: 0 successed, similarity :0.95494, name : images/thanglmb.jpg, normal size : 640 * 360!
I1014 10:58:32.756918  4570 demo_inner.hpp:177] decode queue size 0
I1014 10:58:32.757035  4573 work_thread.hpp:81]  [T-Work-Detect_0] Run work: WorkDetect
I1014 10:58:32.757071  4573 work_detect.cpp:102] Succeeded to add det start for frame 24
I1014 10:58:32.763954  4573 work_detect.cpp:70] Frame :24 detect result :1 face(s)
I1014 10:58:32.764001  4573 work_detect.cpp:86] Detected bbox: [194 x 239 from (307, 120)]
I1014 10:58:32.764044  4573 work_detect.cpp:120] Succeeded to add det end for frame 24
I1014 10:58:32.764060  4573 work_thread.hpp:81]  [T-Work-Detect_0] Run work: WrokTrack
I1014 10:58:32.764086  4573 work_track.cpp:82] Frame: 24 build input_characts: [0.303125 x 0.663889 from (0.479688, 0.333333)], 1.00019, 0
I1014 10:58:32.764139  4573 work_track.cpp:102] Succeeded to set track lock for frame 24
I1014 10:58:32.764192  4573 work_track.cpp:116] Succeeded to release track lock for frame 24
I1014 10:58:32.764209  4573 work_track.cpp:120] Track results of frame 24: 1 objects input, 1 objects tracked!
I1014 10:58:32.764225  4573 work_track.cpp:148] Frame: 24, track bbox: [194 x 239 from (302.833, 102.523)], gid: 0, lid: 0
I1014 10:58:32.764261  4573 work_thread.hpp:88]  [T-Work-Detect_0] Frame :24 split
I1014 10:58:32.764279  4573 work_thread.hpp:120]  [T-Work-Detect_0] Valid piece: gid = 0
I1014 10:58:32.764297  4573 work_thread.hpp:92]  [T-Work-Detect_0] Push to split queue:recog
I1014 10:58:32.764341  4574 work_thread.hpp:81]  [T-Work-Recog_0] Run work: WorkCapture
I1014 10:58:32.764349  4576 thread_intergrate.hpp:78] [T-Intergrate-intergrate] queue: frame output frame :24
I1014 10:58:32.764374  4576 thread_intergrate.hpp:85] [T-Intergrate-intergrate] queue: compare output face:0
I1014 10:58:32.764392  4576 thread_intergrate.hpp:138] T-Intergrate-intergrate set matched face: 0
I1014 10:58:32.764907  4574 work_thread.hpp:81]  [T-Work-Recog_0] Run work: WorkRecog
I1014 10:58:32.764932  4574 work_recog.hpp:89] Face id: 0 will run recog: bbox [194 x 239 from (307, 120)] quality: 0.473796
I1014 10:58:32.764962  4574 work_recog.hpp:96] Recog pair: [280 x 288 from (264, 72)], [194 x 239 from (43, 48)]
I1014 10:58:32.765573  4576 thread_intergrate.hpp:158] T-Intergrate-intergrate Show face :0, size :640 * 360
I1014 10:58:32.766043  4572 demo_inner.hpp:435] thread [SORT-0]  frame id 24 sorting queue size 0   FPS: 29.7542
I1014 10:58:32.766119  4571 demo_inner.hpp:260]  gui queue size 0, state = running
I1014 10:58:32.782958  4574 work_thread.hpp:81]  [T-Work-Recog_0] Run work: WorkCompare
I1014 10:58:32.783147  4574 work_compare.cpp:76] Compare face: 0 successed, similarity :0.978462, name : images/thanglmb.jpg, normal size : 640 * 360!
I1014 10:58:32.792817  4570 demo_inner.hpp:177] decode queue size 0
I1014 10:58:32.792932  4573 work_thread.hpp:81]  [T-Work-Detect_0] Run work: WorkDetect
I1014 10:58:32.792968  4573 work_detect.cpp:102] Succeeded to add det start for frame 25
I1014 10:58:32.799811  4573 work_detect.cpp:70] Frame :25 detect result :1 face(s)
I1014 10:58:32.799857  4573 work_detect.cpp:86] Detected bbox: [205 x 237 from (300, 95)]
I1014 10:58:32.799901  4573 work_detect.cpp:120] Succeeded to add det end for frame 25
I1014 10:58:32.799916  4573 work_thread.hpp:81]  [T-Work-Detect_0] Run work: WrokTrack
I1014 10:58:32.799942  4573 work_track.cpp:82] Frame: 25 build input_characts: [0.320312 x 0.658333 from (0.46875, 0.263889)], 1.00019, 0
I1014 10:58:32.799998  4573 work_track.cpp:102] Succeeded to set track lock for frame 25
I1014 10:58:32.800037  4573 work_track.cpp:116] Succeeded to release track lock for frame 25
I1014 10:58:32.800052  4573 work_track.cpp:120] Track results of frame 25: 1 objects input, 1 objects tracked!
I1014 10:58:32.800071  4573 work_track.cpp:148] Frame: 25, track bbox: [205 x 237 from (300.966, 104.438)], gid: 0, lid: 0
I1014 10:58:32.800107  4573 work_thread.hpp:88]  [T-Work-Detect_0] Frame :25 split
I1014 10:58:32.800124  4573 work_thread.hpp:120]  [T-Work-Detect_0] Valid piece: gid = 0
I1014 10:58:32.800143  4573 work_thread.hpp:92]  [T-Work-Detect_0] Push to split queue:recog
I1014 10:58:32.800204  4574 work_thread.hpp:81]  [T-Work-Recog_0] Run work: WorkCapture
I1014 10:58:32.800508  4576 thread_intergrate.hpp:78] [T-Intergrate-intergrate] queue: frame output frame :25
I1014 10:58:32.800536  4576 thread_intergrate.hpp:85] [T-Intergrate-intergrate] queue: compare output face:0
I1014 10:58:32.800554  4576 thread_intergrate.hpp:138] T-Intergrate-intergrate set matched face: 0
I1014 10:58:32.800753  4574 work_thread.hpp:81]  [T-Work-Recog_0] Run work: WorkRecog
I1014 10:58:32.800776  4574 work_recog.hpp:89] Face id: 0 will run recog: bbox [205 x 237 from (300, 95)] quality: 0.396341
I1014 10:58:32.800804  4574 work_recog.hpp:96] Recog pair: [296 x 312 from (256, 48)], [205 x 237 from (44, 47)]
I1014 10:58:32.801733  4576 thread_intergrate.hpp:158] T-Intergrate-intergrate Show face :0, size :640 * 360
I1014 10:58:32.802633  4572 demo_inner.hpp:435] thread [SORT-0]  frame id 25 sorting queue size 0   FPS: 29.6663
I1014 10:58:32.802755  4571 demo_inner.hpp:260]  gui queue size 0, state = running
I1014 10:58:32.818822  4574 work_thread.hpp:81]  [T-Work-Recog_0] Run work: WorkCompare
I1014 10:58:32.818931  4574 work_compare.cpp:76] Compare face: 0 successed, similarity :0.955324, name : images/thanglmb.jpg, normal size : 640 * 360!
I1014 10:58:32.823364  4570 demo_inner.hpp:177] decode queue size 0
I1014 10:58:32.823444  4573 work_thread.hpp:81]  [T-Work-Detect_0] Run work: WorkDetect
I1014 10:58:32.823477  4573 work_detect.cpp:102] Succeeded to add det start for frame 26
I1014 10:58:32.830302  4573 work_detect.cpp:70] Frame :26 detect result :1 face(s)
I1014 10:58:32.830344  4573 work_detect.cpp:86] Detected bbox: [185 x 232 from (311, 122)]
I1014 10:58:32.830389  4573 work_detect.cpp:120] Succeeded to add det end for frame 26
I1014 10:58:32.830404  4573 work_thread.hpp:81]  [T-Work-Detect_0] Run work: WrokTrack
I1014 10:58:32.830430  4573 work_track.cpp:82] Frame: 26 build input_characts: [0.289062 x 0.644444 from (0.485938, 0.338889)], 1.00019, 0
I1014 10:58:32.830487  4573 work_track.cpp:102] Succeeded to set track lock for frame 26
I1014 10:58:32.830525  4573 work_track.cpp:116] Succeeded to release track lock for frame 26
I1014 10:58:32.830540  4573 work_track.cpp:120] Track results of frame 26: 1 objects input, 1 objects tracked!
I1014 10:58:32.830557  4573 work_track.cpp:148] Frame: 26, track bbox: [185 x 232 from (311.417, 115.902)], gid: 0, lid: 0
I1014 10:58:32.830593  4573 work_thread.hpp:88]  [T-Work-Detect_0] Frame :26 split
I1014 10:58:32.830687  4573 work_thread.hpp:120]  [T-Work-Detect_0] Valid piece: gid = 0
I1014 10:58:32.830706  4573 work_thread.hpp:92]  [T-Work-Detect_0] Push to split queue:recog
I1014 10:58:32.830751  4574 work_thread.hpp:81]  [T-Work-Recog_0] Run work: WorkCapture
I1014 10:58:32.831054  4576 thread_intergrate.hpp:78] [T-Intergrate-intergrate] queue: frame output frame :26
I1014 10:58:32.831081  4576 thread_intergrate.hpp:85] [T-Intergrate-intergrate] queue: compare output face:0
I1014 10:58:32.831099  4576 thread_intergrate.hpp:138] T-Intergrate-intergrate set matched face: 0
I1014 10:58:32.831303  4574 work_thread.hpp:81]  [T-Work-Recog_0] Run work: WorkRecog
I1014 10:58:32.831326  4574 work_recog.hpp:89] Face id: 0 will run recog: bbox [185 x 232 from (311, 122)] quality: 0.46766
I1014 10:58:32.831357  4574 work_recog.hpp:96] Recog pair: [264 x 288 from (272, 72)], [185 x 232 from (39, 50)]
I1014 10:58:32.832455  4576 thread_intergrate.hpp:158] T-Intergrate-intergrate Show face :0, size :640 * 360
I1014 10:58:32.833011  4572 demo_inner.hpp:435] thread [SORT-0]  frame id 26 sorting queue size 0   FPS: 29.7619
I1014 10:58:32.848987  4574 work_thread.hpp:81]  [T-Work-Recog_0] Run work: WorkCompare
I1014 10:58:32.849092  4574 work_compare.cpp:76] Compare face: 0 successed, similarity :0.966975, name : images/thanglmb.jpg, normal size : 640 * 360!
I1014 10:58:32.851788  4571 demo_inner.hpp:260]  gui queue size 0, state = running
I1014 10:58:32.861954  4570 demo_inner.hpp:177] decode queue size 0
I1014 10:58:32.862051  4573 work_thread.hpp:81]  [T-Work-Detect_0] Run work: WorkDetect
I1014 10:58:32.862087  4573 work_detect.cpp:102] Succeeded to add det start for frame 27
I1014 10:58:32.868875  4573 work_detect.cpp:70] Frame :27 detect result :1 face(s)
I1014 10:58:32.868924  4573 work_detect.cpp:86] Detected bbox: [193 x 223 from (306, 104)]
I1014 10:58:32.868968  4573 work_detect.cpp:120] Succeeded to add det end for frame 27
I1014 10:58:32.868985  4573 work_thread.hpp:81]  [T-Work-Detect_0] Run work: WrokTrack
I1014 10:58:32.869011  4573 work_track.cpp:82] Frame: 27 build input_characts: [0.301562 x 0.619444 from (0.478125, 0.288889)], 0.999622, 0
I1014 10:58:32.869066  4573 work_track.cpp:102] Succeeded to set track lock for frame 27
I1014 10:58:32.869105  4573 work_track.cpp:116] Succeeded to release track lock for frame 27
I1014 10:58:32.869120  4573 work_track.cpp:120] Track results of frame 27: 1 objects input, 1 objects tracked!
I1014 10:58:32.869138  4573 work_track.cpp:148] Frame: 27, track bbox: [193 x 223 from (306.558, 115.076)], gid: 0, lid: 0
I1014 10:58:32.869174  4573 work_thread.hpp:88]  [T-Work-Detect_0] Frame :27 split
I1014 10:58:32.869191  4573 work_thread.hpp:120]  [T-Work-Detect_0] Valid piece: gid = 0
I1014 10:58:32.869210  4573 work_thread.hpp:92]  [T-Work-Detect_0] Push to split queue:recog
I1014 10:58:32.869268  4574 work_thread.hpp:81]  [T-Work-Recog_0] Run work: WorkCapture
I1014 10:58:32.869580  4576 thread_intergrate.hpp:78] [T-Intergrate-intergrate] queue: frame output frame :27
I1014 10:58:32.869606  4576 thread_intergrate.hpp:85] [T-Intergrate-intergrate] queue: compare output face:0
I1014 10:58:32.869626  4576 thread_intergrate.hpp:138] T-Intergrate-intergrate set matched face: 0
I1014 10:58:32.869838  4574 work_thread.hpp:81]  [T-Work-Recog_0] Run work: WorkRecog
I1014 10:58:32.869863  4574 work_recog.hpp:89] Face id: 0 will run recog: bbox [193 x 223 from (306, 104)] quality: 0.38547
I1014 10:58:32.869890  4574 work_recog.hpp:96] Recog pair: [280 x 304 from (264, 56)], [193 x 223 from (42, 48)]
I1014 10:58:32.870801  4576 thread_intergrate.hpp:158] T-Intergrate-intergrate Show face :0, size :640 * 360
I1014 10:58:32.871320  4572 demo_inner.hpp:435] thread [SORT-0]  frame id 27 sorting queue size 0   FPS: 29.6128
I1014 10:58:32.887928  4574 work_thread.hpp:81]  [T-Work-Recog_0] Run work: WorkCompare
I1014 10:58:32.888037  4574 work_compare.cpp:76] Compare face: 0 successed, similarity :0.926294, name : images/thanglmb.jpg, normal size : 640 * 360!
I1014 10:58:32.890141  4570 demo_inner.hpp:177] decode queue size 0
I1014 10:58:32.890239  4573 work_thread.hpp:81]  [T-Work-Detect_0] Run work: WorkDetect
I1014 10:58:32.890274  4573 work_detect.cpp:102] Succeeded to add det start for frame 28
I1014 10:58:32.897044  4573 work_detect.cpp:70] Frame :28 detect result :1 face(s)
I1014 10:58:32.897092  4573 work_detect.cpp:86] Detected bbox: [179 x 224 from (310, 128)]
I1014 10:58:32.897135  4573 work_detect.cpp:120] Succeeded to add det end for frame 28
I1014 10:58:32.897151  4573 work_thread.hpp:81]  [T-Work-Detect_0] Run work: WrokTrack
I1014 10:58:32.897176  4573 work_track.cpp:82] Frame: 28 build input_characts: [0.279687 x 0.622222 from (0.484375, 0.355556)], 1.00019, 0
I1014 10:58:32.897233  4573 work_track.cpp:102] Succeeded to set track lock for frame 28
I1014 10:58:32.897270  4573 work_track.cpp:116] Succeeded to release track lock for frame 28
I1014 10:58:32.897284  4573 work_track.cpp:120] Track results of frame 28: 1 objects input, 1 objects tracked!
I1014 10:58:32.897302  4573 work_track.cpp:148] Frame: 28, track bbox: [179 x 224 from (311.672, 120.925)], gid: 0, lid: 0
I1014 10:58:32.897337  4573 work_thread.hpp:88]  [T-Work-Detect_0] Frame :28 split
I1014 10:58:32.897354  4573 work_thread.hpp:120]  [T-Work-Detect_0] Valid piece: gid = 0
I1014 10:58:32.897372  4573 work_thread.hpp:92]  [T-Work-Detect_0] Push to split queue:recog
I1014 10:58:32.897430  4574 work_thread.hpp:81]  [T-Work-Recog_0] Run work: WorkCapture
I1014 10:58:32.897732  4576 thread_intergrate.hpp:78] [T-Intergrate-intergrate] queue: frame output frame :28
I1014 10:58:32.897758  4576 thread_intergrate.hpp:85] [T-Intergrate-intergrate] queue: compare output face:0
I1014 10:58:32.897778  4576 thread_intergrate.hpp:138] T-Intergrate-intergrate set matched face: 0
I1014 10:58:32.897991  4574 work_thread.hpp:81]  [T-Work-Recog_0] Run work: WorkRecog
I1014 10:58:32.898015  4574 work_recog.hpp:89] Face id: 0 will run recog: bbox [179 x 224 from (310, 128)] quality: 0.396026
I1014 10:58:32.898044  4574 work_recog.hpp:96] Recog pair: [256 x 280 from (272, 80)], [179 x 224 from (38, 48)]
I1014 10:58:32.899097  4576 thread_intergrate.hpp:158] T-Intergrate-intergrate Show face :0, size :640 * 360
I1014 10:58:32.899636  4572 demo_inner.hpp:435] thread [SORT-0]  frame id 28 sorting queue size 1   FPS: 29.7685
I1014 10:58:32.915622  4574 work_thread.hpp:81]  [T-Work-Recog_0] Run work: WorkCompare
I1014 10:58:32.915724  4574 work_compare.cpp:76] Compare face: 0 successed, similarity :0.979184, name : images/thanglmb.jpg, normal size : 640 * 360!
I1014 10:58:32.919291  4571 demo_inner.hpp:260]  gui queue size 1, state = running
I1014 10:58:32.926132  4570 demo_inner.hpp:177] decode queue size 0
I1014 10:58:32.926229  4573 work_thread.hpp:81]  [T-Work-Detect_0] Run work: WorkDetect
I1014 10:58:32.926262  4573 work_detect.cpp:102] Succeeded to add det start for frame 29
I1014 10:58:32.933087  4573 work_detect.cpp:70] Frame :29 detect result :1 face(s)
I1014 10:58:32.933132  4573 work_detect.cpp:86] Detected bbox: [178 x 225 from (309, 124)]
I1014 10:58:32.933174  4573 work_detect.cpp:120] Succeeded to add det end for frame 29
I1014 10:58:32.933190  4573 work_thread.hpp:81]  [T-Work-Detect_0] Run work: WrokTrack
I1014 10:58:32.933215  4573 work_track.cpp:82] Frame: 29 build input_characts: [0.278125 x 0.625 from (0.482812, 0.344444)], 1.00019, 0
I1014 10:58:32.933270  4573 work_track.cpp:102] Succeeded to set track lock for frame 29
I1014 10:58:32.933310  4573 work_track.cpp:116] Succeeded to release track lock for frame 29
I1014 10:58:32.933323  4573 work_track.cpp:120] Track results of frame 29: 1 objects input, 1 objects tracked!
I1014 10:58:32.933341  4573 work_track.cpp:148] Frame: 29, track bbox: [178 x 225 from (309.817, 121.004)], gid: 0, lid: 0
I1014 10:58:32.933377  4573 work_thread.hpp:88]  [T-Work-Detect_0] Frame :29 split
I1014 10:58:32.933394  4573 work_thread.hpp:120]  [T-Work-Detect_0] Valid piece: gid = 0
I1014 10:58:32.933413  4573 work_thread.hpp:92]  [T-Work-Detect_0] Push to split queue:recog
I1014 10:58:32.933532  4574 work_thread.hpp:81]  [T-Work-Recog_0] Run work: WorkCapture
I1014 10:58:32.933833  4576 thread_intergrate.hpp:78] [T-Intergrate-intergrate] queue: frame output frame :29
I1014 10:58:32.933861  4576 thread_intergrate.hpp:85] [T-Intergrate-intergrate] queue: compare output face:0
I1014 10:58:32.933879  4576 thread_intergrate.hpp:138] T-Intergrate-intergrate set matched face: 0
I1014 10:58:32.934162  4574 work_thread.hpp:81]  [T-Work-Recog_0] Run work: WorkRecog
I1014 10:58:32.934186  4574 work_recog.hpp:89] Face id: 0 will run recog: bbox [178 x 225 from (309, 124)] quality: 0.37357
I1014 10:58:32.934216  4574 work_recog.hpp:96] Recog pair: [256 x 288 from (272, 72)], [178 x 225 from (37, 52)]
I1014 10:58:32.935209  4576 thread_intergrate.hpp:158] T-Intergrate-intergrate Show face :0, size :640 * 360
I1014 10:58:32.935725  4572 demo_inner.hpp:435] thread [SORT-0]  frame id 29 sorting queue size 0   FPS: 29.6925
I1014 10:58:32.951875  4574 work_thread.hpp:81]  [T-Work-Recog_0] Run work: WorkCompare
I1014 10:58:32.951987  4574 work_compare.cpp:76] Compare face: 0 successed, similarity :0.974833, name : images/thanglmb.jpg, normal size : 640 * 360!
I1014 10:58:32.955368  4570 demo_inner.hpp:177] decode queue size 0
I1014 10:58:32.955452  4573 work_thread.hpp:81]  [T-Work-Detect_0] Run work: WorkDetect
I1014 10:58:32.955487  4573 work_detect.cpp:102] Succeeded to add det start for frame 30
I1014 10:58:32.962373  4573 work_detect.cpp:70] Frame :30 detect result :1 face(s)
I1014 10:58:32.962419  4573 work_detect.cpp:86] Detected bbox: [173 x 222 from (310, 123)]
I1014 10:58:32.962461  4573 work_detect.cpp:120] Succeeded to add det end for frame 30
I1014 10:58:32.962477  4573 work_thread.hpp:81]  [T-Work-Detect_0] Run work: WrokTrack
I1014 10:58:32.962502  4573 work_track.cpp:82] Frame: 30 build input_characts: [0.270312 x 0.616667 from (0.484375, 0.341667)], 1.00019, 0
I1014 10:58:32.962556  4573 work_track.cpp:102] Succeeded to set track lock for frame 30
I1014 10:58:32.962595  4573 work_track.cpp:116] Succeeded to release track lock for frame 30
I1014 10:58:32.962610  4573 work_track.cpp:120] Track results of frame 30: 1 objects input, 1 objects tracked!
I1014 10:58:32.962627  4573 work_track.cpp:148] Frame: 30, track bbox: [173 x 222 from (310.375, 127.338)], gid: 0, lid: 0
I1014 10:58:32.962663  4573 work_thread.hpp:88]  [T-Work-Detect_0] Frame :30 split
I1014 10:58:32.962680  4573 work_thread.hpp:120]  [T-Work-Detect_0] Valid piece: gid = 0
I1014 10:58:32.962698  4573 work_thread.hpp:92]  [T-Work-Detect_0] Push to split queue:recog
I1014 10:58:32.962743  4575 work_thread.hpp:81]  [T-Work-Recog_1] Run work: WorkCapture
I1014 10:58:32.962745  4576 thread_intergrate.hpp:78] [T-Intergrate-intergrate] queue: frame output frame :30
I1014 10:58:32.962791  4576 thread_intergrate.hpp:85] [T-Intergrate-intergrate] queue: compare output face:0
I1014 10:58:32.962811  4576 thread_intergrate.hpp:138] T-Intergrate-intergrate set matched face: 0
I1014 10:58:32.963346  4575 work_thread.hpp:81]  [T-Work-Recog_1] Run work: WorkRecog
I1014 10:58:32.963380  4575 work_recog.hpp:89] Face id: 0 will run recog: bbox [173 x 222 from (310, 123)] quality: 0.33322
I1014 10:58:32.963465  4575 work_recog.hpp:96] Recog pair: [248 x 288 from (272, 72)], [173 x 222 from (38, 51)]
I1014 10:58:32.963982  4576 thread_intergrate.hpp:158] T-Intergrate-intergrate Show face :0, size :640 * 360
I1014 10:58:32.964705  4572 demo_inner.hpp:435] thread [SORT-0]  frame id 30 sorting queue size 1   FPS: 29.8354
I1014 10:58:32.981935  4575 work_thread.hpp:81]  [T-Work-Recog_1] Run work: WorkCompare
I1014 10:58:32.982120  4575 work_compare.cpp:76] Compare face: 0 successed, similarity :0.991594, name : images/thanglmb.jpg, normal size : 640 * 360!
I1014 10:58:32.991883  4570 demo_inner.hpp:177] decode queue size 0
I1014 10:58:32.992002  4573 work_thread.hpp:81]  [T-Work-Detect_0] Run work: WorkDetect
I1014 10:58:32.992034  4573 work_detect.cpp:102] Succeeded to add det start for frame 31
I1014 10:58:32.997274  4571 demo_inner.hpp:260]  gui queue size 1, state = running
I1014 10:58:32.998885  4573 work_detect.cpp:70] Frame :31 detect result :1 face(s)
I1014 10:58:32.998940  4573 work_detect.cpp:86] Detected bbox: [170 x 218 from (311, 126)]
I1014 10:58:32.998988  4573 work_detect.cpp:120] Succeeded to add det end for frame 31
I1014 10:58:32.999004  4573 work_thread.hpp:81]  [T-Work-Detect_0] Run work: WrokTrack
I1014 10:58:32.999032  4573 work_track.cpp:82] Frame: 31 build input_characts: [0.265625 x 0.605556 from (0.485938, 0.35)], 1.00019, 0
I1014 10:58:32.999094  4573 work_track.cpp:102] Succeeded to set track lock for frame 31
I1014 10:58:32.999137  4573 work_track.cpp:116] Succeeded to release track lock for frame 31
I1014 10:58:32.999152  4573 work_track.cpp:120] Track results of frame 31: 1 objects input, 1 objects tracked!
I1014 10:58:32.999171  4573 work_track.cpp:148] Frame: 31, track bbox: [170 x 218 from (310.263, 126.811)], gid: 0, lid: 0
I1014 10:58:32.999208  4573 work_thread.hpp:88]  [T-Work-Detect_0] Frame :31 split
I1014 10:58:32.999227  4573 work_thread.hpp:120]  [T-Work-Detect_0] Valid piece: gid = 0
I1014 10:58:32.999246  4573 work_thread.hpp:92]  [T-Work-Detect_0] Push to split queue:recog
I1014 10:58:32.999315  4576 thread_intergrate.hpp:78] [T-Intergrate-intergrate] queue: frame output frame :31
I1014 10:58:32.999347  4576 thread_intergrate.hpp:85] [T-Intergrate-intergrate] queue: compare output face:0
I1014 10:58:32.999366  4576 thread_intergrate.hpp:138] T-Intergrate-intergrate set matched face: 0
I1014 10:58:32.999517  4575 work_thread.hpp:81]  [T-Work-Recog_1] Run work: WorkCapture
I1014 10:58:33.000296  4575 work_thread.hpp:81]  [T-Work-Recog_1] Run work: WorkRecog
I1014 10:58:33.000329  4575 work_recog.hpp:89] Face id: 0 will run recog: bbox [170 x 218 from (311, 126)] quality: 0.333212
I1014 10:58:33.000367  4575 work_recog.hpp:96] Recog pair: [248 x 280 from (272, 80)], [170 x 218 from (39, 46)]
I1014 10:58:33.000849  4576 thread_intergrate.hpp:158] T-Intergrate-intergrate Show face :0, size :640 * 360
I1014 10:58:33.001392  4572 demo_inner.hpp:435] thread [SORT-0]  frame id 31 sorting queue size 0   FPS: 29.7619
I1014 10:58:33.018342  4575 work_thread.hpp:81]  [T-Work-Recog_1] Run work: WorkCompare
I1014 10:58:33.018498  4575 work_compare.cpp:76] Compare face: 0 successed, similarity :0.953828, name : images/thanglmb.jpg, normal size : 640 * 360!
I1014 10:58:33.027554  4570 demo_inner.hpp:177] decode queue size 0
I1014 10:58:33.027657  4573 work_thread.hpp:81]  [T-Work-Detect_0] Run work: WorkDetect
I1014 10:58:33.027689  4573 work_detect.cpp:102] Succeeded to add det start for frame 32
I1014 10:58:33.034482  4573 work_detect.cpp:70] Frame :32 detect result :1 face(s)
I1014 10:58:33.034525  4573 work_detect.cpp:86] Detected bbox: [167 x 212 from (312, 130)]
I1014 10:58:33.034567  4573 work_detect.cpp:120] Succeeded to add det end for frame 32
I1014 10:58:33.034584  4573 work_thread.hpp:81]  [T-Work-Detect_0] Run work: WrokTrack
I1014 10:58:33.034607  4573 work_track.cpp:82] Frame: 32 build input_characts: [0.260938 x 0.588889 from (0.4875, 0.361111)], 0.999622, 0
I1014 10:58:33.034663  4573 work_track.cpp:102] Succeeded to set track lock for frame 32
I1014 10:58:33.034701  4573 work_track.cpp:116] Succeeded to release track lock for frame 32
I1014 10:58:33.034716  4573 work_track.cpp:120] Track results of frame 32: 1 objects input, 1 objects tracked!
I1014 10:58:33.034734  4573 work_track.cpp:148] Frame: 32, track bbox: [167 x 212 from (311.151, 132.905)], gid: 0, lid: 0
I1014 10:58:33.034771  4573 work_thread.hpp:88]  [T-Work-Detect_0] Frame :32 split
I1014 10:58:33.034788  4573 work_thread.hpp:120]  [T-Work-Detect_0] Valid piece: gid = 0
I1014 10:58:33.034806  4573 work_thread.hpp:92]  [T-Work-Detect_0] Push to split queue:recog
I1014 10:58:33.034853  4576 thread_intergrate.hpp:78] [T-Intergrate-intergrate] queue: frame output frame :32
I1014 10:58:33.034868  4575 work_thread.hpp:81]  [T-Work-Recog_1] Run work: WorkCapture
I1014 10:58:33.034880  4576 thread_intergrate.hpp:85] [T-Intergrate-intergrate] queue: compare output face:0
I1014 10:58:33.034973  4576 thread_intergrate.hpp:138] T-Intergrate-intergrate set matched face: 0
I1014 10:58:33.035506  4575 work_thread.hpp:81]  [T-Work-Recog_1] Run work: WorkRecog
I1014 10:58:33.035529  4575 work_recog.hpp:89] Face id: 0 will run recog: bbox [167 x 212 from (312, 130)] quality: 0.333227
I1014 10:58:33.035560  4575 work_recog.hpp:96] Recog pair: [240 x 272 from (272, 88)], [167 x 212 from (40, 42)]
I1014 10:58:33.036332  4576 thread_intergrate.hpp:158] T-Intergrate-intergrate Show face :0, size :640 * 360
I1014 10:58:33.036895  4572 demo_inner.hpp:435] thread [SORT-0]  frame id 32 sorting queue size 1   FPS: 29.6935
I1014 10:58:33.054206  4575 work_thread.hpp:81]  [T-Work-Recog_1] Run work: WorkCompare
I1014 10:58:33.054334  4575 work_compare.cpp:76] Compare face: 0 successed, similarity :0.98505, name : images/thanglmb.jpg, normal size : 640 * 360!
I1014 10:58:33.058140  4570 demo_inner.hpp:177] decode queue size 0
I1014 10:58:33.058230  4573 work_thread.hpp:81]  [T-Work-Detect_0] Run work: WorkDetect
I1014 10:58:33.058264  4573 work_detect.cpp:102] Succeeded to add det start for frame 33
I1014 10:58:33.065160  4573 work_detect.cpp:70] Frame :33 detect result :1 face(s)
I1014 10:58:33.065212  4573 work_detect.cpp:86] Detected bbox: [167 x 214 from (312, 129)]
I1014 10:58:33.065255  4573 work_detect.cpp:120] Succeeded to add det end for frame 33
I1014 10:58:33.065271  4573 work_thread.hpp:81]  [T-Work-Detect_0] Run work: WrokTrack
I1014 10:58:33.065296  4573 work_track.cpp:82] Frame: 33 build input_characts: [0.260938 x 0.594444 from (0.4875, 0.358333)], 1.00019, 0
I1014 10:58:33.065352  4573 work_track.cpp:102] Succeeded to set track lock for frame 33
I1014 10:58:33.065392  4573 work_track.cpp:116] Succeeded to release track lock for frame 33
I1014 10:58:33.065407  4573 work_track.cpp:120] Track results of frame 33: 1 objects input, 1 objects tracked!
I1014 10:58:33.065423  4573 work_track.cpp:148] Frame: 33, track bbox: [167 x 214 from (311.34, 127.791)], gid: 0, lid: 0
I1014 10:58:33.065459  4573 work_thread.hpp:88]  [T-Work-Detect_0] Frame :33 split
I1014 10:58:33.065477  4573 work_thread.hpp:120]  [T-Work-Detect_0] Valid piece: gid = 0
I1014 10:58:33.065496  4573 work_thread.hpp:92]  [T-Work-Detect_0] Push to split queue:recog
I1014 10:58:33.065543  4574 work_thread.hpp:81]  [T-Work-Recog_0] Run work: WorkCapture
I1014 10:58:33.065855  4576 thread_intergrate.hpp:78] [T-Intergrate-intergrate] queue: frame output frame :33
I1014 10:58:33.065883  4576 thread_intergrate.hpp:85] [T-Intergrate-intergrate] queue: compare output face:0
I1014 10:58:33.065903  4576 thread_intergrate.hpp:138] T-Intergrate-intergrate set matched face: 0
I1014 10:58:33.066179  4574 work_thread.hpp:81]  [T-Work-Recog_0] Run work: WorkRecog
I1014 10:58:33.066202  4574 work_recog.hpp:89] Face id: 0 will run recog: bbox [167 x 214 from (312, 129)] quality: 0.318187
I1014 10:58:33.066231  4574 work_recog.hpp:96] Recog pair: [240 x 280 from (272, 80)], [167 x 214 from (40, 49)]
I1014 10:58:33.067250  4576 thread_intergrate.hpp:158] T-Intergrate-intergrate Show face :0, size :640 * 360
I1014 10:58:33.067741  4572 demo_inner.hpp:435] thread [SORT-0]  frame id 33 sorting queue size 2   FPS: 29.7674
I1014 10:58:33.083813  4574 work_thread.hpp:81]  [T-Work-Recog_0] Run work: WorkCompare
I1014 10:58:33.083912  4574 work_compare.cpp:76] Compare face: 0 successed, similarity :0.986113, name : images/thanglmb.jpg, normal size : 640 * 360!
I1014 10:58:33.093904  4570 demo_inner.hpp:177] decode queue size 0
I1014 10:58:33.094046  4573 work_thread.hpp:81]  [T-Work-Detect_0] Run work: WorkDetect
I1014 10:58:33.094082  4573 work_detect.cpp:102] Succeeded to add det start for frame 34
I1014 10:58:33.100864  4573 work_detect.cpp:70] Frame :34 detect result :1 face(s)
I1014 10:58:33.100906  4573 work_detect.cpp:86] Detected bbox: [174 x 216 from (303, 130)]
I1014 10:58:33.100950  4573 work_detect.cpp:120] Succeeded to add det end for frame 34
I1014 10:58:33.100965  4573 work_thread.hpp:81]  [T-Work-Detect_0] Run work: WrokTrack
I1014 10:58:33.100988  4573 work_track.cpp:82] Frame: 34 build input_characts: [0.271875 x 0.6 from (0.473437, 0.361111)], 1.00035, 0
I1014 10:58:33.101120  4573 work_track.cpp:102] Succeeded to set track lock for frame 34
I1014 10:58:33.101161  4573 work_track.cpp:116] Succeeded to release track lock for frame 34
I1014 10:58:33.101176  4573 work_track.cpp:120] Track results of frame 34: 1 objects input, 1 objects tracked!
I1014 10:58:33.101194  4573 work_track.cpp:148] Frame: 34, track bbox: [174 x 216 from (305.138, 128.964)], gid: 0, lid: 0
I1014 10:58:33.101233  4573 work_thread.hpp:88]  [T-Work-Detect_0] Frame :34 split
I1014 10:58:33.101249  4573 work_thread.hpp:120]  [T-Work-Detect_0] Valid piece: gid = 0
I1014 10:58:33.101267  4573 work_thread.hpp:92]  [T-Work-Detect_0] Push to split queue:recog
I1014 10:58:33.101316  4574 work_thread.hpp:81]  [T-Work-Recog_0] Run work: WorkCapture
I1014 10:58:33.101615  4576 thread_intergrate.hpp:78] [T-Intergrate-intergrate] queue: frame output frame :34
I1014 10:58:33.101642  4576 thread_intergrate.hpp:85] [T-Intergrate-intergrate] queue: compare output face:0
I1014 10:58:33.101660  4576 thread_intergrate.hpp:138] T-Intergrate-intergrate set matched face: 0
I1014 10:58:33.101867  4574 work_thread.hpp:81]  [T-Work-Recog_0] Run work: WorkRecog
I1014 10:58:33.101889  4574 work_recog.hpp:89] Face id: 0 will run recog: bbox [174 x 216 from (303, 130)] quality: 0.360972
I1014 10:58:33.101917  4574 work_recog.hpp:96] Recog pair: [248 x 280 from (264, 80)], [174 x 216 from (39, 50)]
I1014 10:58:33.103027  4576 thread_intergrate.hpp:158] T-Intergrate-intergrate Show face :0, size :640 * 360
I1014 10:58:33.103379  4571 demo_inner.hpp:260]  gui queue size 2, state = running
I1014 10:58:33.103572  4572 demo_inner.hpp:435] thread [SORT-0]  frame id 34 sorting queue size 0   FPS: 29.703
I1014 10:58:33.119930  4574 work_thread.hpp:81]  [T-Work-Recog_0] Run work: WorkCompare
I1014 10:58:33.120039  4574 work_compare.cpp:76] Compare face: 0 successed, similarity :0.970077, name : images/thanglmb.jpg, normal size : 640 * 360!
I1014 10:58:33.123734  4570 demo_inner.hpp:177] decode queue size 0
I1014 10:58:33.123811  4573 work_thread.hpp:81]  [T-Work-Detect_0] Run work: WorkDetect
I1014 10:58:33.123842  4573 work_detect.cpp:102] Succeeded to add det start for frame 35
I1014 10:58:33.130750  4573 work_detect.cpp:70] Frame :35 detect result :1 face(s)
I1014 10:58:33.130797  4573 work_detect.cpp:86] Detected bbox: [173 x 222 from (305, 120)]
I1014 10:58:33.130842  4573 work_detect.cpp:120] Succeeded to add det end for frame 35
I1014 10:58:33.130858  4573 work_thread.hpp:81]  [T-Work-Detect_0] Run work: WrokTrack
I1014 10:58:33.130882  4573 work_track.cpp:82] Frame: 35 build input_characts: [0.270312 x 0.616667 from (0.476562, 0.333333)], 0.999622, 0
I1014 10:58:33.130939  4573 work_track.cpp:102] Succeeded to set track lock for frame 35
I1014 10:58:33.130976  4573 work_track.cpp:116] Succeeded to release track lock for frame 35
I1014 10:58:33.130991  4573 work_track.cpp:120] Track results of frame 35: 1 objects input, 1 objects tracked!
I1014 10:58:33.131008  4573 work_track.cpp:148] Frame: 35, track bbox: [173 x 222 from (304.577, 123.562)], gid: 0, lid: 0
I1014 10:58:33.131043  4573 work_thread.hpp:88]  [T-Work-Detect_0] Frame :35 split
I1014 10:58:33.131062  4573 work_thread.hpp:120]  [T-Work-Detect_0] Valid piece: gid = 0
I1014 10:58:33.131078  4573 work_thread.hpp:92]  [T-Work-Detect_0] Push to split queue:recog
I1014 10:58:33.131126  4575 work_thread.hpp:81]  [T-Work-Recog_1] Run work: WorkCapture
I1014 10:58:33.131129  4576 thread_intergrate.hpp:78] [T-Intergrate-intergrate] queue: frame output frame :35
I1014 10:58:33.131170  4576 thread_intergrate.hpp:85] [T-Intergrate-intergrate] queue: compare output face:0
I1014 10:58:33.131189  4576 thread_intergrate.hpp:138] T-Intergrate-intergrate set matched face: 0
I1014 10:58:33.131809  4575 work_thread.hpp:81]  [T-Work-Recog_1] Run work: WorkRecog
I1014 10:58:33.131834  4575 work_recog.hpp:89] Face id: 0 will run recog: bbox [173 x 222 from (305, 120)] quality: 0.373621
I1014 10:58:33.131965  4575 work_recog.hpp:96] Recog pair: [248 x 288 from (264, 72)], [173 x 222 from (41, 48)]
I1014 10:58:33.132544  4576 thread_intergrate.hpp:158] T-Intergrate-intergrate Show face :0, size :640 * 360
I1014 10:58:33.133087  4572 demo_inner.hpp:435] thread [SORT-0]  frame id 35 sorting queue size 1   FPS: 29.8246
I1014 10:58:33.150215  4575 work_thread.hpp:81]  [T-Work-Recog_1] Run work: WorkCompare
I1014 10:58:33.150355  4575 work_compare.cpp:76] Compare face: 0 successed, similarity :0.987854, name : images/thanglmb.jpg, normal size : 640 * 360!
I1014 10:58:33.153403  4571 demo_inner.hpp:260]  gui queue size 1, state = running
I1014 10:58:33.159629  4570 demo_inner.hpp:177] decode queue size 0
I1014 10:58:33.159739  4573 work_thread.hpp:81]  [T-Work-Detect_0] Run work: WorkDetect
I1014 10:58:33.159772  4573 work_detect.cpp:102] Succeeded to add det start for frame 36
I1014 10:58:33.166697  4573 work_detect.cpp:70] Frame :36 detect result :1 face(s)
I1014 10:58:33.166740  4573 work_detect.cpp:86] Detected bbox: [173 x 220 from (305, 123)]
I1014 10:58:33.166785  4573 work_detect.cpp:120] Succeeded to add det end for frame 36
I1014 10:58:33.166800  4573 work_thread.hpp:81]  [T-Work-Detect_0] Run work: WrokTrack
I1014 10:58:33.166824  4573 work_track.cpp:82] Frame: 36 build input_characts: [0.270312 x 0.611111 from (0.476562, 0.341667)], 1.00019, 0
I1014 10:58:33.166879  4573 work_track.cpp:102] Succeeded to set track lock for frame 36
I1014 10:58:33.166918  4573 work_track.cpp:116] Succeeded to release track lock for frame 36
I1014 10:58:33.166934  4573 work_track.cpp:120] Track results of frame 36: 1 objects input, 1 objects tracked!
I1014 10:58:33.166951  4573 work_track.cpp:148] Frame: 36, track bbox: [173 x 220 from (303.976, 123.183)], gid: 0, lid: 0
I1014 10:58:33.166987  4573 work_thread.hpp:88]  [T-Work-Detect_0] Frame :36 split
I1014 10:58:33.167006  4573 work_thread.hpp:120]  [T-Work-Detect_0] Valid piece: gid = 0
I1014 10:58:33.167022  4573 work_thread.hpp:92]  [T-Work-Detect_0] Push to split queue:recog
I1014 10:58:33.167073  4574 work_thread.hpp:81]  [T-Work-Recog_0] Run work: WorkCapture
I1014 10:58:33.167368  4576 thread_intergrate.hpp:78] [T-Intergrate-intergrate] queue: frame output frame :36
I1014 10:58:33.167395  4576 thread_intergrate.hpp:85] [T-Intergrate-intergrate] queue: compare output face:0
I1014 10:58:33.167414  4576 thread_intergrate.hpp:138] T-Intergrate-intergrate set matched face: 0
I1014 10:58:33.167618  4574 work_thread.hpp:81]  [T-Work-Recog_0] Run work: WorkRecog
I1014 10:58:33.167641  4574 work_recog.hpp:89] Face id: 0 will run recog: bbox [173 x 220 from (305, 123)] quality: 0.302433
I1014 10:58:33.167670  4574 work_recog.hpp:96] Recog pair: [248 x 288 from (264, 72)], [173 x 220 from (41, 51)]
I1014 10:58:33.168788  4576 thread_intergrate.hpp:158] T-Intergrate-intergrate Show face :0, size :640 * 360
I1014 10:58:33.169353  4572 demo_inner.hpp:435] thread [SORT-0]  frame id 36 sorting queue size 0   FPS: 29.7619
I1014 10:58:33.185272  4574 work_thread.hpp:81]  [T-Work-Recog_0] Run work: WorkCompare
I1014 10:58:33.185382  4574 work_compare.cpp:76] Compare face: 0 successed, similarity :0.973313, name : images/thanglmb.jpg, normal size : 640 * 360!
I1014 10:58:33.189759  4570 demo_inner.hpp:177] decode queue size 0
I1014 10:58:33.189838  4573 work_thread.hpp:81]  [T-Work-Detect_0] Run work: WorkDetect
I1014 10:58:33.189872  4573 work_detect.cpp:102] Succeeded to add det start for frame 37
I1014 10:58:33.196712  4573 work_detect.cpp:70] Frame :37 detect result :1 face(s)
I1014 10:58:33.196750  4573 work_detect.cpp:86] Detected bbox: [194 x 243 from (281, 88)]
I1014 10:58:33.196792  4573 work_detect.cpp:120] Succeeded to add det end for frame 37
I1014 10:58:33.196808  4573 work_thread.hpp:81]  [T-Work-Detect_0] Run work: WrokTrack
I1014 10:58:33.196833  4573 work_track.cpp:82] Frame: 37 build input_characts: [0.303125 x 0.675 from (0.439063, 0.244444)], 1.00019, 0
I1014 10:58:33.196889  4573 work_track.cpp:102] Succeeded to set track lock for frame 37
I1014 10:58:33.196928  4573 work_track.cpp:116] Succeeded to release track lock for frame 37
I1014 10:58:33.197017  4573 work_track.cpp:120] Track results of frame 37: 1 objects input, 1 objects tracked!
I1014 10:58:33.197037  4573 work_track.cpp:148] Frame: 37, track bbox: [194 x 243 from (286.327, 98.4718)], gid: 0, lid: 0
I1014 10:58:33.197074  4573 work_thread.hpp:88]  [T-Work-Detect_0] Frame :37 split
I1014 10:58:33.197091  4573 work_thread.hpp:120]  [T-Work-Detect_0] Valid piece: gid = 0
I1014 10:58:33.197109  4573 work_thread.hpp:92]  [T-Work-Detect_0] Push to split queue:recog
I1014 10:58:33.197160  4576 thread_intergrate.hpp:78] [T-Intergrate-intergrate] queue: frame output frame :37
I1014 10:58:33.197162  4575 work_thread.hpp:81]  [T-Work-Recog_1] Run work: WorkCapture
I1014 10:58:33.197188  4576 thread_intergrate.hpp:85] [T-Intergrate-intergrate] queue: compare output face:0
I1014 10:58:33.197207  4576 thread_intergrate.hpp:138] T-Intergrate-intergrate set matched face: 0
I1014 10:58:33.197798  4575 work_thread.hpp:81]  [T-Work-Recog_1] Run work: WorkRecog
I1014 10:58:33.197823  4575 work_recog.hpp:89] Face id: 0 will run recog: bbox [194 x 243 from (281, 88)] quality: 0.424265
I1014 10:58:33.197854  4575 work_recog.hpp:96] Recog pair: [280 x 320 from (240, 40)], [194 x 243 from (41, 48)]
I1014 10:58:33.198537  4576 thread_intergrate.hpp:158] T-Intergrate-intergrate Show face :0, size :640 * 360
I1014 10:58:33.199067  4572 demo_inner.hpp:435] thread [SORT-0]  frame id 37 sorting queue size 1   FPS: 29.8507
I1014 10:58:33.216102  4575 work_thread.hpp:81]  [T-Work-Recog_1] Run work: WorkCompare
I1014 10:58:33.216234  4575 work_compare.cpp:76] Compare face: 0 successed, similarity :0.976555, name : images/thanglmb.jpg, normal size : 640 * 360!
I1014 10:58:33.225514  4570 demo_inner.hpp:177] decode queue size 0
I1014 10:58:33.225615  4573 work_thread.hpp:81]  [T-Work-Detect_0] Run work: WorkDetect
I1014 10:58:33.225647  4573 work_detect.cpp:102] Succeeded to add det start for frame 38
I1014 10:58:33.232563  4573 work_detect.cpp:70] Frame :38 detect result :1 face(s)
I1014 10:58:33.232609  4573 work_detect.cpp:86] Detected bbox: [180 x 222 from (297, 97)]
I1014 10:58:33.232651  4573 work_detect.cpp:120] Succeeded to add det end for frame 38
I1014 10:58:33.232667  4573 work_thread.hpp:81]  [T-Work-Detect_0] Run work: WrokTrack
I1014 10:58:33.232692  4573 work_track.cpp:82] Frame: 38 build input_characts: [0.28125 x 0.616667 from (0.464063, 0.269444)], 1.00019, 0
I1014 10:58:33.232748  4573 work_track.cpp:102] Succeeded to set track lock for frame 38
I1014 10:58:33.232785  4573 work_track.cpp:116] Succeeded to release track lock for frame 38
I1014 10:58:33.232800  4573 work_track.cpp:120] Track results of frame 38: 1 objects input, 1 objects tracked!
I1014 10:58:33.232817  4573 work_track.cpp:148] Frame: 38, track bbox: [180 x 222 from (293.299, 98.9679)], gid: 0, lid: 0
I1014 10:58:33.232852  4573 work_thread.hpp:88]  [T-Work-Detect_0] Frame :38 split
I1014 10:58:33.232870  4573 work_thread.hpp:120]  [T-Work-Detect_0] Valid piece: gid = 0
I1014 10:58:33.232888  4573 work_thread.hpp:92]  [T-Work-Detect_0] Push to split queue:recog
I1014 10:58:33.232939  4574 work_thread.hpp:81]  [T-Work-Recog_0] Run work: WorkCapture
I1014 10:58:33.233240  4576 thread_intergrate.hpp:78] [T-Intergrate-intergrate] queue: frame output frame :38
I1014 10:58:33.233268  4576 thread_intergrate.hpp:85] [T-Intergrate-intergrate] queue: compare output face:0
I1014 10:58:33.233285  4576 thread_intergrate.hpp:138] T-Intergrate-intergrate set matched face: 0
I1014 10:58:33.233495  4574 work_thread.hpp:81]  [T-Work-Recog_0] Run work: WorkRecog
I1014 10:58:33.233518  4574 work_recog.hpp:89] Face id: 0 will run recog: bbox [180 x 222 from (297, 97)] quality: 0.181445
I1014 10:58:33.233546  4574 work_recog.hpp:96] Recog pair: [264 x 312 from (256, 48)], [180 x 222 from (41, 49)]
I1014 10:58:33.234632  4576 thread_intergrate.hpp:158] T-Intergrate-intergrate Show face :0, size :640 * 360
I1014 10:58:33.235189  4572 demo_inner.hpp:435] thread [SORT-0]  frame id 38 sorting queue size 2   FPS: 29.7907
I1014 10:58:33.248343  4571 demo_inner.hpp:260]  gui queue size 2, state = running
I1014 10:58:33.251812  4574 work_thread.hpp:81]  [T-Work-Recog_0] Run work: WorkCompare
I1014 10:58:33.251945  4574 work_compare.cpp:76] Compare face: 0 successed, similarity :0.986039, name : images/thanglmb.jpg, normal size : 640 * 360!
I1014 10:58:33.261538  4570 demo_inner.hpp:177] decode queue size 0
I1014 10:58:33.261637  4573 work_thread.hpp:81]  [T-Work-Detect_0] Run work: WorkDetect
I1014 10:58:33.261672  4573 work_detect.cpp:102] Succeeded to add det start for frame 39
I1014 10:58:33.268555  4573 work_detect.cpp:70] Frame :39 detect result :1 face(s)
I1014 10:58:33.268597  4573 work_detect.cpp:86] Detected bbox: [189 x 239 from (283, 90)]
I1014 10:58:33.268640  4573 work_detect.cpp:120] Succeeded to add det end for frame 39
I1014 10:58:33.268656  4573 work_thread.hpp:81]  [T-Work-Detect_0] Run work: WrokTrack
I1014 10:58:33.268682  4573 work_track.cpp:82] Frame: 39 build input_characts: [0.295312 x 0.663889 from (0.442187, 0.25)], 1.00035, 0
I1014 10:58:33.268738  4573 work_track.cpp:102] Succeeded to set track lock for frame 39
I1014 10:58:33.268775  4573 work_track.cpp:116] Succeeded to release track lock for frame 39
I1014 10:58:33.268790  4573 work_track.cpp:120] Track results of frame 39: 1 objects input, 1 objects tracked!
I1014 10:58:33.268807  4573 work_track.cpp:148] Frame: 39, track bbox: [189 x 239 from (285.027, 85.2055)], gid: 0, lid: 0
I1014 10:58:33.268842  4573 work_thread.hpp:88]  [T-Work-Detect_0] Frame :39 split
I1014 10:58:33.268860  4573 work_thread.hpp:120]  [T-Work-Detect_0] Valid piece: gid = 0
I1014 10:58:33.268878  4573 work_thread.hpp:92]  [T-Work-Detect_0] Push to split queue:recog
I1014 10:58:33.268925  4574 work_thread.hpp:81]  [T-Work-Recog_0] Run work: WorkCapture
I1014 10:58:33.269223  4576 thread_intergrate.hpp:78] [T-Intergrate-intergrate] queue: frame output frame :39
I1014 10:58:33.269251  4576 thread_intergrate.hpp:85] [T-Intergrate-intergrate] queue: compare output face:0
I1014 10:58:33.269269  4576 thread_intergrate.hpp:138] T-Intergrate-intergrate set matched face: 0
I1014 10:58:33.269488  4574 work_thread.hpp:81]  [T-Work-Recog_0] Run work: WorkRecog
I1014 10:58:33.269511  4574 work_recog.hpp:89] Face id: 0 will run recog: bbox [189 x 239 from (283, 90)] quality: 0.406602
I1014 10:58:33.269538  4574 work_recog.hpp:96] Recog pair: [272 x 320 from (240, 40)], [189 x 239 from (43, 50)]
I1014 10:58:33.270646  4576 thread_intergrate.hpp:158] T-Intergrate-intergrate Show face :0, size :640 * 360
I1014 10:58:33.271226  4572 demo_inner.hpp:435] thread [SORT-0]  frame id 39 sorting queue size 0   FPS: 29.734
I1014 10:58:33.287223  4574 work_thread.hpp:81]  [T-Work-Recog_0] Run work: WorkCompare
I1014 10:58:33.287333  4574 work_compare.cpp:76] Compare face: 0 successed, similarity :0.988371, name : images/thanglmb.jpg, normal size : 640 * 360!
I1014 10:58:33.291824  4570 demo_inner.hpp:177] decode queue size 0
I1014 10:58:33.291908  4573 work_thread.hpp:81]  [T-Work-Detect_0] Run work: WorkDetect
I1014 10:58:33.291940  4573 work_detect.cpp:102] Succeeded to add det start for frame 40
I1014 10:58:33.298734  4573 work_detect.cpp:70] Frame :40 detect result :1 face(s)
I1014 10:58:33.298779  4573 work_detect.cpp:86] Detected bbox: [185 x 229 from (293, 94)]
I1014 10:58:33.298822  4573 work_detect.cpp:120] Succeeded to add det end for frame 40
I1014 10:58:33.298837  4573 work_thread.hpp:81]  [T-Work-Detect_0] Run work: WrokTrack
I1014 10:58:33.298862  4573 work_track.cpp:82] Frame: 40 build input_characts: [0.289062 x 0.636111 from (0.457812, 0.261111)], 1.00035, 0
I1014 10:58:33.298916  4573 work_track.cpp:102] Succeeded to set track lock for frame 40
I1014 10:58:33.298955  4573 work_track.cpp:116] Succeeded to release track lock for frame 40
I1014 10:58:33.298970  4573 work_track.cpp:120] Track results of frame 40: 1 objects input, 1 objects tracked!
I1014 10:58:33.298987  4573 work_track.cpp:148] Frame: 40, track bbox: [185 x 229 from (288.181, 88.9248)], gid: 0, lid: 0
I1014 10:58:33.299098  4573 work_thread.hpp:88]  [T-Work-Detect_0] Frame :40 split
I1014 10:58:33.299118  4573 work_thread.hpp:120]  [T-Work-Detect_0] Valid piece: gid = 0
I1014 10:58:33.299137  4573 work_thread.hpp:92]  [T-Work-Detect_0] Push to split queue:recog
I1014 10:58:33.299183  4575 work_thread.hpp:81]  [T-Work-Recog_1] Run work: WorkCapture
I1014 10:58:33.299187  4576 thread_intergrate.hpp:78] [T-Intergrate-intergrate] queue: frame output frame :40
I1014 10:58:33.299226  4576 thread_intergrate.hpp:85] [T-Intergrate-intergrate] queue: compare output face:0
I1014 10:58:33.299245  4576 thread_intergrate.hpp:138] T-Intergrate-intergrate set matched face: 0
I1014 10:58:33.299844  4575 work_thread.hpp:81]  [T-Work-Recog_1] Run work: WorkRecog
I1014 10:58:33.299868  4575 work_recog.hpp:89] Face id: 0 will run recog: bbox [185 x 229 from (293, 94)] quality: 0.302434
I1014 10:58:33.299926  4575 work_recog.hpp:96] Recog pair: [264 x 312 from (256, 48)], [185 x 229 from (37, 46)]
I1014 10:58:33.300611  4576 thread_intergrate.hpp:158] T-Intergrate-intergrate Show face :0, size :640 * 360
I1014 10:58:33.301138  4572 demo_inner.hpp:435] thread [SORT-0]  frame id 40 sorting queue size 1   FPS: 29.8165
I1014 10:58:33.315851  4571 demo_inner.hpp:260]  gui queue size 1, state = running
I1014 10:58:33.318769  4575 work_thread.hpp:81]  [T-Work-Recog_1] Run work: WorkCompare
I1014 10:58:33.318936  4575 work_compare.cpp:76] Compare face: 0 successed, similarity :0.989439, name : images/thanglmb.jpg, normal size : 640 * 360!
I1014 10:58:33.327863  4570 demo_inner.hpp:177] decode queue size 0
I1014 10:58:33.327960  4573 work_thread.hpp:81]  [T-Work-Detect_0] Run work: WorkDetect
I1014 10:58:33.327994  4573 work_detect.cpp:102] Succeeded to add det start for frame 41
I1014 10:58:33.334846  4573 work_detect.cpp:70] Frame :41 detect result :1 face(s)
I1014 10:58:33.334889  4573 work_detect.cpp:86] Detected bbox: [185 x 235 from (282, 95)]
I1014 10:58:33.334933  4573 work_detect.cpp:120] Succeeded to add det end for frame 41
I1014 10:58:33.334949  4573 work_thread.hpp:81]  [T-Work-Detect_0] Run work: WrokTrack
I1014 10:58:33.334973  4573 work_track.cpp:82] Frame: 41 build input_characts: [0.289062 x 0.652778 from (0.440625, 0.263889)], 1.00035, 0
I1014 10:58:33.335029  4573 work_track.cpp:102] Succeeded to set track lock for frame 41
I1014 10:58:33.335067  4573 work_track.cpp:116] Succeeded to release track lock for frame 41
I1014 10:58:33.335083  4573 work_track.cpp:120] Track results of frame 41: 1 objects input, 1 objects tracked!
I1014 10:58:33.335099  4573 work_track.cpp:148] Frame: 41, track bbox: [185 x 235 from (284.697, 88.5759)], gid: 0, lid: 0
I1014 10:58:33.335134  4573 work_thread.hpp:88]  [T-Work-Detect_0] Frame :41 split
I1014 10:58:33.335151  4573 work_thread.hpp:120]  [T-Work-Detect_0] Valid piece: gid = 0
I1014 10:58:33.335170  4573 work_thread.hpp:92]  [T-Work-Detect_0] Push to split queue:recog
I1014 10:58:33.335220  4574 work_thread.hpp:81]  [T-Work-Recog_0] Run work: WorkCapture
I1014 10:58:33.335518  4576 thread_intergrate.hpp:78] [T-Intergrate-intergrate] queue: frame output frame :41
I1014 10:58:33.335544  4576 thread_intergrate.hpp:85] [T-Intergrate-intergrate] queue: compare output face:0
I1014 10:58:33.335563  4576 thread_intergrate.hpp:138] T-Intergrate-intergrate set matched face: 0
I1014 10:58:33.335774  4574 work_thread.hpp:81]  [T-Work-Recog_0] Run work: WorkRecog
I1014 10:58:33.335798  4574 work_recog.hpp:89] Face id: 0 will run recog: bbox [185 x 235 from (282, 95)] quality: 0.424089
I1014 10:58:33.335826  4574 work_recog.hpp:96] Recog pair: [264 x 312 from (240, 48)], [185 x 235 from (42, 47)]
I1014 10:58:33.336946  4576 thread_intergrate.hpp:158] T-Intergrate-intergrate Show face :0, size :640 * 360
I1014 10:58:33.337452  4572 demo_inner.hpp:435] thread [SORT-0]  frame id 41 sorting queue size 0   FPS: 29.7398
I1014 10:58:33.353544  4574 work_thread.hpp:81]  [T-Work-Recog_0] Run work: WorkCompare
I1014 10:58:33.353652  4574 work_compare.cpp:76] Compare face: 0 successed, similarity :0.991876, name : images/thanglmb.jpg, normal size : 640 * 360!
I1014 10:58:33.357808  4570 demo_inner.hpp:177] decode queue size 0
I1014 10:58:33.357906  4573 work_thread.hpp:81]  [T-Work-Detect_0] Run work: WorkDetect
I1014 10:58:33.357941  4573 work_detect.cpp:102] Succeeded to add det start for frame 42
I1014 10:58:33.364792  4573 work_detect.cpp:70] Frame :42 detect result :1 face(s)
I1014 10:58:33.364837  4573 work_detect.cpp:86] Detected bbox: [174 x 228 from (281, 116)]
I1014 10:58:33.364881  4573 work_detect.cpp:120] Succeeded to add det end for frame 42
I1014 10:58:33.364897  4573 work_thread.hpp:81]  [T-Work-Detect_0] Run work: WrokTrack
I1014 10:58:33.364920  4573 work_track.cpp:82] Frame: 42 build input_characts: [0.271875 x 0.633333 from (0.439063, 0.322222)], 1.00019, 0
I1014 10:58:33.364975  4573 work_track.cpp:102] Succeeded to set track lock for frame 42
I1014 10:58:33.365015  4573 work_track.cpp:116] Succeeded to release track lock for frame 42
I1014 10:58:33.365029  4573 work_track.cpp:120] Track results of frame 42: 1 objects input, 1 objects tracked!
I1014 10:58:33.365046  4573 work_track.cpp:148] Frame: 42, track bbox: [174 x 228 from (285.736, 107.187)], gid: 0, lid: 0
I1014 10:58:33.365082  4573 work_thread.hpp:88]  [T-Work-Detect_0] Frame :42 split
I1014 10:58:33.365100  4573 work_thread.hpp:120]  [T-Work-Detect_0] Valid piece: gid = 0
