I1014 11:38:08.106431  5123 work_thread.hpp:81]  [T-Work-Recog_1] Run work: WorkCapture
I1014 11:38:08.106438  5124 thread_intergrate.hpp:78] [T-Intergrate-intergrate] queue: frame output frame :23
I1014 11:38:08.106933  5123 work_thread.hpp:81]  [T-Work-Recog_1] Run work: WorkRecog
W1014 11:38:08.106956  5123 work_recog.hpp:118] Face id: 0 has low quality : 0.0189657, no need to recog
I1014 11:38:08.107033  5123 work_thread.hpp:81]  [T-Work-Recog_1] Run work: WorkCompare
I1014 11:38:08.107947  5120 demo_inner.hpp:435] thread [SORT-0]  frame id 23 sorting queue size 0   FPS: 29.8913
I1014 11:38:08.108011  5119 demo_inner.hpp:260]  gui queue size 0, state = running
I1014 11:38:08.135126  5118 demo_inner.hpp:177] decode queue size 0
I1014 11:38:08.135227  5121 work_thread.hpp:81]  [T-Work-Detect_0] Run work: WorkDetect
I1014 11:38:08.135259  5121 work_detect.cpp:102] Succeeded to add det start for frame 24
I1014 11:38:08.142064  5121 work_detect.cpp:70] Frame :24 detect result :2 face(s)
W1014 11:38:08.142124  5121 work_detect.cpp:83] Invalid bbox: [132 x 151 from (236, 227)]
I1014 11:38:08.142220  5121 work_detect.cpp:86] Detected bbox: [57 x 53 from (93, 186)]
I1014 11:38:08.142268  5121 work_detect.cpp:120] Succeeded to add det end for frame 24
I1014 11:38:08.142284  5121 work_thread.hpp:81]  [T-Work-Detect_0] Run work: WrokTrack
I1014 11:38:08.142310  5121 work_track.cpp:82] Frame: 24 build input_characts: [0.0890625 x 0.147222 from (0.145313, 0.516667)], 0.991885, 0
I1014 11:38:08.142370  5121 work_track.cpp:102] Succeeded to set track lock for frame 24
I1014 11:38:08.142416  5121 work_track.cpp:116] Succeeded to release track lock for frame 24
I1014 11:38:08.142431  5121 work_track.cpp:120] Track results of frame 24: 1 objects input, 1 objects tracked!
I1014 11:38:08.142451  5121 work_track.cpp:148] Frame: 24, track bbox: [57 x 53 from (93.1709, 185.74)], gid: 0, lid: 0
I1014 11:38:08.142488  5121 work_thread.hpp:88]  [T-Work-Detect_0] Frame :24 split
I1014 11:38:08.142505  5121 work_thread.hpp:120]  [T-Work-Detect_0] Valid piece: gid = 0
I1014 11:38:08.142524  5121 work_thread.hpp:92]  [T-Work-Detect_0] Push to split queue:recog
I1014 11:38:08.142575  5123 work_thread.hpp:81]  [T-Work-Recog_1] Run work: WorkCapture
I1014 11:38:08.142578  5124 thread_intergrate.hpp:78] [T-Intergrate-intergrate] queue: frame output frame :24
I1014 11:38:08.143086  5123 work_thread.hpp:81]  [T-Work-Recog_1] Run work: WorkRecog
W1014 11:38:08.143107  5123 work_recog.hpp:118] Face id: 0 has low quality : 0.023839, no need to recog
I1014 11:38:08.143164  5123 work_thread.hpp:81]  [T-Work-Recog_1] Run work: WorkCompare
I1014 11:38:08.144037  5120 demo_inner.hpp:435] thread [SORT-0]  frame id 24 sorting queue size 0   FPS: 29.7542
I1014 11:38:08.144104  5119 demo_inner.hpp:260]  gui queue size 0, state = running
I1014 11:38:08.171027  5118 demo_inner.hpp:177] decode queue size 0
I1014 11:38:08.171125  5121 work_thread.hpp:81]  [T-Work-Detect_0] Run work: WorkDetect
I1014 11:38:08.171157  5121 work_detect.cpp:102] Succeeded to add det start for frame 25
I1014 11:38:08.177709  5121 work_detect.cpp:70] Frame :25 detect result :2 face(s)
W1014 11:38:08.177754  5121 work_detect.cpp:83] Invalid bbox: [132 x 148 from (238, 227)]
I1014 11:38:08.177839  5121 work_detect.cpp:86] Detected bbox: [57 x 48 from (93, 188)]
I1014 11:38:08.177881  5121 work_detect.cpp:120] Succeeded to add det end for frame 25
I1014 11:38:08.177897  5121 work_thread.hpp:81]  [T-Work-Detect_0] Run work: WrokTrack
I1014 11:38:08.177969  5121 work_track.cpp:82] Frame: 25 build input_characts: [0.0890625 x 0.133333 from (0.145313, 0.522222)], 0.981359, 0
I1014 11:38:08.178028  5121 work_track.cpp:102] Succeeded to set track lock for frame 25
I1014 11:38:08.178068  5121 work_track.cpp:116] Succeeded to release track lock for frame 25
I1014 11:38:08.178083  5121 work_track.cpp:120] Track results of frame 25: 1 objects input, 1 objects tracked!
I1014 11:38:08.178100  5121 work_track.cpp:148] Frame: 25, track bbox: [57 x 48 from (92.9698, 188.31)], gid: 0, lid: 0
I1014 11:38:08.178135  5121 work_thread.hpp:88]  [T-Work-Detect_0] Frame :25 split
I1014 11:38:08.178153  5121 work_thread.hpp:120]  [T-Work-Detect_0] Valid piece: gid = 0
I1014 11:38:08.178171  5121 work_thread.hpp:92]  [T-Work-Detect_0] Push to split queue:recog
I1014 11:38:08.178213  5122 work_thread.hpp:81]  [T-Work-Recog_0] Run work: WorkCapture
I1014 11:38:08.178441  5124 thread_intergrate.hpp:78] [T-Intergrate-intergrate] queue: frame output frame :25
I1014 11:38:08.178704  5122 work_thread.hpp:81]  [T-Work-Recog_0] Run work: WorkRecog
W1014 11:38:08.178725  5122 work_recog.hpp:118] Face id: 0 has low quality : 0.0212775, no need to recog
I1014 11:38:08.178802  5122 work_thread.hpp:81]  [T-Work-Recog_0] Run work: WorkCompare
I1014 11:38:08.179903  5120 demo_inner.hpp:435] thread [SORT-0]  frame id 25 sorting queue size 0   FPS: 29.703
I1014 11:38:08.179968  5119 demo_inner.hpp:260]  gui queue size 0, state = running
I1014 11:38:08.201150  5118 demo_inner.hpp:177] decode queue size 0
I1014 11:38:08.201246  5121 work_thread.hpp:81]  [T-Work-Detect_0] Run work: WorkDetect
I1014 11:38:08.201277  5121 work_detect.cpp:102] Succeeded to add det start for frame 26
I1014 11:38:08.207768  5121 work_detect.cpp:70] Frame :26 detect result :2 face(s)
W1014 11:38:08.207816  5121 work_detect.cpp:83] Invalid bbox: [135 x 153 from (240, 225)]
I1014 11:38:08.207901  5121 work_detect.cpp:86] Detected bbox: [56 x 50 from (93, 186)]
I1014 11:38:08.207945  5121 work_detect.cpp:120] Succeeded to add det end for frame 26
I1014 11:38:08.207962  5121 work_thread.hpp:81]  [T-Work-Detect_0] Run work: WrokTrack
I1014 11:38:08.207986  5121 work_track.cpp:82] Frame: 26 build input_characts: [0.0875 x 0.138889 from (0.145313, 0.516667)], 0.985729, 0
I1014 11:38:08.208042  5121 work_track.cpp:102] Succeeded to set track lock for frame 26
I1014 11:38:08.208081  5121 work_track.cpp:116] Succeeded to release track lock for frame 26
I1014 11:38:08.208096  5121 work_track.cpp:120] Track results of frame 26: 1 objects input, 1 objects tracked!
I1014 11:38:08.208114  5121 work_track.cpp:148] Frame: 26, track bbox: [56 x 50 from (93.256, 186.529)], gid: 0, lid: 0
I1014 11:38:08.208150  5121 work_thread.hpp:88]  [T-Work-Detect_0] Frame :26 split
I1014 11:38:08.208187  5121 work_thread.hpp:120]  [T-Work-Detect_0] Valid piece: gid = 0
I1014 11:38:08.208206  5121 work_thread.hpp:92]  [T-Work-Detect_0] Push to split queue:recog
I1014 11:38:08.208251  5122 work_thread.hpp:81]  [T-Work-Recog_0] Run work: WorkCapture
I1014 11:38:08.208488  5124 thread_intergrate.hpp:78] [T-Intergrate-intergrate] queue: frame output frame :26
I1014 11:38:08.208758  5122 work_thread.hpp:81]  [T-Work-Recog_0] Run work: WorkRecog
W1014 11:38:08.208779  5122 work_recog.hpp:118] Face id: 0 has low quality : 0.0266775, no need to recog
I1014 11:38:08.208842  5122 work_thread.hpp:81]  [T-Work-Recog_0] Run work: WorkCompare
I1014 11:38:08.209924  5120 demo_inner.hpp:435] thread [SORT-0]  frame id 26 sorting queue size 0   FPS: 29.7974
I1014 11:38:08.209985  5119 demo_inner.hpp:260]  gui queue size 0, state = running
I1014 11:38:08.237088  5118 demo_inner.hpp:177] decode queue size 0
I1014 11:38:08.237187  5121 work_thread.hpp:81]  [T-Work-Detect_0] Run work: WorkDetect
I1014 11:38:08.237219  5121 work_detect.cpp:102] Succeeded to add det start for frame 27
I1014 11:38:08.243839  5121 work_detect.cpp:70] Frame :27 detect result :2 face(s)
W1014 11:38:08.243890  5121 work_detect.cpp:83] Invalid bbox: [131 x 152 from (244, 223)]
I1014 11:38:08.244022  5121 work_detect.cpp:86] Detected bbox: [56 x 48 from (94, 188)]
I1014 11:38:08.244068  5121 work_detect.cpp:120] Succeeded to add det end for frame 27
I1014 11:38:08.244084  5121 work_thread.hpp:81]  [T-Work-Detect_0] Run work: WrokTrack
I1014 11:38:08.244108  5121 work_track.cpp:82] Frame: 27 build input_characts: [0.0875 x 0.133333 from (0.146875, 0.522222)], 0.983243, 0
I1014 11:38:08.244189  5121 work_track.cpp:102] Succeeded to set track lock for frame 27
I1014 11:38:08.244230  5121 work_track.cpp:116] Succeeded to release track lock for frame 27
I1014 11:38:08.244244  5121 work_track.cpp:120] Track results of frame 27: 1 objects input, 1 objects tracked!
I1014 11:38:08.244261  5121 work_track.cpp:148] Frame: 27, track bbox: [56 x 48 from (93.4483, 187.581)], gid: 0, lid: 0
I1014 11:38:08.244299  5121 work_thread.hpp:88]  [T-Work-Detect_0] Frame :27 split
I1014 11:38:08.244318  5121 work_thread.hpp:120]  [T-Work-Detect_0] Valid piece: gid = 0
I1014 11:38:08.244334  5121 work_thread.hpp:92]  [T-Work-Detect_0] Push to split queue:recog
I1014 11:38:08.244377  5122 work_thread.hpp:81]  [T-Work-Recog_0] Run work: WorkCapture
I1014 11:38:08.244607  5124 thread_intergrate.hpp:78] [T-Intergrate-intergrate] queue: frame output frame :27
I1014 11:38:08.244858  5122 work_thread.hpp:81]  [T-Work-Recog_0] Run work: WorkRecog
W1014 11:38:08.244879  5122 work_recog.hpp:118] Face id: 0 has low quality : 0.02384, no need to recog
I1014 11:38:08.244957  5122 work_thread.hpp:81]  [T-Work-Recog_0] Run work: WorkCompare
I1014 11:38:08.246058  5120 demo_inner.hpp:435] thread [SORT-0]  frame id 27 sorting queue size 0   FPS: 29.7143
I1014 11:38:08.267588  5118 demo_inner.hpp:177] decode queue size 0
I1014 11:38:08.267701  5121 work_thread.hpp:81]  [T-Work-Detect_0] Run work: WorkDetect
I1014 11:38:08.267735  5121 work_detect.cpp:102] Succeeded to add det start for frame 28
I1014 11:38:08.274237  5121 work_detect.cpp:70] Frame :28 detect result :2 face(s)
W1014 11:38:08.274291  5121 work_detect.cpp:83] Invalid bbox: [132 x 153 from (246, 220)]
I1014 11:38:08.274410  5121 work_detect.cpp:86] Detected bbox: [57 x 53 from (93, 186)]
I1014 11:38:08.274456  5121 work_detect.cpp:120] Succeeded to add det end for frame 28
I1014 11:38:08.274472  5121 work_thread.hpp:81]  [T-Work-Detect_0] Run work: WrokTrack
I1014 11:38:08.274497  5121 work_track.cpp:82] Frame: 28 build input_characts: [0.0890625 x 0.147222 from (0.145313, 0.516667)], 0.981359, 0
I1014 11:38:08.274554  5121 work_track.cpp:102] Succeeded to set track lock for frame 28
I1014 11:38:08.274595  5121 work_track.cpp:116] Succeeded to release track lock for frame 28
I1014 11:38:08.274610  5121 work_track.cpp:120] Track results of frame 28: 1 objects input, 1 objects tracked!
I1014 11:38:08.274628  5121 work_track.cpp:148] Frame: 28, track bbox: [57 x 53 from (92.9709, 185.578)], gid: 0, lid: 0
I1014 11:38:08.274662  5121 work_thread.hpp:88]  [T-Work-Detect_0] Frame :28 split
I1014 11:38:08.274680  5121 work_thread.hpp:120]  [T-Work-Detect_0] Valid piece: gid = 0
I1014 11:38:08.274698  5121 work_thread.hpp:92]  [T-Work-Detect_0] Push to split queue:recog
I1014 11:38:08.274744  5122 work_thread.hpp:81]  [T-Work-Recog_0] Run work: WorkCapture
I1014 11:38:08.274992  5124 thread_intergrate.hpp:78] [T-Intergrate-intergrate] queue: frame output frame :28
I1014 11:38:08.275264  5122 work_thread.hpp:81]  [T-Work-Recog_0] Run work: WorkRecog
W1014 11:38:08.275286  5122 work_recog.hpp:118] Face id: 0 has low quality : 0.0189657, no need to recog
I1014 11:38:08.275343  5122 work_thread.hpp:81]  [T-Work-Recog_0] Run work: WorkCompare
I1014 11:38:08.276526  5120 demo_inner.hpp:435] thread [SORT-0]  frame id 28 sorting queue size 1   FPS: 29.8343
I1014 11:38:08.290987  5119 demo_inner.hpp:260]  gui queue size 1, state = running
I1014 11:38:08.303191  5118 demo_inner.hpp:177] decode queue size 0
I1014 11:38:08.303293  5121 work_thread.hpp:81]  [T-Work-Detect_0] Run work: WorkDetect
I1014 11:38:08.303328  5121 work_detect.cpp:102] Succeeded to add det start for frame 29
I1014 11:38:08.309952  5121 work_detect.cpp:70] Frame :29 detect result :2 face(s)
W1014 11:38:08.310077  5121 work_detect.cpp:83] Invalid bbox: [143 x 165 from (246, 212)]
I1014 11:38:08.310137  5121 work_detect.cpp:86] Detected bbox: [56 x 48 from (94, 188)]
I1014 11:38:08.310179  5121 work_detect.cpp:120] Succeeded to add det end for frame 29
I1014 11:38:08.310196  5121 work_thread.hpp:81]  [T-Work-Detect_0] Run work: WrokTrack
I1014 11:38:08.310221  5121 work_track.cpp:82] Frame: 29 build input_characts: [0.0875 x 0.133333 from (0.146875, 0.522222)], 0.981359, 0
I1014 11:38:08.310277  5121 work_track.cpp:102] Succeeded to set track lock for frame 29
I1014 11:38:08.310317  5121 work_track.cpp:116] Succeeded to release track lock for frame 29
I1014 11:38:08.310331  5121 work_track.cpp:120] Track results of frame 29: 1 objects input, 1 objects tracked!
I1014 11:38:08.310349  5121 work_track.cpp:148] Frame: 29, track bbox: [56 x 48 from (93.8245, 187.994)], gid: 0, lid: 0
I1014 11:38:08.310384  5121 work_thread.hpp:88]  [T-Work-Detect_0] Frame :29 split
I1014 11:38:08.310402  5121 work_thread.hpp:120]  [T-Work-Detect_0] Valid piece: gid = 0
I1014 11:38:08.310420  5121 work_thread.hpp:92]  [T-Work-Detect_0] Push to split queue:recog
I1014 11:38:08.310467  5124 thread_intergrate.hpp:78] [T-Intergrate-intergrate] queue: frame output frame :29
I1014 11:38:08.310467  5123 work_thread.hpp:81]  [T-Work-Recog_1] Run work: WorkCapture
I1014 11:38:08.310978  5123 work_thread.hpp:81]  [T-Work-Recog_1] Run work: WorkRecog
W1014 11:38:08.311000  5123 work_recog.hpp:118] Face id: 0 has low quality : 0.0238412, no need to recog
I1014 11:38:08.311053  5123 work_thread.hpp:81]  [T-Work-Recog_1] Run work: WorkCompare
I1014 11:38:08.311952  5120 demo_inner.hpp:435] thread [SORT-0]  frame id 29 sorting queue size 0   FPS: 29.7872
I1014 11:38:08.333184  5118 demo_inner.hpp:177] decode queue size 0
I1014 11:38:08.333278  5121 work_thread.hpp:81]  [T-Work-Detect_0] Run work: WorkDetect
I1014 11:38:08.333310  5121 work_detect.cpp:102] Succeeded to add det start for frame 30
I1014 11:38:08.339813  5121 work_detect.cpp:70] Frame :30 detect result :2 face(s)
W1014 11:38:08.339862  5121 work_detect.cpp:83] Invalid bbox: [142 x 159 from (247, 219)]
I1014 11:38:08.339946  5121 work_detect.cpp:86] Detected bbox: [57 x 50 from (92, 185)]
I1014 11:38:08.339992  5121 work_detect.cpp:120] Succeeded to add det end for frame 30
I1014 11:38:08.340008  5121 work_thread.hpp:81]  [T-Work-Detect_0] Run work: WrokTrack
I1014 11:38:08.340032  5121 work_track.cpp:82] Frame: 30 build input_characts: [0.0890625 x 0.138889 from (0.14375, 0.513889)], 0.981281, 0
I1014 11:38:08.340087  5121 work_track.cpp:102] Succeeded to set track lock for frame 30
I1014 11:38:08.340127  5121 work_track.cpp:116] Succeeded to release track lock for frame 30
I1014 11:38:08.340142  5121 work_track.cpp:120] Track results of frame 30: 1 objects input, 1 objects tracked!
I1014 11:38:08.340179  5121 work_track.cpp:148] Frame: 30, track bbox: [57 x 50 from (92.7441, 186.133)], gid: 0, lid: 0
I1014 11:38:08.340216  5121 work_thread.hpp:88]  [T-Work-Detect_0] Frame :30 split
I1014 11:38:08.340234  5121 work_thread.hpp:120]  [T-Work-Detect_0] Valid piece: gid = 0
I1014 11:38:08.340252  5121 work_thread.hpp:92]  [T-Work-Detect_0] Push to split queue:recog
I1014 11:38:08.340297  5123 work_thread.hpp:81]  [T-Work-Recog_1] Run work: WorkCapture
I1014 11:38:08.340303  5124 thread_intergrate.hpp:78] [T-Intergrate-intergrate] queue: frame output frame :30
I1014 11:38:08.340792  5123 work_thread.hpp:81]  [T-Work-Recog_1] Run work: WorkRecog
W1014 11:38:08.340813  5123 work_recog.hpp:118] Face id: 0 has low quality : 0.023843, no need to recog
I1014 11:38:08.340871  5123 work_thread.hpp:81]  [T-Work-Recog_1] Run work: WorkCompare
I1014 11:38:08.341902  5120 demo_inner.hpp:435] thread [SORT-0]  frame id 30 sorting queue size 1   FPS: 29.8969
I1014 11:38:08.369077  5119 demo_inner.hpp:260]  gui queue size 1, state = running
I1014 11:38:08.369647  5118 demo_inner.hpp:177] decode queue size 0
I1014 11:38:08.369805  5121 work_thread.hpp:81]  [T-Work-Detect_0] Run work: WorkDetect
I1014 11:38:08.369930  5121 work_detect.cpp:102] Succeeded to add det start for frame 31
I1014 11:38:08.376540  5121 work_detect.cpp:70] Frame :31 detect result :2 face(s)
W1014 11:38:08.376595  5121 work_detect.cpp:83] Invalid bbox: [142 x 161 from (248, 216)]
I1014 11:38:08.376682  5121 work_detect.cpp:86] Detected bbox: [58 x 50 from (93, 188)]
I1014 11:38:08.376726  5121 work_detect.cpp:120] Succeeded to add det end for frame 31
I1014 11:38:08.376744  5121 work_thread.hpp:81]  [T-Work-Detect_0] Run work: WrokTrack
I1014 11:38:08.376770  5121 work_track.cpp:82] Frame: 31 build input_characts: [0.090625 x 0.138889 from (0.145313, 0.522222)], 0.985729, 0
I1014 11:38:08.376829  5121 work_track.cpp:102] Succeeded to set track lock for frame 31
I1014 11:38:08.376870  5121 work_track.cpp:116] Succeeded to release track lock for frame 31
I1014 11:38:08.376885  5121 work_track.cpp:120] Track results of frame 31: 1 objects input, 1 objects tracked!
I1014 11:38:08.376902  5121 work_track.cpp:148] Frame: 31, track bbox: [58 x 50 from (92.5743, 186.986)], gid: 0, lid: 0
I1014 11:38:08.376938  5121 work_thread.hpp:88]  [T-Work-Detect_0] Frame :31 split
I1014 11:38:08.376955  5121 work_thread.hpp:120]  [T-Work-Detect_0] Valid piece: gid = 0
I1014 11:38:08.376972  5121 work_thread.hpp:92]  [T-Work-Detect_0] Push to split queue:recog
I1014 11:38:08.377017  5123 work_thread.hpp:81]  [T-Work-Recog_1] Run work: WorkCapture
I1014 11:38:08.377027  5124 thread_intergrate.hpp:78] [T-Intergrate-intergrate] queue: frame output frame :31
I1014 11:38:08.377507  5123 work_thread.hpp:81]  [T-Work-Recog_1] Run work: WorkRecog
W1014 11:38:08.377529  5123 work_recog.hpp:118] Face id: 0 has low quality : 0.0150224, no need to recog
I1014 11:38:08.377584  5123 work_thread.hpp:81]  [T-Work-Recog_1] Run work: WorkCompare
I1014 11:38:08.378505  5120 demo_inner.hpp:435] thread [SORT-0]  frame id 31 sorting queue size 0   FPS: 29.7915
I1014 11:38:08.405160  5118 demo_inner.hpp:177] decode queue size 0
I1014 11:38:08.405277  5121 work_thread.hpp:81]  [T-Work-Detect_0] Run work: WorkDetect
I1014 11:38:08.405313  5121 work_detect.cpp:102] Succeeded to add det start for frame 32
I1014 11:38:08.411818  5121 work_detect.cpp:70] Frame :32 detect result :2 face(s)
W1014 11:38:08.411860  5121 work_detect.cpp:83] Invalid bbox: [134 x 162 from (249, 216)]
I1014 11:38:08.411947  5121 work_detect.cpp:86] Detected bbox: [57 x 48 from (93, 188)]
I1014 11:38:08.411988  5121 work_detect.cpp:120] Succeeded to add det end for frame 32
I1014 11:38:08.412005  5121 work_thread.hpp:81]  [T-Work-Detect_0] Run work: WrokTrack
I1014 11:38:08.412030  5121 work_track.cpp:82] Frame: 32 build input_characts: [0.0890625 x 0.133333 from (0.145313, 0.522222)], 0.981359, 0
I1014 11:38:08.412086  5121 work_track.cpp:102] Succeeded to set track lock for frame 32
I1014 11:38:08.412127  5121 work_track.cpp:116] Succeeded to release track lock for frame 32
I1014 11:38:08.412140  5121 work_track.cpp:120] Track results of frame 32: 1 objects input, 1 objects tracked!
I1014 11:38:08.412174  5121 work_track.cpp:148] Frame: 32, track bbox: [57 x 48 from (92.9019, 187.877)], gid: 0, lid: 0
I1014 11:38:08.412211  5121 work_thread.hpp:88]  [T-Work-Detect_0] Frame :32 split
I1014 11:38:08.412230  5121 work_thread.hpp:120]  [T-Work-Detect_0] Valid piece: gid = 0
I1014 11:38:08.412247  5121 work_thread.hpp:92]  [T-Work-Detect_0] Push to split queue:recog
I1014 11:38:08.412292  5122 work_thread.hpp:81]  [T-Work-Recog_0] Run work: WorkCapture
I1014 11:38:08.412520  5124 thread_intergrate.hpp:78] [T-Intergrate-intergrate] queue: frame output frame :32
I1014 11:38:08.412770  5122 work_thread.hpp:81]  [T-Work-Recog_0] Run work: WorkRecog
W1014 11:38:08.412791  5122 work_recog.hpp:118] Face id: 0 has low quality : 0.0212769, no need to recog
I1014 11:38:08.412847  5122 work_thread.hpp:81]  [T-Work-Recog_0] Run work: WorkCompare
I1014 11:38:08.414016  5120 demo_inner.hpp:435] thread [SORT-0]  frame id 32 sorting queue size 1   FPS: 29.722
I1014 11:38:08.435544  5118 demo_inner.hpp:177] decode queue size 0
I1014 11:38:08.435786  5121 work_thread.hpp:81]  [T-Work-Detect_0] Run work: WorkDetect
I1014 11:38:08.435822  5121 work_detect.cpp:102] Succeeded to add det start for frame 33
I1014 11:38:08.436518  5119 demo_inner.hpp:260]  gui queue size 1, state = running
I1014 11:38:08.442356  5121 work_detect.cpp:70] Frame :33 detect result :2 face(s)
W1014 11:38:08.442409  5121 work_detect.cpp:83] Invalid bbox: [133 x 157 from (257, 217)]
I1014 11:38:08.442499  5121 work_detect.cpp:86] Detected bbox: [58 x 52 from (92, 186)]
I1014 11:38:08.442544  5121 work_detect.cpp:120] Succeeded to add det end for frame 33
I1014 11:38:08.442562  5121 work_thread.hpp:81]  [T-Work-Detect_0] Run work: WrokTrack
I1014 11:38:08.442589  5121 work_track.cpp:82] Frame: 33 build input_characts: [0.090625 x 0.144444 from (0.14375, 0.516667)], 0.985729, 0
I1014 11:38:08.442647  5121 work_track.cpp:102] Succeeded to set track lock for frame 33
I1014 11:38:08.442687  5121 work_track.cpp:116] Succeeded to release track lock for frame 33
I1014 11:38:08.442701  5121 work_track.cpp:120] Track results of frame 33: 1 objects input, 1 objects tracked!
I1014 11:38:08.442718  5121 work_track.cpp:148] Frame: 33, track bbox: [58 x 52 from (92.2488, 185.958)], gid: 0, lid: 0
I1014 11:38:08.442754  5121 work_thread.hpp:88]  [T-Work-Detect_0] Frame :33 split
I1014 11:38:08.442772  5121 work_thread.hpp:120]  [T-Work-Detect_0] Valid piece: gid = 0
I1014 11:38:08.442790  5121 work_thread.hpp:92]  [T-Work-Detect_0] Push to split queue:recog
I1014 11:38:08.442852  5122 work_thread.hpp:81]  [T-Work-Recog_0] Run work: WorkCapture
I1014 11:38:08.443112  5124 thread_intergrate.hpp:78] [T-Intergrate-intergrate] queue: frame output frame :33
I1014 11:38:08.443344  5122 work_thread.hpp:81]  [T-Work-Recog_0] Run work: WorkRecog
W1014 11:38:08.443365  5122 work_recog.hpp:118] Face id: 0 has low quality : 0.0168876, no need to recog
I1014 11:38:08.443416  5122 work_thread.hpp:81]  [T-Work-Recog_0] Run work: WorkCompare
I1014 11:38:08.444634  5120 demo_inner.hpp:435] thread [SORT-0]  frame id 33 sorting queue size 0   FPS: 29.8229
I1014 11:38:08.471079  5118 demo_inner.hpp:177] decode queue size 0
I1014 11:38:08.471195  5121 work_thread.hpp:81]  [T-Work-Detect_0] Run work: WorkDetect
I1014 11:38:08.471231  5121 work_detect.cpp:102] Succeeded to add det start for frame 34
I1014 11:38:08.477818  5121 work_detect.cpp:70] Frame :34 detect result :2 face(s)
W1014 11:38:08.477859  5121 work_detect.cpp:83] Invalid bbox: [139 x 160 from (259, 216)]
I1014 11:38:08.477944  5121 work_detect.cpp:86] Detected bbox: [58 x 52 from (93, 185)]
I1014 11:38:08.477986  5121 work_detect.cpp:120] Succeeded to add det end for frame 34
I1014 11:38:08.478003  5121 work_thread.hpp:81]  [T-Work-Detect_0] Run work: WrokTrack
I1014 11:38:08.478027  5121 work_track.cpp:82] Frame: 34 build input_characts: [0.090625 x 0.144444 from (0.145313, 0.513889)], 0.994144, 0
I1014 11:38:08.478085  5121 work_track.cpp:102] Succeeded to set track lock for frame 34
I1014 11:38:08.478123  5121 work_track.cpp:116] Succeeded to release track lock for frame 34
I1014 11:38:08.478138  5121 work_track.cpp:120] Track results of frame 34: 1 objects input, 1 objects tracked!
I1014 11:38:08.478157  5121 work_track.cpp:148] Frame: 34, track bbox: [58 x 52 from (92.5599, 185.658)], gid: 0, lid: 0
I1014 11:38:08.478191  5121 work_thread.hpp:88]  [T-Work-Detect_0] Frame :34 split
I1014 11:38:08.478209  5121 work_thread.hpp:120]  [T-Work-Detect_0] Valid piece: gid = 0
I1014 11:38:08.478226  5121 work_thread.hpp:92]  [T-Work-Detect_0] Push to split queue:recog
I1014 11:38:08.478278  5123 work_thread.hpp:81]  [T-Work-Recog_1] Run work: WorkCapture
I1014 11:38:08.478523  5124 thread_intergrate.hpp:78] [T-Intergrate-intergrate] queue: frame output frame :34
I1014 11:38:08.478765  5123 work_thread.hpp:81]  [T-Work-Recog_1] Run work: WorkRecog
W1014 11:38:08.478786  5123 work_recog.hpp:118] Face id: 0 has low quality : 0.018967, no need to recog
I1014 11:38:08.478838  5123 work_thread.hpp:81]  [T-Work-Recog_1] Run work: WorkCompare
I1014 11:38:08.480041  5120 demo_inner.hpp:435] thread [SORT-0]  frame id 34 sorting queue size 1   FPS: 29.7565
I1014 11:38:08.501202  5118 demo_inner.hpp:177] decode queue size 0
I1014 11:38:08.501328  5121 work_thread.hpp:81]  [T-Work-Detect_0] Run work: WorkDetect
I1014 11:38:08.501363  5121 work_detect.cpp:102] Succeeded to add det start for frame 35
I1014 11:38:08.507944  5121 work_detect.cpp:70] Frame :35 detect result :2 face(s)
W1014 11:38:08.507987  5121 work_detect.cpp:83] Invalid bbox: [139 x 154 from (262, 223)]
I1014 11:38:08.508097  5121 work_detect.cpp:86] Detected bbox: [57 x 51 from (94, 186)]
I1014 11:38:08.508141  5121 work_detect.cpp:120] Succeeded to add det end for frame 35
I1014 11:38:08.508386  5121 work_thread.hpp:81]  [T-Work-Detect_0] Run work: WrokTrack
I1014 11:38:08.508414  5121 work_track.cpp:82] Frame: 35 build input_characts: [0.0890625 x 0.141667 from (0.146875, 0.516667)], 0.985729, 0
I1014 11:38:08.508471  5121 work_track.cpp:102] Succeeded to set track lock for frame 35
I1014 11:38:08.508510  5121 work_track.cpp:116] Succeeded to release track lock for frame 35
I1014 11:38:08.508524  5121 work_track.cpp:120] Track results of frame 35: 1 objects input, 1 objects tracked!
I1014 11:38:08.508543  5121 work_track.cpp:148] Frame: 35, track bbox: [57 x 51 from (93.7547, 186.176)], gid: 0, lid: 0
I1014 11:38:08.508579  5121 work_thread.hpp:88]  [T-Work-Detect_0] Frame :35 split
I1014 11:38:08.508596  5121 work_thread.hpp:120]  [T-Work-Detect_0] Valid piece: gid = 0
I1014 11:38:08.508615  5121 work_thread.hpp:92]  [T-Work-Detect_0] Push to split queue:recog
I1014 11:38:08.508661  5123 work_thread.hpp:81]  [T-Work-Recog_1] Run work: WorkCapture
I1014 11:38:08.508669  5124 thread_intergrate.hpp:78] [T-Intergrate-intergrate] queue: frame output frame :35
I1014 11:38:08.509155  5123 work_thread.hpp:81]  [T-Work-Recog_1] Run work: WorkRecog
W1014 11:38:08.509176  5123 work_recog.hpp:118] Face id: 0 has low quality : 0.0189665, no need to recog
I1014 11:38:08.509238  5123 work_thread.hpp:81]  [T-Work-Recog_1] Run work: WorkCompare
I1014 11:38:08.510176  5120 demo_inner.hpp:435] thread [SORT-0]  frame id 35 sorting queue size 2   FPS: 29.8507
I1014 11:38:08.520027  5119 demo_inner.hpp:260]  gui queue size 2, state = running
I1014 11:38:08.537082  5118 demo_inner.hpp:177] decode queue size 0
I1014 11:38:08.537199  5121 work_thread.hpp:81]  [T-Work-Detect_0] Run work: WorkDetect
I1014 11:38:08.537236  5121 work_detect.cpp:102] Succeeded to add det start for frame 36
I1014 11:38:08.544739  5121 work_detect.cpp:70] Frame :36 detect result :3 face(s)
W1014 11:38:08.544785  5121 work_detect.cpp:83] Invalid bbox: [136 x 153 from (265, 222)]
I1014 11:38:08.544868  5121 work_detect.cpp:86] Detected bbox: [54 x 48 from (94, 188)]
I1014 11:38:08.544900  5121 work_detect.cpp:86] Detected bbox: [25 x 46 from (433, 193)]
I1014 11:38:08.544932  5121 work_detect.cpp:120] Succeeded to add det end for frame 36
I1014 11:38:08.544948  5121 work_thread.hpp:81]  [T-Work-Detect_0] Run work: WrokTrack
I1014 11:38:08.544973  5121 work_track.cpp:82] Frame: 36 build input_characts: [0.084375 x 0.133333 from (0.146875, 0.522222)], 0.976131, 0
I1014 11:38:08.545027  5121 work_track.cpp:82] Frame: 36 build input_characts: [0.0390625 x 0.127778 from (0.676562, 0.536111)], 0.932491, 1
I1014 11:38:08.545068  5121 work_track.cpp:102] Succeeded to set track lock for frame 36
I1014 11:38:08.545114  5121 work_track.cpp:116] Succeeded to release track lock for frame 36
I1014 11:38:08.545128  5121 work_track.cpp:120] Track results of frame 36: 2 objects input, 1 objects tracked!
I1014 11:38:08.545145  5121 work_track.cpp:148] Frame: 36, track bbox: [54 x 48 from (94.594, 187.36)], gid: 0, lid: 0
I1014 11:38:08.545179  5121 work_track.cpp:162] Frame: 36 lid: 2 not tracked, will set invalid
I1014 11:38:08.545197  5121 work_thread.hpp:88]  [T-Work-Detect_0] Frame :36 split
I1014 11:38:08.545212  5121 work_thread.hpp:120]  [T-Work-Detect_0] Valid piece: gid = 0
I1014 11:38:08.545230  5121 work_thread.hpp:124]  [T-Work-Detect_0] Invalid piece: lid = 2, drop it
I1014 11:38:08.545295  5121 work_thread.hpp:92]  [T-Work-Detect_0] Push to split queue:recog
I1014 11:38:08.545848  5123 work_thread.hpp:81]  [T-Work-Recog_1] Run work: WorkCapture
I1014 11:38:08.546089  5124 thread_intergrate.hpp:78] [T-Intergrate-intergrate] queue: frame output frame :36
I1014 11:38:08.546331  5123 work_thread.hpp:81]  [T-Work-Recog_1] Run work: WorkRecog
W1014 11:38:08.546353  5123 work_recog.hpp:118] Face id: 0 has low quality : 0.0298068, no need to recog
I1014 11:38:08.546408  5123 work_thread.hpp:81]  [T-Work-Recog_1] Run work: WorkCompare
I1014 11:38:08.547596  5120 demo_inner.hpp:435] thread [SORT-0]  frame id 36 sorting queue size 0   FPS: 29.7619
I1014 11:38:08.567201  5118 demo_inner.hpp:177] decode queue size 0
I1014 11:38:08.567299  5121 work_thread.hpp:81]  [T-Work-Detect_0] Run work: WorkDetect
I1014 11:38:08.567337  5121 work_detect.cpp:102] Succeeded to add det start for frame 37
I1014 11:38:08.573928  5121 work_detect.cpp:70] Frame :37 detect result :3 face(s)
W1014 11:38:08.573971  5121 work_detect.cpp:83] Invalid bbox: [136 x 156 from (270, 223)]
I1014 11:38:08.574057  5121 work_detect.cpp:86] Detected bbox: [54 x 45 from (95, 188)]
I1014 11:38:08.574090  5121 work_detect.cpp:86] Detected bbox: [27 x 47 from (432, 191)]
I1014 11:38:08.574121  5121 work_detect.cpp:120] Succeeded to add det end for frame 37
I1014 11:38:08.574137  5121 work_thread.hpp:81]  [T-Work-Detect_0] Run work: WrokTrack
I1014 11:38:08.574162  5121 work_track.cpp:82] Frame: 37 build input_characts: [0.084375 x 0.125 from (0.148438, 0.522222)], 0.947545, 0
I1014 11:38:08.574215  5121 work_track.cpp:82] Frame: 37 build input_characts: [0.0421875 x 0.130556 from (0.675, 0.530556)], 0.927122, 1
I1014 11:38:08.574250  5121 work_track.cpp:102] Succeeded to set track lock for frame 37
I1014 11:38:08.574295  5121 work_track.cpp:116] Succeeded to release track lock for frame 37
I1014 11:38:08.574311  5121 work_track.cpp:120] Track results of frame 37: 2 objects input, 1 objects tracked!
I1014 11:38:08.574328  5121 work_track.cpp:148] Frame: 37, track bbox: [54 x 45 from (94.8909, 188.478)], gid: 0, lid: 0
I1014 11:38:08.574362  5121 work_track.cpp:162] Frame: 37 lid: 2 not tracked, will set invalid
I1014 11:38:08.574378  5121 work_thread.hpp:88]  [T-Work-Detect_0] Frame :37 split
I1014 11:38:08.574394  5121 work_thread.hpp:120]  [T-Work-Detect_0] Valid piece: gid = 0
I1014 11:38:08.574412  5121 work_thread.hpp:124]  [T-Work-Detect_0] Invalid piece: lid = 2, drop it
I1014 11:38:08.574427  5121 work_thread.hpp:92]  [T-Work-Detect_0] Push to split queue:recog
I1014 11:38:08.574478  5123 work_thread.hpp:81]  [T-Work-Recog_1] Run work: WorkCapture
I1014 11:38:08.574705  5124 thread_intergrate.hpp:78] [T-Intergrate-intergrate] queue: frame output frame :37
I1014 11:38:08.574946  5123 work_thread.hpp:81]  [T-Work-Recog_1] Run work: WorkRecog
W1014 11:38:08.574968  5123 work_recog.hpp:118] Face id: 0 has low quality : 0.0266797, no need to recog
I1014 11:38:08.575021  5123 work_thread.hpp:81]  [T-Work-Recog_1] Run work: WorkCompare
I1014 11:38:08.576228  5120 demo_inner.hpp:435] thread [SORT-0]  frame id 37 sorting queue size 1   FPS: 29.8755
I1014 11:38:08.603034  5118 demo_inner.hpp:177] decode queue size 0
I1014 11:38:08.603138  5121 work_thread.hpp:81]  [T-Work-Detect_0] Run work: WorkDetect
I1014 11:38:08.603173  5121 work_detect.cpp:102] Succeeded to add det start for frame 38
I1014 11:38:08.609755  5121 work_detect.cpp:70] Frame :38 detect result :2 face(s)
W1014 11:38:08.609799  5121 work_detect.cpp:83] Invalid bbox: [137 x 156 from (279, 222)]
I1014 11:38:08.609885  5121 work_detect.cpp:86] Detected bbox: [56 x 50 from (92, 186)]
I1014 11:38:08.609927  5121 work_detect.cpp:120] Succeeded to add det end for frame 38
I1014 11:38:08.609943  5121 work_thread.hpp:81]  [T-Work-Detect_0] Run work: WrokTrack
I1014 11:38:08.609968  5121 work_track.cpp:82] Frame: 38 build input_characts: [0.0875 x 0.138889 from (0.14375, 0.516667)], 0.981359, 0
I1014 11:38:08.610025  5121 work_track.cpp:102] Succeeded to set track lock for frame 38
I1014 11:38:08.610131  5121 work_track.cpp:116] Succeeded to release track lock for frame 38
I1014 11:38:08.610146  5121 work_track.cpp:120] Track results of frame 38: 1 objects input, 1 objects tracked!
I1014 11:38:08.610164  5121 work_track.cpp:148] Frame: 38, track bbox: [56 x 50 from (92.9627, 185.898)], gid: 0, lid: 0
I1014 11:38:08.610201  5121 work_thread.hpp:88]  [T-Work-Detect_0] Frame :38 split
I1014 11:38:08.610219  5121 work_thread.hpp:120]  [T-Work-Detect_0] Valid piece: gid = 0
I1014 11:38:08.610237  5121 work_thread.hpp:92]  [T-Work-Detect_0] Push to split queue:recog
I1014 11:38:08.610281  5122 work_thread.hpp:81]  [T-Work-Recog_0] Run work: WorkCapture
I1014 11:38:08.610512  5124 thread_intergrate.hpp:78] [T-Intergrate-intergrate] queue: frame output frame :38
I1014 11:38:08.610760  5122 work_thread.hpp:81]  [T-Work-Recog_0] Run work: WorkRecog
W1014 11:38:08.610781  5122 work_recog.hpp:118] Face id: 0 has low quality : 0.0238412, no need to recog
I1014 11:38:08.610853  5122 work_thread.hpp:81]  [T-Work-Recog_0] Run work: WorkCompare
I1014 11:38:08.612006  5120 demo_inner.hpp:435] thread [SORT-0]  frame id 38 sorting queue size 2   FPS: 29.8147
I1014 11:38:08.620148  5119 demo_inner.hpp:260]  gui queue size 2, state = running
I1014 11:38:08.639011  5118 demo_inner.hpp:177] decode queue size 0
I1014 11:38:08.639127  5121 work_thread.hpp:81]  [T-Work-Detect_0] Run work: WorkDetect
I1014 11:38:08.639165  5121 work_detect.cpp:102] Succeeded to add det start for frame 39
I1014 11:38:08.645803  5121 work_detect.cpp:70] Frame :39 detect result :2 face(s)
W1014 11:38:08.645849  5121 work_detect.cpp:83] Invalid bbox: [137 x 154 from (277, 225)]
I1014 11:38:08.645936  5121 work_detect.cpp:86] Detected bbox: [56 x 48 from (93, 188)]
I1014 11:38:08.645978  5121 work_detect.cpp:120] Succeeded to add det end for frame 39
I1014 11:38:08.645995  5121 work_thread.hpp:81]  [T-Work-Detect_0] Run work: WrokTrack
I1014 11:38:08.646020  5121 work_track.cpp:82] Frame: 39 build input_characts: [0.0875 x 0.133333 from (0.145313, 0.522222)], 0.959643, 0
I1014 11:38:08.646076  5121 work_track.cpp:102] Succeeded to set track lock for frame 39
I1014 11:38:08.646138  5121 work_track.cpp:116] Succeeded to release track lock for frame 39
I1014 11:38:08.646153  5121 work_track.cpp:120] Track results of frame 39: 1 objects input, 1 objects tracked!
I1014 11:38:08.646172  5121 work_track.cpp:148] Frame: 39, track bbox: [56 x 48 from (92.5966, 187.465)], gid: 0, lid: 0
I1014 11:38:08.646208  5121 work_thread.hpp:88]  [T-Work-Detect_0] Frame :39 split
I1014 11:38:08.646226  5121 work_thread.hpp:120]  [T-Work-Detect_0] Valid piece: gid = 0
I1014 11:38:08.646245  5121 work_thread.hpp:92]  [T-Work-Detect_0] Push to split queue:recog
I1014 11:38:08.646287  5122 work_thread.hpp:81]  [T-Work-Recog_0] Run work: WorkCapture
I1014 11:38:08.646513  5124 thread_intergrate.hpp:78] [T-Intergrate-intergrate] queue: frame output frame :39
I1014 11:38:08.646765  5122 work_thread.hpp:81]  [T-Work-Recog_0] Run work: WorkRecog
W1014 11:38:08.646786  5122 work_recog.hpp:118] Face id: 0 has low quality : 0.0266775, no need to recog
I1014 11:38:08.646842  5122 work_thread.hpp:81]  [T-Work-Recog_0] Run work: WorkCompare
I1014 11:38:08.647958  5120 demo_inner.hpp:435] thread [SORT-0]  frame id 39 sorting queue size 0   FPS: 29.7572
I1014 11:38:08.669126  5118 demo_inner.hpp:177] decode queue size 0
I1014 11:38:08.669224  5121 work_thread.hpp:81]  [T-Work-Detect_0] Run work: WorkDetect
I1014 11:38:08.669257  5121 work_detect.cpp:102] Succeeded to add det start for frame 40
I1014 11:38:08.675778  5121 work_detect.cpp:70] Frame :40 detect result :2 face(s)
W1014 11:38:08.675822  5121 work_detect.cpp:83] Invalid bbox: [137 x 156 from (279, 223)]
I1014 11:38:08.675913  5121 work_detect.cpp:86] Detected bbox: [55 x 45 from (94, 188)]
I1014 11:38:08.675956  5121 work_detect.cpp:120] Succeeded to add det end for frame 40
I1014 11:38:08.675973  5121 work_thread.hpp:81]  [T-Work-Detect_0] Run work: WrokTrack
I1014 11:38:08.675998  5121 work_track.cpp:82] Frame: 40 build input_characts: [0.0859375 x 0.125 from (0.146875, 0.522222)], 0.977486, 0
I1014 11:38:08.676096  5121 work_track.cpp:102] Succeeded to set track lock for frame 40
I1014 11:38:08.676137  5121 work_track.cpp:116] Succeeded to release track lock for frame 40
I1014 11:38:08.676152  5121 work_track.cpp:120] Track results of frame 40: 1 objects input, 1 objects tracked!
I1014 11:38:08.676195  5121 work_track.cpp:148] Frame: 40, track bbox: [55 x 45 from (93.3372, 188.432)], gid: 0, lid: 0
I1014 11:38:08.676231  5121 work_thread.hpp:88]  [T-Work-Detect_0] Frame :40 split
I1014 11:38:08.676249  5121 work_thread.hpp:120]  [T-Work-Detect_0] Valid piece: gid = 0
I1014 11:38:08.676267  5121 work_thread.hpp:92]  [T-Work-Detect_0] Push to split queue:recog
I1014 11:38:08.676314  5122 work_thread.hpp:81]  [T-Work-Recog_0] Run work: WorkCapture
I1014 11:38:08.676328  5124 thread_intergrate.hpp:78] [T-Intergrate-intergrate] queue: frame output frame :40
I1014 11:38:08.676784  5122 work_thread.hpp:81]  [T-Work-Recog_0] Run work: WorkRecog
W1014 11:38:08.676806  5122 work_recog.hpp:118] Face id: 0 has low quality : 0.0266806, no need to recog
I1014 11:38:08.676880  5122 work_thread.hpp:81]  [T-Work-Recog_0] Run work: WorkCompare
I1014 11:38:08.677829  5120 demo_inner.hpp:435] thread [SORT-0]  frame id 40 sorting queue size 1   FPS: 29.8622
I1014 11:38:08.687391  5119 demo_inner.hpp:260]  gui queue size 1, state = running
I1014 11:38:08.705071  5118 demo_inner.hpp:177] decode queue size 0
I1014 11:38:08.705185  5121 work_thread.hpp:81]  [T-Work-Detect_0] Run work: WorkDetect
I1014 11:38:08.705222  5121 work_detect.cpp:102] Succeeded to add det start for frame 41
I1014 11:38:08.711787  5121 work_detect.cpp:70] Frame :41 detect result :2 face(s)
W1014 11:38:08.711830  5121 work_detect.cpp:83] Invalid bbox: [144 x 161 from (279, 219)]
I1014 11:38:08.711915  5121 work_detect.cpp:86] Detected bbox: [57 x 49 from (93, 187)]
I1014 11:38:08.711958  5121 work_detect.cpp:120] Succeeded to add det end for frame 41
I1014 11:38:08.711974  5121 work_thread.hpp:81]  [T-Work-Detect_0] Run work: WrokTrack
I1014 11:38:08.711999  5121 work_track.cpp:82] Frame: 41 build input_characts: [0.0890625 x 0.136111 from (0.145313, 0.519444)], 0.981359, 0
I1014 11:38:08.712055  5121 work_track.cpp:102] Succeeded to set track lock for frame 41
I1014 11:38:08.712095  5121 work_track.cpp:116] Succeeded to release track lock for frame 41
I1014 11:38:08.712110  5121 work_track.cpp:120] Track results of frame 41: 1 objects input, 1 objects tracked!
I1014 11:38:08.712127  5121 work_track.cpp:148] Frame: 41, track bbox: [57 x 49 from (92.8084, 186.641)], gid: 0, lid: 0
I1014 11:38:08.712188  5121 work_thread.hpp:88]  [T-Work-Detect_0] Frame :41 split
I1014 11:38:08.712205  5121 work_thread.hpp:120]  [T-Work-Detect_0] Valid piece: gid = 0
I1014 11:38:08.712224  5121 work_thread.hpp:92]  [T-Work-Detect_0] Push to split queue:recog
I1014 11:38:08.712271  5123 work_thread.hpp:81]  [T-Work-Recog_1] Run work: WorkCapture
I1014 11:38:08.712513  5124 thread_intergrate.hpp:78] [T-Intergrate-intergrate] queue: frame output frame :41
I1014 11:38:08.712746  5123 work_thread.hpp:81]  [T-Work-Recog_1] Run work: WorkRecog
W1014 11:38:08.712767  5123 work_recog.hpp:118] Face id: 0 has low quality : 0.0238412, no need to recog
I1014 11:38:08.712818  5123 work_thread.hpp:81]  [T-Work-Recog_1] Run work: WorkCompare
I1014 11:38:08.714027  5120 demo_inner.hpp:435] thread [SORT-0]  frame id 41 sorting queue size 0   FPS: 29.7841
I1014 11:38:08.735461  5118 demo_inner.hpp:177] decode queue size 0
I1014 11:38:08.735643  5121 work_thread.hpp:81]  [T-Work-Detect_0] Run work: WorkDetect
I1014 11:38:08.735680  5121 work_detect.cpp:102] Succeeded to add det start for frame 42
I1014 11:38:08.742359  5121 work_detect.cpp:70] Frame :42 detect result :2 face(s)
W1014 11:38:08.742414  5121 work_detect.cpp:83] Invalid bbox: [140 x 158 from (282, 220)]
I1014 11:38:08.742501  5121 work_detect.cpp:86] Detected bbox: [56 x 48 from (93, 187)]
I1014 11:38:08.742545  5121 work_detect.cpp:120] Succeeded to add det end for frame 42
I1014 11:38:08.742606  5121 work_thread.hpp:81]  [T-Work-Detect_0] Run work: WrokTrack
I1014 11:38:08.742635  5121 work_track.cpp:82] Frame: 42 build input_characts: [0.0875 x 0.133333 from (0.145313, 0.519444)], 0.976131, 0
I1014 11:38:08.742691  5121 work_track.cpp:102] Succeeded to set track lock for frame 42
I1014 11:38:08.742733  5121 work_track.cpp:116] Succeeded to release track lock for frame 42
I1014 11:38:08.742748  5121 work_track.cpp:120] Track results of frame 42: 1 objects input, 1 objects tracked!
I1014 11:38:08.742765  5121 work_track.cpp:148] Frame: 42, track bbox: [56 x 48 from (93.1725, 187.271)], gid: 0, lid: 0
I1014 11:38:08.742801  5121 work_thread.hpp:88]  [T-Work-Detect_0] Frame :42 split
I1014 11:38:08.742818  5121 work_thread.hpp:120]  [T-Work-Detect_0] Valid piece: gid = 0
I1014 11:38:08.742836  5121 work_thread.hpp:92]  [T-Work-Detect_0] Push to split queue:recog
I1014 11:38:08.742894  5123 work_thread.hpp:81]  [T-Work-Recog_1] Run work: WorkCapture
I1014 11:38:08.743132  5124 thread_intergrate.hpp:78] [T-Intergrate-intergrate] queue: frame output frame :42
I1014 11:38:08.743381  5123 work_thread.hpp:81]  [T-Work-Recog_1] Run work: WorkRecog
W1014 11:38:08.743400  5123 work_recog.hpp:118] Face id: 0 has low quality : 0.03702, no need to recog
I1014 11:38:08.743477  5123 work_thread.hpp:81]  [T-Work-Recog_1] Run work: WorkCompare
I1014 11:38:08.744673  5120 demo_inner.hpp:435] thread [SORT-0]  frame id 42 sorting queue size 1   FPS: 29.8616
I1014 11:38:08.759625  5119 demo_inner.hpp:260]  gui queue size 1, state = running
I1014 11:38:08.771265  5118 demo_inner.hpp:177] decode queue size 0
I1014 11:38:08.771378  5121 work_thread.hpp:81]  [T-Work-Detect_0] Run work: WorkDetect
I1014 11:38:08.771416  5121 work_detect.cpp:102] Succeeded to add det start for frame 43
I1014 11:38:08.778929  5121 work_detect.cpp:70] Frame :43 detect result :2 face(s)
W1014 11:38:08.778976  5121 work_detect.cpp:83] Invalid bbox: [137 x 162 from (279, 219)]
I1014 11:38:08.779156  5121 work_detect.cpp:86] Detected bbox: [55 x 48 from (93, 187)]
I1014 11:38:08.779201  5121 work_detect.cpp:120] Succeeded to add det end for frame 43
I1014 11:38:08.779217  5121 work_thread.hpp:81]  [T-Work-Detect_0] Run work: WrokTrack
I1014 11:38:08.779243  5121 work_track.cpp:82] Frame: 43 build input_characts: [0.0859375 x 0.133333 from (0.145313, 0.519444)], 0.981359, 0
I1014 11:38:08.779302  5121 work_track.cpp:102] Succeeded to set track lock for frame 43
I1014 11:38:08.779341  5121 work_track.cpp:116] Succeeded to release track lock for frame 43
I1014 11:38:08.779356  5121 work_track.cpp:120] Track results of frame 43: 1 objects input, 1 objects tracked!
I1014 11:38:08.779374  5121 work_track.cpp:148] Frame: 43, track bbox: [55 x 48 from (93.6045, 187.023)], gid: 0, lid: 0
I1014 11:38:08.779409  5121 work_thread.hpp:88]  [T-Work-Detect_0] Frame :43 split
I1014 11:38:08.779426  5121 work_thread.hpp:120]  [T-Work-Detect_0] Valid piece: gid = 0
I1014 11:38:08.779444  5121 work_thread.hpp:92]  [T-Work-Detect_0] Push to split queue:recog
I1014 11:38:08.779490  5123 work_thread.hpp:81]  [T-Work-Recog_1] Run work: WorkCapture
I1014 11:38:08.779732  5124 thread_intergrate.hpp:78] [T-Intergrate-intergrate] queue: frame output frame :43
I1014 11:38:08.779976  5123 work_thread.hpp:81]  [T-Work-Recog_1] Run work: WorkRecog
W1014 11:38:08.779996  5123 work_recog.hpp:118] Face id: 0 has low quality : 0.0370211, no need to recog
I1014 11:38:08.780076  5123 work_thread.hpp:81]  [T-Work-Recog_1] Run work: WorkCompare
I1014 11:38:08.781224  5120 demo_inner.hpp:435] thread [SORT-0]  frame id 43 sorting queue size 0   FPS: 29.7872
I1014 11:38:08.801219  5118 demo_inner.hpp:177] decode queue size 0
I1014 11:38:08.801322  5121 work_thread.hpp:81]  [T-Work-Detect_0] Run work: WorkDetect
I1014 11:38:08.801357  5121 work_detect.cpp:102] Succeeded to add det start for frame 44
I1014 11:38:08.807994  5121 work_detect.cpp:70] Frame :44 detect result :2 face(s)
W1014 11:38:08.808037  5121 work_detect.cpp:83] Invalid bbox: [144 x 157 from (279, 222)]
I1014 11:38:08.808459  5121 work_detect.cpp:86] Detected bbox: [53 x 41 from (94, 190)]
I1014 11:38:08.808503  5121 work_detect.cpp:120] Succeeded to add det end for frame 44
I1014 11:38:08.808521  5121 work_thread.hpp:81]  [T-Work-Detect_0] Run work: WrokTrack
I1014 11:38:08.808545  5121 work_track.cpp:82] Frame: 44 build input_characts: [0.0828125 x 0.113889 from (0.146875, 0.527778)], 0.909375, 0
I1014 11:38:08.808602  5121 work_track.cpp:102] Succeeded to set track lock for frame 44
I1014 11:38:08.808641  5121 work_track.cpp:116] Succeeded to release track lock for frame 44
I1014 11:38:08.808656  5121 work_track.cpp:120] Track results of frame 44: 1 objects input, 1 objects tracked!
I1014 11:38:08.808673  5121 work_track.cpp:148] Frame: 44, track bbox: [53 x 41 from (94.0833, 190.134)], gid: 0, lid: 0
I1014 11:38:08.808708  5121 work_thread.hpp:88]  [T-Work-Detect_0] Frame :44 split
I1014 11:38:08.808727  5121 work_thread.hpp:120]  [T-Work-Detect_0] Valid piece: gid = 0
I1014 11:38:08.808743  5121 work_thread.hpp:92]  [T-Work-Detect_0] Push to split queue:recog
I1014 11:38:08.808794  5123 work_thread.hpp:81]  [T-Work-Recog_1] Run work: WorkCapture
I1014 11:38:08.809026  5124 thread_intergrate.hpp:78] [T-Intergrate-intergrate] queue: frame output frame :44
I1014 11:38:08.809262  5123 work_thread.hpp:81]  [T-Work-Recog_1] Run work: WorkRecog
W1014 11:38:08.809285  5123 work_recog.hpp:118] Face id: 0 has low quality : 0.023843, no need to recog
I1014 11:38:08.809339  5123 work_thread.hpp:81]  [T-Work-Recog_1] Run work: WorkCompare
I1014 11:38:08.810601  5120 demo_inner.hpp:435] thread [SORT-0]  frame id 44 sorting queue size 1   FPS: 29.8819
I1014 11:38:08.837074  5118 demo_inner.hpp:177] decode queue size 0
I1014 11:38:08.837186  5121 work_thread.hpp:81]  [T-Work-Detect_0] Run work: WorkDetect
I1014 11:38:08.837224  5121 work_detect.cpp:102] Succeeded to add det start for frame 45
I1014 11:38:08.843796  5121 work_detect.cpp:70] Frame :45 detect result :2 face(s)
W1014 11:38:08.843843  5121 work_detect.cpp:83] Invalid bbox: [144 x 162 from (278, 217)]
I1014 11:38:08.843930  5121 work_detect.cpp:86] Detected bbox: [56 x 48 from (93, 187)]
I1014 11:38:08.843973  5121 work_detect.cpp:120] Succeeded to add det end for frame 45
I1014 11:38:08.843989  5121 work_thread.hpp:81]  [T-Work-Detect_0] Run work: WrokTrack
I1014 11:38:08.844014  5121 work_track.cpp:82] Frame: 45 build input_characts: [0.0875 x 0.133333 from (0.145313, 0.519444)], 0.981359, 0
I1014 11:38:08.844071  5121 work_track.cpp:102] Succeeded to set track lock for frame 45
I1014 11:38:08.844110  5121 work_track.cpp:116] Succeeded to release track lock for frame 45
I1014 11:38:08.844125  5121 work_track.cpp:120] Track results of frame 45: 1 objects input, 1 objects tracked!
I1014 11:38:08.844142  5121 work_track.cpp:148] Frame: 45, track bbox: [56 x 48 from (92.5623, 186.88)], gid: 0, lid: 0
I1014 11:38:08.844194  5121 work_thread.hpp:88]  [T-Work-Detect_0] Frame :45 split
I1014 11:38:08.844213  5121 work_thread.hpp:120]  [T-Work-Detect_0] Valid piece: gid = 0
I1014 11:38:08.844230  5121 work_thread.hpp:92]  [T-Work-Detect_0] Push to split queue:recog
I1014 11:38:08.844275  5122 work_thread.hpp:81]  [T-Work-Recog_0] Run work: WorkCapture
I1014 11:38:08.844281  5124 thread_intergrate.hpp:78] [T-Intergrate-intergrate] queue: frame output frame :45
I1014 11:38:08.844758  5122 work_thread.hpp:81]  [T-Work-Recog_0] Run work: WorkRecog
W1014 11:38:08.844780  5122 work_recog.hpp:118] Face id: 0 has low quality : 0.0298068, no need to recog
I1014 11:38:08.844835  5122 work_thread.hpp:81]  [T-Work-Recog_0] Run work: WorkCompare
I1014 11:38:08.845794  5120 demo_inner.hpp:435] thread [SORT-0]  frame id 45 sorting queue size 2   FPS: 29.8507
I1014 11:38:08.854590  5119 demo_inner.hpp:260]  gui queue size 2, state = running
I1014 11:38:08.867288  5118 demo_inner.hpp:177] decode queue size 0
I1014 11:38:08.867388  5121 work_thread.hpp:81]  [T-Work-Detect_0] Run work: WorkDetect
I1014 11:38:08.867424  5121 work_detect.cpp:102] Succeeded to add det start for frame 46
I1014 11:38:08.874080  5121 work_detect.cpp:70] Frame :46 detect result :2 face(s)
W1014 11:38:08.874125  5121 work_detect.cpp:83] Invalid bbox: [129 x 153 from (281, 220)]
I1014 11:38:08.874229  5121 work_detect.cpp:86] Detected bbox: [54 x 49 from (93, 186)]
I1014 11:38:08.874272  5121 work_detect.cpp:120] Succeeded to add det end for frame 46
I1014 11:38:08.874289  5121 work_thread.hpp:81]  [T-Work-Detect_0] Run work: WrokTrack
I1014 11:38:08.874312  5121 work_track.cpp:82] Frame: 46 build input_characts: [0.084375 x 0.136111 from (0.145313, 0.516667)], 0.986762, 0
I1014 11:38:08.874369  5121 work_track.cpp:102] Succeeded to set track lock for frame 46
I1014 11:38:08.874408  5121 work_track.cpp:116] Succeeded to release track lock for frame 46
I1014 11:38:08.874423  5121 work_track.cpp:120] Track results of frame 46: 1 objects input, 1 objects tracked!
I1014 11:38:08.874441  5121 work_track.cpp:148] Frame: 46, track bbox: [54 x 49 from (93.2082, 186.017)], gid: 0, lid: 0
I1014 11:38:08.874476  5121 work_thread.hpp:88]  [T-Work-Detect_0] Frame :46 split
I1014 11:38:08.874493  5121 work_thread.hpp:120]  [T-Work-Detect_0] Valid piece: gid = 0
I1014 11:38:08.874511  5121 work_thread.hpp:92]  [T-Work-Detect_0] Push to split queue:recog
I1014 11:38:08.874558  5122 work_thread.hpp:81]  [T-Work-Recog_0] Run work: WorkCapture
