I1014 16:29:46.384690 10063 work_track.cpp:82] Frame: 18 build input_characts: [0.24375 x 0.594444 from (0.373437, 0.2)], 1.00019, 0
I1014 16:29:46.384743 10063 work_track.cpp:102] Succeeded to set track lock for frame 18
I1014 16:29:46.384783 10063 work_track.cpp:116] Succeeded to release track lock for frame 18
I1014 16:29:46.384797 10063 work_track.cpp:120] Track results of frame 18: 1 objects input, 1 objects tracked!
I1014 16:29:46.384815 10063 work_track.cpp:148] Frame: 18, track bbox: [156 x 214 from (243.407, 69.9761)], gid: 0, lid: 0
I1014 16:29:46.384851 10063 work_thread.hpp:87]  [T-Work-Detect_0] Frame :18 split
I1014 16:29:46.384868 10063 work_thread.hpp:120]  [T-Work-Detect_0] Valid piece: gid = 0
I1014 16:29:46.384886 10063 work_thread.hpp:91]  [T-Work-Detect_0] Push to split queue:recog
I1014 16:29:46.384928 10064 work_thread.hpp:81]  [T-Work-Recog_0] Run work: WorkCapture
I1014 16:29:46.384930 10066 thread_intergrate.hpp:78] [T-Intergrate-intergrate] queue: frame output frame :18
I1014 16:29:46.384969 10066 thread_intergrate.hpp:85] [T-Intergrate-intergrate] queue: compare output face:0
I1014 16:29:46.384989 10066 thread_intergrate.hpp:144] T-Intergrate-intergrate set matched face: 0
I1014 16:29:46.385498 10064 work_thread.hpp:81]  [T-Work-Recog_0] Run work: WorkRecog
I1014 16:29:46.385521 10064 work_recog.hpp:89] Face id: 0 will run recog: bbox [156 x 214 from (239, 72)] quality: 0.418353
I1014 16:29:46.385551 10064 work_recog.hpp:96] Recog pair: [224 x 304 from (208, 24)], [156 x 214 from (31, 48)]
I1014 16:29:46.386456 10066 thread_intergrate.hpp:188] T-Intergrate-intergrate Show face :0, size :640 * 360
I1014 16:29:46.387022 10062 demo_inner.hpp:435] thread [SORT-0]  frame id 18 sorting queue size 0   FPS: 19.9297
I1014 16:29:46.387117 10061 demo_inner.hpp:260]  gui queue size 0, state = running
I1014 16:29:46.403313 10064 work_thread.hpp:81]  [T-Work-Recog_0] Run work: WorkCompare
I1014 16:29:46.403776 10064 work_compare.cpp:76] Compare face: 0 successed, similarity :0.996908, name : images/ThangLMb.jpg, normal size : 1548 * 1719!
I1014 16:29:46.425433 10060 demo_inner.hpp:177] decode queue size 0
I1014 16:29:46.425530 10063 work_thread.hpp:81]  [T-Work-Detect_0] Run work: WorkDetect
I1014 16:29:46.425565 10063 work_detect.cpp:102] Succeeded to add det start for frame 19
I1014 16:29:46.432219 10063 work_detect.cpp:70] Frame :19 detect result :1 face(s)
I1014 16:29:46.432266 10063 work_detect.cpp:86] Detected bbox: [145 x 194 from (253, 77)]
I1014 16:29:46.432310 10063 work_detect.cpp:120] Succeeded to add det end for frame 19
I1014 16:29:46.432325 10063 work_thread.hpp:81]  [T-Work-Detect_0] Run work: WrokTrack
I1014 16:29:46.432350 10063 work_track.cpp:82] Frame: 19 build input_characts: [0.226562 x 0.538889 from (0.395312, 0.213889)], 1.00019, 0
I1014 16:29:46.432404 10063 work_track.cpp:102] Succeeded to set track lock for frame 19
I1014 16:29:46.432443 10063 work_track.cpp:116] Succeeded to release track lock for frame 19
I1014 16:29:46.432457 10063 work_track.cpp:120] Track results of frame 19: 1 objects input, 1 objects tracked!
I1014 16:29:46.432476 10063 work_track.cpp:148] Frame: 19, track bbox: [145 x 194 from (252.201, 78.2133)], gid: 0, lid: 0
I1014 16:29:46.432512 10063 work_thread.hpp:87]  [T-Work-Detect_0] Frame :19 split
I1014 16:29:46.432528 10063 work_thread.hpp:120]  [T-Work-Detect_0] Valid piece: gid = 0
I1014 16:29:46.432546 10063 work_thread.hpp:91]  [T-Work-Detect_0] Push to split queue:recog
I1014 16:29:46.432597 10065 work_thread.hpp:81]  [T-Work-Recog_1] Run work: WorkCapture
I1014 16:29:46.432597 10066 thread_intergrate.hpp:78] [T-Intergrate-intergrate] queue: frame output frame :19
I1014 16:29:46.432710 10066 thread_intergrate.hpp:85] [T-Intergrate-intergrate] queue: compare output face:0
I1014 16:29:46.432731 10066 thread_intergrate.hpp:144] T-Intergrate-intergrate set matched face: 0
I1014 16:29:46.433245 10065 work_thread.hpp:81]  [T-Work-Recog_1] Run work: WorkRecog
I1014 16:29:46.433269 10065 work_recog.hpp:89] Face id: 0 will run recog: bbox [145 x 194 from (253, 77)] quality: 0.455604
I1014 16:29:46.433298 10065 work_recog.hpp:96] Recog pair: [208 x 280 from (224, 32)], [145 x 194 from (29, 45)]
I1014 16:29:46.434203 10066 thread_intergrate.hpp:188] T-Intergrate-intergrate Show face :0, size :640 * 360
I1014 16:29:46.434736 10062 demo_inner.hpp:435] thread [SORT-0]  frame id 19 sorting queue size 0   FPS: 19.9778
I1014 16:29:46.434825 10061 demo_inner.hpp:260]  gui queue size 0, state = running
I1014 16:29:46.451030 10065 work_thread.hpp:81]  [T-Work-Recog_1] Run work: WorkCompare
I1014 16:29:46.451493 10065 work_compare.cpp:76] Compare face: 0 successed, similarity :0.997342, name : images/ThangLMb.jpg, normal size : 1548 * 1719!
I1014 16:29:46.473526 10060 demo_inner.hpp:177] decode queue size 0
I1014 16:29:46.473630 10063 work_thread.hpp:81]  [T-Work-Detect_0] Run work: WorkDetect
I1014 16:29:46.473664 10063 work_detect.cpp:102] Succeeded to add det start for frame 20
I1014 16:29:46.480255 10063 work_detect.cpp:70] Frame :20 detect result :1 face(s)
I1014 16:29:46.480300 10063 work_detect.cpp:86] Detected bbox: [149 x 198 from (251, 75)]
I1014 16:29:46.480343 10063 work_detect.cpp:120] Succeeded to add det end for frame 20
I1014 16:29:46.480360 10063 work_thread.hpp:81]  [T-Work-Detect_0] Run work: WrokTrack
I1014 16:29:46.480384 10063 work_track.cpp:82] Frame: 20 build input_characts: [0.232812 x 0.55 from (0.392188, 0.208333)], 1.00019, 0
I1014 16:29:46.480438 10063 work_track.cpp:102] Succeeded to set track lock for frame 20
I1014 16:29:46.480479 10063 work_track.cpp:116] Succeeded to release track lock for frame 20
I1014 16:29:46.480492 10063 work_track.cpp:120] Track results of frame 20: 1 objects input, 1 objects tracked!
I1014 16:29:46.480509 10063 work_track.cpp:148] Frame: 20, track bbox: [149 x 198 from (250.762, 75.5736)], gid: 0, lid: 0
I1014 16:29:46.480545 10063 work_thread.hpp:87]  [T-Work-Detect_0] Frame :20 split
I1014 16:29:46.480562 10063 work_thread.hpp:120]  [T-Work-Detect_0] Valid piece: gid = 0
I1014 16:29:46.480581 10063 work_thread.hpp:91]  [T-Work-Detect_0] Push to split queue:recog
I1014 16:29:46.480626 10065 work_thread.hpp:81]  [T-Work-Recog_1] Run work: WorkCapture
I1014 16:29:46.480628 10066 thread_intergrate.hpp:78] [T-Intergrate-intergrate] queue: frame output frame :20
I1014 16:29:46.480669 10066 thread_intergrate.hpp:85] [T-Intergrate-intergrate] queue: compare output face:0
I1014 16:29:46.480688 10066 thread_intergrate.hpp:144] T-Intergrate-intergrate set matched face: 0
I1014 16:29:46.481205 10065 work_thread.hpp:81]  [T-Work-Recog_1] Run work: WorkRecog
I1014 16:29:46.481230 10065 work_recog.hpp:89] Face id: 0 will run recog: bbox [149 x 198 from (251, 75)] quality: 0.46401
I1014 16:29:46.481261 10065 work_recog.hpp:96] Recog pair: [216 x 280 from (216, 32)], [149 x 198 from (35, 43)]
I1014 16:29:46.482164 10066 thread_intergrate.hpp:188] T-Intergrate-intergrate Show face :0, size :640 * 360
I1014 16:29:46.482693 10062 demo_inner.hpp:435] thread [SORT-0]  frame id 20 sorting queue size 0   FPS: 20.0211
I1014 16:29:46.482774 10061 demo_inner.hpp:260]  gui queue size 0, state = running
I1014 16:29:46.499586 10065 work_thread.hpp:81]  [T-Work-Recog_1] Run work: WorkCompare
I1014 16:29:46.500066 10065 work_compare.cpp:76] Compare face: 0 successed, similarity :0.995636, name : images/ThangLMb.jpg, normal size : 1548 * 1719!
I1014 16:29:46.527432 10060 demo_inner.hpp:177] decode queue size 0
I1014 16:29:46.527559 10063 work_thread.hpp:81]  [T-Work-Detect_0] Run work: WorkDetect
I1014 16:29:46.527596 10063 work_detect.cpp:102] Succeeded to add det start for frame 21
I1014 16:29:46.534361 10063 work_detect.cpp:70] Frame :21 detect result :1 face(s)
I1014 16:29:46.534410 10063 work_detect.cpp:86] Detected bbox: [149 x 199 from (251, 75)]
I1014 16:29:46.534452 10063 work_detect.cpp:120] Succeeded to add det end for frame 21
I1014 16:29:46.534468 10063 work_thread.hpp:81]  [T-Work-Detect_0] Run work: WrokTrack
I1014 16:29:46.534492 10063 work_track.cpp:82] Frame: 21 build input_characts: [0.232812 x 0.552778 from (0.392188, 0.208333)], 1.00019, 0
I1014 16:29:46.534548 10063 work_track.cpp:102] Succeeded to set track lock for frame 21
I1014 16:29:46.534586 10063 work_track.cpp:116] Succeeded to release track lock for frame 21
I1014 16:29:46.534600 10063 work_track.cpp:120] Track results of frame 21: 1 objects input, 1 objects tracked!
I1014 16:29:46.534618 10063 work_track.cpp:148] Frame: 21, track bbox: [149 x 199 from (250.04, 74.9996)], gid: 0, lid: 0
I1014 16:29:46.534653 10063 work_thread.hpp:87]  [T-Work-Detect_0] Frame :21 split
I1014 16:29:46.534672 10063 work_thread.hpp:120]  [T-Work-Detect_0] Valid piece: gid = 0
I1014 16:29:46.534689 10063 work_thread.hpp:91]  [T-Work-Detect_0] Push to split queue:recog
I1014 16:29:46.534739 10064 work_thread.hpp:81]  [T-Work-Recog_0] Run work: WorkCapture
I1014 16:29:46.534750 10066 thread_intergrate.hpp:78] [T-Intergrate-intergrate] queue: frame output frame :21
I1014 16:29:46.534775 10066 thread_intergrate.hpp:85] [T-Intergrate-intergrate] queue: compare output face:0
I1014 16:29:46.534792 10066 thread_intergrate.hpp:144] T-Intergrate-intergrate set matched face: 0
I1014 16:29:46.535305 10064 work_thread.hpp:81]  [T-Work-Recog_0] Run work: WorkRecog
I1014 16:29:46.535333 10064 work_recog.hpp:89] Face id: 0 will run recog: bbox [149 x 199 from (251, 75)] quality: 0.472717
I1014 16:29:46.535362 10064 work_recog.hpp:96] Recog pair: [216 x 288 from (216, 32)], [149 x 199 from (35, 43)]
I1014 16:29:46.536273 10066 thread_intergrate.hpp:188] T-Intergrate-intergrate Show face :0, size :640 * 360
I1014 16:29:46.536789 10062 demo_inner.hpp:435] thread [SORT-0]  frame id 21 sorting queue size 0   FPS: 19.9402
I1014 16:29:46.536865 10061 demo_inner.hpp:260]  gui queue size 0, state = running
I1014 16:29:46.556273 10064 work_thread.hpp:81]  [T-Work-Recog_0] Run work: WorkCompare
I1014 16:29:46.556737 10064 work_compare.cpp:76] Compare face: 0 successed, similarity :0.995964, name : images/ThangLMb.jpg, normal size : 1548 * 1719!
I1014 16:29:46.575362 10060 demo_inner.hpp:177] decode queue size 0
I1014 16:29:46.575455 10063 work_thread.hpp:81]  [T-Work-Detect_0] Run work: WorkDetect
I1014 16:29:46.575490 10063 work_detect.cpp:102] Succeeded to add det start for frame 22
I1014 16:29:46.582154 10063 work_detect.cpp:70] Frame :22 detect result :1 face(s)
I1014 16:29:46.582203 10063 work_detect.cpp:86] Detected bbox: [148 x 201 from (252, 74)]
I1014 16:29:46.582247 10063 work_detect.cpp:120] Succeeded to add det end for frame 22
I1014 16:29:46.582263 10063 work_thread.hpp:81]  [T-Work-Detect_0] Run work: WrokTrack
I1014 16:29:46.582288 10063 work_track.cpp:82] Frame: 22 build input_characts: [0.23125 x 0.558333 from (0.39375, 0.205556)], 1.00019, 0
I1014 16:29:46.582342 10063 work_track.cpp:102] Succeeded to set track lock for frame 22
I1014 16:29:46.582382 10063 work_track.cpp:116] Succeeded to release track lock for frame 22
I1014 16:29:46.582396 10063 work_track.cpp:120] Track results of frame 22: 1 objects input, 1 objects tracked!
I1014 16:29:46.582414 10063 work_track.cpp:148] Frame: 22, track bbox: [148 x 201 from (251.969, 73.531)], gid: 0, lid: 0
I1014 16:29:46.582449 10063 work_thread.hpp:87]  [T-Work-Detect_0] Frame :22 split
I1014 16:29:46.582468 10063 work_thread.hpp:120]  [T-Work-Detect_0] Valid piece: gid = 0
I1014 16:29:46.582485 10063 work_thread.hpp:91]  [T-Work-Detect_0] Push to split queue:recog
I1014 16:29:46.582528 10064 work_thread.hpp:81]  [T-Work-Recog_0] Run work: WorkCapture
I1014 16:29:46.582538 10066 thread_intergrate.hpp:78] [T-Intergrate-intergrate] queue: frame output frame :22
I1014 16:29:46.582563 10066 thread_intergrate.hpp:85] [T-Intergrate-intergrate] queue: compare output face:0
I1014 16:29:46.582655 10066 thread_intergrate.hpp:144] T-Intergrate-intergrate set matched face: 0
I1014 16:29:46.583101 10064 work_thread.hpp:81]  [T-Work-Recog_0] Run work: WorkRecog
I1014 16:29:46.583125 10064 work_recog.hpp:89] Face id: 0 will run recog: bbox [148 x 201 from (252, 74)] quality: 0.4807
I1014 16:29:46.583155 10064 work_recog.hpp:96] Recog pair: [216 x 288 from (216, 32)], [148 x 201 from (36, 42)]
I1014 16:29:46.584154 10066 thread_intergrate.hpp:188] T-Intergrate-intergrate Show face :0, size :640 * 360
I1014 16:29:46.584751 10062 demo_inner.hpp:435] thread [SORT-0]  frame id 22 sorting queue size 0   FPS: 19.981
I1014 16:29:46.584822 10061 demo_inner.hpp:260]  gui queue size 0, state = running
I1014 16:29:46.600824 10064 work_thread.hpp:81]  [T-Work-Recog_0] Run work: WorkCompare
I1014 16:29:46.601299 10064 work_compare.cpp:76] Compare face: 0 successed, similarity :0.995661, name : images/ThangLMb.jpg, normal size : 1548 * 1719!
I1014 16:29:46.623896 10060 demo_inner.hpp:177] decode queue size 0
I1014 16:29:46.624065 10063 work_thread.hpp:81]  [T-Work-Detect_0] Run work: WorkDetect
I1014 16:29:46.624104 10063 work_detect.cpp:102] Succeeded to add det start for frame 23
I1014 16:29:46.630687 10063 work_detect.cpp:70] Frame :23 detect result :1 face(s)
I1014 16:29:46.630738 10063 work_detect.cpp:86] Detected bbox: [154 x 210 from (240, 74)]
I1014 16:29:46.630780 10063 work_detect.cpp:120] Succeeded to add det end for frame 23
I1014 16:29:46.630797 10063 work_thread.hpp:81]  [T-Work-Detect_0] Run work: WrokTrack
I1014 16:29:46.630821 10063 work_track.cpp:82] Frame: 23 build input_characts: [0.240625 x 0.583333 from (0.375, 0.205556)], 1.00019, 0
I1014 16:29:46.630877 10063 work_track.cpp:102] Succeeded to set track lock for frame 23
I1014 16:29:46.630914 10063 work_track.cpp:116] Succeeded to release track lock for frame 23
I1014 16:29:46.630929 10063 work_track.cpp:120] Track results of frame 23: 1 objects input, 1 objects tracked!
I1014 16:29:46.630946 10063 work_track.cpp:148] Frame: 23, track bbox: [154 x 210 from (245.839, 70.9726)], gid: 0, lid: 0
I1014 16:29:46.630981 10063 work_thread.hpp:87]  [T-Work-Detect_0] Frame :23 split
I1014 16:29:46.631000 10063 work_thread.hpp:120]  [T-Work-Detect_0] Valid piece: gid = 0
I1014 16:29:46.631017 10063 work_thread.hpp:91]  [T-Work-Detect_0] Push to split queue:recog
I1014 16:29:46.631080 10064 work_thread.hpp:81]  [T-Work-Recog_0] Run work: WorkCapture
I1014 16:29:46.631383 10066 thread_intergrate.hpp:78] [T-Intergrate-intergrate] queue: frame output frame :23
I1014 16:29:46.631410 10066 thread_intergrate.hpp:85] [T-Intergrate-intergrate] queue: compare output face:0
I1014 16:29:46.631429 10066 thread_intergrate.hpp:144] T-Intergrate-intergrate set matched face: 0
I1014 16:29:46.631641 10064 work_thread.hpp:81]  [T-Work-Recog_0] Run work: WorkRecog
I1014 16:29:46.631665 10064 work_recog.hpp:89] Face id: 0 will run recog: bbox [154 x 210 from (240, 74)] quality: 0.429892
I1014 16:29:46.631691 10064 work_recog.hpp:96] Recog pair: [216 x 296 from (208, 32)], [154 x 210 from (32, 42)]
I1014 16:29:46.632966 10066 thread_intergrate.hpp:188] T-Intergrate-intergrate Show face :0, size :640 * 360
I1014 16:29:46.633556 10062 demo_inner.hpp:435] thread [SORT-0]  frame id 23 sorting queue size 0   FPS: 20.0182
I1014 16:29:46.633627 10061 demo_inner.hpp:260]  gui queue size 0, state = running
I1014 16:29:46.649217 10064 work_thread.hpp:81]  [T-Work-Recog_0] Run work: WorkCompare
I1014 16:29:46.649684 10064 work_compare.cpp:76] Compare face: 0 successed, similarity :0.997045, name : images/ThangLMb.jpg, normal size : 1548 * 1719!
I1014 16:29:46.677500 10060 demo_inner.hpp:177] decode queue size 0
I1014 16:29:46.677623 10063 work_thread.hpp:81]  [T-Work-Detect_0] Run work: WorkDetect
I1014 16:29:46.677659 10063 work_detect.cpp:102] Succeeded to add det start for frame 24
I1014 16:29:46.684376 10063 work_detect.cpp:70] Frame :24 detect result :1 face(s)
I1014 16:29:46.684424 10063 work_detect.cpp:86] Detected bbox: [148 x 201 from (252, 77)]
I1014 16:29:46.684538 10063 work_detect.cpp:120] Succeeded to add det end for frame 24
I1014 16:29:46.684556 10063 work_thread.hpp:81]  [T-Work-Detect_0] Run work: WrokTrack
I1014 16:29:46.684581 10063 work_track.cpp:82] Frame: 24 build input_characts: [0.23125 x 0.558333 from (0.39375, 0.213889)], 1.00019, 0
I1014 16:29:46.684638 10063 work_track.cpp:102] Succeeded to set track lock for frame 24
I1014 16:29:46.684676 10063 work_track.cpp:116] Succeeded to release track lock for frame 24
I1014 16:29:46.684690 10063 work_track.cpp:120] Track results of frame 24: 1 objects input, 1 objects tracked!
I1014 16:29:46.684707 10063 work_track.cpp:148] Frame: 24, track bbox: [148 x 201 from (248.641, 77.4117)], gid: 0, lid: 0
I1014 16:29:46.684742 10063 work_thread.hpp:87]  [T-Work-Detect_0] Frame :24 split
I1014 16:29:46.684759 10063 work_thread.hpp:120]  [T-Work-Detect_0] Valid piece: gid = 0
I1014 16:29:46.684777 10063 work_thread.hpp:91]  [T-Work-Detect_0] Push to split queue:recog
I1014 16:29:46.684823 10064 work_thread.hpp:81]  [T-Work-Recog_0] Run work: WorkCapture
I1014 16:29:46.685123 10066 thread_intergrate.hpp:78] [T-Intergrate-intergrate] queue: frame output frame :24
I1014 16:29:46.685149 10066 thread_intergrate.hpp:85] [T-Intergrate-intergrate] queue: compare output face:0
I1014 16:29:46.685168 10066 thread_intergrate.hpp:144] T-Intergrate-intergrate set matched face: 0
I1014 16:29:46.685374 10064 work_thread.hpp:81]  [T-Work-Recog_0] Run work: WorkRecog
I1014 16:29:46.685397 10064 work_recog.hpp:89] Face id: 0 will run recog: bbox [148 x 201 from (252, 77)] quality: 0.475399
I1014 16:29:46.685425 10064 work_recog.hpp:96] Recog pair: [216 x 288 from (216, 32)], [148 x 201 from (36, 45)]
I1014 16:29:46.686713 10066 thread_intergrate.hpp:188] T-Intergrate-intergrate Show face :0, size :640 * 360
I1014 16:29:46.687258 10062 demo_inner.hpp:435] thread [SORT-0]  frame id 24 sorting queue size 0   FPS: 19.948
I1014 16:29:46.687331 10061 demo_inner.hpp:260]  gui queue size 0, state = running
I1014 16:29:46.702960 10064 work_thread.hpp:81]  [T-Work-Recog_0] Run work: WorkCompare
I1014 16:29:46.703429 10064 work_compare.cpp:76] Compare face: 0 successed, similarity :0.996959, name : images/ThangLMb.jpg, normal size : 1548 * 1719!
I1014 16:29:46.725351 10060 demo_inner.hpp:177] decode queue size 0
I1014 16:29:46.725442 10063 work_thread.hpp:81]  [T-Work-Detect_0] Run work: WorkDetect
I1014 16:29:46.725479 10063 work_detect.cpp:102] Succeeded to add det start for frame 25
I1014 16:29:46.732034 10063 work_detect.cpp:70] Frame :25 detect result :1 face(s)
I1014 16:29:46.732076 10063 work_detect.cpp:86] Detected bbox: [160 x 218 from (238, 70)]
I1014 16:29:46.732118 10063 work_detect.cpp:120] Succeeded to add det end for frame 25
I1014 16:29:46.732136 10063 work_thread.hpp:81]  [T-Work-Detect_0] Run work: WrokTrack
I1014 16:29:46.732172 10063 work_track.cpp:82] Frame: 25 build input_characts: [0.25 x 0.605556 from (0.371875, 0.194444)], 0.999622, 0
I1014 16:29:46.732231 10063 work_track.cpp:102] Succeeded to set track lock for frame 25
I1014 16:29:46.732272 10063 work_track.cpp:116] Succeeded to release track lock for frame 25
I1014 16:29:46.732287 10063 work_track.cpp:120] Track results of frame 25: 1 objects input, 1 objects tracked!
I1014 16:29:46.732336 10063 work_track.cpp:148] Frame: 25, track bbox: [160 x 218 from (239.778, 70.1665)], gid: 0, lid: 0
I1014 16:29:46.732373 10063 work_thread.hpp:87]  [T-Work-Detect_0] Frame :25 split
I1014 16:29:46.732391 10063 work_thread.hpp:120]  [T-Work-Detect_0] Valid piece: gid = 0
I1014 16:29:46.732409 10063 work_thread.hpp:91]  [T-Work-Detect_0] Push to split queue:recog
I1014 16:29:46.732457 10064 work_thread.hpp:81]  [T-Work-Recog_0] Run work: WorkCapture
I1014 16:29:46.732761 10066 thread_intergrate.hpp:78] [T-Intergrate-intergrate] queue: frame output frame :25
I1014 16:29:46.732789 10066 thread_intergrate.hpp:85] [T-Intergrate-intergrate] queue: compare output face:0
I1014 16:29:46.732808 10066 thread_intergrate.hpp:144] T-Intergrate-intergrate set matched face: 0
I1014 16:29:46.733011 10064 work_thread.hpp:81]  [T-Work-Recog_0] Run work: WorkRecog
I1014 16:29:46.733033 10064 work_recog.hpp:89] Face id: 0 will run recog: bbox [160 x 218 from (238, 70)] quality: 0.424246
I1014 16:29:46.733060 10064 work_recog.hpp:96] Recog pair: [232 x 312 from (200, 24)], [160 x 218 from (38, 46)]
I1014 16:29:46.734452 10066 thread_intergrate.hpp:188] T-Intergrate-intergrate Show face :0, size :640 * 360
I1014 16:29:46.734995 10062 demo_inner.hpp:435] thread [SORT-0]  frame id 25 sorting queue size 0   FPS: 19.9833
I1014 16:29:46.735066 10061 demo_inner.hpp:260]  gui queue size 0, state = running
I1014 16:29:46.750653 10064 work_thread.hpp:81]  [T-Work-Recog_0] Run work: WorkCompare
I1014 16:29:46.751121 10064 work_compare.cpp:76] Compare face: 0 successed, similarity :0.997404, name : images/ThangLMb.jpg, normal size : 1548 * 1719!
I1014 16:29:46.773603 10060 demo_inner.hpp:177] decode queue size 0
I1014 16:29:46.773788 10063 work_thread.hpp:81]  [T-Work-Detect_0] Run work: WorkDetect
I1014 16:29:46.773824 10063 work_detect.cpp:102] Succeeded to add det start for frame 26
I1014 16:29:46.780493 10063 work_detect.cpp:70] Frame :26 detect result :1 face(s)
I1014 16:29:46.780541 10063 work_detect.cpp:86] Detected bbox: [151 x 196 from (251, 77)]
I1014 16:29:46.780584 10063 work_detect.cpp:120] Succeeded to add det end for frame 26
I1014 16:29:46.780601 10063 work_thread.hpp:81]  [T-Work-Detect_0] Run work: WrokTrack
I1014 16:29:46.780623 10063 work_track.cpp:82] Frame: 26 build input_characts: [0.235938 x 0.544444 from (0.392188, 0.213889)], 1.00035, 0
I1014 16:29:46.780678 10063 work_track.cpp:102] Succeeded to set track lock for frame 26
I1014 16:29:46.780717 10063 work_track.cpp:116] Succeeded to release track lock for frame 26
I1014 16:29:46.780731 10063 work_track.cpp:120] Track results of frame 26: 1 objects input, 1 objects tracked!
I1014 16:29:46.780750 10063 work_track.cpp:148] Frame: 26, track bbox: [151 x 196 from (246.983, 79.6272)], gid: 0, lid: 0
I1014 16:29:46.780784 10063 work_thread.hpp:87]  [T-Work-Detect_0] Frame :26 split
I1014 16:29:46.780802 10063 work_thread.hpp:120]  [T-Work-Detect_0] Valid piece: gid = 0
I1014 16:29:46.780820 10063 work_thread.hpp:91]  [T-Work-Detect_0] Push to split queue:recog
I1014 16:29:46.780876 10064 work_thread.hpp:81]  [T-Work-Recog_0] Run work: WorkCapture
I1014 16:29:46.781179 10066 thread_intergrate.hpp:78] [T-Intergrate-intergrate] queue: frame output frame :26
I1014 16:29:46.781206 10066 thread_intergrate.hpp:85] [T-Intergrate-intergrate] queue: compare output face:0
I1014 16:29:46.781225 10066 thread_intergrate.hpp:144] T-Intergrate-intergrate set matched face: 0
I1014 16:29:46.781427 10064 work_thread.hpp:81]  [T-Work-Recog_0] Run work: WorkRecog
I1014 16:29:46.781451 10064 work_recog.hpp:89] Face id: 0 will run recog: bbox [151 x 196 from (251, 77)] quality: 0.46401
I1014 16:29:46.781478 10064 work_recog.hpp:96] Recog pair: [216 x 280 from (216, 32)], [151 x 196 from (35, 45)]
I1014 16:29:46.782773 10066 thread_intergrate.hpp:188] T-Intergrate-intergrate Show face :0, size :640 * 360
I1014 16:29:46.783318 10062 demo_inner.hpp:435] thread [SORT-0]  frame id 26 sorting queue size 0   FPS: 20.016
I1014 16:29:46.783390 10061 demo_inner.hpp:260]  gui queue size 0, state = running
I1014 16:29:46.799003 10064 work_thread.hpp:81]  [T-Work-Recog_0] Run work: WorkCompare
I1014 16:29:46.799473 10064 work_compare.cpp:76] Compare face: 0 successed, similarity :0.995546, name : images/ThangLMb.jpg, normal size : 1548 * 1719!
I1014 16:29:46.827525 10060 demo_inner.hpp:177] decode queue size 0
I1014 16:29:46.827649 10063 work_thread.hpp:81]  [T-Work-Detect_0] Run work: WorkDetect
I1014 16:29:46.827687 10063 work_detect.cpp:102] Succeeded to add det start for frame 27
I1014 16:29:46.834390 10063 work_detect.cpp:70] Frame :27 detect result :1 face(s)
I1014 16:29:46.834439 10063 work_detect.cpp:86] Detected bbox: [156 x 212 from (239, 71)]
I1014 16:29:46.834481 10063 work_detect.cpp:120] Succeeded to add det end for frame 27
I1014 16:29:46.834569 10063 work_thread.hpp:81]  [T-Work-Detect_0] Run work: WrokTrack
I1014 16:29:46.834596 10063 work_track.cpp:82] Frame: 27 build input_characts: [0.24375 x 0.588889 from (0.373437, 0.197222)], 1.00019, 0
I1014 16:29:46.834650 10063 work_track.cpp:102] Succeeded to set track lock for frame 27
I1014 16:29:46.834689 10063 work_track.cpp:116] Succeeded to release track lock for frame 27
I1014 16:29:46.834703 10063 work_track.cpp:120] Track results of frame 27: 1 objects input, 1 objects tracked!
I1014 16:29:46.834720 10063 work_track.cpp:148] Frame: 27, track bbox: [156 x 212 from (241.984, 71.1319)], gid: 0, lid: 0
I1014 16:29:46.834756 10063 work_thread.hpp:87]  [T-Work-Detect_0] Frame :27 split
I1014 16:29:46.834774 10063 work_thread.hpp:120]  [T-Work-Detect_0] Valid piece: gid = 0
I1014 16:29:46.834792 10063 work_thread.hpp:91]  [T-Work-Detect_0] Push to split queue:recog
I1014 16:29:46.834838 10064 work_thread.hpp:81]  [T-Work-Recog_0] Run work: WorkCapture
I1014 16:29:46.835136 10066 thread_intergrate.hpp:78] [T-Intergrate-intergrate] queue: frame output frame :27
I1014 16:29:46.835163 10066 thread_intergrate.hpp:85] [T-Intergrate-intergrate] queue: compare output face:0
I1014 16:29:46.835182 10066 thread_intergrate.hpp:144] T-Intergrate-intergrate set matched face: 0
I1014 16:29:46.835395 10064 work_thread.hpp:81]  [T-Work-Recog_0] Run work: WorkRecog
I1014 16:29:46.835418 10064 work_recog.hpp:89] Face id: 0 will run recog: bbox [156 x 212 from (239, 71)] quality: 0.465847
I1014 16:29:46.835445 10064 work_recog.hpp:96] Recog pair: [224 x 304 from (208, 24)], [156 x 212 from (31, 47)]
I1014 16:29:46.836761 10066 thread_intergrate.hpp:188] T-Intergrate-intergrate Show face :0, size :640 * 360
I1014 16:29:46.837342 10062 demo_inner.hpp:435] thread [SORT-0]  frame id 27 sorting queue size 0   FPS: 19.954
I1014 16:29:46.837409 10061 demo_inner.hpp:260]  gui queue size 0, state = running
I1014 16:29:46.852936 10064 work_thread.hpp:81]  [T-Work-Recog_0] Run work: WorkCompare
I1014 16:29:46.853406 10064 work_compare.cpp:76] Compare face: 0 successed, similarity :0.99714, name : images/ThangLMb.jpg, normal size : 1548 * 1719!
I1014 16:29:46.875583 10060 demo_inner.hpp:177] decode queue size 0
I1014 16:29:46.875741 10063 work_thread.hpp:81]  [T-Work-Detect_0] Run work: WorkDetect
I1014 16:29:46.875775 10063 work_detect.cpp:102] Succeeded to add det start for frame 28
I1014 16:29:46.882369 10063 work_detect.cpp:70] Frame :28 detect result :1 face(s)
I1014 16:29:46.882421 10063 work_detect.cpp:86] Detected bbox: [151 x 201 from (251, 74)]
I1014 16:29:46.882464 10063 work_detect.cpp:120] Succeeded to add det end for frame 28
I1014 16:29:46.882480 10063 work_thread.hpp:81]  [T-Work-Detect_0] Run work: WrokTrack
I1014 16:29:46.882506 10063 work_track.cpp:82] Frame: 28 build input_characts: [0.235938 x 0.558333 from (0.392188, 0.205556)], 1.00019, 0
I1014 16:29:46.882560 10063 work_track.cpp:102] Succeeded to set track lock for frame 28
I1014 16:29:46.882599 10063 work_track.cpp:116] Succeeded to release track lock for frame 28
I1014 16:29:46.882614 10063 work_track.cpp:120] Track results of frame 28: 1 objects input, 1 objects tracked!
I1014 16:29:46.882632 10063 work_track.cpp:148] Frame: 28, track bbox: [151 x 201 from (248.374, 74.4904)], gid: 0, lid: 0
I1014 16:29:46.882668 10063 work_thread.hpp:87]  [T-Work-Detect_0] Frame :28 split
I1014 16:29:46.882685 10063 work_thread.hpp:120]  [T-Work-Detect_0] Valid piece: gid = 0
I1014 16:29:46.882704 10063 work_thread.hpp:91]  [T-Work-Detect_0] Push to split queue:recog
I1014 16:29:46.882764 10064 work_thread.hpp:81]  [T-Work-Recog_0] Run work: WorkCapture
I1014 16:29:46.883074 10066 thread_intergrate.hpp:78] [T-Intergrate-intergrate] queue: frame output frame :28
I1014 16:29:46.883103 10066 thread_intergrate.hpp:85] [T-Intergrate-intergrate] queue: compare output face:0
I1014 16:29:46.883121 10066 thread_intergrate.hpp:144] T-Intergrate-intergrate set matched face: 0
I1014 16:29:46.883317 10064 work_thread.hpp:81]  [T-Work-Recog_0] Run work: WorkRecog
I1014 16:29:46.883416 10064 work_recog.hpp:89] Face id: 0 will run recog: bbox [151 x 201 from (251, 74)] quality: 0.475345
I1014 16:29:46.883446 10064 work_recog.hpp:96] Recog pair: [216 x 288 from (216, 32)], [151 x 201 from (35, 42)]
I1014 16:29:46.884683 10066 thread_intergrate.hpp:188] T-Intergrate-intergrate Show face :0, size :640 * 360
I1014 16:29:46.885263 10062 demo_inner.hpp:435] thread [SORT-0]  frame id 28 sorting queue size 0   FPS: 19.9852
I1014 16:29:46.885336 10061 demo_inner.hpp:260]  gui queue size 0, state = running
I1014 16:29:46.900974 10064 work_thread.hpp:81]  [T-Work-Recog_0] Run work: WorkCompare
I1014 16:29:46.901443 10064 work_compare.cpp:76] Compare face: 0 successed, similarity :0.996713, name : images/ThangLMb.jpg, normal size : 1548 * 1719!
I1014 16:29:46.923465 10060 demo_inner.hpp:177] decode queue size 0
I1014 16:29:46.923579 10063 work_thread.hpp:81]  [T-Work-Detect_0] Run work: WorkDetect
I1014 16:29:46.923614 10063 work_detect.cpp:102] Succeeded to add det start for frame 29
I1014 16:29:46.930225 10063 work_detect.cpp:70] Frame :29 detect result :1 face(s)
I1014 16:29:46.930274 10063 work_detect.cpp:86] Detected bbox: [147 x 198 from (253, 76)]
I1014 16:29:46.930317 10063 work_detect.cpp:120] Succeeded to add det end for frame 29
I1014 16:29:46.930333 10063 work_thread.hpp:81]  [T-Work-Detect_0] Run work: WrokTrack
I1014 16:29:46.930357 10063 work_track.cpp:82] Frame: 29 build input_characts: [0.229687 x 0.55 from (0.395312, 0.211111)], 0.999622, 0
I1014 16:29:46.930410 10063 work_track.cpp:102] Succeeded to set track lock for frame 29
I1014 16:29:46.930449 10063 work_track.cpp:116] Succeeded to release track lock for frame 29
I1014 16:29:46.930464 10063 work_track.cpp:120] Track results of frame 29: 1 objects input, 1 objects tracked!
I1014 16:29:46.930482 10063 work_track.cpp:148] Frame: 29, track bbox: [147 x 198 from (251.222, 75.6111)], gid: 0, lid: 0
I1014 16:29:46.930517 10063 work_thread.hpp:87]  [T-Work-Detect_0] Frame :29 split
I1014 16:29:46.930534 10063 work_thread.hpp:120]  [T-Work-Detect_0] Valid piece: gid = 0
I1014 16:29:46.930552 10063 work_thread.hpp:91]  [T-Work-Detect_0] Push to split queue:recog
I1014 16:29:46.930608 10064 work_thread.hpp:81]  [T-Work-Recog_0] Run work: WorkCapture
I1014 16:29:46.930898 10066 thread_intergrate.hpp:78] [T-Intergrate-intergrate] queue: frame output frame :29
I1014 16:29:46.930923 10066 thread_intergrate.hpp:85] [T-Intergrate-intergrate] queue: compare output face:0
I1014 16:29:46.930941 10066 thread_intergrate.hpp:144] T-Intergrate-intergrate set matched face: 0
I1014 16:29:46.931156 10064 work_thread.hpp:81]  [T-Work-Recog_0] Run work: WorkRecog
I1014 16:29:46.931180 10064 work_recog.hpp:89] Face id: 0 will run recog: bbox [147 x 198 from (253, 76)] quality: 0.4705
I1014 16:29:46.931206 10064 work_recog.hpp:96] Recog pair: [208 x 288 from (224, 32)], [147 x 198 from (29, 44)]
I1014 16:29:46.932514 10066 thread_intergrate.hpp:188] T-Intergrate-intergrate Show face :0, size :640 * 360
I1014 16:29:46.933063 10062 demo_inner.hpp:435] thread [SORT-0]  frame id 29 sorting queue size 0   FPS: 20.0143
I1014 16:29:46.933133 10061 demo_inner.hpp:260]  gui queue size 0, state = running
I1014 16:29:46.948711 10064 work_thread.hpp:81]  [T-Work-Recog_0] Run work: WorkCompare
I1014 16:29:46.949177 10064 work_compare.cpp:76] Compare face: 0 successed, similarity :0.997187, name : images/ThangLMb.jpg, normal size : 1548 * 1719!
I1014 16:29:46.977387 10060 demo_inner.hpp:177] decode queue size 0
I1014 16:29:46.977504 10063 work_thread.hpp:81]  [T-Work-Detect_0] Run work: WorkDetect
I1014 16:29:46.977540 10063 work_detect.cpp:102] Succeeded to add det start for frame 30
I1014 16:29:46.984220 10063 work_detect.cpp:70] Frame :30 detect result :1 face(s)
I1014 16:29:46.984268 10063 work_detect.cpp:86] Detected bbox: [149 x 202 from (251, 73)]
I1014 16:29:46.984311 10063 work_detect.cpp:120] Succeeded to add det end for frame 30
I1014 16:29:46.984326 10063 work_thread.hpp:81]  [T-Work-Detect_0] Run work: WrokTrack
I1014 16:29:46.984351 10063 work_track.cpp:82] Frame: 30 build input_characts: [0.232812 x 0.561111 from (0.392188, 0.202778)], 0.999622, 0
I1014 16:29:46.984479 10063 work_track.cpp:102] Succeeded to set track lock for frame 30
I1014 16:29:46.984522 10063 work_track.cpp:116] Succeeded to release track lock for frame 30
I1014 16:29:46.984536 10063 work_track.cpp:120] Track results of frame 30: 1 objects input, 1 objects tracked!
I1014 16:29:46.984555 10063 work_track.cpp:148] Frame: 30, track bbox: [149 x 202 from (252.191, 72.7919)], gid: 0, lid: 0
I1014 16:29:46.984591 10063 work_thread.hpp:87]  [T-Work-Detect_0] Frame :30 split
I1014 16:29:46.984609 10063 work_thread.hpp:120]  [T-Work-Detect_0] Valid piece: gid = 0
I1014 16:29:46.984627 10063 work_thread.hpp:91]  [T-Work-Detect_0] Push to split queue:recog
I1014 16:29:46.984671 10065 work_thread.hpp:81]  [T-Work-Recog_1] Run work: WorkCapture
I1014 16:29:46.984680 10066 thread_intergrate.hpp:78] [T-Intergrate-intergrate] queue: frame output frame :30
I1014 16:29:46.984709 10066 thread_intergrate.hpp:85] [T-Intergrate-intergrate] queue: compare output face:0
I1014 16:29:46.984727 10066 thread_intergrate.hpp:144] T-Intergrate-intergrate set matched face: 0
I1014 16:29:46.985244 10065 work_thread.hpp:81]  [T-Work-Recog_1] Run work: WorkRecog
I1014 16:29:46.985270 10065 work_recog.hpp:89] Face id: 0 will run recog: bbox [149 x 202 from (251, 73)] quality: 0.469332
I1014 16:29:46.985299 10065 work_recog.hpp:96] Recog pair: [216 x 288 from (216, 32)], [149 x 202 from (35, 41)]
I1014 16:29:46.986191 10066 thread_intergrate.hpp:188] T-Intergrate-intergrate Show face :0, size :640 * 360
I1014 16:29:46.986757 10062 demo_inner.hpp:435] thread [SORT-0]  frame id 30 sorting queue size 0   FPS: 19.9587
I1014 16:29:46.986829 10061 demo_inner.hpp:260]  gui queue size 0, state = running
I1014 16:29:47.002888 10065 work_thread.hpp:81]  [T-Work-Recog_1] Run work: WorkCompare
I1014 16:29:47.003355 10065 work_compare.cpp:76] Compare face: 0 successed, similarity :0.997854, name : images/ThangLMb.jpg, normal size : 1548 * 1719!
I1014 16:29:47.025465 10060 demo_inner.hpp:177] decode queue size 0
I1014 16:29:47.025576 10063 work_thread.hpp:81]  [T-Work-Detect_0] Run work: WorkDetect
I1014 16:29:47.025612 10063 work_detect.cpp:102] Succeeded to add det start for frame 31
I1014 16:29:47.032207 10063 work_detect.cpp:70] Frame :31 detect result :1 face(s)
I1014 16:29:47.032251 10063 work_detect.cpp:86] Detected bbox: [160 x 217 from (237, 71)]
I1014 16:29:47.032295 10063 work_detect.cpp:120] Succeeded to add det end for frame 31
I1014 16:29:47.032311 10063 work_thread.hpp:81]  [T-Work-Detect_0] Run work: WrokTrack
I1014 16:29:47.032335 10063 work_track.cpp:82] Frame: 31 build input_characts: [0.25 x 0.602778 from (0.370313, 0.197222)], 1.00019, 0
I1014 16:29:47.032389 10063 work_track.cpp:102] Succeeded to set track lock for frame 31
I1014 16:29:47.032429 10063 work_track.cpp:116] Succeeded to release track lock for frame 31
I1014 16:29:47.032444 10063 work_track.cpp:120] Track results of frame 31: 1 objects input, 1 objects tracked!
I1014 16:29:47.032461 10063 work_track.cpp:148] Frame: 31, track bbox: [160 x 217 from (241.588, 68.3429)], gid: 0, lid: 0
I1014 16:29:47.032497 10063 work_thread.hpp:87]  [T-Work-Detect_0] Frame :31 split
I1014 16:29:47.032514 10063 work_thread.hpp:120]  [T-Work-Detect_0] Valid piece: gid = 0
I1014 16:29:47.032532 10063 work_thread.hpp:91]  [T-Work-Detect_0] Push to split queue:recog
I1014 16:29:47.032569 10065 work_thread.hpp:81]  [T-Work-Recog_1] Run work: WorkCapture
I1014 16:29:47.032580 10066 thread_intergrate.hpp:78] [T-Intergrate-intergrate] queue: frame output frame :31
I1014 16:29:47.032608 10066 thread_intergrate.hpp:85] [T-Intergrate-intergrate] queue: compare output face:0
I1014 16:29:47.032626 10066 thread_intergrate.hpp:144] T-Intergrate-intergrate set matched face: 0
I1014 16:29:47.033133 10065 work_thread.hpp:81]  [T-Work-Recog_1] Run work: WorkRecog
I1014 16:29:47.033156 10065 work_recog.hpp:89] Face id: 0 will run recog: bbox [160 x 217 from (237, 71)] quality: 0.418353
I1014 16:29:47.033186 10065 work_recog.hpp:96] Recog pair: [232 x 312 from (200, 24)], [160 x 217 from (37, 47)]
I1014 16:29:47.034082 10066 thread_intergrate.hpp:188] T-Intergrate-intergrate Show face :0, size :640 * 360
I1014 16:29:47.034634 10062 demo_inner.hpp:435] thread [SORT-0]  frame id 31 sorting queue size 0   FPS: 20
I1014 16:29:47.034705 10061 demo_inner.hpp:260]  gui queue size 0, state = running
I1014 16:29:47.050827 10065 work_thread.hpp:81]  [T-Work-Recog_1] Run work: WorkCompare
I1014 16:29:47.051290 10065 work_compare.cpp:76] Compare face: 0 successed, similarity :0.997393, name : images/ThangLMb.jpg, normal size : 1548 * 1719!
I1014 16:29:47.073463 10060 demo_inner.hpp:177] decode queue size 0
I1014 16:29:47.073588 10063 work_thread.hpp:81]  [T-Work-Detect_0] Run work: WorkDetect
I1014 16:29:47.073623 10063 work_detect.cpp:102] Succeeded to add det start for frame 32
I1014 16:29:47.080284 10063 work_detect.cpp:70] Frame :32 detect result :1 face(s)
I1014 16:29:47.080329 10063 work_detect.cpp:86] Detected bbox: [148 x 196 from (252, 77)]
I1014 16:29:47.080372 10063 work_detect.cpp:120] Succeeded to add det end for frame 32
I1014 16:29:47.080389 10063 work_thread.hpp:81]  [T-Work-Detect_0] Run work: WrokTrack
I1014 16:29:47.080412 10063 work_track.cpp:82] Frame: 32 build input_characts: [0.23125 x 0.544444 from (0.39375, 0.213889)], 1.00019, 0
I1014 16:29:47.080467 10063 work_track.cpp:102] Succeeded to set track lock for frame 32
I1014 16:29:47.080507 10063 work_track.cpp:116] Succeeded to release track lock for frame 32
I1014 16:29:47.080521 10063 work_track.cpp:120] Track results of frame 32: 1 objects input, 1 objects tracked!
I1014 16:29:47.080539 10063 work_track.cpp:148] Frame: 32, track bbox: [148 x 196 from (250.212, 78.1133)], gid: 0, lid: 0
I1014 16:29:47.080574 10063 work_thread.hpp:87]  [T-Work-Detect_0] Frame :32 split
I1014 16:29:47.080592 10063 work_thread.hpp:120]  [T-Work-Detect_0] Valid piece: gid = 0
I1014 16:29:47.080610 10063 work_thread.hpp:91]  [T-Work-Detect_0] Push to split queue:recog
I1014 16:29:47.080670 10064 work_thread.hpp:81]  [T-Work-Recog_0] Run work: WorkCapture
I1014 16:29:47.080966 10066 thread_intergrate.hpp:78] [T-Intergrate-intergrate] queue: frame output frame :32
I1014 16:29:47.080991 10066 thread_intergrate.hpp:85] [T-Intergrate-intergrate] queue: compare output face:0
I1014 16:29:47.081009 10066 thread_intergrate.hpp:144] T-Intergrate-intergrate set matched face: 0
I1014 16:29:47.081223 10064 work_thread.hpp:81]  [T-Work-Recog_0] Run work: WorkRecog
I1014 16:29:47.081248 10064 work_recog.hpp:89] Face id: 0 will run recog: bbox [148 x 196 from (252, 77)] quality: 0.467477
I1014 16:29:47.081274 10064 work_recog.hpp:96] Recog pair: [216 x 280 from (216, 32)], [148 x 196 from (36, 45)]
I1014 16:29:47.082518 10066 thread_intergrate.hpp:188] T-Intergrate-intergrate Show face :0, size :640 * 360
I1014 16:29:47.083022 10062 demo_inner.hpp:435] thread [SORT-0]  frame id 32 sorting queue size 0   FPS: 20.0129
I1014 16:29:47.083099 10061 demo_inner.hpp:260]  gui queue size 0, state = running
I1014 16:29:47.098846 10064 work_thread.hpp:81]  [T-Work-Recog_0] Run work: WorkCompare
I1014 16:29:47.099316 10064 work_compare.cpp:76] Compare face: 0 successed, similarity :0.997201, name : images/ThangLMb.jpg, normal size : 1548 * 1719!
I1014 16:29:47.127452 10060 demo_inner.hpp:177] decode queue size 0
I1014 16:29:47.127584 10063 work_thread.hpp:81]  [T-Work-Detect_0] Run work: WorkDetect
I1014 16:29:47.127619 10063 work_detect.cpp:102] Succeeded to add det start for frame 33
I1014 16:29:47.134352 10063 work_detect.cpp:70] Frame :33 detect result :1 face(s)
I1014 16:29:47.134407 10063 work_detect.cpp:86] Detected bbox: [149 x 198 from (251, 76)]
I1014 16:29:47.134449 10063 work_detect.cpp:120] Succeeded to add det end for frame 33
I1014 16:29:47.134464 10063 work_thread.hpp:81]  [T-Work-Detect_0] Run work: WrokTrack
I1014 16:29:47.134490 10063 work_track.cpp:82] Frame: 33 build input_characts: [0.232812 x 0.55 from (0.392188, 0.211111)], 1.00019, 0
I1014 16:29:47.134542 10063 work_track.cpp:102] Succeeded to set track lock for frame 33
I1014 16:29:47.134651 10063 work_track.cpp:116] Succeeded to release track lock for frame 33
I1014 16:29:47.134667 10063 work_track.cpp:120] Track results of frame 33: 1 objects input, 1 objects tracked!
I1014 16:29:47.134685 10063 work_track.cpp:148] Frame: 33, track bbox: [149 x 198 from (248.947, 77.0705)], gid: 0, lid: 0
I1014 16:29:47.134721 10063 work_thread.hpp:87]  [T-Work-Detect_0] Frame :33 split
I1014 16:29:47.134738 10063 work_thread.hpp:120]  [T-Work-Detect_0] Valid piece: gid = 0
I1014 16:29:47.134755 10063 work_thread.hpp:91]  [T-Work-Detect_0] Push to split queue:recog
I1014 16:29:47.134801 10066 thread_intergrate.hpp:78] [T-Intergrate-intergrate] queue: frame output frame :33
I1014 16:29:47.134810 10064 work_thread.hpp:81]  [T-Work-Recog_0] Run work: WorkCapture
I1014 16:29:47.134826 10066 thread_intergrate.hpp:85] [T-Intergrate-intergrate] queue: compare output face:0
I1014 16:29:47.134845 10066 thread_intergrate.hpp:144] T-Intergrate-intergrate set matched face: 0
I1014 16:29:47.135372 10064 work_thread.hpp:81]  [T-Work-Recog_0] Run work: WorkRecog
I1014 16:29:47.135397 10064 work_recog.hpp:89] Face id: 0 will run recog: bbox [149 x 198 from (251, 76)] quality: 0.473796
I1014 16:29:47.135426 10064 work_recog.hpp:96] Recog pair: [216 x 288 from (216, 32)], [149 x 198 from (35, 44)]
I1014 16:29:47.136323 10066 thread_intergrate.hpp:188] T-Intergrate-intergrate Show face :0, size :640 * 360
I1014 16:29:47.136862 10062 demo_inner.hpp:435] thread [SORT-0]  frame id 33 sorting queue size 0   FPS: 19.9626
I1014 16:29:47.136938 10061 demo_inner.hpp:260]  gui queue size 0, state = running
I1014 16:29:47.153146 10064 work_thread.hpp:81]  [T-Work-Recog_0] Run work: WorkCompare
I1014 16:29:47.153611 10064 work_compare.cpp:76] Compare face: 0 successed, similarity :0.996228, name : images/ThangLMb.jpg, normal size : 1548 * 1719!
I1014 16:29:47.174083 10060 demo_inner.hpp:177] decode queue size 0
I1014 16:29:47.174187 10063 work_thread.hpp:81]  [T-Work-Detect_0] Run work: WorkDetect
I1014 16:29:47.174221 10063 work_detect.cpp:102] Succeeded to add det start for frame 34
I1014 16:29:47.180888 10063 work_detect.cpp:70] Frame :34 detect result :1 face(s)
I1014 16:29:47.180933 10063 work_detect.cpp:86] Detected bbox: [157 x 202 from (246, 90)]
I1014 16:29:47.180975 10063 work_detect.cpp:120] Succeeded to add det end for frame 34
I1014 16:29:47.180991 10063 work_thread.hpp:81]  [T-Work-Detect_0] Run work: WrokTrack
I1014 16:29:47.181016 10063 work_track.cpp:82] Frame: 34 build input_characts: [0.245312 x 0.561111 from (0.384375, 0.25)], 1.00019, 0
I1014 16:29:47.181071 10063 work_track.cpp:102] Succeeded to set track lock for frame 34
I1014 16:29:47.181109 10063 work_track.cpp:116] Succeeded to release track lock for frame 34
I1014 16:29:47.181124 10063 work_track.cpp:120] Track results of frame 34: 1 objects input, 1 objects tracked!
I1014 16:29:47.181141 10063 work_track.cpp:148] Frame: 34, track bbox: [157 x 202 from (245.617, 82.8451)], gid: 0, lid: 0
I1014 16:29:47.181176 10063 work_thread.hpp:87]  [T-Work-Detect_0] Frame :34 split
I1014 16:29:47.181193 10063 work_thread.hpp:120]  [T-Work-Detect_0] Valid piece: gid = 0
I1014 16:29:47.181211 10063 work_thread.hpp:91]  [T-Work-Detect_0] Push to split queue:recog
I1014 16:29:47.181257 10065 work_thread.hpp:81]  [T-Work-Recog_1] Run work: WorkCapture
I1014 16:29:47.181262 10066 thread_intergrate.hpp:78] [T-Intergrate-intergrate] queue: frame output frame :34
I1014 16:29:47.181291 10066 thread_intergrate.hpp:85] [T-Intergrate-intergrate] queue: compare output face:0
I1014 16:29:47.181310 10066 thread_intergrate.hpp:144] T-Intergrate-intergrate set matched face: 0
I1014 16:29:47.181833 10065 work_thread.hpp:81]  [T-Work-Recog_1] Run work: WorkRecog
I1014 16:29:47.181859 10065 work_recog.hpp:89] Face id: 0 will run recog: bbox [157 x 202 from (246, 90)] quality: 0.46125
I1014 16:29:47.181887 10065 work_recog.hpp:96] Recog pair: [232 x 288 from (208, 48)], [157 x 202 from (38, 42)]
I1014 16:29:47.182788 10066 thread_intergrate.hpp:188] T-Intergrate-intergrate Show face :0, size :640 * 360
I1014 16:29:47.183377 10062 demo_inner.hpp:435] thread [SORT-0]  frame id 34 sorting queue size 0   FPS: 20.0121
I1014 16:29:47.183450 10061 demo_inner.hpp:260]  gui queue size 0, state = running
I1014 16:29:47.199492 10065 work_thread.hpp:81]  [T-Work-Recog_1] Run work: WorkCompare
I1014 16:29:47.199960 10065 work_compare.cpp:76] Compare face: 0 successed, similarity :0.997165, name : images/ThangLMb.jpg, normal size : 1548 * 1719!
I1014 16:29:47.221873 10060 demo_inner.hpp:177] decode queue size 0
I1014 16:29:47.221966 10063 work_thread.hpp:81]  [T-Work-Detect_0] Run work: WorkDetect
I1014 16:29:47.221999 10063 work_detect.cpp:102] Succeeded to add det start for frame 35
I1014 16:29:47.228636 10063 work_detect.cpp:70] Frame :35 detect result :1 face(s)
I1014 16:29:47.228677 10063 work_detect.cpp:86] Detected bbox: [148 x 200 from (250, 78)]
I1014 16:29:47.228719 10063 work_detect.cpp:120] Succeeded to add det end for frame 35
I1014 16:29:47.228735 10063 work_thread.hpp:81]  [T-Work-Detect_0] Run work: WrokTrack
I1014 16:29:47.228760 10063 work_track.cpp:82] Frame: 35 build input_characts: [0.23125 x 0.555556 from (0.390625, 0.216667)], 1.00019, 0
I1014 16:29:47.228814 10063 work_track.cpp:102] Succeeded to set track lock for frame 35
I1014 16:29:47.228854 10063 work_track.cpp:116] Succeeded to release track lock for frame 35
I1014 16:29:47.228869 10063 work_track.cpp:120] Track results of frame 35: 1 objects input, 1 objects tracked!
I1014 16:29:47.228886 10063 work_track.cpp:148] Frame: 35, track bbox: [148 x 200 from (250.786, 82.633)], gid: 0, lid: 0
I1014 16:29:47.228922 10063 work_thread.hpp:87]  [T-Work-Detect_0] Frame :35 split
I1014 16:29:47.228940 10063 work_thread.hpp:120]  [T-Work-Detect_0] Valid piece: gid = 0
I1014 16:29:47.228958 10063 work_thread.hpp:91]  [T-Work-Detect_0] Push to split queue:recog
I1014 16:29:47.229007 10065 work_thread.hpp:81]  [T-Work-Recog_1] Run work: WorkCapture
I1014 16:29:47.229020 10066 thread_intergrate.hpp:78] [T-Intergrate-intergrate] queue: frame output frame :35
I1014 16:29:47.229046 10066 thread_intergrate.hpp:85] [T-Intergrate-intergrate] queue: compare output face:0
I1014 16:29:47.229064 10066 thread_intergrate.hpp:144] T-Intergrate-intergrate set matched face: 0
I1014 16:29:47.229574 10065 work_thread.hpp:81]  [T-Work-Recog_1] Run work: WorkRecog
I1014 16:29:47.229599 10065 work_recog.hpp:89] Face id: 0 will run recog: bbox [148 x 200 from (250, 78)] quality: 0.458127
I1014 16:29:47.229630 10065 work_recog.hpp:96] Recog pair: [216 x 288 from (216, 32)], [148 x 200 from (34, 46)]
I1014 16:29:47.230530 10066 thread_intergrate.hpp:188] T-Intergrate-intergrate Show face :0, size :640 * 360
I1014 16:29:47.231057 10062 demo_inner.hpp:435] thread [SORT-0]  frame id 35 sorting queue size 0   FPS: 20.0354
I1014 16:29:47.231132 10061 demo_inner.hpp:260]  gui queue size 0, state = running
I1014 16:29:47.250164 10065 work_thread.hpp:81]  [T-Work-Recog_1] Run work: WorkCompare
I1014 16:29:47.250625 10065 work_compare.cpp:76] Compare face: 0 successed, similarity :0.996954, name : images/ThangLMb.jpg, normal size : 1548 * 1719!
I1014 16:29:47.275571 10060 demo_inner.hpp:177] decode queue size 0
I1014 16:29:47.275682 10063 work_thread.hpp:81]  [T-Work-Detect_0] Run work: WorkDetect
I1014 16:29:47.275717 10063 work_detect.cpp:102] Succeeded to add det start for frame 36
I1014 16:29:47.282404 10063 work_detect.cpp:70] Frame :36 detect result :1 face(s)
I1014 16:29:47.282446 10063 work_detect.cpp:86] Detected bbox: [151 x 211 from (240, 72)]
I1014 16:29:47.282488 10063 work_detect.cpp:120] Succeeded to add det end for frame 36
I1014 16:29:47.282505 10063 work_thread.hpp:81]  [T-Work-Detect_0] Run work: WrokTrack
I1014 16:29:47.282529 10063 work_track.cpp:82] Frame: 36 build input_characts: [0.235938 x 0.586111 from (0.375, 0.2)], 1.00019, 0
I1014 16:29:47.282583 10063 work_track.cpp:102] Succeeded to set track lock for frame 36
I1014 16:29:47.282624 10063 work_track.cpp:116] Succeeded to release track lock for frame 36
I1014 16:29:47.282637 10063 work_track.cpp:120] Track results of frame 36: 1 objects input, 1 objects tracked!
I1014 16:29:47.282727 10063 work_track.cpp:148] Frame: 36, track bbox: [151 x 211 from (245.514, 74.8943)], gid: 0, lid: 0
I1014 16:29:47.282766 10063 work_thread.hpp:87]  [T-Work-Detect_0] Frame :36 split
I1014 16:29:47.282784 10063 work_thread.hpp:120]  [T-Work-Detect_0] Valid piece: gid = 0
I1014 16:29:47.282801 10063 work_thread.hpp:91]  [T-Work-Detect_0] Push to split queue:recog
I1014 16:29:47.282852 10064 work_thread.hpp:81]  [T-Work-Recog_0] Run work: WorkCapture
I1014 16:29:47.283152 10066 thread_intergrate.hpp:78] [T-Intergrate-intergrate] queue: frame output frame :36
I1014 16:29:47.283177 10066 thread_intergrate.hpp:85] [T-Intergrate-intergrate] queue: compare output face:0
I1014 16:29:47.283195 10066 thread_intergrate.hpp:144] T-Intergrate-intergrate set matched face: 0
I1014 16:29:47.284698 10066 thread_intergrate.hpp:188] T-Intergrate-intergrate Show face :0, size :640 * 360
I1014 16:29:47.284718 10064 work_thread.hpp:81]  [T-Work-Recog_0] Run work: WorkRecog
I1014 16:29:47.284747 10064 work_recog.hpp:89] Face id: 0 will run recog: bbox [151 x 211 from (240, 72)] quality: 0.418197
I1014 16:29:47.284790 10064 work_recog.hpp:96] Recog pair: [216 x 304 from (208, 24)], [151 x 211 from (32, 48)]
