I1014 15:20:33.333068  8942 demo_inner.hpp:260]  gui queue size 2, state = running
I1014 15:20:33.341882  8946 work_thread.hpp:81]  [T-Work-Recog_1] Run work: WorkCompare
I1014 15:20:33.342352  8946 work_compare.cpp:76] Compare face: 1 successed, similarity :0.995562, name : images/ThangLMb.jpg, normal size : 1548 * 1719!
I1014 15:20:33.346333  8941 demo_inner.hpp:177] decode queue size 0
I1014 15:20:33.346465  8944 work_thread.hpp:81]  [T-Work-Detect_0] Run work: WorkDetect
I1014 15:20:33.346500  8944 work_detect.cpp:102] Succeeded to add det start for frame 132
I1014 15:20:33.353500  8944 work_detect.cpp:70] Frame :132 detect result :1 face(s)
I1014 15:20:33.353556  8944 work_detect.cpp:86] Detected bbox: [170 x 230 from (256, 124)]
I1014 15:20:33.353601  8944 work_detect.cpp:120] Succeeded to add det end for frame 132
I1014 15:20:33.353618  8944 work_thread.hpp:81]  [T-Work-Detect_0] Run work: WrokTrack
I1014 15:20:33.353643  8944 work_track.cpp:82] Frame: 132 build input_characts: [0.265625 x 0.638889 from (0.4, 0.344444)], 1.00019, 0
I1014 15:20:33.353699  8944 work_track.cpp:102] Succeeded to set track lock for frame 132
I1014 15:20:33.353741  8944 work_track.cpp:116] Succeeded to release track lock for frame 132
I1014 15:20:33.353755  8944 work_track.cpp:120] Track results of frame 132: 1 objects input, 1 objects tracked!
I1014 15:20:33.353773  8944 work_track.cpp:148] Frame: 132, track bbox: [170 x 230 from (255.029, 126.666)], gid: 1, lid: 0
I1014 15:20:33.353811  8944 work_thread.hpp:87]  [T-Work-Detect_0] Frame :132 split
I1014 15:20:33.353828  8944 work_thread.hpp:120]  [T-Work-Detect_0] Valid piece: gid = 1
I1014 15:20:33.353847  8944 work_thread.hpp:91]  [T-Work-Detect_0] Push to split queue:recog
I1014 15:20:33.353897  8946 work_thread.hpp:81]  [T-Work-Recog_1] Run work: WorkCapture
I1014 15:20:33.354218  8947 thread_intergrate.hpp:78] [T-Intergrate-intergrate] queue: frame output frame :132
I1014 15:20:33.354248  8947 thread_intergrate.hpp:85] [T-Intergrate-intergrate] queue: compare output face:1
I1014 15:20:33.354266  8947 thread_intergrate.hpp:144] T-Intergrate-intergrate set matched face: 1
I1014 15:20:33.354480  8946 work_thread.hpp:81]  [T-Work-Recog_1] Run work: WorkRecog
I1014 15:20:33.354503  8946 work_recog.hpp:89] Face id: 1 will run recog: bbox [170 x 230 from (256, 124)] quality: 0.473796
I1014 15:20:33.354532  8946 work_recog.hpp:96] Recog pair: [248 x 288 from (216, 72)], [170 x 230 from (40, 52)]
I1014 15:20:33.355998  8947 thread_intergrate.hpp:186] T-Intergrate-intergrate Show face :1, size :640 * 360
I1014 15:20:33.356689  8943 demo_inner.hpp:435] thread [SORT-0]  frame id 132 sorting queue size 0   FPS: 28.5714
I1014 15:20:33.360251  8942 demo_inner.hpp:260]  gui queue size 0, state = running
I1014 15:20:33.372315  8946 work_thread.hpp:81]  [T-Work-Recog_1] Run work: WorkCompare
I1014 15:20:33.372786  8946 work_compare.cpp:76] Compare face: 1 successed, similarity :0.995909, name : images/ThangLMb.jpg, normal size : 1548 * 1719!
I1014 15:20:33.382215  8941 demo_inner.hpp:177] decode queue size 0
I1014 15:20:33.382341  8944 work_thread.hpp:81]  [T-Work-Detect_0] Run work: WorkDetect
I1014 15:20:33.382378  8944 work_detect.cpp:102] Succeeded to add det start for frame 133
I1014 15:20:33.389161  8944 work_detect.cpp:70] Frame :133 detect result :1 face(s)
I1014 15:20:33.389207  8944 work_detect.cpp:86] Detected bbox: [172 x 229 from (255, 126)]
I1014 15:20:33.389250  8944 work_detect.cpp:120] Succeeded to add det end for frame 133
I1014 15:20:33.389266  8944 work_thread.hpp:81]  [T-Work-Detect_0] Run work: WrokTrack
I1014 15:20:33.389292  8944 work_track.cpp:82] Frame: 133 build input_characts: [0.26875 x 0.636111 from (0.398438, 0.35)], 1.00019, 0
I1014 15:20:33.389348  8944 work_track.cpp:102] Succeeded to set track lock for frame 133
I1014 15:20:33.389386  8944 work_track.cpp:116] Succeeded to release track lock for frame 133
I1014 15:20:33.389401  8944 work_track.cpp:120] Track results of frame 133: 1 objects input, 1 objects tracked!
I1014 15:20:33.389420  8944 work_track.cpp:148] Frame: 133, track bbox: [172 x 229 from (254.234, 126.428)], gid: 1, lid: 0
I1014 15:20:33.389456  8944 work_thread.hpp:87]  [T-Work-Detect_0] Frame :133 split
I1014 15:20:33.389473  8944 work_thread.hpp:120]  [T-Work-Detect_0] Valid piece: gid = 1
I1014 15:20:33.389492  8944 work_thread.hpp:91]  [T-Work-Detect_0] Push to split queue:recog
I1014 15:20:33.389539  8947 thread_intergrate.hpp:78] [T-Intergrate-intergrate] queue: frame output frame :133
I1014 15:20:33.389545  8946 work_thread.hpp:81]  [T-Work-Recog_1] Run work: WorkCapture
I1014 15:20:33.389569  8947 thread_intergrate.hpp:85] [T-Intergrate-intergrate] queue: compare output face:1
I1014 15:20:33.389588  8947 thread_intergrate.hpp:144] T-Intergrate-intergrate set matched face: 1
I1014 15:20:33.390197  8946 work_thread.hpp:81]  [T-Work-Recog_1] Run work: WorkRecog
I1014 15:20:33.390223  8946 work_recog.hpp:89] Face id: 1 will run recog: bbox [172 x 229 from (255, 126)] quality: 0.47445
I1014 15:20:33.390256  8946 work_recog.hpp:96] Recog pair: [248 x 280 from (216, 80)], [172 x 229 from (39, 46)]
I1014 15:20:33.391247  8947 thread_intergrate.hpp:186] T-Intergrate-intergrate Show face :1, size :640 * 360
I1014 15:20:33.391777  8943 demo_inner.hpp:435] thread [SORT-0]  frame id 133 sorting queue size 0   FPS: 28.5047
I1014 15:20:33.391847  8942 demo_inner.hpp:260]  gui queue size 0, state = running
I1014 15:20:33.408432  8946 work_thread.hpp:81]  [T-Work-Recog_1] Run work: WorkCompare
I1014 15:20:33.409013  8946 work_compare.cpp:76] Compare face: 1 successed, similarity :0.997284, name : images/ThangLMb.jpg, normal size : 1548 * 1719!
I1014 15:20:33.412598  8941 demo_inner.hpp:177] decode queue size 0
I1014 15:20:33.412708  8944 work_thread.hpp:81]  [T-Work-Detect_0] Run work: WorkDetect
I1014 15:20:33.412744  8944 work_detect.cpp:102] Succeeded to add det start for frame 134
I1014 15:20:33.419458  8944 work_detect.cpp:70] Frame :134 detect result :1 face(s)
I1014 15:20:33.419503  8944 work_detect.cpp:86] Detected bbox: [172 x 230 from (256, 126)]
I1014 15:20:33.419548  8944 work_detect.cpp:120] Succeeded to add det end for frame 134
I1014 15:20:33.419564  8944 work_thread.hpp:81]  [T-Work-Detect_0] Run work: WrokTrack
I1014 15:20:33.419587  8944 work_track.cpp:82] Frame: 134 build input_characts: [0.26875 x 0.638889 from (0.4, 0.35)], 1.00019, 0
I1014 15:20:33.419642  8944 work_track.cpp:102] Succeeded to set track lock for frame 134
I1014 15:20:33.419682  8944 work_track.cpp:116] Succeeded to release track lock for frame 134
I1014 15:20:33.419697  8944 work_track.cpp:120] Track results of frame 134: 1 objects input, 1 objects tracked!
I1014 15:20:33.419714  8944 work_track.cpp:148] Frame: 134, track bbox: [172 x 230 from (253.458, 125.427)], gid: 1, lid: 0
I1014 15:20:33.419751  8944 work_thread.hpp:87]  [T-Work-Detect_0] Frame :134 split
I1014 15:20:33.419770  8944 work_thread.hpp:120]  [T-Work-Detect_0] Valid piece: gid = 1
I1014 15:20:33.419862  8944 work_thread.hpp:91]  [T-Work-Detect_0] Push to split queue:recog
I1014 15:20:33.419914  8947 thread_intergrate.hpp:78] [T-Intergrate-intergrate] queue: frame output frame :134
I1014 15:20:33.419955  8947 thread_intergrate.hpp:85] [T-Intergrate-intergrate] queue: compare output face:1
I1014 15:20:33.419975  8947 thread_intergrate.hpp:144] T-Intergrate-intergrate set matched face: 1
I1014 15:20:33.419912  8945 work_thread.hpp:81]  [T-Work-Recog_0] Run work: WorkCapture
I1014 15:20:33.420748  8945 work_thread.hpp:81]  [T-Work-Recog_0] Run work: WorkRecog
I1014 15:20:33.420776  8945 work_recog.hpp:89] Face id: 1 will run recog: bbox [172 x 230 from (256, 126)] quality: 0.472005
I1014 15:20:33.420815  8945 work_recog.hpp:96] Recog pair: [248 x 280 from (216, 80)], [172 x 230 from (40, 46)]
I1014 15:20:33.421659  8947 thread_intergrate.hpp:186] T-Intergrate-intergrate Show face :1, size :640 * 360
I1014 15:20:33.422250  8943 demo_inner.hpp:435] thread [SORT-0]  frame id 134 sorting queue size 0   FPS: 28.5848
I1014 15:20:33.422331  8942 demo_inner.hpp:260]  gui queue size 0, state = running
I1014 15:20:33.439216  8945 work_thread.hpp:81]  [T-Work-Recog_0] Run work: WorkCompare
I1014 15:20:33.439751  8945 work_compare.cpp:76] Compare face: 1 successed, similarity :0.992226, name : images/ThangLMb.jpg, normal size : 1548 * 1719!
I1014 15:20:33.447998  8941 demo_inner.hpp:177] decode queue size 0
I1014 15:20:33.448102  8944 work_thread.hpp:81]  [T-Work-Detect_0] Run work: WorkDetect
I1014 15:20:33.448138  8944 work_detect.cpp:102] Succeeded to add det start for frame 135
I1014 15:20:33.454910  8944 work_detect.cpp:70] Frame :135 detect result :1 face(s)
I1014 15:20:33.454957  8944 work_detect.cpp:86] Detected bbox: [168 x 225 from (255, 130)]
I1014 15:20:33.455000  8944 work_detect.cpp:120] Succeeded to add det end for frame 135
I1014 15:20:33.455018  8944 work_thread.hpp:81]  [T-Work-Detect_0] Run work: WrokTrack
I1014 15:20:33.455041  8944 work_track.cpp:82] Frame: 135 build input_characts: [0.2625 x 0.625 from (0.398438, 0.361111)], 1.00035, 0
I1014 15:20:33.455096  8944 work_track.cpp:102] Succeeded to set track lock for frame 135
I1014 15:20:33.455134  8944 work_track.cpp:116] Succeeded to release track lock for frame 135
I1014 15:20:33.455149  8944 work_track.cpp:120] Track results of frame 135: 1 objects input, 1 objects tracked!
I1014 15:20:33.455168  8944 work_track.cpp:148] Frame: 135, track bbox: [168 x 225 from (256.185, 128.4)], gid: 1, lid: 0
I1014 15:20:33.455204  8944 work_thread.hpp:87]  [T-Work-Detect_0] Frame :135 split
I1014 15:20:33.455221  8944 work_thread.hpp:120]  [T-Work-Detect_0] Valid piece: gid = 1
I1014 15:20:33.455240  8944 work_thread.hpp:91]  [T-Work-Detect_0] Push to split queue:recog
I1014 15:20:33.455288  8947 thread_intergrate.hpp:78] [T-Intergrate-intergrate] queue: frame output frame :135
I1014 15:20:33.455289  8946 work_thread.hpp:81]  [T-Work-Recog_1] Run work: WorkCapture
I1014 15:20:33.455320  8947 thread_intergrate.hpp:85] [T-Intergrate-intergrate] queue: compare output face:1
I1014 15:20:33.455340  8947 thread_intergrate.hpp:144] T-Intergrate-intergrate set matched face: 1
I1014 15:20:33.455919  8946 work_thread.hpp:81]  [T-Work-Recog_1] Run work: WorkRecog
I1014 15:20:33.456027  8946 work_recog.hpp:89] Face id: 1 will run recog: bbox [168 x 225 from (255, 130)] quality: 0.467541
I1014 15:20:33.456061  8946 work_recog.hpp:96] Recog pair: [240 x 280 from (216, 80)], [168 x 225 from (39, 50)]
I1014 15:20:33.456995  8947 thread_intergrate.hpp:186] T-Intergrate-intergrate Show face :1, size :640 * 360
I1014 15:20:33.457557  8943 demo_inner.hpp:435] thread [SORT-0]  frame id 135 sorting queue size 0   FPS: 28.518
I1014 15:20:33.457625  8942 demo_inner.hpp:260]  gui queue size 0, state = running
I1014 15:20:33.474263  8946 work_thread.hpp:81]  [T-Work-Recog_1] Run work: WorkCompare
I1014 15:20:33.474864  8946 work_compare.cpp:76] Compare face: 1 successed, similarity :0.995022, name : images/ThangLMb.jpg, normal size : 1548 * 1719!
I1014 15:20:33.479223  8941 demo_inner.hpp:177] decode queue size 0
I1014 15:20:33.479347  8944 work_thread.hpp:81]  [T-Work-Detect_0] Run work: WorkDetect
I1014 15:20:33.479384  8944 work_detect.cpp:102] Succeeded to add det start for frame 136
I1014 15:20:33.486130  8944 work_detect.cpp:70] Frame :136 detect result :1 face(s)
I1014 15:20:33.486176  8944 work_detect.cpp:86] Detected bbox: [170 x 233 from (257, 123)]
I1014 15:20:33.486218  8944 work_detect.cpp:120] Succeeded to add det end for frame 136
I1014 15:20:33.486234  8944 work_thread.hpp:81]  [T-Work-Detect_0] Run work: WrokTrack
I1014 15:20:33.486259  8944 work_track.cpp:82] Frame: 136 build input_characts: [0.265625 x 0.647222 from (0.401563, 0.341667)], 1.00019, 0
I1014 15:20:33.486313  8944 work_track.cpp:102] Succeeded to set track lock for frame 136
I1014 15:20:33.486351  8944 work_track.cpp:116] Succeeded to release track lock for frame 136
I1014 15:20:33.486366  8944 work_track.cpp:120] Track results of frame 136: 1 objects input, 1 objects tracked!
I1014 15:20:33.486383  8944 work_track.cpp:148] Frame: 136, track bbox: [170 x 233 from (256.128, 123.78)], gid: 1, lid: 0
I1014 15:20:33.486420  8944 work_thread.hpp:87]  [T-Work-Detect_0] Frame :136 split
I1014 15:20:33.486438  8944 work_thread.hpp:120]  [T-Work-Detect_0] Valid piece: gid = 1
I1014 15:20:33.486457  8944 work_thread.hpp:91]  [T-Work-Detect_0] Push to split queue:recog
I1014 15:20:33.486506  8947 thread_intergrate.hpp:78] [T-Intergrate-intergrate] queue: frame output frame :136
I1014 15:20:33.486521  8945 work_thread.hpp:81]  [T-Work-Recog_0] Run work: WorkCapture
I1014 15:20:33.486536  8947 thread_intergrate.hpp:85] [T-Intergrate-intergrate] queue: compare output face:1
I1014 15:20:33.486555  8947 thread_intergrate.hpp:144] T-Intergrate-intergrate set matched face: 1
I1014 15:20:33.487247  8945 work_thread.hpp:81]  [T-Work-Recog_0] Run work: WorkRecog
I1014 15:20:33.487275  8945 work_recog.hpp:89] Face id: 1 will run recog: bbox [170 x 233 from (257, 123)] quality: 0.478765
I1014 15:20:33.487308  8945 work_recog.hpp:96] Recog pair: [248 x 288 from (216, 72)], [170 x 233 from (41, 51)]
I1014 15:20:33.488212  8947 thread_intergrate.hpp:186] T-Intergrate-intergrate Show face :1, size :640 * 360
I1014 15:20:33.488785  8943 demo_inner.hpp:435] thread [SORT-0]  frame id 136 sorting queue size 0   FPS: 28.5848
I1014 15:20:33.488859  8942 demo_inner.hpp:260]  gui queue size 0, state = running
I1014 15:20:33.505947  8945 work_thread.hpp:81]  [T-Work-Recog_0] Run work: WorkCompare
I1014 15:20:33.506464  8945 work_compare.cpp:76] Compare face: 1 successed, similarity :0.994361, name : images/ThangLMb.jpg, normal size : 1548 * 1719!
I1014 15:20:33.514201  8941 demo_inner.hpp:177] decode queue size 0
I1014 15:20:33.514304  8944 work_thread.hpp:81]  [T-Work-Detect_0] Run work: WorkDetect
I1014 15:20:33.514340  8944 work_detect.cpp:102] Succeeded to add det start for frame 137
I1014 15:20:33.521076  8944 work_detect.cpp:70] Frame :137 detect result :1 face(s)
I1014 15:20:33.521124  8944 work_detect.cpp:86] Detected bbox: [169 x 225 from (258, 131)]
I1014 15:20:33.521169  8944 work_detect.cpp:120] Succeeded to add det end for frame 137
I1014 15:20:33.521185  8944 work_thread.hpp:81]  [T-Work-Detect_0] Run work: WrokTrack
I1014 15:20:33.521210  8944 work_track.cpp:82] Frame: 137 build input_characts: [0.264062 x 0.625 from (0.403125, 0.363889)], 1.00019, 0
I1014 15:20:33.521265  8944 work_track.cpp:102] Succeeded to set track lock for frame 137
I1014 15:20:33.521304  8944 work_track.cpp:116] Succeeded to release track lock for frame 137
I1014 15:20:33.521318  8944 work_track.cpp:120] Track results of frame 137: 1 objects input, 1 objects tracked!
I1014 15:20:33.521337  8944 work_track.cpp:148] Frame: 137, track bbox: [169 x 225 from (257.272, 130.012)], gid: 1, lid: 0
I1014 15:20:33.521374  8944 work_thread.hpp:87]  [T-Work-Detect_0] Frame :137 split
I1014 15:20:33.521392  8944 work_thread.hpp:120]  [T-Work-Detect_0] Valid piece: gid = 1
I1014 15:20:33.521410  8944 work_thread.hpp:91]  [T-Work-Detect_0] Push to split queue:recog
I1014 15:20:33.521550  8946 work_thread.hpp:81]  [T-Work-Recog_1] Run work: WorkCapture
I1014 15:20:33.521550  8947 thread_intergrate.hpp:78] [T-Intergrate-intergrate] queue: frame output frame :137
I1014 15:20:33.521595  8947 thread_intergrate.hpp:85] [T-Intergrate-intergrate] queue: compare output face:1
I1014 15:20:33.521615  8947 thread_intergrate.hpp:144] T-Intergrate-intergrate set matched face: 1
I1014 15:20:33.522233  8946 work_thread.hpp:81]  [T-Work-Recog_1] Run work: WorkRecog
I1014 15:20:33.522260  8946 work_recog.hpp:89] Face id: 1 will run recog: bbox [169 x 225 from (258, 131)] quality: 0.469856
I1014 15:20:33.522298  8946 work_recog.hpp:96] Recog pair: [240 x 280 from (224, 80)], [169 x 225 from (34, 51)]
I1014 15:20:33.523279  8947 thread_intergrate.hpp:186] T-Intergrate-intergrate Show face :1, size :640 * 360
I1014 15:20:33.523887  8943 demo_inner.hpp:435] thread [SORT-0]  frame id 137 sorting queue size 0   FPS: 28.5982
I1014 15:20:33.523970  8942 demo_inner.hpp:260]  gui queue size 0, state = running
I1014 15:20:33.540452  8946 work_thread.hpp:81]  [T-Work-Recog_1] Run work: WorkCompare
I1014 15:20:33.541051  8946 work_compare.cpp:76] Compare face: 1 successed, similarity :0.99532, name : images/ThangLMb.jpg, normal size : 1548 * 1719!
I1014 15:20:33.544268  8941 demo_inner.hpp:177] decode queue size 0
I1014 15:20:33.544351  8944 work_thread.hpp:81]  [T-Work-Detect_0] Run work: WorkDetect
I1014 15:20:33.544384  8944 work_detect.cpp:102] Succeeded to add det start for frame 138
I1014 15:20:33.551183  8944 work_detect.cpp:70] Frame :138 detect result :1 face(s)
I1014 15:20:33.551228  8944 work_detect.cpp:86] Detected bbox: [168 x 227 from (256, 130)]
I1014 15:20:33.551270  8944 work_detect.cpp:120] Succeeded to add det end for frame 138
I1014 15:20:33.551285  8944 work_thread.hpp:81]  [T-Work-Detect_0] Run work: WrokTrack
I1014 15:20:33.551309  8944 work_track.cpp:82] Frame: 138 build input_characts: [0.2625 x 0.630556 from (0.4, 0.361111)], 1.00035, 0
I1014 15:20:33.551362  8944 work_track.cpp:102] Succeeded to set track lock for frame 138
I1014 15:20:33.551403  8944 work_track.cpp:116] Succeeded to release track lock for frame 138
I1014 15:20:33.551417  8944 work_track.cpp:120] Track results of frame 138: 1 objects input, 1 objects tracked!
I1014 15:20:33.551434  8944 work_track.cpp:148] Frame: 138, track bbox: [168 x 227 from (257.057, 129.659)], gid: 1, lid: 0
I1014 15:20:33.551471  8944 work_thread.hpp:87]  [T-Work-Detect_0] Frame :138 split
I1014 15:20:33.551488  8944 work_thread.hpp:120]  [T-Work-Detect_0] Valid piece: gid = 1
I1014 15:20:33.551507  8944 work_thread.hpp:91]  [T-Work-Detect_0] Push to split queue:recog
I1014 15:20:33.551553  8945 work_thread.hpp:81]  [T-Work-Recog_0] Run work: WorkCapture
I1014 15:20:33.551555  8947 thread_intergrate.hpp:78] [T-Intergrate-intergrate] queue: frame output frame :138
I1014 15:20:33.551596  8947 thread_intergrate.hpp:85] [T-Intergrate-intergrate] queue: compare output face:1
I1014 15:20:33.551617  8947 thread_intergrate.hpp:144] T-Intergrate-intergrate set matched face: 1
I1014 15:20:33.552239  8945 work_thread.hpp:81]  [T-Work-Recog_0] Run work: WorkRecog
I1014 15:20:33.552265  8945 work_recog.hpp:89] Face id: 1 will run recog: bbox [168 x 227 from (256, 130)] quality: 0.465943
I1014 15:20:33.552297  8945 work_recog.hpp:96] Recog pair: [248 x 280 from (216, 80)], [168 x 227 from (40, 50)]
I1014 15:20:33.553261  8947 thread_intergrate.hpp:186] T-Intergrate-intergrate Show face :1, size :640 * 360
I1014 15:20:33.553840  8943 demo_inner.hpp:435] thread [SORT-0]  frame id 138 sorting queue size 0   FPS: 28.5848
I1014 15:20:33.553910  8942 demo_inner.hpp:260]  gui queue size 0, state = running
I1014 15:20:33.570680  8945 work_thread.hpp:81]  [T-Work-Recog_0] Run work: WorkCompare
I1014 15:20:33.571455  8945 work_compare.cpp:76] Compare face: 1 successed, similarity :0.995841, name : images/ThangLMb.jpg, normal size : 1548 * 1719!
I1014 15:20:33.579890  8941 demo_inner.hpp:177] decode queue size 0
I1014 15:20:33.580006  8944 work_thread.hpp:81]  [T-Work-Detect_0] Run work: WorkDetect
I1014 15:20:33.580117  8944 work_detect.cpp:102] Succeeded to add det start for frame 139
I1014 15:20:33.586834  8944 work_detect.cpp:70] Frame :139 detect result :1 face(s)
I1014 15:20:33.586879  8944 work_detect.cpp:86] Detected bbox: [165 x 225 from (259, 132)]
I1014 15:20:33.586920  8944 work_detect.cpp:120] Succeeded to add det end for frame 139
I1014 15:20:33.586936  8944 work_thread.hpp:81]  [T-Work-Detect_0] Run work: WrokTrack
I1014 15:20:33.586961  8944 work_track.cpp:82] Frame: 139 build input_characts: [0.257812 x 0.625 from (0.404687, 0.366667)], 1.00035, 0
I1014 15:20:33.587015  8944 work_track.cpp:102] Succeeded to set track lock for frame 139
I1014 15:20:33.587054  8944 work_track.cpp:116] Succeeded to release track lock for frame 139
I1014 15:20:33.587069  8944 work_track.cpp:120] Track results of frame 139: 1 objects input, 1 objects tracked!
I1014 15:20:33.587087  8944 work_track.cpp:148] Frame: 139, track bbox: [165 x 225 from (258.742, 131.661)], gid: 1, lid: 0
I1014 15:20:33.587123  8944 work_thread.hpp:87]  [T-Work-Detect_0] Frame :139 split
I1014 15:20:33.587141  8944 work_thread.hpp:120]  [T-Work-Detect_0] Valid piece: gid = 1
I1014 15:20:33.587159  8944 work_thread.hpp:91]  [T-Work-Detect_0] Push to split queue:recog
I1014 15:20:33.587205  8947 thread_intergrate.hpp:78] [T-Intergrate-intergrate] queue: frame output frame :139
I1014 15:20:33.587208  8946 work_thread.hpp:81]  [T-Work-Recog_1] Run work: WorkCapture
I1014 15:20:33.587239  8947 thread_intergrate.hpp:85] [T-Intergrate-intergrate] queue: compare output face:1
I1014 15:20:33.587260  8947 thread_intergrate.hpp:144] T-Intergrate-intergrate set matched face: 1
I1014 15:20:33.588029  8946 work_thread.hpp:81]  [T-Work-Recog_1] Run work: WorkRecog
I1014 15:20:33.588059  8946 work_recog.hpp:89] Face id: 1 will run recog: bbox [165 x 225 from (259, 132)] quality: 0.464965
I1014 15:20:33.588095  8946 work_recog.hpp:96] Recog pair: [240 x 280 from (224, 80)], [165 x 225 from (35, 52)]
I1014 15:20:33.588920  8947 thread_intergrate.hpp:186] T-Intergrate-intergrate Show face :1, size :640 * 360
I1014 15:20:33.589428  8943 demo_inner.hpp:435] thread [SORT-0]  frame id 139 sorting queue size 0   FPS: 28.6116
I1014 15:20:33.606308  8946 work_thread.hpp:81]  [T-Work-Recog_1] Run work: WorkCompare
I1014 15:20:33.606900  8946 work_compare.cpp:76] Compare face: 1 successed, similarity :0.996138, name : images/ThangLMb.jpg, normal size : 1548 * 1719!
I1014 15:20:33.610204  8941 demo_inner.hpp:177] decode queue size 0
I1014 15:20:33.610285  8944 work_thread.hpp:81]  [T-Work-Detect_0] Run work: WorkDetect
I1014 15:20:33.610318  8944 work_detect.cpp:102] Succeeded to add det start for frame 140
I1014 15:20:33.617070  8944 work_detect.cpp:70] Frame :140 detect result :1 face(s)
I1014 15:20:33.617115  8944 work_detect.cpp:86] Detected bbox: [171 x 225 from (253, 130)]
I1014 15:20:33.617157  8944 work_detect.cpp:120] Succeeded to add det end for frame 140
I1014 15:20:33.617174  8944 work_thread.hpp:81]  [T-Work-Detect_0] Run work: WrokTrack
I1014 15:20:33.617197  8944 work_track.cpp:82] Frame: 140 build input_characts: [0.267188 x 0.625 from (0.395312, 0.361111)], 1.00019, 0
I1014 15:20:33.617252  8944 work_track.cpp:102] Succeeded to set track lock for frame 140
I1014 15:20:33.617291  8944 work_track.cpp:116] Succeeded to release track lock for frame 140
I1014 15:20:33.617306  8944 work_track.cpp:120] Track results of frame 140: 1 objects input, 1 objects tracked!
I1014 15:20:33.617324  8944 work_track.cpp:148] Frame: 140, track bbox: [171 x 225 from (254.682, 131.254)], gid: 1, lid: 0
I1014 15:20:33.617360  8944 work_thread.hpp:87]  [T-Work-Detect_0] Frame :140 split
I1014 15:20:33.617377  8944 work_thread.hpp:120]  [T-Work-Detect_0] Valid piece: gid = 1
I1014 15:20:33.617396  8944 work_thread.hpp:91]  [T-Work-Detect_0] Push to split queue:recog
I1014 15:20:33.617442  8945 work_thread.hpp:81]  [T-Work-Recog_0] Run work: WorkCapture
I1014 15:20:33.617444  8947 thread_intergrate.hpp:78] [T-Intergrate-intergrate] queue: frame output frame :140
I1014 15:20:33.617559  8947 thread_intergrate.hpp:85] [T-Intergrate-intergrate] queue: compare output face:1
I1014 15:20:33.617580  8947 thread_intergrate.hpp:144] T-Intergrate-intergrate set matched face: 1
I1014 15:20:33.618084  8945 work_thread.hpp:81]  [T-Work-Recog_0] Run work: WorkRecog
I1014 15:20:33.618110  8945 work_recog.hpp:89] Face id: 1 will run recog: bbox [171 x 225 from (253, 130)] quality: 0.471876
I1014 15:20:33.618141  8945 work_recog.hpp:96] Recog pair: [248 x 280 from (216, 80)], [171 x 225 from (37, 50)]
I1014 15:20:33.619200  8947 thread_intergrate.hpp:186] T-Intergrate-intergrate Show face :1, size :640 * 360
I1014 15:20:33.619736  8943 demo_inner.hpp:435] thread [SORT-0]  frame id 140 sorting queue size 1   FPS: 28.6116
I1014 15:20:33.636230  8945 work_thread.hpp:81]  [T-Work-Recog_0] Run work: WorkCompare
I1014 15:20:33.636808  8945 work_compare.cpp:76] Compare face: 1 successed, similarity :0.99397, name : images/ThangLMb.jpg, normal size : 1548 * 1719!
I1014 15:20:33.646317  8941 demo_inner.hpp:177] decode queue size 0
I1014 15:20:33.646450  8944 work_thread.hpp:81]  [T-Work-Detect_0] Run work: WorkDetect
I1014 15:20:33.646486  8944 work_detect.cpp:102] Succeeded to add det start for frame 141
I1014 15:20:33.653209  8944 work_detect.cpp:70] Frame :141 detect result :1 face(s)
I1014 15:20:33.653254  8944 work_detect.cpp:86] Detected bbox: [173 x 232 from (255, 123)]
I1014 15:20:33.653298  8944 work_detect.cpp:120] Succeeded to add det end for frame 141
I1014 15:20:33.653314  8944 work_thread.hpp:81]  [T-Work-Detect_0] Run work: WrokTrack
I1014 15:20:33.653339  8944 work_track.cpp:82] Frame: 141 build input_characts: [0.270312 x 0.644444 from (0.398438, 0.341667)], 1.00019, 0
I1014 15:20:33.653394  8944 work_track.cpp:102] Succeeded to set track lock for frame 141
I1014 15:20:33.653434  8944 work_track.cpp:116] Succeeded to release track lock for frame 141
I1014 15:20:33.653448  8944 work_track.cpp:120] Track results of frame 141: 1 objects input, 1 objects tracked!
I1014 15:20:33.653466  8944 work_track.cpp:148] Frame: 141, track bbox: [173 x 232 from (253.585, 125.808)], gid: 1, lid: 0
I1014 15:20:33.653503  8944 work_thread.hpp:87]  [T-Work-Detect_0] Frame :141 split
I1014 15:20:33.653522  8944 work_thread.hpp:120]  [T-Work-Detect_0] Valid piece: gid = 1
I1014 15:20:33.653542  8944 work_thread.hpp:91]  [T-Work-Detect_0] Push to split queue:recog
I1014 15:20:33.653589  8947 thread_intergrate.hpp:78] [T-Intergrate-intergrate] queue: frame output frame :141
I1014 15:20:33.653594  8945 work_thread.hpp:81]  [T-Work-Recog_0] Run work: WorkCapture
I1014 15:20:33.653616  8947 thread_intergrate.hpp:85] [T-Intergrate-intergrate] queue: compare output face:1
I1014 15:20:33.653635  8947 thread_intergrate.hpp:144] T-Intergrate-intergrate set matched face: 1
I1014 15:20:33.654247  8945 work_thread.hpp:81]  [T-Work-Recog_0] Run work: WorkRecog
I1014 15:20:33.654273  8945 work_recog.hpp:89] Face id: 1 will run recog: bbox [173 x 232 from (255, 123)] quality: 0.471766
I1014 15:20:33.654305  8945 work_recog.hpp:96] Recog pair: [248 x 288 from (216, 72)], [173 x 232 from (39, 51)]
I1014 15:20:33.655279  8947 thread_intergrate.hpp:186] T-Intergrate-intergrate Show face :1, size :640 * 360
I1014 15:20:33.655856  8943 demo_inner.hpp:435] thread [SORT-0]  frame id 141 sorting queue size 2   FPS: 28.5982
I1014 15:20:33.672523  8945 work_thread.hpp:81]  [T-Work-Recog_0] Run work: WorkCompare
I1014 15:20:33.673095  8945 work_compare.cpp:76] Compare face: 1 successed, similarity :0.994128, name : images/ThangLMb.jpg, normal size : 1548 * 1719!
I1014 15:20:33.682209  8941 demo_inner.hpp:177] decode queue size 0
I1014 15:20:33.682333  8944 work_thread.hpp:81]  [T-Work-Detect_0] Run work: WorkDetect
I1014 15:20:33.682371  8944 work_detect.cpp:102] Succeeded to add det start for frame 142
I1014 15:20:33.689148  8944 work_detect.cpp:70] Frame :142 detect result :1 face(s)
I1014 15:20:33.689205  8944 work_detect.cpp:86] Detected bbox: [180 x 233 from (262, 127)]
I1014 15:20:33.689257  8944 work_detect.cpp:120] Succeeded to add det end for frame 142
I1014 15:20:33.689368  8944 work_thread.hpp:81]  [T-Work-Detect_0] Run work: WrokTrack
I1014 15:20:33.689397  8944 work_track.cpp:82] Frame: 142 build input_characts: [0.28125 x 0.647222 from (0.409375, 0.352778)], 1.00019, 0
I1014 15:20:33.689455  8944 work_track.cpp:102] Succeeded to set track lock for frame 142
I1014 15:20:33.689497  8944 work_track.cpp:116] Succeeded to release track lock for frame 142
I1014 15:20:33.689512  8944 work_track.cpp:120] Track results of frame 142: 1 objects input, 1 objects tracked!
I1014 15:20:33.689530  8944 work_track.cpp:148] Frame: 142, track bbox: [180 x 233 from (256.236, 125.222)], gid: 1, lid: 0
I1014 15:20:33.689568  8944 work_thread.hpp:87]  [T-Work-Detect_0] Frame :142 split
I1014 15:20:33.689584  8944 work_thread.hpp:120]  [T-Work-Detect_0] Valid piece: gid = 1
I1014 15:20:33.689604  8944 work_thread.hpp:91]  [T-Work-Detect_0] Push to split queue:recog
I1014 15:20:33.689659  8947 thread_intergrate.hpp:78] [T-Intergrate-intergrate] queue: frame output frame :142
I1014 15:20:33.689683  8945 work_thread.hpp:81]  [T-Work-Recog_0] Run work: WorkCapture
I1014 15:20:33.689688  8947 thread_intergrate.hpp:85] [T-Intergrate-intergrate] queue: compare output face:1
I1014 15:20:33.689707  8947 thread_intergrate.hpp:144] T-Intergrate-intergrate set matched face: 1
I1014 15:20:33.690268  8945 work_thread.hpp:81]  [T-Work-Recog_0] Run work: WorkRecog
I1014 15:20:33.690292  8945 work_recog.hpp:89] Face id: 1 will run recog: bbox [180 x 233 from (262, 127)] quality: 0.469332
I1014 15:20:33.690322  8945 work_recog.hpp:96] Recog pair: [256 x 280 from (224, 80)], [180 x 233 from (38, 47)]
I1014 15:20:33.691371  8947 thread_intergrate.hpp:186] T-Intergrate-intergrate Show face :1, size :640 * 360
I1014 15:20:33.691948  8943 demo_inner.hpp:435] thread [SORT-0]  frame id 142 sorting queue size 3   FPS: 28.518
I1014 15:20:33.707906  8945 work_thread.hpp:81]  [T-Work-Recog_0] Run work: WorkCompare
I1014 15:20:33.708376  8945 work_compare.cpp:76] Compare face: 1 successed, similarity :0.994721, name : images/ThangLMb.jpg, normal size : 1548 * 1719!
I1014 15:20:33.712520  8941 demo_inner.hpp:177] decode queue size 0
I1014 15:20:33.712625  8944 work_thread.hpp:81]  [T-Work-Detect_0] Run work: WorkDetect
I1014 15:20:33.712659  8944 work_detect.cpp:102] Succeeded to add det start for frame 143
I1014 15:20:33.719409  8944 work_detect.cpp:70] Frame :143 detect result :1 face(s)
W1014 15:20:33.719452  8944 work_detect.cpp:83] Invalid bbox: [171 x 215 from (249, 153)]
I1014 15:20:33.719529  8944 work_detect.cpp:120] Succeeded to add det end for frame 143
I1014 15:20:33.719547  8944 work_thread.hpp:81]  [T-Work-Detect_0] Run work: WrokTrack
I1014 15:20:33.719574  8944 work_track.cpp:102] Succeeded to set track lock for frame 143
I1014 15:20:33.719607  8944 work_track.cpp:116] Succeeded to release track lock for frame 143
I1014 15:20:33.719621  8944 work_track.cpp:120] Track results of frame 143: 0 objects input, 1 objects tracked!
I1014 15:20:33.719640  8944 work_track.cpp:148] Frame: 143, track bbox: [180 x 233 from (257.638, 124.793)], gid: 1, lid: -1
I1014 15:20:33.719692  8944 work_thread.hpp:87]  [T-Work-Detect_0] Frame :143 split
I1014 15:20:33.719738  8947 thread_intergrate.hpp:78] [T-Intergrate-intergrate] queue: frame output frame :143
I1014 15:20:33.719764  8947 thread_intergrate.hpp:85] [T-Intergrate-intergrate] queue: compare output face:1
I1014 15:20:33.719784  8947 thread_intergrate.hpp:144] T-Intergrate-intergrate set matched face: 1
I1014 15:20:33.721395  8947 thread_intergrate.hpp:186] T-Intergrate-intergrate Show face :1, size :640 * 360
I1014 15:20:33.721999  8943 demo_inner.hpp:435] thread [SORT-0]  frame id 143 sorting queue size 4   FPS: 28.5982
I1014 15:20:33.748256  8941 demo_inner.hpp:177] decode queue size 0
I1014 15:20:33.748361  8944 work_thread.hpp:81]  [T-Work-Detect_0] Run work: WorkDetect
I1014 15:20:33.748394  8944 work_detect.cpp:102] Succeeded to add det start for frame 144
I1014 15:20:33.755113  8944 work_detect.cpp:70] Frame :144 detect result :1 face(s)
W1014 15:20:33.755228  8944 work_detect.cpp:83] Invalid bbox: [173 x 216 from (247, 153)]
I1014 15:20:33.755277  8944 work_detect.cpp:120] Succeeded to add det end for frame 144
I1014 15:20:33.755295  8944 work_thread.hpp:81]  [T-Work-Detect_0] Run work: WrokTrack
I1014 15:20:33.755321  8944 work_track.cpp:102] Succeeded to set track lock for frame 144
I1014 15:20:33.755353  8944 work_track.cpp:116] Succeeded to release track lock for frame 144
I1014 15:20:33.755367  8944 work_track.cpp:120] Track results of frame 144: 0 objects input, 0 objects tracked!
I1014 15:20:33.755385  8944 work_thread.hpp:87]  [T-Work-Detect_0] Frame :144 split
I1014 15:20:33.755429  8947 thread_intergrate.hpp:78] [T-Intergrate-intergrate] queue: frame output frame :144
I1014 15:20:33.756517  8947 thread_intergrate.hpp:186] T-Intergrate-intergrate Show face :1, size :640 * 360
I1014 15:20:33.757251  8943 demo_inner.hpp:435] thread [SORT-0]  frame id 144 sorting queue size 5   FPS: 28.518
I1014 15:20:33.778483  8941 demo_inner.hpp:177] decode queue size 0
I1014 15:20:33.778585  8944 work_thread.hpp:81]  [T-Work-Detect_0] Run work: WorkDetect
I1014 15:20:33.778620  8944 work_detect.cpp:102] Succeeded to add det start for frame 145
I1014 15:20:33.785416  8944 work_detect.cpp:70] Frame :145 detect result :1 face(s)
I1014 15:20:33.785459  8944 work_detect.cpp:86] Detected bbox: [173 x 229 from (254, 127)]
I1014 15:20:33.785502  8944 work_detect.cpp:120] Succeeded to add det end for frame 145
I1014 15:20:33.785519  8944 work_thread.hpp:81]  [T-Work-Detect_0] Run work: WrokTrack
I1014 15:20:33.785542  8944 work_track.cpp:82] Frame: 145 build input_characts: [0.270312 x 0.636111 from (0.396875, 0.352778)], 1.00019, 0
I1014 15:20:33.785598  8944 work_track.cpp:102] Succeeded to set track lock for frame 145
I1014 15:20:33.785635  8944 work_track.cpp:116] Succeeded to release track lock for frame 145
I1014 15:20:33.785650  8944 work_track.cpp:120] Track results of frame 145: 1 objects input, 0 objects tracked!
I1014 15:20:33.785667  8944 work_track.cpp:162] Frame: 145 lid: 0 not tracked, will set invalid
I1014 15:20:33.785682  8944 work_thread.hpp:87]  [T-Work-Detect_0] Frame :145 split
I1014 15:20:33.785699  8944 work_thread.hpp:126]  [T-Work-Detect_0] Invalid piece: lid = 0, drop it
I1014 15:20:33.785742  8947 thread_intergrate.hpp:78] [T-Intergrate-intergrate] queue: frame output frame :145
I1014 15:20:33.786830  8947 thread_intergrate.hpp:186] T-Intergrate-intergrate Show face :1, size :640 * 360
I1014 15:20:33.787402  8943 demo_inner.hpp:435] thread [SORT-0]  frame id 145 sorting queue size 6   FPS: 28.5982
I1014 15:20:33.814311  8941 demo_inner.hpp:177] decode queue size 0
I1014 15:20:33.814424  8944 work_thread.hpp:81]  [T-Work-Detect_0] Run work: WorkDetect
I1014 15:20:33.814457  8944 work_detect.cpp:102] Succeeded to add det start for frame 146
I1014 15:20:33.821183  8944 work_detect.cpp:70] Frame :146 detect result :1 face(s)
I1014 15:20:33.821229  8944 work_detect.cpp:86] Detected bbox: [172 x 228 from (253, 131)]
I1014 15:20:33.821272  8944 work_detect.cpp:120] Succeeded to add det end for frame 146
I1014 15:20:33.821288  8944 work_thread.hpp:81]  [T-Work-Detect_0] Run work: WrokTrack
I1014 15:20:33.821313  8944 work_track.cpp:82] Frame: 146 build input_characts: [0.26875 x 0.633333 from (0.395312, 0.363889)], 1.00019, 0
I1014 15:20:33.821368  8944 work_track.cpp:102] Succeeded to set track lock for frame 146
I1014 15:20:33.821405  8944 work_track.cpp:116] Succeeded to release track lock for frame 146
I1014 15:20:33.821419  8944 work_track.cpp:120] Track results of frame 146: 1 objects input, 0 objects tracked!
I1014 15:20:33.821437  8944 work_track.cpp:162] Frame: 146 lid: 0 not tracked, will set invalid
I1014 15:20:33.821452  8944 work_thread.hpp:87]  [T-Work-Detect_0] Frame :146 split
I1014 15:20:33.821470  8944 work_thread.hpp:126]  [T-Work-Detect_0] Invalid piece: lid = 0, drop it
I1014 15:20:33.821509  8947 thread_intergrate.hpp:78] [T-Intergrate-intergrate] queue: frame output frame :146
I1014 15:20:33.822816  8947 thread_intergrate.hpp:186] T-Intergrate-intergrate Show face :1, size :640 * 360
I1014 15:20:33.823407  8943 demo_inner.hpp:435] thread [SORT-0]  frame id 146 sorting queue size 7   FPS: 28.5848
I1014 15:20:33.844414  8941 demo_inner.hpp:177] decode queue size 0
I1014 15:20:33.844519  8944 work_thread.hpp:81]  [T-Work-Detect_0] Run work: WorkDetect
I1014 15:20:33.844550  8944 work_detect.cpp:102] Succeeded to add det start for frame 147
I1014 15:20:33.851202  8944 work_detect.cpp:70] Frame :147 detect result :1 face(s)
W1014 15:20:33.851244  8944 work_detect.cpp:83] Invalid bbox: [172 x 217 from (251, 153)]
I1014 15:20:33.851318  8944 work_detect.cpp:120] Succeeded to add det end for frame 147
I1014 15:20:33.851336  8944 work_thread.hpp:81]  [T-Work-Detect_0] Run work: WrokTrack
I1014 15:20:33.851363  8944 work_track.cpp:102] Succeeded to set track lock for frame 147
I1014 15:20:33.851394  8944 work_track.cpp:116] Succeeded to release track lock for frame 147
I1014 15:20:33.851408  8944 work_track.cpp:120] Track results of frame 147: 0 objects input, 0 objects tracked!
I1014 15:20:33.851426  8944 work_thread.hpp:87]  [T-Work-Detect_0] Frame :147 split
I1014 15:20:33.851470  8947 thread_intergrate.hpp:78] [T-Intergrate-intergrate] queue: frame output frame :147
I1014 15:20:33.852558  8947 thread_intergrate.hpp:186] T-Intergrate-intergrate Show face :1, size :640 * 360
I1014 15:20:33.853248  8943 demo_inner.hpp:435] thread [SORT-0]  frame id 147 sorting queue size 8   FPS: 28.6251
I1014 15:20:33.880340  8941 demo_inner.hpp:177] decode queue size 0
I1014 15:20:33.880460  8944 work_thread.hpp:81]  [T-Work-Detect_0] Run work: WorkDetect
I1014 15:20:33.880492  8944 work_detect.cpp:102] Succeeded to add det start for frame 148
I1014 15:20:33.887156  8944 work_detect.cpp:70] Frame :148 detect result :1 face(s)
W1014 15:20:33.887197  8944 work_detect.cpp:83] Invalid bbox: [173 x 212 from (264, 154)]
I1014 15:20:33.887270  8944 work_detect.cpp:120] Succeeded to add det end for frame 148
I1014 15:20:33.887286  8944 work_thread.hpp:81]  [T-Work-Detect_0] Run work: WrokTrack
I1014 15:20:33.887313  8944 work_track.cpp:102] Succeeded to set track lock for frame 148
I1014 15:20:33.887346  8944 work_track.cpp:116] Succeeded to release track lock for frame 148
I1014 15:20:33.887359  8944 work_track.cpp:120] Track results of frame 148: 0 objects input, 0 objects tracked!
I1014 15:20:33.887378  8944 work_thread.hpp:87]  [T-Work-Detect_0] Frame :148 split
I1014 15:20:33.887420  8947 thread_intergrate.hpp:78] [T-Intergrate-intergrate] queue: frame output frame :148
I1014 15:20:33.888509  8947 thread_intergrate.hpp:186] T-Intergrate-intergrate Show face :1, size :640 * 360
I1014 15:20:33.889029  8943 demo_inner.hpp:435] thread [SORT-0]  frame id 148 sorting queue size 9   FPS: 28.6116
I1014 15:20:33.916317  8941 demo_inner.hpp:177] decode queue size 0
I1014 15:20:33.916427  8944 work_thread.hpp:81]  [T-Work-Detect_0] Run work: WorkDetect
I1014 15:20:33.916460  8944 work_detect.cpp:102] Succeeded to add det start for frame 149
I1014 15:20:33.923158  8944 work_detect.cpp:70] Frame :149 detect result :1 face(s)
I1014 15:20:33.923200  8944 work_detect.cpp:86] Detected bbox: [173 x 229 from (251, 128)]
I1014 15:20:33.923243  8944 work_detect.cpp:120] Succeeded to add det end for frame 149
I1014 15:20:33.923259  8944 work_thread.hpp:81]  [T-Work-Detect_0] Run work: WrokTrack
I1014 15:20:33.923281  8944 work_track.cpp:82] Frame: 149 build input_characts: [0.270312 x 0.636111 from (0.392188, 0.355556)], 1.00035, 0
I1014 15:20:33.923336  8944 work_track.cpp:102] Succeeded to set track lock for frame 149
I1014 15:20:33.923370  8944 work_track.cpp:116] Succeeded to release track lock for frame 149
I1014 15:20:33.923384  8944 work_track.cpp:120] Track results of frame 149: 1 objects input, 0 objects tracked!
I1014 15:20:33.923403  8944 work_track.cpp:162] Frame: 149 lid: 0 not tracked, will set invalid
I1014 15:20:33.923418  8944 work_thread.hpp:87]  [T-Work-Detect_0] Frame :149 split
I1014 15:20:33.923434  8944 work_thread.hpp:126]  [T-Work-Detect_0] Invalid piece: lid = 0, drop it
I1014 15:20:33.923547  8947 thread_intergrate.hpp:78] [T-Intergrate-intergrate] queue: frame output frame :149
I1014 15:20:33.924635  8947 thread_intergrate.hpp:186] T-Intergrate-intergrate Show face :1, size :640 * 360
I1014 15:20:33.925335  8943 demo_inner.hpp:435] thread [SORT-0]  frame id 149 sorting queue size 10   FPS: 28.4914
I1014 15:20:33.946357  8941 demo_inner.hpp:177] decode queue size 0
I1014 15:20:33.946466  8944 work_thread.hpp:81]  [T-Work-Detect_0] Run work: WorkDetect
I1014 15:20:33.946501  8944 work_detect.cpp:102] Succeeded to add det start for frame 150
I1014 15:20:33.953263  8944 work_detect.cpp:70] Frame :150 detect result :1 face(s)
I1014 15:20:33.953310  8944 work_detect.cpp:86] Detected bbox: [175 x 230 from (251, 126)]
I1014 15:20:33.953352  8944 work_detect.cpp:120] Succeeded to add det end for frame 150
I1014 15:20:33.953369  8944 work_thread.hpp:81]  [T-Work-Detect_0] Run work: WrokTrack
I1014 15:20:33.953393  8944 work_track.cpp:82] Frame: 150 build input_characts: [0.273438 x 0.638889 from (0.392188, 0.35)], 1.00035, 0
I1014 15:20:33.953447  8944 work_track.cpp:102] Succeeded to set track lock for frame 150
I1014 15:20:33.953488  8944 work_track.cpp:116] Succeeded to release track lock for frame 150
I1014 15:20:33.953503  8944 work_track.cpp:120] Track results of frame 150: 1 objects input, 0 objects tracked!
I1014 15:20:33.953521  8944 work_track.cpp:162] Frame: 150 lid: 0 not tracked, will set invalid
I1014 15:20:33.953536  8944 work_thread.hpp:87]  [T-Work-Detect_0] Frame :150 split
I1014 15:20:33.953553  8944 work_thread.hpp:126]  [T-Work-Detect_0] Invalid piece: lid = 0, drop it
I1014 15:20:33.953595  8947 thread_intergrate.hpp:78] [T-Intergrate-intergrate] queue: frame output frame :150
I1014 15:20:33.954802  8947 thread_intergrate.hpp:186] T-Intergrate-intergrate Show face :1, size :640 * 360
I1014 15:20:33.982249  8941 demo_inner.hpp:177] decode queue size 0
I1014 15:20:33.982357  8944 work_thread.hpp:81]  [T-Work-Detect_0] Run work: WorkDetect
I1014 15:20:33.982390  8944 work_detect.cpp:102] Succeeded to add det start for frame 151
I1014 15:20:33.989104  8944 work_detect.cpp:70] Frame :151 detect result :1 face(s)
I1014 15:20:33.989146  8944 work_detect.cpp:86] Detected bbox: [172 x 227 from (252, 129)]
I1014 15:20:33.989189  8944 work_detect.cpp:120] Succeeded to add det end for frame 151
I1014 15:20:33.989205  8944 work_thread.hpp:81]  [T-Work-Detect_0] Run work: WrokTrack
I1014 15:20:33.989229  8944 work_track.cpp:82] Frame: 151 build input_characts: [0.26875 x 0.630556 from (0.39375, 0.358333)], 1.00019, 0
I1014 15:20:33.989285  8944 work_track.cpp:102] Succeeded to set track lock for frame 151
I1014 15:20:33.989326  8944 work_track.cpp:116] Succeeded to release track lock for frame 151
I1014 15:20:33.989341  8944 work_track.cpp:120] Track results of frame 151: 1 objects input, 1 objects tracked!
I1014 15:20:33.989358  8944 work_track.cpp:148] Frame: 151, track bbox: [172 x 227 from (252.241, 128.488)], gid: 2, lid: 0
I1014 15:20:33.989395  8944 work_thread.hpp:87]  [T-Work-Detect_0] Frame :151 split
I1014 15:20:33.989413  8944 work_thread.hpp:120]  [T-Work-Detect_0] Valid piece: gid = 2
I1014 15:20:33.989431  8944 work_thread.hpp:91]  [T-Work-Detect_0] Push to split queue:recog
I1014 15:20:33.989480  8947 thread_intergrate.hpp:78] [T-Intergrate-intergrate] queue: frame output frame :151
I1014 15:20:33.989485  8946 work_thread.hpp:81]  [T-Work-Recog_1] Run work: WorkCapture
I1014 15:20:33.990083  8946 work_thread.hpp:81]  [T-Work-Recog_1] Run work: WorkRecog
I1014 15:20:33.990115  8946 work_recog.hpp:89] Face id: 2 will run recog: bbox [172 x 227 from (252, 129)] quality: 0.444516
I1014 15:20:33.990144  8946 work_recog.hpp:96] Recog pair: [248 x 280 from (216, 80)], [172 x 227 from (36, 49)]
I1014 15:20:33.990612  8947 thread_intergrate.hpp:186] T-Intergrate-intergrate Show face :1, size :640 * 360
I1014 15:20:34.008303  8946 work_thread.hpp:81]  [T-Work-Recog_1] Run work: WorkCompare
I1014 15:20:34.008883  8946 work_compare.cpp:76] Compare face: 2 successed, similarity :0.995518, name : images/ThangLMb.jpg, normal size : 1548 * 1719!
I1014 15:20:34.012533  8941 demo_inner.hpp:177] decode queue size 0
I1014 15:20:34.012634  8944 work_thread.hpp:81]  [T-Work-Detect_0] Run work: WorkDetect
I1014 15:20:34.012667  8944 work_detect.cpp:102] Succeeded to add det start for frame 152
I1014 15:20:34.019346  8944 work_detect.cpp:70] Frame :152 detect result :1 face(s)
I1014 15:20:34.019385  8944 work_detect.cpp:86] Detected bbox: [172 x 228 from (252, 124)]
I1014 15:20:34.019428  8944 work_detect.cpp:120] Succeeded to add det end for frame 152
I1014 15:20:34.019444  8944 work_thread.hpp:81]  [T-Work-Detect_0] Run work: WrokTrack
I1014 15:20:34.019469  8944 work_track.cpp:82] Frame: 152 build input_characts: [0.26875 x 0.633333 from (0.39375, 0.344444)], 1.00019, 0
I1014 15:20:34.019522  8944 work_track.cpp:102] Succeeded to set track lock for frame 152
I1014 15:20:34.019563  8944 work_track.cpp:116] Succeeded to release track lock for frame 152
I1014 15:20:34.019578  8944 work_track.cpp:120] Track results of frame 152: 1 objects input, 1 objects tracked!
I1014 15:20:34.019596  8944 work_track.cpp:148] Frame: 152, track bbox: [172 x 228 from (252.142, 125.208)], gid: 2, lid: 0
I1014 15:20:34.019634  8944 work_thread.hpp:87]  [T-Work-Detect_0] Frame :152 split
I1014 15:20:34.019652  8944 work_thread.hpp:120]  [T-Work-Detect_0] Valid piece: gid = 2
I1014 15:20:34.019670  8944 work_thread.hpp:91]  [T-Work-Detect_0] Push to split queue:recog
I1014 15:20:34.019716  8945 work_thread.hpp:81]  [T-Work-Recog_0] Run work: WorkCapture
I1014 15:20:34.019722  8947 thread_intergrate.hpp:78] [T-Intergrate-intergrate] queue: frame output frame :152
I1014 15:20:34.019752  8947 thread_intergrate.hpp:85] [T-Intergrate-intergrate] queue: compare output face:2
I1014 15:20:34.019773  8947 thread_intergrate.hpp:144] T-Intergrate-intergrate set matched face: 2
I1014 15:20:34.020418  8945 work_thread.hpp:81]  [T-Work-Recog_0] Run work: WorkRecog
I1014 15:20:34.020445  8945 work_recog.hpp:89] Face id: 2 will run recog: bbox [172 x 228 from (252, 124)] quality: 0.471312
I1014 15:20:34.020478  8945 work_recog.hpp:96] Recog pair: [248 x 288 from (216, 72)], [172 x 228 from (36, 52)]
I1014 15:20:34.021448  8947 thread_intergrate.hpp:186] T-Intergrate-intergrate Show face :2, size :640 * 360
I1014 15:20:34.038439  8945 work_thread.hpp:81]  [T-Work-Recog_0] Run work: WorkCompare
I1014 15:20:34.038962  8945 work_compare.cpp:76] Compare face: 2 successed, similarity :0.995836, name : images/ThangLMb.jpg, normal size : 1548 * 1719!
I1014 15:20:34.048323  8941 demo_inner.hpp:177] decode queue size 0
I1014 15:20:34.048442  8944 work_thread.hpp:81]  [T-Work-Detect_0] Run work: WorkDetect
I1014 15:20:34.048475  8944 work_detect.cpp:102] Succeeded to add det start for frame 153
I1014 15:20:34.055119  8944 work_detect.cpp:70] Frame :153 detect result :1 face(s)
I1014 15:20:34.055160  8944 work_detect.cpp:86] Detected bbox: [173 x 225 from (249, 129)]
I1014 15:20:34.055202  8944 work_detect.cpp:120] Succeeded to add det end for frame 153
I1014 15:20:34.055218  8944 work_thread.hpp:81]  [T-Work-Detect_0] Run work: WrokTrack
I1014 15:20:34.055243  8944 work_track.cpp:82] Frame: 153 build input_characts: [0.270312 x 0.625 from (0.389062, 0.358333)], 1.00019, 0
I1014 15:20:34.055296  8944 work_track.cpp:102] Succeeded to set track lock for frame 153
I1014 15:20:34.055338  8944 work_track.cpp:116] Succeeded to release track lock for frame 153
I1014 15:20:34.055353  8944 work_track.cpp:120] Track results of frame 153: 1 objects input, 1 objects tracked!
I1014 15:20:34.055371  8944 work_track.cpp:148] Frame: 153, track bbox: [173 x 225 from (250.106, 127.604)], gid: 2, lid: 0
I1014 15:20:34.055408  8944 work_thread.hpp:87]  [T-Work-Detect_0] Frame :153 split
I1014 15:20:34.055425  8944 work_thread.hpp:120]  [T-Work-Detect_0] Valid piece: gid = 2
I1014 15:20:34.055444  8944 work_thread.hpp:91]  [T-Work-Detect_0] Push to split queue:recog
I1014 15:20:34.055487  8945 work_thread.hpp:81]  [T-Work-Recog_0] Run work: WorkCapture
I1014 15:20:34.055490  8947 thread_intergrate.hpp:78] [T-Intergrate-intergrate] queue: frame output frame :153
I1014 15:20:34.055625  8947 thread_intergrate.hpp:85] [T-Intergrate-intergrate] queue: compare output face:2
I1014 15:20:34.055646  8947 thread_intergrate.hpp:144] T-Intergrate-intergrate set matched face: 2
I1014 15:20:34.056233  8945 work_thread.hpp:81]  [T-Work-Recog_0] Run work: WorkRecog
I1014 15:20:34.056260  8945 work_recog.hpp:89] Face id: 2 will run recog: bbox [173 x 225 from (249, 129)] quality: 0.46401
I1014 15:20:34.056294  8945 work_recog.hpp:96] Recog pair: [248 x 280 from (208, 80)], [173 x 225 from (41, 49)]
I1014 15:20:34.057335  8947 thread_intergrate.hpp:186] T-Intergrate-intergrate Show face :2, size :640 * 360
I1014 15:20:34.074203  8945 work_thread.hpp:81]  [T-Work-Recog_0] Run work: WorkCompare
I1014 15:20:34.074816  8945 work_compare.cpp:76] Compare face: 2 successed, similarity :0.99725, name : images/ThangLMb.jpg, normal size : 1548 * 1719!
I1014 15:20:34.078526  8941 demo_inner.hpp:177] decode queue size 0
I1014 15:20:34.078629  8944 work_thread.hpp:81]  [T-Work-Detect_0] Run work: WorkDetect
I1014 15:20:34.078660  8944 work_detect.cpp:102] Succeeded to add det start for frame 154
I1014 15:20:34.085407  8944 work_detect.cpp:70] Frame :154 detect result :1 face(s)
I1014 15:20:34.085449  8944 work_detect.cpp:86] Detected bbox: [168 x 225 from (252, 130)]
I1014 15:20:34.085492  8944 work_detect.cpp:120] Succeeded to add det end for frame 154
I1014 15:20:34.085508  8944 work_thread.hpp:81]  [T-Work-Detect_0] Run work: WrokTrack
I1014 15:20:34.085532  8944 work_track.cpp:82] Frame: 154 build input_characts: [0.2625 x 0.625 from (0.39375, 0.361111)], 1.00008, 0
I1014 15:20:34.085587  8944 work_track.cpp:102] Succeeded to set track lock for frame 154
I1014 15:20:34.085628  8944 work_track.cpp:116] Succeeded to release track lock for frame 154
I1014 15:20:34.085641  8944 work_track.cpp:120] Track results of frame 154: 1 objects input, 1 objects tracked!
