I1014 15:49:20.110679  9550 demo_inner.hpp:435] thread [SORT-0]  frame id 74 sorting queue size 0   FPS: 30.0197
I1014 15:49:20.127590  9552 work_thread.hpp:81]  [T-Work-Recog_0] Run work: WorkCompare
I1014 15:49:20.128219  9552 work_compare.cpp:76] Compare face: 0 successed, similarity :0.994805, name : images/ThangLMb.jpg, normal size : 1548 * 1719!
I1014 15:49:20.136917  9548 demo_inner.hpp:177] decode queue size 0
I1014 15:49:20.137019  9551 work_thread.hpp:81]  [T-Work-Detect_0] Run work: WorkDetect
I1014 15:49:20.137064  9551 work_detect.cpp:102] Succeeded to add det start for frame 75
I1014 15:49:20.143595  9551 work_detect.cpp:70] Frame :75 detect result :1 face(s)
I1014 15:49:20.143641  9551 work_detect.cpp:86] Detected bbox: [138 x 188 from (248, 160)]
I1014 15:49:20.143684  9551 work_detect.cpp:120] Succeeded to add det end for frame 75
I1014 15:49:20.143700  9551 work_thread.hpp:81]  [T-Work-Detect_0] Run work: WrokTrack
I1014 15:49:20.143725  9551 work_track.cpp:82] Frame: 75 build input_characts: [0.215625 x 0.522222 from (0.3875, 0.444444)], 1.00019, 0
I1014 15:49:20.143851  9551 work_track.cpp:102] Succeeded to set track lock for frame 75
I1014 15:49:20.143893  9551 work_track.cpp:116] Succeeded to release track lock for frame 75
I1014 15:49:20.143908  9551 work_track.cpp:120] Track results of frame 75: 1 objects input, 1 objects tracked!
I1014 15:49:20.143926  9551 work_track.cpp:148] Frame: 75, track bbox: [138 x 188 from (247.544, 161.515)], gid: 0, lid: 0
I1014 15:49:20.143962  9551 work_thread.hpp:87]  [T-Work-Detect_0] Frame :75 split
I1014 15:49:20.143980  9551 work_thread.hpp:120]  [T-Work-Detect_0] Valid piece: gid = 0
I1014 15:49:20.143998  9551 work_thread.hpp:91]  [T-Work-Detect_0] Push to split queue:recog
I1014 15:49:20.144042  9554 thread_intergrate.hpp:78] [T-Intergrate-intergrate] queue: frame output frame :75
I1014 15:49:20.144043  9552 work_thread.hpp:81]  [T-Work-Recog_0] Run work: WorkCapture
I1014 15:49:20.144070  9554 thread_intergrate.hpp:85] [T-Intergrate-intergrate] queue: compare output face:0
I1014 15:49:20.144090  9554 thread_intergrate.hpp:144] T-Intergrate-intergrate set matched face: 0
I1014 15:49:20.144837  9552 work_thread.hpp:81]  [T-Work-Recog_0] Run work: WorkRecog
I1014 15:49:20.144873  9552 work_recog.hpp:89] Face id: 0 will run recog: bbox [138 x 188 from (248, 160)] quality: 0.417822
I1014 15:49:20.144907  9552 work_recog.hpp:96] Recog pair: [200 x 240 from (216, 120)], [138 x 188 from (32, 40)]
I1014 15:49:20.145601  9554 thread_intergrate.hpp:188] T-Intergrate-intergrate Show face :0, size :640 * 360
I1014 15:49:20.146122  9550 demo_inner.hpp:435] thread [SORT-0]  frame id 75 sorting queue size 1   FPS: 29.9313
I1014 15:49:20.162963  9552 work_thread.hpp:81]  [T-Work-Recog_0] Run work: WorkCompare
I1014 15:49:20.163523  9552 work_compare.cpp:76] Compare face: 0 successed, similarity :0.994397, name : images/ThangLMb.jpg, normal size : 1548 * 1719!
I1014 15:49:20.172875  9548 demo_inner.hpp:177] decode queue size 0
I1014 15:49:20.172986  9551 work_thread.hpp:81]  [T-Work-Detect_0] Run work: WorkDetect
I1014 15:49:20.173019  9551 work_detect.cpp:102] Succeeded to add det start for frame 76
I1014 15:49:20.179522  9551 work_detect.cpp:70] Frame :76 detect result :1 face(s)
I1014 15:49:20.179561  9551 work_detect.cpp:86] Detected bbox: [120 x 175 from (256, 175)]
I1014 15:49:20.179603  9551 work_detect.cpp:120] Succeeded to add det end for frame 76
I1014 15:49:20.179620  9551 work_thread.hpp:81]  [T-Work-Detect_0] Run work: WrokTrack
I1014 15:49:20.179644  9551 work_track.cpp:82] Frame: 76 build input_characts: [0.1875 x 0.486111 from (0.4, 0.486111)], 1.00019, 0
I1014 15:49:20.179698  9551 work_track.cpp:102] Succeeded to set track lock for frame 76
I1014 15:49:20.179738  9551 work_track.cpp:116] Succeeded to release track lock for frame 76
I1014 15:49:20.179754  9551 work_track.cpp:120] Track results of frame 76: 1 objects input, 1 objects tracked!
I1014 15:49:20.179771  9551 work_track.cpp:148] Frame: 76, track bbox: [120 x 175 from (256.503, 171.388)], gid: 0, lid: 0
I1014 15:49:20.179806  9551 work_thread.hpp:87]  [T-Work-Detect_0] Frame :76 split
I1014 15:49:20.179823  9551 work_thread.hpp:120]  [T-Work-Detect_0] Valid piece: gid = 0
I1014 15:49:20.179842  9551 work_thread.hpp:91]  [T-Work-Detect_0] Push to split queue:recog
I1014 15:49:20.179889  9554 thread_intergrate.hpp:78] [T-Intergrate-intergrate] queue: frame output frame :76
I1014 15:49:20.179898  9552 work_thread.hpp:81]  [T-Work-Recog_0] Run work: WorkCapture
I1014 15:49:20.179919  9554 thread_intergrate.hpp:85] [T-Intergrate-intergrate] queue: compare output face:0
I1014 15:49:20.179939  9554 thread_intergrate.hpp:144] T-Intergrate-intergrate set matched face: 0
I1014 15:49:20.180536  9552 work_thread.hpp:81]  [T-Work-Recog_0] Run work: WorkRecog
I1014 15:49:20.180562  9552 work_recog.hpp:89] Face id: 0 will run recog: bbox [120 x 175 from (256, 175)] quality: 0.418329
I1014 15:49:20.180593  9552 work_recog.hpp:96] Recog pair: [168 x 224 from (232, 136)], [120 x 175 from (24, 39)]
I1014 15:49:20.181428  9554 thread_intergrate.hpp:188] T-Intergrate-intergrate Show face :0, size :640 * 360
I1014 15:49:20.182034  9550 demo_inner.hpp:435] thread [SORT-0]  frame id 76 sorting queue size 2   FPS: 29.9313
I1014 15:49:20.182864  9549 demo_inner.hpp:260]  gui queue size 2, state = running
I1014 15:49:20.198751  9552 work_thread.hpp:81]  [T-Work-Recog_0] Run work: WorkCompare
I1014 15:49:20.199343  9552 work_compare.cpp:76] Compare face: 0 successed, similarity :0.997199, name : images/ThangLMb.jpg, normal size : 1548 * 1719!
I1014 15:49:20.203167  9548 demo_inner.hpp:177] decode queue size 0
I1014 15:49:20.203253  9551 work_thread.hpp:81]  [T-Work-Detect_0] Run work: WorkDetect
I1014 15:49:20.203286  9551 work_detect.cpp:102] Succeeded to add det start for frame 77
I1014 15:49:20.210005  9551 work_detect.cpp:70] Frame :77 detect result :1 face(s)
I1014 15:49:20.210049  9551 work_detect.cpp:86] Detected bbox: [128 x 173 from (258, 176)]
I1014 15:49:20.210091  9551 work_detect.cpp:120] Succeeded to add det end for frame 77
I1014 15:49:20.210108  9551 work_thread.hpp:81]  [T-Work-Detect_0] Run work: WrokTrack
I1014 15:49:20.210131  9551 work_track.cpp:82] Frame: 77 build input_characts: [0.2 x 0.480556 from (0.403125, 0.488889)], 1.00008, 0
I1014 15:49:20.210187  9551 work_track.cpp:102] Succeeded to set track lock for frame 77
I1014 15:49:20.210225  9551 work_track.cpp:116] Succeeded to release track lock for frame 77
I1014 15:49:20.210239  9551 work_track.cpp:120] Track results of frame 77: 1 objects input, 1 objects tracked!
I1014 15:49:20.210258  9551 work_track.cpp:148] Frame: 77, track bbox: [128 x 173 from (255.449, 173.01)], gid: 0, lid: 0
I1014 15:49:20.210294  9551 work_thread.hpp:87]  [T-Work-Detect_0] Frame :77 split
I1014 15:49:20.210312  9551 work_thread.hpp:120]  [T-Work-Detect_0] Valid piece: gid = 0
I1014 15:49:20.210332  9551 work_thread.hpp:91]  [T-Work-Detect_0] Push to split queue:recog
I1014 15:49:20.210378  9554 thread_intergrate.hpp:78] [T-Intergrate-intergrate] queue: frame output frame :77
I1014 15:49:20.210377  9552 work_thread.hpp:81]  [T-Work-Recog_0] Run work: WorkCapture
I1014 15:49:20.210422  9554 thread_intergrate.hpp:85] [T-Intergrate-intergrate] queue: compare output face:0
I1014 15:49:20.210441  9554 thread_intergrate.hpp:144] T-Intergrate-intergrate set matched face: 0
I1014 15:49:20.211158  9552 work_thread.hpp:81]  [T-Work-Recog_0] Run work: WorkRecog
I1014 15:49:20.211194  9552 work_recog.hpp:89] Face id: 0 will run recog: bbox [128 x 173 from (258, 176)] quality: 0.440682
I1014 15:49:20.211231  9552 work_recog.hpp:96] Recog pair: [184 x 224 from (232, 136)], [128 x 173 from (26, 40)]
I1014 15:49:20.211977  9554 thread_intergrate.hpp:188] T-Intergrate-intergrate Show face :0, size :640 * 360
I1014 15:49:20.212570  9550 demo_inner.hpp:435] thread [SORT-0]  frame id 77 sorting queue size 0   FPS: 30.0197
I1014 15:49:20.229234  9552 work_thread.hpp:81]  [T-Work-Recog_0] Run work: WorkCompare
I1014 15:49:20.229796  9552 work_compare.cpp:76] Compare face: 0 successed, similarity :0.996318, name : images/ThangLMb.jpg, normal size : 1548 * 1719!
I1014 15:49:20.238936  9548 demo_inner.hpp:177] decode queue size 0
I1014 15:49:20.239044  9551 work_thread.hpp:81]  [T-Work-Detect_0] Run work: WorkDetect
I1014 15:49:20.239081  9551 work_detect.cpp:102] Succeeded to add det start for frame 78
I1014 15:49:20.245677  9551 work_detect.cpp:70] Frame :78 detect result :1 face(s)
I1014 15:49:20.245723  9551 work_detect.cpp:86] Detected bbox: [127 x 167 from (257, 179)]
I1014 15:49:20.245765  9551 work_detect.cpp:120] Succeeded to add det end for frame 78
I1014 15:49:20.245781  9551 work_thread.hpp:81]  [T-Work-Detect_0] Run work: WrokTrack
I1014 15:49:20.245805  9551 work_track.cpp:82] Frame: 78 build input_characts: [0.198437 x 0.463889 from (0.401563, 0.497222)], 1.00019, 0
I1014 15:49:20.245860  9551 work_track.cpp:102] Succeeded to set track lock for frame 78
I1014 15:49:20.245899  9551 work_track.cpp:116] Succeeded to release track lock for frame 78
I1014 15:49:20.245913  9551 work_track.cpp:120] Track results of frame 78: 1 objects input, 1 objects tracked!
I1014 15:49:20.246004  9551 work_track.cpp:148] Frame: 78, track bbox: [127 x 167 from (257.22, 178.309)], gid: 0, lid: 0
I1014 15:49:20.246043  9551 work_thread.hpp:87]  [T-Work-Detect_0] Frame :78 split
I1014 15:49:20.246062  9551 work_thread.hpp:120]  [T-Work-Detect_0] Valid piece: gid = 0
I1014 15:49:20.246079  9551 work_thread.hpp:91]  [T-Work-Detect_0] Push to split queue:recog
I1014 15:49:20.246124  9554 thread_intergrate.hpp:78] [T-Intergrate-intergrate] queue: frame output frame :78
I1014 15:49:20.246131  9552 work_thread.hpp:81]  [T-Work-Recog_0] Run work: WorkCapture
I1014 15:49:20.246150  9554 thread_intergrate.hpp:85] [T-Intergrate-intergrate] queue: compare output face:0
I1014 15:49:20.246168  9554 thread_intergrate.hpp:144] T-Intergrate-intergrate set matched face: 0
I1014 15:49:20.246752  9552 work_thread.hpp:81]  [T-Work-Recog_0] Run work: WorkRecog
I1014 15:49:20.246779  9552 work_recog.hpp:89] Face id: 0 will run recog: bbox [127 x 167 from (257, 179)] quality: 0.435436
I1014 15:49:20.246827  9552 work_recog.hpp:96] Recog pair: [184 x 216 from (232, 144)], [127 x 167 from (25, 35)]
I1014 15:49:20.247648  9554 thread_intergrate.hpp:188] T-Intergrate-intergrate Show face :0, size :640 * 360
I1014 15:49:20.248205  9550 demo_inner.hpp:435] thread [SORT-0]  frame id 78 sorting queue size 1   FPS: 29.9313
I1014 15:49:20.251125  9549 demo_inner.hpp:260]  gui queue size 1, state = running
I1014 15:49:20.264802  9552 work_thread.hpp:81]  [T-Work-Recog_0] Run work: WorkCompare
I1014 15:49:20.265455  9552 work_compare.cpp:76] Compare face: 0 successed, similarity :0.996492, name : images/ThangLMb.jpg, normal size : 1548 * 1719!
I1014 15:49:20.269220  9548 demo_inner.hpp:177] decode queue size 0
I1014 15:49:20.269306  9551 work_thread.hpp:81]  [T-Work-Detect_0] Run work: WorkDetect
I1014 15:49:20.269340  9551 work_detect.cpp:102] Succeeded to add det start for frame 79
I1014 15:49:20.275969  9551 work_detect.cpp:70] Frame :79 detect result :1 face(s)
I1014 15:49:20.276006  9551 work_detect.cpp:86] Detected bbox: [139 x 192 from (246, 158)]
I1014 15:49:20.276049  9551 work_detect.cpp:120] Succeeded to add det end for frame 79
I1014 15:49:20.276064  9551 work_thread.hpp:81]  [T-Work-Detect_0] Run work: WrokTrack
I1014 15:49:20.276089  9551 work_track.cpp:82] Frame: 79 build input_characts: [0.217187 x 0.533333 from (0.384375, 0.438889)], 1.00019, 0
I1014 15:49:20.276144  9551 work_track.cpp:102] Succeeded to set track lock for frame 79
I1014 15:49:20.276207  9551 work_track.cpp:116] Succeeded to release track lock for frame 79
I1014 15:49:20.276222  9551 work_track.cpp:120] Track results of frame 79: 1 objects input, 1 objects tracked!
I1014 15:49:20.276240  9551 work_track.cpp:148] Frame: 79, track bbox: [139 x 192 from (249.226, 164.069)], gid: 0, lid: 0
I1014 15:49:20.276276  9551 work_thread.hpp:87]  [T-Work-Detect_0] Frame :79 split
I1014 15:49:20.276294  9551 work_thread.hpp:120]  [T-Work-Detect_0] Valid piece: gid = 0
I1014 15:49:20.276312  9551 work_thread.hpp:91]  [T-Work-Detect_0] Push to split queue:recog
I1014 15:49:20.276356  9554 thread_intergrate.hpp:78] [T-Intergrate-intergrate] queue: frame output frame :79
I1014 15:49:20.276358  9553 work_thread.hpp:81]  [T-Work-Recog_1] Run work: WorkCapture
I1014 15:49:20.276386  9554 thread_intergrate.hpp:85] [T-Intergrate-intergrate] queue: compare output face:0
I1014 15:49:20.276405  9554 thread_intergrate.hpp:144] T-Intergrate-intergrate set matched face: 0
I1014 15:49:20.277019  9553 work_thread.hpp:81]  [T-Work-Recog_1] Run work: WorkRecog
I1014 15:49:20.277101  9553 work_recog.hpp:89] Face id: 0 will run recog: bbox [139 x 192 from (246, 158)] quality: 0.530785
I1014 15:49:20.277143  9553 work_recog.hpp:96] Recog pair: [200 x 240 from (216, 120)], [139 x 192 from (30, 38)]
I1014 15:49:20.277874  9554 thread_intergrate.hpp:188] T-Intergrate-intergrate Show face :0, size :640 * 360
I1014 15:49:20.278388  9550 demo_inner.hpp:435] thread [SORT-0]  frame id 79 sorting queue size 0   FPS: 30.0049
I1014 15:49:20.295456  9553 work_thread.hpp:81]  [T-Work-Recog_1] Run work: WorkCompare
I1014 15:49:20.296214  9553 work_compare.cpp:76] Compare face: 0 successed, similarity :0.99431, name : images/ThangLMb.jpg, normal size : 1548 * 1719!
I1014 15:49:20.304973  9548 demo_inner.hpp:177] decode queue size 0
I1014 15:49:20.305085  9551 work_thread.hpp:81]  [T-Work-Detect_0] Run work: WorkDetect
I1014 15:49:20.305120  9551 work_detect.cpp:102] Succeeded to add det start for frame 80
I1014 15:49:20.311630  9551 work_detect.cpp:70] Frame :80 detect result :1 face(s)
I1014 15:49:20.311673  9551 work_detect.cpp:86] Detected bbox: [127 x 170 from (258, 178)]
I1014 15:49:20.311717  9551 work_detect.cpp:120] Succeeded to add det end for frame 80
I1014 15:49:20.311733  9551 work_thread.hpp:81]  [T-Work-Detect_0] Run work: WrokTrack
I1014 15:49:20.311758  9551 work_track.cpp:82] Frame: 80 build input_characts: [0.198437 x 0.472222 from (0.403125, 0.494444)], 1.00035, 0
I1014 15:49:20.311815  9551 work_track.cpp:102] Succeeded to set track lock for frame 80
I1014 15:49:20.311853  9551 work_track.cpp:116] Succeeded to release track lock for frame 80
I1014 15:49:20.311868  9551 work_track.cpp:120] Track results of frame 80: 1 objects input, 1 objects tracked!
I1014 15:49:20.311887  9551 work_track.cpp:148] Frame: 80, track bbox: [127 x 170 from (256.637, 176.145)], gid: 0, lid: 0
I1014 15:49:20.311923  9551 work_thread.hpp:87]  [T-Work-Detect_0] Frame :80 split
I1014 15:49:20.311941  9551 work_thread.hpp:120]  [T-Work-Detect_0] Valid piece: gid = 0
I1014 15:49:20.311960  9551 work_thread.hpp:91]  [T-Work-Detect_0] Push to split queue:recog
I1014 15:49:20.312005  9554 thread_intergrate.hpp:78] [T-Intergrate-intergrate] queue: frame output frame :80
I1014 15:49:20.312006  9552 work_thread.hpp:81]  [T-Work-Recog_0] Run work: WorkCapture
I1014 15:49:20.312034  9554 thread_intergrate.hpp:85] [T-Intergrate-intergrate] queue: compare output face:0
I1014 15:49:20.312054  9554 thread_intergrate.hpp:144] T-Intergrate-intergrate set matched face: 0
I1014 15:49:20.312666  9552 work_thread.hpp:81]  [T-Work-Recog_0] Run work: WorkRecog
I1014 15:49:20.312701  9552 work_recog.hpp:89] Face id: 0 will run recog: bbox [127 x 170 from (258, 178)] quality: 0.435525
I1014 15:49:20.312736  9552 work_recog.hpp:96] Recog pair: [184 x 216 from (232, 144)], [127 x 170 from (26, 34)]
I1014 15:49:20.313547  9554 thread_intergrate.hpp:188] T-Intergrate-intergrate Show face :0, size :640 * 360
I1014 15:49:20.314071  9550 demo_inner.hpp:435] thread [SORT-0]  frame id 80 sorting queue size 1   FPS: 29.9313
I1014 15:49:20.322060  9549 demo_inner.hpp:260]  gui queue size 1, state = running
I1014 15:49:20.330796  9552 work_thread.hpp:81]  [T-Work-Recog_0] Run work: WorkCompare
I1014 15:49:20.331367  9552 work_compare.cpp:76] Compare face: 0 successed, similarity :0.9914, name : images/ThangLMb.jpg, normal size : 1548 * 1719!
I1014 15:49:20.335322  9548 demo_inner.hpp:177] decode queue size 0
I1014 15:49:20.335403  9551 work_thread.hpp:81]  [T-Work-Detect_0] Run work: WorkDetect
I1014 15:49:20.335436  9551 work_detect.cpp:102] Succeeded to add det start for frame 81
I1014 15:49:20.342196  9551 work_detect.cpp:70] Frame :81 detect result :1 face(s)
I1014 15:49:20.342242  9551 work_detect.cpp:86] Detected bbox: [117 x 169 from (258, 178)]
I1014 15:49:20.342284  9551 work_detect.cpp:120] Succeeded to add det end for frame 81
I1014 15:49:20.342300  9551 work_thread.hpp:81]  [T-Work-Detect_0] Run work: WrokTrack
I1014 15:49:20.342325  9551 work_track.cpp:82] Frame: 81 build input_characts: [0.182812 x 0.469444 from (0.403125, 0.494444)], 1.00019, 0
I1014 15:49:20.342381  9551 work_track.cpp:102] Succeeded to set track lock for frame 81
I1014 15:49:20.342422  9551 work_track.cpp:116] Succeeded to release track lock for frame 81
I1014 15:49:20.342435  9551 work_track.cpp:120] Track results of frame 81: 1 objects input, 1 objects tracked!
I1014 15:49:20.342453  9551 work_track.cpp:148] Frame: 81, track bbox: [117 x 169 from (259.899, 176.184)], gid: 0, lid: 0
I1014 15:49:20.342489  9551 work_thread.hpp:87]  [T-Work-Detect_0] Frame :81 split
I1014 15:49:20.342581  9551 work_thread.hpp:120]  [T-Work-Detect_0] Valid piece: gid = 0
I1014 15:49:20.342602  9551 work_thread.hpp:91]  [T-Work-Detect_0] Push to split queue:recog
I1014 15:49:20.342648  9553 work_thread.hpp:81]  [T-Work-Recog_1] Run work: WorkCapture
I1014 15:49:20.342656  9554 thread_intergrate.hpp:78] [T-Intergrate-intergrate] queue: frame output frame :81
I1014 15:49:20.342685  9554 thread_intergrate.hpp:85] [T-Intergrate-intergrate] queue: compare output face:0
I1014 15:49:20.342705  9554 thread_intergrate.hpp:144] T-Intergrate-intergrate set matched face: 0
I1014 15:49:20.343252  9553 work_thread.hpp:81]  [T-Work-Recog_1] Run work: WorkRecog
I1014 15:49:20.343293  9553 work_recog.hpp:89] Face id: 0 will run recog: bbox [117 x 169 from (258, 178)] quality: 0.429785
I1014 15:49:20.343335  9553 work_recog.hpp:96] Recog pair: [168 x 216 from (232, 144)], [117 x 169 from (26, 34)]
I1014 15:49:20.344208  9554 thread_intergrate.hpp:188] T-Intergrate-intergrate Show face :0, size :640 * 360
I1014 15:49:20.344724  9550 demo_inner.hpp:435] thread [SORT-0]  frame id 81 sorting queue size 0   FPS: 30.0049
I1014 15:49:20.361323  9553 work_thread.hpp:81]  [T-Work-Recog_1] Run work: WorkCompare
I1014 15:49:20.361944  9553 work_compare.cpp:76] Compare face: 0 successed, similarity :0.997038, name : images/ThangLMb.jpg, normal size : 1548 * 1719!
I1014 15:49:20.370982  9548 demo_inner.hpp:177] decode queue size 0
I1014 15:49:20.371088  9551 work_thread.hpp:81]  [T-Work-Detect_0] Run work: WorkDetect
I1014 15:49:20.371124  9551 work_detect.cpp:102] Succeeded to add det start for frame 82
I1014 15:49:20.377697  9551 work_detect.cpp:70] Frame :82 detect result :1 face(s)
I1014 15:49:20.377739  9551 work_detect.cpp:86] Detected bbox: [120 x 171 from (256, 178)]
I1014 15:49:20.377789  9551 work_detect.cpp:120] Succeeded to add det end for frame 82
I1014 15:49:20.377804  9551 work_thread.hpp:81]  [T-Work-Detect_0] Run work: WrokTrack
I1014 15:49:20.377832  9551 work_track.cpp:82] Frame: 82 build input_characts: [0.1875 x 0.475 from (0.4, 0.494444)], 1.00019, 0
I1014 15:49:20.377892  9551 work_track.cpp:102] Succeeded to set track lock for frame 82
I1014 15:49:20.377941  9551 work_track.cpp:116] Succeeded to release track lock for frame 82
I1014 15:49:20.377956  9551 work_track.cpp:120] Track results of frame 82: 1 objects input, 1 objects tracked!
I1014 15:49:20.377976  9551 work_track.cpp:148] Frame: 82, track bbox: [120 x 171 from (256.121, 176.834)], gid: 0, lid: 0
I1014 15:49:20.378015  9551 work_thread.hpp:87]  [T-Work-Detect_0] Frame :82 split
I1014 15:49:20.378034  9551 work_thread.hpp:120]  [T-Work-Detect_0] Valid piece: gid = 0
I1014 15:49:20.378053  9551 work_thread.hpp:91]  [T-Work-Detect_0] Push to split queue:recog
I1014 15:49:20.378113  9552 work_thread.hpp:81]  [T-Work-Recog_0] Run work: WorkCapture
I1014 15:49:20.378430  9554 thread_intergrate.hpp:78] [T-Intergrate-intergrate] queue: frame output frame :82
I1014 15:49:20.378458  9554 thread_intergrate.hpp:85] [T-Intergrate-intergrate] queue: compare output face:0
I1014 15:49:20.378476  9554 thread_intergrate.hpp:144] T-Intergrate-intergrate set matched face: 0
I1014 15:49:20.378685  9552 work_thread.hpp:81]  [T-Work-Recog_0] Run work: WorkRecog
I1014 15:49:20.378710  9552 work_recog.hpp:89] Face id: 0 will run recog: bbox [120 x 171 from (256, 178)] quality: 0.440682
I1014 15:49:20.378741  9552 work_recog.hpp:96] Recog pair: [168 x 216 from (232, 144)], [120 x 171 from (24, 34)]
I1014 15:49:20.380045  9554 thread_intergrate.hpp:188] T-Intergrate-intergrate Show face :0, size :640 * 360
I1014 15:49:20.380645  9550 demo_inner.hpp:435] thread [SORT-0]  frame id 82 sorting queue size 1   FPS: 29.9313
I1014 15:49:20.396198  9552 work_thread.hpp:81]  [T-Work-Recog_0] Run work: WorkCompare
I1014 15:49:20.396657  9552 work_compare.cpp:76] Compare face: 0 successed, similarity :0.997097, name : images/ThangLMb.jpg, normal size : 1548 * 1719!
I1014 15:49:20.400553  9549 demo_inner.hpp:260]  gui queue size 1, state = running
I1014 15:49:20.403570  9548 demo_inner.hpp:177] decode queue size 0
I1014 15:49:20.403867  9551 work_thread.hpp:81]  [T-Work-Detect_0] Run work: WorkDetect
I1014 15:49:20.403900  9551 work_detect.cpp:102] Succeeded to add det start for frame 83
I1014 15:49:20.410593  9551 work_detect.cpp:70] Frame :83 detect result :1 face(s)
I1014 15:49:20.410634  9551 work_detect.cpp:86] Detected bbox: [127 x 175 from (258, 176)]
I1014 15:49:20.410673  9551 work_detect.cpp:120] Succeeded to add det end for frame 83
I1014 15:49:20.410689  9551 work_thread.hpp:81]  [T-Work-Detect_0] Run work: WrokTrack
I1014 15:49:20.410714  9551 work_track.cpp:82] Frame: 83 build input_characts: [0.198437 x 0.486111 from (0.403125, 0.488889)], 1.00008, 0
I1014 15:49:20.410771  9551 work_track.cpp:102] Succeeded to set track lock for frame 83
I1014 15:49:20.410811  9551 work_track.cpp:116] Succeeded to release track lock for frame 83
I1014 15:49:20.410825  9551 work_track.cpp:120] Track results of frame 83: 1 objects input, 1 objects tracked!
I1014 15:49:20.410843  9551 work_track.cpp:148] Frame: 83, track bbox: [127 x 175 from (255.209, 176.343)], gid: 0, lid: 0
I1014 15:49:20.410879  9551 work_thread.hpp:87]  [T-Work-Detect_0] Frame :83 split
I1014 15:49:20.410897  9551 work_thread.hpp:120]  [T-Work-Detect_0] Valid piece: gid = 0
I1014 15:49:20.410915  9551 work_thread.hpp:91]  [T-Work-Detect_0] Push to split queue:recog
I1014 15:49:20.410959  9554 thread_intergrate.hpp:78] [T-Intergrate-intergrate] queue: frame output frame :83
I1014 15:49:20.410961  9553 work_thread.hpp:81]  [T-Work-Recog_1] Run work: WorkCapture
I1014 15:49:20.410989  9554 thread_intergrate.hpp:85] [T-Intergrate-intergrate] queue: compare output face:0
I1014 15:49:20.411010  9554 thread_intergrate.hpp:144] T-Intergrate-intergrate set matched face: 0
I1014 15:49:20.411610  9553 work_thread.hpp:81]  [T-Work-Recog_1] Run work: WorkRecog
I1014 15:49:20.411638  9553 work_recog.hpp:89] Face id: 0 will run recog: bbox [127 x 175 from (258, 176)] quality: 0.4243
I1014 15:49:20.411671  9553 work_recog.hpp:96] Recog pair: [184 x 224 from (232, 136)], [127 x 175 from (26, 40)]
I1014 15:49:20.412506  9554 thread_intergrate.hpp:188] T-Intergrate-intergrate Show face :0, size :640 * 360
I1014 15:49:20.413020  9550 demo_inner.hpp:435] thread [SORT-0]  frame id 83 sorting queue size 0   FPS: 29.9754
I1014 15:49:20.429782  9553 work_thread.hpp:81]  [T-Work-Recog_1] Run work: WorkCompare
I1014 15:49:20.430299  9553 work_compare.cpp:76] Compare face: 0 successed, similarity :0.994744, name : images/ThangLMb.jpg, normal size : 1548 * 1719!
I1014 15:49:20.440258  9548 demo_inner.hpp:177] decode queue size 0
I1014 15:49:20.440380  9551 work_thread.hpp:81]  [T-Work-Detect_0] Run work: WorkDetect
I1014 15:49:20.440414  9551 work_detect.cpp:102] Succeeded to add det start for frame 84
I1014 15:49:20.447204  9551 work_detect.cpp:70] Frame :84 detect result :1 face(s)
I1014 15:49:20.447254  9551 work_detect.cpp:86] Detected bbox: [127 x 173 from (257, 177)]
I1014 15:49:20.447296  9551 work_detect.cpp:120] Succeeded to add det end for frame 84
I1014 15:49:20.447311  9551 work_thread.hpp:81]  [T-Work-Detect_0] Run work: WrokTrack
I1014 15:49:20.447336  9551 work_track.cpp:82] Frame: 84 build input_characts: [0.198437 x 0.480556 from (0.401563, 0.491667)], 1.00019, 0
I1014 15:49:20.447391  9551 work_track.cpp:102] Succeeded to set track lock for frame 84
I1014 15:49:20.447433  9551 work_track.cpp:116] Succeeded to release track lock for frame 84
I1014 15:49:20.447448  9551 work_track.cpp:120] Track results of frame 84: 1 objects input, 1 objects tracked!
I1014 15:49:20.447465  9551 work_track.cpp:148] Frame: 84, track bbox: [127 x 173 from (256.844, 178.712)], gid: 0, lid: 0
I1014 15:49:20.447502  9551 work_thread.hpp:87]  [T-Work-Detect_0] Frame :84 split
I1014 15:49:20.447520  9551 work_thread.hpp:120]  [T-Work-Detect_0] Valid piece: gid = 0
I1014 15:49:20.447538  9551 work_thread.hpp:91]  [T-Work-Detect_0] Push to split queue:recog
I1014 15:49:20.447582  9554 thread_intergrate.hpp:78] [T-Intergrate-intergrate] queue: frame output frame :84
I1014 15:49:20.447685  9554 thread_intergrate.hpp:85] [T-Intergrate-intergrate] queue: compare output face:0
I1014 15:49:20.447705  9554 thread_intergrate.hpp:144] T-Intergrate-intergrate set matched face: 0
I1014 15:49:20.447583  9553 work_thread.hpp:81]  [T-Work-Recog_1] Run work: WorkCapture
I1014 15:49:20.448320  9553 work_thread.hpp:81]  [T-Work-Recog_1] Run work: WorkRecog
I1014 15:49:20.448364  9553 work_recog.hpp:89] Face id: 0 will run recog: bbox [127 x 173 from (257, 177)] quality: 0.445773
I1014 15:49:20.448406  9553 work_recog.hpp:96] Recog pair: [184 x 224 from (232, 136)], [127 x 173 from (25, 41)]
I1014 15:49:20.449250  9554 thread_intergrate.hpp:188] T-Intergrate-intergrate Show face :0, size :640 * 360
I1014 15:49:20.449785  9550 demo_inner.hpp:435] thread [SORT-0]  frame id 84 sorting queue size 1   FPS: 29.8873
I1014 15:49:20.466563  9553 work_thread.hpp:81]  [T-Work-Recog_1] Run work: WorkCompare
I1014 15:49:20.467110  9553 work_compare.cpp:76] Compare face: 0 successed, similarity :0.99598, name : images/ThangLMb.jpg, normal size : 1548 * 1719!
I1014 15:49:20.474475  9548 demo_inner.hpp:177] decode queue size 0
I1014 15:49:20.474575  9551 work_thread.hpp:81]  [T-Work-Detect_0] Run work: WorkDetect
I1014 15:49:20.474607  9551 work_detect.cpp:102] Succeeded to add det start for frame 85
I1014 15:49:20.478684  9549 demo_inner.hpp:260]  gui queue size 1, state = running
I1014 15:49:20.481621  9551 work_detect.cpp:70] Frame :85 detect result :1 face(s)
I1014 15:49:20.481678  9551 work_detect.cpp:86] Detected bbox: [125 x 167 from (259, 180)]
I1014 15:49:20.481724  9551 work_detect.cpp:120] Succeeded to add det end for frame 85
I1014 15:49:20.481740  9551 work_thread.hpp:81]  [T-Work-Detect_0] Run work: WrokTrack
I1014 15:49:20.481766  9551 work_track.cpp:82] Frame: 85 build input_characts: [0.195312 x 0.463889 from (0.404687, 0.5)], 1.00035, 0
I1014 15:49:20.481992  9551 work_track.cpp:102] Succeeded to set track lock for frame 85
I1014 15:49:20.482033  9551 work_track.cpp:116] Succeeded to release track lock for frame 85
I1014 15:49:20.482048  9551 work_track.cpp:120] Track results of frame 85: 1 objects input, 1 objects tracked!
I1014 15:49:20.482066  9551 work_track.cpp:148] Frame: 85, track bbox: [125 x 167 from (258.328, 180.144)], gid: 0, lid: 0
I1014 15:49:20.482102  9551 work_thread.hpp:87]  [T-Work-Detect_0] Frame :85 split
I1014 15:49:20.482121  9551 work_thread.hpp:120]  [T-Work-Detect_0] Valid piece: gid = 0
I1014 15:49:20.482141  9551 work_thread.hpp:91]  [T-Work-Detect_0] Push to split queue:recog
I1014 15:49:20.482200  9552 work_thread.hpp:81]  [T-Work-Recog_0] Run work: WorkCapture
I1014 15:49:20.482517  9554 thread_intergrate.hpp:78] [T-Intergrate-intergrate] queue: frame output frame :85
I1014 15:49:20.482544  9554 thread_intergrate.hpp:85] [T-Intergrate-intergrate] queue: compare output face:0
I1014 15:49:20.482563  9554 thread_intergrate.hpp:144] T-Intergrate-intergrate set matched face: 0
I1014 15:49:20.482766  9552 work_thread.hpp:81]  [T-Work-Recog_0] Run work: WorkRecog
I1014 15:49:20.482790  9552 work_recog.hpp:89] Face id: 0 will run recog: bbox [125 x 167 from (259, 180)] quality: 0.435255
I1014 15:49:20.482818  9552 work_recog.hpp:96] Recog pair: [184 x 216 from (232, 144)], [125 x 167 from (27, 36)]
I1014 15:49:20.484133  9554 thread_intergrate.hpp:188] T-Intergrate-intergrate Show face :0, size :640 * 360
I1014 15:49:20.484750  9550 demo_inner.hpp:435] thread [SORT-0]  frame id 85 sorting queue size 0   FPS: 29.8873
I1014 15:49:20.500210  9552 work_thread.hpp:81]  [T-Work-Recog_0] Run work: WorkCompare
I1014 15:49:20.500675  9552 work_compare.cpp:76] Compare face: 0 successed, similarity :0.993318, name : images/ThangLMb.jpg, normal size : 1548 * 1719!
I1014 15:49:20.503154  9548 demo_inner.hpp:177] decode queue size 0
I1014 15:49:20.503218  9551 work_thread.hpp:81]  [T-Work-Detect_0] Run work: WorkDetect
I1014 15:49:20.503249  9551 work_detect.cpp:102] Succeeded to add det start for frame 86
I1014 15:49:20.510002  9551 work_detect.cpp:70] Frame :86 detect result :1 face(s)
I1014 15:49:20.510126  9551 work_detect.cpp:86] Detected bbox: [119 x 170 from (257, 179)]
I1014 15:49:20.510171  9551 work_detect.cpp:120] Succeeded to add det end for frame 86
I1014 15:49:20.510187  9551 work_thread.hpp:81]  [T-Work-Detect_0] Run work: WrokTrack
I1014 15:49:20.510212  9551 work_track.cpp:82] Frame: 86 build input_characts: [0.185937 x 0.472222 from (0.401563, 0.497222)], 1.00019, 0
I1014 15:49:20.510267  9551 work_track.cpp:102] Succeeded to set track lock for frame 86
I1014 15:49:20.510306  9551 work_track.cpp:116] Succeeded to release track lock for frame 86
I1014 15:49:20.510320  9551 work_track.cpp:120] Track results of frame 86: 1 objects input, 1 objects tracked!
I1014 15:49:20.510339  9551 work_track.cpp:148] Frame: 86, track bbox: [119 x 170 from (260.377, 178.932)], gid: 0, lid: 0
I1014 15:49:20.510375  9551 work_thread.hpp:87]  [T-Work-Detect_0] Frame :86 split
I1014 15:49:20.510391  9551 work_thread.hpp:120]  [T-Work-Detect_0] Valid piece: gid = 0
I1014 15:49:20.510409  9551 work_thread.hpp:91]  [T-Work-Detect_0] Push to split queue:recog
I1014 15:49:20.510460  9552 work_thread.hpp:81]  [T-Work-Recog_0] Run work: WorkCapture
I1014 15:49:20.510769  9554 thread_intergrate.hpp:78] [T-Intergrate-intergrate] queue: frame output frame :86
I1014 15:49:20.510797  9554 thread_intergrate.hpp:85] [T-Intergrate-intergrate] queue: compare output face:0
I1014 15:49:20.510816  9554 thread_intergrate.hpp:144] T-Intergrate-intergrate set matched face: 0
I1014 15:49:20.511018  9552 work_thread.hpp:81]  [T-Work-Recog_0] Run work: WorkRecog
I1014 15:49:20.511041  9552 work_recog.hpp:89] Face id: 0 will run recog: bbox [119 x 170 from (257, 179)] quality: 0.445649
I1014 15:49:20.511070  9552 work_recog.hpp:96] Recog pair: [168 x 216 from (232, 144)], [119 x 170 from (25, 35)]
I1014 15:49:20.512372  9554 thread_intergrate.hpp:188] T-Intergrate-intergrate Show face :0, size :640 * 360
I1014 15:49:20.513069  9550 demo_inner.hpp:435] thread [SORT-0]  frame id 86 sorting queue size 1   FPS: 30.0049
I1014 15:49:20.528761  9552 work_thread.hpp:81]  [T-Work-Recog_0] Run work: WorkCompare
I1014 15:49:20.529212  9552 work_compare.cpp:76] Compare face: 0 successed, similarity :0.995322, name : images/ThangLMb.jpg, normal size : 1548 * 1719!
I1014 15:49:20.538934  9548 demo_inner.hpp:177] decode queue size 0
I1014 15:49:20.539039  9551 work_thread.hpp:81]  [T-Work-Detect_0] Run work: WorkDetect
I1014 15:49:20.539075  9551 work_detect.cpp:102] Succeeded to add det start for frame 87
I1014 15:49:20.545745  9551 work_detect.cpp:70] Frame :87 detect result :1 face(s)
I1014 15:49:20.545797  9551 work_detect.cpp:86] Detected bbox: [121 x 173 from (256, 176)]
I1014 15:49:20.545840  9551 work_detect.cpp:120] Succeeded to add det end for frame 87
I1014 15:49:20.545855  9551 work_thread.hpp:81]  [T-Work-Detect_0] Run work: WrokTrack
I1014 15:49:20.545881  9551 work_track.cpp:82] Frame: 87 build input_characts: [0.189063 x 0.480556 from (0.4, 0.488889)], 1.00019, 0
I1014 15:49:20.545935  9551 work_track.cpp:102] Succeeded to set track lock for frame 87
I1014 15:49:20.545974  9551 work_track.cpp:116] Succeeded to release track lock for frame 87
I1014 15:49:20.545989  9551 work_track.cpp:120] Track results of frame 87: 1 objects input, 1 objects tracked!
I1014 15:49:20.546006  9551 work_track.cpp:148] Frame: 87, track bbox: [121 x 173 from (257.45, 176.654)], gid: 0, lid: 0
I1014 15:49:20.546042  9551 work_thread.hpp:87]  [T-Work-Detect_0] Frame :87 split
I1014 15:49:20.546061  9551 work_thread.hpp:120]  [T-Work-Detect_0] Valid piece: gid = 0
I1014 15:49:20.546079  9551 work_thread.hpp:91]  [T-Work-Detect_0] Push to split queue:recog
I1014 15:49:20.546130  9554 thread_intergrate.hpp:78] [T-Intergrate-intergrate] queue: frame output frame :87
I1014 15:49:20.546155  9553 work_thread.hpp:81]  [T-Work-Recog_1] Run work: WorkCapture
I1014 15:49:20.546157  9554 thread_intergrate.hpp:85] [T-Intergrate-intergrate] queue: compare output face:0
I1014 15:49:20.546195  9554 thread_intergrate.hpp:144] T-Intergrate-intergrate set matched face: 0
I1014 15:49:20.546856  9553 work_thread.hpp:81]  [T-Work-Recog_1] Run work: WorkRecog
I1014 15:49:20.546895  9553 work_recog.hpp:89] Face id: 0 will run recog: bbox [121 x 173 from (256, 176)] quality: 0.399812
I1014 15:49:20.546936  9553 work_recog.hpp:96] Recog pair: [176 x 224 from (232, 136)], [121 x 173 from (24, 40)]
I1014 15:49:20.547818  9554 thread_intergrate.hpp:188] T-Intergrate-intergrate Show face :0, size :640 * 360
I1014 15:49:20.548420  9550 demo_inner.hpp:435] thread [SORT-0]  frame id 87 sorting queue size 2   FPS: 29.9166
I1014 15:49:20.564924  9553 work_thread.hpp:81]  [T-Work-Recog_1] Run work: WorkCompare
I1014 15:49:20.565506  9553 work_compare.cpp:76] Compare face: 0 successed, similarity :0.995961, name : images/ThangLMb.jpg, normal size : 1548 * 1719!
I1014 15:49:20.569216  9548 demo_inner.hpp:177] decode queue size 0
I1014 15:49:20.569308  9551 work_thread.hpp:81]  [T-Work-Detect_0] Run work: WorkDetect
I1014 15:49:20.569342  9551 work_detect.cpp:102] Succeeded to add det start for frame 88
I1014 15:49:20.573329  9549 demo_inner.hpp:260]  gui queue size 2, state = running
I1014 15:49:20.576278  9551 work_detect.cpp:70] Frame :88 detect result :1 face(s)
I1014 15:49:20.576351  9551 work_detect.cpp:86] Detected bbox: [124 x 169 from (259, 179)]
I1014 15:49:20.576400  9551 work_detect.cpp:120] Succeeded to add det end for frame 88
I1014 15:49:20.576417  9551 work_thread.hpp:81]  [T-Work-Detect_0] Run work: WrokTrack
I1014 15:49:20.576443  9551 work_track.cpp:82] Frame: 88 build input_characts: [0.19375 x 0.469444 from (0.404687, 0.497222)], 1.00019, 0
I1014 15:49:20.576498  9551 work_track.cpp:102] Succeeded to set track lock for frame 88
I1014 15:49:20.576539  9551 work_track.cpp:116] Succeeded to release track lock for frame 88
I1014 15:49:20.576553  9551 work_track.cpp:120] Track results of frame 88: 1 objects input, 1 objects tracked!
I1014 15:49:20.576571  9551 work_track.cpp:148] Frame: 88, track bbox: [124 x 169 from (256.237, 178.761)], gid: 0, lid: 0
I1014 15:49:20.576606  9551 work_thread.hpp:87]  [T-Work-Detect_0] Frame :88 split
I1014 15:49:20.576625  9551 work_thread.hpp:120]  [T-Work-Detect_0] Valid piece: gid = 0
I1014 15:49:20.576643  9551 work_thread.hpp:91]  [T-Work-Detect_0] Push to split queue:recog
I1014 15:49:20.576692  9554 thread_intergrate.hpp:78] [T-Intergrate-intergrate] queue: frame output frame :88
I1014 15:49:20.576704  9552 work_thread.hpp:81]  [T-Work-Recog_0] Run work: WorkCapture
I1014 15:49:20.576719  9554 thread_intergrate.hpp:85] [T-Intergrate-intergrate] queue: compare output face:0
I1014 15:49:20.576737  9554 thread_intergrate.hpp:144] T-Intergrate-intergrate set matched face: 0
I1014 15:49:20.577291  9552 work_thread.hpp:81]  [T-Work-Recog_0] Run work: WorkRecog
I1014 15:49:20.577316  9552 work_recog.hpp:89] Face id: 0 will run recog: bbox [124 x 169 from (259, 179)] quality: 0.435255
I1014 15:49:20.577347  9552 work_recog.hpp:96] Recog pair: [176 x 216 from (232, 144)], [124 x 169 from (27, 35)]
I1014 15:49:20.578233  9554 thread_intergrate.hpp:188] T-Intergrate-intergrate Show face :0, size :640 * 360
I1014 15:49:20.578747  9550 demo_inner.hpp:435] thread [SORT-0]  frame id 88 sorting queue size 0   FPS: 30.0049
I1014 15:49:20.594952  9552 work_thread.hpp:81]  [T-Work-Recog_0] Run work: WorkCompare
I1014 15:49:20.595405  9552 work_compare.cpp:76] Compare face: 0 successed, similarity :0.99529, name : images/ThangLMb.jpg, normal size : 1548 * 1719!
I1014 15:49:20.604951  9548 demo_inner.hpp:177] decode queue size 0
I1014 15:49:20.605064  9551 work_thread.hpp:81]  [T-Work-Detect_0] Run work: WorkDetect
I1014 15:49:20.605100  9551 work_detect.cpp:102] Succeeded to add det start for frame 89
I1014 15:49:20.611608  9551 work_detect.cpp:70] Frame :89 detect result :1 face(s)
I1014 15:49:20.611649  9551 work_detect.cpp:86] Detected bbox: [114 x 165 from (259, 180)]
I1014 15:49:20.611691  9551 work_detect.cpp:120] Succeeded to add det end for frame 89
I1014 15:49:20.611707  9551 work_thread.hpp:81]  [T-Work-Detect_0] Run work: WrokTrack
I1014 15:49:20.611732  9551 work_track.cpp:82] Frame: 89 build input_characts: [0.178125 x 0.458333 from (0.404687, 0.5)], 1.00019, 0
I1014 15:49:20.611883  9551 work_track.cpp:102] Succeeded to set track lock for frame 89
I1014 15:49:20.611927  9551 work_track.cpp:116] Succeeded to release track lock for frame 89
I1014 15:49:20.611941  9551 work_track.cpp:120] Track results of frame 89: 1 objects input, 1 objects tracked!
I1014 15:49:20.611959  9551 work_track.cpp:148] Frame: 89, track bbox: [114 x 165 from (259.98, 180.293)], gid: 0, lid: 0
I1014 15:49:20.611997  9551 work_thread.hpp:87]  [T-Work-Detect_0] Frame :89 split
I1014 15:49:20.612015  9551 work_thread.hpp:120]  [T-Work-Detect_0] Valid piece: gid = 0
I1014 15:49:20.612035  9551 work_thread.hpp:91]  [T-Work-Detect_0] Push to split queue:recog
I1014 15:49:20.612079  9554 thread_intergrate.hpp:78] [T-Intergrate-intergrate] queue: frame output frame :89
I1014 15:49:20.612097  9553 work_thread.hpp:81]  [T-Work-Recog_1] Run work: WorkCapture
I1014 15:49:20.612107  9554 thread_intergrate.hpp:85] [T-Intergrate-intergrate] queue: compare output face:0
I1014 15:49:20.612125  9554 thread_intergrate.hpp:144] T-Intergrate-intergrate set matched face: 0
I1014 15:49:20.612756  9553 work_thread.hpp:81]  [T-Work-Recog_1] Run work: WorkRecog
I1014 15:49:20.612800  9553 work_recog.hpp:89] Face id: 0 will run recog: bbox [114 x 165 from (259, 180)] quality: 0.423902
I1014 15:49:20.612840  9553 work_recog.hpp:96] Recog pair: [168 x 216 from (232, 144)], [114 x 165 from (27, 36)]
I1014 15:49:20.613685  9554 thread_intergrate.hpp:188] T-Intergrate-intergrate Show face :0, size :640 * 360
I1014 15:49:20.614284  9550 demo_inner.hpp:435] thread [SORT-0]  frame id 89 sorting queue size 1   FPS: 29.9313
I1014 15:49:20.630276  9553 work_thread.hpp:81]  [T-Work-Recog_1] Run work: WorkCompare
I1014 15:49:20.630736  9553 work_compare.cpp:76] Compare face: 0 successed, similarity :0.996732, name : images/ThangLMb.jpg, normal size : 1548 * 1719!
I1014 15:49:20.635187  9548 demo_inner.hpp:177] decode queue size 0
I1014 15:49:20.635275  9551 work_thread.hpp:81]  [T-Work-Detect_0] Run work: WorkDetect
I1014 15:49:20.635308  9551 work_detect.cpp:102] Succeeded to add det start for frame 90
I1014 15:49:20.640785  9549 demo_inner.hpp:260]  gui queue size 1, state = running
I1014 15:49:20.642102  9551 work_detect.cpp:70] Frame :90 detect result :1 face(s)
I1014 15:49:20.642151  9551 work_detect.cpp:86] Detected bbox: [117 x 170 from (258, 177)]
I1014 15:49:20.642197  9551 work_detect.cpp:120] Succeeded to add det end for frame 90
I1014 15:49:20.642213  9551 work_thread.hpp:81]  [T-Work-Detect_0] Run work: WrokTrack
I1014 15:49:20.642240  9551 work_track.cpp:82] Frame: 90 build input_characts: [0.182812 x 0.472222 from (0.403125, 0.491667)], 1.00019, 0
I1014 15:49:20.642298  9551 work_track.cpp:102] Succeeded to set track lock for frame 90
I1014 15:49:20.642341  9551 work_track.cpp:116] Succeeded to release track lock for frame 90
I1014 15:49:20.642356  9551 work_track.cpp:120] Track results of frame 90: 1 objects input, 1 objects tracked!
I1014 15:49:20.642374  9551 work_track.cpp:148] Frame: 90, track bbox: [117 x 170 from (257.926, 177.21)], gid: 0, lid: 0
I1014 15:49:20.642411  9551 work_thread.hpp:87]  [T-Work-Detect_0] Frame :90 split
I1014 15:49:20.642431  9551 work_thread.hpp:120]  [T-Work-Detect_0] Valid piece: gid = 0
I1014 15:49:20.642449  9551 work_thread.hpp:91]  [T-Work-Detect_0] Push to split queue:recog
I1014 15:49:20.642510  9554 thread_intergrate.hpp:78] [T-Intergrate-intergrate] queue: frame output frame :90
I1014 15:49:20.642518  9552 work_thread.hpp:81]  [T-Work-Recog_0] Run work: WorkCapture
I1014 15:49:20.642539  9554 thread_intergrate.hpp:85] [T-Intergrate-intergrate] queue: compare output face:0
I1014 15:49:20.642558  9554 thread_intergrate.hpp:144] T-Intergrate-intergrate set matched face: 0
I1014 15:49:20.643256  9552 work_thread.hpp:81]  [T-Work-Recog_0] Run work: WorkRecog
I1014 15:49:20.643296  9552 work_recog.hpp:89] Face id: 0 will run recog: bbox [117 x 170 from (258, 177)] quality: 0.411847
I1014 15:49:20.643455  9552 work_recog.hpp:96] Recog pair: [168 x 224 from (232, 136)], [117 x 170 from (26, 41)]
I1014 15:49:20.644186  9554 thread_intergrate.hpp:188] T-Intergrate-intergrate Show face :0, size :640 * 360
I1014 15:49:20.644711  9550 demo_inner.hpp:435] thread [SORT-0]  frame id 90 sorting queue size 0   FPS: 30.0049
I1014 15:49:20.661602  9552 work_thread.hpp:81]  [T-Work-Recog_0] Run work: WorkCompare
I1014 15:49:20.662210  9552 work_compare.cpp:76] Compare face: 0 successed, similarity :0.994201, name : images/ThangLMb.jpg, normal size : 1548 * 1719!
I1014 15:49:20.670985  9548 demo_inner.hpp:177] decode queue size 0
I1014 15:49:20.671099  9551 work_thread.hpp:81]  [T-Work-Detect_0] Run work: WorkDetect
I1014 15:49:20.671136  9551 work_detect.cpp:102] Succeeded to add det start for frame 91
I1014 15:49:20.677682  9551 work_detect.cpp:70] Frame :91 detect result :1 face(s)
I1014 15:49:20.677727  9551 work_detect.cpp:86] Detected bbox: [119 x 168 from (257, 179)]
I1014 15:49:20.677769  9551 work_detect.cpp:120] Succeeded to add det end for frame 91
I1014 15:49:20.677785  9551 work_thread.hpp:81]  [T-Work-Detect_0] Run work: WrokTrack
I1014 15:49:20.677810  9551 work_track.cpp:82] Frame: 91 build input_characts: [0.185937 x 0.466667 from (0.401563, 0.497222)], 0.999622, 0
I1014 15:49:20.677865  9551 work_track.cpp:102] Succeeded to set track lock for frame 91
I1014 15:49:20.677904  9551 work_track.cpp:116] Succeeded to release track lock for frame 91
I1014 15:49:20.677918  9551 work_track.cpp:120] Track results of frame 91: 1 objects input, 1 objects tracked!
I1014 15:49:20.677937  9551 work_track.cpp:148] Frame: 91, track bbox: [119 x 168 from (257.319, 178.384)], gid: 0, lid: 0
I1014 15:49:20.677973  9551 work_thread.hpp:87]  [T-Work-Detect_0] Frame :91 split
I1014 15:49:20.677990  9551 work_thread.hpp:120]  [T-Work-Detect_0] Valid piece: gid = 0
I1014 15:49:20.678009  9551 work_thread.hpp:91]  [T-Work-Detect_0] Push to split queue:recog
I1014 15:49:20.678052  9554 thread_intergrate.hpp:78] [T-Intergrate-intergrate] queue: frame output frame :91
I1014 15:49:20.678055  9552 work_thread.hpp:81]  [T-Work-Recog_0] Run work: WorkCapture
I1014 15:49:20.678082  9554 thread_intergrate.hpp:85] [T-Intergrate-intergrate] queue: compare output face:0
I1014 15:49:20.678102  9554 thread_intergrate.hpp:144] T-Intergrate-intergrate set matched face: 0
I1014 15:49:20.678673  9552 work_thread.hpp:81]  [T-Work-Recog_0] Run work: WorkRecog
I1014 15:49:20.678716  9552 work_recog.hpp:89] Face id: 0 will run recog: bbox [119 x 168 from (257, 179)] quality: 0.411847
I1014 15:49:20.678757  9552 work_recog.hpp:96] Recog pair: [168 x 216 from (232, 144)], [119 x 168 from (25, 35)]
I1014 15:49:20.679579  9554 thread_intergrate.hpp:188] T-Intergrate-intergrate Show face :0, size :640 * 360
I1014 15:49:20.680096  9550 demo_inner.hpp:435] thread [SORT-0]  frame id 91 sorting queue size 1   FPS: 29.9313
I1014 15:49:20.696774  9552 work_thread.hpp:81]  [T-Work-Recog_0] Run work: WorkCompare
I1014 15:49:20.697432  9552 work_compare.cpp:76] Compare face: 0 successed, similarity :0.996655, name : images/ThangLMb.jpg, normal size : 1548 * 1719!
I1014 15:49:20.706912  9548 demo_inner.hpp:177] decode queue size 0
I1014 15:49:20.707017  9551 work_thread.hpp:81]  [T-Work-Detect_0] Run work: WorkDetect
I1014 15:49:20.707052  9551 work_detect.cpp:102] Succeeded to add det start for frame 92
I1014 15:49:20.712890  9549 demo_inner.hpp:260]  gui queue size 1, state = running
I1014 15:49:20.713680  9551 work_detect.cpp:70] Frame :92 detect result :1 face(s)
I1014 15:49:20.713721  9551 work_detect.cpp:86] Detected bbox: [117 x 168 from (258, 178)]
I1014 15:49:20.713763  9551 work_detect.cpp:120] Succeeded to add det end for frame 92
I1014 15:49:20.713779  9551 work_thread.hpp:81]  [T-Work-Detect_0] Run work: WrokTrack
I1014 15:49:20.713804  9551 work_track.cpp:82] Frame: 92 build input_characts: [0.182812 x 0.466667 from (0.403125, 0.494444)], 0.999622, 0
I1014 15:49:20.713863  9551 work_track.cpp:102] Succeeded to set track lock for frame 92
I1014 15:49:20.713984  9551 work_track.cpp:116] Succeeded to release track lock for frame 92
I1014 15:49:20.714000  9551 work_track.cpp:120] Track results of frame 92: 1 objects input, 1 objects tracked!
I1014 15:49:20.714020  9551 work_track.cpp:148] Frame: 92, track bbox: [117 x 168 from (257.771, 178.278)], gid: 0, lid: 0
I1014 15:49:20.714057  9551 work_thread.hpp:87]  [T-Work-Detect_0] Frame :92 split
I1014 15:49:20.714076  9551 work_thread.hpp:120]  [T-Work-Detect_0] Valid piece: gid = 0
I1014 15:49:20.714095  9551 work_thread.hpp:91]  [T-Work-Detect_0] Push to split queue:recog
I1014 15:49:20.714151  9554 thread_intergrate.hpp:78] [T-Intergrate-intergrate] queue: frame output frame :92
I1014 15:49:20.714154  9552 work_thread.hpp:81]  [T-Work-Recog_0] Run work: WorkCapture
I1014 15:49:20.714186  9554 thread_intergrate.hpp:85] [T-Intergrate-intergrate] queue: compare output face:0
I1014 15:49:20.714205  9554 thread_intergrate.hpp:144] T-Intergrate-intergrate set matched face: 0
I1014 15:49:20.714877  9552 work_thread.hpp:81]  [T-Work-Recog_0] Run work: WorkRecog
I1014 15:49:20.714916  9552 work_recog.hpp:89] Face id: 0 will run recog: bbox [117 x 168 from (258, 178)] quality: 0.42947
I1014 15:49:20.714958  9552 work_recog.hpp:96] Recog pair: [168 x 216 from (232, 144)], [117 x 168 from (26, 34)]
I1014 15:49:20.715850  9554 thread_intergrate.hpp:188] T-Intergrate-intergrate Show face :0, size :640 * 360
I1014 15:49:20.716432  9550 demo_inner.hpp:435] thread [SORT-0]  frame id 92 sorting queue size 0   FPS: 29.9313
I1014 15:49:20.733165  9552 work_thread.hpp:81]  [T-Work-Recog_0] Run work: WorkCompare
I1014 15:49:20.733778  9552 work_compare.cpp:76] Compare face: 0 successed, similarity :0.996861, name : images/ThangLMb.jpg, normal size : 1548 * 1719!
I1014 15:49:20.737272  9548 demo_inner.hpp:177] decode queue size 0
I1014 15:49:20.737357  9551 work_thread.hpp:81]  [T-Work-Detect_0] Run work: WorkDetect
I1014 15:49:20.737390  9551 work_detect.cpp:102] Succeeded to add det start for frame 93
I1014 15:49:20.744127  9551 work_detect.cpp:70] Frame :93 detect result :1 face(s)
I1014 15:49:20.744186  9551 work_detect.cpp:86] Detected bbox: [126 x 169 from (258, 179)]
I1014 15:49:20.744230  9551 work_detect.cpp:120] Succeeded to add det end for frame 93
I1014 15:49:20.744246  9551 work_thread.hpp:81]  [T-Work-Detect_0] Run work: WrokTrack
I1014 15:49:20.744269  9551 work_track.cpp:82] Frame: 93 build input_characts: [0.196875 x 0.469444 from (0.403125, 0.497222)], 1.00019, 0
I1014 15:49:20.744324  9551 work_track.cpp:102] Succeeded to set track lock for frame 93
I1014 15:49:20.744364  9551 work_track.cpp:116] Succeeded to release track lock for frame 93
I1014 15:49:20.744377  9551 work_track.cpp:120] Track results of frame 93: 1 objects input, 1 objects tracked!
I1014 15:49:20.744395  9551 work_track.cpp:148] Frame: 93, track bbox: [126 x 169 from (255.053, 178.235)], gid: 0, lid: 0
I1014 15:49:20.744431  9551 work_thread.hpp:87]  [T-Work-Detect_0] Frame :93 split
I1014 15:49:20.744449  9551 work_thread.hpp:120]  [T-Work-Detect_0] Valid piece: gid = 0
I1014 15:49:20.744468  9551 work_thread.hpp:91]  [T-Work-Detect_0] Push to split queue:recog
I1014 15:49:20.744510  9553 work_thread.hpp:81]  [T-Work-Recog_1] Run work: WorkCapture
I1014 15:49:20.744510  9554 thread_intergrate.hpp:78] [T-Intergrate-intergrate] queue: frame output frame :93
I1014 15:49:20.744549  9554 thread_intergrate.hpp:85] [T-Intergrate-intergrate] queue: compare output face:0
I1014 15:49:20.744567  9554 thread_intergrate.hpp:144] T-Intergrate-intergrate set matched face: 0
I1014 15:49:20.745249  9553 work_thread.hpp:81]  [T-Work-Recog_1] Run work: WorkRecog
I1014 15:49:20.745275  9553 work_recog.hpp:89] Face id: 0 will run recog: bbox [126 x 169 from (258, 179)] quality: 0.412031
