I1014 14:57:17.904469  8384 thread_intergrate.hpp:144] T-Intergrate-intergrate set matched face: 0
I1014 14:57:17.904549  8382 work_thread.hpp:81]  [T-Work-Recog_0] Run work: WorkRecog
I1014 14:57:17.904572  8382 work_recog.hpp:89] Face id: 0 will run recog: bbox [158 x 216 from (294, 128)] quality: 0.479877
I1014 14:57:17.904623  8382 work_recog.hpp:96] Recog pair: [232 x 280 from (256, 80)], [158 x 216 from (38, 48)]
I1014 14:57:17.918714  8384 thread_intergrate.hpp:164] T-Intergrate-intergrate Show face :0, size :640 * 360
I1014 14:57:17.919512  8380 demo_inner.hpp:435] thread [SORT-0]  frame id 65 sorting queue size 0   FPS: 29.7324
I1014 14:57:17.922578  8382 work_thread.hpp:81]  [T-Work-Recog_0] Run work: WorkCompare
I1014 14:57:17.923023  8382 work_compare.cpp:76] Compare face: 0 successed, similarity :0.994234, name : images/ThangLMb.jpg, normal size : 1548 * 1719!
I1014 14:57:17.930156  8379 demo_inner.hpp:260]  gui queue size 0, state = running
I1014 14:57:17.931922  8378 demo_inner.hpp:177] decode queue size 0
I1014 14:57:17.932050  8381 work_thread.hpp:81]  [T-Work-Detect_0] Run work: WorkDetect
I1014 14:57:17.932090  8381 work_detect.cpp:102] Succeeded to add det start for frame 66
I1014 14:57:17.938894  8381 work_detect.cpp:70] Frame :66 detect result :1 face(s)
I1014 14:57:17.938941  8381 work_detect.cpp:86] Detected bbox: [158 x 216 from (294, 129)]
I1014 14:57:17.938985  8381 work_detect.cpp:120] Succeeded to add det end for frame 66
I1014 14:57:17.939002  8381 work_thread.hpp:81]  [T-Work-Detect_0] Run work: WrokTrack
I1014 14:57:17.939026  8381 work_track.cpp:82] Frame: 66 build input_characts: [0.246875 x 0.6 from (0.459375, 0.358333)], 0.999622, 0
I1014 14:57:17.939081  8381 work_track.cpp:102] Succeeded to set track lock for frame 66
I1014 14:57:17.939121  8381 work_track.cpp:116] Succeeded to release track lock for frame 66
I1014 14:57:17.939136  8381 work_track.cpp:120] Track results of frame 66: 1 objects input, 1 objects tracked!
I1014 14:57:17.939226  8381 work_track.cpp:148] Frame: 66, track bbox: [158 x 216 from (294.02, 128.691)], gid: 0, lid: 0
I1014 14:57:17.939265  8381 work_thread.hpp:87]  [T-Work-Detect_0] Frame :66 split
I1014 14:57:17.939283  8381 work_thread.hpp:120]  [T-Work-Detect_0] Valid piece: gid = 0
I1014 14:57:17.939301  8381 work_thread.hpp:91]  [T-Work-Detect_0] Push to split queue:recog
I1014 14:57:17.939352  8383 work_thread.hpp:81]  [T-Work-Recog_1] Run work: WorkCapture
I1014 14:57:17.939355  8384 thread_intergrate.hpp:78] [T-Intergrate-intergrate] queue: frame output frame :66
I1014 14:57:17.939399  8384 thread_intergrate.hpp:85] [T-Intergrate-intergrate] queue: compare output face:0
I1014 14:57:17.939426  8384 thread_intergrate.hpp:144] T-Intergrate-intergrate set matched face: 0
I1014 14:57:17.939947  8383 work_thread.hpp:81]  [T-Work-Recog_1] Run work: WorkRecog
I1014 14:57:17.939973  8383 work_recog.hpp:89] Face id: 0 will run recog: bbox [158 x 216 from (294, 129)] quality: 0.481912
I1014 14:57:17.940006  8383 work_recog.hpp:96] Recog pair: [232 x 280 from (256, 80)], [158 x 216 from (38, 49)]
I1014 14:57:17.951268  8384 thread_intergrate.hpp:164] T-Intergrate-intergrate Show face :0, size :640 * 360
I1014 14:57:17.952001  8380 demo_inner.hpp:435] thread [SORT-0]  frame id 66 sorting queue size 0   FPS: 29.7767
I1014 14:57:17.957682  8383 work_thread.hpp:81]  [T-Work-Recog_1] Run work: WorkCompare
I1014 14:57:17.958142  8383 work_compare.cpp:76] Compare face: 0 successed, similarity :0.996158, name : images/ThangLMb.jpg, normal size : 1548 * 1719!
I1014 14:57:17.962075  8378 demo_inner.hpp:177] decode queue size 0
I1014 14:57:17.962162  8381 work_thread.hpp:81]  [T-Work-Detect_0] Run work: WorkDetect
I1014 14:57:17.962196  8381 work_detect.cpp:102] Succeeded to add det start for frame 67
I1014 14:57:17.969034  8381 work_detect.cpp:70] Frame :67 detect result :1 face(s)
I1014 14:57:17.969089  8381 work_detect.cpp:86] Detected bbox: [162 x 222 from (293, 127)]
I1014 14:57:17.969133  8381 work_detect.cpp:120] Succeeded to add det end for frame 67
I1014 14:57:17.969149  8381 work_thread.hpp:81]  [T-Work-Detect_0] Run work: WrokTrack
I1014 14:57:17.969174  8381 work_track.cpp:82] Frame: 67 build input_characts: [0.253125 x 0.616667 from (0.457812, 0.352778)], 1.00019, 0
I1014 14:57:17.969229  8381 work_track.cpp:102] Succeeded to set track lock for frame 67
I1014 14:57:17.969269  8381 work_track.cpp:116] Succeeded to release track lock for frame 67
I1014 14:57:17.969283  8381 work_track.cpp:120] Track results of frame 67: 1 objects input, 1 objects tracked!
I1014 14:57:17.969301  8381 work_track.cpp:148] Frame: 67, track bbox: [162 x 222 from (292.621, 126.574)], gid: 0, lid: 0
I1014 14:57:17.969336  8381 work_thread.hpp:87]  [T-Work-Detect_0] Frame :67 split
I1014 14:57:17.969353  8381 work_thread.hpp:120]  [T-Work-Detect_0] Valid piece: gid = 0
I1014 14:57:17.969372  8381 work_thread.hpp:91]  [T-Work-Detect_0] Push to split queue:recog
I1014 14:57:17.969416  8382 work_thread.hpp:81]  [T-Work-Recog_0] Run work: WorkCapture
I1014 14:57:17.969434  8384 thread_intergrate.hpp:78] [T-Intergrate-intergrate] queue: frame output frame :67
I1014 14:57:17.969457  8384 thread_intergrate.hpp:85] [T-Intergrate-intergrate] queue: compare output face:0
I1014 14:57:17.969476  8384 thread_intergrate.hpp:144] T-Intergrate-intergrate set matched face: 0
I1014 14:57:17.970454  8382 work_thread.hpp:81]  [T-Work-Recog_0] Run work: WorkRecog
I1014 14:57:17.970487  8382 work_recog.hpp:89] Face id: 0 will run recog: bbox [162 x 222 from (293, 127)] quality: 0.481581
I1014 14:57:17.970525  8382 work_recog.hpp:96] Recog pair: [232 x 280 from (256, 80)], [162 x 222 from (37, 47)]
I1014 14:57:17.979156  8384 thread_intergrate.hpp:164] T-Intergrate-intergrate Show face :0, size :640 * 360
I1014 14:57:17.979789  8380 demo_inner.hpp:435] thread [SORT-0]  frame id 67 sorting queue size 1   FPS: 29.8211
I1014 14:57:17.988485  8382 work_thread.hpp:81]  [T-Work-Recog_0] Run work: WorkCompare
I1014 14:57:17.989037  8382 work_compare.cpp:76] Compare face: 0 successed, similarity :0.99595, name : images/ThangLMb.jpg, normal size : 1548 * 1719!
I1014 14:57:17.997725  8378 demo_inner.hpp:177] decode queue size 0
I1014 14:57:17.997836  8381 work_thread.hpp:81]  [T-Work-Detect_0] Run work: WorkDetect
I1014 14:57:17.997872  8381 work_detect.cpp:102] Succeeded to add det start for frame 68
I1014 14:57:18.004758  8381 work_detect.cpp:70] Frame :68 detect result :1 face(s)
I1014 14:57:18.004803  8381 work_detect.cpp:86] Detected bbox: [160 x 216 from (293, 127)]
I1014 14:57:18.004846  8381 work_detect.cpp:120] Succeeded to add det end for frame 68
I1014 14:57:18.004863  8381 work_thread.hpp:81]  [T-Work-Detect_0] Run work: WrokTrack
I1014 14:57:18.004887  8381 work_track.cpp:82] Frame: 68 build input_characts: [0.25 x 0.6 from (0.457812, 0.352778)], 1.00019, 0
I1014 14:57:18.004942  8381 work_track.cpp:102] Succeeded to set track lock for frame 68
I1014 14:57:18.004983  8381 work_track.cpp:116] Succeeded to release track lock for frame 68
I1014 14:57:18.004998  8381 work_track.cpp:120] Track results of frame 68: 1 objects input, 1 objects tracked!
I1014 14:57:18.005017  8381 work_track.cpp:148] Frame: 68, track bbox: [160 x 216 from (293.099, 128.238)], gid: 0, lid: 0
I1014 14:57:18.005053  8381 work_thread.hpp:87]  [T-Work-Detect_0] Frame :68 split
I1014 14:57:18.005071  8381 work_thread.hpp:120]  [T-Work-Detect_0] Valid piece: gid = 0
I1014 14:57:18.005089  8381 work_thread.hpp:91]  [T-Work-Detect_0] Push to split queue:recog
I1014 14:57:18.005136  8383 work_thread.hpp:81]  [T-Work-Recog_1] Run work: WorkCapture
I1014 14:57:18.005146  8384 thread_intergrate.hpp:78] [T-Intergrate-intergrate] queue: frame output frame :68
I1014 14:57:18.005170  8384 thread_intergrate.hpp:85] [T-Intergrate-intergrate] queue: compare output face:0
I1014 14:57:18.005189  8384 thread_intergrate.hpp:144] T-Intergrate-intergrate set matched face: 0
I1014 14:57:18.005758  8383 work_thread.hpp:81]  [T-Work-Recog_1] Run work: WorkRecog
I1014 14:57:18.005785  8383 work_recog.hpp:89] Face id: 0 will run recog: bbox [160 x 216 from (293, 127)] quality: 0.478664
I1014 14:57:18.005818  8383 work_recog.hpp:96] Recog pair: [232 x 280 from (256, 80)], [160 x 216 from (37, 47)]
I1014 14:57:18.013612  8379 demo_inner.hpp:260]  gui queue size 1, state = running
I1014 14:57:18.015039  8384 thread_intergrate.hpp:164] T-Intergrate-intergrate Show face :0, size :640 * 360
I1014 14:57:18.015893  8380 demo_inner.hpp:435] thread [SORT-0]  frame id 68 sorting queue size 0   FPS: 29.8211
I1014 14:57:18.023468  8383 work_thread.hpp:81]  [T-Work-Recog_1] Run work: WorkCompare
I1014 14:57:18.023916  8383 work_compare.cpp:76] Compare face: 0 successed, similarity :0.996287, name : images/ThangLMb.jpg, normal size : 1548 * 1719!
I1014 14:57:18.033674  8378 demo_inner.hpp:177] decode queue size 0
I1014 14:57:18.033780  8381 work_thread.hpp:81]  [T-Work-Detect_0] Run work: WorkDetect
I1014 14:57:18.033818  8381 work_detect.cpp:102] Succeeded to add det start for frame 69
I1014 14:57:18.040791  8381 work_detect.cpp:70] Frame :69 detect result :1 face(s)
I1014 14:57:18.040838  8381 work_detect.cpp:86] Detected bbox: [172 x 220 from (287, 107)]
I1014 14:57:18.040881  8381 work_detect.cpp:120] Succeeded to add det end for frame 69
I1014 14:57:18.040897  8381 work_thread.hpp:81]  [T-Work-Detect_0] Run work: WrokTrack
I1014 14:57:18.040922  8381 work_track.cpp:82] Frame: 69 build input_characts: [0.26875 x 0.611111 from (0.448438, 0.297222)], 1.00019, 0
I1014 14:57:18.040977  8381 work_track.cpp:102] Succeeded to set track lock for frame 69
I1014 14:57:18.041016  8381 work_track.cpp:116] Succeeded to release track lock for frame 69
I1014 14:57:18.041031  8381 work_track.cpp:120] Track results of frame 69: 1 objects input, 1 objects tracked!
I1014 14:57:18.041050  8381 work_track.cpp:148] Frame: 69, track bbox: [172 x 220 from (287.158, 116.063)], gid: 0, lid: 0
I1014 14:57:18.041088  8381 work_thread.hpp:87]  [T-Work-Detect_0] Frame :69 split
I1014 14:57:18.041105  8381 work_thread.hpp:120]  [T-Work-Detect_0] Valid piece: gid = 0
I1014 14:57:18.041196  8381 work_thread.hpp:91]  [T-Work-Detect_0] Push to split queue:recog
I1014 14:57:18.041236  8383 work_thread.hpp:81]  [T-Work-Recog_1] Run work: WorkCapture
I1014 14:57:18.041251  8384 thread_intergrate.hpp:78] [T-Intergrate-intergrate] queue: frame output frame :69
I1014 14:57:18.041276  8384 thread_intergrate.hpp:85] [T-Intergrate-intergrate] queue: compare output face:0
I1014 14:57:18.041293  8384 thread_intergrate.hpp:144] T-Intergrate-intergrate set matched face: 0
I1014 14:57:18.041833  8383 work_thread.hpp:81]  [T-Work-Recog_1] Run work: WorkRecog
I1014 14:57:18.041862  8383 work_recog.hpp:89] Face id: 0 will run recog: bbox [172 x 220 from (287, 107)] quality: 0.474702
I1014 14:57:18.041898  8383 work_recog.hpp:96] Recog pair: [248 x 304 from (248, 56)], [172 x 220 from (39, 51)]
I1014 14:57:18.051055  8384 thread_intergrate.hpp:164] T-Intergrate-intergrate Show face :0, size :640 * 360
I1014 14:57:18.051741  8380 demo_inner.hpp:435] thread [SORT-0]  frame id 69 sorting queue size 1   FPS: 29.8211
I1014 14:57:18.059496  8383 work_thread.hpp:81]  [T-Work-Recog_1] Run work: WorkCompare
I1014 14:57:18.059954  8383 work_compare.cpp:76] Compare face: 0 successed, similarity :0.99158, name : images/ThangLMb.jpg, normal size : 1548 * 1719!
I1014 14:57:18.064146  8378 demo_inner.hpp:177] decode queue size 0
I1014 14:57:18.064292  8381 work_thread.hpp:81]  [T-Work-Detect_0] Run work: WorkDetect
I1014 14:57:18.064333  8381 work_detect.cpp:102] Succeeded to add det start for frame 70
I1014 14:57:18.071213  8381 work_detect.cpp:70] Frame :70 detect result :1 face(s)
I1014 14:57:18.071257  8381 work_detect.cpp:86] Detected bbox: [161 x 219 from (294, 128)]
I1014 14:57:18.071300  8381 work_detect.cpp:120] Succeeded to add det end for frame 70
I1014 14:57:18.071318  8381 work_thread.hpp:81]  [T-Work-Detect_0] Run work: WrokTrack
I1014 14:57:18.071342  8381 work_track.cpp:82] Frame: 70 build input_characts: [0.251563 x 0.608333 from (0.459375, 0.355556)], 0.999622, 0
I1014 14:57:18.071398  8381 work_track.cpp:102] Succeeded to set track lock for frame 70
I1014 14:57:18.071439  8381 work_track.cpp:116] Succeeded to release track lock for frame 70
I1014 14:57:18.071461  8381 work_track.cpp:120] Track results of frame 70: 1 objects input, 1 objects tracked!
I1014 14:57:18.071480  8381 work_track.cpp:148] Frame: 70, track bbox: [161 x 219 from (293.409, 119.963)], gid: 0, lid: 0
I1014 14:57:18.071517  8381 work_thread.hpp:87]  [T-Work-Detect_0] Frame :70 split
I1014 14:57:18.071535  8381 work_thread.hpp:120]  [T-Work-Detect_0] Valid piece: gid = 0
I1014 14:57:18.071553  8381 work_thread.hpp:91]  [T-Work-Detect_0] Push to split queue:recog
I1014 14:57:18.071597  8382 work_thread.hpp:81]  [T-Work-Recog_0] Run work: WorkCapture
I1014 14:57:18.071604  8384 thread_intergrate.hpp:78] [T-Intergrate-intergrate] queue: frame output frame :70
I1014 14:57:18.071629  8384 thread_intergrate.hpp:85] [T-Intergrate-intergrate] queue: compare output face:0
I1014 14:57:18.071647  8384 thread_intergrate.hpp:144] T-Intergrate-intergrate set matched face: 0
I1014 14:57:18.072263  8382 work_thread.hpp:81]  [T-Work-Recog_0] Run work: WorkRecog
I1014 14:57:18.072432  8382 work_recog.hpp:89] Face id: 0 will run recog: bbox [161 x 219 from (294, 128)] quality: 0.481581
I1014 14:57:18.072466  8382 work_recog.hpp:96] Recog pair: [232 x 280 from (256, 80)], [161 x 219 from (38, 48)]
I1014 14:57:18.081425  8384 thread_intergrate.hpp:164] T-Intergrate-intergrate Show face :0, size :640 * 360
I1014 14:57:18.082082  8380 demo_inner.hpp:435] thread [SORT-0]  frame id 70 sorting queue size 2   FPS: 29.8211
I1014 14:57:18.090546  8382 work_thread.hpp:81]  [T-Work-Recog_0] Run work: WorkCompare
I1014 14:57:18.091048  8382 work_compare.cpp:76] Compare face: 0 successed, similarity :0.996567, name : images/ThangLMb.jpg, normal size : 1548 * 1719!
I1014 14:57:18.099720  8378 demo_inner.hpp:177] decode queue size 0
I1014 14:57:18.099834  8381 work_thread.hpp:81]  [T-Work-Detect_0] Run work: WorkDetect
I1014 14:57:18.099872  8381 work_detect.cpp:102] Succeeded to add det start for frame 71
I1014 14:57:18.106815  8381 work_detect.cpp:70] Frame :71 detect result :1 face(s)
I1014 14:57:18.106863  8381 work_detect.cpp:86] Detected bbox: [158 x 217 from (295, 128)]
I1014 14:57:18.106906  8381 work_detect.cpp:120] Succeeded to add det end for frame 71
I1014 14:57:18.106922  8381 work_thread.hpp:81]  [T-Work-Detect_0] Run work: WrokTrack
I1014 14:57:18.106947  8381 work_track.cpp:82] Frame: 71 build input_characts: [0.246875 x 0.602778 from (0.460938, 0.355556)], 1.00019, 0
I1014 14:57:18.107002  8381 work_track.cpp:102] Succeeded to set track lock for frame 71
I1014 14:57:18.107043  8381 work_track.cpp:116] Succeeded to release track lock for frame 71
I1014 14:57:18.107057  8381 work_track.cpp:120] Track results of frame 71: 1 objects input, 1 objects tracked!
I1014 14:57:18.107074  8381 work_track.cpp:148] Frame: 71, track bbox: [158 x 217 from (295.079, 123.433)], gid: 0, lid: 0
I1014 14:57:18.107110  8381 work_thread.hpp:87]  [T-Work-Detect_0] Frame :71 split
I1014 14:57:18.107128  8381 work_thread.hpp:120]  [T-Work-Detect_0] Valid piece: gid = 0
I1014 14:57:18.107146  8381 work_thread.hpp:91]  [T-Work-Detect_0] Push to split queue:recog
I1014 14:57:18.107189  8383 work_thread.hpp:81]  [T-Work-Recog_1] Run work: WorkCapture
I1014 14:57:18.107197  8384 thread_intergrate.hpp:78] [T-Intergrate-intergrate] queue: frame output frame :71
I1014 14:57:18.107226  8384 thread_intergrate.hpp:85] [T-Intergrate-intergrate] queue: compare output face:0
I1014 14:57:18.107270  8384 thread_intergrate.hpp:144] T-Intergrate-intergrate set matched face: 0
I1014 14:57:18.107759  8383 work_thread.hpp:81]  [T-Work-Recog_1] Run work: WorkRecog
I1014 14:57:18.107784  8383 work_recog.hpp:89] Face id: 0 will run recog: bbox [158 x 217 from (295, 128)] quality: 0.483967
I1014 14:57:18.107812  8383 work_recog.hpp:96] Recog pair: [224 x 280 from (264, 80)], [158 x 217 from (31, 48)]
I1014 14:57:18.114167  8379 demo_inner.hpp:260]  gui queue size 2, state = running
I1014 14:57:18.119943  8384 thread_intergrate.hpp:164] T-Intergrate-intergrate Show face :0, size :640 * 360
I1014 14:57:18.120837  8380 demo_inner.hpp:435] thread [SORT-0]  frame id 71 sorting queue size 0   FPS: 29.7767
I1014 14:57:18.125499  8383 work_thread.hpp:81]  [T-Work-Recog_1] Run work: WorkCompare
I1014 14:57:18.125936  8383 work_compare.cpp:76] Compare face: 0 successed, similarity :0.99675, name : images/ThangLMb.jpg, normal size : 1548 * 1719!
I1014 14:57:18.130020  8378 demo_inner.hpp:177] decode queue size 0
I1014 14:57:18.130108  8381 work_thread.hpp:81]  [T-Work-Detect_0] Run work: WorkDetect
I1014 14:57:18.130143  8381 work_detect.cpp:102] Succeeded to add det start for frame 72
I1014 14:57:18.137006  8381 work_detect.cpp:70] Frame :72 detect result :1 face(s)
I1014 14:57:18.137054  8381 work_detect.cpp:86] Detected bbox: [159 x 217 from (293, 127)]
I1014 14:57:18.137097  8381 work_detect.cpp:120] Succeeded to add det end for frame 72
I1014 14:57:18.137114  8381 work_thread.hpp:81]  [T-Work-Detect_0] Run work: WrokTrack
I1014 14:57:18.137138  8381 work_track.cpp:82] Frame: 72 build input_characts: [0.248437 x 0.602778 from (0.457812, 0.352778)], 0.998877, 0
I1014 14:57:18.137192  8381 work_track.cpp:102] Succeeded to set track lock for frame 72
I1014 14:57:18.137233  8381 work_track.cpp:116] Succeeded to release track lock for frame 72
I1014 14:57:18.137246  8381 work_track.cpp:120] Track results of frame 72: 1 objects input, 1 objects tracked!
I1014 14:57:18.137264  8381 work_track.cpp:148] Frame: 72, track bbox: [159 x 217 from (293.809, 125.644)], gid: 0, lid: 0
I1014 14:57:18.137301  8381 work_thread.hpp:87]  [T-Work-Detect_0] Frame :72 split
I1014 14:57:18.137318  8381 work_thread.hpp:120]  [T-Work-Detect_0] Valid piece: gid = 0
I1014 14:57:18.137336  8381 work_thread.hpp:91]  [T-Work-Detect_0] Push to split queue:recog
I1014 14:57:18.137387  8382 work_thread.hpp:81]  [T-Work-Recog_0] Run work: WorkCapture
I1014 14:57:18.137399  8384 thread_intergrate.hpp:78] [T-Intergrate-intergrate] queue: frame output frame :72
I1014 14:57:18.137503  8384 thread_intergrate.hpp:85] [T-Intergrate-intergrate] queue: compare output face:0
I1014 14:57:18.137523  8384 thread_intergrate.hpp:144] T-Intergrate-intergrate set matched face: 0
I1014 14:57:18.138098  8382 work_thread.hpp:81]  [T-Work-Recog_0] Run work: WorkRecog
I1014 14:57:18.138125  8382 work_recog.hpp:89] Face id: 0 will run recog: bbox [159 x 217 from (293, 127)] quality: 0.483509
I1014 14:57:18.138166  8382 work_recog.hpp:96] Recog pair: [232 x 280 from (256, 80)], [159 x 217 from (37, 47)]
I1014 14:57:18.147253  8384 thread_intergrate.hpp:164] T-Intergrate-intergrate Show face :0, size :640 * 360
I1014 14:57:18.147944  8380 demo_inner.hpp:435] thread [SORT-0]  frame id 72 sorting queue size 1   FPS: 29.8211
I1014 14:57:18.156368  8382 work_thread.hpp:81]  [T-Work-Recog_0] Run work: WorkCompare
I1014 14:57:18.156910  8382 work_compare.cpp:76] Compare face: 0 successed, similarity :0.996186, name : images/ThangLMb.jpg, normal size : 1548 * 1719!
I1014 14:57:18.165727  8378 demo_inner.hpp:177] decode queue size 0
I1014 14:57:18.165836  8381 work_thread.hpp:81]  [T-Work-Detect_0] Run work: WorkDetect
I1014 14:57:18.165874  8381 work_detect.cpp:102] Succeeded to add det start for frame 73
I1014 14:57:18.172787  8381 work_detect.cpp:70] Frame :73 detect result :1 face(s)
I1014 14:57:18.172835  8381 work_detect.cpp:86] Detected bbox: [159 x 216 from (294, 129)]
I1014 14:57:18.172879  8381 work_detect.cpp:120] Succeeded to add det end for frame 73
I1014 14:57:18.172895  8381 work_thread.hpp:81]  [T-Work-Detect_0] Run work: WrokTrack
I1014 14:57:18.172920  8381 work_track.cpp:82] Frame: 73 build input_characts: [0.248437 x 0.6 from (0.459375, 0.358333)], 1.00019, 0
I1014 14:57:18.172976  8381 work_track.cpp:102] Succeeded to set track lock for frame 73
I1014 14:57:18.173015  8381 work_track.cpp:116] Succeeded to release track lock for frame 73
I1014 14:57:18.173029  8381 work_track.cpp:120] Track results of frame 73: 1 objects input, 1 objects tracked!
I1014 14:57:18.173048  8381 work_track.cpp:148] Frame: 73, track bbox: [159 x 216 from (293.978, 129.688)], gid: 0, lid: 0
I1014 14:57:18.173084  8381 work_thread.hpp:87]  [T-Work-Detect_0] Frame :73 split
I1014 14:57:18.173101  8381 work_thread.hpp:120]  [T-Work-Detect_0] Valid piece: gid = 0
I1014 14:57:18.173120  8381 work_thread.hpp:91]  [T-Work-Detect_0] Push to split queue:recog
I1014 14:57:18.173161  8383 work_thread.hpp:81]  [T-Work-Recog_1] Run work: WorkCapture
I1014 14:57:18.173167  8384 thread_intergrate.hpp:78] [T-Intergrate-intergrate] queue: frame output frame :73
I1014 14:57:18.173197  8384 thread_intergrate.hpp:85] [T-Intergrate-intergrate] queue: compare output face:0
I1014 14:57:18.173239  8384 thread_intergrate.hpp:144] T-Intergrate-intergrate set matched face: 0
I1014 14:57:18.173751  8383 work_thread.hpp:81]  [T-Work-Recog_1] Run work: WorkRecog
I1014 14:57:18.173775  8383 work_recog.hpp:89] Face id: 0 will run recog: bbox [159 x 216 from (294, 129)] quality: 0.480073
I1014 14:57:18.173805  8383 work_recog.hpp:96] Recog pair: [232 x 280 from (256, 80)], [159 x 216 from (38, 49)]
I1014 14:57:18.181365  8379 demo_inner.hpp:260]  gui queue size 1, state = running
I1014 14:57:18.185480  8384 thread_intergrate.hpp:164] T-Intergrate-intergrate Show face :0, size :640 * 360
I1014 14:57:18.186612  8380 demo_inner.hpp:435] thread [SORT-0]  frame id 73 sorting queue size 0   FPS: 29.7767
I1014 14:57:18.191529  8383 work_thread.hpp:81]  [T-Work-Recog_1] Run work: WorkCompare
I1014 14:57:18.191974  8383 work_compare.cpp:76] Compare face: 0 successed, similarity :0.99613, name : images/ThangLMb.jpg, normal size : 1548 * 1719!
I1014 14:57:18.196107  8378 demo_inner.hpp:177] decode queue size 0
I1014 14:57:18.196208  8381 work_thread.hpp:81]  [T-Work-Detect_0] Run work: WorkDetect
I1014 14:57:18.196244  8381 work_detect.cpp:102] Succeeded to add det start for frame 74
I1014 14:57:18.203007  8381 work_detect.cpp:70] Frame :74 detect result :1 face(s)
I1014 14:57:18.203052  8381 work_detect.cpp:86] Detected bbox: [158 x 212 from (294, 127)]
I1014 14:57:18.203172  8381 work_detect.cpp:120] Succeeded to add det end for frame 74
I1014 14:57:18.203191  8381 work_thread.hpp:81]  [T-Work-Detect_0] Run work: WrokTrack
I1014 14:57:18.203215  8381 work_track.cpp:82] Frame: 74 build input_characts: [0.246875 x 0.588889 from (0.459375, 0.352778)], 1.00019, 0
I1014 14:57:18.203269  8381 work_track.cpp:102] Succeeded to set track lock for frame 74
I1014 14:57:18.203308  8381 work_track.cpp:116] Succeeded to release track lock for frame 74
I1014 14:57:18.203323  8381 work_track.cpp:120] Track results of frame 74: 1 objects input, 1 objects tracked!
I1014 14:57:18.203341  8381 work_track.cpp:148] Frame: 74, track bbox: [158 x 212 from (294.123, 132.275)], gid: 0, lid: 0
I1014 14:57:18.203377  8381 work_thread.hpp:87]  [T-Work-Detect_0] Frame :74 split
I1014 14:57:18.203394  8381 work_thread.hpp:120]  [T-Work-Detect_0] Valid piece: gid = 0
I1014 14:57:18.203413  8381 work_thread.hpp:91]  [T-Work-Detect_0] Push to split queue:recog
I1014 14:57:18.203475  8384 thread_intergrate.hpp:78] [T-Intergrate-intergrate] queue: frame output frame :74
I1014 14:57:18.203492  8382 work_thread.hpp:81]  [T-Work-Recog_0] Run work: WorkCapture
I1014 14:57:18.203500  8384 thread_intergrate.hpp:85] [T-Intergrate-intergrate] queue: compare output face:0
I1014 14:57:18.203518  8384 thread_intergrate.hpp:144] T-Intergrate-intergrate set matched face: 0
I1014 14:57:18.204193  8382 work_thread.hpp:81]  [T-Work-Recog_0] Run work: WorkRecog
I1014 14:57:18.204248  8382 work_recog.hpp:89] Face id: 0 will run recog: bbox [158 x 212 from (294, 127)] quality: 0.473331
I1014 14:57:18.204406  8382 work_recog.hpp:96] Recog pair: [232 x 280 from (256, 80)], [158 x 212 from (38, 47)]
I1014 14:57:18.213263  8384 thread_intergrate.hpp:164] T-Intergrate-intergrate Show face :0, size :640 * 360
I1014 14:57:18.214031  8380 demo_inner.hpp:435] thread [SORT-0]  frame id 74 sorting queue size 1   FPS: 29.8063
I1014 14:57:18.222362  8382 work_thread.hpp:81]  [T-Work-Recog_0] Run work: WorkCompare
I1014 14:57:18.222877  8382 work_compare.cpp:76] Compare face: 0 successed, similarity :0.991504, name : images/ThangLMb.jpg, normal size : 1548 * 1719!
I1014 14:57:18.231889  8378 demo_inner.hpp:177] decode queue size 0
I1014 14:57:18.232017  8381 work_thread.hpp:81]  [T-Work-Detect_0] Run work: WorkDetect
I1014 14:57:18.232056  8381 work_detect.cpp:102] Succeeded to add det start for frame 75
I1014 14:57:18.238878  8381 work_detect.cpp:70] Frame :75 detect result :1 face(s)
I1014 14:57:18.238915  8381 work_detect.cpp:86] Detected bbox: [160 x 220 from (294, 127)]
I1014 14:57:18.238958  8381 work_detect.cpp:120] Succeeded to add det end for frame 75
I1014 14:57:18.238975  8381 work_thread.hpp:81]  [T-Work-Detect_0] Run work: WrokTrack
I1014 14:57:18.238998  8381 work_track.cpp:82] Frame: 75 build input_characts: [0.25 x 0.611111 from (0.459375, 0.352778)], 1.00019, 0
I1014 14:57:18.239055  8381 work_track.cpp:102] Succeeded to set track lock for frame 75
I1014 14:57:18.239094  8381 work_track.cpp:116] Succeeded to release track lock for frame 75
I1014 14:57:18.239109  8381 work_track.cpp:120] Track results of frame 75: 1 objects input, 1 objects tracked!
I1014 14:57:18.239127  8381 work_track.cpp:148] Frame: 75, track bbox: [160 x 220 from (293.275, 125.261)], gid: 0, lid: 0
I1014 14:57:18.239164  8381 work_thread.hpp:87]  [T-Work-Detect_0] Frame :75 split
I1014 14:57:18.239182  8381 work_thread.hpp:120]  [T-Work-Detect_0] Valid piece: gid = 0
I1014 14:57:18.239202  8381 work_thread.hpp:91]  [T-Work-Detect_0] Push to split queue:recog
I1014 14:57:18.239243  8383 work_thread.hpp:81]  [T-Work-Recog_1] Run work: WorkCapture
I1014 14:57:18.239259  8384 thread_intergrate.hpp:78] [T-Intergrate-intergrate] queue: frame output frame :75
I1014 14:57:18.239284  8384 thread_intergrate.hpp:85] [T-Intergrate-intergrate] queue: compare output face:0
I1014 14:57:18.239302  8384 thread_intergrate.hpp:144] T-Intergrate-intergrate set matched face: 0
I1014 14:57:18.239830  8383 work_thread.hpp:81]  [T-Work-Recog_1] Run work: WorkRecog
I1014 14:57:18.239935  8383 work_recog.hpp:89] Face id: 0 will run recog: bbox [160 x 220 from (294, 127)] quality: 0.479224
I1014 14:57:18.239971  8383 work_recog.hpp:96] Recog pair: [232 x 280 from (256, 80)], [160 x 220 from (38, 47)]
I1014 14:57:18.249044  8384 thread_intergrate.hpp:164] T-Intergrate-intergrate Show face :0, size :640 * 360
I1014 14:57:18.249689  8380 demo_inner.hpp:435] thread [SORT-0]  frame id 75 sorting queue size 2   FPS: 29.8211
I1014 14:57:18.257498  8383 work_thread.hpp:81]  [T-Work-Recog_1] Run work: WorkCompare
I1014 14:57:18.257926  8383 work_compare.cpp:76] Compare face: 0 successed, similarity :0.996924, name : images/ThangLMb.jpg, normal size : 1548 * 1719!
I1014 14:57:18.267652  8378 demo_inner.hpp:177] decode queue size 0
I1014 14:57:18.267761  8381 work_thread.hpp:81]  [T-Work-Detect_0] Run work: WorkDetect
I1014 14:57:18.267797  8381 work_detect.cpp:102] Succeeded to add det start for frame 76
I1014 14:57:18.274760  8381 work_detect.cpp:70] Frame :76 detect result :1 face(s)
I1014 14:57:18.274804  8381 work_detect.cpp:86] Detected bbox: [159 x 216 from (294, 128)]
I1014 14:57:18.274847  8381 work_detect.cpp:120] Succeeded to add det end for frame 76
I1014 14:57:18.274863  8381 work_thread.hpp:81]  [T-Work-Detect_0] Run work: WrokTrack
I1014 14:57:18.274888  8381 work_track.cpp:82] Frame: 76 build input_characts: [0.248437 x 0.6 from (0.459375, 0.355556)], 1.00019, 0
I1014 14:57:18.274941  8381 work_track.cpp:102] Succeeded to set track lock for frame 76
I1014 14:57:18.274982  8381 work_track.cpp:116] Succeeded to release track lock for frame 76
I1014 14:57:18.274997  8381 work_track.cpp:120] Track results of frame 76: 1 objects input, 1 objects tracked!
I1014 14:57:18.275014  8381 work_track.cpp:148] Frame: 76, track bbox: [159 x 216 from (294.037, 127.691)], gid: 0, lid: 0
I1014 14:57:18.275050  8381 work_thread.hpp:87]  [T-Work-Detect_0] Frame :76 split
I1014 14:57:18.275068  8381 work_thread.hpp:120]  [T-Work-Detect_0] Valid piece: gid = 0
I1014 14:57:18.275086  8381 work_thread.hpp:91]  [T-Work-Detect_0] Push to split queue:recog
I1014 14:57:18.275123  8383 work_thread.hpp:81]  [T-Work-Recog_1] Run work: WorkCapture
I1014 14:57:18.275135  8384 thread_intergrate.hpp:78] [T-Intergrate-intergrate] queue: frame output frame :76
I1014 14:57:18.275163  8384 thread_intergrate.hpp:85] [T-Intergrate-intergrate] queue: compare output face:0
I1014 14:57:18.275182  8384 thread_intergrate.hpp:144] T-Intergrate-intergrate set matched face: 0
I1014 14:57:18.275746  8383 work_thread.hpp:81]  [T-Work-Recog_1] Run work: WorkRecog
I1014 14:57:18.275770  8383 work_recog.hpp:89] Face id: 0 will run recog: bbox [159 x 216 from (294, 128)] quality: 0.48468
I1014 14:57:18.275800  8383 work_recog.hpp:96] Recog pair: [232 x 280 from (256, 80)], [159 x 216 from (38, 48)]
I1014 14:57:18.277341  8379 demo_inner.hpp:260]  gui queue size 2, state = running
I1014 14:57:18.287477  8384 thread_intergrate.hpp:164] T-Intergrate-intergrate Show face :0, size :640 * 360
I1014 14:57:18.288244  8380 demo_inner.hpp:435] thread [SORT-0]  frame id 76 sorting queue size 0   FPS: 29.7767
I1014 14:57:18.296227  8383 work_thread.hpp:81]  [T-Work-Recog_1] Run work: WorkCompare
I1014 14:57:18.296691  8383 work_compare.cpp:76] Compare face: 0 successed, similarity :0.993631, name : images/ThangLMb.jpg, normal size : 1548 * 1719!
I1014 14:57:18.297951  8378 demo_inner.hpp:177] decode queue size 0
I1014 14:57:18.298024  8381 work_thread.hpp:81]  [T-Work-Detect_0] Run work: WorkDetect
I1014 14:57:18.298056  8381 work_detect.cpp:102] Succeeded to add det start for frame 77
I1014 14:57:18.304862  8381 work_detect.cpp:70] Frame :77 detect result :1 face(s)
I1014 14:57:18.304908  8381 work_detect.cpp:86] Detected bbox: [173 x 224 from (296, 124)]
I1014 14:57:18.304949  8381 work_detect.cpp:120] Succeeded to add det end for frame 77
I1014 14:57:18.304966  8381 work_thread.hpp:81]  [T-Work-Detect_0] Run work: WrokTrack
I1014 14:57:18.304991  8381 work_track.cpp:82] Frame: 77 build input_characts: [0.270312 x 0.622222 from (0.4625, 0.344444)], 0.999622, 0
I1014 14:57:18.305119  8381 work_track.cpp:102] Succeeded to set track lock for frame 77
I1014 14:57:18.305160  8381 work_track.cpp:116] Succeeded to release track lock for frame 77
I1014 14:57:18.305174  8381 work_track.cpp:120] Track results of frame 77: 1 objects input, 1 objects tracked!
I1014 14:57:18.305192  8381 work_track.cpp:148] Frame: 77, track bbox: [173 x 224 from (292.006, 124.004)], gid: 0, lid: 0
I1014 14:57:18.305228  8381 work_thread.hpp:87]  [T-Work-Detect_0] Frame :77 split
I1014 14:57:18.305246  8381 work_thread.hpp:120]  [T-Work-Detect_0] Valid piece: gid = 0
I1014 14:57:18.305264  8381 work_thread.hpp:91]  [T-Work-Detect_0] Push to split queue:recog
I1014 14:57:18.305305  8383 work_thread.hpp:81]  [T-Work-Recog_1] Run work: WorkCapture
I1014 14:57:18.305315  8384 thread_intergrate.hpp:78] [T-Intergrate-intergrate] queue: frame output frame :77
I1014 14:57:18.305344  8384 thread_intergrate.hpp:85] [T-Intergrate-intergrate] queue: compare output face:0
I1014 14:57:18.305372  8384 thread_intergrate.hpp:144] T-Intergrate-intergrate set matched face: 0
I1014 14:57:18.305877  8383 work_thread.hpp:81]  [T-Work-Recog_1] Run work: WorkRecog
I1014 14:57:18.305902  8383 work_recog.hpp:89] Face id: 0 will run recog: bbox [173 x 224 from (296, 124)] quality: 0.48554
I1014 14:57:18.305929  8383 work_recog.hpp:96] Recog pair: [248 x 280 from (256, 80)], [173 x 224 from (40, 44)]
I1014 14:57:18.317346  8384 thread_intergrate.hpp:164] T-Intergrate-intergrate Show face :0, size :640 * 360
I1014 14:57:18.318102  8380 demo_inner.hpp:435] thread [SORT-0]  frame id 77 sorting queue size 1   FPS: 29.7767
I1014 14:57:18.323529  8383 work_thread.hpp:81]  [T-Work-Recog_1] Run work: WorkCompare
I1014 14:57:18.323957  8383 work_compare.cpp:76] Compare face: 0 successed, similarity :0.995813, name : images/ThangLMb.jpg, normal size : 1548 * 1719!
I1014 14:57:18.333791  8378 demo_inner.hpp:177] decode queue size 0
I1014 14:57:18.333905  8381 work_thread.hpp:81]  [T-Work-Detect_0] Run work: WorkDetect
I1014 14:57:18.333943  8381 work_detect.cpp:102] Succeeded to add det start for frame 78
I1014 14:57:18.340821  8381 work_detect.cpp:70] Frame :78 detect result :1 face(s)
I1014 14:57:18.340862  8381 work_detect.cpp:86] Detected bbox: [174 x 222 from (296, 129)]
I1014 14:57:18.340905  8381 work_detect.cpp:120] Succeeded to add det end for frame 78
I1014 14:57:18.340921  8381 work_thread.hpp:81]  [T-Work-Detect_0] Run work: WrokTrack
I1014 14:57:18.340946  8381 work_track.cpp:82] Frame: 78 build input_characts: [0.271875 x 0.616667 from (0.4625, 0.358333)], 1.00035, 0
I1014 14:57:18.341001  8381 work_track.cpp:102] Succeeded to set track lock for frame 78
I1014 14:57:18.341040  8381 work_track.cpp:116] Succeeded to release track lock for frame 78
I1014 14:57:18.341055  8381 work_track.cpp:120] Track results of frame 78: 1 objects input, 1 objects tracked!
I1014 14:57:18.341073  8381 work_track.cpp:148] Frame: 78, track bbox: [174 x 222 from (294.991, 127.143)], gid: 0, lid: 0
I1014 14:57:18.341109  8381 work_thread.hpp:87]  [T-Work-Detect_0] Frame :78 split
I1014 14:57:18.341126  8381 work_thread.hpp:120]  [T-Work-Detect_0] Valid piece: gid = 0
I1014 14:57:18.341143  8381 work_thread.hpp:91]  [T-Work-Detect_0] Push to split queue:recog
I1014 14:57:18.341202  8384 thread_intergrate.hpp:78] [T-Intergrate-intergrate] queue: frame output frame :78
I1014 14:57:18.341228  8382 work_thread.hpp:81]  [T-Work-Recog_0] Run work: WorkCapture
I1014 14:57:18.341228  8384 thread_intergrate.hpp:85] [T-Intergrate-intergrate] queue: compare output face:0
I1014 14:57:18.341266  8384 thread_intergrate.hpp:144] T-Intergrate-intergrate set matched face: 0
I1014 14:57:18.341856  8382 work_thread.hpp:81]  [T-Work-Recog_0] Run work: WorkRecog
I1014 14:57:18.341884  8382 work_recog.hpp:89] Face id: 0 will run recog: bbox [174 x 222 from (296, 129)] quality: 0.464907
I1014 14:57:18.341944  8382 work_recog.hpp:96] Recog pair: [248 x 280 from (256, 80)], [174 x 222 from (40, 49)]
I1014 14:57:18.343201  8379 demo_inner.hpp:260]  gui queue size 1, state = running
I1014 14:57:18.351150  8384 thread_intergrate.hpp:164] T-Intergrate-intergrate Show face :0, size :640 * 360
I1014 14:57:18.351936  8380 demo_inner.hpp:435] thread [SORT-0]  frame id 78 sorting queue size 0   FPS: 29.8063
I1014 14:57:18.360677  8382 work_thread.hpp:81]  [T-Work-Recog_0] Run work: WorkCompare
I1014 14:57:18.361196  8382 work_compare.cpp:76] Compare face: 0 successed, similarity :0.99516, name : images/ThangLMb.jpg, normal size : 1548 * 1719!
I1014 14:57:18.364048  8378 demo_inner.hpp:177] decode queue size 0
I1014 14:57:18.364120  8381 work_thread.hpp:81]  [T-Work-Detect_0] Run work: WorkDetect
I1014 14:57:18.364154  8381 work_detect.cpp:102] Succeeded to add det start for frame 79
I1014 14:57:18.370970  8381 work_detect.cpp:70] Frame :79 detect result :1 face(s)
I1014 14:57:18.371016  8381 work_detect.cpp:86] Detected bbox: [156 x 214 from (296, 129)]
I1014 14:57:18.371058  8381 work_detect.cpp:120] Succeeded to add det end for frame 79
I1014 14:57:18.371075  8381 work_thread.hpp:81]  [T-Work-Detect_0] Run work: WrokTrack
I1014 14:57:18.371099  8381 work_track.cpp:82] Frame: 79 build input_characts: [0.24375 x 0.594444 from (0.4625, 0.358333)], 1.00019, 0
I1014 14:57:18.371155  8381 work_track.cpp:102] Succeeded to set track lock for frame 79
I1014 14:57:18.371196  8381 work_track.cpp:116] Succeeded to release track lock for frame 79
I1014 14:57:18.371210  8381 work_track.cpp:120] Track results of frame 79: 1 objects input, 1 objects tracked!
I1014 14:57:18.371228  8381 work_track.cpp:148] Frame: 79, track bbox: [156 x 214 from (301.619, 131.041)], gid: 0, lid: 0
I1014 14:57:18.371265  8381 work_thread.hpp:87]  [T-Work-Detect_0] Frame :79 split
I1014 14:57:18.371282  8381 work_thread.hpp:120]  [T-Work-Detect_0] Valid piece: gid = 0
I1014 14:57:18.371300  8381 work_thread.hpp:91]  [T-Work-Detect_0] Push to split queue:recog
I1014 14:57:18.371356  8382 work_thread.hpp:81]  [T-Work-Recog_0] Run work: WorkCapture
I1014 14:57:18.371367  8384 thread_intergrate.hpp:78] [T-Intergrate-intergrate] queue: frame output frame :79
I1014 14:57:18.371392  8384 thread_intergrate.hpp:85] [T-Intergrate-intergrate] queue: compare output face:0
I1014 14:57:18.371410  8384 thread_intergrate.hpp:144] T-Intergrate-intergrate set matched face: 0
I1014 14:57:18.372066  8382 work_thread.hpp:81]  [T-Work-Recog_0] Run work: WorkRecog
I1014 14:57:18.372095  8382 work_recog.hpp:89] Face id: 0 will run recog: bbox [156 x 214 from (296, 129)] quality: 0.475399
I1014 14:57:18.372130  8382 work_recog.hpp:96] Recog pair: [224 x 280 from (264, 80)], [156 x 214 from (32, 49)]
I1014 14:57:18.381090  8384 thread_intergrate.hpp:164] T-Intergrate-intergrate Show face :0, size :640 * 360
I1014 14:57:18.381991  8380 demo_inner.hpp:435] thread [SORT-0]  frame id 79 sorting queue size 1   FPS: 29.8063
I1014 14:57:18.390228  8382 work_thread.hpp:81]  [T-Work-Recog_0] Run work: WorkCompare
I1014 14:57:18.390792  8382 work_compare.cpp:76] Compare face: 0 successed, similarity :0.994011, name : images/ThangLMb.jpg, normal size : 1548 * 1719!
I1014 14:57:18.399775  8378 demo_inner.hpp:177] decode queue size 0
I1014 14:57:18.399890  8381 work_thread.hpp:81]  [T-Work-Detect_0] Run work: WorkDetect
I1014 14:57:18.399929  8381 work_detect.cpp:102] Succeeded to add det start for frame 80
I1014 14:57:18.406816  8381 work_detect.cpp:70] Frame :80 detect result :1 face(s)
I1014 14:57:18.406857  8381 work_detect.cpp:86] Detected bbox: [163 x 220 from (294, 128)]
I1014 14:57:18.406899  8381 work_detect.cpp:120] Succeeded to add det end for frame 80
I1014 14:57:18.406915  8381 work_thread.hpp:81]  [T-Work-Detect_0] Run work: WrokTrack
I1014 14:57:18.406940  8381 work_track.cpp:82] Frame: 80 build input_characts: [0.254687 x 0.611111 from (0.459375, 0.355556)], 1.00019, 0
I1014 14:57:18.406996  8381 work_track.cpp:102] Succeeded to set track lock for frame 80
I1014 14:57:18.407037  8381 work_track.cpp:116] Succeeded to release track lock for frame 80
I1014 14:57:18.407052  8381 work_track.cpp:120] Track results of frame 80: 1 objects input, 1 objects tracked!
I1014 14:57:18.407142  8381 work_track.cpp:148] Frame: 80, track bbox: [163 x 220 from (296.301, 127.815)], gid: 0, lid: 0
I1014 14:57:18.407181  8381 work_thread.hpp:87]  [T-Work-Detect_0] Frame :80 split
I1014 14:57:18.407199  8381 work_thread.hpp:120]  [T-Work-Detect_0] Valid piece: gid = 0
I1014 14:57:18.407217  8381 work_thread.hpp:91]  [T-Work-Detect_0] Push to split queue:recog
I1014 14:57:18.407263  8382 work_thread.hpp:81]  [T-Work-Recog_0] Run work: WorkCapture
I1014 14:57:18.407271  8384 thread_intergrate.hpp:78] [T-Intergrate-intergrate] queue: frame output frame :80
I1014 14:57:18.407296  8384 thread_intergrate.hpp:85] [T-Intergrate-intergrate] queue: compare output face:0
I1014 14:57:18.407315  8384 thread_intergrate.hpp:144] T-Intergrate-intergrate set matched face: 0
I1014 14:57:18.407903  8382 work_thread.hpp:81]  [T-Work-Recog_0] Run work: WorkRecog
I1014 14:57:18.407930  8382 work_recog.hpp:89] Face id: 0 will run recog: bbox [163 x 220 from (294, 128)] quality: 0.482066
I1014 14:57:18.407963  8382 work_recog.hpp:96] Recog pair: [240 x 280 from (256, 80)], [163 x 220 from (38, 48)]
I1014 14:57:18.415531  8379 demo_inner.hpp:260]  gui queue size 1, state = running
I1014 14:57:18.417173  8384 thread_intergrate.hpp:164] T-Intergrate-intergrate Show face :0, size :640 * 360
I1014 14:57:18.418093  8380 demo_inner.hpp:435] thread [SORT-0]  frame id 80 sorting queue size 0   FPS: 29.8063
I1014 14:57:18.426147  8382 work_thread.hpp:81]  [T-Work-Recog_0] Run work: WorkCompare
I1014 14:57:18.426755  8382 work_compare.cpp:76] Compare face: 0 successed, similarity :0.996852, name : images/ThangLMb.jpg, normal size : 1548 * 1719!
I1014 14:57:18.430083  8378 demo_inner.hpp:177] decode queue size 0
I1014 14:57:18.430168  8381 work_thread.hpp:81]  [T-Work-Detect_0] Run work: WorkDetect
I1014 14:57:18.430204  8381 work_detect.cpp:102] Succeeded to add det start for frame 81
I1014 14:57:18.437036  8381 work_detect.cpp:70] Frame :81 detect result :1 face(s)
I1014 14:57:18.437081  8381 work_detect.cpp:86] Detected bbox: [162 x 220 from (293, 126)]
I1014 14:57:18.437124  8381 work_detect.cpp:120] Succeeded to add det end for frame 81
I1014 14:57:18.437141  8381 work_thread.hpp:81]  [T-Work-Detect_0] Run work: WrokTrack
I1014 14:57:18.437165  8381 work_track.cpp:82] Frame: 81 build input_characts: [0.253125 x 0.611111 from (0.457812, 0.35)], 1.00019, 0
I1014 14:57:18.437220  8381 work_track.cpp:102] Succeeded to set track lock for frame 81
I1014 14:57:18.437261  8381 work_track.cpp:116] Succeeded to release track lock for frame 81
I1014 14:57:18.437276  8381 work_track.cpp:120] Track results of frame 81: 1 objects input, 1 objects tracked!
I1014 14:57:18.437294  8381 work_track.cpp:148] Frame: 81, track bbox: [162 x 220 from (294.144, 127.144)], gid: 0, lid: 0
I1014 14:57:18.437330  8381 work_thread.hpp:87]  [T-Work-Detect_0] Frame :81 split
I1014 14:57:18.437348  8381 work_thread.hpp:120]  [T-Work-Detect_0] Valid piece: gid = 0
I1014 14:57:18.437366  8381 work_thread.hpp:91]  [T-Work-Detect_0] Push to split queue:recog
I1014 14:57:18.437422  8384 thread_intergrate.hpp:78] [T-Intergrate-intergrate] queue: frame output frame :81
I1014 14:57:18.437407  8382 work_thread.hpp:81]  [T-Work-Recog_0] Run work: WorkCapture
I1014 14:57:18.437448  8384 thread_intergrate.hpp:85] [T-Intergrate-intergrate] queue: compare output face:0
I1014 14:57:18.437465  8384 thread_intergrate.hpp:144] T-Intergrate-intergrate set matched face: 0
I1014 14:57:18.438108  8382 work_thread.hpp:81]  [T-Work-Recog_0] Run work: WorkRecog
I1014 14:57:18.438161  8382 work_recog.hpp:89] Face id: 0 will run recog: bbox [162 x 220 from (293, 126)] quality: 0.482918
I1014 14:57:18.438196  8382 work_recog.hpp:96] Recog pair: [232 x 280 from (256, 80)], [162 x 220 from (37, 46)]
I1014 14:57:18.447194  8384 thread_intergrate.hpp:164] T-Intergrate-intergrate Show face :0, size :640 * 360
I1014 14:57:18.447880  8380 demo_inner.hpp:435] thread [SORT-0]  frame id 81 sorting queue size 1   FPS: 29.9551
I1014 14:57:18.456492  8382 work_thread.hpp:81]  [T-Work-Recog_0] Run work: WorkCompare
I1014 14:57:18.457103  8382 work_compare.cpp:76] Compare face: 0 successed, similarity :0.996742, name : images/ThangLMb.jpg, normal size : 1548 * 1719!
I1014 14:57:18.465904  8378 demo_inner.hpp:177] decode queue size 0
I1014 14:57:18.466013  8381 work_thread.hpp:81]  [T-Work-Detect_0] Run work: WorkDetect
I1014 14:57:18.466051  8381 work_detect.cpp:102] Succeeded to add det start for frame 82
I1014 14:57:18.472988  8381 work_detect.cpp:70] Frame :82 detect result :1 face(s)
I1014 14:57:18.473032  8381 work_detect.cpp:86] Detected bbox: [160 x 220 from (294, 126)]
I1014 14:57:18.473075  8381 work_detect.cpp:120] Succeeded to add det end for frame 82
I1014 14:57:18.473091  8381 work_thread.hpp:81]  [T-Work-Detect_0] Run work: WrokTrack
I1014 14:57:18.473116  8381 work_track.cpp:82] Frame: 82 build input_characts: [0.25 x 0.611111 from (0.459375, 0.35)], 1.00019, 0
I1014 14:57:18.473172  8381 work_track.cpp:102] Succeeded to set track lock for frame 82
I1014 14:57:18.473212  8381 work_track.cpp:116] Succeeded to release track lock for frame 82
I1014 14:57:18.473227  8381 work_track.cpp:120] Track results of frame 82: 1 objects input, 1 objects tracked!
I1014 14:57:18.473245  8381 work_track.cpp:148] Frame: 82, track bbox: [160 x 220 from (292.349, 126.297)], gid: 0, lid: 0
I1014 14:57:18.473280  8381 work_thread.hpp:87]  [T-Work-Detect_0] Frame :82 split
I1014 14:57:18.473299  8381 work_thread.hpp:120]  [T-Work-Detect_0] Valid piece: gid = 0
I1014 14:57:18.473316  8381 work_thread.hpp:91]  [T-Work-Detect_0] Push to split queue:recog
I1014 14:57:18.473362  8382 work_thread.hpp:81]  [T-Work-Recog_0] Run work: WorkCapture
I1014 14:57:18.473373  8384 thread_intergrate.hpp:78] [T-Intergrate-intergrate] queue: frame output frame :82
I1014 14:57:18.473398  8384 thread_intergrate.hpp:85] [T-Intergrate-intergrate] queue: compare output face:0
I1014 14:57:18.473417  8384 thread_intergrate.hpp:144] T-Intergrate-intergrate set matched face: 0
I1014 14:57:18.474072  8382 work_thread.hpp:81]  [T-Work-Recog_0] Run work: WorkRecog
I1014 14:57:18.474102  8382 work_recog.hpp:89] Face id: 0 will run recog: bbox [160 x 220 from (294, 126)] quality: 0.480819
I1014 14:57:18.474138  8382 work_recog.hpp:96] Recog pair: [232 x 280 from (256, 80)], [160 x 220 from (38, 46)]
I1014 14:57:18.483194  8384 thread_intergrate.hpp:164] T-Intergrate-intergrate Show face :0, size :640 * 360
I1014 14:57:18.483899  8380 demo_inner.hpp:435] thread [SORT-0]  frame id 82 sorting queue size 2   FPS: 29.9401
I1014 14:57:18.492460  8382 work_thread.hpp:81]  [T-Work-Recog_0] Run work: WorkCompare
I1014 14:57:18.492978  8382 work_compare.cpp:76] Compare face: 0 successed, similarity :0.996157, name : images/ThangLMb.jpg, normal size : 1548 * 1719!
I1014 14:57:18.493566  8379 demo_inner.hpp:260]  gui queue size 2, state = running
I1014 14:57:18.496300  8378 demo_inner.hpp:177] decode queue size 0
I1014 14:57:18.496433  8381 work_thread.hpp:81]  [T-Work-Detect_0] Run work: WorkDetect
I1014 14:57:18.496472  8381 work_detect.cpp:102] Succeeded to add det start for frame 83
I1014 14:57:18.503304  8381 work_detect.cpp:70] Frame :83 detect result :1 face(s)
I1014 14:57:18.503346  8381 work_detect.cpp:86] Detected bbox: [161 x 220 from (293, 127)]
I1014 14:57:18.503391  8381 work_detect.cpp:120] Succeeded to add det end for frame 83
I1014 14:57:18.503407  8381 work_thread.hpp:81]  [T-Work-Detect_0] Run work: WrokTrack
I1014 14:57:18.503432  8381 work_track.cpp:82] Frame: 83 build input_characts: [0.251563 x 0.611111 from (0.457812, 0.352778)], 1.00019, 0
I1014 14:57:18.503486  8381 work_track.cpp:102] Succeeded to set track lock for frame 83
I1014 14:57:18.503526  8381 work_track.cpp:116] Succeeded to release track lock for frame 83
I1014 14:57:18.503541  8381 work_track.cpp:120] Track results of frame 83: 1 objects input, 1 objects tracked!
I1014 14:57:18.503559  8381 work_track.cpp:148] Frame: 83, track bbox: [161 x 220 from (291.709, 125.956)], gid: 0, lid: 0
I1014 14:57:18.503604  8381 work_thread.hpp:87]  [T-Work-Detect_0] Frame :83 split
I1014 14:57:18.503695  8381 work_thread.hpp:120]  [T-Work-Detect_0] Valid piece: gid = 0
I1014 14:57:18.503716  8381 work_thread.hpp:91]  [T-Work-Detect_0] Push to split queue:recog
I1014 14:57:18.503763  8383 work_thread.hpp:81]  [T-Work-Recog_1] Run work: WorkCapture
I1014 14:57:18.503767  8384 thread_intergrate.hpp:78] [T-Intergrate-intergrate] queue: frame output frame :83
I1014 14:57:18.503808  8384 thread_intergrate.hpp:85] [T-Intergrate-intergrate] queue: compare output face:0
I1014 14:57:18.503826  8384 thread_intergrate.hpp:144] T-Intergrate-intergrate set matched face: 0
I1014 14:57:18.504514  8383 work_thread.hpp:81]  [T-Work-Recog_1] Run work: WorkRecog
I1014 14:57:18.504541  8383 work_recog.hpp:89] Face id: 0 will run recog: bbox [161 x 220 from (293, 127)] quality: 0.480819
I1014 14:57:18.504585  8383 work_recog.hpp:96] Recog pair: [232 x 280 from (256, 80)], [161 x 220 from (37, 47)]
I1014 14:57:18.513587  8384 thread_intergrate.hpp:164] T-Intergrate-intergrate Show face :0, size :640 * 360
I1014 14:57:18.514163  8380 demo_inner.hpp:435] thread [SORT-0]  frame id 83 sorting queue size 0   FPS: 30.015
I1014 14:57:18.522514  8383 work_thread.hpp:81]  [T-Work-Recog_1] Run work: WorkCompare
I1014 14:57:18.523031  8383 work_compare.cpp:76] Compare face: 0 successed, similarity :0.997204, name : images/ThangLMb.jpg, normal size : 1548 * 1719!
I1014 14:57:18.531801  8378 demo_inner.hpp:177] decode queue size 0
I1014 14:57:18.531917  8381 work_thread.hpp:81]  [T-Work-Detect_0] Run work: WorkDetect
I1014 14:57:18.531955  8381 work_detect.cpp:102] Succeeded to add det start for frame 84
I1014 14:57:18.538785  8381 work_detect.cpp:70] Frame :84 detect result :1 face(s)
I1014 14:57:18.538837  8381 work_detect.cpp:86] Detected bbox: [167 x 225 from (291, 124)]
I1014 14:57:18.538880  8381 work_detect.cpp:120] Succeeded to add det end for frame 84
I1014 14:57:18.538897  8381 work_thread.hpp:81]  [T-Work-Detect_0] Run work: WrokTrack
I1014 14:57:18.538923  8381 work_track.cpp:82] Frame: 84 build input_characts: [0.260938 x 0.625 from (0.454688, 0.344444)], 1.00019, 0
I1014 14:57:18.538977  8381 work_track.cpp:102] Succeeded to set track lock for frame 84
I1014 14:57:18.539017  8381 work_track.cpp:116] Succeeded to release track lock for frame 84
I1014 14:57:18.539032  8381 work_track.cpp:120] Track results of frame 84: 1 objects input, 1 objects tracked!
I1014 14:57:18.539050  8381 work_track.cpp:148] Frame: 84, track bbox: [167 x 225 from (290.532, 124.05)], gid: 0, lid: 0
I1014 14:57:18.539085  8381 work_thread.hpp:87]  [T-Work-Detect_0] Frame :84 split
I1014 14:57:18.539103  8381 work_thread.hpp:120]  [T-Work-Detect_0] Valid piece: gid = 0
I1014 14:57:18.539121  8381 work_thread.hpp:91]  [T-Work-Detect_0] Push to split queue:recog
I1014 14:57:18.539176  8383 work_thread.hpp:81]  [T-Work-Recog_1] Run work: WorkCapture
