I1014 15:01:21.345122  8473 work_thread.hpp:81]  [T-Work-Recog_0] Run work: WorkRecog
W1014 15:01:21.345144  8473 work_recog.hpp:118] Face id: 6 has low quality : 0.0411309, no need to recog
I1014 15:01:21.345194  8473 work_thread.hpp:81]  [T-Work-Recog_0] Run work: WorkCompare
I1014 15:01:21.346014  8475 thread_intergrate.hpp:168] T-Intergrate-intergrate Show face :3, size :640 * 360
I1014 15:01:21.346509  8471 demo_inner.hpp:435] thread [SORT-0]  frame id 93 sorting queue size 0   FPS: 29.9401
I1014 15:01:21.373039  8469 demo_inner.hpp:177] decode queue size 0
I1014 15:01:21.373150  8472 work_thread.hpp:81]  [T-Work-Detect_0] Run work: WorkDetect
I1014 15:01:21.373186  8472 work_detect.cpp:102] Succeeded to add det start for frame 94
I1014 15:01:21.379859  8472 work_detect.cpp:70] Frame :94 detect result :2 face(s)
W1014 15:01:21.379904  8472 work_detect.cpp:83] Invalid bbox: [187 x 217 from (229, 156)]
I1014 15:01:21.379990  8472 work_detect.cpp:86] Detected bbox: [55 x 51 from (96, 210)]
I1014 15:01:21.380036  8472 work_detect.cpp:120] Succeeded to add det end for frame 94
I1014 15:01:21.380053  8472 work_thread.hpp:81]  [T-Work-Detect_0] Run work: WrokTrack
I1014 15:01:21.380076  8472 work_track.cpp:82] Frame: 94 build input_characts: [0.0859375 x 0.141667 from (0.15, 0.583333)], 0.959737, 0
I1014 15:01:21.380196  8472 work_track.cpp:102] Succeeded to set track lock for frame 94
I1014 15:01:21.380237  8472 work_track.cpp:116] Succeeded to release track lock for frame 94
I1014 15:01:21.380252  8472 work_track.cpp:120] Track results of frame 94: 1 objects input, 1 objects tracked!
I1014 15:01:21.380270  8472 work_track.cpp:148] Frame: 94, track bbox: [55 x 51 from (95.9838, 210.151)], gid: 6, lid: 0
I1014 15:01:21.380306  8472 work_thread.hpp:87]  [T-Work-Detect_0] Frame :94 split
I1014 15:01:21.380326  8472 work_thread.hpp:120]  [T-Work-Detect_0] Valid piece: gid = 6
I1014 15:01:21.380343  8472 work_thread.hpp:91]  [T-Work-Detect_0] Push to split queue:recog
I1014 15:01:21.380386  8474 work_thread.hpp:81]  [T-Work-Recog_1] Run work: WorkCapture
I1014 15:01:21.380394  8475 thread_intergrate.hpp:78] [T-Intergrate-intergrate] queue: frame output frame :94
I1014 15:01:21.380877  8474 work_thread.hpp:81]  [T-Work-Recog_1] Run work: WorkRecog
W1014 15:01:21.380898  8474 work_recog.hpp:118] Face id: 6 has low quality : 0.0238412, no need to recog
I1014 15:01:21.380976  8474 work_thread.hpp:81]  [T-Work-Recog_1] Run work: WorkCompare
I1014 15:01:21.381510  8475 thread_intergrate.hpp:168] T-Intergrate-intergrate Show face :3, size :640 * 360
I1014 15:01:21.382192  8471 demo_inner.hpp:435] thread [SORT-0]  frame id 94 sorting queue size 1   FPS: 29.97
I1014 15:01:21.403237  8469 demo_inner.hpp:177] decode queue size 0
I1014 15:01:21.403343  8472 work_thread.hpp:81]  [T-Work-Detect_0] Run work: WorkDetect
I1014 15:01:21.403378  8472 work_detect.cpp:102] Succeeded to add det start for frame 95
I1014 15:01:21.407689  8470 demo_inner.hpp:260]  gui queue size 1, state = running
I1014 15:01:21.410449  8472 work_detect.cpp:70] Frame :95 detect result :2 face(s)
W1014 15:01:21.410506  8472 work_detect.cpp:83] Invalid bbox: [180 x 212 from (216, 159)]
I1014 15:01:21.410604  8472 work_detect.cpp:86] Detected bbox: [56 x 54 from (95, 208)]
I1014 15:01:21.410656  8472 work_detect.cpp:120] Succeeded to add det end for frame 95
I1014 15:01:21.410672  8472 work_thread.hpp:81]  [T-Work-Detect_0] Run work: WrokTrack
I1014 15:01:21.410699  8472 work_track.cpp:82] Frame: 95 build input_characts: [0.0875 x 0.15 from (0.148438, 0.577778)], 0.955078, 0
I1014 15:01:21.410761  8472 work_track.cpp:102] Succeeded to set track lock for frame 95
I1014 15:01:21.410806  8472 work_track.cpp:116] Succeeded to release track lock for frame 95
I1014 15:01:21.410821  8472 work_track.cpp:120] Track results of frame 95: 1 objects input, 1 objects tracked!
I1014 15:01:21.410840  8472 work_track.cpp:148] Frame: 95, track bbox: [56 x 54 from (95.0716, 207.983)], gid: 6, lid: 0
I1014 15:01:21.410877  8472 work_thread.hpp:87]  [T-Work-Detect_0] Frame :95 split
I1014 15:01:21.410894  8472 work_thread.hpp:120]  [T-Work-Detect_0] Valid piece: gid = 6
I1014 15:01:21.410913  8472 work_thread.hpp:91]  [T-Work-Detect_0] Push to split queue:recog
I1014 15:01:21.410980  8474 work_thread.hpp:81]  [T-Work-Recog_1] Run work: WorkCapture
I1014 15:01:21.410989  8475 thread_intergrate.hpp:78] [T-Intergrate-intergrate] queue: frame output frame :95
I1014 15:01:21.411526  8474 work_thread.hpp:81]  [T-Work-Recog_1] Run work: WorkRecog
W1014 15:01:21.411550  8474 work_recog.hpp:118] Face id: 6 has low quality : 0.0298036, no need to recog
I1014 15:01:21.411624  8474 work_thread.hpp:81]  [T-Work-Recog_1] Run work: WorkCompare
I1014 15:01:21.412115  8475 thread_intergrate.hpp:168] T-Intergrate-intergrate Show face :3, size :640 * 360
I1014 15:01:21.412647  8471 demo_inner.hpp:435] thread [SORT-0]  frame id 95 sorting queue size 0   FPS: 29.9401
I1014 15:01:21.439069  8469 demo_inner.hpp:177] decode queue size 0
I1014 15:01:21.439180  8472 work_thread.hpp:81]  [T-Work-Detect_0] Run work: WorkDetect
I1014 15:01:21.439215  8472 work_detect.cpp:102] Succeeded to add det start for frame 96
I1014 15:01:21.446103  8472 work_detect.cpp:70] Frame :96 detect result :2 face(s)
W1014 15:01:21.446154  8472 work_detect.cpp:83] Invalid bbox: [183 x 212 from (232, 158)]
I1014 15:01:21.446290  8472 work_detect.cpp:86] Detected bbox: [55 x 53 from (96, 209)]
I1014 15:01:21.446337  8472 work_detect.cpp:120] Succeeded to add det end for frame 96
I1014 15:01:21.446353  8472 work_thread.hpp:81]  [T-Work-Detect_0] Run work: WrokTrack
I1014 15:01:21.446378  8472 work_track.cpp:82] Frame: 96 build input_characts: [0.0859375 x 0.147222 from (0.15, 0.580556)], 0.962122, 0
I1014 15:01:21.446434  8472 work_track.cpp:102] Succeeded to set track lock for frame 96
I1014 15:01:21.446476  8472 work_track.cpp:116] Succeeded to release track lock for frame 96
I1014 15:01:21.446491  8472 work_track.cpp:120] Track results of frame 96: 1 objects input, 1 objects tracked!
I1014 15:01:21.446508  8472 work_track.cpp:148] Frame: 96, track bbox: [55 x 53 from (95.7191, 208.891)], gid: 6, lid: 0
I1014 15:01:21.446542  8472 work_thread.hpp:87]  [T-Work-Detect_0] Frame :96 split
I1014 15:01:21.446559  8472 work_thread.hpp:120]  [T-Work-Detect_0] Valid piece: gid = 6
I1014 15:01:21.446578  8472 work_thread.hpp:91]  [T-Work-Detect_0] Push to split queue:recog
I1014 15:01:21.446621  8474 work_thread.hpp:81]  [T-Work-Recog_1] Run work: WorkCapture
I1014 15:01:21.446631  8475 thread_intergrate.hpp:78] [T-Intergrate-intergrate] queue: frame output frame :96
I1014 15:01:21.447113  8474 work_thread.hpp:81]  [T-Work-Recog_1] Run work: WorkRecog
W1014 15:01:21.447135  8474 work_recog.hpp:118] Face id: 6 has low quality : 0.0298027, no need to recog
I1014 15:01:21.447214  8474 work_thread.hpp:81]  [T-Work-Recog_1] Run work: WorkCompare
I1014 15:01:21.447751  8475 thread_intergrate.hpp:168] T-Intergrate-intergrate Show face :3, size :640 * 360
I1014 15:01:21.448462  8471 demo_inner.hpp:435] thread [SORT-0]  frame id 96 sorting queue size 1   FPS: 29.9551
I1014 15:01:21.469287  8469 demo_inner.hpp:177] decode queue size 0
I1014 15:01:21.469396  8472 work_thread.hpp:81]  [T-Work-Detect_0] Run work: WorkDetect
I1014 15:01:21.469432  8472 work_detect.cpp:102] Succeeded to add det start for frame 97
I1014 15:01:21.476327  8472 work_detect.cpp:70] Frame :97 detect result :2 face(s)
W1014 15:01:21.476375  8472 work_detect.cpp:83] Invalid bbox: [186 x 222 from (211, 155)]
I1014 15:01:21.476462  8472 work_detect.cpp:86] Detected bbox: [53 x 49 from (97, 214)]
I1014 15:01:21.476508  8472 work_detect.cpp:120] Succeeded to add det end for frame 97
I1014 15:01:21.476524  8472 work_thread.hpp:81]  [T-Work-Detect_0] Run work: WrokTrack
I1014 15:01:21.476549  8472 work_track.cpp:82] Frame: 97 build input_characts: [0.0828125 x 0.136111 from (0.151562, 0.594444)], 0.923714, 0
I1014 15:01:21.476605  8472 work_track.cpp:102] Succeeded to set track lock for frame 97
I1014 15:01:21.476646  8472 work_track.cpp:116] Succeeded to release track lock for frame 97
I1014 15:01:21.476661  8472 work_track.cpp:120] Track results of frame 97: 1 objects input, 1 objects tracked!
I1014 15:01:21.476680  8472 work_track.cpp:148] Frame: 97, track bbox: [53 x 49 from (96.8805, 212.43)], gid: 6, lid: 0
I1014 15:01:21.476714  8472 work_thread.hpp:87]  [T-Work-Detect_0] Frame :97 split
I1014 15:01:21.476732  8472 work_thread.hpp:120]  [T-Work-Detect_0] Valid piece: gid = 6
I1014 15:01:21.476750  8472 work_thread.hpp:91]  [T-Work-Detect_0] Push to split queue:recog
I1014 15:01:21.476796  8474 work_thread.hpp:81]  [T-Work-Recog_1] Run work: WorkCapture
I1014 15:01:21.476806  8475 thread_intergrate.hpp:78] [T-Intergrate-intergrate] queue: frame output frame :97
I1014 15:01:21.477288  8474 work_thread.hpp:81]  [T-Work-Recog_1] Run work: WorkRecog
W1014 15:01:21.477310  8474 work_recog.hpp:118] Face id: 6 has low quality : 0.013351, no need to recog
I1014 15:01:21.477365  8474 work_thread.hpp:81]  [T-Work-Recog_1] Run work: WorkCompare
I1014 15:01:21.478013  8475 thread_intergrate.hpp:168] T-Intergrate-intergrate Show face :3, size :640 * 360
I1014 15:01:21.478505  8471 demo_inner.hpp:435] thread [SORT-0]  frame id 97 sorting queue size 2   FPS: 29.9401
I1014 15:01:21.505614  8469 demo_inner.hpp:177] decode queue size 0
I1014 15:01:21.505813  8472 work_thread.hpp:81]  [T-Work-Detect_0] Run work: WorkDetect
I1014 15:01:21.505853  8472 work_detect.cpp:102] Succeeded to add det start for frame 98
I1014 15:01:21.507992  8470 demo_inner.hpp:260]  gui queue size 2, state = running
I1014 15:01:21.513046  8472 work_detect.cpp:70] Frame :98 detect result :2 face(s)
W1014 15:01:21.513104  8472 work_detect.cpp:83] Invalid bbox: [186 x 224 from (209, 154)]
I1014 15:01:21.513228  8472 work_detect.cpp:86] Detected bbox: [54 x 51 from (97, 210)]
I1014 15:01:21.513279  8472 work_detect.cpp:120] Succeeded to add det end for frame 98
I1014 15:01:21.513295  8472 work_thread.hpp:81]  [T-Work-Detect_0] Run work: WrokTrack
I1014 15:01:21.513320  8472 work_track.cpp:82] Frame: 98 build input_characts: [0.084375 x 0.141667 from (0.151562, 0.583333)], 0.905415, 0
I1014 15:01:21.513381  8472 work_track.cpp:102] Succeeded to set track lock for frame 98
I1014 15:01:21.513425  8472 work_track.cpp:116] Succeeded to release track lock for frame 98
I1014 15:01:21.513440  8472 work_track.cpp:120] Track results of frame 98: 1 objects input, 1 objects tracked!
I1014 15:01:21.513458  8472 work_track.cpp:148] Frame: 98, track bbox: [54 x 51 from (96.7142, 210.988)], gid: 6, lid: 0
I1014 15:01:21.513495  8472 work_thread.hpp:87]  [T-Work-Detect_0] Frame :98 split
I1014 15:01:21.513514  8472 work_thread.hpp:120]  [T-Work-Detect_0] Valid piece: gid = 6
I1014 15:01:21.513533  8472 work_thread.hpp:91]  [T-Work-Detect_0] Push to split queue:recog
I1014 15:01:21.513602  8473 work_thread.hpp:81]  [T-Work-Recog_0] Run work: WorkCapture
I1014 15:01:21.514048  8475 thread_intergrate.hpp:78] [T-Intergrate-intergrate] queue: frame output frame :98
I1014 15:01:21.514115  8473 work_thread.hpp:81]  [T-Work-Recog_0] Run work: WorkRecog
W1014 15:01:21.514135  8473 work_recog.hpp:118] Face id: 6 has low quality : 0.026676, no need to recog
I1014 15:01:21.514214  8473 work_thread.hpp:81]  [T-Work-Recog_0] Run work: WorkCompare
I1014 15:01:21.515177  8475 thread_intergrate.hpp:168] T-Intergrate-intergrate Show face :3, size :640 * 360
I1014 15:01:21.515725  8471 demo_inner.hpp:435] thread [SORT-0]  frame id 98 sorting queue size 0   FPS: 29.9252
I1014 15:01:21.541049  8469 demo_inner.hpp:177] decode queue size 0
I1014 15:01:21.541160  8472 work_thread.hpp:81]  [T-Work-Detect_0] Run work: WorkDetect
I1014 15:01:21.541198  8472 work_detect.cpp:102] Succeeded to add det start for frame 99
I1014 15:01:21.547948  8472 work_detect.cpp:70] Frame :99 detect result :3 face(s)
W1014 15:01:21.547998  8472 work_detect.cpp:83] Invalid bbox: [182 x 217 from (215, 158)]
I1014 15:01:21.548086  8472 work_detect.cpp:86] Detected bbox: [54 x 51 from (96, 209)]
I1014 15:01:21.548121  8472 work_detect.cpp:86] Detected bbox: [96 x 116 from (236, 231)]
I1014 15:01:21.548153  8472 work_detect.cpp:120] Succeeded to add det end for frame 99
I1014 15:01:21.548190  8472 work_thread.hpp:81]  [T-Work-Detect_0] Run work: WrokTrack
I1014 15:01:21.548216  8472 work_track.cpp:82] Frame: 99 build input_characts: [0.084375 x 0.141667 from (0.15, 0.580556)], 0.947697, 0
I1014 15:01:21.548271  8472 work_track.cpp:82] Frame: 99 build input_characts: [0.15 x 0.322222 from (0.36875, 0.641667)], 0.920305, 1
I1014 15:01:21.548305  8472 work_track.cpp:102] Succeeded to set track lock for frame 99
I1014 15:01:21.548350  8472 work_track.cpp:116] Succeeded to release track lock for frame 99
I1014 15:01:21.548365  8472 work_track.cpp:120] Track results of frame 99: 2 objects input, 1 objects tracked!
I1014 15:01:21.548383  8472 work_track.cpp:148] Frame: 99, track bbox: [54 x 51 from (96.4502, 210.213)], gid: 6, lid: 0
I1014 15:01:21.548418  8472 work_track.cpp:162] Frame: 99 lid: 2 not tracked, will set invalid
I1014 15:01:21.548434  8472 work_thread.hpp:87]  [T-Work-Detect_0] Frame :99 split
I1014 15:01:21.548449  8472 work_thread.hpp:120]  [T-Work-Detect_0] Valid piece: gid = 6
I1014 15:01:21.548467  8472 work_thread.hpp:126]  [T-Work-Detect_0] Invalid piece: lid = 2, drop it
I1014 15:01:21.548482  8472 work_thread.hpp:91]  [T-Work-Detect_0] Push to split queue:recog
I1014 15:01:21.548574  8473 work_thread.hpp:81]  [T-Work-Recog_0] Run work: WorkCapture
I1014 15:01:21.548827  8475 thread_intergrate.hpp:78] [T-Intergrate-intergrate] queue: frame output frame :99
I1014 15:01:21.549065  8473 work_thread.hpp:81]  [T-Work-Recog_0] Run work: WorkRecog
W1014 15:01:21.549087  8473 work_recog.hpp:118] Face id: 6 has low quality : 0.0266744, no need to recog
I1014 15:01:21.549140  8473 work_thread.hpp:81]  [T-Work-Recog_0] Run work: WorkCompare
I1014 15:01:21.550021  8475 thread_intergrate.hpp:168] T-Intergrate-intergrate Show face :3, size :640 * 360
I1014 15:01:21.550542  8471 demo_inner.hpp:435] thread [SORT-0]  frame id 99 sorting queue size 1   FPS: 29.97
I1014 15:01:21.571130  8469 demo_inner.hpp:177] decode queue size 0
I1014 15:01:21.571233  8472 work_thread.hpp:81]  [T-Work-Detect_0] Run work: WorkDetect
I1014 15:01:21.571269  8472 work_detect.cpp:102] Succeeded to add det start for frame 100
I1014 15:01:21.578092  8472 work_detect.cpp:70] Frame :100 detect result :2 face(s)
W1014 15:01:21.578133  8472 work_detect.cpp:83] Invalid bbox: [179 x 214 from (216, 160)]
I1014 15:01:21.578222  8472 work_detect.cpp:86] Detected bbox: [53 x 51 from (97, 212)]
I1014 15:01:21.578266  8472 work_detect.cpp:120] Succeeded to add det end for frame 100
I1014 15:01:21.578282  8472 work_thread.hpp:81]  [T-Work-Detect_0] Run work: WrokTrack
I1014 15:01:21.578306  8472 work_track.cpp:82] Frame: 100 build input_characts: [0.0828125 x 0.141667 from (0.151562, 0.588889)], 0.932491, 0
I1014 15:01:21.578361  8472 work_track.cpp:102] Succeeded to set track lock for frame 100
I1014 15:01:21.578405  8472 work_track.cpp:116] Succeeded to release track lock for frame 100
I1014 15:01:21.578419  8472 work_track.cpp:120] Track results of frame 100: 1 objects input, 1 objects tracked!
I1014 15:01:21.578438  8472 work_track.cpp:148] Frame: 100, track bbox: [53 x 51 from (97.0273, 211.063)], gid: 6, lid: 0
I1014 15:01:21.578472  8472 work_thread.hpp:87]  [T-Work-Detect_0] Frame :100 split
I1014 15:01:21.578490  8472 work_thread.hpp:120]  [T-Work-Detect_0] Valid piece: gid = 6
I1014 15:01:21.578508  8472 work_thread.hpp:91]  [T-Work-Detect_0] Push to split queue:recog
I1014 15:01:21.578557  8473 work_thread.hpp:81]  [T-Work-Recog_0] Run work: WorkCapture
I1014 15:01:21.578809  8475 thread_intergrate.hpp:78] [T-Intergrate-intergrate] queue: frame output frame :100
I1014 15:01:21.579041  8473 work_thread.hpp:81]  [T-Work-Recog_0] Run work: WorkRecog
W1014 15:01:21.579061  8473 work_recog.hpp:118] Face id: 6 has low quality : 0.023838, no need to recog
I1014 15:01:21.579115  8473 work_thread.hpp:81]  [T-Work-Recog_0] Run work: WorkCompare
I1014 15:01:21.580015  8475 thread_intergrate.hpp:168] T-Intergrate-intergrate Show face :3, size :640 * 360
I1014 15:01:21.580571  8471 demo_inner.hpp:435] thread [SORT-0]  frame id 100 sorting queue size 2   FPS: 29.9551
I1014 15:01:21.591516  8470 demo_inner.hpp:260]  gui queue size 2, state = running
I1014 15:01:21.607069  8469 demo_inner.hpp:177] decode queue size 0
I1014 15:01:21.607178  8472 work_thread.hpp:81]  [T-Work-Detect_0] Run work: WorkDetect
I1014 15:01:21.607214  8472 work_detect.cpp:102] Succeeded to add det start for frame 101
I1014 15:01:21.614073  8472 work_detect.cpp:70] Frame :101 detect result :1 face(s)
W1014 15:01:21.614122  8472 work_detect.cpp:83] Invalid bbox: [179 x 220 from (216, 156)]
I1014 15:01:21.614220  8472 work_detect.cpp:120] Succeeded to add det end for frame 101
I1014 15:01:21.614238  8472 work_thread.hpp:81]  [T-Work-Detect_0] Run work: WrokTrack
I1014 15:01:21.614266  8472 work_track.cpp:102] Succeeded to set track lock for frame 101
I1014 15:01:21.614303  8472 work_track.cpp:116] Succeeded to release track lock for frame 101
I1014 15:01:21.614317  8472 work_track.cpp:120] Track results of frame 101: 0 objects input, 1 objects tracked!
I1014 15:01:21.614336  8472 work_track.cpp:148] Frame: 101, track bbox: [53 x 51 from (97.0699, 211.249)], gid: 6, lid: -1
I1014 15:01:21.614385  8472 work_thread.hpp:87]  [T-Work-Detect_0] Frame :101 split
I1014 15:01:21.614481  8475 thread_intergrate.hpp:78] [T-Intergrate-intergrate] queue: frame output frame :101
I1014 15:01:21.615569  8475 thread_intergrate.hpp:168] T-Intergrate-intergrate Show face :3, size :640 * 360
I1014 15:01:21.616297  8471 demo_inner.hpp:435] thread [SORT-0]  frame id 101 sorting queue size 0   FPS: 29.9551
I1014 15:01:21.637266  8469 demo_inner.hpp:177] decode queue size 0
I1014 15:01:21.637368  8472 work_thread.hpp:81]  [T-Work-Detect_0] Run work: WorkDetect
I1014 15:01:21.637403  8472 work_detect.cpp:102] Succeeded to add det start for frame 102
I1014 15:01:21.644323  8472 work_detect.cpp:70] Frame :102 detect result :1 face(s)
W1014 15:01:21.644368  8472 work_detect.cpp:83] Invalid bbox: [179 x 217 from (216, 157)]
I1014 15:01:21.644469  8472 work_detect.cpp:120] Succeeded to add det end for frame 102
I1014 15:01:21.644486  8472 work_thread.hpp:81]  [T-Work-Detect_0] Run work: WrokTrack
I1014 15:01:21.644513  8472 work_track.cpp:102] Succeeded to set track lock for frame 102
I1014 15:01:21.644544  8472 work_track.cpp:116] Succeeded to release track lock for frame 102
I1014 15:01:21.644558  8472 work_track.cpp:120] Track results of frame 102: 0 objects input, 0 objects tracked!
I1014 15:01:21.644577  8472 work_thread.hpp:87]  [T-Work-Detect_0] Frame :102 split
I1014 15:01:21.644630  8475 thread_intergrate.hpp:78] [T-Intergrate-intergrate] queue: frame output frame :102
I1014 15:01:21.645717  8475 thread_intergrate.hpp:168] T-Intergrate-intergrate Show face :3, size :640 * 360
I1014 15:01:21.646417  8471 demo_inner.hpp:435] thread [SORT-0]  frame id 102 sorting queue size 1   FPS: 29.9551
I1014 15:01:21.658536  8470 demo_inner.hpp:260]  gui queue size 1, state = running
I1014 15:01:21.673082  8469 demo_inner.hpp:177] decode queue size 0
I1014 15:01:21.673190  8472 work_thread.hpp:81]  [T-Work-Detect_0] Run work: WorkDetect
I1014 15:01:21.673226  8472 work_detect.cpp:102] Succeeded to add det start for frame 103
I1014 15:01:21.679919  8472 work_detect.cpp:70] Frame :103 detect result :2 face(s)
W1014 15:01:21.679960  8472 work_detect.cpp:83] Invalid bbox: [179 x 212 from (214, 162)]
I1014 15:01:21.680049  8472 work_detect.cpp:86] Detected bbox: [54 x 50 from (97, 212)]
I1014 15:01:21.680094  8472 work_detect.cpp:120] Succeeded to add det end for frame 103
I1014 15:01:21.680109  8472 work_thread.hpp:81]  [T-Work-Detect_0] Run work: WrokTrack
I1014 15:01:21.680133  8472 work_track.cpp:82] Frame: 103 build input_characts: [0.084375 x 0.138889 from (0.151562, 0.588889)], 0.936119, 0
I1014 15:01:21.680214  8472 work_track.cpp:102] Succeeded to set track lock for frame 103
I1014 15:01:21.680256  8472 work_track.cpp:116] Succeeded to release track lock for frame 103
I1014 15:01:21.680270  8472 work_track.cpp:120] Track results of frame 103: 1 objects input, 0 objects tracked!
I1014 15:01:21.680289  8472 work_track.cpp:162] Frame: 103 lid: 1 not tracked, will set invalid
I1014 15:01:21.680305  8472 work_thread.hpp:87]  [T-Work-Detect_0] Frame :103 split
I1014 15:01:21.680321  8472 work_thread.hpp:126]  [T-Work-Detect_0] Invalid piece: lid = 1, drop it
I1014 15:01:21.680368  8475 thread_intergrate.hpp:78] [T-Intergrate-intergrate] queue: frame output frame :103
I1014 15:01:21.681457  8475 thread_intergrate.hpp:168] T-Intergrate-intergrate Show face :3, size :640 * 360
I1014 15:01:21.682166  8471 demo_inner.hpp:435] thread [SORT-0]  frame id 103 sorting queue size 0   FPS: 29.9551
I1014 15:01:21.703178  8469 demo_inner.hpp:177] decode queue size 0
I1014 15:01:21.703284  8472 work_thread.hpp:81]  [T-Work-Detect_0] Run work: WorkDetect
I1014 15:01:21.703320  8472 work_detect.cpp:102] Succeeded to add det start for frame 104
I1014 15:01:21.710213  8472 work_detect.cpp:70] Frame :104 detect result :1 face(s)
W1014 15:01:21.710258  8472 work_detect.cpp:83] Invalid bbox: [179 x 211 from (214, 161)]
I1014 15:01:21.710357  8472 work_detect.cpp:120] Succeeded to add det end for frame 104
I1014 15:01:21.710376  8472 work_thread.hpp:81]  [T-Work-Detect_0] Run work: WrokTrack
I1014 15:01:21.710448  8472 work_track.cpp:102] Succeeded to set track lock for frame 104
I1014 15:01:21.710480  8472 work_track.cpp:116] Succeeded to release track lock for frame 104
I1014 15:01:21.710495  8472 work_track.cpp:120] Track results of frame 104: 0 objects input, 0 objects tracked!
I1014 15:01:21.710513  8472 work_thread.hpp:87]  [T-Work-Detect_0] Frame :104 split
I1014 15:01:21.710566  8475 thread_intergrate.hpp:78] [T-Intergrate-intergrate] queue: frame output frame :104
I1014 15:01:21.711653  8475 thread_intergrate.hpp:168] T-Intergrate-intergrate Show face :3, size :640 * 360
I1014 15:01:21.712374  8471 demo_inner.hpp:435] thread [SORT-0]  frame id 104 sorting queue size 1   FPS: 29.9551
I1014 15:01:21.730731  8470 demo_inner.hpp:260]  gui queue size 1, state = running
I1014 15:01:21.739185  8469 demo_inner.hpp:177] decode queue size 0
I1014 15:01:21.739295  8472 work_thread.hpp:81]  [T-Work-Detect_0] Run work: WorkDetect
I1014 15:01:21.739331  8472 work_detect.cpp:102] Succeeded to add det start for frame 105
I1014 15:01:21.746289  8472 work_detect.cpp:70] Frame :105 detect result :2 face(s)
W1014 15:01:21.746332  8472 work_detect.cpp:83] Invalid bbox: [176 x 214 from (215, 158)]
I1014 15:01:21.746423  8472 work_detect.cpp:86] Detected bbox: [53 x 48 from (96, 211)]
I1014 15:01:21.746467  8472 work_detect.cpp:120] Succeeded to add det end for frame 105
I1014 15:01:21.746484  8472 work_thread.hpp:81]  [T-Work-Detect_0] Run work: WrokTrack
I1014 15:01:21.746507  8472 work_track.cpp:82] Frame: 105 build input_characts: [0.0828125 x 0.133333 from (0.15, 0.586111)], 0.969403, 0
I1014 15:01:21.746564  8472 work_track.cpp:102] Succeeded to set track lock for frame 105
I1014 15:01:21.746603  8472 work_track.cpp:116] Succeeded to release track lock for frame 105
I1014 15:01:21.746618  8472 work_track.cpp:120] Track results of frame 105: 1 objects input, 0 objects tracked!
I1014 15:01:21.746635  8472 work_track.cpp:162] Frame: 105 lid: 1 not tracked, will set invalid
I1014 15:01:21.746650  8472 work_thread.hpp:87]  [T-Work-Detect_0] Frame :105 split
I1014 15:01:21.746667  8472 work_thread.hpp:126]  [T-Work-Detect_0] Invalid piece: lid = 1, drop it
I1014 15:01:21.746716  8475 thread_intergrate.hpp:78] [T-Intergrate-intergrate] queue: frame output frame :105
I1014 15:01:21.747803  8475 thread_intergrate.hpp:168] T-Intergrate-intergrate Show face :3, size :640 * 360
I1014 15:01:21.748512  8471 demo_inner.hpp:435] thread [SORT-0]  frame id 105 sorting queue size 0   FPS: 29.97
I1014 15:01:21.769213  8469 demo_inner.hpp:177] decode queue size 0
I1014 15:01:21.769309  8472 work_thread.hpp:81]  [T-Work-Detect_0] Run work: WorkDetect
I1014 15:01:21.769345  8472 work_detect.cpp:102] Succeeded to add det start for frame 106
I1014 15:01:21.776224  8472 work_detect.cpp:70] Frame :106 detect result :1 face(s)
W1014 15:01:21.776278  8472 work_detect.cpp:83] Invalid bbox: [179 x 214 from (213, 159)]
I1014 15:01:21.776376  8472 work_detect.cpp:120] Succeeded to add det end for frame 106
I1014 15:01:21.776392  8472 work_thread.hpp:81]  [T-Work-Detect_0] Run work: WrokTrack
I1014 15:01:21.776420  8472 work_track.cpp:102] Succeeded to set track lock for frame 106
I1014 15:01:21.776451  8472 work_track.cpp:116] Succeeded to release track lock for frame 106
I1014 15:01:21.776465  8472 work_track.cpp:120] Track results of frame 106: 0 objects input, 0 objects tracked!
I1014 15:01:21.776484  8472 work_thread.hpp:87]  [T-Work-Detect_0] Frame :106 split
I1014 15:01:21.776548  8475 thread_intergrate.hpp:78] [T-Intergrate-intergrate] queue: frame output frame :106
I1014 15:01:21.777637  8475 thread_intergrate.hpp:168] T-Intergrate-intergrate Show face :3, size :640 * 360
I1014 15:01:21.778203  8471 demo_inner.hpp:435] thread [SORT-0]  frame id 106 sorting queue size 1   FPS: 29.9551
I1014 15:01:21.805137  8469 demo_inner.hpp:177] decode queue size 0
I1014 15:01:21.805245  8472 work_thread.hpp:81]  [T-Work-Detect_0] Run work: WorkDetect
I1014 15:01:21.805281  8472 work_detect.cpp:102] Succeeded to add det start for frame 107
I1014 15:01:21.811949  8472 work_detect.cpp:70] Frame :107 detect result :2 face(s)
W1014 15:01:21.812069  8472 work_detect.cpp:83] Invalid bbox: [174 x 206 from (217, 164)]
I1014 15:01:21.812129  8472 work_detect.cpp:86] Detected bbox: [53 x 48 from (96, 211)]
I1014 15:01:21.812194  8472 work_detect.cpp:120] Succeeded to add det end for frame 107
I1014 15:01:21.812211  8472 work_thread.hpp:81]  [T-Work-Detect_0] Run work: WrokTrack
I1014 15:01:21.812235  8472 work_track.cpp:82] Frame: 107 build input_characts: [0.0828125 x 0.133333 from (0.15, 0.586111)], 0.951921, 0
I1014 15:01:21.812291  8472 work_track.cpp:102] Succeeded to set track lock for frame 107
I1014 15:01:21.812330  8472 work_track.cpp:116] Succeeded to release track lock for frame 107
I1014 15:01:21.812345  8472 work_track.cpp:120] Track results of frame 107: 1 objects input, 0 objects tracked!
I1014 15:01:21.812361  8472 work_track.cpp:162] Frame: 107 lid: 1 not tracked, will set invalid
I1014 15:01:21.812377  8472 work_thread.hpp:87]  [T-Work-Detect_0] Frame :107 split
I1014 15:01:21.812394  8472 work_thread.hpp:126]  [T-Work-Detect_0] Invalid piece: lid = 1, drop it
I1014 15:01:21.812443  8475 thread_intergrate.hpp:78] [T-Intergrate-intergrate] queue: frame output frame :107
I1014 15:01:21.813529  8475 thread_intergrate.hpp:168] T-Intergrate-intergrate Show face :3, size :640 * 360
I1014 15:01:21.814219  8471 demo_inner.hpp:435] thread [SORT-0]  frame id 107 sorting queue size 2   FPS: 29.97
I1014 15:01:21.814425  8470 demo_inner.hpp:260]  gui queue size 2, state = running
I1014 15:01:21.841068  8469 demo_inner.hpp:177] decode queue size 0
I1014 15:01:21.841176  8472 work_thread.hpp:81]  [T-Work-Detect_0] Run work: WorkDetect
I1014 15:01:21.841212  8472 work_detect.cpp:102] Succeeded to add det start for frame 108
I1014 15:01:21.847875  8472 work_detect.cpp:70] Frame :108 detect result :1 face(s)
W1014 15:01:21.847928  8472 work_detect.cpp:83] Invalid bbox: [172 x 207 from (217, 162)]
I1014 15:01:21.848044  8472 work_detect.cpp:120] Succeeded to add det end for frame 108
I1014 15:01:21.848063  8472 work_thread.hpp:81]  [T-Work-Detect_0] Run work: WrokTrack
I1014 15:01:21.848091  8472 work_track.cpp:102] Succeeded to set track lock for frame 108
I1014 15:01:21.848124  8472 work_track.cpp:116] Succeeded to release track lock for frame 108
I1014 15:01:21.848139  8472 work_track.cpp:120] Track results of frame 108: 0 objects input, 0 objects tracked!
I1014 15:01:21.848184  8472 work_thread.hpp:87]  [T-Work-Detect_0] Frame :108 split
I1014 15:01:21.848242  8475 thread_intergrate.hpp:78] [T-Intergrate-intergrate] queue: frame output frame :108
I1014 15:01:21.849329  8475 thread_intergrate.hpp:168] T-Intergrate-intergrate Show face :3, size :640 * 360
I1014 15:01:21.850096  8471 demo_inner.hpp:435] thread [SORT-0]  frame id 108 sorting queue size 0   FPS: 29.985
I1014 15:01:21.871359  8469 demo_inner.hpp:177] decode queue size 0
I1014 15:01:21.871459  8472 work_thread.hpp:81]  [T-Work-Detect_0] Run work: WorkDetect
I1014 15:01:21.871493  8472 work_detect.cpp:102] Succeeded to add det start for frame 109
I1014 15:01:21.878324  8472 work_detect.cpp:70] Frame :109 detect result :2 face(s)
W1014 15:01:21.878365  8472 work_detect.cpp:83] Invalid bbox: [174 x 208 from (214, 161)]
I1014 15:01:21.878453  8472 work_detect.cpp:86] Detected bbox: [56 x 50 from (95, 212)]
I1014 15:01:21.878497  8472 work_detect.cpp:120] Succeeded to add det end for frame 109
I1014 15:01:21.878513  8472 work_thread.hpp:81]  [T-Work-Detect_0] Run work: WrokTrack
I1014 15:01:21.878537  8472 work_track.cpp:82] Frame: 109 build input_characts: [0.0875 x 0.138889 from (0.148438, 0.588889)], 0.959737, 0
I1014 15:01:21.878593  8472 work_track.cpp:102] Succeeded to set track lock for frame 109
I1014 15:01:21.878633  8472 work_track.cpp:116] Succeeded to release track lock for frame 109
I1014 15:01:21.878648  8472 work_track.cpp:120] Track results of frame 109: 1 objects input, 0 objects tracked!
I1014 15:01:21.878664  8472 work_track.cpp:162] Frame: 109 lid: 1 not tracked, will set invalid
I1014 15:01:21.878680  8472 work_thread.hpp:87]  [T-Work-Detect_0] Frame :109 split
I1014 15:01:21.878742  8472 work_thread.hpp:126]  [T-Work-Detect_0] Invalid piece: lid = 1, drop it
I1014 15:01:21.878806  8475 thread_intergrate.hpp:78] [T-Intergrate-intergrate] queue: frame output frame :109
I1014 15:01:21.879967  8475 thread_intergrate.hpp:168] T-Intergrate-intergrate Show face :3, size :640 * 360
I1014 15:01:21.880537  8471 demo_inner.hpp:435] thread [SORT-0]  frame id 109 sorting queue size 1   FPS: 29.9551
I1014 15:01:21.892525  8470 demo_inner.hpp:260]  gui queue size 1, state = running
I1014 15:01:21.907141  8469 demo_inner.hpp:177] decode queue size 0
I1014 15:01:21.907248  8472 work_thread.hpp:81]  [T-Work-Detect_0] Run work: WorkDetect
I1014 15:01:21.907285  8472 work_detect.cpp:102] Succeeded to add det start for frame 110
I1014 15:01:21.914109  8472 work_detect.cpp:70] Frame :110 detect result :2 face(s)
W1014 15:01:21.914155  8472 work_detect.cpp:83] Invalid bbox: [179 x 209 from (211, 162)]
I1014 15:01:21.914243  8472 work_detect.cpp:86] Detected bbox: [53 x 44 from (97, 212)]
I1014 15:01:21.914288  8472 work_detect.cpp:120] Succeeded to add det end for frame 110
I1014 15:01:21.914304  8472 work_thread.hpp:81]  [T-Work-Detect_0] Run work: WrokTrack
I1014 15:01:21.914328  8472 work_track.cpp:82] Frame: 110 build input_characts: [0.0828125 x 0.122222 from (0.151562, 0.588889)], 0.901423, 0
I1014 15:01:21.914384  8472 work_track.cpp:102] Succeeded to set track lock for frame 110
I1014 15:01:21.914424  8472 work_track.cpp:116] Succeeded to release track lock for frame 110
I1014 15:01:21.914438  8472 work_track.cpp:120] Track results of frame 110: 1 objects input, 0 objects tracked!
I1014 15:01:21.914456  8472 work_track.cpp:162] Frame: 110 lid: 1 not tracked, will set invalid
I1014 15:01:21.914471  8472 work_thread.hpp:87]  [T-Work-Detect_0] Frame :110 split
I1014 15:01:21.914489  8472 work_thread.hpp:126]  [T-Work-Detect_0] Invalid piece: lid = 1, drop it
I1014 15:01:21.914535  8475 thread_intergrate.hpp:78] [T-Intergrate-intergrate] queue: frame output frame :110
I1014 15:01:21.915621  8475 thread_intergrate.hpp:168] T-Intergrate-intergrate Show face :3, size :640 * 360
I1014 15:01:21.916301  8471 demo_inner.hpp:435] thread [SORT-0]  frame id 110 sorting queue size 0   FPS: 29.9401
I1014 15:01:21.937256  8469 demo_inner.hpp:177] decode queue size 0
I1014 15:01:21.937363  8472 work_thread.hpp:81]  [T-Work-Detect_0] Run work: WorkDetect
I1014 15:01:21.937398  8472 work_detect.cpp:102] Succeeded to add det start for frame 111
I1014 15:01:21.944334  8472 work_detect.cpp:70] Frame :111 detect result :2 face(s)
W1014 15:01:21.944384  8472 work_detect.cpp:83] Invalid bbox: [175 x 208 from (213, 162)]
I1014 15:01:21.944471  8472 work_detect.cpp:86] Detected bbox: [56 x 47 from (96, 212)]
I1014 15:01:21.944515  8472 work_detect.cpp:120] Succeeded to add det end for frame 111
I1014 15:01:21.944531  8472 work_thread.hpp:81]  [T-Work-Detect_0] Run work: WrokTrack
I1014 15:01:21.944555  8472 work_track.cpp:82] Frame: 111 build input_characts: [0.0875 x 0.130556 from (0.15, 0.588889)], 0.915779, 0
I1014 15:01:21.944610  8472 work_track.cpp:102] Succeeded to set track lock for frame 111
I1014 15:01:21.944650  8472 work_track.cpp:116] Succeeded to release track lock for frame 111
I1014 15:01:21.944665  8472 work_track.cpp:120] Track results of frame 111: 1 objects input, 1 objects tracked!
I1014 15:01:21.944684  8472 work_track.cpp:148] Frame: 111, track bbox: [56 x 47 from (95.3774, 211.586)], gid: 6, lid: 0
I1014 15:01:21.944717  8472 work_thread.hpp:87]  [T-Work-Detect_0] Frame :111 split
I1014 15:01:21.944736  8472 work_thread.hpp:120]  [T-Work-Detect_0] Valid piece: gid = 6
I1014 15:01:21.944753  8472 work_thread.hpp:91]  [T-Work-Detect_0] Push to split queue:recog
I1014 15:01:21.944795  8474 work_thread.hpp:81]  [T-Work-Recog_1] Run work: WorkCapture
I1014 15:01:21.944811  8475 thread_intergrate.hpp:78] [T-Intergrate-intergrate] queue: frame output frame :111
I1014 15:01:21.945281  8474 work_thread.hpp:81]  [T-Work-Recog_1] Run work: WorkRecog
W1014 15:01:21.945358  8474 work_recog.hpp:118] Face id: 6 has low quality : 0.02384, no need to recog
I1014 15:01:21.945410  8474 work_thread.hpp:81]  [T-Work-Recog_1] Run work: WorkCompare
I1014 15:01:21.946012  8475 thread_intergrate.hpp:168] T-Intergrate-intergrate Show face :3, size :640 * 360
I1014 15:01:21.946552  8471 demo_inner.hpp:435] thread [SORT-0]  frame id 111 sorting queue size 1   FPS: 29.9551
I1014 15:01:21.973171  8469 demo_inner.hpp:177] decode queue size 0
I1014 15:01:21.973279  8472 work_thread.hpp:81]  [T-Work-Detect_0] Run work: WorkDetect
I1014 15:01:21.973314  8472 work_detect.cpp:102] Succeeded to add det start for frame 112
I1014 15:01:21.980108  8472 work_detect.cpp:70] Frame :112 detect result :1 face(s)
W1014 15:01:21.980149  8472 work_detect.cpp:83] Invalid bbox: [170 x 211 from (215, 161)]
I1014 15:01:21.980268  8472 work_detect.cpp:120] Succeeded to add det end for frame 112
I1014 15:01:21.980286  8472 work_thread.hpp:81]  [T-Work-Detect_0] Run work: WrokTrack
I1014 15:01:21.980314  8472 work_track.cpp:102] Succeeded to set track lock for frame 112
I1014 15:01:21.980346  8472 work_track.cpp:116] Succeeded to release track lock for frame 112
I1014 15:01:21.980361  8472 work_track.cpp:120] Track results of frame 112: 0 objects input, 1 objects tracked!
I1014 15:01:21.980378  8472 work_track.cpp:148] Frame: 112, track bbox: [56 x 47 from (95.4141, 211.444)], gid: 6, lid: -1
I1014 15:01:21.980430  8472 work_thread.hpp:87]  [T-Work-Detect_0] Frame :112 split
I1014 15:01:21.980479  8475 thread_intergrate.hpp:78] [T-Intergrate-intergrate] queue: frame output frame :112
I1014 15:01:21.981566  8475 thread_intergrate.hpp:168] T-Intergrate-intergrate Show face :3, size :640 * 360
I1014 15:01:21.982302  8471 demo_inner.hpp:435] thread [SORT-0]  frame id 112 sorting queue size 2   FPS: 29.9551
I1014 15:01:21.992954  8470 demo_inner.hpp:260]  gui queue size 2, state = running
I1014 15:01:22.003345  8469 demo_inner.hpp:177] decode queue size 0
I1014 15:01:22.003444  8472 work_thread.hpp:81]  [T-Work-Detect_0] Run work: WorkDetect
I1014 15:01:22.003479  8472 work_detect.cpp:102] Succeeded to add det start for frame 113
I1014 15:01:22.010375  8472 work_detect.cpp:70] Frame :113 detect result :2 face(s)
W1014 15:01:22.010424  8472 work_detect.cpp:83] Invalid bbox: [173 x 209 from (213, 162)]
I1014 15:01:22.010511  8472 work_detect.cpp:86] Detected bbox: [54 x 49 from (97, 211)]
I1014 15:01:22.010556  8472 work_detect.cpp:120] Succeeded to add det end for frame 113
I1014 15:01:22.010572  8472 work_thread.hpp:81]  [T-Work-Detect_0] Run work: WrokTrack
I1014 15:01:22.010596  8472 work_track.cpp:82] Frame: 113 build input_characts: [0.084375 x 0.136111 from (0.151562, 0.586111)], 0.932491, 0
I1014 15:01:22.010651  8472 work_track.cpp:102] Succeeded to set track lock for frame 113
I1014 15:01:22.010692  8472 work_track.cpp:116] Succeeded to release track lock for frame 113
I1014 15:01:22.010707  8472 work_track.cpp:120] Track results of frame 113: 1 objects input, 1 objects tracked!
I1014 15:01:22.010725  8472 work_track.cpp:148] Frame: 113, track bbox: [54 x 49 from (97.1178, 210.99)], gid: 6, lid: 0
I1014 15:01:22.010761  8472 work_thread.hpp:87]  [T-Work-Detect_0] Frame :113 split
I1014 15:01:22.010778  8472 work_thread.hpp:120]  [T-Work-Detect_0] Valid piece: gid = 6
I1014 15:01:22.010797  8472 work_thread.hpp:91]  [T-Work-Detect_0] Push to split queue:recog
I1014 15:01:22.010848  8473 work_thread.hpp:81]  [T-Work-Recog_0] Run work: WorkCapture
I1014 15:01:22.011096  8475 thread_intergrate.hpp:78] [T-Intergrate-intergrate] queue: frame output frame :113
I1014 15:01:22.011327  8473 work_thread.hpp:81]  [T-Work-Recog_0] Run work: WorkRecog
W1014 15:01:22.011349  8473 work_recog.hpp:118] Face id: 6 has low quality : 0.0298032, no need to recog
I1014 15:01:22.011404  8473 work_thread.hpp:81]  [T-Work-Recog_0] Run work: WorkCompare
I1014 15:01:22.012220  8475 thread_intergrate.hpp:168] T-Intergrate-intergrate Show face :3, size :640 * 360
I1014 15:01:22.012712  8471 demo_inner.hpp:435] thread [SORT-0]  frame id 113 sorting queue size 0   FPS: 29.9401
I1014 15:01:22.038134  8470 demo_inner.hpp:260]  gui queue size 0, state = running
I1014 15:01:22.039238  8469 demo_inner.hpp:177] decode queue size 0
I1014 15:01:22.039346  8472 work_thread.hpp:81]  [T-Work-Detect_0] Run work: WorkDetect
I1014 15:01:22.039381  8472 work_detect.cpp:102] Succeeded to add det start for frame 114
I1014 15:01:22.046350  8472 work_detect.cpp:70] Frame :114 detect result :2 face(s)
W1014 15:01:22.046399  8472 work_detect.cpp:83] Invalid bbox: [175 x 211 from (210, 160)]
I1014 15:01:22.046486  8472 work_detect.cpp:86] Detected bbox: [53 x 48 from (97, 211)]
I1014 15:01:22.046531  8472 work_detect.cpp:120] Succeeded to add det end for frame 114
I1014 15:01:22.046547  8472 work_thread.hpp:81]  [T-Work-Detect_0] Run work: WrokTrack
I1014 15:01:22.046572  8472 work_track.cpp:82] Frame: 114 build input_characts: [0.0828125 x 0.133333 from (0.151562, 0.586111)], 0.975094, 0
I1014 15:01:22.046629  8472 work_track.cpp:102] Succeeded to set track lock for frame 114
I1014 15:01:22.046669  8472 work_track.cpp:116] Succeeded to release track lock for frame 114
I1014 15:01:22.046684  8472 work_track.cpp:120] Track results of frame 114: 1 objects input, 1 objects tracked!
I1014 15:01:22.046702  8472 work_track.cpp:148] Frame: 114, track bbox: [53 x 48 from (97.4998, 211.201)], gid: 6, lid: 0
I1014 15:01:22.046737  8472 work_thread.hpp:87]  [T-Work-Detect_0] Frame :114 split
I1014 15:01:22.046756  8472 work_thread.hpp:120]  [T-Work-Detect_0] Valid piece: gid = 6
I1014 15:01:22.046773  8472 work_thread.hpp:91]  [T-Work-Detect_0] Push to split queue:recog
I1014 15:01:22.046818  8473 work_thread.hpp:81]  [T-Work-Recog_0] Run work: WorkCapture
I1014 15:01:22.047065  8475 thread_intergrate.hpp:78] [T-Intergrate-intergrate] queue: frame output frame :114
I1014 15:01:22.047302  8473 work_thread.hpp:81]  [T-Work-Recog_0] Run work: WorkRecog
W1014 15:01:22.047323  8473 work_recog.hpp:118] Face id: 6 has low quality : 0.0411333, no need to recog
I1014 15:01:22.047494  8473 work_thread.hpp:81]  [T-Work-Recog_0] Run work: WorkCompare
I1014 15:01:22.048211  8475 thread_intergrate.hpp:168] T-Intergrate-intergrate Show face :3, size :640 * 360
I1014 15:01:22.048708  8471 demo_inner.hpp:435] thread [SORT-0]  frame id 114 sorting queue size 0   FPS: 29.9401
I1014 15:01:22.075129  8469 demo_inner.hpp:177] decode queue size 0
I1014 15:01:22.075240  8472 work_thread.hpp:81]  [T-Work-Detect_0] Run work: WorkDetect
I1014 15:01:22.075275  8472 work_detect.cpp:102] Succeeded to add det start for frame 115
I1014 15:01:22.082119  8472 work_detect.cpp:70] Frame :115 detect result :2 face(s)
W1014 15:01:22.082165  8472 work_detect.cpp:83] Invalid bbox: [177 x 204 from (213, 165)]
I1014 15:01:22.082299  8472 work_detect.cpp:86] Detected bbox: [52 x 46 from (97, 212)]
I1014 15:01:22.082345  8472 work_detect.cpp:120] Succeeded to add det end for frame 115
I1014 15:01:22.082361  8472 work_thread.hpp:81]  [T-Work-Detect_0] Run work: WrokTrack
I1014 15:01:22.082386  8472 work_track.cpp:82] Frame: 115 build input_characts: [0.08125 x 0.127778 from (0.151562, 0.588889)], 0.932491, 0
I1014 15:01:22.082442  8472 work_track.cpp:102] Succeeded to set track lock for frame 115
I1014 15:01:22.082482  8472 work_track.cpp:116] Succeeded to release track lock for frame 115
I1014 15:01:22.082497  8472 work_track.cpp:120] Track results of frame 115: 1 objects input, 1 objects tracked!
I1014 15:01:22.082515  8472 work_track.cpp:148] Frame: 115, track bbox: [52 x 46 from (97.4987, 211.906)], gid: 6, lid: 0
I1014 15:01:22.082549  8472 work_thread.hpp:87]  [T-Work-Detect_0] Frame :115 split
I1014 15:01:22.082567  8472 work_thread.hpp:120]  [T-Work-Detect_0] Valid piece: gid = 6
I1014 15:01:22.082585  8472 work_thread.hpp:91]  [T-Work-Detect_0] Push to split queue:recog
I1014 15:01:22.082626  8474 work_thread.hpp:81]  [T-Work-Recog_1] Run work: WorkCapture
I1014 15:01:22.082638  8475 thread_intergrate.hpp:78] [T-Intergrate-intergrate] queue: frame output frame :115
I1014 15:01:22.083106  8474 work_thread.hpp:81]  [T-Work-Recog_1] Run work: WorkRecog
W1014 15:01:22.083178  8474 work_recog.hpp:118] Face id: 6 has low quality : 0.041132, no need to recog
I1014 15:01:22.083230  8474 work_thread.hpp:81]  [T-Work-Recog_1] Run work: WorkCompare
I1014 15:01:22.083758  8475 thread_intergrate.hpp:168] T-Intergrate-intergrate Show face :3, size :640 * 360
I1014 15:01:22.084435  8471 demo_inner.hpp:435] thread [SORT-0]  frame id 115 sorting queue size 1   FPS: 29.9401
I1014 15:01:22.105202  8469 demo_inner.hpp:177] decode queue size 0
I1014 15:01:22.105311  8472 work_thread.hpp:81]  [T-Work-Detect_0] Run work: WorkDetect
I1014 15:01:22.105346  8472 work_detect.cpp:102] Succeeded to add det start for frame 116
I1014 15:01:22.112473  8472 work_detect.cpp:70] Frame :116 detect result :2 face(s)
W1014 15:01:22.112522  8472 work_detect.cpp:83] Invalid bbox: [172 x 204 from (213, 164)]
I1014 15:01:22.112607  8472 work_detect.cpp:86] Detected bbox: [51 x 47 from (97, 212)]
I1014 15:01:22.112653  8472 work_detect.cpp:120] Succeeded to add det end for frame 116
I1014 15:01:22.112668  8472 work_thread.hpp:81]  [T-Work-Detect_0] Run work: WrokTrack
I1014 15:01:22.112694  8472 work_track.cpp:82] Frame: 116 build input_characts: [0.0796875 x 0.130556 from (0.151562, 0.588889)], 0.923714, 0
I1014 15:01:22.112748  8472 work_track.cpp:102] Succeeded to set track lock for frame 116
I1014 15:01:22.112788  8472 work_track.cpp:116] Succeeded to release track lock for frame 116
I1014 15:01:22.112802  8472 work_track.cpp:120] Track results of frame 116: 1 objects input, 1 objects tracked!
I1014 15:01:22.112820  8472 work_track.cpp:148] Frame: 116, track bbox: [51 x 47 from (97.3979, 211.945)], gid: 6, lid: 0
I1014 15:01:22.112855  8472 work_thread.hpp:87]  [T-Work-Detect_0] Frame :116 split
I1014 15:01:22.112874  8472 work_thread.hpp:120]  [T-Work-Detect_0] Valid piece: gid = 6
I1014 15:01:22.112892  8472 work_thread.hpp:91]  [T-Work-Detect_0] Push to split queue:recog
I1014 15:01:22.112941  8474 work_thread.hpp:81]  [T-Work-Recog_1] Run work: WorkCapture
I1014 15:01:22.112953  8475 thread_intergrate.hpp:78] [T-Intergrate-intergrate] queue: frame output frame :116
I1014 15:01:22.113423  8474 work_thread.hpp:81]  [T-Work-Recog_1] Run work: WorkRecog
W1014 15:01:22.113445  8474 work_recog.hpp:118] Face id: 6 has low quality : 0.0370148, no need to recog
I1014 15:01:22.113503  8474 work_thread.hpp:81]  [T-Work-Recog_1] Run work: WorkCompare
I1014 15:01:22.114073  8475 thread_intergrate.hpp:168] T-Intergrate-intergrate Show face :3, size :640 * 360
I1014 15:01:22.114611  8471 demo_inner.hpp:435] thread [SORT-0]  frame id 116 sorting queue size 2   FPS: 29.9551
I1014 15:01:22.121577  8470 demo_inner.hpp:260]  gui queue size 2, state = running
I1014 15:01:22.141131  8469 demo_inner.hpp:177] decode queue size 0
I1014 15:01:22.141237  8472 work_thread.hpp:81]  [T-Work-Detect_0] Run work: WorkDetect
I1014 15:01:22.141271  8472 work_detect.cpp:102] Succeeded to add det start for frame 117
I1014 15:01:22.148138  8472 work_detect.cpp:70] Frame :117 detect result :1 face(s)
W1014 15:01:22.148208  8472 work_detect.cpp:83] Invalid bbox: [174 x 204 from (210, 164)]
I1014 15:01:22.148329  8472 work_detect.cpp:120] Succeeded to add det end for frame 117
I1014 15:01:22.148347  8472 work_thread.hpp:81]  [T-Work-Detect_0] Run work: WrokTrack
I1014 15:01:22.148375  8472 work_track.cpp:102] Succeeded to set track lock for frame 117
I1014 15:01:22.148408  8472 work_track.cpp:116] Succeeded to release track lock for frame 117
I1014 15:01:22.148423  8472 work_track.cpp:120] Track results of frame 117: 0 objects input, 1 objects tracked!
I1014 15:01:22.148440  8472 work_track.cpp:148] Frame: 117, track bbox: [51 x 47 from (97.2149, 212.072)], gid: 6, lid: -1
I1014 15:01:22.148492  8472 work_thread.hpp:87]  [T-Work-Detect_0] Frame :117 split
I1014 15:01:22.148540  8475 thread_intergrate.hpp:78] [T-Intergrate-intergrate] queue: frame output frame :117
I1014 15:01:22.149627  8475 thread_intergrate.hpp:168] T-Intergrate-intergrate Show face :3, size :640 * 360
I1014 15:01:22.150188  8471 demo_inner.hpp:435] thread [SORT-0]  frame id 117 sorting queue size 0   FPS: 29.9551
I1014 15:01:22.171191  8469 demo_inner.hpp:177] decode queue size 0
I1014 15:01:22.171288  8472 work_thread.hpp:81]  [T-Work-Detect_0] Run work: WorkDetect
I1014 15:01:22.171325  8472 work_detect.cpp:102] Succeeded to add det start for frame 118
I1014 15:01:22.178149  8472 work_detect.cpp:70] Frame :118 detect result :2 face(s)
W1014 15:01:22.178196  8472 work_detect.cpp:83] Invalid bbox: [177 x 206 from (212, 164)]
I1014 15:01:22.178283  8472 work_detect.cpp:86] Detected bbox: [52 x 50 from (97, 210)]
I1014 15:01:22.178328  8472 work_detect.cpp:120] Succeeded to add det end for frame 118
I1014 15:01:22.178344  8472 work_thread.hpp:81]  [T-Work-Detect_0] Run work: WrokTrack
I1014 15:01:22.178369  8472 work_track.cpp:82] Frame: 118 build input_characts: [0.08125 x 0.138889 from (0.151562, 0.583333)], 0.938558, 0
I1014 15:01:22.178424  8472 work_track.cpp:102] Succeeded to set track lock for frame 118
I1014 15:01:22.178493  8472 work_track.cpp:116] Succeeded to release track lock for frame 118
I1014 15:01:22.178509  8472 work_track.cpp:120] Track results of frame 118: 1 objects input, 1 objects tracked!
I1014 15:01:22.178526  8472 work_track.cpp:148] Frame: 118, track bbox: [52 x 50 from (96.6236, 210.038)], gid: 6, lid: 0
I1014 15:01:22.178561  8472 work_thread.hpp:87]  [T-Work-Detect_0] Frame :118 split
I1014 15:01:22.178580  8472 work_thread.hpp:120]  [T-Work-Detect_0] Valid piece: gid = 6
I1014 15:01:22.178597  8472 work_thread.hpp:91]  [T-Work-Detect_0] Push to split queue:recog
I1014 15:01:22.178639  8474 work_thread.hpp:81]  [T-Work-Recog_1] Run work: WorkCapture
I1014 15:01:22.178654  8475 thread_intergrate.hpp:78] [T-Intergrate-intergrate] queue: frame output frame :118
I1014 15:01:22.179123  8474 work_thread.hpp:81]  [T-Work-Recog_1] Run work: WorkRecog
W1014 15:01:22.179147  8474 work_recog.hpp:118] Face id: 6 has low quality : 0.045611, no need to recog
I1014 15:01:22.179204  8474 work_thread.hpp:81]  [T-Work-Recog_1] Run work: WorkCompare
I1014 15:01:22.179774  8475 thread_intergrate.hpp:168] T-Intergrate-intergrate Show face :3, size :640 * 360
I1014 15:01:22.180434  8471 demo_inner.hpp:435] thread [SORT-0]  frame id 118 sorting queue size 1   FPS: 29.9401
I1014 15:01:22.207109  8469 demo_inner.hpp:177] decode queue size 0
I1014 15:01:22.207221  8472 work_thread.hpp:81]  [T-Work-Detect_0] Run work: WorkDetect
I1014 15:01:22.207257  8472 work_detect.cpp:102] Succeeded to add det start for frame 119
I1014 15:01:22.214192  8472 work_detect.cpp:70] Frame :119 detect result :2 face(s)
W1014 15:01:22.214238  8472 work_detect.cpp:83] Invalid bbox: [175 x 210 from (208, 160)]
I1014 15:01:22.214325  8472 work_detect.cpp:86] Detected bbox: [51 x 47 from (97, 214)]
I1014 15:01:22.214370  8472 work_detect.cpp:120] Succeeded to add det end for frame 119
I1014 15:01:22.214385  8472 work_thread.hpp:81]  [T-Work-Detect_0] Run work: WrokTrack
I1014 15:01:22.214409  8472 work_track.cpp:82] Frame: 119 build input_characts: [0.0796875 x 0.130556 from (0.151562, 0.594444)], 0.905415, 0
I1014 15:01:22.214466  8472 work_track.cpp:102] Succeeded to set track lock for frame 119
I1014 15:01:22.214506  8472 work_track.cpp:116] Succeeded to release track lock for frame 119
I1014 15:01:22.214521  8472 work_track.cpp:120] Track results of frame 119: 1 objects input, 1 objects tracked!
I1014 15:01:22.214540  8472 work_track.cpp:148] Frame: 119, track bbox: [51 x 47 from (96.9352, 212.867)], gid: 6, lid: 0
I1014 15:01:22.214576  8472 work_thread.hpp:87]  [T-Work-Detect_0] Frame :119 split
I1014 15:01:22.214592  8472 work_thread.hpp:120]  [T-Work-Detect_0] Valid piece: gid = 6
