Log file created at: 2019/10/14 14:36:30
Running on machine: zcu104
Log line format: [IWEF]mmdd hh:mm:ss.uuuuuu threadid file:line] msg
I1014 14:36:30.310137  7963 feature_lib.cpp:109] Feature lib read name: images/HaDM.jpg
I1014 14:36:30.311074  7963 feature_lib.cpp:131] Read lib face : images/HaDM.jpg
I1014 14:36:30.311103  7963 feature_lib.cpp:109] Feature lib read name: images/HaiHV.jpg
I1014 14:36:30.311512  7963 feature_lib.cpp:131] Read lib face : images/HaiHV.jpg
I1014 14:36:30.311532  7963 feature_lib.cpp:109] Feature lib read name: images/SonNNe.jpg
I1014 14:36:30.311935  7963 feature_lib.cpp:131] Read lib face : images/SonNNe.jpg
I1014 14:36:30.311954  7963 feature_lib.cpp:109] Feature lib read name: images/TungDM.jpg
I1014 14:36:30.312366  7963 feature_lib.cpp:131] Read lib face : images/TungDM.jpg
I1014 14:36:30.312386  7963 feature_lib.cpp:109] Feature lib read name: images/HungVTc.png
I1014 14:36:30.312800  7963 feature_lib.cpp:131] Read lib face : images/HungVTc.png
I1014 14:36:30.312830  7963 feature_lib.cpp:109] Feature lib read name: images/DangVHb.jpg
I1014 14:36:30.313230  7963 feature_lib.cpp:131] Read lib face : images/DangVHb.jpg
I1014 14:36:30.313249  7963 feature_lib.cpp:109] Feature lib read name: images/hungndn.jpg
I1014 14:36:30.313652  7963 feature_lib.cpp:131] Read lib face : images/hungndn.jpg
I1014 14:36:30.313670  7963 feature_lib.cpp:109] Feature lib read name: images/HieuPV.jpg
I1014 14:36:30.314069  7963 feature_lib.cpp:131] Read lib face : images/HieuPV.jpg
I1014 14:36:30.314088  7963 feature_lib.cpp:109] Feature lib read name: images/HuyNQz.png
I1014 14:36:30.314524  7963 feature_lib.cpp:131] Read lib face : images/HuyNQz.png
I1014 14:36:30.314566  7963 feature_lib.cpp:109] Feature lib read name: images/VuongNQb.png
I1014 14:36:30.314970  7963 feature_lib.cpp:131] Read lib face : images/VuongNQb.png
I1014 14:36:30.314997  7963 feature_lib.cpp:109] Feature lib read name: images/ThangLMb.jpg
I1014 14:36:30.315402  7963 feature_lib.cpp:131] Read lib face : images/ThangLMb.jpg
I1014 14:36:30.315421  7963 feature_lib.cpp:109] Feature lib read name: images/truongnxd.png
I1014 14:36:30.315824  7963 feature_lib.cpp:131] Read lib face : images/truongnxd.png
I1014 14:36:30.315845  7963 feature_lib.cpp:109] Feature lib read name: images/ThaoDQ.jpg
I1014 14:36:30.316257  7963 feature_lib.cpp:131] Read lib face : images/ThaoDQ.jpg
I1014 14:36:30.316308  7963 feature_lib.cpp:147] Loading normal image: images/HaDM.jpg...
I1014 14:36:30.346949  7963 feature_lib.cpp:158] Load normal image: images/HaDM.jpg done size: 838 * 1100
I1014 14:36:30.347015  7963 feature_lib.cpp:147] Loading normal image: images/HaiHV.jpg...
I1014 14:36:30.404145  7963 feature_lib.cpp:158] Load normal image: images/HaiHV.jpg done size: 1203 * 1541
I1014 14:36:30.404232  7963 feature_lib.cpp:147] Loading normal image: images/SonNNe.jpg...
I1014 14:36:30.478893  7963 feature_lib.cpp:158] Load normal image: images/SonNNe.jpg done size: 1429 * 1719
I1014 14:36:30.478956  7963 feature_lib.cpp:147] Loading normal image: images/TungDM.jpg...
I1014 14:36:30.537842  7963 feature_lib.cpp:158] Load normal image: images/TungDM.jpg done size: 1340 * 1462
I1014 14:36:30.537904  7963 feature_lib.cpp:147] Loading normal image: images/HungVTc.png...
I1014 14:36:30.546039  7963 feature_lib.cpp:158] Load normal image: images/HungVTc.png done size: 263 * 317
I1014 14:36:30.546072  7963 feature_lib.cpp:147] Loading normal image: images/DangVHb.jpg...
I1014 14:36:30.611423  7963 feature_lib.cpp:158] Load normal image: images/DangVHb.jpg done size: 1469 * 1456
I1014 14:36:30.611483  7963 feature_lib.cpp:147] Loading normal image: images/hungndn.jpg...
I1014 14:36:30.708611  7963 feature_lib.cpp:158] Load normal image: images/hungndn.jpg done size: 1636 * 1930
I1014 14:36:30.708673  7963 feature_lib.cpp:147] Loading normal image: images/HieuPV.jpg...
I1014 14:36:30.787053  7963 feature_lib.cpp:158] Load normal image: images/HieuPV.jpg done size: 1527 * 1719
I1014 14:36:30.787115  7963 feature_lib.cpp:147] Loading normal image: images/HuyNQz.png...
I1014 14:36:30.813498  7963 feature_lib.cpp:158] Load normal image: images/HuyNQz.png done size: 493 * 639
I1014 14:36:30.813553  7963 feature_lib.cpp:147] Loading normal image: images/VuongNQb.png...
I1014 14:36:30.828392  7963 feature_lib.cpp:158] Load normal image: images/VuongNQb.png done size: 351 * 514
I1014 14:36:30.828507  7963 feature_lib.cpp:147] Loading normal image: images/ThangLMb.jpg...
I1014 14:36:30.906337  7963 feature_lib.cpp:158] Load normal image: images/ThangLMb.jpg done size: 1548 * 1719
I1014 14:36:30.906399  7963 feature_lib.cpp:147] Loading normal image: images/truongnxd.png...
I1014 14:36:30.959426  7963 feature_lib.cpp:158] Load normal image: images/truongnxd.png done size: 906 * 964
I1014 14:36:30.959488  7963 feature_lib.cpp:147] Loading normal image: images/ThaoDQ.jpg...
I1014 14:36:31.031721  7963 feature_lib.cpp:158] Load normal image: images/ThaoDQ.jpg done size: 1425 * 1719
I1014 14:36:31.399637  7963 demo_inner.hpp:126] thread [DedodeThread-0] is starting
I1014 14:36:31.399832  7963 demo_inner.hpp:126] thread [GUIThread] is starting
I1014 14:36:31.399904  7965 demo_inner.hpp:101] thread [DedodeThread-0] is started
I1014 14:36:31.399930  7963 demo_inner.hpp:126] thread [SORT-0] is starting
I1014 14:36:31.399983  7966 demo_inner.hpp:101] thread [GUIThread] is started
I1014 14:36:31.400002  7963 demo_inner.hpp:126] thread [T-Work-Detect_0] is starting
I1014 14:36:31.400055  7967 demo_inner.hpp:101] thread [SORT-0] is started
I1014 14:36:31.400063  7963 demo_inner.hpp:126] thread [T-Work-Recog_0] is starting
I1014 14:36:31.400097  7968 demo_inner.hpp:101] thread [T-Work-Detect_0] is started
I1014 14:36:31.400130  7963 demo_inner.hpp:126] thread [T-Work-Recog_1] is starting
I1014 14:36:31.400218  7969 demo_inner.hpp:101] thread [T-Work-Recog_0] is started
I1014 14:36:31.400233  7963 demo_inner.hpp:126] thread [T-Intergrate-intergrate] is starting
I1014 14:36:31.400256  7970 demo_inner.hpp:101] thread [T-Work-Recog_1] is started
I1014 14:36:31.400296  7963 demo_inner.hpp:137] waiting for [GUIThread] ended
I1014 14:36:31.400323  7971 demo_inner.hpp:101] thread [T-Intergrate-intergrate] is started
I1014 14:36:32.105996  7965 demo_inner.hpp:177] decode queue size 0
I1014 14:36:32.106143  7968 work_thread.hpp:81]  [T-Work-Detect_0] Run work: WorkDetect
I1014 14:36:32.106209  7968 work_detect.cpp:102] Succeeded to add det start for frame 1
I1014 14:36:32.113466  7968 work_detect.cpp:70] Frame :1 detect result :1 face(s)
I1014 14:36:32.113499  7968 work_detect.cpp:86] Detected bbox: [155 x 211 from (253, 139)]
I1014 14:36:32.113543  7968 work_detect.cpp:120] Succeeded to add det end for frame 1
I1014 14:36:32.113560  7968 work_thread.hpp:81]  [T-Work-Detect_0] Run work: WrokTrack
I1014 14:36:32.113584  7968 work_track.cpp:82] Frame: 1 build input_characts: [0.242188 x 0.586111 from (0.395312, 0.386111)], 0.999622, 0
I1014 14:36:32.113669  7968 work_track.cpp:102] Succeeded to set track lock for frame 1
I1014 14:36:32.113757  7968 work_track.cpp:116] Succeeded to release track lock for frame 1
I1014 14:36:32.113773  7968 work_track.cpp:120] Track results of frame 1: 1 objects input, 0 objects tracked!
I1014 14:36:32.113790  7968 work_track.cpp:162] Frame: 1 lid: 0 not tracked, will set invalid
I1014 14:36:32.113806  7968 work_thread.hpp:87]  [T-Work-Detect_0] Frame :1 split
I1014 14:36:32.113823  7968 work_thread.hpp:123]  [T-Work-Detect_0] Invalid piece: lid = 0, drop it
I1014 14:36:32.113880  7971 thread_intergrate.hpp:78] [T-Intergrate-intergrate] queue: frame output frame :1
I1014 14:36:32.115006  7967 demo_inner.hpp:435] thread [SORT-0]  frame id 1 sorting queue size 0   FPS: -1
I1014 14:36:32.115077  7966 demo_inner.hpp:260]  gui queue size 0, state = running
I1014 14:36:32.147601  7965 demo_inner.hpp:177] decode queue size 0
I1014 14:36:32.147716  7968 work_thread.hpp:81]  [T-Work-Detect_0] Run work: WorkDetect
I1014 14:36:32.147754  7968 work_detect.cpp:102] Succeeded to add det start for frame 2
I1014 14:36:32.154567  7968 work_detect.cpp:70] Frame :2 detect result :1 face(s)
W1014 14:36:32.154621  7968 work_detect.cpp:83] Invalid bbox: [158 x 209 from (249, 155)]
I1014 14:36:32.154912  7968 work_detect.cpp:120] Succeeded to add det end for frame 2
I1014 14:36:32.154932  7968 work_thread.hpp:81]  [T-Work-Detect_0] Run work: WrokTrack
I1014 14:36:32.154989  7968 work_track.cpp:102] Succeeded to set track lock for frame 2
I1014 14:36:32.155035  7968 work_track.cpp:116] Succeeded to release track lock for frame 2
I1014 14:36:32.155050  7968 work_track.cpp:120] Track results of frame 2: 0 objects input, 0 objects tracked!
I1014 14:36:32.155067  7968 work_thread.hpp:87]  [T-Work-Detect_0] Frame :2 split
I1014 14:36:32.155128  7971 thread_intergrate.hpp:78] [T-Intergrate-intergrate] queue: frame output frame :2
I1014 14:36:32.156654  7967 demo_inner.hpp:435] thread [SORT-0]  frame id 2 sorting queue size 0   FPS: 24.3902
I1014 14:36:32.166180  7966 demo_inner.hpp:260]  gui queue size 0, state = running
I1014 14:36:32.177525  7965 demo_inner.hpp:177] decode queue size 0
I1014 14:36:32.177631  7968 work_thread.hpp:81]  [T-Work-Detect_0] Run work: WorkDetect
I1014 14:36:32.177668  7968 work_detect.cpp:102] Succeeded to add det start for frame 3
I1014 14:36:32.184561  7968 work_detect.cpp:70] Frame :3 detect result :1 face(s)
W1014 14:36:32.184594  7968 work_detect.cpp:83] Invalid bbox: [157 x 206 from (251, 157)]
I1014 14:36:32.184669  7968 work_detect.cpp:120] Succeeded to add det end for frame 3
I1014 14:36:32.184685  7968 work_thread.hpp:81]  [T-Work-Detect_0] Run work: WrokTrack
I1014 14:36:32.184712  7968 work_track.cpp:102] Succeeded to set track lock for frame 3
I1014 14:36:32.184762  7968 work_track.cpp:116] Succeeded to release track lock for frame 3
I1014 14:36:32.184775  7968 work_track.cpp:120] Track results of frame 3: 0 objects input, 0 objects tracked!
I1014 14:36:32.184794  7968 work_thread.hpp:87]  [T-Work-Detect_0] Frame :3 split
I1014 14:36:32.184949  7971 thread_intergrate.hpp:78] [T-Intergrate-intergrate] queue: frame output frame :3
I1014 14:36:32.186431  7967 demo_inner.hpp:435] thread [SORT-0]  frame id 3 sorting queue size 0   FPS: 28.169
I1014 14:36:32.186507  7966 demo_inner.hpp:260]  gui queue size 0, state = running
I1014 14:36:32.213588  7965 demo_inner.hpp:177] decode queue size 0
I1014 14:36:32.213747  7968 work_thread.hpp:81]  [T-Work-Detect_0] Run work: WorkDetect
I1014 14:36:32.213784  7968 work_detect.cpp:102] Succeeded to add det start for frame 4
I1014 14:36:32.220602  7968 work_detect.cpp:70] Frame :4 detect result :1 face(s)
W1014 14:36:32.220630  7968 work_detect.cpp:83] Invalid bbox: [156 x 209 from (252, 156)]
I1014 14:36:32.220701  7968 work_detect.cpp:120] Succeeded to add det end for frame 4
I1014 14:36:32.220717  7968 work_thread.hpp:81]  [T-Work-Detect_0] Run work: WrokTrack
I1014 14:36:32.220743  7968 work_track.cpp:102] Succeeded to set track lock for frame 4
I1014 14:36:32.220769  7968 work_track.cpp:116] Succeeded to release track lock for frame 4
I1014 14:36:32.220783  7968 work_track.cpp:120] Track results of frame 4: 0 objects input, 0 objects tracked!
I1014 14:36:32.220801  7968 work_thread.hpp:87]  [T-Work-Detect_0] Frame :4 split
I1014 14:36:32.220847  7971 thread_intergrate.hpp:78] [T-Intergrate-intergrate] queue: frame output frame :4
I1014 14:36:32.222396  7967 demo_inner.hpp:435] thread [SORT-0]  frame id 4 sorting queue size 0   FPS: 28.3019
I1014 14:36:32.222462  7966 demo_inner.hpp:260]  gui queue size 0, state = running
I1014 14:36:32.243573  7965 demo_inner.hpp:177] decode queue size 0
I1014 14:36:32.243685  7968 work_thread.hpp:81]  [T-Work-Detect_0] Run work: WorkDetect
I1014 14:36:32.243722  7968 work_detect.cpp:102] Succeeded to add det start for frame 5
I1014 14:36:32.250466  7968 work_detect.cpp:70] Frame :5 detect result :1 face(s)
W1014 14:36:32.250495  7968 work_detect.cpp:83] Invalid bbox: [154 x 202 from (255, 161)]
I1014 14:36:32.250568  7968 work_detect.cpp:120] Succeeded to add det end for frame 5
I1014 14:36:32.250586  7968 work_thread.hpp:81]  [T-Work-Detect_0] Run work: WrokTrack
I1014 14:36:32.250612  7968 work_track.cpp:102] Succeeded to set track lock for frame 5
I1014 14:36:32.250638  7968 work_track.cpp:116] Succeeded to release track lock for frame 5
I1014 14:36:32.250653  7968 work_track.cpp:120] Track results of frame 5: 0 objects input, 0 objects tracked!
I1014 14:36:32.250721  7968 work_thread.hpp:87]  [T-Work-Detect_0] Frame :5 split
I1014 14:36:32.250773  7971 thread_intergrate.hpp:78] [T-Intergrate-intergrate] queue: frame output frame :5
I1014 14:36:32.252208  7967 demo_inner.hpp:435] thread [SORT-0]  frame id 5 sorting queue size 0   FPS: 29.4118
I1014 14:36:32.252276  7966 demo_inner.hpp:260]  gui queue size 0, state = running
I1014 14:36:32.279544  7965 demo_inner.hpp:177] decode queue size 0
I1014 14:36:32.279665  7968 work_thread.hpp:81]  [T-Work-Detect_0] Run work: WorkDetect
I1014 14:36:32.279706  7968 work_detect.cpp:102] Succeeded to add det start for frame 6
I1014 14:36:32.286540  7968 work_detect.cpp:70] Frame :6 detect result :2 face(s)
W1014 14:36:32.286569  7968 work_detect.cpp:83] Invalid bbox: [154 x 204 from (253, 159)]
I1014 14:36:32.286633  7968 work_detect.cpp:86] Detected bbox: [54 x 53 from (97, 214)]
I1014 14:36:32.286672  7968 work_detect.cpp:120] Succeeded to add det end for frame 6
I1014 14:36:32.286689  7968 work_thread.hpp:81]  [T-Work-Detect_0] Run work: WrokTrack
I1014 14:36:32.286710  7968 work_track.cpp:82] Frame: 6 build input_characts: [0.084375 x 0.147222 from (0.151562, 0.594444)], 0.918981, 0
I1014 14:36:32.286767  7968 work_track.cpp:102] Succeeded to set track lock for frame 6
I1014 14:36:32.286801  7968 work_track.cpp:116] Succeeded to release track lock for frame 6
I1014 14:36:32.286815  7968 work_track.cpp:120] Track results of frame 6: 1 objects input, 0 objects tracked!
I1014 14:36:32.286834  7968 work_track.cpp:162] Frame: 6 lid: 1 not tracked, will set invalid
I1014 14:36:32.286849  7968 work_thread.hpp:87]  [T-Work-Detect_0] Frame :6 split
I1014 14:36:32.286865  7968 work_thread.hpp:123]  [T-Work-Detect_0] Invalid piece: lid = 1, drop it
I1014 14:36:32.286908  7971 thread_intergrate.hpp:78] [T-Intergrate-intergrate] queue: frame output frame :6
I1014 14:36:32.288394  7967 demo_inner.hpp:435] thread [SORT-0]  frame id 6 sorting queue size 0   FPS: 28.9017
I1014 14:36:32.288455  7966 demo_inner.hpp:260]  gui queue size 0, state = running
I1014 14:36:32.309957  7965 demo_inner.hpp:177] decode queue size 0
I1014 14:36:32.310084  7968 work_thread.hpp:81]  [T-Work-Detect_0] Run work: WorkDetect
I1014 14:36:32.310124  7968 work_detect.cpp:102] Succeeded to add det start for frame 7
I1014 14:36:32.316710  7968 work_detect.cpp:70] Frame :7 detect result :1 face(s)
I1014 14:36:32.316751  7968 work_detect.cpp:86] Detected bbox: [149 x 196 from (255, 163)]
I1014 14:36:32.316794  7968 work_detect.cpp:120] Succeeded to add det end for frame 7
I1014 14:36:32.316810  7968 work_thread.hpp:81]  [T-Work-Detect_0] Run work: WrokTrack
I1014 14:36:32.316835  7968 work_track.cpp:82] Frame: 7 build input_characts: [0.232812 x 0.544444 from (0.398438, 0.452778)], 0.999622, 0
I1014 14:36:32.316892  7968 work_track.cpp:102] Succeeded to set track lock for frame 7
I1014 14:36:32.316953  7968 work_track.cpp:116] Succeeded to release track lock for frame 7
I1014 14:36:32.316967  7968 work_track.cpp:120] Track results of frame 7: 1 objects input, 0 objects tracked!
I1014 14:36:32.316985  7968 work_track.cpp:162] Frame: 7 lid: 0 not tracked, will set invalid
I1014 14:36:32.317001  7968 work_thread.hpp:87]  [T-Work-Detect_0] Frame :7 split
I1014 14:36:32.317018  7968 work_thread.hpp:123]  [T-Work-Detect_0] Invalid piece: lid = 0, drop it
I1014 14:36:32.317072  7971 thread_intergrate.hpp:78] [T-Intergrate-intergrate] queue: frame output frame :7
I1014 14:36:32.318598  7967 demo_inner.hpp:435] thread [SORT-0]  frame id 7 sorting queue size 0   FPS: 29.5567
I1014 14:36:32.318663  7966 demo_inner.hpp:260]  gui queue size 0, state = running
I1014 14:36:32.345973  7965 demo_inner.hpp:177] decode queue size 0
I1014 14:36:32.346117  7968 work_thread.hpp:81]  [T-Work-Detect_0] Run work: WorkDetect
I1014 14:36:32.346156  7968 work_detect.cpp:102] Succeeded to add det start for frame 8
I1014 14:36:32.352850  7968 work_detect.cpp:70] Frame :8 detect result :1 face(s)
W1014 14:36:32.352890  7968 work_detect.cpp:83] Invalid bbox: [152 x 203 from (254, 159)]
I1014 14:36:32.353008  7968 work_detect.cpp:120] Succeeded to add det end for frame 8
I1014 14:36:32.353027  7968 work_thread.hpp:81]  [T-Work-Detect_0] Run work: WrokTrack
I1014 14:36:32.353055  7968 work_track.cpp:102] Succeeded to set track lock for frame 8
I1014 14:36:32.353091  7968 work_track.cpp:116] Succeeded to release track lock for frame 8
I1014 14:36:32.353106  7968 work_track.cpp:120] Track results of frame 8: 0 objects input, 0 objects tracked!
I1014 14:36:32.353124  7968 work_thread.hpp:87]  [T-Work-Detect_0] Frame :8 split
I1014 14:36:32.353175  7971 thread_intergrate.hpp:78] [T-Intergrate-intergrate] queue: frame output frame :8
I1014 14:36:32.354707  7967 demo_inner.hpp:435] thread [SORT-0]  frame id 8 sorting queue size 0   FPS: 29.2887
I1014 14:36:32.354779  7966 demo_inner.hpp:260]  gui queue size 0, state = running
I1014 14:36:32.382133  7965 demo_inner.hpp:177] decode queue size 0
I1014 14:36:32.382297  7968 work_thread.hpp:81]  [T-Work-Detect_0] Run work: WorkDetect
I1014 14:36:32.382340  7968 work_detect.cpp:102] Succeeded to add det start for frame 9
I1014 14:36:32.389536  7968 work_detect.cpp:70] Frame :9 detect result :1 face(s)
W1014 14:36:32.389596  7968 work_detect.cpp:83] Invalid bbox: [152 x 200 from (255, 161)]
I1014 14:36:32.389690  7968 work_detect.cpp:120] Succeeded to add det end for frame 9
I1014 14:36:32.389710  7968 work_thread.hpp:81]  [T-Work-Detect_0] Run work: WrokTrack
I1014 14:36:32.389739  7968 work_track.cpp:102] Succeeded to set track lock for frame 9
I1014 14:36:32.389777  7968 work_track.cpp:116] Succeeded to release track lock for frame 9
I1014 14:36:32.389792  7968 work_track.cpp:120] Track results of frame 9: 0 objects input, 0 objects tracked!
I1014 14:36:32.389811  7968 work_thread.hpp:87]  [T-Work-Detect_0] Frame :9 split
I1014 14:36:32.389894  7971 thread_intergrate.hpp:78] [T-Intergrate-intergrate] queue: frame output frame :9
I1014 14:36:32.391592  7967 demo_inner.hpp:435] thread [SORT-0]  frame id 9 sorting queue size 0   FPS: 28.9855
I1014 14:36:32.391664  7966 demo_inner.hpp:260]  gui queue size 0, state = running
I1014 14:36:32.411856  7965 demo_inner.hpp:177] decode queue size 0
I1014 14:36:32.411972  7968 work_thread.hpp:81]  [T-Work-Detect_0] Run work: WorkDetect
I1014 14:36:32.412011  7968 work_detect.cpp:102] Succeeded to add det start for frame 10
I1014 14:36:32.419183  7968 work_detect.cpp:70] Frame :10 detect result :1 face(s)
I1014 14:36:32.419267  7968 work_detect.cpp:86] Detected bbox: [151 x 200 from (253, 160)]
I1014 14:36:32.419330  7968 work_detect.cpp:120] Succeeded to add det end for frame 10
I1014 14:36:32.419348  7968 work_thread.hpp:81]  [T-Work-Detect_0] Run work: WrokTrack
I1014 14:36:32.419375  7968 work_track.cpp:82] Frame: 10 build input_characts: [0.235938 x 0.555556 from (0.395312, 0.444444)], 0.998877, 0
I1014 14:36:32.419446  7968 work_track.cpp:102] Succeeded to set track lock for frame 10
I1014 14:36:32.419487  7968 work_track.cpp:116] Succeeded to release track lock for frame 10
I1014 14:36:32.419502  7968 work_track.cpp:120] Track results of frame 10: 1 objects input, 0 objects tracked!
I1014 14:36:32.419520  7968 work_track.cpp:162] Frame: 10 lid: 0 not tracked, will set invalid
I1014 14:36:32.419536  7968 work_thread.hpp:87]  [T-Work-Detect_0] Frame :10 split
I1014 14:36:32.419553  7968 work_thread.hpp:123]  [T-Work-Detect_0] Invalid piece: lid = 0, drop it
I1014 14:36:32.419631  7971 thread_intergrate.hpp:78] [T-Intergrate-intergrate] queue: frame output frame :10
I1014 14:36:32.421274  7967 demo_inner.hpp:435] thread [SORT-0]  frame id 10 sorting queue size 0   FPS: 29.5082
I1014 14:36:32.421497  7966 demo_inner.hpp:260]  gui queue size 0, state = running
I1014 14:36:32.447896  7965 demo_inner.hpp:177] decode queue size 0
I1014 14:36:32.448031  7968 work_thread.hpp:81]  [T-Work-Detect_0] Run work: WorkDetect
I1014 14:36:32.448071  7968 work_detect.cpp:102] Succeeded to add det start for frame 11
I1014 14:36:32.455211  7968 work_detect.cpp:70] Frame :11 detect result :1 face(s)
W1014 14:36:32.455291  7968 work_detect.cpp:83] Invalid bbox: [153 x 203 from (253, 159)]
I1014 14:36:32.455462  7968 work_detect.cpp:120] Succeeded to add det end for frame 11
I1014 14:36:32.455480  7968 work_thread.hpp:81]  [T-Work-Detect_0] Run work: WrokTrack
I1014 14:36:32.455513  7968 work_track.cpp:102] Succeeded to set track lock for frame 11
I1014 14:36:32.455545  7968 work_track.cpp:116] Succeeded to release track lock for frame 11
I1014 14:36:32.455559  7968 work_track.cpp:120] Track results of frame 11: 0 objects input, 0 objects tracked!
I1014 14:36:32.455579  7968 work_thread.hpp:87]  [T-Work-Detect_0] Frame :11 split
I1014 14:36:32.455669  7971 thread_intergrate.hpp:78] [T-Intergrate-intergrate] queue: frame output frame :11
I1014 14:36:32.457208  7967 demo_inner.hpp:435] thread [SORT-0]  frame id 11 sorting queue size 0   FPS: 29.3255
I1014 14:36:32.457321  7966 demo_inner.hpp:260]  gui queue size 0, state = running
I1014 14:36:32.477887  7965 demo_inner.hpp:177] decode queue size 0
I1014 14:36:32.478045  7968 work_thread.hpp:81]  [T-Work-Detect_0] Run work: WorkDetect
I1014 14:36:32.478087  7968 work_detect.cpp:102] Succeeded to add det start for frame 12
I1014 14:36:32.485255  7968 work_detect.cpp:70] Frame :12 detect result :2 face(s)
W1014 14:36:32.485319  7968 work_detect.cpp:83] Invalid bbox: [153 x 204 from (251, 158)]
I1014 14:36:32.485396  7968 work_detect.cpp:86] Detected bbox: [48 x 45 from (96, 220)]
I1014 14:36:32.485443  7968 work_detect.cpp:120] Succeeded to add det end for frame 12
I1014 14:36:32.485460  7968 work_thread.hpp:81]  [T-Work-Detect_0] Run work: WrokTrack
I1014 14:36:32.485486  7968 work_track.cpp:82] Frame: 12 build input_characts: [0.075 x 0.125 from (0.15, 0.611111)], 0.932765, 0
I1014 14:36:32.485548  7968 work_track.cpp:102] Succeeded to set track lock for frame 12
I1014 14:36:32.485595  7968 work_track.cpp:116] Succeeded to release track lock for frame 12
I1014 14:36:32.485610  7968 work_track.cpp:120] Track results of frame 12: 1 objects input, 0 objects tracked!
I1014 14:36:32.485628  7968 work_track.cpp:162] Frame: 12 lid: 1 not tracked, will set invalid
I1014 14:36:32.485644  7968 work_thread.hpp:87]  [T-Work-Detect_0] Frame :12 split
I1014 14:36:32.485662  7968 work_thread.hpp:123]  [T-Work-Detect_0] Invalid piece: lid = 1, drop it
I1014 14:36:32.485736  7971 thread_intergrate.hpp:78] [T-Intergrate-intergrate] queue: frame output frame :12
I1014 14:36:32.487339  7967 demo_inner.hpp:435] thread [SORT-0]  frame id 12 sorting queue size 0   FPS: 29.6496
I1014 14:36:32.487599  7966 demo_inner.hpp:260]  gui queue size 0, state = running
I1014 14:36:32.513797  7965 demo_inner.hpp:177] decode queue size 0
I1014 14:36:32.513916  7968 work_thread.hpp:81]  [T-Work-Detect_0] Run work: WorkDetect
I1014 14:36:32.513957  7968 work_detect.cpp:102] Succeeded to add det start for frame 13
I1014 14:36:32.520596  7968 work_detect.cpp:70] Frame :13 detect result :2 face(s)
W1014 14:36:32.520638  7968 work_detect.cpp:83] Invalid bbox: [153 x 202 from (251, 160)]
I1014 14:36:32.520700  7968 work_detect.cpp:86] Detected bbox: [47 x 47 from (97, 220)]
I1014 14:36:32.520743  7968 work_detect.cpp:120] Succeeded to add det end for frame 13
I1014 14:36:32.520759  7968 work_thread.hpp:81]  [T-Work-Detect_0] Run work: WrokTrack
I1014 14:36:32.520784  7968 work_track.cpp:82] Frame: 13 build input_characts: [0.0734375 x 0.130556 from (0.151562, 0.611111)], 0.945356, 0
I1014 14:36:32.520841  7968 work_track.cpp:102] Succeeded to set track lock for frame 13
I1014 14:36:32.520898  7968 work_track.cpp:116] Succeeded to release track lock for frame 13
I1014 14:36:32.520913  7968 work_track.cpp:120] Track results of frame 13: 1 objects input, 0 objects tracked!
I1014 14:36:32.520931  7968 work_track.cpp:162] Frame: 13 lid: 1 not tracked, will set invalid
I1014 14:36:32.520946  7968 work_thread.hpp:87]  [T-Work-Detect_0] Frame :13 split
I1014 14:36:32.520963  7968 work_thread.hpp:123]  [T-Work-Detect_0] Invalid piece: lid = 1, drop it
I1014 14:36:32.521010  7971 thread_intergrate.hpp:78] [T-Intergrate-intergrate] queue: frame output frame :13
I1014 14:36:32.522526  7967 demo_inner.hpp:435] thread [SORT-0]  frame id 13 sorting queue size 0   FPS: 29.484
I1014 14:36:32.522642  7966 demo_inner.hpp:260]  gui queue size 0, state = running
I1014 14:36:32.543468  7965 demo_inner.hpp:177] decode queue size 0
I1014 14:36:32.543565  7968 work_thread.hpp:81]  [T-Work-Detect_0] Run work: WorkDetect
I1014 14:36:32.543603  7968 work_detect.cpp:102] Succeeded to add det start for frame 14
I1014 14:36:32.550230  7968 work_detect.cpp:70] Frame :14 detect result :2 face(s)
W1014 14:36:32.550276  7968 work_detect.cpp:83] Invalid bbox: [152 x 203 from (252, 160)]
I1014 14:36:32.550338  7968 work_detect.cpp:86] Detected bbox: [50 x 49 from (94, 219)]
I1014 14:36:32.550379  7968 work_detect.cpp:120] Succeeded to add det end for frame 14
I1014 14:36:32.550396  7968 work_thread.hpp:81]  [T-Work-Detect_0] Run work: WrokTrack
I1014 14:36:32.550420  7968 work_track.cpp:82] Frame: 14 build input_characts: [0.078125 x 0.136111 from (0.146875, 0.608333)], 0.945356, 0
I1014 14:36:32.550477  7968 work_track.cpp:102] Succeeded to set track lock for frame 14
I1014 14:36:32.550539  7968 work_track.cpp:116] Succeeded to release track lock for frame 14
I1014 14:36:32.550554  7968 work_track.cpp:120] Track results of frame 14: 1 objects input, 1 objects tracked!
I1014 14:36:32.550571  7968 work_track.cpp:148] Frame: 14, track bbox: [50 x 49 from (94.3316, 219.167)], gid: 1, lid: 0
I1014 14:36:32.550606  7968 work_thread.hpp:87]  [T-Work-Detect_0] Frame :14 split
I1014 14:36:32.550624  7968 work_thread.hpp:119]  [T-Work-Detect_0] Valid piece: gid = 1
I1014 14:36:32.550642  7968 work_thread.hpp:91]  [T-Work-Detect_0] Push to split queue:recog
I1014 14:36:32.550686  7969 work_thread.hpp:81]  [T-Work-Recog_0] Run work: WorkCapture
I1014 14:36:32.551708  7971 thread_intergrate.hpp:78] [T-Intergrate-intergrate] queue: frame output frame :14
I1014 14:36:32.552064  7969 work_thread.hpp:81]  [T-Work-Recog_0] Run work: WorkRecog
W1014 14:36:32.552088  7969 work_recog.hpp:118] Face id: 1 has low quality : 0.0133534, no need to recog
I1014 14:36:32.552147  7969 work_thread.hpp:81]  [T-Work-Recog_0] Run work: WorkCompare
I1014 14:36:32.553231  7967 demo_inner.hpp:435] thread [SORT-0]  frame id 14 sorting queue size 0   FPS: 29.7483
I1014 14:36:32.553297  7966 demo_inner.hpp:260]  gui queue size 0, state = running
I1014 14:36:32.579392  7965 demo_inner.hpp:177] decode queue size 0
I1014 14:36:32.579504  7968 work_thread.hpp:81]  [T-Work-Detect_0] Run work: WorkDetect
I1014 14:36:32.579541  7968 work_detect.cpp:102] Succeeded to add det start for frame 15
I1014 14:36:32.586287  7968 work_detect.cpp:70] Frame :15 detect result :2 face(s)
W1014 14:36:32.586333  7968 work_detect.cpp:83] Invalid bbox: [151 x 202 from (253, 161)]
I1014 14:36:32.586395  7968 work_detect.cpp:86] Detected bbox: [50 x 52 from (94, 217)]
I1014 14:36:32.586438  7968 work_detect.cpp:120] Succeeded to add det end for frame 15
I1014 14:36:32.586455  7968 work_thread.hpp:81]  [T-Work-Detect_0] Run work: WrokTrack
I1014 14:36:32.586478  7968 work_track.cpp:82] Frame: 15 build input_characts: [0.078125 x 0.144444 from (0.146875, 0.602778)], 0.974302, 0
I1014 14:36:32.586534  7968 work_track.cpp:102] Succeeded to set track lock for frame 15
I1014 14:36:32.586573  7968 work_track.cpp:116] Succeeded to release track lock for frame 15
I1014 14:36:32.586588  7968 work_track.cpp:120] Track results of frame 15: 1 objects input, 1 objects tracked!
I1014 14:36:32.586606  7968 work_track.cpp:148] Frame: 15, track bbox: [50 x 52 from (93.949, 217.349)], gid: 1, lid: 0
I1014 14:36:32.586640  7968 work_thread.hpp:87]  [T-Work-Detect_0] Frame :15 split
I1014 14:36:32.586658  7968 work_thread.hpp:119]  [T-Work-Detect_0] Valid piece: gid = 1
I1014 14:36:32.586676  7968 work_thread.hpp:91]  [T-Work-Detect_0] Push to split queue:recog
I1014 14:36:32.586724  7970 work_thread.hpp:81]  [T-Work-Recog_1] Run work: WorkCapture
I1014 14:36:32.587003  7971 thread_intergrate.hpp:78] [T-Intergrate-intergrate] queue: frame output frame :15
I1014 14:36:32.587239  7970 work_thread.hpp:81]  [T-Work-Recog_1] Run work: WorkRecog
W1014 14:36:32.587306  7970 work_recog.hpp:118] Face id: 1 has low quality : 0.0133538, no need to recog
I1014 14:36:32.587345  7970 work_thread.hpp:81]  [T-Work-Recog_1] Run work: WorkCompare
I1014 14:36:32.588582  7967 demo_inner.hpp:435] thread [SORT-0]  frame id 15 sorting queue size 0   FPS: 29.5983
I1014 14:36:32.588644  7966 demo_inner.hpp:260]  gui queue size 0, state = running
I1014 14:36:32.615360  7965 demo_inner.hpp:177] decode queue size 0
I1014 14:36:32.615469  7968 work_thread.hpp:81]  [T-Work-Detect_0] Run work: WorkDetect
I1014 14:36:32.615506  7968 work_detect.cpp:102] Succeeded to add det start for frame 16
I1014 14:36:32.622170  7968 work_detect.cpp:70] Frame :16 detect result :2 face(s)
W1014 14:36:32.622215  7968 work_detect.cpp:83] Invalid bbox: [152 x 202 from (254, 161)]
I1014 14:36:32.622278  7968 work_detect.cpp:86] Detected bbox: [52 x 56 from (92, 212)]
I1014 14:36:32.622320  7968 work_detect.cpp:120] Succeeded to add det end for frame 16
I1014 14:36:32.622336  7968 work_thread.hpp:81]  [T-Work-Detect_0] Run work: WrokTrack
I1014 14:36:32.622361  7968 work_track.cpp:82] Frame: 16 build input_characts: [0.08125 x 0.155556 from (0.14375, 0.588889)], 0.913488, 0
I1014 14:36:32.622419  7968 work_track.cpp:102] Succeeded to set track lock for frame 16
I1014 14:36:32.622460  7968 work_track.cpp:116] Succeeded to release track lock for frame 16
I1014 14:36:32.622475  7968 work_track.cpp:120] Track results of frame 16: 1 objects input, 1 objects tracked!
I1014 14:36:32.622493  7968 work_track.cpp:148] Frame: 16, track bbox: [52 x 56 from (92.2009, 213.399)], gid: 1, lid: 0
I1014 14:36:32.622529  7968 work_thread.hpp:87]  [T-Work-Detect_0] Frame :16 split
I1014 14:36:32.622546  7968 work_thread.hpp:119]  [T-Work-Detect_0] Valid piece: gid = 1
I1014 14:36:32.622565  7968 work_thread.hpp:91]  [T-Work-Detect_0] Push to split queue:recog
I1014 14:36:32.622612  7969 work_thread.hpp:81]  [T-Work-Recog_0] Run work: WorkCapture
I1014 14:36:32.622884  7971 thread_intergrate.hpp:78] [T-Intergrate-intergrate] queue: frame output frame :16
I1014 14:36:32.623116  7969 work_thread.hpp:81]  [T-Work-Recog_0] Run work: WorkRecog
W1014 14:36:32.623138  7969 work_recog.hpp:118] Face id: 1 has low quality : 0.0133515, no need to recog
I1014 14:36:32.623183  7969 work_thread.hpp:81]  [T-Work-Recog_0] Run work: WorkCompare
I1014 14:36:32.624406  7967 demo_inner.hpp:435] thread [SORT-0]  frame id 16 sorting queue size 0   FPS: 29.4695
I1014 14:36:32.624471  7966 demo_inner.hpp:260]  gui queue size 0, state = running
I1014 14:36:32.645699  7965 demo_inner.hpp:177] decode queue size 0
I1014 14:36:32.645843  7968 work_thread.hpp:81]  [T-Work-Detect_0] Run work: WorkDetect
I1014 14:36:32.645885  7968 work_detect.cpp:102] Succeeded to add det start for frame 17
I1014 14:36:32.652833  7968 work_detect.cpp:70] Frame :17 detect result :2 face(s)
W1014 14:36:32.652884  7968 work_detect.cpp:83] Invalid bbox: [151 x 202 from (255, 161)]
I1014 14:36:32.652947  7968 work_detect.cpp:86] Detected bbox: [56 x 67 from (89, 208)]
I1014 14:36:32.652992  7968 work_detect.cpp:120] Succeeded to add det end for frame 17
I1014 14:36:32.653008  7968 work_thread.hpp:81]  [T-Work-Detect_0] Run work: WrokTrack
I1014 14:36:32.653031  7968 work_track.cpp:82] Frame: 17 build input_characts: [0.0875 x 0.186111 from (0.139062, 0.577778)], 0.962122, 0
I1014 14:36:32.653087  7968 work_track.cpp:102] Succeeded to set track lock for frame 17
I1014 14:36:32.653127  7968 work_track.cpp:116] Succeeded to release track lock for frame 17
I1014 14:36:32.653142  7968 work_track.cpp:120] Track results of frame 17: 1 objects input, 1 objects tracked!
I1014 14:36:32.653160  7968 work_track.cpp:148] Frame: 17, track bbox: [56 x 67 from (89.3111, 207.696)], gid: 1, lid: 0
I1014 14:36:32.653195  7968 work_thread.hpp:87]  [T-Work-Detect_0] Frame :17 split
I1014 14:36:32.653213  7968 work_thread.hpp:119]  [T-Work-Detect_0] Valid piece: gid = 1
I1014 14:36:32.653232  7968 work_thread.hpp:91]  [T-Work-Detect_0] Push to split queue:recog
I1014 14:36:32.653342  7969 work_thread.hpp:81]  [T-Work-Recog_0] Run work: WorkCapture
I1014 14:36:32.653626  7971 thread_intergrate.hpp:78] [T-Intergrate-intergrate] queue: frame output frame :17
I1014 14:36:32.653861  7969 work_thread.hpp:81]  [T-Work-Recog_0] Run work: WorkRecog
W1014 14:36:32.653882  7969 work_recog.hpp:118] Face id: 1 has low quality : 0.0150224, no need to recog
I1014 14:36:32.653920  7969 work_thread.hpp:81]  [T-Work-Recog_0] Run work: WorkCompare
I1014 14:36:32.655177  7967 demo_inner.hpp:435] thread [SORT-0]  frame id 17 sorting queue size 0   FPS: 29.6846
I1014 14:36:32.655241  7966 demo_inner.hpp:260]  gui queue size 0, state = running
I1014 14:36:32.681387  7965 demo_inner.hpp:177] decode queue size 0
I1014 14:36:32.681491  7968 work_thread.hpp:81]  [T-Work-Detect_0] Run work: WorkDetect
I1014 14:36:32.681529  7968 work_detect.cpp:102] Succeeded to add det start for frame 18
I1014 14:36:32.688104  7968 work_detect.cpp:70] Frame :18 detect result :1 face(s)
I1014 14:36:32.688146  7968 work_detect.cpp:86] Detected bbox: [148 x 196 from (254, 162)]
I1014 14:36:32.688200  7968 work_detect.cpp:120] Succeeded to add det end for frame 18
I1014 14:36:32.688217  7968 work_thread.hpp:81]  [T-Work-Detect_0] Run work: WrokTrack
I1014 14:36:32.688241  7968 work_track.cpp:82] Frame: 18 build input_characts: [0.23125 x 0.544444 from (0.396875, 0.45)], 0.999885, 0
I1014 14:36:32.688297  7968 work_track.cpp:102] Succeeded to set track lock for frame 18
I1014 14:36:32.688338  7968 work_track.cpp:116] Succeeded to release track lock for frame 18
I1014 14:36:32.688354  7968 work_track.cpp:120] Track results of frame 18: 1 objects input, 1 objects tracked!
I1014 14:36:32.688371  7968 work_track.cpp:148] Frame: 18, track bbox: [56 x 67 from (88.6684, 207.238)], gid: 1, lid: -1
I1014 14:36:32.688405  7968 work_track.cpp:162] Frame: 18 lid: 0 not tracked, will set invalid
I1014 14:36:32.688421  7968 work_thread.hpp:87]  [T-Work-Detect_0] Frame :18 split
I1014 14:36:32.688438  7968 work_thread.hpp:123]  [T-Work-Detect_0] Invalid piece: lid = 0, drop it
I1014 14:36:32.688482  7971 thread_intergrate.hpp:78] [T-Intergrate-intergrate] queue: frame output frame :18
I1014 14:36:32.689944  7967 demo_inner.hpp:435] thread [SORT-0]  frame id 18 sorting queue size 0   FPS: 29.6167
I1014 14:36:32.690007  7966 demo_inner.hpp:260]  gui queue size 0, state = running
I1014 14:36:32.711542  7965 demo_inner.hpp:177] decode queue size 0
I1014 14:36:32.711644  7968 work_thread.hpp:81]  [T-Work-Detect_0] Run work: WorkDetect
I1014 14:36:32.711683  7968 work_detect.cpp:102] Succeeded to add det start for frame 19
I1014 14:36:32.718273  7968 work_detect.cpp:70] Frame :19 detect result :1 face(s)
W1014 14:36:32.718317  7968 work_detect.cpp:83] Invalid bbox: [149 x 200 from (254, 162)]
I1014 14:36:32.718390  7968 work_detect.cpp:120] Succeeded to add det end for frame 19
I1014 14:36:32.718408  7968 work_thread.hpp:81]  [T-Work-Detect_0] Run work: WrokTrack
I1014 14:36:32.718434  7968 work_track.cpp:102] Succeeded to set track lock for frame 19
I1014 14:36:32.718467  7968 work_track.cpp:116] Succeeded to release track lock for frame 19
I1014 14:36:32.718482  7968 work_track.cpp:120] Track results of frame 19: 0 objects input, 0 objects tracked!
I1014 14:36:32.718500  7968 work_thread.hpp:87]  [T-Work-Detect_0] Frame :19 split
I1014 14:36:32.718549  7971 thread_intergrate.hpp:78] [T-Intergrate-intergrate] queue: frame output frame :19
I1014 14:36:32.720064  7967 demo_inner.hpp:435] thread [SORT-0]  frame id 19 sorting queue size 0   FPS: 29.8013
I1014 14:36:32.720135  7966 demo_inner.hpp:260]  gui queue size 0, state = running
I1014 14:36:32.747500  7965 demo_inner.hpp:177] decode queue size 0
I1014 14:36:32.747611  7968 work_thread.hpp:81]  [T-Work-Detect_0] Run work: WorkDetect
I1014 14:36:32.747648  7968 work_detect.cpp:102] Succeeded to add det start for frame 20
I1014 14:36:32.754312  7968 work_detect.cpp:70] Frame :20 detect result :2 face(s)
I1014 14:36:32.754356  7968 work_detect.cpp:86] Detected bbox: [147 x 195 from (255, 164)]
I1014 14:36:32.754460  7968 work_detect.cpp:86] Detected bbox: [56 x 64 from (89, 212)]
I1014 14:36:32.754492  7968 work_detect.cpp:120] Succeeded to add det end for frame 20
I1014 14:36:32.754509  7968 work_thread.hpp:81]  [T-Work-Detect_0] Run work: WrokTrack
I1014 14:36:32.754531  7968 work_track.cpp:82] Frame: 20 build input_characts: [0.229687 x 0.541667 from (0.398438, 0.455556)], 1.00008, 0
I1014 14:36:32.754585  7968 work_track.cpp:82] Frame: 20 build input_characts: [0.0875 x 0.177778 from (0.139062, 0.588889)], 0.968742, 1
I1014 14:36:32.754649  7968 work_track.cpp:102] Succeeded to set track lock for frame 20
I1014 14:36:32.754694  7968 work_track.cpp:116] Succeeded to release track lock for frame 20
I1014 14:36:32.754709  7968 work_track.cpp:120] Track results of frame 20: 2 objects input, 0 objects tracked!
I1014 14:36:32.754727  7968 work_track.cpp:162] Frame: 20 lid: 0 not tracked, will set invalid
I1014 14:36:32.754741  7968 work_track.cpp:162] Frame: 20 lid: 1 not tracked, will set invalid
I1014 14:36:32.754756  7968 work_thread.hpp:87]  [T-Work-Detect_0] Frame :20 split
I1014 14:36:32.754772  7968 work_thread.hpp:123]  [T-Work-Detect_0] Invalid piece: lid = 0, drop it
I1014 14:36:32.754787  7968 work_thread.hpp:123]  [T-Work-Detect_0] Invalid piece: lid = 1, drop it
I1014 14:36:32.754828  7971 thread_intergrate.hpp:78] [T-Intergrate-intergrate] queue: frame output frame :20
I1014 14:36:32.756378  7967 demo_inner.hpp:435] thread [SORT-0]  frame id 20 sorting queue size 0   FPS: 29.6412
I1014 14:36:32.756448  7966 demo_inner.hpp:260]  gui queue size 0, state = running
I1014 14:36:32.777565  7965 demo_inner.hpp:177] decode queue size 0
I1014 14:36:32.777663  7968 work_thread.hpp:81]  [T-Work-Detect_0] Run work: WorkDetect
I1014 14:36:32.777700  7968 work_detect.cpp:102] Succeeded to add det start for frame 21
I1014 14:36:32.784387  7968 work_detect.cpp:70] Frame :21 detect result :2 face(s)
W1014 14:36:32.784433  7968 work_detect.cpp:83] Invalid bbox: [152 x 202 from (252, 160)]
I1014 14:36:32.784499  7968 work_detect.cpp:86] Detected bbox: [52 x 56 from (90, 216)]
I1014 14:36:32.784545  7968 work_detect.cpp:120] Succeeded to add det end for frame 21
I1014 14:36:32.784562  7968 work_thread.hpp:81]  [T-Work-Detect_0] Run work: WrokTrack
I1014 14:36:32.784586  7968 work_track.cpp:82] Frame: 21 build input_characts: [0.08125 x 0.155556 from (0.140625, 0.6)], 0.967082, 0
I1014 14:36:32.784643  7968 work_track.cpp:102] Succeeded to set track lock for frame 21
I1014 14:36:32.784683  7968 work_track.cpp:116] Succeeded to release track lock for frame 21
I1014 14:36:32.784698  7968 work_track.cpp:120] Track results of frame 21: 1 objects input, 0 objects tracked!
I1014 14:36:32.784716  7968 work_track.cpp:162] Frame: 21 lid: 1 not tracked, will set invalid
I1014 14:36:32.784731  7968 work_thread.hpp:87]  [T-Work-Detect_0] Frame :21 split
I1014 14:36:32.784749  7968 work_thread.hpp:123]  [T-Work-Detect_0] Invalid piece: lid = 1, drop it
I1014 14:36:32.784816  7971 thread_intergrate.hpp:78] [T-Intergrate-intergrate] queue: frame output frame :21
I1014 14:36:32.786324  7967 demo_inner.hpp:435] thread [SORT-0]  frame id 21 sorting queue size 0   FPS: 29.8507
I1014 14:36:32.786387  7966 demo_inner.hpp:260]  gui queue size 0, state = running
I1014 14:36:32.813530  7965 demo_inner.hpp:177] decode queue size 0
I1014 14:36:32.813642  7968 work_thread.hpp:81]  [T-Work-Detect_0] Run work: WorkDetect
I1014 14:36:32.813680  7968 work_detect.cpp:102] Succeeded to add det start for frame 22
I1014 14:36:32.820569  7968 work_detect.cpp:70] Frame :22 detect result :2 face(s)
W1014 14:36:32.820621  7968 work_detect.cpp:83] Invalid bbox: [151 x 201 from (252, 161)]
I1014 14:36:32.820683  7968 work_detect.cpp:86] Detected bbox: [52 x 55 from (91, 217)]
I1014 14:36:32.820724  7968 work_detect.cpp:120] Succeeded to add det end for frame 22
I1014 14:36:32.820740  7968 work_thread.hpp:81]  [T-Work-Detect_0] Run work: WrokTrack
I1014 14:36:32.820765  7968 work_track.cpp:82] Frame: 22 build input_characts: [0.08125 x 0.152778 from (0.142188, 0.602778)], 0.905415, 0
I1014 14:36:32.820863  7968 work_track.cpp:102] Succeeded to set track lock for frame 22
I1014 14:36:32.820911  7968 work_track.cpp:116] Succeeded to release track lock for frame 22
I1014 14:36:32.820926  7968 work_track.cpp:120] Track results of frame 22: 1 objects input, 1 objects tracked!
I1014 14:36:32.820945  7968 work_track.cpp:148] Frame: 22, track bbox: [52 x 55 from (90.3209, 216.936)], gid: 1, lid: 0
I1014 14:36:32.820979  7968 work_thread.hpp:87]  [T-Work-Detect_0] Frame :22 split
I1014 14:36:32.820997  7968 work_thread.hpp:119]  [T-Work-Detect_0] Valid piece: gid = 1
I1014 14:36:32.821015  7968 work_thread.hpp:91]  [T-Work-Detect_0] Push to split queue:recog
I1014 14:36:32.821063  7969 work_thread.hpp:81]  [T-Work-Recog_0] Run work: WorkCapture
I1014 14:36:32.821326  7971 thread_intergrate.hpp:78] [T-Intergrate-intergrate] queue: frame output frame :22
I1014 14:36:32.821560  7969 work_thread.hpp:81]  [T-Work-Recog_0] Run work: WorkRecog
W1014 14:36:32.821583  7969 work_recog.hpp:118] Face id: 1 has low quality : 0.0150249, no need to recog
I1014 14:36:32.821621  7969 work_thread.hpp:81]  [T-Work-Recog_0] Run work: WorkCompare
I1014 14:36:32.822886  7967 demo_inner.hpp:435] thread [SORT-0]  frame id 22 sorting queue size 0   FPS: 29.703
I1014 14:36:32.822948  7966 demo_inner.hpp:260]  gui queue size 0, state = running
I1014 14:36:32.843696  7965 demo_inner.hpp:177] decode queue size 0
I1014 14:36:32.843794  7968 work_thread.hpp:81]  [T-Work-Detect_0] Run work: WorkDetect
I1014 14:36:32.843833  7968 work_detect.cpp:102] Succeeded to add det start for frame 23
I1014 14:36:32.850505  7968 work_detect.cpp:70] Frame :23 detect result :1 face(s)
W1014 14:36:32.850551  7968 work_detect.cpp:83] Invalid bbox: [146 x 199 from (255, 162)]
I1014 14:36:32.850625  7968 work_detect.cpp:120] Succeeded to add det end for frame 23
I1014 14:36:32.850642  7968 work_thread.hpp:81]  [T-Work-Detect_0] Run work: WrokTrack
I1014 14:36:32.850669  7968 work_track.cpp:102] Succeeded to set track lock for frame 23
I1014 14:36:32.850702  7968 work_track.cpp:116] Succeeded to release track lock for frame 23
I1014 14:36:32.850715  7968 work_track.cpp:120] Track results of frame 23: 0 objects input, 1 objects tracked!
I1014 14:36:32.850733  7968 work_track.cpp:148] Frame: 23, track bbox: [52 x 55 from (90.0318, 217.394)], gid: 1, lid: -1
I1014 14:36:32.850783  7968 work_thread.hpp:87]  [T-Work-Detect_0] Frame :23 split
I1014 14:36:32.850831  7971 thread_intergrate.hpp:78] [T-Intergrate-intergrate] queue: frame output frame :23
I1014 14:36:32.852342  7967 demo_inner.hpp:435] thread [SORT-0]  frame id 23 sorting queue size 0   FPS: 29.8913
I1014 14:36:32.852412  7966 demo_inner.hpp:260]  gui queue size 0, state = running
I1014 14:36:32.879643  7965 demo_inner.hpp:177] decode queue size 0
I1014 14:36:32.879763  7968 work_thread.hpp:81]  [T-Work-Detect_0] Run work: WorkDetect
I1014 14:36:32.879801  7968 work_detect.cpp:102] Succeeded to add det start for frame 24
I1014 14:36:32.886567  7968 work_detect.cpp:70] Frame :24 detect result :1 face(s)
I1014 14:36:32.886615  7968 work_detect.cpp:86] Detected bbox: [164 x 223 from (247, 135)]
I1014 14:36:32.886658  7968 work_detect.cpp:120] Succeeded to add det end for frame 24
I1014 14:36:32.886674  7968 work_thread.hpp:81]  [T-Work-Detect_0] Run work: WrokTrack
I1014 14:36:32.886698  7968 work_track.cpp:82] Frame: 24 build input_characts: [0.25625 x 0.619444 from (0.385938, 0.375)], 1.00019, 0
I1014 14:36:32.886752  7968 work_track.cpp:102] Succeeded to set track lock for frame 24
I1014 14:36:32.886793  7968 work_track.cpp:116] Succeeded to release track lock for frame 24
I1014 14:36:32.886808  7968 work_track.cpp:120] Track results of frame 24: 1 objects input, 0 objects tracked!
I1014 14:36:32.886826  7968 work_track.cpp:162] Frame: 24 lid: 0 not tracked, will set invalid
I1014 14:36:32.886840  7968 work_thread.hpp:87]  [T-Work-Detect_0] Frame :24 split
I1014 14:36:32.886857  7968 work_thread.hpp:123]  [T-Work-Detect_0] Invalid piece: lid = 0, drop it
I1014 14:36:32.886900  7971 thread_intergrate.hpp:78] [T-Intergrate-intergrate] queue: frame output frame :24
I1014 14:36:32.888432  7967 demo_inner.hpp:435] thread [SORT-0]  frame id 24 sorting queue size 0   FPS: 29.7542
I1014 14:36:32.888499  7966 demo_inner.hpp:260]  gui queue size 0, state = running
I1014 14:36:32.915555  7965 demo_inner.hpp:177] decode queue size 0
I1014 14:36:32.915663  7968 work_thread.hpp:81]  [T-Work-Detect_0] Run work: WorkDetect
I1014 14:36:32.915701  7968 work_detect.cpp:102] Succeeded to add det start for frame 25
I1014 14:36:32.922333  7968 work_detect.cpp:70] Frame :25 detect result :2 face(s)
W1014 14:36:32.922379  7968 work_detect.cpp:83] Invalid bbox: [149 x 202 from (254, 161)]
I1014 14:36:32.922442  7968 work_detect.cpp:86] Detected bbox: [52 x 55 from (90, 212)]
I1014 14:36:32.922485  7968 work_detect.cpp:120] Succeeded to add det end for frame 25
I1014 14:36:32.922502  7968 work_thread.hpp:81]  [T-Work-Detect_0] Run work: WrokTrack
I1014 14:36:32.922525  7968 work_track.cpp:82] Frame: 25 build input_characts: [0.08125 x 0.152778 from (0.140625, 0.588889)], 0.932765, 0
I1014 14:36:32.922581  7968 work_track.cpp:102] Succeeded to set track lock for frame 25
I1014 14:36:32.922623  7968 work_track.cpp:116] Succeeded to release track lock for frame 25
I1014 14:36:32.922637  7968 work_track.cpp:120] Track results of frame 25: 1 objects input, 0 objects tracked!
I1014 14:36:32.922655  7968 work_track.cpp:162] Frame: 25 lid: 1 not tracked, will set invalid
I1014 14:36:32.922670  7968 work_thread.hpp:87]  [T-Work-Detect_0] Frame :25 split
I1014 14:36:32.922688  7968 work_thread.hpp:123]  [T-Work-Detect_0] Invalid piece: lid = 1, drop it
I1014 14:36:32.922749  7971 thread_intergrate.hpp:78] [T-Intergrate-intergrate] queue: frame output frame :25
I1014 14:36:32.924233  7967 demo_inner.hpp:435] thread [SORT-0]  frame id 25 sorting queue size 0   FPS: 29.703
I1014 14:36:32.924299  7966 demo_inner.hpp:260]  gui queue size 0, state = running
I1014 14:36:32.945658  7965 demo_inner.hpp:177] decode queue size 0
I1014 14:36:32.945755  7968 work_thread.hpp:81]  [T-Work-Detect_0] Run work: WorkDetect
I1014 14:36:32.945793  7968 work_detect.cpp:102] Succeeded to add det start for frame 26
I1014 14:36:32.952792  7968 work_detect.cpp:70] Frame :26 detect result :2 face(s)
W1014 14:36:32.952841  7968 work_detect.cpp:83] Invalid bbox: [153 x 203 from (253, 160)]
I1014 14:36:32.952903  7968 work_detect.cpp:86] Detected bbox: [52 x 55 from (91, 215)]
I1014 14:36:32.952946  7968 work_detect.cpp:120] Succeeded to add det end for frame 26
I1014 14:36:32.952962  7968 work_thread.hpp:81]  [T-Work-Detect_0] Run work: WrokTrack
I1014 14:36:32.952986  7968 work_track.cpp:82] Frame: 26 build input_characts: [0.08125 x 0.152778 from (0.142188, 0.597222)], 0.967082, 0
I1014 14:36:32.953044  7968 work_track.cpp:102] Succeeded to set track lock for frame 26
I1014 14:36:32.953088  7968 work_track.cpp:116] Succeeded to release track lock for frame 26
I1014 14:36:32.953102  7968 work_track.cpp:120] Track results of frame 26: 1 objects input, 0 objects tracked!
I1014 14:36:32.953120  7968 work_track.cpp:162] Frame: 26 lid: 1 not tracked, will set invalid
I1014 14:36:32.953135  7968 work_thread.hpp:87]  [T-Work-Detect_0] Frame :26 split
I1014 14:36:32.953152  7968 work_thread.hpp:123]  [T-Work-Detect_0] Invalid piece: lid = 1, drop it
I1014 14:36:32.953197  7971 thread_intergrate.hpp:78] [T-Intergrate-intergrate] queue: frame output frame :26
I1014 14:36:32.954612  7967 demo_inner.hpp:435] thread [SORT-0]  frame id 26 sorting queue size 0   FPS: 29.7974
I1014 14:36:32.963071  7966 demo_inner.hpp:260]  gui queue size 0, state = running
I1014 14:36:32.981716  7965 demo_inner.hpp:177] decode queue size 0
I1014 14:36:32.981815  7968 work_thread.hpp:81]  [T-Work-Detect_0] Run work: WorkDetect
I1014 14:36:32.981853  7968 work_detect.cpp:102] Succeeded to add det start for frame 27
I1014 14:36:32.988636  7968 work_detect.cpp:70] Frame :27 detect result :2 face(s)
I1014 14:36:32.988687  7968 work_detect.cpp:86] Detected bbox: [162 x 220 from (247, 133)]
I1014 14:36:32.988795  7968 work_detect.cpp:86] Detected bbox: [50 x 50 from (91, 214)]
I1014 14:36:32.988829  7968 work_detect.cpp:120] Succeeded to add det end for frame 27
I1014 14:36:32.988845  7968 work_thread.hpp:81]  [T-Work-Detect_0] Run work: WrokTrack
I1014 14:36:32.988869  7968 work_track.cpp:82] Frame: 27 build input_characts: [0.253125 x 0.611111 from (0.385938, 0.369444)], 0.999622, 0
I1014 14:36:32.988921  7968 work_track.cpp:82] Frame: 27 build input_characts: [0.078125 x 0.138889 from (0.142188, 0.594444)], 0.936627, 1
