I1012 13:48:04.907546  6910 work_recog.hpp:89] Face id: 0 will run recog: bbox [126 x 180 from (316, 142)] quality: 0.990289
I1012 13:48:04.907572  6910 work_recog.hpp:96] Recog pair: [184 x 256 from (288, 104)], [126 x 180 from (28, 38)]
I1012 13:48:04.908253  6912 thread_intergrate.hpp:154] T-Intergrate-intergrate Show face :0, size :640 * 360
I1012 13:48:04.908677  6908 demo_inner.hpp:435] thread [SORT-0]  frame id 58 sorting queue size 0   FPS: 7.14064
I1012 13:48:04.908744  6907 demo_inner.hpp:260]  gui queue size 0, state = running
I1012 13:48:04.925137  6910 work_thread.hpp:81]  [T-Work-Recog_0] Run work: WorkCompare
I1012 13:48:04.925254  6910 work_compare.cpp:76] Compare face: 0 successed, similarity :0.969078, name : images/thanglmb.jpg, normal size : 640 * 360!
I1012 13:48:05.037773  6906 demo_inner.hpp:177] decode queue size 0
I1012 13:48:05.037866  6909 work_thread.hpp:81]  [T-Work-Detect_0] Run work: WorkDetect
I1012 13:48:05.037905  6909 work_detect.cpp:102] Succeeded to add det start for frame 59
I1012 13:48:05.044494  6909 work_detect.cpp:70] Frame :59 detect result :1 face(s)
I1012 13:48:05.044528  6909 work_detect.cpp:86] Detected bbox: [123 x 174 from (317, 146)]
I1012 13:48:05.044569  6909 work_detect.cpp:120] Succeeded to add det end for frame 59
I1012 13:48:05.044585  6909 work_thread.hpp:81]  [T-Work-Detect_0] Run work: WrokTrack
I1012 13:48:05.044610  6909 work_track.cpp:82] Frame: 59 build input_characts: [0.192188 x 0.483333 from (0.495313, 0.405556)], 1.00019, 0
I1012 13:48:05.044664  6909 work_track.cpp:102] Succeeded to set track lock for frame 59
I1012 13:48:05.044706  6909 work_track.cpp:116] Succeeded to release track lock for frame 59
I1012 13:48:05.044721  6909 work_track.cpp:120] Track results of frame 59: 1 objects input, 1 objects tracked!
I1012 13:48:05.044739  6909 work_track.cpp:148] Frame: 59, track bbox: [123 x 174 from (315.19, 147.1)], gid: 0, lid: 0
I1012 13:48:05.044775  6909 work_thread.hpp:88]  [T-Work-Detect_0] Frame :59 split
I1012 13:48:05.044792  6909 work_thread.hpp:120]  [T-Work-Detect_0] Valid piece: gid = 0
I1012 13:48:05.044889  6909 work_thread.hpp:92]  [T-Work-Detect_0] Push to split queue:recog
I1012 13:48:05.044934  6911 work_thread.hpp:81]  [T-Work-Recog_1] Run work: WorkCapture
I1012 13:48:05.044937  6912 thread_intergrate.hpp:78] [T-Intergrate-intergrate] queue: frame output frame :59
I1012 13:48:05.044977  6912 thread_intergrate.hpp:85] [T-Intergrate-intergrate] queue: compare output face:0
I1012 13:48:05.044996  6912 thread_intergrate.hpp:134] T-Intergrate-intergrate set matched face: 0
I1012 13:48:05.045469  6911 work_thread.hpp:81]  [T-Work-Recog_1] Run work: WorkRecog
I1012 13:48:05.045492  6911 work_recog.hpp:89] Face id: 0 will run recog: bbox [123 x 174 from (317, 146)] quality: 0.957852
I1012 13:48:05.045519  6911 work_recog.hpp:96] Recog pair: [176 x 248 from (288, 112)], [123 x 174 from (29, 34)]
I1012 13:48:05.046216  6912 thread_intergrate.hpp:154] T-Intergrate-intergrate Show face :0, size :640 * 360
I1012 13:48:05.046624  6908 demo_inner.hpp:435] thread [SORT-0]  frame id 59 sorting queue size 0   FPS: 7.14064
I1012 13:48:05.046689  6907 demo_inner.hpp:260]  gui queue size 0, state = running
I1012 13:48:05.063048  6911 work_thread.hpp:81]  [T-Work-Recog_1] Run work: WorkCompare
I1012 13:48:05.063158  6911 work_compare.cpp:76] Compare face: 0 successed, similarity :0.97662, name : images/thanglmb.jpg, normal size : 640 * 360!
I1012 13:48:05.175801  6906 demo_inner.hpp:177] decode queue size 0
I1012 13:48:05.175897  6909 work_thread.hpp:81]  [T-Work-Detect_0] Run work: WorkDetect
I1012 13:48:05.175935  6909 work_detect.cpp:102] Succeeded to add det start for frame 60
I1012 13:48:05.182548  6909 work_detect.cpp:70] Frame :60 detect result :1 face(s)
I1012 13:48:05.182581  6909 work_detect.cpp:86] Detected bbox: [124 x 176 from (316, 143)]
I1012 13:48:05.182621  6909 work_detect.cpp:120] Succeeded to add det end for frame 60
I1012 13:48:05.182638  6909 work_thread.hpp:81]  [T-Work-Detect_0] Run work: WrokTrack
I1012 13:48:05.182662  6909 work_track.cpp:82] Frame: 60 build input_characts: [0.19375 x 0.488889 from (0.49375, 0.397222)], 1.00019, 0
I1012 13:48:05.182714  6909 work_track.cpp:102] Succeeded to set track lock for frame 60
I1012 13:48:05.182760  6909 work_track.cpp:116] Succeeded to release track lock for frame 60
I1012 13:48:05.182773  6909 work_track.cpp:120] Track results of frame 60: 1 objects input, 1 objects tracked!
I1012 13:48:05.182791  6909 work_track.cpp:148] Frame: 60, track bbox: [124 x 176 from (314.84, 144.055)], gid: 0, lid: 0
I1012 13:48:05.182827  6909 work_thread.hpp:88]  [T-Work-Detect_0] Frame :60 split
I1012 13:48:05.182844  6909 work_thread.hpp:120]  [T-Work-Detect_0] Valid piece: gid = 0
I1012 13:48:05.182862  6909 work_thread.hpp:92]  [T-Work-Detect_0] Push to split queue:recog
I1012 13:48:05.182899  6911 work_thread.hpp:81]  [T-Work-Recog_1] Run work: WorkCapture
I1012 13:48:05.182907  6912 thread_intergrate.hpp:78] [T-Intergrate-intergrate] queue: frame output frame :60
I1012 13:48:05.182935  6912 thread_intergrate.hpp:85] [T-Intergrate-intergrate] queue: compare output face:0
I1012 13:48:05.182955  6912 thread_intergrate.hpp:134] T-Intergrate-intergrate set matched face: 0
I1012 13:48:05.183434  6911 work_thread.hpp:81]  [T-Work-Recog_1] Run work: WorkRecog
I1012 13:48:05.183457  6911 work_recog.hpp:89] Face id: 0 will run recog: bbox [124 x 176 from (316, 143)] quality: 0.914682
I1012 13:48:05.183485  6911 work_recog.hpp:96] Recog pair: [176 x 256 from (288, 104)], [124 x 176 from (28, 39)]
I1012 13:48:05.184119  6912 thread_intergrate.hpp:154] T-Intergrate-intergrate Show face :0, size :640 * 360
I1012 13:48:05.184665  6908 demo_inner.hpp:435] thread [SORT-0]  frame id 60 sorting queue size 0   FPS: 7.15397
I1012 13:48:05.184738  6907 demo_inner.hpp:260]  gui queue size 0, state = running
I1012 13:48:05.201000  6911 work_thread.hpp:81]  [T-Work-Recog_1] Run work: WorkCompare
I1012 13:48:05.201112  6911 work_compare.cpp:76] Compare face: 0 successed, similarity :0.955418, name : images/thanglmb.jpg, normal size : 640 * 360!
I1012 13:48:05.319703  6906 demo_inner.hpp:177] decode queue size 0
I1012 13:48:05.319800  6909 work_thread.hpp:81]  [T-Work-Detect_0] Run work: WorkDetect
I1012 13:48:05.319839  6909 work_detect.cpp:102] Succeeded to add det start for frame 61
I1012 13:48:05.326401  6909 work_detect.cpp:70] Frame :61 detect result :2 face(s)
I1012 13:48:05.326436  6909 work_detect.cpp:86] Detected bbox: [128 x 172 from (312, 143)]
I1012 13:48:05.326467  6909 work_detect.cpp:86] Detected bbox: [35 x 56 from (554, 165)]
I1012 13:48:05.326498  6909 work_detect.cpp:120] Succeeded to add det end for frame 61
I1012 13:48:05.326512  6909 work_thread.hpp:81]  [T-Work-Detect_0] Run work: WrokTrack
I1012 13:48:05.326536  6909 work_track.cpp:82] Frame: 61 build input_characts: [0.2 x 0.477778 from (0.4875, 0.397222)], 1.00019, 0
I1012 13:48:05.326589  6909 work_track.cpp:82] Frame: 61 build input_characts: [0.0546875 x 0.155556 from (0.865625, 0.458333)], 0.905415, 1
I1012 13:48:05.326624  6909 work_track.cpp:102] Succeeded to set track lock for frame 61
I1012 13:48:05.326669  6909 work_track.cpp:116] Succeeded to release track lock for frame 61
I1012 13:48:05.326684  6909 work_track.cpp:120] Track results of frame 61: 2 objects input, 1 objects tracked!
I1012 13:48:05.326702  6909 work_track.cpp:148] Frame: 61, track bbox: [128 x 172 from (312.382, 144.302)], gid: 0, lid: 0
I1012 13:48:05.326736  6909 work_track.cpp:162] Frame: 61 lid: 1 not tracked, will set invalid
I1012 13:48:05.326752  6909 work_thread.hpp:88]  [T-Work-Detect_0] Frame :61 split
I1012 13:48:05.326769  6909 work_thread.hpp:120]  [T-Work-Detect_0] Valid piece: gid = 0
I1012 13:48:05.326787  6909 work_thread.hpp:124]  [T-Work-Detect_0] Invalid piece: lid = 1, drop it
I1012 13:48:05.326802  6909 work_thread.hpp:92]  [T-Work-Detect_0] Push to split queue:recog
I1012 13:48:05.326843  6910 work_thread.hpp:81]  [T-Work-Recog_0] Run work: WorkCapture
I1012 13:48:05.326845  6912 thread_intergrate.hpp:78] [T-Intergrate-intergrate] queue: frame output frame :61
I1012 13:48:05.326886  6912 thread_intergrate.hpp:85] [T-Intergrate-intergrate] queue: compare output face:0
I1012 13:48:05.326905  6912 thread_intergrate.hpp:134] T-Intergrate-intergrate set matched face: 0
I1012 13:48:05.327379  6910 work_thread.hpp:81]  [T-Work-Recog_0] Run work: WorkRecog
I1012 13:48:05.327402  6910 work_recog.hpp:89] Face id: 0 will run recog: bbox [128 x 172 from (312, 143)] quality: 0.932276
I1012 13:48:05.327430  6910 work_recog.hpp:96] Recog pair: [192 x 248 from (280, 104)], [128 x 172 from (32, 39)]
I1012 13:48:05.328071  6912 thread_intergrate.hpp:154] T-Intergrate-intergrate Show face :0, size :640 * 360
I1012 13:48:05.328557  6908 demo_inner.hpp:435] thread [SORT-0]  frame id 61 sorting queue size 0   FPS: 7.14064
I1012 13:48:05.328624  6907 demo_inner.hpp:260]  gui queue size 0, state = running
I1012 13:48:05.344941  6910 work_thread.hpp:81]  [T-Work-Recog_0] Run work: WorkCompare
I1012 13:48:05.345052  6910 work_compare.cpp:76] Compare face: 0 successed, similarity :0.957543, name : images/thanglmb.jpg, normal size : 640 * 360!
I1012 13:48:05.457742  6906 demo_inner.hpp:177] decode queue size 0
I1012 13:48:05.457835  6909 work_thread.hpp:81]  [T-Work-Detect_0] Run work: WorkDetect
I1012 13:48:05.457875  6909 work_detect.cpp:102] Succeeded to add det start for frame 62
I1012 13:48:05.464407  6909 work_detect.cpp:70] Frame :62 detect result :1 face(s)
I1012 13:48:05.464438  6909 work_detect.cpp:86] Detected bbox: [134 x 179 from (304, 135)]
I1012 13:48:05.464478  6909 work_detect.cpp:120] Succeeded to add det end for frame 62
I1012 13:48:05.464494  6909 work_thread.hpp:81]  [T-Work-Detect_0] Run work: WrokTrack
I1012 13:48:05.464519  6909 work_track.cpp:82] Frame: 62 build input_characts: [0.209375 x 0.497222 from (0.475, 0.375)], 0.999622, 0
I1012 13:48:05.464574  6909 work_track.cpp:102] Succeeded to set track lock for frame 62
I1012 13:48:05.464617  6909 work_track.cpp:116] Succeeded to release track lock for frame 62
I1012 13:48:05.464632  6909 work_track.cpp:120] Track results of frame 62: 1 objects input, 1 objects tracked!
I1012 13:48:05.464735  6909 work_track.cpp:148] Frame: 62, track bbox: [134 x 179 from (305.349, 137.302)], gid: 0, lid: 0
I1012 13:48:05.464774  6909 work_thread.hpp:88]  [T-Work-Detect_0] Frame :62 split
I1012 13:48:05.464793  6909 work_thread.hpp:120]  [T-Work-Detect_0] Valid piece: gid = 0
I1012 13:48:05.464812  6909 work_thread.hpp:92]  [T-Work-Detect_0] Push to split queue:recog
I1012 13:48:05.464850  6910 work_thread.hpp:81]  [T-Work-Recog_0] Run work: WorkCapture
I1012 13:48:05.464857  6912 thread_intergrate.hpp:78] [T-Intergrate-intergrate] queue: frame output frame :62
I1012 13:48:05.464886  6912 thread_intergrate.hpp:85] [T-Intergrate-intergrate] queue: compare output face:0
I1012 13:48:05.464905  6912 thread_intergrate.hpp:134] T-Intergrate-intergrate set matched face: 0
I1012 13:48:05.465389  6910 work_thread.hpp:81]  [T-Work-Recog_0] Run work: WorkRecog
I1012 13:48:05.465412  6910 work_recog.hpp:89] Face id: 0 will run recog: bbox [134 x 179 from (304, 135)] quality: 0.932346
I1012 13:48:05.465440  6910 work_recog.hpp:96] Recog pair: [192 x 256 from (272, 96)], [134 x 179 from (32, 39)]
I1012 13:48:05.466063  6912 thread_intergrate.hpp:154] T-Intergrate-intergrate Show face :0, size :640 * 360
I1012 13:48:05.466531  6908 demo_inner.hpp:435] thread [SORT-0]  frame id 62 sorting queue size 0   FPS: 7.14064
I1012 13:48:05.466598  6907 demo_inner.hpp:260]  gui queue size 0, state = running
I1012 13:48:05.482933  6910 work_thread.hpp:81]  [T-Work-Recog_0] Run work: WorkCompare
I1012 13:48:05.483049  6910 work_compare.cpp:76] Compare face: 0 successed, similarity :0.965788, name : images/thanglmb.jpg, normal size : 640 * 360!
I1012 13:48:05.595784  6906 demo_inner.hpp:177] decode queue size 0
I1012 13:48:05.595876  6909 work_thread.hpp:81]  [T-Work-Detect_0] Run work: WorkDetect
I1012 13:48:05.595912  6909 work_detect.cpp:102] Succeeded to add det start for frame 63
I1012 13:48:05.602476  6909 work_detect.cpp:70] Frame :63 detect result :1 face(s)
I1012 13:48:05.602509  6909 work_detect.cpp:86] Detected bbox: [133 x 178 from (304, 135)]
I1012 13:48:05.602548  6909 work_detect.cpp:120] Succeeded to add det end for frame 63
I1012 13:48:05.602564  6909 work_thread.hpp:81]  [T-Work-Detect_0] Run work: WrokTrack
I1012 13:48:05.602587  6909 work_track.cpp:82] Frame: 63 build input_characts: [0.207813 x 0.494444 from (0.475, 0.375)], 0.999622, 0
I1012 13:48:05.602643  6909 work_track.cpp:102] Succeeded to set track lock for frame 63
I1012 13:48:05.602689  6909 work_track.cpp:116] Succeeded to release track lock for frame 63
I1012 13:48:05.602703  6909 work_track.cpp:120] Track results of frame 63: 1 objects input, 1 objects tracked!
I1012 13:48:05.602720  6909 work_track.cpp:148] Frame: 63, track bbox: [133 x 178 from (304.231, 135.113)], gid: 0, lid: 0
I1012 13:48:05.602757  6909 work_thread.hpp:88]  [T-Work-Detect_0] Frame :63 split
I1012 13:48:05.602775  6909 work_thread.hpp:120]  [T-Work-Detect_0] Valid piece: gid = 0
I1012 13:48:05.602794  6909 work_thread.hpp:92]  [T-Work-Detect_0] Push to split queue:recog
I1012 13:48:05.602836  6911 work_thread.hpp:81]  [T-Work-Recog_1] Run work: WorkCapture
I1012 13:48:05.602839  6912 thread_intergrate.hpp:78] [T-Intergrate-intergrate] queue: frame output frame :63
I1012 13:48:05.602880  6912 thread_intergrate.hpp:85] [T-Intergrate-intergrate] queue: compare output face:0
I1012 13:48:05.602898  6912 thread_intergrate.hpp:134] T-Intergrate-intergrate set matched face: 0
I1012 13:48:05.603374  6911 work_thread.hpp:81]  [T-Work-Recog_1] Run work: WorkRecog
I1012 13:48:05.603397  6911 work_recog.hpp:89] Face id: 0 will run recog: bbox [133 x 178 from (304, 135)] quality: 0.966888
I1012 13:48:05.603425  6911 work_recog.hpp:96] Recog pair: [192 x 256 from (272, 96)], [133 x 178 from (32, 39)]
I1012 13:48:05.604065  6912 thread_intergrate.hpp:154] T-Intergrate-intergrate Show face :0, size :640 * 360
I1012 13:48:05.604490  6908 demo_inner.hpp:435] thread [SORT-0]  frame id 63 sorting queue size 0   FPS: 7.15174
I1012 13:48:05.604558  6907 demo_inner.hpp:260]  gui queue size 0, state = running
I1012 13:48:05.620944  6911 work_thread.hpp:81]  [T-Work-Recog_1] Run work: WorkCompare
I1012 13:48:05.621052  6911 work_compare.cpp:76] Compare face: 0 successed, similarity :0.949102, name : images/thanglmb.jpg, normal size : 640 * 360!
I1012 13:48:05.739694  6906 demo_inner.hpp:177] decode queue size 0
I1012 13:48:05.739794  6909 work_thread.hpp:81]  [T-Work-Detect_0] Run work: WorkDetect
I1012 13:48:05.739833  6909 work_detect.cpp:102] Succeeded to add det start for frame 64
I1012 13:48:05.746394  6909 work_detect.cpp:70] Frame :64 detect result :1 face(s)
I1012 13:48:05.746428  6909 work_detect.cpp:86] Detected bbox: [128 x 173 from (309, 144)]
I1012 13:48:05.746469  6909 work_detect.cpp:120] Succeeded to add det end for frame 64
I1012 13:48:05.746484  6909 work_thread.hpp:81]  [T-Work-Detect_0] Run work: WrokTrack
I1012 13:48:05.746507  6909 work_track.cpp:82] Frame: 64 build input_characts: [0.2 x 0.480556 from (0.482812, 0.4)], 0.999622, 0
I1012 13:48:05.746563  6909 work_track.cpp:102] Succeeded to set track lock for frame 64
I1012 13:48:05.746603  6909 work_track.cpp:116] Succeeded to release track lock for frame 64
I1012 13:48:05.746618  6909 work_track.cpp:120] Track results of frame 64: 1 objects input, 1 objects tracked!
I1012 13:48:05.746635  6909 work_track.cpp:148] Frame: 64, track bbox: [128 x 173 from (306.59, 139.468)], gid: 0, lid: 0
I1012 13:48:05.746671  6909 work_thread.hpp:88]  [T-Work-Detect_0] Frame :64 split
I1012 13:48:05.746690  6909 work_thread.hpp:120]  [T-Work-Detect_0] Valid piece: gid = 0
I1012 13:48:05.746707  6909 work_thread.hpp:92]  [T-Work-Detect_0] Push to split queue:recog
I1012 13:48:05.746743  6911 work_thread.hpp:81]  [T-Work-Recog_1] Run work: WorkCapture
I1012 13:48:05.746754  6912 thread_intergrate.hpp:78] [T-Intergrate-intergrate] queue: frame output frame :64
I1012 13:48:05.746783  6912 thread_intergrate.hpp:85] [T-Intergrate-intergrate] queue: compare output face:0
I1012 13:48:05.746801  6912 thread_intergrate.hpp:134] T-Intergrate-intergrate set matched face: 0
I1012 13:48:05.747278  6911 work_thread.hpp:81]  [T-Work-Recog_1] Run work: WorkRecog
I1012 13:48:05.747301  6911 work_recog.hpp:89] Face id: 0 will run recog: bbox [128 x 173 from (309, 144)] quality: 0.904504
I1012 13:48:05.747328  6911 work_recog.hpp:96] Recog pair: [184 x 248 from (280, 104)], [128 x 173 from (29, 40)]
I1012 13:48:05.747967  6912 thread_intergrate.hpp:154] T-Intergrate-intergrate Show face :0, size :640 * 360
I1012 13:48:05.748405  6908 demo_inner.hpp:435] thread [SORT-0]  frame id 64 sorting queue size 0   FPS: 7.14064
I1012 13:48:05.748476  6907 demo_inner.hpp:260]  gui queue size 0, state = running
I1012 13:48:05.764791  6911 work_thread.hpp:81]  [T-Work-Recog_1] Run work: WorkCompare
I1012 13:48:05.764904  6911 work_compare.cpp:76] Compare face: 0 successed, similarity :0.964678, name : images/thanglmb.jpg, normal size : 640 * 360!
I1012 13:48:05.877713  6906 demo_inner.hpp:177] decode queue size 0
I1012 13:48:05.877809  6909 work_thread.hpp:81]  [T-Work-Detect_0] Run work: WorkDetect
I1012 13:48:05.877846  6909 work_detect.cpp:102] Succeeded to add det start for frame 65
I1012 13:48:05.884438  6909 work_detect.cpp:70] Frame :65 detect result :1 face(s)
I1012 13:48:05.884472  6909 work_detect.cpp:86] Detected bbox: [129 x 172 from (308, 144)]
I1012 13:48:05.884513  6909 work_detect.cpp:120] Succeeded to add det end for frame 65
I1012 13:48:05.884529  6909 work_thread.hpp:81]  [T-Work-Detect_0] Run work: WrokTrack
I1012 13:48:05.884552  6909 work_track.cpp:82] Frame: 65 build input_characts: [0.201562 x 0.477778 from (0.48125, 0.4)], 0.999622, 0
I1012 13:48:05.884608  6909 work_track.cpp:102] Succeeded to set track lock for frame 65
I1012 13:48:05.884646  6909 work_track.cpp:116] Succeeded to release track lock for frame 65
I1012 13:48:05.884660  6909 work_track.cpp:120] Track results of frame 65: 1 objects input, 1 objects tracked!
I1012 13:48:05.884678  6909 work_track.cpp:148] Frame: 65, track bbox: [129 x 172 from (306.383, 142.106)], gid: 0, lid: 0
I1012 13:48:05.884793  6909 work_thread.hpp:88]  [T-Work-Detect_0] Frame :65 split
I1012 13:48:05.884812  6909 work_thread.hpp:120]  [T-Work-Detect_0] Valid piece: gid = 0
I1012 13:48:05.884831  6909 work_thread.hpp:92]  [T-Work-Detect_0] Push to split queue:recog
I1012 13:48:05.884871  6911 work_thread.hpp:81]  [T-Work-Recog_1] Run work: WorkCapture
I1012 13:48:05.884876  6912 thread_intergrate.hpp:78] [T-Intergrate-intergrate] queue: frame output frame :65
I1012 13:48:05.884904  6912 thread_intergrate.hpp:85] [T-Intergrate-intergrate] queue: compare output face:0
I1012 13:48:05.884923  6912 thread_intergrate.hpp:134] T-Intergrate-intergrate set matched face: 0
I1012 13:48:05.885401  6911 work_thread.hpp:81]  [T-Work-Recog_1] Run work: WorkRecog
I1012 13:48:05.885424  6911 work_recog.hpp:89] Face id: 0 will run recog: bbox [129 x 172 from (308, 144)] quality: 0.939828
I1012 13:48:05.885452  6911 work_recog.hpp:96] Recog pair: [184 x 248 from (280, 104)], [129 x 172 from (28, 40)]
I1012 13:48:05.886137  6912 thread_intergrate.hpp:154] T-Intergrate-intergrate Show face :0, size :640 * 360
I1012 13:48:05.886546  6908 demo_inner.hpp:435] thread [SORT-0]  frame id 65 sorting queue size 0   FPS: 7.14064
I1012 13:48:05.886613  6907 demo_inner.hpp:260]  gui queue size 0, state = running
I1012 13:48:05.902935  6911 work_thread.hpp:81]  [T-Work-Recog_1] Run work: WorkCompare
I1012 13:48:05.903044  6911 work_compare.cpp:76] Compare face: 0 successed, similarity :0.955442, name : images/thanglmb.jpg, normal size : 640 * 360!
I1012 13:48:06.015756  6906 demo_inner.hpp:177] decode queue size 0
I1012 13:48:06.015849  6909 work_thread.hpp:81]  [T-Work-Detect_0] Run work: WorkDetect
I1012 13:48:06.015888  6909 work_detect.cpp:102] Succeeded to add det start for frame 66
I1012 13:48:06.022503  6909 work_detect.cpp:70] Frame :66 detect result :1 face(s)
I1012 13:48:06.022538  6909 work_detect.cpp:86] Detected bbox: [133 x 177 from (304, 135)]
I1012 13:48:06.022579  6909 work_detect.cpp:120] Succeeded to add det end for frame 66
I1012 13:48:06.022595  6909 work_thread.hpp:81]  [T-Work-Detect_0] Run work: WrokTrack
I1012 13:48:06.022619  6909 work_track.cpp:82] Frame: 66 build input_characts: [0.207813 x 0.491667 from (0.475, 0.375)], 1.00019, 0
I1012 13:48:06.022675  6909 work_track.cpp:102] Succeeded to set track lock for frame 66
I1012 13:48:06.022712  6909 work_track.cpp:116] Succeeded to release track lock for frame 66
I1012 13:48:06.022727  6909 work_track.cpp:120] Track results of frame 66: 1 objects input, 1 objects tracked!
I1012 13:48:06.022745  6909 work_track.cpp:148] Frame: 66, track bbox: [133 x 177 from (304.298, 138.106)], gid: 0, lid: 0
I1012 13:48:06.022781  6909 work_thread.hpp:88]  [T-Work-Detect_0] Frame :66 split
I1012 13:48:06.022799  6909 work_thread.hpp:120]  [T-Work-Detect_0] Valid piece: gid = 0
I1012 13:48:06.022817  6909 work_thread.hpp:92]  [T-Work-Detect_0] Push to split queue:recog
I1012 13:48:06.022855  6911 work_thread.hpp:81]  [T-Work-Recog_1] Run work: WorkCapture
I1012 13:48:06.022862  6912 thread_intergrate.hpp:78] [T-Intergrate-intergrate] queue: frame output frame :66
I1012 13:48:06.022891  6912 thread_intergrate.hpp:85] [T-Intergrate-intergrate] queue: compare output face:0
I1012 13:48:06.022910  6912 thread_intergrate.hpp:134] T-Intergrate-intergrate set matched face: 0
I1012 13:48:06.023389  6911 work_thread.hpp:81]  [T-Work-Recog_1] Run work: WorkRecog
I1012 13:48:06.023412  6911 work_recog.hpp:89] Face id: 0 will run recog: bbox [133 x 177 from (304, 135)] quality: 0.932396
I1012 13:48:06.023439  6911 work_recog.hpp:96] Recog pair: [192 x 256 from (272, 96)], [133 x 177 from (32, 39)]
I1012 13:48:06.024071  6912 thread_intergrate.hpp:154] T-Intergrate-intergrate Show face :0, size :640 * 360
I1012 13:48:06.024500  6908 demo_inner.hpp:435] thread [SORT-0]  frame id 66 sorting queue size 0   FPS: 7.15174
I1012 13:48:06.024570  6907 demo_inner.hpp:260]  gui queue size 0, state = running
I1012 13:48:06.040957  6911 work_thread.hpp:81]  [T-Work-Recog_1] Run work: WorkCompare
I1012 13:48:06.041066  6911 work_compare.cpp:76] Compare face: 0 successed, similarity :0.959676, name : images/thanglmb.jpg, normal size : 640 * 360!
I1012 13:48:06.159653  6906 demo_inner.hpp:177] decode queue size 0
I1012 13:48:06.159746  6909 work_thread.hpp:81]  [T-Work-Detect_0] Run work: WorkDetect
I1012 13:48:06.159783  6909 work_detect.cpp:102] Succeeded to add det start for frame 67
I1012 13:48:06.166349  6909 work_detect.cpp:70] Frame :67 detect result :1 face(s)
I1012 13:48:06.166383  6909 work_detect.cpp:86] Detected bbox: [134 x 179 from (303, 134)]
I1012 13:48:06.166424  6909 work_detect.cpp:120] Succeeded to add det end for frame 67
I1012 13:48:06.166440  6909 work_thread.hpp:81]  [T-Work-Detect_0] Run work: WrokTrack
I1012 13:48:06.166463  6909 work_track.cpp:82] Frame: 67 build input_characts: [0.209375 x 0.497222 from (0.473437, 0.372222)], 1.00019, 0
I1012 13:48:06.166518  6909 work_track.cpp:102] Succeeded to set track lock for frame 67
I1012 13:48:06.166558  6909 work_track.cpp:116] Succeeded to release track lock for frame 67
I1012 13:48:06.166573  6909 work_track.cpp:120] Track results of frame 67: 1 objects input, 1 objects tracked!
I1012 13:48:06.166590  6909 work_track.cpp:148] Frame: 67, track bbox: [134 x 179 from (303.87, 136.018)], gid: 0, lid: 0
I1012 13:48:06.166626  6909 work_thread.hpp:88]  [T-Work-Detect_0] Frame :67 split
I1012 13:48:06.166644  6909 work_thread.hpp:120]  [T-Work-Detect_0] Valid piece: gid = 0
I1012 13:48:06.166662  6909 work_thread.hpp:92]  [T-Work-Detect_0] Push to split queue:recog
I1012 13:48:06.166704  6910 work_thread.hpp:81]  [T-Work-Recog_0] Run work: WorkCapture
I1012 13:48:06.166707  6912 thread_intergrate.hpp:78] [T-Intergrate-intergrate] queue: frame output frame :67
I1012 13:48:06.166746  6912 thread_intergrate.hpp:85] [T-Intergrate-intergrate] queue: compare output face:0
I1012 13:48:06.166765  6912 thread_intergrate.hpp:134] T-Intergrate-intergrate set matched face: 0
I1012 13:48:06.167241  6910 work_thread.hpp:81]  [T-Work-Recog_0] Run work: WorkRecog
I1012 13:48:06.167264  6910 work_recog.hpp:89] Face id: 0 will run recog: bbox [134 x 179 from (303, 134)] quality: 0.952527
I1012 13:48:06.167291  6910 work_recog.hpp:96] Recog pair: [192 x 256 from (272, 96)], [134 x 179 from (31, 38)]
I1012 13:48:06.167927  6912 thread_intergrate.hpp:154] T-Intergrate-intergrate Show face :0, size :640 * 360
I1012 13:48:06.168426  6908 demo_inner.hpp:435] thread [SORT-0]  frame id 67 sorting queue size 0   FPS: 7.14064
I1012 13:48:06.168494  6907 demo_inner.hpp:260]  gui queue size 0, state = running
I1012 13:48:06.184779  6910 work_thread.hpp:81]  [T-Work-Recog_0] Run work: WorkCompare
I1012 13:48:06.184888  6910 work_compare.cpp:76] Compare face: 0 successed, similarity :0.971048, name : images/thanglmb.jpg, normal size : 640 * 360!
I1012 13:48:06.297696  6906 demo_inner.hpp:177] decode queue size 0
I1012 13:48:06.297796  6909 work_thread.hpp:81]  [T-Work-Detect_0] Run work: WorkDetect
I1012 13:48:06.297833  6909 work_detect.cpp:102] Succeeded to add det start for frame 68
I1012 13:48:06.304368  6909 work_detect.cpp:70] Frame :68 detect result :1 face(s)
I1012 13:48:06.304399  6909 work_detect.cpp:86] Detected bbox: [133 x 175 from (303, 137)]
I1012 13:48:06.304440  6909 work_detect.cpp:120] Succeeded to add det end for frame 68
I1012 13:48:06.304455  6909 work_thread.hpp:81]  [T-Work-Detect_0] Run work: WrokTrack
I1012 13:48:06.304478  6909 work_track.cpp:82] Frame: 68 build input_characts: [0.207813 x 0.486111 from (0.473437, 0.380556)], 0.999622, 0
I1012 13:48:06.304535  6909 work_track.cpp:102] Succeeded to set track lock for frame 68
I1012 13:48:06.304575  6909 work_track.cpp:116] Succeeded to release track lock for frame 68
I1012 13:48:06.304589  6909 work_track.cpp:120] Track results of frame 68: 1 objects input, 1 objects tracked!
I1012 13:48:06.304607  6909 work_track.cpp:148] Frame: 68, track bbox: [133 x 175 from (303.364, 136.731)], gid: 0, lid: 0
I1012 13:48:06.304643  6909 work_thread.hpp:88]  [T-Work-Detect_0] Frame :68 split
I1012 13:48:06.304661  6909 work_thread.hpp:120]  [T-Work-Detect_0] Valid piece: gid = 0
I1012 13:48:06.304760  6909 work_thread.hpp:92]  [T-Work-Detect_0] Push to split queue:recog
I1012 13:48:06.304805  6910 work_thread.hpp:81]  [T-Work-Recog_0] Run work: WorkCapture
I1012 13:48:06.304811  6912 thread_intergrate.hpp:78] [T-Intergrate-intergrate] queue: frame output frame :68
I1012 13:48:06.304839  6912 thread_intergrate.hpp:85] [T-Intergrate-intergrate] queue: compare output face:0
I1012 13:48:06.304858  6912 thread_intergrate.hpp:134] T-Intergrate-intergrate set matched face: 0
I1012 13:48:06.305341  6910 work_thread.hpp:81]  [T-Work-Recog_0] Run work: WorkRecog
I1012 13:48:06.305364  6910 work_recog.hpp:89] Face id: 0 will run recog: bbox [133 x 175 from (303, 137)] quality: 0.952542
I1012 13:48:06.305392  6910 work_recog.hpp:96] Recog pair: [192 x 256 from (272, 96)], [133 x 175 from (31, 41)]
I1012 13:48:06.306018  6912 thread_intergrate.hpp:154] T-Intergrate-intergrate Show face :0, size :640 * 360
I1012 13:48:06.306488  6908 demo_inner.hpp:435] thread [SORT-0]  frame id 68 sorting queue size 0   FPS: 7.14064
I1012 13:48:06.306565  6907 demo_inner.hpp:260]  gui queue size 0, state = running
I1012 13:48:06.322901  6910 work_thread.hpp:81]  [T-Work-Recog_0] Run work: WorkCompare
I1012 13:48:06.323019  6910 work_compare.cpp:76] Compare face: 0 successed, similarity :0.946098, name : images/thanglmb.jpg, normal size : 640 * 360!
I1012 13:48:06.435734  6906 demo_inner.hpp:177] decode queue size 0
I1012 13:48:06.435825  6909 work_thread.hpp:81]  [T-Work-Detect_0] Run work: WorkDetect
I1012 13:48:06.435863  6909 work_detect.cpp:102] Succeeded to add det start for frame 69
I1012 13:48:06.442476  6909 work_detect.cpp:70] Frame :69 detect result :1 face(s)
I1012 13:48:06.442512  6909 work_detect.cpp:86] Detected bbox: [134 x 182 from (303, 133)]
I1012 13:48:06.442553  6909 work_detect.cpp:120] Succeeded to add det end for frame 69
I1012 13:48:06.442569  6909 work_thread.hpp:81]  [T-Work-Detect_0] Run work: WrokTrack
I1012 13:48:06.442592  6909 work_track.cpp:82] Frame: 69 build input_characts: [0.209375 x 0.505556 from (0.473437, 0.369444)], 0.999622, 0
I1012 13:48:06.442646  6909 work_track.cpp:102] Succeeded to set track lock for frame 69
I1012 13:48:06.442685  6909 work_track.cpp:116] Succeeded to release track lock for frame 69
I1012 13:48:06.442700  6909 work_track.cpp:120] Track results of frame 69: 1 objects input, 1 objects tracked!
I1012 13:48:06.442718  6909 work_track.cpp:148] Frame: 69, track bbox: [134 x 182 from (302.194, 131.514)], gid: 0, lid: 0
I1012 13:48:06.442754  6909 work_thread.hpp:88]  [T-Work-Detect_0] Frame :69 split
I1012 13:48:06.442772  6909 work_thread.hpp:120]  [T-Work-Detect_0] Valid piece: gid = 0
I1012 13:48:06.442790  6909 work_thread.hpp:92]  [T-Work-Detect_0] Push to split queue:recog
I1012 13:48:06.442831  6911 work_thread.hpp:81]  [T-Work-Recog_1] Run work: WorkCapture
I1012 13:48:06.442836  6912 thread_intergrate.hpp:78] [T-Intergrate-intergrate] queue: frame output frame :69
I1012 13:48:06.442863  6912 thread_intergrate.hpp:85] [T-Intergrate-intergrate] queue: compare output face:0
I1012 13:48:06.442883  6912 thread_intergrate.hpp:134] T-Intergrate-intergrate set matched face: 0
I1012 13:48:06.443364  6911 work_thread.hpp:81]  [T-Work-Recog_1] Run work: WorkRecog
I1012 13:48:06.443387  6911 work_recog.hpp:89] Face id: 0 will run recog: bbox [134 x 182 from (303, 133)] quality: 0.932403
I1012 13:48:06.443414  6911 work_recog.hpp:96] Recog pair: [192 x 256 from (272, 96)], [134 x 182 from (31, 37)]
I1012 13:48:06.444101  6912 thread_intergrate.hpp:154] T-Intergrate-intergrate Show face :0, size :640 * 360
I1012 13:48:06.444473  6908 demo_inner.hpp:435] thread [SORT-0]  frame id 69 sorting queue size 0   FPS: 7.15174
I1012 13:48:06.444541  6907 demo_inner.hpp:260]  gui queue size 0, state = running
I1012 13:48:06.460942  6911 work_thread.hpp:81]  [T-Work-Recog_1] Run work: WorkCompare
I1012 13:48:06.461055  6911 work_compare.cpp:76] Compare face: 0 successed, similarity :0.955702, name : images/thanglmb.jpg, normal size : 640 * 360!
I1012 13:48:06.579623  6906 demo_inner.hpp:177] decode queue size 0
I1012 13:48:06.579717  6909 work_thread.hpp:81]  [T-Work-Detect_0] Run work: WorkDetect
I1012 13:48:06.579756  6909 work_detect.cpp:102] Succeeded to add det start for frame 70
I1012 13:48:06.586330  6909 work_detect.cpp:70] Frame :70 detect result :1 face(s)
I1012 13:48:06.586364  6909 work_detect.cpp:86] Detected bbox: [127 x 174 from (309, 144)]
I1012 13:48:06.586405  6909 work_detect.cpp:120] Succeeded to add det end for frame 70
I1012 13:48:06.586421  6909 work_thread.hpp:81]  [T-Work-Detect_0] Run work: WrokTrack
I1012 13:48:06.586446  6909 work_track.cpp:82] Frame: 70 build input_characts: [0.198437 x 0.483333 from (0.482812, 0.4)], 0.997596, 0
I1012 13:48:06.586500  6909 work_track.cpp:102] Succeeded to set track lock for frame 70
I1012 13:48:06.586539  6909 work_track.cpp:116] Succeeded to release track lock for frame 70
I1012 13:48:06.586555  6909 work_track.cpp:120] Track results of frame 70: 1 objects input, 1 objects tracked!
I1012 13:48:06.586571  6909 work_track.cpp:148] Frame: 70, track bbox: [127 x 174 from (307.205, 139.618)], gid: 0, lid: 0
I1012 13:48:06.586608  6909 work_thread.hpp:88]  [T-Work-Detect_0] Frame :70 split
I1012 13:48:06.586627  6909 work_thread.hpp:120]  [T-Work-Detect_0] Valid piece: gid = 0
I1012 13:48:06.586644  6909 work_thread.hpp:92]  [T-Work-Detect_0] Push to split queue:recog
I1012 13:48:06.586683  6911 work_thread.hpp:81]  [T-Work-Recog_1] Run work: WorkCapture
I1012 13:48:06.586688  6912 thread_intergrate.hpp:78] [T-Intergrate-intergrate] queue: frame output frame :70
I1012 13:48:06.586716  6912 thread_intergrate.hpp:85] [T-Intergrate-intergrate] queue: compare output face:0
I1012 13:48:06.586736  6912 thread_intergrate.hpp:134] T-Intergrate-intergrate set matched face: 0
I1012 13:48:06.587216  6911 work_thread.hpp:81]  [T-Work-Recog_1] Run work: WorkRecog
I1012 13:48:06.587239  6911 work_recog.hpp:89] Face id: 0 will run recog: bbox [127 x 174 from (309, 144)] quality: 0.962619
I1012 13:48:06.587267  6911 work_recog.hpp:96] Recog pair: [184 x 248 from (280, 104)], [127 x 174 from (29, 40)]
I1012 13:48:06.587903  6912 thread_intergrate.hpp:154] T-Intergrate-intergrate Show face :0, size :640 * 360
I1012 13:48:06.588407  6908 demo_inner.hpp:435] thread [SORT-0]  frame id 70 sorting queue size 0   FPS: 7.14064
I1012 13:48:06.588476  6907 demo_inner.hpp:260]  gui queue size 0, state = running
I1012 13:48:06.604737  6911 work_thread.hpp:81]  [T-Work-Recog_1] Run work: WorkCompare
I1012 13:48:06.604845  6911 work_compare.cpp:76] Compare face: 0 successed, similarity :0.921607, name : images/thanglmb.jpg, normal size : 640 * 360!
I1012 13:48:06.717679  6906 demo_inner.hpp:177] decode queue size 0
I1012 13:48:06.717772  6909 work_thread.hpp:81]  [T-Work-Detect_0] Run work: WorkDetect
I1012 13:48:06.717811  6909 work_detect.cpp:102] Succeeded to add det start for frame 71
I1012 13:48:06.724395  6909 work_detect.cpp:70] Frame :71 detect result :1 face(s)
I1012 13:48:06.724429  6909 work_detect.cpp:86] Detected bbox: [127 x 174 from (309, 142)]
I1012 13:48:06.724470  6909 work_detect.cpp:120] Succeeded to add det end for frame 71
I1012 13:48:06.724488  6909 work_thread.hpp:81]  [T-Work-Detect_0] Run work: WrokTrack
I1012 13:48:06.724511  6909 work_track.cpp:82] Frame: 71 build input_characts: [0.198437 x 0.483333 from (0.482812, 0.394444)], 1.00019, 0
I1012 13:48:06.724565  6909 work_track.cpp:102] Succeeded to set track lock for frame 71
I1012 13:48:06.724606  6909 work_track.cpp:116] Succeeded to release track lock for frame 71
I1012 13:48:06.724620  6909 work_track.cpp:120] Track results of frame 71: 1 objects input, 1 objects tracked!
I1012 13:48:06.724637  6909 work_track.cpp:148] Frame: 71, track bbox: [127 x 174 from (308.632, 142.457)], gid: 0, lid: 0
I1012 13:48:06.724674  6909 work_thread.hpp:88]  [T-Work-Detect_0] Frame :71 split
I1012 13:48:06.724691  6909 work_thread.hpp:120]  [T-Work-Detect_0] Valid piece: gid = 0
I1012 13:48:06.724709  6909 work_thread.hpp:92]  [T-Work-Detect_0] Push to split queue:recog
I1012 13:48:06.724825  6911 work_thread.hpp:81]  [T-Work-Recog_1] Run work: WorkCapture
I1012 13:48:06.724833  6912 thread_intergrate.hpp:78] [T-Intergrate-intergrate] queue: frame output frame :71
I1012 13:48:06.724859  6912 thread_intergrate.hpp:85] [T-Intergrate-intergrate] queue: compare output face:0
I1012 13:48:06.724879  6912 thread_intergrate.hpp:134] T-Intergrate-intergrate set matched face: 0
I1012 13:48:06.725355  6911 work_thread.hpp:81]  [T-Work-Recog_1] Run work: WorkRecog
I1012 13:48:06.725378  6911 work_recog.hpp:89] Face id: 0 will run recog: bbox [127 x 174 from (309, 142)] quality: 0.924022
I1012 13:48:06.725405  6911 work_recog.hpp:96] Recog pair: [184 x 248 from (280, 104)], [127 x 174 from (29, 38)]
I1012 13:48:06.726089  6912 thread_intergrate.hpp:154] T-Intergrate-intergrate Show face :0, size :640 * 360
I1012 13:48:06.726500  6908 demo_inner.hpp:435] thread [SORT-0]  frame id 71 sorting queue size 0   FPS: 7.14064
I1012 13:48:06.726588  6907 demo_inner.hpp:260]  gui queue size 0, state = running
I1012 13:48:06.742846  6911 work_thread.hpp:81]  [T-Work-Recog_1] Run work: WorkCompare
I1012 13:48:06.742954  6911 work_compare.cpp:76] Compare face: 0 successed, similarity :0.966828, name : images/thanglmb.jpg, normal size : 640 * 360!
I1012 13:48:06.855798  6906 demo_inner.hpp:177] decode queue size 0
I1012 13:48:06.855895  6909 work_thread.hpp:81]  [T-Work-Detect_0] Run work: WorkDetect
I1012 13:48:06.855932  6909 work_detect.cpp:102] Succeeded to add det start for frame 72
I1012 13:48:06.862553  6909 work_detect.cpp:70] Frame :72 detect result :1 face(s)
I1012 13:48:06.862589  6909 work_detect.cpp:86] Detected bbox: [132 x 175 from (303, 136)]
I1012 13:48:06.862630  6909 work_detect.cpp:120] Succeeded to add det end for frame 72
I1012 13:48:06.862646  6909 work_thread.hpp:81]  [T-Work-Detect_0] Run work: WrokTrack
I1012 13:48:06.862670  6909 work_track.cpp:82] Frame: 72 build input_characts: [0.20625 x 0.486111 from (0.473437, 0.377778)], 1.00019, 0
I1012 13:48:06.862723  6909 work_track.cpp:102] Succeeded to set track lock for frame 72
I1012 13:48:06.862763  6909 work_track.cpp:116] Succeeded to release track lock for frame 72
I1012 13:48:06.862778  6909 work_track.cpp:120] Track results of frame 72: 1 objects input, 1 objects tracked!
I1012 13:48:06.862797  6909 work_track.cpp:148] Frame: 72, track bbox: [132 x 175 from (305.043, 139.877)], gid: 0, lid: 0
I1012 13:48:06.862833  6909 work_thread.hpp:88]  [T-Work-Detect_0] Frame :72 split
I1012 13:48:06.862850  6909 work_thread.hpp:120]  [T-Work-Detect_0] Valid piece: gid = 0
I1012 13:48:06.862869  6909 work_thread.hpp:92]  [T-Work-Detect_0] Push to split queue:recog
I1012 13:48:06.862907  6911 work_thread.hpp:81]  [T-Work-Recog_1] Run work: WorkCapture
I1012 13:48:06.862913  6912 thread_intergrate.hpp:78] [T-Intergrate-intergrate] queue: frame output frame :72
I1012 13:48:06.862942  6912 thread_intergrate.hpp:85] [T-Intergrate-intergrate] queue: compare output face:0
I1012 13:48:06.862962  6912 thread_intergrate.hpp:134] T-Intergrate-intergrate set matched face: 0
I1012 13:48:06.863445  6911 work_thread.hpp:81]  [T-Work-Recog_1] Run work: WorkRecog
I1012 13:48:06.863467  6911 work_recog.hpp:89] Face id: 0 will run recog: bbox [132 x 175 from (303, 136)] quality: 0.946556
I1012 13:48:06.863494  6911 work_recog.hpp:96] Recog pair: [192 x 256 from (272, 96)], [132 x 175 from (31, 40)]
I1012 13:48:06.864181  6912 thread_intergrate.hpp:154] T-Intergrate-intergrate Show face :0, size :640 * 360
I1012 13:48:06.864562  6908 demo_inner.hpp:435] thread [SORT-0]  frame id 72 sorting queue size 0   FPS: 7.15174
I1012 13:48:06.864634  6907 demo_inner.hpp:260]  gui queue size 0, state = running
I1012 13:48:06.880975  6911 work_thread.hpp:81]  [T-Work-Recog_1] Run work: WorkCompare
I1012 13:48:06.881084  6911 work_compare.cpp:76] Compare face: 0 successed, similarity :0.940032, name : images/thanglmb.jpg, normal size : 640 * 360!
I1012 13:48:06.999619  6906 demo_inner.hpp:177] decode queue size 0
I1012 13:48:06.999714  6909 work_thread.hpp:81]  [T-Work-Detect_0] Run work: WorkDetect
I1012 13:48:06.999833  6909 work_detect.cpp:102] Succeeded to add det start for frame 73
I1012 13:48:07.006413  6909 work_detect.cpp:70] Frame :73 detect result :1 face(s)
I1012 13:48:07.006445  6909 work_detect.cpp:86] Detected bbox: [129 x 174 from (308, 145)]
I1012 13:48:07.006487  6909 work_detect.cpp:120] Succeeded to add det end for frame 73
I1012 13:48:07.006503  6909 work_thread.hpp:81]  [T-Work-Detect_0] Run work: WrokTrack
I1012 13:48:07.006528  6909 work_track.cpp:82] Frame: 73 build input_characts: [0.201562 x 0.483333 from (0.48125, 0.402778)], 0.999622, 0
I1012 13:48:07.006582  6909 work_track.cpp:102] Succeeded to set track lock for frame 73
I1012 13:48:07.006621  6909 work_track.cpp:116] Succeeded to release track lock for frame 73
I1012 13:48:07.006635  6909 work_track.cpp:120] Track results of frame 73: 1 objects input, 1 objects tracked!
I1012 13:48:07.006654  6909 work_track.cpp:148] Frame: 73, track bbox: [129 x 174 from (307.349, 142.754)], gid: 0, lid: 0
I1012 13:48:07.006688  6909 work_thread.hpp:88]  [T-Work-Detect_0] Frame :73 split
I1012 13:48:07.006706  6909 work_thread.hpp:120]  [T-Work-Detect_0] Valid piece: gid = 0
I1012 13:48:07.006726  6909 work_thread.hpp:92]  [T-Work-Detect_0] Push to split queue:recog
I1012 13:48:07.006765  6910 work_thread.hpp:81]  [T-Work-Recog_0] Run work: WorkCapture
I1012 13:48:07.006769  6912 thread_intergrate.hpp:78] [T-Intergrate-intergrate] queue: frame output frame :73
I1012 13:48:07.006798  6912 thread_intergrate.hpp:85] [T-Intergrate-intergrate] queue: compare output face:0
I1012 13:48:07.006816  6912 thread_intergrate.hpp:134] T-Intergrate-intergrate set matched face: 0
I1012 13:48:07.007293  6910 work_thread.hpp:81]  [T-Work-Recog_0] Run work: WorkRecog
I1012 13:48:07.007316  6910 work_recog.hpp:89] Face id: 0 will run recog: bbox [129 x 174 from (308, 145)] quality: 0.96264
I1012 13:48:07.007344  6910 work_recog.hpp:96] Recog pair: [184 x 256 from (280, 104)], [129 x 174 from (28, 41)]
I1012 13:48:07.007975  6912 thread_intergrate.hpp:154] T-Intergrate-intergrate Show face :0, size :640 * 360
I1012 13:48:07.008476  6908 demo_inner.hpp:435] thread [SORT-0]  frame id 73 sorting queue size 0   FPS: 7.14064
I1012 13:48:07.008541  6907 demo_inner.hpp:260]  gui queue size 0, state = running
I1012 13:48:07.024818  6910 work_thread.hpp:81]  [T-Work-Recog_0] Run work: WorkCompare
I1012 13:48:07.024927  6910 work_compare.cpp:76] Compare face: 0 successed, similarity :0.968872, name : images/thanglmb.jpg, normal size : 640 * 360!
I1012 13:48:07.137637  6906 demo_inner.hpp:177] decode queue size 0
I1012 13:48:07.137730  6909 work_thread.hpp:81]  [T-Work-Detect_0] Run work: WorkDetect
I1012 13:48:07.137769  6909 work_detect.cpp:102] Succeeded to add det start for frame 74
I1012 13:48:07.144351  6909 work_detect.cpp:70] Frame :74 detect result :1 face(s)
I1012 13:48:07.144385  6909 work_detect.cpp:86] Detected bbox: [133 x 180 from (303, 134)]
I1012 13:48:07.144425  6909 work_detect.cpp:120] Succeeded to add det end for frame 74
I1012 13:48:07.144441  6909 work_thread.hpp:81]  [T-Work-Detect_0] Run work: WrokTrack
I1012 13:48:07.144465  6909 work_track.cpp:82] Frame: 74 build input_characts: [0.207813 x 0.5 from (0.473437, 0.372222)], 1.00019, 0
I1012 13:48:07.144521  6909 work_track.cpp:102] Succeeded to set track lock for frame 74
I1012 13:48:07.144560  6909 work_track.cpp:116] Succeeded to release track lock for frame 74
I1012 13:48:07.144575  6909 work_track.cpp:120] Track results of frame 74: 1 objects input, 1 objects tracked!
I1012 13:48:07.144593  6909 work_track.cpp:148] Frame: 74, track bbox: [133 x 180 from (304.061, 137.073)], gid: 0, lid: 0
I1012 13:48:07.144629  6909 work_thread.hpp:88]  [T-Work-Detect_0] Frame :74 split
I1012 13:48:07.144647  6909 work_thread.hpp:120]  [T-Work-Detect_0] Valid piece: gid = 0
I1012 13:48:07.144665  6909 work_thread.hpp:92]  [T-Work-Detect_0] Push to split queue:recog
I1012 13:48:07.144704  6910 work_thread.hpp:81]  [T-Work-Recog_0] Run work: WorkCapture
I1012 13:48:07.144709  6912 thread_intergrate.hpp:78] [T-Intergrate-intergrate] queue: frame output frame :74
I1012 13:48:07.144856  6912 thread_intergrate.hpp:85] [T-Intergrate-intergrate] queue: compare output face:0
I1012 13:48:07.144877  6912 thread_intergrate.hpp:134] T-Intergrate-intergrate set matched face: 0
I1012 13:48:07.145246  6910 work_thread.hpp:81]  [T-Work-Recog_0] Run work: WorkRecog
I1012 13:48:07.145269  6910 work_recog.hpp:89] Face id: 0 will run recog: bbox [133 x 180 from (303, 134)] quality: 0.97966
I1012 13:48:07.145298  6910 work_recog.hpp:96] Recog pair: [192 x 256 from (272, 96)], [133 x 180 from (31, 38)]
I1012 13:48:07.146152  6912 thread_intergrate.hpp:154] T-Intergrate-intergrate Show face :0, size :640 * 360
I1012 13:48:07.146584  6908 demo_inner.hpp:435] thread [SORT-0]  frame id 74 sorting queue size 0   FPS: 7.14064
I1012 13:48:07.146652  6907 demo_inner.hpp:260]  gui queue size 0, state = running
I1012 13:48:07.162780  6910 work_thread.hpp:81]  [T-Work-Recog_0] Run work: WorkCompare
I1012 13:48:07.162890  6910 work_compare.cpp:76] Compare face: 0 successed, similarity :0.944539, name : images/thanglmb.jpg, normal size : 640 * 360!
I1012 13:48:07.275687  6906 demo_inner.hpp:177] decode queue size 0
I1012 13:48:07.275779  6909 work_thread.hpp:81]  [T-Work-Detect_0] Run work: WorkDetect
I1012 13:48:07.275816  6909 work_detect.cpp:102] Succeeded to add det start for frame 75
I1012 13:48:07.282424  6909 work_detect.cpp:70] Frame :75 detect result :1 face(s)
I1012 13:48:07.282459  6909 work_detect.cpp:86] Detected bbox: [129 x 172 from (306, 138)]
I1012 13:48:07.282498  6909 work_detect.cpp:120] Succeeded to add det end for frame 75
I1012 13:48:07.282514  6909 work_thread.hpp:81]  [T-Work-Detect_0] Run work: WrokTrack
I1012 13:48:07.282537  6909 work_track.cpp:82] Frame: 75 build input_characts: [0.201562 x 0.477778 from (0.478125, 0.383333)], 1.00019, 0
I1012 13:48:07.282593  6909 work_track.cpp:102] Succeeded to set track lock for frame 75
I1012 13:48:07.282631  6909 work_track.cpp:116] Succeeded to release track lock for frame 75
I1012 13:48:07.282646  6909 work_track.cpp:120] Track results of frame 75: 1 objects input, 1 objects tracked!
I1012 13:48:07.282665  6909 work_track.cpp:148] Frame: 75, track bbox: [129 x 172 from (305.504, 138.31)], gid: 0, lid: 0
I1012 13:48:07.282701  6909 work_thread.hpp:88]  [T-Work-Detect_0] Frame :75 split
I1012 13:48:07.282718  6909 work_thread.hpp:120]  [T-Work-Detect_0] Valid piece: gid = 0
I1012 13:48:07.282737  6909 work_thread.hpp:92]  [T-Work-Detect_0] Push to split queue:recog
I1012 13:48:07.282780  6911 work_thread.hpp:81]  [T-Work-Recog_1] Run work: WorkCapture
I1012 13:48:07.282783  6912 thread_intergrate.hpp:78] [T-Intergrate-intergrate] queue: frame output frame :75
I1012 13:48:07.282822  6912 thread_intergrate.hpp:85] [T-Intergrate-intergrate] queue: compare output face:0
I1012 13:48:07.282842  6912 thread_intergrate.hpp:134] T-Intergrate-intergrate set matched face: 0
I1012 13:48:07.283319  6911 work_thread.hpp:81]  [T-Work-Recog_1] Run work: WorkRecog
I1012 13:48:07.283342  6911 work_recog.hpp:89] Face id: 0 will run recog: bbox [129 x 172 from (306, 138)] quality: 0.835277
I1012 13:48:07.283370  6911 work_recog.hpp:96] Recog pair: [184 x 240 from (280, 104)], [129 x 172 from (26, 34)]
I1012 13:48:07.284060  6912 thread_intergrate.hpp:154] T-Intergrate-intergrate Show face :0, size :640 * 360
I1012 13:48:07.284559  6908 demo_inner.hpp:435] thread [SORT-0]  frame id 75 sorting queue size 0   FPS: 7.15397
I1012 13:48:07.284622  6907 demo_inner.hpp:260]  gui queue size 0, state = running
I1012 13:48:07.300812  6911 work_thread.hpp:81]  [T-Work-Recog_1] Run work: WorkCompare
I1012 13:48:07.300925  6911 work_compare.cpp:76] Compare face: 0 successed, similarity :0.950096, name : images/thanglmb.jpg, normal size : 640 * 360!
I1012 13:48:07.419561  6906 demo_inner.hpp:177] decode queue size 0
I1012 13:48:07.419661  6909 work_thread.hpp:81]  [T-Work-Detect_0] Run work: WorkDetect
I1012 13:48:07.419698  6909 work_detect.cpp:102] Succeeded to add det start for frame 76
I1012 13:48:07.426268  6909 work_detect.cpp:70] Frame :76 detect result :1 face(s)
I1012 13:48:07.426378  6909 work_detect.cpp:86] Detected bbox: [128 x 174 from (309, 143)]
I1012 13:48:07.426420  6909 work_detect.cpp:120] Succeeded to add det end for frame 76
I1012 13:48:07.426436  6909 work_thread.hpp:81]  [T-Work-Detect_0] Run work: WrokTrack
I1012 13:48:07.426461  6909 work_track.cpp:82] Frame: 76 build input_characts: [0.2 x 0.483333 from (0.482812, 0.397222)], 1.00019, 0
I1012 13:48:07.426515  6909 work_track.cpp:102] Succeeded to set track lock for frame 76
I1012 13:48:07.426555  6909 work_track.cpp:116] Succeeded to release track lock for frame 76
I1012 13:48:07.426569  6909 work_track.cpp:120] Track results of frame 76: 1 objects input, 1 objects tracked!
I1012 13:48:07.426586  6909 work_track.cpp:148] Frame: 76, track bbox: [128 x 174 from (307.46, 139.994)], gid: 0, lid: 0
I1012 13:48:07.426623  6909 work_thread.hpp:88]  [T-Work-Detect_0] Frame :76 split
I1012 13:48:07.426640  6909 work_thread.hpp:120]  [T-Work-Detect_0] Valid piece: gid = 0
I1012 13:48:07.426659  6909 work_thread.hpp:92]  [T-Work-Detect_0] Push to split queue:recog
I1012 13:48:07.426697  6911 work_thread.hpp:81]  [T-Work-Recog_1] Run work: WorkCapture
I1012 13:48:07.426703  6912 thread_intergrate.hpp:78] [T-Intergrate-intergrate] queue: frame output frame :76
I1012 13:48:07.426731  6912 thread_intergrate.hpp:85] [T-Intergrate-intergrate] queue: compare output face:0
I1012 13:48:07.426750  6912 thread_intergrate.hpp:134] T-Intergrate-intergrate set matched face: 0
I1012 13:48:07.427232  6911 work_thread.hpp:81]  [T-Work-Recog_1] Run work: WorkRecog
I1012 13:48:07.427254  6911 work_recog.hpp:89] Face id: 0 will run recog: bbox [128 x 174 from (309, 143)] quality: 0.932403
I1012 13:48:07.427281  6911 work_recog.hpp:96] Recog pair: [184 x 248 from (280, 104)], [128 x 174 from (29, 39)]
I1012 13:48:07.427917  6912 thread_intergrate.hpp:154] T-Intergrate-intergrate Show face :0, size :640 * 360
I1012 13:48:07.428421  6908 demo_inner.hpp:435] thread [SORT-0]  frame id 76 sorting queue size 0   FPS: 7.14064
I1012 13:48:07.428489  6907 demo_inner.hpp:260]  gui queue size 0, state = running
I1012 13:48:07.444687  6911 work_thread.hpp:81]  [T-Work-Recog_1] Run work: WorkCompare
I1012 13:48:07.444795  6911 work_compare.cpp:76] Compare face: 0 successed, similarity :0.957556, name : images/thanglmb.jpg, normal size : 640 * 360!
I1012 13:48:07.557586  6906 demo_inner.hpp:177] decode queue size 0
I1012 13:48:07.557677  6909 work_thread.hpp:81]  [T-Work-Detect_0] Run work: WorkDetect
I1012 13:48:07.557714  6909 work_detect.cpp:102] Succeeded to add det start for frame 77
I1012 13:48:07.564180  6909 work_detect.cpp:70] Frame :77 detect result :1 face(s)
I1012 13:48:07.564213  6909 work_detect.cpp:86] Detected bbox: [124 x 172 from (312, 144)]
