I1014 11:38:08.874567  5124 thread_intergrate.hpp:78] [T-Intergrate-intergrate] queue: frame output frame :46
I1014 11:38:08.875038  5122 work_thread.hpp:81]  [T-Work-Recog_0] Run work: WorkRecog
W1014 11:38:08.875061  5122 work_recog.hpp:118] Face id: 0 has low quality : 0.0332462, no need to recog
I1014 11:38:08.875113  5122 work_thread.hpp:81]  [T-Work-Recog_0] Run work: WorkCompare
I1014 11:38:08.876092  5120 demo_inner.hpp:435] thread [SORT-0]  frame id 46 sorting queue size 0   FPS: 29.9003
I1014 11:38:08.903121  5118 demo_inner.hpp:177] decode queue size 0
I1014 11:38:08.903224  5121 work_thread.hpp:81]  [T-Work-Detect_0] Run work: WorkDetect
I1014 11:38:08.903259  5121 work_detect.cpp:102] Succeeded to add det start for frame 47
I1014 11:38:08.909870  5121 work_detect.cpp:70] Frame :47 detect result :2 face(s)
W1014 11:38:08.909914  5121 work_detect.cpp:83] Invalid bbox: [140 x 155 from (278, 222)]
I1014 11:38:08.909999  5121 work_detect.cpp:86] Detected bbox: [54 x 47 from (94, 187)]
I1014 11:38:08.910428  5121 work_detect.cpp:120] Succeeded to add det end for frame 47
I1014 11:38:08.910446  5121 work_thread.hpp:81]  [T-Work-Detect_0] Run work: WrokTrack
I1014 11:38:08.910471  5121 work_track.cpp:82] Frame: 47 build input_characts: [0.084375 x 0.130556 from (0.146875, 0.519444)], 0.976131, 0
I1014 11:38:08.910529  5121 work_track.cpp:102] Succeeded to set track lock for frame 47
I1014 11:38:08.910567  5121 work_track.cpp:116] Succeeded to release track lock for frame 47
I1014 11:38:08.910583  5121 work_track.cpp:120] Track results of frame 47: 1 objects input, 1 objects tracked!
I1014 11:38:08.910600  5121 work_track.cpp:148] Frame: 47, track bbox: [54 x 47 from (93.6022, 186.977)], gid: 0, lid: 0
I1014 11:38:08.910636  5121 work_thread.hpp:88]  [T-Work-Detect_0] Frame :47 split
I1014 11:38:08.910653  5121 work_thread.hpp:120]  [T-Work-Detect_0] Valid piece: gid = 0
I1014 11:38:08.910671  5121 work_thread.hpp:92]  [T-Work-Detect_0] Push to split queue:recog
I1014 11:38:08.910708  5122 work_thread.hpp:81]  [T-Work-Recog_0] Run work: WorkCapture
I1014 11:38:08.910720  5124 thread_intergrate.hpp:78] [T-Intergrate-intergrate] queue: frame output frame :47
I1014 11:38:08.911227  5122 work_thread.hpp:81]  [T-Work-Recog_0] Run work: WorkRecog
W1014 11:38:08.911248  5122 work_recog.hpp:118] Face id: 0 has low quality : 0.0411459, no need to recog
I1014 11:38:08.911307  5122 work_thread.hpp:81]  [T-Work-Recog_0] Run work: WorkCompare
I1014 11:38:08.912259  5120 demo_inner.hpp:435] thread [SORT-0]  frame id 47 sorting queue size 1   FPS: 29.8507
I1014 11:38:08.921620  5119 demo_inner.hpp:260]  gui queue size 1, state = running
I1014 11:38:08.939015  5118 demo_inner.hpp:177] decode queue size 0
I1014 11:38:08.939214  5121 work_thread.hpp:81]  [T-Work-Detect_0] Run work: WorkDetect
I1014 11:38:08.939251  5121 work_detect.cpp:102] Succeeded to add det start for frame 48
I1014 11:38:08.945849  5121 work_detect.cpp:70] Frame :48 detect result :2 face(s)
W1014 11:38:08.945894  5121 work_detect.cpp:83] Invalid bbox: [129 x 150 from (278, 225)]
I1014 11:38:08.945998  5121 work_detect.cpp:86] Detected bbox: [56 x 51 from (93, 185)]
I1014 11:38:08.946041  5121 work_detect.cpp:120] Succeeded to add det end for frame 48
I1014 11:38:08.946058  5121 work_thread.hpp:81]  [T-Work-Detect_0] Run work: WrokTrack
I1014 11:38:08.946082  5121 work_track.cpp:82] Frame: 48 build input_characts: [0.0875 x 0.141667 from (0.145313, 0.513889)], 0.989534, 0
I1014 11:38:08.946139  5121 work_track.cpp:102] Succeeded to set track lock for frame 48
I1014 11:38:08.946179  5121 work_track.cpp:116] Succeeded to release track lock for frame 48
I1014 11:38:08.946193  5121 work_track.cpp:120] Track results of frame 48: 1 objects input, 1 objects tracked!
I1014 11:38:08.946213  5121 work_track.cpp:148] Frame: 48, track bbox: [56 x 51 from (92.8866, 184.967)], gid: 0, lid: 0
I1014 11:38:08.946249  5121 work_thread.hpp:88]  [T-Work-Detect_0] Frame :48 split
I1014 11:38:08.946265  5121 work_thread.hpp:120]  [T-Work-Detect_0] Valid piece: gid = 0
I1014 11:38:08.946283  5121 work_thread.hpp:92]  [T-Work-Detect_0] Push to split queue:recog
I1014 11:38:08.946331  5123 work_thread.hpp:81]  [T-Work-Recog_1] Run work: WorkCapture
I1014 11:38:08.946573  5124 thread_intergrate.hpp:78] [T-Intergrate-intergrate] queue: frame output frame :48
I1014 11:38:08.946808  5123 work_thread.hpp:81]  [T-Work-Recog_1] Run work: WorkRecog
W1014 11:38:08.946830  5123 work_recog.hpp:118] Face id: 0 has low quality : 0.0332469, no need to recog
I1014 11:38:08.946880  5123 work_thread.hpp:81]  [T-Work-Recog_1] Run work: WorkCompare
I1014 11:38:08.948088  5120 demo_inner.hpp:435] thread [SORT-0]  frame id 48 sorting queue size 0   FPS: 29.8034
I1014 11:38:08.969190  5118 demo_inner.hpp:177] decode queue size 0
I1014 11:38:08.969290  5121 work_thread.hpp:81]  [T-Work-Detect_0] Run work: WorkDetect
I1014 11:38:08.969324  5121 work_detect.cpp:102] Succeeded to add det start for frame 49
I1014 11:38:08.975862  5121 work_detect.cpp:70] Frame :49 detect result :3 face(s)
W1014 11:38:08.975908  5121 work_detect.cpp:83] Invalid bbox: [132 x 153 from (272, 223)]
I1014 11:38:08.975992  5121 work_detect.cpp:86] Detected bbox: [57 x 48 from (93, 187)]
I1014 11:38:08.976025  5121 work_detect.cpp:86] Detected bbox: [21 x 40 from (441, 191)]
I1014 11:38:08.976056  5121 work_detect.cpp:120] Succeeded to add det end for frame 49
I1014 11:38:08.976073  5121 work_thread.hpp:81]  [T-Work-Detect_0] Run work: WrokTrack
I1014 11:38:08.976096  5121 work_track.cpp:82] Frame: 49 build input_characts: [0.0890625 x 0.133333 from (0.145313, 0.519444)], 0.981359, 0
I1014 11:38:08.976150  5121 work_track.cpp:82] Frame: 49 build input_characts: [0.0328125 x 0.111111 from (0.689062, 0.530556)], 0.901423, 1
I1014 11:38:08.976207  5121 work_track.cpp:102] Succeeded to set track lock for frame 49
I1014 11:38:08.976253  5121 work_track.cpp:116] Succeeded to release track lock for frame 49
I1014 11:38:08.976267  5121 work_track.cpp:120] Track results of frame 49: 2 objects input, 1 objects tracked!
I1014 11:38:08.976284  5121 work_track.cpp:148] Frame: 49, track bbox: [57 x 48 from (92.7716, 186.753)], gid: 0, lid: 0
I1014 11:38:08.976318  5121 work_track.cpp:162] Frame: 49 lid: 2 not tracked, will set invalid
I1014 11:38:08.976334  5121 work_thread.hpp:88]  [T-Work-Detect_0] Frame :49 split
I1014 11:38:08.976351  5121 work_thread.hpp:120]  [T-Work-Detect_0] Valid piece: gid = 0
I1014 11:38:08.976368  5121 work_thread.hpp:124]  [T-Work-Detect_0] Invalid piece: lid = 2, drop it
I1014 11:38:08.976383  5121 work_thread.hpp:92]  [T-Work-Detect_0] Push to split queue:recog
I1014 11:38:08.976435  5123 work_thread.hpp:81]  [T-Work-Recog_1] Run work: WorkCapture
I1014 11:38:08.976677  5124 thread_intergrate.hpp:78] [T-Intergrate-intergrate] queue: frame output frame :49
I1014 11:38:08.976914  5123 work_thread.hpp:81]  [T-Work-Recog_1] Run work: WorkRecog
W1014 11:38:08.976935  5123 work_recog.hpp:118] Face id: 0 has low quality : 0.0238412, no need to recog
I1014 11:38:08.976987  5123 work_thread.hpp:81]  [T-Work-Recog_1] Run work: WorkCompare
I1014 11:38:08.978286  5120 demo_inner.hpp:435] thread [SORT-0]  frame id 49 sorting queue size 1   FPS: 29.8693
I1014 11:38:09.001565  5119 demo_inner.hpp:260]  gui queue size 1, state = running
I1014 11:38:09.005146  5118 demo_inner.hpp:177] decode queue size 0
I1014 11:38:09.005257  5121 work_thread.hpp:81]  [T-Work-Detect_0] Run work: WorkDetect
I1014 11:38:09.005293  5121 work_detect.cpp:102] Succeeded to add det start for frame 50
I1014 11:38:09.011844  5121 work_detect.cpp:70] Frame :50 detect result :3 face(s)
W1014 11:38:09.011885  5121 work_detect.cpp:83] Invalid bbox: [131 x 153 from (270, 222)]
I1014 11:38:09.011970  5121 work_detect.cpp:86] Detected bbox: [54 x 45 from (93, 190)]
I1014 11:38:09.012002  5121 work_detect.cpp:86] Detected bbox: [21 x 39 from (440, 192)]
I1014 11:38:09.012033  5121 work_detect.cpp:120] Succeeded to add det end for frame 50
I1014 11:38:09.012050  5121 work_thread.hpp:81]  [T-Work-Detect_0] Run work: WrokTrack
I1014 11:38:09.012074  5121 work_track.cpp:82] Frame: 50 build input_characts: [0.084375 x 0.125 from (0.145313, 0.527778)], 0.972103, 0
I1014 11:38:09.012128  5121 work_track.cpp:82] Frame: 50 build input_characts: [0.0328125 x 0.108333 from (0.6875, 0.533333)], 0.905415, 1
I1014 11:38:09.012187  5121 work_track.cpp:102] Succeeded to set track lock for frame 50
I1014 11:38:09.012233  5121 work_track.cpp:116] Succeeded to release track lock for frame 50
I1014 11:38:09.012248  5121 work_track.cpp:120] Track results of frame 50: 2 objects input, 1 objects tracked!
I1014 11:38:09.012266  5121 work_track.cpp:148] Frame: 50, track bbox: [54 x 45 from (93.7106, 189.157)], gid: 0, lid: 0
I1014 11:38:09.012300  5121 work_track.cpp:162] Frame: 50 lid: 2 not tracked, will set invalid
I1014 11:38:09.012315  5121 work_thread.hpp:88]  [T-Work-Detect_0] Frame :50 split
I1014 11:38:09.012332  5121 work_thread.hpp:120]  [T-Work-Detect_0] Valid piece: gid = 0
I1014 11:38:09.012351  5121 work_thread.hpp:124]  [T-Work-Detect_0] Invalid piece: lid = 2, drop it
I1014 11:38:09.012365  5121 work_thread.hpp:92]  [T-Work-Detect_0] Push to split queue:recog
I1014 11:38:09.012410  5123 work_thread.hpp:81]  [T-Work-Recog_1] Run work: WorkCapture
I1014 11:38:09.012645  5124 thread_intergrate.hpp:78] [T-Intergrate-intergrate] queue: frame output frame :50
I1014 11:38:09.012879  5123 work_thread.hpp:81]  [T-Work-Recog_1] Run work: WorkRecog
W1014 11:38:09.012900  5123 work_recog.hpp:118] Face id: 0 has low quality : 0.0266797, no need to recog
I1014 11:38:09.012953  5123 work_thread.hpp:81]  [T-Work-Recog_1] Run work: WorkCompare
I1014 11:38:09.014150  5120 demo_inner.hpp:435] thread [SORT-0]  frame id 50 sorting queue size 0   FPS: 29.8235
I1014 11:38:09.014207  5119 demo_inner.hpp:260]  gui queue size 0, state = running
I1014 11:38:09.035151  5118 demo_inner.hpp:177] decode queue size 0
I1014 11:38:09.035250  5121 work_thread.hpp:81]  [T-Work-Detect_0] Run work: WorkDetect
I1014 11:38:09.035284  5121 work_detect.cpp:102] Succeeded to add det start for frame 51
I1014 11:38:09.041851  5121 work_detect.cpp:70] Frame :51 detect result :2 face(s)
W1014 11:38:09.041898  5121 work_detect.cpp:83] Invalid bbox: [133 x 152 from (270, 224)]
I1014 11:38:09.042006  5121 work_detect.cpp:86] Detected bbox: [56 x 47 from (94, 188)]
I1014 11:38:09.042050  5121 work_detect.cpp:120] Succeeded to add det end for frame 51
I1014 11:38:09.042066  5121 work_thread.hpp:81]  [T-Work-Detect_0] Run work: WrokTrack
I1014 11:38:09.042093  5121 work_track.cpp:82] Frame: 51 build input_characts: [0.0875 x 0.130556 from (0.146875, 0.522222)], 0.966593, 0
I1014 11:38:09.042150  5121 work_track.cpp:102] Succeeded to set track lock for frame 51
I1014 11:38:09.042193  5121 work_track.cpp:116] Succeeded to release track lock for frame 51
I1014 11:38:09.042255  5121 work_track.cpp:120] Track results of frame 51: 1 objects input, 1 objects tracked!
I1014 11:38:09.042275  5121 work_track.cpp:148] Frame: 51, track bbox: [56 x 47 from (93.4473, 188.388)], gid: 0, lid: 0
I1014 11:38:09.042311  5121 work_thread.hpp:88]  [T-Work-Detect_0] Frame :51 split
I1014 11:38:09.042330  5121 work_thread.hpp:120]  [T-Work-Detect_0] Valid piece: gid = 0
I1014 11:38:09.042346  5121 work_thread.hpp:92]  [T-Work-Detect_0] Push to split queue:recog
I1014 11:38:09.042397  5123 work_thread.hpp:81]  [T-Work-Recog_1] Run work: WorkCapture
I1014 11:38:09.042642  5124 thread_intergrate.hpp:78] [T-Intergrate-intergrate] queue: frame output frame :51
I1014 11:38:09.042874  5123 work_thread.hpp:81]  [T-Work-Recog_1] Run work: WorkRecog
W1014 11:38:09.042896  5123 work_recog.hpp:118] Face id: 0 has low quality : 0.02384, no need to recog
I1014 11:38:09.042948  5123 work_thread.hpp:81]  [T-Work-Recog_1] Run work: WorkCompare
I1014 11:38:09.044211  5120 demo_inner.hpp:435] thread [SORT-0]  frame id 51 sorting queue size 0   FPS: 29.8864
I1014 11:38:09.071072  5118 demo_inner.hpp:177] decode queue size 0
I1014 11:38:09.071187  5121 work_thread.hpp:81]  [T-Work-Detect_0] Run work: WorkDetect
I1014 11:38:09.071221  5121 work_detect.cpp:102] Succeeded to add det start for frame 52
I1014 11:38:09.077786  5121 work_detect.cpp:70] Frame :52 detect result :2 face(s)
W1014 11:38:09.077841  5121 work_detect.cpp:83] Invalid bbox: [135 x 153 from (269, 220)]
I1014 11:38:09.077929  5121 work_detect.cpp:86] Detected bbox: [56 x 49 from (92, 186)]
I1014 11:38:09.077975  5121 work_detect.cpp:120] Succeeded to add det end for frame 52
I1014 11:38:09.077992  5121 work_thread.hpp:81]  [T-Work-Detect_0] Run work: WrokTrack
I1014 11:38:09.078016  5121 work_track.cpp:82] Frame: 52 build input_characts: [0.0875 x 0.136111 from (0.14375, 0.516667)], 0.976131, 0
I1014 11:38:09.078074  5121 work_track.cpp:102] Succeeded to set track lock for frame 52
I1014 11:38:09.078142  5121 work_track.cpp:116] Succeeded to release track lock for frame 52
I1014 11:38:09.078158  5121 work_track.cpp:120] Track results of frame 52: 1 objects input, 1 objects tracked!
I1014 11:38:09.078176  5121 work_track.cpp:148] Frame: 52, track bbox: [56 x 49 from (92.6703, 186.906)], gid: 0, lid: 0
I1014 11:38:09.078212  5121 work_thread.hpp:88]  [T-Work-Detect_0] Frame :52 split
I1014 11:38:09.078230  5119 demo_inner.hpp:260]  gui queue size 0, state = running
I1014 11:38:09.078230  5121 work_thread.hpp:120]  [T-Work-Detect_0] Valid piece: gid = 0
I1014 11:38:09.078269  5121 work_thread.hpp:92]  [T-Work-Detect_0] Push to split queue:recog
I1014 11:38:09.078310  5122 work_thread.hpp:81]  [T-Work-Recog_0] Run work: WorkCapture
I1014 11:38:09.078326  5124 thread_intergrate.hpp:78] [T-Intergrate-intergrate] queue: frame output frame :52
I1014 11:38:09.078847  5122 work_thread.hpp:81]  [T-Work-Recog_0] Run work: WorkRecog
W1014 11:38:09.078872  5122 work_recog.hpp:118] Face id: 0 has low quality : 0.0238412, no need to recog
I1014 11:38:09.078964  5122 work_thread.hpp:81]  [T-Work-Recog_0] Run work: WorkCompare
I1014 11:38:09.079901  5120 demo_inner.hpp:435] thread [SORT-0]  frame id 52 sorting queue size 0   FPS: 29.8595
I1014 11:38:09.101156  5118 demo_inner.hpp:177] decode queue size 0
I1014 11:38:09.101256  5121 work_thread.hpp:81]  [T-Work-Detect_0] Run work: WorkDetect
I1014 11:38:09.101291  5121 work_detect.cpp:102] Succeeded to add det start for frame 53
I1014 11:38:09.107894  5121 work_detect.cpp:70] Frame :53 detect result :3 face(s)
W1014 11:38:09.107937  5121 work_detect.cpp:83] Invalid bbox: [135 x 157 from (269, 218)]
I1014 11:38:09.108023  5121 work_detect.cpp:86] Detected bbox: [53 x 44 from (95, 188)]
I1014 11:38:09.108055  5121 work_detect.cpp:86] Detected bbox: [21 x 40 from (441, 191)]
I1014 11:38:09.108088  5121 work_detect.cpp:120] Succeeded to add det end for frame 53
I1014 11:38:09.108103  5121 work_thread.hpp:81]  [T-Work-Detect_0] Run work: WrokTrack
I1014 11:38:09.108129  5121 work_track.cpp:82] Frame: 53 build input_characts: [0.0828125 x 0.122222 from (0.148438, 0.522222)], 0.947545, 0
I1014 11:38:09.108237  5121 work_track.cpp:82] Frame: 53 build input_characts: [0.0328125 x 0.111111 from (0.689062, 0.530556)], 0.905415, 1
I1014 11:38:09.108275  5121 work_track.cpp:102] Succeeded to set track lock for frame 53
I1014 11:38:09.108321  5121 work_track.cpp:116] Succeeded to release track lock for frame 53
I1014 11:38:09.108336  5121 work_track.cpp:120] Track results of frame 53: 2 objects input, 1 objects tracked!
I1014 11:38:09.108355  5121 work_track.cpp:148] Frame: 53, track bbox: [53 x 44 from (94.5046, 188.647)], gid: 0, lid: 0
I1014 11:38:09.108387  5121 work_track.cpp:162] Frame: 53 lid: 2 not tracked, will set invalid
I1014 11:38:09.108403  5121 work_thread.hpp:88]  [T-Work-Detect_0] Frame :53 split
I1014 11:38:09.108420  5121 work_thread.hpp:120]  [T-Work-Detect_0] Valid piece: gid = 0
I1014 11:38:09.108438  5121 work_thread.hpp:124]  [T-Work-Detect_0] Invalid piece: lid = 2, drop it
I1014 11:38:09.108453  5121 work_thread.hpp:92]  [T-Work-Detect_0] Push to split queue:recog
I1014 11:38:09.108500  5122 work_thread.hpp:81]  [T-Work-Recog_0] Run work: WorkCapture
I1014 11:38:09.108508  5124 thread_intergrate.hpp:78] [T-Intergrate-intergrate] queue: frame output frame :53
I1014 11:38:09.108968  5122 work_thread.hpp:81]  [T-Work-Recog_0] Run work: WorkRecog
W1014 11:38:09.108989  5122 work_recog.hpp:118] Face id: 0 has low quality : 0.0370254, no need to recog
I1014 11:38:09.109063  5122 work_thread.hpp:81]  [T-Work-Recog_0] Run work: WorkCompare
I1014 11:38:09.110009  5120 demo_inner.hpp:435] thread [SORT-0]  frame id 53 sorting queue size 1   FPS: 29.9022
I1014 11:38:09.137053  5118 demo_inner.hpp:177] decode queue size 0
I1014 11:38:09.137158  5121 work_thread.hpp:81]  [T-Work-Detect_0] Run work: WorkDetect
I1014 11:38:09.137192  5121 work_detect.cpp:102] Succeeded to add det start for frame 54
I1014 11:38:09.143640  5121 work_detect.cpp:70] Frame :54 detect result :2 face(s)
W1014 11:38:09.143680  5121 work_detect.cpp:83] Invalid bbox: [132 x 156 from (271, 219)]
I1014 11:38:09.143766  5121 work_detect.cpp:86] Detected bbox: [54 x 47 from (93, 188)]
I1014 11:38:09.143808  5121 work_detect.cpp:120] Succeeded to add det end for frame 54
I1014 11:38:09.143824  5121 work_thread.hpp:81]  [T-Work-Detect_0] Run work: WrokTrack
I1014 11:38:09.143847  5121 work_track.cpp:82] Frame: 54 build input_characts: [0.084375 x 0.130556 from (0.145313, 0.522222)], 0.981281, 0
I1014 11:38:09.143904  5121 work_track.cpp:102] Succeeded to set track lock for frame 54
I1014 11:38:09.143945  5121 work_track.cpp:116] Succeeded to release track lock for frame 54
I1014 11:38:09.143960  5121 work_track.cpp:120] Track results of frame 54: 1 objects input, 1 objects tracked!
I1014 11:38:09.143978  5121 work_track.cpp:148] Frame: 54, track bbox: [54 x 47 from (93.4805, 187.243)], gid: 0, lid: 0
I1014 11:38:09.144014  5121 work_thread.hpp:88]  [T-Work-Detect_0] Frame :54 split
I1014 11:38:09.144032  5121 work_thread.hpp:120]  [T-Work-Detect_0] Valid piece: gid = 0
I1014 11:38:09.144049  5121 work_thread.hpp:92]  [T-Work-Detect_0] Push to split queue:recog
I1014 11:38:09.144086  5122 work_thread.hpp:81]  [T-Work-Recog_0] Run work: WorkCapture
I1014 11:38:09.144098  5124 thread_intergrate.hpp:78] [T-Intergrate-intergrate] queue: frame output frame :54
I1014 11:38:09.144587  5122 work_thread.hpp:81]  [T-Work-Recog_0] Run work: WorkRecog
W1014 11:38:09.144608  5122 work_recog.hpp:118] Face id: 0 has low quality : 0.0266781, no need to recog
I1014 11:38:09.144665  5122 work_thread.hpp:81]  [T-Work-Recog_0] Run work: WorkCompare
I1014 11:38:09.145692  5120 demo_inner.hpp:435] thread [SORT-0]  frame id 54 sorting queue size 2   FPS: 29.876
I1014 11:38:09.150946  5119 demo_inner.hpp:260]  gui queue size 2, state = running
I1014 11:38:09.172989  5118 demo_inner.hpp:177] decode queue size 0
I1014 11:38:09.173104  5121 work_thread.hpp:81]  [T-Work-Detect_0] Run work: WorkDetect
I1014 11:38:09.173141  5121 work_detect.cpp:102] Succeeded to add det start for frame 55
I1014 11:38:09.179857  5121 work_detect.cpp:70] Frame :55 detect result :2 face(s)
W1014 11:38:09.179903  5121 work_detect.cpp:83] Invalid bbox: [132 x 150 from (272, 222)]
I1014 11:38:09.179987  5121 work_detect.cpp:86] Detected bbox: [55 x 46 from (94, 188)]
I1014 11:38:09.180029  5121 work_detect.cpp:120] Succeeded to add det end for frame 55
I1014 11:38:09.180045  5121 work_thread.hpp:81]  [T-Work-Detect_0] Run work: WrokTrack
I1014 11:38:09.180070  5121 work_track.cpp:82] Frame: 55 build input_characts: [0.0859375 x 0.127778 from (0.146875, 0.522222)], 0.977486, 0
I1014 11:38:09.180126  5121 work_track.cpp:102] Succeeded to set track lock for frame 55
I1014 11:38:09.180197  5121 work_track.cpp:116] Succeeded to release track lock for frame 55
I1014 11:38:09.180212  5121 work_track.cpp:120] Track results of frame 55: 1 objects input, 1 objects tracked!
I1014 11:38:09.180230  5121 work_track.cpp:148] Frame: 55, track bbox: [55 x 46 from (93.5514, 187.601)], gid: 0, lid: 0
I1014 11:38:09.180266  5121 work_thread.hpp:88]  [T-Work-Detect_0] Frame :55 split
I1014 11:38:09.180284  5121 work_thread.hpp:120]  [T-Work-Detect_0] Valid piece: gid = 0
I1014 11:38:09.180302  5121 work_thread.hpp:92]  [T-Work-Detect_0] Push to split queue:recog
I1014 11:38:09.180351  5123 work_thread.hpp:81]  [T-Work-Recog_1] Run work: WorkCapture
I1014 11:38:09.180583  5124 thread_intergrate.hpp:78] [T-Intergrate-intergrate] queue: frame output frame :55
I1014 11:38:09.180826  5123 work_thread.hpp:81]  [T-Work-Recog_1] Run work: WorkRecog
W1014 11:38:09.180847  5123 work_recog.hpp:118] Face id: 0 has low quality : 0.033257, no need to recog
I1014 11:38:09.180900  5123 work_thread.hpp:81]  [T-Work-Recog_1] Run work: WorkCompare
I1014 11:38:09.182077  5120 demo_inner.hpp:435] thread [SORT-0]  frame id 55 sorting queue size 0   FPS: 29.8178
I1014 11:38:09.203109  5118 demo_inner.hpp:177] decode queue size 0
I1014 11:38:09.203220  5121 work_thread.hpp:81]  [T-Work-Detect_0] Run work: WorkDetect
I1014 11:38:09.203256  5121 work_detect.cpp:102] Succeeded to add det start for frame 56
I1014 11:38:09.209796  5121 work_detect.cpp:70] Frame :56 detect result :2 face(s)
W1014 11:38:09.209839  5121 work_detect.cpp:83] Invalid bbox: [133 x 156 from (273, 218)]
I1014 11:38:09.209925  5121 work_detect.cpp:86] Detected bbox: [55 x 45 from (92, 188)]
I1014 11:38:09.209969  5121 work_detect.cpp:120] Succeeded to add det end for frame 56
I1014 11:38:09.209985  5121 work_thread.hpp:81]  [T-Work-Detect_0] Run work: WrokTrack
I1014 11:38:09.210009  5121 work_track.cpp:82] Frame: 56 build input_characts: [0.0859375 x 0.125 from (0.14375, 0.522222)], 0.972103, 0
I1014 11:38:09.210067  5121 work_track.cpp:102] Succeeded to set track lock for frame 56
I1014 11:38:09.210105  5121 work_track.cpp:116] Succeeded to release track lock for frame 56
I1014 11:38:09.210120  5121 work_track.cpp:120] Track results of frame 56: 1 objects input, 1 objects tracked!
I1014 11:38:09.210137  5121 work_track.cpp:148] Frame: 56, track bbox: [55 x 45 from (92.5761, 188.195)], gid: 0, lid: 0
I1014 11:38:09.210171  5121 work_thread.hpp:88]  [T-Work-Detect_0] Frame :56 split
I1014 11:38:09.210188  5121 work_thread.hpp:120]  [T-Work-Detect_0] Valid piece: gid = 0
I1014 11:38:09.210206  5121 work_thread.hpp:92]  [T-Work-Detect_0] Push to split queue:recog
I1014 11:38:09.210258  5123 work_thread.hpp:81]  [T-Work-Recog_1] Run work: WorkCapture
I1014 11:38:09.210492  5124 thread_intergrate.hpp:78] [T-Intergrate-intergrate] queue: frame output frame :56
I1014 11:38:09.210726  5123 work_thread.hpp:81]  [T-Work-Recog_1] Run work: WorkRecog
W1014 11:38:09.210747  5123 work_recog.hpp:118] Face id: 0 has low quality : 0.0189697, no need to recog
I1014 11:38:09.210796  5123 work_thread.hpp:81]  [T-Work-Recog_1] Run work: WorkCompare
I1014 11:38:09.212240  5120 demo_inner.hpp:435] thread [SORT-0]  frame id 56 sorting queue size 1   FPS: 29.8751
I1014 11:38:09.239042  5118 demo_inner.hpp:177] decode queue size 0
I1014 11:38:09.239152  5121 work_thread.hpp:81]  [T-Work-Detect_0] Run work: WorkDetect
I1014 11:38:09.239266  5121 work_detect.cpp:102] Succeeded to add det start for frame 57
I1014 11:38:09.247004  5121 work_detect.cpp:70] Frame :57 detect result :2 face(s)
W1014 11:38:09.247051  5121 work_detect.cpp:83] Invalid bbox: [136 x 156 from (278, 220)]
I1014 11:38:09.247138  5121 work_detect.cpp:86] Detected bbox: [56 x 47 from (94, 188)]
I1014 11:38:09.247182  5121 work_detect.cpp:120] Succeeded to add det end for frame 57
I1014 11:38:09.247198  5121 work_thread.hpp:81]  [T-Work-Detect_0] Run work: WrokTrack
I1014 11:38:09.247223  5121 work_track.cpp:82] Frame: 57 build input_characts: [0.0875 x 0.130556 from (0.146875, 0.522222)], 0.972103, 0
I1014 11:38:09.247279  5121 work_track.cpp:102] Succeeded to set track lock for frame 57
I1014 11:38:09.247318  5121 work_track.cpp:116] Succeeded to release track lock for frame 57
I1014 11:38:09.247334  5121 work_track.cpp:120] Track results of frame 57: 1 objects input, 1 objects tracked!
I1014 11:38:09.247351  5121 work_track.cpp:148] Frame: 57, track bbox: [56 x 47 from (93.1486, 187.764)], gid: 0, lid: 0
I1014 11:38:09.247386  5121 work_thread.hpp:88]  [T-Work-Detect_0] Frame :57 split
I1014 11:38:09.247403  5121 work_thread.hpp:120]  [T-Work-Detect_0] Valid piece: gid = 0
I1014 11:38:09.247421  5121 work_thread.hpp:92]  [T-Work-Detect_0] Push to split queue:recog
I1014 11:38:09.248131  5123 work_thread.hpp:81]  [T-Work-Recog_1] Run work: WorkCapture
I1014 11:38:09.248394  5124 thread_intergrate.hpp:78] [T-Intergrate-intergrate] queue: frame output frame :57
I1014 11:38:09.248628  5123 work_thread.hpp:81]  [T-Work-Recog_1] Run work: WorkRecog
W1014 11:38:09.248649  5123 work_recog.hpp:118] Face id: 0 has low quality : 0.0298068, no need to recog
I1014 11:38:09.248708  5123 work_thread.hpp:81]  [T-Work-Recog_1] Run work: WorkCompare
I1014 11:38:09.249963  5120 demo_inner.hpp:435] thread [SORT-0]  frame id 57 sorting queue size 2   FPS: 29.819
I1014 11:38:09.250905  5119 demo_inner.hpp:260]  gui queue size 2, state = running
I1014 11:38:09.269114  5118 demo_inner.hpp:177] decode queue size 0
I1014 11:38:09.269210  5121 work_thread.hpp:81]  [T-Work-Detect_0] Run work: WorkDetect
I1014 11:38:09.269248  5121 work_detect.cpp:102] Succeeded to add det start for frame 58
I1014 11:38:09.275991  5121 work_detect.cpp:70] Frame :58 detect result :2 face(s)
W1014 11:38:09.276037  5121 work_detect.cpp:83] Invalid bbox: [136 x 158 from (279, 219)]
I1014 11:38:09.276124  5121 work_detect.cpp:86] Detected bbox: [53 x 43 from (94, 190)]
I1014 11:38:09.276180  5121 work_detect.cpp:120] Succeeded to add det end for frame 58
I1014 11:38:09.276197  5121 work_thread.hpp:81]  [T-Work-Detect_0] Run work: WrokTrack
I1014 11:38:09.276222  5121 work_track.cpp:82] Frame: 58 build input_characts: [0.0828125 x 0.119444 from (0.146875, 0.527778)], 0.947545, 0
I1014 11:38:09.276279  5121 work_track.cpp:102] Succeeded to set track lock for frame 58
I1014 11:38:09.276319  5121 work_track.cpp:116] Succeeded to release track lock for frame 58
I1014 11:38:09.276334  5121 work_track.cpp:120] Track results of frame 58: 1 objects input, 1 objects tracked!
I1014 11:38:09.276351  5121 work_track.cpp:148] Frame: 58, track bbox: [53 x 43 from (94.2663, 190.003)], gid: 0, lid: 0
I1014 11:38:09.276387  5121 work_thread.hpp:88]  [T-Work-Detect_0] Frame :58 split
I1014 11:38:09.276404  5121 work_thread.hpp:120]  [T-Work-Detect_0] Valid piece: gid = 0
I1014 11:38:09.276422  5121 work_thread.hpp:92]  [T-Work-Detect_0] Push to split queue:recog
I1014 11:38:09.276470  5123 work_thread.hpp:81]  [T-Work-Recog_1] Run work: WorkCapture
I1014 11:38:09.276703  5124 thread_intergrate.hpp:78] [T-Intergrate-intergrate] queue: frame output frame :58
I1014 11:38:09.276942  5123 work_thread.hpp:81]  [T-Work-Recog_1] Run work: WorkRecog
W1014 11:38:09.276963  5123 work_recog.hpp:118] Face id: 0 has low quality : 0.033252, no need to recog
I1014 11:38:09.277016  5123 work_thread.hpp:81]  [T-Work-Recog_1] Run work: WorkCompare
I1014 11:38:09.278292  5120 demo_inner.hpp:435] thread [SORT-0]  frame id 58 sorting queue size 0   FPS: 29.8899
I1014 11:38:09.305022  5118 demo_inner.hpp:177] decode queue size 0
I1014 11:38:09.305135  5121 work_thread.hpp:81]  [T-Work-Detect_0] Run work: WorkDetect
I1014 11:38:09.305172  5121 work_detect.cpp:102] Succeeded to add det start for frame 59
I1014 11:38:09.311753  5121 work_detect.cpp:70] Frame :59 detect result :2 face(s)
W1014 11:38:09.311803  5121 work_detect.cpp:83] Invalid bbox: [129 x 157 from (278, 215)]
I1014 11:38:09.311894  5121 work_detect.cpp:86] Detected bbox: [56 x 48 from (92, 186)]
I1014 11:38:09.311938  5121 work_detect.cpp:120] Succeeded to add det end for frame 59
I1014 11:38:09.311954  5121 work_thread.hpp:81]  [T-Work-Detect_0] Run work: WrokTrack
I1014 11:38:09.311977  5121 work_track.cpp:82] Frame: 59 build input_characts: [0.0875 x 0.133333 from (0.14375, 0.516667)], 0.985729, 0
I1014 11:38:09.312034  5121 work_track.cpp:102] Succeeded to set track lock for frame 59
I1014 11:38:09.312075  5121 work_track.cpp:116] Succeeded to release track lock for frame 59
I1014 11:38:09.312090  5121 work_track.cpp:120] Track results of frame 59: 1 objects input, 1 objects tracked!
I1014 11:38:09.312108  5121 work_track.cpp:148] Frame: 59, track bbox: [56 x 48 from (92.5497, 186.653)], gid: 0, lid: 0
I1014 11:38:09.312144  5121 work_thread.hpp:88]  [T-Work-Detect_0] Frame :59 split
I1014 11:38:09.312191  5121 work_thread.hpp:120]  [T-Work-Detect_0] Valid piece: gid = 0
I1014 11:38:09.312211  5121 work_thread.hpp:92]  [T-Work-Detect_0] Push to split queue:recog
I1014 11:38:09.312254  5122 work_thread.hpp:81]  [T-Work-Recog_0] Run work: WorkCapture
I1014 11:38:09.312260  5124 thread_intergrate.hpp:78] [T-Intergrate-intergrate] queue: frame output frame :59
I1014 11:38:09.312731  5122 work_thread.hpp:81]  [T-Work-Recog_0] Run work: WorkRecog
W1014 11:38:09.312752  5122 work_recog.hpp:118] Face id: 0 has low quality : 0.0238418, no need to recog
I1014 11:38:09.312808  5122 work_thread.hpp:81]  [T-Work-Recog_0] Run work: WorkCompare
I1014 11:38:09.313757  5120 demo_inner.hpp:435] thread [SORT-0]  frame id 59 sorting queue size 1   FPS: 29.8661
I1014 11:38:09.318810  5119 demo_inner.hpp:260]  gui queue size 1, state = running
I1014 11:38:09.335139  5118 demo_inner.hpp:177] decode queue size 0
I1014 11:38:09.335250  5121 work_thread.hpp:81]  [T-Work-Detect_0] Run work: WorkDetect
I1014 11:38:09.335288  5121 work_detect.cpp:102] Succeeded to add det start for frame 60
I1014 11:38:09.342541  5121 work_detect.cpp:70] Frame :60 detect result :2 face(s)
W1014 11:38:09.342589  5121 work_detect.cpp:83] Invalid bbox: [139 x 164 from (280, 212)]
I1014 11:38:09.342675  5121 work_detect.cpp:86] Detected bbox: [56 x 48 from (94, 187)]
I1014 11:38:09.342717  5121 work_detect.cpp:120] Succeeded to add det end for frame 60
I1014 11:38:09.342733  5121 work_thread.hpp:81]  [T-Work-Detect_0] Run work: WrokTrack
I1014 11:38:09.342758  5121 work_track.cpp:82] Frame: 60 build input_characts: [0.0875 x 0.133333 from (0.146875, 0.519444)], 0.981359, 0
I1014 11:38:09.342815  5121 work_track.cpp:102] Succeeded to set track lock for frame 60
I1014 11:38:09.342854  5121 work_track.cpp:116] Succeeded to release track lock for frame 60
I1014 11:38:09.342869  5121 work_track.cpp:120] Track results of frame 60: 1 objects input, 1 objects tracked!
I1014 11:38:09.342886  5121 work_track.cpp:148] Frame: 60, track bbox: [56 x 48 from (93.1015, 186.813)], gid: 0, lid: 0
I1014 11:38:09.342922  5121 work_thread.hpp:88]  [T-Work-Detect_0] Frame :60 split
I1014 11:38:09.342941  5121 work_thread.hpp:120]  [T-Work-Detect_0] Valid piece: gid = 0
I1014 11:38:09.342958  5121 work_thread.hpp:92]  [T-Work-Detect_0] Push to split queue:recog
I1014 11:38:09.343005  5122 work_thread.hpp:81]  [T-Work-Recog_0] Run work: WorkCapture
I1014 11:38:09.343276  5124 thread_intergrate.hpp:78] [T-Intergrate-intergrate] queue: frame output frame :60
I1014 11:38:09.343482  5122 work_thread.hpp:81]  [T-Work-Recog_0] Run work: WorkRecog
W1014 11:38:09.343504  5122 work_recog.hpp:118] Face id: 0 has low quality : 0.0238412, no need to recog
I1014 11:38:09.343598  5122 work_thread.hpp:81]  [T-Work-Recog_0] Run work: WorkCompare
I1014 11:38:09.344791  5120 demo_inner.hpp:435] thread [SORT-0]  frame id 60 sorting queue size 0   FPS: 29.9037
I1014 11:38:09.371479  5118 demo_inner.hpp:177] decode queue size 0
I1014 11:38:09.371590  5121 work_thread.hpp:81]  [T-Work-Detect_0] Run work: WorkDetect
I1014 11:38:09.371628  5121 work_detect.cpp:102] Succeeded to add det start for frame 61
I1014 11:38:09.378337  5121 work_detect.cpp:70] Frame :61 detect result :2 face(s)
W1014 11:38:09.378384  5121 work_detect.cpp:83] Invalid bbox: [140 x 160 from (281, 216)]
I1014 11:38:09.378489  5121 work_detect.cpp:86] Detected bbox: [53 x 42 from (95, 190)]
I1014 11:38:09.378531  5121 work_detect.cpp:120] Succeeded to add det end for frame 61
I1014 11:38:09.378547  5121 work_thread.hpp:81]  [T-Work-Detect_0] Run work: WrokTrack
I1014 11:38:09.378572  5121 work_track.cpp:82] Frame: 61 build input_characts: [0.0828125 x 0.116667 from (0.148438, 0.527778)], 0.955078, 0
I1014 11:38:09.378629  5121 work_track.cpp:102] Succeeded to set track lock for frame 61
I1014 11:38:09.378670  5121 work_track.cpp:116] Succeeded to release track lock for frame 61
I1014 11:38:09.378685  5121 work_track.cpp:120] Track results of frame 61: 1 objects input, 1 objects tracked!
I1014 11:38:09.378703  5121 work_track.cpp:148] Frame: 61, track bbox: [53 x 42 from (95.1005, 189.885)], gid: 0, lid: 0
I1014 11:38:09.378737  5121 work_thread.hpp:88]  [T-Work-Detect_0] Frame :61 split
I1014 11:38:09.378756  5121 work_thread.hpp:120]  [T-Work-Detect_0] Valid piece: gid = 0
I1014 11:38:09.378773  5121 work_thread.hpp:92]  [T-Work-Detect_0] Push to split queue:recog
I1014 11:38:09.378815  5122 work_thread.hpp:81]  [T-Work-Recog_0] Run work: WorkCapture
I1014 11:38:09.378823  5124 thread_intergrate.hpp:78] [T-Intergrate-intergrate] queue: frame output frame :61
I1014 11:38:09.379310  5122 work_thread.hpp:81]  [T-Work-Recog_0] Run work: WorkRecog
W1014 11:38:09.379333  5122 work_recog.hpp:118] Face id: 0 has low quality : 0.0266829, no need to recog
I1014 11:38:09.379390  5122 work_thread.hpp:81]  [T-Work-Recog_0] Run work: WorkCompare
I1014 11:38:09.380494  5120 demo_inner.hpp:435] thread [SORT-0]  frame id 61 sorting queue size 1   FPS: 29.8656
I1014 11:38:09.407012  5118 demo_inner.hpp:177] decode queue size 0
I1014 11:38:09.407128  5121 work_thread.hpp:81]  [T-Work-Detect_0] Run work: WorkDetect
I1014 11:38:09.407164  5121 work_detect.cpp:102] Succeeded to add det start for frame 62
I1014 11:38:09.413084  5119 demo_inner.hpp:260]  gui queue size 1, state = running
I1014 11:38:09.413753  5121 work_detect.cpp:70] Frame :62 detect result :2 face(s)
W1014 11:38:09.413791  5121 work_detect.cpp:83] Invalid bbox: [130 x 162 from (281, 211)]
I1014 11:38:09.413877  5121 work_detect.cpp:86] Detected bbox: [54 x 46 from (94, 188)]
I1014 11:38:09.413921  5121 work_detect.cpp:120] Succeeded to add det end for frame 62
I1014 11:38:09.413938  5121 work_thread.hpp:81]  [T-Work-Detect_0] Run work: WrokTrack
I1014 11:38:09.413961  5121 work_track.cpp:82] Frame: 62 build input_characts: [0.084375 x 0.127778 from (0.146875, 0.522222)], 0.966593, 0
I1014 11:38:09.414017  5121 work_track.cpp:102] Succeeded to set track lock for frame 62
I1014 11:38:09.414057  5121 work_track.cpp:116] Succeeded to release track lock for frame 62
I1014 11:38:09.414072  5121 work_track.cpp:120] Track results of frame 62: 1 objects input, 1 objects tracked!
I1014 11:38:09.414089  5121 work_track.cpp:148] Frame: 62, track bbox: [54 x 46 from (94.1696, 187.793)], gid: 0, lid: 0
I1014 11:38:09.414124  5121 work_thread.hpp:88]  [T-Work-Detect_0] Frame :62 split
I1014 11:38:09.414142  5121 work_thread.hpp:120]  [T-Work-Detect_0] Valid piece: gid = 0
I1014 11:38:09.414160  5121 work_thread.hpp:92]  [T-Work-Detect_0] Push to split queue:recog
I1014 11:38:09.414218  5123 work_thread.hpp:81]  [T-Work-Recog_1] Run work: WorkCapture
I1014 11:38:09.414460  5124 thread_intergrate.hpp:78] [T-Intergrate-intergrate] queue: frame output frame :62
I1014 11:38:09.414705  5123 work_thread.hpp:81]  [T-Work-Recog_1] Run work: WorkRecog
W1014 11:38:09.414782  5123 work_recog.hpp:118] Face id: 0 has low quality : 0.033252, no need to recog
I1014 11:38:09.414839  5123 work_thread.hpp:81]  [T-Work-Recog_1] Run work: WorkCompare
I1014 11:38:09.416327  5120 demo_inner.hpp:435] thread [SORT-0]  frame id 62 sorting queue size 0   FPS: 29.985
I1014 11:38:09.437062  5118 demo_inner.hpp:177] decode queue size 0
I1014 11:38:09.437171  5121 work_thread.hpp:81]  [T-Work-Detect_0] Run work: WorkDetect
I1014 11:38:09.437208  5121 work_detect.cpp:102] Succeeded to add det start for frame 63
I1014 11:38:09.443759  5121 work_detect.cpp:70] Frame :63 detect result :2 face(s)
W1014 11:38:09.443801  5121 work_detect.cpp:83] Invalid bbox: [131 x 162 from (280, 212)]
I1014 11:38:09.443886  5121 work_detect.cpp:86] Detected bbox: [56 x 47 from (92, 187)]
I1014 11:38:09.443928  5121 work_detect.cpp:120] Succeeded to add det end for frame 63
I1014 11:38:09.443944  5121 work_thread.hpp:81]  [T-Work-Detect_0] Run work: WrokTrack
I1014 11:38:09.443969  5121 work_track.cpp:82] Frame: 63 build input_characts: [0.0875 x 0.130556 from (0.14375, 0.519444)], 0.977486, 0
I1014 11:38:09.444026  5121 work_track.cpp:102] Succeeded to set track lock for frame 63
I1014 11:38:09.444064  5121 work_track.cpp:116] Succeeded to release track lock for frame 63
I1014 11:38:09.444080  5121 work_track.cpp:120] Track results of frame 63: 1 objects input, 1 objects tracked!
I1014 11:38:09.444097  5121 work_track.cpp:148] Frame: 63, track bbox: [56 x 47 from (92.835, 187.196)], gid: 0, lid: 0
I1014 11:38:09.444133  5121 work_thread.hpp:88]  [T-Work-Detect_0] Frame :63 split
I1014 11:38:09.444151  5121 work_thread.hpp:120]  [T-Work-Detect_0] Valid piece: gid = 0
I1014 11:38:09.444183  5121 work_thread.hpp:92]  [T-Work-Detect_0] Push to split queue:recog
I1014 11:38:09.444741  5123 work_thread.hpp:81]  [T-Work-Recog_1] Run work: WorkCapture
I1014 11:38:09.444985  5124 thread_intergrate.hpp:78] [T-Intergrate-intergrate] queue: frame output frame :63
I1014 11:38:09.445235  5123 work_thread.hpp:81]  [T-Work-Recog_1] Run work: WorkRecog
W1014 11:38:09.445255  5123 work_recog.hpp:118] Face id: 0 has low quality : 0.023843, no need to recog
I1014 11:38:09.445312  5123 work_thread.hpp:81]  [T-Work-Recog_1] Run work: WorkCompare
I1014 11:38:09.446467  5120 demo_inner.hpp:435] thread [SORT-0]  frame id 63 sorting queue size 1   FPS: 29.9401
I1014 11:38:09.472932  5118 demo_inner.hpp:177] decode queue size 0
I1014 11:38:09.473043  5121 work_thread.hpp:81]  [T-Work-Detect_0] Run work: WorkDetect
I1014 11:38:09.473080  5121 work_detect.cpp:102] Succeeded to add det start for frame 64
I1014 11:38:09.479635  5121 work_detect.cpp:70] Frame :64 detect result :2 face(s)
W1014 11:38:09.479677  5121 work_detect.cpp:83] Invalid bbox: [143 x 157 from (278, 220)]
I1014 11:38:09.479763  5121 work_detect.cpp:86] Detected bbox: [57 x 46 from (92, 188)]
I1014 11:38:09.479804  5121 work_detect.cpp:120] Succeeded to add det end for frame 64
I1014 11:38:09.479821  5121 work_thread.hpp:81]  [T-Work-Detect_0] Run work: WrokTrack
I1014 11:38:09.479846  5121 work_track.cpp:82] Frame: 64 build input_characts: [0.0890625 x 0.127778 from (0.14375, 0.522222)], 0.981281, 0
I1014 11:38:09.479900  5121 work_track.cpp:102] Succeeded to set track lock for frame 64
I1014 11:38:09.479940  5121 work_track.cpp:116] Succeeded to release track lock for frame 64
I1014 11:38:09.479954  5121 work_track.cpp:120] Track results of frame 64: 1 objects input, 1 objects tracked!
I1014 11:38:09.479972  5121 work_track.cpp:148] Frame: 64, track bbox: [57 x 46 from (92.053, 188.007)], gid: 0, lid: 0
I1014 11:38:09.480008  5121 work_thread.hpp:88]  [T-Work-Detect_0] Frame :64 split
I1014 11:38:09.480026  5121 work_thread.hpp:120]  [T-Work-Detect_0] Valid piece: gid = 0
I1014 11:38:09.480044  5121 work_thread.hpp:92]  [T-Work-Detect_0] Push to split queue:recog
I1014 11:38:09.480088  5122 work_thread.hpp:81]  [T-Work-Recog_0] Run work: WorkCapture
I1014 11:38:09.480098  5124 thread_intergrate.hpp:78] [T-Intergrate-intergrate] queue: frame output frame :64
I1014 11:38:09.480585  5122 work_thread.hpp:81]  [T-Work-Recog_0] Run work: WorkRecog
W1014 11:38:09.480608  5122 work_recog.hpp:118] Face id: 0 has low quality : 0.0298068, no need to recog
I1014 11:38:09.480832  5122 work_thread.hpp:81]  [T-Work-Recog_0] Run work: WorkCompare
I1014 11:38:09.481302  5119 demo_inner.hpp:260]  gui queue size 1, state = running
I1014 11:38:09.481709  5120 demo_inner.hpp:435] thread [SORT-0]  frame id 64 sorting queue size 0   FPS: 29.9551
I1014 11:38:09.503024  5118 demo_inner.hpp:177] decode queue size 0
I1014 11:38:09.503127  5121 work_thread.hpp:81]  [T-Work-Detect_0] Run work: WorkDetect
I1014 11:38:09.503163  5121 work_detect.cpp:102] Succeeded to add det start for frame 65
I1014 11:38:09.509904  5121 work_detect.cpp:70] Frame :65 detect result :2 face(s)
W1014 11:38:09.509946  5121 work_detect.cpp:83] Invalid bbox: [123 x 155 from (284, 225)]
I1014 11:38:09.510084  5121 work_detect.cpp:86] Detected bbox: [54 x 45 from (94, 188)]
I1014 11:38:09.510128  5121 work_detect.cpp:120] Succeeded to add det end for frame 65
I1014 11:38:09.510144  5121 work_thread.hpp:81]  [T-Work-Detect_0] Run work: WrokTrack
I1014 11:38:09.510169  5121 work_track.cpp:82] Frame: 65 build input_characts: [0.084375 x 0.125 from (0.146875, 0.522222)], 0.966102, 0
I1014 11:38:09.510224  5121 work_track.cpp:102] Succeeded to set track lock for frame 65
I1014 11:38:09.510263  5121 work_track.cpp:116] Succeeded to release track lock for frame 65
I1014 11:38:09.510278  5121 work_track.cpp:120] Track results of frame 65: 1 objects input, 1 objects tracked!
I1014 11:38:09.510296  5121 work_track.cpp:148] Frame: 65, track bbox: [54 x 45 from (93.361, 188.127)], gid: 0, lid: 0
I1014 11:38:09.510331  5121 work_thread.hpp:88]  [T-Work-Detect_0] Frame :65 split
I1014 11:38:09.510349  5121 work_thread.hpp:120]  [T-Work-Detect_0] Valid piece: gid = 0
I1014 11:38:09.510367  5121 work_thread.hpp:92]  [T-Work-Detect_0] Push to split queue:recog
I1014 11:38:09.510413  5122 work_thread.hpp:81]  [T-Work-Recog_0] Run work: WorkCapture
I1014 11:38:09.510423  5124 thread_intergrate.hpp:78] [T-Intergrate-intergrate] queue: frame output frame :65
I1014 11:38:09.510885  5122 work_thread.hpp:81]  [T-Work-Recog_0] Run work: WorkRecog
W1014 11:38:09.510905  5122 work_recog.hpp:118] Face id: 0 has low quality : 0.0332535, no need to recog
I1014 11:38:09.510957  5122 work_thread.hpp:81]  [T-Work-Recog_0] Run work: WorkCompare
I1014 11:38:09.512091  5120 demo_inner.hpp:435] thread [SORT-0]  frame id 65 sorting queue size 1   FPS: 29.9551
I1014 11:38:09.539165  5118 demo_inner.hpp:177] decode queue size 0
I1014 11:38:09.539269  5121 work_thread.hpp:81]  [T-Work-Detect_0] Run work: WorkDetect
I1014 11:38:09.539305  5121 work_detect.cpp:102] Succeeded to add det start for frame 66
I1014 11:38:09.545974  5121 work_detect.cpp:70] Frame :66 detect result :2 face(s)
W1014 11:38:09.546015  5121 work_detect.cpp:83] Invalid bbox: [125 x 141 from (281, 248)]
I1014 11:38:09.546123  5121 work_detect.cpp:86] Detected bbox: [55 x 44 from (93, 188)]
I1014 11:38:09.546166  5121 work_detect.cpp:120] Succeeded to add det end for frame 66
I1014 11:38:09.546183  5121 work_thread.hpp:81]  [T-Work-Detect_0] Run work: WrokTrack
I1014 11:38:09.546208  5121 work_track.cpp:82] Frame: 66 build input_characts: [0.0859375 x 0.122222 from (0.145313, 0.522222)], 0.966593, 0
I1014 11:38:09.546267  5121 work_track.cpp:102] Succeeded to set track lock for frame 66
I1014 11:38:09.546308  5121 work_track.cpp:116] Succeeded to release track lock for frame 66
I1014 11:38:09.546322  5121 work_track.cpp:120] Track results of frame 66: 1 objects input, 1 objects tracked!
I1014 11:38:09.546340  5121 work_track.cpp:148] Frame: 66, track bbox: [55 x 44 from (92.9321, 188.24)], gid: 0, lid: 0
I1014 11:38:09.546375  5121 work_thread.hpp:88]  [T-Work-Detect_0] Frame :66 split
I1014 11:38:09.546392  5121 work_thread.hpp:120]  [T-Work-Detect_0] Valid piece: gid = 0
I1014 11:38:09.546411  5121 work_thread.hpp:92]  [T-Work-Detect_0] Push to split queue:recog
I1014 11:38:09.546496  5122 work_thread.hpp:81]  [T-Work-Recog_0] Run work: WorkCapture
I1014 11:38:09.546509  5124 thread_intergrate.hpp:78] [T-Intergrate-intergrate] queue: frame output frame :66
I1014 11:38:09.546970  5122 work_thread.hpp:81]  [T-Work-Recog_0] Run work: WorkRecog
W1014 11:38:09.546991  5122 work_recog.hpp:118] Face id: 0 has low quality : 0.0298095, no need to recog
I1014 11:38:09.547068  5122 work_thread.hpp:81]  [T-Work-Recog_0] Run work: WorkCompare
I1014 11:38:09.548213  5120 demo_inner.hpp:435] thread [SORT-0]  frame id 66 sorting queue size 2   FPS: 29.9551
I1014 11:38:09.557940  5119 demo_inner.hpp:260]  gui queue size 2, state = running
I1014 11:38:09.569501  5118 demo_inner.hpp:177] decode queue size 0
I1014 11:38:09.569644  5121 work_thread.hpp:81]  [T-Work-Detect_0] Run work: WorkDetect
I1014 11:38:09.569680  5121 work_detect.cpp:102] Succeeded to add det start for frame 67
I1014 11:38:09.576377  5121 work_detect.cpp:70] Frame :67 detect result :2 face(s)
W1014 11:38:09.576417  5121 work_detect.cpp:83] Invalid bbox: [130 x 144 from (277, 249)]
I1014 11:38:09.576503  5121 work_detect.cpp:86] Detected bbox: [55 x 45 from (93, 188)]
I1014 11:38:09.576545  5121 work_detect.cpp:120] Succeeded to add det end for frame 67
I1014 11:38:09.576561  5121 work_thread.hpp:81]  [T-Work-Detect_0] Run work: WrokTrack
I1014 11:38:09.576586  5121 work_track.cpp:82] Frame: 67 build input_characts: [0.0859375 x 0.125 from (0.145313, 0.522222)], 0.972103, 0
I1014 11:38:09.576643  5121 work_track.cpp:102] Succeeded to set track lock for frame 67
I1014 11:38:09.576683  5121 work_track.cpp:116] Succeeded to release track lock for frame 67
I1014 11:38:09.576697  5121 work_track.cpp:120] Track results of frame 67: 1 objects input, 1 objects tracked!
I1014 11:38:09.576714  5121 work_track.cpp:148] Frame: 67, track bbox: [55 x 45 from (93.0484, 187.768)], gid: 0, lid: 0
I1014 11:38:09.576750  5121 work_thread.hpp:88]  [T-Work-Detect_0] Frame :67 split
I1014 11:38:09.576767  5121 work_thread.hpp:120]  [T-Work-Detect_0] Valid piece: gid = 0
I1014 11:38:09.576786  5121 work_thread.hpp:92]  [T-Work-Detect_0] Push to split queue:recog
I1014 11:38:09.576829  5122 work_thread.hpp:81]  [T-Work-Recog_0] Run work: WorkCapture
I1014 11:38:09.576838  5124 thread_intergrate.hpp:78] [T-Intergrate-intergrate] queue: frame output frame :67
I1014 11:38:09.577306  5122 work_thread.hpp:81]  [T-Work-Recog_0] Run work: WorkRecog
W1014 11:38:09.577327  5122 work_recog.hpp:118] Face id: 0 has low quality : 0.0266797, no need to recog
I1014 11:38:09.577380  5122 work_thread.hpp:81]  [T-Work-Recog_0] Run work: WorkCompare
I1014 11:38:09.578442  5120 demo_inner.hpp:435] thread [SORT-0]  frame id 67 sorting queue size 0   FPS: 30
I1014 11:38:09.605015  5118 demo_inner.hpp:177] decode queue size 0
I1014 11:38:09.605136  5121 work_thread.hpp:81]  [T-Work-Detect_0] Run work: WorkDetect
I1014 11:38:09.605172  5121 work_detect.cpp:102] Succeeded to add det start for frame 68
I1014 11:38:09.611721  5121 work_detect.cpp:70] Frame :68 detect result :2 face(s)
W1014 11:38:09.611768  5121 work_detect.cpp:83] Invalid bbox: [137 x 145 from (270, 251)]
I1014 11:38:09.611855  5121 work_detect.cpp:86] Detected bbox: [59 x 48 from (92, 187)]
I1014 11:38:09.611898  5121 work_detect.cpp:120] Succeeded to add det end for frame 68
I1014 11:38:09.611914  5121 work_thread.hpp:81]  [T-Work-Detect_0] Run work: WrokTrack
I1014 11:38:09.611938  5121 work_track.cpp:82] Frame: 68 build input_characts: [0.0921875 x 0.133333 from (0.14375, 0.519444)], 0.983243, 0
I1014 11:38:09.611996  5121 work_track.cpp:102] Succeeded to set track lock for frame 68
I1014 11:38:09.612036  5121 work_track.cpp:116] Succeeded to release track lock for frame 68
I1014 11:38:09.612051  5121 work_track.cpp:120] Track results of frame 68: 1 objects input, 1 objects tracked!
I1014 11:38:09.612069  5121 work_track.cpp:148] Frame: 68, track bbox: [59 x 48 from (91.6679, 186.627)], gid: 0, lid: 0
I1014 11:38:09.612104  5121 work_thread.hpp:88]  [T-Work-Detect_0] Frame :68 split
I1014 11:38:09.612123  5121 work_thread.hpp:120]  [T-Work-Detect_0] Valid piece: gid = 0
I1014 11:38:09.612212  5121 work_thread.hpp:92]  [T-Work-Detect_0] Push to split queue:recog
I1014 11:38:09.612264  5123 work_thread.hpp:81]  [T-Work-Recog_1] Run work: WorkCapture
I1014 11:38:09.612505  5124 thread_intergrate.hpp:78] [T-Intergrate-intergrate] queue: frame output frame :68
I1014 11:38:09.612741  5123 work_thread.hpp:81]  [T-Work-Recog_1] Run work: WorkRecog
W1014 11:38:09.612762  5123 work_recog.hpp:118] Face id: 0 has low quality : 0.0189662, no need to recog
I1014 11:38:09.612814  5123 work_thread.hpp:81]  [T-Work-Recog_1] Run work: WorkCompare
I1014 11:38:09.614171  5120 demo_inner.hpp:435] thread [SORT-0]  frame id 68 sorting queue size 1   FPS: 29.9607
I1014 11:38:09.640915  5118 demo_inner.hpp:177] decode queue size 0
I1014 11:38:09.641021  5121 work_thread.hpp:81]  [T-Work-Detect_0] Run work: WorkDetect
I1014 11:38:09.641057  5121 work_detect.cpp:102] Succeeded to add det start for frame 69
I1014 11:38:09.641734  5119 demo_inner.hpp:260]  gui queue size 1, state = running
I1014 11:38:09.647588  5121 work_detect.cpp:70] Frame :69 detect result :2 face(s)
I1014 11:38:09.647641  5121 work_detect.cpp:86] Detected bbox: [55 x 46 from (93, 188)]
W1014 11:38:09.647675  5121 work_detect.cpp:83] Invalid bbox: [139 x 145 from (270, 255)]
I1014 11:38:09.647773  5121 work_detect.cpp:120] Succeeded to add det end for frame 69
I1014 11:38:09.647789  5121 work_thread.hpp:81]  [T-Work-Detect_0] Run work: WrokTrack
I1014 11:38:09.647814  5121 work_track.cpp:82] Frame: 69 build input_characts: [0.0859375 x 0.127778 from (0.145313, 0.522222)], 0.981281, 0
I1014 11:38:09.647873  5121 work_track.cpp:102] Succeeded to set track lock for frame 69
I1014 11:38:09.647915  5121 work_track.cpp:116] Succeeded to release track lock for frame 69
I1014 11:38:09.647930  5121 work_track.cpp:120] Track results of frame 69: 1 objects input, 1 objects tracked!
I1014 11:38:09.647948  5121 work_track.cpp:148] Frame: 69, track bbox: [55 x 46 from (93.3615, 187.817)], gid: 0, lid: 0
I1014 11:38:09.647984  5121 work_thread.hpp:88]  [T-Work-Detect_0] Frame :69 split
