I1014 14:36:36.632879  7971 thread_intergrate.hpp:85] [T-Intergrate-intergrate] queue: compare output face:3
I1014 14:36:36.632897  7971 thread_intergrate.hpp:137] T-Intergrate-intergrate set matched face: 3
I1014 14:36:36.633119  7970 work_thread.hpp:81]  [T-Work-Recog_1] Run work: WorkRecog
I1014 14:36:36.633143  7970 work_recog.hpp:89] Face id: 3 will run recog: bbox [138 x 192 from (265, 136)] quality: 0.480073
I1014 14:36:36.633172  7970 work_recog.hpp:96] Recog pair: [200 x 264 from (232, 96)], [138 x 192 from (33, 40)]
I1014 14:36:36.634392  7971 thread_intergrate.hpp:157] T-Intergrate-intergrate Show face :3, size :640 * 360
I1014 14:36:36.635000  7967 demo_inner.hpp:435] thread [SORT-0]  frame id 136 sorting queue size 6   FPS: 29.946
I1014 14:36:36.650745  7970 work_thread.hpp:81]  [T-Work-Recog_1] Run work: WorkCompare
I1014 14:36:36.651211  7970 work_compare.cpp:76] Compare face: 3 successed, similarity :0.996894, name : images/ThangLMb.jpg, normal size : 1548 * 1719!
I1014 14:36:36.655484  7965 demo_inner.hpp:177] decode queue size 0
I1014 14:36:36.655586  7968 work_thread.hpp:81]  [T-Work-Detect_0] Run work: WorkDetect
I1014 14:36:36.655620  7968 work_detect.cpp:102] Succeeded to add det start for frame 137
I1014 14:36:36.662289  7968 work_detect.cpp:70] Frame :137 detect result :2 face(s)
I1014 14:36:36.662338  7968 work_detect.cpp:86] Detected bbox: [137 x 188 from (265, 137)]
I1014 14:36:36.662370  7968 work_detect.cpp:86] Detected bbox: [52 x 59 from (79, 212)]
I1014 14:36:36.662400  7968 work_detect.cpp:120] Succeeded to add det end for frame 137
I1014 14:36:36.662416  7968 work_thread.hpp:81]  [T-Work-Detect_0] Run work: WrokTrack
I1014 14:36:36.662441  7968 work_track.cpp:82] Frame: 137 build input_characts: [0.214062 x 0.522222 from (0.414062, 0.380556)], 1.00019, 0
I1014 14:36:36.662492  7968 work_track.cpp:82] Frame: 137 build input_characts: [0.08125 x 0.163889 from (0.123438, 0.588889)], 0.95411, 1
I1014 14:36:36.662528  7968 work_track.cpp:102] Succeeded to set track lock for frame 137
I1014 14:36:36.662647  7968 work_track.cpp:116] Succeeded to release track lock for frame 137
I1014 14:36:36.662663  7968 work_track.cpp:120] Track results of frame 137: 2 objects input, 2 objects tracked!
I1014 14:36:36.662681  7968 work_track.cpp:148] Frame: 137, track bbox: [52 x 59 from (80.1073, 212.866)], gid: 2, lid: 1
I1014 14:36:36.662715  7968 work_track.cpp:148] Frame: 137, track bbox: [137 x 188 from (265.022, 137.329)], gid: 3, lid: 0
I1014 14:36:36.662748  7968 work_thread.hpp:87]  [T-Work-Detect_0] Frame :137 split
I1014 14:36:36.662766  7968 work_thread.hpp:119]  [T-Work-Detect_0] Valid piece: gid = 3
I1014 14:36:36.662784  7968 work_thread.hpp:119]  [T-Work-Detect_0] Valid piece: gid = 2
I1014 14:36:36.662801  7968 work_thread.hpp:91]  [T-Work-Detect_0] Push to split queue:recog
I1014 14:36:36.662827  7968 work_thread.hpp:91]  [T-Work-Detect_0] Push to split queue:recog
I1014 14:36:36.662842  7969 work_thread.hpp:81]  [T-Work-Recog_0] Run work: WorkCapture
I1014 14:36:36.662866  7970 work_thread.hpp:81]  [T-Work-Recog_1] Run work: WorkCapture
I1014 14:36:36.663105  7971 thread_intergrate.hpp:78] [T-Intergrate-intergrate] queue: frame output frame :137
I1014 14:36:36.663131  7971 thread_intergrate.hpp:85] [T-Intergrate-intergrate] queue: compare output face:3
I1014 14:36:36.663151  7971 thread_intergrate.hpp:137] T-Intergrate-intergrate set matched face: 3
I1014 14:36:36.663528  7970 work_thread.hpp:81]  [T-Work-Recog_1] Run work: WorkRecog
W1014 14:36:36.663552  7970 work_recog.hpp:118] Face id: 2 has low quality : 0.0266797, no need to recog
I1014 14:36:36.664741  7970 work_thread.hpp:81]  [T-Work-Recog_1] Run work: WorkCompare
I1014 14:36:36.663671  7969 work_thread.hpp:81]  [T-Work-Recog_0] Run work: WorkRecog
I1014 14:36:36.664676  7971 thread_intergrate.hpp:157] T-Intergrate-intergrate Show face :3, size :640 * 360
I1014 14:36:36.664788  7969 work_recog.hpp:89] Face id: 3 will run recog: bbox [137 x 188 from (265, 137)] quality: 0.478277
I1014 14:36:36.664820  7969 work_recog.hpp:96] Recog pair: [200 x 264 from (232, 96)], [137 x 188 from (33, 41)]
I1014 14:36:36.665272  7967 demo_inner.hpp:435] thread [SORT-0]  frame id 137 sorting queue size 7   FPS: 30.0049
I1014 14:36:36.682399  7969 work_thread.hpp:81]  [T-Work-Recog_0] Run work: WorkCompare
I1014 14:36:36.682858  7969 work_compare.cpp:76] Compare face: 3 successed, similarity :0.997692, name : images/ThangLMb.jpg, normal size : 1548 * 1719!
I1014 14:36:36.691484  7965 demo_inner.hpp:177] decode queue size 0
I1014 14:36:36.691612  7968 work_thread.hpp:81]  [T-Work-Detect_0] Run work: WorkDetect
I1014 14:36:36.691651  7968 work_detect.cpp:102] Succeeded to add det start for frame 138
I1014 14:36:36.698333  7968 work_detect.cpp:70] Frame :138 detect result :2 face(s)
I1014 14:36:36.698377  7968 work_detect.cpp:86] Detected bbox: [135 x 184 from (264, 138)]
I1014 14:36:36.698411  7968 work_detect.cpp:86] Detected bbox: [50 x 56 from (83, 215)]
I1014 14:36:36.698442  7968 work_detect.cpp:120] Succeeded to add det end for frame 138
I1014 14:36:36.698458  7968 work_thread.hpp:81]  [T-Work-Detect_0] Run work: WrokTrack
I1014 14:36:36.698482  7968 work_track.cpp:82] Frame: 138 build input_characts: [0.210938 x 0.511111 from (0.4125, 0.383333)], 0.999622, 0
I1014 14:36:36.698534  7968 work_track.cpp:82] Frame: 138 build input_characts: [0.078125 x 0.155556 from (0.129688, 0.597222)], 0.959737, 1
I1014 14:36:36.698570  7968 work_track.cpp:102] Succeeded to set track lock for frame 138
I1014 14:36:36.698616  7968 work_track.cpp:116] Succeeded to release track lock for frame 138
I1014 14:36:36.698630  7968 work_track.cpp:120] Track results of frame 138: 2 objects input, 2 objects tracked!
I1014 14:36:36.698648  7968 work_track.cpp:148] Frame: 138, track bbox: [50 x 56 from (81.9264, 214.415)], gid: 2, lid: 1
I1014 14:36:36.698681  7968 work_track.cpp:148] Frame: 138, track bbox: [135 x 184 from (264.271, 138.718)], gid: 3, lid: 0
I1014 14:36:36.698714  7968 work_thread.hpp:87]  [T-Work-Detect_0] Frame :138 split
I1014 14:36:36.698803  7968 work_thread.hpp:119]  [T-Work-Detect_0] Valid piece: gid = 3
I1014 14:36:36.698823  7968 work_thread.hpp:119]  [T-Work-Detect_0] Valid piece: gid = 2
I1014 14:36:36.698841  7968 work_thread.hpp:91]  [T-Work-Detect_0] Push to split queue:recog
I1014 14:36:36.698868  7968 work_thread.hpp:91]  [T-Work-Detect_0] Push to split queue:recog
I1014 14:36:36.698894  7969 work_thread.hpp:81]  [T-Work-Recog_0] Run work: WorkCapture
I1014 14:36:36.698918  7970 work_thread.hpp:81]  [T-Work-Recog_1] Run work: WorkCapture
I1014 14:36:36.699154  7971 thread_intergrate.hpp:78] [T-Intergrate-intergrate] queue: frame output frame :138
I1014 14:36:36.699180  7971 thread_intergrate.hpp:85] [T-Intergrate-intergrate] queue: compare output face:3
I1014 14:36:36.699199  7971 thread_intergrate.hpp:137] T-Intergrate-intergrate set matched face: 3
I1014 14:36:36.699544  7970 work_thread.hpp:81]  [T-Work-Recog_1] Run work: WorkRecog
I1014 14:36:36.699558  7969 work_thread.hpp:81]  [T-Work-Recog_0] Run work: WorkRecog
W1014 14:36:36.699568  7970 work_recog.hpp:118] Face id: 2 has low quality : 0.0238466, no need to recog
I1014 14:36:36.700753  7970 work_thread.hpp:81]  [T-Work-Recog_1] Run work: WorkCompare
I1014 14:36:36.699582  7969 work_recog.hpp:89] Face id: 3 will run recog: bbox [135 x 184 from (264, 138)] quality: 0.474764
I1014 14:36:36.700690  7971 thread_intergrate.hpp:157] T-Intergrate-intergrate Show face :3, size :640 * 360
I1014 14:36:36.700806  7969 work_recog.hpp:96] Recog pair: [200 x 264 from (232, 96)], [135 x 184 from (32, 42)]
I1014 14:36:36.701335  7967 demo_inner.hpp:435] thread [SORT-0]  frame id 138 sorting queue size 8   FPS: 29.9166
I1014 14:36:36.718302  7969 work_thread.hpp:81]  [T-Work-Recog_0] Run work: WorkCompare
I1014 14:36:36.718768  7969 work_compare.cpp:76] Compare face: 3 successed, similarity :0.997885, name : images/ThangLMb.jpg, normal size : 1548 * 1719!
I1014 14:36:36.721554  7965 demo_inner.hpp:177] decode queue size 0
I1014 14:36:36.721657  7968 work_thread.hpp:81]  [T-Work-Detect_0] Run work: WorkDetect
I1014 14:36:36.721694  7968 work_detect.cpp:102] Succeeded to add det start for frame 139
I1014 14:36:36.728368  7968 work_detect.cpp:70] Frame :139 detect result :2 face(s)
I1014 14:36:36.728415  7968 work_detect.cpp:86] Detected bbox: [137 x 188 from (264, 137)]
I1014 14:36:36.728446  7968 work_detect.cpp:86] Detected bbox: [51 x 55 from (79, 215)]
I1014 14:36:36.728477  7968 work_detect.cpp:120] Succeeded to add det end for frame 139
I1014 14:36:36.728493  7968 work_thread.hpp:81]  [T-Work-Detect_0] Run work: WrokTrack
I1014 14:36:36.728518  7968 work_track.cpp:82] Frame: 139 build input_characts: [0.214062 x 0.522222 from (0.4125, 0.380556)], 1.00019, 0
I1014 14:36:36.728571  7968 work_track.cpp:82] Frame: 139 build input_characts: [0.0796875 x 0.152778 from (0.123438, 0.597222)], 0.942421, 1
I1014 14:36:36.728607  7968 work_track.cpp:102] Succeeded to set track lock for frame 139
I1014 14:36:36.728653  7968 work_track.cpp:116] Succeeded to release track lock for frame 139
I1014 14:36:36.728668  7968 work_track.cpp:120] Track results of frame 139: 2 objects input, 2 objects tracked!
I1014 14:36:36.728687  7968 work_track.cpp:148] Frame: 139, track bbox: [51 x 55 from (80.1651, 214.618)], gid: 2, lid: 1
I1014 14:36:36.728720  7968 work_track.cpp:148] Frame: 139, track bbox: [137 x 188 from (262.954, 136.296)], gid: 3, lid: 0
I1014 14:36:36.728754  7968 work_thread.hpp:87]  [T-Work-Detect_0] Frame :139 split
I1014 14:36:36.728770  7968 work_thread.hpp:119]  [T-Work-Detect_0] Valid piece: gid = 3
I1014 14:36:36.728788  7968 work_thread.hpp:119]  [T-Work-Detect_0] Valid piece: gid = 2
I1014 14:36:36.728806  7968 work_thread.hpp:91]  [T-Work-Detect_0] Push to split queue:recog
I1014 14:36:36.728865  7969 work_thread.hpp:81]  [T-Work-Recog_0] Run work: WorkCapture
I1014 14:36:36.729144  7968 work_thread.hpp:91]  [T-Work-Detect_0] Push to split queue:recog
I1014 14:36:36.729194  7970 work_thread.hpp:81]  [T-Work-Recog_1] Run work: WorkCapture
I1014 14:36:36.729418  7971 thread_intergrate.hpp:78] [T-Intergrate-intergrate] queue: frame output frame :139
I1014 14:36:36.729475  7969 work_thread.hpp:81]  [T-Work-Recog_0] Run work: WorkRecog
I1014 14:36:36.729547  7971 thread_intergrate.hpp:85] [T-Intergrate-intergrate] queue: compare output face:3
I1014 14:36:36.729557  7969 work_recog.hpp:89] Face id: 3 will run recog: bbox [137 x 188 from (264, 137)] quality: 0.481581
I1014 14:36:36.729568  7971 thread_intergrate.hpp:137] T-Intergrate-intergrate set matched face: 3
I1014 14:36:36.729595  7969 work_recog.hpp:96] Recog pair: [200 x 264 from (232, 96)], [137 x 188 from (32, 41)]
I1014 14:36:36.729673  7970 work_thread.hpp:81]  [T-Work-Recog_1] Run work: WorkRecog
W1014 14:36:36.729693  7970 work_recog.hpp:118] Face id: 2 has low quality : 0.0238493, no need to recog
I1014 14:36:36.731102  7971 thread_intergrate.hpp:157] T-Intergrate-intergrate Show face :3, size :640 * 360
I1014 14:36:36.731227  7970 work_thread.hpp:81]  [T-Work-Recog_1] Run work: WorkCompare
I1014 14:36:36.731788  7967 demo_inner.hpp:435] thread [SORT-0]  frame id 139 sorting queue size 9   FPS: 29.9902
I1014 14:36:36.747270  7969 work_thread.hpp:81]  [T-Work-Recog_0] Run work: WorkCompare
I1014 14:36:36.747731  7969 work_compare.cpp:76] Compare face: 3 successed, similarity :0.997539, name : images/ThangLMb.jpg, normal size : 1548 * 1719!
I1014 14:36:36.757190  7965 demo_inner.hpp:177] decode queue size 0
I1014 14:36:36.757313  7968 work_thread.hpp:81]  [T-Work-Detect_0] Run work: WorkDetect
I1014 14:36:36.757349  7968 work_detect.cpp:102] Succeeded to add det start for frame 140
I1014 14:36:36.763892  7968 work_detect.cpp:70] Frame :140 detect result :2 face(s)
I1014 14:36:36.763942  7968 work_detect.cpp:86] Detected bbox: [138 x 188 from (261, 136)]
I1014 14:36:36.763974  7968 work_detect.cpp:86] Detected bbox: [49 x 56 from (81, 215)]
I1014 14:36:36.764005  7968 work_detect.cpp:120] Succeeded to add det end for frame 140
I1014 14:36:36.764021  7968 work_thread.hpp:81]  [T-Work-Detect_0] Run work: WrokTrack
I1014 14:36:36.764046  7968 work_track.cpp:82] Frame: 140 build input_characts: [0.215625 x 0.522222 from (0.407813, 0.377778)], 1.00019, 0
I1014 14:36:36.764098  7968 work_track.cpp:82] Frame: 140 build input_characts: [0.0765625 x 0.155556 from (0.126563, 0.597222)], 0.949752, 1
I1014 14:36:36.764134  7968 work_track.cpp:102] Succeeded to set track lock for frame 140
I1014 14:36:36.764202  7968 work_track.cpp:116] Succeeded to release track lock for frame 140
I1014 14:36:36.764217  7968 work_track.cpp:120] Track results of frame 140: 2 objects input, 2 objects tracked!
I1014 14:36:36.764235  7968 work_track.cpp:148] Frame: 140, track bbox: [49 x 56 from (80.8851, 215.151)], gid: 2, lid: 1
I1014 14:36:36.764269  7968 work_track.cpp:148] Frame: 140, track bbox: [138 x 188 from (261.287, 136.009)], gid: 3, lid: 0
I1014 14:36:36.764302  7968 work_thread.hpp:87]  [T-Work-Detect_0] Frame :140 split
I1014 14:36:36.764320  7968 work_thread.hpp:119]  [T-Work-Detect_0] Valid piece: gid = 3
I1014 14:36:36.764338  7968 work_thread.hpp:119]  [T-Work-Detect_0] Valid piece: gid = 2
I1014 14:36:36.764354  7968 work_thread.hpp:91]  [T-Work-Detect_0] Push to split queue:recog
I1014 14:36:36.764380  7968 work_thread.hpp:91]  [T-Work-Detect_0] Push to split queue:recog
I1014 14:36:36.764400  7969 work_thread.hpp:81]  [T-Work-Recog_0] Run work: WorkCapture
I1014 14:36:36.764421  7970 work_thread.hpp:81]  [T-Work-Recog_1] Run work: WorkCapture
I1014 14:36:36.764674  7971 thread_intergrate.hpp:78] [T-Intergrate-intergrate] queue: frame output frame :140
I1014 14:36:36.764700  7971 thread_intergrate.hpp:85] [T-Intergrate-intergrate] queue: compare output face:3
I1014 14:36:36.764719  7971 thread_intergrate.hpp:137] T-Intergrate-intergrate set matched face: 3
I1014 14:36:36.764971  7970 work_thread.hpp:81]  [T-Work-Recog_1] Run work: WorkRecog
W1014 14:36:36.764997  7970 work_recog.hpp:118] Face id: 2 has low quality : 0.0212822, no need to recog
I1014 14:36:36.765144  7970 work_thread.hpp:81]  [T-Work-Recog_1] Run work: WorkCompare
I1014 14:36:36.765152  7969 work_thread.hpp:81]  [T-Work-Recog_0] Run work: WorkRecog
I1014 14:36:36.765853  7969 work_recog.hpp:89] Face id: 3 will run recog: bbox [138 x 188 from (261, 136)] quality: 0.478607
I1014 14:36:36.765890  7969 work_recog.hpp:96] Recog pair: [200 x 264 from (232, 96)], [138 x 188 from (29, 40)]
I1014 14:36:36.766233  7971 thread_intergrate.hpp:157] T-Intergrate-intergrate Show face :3, size :640 * 360
I1014 14:36:36.766749  7967 demo_inner.hpp:435] thread [SORT-0]  frame id 140 sorting queue size 10   FPS: 29.9313
I1014 14:36:36.783960  7969 work_thread.hpp:81]  [T-Work-Recog_0] Run work: WorkCompare
I1014 14:36:36.784513  7969 work_compare.cpp:76] Compare face: 3 successed, similarity :0.997209, name : images/ThangLMb.jpg, normal size : 1548 * 1719!
I1014 14:36:36.787525  7965 demo_inner.hpp:177] decode queue size 0
I1014 14:36:36.787631  7968 work_thread.hpp:81]  [T-Work-Detect_0] Run work: WorkDetect
I1014 14:36:36.787667  7968 work_detect.cpp:102] Succeeded to add det start for frame 141
I1014 14:36:36.794370  7968 work_detect.cpp:70] Frame :141 detect result :1 face(s)
I1014 14:36:36.794417  7968 work_detect.cpp:86] Detected bbox: [139 x 190 from (261, 136)]
I1014 14:36:36.794461  7968 work_detect.cpp:120] Succeeded to add det end for frame 141
I1014 14:36:36.794477  7968 work_thread.hpp:81]  [T-Work-Detect_0] Run work: WrokTrack
I1014 14:36:36.794502  7968 work_track.cpp:82] Frame: 141 build input_characts: [0.217187 x 0.527778 from (0.407813, 0.377778)], 0.999622, 0
I1014 14:36:36.794557  7968 work_track.cpp:102] Succeeded to set track lock for frame 141
I1014 14:36:36.794602  7968 work_track.cpp:116] Succeeded to release track lock for frame 141
I1014 14:36:36.794616  7968 work_track.cpp:120] Track results of frame 141: 1 objects input, 2 objects tracked!
I1014 14:36:36.794634  7968 work_track.cpp:148] Frame: 141, track bbox: [49 x 56 from (80.6724, 215.41)], gid: 2, lid: -1
I1014 14:36:36.794670  7968 work_track.cpp:148] Frame: 141, track bbox: [139 x 190 from (260.54, 135.338)], gid: 3, lid: 0
I1014 14:36:36.794703  7968 work_thread.hpp:87]  [T-Work-Detect_0] Frame :141 split
I1014 14:36:36.794721  7968 work_thread.hpp:119]  [T-Work-Detect_0] Valid piece: gid = 3
I1014 14:36:36.794740  7968 work_thread.hpp:91]  [T-Work-Detect_0] Push to split queue:recog
I1014 14:36:36.794792  7970 work_thread.hpp:81]  [T-Work-Recog_1] Run work: WorkCapture
I1014 14:36:36.795099  7971 thread_intergrate.hpp:78] [T-Intergrate-intergrate] queue: frame output frame :141
I1014 14:36:36.795126  7971 thread_intergrate.hpp:85] [T-Intergrate-intergrate] queue: compare output face:3
I1014 14:36:36.795145  7971 thread_intergrate.hpp:137] T-Intergrate-intergrate set matched face: 3
I1014 14:36:36.795454  7970 work_thread.hpp:81]  [T-Work-Recog_1] Run work: WorkRecog
I1014 14:36:36.795478  7970 work_recog.hpp:89] Face id: 3 will run recog: bbox [139 x 190 from (261, 136)] quality: 0.477686
I1014 14:36:36.795511  7970 work_recog.hpp:96] Recog pair: [200 x 264 from (232, 96)], [139 x 190 from (29, 40)]
I1014 14:36:36.796630  7971 thread_intergrate.hpp:157] T-Intergrate-intergrate Show face :3, size :640 * 360
I1014 14:36:36.813022  7970 work_thread.hpp:81]  [T-Work-Recog_1] Run work: WorkCompare
I1014 14:36:36.813483  7970 work_compare.cpp:76] Compare face: 3 successed, similarity :0.996541, name : images/ThangLMb.jpg, normal size : 1548 * 1719!
I1014 14:36:36.823215  7965 demo_inner.hpp:177] decode queue size 0
I1014 14:36:36.823328  7968 work_thread.hpp:81]  [T-Work-Detect_0] Run work: WorkDetect
I1014 14:36:36.823364  7968 work_detect.cpp:102] Succeeded to add det start for frame 142
I1014 14:36:36.829980  7968 work_detect.cpp:70] Frame :142 detect result :2 face(s)
I1014 14:36:36.830025  7968 work_detect.cpp:86] Detected bbox: [141 x 194 from (259, 135)]
I1014 14:36:36.830058  7968 work_detect.cpp:86] Detected bbox: [51 x 52 from (82, 216)]
I1014 14:36:36.830088  7968 work_detect.cpp:120] Succeeded to add det end for frame 142
I1014 14:36:36.830106  7968 work_thread.hpp:81]  [T-Work-Detect_0] Run work: WrokTrack
I1014 14:36:36.830202  7968 work_track.cpp:82] Frame: 142 build input_characts: [0.220313 x 0.538889 from (0.404687, 0.375)], 1.00019, 0
I1014 14:36:36.830257  7968 work_track.cpp:82] Frame: 142 build input_characts: [0.0796875 x 0.144444 from (0.128125, 0.6)], 0.951921, 1
I1014 14:36:36.830293  7968 work_track.cpp:102] Succeeded to set track lock for frame 142
I1014 14:36:36.830338  7968 work_track.cpp:116] Succeeded to release track lock for frame 142
I1014 14:36:36.830353  7968 work_track.cpp:120] Track results of frame 142: 2 objects input, 2 objects tracked!
I1014 14:36:36.830371  7968 work_track.cpp:148] Frame: 142, track bbox: [51 x 52 from (81.2857, 215.932)], gid: 2, lid: 1
I1014 14:36:36.830404  7968 work_track.cpp:148] Frame: 142, track bbox: [141 x 194 from (258.932, 134.331)], gid: 3, lid: 0
I1014 14:36:36.830437  7968 work_thread.hpp:87]  [T-Work-Detect_0] Frame :142 split
I1014 14:36:36.830454  7968 work_thread.hpp:119]  [T-Work-Detect_0] Valid piece: gid = 3
I1014 14:36:36.830472  7968 work_thread.hpp:119]  [T-Work-Detect_0] Valid piece: gid = 2
I1014 14:36:36.830489  7968 work_thread.hpp:91]  [T-Work-Detect_0] Push to split queue:recog
I1014 14:36:36.830538  7970 work_thread.hpp:81]  [T-Work-Recog_1] Run work: WorkCapture
I1014 14:36:36.830824  7968 work_thread.hpp:91]  [T-Work-Detect_0] Push to split queue:recog
I1014 14:36:36.830870  7969 work_thread.hpp:81]  [T-Work-Recog_0] Run work: WorkCapture
I1014 14:36:36.830870  7971 thread_intergrate.hpp:78] [T-Intergrate-intergrate] queue: frame output frame :142
I1014 14:36:36.830914  7971 thread_intergrate.hpp:85] [T-Intergrate-intergrate] queue: compare output face:3
I1014 14:36:36.830935  7971 thread_intergrate.hpp:137] T-Intergrate-intergrate set matched face: 3
I1014 14:36:36.831113  7970 work_thread.hpp:81]  [T-Work-Recog_1] Run work: WorkRecog
I1014 14:36:36.831136  7970 work_recog.hpp:89] Face id: 3 will run recog: bbox [141 x 194 from (259, 135)] quality: 0.479682
I1014 14:36:36.831167  7970 work_recog.hpp:96] Recog pair: [208 x 264 from (224, 96)], [141 x 194 from (35, 39)]
I1014 14:36:36.831570  7969 work_thread.hpp:81]  [T-Work-Recog_0] Run work: WorkRecog
W1014 14:36:36.831599  7969 work_recog.hpp:118] Face id: 2 has low quality : 0.0212793, no need to recog
I1014 14:36:36.832597  7969 work_thread.hpp:81]  [T-Work-Recog_0] Run work: WorkCompare
I1014 14:36:36.832521  7971 thread_intergrate.hpp:157] T-Intergrate-intergrate Show face :3, size :640 * 360
I1014 14:36:36.848739  7970 work_thread.hpp:81]  [T-Work-Recog_1] Run work: WorkCompare
I1014 14:36:36.849205  7970 work_compare.cpp:76] Compare face: 3 successed, similarity :0.994919, name : images/ThangLMb.jpg, normal size : 1548 * 1719!
I1014 14:36:36.853616  7965 demo_inner.hpp:177] decode queue size 0
I1014 14:36:36.853730  7968 work_thread.hpp:81]  [T-Work-Detect_0] Run work: WorkDetect
I1014 14:36:36.853765  7968 work_detect.cpp:102] Succeeded to add det start for frame 143
I1014 14:36:36.860836  7968 work_detect.cpp:70] Frame :143 detect result :2 face(s)
I1014 14:36:36.860885  7968 work_detect.cpp:86] Detected bbox: [141 x 195 from (257, 134)]
I1014 14:36:36.860918  7968 work_detect.cpp:86] Detected bbox: [53 x 59 from (78, 212)]
I1014 14:36:36.860949  7968 work_detect.cpp:120] Succeeded to add det end for frame 143
I1014 14:36:36.860965  7968 work_thread.hpp:81]  [T-Work-Detect_0] Run work: WrokTrack
I1014 14:36:36.860991  7968 work_track.cpp:82] Frame: 143 build input_characts: [0.220313 x 0.541667 from (0.401563, 0.372222)], 0.999622, 0
I1014 14:36:36.861040  7968 work_track.cpp:82] Frame: 143 build input_characts: [0.0828125 x 0.163889 from (0.121875, 0.588889)], 0.968742, 1
I1014 14:36:36.861076  7968 work_track.cpp:102] Succeeded to set track lock for frame 143
I1014 14:36:36.861122  7968 work_track.cpp:116] Succeeded to release track lock for frame 143
I1014 14:36:36.861137  7968 work_track.cpp:120] Track results of frame 143: 2 objects input, 2 objects tracked!
I1014 14:36:36.861155  7968 work_track.cpp:148] Frame: 143, track bbox: [53 x 59 from (79.1973, 212.49)], gid: 2, lid: 1
I1014 14:36:36.861260  7968 work_track.cpp:148] Frame: 143, track bbox: [141 x 195 from (257.741, 134.247)], gid: 3, lid: 0
I1014 14:36:36.861296  7968 work_thread.hpp:87]  [T-Work-Detect_0] Frame :143 split
I1014 14:36:36.861315  7968 work_thread.hpp:119]  [T-Work-Detect_0] Valid piece: gid = 3
I1014 14:36:36.861333  7968 work_thread.hpp:119]  [T-Work-Detect_0] Valid piece: gid = 2
I1014 14:36:36.861351  7968 work_thread.hpp:91]  [T-Work-Detect_0] Push to split queue:recog
I1014 14:36:36.861378  7968 work_thread.hpp:91]  [T-Work-Detect_0] Push to split queue:recog
I1014 14:36:36.861400  7969 work_thread.hpp:81]  [T-Work-Recog_0] Run work: WorkCapture
I1014 14:36:36.861421  7970 work_thread.hpp:81]  [T-Work-Recog_1] Run work: WorkCapture
I1014 14:36:36.861683  7971 thread_intergrate.hpp:78] [T-Intergrate-intergrate] queue: frame output frame :143
I1014 14:36:36.861711  7971 thread_intergrate.hpp:85] [T-Intergrate-intergrate] queue: compare output face:3
I1014 14:36:36.861729  7971 thread_intergrate.hpp:137] T-Intergrate-intergrate set matched face: 3
I1014 14:36:36.862056  7969 work_thread.hpp:81]  [T-Work-Recog_0] Run work: WorkRecog
I1014 14:36:36.862079  7969 work_recog.hpp:89] Face id: 3 will run recog: bbox [141 x 195 from (257, 134)] quality: 0.479877
I1014 14:36:36.862108  7969 work_recog.hpp:96] Recog pair: [208 x 272 from (224, 88)], [141 x 195 from (33, 46)]
I1014 14:36:36.862290  7970 work_thread.hpp:81]  [T-Work-Recog_1] Run work: WorkRecog
W1014 14:36:36.862315  7970 work_recog.hpp:118] Face id: 2 has low quality : 0.0298068, no need to recog
I1014 14:36:36.863237  7971 thread_intergrate.hpp:157] T-Intergrate-intergrate Show face :3, size :640 * 360
I1014 14:36:36.863314  7970 work_thread.hpp:81]  [T-Work-Recog_1] Run work: WorkCompare
I1014 14:36:36.879665  7969 work_thread.hpp:81]  [T-Work-Recog_0] Run work: WorkCompare
I1014 14:36:36.880127  7969 work_compare.cpp:76] Compare face: 3 successed, similarity :0.995199, name : images/ThangLMb.jpg, normal size : 1548 * 1719!
I1014 14:36:36.892148  7965 demo_inner.hpp:177] decode queue size 0
I1014 14:36:36.892416  7968 work_thread.hpp:81]  [T-Work-Detect_0] Run work: WorkDetect
I1014 14:36:36.892455  7968 work_detect.cpp:102] Succeeded to add det start for frame 144
I1014 14:36:36.899089  7968 work_detect.cpp:70] Frame :144 detect result :2 face(s)
I1014 14:36:36.899132  7968 work_detect.cpp:86] Detected bbox: [139 x 190 from (259, 136)]
I1014 14:36:36.899165  7968 work_detect.cpp:86] Detected bbox: [51 x 55 from (80, 216)]
I1014 14:36:36.899196  7968 work_detect.cpp:120] Succeeded to add det end for frame 144
I1014 14:36:36.899212  7968 work_thread.hpp:81]  [T-Work-Detect_0] Run work: WrokTrack
I1014 14:36:36.899236  7968 work_track.cpp:82] Frame: 144 build input_characts: [0.217187 x 0.527778 from (0.404687, 0.377778)], 1.00019, 0
I1014 14:36:36.899288  7968 work_track.cpp:82] Frame: 144 build input_characts: [0.0796875 x 0.152778 from (0.125, 0.6)], 0.936119, 1
I1014 14:36:36.899324  7968 work_track.cpp:102] Succeeded to set track lock for frame 144
I1014 14:36:36.899369  7968 work_track.cpp:116] Succeeded to release track lock for frame 144
I1014 14:36:36.899384  7968 work_track.cpp:120] Track results of frame 144: 2 objects input, 2 objects tracked!
I1014 14:36:36.899401  7968 work_track.cpp:148] Frame: 144, track bbox: [51 x 55 from (79.8304, 214.927)], gid: 2, lid: 1
I1014 14:36:36.899435  7968 work_track.cpp:148] Frame: 144, track bbox: [139 x 190 from (258.21, 136.494)], gid: 3, lid: 0
I1014 14:36:36.899467  7968 work_thread.hpp:87]  [T-Work-Detect_0] Frame :144 split
I1014 14:36:36.899487  7968 work_thread.hpp:119]  [T-Work-Detect_0] Valid piece: gid = 3
I1014 14:36:36.899504  7968 work_thread.hpp:119]  [T-Work-Detect_0] Valid piece: gid = 2
I1014 14:36:36.899521  7968 work_thread.hpp:91]  [T-Work-Detect_0] Push to split queue:recog
I1014 14:36:36.899549  7968 work_thread.hpp:91]  [T-Work-Detect_0] Push to split queue:recog
I1014 14:36:36.899561  7969 work_thread.hpp:81]  [T-Work-Recog_0] Run work: WorkCapture
I1014 14:36:36.899590  7970 work_thread.hpp:81]  [T-Work-Recog_1] Run work: WorkCapture
I1014 14:36:36.899597  7971 thread_intergrate.hpp:78] [T-Intergrate-intergrate] queue: frame output frame :144
I1014 14:36:36.899724  7971 thread_intergrate.hpp:85] [T-Intergrate-intergrate] queue: compare output face:3
I1014 14:36:36.899744  7971 thread_intergrate.hpp:137] T-Intergrate-intergrate set matched face: 3
I1014 14:36:36.900243  7969 work_thread.hpp:81]  [T-Work-Recog_0] Run work: WorkRecog
I1014 14:36:36.900269  7970 work_thread.hpp:81]  [T-Work-Recog_1] Run work: WorkRecog
I1014 14:36:36.900266  7969 work_recog.hpp:89] Face id: 3 will run recog: bbox [139 x 190 from (259, 136)] quality: 0.478765
W1014 14:36:36.900295  7970 work_recog.hpp:118] Face id: 2 has low quality : 0.0266896, no need to recog
I1014 14:36:36.900300  7969 work_recog.hpp:96] Recog pair: [200 x 264 from (232, 96)], [139 x 190 from (27, 40)]
I1014 14:36:36.900388  7970 work_thread.hpp:81]  [T-Work-Recog_1] Run work: WorkCompare
I1014 14:36:36.901273  7971 thread_intergrate.hpp:157] T-Intergrate-intergrate Show face :3, size :640 * 360
I1014 14:36:36.918056  7969 work_thread.hpp:81]  [T-Work-Recog_0] Run work: WorkCompare
I1014 14:36:36.918519  7969 work_compare.cpp:76] Compare face: 3 successed, similarity :0.99544, name : images/ThangLMb.jpg, normal size : 1548 * 1719!
I1014 14:36:36.927937  7965 demo_inner.hpp:177] decode queue size 0
I1014 14:36:36.928053  7968 work_thread.hpp:81]  [T-Work-Detect_0] Run work: WorkDetect
I1014 14:36:36.928089  7968 work_detect.cpp:102] Succeeded to add det start for frame 145
I1014 14:36:36.934757  7968 work_detect.cpp:70] Frame :145 detect result :2 face(s)
I1014 14:36:36.934805  7968 work_detect.cpp:86] Detected bbox: [139 x 191 from (259, 135)]
I1014 14:36:36.934839  7968 work_detect.cpp:86] Detected bbox: [53 x 61 from (81, 212)]
I1014 14:36:36.934870  7968 work_detect.cpp:120] Succeeded to add det end for frame 145
I1014 14:36:36.934886  7968 work_thread.hpp:81]  [T-Work-Detect_0] Run work: WrokTrack
I1014 14:36:36.934911  7968 work_track.cpp:82] Frame: 145 build input_characts: [0.217187 x 0.530556 from (0.404687, 0.375)], 1.00019, 0
I1014 14:36:36.934963  7968 work_track.cpp:82] Frame: 145 build input_characts: [0.0828125 x 0.169444 from (0.126563, 0.588889)], 0.95411, 1
I1014 14:36:36.934999  7968 work_track.cpp:102] Succeeded to set track lock for frame 145
I1014 14:36:36.935043  7968 work_track.cpp:116] Succeeded to release track lock for frame 145
I1014 14:36:36.935058  7968 work_track.cpp:120] Track results of frame 145: 2 objects input, 2 objects tracked!
I1014 14:36:36.935076  7968 work_track.cpp:148] Frame: 145, track bbox: [53 x 61 from (80.1451, 212.007)], gid: 2, lid: 1
I1014 14:36:36.935108  7968 work_track.cpp:148] Frame: 145, track bbox: [139 x 191 from (258.499, 135.676)], gid: 3, lid: 0
I1014 14:36:36.935142  7968 work_thread.hpp:87]  [T-Work-Detect_0] Frame :145 split
I1014 14:36:36.935160  7968 work_thread.hpp:119]  [T-Work-Detect_0] Valid piece: gid = 3
I1014 14:36:36.935178  7968 work_thread.hpp:119]  [T-Work-Detect_0] Valid piece: gid = 2
I1014 14:36:36.935194  7968 work_thread.hpp:91]  [T-Work-Detect_0] Push to split queue:recog
I1014 14:36:36.935221  7968 work_thread.hpp:91]  [T-Work-Detect_0] Push to split queue:recog
I1014 14:36:36.935240  7969 work_thread.hpp:81]  [T-Work-Recog_0] Run work: WorkCapture
I1014 14:36:36.935271  7971 thread_intergrate.hpp:78] [T-Intergrate-intergrate] queue: frame output frame :145
I1014 14:36:36.935294  7971 thread_intergrate.hpp:85] [T-Intergrate-intergrate] queue: compare output face:3
I1014 14:36:36.935298  7970 work_thread.hpp:81]  [T-Work-Recog_1] Run work: WorkCapture
I1014 14:36:36.935312  7971 thread_intergrate.hpp:137] T-Intergrate-intergrate set matched face: 3
I1014 14:36:36.935932  7969 work_thread.hpp:81]  [T-Work-Recog_0] Run work: WorkRecog
I1014 14:36:36.935933  7970 work_thread.hpp:81]  [T-Work-Recog_1] Run work: WorkRecog
I1014 14:36:36.935968  7969 work_recog.hpp:89] Face id: 3 will run recog: bbox [139 x 191 from (259, 135)] quality: 0.478765
W1014 14:36:36.935976  7970 work_recog.hpp:118] Face id: 2 has low quality : 0.023843, no need to recog
I1014 14:36:36.936008  7969 work_recog.hpp:96] Recog pair: [200 x 264 from (232, 96)], [139 x 191 from (27, 39)]
I1014 14:36:36.936250  7970 work_thread.hpp:81]  [T-Work-Recog_1] Run work: WorkCompare
I1014 14:36:36.936834  7971 thread_intergrate.hpp:157] T-Intergrate-intergrate Show face :3, size :640 * 360
I1014 14:36:36.953743  7969 work_thread.hpp:81]  [T-Work-Recog_0] Run work: WorkCompare
I1014 14:36:36.954213  7969 work_compare.cpp:76] Compare face: 3 successed, similarity :0.996138, name : images/ThangLMb.jpg, normal size : 1548 * 1719!
I1014 14:36:36.958035  7965 demo_inner.hpp:177] decode queue size 0
I1014 14:36:36.958173  7968 work_thread.hpp:81]  [T-Work-Detect_0] Run work: WorkDetect
I1014 14:36:36.958215  7968 work_detect.cpp:102] Succeeded to add det start for frame 146
I1014 14:36:36.965633  7968 work_detect.cpp:70] Frame :146 detect result :2 face(s)
I1014 14:36:36.965719  7968 work_detect.cpp:86] Detected bbox: [141 x 191 from (257, 136)]
I1014 14:36:36.965754  7968 work_detect.cpp:86] Detected bbox: [54 x 60 from (78, 212)]
I1014 14:36:36.965787  7968 work_detect.cpp:120] Succeeded to add det end for frame 146
I1014 14:36:36.965864  7968 work_thread.hpp:81]  [T-Work-Detect_0] Run work: WrokTrack
I1014 14:36:36.965890  7968 work_track.cpp:82] Frame: 146 build input_characts: [0.220313 x 0.530556 from (0.401563, 0.377778)], 1.00019, 0
I1014 14:36:36.965968  7968 work_track.cpp:82] Frame: 146 build input_characts: [0.084375 x 0.166667 from (0.121875, 0.588889)], 0.968742, 1
I1014 14:36:36.966006  7968 work_track.cpp:102] Succeeded to set track lock for frame 146
I1014 14:36:36.966109  7968 work_track.cpp:116] Succeeded to release track lock for frame 146
I1014 14:36:36.966125  7968 work_track.cpp:120] Track results of frame 146: 2 objects input, 2 objects tracked!
I1014 14:36:36.966166  7968 work_track.cpp:148] Frame: 146, track bbox: [54 x 60 from (78.8831, 212.269)], gid: 2, lid: 1
I1014 14:36:36.966208  7968 work_track.cpp:148] Frame: 146, track bbox: [141 x 191 from (256.951, 135.589)], gid: 3, lid: 0
I1014 14:36:36.966243  7968 work_thread.hpp:87]  [T-Work-Detect_0] Frame :146 split
I1014 14:36:36.966260  7968 work_thread.hpp:119]  [T-Work-Detect_0] Valid piece: gid = 3
I1014 14:36:36.966279  7968 work_thread.hpp:119]  [T-Work-Detect_0] Valid piece: gid = 2
I1014 14:36:36.966295  7968 work_thread.hpp:91]  [T-Work-Detect_0] Push to split queue:recog
I1014 14:36:36.966354  7970 work_thread.hpp:81]  [T-Work-Recog_1] Run work: WorkCapture
I1014 14:36:36.966687  7968 work_thread.hpp:91]  [T-Work-Detect_0] Push to split queue:recog
I1014 14:36:36.966720  7969 work_thread.hpp:81]  [T-Work-Recog_0] Run work: WorkCapture
I1014 14:36:36.966739  7971 thread_intergrate.hpp:78] [T-Intergrate-intergrate] queue: frame output frame :146
I1014 14:36:36.966768  7971 thread_intergrate.hpp:85] [T-Intergrate-intergrate] queue: compare output face:3
I1014 14:36:36.966789  7971 thread_intergrate.hpp:137] T-Intergrate-intergrate set matched face: 3
I1014 14:36:36.966971  7970 work_thread.hpp:81]  [T-Work-Recog_1] Run work: WorkRecog
I1014 14:36:36.966995  7970 work_recog.hpp:89] Face id: 3 will run recog: bbox [141 x 191 from (257, 136)] quality: 0.481581
I1014 14:36:36.967025  7970 work_recog.hpp:96] Recog pair: [208 x 264 from (224, 96)], [141 x 191 from (33, 40)]
I1014 14:36:36.967224  7969 work_thread.hpp:81]  [T-Work-Recog_0] Run work: WorkRecog
W1014 14:36:36.967245  7969 work_recog.hpp:118] Face id: 2 has low quality : 0.023843, no need to recog
I1014 14:36:36.968003  7969 work_thread.hpp:81]  [T-Work-Recog_0] Run work: WorkCompare
I1014 14:36:36.968354  7971 thread_intergrate.hpp:157] T-Intergrate-intergrate Show face :3, size :640 * 360
I1014 14:36:36.978567  7971 thread_intergrate.hpp:95] T-Intergrate-intergrate Try push queue sorting again 5 vs 5
I1014 14:36:36.985270  7970 work_thread.hpp:81]  [T-Work-Recog_1] Run work: WorkCompare
I1014 14:36:36.985776  7970 work_compare.cpp:76] Compare face: 3 successed, similarity :0.997006, name : images/ThangLMb.jpg, normal size : 1548 * 1719!
I1014 14:36:36.988690  7971 thread_intergrate.hpp:95] T-Intergrate-intergrate Try push queue sorting again 5 vs 5
I1014 14:36:36.991644  7965 demo_inner.hpp:177] decode queue size 0
I1014 14:36:36.991765  7968 work_thread.hpp:81]  [T-Work-Detect_0] Run work: WorkDetect
I1014 14:36:36.991813  7968 work_detect.cpp:102] Succeeded to add det start for frame 147
I1014 14:36:36.998808  7971 thread_intergrate.hpp:95] T-Intergrate-intergrate Try push queue sorting again 5 vs 5
I1014 14:36:36.999543  7968 work_detect.cpp:70] Frame :147 detect result :2 face(s)
I1014 14:36:36.999575  7968 work_detect.cpp:86] Detected bbox: [160 x 212 from (239, 107)]
I1014 14:36:36.999609  7968 work_detect.cpp:86] Detected bbox: [52 x 57 from (80, 215)]
I1014 14:36:36.999661  7968 work_detect.cpp:120] Succeeded to add det end for frame 147
I1014 14:36:36.999686  7968 work_thread.hpp:81]  [T-Work-Detect_0] Run work: WrokTrack
I1014 14:36:36.999707  7968 work_track.cpp:82] Frame: 147 build input_characts: [0.25 x 0.588889 from (0.373437, 0.297222)], 0.999622, 0
I1014 14:36:36.999760  7968 work_track.cpp:82] Frame: 147 build input_characts: [0.08125 x 0.158333 from (0.125, 0.597222)], 0.98291, 1
I1014 14:36:36.999804  7968 work_track.cpp:102] Succeeded to set track lock for frame 147
I1014 14:36:36.999850  7968 work_track.cpp:116] Succeeded to release track lock for frame 147
I1014 14:36:36.999881  7968 work_track.cpp:120] Track results of frame 147: 2 objects input, 2 objects tracked!
I1014 14:36:36.999900  7968 work_track.cpp:148] Frame: 147, track bbox: [52 x 57 from (79.7167, 214.576)], gid: 2, lid: 1
I1014 14:36:36.999943  7968 work_track.cpp:148] Frame: 147, track bbox: [160 x 212 from (243.029, 115.465)], gid: 3, lid: 0
I1014 14:36:36.999976  7968 work_thread.hpp:87]  [T-Work-Detect_0] Frame :147 split
I1014 14:36:36.999994  7968 work_thread.hpp:119]  [T-Work-Detect_0] Valid piece: gid = 3
I1014 14:36:37.000011  7968 work_thread.hpp:119]  [T-Work-Detect_0] Valid piece: gid = 2
I1014 14:36:37.000028  7968 work_thread.hpp:91]  [T-Work-Detect_0] Push to split queue:recog
I1014 14:36:37.000083  7970 work_thread.hpp:81]  [T-Work-Recog_1] Run work: WorkCapture
I1014 14:36:37.000434  7968 work_thread.hpp:91]  [T-Work-Detect_0] Push to split queue:recog
I1014 14:36:37.000468  7969 work_thread.hpp:81]  [T-Work-Recog_0] Run work: WorkCapture
I1014 14:36:37.000706  7970 work_thread.hpp:81]  [T-Work-Recog_1] Run work: WorkRecog
I1014 14:36:37.000730  7970 work_recog.hpp:89] Face id: 3 will run recog: bbox [160 x 212 from (239, 107)] quality: 0.484931
I1014 14:36:37.000757  7970 work_recog.hpp:96] Recog pair: [232 x 296 from (200, 64)], [160 x 212 from (39, 43)]
I1014 14:36:37.000931  7969 work_thread.hpp:81]  [T-Work-Recog_0] Run work: WorkRecog
W1014 14:36:37.000952  7969 work_recog.hpp:118] Face id: 2 has low quality : 0.0189721, no need to recog
I1014 14:36:37.001884  7969 work_thread.hpp:81]  [T-Work-Recog_0] Run work: WorkCompare
I1014 14:36:37.008960  7971 thread_intergrate.hpp:95] T-Intergrate-intergrate Try push queue sorting again 5 vs 5
I1014 14:36:37.018739  7970 work_thread.hpp:81]  [T-Work-Recog_1] Run work: WorkCompare
I1014 14:36:37.019101  7971 thread_intergrate.hpp:95] T-Intergrate-intergrate Try push queue sorting again 5 vs 5
I1014 14:36:37.019256  7970 work_compare.cpp:76] Compare face: 3 successed, similarity :0.997606, name : images/ThangLMb.jpg, normal size : 1548 * 1719!
I1014 14:36:37.021461  7965 demo_inner.hpp:177] decode queue size 0
I1014 14:36:37.021561  7968 work_thread.hpp:81]  [T-Work-Detect_0] Run work: WorkDetect
I1014 14:36:37.021605  7968 work_detect.cpp:102] Succeeded to add det start for frame 148
I1014 14:36:37.029135  7968 work_detect.cpp:70] Frame :148 detect result :1 face(s)
I1014 14:36:37.029183  7968 work_detect.cpp:86] Detected bbox: [154 x 207 from (250, 112)]
I1014 14:36:37.029211  7971 thread_intergrate.hpp:95] T-Intergrate-intergrate Try push queue sorting again 5 vs 5
I1014 14:36:37.029237  7968 work_detect.cpp:120] Succeeded to add det end for frame 148
I1014 14:36:37.029491  7968 work_thread.hpp:81]  [T-Work-Detect_0] Run work: WrokTrack
I1014 14:36:37.029516  7968 work_track.cpp:82] Frame: 148 build input_characts: [0.240625 x 0.575 from (0.390625, 0.311111)], 1.00019, 0
I1014 14:36:37.029592  7968 work_track.cpp:102] Succeeded to set track lock for frame 148
I1014 14:36:37.029642  7968 work_track.cpp:116] Succeeded to release track lock for frame 148
I1014 14:36:37.029657  7968 work_track.cpp:120] Track results of frame 148: 1 objects input, 2 objects tracked!
I1014 14:36:37.029675  7968 work_track.cpp:148] Frame: 148, track bbox: [52 x 57 from (79.6037, 214.806)], gid: 2, lid: -1
I1014 14:36:37.029709  7968 work_track.cpp:148] Frame: 148, track bbox: [154 x 207 from (247.057, 112.532)], gid: 3, lid: 0
I1014 14:36:37.029749  7968 work_thread.hpp:87]  [T-Work-Detect_0] Frame :148 split
I1014 14:36:37.029767  7968 work_thread.hpp:119]  [T-Work-Detect_0] Valid piece: gid = 3
I1014 14:36:37.029803  7968 work_thread.hpp:91]  [T-Work-Detect_0] Push to split queue:recog
I1014 14:36:37.029839  7969 work_thread.hpp:81]  [T-Work-Recog_0] Run work: WorkCapture
I1014 14:36:37.030372  7969 work_thread.hpp:81]  [T-Work-Recog_0] Run work: WorkRecog
I1014 14:36:37.030395  7969 work_recog.hpp:89] Face id: 3 will run recog: bbox [154 x 207 from (250, 112)] quality: 0.467477
I1014 14:36:37.030421  7969 work_recog.hpp:96] Recog pair: [224 x 296 from (216, 64)], [154 x 207 from (34, 48)]
I1014 14:36:37.039328  7971 thread_intergrate.hpp:95] T-Intergrate-intergrate Try push queue sorting again 5 vs 5
I1014 14:36:37.047968  7969 work_thread.hpp:81]  [T-Work-Recog_0] Run work: WorkCompare
I1014 14:36:37.048444  7969 work_compare.cpp:76] Compare face: 3 successed, similarity :0.997585, name : images/ThangLMb.jpg, normal size : 1548 * 1719!
I1014 14:36:37.049445  7971 thread_intergrate.hpp:95] T-Intergrate-intergrate Try push queue sorting again 5 vs 5
I1014 14:36:37.057407  7965 demo_inner.hpp:177] decode queue size 0
I1014 14:36:37.057541  7968 work_thread.hpp:81]  [T-Work-Detect_0] Run work: WorkDetect
I1014 14:36:37.057579  7968 work_detect.cpp:102] Succeeded to add det start for frame 149
I1014 14:36:37.059551  7971 thread_intergrate.hpp:95] T-Intergrate-intergrate Try push queue sorting again 5 vs 5
I1014 14:36:37.065475  7968 work_detect.cpp:70] Frame :149 detect result :2 face(s)
I1014 14:36:37.065510  7968 work_detect.cpp:86] Detected bbox: [142 x 196 from (256, 134)]
I1014 14:36:37.065551  7968 work_detect.cpp:86] Detected bbox: [50 x 56 from (81, 215)]
I1014 14:36:37.065583  7968 work_detect.cpp:120] Succeeded to add det end for frame 149
I1014 14:36:37.065600  7968 work_thread.hpp:81]  [T-Work-Detect_0] Run work: WrokTrack
I1014 14:36:37.065623  7968 work_track.cpp:82] Frame: 149 build input_characts: [0.221875 x 0.544444 from (0.4, 0.372222)], 1.00019, 0
I1014 14:36:37.065683  7968 work_track.cpp:82] Frame: 149 build input_characts: [0.078125 x 0.155556 from (0.126563, 0.597222)], 0.918981, 1
I1014 14:36:37.065739  7968 work_track.cpp:102] Succeeded to set track lock for frame 149
I1014 14:36:37.065793  7968 work_track.cpp:116] Succeeded to release track lock for frame 149
I1014 14:36:37.065809  7968 work_track.cpp:120] Track results of frame 149: 2 objects input, 2 objects tracked!
I1014 14:36:37.065827  7968 work_track.cpp:148] Frame: 149, track bbox: [50 x 56 from (81.2528, 215.219)], gid: 2, lid: 1
I1014 14:36:37.065860  7968 work_track.cpp:148] Frame: 149, track bbox: [142 x 196 from (253.8, 123.428)], gid: 3, lid: 0
I1014 14:36:37.065903  7968 work_thread.hpp:87]  [T-Work-Detect_0] Frame :149 split
I1014 14:36:37.065922  7968 work_thread.hpp:119]  [T-Work-Detect_0] Valid piece: gid = 3
I1014 14:36:37.065940  7968 work_thread.hpp:119]  [T-Work-Detect_0] Valid piece: gid = 2
I1014 14:36:37.065975  7968 work_thread.hpp:91]  [T-Work-Detect_0] Push to split queue:recog
I1014 14:36:37.066004  7968 work_thread.hpp:91]  [T-Work-Detect_0] Push to split queue:recog
I1014 14:36:37.066017  7969 work_thread.hpp:81]  [T-Work-Recog_0] Run work: WorkCapture
I1014 14:36:37.066057  7970 work_thread.hpp:81]  [T-Work-Recog_1] Run work: WorkCapture
I1014 14:36:37.066622  7969 work_thread.hpp:81]  [T-Work-Recog_0] Run work: WorkRecog
I1014 14:36:37.066645  7969 work_recog.hpp:89] Face id: 3 will run recog: bbox [142 x 196 from (256, 134)] quality: 0.475345
I1014 14:36:37.066661  7970 work_thread.hpp:81]  [T-Work-Recog_1] Run work: WorkRecog
I1014 14:36:37.066673  7969 work_recog.hpp:96] Recog pair: [208 x 272 from (224, 88)], [142 x 196 from (32, 46)]
W1014 14:36:37.066684  7970 work_recog.hpp:118] Face id: 2 has low quality : 0.0266829, no need to recog
I1014 14:36:37.066800  7970 work_thread.hpp:81]  [T-Work-Recog_1] Run work: WorkCompare
I1014 14:36:37.069656  7971 thread_intergrate.hpp:95] T-Intergrate-intergrate Try push queue sorting again 5 vs 5
I1014 14:36:37.079766  7971 thread_intergrate.hpp:95] T-Intergrate-intergrate Try push queue sorting again 5 vs 5
I1014 14:36:37.084089  7969 work_thread.hpp:81]  [T-Work-Recog_0] Run work: WorkCompare
I1014 14:36:37.084542  7969 work_compare.cpp:76] Compare face: 3 successed, similarity :0.99782, name : images/ThangLMb.jpg, normal size : 1548 * 1719!
I1014 14:36:37.087493  7965 demo_inner.hpp:177] decode queue size 0
I1014 14:36:37.087584  7968 work_thread.hpp:81]  [T-Work-Detect_0] Run work: WorkDetect
I1014 14:36:37.087620  7968 work_detect.cpp:102] Succeeded to add det start for frame 150
I1014 14:36:37.089921  7971 thread_intergrate.hpp:95] T-Intergrate-intergrate Try push queue sorting again 5 vs 5
I1014 14:36:37.095070  7968 work_detect.cpp:70] Frame :150 detect result :1 face(s)
I1014 14:36:37.095100  7968 work_detect.cpp:86] Detected bbox: [141 x 196 from (256, 136)]
I1014 14:36:37.095160  7968 work_detect.cpp:120] Succeeded to add det end for frame 150
I1014 14:36:37.095185  7968 work_thread.hpp:81]  [T-Work-Detect_0] Run work: WrokTrack
I1014 14:36:37.095208  7968 work_track.cpp:82] Frame: 150 build input_characts: [0.220313 x 0.544444 from (0.4, 0.377778)], 1.00035, 0
I1014 14:36:37.095263  7968 work_track.cpp:102] Succeeded to set track lock for frame 150
I1014 14:36:37.095434  7968 work_track.cpp:116] Succeeded to release track lock for frame 150
I1014 14:36:37.095451  7968 work_track.cpp:120] Track results of frame 150: 1 objects input, 2 objects tracked!
I1014 14:36:37.095469  7968 work_track.cpp:148] Frame: 150, track bbox: [50 x 56 from (81.4032, 215.385)], gid: 2, lid: -1
I1014 14:36:37.095504  7968 work_track.cpp:148] Frame: 150, track bbox: [141 x 196 from (255.168, 129.613)], gid: 3, lid: 0
I1014 14:36:37.095536  7968 work_thread.hpp:87]  [T-Work-Detect_0] Frame :150 split
I1014 14:36:37.095563  7968 work_thread.hpp:119]  [T-Work-Detect_0] Valid piece: gid = 3
I1014 14:36:37.095582  7968 work_thread.hpp:91]  [T-Work-Detect_0] Push to split queue:recog
I1014 14:36:37.095662  7970 work_thread.hpp:81]  [T-Work-Recog_1] Run work: WorkCapture
I1014 14:36:37.096238  7970 work_thread.hpp:81]  [T-Work-Recog_1] Run work: WorkRecog
I1014 14:36:37.096262  7970 work_recog.hpp:89] Face id: 3 will run recog: bbox [141 x 196 from (256, 136)] quality: 0.484765
I1014 14:36:37.096299  7970 work_recog.hpp:96] Recog pair: [208 x 264 from (224, 96)], [141 x 196 from (32, 40)]
I1014 14:36:37.100062  7971 thread_intergrate.hpp:95] T-Intergrate-intergrate Try push queue sorting again 5 vs 5
I1014 14:36:37.110160  7971 thread_intergrate.hpp:95] T-Intergrate-intergrate Try push queue sorting again 5 vs 5
I1014 14:36:37.114337  7970 work_thread.hpp:81]  [T-Work-Recog_1] Run work: WorkCompare
I1014 14:36:37.114825  7970 work_compare.cpp:76] Compare face: 3 successed, similarity :0.997123, name : images/ThangLMb.jpg, normal size : 1548 * 1719!
I1014 14:36:37.120262  7971 thread_intergrate.hpp:95] T-Intergrate-intergrate Try push queue sorting again 5 vs 5
I1014 14:36:37.123623  7965 demo_inner.hpp:177] decode queue size 0
I1014 14:36:37.123752  7968 work_thread.hpp:81]  [T-Work-Detect_0] Run work: WorkDetect
I1014 14:36:37.123788  7968 work_detect.cpp:102] Succeeded to add det start for frame 151
I1014 14:36:37.130380  7971 thread_intergrate.hpp:95] T-Intergrate-intergrate Try push queue sorting again 5 vs 5
I1014 14:36:37.131618  7968 work_detect.cpp:70] Frame :151 detect result :2 face(s)
I1014 14:36:37.131641  7968 work_detect.cpp:86] Detected bbox: [144 x 199 from (255, 134)]
I1014 14:36:37.131673  7968 work_detect.cpp:86] Detected bbox: [49 x 55 from (81, 214)]
I1014 14:36:37.131705  7968 work_detect.cpp:120] Succeeded to add det end for frame 151
I1014 14:36:37.131729  7968 work_thread.hpp:81]  [T-Work-Detect_0] Run work: WrokTrack
I1014 14:36:37.131752  7968 work_track.cpp:82] Frame: 151 build input_characts: [0.225 x 0.552778 from (0.398438, 0.372222)], 1.00019, 0
I1014 14:36:37.131820  7968 work_track.cpp:82] Frame: 151 build input_characts: [0.0765625 x 0.152778 from (0.126563, 0.594444)], 0.927122, 1
I1014 14:36:37.131865  7968 work_track.cpp:102] Succeeded to set track lock for frame 151
I1014 14:36:37.131909  7968 work_track.cpp:116] Succeeded to release track lock for frame 151
I1014 14:36:37.131923  7968 work_track.cpp:120] Track results of frame 151: 2 objects input, 2 objects tracked!
I1014 14:36:37.131942  7968 work_track.cpp:148] Frame: 151, track bbox: [49 x 55 from (81.1248, 214.525)], gid: 2, lid: 1
I1014 14:36:37.132002  7968 work_track.cpp:148] Frame: 151, track bbox: [144 x 199 from (255.087, 133.469)], gid: 3, lid: 0
I1014 14:36:37.132036  7968 work_thread.hpp:87]  [T-Work-Detect_0] Frame :151 split
I1014 14:36:37.132055  7968 work_thread.hpp:119]  [T-Work-Detect_0] Valid piece: gid = 3
I1014 14:36:37.132073  7968 work_thread.hpp:119]  [T-Work-Detect_0] Valid piece: gid = 2
I1014 14:36:37.132100  7968 work_thread.hpp:91]  [T-Work-Detect_0] Push to split queue:recog
I1014 14:36:37.132127  7968 work_thread.hpp:91]  [T-Work-Detect_0] Push to split queue:recog
I1014 14:36:37.132138  7969 work_thread.hpp:81]  [T-Work-Recog_0] Run work: WorkCapture
I1014 14:36:37.132225  7970 work_thread.hpp:81]  [T-Work-Recog_1] Run work: WorkCapture
I1014 14:36:37.132787  7969 work_thread.hpp:81]  [T-Work-Recog_0] Run work: WorkRecog
I1014 14:36:37.132788  7970 work_thread.hpp:81]  [T-Work-Recog_1] Run work: WorkRecog
I1014 14:36:37.132814  7969 work_recog.hpp:89] Face id: 3 will run recog: bbox [144 x 199 from (255, 134)] quality: 0.48278
W1014 14:36:37.132831  7970 work_recog.hpp:118] Face id: 2 has low quality : 0.033252, no need to recog
I1014 14:36:37.132843  7969 work_recog.hpp:96] Recog pair: [208 x 272 from (224, 88)], [144 x 199 from (31, 46)]
I1014 14:36:37.132963  7970 work_thread.hpp:81]  [T-Work-Recog_1] Run work: WorkCompare
I1014 14:36:37.140590  7971 thread_intergrate.hpp:95] T-Intergrate-intergrate Try push queue sorting again 5 vs 5
I1014 14:36:37.150468  7969 work_thread.hpp:81]  [T-Work-Recog_0] Run work: WorkCompare
I1014 14:36:37.150712  7971 thread_intergrate.hpp:95] T-Intergrate-intergrate Try push queue sorting again 5 vs 5
