I1014 10:56:52.010294  4505 work_recog.hpp:89] Face id: 0 will run recog: bbox [178 x 222 from (309, 100)] quality: 0.444967
I1014 10:56:52.010332  4505 work_recog.hpp:96] Recog pair: [256 x 304 from (272, 56)], [178 x 222 from (37, 44)]
I1014 10:56:52.010877  4507 thread_intergrate.hpp:157] T-Intergrate-intergrate Show face :0, size :640 * 360
I1014 10:56:52.011432  4503 demo_inner.hpp:435] thread [SORT-0]  frame id 95 sorting queue size 1   FPS: 29.9103
I1014 10:56:52.028553  4505 work_thread.hpp:81]  [T-Work-Recog_0] Run work: WorkCompare
I1014 10:56:52.028673  4505 work_compare.cpp:76] Compare face: 0 successed, similarity :0.98577, name : images/thanglmb.jpg, normal size : 640 * 360!
I1014 10:56:52.038643  4501 demo_inner.hpp:177] decode queue size 0
I1014 10:56:52.038759  4504 work_thread.hpp:81]  [T-Work-Detect_0] Run work: WorkDetect
I1014 10:56:52.038795  4504 work_detect.cpp:102] Succeeded to add det start for frame 96
I1014 10:56:52.045785  4504 work_detect.cpp:70] Frame :96 detect result :1 face(s)
I1014 10:56:52.045837  4504 work_detect.cpp:86] Detected bbox: [170 x 222 from (315, 120)]
I1014 10:56:52.045881  4504 work_detect.cpp:120] Succeeded to add det end for frame 96
I1014 10:56:52.045897  4504 work_thread.hpp:81]  [T-Work-Detect_0] Run work: WrokTrack
I1014 10:56:52.045922  4504 work_track.cpp:82] Frame: 96 build input_characts: [0.265625 x 0.616667 from (0.492188, 0.333333)], 1.00019, 0
I1014 10:56:52.045979  4504 work_track.cpp:102] Succeeded to set track lock for frame 96
I1014 10:56:52.046017  4504 work_track.cpp:116] Succeeded to release track lock for frame 96
I1014 10:56:52.046032  4504 work_track.cpp:120] Track results of frame 96: 1 objects input, 1 objects tracked!
I1014 10:56:52.046051  4504 work_track.cpp:148] Frame: 96, track bbox: [170 x 222 from (314.278, 110.241)], gid: 0, lid: 0
I1014 10:56:52.046085  4504 work_thread.hpp:88]  [T-Work-Detect_0] Frame :96 split
I1014 10:56:52.046103  4504 work_thread.hpp:120]  [T-Work-Detect_0] Valid piece: gid = 0
I1014 10:56:52.046121  4504 work_thread.hpp:92]  [T-Work-Detect_0] Push to split queue:recog
I1014 10:56:52.046175  4505 work_thread.hpp:81]  [T-Work-Recog_0] Run work: WorkCapture
I1014 10:56:52.046180  4507 thread_intergrate.hpp:78] [T-Intergrate-intergrate] queue: frame output frame :96
I1014 10:56:52.046208  4507 thread_intergrate.hpp:85] [T-Intergrate-intergrate] queue: compare output face:0
I1014 10:56:52.046227  4507 thread_intergrate.hpp:137] T-Intergrate-intergrate set matched face: 0
I1014 10:56:52.046782  4505 work_thread.hpp:81]  [T-Work-Recog_0] Run work: WorkRecog
I1014 10:56:52.046830  4505 work_recog.hpp:89] Face id: 0 will run recog: bbox [170 x 222 from (315, 120)] quality: 0.467477
I1014 10:56:52.046871  4505 work_recog.hpp:96] Recog pair: [240 x 288 from (280, 72)], [170 x 222 from (35, 48)]
I1014 10:56:52.047405  4507 thread_intergrate.hpp:157] T-Intergrate-intergrate Show face :0, size :640 * 360
I1014 10:56:52.047966  4503 demo_inner.hpp:435] thread [SORT-0]  frame id 96 sorting queue size 2   FPS: 29.9252
I1014 10:56:52.065043  4505 work_thread.hpp:81]  [T-Work-Recog_0] Run work: WorkCompare
I1014 10:56:52.065237  4505 work_compare.cpp:76] Compare face: 0 successed, similarity :0.98741, name : images/thanglmb.jpg, normal size : 640 * 360!
I1014 10:56:52.066684  4501 demo_inner.hpp:177] decode queue size 0
I1014 10:56:52.066774  4504 work_thread.hpp:81]  [T-Work-Detect_0] Run work: WorkDetect
I1014 10:56:52.066807  4504 work_detect.cpp:102] Succeeded to add det start for frame 97
I1014 10:56:52.073699  4504 work_detect.cpp:70] Frame :97 detect result :1 face(s)
I1014 10:56:52.073750  4504 work_detect.cpp:86] Detected bbox: [177 x 229 from (308, 114)]
I1014 10:56:52.073793  4504 work_detect.cpp:120] Succeeded to add det end for frame 97
I1014 10:56:52.073810  4504 work_thread.hpp:81]  [T-Work-Detect_0] Run work: WrokTrack
I1014 10:56:52.073835  4504 work_track.cpp:82] Frame: 97 build input_characts: [0.276563 x 0.636111 from (0.48125, 0.316667)], 1.00019, 0
I1014 10:56:52.073891  4504 work_track.cpp:102] Succeeded to set track lock for frame 97
I1014 10:56:52.073932  4504 work_track.cpp:116] Succeeded to release track lock for frame 97
I1014 10:56:52.073947  4504 work_track.cpp:120] Track results of frame 97: 1 objects input, 1 objects tracked!
I1014 10:56:52.073966  4504 work_track.cpp:148] Frame: 97, track bbox: [177 x 229 from (309.624, 109.614)], gid: 0, lid: 0
I1014 10:56:52.074002  4504 work_thread.hpp:88]  [T-Work-Detect_0] Frame :97 split
I1014 10:56:52.074093  4504 work_thread.hpp:120]  [T-Work-Detect_0] Valid piece: gid = 0
I1014 10:56:52.074115  4504 work_thread.hpp:92]  [T-Work-Detect_0] Push to split queue:recog
I1014 10:56:52.074163  4507 thread_intergrate.hpp:78] [T-Intergrate-intergrate] queue: frame output frame :97
I1014 10:56:52.074164  4505 work_thread.hpp:81]  [T-Work-Recog_0] Run work: WorkCapture
I1014 10:56:52.074193  4507 thread_intergrate.hpp:85] [T-Intergrate-intergrate] queue: compare output face:0
I1014 10:56:52.074211  4507 thread_intergrate.hpp:137] T-Intergrate-intergrate set matched face: 0
I1014 10:56:52.074955  4505 work_thread.hpp:81]  [T-Work-Recog_0] Run work: WorkRecog
I1014 10:56:52.074986  4505 work_recog.hpp:89] Face id: 0 will run recog: bbox [177 x 229 from (308, 114)] quality: 0.477221
I1014 10:56:52.075026  4505 work_recog.hpp:96] Recog pair: [248 x 296 from (272, 64)], [177 x 229 from (36, 50)]
I1014 10:56:52.075090  4502 demo_inner.hpp:260]  gui queue size 2, state = running
I1014 10:56:52.075417  4507 thread_intergrate.hpp:157] T-Intergrate-intergrate Show face :0, size :640 * 360
I1014 10:56:52.075951  4503 demo_inner.hpp:435] thread [SORT-0]  frame id 97 sorting queue size 0   FPS: 29.9401
I1014 10:56:52.093690  4505 work_thread.hpp:81]  [T-Work-Recog_0] Run work: WorkCompare
I1014 10:56:52.093806  4505 work_compare.cpp:76] Compare face: 0 successed, similarity :0.980967, name : images/thanglmb.jpg, normal size : 640 * 360!
I1014 10:56:52.104615  4501 demo_inner.hpp:177] decode queue size 0
I1014 10:56:52.104708  4504 work_thread.hpp:81]  [T-Work-Detect_0] Run work: WorkDetect
I1014 10:56:52.104744  4504 work_detect.cpp:102] Succeeded to add det start for frame 98
I1014 10:56:52.111663  4504 work_detect.cpp:70] Frame :98 detect result :1 face(s)
I1014 10:56:52.111707  4504 work_detect.cpp:86] Detected bbox: [174 x 227 from (310, 116)]
I1014 10:56:52.111752  4504 work_detect.cpp:120] Succeeded to add det end for frame 98
I1014 10:56:52.111768  4504 work_thread.hpp:81]  [T-Work-Detect_0] Run work: WrokTrack
I1014 10:56:52.111793  4504 work_track.cpp:82] Frame: 98 build input_characts: [0.271875 x 0.630556 from (0.484375, 0.322222)], 1.00019, 0
I1014 10:56:52.111847  4504 work_track.cpp:102] Succeeded to set track lock for frame 98
I1014 10:56:52.111886  4504 work_track.cpp:116] Succeeded to release track lock for frame 98
I1014 10:56:52.111901  4504 work_track.cpp:120] Track results of frame 98: 1 objects input, 1 objects tracked!
I1014 10:56:52.111919  4504 work_track.cpp:148] Frame: 98, track bbox: [174 x 227 from (311.068, 118.412)], gid: 0, lid: 0
I1014 10:56:52.111956  4504 work_thread.hpp:88]  [T-Work-Detect_0] Frame :98 split
I1014 10:56:52.111974  4504 work_thread.hpp:120]  [T-Work-Detect_0] Valid piece: gid = 0
I1014 10:56:52.111992  4504 work_thread.hpp:92]  [T-Work-Detect_0] Push to split queue:recog
I1014 10:56:52.112043  4507 thread_intergrate.hpp:78] [T-Intergrate-intergrate] queue: frame output frame :98
I1014 10:56:52.112082  4507 thread_intergrate.hpp:85] [T-Intergrate-intergrate] queue: compare output face:0
I1014 10:56:52.112100  4507 thread_intergrate.hpp:137] T-Intergrate-intergrate set matched face: 0
I1014 10:56:52.112041  4505 work_thread.hpp:81]  [T-Work-Recog_0] Run work: WorkCapture
I1014 10:56:52.112732  4505 work_thread.hpp:81]  [T-Work-Recog_0] Run work: WorkRecog
I1014 10:56:52.112757  4505 work_recog.hpp:89] Face id: 0 will run recog: bbox [174 x 227 from (310, 116)] quality: 0.473113
I1014 10:56:52.112789  4505 work_recog.hpp:96] Recog pair: [248 x 296 from (272, 64)], [174 x 227 from (38, 52)]
I1014 10:56:52.113320  4507 thread_intergrate.hpp:157] T-Intergrate-intergrate Show face :0, size :640 * 360
I1014 10:56:52.113881  4503 demo_inner.hpp:435] thread [SORT-0]  frame id 98 sorting queue size 1   FPS: 29.9103
I1014 10:56:52.131306  4505 work_thread.hpp:81]  [T-Work-Recog_0] Run work: WorkCompare
I1014 10:56:52.131438  4505 work_compare.cpp:76] Compare face: 0 successed, similarity :0.972516, name : images/thanglmb.jpg, normal size : 640 * 360!
I1014 10:56:52.140691  4501 demo_inner.hpp:177] decode queue size 0
I1014 10:56:52.140895  4504 work_thread.hpp:81]  [T-Work-Detect_0] Run work: WorkDetect
I1014 10:56:52.140933  4504 work_detect.cpp:102] Succeeded to add det start for frame 99
I1014 10:56:52.148005  4504 work_detect.cpp:70] Frame :99 detect result :1 face(s)
I1014 10:56:52.148056  4504 work_detect.cpp:86] Detected bbox: [177 x 222 from (308, 100)]
I1014 10:56:52.148099  4504 work_detect.cpp:120] Succeeded to add det end for frame 99
I1014 10:56:52.148116  4504 work_thread.hpp:81]  [T-Work-Detect_0] Run work: WrokTrack
I1014 10:56:52.148142  4504 work_track.cpp:82] Frame: 99 build input_characts: [0.276563 x 0.616667 from (0.48125, 0.277778)], 1.00035, 0
I1014 10:56:52.148217  4504 work_track.cpp:102] Succeeded to set track lock for frame 99
I1014 10:56:52.148257  4504 work_track.cpp:116] Succeeded to release track lock for frame 99
I1014 10:56:52.148272  4504 work_track.cpp:120] Track results of frame 99: 1 objects input, 1 objects tracked!
I1014 10:56:52.148290  4504 work_track.cpp:148] Frame: 99, track bbox: [177 x 222 from (308.087, 112.71)], gid: 0, lid: 0
I1014 10:56:52.148326  4504 work_thread.hpp:88]  [T-Work-Detect_0] Frame :99 split
I1014 10:56:52.148344  4504 work_thread.hpp:120]  [T-Work-Detect_0] Valid piece: gid = 0
I1014 10:56:52.148362  4504 work_thread.hpp:92]  [T-Work-Detect_0] Push to split queue:recog
I1014 10:56:52.148412  4507 thread_intergrate.hpp:78] [T-Intergrate-intergrate] queue: frame output frame :99
I1014 10:56:52.148425  4506 work_thread.hpp:81]  [T-Work-Recog_1] Run work: WorkCapture
I1014 10:56:52.148438  4507 thread_intergrate.hpp:85] [T-Intergrate-intergrate] queue: compare output face:0
I1014 10:56:52.148458  4507 thread_intergrate.hpp:137] T-Intergrate-intergrate set matched face: 0
I1014 10:56:52.148994  4506 work_thread.hpp:81]  [T-Work-Recog_1] Run work: WorkRecog
I1014 10:56:52.149019  4506 work_recog.hpp:89] Face id: 0 will run recog: bbox [177 x 222 from (308, 100)] quality: 0.43167
I1014 10:56:52.149049  4506 work_recog.hpp:96] Recog pair: [248 x 304 from (272, 56)], [177 x 222 from (36, 44)]
I1014 10:56:52.149632  4507 thread_intergrate.hpp:157] T-Intergrate-intergrate Show face :0, size :640 * 360
I1014 10:56:52.150132  4503 demo_inner.hpp:435] thread [SORT-0]  frame id 99 sorting queue size 2   FPS: 29.9401
I1014 10:56:52.159178  4502 demo_inner.hpp:260]  gui queue size 2, state = running
I1014 10:56:52.166923  4506 work_thread.hpp:81]  [T-Work-Recog_1] Run work: WorkCompare
I1014 10:56:52.167037  4506 work_compare.cpp:76] Compare face: 0 successed, similarity :0.980937, name : images/thanglmb.jpg, normal size : 640 * 360!
I1014 10:56:52.168690  4501 demo_inner.hpp:177] decode queue size 0
I1014 10:56:52.168766  4504 work_thread.hpp:81]  [T-Work-Detect_0] Run work: WorkDetect
I1014 10:56:52.168797  4504 work_detect.cpp:102] Succeeded to add det start for frame 100
I1014 10:56:52.175694  4504 work_detect.cpp:70] Frame :100 detect result :1 face(s)
I1014 10:56:52.175742  4504 work_detect.cpp:86] Detected bbox: [181 x 225 from (309, 102)]
I1014 10:56:52.175783  4504 work_detect.cpp:120] Succeeded to add det end for frame 100
I1014 10:56:52.175801  4504 work_thread.hpp:81]  [T-Work-Detect_0] Run work: WrokTrack
I1014 10:56:52.175825  4504 work_track.cpp:82] Frame: 100 build input_characts: [0.282813 x 0.625 from (0.482812, 0.283333)], 1.00035, 0
I1014 10:56:52.175880  4504 work_track.cpp:102] Succeeded to set track lock for frame 100
I1014 10:56:52.175920  4504 work_track.cpp:116] Succeeded to release track lock for frame 100
I1014 10:56:52.175935  4504 work_track.cpp:120] Track results of frame 100: 1 objects input, 1 objects tracked!
I1014 10:56:52.175952  4504 work_track.cpp:148] Frame: 100, track bbox: [181 x 225 from (307.298, 105.493)], gid: 0, lid: 0
I1014 10:56:52.175989  4504 work_thread.hpp:88]  [T-Work-Detect_0] Frame :100 split
I1014 10:56:52.176007  4504 work_thread.hpp:120]  [T-Work-Detect_0] Valid piece: gid = 0
I1014 10:56:52.176025  4504 work_thread.hpp:92]  [T-Work-Detect_0] Push to split queue:recog
I1014 10:56:52.176076  4506 work_thread.hpp:81]  [T-Work-Recog_1] Run work: WorkCapture
I1014 10:56:52.176635  4507 thread_intergrate.hpp:78] [T-Intergrate-intergrate] queue: frame output frame :100
I1014 10:56:52.176661  4507 thread_intergrate.hpp:85] [T-Intergrate-intergrate] queue: compare output face:0
I1014 10:56:52.176679  4507 thread_intergrate.hpp:137] T-Intergrate-intergrate set matched face: 0
I1014 10:56:52.176887  4506 work_thread.hpp:81]  [T-Work-Recog_1] Run work: WorkRecog
I1014 10:56:52.176911  4506 work_recog.hpp:89] Face id: 0 will run recog: bbox [181 x 225 from (309, 102)] quality: 0.444967
I1014 10:56:52.176940  4506 work_recog.hpp:96] Recog pair: [256 x 304 from (272, 56)], [181 x 225 from (37, 46)]
I1014 10:56:52.177851  4507 thread_intergrate.hpp:157] T-Intergrate-intergrate Show face :0, size :640 * 360
I1014 10:56:52.178406  4503 demo_inner.hpp:435] thread [SORT-0]  frame id 100 sorting queue size 0   FPS: 29.97
I1014 10:56:52.194525  4506 work_thread.hpp:81]  [T-Work-Recog_1] Run work: WorkCompare
I1014 10:56:52.194638  4506 work_compare.cpp:76] Compare face: 0 successed, similarity :0.987092, name : images/thanglmb.jpg, normal size : 640 * 360!
I1014 10:56:52.205772  4501 demo_inner.hpp:177] decode queue size 0
I1014 10:56:52.205885  4504 work_thread.hpp:81]  [T-Work-Detect_0] Run work: WorkDetect
I1014 10:56:52.205924  4504 work_detect.cpp:102] Succeeded to add det start for frame 101
I1014 10:56:52.213112  4504 work_detect.cpp:70] Frame :101 detect result :1 face(s)
I1014 10:56:52.213160  4504 work_detect.cpp:86] Detected bbox: [176 x 223 from (311, 102)]
I1014 10:56:52.213202  4504 work_detect.cpp:120] Succeeded to add det end for frame 101
I1014 10:56:52.213219  4504 work_thread.hpp:81]  [T-Work-Detect_0] Run work: WrokTrack
I1014 10:56:52.213244  4504 work_track.cpp:82] Frame: 101 build input_characts: [0.275 x 0.619444 from (0.485938, 0.283333)], 1.00035, 0
I1014 10:56:52.213300  4504 work_track.cpp:102] Succeeded to set track lock for frame 101
I1014 10:56:52.213340  4504 work_track.cpp:116] Succeeded to release track lock for frame 101
I1014 10:56:52.213354  4504 work_track.cpp:120] Track results of frame 101: 1 objects input, 1 objects tracked!
I1014 10:56:52.213373  4504 work_track.cpp:148] Frame: 101, track bbox: [176 x 223 from (310.357, 99.3467)], gid: 0, lid: 0
I1014 10:56:52.213409  4504 work_thread.hpp:88]  [T-Work-Detect_0] Frame :101 split
I1014 10:56:52.213428  4504 work_thread.hpp:120]  [T-Work-Detect_0] Valid piece: gid = 0
I1014 10:56:52.213444  4504 work_thread.hpp:92]  [T-Work-Detect_0] Push to split queue:recog
I1014 10:56:52.213495  4506 work_thread.hpp:81]  [T-Work-Recog_1] Run work: WorkCapture
I1014 10:56:52.213793  4507 thread_intergrate.hpp:78] [T-Intergrate-intergrate] queue: frame output frame :101
I1014 10:56:52.213822  4507 thread_intergrate.hpp:85] [T-Intergrate-intergrate] queue: compare output face:0
I1014 10:56:52.213841  4507 thread_intergrate.hpp:137] T-Intergrate-intergrate set matched face: 0
I1014 10:56:52.214040  4506 work_thread.hpp:81]  [T-Work-Recog_1] Run work: WorkRecog
I1014 10:56:52.214063  4506 work_recog.hpp:89] Face id: 0 will run recog: bbox [176 x 223 from (311, 102)] quality: 0.450585
I1014 10:56:52.214092  4506 work_recog.hpp:96] Recog pair: [256 x 304 from (272, 56)], [176 x 223 from (39, 46)]
I1014 10:56:52.215030  4507 thread_intergrate.hpp:157] T-Intergrate-intergrate Show face :0, size :640 * 360
I1014 10:56:52.215603  4503 demo_inner.hpp:435] thread [SORT-0]  frame id 101 sorting queue size 1   FPS: 29.9551
I1014 10:56:52.226323  4502 demo_inner.hpp:260]  gui queue size 1, state = running
I1014 10:56:52.232318  4506 work_thread.hpp:81]  [T-Work-Recog_1] Run work: WorkCompare
I1014 10:56:52.232430  4506 work_compare.cpp:76] Compare face: 0 successed, similarity :0.98338, name : images/thanglmb.jpg, normal size : 640 * 360!
I1014 10:56:52.236637  4501 demo_inner.hpp:177] decode queue size 0
I1014 10:56:52.236740  4504 work_thread.hpp:81]  [T-Work-Detect_0] Run work: WorkDetect
I1014 10:56:52.236776  4504 work_detect.cpp:102] Succeeded to add det start for frame 102
I1014 10:56:52.243880  4504 work_detect.cpp:70] Frame :102 detect result :1 face(s)
I1014 10:56:52.243925  4504 work_detect.cpp:86] Detected bbox: [173 x 225 from (311, 119)]
I1014 10:56:52.243969  4504 work_detect.cpp:120] Succeeded to add det end for frame 102
I1014 10:56:52.243985  4504 work_thread.hpp:81]  [T-Work-Detect_0] Run work: WrokTrack
I1014 10:56:52.244011  4504 work_track.cpp:82] Frame: 102 build input_characts: [0.270312 x 0.625 from (0.485938, 0.330556)], 1.00035, 0
I1014 10:56:52.244065  4504 work_track.cpp:102] Succeeded to set track lock for frame 102
I1014 10:56:52.244104  4504 work_track.cpp:116] Succeeded to release track lock for frame 102
I1014 10:56:52.244119  4504 work_track.cpp:120] Track results of frame 102: 1 objects input, 1 objects tracked!
I1014 10:56:52.244138  4504 work_track.cpp:148] Frame: 102, track bbox: [173 x 225 from (312.181, 106.848)], gid: 0, lid: 0
I1014 10:56:52.244189  4504 work_thread.hpp:88]  [T-Work-Detect_0] Frame :102 split
I1014 10:56:52.244207  4504 work_thread.hpp:120]  [T-Work-Detect_0] Valid piece: gid = 0
I1014 10:56:52.244225  4504 work_thread.hpp:92]  [T-Work-Detect_0] Push to split queue:recog
I1014 10:56:52.244269  4505 work_thread.hpp:81]  [T-Work-Recog_0] Run work: WorkCapture
I1014 10:56:52.244271  4507 thread_intergrate.hpp:78] [T-Intergrate-intergrate] queue: frame output frame :102
I1014 10:56:52.244313  4507 thread_intergrate.hpp:85] [T-Intergrate-intergrate] queue: compare output face:0
I1014 10:56:52.244331  4507 thread_intergrate.hpp:137] T-Intergrate-intergrate set matched face: 0
I1014 10:56:52.244944  4505 work_thread.hpp:81]  [T-Work-Recog_0] Run work: WorkRecog
I1014 10:56:52.244982  4505 work_recog.hpp:89] Face id: 0 will run recog: bbox [173 x 225 from (311, 119)] quality: 0.46401
I1014 10:56:52.245015  4505 work_recog.hpp:96] Recog pair: [248 x 288 from (272, 72)], [173 x 225 from (39, 47)]
I1014 10:56:52.245510  4507 thread_intergrate.hpp:157] T-Intergrate-intergrate Show face :0, size :640 * 360
I1014 10:56:52.246014  4503 demo_inner.hpp:435] thread [SORT-0]  frame id 102 sorting queue size 0   FPS: 29.9401
I1014 10:56:52.263437  4505 work_thread.hpp:81]  [T-Work-Recog_0] Run work: WorkCompare
I1014 10:56:52.263566  4505 work_compare.cpp:76] Compare face: 0 successed, similarity :0.980364, name : images/thanglmb.jpg, normal size : 640 * 360!
I1014 10:56:52.272914  4501 demo_inner.hpp:177] decode queue size 0
I1014 10:56:52.273018  4504 work_thread.hpp:81]  [T-Work-Detect_0] Run work: WorkDetect
I1014 10:56:52.273056  4504 work_detect.cpp:102] Succeeded to add det start for frame 103
I1014 10:56:52.280006  4504 work_detect.cpp:70] Frame :103 detect result :1 face(s)
I1014 10:56:52.280047  4504 work_detect.cpp:86] Detected bbox: [172 x 222 from (311, 100)]
I1014 10:56:52.280091  4504 work_detect.cpp:120] Succeeded to add det end for frame 103
I1014 10:56:52.280107  4504 work_thread.hpp:81]  [T-Work-Detect_0] Run work: WrokTrack
I1014 10:56:52.280131  4504 work_track.cpp:82] Frame: 103 build input_characts: [0.26875 x 0.616667 from (0.485938, 0.277778)], 1.00035, 0
I1014 10:56:52.280210  4504 work_track.cpp:102] Succeeded to set track lock for frame 103
I1014 10:56:52.280251  4504 work_track.cpp:116] Succeeded to release track lock for frame 103
I1014 10:56:52.280266  4504 work_track.cpp:120] Track results of frame 103: 1 objects input, 1 objects tracked!
I1014 10:56:52.280283  4504 work_track.cpp:148] Frame: 103, track bbox: [172 x 222 from (311.961, 105.238)], gid: 0, lid: 0
I1014 10:56:52.280320  4504 work_thread.hpp:88]  [T-Work-Detect_0] Frame :103 split
I1014 10:56:52.280339  4504 work_thread.hpp:120]  [T-Work-Detect_0] Valid piece: gid = 0
I1014 10:56:52.280356  4504 work_thread.hpp:92]  [T-Work-Detect_0] Push to split queue:recog
I1014 10:56:52.280409  4506 work_thread.hpp:81]  [T-Work-Recog_1] Run work: WorkCapture
I1014 10:56:52.280711  4507 thread_intergrate.hpp:78] [T-Intergrate-intergrate] queue: frame output frame :103
I1014 10:56:52.280737  4507 thread_intergrate.hpp:85] [T-Intergrate-intergrate] queue: compare output face:0
I1014 10:56:52.280846  4507 thread_intergrate.hpp:137] T-Intergrate-intergrate set matched face: 0
I1014 10:56:52.280968  4506 work_thread.hpp:81]  [T-Work-Recog_1] Run work: WorkRecog
I1014 10:56:52.280992  4506 work_recog.hpp:89] Face id: 0 will run recog: bbox [172 x 222 from (311, 100)] quality: 0.385422
I1014 10:56:52.281019  4506 work_recog.hpp:96] Recog pair: [248 x 304 from (272, 56)], [172 x 222 from (39, 44)]
I1014 10:56:52.282034  4507 thread_intergrate.hpp:157] T-Intergrate-intergrate Show face :0, size :640 * 360
I1014 10:56:52.282583  4503 demo_inner.hpp:435] thread [SORT-0]  frame id 103 sorting queue size 1   FPS: 29.9401
I1014 10:56:52.298229  4502 demo_inner.hpp:260]  gui queue size 1, state = running
I1014 10:56:52.298877  4506 work_thread.hpp:81]  [T-Work-Recog_1] Run work: WorkCompare
I1014 10:56:52.298975  4506 work_compare.cpp:76] Compare face: 0 successed, similarity :0.979226, name : images/thanglmb.jpg, normal size : 640 * 360!
I1014 10:56:52.302259  4501 demo_inner.hpp:177] decode queue size 0
I1014 10:56:52.302507  4504 work_thread.hpp:81]  [T-Work-Detect_0] Run work: WorkDetect
I1014 10:56:52.302567  4504 work_detect.cpp:102] Succeeded to add det start for frame 104
I1014 10:56:52.310274  4504 work_detect.cpp:70] Frame :104 detect result :1 face(s)
I1014 10:56:52.310349  4504 work_detect.cpp:86] Detected bbox: [177 x 220 from (311, 103)]
I1014 10:56:52.310393  4504 work_detect.cpp:120] Succeeded to add det end for frame 104
I1014 10:56:52.310410  4504 work_thread.hpp:81]  [T-Work-Detect_0] Run work: WrokTrack
I1014 10:56:52.310444  4504 work_track.cpp:82] Frame: 104 build input_characts: [0.276563 x 0.611111 from (0.485938, 0.286111)], 1.00035, 0
I1014 10:56:52.310499  4504 work_track.cpp:102] Succeeded to set track lock for frame 104
I1014 10:56:52.310561  4504 work_track.cpp:116] Succeeded to release track lock for frame 104
I1014 10:56:52.310580  4504 work_track.cpp:120] Track results of frame 104: 1 objects input, 1 objects tracked!
I1014 10:56:52.310598  4504 work_track.cpp:148] Frame: 104, track bbox: [177 x 220 from (310.131, 107.008)], gid: 0, lid: 0
I1014 10:56:52.310636  4504 work_thread.hpp:88]  [T-Work-Detect_0] Frame :104 split
I1014 10:56:52.310653  4504 work_thread.hpp:120]  [T-Work-Detect_0] Valid piece: gid = 0
I1014 10:56:52.310680  4504 work_thread.hpp:92]  [T-Work-Detect_0] Push to split queue:recog
I1014 10:56:52.310739  4505 work_thread.hpp:81]  [T-Work-Recog_0] Run work: WorkCapture
I1014 10:56:52.311159  4507 thread_intergrate.hpp:78] [T-Intergrate-intergrate] queue: frame output frame :104
I1014 10:56:52.311187  4507 thread_intergrate.hpp:85] [T-Intergrate-intergrate] queue: compare output face:0
I1014 10:56:52.311206  4507 thread_intergrate.hpp:137] T-Intergrate-intergrate set matched face: 0
I1014 10:56:52.311410  4505 work_thread.hpp:81]  [T-Work-Recog_0] Run work: WorkRecog
I1014 10:56:52.311434  4505 work_recog.hpp:89] Face id: 0 will run recog: bbox [177 x 220 from (311, 103)] quality: 0.438707
I1014 10:56:52.311462  4505 work_recog.hpp:96] Recog pair: [256 x 304 from (272, 56)], [177 x 220 from (39, 47)]
I1014 10:56:52.312398  4507 thread_intergrate.hpp:157] T-Intergrate-intergrate Show face :0, size :640 * 360
I1014 10:56:52.312968  4503 demo_inner.hpp:435] thread [SORT-0]  frame id 104 sorting queue size 0   FPS: 29.9252
I1014 10:56:52.329864  4505 work_thread.hpp:81]  [T-Work-Recog_0] Run work: WorkCompare
I1014 10:56:52.329973  4505 work_compare.cpp:76] Compare face: 0 successed, similarity :0.982461, name : images/thanglmb.jpg, normal size : 640 * 360!
I1014 10:56:52.338915  4501 demo_inner.hpp:177] decode queue size 0
I1014 10:56:52.339238  4504 work_thread.hpp:81]  [T-Work-Detect_0] Run work: WorkDetect
I1014 10:56:52.339274  4504 work_detect.cpp:102] Succeeded to add det start for frame 105
I1014 10:56:52.346666  4504 work_detect.cpp:70] Frame :105 detect result :1 face(s)
I1014 10:56:52.346736  4504 work_detect.cpp:86] Detected bbox: [169 x 222 from (313, 122)]
I1014 10:56:52.346781  4504 work_detect.cpp:120] Succeeded to add det end for frame 105
I1014 10:56:52.346876  4504 work_thread.hpp:81]  [T-Work-Detect_0] Run work: WrokTrack
I1014 10:56:52.346904  4504 work_track.cpp:82] Frame: 105 build input_characts: [0.264062 x 0.616667 from (0.489062, 0.338889)], 1.00019, 0
I1014 10:56:52.346987  4504 work_track.cpp:102] Succeeded to set track lock for frame 105
I1014 10:56:52.347026  4504 work_track.cpp:116] Succeeded to release track lock for frame 105
I1014 10:56:52.347043  4504 work_track.cpp:120] Track results of frame 105: 1 objects input, 1 objects tracked!
I1014 10:56:52.347179  4504 work_track.cpp:148] Frame: 105, track bbox: [169 x 222 from (313.228, 113.441)], gid: 0, lid: 0
I1014 10:56:52.347241  4504 work_thread.hpp:88]  [T-Work-Detect_0] Frame :105 split
I1014 10:56:52.347260  4504 work_thread.hpp:120]  [T-Work-Detect_0] Valid piece: gid = 0
I1014 10:56:52.347278  4504 work_thread.hpp:92]  [T-Work-Detect_0] Push to split queue:recog
I1014 10:56:52.347323  4507 thread_intergrate.hpp:78] [T-Intergrate-intergrate] queue: frame output frame :105
I1014 10:56:52.347326  4506 work_thread.hpp:81]  [T-Work-Recog_1] Run work: WorkCapture
I1014 10:56:52.347353  4507 thread_intergrate.hpp:85] [T-Intergrate-intergrate] queue: compare output face:0
I1014 10:56:52.347373  4507 thread_intergrate.hpp:137] T-Intergrate-intergrate set matched face: 0
I1014 10:56:52.347914  4506 work_thread.hpp:81]  [T-Work-Recog_1] Run work: WorkRecog
I1014 10:56:52.347939  4506 work_recog.hpp:89] Face id: 0 will run recog: bbox [169 x 222 from (313, 122)] quality: 0.46401
I1014 10:56:52.347970  4506 work_recog.hpp:96] Recog pair: [240 x 288 from (280, 72)], [169 x 222 from (33, 50)]
I1014 10:56:52.348559  4507 thread_intergrate.hpp:157] T-Intergrate-intergrate Show face :0, size :640 * 360
I1014 10:56:52.349118  4503 demo_inner.hpp:435] thread [SORT-0]  frame id 105 sorting queue size 1   FPS: 29.9252
I1014 10:56:52.365937  4506 work_thread.hpp:81]  [T-Work-Recog_1] Run work: WorkCompare
I1014 10:56:52.366045  4506 work_compare.cpp:76] Compare face: 0 successed, similarity :0.983708, name : images/thanglmb.jpg, normal size : 640 * 360!
I1014 10:56:52.372691  4501 demo_inner.hpp:177] decode queue size 0
I1014 10:56:52.372807  4504 work_thread.hpp:81]  [T-Work-Detect_0] Run work: WorkDetect
I1014 10:56:52.372843  4504 work_detect.cpp:102] Succeeded to add det start for frame 106
I1014 10:56:52.380595  4504 work_detect.cpp:70] Frame :106 detect result :1 face(s)
I1014 10:56:52.380645  4504 work_detect.cpp:86] Detected bbox: [174 x 222 from (313, 102)]
I1014 10:56:52.380710  4504 work_detect.cpp:120] Succeeded to add det end for frame 106
I1014 10:56:52.380728  4504 work_thread.hpp:81]  [T-Work-Detect_0] Run work: WrokTrack
I1014 10:56:52.380754  4504 work_track.cpp:82] Frame: 106 build input_characts: [0.271875 x 0.616667 from (0.489062, 0.283333)], 1.00035, 0
I1014 10:56:52.380817  4504 work_track.cpp:102] Succeeded to set track lock for frame 106
I1014 10:56:52.380856  4504 work_track.cpp:116] Succeeded to release track lock for frame 106
I1014 10:56:52.380872  4504 work_track.cpp:120] Track results of frame 106: 1 objects input, 1 objects tracked!
I1014 10:56:52.380889  4504 work_track.cpp:148] Frame: 106, track bbox: [174 x 222 from (311.983, 108.461)], gid: 0, lid: 0
I1014 10:56:52.380956  4504 work_thread.hpp:88]  [T-Work-Detect_0] Frame :106 split
I1014 10:56:52.380975  4504 work_thread.hpp:120]  [T-Work-Detect_0] Valid piece: gid = 0
I1014 10:56:52.380995  4504 work_thread.hpp:92]  [T-Work-Detect_0] Push to split queue:recog
I1014 10:56:52.381040  4507 thread_intergrate.hpp:78] [T-Intergrate-intergrate] queue: frame output frame :106
I1014 10:56:52.381042  4505 work_thread.hpp:81]  [T-Work-Recog_0] Run work: WorkCapture
I1014 10:56:52.381069  4507 thread_intergrate.hpp:85] [T-Intergrate-intergrate] queue: compare output face:0
I1014 10:56:52.381088  4507 thread_intergrate.hpp:137] T-Intergrate-intergrate set matched face: 0
I1014 10:56:52.381619  4505 work_thread.hpp:81]  [T-Work-Recog_0] Run work: WorkRecog
I1014 10:56:52.381645  4505 work_recog.hpp:89] Face id: 0 will run recog: bbox [174 x 222 from (313, 102)] quality: 0.424089
I1014 10:56:52.381757  4505 work_recog.hpp:96] Recog pair: [256 x 304 from (272, 56)], [174 x 222 from (41, 46)]
I1014 10:56:52.382257  4507 thread_intergrate.hpp:157] T-Intergrate-intergrate Show face :0, size :640 * 360
I1014 10:56:52.382800  4503 demo_inner.hpp:435] thread [SORT-0]  frame id 106 sorting queue size 2   FPS: 29.9551
I1014 10:56:52.398720  4502 demo_inner.hpp:260]  gui queue size 2, state = running
I1014 10:56:52.399660  4505 work_thread.hpp:81]  [T-Work-Recog_0] Run work: WorkCompare
I1014 10:56:52.399755  4505 work_compare.cpp:76] Compare face: 0 successed, similarity :0.98022, name : images/thanglmb.jpg, normal size : 640 * 360!
I1014 10:56:52.402743  4501 demo_inner.hpp:177] decode queue size 0
I1014 10:56:52.402885  4504 work_thread.hpp:81]  [T-Work-Detect_0] Run work: WorkDetect
I1014 10:56:52.402923  4504 work_detect.cpp:102] Succeeded to add det start for frame 107
I1014 10:56:52.410835  4504 work_detect.cpp:70] Frame :107 detect result :1 face(s)
I1014 10:56:52.410881  4504 work_detect.cpp:86] Detected bbox: [177 x 225 from (307, 99)]
I1014 10:56:52.410924  4504 work_detect.cpp:120] Succeeded to add det end for frame 107
I1014 10:56:52.410995  4504 work_thread.hpp:81]  [T-Work-Detect_0] Run work: WrokTrack
I1014 10:56:52.411021  4504 work_track.cpp:82] Frame: 107 build input_characts: [0.276563 x 0.625 from (0.479688, 0.275)], 1.00035, 0
I1014 10:56:52.411087  4504 work_track.cpp:102] Succeeded to set track lock for frame 107
I1014 10:56:52.411126  4504 work_track.cpp:116] Succeeded to release track lock for frame 107
I1014 10:56:52.411140  4504 work_track.cpp:120] Track results of frame 107: 1 objects input, 1 objects tracked!
I1014 10:56:52.411159  4504 work_track.cpp:148] Frame: 107, track bbox: [177 x 225 from (309.15, 101.086)], gid: 0, lid: 0
I1014 10:56:52.411219  4504 work_thread.hpp:88]  [T-Work-Detect_0] Frame :107 split
I1014 10:56:52.411238  4504 work_thread.hpp:120]  [T-Work-Detect_0] Valid piece: gid = 0
I1014 10:56:52.411257  4504 work_thread.hpp:92]  [T-Work-Detect_0] Push to split queue:recog
I1014 10:56:52.411298  4506 work_thread.hpp:81]  [T-Work-Recog_1] Run work: WorkCapture
I1014 10:56:52.411307  4507 thread_intergrate.hpp:78] [T-Intergrate-intergrate] queue: frame output frame :107
I1014 10:56:52.411336  4507 thread_intergrate.hpp:85] [T-Intergrate-intergrate] queue: compare output face:0
I1014 10:56:52.411355  4507 thread_intergrate.hpp:137] T-Intergrate-intergrate set matched face: 0
I1014 10:56:52.411859  4506 work_thread.hpp:81]  [T-Work-Recog_1] Run work: WorkRecog
I1014 10:56:52.411883  4506 work_recog.hpp:89] Face id: 0 will run recog: bbox [177 x 225 from (307, 99)] quality: 0.424213
I1014 10:56:52.411913  4506 work_recog.hpp:96] Recog pair: [248 x 312 from (272, 48)], [177 x 225 from (35, 51)]
I1014 10:56:52.412546  4507 thread_intergrate.hpp:157] T-Intergrate-intergrate Show face :0, size :640 * 360
I1014 10:56:52.413095  4503 demo_inner.hpp:435] thread [SORT-0]  frame id 107 sorting queue size 0   FPS: 29.9551
I1014 10:56:52.429829  4506 work_thread.hpp:81]  [T-Work-Recog_1] Run work: WorkCompare
I1014 10:56:52.429940  4506 work_compare.cpp:76] Compare face: 0 successed, similarity :0.987825, name : images/thanglmb.jpg, normal size : 640 * 360!
I1014 10:56:52.438501  4501 demo_inner.hpp:177] decode queue size 0
I1014 10:56:52.438613  4504 work_thread.hpp:81]  [T-Work-Detect_0] Run work: WorkDetect
I1014 10:56:52.438727  4504 work_detect.cpp:102] Succeeded to add det start for frame 108
I1014 10:56:52.446539  4504 work_detect.cpp:70] Frame :108 detect result :1 face(s)
I1014 10:56:52.446591  4504 work_detect.cpp:86] Detected bbox: [173 x 228 from (309, 118)]
I1014 10:56:52.446699  4504 work_detect.cpp:120] Succeeded to add det end for frame 108
I1014 10:56:52.446717  4504 work_thread.hpp:81]  [T-Work-Detect_0] Run work: WrokTrack
I1014 10:56:52.446763  4504 work_track.cpp:82] Frame: 108 build input_characts: [0.270312 x 0.633333 from (0.482812, 0.327778)], 1.00019, 0
I1014 10:56:52.446822  4504 work_track.cpp:102] Succeeded to set track lock for frame 108
I1014 10:56:52.446943  4504 work_track.cpp:116] Succeeded to release track lock for frame 108
I1014 10:56:52.446959  4504 work_track.cpp:120] Track results of frame 108: 1 objects input, 1 objects tracked!
I1014 10:56:52.446976  4504 work_track.cpp:148] Frame: 108, track bbox: [173 x 228 from (309.826, 110.647)], gid: 0, lid: 0
I1014 10:56:52.447034  4504 work_thread.hpp:88]  [T-Work-Detect_0] Frame :108 split
I1014 10:56:52.447053  4504 work_thread.hpp:120]  [T-Work-Detect_0] Valid piece: gid = 0
I1014 10:56:52.447072  4504 work_thread.hpp:92]  [T-Work-Detect_0] Push to split queue:recog
I1014 10:56:52.447113  4506 work_thread.hpp:81]  [T-Work-Recog_1] Run work: WorkCapture
I1014 10:56:52.447120  4507 thread_intergrate.hpp:78] [T-Intergrate-intergrate] queue: frame output frame :108
I1014 10:56:52.447149  4507 thread_intergrate.hpp:85] [T-Intergrate-intergrate] queue: compare output face:0
I1014 10:56:52.447167  4507 thread_intergrate.hpp:137] T-Intergrate-intergrate set matched face: 0
I1014 10:56:52.447672  4506 work_thread.hpp:81]  [T-Work-Recog_1] Run work: WorkRecog
I1014 10:56:52.447696  4506 work_recog.hpp:89] Face id: 0 will run recog: bbox [173 x 228 from (309, 118)] quality: 0.46401
I1014 10:56:52.447724  4506 work_recog.hpp:96] Recog pair: [248 x 288 from (272, 72)], [173 x 228 from (37, 46)]
I1014 10:56:52.448370  4507 thread_intergrate.hpp:157] T-Intergrate-intergrate Show face :0, size :640 * 360
I1014 10:56:52.448922  4503 demo_inner.hpp:435] thread [SORT-0]  frame id 108 sorting queue size 1   FPS: 29.9551
I1014 10:56:52.465379  4506 work_thread.hpp:81]  [T-Work-Recog_1] Run work: WorkCompare
I1014 10:56:52.465502  4506 work_compare.cpp:76] Compare face: 0 successed, similarity :0.978045, name : images/thanglmb.jpg, normal size : 640 * 360!
I1014 10:56:52.465834  4502 demo_inner.hpp:260]  gui queue size 1, state = running
I1014 10:56:52.468698  4501 demo_inner.hpp:177] decode queue size 0
I1014 10:56:52.468830  4504 work_thread.hpp:81]  [T-Work-Detect_0] Run work: WorkDetect
I1014 10:56:52.468865  4504 work_detect.cpp:102] Succeeded to add det start for frame 109
I1014 10:56:52.476858  4504 work_detect.cpp:70] Frame :109 detect result :1 face(s)
I1014 10:56:52.476927  4504 work_detect.cpp:86] Detected bbox: [179 x 220 from (308, 100)]
I1014 10:56:52.476976  4504 work_detect.cpp:120] Succeeded to add det end for frame 109
I1014 10:56:52.476994  4504 work_thread.hpp:81]  [T-Work-Detect_0] Run work: WrokTrack
I1014 10:56:52.477049  4504 work_track.cpp:82] Frame: 109 build input_characts: [0.279687 x 0.611111 from (0.48125, 0.277778)], 1.00019, 0
I1014 10:56:52.477113  4504 work_track.cpp:102] Succeeded to set track lock for frame 109
I1014 10:56:52.477166  4504 work_track.cpp:116] Succeeded to release track lock for frame 109
I1014 10:56:52.477182  4504 work_track.cpp:120] Track results of frame 109: 1 objects input, 1 objects tracked!
I1014 10:56:52.477201  4504 work_track.cpp:148] Frame: 109, track bbox: [179 x 220 from (306.661, 107.376)], gid: 0, lid: 0
I1014 10:56:52.477238  4504 work_thread.hpp:88]  [T-Work-Detect_0] Frame :109 split
I1014 10:56:52.477285  4504 work_thread.hpp:120]  [T-Work-Detect_0] Valid piece: gid = 0
I1014 10:56:52.477308  4504 work_thread.hpp:92]  [T-Work-Detect_0] Push to split queue:recog
I1014 10:56:52.477365  4505 work_thread.hpp:81]  [T-Work-Recog_0] Run work: WorkCapture
I1014 10:56:52.477380  4507 thread_intergrate.hpp:78] [T-Intergrate-intergrate] queue: frame output frame :109
I1014 10:56:52.477409  4507 thread_intergrate.hpp:85] [T-Intergrate-intergrate] queue: compare output face:0
I1014 10:56:52.477428  4507 thread_intergrate.hpp:137] T-Intergrate-intergrate set matched face: 0
I1014 10:56:52.477936  4505 work_thread.hpp:81]  [T-Work-Recog_0] Run work: WorkRecog
I1014 10:56:52.477960  4505 work_recog.hpp:89] Face id: 0 will run recog: bbox [179 x 220 from (308, 100)] quality: 0.373693
I1014 10:56:52.477989  4505 work_recog.hpp:96] Recog pair: [256 x 304 from (272, 56)], [179 x 220 from (36, 44)]
I1014 10:56:52.478600  4507 thread_intergrate.hpp:157] T-Intergrate-intergrate Show face :0, size :640 * 360
I1014 10:56:52.479234  4503 demo_inner.hpp:435] thread [SORT-0]  frame id 109 sorting queue size 0   FPS: 29.97
I1014 10:56:52.495887  4505 work_thread.hpp:81]  [T-Work-Recog_0] Run work: WorkCompare
I1014 10:56:52.495997  4505 work_compare.cpp:76] Compare face: 0 successed, similarity :0.982185, name : images/thanglmb.jpg, normal size : 640 * 360!
I1014 10:56:52.504526  4501 demo_inner.hpp:177] decode queue size 0
I1014 10:56:52.504667  4504 work_thread.hpp:81]  [T-Work-Detect_0] Run work: WorkDetect
I1014 10:56:52.504703  4504 work_detect.cpp:102] Succeeded to add det start for frame 110
I1014 10:56:52.511720  4504 work_detect.cpp:70] Frame :110 detect result :1 face(s)
I1014 10:56:52.511766  4504 work_detect.cpp:86] Detected bbox: [173 x 228 from (313, 115)]
I1014 10:56:52.511809  4504 work_detect.cpp:120] Succeeded to add det end for frame 110
I1014 10:56:52.511826  4504 work_thread.hpp:81]  [T-Work-Detect_0] Run work: WrokTrack
I1014 10:56:52.511850  4504 work_track.cpp:82] Frame: 110 build input_characts: [0.270312 x 0.633333 from (0.489062, 0.319444)], 1.00019, 0
I1014 10:56:52.511904  4504 work_track.cpp:102] Succeeded to set track lock for frame 110
I1014 10:56:52.511945  4504 work_track.cpp:116] Succeeded to release track lock for frame 110
I1014 10:56:52.511960  4504 work_track.cpp:120] Track results of frame 110: 1 objects input, 1 objects tracked!
I1014 10:56:52.511977  4504 work_track.cpp:148] Frame: 110, track bbox: [173 x 228 from (311.295, 106.828)], gid: 0, lid: 0
I1014 10:56:52.512014  4504 work_thread.hpp:88]  [T-Work-Detect_0] Frame :110 split
I1014 10:56:52.512032  4504 work_thread.hpp:120]  [T-Work-Detect_0] Valid piece: gid = 0
I1014 10:56:52.512050  4504 work_thread.hpp:92]  [T-Work-Detect_0] Push to split queue:recog
I1014 10:56:52.512099  4505 work_thread.hpp:81]  [T-Work-Recog_0] Run work: WorkCapture
I1014 10:56:52.512603  4507 thread_intergrate.hpp:78] [T-Intergrate-intergrate] queue: frame output frame :110
I1014 10:56:52.512631  4507 thread_intergrate.hpp:85] [T-Intergrate-intergrate] queue: compare output face:0
I1014 10:56:52.512650  4507 thread_intergrate.hpp:137] T-Intergrate-intergrate set matched face: 0
I1014 10:56:52.512670  4505 work_thread.hpp:81]  [T-Work-Recog_0] Run work: WorkRecog
I1014 10:56:52.512693  4505 work_recog.hpp:89] Face id: 0 will run recog: bbox [173 x 228 from (313, 115)] quality: 0.467477
I1014 10:56:52.512722  4505 work_recog.hpp:96] Recog pair: [248 x 296 from (272, 64)], [173 x 228 from (41, 51)]
I1014 10:56:52.513846  4507 thread_intergrate.hpp:157] T-Intergrate-intergrate Show face :0, size :640 * 360
I1014 10:56:52.514439  4503 demo_inner.hpp:435] thread [SORT-0]  frame id 110 sorting queue size 1   FPS: 29.97
I1014 10:56:52.530372  4505 work_thread.hpp:81]  [T-Work-Recog_0] Run work: WorkCompare
I1014 10:56:52.530484  4505 work_compare.cpp:76] Compare face: 0 successed, similarity :0.972632, name : images/thanglmb.jpg, normal size : 640 * 360!
I1014 10:56:52.536257  4501 demo_inner.hpp:177] decode queue size 0
I1014 10:56:52.536489  4504 work_thread.hpp:81]  [T-Work-Detect_0] Run work: WorkDetect
I1014 10:56:52.536525  4504 work_detect.cpp:102] Succeeded to add det start for frame 111
I1014 10:56:52.544143  4504 work_detect.cpp:70] Frame :111 detect result :1 face(s)
I1014 10:56:52.544239  4504 work_detect.cpp:86] Detected bbox: [169 x 223 from (316, 120)]
I1014 10:56:52.544284  4504 work_detect.cpp:120] Succeeded to add det end for frame 111
I1014 10:56:52.544301  4504 work_thread.hpp:81]  [T-Work-Detect_0] Run work: WrokTrack
I1014 10:56:52.544335  4504 work_track.cpp:82] Frame: 111 build input_characts: [0.264062 x 0.619444 from (0.49375, 0.333333)], 1.00019, 0
I1014 10:56:52.544390  4504 work_track.cpp:102] Succeeded to set track lock for frame 111
I1014 10:56:52.544430  4504 work_track.cpp:116] Succeeded to release track lock for frame 111
I1014 10:56:52.544467  4504 work_track.cpp:120] Track results of frame 111: 1 objects input, 1 objects tracked!
I1014 10:56:52.544487  4504 work_track.cpp:148] Frame: 111, track bbox: [169 x 223 from (314.785, 118.413)], gid: 0, lid: 0
I1014 10:56:52.544605  4504 work_thread.hpp:88]  [T-Work-Detect_0] Frame :111 split
I1014 10:56:52.544625  4504 work_thread.hpp:120]  [T-Work-Detect_0] Valid piece: gid = 0
I1014 10:56:52.544643  4504 work_thread.hpp:92]  [T-Work-Detect_0] Push to split queue:recog
I1014 10:56:52.544688  4507 thread_intergrate.hpp:78] [T-Intergrate-intergrate] queue: frame output frame :111
I1014 10:56:52.544689  4506 work_thread.hpp:81]  [T-Work-Recog_1] Run work: WorkCapture
I1014 10:56:52.544718  4507 thread_intergrate.hpp:85] [T-Intergrate-intergrate] queue: compare output face:0
I1014 10:56:52.544737  4507 thread_intergrate.hpp:137] T-Intergrate-intergrate set matched face: 0
I1014 10:56:52.545286  4506 work_thread.hpp:81]  [T-Work-Recog_1] Run work: WorkRecog
I1014 10:56:52.545312  4506 work_recog.hpp:89] Face id: 0 will run recog: bbox [169 x 223 from (316, 120)] quality: 0.471312
I1014 10:56:52.545343  4506 work_recog.hpp:96] Recog pair: [240 x 288 from (280, 72)], [169 x 223 from (36, 48)]
I1014 10:56:52.545902  4507 thread_intergrate.hpp:157] T-Intergrate-intergrate Show face :0, size :640 * 360
I1014 10:56:52.546397  4503 demo_inner.hpp:435] thread [SORT-0]  frame id 111 sorting queue size 2   FPS: 29.9401
I1014 10:56:52.560818  4502 demo_inner.hpp:260]  gui queue size 2, state = running
I1014 10:56:52.563537  4506 work_thread.hpp:81]  [T-Work-Recog_1] Run work: WorkCompare
I1014 10:56:52.563663  4506 work_compare.cpp:76] Compare face: 0 successed, similarity :0.968882, name : images/thanglmb.jpg, normal size : 640 * 360!
I1014 10:56:52.572845  4501 demo_inner.hpp:177] decode queue size 0
I1014 10:56:52.572994  4504 work_thread.hpp:81]  [T-Work-Detect_0] Run work: WorkDetect
I1014 10:56:52.573030  4504 work_detect.cpp:102] Succeeded to add det start for frame 112
I1014 10:56:52.580040  4504 work_detect.cpp:70] Frame :112 detect result :1 face(s)
I1014 10:56:52.580083  4504 work_detect.cpp:86] Detected bbox: [174 x 222 from (310, 99)]
I1014 10:56:52.580126  4504 work_detect.cpp:120] Succeeded to add det end for frame 112
I1014 10:56:52.580142  4504 work_thread.hpp:81]  [T-Work-Detect_0] Run work: WrokTrack
I1014 10:56:52.580181  4504 work_track.cpp:82] Frame: 112 build input_characts: [0.271875 x 0.616667 from (0.484375, 0.275)], 1.00035, 0
I1014 10:56:52.580236  4504 work_track.cpp:102] Succeeded to set track lock for frame 112
I1014 10:56:52.580276  4504 work_track.cpp:116] Succeeded to release track lock for frame 112
I1014 10:56:52.580291  4504 work_track.cpp:120] Track results of frame 112: 1 objects input, 1 objects tracked!
I1014 10:56:52.580309  4504 work_track.cpp:148] Frame: 112, track bbox: [174 x 222 from (312.367, 110.388)], gid: 0, lid: 0
I1014 10:56:52.580346  4504 work_thread.hpp:88]  [T-Work-Detect_0] Frame :112 split
I1014 10:56:52.580363  4504 work_thread.hpp:120]  [T-Work-Detect_0] Valid piece: gid = 0
I1014 10:56:52.580381  4504 work_thread.hpp:92]  [T-Work-Detect_0] Push to split queue:recog
I1014 10:56:52.580938  4505 work_thread.hpp:81]  [T-Work-Recog_0] Run work: WorkCapture
I1014 10:56:52.581234  4507 thread_intergrate.hpp:78] [T-Intergrate-intergrate] queue: frame output frame :112
I1014 10:56:52.581260  4507 thread_intergrate.hpp:85] [T-Intergrate-intergrate] queue: compare output face:0
I1014 10:56:52.581279  4507 thread_intergrate.hpp:137] T-Intergrate-intergrate set matched face: 0
I1014 10:56:52.581485  4505 work_thread.hpp:81]  [T-Work-Recog_0] Run work: WorkRecog
I1014 10:56:52.581509  4505 work_recog.hpp:89] Face id: 0 will run recog: bbox [174 x 222 from (310, 99)] quality: 0.396453
I1014 10:56:52.581538  4505 work_recog.hpp:96] Recog pair: [248 x 312 from (272, 48)], [174 x 222 from (38, 51)]
I1014 10:56:52.582450  4507 thread_intergrate.hpp:157] T-Intergrate-intergrate Show face :0, size :640 * 360
I1014 10:56:52.582978  4503 demo_inner.hpp:435] thread [SORT-0]  frame id 112 sorting queue size 0   FPS: 29.9401
I1014 10:56:52.599407  4505 work_thread.hpp:81]  [T-Work-Recog_0] Run work: WorkCompare
I1014 10:56:52.599601  4505 work_compare.cpp:76] Compare face: 0 successed, similarity :0.980522, name : images/thanglmb.jpg, normal size : 640 * 360!
I1014 10:56:52.602208  4501 demo_inner.hpp:177] decode queue size 0
I1014 10:56:52.602326  4504 work_thread.hpp:81]  [T-Work-Detect_0] Run work: WorkDetect
I1014 10:56:52.602361  4504 work_detect.cpp:102] Succeeded to add det start for frame 113
I1014 10:56:52.605654  4502 demo_inner.hpp:260]  gui queue size 0, state = running
I1014 10:56:52.609884  4504 work_detect.cpp:70] Frame :113 detect result :1 face(s)
I1014 10:56:52.609938  4504 work_detect.cpp:86] Detected bbox: [175 x 225 from (310, 98)]
I1014 10:56:52.609982  4504 work_detect.cpp:120] Succeeded to add det end for frame 113
I1014 10:56:52.609998  4504 work_thread.hpp:81]  [T-Work-Detect_0] Run work: WrokTrack
I1014 10:56:52.610024  4504 work_track.cpp:82] Frame: 113 build input_characts: [0.273438 x 0.625 from (0.484375, 0.272222)], 1.00035, 0
I1014 10:56:52.610080  4504 work_track.cpp:102] Succeeded to set track lock for frame 113
I1014 10:56:52.610121  4504 work_track.cpp:116] Succeeded to release track lock for frame 113
I1014 10:56:52.610136  4504 work_track.cpp:120] Track results of frame 113: 1 objects input, 1 objects tracked!
I1014 10:56:52.610153  4504 work_track.cpp:148] Frame: 113, track bbox: [175 x 225 from (311.124, 100.552)], gid: 0, lid: 0
I1014 10:56:52.610188  4504 work_thread.hpp:88]  [T-Work-Detect_0] Frame :113 split
I1014 10:56:52.610206  4504 work_thread.hpp:120]  [T-Work-Detect_0] Valid piece: gid = 0
I1014 10:56:52.610224  4504 work_thread.hpp:92]  [T-Work-Detect_0] Push to split queue:recog
I1014 10:56:52.610275  4506 work_thread.hpp:81]  [T-Work-Recog_1] Run work: WorkCapture
I1014 10:56:52.610604  4507 thread_intergrate.hpp:78] [T-Intergrate-intergrate] queue: frame output frame :113
I1014 10:56:52.610632  4507 thread_intergrate.hpp:85] [T-Intergrate-intergrate] queue: compare output face:0
I1014 10:56:52.610651  4507 thread_intergrate.hpp:137] T-Intergrate-intergrate set matched face: 0
I1014 10:56:52.610841  4506 work_thread.hpp:81]  [T-Work-Recog_1] Run work: WorkRecog
I1014 10:56:52.610864  4506 work_recog.hpp:89] Face id: 0 will run recog: bbox [175 x 225 from (310, 98)] quality: 0.396453
I1014 10:56:52.610894  4506 work_recog.hpp:96] Recog pair: [248 x 312 from (272, 48)], [175 x 225 from (38, 50)]
I1014 10:56:52.611829  4507 thread_intergrate.hpp:157] T-Intergrate-intergrate Show face :0, size :640 * 360
I1014 10:56:52.612396  4503 demo_inner.hpp:435] thread [SORT-0]  frame id 113 sorting queue size 0   FPS: 29.9401
I1014 10:56:52.628679  4506 work_thread.hpp:81]  [T-Work-Recog_1] Run work: WorkCompare
I1014 10:56:52.628785  4506 work_compare.cpp:76] Compare face: 0 successed, similarity :0.959057, name : images/thanglmb.jpg, normal size : 640 * 360!
I1014 10:56:52.638185  4501 demo_inner.hpp:177] decode queue size 0
I1014 10:56:52.638316  4504 work_thread.hpp:81]  [T-Work-Detect_0] Run work: WorkDetect
I1014 10:56:52.638353  4504 work_detect.cpp:102] Succeeded to add det start for frame 114
I1014 10:56:52.645635  4504 work_detect.cpp:70] Frame :114 detect result :1 face(s)
I1014 10:56:52.645689  4504 work_detect.cpp:86] Detected bbox: [177 x 225 from (306, 119)]
I1014 10:56:52.645735  4504 work_detect.cpp:120] Succeeded to add det end for frame 114
I1014 10:56:52.645751  4504 work_thread.hpp:81]  [T-Work-Detect_0] Run work: WrokTrack
I1014 10:56:52.645776  4504 work_track.cpp:82] Frame: 114 build input_characts: [0.276563 x 0.625 from (0.478125, 0.330556)], 1.00035, 0
I1014 10:56:52.645833  4504 work_track.cpp:102] Succeeded to set track lock for frame 114
I1014 10:56:52.645872  4504 work_track.cpp:116] Succeeded to release track lock for frame 114
I1014 10:56:52.645886  4504 work_track.cpp:120] Track results of frame 114: 1 objects input, 1 objects tracked!
I1014 10:56:52.645905  4504 work_track.cpp:148] Frame: 114, track bbox: [177 x 225 from (307.554, 110.094)], gid: 0, lid: 0
I1014 10:56:52.645941  4504 work_thread.hpp:88]  [T-Work-Detect_0] Frame :114 split
I1014 10:56:52.645958  4504 work_thread.hpp:120]  [T-Work-Detect_0] Valid piece: gid = 0
I1014 10:56:52.646047  4504 work_thread.hpp:92]  [T-Work-Detect_0] Push to split queue:recog
I1014 10:56:52.646103  4506 work_thread.hpp:81]  [T-Work-Recog_1] Run work: WorkCapture
I1014 10:56:52.646409  4507 thread_intergrate.hpp:78] [T-Intergrate-intergrate] queue: frame output frame :114
