I1014 10:48:28.702991  4287 thread_intergrate.hpp:85] [T-Intergrate-intergrate] queue: compare output face:0
I1014 10:48:28.703011  4287 thread_intergrate.hpp:136] T-Intergrate-intergrate set matched face: 0
I1014 10:48:28.703575  4286 work_thread.hpp:81]  [T-Work-Recog_1] Run work: WorkRecog
I1014 10:48:28.703681  4286 work_recog.hpp:89] Face id: 0 will run recog: bbox [135 x 180 from (288, 105)] quality: 0.462362
I1014 10:48:28.703711  4286 work_recog.hpp:96] Recog pair: [200 x 264 from (256, 64)], [135 x 180 from (32, 41)]
I1014 10:48:28.704201  4287 thread_intergrate.hpp:156] T-Intergrate-intergrate Show face :0, size :640 * 360
I1014 10:48:28.721559  4286 work_thread.hpp:81]  [T-Work-Recog_1] Run work: WorkCompare
I1014 10:48:28.721732  4286 work_compare.cpp:76] Compare face: 0 successed, similarity :0.980684, name : images/thanglmb.jpg, normal size : 640 * 360!
I1014 10:48:28.743964  4281 demo_inner.hpp:177] decode queue size 0
I1014 10:48:28.744092  4284 work_thread.hpp:81]  [T-Work-Detect_0] Run work: WorkDetect
I1014 10:48:28.744130  4284 work_detect.cpp:102] Succeeded to add det start for frame 92
I1014 10:48:28.750648  4284 work_detect.cpp:70] Frame :92 detect result :1 face(s)
I1014 10:48:28.750689  4284 work_detect.cpp:86] Detected bbox: [139 x 182 from (285, 106)]
I1014 10:48:28.750733  4284 work_detect.cpp:120] Succeeded to add det end for frame 92
I1014 10:48:28.750749  4284 work_thread.hpp:81]  [T-Work-Detect_0] Run work: WrokTrack
I1014 10:48:28.750773  4284 work_track.cpp:82] Frame: 92 build input_characts: [0.217187 x 0.505556 from (0.445312, 0.294444)], 1.00019, 0
I1014 10:48:28.750830  4284 work_track.cpp:102] Succeeded to set track lock for frame 92
I1014 10:48:28.750870  4284 work_track.cpp:116] Succeeded to release track lock for frame 92
I1014 10:48:28.750885  4284 work_track.cpp:120] Track results of frame 92: 1 objects input, 1 objects tracked!
I1014 10:48:28.750903  4284 work_track.cpp:148] Frame: 92, track bbox: [139 x 182 from (284.658, 102.487)], gid: 0, lid: 0
I1014 10:48:28.751015  4284 work_thread.hpp:88]  [T-Work-Detect_0] Frame :92 split
I1014 10:48:28.751036  4284 work_thread.hpp:120]  [T-Work-Detect_0] Valid piece: gid = 0
I1014 10:48:28.751055  4284 work_thread.hpp:92]  [T-Work-Detect_0] Push to split queue:recog
I1014 10:48:28.751107  4287 thread_intergrate.hpp:78] [T-Intergrate-intergrate] queue: frame output frame :92
I1014 10:48:28.751107  4286 work_thread.hpp:81]  [T-Work-Recog_1] Run work: WorkCapture
I1014 10:48:28.751137  4287 thread_intergrate.hpp:85] [T-Intergrate-intergrate] queue: compare output face:0
I1014 10:48:28.751157  4287 thread_intergrate.hpp:136] T-Intergrate-intergrate set matched face: 0
I1014 10:48:28.751772  4286 work_thread.hpp:81]  [T-Work-Recog_1] Run work: WorkRecog
I1014 10:48:28.751806  4286 work_recog.hpp:89] Face id: 0 will run recog: bbox [139 x 182 from (285, 106)] quality: 0.475446
I1014 10:48:28.751837  4286 work_recog.hpp:96] Recog pair: [200 x 264 from (256, 64)], [139 x 182 from (29, 42)]
I1014 10:48:28.752358  4287 thread_intergrate.hpp:156] T-Intergrate-intergrate Show face :0, size :640 * 360
I1014 10:48:28.762586  4287 thread_intergrate.hpp:95] T-Intergrate-intergrate Try push queue sorting again 5 vs 5
I1014 10:48:28.769793  4286 work_thread.hpp:81]  [T-Work-Recog_1] Run work: WorkCompare
I1014 10:48:28.769870  4286 work_compare.cpp:76] Compare face: 0 successed, similarity :0.97858, name : images/thanglmb.jpg, normal size : 640 * 360!
I1014 10:48:28.772722  4287 thread_intergrate.hpp:95] T-Intergrate-intergrate Try push queue sorting again 5 vs 5
I1014 10:48:28.782814  4287 thread_intergrate.hpp:95] T-Intergrate-intergrate Try push queue sorting again 5 vs 5
I1014 10:48:28.792917  4287 thread_intergrate.hpp:95] T-Intergrate-intergrate Try push queue sorting again 5 vs 5
I1014 10:48:28.797809  4281 demo_inner.hpp:177] decode queue size 0
I1014 10:48:28.797927  4284 work_thread.hpp:81]  [T-Work-Detect_0] Run work: WorkDetect
I1014 10:48:28.797964  4284 work_detect.cpp:102] Succeeded to add det start for frame 93
I1014 10:48:28.803045  4287 thread_intergrate.hpp:95] T-Intergrate-intergrate Try push queue sorting again 5 vs 5
I1014 10:48:28.804510  4284 work_detect.cpp:70] Frame :93 detect result :1 face(s)
I1014 10:48:28.804533  4284 work_detect.cpp:86] Detected bbox: [143 x 185 from (280, 103)]
I1014 10:48:28.804574  4284 work_detect.cpp:120] Succeeded to add det end for frame 93
I1014 10:48:28.804589  4284 work_thread.hpp:81]  [T-Work-Detect_0] Run work: WrokTrack
I1014 10:48:28.804610  4284 work_track.cpp:82] Frame: 93 build input_characts: [0.223438 x 0.513889 from (0.4375, 0.286111)], 1.00019, 0
I1014 10:48:28.804666  4284 work_track.cpp:102] Succeeded to set track lock for frame 93
I1014 10:48:28.804704  4284 work_track.cpp:116] Succeeded to release track lock for frame 93
I1014 10:48:28.804719  4284 work_track.cpp:120] Track results of frame 93: 1 objects input, 1 objects tracked!
I1014 10:48:28.804736  4284 work_track.cpp:148] Frame: 93, track bbox: [143 x 185 from (281.493, 102.197)], gid: 0, lid: 0
I1014 10:48:28.804774  4284 work_thread.hpp:88]  [T-Work-Detect_0] Frame :93 split
I1014 10:48:28.804790  4284 work_thread.hpp:120]  [T-Work-Detect_0] Valid piece: gid = 0
I1014 10:48:28.804810  4284 work_thread.hpp:92]  [T-Work-Detect_0] Push to split queue:recog
I1014 10:48:28.804850  4286 work_thread.hpp:81]  [T-Work-Recog_1] Run work: WorkCapture
I1014 10:48:28.805507  4286 work_thread.hpp:81]  [T-Work-Recog_1] Run work: WorkRecog
I1014 10:48:28.805546  4286 work_recog.hpp:89] Face id: 0 will run recog: bbox [143 x 185 from (280, 103)] quality: 0.476738
I1014 10:48:28.805573  4286 work_recog.hpp:96] Recog pair: [208 x 264 from (248, 64)], [143 x 185 from (32, 39)]
I1014 10:48:28.813174  4287 thread_intergrate.hpp:95] T-Intergrate-intergrate Try push queue sorting again 5 vs 5
I1014 10:48:28.823284  4287 thread_intergrate.hpp:95] T-Intergrate-intergrate Try push queue sorting again 5 vs 5
I1014 10:48:28.823354  4286 work_thread.hpp:81]  [T-Work-Recog_1] Run work: WorkCompare
I1014 10:48:28.823422  4286 work_compare.cpp:76] Compare face: 0 successed, similarity :0.99065, name : images/thanglmb.jpg, normal size : 640 * 360!
I1014 10:48:28.833381  4287 thread_intergrate.hpp:95] T-Intergrate-intergrate Try push queue sorting again 5 vs 5
I1014 10:48:28.843487  4287 thread_intergrate.hpp:95] T-Intergrate-intergrate Try push queue sorting again 5 vs 5
I1014 10:48:28.845876  4281 demo_inner.hpp:177] decode queue size 0
I1014 10:48:28.845985  4284 work_thread.hpp:81]  [T-Work-Detect_0] Run work: WorkDetect
I1014 10:48:28.846020  4284 work_detect.cpp:102] Succeeded to add det start for frame 94
I1014 10:48:28.852566  4284 work_detect.cpp:70] Frame :94 detect result :1 face(s)
I1014 10:48:28.852596  4284 work_detect.cpp:86] Detected bbox: [123 x 178 from (282, 108)]
I1014 10:48:28.852638  4284 work_detect.cpp:120] Succeeded to add det end for frame 94
I1014 10:48:28.852653  4284 work_thread.hpp:81]  [T-Work-Detect_0] Run work: WrokTrack
I1014 10:48:28.852676  4284 work_track.cpp:82] Frame: 94 build input_characts: [0.192188 x 0.494444 from (0.440625, 0.3)], 1.00019, 0
I1014 10:48:28.852731  4284 work_track.cpp:102] Succeeded to set track lock for frame 94
I1014 10:48:28.852771  4284 work_track.cpp:116] Succeeded to release track lock for frame 94
I1014 10:48:28.852785  4284 work_track.cpp:120] Track results of frame 94: 1 objects input, 1 objects tracked!
I1014 10:48:28.852803  4284 work_track.cpp:148] Frame: 94, track bbox: [123 x 178 from (286.881, 108.03)], gid: 0, lid: 0
I1014 10:48:28.852839  4284 work_thread.hpp:88]  [T-Work-Detect_0] Frame :94 split
I1014 10:48:28.852857  4284 work_thread.hpp:120]  [T-Work-Detect_0] Valid piece: gid = 0
I1014 10:48:28.852875  4284 work_thread.hpp:92]  [T-Work-Detect_0] Push to split queue:recog
I1014 10:48:28.852941  4285 work_thread.hpp:81]  [T-Work-Recog_0] Run work: WorkCapture
I1014 10:48:28.853510  4285 work_thread.hpp:81]  [T-Work-Recog_0] Run work: WorkRecog
I1014 10:48:28.853533  4285 work_recog.hpp:89] Face id: 0 will run recog: bbox [123 x 178 from (282, 108)] quality: 0.471876
I1014 10:48:28.853560  4285 work_recog.hpp:96] Recog pair: [176 x 256 from (256, 72)], [123 x 178 from (26, 36)]
I1014 10:48:28.853610  4287 thread_intergrate.hpp:95] T-Intergrate-intergrate Try push queue sorting again 5 vs 5
I1014 10:48:28.863708  4287 thread_intergrate.hpp:95] T-Intergrate-intergrate Try push queue sorting again 5 vs 5
I1014 10:48:28.871170  4285 work_thread.hpp:81]  [T-Work-Recog_0] Run work: WorkCompare
I1014 10:48:28.871248  4285 work_compare.cpp:76] Compare face: 0 successed, similarity :0.987574, name : images/thanglmb.jpg, normal size : 640 * 360!
I1014 10:48:28.873802  4287 thread_intergrate.hpp:95] T-Intergrate-intergrate Try push queue sorting again 5 vs 5
I1014 10:48:28.883888  4287 thread_intergrate.hpp:95] T-Intergrate-intergrate Try push queue sorting again 5 vs 5
I1014 10:48:28.893875  4281 demo_inner.hpp:177] decode queue size 0
I1014 10:48:28.893988  4284 work_thread.hpp:81]  [T-Work-Detect_0] Run work: WorkDetect
I1014 10:48:28.893990  4287 thread_intergrate.hpp:95] T-Intergrate-intergrate Try push queue sorting again 5 vs 5
I1014 10:48:28.894024  4284 work_detect.cpp:102] Succeeded to add det start for frame 95
I1014 10:48:28.900576  4284 work_detect.cpp:70] Frame :95 detect result :1 face(s)
I1014 10:48:28.900609  4284 work_detect.cpp:86] Detected bbox: [126 x 177 from (278, 108)]
I1014 10:48:28.900650  4284 work_detect.cpp:120] Succeeded to add det end for frame 95
I1014 10:48:28.900666  4284 work_thread.hpp:81]  [T-Work-Detect_0] Run work: WrokTrack
I1014 10:48:28.900689  4284 work_track.cpp:82] Frame: 95 build input_characts: [0.196875 x 0.491667 from (0.434375, 0.3)], 0.999622, 0
I1014 10:48:28.900744  4284 work_track.cpp:102] Succeeded to set track lock for frame 95
I1014 10:48:28.900784  4284 work_track.cpp:116] Succeeded to release track lock for frame 95
I1014 10:48:28.900797  4284 work_track.cpp:120] Track results of frame 95: 1 objects input, 1 objects tracked!
I1014 10:48:28.900815  4284 work_track.cpp:148] Frame: 95, track bbox: [126 x 177 from (279.2, 110.362)], gid: 0, lid: 0
I1014 10:48:28.900925  4284 work_thread.hpp:88]  [T-Work-Detect_0] Frame :95 split
I1014 10:48:28.900945  4284 work_thread.hpp:120]  [T-Work-Detect_0] Valid piece: gid = 0
I1014 10:48:28.900964  4284 work_thread.hpp:92]  [T-Work-Detect_0] Push to split queue:recog
I1014 10:48:28.901021  4285 work_thread.hpp:81]  [T-Work-Recog_0] Run work: WorkCapture
I1014 10:48:28.901657  4285 work_thread.hpp:81]  [T-Work-Recog_0] Run work: WorkRecog
I1014 10:48:28.901681  4285 work_recog.hpp:89] Face id: 0 will run recog: bbox [126 x 177 from (278, 108)] quality: 0.469842
I1014 10:48:28.901710  4285 work_recog.hpp:96] Recog pair: [184 x 248 from (248, 72)], [126 x 177 from (30, 36)]
I1014 10:48:28.904093  4287 thread_intergrate.hpp:95] T-Intergrate-intergrate Try push queue sorting again 5 vs 5
I1014 10:48:28.914185  4287 thread_intergrate.hpp:95] T-Intergrate-intergrate Try push queue sorting again 5 vs 5
I1014 10:48:28.919306  4285 work_thread.hpp:81]  [T-Work-Recog_0] Run work: WorkCompare
I1014 10:48:28.919381  4285 work_compare.cpp:76] Compare face: 0 successed, similarity :0.987151, name : images/thanglmb.jpg, normal size : 640 * 360!
I1014 10:48:28.924273  4287 thread_intergrate.hpp:95] T-Intergrate-intergrate Try push queue sorting again 5 vs 5
I1014 10:48:28.934357  4287 thread_intergrate.hpp:95] T-Intergrate-intergrate Try push queue sorting again 5 vs 5
I1014 10:48:28.939997  4282 demo_inner.hpp:260]  gui queue size 10, state = running
I1014 10:48:28.940431  4283 demo_inner.hpp:435] thread [SORT-0]  frame id 87 sorting queue size 0   FPS: 16.499
I1014 10:48:28.940804  4283 demo_inner.hpp:435] thread [SORT-0]  frame id 88 sorting queue size 1   FPS: 16.8378
I1014 10:48:28.941109  4283 demo_inner.hpp:435] thread [SORT-0]  frame id 89 sorting queue size 2   FPS: 17.198
I1014 10:48:28.941457  4283 demo_inner.hpp:435] thread [SORT-0]  frame id 90 sorting queue size 3   FPS: 17.5439
I1014 10:48:28.941713  4282 demo_inner.hpp:260]  gui queue size 3, state = running
I1014 10:48:28.941727  4283 demo_inner.hpp:435] thread [SORT-0]  frame id 91 sorting queue size 1   FPS: 17.9118
I1014 10:48:28.943297  4282 demo_inner.hpp:260]  gui queue size 0, state = running
I1014 10:48:28.944932  4287 thread_intergrate.hpp:78] [T-Intergrate-intergrate] queue: frame output frame :93
I1014 10:48:28.944963  4287 thread_intergrate.hpp:85] [T-Intergrate-intergrate] queue: compare output face:0
I1014 10:48:28.944983  4287 thread_intergrate.hpp:136] T-Intergrate-intergrate set matched face: 0
I1014 10:48:28.945246  4283 demo_inner.hpp:435] thread [SORT-0]  frame id 92 sorting queue size 0   FPS: 18.3527
I1014 10:48:28.946171  4287 thread_intergrate.hpp:156] T-Intergrate-intergrate Show face :0, size :640 * 360
I1014 10:48:28.946339  4287 thread_intergrate.hpp:78] [T-Intergrate-intergrate] queue: frame output frame :94
I1014 10:48:28.946362  4287 thread_intergrate.hpp:85] [T-Intergrate-intergrate] queue: compare output face:0
I1014 10:48:28.946379  4287 thread_intergrate.hpp:136] T-Intergrate-intergrate set matched face: 0
I1014 10:48:28.946612  4283 demo_inner.hpp:435] thread [SORT-0]  frame id 93 sorting queue size 1   FPS: 18.7129
I1014 10:48:28.947451  4281 demo_inner.hpp:177] decode queue size 0
I1014 10:48:28.947531  4284 work_thread.hpp:81]  [T-Work-Detect_0] Run work: WorkDetect
I1014 10:48:28.947548  4282 demo_inner.hpp:260]  gui queue size 1, state = running
I1014 10:48:28.947533  4287 thread_intergrate.hpp:156] T-Intergrate-intergrate Show face :0, size :640 * 360
I1014 10:48:28.947574  4284 work_detect.cpp:102] Succeeded to add det start for frame 96
I1014 10:48:28.947724  4287 thread_intergrate.hpp:78] [T-Intergrate-intergrate] queue: frame output frame :95
I1014 10:48:28.947748  4287 thread_intergrate.hpp:85] [T-Intergrate-intergrate] queue: compare output face:0
I1014 10:48:28.947767  4287 thread_intergrate.hpp:136] T-Intergrate-intergrate set matched face: 0
I1014 10:48:28.948031  4283 demo_inner.hpp:435] thread [SORT-0]  frame id 94 sorting queue size 0   FPS: 19.1231
I1014 10:48:28.948966  4287 thread_intergrate.hpp:156] T-Intergrate-intergrate Show face :0, size :640 * 360
I1014 10:48:28.949115  4282 demo_inner.hpp:260]  gui queue size 0, state = running
I1014 10:48:28.949579  4283 demo_inner.hpp:435] thread [SORT-0]  frame id 95 sorting queue size 0   FPS: 19.5985
I1014 10:48:28.950800  4282 demo_inner.hpp:260]  gui queue size 0, state = running
I1014 10:48:28.955044  4284 work_detect.cpp:70] Frame :96 detect result :1 face(s)
I1014 10:48:28.955070  4284 work_detect.cpp:86] Detected bbox: [159 x 200 from (267, 86)]
I1014 10:48:28.955111  4284 work_detect.cpp:120] Succeeded to add det end for frame 96
I1014 10:48:28.955127  4284 work_thread.hpp:81]  [T-Work-Detect_0] Run work: WrokTrack
I1014 10:48:28.955148  4284 work_track.cpp:82] Frame: 96 build input_characts: [0.248437 x 0.555556 from (0.417188, 0.238889)], 1.00019, 0
I1014 10:48:28.955199  4284 work_track.cpp:102] Succeeded to set track lock for frame 96
I1014 10:48:28.955238  4284 work_track.cpp:116] Succeeded to release track lock for frame 96
I1014 10:48:28.955253  4284 work_track.cpp:120] Track results of frame 96: 1 objects input, 1 objects tracked!
I1014 10:48:28.955271  4284 work_track.cpp:148] Frame: 96, track bbox: [159 x 200 from (262.583, 91.2934)], gid: 0, lid: 0
I1014 10:48:28.955307  4284 work_thread.hpp:88]  [T-Work-Detect_0] Frame :96 split
I1014 10:48:28.955324  4284 work_thread.hpp:120]  [T-Work-Detect_0] Valid piece: gid = 0
I1014 10:48:28.955343  4284 work_thread.hpp:92]  [T-Work-Detect_0] Push to split queue:recog
I1014 10:48:28.955401  4286 work_thread.hpp:81]  [T-Work-Recog_1] Run work: WorkCapture
I1014 10:48:28.955708  4287 thread_intergrate.hpp:78] [T-Intergrate-intergrate] queue: frame output frame :96
I1014 10:48:28.955734  4287 thread_intergrate.hpp:85] [T-Intergrate-intergrate] queue: compare output face:0
I1014 10:48:28.955752  4287 thread_intergrate.hpp:136] T-Intergrate-intergrate set matched face: 0
I1014 10:48:28.955935  4286 work_thread.hpp:81]  [T-Work-Recog_1] Run work: WorkRecog
I1014 10:48:28.955957  4286 work_recog.hpp:89] Face id: 0 will run recog: bbox [159 x 200 from (267, 86)] quality: 0.482419
I1014 10:48:28.955984  4286 work_recog.hpp:96] Recog pair: [232 x 288 from (232, 40)], [159 x 200 from (35, 46)]
I1014 10:48:28.956925  4287 thread_intergrate.hpp:156] T-Intergrate-intergrate Show face :0, size :640 * 360
I1014 10:48:28.957516  4283 demo_inner.hpp:435] thread [SORT-0]  frame id 96 sorting queue size 0   FPS: 19.9902
I1014 10:48:28.960217  4282 demo_inner.hpp:260]  gui queue size 0, state = running
I1014 10:48:28.973481  4286 work_thread.hpp:81]  [T-Work-Recog_1] Run work: WorkCompare
I1014 10:48:28.973572  4286 work_compare.cpp:76] Compare face: 0 successed, similarity :0.98641, name : images/thanglmb.jpg, normal size : 640 * 360!
I1014 10:48:28.995671  4281 demo_inner.hpp:177] decode queue size 0
I1014 10:48:28.995806  4284 work_thread.hpp:81]  [T-Work-Detect_0] Run work: WorkDetect
I1014 10:48:28.995846  4284 work_detect.cpp:102] Succeeded to add det start for frame 97
I1014 10:48:29.002444  4284 work_detect.cpp:70] Frame :97 detect result :1 face(s)
I1014 10:48:29.002473  4284 work_detect.cpp:86] Detected bbox: [127 x 174 from (276, 110)]
I1014 10:48:29.002513  4284 work_detect.cpp:120] Succeeded to add det end for frame 97
I1014 10:48:29.002529  4284 work_thread.hpp:81]  [T-Work-Detect_0] Run work: WrokTrack
I1014 10:48:29.002553  4284 work_track.cpp:82] Frame: 97 build input_characts: [0.198437 x 0.483333 from (0.43125, 0.305556)], 1.00019, 0
I1014 10:48:29.002609  4284 work_track.cpp:102] Succeeded to set track lock for frame 97
I1014 10:48:29.002647  4284 work_track.cpp:116] Succeeded to release track lock for frame 97
I1014 10:48:29.002661  4284 work_track.cpp:120] Track results of frame 97: 1 objects input, 1 objects tracked!
I1014 10:48:29.002681  4284 work_track.cpp:148] Frame: 97, track bbox: [127 x 174 from (275.999, 105.762)], gid: 0, lid: 0
I1014 10:48:29.002717  4284 work_thread.hpp:88]  [T-Work-Detect_0] Frame :97 split
I1014 10:48:29.002733  4284 work_thread.hpp:120]  [T-Work-Detect_0] Valid piece: gid = 0
I1014 10:48:29.002751  4284 work_thread.hpp:92]  [T-Work-Detect_0] Push to split queue:recog
I1014 10:48:29.002871  4286 work_thread.hpp:81]  [T-Work-Recog_1] Run work: WorkCapture
I1014 10:48:29.003159  4287 thread_intergrate.hpp:78] [T-Intergrate-intergrate] queue: frame output frame :97
I1014 10:48:29.003185  4287 thread_intergrate.hpp:85] [T-Intergrate-intergrate] queue: compare output face:0
I1014 10:48:29.003202  4287 thread_intergrate.hpp:136] T-Intergrate-intergrate set matched face: 0
I1014 10:48:29.003403  4286 work_thread.hpp:81]  [T-Work-Recog_1] Run work: WorkRecog
I1014 10:48:29.003427  4286 work_recog.hpp:89] Face id: 0 will run recog: bbox [127 x 174 from (276, 110)] quality: 0.47159
I1014 10:48:29.003453  4286 work_recog.hpp:96] Recog pair: [184 x 248 from (248, 72)], [127 x 174 from (28, 38)]
I1014 10:48:29.004389  4287 thread_intergrate.hpp:156] T-Intergrate-intergrate Show face :0, size :640 * 360
I1014 10:48:29.004983  4283 demo_inner.hpp:435] thread [SORT-0]  frame id 97 sorting queue size 0   FPS: 19.9902
I1014 10:48:29.005056  4282 demo_inner.hpp:260]  gui queue size 0, state = running
I1014 10:48:29.020673  4286 work_thread.hpp:81]  [T-Work-Recog_1] Run work: WorkCompare
I1014 10:48:29.020762  4286 work_compare.cpp:76] Compare face: 0 successed, similarity :0.977226, name : images/thanglmb.jpg, normal size : 640 * 360!
I1014 10:48:29.043864  4281 demo_inner.hpp:177] decode queue size 0
I1014 10:48:29.043977  4284 work_thread.hpp:81]  [T-Work-Detect_0] Run work: WorkDetect
I1014 10:48:29.044015  4284 work_detect.cpp:102] Succeeded to add det start for frame 98
I1014 10:48:29.050606  4284 work_detect.cpp:70] Frame :98 detect result :1 face(s)
I1014 10:48:29.050634  4284 work_detect.cpp:86] Detected bbox: [158 x 203 from (267, 96)]
I1014 10:48:29.050674  4284 work_detect.cpp:120] Succeeded to add det end for frame 98
I1014 10:48:29.050690  4284 work_thread.hpp:81]  [T-Work-Detect_0] Run work: WrokTrack
I1014 10:48:29.050714  4284 work_track.cpp:82] Frame: 98 build input_characts: [0.246875 x 0.563889 from (0.417188, 0.266667)], 0.999622, 0
I1014 10:48:29.050770  4284 work_track.cpp:102] Succeeded to set track lock for frame 98
I1014 10:48:29.050808  4284 work_track.cpp:116] Succeeded to release track lock for frame 98
I1014 10:48:29.050823  4284 work_track.cpp:120] Track results of frame 98: 1 objects input, 1 objects tracked!
I1014 10:48:29.050842  4284 work_track.cpp:148] Frame: 98, track bbox: [158 x 203 from (263.235, 93.3743)], gid: 0, lid: 0
I1014 10:48:29.050879  4284 work_thread.hpp:88]  [T-Work-Detect_0] Frame :98 split
I1014 10:48:29.050896  4284 work_thread.hpp:120]  [T-Work-Detect_0] Valid piece: gid = 0
I1014 10:48:29.050913  4284 work_thread.hpp:92]  [T-Work-Detect_0] Push to split queue:recog
I1014 10:48:29.050962  4286 work_thread.hpp:81]  [T-Work-Recog_1] Run work: WorkCapture
I1014 10:48:29.051255  4287 thread_intergrate.hpp:78] [T-Intergrate-intergrate] queue: frame output frame :98
I1014 10:48:29.051282  4287 thread_intergrate.hpp:85] [T-Intergrate-intergrate] queue: compare output face:0
I1014 10:48:29.051301  4287 thread_intergrate.hpp:136] T-Intergrate-intergrate set matched face: 0
I1014 10:48:29.051496  4286 work_thread.hpp:81]  [T-Work-Recog_1] Run work: WorkRecog
I1014 10:48:29.051518  4286 work_recog.hpp:89] Face id: 0 will run recog: bbox [158 x 203 from (267, 96)] quality: 0.477174
I1014 10:48:29.051544  4286 work_recog.hpp:96] Recog pair: [224 x 288 from (232, 56)], [158 x 203 from (35, 40)]
I1014 10:48:29.052484  4287 thread_intergrate.hpp:156] T-Intergrate-intergrate Show face :0, size :640 * 360
I1014 10:48:29.053112  4283 demo_inner.hpp:435] thread [SORT-0]  frame id 98 sorting queue size 0   FPS: 20.0489
I1014 10:48:29.053186  4282 demo_inner.hpp:260]  gui queue size 0, state = running
I1014 10:48:29.068938  4286 work_thread.hpp:81]  [T-Work-Recog_1] Run work: WorkCompare
I1014 10:48:29.069031  4286 work_compare.cpp:76] Compare face: 0 successed, similarity :0.986945, name : images/thanglmb.jpg, normal size : 640 * 360!
I1014 10:48:29.097370  4281 demo_inner.hpp:177] decode queue size 0
I1014 10:48:29.097555  4284 work_thread.hpp:81]  [T-Work-Detect_0] Run work: WorkDetect
I1014 10:48:29.097594  4284 work_detect.cpp:102] Succeeded to add det start for frame 99
I1014 10:48:29.104295  4284 work_detect.cpp:70] Frame :99 detect result :1 face(s)
I1014 10:48:29.104329  4284 work_detect.cpp:86] Detected bbox: [127 x 175 from (276, 110)]
I1014 10:48:29.104369  4284 work_detect.cpp:120] Succeeded to add det end for frame 99
I1014 10:48:29.104385  4284 work_thread.hpp:81]  [T-Work-Detect_0] Run work: WrokTrack
I1014 10:48:29.104409  4284 work_track.cpp:82] Frame: 99 build input_characts: [0.198437 x 0.486111 from (0.43125, 0.305556)], 0.999622, 0
I1014 10:48:29.104465  4284 work_track.cpp:102] Succeeded to set track lock for frame 99
I1014 10:48:29.104503  4284 work_track.cpp:116] Succeeded to release track lock for frame 99
I1014 10:48:29.104518  4284 work_track.cpp:120] Track results of frame 99: 1 objects input, 1 objects tracked!
I1014 10:48:29.104537  4284 work_track.cpp:148] Frame: 99, track bbox: [127 x 175 from (278.325, 108.929)], gid: 0, lid: 0
I1014 10:48:29.104573  4284 work_thread.hpp:88]  [T-Work-Detect_0] Frame :99 split
I1014 10:48:29.104590  4284 work_thread.hpp:120]  [T-Work-Detect_0] Valid piece: gid = 0
I1014 10:48:29.104607  4284 work_thread.hpp:92]  [T-Work-Detect_0] Push to split queue:recog
I1014 10:48:29.104650  4286 work_thread.hpp:81]  [T-Work-Recog_1] Run work: WorkCapture
I1014 10:48:29.104936  4287 thread_intergrate.hpp:78] [T-Intergrate-intergrate] queue: frame output frame :99
I1014 10:48:29.104964  4287 thread_intergrate.hpp:85] [T-Intergrate-intergrate] queue: compare output face:0
I1014 10:48:29.104981  4287 thread_intergrate.hpp:136] T-Intergrate-intergrate set matched face: 0
I1014 10:48:29.105180  4286 work_thread.hpp:81]  [T-Work-Recog_1] Run work: WorkRecog
I1014 10:48:29.105203  4286 work_recog.hpp:89] Face id: 0 will run recog: bbox [127 x 175 from (276, 110)] quality: 0.46766
I1014 10:48:29.105231  4286 work_recog.hpp:96] Recog pair: [184 x 248 from (248, 72)], [127 x 175 from (28, 38)]
I1014 10:48:29.106145  4287 thread_intergrate.hpp:156] T-Intergrate-intergrate Show face :0, size :640 * 360
I1014 10:48:29.106725  4283 demo_inner.hpp:435] thread [SORT-0]  frame id 99 sorting queue size 0   FPS: 19.9902
I1014 10:48:29.106798  4282 demo_inner.hpp:260]  gui queue size 0, state = running
I1014 10:48:29.122449  4286 work_thread.hpp:81]  [T-Work-Recog_1] Run work: WorkCompare
I1014 10:48:29.122537  4286 work_compare.cpp:76] Compare face: 0 successed, similarity :0.989025, name : images/thanglmb.jpg, normal size : 640 * 360!
I1014 10:48:29.145357  4281 demo_inner.hpp:177] decode queue size 0
I1014 10:48:29.145454  4284 work_thread.hpp:81]  [T-Work-Detect_0] Run work: WorkDetect
I1014 10:48:29.145489  4284 work_detect.cpp:102] Succeeded to add det start for frame 100
I1014 10:48:29.152070  4284 work_detect.cpp:70] Frame :100 detect result :1 face(s)
I1014 10:48:29.152101  4284 work_detect.cpp:86] Detected bbox: [129 x 177 from (275, 109)]
I1014 10:48:29.152140  4284 work_detect.cpp:120] Succeeded to add det end for frame 100
I1014 10:48:29.152173  4284 work_thread.hpp:81]  [T-Work-Detect_0] Run work: WrokTrack
I1014 10:48:29.152197  4284 work_track.cpp:82] Frame: 100 build input_characts: [0.201562 x 0.491667 from (0.429688, 0.302778)], 1.00019, 0
I1014 10:48:29.152253  4284 work_track.cpp:102] Succeeded to set track lock for frame 100
I1014 10:48:29.152293  4284 work_track.cpp:116] Succeeded to release track lock for frame 100
I1014 10:48:29.152308  4284 work_track.cpp:120] Track results of frame 100: 1 objects input, 1 objects tracked!
I1014 10:48:29.152326  4284 work_track.cpp:148] Frame: 100, track bbox: [129 x 177 from (275.925, 109.696)], gid: 0, lid: 0
I1014 10:48:29.152361  4284 work_thread.hpp:88]  [T-Work-Detect_0] Frame :100 split
I1014 10:48:29.152379  4284 work_thread.hpp:120]  [T-Work-Detect_0] Valid piece: gid = 0
I1014 10:48:29.152397  4284 work_thread.hpp:92]  [T-Work-Detect_0] Push to split queue:recog
I1014 10:48:29.152448  4286 work_thread.hpp:81]  [T-Work-Recog_1] Run work: WorkCapture
I1014 10:48:29.152822  4287 thread_intergrate.hpp:78] [T-Intergrate-intergrate] queue: frame output frame :100
I1014 10:48:29.152849  4287 thread_intergrate.hpp:85] [T-Intergrate-intergrate] queue: compare output face:0
I1014 10:48:29.152868  4287 thread_intergrate.hpp:136] T-Intergrate-intergrate set matched face: 0
I1014 10:48:29.153067  4286 work_thread.hpp:81]  [T-Work-Recog_1] Run work: WorkRecog
I1014 10:48:29.153090  4286 work_recog.hpp:89] Face id: 0 will run recog: bbox [129 x 177 from (275, 109)] quality: 0.465021
I1014 10:48:29.153117  4286 work_recog.hpp:96] Recog pair: [184 x 256 from (248, 72)], [129 x 177 from (27, 37)]
I1014 10:48:29.154026  4287 thread_intergrate.hpp:156] T-Intergrate-intergrate Show face :0, size :640 * 360
I1014 10:48:29.154616  4283 demo_inner.hpp:435] thread [SORT-0]  frame id 100 sorting queue size 0   FPS: 19.9902
I1014 10:48:29.154691  4282 demo_inner.hpp:260]  gui queue size 0, state = running
I1014 10:48:29.170552  4286 work_thread.hpp:81]  [T-Work-Recog_1] Run work: WorkCompare
I1014 10:48:29.170670  4286 work_compare.cpp:76] Compare face: 0 successed, similarity :0.98626, name : images/thanglmb.jpg, normal size : 640 * 360!
I1014 10:48:29.193529  4281 demo_inner.hpp:177] decode queue size 0
I1014 10:48:29.193629  4284 work_thread.hpp:81]  [T-Work-Detect_0] Run work: WorkDetect
I1014 10:48:29.193665  4284 work_detect.cpp:102] Succeeded to add det start for frame 101
I1014 10:48:29.200269  4284 work_detect.cpp:70] Frame :101 detect result :1 face(s)
I1014 10:48:29.200304  4284 work_detect.cpp:86] Detected bbox: [159 x 206 from (266, 93)]
I1014 10:48:29.200345  4284 work_detect.cpp:120] Succeeded to add det end for frame 101
I1014 10:48:29.200361  4284 work_thread.hpp:81]  [T-Work-Detect_0] Run work: WrokTrack
I1014 10:48:29.200387  4284 work_track.cpp:82] Frame: 101 build input_characts: [0.248437 x 0.572222 from (0.415625, 0.258333)], 1.00019, 0
I1014 10:48:29.200441  4284 work_track.cpp:102] Succeeded to set track lock for frame 101
I1014 10:48:29.200481  4284 work_track.cpp:116] Succeeded to release track lock for frame 101
I1014 10:48:29.200496  4284 work_track.cpp:120] Track results of frame 101: 1 objects input, 1 objects tracked!
I1014 10:48:29.200513  4284 work_track.cpp:148] Frame: 101, track bbox: [159 x 206 from (262.41, 95.9142)], gid: 0, lid: 0
I1014 10:48:29.200551  4284 work_thread.hpp:88]  [T-Work-Detect_0] Frame :101 split
I1014 10:48:29.200567  4284 work_thread.hpp:120]  [T-Work-Detect_0] Valid piece: gid = 0
I1014 10:48:29.200585  4284 work_thread.hpp:92]  [T-Work-Detect_0] Push to split queue:recog
I1014 10:48:29.200634  4286 work_thread.hpp:81]  [T-Work-Recog_1] Run work: WorkCapture
I1014 10:48:29.200927  4287 thread_intergrate.hpp:78] [T-Intergrate-intergrate] queue: frame output frame :101
I1014 10:48:29.200954  4287 thread_intergrate.hpp:85] [T-Intergrate-intergrate] queue: compare output face:0
I1014 10:48:29.200971  4287 thread_intergrate.hpp:136] T-Intergrate-intergrate set matched face: 0
I1014 10:48:29.201170  4286 work_thread.hpp:81]  [T-Work-Recog_1] Run work: WorkRecog
I1014 10:48:29.201192  4286 work_recog.hpp:89] Face id: 0 will run recog: bbox [159 x 206 from (266, 93)] quality: 0.477174
I1014 10:48:29.201218  4286 work_recog.hpp:96] Recog pair: [224 x 296 from (232, 48)], [159 x 206 from (34, 45)]
I1014 10:48:29.204288  4287 thread_intergrate.hpp:156] T-Intergrate-intergrate Show face :0, size :640 * 360
I1014 10:48:29.204875  4283 demo_inner.hpp:435] thread [SORT-0]  frame id 101 sorting queue size 0   FPS: 20.0195
I1014 10:48:29.204946  4282 demo_inner.hpp:260]  gui queue size 0, state = running
I1014 10:48:29.218786  4286 work_thread.hpp:81]  [T-Work-Recog_1] Run work: WorkCompare
I1014 10:48:29.218899  4286 work_compare.cpp:76] Compare face: 0 successed, similarity :0.989319, name : images/thanglmb.jpg, normal size : 640 * 360!
I1014 10:48:29.247421  4281 demo_inner.hpp:177] decode queue size 0
I1014 10:48:29.247525  4284 work_thread.hpp:81]  [T-Work-Detect_0] Run work: WorkDetect
I1014 10:48:29.247565  4284 work_detect.cpp:102] Succeeded to add det start for frame 102
I1014 10:48:29.254266  4284 work_detect.cpp:70] Frame :102 detect result :1 face(s)
I1014 10:48:29.254309  4284 work_detect.cpp:86] Detected bbox: [143 x 188 from (266, 92)]
I1014 10:48:29.254351  4284 work_detect.cpp:120] Succeeded to add det end for frame 102
I1014 10:48:29.254369  4284 work_thread.hpp:81]  [T-Work-Detect_0] Run work: WrokTrack
I1014 10:48:29.254395  4284 work_track.cpp:82] Frame: 102 build input_characts: [0.223438 x 0.522222 from (0.415625, 0.255556)], 0.999622, 0
I1014 10:48:29.254451  4284 work_track.cpp:102] Succeeded to set track lock for frame 102
I1014 10:48:29.254490  4284 work_track.cpp:116] Succeeded to release track lock for frame 102
I1014 10:48:29.254505  4284 work_track.cpp:120] Track results of frame 102: 1 objects input, 1 objects tracked!
I1014 10:48:29.254523  4284 work_track.cpp:148] Frame: 102, track bbox: [143 x 188 from (268.914, 96.9926)], gid: 0, lid: 0
I1014 10:48:29.254559  4284 work_thread.hpp:88]  [T-Work-Detect_0] Frame :102 split
I1014 10:48:29.254578  4284 work_thread.hpp:120]  [T-Work-Detect_0] Valid piece: gid = 0
I1014 10:48:29.254595  4284 work_thread.hpp:92]  [T-Work-Detect_0] Push to split queue:recog
I1014 10:48:29.254639  4286 work_thread.hpp:81]  [T-Work-Recog_1] Run work: WorkCapture
I1014 10:48:29.254652  4287 thread_intergrate.hpp:78] [T-Intergrate-intergrate] queue: frame output frame :102
I1014 10:48:29.254676  4287 thread_intergrate.hpp:85] [T-Intergrate-intergrate] queue: compare output face:0
I1014 10:48:29.254695  4287 thread_intergrate.hpp:136] T-Intergrate-intergrate set matched face: 0
I1014 10:48:29.255194  4286 work_thread.hpp:81]  [T-Work-Recog_1] Run work: WorkRecog
I1014 10:48:29.255218  4286 work_recog.hpp:89] Face id: 0 will run recog: bbox [143 x 188 from (266, 92)] quality: 0.479997
I1014 10:48:29.255250  4286 work_recog.hpp:96] Recog pair: [208 x 272 from (232, 48)], [143 x 188 from (34, 44)]
I1014 10:48:29.255854  4287 thread_intergrate.hpp:156] T-Intergrate-intergrate Show face :0, size :640 * 360
I1014 10:48:29.256435  4283 demo_inner.hpp:435] thread [SORT-0]  frame id 102 sorting queue size 0   FPS: 19.9805
I1014 10:48:29.256497  4282 demo_inner.hpp:260]  gui queue size 0, state = running
I1014 10:48:29.273531  4286 work_thread.hpp:81]  [T-Work-Recog_1] Run work: WorkCompare
I1014 10:48:29.273644  4286 work_compare.cpp:76] Compare face: 0 successed, similarity :0.989278, name : images/thanglmb.jpg, normal size : 640 * 360!
I1014 10:48:29.295496  4281 demo_inner.hpp:177] decode queue size 0
I1014 10:48:29.295593  4284 work_thread.hpp:81]  [T-Work-Detect_0] Run work: WorkDetect
I1014 10:48:29.295629  4284 work_detect.cpp:102] Succeeded to add det start for frame 103
I1014 10:48:29.302165  4284 work_detect.cpp:70] Frame :103 detect result :1 face(s)
I1014 10:48:29.302201  4284 work_detect.cpp:86] Detected bbox: [145 x 188 from (264, 93)]
I1014 10:48:29.302242  4284 work_detect.cpp:120] Succeeded to add det end for frame 103
I1014 10:48:29.302258  4284 work_thread.hpp:81]  [T-Work-Detect_0] Run work: WrokTrack
I1014 10:48:29.302282  4284 work_track.cpp:82] Frame: 103 build input_characts: [0.226562 x 0.522222 from (0.4125, 0.258333)], 0.999622, 0
I1014 10:48:29.302337  4284 work_track.cpp:102] Succeeded to set track lock for frame 103
I1014 10:48:29.302377  4284 work_track.cpp:116] Succeeded to release track lock for frame 103
I1014 10:48:29.302392  4284 work_track.cpp:120] Track results of frame 103: 1 objects input, 1 objects tracked!
I1014 10:48:29.302410  4284 work_track.cpp:148] Frame: 103, track bbox: [145 x 188 from (264.843, 93.2659)], gid: 0, lid: 0
I1014 10:48:29.302446  4284 work_thread.hpp:88]  [T-Work-Detect_0] Frame :103 split
I1014 10:48:29.302464  4284 work_thread.hpp:120]  [T-Work-Detect_0] Valid piece: gid = 0
I1014 10:48:29.302482  4284 work_thread.hpp:92]  [T-Work-Detect_0] Push to split queue:recog
I1014 10:48:29.302528  4286 work_thread.hpp:81]  [T-Work-Recog_1] Run work: WorkCapture
I1014 10:48:29.302543  4287 thread_intergrate.hpp:78] [T-Intergrate-intergrate] queue: frame output frame :103
I1014 10:48:29.302655  4287 thread_intergrate.hpp:85] [T-Intergrate-intergrate] queue: compare output face:0
I1014 10:48:29.302675  4287 thread_intergrate.hpp:136] T-Intergrate-intergrate set matched face: 0
I1014 10:48:29.303089  4286 work_thread.hpp:81]  [T-Work-Recog_1] Run work: WorkRecog
I1014 10:48:29.303113  4286 work_recog.hpp:89] Face id: 0 will run recog: bbox [145 x 188 from (264, 93)] quality: 0.478277
I1014 10:48:29.303143  4286 work_recog.hpp:96] Recog pair: [208 x 264 from (232, 56)], [145 x 188 from (32, 37)]
I1014 10:48:29.303836  4287 thread_intergrate.hpp:156] T-Intergrate-intergrate Show face :0, size :640 * 360
I1014 10:48:29.304422  4283 demo_inner.hpp:435] thread [SORT-0]  frame id 103 sorting queue size 0   FPS: 19.9805
I1014 10:48:29.304498  4282 demo_inner.hpp:260]  gui queue size 0, state = running
I1014 10:48:29.320844  4286 work_thread.hpp:81]  [T-Work-Recog_1] Run work: WorkCompare
I1014 10:48:29.320958  4286 work_compare.cpp:76] Compare face: 0 successed, similarity :0.987734, name : images/thanglmb.jpg, normal size : 640 * 360!
I1014 10:48:29.343555  4281 demo_inner.hpp:177] decode queue size 0
I1014 10:48:29.343659  4284 work_thread.hpp:81]  [T-Work-Detect_0] Run work: WorkDetect
I1014 10:48:29.343694  4284 work_detect.cpp:102] Succeeded to add det start for frame 104
I1014 10:48:29.350345  4284 work_detect.cpp:70] Frame :104 detect result :1 face(s)
I1014 10:48:29.350385  4284 work_detect.cpp:86] Detected bbox: [126 x 174 from (276, 112)]
I1014 10:48:29.350427  4284 work_detect.cpp:120] Succeeded to add det end for frame 104
I1014 10:48:29.350445  4284 work_thread.hpp:81]  [T-Work-Detect_0] Run work: WrokTrack
I1014 10:48:29.350468  4284 work_track.cpp:82] Frame: 104 build input_characts: [0.196875 x 0.483333 from (0.43125, 0.311111)], 1.00019, 0
I1014 10:48:29.350523  4284 work_track.cpp:102] Succeeded to set track lock for frame 104
I1014 10:48:29.350564  4284 work_track.cpp:116] Succeeded to release track lock for frame 104
I1014 10:48:29.350577  4284 work_track.cpp:120] Track results of frame 104: 1 objects input, 1 objects tracked!
I1014 10:48:29.350596  4284 work_track.cpp:148] Frame: 104, track bbox: [126 x 174 from (275.206, 104.411)], gid: 0, lid: 0
I1014 10:48:29.350632  4284 work_thread.hpp:88]  [T-Work-Detect_0] Frame :104 split
I1014 10:48:29.350651  4284 work_thread.hpp:120]  [T-Work-Detect_0] Valid piece: gid = 0
I1014 10:48:29.350668  4284 work_thread.hpp:92]  [T-Work-Detect_0] Push to split queue:recog
I1014 10:48:29.350718  4286 work_thread.hpp:81]  [T-Work-Recog_1] Run work: WorkCapture
I1014 10:48:29.350733  4287 thread_intergrate.hpp:78] [T-Intergrate-intergrate] queue: frame output frame :104
I1014 10:48:29.350757  4287 thread_intergrate.hpp:85] [T-Intergrate-intergrate] queue: compare output face:0
I1014 10:48:29.350775  4287 thread_intergrate.hpp:136] T-Intergrate-intergrate set matched face: 0
I1014 10:48:29.351282  4286 work_thread.hpp:81]  [T-Work-Recog_1] Run work: WorkRecog
I1014 10:48:29.351308  4286 work_recog.hpp:89] Face id: 0 will run recog: bbox [126 x 174 from (276, 112)] quality: 0.458253
I1014 10:48:29.351337  4286 work_recog.hpp:96] Recog pair: [184 x 248 from (248, 72)], [126 x 174 from (28, 40)]
I1014 10:48:29.351938  4287 thread_intergrate.hpp:156] T-Intergrate-intergrate Show face :0, size :640 * 360
I1014 10:48:29.352562  4283 demo_inner.hpp:435] thread [SORT-0]  frame id 104 sorting queue size 0   FPS: 20.0489
I1014 10:48:29.352640  4282 demo_inner.hpp:260]  gui queue size 0, state = running
I1014 10:48:29.368927  4286 work_thread.hpp:81]  [T-Work-Recog_1] Run work: WorkCompare
I1014 10:48:29.369035  4286 work_compare.cpp:76] Compare face: 0 successed, similarity :0.984859, name : images/thanglmb.jpg, normal size : 640 * 360!
I1014 10:48:29.397429  4281 demo_inner.hpp:177] decode queue size 0
I1014 10:48:29.397534  4284 work_thread.hpp:81]  [T-Work-Detect_0] Run work: WorkDetect
I1014 10:48:29.397568  4284 work_detect.cpp:102] Succeeded to add det start for frame 105
I1014 10:48:29.404274  4284 work_detect.cpp:70] Frame :105 detect result :1 face(s)
I1014 10:48:29.404390  4284 work_detect.cpp:86] Detected bbox: [147 x 195 from (263, 90)]
I1014 10:48:29.404434  4284 work_detect.cpp:120] Succeeded to add det end for frame 105
I1014 10:48:29.404450  4284 work_thread.hpp:81]  [T-Work-Detect_0] Run work: WrokTrack
I1014 10:48:29.404474  4284 work_track.cpp:82] Frame: 105 build input_characts: [0.229687 x 0.541667 from (0.410937, 0.25)], 1.00035, 0
I1014 10:48:29.404531  4284 work_track.cpp:102] Succeeded to set track lock for frame 105
I1014 10:48:29.404570  4284 work_track.cpp:116] Succeeded to release track lock for frame 105
I1014 10:48:29.404585  4284 work_track.cpp:120] Track results of frame 105: 1 objects input, 1 objects tracked!
I1014 10:48:29.404603  4284 work_track.cpp:148] Frame: 105, track bbox: [147 x 195 from (263.04, 91.8142)], gid: 0, lid: 0
I1014 10:48:29.404640  4284 work_thread.hpp:88]  [T-Work-Detect_0] Frame :105 split
I1014 10:48:29.404657  4284 work_thread.hpp:120]  [T-Work-Detect_0] Valid piece: gid = 0
I1014 10:48:29.404676  4284 work_thread.hpp:92]  [T-Work-Detect_0] Push to split queue:recog
I1014 10:48:29.404717  4286 work_thread.hpp:81]  [T-Work-Recog_1] Run work: WorkCapture
I1014 10:48:29.404726  4287 thread_intergrate.hpp:78] [T-Intergrate-intergrate] queue: frame output frame :105
I1014 10:48:29.404750  4287 thread_intergrate.hpp:85] [T-Intergrate-intergrate] queue: compare output face:0
I1014 10:48:29.404768  4287 thread_intergrate.hpp:136] T-Intergrate-intergrate set matched face: 0
I1014 10:48:29.405289  4286 work_thread.hpp:81]  [T-Work-Recog_1] Run work: WorkRecog
I1014 10:48:29.405313  4286 work_recog.hpp:89] Face id: 0 will run recog: bbox [147 x 195 from (263, 90)] quality: 0.484207
I1014 10:48:29.405344  4286 work_recog.hpp:96] Recog pair: [208 x 280 from (232, 48)], [147 x 195 from (31, 42)]
I1014 10:48:29.405936  4287 thread_intergrate.hpp:156] T-Intergrate-intergrate Show face :0, size :640 * 360
I1014 10:48:29.406530  4283 demo_inner.hpp:435] thread [SORT-0]  frame id 105 sorting queue size 0   FPS: 19.9805
I1014 10:48:29.406606  4282 demo_inner.hpp:260]  gui queue size 0, state = running
I1014 10:48:29.423053  4286 work_thread.hpp:81]  [T-Work-Recog_1] Run work: WorkCompare
I1014 10:48:29.423159  4286 work_compare.cpp:76] Compare face: 0 successed, similarity :0.978927, name : images/thanglmb.jpg, normal size : 640 * 360!
I1014 10:48:29.445505  4281 demo_inner.hpp:177] decode queue size 0
I1014 10:48:29.445607  4284 work_thread.hpp:81]  [T-Work-Detect_0] Run work: WorkDetect
I1014 10:48:29.445643  4284 work_detect.cpp:102] Succeeded to add det start for frame 106
I1014 10:48:29.452280  4284 work_detect.cpp:70] Frame :106 detect result :1 face(s)
I1014 10:48:29.452322  4284 work_detect.cpp:86] Detected bbox: [147 x 194 from (262, 92)]
I1014 10:48:29.452366  4284 work_detect.cpp:120] Succeeded to add det end for frame 106
I1014 10:48:29.452383  4284 work_thread.hpp:81]  [T-Work-Detect_0] Run work: WrokTrack
I1014 10:48:29.452409  4284 work_track.cpp:82] Frame: 106 build input_characts: [0.229687 x 0.538889 from (0.409375, 0.255556)], 1.00019, 0
I1014 10:48:29.452463  4284 work_track.cpp:102] Succeeded to set track lock for frame 106
I1014 10:48:29.452502  4284 work_track.cpp:116] Succeeded to release track lock for frame 106
I1014 10:48:29.452517  4284 work_track.cpp:120] Track results of frame 106: 1 objects input, 1 objects tracked!
I1014 10:48:29.452535  4284 work_track.cpp:148] Frame: 106, track bbox: [147 x 194 from (261.323, 92.4152)], gid: 0, lid: 0
I1014 10:48:29.452571  4284 work_thread.hpp:88]  [T-Work-Detect_0] Frame :106 split
I1014 10:48:29.452589  4284 work_thread.hpp:120]  [T-Work-Detect_0] Valid piece: gid = 0
I1014 10:48:29.452607  4284 work_thread.hpp:92]  [T-Work-Detect_0] Push to split queue:recog
I1014 10:48:29.452653  4286 work_thread.hpp:81]  [T-Work-Recog_1] Run work: WorkCapture
I1014 10:48:29.452666  4287 thread_intergrate.hpp:78] [T-Intergrate-intergrate] queue: frame output frame :106
I1014 10:48:29.452689  4287 thread_intergrate.hpp:85] [T-Intergrate-intergrate] queue: compare output face:0
I1014 10:48:29.452783  4287 thread_intergrate.hpp:136] T-Intergrate-intergrate set matched face: 0
I1014 10:48:29.453233  4286 work_thread.hpp:81]  [T-Work-Recog_1] Run work: WorkRecog
I1014 10:48:29.453258  4286 work_recog.hpp:89] Face id: 0 will run recog: bbox [147 x 194 from (262, 92)] quality: 0.48258
I1014 10:48:29.453289  4286 work_recog.hpp:96] Recog pair: [208 x 280 from (232, 48)], [147 x 194 from (30, 44)]
I1014 10:48:29.453959  4287 thread_intergrate.hpp:156] T-Intergrate-intergrate Show face :0, size :640 * 360
I1014 10:48:29.454537  4283 demo_inner.hpp:435] thread [SORT-0]  frame id 106 sorting queue size 0   FPS: 19.9805
I1014 10:48:29.454609  4282 demo_inner.hpp:260]  gui queue size 0, state = running
I1014 10:48:29.471051  4286 work_thread.hpp:81]  [T-Work-Recog_1] Run work: WorkCompare
I1014 10:48:29.471158  4286 work_compare.cpp:76] Compare face: 0 successed, similarity :0.987338, name : images/thanglmb.jpg, normal size : 640 * 360!
I1014 10:48:29.493738  4281 demo_inner.hpp:177] decode queue size 0
I1014 10:48:29.493928  4284 work_thread.hpp:81]  [T-Work-Detect_0] Run work: WorkDetect
I1014 10:48:29.493978  4284 work_detect.cpp:102] Succeeded to add det start for frame 107
I1014 10:48:29.501844  4284 work_detect.cpp:70] Frame :107 detect result :1 face(s)
I1014 10:48:29.501905  4284 work_detect.cpp:86] Detected bbox: [133 x 180 from (269, 109)]
I1014 10:48:29.501948  4284 work_detect.cpp:120] Succeeded to add det end for frame 107
I1014 10:48:29.501965  4284 work_thread.hpp:81]  [T-Work-Detect_0] Run work: WrokTrack
I1014 10:48:29.501991  4284 work_track.cpp:82] Frame: 107 build input_characts: [0.207813 x 0.5 from (0.420312, 0.302778)], 0.999622, 0
I1014 10:48:29.502071  4284 work_track.cpp:102] Succeeded to set track lock for frame 107
I1014 10:48:29.502111  4284 work_track.cpp:116] Succeeded to release track lock for frame 107
I1014 10:48:29.502126  4284 work_track.cpp:120] Track results of frame 107: 1 objects input, 1 objects tracked!
I1014 10:48:29.502312  4284 work_track.cpp:148] Frame: 107, track bbox: [133 x 180 from (269.156, 105.496)], gid: 0, lid: 0
I1014 10:48:29.502351  4284 work_thread.hpp:88]  [T-Work-Detect_0] Frame :107 split
I1014 10:48:29.502369  4284 work_thread.hpp:120]  [T-Work-Detect_0] Valid piece: gid = 0
I1014 10:48:29.502396  4284 work_thread.hpp:92]  [T-Work-Detect_0] Push to split queue:recog
I1014 10:48:29.502452  4285 work_thread.hpp:81]  [T-Work-Recog_0] Run work: WorkCapture
I1014 10:48:29.502465  4287 thread_intergrate.hpp:78] [T-Intergrate-intergrate] queue: frame output frame :107
I1014 10:48:29.502491  4287 thread_intergrate.hpp:85] [T-Intergrate-intergrate] queue: compare output face:0
I1014 10:48:29.502532  4287 thread_intergrate.hpp:136] T-Intergrate-intergrate set matched face: 0
I1014 10:48:29.503021  4285 work_thread.hpp:81]  [T-Work-Recog_0] Run work: WorkRecog
I1014 10:48:29.503046  4285 work_recog.hpp:89] Face id: 0 will run recog: bbox [133 x 180 from (269, 109)] quality: 0.46718
I1014 10:48:29.503074  4285 work_recog.hpp:96] Recog pair: [192 x 256 from (240, 72)], [133 x 180 from (29, 37)]
I1014 10:48:29.503854  4287 thread_intergrate.hpp:156] T-Intergrate-intergrate Show face :0, size :640 * 360
I1014 10:48:29.504463  4283 demo_inner.hpp:435] thread [SORT-0]  frame id 107 sorting queue size 0   FPS: 20.0195
I1014 10:48:29.504539  4282 demo_inner.hpp:260]  gui queue size 0, state = running
I1014 10:48:29.520666  4285 work_thread.hpp:81]  [T-Work-Recog_0] Run work: WorkCompare
I1014 10:48:29.520778  4285 work_compare.cpp:76] Compare face: 0 successed, similarity :0.987518, name : images/thanglmb.jpg, normal size : 640 * 360!
I1014 10:48:29.547488  4281 demo_inner.hpp:177] decode queue size 0
I1014 10:48:29.547616  4284 work_thread.hpp:81]  [T-Work-Detect_0] Run work: WorkDetect
I1014 10:48:29.547653  4284 work_detect.cpp:102] Succeeded to add det start for frame 108
I1014 10:48:29.555100  4284 work_detect.cpp:70] Frame :108 detect result :1 face(s)
I1014 10:48:29.555150  4284 work_detect.cpp:86] Detected bbox: [132 x 180 from (267, 109)]
I1014 10:48:29.555290  4284 work_detect.cpp:120] Succeeded to add det end for frame 108
I1014 10:48:29.555316  4284 work_thread.hpp:81]  [T-Work-Detect_0] Run work: WrokTrack
I1014 10:48:29.555342  4284 work_track.cpp:82] Frame: 108 build input_characts: [0.20625 x 0.5 from (0.417188, 0.302778)], 0.999622, 0
I1014 10:48:29.555397  4284 work_track.cpp:102] Succeeded to set track lock for frame 108
I1014 10:48:29.555444  4284 work_track.cpp:116] Succeeded to release track lock for frame 108
I1014 10:48:29.555459  4284 work_track.cpp:120] Track results of frame 108: 1 objects input, 1 objects tracked!
I1014 10:48:29.555495  4284 work_track.cpp:148] Frame: 108, track bbox: [132 x 180 from (267.936, 107.8)], gid: 0, lid: 0
I1014 10:48:29.555531  4284 work_thread.hpp:88]  [T-Work-Detect_0] Frame :108 split
I1014 10:48:29.555557  4284 work_thread.hpp:120]  [T-Work-Detect_0] Valid piece: gid = 0
I1014 10:48:29.555575  4284 work_thread.hpp:92]  [T-Work-Detect_0] Push to split queue:recog
I1014 10:48:29.555671  4285 work_thread.hpp:81]  [T-Work-Recog_0] Run work: WorkCapture
I1014 10:48:29.555687  4287 thread_intergrate.hpp:78] [T-Intergrate-intergrate] queue: frame output frame :108
I1014 10:48:29.555729  4287 thread_intergrate.hpp:85] [T-Intergrate-intergrate] queue: compare output face:0
I1014 10:48:29.555749  4287 thread_intergrate.hpp:136] T-Intergrate-intergrate set matched face: 0
I1014 10:48:29.556234  4285 work_thread.hpp:81]  [T-Work-Recog_0] Run work: WorkRecog
I1014 10:48:29.556258  4285 work_recog.hpp:89] Face id: 0 will run recog: bbox [132 x 180 from (267, 109)] quality: 0.473796
I1014 10:48:29.556286  4285 work_recog.hpp:96] Recog pair: [192 x 256 from (240, 72)], [132 x 180 from (27, 37)]
I1014 10:48:29.557184  4287 thread_intergrate.hpp:156] T-Intergrate-intergrate Show face :0, size :640 * 360
I1014 10:48:29.557740  4283 demo_inner.hpp:435] thread [SORT-0]  frame id 108 sorting queue size 0   FPS: 19.9708
I1014 10:48:29.573637  4285 work_thread.hpp:81]  [T-Work-Recog_0] Run work: WorkCompare
I1014 10:48:29.573741  4285 work_compare.cpp:76] Compare face: 0 successed, similarity :0.984373, name : images/thanglmb.jpg, normal size : 640 * 360!
I1014 10:48:29.595913  4281 demo_inner.hpp:177] decode queue size 0
I1014 10:48:29.596041  4284 work_thread.hpp:81]  [T-Work-Detect_0] Run work: WorkDetect
I1014 10:48:29.596079  4284 work_detect.cpp:102] Succeeded to add det start for frame 109
I1014 10:48:29.602640  4284 work_detect.cpp:70] Frame :109 detect result :1 face(s)
I1014 10:48:29.602689  4284 work_detect.cpp:86] Detected bbox: [148 x 195 from (258, 93)]
I1014 10:48:29.602731  4284 work_detect.cpp:120] Succeeded to add det end for frame 109
I1014 10:48:29.602748  4284 work_thread.hpp:81]  [T-Work-Detect_0] Run work: WrokTrack
