I1014 16:29:47.285262 10062 demo_inner.hpp:435] thread [SORT-0]  frame id 36 sorting queue size 0   FPS: 19.9886
I1014 16:29:47.285336 10061 demo_inner.hpp:260]  gui queue size 0, state = running
I1014 16:29:47.302493 10064 work_thread.hpp:81]  [T-Work-Recog_0] Run work: WorkCompare
I1014 16:29:47.302959 10064 work_compare.cpp:76] Compare face: 0 successed, similarity :0.998096, name : images/ThangLMb.jpg, normal size : 1548 * 1719!
I1014 16:29:47.323618 10060 demo_inner.hpp:177] decode queue size 0
I1014 16:29:47.323717 10063 work_thread.hpp:81]  [T-Work-Detect_0] Run work: WorkDetect
I1014 16:29:47.323755 10063 work_detect.cpp:102] Succeeded to add det start for frame 37
I1014 16:29:47.330418 10063 work_detect.cpp:70] Frame :37 detect result :1 face(s)
I1014 16:29:47.330462 10063 work_detect.cpp:86] Detected bbox: [160 x 204 from (244, 89)]
I1014 16:29:47.330505 10063 work_detect.cpp:120] Succeeded to add det end for frame 37
I1014 16:29:47.330520 10063 work_thread.hpp:81]  [T-Work-Detect_0] Run work: WrokTrack
I1014 16:29:47.330545 10063 work_track.cpp:82] Frame: 37 build input_characts: [0.25 x 0.566667 from (0.38125, 0.247222)], 1.00019, 0
I1014 16:29:47.330601 10063 work_track.cpp:102] Succeeded to set track lock for frame 37
I1014 16:29:47.330641 10063 work_track.cpp:116] Succeeded to release track lock for frame 37
I1014 16:29:47.330654 10063 work_track.cpp:120] Track results of frame 37: 1 objects input, 1 objects tracked!
I1014 16:29:47.330672 10063 work_track.cpp:148] Frame: 37, track bbox: [160 x 204 from (240.339, 84.5657)], gid: 0, lid: 0
I1014 16:29:47.330708 10063 work_thread.hpp:87]  [T-Work-Detect_0] Frame :37 split
I1014 16:29:47.330724 10063 work_thread.hpp:120]  [T-Work-Detect_0] Valid piece: gid = 0
I1014 16:29:47.330741 10063 work_thread.hpp:91]  [T-Work-Detect_0] Push to split queue:recog
I1014 16:29:47.330794 10065 work_thread.hpp:81]  [T-Work-Recog_1] Run work: WorkCapture
I1014 16:29:47.331096 10066 thread_intergrate.hpp:78] [T-Intergrate-intergrate] queue: frame output frame :37
I1014 16:29:47.331121 10066 thread_intergrate.hpp:85] [T-Intergrate-intergrate] queue: compare output face:0
I1014 16:29:47.331140 10066 thread_intergrate.hpp:144] T-Intergrate-intergrate set matched face: 0
I1014 16:29:47.332394 10065 work_thread.hpp:81]  [T-Work-Recog_1] Run work: WorkRecog
I1014 16:29:47.332428 10065 work_recog.hpp:89] Face id: 0 will run recog: bbox [160 x 204 from (244, 89)] quality: 0.471512
I1014 16:29:47.332466 10065 work_recog.hpp:96] Recog pair: [232 x 288 from (208, 48)], [160 x 204 from (36, 41)]
I1014 16:29:47.332602 10066 thread_intergrate.hpp:188] T-Intergrate-intergrate Show face :0, size :640 * 360
I1014 16:29:47.333061 10062 demo_inner.hpp:435] thread [SORT-0]  frame id 37 sorting queue size 0   FPS: 20.0111
I1014 16:29:47.335682 10061 demo_inner.hpp:260]  gui queue size 0, state = running
I1014 16:29:47.349982 10065 work_thread.hpp:81]  [T-Work-Recog_1] Run work: WorkCompare
I1014 16:29:47.350445 10065 work_compare.cpp:76] Compare face: 0 successed, similarity :0.997019, name : images/ThangLMb.jpg, normal size : 1548 * 1719!
I1014 16:29:47.371690 10060 demo_inner.hpp:177] decode queue size 0
I1014 16:29:47.371798 10063 work_thread.hpp:81]  [T-Work-Detect_0] Run work: WorkDetect
I1014 16:29:47.371835 10063 work_detect.cpp:102] Succeeded to add det start for frame 38
I1014 16:29:47.378531 10063 work_detect.cpp:70] Frame :38 detect result :1 face(s)
I1014 16:29:47.378578 10063 work_detect.cpp:86] Detected bbox: [147 x 200 from (250, 74)]
I1014 16:29:47.378620 10063 work_detect.cpp:120] Succeeded to add det end for frame 38
I1014 16:29:47.378636 10063 work_thread.hpp:81]  [T-Work-Detect_0] Run work: WrokTrack
I1014 16:29:47.378660 10063 work_track.cpp:82] Frame: 38 build input_characts: [0.229687 x 0.555556 from (0.390625, 0.205556)], 1.00019, 0
I1014 16:29:47.378715 10063 work_track.cpp:102] Succeeded to set track lock for frame 38
I1014 16:29:47.378753 10063 work_track.cpp:116] Succeeded to release track lock for frame 38
I1014 16:29:47.378767 10063 work_track.cpp:120] Track results of frame 38: 1 objects input, 1 objects tracked!
I1014 16:29:47.378785 10063 work_track.cpp:148] Frame: 38, track bbox: [147 x 200 from (247.881, 80.6901)], gid: 0, lid: 0
I1014 16:29:47.378821 10063 work_thread.hpp:87]  [T-Work-Detect_0] Frame :38 split
I1014 16:29:47.378839 10063 work_thread.hpp:120]  [T-Work-Detect_0] Valid piece: gid = 0
I1014 16:29:47.378856 10063 work_thread.hpp:91]  [T-Work-Detect_0] Push to split queue:recog
I1014 16:29:47.378895 10065 work_thread.hpp:81]  [T-Work-Recog_1] Run work: WorkCapture
I1014 16:29:47.378911 10066 thread_intergrate.hpp:78] [T-Intergrate-intergrate] queue: frame output frame :38
I1014 16:29:47.378937 10066 thread_intergrate.hpp:85] [T-Intergrate-intergrate] queue: compare output face:0
I1014 16:29:47.378953 10066 thread_intergrate.hpp:144] T-Intergrate-intergrate set matched face: 0
I1014 16:29:47.379462 10065 work_thread.hpp:81]  [T-Work-Recog_1] Run work: WorkRecog
I1014 16:29:47.379487 10065 work_recog.hpp:89] Face id: 0 will run recog: bbox [147 x 200 from (250, 74)] quality: 0.469842
I1014 16:29:47.379514 10065 work_recog.hpp:96] Recog pair: [216 x 288 from (216, 32)], [147 x 200 from (34, 42)]
I1014 16:29:47.380456 10066 thread_intergrate.hpp:188] T-Intergrate-intergrate Show face :0, size :640 * 360
I1014 16:29:47.381047 10062 demo_inner.hpp:435] thread [SORT-0]  frame id 38 sorting queue size 0   FPS: 20.0325
I1014 16:29:47.397270 10065 work_thread.hpp:81]  [T-Work-Recog_1] Run work: WorkCompare
I1014 16:29:47.397730 10065 work_compare.cpp:76] Compare face: 0 successed, similarity :0.994227, name : images/ThangLMb.jpg, normal size : 1548 * 1719!
I1014 16:29:47.407881 10061 demo_inner.hpp:260]  gui queue size 0, state = running
I1014 16:29:47.425599 10060 demo_inner.hpp:177] decode queue size 0
I1014 16:29:47.425698 10063 work_thread.hpp:81]  [T-Work-Detect_0] Run work: WorkDetect
I1014 16:29:47.425738 10063 work_detect.cpp:102] Succeeded to add det start for frame 39
I1014 16:29:47.432373 10063 work_detect.cpp:70] Frame :39 detect result :1 face(s)
I1014 16:29:47.432411 10063 work_detect.cpp:86] Detected bbox: [150 x 204 from (249, 72)]
I1014 16:29:47.432453 10063 work_detect.cpp:120] Succeeded to add det end for frame 39
I1014 16:29:47.432468 10063 work_thread.hpp:81]  [T-Work-Detect_0] Run work: WrokTrack
I1014 16:29:47.432492 10063 work_track.cpp:82] Frame: 39 build input_characts: [0.234375 x 0.566667 from (0.389062, 0.2)], 1.00008, 0
I1014 16:29:47.432544 10063 work_track.cpp:102] Succeeded to set track lock for frame 39
I1014 16:29:47.432584 10063 work_track.cpp:116] Succeeded to release track lock for frame 39
I1014 16:29:47.432597 10063 work_track.cpp:120] Track results of frame 39: 1 objects input, 1 objects tracked!
I1014 16:29:47.432615 10063 work_track.cpp:148] Frame: 39, track bbox: [150 x 204 from (247.906, 72.9382)], gid: 0, lid: 0
I1014 16:29:47.432725 10063 work_thread.hpp:87]  [T-Work-Detect_0] Frame :39 split
I1014 16:29:47.432744 10063 work_thread.hpp:120]  [T-Work-Detect_0] Valid piece: gid = 0
I1014 16:29:47.432762 10063 work_thread.hpp:91]  [T-Work-Detect_0] Push to split queue:recog
I1014 16:29:47.432814 10064 work_thread.hpp:81]  [T-Work-Recog_0] Run work: WorkCapture
I1014 16:29:47.433117 10066 thread_intergrate.hpp:78] [T-Intergrate-intergrate] queue: frame output frame :39
I1014 16:29:47.433142 10066 thread_intergrate.hpp:85] [T-Intergrate-intergrate] queue: compare output face:0
I1014 16:29:47.433161 10066 thread_intergrate.hpp:144] T-Intergrate-intergrate set matched face: 0
I1014 16:29:47.434514 10064 work_thread.hpp:81]  [T-Work-Recog_0] Run work: WorkRecog
I1014 16:29:47.434581 10064 work_recog.hpp:89] Face id: 0 will run recog: bbox [150 x 204 from (249, 72)] quality: 0.482066
I1014 16:29:47.434619 10064 work_recog.hpp:96] Recog pair: [216 x 288 from (216, 32)], [150 x 204 from (33, 40)]
I1014 16:29:47.434650 10066 thread_intergrate.hpp:188] T-Intergrate-intergrate Show face :0, size :640 * 360
I1014 16:29:47.435178 10062 demo_inner.hpp:435] thread [SORT-0]  frame id 39 sorting queue size 0   FPS: 19.9895
I1014 16:29:47.452550 10064 work_thread.hpp:81]  [T-Work-Recog_0] Run work: WorkCompare
I1014 16:29:47.453074 10064 work_compare.cpp:76] Compare face: 0 successed, similarity :0.996134, name : images/ThangLMb.jpg, normal size : 1548 * 1719!
I1014 16:29:47.474136 10060 demo_inner.hpp:177] decode queue size 0
I1014 16:29:47.474263 10063 work_thread.hpp:81]  [T-Work-Detect_0] Run work: WorkDetect
I1014 16:29:47.474301 10063 work_detect.cpp:102] Succeeded to add det start for frame 40
I1014 16:29:47.480955 10063 work_detect.cpp:70] Frame :40 detect result :1 face(s)
I1014 16:29:47.480999 10063 work_detect.cpp:86] Detected bbox: [149 x 199 from (247, 77)]
I1014 16:29:47.481041 10063 work_detect.cpp:120] Succeeded to add det end for frame 40
I1014 16:29:47.481057 10063 work_thread.hpp:81]  [T-Work-Detect_0] Run work: WrokTrack
I1014 16:29:47.481081 10063 work_track.cpp:82] Frame: 40 build input_characts: [0.232812 x 0.552778 from (0.385938, 0.213889)], 0.999622, 0
I1014 16:29:47.481135 10063 work_track.cpp:102] Succeeded to set track lock for frame 40
I1014 16:29:47.481174 10063 work_track.cpp:116] Succeeded to release track lock for frame 40
I1014 16:29:47.481189 10063 work_track.cpp:120] Track results of frame 40: 1 objects input, 1 objects tracked!
I1014 16:29:47.481207 10063 work_track.cpp:148] Frame: 40, track bbox: [149 x 199 from (248.484, 76.5141)], gid: 0, lid: 0
I1014 16:29:47.481242 10063 work_thread.hpp:87]  [T-Work-Detect_0] Frame :40 split
I1014 16:29:47.481261 10063 work_thread.hpp:120]  [T-Work-Detect_0] Valid piece: gid = 0
I1014 16:29:47.481277 10063 work_thread.hpp:91]  [T-Work-Detect_0] Push to split queue:recog
I1014 16:29:47.481333 10066 thread_intergrate.hpp:78] [T-Intergrate-intergrate] queue: frame output frame :40
I1014 16:29:47.481334 10064 work_thread.hpp:81]  [T-Work-Recog_0] Run work: WorkCapture
I1014 16:29:47.481364 10066 thread_intergrate.hpp:85] [T-Intergrate-intergrate] queue: compare output face:0
I1014 16:29:47.481384 10066 thread_intergrate.hpp:144] T-Intergrate-intergrate set matched face: 0
I1014 16:29:47.482059 10064 work_thread.hpp:81]  [T-Work-Recog_0] Run work: WorkRecog
I1014 16:29:47.482084 10064 work_recog.hpp:89] Face id: 0 will run recog: bbox [149 x 199 from (247, 77)] quality: 0.464109
I1014 16:29:47.482117 10064 work_recog.hpp:96] Recog pair: [216 x 288 from (216, 32)], [149 x 199 from (31, 45)]
I1014 16:29:47.482851 10066 thread_intergrate.hpp:188] T-Intergrate-intergrate Show face :0, size :640 * 360
I1014 16:29:47.483383 10062 demo_inner.hpp:435] thread [SORT-0]  frame id 40 sorting queue size 1   FPS: 20.0103
I1014 16:29:47.491713 10061 demo_inner.hpp:260]  gui queue size 1, state = running
I1014 16:29:47.500380 10064 work_thread.hpp:81]  [T-Work-Recog_0] Run work: WorkCompare
I1014 16:29:47.500895 10064 work_compare.cpp:76] Compare face: 0 successed, similarity :0.99626, name : images/ThangLMb.jpg, normal size : 1548 * 1719!
I1014 16:29:47.521764 10060 demo_inner.hpp:177] decode queue size 0
I1014 16:29:47.521868 10063 work_thread.hpp:81]  [T-Work-Detect_0] Run work: WorkDetect
I1014 16:29:47.521926 10063 work_detect.cpp:102] Succeeded to add det start for frame 41
I1014 16:29:47.529435 10063 work_detect.cpp:70] Frame :41 detect result :1 face(s)
I1014 16:29:47.529475 10063 work_detect.cpp:86] Detected bbox: [152 x 207 from (246, 71)]
I1014 16:29:47.529518 10063 work_detect.cpp:120] Succeeded to add det end for frame 41
I1014 16:29:47.529542 10063 work_thread.hpp:81]  [T-Work-Detect_0] Run work: WrokTrack
I1014 16:29:47.529567 10063 work_track.cpp:82] Frame: 41 build input_characts: [0.2375 x 0.575 from (0.384375, 0.197222)], 1.00019, 0
I1014 16:29:47.529621 10063 work_track.cpp:102] Succeeded to set track lock for frame 41
I1014 16:29:47.529734 10063 work_track.cpp:116] Succeeded to release track lock for frame 41
I1014 16:29:47.529748 10063 work_track.cpp:120] Track results of frame 41: 1 objects input, 1 objects tracked!
I1014 16:29:47.529767 10063 work_track.cpp:148] Frame: 41, track bbox: [152 x 207 from (247.571, 70.2495)], gid: 0, lid: 0
I1014 16:29:47.529809 10063 work_thread.hpp:87]  [T-Work-Detect_0] Frame :41 split
I1014 16:29:47.529827 10063 work_thread.hpp:120]  [T-Work-Detect_0] Valid piece: gid = 0
I1014 16:29:47.529845 10063 work_thread.hpp:91]  [T-Work-Detect_0] Push to split queue:recog
I1014 16:29:47.529902 10064 work_thread.hpp:81]  [T-Work-Recog_0] Run work: WorkCapture
I1014 16:29:47.530328 10066 thread_intergrate.hpp:78] [T-Intergrate-intergrate] queue: frame output frame :41
I1014 16:29:47.530357 10066 thread_intergrate.hpp:85] [T-Intergrate-intergrate] queue: compare output face:0
I1014 16:29:47.530375 10066 thread_intergrate.hpp:144] T-Intergrate-intergrate set matched face: 0
I1014 16:29:47.532049 10064 work_thread.hpp:81]  [T-Work-Recog_0] Run work: WorkRecog
I1014 16:29:47.532052 10066 thread_intergrate.hpp:188] T-Intergrate-intergrate Show face :0, size :640 * 360
I1014 16:29:47.532088 10064 work_recog.hpp:89] Face id: 0 will run recog: bbox [152 x 207 from (246, 71)] quality: 0.476722
I1014 16:29:47.532128 10064 work_recog.hpp:96] Recog pair: [216 x 296 from (216, 24)], [152 x 207 from (30, 47)]
I1014 16:29:47.533336 10062 demo_inner.hpp:435] thread [SORT-0]  frame id 41 sorting queue size 0   FPS: 20.01
I1014 16:29:47.549875 10064 work_thread.hpp:81]  [T-Work-Recog_0] Run work: WorkCompare
I1014 16:29:47.550335 10064 work_compare.cpp:76] Compare face: 0 successed, similarity :0.997176, name : images/ThangLMb.jpg, normal size : 1548 * 1719!
I1014 16:29:47.553313 10061 demo_inner.hpp:260]  gui queue size 0, state = running
I1014 16:29:47.575595 10060 demo_inner.hpp:177] decode queue size 0
I1014 16:29:47.575724 10063 work_thread.hpp:81]  [T-Work-Detect_0] Run work: WorkDetect
I1014 16:29:47.575762 10063 work_detect.cpp:102] Succeeded to add det start for frame 42
I1014 16:29:47.583003 10063 work_detect.cpp:70] Frame :42 detect result :1 face(s)
I1014 16:29:47.583055 10063 work_detect.cpp:86] Detected bbox: [161 x 201 from (241, 90)]
I1014 16:29:47.583114 10063 work_detect.cpp:120] Succeeded to add det end for frame 42
I1014 16:29:47.583130 10063 work_thread.hpp:81]  [T-Work-Detect_0] Run work: WrokTrack
I1014 16:29:47.583155 10063 work_track.cpp:82] Frame: 42 build input_characts: [0.251563 x 0.558333 from (0.376563, 0.25)], 1.00019, 0
I1014 16:29:47.583218 10063 work_track.cpp:102] Succeeded to set track lock for frame 42
I1014 16:29:47.583258 10063 work_track.cpp:116] Succeeded to release track lock for frame 42
I1014 16:29:47.583273 10063 work_track.cpp:120] Track results of frame 42: 1 objects input, 1 objects tracked!
I1014 16:29:47.583298 10063 work_track.cpp:148] Frame: 42, track bbox: [161 x 201 from (240.864, 79.6827)], gid: 0, lid: 0
I1014 16:29:47.583355 10063 work_thread.hpp:87]  [T-Work-Detect_0] Frame :42 split
I1014 16:29:47.583374 10063 work_thread.hpp:120]  [T-Work-Detect_0] Valid piece: gid = 0
I1014 16:29:47.583470 10063 work_thread.hpp:91]  [T-Work-Detect_0] Push to split queue:recog
I1014 16:29:47.583514 10065 work_thread.hpp:81]  [T-Work-Recog_1] Run work: WorkCapture
I1014 16:29:47.583523 10066 thread_intergrate.hpp:78] [T-Intergrate-intergrate] queue: frame output frame :42
I1014 16:29:47.583572 10066 thread_intergrate.hpp:85] [T-Intergrate-intergrate] queue: compare output face:0
I1014 16:29:47.583593 10066 thread_intergrate.hpp:144] T-Intergrate-intergrate set matched face: 0
I1014 16:29:47.584090 10065 work_thread.hpp:81]  [T-Work-Recog_1] Run work: WorkRecog
I1014 16:29:47.584115 10065 work_recog.hpp:89] Face id: 0 will run recog: bbox [161 x 201 from (241, 90)] quality: 0.475482
I1014 16:29:47.584143 10065 work_recog.hpp:96] Recog pair: [232 x 288 from (208, 48)], [161 x 201 from (33, 42)]
I1014 16:29:47.585366 10066 thread_intergrate.hpp:188] T-Intergrate-intergrate Show face :0, size :640 * 360
I1014 16:29:47.585937 10062 demo_inner.hpp:435] thread [SORT-0]  frame id 42 sorting queue size 0   FPS: 19.9805
I1014 16:29:47.601678 10065 work_thread.hpp:81]  [T-Work-Recog_1] Run work: WorkCompare
I1014 16:29:47.602139 10065 work_compare.cpp:76] Compare face: 0 successed, similarity :0.997368, name : images/ThangLMb.jpg, normal size : 1548 * 1719!
I1014 16:29:47.623687 10060 demo_inner.hpp:177] decode queue size 0
I1014 16:29:47.623788 10063 work_thread.hpp:81]  [T-Work-Detect_0] Run work: WorkDetect
I1014 16:29:47.623823 10063 work_detect.cpp:102] Succeeded to add det start for frame 43
I1014 16:29:47.630445 10063 work_detect.cpp:70] Frame :43 detect result :1 face(s)
I1014 16:29:47.630483 10063 work_detect.cpp:86] Detected bbox: [156 x 208 from (242, 69)]
I1014 16:29:47.630525 10063 work_detect.cpp:120] Succeeded to add det end for frame 43
I1014 16:29:47.630542 10063 work_thread.hpp:81]  [T-Work-Detect_0] Run work: WrokTrack
I1014 16:29:47.630565 10063 work_track.cpp:82] Frame: 43 build input_characts: [0.24375 x 0.577778 from (0.378125, 0.191667)], 0.999622, 0
I1014 16:29:47.630620 10063 work_track.cpp:102] Succeeded to set track lock for frame 43
I1014 16:29:47.630658 10063 work_track.cpp:116] Succeeded to release track lock for frame 43
I1014 16:29:47.630672 10063 work_track.cpp:120] Track results of frame 43: 1 objects input, 1 objects tracked!
I1014 16:29:47.630690 10063 work_track.cpp:148] Frame: 43, track bbox: [156 x 208 from (242.34, 76.1142)], gid: 0, lid: 0
I1014 16:29:47.630726 10063 work_thread.hpp:87]  [T-Work-Detect_0] Frame :43 split
I1014 16:29:47.630743 10063 work_thread.hpp:120]  [T-Work-Detect_0] Valid piece: gid = 0
I1014 16:29:47.630761 10063 work_thread.hpp:91]  [T-Work-Detect_0] Push to split queue:recog
I1014 16:29:47.630805 10064 work_thread.hpp:81]  [T-Work-Recog_0] Run work: WorkCapture
I1014 16:29:47.630811 10066 thread_intergrate.hpp:78] [T-Intergrate-intergrate] queue: frame output frame :43
I1014 16:29:47.630839 10066 thread_intergrate.hpp:85] [T-Intergrate-intergrate] queue: compare output face:0
I1014 16:29:47.630858 10066 thread_intergrate.hpp:144] T-Intergrate-intergrate set matched face: 0
I1014 16:29:47.631371 10064 work_thread.hpp:81]  [T-Work-Recog_0] Run work: WorkRecog
I1014 16:29:47.631397 10064 work_recog.hpp:89] Face id: 0 will run recog: bbox [156 x 208 from (242, 69)] quality: 0.469855
I1014 16:29:47.631428 10064 work_recog.hpp:96] Recog pair: [224 x 296 from (208, 24)], [156 x 208 from (34, 45)]
I1014 16:29:47.633195 10066 thread_intergrate.hpp:188] T-Intergrate-intergrate Show face :0, size :640 * 360
I1014 16:29:47.633874 10062 demo_inner.hpp:435] thread [SORT-0]  frame id 43 sorting queue size 1   FPS: 19.9805
I1014 16:29:47.634598 10061 demo_inner.hpp:260]  gui queue size 1, state = running
I1014 16:29:47.649739 10064 work_thread.hpp:81]  [T-Work-Recog_0] Run work: WorkCompare
I1014 16:29:47.650368 10064 work_compare.cpp:76] Compare face: 0 successed, similarity :0.995207, name : images/ThangLMb.jpg, normal size : 1548 * 1719!
I1014 16:29:47.671742 10060 demo_inner.hpp:177] decode queue size 0
I1014 16:29:47.671840 10063 work_thread.hpp:81]  [T-Work-Detect_0] Run work: WorkDetect
I1014 16:29:47.671947 10063 work_detect.cpp:102] Succeeded to add det start for frame 44
I1014 16:29:47.678653 10063 work_detect.cpp:70] Frame :44 detect result :1 face(s)
I1014 16:29:47.678692 10063 work_detect.cpp:86] Detected bbox: [158 x 214 from (241, 68)]
I1014 16:29:47.678735 10063 work_detect.cpp:120] Succeeded to add det end for frame 44
I1014 16:29:47.678751 10063 work_thread.hpp:81]  [T-Work-Detect_0] Run work: WrokTrack
I1014 16:29:47.678776 10063 work_track.cpp:82] Frame: 44 build input_characts: [0.246875 x 0.594444 from (0.376563, 0.188889)], 1.00019, 0
I1014 16:29:47.678831 10063 work_track.cpp:102] Succeeded to set track lock for frame 44
I1014 16:29:47.678870 10063 work_track.cpp:116] Succeeded to release track lock for frame 44
I1014 16:29:47.678884 10063 work_track.cpp:120] Track results of frame 44: 1 objects input, 1 objects tracked!
I1014 16:29:47.678902 10063 work_track.cpp:148] Frame: 44, track bbox: [158 x 214 from (240.717, 71.0195)], gid: 0, lid: 0
I1014 16:29:47.678937 10063 work_thread.hpp:87]  [T-Work-Detect_0] Frame :44 split
I1014 16:29:47.678954 10063 work_thread.hpp:120]  [T-Work-Detect_0] Valid piece: gid = 0
I1014 16:29:47.678972 10063 work_thread.hpp:91]  [T-Work-Detect_0] Push to split queue:recog
I1014 16:29:47.679029 10064 work_thread.hpp:81]  [T-Work-Recog_0] Run work: WorkCapture
I1014 16:29:47.679035 10066 thread_intergrate.hpp:78] [T-Intergrate-intergrate] queue: frame output frame :44
I1014 16:29:47.679060 10066 thread_intergrate.hpp:85] [T-Intergrate-intergrate] queue: compare output face:0
I1014 16:29:47.679080 10066 thread_intergrate.hpp:144] T-Intergrate-intergrate set matched face: 0
I1014 16:29:47.679703 10064 work_thread.hpp:81]  [T-Work-Recog_0] Run work: WorkRecog
I1014 16:29:47.679728 10064 work_recog.hpp:89] Face id: 0 will run recog: bbox [158 x 214 from (241, 68)] quality: 0.480645
I1014 16:29:47.679767 10064 work_recog.hpp:96] Recog pair: [224 x 304 from (208, 24)], [158 x 214 from (33, 44)]
I1014 16:29:47.680580 10066 thread_intergrate.hpp:188] T-Intergrate-intergrate Show face :0, size :640 * 360
I1014 16:29:47.681160 10062 demo_inner.hpp:435] thread [SORT-0]  frame id 44 sorting queue size 0   FPS: 20.0489
I1014 16:29:47.697830 10064 work_thread.hpp:81]  [T-Work-Recog_0] Run work: WorkCompare
I1014 16:29:47.698544 10064 work_compare.cpp:76] Compare face: 0 successed, similarity :0.997472, name : images/ThangLMb.jpg, normal size : 1548 * 1719!
I1014 16:29:47.725535 10060 demo_inner.hpp:177] decode queue size 0
I1014 16:29:47.725638 10063 work_thread.hpp:81]  [T-Work-Detect_0] Run work: WorkDetect
I1014 16:29:47.725673 10063 work_detect.cpp:102] Succeeded to add det start for frame 45
I1014 16:29:47.731786 10061 demo_inner.hpp:260]  gui queue size 0, state = running
I1014 16:29:47.732302 10063 work_detect.cpp:70] Frame :45 detect result :1 face(s)
I1014 16:29:47.732336 10063 work_detect.cpp:86] Detected bbox: [160 x 215 from (240, 67)]
I1014 16:29:47.732378 10063 work_detect.cpp:120] Succeeded to add det end for frame 45
I1014 16:29:47.732394 10063 work_thread.hpp:81]  [T-Work-Detect_0] Run work: WrokTrack
I1014 16:29:47.732417 10063 work_track.cpp:82] Frame: 45 build input_characts: [0.25 x 0.597222 from (0.375, 0.186111)], 1.00019, 0
I1014 16:29:47.732471 10063 work_track.cpp:102] Succeeded to set track lock for frame 45
I1014 16:29:47.732512 10063 work_track.cpp:116] Succeeded to release track lock for frame 45
I1014 16:29:47.732527 10063 work_track.cpp:120] Track results of frame 45: 1 objects input, 1 objects tracked!
I1014 16:29:47.732544 10063 work_track.cpp:148] Frame: 45, track bbox: [160 x 215 from (239.769, 67.9727)], gid: 0, lid: 0
I1014 16:29:47.732580 10063 work_thread.hpp:87]  [T-Work-Detect_0] Frame :45 split
I1014 16:29:47.732597 10063 work_thread.hpp:120]  [T-Work-Detect_0] Valid piece: gid = 0
I1014 16:29:47.732615 10063 work_thread.hpp:91]  [T-Work-Detect_0] Push to split queue:recog
I1014 16:29:47.732681 10065 work_thread.hpp:81]  [T-Work-Recog_1] Run work: WorkCapture
I1014 16:29:47.733002 10066 thread_intergrate.hpp:78] [T-Intergrate-intergrate] queue: frame output frame :45
I1014 16:29:47.733150 10066 thread_intergrate.hpp:85] [T-Intergrate-intergrate] queue: compare output face:0
I1014 16:29:47.733171 10066 thread_intergrate.hpp:144] T-Intergrate-intergrate set matched face: 0
I1014 16:29:47.734769 10066 thread_intergrate.hpp:188] T-Intergrate-intergrate Show face :0, size :640 * 360
I1014 16:29:47.734778 10065 work_thread.hpp:81]  [T-Work-Recog_1] Run work: WorkRecog
I1014 16:29:47.734838 10065 work_recog.hpp:89] Face id: 0 will run recog: bbox [160 x 215 from (240, 67)] quality: 0.481497
I1014 16:29:47.734880 10065 work_recog.hpp:96] Recog pair: [224 x 304 from (208, 24)], [160 x 215 from (32, 43)]
I1014 16:29:47.735383 10062 demo_inner.hpp:435] thread [SORT-0]  frame id 45 sorting queue size 0   FPS: 19.9902
I1014 16:29:47.752276 10065 work_thread.hpp:81]  [T-Work-Recog_1] Run work: WorkCompare
I1014 16:29:47.752893 10065 work_compare.cpp:76] Compare face: 0 successed, similarity :0.997885, name : images/ThangLMb.jpg, normal size : 1548 * 1719!
I1014 16:29:47.773666 10060 demo_inner.hpp:177] decode queue size 0
I1014 16:29:47.773763 10063 work_thread.hpp:81]  [T-Work-Detect_0] Run work: WorkDetect
I1014 16:29:47.773798 10063 work_detect.cpp:102] Succeeded to add det start for frame 46
I1014 16:29:47.780483 10063 work_detect.cpp:70] Frame :46 detect result :1 face(s)
I1014 16:29:47.780524 10063 work_detect.cpp:86] Detected bbox: [163 x 217 from (239, 69)]
I1014 16:29:47.780566 10063 work_detect.cpp:120] Succeeded to add det end for frame 46
I1014 16:29:47.780582 10063 work_thread.hpp:81]  [T-Work-Detect_0] Run work: WrokTrack
I1014 16:29:47.780607 10063 work_track.cpp:82] Frame: 46 build input_characts: [0.254687 x 0.602778 from (0.373437, 0.191667)], 0.999885, 0
I1014 16:29:47.780661 10063 work_track.cpp:102] Succeeded to set track lock for frame 46
I1014 16:29:47.780700 10063 work_track.cpp:116] Succeeded to release track lock for frame 46
I1014 16:29:47.780715 10063 work_track.cpp:120] Track results of frame 46: 1 objects input, 1 objects tracked!
I1014 16:29:47.780732 10063 work_track.cpp:148] Frame: 46, track bbox: [163 x 217 from (238.266, 66.7728)], gid: 0, lid: 0
I1014 16:29:47.780767 10063 work_thread.hpp:87]  [T-Work-Detect_0] Frame :46 split
I1014 16:29:47.780786 10063 work_thread.hpp:120]  [T-Work-Detect_0] Valid piece: gid = 0
I1014 16:29:47.780803 10063 work_thread.hpp:91]  [T-Work-Detect_0] Push to split queue:recog
I1014 16:29:47.780840 10065 work_thread.hpp:81]  [T-Work-Recog_1] Run work: WorkCapture
I1014 16:29:47.780856 10066 thread_intergrate.hpp:78] [T-Intergrate-intergrate] queue: frame output frame :46
I1014 16:29:47.780881 10066 thread_intergrate.hpp:85] [T-Intergrate-intergrate] queue: compare output face:0
I1014 16:29:47.780900 10066 thread_intergrate.hpp:144] T-Intergrate-intergrate set matched face: 0
I1014 16:29:47.781402 10065 work_thread.hpp:81]  [T-Work-Recog_1] Run work: WorkRecog
I1014 16:29:47.781426 10065 work_recog.hpp:89] Face id: 0 will run recog: bbox [163 x 217 from (239, 69)] quality: 0.479149
I1014 16:29:47.781456 10065 work_recog.hpp:96] Recog pair: [240 x 312 from (200, 24)], [163 x 217 from (39, 45)]
I1014 16:29:47.782375 10066 thread_intergrate.hpp:188] T-Intergrate-intergrate Show face :0, size :640 * 360
I1014 16:29:47.782949 10062 demo_inner.hpp:435] thread [SORT-0]  frame id 46 sorting queue size 1   FPS: 19.9902
I1014 16:29:47.798885 10065 work_thread.hpp:81]  [T-Work-Recog_1] Run work: WorkCompare
I1014 16:29:47.799350 10065 work_compare.cpp:76] Compare face: 0 successed, similarity :0.996409, name : images/ThangLMb.jpg, normal size : 1548 * 1719!
I1014 16:29:47.800092 10061 demo_inner.hpp:260]  gui queue size 1, state = running
I1014 16:29:47.821739 10060 demo_inner.hpp:177] decode queue size 0
I1014 16:29:47.821848 10063 work_thread.hpp:81]  [T-Work-Detect_0] Run work: WorkDetect
I1014 16:29:47.821885 10063 work_detect.cpp:102] Succeeded to add det start for frame 47
I1014 16:29:47.828583 10063 work_detect.cpp:70] Frame :47 detect result :1 face(s)
I1014 16:29:47.828693 10063 work_detect.cpp:86] Detected bbox: [163 x 215 from (238, 72)]
I1014 16:29:47.828737 10063 work_detect.cpp:120] Succeeded to add det end for frame 47
I1014 16:29:47.828754 10063 work_thread.hpp:81]  [T-Work-Detect_0] Run work: WrokTrack
I1014 16:29:47.828778 10063 work_track.cpp:82] Frame: 47 build input_characts: [0.254687 x 0.597222 from (0.371875, 0.2)], 1.00035, 0
I1014 16:29:47.828832 10063 work_track.cpp:102] Succeeded to set track lock for frame 47
I1014 16:29:47.828871 10063 work_track.cpp:116] Succeeded to release track lock for frame 47
I1014 16:29:47.828886 10063 work_track.cpp:120] Track results of frame 47: 1 objects input, 1 objects tracked!
I1014 16:29:47.828903 10063 work_track.cpp:148] Frame: 47, track bbox: [163 x 215 from (238.119, 67.8091)], gid: 0, lid: 0
I1014 16:29:47.828938 10063 work_thread.hpp:87]  [T-Work-Detect_0] Frame :47 split
I1014 16:29:47.828956 10063 work_thread.hpp:120]  [T-Work-Detect_0] Valid piece: gid = 0
I1014 16:29:47.828974 10063 work_thread.hpp:91]  [T-Work-Detect_0] Push to split queue:recog
I1014 16:29:47.829012 10065 work_thread.hpp:81]  [T-Work-Recog_1] Run work: WorkCapture
I1014 16:29:47.829027 10066 thread_intergrate.hpp:78] [T-Intergrate-intergrate] queue: frame output frame :47
I1014 16:29:47.829051 10066 thread_intergrate.hpp:85] [T-Intergrate-intergrate] queue: compare output face:0
I1014 16:29:47.829069 10066 thread_intergrate.hpp:144] T-Intergrate-intergrate set matched face: 0
I1014 16:29:47.829861 10065 work_thread.hpp:81]  [T-Work-Recog_1] Run work: WorkRecog
I1014 16:29:47.829892 10065 work_recog.hpp:89] Face id: 0 will run recog: bbox [163 x 215 from (238, 72)] quality: 0.429937
I1014 16:29:47.829926 10065 work_recog.hpp:96] Recog pair: [240 x 312 from (200, 24)], [163 x 215 from (38, 48)]
I1014 16:29:47.830525 10066 thread_intergrate.hpp:188] T-Intergrate-intergrate Show face :0, size :640 * 360
I1014 16:29:47.831099 10062 demo_inner.hpp:435] thread [SORT-0]  frame id 47 sorting queue size 0   FPS: 20.0489
I1014 16:29:47.847317 10065 work_thread.hpp:81]  [T-Work-Recog_1] Run work: WorkCompare
I1014 16:29:47.847779 10065 work_compare.cpp:76] Compare face: 0 successed, similarity :0.996004, name : images/ThangLMb.jpg, normal size : 1548 * 1719!
I1014 16:29:47.865815 10061 demo_inner.hpp:260]  gui queue size 0, state = running
I1014 16:29:47.875658 10060 demo_inner.hpp:177] decode queue size 0
I1014 16:29:47.875771 10063 work_thread.hpp:81]  [T-Work-Detect_0] Run work: WorkDetect
I1014 16:29:47.875808 10063 work_detect.cpp:102] Succeeded to add det start for frame 48
I1014 16:29:47.882438 10063 work_detect.cpp:70] Frame :48 detect result :1 face(s)
I1014 16:29:47.882493 10063 work_detect.cpp:86] Detected bbox: [163 x 217 from (238, 69)]
I1014 16:29:47.882540 10063 work_detect.cpp:120] Succeeded to add det end for frame 48
I1014 16:29:47.882557 10063 work_thread.hpp:81]  [T-Work-Detect_0] Run work: WrokTrack
I1014 16:29:47.882583 10063 work_track.cpp:82] Frame: 48 build input_characts: [0.254687 x 0.602778 from (0.371875, 0.191667)], 0.999183, 0
I1014 16:29:47.882647 10063 work_track.cpp:102] Succeeded to set track lock for frame 48
I1014 16:29:47.882688 10063 work_track.cpp:116] Succeeded to release track lock for frame 48
I1014 16:29:47.882704 10063 work_track.cpp:120] Track results of frame 48: 1 objects input, 1 objects tracked!
I1014 16:29:47.882721 10063 work_track.cpp:148] Frame: 48, track bbox: [163 x 217 from (238.127, 70.4363)], gid: 0, lid: 0
I1014 16:29:47.882758 10063 work_thread.hpp:87]  [T-Work-Detect_0] Frame :48 split
I1014 16:29:47.882777 10063 work_thread.hpp:120]  [T-Work-Detect_0] Valid piece: gid = 0
I1014 16:29:47.882795 10063 work_thread.hpp:91]  [T-Work-Detect_0] Push to split queue:recog
I1014 16:29:47.882855 10065 work_thread.hpp:81]  [T-Work-Recog_1] Run work: WorkCapture
I1014 16:29:47.883181 10066 thread_intergrate.hpp:78] [T-Intergrate-intergrate] queue: frame output frame :48
I1014 16:29:47.883208 10066 thread_intergrate.hpp:85] [T-Intergrate-intergrate] queue: compare output face:0
I1014 16:29:47.883225 10066 thread_intergrate.hpp:144] T-Intergrate-intergrate set matched face: 0
I1014 16:29:47.883826 10065 work_thread.hpp:81]  [T-Work-Recog_1] Run work: WorkRecog
I1014 16:29:47.883853 10065 work_recog.hpp:89] Face id: 0 will run recog: bbox [163 x 217 from (238, 69)] quality: 0.469259
I1014 16:29:47.883913 10065 work_recog.hpp:96] Recog pair: [240 x 312 from (200, 24)], [163 x 217 from (38, 45)]
I1014 16:29:47.884799 10066 thread_intergrate.hpp:188] T-Intergrate-intergrate Show face :0, size :640 * 360
I1014 16:29:47.885360 10062 demo_inner.hpp:435] thread [SORT-0]  frame id 48 sorting queue size 0   FPS: 19.9902
I1014 16:29:47.901823 10065 work_thread.hpp:81]  [T-Work-Recog_1] Run work: WorkCompare
I1014 16:29:47.902436 10065 work_compare.cpp:76] Compare face: 0 successed, similarity :0.997653, name : images/ThangLMb.jpg, normal size : 1548 * 1719!
I1014 16:29:47.923673 10060 demo_inner.hpp:177] decode queue size 0
I1014 16:29:47.923774 10063 work_thread.hpp:81]  [T-Work-Detect_0] Run work: WorkDetect
I1014 16:29:47.923810 10063 work_detect.cpp:102] Succeeded to add det start for frame 49
I1014 16:29:47.930517 10063 work_detect.cpp:70] Frame :49 detect result :1 face(s)
I1014 16:29:47.930557 10063 work_detect.cpp:86] Detected bbox: [162 x 212 from (238, 72)]
I1014 16:29:47.930598 10063 work_detect.cpp:120] Succeeded to add det end for frame 49
I1014 16:29:47.930614 10063 work_thread.hpp:81]  [T-Work-Detect_0] Run work: WrokTrack
I1014 16:29:47.930639 10063 work_track.cpp:82] Frame: 49 build input_characts: [0.253125 x 0.588889 from (0.371875, 0.2)], 1.00019, 0
I1014 16:29:47.930692 10063 work_track.cpp:102] Succeeded to set track lock for frame 49
I1014 16:29:47.930732 10063 work_track.cpp:116] Succeeded to release track lock for frame 49
I1014 16:29:47.930747 10063 work_track.cpp:120] Track results of frame 49: 1 objects input, 1 objects tracked!
I1014 16:29:47.930763 10063 work_track.cpp:148] Frame: 49, track bbox: [162 x 212 from (238.257, 72.8659)], gid: 0, lid: 0
I1014 16:29:47.930799 10063 work_thread.hpp:87]  [T-Work-Detect_0] Frame :49 split
I1014 16:29:47.930816 10063 work_thread.hpp:120]  [T-Work-Detect_0] Valid piece: gid = 0
I1014 16:29:47.930835 10063 work_thread.hpp:91]  [T-Work-Detect_0] Push to split queue:recog
I1014 16:29:47.930878 10065 work_thread.hpp:81]  [T-Work-Recog_1] Run work: WorkCapture
I1014 16:29:47.930887 10066 thread_intergrate.hpp:78] [T-Intergrate-intergrate] queue: frame output frame :49
I1014 16:29:47.930922 10066 thread_intergrate.hpp:85] [T-Intergrate-intergrate] queue: compare output face:0
I1014 16:29:47.930939 10066 thread_intergrate.hpp:144] T-Intergrate-intergrate set matched face: 0
I1014 16:29:47.931574 10065 work_thread.hpp:81]  [T-Work-Recog_1] Run work: WorkRecog
I1014 16:29:47.931601 10065 work_recog.hpp:89] Face id: 0 will run recog: bbox [162 x 212 from (238, 72)] quality: 0.465847
I1014 16:29:47.931695 10065 work_recog.hpp:96] Recog pair: [232 x 304 from (200, 24)], [162 x 212 from (38, 48)]
I1014 16:29:47.932422 10066 thread_intergrate.hpp:188] T-Intergrate-intergrate Show face :0, size :640 * 360
I1014 16:29:47.932955 10062 demo_inner.hpp:435] thread [SORT-0]  frame id 49 sorting queue size 1   FPS: 19.9902
I1014 16:29:47.943680 10061 demo_inner.hpp:260]  gui queue size 1, state = running
I1014 16:29:47.950043 10065 work_thread.hpp:81]  [T-Work-Recog_1] Run work: WorkCompare
I1014 16:29:47.950731 10065 work_compare.cpp:76] Compare face: 0 successed, similarity :0.997954, name : images/ThangLMb.jpg, normal size : 1548 * 1719!
I1014 16:29:47.971729 10060 demo_inner.hpp:177] decode queue size 0
I1014 16:29:47.971839 10063 work_thread.hpp:81]  [T-Work-Detect_0] Run work: WorkDetect
I1014 16:29:47.971876 10063 work_detect.cpp:102] Succeeded to add det start for frame 50
I1014 16:29:47.978586 10063 work_detect.cpp:70] Frame :50 detect result :1 face(s)
I1014 16:29:47.978624 10063 work_detect.cpp:86] Detected bbox: [161 x 214 from (240, 70)]
I1014 16:29:47.978667 10063 work_detect.cpp:120] Succeeded to add det end for frame 50
I1014 16:29:47.978682 10063 work_thread.hpp:81]  [T-Work-Detect_0] Run work: WrokTrack
I1014 16:29:47.978778 10063 work_track.cpp:82] Frame: 50 build input_characts: [0.251563 x 0.594444 from (0.375, 0.194444)], 1.00008, 0
I1014 16:29:47.978834 10063 work_track.cpp:102] Succeeded to set track lock for frame 50
I1014 16:29:47.978874 10063 work_track.cpp:116] Succeeded to release track lock for frame 50
I1014 16:29:47.978888 10063 work_track.cpp:120] Track results of frame 50: 1 objects input, 1 objects tracked!
I1014 16:29:47.978906 10063 work_track.cpp:148] Frame: 50, track bbox: [161 x 214 from (239.161, 71.1962)], gid: 0, lid: 0
I1014 16:29:47.978941 10063 work_thread.hpp:87]  [T-Work-Detect_0] Frame :50 split
I1014 16:29:47.978960 10063 work_thread.hpp:120]  [T-Work-Detect_0] Valid piece: gid = 0
I1014 16:29:47.978977 10063 work_thread.hpp:91]  [T-Work-Detect_0] Push to split queue:recog
I1014 16:29:47.979027 10064 work_thread.hpp:81]  [T-Work-Recog_0] Run work: WorkCapture
I1014 16:29:47.979032 10066 thread_intergrate.hpp:78] [T-Intergrate-intergrate] queue: frame output frame :50
I1014 16:29:47.979055 10066 thread_intergrate.hpp:85] [T-Intergrate-intergrate] queue: compare output face:0
I1014 16:29:47.979074 10066 thread_intergrate.hpp:144] T-Intergrate-intergrate set matched face: 0
I1014 16:29:47.979717 10064 work_thread.hpp:81]  [T-Work-Recog_0] Run work: WorkRecog
I1014 16:29:47.979751 10064 work_recog.hpp:89] Face id: 0 will run recog: bbox [161 x 214 from (240, 70)] quality: 0.482167
I1014 16:29:47.979784 10064 work_recog.hpp:96] Recog pair: [232 x 304 from (208, 24)], [161 x 214 from (32, 46)]
I1014 16:29:47.980569 10066 thread_intergrate.hpp:188] T-Intergrate-intergrate Show face :0, size :640 * 360
I1014 16:29:47.981112 10062 demo_inner.hpp:435] thread [SORT-0]  frame id 50 sorting queue size 0   FPS: 20.0587
I1014 16:29:47.997835 10064 work_thread.hpp:81]  [T-Work-Recog_0] Run work: WorkCompare
I1014 16:29:47.998409 10064 work_compare.cpp:76] Compare face: 0 successed, similarity :0.996802, name : images/ThangLMb.jpg, normal size : 1548 * 1719!
I1014 16:29:48.025665 10060 demo_inner.hpp:177] decode queue size 0
I1014 16:29:48.025774 10063 work_thread.hpp:81]  [T-Work-Detect_0] Run work: WorkDetect
I1014 16:29:48.025811 10063 work_detect.cpp:102] Succeeded to add det start for frame 51
I1014 16:29:48.032486 10063 work_detect.cpp:70] Frame :51 detect result :1 face(s)
I1014 16:29:48.032528 10063 work_detect.cpp:86] Detected bbox: [162 x 217 from (238, 68)]
I1014 16:29:48.032570 10063 work_detect.cpp:120] Succeeded to add det end for frame 51
I1014 16:29:48.032586 10063 work_thread.hpp:81]  [T-Work-Detect_0] Run work: WrokTrack
I1014 16:29:48.032609 10063 work_track.cpp:82] Frame: 51 build input_characts: [0.253125 x 0.602778 from (0.371875, 0.188889)], 1.00008, 0
I1014 16:29:48.032665 10063 work_track.cpp:102] Succeeded to set track lock for frame 51
I1014 16:29:48.032704 10063 work_track.cpp:116] Succeeded to release track lock for frame 51
I1014 16:29:48.032718 10063 work_track.cpp:120] Track results of frame 51: 1 objects input, 1 objects tracked!
I1014 16:29:48.032737 10063 work_track.cpp:148] Frame: 51, track bbox: [162 x 217 from (238.293, 68.3251)], gid: 0, lid: 0
I1014 16:29:48.032773 10063 work_thread.hpp:87]  [T-Work-Detect_0] Frame :51 split
I1014 16:29:48.032791 10063 work_thread.hpp:120]  [T-Work-Detect_0] Valid piece: gid = 0
I1014 16:29:48.032809 10063 work_thread.hpp:91]  [T-Work-Detect_0] Push to split queue:recog
I1014 16:29:48.032851 10064 work_thread.hpp:81]  [T-Work-Recog_0] Run work: WorkCapture
I1014 16:29:48.032860 10066 thread_intergrate.hpp:78] [T-Intergrate-intergrate] queue: frame output frame :51
I1014 16:29:48.032884 10066 thread_intergrate.hpp:85] [T-Intergrate-intergrate] queue: compare output face:0
I1014 16:29:48.032903 10066 thread_intergrate.hpp:144] T-Intergrate-intergrate set matched face: 0
I1014 16:29:48.033479 10064 work_thread.hpp:81]  [T-Work-Recog_0] Run work: WorkRecog
I1014 16:29:48.033514 10064 work_recog.hpp:89] Face id: 0 will run recog: bbox [162 x 217 from (238, 68)] quality: 0.483797
I1014 16:29:48.033547 10064 work_recog.hpp:96] Recog pair: [232 x 304 from (200, 24)], [162 x 217 from (38, 44)]
I1014 16:29:48.034371 10066 thread_intergrate.hpp:188] T-Intergrate-intergrate Show face :0, size :640 * 360
I1014 16:29:48.034907 10062 demo_inner.hpp:435] thread [SORT-0]  frame id 51 sorting queue size 1   FPS: 19.9902
I1014 16:29:48.044374 10061 demo_inner.hpp:260]  gui queue size 1, state = running
I1014 16:29:48.051836 10064 work_thread.hpp:81]  [T-Work-Recog_0] Run work: WorkCompare
I1014 16:29:48.052449 10064 work_compare.cpp:76] Compare face: 0 successed, similarity :0.996956, name : images/ThangLMb.jpg, normal size : 1548 * 1719!
I1014 16:29:48.073639 10060 demo_inner.hpp:177] decode queue size 0
I1014 16:29:48.073745 10063 work_thread.hpp:81]  [T-Work-Detect_0] Run work: WorkDetect
I1014 16:29:48.073779 10063 work_detect.cpp:102] Succeeded to add det start for frame 52
I1014 16:29:48.080466 10063 work_detect.cpp:70] Frame :52 detect result :1 face(s)
I1014 16:29:48.080507 10063 work_detect.cpp:86] Detected bbox: [160 x 209 from (239, 74)]
I1014 16:29:48.080549 10063 work_detect.cpp:120] Succeeded to add det end for frame 52
I1014 16:29:48.080565 10063 work_thread.hpp:81]  [T-Work-Detect_0] Run work: WrokTrack
I1014 16:29:48.080590 10063 work_track.cpp:82] Frame: 52 build input_characts: [0.25 x 0.580556 from (0.373437, 0.205556)], 1.00019, 0
I1014 16:29:48.080646 10063 work_track.cpp:102] Succeeded to set track lock for frame 52
I1014 16:29:48.080704 10063 work_track.cpp:116] Succeeded to release track lock for frame 52
I1014 16:29:48.080719 10063 work_track.cpp:120] Track results of frame 52: 1 objects input, 1 objects tracked!
I1014 16:29:48.080737 10063 work_track.cpp:148] Frame: 52, track bbox: [160 x 209 from (239.243, 72.6965)], gid: 0, lid: 0
I1014 16:29:48.080772 10063 work_thread.hpp:87]  [T-Work-Detect_0] Frame :52 split
I1014 16:29:48.080790 10063 work_thread.hpp:120]  [T-Work-Detect_0] Valid piece: gid = 0
I1014 16:29:48.080808 10063 work_thread.hpp:91]  [T-Work-Detect_0] Push to split queue:recog
I1014 16:29:48.080862 10065 work_thread.hpp:81]  [T-Work-Recog_1] Run work: WorkCapture
I1014 16:29:48.081168 10066 thread_intergrate.hpp:78] [T-Intergrate-intergrate] queue: frame output frame :52
I1014 16:29:48.081197 10066 thread_intergrate.hpp:85] [T-Intergrate-intergrate] queue: compare output face:0
I1014 16:29:48.081215 10066 thread_intergrate.hpp:144] T-Intergrate-intergrate set matched face: 0
I1014 16:29:48.081411 10065 work_thread.hpp:81]  [T-Work-Recog_1] Run work: WorkRecog
I1014 16:29:48.081435 10065 work_recog.hpp:89] Face id: 0 will run recog: bbox [160 x 209 from (239, 74)] quality: 0.462777
I1014 16:29:48.081462 10065 work_recog.hpp:96] Recog pair: [232 x 296 from (200, 32)], [160 x 209 from (39, 42)]
I1014 16:29:48.083176 10066 thread_intergrate.hpp:188] T-Intergrate-intergrate Show face :0, size :640 * 360
I1014 16:29:48.083878 10062 demo_inner.hpp:435] thread [SORT-0]  frame id 52 sorting queue size 0   FPS: 20.0098
I1014 16:29:48.098953 10065 work_thread.hpp:81]  [T-Work-Recog_1] Run work: WorkCompare
I1014 16:29:48.099413 10065 work_compare.cpp:76] Compare face: 0 successed, similarity :0.997524, name : images/ThangLMb.jpg, normal size : 1548 * 1719!
I1014 16:29:48.111471 10061 demo_inner.hpp:260]  gui queue size 0, state = running
I1014 16:29:48.121793 10060 demo_inner.hpp:177] decode queue size 0
I1014 16:29:48.121892 10063 work_thread.hpp:81]  [T-Work-Detect_0] Run work: WorkDetect
I1014 16:29:48.121928 10063 work_detect.cpp:102] Succeeded to add det start for frame 53
I1014 16:29:48.128527 10063 work_detect.cpp:70] Frame :53 detect result :1 face(s)
I1014 16:29:48.128571 10063 work_detect.cpp:86] Detected bbox: [159 x 215 from (239, 70)]
I1014 16:29:48.128612 10063 work_detect.cpp:120] Succeeded to add det end for frame 53
I1014 16:29:48.128628 10063 work_thread.hpp:81]  [T-Work-Detect_0] Run work: WrokTrack
I1014 16:29:48.128652 10063 work_track.cpp:82] Frame: 53 build input_characts: [0.248437 x 0.597222 from (0.373437, 0.194444)], 0.999885, 0
I1014 16:29:48.128705 10063 work_track.cpp:102] Succeeded to set track lock for frame 53
I1014 16:29:48.128819 10063 work_track.cpp:116] Succeeded to release track lock for frame 53
I1014 16:29:48.128835 10063 work_track.cpp:120] Track results of frame 53: 1 objects input, 1 objects tracked!
I1014 16:29:48.128854 10063 work_track.cpp:148] Frame: 53, track bbox: [159 x 215 from (239.297, 70.0751)], gid: 0, lid: 0
I1014 16:29:48.128890 10063 work_thread.hpp:87]  [T-Work-Detect_0] Frame :53 split
I1014 16:29:48.128907 10063 work_thread.hpp:120]  [T-Work-Detect_0] Valid piece: gid = 0
I1014 16:29:48.128926 10063 work_thread.hpp:91]  [T-Work-Detect_0] Push to split queue:recog
I1014 16:29:48.128976 10065 work_thread.hpp:81]  [T-Work-Recog_1] Run work: WorkCapture
I1014 16:29:48.129281 10066 thread_intergrate.hpp:78] [T-Intergrate-intergrate] queue: frame output frame :53
I1014 16:29:48.129307 10066 thread_intergrate.hpp:85] [T-Intergrate-intergrate] queue: compare output face:0
I1014 16:29:48.129326 10066 thread_intergrate.hpp:144] T-Intergrate-intergrate set matched face: 0
I1014 16:29:48.129523 10065 work_thread.hpp:81]  [T-Work-Recog_1] Run work: WorkRecog
I1014 16:29:48.129546 10065 work_recog.hpp:89] Face id: 0 will run recog: bbox [159 x 215 from (239, 70)] quality: 0.450465
I1014 16:29:48.129573 10065 work_recog.hpp:96] Recog pair: [224 x 304 from (208, 24)], [159 x 215 from (31, 46)]
I1014 16:29:48.131456 10066 thread_intergrate.hpp:188] T-Intergrate-intergrate Show face :0, size :640 * 360
I1014 16:29:48.132117 10062 demo_inner.hpp:435] thread [SORT-0]  frame id 53 sorting queue size 0   FPS: 20.0685
I1014 16:29:48.147064 10065 work_thread.hpp:81]  [T-Work-Recog_1] Run work: WorkCompare
I1014 16:29:48.147529 10065 work_compare.cpp:76] Compare face: 0 successed, similarity :0.99848, name : images/ThangLMb.jpg, normal size : 1548 * 1719!
I1014 16:29:48.175607 10060 demo_inner.hpp:177] decode queue size 0
I1014 16:29:48.175712 10063 work_thread.hpp:81]  [T-Work-Detect_0] Run work: WorkDetect
I1014 16:29:48.175748 10063 work_detect.cpp:102] Succeeded to add det start for frame 54
I1014 16:29:48.182409 10063 work_detect.cpp:70] Frame :54 detect result :1 face(s)
I1014 16:29:48.182453 10063 work_detect.cpp:86] Detected bbox: [155 x 207 from (242, 71)]
I1014 16:29:48.182495 10063 work_detect.cpp:120] Succeeded to add det end for frame 54
I1014 16:29:48.182512 10063 work_thread.hpp:81]  [T-Work-Detect_0] Run work: WrokTrack
I1014 16:29:48.182536 10063 work_track.cpp:82] Frame: 54 build input_characts: [0.242188 x 0.575 from (0.378125, 0.197222)], 0.999183, 0
I1014 16:29:48.182590 10063 work_track.cpp:102] Succeeded to set track lock for frame 54
I1014 16:29:48.182631 10063 work_track.cpp:116] Succeeded to release track lock for frame 54
I1014 16:29:48.182646 10063 work_track.cpp:120] Track results of frame 54: 1 objects input, 1 objects tracked!
I1014 16:29:48.182663 10063 work_track.cpp:148] Frame: 54, track bbox: [155 x 207 from (241.517, 72.5051)], gid: 0, lid: 0
I1014 16:29:48.182698 10063 work_thread.hpp:87]  [T-Work-Detect_0] Frame :54 split
I1014 16:29:48.182715 10063 work_thread.hpp:120]  [T-Work-Detect_0] Valid piece: gid = 0
I1014 16:29:48.182734 10063 work_thread.hpp:91]  [T-Work-Detect_0] Push to split queue:recog
I1014 16:29:48.182797 10064 work_thread.hpp:81]  [T-Work-Recog_0] Run work: WorkCapture
I1014 16:29:48.183126 10066 thread_intergrate.hpp:78] [T-Intergrate-intergrate] queue: frame output frame :54
I1014 16:29:48.183152 10066 thread_intergrate.hpp:85] [T-Intergrate-intergrate] queue: compare output face:0
I1014 16:29:48.183171 10066 thread_intergrate.hpp:144] T-Intergrate-intergrate set matched face: 0
I1014 16:29:48.184970 10064 work_thread.hpp:81]  [T-Work-Recog_0] Run work: WorkRecog
I1014 16:29:48.185003 10064 work_recog.hpp:89] Face id: 0 will run recog: bbox [155 x 207 from (242, 71)] quality: 0.481957
I1014 16:29:48.185039 10064 work_recog.hpp:96] Recog pair: [224 x 296 from (208, 24)], [155 x 207 from (34, 47)]
I1014 16:29:48.186116 10066 thread_intergrate.hpp:188] T-Intergrate-intergrate Show face :0, size :640 * 360
I1014 16:29:48.186815 10062 demo_inner.hpp:435] thread [SORT-0]  frame id 54 sorting queue size 1   FPS: 20.0098
I1014 16:29:48.190819 10061 demo_inner.hpp:260]  gui queue size 1, state = running
I1014 16:29:48.203006 10064 work_thread.hpp:81]  [T-Work-Recog_0] Run work: WorkCompare
I1014 16:29:48.203524 10064 work_compare.cpp:76] Compare face: 0 successed, similarity :0.996975, name : images/ThangLMb.jpg, normal size : 1548 * 1719!
I1014 16:29:48.223656 10060 demo_inner.hpp:177] decode queue size 0
I1014 16:29:48.223753 10063 work_thread.hpp:81]  [T-Work-Detect_0] Run work: WorkDetect
I1014 16:29:48.223788 10063 work_detect.cpp:102] Succeeded to add det start for frame 55
I1014 16:29:48.230487 10063 work_detect.cpp:70] Frame :55 detect result :1 face(s)
I1014 16:29:48.230536 10063 work_detect.cpp:86] Detected bbox: [163 x 204 from (239, 88)]
I1014 16:29:48.230578 10063 work_detect.cpp:120] Succeeded to add det end for frame 55
I1014 16:29:48.230594 10063 work_thread.hpp:81]  [T-Work-Detect_0] Run work: WrokTrack
I1014 16:29:48.230619 10063 work_track.cpp:82] Frame: 55 build input_characts: [0.254687 x 0.566667 from (0.373437, 0.244444)], 0.999622, 0
I1014 16:29:48.230674 10063 work_track.cpp:102] Succeeded to set track lock for frame 55
I1014 16:29:48.230712 10063 work_track.cpp:116] Succeeded to release track lock for frame 55
I1014 16:29:48.230726 10063 work_track.cpp:120] Track results of frame 55: 1 objects input, 1 objects tracked!
I1014 16:29:48.230744 10063 work_track.cpp:148] Frame: 55, track bbox: [163 x 204 from (238.079, 81.1409)], gid: 0, lid: 0
I1014 16:29:48.230780 10063 work_thread.hpp:87]  [T-Work-Detect_0] Frame :55 split
I1014 16:29:48.230798 10063 work_thread.hpp:120]  [T-Work-Detect_0] Valid piece: gid = 0
I1014 16:29:48.230815 10063 work_thread.hpp:91]  [T-Work-Detect_0] Push to split queue:recog
I1014 16:29:48.230871 10064 work_thread.hpp:81]  [T-Work-Recog_0] Run work: WorkCapture
I1014 16:29:48.230880 10066 thread_intergrate.hpp:78] [T-Intergrate-intergrate] queue: frame output frame :55
I1014 16:29:48.230903 10066 thread_intergrate.hpp:85] [T-Intergrate-intergrate] queue: compare output face:0
