I1014 15:37:16.605861  9227 thread_intergrate.hpp:95] T-Intergrate-intergrate Try push queue sorting again 5 vs 5
I1014 15:37:16.614738  9221 demo_inner.hpp:177] decode queue size 0
I1014 15:37:16.614850  9224 work_thread.hpp:81]  [T-Work-Detect_0] Run work: WorkDetect
I1014 15:37:16.614883  9224 work_detect.cpp:102] Succeeded to add det start for frame 289
I1014 15:37:16.615993  9227 thread_intergrate.hpp:95] T-Intergrate-intergrate Try push queue sorting again 5 vs 5
I1014 15:37:16.621408  9224 work_detect.cpp:70] Frame :289 detect result :1 face(s)
W1014 15:37:16.621434  9224 work_detect.cpp:83] Invalid bbox: [130 x 175 from (244, 202)]
I1014 15:37:16.621556  9224 work_detect.cpp:120] Succeeded to add det end for frame 289
I1014 15:37:16.621574  9224 work_thread.hpp:81]  [T-Work-Detect_0] Run work: WrokTrack
I1014 15:37:16.621599  9224 work_track.cpp:102] Succeeded to set track lock for frame 289
I1014 15:37:16.621626  9224 work_track.cpp:116] Succeeded to release track lock for frame 289
I1014 15:37:16.621640  9224 work_track.cpp:120] Track results of frame 289: 0 objects input, 0 objects tracked!
I1014 15:37:16.621659  9224 work_thread.hpp:87]  [T-Work-Detect_0] Frame :289 split
I1014 15:37:16.626085  9227 thread_intergrate.hpp:95] T-Intergrate-intergrate Try push queue sorting again 5 vs 5
I1014 15:37:16.636202  9227 thread_intergrate.hpp:95] T-Intergrate-intergrate Try push queue sorting again 5 vs 5
I1014 15:37:16.644865  9221 demo_inner.hpp:177] decode queue size 0
I1014 15:37:16.644968  9224 work_thread.hpp:81]  [T-Work-Detect_0] Run work: WorkDetect
I1014 15:37:16.645000  9224 work_detect.cpp:102] Succeeded to add det start for frame 290
I1014 15:37:16.646323  9227 thread_intergrate.hpp:95] T-Intergrate-intergrate Try push queue sorting again 5 vs 5
I1014 15:37:16.651516  9224 work_detect.cpp:70] Frame :290 detect result :1 face(s)
W1014 15:37:16.651540  9224 work_detect.cpp:83] Invalid bbox: [131 x 174 from (244, 203)]
I1014 15:37:16.651701  9224 work_detect.cpp:120] Succeeded to add det end for frame 290
I1014 15:37:16.651720  9224 work_thread.hpp:81]  [T-Work-Detect_0] Run work: WrokTrack
I1014 15:37:16.651743  9224 work_track.cpp:102] Succeeded to set track lock for frame 290
I1014 15:37:16.651770  9224 work_track.cpp:116] Succeeded to release track lock for frame 290
I1014 15:37:16.651783  9224 work_track.cpp:120] Track results of frame 290: 0 objects input, 0 objects tracked!
I1014 15:37:16.651801  9224 work_thread.hpp:87]  [T-Work-Detect_0] Frame :290 split
I1014 15:37:16.656414  9227 thread_intergrate.hpp:95] T-Intergrate-intergrate Try push queue sorting again 5 vs 5
I1014 15:37:16.661885  9224 work_thread.hpp:102]  [T-Work-Detect_0] Try to push queue frame again 8 vs 8
I1014 15:37:16.666498  9227 thread_intergrate.hpp:95] T-Intergrate-intergrate Try push queue sorting again 5 vs 5
I1014 15:37:16.671975  9224 work_thread.hpp:102]  [T-Work-Detect_0] Try to push queue frame again 8 vs 8
I1014 15:37:16.676586  9227 thread_intergrate.hpp:95] T-Intergrate-intergrate Try push queue sorting again 5 vs 5
I1014 15:37:16.680843  9221 demo_inner.hpp:177] decode queue size 0
I1014 15:37:16.682071  9224 work_thread.hpp:102]  [T-Work-Detect_0] Try to push queue frame again 8 vs 8
I1014 15:37:16.686686  9227 thread_intergrate.hpp:95] T-Intergrate-intergrate Try push queue sorting again 5 vs 5
I1014 15:37:16.692181  9224 work_thread.hpp:102]  [T-Work-Detect_0] Try to push queue frame again 8 vs 8
I1014 15:37:16.696775  9227 thread_intergrate.hpp:95] T-Intergrate-intergrate Try push queue sorting again 5 vs 5
I1014 15:37:16.702262  9224 work_thread.hpp:102]  [T-Work-Detect_0] Try to push queue frame again 8 vs 8
I1014 15:37:16.706857  9227 thread_intergrate.hpp:95] T-Intergrate-intergrate Try push queue sorting again 5 vs 5
I1014 15:37:16.712347  9224 work_thread.hpp:102]  [T-Work-Detect_0] Try to push queue frame again 8 vs 8
I1014 15:37:16.716586  9221 demo_inner.hpp:177] decode queue size 1
I1014 15:37:16.716959  9227 thread_intergrate.hpp:95] T-Intergrate-intergrate Try push queue sorting again 5 vs 5
I1014 15:37:16.722440  9224 work_thread.hpp:102]  [T-Work-Detect_0] Try to push queue frame again 8 vs 8
I1014 15:37:16.727052  9227 thread_intergrate.hpp:95] T-Intergrate-intergrate Try push queue sorting again 5 vs 5
I1014 15:37:16.732522  9224 work_thread.hpp:102]  [T-Work-Detect_0] Try to push queue frame again 8 vs 8
I1014 15:37:16.737133  9227 thread_intergrate.hpp:95] T-Intergrate-intergrate Try push queue sorting again 5 vs 5
I1014 15:37:16.742607  9224 work_thread.hpp:102]  [T-Work-Detect_0] Try to push queue frame again 8 vs 8
I1014 15:37:16.746316  9221 demo_inner.hpp:177] decode queue size 1
I1014 15:37:16.747231  9227 thread_intergrate.hpp:95] T-Intergrate-intergrate Try push queue sorting again 5 vs 5
I1014 15:37:16.752699  9224 work_thread.hpp:102]  [T-Work-Detect_0] Try to push queue frame again 8 vs 8
I1014 15:37:16.757321  9227 thread_intergrate.hpp:95] T-Intergrate-intergrate Try push queue sorting again 5 vs 5
I1014 15:37:16.762781  9224 work_thread.hpp:102]  [T-Work-Detect_0] Try to push queue frame again 8 vs 8
I1014 15:37:16.767403  9227 thread_intergrate.hpp:95] T-Intergrate-intergrate Try push queue sorting again 5 vs 5
I1014 15:37:16.772863  9224 work_thread.hpp:102]  [T-Work-Detect_0] Try to push queue frame again 8 vs 8
I1014 15:37:16.777493  9227 thread_intergrate.hpp:95] T-Intergrate-intergrate Try push queue sorting again 5 vs 5
I1014 15:37:16.782282  9221 demo_inner.hpp:177] decode queue size 1
I1014 15:37:16.782675  9222 demo_inner.hpp:260]  gui queue size 10, state = running
I1014 15:37:16.783035  9223 demo_inner.hpp:435] thread [SORT-0]  frame id 276 sorting queue size 0   FPS: 24.2014
I1014 15:37:16.783383  9223 demo_inner.hpp:435] thread [SORT-0]  frame id 277 sorting queue size 1   FPS: 24.4778
I1014 15:37:16.783677  9223 demo_inner.hpp:435] thread [SORT-0]  frame id 278 sorting queue size 2   FPS: 24.7198
I1014 15:37:16.784065  9223 demo_inner.hpp:435] thread [SORT-0]  frame id 279 sorting queue size 3   FPS: 25.0083
I1014 15:37:16.784337  9222 demo_inner.hpp:260]  gui queue size 3, state = running
I1014 15:37:16.784507  9223 demo_inner.hpp:435] thread [SORT-0]  frame id 280 sorting queue size 0   FPS: 25.2781
I1014 15:37:16.784595  9227 thread_intergrate.hpp:78] [T-Intergrate-intergrate] queue: frame output frame :282
I1014 15:37:16.784992  9223 demo_inner.hpp:435] thread [SORT-0]  frame id 281 sorting queue size 1   FPS: 25.5885
I1014 15:37:16.785058  9224 work_thread.hpp:81]  [T-Work-Detect_0] Run work: WorkDetect
I1014 15:37:16.785087  9224 work_detect.cpp:102] Succeeded to add det start for frame 291
I1014 15:37:16.785696  9227 thread_intergrate.hpp:187] T-Intergrate-intergrate Show face :0, size :640 * 360
I1014 15:37:16.785861  9227 thread_intergrate.hpp:78] [T-Intergrate-intergrate] queue: frame output frame :283
I1014 15:37:16.786238  9223 demo_inner.hpp:435] thread [SORT-0]  frame id 282 sorting queue size 2   FPS: 25.8353
I1014 15:37:16.786954  9227 thread_intergrate.hpp:187] T-Intergrate-intergrate Show face :0, size :640 * 360
I1014 15:37:16.787108  9227 thread_intergrate.hpp:78] [T-Intergrate-intergrate] queue: frame output frame :284
I1014 15:37:16.787462  9223 demo_inner.hpp:435] thread [SORT-0]  frame id 283 sorting queue size 3   FPS: 26.1506
I1014 15:37:16.788218  9227 thread_intergrate.hpp:187] T-Intergrate-intergrate Show face :0, size :640 * 360
I1014 15:37:16.788406  9227 thread_intergrate.hpp:78] [T-Intergrate-intergrate] queue: frame output frame :285
I1014 15:37:16.788481  9222 demo_inner.hpp:260]  gui queue size 3, state = running
I1014 15:37:16.788784  9223 demo_inner.hpp:435] thread [SORT-0]  frame id 284 sorting queue size 0   FPS: 26.4644
I1014 15:37:16.789525  9227 thread_intergrate.hpp:187] T-Intergrate-intergrate Show face :0, size :640 * 360
I1014 15:37:16.789707  9227 thread_intergrate.hpp:78] [T-Intergrate-intergrate] queue: frame output frame :286
I1014 15:37:16.790067  9223 demo_inner.hpp:435] thread [SORT-0]  frame id 285 sorting queue size 1   FPS: 26.7475
I1014 15:37:16.790810  9227 thread_intergrate.hpp:187] T-Intergrate-intergrate Show face :0, size :640 * 360
I1014 15:37:16.791011  9227 thread_intergrate.hpp:78] [T-Intergrate-intergrate] queue: frame output frame :287
I1014 15:37:16.791400  9223 demo_inner.hpp:435] thread [SORT-0]  frame id 286 sorting queue size 2   FPS: 27.066
I1014 15:37:16.792134  9227 thread_intergrate.hpp:187] T-Intergrate-intergrate Show face :0, size :640 * 360
I1014 15:37:16.792383  9227 thread_intergrate.hpp:78] [T-Intergrate-intergrate] queue: frame output frame :288
I1014 15:37:16.792738  9223 demo_inner.hpp:435] thread [SORT-0]  frame id 287 sorting queue size 2   FPS: 27.3423
I1014 15:37:16.792773  9222 demo_inner.hpp:260]  gui queue size 3, state = running
I1014 15:37:16.793479  9227 thread_intergrate.hpp:187] T-Intergrate-intergrate Show face :0, size :640 * 360
I1014 15:37:16.793639  9227 thread_intergrate.hpp:78] [T-Intergrate-intergrate] queue: frame output frame :289
I1014 15:37:16.794036  9223 demo_inner.hpp:435] thread [SORT-0]  frame id 288 sorting queue size 0   FPS: 27.6855
I1014 15:37:16.794728  9227 thread_intergrate.hpp:187] T-Intergrate-intergrate Show face :0, size :640 * 360
I1014 15:37:16.794908  9227 thread_intergrate.hpp:78] [T-Intergrate-intergrate] queue: frame output frame :290
I1014 15:37:16.795294  9223 demo_inner.hpp:435] thread [SORT-0]  frame id 289 sorting queue size 1   FPS: 27.9851
I1014 15:37:16.795727  9224 work_detect.cpp:70] Frame :291 detect result :1 face(s)
W1014 15:37:16.795749  9224 work_detect.cpp:83] Invalid bbox: [131 x 171 from (244, 203)]
I1014 15:37:16.795958  9224 work_detect.cpp:120] Succeeded to add det end for frame 291
I1014 15:37:16.796005  9227 thread_intergrate.hpp:187] T-Intergrate-intergrate Show face :0, size :640 * 360
I1014 15:37:16.796654  9223 demo_inner.hpp:435] thread [SORT-0]  frame id 290 sorting queue size 2   FPS: 28.3554
I1014 15:37:16.795975  9224 work_thread.hpp:81]  [T-Work-Detect_0] Run work: WrokTrack
I1014 15:37:16.796744  9224 work_track.cpp:102] Succeeded to set track lock for frame 291
I1014 15:37:16.796841  9224 work_track.cpp:116] Succeeded to release track lock for frame 291
I1014 15:37:16.796852  9222 demo_inner.hpp:260]  gui queue size 2, state = running
I1014 15:37:16.796857  9224 work_track.cpp:120] Track results of frame 291: 0 objects input, 0 objects tracked!
I1014 15:37:16.796903  9224 work_thread.hpp:87]  [T-Work-Detect_0] Frame :291 split
I1014 15:37:16.796955  9227 thread_intergrate.hpp:78] [T-Intergrate-intergrate] queue: frame output frame :291
I1014 15:37:16.798063  9227 thread_intergrate.hpp:187] T-Intergrate-intergrate Show face :0, size :640 * 360
I1014 15:37:16.798630  9223 demo_inner.hpp:435] thread [SORT-0]  frame id 291 sorting queue size 0   FPS: 28.7246
I1014 15:37:16.800837  9222 demo_inner.hpp:260]  gui queue size 0, state = running
I1014 15:37:16.812978  9221 demo_inner.hpp:177] decode queue size 0
I1014 15:37:16.813117  9224 work_thread.hpp:81]  [T-Work-Detect_0] Run work: WorkDetect
I1014 15:37:16.813153  9224 work_detect.cpp:102] Succeeded to add det start for frame 292
I1014 15:37:16.819706  9224 work_detect.cpp:70] Frame :292 detect result :1 face(s)
W1014 15:37:16.819751  9224 work_detect.cpp:83] Invalid bbox: [131 x 175 from (243, 202)]
I1014 15:37:16.819851  9224 work_detect.cpp:120] Succeeded to add det end for frame 292
I1014 15:37:16.819869  9224 work_thread.hpp:81]  [T-Work-Detect_0] Run work: WrokTrack
I1014 15:37:16.819895  9224 work_track.cpp:102] Succeeded to set track lock for frame 292
I1014 15:37:16.819921  9224 work_track.cpp:116] Succeeded to release track lock for frame 292
I1014 15:37:16.819936  9224 work_track.cpp:120] Track results of frame 292: 0 objects input, 0 objects tracked!
I1014 15:37:16.819954  9224 work_thread.hpp:87]  [T-Work-Detect_0] Frame :292 split
I1014 15:37:16.820003  9227 thread_intergrate.hpp:78] [T-Intergrate-intergrate] queue: frame output frame :292
I1014 15:37:16.821090  9227 thread_intergrate.hpp:187] T-Intergrate-intergrate Show face :0, size :640 * 360
I1014 15:37:16.821638  9223 demo_inner.hpp:435] thread [SORT-0]  frame id 292 sorting queue size 0   FPS: 28.8018
I1014 15:37:16.848434  9221 demo_inner.hpp:177] decode queue size 0
I1014 15:37:16.848556  9224 work_thread.hpp:81]  [T-Work-Detect_0] Run work: WorkDetect
I1014 15:37:16.848592  9224 work_detect.cpp:102] Succeeded to add det start for frame 293
I1014 15:37:16.855146  9224 work_detect.cpp:70] Frame :293 detect result :1 face(s)
W1014 15:37:16.855188  9224 work_detect.cpp:83] Invalid bbox: [131 x 175 from (243, 203)]
I1014 15:37:16.855286  9224 work_detect.cpp:120] Succeeded to add det end for frame 293
I1014 15:37:16.855304  9224 work_thread.hpp:81]  [T-Work-Detect_0] Run work: WrokTrack
I1014 15:37:16.855330  9224 work_track.cpp:102] Succeeded to set track lock for frame 293
I1014 15:37:16.855357  9224 work_track.cpp:116] Succeeded to release track lock for frame 293
I1014 15:37:16.855371  9224 work_track.cpp:120] Track results of frame 293: 0 objects input, 0 objects tracked!
I1014 15:37:16.855391  9224 work_thread.hpp:87]  [T-Work-Detect_0] Frame :293 split
I1014 15:37:16.855437  9227 thread_intergrate.hpp:78] [T-Intergrate-intergrate] queue: frame output frame :293
I1014 15:37:16.856528  9227 thread_intergrate.hpp:187] T-Intergrate-intergrate Show face :0, size :640 * 360
I1014 15:37:16.857131  9223 demo_inner.hpp:435] thread [SORT-0]  frame id 293 sorting queue size 1   FPS: 28.8129
I1014 15:37:16.878448  9221 demo_inner.hpp:177] decode queue size 0
I1014 15:37:16.878557  9224 work_thread.hpp:81]  [T-Work-Detect_0] Run work: WorkDetect
I1014 15:37:16.878595  9224 work_detect.cpp:102] Succeeded to add det start for frame 294
I1014 15:37:16.885219  9224 work_detect.cpp:70] Frame :294 detect result :1 face(s)
W1014 15:37:16.885288  9224 work_detect.cpp:83] Invalid bbox: [132 x 175 from (243, 201)]
I1014 15:37:16.885385  9224 work_detect.cpp:120] Succeeded to add det end for frame 294
I1014 15:37:16.885402  9224 work_thread.hpp:81]  [T-Work-Detect_0] Run work: WrokTrack
I1014 15:37:16.885429  9224 work_track.cpp:102] Succeeded to set track lock for frame 294
I1014 15:37:16.885502  9224 work_track.cpp:116] Succeeded to release track lock for frame 294
I1014 15:37:16.885517  9224 work_track.cpp:120] Track results of frame 294: 0 objects input, 0 objects tracked!
I1014 15:37:16.885536  9224 work_thread.hpp:87]  [T-Work-Detect_0] Frame :294 split
I1014 15:37:16.885589  9227 thread_intergrate.hpp:78] [T-Intergrate-intergrate] queue: frame output frame :294
I1014 15:37:16.886677  9227 thread_intergrate.hpp:187] T-Intergrate-intergrate Show face :0, size :640 * 360
I1014 15:37:16.887224  9223 demo_inner.hpp:435] thread [SORT-0]  frame id 294 sorting queue size 2   FPS: 28.8018
I1014 15:37:16.914304  9221 demo_inner.hpp:177] decode queue size 0
I1014 15:37:16.914454  9224 work_thread.hpp:81]  [T-Work-Detect_0] Run work: WorkDetect
I1014 15:37:16.914490  9224 work_detect.cpp:102] Succeeded to add det start for frame 295
I1014 15:37:16.921151  9224 work_detect.cpp:70] Frame :295 detect result :1 face(s)
W1014 15:37:16.921198  9224 work_detect.cpp:83] Invalid bbox: [138 x 179 from (247, 202)]
I1014 15:37:16.921296  9224 work_detect.cpp:120] Succeeded to add det end for frame 295
I1014 15:37:16.921314  9224 work_thread.hpp:81]  [T-Work-Detect_0] Run work: WrokTrack
I1014 15:37:16.921342  9224 work_track.cpp:102] Succeeded to set track lock for frame 295
I1014 15:37:16.921368  9224 work_track.cpp:116] Succeeded to release track lock for frame 295
I1014 15:37:16.921382  9224 work_track.cpp:120] Track results of frame 295: 0 objects input, 0 objects tracked!
I1014 15:37:16.921401  9224 work_thread.hpp:87]  [T-Work-Detect_0] Frame :295 split
I1014 15:37:16.921452  9227 thread_intergrate.hpp:78] [T-Intergrate-intergrate] queue: frame output frame :295
I1014 15:37:16.922541  9227 thread_intergrate.hpp:187] T-Intergrate-intergrate Show face :0, size :640 * 360
I1014 15:37:16.923142  9223 demo_inner.hpp:435] thread [SORT-0]  frame id 295 sorting queue size 3   FPS: 28.8129
I1014 15:37:16.950419  9221 demo_inner.hpp:177] decode queue size 0
I1014 15:37:16.950538  9224 work_thread.hpp:81]  [T-Work-Detect_0] Run work: WorkDetect
I1014 15:37:16.950575  9224 work_detect.cpp:102] Succeeded to add det start for frame 296
I1014 15:37:16.957262  9224 work_detect.cpp:70] Frame :296 detect result :1 face(s)
W1014 15:37:16.957309  9224 work_detect.cpp:83] Invalid bbox: [130 x 171 from (245, 204)]
I1014 15:37:16.957404  9224 work_detect.cpp:120] Succeeded to add det end for frame 296
I1014 15:37:16.957422  9224 work_thread.hpp:81]  [T-Work-Detect_0] Run work: WrokTrack
I1014 15:37:16.957449  9224 work_track.cpp:102] Succeeded to set track lock for frame 296
I1014 15:37:16.957478  9224 work_track.cpp:116] Succeeded to release track lock for frame 296
I1014 15:37:16.957491  9224 work_track.cpp:120] Track results of frame 296: 0 objects input, 0 objects tracked!
I1014 15:37:16.957509  9224 work_thread.hpp:87]  [T-Work-Detect_0] Frame :296 split
I1014 15:37:16.957559  9227 thread_intergrate.hpp:78] [T-Intergrate-intergrate] queue: frame output frame :296
I1014 15:37:16.958645  9227 thread_intergrate.hpp:187] T-Intergrate-intergrate Show face :0, size :640 * 360
I1014 15:37:16.959190  9223 demo_inner.hpp:435] thread [SORT-0]  frame id 296 sorting queue size 4   FPS: 28.7356
I1014 15:37:16.980425  9221 demo_inner.hpp:177] decode queue size 0
I1014 15:37:16.980522  9224 work_thread.hpp:81]  [T-Work-Detect_0] Run work: WorkDetect
I1014 15:37:16.980557  9224 work_detect.cpp:102] Succeeded to add det start for frame 297
I1014 15:37:16.987095  9224 work_detect.cpp:70] Frame :297 detect result :1 face(s)
W1014 15:37:16.987140  9224 work_detect.cpp:83] Invalid bbox: [134 x 176 from (242, 201)]
I1014 15:37:16.987238  9224 work_detect.cpp:120] Succeeded to add det end for frame 297
I1014 15:37:16.987255  9224 work_thread.hpp:81]  [T-Work-Detect_0] Run work: WrokTrack
I1014 15:37:16.987284  9224 work_track.cpp:102] Succeeded to set track lock for frame 297
I1014 15:37:16.987313  9224 work_track.cpp:116] Succeeded to release track lock for frame 297
I1014 15:37:16.987326  9224 work_track.cpp:120] Track results of frame 297: 0 objects input, 0 objects tracked!
I1014 15:37:16.987396  9224 work_thread.hpp:87]  [T-Work-Detect_0] Frame :297 split
I1014 15:37:16.987450  9227 thread_intergrate.hpp:78] [T-Intergrate-intergrate] queue: frame output frame :297
I1014 15:37:16.988538  9227 thread_intergrate.hpp:187] T-Intergrate-intergrate Show face :0, size :640 * 360
I1014 15:37:16.989089  9223 demo_inner.hpp:435] thread [SORT-0]  frame id 297 sorting queue size 5   FPS: 28.8018
I1014 15:37:17.016408  9221 demo_inner.hpp:177] decode queue size 0
I1014 15:37:17.016508  9224 work_thread.hpp:81]  [T-Work-Detect_0] Run work: WorkDetect
I1014 15:37:17.016543  9224 work_detect.cpp:102] Succeeded to add det start for frame 298
I1014 15:37:17.023069  9224 work_detect.cpp:70] Frame :298 detect result :1 face(s)
W1014 15:37:17.023108  9224 work_detect.cpp:83] Invalid bbox: [130 x 172 from (244, 204)]
I1014 15:37:17.023208  9224 work_detect.cpp:120] Succeeded to add det end for frame 298
I1014 15:37:17.023226  9224 work_thread.hpp:81]  [T-Work-Detect_0] Run work: WrokTrack
I1014 15:37:17.023252  9224 work_track.cpp:102] Succeeded to set track lock for frame 298
I1014 15:37:17.023279  9224 work_track.cpp:116] Succeeded to release track lock for frame 298
I1014 15:37:17.023293  9224 work_track.cpp:120] Track results of frame 298: 0 objects input, 0 objects tracked!
I1014 15:37:17.023311  9224 work_thread.hpp:87]  [T-Work-Detect_0] Frame :298 split
I1014 15:37:17.023360  9227 thread_intergrate.hpp:78] [T-Intergrate-intergrate] queue: frame output frame :298
I1014 15:37:17.024448  9227 thread_intergrate.hpp:187] T-Intergrate-intergrate Show face :0, size :640 * 360
I1014 15:37:17.024991  9223 demo_inner.hpp:435] thread [SORT-0]  frame id 298 sorting queue size 6   FPS: 28.8018
I1014 15:37:17.046411  9221 demo_inner.hpp:177] decode queue size 0
I1014 15:37:17.046505  9224 work_thread.hpp:81]  [T-Work-Detect_0] Run work: WorkDetect
I1014 15:37:17.046541  9224 work_detect.cpp:102] Succeeded to add det start for frame 299
I1014 15:37:17.053144  9224 work_detect.cpp:70] Frame :299 detect result :1 face(s)
W1014 15:37:17.053185  9224 work_detect.cpp:83] Invalid bbox: [133 x 175 from (242, 202)]
I1014 15:37:17.053283  9224 work_detect.cpp:120] Succeeded to add det end for frame 299
I1014 15:37:17.053300  9224 work_thread.hpp:81]  [T-Work-Detect_0] Run work: WrokTrack
I1014 15:37:17.053328  9224 work_track.cpp:102] Succeeded to set track lock for frame 299
I1014 15:37:17.053354  9224 work_track.cpp:116] Succeeded to release track lock for frame 299
I1014 15:37:17.053369  9224 work_track.cpp:120] Track results of frame 299: 0 objects input, 0 objects tracked!
I1014 15:37:17.053386  9224 work_thread.hpp:87]  [T-Work-Detect_0] Frame :299 split
I1014 15:37:17.053449  9227 thread_intergrate.hpp:78] [T-Intergrate-intergrate] queue: frame output frame :299
I1014 15:37:17.054538  9227 thread_intergrate.hpp:187] T-Intergrate-intergrate Show face :0, size :640 * 360
I1014 15:37:17.055081  9223 demo_inner.hpp:435] thread [SORT-0]  frame id 299 sorting queue size 7   FPS: 28.8018
I1014 15:37:17.082334  9221 demo_inner.hpp:177] decode queue size 0
I1014 15:37:17.082443  9224 work_thread.hpp:81]  [T-Work-Detect_0] Run work: WorkDetect
I1014 15:37:17.082478  9224 work_detect.cpp:102] Succeeded to add det start for frame 300
I1014 15:37:17.089136  9224 work_detect.cpp:70] Frame :300 detect result :1 face(s)
W1014 15:37:17.089182  9224 work_detect.cpp:83] Invalid bbox: [131 x 170 from (244, 204)]
I1014 15:37:17.089278  9224 work_detect.cpp:120] Succeeded to add det end for frame 300
I1014 15:37:17.089296  9224 work_thread.hpp:81]  [T-Work-Detect_0] Run work: WrokTrack
I1014 15:37:17.089323  9224 work_track.cpp:102] Succeeded to set track lock for frame 300
I1014 15:37:17.089350  9224 work_track.cpp:116] Succeeded to release track lock for frame 300
I1014 15:37:17.089365  9224 work_track.cpp:120] Track results of frame 300: 0 objects input, 0 objects tracked!
I1014 15:37:17.089383  9224 work_thread.hpp:87]  [T-Work-Detect_0] Frame :300 split
I1014 15:37:17.089432  9227 thread_intergrate.hpp:78] [T-Intergrate-intergrate] queue: frame output frame :300
I1014 15:37:17.090564  9227 thread_intergrate.hpp:187] T-Intergrate-intergrate Show face :0, size :640 * 360
I1014 15:37:17.091111  9223 demo_inner.hpp:435] thread [SORT-0]  frame id 300 sorting queue size 8   FPS: 28.8018
I1014 15:37:17.112372  9221 demo_inner.hpp:177] decode queue size 0
I1014 15:37:17.112469  9224 work_thread.hpp:81]  [T-Work-Detect_0] Run work: WorkDetect
I1014 15:37:17.112504  9224 work_detect.cpp:102] Succeeded to add det start for frame 301
I1014 15:37:17.119072  9224 work_detect.cpp:70] Frame :301 detect result :1 face(s)
W1014 15:37:17.119108  9224 work_detect.cpp:83] Invalid bbox: [132 x 175 from (242, 203)]
I1014 15:37:17.119206  9224 work_detect.cpp:120] Succeeded to add det end for frame 301
I1014 15:37:17.119225  9224 work_thread.hpp:81]  [T-Work-Detect_0] Run work: WrokTrack
I1014 15:37:17.119251  9224 work_track.cpp:102] Succeeded to set track lock for frame 301
I1014 15:37:17.119278  9224 work_track.cpp:116] Succeeded to release track lock for frame 301
I1014 15:37:17.119292  9224 work_track.cpp:120] Track results of frame 301: 0 objects input, 0 objects tracked!
I1014 15:37:17.119310  9224 work_thread.hpp:87]  [T-Work-Detect_0] Frame :301 split
I1014 15:37:17.119361  9227 thread_intergrate.hpp:78] [T-Intergrate-intergrate] queue: frame output frame :301
I1014 15:37:17.120448  9227 thread_intergrate.hpp:187] T-Intergrate-intergrate Show face :0, size :640 * 360
I1014 15:37:17.121049  9223 demo_inner.hpp:435] thread [SORT-0]  frame id 301 sorting queue size 9   FPS: 28.8129
I1014 15:37:17.148255  9221 demo_inner.hpp:177] decode queue size 0
I1014 15:37:17.148351  9224 work_thread.hpp:81]  [T-Work-Detect_0] Run work: WorkDetect
I1014 15:37:17.148386  9224 work_detect.cpp:102] Succeeded to add det start for frame 302
I1014 15:37:17.155000  9224 work_detect.cpp:70] Frame :302 detect result :1 face(s)
W1014 15:37:17.155040  9224 work_detect.cpp:83] Invalid bbox: [131 x 173 from (244, 203)]
I1014 15:37:17.155136  9224 work_detect.cpp:120] Succeeded to add det end for frame 302
I1014 15:37:17.155153  9224 work_thread.hpp:81]  [T-Work-Detect_0] Run work: WrokTrack
I1014 15:37:17.155180  9224 work_track.cpp:102] Succeeded to set track lock for frame 302
I1014 15:37:17.155207  9224 work_track.cpp:116] Succeeded to release track lock for frame 302
I1014 15:37:17.155221  9224 work_track.cpp:120] Track results of frame 302: 0 objects input, 0 objects tracked!
I1014 15:37:17.155239  9224 work_thread.hpp:87]  [T-Work-Detect_0] Frame :302 split
I1014 15:37:17.155287  9227 thread_intergrate.hpp:78] [T-Intergrate-intergrate] queue: frame output frame :302
I1014 15:37:17.156373  9227 thread_intergrate.hpp:187] T-Intergrate-intergrate Show face :0, size :640 * 360
I1014 15:37:17.156960  9223 demo_inner.hpp:435] thread [SORT-0]  frame id 302 sorting queue size 10   FPS: 28.8129
I1014 15:37:17.183935  9222 demo_inner.hpp:260]  gui queue size 10, state = running
I1014 15:37:17.184537  9221 demo_inner.hpp:177] decode queue size 0
I1014 15:37:17.184656  9224 work_thread.hpp:81]  [T-Work-Detect_0] Run work: WorkDetect
I1014 15:37:17.184692  9224 work_detect.cpp:102] Succeeded to add det start for frame 303
I1014 15:37:17.191265  9224 work_detect.cpp:70] Frame :303 detect result :1 face(s)
W1014 15:37:17.191298  9224 work_detect.cpp:83] Invalid bbox: [128 x 169 from (244, 204)]
I1014 15:37:17.191392  9224 work_detect.cpp:120] Succeeded to add det end for frame 303
I1014 15:37:17.191409  9224 work_thread.hpp:81]  [T-Work-Detect_0] Run work: WrokTrack
I1014 15:37:17.191433  9224 work_track.cpp:102] Succeeded to set track lock for frame 303
I1014 15:37:17.191459  9224 work_track.cpp:116] Succeeded to release track lock for frame 303
I1014 15:37:17.191473  9224 work_track.cpp:120] Track results of frame 303: 0 objects input, 0 objects tracked!
I1014 15:37:17.191491  9224 work_thread.hpp:87]  [T-Work-Detect_0] Frame :303 split
I1014 15:37:17.191538  9227 thread_intergrate.hpp:78] [T-Intergrate-intergrate] queue: frame output frame :303
I1014 15:37:17.192670  9227 thread_intergrate.hpp:187] T-Intergrate-intergrate Show face :0, size :640 * 360
I1014 15:37:17.193203  9223 demo_inner.hpp:435] thread [SORT-0]  frame id 303 sorting queue size 0   FPS: 28.7356
I1014 15:37:17.193267  9222 demo_inner.hpp:260]  gui queue size 0, state = running
I1014 15:37:17.214211  9221 demo_inner.hpp:177] decode queue size 0
I1014 15:37:17.214304  9224 work_thread.hpp:81]  [T-Work-Detect_0] Run work: WorkDetect
I1014 15:37:17.214339  9224 work_detect.cpp:102] Succeeded to add det start for frame 304
I1014 15:37:17.220902  9224 work_detect.cpp:70] Frame :304 detect result :1 face(s)
W1014 15:37:17.220933  9224 work_detect.cpp:83] Invalid bbox: [130 x 172 from (243, 204)]
I1014 15:37:17.221035  9224 work_detect.cpp:120] Succeeded to add det end for frame 304
I1014 15:37:17.221052  9224 work_thread.hpp:81]  [T-Work-Detect_0] Run work: WrokTrack
I1014 15:37:17.221077  9224 work_track.cpp:102] Succeeded to set track lock for frame 304
I1014 15:37:17.221104  9224 work_track.cpp:116] Succeeded to release track lock for frame 304
I1014 15:37:17.221118  9224 work_track.cpp:120] Track results of frame 304: 0 objects input, 0 objects tracked!
I1014 15:37:17.221137  9224 work_thread.hpp:87]  [T-Work-Detect_0] Frame :304 split
I1014 15:37:17.221186  9227 thread_intergrate.hpp:78] [T-Intergrate-intergrate] queue: frame output frame :304
I1014 15:37:17.222272  9227 thread_intergrate.hpp:187] T-Intergrate-intergrate Show face :0, size :640 * 360
I1014 15:37:17.222860  9223 demo_inner.hpp:435] thread [SORT-0]  frame id 304 sorting queue size 0   FPS: 28.8129
I1014 15:37:17.222929  9222 demo_inner.hpp:260]  gui queue size 0, state = running
I1014 15:37:17.250200  9221 demo_inner.hpp:177] decode queue size 0
I1014 15:37:17.250291  9224 work_thread.hpp:81]  [T-Work-Detect_0] Run work: WorkDetect
I1014 15:37:17.250325  9224 work_detect.cpp:102] Succeeded to add det start for frame 305
I1014 15:37:17.257006  9224 work_detect.cpp:70] Frame :305 detect result :1 face(s)
W1014 15:37:17.257040  9224 work_detect.cpp:83] Invalid bbox: [131 x 172 from (243, 203)]
I1014 15:37:17.257136  9224 work_detect.cpp:120] Succeeded to add det end for frame 305
I1014 15:37:17.257153  9224 work_thread.hpp:81]  [T-Work-Detect_0] Run work: WrokTrack
I1014 15:37:17.257180  9224 work_track.cpp:102] Succeeded to set track lock for frame 305
I1014 15:37:17.257206  9224 work_track.cpp:116] Succeeded to release track lock for frame 305
I1014 15:37:17.257220  9224 work_track.cpp:120] Track results of frame 305: 0 objects input, 0 objects tracked!
I1014 15:37:17.257238  9224 work_thread.hpp:87]  [T-Work-Detect_0] Frame :305 split
I1014 15:37:17.257285  9227 thread_intergrate.hpp:78] [T-Intergrate-intergrate] queue: frame output frame :305
I1014 15:37:17.258369  9227 thread_intergrate.hpp:187] T-Intergrate-intergrate Show face :0, size :640 * 360
I1014 15:37:17.258888  9223 demo_inner.hpp:435] thread [SORT-0]  frame id 305 sorting queue size 0   FPS: 28.7466
I1014 15:37:17.258955  9222 demo_inner.hpp:260]  gui queue size 0, state = running
I1014 15:37:17.280259  9221 demo_inner.hpp:177] decode queue size 0
I1014 15:37:17.280347  9224 work_thread.hpp:81]  [T-Work-Detect_0] Run work: WorkDetect
I1014 15:37:17.280382  9224 work_detect.cpp:102] Succeeded to add det start for frame 306
I1014 15:37:17.286931  9224 work_detect.cpp:70] Frame :306 detect result :1 face(s)
W1014 15:37:17.286962  9224 work_detect.cpp:83] Invalid bbox: [132 x 173 from (242, 203)]
I1014 15:37:17.287062  9224 work_detect.cpp:120] Succeeded to add det end for frame 306
I1014 15:37:17.287079  9224 work_thread.hpp:81]  [T-Work-Detect_0] Run work: WrokTrack
I1014 15:37:17.287106  9224 work_track.cpp:102] Succeeded to set track lock for frame 306
I1014 15:37:17.287132  9224 work_track.cpp:116] Succeeded to release track lock for frame 306
I1014 15:37:17.287145  9224 work_track.cpp:120] Track results of frame 306: 0 objects input, 0 objects tracked!
I1014 15:37:17.287163  9224 work_thread.hpp:87]  [T-Work-Detect_0] Frame :306 split
I1014 15:37:17.287214  9227 thread_intergrate.hpp:78] [T-Intergrate-intergrate] queue: frame output frame :306
I1014 15:37:17.288347  9227 thread_intergrate.hpp:187] T-Intergrate-intergrate Show face :0, size :640 * 360
I1014 15:37:17.288933  9223 demo_inner.hpp:435] thread [SORT-0]  frame id 306 sorting queue size 0   FPS: 28.8129
I1014 15:37:17.289000  9222 demo_inner.hpp:260]  gui queue size 0, state = running
I1014 15:37:17.316246  9221 demo_inner.hpp:177] decode queue size 0
I1014 15:37:17.316342  9224 work_thread.hpp:81]  [T-Work-Detect_0] Run work: WorkDetect
I1014 15:37:17.316378  9224 work_detect.cpp:102] Succeeded to add det start for frame 307
I1014 15:37:17.322996  9224 work_detect.cpp:70] Frame :307 detect result :1 face(s)
W1014 15:37:17.323030  9224 work_detect.cpp:83] Invalid bbox: [131 x 173 from (243, 203)]
I1014 15:37:17.323130  9224 work_detect.cpp:120] Succeeded to add det end for frame 307
I1014 15:37:17.323148  9224 work_thread.hpp:81]  [T-Work-Detect_0] Run work: WrokTrack
I1014 15:37:17.323173  9224 work_track.cpp:102] Succeeded to set track lock for frame 307
I1014 15:37:17.323199  9224 work_track.cpp:116] Succeeded to release track lock for frame 307
I1014 15:37:17.323212  9224 work_track.cpp:120] Track results of frame 307: 0 objects input, 0 objects tracked!
I1014 15:37:17.323231  9224 work_thread.hpp:87]  [T-Work-Detect_0] Frame :307 split
I1014 15:37:17.323276  9227 thread_intergrate.hpp:78] [T-Intergrate-intergrate] queue: frame output frame :307
I1014 15:37:17.324362  9227 thread_intergrate.hpp:187] T-Intergrate-intergrate Show face :0, size :640 * 360
I1014 15:37:17.324952  9223 demo_inner.hpp:435] thread [SORT-0]  frame id 307 sorting queue size 0   FPS: 28.8129
I1014 15:37:17.325019  9222 demo_inner.hpp:260]  gui queue size 0, state = running
I1014 15:37:17.346465  9221 demo_inner.hpp:177] decode queue size 0
I1014 15:37:17.346577  9224 work_thread.hpp:81]  [T-Work-Detect_0] Run work: WorkDetect
I1014 15:37:17.346611  9224 work_detect.cpp:102] Succeeded to add det start for frame 308
I1014 15:37:17.353241  9224 work_detect.cpp:70] Frame :308 detect result :1 face(s)
W1014 15:37:17.353277  9224 work_detect.cpp:83] Invalid bbox: [131 x 173 from (243, 203)]
I1014 15:37:17.353374  9224 work_detect.cpp:120] Succeeded to add det end for frame 308
I1014 15:37:17.353390  9224 work_thread.hpp:81]  [T-Work-Detect_0] Run work: WrokTrack
I1014 15:37:17.353416  9224 work_track.cpp:102] Succeeded to set track lock for frame 308
I1014 15:37:17.353442  9224 work_track.cpp:116] Succeeded to release track lock for frame 308
I1014 15:37:17.353456  9224 work_track.cpp:120] Track results of frame 308: 0 objects input, 0 objects tracked!
I1014 15:37:17.353474  9224 work_thread.hpp:87]  [T-Work-Detect_0] Frame :308 split
I1014 15:37:17.353526  9227 thread_intergrate.hpp:78] [T-Intergrate-intergrate] queue: frame output frame :308
I1014 15:37:17.354612  9227 thread_intergrate.hpp:187] T-Intergrate-intergrate Show face :0, size :640 * 360
I1014 15:37:17.355154  9223 demo_inner.hpp:435] thread [SORT-0]  frame id 308 sorting queue size 0   FPS: 28.8018
I1014 15:37:17.355223  9222 demo_inner.hpp:260]  gui queue size 0, state = running
I1014 15:37:17.382330  9221 demo_inner.hpp:177] decode queue size 0
I1014 15:37:17.382436  9224 work_thread.hpp:81]  [T-Work-Detect_0] Run work: WorkDetect
I1014 15:37:17.382474  9224 work_detect.cpp:102] Succeeded to add det start for frame 309
I1014 15:37:17.389132  9224 work_detect.cpp:70] Frame :309 detect result :1 face(s)
W1014 15:37:17.389174  9224 work_detect.cpp:83] Invalid bbox: [133 x 176 from (242, 201)]
I1014 15:37:17.389272  9224 work_detect.cpp:120] Succeeded to add det end for frame 309
I1014 15:37:17.389291  9224 work_thread.hpp:81]  [T-Work-Detect_0] Run work: WrokTrack
I1014 15:37:17.389317  9224 work_track.cpp:102] Succeeded to set track lock for frame 309
I1014 15:37:17.389344  9224 work_track.cpp:116] Succeeded to release track lock for frame 309
I1014 15:37:17.389358  9224 work_track.cpp:120] Track results of frame 309: 0 objects input, 0 objects tracked!
I1014 15:37:17.389376  9224 work_thread.hpp:87]  [T-Work-Detect_0] Frame :309 split
I1014 15:37:17.389470  9227 thread_intergrate.hpp:78] [T-Intergrate-intergrate] queue: frame output frame :309
I1014 15:37:17.390558  9227 thread_intergrate.hpp:187] T-Intergrate-intergrate Show face :0, size :640 * 360
I1014 15:37:17.391149  9223 demo_inner.hpp:435] thread [SORT-0]  frame id 309 sorting queue size 0   FPS: 28.8129
I1014 15:37:17.391216  9222 demo_inner.hpp:260]  gui queue size 0, state = running
I1014 15:37:17.418354  9221 demo_inner.hpp:177] decode queue size 0
I1014 15:37:17.418450  9224 work_thread.hpp:81]  [T-Work-Detect_0] Run work: WorkDetect
I1014 15:37:17.418486  9224 work_detect.cpp:102] Succeeded to add det start for frame 310
I1014 15:37:17.425101  9224 work_detect.cpp:70] Frame :310 detect result :1 face(s)
W1014 15:37:17.425144  9224 work_detect.cpp:83] Invalid bbox: [132 x 176 from (242, 201)]
I1014 15:37:17.425245  9224 work_detect.cpp:120] Succeeded to add det end for frame 310
I1014 15:37:17.425262  9224 work_thread.hpp:81]  [T-Work-Detect_0] Run work: WrokTrack
I1014 15:37:17.425289  9224 work_track.cpp:102] Succeeded to set track lock for frame 310
I1014 15:37:17.425315  9224 work_track.cpp:116] Succeeded to release track lock for frame 310
I1014 15:37:17.425329  9224 work_track.cpp:120] Track results of frame 310: 0 objects input, 0 objects tracked!
I1014 15:37:17.425346  9224 work_thread.hpp:87]  [T-Work-Detect_0] Frame :310 split
I1014 15:37:17.425396  9227 thread_intergrate.hpp:78] [T-Intergrate-intergrate] queue: frame output frame :310
I1014 15:37:17.426482  9227 thread_intergrate.hpp:187] T-Intergrate-intergrate Show face :0, size :640 * 360
I1014 15:37:17.427006  9223 demo_inner.hpp:435] thread [SORT-0]  frame id 310 sorting queue size 0   FPS: 28.7466
I1014 15:37:17.427074  9222 demo_inner.hpp:260]  gui queue size 0, state = running
I1014 15:37:17.448371  9221 demo_inner.hpp:177] decode queue size 0
I1014 15:37:17.448467  9224 work_thread.hpp:81]  [T-Work-Detect_0] Run work: WorkDetect
I1014 15:37:17.448503  9224 work_detect.cpp:102] Succeeded to add det start for frame 311
I1014 15:37:17.455055  9224 work_detect.cpp:70] Frame :311 detect result :1 face(s)
W1014 15:37:17.455098  9224 work_detect.cpp:83] Invalid bbox: [144 x 187 from (245, 198)]
I1014 15:37:17.455199  9224 work_detect.cpp:120] Succeeded to add det end for frame 311
I1014 15:37:17.455216  9224 work_thread.hpp:81]  [T-Work-Detect_0] Run work: WrokTrack
I1014 15:37:17.455243  9224 work_track.cpp:102] Succeeded to set track lock for frame 311
I1014 15:37:17.455269  9224 work_track.cpp:116] Succeeded to release track lock for frame 311
I1014 15:37:17.455283  9224 work_track.cpp:120] Track results of frame 311: 0 objects input, 0 objects tracked!
I1014 15:37:17.455302  9224 work_thread.hpp:87]  [T-Work-Detect_0] Frame :311 split
I1014 15:37:17.455360  9227 thread_intergrate.hpp:78] [T-Intergrate-intergrate] queue: frame output frame :311
I1014 15:37:17.456449  9227 thread_intergrate.hpp:187] T-Intergrate-intergrate Show face :0, size :640 * 360
I1014 15:37:17.457047  9223 demo_inner.hpp:435] thread [SORT-0]  frame id 311 sorting queue size 0   FPS: 28.8129
I1014 15:37:17.457114  9222 demo_inner.hpp:260]  gui queue size 0, state = running
I1014 15:37:17.484516  9221 demo_inner.hpp:177] decode queue size 0
I1014 15:37:17.484630  9224 work_thread.hpp:81]  [T-Work-Detect_0] Run work: WorkDetect
I1014 15:37:17.484665  9224 work_detect.cpp:102] Succeeded to add det start for frame 312
I1014 15:37:17.491259  9224 work_detect.cpp:70] Frame :312 detect result :1 face(s)
W1014 15:37:17.491303  9224 work_detect.cpp:83] Invalid bbox: [147 x 187 from (245, 195)]
I1014 15:37:17.491401  9224 work_detect.cpp:120] Succeeded to add det end for frame 312
I1014 15:37:17.491418  9224 work_thread.hpp:81]  [T-Work-Detect_0] Run work: WrokTrack
I1014 15:37:17.491446  9224 work_track.cpp:102] Succeeded to set track lock for frame 312
I1014 15:37:17.491472  9224 work_track.cpp:116] Succeeded to release track lock for frame 312
I1014 15:37:17.491485  9224 work_track.cpp:120] Track results of frame 312: 0 objects input, 0 objects tracked!
I1014 15:37:17.491551  9224 work_thread.hpp:87]  [T-Work-Detect_0] Frame :312 split
I1014 15:37:17.491605  9227 thread_intergrate.hpp:78] [T-Intergrate-intergrate] queue: frame output frame :312
I1014 15:37:17.492692  9227 thread_intergrate.hpp:187] T-Intergrate-intergrate Show face :0, size :640 * 360
I1014 15:37:17.493237  9223 demo_inner.hpp:435] thread [SORT-0]  frame id 312 sorting queue size 0   FPS: 28.7356
I1014 15:37:17.493307  9222 demo_inner.hpp:260]  gui queue size 0, state = running
I1014 15:37:17.514365  9221 demo_inner.hpp:177] decode queue size 0
I1014 15:37:17.514466  9224 work_thread.hpp:81]  [T-Work-Detect_0] Run work: WorkDetect
I1014 15:37:17.514500  9224 work_detect.cpp:102] Succeeded to add det start for frame 313
I1014 15:37:17.521095  9224 work_detect.cpp:70] Frame :313 detect result :1 face(s)
W1014 15:37:17.521139  9224 work_detect.cpp:83] Invalid bbox: [142 x 177 from (247, 202)]
I1014 15:37:17.521240  9224 work_detect.cpp:120] Succeeded to add det end for frame 313
I1014 15:37:17.521257  9224 work_thread.hpp:81]  [T-Work-Detect_0] Run work: WrokTrack
I1014 15:37:17.521286  9224 work_track.cpp:102] Succeeded to set track lock for frame 313
I1014 15:37:17.521311  9224 work_track.cpp:116] Succeeded to release track lock for frame 313
I1014 15:37:17.521325  9224 work_track.cpp:120] Track results of frame 313: 0 objects input, 0 objects tracked!
I1014 15:37:17.521343  9224 work_thread.hpp:87]  [T-Work-Detect_0] Frame :313 split
I1014 15:37:17.521397  9227 thread_intergrate.hpp:78] [T-Intergrate-intergrate] queue: frame output frame :313
I1014 15:37:17.522485  9227 thread_intergrate.hpp:187] T-Intergrate-intergrate Show face :0, size :640 * 360
I1014 15:37:17.523030  9223 demo_inner.hpp:435] thread [SORT-0]  frame id 313 sorting queue size 0   FPS: 28.8018
I1014 15:37:17.523095  9222 demo_inner.hpp:260]  gui queue size 0, state = running
I1014 15:37:17.550334  9221 demo_inner.hpp:177] decode queue size 0
I1014 15:37:17.550434  9224 work_thread.hpp:81]  [T-Work-Detect_0] Run work: WorkDetect
I1014 15:37:17.550469  9224 work_detect.cpp:102] Succeeded to add det start for frame 314
I1014 15:37:17.557054  9224 work_detect.cpp:70] Frame :314 detect result :1 face(s)
W1014 15:37:17.557098  9224 work_detect.cpp:83] Invalid bbox: [138 x 172 from (257, 207)]
I1014 15:37:17.557194  9224 work_detect.cpp:120] Succeeded to add det end for frame 314
I1014 15:37:17.557212  9224 work_thread.hpp:81]  [T-Work-Detect_0] Run work: WrokTrack
I1014 15:37:17.557238  9224 work_track.cpp:102] Succeeded to set track lock for frame 314
I1014 15:37:17.557265  9224 work_track.cpp:116] Succeeded to release track lock for frame 314
I1014 15:37:17.557279  9224 work_track.cpp:120] Track results of frame 314: 0 objects input, 0 objects tracked!
I1014 15:37:17.557297  9224 work_thread.hpp:87]  [T-Work-Detect_0] Frame :314 split
I1014 15:37:17.557348  9227 thread_intergrate.hpp:78] [T-Intergrate-intergrate] queue: frame output frame :314
I1014 15:37:17.558434  9227 thread_intergrate.hpp:187] T-Intergrate-intergrate Show face :0, size :640 * 360
I1014 15:37:17.559033  9223 demo_inner.hpp:435] thread [SORT-0]  frame id 314 sorting queue size 0   FPS: 28.8129
I1014 15:37:17.559108  9222 demo_inner.hpp:260]  gui queue size 0, state = running
I1014 15:37:17.580473  9221 demo_inner.hpp:177] decode queue size 0
I1014 15:37:17.580580  9224 work_thread.hpp:81]  [T-Work-Detect_0] Run work: WorkDetect
I1014 15:37:17.580615  9224 work_detect.cpp:102] Succeeded to add det start for frame 315
I1014 15:37:17.587072  9224 work_detect.cpp:70] Frame :315 detect result :1 face(s)
W1014 15:37:17.587121  9224 work_detect.cpp:83] Invalid bbox: [140 x 173 from (261, 206)]
I1014 15:37:17.587221  9224 work_detect.cpp:120] Succeeded to add det end for frame 315
I1014 15:37:17.587239  9224 work_thread.hpp:81]  [T-Work-Detect_0] Run work: WrokTrack
I1014 15:37:17.587266  9224 work_track.cpp:102] Succeeded to set track lock for frame 315
I1014 15:37:17.587292  9224 work_track.cpp:116] Succeeded to release track lock for frame 315
I1014 15:37:17.587357  9224 work_track.cpp:120] Track results of frame 315: 0 objects input, 0 objects tracked!
I1014 15:37:17.587378  9224 work_thread.hpp:87]  [T-Work-Detect_0] Frame :315 split
I1014 15:37:17.587440  9227 thread_intergrate.hpp:78] [T-Intergrate-intergrate] queue: frame output frame :315
I1014 15:37:17.588529  9227 thread_intergrate.hpp:187] T-Intergrate-intergrate Show face :0, size :640 * 360
I1014 15:37:17.589123  9223 demo_inner.hpp:435] thread [SORT-0]  frame id 315 sorting queue size 0   FPS: 28.8129
I1014 15:37:17.589215  9222 demo_inner.hpp:260]  gui queue size 0, state = running
I1014 15:37:17.616312  9221 demo_inner.hpp:177] decode queue size 0
I1014 15:37:17.616422  9224 work_thread.hpp:81]  [T-Work-Detect_0] Run work: WorkDetect
I1014 15:37:17.616457  9224 work_detect.cpp:102] Succeeded to add det start for frame 316
I1014 15:37:17.623025  9224 work_detect.cpp:70] Frame :316 detect result :1 face(s)
W1014 15:37:17.623070  9224 work_detect.cpp:83] Invalid bbox: [138 x 169 from (265, 209)]
I1014 15:37:17.623172  9224 work_detect.cpp:120] Succeeded to add det end for frame 316
I1014 15:37:17.623189  9224 work_thread.hpp:81]  [T-Work-Detect_0] Run work: WrokTrack
I1014 15:37:17.623216  9224 work_track.cpp:102] Succeeded to set track lock for frame 316
I1014 15:37:17.623244  9224 work_track.cpp:116] Succeeded to release track lock for frame 316
I1014 15:37:17.623257  9224 work_track.cpp:120] Track results of frame 316: 0 objects input, 0 objects tracked!
I1014 15:37:17.623275  9224 work_thread.hpp:87]  [T-Work-Detect_0] Frame :316 split
I1014 15:37:17.623323  9227 thread_intergrate.hpp:78] [T-Intergrate-intergrate] queue: frame output frame :316
I1014 15:37:17.624411  9227 thread_intergrate.hpp:187] T-Intergrate-intergrate Show face :0, size :640 * 360
I1014 15:37:17.625005  9223 demo_inner.hpp:435] thread [SORT-0]  frame id 316 sorting queue size 0   FPS: 28.8129
I1014 15:37:17.625075  9222 demo_inner.hpp:260]  gui queue size 0, state = running
I1014 15:37:17.646400  9221 demo_inner.hpp:177] decode queue size 0
I1014 15:37:17.646493  9224 work_thread.hpp:81]  [T-Work-Detect_0] Run work: WorkDetect
I1014 15:37:17.646528  9224 work_detect.cpp:102] Succeeded to add det start for frame 317
I1014 15:37:17.653069  9224 work_detect.cpp:70] Frame :317 detect result :1 face(s)
W1014 15:37:17.653111  9224 work_detect.cpp:83] Invalid bbox: [136 x 173 from (270, 207)]
I1014 15:37:17.653211  9224 work_detect.cpp:120] Succeeded to add det end for frame 317
I1014 15:37:17.653228  9224 work_thread.hpp:81]  [T-Work-Detect_0] Run work: WrokTrack
I1014 15:37:17.653256  9224 work_track.cpp:102] Succeeded to set track lock for frame 317
I1014 15:37:17.653283  9224 work_track.cpp:116] Succeeded to release track lock for frame 317
I1014 15:37:17.653297  9224 work_track.cpp:120] Track results of frame 317: 0 objects input, 0 objects tracked!
I1014 15:37:17.653316  9224 work_thread.hpp:87]  [T-Work-Detect_0] Frame :317 split
I1014 15:37:17.653370  9227 thread_intergrate.hpp:78] [T-Intergrate-intergrate] queue: frame output frame :317
I1014 15:37:17.654458  9227 thread_intergrate.hpp:187] T-Intergrate-intergrate Show face :0, size :640 * 360
I1014 15:37:17.655055  9223 demo_inner.hpp:435] thread [SORT-0]  frame id 317 sorting queue size 0   FPS: 28.8129
I1014 15:37:17.655122  9222 demo_inner.hpp:260]  gui queue size 0, state = running
I1014 15:37:17.682324  9221 demo_inner.hpp:177] decode queue size 0
I1014 15:37:17.682427  9224 work_thread.hpp:81]  [T-Work-Detect_0] Run work: WorkDetect
I1014 15:37:17.682463  9224 work_detect.cpp:102] Succeeded to add det start for frame 318
I1014 15:37:17.689105  9224 work_detect.cpp:70] Frame :318 detect result :1 face(s)
W1014 15:37:17.689147  9224 work_detect.cpp:83] Invalid bbox: [142 x 180 from (270, 202)]
I1014 15:37:17.689245  9224 work_detect.cpp:120] Succeeded to add det end for frame 318
I1014 15:37:17.689262  9224 work_thread.hpp:81]  [T-Work-Detect_0] Run work: WrokTrack
I1014 15:37:17.689290  9224 work_track.cpp:102] Succeeded to set track lock for frame 318
I1014 15:37:17.689316  9224 work_track.cpp:116] Succeeded to release track lock for frame 318
I1014 15:37:17.689376  9224 work_track.cpp:120] Track results of frame 318: 0 objects input, 0 objects tracked!
I1014 15:37:17.689397  9224 work_thread.hpp:87]  [T-Work-Detect_0] Frame :318 split
I1014 15:37:17.689450  9227 thread_intergrate.hpp:78] [T-Intergrate-intergrate] queue: frame output frame :318
I1014 15:37:17.690536  9227 thread_intergrate.hpp:187] T-Intergrate-intergrate Show face :0, size :640 * 360
I1014 15:37:17.691076  9223 demo_inner.hpp:435] thread [SORT-0]  frame id 318 sorting queue size 0   FPS: 28.8018
I1014 15:37:17.691143  9222 demo_inner.hpp:260]  gui queue size 0, state = running
I1014 15:37:17.718231  9221 demo_inner.hpp:177] decode queue size 0
I1014 15:37:17.718339  9224 work_thread.hpp:81]  [T-Work-Detect_0] Run work: WorkDetect
I1014 15:37:17.718374  9224 work_detect.cpp:102] Succeeded to add det start for frame 319
I1014 15:37:17.724987  9224 work_detect.cpp:70] Frame :319 detect result :1 face(s)
W1014 15:37:17.725029  9224 work_detect.cpp:83] Invalid bbox: [147 x 182 from (268, 200)]
I1014 15:37:17.725131  9224 work_detect.cpp:120] Succeeded to add det end for frame 319
I1014 15:37:17.725148  9224 work_thread.hpp:81]  [T-Work-Detect_0] Run work: WrokTrack
I1014 15:37:17.725175  9224 work_track.cpp:102] Succeeded to set track lock for frame 319
I1014 15:37:17.725203  9224 work_track.cpp:116] Succeeded to release track lock for frame 319
I1014 15:37:17.725216  9224 work_track.cpp:120] Track results of frame 319: 0 objects input, 0 objects tracked!
I1014 15:37:17.725234  9224 work_thread.hpp:87]  [T-Work-Detect_0] Frame :319 split
I1014 15:37:17.725283  9227 thread_intergrate.hpp:78] [T-Intergrate-intergrate] queue: frame output frame :319
I1014 15:37:17.726382  9227 thread_intergrate.hpp:187] T-Intergrate-intergrate Show face :0, size :640 * 360
I1014 15:37:17.726930  9223 demo_inner.hpp:435] thread [SORT-0]  frame id 319 sorting queue size 0   FPS: 28.7908
I1014 15:37:17.726999  9222 demo_inner.hpp:260]  gui queue size 0, state = running
I1014 15:37:17.748369  9221 demo_inner.hpp:177] decode queue size 0
I1014 15:37:17.748477  9224 work_thread.hpp:81]  [T-Work-Detect_0] Run work: WorkDetect
I1014 15:37:17.748513  9224 work_detect.cpp:102] Succeeded to add det start for frame 320
I1014 15:37:17.755103  9224 work_detect.cpp:70] Frame :320 detect result :1 face(s)
W1014 15:37:17.755149  9224 work_detect.cpp:83] Invalid bbox: [155 x 188 from (275, 196)]
I1014 15:37:17.755247  9224 work_detect.cpp:120] Succeeded to add det end for frame 320
I1014 15:37:17.755264  9224 work_thread.hpp:81]  [T-Work-Detect_0] Run work: WrokTrack
I1014 15:37:17.755291  9224 work_track.cpp:102] Succeeded to set track lock for frame 320
I1014 15:37:17.755318  9224 work_track.cpp:116] Succeeded to release track lock for frame 320
