I1014 15:01:19.004827  8472 work_thread.hpp:120]  [T-Work-Detect_0] Valid piece: gid = 0
I1014 15:01:19.004846  8472 work_thread.hpp:91]  [T-Work-Detect_0] Push to split queue:recog
I1014 15:01:19.004894  8474 work_thread.hpp:81]  [T-Work-Recog_1] Run work: WorkCapture
I1014 15:01:19.005199  8475 thread_intergrate.hpp:78] [T-Intergrate-intergrate] queue: frame output frame :23
I1014 15:01:19.005236  8475 thread_intergrate.hpp:85] [T-Intergrate-intergrate] queue: compare output face:0
I1014 15:01:19.005256  8475 thread_intergrate.hpp:144] T-Intergrate-intergrate set matched face: 0
I1014 15:01:19.005455  8474 work_thread.hpp:81]  [T-Work-Recog_1] Run work: WorkRecog
I1014 15:01:19.005478  8474 work_recog.hpp:89] Face id: 0 will run recog: bbox [185 x 230 from (294, 127)] quality: 0.445279
I1014 15:01:19.005506  8474 work_recog.hpp:96] Recog pair: [264 x 280 from (256, 80)], [185 x 230 from (38, 47)]
I1014 15:01:19.007243  8475 thread_intergrate.hpp:168] T-Intergrate-intergrate Show face :0, size :640 * 360
I1014 15:01:19.008010  8471 demo_inner.hpp:435] thread [SORT-0]  frame id 23 sorting queue size 0   FPS: 29.77
I1014 15:01:19.008106  8470 demo_inner.hpp:260]  gui queue size 0, state = running
I1014 15:01:19.023377  8474 work_thread.hpp:81]  [T-Work-Recog_1] Run work: WorkCompare
I1014 15:01:19.023983  8474 work_compare.cpp:76] Compare face: 0 successed, similarity :0.989056, name : images/ThangLMb.jpg, normal size : 1548 * 1719!
I1014 15:01:19.033114  8469 demo_inner.hpp:177] decode queue size 0
I1014 15:01:19.033216  8472 work_thread.hpp:81]  [T-Work-Detect_0] Run work: WorkDetect
I1014 15:01:19.033252  8472 work_detect.cpp:102] Succeeded to add det start for frame 24
I1014 15:01:19.040127  8472 work_detect.cpp:70] Frame :24 detect result :1 face(s)
I1014 15:01:19.040189  8472 work_detect.cpp:86] Detected bbox: [185 x 225 from (295, 133)]
I1014 15:01:19.040233  8472 work_detect.cpp:120] Succeeded to add det end for frame 24
I1014 15:01:19.040251  8472 work_thread.hpp:81]  [T-Work-Detect_0] Run work: WrokTrack
I1014 15:01:19.040274  8472 work_track.cpp:82] Frame: 24 build input_characts: [0.289062 x 0.625 from (0.460938, 0.369444)], 1.00035, 0
I1014 15:01:19.040331  8472 work_track.cpp:102] Succeeded to set track lock for frame 24
I1014 15:01:19.040370  8472 work_track.cpp:116] Succeeded to release track lock for frame 24
I1014 15:01:19.040385  8472 work_track.cpp:120] Track results of frame 24: 1 objects input, 1 objects tracked!
I1014 15:01:19.040403  8472 work_track.cpp:148] Frame: 24, track bbox: [185 x 225 from (293.822, 130.797)], gid: 0, lid: 0
I1014 15:01:19.040439  8472 work_thread.hpp:87]  [T-Work-Detect_0] Frame :24 split
I1014 15:01:19.040457  8472 work_thread.hpp:120]  [T-Work-Detect_0] Valid piece: gid = 0
I1014 15:01:19.040477  8472 work_thread.hpp:91]  [T-Work-Detect_0] Push to split queue:recog
I1014 15:01:19.040529  8473 work_thread.hpp:81]  [T-Work-Recog_0] Run work: WorkCapture
I1014 15:01:19.040834  8475 thread_intergrate.hpp:78] [T-Intergrate-intergrate] queue: frame output frame :24
I1014 15:01:19.040863  8475 thread_intergrate.hpp:85] [T-Intergrate-intergrate] queue: compare output face:0
I1014 15:01:19.040881  8475 thread_intergrate.hpp:144] T-Intergrate-intergrate set matched face: 0
I1014 15:01:19.041085  8473 work_thread.hpp:81]  [T-Work-Recog_0] Run work: WorkRecog
I1014 15:01:19.041108  8473 work_recog.hpp:89] Face id: 0 will run recog: bbox [185 x 225 from (295, 133)] quality: 0.464612
I1014 15:01:19.041137  8473 work_recog.hpp:96] Recog pair: [264 x 272 from (256, 88)], [185 x 225 from (39, 45)]
I1014 15:01:19.042913  8475 thread_intergrate.hpp:168] T-Intergrate-intergrate Show face :0, size :640 * 360
I1014 15:01:19.043545  8471 demo_inner.hpp:435] thread [SORT-0]  frame id 24 sorting queue size 0   FPS: 29.7158
I1014 15:01:19.043630  8470 demo_inner.hpp:260]  gui queue size 0, state = running
I1014 15:01:19.059010  8473 work_thread.hpp:81]  [T-Work-Recog_0] Run work: WorkCompare
I1014 15:01:19.059473  8473 work_compare.cpp:76] Compare face: 0 successed, similarity :0.991261, name : images/ThangLMb.jpg, normal size : 1548 * 1719!
I1014 15:01:19.069054  8469 demo_inner.hpp:177] decode queue size 0
I1014 15:01:19.069157  8472 work_thread.hpp:81]  [T-Work-Detect_0] Run work: WorkDetect
I1014 15:01:19.069192  8472 work_detect.cpp:102] Succeeded to add det start for frame 25
I1014 15:01:19.075883  8472 work_detect.cpp:70] Frame :25 detect result :1 face(s)
W1014 15:01:19.075925  8472 work_detect.cpp:83] Invalid bbox: [175 x 215 from (301, 154)]
I1014 15:01:19.076000  8472 work_detect.cpp:120] Succeeded to add det end for frame 25
I1014 15:01:19.076017  8472 work_thread.hpp:81]  [T-Work-Detect_0] Run work: WrokTrack
I1014 15:01:19.076045  8472 work_track.cpp:102] Succeeded to set track lock for frame 25
I1014 15:01:19.076077  8472 work_track.cpp:116] Succeeded to release track lock for frame 25
I1014 15:01:19.076092  8472 work_track.cpp:120] Track results of frame 25: 0 objects input, 1 objects tracked!
I1014 15:01:19.076109  8472 work_track.cpp:148] Frame: 25, track bbox: [185 x 225 from (294.126, 130.618)], gid: 0, lid: -1
I1014 15:01:19.076185  8472 work_thread.hpp:87]  [T-Work-Detect_0] Frame :25 split
I1014 15:01:19.076247  8475 thread_intergrate.hpp:78] [T-Intergrate-intergrate] queue: frame output frame :25
I1014 15:01:19.076277  8475 thread_intergrate.hpp:85] [T-Intergrate-intergrate] queue: compare output face:0
I1014 15:01:19.076297  8475 thread_intergrate.hpp:144] T-Intergrate-intergrate set matched face: 0
I1014 15:01:19.078125  8475 thread_intergrate.hpp:168] T-Intergrate-intergrate Show face :0, size :640 * 360
I1014 15:01:19.078833  8471 demo_inner.hpp:435] thread [SORT-0]  frame id 25 sorting queue size 0   FPS: 29.6296
I1014 15:01:19.078902  8470 demo_inner.hpp:260]  gui queue size 0, state = running
I1014 15:01:19.099139  8469 demo_inner.hpp:177] decode queue size 0
I1014 15:01:19.099233  8472 work_thread.hpp:81]  [T-Work-Detect_0] Run work: WorkDetect
I1014 15:01:19.099269  8472 work_detect.cpp:102] Succeeded to add det start for frame 26
I1014 15:01:19.106125  8472 work_detect.cpp:70] Frame :26 detect result :2 face(s)
I1014 15:01:19.106164  8472 work_detect.cpp:86] Detected bbox: [181 x 223 from (299, 133)]
I1014 15:01:19.106196  8472 work_detect.cpp:86] Detected bbox: [55 x 52 from (96, 209)]
I1014 15:01:19.106227  8472 work_detect.cpp:120] Succeeded to add det end for frame 26
I1014 15:01:19.106242  8472 work_thread.hpp:81]  [T-Work-Detect_0] Run work: WrokTrack
I1014 15:01:19.106266  8472 work_track.cpp:82] Frame: 26 build input_characts: [0.282813 x 0.619444 from (0.467187, 0.369444)], 1.00019, 0
I1014 15:01:19.106317  8472 work_track.cpp:82] Frame: 26 build input_characts: [0.0859375 x 0.144444 from (0.15, 0.580556)], 0.947697, 1
I1014 15:01:19.106353  8472 work_track.cpp:102] Succeeded to set track lock for frame 26
I1014 15:01:19.106398  8472 work_track.cpp:116] Succeeded to release track lock for frame 26
I1014 15:01:19.106413  8472 work_track.cpp:120] Track results of frame 26: 2 objects input, 1 objects tracked!
I1014 15:01:19.106431  8472 work_track.cpp:148] Frame: 26, track bbox: [181 x 223 from (298.824, 132.833)], gid: 0, lid: 0
I1014 15:01:19.106464  8472 work_track.cpp:162] Frame: 26 lid: 1 not tracked, will set invalid
I1014 15:01:19.106480  8472 work_thread.hpp:87]  [T-Work-Detect_0] Frame :26 split
I1014 15:01:19.106498  8472 work_thread.hpp:120]  [T-Work-Detect_0] Valid piece: gid = 0
I1014 15:01:19.106514  8472 work_thread.hpp:126]  [T-Work-Detect_0] Invalid piece: lid = 1, drop it
I1014 15:01:19.106529  8472 work_thread.hpp:91]  [T-Work-Detect_0] Push to split queue:recog
I1014 15:01:19.106650  8473 work_thread.hpp:81]  [T-Work-Recog_0] Run work: WorkCapture
I1014 15:01:19.106958  8475 thread_intergrate.hpp:78] [T-Intergrate-intergrate] queue: frame output frame :26
I1014 15:01:19.107192  8473 work_thread.hpp:81]  [T-Work-Recog_0] Run work: WorkRecog
I1014 15:01:19.107214  8473 work_recog.hpp:89] Face id: 0 will run recog: bbox [181 x 223 from (299, 133)] quality: 0.432081
I1014 15:01:19.107244  8473 work_recog.hpp:96] Recog pair: [264 x 272 from (256, 88)], [181 x 223 from (43, 45)]
I1014 15:01:19.108114  8475 thread_intergrate.hpp:168] T-Intergrate-intergrate Show face :0, size :640 * 360
I1014 15:01:19.108758  8471 demo_inner.hpp:435] thread [SORT-0]  frame id 26 sorting queue size 0   FPS: 29.7619
I1014 15:01:19.108841  8470 demo_inner.hpp:260]  gui queue size 0, state = running
I1014 15:01:19.125030  8473 work_thread.hpp:81]  [T-Work-Recog_0] Run work: WorkCompare
I1014 15:01:19.125499  8473 work_compare.cpp:76] Compare face: 0 successed, similarity :0.991337, name : images/ThangLMb.jpg, normal size : 1548 * 1719!
I1014 15:01:19.135031  8469 demo_inner.hpp:177] decode queue size 0
I1014 15:01:19.135135  8472 work_thread.hpp:81]  [T-Work-Detect_0] Run work: WorkDetect
I1014 15:01:19.135172  8472 work_detect.cpp:102] Succeeded to add det start for frame 27
I1014 15:01:19.142024  8472 work_detect.cpp:70] Frame :27 detect result :1 face(s)
I1014 15:01:19.142069  8472 work_detect.cpp:86] Detected bbox: [183 x 222 from (296, 137)]
I1014 15:01:19.142113  8472 work_detect.cpp:120] Succeeded to add det end for frame 27
I1014 15:01:19.142129  8472 work_thread.hpp:81]  [T-Work-Detect_0] Run work: WrokTrack
I1014 15:01:19.142154  8472 work_track.cpp:82] Frame: 27 build input_characts: [0.285937 x 0.616667 from (0.4625, 0.380556)], 1.00035, 0
I1014 15:01:19.142210  8472 work_track.cpp:102] Succeeded to set track lock for frame 27
I1014 15:01:19.142251  8472 work_track.cpp:116] Succeeded to release track lock for frame 27
I1014 15:01:19.142266  8472 work_track.cpp:120] Track results of frame 27: 1 objects input, 1 objects tracked!
I1014 15:01:19.142284  8472 work_track.cpp:148] Frame: 27, track bbox: [183 x 222 from (298.6, 135.6)], gid: 0, lid: 0
I1014 15:01:19.142320  8472 work_thread.hpp:87]  [T-Work-Detect_0] Frame :27 split
I1014 15:01:19.142338  8472 work_thread.hpp:120]  [T-Work-Detect_0] Valid piece: gid = 0
I1014 15:01:19.142356  8472 work_thread.hpp:91]  [T-Work-Detect_0] Push to split queue:recog
I1014 15:01:19.142403  8473 work_thread.hpp:81]  [T-Work-Recog_0] Run work: WorkCapture
I1014 15:01:19.142706  8475 thread_intergrate.hpp:78] [T-Intergrate-intergrate] queue: frame output frame :27
I1014 15:01:19.142735  8475 thread_intergrate.hpp:85] [T-Intergrate-intergrate] queue: compare output face:0
I1014 15:01:19.142781  8475 thread_intergrate.hpp:144] T-Intergrate-intergrate set matched face: 0
I1014 15:01:19.142951  8473 work_thread.hpp:81]  [T-Work-Recog_0] Run work: WorkRecog
I1014 15:01:19.142973  8473 work_recog.hpp:89] Face id: 0 will run recog: bbox [183 x 222 from (296, 137)] quality: 0.46852
I1014 15:01:19.143002  8473 work_recog.hpp:96] Recog pair: [264 x 272 from (256, 88)], [183 x 222 from (40, 49)]
I1014 15:01:19.144877  8475 thread_intergrate.hpp:168] T-Intergrate-intergrate Show face :0, size :640 * 360
I1014 15:01:19.145567  8471 demo_inner.hpp:435] thread [SORT-0]  frame id 27 sorting queue size 0   FPS: 29.6804
I1014 15:01:19.146814  8470 demo_inner.hpp:260]  gui queue size 0, state = running
I1014 15:01:19.160677  8473 work_thread.hpp:81]  [T-Work-Recog_0] Run work: WorkCompare
I1014 15:01:19.161140  8473 work_compare.cpp:76] Compare face: 0 successed, similarity :0.987339, name : images/ThangLMb.jpg, normal size : 1548 * 1719!
I1014 15:01:19.165411  8469 demo_inner.hpp:177] decode queue size 0
I1014 15:01:19.165513  8472 work_thread.hpp:81]  [T-Work-Detect_0] Run work: WorkDetect
I1014 15:01:19.165549  8472 work_detect.cpp:102] Succeeded to add det start for frame 28
I1014 15:01:19.172435  8472 work_detect.cpp:70] Frame :28 detect result :2 face(s)
W1014 15:01:19.172549  8472 work_detect.cpp:83] Invalid bbox: [178 x 218 from (298, 154)]
I1014 15:01:19.172585  8472 work_detect.cpp:86] Detected bbox: [53 x 48 from (96, 210)]
I1014 15:01:19.172627  8472 work_detect.cpp:120] Succeeded to add det end for frame 28
I1014 15:01:19.172643  8472 work_thread.hpp:81]  [T-Work-Detect_0] Run work: WrokTrack
I1014 15:01:19.172667  8472 work_track.cpp:82] Frame: 28 build input_characts: [0.0828125 x 0.133333 from (0.15, 0.583333)], 0.909375, 0
I1014 15:01:19.172722  8472 work_track.cpp:102] Succeeded to set track lock for frame 28
I1014 15:01:19.172766  8472 work_track.cpp:116] Succeeded to release track lock for frame 28
I1014 15:01:19.172781  8472 work_track.cpp:120] Track results of frame 28: 1 objects input, 1 objects tracked!
I1014 15:01:19.172798  8472 work_track.cpp:148] Frame: 28, track bbox: [183 x 222 from (299.855, 136.305)], gid: 0, lid: -1
I1014 15:01:19.172833  8472 work_track.cpp:162] Frame: 28 lid: 1 not tracked, will set invalid
I1014 15:01:19.172849  8472 work_thread.hpp:87]  [T-Work-Detect_0] Frame :28 split
I1014 15:01:19.172865  8472 work_thread.hpp:126]  [T-Work-Detect_0] Invalid piece: lid = 1, drop it
I1014 15:01:19.172915  8475 thread_intergrate.hpp:78] [T-Intergrate-intergrate] queue: frame output frame :28
I1014 15:01:19.172951  8475 thread_intergrate.hpp:85] [T-Intergrate-intergrate] queue: compare output face:0
I1014 15:01:19.172971  8475 thread_intergrate.hpp:144] T-Intergrate-intergrate set matched face: 0
I1014 15:01:19.174746  8475 thread_intergrate.hpp:168] T-Intergrate-intergrate Show face :0, size :640 * 360
I1014 15:01:19.175422  8471 demo_inner.hpp:435] thread [SORT-0]  frame id 28 sorting queue size 0   FPS: 29.8013
I1014 15:01:19.201056  8469 demo_inner.hpp:177] decode queue size 0
I1014 15:01:19.201164  8472 work_thread.hpp:81]  [T-Work-Detect_0] Run work: WorkDetect
I1014 15:01:19.201200  8472 work_detect.cpp:102] Succeeded to add det start for frame 29
I1014 15:01:19.207861  8472 work_detect.cpp:70] Frame :29 detect result :2 face(s)
W1014 15:01:19.207903  8472 work_detect.cpp:83] Invalid bbox: [174 x 216 from (300, 154)]
I1014 15:01:19.207969  8472 work_detect.cpp:86] Detected bbox: [55 x 52 from (95, 209)]
I1014 15:01:19.208016  8472 work_detect.cpp:120] Succeeded to add det end for frame 29
I1014 15:01:19.208032  8472 work_thread.hpp:81]  [T-Work-Detect_0] Run work: WrokTrack
I1014 15:01:19.208056  8472 work_track.cpp:82] Frame: 29 build input_characts: [0.0859375 x 0.144444 from (0.148438, 0.580556)], 0.938558, 0
I1014 15:01:19.208113  8472 work_track.cpp:102] Succeeded to set track lock for frame 29
I1014 15:01:19.208246  8472 work_track.cpp:116] Succeeded to release track lock for frame 29
I1014 15:01:19.208264  8472 work_track.cpp:120] Track results of frame 29: 1 objects input, 0 objects tracked!
I1014 15:01:19.208282  8472 work_track.cpp:162] Frame: 29 lid: 1 not tracked, will set invalid
I1014 15:01:19.208297  8472 work_thread.hpp:87]  [T-Work-Detect_0] Frame :29 split
I1014 15:01:19.208315  8472 work_thread.hpp:126]  [T-Work-Detect_0] Invalid piece: lid = 1, drop it
I1014 15:01:19.208375  8475 thread_intergrate.hpp:78] [T-Intergrate-intergrate] queue: frame output frame :29
I1014 15:01:19.209473  8475 thread_intergrate.hpp:168] T-Intergrate-intergrate Show face :0, size :640 * 360
I1014 15:01:19.210176  8471 demo_inner.hpp:435] thread [SORT-0]  frame id 29 sorting queue size 1   FPS: 29.7556
I1014 15:01:19.213821  8470 demo_inner.hpp:260]  gui queue size 1, state = running
I1014 15:01:19.231160  8469 demo_inner.hpp:177] decode queue size 0
I1014 15:01:19.231261  8472 work_thread.hpp:81]  [T-Work-Detect_0] Run work: WorkDetect
I1014 15:01:19.231297  8472 work_detect.cpp:102] Succeeded to add det start for frame 30
I1014 15:01:19.238220  8472 work_detect.cpp:70] Frame :30 detect result :2 face(s)
I1014 15:01:19.238267  8472 work_detect.cpp:86] Detected bbox: [182 x 225 from (297, 132)]
I1014 15:01:19.238301  8472 work_detect.cpp:86] Detected bbox: [54 x 51 from (96, 210)]
I1014 15:01:19.238332  8472 work_detect.cpp:120] Succeeded to add det end for frame 30
I1014 15:01:19.238423  8472 work_thread.hpp:81]  [T-Work-Detect_0] Run work: WrokTrack
I1014 15:01:19.238451  8472 work_track.cpp:82] Frame: 30 build input_characts: [0.284375 x 0.625 from (0.464063, 0.366667)], 1.00019, 0
I1014 15:01:19.238502  8472 work_track.cpp:82] Frame: 30 build input_characts: [0.084375 x 0.141667 from (0.15, 0.583333)], 0.932491, 1
I1014 15:01:19.238538  8472 work_track.cpp:102] Succeeded to set track lock for frame 30
I1014 15:01:19.238579  8472 work_track.cpp:116] Succeeded to release track lock for frame 30
I1014 15:01:19.238595  8472 work_track.cpp:120] Track results of frame 30: 2 objects input, 1 objects tracked!
I1014 15:01:19.238612  8472 work_track.cpp:148] Frame: 30, track bbox: [54 x 51 from (95.6024, 209.602)], gid: 2, lid: 1
I1014 15:01:19.238646  8472 work_track.cpp:162] Frame: 30 lid: 0 not tracked, will set invalid
I1014 15:01:19.238662  8472 work_thread.hpp:87]  [T-Work-Detect_0] Frame :30 split
I1014 15:01:19.238678  8472 work_thread.hpp:126]  [T-Work-Detect_0] Invalid piece: lid = 0, drop it
I1014 15:01:19.238693  8472 work_thread.hpp:120]  [T-Work-Detect_0] Valid piece: gid = 2
I1014 15:01:19.238711  8472 work_thread.hpp:91]  [T-Work-Detect_0] Push to split queue:recog
I1014 15:01:19.238760  8473 work_thread.hpp:81]  [T-Work-Recog_0] Run work: WorkCapture
I1014 15:01:19.239025  8475 thread_intergrate.hpp:78] [T-Intergrate-intergrate] queue: frame output frame :30
I1014 15:01:19.239248  8473 work_thread.hpp:81]  [T-Work-Recog_0] Run work: WorkRecog
W1014 15:01:19.239270  8473 work_recog.hpp:118] Face id: 2 has low quality : 0.026676, no need to recog
I1014 15:01:19.239317  8473 work_thread.hpp:81]  [T-Work-Recog_0] Run work: WorkCompare
I1014 15:01:19.240197  8475 thread_intergrate.hpp:168] T-Intergrate-intergrate Show face :0, size :640 * 360
I1014 15:01:19.240801  8471 demo_inner.hpp:435] thread [SORT-0]  frame id 30 sorting queue size 0   FPS: 29.8354
I1014 15:01:19.267452  8469 demo_inner.hpp:177] decode queue size 0
I1014 15:01:19.267560  8472 work_thread.hpp:81]  [T-Work-Detect_0] Run work: WorkDetect
I1014 15:01:19.267596  8472 work_detect.cpp:102] Succeeded to add det start for frame 31
I1014 15:01:19.274490  8472 work_detect.cpp:70] Frame :31 detect result :2 face(s)
W1014 15:01:19.274535  8472 work_detect.cpp:83] Invalid bbox: [180 x 220 from (298, 152)]
I1014 15:01:19.274600  8472 work_detect.cpp:86] Detected bbox: [56 x 54 from (95, 208)]
I1014 15:01:19.274643  8472 work_detect.cpp:120] Succeeded to add det end for frame 31
I1014 15:01:19.274659  8472 work_thread.hpp:81]  [T-Work-Detect_0] Run work: WrokTrack
I1014 15:01:19.274684  8472 work_track.cpp:82] Frame: 31 build input_characts: [0.0875 x 0.15 from (0.148438, 0.577778)], 0.947697, 0
I1014 15:01:19.274741  8472 work_track.cpp:102] Succeeded to set track lock for frame 31
I1014 15:01:19.274785  8472 work_track.cpp:116] Succeeded to release track lock for frame 31
I1014 15:01:19.274801  8472 work_track.cpp:120] Track results of frame 31: 1 objects input, 1 objects tracked!
I1014 15:01:19.274818  8472 work_track.cpp:148] Frame: 31, track bbox: [56 x 54 from (94.7345, 208.105)], gid: 2, lid: 0
I1014 15:01:19.274855  8472 work_thread.hpp:87]  [T-Work-Detect_0] Frame :31 split
I1014 15:01:19.274873  8472 work_thread.hpp:120]  [T-Work-Detect_0] Valid piece: gid = 2
I1014 15:01:19.274891  8472 work_thread.hpp:91]  [T-Work-Detect_0] Push to split queue:recog
I1014 15:01:19.274941  8474 work_thread.hpp:81]  [T-Work-Recog_1] Run work: WorkCapture
I1014 15:01:19.275197  8475 thread_intergrate.hpp:78] [T-Intergrate-intergrate] queue: frame output frame :31
I1014 15:01:19.275480  8474 work_thread.hpp:81]  [T-Work-Recog_1] Run work: WorkRecog
W1014 15:01:19.275504  8474 work_recog.hpp:118] Face id: 2 has low quality : 0.0298029, no need to recog
I1014 15:01:19.275568  8474 work_thread.hpp:81]  [T-Work-Recog_1] Run work: WorkCompare
I1014 15:01:19.276326  8475 thread_intergrate.hpp:168] T-Intergrate-intergrate Show face :0, size :640 * 360
I1014 15:01:19.276985  8471 demo_inner.hpp:435] thread [SORT-0]  frame id 31 sorting queue size 1   FPS: 29.7619
I1014 15:01:19.292057  8470 demo_inner.hpp:260]  gui queue size 1, state = running
I1014 15:01:19.303153  8469 demo_inner.hpp:177] decode queue size 0
I1014 15:01:19.303267  8472 work_thread.hpp:81]  [T-Work-Detect_0] Run work: WorkDetect
I1014 15:01:19.303303  8472 work_detect.cpp:102] Succeeded to add det start for frame 32
I1014 15:01:19.310361  8472 work_detect.cpp:70] Frame :32 detect result :1 face(s)
I1014 15:01:19.310412  8472 work_detect.cpp:86] Detected bbox: [182 x 224 from (297, 130)]
I1014 15:01:19.310456  8472 work_detect.cpp:120] Succeeded to add det end for frame 32
I1014 15:01:19.310472  8472 work_thread.hpp:81]  [T-Work-Detect_0] Run work: WrokTrack
I1014 15:01:19.310497  8472 work_track.cpp:82] Frame: 32 build input_characts: [0.284375 x 0.622222 from (0.464063, 0.361111)], 0.999622, 0
I1014 15:01:19.310552  8472 work_track.cpp:102] Succeeded to set track lock for frame 32
I1014 15:01:19.310595  8472 work_track.cpp:116] Succeeded to release track lock for frame 32
I1014 15:01:19.310611  8472 work_track.cpp:120] Track results of frame 32: 1 objects input, 1 objects tracked!
I1014 15:01:19.310627  8472 work_track.cpp:148] Frame: 32, track bbox: [56 x 54 from (94.6603, 208.2)], gid: 2, lid: -1
I1014 15:01:19.310662  8472 work_track.cpp:162] Frame: 32 lid: 0 not tracked, will set invalid
I1014 15:01:19.310678  8472 work_thread.hpp:87]  [T-Work-Detect_0] Frame :32 split
I1014 15:01:19.310694  8472 work_thread.hpp:126]  [T-Work-Detect_0] Invalid piece: lid = 0, drop it
I1014 15:01:19.310742  8475 thread_intergrate.hpp:78] [T-Intergrate-intergrate] queue: frame output frame :32
I1014 15:01:19.311834  8475 thread_intergrate.hpp:168] T-Intergrate-intergrate Show face :0, size :640 * 360
I1014 15:01:19.312440  8471 demo_inner.hpp:435] thread [SORT-0]  frame id 32 sorting queue size 0   FPS: 29.722
I1014 15:01:19.333096  8469 demo_inner.hpp:177] decode queue size 0
I1014 15:01:19.333189  8472 work_thread.hpp:81]  [T-Work-Detect_0] Run work: WorkDetect
I1014 15:01:19.333223  8472 work_detect.cpp:102] Succeeded to add det start for frame 33
I1014 15:01:19.339859  8472 work_detect.cpp:70] Frame :33 detect result :1 face(s)
W1014 15:01:19.339900  8472 work_detect.cpp:83] Invalid bbox: [176 x 217 from (299, 154)]
I1014 15:01:19.339974  8472 work_detect.cpp:120] Succeeded to add det end for frame 33
I1014 15:01:19.340014  8472 work_thread.hpp:81]  [T-Work-Detect_0] Run work: WrokTrack
I1014 15:01:19.340044  8472 work_track.cpp:102] Succeeded to set track lock for frame 33
I1014 15:01:19.340078  8472 work_track.cpp:116] Succeeded to release track lock for frame 33
I1014 15:01:19.340093  8472 work_track.cpp:120] Track results of frame 33: 0 objects input, 0 objects tracked!
I1014 15:01:19.340111  8472 work_thread.hpp:87]  [T-Work-Detect_0] Frame :33 split
I1014 15:01:19.340174  8475 thread_intergrate.hpp:78] [T-Intergrate-intergrate] queue: frame output frame :33
I1014 15:01:19.341266  8475 thread_intergrate.hpp:168] T-Intergrate-intergrate Show face :0, size :640 * 360
I1014 15:01:19.342049  8471 demo_inner.hpp:435] thread [SORT-0]  frame id 33 sorting queue size 1   FPS: 29.8229
I1014 15:01:19.369789  8469 demo_inner.hpp:177] decode queue size 0
I1014 15:01:19.369905  8472 work_thread.hpp:81]  [T-Work-Detect_0] Run work: WorkDetect
I1014 15:01:19.369943  8472 work_detect.cpp:102] Succeeded to add det start for frame 34
I1014 15:01:19.375821  8470 demo_inner.hpp:260]  gui queue size 1, state = running
I1014 15:01:19.376947  8472 work_detect.cpp:70] Frame :34 detect result :2 face(s)
W1014 15:01:19.376991  8472 work_detect.cpp:83] Invalid bbox: [179 x 218 from (298, 155)]
I1014 15:01:19.377056  8472 work_detect.cpp:86] Detected bbox: [59 x 59 from (96, 204)]
I1014 15:01:19.377102  8472 work_detect.cpp:120] Succeeded to add det end for frame 34
I1014 15:01:19.377120  8472 work_thread.hpp:81]  [T-Work-Detect_0] Run work: WrokTrack
I1014 15:01:19.377142  8472 work_track.cpp:82] Frame: 34 build input_characts: [0.0921875 x 0.163889 from (0.15, 0.566667)], 0.938558, 0
I1014 15:01:19.377256  8472 work_track.cpp:102] Succeeded to set track lock for frame 34
I1014 15:01:19.377303  8472 work_track.cpp:116] Succeeded to release track lock for frame 34
I1014 15:01:19.377317  8472 work_track.cpp:120] Track results of frame 34: 1 objects input, 0 objects tracked!
I1014 15:01:19.377336  8472 work_track.cpp:162] Frame: 34 lid: 1 not tracked, will set invalid
I1014 15:01:19.377351  8472 work_thread.hpp:87]  [T-Work-Detect_0] Frame :34 split
I1014 15:01:19.377367  8472 work_thread.hpp:126]  [T-Work-Detect_0] Invalid piece: lid = 1, drop it
I1014 15:01:19.377424  8475 thread_intergrate.hpp:78] [T-Intergrate-intergrate] queue: frame output frame :34
I1014 15:01:19.378525  8475 thread_intergrate.hpp:168] T-Intergrate-intergrate Show face :0, size :640 * 360
I1014 15:01:19.379146  8471 demo_inner.hpp:435] thread [SORT-0]  frame id 34 sorting queue size 0   FPS: 29.7297
I1014 15:01:19.399101  8469 demo_inner.hpp:177] decode queue size 0
I1014 15:01:19.399196  8472 work_thread.hpp:81]  [T-Work-Detect_0] Run work: WorkDetect
I1014 15:01:19.399233  8472 work_detect.cpp:102] Succeeded to add det start for frame 35
I1014 15:01:19.406119  8472 work_detect.cpp:70] Frame :35 detect result :1 face(s)
W1014 15:01:19.406168  8472 work_detect.cpp:83] Invalid bbox: [176 x 212 from (299, 156)]
I1014 15:01:19.406242  8472 work_detect.cpp:120] Succeeded to add det end for frame 35
I1014 15:01:19.406260  8472 work_thread.hpp:81]  [T-Work-Detect_0] Run work: WrokTrack
I1014 15:01:19.406288  8472 work_track.cpp:102] Succeeded to set track lock for frame 35
I1014 15:01:19.406318  8472 work_track.cpp:116] Succeeded to release track lock for frame 35
I1014 15:01:19.406332  8472 work_track.cpp:120] Track results of frame 35: 0 objects input, 0 objects tracked!
I1014 15:01:19.406352  8472 work_thread.hpp:87]  [T-Work-Detect_0] Frame :35 split
I1014 15:01:19.406407  8475 thread_intergrate.hpp:78] [T-Intergrate-intergrate] queue: frame output frame :35
I1014 15:01:19.407498  8475 thread_intergrate.hpp:168] T-Intergrate-intergrate Show face :0, size :640 * 360
I1014 15:01:19.408303  8471 demo_inner.hpp:435] thread [SORT-0]  frame id 35 sorting queue size 1   FPS: 29.8507
I1014 15:01:19.435472  8469 demo_inner.hpp:177] decode queue size 0
I1014 15:01:19.435595  8472 work_thread.hpp:81]  [T-Work-Detect_0] Run work: WorkDetect
I1014 15:01:19.435631  8472 work_detect.cpp:102] Succeeded to add det start for frame 36
I1014 15:01:19.442488  8472 work_detect.cpp:70] Frame :36 detect result :1 face(s)
I1014 15:01:19.442533  8472 work_detect.cpp:86] Detected bbox: [183 x 223 from (296, 131)]
I1014 15:01:19.442577  8472 work_detect.cpp:120] Succeeded to add det end for frame 36
I1014 15:01:19.442593  8472 work_thread.hpp:81]  [T-Work-Detect_0] Run work: WrokTrack
I1014 15:01:19.442617  8472 work_track.cpp:82] Frame: 36 build input_characts: [0.285937 x 0.619444 from (0.4625, 0.363889)], 1.00035, 0
I1014 15:01:19.442672  8472 work_track.cpp:102] Succeeded to set track lock for frame 36
I1014 15:01:19.442714  8472 work_track.cpp:116] Succeeded to release track lock for frame 36
I1014 15:01:19.442729  8472 work_track.cpp:120] Track results of frame 36: 1 objects input, 0 objects tracked!
I1014 15:01:19.442746  8472 work_track.cpp:162] Frame: 36 lid: 0 not tracked, will set invalid
I1014 15:01:19.442762  8472 work_thread.hpp:87]  [T-Work-Detect_0] Frame :36 split
I1014 15:01:19.442778  8472 work_thread.hpp:126]  [T-Work-Detect_0] Invalid piece: lid = 0, drop it
I1014 15:01:19.442824  8475 thread_intergrate.hpp:78] [T-Intergrate-intergrate] queue: frame output frame :36
I1014 15:01:19.443917  8475 thread_intergrate.hpp:168] T-Intergrate-intergrate Show face :0, size :640 * 360
I1014 15:01:19.444519  8471 demo_inner.hpp:435] thread [SORT-0]  frame id 36 sorting queue size 2   FPS: 29.7872
I1014 15:01:19.459339  8470 demo_inner.hpp:260]  gui queue size 2, state = running
I1014 15:01:19.465260  8469 demo_inner.hpp:177] decode queue size 0
I1014 15:01:19.465356  8472 work_thread.hpp:81]  [T-Work-Detect_0] Run work: WorkDetect
I1014 15:01:19.465464  8472 work_detect.cpp:102] Succeeded to add det start for frame 37
I1014 15:01:19.472375  8472 work_detect.cpp:70] Frame :37 detect result :2 face(s)
I1014 15:01:19.472414  8472 work_detect.cpp:86] Detected bbox: [183 x 227 from (296, 128)]
I1014 15:01:19.472446  8472 work_detect.cpp:86] Detected bbox: [55 x 54 from (96, 207)]
I1014 15:01:19.472477  8472 work_detect.cpp:120] Succeeded to add det end for frame 37
I1014 15:01:19.472493  8472 work_thread.hpp:81]  [T-Work-Detect_0] Run work: WrokTrack
I1014 15:01:19.472517  8472 work_track.cpp:82] Frame: 37 build input_characts: [0.285937 x 0.630556 from (0.4625, 0.355556)], 1.00019, 0
I1014 15:01:19.472568  8472 work_track.cpp:82] Frame: 37 build input_characts: [0.0859375 x 0.15 from (0.15, 0.575)], 0.951921, 1
I1014 15:01:19.472604  8472 work_track.cpp:102] Succeeded to set track lock for frame 37
I1014 15:01:19.472651  8472 work_track.cpp:116] Succeeded to release track lock for frame 37
I1014 15:01:19.472664  8472 work_track.cpp:120] Track results of frame 37: 2 objects input, 0 objects tracked!
I1014 15:01:19.472682  8472 work_track.cpp:162] Frame: 37 lid: 0 not tracked, will set invalid
I1014 15:01:19.472697  8472 work_track.cpp:162] Frame: 37 lid: 1 not tracked, will set invalid
I1014 15:01:19.472712  8472 work_thread.hpp:87]  [T-Work-Detect_0] Frame :37 split
I1014 15:01:19.472728  8472 work_thread.hpp:126]  [T-Work-Detect_0] Invalid piece: lid = 0, drop it
I1014 15:01:19.472743  8472 work_thread.hpp:126]  [T-Work-Detect_0] Invalid piece: lid = 1, drop it
I1014 15:01:19.472792  8475 thread_intergrate.hpp:78] [T-Intergrate-intergrate] queue: frame output frame :37
I1014 15:01:19.473884  8475 thread_intergrate.hpp:168] T-Intergrate-intergrate Show face :0, size :640 * 360
I1014 15:01:19.474459  8471 demo_inner.hpp:435] thread [SORT-0]  frame id 37 sorting queue size 0   FPS: 29.8755
I1014 15:01:19.501133  8469 demo_inner.hpp:177] decode queue size 0
I1014 15:01:19.501237  8472 work_thread.hpp:81]  [T-Work-Detect_0] Run work: WorkDetect
I1014 15:01:19.501271  8472 work_detect.cpp:102] Succeeded to add det start for frame 38
I1014 15:01:19.508124  8472 work_detect.cpp:70] Frame :38 detect result :2 face(s)
I1014 15:01:19.508186  8472 work_detect.cpp:86] Detected bbox: [184 x 223 from (296, 136)]
I1014 15:01:19.508221  8472 work_detect.cpp:86] Detected bbox: [55 x 50 from (96, 211)]
I1014 15:01:19.508252  8472 work_detect.cpp:120] Succeeded to add det end for frame 38
I1014 15:01:19.508268  8472 work_thread.hpp:81]  [T-Work-Detect_0] Run work: WrokTrack
I1014 15:01:19.508292  8472 work_track.cpp:82] Frame: 38 build input_characts: [0.2875 x 0.619444 from (0.4625, 0.377778)], 1.00035, 0
I1014 15:01:19.508344  8472 work_track.cpp:82] Frame: 38 build input_characts: [0.0859375 x 0.138889 from (0.15, 0.586111)], 0.915779, 1
I1014 15:01:19.508379  8472 work_track.cpp:102] Succeeded to set track lock for frame 38
I1014 15:01:19.508426  8472 work_track.cpp:116] Succeeded to release track lock for frame 38
I1014 15:01:19.508441  8472 work_track.cpp:120] Track results of frame 38: 2 objects input, 1 objects tracked!
I1014 15:01:19.508460  8472 work_track.cpp:148] Frame: 38, track bbox: [184 x 223 from (295.892, 134.814)], gid: 3, lid: 0
I1014 15:01:19.508493  8472 work_track.cpp:162] Frame: 38 lid: 1 not tracked, will set invalid
I1014 15:01:19.508509  8472 work_thread.hpp:87]  [T-Work-Detect_0] Frame :38 split
I1014 15:01:19.508527  8472 work_thread.hpp:120]  [T-Work-Detect_0] Valid piece: gid = 3
I1014 15:01:19.508544  8472 work_thread.hpp:126]  [T-Work-Detect_0] Invalid piece: lid = 1, drop it
I1014 15:01:19.508559  8472 work_thread.hpp:91]  [T-Work-Detect_0] Push to split queue:recog
I1014 15:01:19.508607  8473 work_thread.hpp:81]  [T-Work-Recog_0] Run work: WorkCapture
I1014 15:01:19.508908  8475 thread_intergrate.hpp:78] [T-Intergrate-intergrate] queue: frame output frame :38
I1014 15:01:19.509173  8473 work_thread.hpp:81]  [T-Work-Recog_0] Run work: WorkRecog
I1014 15:01:19.509198  8473 work_recog.hpp:89] Face id: 3 will run recog: bbox [184 x 223 from (296, 136)] quality: 0.46058
I1014 15:01:19.509297  8473 work_recog.hpp:96] Recog pair: [264 x 272 from (256, 88)], [184 x 223 from (40, 48)]
I1014 15:01:19.510047  8475 thread_intergrate.hpp:168] T-Intergrate-intergrate Show face :0, size :640 * 360
I1014 15:01:19.510628  8471 demo_inner.hpp:435] thread [SORT-0]  frame id 38 sorting queue size 1   FPS: 29.8147
I1014 15:01:19.527016  8473 work_thread.hpp:81]  [T-Work-Recog_0] Run work: WorkCompare
I1014 15:01:19.527482  8473 work_compare.cpp:76] Compare face: 3 successed, similarity :0.985834, name : images/ThangLMb.jpg, normal size : 1548 * 1719!
I1014 15:01:19.536960  8469 demo_inner.hpp:177] decode queue size 0
I1014 15:01:19.537063  8472 work_thread.hpp:81]  [T-Work-Detect_0] Run work: WorkDetect
I1014 15:01:19.537101  8472 work_detect.cpp:102] Succeeded to add det start for frame 39
I1014 15:01:19.543860  8472 work_detect.cpp:70] Frame :39 detect result :2 face(s)
I1014 15:01:19.543907  8472 work_detect.cpp:86] Detected bbox: [184 x 223 from (297, 133)]
I1014 15:01:19.543941  8472 work_detect.cpp:86] Detected bbox: [56 x 54 from (96, 208)]
I1014 15:01:19.543972  8472 work_detect.cpp:120] Succeeded to add det end for frame 39
I1014 15:01:19.543987  8472 work_thread.hpp:81]  [T-Work-Detect_0] Run work: WrokTrack
I1014 15:01:19.544011  8472 work_track.cpp:82] Frame: 39 build input_characts: [0.2875 x 0.619444 from (0.464063, 0.369444)], 1.00019, 0
I1014 15:01:19.544065  8472 work_track.cpp:82] Frame: 39 build input_characts: [0.0875 x 0.15 from (0.15, 0.577778)], 0.947697, 1
I1014 15:01:19.544101  8472 work_track.cpp:102] Succeeded to set track lock for frame 39
I1014 15:01:19.544147  8472 work_track.cpp:116] Succeeded to release track lock for frame 39
I1014 15:01:19.544183  8472 work_track.cpp:120] Track results of frame 39: 2 objects input, 2 objects tracked!
I1014 15:01:19.544201  8472 work_track.cpp:148] Frame: 39, track bbox: [184 x 223 from (296.747, 134.297)], gid: 3, lid: 0
I1014 15:01:19.544235  8472 work_track.cpp:148] Frame: 39, track bbox: [56 x 54 from (95.9042, 208.478)], gid: 4, lid: 1
I1014 15:01:19.544268  8472 work_thread.hpp:87]  [T-Work-Detect_0] Frame :39 split
I1014 15:01:19.544286  8472 work_thread.hpp:120]  [T-Work-Detect_0] Valid piece: gid = 3
I1014 15:01:19.544303  8472 work_thread.hpp:120]  [T-Work-Detect_0] Valid piece: gid = 4
I1014 15:01:19.544320  8472 work_thread.hpp:91]  [T-Work-Detect_0] Push to split queue:recog
I1014 15:01:19.544368  8473 work_thread.hpp:81]  [T-Work-Recog_0] Run work: WorkCapture
I1014 15:01:19.544643  8472 work_thread.hpp:91]  [T-Work-Detect_0] Push to split queue:recog
I1014 15:01:19.544687  8474 work_thread.hpp:81]  [T-Work-Recog_1] Run work: WorkCapture
I1014 15:01:19.544911  8473 work_thread.hpp:81]  [T-Work-Recog_0] Run work: WorkRecog
I1014 15:01:19.544934  8473 work_recog.hpp:89] Face id: 3 will run recog: bbox [184 x 223 from (297, 133)] quality: 0.431977
I1014 15:01:19.544960  8473 work_recog.hpp:96] Recog pair: [264 x 272 from (256, 88)], [184 x 223 from (41, 45)]
I1014 15:01:19.545792  8474 work_thread.hpp:81]  [T-Work-Recog_1] Run work: WorkRecog
W1014 15:01:19.545817  8474 work_recog.hpp:118] Face id: 4 has low quality : 0.0298036, no need to recog
I1014 15:01:19.545899  8474 work_thread.hpp:81]  [T-Work-Recog_1] Run work: WorkCompare
I1014 15:01:19.545838  8475 thread_intergrate.hpp:78] [T-Intergrate-intergrate] queue: frame output frame :39
I1014 15:01:19.546054  8475 thread_intergrate.hpp:85] [T-Intergrate-intergrate] queue: compare output face:3
I1014 15:01:19.546075  8475 thread_intergrate.hpp:144] T-Intergrate-intergrate set matched face: 3
I1014 15:01:19.547657  8475 thread_intergrate.hpp:168] T-Intergrate-intergrate Show face :3, size :640 * 360
I1014 15:01:19.548312  8471 demo_inner.hpp:435] thread [SORT-0]  frame id 39 sorting queue size 2   FPS: 29.7107
I1014 15:01:19.560060  8470 demo_inner.hpp:260]  gui queue size 2, state = running
I1014 15:01:19.563544  8473 work_thread.hpp:81]  [T-Work-Recog_0] Run work: WorkCompare
I1014 15:01:19.564029  8473 work_compare.cpp:76] Compare face: 3 successed, similarity :0.99273, name : images/ThangLMb.jpg, normal size : 1548 * 1719!
I1014 15:01:19.567368  8469 demo_inner.hpp:177] decode queue size 0
I1014 15:01:19.567474  8472 work_thread.hpp:81]  [T-Work-Detect_0] Run work: WorkDetect
I1014 15:01:19.567509  8472 work_detect.cpp:102] Succeeded to add det start for frame 40
I1014 15:01:19.574450  8472 work_detect.cpp:70] Frame :40 detect result :1 face(s)
I1014 15:01:19.574493  8472 work_detect.cpp:86] Detected bbox: [185 x 223 from (294, 131)]
I1014 15:01:19.574537  8472 work_detect.cpp:120] Succeeded to add det end for frame 40
I1014 15:01:19.574553  8472 work_thread.hpp:81]  [T-Work-Detect_0] Run work: WrokTrack
I1014 15:01:19.574578  8472 work_track.cpp:82] Frame: 40 build input_characts: [0.289062 x 0.619444 from (0.459375, 0.363889)], 1.00035, 0
I1014 15:01:19.574631  8472 work_track.cpp:102] Succeeded to set track lock for frame 40
I1014 15:01:19.574677  8472 work_track.cpp:116] Succeeded to release track lock for frame 40
I1014 15:01:19.574693  8472 work_track.cpp:120] Track results of frame 40: 1 objects input, 2 objects tracked!
I1014 15:01:19.574710  8472 work_track.cpp:148] Frame: 40, track bbox: [185 x 223 from (295.111, 132.802)], gid: 3, lid: 0
I1014 15:01:19.574744  8472 work_track.cpp:148] Frame: 40, track bbox: [56 x 54 from (96.1537, 208.978)], gid: 4, lid: -1
I1014 15:01:19.574777  8472 work_thread.hpp:87]  [T-Work-Detect_0] Frame :40 split
I1014 15:01:19.574795  8472 work_thread.hpp:120]  [T-Work-Detect_0] Valid piece: gid = 3
I1014 15:01:19.574813  8472 work_thread.hpp:91]  [T-Work-Detect_0] Push to split queue:recog
I1014 15:01:19.574857  8474 work_thread.hpp:81]  [T-Work-Recog_1] Run work: WorkCapture
I1014 15:01:19.574869  8475 thread_intergrate.hpp:78] [T-Intergrate-intergrate] queue: frame output frame :40
I1014 15:01:19.574894  8475 thread_intergrate.hpp:85] [T-Intergrate-intergrate] queue: compare output face:3
I1014 15:01:19.574913  8475 thread_intergrate.hpp:144] T-Intergrate-intergrate set matched face: 3
I1014 15:01:19.575436  8474 work_thread.hpp:81]  [T-Work-Recog_1] Run work: WorkRecog
I1014 15:01:19.575462  8474 work_recog.hpp:89] Face id: 3 will run recog: bbox [185 x 223 from (294, 131)] quality: 0.39643
I1014 15:01:19.575493  8474 work_recog.hpp:96] Recog pair: [264 x 280 from (256, 80)], [185 x 223 from (38, 51)]
I1014 15:01:19.576571  8475 thread_intergrate.hpp:168] T-Intergrate-intergrate Show face :3, size :640 * 360
I1014 15:01:19.577172  8471 demo_inner.hpp:435] thread [SORT-0]  frame id 40 sorting queue size 0   FPS: 29.8165
I1014 15:01:19.593122  8474 work_thread.hpp:81]  [T-Work-Recog_1] Run work: WorkCompare
I1014 15:01:19.593575  8474 work_compare.cpp:76] Compare face: 3 successed, similarity :0.995052, name : images/ThangLMb.jpg, normal size : 1548 * 1719!
I1014 15:01:19.603106  8469 demo_inner.hpp:177] decode queue size 0
I1014 15:01:19.603214  8472 work_thread.hpp:81]  [T-Work-Detect_0] Run work: WorkDetect
I1014 15:01:19.603251  8472 work_detect.cpp:102] Succeeded to add det start for frame 41
I1014 15:01:19.610057  8472 work_detect.cpp:70] Frame :41 detect result :2 face(s)
W1014 15:01:19.610102  8472 work_detect.cpp:83] Invalid bbox: [173 x 219 from (293, 154)]
I1014 15:01:19.610165  8472 work_detect.cpp:86] Detected bbox: [55 x 52 from (97, 209)]
I1014 15:01:19.610208  8472 work_detect.cpp:120] Succeeded to add det end for frame 41
I1014 15:01:19.610225  8472 work_thread.hpp:81]  [T-Work-Detect_0] Run work: WrokTrack
I1014 15:01:19.610249  8472 work_track.cpp:82] Frame: 41 build input_characts: [0.0859375 x 0.144444 from (0.151562, 0.580556)], 0.905415, 0
I1014 15:01:19.610304  8472 work_track.cpp:102] Succeeded to set track lock for frame 41
I1014 15:01:19.610347  8472 work_track.cpp:116] Succeeded to release track lock for frame 41
I1014 15:01:19.610363  8472 work_track.cpp:120] Track results of frame 41: 1 objects input, 2 objects tracked!
I1014 15:01:19.610380  8472 work_track.cpp:148] Frame: 41, track bbox: [185 x 223 from (295.061, 133.102)], gid: 3, lid: -1
I1014 15:01:19.610414  8472 work_track.cpp:148] Frame: 41, track bbox: [55 x 52 from (96.9841, 209.256)], gid: 4, lid: 0
I1014 15:01:19.610496  8472 work_thread.hpp:87]  [T-Work-Detect_0] Frame :41 split
I1014 15:01:19.610517  8472 work_thread.hpp:120]  [T-Work-Detect_0] Valid piece: gid = 4
I1014 15:01:19.610534  8472 work_thread.hpp:91]  [T-Work-Detect_0] Push to split queue:recog
I1014 15:01:19.610579  8474 work_thread.hpp:81]  [T-Work-Recog_1] Run work: WorkCapture
I1014 15:01:19.610586  8475 thread_intergrate.hpp:78] [T-Intergrate-intergrate] queue: frame output frame :41
I1014 15:01:19.610611  8475 thread_intergrate.hpp:85] [T-Intergrate-intergrate] queue: compare output face:3
I1014 15:01:19.610630  8475 thread_intergrate.hpp:144] T-Intergrate-intergrate set matched face: 3
I1014 15:01:19.611101  8474 work_thread.hpp:81]  [T-Work-Recog_1] Run work: WorkRecog
W1014 15:01:19.611125  8474 work_recog.hpp:118] Face id: 4 has low quality : 0.0212769, no need to recog
I1014 15:01:19.611176  8474 work_thread.hpp:81]  [T-Work-Recog_1] Run work: WorkCompare
I1014 15:01:19.612259  8475 thread_intergrate.hpp:168] T-Intergrate-intergrate Show face :3, size :640 * 360
I1014 15:01:19.612846  8471 demo_inner.hpp:435] thread [SORT-0]  frame id 41 sorting queue size 1   FPS: 29.7619
I1014 15:01:19.626935  8470 demo_inner.hpp:260]  gui queue size 1, state = running
I1014 15:01:19.633296  8469 demo_inner.hpp:177] decode queue size 0
I1014 15:01:19.633414  8472 work_thread.hpp:81]  [T-Work-Detect_0] Run work: WorkDetect
I1014 15:01:19.633450  8472 work_detect.cpp:102] Succeeded to add det start for frame 42
I1014 15:01:19.640240  8472 work_detect.cpp:70] Frame :42 detect result :2 face(s)
W1014 15:01:19.640283  8472 work_detect.cpp:83] Invalid bbox: [171 x 218 from (293, 154)]
I1014 15:01:19.640345  8472 work_detect.cpp:86] Detected bbox: [54 x 55 from (97, 208)]
I1014 15:01:19.640390  8472 work_detect.cpp:120] Succeeded to add det end for frame 42
I1014 15:01:19.640408  8472 work_thread.hpp:81]  [T-Work-Detect_0] Run work: WrokTrack
I1014 15:01:19.640431  8472 work_track.cpp:82] Frame: 42 build input_characts: [0.084375 x 0.152778 from (0.151562, 0.577778)], 0.915779, 0
I1014 15:01:19.640487  8472 work_track.cpp:102] Succeeded to set track lock for frame 42
I1014 15:01:19.640532  8472 work_track.cpp:116] Succeeded to release track lock for frame 42
I1014 15:01:19.640547  8472 work_track.cpp:120] Track results of frame 42: 1 objects input, 1 objects tracked!
I1014 15:01:19.640563  8472 work_track.cpp:148] Frame: 42, track bbox: [54 x 55 from (97.3093, 207.951)], gid: 4, lid: 0
I1014 15:01:19.640599  8472 work_thread.hpp:87]  [T-Work-Detect_0] Frame :42 split
I1014 15:01:19.640616  8472 work_thread.hpp:120]  [T-Work-Detect_0] Valid piece: gid = 4
I1014 15:01:19.640635  8472 work_thread.hpp:91]  [T-Work-Detect_0] Push to split queue:recog
I1014 15:01:19.640691  8474 work_thread.hpp:81]  [T-Work-Recog_1] Run work: WorkCapture
I1014 15:01:19.640945  8475 thread_intergrate.hpp:78] [T-Intergrate-intergrate] queue: frame output frame :42
I1014 15:01:19.641185  8474 work_thread.hpp:81]  [T-Work-Recog_1] Run work: WorkRecog
W1014 15:01:19.641206  8474 work_recog.hpp:118] Face id: 4 has low quality : 0.0370148, no need to recog
I1014 15:01:19.641249  8474 work_thread.hpp:81]  [T-Work-Recog_1] Run work: WorkCompare
I1014 15:01:19.642068  8475 thread_intergrate.hpp:168] T-Intergrate-intergrate Show face :3, size :640 * 360
I1014 15:01:19.642745  8471 demo_inner.hpp:435] thread [SORT-0]  frame id 42 sorting queue size 0   FPS: 29.8616
I1014 15:01:19.669035  8469 demo_inner.hpp:177] decode queue size 0
I1014 15:01:19.669138  8472 work_thread.hpp:81]  [T-Work-Detect_0] Run work: WorkDetect
I1014 15:01:19.669171  8472 work_detect.cpp:102] Succeeded to add det start for frame 43
I1014 15:01:19.675895  8472 work_detect.cpp:70] Frame :43 detect result :2 face(s)
I1014 15:01:19.675936  8472 work_detect.cpp:86] Detected bbox: [182 x 220 from (297, 136)]
I1014 15:01:19.675969  8472 work_detect.cpp:86] Detected bbox: [55 x 51 from (97, 210)]
I1014 15:01:19.676000  8472 work_detect.cpp:120] Succeeded to add det end for frame 43
I1014 15:01:19.676090  8472 work_thread.hpp:81]  [T-Work-Detect_0] Run work: WrokTrack
I1014 15:01:19.676115  8472 work_track.cpp:82] Frame: 43 build input_characts: [0.284375 x 0.611111 from (0.464063, 0.377778)], 1.00019, 0
I1014 15:01:19.676193  8472 work_track.cpp:82] Frame: 43 build input_characts: [0.0859375 x 0.141667 from (0.151562, 0.583333)], 0.923714, 1
I1014 15:01:19.676230  8472 work_track.cpp:102] Succeeded to set track lock for frame 43
I1014 15:01:19.676273  8472 work_track.cpp:116] Succeeded to release track lock for frame 43
I1014 15:01:19.676288  8472 work_track.cpp:120] Track results of frame 43: 2 objects input, 1 objects tracked!
I1014 15:01:19.676306  8472 work_track.cpp:148] Frame: 43, track bbox: [55 x 51 from (96.9819, 210.04)], gid: 4, lid: 1
I1014 15:01:19.676338  8472 work_track.cpp:162] Frame: 43 lid: 0 not tracked, will set invalid
I1014 15:01:19.676354  8472 work_thread.hpp:87]  [T-Work-Detect_0] Frame :43 split
I1014 15:01:19.676371  8472 work_thread.hpp:126]  [T-Work-Detect_0] Invalid piece: lid = 0, drop it
I1014 15:01:19.676386  8472 work_thread.hpp:120]  [T-Work-Detect_0] Valid piece: gid = 4
I1014 15:01:19.676404  8472 work_thread.hpp:91]  [T-Work-Detect_0] Push to split queue:recog
I1014 15:01:19.676448  8474 work_thread.hpp:81]  [T-Work-Recog_1] Run work: WorkCapture
I1014 15:01:19.676697  8475 thread_intergrate.hpp:78] [T-Intergrate-intergrate] queue: frame output frame :43
I1014 15:01:19.676934  8474 work_thread.hpp:81]  [T-Work-Recog_1] Run work: WorkRecog
W1014 15:01:19.676956  8474 work_recog.hpp:118] Face id: 4 has low quality : 0.026676, no need to recog
I1014 15:01:19.677009  8474 work_thread.hpp:81]  [T-Work-Recog_1] Run work: WorkCompare
I1014 15:01:19.677825  8475 thread_intergrate.hpp:168] T-Intergrate-intergrate Show face :3, size :640 * 360
I1014 15:01:19.678411  8471 demo_inner.hpp:435] thread [SORT-0]  frame id 43 sorting queue size 1   FPS: 29.8084
I1014 15:01:19.694185  8470 demo_inner.hpp:260]  gui queue size 1, state = running
I1014 15:01:19.699215  8469 demo_inner.hpp:177] decode queue size 0
I1014 15:01:19.699319  8472 work_thread.hpp:81]  [T-Work-Detect_0] Run work: WorkDetect
I1014 15:01:19.699353  8472 work_detect.cpp:102] Succeeded to add det start for frame 44
I1014 15:01:19.706125  8472 work_detect.cpp:70] Frame :44 detect result :2 face(s)
I1014 15:01:19.706166  8472 work_detect.cpp:86] Detected bbox: [184 x 222 from (295, 134)]
I1014 15:01:19.706200  8472 work_detect.cpp:86] Detected bbox: [54 x 49 from (96, 210)]
I1014 15:01:19.706231  8472 work_detect.cpp:120] Succeeded to add det end for frame 44
I1014 15:01:19.706248  8472 work_thread.hpp:81]  [T-Work-Detect_0] Run work: WrokTrack
I1014 15:01:19.706272  8472 work_track.cpp:82] Frame: 44 build input_characts: [0.2875 x 0.616667 from (0.460938, 0.372222)], 0.999622, 0
I1014 15:01:19.706324  8472 work_track.cpp:82] Frame: 44 build input_characts: [0.084375 x 0.136111 from (0.15, 0.583333)], 0.943585, 1
I1014 15:01:19.706359  8472 work_track.cpp:102] Succeeded to set track lock for frame 44
I1014 15:01:19.706403  8472 work_track.cpp:116] Succeeded to release track lock for frame 44
I1014 15:01:19.706418  8472 work_track.cpp:120] Track results of frame 44: 2 objects input, 1 objects tracked!
I1014 15:01:19.706436  8472 work_track.cpp:148] Frame: 44, track bbox: [54 x 49 from (96.8737, 210.41)], gid: 4, lid: 1
I1014 15:01:19.706470  8472 work_track.cpp:162] Frame: 44 lid: 0 not tracked, will set invalid
I1014 15:01:19.706485  8472 work_thread.hpp:87]  [T-Work-Detect_0] Frame :44 split
I1014 15:01:19.706502  8472 work_thread.hpp:126]  [T-Work-Detect_0] Invalid piece: lid = 0, drop it
I1014 15:01:19.706517  8472 work_thread.hpp:120]  [T-Work-Detect_0] Valid piece: gid = 4
I1014 15:01:19.706534  8472 work_thread.hpp:91]  [T-Work-Detect_0] Push to split queue:recog
I1014 15:01:19.706583  8474 work_thread.hpp:81]  [T-Work-Recog_1] Run work: WorkCapture
I1014 15:01:19.706828  8475 thread_intergrate.hpp:78] [T-Intergrate-intergrate] queue: frame output frame :44
I1014 15:01:19.707068  8474 work_thread.hpp:81]  [T-Work-Recog_1] Run work: WorkRecog
W1014 15:01:19.707090  8474 work_recog.hpp:118] Face id: 4 has low quality : 0.0266747, no need to recog
I1014 15:01:19.707137  8474 work_thread.hpp:81]  [T-Work-Recog_1] Run work: WorkCompare
I1014 15:01:19.708040  8475 thread_intergrate.hpp:168] T-Intergrate-intergrate Show face :3, size :640 * 360
I1014 15:01:19.708699  8471 demo_inner.hpp:435] thread [SORT-0]  frame id 44 sorting queue size 0   FPS: 29.8819
I1014 15:01:19.735097  8469 demo_inner.hpp:177] decode queue size 0
I1014 15:01:19.735204  8472 work_thread.hpp:81]  [T-Work-Detect_0] Run work: WorkDetect
I1014 15:01:19.735239  8472 work_detect.cpp:102] Succeeded to add det start for frame 45
I1014 15:01:19.741972  8472 work_detect.cpp:70] Frame :45 detect result :2 face(s)
I1014 15:01:19.742013  8472 work_detect.cpp:86] Detected bbox: [184 x 225 from (295, 129)]
I1014 15:01:19.742046  8472 work_detect.cpp:86] Detected bbox: [58 x 56 from (98, 207)]
I1014 15:01:19.742079  8472 work_detect.cpp:120] Succeeded to add det end for frame 45
I1014 15:01:19.742094  8472 work_thread.hpp:81]  [T-Work-Detect_0] Run work: WrokTrack
I1014 15:01:19.742118  8472 work_track.cpp:82] Frame: 45 build input_characts: [0.2875 x 0.625 from (0.460938, 0.358333)], 1.00035, 0
