I1014 15:43:32.325376  9400 work_thread.hpp:87]  [T-Work-Detect_0] Frame :35 split
I1014 15:43:32.325436  9403 thread_intergrate.hpp:78] [T-Intergrate-intergrate] queue: frame output frame :35
I1014 15:43:32.326941  9399 demo_inner.hpp:435] thread [SORT-0]  frame id 35 sorting queue size 0   FPS: 29.8507
I1014 15:43:32.353567  9397 demo_inner.hpp:177] decode queue size 0
I1014 15:43:32.353688  9400 work_thread.hpp:81]  [T-Work-Detect_0] Run work: WorkDetect
I1014 15:43:32.353724  9400 work_detect.cpp:102] Succeeded to add det start for frame 36
I1014 15:43:32.360297  9400 work_detect.cpp:70] Frame :36 detect result :1 face(s)
W1014 15:43:32.360337  9400 work_detect.cpp:83] Invalid bbox: [132 x 173 from (264, 190)]
I1014 15:43:32.360410  9400 work_detect.cpp:120] Succeeded to add det end for frame 36
I1014 15:43:32.360428  9400 work_thread.hpp:81]  [T-Work-Detect_0] Run work: WrokTrack
I1014 15:43:32.360455  9400 work_track.cpp:102] Succeeded to set track lock for frame 36
I1014 15:43:32.360481  9400 work_track.cpp:116] Succeeded to release track lock for frame 36
I1014 15:43:32.360496  9400 work_track.cpp:120] Track results of frame 36: 0 objects input, 0 objects tracked!
I1014 15:43:32.360513  9400 work_thread.hpp:87]  [T-Work-Detect_0] Frame :36 split
I1014 15:43:32.360558  9403 thread_intergrate.hpp:78] [T-Intergrate-intergrate] queue: frame output frame :36
I1014 15:43:32.362054  9399 demo_inner.hpp:435] thread [SORT-0]  frame id 36 sorting queue size 1   FPS: 29.8126
I1014 15:43:32.383595  9397 demo_inner.hpp:177] decode queue size 0
I1014 15:43:32.383697  9400 work_thread.hpp:81]  [T-Work-Detect_0] Run work: WorkDetect
I1014 15:43:32.383733  9400 work_detect.cpp:102] Succeeded to add det start for frame 37
I1014 15:43:32.390305  9400 work_detect.cpp:70] Frame :37 detect result :1 face(s)
I1014 15:43:32.390331  9398 demo_inner.hpp:260]  gui queue size 1, state = running
I1014 15:43:32.390383  9400 work_detect.cpp:86] Detected bbox: [131 x 169 from (264, 190)]
I1014 15:43:32.390429  9400 work_detect.cpp:120] Succeeded to add det end for frame 37
I1014 15:43:32.390445  9400 work_thread.hpp:81]  [T-Work-Detect_0] Run work: WrokTrack
I1014 15:43:32.390468  9400 work_track.cpp:82] Frame: 37 build input_characts: [0.204688 x 0.469444 from (0.4125, 0.527778)], 0.997488, 0
I1014 15:43:32.390532  9400 work_track.cpp:102] Succeeded to set track lock for frame 37
I1014 15:43:32.390638  9400 work_track.cpp:116] Succeeded to release track lock for frame 37
I1014 15:43:32.390655  9400 work_track.cpp:120] Track results of frame 37: 1 objects input, 0 objects tracked!
I1014 15:43:32.390673  9400 work_track.cpp:162] Frame: 37 lid: 0 not tracked, will set invalid
I1014 15:43:32.390689  9400 work_thread.hpp:87]  [T-Work-Detect_0] Frame :37 split
I1014 15:43:32.390707  9400 work_thread.hpp:126]  [T-Work-Detect_0] Invalid piece: lid = 0, drop it
I1014 15:43:32.390763  9403 thread_intergrate.hpp:78] [T-Intergrate-intergrate] queue: frame output frame :37
I1014 15:43:32.392318  9399 demo_inner.hpp:435] thread [SORT-0]  frame id 37 sorting queue size 0   FPS: 29.8755
I1014 15:43:32.419510  9397 demo_inner.hpp:177] decode queue size 0
I1014 15:43:32.419620  9400 work_thread.hpp:81]  [T-Work-Detect_0] Run work: WorkDetect
I1014 15:43:32.419658  9400 work_detect.cpp:102] Succeeded to add det start for frame 38
I1014 15:43:32.426519  9400 work_detect.cpp:70] Frame :38 detect result :1 face(s)
W1014 15:43:32.426568  9400 work_detect.cpp:83] Invalid bbox: [146 x 180 from (255, 194)]
I1014 15:43:32.426682  9400 work_detect.cpp:120] Succeeded to add det end for frame 38
I1014 15:43:32.426700  9400 work_thread.hpp:81]  [T-Work-Detect_0] Run work: WrokTrack
I1014 15:43:32.426729  9400 work_track.cpp:102] Succeeded to set track lock for frame 38
I1014 15:43:32.426786  9400 work_track.cpp:116] Succeeded to release track lock for frame 38
I1014 15:43:32.426801  9400 work_track.cpp:120] Track results of frame 38: 0 objects input, 0 objects tracked!
I1014 15:43:32.426820  9400 work_thread.hpp:87]  [T-Work-Detect_0] Frame :38 split
I1014 15:43:32.426873  9403 thread_intergrate.hpp:78] [T-Intergrate-intergrate] queue: frame output frame :38
I1014 15:43:32.428537  9399 demo_inner.hpp:435] thread [SORT-0]  frame id 38 sorting queue size 1   FPS: 29.8147
I1014 15:43:32.455500  9397 demo_inner.hpp:177] decode queue size 0
I1014 15:43:32.455608  9400 work_thread.hpp:81]  [T-Work-Detect_0] Run work: WorkDetect
I1014 15:43:32.455644  9400 work_detect.cpp:102] Succeeded to add det start for frame 39
I1014 15:43:32.462257  9400 work_detect.cpp:70] Frame :39 detect result :1 face(s)
W1014 15:43:32.462307  9400 work_detect.cpp:83] Invalid bbox: [138 x 179 from (253, 188)]
I1014 15:43:32.462380  9400 work_detect.cpp:120] Succeeded to add det end for frame 39
I1014 15:43:32.462397  9400 work_thread.hpp:81]  [T-Work-Detect_0] Run work: WrokTrack
I1014 15:43:32.462425  9400 work_track.cpp:102] Succeeded to set track lock for frame 39
I1014 15:43:32.462474  9400 work_track.cpp:116] Succeeded to release track lock for frame 39
I1014 15:43:32.462488  9400 work_track.cpp:120] Track results of frame 39: 0 objects input, 0 objects tracked!
I1014 15:43:32.462508  9400 work_thread.hpp:87]  [T-Work-Detect_0] Frame :39 split
I1014 15:43:32.462554  9403 thread_intergrate.hpp:78] [T-Intergrate-intergrate] queue: frame output frame :39
I1014 15:43:32.464076  9399 demo_inner.hpp:435] thread [SORT-0]  frame id 39 sorting queue size 2   FPS: 29.7806
I1014 15:43:32.485561  9397 demo_inner.hpp:177] decode queue size 0
I1014 15:43:32.485669  9400 work_thread.hpp:81]  [T-Work-Detect_0] Run work: WorkDetect
I1014 15:43:32.485704  9400 work_detect.cpp:102] Succeeded to add det start for frame 40
I1014 15:43:32.490653  9398 demo_inner.hpp:260]  gui queue size 2, state = running
I1014 15:43:32.492519  9400 work_detect.cpp:70] Frame :40 detect result :1 face(s)
W1014 15:43:32.492575  9400 work_detect.cpp:83] Invalid bbox: [144 x 180 from (257, 194)]
I1014 15:43:32.492657  9400 work_detect.cpp:120] Succeeded to add det end for frame 40
I1014 15:43:32.492676  9400 work_thread.hpp:81]  [T-Work-Detect_0] Run work: WrokTrack
I1014 15:43:32.492704  9400 work_track.cpp:102] Succeeded to set track lock for frame 40
I1014 15:43:32.492733  9400 work_track.cpp:116] Succeeded to release track lock for frame 40
I1014 15:43:32.492748  9400 work_track.cpp:120] Track results of frame 40: 0 objects input, 0 objects tracked!
I1014 15:43:32.492766  9400 work_thread.hpp:87]  [T-Work-Detect_0] Frame :40 split
I1014 15:43:32.492835  9403 thread_intergrate.hpp:78] [T-Intergrate-intergrate] queue: frame output frame :40
I1014 15:43:32.494525  9399 demo_inner.hpp:435] thread [SORT-0]  frame id 40 sorting queue size 0   FPS: 29.8393
I1014 15:43:32.521499  9397 demo_inner.hpp:177] decode queue size 0
I1014 15:43:32.521602  9400 work_thread.hpp:81]  [T-Work-Detect_0] Run work: WorkDetect
I1014 15:43:32.521637  9400 work_detect.cpp:102] Succeeded to add det start for frame 41
I1014 15:43:32.528198  9400 work_detect.cpp:70] Frame :41 detect result :1 face(s)
W1014 15:43:32.528246  9400 work_detect.cpp:83] Invalid bbox: [144 x 180 from (256, 194)]
I1014 15:43:32.528318  9400 work_detect.cpp:120] Succeeded to add det end for frame 41
I1014 15:43:32.528337  9400 work_thread.hpp:81]  [T-Work-Detect_0] Run work: WrokTrack
I1014 15:43:32.528363  9400 work_track.cpp:102] Succeeded to set track lock for frame 41
I1014 15:43:32.528390  9400 work_track.cpp:116] Succeeded to release track lock for frame 41
I1014 15:43:32.528404  9400 work_track.cpp:120] Track results of frame 41: 0 objects input, 0 objects tracked!
I1014 15:43:32.528467  9400 work_thread.hpp:87]  [T-Work-Detect_0] Frame :41 split
I1014 15:43:32.528520  9403 thread_intergrate.hpp:78] [T-Intergrate-intergrate] queue: frame output frame :41
I1014 15:43:32.530084  9399 demo_inner.hpp:435] thread [SORT-0]  frame id 41 sorting queue size 1   FPS: 29.8063
I1014 15:43:32.551542  9397 demo_inner.hpp:177] decode queue size 0
I1014 15:43:32.551643  9400 work_thread.hpp:81]  [T-Work-Detect_0] Run work: WorkDetect
I1014 15:43:32.551679  9400 work_detect.cpp:102] Succeeded to add det start for frame 42
I1014 15:43:32.558022  9398 demo_inner.hpp:260]  gui queue size 1, state = running
I1014 15:43:32.558248  9400 work_detect.cpp:70] Frame :42 detect result :1 face(s)
W1014 15:43:32.558271  9400 work_detect.cpp:83] Invalid bbox: [145 x 180 from (256, 194)]
I1014 15:43:32.558357  9400 work_detect.cpp:120] Succeeded to add det end for frame 42
I1014 15:43:32.558374  9400 work_thread.hpp:81]  [T-Work-Detect_0] Run work: WrokTrack
I1014 15:43:32.558401  9400 work_track.cpp:102] Succeeded to set track lock for frame 42
I1014 15:43:32.558432  9400 work_track.cpp:116] Succeeded to release track lock for frame 42
I1014 15:43:32.558446  9400 work_track.cpp:120] Track results of frame 42: 0 objects input, 0 objects tracked!
I1014 15:43:32.558465  9400 work_thread.hpp:87]  [T-Work-Detect_0] Frame :42 split
I1014 15:43:32.558534  9403 thread_intergrate.hpp:78] [T-Intergrate-intergrate] queue: frame output frame :42
I1014 15:43:32.560134  9399 demo_inner.hpp:435] thread [SORT-0]  frame id 42 sorting queue size 0   FPS: 29.8834
I1014 15:43:32.587494  9397 demo_inner.hpp:177] decode queue size 0
I1014 15:43:32.587602  9400 work_thread.hpp:81]  [T-Work-Detect_0] Run work: WorkDetect
I1014 15:43:32.587638  9400 work_detect.cpp:102] Succeeded to add det start for frame 43
I1014 15:43:32.594271  9400 work_detect.cpp:70] Frame :43 detect result :1 face(s)
W1014 15:43:32.594318  9400 work_detect.cpp:83] Invalid bbox: [133 x 173 from (264, 190)]
I1014 15:43:32.594391  9400 work_detect.cpp:120] Succeeded to add det end for frame 43
I1014 15:43:32.594408  9400 work_thread.hpp:81]  [T-Work-Detect_0] Run work: WrokTrack
I1014 15:43:32.594435  9400 work_track.cpp:102] Succeeded to set track lock for frame 43
I1014 15:43:32.594462  9400 work_track.cpp:116] Succeeded to release track lock for frame 43
I1014 15:43:32.594475  9400 work_track.cpp:120] Track results of frame 43: 0 objects input, 0 objects tracked!
I1014 15:43:32.594494  9400 work_thread.hpp:87]  [T-Work-Detect_0] Frame :43 split
I1014 15:43:32.594542  9403 thread_intergrate.hpp:78] [T-Intergrate-intergrate] queue: frame output frame :43
I1014 15:43:32.596042  9399 demo_inner.hpp:435] thread [SORT-0]  frame id 43 sorting queue size 1   FPS: 29.8295
I1014 15:43:32.617621  9397 demo_inner.hpp:177] decode queue size 0
I1014 15:43:32.617729  9400 work_thread.hpp:81]  [T-Work-Detect_0] Run work: WorkDetect
I1014 15:43:32.617764  9400 work_detect.cpp:102] Succeeded to add det start for frame 44
I1014 15:43:32.624404  9400 work_detect.cpp:70] Frame :44 detect result :1 face(s)
W1014 15:43:32.624459  9400 work_detect.cpp:83] Invalid bbox: [133 x 173 from (263, 188)]
I1014 15:43:32.624537  9400 work_detect.cpp:120] Succeeded to add det end for frame 44
I1014 15:43:32.624554  9400 work_thread.hpp:81]  [T-Work-Detect_0] Run work: WrokTrack
I1014 15:43:32.624584  9400 work_track.cpp:102] Succeeded to set track lock for frame 44
I1014 15:43:32.624613  9400 work_track.cpp:116] Succeeded to release track lock for frame 44
I1014 15:43:32.624626  9400 work_track.cpp:120] Track results of frame 44: 0 objects input, 0 objects tracked!
I1014 15:43:32.624645  9400 work_thread.hpp:87]  [T-Work-Detect_0] Frame :44 split
I1014 15:43:32.624697  9398 demo_inner.hpp:260]  gui queue size 1, state = running
I1014 15:43:32.624704  9403 thread_intergrate.hpp:78] [T-Intergrate-intergrate] queue: frame output frame :44
I1014 15:43:32.626312  9399 demo_inner.hpp:435] thread [SORT-0]  frame id 44 sorting queue size 0   FPS: 29.8819
I1014 15:43:32.653553  9397 demo_inner.hpp:177] decode queue size 0
I1014 15:43:32.653733  9400 work_thread.hpp:81]  [T-Work-Detect_0] Run work: WorkDetect
I1014 15:43:32.653769  9400 work_detect.cpp:102] Succeeded to add det start for frame 45
I1014 15:43:32.660555  9400 work_detect.cpp:70] Frame :45 detect result :1 face(s)
W1014 15:43:32.660606  9400 work_detect.cpp:83] Invalid bbox: [146 x 183 from (255, 192)]
I1014 15:43:32.660912  9400 work_detect.cpp:120] Succeeded to add det end for frame 45
I1014 15:43:32.660931  9400 work_thread.hpp:81]  [T-Work-Detect_0] Run work: WrokTrack
I1014 15:43:32.660959  9400 work_track.cpp:102] Succeeded to set track lock for frame 45
I1014 15:43:32.660985  9400 work_track.cpp:116] Succeeded to release track lock for frame 45
I1014 15:43:32.661000  9400 work_track.cpp:120] Track results of frame 45: 0 objects input, 0 objects tracked!
I1014 15:43:32.661017  9400 work_thread.hpp:87]  [T-Work-Detect_0] Frame :45 split
I1014 15:43:32.661070  9403 thread_intergrate.hpp:78] [T-Intergrate-intergrate] queue: frame output frame :45
I1014 15:43:32.662736  9399 demo_inner.hpp:435] thread [SORT-0]  frame id 45 sorting queue size 1   FPS: 29.8305
I1014 15:43:32.689430  9397 demo_inner.hpp:177] decode queue size 0
I1014 15:43:32.689545  9400 work_thread.hpp:81]  [T-Work-Detect_0] Run work: WorkDetect
I1014 15:43:32.689581  9400 work_detect.cpp:102] Succeeded to add det start for frame 46
I1014 15:43:32.696271  9400 work_detect.cpp:70] Frame :46 detect result :1 face(s)
W1014 15:43:32.696322  9400 work_detect.cpp:83] Invalid bbox: [132 x 172 from (265, 190)]
I1014 15:43:32.696482  9400 work_detect.cpp:120] Succeeded to add det end for frame 46
I1014 15:43:32.696501  9400 work_thread.hpp:81]  [T-Work-Detect_0] Run work: WrokTrack
I1014 15:43:32.696529  9400 work_track.cpp:102] Succeeded to set track lock for frame 46
I1014 15:43:32.696555  9400 work_track.cpp:116] Succeeded to release track lock for frame 46
I1014 15:43:32.696569  9400 work_track.cpp:120] Track results of frame 46: 0 objects input, 0 objects tracked!
I1014 15:43:32.696588  9400 work_thread.hpp:87]  [T-Work-Detect_0] Frame :46 split
I1014 15:43:32.696633  9403 thread_intergrate.hpp:78] [T-Intergrate-intergrate] queue: frame output frame :46
I1014 15:43:32.697633  9398 demo_inner.hpp:260]  gui queue size 1, state = running
I1014 15:43:32.698146  9399 demo_inner.hpp:435] thread [SORT-0]  frame id 46 sorting queue size 0   FPS: 29.7816
I1014 15:43:32.719544  9397 demo_inner.hpp:177] decode queue size 0
I1014 15:43:32.719648  9400 work_thread.hpp:81]  [T-Work-Detect_0] Run work: WorkDetect
I1014 15:43:32.719684  9400 work_detect.cpp:102] Succeeded to add det start for frame 47
I1014 15:43:32.726307  9400 work_detect.cpp:70] Frame :47 detect result :1 face(s)
W1014 15:43:32.726356  9400 work_detect.cpp:83] Invalid bbox: [133 x 173 from (264, 190)]
I1014 15:43:32.726450  9400 work_detect.cpp:120] Succeeded to add det end for frame 47
I1014 15:43:32.726467  9400 work_thread.hpp:81]  [T-Work-Detect_0] Run work: WrokTrack
I1014 15:43:32.726495  9400 work_track.cpp:102] Succeeded to set track lock for frame 47
I1014 15:43:32.726522  9400 work_track.cpp:116] Succeeded to release track lock for frame 47
I1014 15:43:32.726536  9400 work_track.cpp:120] Track results of frame 47: 0 objects input, 0 objects tracked!
I1014 15:43:32.726554  9400 work_thread.hpp:87]  [T-Work-Detect_0] Frame :47 split
I1014 15:43:32.726606  9403 thread_intergrate.hpp:78] [T-Intergrate-intergrate] queue: frame output frame :47
I1014 15:43:32.728068  9399 demo_inner.hpp:435] thread [SORT-0]  frame id 47 sorting queue size 1   FPS: 29.8701
I1014 15:43:32.755548  9397 demo_inner.hpp:177] decode queue size 0
I1014 15:43:32.755661  9400 work_thread.hpp:81]  [T-Work-Detect_0] Run work: WorkDetect
I1014 15:43:32.755695  9400 work_detect.cpp:102] Succeeded to add det start for frame 48
I1014 15:43:32.762360  9400 work_detect.cpp:70] Frame :48 detect result :1 face(s)
W1014 15:43:32.762415  9400 work_detect.cpp:83] Invalid bbox: [136 x 175 from (263, 188)]
I1014 15:43:32.762547  9400 work_detect.cpp:120] Succeeded to add det end for frame 48
I1014 15:43:32.762614  9400 work_thread.hpp:81]  [T-Work-Detect_0] Run work: WrokTrack
I1014 15:43:32.762642  9400 work_track.cpp:102] Succeeded to set track lock for frame 48
I1014 15:43:32.762670  9400 work_track.cpp:116] Succeeded to release track lock for frame 48
I1014 15:43:32.762683  9400 work_track.cpp:120] Track results of frame 48: 0 objects input, 0 objects tracked!
I1014 15:43:32.762701  9400 work_thread.hpp:87]  [T-Work-Detect_0] Frame :48 split
I1014 15:43:32.762769  9403 thread_intergrate.hpp:78] [T-Intergrate-intergrate] queue: frame output frame :48
I1014 15:43:32.764312  9399 demo_inner.hpp:435] thread [SORT-0]  frame id 48 sorting queue size 2   FPS: 29.8034
I1014 15:43:32.785614  9397 demo_inner.hpp:177] decode queue size 0
I1014 15:43:32.785714  9400 work_thread.hpp:81]  [T-Work-Detect_0] Run work: WorkDetect
I1014 15:43:32.785751  9400 work_detect.cpp:102] Succeeded to add det start for frame 49
I1014 15:43:32.792290  9400 work_detect.cpp:70] Frame :49 detect result :1 face(s)
W1014 15:43:32.792335  9400 work_detect.cpp:83] Invalid bbox: [144 x 184 from (258, 192)]
I1014 15:43:32.792433  9400 work_detect.cpp:120] Succeeded to add det end for frame 49
I1014 15:43:32.792450  9400 work_thread.hpp:81]  [T-Work-Detect_0] Run work: WrokTrack
I1014 15:43:32.792479  9400 work_track.cpp:102] Succeeded to set track lock for frame 49
I1014 15:43:32.792505  9400 work_track.cpp:116] Succeeded to release track lock for frame 49
I1014 15:43:32.792518  9400 work_track.cpp:120] Track results of frame 49: 0 objects input, 0 objects tracked!
I1014 15:43:32.792537  9400 work_thread.hpp:87]  [T-Work-Detect_0] Frame :49 split
I1014 15:43:32.792596  9403 thread_intergrate.hpp:78] [T-Intergrate-intergrate] queue: frame output frame :49
I1014 15:43:32.794131  9399 demo_inner.hpp:435] thread [SORT-0]  frame id 49 sorting queue size 3   FPS: 29.8879
I1014 15:43:32.797444  9398 demo_inner.hpp:260]  gui queue size 3, state = running
I1014 15:43:32.821496  9397 demo_inner.hpp:177] decode queue size 0
I1014 15:43:32.821607  9400 work_thread.hpp:81]  [T-Work-Detect_0] Run work: WorkDetect
I1014 15:43:32.821643  9400 work_detect.cpp:102] Succeeded to add det start for frame 50
I1014 15:43:32.828474  9400 work_detect.cpp:70] Frame :50 detect result :1 face(s)
W1014 15:43:32.828516  9400 work_detect.cpp:83] Invalid bbox: [134 x 174 from (264, 188)]
I1014 15:43:32.828611  9400 work_detect.cpp:120] Succeeded to add det end for frame 50
I1014 15:43:32.828629  9400 work_thread.hpp:81]  [T-Work-Detect_0] Run work: WrokTrack
I1014 15:43:32.828656  9400 work_track.cpp:102] Succeeded to set track lock for frame 50
I1014 15:43:32.828683  9400 work_track.cpp:116] Succeeded to release track lock for frame 50
I1014 15:43:32.828697  9400 work_track.cpp:120] Track results of frame 50: 0 objects input, 0 objects tracked!
I1014 15:43:32.828716  9400 work_thread.hpp:87]  [T-Work-Detect_0] Frame :50 split
I1014 15:43:32.828764  9403 thread_intergrate.hpp:78] [T-Intergrate-intergrate] queue: frame output frame :50
I1014 15:43:32.830258  9399 demo_inner.hpp:435] thread [SORT-0]  frame id 50 sorting queue size 0   FPS: 29.8235
I1014 15:43:32.847965  9398 demo_inner.hpp:260]  gui queue size 0, state = running
I1014 15:43:32.851696  9397 demo_inner.hpp:177] decode queue size 0
I1014 15:43:32.851804  9400 work_thread.hpp:81]  [T-Work-Detect_0] Run work: WorkDetect
I1014 15:43:32.851841  9400 work_detect.cpp:102] Succeeded to add det start for frame 51
I1014 15:43:32.858602  9400 work_detect.cpp:70] Frame :51 detect result :1 face(s)
W1014 15:43:32.858641  9400 work_detect.cpp:83] Invalid bbox: [133 x 172 from (263, 190)]
I1014 15:43:32.858737  9400 work_detect.cpp:120] Succeeded to add det end for frame 51
I1014 15:43:32.858754  9400 work_thread.hpp:81]  [T-Work-Detect_0] Run work: WrokTrack
I1014 15:43:32.858783  9400 work_track.cpp:102] Succeeded to set track lock for frame 51
I1014 15:43:32.858808  9400 work_track.cpp:116] Succeeded to release track lock for frame 51
I1014 15:43:32.858824  9400 work_track.cpp:120] Track results of frame 51: 0 objects input, 0 objects tracked!
I1014 15:43:32.858888  9400 work_thread.hpp:87]  [T-Work-Detect_0] Frame :51 split
I1014 15:43:32.858947  9403 thread_intergrate.hpp:78] [T-Intergrate-intergrate] queue: frame output frame :51
I1014 15:43:32.860636  9399 demo_inner.hpp:435] thread [SORT-0]  frame id 51 sorting queue size 0   FPS: 29.8864
I1014 15:43:32.887565  9397 demo_inner.hpp:177] decode queue size 0
I1014 15:43:32.887681  9400 work_thread.hpp:81]  [T-Work-Detect_0] Run work: WorkDetect
I1014 15:43:32.887718  9400 work_detect.cpp:102] Succeeded to add det start for frame 52
I1014 15:43:32.894599  9400 work_detect.cpp:70] Frame :52 detect result :1 face(s)
W1014 15:43:32.894646  9400 work_detect.cpp:83] Invalid bbox: [146 x 184 from (257, 192)]
I1014 15:43:32.894745  9400 work_detect.cpp:120] Succeeded to add det end for frame 52
I1014 15:43:32.894763  9400 work_thread.hpp:81]  [T-Work-Detect_0] Run work: WrokTrack
I1014 15:43:32.894789  9400 work_track.cpp:102] Succeeded to set track lock for frame 52
I1014 15:43:32.894816  9400 work_track.cpp:116] Succeeded to release track lock for frame 52
I1014 15:43:32.894830  9400 work_track.cpp:120] Track results of frame 52: 0 objects input, 0 objects tracked!
I1014 15:43:32.894848  9400 work_thread.hpp:87]  [T-Work-Detect_0] Frame :52 split
I1014 15:43:32.894896  9403 thread_intergrate.hpp:78] [T-Intergrate-intergrate] queue: frame output frame :52
I1014 15:43:32.896526  9399 demo_inner.hpp:435] thread [SORT-0]  frame id 52 sorting queue size 1   FPS: 29.842
I1014 15:43:32.917610  9397 demo_inner.hpp:177] decode queue size 0
I1014 15:43:32.917709  9400 work_thread.hpp:81]  [T-Work-Detect_0] Run work: WorkDetect
I1014 15:43:32.917745  9400 work_detect.cpp:102] Succeeded to add det start for frame 53
I1014 15:43:32.924458  9400 work_detect.cpp:70] Frame :53 detect result :1 face(s)
W1014 15:43:32.924507  9400 work_detect.cpp:83] Invalid bbox: [133 x 172 from (264, 190)]
I1014 15:43:32.924604  9400 work_detect.cpp:120] Succeeded to add det end for frame 53
I1014 15:43:32.924623  9400 work_thread.hpp:81]  [T-Work-Detect_0] Run work: WrokTrack
I1014 15:43:32.924650  9400 work_track.cpp:102] Succeeded to set track lock for frame 53
I1014 15:43:32.924676  9400 work_track.cpp:116] Succeeded to release track lock for frame 53
I1014 15:43:32.924690  9400 work_track.cpp:120] Track results of frame 53: 0 objects input, 0 objects tracked!
I1014 15:43:32.924708  9400 work_thread.hpp:87]  [T-Work-Detect_0] Frame :53 split
I1014 15:43:32.924758  9403 thread_intergrate.hpp:78] [T-Intergrate-intergrate] queue: frame output frame :53
I1014 15:43:32.926255  9399 demo_inner.hpp:435] thread [SORT-0]  frame id 53 sorting queue size 2   FPS: 29.9022
I1014 15:43:32.949272  9398 demo_inner.hpp:260]  gui queue size 2, state = running
I1014 15:43:32.953660  9397 demo_inner.hpp:177] decode queue size 0
I1014 15:43:32.953792  9400 work_thread.hpp:81]  [T-Work-Detect_0] Run work: WorkDetect
I1014 15:43:32.953860  9400 work_detect.cpp:102] Succeeded to add det start for frame 54
I1014 15:43:32.960676  9400 work_detect.cpp:70] Frame :54 detect result :1 face(s)
W1014 15:43:32.960721  9400 work_detect.cpp:83] Invalid bbox: [144 x 180 from (256, 194)]
I1014 15:43:32.960816  9400 work_detect.cpp:120] Succeeded to add det end for frame 54
I1014 15:43:32.960834  9400 work_thread.hpp:81]  [T-Work-Detect_0] Run work: WrokTrack
I1014 15:43:32.960860  9400 work_track.cpp:102] Succeeded to set track lock for frame 54
I1014 15:43:32.960887  9400 work_track.cpp:116] Succeeded to release track lock for frame 54
I1014 15:43:32.960901  9400 work_track.cpp:120] Track results of frame 54: 0 objects input, 0 objects tracked!
I1014 15:43:32.960919  9400 work_thread.hpp:87]  [T-Work-Detect_0] Frame :54 split
I1014 15:43:32.960970  9403 thread_intergrate.hpp:78] [T-Intergrate-intergrate] queue: frame output frame :54
I1014 15:43:32.962653  9399 demo_inner.hpp:435] thread [SORT-0]  frame id 54 sorting queue size 0   FPS: 29.8592
I1014 15:43:32.989511  9397 demo_inner.hpp:177] decode queue size 0
I1014 15:43:32.989702  9400 work_thread.hpp:81]  [T-Work-Detect_0] Run work: WorkDetect
I1014 15:43:32.989737  9400 work_detect.cpp:102] Succeeded to add det start for frame 55
I1014 15:43:32.996495  9400 work_detect.cpp:70] Frame :55 detect result :1 face(s)
W1014 15:43:32.996538  9400 work_detect.cpp:83] Invalid bbox: [133 x 174 from (264, 190)]
I1014 15:43:32.996652  9400 work_detect.cpp:120] Succeeded to add det end for frame 55
I1014 15:43:32.996670  9400 work_thread.hpp:81]  [T-Work-Detect_0] Run work: WrokTrack
I1014 15:43:32.996697  9400 work_track.cpp:102] Succeeded to set track lock for frame 55
I1014 15:43:32.996726  9400 work_track.cpp:116] Succeeded to release track lock for frame 55
I1014 15:43:32.996739  9400 work_track.cpp:120] Track results of frame 55: 0 objects input, 0 objects tracked!
I1014 15:43:32.996757  9400 work_thread.hpp:87]  [T-Work-Detect_0] Frame :55 split
I1014 15:43:32.996801  9403 thread_intergrate.hpp:78] [T-Intergrate-intergrate] queue: frame output frame :55
I1014 15:43:32.998284  9399 demo_inner.hpp:435] thread [SORT-0]  frame id 55 sorting queue size 1   FPS: 29.8178
I1014 15:43:33.015604  9398 demo_inner.hpp:260]  gui queue size 1, state = running
I1014 15:43:33.019647  9397 demo_inner.hpp:177] decode queue size 0
I1014 15:43:33.019757  9400 work_thread.hpp:81]  [T-Work-Detect_0] Run work: WorkDetect
I1014 15:43:33.019793  9400 work_detect.cpp:102] Succeeded to add det start for frame 56
I1014 15:43:33.026413  9400 work_detect.cpp:70] Frame :56 detect result :1 face(s)
W1014 15:43:33.026453  9400 work_detect.cpp:83] Invalid bbox: [144 x 180 from (258, 193)]
I1014 15:43:33.026547  9400 work_detect.cpp:120] Succeeded to add det end for frame 56
I1014 15:43:33.026564  9400 work_thread.hpp:81]  [T-Work-Detect_0] Run work: WrokTrack
I1014 15:43:33.026592  9400 work_track.cpp:102] Succeeded to set track lock for frame 56
I1014 15:43:33.026618  9400 work_track.cpp:116] Succeeded to release track lock for frame 56
I1014 15:43:33.026633  9400 work_track.cpp:120] Track results of frame 56: 0 objects input, 0 objects tracked!
I1014 15:43:33.026651  9400 work_thread.hpp:87]  [T-Work-Detect_0] Frame :56 split
I1014 15:43:33.026700  9403 thread_intergrate.hpp:78] [T-Intergrate-intergrate] queue: frame output frame :56
I1014 15:43:33.028252  9399 demo_inner.hpp:435] thread [SORT-0]  frame id 56 sorting queue size 0   FPS: 29.8751
I1014 15:43:33.055559  9397 demo_inner.hpp:177] decode queue size 0
I1014 15:43:33.055663  9400 work_thread.hpp:81]  [T-Work-Detect_0] Run work: WorkDetect
I1014 15:43:33.055701  9400 work_detect.cpp:102] Succeeded to add det start for frame 57
I1014 15:43:33.062266  9400 work_detect.cpp:70] Frame :57 detect result :1 face(s)
W1014 15:43:33.062304  9400 work_detect.cpp:83] Invalid bbox: [132 x 168 from (265, 193)]
I1014 15:43:33.062399  9400 work_detect.cpp:120] Succeeded to add det end for frame 57
I1014 15:43:33.062417  9400 work_thread.hpp:81]  [T-Work-Detect_0] Run work: WrokTrack
I1014 15:43:33.062444  9400 work_track.cpp:102] Succeeded to set track lock for frame 57
I1014 15:43:33.062471  9400 work_track.cpp:116] Succeeded to release track lock for frame 57
I1014 15:43:33.062485  9400 work_track.cpp:120] Track results of frame 57: 0 objects input, 0 objects tracked!
I1014 15:43:33.062503  9400 work_thread.hpp:87]  [T-Work-Detect_0] Frame :57 split
I1014 15:43:33.062552  9403 thread_intergrate.hpp:78] [T-Intergrate-intergrate] queue: frame output frame :57
I1014 15:43:33.064054  9399 demo_inner.hpp:435] thread [SORT-0]  frame id 57 sorting queue size 1   FPS: 29.8507
I1014 15:43:33.085650  9397 demo_inner.hpp:177] decode queue size 0
I1014 15:43:33.085752  9400 work_thread.hpp:81]  [T-Work-Detect_0] Run work: WorkDetect
I1014 15:43:33.085788  9400 work_detect.cpp:102] Succeeded to add det start for frame 58
I1014 15:43:33.088101  9398 demo_inner.hpp:260]  gui queue size 1, state = running
I1014 15:43:33.092772  9400 work_detect.cpp:70] Frame :58 detect result :1 face(s)
W1014 15:43:33.092828  9400 work_detect.cpp:83] Invalid bbox: [133 x 173 from (264, 188)]
I1014 15:43:33.092927  9400 work_detect.cpp:120] Succeeded to add det end for frame 58
I1014 15:43:33.092994  9400 work_thread.hpp:81]  [T-Work-Detect_0] Run work: WrokTrack
I1014 15:43:33.093025  9400 work_track.cpp:102] Succeeded to set track lock for frame 58
I1014 15:43:33.093055  9400 work_track.cpp:116] Succeeded to release track lock for frame 58
I1014 15:43:33.093068  9400 work_track.cpp:120] Track results of frame 58: 0 objects input, 0 objects tracked!
I1014 15:43:33.093087  9400 work_thread.hpp:87]  [T-Work-Detect_0] Frame :58 split
I1014 15:43:33.093152  9403 thread_intergrate.hpp:78] [T-Intergrate-intergrate] queue: frame output frame :58
I1014 15:43:33.094884  9399 demo_inner.hpp:435] thread [SORT-0]  frame id 58 sorting queue size 0   FPS: 29.8899
I1014 15:43:33.121554  9397 demo_inner.hpp:177] decode queue size 0
I1014 15:43:33.121703  9400 work_thread.hpp:81]  [T-Work-Detect_0] Run work: WorkDetect
I1014 15:43:33.121743  9400 work_detect.cpp:102] Succeeded to add det start for frame 59
I1014 15:43:33.128278  9400 work_detect.cpp:70] Frame :59 detect result :1 face(s)
W1014 15:43:33.128314  9400 work_detect.cpp:83] Invalid bbox: [138 x 179 from (252, 186)]
I1014 15:43:33.128410  9400 work_detect.cpp:120] Succeeded to add det end for frame 59
I1014 15:43:33.128427  9400 work_thread.hpp:81]  [T-Work-Detect_0] Run work: WrokTrack
I1014 15:43:33.128454  9400 work_track.cpp:102] Succeeded to set track lock for frame 59
I1014 15:43:33.128481  9400 work_track.cpp:116] Succeeded to release track lock for frame 59
I1014 15:43:33.128495  9400 work_track.cpp:120] Track results of frame 59: 0 objects input, 0 objects tracked!
I1014 15:43:33.128513  9400 work_thread.hpp:87]  [T-Work-Detect_0] Frame :59 split
I1014 15:43:33.128559  9403 thread_intergrate.hpp:78] [T-Intergrate-intergrate] queue: frame output frame :59
I1014 15:43:33.130043  9399 demo_inner.hpp:435] thread [SORT-0]  frame id 59 sorting queue size 1   FPS: 29.8661
I1014 15:43:33.151648  9397 demo_inner.hpp:177] decode queue size 0
I1014 15:43:33.151757  9400 work_thread.hpp:81]  [T-Work-Detect_0] Run work: WorkDetect
I1014 15:43:33.151793  9400 work_detect.cpp:102] Succeeded to add det start for frame 60
I1014 15:43:33.158511  9400 work_detect.cpp:70] Frame :60 detect result :1 face(s)
W1014 15:43:33.158561  9400 work_detect.cpp:83] Invalid bbox: [144 x 182 from (258, 193)]
I1014 15:43:33.158658  9400 work_detect.cpp:120] Succeeded to add det end for frame 60
I1014 15:43:33.158675  9400 work_thread.hpp:81]  [T-Work-Detect_0] Run work: WrokTrack
I1014 15:43:33.158704  9400 work_track.cpp:102] Succeeded to set track lock for frame 60
I1014 15:43:33.158730  9400 work_track.cpp:116] Succeeded to release track lock for frame 60
I1014 15:43:33.158744  9400 work_track.cpp:120] Track results of frame 60: 0 objects input, 0 objects tracked!
I1014 15:43:33.158762  9400 work_thread.hpp:87]  [T-Work-Detect_0] Frame :60 split
I1014 15:43:33.158813  9403 thread_intergrate.hpp:78] [T-Intergrate-intergrate] queue: frame output frame :60
I1014 15:43:33.160328  9399 demo_inner.hpp:435] thread [SORT-0]  frame id 60 sorting queue size 2   FPS: 29.9037
I1014 15:43:33.187507  9397 demo_inner.hpp:177] decode queue size 0
I1014 15:43:33.187613  9400 work_thread.hpp:81]  [T-Work-Detect_0] Run work: WorkDetect
I1014 15:43:33.187649  9400 work_detect.cpp:102] Succeeded to add det start for frame 61
I1014 15:43:33.188495  9398 demo_inner.hpp:260]  gui queue size 2, state = running
I1014 15:43:33.194273  9400 work_detect.cpp:70] Frame :61 detect result :1 face(s)
W1014 15:43:33.194325  9400 work_detect.cpp:83] Invalid bbox: [135 x 175 from (263, 190)]
I1014 15:43:33.194450  9400 work_detect.cpp:120] Succeeded to add det end for frame 61
I1014 15:43:33.194468  9400 work_thread.hpp:81]  [T-Work-Detect_0] Run work: WrokTrack
I1014 15:43:33.194495  9400 work_track.cpp:102] Succeeded to set track lock for frame 61
I1014 15:43:33.194522  9400 work_track.cpp:116] Succeeded to release track lock for frame 61
I1014 15:43:33.194536  9400 work_track.cpp:120] Track results of frame 61: 0 objects input, 0 objects tracked!
I1014 15:43:33.194600  9400 work_thread.hpp:87]  [T-Work-Detect_0] Frame :61 split
I1014 15:43:33.194661  9403 thread_intergrate.hpp:78] [T-Intergrate-intergrate] queue: frame output frame :61
I1014 15:43:33.196211  9399 demo_inner.hpp:435] thread [SORT-0]  frame id 61 sorting queue size 0   FPS: 29.8656
I1014 15:43:33.223510  9397 demo_inner.hpp:177] decode queue size 0
I1014 15:43:33.223623  9400 work_thread.hpp:81]  [T-Work-Detect_0] Run work: WorkDetect
I1014 15:43:33.223659  9400 work_detect.cpp:102] Succeeded to add det start for frame 62
I1014 15:43:33.230458  9400 work_detect.cpp:70] Frame :62 detect result :1 face(s)
W1014 15:43:33.230504  9400 work_detect.cpp:83] Invalid bbox: [144 x 183 from (260, 192)]
I1014 15:43:33.230602  9400 work_detect.cpp:120] Succeeded to add det end for frame 62
I1014 15:43:33.230618  9400 work_thread.hpp:81]  [T-Work-Detect_0] Run work: WrokTrack
I1014 15:43:33.230646  9400 work_track.cpp:102] Succeeded to set track lock for frame 62
I1014 15:43:33.230674  9400 work_track.cpp:116] Succeeded to release track lock for frame 62
I1014 15:43:33.230687  9400 work_track.cpp:120] Track results of frame 62: 0 objects input, 0 objects tracked!
I1014 15:43:33.230705  9400 work_thread.hpp:87]  [T-Work-Detect_0] Frame :62 split
I1014 15:43:33.230749  9403 thread_intergrate.hpp:78] [T-Intergrate-intergrate] queue: frame output frame :62
I1014 15:43:33.232236  9399 demo_inner.hpp:435] thread [SORT-0]  frame id 62 sorting queue size 1   FPS: 29.9401
I1014 15:43:33.253512  9397 demo_inner.hpp:177] decode queue size 0
I1014 15:43:33.253613  9400 work_thread.hpp:81]  [T-Work-Detect_0] Run work: WorkDetect
I1014 15:43:33.253649  9400 work_detect.cpp:102] Succeeded to add det start for frame 63
I1014 15:43:33.255741  9398 demo_inner.hpp:260]  gui queue size 1, state = running
I1014 15:43:33.260504  9400 work_detect.cpp:70] Frame :63 detect result :1 face(s)
W1014 15:43:33.260557  9400 work_detect.cpp:83] Invalid bbox: [143 x 180 from (257, 193)]
I1014 15:43:33.260655  9400 work_detect.cpp:120] Succeeded to add det end for frame 63
I1014 15:43:33.260673  9400 work_thread.hpp:81]  [T-Work-Detect_0] Run work: WrokTrack
I1014 15:43:33.260705  9400 work_track.cpp:102] Succeeded to set track lock for frame 63
I1014 15:43:33.260735  9400 work_track.cpp:116] Succeeded to release track lock for frame 63
I1014 15:43:33.260748  9400 work_track.cpp:120] Track results of frame 63: 0 objects input, 0 objects tracked!
I1014 15:43:33.260767  9400 work_thread.hpp:87]  [T-Work-Detect_0] Frame :63 split
I1014 15:43:33.260830  9403 thread_intergrate.hpp:78] [T-Intergrate-intergrate] queue: frame output frame :63
I1014 15:43:33.262305  9399 demo_inner.hpp:435] thread [SORT-0]  frame id 63 sorting queue size 0   FPS: 29.9401
I1014 15:43:33.289585  9397 demo_inner.hpp:177] decode queue size 0
I1014 15:43:33.289703  9400 work_thread.hpp:81]  [T-Work-Detect_0] Run work: WorkDetect
I1014 15:43:33.289738  9400 work_detect.cpp:102] Succeeded to add det start for frame 64
I1014 15:43:33.296588  9400 work_detect.cpp:70] Frame :64 detect result :1 face(s)
W1014 15:43:33.296631  9400 work_detect.cpp:83] Invalid bbox: [134 x 173 from (264, 191)]
I1014 15:43:33.296726  9400 work_detect.cpp:120] Succeeded to add det end for frame 64
I1014 15:43:33.296744  9400 work_thread.hpp:81]  [T-Work-Detect_0] Run work: WrokTrack
I1014 15:43:33.296772  9400 work_track.cpp:102] Succeeded to set track lock for frame 64
I1014 15:43:33.296798  9400 work_track.cpp:116] Succeeded to release track lock for frame 64
I1014 15:43:33.296813  9400 work_track.cpp:120] Track results of frame 64: 0 objects input, 0 objects tracked!
I1014 15:43:33.296830  9400 work_thread.hpp:87]  [T-Work-Detect_0] Frame :64 split
I1014 15:43:33.296880  9403 thread_intergrate.hpp:78] [T-Intergrate-intergrate] queue: frame output frame :64
I1014 15:43:33.298506  9399 demo_inner.hpp:435] thread [SORT-0]  frame id 64 sorting queue size 1   FPS: 29.9401
I1014 15:43:33.319598  9397 demo_inner.hpp:177] decode queue size 0
I1014 15:43:33.319697  9400 work_thread.hpp:81]  [T-Work-Detect_0] Run work: WorkDetect
I1014 15:43:33.319804  9400 work_detect.cpp:102] Succeeded to add det start for frame 65
I1014 15:43:33.326534  9400 work_detect.cpp:70] Frame :65 detect result :1 face(s)
W1014 15:43:33.326622  9400 work_detect.cpp:83] Invalid bbox: [135 x 173 from (263, 191)]
I1014 15:43:33.326720  9400 work_detect.cpp:120] Succeeded to add det end for frame 65
I1014 15:43:33.326737  9400 work_thread.hpp:81]  [T-Work-Detect_0] Run work: WrokTrack
I1014 15:43:33.326764  9400 work_track.cpp:102] Succeeded to set track lock for frame 65
I1014 15:43:33.326792  9400 work_track.cpp:116] Succeeded to release track lock for frame 65
I1014 15:43:33.326804  9400 work_track.cpp:120] Track results of frame 65: 0 objects input, 0 objects tracked!
I1014 15:43:33.326822  9400 work_thread.hpp:87]  [T-Work-Detect_0] Frame :65 split
I1014 15:43:33.326871  9403 thread_intergrate.hpp:78] [T-Intergrate-intergrate] queue: frame output frame :65
I1014 15:43:33.327837  9398 demo_inner.hpp:260]  gui queue size 1, state = running
I1014 15:43:33.328539  9399 demo_inner.hpp:435] thread [SORT-0]  frame id 65 sorting queue size 0   FPS: 29.9401
I1014 15:43:33.355547  9397 demo_inner.hpp:177] decode queue size 0
I1014 15:43:33.355659  9400 work_thread.hpp:81]  [T-Work-Detect_0] Run work: WorkDetect
I1014 15:43:33.355696  9400 work_detect.cpp:102] Succeeded to add det start for frame 66
I1014 15:43:33.362501  9400 work_detect.cpp:70] Frame :66 detect result :1 face(s)
W1014 15:43:33.362547  9400 work_detect.cpp:83] Invalid bbox: [136 x 174 from (263, 191)]
I1014 15:43:33.362644  9400 work_detect.cpp:120] Succeeded to add det end for frame 66
I1014 15:43:33.362661  9400 work_thread.hpp:81]  [T-Work-Detect_0] Run work: WrokTrack
I1014 15:43:33.362689  9400 work_track.cpp:102] Succeeded to set track lock for frame 66
I1014 15:43:33.362715  9400 work_track.cpp:116] Succeeded to release track lock for frame 66
I1014 15:43:33.362730  9400 work_track.cpp:120] Track results of frame 66: 0 objects input, 0 objects tracked!
I1014 15:43:33.362748  9400 work_thread.hpp:87]  [T-Work-Detect_0] Frame :66 split
I1014 15:43:33.362795  9403 thread_intergrate.hpp:78] [T-Intergrate-intergrate] queue: frame output frame :66
I1014 15:43:33.364327  9399 demo_inner.hpp:435] thread [SORT-0]  frame id 66 sorting queue size 1   FPS: 29.9551
I1014 15:43:33.385622  9397 demo_inner.hpp:177] decode queue size 0
I1014 15:43:33.385725  9400 work_thread.hpp:81]  [T-Work-Detect_0] Run work: WorkDetect
I1014 15:43:33.385761  9400 work_detect.cpp:102] Succeeded to add det start for frame 67
I1014 15:43:33.392521  9400 work_detect.cpp:70] Frame :67 detect result :1 face(s)
W1014 15:43:33.392566  9400 work_detect.cpp:83] Invalid bbox: [140 x 182 from (251, 187)]
I1014 15:43:33.392661  9400 work_detect.cpp:120] Succeeded to add det end for frame 67
I1014 15:43:33.392679  9400 work_thread.hpp:81]  [T-Work-Detect_0] Run work: WrokTrack
I1014 15:43:33.392706  9400 work_track.cpp:102] Succeeded to set track lock for frame 67
I1014 15:43:33.392733  9400 work_track.cpp:116] Succeeded to release track lock for frame 67
I1014 15:43:33.392746  9400 work_track.cpp:120] Track results of frame 67: 0 objects input, 0 objects tracked!
I1014 15:43:33.392765  9400 work_thread.hpp:87]  [T-Work-Detect_0] Frame :67 split
I1014 15:43:33.392817  9403 thread_intergrate.hpp:78] [T-Intergrate-intergrate] queue: frame output frame :67
I1014 15:43:33.394326  9399 demo_inner.hpp:435] thread [SORT-0]  frame id 67 sorting queue size 2   FPS: 29.9551
I1014 15:43:33.411248  9398 demo_inner.hpp:260]  gui queue size 2, state = running
I1014 15:43:33.421646  9397 demo_inner.hpp:177] decode queue size 0
I1014 15:43:33.421761  9400 work_thread.hpp:81]  [T-Work-Detect_0] Run work: WorkDetect
I1014 15:43:33.421797  9400 work_detect.cpp:102] Succeeded to add det start for frame 68
I1014 15:43:33.428522  9400 work_detect.cpp:70] Frame :68 detect result :1 face(s)
W1014 15:43:33.428567  9400 work_detect.cpp:83] Invalid bbox: [142 x 182 from (259, 193)]
I1014 15:43:33.428664  9400 work_detect.cpp:120] Succeeded to add det end for frame 68
I1014 15:43:33.428725  9400 work_thread.hpp:81]  [T-Work-Detect_0] Run work: WrokTrack
I1014 15:43:33.428755  9400 work_track.cpp:102] Succeeded to set track lock for frame 68
I1014 15:43:33.428782  9400 work_track.cpp:116] Succeeded to release track lock for frame 68
I1014 15:43:33.428797  9400 work_track.cpp:120] Track results of frame 68: 0 objects input, 0 objects tracked!
I1014 15:43:33.428814  9400 work_thread.hpp:87]  [T-Work-Detect_0] Frame :68 split
I1014 15:43:33.428860  9403 thread_intergrate.hpp:78] [T-Intergrate-intergrate] queue: frame output frame :68
I1014 15:43:33.430508  9399 demo_inner.hpp:435] thread [SORT-0]  frame id 68 sorting queue size 0   FPS: 29.97
I1014 15:43:33.457499  9397 demo_inner.hpp:177] decode queue size 0
I1014 15:43:33.457602  9400 work_thread.hpp:81]  [T-Work-Detect_0] Run work: WorkDetect
I1014 15:43:33.457638  9400 work_detect.cpp:102] Succeeded to add det start for frame 69
I1014 15:43:33.464270  9400 work_detect.cpp:70] Frame :69 detect result :1 face(s)
W1014 15:43:33.464313  9400 work_detect.cpp:83] Invalid bbox: [141 x 183 from (251, 184)]
I1014 15:43:33.464411  9400 work_detect.cpp:120] Succeeded to add det end for frame 69
I1014 15:43:33.464428  9400 work_thread.hpp:81]  [T-Work-Detect_0] Run work: WrokTrack
I1014 15:43:33.464457  9400 work_track.cpp:102] Succeeded to set track lock for frame 69
I1014 15:43:33.464483  9400 work_track.cpp:116] Succeeded to release track lock for frame 69
I1014 15:43:33.464498  9400 work_track.cpp:120] Track results of frame 69: 0 objects input, 0 objects tracked!
I1014 15:43:33.464515  9400 work_thread.hpp:87]  [T-Work-Detect_0] Frame :69 split
I1014 15:43:33.464562  9403 thread_intergrate.hpp:78] [T-Intergrate-intergrate] queue: frame output frame :69
I1014 15:43:33.466074  9399 demo_inner.hpp:435] thread [SORT-0]  frame id 69 sorting queue size 1   FPS: 29.9551
I1014 15:43:33.478451  9398 demo_inner.hpp:260]  gui queue size 1, state = running
I1014 15:43:33.487722  9397 demo_inner.hpp:177] decode queue size 0
I1014 15:43:33.487823  9400 work_thread.hpp:81]  [T-Work-Detect_0] Run work: WorkDetect
I1014 15:43:33.487859  9400 work_detect.cpp:102] Succeeded to add det start for frame 70
I1014 15:43:33.494536  9400 work_detect.cpp:70] Frame :70 detect result :1 face(s)
W1014 15:43:33.494581  9400 work_detect.cpp:83] Invalid bbox: [140 x 180 from (252, 186)]
I1014 15:43:33.494678  9400 work_detect.cpp:120] Succeeded to add det end for frame 70
I1014 15:43:33.494694  9400 work_thread.hpp:81]  [T-Work-Detect_0] Run work: WrokTrack
I1014 15:43:33.494722  9400 work_track.cpp:102] Succeeded to set track lock for frame 70
I1014 15:43:33.494750  9400 work_track.cpp:116] Succeeded to release track lock for frame 70
I1014 15:43:33.494763  9400 work_track.cpp:120] Track results of frame 70: 0 objects input, 0 objects tracked!
I1014 15:43:33.494781  9400 work_thread.hpp:87]  [T-Work-Detect_0] Frame :70 split
I1014 15:43:33.494838  9403 thread_intergrate.hpp:78] [T-Intergrate-intergrate] queue: frame output frame :70
I1014 15:43:33.496505  9399 demo_inner.hpp:435] thread [SORT-0]  frame id 70 sorting queue size 0   FPS: 30.0451
I1014 15:43:33.523470  9397 demo_inner.hpp:177] decode queue size 0
I1014 15:43:33.523581  9400 work_thread.hpp:81]  [T-Work-Detect_0] Run work: WorkDetect
I1014 15:43:33.523617  9400 work_detect.cpp:102] Succeeded to add det start for frame 71
I1014 15:43:33.530253  9400 work_detect.cpp:70] Frame :71 detect result :1 face(s)
W1014 15:43:33.530299  9400 work_detect.cpp:83] Invalid bbox: [146 x 183 from (258, 192)]
I1014 15:43:33.530395  9400 work_detect.cpp:120] Succeeded to add det end for frame 71
I1014 15:43:33.530413  9400 work_thread.hpp:81]  [T-Work-Detect_0] Run work: WrokTrack
I1014 15:43:33.530441  9400 work_track.cpp:102] Succeeded to set track lock for frame 71
I1014 15:43:33.530467  9400 work_track.cpp:116] Succeeded to release track lock for frame 71
I1014 15:43:33.530481  9400 work_track.cpp:120] Track results of frame 71: 0 objects input, 0 objects tracked!
I1014 15:43:33.530499  9400 work_thread.hpp:87]  [T-Work-Detect_0] Frame :71 split
I1014 15:43:33.530588  9403 thread_intergrate.hpp:78] [T-Intergrate-intergrate] queue: frame output frame :71
I1014 15:43:33.532124  9399 demo_inner.hpp:435] thread [SORT-0]  frame id 71 sorting queue size 1   FPS: 30.0197
I1014 15:43:33.553593  9397 demo_inner.hpp:177] decode queue size 0
I1014 15:43:33.553699  9400 work_thread.hpp:81]  [T-Work-Detect_0] Run work: WorkDetect
I1014 15:43:33.553735  9400 work_detect.cpp:102] Succeeded to add det start for frame 72
I1014 15:43:33.560286  9400 work_detect.cpp:70] Frame :72 detect result :1 face(s)
I1014 15:43:33.560328  9400 work_detect.cpp:86] Detected bbox: [131 x 170 from (265, 190)]
I1014 15:43:33.560371  9400 work_detect.cpp:120] Succeeded to add det end for frame 72
I1014 15:43:33.560387  9400 work_thread.hpp:81]  [T-Work-Detect_0] Run work: WrokTrack
I1014 15:43:33.560411  9400 work_track.cpp:82] Frame: 72 build input_characts: [0.204688 x 0.472222 from (0.414062, 0.527778)], 0.997596, 0
I1014 15:43:33.560465  9400 work_track.cpp:102] Succeeded to set track lock for frame 72
I1014 15:43:33.560501  9400 work_track.cpp:116] Succeeded to release track lock for frame 72
I1014 15:43:33.560515  9400 work_track.cpp:120] Track results of frame 72: 1 objects input, 0 objects tracked!
I1014 15:43:33.560534  9400 work_track.cpp:162] Frame: 72 lid: 0 not tracked, will set invalid
I1014 15:43:33.560549  9400 work_thread.hpp:87]  [T-Work-Detect_0] Frame :72 split
I1014 15:43:33.560565  9400 work_thread.hpp:126]  [T-Work-Detect_0] Invalid piece: lid = 0, drop it
I1014 15:43:33.560612  9403 thread_intergrate.hpp:78] [T-Intergrate-intergrate] queue: frame output frame :72
I1014 15:43:33.562089  9399 demo_inner.hpp:435] thread [SORT-0]  frame id 72 sorting queue size 2   FPS: 30.0049
I1014 15:43:33.578963  9398 demo_inner.hpp:260]  gui queue size 2, state = running
I1014 15:43:33.589632  9397 demo_inner.hpp:177] decode queue size 0
I1014 15:43:33.589738  9400 work_thread.hpp:81]  [T-Work-Detect_0] Run work: WorkDetect
I1014 15:43:33.589774  9400 work_detect.cpp:102] Succeeded to add det start for frame 73
I1014 15:43:33.596570  9400 work_detect.cpp:70] Frame :73 detect result :1 face(s)
W1014 15:43:33.596616  9400 work_detect.cpp:83] Invalid bbox: [145 x 183 from (257, 192)]
I1014 15:43:33.596737  9400 work_detect.cpp:120] Succeeded to add det end for frame 73
I1014 15:43:33.596755  9400 work_thread.hpp:81]  [T-Work-Detect_0] Run work: WrokTrack
I1014 15:43:33.596783  9400 work_track.cpp:102] Succeeded to set track lock for frame 73
I1014 15:43:33.596813  9400 work_track.cpp:116] Succeeded to release track lock for frame 73
I1014 15:43:33.596827  9400 work_track.cpp:120] Track results of frame 73: 0 objects input, 0 objects tracked!
I1014 15:43:33.596845  9400 work_thread.hpp:87]  [T-Work-Detect_0] Frame :73 split
I1014 15:43:33.596896  9403 thread_intergrate.hpp:78] [T-Intergrate-intergrate] queue: frame output frame :73
I1014 15:43:33.598598  9399 demo_inner.hpp:435] thread [SORT-0]  frame id 73 sorting queue size 0   FPS: 29.9166
I1014 15:43:33.619657  9397 demo_inner.hpp:177] decode queue size 0
I1014 15:43:33.619756  9400 work_thread.hpp:81]  [T-Work-Detect_0] Run work: WorkDetect
I1014 15:43:33.619793  9400 work_detect.cpp:102] Succeeded to add det start for frame 74
I1014 15:43:33.626536  9400 work_detect.cpp:70] Frame :74 detect result :1 face(s)
W1014 15:43:33.626576  9400 work_detect.cpp:83] Invalid bbox: [145 x 185 from (257, 191)]
I1014 15:43:33.626672  9400 work_detect.cpp:120] Succeeded to add det end for frame 74
I1014 15:43:33.626688  9400 work_thread.hpp:81]  [T-Work-Detect_0] Run work: WrokTrack
I1014 15:43:33.626715  9400 work_track.cpp:102] Succeeded to set track lock for frame 74
I1014 15:43:33.626750  9400 work_track.cpp:116] Succeeded to release track lock for frame 74
I1014 15:43:33.626765  9400 work_track.cpp:120] Track results of frame 74: 0 objects input, 0 objects tracked!
I1014 15:43:33.626783  9400 work_thread.hpp:87]  [T-Work-Detect_0] Frame :74 split
I1014 15:43:33.626842  9403 thread_intergrate.hpp:78] [T-Intergrate-intergrate] queue: frame output frame :74
I1014 15:43:33.628579  9399 demo_inner.hpp:435] thread [SORT-0]  frame id 74 sorting queue size 1   FPS: 29.9902
I1014 15:43:33.646050  9398 demo_inner.hpp:260]  gui queue size 1, state = running
I1014 15:43:33.655613  9397 demo_inner.hpp:177] decode queue size 0
I1014 15:43:33.655721  9400 work_thread.hpp:81]  [T-Work-Detect_0] Run work: WorkDetect
I1014 15:43:33.655757  9400 work_detect.cpp:102] Succeeded to add det start for frame 75
I1014 15:43:33.662480  9400 work_detect.cpp:70] Frame :75 detect result :1 face(s)
W1014 15:43:33.662519  9400 work_detect.cpp:83] Invalid bbox: [133 x 174 from (263, 188)]
I1014 15:43:33.662624  9400 work_detect.cpp:120] Succeeded to add det end for frame 75
I1014 15:43:33.662642  9400 work_thread.hpp:81]  [T-Work-Detect_0] Run work: WrokTrack
I1014 15:43:33.662669  9400 work_track.cpp:102] Succeeded to set track lock for frame 75
I1014 15:43:33.662696  9400 work_track.cpp:116] Succeeded to release track lock for frame 75
I1014 15:43:33.662710  9400 work_track.cpp:120] Track results of frame 75: 0 objects input, 0 objects tracked!
I1014 15:43:33.662729  9400 work_thread.hpp:87]  [T-Work-Detect_0] Frame :75 split
I1014 15:43:33.662775  9403 thread_intergrate.hpp:78] [T-Intergrate-intergrate] queue: frame output frame :75
