I1014 14:12:39.973915  7471 work_compare.cpp:76] Compare face: 1 successed, similarity :0.996272, name : images/ThangLMb.jpg, normal size : 1548 * 1719!
I1014 14:12:40.008100  7466 demo_inner.hpp:177] decode queue size 0
I1014 14:12:40.008239  7469 work_thread.hpp:81]  [T-Work-Detect_0] Run work: WorkDetect
I1014 14:12:40.008280  7469 work_detect.cpp:102] Succeeded to add det start for frame 164
I1014 14:12:40.014974  7469 work_detect.cpp:70] Frame :164 detect result :1 face(s)
I1014 14:12:40.015023  7469 work_detect.cpp:86] Detected bbox: [150 x 198 from (243, 109)]
I1014 14:12:40.015065  7469 work_detect.cpp:120] Succeeded to add det end for frame 164
I1014 14:12:40.015082  7469 work_thread.hpp:81]  [T-Work-Detect_0] Run work: WrokTrack
I1014 14:12:40.015106  7469 work_track.cpp:82] Frame: 164 build input_characts: [0.234375 x 0.55 from (0.379687, 0.302778)], 1.00019, 0
I1014 14:12:40.015163  7469 work_track.cpp:102] Succeeded to set track lock for frame 164
I1014 14:12:40.015202  7469 work_track.cpp:116] Succeeded to release track lock for frame 164
I1014 14:12:40.015218  7469 work_track.cpp:120] Track results of frame 164: 1 objects input, 1 objects tracked!
I1014 14:12:40.015235  7469 work_track.cpp:148] Frame: 164, track bbox: [150 x 198 from (240.539, 107.022)], gid: 1, lid: 0
I1014 14:12:40.015271  7469 work_thread.hpp:87]  [T-Work-Detect_0] Frame :164 split
I1014 14:12:40.015290  7469 work_thread.hpp:119]  [T-Work-Detect_0] Valid piece: gid = 1
I1014 14:12:40.015308  7469 work_thread.hpp:91]  [T-Work-Detect_0] Push to split queue:recog
I1014 14:12:40.015357  7470 work_thread.hpp:81]  [T-Work-Recog_0] Run work: WorkCapture
I1014 14:12:40.015709  7472 thread_intergrate.hpp:78] [T-Intergrate-intergrate] queue: frame output frame :164
I1014 14:12:40.015740  7472 thread_intergrate.hpp:85] [T-Intergrate-intergrate] queue: compare output face:1
I1014 14:12:40.015759  7472 thread_intergrate.hpp:137] T-Intergrate-intergrate set matched face: 1
I1014 14:12:40.016000  7470 work_thread.hpp:81]  [T-Work-Recog_0] Run work: WorkRecog
I1014 14:12:40.016024  7470 work_recog.hpp:89] Face id: 1 will run recog: bbox [150 x 198 from (243, 109)] quality: 0.480186
I1014 14:12:40.016058  7470 work_recog.hpp:96] Recog pair: [216 x 288 from (208, 64)], [150 x 198 from (35, 45)]
I1014 14:12:40.019085  7472 thread_intergrate.hpp:157] T-Intergrate-intergrate Show face :1, size :640 * 360
I1014 14:12:40.019650  7468 demo_inner.hpp:435] thread [SORT-0]  frame id 164 sorting queue size 0   FPS: 19.2525
I1014 14:12:40.019732  7467 demo_inner.hpp:260]  gui queue size 0, state = running
I1014 14:12:40.033571  7470 work_thread.hpp:81]  [T-Work-Recog_0] Run work: WorkCompare
I1014 14:12:40.034034  7470 work_compare.cpp:76] Compare face: 1 successed, similarity :0.996848, name : images/ThangLMb.jpg, normal size : 1548 * 1719!
I1014 14:12:40.067833  7466 demo_inner.hpp:177] decode queue size 0
I1014 14:12:40.067927  7469 work_thread.hpp:81]  [T-Work-Detect_0] Run work: WorkDetect
I1014 14:12:40.067962  7469 work_detect.cpp:102] Succeeded to add det start for frame 165
I1014 14:12:40.074548  7469 work_detect.cpp:70] Frame :165 detect result :1 face(s)
I1014 14:12:40.074592  7469 work_detect.cpp:86] Detected bbox: [158 x 209 from (237, 104)]
I1014 14:12:40.074635  7469 work_detect.cpp:120] Succeeded to add det end for frame 165
I1014 14:12:40.074651  7469 work_thread.hpp:81]  [T-Work-Detect_0] Run work: WrokTrack
I1014 14:12:40.074676  7469 work_track.cpp:82] Frame: 165 build input_characts: [0.246875 x 0.580556 from (0.370313, 0.288889)], 1.00019, 0
I1014 14:12:40.074731  7469 work_track.cpp:102] Succeeded to set track lock for frame 165
I1014 14:12:40.074771  7469 work_track.cpp:116] Succeeded to release track lock for frame 165
I1014 14:12:40.074786  7469 work_track.cpp:120] Track results of frame 165: 1 objects input, 1 objects tracked!
I1014 14:12:40.074805  7469 work_track.cpp:148] Frame: 165, track bbox: [158 x 209 from (236.395, 100.467)], gid: 1, lid: 0
I1014 14:12:40.074841  7469 work_thread.hpp:87]  [T-Work-Detect_0] Frame :165 split
I1014 14:12:40.074858  7469 work_thread.hpp:119]  [T-Work-Detect_0] Valid piece: gid = 1
I1014 14:12:40.074877  7469 work_thread.hpp:91]  [T-Work-Detect_0] Push to split queue:recog
I1014 14:12:40.074921  7470 work_thread.hpp:81]  [T-Work-Recog_0] Run work: WorkCapture
I1014 14:12:40.075222  7472 thread_intergrate.hpp:78] [T-Intergrate-intergrate] queue: frame output frame :165
I1014 14:12:40.075249  7472 thread_intergrate.hpp:85] [T-Intergrate-intergrate] queue: compare output face:1
I1014 14:12:40.075362  7472 thread_intergrate.hpp:137] T-Intergrate-intergrate set matched face: 1
I1014 14:12:40.075471  7470 work_thread.hpp:81]  [T-Work-Recog_0] Run work: WorkRecog
I1014 14:12:40.075495  7470 work_recog.hpp:89] Face id: 1 will run recog: bbox [158 x 209 from (237, 104)] quality: 0.486017
I1014 14:12:40.075522  7470 work_recog.hpp:96] Recog pair: [232 x 304 from (200, 56)], [158 x 209 from (37, 48)]
I1014 14:12:40.076869  7472 thread_intergrate.hpp:157] T-Intergrate-intergrate Show face :1, size :640 * 360
I1014 14:12:40.077461  7468 demo_inner.hpp:435] thread [SORT-0]  frame id 165 sorting queue size 0   FPS: 19.1334
I1014 14:12:40.077533  7467 demo_inner.hpp:260]  gui queue size 0, state = running
I1014 14:12:40.093014  7470 work_thread.hpp:81]  [T-Work-Recog_0] Run work: WorkCompare
I1014 14:12:40.093482  7470 work_compare.cpp:76] Compare face: 1 successed, similarity :0.997718, name : images/ThangLMb.jpg, normal size : 1548 * 1719!
I1014 14:12:40.128119  7466 demo_inner.hpp:177] decode queue size 0
I1014 14:12:40.128252  7469 work_thread.hpp:81]  [T-Work-Detect_0] Run work: WorkDetect
I1014 14:12:40.128288  7469 work_detect.cpp:102] Succeeded to add det start for frame 166
I1014 14:12:40.134958  7469 work_detect.cpp:70] Frame :166 detect result :1 face(s)
I1014 14:12:40.135001  7469 work_detect.cpp:86] Detected bbox: [162 x 212 from (234, 102)]
I1014 14:12:40.135044  7469 work_detect.cpp:120] Succeeded to add det end for frame 166
I1014 14:12:40.135061  7469 work_thread.hpp:81]  [T-Work-Detect_0] Run work: WrokTrack
I1014 14:12:40.135085  7469 work_track.cpp:82] Frame: 166 build input_characts: [0.253125 x 0.588889 from (0.365625, 0.283333)], 1.00019, 0
I1014 14:12:40.135141  7469 work_track.cpp:102] Succeeded to set track lock for frame 166
I1014 14:12:40.135183  7469 work_track.cpp:116] Succeeded to release track lock for frame 166
I1014 14:12:40.135197  7469 work_track.cpp:120] Track results of frame 166: 1 objects input, 1 objects tracked!
I1014 14:12:40.135215  7469 work_track.cpp:148] Frame: 166, track bbox: [162 x 212 from (232.718, 102.23)], gid: 1, lid: 0
I1014 14:12:40.135252  7469 work_thread.hpp:87]  [T-Work-Detect_0] Frame :166 split
I1014 14:12:40.135270  7469 work_thread.hpp:119]  [T-Work-Detect_0] Valid piece: gid = 1
I1014 14:12:40.135288  7469 work_thread.hpp:91]  [T-Work-Detect_0] Push to split queue:recog
I1014 14:12:40.135341  7470 work_thread.hpp:81]  [T-Work-Recog_0] Run work: WorkCapture
I1014 14:12:40.135336  7472 thread_intergrate.hpp:78] [T-Intergrate-intergrate] queue: frame output frame :166
I1014 14:12:40.135366  7472 thread_intergrate.hpp:85] [T-Intergrate-intergrate] queue: compare output face:1
I1014 14:12:40.135385  7472 thread_intergrate.hpp:137] T-Intergrate-intergrate set matched face: 1
I1014 14:12:40.135905  7470 work_thread.hpp:81]  [T-Work-Recog_0] Run work: WorkRecog
I1014 14:12:40.135929  7470 work_recog.hpp:89] Face id: 1 will run recog: bbox [162 x 212 from (234, 102)] quality: 0.486017
I1014 14:12:40.135959  7470 work_recog.hpp:96] Recog pair: [232 x 304 from (200, 56)], [162 x 212 from (34, 46)]
I1014 14:12:40.136824  7472 thread_intergrate.hpp:157] T-Intergrate-intergrate Show face :1, size :640 * 360
I1014 14:12:40.137387  7468 demo_inner.hpp:435] thread [SORT-0]  frame id 166 sorting queue size 0   FPS: 18.9997
I1014 14:12:40.137461  7467 demo_inner.hpp:260]  gui queue size 0, state = running
I1014 14:12:40.153578  7470 work_thread.hpp:81]  [T-Work-Recog_0] Run work: WorkCompare
I1014 14:12:40.154047  7470 work_compare.cpp:76] Compare face: 1 successed, similarity :0.997856, name : images/ThangLMb.jpg, normal size : 1548 * 1719!
I1014 14:12:40.188016  7466 demo_inner.hpp:177] decode queue size 0
I1014 14:12:40.188251  7469 work_thread.hpp:81]  [T-Work-Detect_0] Run work: WorkDetect
I1014 14:12:40.188287  7469 work_detect.cpp:102] Succeeded to add det start for frame 167
I1014 14:12:40.194845  7469 work_detect.cpp:70] Frame :167 detect result :1 face(s)
I1014 14:12:40.194963  7469 work_detect.cpp:86] Detected bbox: [164 x 212 from (233, 102)]
I1014 14:12:40.195009  7469 work_detect.cpp:120] Succeeded to add det end for frame 167
I1014 14:12:40.195025  7469 work_thread.hpp:81]  [T-Work-Detect_0] Run work: WrokTrack
I1014 14:12:40.195050  7469 work_track.cpp:82] Frame: 167 build input_characts: [0.25625 x 0.588889 from (0.364062, 0.283333)], 0.999622, 0
I1014 14:12:40.195104  7469 work_track.cpp:102] Succeeded to set track lock for frame 167
I1014 14:12:40.195145  7469 work_track.cpp:116] Succeeded to release track lock for frame 167
I1014 14:12:40.195159  7469 work_track.cpp:120] Track results of frame 167: 1 objects input, 1 objects tracked!
I1014 14:12:40.195178  7469 work_track.cpp:148] Frame: 167, track bbox: [164 x 212 from (231.482, 102.458)], gid: 1, lid: 0
I1014 14:12:40.195214  7469 work_thread.hpp:87]  [T-Work-Detect_0] Frame :167 split
I1014 14:12:40.195232  7469 work_thread.hpp:119]  [T-Work-Detect_0] Valid piece: gid = 1
I1014 14:12:40.195250  7469 work_thread.hpp:91]  [T-Work-Detect_0] Push to split queue:recog
I1014 14:12:40.195302  7471 work_thread.hpp:81]  [T-Work-Recog_1] Run work: WorkCapture
I1014 14:12:40.195320  7472 thread_intergrate.hpp:78] [T-Intergrate-intergrate] queue: frame output frame :167
I1014 14:12:40.195345  7472 thread_intergrate.hpp:85] [T-Intergrate-intergrate] queue: compare output face:1
I1014 14:12:40.195363  7472 thread_intergrate.hpp:137] T-Intergrate-intergrate set matched face: 1
I1014 14:12:40.195881  7471 work_thread.hpp:81]  [T-Work-Recog_1] Run work: WorkRecog
I1014 14:12:40.195907  7471 work_recog.hpp:89] Face id: 1 will run recog: bbox [164 x 212 from (233, 102)] quality: 0.484234
I1014 14:12:40.195937  7471 work_recog.hpp:96] Recog pair: [232 x 304 from (200, 56)], [164 x 212 from (33, 46)]
I1014 14:12:40.196813  7472 thread_intergrate.hpp:157] T-Intergrate-intergrate Show face :1, size :640 * 360
I1014 14:12:40.197374  7468 demo_inner.hpp:435] thread [SORT-0]  frame id 167 sorting queue size 0   FPS: 18.847
I1014 14:12:40.197449  7467 demo_inner.hpp:260]  gui queue size 0, state = running
I1014 14:12:40.213527  7471 work_thread.hpp:81]  [T-Work-Recog_1] Run work: WorkCompare
I1014 14:12:40.213999  7471 work_compare.cpp:76] Compare face: 1 successed, similarity :0.997255, name : images/ThangLMb.jpg, normal size : 1548 * 1719!
I1014 14:12:40.247917  7466 demo_inner.hpp:177] decode queue size 0
I1014 14:12:40.248095  7469 work_thread.hpp:81]  [T-Work-Detect_0] Run work: WorkDetect
I1014 14:12:40.248133  7469 work_detect.cpp:102] Succeeded to add det start for frame 168
I1014 14:12:40.254760  7469 work_detect.cpp:70] Frame :168 detect result :1 face(s)
I1014 14:12:40.254832  7469 work_detect.cpp:86] Detected bbox: [139 x 190 from (232, 111)]
I1014 14:12:40.254874  7469 work_detect.cpp:120] Succeeded to add det end for frame 168
I1014 14:12:40.254891  7469 work_thread.hpp:81]  [T-Work-Detect_0] Run work: WrokTrack
I1014 14:12:40.254915  7469 work_track.cpp:82] Frame: 168 build input_characts: [0.217187 x 0.527778 from (0.3625, 0.308333)], 0.997596, 0
I1014 14:12:40.254969  7469 work_track.cpp:102] Succeeded to set track lock for frame 168
I1014 14:12:40.255009  7469 work_track.cpp:116] Succeeded to release track lock for frame 168
I1014 14:12:40.255023  7469 work_track.cpp:120] Track results of frame 168: 1 objects input, 1 objects tracked!
I1014 14:12:40.255041  7469 work_track.cpp:148] Frame: 168, track bbox: [139 x 190 from (237.136, 112.582)], gid: 1, lid: 0
I1014 14:12:40.255076  7469 work_thread.hpp:87]  [T-Work-Detect_0] Frame :168 split
I1014 14:12:40.255095  7469 work_thread.hpp:119]  [T-Work-Detect_0] Valid piece: gid = 1
I1014 14:12:40.255113  7469 work_thread.hpp:91]  [T-Work-Detect_0] Push to split queue:recog
I1014 14:12:40.255153  7471 work_thread.hpp:81]  [T-Work-Recog_1] Run work: WorkCapture
I1014 14:12:40.255173  7472 thread_intergrate.hpp:78] [T-Intergrate-intergrate] queue: frame output frame :168
I1014 14:12:40.255198  7472 thread_intergrate.hpp:85] [T-Intergrate-intergrate] queue: compare output face:1
I1014 14:12:40.255301  7472 thread_intergrate.hpp:137] T-Intergrate-intergrate set matched face: 1
I1014 14:12:40.255745  7471 work_thread.hpp:81]  [T-Work-Recog_1] Run work: WorkRecog
I1014 14:12:40.255771  7471 work_recog.hpp:89] Face id: 1 will run recog: bbox [139 x 190 from (232, 111)] quality: 0.472675
I1014 14:12:40.255802  7471 work_recog.hpp:96] Recog pair: [200 x 272 from (200, 72)], [139 x 190 from (32, 39)]
I1014 14:12:40.256748  7472 thread_intergrate.hpp:157] T-Intergrate-intergrate Show face :1, size :640 * 360
I1014 14:12:40.257201  7468 demo_inner.hpp:435] thread [SORT-0]  frame id 168 sorting queue size 0   FPS: 18.7173
I1014 14:12:40.257288  7467 demo_inner.hpp:260]  gui queue size 0, state = running
I1014 14:12:40.273389  7471 work_thread.hpp:81]  [T-Work-Recog_1] Run work: WorkCompare
I1014 14:12:40.273857  7471 work_compare.cpp:76] Compare face: 1 successed, similarity :0.996477, name : images/ThangLMb.jpg, normal size : 1548 * 1719!
I1014 14:12:40.308233  7466 demo_inner.hpp:177] decode queue size 0
I1014 14:12:40.308331  7469 work_thread.hpp:81]  [T-Work-Detect_0] Run work: WorkDetect
I1014 14:12:40.308367  7469 work_detect.cpp:102] Succeeded to add det start for frame 169
I1014 14:12:40.315057  7469 work_detect.cpp:70] Frame :169 detect result :1 face(s)
I1014 14:12:40.315102  7469 work_detect.cpp:86] Detected bbox: [170 x 216 from (231, 99)]
I1014 14:12:40.315147  7469 work_detect.cpp:120] Succeeded to add det end for frame 169
I1014 14:12:40.315163  7469 work_thread.hpp:81]  [T-Work-Detect_0] Run work: WrokTrack
I1014 14:12:40.315189  7469 work_track.cpp:82] Frame: 169 build input_characts: [0.265625 x 0.6 from (0.360938, 0.275)], 0.997596, 0
I1014 14:12:40.315246  7469 work_track.cpp:102] Succeeded to set track lock for frame 169
I1014 14:12:40.315286  7469 work_track.cpp:116] Succeeded to release track lock for frame 169
I1014 14:12:40.315301  7469 work_track.cpp:120] Track results of frame 169: 1 objects input, 1 objects tracked!
I1014 14:12:40.315320  7469 work_track.cpp:148] Frame: 169, track bbox: [170 x 216 from (224.779, 98.6832)], gid: 1, lid: 0
I1014 14:12:40.315356  7469 work_thread.hpp:87]  [T-Work-Detect_0] Frame :169 split
I1014 14:12:40.315374  7469 work_thread.hpp:119]  [T-Work-Detect_0] Valid piece: gid = 1
I1014 14:12:40.315392  7469 work_thread.hpp:91]  [T-Work-Detect_0] Push to split queue:recog
I1014 14:12:40.315438  7470 work_thread.hpp:81]  [T-Work-Recog_0] Run work: WorkCapture
I1014 14:12:40.315451  7472 thread_intergrate.hpp:78] [T-Intergrate-intergrate] queue: frame output frame :169
I1014 14:12:40.315476  7472 thread_intergrate.hpp:85] [T-Intergrate-intergrate] queue: compare output face:1
I1014 14:12:40.315495  7472 thread_intergrate.hpp:137] T-Intergrate-intergrate set matched face: 1
I1014 14:12:40.316020  7470 work_thread.hpp:81]  [T-Work-Recog_0] Run work: WorkRecog
I1014 14:12:40.316045  7470 work_recog.hpp:89] Face id: 1 will run recog: bbox [170 x 216 from (231, 99)] quality: 0.479325
I1014 14:12:40.316074  7470 work_recog.hpp:96] Recog pair: [248 x 304 from (192, 56)], [170 x 216 from (39, 43)]
I1014 14:12:40.316980  7472 thread_intergrate.hpp:157] T-Intergrate-intergrate Show face :1, size :640 * 360
I1014 14:12:40.317535  7468 demo_inner.hpp:435] thread [SORT-0]  frame id 169 sorting queue size 0   FPS: 18.564
I1014 14:12:40.317616  7467 demo_inner.hpp:260]  gui queue size 0, state = running
I1014 14:12:40.333678  7470 work_thread.hpp:81]  [T-Work-Recog_0] Run work: WorkCompare
I1014 14:12:40.334144  7470 work_compare.cpp:76] Compare face: 1 successed, similarity :0.997865, name : images/ThangLMb.jpg, normal size : 1548 * 1719!
I1014 14:12:40.368114  7466 demo_inner.hpp:177] decode queue size 0
I1014 14:12:40.368261  7469 work_thread.hpp:81]  [T-Work-Detect_0] Run work: WorkDetect
I1014 14:12:40.368299  7469 work_detect.cpp:102] Succeeded to add det start for frame 170
I1014 14:12:40.374924  7469 work_detect.cpp:70] Frame :170 detect result :1 face(s)
I1014 14:12:40.374969  7469 work_detect.cpp:86] Detected bbox: [170 x 217 from (231, 101)]
I1014 14:12:40.375012  7469 work_detect.cpp:120] Succeeded to add det end for frame 170
I1014 14:12:40.375108  7469 work_thread.hpp:81]  [T-Work-Detect_0] Run work: WrokTrack
I1014 14:12:40.375135  7469 work_track.cpp:82] Frame: 170 build input_characts: [0.265625 x 0.602778 from (0.360938, 0.280556)], 0.999622, 0
I1014 14:12:40.375190  7469 work_track.cpp:102] Succeeded to set track lock for frame 170
I1014 14:12:40.375229  7469 work_track.cpp:116] Succeeded to release track lock for frame 170
I1014 14:12:40.375243  7469 work_track.cpp:120] Track results of frame 170: 1 objects input, 1 objects tracked!
I1014 14:12:40.375262  7469 work_track.cpp:148] Frame: 170, track bbox: [170 x 217 from (227.499, 99.3237)], gid: 1, lid: 0
I1014 14:12:40.375298  7469 work_thread.hpp:87]  [T-Work-Detect_0] Frame :170 split
I1014 14:12:40.375314  7469 work_thread.hpp:119]  [T-Work-Detect_0] Valid piece: gid = 1
I1014 14:12:40.375332  7469 work_thread.hpp:91]  [T-Work-Detect_0] Push to split queue:recog
I1014 14:12:40.375376  7471 work_thread.hpp:81]  [T-Work-Recog_1] Run work: WorkCapture
I1014 14:12:40.375389  7472 thread_intergrate.hpp:78] [T-Intergrate-intergrate] queue: frame output frame :170
I1014 14:12:40.375414  7472 thread_intergrate.hpp:85] [T-Intergrate-intergrate] queue: compare output face:1
I1014 14:12:40.375432  7472 thread_intergrate.hpp:137] T-Intergrate-intergrate set matched face: 1
I1014 14:12:40.375953  7471 work_thread.hpp:81]  [T-Work-Recog_1] Run work: WorkRecog
I1014 14:12:40.375979  7471 work_recog.hpp:89] Face id: 1 will run recog: bbox [170 x 217 from (231, 101)] quality: 0.478462
I1014 14:12:40.376009  7471 work_recog.hpp:96] Recog pair: [248 x 304 from (192, 56)], [170 x 217 from (39, 45)]
I1014 14:12:40.376860  7472 thread_intergrate.hpp:157] T-Intergrate-intergrate Show face :1, size :640 * 360
I1014 14:12:40.377339  7468 demo_inner.hpp:435] thread [SORT-0]  frame id 170 sorting queue size 0   FPS: 18.4432
I1014 14:12:40.377418  7467 demo_inner.hpp:260]  gui queue size 0, state = running
I1014 14:12:40.393613  7471 work_thread.hpp:81]  [T-Work-Recog_1] Run work: WorkCompare
I1014 14:12:40.394083  7471 work_compare.cpp:76] Compare face: 1 successed, similarity :0.998286, name : images/ThangLMb.jpg, normal size : 1548 * 1719!
I1014 14:12:40.427908  7466 demo_inner.hpp:177] decode queue size 0
I1014 14:12:40.428056  7469 work_thread.hpp:81]  [T-Work-Detect_0] Run work: WorkDetect
I1014 14:12:40.428092  7469 work_detect.cpp:102] Succeeded to add det start for frame 171
I1014 14:12:40.434653  7469 work_detect.cpp:70] Frame :171 detect result :1 face(s)
I1014 14:12:40.434712  7469 work_detect.cpp:86] Detected bbox: [145 x 193 from (234, 132)]
I1014 14:12:40.434762  7469 work_detect.cpp:120] Succeeded to add det end for frame 171
I1014 14:12:40.434778  7469 work_thread.hpp:81]  [T-Work-Detect_0] Run work: WrokTrack
I1014 14:12:40.434806  7469 work_track.cpp:82] Frame: 171 build input_characts: [0.226562 x 0.536111 from (0.365625, 0.366667)], 0.999622, 0
I1014 14:12:40.434866  7469 work_track.cpp:102] Succeeded to set track lock for frame 171
I1014 14:12:40.434908  7469 work_track.cpp:116] Succeeded to release track lock for frame 171
I1014 14:12:40.434923  7469 work_track.cpp:120] Track results of frame 171: 1 objects input, 1 objects tracked!
I1014 14:12:40.434942  7469 work_track.cpp:148] Frame: 171, track bbox: [145 x 193 from (237.375, 122.363)], gid: 1, lid: 0
I1014 14:12:40.434979  7469 work_thread.hpp:87]  [T-Work-Detect_0] Frame :171 split
I1014 14:12:40.434998  7469 work_thread.hpp:119]  [T-Work-Detect_0] Valid piece: gid = 1
I1014 14:12:40.435017  7469 work_thread.hpp:91]  [T-Work-Detect_0] Push to split queue:recog
I1014 14:12:40.435062  7471 work_thread.hpp:81]  [T-Work-Recog_1] Run work: WorkCapture
I1014 14:12:40.435078  7472 thread_intergrate.hpp:78] [T-Intergrate-intergrate] queue: frame output frame :171
I1014 14:12:40.435103  7472 thread_intergrate.hpp:85] [T-Intergrate-intergrate] queue: compare output face:1
I1014 14:12:40.435120  7472 thread_intergrate.hpp:137] T-Intergrate-intergrate set matched face: 1
I1014 14:12:40.435662  7471 work_thread.hpp:81]  [T-Work-Recog_1] Run work: WorkRecog
I1014 14:12:40.435686  7471 work_recog.hpp:89] Face id: 1 will run recog: bbox [145 x 193 from (234, 132)] quality: 0.475446
I1014 14:12:40.435717  7471 work_recog.hpp:96] Recog pair: [208 x 272 from (200, 88)], [145 x 193 from (34, 44)]
I1014 14:12:40.436653  7472 thread_intergrate.hpp:157] T-Intergrate-intergrate Show face :1, size :640 * 360
I1014 14:12:40.437232  7468 demo_inner.hpp:435] thread [SORT-0]  frame id 171 sorting queue size 0   FPS: 18.2992
I1014 14:12:40.437309  7467 demo_inner.hpp:260]  gui queue size 0, state = running
I1014 14:12:40.453275  7471 work_thread.hpp:81]  [T-Work-Recog_1] Run work: WorkCompare
I1014 14:12:40.453742  7471 work_compare.cpp:76] Compare face: 1 successed, similarity :0.994386, name : images/ThangLMb.jpg, normal size : 1548 * 1719!
I1014 14:12:40.487923  7466 demo_inner.hpp:177] decode queue size 0
I1014 14:12:40.488093  7469 work_thread.hpp:81]  [T-Work-Detect_0] Run work: WorkDetect
I1014 14:12:40.488129  7469 work_detect.cpp:102] Succeeded to add det start for frame 172
I1014 14:12:40.494678  7469 work_detect.cpp:70] Frame :172 detect result :1 face(s)
I1014 14:12:40.494717  7469 work_detect.cpp:86] Detected bbox: [135 x 186 from (240, 137)]
I1014 14:12:40.494760  7469 work_detect.cpp:120] Succeeded to add det end for frame 172
I1014 14:12:40.494776  7469 work_thread.hpp:81]  [T-Work-Detect_0] Run work: WrokTrack
I1014 14:12:40.494799  7469 work_track.cpp:82] Frame: 172 build input_characts: [0.210938 x 0.516667 from (0.375, 0.380556)], 0.999622, 0
I1014 14:12:40.494855  7469 work_track.cpp:102] Succeeded to set track lock for frame 172
I1014 14:12:40.494895  7469 work_track.cpp:116] Succeeded to release track lock for frame 172
I1014 14:12:40.494910  7469 work_track.cpp:120] Track results of frame 172: 1 objects input, 1 objects tracked!
I1014 14:12:40.494928  7469 work_track.cpp:148] Frame: 172, track bbox: [135 x 186 from (241.274, 134.679)], gid: 1, lid: 0
I1014 14:12:40.494966  7469 work_thread.hpp:87]  [T-Work-Detect_0] Frame :172 split
I1014 14:12:40.494983  7469 work_thread.hpp:119]  [T-Work-Detect_0] Valid piece: gid = 1
I1014 14:12:40.495002  7469 work_thread.hpp:91]  [T-Work-Detect_0] Push to split queue:recog
I1014 14:12:40.495048  7470 work_thread.hpp:81]  [T-Work-Recog_0] Run work: WorkCapture
I1014 14:12:40.495057  7472 thread_intergrate.hpp:78] [T-Intergrate-intergrate] queue: frame output frame :172
I1014 14:12:40.495084  7472 thread_intergrate.hpp:85] [T-Intergrate-intergrate] queue: compare output face:1
I1014 14:12:40.495101  7472 thread_intergrate.hpp:137] T-Intergrate-intergrate set matched face: 1
I1014 14:12:40.495615  7470 work_thread.hpp:81]  [T-Work-Recog_0] Run work: WorkRecog
I1014 14:12:40.495640  7470 work_recog.hpp:89] Face id: 1 will run recog: bbox [135 x 186 from (240, 137)] quality: 0.474429
I1014 14:12:40.495676  7470 work_recog.hpp:96] Recog pair: [200 x 264 from (208, 96)], [135 x 186 from (32, 41)]
I1014 14:12:40.496538  7472 thread_intergrate.hpp:157] T-Intergrate-intergrate Show face :1, size :640 * 360
I1014 14:12:40.497090  7468 demo_inner.hpp:435] thread [SORT-0]  frame id 172 sorting queue size 0   FPS: 18.1818
I1014 14:12:40.497165  7467 demo_inner.hpp:260]  gui queue size 0, state = running
I1014 14:12:40.513337  7470 work_thread.hpp:81]  [T-Work-Recog_0] Run work: WorkCompare
I1014 14:12:40.513805  7470 work_compare.cpp:76] Compare face: 1 successed, similarity :0.9956, name : images/ThangLMb.jpg, normal size : 1548 * 1719!
I1014 14:12:40.547915  7466 demo_inner.hpp:177] decode queue size 0
I1014 14:12:40.548085  7469 work_thread.hpp:81]  [T-Work-Detect_0] Run work: WorkDetect
I1014 14:12:40.548121  7469 work_detect.cpp:102] Succeeded to add det start for frame 173
I1014 14:12:40.554795  7469 work_detect.cpp:70] Frame :173 detect result :1 face(s)
I1014 14:12:40.554842  7469 work_detect.cpp:86] Detected bbox: [159 x 209 from (239, 108)]
I1014 14:12:40.554886  7469 work_detect.cpp:120] Succeeded to add det end for frame 173
I1014 14:12:40.554903  7469 work_thread.hpp:81]  [T-Work-Detect_0] Run work: WrokTrack
I1014 14:12:40.554999  7469 work_track.cpp:82] Frame: 173 build input_characts: [0.248437 x 0.580556 from (0.373437, 0.3)], 0.999622, 0
I1014 14:12:40.555055  7469 work_track.cpp:102] Succeeded to set track lock for frame 173
I1014 14:12:40.555096  7469 work_track.cpp:116] Succeeded to release track lock for frame 173
I1014 14:12:40.555110  7469 work_track.cpp:120] Track results of frame 173: 1 objects input, 1 objects tracked!
I1014 14:12:40.555128  7469 work_track.cpp:148] Frame: 173, track bbox: [159 x 209 from (235.067, 119.675)], gid: 1, lid: 0
I1014 14:12:40.555164  7469 work_thread.hpp:87]  [T-Work-Detect_0] Frame :173 split
I1014 14:12:40.555181  7469 work_thread.hpp:119]  [T-Work-Detect_0] Valid piece: gid = 1
I1014 14:12:40.555200  7469 work_thread.hpp:91]  [T-Work-Detect_0] Push to split queue:recog
I1014 14:12:40.555240  7470 work_thread.hpp:81]  [T-Work-Recog_0] Run work: WorkCapture
I1014 14:12:40.555255  7472 thread_intergrate.hpp:78] [T-Intergrate-intergrate] queue: frame output frame :173
I1014 14:12:40.555279  7472 thread_intergrate.hpp:85] [T-Intergrate-intergrate] queue: compare output face:1
I1014 14:12:40.555297  7472 thread_intergrate.hpp:137] T-Intergrate-intergrate set matched face: 1
I1014 14:12:40.555814  7470 work_thread.hpp:81]  [T-Work-Recog_0] Run work: WorkRecog
I1014 14:12:40.555838  7470 work_recog.hpp:89] Face id: 1 will run recog: bbox [159 x 209 from (239, 108)] quality: 0.439146
I1014 14:12:40.555871  7470 work_recog.hpp:96] Recog pair: [224 x 296 from (208, 64)], [159 x 209 from (31, 44)]
I1014 14:12:40.556740  7472 thread_intergrate.hpp:157] T-Intergrate-intergrate Show face :1, size :640 * 360
I1014 14:12:40.557309  7468 demo_inner.hpp:435] thread [SORT-0]  frame id 173 sorting queue size 0   FPS: 18.0611
I1014 14:12:40.557384  7467 demo_inner.hpp:260]  gui queue size 0, state = running
I1014 14:12:40.573608  7470 work_thread.hpp:81]  [T-Work-Recog_0] Run work: WorkCompare
I1014 14:12:40.574080  7470 work_compare.cpp:76] Compare face: 1 successed, similarity :0.997134, name : images/ThangLMb.jpg, normal size : 1548 * 1719!
I1014 14:12:40.608103  7466 demo_inner.hpp:177] decode queue size 0
I1014 14:12:40.608265  7469 work_thread.hpp:81]  [T-Work-Detect_0] Run work: WorkDetect
I1014 14:12:40.608301  7469 work_detect.cpp:102] Succeeded to add det start for frame 174
I1014 14:12:40.614985  7469 work_detect.cpp:70] Frame :174 detect result :1 face(s)
I1014 14:12:40.615032  7469 work_detect.cpp:86] Detected bbox: [156 x 204 from (241, 111)]
I1014 14:12:40.615077  7469 work_detect.cpp:120] Succeeded to add det end for frame 174
I1014 14:12:40.615093  7469 work_thread.hpp:81]  [T-Work-Detect_0] Run work: WrokTrack
I1014 14:12:40.615118  7469 work_track.cpp:82] Frame: 174 build input_characts: [0.24375 x 0.566667 from (0.376563, 0.308333)], 1.00019, 0
I1014 14:12:40.615173  7469 work_track.cpp:102] Succeeded to set track lock for frame 174
I1014 14:12:40.615212  7469 work_track.cpp:116] Succeeded to release track lock for frame 174
I1014 14:12:40.615227  7469 work_track.cpp:120] Track results of frame 174: 1 objects input, 1 objects tracked!
I1014 14:12:40.615245  7469 work_track.cpp:148] Frame: 174, track bbox: [156 x 204 from (237.577, 117.643)], gid: 1, lid: 0
I1014 14:12:40.615281  7469 work_thread.hpp:87]  [T-Work-Detect_0] Frame :174 split
I1014 14:12:40.615299  7469 work_thread.hpp:119]  [T-Work-Detect_0] Valid piece: gid = 1
I1014 14:12:40.615317  7469 work_thread.hpp:91]  [T-Work-Detect_0] Push to split queue:recog
I1014 14:12:40.615370  7472 thread_intergrate.hpp:78] [T-Intergrate-intergrate] queue: frame output frame :174
I1014 14:12:40.615379  7470 work_thread.hpp:81]  [T-Work-Recog_0] Run work: WorkCapture
I1014 14:12:40.615396  7472 thread_intergrate.hpp:85] [T-Intergrate-intergrate] queue: compare output face:1
I1014 14:12:40.615414  7472 thread_intergrate.hpp:137] T-Intergrate-intergrate set matched face: 1
I1014 14:12:40.615949  7470 work_thread.hpp:81]  [T-Work-Recog_0] Run work: WorkRecog
I1014 14:12:40.615975  7470 work_recog.hpp:89] Face id: 1 will run recog: bbox [156 x 204 from (241, 111)] quality: 0.438967
I1014 14:12:40.616084  7470 work_recog.hpp:96] Recog pair: [224 x 296 from (208, 64)], [156 x 204 from (33, 47)]
I1014 14:12:40.616845  7472 thread_intergrate.hpp:157] T-Intergrate-intergrate Show face :1, size :640 * 360
I1014 14:12:40.617324  7468 demo_inner.hpp:435] thread [SORT-0]  frame id 174 sorting queue size 0   FPS: 17.9183
I1014 14:12:40.617403  7467 demo_inner.hpp:260]  gui queue size 0, state = running
I1014 14:12:40.633795  7470 work_thread.hpp:81]  [T-Work-Recog_0] Run work: WorkCompare
I1014 14:12:40.634260  7470 work_compare.cpp:76] Compare face: 1 successed, similarity :0.998257, name : images/ThangLMb.jpg, normal size : 1548 * 1719!
I1014 14:12:40.667856  7466 demo_inner.hpp:177] decode queue size 0
I1014 14:12:40.668013  7469 work_thread.hpp:81]  [T-Work-Detect_0] Run work: WorkDetect
I1014 14:12:40.668051  7469 work_detect.cpp:102] Succeeded to add det start for frame 175
I1014 14:12:40.674793  7469 work_detect.cpp:70] Frame :175 detect result :1 face(s)
I1014 14:12:40.674840  7469 work_detect.cpp:86] Detected bbox: [158 x 210 from (241, 109)]
I1014 14:12:40.674883  7469 work_detect.cpp:120] Succeeded to add det end for frame 175
I1014 14:12:40.674901  7469 work_thread.hpp:81]  [T-Work-Detect_0] Run work: WrokTrack
I1014 14:12:40.674926  7469 work_track.cpp:82] Frame: 175 build input_characts: [0.246875 x 0.583333 from (0.376563, 0.302778)], 1.00019, 0
I1014 14:12:40.674980  7469 work_track.cpp:102] Succeeded to set track lock for frame 175
I1014 14:12:40.675020  7469 work_track.cpp:116] Succeeded to release track lock for frame 175
I1014 14:12:40.675035  7469 work_track.cpp:120] Track results of frame 175: 1 objects input, 1 objects tracked!
I1014 14:12:40.675052  7469 work_track.cpp:148] Frame: 175, track bbox: [158 x 210 from (240.452, 109.961)], gid: 1, lid: 0
I1014 14:12:40.675088  7469 work_thread.hpp:87]  [T-Work-Detect_0] Frame :175 split
I1014 14:12:40.675107  7469 work_thread.hpp:119]  [T-Work-Detect_0] Valid piece: gid = 1
I1014 14:12:40.675124  7469 work_thread.hpp:91]  [T-Work-Detect_0] Push to split queue:recog
I1014 14:12:40.675175  7472 thread_intergrate.hpp:78] [T-Intergrate-intergrate] queue: frame output frame :175
I1014 14:12:40.675185  7470 work_thread.hpp:81]  [T-Work-Recog_0] Run work: WorkCapture
I1014 14:12:40.675201  7472 thread_intergrate.hpp:85] [T-Intergrate-intergrate] queue: compare output face:1
I1014 14:12:40.675220  7472 thread_intergrate.hpp:137] T-Intergrate-intergrate set matched face: 1
I1014 14:12:40.675752  7470 work_thread.hpp:81]  [T-Work-Recog_0] Run work: WorkRecog
I1014 14:12:40.675779  7470 work_recog.hpp:89] Face id: 1 will run recog: bbox [158 x 210 from (241, 109)] quality: 0.445279
I1014 14:12:40.675809  7470 work_recog.hpp:96] Recog pair: [224 x 296 from (208, 64)], [158 x 210 from (33, 45)]
I1014 14:12:40.676651  7472 thread_intergrate.hpp:157] T-Intergrate-intergrate Show face :1, size :640 * 360
I1014 14:12:40.677170  7468 demo_inner.hpp:435] thread [SORT-0]  frame id 175 sorting queue size 0   FPS: 17.8057
I1014 14:12:40.677248  7467 demo_inner.hpp:260]  gui queue size 0, state = running
I1014 14:12:40.693488  7470 work_thread.hpp:81]  [T-Work-Recog_0] Run work: WorkCompare
I1014 14:12:40.693950  7470 work_compare.cpp:76] Compare face: 1 successed, similarity :0.997737, name : images/ThangLMb.jpg, normal size : 1548 * 1719!
I1014 14:12:40.727869  7466 demo_inner.hpp:177] decode queue size 0
I1014 14:12:40.728112  7469 work_thread.hpp:81]  [T-Work-Detect_0] Run work: WorkDetect
I1014 14:12:40.728147  7469 work_detect.cpp:102] Succeeded to add det start for frame 176
I1014 14:12:40.734836  7469 work_detect.cpp:70] Frame :176 detect result :1 face(s)
I1014 14:12:40.734882  7469 work_detect.cpp:86] Detected bbox: [143 x 200 from (242, 133)]
I1014 14:12:40.734925  7469 work_detect.cpp:120] Succeeded to add det end for frame 176
I1014 14:12:40.734942  7469 work_thread.hpp:81]  [T-Work-Detect_0] Run work: WrokTrack
I1014 14:12:40.734967  7469 work_track.cpp:82] Frame: 176 build input_characts: [0.223438 x 0.555556 from (0.378125, 0.369444)], 1.00019, 0
I1014 14:12:40.735095  7469 work_track.cpp:102] Succeeded to set track lock for frame 176
I1014 14:12:40.735136  7469 work_track.cpp:116] Succeeded to release track lock for frame 176
I1014 14:12:40.735150  7469 work_track.cpp:120] Track results of frame 176: 1 objects input, 1 objects tracked!
I1014 14:12:40.735168  7469 work_track.cpp:148] Frame: 176, track bbox: [143 x 200 from (247.868, 120.036)], gid: 1, lid: 0
I1014 14:12:40.735205  7469 work_thread.hpp:87]  [T-Work-Detect_0] Frame :176 split
I1014 14:12:40.735224  7469 work_thread.hpp:119]  [T-Work-Detect_0] Valid piece: gid = 1
I1014 14:12:40.735242  7469 work_thread.hpp:91]  [T-Work-Detect_0] Push to split queue:recog
I1014 14:12:40.735291  7471 work_thread.hpp:81]  [T-Work-Recog_1] Run work: WorkCapture
I1014 14:12:40.735582  7472 thread_intergrate.hpp:78] [T-Intergrate-intergrate] queue: frame output frame :176
I1014 14:12:40.735607  7472 thread_intergrate.hpp:85] [T-Intergrate-intergrate] queue: compare output face:1
I1014 14:12:40.735625  7472 thread_intergrate.hpp:137] T-Intergrate-intergrate set matched face: 1
I1014 14:12:40.735843  7471 work_thread.hpp:81]  [T-Work-Recog_1] Run work: WorkRecog
I1014 14:12:40.735867  7471 work_recog.hpp:89] Face id: 1 will run recog: bbox [143 x 200 from (242, 133)] quality: 0.481581
I1014 14:12:40.735893  7471 work_recog.hpp:96] Recog pair: [208 x 272 from (208, 88)], [143 x 200 from (34, 45)]
I1014 14:12:40.737102  7472 thread_intergrate.hpp:157] T-Intergrate-intergrate Show face :1, size :640 * 360
I1014 14:12:40.737673  7468 demo_inner.hpp:435] thread [SORT-0]  frame id 176 sorting queue size 0   FPS: 17.6669
I1014 14:12:40.737751  7467 demo_inner.hpp:260]  gui queue size 0, state = running
I1014 14:12:40.753311  7471 work_thread.hpp:81]  [T-Work-Recog_1] Run work: WorkCompare
I1014 14:12:40.753777  7471 work_compare.cpp:76] Compare face: 1 successed, similarity :0.997852, name : images/ThangLMb.jpg, normal size : 1548 * 1719!
I1014 14:12:40.787835  7466 demo_inner.hpp:177] decode queue size 0
I1014 14:12:40.787953  7469 work_thread.hpp:81]  [T-Work-Detect_0] Run work: WorkDetect
I1014 14:12:40.787989  7469 work_detect.cpp:102] Succeeded to add det start for frame 177
I1014 14:12:40.794713  7469 work_detect.cpp:70] Frame :177 detect result :1 face(s)
I1014 14:12:40.794759  7469 work_detect.cpp:86] Detected bbox: [160 x 199 from (241, 155)]
I1014 14:12:40.794802  7469 work_detect.cpp:120] Succeeded to add det end for frame 177
I1014 14:12:40.794819  7469 work_thread.hpp:81]  [T-Work-Detect_0] Run work: WrokTrack
I1014 14:12:40.794844  7469 work_track.cpp:82] Frame: 177 build input_characts: [0.25 x 0.552778 from (0.376563, 0.430556)], 0.999622, 0
I1014 14:12:40.794900  7469 work_track.cpp:102] Succeeded to set track lock for frame 177
I1014 14:12:40.794939  7469 work_track.cpp:116] Succeeded to release track lock for frame 177
I1014 14:12:40.794955  7469 work_track.cpp:120] Track results of frame 177: 1 objects input, 1 objects tracked!
I1014 14:12:40.794972  7469 work_track.cpp:148] Frame: 177, track bbox: [160 x 199 from (240.4, 139.871)], gid: 1, lid: 0
I1014 14:12:40.795009  7469 work_thread.hpp:87]  [T-Work-Detect_0] Frame :177 split
I1014 14:12:40.795028  7469 work_thread.hpp:119]  [T-Work-Detect_0] Valid piece: gid = 1
I1014 14:12:40.795047  7469 work_thread.hpp:91]  [T-Work-Detect_0] Push to split queue:recog
I1014 14:12:40.795099  7472 thread_intergrate.hpp:78] [T-Intergrate-intergrate] queue: frame output frame :177
I1014 14:12:40.795107  7471 work_thread.hpp:81]  [T-Work-Recog_1] Run work: WorkCapture
I1014 14:12:40.795125  7472 thread_intergrate.hpp:85] [T-Intergrate-intergrate] queue: compare output face:1
I1014 14:12:40.795145  7472 thread_intergrate.hpp:137] T-Intergrate-intergrate set matched face: 1
I1014 14:12:40.795671  7471 work_thread.hpp:81]  [T-Work-Recog_1] Run work: WorkRecog
I1014 14:12:40.795696  7471 work_recog.hpp:89] Face id: 1 will run recog: bbox [160 x 199 from (241, 155)] quality: 0.406008
I1014 14:12:40.795804  7471 work_recog.hpp:96] Recog pair: [232 x 248 from (208, 112)], [160 x 199 from (33, 43)]
I1014 14:12:40.796571  7472 thread_intergrate.hpp:157] T-Intergrate-intergrate Show face :1, size :640 * 360
I1014 14:12:40.797021  7468 demo_inner.hpp:435] thread [SORT-0]  frame id 177 sorting queue size 0   FPS: 17.5574
I1014 14:12:40.797099  7467 demo_inner.hpp:260]  gui queue size 0, state = running
I1014 14:12:40.813585  7471 work_thread.hpp:81]  [T-Work-Recog_1] Run work: WorkCompare
I1014 14:12:40.814054  7471 work_compare.cpp:76] Compare face: 1 successed, similarity :0.995258, name : images/ThangLMb.jpg, normal size : 1548 * 1719!
I1014 14:12:40.847908  7466 demo_inner.hpp:177] decode queue size 0
I1014 14:12:40.848099  7469 work_thread.hpp:81]  [T-Work-Detect_0] Run work: WorkDetect
I1014 14:12:40.848135  7469 work_detect.cpp:102] Succeeded to add det start for frame 178
I1014 14:12:40.855041  7469 work_detect.cpp:70] Frame :178 detect result :1 face(s)
I1014 14:12:40.855094  7469 work_detect.cpp:86] Detected bbox: [145 x 209 from (240, 133)]
I1014 14:12:40.855139  7469 work_detect.cpp:120] Succeeded to add det end for frame 178
I1014 14:12:40.855155  7469 work_thread.hpp:81]  [T-Work-Detect_0] Run work: WrokTrack
I1014 14:12:40.855180  7469 work_track.cpp:82] Frame: 178 build input_characts: [0.226562 x 0.580556 from (0.375, 0.369444)], 1.00035, 0
I1014 14:12:40.855234  7469 work_track.cpp:102] Succeeded to set track lock for frame 178
I1014 14:12:40.855273  7469 work_track.cpp:116] Succeeded to release track lock for frame 178
I1014 14:12:40.855288  7469 work_track.cpp:120] Track results of frame 178: 1 objects input, 1 objects tracked!
I1014 14:12:40.855306  7469 work_track.cpp:148] Frame: 178, track bbox: [145 x 209 from (242.754, 142.077)], gid: 1, lid: 0
I1014 14:12:40.855342  7469 work_thread.hpp:87]  [T-Work-Detect_0] Frame :178 split
I1014 14:12:40.855360  7469 work_thread.hpp:119]  [T-Work-Detect_0] Valid piece: gid = 1
I1014 14:12:40.855377  7469 work_thread.hpp:91]  [T-Work-Detect_0] Push to split queue:recog
I1014 14:12:40.855429  7472 thread_intergrate.hpp:78] [T-Intergrate-intergrate] queue: frame output frame :178
I1014 14:12:40.855439  7471 work_thread.hpp:81]  [T-Work-Recog_1] Run work: WorkCapture
I1014 14:12:40.855455  7472 thread_intergrate.hpp:85] [T-Intergrate-intergrate] queue: compare output face:1
I1014 14:12:40.855473  7472 thread_intergrate.hpp:137] T-Intergrate-intergrate set matched face: 1
I1014 14:12:40.856066  7471 work_thread.hpp:81]  [T-Work-Recog_1] Run work: WorkRecog
I1014 14:12:40.856093  7471 work_recog.hpp:89] Face id: 1 will run recog: bbox [145 x 209 from (240, 133)] quality: 0.479768
I1014 14:12:40.856123  7471 work_recog.hpp:96] Recog pair: [208 x 272 from (208, 88)], [145 x 209 from (32, 45)]
I1014 14:12:40.856937  7472 thread_intergrate.hpp:157] T-Intergrate-intergrate Show face :1, size :640 * 360
I1014 14:12:40.857401  7468 demo_inner.hpp:435] thread [SORT-0]  frame id 178 sorting queue size 0   FPS: 17.4225
I1014 14:12:40.857475  7467 demo_inner.hpp:260]  gui queue size 0, state = running
I1014 14:12:40.873803  7471 work_thread.hpp:81]  [T-Work-Recog_1] Run work: WorkCompare
I1014 14:12:40.874269  7471 work_compare.cpp:76] Compare face: 1 successed, similarity :0.998407, name : images/ThangLMb.jpg, normal size : 1548 * 1719!
I1014 14:12:40.907884  7466 demo_inner.hpp:177] decode queue size 0
I1014 14:12:40.908056  7469 work_thread.hpp:81]  [T-Work-Detect_0] Run work: WorkDetect
I1014 14:12:40.908092  7469 work_detect.cpp:102] Succeeded to add det start for frame 179
I1014 14:12:40.914767  7469 work_detect.cpp:70] Frame :179 detect result :1 face(s)
I1014 14:12:40.914808  7469 work_detect.cpp:86] Detected bbox: [149 x 212 from (237, 132)]
I1014 14:12:40.914851  7469 work_detect.cpp:120] Succeeded to add det end for frame 179
I1014 14:12:40.914867  7469 work_thread.hpp:81]  [T-Work-Detect_0] Run work: WrokTrack
I1014 14:12:40.914892  7469 work_track.cpp:82] Frame: 179 build input_characts: [0.232812 x 0.588889 from (0.370313, 0.366667)], 1.00019, 0
I1014 14:12:40.915021  7469 work_track.cpp:102] Succeeded to set track lock for frame 179
I1014 14:12:40.915062  7469 work_track.cpp:116] Succeeded to release track lock for frame 179
I1014 14:12:40.915077  7469 work_track.cpp:120] Track results of frame 179: 1 objects input, 1 objects tracked!
I1014 14:12:40.915096  7469 work_track.cpp:148] Frame: 179, track bbox: [149 x 212 from (238.049, 141.169)], gid: 1, lid: 0
I1014 14:12:40.915132  7469 work_thread.hpp:87]  [T-Work-Detect_0] Frame :179 split
I1014 14:12:40.915150  7469 work_thread.hpp:119]  [T-Work-Detect_0] Valid piece: gid = 1
I1014 14:12:40.915169  7469 work_thread.hpp:91]  [T-Work-Detect_0] Push to split queue:recog
I1014 14:12:40.915217  7472 thread_intergrate.hpp:78] [T-Intergrate-intergrate] queue: frame output frame :179
I1014 14:12:40.915227  7471 work_thread.hpp:81]  [T-Work-Recog_1] Run work: WorkCapture
I1014 14:12:40.915243  7472 thread_intergrate.hpp:85] [T-Intergrate-intergrate] queue: compare output face:1
I1014 14:12:40.915261  7472 thread_intergrate.hpp:137] T-Intergrate-intergrate set matched face: 1
I1014 14:12:40.915796  7471 work_thread.hpp:81]  [T-Work-Recog_1] Run work: WorkRecog
I1014 14:12:40.915822  7471 work_recog.hpp:89] Face id: 1 will run recog: bbox [149 x 212 from (237, 132)] quality: 0.475749
I1014 14:12:40.915849  7471 work_recog.hpp:96] Recog pair: [208 x 272 from (208, 88)], [149 x 212 from (29, 44)]
I1014 14:12:40.916704  7472 thread_intergrate.hpp:157] T-Intergrate-intergrate Show face :1, size :640 * 360
I1014 14:12:40.917147  7468 demo_inner.hpp:435] thread [SORT-0]  frame id 179 sorting queue size 0   FPS: 17.316
I1014 14:12:40.917222  7467 demo_inner.hpp:260]  gui queue size 0, state = running
I1014 14:12:40.933605  7471 work_thread.hpp:81]  [T-Work-Recog_1] Run work: WorkCompare
I1014 14:12:40.934073  7471 work_compare.cpp:76] Compare face: 1 successed, similarity :0.996363, name : images/ThangLMb.jpg, normal size : 1548 * 1719!
I1014 14:12:40.968048  7466 demo_inner.hpp:177] decode queue size 0
I1014 14:12:40.968178  7469 work_thread.hpp:81]  [T-Work-Detect_0] Run work: WorkDetect
I1014 14:12:40.968214  7469 work_detect.cpp:102] Succeeded to add det start for frame 180
I1014 14:12:40.974930  7469 work_detect.cpp:70] Frame :180 detect result :1 face(s)
I1014 14:12:40.974977  7469 work_detect.cpp:86] Detected bbox: [151 x 212 from (236, 133)]
I1014 14:12:40.975020  7469 work_detect.cpp:120] Succeeded to add det end for frame 180
I1014 14:12:40.975037  7469 work_thread.hpp:81]  [T-Work-Detect_0] Run work: WrokTrack
I1014 14:12:40.975061  7469 work_track.cpp:82] Frame: 180 build input_characts: [0.235938 x 0.588889 from (0.36875, 0.369444)], 1.00019, 0
I1014 14:12:40.975116  7469 work_track.cpp:102] Succeeded to set track lock for frame 180
I1014 14:12:40.975155  7469 work_track.cpp:116] Succeeded to release track lock for frame 180
I1014 14:12:40.975170  7469 work_track.cpp:120] Track results of frame 180: 1 objects input, 1 objects tracked!
I1014 14:12:40.975188  7469 work_track.cpp:148] Frame: 180, track bbox: [151 x 212 from (235.465, 138.8)], gid: 1, lid: 0
I1014 14:12:40.975224  7469 work_thread.hpp:87]  [T-Work-Detect_0] Frame :180 split
I1014 14:12:40.975242  7469 work_thread.hpp:119]  [T-Work-Detect_0] Valid piece: gid = 1
I1014 14:12:40.975260  7469 work_thread.hpp:91]  [T-Work-Detect_0] Push to split queue:recog
I1014 14:12:40.975311  7472 thread_intergrate.hpp:78] [T-Intergrate-intergrate] queue: frame output frame :180
I1014 14:12:40.975320  7471 work_thread.hpp:81]  [T-Work-Recog_1] Run work: WorkCapture
I1014 14:12:40.975337  7472 thread_intergrate.hpp:85] [T-Intergrate-intergrate] queue: compare output face:1
I1014 14:12:40.975354  7472 thread_intergrate.hpp:137] T-Intergrate-intergrate set matched face: 1
I1014 14:12:40.975888  7471 work_thread.hpp:81]  [T-Work-Recog_1] Run work: WorkRecog
I1014 14:12:40.975913  7471 work_recog.hpp:89] Face id: 1 will run recog: bbox [151 x 212 from (236, 133)] quality: 0.479997
I1014 14:12:40.975942  7471 work_recog.hpp:96] Recog pair: [224 x 272 from (200, 88)], [151 x 212 from (36, 45)]
I1014 14:12:40.976784  7472 thread_intergrate.hpp:157] T-Intergrate-intergrate Show face :1, size :640 * 360
I1014 14:12:40.977274  7468 demo_inner.hpp:435] thread [SORT-0]  frame id 180 sorting queue size 0   FPS: 17.2108
I1014 14:12:40.977355  7467 demo_inner.hpp:260]  gui queue size 0, state = running
I1014 14:12:40.993680  7471 work_thread.hpp:81]  [T-Work-Recog_1] Run work: WorkCompare
I1014 14:12:40.994146  7471 work_compare.cpp:76] Compare face: 1 successed, similarity :0.997057, name : images/ThangLMb.jpg, normal size : 1548 * 1719!
I1014 14:12:41.028020  7466 demo_inner.hpp:177] decode queue size 0
I1014 14:12:41.028120  7469 work_thread.hpp:81]  [T-Work-Detect_0] Run work: WorkDetect
I1014 14:12:41.028182  7469 work_detect.cpp:102] Succeeded to add det start for frame 181
I1014 14:12:41.034828  7469 work_detect.cpp:70] Frame :181 detect result :1 face(s)
W1014 14:12:41.034871  7469 work_detect.cpp:83] Invalid bbox: [169 x 212 from (235, 151)]
I1014 14:12:41.034998  7469 work_detect.cpp:120] Succeeded to add det end for frame 181
I1014 14:12:41.035017  7469 work_thread.hpp:81]  [T-Work-Detect_0] Run work: WrokTrack
I1014 14:12:41.035043  7469 work_track.cpp:102] Succeeded to set track lock for frame 181
I1014 14:12:41.035075  7469 work_track.cpp:116] Succeeded to release track lock for frame 181
I1014 14:12:41.035090  7469 work_track.cpp:120] Track results of frame 181: 0 objects input, 1 objects tracked!
I1014 14:12:41.035109  7469 work_track.cpp:148] Frame: 181, track bbox: [151 x 212 from (233.843, 142.31)], gid: 1, lid: -1
I1014 14:12:41.035161  7469 work_thread.hpp:87]  [T-Work-Detect_0] Frame :181 split
I1014 14:12:41.035204  7472 thread_intergrate.hpp:78] [T-Intergrate-intergrate] queue: frame output frame :181
I1014 14:12:41.035230  7472 thread_intergrate.hpp:85] [T-Intergrate-intergrate] queue: compare output face:1
I1014 14:12:41.035249  7472 thread_intergrate.hpp:137] T-Intergrate-intergrate set matched face: 1
I1014 14:12:41.036640  7472 thread_intergrate.hpp:157] T-Intergrate-intergrate Show face :1, size :640 * 360
I1014 14:12:41.037123  7468 demo_inner.hpp:435] thread [SORT-0]  frame id 181 sorting queue size 0   FPS: 17.1328
I1014 14:12:41.037199  7467 demo_inner.hpp:260]  gui queue size 0, state = running
I1014 14:12:41.088007  7466 demo_inner.hpp:177] decode queue size 0
I1014 14:12:41.088207  7469 work_thread.hpp:81]  [T-Work-Detect_0] Run work: WorkDetect
I1014 14:12:41.088243  7469 work_detect.cpp:102] Succeeded to add det start for frame 182
I1014 14:12:41.094990  7469 work_detect.cpp:70] Frame :182 detect result :1 face(s)
I1014 14:12:41.095038  7469 work_detect.cpp:86] Detected bbox: [170 x 225 from (233, 127)]
I1014 14:12:41.095082  7469 work_detect.cpp:120] Succeeded to add det end for frame 182
I1014 14:12:41.095098  7469 work_thread.hpp:81]  [T-Work-Detect_0] Run work: WrokTrack
I1014 14:12:41.095121  7469 work_track.cpp:82] Frame: 182 build input_characts: [0.265625 x 0.625 from (0.364062, 0.352778)], 1.00019, 0
I1014 14:12:41.095177  7469 work_track.cpp:102] Succeeded to set track lock for frame 182
I1014 14:12:41.095217  7469 work_track.cpp:116] Succeeded to release track lock for frame 182
I1014 14:12:41.095232  7469 work_track.cpp:120] Track results of frame 182: 1 objects input, 1 objects tracked!
I1014 14:12:41.095250  7469 work_track.cpp:148] Frame: 182, track bbox: [170 x 225 from (229.632, 126.668)], gid: 1, lid: 0
I1014 14:12:41.095286  7469 work_thread.hpp:87]  [T-Work-Detect_0] Frame :182 split
I1014 14:12:41.095304  7469 work_thread.hpp:119]  [T-Work-Detect_0] Valid piece: gid = 1
I1014 14:12:41.095322  7469 work_thread.hpp:91]  [T-Work-Detect_0] Push to split queue:recog
I1014 14:12:41.095372  7472 thread_intergrate.hpp:78] [T-Intergrate-intergrate] queue: frame output frame :182
I1014 14:12:41.095383  7471 work_thread.hpp:81]  [T-Work-Recog_1] Run work: WorkCapture
I1014 14:12:41.095923  7471 work_thread.hpp:81]  [T-Work-Recog_1] Run work: WorkRecog
I1014 14:12:41.095947  7471 work_recog.hpp:89] Face id: 1 will run recog: bbox [170 x 225 from (233, 127)] quality: 0.468997
I1014 14:12:41.096043  7471 work_recog.hpp:96] Recog pair: [248 x 280 from (192, 80)], [170 x 225 from (41, 47)]
I1014 14:12:41.096508  7472 thread_intergrate.hpp:157] T-Intergrate-intergrate Show face :1, size :640 * 360
I1014 14:12:41.097016  7468 demo_inner.hpp:435] thread [SORT-0]  frame id 182 sorting queue size 0   FPS: 17.0298
I1014 14:12:41.097084  7467 demo_inner.hpp:260]  gui queue size 0, state = running
