I1014 15:43:38.241075  9400 work_thread.hpp:87]  [T-Work-Detect_0] Frame :209 split
I1014 15:43:38.241091  9400 work_thread.hpp:120]  [T-Work-Detect_0] Valid piece: gid = 0
I1014 15:43:38.241107  9400 work_thread.hpp:126]  [T-Work-Detect_0] Invalid piece: lid = 1, drop it
I1014 15:43:38.241122  9400 work_thread.hpp:91]  [T-Work-Detect_0] Push to split queue:recog
I1014 15:43:38.241161  9402 work_thread.hpp:81]  [T-Work-Recog_1] Run work: WorkCapture
I1014 15:43:38.241169  9403 thread_intergrate.hpp:78] [T-Intergrate-intergrate] queue: frame output frame :209
I1014 15:43:38.241736  9402 work_thread.hpp:81]  [T-Work-Recog_1] Run work: WorkRecog
I1014 15:43:38.241760  9402 work_recog.hpp:89] Face id: 0 will run recog: bbox [182 x 225 from (217, 132)] quality: 0.474702
I1014 15:43:38.241786  9402 work_recog.hpp:96] Recog pair: [264 x 280 from (176, 80)], [182 x 225 from (41, 52)]
I1014 15:43:38.242305  9403 thread_intergrate.hpp:188] T-Intergrate-intergrate Show face :0, size :640 * 360
I1014 15:43:38.243064  9399 demo_inner.hpp:435] thread [SORT-0]  frame id 209 sorting queue size 0   FPS: 38.1848
I1014 15:43:38.259318  9402 work_thread.hpp:81]  [T-Work-Recog_1] Run work: WorkCompare
I1014 15:43:38.259780  9402 work_compare.cpp:76] Compare face: 0 successed, similarity :0.99861, name : images/ThangLMb.jpg, normal size : 1548 * 1719!
I1014 15:43:38.264725  9397 demo_inner.hpp:177] decode queue size 0
I1014 15:43:38.264811  9400 work_thread.hpp:81]  [T-Work-Detect_0] Run work: WorkDetect
I1014 15:43:38.264842  9400 work_detect.cpp:102] Succeeded to add det start for frame 210
I1014 15:43:38.271544  9400 work_detect.cpp:70] Frame :210 detect result :1 face(s)
I1014 15:43:38.271590  9400 work_detect.cpp:86] Detected bbox: [186 x 230 from (227, 127)]
I1014 15:43:38.271636  9400 work_detect.cpp:120] Succeeded to add det end for frame 210
I1014 15:43:38.271653  9400 work_thread.hpp:81]  [T-Work-Detect_0] Run work: WrokTrack
I1014 15:43:38.271677  9400 work_track.cpp:82] Frame: 210 build input_characts: [0.290625 x 0.638889 from (0.354688, 0.352778)], 1.00035, 0
I1014 15:43:38.271805  9400 work_track.cpp:102] Succeeded to set track lock for frame 210
I1014 15:43:38.271849  9400 work_track.cpp:116] Succeeded to release track lock for frame 210
I1014 15:43:38.271864  9400 work_track.cpp:120] Track results of frame 210: 1 objects input, 1 objects tracked!
I1014 15:43:38.271881  9400 work_track.cpp:148] Frame: 210, track bbox: [186 x 230 from (219.182, 127.561)], gid: 0, lid: 0
I1014 15:43:38.271919  9400 work_thread.hpp:87]  [T-Work-Detect_0] Frame :210 split
I1014 15:43:38.271935  9400 work_thread.hpp:120]  [T-Work-Detect_0] Valid piece: gid = 0
I1014 15:43:38.271953  9400 work_thread.hpp:91]  [T-Work-Detect_0] Push to split queue:recog
I1014 15:43:38.272002  9401 work_thread.hpp:81]  [T-Work-Recog_0] Run work: WorkCapture
I1014 15:43:38.272325  9403 thread_intergrate.hpp:78] [T-Intergrate-intergrate] queue: frame output frame :210
I1014 15:43:38.272353  9403 thread_intergrate.hpp:85] [T-Intergrate-intergrate] queue: compare output face:0
I1014 15:43:38.272560  9403 thread_intergrate.hpp:144] T-Intergrate-intergrate set matched face: 0
I1014 15:43:38.272568  9401 work_thread.hpp:81]  [T-Work-Recog_0] Run work: WorkRecog
I1014 15:43:38.272591  9401 work_recog.hpp:89] Face id: 0 will run recog: bbox [186 x 230 from (227, 127)] quality: 0.456345
I1014 15:43:38.272619  9401 work_recog.hpp:96] Recog pair: [272 x 280 from (184, 80)], [186 x 230 from (43, 47)]
I1014 15:43:38.274099  9403 thread_intergrate.hpp:188] T-Intergrate-intergrate Show face :0, size :640 * 360
I1014 15:43:38.274744  9399 demo_inner.hpp:435] thread [SORT-0]  frame id 210 sorting queue size 1   FPS: 38.0849
I1014 15:43:38.290100  9401 work_thread.hpp:81]  [T-Work-Recog_0] Run work: WorkCompare
I1014 15:43:38.290555  9401 work_compare.cpp:76] Compare face: 0 successed, similarity :0.997821, name : images/ThangLMb.jpg, normal size : 1548 * 1719!
I1014 15:43:38.294149  9398 demo_inner.hpp:260]  gui queue size 1, state = running
I1014 15:43:38.299873  9397 demo_inner.hpp:177] decode queue size 0
I1014 15:43:38.300019  9400 work_thread.hpp:81]  [T-Work-Detect_0] Run work: WorkDetect
I1014 15:43:38.300056  9400 work_detect.cpp:102] Succeeded to add det start for frame 211
I1014 15:43:38.306877  9400 work_detect.cpp:70] Frame :211 detect result :1 face(s)
I1014 15:43:38.306928  9400 work_detect.cpp:86] Detected bbox: [184 x 231 from (219, 129)]
I1014 15:43:38.306972  9400 work_detect.cpp:120] Succeeded to add det end for frame 211
I1014 15:43:38.306989  9400 work_thread.hpp:81]  [T-Work-Detect_0] Run work: WrokTrack
I1014 15:43:38.307014  9400 work_track.cpp:82] Frame: 211 build input_characts: [0.2875 x 0.641667 from (0.342187, 0.358333)], 1.00019, 0
I1014 15:43:38.307070  9400 work_track.cpp:102] Succeeded to set track lock for frame 211
I1014 15:43:38.307116  9400 work_track.cpp:116] Succeeded to release track lock for frame 211
I1014 15:43:38.307132  9400 work_track.cpp:120] Track results of frame 211: 1 objects input, 1 objects tracked!
I1014 15:43:38.307148  9400 work_track.cpp:148] Frame: 211, track bbox: [184 x 231 from (222.323, 128.257)], gid: 0, lid: 0
I1014 15:43:38.307184  9400 work_thread.hpp:87]  [T-Work-Detect_0] Frame :211 split
I1014 15:43:38.307202  9400 work_thread.hpp:120]  [T-Work-Detect_0] Valid piece: gid = 0
I1014 15:43:38.307220  9400 work_thread.hpp:91]  [T-Work-Detect_0] Push to split queue:recog
I1014 15:43:38.307265  9402 work_thread.hpp:81]  [T-Work-Recog_1] Run work: WorkCapture
I1014 15:43:38.307271  9403 thread_intergrate.hpp:78] [T-Intergrate-intergrate] queue: frame output frame :211
I1014 15:43:38.307299  9403 thread_intergrate.hpp:85] [T-Intergrate-intergrate] queue: compare output face:0
I1014 15:43:38.307318  9403 thread_intergrate.hpp:144] T-Intergrate-intergrate set matched face: 0
I1014 15:43:38.307849  9402 work_thread.hpp:81]  [T-Work-Recog_1] Run work: WorkRecog
I1014 15:43:38.307873  9402 work_recog.hpp:89] Face id: 0 will run recog: bbox [184 x 231 from (219, 129)] quality: 0.460429
I1014 15:43:38.307901  9402 work_recog.hpp:96] Recog pair: [264 x 280 from (176, 80)], [184 x 231 from (43, 49)]
I1014 15:43:38.309053  9403 thread_intergrate.hpp:188] T-Intergrate-intergrate Show face :0, size :640 * 360
I1014 15:43:38.309594  9399 demo_inner.hpp:435] thread [SORT-0]  frame id 211 sorting queue size 0   FPS: 37.9071
I1014 15:43:38.325632  9402 work_thread.hpp:81]  [T-Work-Recog_1] Run work: WorkCompare
I1014 15:43:38.326100  9402 work_compare.cpp:76] Compare face: 0 successed, similarity :0.998033, name : images/ThangLMb.jpg, normal size : 1548 * 1719!
I1014 15:43:38.330606  9397 demo_inner.hpp:177] decode queue size 0
I1014 15:43:38.330700  9400 work_thread.hpp:81]  [T-Work-Detect_0] Run work: WorkDetect
I1014 15:43:38.330735  9400 work_detect.cpp:102] Succeeded to add det start for frame 212
I1014 15:43:38.337529  9400 work_detect.cpp:70] Frame :212 detect result :1 face(s)
W1014 15:43:38.337579  9400 work_detect.cpp:83] Invalid bbox: [178 x 220 from (217, 153)]
I1014 15:43:38.337702  9400 work_detect.cpp:120] Succeeded to add det end for frame 212
I1014 15:43:38.337719  9400 work_thread.hpp:81]  [T-Work-Detect_0] Run work: WrokTrack
I1014 15:43:38.337747  9400 work_track.cpp:102] Succeeded to set track lock for frame 212
I1014 15:43:38.337779  9400 work_track.cpp:116] Succeeded to release track lock for frame 212
I1014 15:43:38.337793  9400 work_track.cpp:120] Track results of frame 212: 0 objects input, 1 objects tracked!
I1014 15:43:38.337810  9400 work_track.cpp:148] Frame: 212, track bbox: [184 x 231 from (222.681, 128.51)], gid: 0, lid: -1
I1014 15:43:38.337862  9400 work_thread.hpp:87]  [T-Work-Detect_0] Frame :212 split
I1014 15:43:38.337908  9403 thread_intergrate.hpp:78] [T-Intergrate-intergrate] queue: frame output frame :212
I1014 15:43:38.337934  9403 thread_intergrate.hpp:85] [T-Intergrate-intergrate] queue: compare output face:0
I1014 15:43:38.337952  9403 thread_intergrate.hpp:144] T-Intergrate-intergrate set matched face: 0
I1014 15:43:38.339520  9403 thread_intergrate.hpp:188] T-Intergrate-intergrate Show face :0, size :640 * 360
I1014 15:43:38.340199  9399 demo_inner.hpp:435] thread [SORT-0]  frame id 212 sorting queue size 1   FPS: 37.8151
I1014 15:43:38.365703  9397 demo_inner.hpp:177] decode queue size 0
I1014 15:43:38.365801  9400 work_thread.hpp:81]  [T-Work-Detect_0] Run work: WorkDetect
I1014 15:43:38.365833  9400 work_detect.cpp:102] Succeeded to add det start for frame 213
I1014 15:43:38.372575  9400 work_detect.cpp:70] Frame :213 detect result :1 face(s)
I1014 15:43:38.372627  9400 work_detect.cpp:86] Detected bbox: [183 x 229 from (215, 127)]
I1014 15:43:38.372665  9398 demo_inner.hpp:260]  gui queue size 1, state = running
I1014 15:43:38.372671  9400 work_detect.cpp:120] Succeeded to add det end for frame 213
I1014 15:43:38.372709  9400 work_thread.hpp:81]  [T-Work-Detect_0] Run work: WrokTrack
I1014 15:43:38.372730  9400 work_track.cpp:82] Frame: 213 build input_characts: [0.285937 x 0.636111 from (0.335938, 0.352778)], 1.00019, 0
I1014 15:43:38.372788  9400 work_track.cpp:102] Succeeded to set track lock for frame 213
I1014 15:43:38.372833  9400 work_track.cpp:116] Succeeded to release track lock for frame 213
I1014 15:43:38.372849  9400 work_track.cpp:120] Track results of frame 213: 1 objects input, 1 objects tracked!
I1014 15:43:38.372867  9400 work_track.cpp:148] Frame: 213, track bbox: [183 x 229 from (218.316, 128.27)], gid: 0, lid: 0
I1014 15:43:38.372905  9400 work_thread.hpp:87]  [T-Work-Detect_0] Frame :213 split
I1014 15:43:38.372923  9400 work_thread.hpp:120]  [T-Work-Detect_0] Valid piece: gid = 0
I1014 15:43:38.372942  9400 work_thread.hpp:91]  [T-Work-Detect_0] Push to split queue:recog
I1014 15:43:38.372985  9402 work_thread.hpp:81]  [T-Work-Recog_1] Run work: WorkCapture
I1014 15:43:38.372995  9403 thread_intergrate.hpp:78] [T-Intergrate-intergrate] queue: frame output frame :213
I1014 15:43:38.373564  9402 work_thread.hpp:81]  [T-Work-Recog_1] Run work: WorkRecog
I1014 15:43:38.373589  9402 work_recog.hpp:89] Face id: 0 will run recog: bbox [183 x 229 from (215, 127)] quality: 0.46718
I1014 15:43:38.373618  9402 work_recog.hpp:96] Recog pair: [264 x 280 from (176, 80)], [183 x 229 from (39, 47)]
I1014 15:43:38.374148  9403 thread_intergrate.hpp:188] T-Intergrate-intergrate Show face :0, size :640 * 360
I1014 15:43:38.374761  9399 demo_inner.hpp:435] thread [SORT-0]  frame id 213 sorting queue size 0   FPS: 37.6483
I1014 15:43:38.391603  9402 work_thread.hpp:81]  [T-Work-Recog_1] Run work: WorkCompare
I1014 15:43:38.392064  9402 work_compare.cpp:76] Compare face: 0 successed, similarity :0.998205, name : images/ThangLMb.jpg, normal size : 1548 * 1719!
I1014 15:43:38.396641  9397 demo_inner.hpp:177] decode queue size 0
I1014 15:43:38.396721  9400 work_thread.hpp:81]  [T-Work-Detect_0] Run work: WorkDetect
I1014 15:43:38.396752  9400 work_detect.cpp:102] Succeeded to add det start for frame 214
I1014 15:43:38.403520  9400 work_detect.cpp:70] Frame :214 detect result :1 face(s)
W1014 15:43:38.403568  9400 work_detect.cpp:83] Invalid bbox: [181 x 222 from (232, 151)]
I1014 15:43:38.403688  9400 work_detect.cpp:120] Succeeded to add det end for frame 214
I1014 15:43:38.403707  9400 work_thread.hpp:81]  [T-Work-Detect_0] Run work: WrokTrack
I1014 15:43:38.403734  9400 work_track.cpp:102] Succeeded to set track lock for frame 214
I1014 15:43:38.403766  9400 work_track.cpp:116] Succeeded to release track lock for frame 214
I1014 15:43:38.403781  9400 work_track.cpp:120] Track results of frame 214: 0 objects input, 1 objects tracked!
I1014 15:43:38.403800  9400 work_track.cpp:148] Frame: 214, track bbox: [183 x 229 from (217.583, 128.252)], gid: 0, lid: -1
I1014 15:43:38.403851  9400 work_thread.hpp:87]  [T-Work-Detect_0] Frame :214 split
I1014 15:43:38.403899  9403 thread_intergrate.hpp:78] [T-Intergrate-intergrate] queue: frame output frame :214
I1014 15:43:38.403928  9403 thread_intergrate.hpp:85] [T-Intergrate-intergrate] queue: compare output face:0
I1014 15:43:38.403946  9403 thread_intergrate.hpp:144] T-Intergrate-intergrate set matched face: 0
I1014 15:43:38.405539  9403 thread_intergrate.hpp:188] T-Intergrate-intergrate Show face :0, size :640 * 360
I1014 15:43:38.406112  9399 demo_inner.hpp:435] thread [SORT-0]  frame id 214 sorting queue size 1   FPS: 37.5634
I1014 15:43:38.431744  9397 demo_inner.hpp:177] decode queue size 0
I1014 15:43:38.431854  9400 work_thread.hpp:81]  [T-Work-Detect_0] Run work: WorkDetect
I1014 15:43:38.431891  9400 work_detect.cpp:102] Succeeded to add det start for frame 215
I1014 15:43:38.438666  9400 work_detect.cpp:70] Frame :215 detect result :1 face(s)
W1014 15:43:38.438715  9400 work_detect.cpp:83] Invalid bbox: [179 x 218 from (220, 153)]
I1014 15:43:38.438817  9400 work_detect.cpp:120] Succeeded to add det end for frame 215
I1014 15:43:38.438835  9400 work_thread.hpp:81]  [T-Work-Detect_0] Run work: WrokTrack
I1014 15:43:38.438864  9400 work_track.cpp:102] Succeeded to set track lock for frame 215
I1014 15:43:38.438899  9400 work_track.cpp:116] Succeeded to release track lock for frame 215
I1014 15:43:38.438913  9400 work_track.cpp:120] Track results of frame 215: 0 objects input, 0 objects tracked!
I1014 15:43:38.438932  9400 work_thread.hpp:87]  [T-Work-Detect_0] Frame :215 split
I1014 15:43:38.438980  9403 thread_intergrate.hpp:78] [T-Intergrate-intergrate] queue: frame output frame :215
I1014 15:43:38.440070  9403 thread_intergrate.hpp:188] T-Intergrate-intergrate Show face :0, size :640 * 360
I1014 15:43:38.440730  9399 demo_inner.hpp:435] thread [SORT-0]  frame id 215 sorting queue size 2   FPS: 37.4251
I1014 15:43:38.467900  9398 demo_inner.hpp:260]  gui queue size 2, state = running
I1014 15:43:38.468216  9397 demo_inner.hpp:177] decode queue size 0
I1014 15:43:38.468333  9400 work_thread.hpp:81]  [T-Work-Detect_0] Run work: WorkDetect
I1014 15:43:38.468375  9400 work_detect.cpp:102] Succeeded to add det start for frame 216
I1014 15:43:38.475080  9400 work_detect.cpp:70] Frame :216 detect result :2 face(s)
W1014 15:43:38.475131  9400 work_detect.cpp:83] Invalid bbox: [180 x 222 from (216, 151)]
I1014 15:43:38.475239  9400 work_detect.cpp:86] Detected bbox: [96 x 108 from (272, 231)]
I1014 15:43:38.475284  9400 work_detect.cpp:120] Succeeded to add det end for frame 216
I1014 15:43:38.475347  9400 work_thread.hpp:81]  [T-Work-Detect_0] Run work: WrokTrack
I1014 15:43:38.475373  9400 work_track.cpp:82] Frame: 216 build input_characts: [0.15 x 0.3 from (0.425, 0.641667)], 0.927049, 0
I1014 15:43:38.475428  9400 work_track.cpp:102] Succeeded to set track lock for frame 216
I1014 15:43:38.475472  9400 work_track.cpp:116] Succeeded to release track lock for frame 216
I1014 15:43:38.475487  9400 work_track.cpp:120] Track results of frame 216: 1 objects input, 0 objects tracked!
I1014 15:43:38.475505  9400 work_track.cpp:162] Frame: 216 lid: 1 not tracked, will set invalid
I1014 15:43:38.475520  9400 work_thread.hpp:87]  [T-Work-Detect_0] Frame :216 split
I1014 15:43:38.475536  9400 work_thread.hpp:126]  [T-Work-Detect_0] Invalid piece: lid = 1, drop it
I1014 15:43:38.475584  9403 thread_intergrate.hpp:78] [T-Intergrate-intergrate] queue: frame output frame :216
I1014 15:43:38.476676  9403 thread_intergrate.hpp:188] T-Intergrate-intergrate Show face :0, size :640 * 360
I1014 15:43:38.477310  9399 demo_inner.hpp:435] thread [SORT-0]  frame id 216 sorting queue size 0   FPS: 36.7647
I1014 15:43:38.497910  9397 demo_inner.hpp:177] decode queue size 0
I1014 15:43:38.498003  9400 work_thread.hpp:81]  [T-Work-Detect_0] Run work: WorkDetect
I1014 15:43:38.498036  9400 work_detect.cpp:102] Succeeded to add det start for frame 217
I1014 15:43:38.504809  9400 work_detect.cpp:70] Frame :217 detect result :1 face(s)
I1014 15:43:38.504855  9400 work_detect.cpp:86] Detected bbox: [184 x 229 from (218, 129)]
I1014 15:43:38.504899  9400 work_detect.cpp:120] Succeeded to add det end for frame 217
I1014 15:43:38.504914  9400 work_thread.hpp:81]  [T-Work-Detect_0] Run work: WrokTrack
I1014 15:43:38.504937  9400 work_track.cpp:82] Frame: 217 build input_characts: [0.2875 x 0.636111 from (0.340625, 0.358333)], 1.00035, 0
I1014 15:43:38.504993  9400 work_track.cpp:102] Succeeded to set track lock for frame 217
I1014 15:43:38.505031  9400 work_track.cpp:116] Succeeded to release track lock for frame 217
I1014 15:43:38.505046  9400 work_track.cpp:120] Track results of frame 217: 1 objects input, 0 objects tracked!
I1014 15:43:38.505064  9400 work_track.cpp:162] Frame: 217 lid: 0 not tracked, will set invalid
I1014 15:43:38.505079  9400 work_thread.hpp:87]  [T-Work-Detect_0] Frame :217 split
I1014 15:43:38.505096  9400 work_thread.hpp:126]  [T-Work-Detect_0] Invalid piece: lid = 0, drop it
I1014 15:43:38.505143  9403 thread_intergrate.hpp:78] [T-Intergrate-intergrate] queue: frame output frame :217
I1014 15:43:38.506243  9403 thread_intergrate.hpp:188] T-Intergrate-intergrate Show face :0, size :640 * 360
I1014 15:43:38.507007  9399 demo_inner.hpp:435] thread [SORT-0]  frame id 217 sorting queue size 1   FPS: 36.2319
I1014 15:43:38.533696  9397 demo_inner.hpp:177] decode queue size 0
I1014 15:43:38.533799  9400 work_thread.hpp:81]  [T-Work-Detect_0] Run work: WorkDetect
I1014 15:43:38.533840  9400 work_detect.cpp:102] Succeeded to add det start for frame 218
I1014 15:43:38.534225  9398 demo_inner.hpp:260]  gui queue size 1, state = running
I1014 15:43:38.541034  9400 work_detect.cpp:70] Frame :218 detect result :2 face(s)
I1014 15:43:38.541086  9400 work_detect.cpp:86] Detected bbox: [181 x 225 from (216, 133)]
I1014 15:43:38.541121  9400 work_detect.cpp:86] Detected bbox: [99 x 116 from (271, 225)]
I1014 15:43:38.541152  9400 work_detect.cpp:120] Succeeded to add det end for frame 218
I1014 15:43:38.541169  9400 work_thread.hpp:81]  [T-Work-Detect_0] Run work: WrokTrack
I1014 15:43:38.541194  9400 work_track.cpp:82] Frame: 218 build input_characts: [0.282813 x 0.625 from (0.3375, 0.369444)], 1.00035, 0
I1014 15:43:38.541247  9400 work_track.cpp:82] Frame: 218 build input_characts: [0.154687 x 0.322222 from (0.423438, 0.625)], 0.909375, 1
I1014 15:43:38.541281  9400 work_track.cpp:102] Succeeded to set track lock for frame 218
I1014 15:43:38.541326  9400 work_track.cpp:116] Succeeded to release track lock for frame 218
I1014 15:43:38.541340  9400 work_track.cpp:120] Track results of frame 218: 2 objects input, 0 objects tracked!
I1014 15:43:38.541431  9400 work_track.cpp:162] Frame: 218 lid: 0 not tracked, will set invalid
I1014 15:43:38.541447  9400 work_track.cpp:162] Frame: 218 lid: 1 not tracked, will set invalid
I1014 15:43:38.541462  9400 work_thread.hpp:87]  [T-Work-Detect_0] Frame :218 split
I1014 15:43:38.541479  9400 work_thread.hpp:126]  [T-Work-Detect_0] Invalid piece: lid = 0, drop it
I1014 15:43:38.541493  9400 work_thread.hpp:126]  [T-Work-Detect_0] Invalid piece: lid = 1, drop it
I1014 15:43:38.541541  9403 thread_intergrate.hpp:78] [T-Intergrate-intergrate] queue: frame output frame :218
I1014 15:43:38.542634  9403 thread_intergrate.hpp:188] T-Intergrate-intergrate Show face :0, size :640 * 360
I1014 15:43:38.543179  9399 demo_inner.hpp:435] thread [SORT-0]  frame id 218 sorting queue size 0   FPS: 35.6125
I1014 15:43:38.563776  9397 demo_inner.hpp:177] decode queue size 0
I1014 15:43:38.563877  9400 work_thread.hpp:81]  [T-Work-Detect_0] Run work: WorkDetect
I1014 15:43:38.563915  9400 work_detect.cpp:102] Succeeded to add det start for frame 219
I1014 15:43:38.570772  9400 work_detect.cpp:70] Frame :219 detect result :2 face(s)
W1014 15:43:38.570817  9400 work_detect.cpp:83] Invalid bbox: [181 x 224 from (215, 151)]
I1014 15:43:38.570905  9400 work_detect.cpp:86] Detected bbox: [100 x 114 from (270, 227)]
I1014 15:43:38.570950  9400 work_detect.cpp:120] Succeeded to add det end for frame 219
I1014 15:43:38.570967  9400 work_thread.hpp:81]  [T-Work-Detect_0] Run work: WrokTrack
I1014 15:43:38.570992  9400 work_track.cpp:82] Frame: 219 build input_characts: [0.15625 x 0.316667 from (0.421875, 0.630556)], 0.927049, 0
I1014 15:43:38.571048  9400 work_track.cpp:102] Succeeded to set track lock for frame 219
I1014 15:43:38.571089  9400 work_track.cpp:116] Succeeded to release track lock for frame 219
I1014 15:43:38.571102  9400 work_track.cpp:120] Track results of frame 219: 1 objects input, 0 objects tracked!
I1014 15:43:38.571120  9400 work_track.cpp:162] Frame: 219 lid: 1 not tracked, will set invalid
I1014 15:43:38.571135  9400 work_thread.hpp:87]  [T-Work-Detect_0] Frame :219 split
I1014 15:43:38.571152  9400 work_thread.hpp:126]  [T-Work-Detect_0] Invalid piece: lid = 1, drop it
I1014 15:43:38.571202  9403 thread_intergrate.hpp:78] [T-Intergrate-intergrate] queue: frame output frame :219
I1014 15:43:38.572293  9403 thread_intergrate.hpp:188] T-Intergrate-intergrate Show face :0, size :640 * 360
I1014 15:43:38.573107  9399 demo_inner.hpp:435] thread [SORT-0]  frame id 219 sorting queue size 1   FPS: 35.1288
I1014 15:43:38.599681  9397 demo_inner.hpp:177] decode queue size 0
I1014 15:43:38.599795  9400 work_thread.hpp:81]  [T-Work-Detect_0] Run work: WorkDetect
I1014 15:43:38.599833  9400 work_detect.cpp:102] Succeeded to add det start for frame 220
I1014 15:43:38.603772  9398 demo_inner.hpp:260]  gui queue size 1, state = running
I1014 15:43:38.606770  9400 work_detect.cpp:70] Frame :220 detect result :1 face(s)
I1014 15:43:38.606837  9400 work_detect.cpp:86] Detected bbox: [182 x 224 from (215, 133)]
I1014 15:43:38.606886  9400 work_detect.cpp:120] Succeeded to add det end for frame 220
I1014 15:43:38.606902  9400 work_thread.hpp:81]  [T-Work-Detect_0] Run work: WrokTrack
I1014 15:43:38.606930  9400 work_track.cpp:82] Frame: 220 build input_characts: [0.284375 x 0.622222 from (0.335938, 0.369444)], 1.00035, 0
I1014 15:43:38.606992  9400 work_track.cpp:102] Succeeded to set track lock for frame 220
I1014 15:43:38.607040  9400 work_track.cpp:116] Succeeded to release track lock for frame 220
I1014 15:43:38.607054  9400 work_track.cpp:120] Track results of frame 220: 1 objects input, 0 objects tracked!
I1014 15:43:38.607072  9400 work_track.cpp:162] Frame: 220 lid: 0 not tracked, will set invalid
I1014 15:43:38.607089  9400 work_thread.hpp:87]  [T-Work-Detect_0] Frame :220 split
I1014 15:43:38.607105  9400 work_thread.hpp:126]  [T-Work-Detect_0] Invalid piece: lid = 0, drop it
I1014 15:43:38.607164  9403 thread_intergrate.hpp:78] [T-Intergrate-intergrate] queue: frame output frame :220
I1014 15:43:38.608537  9403 thread_intergrate.hpp:188] T-Intergrate-intergrate Show face :0, size :640 * 360
I1014 15:43:38.609125  9399 demo_inner.hpp:435] thread [SORT-0]  frame id 220 sorting queue size 0   FPS: 34.5463
I1014 15:43:38.629801  9397 demo_inner.hpp:177] decode queue size 0
I1014 15:43:38.629904  9400 work_thread.hpp:81]  [T-Work-Detect_0] Run work: WorkDetect
I1014 15:43:38.629941  9400 work_detect.cpp:102] Succeeded to add det start for frame 221
I1014 15:43:38.636907  9400 work_detect.cpp:70] Frame :221 detect result :1 face(s)
I1014 15:43:38.636958  9400 work_detect.cpp:86] Detected bbox: [185 x 229 from (217, 131)]
I1014 15:43:38.637001  9400 work_detect.cpp:120] Succeeded to add det end for frame 221
I1014 15:43:38.637017  9400 work_thread.hpp:81]  [T-Work-Detect_0] Run work: WrokTrack
I1014 15:43:38.637042  9400 work_track.cpp:82] Frame: 221 build input_characts: [0.289062 x 0.636111 from (0.339063, 0.363889)], 1.00019, 0
I1014 15:43:38.637096  9400 work_track.cpp:102] Succeeded to set track lock for frame 221
I1014 15:43:38.637138  9400 work_track.cpp:116] Succeeded to release track lock for frame 221
I1014 15:43:38.637153  9400 work_track.cpp:120] Track results of frame 221: 1 objects input, 0 objects tracked!
I1014 15:43:38.637171  9400 work_track.cpp:162] Frame: 221 lid: 0 not tracked, will set invalid
I1014 15:43:38.637185  9400 work_thread.hpp:87]  [T-Work-Detect_0] Frame :221 split
I1014 15:43:38.637202  9400 work_thread.hpp:126]  [T-Work-Detect_0] Invalid piece: lid = 0, drop it
I1014 15:43:38.637246  9403 thread_intergrate.hpp:78] [T-Intergrate-intergrate] queue: frame output frame :221
I1014 15:43:38.638334  9403 thread_intergrate.hpp:188] T-Intergrate-intergrate Show face :0, size :640 * 360
I1014 15:43:38.639045  9399 demo_inner.hpp:435] thread [SORT-0]  frame id 221 sorting queue size 1   FPS: 34.0909
I1014 15:43:38.665746  9397 demo_inner.hpp:177] decode queue size 0
I1014 15:43:38.665841  9400 work_thread.hpp:81]  [T-Work-Detect_0] Run work: WorkDetect
I1014 15:43:38.665874  9400 work_detect.cpp:102] Succeeded to add det start for frame 222
I1014 15:43:38.672684  9400 work_detect.cpp:70] Frame :222 detect result :1 face(s)
I1014 15:43:38.672729  9400 work_detect.cpp:86] Detected bbox: [185 x 228 from (214, 132)]
I1014 15:43:38.672771  9400 work_detect.cpp:120] Succeeded to add det end for frame 222
I1014 15:43:38.672787  9400 work_thread.hpp:81]  [T-Work-Detect_0] Run work: WrokTrack
I1014 15:43:38.672811  9400 work_track.cpp:82] Frame: 222 build input_characts: [0.289062 x 0.633333 from (0.334375, 0.366667)], 1.00035, 0
I1014 15:43:38.672866  9400 work_track.cpp:102] Succeeded to set track lock for frame 222
I1014 15:43:38.672909  9400 work_track.cpp:116] Succeeded to release track lock for frame 222
I1014 15:43:38.672922  9400 work_track.cpp:120] Track results of frame 222: 1 objects input, 1 objects tracked!
I1014 15:43:38.672940  9400 work_track.cpp:148] Frame: 222, track bbox: [185 x 228 from (214.489, 131.966)], gid: 3, lid: 0
I1014 15:43:38.672976  9400 work_thread.hpp:87]  [T-Work-Detect_0] Frame :222 split
I1014 15:43:38.672993  9400 work_thread.hpp:120]  [T-Work-Detect_0] Valid piece: gid = 3
I1014 15:43:38.673012  9400 work_thread.hpp:91]  [T-Work-Detect_0] Push to split queue:recog
I1014 15:43:38.673058  9403 thread_intergrate.hpp:78] [T-Intergrate-intergrate] queue: frame output frame :222
I1014 15:43:38.673059  9402 work_thread.hpp:81]  [T-Work-Recog_1] Run work: WorkCapture
I1014 15:43:38.673626  9402 work_thread.hpp:81]  [T-Work-Recog_1] Run work: WorkRecog
I1014 15:43:38.673650  9402 work_recog.hpp:89] Face id: 3 will run recog: bbox [185 x 228 from (214, 132)] quality: 0.473113
I1014 15:43:38.673677  9402 work_recog.hpp:96] Recog pair: [264 x 280 from (176, 80)], [185 x 228 from (38, 52)]
I1014 15:43:38.674193  9403 thread_intergrate.hpp:188] T-Intergrate-intergrate Show face :0, size :640 * 360
I1014 15:43:38.674739  9399 demo_inner.hpp:435] thread [SORT-0]  frame id 222 sorting queue size 2   FPS: 33.557
I1014 15:43:38.679755  9398 demo_inner.hpp:260]  gui queue size 2, state = running
I1014 15:43:38.691223  9402 work_thread.hpp:81]  [T-Work-Recog_1] Run work: WorkCompare
I1014 15:43:38.691686  9402 work_compare.cpp:76] Compare face: 3 successed, similarity :0.998184, name : images/ThangLMb.jpg, normal size : 1548 * 1719!
I1014 15:43:38.701644  9397 demo_inner.hpp:177] decode queue size 0
I1014 15:43:38.701746  9400 work_thread.hpp:81]  [T-Work-Detect_0] Run work: WorkDetect
I1014 15:43:38.701779  9400 work_detect.cpp:102] Succeeded to add det start for frame 223
I1014 15:43:38.708523  9400 work_detect.cpp:70] Frame :223 detect result :1 face(s)
W1014 15:43:38.708562  9400 work_detect.cpp:83] Invalid bbox: [194 x 235 from (212, 128)]
I1014 15:43:38.708684  9400 work_detect.cpp:120] Succeeded to add det end for frame 223
I1014 15:43:38.708701  9400 work_thread.hpp:81]  [T-Work-Detect_0] Run work: WrokTrack
I1014 15:43:38.708729  9400 work_track.cpp:102] Succeeded to set track lock for frame 223
I1014 15:43:38.708761  9400 work_track.cpp:116] Succeeded to release track lock for frame 223
I1014 15:43:38.708775  9400 work_track.cpp:120] Track results of frame 223: 0 objects input, 1 objects tracked!
I1014 15:43:38.708792  9400 work_track.cpp:148] Frame: 223, track bbox: [185 x 227.674 from (214.192, 132.326)], gid: 3, lid: -1
I1014 15:43:38.708843  9400 work_thread.hpp:87]  [T-Work-Detect_0] Frame :223 split
I1014 15:43:38.708889  9403 thread_intergrate.hpp:78] [T-Intergrate-intergrate] queue: frame output frame :223
I1014 15:43:38.708918  9403 thread_intergrate.hpp:85] [T-Intergrate-intergrate] queue: compare output face:3
I1014 15:43:38.708937  9403 thread_intergrate.hpp:144] T-Intergrate-intergrate set matched face: 3
I1014 15:43:38.710361  9403 thread_intergrate.hpp:188] T-Intergrate-intergrate Show face :3, size :640 * 360
I1014 15:43:38.711028  9399 demo_inner.hpp:435] thread [SORT-0]  frame id 223 sorting queue size 0   FPS: 33.0542
I1014 15:43:38.731671  9397 demo_inner.hpp:177] decode queue size 0
I1014 15:43:38.731784  9400 work_thread.hpp:81]  [T-Work-Detect_0] Run work: WorkDetect
I1014 15:43:38.731822  9400 work_detect.cpp:102] Succeeded to add det start for frame 224
I1014 15:43:38.738641  9400 work_detect.cpp:70] Frame :224 detect result :2 face(s)
I1014 15:43:38.738687  9400 work_detect.cpp:86] Detected bbox: [190 x 233 from (216, 126)]
I1014 15:43:38.738719  9400 work_detect.cpp:86] Detected bbox: [103 x 116 from (269, 228)]
I1014 15:43:38.738752  9400 work_detect.cpp:120] Succeeded to add det end for frame 224
I1014 15:43:38.738768  9400 work_thread.hpp:81]  [T-Work-Detect_0] Run work: WrokTrack
I1014 15:43:38.738792  9400 work_track.cpp:82] Frame: 224 build input_characts: [0.296875 x 0.647222 from (0.3375, 0.35)], 1.00035, 0
I1014 15:43:38.738844  9400 work_track.cpp:82] Frame: 224 build input_characts: [0.160938 x 0.322222 from (0.420312, 0.633333)], 0.909375, 1
I1014 15:43:38.738879  9400 work_track.cpp:102] Succeeded to set track lock for frame 224
I1014 15:43:38.738925  9400 work_track.cpp:116] Succeeded to release track lock for frame 224
I1014 15:43:38.738940  9400 work_track.cpp:120] Track results of frame 224: 2 objects input, 1 objects tracked!
I1014 15:43:38.738958  9400 work_track.cpp:148] Frame: 224, track bbox: [190 x 232.199 from (214.02, 127.801)], gid: 3, lid: 0
I1014 15:43:38.738993  9400 work_track.cpp:162] Frame: 224 lid: 1 not tracked, will set invalid
I1014 15:43:38.739009  9400 work_thread.hpp:87]  [T-Work-Detect_0] Frame :224 split
I1014 15:43:38.739027  9400 work_thread.hpp:120]  [T-Work-Detect_0] Valid piece: gid = 3
I1014 15:43:38.739043  9400 work_thread.hpp:126]  [T-Work-Detect_0] Invalid piece: lid = 1, drop it
I1014 15:43:38.739058  9400 work_thread.hpp:91]  [T-Work-Detect_0] Push to split queue:recog
I1014 15:43:38.739100  9402 work_thread.hpp:81]  [T-Work-Recog_1] Run work: WorkCapture
I1014 15:43:38.739107  9403 thread_intergrate.hpp:78] [T-Intergrate-intergrate] queue: frame output frame :224
I1014 15:43:38.739645  9402 work_thread.hpp:81]  [T-Work-Recog_1] Run work: WorkRecog
I1014 15:43:38.739667  9402 work_recog.hpp:89] Face id: 3 will run recog: bbox [190 x 233 from (216, 126)] quality: 0.456042
I1014 15:43:38.739764  9402 work_recog.hpp:96] Recog pair: [272 x 280 from (176, 80)], [190 x 233 from (40, 46)]
I1014 15:43:38.740248  9403 thread_intergrate.hpp:188] T-Intergrate-intergrate Show face :3, size :640 * 360
I1014 15:43:38.740994  9399 demo_inner.hpp:435] thread [SORT-0]  frame id 224 sorting queue size 1   FPS: 32.6513
I1014 15:43:38.757148  9402 work_thread.hpp:81]  [T-Work-Recog_1] Run work: WorkCompare
I1014 15:43:38.757609  9402 work_compare.cpp:76] Compare face: 3 successed, similarity :0.997558, name : images/ThangLMb.jpg, normal size : 1548 * 1719!
I1014 15:43:38.757772  9398 demo_inner.hpp:260]  gui queue size 1, state = running
I1014 15:43:38.767858  9397 demo_inner.hpp:177] decode queue size 0
I1014 15:43:38.767958  9400 work_thread.hpp:81]  [T-Work-Detect_0] Run work: WorkDetect
I1014 15:43:38.767993  9400 work_detect.cpp:102] Succeeded to add det start for frame 225
I1014 15:43:38.774830  9400 work_detect.cpp:70] Frame :225 detect result :2 face(s)
I1014 15:43:38.774883  9400 work_detect.cpp:86] Detected bbox: [191 x 229 from (226, 127)]
I1014 15:43:38.774915  9400 work_detect.cpp:86] Detected bbox: [103 x 116 from (269, 228)]
I1014 15:43:38.774948  9400 work_detect.cpp:120] Succeeded to add det end for frame 225
I1014 15:43:38.774965  9400 work_thread.hpp:81]  [T-Work-Detect_0] Run work: WrokTrack
I1014 15:43:38.774989  9400 work_track.cpp:82] Frame: 225 build input_characts: [0.298438 x 0.636111 from (0.353125, 0.352778)], 1.00035, 0
I1014 15:43:38.775041  9400 work_track.cpp:82] Frame: 225 build input_characts: [0.160938 x 0.322222 from (0.420312, 0.633333)], 0.920305, 1
I1014 15:43:38.775076  9400 work_track.cpp:102] Succeeded to set track lock for frame 225
I1014 15:43:38.775125  9400 work_track.cpp:116] Succeeded to release track lock for frame 225
I1014 15:43:38.775140  9400 work_track.cpp:120] Track results of frame 225: 2 objects input, 1 objects tracked!
I1014 15:43:38.775157  9400 work_track.cpp:148] Frame: 225, track bbox: [191 x 229 from (220.601, 127.9)], gid: 3, lid: 0
I1014 15:43:38.775224  9400 work_track.cpp:162] Frame: 225 lid: 1 not tracked, will set invalid
I1014 15:43:38.775241  9400 work_thread.hpp:87]  [T-Work-Detect_0] Frame :225 split
I1014 15:43:38.775259  9400 work_thread.hpp:120]  [T-Work-Detect_0] Valid piece: gid = 3
I1014 15:43:38.775277  9400 work_thread.hpp:126]  [T-Work-Detect_0] Invalid piece: lid = 1, drop it
I1014 15:43:38.775292  9400 work_thread.hpp:91]  [T-Work-Detect_0] Push to split queue:recog
I1014 15:43:38.775333  9402 work_thread.hpp:81]  [T-Work-Recog_1] Run work: WorkCapture
I1014 15:43:38.775341  9403 thread_intergrate.hpp:78] [T-Intergrate-intergrate] queue: frame output frame :225
I1014 15:43:38.775370  9403 thread_intergrate.hpp:85] [T-Intergrate-intergrate] queue: compare output face:3
I1014 15:43:38.775388  9403 thread_intergrate.hpp:144] T-Intergrate-intergrate set matched face: 3
I1014 15:43:38.775918  9402 work_thread.hpp:81]  [T-Work-Recog_1] Run work: WorkRecog
I1014 15:43:38.775941  9402 work_recog.hpp:89] Face id: 3 will run recog: bbox [191 x 229 from (226, 127)] quality: 0.439146
I1014 15:43:38.775970  9402 work_recog.hpp:96] Recog pair: [272 x 280 from (184, 80)], [191 x 229 from (42, 47)]
I1014 15:43:38.777081  9403 thread_intergrate.hpp:188] T-Intergrate-intergrate Show face :3, size :640 * 360
I1014 15:43:38.777647  9399 demo_inner.hpp:435] thread [SORT-0]  frame id 225 sorting queue size 0   FPS: 32.175
I1014 15:43:38.793485  9402 work_thread.hpp:81]  [T-Work-Recog_1] Run work: WorkCompare
I1014 15:43:38.793948  9402 work_compare.cpp:76] Compare face: 3 successed, similarity :0.997858, name : images/ThangLMb.jpg, normal size : 1548 * 1719!
I1014 15:43:38.798645  9397 demo_inner.hpp:177] decode queue size 0
I1014 15:43:38.798734  9400 work_thread.hpp:81]  [T-Work-Detect_0] Run work: WorkDetect
I1014 15:43:38.798765  9400 work_detect.cpp:102] Succeeded to add det start for frame 226
I1014 15:43:38.805599  9400 work_detect.cpp:70] Frame :226 detect result :1 face(s)
W1014 15:43:38.805730  9400 work_detect.cpp:83] Invalid bbox: [190 x 228 from (230, 148)]
I1014 15:43:38.805801  9400 work_detect.cpp:120] Succeeded to add det end for frame 226
I1014 15:43:38.805819  9400 work_thread.hpp:81]  [T-Work-Detect_0] Run work: WrokTrack
I1014 15:43:38.805845  9400 work_track.cpp:102] Succeeded to set track lock for frame 226
I1014 15:43:38.805879  9400 work_track.cpp:116] Succeeded to release track lock for frame 226
I1014 15:43:38.805893  9400 work_track.cpp:120] Track results of frame 226: 0 objects input, 1 objects tracked!
I1014 15:43:38.805912  9400 work_track.cpp:148] Frame: 226, track bbox: [191 x 229 from (222.381, 127.32)], gid: 3, lid: -1
I1014 15:43:38.805963  9400 work_thread.hpp:87]  [T-Work-Detect_0] Frame :226 split
I1014 15:43:38.806012  9403 thread_intergrate.hpp:78] [T-Intergrate-intergrate] queue: frame output frame :226
I1014 15:43:38.806041  9403 thread_intergrate.hpp:85] [T-Intergrate-intergrate] queue: compare output face:3
I1014 15:43:38.806059  9403 thread_intergrate.hpp:144] T-Intergrate-intergrate set matched face: 3
I1014 15:43:38.807622  9403 thread_intergrate.hpp:188] T-Intergrate-intergrate Show face :3, size :640 * 360
I1014 15:43:38.808190  9399 demo_inner.hpp:435] thread [SORT-0]  frame id 226 sorting queue size 1   FPS: 31.7797
I1014 15:43:38.833642  9397 demo_inner.hpp:177] decode queue size 0
I1014 15:43:38.833752  9400 work_thread.hpp:81]  [T-Work-Detect_0] Run work: WorkDetect
I1014 15:43:38.833789  9400 work_detect.cpp:102] Succeeded to add det start for frame 227
I1014 15:43:38.836019  9398 demo_inner.hpp:260]  gui queue size 1, state = running
I1014 15:43:38.840826  9400 work_detect.cpp:70] Frame :227 detect result :2 face(s)
W1014 15:43:38.840883  9400 work_detect.cpp:83] Invalid bbox: [199 x 240 from (209, 123)]
I1014 15:43:38.840976  9400 work_detect.cpp:86] Detected bbox: [98 x 110 from (272, 232)]
I1014 15:43:38.841027  9400 work_detect.cpp:120] Succeeded to add det end for frame 227
I1014 15:43:38.841043  9400 work_thread.hpp:81]  [T-Work-Detect_0] Run work: WrokTrack
I1014 15:43:38.841068  9400 work_track.cpp:82] Frame: 227 build input_characts: [0.153125 x 0.305556 from (0.425, 0.644444)], 0.906173, 0
I1014 15:43:38.841123  9400 work_track.cpp:102] Succeeded to set track lock for frame 227
I1014 15:43:38.841166  9400 work_track.cpp:116] Succeeded to release track lock for frame 227
I1014 15:43:38.841181  9400 work_track.cpp:120] Track results of frame 227: 1 objects input, 0 objects tracked!
I1014 15:43:38.841199  9400 work_track.cpp:162] Frame: 227 lid: 1 not tracked, will set invalid
I1014 15:43:38.841214  9400 work_thread.hpp:87]  [T-Work-Detect_0] Frame :227 split
I1014 15:43:38.841231  9400 work_thread.hpp:126]  [T-Work-Detect_0] Invalid piece: lid = 1, drop it
I1014 15:43:38.841279  9403 thread_intergrate.hpp:78] [T-Intergrate-intergrate] queue: frame output frame :227
I1014 15:43:38.842368  9403 thread_intergrate.hpp:188] T-Intergrate-intergrate Show face :3, size :640 * 360
I1014 15:43:38.842993  9399 demo_inner.hpp:435] thread [SORT-0]  frame id 227 sorting queue size 0   FPS: 31.3414
I1014 15:43:38.863756  9397 demo_inner.hpp:177] decode queue size 0
I1014 15:43:38.863858  9400 work_thread.hpp:81]  [T-Work-Detect_0] Run work: WorkDetect
I1014 15:43:38.863891  9400 work_detect.cpp:102] Succeeded to add det start for frame 228
I1014 15:43:38.870752  9400 work_detect.cpp:70] Frame :228 detect result :2 face(s)
W1014 15:43:38.870800  9400 work_detect.cpp:83] Invalid bbox: [193 x 235 from (207, 127)]
I1014 15:43:38.870884  9400 work_detect.cpp:86] Detected bbox: [103 x 118 from (270, 228)]
I1014 15:43:38.870927  9400 work_detect.cpp:120] Succeeded to add det end for frame 228
I1014 15:43:38.870944  9400 work_thread.hpp:81]  [T-Work-Detect_0] Run work: WrokTrack
I1014 15:43:38.870968  9400 work_track.cpp:82] Frame: 228 build input_characts: [0.160938 x 0.327778 from (0.421875, 0.633333)], 0.909375, 0
I1014 15:43:38.871022  9400 work_track.cpp:102] Succeeded to set track lock for frame 228
I1014 15:43:38.871065  9400 work_track.cpp:116] Succeeded to release track lock for frame 228
I1014 15:43:38.871124  9400 work_track.cpp:120] Track results of frame 228: 1 objects input, 0 objects tracked!
I1014 15:43:38.871143  9400 work_track.cpp:162] Frame: 228 lid: 1 not tracked, will set invalid
I1014 15:43:38.871158  9400 work_thread.hpp:87]  [T-Work-Detect_0] Frame :228 split
I1014 15:43:38.871176  9400 work_thread.hpp:126]  [T-Work-Detect_0] Invalid piece: lid = 1, drop it
I1014 15:43:38.871229  9403 thread_intergrate.hpp:78] [T-Intergrate-intergrate] queue: frame output frame :228
I1014 15:43:38.872323  9403 thread_intergrate.hpp:188] T-Intergrate-intergrate Show face :3, size :640 * 360
I1014 15:43:38.873087  9399 demo_inner.hpp:435] thread [SORT-0]  frame id 228 sorting queue size 1   FPS: 30.9789
I1014 15:43:38.899694  9397 demo_inner.hpp:177] decode queue size 0
I1014 15:43:38.899793  9400 work_thread.hpp:81]  [T-Work-Detect_0] Run work: WorkDetect
I1014 15:43:38.899825  9400 work_detect.cpp:102] Succeeded to add det start for frame 229
I1014 15:43:38.906646  9400 work_detect.cpp:70] Frame :229 detect result :1 face(s)
I1014 15:43:38.906690  9400 work_detect.cpp:86] Detected bbox: [194 x 231 from (210, 129)]
I1014 15:43:38.906733  9400 work_detect.cpp:120] Succeeded to add det end for frame 229
I1014 15:43:38.906750  9400 work_thread.hpp:81]  [T-Work-Detect_0] Run work: WrokTrack
I1014 15:43:38.906774  9400 work_track.cpp:82] Frame: 229 build input_characts: [0.303125 x 0.641667 from (0.328125, 0.358333)], 1.00019, 0
I1014 15:43:38.906829  9400 work_track.cpp:102] Succeeded to set track lock for frame 229
I1014 15:43:38.906868  9400 work_track.cpp:116] Succeeded to release track lock for frame 229
I1014 15:43:38.906883  9400 work_track.cpp:120] Track results of frame 229: 1 objects input, 0 objects tracked!
I1014 15:43:38.906900  9400 work_track.cpp:162] Frame: 229 lid: 0 not tracked, will set invalid
I1014 15:43:38.906915  9400 work_thread.hpp:87]  [T-Work-Detect_0] Frame :229 split
I1014 15:43:38.906931  9400 work_thread.hpp:126]  [T-Work-Detect_0] Invalid piece: lid = 0, drop it
I1014 15:43:38.906975  9403 thread_intergrate.hpp:78] [T-Intergrate-intergrate] queue: frame output frame :229
I1014 15:43:38.908067  9403 thread_intergrate.hpp:188] T-Intergrate-intergrate Show face :3, size :640 * 360
I1014 15:43:38.908835  9399 demo_inner.hpp:435] thread [SORT-0]  frame id 229 sorting queue size 2   FPS: 30.5499
I1014 15:43:38.925241  9398 demo_inner.hpp:260]  gui queue size 2, state = running
I1014 15:43:38.929917  9397 demo_inner.hpp:177] decode queue size 0
I1014 15:43:38.930014  9400 work_thread.hpp:81]  [T-Work-Detect_0] Run work: WorkDetect
I1014 15:43:38.930047  9400 work_detect.cpp:102] Succeeded to add det start for frame 230
I1014 15:43:38.936794  9400 work_detect.cpp:70] Frame :230 detect result :1 face(s)
W1014 15:43:38.936839  9400 work_detect.cpp:83] Invalid bbox: [183 x 210 from (233, 158)]
I1014 15:43:38.936962  9400 work_detect.cpp:120] Succeeded to add det end for frame 230
I1014 15:43:38.936980  9400 work_thread.hpp:81]  [T-Work-Detect_0] Run work: WrokTrack
I1014 15:43:38.937008  9400 work_track.cpp:102] Succeeded to set track lock for frame 230
I1014 15:43:38.937043  9400 work_track.cpp:116] Succeeded to release track lock for frame 230
I1014 15:43:38.937057  9400 work_track.cpp:120] Track results of frame 230: 0 objects input, 0 objects tracked!
I1014 15:43:38.937077  9400 work_thread.hpp:87]  [T-Work-Detect_0] Frame :230 split
I1014 15:43:38.937127  9403 thread_intergrate.hpp:78] [T-Intergrate-intergrate] queue: frame output frame :230
I1014 15:43:38.938220  9403 thread_intergrate.hpp:188] T-Intergrate-intergrate Show face :3, size :640 * 360
I1014 15:43:38.938946  9399 demo_inner.hpp:435] thread [SORT-0]  frame id 230 sorting queue size 0   FPS: 30.2054
I1014 15:43:38.965811  9397 demo_inner.hpp:177] decode queue size 0
I1014 15:43:38.965904  9400 work_thread.hpp:81]  [T-Work-Detect_0] Run work: WorkDetect
I1014 15:43:38.965937  9400 work_detect.cpp:102] Succeeded to add det start for frame 231
I1014 15:43:38.972808  9400 work_detect.cpp:70] Frame :231 detect result :1 face(s)
I1014 15:43:38.972926  9400 work_detect.cpp:86] Detected bbox: [196 x 237 from (210, 123)]
I1014 15:43:38.972972  9400 work_detect.cpp:120] Succeeded to add det end for frame 231
I1014 15:43:38.972988  9400 work_thread.hpp:81]  [T-Work-Detect_0] Run work: WrokTrack
I1014 15:43:38.973013  9400 work_track.cpp:82] Frame: 231 build input_characts: [0.30625 x 0.658333 from (0.328125, 0.341667)], 1.00019, 0
I1014 15:43:38.973067  9400 work_track.cpp:102] Succeeded to set track lock for frame 231
I1014 15:43:38.973107  9400 work_track.cpp:116] Succeeded to release track lock for frame 231
I1014 15:43:38.973122  9400 work_track.cpp:120] Track results of frame 231: 1 objects input, 0 objects tracked!
I1014 15:43:38.973140  9400 work_track.cpp:162] Frame: 231 lid: 0 not tracked, will set invalid
I1014 15:43:38.973155  9400 work_thread.hpp:87]  [T-Work-Detect_0] Frame :231 split
I1014 15:43:38.973171  9400 work_thread.hpp:126]  [T-Work-Detect_0] Invalid piece: lid = 0, drop it
I1014 15:43:38.973220  9403 thread_intergrate.hpp:78] [T-Intergrate-intergrate] queue: frame output frame :231
I1014 15:43:38.974313  9403 thread_intergrate.hpp:188] T-Intergrate-intergrate Show face :3, size :640 * 360
I1014 15:43:38.975050  9399 demo_inner.hpp:435] thread [SORT-0]  frame id 231 sorting queue size 1   FPS: 30.012
I1014 15:43:38.992101  9398 demo_inner.hpp:260]  gui queue size 1, state = running
I1014 15:43:39.001827  9397 demo_inner.hpp:177] decode queue size 0
I1014 15:43:39.001932  9400 work_thread.hpp:81]  [T-Work-Detect_0] Run work: WorkDetect
I1014 15:43:39.001965  9400 work_detect.cpp:102] Succeeded to add det start for frame 232
I1014 15:43:39.008774  9400 work_detect.cpp:70] Frame :232 detect result :1 face(s)
W1014 15:43:39.008818  9400 work_detect.cpp:83] Invalid bbox: [190 x 225 from (217, 148)]
I1014 15:43:39.008916  9400 work_detect.cpp:120] Succeeded to add det end for frame 232
I1014 15:43:39.008934  9400 work_thread.hpp:81]  [T-Work-Detect_0] Run work: WrokTrack
I1014 15:43:39.008962  9400 work_track.cpp:102] Succeeded to set track lock for frame 232
I1014 15:43:39.008993  9400 work_track.cpp:116] Succeeded to release track lock for frame 232
I1014 15:43:39.009007  9400 work_track.cpp:120] Track results of frame 232: 0 objects input, 0 objects tracked!
I1014 15:43:39.009027  9400 work_thread.hpp:87]  [T-Work-Detect_0] Frame :232 split
I1014 15:43:39.009073  9403 thread_intergrate.hpp:78] [T-Intergrate-intergrate] queue: frame output frame :232
I1014 15:43:39.010165  9403 thread_intergrate.hpp:188] T-Intergrate-intergrate Show face :3, size :640 * 360
I1014 15:43:39.010814  9399 demo_inner.hpp:435] thread [SORT-0]  frame id 232 sorting queue size 0   FPS: 29.9521
I1014 15:43:39.031769  9397 demo_inner.hpp:177] decode queue size 0
I1014 15:43:39.031867  9400 work_thread.hpp:81]  [T-Work-Detect_0] Run work: WorkDetect
I1014 15:43:39.031901  9400 work_detect.cpp:102] Succeeded to add det start for frame 233
I1014 15:43:39.038666  9400 work_detect.cpp:70] Frame :233 detect result :1 face(s)
W1014 15:43:39.038707  9400 work_detect.cpp:83] Invalid bbox: [203 x 244 from (210, 119)]
I1014 15:43:39.038802  9400 work_detect.cpp:120] Succeeded to add det end for frame 233
I1014 15:43:39.038820  9400 work_thread.hpp:81]  [T-Work-Detect_0] Run work: WrokTrack
I1014 15:43:39.038846  9400 work_track.cpp:102] Succeeded to set track lock for frame 233
I1014 15:43:39.038882  9400 work_track.cpp:116] Succeeded to release track lock for frame 233
I1014 15:43:39.038897  9400 work_track.cpp:120] Track results of frame 233: 0 objects input, 0 objects tracked!
I1014 15:43:39.038916  9400 work_thread.hpp:87]  [T-Work-Detect_0] Frame :233 split
I1014 15:43:39.038965  9403 thread_intergrate.hpp:78] [T-Intergrate-intergrate] queue: frame output frame :233
I1014 15:43:39.040055  9403 thread_intergrate.hpp:188] T-Intergrate-intergrate Show face :3, size :640 * 360
I1014 15:43:39.040748  9399 demo_inner.hpp:435] thread [SORT-0]  frame id 233 sorting queue size 1   FPS: 30.012
I1014 15:43:39.064538  9398 demo_inner.hpp:260]  gui queue size 1, state = running
I1014 15:43:39.067832  9397 demo_inner.hpp:177] decode queue size 0
I1014 15:43:39.067937  9400 work_thread.hpp:81]  [T-Work-Detect_0] Run work: WorkDetect
I1014 15:43:39.067973  9400 work_detect.cpp:102] Succeeded to add det start for frame 234
I1014 15:43:39.074764  9400 work_detect.cpp:70] Frame :234 detect result :1 face(s)
W1014 15:43:39.074810  9400 work_detect.cpp:83] Invalid bbox: [178 x 210 from (239, 155)]
I1014 15:43:39.074934  9400 work_detect.cpp:120] Succeeded to add det end for frame 234
I1014 15:43:39.074952  9400 work_thread.hpp:81]  [T-Work-Detect_0] Run work: WrokTrack
I1014 15:43:39.074980  9400 work_track.cpp:102] Succeeded to set track lock for frame 234
I1014 15:43:39.075006  9400 work_track.cpp:116] Succeeded to release track lock for frame 234
I1014 15:43:39.075021  9400 work_track.cpp:120] Track results of frame 234: 0 objects input, 0 objects tracked!
I1014 15:43:39.075039  9400 work_thread.hpp:87]  [T-Work-Detect_0] Frame :234 split
I1014 15:43:39.075088  9403 thread_intergrate.hpp:78] [T-Intergrate-intergrate] queue: frame output frame :234
I1014 15:43:39.076184  9403 thread_intergrate.hpp:188] T-Intergrate-intergrate Show face :3, size :640 * 360
I1014 15:43:39.076862  9399 demo_inner.hpp:435] thread [SORT-0]  frame id 234 sorting queue size 0   FPS: 29.9282
I1014 15:43:39.097777  9397 demo_inner.hpp:177] decode queue size 0
I1014 15:43:39.097875  9400 work_thread.hpp:81]  [T-Work-Detect_0] Run work: WorkDetect
I1014 15:43:39.097914  9400 work_detect.cpp:102] Succeeded to add det start for frame 235
I1014 15:43:39.104656  9400 work_detect.cpp:70] Frame :235 detect result :1 face(s)
W1014 15:43:39.104698  9400 work_detect.cpp:83] Invalid bbox: [175 x 208 from (241, 157)]
I1014 15:43:39.104794  9400 work_detect.cpp:120] Succeeded to add det end for frame 235
I1014 15:43:39.104811  9400 work_thread.hpp:81]  [T-Work-Detect_0] Run work: WrokTrack
I1014 15:43:39.104838  9400 work_track.cpp:102] Succeeded to set track lock for frame 235
I1014 15:43:39.104866  9400 work_track.cpp:116] Succeeded to release track lock for frame 235
I1014 15:43:39.104878  9400 work_track.cpp:120] Track results of frame 235: 0 objects input, 0 objects tracked!
I1014 15:43:39.104897  9400 work_thread.hpp:87]  [T-Work-Detect_0] Frame :235 split
I1014 15:43:39.104955  9403 thread_intergrate.hpp:78] [T-Intergrate-intergrate] queue: frame output frame :235
I1014 15:43:39.106048  9403 thread_intergrate.hpp:188] T-Intergrate-intergrate Show face :3, size :640 * 360
I1014 15:43:39.106760  9399 demo_inner.hpp:435] thread [SORT-0]  frame id 235 sorting queue size 1   FPS: 30
I1014 15:43:39.133730  9397 demo_inner.hpp:177] decode queue size 0
I1014 15:43:39.133836  9400 work_thread.hpp:81]  [T-Work-Detect_0] Run work: WorkDetect
