Log file created at: 2019/10/14 10:40:43
Running on machine: zcu104
Log line format: [IWEF]mmdd hh:mm:ss.uuuuuu threadid file:line] msg
I1014 10:40:43.196420  4105 feature_lib.cpp:107] Feature lib read name: images/thanglmb.jpg
I1014 10:40:43.197340  4105 feature_lib.cpp:129] Read lib face : images/thanglmb.jpg
I1014 10:40:43.197397  4105 feature_lib.cpp:143] Loading normal image: images/thanglmb.jpg...
I1014 10:40:43.205318  4105 feature_lib.cpp:148] Load normal image: images/thanglmb.jpg done size: 640 * 360
I1014 10:40:43.576400  4105 demo_inner.hpp:126] thread [DedodeThread-0] is starting
I1014 10:40:43.576565  4105 demo_inner.hpp:126] thread [GUIThread] is starting
I1014 10:40:43.576637  4107 demo_inner.hpp:101] thread [DedodeThread-0] is started
I1014 10:40:43.576680  4105 demo_inner.hpp:126] thread [SORT-0] is starting
I1014 10:40:43.576735  4108 demo_inner.hpp:101] thread [GUIThread] is started
I1014 10:40:43.576751  4105 demo_inner.hpp:126] thread [T-Work-Detect_0] is starting
I1014 10:40:43.576805  4109 demo_inner.hpp:101] thread [SORT-0] is started
I1014 10:40:43.576813  4105 demo_inner.hpp:126] thread [T-Work-Recog_0] is starting
I1014 10:40:43.576846  4110 demo_inner.hpp:101] thread [T-Work-Detect_0] is started
I1014 10:40:43.576880  4105 demo_inner.hpp:126] thread [T-Work-Recog_1] is starting
I1014 10:40:43.576932  4111 demo_inner.hpp:101] thread [T-Work-Recog_0] is started
I1014 10:40:43.576951  4105 demo_inner.hpp:126] thread [T-Intergrate-intergrate] is starting
I1014 10:40:43.576972  4112 demo_inner.hpp:101] thread [T-Work-Recog_1] is started
I1014 10:40:43.577010  4105 demo_inner.hpp:137] waiting for [GUIThread] ended
I1014 10:40:43.577042  4113 demo_inner.hpp:101] thread [T-Intergrate-intergrate] is started
I1014 10:40:44.280550  4107 demo_inner.hpp:177] decode queue size 0
I1014 10:40:44.280716  4110 work_thread.hpp:81]  [T-Work-Detect_0] Run work: WorkDetect
I1014 10:40:44.280779  4110 work_detect.cpp:102] Succeeded to add det start for frame 1
I1014 10:40:44.287887  4110 work_detect.cpp:70] Frame :1 detect result :1 face(s)
I1014 10:40:44.287930  4110 work_detect.cpp:86] Detected bbox: [163 x 219 from (250, 134)]
I1014 10:40:44.287973  4110 work_detect.cpp:120] Succeeded to add det end for frame 1
I1014 10:40:44.287989  4110 work_thread.hpp:81]  [T-Work-Detect_0] Run work: WrokTrack
I1014 10:40:44.288012  4110 work_track.cpp:82] Frame: 1 build input_characts: [0.254687 x 0.608333 from (0.390625, 0.372222)], 0.997596, 0
I1014 10:40:44.288098  4110 work_track.cpp:102] Succeeded to set track lock for frame 1
I1014 10:40:44.288295  4110 work_track.cpp:116] Succeeded to release track lock for frame 1
I1014 10:40:44.288311  4110 work_track.cpp:120] Track results of frame 1: 1 objects input, 0 objects tracked!
I1014 10:40:44.288329  4110 work_track.cpp:162] Frame: 1 lid: 0 not tracked, will set invalid
I1014 10:40:44.288344  4110 work_thread.hpp:88]  [T-Work-Detect_0] Frame :1 split
I1014 10:40:44.288362  4110 work_thread.hpp:124]  [T-Work-Detect_0] Invalid piece: lid = 0, drop it
I1014 10:40:44.288404  4113 thread_intergrate.hpp:78] [T-Intergrate-intergrate] queue: frame output frame :1
I1014 10:40:44.289526  4109 demo_inner.hpp:435] thread [SORT-0]  frame id 1 sorting queue size 0   FPS: -1
I1014 10:40:44.289594  4108 demo_inner.hpp:260]  gui queue size 0, state = running
I1014 10:40:44.325242  4107 demo_inner.hpp:177] decode queue size 0
I1014 10:40:44.325340  4110 work_thread.hpp:81]  [T-Work-Detect_0] Run work: WorkDetect
I1014 10:40:44.325376  4110 work_detect.cpp:102] Succeeded to add det start for frame 2
I1014 10:40:44.332048  4110 work_detect.cpp:70] Frame :2 detect result :1 face(s)
W1014 10:40:44.332098  4110 work_detect.cpp:83] Invalid bbox: [163 x 210 from (248, 154)]
I1014 10:40:44.332427  4110 work_detect.cpp:120] Succeeded to add det end for frame 2
I1014 10:40:44.332444  4110 work_thread.hpp:81]  [T-Work-Detect_0] Run work: WrokTrack
I1014 10:40:44.332473  4110 work_track.cpp:102] Succeeded to set track lock for frame 2
I1014 10:40:44.332518  4110 work_track.cpp:116] Succeeded to release track lock for frame 2
I1014 10:40:44.332532  4110 work_track.cpp:120] Track results of frame 2: 0 objects input, 0 objects tracked!
I1014 10:40:44.332551  4110 work_thread.hpp:88]  [T-Work-Detect_0] Frame :2 split
I1014 10:40:44.332602  4113 thread_intergrate.hpp:78] [T-Intergrate-intergrate] queue: frame output frame :2
I1014 10:40:44.334157  4109 demo_inner.hpp:435] thread [SORT-0]  frame id 2 sorting queue size 0   FPS: 22.7273
I1014 10:40:44.337391  4108 demo_inner.hpp:260]  gui queue size 0, state = running
I1014 10:40:44.352334  4107 demo_inner.hpp:177] decode queue size 0
I1014 10:40:44.352445  4110 work_thread.hpp:81]  [T-Work-Detect_0] Run work: WorkDetect
I1014 10:40:44.352480  4110 work_detect.cpp:102] Succeeded to add det start for frame 3
I1014 10:40:44.359191  4110 work_detect.cpp:70] Frame :3 detect result :1 face(s)
W1014 10:40:44.359225  4110 work_detect.cpp:83] Invalid bbox: [160 x 209 from (250, 156)]
I1014 10:40:44.359293  4110 work_detect.cpp:120] Succeeded to add det end for frame 3
I1014 10:40:44.359310  4110 work_thread.hpp:81]  [T-Work-Detect_0] Run work: WrokTrack
I1014 10:40:44.359334  4110 work_track.cpp:102] Succeeded to set track lock for frame 3
I1014 10:40:44.359383  4110 work_track.cpp:116] Succeeded to release track lock for frame 3
I1014 10:40:44.359397  4110 work_track.cpp:120] Track results of frame 3: 0 objects input, 0 objects tracked!
I1014 10:40:44.359416  4110 work_thread.hpp:88]  [T-Work-Detect_0] Frame :3 split
I1014 10:40:44.359462  4113 thread_intergrate.hpp:78] [T-Intergrate-intergrate] queue: frame output frame :3
I1014 10:40:44.360944  4109 demo_inner.hpp:435] thread [SORT-0]  frame id 3 sorting queue size 0   FPS: 28.169
I1014 10:40:44.361013  4108 demo_inner.hpp:260]  gui queue size 0, state = running
I1014 10:40:44.388137  4107 demo_inner.hpp:177] decode queue size 0
I1014 10:40:44.388303  4110 work_thread.hpp:81]  [T-Work-Detect_0] Run work: WorkDetect
I1014 10:40:44.388339  4110 work_detect.cpp:102] Succeeded to add det start for frame 4
I1014 10:40:44.394915  4110 work_detect.cpp:70] Frame :4 detect result :1 face(s)
I1014 10:40:44.394942  4110 work_detect.cpp:86] Detected bbox: [166 x 222 from (247, 132)]
I1014 10:40:44.394981  4110 work_detect.cpp:120] Succeeded to add det end for frame 4
I1014 10:40:44.394997  4110 work_thread.hpp:81]  [T-Work-Detect_0] Run work: WrokTrack
I1014 10:40:44.395020  4110 work_track.cpp:82] Frame: 4 build input_characts: [0.259375 x 0.616667 from (0.385938, 0.366667)], 1.00019, 0
I1014 10:40:44.395076  4110 work_track.cpp:102] Succeeded to set track lock for frame 4
I1014 10:40:44.395109  4110 work_track.cpp:116] Succeeded to release track lock for frame 4
I1014 10:40:44.395123  4110 work_track.cpp:120] Track results of frame 4: 1 objects input, 0 objects tracked!
I1014 10:40:44.395139  4110 work_track.cpp:162] Frame: 4 lid: 0 not tracked, will set invalid
I1014 10:40:44.395154  4110 work_thread.hpp:88]  [T-Work-Detect_0] Frame :4 split
I1014 10:40:44.395171  4110 work_thread.hpp:124]  [T-Work-Detect_0] Invalid piece: lid = 0, drop it
I1014 10:40:44.395212  4113 thread_intergrate.hpp:78] [T-Intergrate-intergrate] queue: frame output frame :4
I1014 10:40:44.396859  4109 demo_inner.hpp:435] thread [SORT-0]  frame id 4 sorting queue size 0   FPS: 28.3019
I1014 10:40:44.396952  4108 demo_inner.hpp:260]  gui queue size 0, state = running
I1014 10:40:44.418165  4107 demo_inner.hpp:177] decode queue size 0
I1014 10:40:44.418275  4110 work_thread.hpp:81]  [T-Work-Detect_0] Run work: WorkDetect
I1014 10:40:44.418309  4110 work_detect.cpp:102] Succeeded to add det start for frame 5
I1014 10:40:44.424957  4110 work_detect.cpp:70] Frame :5 detect result :1 face(s)
I1014 10:40:44.424989  4110 work_detect.cpp:86] Detected bbox: [161 x 212 from (249, 137)]
I1014 10:40:44.425030  4110 work_detect.cpp:120] Succeeded to add det end for frame 5
I1014 10:40:44.425046  4110 work_thread.hpp:81]  [T-Work-Detect_0] Run work: WrokTrack
I1014 10:40:44.425071  4110 work_track.cpp:82] Frame: 5 build input_characts: [0.251563 x 0.588889 from (0.389062, 0.380556)], 1.00019, 0
I1014 10:40:44.425124  4110 work_track.cpp:102] Succeeded to set track lock for frame 5
I1014 10:40:44.425185  4110 work_track.cpp:116] Succeeded to release track lock for frame 5
I1014 10:40:44.425200  4110 work_track.cpp:120] Track results of frame 5: 1 objects input, 0 objects tracked!
I1014 10:40:44.425294  4110 work_track.cpp:162] Frame: 5 lid: 0 not tracked, will set invalid
I1014 10:40:44.425312  4110 work_thread.hpp:88]  [T-Work-Detect_0] Frame :5 split
I1014 10:40:44.425330  4110 work_thread.hpp:124]  [T-Work-Detect_0] Invalid piece: lid = 0, drop it
I1014 10:40:44.425377  4113 thread_intergrate.hpp:78] [T-Intergrate-intergrate] queue: frame output frame :5
I1014 10:40:44.426787  4109 demo_inner.hpp:435] thread [SORT-0]  frame id 5 sorting queue size 0   FPS: 29.4118
I1014 10:40:44.426853  4108 demo_inner.hpp:260]  gui queue size 0, state = running
I1014 10:40:44.454121  4107 demo_inner.hpp:177] decode queue size 0
I1014 10:40:44.454241  4110 work_thread.hpp:81]  [T-Work-Detect_0] Run work: WorkDetect
I1014 10:40:44.454275  4110 work_detect.cpp:102] Succeeded to add det start for frame 6
I1014 10:40:44.460988  4110 work_detect.cpp:70] Frame :6 detect result :1 face(s)
I1014 10:40:44.461020  4110 work_detect.cpp:86] Detected bbox: [158 x 202 from (251, 158)]
I1014 10:40:44.461061  4110 work_detect.cpp:120] Succeeded to add det end for frame 6
I1014 10:40:44.461076  4110 work_thread.hpp:81]  [T-Work-Detect_0] Run work: WrokTrack
I1014 10:40:44.461099  4110 work_track.cpp:82] Frame: 6 build input_characts: [0.246875 x 0.561111 from (0.392188, 0.438889)], 0.999622, 0
I1014 10:40:44.461153  4110 work_track.cpp:102] Succeeded to set track lock for frame 6
I1014 10:40:44.461211  4110 work_track.cpp:116] Succeeded to release track lock for frame 6
I1014 10:40:44.461225  4110 work_track.cpp:120] Track results of frame 6: 1 objects input, 1 objects tracked!
I1014 10:40:44.461243  4110 work_track.cpp:148] Frame: 6, track bbox: [158 x 202 from (250.833, 155.321)], gid: 0, lid: 0
I1014 10:40:44.461279  4110 work_thread.hpp:88]  [T-Work-Detect_0] Frame :6 split
I1014 10:40:44.461297  4110 work_thread.hpp:120]  [T-Work-Detect_0] Valid piece: gid = 0
I1014 10:40:44.461315  4110 work_thread.hpp:92]  [T-Work-Detect_0] Push to split queue:recog
I1014 10:40:44.461356  4112 work_thread.hpp:81]  [T-Work-Recog_1] Run work: WorkCapture
I1014 10:40:44.461361  4113 thread_intergrate.hpp:78] [T-Intergrate-intergrate] queue: frame output frame :6
I1014 10:40:44.462954  4109 demo_inner.hpp:435] thread [SORT-0]  frame id 6 sorting queue size 0   FPS: 28.9017
I1014 10:40:44.463150  4112 work_thread.hpp:81]  [T-Work-Recog_1] Run work: WorkRecog
I1014 10:40:44.463173  4112 work_recog.hpp:89] Face id: 0 will run recog: bbox [158 x 202 from (251, 158)] quality: 0.458253
I1014 10:40:44.463205  4112 work_recog.hpp:96] Recog pair: [224 x 248 from (216, 112)], [158 x 202 from (35, 46)]
I1014 10:40:44.464033  4108 demo_inner.hpp:260]  gui queue size 0, state = running
I1014 10:40:44.481277  4112 work_thread.hpp:81]  [T-Work-Recog_1] Run work: WorkCompare
I1014 10:40:44.481439  4112 work_compare.cpp:76] Compare face: 0 successed, similarity :0.937029, name : images/thanglmb.jpg, normal size : 640 * 360!
I1014 10:40:44.484656  4107 demo_inner.hpp:177] decode queue size 0
I1014 10:40:44.484766  4110 work_thread.hpp:81]  [T-Work-Detect_0] Run work: WorkDetect
I1014 10:40:44.484802  4110 work_detect.cpp:102] Succeeded to add det start for frame 7
I1014 10:40:44.491425  4110 work_detect.cpp:70] Frame :7 detect result :1 face(s)
I1014 10:40:44.491472  4110 work_detect.cpp:86] Detected bbox: [161 x 212 from (248, 137)]
I1014 10:40:44.491514  4110 work_detect.cpp:120] Succeeded to add det end for frame 7
I1014 10:40:44.491531  4110 work_thread.hpp:81]  [T-Work-Detect_0] Run work: WrokTrack
I1014 10:40:44.491556  4110 work_track.cpp:82] Frame: 7 build input_characts: [0.251563 x 0.588889 from (0.3875, 0.380556)], 0.997596, 0
I1014 10:40:44.491614  4110 work_track.cpp:102] Succeeded to set track lock for frame 7
I1014 10:40:44.491653  4110 work_track.cpp:116] Succeeded to release track lock for frame 7
I1014 10:40:44.491668  4110 work_track.cpp:120] Track results of frame 7: 1 objects input, 1 objects tracked!
I1014 10:40:44.491685  4110 work_track.cpp:148] Frame: 7, track bbox: [161 x 212 from (248.41, 143.403)], gid: 0, lid: 0
I1014 10:40:44.491797  4110 work_thread.hpp:88]  [T-Work-Detect_0] Frame :7 split
I1014 10:40:44.491817  4110 work_thread.hpp:120]  [T-Work-Detect_0] Valid piece: gid = 0
I1014 10:40:44.491837  4110 work_thread.hpp:92]  [T-Work-Detect_0] Push to split queue:recog
I1014 10:40:44.491879  4111 work_thread.hpp:81]  [T-Work-Recog_0] Run work: WorkCapture
I1014 10:40:44.491907  4113 thread_intergrate.hpp:78] [T-Intergrate-intergrate] queue: frame output frame :7
I1014 10:40:44.491933  4113 thread_intergrate.hpp:85] [T-Intergrate-intergrate] queue: compare output face:0
I1014 10:40:44.491951  4113 thread_intergrate.hpp:134] T-Intergrate-intergrate set matched face: 0
I1014 10:40:44.492696  4111 work_thread.hpp:81]  [T-Work-Recog_0] Run work: WorkRecog
I1014 10:40:44.492722  4111 work_recog.hpp:89] Face id: 0 will run recog: bbox [161 x 212 from (248, 137)] quality: 0.423834
I1014 10:40:44.492754  4111 work_recog.hpp:96] Recog pair: [232 x 272 from (216, 88)], [161 x 212 from (32, 49)]
I1014 10:40:44.493228  4113 thread_intergrate.hpp:154] T-Intergrate-intergrate Show face :0, size :640 * 360
I1014 10:40:44.493868  4109 demo_inner.hpp:435] thread [SORT-0]  frame id 7 sorting queue size 0   FPS: 29.5567
I1014 10:40:44.493963  4108 demo_inner.hpp:260]  gui queue size 0, state = running
I1014 10:40:44.513267  4111 work_thread.hpp:81]  [T-Work-Recog_0] Run work: WorkCompare
I1014 10:40:44.513378  4111 work_compare.cpp:76] Compare face: 0 successed, similarity :0.889554, name : images/thanglmb.jpg, normal size : 640 * 360!
I1014 10:40:44.520992  4107 demo_inner.hpp:177] decode queue size 0
I1014 10:40:44.521111  4110 work_thread.hpp:81]  [T-Work-Detect_0] Run work: WorkDetect
I1014 10:40:44.521147  4110 work_detect.cpp:102] Succeeded to add det start for frame 8
I1014 10:40:44.527750  4110 work_detect.cpp:70] Frame :8 detect result :1 face(s)
I1014 10:40:44.527787  4110 work_detect.cpp:86] Detected bbox: [161 x 212 from (250, 138)]
I1014 10:40:44.527832  4110 work_detect.cpp:120] Succeeded to add det end for frame 8
I1014 10:40:44.527848  4110 work_thread.hpp:81]  [T-Work-Detect_0] Run work: WrokTrack
I1014 10:40:44.527871  4110 work_track.cpp:82] Frame: 8 build input_characts: [0.251563 x 0.588889 from (0.390625, 0.383333)], 1.00019, 0
I1014 10:40:44.527925  4110 work_track.cpp:102] Succeeded to set track lock for frame 8
I1014 10:40:44.527967  4110 work_track.cpp:116] Succeeded to release track lock for frame 8
I1014 10:40:44.527982  4110 work_track.cpp:120] Track results of frame 8: 1 objects input, 1 objects tracked!
I1014 10:40:44.527999  4110 work_track.cpp:148] Frame: 8, track bbox: [161 x 212 from (249.204, 140.8)], gid: 0, lid: 0
I1014 10:40:44.528036  4110 work_thread.hpp:88]  [T-Work-Detect_0] Frame :8 split
I1014 10:40:44.528054  4110 work_thread.hpp:120]  [T-Work-Detect_0] Valid piece: gid = 0
I1014 10:40:44.528072  4110 work_thread.hpp:92]  [T-Work-Detect_0] Push to split queue:recog
I1014 10:40:44.528121  4113 thread_intergrate.hpp:78] [T-Intergrate-intergrate] queue: frame output frame :8
I1014 10:40:44.528126  4112 work_thread.hpp:81]  [T-Work-Recog_1] Run work: WorkCapture
I1014 10:40:44.528146  4113 thread_intergrate.hpp:85] [T-Intergrate-intergrate] queue: compare output face:0
I1014 10:40:44.528185  4113 thread_intergrate.hpp:134] T-Intergrate-intergrate set matched face: 0
I1014 10:40:44.528846  4112 work_thread.hpp:81]  [T-Work-Recog_1] Run work: WorkRecog
I1014 10:40:44.528873  4112 work_recog.hpp:89] Face id: 0 will run recog: bbox [161 x 212 from (250, 138)] quality: 0.406411
I1014 10:40:44.528904  4112 work_recog.hpp:96] Recog pair: [232 x 264 from (216, 96)], [161 x 212 from (34, 42)]
I1014 10:40:44.529395  4113 thread_intergrate.hpp:154] T-Intergrate-intergrate Show face :0, size :640 * 360
I1014 10:40:44.529983  4109 demo_inner.hpp:435] thread [SORT-0]  frame id 8 sorting queue size 0   FPS: 29.1667
I1014 10:40:44.530055  4108 demo_inner.hpp:260]  gui queue size 0, state = running
I1014 10:40:44.548879  4112 work_thread.hpp:81]  [T-Work-Recog_1] Run work: WorkCompare
I1014 10:40:44.549144  4112 work_compare.cpp:76] Compare face: 0 successed, similarity :0.927887, name : images/thanglmb.jpg, normal size : 640 * 360!
I1014 10:40:44.557178  4107 demo_inner.hpp:177] decode queue size 0
I1014 10:40:44.557324  4110 work_thread.hpp:81]  [T-Work-Detect_0] Run work: WorkDetect
I1014 10:40:44.557359  4110 work_detect.cpp:102] Succeeded to add det start for frame 9
I1014 10:40:44.564783  4110 work_detect.cpp:70] Frame :9 detect result :1 face(s)
I1014 10:40:44.564865  4110 work_detect.cpp:86] Detected bbox: [165 x 215 from (246, 135)]
I1014 10:40:44.564918  4110 work_detect.cpp:120] Succeeded to add det end for frame 9
I1014 10:40:44.564935  4110 work_thread.hpp:81]  [T-Work-Detect_0] Run work: WrokTrack
I1014 10:40:44.564966  4110 work_track.cpp:82] Frame: 9 build input_characts: [0.257812 x 0.597222 from (0.384375, 0.375)], 1.00019, 0
I1014 10:40:44.565027  4110 work_track.cpp:102] Succeeded to set track lock for frame 9
I1014 10:40:44.565071  4110 work_track.cpp:116] Succeeded to release track lock for frame 9
I1014 10:40:44.565086  4110 work_track.cpp:120] Track results of frame 9: 1 objects input, 1 objects tracked!
I1014 10:40:44.565104  4110 work_track.cpp:148] Frame: 9, track bbox: [165 x 215 from (246.569, 137.144)], gid: 0, lid: 0
I1014 10:40:44.565141  4110 work_thread.hpp:88]  [T-Work-Detect_0] Frame :9 split
I1014 10:40:44.565160  4110 work_thread.hpp:120]  [T-Work-Detect_0] Valid piece: gid = 0
I1014 10:40:44.565178  4110 work_thread.hpp:92]  [T-Work-Detect_0] Push to split queue:recog
I1014 10:40:44.565237  4113 thread_intergrate.hpp:78] [T-Intergrate-intergrate] queue: frame output frame :9
I1014 10:40:44.565265  4113 thread_intergrate.hpp:85] [T-Intergrate-intergrate] queue: compare output face:0
I1014 10:40:44.565284  4113 thread_intergrate.hpp:134] T-Intergrate-intergrate set matched face: 0
I1014 10:40:44.565371  4112 work_thread.hpp:81]  [T-Work-Recog_1] Run work: WorkCapture
I1014 10:40:44.566043  4112 work_thread.hpp:81]  [T-Work-Recog_1] Run work: WorkRecog
I1014 10:40:44.566069  4112 work_recog.hpp:89] Face id: 0 will run recog: bbox [165 x 215 from (246, 135)] quality: 0.431318
I1014 10:40:44.566099  4112 work_recog.hpp:96] Recog pair: [240 x 272 from (208, 88)], [165 x 215 from (38, 47)]
I1014 10:40:44.566555  4113 thread_intergrate.hpp:154] T-Intergrate-intergrate Show face :0, size :640 * 360
I1014 10:40:44.567148  4109 demo_inner.hpp:435] thread [SORT-0]  frame id 9 sorting queue size 0   FPS: 28.8809
I1014 10:40:44.567219  4108 demo_inner.hpp:260]  gui queue size 0, state = running
I1014 10:40:44.586751  4112 work_thread.hpp:81]  [T-Work-Recog_1] Run work: WorkCompare
I1014 10:40:44.586912  4112 work_compare.cpp:76] Compare face: 0 successed, similarity :0.885589, name : images/thanglmb.jpg, normal size : 640 * 360!
I1014 10:40:44.587083  4107 demo_inner.hpp:177] decode queue size 0
I1014 10:40:44.587152  4110 work_thread.hpp:81]  [T-Work-Detect_0] Run work: WorkDetect
I1014 10:40:44.587182  4110 work_detect.cpp:102] Succeeded to add det start for frame 10
I1014 10:40:44.594082  4110 work_detect.cpp:70] Frame :10 detect result :1 face(s)
W1014 10:40:44.594132  4110 work_detect.cpp:83] Invalid bbox: [164 x 210 from (248, 154)]
I1014 10:40:44.594215  4110 work_detect.cpp:120] Succeeded to add det end for frame 10
I1014 10:40:44.594233  4110 work_thread.hpp:81]  [T-Work-Detect_0] Run work: WrokTrack
I1014 10:40:44.594260  4110 work_track.cpp:102] Succeeded to set track lock for frame 10
I1014 10:40:44.594293  4110 work_track.cpp:116] Succeeded to release track lock for frame 10
I1014 10:40:44.594307  4110 work_track.cpp:120] Track results of frame 10: 0 objects input, 1 objects tracked!
I1014 10:40:44.594326  4110 work_track.cpp:148] Frame: 10, track bbox: [165 x 215 from (246.398, 136.701)], gid: 0, lid: -1
I1014 10:40:44.594377  4110 work_thread.hpp:88]  [T-Work-Detect_0] Frame :10 split
I1014 10:40:44.594424  4113 thread_intergrate.hpp:78] [T-Intergrate-intergrate] queue: frame output frame :10
I1014 10:40:44.594450  4113 thread_intergrate.hpp:85] [T-Intergrate-intergrate] queue: compare output face:0
I1014 10:40:44.594525  4113 thread_intergrate.hpp:134] T-Intergrate-intergrate set matched face: 0
I1014 10:40:44.595741  4113 thread_intergrate.hpp:154] T-Intergrate-intergrate Show face :0, size :640 * 360
I1014 10:40:44.596329  4109 demo_inner.hpp:435] thread [SORT-0]  frame id 10 sorting queue size 0   FPS: 29.4118
I1014 10:40:44.596421  4108 demo_inner.hpp:260]  gui queue size 0, state = running
I1014 10:40:44.622426  4107 demo_inner.hpp:177] decode queue size 0
I1014 10:40:44.622571  4110 work_thread.hpp:81]  [T-Work-Detect_0] Run work: WorkDetect
I1014 10:40:44.622611  4110 work_detect.cpp:102] Succeeded to add det start for frame 11
I1014 10:40:44.629927  4110 work_detect.cpp:70] Frame :11 detect result :1 face(s)
I1014 10:40:44.630000  4110 work_detect.cpp:86] Detected bbox: [156 x 200 from (250, 159)]
I1014 10:40:44.630056  4110 work_detect.cpp:120] Succeeded to add det end for frame 11
I1014 10:40:44.630074  4110 work_thread.hpp:81]  [T-Work-Detect_0] Run work: WrokTrack
I1014 10:40:44.630100  4110 work_track.cpp:82] Frame: 11 build input_characts: [0.24375 x 0.555556 from (0.390625, 0.441667)], 1.00019, 0
I1014 10:40:44.630162  4110 work_track.cpp:102] Succeeded to set track lock for frame 11
I1014 10:40:44.630210  4110 work_track.cpp:116] Succeeded to release track lock for frame 11
I1014 10:40:44.630226  4110 work_track.cpp:120] Track results of frame 11: 1 objects input, 1 objects tracked!
I1014 10:40:44.630244  4110 work_track.cpp:148] Frame: 11, track bbox: [156 x 200 from (250.291, 152.175)], gid: 0, lid: 0
I1014 10:40:44.630282  4110 work_thread.hpp:88]  [T-Work-Detect_0] Frame :11 split
I1014 10:40:44.630301  4110 work_thread.hpp:120]  [T-Work-Detect_0] Valid piece: gid = 0
I1014 10:40:44.630319  4110 work_thread.hpp:92]  [T-Work-Detect_0] Push to split queue:recog
I1014 10:40:44.630381  4113 thread_intergrate.hpp:78] [T-Intergrate-intergrate] queue: frame output frame :11
I1014 10:40:44.630383  4111 work_thread.hpp:81]  [T-Work-Recog_0] Run work: WorkCapture
I1014 10:40:44.631003  4111 work_thread.hpp:81]  [T-Work-Recog_0] Run work: WorkRecog
I1014 10:40:44.631028  4111 work_recog.hpp:89] Face id: 0 will run recog: bbox [156 x 200 from (250, 159)] quality: 0.449276
I1014 10:40:44.631057  4111 work_recog.hpp:96] Recog pair: [224 x 248 from (216, 112)], [156 x 200 from (34, 47)]
I1014 10:40:44.631572  4113 thread_intergrate.hpp:154] T-Intergrate-intergrate Show face :0, size :640 * 360
I1014 10:40:44.632134  4109 demo_inner.hpp:435] thread [SORT-0]  frame id 11 sorting queue size 0   FPS: 29.2398
I1014 10:40:44.632266  4108 demo_inner.hpp:260]  gui queue size 0, state = running
I1014 10:40:44.651084  4111 work_thread.hpp:81]  [T-Work-Recog_0] Run work: WorkCompare
I1014 10:40:44.651206  4111 work_compare.cpp:76] Compare face: 0 successed, similarity :0.932424, name : images/thanglmb.jpg, normal size : 640 * 360!
I1014 10:40:44.653090  4107 demo_inner.hpp:177] decode queue size 0
I1014 10:40:44.653259  4110 work_thread.hpp:81]  [T-Work-Detect_0] Run work: WorkDetect
I1014 10:40:44.653298  4110 work_detect.cpp:102] Succeeded to add det start for frame 12
I1014 10:40:44.660634  4110 work_detect.cpp:70] Frame :12 detect result :1 face(s)
I1014 10:40:44.660696  4110 work_detect.cpp:86] Detected bbox: [165 x 218 from (247, 136)]
I1014 10:40:44.660755  4110 work_detect.cpp:120] Succeeded to add det end for frame 12
I1014 10:40:44.660773  4110 work_thread.hpp:81]  [T-Work-Detect_0] Run work: WrokTrack
I1014 10:40:44.660802  4110 work_track.cpp:82] Frame: 12 build input_characts: [0.257812 x 0.605556 from (0.385938, 0.377778)], 0.999622, 0
I1014 10:40:44.660861  4110 work_track.cpp:102] Succeeded to set track lock for frame 12
I1014 10:40:44.660904  4110 work_track.cpp:116] Succeeded to release track lock for frame 12
I1014 10:40:44.660919  4110 work_track.cpp:120] Track results of frame 12: 1 objects input, 1 objects tracked!
I1014 10:40:44.660938  4110 work_track.cpp:148] Frame: 12, track bbox: [165 x 218 from (246.208, 139.126)], gid: 0, lid: 0
I1014 10:40:44.660975  4110 work_thread.hpp:88]  [T-Work-Detect_0] Frame :12 split
I1014 10:40:44.661083  4110 work_thread.hpp:120]  [T-Work-Detect_0] Valid piece: gid = 0
I1014 10:40:44.661104  4110 work_thread.hpp:92]  [T-Work-Detect_0] Push to split queue:recog
I1014 10:40:44.661165  4111 work_thread.hpp:81]  [T-Work-Recog_0] Run work: WorkCapture
I1014 10:40:44.661168  4113 thread_intergrate.hpp:78] [T-Intergrate-intergrate] queue: frame output frame :12
I1014 10:40:44.661211  4113 thread_intergrate.hpp:85] [T-Intergrate-intergrate] queue: compare output face:0
I1014 10:40:44.661231  4113 thread_intergrate.hpp:134] T-Intergrate-intergrate set matched face: 0
I1014 10:40:44.661913  4111 work_thread.hpp:81]  [T-Work-Recog_0] Run work: WorkRecog
I1014 10:40:44.661943  4111 work_recog.hpp:89] Face id: 0 will run recog: bbox [165 x 218 from (247, 136)] quality: 0.466468
I1014 10:40:44.661986  4111 work_recog.hpp:96] Recog pair: [240 x 272 from (208, 88)], [165 x 218 from (39, 48)]
I1014 10:40:44.662554  4113 thread_intergrate.hpp:154] T-Intergrate-intergrate Show face :0, size :640 * 360
I1014 10:40:44.663152  4109 demo_inner.hpp:435] thread [SORT-0]  frame id 12 sorting queue size 0   FPS: 29.4906
I1014 10:40:44.663264  4108 demo_inner.hpp:260]  gui queue size 0, state = running
I1014 10:40:44.682010  4111 work_thread.hpp:81]  [T-Work-Recog_0] Run work: WorkCompare
I1014 10:40:44.682132  4111 work_compare.cpp:76] Compare face: 0 successed, similarity :0.921461, name : images/thanglmb.jpg, normal size : 640 * 360!
I1014 10:40:44.688997  4107 demo_inner.hpp:177] decode queue size 0
I1014 10:40:44.689177  4110 work_thread.hpp:81]  [T-Work-Detect_0] Run work: WorkDetect
I1014 10:40:44.689218  4110 work_detect.cpp:102] Succeeded to add det start for frame 13
I1014 10:40:44.696844  4110 work_detect.cpp:70] Frame :13 detect result :1 face(s)
I1014 10:40:44.696925  4110 work_detect.cpp:86] Detected bbox: [162 x 217 from (248, 135)]
I1014 10:40:44.696983  4110 work_detect.cpp:120] Succeeded to add det end for frame 13
I1014 10:40:44.697000  4110 work_thread.hpp:81]  [T-Work-Detect_0] Run work: WrokTrack
I1014 10:40:44.697031  4110 work_track.cpp:82] Frame: 13 build input_characts: [0.253125 x 0.602778 from (0.3875, 0.375)], 1.00019, 0
I1014 10:40:44.697088  4110 work_track.cpp:102] Succeeded to set track lock for frame 13
I1014 10:40:44.697129  4110 work_track.cpp:116] Succeeded to release track lock for frame 13
I1014 10:40:44.697144  4110 work_track.cpp:120] Track results of frame 13: 1 objects input, 1 objects tracked!
I1014 10:40:44.697160  4110 work_track.cpp:148] Frame: 13, track bbox: [162 x 217 from (247.896, 139.812)], gid: 0, lid: 0
I1014 10:40:44.697196  4110 work_thread.hpp:88]  [T-Work-Detect_0] Frame :13 split
I1014 10:40:44.697214  4110 work_thread.hpp:120]  [T-Work-Detect_0] Valid piece: gid = 0
I1014 10:40:44.697232  4110 work_thread.hpp:92]  [T-Work-Detect_0] Push to split queue:recog
I1014 10:40:44.697289  4113 thread_intergrate.hpp:78] [T-Intergrate-intergrate] queue: frame output frame :13
I1014 10:40:44.697314  4112 work_thread.hpp:81]  [T-Work-Recog_1] Run work: WorkCapture
I1014 10:40:44.697316  4113 thread_intergrate.hpp:85] [T-Intergrate-intergrate] queue: compare output face:0
I1014 10:40:44.697355  4113 thread_intergrate.hpp:134] T-Intergrate-intergrate set matched face: 0
I1014 10:40:44.697952  4112 work_thread.hpp:81]  [T-Work-Recog_1] Run work: WorkRecog
I1014 10:40:44.697978  4112 work_recog.hpp:89] Face id: 0 will run recog: bbox [162 x 217 from (248, 135)] quality: 0.450049
I1014 10:40:44.698005  4112 work_recog.hpp:96] Recog pair: [232 x 272 from (216, 88)], [162 x 217 from (32, 47)]
I1014 10:40:44.698521  4113 thread_intergrate.hpp:154] T-Intergrate-intergrate Show face :0, size :640 * 360
I1014 10:40:44.699090  4109 demo_inner.hpp:435] thread [SORT-0]  frame id 13 sorting queue size 0   FPS: 29.3399
I1014 10:40:44.699165  4108 demo_inner.hpp:260]  gui queue size 0, state = running
I1014 10:40:44.716226  4112 work_thread.hpp:81]  [T-Work-Recog_1] Run work: WorkCompare
I1014 10:40:44.716440  4112 work_compare.cpp:76] Compare face: 0 successed, similarity :0.908084, name : images/thanglmb.jpg, normal size : 640 * 360!
I1014 10:40:44.718263  4107 demo_inner.hpp:177] decode queue size 0
I1014 10:40:44.718338  4110 work_thread.hpp:81]  [T-Work-Detect_0] Run work: WorkDetect
I1014 10:40:44.718369  4110 work_detect.cpp:102] Succeeded to add det start for frame 14
I1014 10:40:44.725198  4110 work_detect.cpp:70] Frame :14 detect result :1 face(s)
I1014 10:40:44.725241  4110 work_detect.cpp:86] Detected bbox: [166 x 220 from (245, 132)]
I1014 10:40:44.725284  4110 work_detect.cpp:120] Succeeded to add det end for frame 14
I1014 10:40:44.725301  4110 work_thread.hpp:81]  [T-Work-Detect_0] Run work: WrokTrack
I1014 10:40:44.725323  4110 work_track.cpp:82] Frame: 14 build input_characts: [0.259375 x 0.611111 from (0.382812, 0.366667)], 0.997596, 0
I1014 10:40:44.725378  4110 work_track.cpp:102] Succeeded to set track lock for frame 14
I1014 10:40:44.725416  4110 work_track.cpp:116] Succeeded to release track lock for frame 14
I1014 10:40:44.725430  4110 work_track.cpp:120] Track results of frame 14: 1 objects input, 1 objects tracked!
I1014 10:40:44.725448  4110 work_track.cpp:148] Frame: 14, track bbox: [166 x 220 from (245.289, 135.473)], gid: 0, lid: 0
I1014 10:40:44.725486  4110 work_thread.hpp:88]  [T-Work-Detect_0] Frame :14 split
I1014 10:40:44.725503  4110 work_thread.hpp:120]  [T-Work-Detect_0] Valid piece: gid = 0
I1014 10:40:44.725522  4110 work_thread.hpp:92]  [T-Work-Detect_0] Push to split queue:recog
I1014 10:40:44.725567  4113 thread_intergrate.hpp:78] [T-Intergrate-intergrate] queue: frame output frame :14
I1014 10:40:44.725569  4112 work_thread.hpp:81]  [T-Work-Recog_1] Run work: WorkCapture
I1014 10:40:44.725596  4113 thread_intergrate.hpp:85] [T-Intergrate-intergrate] queue: compare output face:0
I1014 10:40:44.725615  4113 thread_intergrate.hpp:134] T-Intergrate-intergrate set matched face: 0
I1014 10:40:44.726311  4112 work_thread.hpp:81]  [T-Work-Recog_1] Run work: WorkRecog
I1014 10:40:44.726475  4112 work_recog.hpp:89] Face id: 0 will run recog: bbox [166 x 220 from (245, 132)] quality: 0.450049
I1014 10:40:44.726507  4112 work_recog.hpp:96] Recog pair: [240 x 272 from (208, 88)], [166 x 220 from (37, 44)]
I1014 10:40:44.726789  4113 thread_intergrate.hpp:154] T-Intergrate-intergrate Show face :0, size :640 * 360
I1014 10:40:44.727313  4109 demo_inner.hpp:435] thread [SORT-0]  frame id 14 sorting queue size 0   FPS: 29.7483
I1014 10:40:44.727376  4108 demo_inner.hpp:260]  gui queue size 0, state = running
I1014 10:40:44.747045  4112 work_thread.hpp:81]  [T-Work-Recog_1] Run work: WorkCompare
I1014 10:40:44.747335  4112 work_compare.cpp:76] Compare face: 0 successed, similarity :0.920096, name : images/thanglmb.jpg, normal size : 640 * 360!
I1014 10:40:44.758325  4107 demo_inner.hpp:177] decode queue size 0
I1014 10:40:44.758447  4110 work_thread.hpp:81]  [T-Work-Detect_0] Run work: WorkDetect
I1014 10:40:44.758489  4110 work_detect.cpp:102] Succeeded to add det start for frame 15
I1014 10:40:44.765244  4110 work_detect.cpp:70] Frame :15 detect result :1 face(s)
I1014 10:40:44.765297  4110 work_detect.cpp:86] Detected bbox: [168 x 219 from (245, 135)]
I1014 10:40:44.765341  4110 work_detect.cpp:120] Succeeded to add det end for frame 15
I1014 10:40:44.765358  4110 work_thread.hpp:81]  [T-Work-Detect_0] Run work: WrokTrack
I1014 10:40:44.765383  4110 work_track.cpp:82] Frame: 15 build input_characts: [0.2625 x 0.608333 from (0.382812, 0.375)], 0.999622, 0
I1014 10:40:44.765436  4110 work_track.cpp:102] Succeeded to set track lock for frame 15
I1014 10:40:44.765476  4110 work_track.cpp:116] Succeeded to release track lock for frame 15
I1014 10:40:44.765491  4110 work_track.cpp:120] Track results of frame 15: 1 objects input, 1 objects tracked!
I1014 10:40:44.765508  4110 work_track.cpp:148] Frame: 15, track bbox: [168 x 219 from (244.799, 134.566)], gid: 0, lid: 0
I1014 10:40:44.765544  4110 work_thread.hpp:88]  [T-Work-Detect_0] Frame :15 split
I1014 10:40:44.765563  4110 work_thread.hpp:120]  [T-Work-Detect_0] Valid piece: gid = 0
I1014 10:40:44.765652  4110 work_thread.hpp:92]  [T-Work-Detect_0] Push to split queue:recog
I1014 10:40:44.765715  4113 thread_intergrate.hpp:78] [T-Intergrate-intergrate] queue: frame output frame :15
I1014 10:40:44.765717  4112 work_thread.hpp:81]  [T-Work-Recog_1] Run work: WorkCapture
I1014 10:40:44.765748  4113 thread_intergrate.hpp:85] [T-Intergrate-intergrate] queue: compare output face:0
I1014 10:40:44.765766  4113 thread_intergrate.hpp:134] T-Intergrate-intergrate set matched face: 0
I1014 10:40:44.766386  4112 work_thread.hpp:81]  [T-Work-Recog_1] Run work: WorkRecog
I1014 10:40:44.766412  4112 work_recog.hpp:89] Face id: 0 will run recog: bbox [168 x 219 from (245, 135)] quality: 0.467477
I1014 10:40:44.766469  4112 work_recog.hpp:96] Recog pair: [240 x 272 from (208, 88)], [168 x 219 from (37, 47)]
I1014 10:40:44.766961  4113 thread_intergrate.hpp:154] T-Intergrate-intergrate Show face :0, size :640 * 360
I1014 10:40:44.767485  4109 demo_inner.hpp:435] thread [SORT-0]  frame id 15 sorting queue size 0   FPS: 29.3501
I1014 10:40:44.767554  4108 demo_inner.hpp:260]  gui queue size 0, state = running
I1014 10:40:44.784873  4112 work_thread.hpp:81]  [T-Work-Recog_1] Run work: WorkCompare
I1014 10:40:44.785001  4112 work_compare.cpp:76] Compare face: 0 successed, similarity :0.919137, name : images/thanglmb.jpg, normal size : 640 * 360!
I1014 10:40:44.792096  4107 demo_inner.hpp:177] decode queue size 0
I1014 10:40:44.792325  4110 work_thread.hpp:81]  [T-Work-Detect_0] Run work: WorkDetect
I1014 10:40:44.792362  4110 work_detect.cpp:102] Succeeded to add det start for frame 16
I1014 10:40:44.799306  4110 work_detect.cpp:70] Frame :16 detect result :1 face(s)
I1014 10:40:44.799353  4110 work_detect.cpp:86] Detected bbox: [163 x 215 from (247, 136)]
I1014 10:40:44.799396  4110 work_detect.cpp:120] Succeeded to add det end for frame 16
I1014 10:40:44.799412  4110 work_thread.hpp:81]  [T-Work-Detect_0] Run work: WrokTrack
I1014 10:40:44.799438  4110 work_track.cpp:82] Frame: 16 build input_characts: [0.254687 x 0.597222 from (0.385938, 0.377778)], 1.00019, 0
I1014 10:40:44.799492  4110 work_track.cpp:102] Succeeded to set track lock for frame 16
I1014 10:40:44.799532  4110 work_track.cpp:116] Succeeded to release track lock for frame 16
I1014 10:40:44.799547  4110 work_track.cpp:120] Track results of frame 16: 1 objects input, 1 objects tracked!
I1014 10:40:44.799566  4110 work_track.cpp:148] Frame: 16, track bbox: [163 x 215 from (247.167, 133.003)], gid: 0, lid: 0
I1014 10:40:44.799603  4110 work_thread.hpp:88]  [T-Work-Detect_0] Frame :16 split
I1014 10:40:44.799623  4110 work_thread.hpp:120]  [T-Work-Detect_0] Valid piece: gid = 0
I1014 10:40:44.799640  4110 work_thread.hpp:92]  [T-Work-Detect_0] Push to split queue:recog
I1014 10:40:44.799687  4113 thread_intergrate.hpp:78] [T-Intergrate-intergrate] queue: frame output frame :16
I1014 10:40:44.799688  4111 work_thread.hpp:81]  [T-Work-Recog_0] Run work: WorkCapture
I1014 10:40:44.799717  4113 thread_intergrate.hpp:85] [T-Intergrate-intergrate] queue: compare output face:0
I1014 10:40:44.799736  4113 thread_intergrate.hpp:134] T-Intergrate-intergrate set matched face: 0
I1014 10:40:44.800266  4111 work_thread.hpp:81]  [T-Work-Recog_0] Run work: WorkRecog
I1014 10:40:44.800292  4111 work_recog.hpp:89] Face id: 0 will run recog: bbox [163 x 215 from (247, 136)] quality: 0.438331
I1014 10:40:44.800321  4111 work_recog.hpp:96] Recog pair: [240 x 272 from (208, 88)], [163 x 215 from (39, 48)]
I1014 10:40:44.800931  4113 thread_intergrate.hpp:154] T-Intergrate-intergrate Show face :0, size :640 * 360
I1014 10:40:44.801468  4109 demo_inner.hpp:435] thread [SORT-0]  frame id 16 sorting queue size 0   FPS: 29.3542
I1014 10:40:44.801540  4108 demo_inner.hpp:260]  gui queue size 0, state = running
I1014 10:40:44.818225  4111 work_thread.hpp:81]  [T-Work-Recog_0] Run work: WorkCompare
I1014 10:40:44.818336  4111 work_compare.cpp:76] Compare face: 0 successed, similarity :0.957762, name : images/thanglmb.jpg, normal size : 640 * 360!
I1014 10:40:44.822229  4107 demo_inner.hpp:177] decode queue size 0
I1014 10:40:44.822537  4110 work_thread.hpp:81]  [T-Work-Detect_0] Run work: WorkDetect
I1014 10:40:44.822579  4110 work_detect.cpp:102] Succeeded to add det start for frame 17
I1014 10:40:44.830003  4110 work_detect.cpp:70] Frame :17 detect result :1 face(s)
I1014 10:40:44.830070  4110 work_detect.cpp:86] Detected bbox: [160 x 214 from (249, 138)]
I1014 10:40:44.830112  4110 work_detect.cpp:120] Succeeded to add det end for frame 17
I1014 10:40:44.830129  4110 work_thread.hpp:81]  [T-Work-Detect_0] Run work: WrokTrack
I1014 10:40:44.830153  4110 work_track.cpp:82] Frame: 17 build input_characts: [0.25 x 0.594444 from (0.389062, 0.383333)], 1.00019, 0
I1014 10:40:44.830215  4110 work_track.cpp:102] Succeeded to set track lock for frame 17
I1014 10:40:44.830255  4110 work_track.cpp:116] Succeeded to release track lock for frame 17
I1014 10:40:44.830268  4110 work_track.cpp:120] Track results of frame 17: 1 objects input, 1 objects tracked!
I1014 10:40:44.830313  4110 work_track.cpp:148] Frame: 17, track bbox: [160 x 214 from (248.628, 137.105)], gid: 0, lid: 0
I1014 10:40:44.830351  4110 work_thread.hpp:88]  [T-Work-Detect_0] Frame :17 split
I1014 10:40:44.830369  4110 work_thread.hpp:120]  [T-Work-Detect_0] Valid piece: gid = 0
I1014 10:40:44.830387  4110 work_thread.hpp:92]  [T-Work-Detect_0] Push to split queue:recog
I1014 10:40:44.830444  4112 work_thread.hpp:81]  [T-Work-Recog_1] Run work: WorkCapture
I1014 10:40:44.830770  4113 thread_intergrate.hpp:78] [T-Intergrate-intergrate] queue: frame output frame :17
I1014 10:40:44.830796  4113 thread_intergrate.hpp:85] [T-Intergrate-intergrate] queue: compare output face:0
I1014 10:40:44.830814  4113 thread_intergrate.hpp:134] T-Intergrate-intergrate set matched face: 0
I1014 10:40:44.831154  4112 work_thread.hpp:81]  [T-Work-Recog_1] Run work: WorkRecog
I1014 10:40:44.831185  4112 work_recog.hpp:89] Face id: 0 will run recog: bbox [160 x 214 from (249, 138)] quality: 0.459322
I1014 10:40:44.831214  4112 work_recog.hpp:96] Recog pair: [232 x 264 from (216, 96)], [160 x 214 from (33, 42)]
I1014 10:40:44.831979  4113 thread_intergrate.hpp:154] T-Intergrate-intergrate Show face :0, size :640 * 360
I1014 10:40:44.832563  4109 demo_inner.hpp:435] thread [SORT-0]  frame id 17 sorting queue size 0   FPS: 29.5203
I1014 10:40:44.832635  4108 demo_inner.hpp:260]  gui queue size 0, state = running
I1014 10:40:44.849822  4112 work_thread.hpp:81]  [T-Work-Recog_1] Run work: WorkCompare
I1014 10:40:44.849956  4112 work_compare.cpp:76] Compare face: 0 successed, similarity :0.937265, name : images/thanglmb.jpg, normal size : 640 * 360!
I1014 10:40:44.858561  4107 demo_inner.hpp:177] decode queue size 0
I1014 10:40:44.858671  4110 work_thread.hpp:81]  [T-Work-Detect_0] Run work: WorkDetect
I1014 10:40:44.858739  4110 work_detect.cpp:102] Succeeded to add det start for frame 18
I1014 10:40:44.865484  4110 work_detect.cpp:70] Frame :18 detect result :1 face(s)
I1014 10:40:44.865533  4110 work_detect.cpp:86] Detected bbox: [166 x 220 from (245, 133)]
I1014 10:40:44.865576  4110 work_detect.cpp:120] Succeeded to add det end for frame 18
I1014 10:40:44.865593  4110 work_thread.hpp:81]  [T-Work-Detect_0] Run work: WrokTrack
I1014 10:40:44.865617  4110 work_track.cpp:82] Frame: 18 build input_characts: [0.259375 x 0.611111 from (0.382812, 0.369444)], 1.00019, 0
I1014 10:40:44.865671  4110 work_track.cpp:102] Succeeded to set track lock for frame 18
I1014 10:40:44.865711  4110 work_track.cpp:116] Succeeded to release track lock for frame 18
I1014 10:40:44.865726  4110 work_track.cpp:120] Track results of frame 18: 1 objects input, 1 objects tracked!
I1014 10:40:44.865743  4110 work_track.cpp:148] Frame: 18, track bbox: [166 x 220 from (245.416, 133.984)], gid: 0, lid: 0
I1014 10:40:44.865782  4110 work_thread.hpp:88]  [T-Work-Detect_0] Frame :18 split
I1014 10:40:44.865799  4110 work_thread.hpp:120]  [T-Work-Detect_0] Valid piece: gid = 0
I1014 10:40:44.865818  4110 work_thread.hpp:92]  [T-Work-Detect_0] Push to split queue:recog
I1014 10:40:44.865869  4111 work_thread.hpp:81]  [T-Work-Recog_0] Run work: WorkCapture
I1014 10:40:44.866241  4113 thread_intergrate.hpp:78] [T-Intergrate-intergrate] queue: frame output frame :18
I1014 10:40:44.866267  4113 thread_intergrate.hpp:85] [T-Intergrate-intergrate] queue: compare output face:0
I1014 10:40:44.866286  4113 thread_intergrate.hpp:134] T-Intergrate-intergrate set matched face: 0
I1014 10:40:44.866506  4111 work_thread.hpp:81]  [T-Work-Recog_0] Run work: WorkRecog
I1014 10:40:44.866530  4111 work_recog.hpp:89] Face id: 0 will run recog: bbox [166 x 220 from (245, 133)] quality: 0.450049
I1014 10:40:44.866561  4111 work_recog.hpp:96] Recog pair: [240 x 272 from (208, 88)], [166 x 220 from (37, 45)]
I1014 10:40:44.867462  4113 thread_intergrate.hpp:154] T-Intergrate-intergrate Show face :0, size :640 * 360
I1014 10:40:44.867921  4109 demo_inner.hpp:435] thread [SORT-0]  frame id 18 sorting queue size 0   FPS: 29.4118
I1014 10:40:44.867996  4108 demo_inner.hpp:260]  gui queue size 0, state = running
I1014 10:40:44.884411  4111 work_thread.hpp:81]  [T-Work-Recog_0] Run work: WorkCompare
I1014 10:40:44.884522  4111 work_compare.cpp:76] Compare face: 0 successed, similarity :0.841453, name : images/thanglmb.jpg, normal size : 640 * 360!
I1014 10:40:44.888137  4107 demo_inner.hpp:177] decode queue size 0
I1014 10:40:44.888222  4110 work_thread.hpp:81]  [T-Work-Detect_0] Run work: WorkDetect
I1014 10:40:44.888253  4110 work_detect.cpp:102] Succeeded to add det start for frame 19
I1014 10:40:44.894965  4110 work_detect.cpp:70] Frame :19 detect result :1 face(s)
I1014 10:40:44.895015  4110 work_detect.cpp:86] Detected bbox: [166 x 222 from (245, 134)]
I1014 10:40:44.895057  4110 work_detect.cpp:120] Succeeded to add det end for frame 19
I1014 10:40:44.895074  4110 work_thread.hpp:81]  [T-Work-Detect_0] Run work: WrokTrack
I1014 10:40:44.895098  4110 work_track.cpp:82] Frame: 19 build input_characts: [0.259375 x 0.616667 from (0.382812, 0.372222)], 1.00019, 0
I1014 10:40:44.895153  4110 work_track.cpp:102] Succeeded to set track lock for frame 19
I1014 10:40:44.895193  4110 work_track.cpp:116] Succeeded to release track lock for frame 19
I1014 10:40:44.895207  4110 work_track.cpp:120] Track results of frame 19: 1 objects input, 1 objects tracked!
I1014 10:40:44.895226  4110 work_track.cpp:148] Frame: 19, track bbox: [166 x 222 from (245.236, 133.686)], gid: 0, lid: 0
I1014 10:40:44.895262  4110 work_thread.hpp:88]  [T-Work-Detect_0] Frame :19 split
I1014 10:40:44.895279  4110 work_thread.hpp:120]  [T-Work-Detect_0] Valid piece: gid = 0
I1014 10:40:44.895298  4110 work_thread.hpp:92]  [T-Work-Detect_0] Push to split queue:recog
I1014 10:40:44.895342  4112 work_thread.hpp:81]  [T-Work-Recog_1] Run work: WorkCapture
I1014 10:40:44.895345  4113 thread_intergrate.hpp:78] [T-Intergrate-intergrate] queue: frame output frame :19
I1014 10:40:44.895386  4113 thread_intergrate.hpp:85] [T-Intergrate-intergrate] queue: compare output face:0
I1014 10:40:44.895406  4113 thread_intergrate.hpp:134] T-Intergrate-intergrate set matched face: 0
I1014 10:40:44.895946  4112 work_thread.hpp:81]  [T-Work-Recog_1] Run work: WorkRecog
I1014 10:40:44.895969  4112 work_recog.hpp:89] Face id: 0 will run recog: bbox [166 x 222 from (245, 134)] quality: 0.461896
I1014 10:40:44.896024  4112 work_recog.hpp:96] Recog pair: [240 x 272 from (208, 88)], [166 x 222 from (37, 46)]
I1014 10:40:44.896605  4113 thread_intergrate.hpp:154] T-Intergrate-intergrate Show face :0, size :640 * 360
I1014 10:40:44.897156  4109 demo_inner.hpp:435] thread [SORT-0]  frame id 19 sorting queue size 0   FPS: 29.654
I1014 10:40:44.897226  4108 demo_inner.hpp:260]  gui queue size 0, state = running
I1014 10:40:44.914738  4112 work_thread.hpp:81]  [T-Work-Recog_1] Run work: WorkCompare
I1014 10:40:44.914853  4112 work_compare.cpp:76] Compare face: 0 successed, similarity :0.932586, name : images/thanglmb.jpg, normal size : 640 * 360!
I1014 10:40:44.924473  4107 demo_inner.hpp:177] decode queue size 0
I1014 10:40:44.924584  4110 work_thread.hpp:81]  [T-Work-Detect_0] Run work: WorkDetect
I1014 10:40:44.924690  4110 work_detect.cpp:102] Succeeded to add det start for frame 20
I1014 10:40:44.931433  4110 work_detect.cpp:70] Frame :20 detect result :1 face(s)
I1014 10:40:44.931479  4110 work_detect.cpp:86] Detected bbox: [165 x 223 from (245, 134)]
I1014 10:40:44.931521  4110 work_detect.cpp:120] Succeeded to add det end for frame 20
I1014 10:40:44.931538  4110 work_thread.hpp:81]  [T-Work-Detect_0] Run work: WrokTrack
I1014 10:40:44.931562  4110 work_track.cpp:82] Frame: 20 build input_characts: [0.257812 x 0.619444 from (0.382812, 0.372222)], 1.00019, 0
I1014 10:40:44.931617  4110 work_track.cpp:102] Succeeded to set track lock for frame 20
I1014 10:40:44.931655  4110 work_track.cpp:116] Succeeded to release track lock for frame 20
I1014 10:40:44.931670  4110 work_track.cpp:120] Track results of frame 20: 1 objects input, 1 objects tracked!
I1014 10:40:44.931687  4110 work_track.cpp:148] Frame: 20, track bbox: [165 x 223 from (245.106, 133.449)], gid: 0, lid: 0
I1014 10:40:44.931723  4110 work_thread.hpp:88]  [T-Work-Detect_0] Frame :20 split
I1014 10:40:44.931742  4110 work_thread.hpp:120]  [T-Work-Detect_0] Valid piece: gid = 0
I1014 10:40:44.931761  4110 work_thread.hpp:92]  [T-Work-Detect_0] Push to split queue:recog
I1014 10:40:44.931810  4111 work_thread.hpp:81]  [T-Work-Recog_0] Run work: WorkCapture
I1014 10:40:44.932111  4113 thread_intergrate.hpp:78] [T-Intergrate-intergrate] queue: frame output frame :20
I1014 10:40:44.932139  4113 thread_intergrate.hpp:85] [T-Intergrate-intergrate] queue: compare output face:0
I1014 10:40:44.932176  4113 thread_intergrate.hpp:134] T-Intergrate-intergrate set matched face: 0
I1014 10:40:44.932375  4111 work_thread.hpp:81]  [T-Work-Recog_0] Run work: WorkRecog
I1014 10:40:44.932399  4111 work_recog.hpp:89] Face id: 0 will run recog: bbox [165 x 223 from (245, 134)] quality: 0.465021
I1014 10:40:44.932428  4111 work_recog.hpp:96] Recog pair: [240 x 272 from (208, 88)], [165 x 223 from (37, 46)]
I1014 10:40:44.933353  4113 thread_intergrate.hpp:154] T-Intergrate-intergrate Show face :0, size :640 * 360
I1014 10:40:44.933969  4109 demo_inner.hpp:435] thread [SORT-0]  frame id 20 sorting queue size 0   FPS: 29.5031
I1014 10:40:44.934103  4108 demo_inner.hpp:260]  gui queue size 0, state = running
I1014 10:40:44.950542  4111 work_thread.hpp:81]  [T-Work-Recog_0] Run work: WorkCompare
I1014 10:40:44.950654  4111 work_compare.cpp:76] Compare face: 0 successed, similarity :0.934249, name : images/thanglmb.jpg, normal size : 640 * 360!
I1014 10:40:44.954190  4107 demo_inner.hpp:177] decode queue size 0
I1014 10:40:44.954264  4110 work_thread.hpp:81]  [T-Work-Detect_0] Run work: WorkDetect
I1014 10:40:44.954294  4110 work_detect.cpp:102] Succeeded to add det start for frame 21
I1014 10:40:44.961062  4110 work_detect.cpp:70] Frame :21 detect result :1 face(s)
I1014 10:40:44.961112  4110 work_detect.cpp:86] Detected bbox: [162 x 218 from (248, 136)]
I1014 10:40:44.961155  4110 work_detect.cpp:120] Succeeded to add det end for frame 21
I1014 10:40:44.961171  4110 work_thread.hpp:81]  [T-Work-Detect_0] Run work: WrokTrack
I1014 10:40:44.961196  4110 work_track.cpp:82] Frame: 21 build input_characts: [0.253125 x 0.605556 from (0.3875, 0.377778)], 1.00019, 0
I1014 10:40:44.961252  4110 work_track.cpp:102] Succeeded to set track lock for frame 21
I1014 10:40:44.961292  4110 work_track.cpp:116] Succeeded to release track lock for frame 21
I1014 10:40:44.961308  4110 work_track.cpp:120] Track results of frame 21: 1 objects input, 1 objects tracked!
I1014 10:40:44.961325  4110 work_track.cpp:148] Frame: 21, track bbox: [162 x 218 from (247.201, 136.282)], gid: 0, lid: 0
I1014 10:40:44.961362  4110 work_thread.hpp:88]  [T-Work-Detect_0] Frame :21 split
I1014 10:40:44.961380  4110 work_thread.hpp:120]  [T-Work-Detect_0] Valid piece: gid = 0
I1014 10:40:44.961400  4110 work_thread.hpp:92]  [T-Work-Detect_0] Push to split queue:recog
I1014 10:40:44.961448  4113 thread_intergrate.hpp:78] [T-Intergrate-intergrate] queue: frame output frame :21
I1014 10:40:44.961469  4112 work_thread.hpp:81]  [T-Work-Recog_1] Run work: WorkCapture
I1014 10:40:44.961479  4113 thread_intergrate.hpp:85] [T-Intergrate-intergrate] queue: compare output face:0
I1014 10:40:44.961575  4113 thread_intergrate.hpp:134] T-Intergrate-intergrate set matched face: 0
I1014 10:40:44.962157  4112 work_thread.hpp:81]  [T-Work-Recog_1] Run work: WorkRecog
I1014 10:40:44.962180  4112 work_recog.hpp:89] Face id: 0 will run recog: bbox [162 x 218 from (248, 136)] quality: 0.461896
I1014 10:40:44.962236  4112 work_recog.hpp:96] Recog pair: [232 x 272 from (216, 88)], [162 x 218 from (32, 48)]
