I1014 14:18:45.093519  7609 work_detect.cpp:102] Succeeded to add det start for frame 129
I1014 14:18:45.100147  7609 work_detect.cpp:70] Frame :129 detect result :1 face(s)
I1014 14:18:45.100205  7609 work_detect.cpp:86] Detected bbox: [175 x 223 from (267, 134)]
I1014 14:18:45.100250  7609 work_detect.cpp:120] Succeeded to add det end for frame 129
I1014 14:18:45.100266  7609 work_thread.hpp:81]  [T-Work-Detect_0] Run work: WrokTrack
I1014 14:18:45.100291  7609 work_track.cpp:82] Frame: 129 build input_characts: [0.273438 x 0.619444 from (0.417188, 0.372222)], 0.999622, 0
I1014 14:18:45.100344  7609 work_track.cpp:102] Succeeded to set track lock for frame 129
I1014 14:18:45.100384  7609 work_track.cpp:116] Succeeded to release track lock for frame 129
I1014 14:18:45.100399  7609 work_track.cpp:120] Track results of frame 129: 1 objects input, 1 objects tracked!
I1014 14:18:45.100416  7609 work_track.cpp:148] Frame: 129, track bbox: [175 x 223 from (266.747, 132.247)], gid: 1, lid: 0
I1014 14:18:45.100452  7609 work_thread.hpp:87]  [T-Work-Detect_0] Frame :129 split
I1014 14:18:45.100471  7609 work_thread.hpp:119]  [T-Work-Detect_0] Valid piece: gid = 1
I1014 14:18:45.100488  7609 work_thread.hpp:91]  [T-Work-Detect_0] Push to split queue:recog
I1014 14:18:45.100528  7611 work_thread.hpp:81]  [T-Work-Recog_1] Run work: WorkCapture
I1014 14:18:45.100531  7612 thread_intergrate.hpp:78] [T-Intergrate-intergrate] queue: frame output frame :129
I1014 14:18:45.101074  7611 work_thread.hpp:81]  [T-Work-Recog_1] Run work: WorkRecog
I1014 14:18:45.101099  7611 work_recog.hpp:89] Face id: 1 will run recog: bbox [175 x 223 from (267, 134)] quality: 0.468997
I1014 14:18:45.101125  7611 work_recog.hpp:96] Recog pair: [248 x 272 from (232, 88)], [175 x 223 from (35, 46)]
I1014 14:18:45.101675  7612 thread_intergrate.hpp:157] T-Intergrate-intergrate Show face :1, size :640 * 360
I1014 14:18:45.102205  7608 demo_inner.hpp:435] thread [SORT-0]  frame id 129 sorting queue size 0   FPS: 19.9902
I1014 14:18:45.102303  7607 demo_inner.hpp:260]  gui queue size 0, state = running
I1014 14:18:45.118940  7611 work_thread.hpp:81]  [T-Work-Recog_1] Run work: WorkCompare
I1014 14:18:45.119403  7611 work_compare.cpp:76] Compare face: 1 successed, similarity :0.992642, name : images/ThangLMb.jpg, normal size : 1548 * 1719!
I1014 14:18:45.141463  7606 demo_inner.hpp:177] decode queue size 0
I1014 14:18:45.141563  7609 work_thread.hpp:81]  [T-Work-Detect_0] Run work: WorkDetect
I1014 14:18:45.141600  7609 work_detect.cpp:102] Succeeded to add det start for frame 130
I1014 14:18:45.148195  7609 work_detect.cpp:70] Frame :130 detect result :1 face(s)
I1014 14:18:45.148238  7609 work_detect.cpp:86] Detected bbox: [172 x 220 from (267, 133)]
I1014 14:18:45.148317  7609 work_detect.cpp:120] Succeeded to add det end for frame 130
I1014 14:18:45.148334  7609 work_thread.hpp:81]  [T-Work-Detect_0] Run work: WrokTrack
I1014 14:18:45.148360  7609 work_track.cpp:82] Frame: 130 build input_characts: [0.26875 x 0.611111 from (0.417188, 0.369444)], 1.00019, 0
I1014 14:18:45.148414  7609 work_track.cpp:102] Succeeded to set track lock for frame 130
I1014 14:18:45.148454  7609 work_track.cpp:116] Succeeded to release track lock for frame 130
I1014 14:18:45.148469  7609 work_track.cpp:120] Track results of frame 130: 1 objects input, 1 objects tracked!
I1014 14:18:45.148486  7609 work_track.cpp:148] Frame: 130, track bbox: [172 x 220 from (269.042, 134.101)], gid: 1, lid: 0
I1014 14:18:45.148524  7609 work_thread.hpp:87]  [T-Work-Detect_0] Frame :130 split
I1014 14:18:45.148541  7609 work_thread.hpp:119]  [T-Work-Detect_0] Valid piece: gid = 1
I1014 14:18:45.148558  7609 work_thread.hpp:91]  [T-Work-Detect_0] Push to split queue:recog
I1014 14:18:45.148674  7611 work_thread.hpp:81]  [T-Work-Recog_1] Run work: WorkCapture
I1014 14:18:45.148681  7612 thread_intergrate.hpp:78] [T-Intergrate-intergrate] queue: frame output frame :130
I1014 14:18:45.148710  7612 thread_intergrate.hpp:85] [T-Intergrate-intergrate] queue: compare output face:1
I1014 14:18:45.148727  7612 thread_intergrate.hpp:137] T-Intergrate-intergrate set matched face: 1
I1014 14:18:45.149247  7611 work_thread.hpp:81]  [T-Work-Recog_1] Run work: WorkRecog
I1014 14:18:45.149274  7611 work_recog.hpp:89] Face id: 1 will run recog: bbox [172 x 220 from (267, 133)] quality: 0.451388
I1014 14:18:45.149304  7611 work_recog.hpp:96] Recog pair: [248 x 272 from (232, 88)], [172 x 220 from (35, 45)]
I1014 14:18:45.150153  7612 thread_intergrate.hpp:157] T-Intergrate-intergrate Show face :1, size :640 * 360
I1014 14:18:45.150722  7608 demo_inner.hpp:435] thread [SORT-0]  frame id 130 sorting queue size 0   FPS: 19.9805
I1014 14:18:45.150800  7607 demo_inner.hpp:260]  gui queue size 0, state = running
I1014 14:18:45.166986  7611 work_thread.hpp:81]  [T-Work-Recog_1] Run work: WorkCompare
I1014 14:18:45.167448  7611 work_compare.cpp:76] Compare face: 1 successed, similarity :0.992364, name : images/ThangLMb.jpg, normal size : 1548 * 1719!
I1014 14:18:45.190521  7606 demo_inner.hpp:177] decode queue size 0
I1014 14:18:45.190623  7609 work_thread.hpp:81]  [T-Work-Detect_0] Run work: WorkDetect
I1014 14:18:45.190656  7609 work_detect.cpp:102] Succeeded to add det start for frame 131
I1014 14:18:45.197324  7609 work_detect.cpp:70] Frame :131 detect result :1 face(s)
I1014 14:18:45.197368  7609 work_detect.cpp:86] Detected bbox: [172 x 223 from (268, 132)]
I1014 14:18:45.197412  7609 work_detect.cpp:120] Succeeded to add det end for frame 131
I1014 14:18:45.197427  7609 work_thread.hpp:81]  [T-Work-Detect_0] Run work: WrokTrack
I1014 14:18:45.197451  7609 work_track.cpp:82] Frame: 131 build input_characts: [0.26875 x 0.619444 from (0.41875, 0.366667)], 0.999622, 0
I1014 14:18:45.197506  7609 work_track.cpp:102] Succeeded to set track lock for frame 131
I1014 14:18:45.197546  7609 work_track.cpp:116] Succeeded to release track lock for frame 131
I1014 14:18:45.197561  7609 work_track.cpp:120] Track results of frame 131: 1 objects input, 1 objects tracked!
I1014 14:18:45.197579  7609 work_track.cpp:148] Frame: 131, track bbox: [172 x 223 from (268.009, 132.447)], gid: 1, lid: 0
I1014 14:18:45.197614  7609 work_thread.hpp:87]  [T-Work-Detect_0] Frame :131 split
I1014 14:18:45.197633  7609 work_thread.hpp:119]  [T-Work-Detect_0] Valid piece: gid = 1
I1014 14:18:45.197650  7609 work_thread.hpp:91]  [T-Work-Detect_0] Push to split queue:recog
I1014 14:18:45.197702  7612 thread_intergrate.hpp:78] [T-Intergrate-intergrate] queue: frame output frame :131
I1014 14:18:45.197705  7611 work_thread.hpp:81]  [T-Work-Recog_1] Run work: WorkCapture
I1014 14:18:45.197733  7612 thread_intergrate.hpp:85] [T-Intergrate-intergrate] queue: compare output face:1
I1014 14:18:45.197752  7612 thread_intergrate.hpp:137] T-Intergrate-intergrate set matched face: 1
I1014 14:18:45.198328  7611 work_thread.hpp:81]  [T-Work-Recog_1] Run work: WorkRecog
I1014 14:18:45.198355  7611 work_recog.hpp:89] Face id: 1 will run recog: bbox [172 x 223 from (268, 132)] quality: 0.445494
I1014 14:18:45.198388  7611 work_recog.hpp:96] Recog pair: [248 x 272 from (232, 88)], [172 x 223 from (36, 44)]
I1014 14:18:45.199175  7612 thread_intergrate.hpp:157] T-Intergrate-intergrate Show face :1, size :640 * 360
I1014 14:18:45.199636  7608 demo_inner.hpp:435] thread [SORT-0]  frame id 131 sorting queue size 0   FPS: 24.4048
I1014 14:18:45.199720  7607 demo_inner.hpp:260]  gui queue size 0, state = running
I1014 14:18:45.216152  7611 work_thread.hpp:81]  [T-Work-Recog_1] Run work: WorkCompare
I1014 14:18:45.216626  7611 work_compare.cpp:76] Compare face: 1 successed, similarity :0.995501, name : images/ThangLMb.jpg, normal size : 1548 * 1719!
I1014 14:18:45.243337  7606 demo_inner.hpp:177] decode queue size 0
I1014 14:18:45.243528  7609 work_thread.hpp:81]  [T-Work-Detect_0] Run work: WorkDetect
I1014 14:18:45.243563  7609 work_detect.cpp:102] Succeeded to add det start for frame 132
I1014 14:18:45.250294  7609 work_detect.cpp:70] Frame :132 detect result :1 face(s)
I1014 14:18:45.250341  7609 work_detect.cpp:86] Detected bbox: [172 x 220 from (269, 132)]
I1014 14:18:45.250385  7609 work_detect.cpp:120] Succeeded to add det end for frame 132
I1014 14:18:45.250401  7609 work_thread.hpp:81]  [T-Work-Detect_0] Run work: WrokTrack
I1014 14:18:45.250425  7609 work_track.cpp:82] Frame: 132 build input_characts: [0.26875 x 0.611111 from (0.420312, 0.366667)], 1.00019, 0
I1014 14:18:45.250479  7609 work_track.cpp:102] Succeeded to set track lock for frame 132
I1014 14:18:45.250519  7609 work_track.cpp:116] Succeeded to release track lock for frame 132
I1014 14:18:45.250535  7609 work_track.cpp:120] Track results of frame 132: 1 objects input, 1 objects tracked!
I1014 14:18:45.250552  7609 work_track.cpp:148] Frame: 132, track bbox: [172 x 220 from (268.607, 133.293)], gid: 1, lid: 0
I1014 14:18:45.250589  7609 work_thread.hpp:87]  [T-Work-Detect_0] Frame :132 split
I1014 14:18:45.250607  7609 work_thread.hpp:119]  [T-Work-Detect_0] Valid piece: gid = 1
I1014 14:18:45.250624  7609 work_thread.hpp:91]  [T-Work-Detect_0] Push to split queue:recog
I1014 14:18:45.250670  7611 work_thread.hpp:81]  [T-Work-Recog_1] Run work: WorkCapture
I1014 14:18:45.250968  7612 thread_intergrate.hpp:78] [T-Intergrate-intergrate] queue: frame output frame :132
I1014 14:18:45.250995  7612 thread_intergrate.hpp:85] [T-Intergrate-intergrate] queue: compare output face:1
I1014 14:18:45.251013  7612 thread_intergrate.hpp:137] T-Intergrate-intergrate set matched face: 1
I1014 14:18:45.251219  7611 work_thread.hpp:81]  [T-Work-Recog_1] Run work: WorkRecog
I1014 14:18:45.251243  7611 work_recog.hpp:89] Face id: 1 will run recog: bbox [172 x 220 from (269, 132)] quality: 0.456345
I1014 14:18:45.251271  7611 work_recog.hpp:96] Recog pair: [248 x 272 from (232, 88)], [172 x 220 from (37, 44)]
I1014 14:18:45.252504  7612 thread_intergrate.hpp:157] T-Intergrate-intergrate Show face :1, size :640 * 360
I1014 14:18:45.253029  7608 demo_inner.hpp:435] thread [SORT-0]  frame id 132 sorting queue size 0   FPS: 24.2354
I1014 14:18:45.253123  7607 demo_inner.hpp:260]  gui queue size 0, state = running
I1014 14:18:45.268764  7611 work_thread.hpp:81]  [T-Work-Recog_1] Run work: WorkCompare
I1014 14:18:45.269232  7611 work_compare.cpp:76] Compare face: 1 successed, similarity :0.990654, name : images/ThangLMb.jpg, normal size : 1548 * 1719!
I1014 14:18:45.291353  7606 demo_inner.hpp:177] decode queue size 0
I1014 14:18:45.291446  7609 work_thread.hpp:81]  [T-Work-Detect_0] Run work: WorkDetect
I1014 14:18:45.291482  7609 work_detect.cpp:102] Succeeded to add det start for frame 133
I1014 14:18:45.298161  7609 work_detect.cpp:70] Frame :133 detect result :1 face(s)
I1014 14:18:45.298207  7609 work_detect.cpp:86] Detected bbox: [171 x 220 from (270, 133)]
I1014 14:18:45.298250  7609 work_detect.cpp:120] Succeeded to add det end for frame 133
I1014 14:18:45.298267  7609 work_thread.hpp:81]  [T-Work-Detect_0] Run work: WrokTrack
I1014 14:18:45.298291  7609 work_track.cpp:82] Frame: 133 build input_characts: [0.267188 x 0.611111 from (0.421875, 0.369444)], 0.999622, 0
I1014 14:18:45.298346  7609 work_track.cpp:102] Succeeded to set track lock for frame 133
I1014 14:18:45.298384  7609 work_track.cpp:116] Succeeded to release track lock for frame 133
I1014 14:18:45.298399  7609 work_track.cpp:120] Track results of frame 133: 1 objects input, 1 objects tracked!
I1014 14:18:45.298418  7609 work_track.cpp:148] Frame: 133, track bbox: [171 x 220 from (269.644, 132.91)], gid: 1, lid: 0
I1014 14:18:45.298454  7609 work_thread.hpp:87]  [T-Work-Detect_0] Frame :133 split
I1014 14:18:45.298472  7609 work_thread.hpp:119]  [T-Work-Detect_0] Valid piece: gid = 1
I1014 14:18:45.298491  7609 work_thread.hpp:91]  [T-Work-Detect_0] Push to split queue:recog
I1014 14:18:45.298547  7611 work_thread.hpp:81]  [T-Work-Recog_1] Run work: WorkCapture
I1014 14:18:45.298924  7612 thread_intergrate.hpp:78] [T-Intergrate-intergrate] queue: frame output frame :133
I1014 14:18:45.298951  7612 thread_intergrate.hpp:85] [T-Intergrate-intergrate] queue: compare output face:1
I1014 14:18:45.298970  7612 thread_intergrate.hpp:137] T-Intergrate-intergrate set matched face: 1
I1014 14:18:45.299171  7611 work_thread.hpp:81]  [T-Work-Recog_1] Run work: WorkRecog
I1014 14:18:45.299196  7611 work_recog.hpp:89] Face id: 1 will run recog: bbox [171 x 220 from (270, 133)] quality: 0.461181
I1014 14:18:45.299222  7611 work_recog.hpp:96] Recog pair: [248 x 272 from (232, 88)], [171 x 220 from (38, 45)]
I1014 14:18:45.300444  7612 thread_intergrate.hpp:157] T-Intergrate-intergrate Show face :1, size :640 * 360
I1014 14:18:45.300933  7608 demo_inner.hpp:435] thread [SORT-0]  frame id 133 sorting queue size 0   FPS: 24.1437
I1014 14:18:45.301025  7607 demo_inner.hpp:260]  gui queue size 0, state = running
I1014 14:18:45.316768  7611 work_thread.hpp:81]  [T-Work-Recog_1] Run work: WorkCompare
I1014 14:18:45.317229  7611 work_compare.cpp:76] Compare face: 1 successed, similarity :0.995939, name : images/ThangLMb.jpg, normal size : 1548 * 1719!
I1014 14:18:45.339466  7606 demo_inner.hpp:177] decode queue size 0
I1014 14:18:45.339566  7609 work_thread.hpp:81]  [T-Work-Detect_0] Run work: WorkDetect
I1014 14:18:45.339602  7609 work_detect.cpp:102] Succeeded to add det start for frame 134
I1014 14:18:45.346297  7609 work_detect.cpp:70] Frame :134 detect result :1 face(s)
I1014 14:18:45.346340  7609 work_detect.cpp:86] Detected bbox: [170 x 230 from (263, 127)]
I1014 14:18:45.346383  7609 work_detect.cpp:120] Succeeded to add det end for frame 134
I1014 14:18:45.346400  7609 work_thread.hpp:81]  [T-Work-Detect_0] Run work: WrokTrack
I1014 14:18:45.346423  7609 work_track.cpp:82] Frame: 134 build input_characts: [0.265625 x 0.638889 from (0.410937, 0.352778)], 1.00019, 0
I1014 14:18:45.346478  7609 work_track.cpp:102] Succeeded to set track lock for frame 134
I1014 14:18:45.346518  7609 work_track.cpp:116] Succeeded to release track lock for frame 134
I1014 14:18:45.346534  7609 work_track.cpp:120] Track results of frame 134: 1 objects input, 1 objects tracked!
I1014 14:18:45.346551  7609 work_track.cpp:148] Frame: 134, track bbox: [170 x 230 from (266.601, 126.813)], gid: 1, lid: 0
I1014 14:18:45.346586  7609 work_thread.hpp:87]  [T-Work-Detect_0] Frame :134 split
I1014 14:18:45.346604  7609 work_thread.hpp:119]  [T-Work-Detect_0] Valid piece: gid = 1
I1014 14:18:45.346622  7609 work_thread.hpp:91]  [T-Work-Detect_0] Push to split queue:recog
I1014 14:18:45.346671  7611 work_thread.hpp:81]  [T-Work-Recog_1] Run work: WorkCapture
I1014 14:18:45.346969  7612 thread_intergrate.hpp:78] [T-Intergrate-intergrate] queue: frame output frame :134
I1014 14:18:45.346997  7612 thread_intergrate.hpp:85] [T-Intergrate-intergrate] queue: compare output face:1
I1014 14:18:45.347019  7612 thread_intergrate.hpp:137] T-Intergrate-intergrate set matched face: 1
I1014 14:18:45.347215  7611 work_thread.hpp:81]  [T-Work-Recog_1] Run work: WorkRecog
I1014 14:18:45.347239  7611 work_recog.hpp:89] Face id: 1 will run recog: bbox [170 x 230 from (263, 127)] quality: 0.4705
I1014 14:18:45.347265  7611 work_recog.hpp:96] Recog pair: [248 x 280 from (224, 80)], [170 x 230 from (39, 47)]
I1014 14:18:45.348541  7612 thread_intergrate.hpp:157] T-Intergrate-intergrate Show face :1, size :640 * 360
I1014 14:18:45.349151  7608 demo_inner.hpp:435] thread [SORT-0]  frame id 134 sorting queue size 0   FPS: 24.0569
I1014 14:18:45.349248  7607 demo_inner.hpp:260]  gui queue size 0, state = running
I1014 14:18:45.364802  7611 work_thread.hpp:81]  [T-Work-Recog_1] Run work: WorkCompare
I1014 14:18:45.365268  7611 work_compare.cpp:76] Compare face: 1 successed, similarity :0.99382, name : images/ThangLMb.jpg, normal size : 1548 * 1719!
I1014 14:18:45.393343  7606 demo_inner.hpp:177] decode queue size 0
I1014 14:18:45.393455  7609 work_thread.hpp:81]  [T-Work-Detect_0] Run work: WorkDetect
I1014 14:18:45.393575  7609 work_detect.cpp:102] Succeeded to add det start for frame 135
I1014 14:18:45.400321  7609 work_detect.cpp:70] Frame :135 detect result :1 face(s)
I1014 14:18:45.400365  7609 work_detect.cpp:86] Detected bbox: [173 x 232 from (261, 127)]
I1014 14:18:45.400408  7609 work_detect.cpp:120] Succeeded to add det end for frame 135
I1014 14:18:45.400424  7609 work_thread.hpp:81]  [T-Work-Detect_0] Run work: WrokTrack
I1014 14:18:45.400449  7609 work_track.cpp:82] Frame: 135 build input_characts: [0.270312 x 0.644444 from (0.407813, 0.352778)], 1.00019, 0
I1014 14:18:45.400502  7609 work_track.cpp:102] Succeeded to set track lock for frame 135
I1014 14:18:45.400542  7609 work_track.cpp:116] Succeeded to release track lock for frame 135
I1014 14:18:45.400557  7609 work_track.cpp:120] Track results of frame 135: 1 objects input, 1 objects tracked!
I1014 14:18:45.400574  7609 work_track.cpp:148] Frame: 135, track bbox: [173 x 232 from (262.476, 126.508)], gid: 1, lid: 0
I1014 14:18:45.400609  7609 work_thread.hpp:87]  [T-Work-Detect_0] Frame :135 split
I1014 14:18:45.400627  7609 work_thread.hpp:119]  [T-Work-Detect_0] Valid piece: gid = 1
I1014 14:18:45.400645  7609 work_thread.hpp:91]  [T-Work-Detect_0] Push to split queue:recog
I1014 14:18:45.400692  7612 thread_intergrate.hpp:78] [T-Intergrate-intergrate] queue: frame output frame :135
I1014 14:18:45.400701  7610 work_thread.hpp:81]  [T-Work-Recog_0] Run work: WorkCapture
I1014 14:18:45.400719  7612 thread_intergrate.hpp:85] [T-Intergrate-intergrate] queue: compare output face:1
I1014 14:18:45.400738  7612 thread_intergrate.hpp:137] T-Intergrate-intergrate set matched face: 1
I1014 14:18:45.401263  7610 work_thread.hpp:81]  [T-Work-Recog_0] Run work: WorkRecog
I1014 14:18:45.401288  7610 work_recog.hpp:89] Face id: 1 will run recog: bbox [173 x 232 from (261, 127)] quality: 0.476698
I1014 14:18:45.401319  7610 work_recog.hpp:96] Recog pair: [248 x 280 from (224, 80)], [173 x 232 from (37, 47)]
I1014 14:18:45.402135  7612 thread_intergrate.hpp:157] T-Intergrate-intergrate Show face :1, size :640 * 360
I1014 14:18:45.402732  7608 demo_inner.hpp:435] thread [SORT-0]  frame id 135 sorting queue size 0   FPS: 23.898
I1014 14:18:45.402899  7607 demo_inner.hpp:260]  gui queue size 0, state = running
I1014 14:18:45.418879  7610 work_thread.hpp:81]  [T-Work-Recog_0] Run work: WorkCompare
I1014 14:18:45.419338  7610 work_compare.cpp:76] Compare face: 1 successed, similarity :0.996049, name : images/ThangLMb.jpg, normal size : 1548 * 1719!
I1014 14:18:45.441393  7606 demo_inner.hpp:177] decode queue size 0
I1014 14:18:45.441496  7609 work_thread.hpp:81]  [T-Work-Detect_0] Run work: WorkDetect
I1014 14:18:45.441534  7609 work_detect.cpp:102] Succeeded to add det start for frame 136
I1014 14:18:45.448210  7609 work_detect.cpp:70] Frame :136 detect result :1 face(s)
I1014 14:18:45.448253  7609 work_detect.cpp:86] Detected bbox: [171 x 223 from (269, 131)]
I1014 14:18:45.448297  7609 work_detect.cpp:120] Succeeded to add det end for frame 136
I1014 14:18:45.448314  7609 work_thread.hpp:81]  [T-Work-Detect_0] Run work: WrokTrack
I1014 14:18:45.448338  7609 work_track.cpp:82] Frame: 136 build input_characts: [0.267188 x 0.619444 from (0.420312, 0.363889)], 1.00019, 0
I1014 14:18:45.448392  7609 work_track.cpp:102] Succeeded to set track lock for frame 136
I1014 14:18:45.448432  7609 work_track.cpp:116] Succeeded to release track lock for frame 136
I1014 14:18:45.448447  7609 work_track.cpp:120] Track results of frame 136: 1 objects input, 1 objects tracked!
I1014 14:18:45.448464  7609 work_track.cpp:148] Frame: 136, track bbox: [171 x 223 from (264.953, 130.947)], gid: 1, lid: 0
I1014 14:18:45.448500  7609 work_thread.hpp:87]  [T-Work-Detect_0] Frame :136 split
I1014 14:18:45.448518  7609 work_thread.hpp:119]  [T-Work-Detect_0] Valid piece: gid = 1
I1014 14:18:45.448535  7609 work_thread.hpp:91]  [T-Work-Detect_0] Push to split queue:recog
I1014 14:18:45.448585  7610 work_thread.hpp:81]  [T-Work-Recog_0] Run work: WorkCapture
I1014 14:18:45.448884  7612 thread_intergrate.hpp:78] [T-Intergrate-intergrate] queue: frame output frame :136
I1014 14:18:45.448997  7612 thread_intergrate.hpp:85] [T-Intergrate-intergrate] queue: compare output face:1
I1014 14:18:45.449018  7612 thread_intergrate.hpp:137] T-Intergrate-intergrate set matched face: 1
I1014 14:18:45.449127  7610 work_thread.hpp:81]  [T-Work-Recog_0] Run work: WorkRecog
I1014 14:18:45.449151  7610 work_recog.hpp:89] Face id: 1 will run recog: bbox [171 x 223 from (269, 131)] quality: 0.451137
I1014 14:18:45.449177  7610 work_recog.hpp:96] Recog pair: [248 x 280 from (232, 80)], [171 x 223 from (37, 51)]
I1014 14:18:45.450470  7612 thread_intergrate.hpp:157] T-Intergrate-intergrate Show face :1, size :640 * 360
I1014 14:18:45.451059  7608 demo_inner.hpp:435] thread [SORT-0]  frame id 136 sorting queue size 0   FPS: 23.8219
I1014 14:18:45.451145  7607 demo_inner.hpp:260]  gui queue size 0, state = running
I1014 14:18:45.466673  7610 work_thread.hpp:81]  [T-Work-Recog_0] Run work: WorkCompare
I1014 14:18:45.467139  7610 work_compare.cpp:76] Compare face: 1 successed, similarity :0.993591, name : images/ThangLMb.jpg, normal size : 1548 * 1719!
I1014 14:18:45.489426  7606 demo_inner.hpp:177] decode queue size 0
I1014 14:18:45.489521  7609 work_thread.hpp:81]  [T-Work-Detect_0] Run work: WorkDetect
I1014 14:18:45.489555  7609 work_detect.cpp:102] Succeeded to add det start for frame 137
I1014 14:18:45.496309  7609 work_detect.cpp:70] Frame :137 detect result :1 face(s)
W1014 14:18:45.496353  7609 work_detect.cpp:83] Invalid bbox: [167 x 210 from (265, 154)]
I1014 14:18:45.496429  7609 work_detect.cpp:120] Succeeded to add det end for frame 137
I1014 14:18:45.496446  7609 work_thread.hpp:81]  [T-Work-Detect_0] Run work: WrokTrack
I1014 14:18:45.496474  7609 work_track.cpp:102] Succeeded to set track lock for frame 137
I1014 14:18:45.496505  7609 work_track.cpp:116] Succeeded to release track lock for frame 137
I1014 14:18:45.496520  7609 work_track.cpp:120] Track results of frame 137: 0 objects input, 1 objects tracked!
I1014 14:18:45.496537  7609 work_track.cpp:148] Frame: 137, track bbox: [171 x 223 from (264.166, 130.862)], gid: 1, lid: -1
I1014 14:18:45.496589  7609 work_thread.hpp:87]  [T-Work-Detect_0] Frame :137 split
I1014 14:18:45.496639  7612 thread_intergrate.hpp:78] [T-Intergrate-intergrate] queue: frame output frame :137
I1014 14:18:45.496668  7612 thread_intergrate.hpp:85] [T-Intergrate-intergrate] queue: compare output face:1
I1014 14:18:45.496687  7612 thread_intergrate.hpp:137] T-Intergrate-intergrate set matched face: 1
I1014 14:18:45.498054  7612 thread_intergrate.hpp:157] T-Intergrate-intergrate Show face :1, size :640 * 360
I1014 14:18:45.498594  7608 demo_inner.hpp:435] thread [SORT-0]  frame id 137 sorting queue size 0   FPS: 23.7494
I1014 14:18:45.498693  7607 demo_inner.hpp:260]  gui queue size 0, state = running
I1014 14:18:45.543305  7606 demo_inner.hpp:177] decode queue size 0
I1014 14:18:45.543409  7609 work_thread.hpp:81]  [T-Work-Detect_0] Run work: WorkDetect
I1014 14:18:45.543442  7609 work_detect.cpp:102] Succeeded to add det start for frame 138
I1014 14:18:45.550076  7609 work_detect.cpp:70] Frame :138 detect result :1 face(s)
W1014 14:18:45.550123  7609 work_detect.cpp:83] Invalid bbox: [171 x 217 from (263, 150)]
I1014 14:18:45.550196  7609 work_detect.cpp:120] Succeeded to add det end for frame 138
I1014 14:18:45.550213  7609 work_thread.hpp:81]  [T-Work-Detect_0] Run work: WrokTrack
I1014 14:18:45.550240  7609 work_track.cpp:102] Succeeded to set track lock for frame 138
I1014 14:18:45.550271  7609 work_track.cpp:116] Succeeded to release track lock for frame 138
I1014 14:18:45.550285  7609 work_track.cpp:120] Track results of frame 138: 0 objects input, 0 objects tracked!
I1014 14:18:45.550303  7609 work_thread.hpp:87]  [T-Work-Detect_0] Frame :138 split
I1014 14:18:45.550350  7612 thread_intergrate.hpp:78] [T-Intergrate-intergrate] queue: frame output frame :138
I1014 14:18:45.551441  7612 thread_intergrate.hpp:157] T-Intergrate-intergrate Show face :1, size :640 * 360
I1014 14:18:45.551991  7608 demo_inner.hpp:435] thread [SORT-0]  frame id 138 sorting queue size 0   FPS: 23.622
I1014 14:18:45.552067  7607 demo_inner.hpp:260]  gui queue size 0, state = running
I1014 14:18:45.591367  7606 demo_inner.hpp:177] decode queue size 0
I1014 14:18:45.591464  7609 work_thread.hpp:81]  [T-Work-Detect_0] Run work: WorkDetect
I1014 14:18:45.591496  7609 work_detect.cpp:102] Succeeded to add det start for frame 139
I1014 14:18:45.598237  7609 work_detect.cpp:70] Frame :139 detect result :1 face(s)
I1014 14:18:45.598284  7609 work_detect.cpp:86] Detected bbox: [166 x 220 from (272, 134)]
I1014 14:18:45.598326  7609 work_detect.cpp:120] Succeeded to add det end for frame 139
I1014 14:18:45.598343  7609 work_thread.hpp:81]  [T-Work-Detect_0] Run work: WrokTrack
I1014 14:18:45.598366  7609 work_track.cpp:82] Frame: 139 build input_characts: [0.259375 x 0.611111 from (0.425, 0.372222)], 1.00019, 0
I1014 14:18:45.598421  7609 work_track.cpp:102] Succeeded to set track lock for frame 139
I1014 14:18:45.598460  7609 work_track.cpp:116] Succeeded to release track lock for frame 139
I1014 14:18:45.598474  7609 work_track.cpp:120] Track results of frame 139: 1 objects input, 0 objects tracked!
I1014 14:18:45.598492  7609 work_track.cpp:162] Frame: 139 lid: 0 not tracked, will set invalid
I1014 14:18:45.598507  7609 work_thread.hpp:87]  [T-Work-Detect_0] Frame :139 split
I1014 14:18:45.598525  7609 work_thread.hpp:123]  [T-Work-Detect_0] Invalid piece: lid = 0, drop it
I1014 14:18:45.598570  7612 thread_intergrate.hpp:78] [T-Intergrate-intergrate] queue: frame output frame :139
I1014 14:18:45.599663  7612 thread_intergrate.hpp:157] T-Intergrate-intergrate Show face :1, size :640 * 360
I1014 14:18:45.600205  7608 demo_inner.hpp:435] thread [SORT-0]  frame id 139 sorting queue size 0   FPS: 23.0769
I1014 14:18:45.639611  7606 demo_inner.hpp:177] decode queue size 0
I1014 14:18:45.639714  7609 work_thread.hpp:81]  [T-Work-Detect_0] Run work: WorkDetect
I1014 14:18:45.639744  7609 work_detect.cpp:102] Succeeded to add det start for frame 140
I1014 14:18:45.646428  7609 work_detect.cpp:70] Frame :140 detect result :1 face(s)
I1014 14:18:45.646466  7609 work_detect.cpp:86] Detected bbox: [173 x 233 from (262, 124)]
I1014 14:18:45.646508  7609 work_detect.cpp:120] Succeeded to add det end for frame 140
I1014 14:18:45.646524  7609 work_thread.hpp:81]  [T-Work-Detect_0] Run work: WrokTrack
I1014 14:18:45.646548  7609 work_track.cpp:82] Frame: 140 build input_characts: [0.270312 x 0.647222 from (0.409375, 0.344444)], 1.00035, 0
I1014 14:18:45.646603  7609 work_track.cpp:102] Succeeded to set track lock for frame 140
I1014 14:18:45.646643  7609 work_track.cpp:116] Succeeded to release track lock for frame 140
I1014 14:18:45.646657  7609 work_track.cpp:120] Track results of frame 140: 1 objects input, 0 objects tracked!
I1014 14:18:45.646675  7609 work_track.cpp:162] Frame: 140 lid: 0 not tracked, will set invalid
I1014 14:18:45.646692  7609 work_thread.hpp:87]  [T-Work-Detect_0] Frame :140 split
I1014 14:18:45.646708  7609 work_thread.hpp:123]  [T-Work-Detect_0] Invalid piece: lid = 0, drop it
I1014 14:18:45.646759  7612 thread_intergrate.hpp:78] [T-Intergrate-intergrate] queue: frame output frame :140
I1014 14:18:45.647852  7612 thread_intergrate.hpp:157] T-Intergrate-intergrate Show face :1, size :640 * 360
I1014 14:18:45.648412  7608 demo_inner.hpp:435] thread [SORT-0]  frame id 140 sorting queue size 1   FPS: 22.5564
I1014 14:18:45.693320  7606 demo_inner.hpp:177] decode queue size 0
I1014 14:18:45.693421  7609 work_thread.hpp:81]  [T-Work-Detect_0] Run work: WorkDetect
I1014 14:18:45.693454  7609 work_detect.cpp:102] Succeeded to add det start for frame 141
I1014 14:18:45.700086  7609 work_detect.cpp:70] Frame :141 detect result :1 face(s)
I1014 14:18:45.700132  7609 work_detect.cpp:86] Detected bbox: [171 x 229 from (262, 127)]
I1014 14:18:45.700187  7609 work_detect.cpp:120] Succeeded to add det end for frame 141
I1014 14:18:45.700206  7609 work_thread.hpp:81]  [T-Work-Detect_0] Run work: WrokTrack
I1014 14:18:45.700229  7609 work_track.cpp:82] Frame: 141 build input_characts: [0.267188 x 0.636111 from (0.409375, 0.352778)], 1.00019, 0
I1014 14:18:45.700357  7609 work_track.cpp:102] Succeeded to set track lock for frame 141
I1014 14:18:45.700398  7609 work_track.cpp:116] Succeeded to release track lock for frame 141
I1014 14:18:45.700413  7609 work_track.cpp:120] Track results of frame 141: 1 objects input, 1 objects tracked!
I1014 14:18:45.700433  7609 work_track.cpp:148] Frame: 141, track bbox: [171 x 229 from (264.781, 127.261)], gid: 1, lid: 0
I1014 14:18:45.700469  7609 work_thread.hpp:87]  [T-Work-Detect_0] Frame :141 split
I1014 14:18:45.700487  7609 work_thread.hpp:119]  [T-Work-Detect_0] Valid piece: gid = 1
I1014 14:18:45.700505  7609 work_thread.hpp:91]  [T-Work-Detect_0] Push to split queue:recog
I1014 14:18:45.700552  7611 work_thread.hpp:81]  [T-Work-Recog_1] Run work: WorkCapture
I1014 14:18:45.700855  7612 thread_intergrate.hpp:78] [T-Intergrate-intergrate] queue: frame output frame :141
I1014 14:18:45.701088  7611 work_thread.hpp:81]  [T-Work-Recog_1] Run work: WorkRecog
I1014 14:18:45.701112  7611 work_recog.hpp:89] Face id: 1 will run recog: bbox [171 x 229 from (262, 127)] quality: 0.4705
I1014 14:18:45.701138  7611 work_recog.hpp:96] Recog pair: [248 x 280 from (224, 80)], [171 x 229 from (38, 47)]
I1014 14:18:45.701990  7612 thread_intergrate.hpp:157] T-Intergrate-intergrate Show face :1, size :640 * 360
I1014 14:18:45.702513  7608 demo_inner.hpp:435] thread [SORT-0]  frame id 141 sorting queue size 2   FPS: 21.9982
I1014 14:18:45.718588  7611 work_thread.hpp:81]  [T-Work-Recog_1] Run work: WorkCompare
I1014 14:18:45.719051  7611 work_compare.cpp:76] Compare face: 1 successed, similarity :0.995724, name : images/ThangLMb.jpg, normal size : 1548 * 1719!
I1014 14:18:45.741338  7606 demo_inner.hpp:177] decode queue size 0
I1014 14:18:45.741430  7609 work_thread.hpp:81]  [T-Work-Detect_0] Run work: WorkDetect
I1014 14:18:45.741464  7609 work_detect.cpp:102] Succeeded to add det start for frame 142
I1014 14:18:45.748107  7609 work_detect.cpp:70] Frame :142 detect result :1 face(s)
I1014 14:18:45.748147  7609 work_detect.cpp:86] Detected bbox: [175 x 233 from (260, 124)]
I1014 14:18:45.748215  7609 work_detect.cpp:120] Succeeded to add det end for frame 142
I1014 14:18:45.748234  7609 work_thread.hpp:81]  [T-Work-Detect_0] Run work: WrokTrack
I1014 14:18:45.748257  7609 work_track.cpp:82] Frame: 142 build input_characts: [0.273438 x 0.647222 from (0.40625, 0.344444)], 1.00019, 0
I1014 14:18:45.748313  7609 work_track.cpp:102] Succeeded to set track lock for frame 142
I1014 14:18:45.748354  7609 work_track.cpp:116] Succeeded to release track lock for frame 142
I1014 14:18:45.748368  7609 work_track.cpp:120] Track results of frame 142: 1 objects input, 1 objects tracked!
I1014 14:18:45.748386  7609 work_track.cpp:148] Frame: 142, track bbox: [175 x 233 from (261.161, 124.476)], gid: 1, lid: 0
I1014 14:18:45.748422  7609 work_thread.hpp:87]  [T-Work-Detect_0] Frame :142 split
I1014 14:18:45.748440  7609 work_thread.hpp:119]  [T-Work-Detect_0] Valid piece: gid = 1
I1014 14:18:45.748457  7609 work_thread.hpp:91]  [T-Work-Detect_0] Push to split queue:recog
I1014 14:18:45.748512  7610 work_thread.hpp:81]  [T-Work-Recog_0] Run work: WorkCapture
I1014 14:18:45.748816  7612 thread_intergrate.hpp:78] [T-Intergrate-intergrate] queue: frame output frame :142
I1014 14:18:45.748847  7612 thread_intergrate.hpp:85] [T-Intergrate-intergrate] queue: compare output face:1
I1014 14:18:45.748865  7612 thread_intergrate.hpp:137] T-Intergrate-intergrate set matched face: 1
I1014 14:18:45.749061  7610 work_thread.hpp:81]  [T-Work-Recog_0] Run work: WorkRecog
I1014 14:18:45.749085  7610 work_recog.hpp:89] Face id: 1 will run recog: bbox [175 x 233 from (260, 124)] quality: 0.478765
I1014 14:18:45.749114  7610 work_recog.hpp:96] Recog pair: [248 x 288 from (224, 72)], [175 x 233 from (36, 52)]
I1014 14:18:45.750336  7612 thread_intergrate.hpp:157] T-Intergrate-intergrate Show face :1, size :640 * 360
I1014 14:18:45.750855  7608 demo_inner.hpp:435] thread [SORT-0]  frame id 142 sorting queue size 3   FPS: 21.5343
I1014 14:18:45.766775  7610 work_thread.hpp:81]  [T-Work-Recog_0] Run work: WorkCompare
I1014 14:18:45.767231  7610 work_compare.cpp:76] Compare face: 1 successed, similarity :0.994467, name : images/ThangLMb.jpg, normal size : 1548 * 1719!
I1014 14:18:45.789866  7606 demo_inner.hpp:177] decode queue size 0
I1014 14:18:45.789985  7609 work_thread.hpp:81]  [T-Work-Detect_0] Run work: WorkDetect
I1014 14:18:45.790028  7609 work_detect.cpp:102] Succeeded to add det start for frame 143
I1014 14:18:45.796670  7609 work_detect.cpp:70] Frame :143 detect result :1 face(s)
W1014 14:18:45.796713  7609 work_detect.cpp:83] Invalid bbox: [165 x 206 from (273, 156)]
I1014 14:18:45.796789  7609 work_detect.cpp:120] Succeeded to add det end for frame 143
I1014 14:18:45.796806  7609 work_thread.hpp:81]  [T-Work-Detect_0] Run work: WrokTrack
I1014 14:18:45.796834  7609 work_track.cpp:102] Succeeded to set track lock for frame 143
I1014 14:18:45.796866  7609 work_track.cpp:116] Succeeded to release track lock for frame 143
I1014 14:18:45.796880  7609 work_track.cpp:120] Track results of frame 143: 0 objects input, 1 objects tracked!
I1014 14:18:45.796897  7609 work_track.cpp:148] Frame: 143, track bbox: [175 x 233 from (260.713, 124.154)], gid: 1, lid: -1
I1014 14:18:45.796949  7609 work_thread.hpp:87]  [T-Work-Detect_0] Frame :143 split
I1014 14:18:45.797003  7612 thread_intergrate.hpp:78] [T-Intergrate-intergrate] queue: frame output frame :143
I1014 14:18:45.797032  7612 thread_intergrate.hpp:85] [T-Intergrate-intergrate] queue: compare output face:1
I1014 14:18:45.797050  7612 thread_intergrate.hpp:137] T-Intergrate-intergrate set matched face: 1
I1014 14:18:45.798420  7612 thread_intergrate.hpp:157] T-Intergrate-intergrate Show face :1, size :640 * 360
I1014 14:18:45.798952  7608 demo_inner.hpp:435] thread [SORT-0]  frame id 143 sorting queue size 4   FPS: 21.0804
I1014 14:18:45.843739  7606 demo_inner.hpp:177] decode queue size 0
I1014 14:18:45.843854  7609 work_thread.hpp:81]  [T-Work-Detect_0] Run work: WorkDetect
I1014 14:18:45.843888  7609 work_detect.cpp:102] Succeeded to add det start for frame 144
I1014 14:18:45.850531  7609 work_detect.cpp:70] Frame :144 detect result :1 face(s)
I1014 14:18:45.850574  7609 work_detect.cpp:86] Detected bbox: [171 x 224 from (267, 131)]
I1014 14:18:45.850616  7609 work_detect.cpp:120] Succeeded to add det end for frame 144
I1014 14:18:45.850633  7609 work_thread.hpp:81]  [T-Work-Detect_0] Run work: WrokTrack
I1014 14:18:45.850656  7609 work_track.cpp:82] Frame: 144 build input_characts: [0.267188 x 0.622222 from (0.417188, 0.363889)], 1.00019, 0
I1014 14:18:45.850711  7609 work_track.cpp:102] Succeeded to set track lock for frame 144
I1014 14:18:45.850751  7609 work_track.cpp:116] Succeeded to release track lock for frame 144
I1014 14:18:45.850766  7609 work_track.cpp:120] Track results of frame 144: 1 objects input, 1 objects tracked!
I1014 14:18:45.850785  7609 work_track.cpp:148] Frame: 144, track bbox: [171 x 224 from (263.217, 129.658)], gid: 1, lid: 0
I1014 14:18:45.850821  7609 work_thread.hpp:87]  [T-Work-Detect_0] Frame :144 split
I1014 14:18:45.850839  7609 work_thread.hpp:119]  [T-Work-Detect_0] Valid piece: gid = 1
I1014 14:18:45.850857  7609 work_thread.hpp:91]  [T-Work-Detect_0] Push to split queue:recog
I1014 14:18:45.850916  7611 work_thread.hpp:81]  [T-Work-Recog_1] Run work: WorkCapture
I1014 14:18:45.850925  7612 thread_intergrate.hpp:78] [T-Intergrate-intergrate] queue: frame output frame :144
I1014 14:18:45.851457  7611 work_thread.hpp:81]  [T-Work-Recog_1] Run work: WorkRecog
I1014 14:18:45.851482  7611 work_recog.hpp:89] Face id: 1 will run recog: bbox [171 x 224 from (267, 131)] quality: 0.468997
I1014 14:18:45.851510  7611 work_recog.hpp:96] Recog pair: [240 x 280 from (232, 80)], [171 x 224 from (35, 51)]
I1014 14:18:45.852056  7612 thread_intergrate.hpp:157] T-Intergrate-intergrate Show face :1, size :640 * 360
I1014 14:18:45.852610  7608 demo_inner.hpp:435] thread [SORT-0]  frame id 144 sorting queue size 5   FPS: 20.592
I1014 14:18:45.869015  7611 work_thread.hpp:81]  [T-Work-Recog_1] Run work: WorkCompare
I1014 14:18:45.869477  7611 work_compare.cpp:76] Compare face: 1 successed, similarity :0.99753, name : images/ThangLMb.jpg, normal size : 1548 * 1719!
I1014 14:18:45.891690  7606 demo_inner.hpp:177] decode queue size 0
I1014 14:18:45.891791  7609 work_thread.hpp:81]  [T-Work-Detect_0] Run work: WorkDetect
I1014 14:18:45.891829  7609 work_detect.cpp:102] Succeeded to add det start for frame 145
I1014 14:18:45.898562  7609 work_detect.cpp:70] Frame :145 detect result :1 face(s)
W1014 14:18:45.898602  7609 work_detect.cpp:83] Invalid bbox: [172 x 214 from (267, 150)]
I1014 14:18:45.898676  7609 work_detect.cpp:120] Succeeded to add det end for frame 145
I1014 14:18:45.898694  7609 work_thread.hpp:81]  [T-Work-Detect_0] Run work: WrokTrack
I1014 14:18:45.898720  7609 work_track.cpp:102] Succeeded to set track lock for frame 145
I1014 14:18:45.898753  7609 work_track.cpp:116] Succeeded to release track lock for frame 145
I1014 14:18:45.898767  7609 work_track.cpp:120] Track results of frame 145: 0 objects input, 1 objects tracked!
I1014 14:18:45.898785  7609 work_track.cpp:148] Frame: 145, track bbox: [171 x 224 from (262.619, 129.565)], gid: 1, lid: -1
I1014 14:18:45.898836  7609 work_thread.hpp:87]  [T-Work-Detect_0] Frame :145 split
I1014 14:18:45.898890  7612 thread_intergrate.hpp:78] [T-Intergrate-intergrate] queue: frame output frame :145
I1014 14:18:45.898913  7612 thread_intergrate.hpp:85] [T-Intergrate-intergrate] queue: compare output face:1
I1014 14:18:45.898931  7612 thread_intergrate.hpp:137] T-Intergrate-intergrate set matched face: 1
I1014 14:18:45.900333  7612 thread_intergrate.hpp:157] T-Intergrate-intergrate Show face :1, size :640 * 360
I1014 14:18:45.900888  7608 demo_inner.hpp:435] thread [SORT-0]  frame id 145 sorting queue size 6   FPS: 20.185
I1014 14:18:45.939805  7606 demo_inner.hpp:177] decode queue size 0
I1014 14:18:45.939930  7609 work_thread.hpp:81]  [T-Work-Detect_0] Run work: WorkDetect
I1014 14:18:45.939967  7609 work_detect.cpp:102] Succeeded to add det start for frame 146
I1014 14:18:45.946588  7609 work_detect.cpp:70] Frame :146 detect result :1 face(s)
I1014 14:18:45.946633  7609 work_detect.cpp:86] Detected bbox: [174 x 225 from (263, 131)]
I1014 14:18:45.946676  7609 work_detect.cpp:120] Succeeded to add det end for frame 146
I1014 14:18:45.946693  7609 work_thread.hpp:81]  [T-Work-Detect_0] Run work: WrokTrack
I1014 14:18:45.946717  7609 work_track.cpp:82] Frame: 146 build input_characts: [0.271875 x 0.625 from (0.410937, 0.363889)], 1.00035, 0
I1014 14:18:45.946772  7609 work_track.cpp:102] Succeeded to set track lock for frame 146
I1014 14:18:45.946813  7609 work_track.cpp:116] Succeeded to release track lock for frame 146
I1014 14:18:45.946828  7609 work_track.cpp:120] Track results of frame 146: 1 objects input, 1 objects tracked!
I1014 14:18:45.946846  7609 work_track.cpp:148] Frame: 146, track bbox: [174 x 225 from (262.636, 130.317)], gid: 1, lid: 0
I1014 14:18:45.946882  7609 work_thread.hpp:87]  [T-Work-Detect_0] Frame :146 split
I1014 14:18:45.946899  7609 work_thread.hpp:119]  [T-Work-Detect_0] Valid piece: gid = 1
I1014 14:18:45.946918  7609 work_thread.hpp:91]  [T-Work-Detect_0] Push to split queue:recog
I1014 14:18:45.946976  7610 work_thread.hpp:81]  [T-Work-Recog_0] Run work: WorkCapture
I1014 14:18:45.947273  7612 thread_intergrate.hpp:78] [T-Intergrate-intergrate] queue: frame output frame :146
I1014 14:18:45.947520  7610 work_thread.hpp:81]  [T-Work-Recog_0] Run work: WorkRecog
I1014 14:18:45.947541  7610 work_recog.hpp:89] Face id: 1 will run recog: bbox [174 x 225 from (263, 131)] quality: 0.465029
I1014 14:18:45.947568  7610 work_recog.hpp:96] Recog pair: [248 x 280 from (224, 80)], [174 x 225 from (39, 51)]
I1014 14:18:45.948436  7612 thread_intergrate.hpp:157] T-Intergrate-intergrate Show face :1, size :640 * 360
I1014 14:18:45.948977  7608 demo_inner.hpp:435] thread [SORT-0]  frame id 146 sorting queue size 7   FPS: 20
I1014 14:18:45.965072  7610 work_thread.hpp:81]  [T-Work-Recog_0] Run work: WorkCompare
I1014 14:18:45.965600  7610 work_compare.cpp:76] Compare face: 1 successed, similarity :0.9974, name : images/ThangLMb.jpg, normal size : 1548 * 1719!
I1014 14:18:45.993594  7606 demo_inner.hpp:177] decode queue size 0
I1014 14:18:45.993702  7609 work_thread.hpp:81]  [T-Work-Detect_0] Run work: WorkDetect
I1014 14:18:45.993736  7609 work_detect.cpp:102] Succeeded to add det start for frame 147
I1014 14:18:46.000452  7609 work_detect.cpp:70] Frame :147 detect result :1 face(s)
I1014 14:18:46.000496  7609 work_detect.cpp:86] Detected bbox: [152 x 211 from (264, 135)]
I1014 14:18:46.000540  7609 work_detect.cpp:120] Succeeded to add det end for frame 147
I1014 14:18:46.000555  7609 work_thread.hpp:81]  [T-Work-Detect_0] Run work: WrokTrack
I1014 14:18:46.000579  7609 work_track.cpp:82] Frame: 147 build input_characts: [0.2375 x 0.586111 from (0.4125, 0.375)], 0.999622, 0
I1014 14:18:46.000633  7609 work_track.cpp:102] Succeeded to set track lock for frame 147
I1014 14:18:46.000674  7609 work_track.cpp:116] Succeeded to release track lock for frame 147
I1014 14:18:46.000689  7609 work_track.cpp:120] Track results of frame 147: 1 objects input, 1 objects tracked!
I1014 14:18:46.000707  7609 work_track.cpp:148] Frame: 147, track bbox: [152 x 211 from (269.722, 136.765)], gid: 1, lid: 0
I1014 14:18:46.000743  7609 work_thread.hpp:87]  [T-Work-Detect_0] Frame :147 split
I1014 14:18:46.000761  7609 work_thread.hpp:119]  [T-Work-Detect_0] Valid piece: gid = 1
I1014 14:18:46.000778  7609 work_thread.hpp:91]  [T-Work-Detect_0] Push to split queue:recog
I1014 14:18:46.000829  7611 work_thread.hpp:81]  [T-Work-Recog_1] Run work: WorkCapture
I1014 14:18:46.000838  7612 thread_intergrate.hpp:78] [T-Intergrate-intergrate] queue: frame output frame :147
I1014 14:18:46.000864  7612 thread_intergrate.hpp:85] [T-Intergrate-intergrate] queue: compare output face:1
I1014 14:18:46.000883  7612 thread_intergrate.hpp:137] T-Intergrate-intergrate set matched face: 1
I1014 14:18:46.001407  7611 work_thread.hpp:81]  [T-Work-Recog_1] Run work: WorkRecog
I1014 14:18:46.001433  7611 work_recog.hpp:89] Face id: 1 will run recog: bbox [152 x 211 from (264, 135)] quality: 0.476425
I1014 14:18:46.001466  7611 work_recog.hpp:96] Recog pair: [216 x 272 from (232, 88)], [152 x 211 from (32, 47)]
I1014 14:18:46.002300  7612 thread_intergrate.hpp:157] T-Intergrate-intergrate Show face :1, size :640 * 360
I1014 14:18:46.002837  7608 demo_inner.hpp:435] thread [SORT-0]  frame id 147 sorting queue size 8   FPS: 20.0083
I1014 14:18:46.018929  7611 work_thread.hpp:81]  [T-Work-Recog_1] Run work: WorkCompare
I1014 14:18:46.019383  7611 work_compare.cpp:76] Compare face: 1 successed, similarity :0.994866, name : images/ThangLMb.jpg, normal size : 1548 * 1719!
I1014 14:18:46.041796  7606 demo_inner.hpp:177] decode queue size 0
I1014 14:18:46.041929  7609 work_thread.hpp:81]  [T-Work-Detect_0] Run work: WorkDetect
I1014 14:18:46.041966  7609 work_detect.cpp:102] Succeeded to add det start for frame 148
I1014 14:18:46.048733  7609 work_detect.cpp:70] Frame :148 detect result :1 face(s)
I1014 14:18:46.048776  7609 work_detect.cpp:86] Detected bbox: [153 x 204 from (260, 138)]
I1014 14:18:46.048820  7609 work_detect.cpp:120] Succeeded to add det end for frame 148
I1014 14:18:46.048837  7609 work_thread.hpp:81]  [T-Work-Detect_0] Run work: WrokTrack
I1014 14:18:46.048862  7609 work_track.cpp:82] Frame: 148 build input_characts: [0.239063 x 0.566667 from (0.40625, 0.383333)], 0.999622, 0
I1014 14:18:46.048918  7609 work_track.cpp:102] Succeeded to set track lock for frame 148
I1014 14:18:46.048957  7609 work_track.cpp:116] Succeeded to release track lock for frame 148
I1014 14:18:46.048972  7609 work_track.cpp:120] Track results of frame 148: 1 objects input, 1 objects tracked!
I1014 14:18:46.048990  7609 work_track.cpp:148] Frame: 148, track bbox: [153 x 204 from (264.577, 139.243)], gid: 1, lid: 0
I1014 14:18:46.049026  7609 work_thread.hpp:87]  [T-Work-Detect_0] Frame :148 split
I1014 14:18:46.049044  7609 work_thread.hpp:119]  [T-Work-Detect_0] Valid piece: gid = 1
I1014 14:18:46.049135  7609 work_thread.hpp:91]  [T-Work-Detect_0] Push to split queue:recog
I1014 14:18:46.049183  7611 work_thread.hpp:81]  [T-Work-Recog_1] Run work: WorkCapture
I1014 14:18:46.049192  7612 thread_intergrate.hpp:78] [T-Intergrate-intergrate] queue: frame output frame :148
I1014 14:18:46.049217  7612 thread_intergrate.hpp:85] [T-Intergrate-intergrate] queue: compare output face:1
I1014 14:18:46.049235  7612 thread_intergrate.hpp:137] T-Intergrate-intergrate set matched face: 1
I1014 14:18:46.049762  7611 work_thread.hpp:81]  [T-Work-Recog_1] Run work: WorkRecog
I1014 14:18:46.049787  7611 work_recog.hpp:89] Face id: 1 will run recog: bbox [153 x 204 from (260, 138)] quality: 0.481862
I1014 14:18:46.049818  7611 work_recog.hpp:96] Recog pair: [224 x 264 from (224, 96)], [153 x 204 from (36, 42)]
I1014 14:18:46.050657  7612 thread_intergrate.hpp:157] T-Intergrate-intergrate Show face :1, size :640 * 360
I1014 14:18:46.051208  7608 demo_inner.hpp:435] thread [SORT-0]  frame id 148 sorting queue size 9   FPS: 20
I1014 14:18:46.067289  7611 work_thread.hpp:81]  [T-Work-Recog_1] Run work: WorkCompare
I1014 14:18:46.067737  7611 work_compare.cpp:76] Compare face: 1 successed, similarity :0.997658, name : images/ThangLMb.jpg, normal size : 1548 * 1719!
I1014 14:18:46.089713  7606 demo_inner.hpp:177] decode queue size 0
I1014 14:18:46.089829  7609 work_thread.hpp:81]  [T-Work-Detect_0] Run work: WorkDetect
I1014 14:18:46.089866  7609 work_detect.cpp:102] Succeeded to add det start for frame 149
I1014 14:18:46.096585  7609 work_detect.cpp:70] Frame :149 detect result :1 face(s)
I1014 14:18:46.096622  7609 work_detect.cpp:86] Detected bbox: [155 x 206 from (256, 135)]
I1014 14:18:46.096665  7609 work_detect.cpp:120] Succeeded to add det end for frame 149
I1014 14:18:46.096681  7609 work_thread.hpp:81]  [T-Work-Detect_0] Run work: WrokTrack
I1014 14:18:46.096705  7609 work_track.cpp:82] Frame: 149 build input_characts: [0.242188 x 0.572222 from (0.4, 0.375)], 1.00019, 0
I1014 14:18:46.096760  7609 work_track.cpp:102] Succeeded to set track lock for frame 149
I1014 14:18:46.096801  7609 work_track.cpp:116] Succeeded to release track lock for frame 149
I1014 14:18:46.096815  7609 work_track.cpp:120] Track results of frame 149: 1 objects input, 1 objects tracked!
I1014 14:18:46.096833  7609 work_track.cpp:148] Frame: 149, track bbox: [155 x 206 from (258.642, 136.73)], gid: 1, lid: 0
I1014 14:18:46.096868  7609 work_thread.hpp:87]  [T-Work-Detect_0] Frame :149 split
I1014 14:18:46.096886  7609 work_thread.hpp:119]  [T-Work-Detect_0] Valid piece: gid = 1
I1014 14:18:46.096904  7609 work_thread.hpp:91]  [T-Work-Detect_0] Push to split queue:recog
I1014 14:18:46.096946  7611 work_thread.hpp:81]  [T-Work-Recog_1] Run work: WorkCapture
I1014 14:18:46.096957  7612 thread_intergrate.hpp:78] [T-Intergrate-intergrate] queue: frame output frame :149
I1014 14:18:46.096983  7612 thread_intergrate.hpp:85] [T-Intergrate-intergrate] queue: compare output face:1
I1014 14:18:46.097002  7612 thread_intergrate.hpp:137] T-Intergrate-intergrate set matched face: 1
I1014 14:18:46.097514  7611 work_thread.hpp:81]  [T-Work-Recog_1] Run work: WorkRecog
I1014 14:18:46.097539  7611 work_recog.hpp:89] Face id: 1 will run recog: bbox [155 x 206 from (256, 135)] quality: 0.481862
I1014 14:18:46.097570  7611 work_recog.hpp:96] Recog pair: [224 x 272 from (224, 88)], [155 x 206 from (32, 47)]
I1014 14:18:46.098420  7612 thread_intergrate.hpp:157] T-Intergrate-intergrate Show face :1, size :640 * 360
I1014 14:18:46.098990  7608 demo_inner.hpp:435] thread [SORT-0]  frame id 149 sorting queue size 10   FPS: 20
I1014 14:18:46.115012  7611 work_thread.hpp:81]  [T-Work-Recog_1] Run work: WorkCompare
I1014 14:18:46.115454  7611 work_compare.cpp:76] Compare face: 1 successed, similarity :0.997794, name : images/ThangLMb.jpg, normal size : 1548 * 1719!
I1014 14:18:46.143589  7606 demo_inner.hpp:177] decode queue size 0
I1014 14:18:46.143723  7609 work_thread.hpp:81]  [T-Work-Detect_0] Run work: WorkDetect
I1014 14:18:46.143841  7609 work_detect.cpp:102] Succeeded to add det start for frame 150
I1014 14:18:46.150480  7609 work_detect.cpp:70] Frame :150 detect result :1 face(s)
I1014 14:18:46.150513  7609 work_detect.cpp:86] Detected bbox: [162 x 210 from (244, 135)]
I1014 14:18:46.150554  7609 work_detect.cpp:120] Succeeded to add det end for frame 150
I1014 14:18:46.150570  7609 work_thread.hpp:81]  [T-Work-Detect_0] Run work: WrokTrack
I1014 14:18:46.150594  7609 work_track.cpp:82] Frame: 150 build input_characts: [0.253125 x 0.583333 from (0.38125, 0.375)], 0.998877, 0
I1014 14:18:46.150650  7609 work_track.cpp:102] Succeeded to set track lock for frame 150
I1014 14:18:46.150689  7609 work_track.cpp:116] Succeeded to release track lock for frame 150
I1014 14:18:46.150703  7609 work_track.cpp:120] Track results of frame 150: 1 objects input, 1 objects tracked!
I1014 14:18:46.150722  7609 work_track.cpp:148] Frame: 150, track bbox: [162 x 210 from (246.241, 133.758)], gid: 1, lid: 0
I1014 14:18:46.150758  7609 work_thread.hpp:87]  [T-Work-Detect_0] Frame :150 split
I1014 14:18:46.150775  7609 work_thread.hpp:119]  [T-Work-Detect_0] Valid piece: gid = 1
I1014 14:18:46.150794  7609 work_thread.hpp:91]  [T-Work-Detect_0] Push to split queue:recog
