I1014 14:57:18.539189  8384 thread_intergrate.hpp:78] [T-Intergrate-intergrate] queue: frame output frame :84
I1014 14:57:18.539214  8384 thread_intergrate.hpp:85] [T-Intergrate-intergrate] queue: compare output face:0
I1014 14:57:18.539233  8384 thread_intergrate.hpp:144] T-Intergrate-intergrate set matched face: 0
I1014 14:57:18.539827  8383 work_thread.hpp:81]  [T-Work-Recog_1] Run work: WorkRecog
I1014 14:57:18.539880  8383 work_recog.hpp:89] Face id: 0 will run recog: bbox [167 x 225 from (291, 124)] quality: 0.481497
I1014 14:57:18.539913  8383 work_recog.hpp:96] Recog pair: [240 x 288 from (256, 72)], [167 x 225 from (35, 52)]
I1014 14:57:18.548983  8384 thread_intergrate.hpp:164] T-Intergrate-intergrate Show face :0, size :640 * 360
I1014 14:57:18.549623  8380 demo_inner.hpp:435] thread [SORT-0]  frame id 84 sorting queue size 1   FPS: 29.9754
I1014 14:57:18.558105  8383 work_thread.hpp:81]  [T-Work-Recog_1] Run work: WorkCompare
I1014 14:57:18.558634  8383 work_compare.cpp:76] Compare face: 0 successed, similarity :0.99721, name : images/ThangLMb.jpg, normal size : 1548 * 1719!
I1014 14:57:18.567773  8378 demo_inner.hpp:177] decode queue size 0
I1014 14:57:18.567889  8381 work_thread.hpp:81]  [T-Work-Detect_0] Run work: WorkDetect
I1014 14:57:18.567996  8381 work_detect.cpp:102] Succeeded to add det start for frame 85
I1014 14:57:18.572093  8379 demo_inner.hpp:260]  gui queue size 1, state = running
I1014 14:57:18.575093  8381 work_detect.cpp:70] Frame :85 detect result :1 face(s)
I1014 14:57:18.575150  8381 work_detect.cpp:86] Detected bbox: [168 x 224 from (290, 120)]
I1014 14:57:18.575196  8381 work_detect.cpp:120] Succeeded to add det end for frame 85
I1014 14:57:18.575212  8381 work_thread.hpp:81]  [T-Work-Detect_0] Run work: WrokTrack
I1014 14:57:18.575237  8381 work_track.cpp:82] Frame: 85 build input_characts: [0.2625 x 0.622222 from (0.453125, 0.333333)], 0.999622, 0
I1014 14:57:18.575294  8381 work_track.cpp:102] Succeeded to set track lock for frame 85
I1014 14:57:18.575335  8381 work_track.cpp:116] Succeeded to release track lock for frame 85
I1014 14:57:18.575350  8381 work_track.cpp:120] Track results of frame 85: 1 objects input, 1 objects tracked!
I1014 14:57:18.575367  8381 work_track.cpp:148] Frame: 85, track bbox: [168 x 224 from (289.819, 121.959)], gid: 0, lid: 0
I1014 14:57:18.575404  8381 work_thread.hpp:87]  [T-Work-Detect_0] Frame :85 split
I1014 14:57:18.575423  8381 work_thread.hpp:120]  [T-Work-Detect_0] Valid piece: gid = 0
I1014 14:57:18.575440  8381 work_thread.hpp:91]  [T-Work-Detect_0] Push to split queue:recog
I1014 14:57:18.575520  8384 thread_intergrate.hpp:78] [T-Intergrate-intergrate] queue: frame output frame :85
I1014 14:57:18.575544  8384 thread_intergrate.hpp:85] [T-Intergrate-intergrate] queue: compare output face:0
I1014 14:57:18.575563  8384 thread_intergrate.hpp:144] T-Intergrate-intergrate set matched face: 0
I1014 14:57:18.575572  8383 work_thread.hpp:81]  [T-Work-Recog_1] Run work: WorkCapture
I1014 14:57:18.576267  8383 work_thread.hpp:81]  [T-Work-Recog_1] Run work: WorkRecog
I1014 14:57:18.576440  8383 work_recog.hpp:89] Face id: 0 will run recog: bbox [168 x 224 from (290, 120)] quality: 0.478343
I1014 14:57:18.576475  8383 work_recog.hpp:96] Recog pair: [240 x 288 from (256, 72)], [168 x 224 from (34, 48)]
I1014 14:57:18.585270  8384 thread_intergrate.hpp:164] T-Intergrate-intergrate Show face :0, size :640 * 360
I1014 14:57:18.585953  8380 demo_inner.hpp:435] thread [SORT-0]  frame id 85 sorting queue size 0   FPS: 29.9313
I1014 14:57:18.594470  8383 work_thread.hpp:81]  [T-Work-Recog_1] Run work: WorkCompare
I1014 14:57:18.594985  8383 work_compare.cpp:76] Compare face: 0 successed, similarity :0.997573, name : images/ThangLMb.jpg, normal size : 1548 * 1719!
I1014 14:57:18.598016  8378 demo_inner.hpp:177] decode queue size 0
I1014 14:57:18.598094  8381 work_thread.hpp:81]  [T-Work-Detect_0] Run work: WorkDetect
I1014 14:57:18.598129  8381 work_detect.cpp:102] Succeeded to add det start for frame 86
I1014 14:57:18.604981  8381 work_detect.cpp:70] Frame :86 detect result :1 face(s)
I1014 14:57:18.605028  8381 work_detect.cpp:86] Detected bbox: [164 x 222 from (291, 126)]
I1014 14:57:18.605074  8381 work_detect.cpp:120] Succeeded to add det end for frame 86
I1014 14:57:18.605091  8381 work_thread.hpp:81]  [T-Work-Detect_0] Run work: WrokTrack
I1014 14:57:18.605118  8381 work_track.cpp:82] Frame: 86 build input_characts: [0.25625 x 0.616667 from (0.454688, 0.35)], 1.00019, 0
I1014 14:57:18.605181  8381 work_track.cpp:102] Succeeded to set track lock for frame 86
I1014 14:57:18.605233  8381 work_track.cpp:116] Succeeded to release track lock for frame 86
I1014 14:57:18.605249  8381 work_track.cpp:120] Track results of frame 86: 1 objects input, 1 objects tracked!
I1014 14:57:18.605269  8381 work_track.cpp:148] Frame: 86, track bbox: [164 x 222 from (291.58, 124.21)], gid: 0, lid: 0
I1014 14:57:18.605311  8381 work_thread.hpp:87]  [T-Work-Detect_0] Frame :86 split
I1014 14:57:18.605331  8381 work_thread.hpp:120]  [T-Work-Detect_0] Valid piece: gid = 0
I1014 14:57:18.605352  8381 work_thread.hpp:91]  [T-Work-Detect_0] Push to split queue:recog
I1014 14:57:18.605422  8382 work_thread.hpp:81]  [T-Work-Recog_0] Run work: WorkCapture
I1014 14:57:18.605438  8384 thread_intergrate.hpp:78] [T-Intergrate-intergrate] queue: frame output frame :86
I1014 14:57:18.605573  8384 thread_intergrate.hpp:85] [T-Intergrate-intergrate] queue: compare output face:0
I1014 14:57:18.605593  8384 thread_intergrate.hpp:144] T-Intergrate-intergrate set matched face: 0
I1014 14:57:18.606176  8382 work_thread.hpp:81]  [T-Work-Recog_0] Run work: WorkRecog
I1014 14:57:18.606210  8382 work_recog.hpp:89] Face id: 0 will run recog: bbox [164 x 222 from (291, 126)] quality: 0.481912
I1014 14:57:18.606251  8382 work_recog.hpp:96] Recog pair: [232 x 280 from (256, 80)], [164 x 222 from (35, 46)]
I1014 14:57:18.615285  8384 thread_intergrate.hpp:164] T-Intergrate-intergrate Show face :0, size :640 * 360
I1014 14:57:18.615988  8380 demo_inner.hpp:435] thread [SORT-0]  frame id 86 sorting queue size 1   FPS: 30.0345
I1014 14:57:18.624562  8382 work_thread.hpp:81]  [T-Work-Recog_0] Run work: WorkCompare
I1014 14:57:18.625082  8382 work_compare.cpp:76] Compare face: 0 successed, similarity :0.997086, name : images/ThangLMb.jpg, normal size : 1548 * 1719!
I1014 14:57:18.633810  8378 demo_inner.hpp:177] decode queue size 0
I1014 14:57:18.633921  8381 work_thread.hpp:81]  [T-Work-Detect_0] Run work: WorkDetect
I1014 14:57:18.633958  8381 work_detect.cpp:102] Succeeded to add det start for frame 87
I1014 14:57:18.640880  8381 work_detect.cpp:70] Frame :87 detect result :1 face(s)
I1014 14:57:18.640929  8381 work_detect.cpp:86] Detected bbox: [161 x 219 from (293, 124)]
I1014 14:57:18.640971  8381 work_detect.cpp:120] Succeeded to add det end for frame 87
I1014 14:57:18.640987  8381 work_thread.hpp:81]  [T-Work-Detect_0] Run work: WrokTrack
I1014 14:57:18.641013  8381 work_track.cpp:82] Frame: 87 build input_characts: [0.251563 x 0.608333 from (0.457812, 0.344444)], 1.00019, 0
I1014 14:57:18.641068  8381 work_track.cpp:102] Succeeded to set track lock for frame 87
I1014 14:57:18.641108  8381 work_track.cpp:116] Succeeded to release track lock for frame 87
I1014 14:57:18.641124  8381 work_track.cpp:120] Track results of frame 87: 1 objects input, 1 objects tracked!
I1014 14:57:18.641141  8381 work_track.cpp:148] Frame: 87, track bbox: [161 x 219 from (292.952, 124.616)], gid: 0, lid: 0
I1014 14:57:18.641177  8381 work_thread.hpp:87]  [T-Work-Detect_0] Frame :87 split
I1014 14:57:18.641194  8381 work_thread.hpp:120]  [T-Work-Detect_0] Valid piece: gid = 0
I1014 14:57:18.641212  8381 work_thread.hpp:91]  [T-Work-Detect_0] Push to split queue:recog
I1014 14:57:18.641278  8384 thread_intergrate.hpp:78] [T-Intergrate-intergrate] queue: frame output frame :87
I1014 14:57:18.641283  8382 work_thread.hpp:81]  [T-Work-Recog_0] Run work: WorkCapture
I1014 14:57:18.641305  8384 thread_intergrate.hpp:85] [T-Intergrate-intergrate] queue: compare output face:0
I1014 14:57:18.641324  8384 thread_intergrate.hpp:144] T-Intergrate-intergrate set matched face: 0
I1014 14:57:18.641986  8382 work_thread.hpp:81]  [T-Work-Recog_0] Run work: WorkRecog
I1014 14:57:18.642036  8382 work_recog.hpp:89] Face id: 0 will run recog: bbox [161 x 219 from (293, 124)] quality: 0.480819
I1014 14:57:18.642072  8382 work_recog.hpp:96] Recog pair: [232 x 280 from (256, 80)], [161 x 219 from (37, 44)]
I1014 14:57:18.659124  8384 thread_intergrate.hpp:164] T-Intergrate-intergrate Show face :0, size :640 * 360
I1014 14:57:18.659973  8380 demo_inner.hpp:435] thread [SORT-0]  frame id 87 sorting queue size 2   FPS: 29.8143
I1014 14:57:18.660356  8382 work_thread.hpp:81]  [T-Work-Recog_0] Run work: WorkCompare
I1014 14:57:18.660847  8382 work_compare.cpp:76] Compare face: 0 successed, similarity :0.996842, name : images/ThangLMb.jpg, normal size : 1548 * 1719!
I1014 14:57:18.664067  8378 demo_inner.hpp:177] decode queue size 0
I1014 14:57:18.664172  8381 work_thread.hpp:81]  [T-Work-Detect_0] Run work: WorkDetect
I1014 14:57:18.664209  8381 work_detect.cpp:102] Succeeded to add det start for frame 88
I1014 14:57:18.666946  8379 demo_inner.hpp:260]  gui queue size 2, state = running
I1014 14:57:18.671361  8381 work_detect.cpp:70] Frame :88 detect result :1 face(s)
I1014 14:57:18.671494  8381 work_detect.cpp:86] Detected bbox: [167 x 223 from (288, 124)]
I1014 14:57:18.671541  8381 work_detect.cpp:120] Succeeded to add det end for frame 88
I1014 14:57:18.671557  8381 work_thread.hpp:81]  [T-Work-Detect_0] Run work: WrokTrack
I1014 14:57:18.671582  8381 work_track.cpp:82] Frame: 88 build input_characts: [0.260938 x 0.619444 from (0.45, 0.344444)], 1.00019, 0
I1014 14:57:18.671638  8381 work_track.cpp:102] Succeeded to set track lock for frame 88
I1014 14:57:18.671680  8381 work_track.cpp:116] Succeeded to release track lock for frame 88
I1014 14:57:18.671695  8381 work_track.cpp:120] Track results of frame 88: 1 objects input, 1 objects tracked!
I1014 14:57:18.671713  8381 work_track.cpp:148] Frame: 88, track bbox: [167 x 223 from (288.865, 122.92)], gid: 0, lid: 0
I1014 14:57:18.671749  8381 work_thread.hpp:87]  [T-Work-Detect_0] Frame :88 split
I1014 14:57:18.671766  8381 work_thread.hpp:120]  [T-Work-Detect_0] Valid piece: gid = 0
I1014 14:57:18.671784  8381 work_thread.hpp:91]  [T-Work-Detect_0] Push to split queue:recog
I1014 14:57:18.671844  8384 thread_intergrate.hpp:78] [T-Intergrate-intergrate] queue: frame output frame :88
I1014 14:57:18.671852  8383 work_thread.hpp:81]  [T-Work-Recog_1] Run work: WorkCapture
I1014 14:57:18.671869  8384 thread_intergrate.hpp:85] [T-Intergrate-intergrate] queue: compare output face:0
I1014 14:57:18.671887  8384 thread_intergrate.hpp:144] T-Intergrate-intergrate set matched face: 0
I1014 14:57:18.672538  8383 work_thread.hpp:81]  [T-Work-Recog_1] Run work: WorkRecog
I1014 14:57:18.672566  8383 work_recog.hpp:89] Face id: 0 will run recog: bbox [167 x 223 from (288, 124)] quality: 0.477174
I1014 14:57:18.672603  8383 work_recog.hpp:96] Recog pair: [240 x 280 from (248, 80)], [167 x 223 from (40, 44)]
I1014 14:57:18.681713  8384 thread_intergrate.hpp:164] T-Intergrate-intergrate Show face :0, size :640 * 360
I1014 14:57:18.682446  8380 demo_inner.hpp:435] thread [SORT-0]  frame id 88 sorting queue size 0   FPS: 29.9902
I1014 14:57:18.690667  8383 work_thread.hpp:81]  [T-Work-Recog_1] Run work: WorkCompare
I1014 14:57:18.691231  8383 work_compare.cpp:76] Compare face: 0 successed, similarity :0.997961, name : images/ThangLMb.jpg, normal size : 1548 * 1719!
I1014 14:57:18.699776  8378 demo_inner.hpp:177] decode queue size 0
I1014 14:57:18.699888  8381 work_thread.hpp:81]  [T-Work-Detect_0] Run work: WorkDetect
I1014 14:57:18.699925  8381 work_detect.cpp:102] Succeeded to add det start for frame 89
I1014 14:57:18.706825  8381 work_detect.cpp:70] Frame :89 detect result :1 face(s)
I1014 14:57:18.706874  8381 work_detect.cpp:86] Detected bbox: [176 x 225 from (285, 101)]
I1014 14:57:18.706918  8381 work_detect.cpp:120] Succeeded to add det end for frame 89
I1014 14:57:18.706934  8381 work_thread.hpp:81]  [T-Work-Detect_0] Run work: WrokTrack
I1014 14:57:18.706959  8381 work_track.cpp:82] Frame: 89 build input_characts: [0.275 x 0.625 from (0.445312, 0.280556)], 1.00019, 0
I1014 14:57:18.707015  8381 work_track.cpp:102] Succeeded to set track lock for frame 89
I1014 14:57:18.707054  8381 work_track.cpp:116] Succeeded to release track lock for frame 89
I1014 14:57:18.707069  8381 work_track.cpp:120] Track results of frame 89: 1 objects input, 1 objects tracked!
I1014 14:57:18.707087  8381 work_track.cpp:148] Frame: 89, track bbox: [176 x 225 from (284.233, 111.138)], gid: 0, lid: 0
I1014 14:57:18.707123  8381 work_thread.hpp:87]  [T-Work-Detect_0] Frame :89 split
I1014 14:57:18.707141  8381 work_thread.hpp:120]  [T-Work-Detect_0] Valid piece: gid = 0
I1014 14:57:18.707159  8381 work_thread.hpp:91]  [T-Work-Detect_0] Push to split queue:recog
I1014 14:57:18.707212  8384 thread_intergrate.hpp:78] [T-Intergrate-intergrate] queue: frame output frame :89
I1014 14:57:18.707216  8382 work_thread.hpp:81]  [T-Work-Recog_0] Run work: WorkCapture
I1014 14:57:18.707247  8384 thread_intergrate.hpp:85] [T-Intergrate-intergrate] queue: compare output face:0
I1014 14:57:18.707267  8384 thread_intergrate.hpp:144] T-Intergrate-intergrate set matched face: 0
I1014 14:57:18.707880  8382 work_thread.hpp:81]  [T-Work-Recog_0] Run work: WorkRecog
I1014 14:57:18.707907  8382 work_recog.hpp:89] Face id: 0 will run recog: bbox [176 x 225 from (285, 101)] quality: 0.468177
I1014 14:57:18.707940  8382 work_recog.hpp:96] Recog pair: [248 x 304 from (248, 56)], [176 x 225 from (37, 45)]
I1014 14:57:18.716764  8384 thread_intergrate.hpp:164] T-Intergrate-intergrate Show face :0, size :640 * 360
I1014 14:57:18.717550  8380 demo_inner.hpp:435] thread [SORT-0]  frame id 89 sorting queue size 1   FPS: 29.9166
I1014 14:57:18.726143  8382 work_thread.hpp:81]  [T-Work-Recog_0] Run work: WorkCompare
I1014 14:57:18.726729  8382 work_compare.cpp:76] Compare face: 0 successed, similarity :0.997312, name : images/ThangLMb.jpg, normal size : 1548 * 1719!
I1014 14:57:18.730044  8378 demo_inner.hpp:177] decode queue size 0
I1014 14:57:18.730134  8381 work_thread.hpp:81]  [T-Work-Detect_0] Run work: WorkDetect
I1014 14:57:18.730167  8381 work_detect.cpp:102] Succeeded to add det start for frame 90
I1014 14:57:18.734169  8379 demo_inner.hpp:260]  gui queue size 1, state = running
I1014 14:57:18.737273  8381 work_detect.cpp:70] Frame :90 detect result :1 face(s)
I1014 14:57:18.737335  8381 work_detect.cpp:86] Detected bbox: [160 x 210 from (291, 127)]
I1014 14:57:18.737387  8381 work_detect.cpp:120] Succeeded to add det end for frame 90
I1014 14:57:18.737404  8381 work_thread.hpp:81]  [T-Work-Detect_0] Run work: WrokTrack
I1014 14:57:18.737432  8381 work_track.cpp:82] Frame: 90 build input_characts: [0.25 x 0.583333 from (0.454688, 0.352778)], 1.00019, 0
I1014 14:57:18.737488  8381 work_track.cpp:102] Succeeded to set track lock for frame 90
I1014 14:57:18.737529  8381 work_track.cpp:116] Succeeded to release track lock for frame 90
I1014 14:57:18.737545  8381 work_track.cpp:120] Track results of frame 90: 1 objects input, 1 objects tracked!
I1014 14:57:18.737562  8381 work_track.cpp:148] Frame: 90, track bbox: [160 x 210 from (291.485, 120.709)], gid: 0, lid: 0
I1014 14:57:18.737598  8381 work_thread.hpp:87]  [T-Work-Detect_0] Frame :90 split
I1014 14:57:18.737617  8381 work_thread.hpp:120]  [T-Work-Detect_0] Valid piece: gid = 0
I1014 14:57:18.737634  8381 work_thread.hpp:91]  [T-Work-Detect_0] Push to split queue:recog
I1014 14:57:18.737685  8384 thread_intergrate.hpp:78] [T-Intergrate-intergrate] queue: frame output frame :90
I1014 14:57:18.737715  8384 thread_intergrate.hpp:85] [T-Intergrate-intergrate] queue: compare output face:0
I1014 14:57:18.737735  8384 thread_intergrate.hpp:144] T-Intergrate-intergrate set matched face: 0
I1014 14:57:18.737741  8383 work_thread.hpp:81]  [T-Work-Recog_1] Run work: WorkCapture
I1014 14:57:18.738485  8383 work_thread.hpp:81]  [T-Work-Recog_1] Run work: WorkRecog
I1014 14:57:18.738514  8383 work_recog.hpp:89] Face id: 0 will run recog: bbox [160 x 210 from (291, 127)] quality: 0.475482
I1014 14:57:18.738549  8383 work_recog.hpp:96] Recog pair: [232 x 280 from (256, 80)], [160 x 210 from (35, 47)]
I1014 14:57:18.747474  8384 thread_intergrate.hpp:164] T-Intergrate-intergrate Show face :0, size :640 * 360
I1014 14:57:18.748153  8380 demo_inner.hpp:435] thread [SORT-0]  frame id 90 sorting queue size 0   FPS: 29.8727
I1014 14:57:18.756548  8383 work_thread.hpp:81]  [T-Work-Recog_1] Run work: WorkCompare
I1014 14:57:18.757011  8383 work_compare.cpp:76] Compare face: 0 successed, similarity :0.997012, name : images/ThangLMb.jpg, normal size : 1548 * 1719!
I1014 14:57:18.765797  8378 demo_inner.hpp:177] decode queue size 0
I1014 14:57:18.765900  8381 work_thread.hpp:81]  [T-Work-Detect_0] Run work: WorkDetect
I1014 14:57:18.765936  8381 work_detect.cpp:102] Succeeded to add det start for frame 91
I1014 14:57:18.772737  8381 work_detect.cpp:70] Frame :91 detect result :1 face(s)
I1014 14:57:18.772789  8381 work_detect.cpp:86] Detected bbox: [161 x 207 from (293, 124)]
I1014 14:57:18.772832  8381 work_detect.cpp:120] Succeeded to add det end for frame 91
I1014 14:57:18.772850  8381 work_thread.hpp:81]  [T-Work-Detect_0] Run work: WrokTrack
I1014 14:57:18.772873  8381 work_track.cpp:82] Frame: 91 build input_characts: [0.251563 x 0.575 from (0.457812, 0.344444)], 0.999622, 0
I1014 14:57:18.773001  8381 work_track.cpp:102] Succeeded to set track lock for frame 91
I1014 14:57:18.773042  8381 work_track.cpp:116] Succeeded to release track lock for frame 91
I1014 14:57:18.773057  8381 work_track.cpp:120] Track results of frame 91: 1 objects input, 1 objects tracked!
I1014 14:57:18.773075  8381 work_track.cpp:148] Frame: 91, track bbox: [161 x 207 from (291.857, 121.067)], gid: 0, lid: 0
I1014 14:57:18.773111  8381 work_thread.hpp:87]  [T-Work-Detect_0] Frame :91 split
I1014 14:57:18.773129  8381 work_thread.hpp:120]  [T-Work-Detect_0] Valid piece: gid = 0
I1014 14:57:18.773146  8381 work_thread.hpp:91]  [T-Work-Detect_0] Push to split queue:recog
I1014 14:57:18.773200  8384 thread_intergrate.hpp:78] [T-Intergrate-intergrate] queue: frame output frame :91
I1014 14:57:18.773200  8383 work_thread.hpp:81]  [T-Work-Recog_1] Run work: WorkCapture
I1014 14:57:18.773231  8384 thread_intergrate.hpp:85] [T-Intergrate-intergrate] queue: compare output face:0
I1014 14:57:18.773249  8384 thread_intergrate.hpp:144] T-Intergrate-intergrate set matched face: 0
I1014 14:57:18.773869  8383 work_thread.hpp:81]  [T-Work-Recog_1] Run work: WorkRecog
I1014 14:57:18.773903  8383 work_recog.hpp:89] Face id: 0 will run recog: bbox [161 x 207 from (293, 124)] quality: 0.481912
I1014 14:57:18.773936  8383 work_recog.hpp:96] Recog pair: [232 x 280 from (256, 80)], [161 x 207 from (37, 44)]
I1014 14:57:18.782577  8384 thread_intergrate.hpp:164] T-Intergrate-intergrate Show face :0, size :640 * 360
I1014 14:57:18.783301  8380 demo_inner.hpp:435] thread [SORT-0]  frame id 91 sorting queue size 1   FPS: 29.9313
I1014 14:57:18.792091  8383 work_thread.hpp:81]  [T-Work-Recog_1] Run work: WorkCompare
I1014 14:57:18.792698  8383 work_compare.cpp:76] Compare face: 0 successed, similarity :0.995837, name : images/ThangLMb.jpg, normal size : 1548 * 1719!
I1014 14:57:18.801751  8378 demo_inner.hpp:177] decode queue size 0
I1014 14:57:18.801875  8381 work_thread.hpp:81]  [T-Work-Detect_0] Run work: WorkDetect
I1014 14:57:18.801911  8381 work_detect.cpp:102] Succeeded to add det start for frame 92
I1014 14:57:18.806336  8379 demo_inner.hpp:260]  gui queue size 1, state = running
I1014 14:57:18.808816  8381 work_detect.cpp:70] Frame :92 detect result :1 face(s)
I1014 14:57:18.808879  8381 work_detect.cpp:86] Detected bbox: [170 x 219 from (297, 100)]
I1014 14:57:18.808928  8381 work_detect.cpp:120] Succeeded to add det end for frame 92
I1014 14:57:18.808944  8381 work_thread.hpp:81]  [T-Work-Detect_0] Run work: WrokTrack
I1014 14:57:18.808972  8381 work_track.cpp:82] Frame: 92 build input_characts: [0.265625 x 0.608333 from (0.464063, 0.277778)], 1.00019, 0
I1014 14:57:18.809034  8381 work_track.cpp:102] Succeeded to set track lock for frame 92
I1014 14:57:18.809079  8381 work_track.cpp:116] Succeeded to release track lock for frame 92
I1014 14:57:18.809094  8381 work_track.cpp:120] Track results of frame 92: 1 objects input, 1 objects tracked!
I1014 14:57:18.809114  8381 work_track.cpp:148] Frame: 92, track bbox: [170 x 219 from (292.392, 106.798)], gid: 0, lid: 0
I1014 14:57:18.809151  8381 work_thread.hpp:87]  [T-Work-Detect_0] Frame :92 split
I1014 14:57:18.809170  8381 work_thread.hpp:120]  [T-Work-Detect_0] Valid piece: gid = 0
I1014 14:57:18.809190  8381 work_thread.hpp:91]  [T-Work-Detect_0] Push to split queue:recog
I1014 14:57:18.809267  8383 work_thread.hpp:81]  [T-Work-Recog_1] Run work: WorkCapture
I1014 14:57:18.809347  8384 thread_intergrate.hpp:78] [T-Intergrate-intergrate] queue: frame output frame :92
I1014 14:57:18.809377  8384 thread_intergrate.hpp:85] [T-Intergrate-intergrate] queue: compare output face:0
I1014 14:57:18.809396  8384 thread_intergrate.hpp:144] T-Intergrate-intergrate set matched face: 0
I1014 14:57:18.809916  8383 work_thread.hpp:81]  [T-Work-Recog_1] Run work: WorkRecog
I1014 14:57:18.809963  8383 work_recog.hpp:89] Face id: 0 will run recog: bbox [170 x 219 from (297, 100)] quality: 0.484765
I1014 14:57:18.810089  8383 work_recog.hpp:96] Recog pair: [248 x 304 from (256, 56)], [170 x 219 from (41, 44)]
I1014 14:57:18.818768  8384 thread_intergrate.hpp:164] T-Intergrate-intergrate Show face :0, size :640 * 360
I1014 14:57:18.819504  8380 demo_inner.hpp:435] thread [SORT-0]  frame id 92 sorting queue size 0   FPS: 29.9607
I1014 14:57:18.828511  8383 work_thread.hpp:81]  [T-Work-Recog_1] Run work: WorkCompare
I1014 14:57:18.829033  8383 work_compare.cpp:76] Compare face: 0 successed, similarity :0.997764, name : images/ThangLMb.jpg, normal size : 1548 * 1719!
I1014 14:57:18.831998  8378 demo_inner.hpp:177] decode queue size 0
I1014 14:57:18.832073  8381 work_thread.hpp:81]  [T-Work-Detect_0] Run work: WorkDetect
I1014 14:57:18.832108  8381 work_detect.cpp:102] Succeeded to add det start for frame 93
I1014 14:57:18.838838  8381 work_detect.cpp:70] Frame :93 detect result :1 face(s)
I1014 14:57:18.838884  8381 work_detect.cpp:86] Detected bbox: [159 x 218 from (295, 100)]
I1014 14:57:18.838928  8381 work_detect.cpp:120] Succeeded to add det end for frame 93
I1014 14:57:18.838944  8381 work_thread.hpp:81]  [T-Work-Detect_0] Run work: WrokTrack
I1014 14:57:18.838969  8381 work_track.cpp:82] Frame: 93 build input_characts: [0.248437 x 0.605556 from (0.460938, 0.277778)], 1.00019, 0
I1014 14:57:18.839022  8381 work_track.cpp:102] Succeeded to set track lock for frame 93
I1014 14:57:18.839062  8381 work_track.cpp:116] Succeeded to release track lock for frame 93
I1014 14:57:18.839077  8381 work_track.cpp:120] Track results of frame 93: 1 objects input, 1 objects tracked!
I1014 14:57:18.839095  8381 work_track.cpp:148] Frame: 93, track bbox: [159 x 218 from (297.926, 101.539)], gid: 0, lid: 0
I1014 14:57:18.839130  8381 work_thread.hpp:87]  [T-Work-Detect_0] Frame :93 split
I1014 14:57:18.839148  8381 work_thread.hpp:120]  [T-Work-Detect_0] Valid piece: gid = 0
I1014 14:57:18.839166  8381 work_thread.hpp:91]  [T-Work-Detect_0] Push to split queue:recog
I1014 14:57:18.839207  8382 work_thread.hpp:81]  [T-Work-Recog_0] Run work: WorkCapture
I1014 14:57:18.839208  8384 thread_intergrate.hpp:78] [T-Intergrate-intergrate] queue: frame output frame :93
I1014 14:57:18.839246  8384 thread_intergrate.hpp:85] [T-Intergrate-intergrate] queue: compare output face:0
I1014 14:57:18.839265  8384 thread_intergrate.hpp:144] T-Intergrate-intergrate set matched face: 0
I1014 14:57:18.839906  8382 work_thread.hpp:81]  [T-Work-Recog_0] Run work: WorkRecog
I1014 14:57:18.839936  8382 work_recog.hpp:89] Face id: 0 will run recog: bbox [159 x 218 from (295, 100)] quality: 0.475482
I1014 14:57:18.839998  8382 work_recog.hpp:96] Recog pair: [224 x 304 from (264, 56)], [159 x 218 from (31, 44)]
I1014 14:57:18.849040  8384 thread_intergrate.hpp:164] T-Intergrate-intergrate Show face :0, size :640 * 360
I1014 14:57:18.849673  8380 demo_inner.hpp:435] thread [SORT-0]  frame id 93 sorting queue size 1   FPS: 30.0345
I1014 14:57:18.858490  8382 work_thread.hpp:81]  [T-Work-Recog_0] Run work: WorkCompare
I1014 14:57:18.858997  8382 work_compare.cpp:76] Compare face: 0 successed, similarity :0.997456, name : images/ThangLMb.jpg, normal size : 1548 * 1719!
I1014 14:57:18.867739  8378 demo_inner.hpp:177] decode queue size 0
I1014 14:57:18.867861  8381 work_thread.hpp:81]  [T-Work-Detect_0] Run work: WorkDetect
I1014 14:57:18.867902  8381 work_detect.cpp:102] Succeeded to add det start for frame 94
I1014 14:57:18.873332  8379 demo_inner.hpp:260]  gui queue size 1, state = running
I1014 14:57:18.874574  8381 work_detect.cpp:70] Frame :94 detect result :1 face(s)
I1014 14:57:18.874625  8381 work_detect.cpp:86] Detected bbox: [165 x 212 from (298, 101)]
I1014 14:57:18.874675  8381 work_detect.cpp:120] Succeeded to add det end for frame 94
I1014 14:57:18.874691  8381 work_thread.hpp:81]  [T-Work-Detect_0] Run work: WrokTrack
I1014 14:57:18.874719  8381 work_track.cpp:82] Frame: 94 build input_characts: [0.257812 x 0.588889 from (0.465625, 0.280556)], 1.00019, 0
I1014 14:57:18.874786  8381 work_track.cpp:102] Succeeded to set track lock for frame 94
I1014 14:57:18.874835  8381 work_track.cpp:116] Succeeded to release track lock for frame 94
I1014 14:57:18.874938  8381 work_track.cpp:120] Track results of frame 94: 1 objects input, 1 objects tracked!
I1014 14:57:18.874960  8381 work_track.cpp:148] Frame: 94, track bbox: [165 x 212 from (297.333, 101.909)], gid: 0, lid: 0
I1014 14:57:18.874997  8381 work_thread.hpp:87]  [T-Work-Detect_0] Frame :94 split
I1014 14:57:18.875016  8381 work_thread.hpp:120]  [T-Work-Detect_0] Valid piece: gid = 0
I1014 14:57:18.875036  8381 work_thread.hpp:91]  [T-Work-Detect_0] Push to split queue:recog
I1014 14:57:18.875109  8382 work_thread.hpp:81]  [T-Work-Recog_0] Run work: WorkCapture
I1014 14:57:18.875509  8384 thread_intergrate.hpp:78] [T-Intergrate-intergrate] queue: frame output frame :94
I1014 14:57:18.875546  8384 thread_intergrate.hpp:85] [T-Intergrate-intergrate] queue: compare output face:0
I1014 14:57:18.875566  8384 thread_intergrate.hpp:144] T-Intergrate-intergrate set matched face: 0
I1014 14:57:18.875828  8382 work_thread.hpp:81]  [T-Work-Recog_0] Run work: WorkRecog
I1014 14:57:18.875852  8382 work_recog.hpp:89] Face id: 0 will run recog: bbox [165 x 212 from (298, 101)] quality: 0.478765
I1014 14:57:18.875883  8382 work_recog.hpp:96] Recog pair: [232 x 304 from (264, 56)], [165 x 212 from (34, 45)]
I1014 14:57:18.892002  8384 thread_intergrate.hpp:164] T-Intergrate-intergrate Show face :0, size :640 * 360
I1014 14:57:18.892901  8380 demo_inner.hpp:435] thread [SORT-0]  frame id 94 sorting queue size 0   FPS: 29.8288
I1014 14:57:18.894028  8382 work_thread.hpp:81]  [T-Work-Recog_0] Run work: WorkCompare
I1014 14:57:18.894574  8382 work_compare.cpp:76] Compare face: 0 successed, similarity :0.997135, name : images/ThangLMb.jpg, normal size : 1548 * 1719!
I1014 14:57:18.898066  8378 demo_inner.hpp:177] decode queue size 0
I1014 14:57:18.898145  8381 work_thread.hpp:81]  [T-Work-Detect_0] Run work: WorkDetect
I1014 14:57:18.898177  8381 work_detect.cpp:102] Succeeded to add det start for frame 95
I1014 14:57:18.904853  8381 work_detect.cpp:70] Frame :95 detect result :1 face(s)
I1014 14:57:18.904902  8381 work_detect.cpp:86] Detected bbox: [163 x 210 from (299, 102)]
I1014 14:57:18.904947  8381 work_detect.cpp:120] Succeeded to add det end for frame 95
I1014 14:57:18.904964  8381 work_thread.hpp:81]  [T-Work-Detect_0] Run work: WrokTrack
I1014 14:57:18.904989  8381 work_track.cpp:82] Frame: 95 build input_characts: [0.254687 x 0.583333 from (0.467187, 0.283333)], 1.00035, 0
I1014 14:57:18.905042  8381 work_track.cpp:102] Succeeded to set track lock for frame 95
I1014 14:57:18.905082  8381 work_track.cpp:116] Succeeded to release track lock for frame 95
I1014 14:57:18.905097  8381 work_track.cpp:120] Track results of frame 95: 1 objects input, 1 objects tracked!
I1014 14:57:18.905114  8381 work_track.cpp:148] Frame: 95, track bbox: [163 x 210 from (299.86, 96.9986)], gid: 0, lid: 0
I1014 14:57:18.905150  8381 work_thread.hpp:87]  [T-Work-Detect_0] Frame :95 split
I1014 14:57:18.905169  8381 work_thread.hpp:120]  [T-Work-Detect_0] Valid piece: gid = 0
I1014 14:57:18.905185  8381 work_thread.hpp:91]  [T-Work-Detect_0] Push to split queue:recog
I1014 14:57:18.905233  8383 work_thread.hpp:81]  [T-Work-Recog_1] Run work: WorkCapture
I1014 14:57:18.905243  8384 thread_intergrate.hpp:78] [T-Intergrate-intergrate] queue: frame output frame :95
I1014 14:57:18.905268  8384 thread_intergrate.hpp:85] [T-Intergrate-intergrate] queue: compare output face:0
I1014 14:57:18.905287  8384 thread_intergrate.hpp:144] T-Intergrate-intergrate set matched face: 0
I1014 14:57:18.905902  8383 work_thread.hpp:81]  [T-Work-Recog_1] Run work: WorkRecog
I1014 14:57:18.905938  8383 work_recog.hpp:89] Face id: 0 will run recog: bbox [163 x 210 from (299, 102)] quality: 0.481581
I1014 14:57:18.905972  8383 work_recog.hpp:96] Recog pair: [232 x 304 from (264, 56)], [163 x 210 from (35, 46)]
I1014 14:57:18.914762  8384 thread_intergrate.hpp:164] T-Intergrate-intergrate Show face :0, size :640 * 360
I1014 14:57:18.915570  8380 demo_inner.hpp:435] thread [SORT-0]  frame id 95 sorting queue size 1   FPS: 30.0197
I1014 14:57:18.924473  8383 work_thread.hpp:81]  [T-Work-Recog_1] Run work: WorkCompare
I1014 14:57:18.925009  8383 work_compare.cpp:76] Compare face: 0 successed, similarity :0.99583, name : images/ThangLMb.jpg, normal size : 1548 * 1719!
I1014 14:57:18.933745  8378 demo_inner.hpp:177] decode queue size 0
I1014 14:57:18.933856  8381 work_thread.hpp:81]  [T-Work-Detect_0] Run work: WorkDetect
I1014 14:57:18.933892  8381 work_detect.cpp:102] Succeeded to add det start for frame 96
I1014 14:57:18.940594  8381 work_detect.cpp:70] Frame :96 detect result :1 face(s)
I1014 14:57:18.940646  8381 work_detect.cpp:86] Detected bbox: [168 x 214 from (297, 99)]
I1014 14:57:18.940690  8381 work_detect.cpp:120] Succeeded to add det end for frame 96
I1014 14:57:18.940706  8381 work_thread.hpp:81]  [T-Work-Detect_0] Run work: WrokTrack
I1014 14:57:18.940732  8381 work_track.cpp:82] Frame: 96 build input_characts: [0.2625 x 0.594444 from (0.464063, 0.275)], 1.00035, 0
I1014 14:57:18.940788  8381 work_track.cpp:102] Succeeded to set track lock for frame 96
I1014 14:57:18.940827  8381 work_track.cpp:116] Succeeded to release track lock for frame 96
I1014 14:57:18.940841  8381 work_track.cpp:120] Track results of frame 96: 1 objects input, 1 objects tracked!
I1014 14:57:18.940860  8381 work_track.cpp:148] Frame: 96, track bbox: [168 x 214 from (297.455, 95.6441)], gid: 0, lid: 0
I1014 14:57:18.940897  8381 work_thread.hpp:87]  [T-Work-Detect_0] Frame :96 split
I1014 14:57:18.940914  8381 work_thread.hpp:120]  [T-Work-Detect_0] Valid piece: gid = 0
I1014 14:57:18.940932  8381 work_thread.hpp:91]  [T-Work-Detect_0] Push to split queue:recog
I1014 14:57:18.941005  8384 thread_intergrate.hpp:78] [T-Intergrate-intergrate] queue: frame output frame :96
I1014 14:57:18.941009  8382 work_thread.hpp:81]  [T-Work-Recog_0] Run work: WorkCapture
I1014 14:57:18.941031  8384 thread_intergrate.hpp:85] [T-Intergrate-intergrate] queue: compare output face:0
I1014 14:57:18.941051  8384 thread_intergrate.hpp:144] T-Intergrate-intergrate set matched face: 0
I1014 14:57:18.941648  8382 work_thread.hpp:81]  [T-Work-Recog_0] Run work: WorkRecog
I1014 14:57:18.941756  8382 work_recog.hpp:89] Face id: 0 will run recog: bbox [168 x 214 from (297, 99)] quality: 0.477221
I1014 14:57:18.941789  8382 work_recog.hpp:96] Recog pair: [240 x 304 from (264, 56)], [168 x 214 from (33, 43)]
I1014 14:57:18.950480  8384 thread_intergrate.hpp:164] T-Intergrate-intergrate Show face :0, size :640 * 360
I1014 14:57:18.951169  8380 demo_inner.hpp:435] thread [SORT-0]  frame id 96 sorting queue size 2   FPS: 29.9166
I1014 14:57:18.959983  8382 work_thread.hpp:81]  [T-Work-Recog_0] Run work: WorkCompare
I1014 14:57:18.960567  8382 work_compare.cpp:76] Compare face: 0 successed, similarity :0.996517, name : images/ThangLMb.jpg, normal size : 1548 * 1719!
I1014 14:57:18.964097  8378 demo_inner.hpp:177] decode queue size 0
I1014 14:57:18.964196  8381 work_thread.hpp:81]  [T-Work-Detect_0] Run work: WorkDetect
I1014 14:57:18.964231  8381 work_detect.cpp:102] Succeeded to add det start for frame 97
I1014 14:57:18.970821  8381 work_detect.cpp:70] Frame :97 detect result :1 face(s)
I1014 14:57:18.970875  8381 work_detect.cpp:86] Detected bbox: [142 x 190 from (302, 109)]
I1014 14:57:18.970918  8381 work_detect.cpp:120] Succeeded to add det end for frame 97
I1014 14:57:18.970934  8381 work_thread.hpp:81]  [T-Work-Detect_0] Run work: WrokTrack
I1014 14:57:18.970959  8381 work_track.cpp:82] Frame: 97 build input_characts: [0.221875 x 0.527778 from (0.471875, 0.302778)], 0.999622, 0
I1014 14:57:18.971014  8381 work_track.cpp:102] Succeeded to set track lock for frame 97
I1014 14:57:18.971055  8381 work_track.cpp:116] Succeeded to release track lock for frame 97
I1014 14:57:18.971069  8381 work_track.cpp:120] Track results of frame 97: 1 objects input, 1 objects tracked!
I1014 14:57:18.971087  8381 work_track.cpp:148] Frame: 97, track bbox: [142 x 190 from (305.775, 109.473)], gid: 0, lid: 0
I1014 14:57:18.971123  8381 work_thread.hpp:87]  [T-Work-Detect_0] Frame :97 split
I1014 14:57:18.971215  8381 work_thread.hpp:120]  [T-Work-Detect_0] Valid piece: gid = 0
I1014 14:57:18.971235  8381 work_thread.hpp:91]  [T-Work-Detect_0] Push to split queue:recog
I1014 14:57:18.971278  8383 work_thread.hpp:81]  [T-Work-Recog_1] Run work: WorkCapture
I1014 14:57:18.971287  8384 thread_intergrate.hpp:78] [T-Intergrate-intergrate] queue: frame output frame :97
I1014 14:57:18.971312  8384 thread_intergrate.hpp:85] [T-Intergrate-intergrate] queue: compare output face:0
I1014 14:57:18.971329  8384 thread_intergrate.hpp:144] T-Intergrate-intergrate set matched face: 0
I1014 14:57:18.971920  8383 work_thread.hpp:81]  [T-Work-Recog_1] Run work: WorkRecog
I1014 14:57:18.971948  8383 work_recog.hpp:89] Face id: 0 will run recog: bbox [142 x 190 from (302, 109)] quality: 0.473038
I1014 14:57:18.971982  8383 work_recog.hpp:96] Recog pair: [200 x 280 from (272, 64)], [142 x 190 from (30, 45)]
I1014 14:57:18.973578  8379 demo_inner.hpp:260]  gui queue size 2, state = running
I1014 14:57:18.980871  8384 thread_intergrate.hpp:164] T-Intergrate-intergrate Show face :0, size :640 * 360
I1014 14:57:18.981498  8380 demo_inner.hpp:435] thread [SORT-0]  frame id 97 sorting queue size 0   FPS: 30.0049
I1014 14:57:18.990646  8383 work_thread.hpp:81]  [T-Work-Recog_1] Run work: WorkCompare
I1014 14:57:18.991276  8383 work_compare.cpp:76] Compare face: 0 successed, similarity :0.996454, name : images/ThangLMb.jpg, normal size : 1548 * 1719!
I1014 14:57:18.999778  8378 demo_inner.hpp:177] decode queue size 0
I1014 14:57:18.999882  8381 work_thread.hpp:81]  [T-Work-Detect_0] Run work: WorkDetect
I1014 14:57:18.999917  8381 work_detect.cpp:102] Succeeded to add det start for frame 98
I1014 14:57:19.006573  8381 work_detect.cpp:70] Frame :98 detect result :1 face(s)
I1014 14:57:19.006618  8381 work_detect.cpp:86] Detected bbox: [138 x 187 from (303, 108)]
I1014 14:57:19.006661  8381 work_detect.cpp:120] Succeeded to add det end for frame 98
I1014 14:57:19.006677  8381 work_thread.hpp:81]  [T-Work-Detect_0] Run work: WrokTrack
I1014 14:57:19.006702  8381 work_track.cpp:82] Frame: 98 build input_characts: [0.215625 x 0.519444 from (0.473437, 0.3)], 1.00019, 0
I1014 14:57:19.006757  8381 work_track.cpp:102] Succeeded to set track lock for frame 98
I1014 14:57:19.006800  8381 work_track.cpp:116] Succeeded to release track lock for frame 98
I1014 14:57:19.006815  8381 work_track.cpp:120] Track results of frame 98: 1 objects input, 1 objects tracked!
I1014 14:57:19.006834  8381 work_track.cpp:148] Frame: 98, track bbox: [138 x 187 from (305.502, 108.866)], gid: 0, lid: 0
I1014 14:57:19.006871  8381 work_thread.hpp:87]  [T-Work-Detect_0] Frame :98 split
I1014 14:57:19.006891  8381 work_thread.hpp:120]  [T-Work-Detect_0] Valid piece: gid = 0
I1014 14:57:19.006908  8381 work_thread.hpp:91]  [T-Work-Detect_0] Push to split queue:recog
I1014 14:57:19.006965  8384 thread_intergrate.hpp:78] [T-Intergrate-intergrate] queue: frame output frame :98
I1014 14:57:19.006973  8382 work_thread.hpp:81]  [T-Work-Recog_0] Run work: WorkCapture
I1014 14:57:19.006992  8384 thread_intergrate.hpp:85] [T-Intergrate-intergrate] queue: compare output face:0
I1014 14:57:19.007010  8384 thread_intergrate.hpp:144] T-Intergrate-intergrate set matched face: 0
I1014 14:57:19.007761  8382 work_thread.hpp:81]  [T-Work-Recog_0] Run work: WorkRecog
I1014 14:57:19.007802  8382 work_recog.hpp:89] Face id: 0 will run recog: bbox [138 x 187 from (303, 108)] quality: 0.477653
I1014 14:57:19.007841  8382 work_recog.hpp:96] Recog pair: [200 x 272 from (272, 64)], [138 x 187 from (31, 44)]
I1014 14:57:19.016387  8384 thread_intergrate.hpp:164] T-Intergrate-intergrate Show face :0, size :640 * 360
I1014 14:57:19.017091  8380 demo_inner.hpp:435] thread [SORT-0]  frame id 98 sorting queue size 1   FPS: 29.9166
I1014 14:57:19.025996  8382 work_thread.hpp:81]  [T-Work-Recog_0] Run work: WorkCompare
I1014 14:57:19.026590  8382 work_compare.cpp:76] Compare face: 0 successed, similarity :0.997452, name : images/ThangLMb.jpg, normal size : 1548 * 1719!
I1014 14:57:19.035683  8378 demo_inner.hpp:177] decode queue size 0
I1014 14:57:19.035876  8381 work_thread.hpp:81]  [T-Work-Detect_0] Run work: WorkDetect
I1014 14:57:19.035912  8381 work_detect.cpp:102] Succeeded to add det start for frame 99
I1014 14:57:19.042522  8381 work_detect.cpp:70] Frame :99 detect result :1 face(s)
I1014 14:57:19.042568  8381 work_detect.cpp:86] Detected bbox: [136 x 185 from (304, 109)]
I1014 14:57:19.042613  8381 work_detect.cpp:120] Succeeded to add det end for frame 99
I1014 14:57:19.042629  8381 work_thread.hpp:81]  [T-Work-Detect_0] Run work: WrokTrack
I1014 14:57:19.042654  8381 work_track.cpp:82] Frame: 99 build input_characts: [0.2125 x 0.513889 from (0.475, 0.302778)], 0.999622, 0
I1014 14:57:19.042708  8381 work_track.cpp:102] Succeeded to set track lock for frame 99
I1014 14:57:19.042747  8381 work_track.cpp:116] Succeeded to release track lock for frame 99
I1014 14:57:19.042762  8381 work_track.cpp:120] Track results of frame 99: 1 objects input, 1 objects tracked!
I1014 14:57:19.042780  8381 work_track.cpp:148] Frame: 99, track bbox: [136 x 185 from (303.132, 108.713)], gid: 0, lid: 0
I1014 14:57:19.042817  8381 work_thread.hpp:87]  [T-Work-Detect_0] Frame :99 split
I1014 14:57:19.042835  8381 work_thread.hpp:120]  [T-Work-Detect_0] Valid piece: gid = 0
I1014 14:57:19.042853  8381 work_thread.hpp:91]  [T-Work-Detect_0] Push to split queue:recog
I1014 14:57:19.042896  8382 work_thread.hpp:81]  [T-Work-Recog_0] Run work: WorkCapture
I1014 14:57:19.042901  8384 thread_intergrate.hpp:78] [T-Intergrate-intergrate] queue: frame output frame :99
I1014 14:57:19.042932  8384 thread_intergrate.hpp:85] [T-Intergrate-intergrate] queue: compare output face:0
I1014 14:57:19.042951  8384 thread_intergrate.hpp:144] T-Intergrate-intergrate set matched face: 0
I1014 14:57:19.043505  8382 work_thread.hpp:81]  [T-Work-Recog_0] Run work: WorkRecog
I1014 14:57:19.043530  8382 work_recog.hpp:89] Face id: 0 will run recog: bbox [136 x 185 from (304, 109)] quality: 0.4759
I1014 14:57:19.043562  8382 work_recog.hpp:96] Recog pair: [200 x 264 from (272, 72)], [136 x 185 from (32, 37)]
I1014 14:57:19.052687  8384 thread_intergrate.hpp:164] T-Intergrate-intergrate Show face :0, size :640 * 360
I1014 14:57:19.053325  8380 demo_inner.hpp:435] thread [SORT-0]  frame id 99 sorting queue size 2   FPS: 29.9166
I1014 14:57:19.057247  8379 demo_inner.hpp:260]  gui queue size 2, state = running
I1014 14:57:19.062693  8382 work_thread.hpp:81]  [T-Work-Recog_0] Run work: WorkCompare
I1014 14:57:19.063341  8382 work_compare.cpp:76] Compare face: 0 successed, similarity :0.996757, name : images/ThangLMb.jpg, normal size : 1548 * 1719!
I1014 14:57:19.066119  8378 demo_inner.hpp:177] decode queue size 0
I1014 14:57:19.066208  8381 work_thread.hpp:81]  [T-Work-Detect_0] Run work: WorkDetect
I1014 14:57:19.066263  8381 work_detect.cpp:102] Succeeded to add det start for frame 100
I1014 14:57:19.074571  8381 work_detect.cpp:70] Frame :100 detect result :1 face(s)
I1014 14:57:19.074645  8381 work_detect.cpp:86] Detected bbox: [137 x 186 from (303, 109)]
I1014 14:57:19.074689  8381 work_detect.cpp:120] Succeeded to add det end for frame 100
I1014 14:57:19.074705  8381 work_thread.hpp:81]  [T-Work-Detect_0] Run work: WrokTrack
I1014 14:57:19.074739  8381 work_track.cpp:82] Frame: 100 build input_characts: [0.214062 x 0.516667 from (0.473437, 0.302778)], 1.00019, 0
I1014 14:57:19.074793  8381 work_track.cpp:102] Succeeded to set track lock for frame 100
I1014 14:57:19.074832  8381 work_track.cpp:116] Succeeded to release track lock for frame 100
I1014 14:57:19.074873  8381 work_track.cpp:120] Track results of frame 100: 1 objects input, 1 objects tracked!
I1014 14:57:19.074892  8381 work_track.cpp:148] Frame: 100, track bbox: [137 x 186 from (301.332, 107.738)], gid: 0, lid: 0
I1014 14:57:19.074930  8381 work_thread.hpp:87]  [T-Work-Detect_0] Frame :100 split
I1014 14:57:19.074949  8381 work_thread.hpp:120]  [T-Work-Detect_0] Valid piece: gid = 0
I1014 14:57:19.074967  8381 work_thread.hpp:91]  [T-Work-Detect_0] Push to split queue:recog
I1014 14:57:19.075023  8383 work_thread.hpp:81]  [T-Work-Recog_1] Run work: WorkCapture
I1014 14:57:19.075453  8384 thread_intergrate.hpp:78] [T-Intergrate-intergrate] queue: frame output frame :100
I1014 14:57:19.075481  8384 thread_intergrate.hpp:85] [T-Intergrate-intergrate] queue: compare output face:0
I1014 14:57:19.075501  8384 thread_intergrate.hpp:144] T-Intergrate-intergrate set matched face: 0
I1014 14:57:19.075706  8383 work_thread.hpp:81]  [T-Work-Recog_1] Run work: WorkRecog
I1014 14:57:19.075737  8383 work_recog.hpp:89] Face id: 0 will run recog: bbox [137 x 186 from (303, 109)] quality: 0.467576
I1014 14:57:19.075767  8383 work_recog.hpp:96] Recog pair: [200 x 264 from (272, 72)], [137 x 186 from (31, 37)]
I1014 14:57:19.085027  8384 thread_intergrate.hpp:164] T-Intergrate-intergrate Show face :0, size :640 * 360
I1014 14:57:19.085579  8380 demo_inner.hpp:435] thread [SORT-0]  frame id 100 sorting queue size 0   FPS: 29.8434
I1014 14:57:19.093747  8383 work_thread.hpp:81]  [T-Work-Recog_1] Run work: WorkCompare
I1014 14:57:19.094249  8383 work_compare.cpp:76] Compare face: 0 successed, similarity :0.996983, name : images/ThangLMb.jpg, normal size : 1548 * 1719!
I1014 14:57:19.102068  8378 demo_inner.hpp:177] decode queue size 0
I1014 14:57:19.102188  8381 work_thread.hpp:81]  [T-Work-Detect_0] Run work: WorkDetect
I1014 14:57:19.102226  8381 work_detect.cpp:102] Succeeded to add det start for frame 101
I1014 14:57:19.109858  8381 work_detect.cpp:70] Frame :101 detect result :1 face(s)
I1014 14:57:19.109905  8381 work_detect.cpp:86] Detected bbox: [132 x 182 from (306, 112)]
I1014 14:57:19.109956  8381 work_detect.cpp:120] Succeeded to add det end for frame 101
I1014 14:57:19.109972  8381 work_thread.hpp:81]  [T-Work-Detect_0] Run work: WrokTrack
I1014 14:57:19.109997  8381 work_track.cpp:82] Frame: 101 build input_characts: [0.20625 x 0.505556 from (0.478125, 0.311111)], 0.999622, 0
I1014 14:57:19.110076  8381 work_track.cpp:102] Succeeded to set track lock for frame 101
I1014 14:57:19.110117  8381 work_track.cpp:116] Succeeded to release track lock for frame 101
I1014 14:57:19.110132  8381 work_track.cpp:120] Track results of frame 101: 1 objects input, 1 objects tracked!
I1014 14:57:19.110150  8381 work_track.cpp:148] Frame: 101, track bbox: [132 x 182 from (304.108, 110.509)], gid: 0, lid: 0
I1014 14:57:19.110198  8381 work_thread.hpp:87]  [T-Work-Detect_0] Frame :101 split
I1014 14:57:19.110215  8381 work_thread.hpp:120]  [T-Work-Detect_0] Valid piece: gid = 0
I1014 14:57:19.110232  8381 work_thread.hpp:91]  [T-Work-Detect_0] Push to split queue:recog
I1014 14:57:19.110278  8382 work_thread.hpp:81]  [T-Work-Recog_0] Run work: WorkCapture
I1014 14:57:19.110611  8384 thread_intergrate.hpp:78] [T-Intergrate-intergrate] queue: frame output frame :101
I1014 14:57:19.110638  8384 thread_intergrate.hpp:85] [T-Intergrate-intergrate] queue: compare output face:0
I1014 14:57:19.110666  8384 thread_intergrate.hpp:144] T-Intergrate-intergrate set matched face: 0
I1014 14:57:19.110841  8382 work_thread.hpp:81]  [T-Work-Recog_0] Run work: WorkRecog
I1014 14:57:19.110865  8382 work_recog.hpp:89] Face id: 0 will run recog: bbox [132 x 182 from (306, 112)] quality: 0.474621
I1014 14:57:19.110895  8382 work_recog.hpp:96] Recog pair: [184 x 264 from (280, 72)], [132 x 182 from (26, 40)]
I1014 14:57:19.123049  8384 thread_intergrate.hpp:164] T-Intergrate-intergrate Show face :0, size :640 * 360
I1014 14:57:19.123672  8380 demo_inner.hpp:435] thread [SORT-0]  frame id 101 sorting queue size 1   FPS: 29.8434
I1014 14:57:19.124544  8379 demo_inner.hpp:260]  gui queue size 1, state = running
I1014 14:57:19.129187  8382 work_thread.hpp:81]  [T-Work-Recog_0] Run work: WorkCompare
I1014 14:57:19.129652  8382 work_compare.cpp:76] Compare face: 0 successed, similarity :0.990404, name : images/ThangLMb.jpg, normal size : 1548 * 1719!
I1014 14:57:19.132274  8378 demo_inner.hpp:177] decode queue size 0
I1014 14:57:19.132364  8381 work_thread.hpp:81]  [T-Work-Detect_0] Run work: WorkDetect
I1014 14:57:19.132400  8381 work_detect.cpp:102] Succeeded to add det start for frame 102
I1014 14:57:19.140242  8381 work_detect.cpp:70] Frame :102 detect result :1 face(s)
I1014 14:57:19.140570  8381 work_detect.cpp:86] Detected bbox: [133 x 180 from (305, 112)]
I1014 14:57:19.140615  8381 work_detect.cpp:120] Succeeded to add det end for frame 102
I1014 14:57:19.140631  8381 work_thread.hpp:81]  [T-Work-Detect_0] Run work: WrokTrack
I1014 14:57:19.140656  8381 work_track.cpp:82] Frame: 102 build input_characts: [0.207813 x 0.5 from (0.476562, 0.311111)], 0.999622, 0
I1014 14:57:19.140734  8381 work_track.cpp:102] Succeeded to set track lock for frame 102
I1014 14:57:19.140792  8381 work_track.cpp:116] Succeeded to release track lock for frame 102
I1014 14:57:19.140816  8381 work_track.cpp:120] Track results of frame 102: 1 objects input, 1 objects tracked!
I1014 14:57:19.140836  8381 work_track.cpp:148] Frame: 102, track bbox: [133 x 180 from (304.985, 111.993)], gid: 0, lid: 0
I1014 14:57:19.140873  8381 work_thread.hpp:87]  [T-Work-Detect_0] Frame :102 split
I1014 14:57:19.140892  8381 work_thread.hpp:120]  [T-Work-Detect_0] Valid piece: gid = 0
I1014 14:57:19.140909  8381 work_thread.hpp:91]  [T-Work-Detect_0] Push to split queue:recog
I1014 14:57:19.140980  8383 work_thread.hpp:81]  [T-Work-Recog_1] Run work: WorkCapture
I1014 14:57:19.140993  8384 thread_intergrate.hpp:78] [T-Intergrate-intergrate] queue: frame output frame :102
I1014 14:57:19.141019  8384 thread_intergrate.hpp:85] [T-Intergrate-intergrate] queue: compare output face:0
I1014 14:57:19.141038  8384 thread_intergrate.hpp:144] T-Intergrate-intergrate set matched face: 0
I1014 14:57:19.141564  8383 work_thread.hpp:81]  [T-Work-Recog_1] Run work: WorkRecog
I1014 14:57:19.141592  8383 work_recog.hpp:89] Face id: 0 will run recog: bbox [133 x 180 from (305, 112)] quality: 0.47445
I1014 14:57:19.141623  8383 work_recog.hpp:96] Recog pair: [192 x 256 from (272, 72)], [133 x 180 from (33, 40)]
I1014 14:57:19.153618  8384 thread_intergrate.hpp:164] T-Intergrate-intergrate Show face :0, size :640 * 360
I1014 14:57:19.154235  8380 demo_inner.hpp:435] thread [SORT-0]  frame id 102 sorting queue size 0   FPS: 29.9313
I1014 14:57:19.159343  8383 work_thread.hpp:81]  [T-Work-Recog_1] Run work: WorkCompare
I1014 14:57:19.159788  8383 work_compare.cpp:76] Compare face: 0 successed, similarity :0.995813, name : images/ThangLMb.jpg, normal size : 1548 * 1719!
I1014 14:57:19.168025  8378 demo_inner.hpp:177] decode queue size 0
I1014 14:57:19.168146  8381 work_thread.hpp:81]  [T-Work-Detect_0] Run work: WorkDetect
I1014 14:57:19.168203  8381 work_detect.cpp:102] Succeeded to add det start for frame 103
I1014 14:57:19.175740  8381 work_detect.cpp:70] Frame :103 detect result :1 face(s)
I1014 14:57:19.175796  8381 work_detect.cpp:86] Detected bbox: [166 x 214 from (296, 98)]
I1014 14:57:19.175837  8381 work_detect.cpp:120] Succeeded to add det end for frame 103
I1014 14:57:19.175854  8381 work_thread.hpp:81]  [T-Work-Detect_0] Run work: WrokTrack
I1014 14:57:19.175905  8381 work_track.cpp:82] Frame: 103 build input_characts: [0.259375 x 0.594444 from (0.4625, 0.272222)], 0.999622, 0
I1014 14:57:19.175961  8381 work_track.cpp:102] Succeeded to set track lock for frame 103
I1014 14:57:19.176010  8381 work_track.cpp:116] Succeeded to release track lock for frame 103
I1014 14:57:19.176025  8381 work_track.cpp:120] Track results of frame 103: 1 objects input, 1 objects tracked!
I1014 14:57:19.176043  8381 work_track.cpp:148] Frame: 103, track bbox: [166 x 214 from (292.461, 96.9172)], gid: 0, lid: 0
I1014 14:57:19.176079  8381 work_thread.hpp:87]  [T-Work-Detect_0] Frame :103 split
I1014 14:57:19.176097  8381 work_thread.hpp:120]  [T-Work-Detect_0] Valid piece: gid = 0
