I1014 15:07:48.512424  8648 work_track.cpp:120] Track results of frame 160: 1 objects input, 1 objects tracked!
I1014 15:07:48.512442  8648 work_track.cpp:148] Frame: 160, track bbox: [140 x 172 from (152.273, 186.687)], gid: 0, lid: 0
I1014 15:07:48.512478  8648 work_thread.hpp:87]  [T-Work-Detect_0] Frame :160 split
I1014 15:07:48.512522  8648 work_thread.hpp:120]  [T-Work-Detect_0] Valid piece: gid = 0
I1014 15:07:48.512542  8648 work_thread.hpp:91]  [T-Work-Detect_0] Push to split queue:recog
I1014 15:07:48.512584  8649 work_thread.hpp:81]  [T-Work-Recog_0] Run work: WorkCapture
I1014 15:07:48.512600  8651 thread_intergrate.hpp:78] [T-Intergrate-intergrate] queue: frame output frame :160
I1014 15:07:48.512920  8651 thread_intergrate.hpp:85] [T-Intergrate-intergrate] queue: compare output face:0
I1014 15:07:48.512939  8651 thread_intergrate.hpp:144] T-Intergrate-intergrate set matched face: 0
I1014 15:07:48.513139  8649 work_thread.hpp:81]  [T-Work-Recog_0] Run work: WorkRecog
I1014 15:07:48.513164  8649 work_recog.hpp:89] Face id: 0 will run recog: bbox [140 x 172 from (152, 186)] quality: 0.415257
I1014 15:07:48.513192  8649 work_recog.hpp:96] Recog pair: [200 x 208 from (120, 152)], [140 x 172 from (32, 34)]
I1014 15:07:48.514684  8651 thread_intergrate.hpp:168] T-Intergrate-intergrate Show face :0, size :640 * 360
I1014 15:07:48.515341  8647 demo_inner.hpp:435] thread [SORT-0]  frame id 160 sorting queue size 0   FPS: 28.5447
I1014 15:07:48.515409  8646 demo_inner.hpp:260]  gui queue size 0, state = running
I1014 15:07:48.531198  8649 work_thread.hpp:81]  [T-Work-Recog_0] Run work: WorkCompare
I1014 15:07:48.531733  8649 work_compare.cpp:76] Compare face: 0 successed, similarity :0.967425, name : images/ThangLMb.jpg, normal size : 1548 * 1719!
I1014 15:07:48.534060  8645 demo_inner.hpp:177] decode queue size 0
I1014 15:07:48.534147  8648 work_thread.hpp:81]  [T-Work-Detect_0] Run work: WorkDetect
I1014 15:07:48.534186  8648 work_detect.cpp:102] Succeeded to add det start for frame 161
I1014 15:07:48.540911  8648 work_detect.cpp:70] Frame :161 detect result :1 face(s)
W1014 15:07:48.540957  8648 work_detect.cpp:83] Invalid bbox: [145 x 178 from (150, 183)]
I1014 15:07:48.541029  8648 work_detect.cpp:120] Succeeded to add det end for frame 161
I1014 15:07:48.541047  8648 work_thread.hpp:81]  [T-Work-Detect_0] Run work: WrokTrack
I1014 15:07:48.541075  8648 work_track.cpp:102] Succeeded to set track lock for frame 161
I1014 15:07:48.541107  8648 work_track.cpp:116] Succeeded to release track lock for frame 161
I1014 15:07:48.541122  8648 work_track.cpp:120] Track results of frame 161: 0 objects input, 1 objects tracked!
I1014 15:07:48.541139  8648 work_track.cpp:148] Frame: 161, track bbox: [140 x 172 from (151.853, 187.568)], gid: 0, lid: -1
I1014 15:07:48.541190  8648 work_thread.hpp:87]  [T-Work-Detect_0] Frame :161 split
I1014 15:07:48.541240  8651 thread_intergrate.hpp:78] [T-Intergrate-intergrate] queue: frame output frame :161
I1014 15:07:48.541270  8651 thread_intergrate.hpp:85] [T-Intergrate-intergrate] queue: compare output face:0
I1014 15:07:48.541297  8651 thread_intergrate.hpp:144] T-Intergrate-intergrate set matched face: 0
I1014 15:07:48.543254  8651 thread_intergrate.hpp:168] T-Intergrate-intergrate Show face :0, size :640 * 360
I1014 15:07:48.543812  8647 demo_inner.hpp:435] thread [SORT-0]  frame id 161 sorting queue size 0   FPS: 28.5714
I1014 15:07:48.543875  8646 demo_inner.hpp:260]  gui queue size 0, state = running
I1014 15:07:48.569731  8645 demo_inner.hpp:177] decode queue size 0
I1014 15:07:48.569841  8648 work_thread.hpp:81]  [T-Work-Detect_0] Run work: WorkDetect
I1014 15:07:48.569878  8648 work_detect.cpp:102] Succeeded to add det start for frame 162
I1014 15:07:48.576584  8648 work_detect.cpp:70] Frame :162 detect result :1 face(s)
W1014 15:07:48.576632  8648 work_detect.cpp:83] Invalid bbox: [152 x 179 from (149, 193)]
I1014 15:07:48.576704  8648 work_detect.cpp:120] Succeeded to add det end for frame 162
I1014 15:07:48.576721  8648 work_thread.hpp:81]  [T-Work-Detect_0] Run work: WrokTrack
I1014 15:07:48.576750  8648 work_track.cpp:102] Succeeded to set track lock for frame 162
I1014 15:07:48.576781  8648 work_track.cpp:116] Succeeded to release track lock for frame 162
I1014 15:07:48.576797  8648 work_track.cpp:120] Track results of frame 162: 0 objects input, 0 objects tracked!
I1014 15:07:48.576814  8648 work_thread.hpp:87]  [T-Work-Detect_0] Frame :162 split
I1014 15:07:48.576880  8651 thread_intergrate.hpp:78] [T-Intergrate-intergrate] queue: frame output frame :162
I1014 15:07:48.578032  8651 thread_intergrate.hpp:168] T-Intergrate-intergrate Show face :0, size :640 * 360
I1014 15:07:48.578639  8647 demo_inner.hpp:435] thread [SORT-0]  frame id 162 sorting queue size 0   FPS: 28.5848
I1014 15:07:48.578707  8646 demo_inner.hpp:260]  gui queue size 0, state = running
I1014 15:07:48.605829  8645 demo_inner.hpp:177] decode queue size 0
I1014 15:07:48.605957  8648 work_thread.hpp:81]  [T-Work-Detect_0] Run work: WorkDetect
I1014 15:07:48.605998  8648 work_detect.cpp:102] Succeeded to add det start for frame 163
I1014 15:07:48.612630  8648 work_detect.cpp:70] Frame :163 detect result :1 face(s)
I1014 15:07:48.612668  8648 work_detect.cpp:86] Detected bbox: [140 x 175 from (153, 185)]
I1014 15:07:48.612710  8648 work_detect.cpp:120] Succeeded to add det end for frame 163
I1014 15:07:48.612727  8648 work_thread.hpp:81]  [T-Work-Detect_0] Run work: WrokTrack
I1014 15:07:48.612751  8648 work_track.cpp:82] Frame: 163 build input_characts: [0.21875 x 0.486111 from (0.239063, 0.513889)], 1.00019, 0
I1014 15:07:48.612807  8648 work_track.cpp:102] Succeeded to set track lock for frame 163
I1014 15:07:48.612848  8648 work_track.cpp:116] Succeeded to release track lock for frame 163
I1014 15:07:48.612861  8648 work_track.cpp:120] Track results of frame 163: 1 objects input, 0 objects tracked!
I1014 15:07:48.612879  8648 work_track.cpp:162] Frame: 163 lid: 0 not tracked, will set invalid
I1014 15:07:48.612895  8648 work_thread.hpp:87]  [T-Work-Detect_0] Frame :163 split
I1014 15:07:48.613010  8648 work_thread.hpp:126]  [T-Work-Detect_0] Invalid piece: lid = 0, drop it
I1014 15:07:48.613067  8651 thread_intergrate.hpp:78] [T-Intergrate-intergrate] queue: frame output frame :163
I1014 15:07:48.614159  8651 thread_intergrate.hpp:168] T-Intergrate-intergrate Show face :0, size :640 * 360
I1014 15:07:48.614720  8647 demo_inner.hpp:435] thread [SORT-0]  frame id 163 sorting queue size 0   FPS: 28.5047
I1014 15:07:48.614784  8646 demo_inner.hpp:260]  gui queue size 0, state = running
I1014 15:07:48.635744  8645 demo_inner.hpp:177] decode queue size 0
I1014 15:07:48.635846  8648 work_thread.hpp:81]  [T-Work-Detect_0] Run work: WorkDetect
I1014 15:07:48.635881  8648 work_detect.cpp:102] Succeeded to add det start for frame 164
I1014 15:07:48.642426  8648 work_detect.cpp:70] Frame :164 detect result :1 face(s)
I1014 15:07:48.642469  8648 work_detect.cpp:86] Detected bbox: [139 x 173 from (154, 186)]
I1014 15:07:48.642513  8648 work_detect.cpp:120] Succeeded to add det end for frame 164
I1014 15:07:48.642529  8648 work_thread.hpp:81]  [T-Work-Detect_0] Run work: WrokTrack
I1014 15:07:48.642554  8648 work_track.cpp:82] Frame: 164 build input_characts: [0.217187 x 0.480556 from (0.240625, 0.516667)], 0.999622, 0
I1014 15:07:48.642609  8648 work_track.cpp:102] Succeeded to set track lock for frame 164
I1014 15:07:48.642648  8648 work_track.cpp:116] Succeeded to release track lock for frame 164
I1014 15:07:48.642663  8648 work_track.cpp:120] Track results of frame 164: 1 objects input, 0 objects tracked!
I1014 15:07:48.642680  8648 work_track.cpp:162] Frame: 164 lid: 0 not tracked, will set invalid
I1014 15:07:48.642696  8648 work_thread.hpp:87]  [T-Work-Detect_0] Frame :164 split
I1014 15:07:48.642714  8648 work_thread.hpp:126]  [T-Work-Detect_0] Invalid piece: lid = 0, drop it
I1014 15:07:48.642760  8651 thread_intergrate.hpp:78] [T-Intergrate-intergrate] queue: frame output frame :164
I1014 15:07:48.643857  8651 thread_intergrate.hpp:168] T-Intergrate-intergrate Show face :0, size :640 * 360
I1014 15:07:48.644507  8647 demo_inner.hpp:435] thread [SORT-0]  frame id 164 sorting queue size 0   FPS: 28.5982
I1014 15:07:48.644575  8646 demo_inner.hpp:260]  gui queue size 0, state = running
I1014 15:07:48.671643  8645 demo_inner.hpp:177] decode queue size 0
I1014 15:07:48.671749  8648 work_thread.hpp:81]  [T-Work-Detect_0] Run work: WorkDetect
I1014 15:07:48.671787  8648 work_detect.cpp:102] Succeeded to add det start for frame 165
I1014 15:07:48.678386  8648 work_detect.cpp:70] Frame :165 detect result :1 face(s)
I1014 15:07:48.678432  8648 work_detect.cpp:86] Detected bbox: [141 x 173 from (153, 187)]
I1014 15:07:48.678475  8648 work_detect.cpp:120] Succeeded to add det end for frame 165
I1014 15:07:48.678491  8648 work_thread.hpp:81]  [T-Work-Detect_0] Run work: WrokTrack
I1014 15:07:48.678515  8648 work_track.cpp:82] Frame: 165 build input_characts: [0.220313 x 0.480556 from (0.239063, 0.519444)], 1.00019, 0
I1014 15:07:48.678571  8648 work_track.cpp:102] Succeeded to set track lock for frame 165
I1014 15:07:48.678611  8648 work_track.cpp:116] Succeeded to release track lock for frame 165
I1014 15:07:48.678625  8648 work_track.cpp:120] Track results of frame 165: 1 objects input, 1 objects tracked!
I1014 15:07:48.678643  8648 work_track.cpp:148] Frame: 165, track bbox: [141 x 173 from (152.885, 186.613)], gid: 0, lid: 0
I1014 15:07:48.678679  8648 work_thread.hpp:87]  [T-Work-Detect_0] Frame :165 split
I1014 15:07:48.678697  8648 work_thread.hpp:120]  [T-Work-Detect_0] Valid piece: gid = 0
I1014 15:07:48.678715  8648 work_thread.hpp:91]  [T-Work-Detect_0] Push to split queue:recog
I1014 15:07:48.678766  8649 work_thread.hpp:81]  [T-Work-Recog_0] Run work: WorkCapture
I1014 15:07:48.679070  8651 thread_intergrate.hpp:78] [T-Intergrate-intergrate] queue: frame output frame :165
I1014 15:07:48.679298  8649 work_thread.hpp:81]  [T-Work-Recog_0] Run work: WorkRecog
I1014 15:07:48.679322  8649 work_recog.hpp:89] Face id: 0 will run recog: bbox [141 x 173 from (153, 187)] quality: 0.423726
I1014 15:07:48.679348  8649 work_recog.hpp:96] Recog pair: [208 x 208 from (120, 152)], [141 x 173 from (33, 35)]
I1014 15:07:48.680220  8651 thread_intergrate.hpp:168] T-Intergrate-intergrate Show face :0, size :640 * 360
I1014 15:07:48.680747  8647 demo_inner.hpp:435] thread [SORT-0]  frame id 165 sorting queue size 0   FPS: 28.5047
I1014 15:07:48.680819  8646 demo_inner.hpp:260]  gui queue size 0, state = running
I1014 15:07:48.696949  8649 work_thread.hpp:81]  [T-Work-Recog_0] Run work: WorkCompare
I1014 15:07:48.697412  8649 work_compare.cpp:76] Compare face: 0 successed, similarity :0.979015, name : images/ThangLMb.jpg, normal size : 1548 * 1719!
I1014 15:07:48.701953  8645 demo_inner.hpp:177] decode queue size 0
I1014 15:07:48.702065  8648 work_thread.hpp:81]  [T-Work-Detect_0] Run work: WorkDetect
I1014 15:07:48.702102  8648 work_detect.cpp:102] Succeeded to add det start for frame 166
I1014 15:07:48.708775  8648 work_detect.cpp:70] Frame :166 detect result :1 face(s)
I1014 15:07:48.708820  8648 work_detect.cpp:86] Detected bbox: [140 x 175 from (154, 185)]
I1014 15:07:48.708864  8648 work_detect.cpp:120] Succeeded to add det end for frame 166
I1014 15:07:48.708881  8648 work_thread.hpp:81]  [T-Work-Detect_0] Run work: WrokTrack
I1014 15:07:48.708905  8648 work_track.cpp:82] Frame: 166 build input_characts: [0.21875 x 0.486111 from (0.240625, 0.513889)], 1.00019, 0
I1014 15:07:48.708962  8648 work_track.cpp:102] Succeeded to set track lock for frame 166
I1014 15:07:48.709002  8648 work_track.cpp:116] Succeeded to release track lock for frame 166
I1014 15:07:48.709017  8648 work_track.cpp:120] Track results of frame 166: 1 objects input, 1 objects tracked!
I1014 15:07:48.709035  8648 work_track.cpp:148] Frame: 166, track bbox: [140 x 174.695 from (153.803, 185.305)], gid: 0, lid: 0
I1014 15:07:48.709071  8648 work_thread.hpp:87]  [T-Work-Detect_0] Frame :166 split
I1014 15:07:48.709089  8648 work_thread.hpp:120]  [T-Work-Detect_0] Valid piece: gid = 0
I1014 15:07:48.709108  8648 work_thread.hpp:91]  [T-Work-Detect_0] Push to split queue:recog
I1014 15:07:48.709152  8649 work_thread.hpp:81]  [T-Work-Recog_0] Run work: WorkCapture
I1014 15:07:48.709455  8651 thread_intergrate.hpp:78] [T-Intergrate-intergrate] queue: frame output frame :166
I1014 15:07:48.709492  8651 thread_intergrate.hpp:85] [T-Intergrate-intergrate] queue: compare output face:0
I1014 15:07:48.709512  8651 thread_intergrate.hpp:144] T-Intergrate-intergrate set matched face: 0
I1014 15:07:48.709697  8649 work_thread.hpp:81]  [T-Work-Recog_0] Run work: WorkRecog
I1014 15:07:48.709719  8649 work_recog.hpp:89] Face id: 0 will run recog: bbox [140 x 175 from (154, 185)] quality: 0.444325
I1014 15:07:48.709748  8649 work_recog.hpp:96] Recog pair: [208 x 216 from (120, 144)], [140 x 175 from (34, 41)]
I1014 15:07:48.711766  8651 thread_intergrate.hpp:168] T-Intergrate-intergrate Show face :0, size :640 * 360
I1014 15:07:48.712963  8647 demo_inner.hpp:435] thread [SORT-0]  frame id 166 sorting queue size 0   FPS: 28.5581
I1014 15:07:48.713050  8646 demo_inner.hpp:260]  gui queue size 0, state = running
I1014 15:07:48.727200  8649 work_thread.hpp:81]  [T-Work-Recog_0] Run work: WorkCompare
I1014 15:07:48.727661  8649 work_compare.cpp:76] Compare face: 0 successed, similarity :0.979922, name : images/ThangLMb.jpg, normal size : 1548 * 1719!
I1014 15:07:48.737694  8645 demo_inner.hpp:177] decode queue size 0
I1014 15:07:48.737816  8648 work_thread.hpp:81]  [T-Work-Detect_0] Run work: WorkDetect
I1014 15:07:48.737851  8648 work_detect.cpp:102] Succeeded to add det start for frame 167
I1014 15:07:48.744407  8648 work_detect.cpp:70] Frame :167 detect result :1 face(s)
W1014 15:07:48.744451  8648 work_detect.cpp:83] Invalid bbox: [146 x 183 from (152, 180)]
I1014 15:07:48.744524  8648 work_detect.cpp:120] Succeeded to add det end for frame 167
I1014 15:07:48.744541  8648 work_thread.hpp:81]  [T-Work-Detect_0] Run work: WrokTrack
I1014 15:07:48.744568  8648 work_track.cpp:102] Succeeded to set track lock for frame 167
I1014 15:07:48.744601  8648 work_track.cpp:116] Succeeded to release track lock for frame 167
I1014 15:07:48.744662  8648 work_track.cpp:120] Track results of frame 167: 0 objects input, 1 objects tracked!
I1014 15:07:48.744683  8648 work_track.cpp:148] Frame: 167, track bbox: [140 x 174.652 from (154.003, 185.348)], gid: 0, lid: -1
I1014 15:07:48.744736  8648 work_thread.hpp:87]  [T-Work-Detect_0] Frame :167 split
I1014 15:07:48.744809  8651 thread_intergrate.hpp:78] [T-Intergrate-intergrate] queue: frame output frame :167
I1014 15:07:48.744838  8651 thread_intergrate.hpp:85] [T-Intergrate-intergrate] queue: compare output face:0
I1014 15:07:48.744858  8651 thread_intergrate.hpp:144] T-Intergrate-intergrate set matched face: 0
I1014 15:07:48.746481  8651 thread_intergrate.hpp:168] T-Intergrate-intergrate Show face :0, size :640 * 360
I1014 15:07:48.747324  8647 demo_inner.hpp:435] thread [SORT-0]  frame id 167 sorting queue size 0   FPS: 28.5714
I1014 15:07:48.747393  8646 demo_inner.hpp:260]  gui queue size 0, state = running
I1014 15:07:48.767799  8645 demo_inner.hpp:177] decode queue size 0
I1014 15:07:48.767907  8648 work_thread.hpp:81]  [T-Work-Detect_0] Run work: WorkDetect
I1014 15:07:48.767943  8648 work_detect.cpp:102] Succeeded to add det start for frame 168
I1014 15:07:48.774767  8648 work_detect.cpp:70] Frame :168 detect result :1 face(s)
I1014 15:07:48.774821  8648 work_detect.cpp:86] Detected bbox: [138 x 174 from (156, 185)]
I1014 15:07:48.774865  8648 work_detect.cpp:120] Succeeded to add det end for frame 168
I1014 15:07:48.774881  8648 work_thread.hpp:81]  [T-Work-Detect_0] Run work: WrokTrack
I1014 15:07:48.774907  8648 work_track.cpp:82] Frame: 168 build input_characts: [0.215625 x 0.483333 from (0.24375, 0.513889)], 1.00019, 0
I1014 15:07:48.774962  8648 work_track.cpp:102] Succeeded to set track lock for frame 168
I1014 15:07:48.775002  8648 work_track.cpp:116] Succeeded to release track lock for frame 168
I1014 15:07:48.775017  8648 work_track.cpp:120] Track results of frame 168: 1 objects input, 1 objects tracked!
I1014 15:07:48.775035  8648 work_track.cpp:148] Frame: 168, track bbox: [138 x 174 from (155.832, 185.6)], gid: 0, lid: 0
I1014 15:07:48.775071  8648 work_thread.hpp:87]  [T-Work-Detect_0] Frame :168 split
I1014 15:07:48.775090  8648 work_thread.hpp:120]  [T-Work-Detect_0] Valid piece: gid = 0
I1014 15:07:48.775108  8648 work_thread.hpp:91]  [T-Work-Detect_0] Push to split queue:recog
I1014 15:07:48.775171  8649 work_thread.hpp:81]  [T-Work-Recog_0] Run work: WorkCapture
I1014 15:07:48.775480  8651 thread_intergrate.hpp:78] [T-Intergrate-intergrate] queue: frame output frame :168
I1014 15:07:48.775712  8649 work_thread.hpp:81]  [T-Work-Recog_0] Run work: WorkRecog
I1014 15:07:48.775737  8649 work_recog.hpp:89] Face id: 0 will run recog: bbox [138 x 174 from (156, 185)] quality: 0.444109
I1014 15:07:48.775763  8649 work_recog.hpp:96] Recog pair: [200 x 216 from (128, 144)], [138 x 174 from (28, 41)]
I1014 15:07:48.777066  8651 thread_intergrate.hpp:168] T-Intergrate-intergrate Show face :0, size :640 * 360
I1014 15:07:48.777599  8647 demo_inner.hpp:435] thread [SORT-0]  frame id 168 sorting queue size 0   FPS: 28.5714
I1014 15:07:48.777671  8646 demo_inner.hpp:260]  gui queue size 0, state = running
I1014 15:07:48.793138  8649 work_thread.hpp:81]  [T-Work-Recog_0] Run work: WorkCompare
I1014 15:07:48.793603  8649 work_compare.cpp:76] Compare face: 0 successed, similarity :0.971572, name : images/ThangLMb.jpg, normal size : 1548 * 1719!
I1014 15:07:48.803689  8645 demo_inner.hpp:177] decode queue size 0
I1014 15:07:48.803795  8648 work_thread.hpp:81]  [T-Work-Detect_0] Run work: WorkDetect
I1014 15:07:48.803833  8648 work_detect.cpp:102] Succeeded to add det start for frame 169
I1014 15:07:48.810436  8648 work_detect.cpp:70] Frame :169 detect result :1 face(s)
W1014 15:07:48.810478  8648 work_detect.cpp:83] Invalid bbox: [139 x 178 from (157, 183)]
I1014 15:07:48.810552  8648 work_detect.cpp:120] Succeeded to add det end for frame 169
I1014 15:07:48.810570  8648 work_thread.hpp:81]  [T-Work-Detect_0] Run work: WrokTrack
I1014 15:07:48.810597  8648 work_track.cpp:102] Succeeded to set track lock for frame 169
I1014 15:07:48.810676  8648 work_track.cpp:116] Succeeded to release track lock for frame 169
I1014 15:07:48.810693  8648 work_track.cpp:120] Track results of frame 169: 0 objects input, 1 objects tracked!
I1014 15:07:48.810710  8648 work_track.cpp:148] Frame: 169, track bbox: [138 x 174 from (156.196, 185.627)], gid: 0, lid: -1
I1014 15:07:48.810766  8648 work_thread.hpp:87]  [T-Work-Detect_0] Frame :169 split
I1014 15:07:48.810814  8651 thread_intergrate.hpp:78] [T-Intergrate-intergrate] queue: frame output frame :169
I1014 15:07:48.810843  8651 thread_intergrate.hpp:85] [T-Intergrate-intergrate] queue: compare output face:0
I1014 15:07:48.810863  8651 thread_intergrate.hpp:144] T-Intergrate-intergrate set matched face: 0
I1014 15:07:48.812568  8651 thread_intergrate.hpp:168] T-Intergrate-intergrate Show face :0, size :640 * 360
I1014 15:07:48.813428  8647 demo_inner.hpp:435] thread [SORT-0]  frame id 169 sorting queue size 0   FPS: 28.5714
I1014 15:07:48.834216  8645 demo_inner.hpp:177] decode queue size 0
I1014 15:07:48.834328  8648 work_thread.hpp:81]  [T-Work-Detect_0] Run work: WorkDetect
I1014 15:07:48.834367  8648 work_detect.cpp:102] Succeeded to add det start for frame 170
I1014 15:07:48.840940  8648 work_detect.cpp:70] Frame :170 detect result :1 face(s)
I1014 15:07:48.840991  8648 work_detect.cpp:86] Detected bbox: [138 x 177 from (159, 180)]
I1014 15:07:48.841035  8648 work_detect.cpp:120] Succeeded to add det end for frame 170
I1014 15:07:48.841051  8648 work_thread.hpp:81]  [T-Work-Detect_0] Run work: WrokTrack
I1014 15:07:48.841075  8648 work_track.cpp:82] Frame: 170 build input_characts: [0.215625 x 0.491667 from (0.248437, 0.5)], 1.00019, 0
I1014 15:07:48.841131  8648 work_track.cpp:102] Succeeded to set track lock for frame 170
I1014 15:07:48.841172  8648 work_track.cpp:116] Succeeded to release track lock for frame 170
I1014 15:07:48.841187  8648 work_track.cpp:120] Track results of frame 170: 1 objects input, 1 objects tracked!
I1014 15:07:48.841205  8648 work_track.cpp:148] Frame: 170, track bbox: [138 x 177 from (158.154, 181.302)], gid: 0, lid: 0
I1014 15:07:48.841243  8648 work_thread.hpp:87]  [T-Work-Detect_0] Frame :170 split
I1014 15:07:48.841259  8648 work_thread.hpp:120]  [T-Work-Detect_0] Valid piece: gid = 0
I1014 15:07:48.841277  8648 work_thread.hpp:91]  [T-Work-Detect_0] Push to split queue:recog
I1014 15:07:48.841331  8649 work_thread.hpp:81]  [T-Work-Recog_0] Run work: WorkCapture
I1014 15:07:48.841634  8651 thread_intergrate.hpp:78] [T-Intergrate-intergrate] queue: frame output frame :170
I1014 15:07:48.841866  8649 work_thread.hpp:81]  [T-Work-Recog_0] Run work: WorkRecog
I1014 15:07:48.841888  8649 work_recog.hpp:89] Face id: 0 will run recog: bbox [138 x 177 from (159, 180)] quality: 0.468839
I1014 15:07:48.841915  8649 work_recog.hpp:96] Recog pair: [200 x 216 from (128, 144)], [138 x 177 from (31, 36)]
I1014 15:07:48.842974  8651 thread_intergrate.hpp:168] T-Intergrate-intergrate Show face :0, size :640 * 360
I1014 15:07:48.843538  8647 demo_inner.hpp:435] thread [SORT-0]  frame id 170 sorting queue size 1   FPS: 28.5714
I1014 15:07:48.845613  8646 demo_inner.hpp:260]  gui queue size 1, state = running
I1014 15:07:48.859529  8649 work_thread.hpp:81]  [T-Work-Recog_0] Run work: WorkCompare
I1014 15:07:48.860000  8649 work_compare.cpp:76] Compare face: 0 successed, similarity :0.97172, name : images/ThangLMb.jpg, normal size : 1548 * 1719!
I1014 15:07:48.869740  8645 demo_inner.hpp:177] decode queue size 0
I1014 15:07:48.869844  8648 work_thread.hpp:81]  [T-Work-Detect_0] Run work: WorkDetect
I1014 15:07:48.869879  8648 work_detect.cpp:102] Succeeded to add det start for frame 171
I1014 15:07:48.876544  8648 work_detect.cpp:70] Frame :171 detect result :1 face(s)
I1014 15:07:48.876590  8648 work_detect.cpp:86] Detected bbox: [136 x 177 from (160, 180)]
I1014 15:07:48.876632  8648 work_detect.cpp:120] Succeeded to add det end for frame 171
I1014 15:07:48.876649  8648 work_thread.hpp:81]  [T-Work-Detect_0] Run work: WrokTrack
I1014 15:07:48.876746  8648 work_track.cpp:82] Frame: 171 build input_characts: [0.2125 x 0.491667 from (0.25, 0.5)], 0.998681, 0
I1014 15:07:48.876804  8648 work_track.cpp:102] Succeeded to set track lock for frame 171
I1014 15:07:48.876844  8648 work_track.cpp:116] Succeeded to release track lock for frame 171
I1014 15:07:48.876859  8648 work_track.cpp:120] Track results of frame 171: 1 objects input, 1 objects tracked!
I1014 15:07:48.876878  8648 work_track.cpp:148] Frame: 171, track bbox: [136 x 177 from (160.023, 180.151)], gid: 0, lid: 0
I1014 15:07:48.876914  8648 work_thread.hpp:87]  [T-Work-Detect_0] Frame :171 split
I1014 15:07:48.876932  8648 work_thread.hpp:120]  [T-Work-Detect_0] Valid piece: gid = 0
I1014 15:07:48.876950  8648 work_thread.hpp:91]  [T-Work-Detect_0] Push to split queue:recog
I1014 15:07:48.877001  8650 work_thread.hpp:81]  [T-Work-Recog_1] Run work: WorkCapture
I1014 15:07:48.877298  8651 thread_intergrate.hpp:78] [T-Intergrate-intergrate] queue: frame output frame :171
I1014 15:07:48.877326  8651 thread_intergrate.hpp:85] [T-Intergrate-intergrate] queue: compare output face:0
I1014 15:07:48.877346  8651 thread_intergrate.hpp:144] T-Intergrate-intergrate set matched face: 0
I1014 15:07:48.877542  8650 work_thread.hpp:81]  [T-Work-Recog_1] Run work: WorkRecog
I1014 15:07:48.877565  8650 work_recog.hpp:89] Face id: 0 will run recog: bbox [136 x 177 from (160, 180)] quality: 0.473868
I1014 15:07:48.877593  8650 work_recog.hpp:96] Recog pair: [200 x 216 from (128, 144)], [136 x 177 from (32, 36)]
I1014 15:07:48.879479  8651 thread_intergrate.hpp:168] T-Intergrate-intergrate Show face :0, size :640 * 360
I1014 15:07:48.880095  8647 demo_inner.hpp:435] thread [SORT-0]  frame id 171 sorting queue size 0   FPS: 28.5581
I1014 15:07:48.895012  8650 work_thread.hpp:81]  [T-Work-Recog_1] Run work: WorkCompare
I1014 15:07:48.895462  8650 work_compare.cpp:76] Compare face: 0 successed, similarity :0.980261, name : images/ThangLMb.jpg, normal size : 1548 * 1719!
I1014 15:07:48.905642  8645 demo_inner.hpp:177] decode queue size 0
I1014 15:07:48.905741  8648 work_thread.hpp:81]  [T-Work-Detect_0] Run work: WorkDetect
I1014 15:07:48.905776  8648 work_detect.cpp:102] Succeeded to add det start for frame 172
I1014 15:07:48.912336  8648 work_detect.cpp:70] Frame :172 detect result :1 face(s)
I1014 15:07:48.912391  8648 work_detect.cpp:86] Detected bbox: [140 x 179 from (163, 178)]
I1014 15:07:48.912436  8648 work_detect.cpp:120] Succeeded to add det end for frame 172
I1014 15:07:48.912453  8648 work_thread.hpp:81]  [T-Work-Detect_0] Run work: WrokTrack
I1014 15:07:48.912478  8648 work_track.cpp:82] Frame: 172 build input_characts: [0.21875 x 0.497222 from (0.254687, 0.494444)], 0.997596, 0
I1014 15:07:48.912536  8648 work_track.cpp:102] Succeeded to set track lock for frame 172
I1014 15:07:48.912577  8648 work_track.cpp:116] Succeeded to release track lock for frame 172
I1014 15:07:48.912592  8648 work_track.cpp:120] Track results of frame 172: 1 objects input, 1 objects tracked!
I1014 15:07:48.912611  8648 work_track.cpp:148] Frame: 172, track bbox: [140 x 179 from (160.789, 177.989)], gid: 0, lid: 0
I1014 15:07:48.912648  8648 work_thread.hpp:87]  [T-Work-Detect_0] Frame :172 split
I1014 15:07:48.912667  8648 work_thread.hpp:120]  [T-Work-Detect_0] Valid piece: gid = 0
I1014 15:07:48.912685  8648 work_thread.hpp:91]  [T-Work-Detect_0] Push to split queue:recog
I1014 15:07:48.912736  8650 work_thread.hpp:81]  [T-Work-Recog_1] Run work: WorkCapture
I1014 15:07:48.912889  8646 demo_inner.hpp:260]  gui queue size 0, state = running
I1014 15:07:48.913113  8651 thread_intergrate.hpp:78] [T-Intergrate-intergrate] queue: frame output frame :172
I1014 15:07:48.913146  8651 thread_intergrate.hpp:85] [T-Intergrate-intergrate] queue: compare output face:0
I1014 15:07:48.913169  8651 thread_intergrate.hpp:144] T-Intergrate-intergrate set matched face: 0
I1014 15:07:48.913426  8650 work_thread.hpp:81]  [T-Work-Recog_1] Run work: WorkRecog
I1014 15:07:48.913456  8650 work_recog.hpp:89] Face id: 0 will run recog: bbox [140 x 179 from (163, 178)] quality: 0.466468
I1014 15:07:48.913573  8650 work_recog.hpp:96] Recog pair: [208 x 224 from (128, 136)], [140 x 179 from (35, 42)]
I1014 15:07:48.915720  8651 thread_intergrate.hpp:168] T-Intergrate-intergrate Show face :0, size :640 * 360
I1014 15:07:48.916414  8647 demo_inner.hpp:435] thread [SORT-0]  frame id 172 sorting queue size 0   FPS: 28.4781
I1014 15:07:48.931344  8650 work_thread.hpp:81]  [T-Work-Recog_1] Run work: WorkCompare
I1014 15:07:48.931807  8650 work_compare.cpp:76] Compare face: 0 successed, similarity :0.991204, name : images/ThangLMb.jpg, normal size : 1548 * 1719!
I1014 15:07:48.935973  8645 demo_inner.hpp:177] decode queue size 0
I1014 15:07:48.936079  8648 work_thread.hpp:81]  [T-Work-Detect_0] Run work: WorkDetect
I1014 15:07:48.936115  8648 work_detect.cpp:102] Succeeded to add det start for frame 173
I1014 15:07:48.942970  8648 work_detect.cpp:70] Frame :173 detect result :1 face(s)
I1014 15:07:48.943022  8648 work_detect.cpp:86] Detected bbox: [134 x 176 from (164, 180)]
I1014 15:07:48.943065  8648 work_detect.cpp:120] Succeeded to add det end for frame 173
I1014 15:07:48.943081  8648 work_thread.hpp:81]  [T-Work-Detect_0] Run work: WrokTrack
I1014 15:07:48.943106  8648 work_track.cpp:82] Frame: 173 build input_characts: [0.209375 x 0.488889 from (0.25625, 0.5)], 0.999622, 0
I1014 15:07:48.943162  8648 work_track.cpp:102] Succeeded to set track lock for frame 173
I1014 15:07:48.943203  8648 work_track.cpp:116] Succeeded to release track lock for frame 173
I1014 15:07:48.943217  8648 work_track.cpp:120] Track results of frame 173: 1 objects input, 1 objects tracked!
I1014 15:07:48.943235  8648 work_track.cpp:148] Frame: 173, track bbox: [134 x 176 from (164.785, 179.163)], gid: 0, lid: 0
I1014 15:07:48.943274  8648 work_thread.hpp:87]  [T-Work-Detect_0] Frame :173 split
I1014 15:07:48.943291  8648 work_thread.hpp:120]  [T-Work-Detect_0] Valid piece: gid = 0
I1014 15:07:48.943310  8648 work_thread.hpp:91]  [T-Work-Detect_0] Push to split queue:recog
I1014 15:07:48.943348  8649 work_thread.hpp:81]  [T-Work-Recog_0] Run work: WorkCapture
I1014 15:07:48.943361  8651 thread_intergrate.hpp:78] [T-Intergrate-intergrate] queue: frame output frame :173
I1014 15:07:48.943398  8651 thread_intergrate.hpp:85] [T-Intergrate-intergrate] queue: compare output face:0
I1014 15:07:48.943418  8651 thread_intergrate.hpp:144] T-Intergrate-intergrate set matched face: 0
I1014 15:07:48.943991  8649 work_thread.hpp:81]  [T-Work-Recog_0] Run work: WorkRecog
I1014 15:07:48.944025  8649 work_recog.hpp:89] Face id: 0 will run recog: bbox [134 x 176 from (164, 180)] quality: 0.443589
I1014 15:07:48.944057  8649 work_recog.hpp:96] Recog pair: [192 x 216 from (136, 144)], [134 x 176 from (28, 36)]
I1014 15:07:48.945411  8651 thread_intergrate.hpp:168] T-Intergrate-intergrate Show face :0, size :640 * 360
I1014 15:07:48.946046  8647 demo_inner.hpp:435] thread [SORT-0]  frame id 173 sorting queue size 1   FPS: 28.5581
I1014 15:07:48.961678  8649 work_thread.hpp:81]  [T-Work-Recog_0] Run work: WorkCompare
I1014 15:07:48.962136  8649 work_compare.cpp:76] Compare face: 0 successed, similarity :0.987518, name : images/ThangLMb.jpg, normal size : 1548 * 1719!
I1014 15:07:48.971670  8645 demo_inner.hpp:177] decode queue size 0
I1014 15:07:48.971779  8648 work_thread.hpp:81]  [T-Work-Detect_0] Run work: WorkDetect
I1014 15:07:48.971817  8648 work_detect.cpp:102] Succeeded to add det start for frame 174
I1014 15:07:48.978376  8648 work_detect.cpp:70] Frame :174 detect result :1 face(s)
I1014 15:07:48.978423  8648 work_detect.cpp:86] Detected bbox: [133 x 173 from (167, 179)]
I1014 15:07:48.978467  8648 work_detect.cpp:120] Succeeded to add det end for frame 174
I1014 15:07:48.978484  8648 work_thread.hpp:81]  [T-Work-Detect_0] Run work: WrokTrack
I1014 15:07:48.978508  8648 work_track.cpp:82] Frame: 174 build input_characts: [0.207813 x 0.480556 from (0.260938, 0.497222)], 0.997596, 0
I1014 15:07:48.978564  8648 work_track.cpp:102] Succeeded to set track lock for frame 174
I1014 15:07:48.978605  8648 work_track.cpp:116] Succeeded to release track lock for frame 174
I1014 15:07:48.978690  8648 work_track.cpp:120] Track results of frame 174: 1 objects input, 1 objects tracked!
I1014 15:07:48.978710  8648 work_track.cpp:148] Frame: 174, track bbox: [133 x 173 from (167.007, 179.424)], gid: 0, lid: 0
I1014 15:07:48.978747  8648 work_thread.hpp:87]  [T-Work-Detect_0] Frame :174 split
I1014 15:07:48.978765  8648 work_thread.hpp:120]  [T-Work-Detect_0] Valid piece: gid = 0
I1014 15:07:48.978785  8648 work_thread.hpp:91]  [T-Work-Detect_0] Push to split queue:recog
I1014 15:07:48.978845  8650 work_thread.hpp:81]  [T-Work-Recog_1] Run work: WorkCapture
I1014 15:07:48.978847  8651 thread_intergrate.hpp:78] [T-Intergrate-intergrate] queue: frame output frame :174
I1014 15:07:48.978888  8651 thread_intergrate.hpp:85] [T-Intergrate-intergrate] queue: compare output face:0
I1014 15:07:48.978907  8651 thread_intergrate.hpp:144] T-Intergrate-intergrate set matched face: 0
I1014 15:07:48.979468  8650 work_thread.hpp:81]  [T-Work-Recog_1] Run work: WorkRecog
I1014 15:07:48.979496  8650 work_recog.hpp:89] Face id: 0 will run recog: bbox [133 x 173 from (167, 179)] quality: 0.454971
I1014 15:07:48.979527  8650 work_recog.hpp:96] Recog pair: [192 x 216 from (136, 144)], [133 x 173 from (31, 35)]
I1014 15:07:48.980412  8651 thread_intergrate.hpp:168] T-Intergrate-intergrate Show face :0, size :640 * 360
I1014 15:07:48.980935  8647 demo_inner.hpp:435] thread [SORT-0]  frame id 174 sorting queue size 2   FPS: 28.5047
I1014 15:07:48.991251  8646 demo_inner.hpp:260]  gui queue size 2, state = running
I1014 15:07:48.997468  8650 work_thread.hpp:81]  [T-Work-Recog_1] Run work: WorkCompare
I1014 15:07:48.998072  8650 work_compare.cpp:76] Compare face: 0 successed, similarity :0.984184, name : images/ThangLMb.jpg, normal size : 1548 * 1719!
I1014 15:07:49.001942  8645 demo_inner.hpp:177] decode queue size 0
I1014 15:07:49.002028  8648 work_thread.hpp:81]  [T-Work-Detect_0] Run work: WorkDetect
I1014 15:07:49.002064  8648 work_detect.cpp:102] Succeeded to add det start for frame 175
I1014 15:07:49.008893  8648 work_detect.cpp:70] Frame :175 detect result :1 face(s)
I1014 15:07:49.008944  8648 work_detect.cpp:86] Detected bbox: [133 x 176 from (167, 178)]
I1014 15:07:49.008988  8648 work_detect.cpp:120] Succeeded to add det end for frame 175
I1014 15:07:49.009006  8648 work_thread.hpp:81]  [T-Work-Detect_0] Run work: WrokTrack
I1014 15:07:49.009032  8648 work_track.cpp:82] Frame: 175 build input_characts: [0.207813 x 0.488889 from (0.260938, 0.494444)], 0.999622, 0
I1014 15:07:49.009085  8648 work_track.cpp:102] Succeeded to set track lock for frame 175
I1014 15:07:49.009126  8648 work_track.cpp:116] Succeeded to release track lock for frame 175
I1014 15:07:49.009141  8648 work_track.cpp:120] Track results of frame 175: 1 objects input, 1 objects tracked!
I1014 15:07:49.009160  8648 work_track.cpp:148] Frame: 175, track bbox: [133 x 176 from (167.669, 177.851)], gid: 0, lid: 0
I1014 15:07:49.009196  8648 work_thread.hpp:87]  [T-Work-Detect_0] Frame :175 split
I1014 15:07:49.009214  8648 work_thread.hpp:120]  [T-Work-Detect_0] Valid piece: gid = 0
I1014 15:07:49.009232  8648 work_thread.hpp:91]  [T-Work-Detect_0] Push to split queue:recog
I1014 15:07:49.009274  8649 work_thread.hpp:81]  [T-Work-Recog_0] Run work: WorkCapture
I1014 15:07:49.009289  8651 thread_intergrate.hpp:78] [T-Intergrate-intergrate] queue: frame output frame :175
I1014 15:07:49.009315  8651 thread_intergrate.hpp:85] [T-Intergrate-intergrate] queue: compare output face:0
I1014 15:07:49.009333  8651 thread_intergrate.hpp:144] T-Intergrate-intergrate set matched face: 0
I1014 15:07:49.009843  8649 work_thread.hpp:81]  [T-Work-Recog_0] Run work: WorkRecog
I1014 15:07:49.009867  8649 work_recog.hpp:89] Face id: 0 will run recog: bbox [133 x 176 from (167, 178)] quality: 0.460116
I1014 15:07:49.009897  8649 work_recog.hpp:96] Recog pair: [192 x 224 from (136, 136)], [133 x 176 from (31, 42)]
I1014 15:07:49.010967  8651 thread_intergrate.hpp:168] T-Intergrate-intergrate Show face :0, size :640 * 360
I1014 15:07:49.011668  8647 demo_inner.hpp:435] thread [SORT-0]  frame id 175 sorting queue size 0   FPS: 28.5848
I1014 15:07:49.012154  8646 demo_inner.hpp:260]  gui queue size 0, state = running
I1014 15:07:49.027619  8649 work_thread.hpp:81]  [T-Work-Recog_0] Run work: WorkCompare
I1014 15:07:49.028081  8649 work_compare.cpp:76] Compare face: 0 successed, similarity :0.992839, name : images/ThangLMb.jpg, normal size : 1548 * 1719!
I1014 15:07:49.037660  8645 demo_inner.hpp:177] decode queue size 0
I1014 15:07:49.037772  8648 work_thread.hpp:81]  [T-Work-Detect_0] Run work: WorkDetect
I1014 15:07:49.037809  8648 work_detect.cpp:102] Succeeded to add det start for frame 176
I1014 15:07:49.044456  8648 work_detect.cpp:70] Frame :176 detect result :1 face(s)
I1014 15:07:49.044505  8648 work_detect.cpp:86] Detected bbox: [148 x 188 from (162, 163)]
I1014 15:07:49.044548  8648 work_detect.cpp:120] Succeeded to add det end for frame 176
I1014 15:07:49.044565  8648 work_thread.hpp:81]  [T-Work-Detect_0] Run work: WrokTrack
I1014 15:07:49.044590  8648 work_track.cpp:82] Frame: 176 build input_characts: [0.23125 x 0.522222 from (0.253125, 0.452778)], 1.00019, 0
I1014 15:07:49.044646  8648 work_track.cpp:102] Succeeded to set track lock for frame 176
I1014 15:07:49.044687  8648 work_track.cpp:116] Succeeded to release track lock for frame 176
I1014 15:07:49.044701  8648 work_track.cpp:120] Track results of frame 176: 1 objects input, 1 objects tracked!
I1014 15:07:49.044719  8648 work_track.cpp:148] Frame: 176, track bbox: [148 x 188 from (161.61, 166.826)], gid: 0, lid: 0
I1014 15:07:49.044756  8648 work_thread.hpp:87]  [T-Work-Detect_0] Frame :176 split
I1014 15:07:49.044775  8648 work_thread.hpp:120]  [T-Work-Detect_0] Valid piece: gid = 0
I1014 15:07:49.044792  8648 work_thread.hpp:91]  [T-Work-Detect_0] Push to split queue:recog
I1014 15:07:49.044837  8649 work_thread.hpp:81]  [T-Work-Recog_0] Run work: WorkCapture
I1014 15:07:49.044847  8651 thread_intergrate.hpp:78] [T-Intergrate-intergrate] queue: frame output frame :176
I1014 15:07:49.044872  8651 thread_intergrate.hpp:85] [T-Intergrate-intergrate] queue: compare output face:0
I1014 15:07:49.044890  8651 thread_intergrate.hpp:144] T-Intergrate-intergrate set matched face: 0
I1014 15:07:49.045415  8649 work_thread.hpp:81]  [T-Work-Recog_0] Run work: WorkRecog
I1014 15:07:49.045440  8649 work_recog.hpp:89] Face id: 0 will run recog: bbox [148 x 188 from (162, 163)] quality: 0.46718
I1014 15:07:49.045471  8649 work_recog.hpp:96] Recog pair: [216 x 240 from (128, 120)], [148 x 188 from (34, 43)]
I1014 15:07:49.046370  8651 thread_intergrate.hpp:168] T-Intergrate-intergrate Show face :0, size :640 * 360
I1014 15:07:49.046957  8647 demo_inner.hpp:435] thread [SORT-0]  frame id 176 sorting queue size 0   FPS: 28.5982
I1014 15:07:49.063041  8649 work_thread.hpp:81]  [T-Work-Recog_0] Run work: WorkCompare
I1014 15:07:49.063505  8649 work_compare.cpp:76] Compare face: 0 successed, similarity :0.983621, name : images/ThangLMb.jpg, normal size : 1548 * 1719!
I1014 15:07:49.068102  8645 demo_inner.hpp:177] decode queue size 0
I1014 15:07:49.068213  8648 work_thread.hpp:81]  [T-Work-Detect_0] Run work: WorkDetect
I1014 15:07:49.068248  8648 work_detect.cpp:102] Succeeded to add det start for frame 177
I1014 15:07:49.074851  8648 work_detect.cpp:70] Frame :177 detect result :1 face(s)
I1014 15:07:49.074896  8648 work_detect.cpp:86] Detected bbox: [150 x 188 from (161, 161)]
I1014 15:07:49.074939  8648 work_detect.cpp:120] Succeeded to add det end for frame 177
I1014 15:07:49.074954  8648 work_thread.hpp:81]  [T-Work-Detect_0] Run work: WrokTrack
I1014 15:07:49.074980  8648 work_track.cpp:82] Frame: 177 build input_characts: [0.234375 x 0.522222 from (0.251563, 0.447222)], 0.999622, 0
I1014 15:07:49.075035  8648 work_track.cpp:102] Succeeded to set track lock for frame 177
I1014 15:07:49.075075  8648 work_track.cpp:116] Succeeded to release track lock for frame 177
I1014 15:07:49.075090  8648 work_track.cpp:120] Track results of frame 177: 1 objects input, 1 objects tracked!
I1014 15:07:49.075182  8648 work_track.cpp:148] Frame: 177, track bbox: [150 x 188 from (161.004, 162.457)], gid: 0, lid: 0
I1014 15:07:49.075222  8648 work_thread.hpp:87]  [T-Work-Detect_0] Frame :177 split
I1014 15:07:49.075240  8648 work_thread.hpp:120]  [T-Work-Detect_0] Valid piece: gid = 0
I1014 15:07:49.075258  8648 work_thread.hpp:91]  [T-Work-Detect_0] Push to split queue:recog
I1014 15:07:49.075306  8650 work_thread.hpp:81]  [T-Work-Recog_1] Run work: WorkCapture
I1014 15:07:49.075314  8651 thread_intergrate.hpp:78] [T-Intergrate-intergrate] queue: frame output frame :177
I1014 15:07:49.075340  8651 thread_intergrate.hpp:85] [T-Intergrate-intergrate] queue: compare output face:0
I1014 15:07:49.075358  8651 thread_intergrate.hpp:144] T-Intergrate-intergrate set matched face: 0
I1014 15:07:49.076043  8650 work_thread.hpp:81]  [T-Work-Recog_1] Run work: WorkRecog
I1014 15:07:49.076072  8650 work_recog.hpp:89] Face id: 0 will run recog: bbox [150 x 188 from (161, 161)] quality: 0.466468
I1014 15:07:49.076110  8650 work_recog.hpp:96] Recog pair: [216 x 240 from (128, 120)], [150 x 188 from (33, 41)]
I1014 15:07:49.076968  8651 thread_intergrate.hpp:168] T-Intergrate-intergrate Show face :0, size :640 * 360
I1014 15:07:49.077529  8647 demo_inner.hpp:435] thread [SORT-0]  frame id 177 sorting queue size 1   FPS: 28.5982
I1014 15:07:49.086243  8646 demo_inner.hpp:260]  gui queue size 1, state = running
I1014 15:07:49.094105  8650 work_thread.hpp:81]  [T-Work-Recog_1] Run work: WorkCompare
I1014 15:07:49.094693  8650 work_compare.cpp:76] Compare face: 0 successed, similarity :0.981186, name : images/ThangLMb.jpg, normal size : 1548 * 1719!
I1014 15:07:49.103725  8645 demo_inner.hpp:177] decode queue size 0
I1014 15:07:49.103839  8648 work_thread.hpp:81]  [T-Work-Detect_0] Run work: WorkDetect
I1014 15:07:49.103878  8648 work_detect.cpp:102] Succeeded to add det start for frame 178
I1014 15:07:49.110559  8648 work_detect.cpp:70] Frame :178 detect result :1 face(s)
I1014 15:07:49.110612  8648 work_detect.cpp:86] Detected bbox: [136 x 176 from (167, 176)]
I1014 15:07:49.110656  8648 work_detect.cpp:120] Succeeded to add det end for frame 178
I1014 15:07:49.110671  8648 work_thread.hpp:81]  [T-Work-Detect_0] Run work: WrokTrack
I1014 15:07:49.110697  8648 work_track.cpp:82] Frame: 178 build input_characts: [0.2125 x 0.488889 from (0.260938, 0.488889)], 0.997596, 0
I1014 15:07:49.110751  8648 work_track.cpp:102] Succeeded to set track lock for frame 178
I1014 15:07:49.110791  8648 work_track.cpp:116] Succeeded to release track lock for frame 178
I1014 15:07:49.110806  8648 work_track.cpp:120] Track results of frame 178: 1 objects input, 1 objects tracked!
I1014 15:07:49.110824  8648 work_track.cpp:148] Frame: 178, track bbox: [136 x 176 from (168.307, 170.301)], gid: 0, lid: 0
I1014 15:07:49.110862  8648 work_thread.hpp:87]  [T-Work-Detect_0] Frame :178 split
I1014 15:07:49.110878  8648 work_thread.hpp:120]  [T-Work-Detect_0] Valid piece: gid = 0
I1014 15:07:49.110898  8648 work_thread.hpp:91]  [T-Work-Detect_0] Push to split queue:recog
I1014 15:07:49.110941  8649 work_thread.hpp:81]  [T-Work-Recog_0] Run work: WorkCapture
I1014 15:07:49.110955  8651 thread_intergrate.hpp:78] [T-Intergrate-intergrate] queue: frame output frame :178
I1014 15:07:49.110980  8651 thread_intergrate.hpp:85] [T-Intergrate-intergrate] queue: compare output face:0
I1014 15:07:49.110999  8651 thread_intergrate.hpp:144] T-Intergrate-intergrate set matched face: 0
I1014 15:07:49.111516  8649 work_thread.hpp:81]  [T-Work-Recog_0] Run work: WorkRecog
I1014 15:07:49.111541  8649 work_recog.hpp:89] Face id: 0 will run recog: bbox [136 x 176 from (167, 176)] quality: 0.473796
I1014 15:07:49.111570  8649 work_recog.hpp:96] Recog pair: [200 x 224 from (136, 136)], [136 x 176 from (31, 40)]
I1014 15:07:49.112470  8651 thread_intergrate.hpp:168] T-Intergrate-intergrate Show face :0, size :640 * 360
I1014 15:07:49.113062  8647 demo_inner.hpp:435] thread [SORT-0]  frame id 178 sorting queue size 0   FPS: 28.5982
I1014 15:07:49.113139  8646 demo_inner.hpp:260]  gui queue size 0, state = running
I1014 15:07:49.129065  8649 work_thread.hpp:81]  [T-Work-Recog_0] Run work: WorkCompare
I1014 15:07:49.129528  8649 work_compare.cpp:76] Compare face: 0 successed, similarity :0.987444, name : images/ThangLMb.jpg, normal size : 1548 * 1719!
I1014 15:07:49.139664  8645 demo_inner.hpp:177] decode queue size 0
I1014 15:07:49.139761  8648 work_thread.hpp:81]  [T-Work-Detect_0] Run work: WorkDetect
I1014 15:07:49.139798  8648 work_detect.cpp:102] Succeeded to add det start for frame 179
I1014 15:07:49.146338  8648 work_detect.cpp:70] Frame :179 detect result :1 face(s)
I1014 15:07:49.146384  8648 work_detect.cpp:86] Detected bbox: [133 x 178 from (169, 174)]
I1014 15:07:49.146427  8648 work_detect.cpp:120] Succeeded to add det end for frame 179
I1014 15:07:49.146443  8648 work_thread.hpp:81]  [T-Work-Detect_0] Run work: WrokTrack
I1014 15:07:49.146467  8648 work_track.cpp:82] Frame: 179 build input_characts: [0.207813 x 0.494444 from (0.264062, 0.483333)], 0.997596, 0
I1014 15:07:49.146522  8648 work_track.cpp:102] Succeeded to set track lock for frame 179
I1014 15:07:49.146562  8648 work_track.cpp:116] Succeeded to release track lock for frame 179
I1014 15:07:49.146577  8648 work_track.cpp:120] Track results of frame 179: 1 objects input, 1 objects tracked!
I1014 15:07:49.146595  8648 work_track.cpp:148] Frame: 179, track bbox: [133 x 178 from (169.466, 171.26)], gid: 0, lid: 0
I1014 15:07:49.146631  8648 work_thread.hpp:87]  [T-Work-Detect_0] Frame :179 split
I1014 15:07:49.146649  8648 work_thread.hpp:120]  [T-Work-Detect_0] Valid piece: gid = 0
I1014 15:07:49.146668  8648 work_thread.hpp:91]  [T-Work-Detect_0] Push to split queue:recog
I1014 15:07:49.146713  8649 work_thread.hpp:81]  [T-Work-Recog_0] Run work: WorkCapture
I1014 15:07:49.146721  8651 thread_intergrate.hpp:78] [T-Intergrate-intergrate] queue: frame output frame :179
I1014 15:07:49.146747  8651 thread_intergrate.hpp:85] [T-Intergrate-intergrate] queue: compare output face:0
I1014 15:07:49.146766  8651 thread_intergrate.hpp:144] T-Intergrate-intergrate set matched face: 0
I1014 15:07:49.147284  8649 work_thread.hpp:81]  [T-Work-Recog_0] Run work: WorkRecog
I1014 15:07:49.147310  8649 work_recog.hpp:89] Face id: 0 will run recog: bbox [133 x 178 from (169, 174)] quality: 0.475446
I1014 15:07:49.147341  8649 work_recog.hpp:96] Recog pair: [192 x 224 from (136, 136)], [133 x 178 from (33, 38)]
I1014 15:07:49.148257  8651 thread_intergrate.hpp:168] T-Intergrate-intergrate Show face :0, size :640 * 360
I1014 15:07:49.148792  8647 demo_inner.hpp:435] thread [SORT-0]  frame id 179 sorting queue size 0   FPS: 28.5047
I1014 15:07:49.164877  8649 work_thread.hpp:81]  [T-Work-Recog_0] Run work: WorkCompare
I1014 15:07:49.165340  8649 work_compare.cpp:76] Compare face: 0 successed, similarity :0.991384, name : images/ThangLMb.jpg, normal size : 1548 * 1719!
I1014 15:07:49.170042  8645 demo_inner.hpp:177] decode queue size 0
I1014 15:07:49.170137  8648 work_thread.hpp:81]  [T-Work-Detect_0] Run work: WorkDetect
I1014 15:07:49.170171  8648 work_detect.cpp:102] Succeeded to add det start for frame 180
I1014 15:07:49.175704  8646 demo_inner.hpp:260]  gui queue size 0, state = running
I1014 15:07:49.178184  8648 work_detect.cpp:70] Frame :180 detect result :1 face(s)
I1014 15:07:49.178272  8648 work_detect.cpp:86] Detected bbox: [132 x 178 from (170, 174)]
I1014 15:07:49.178360  8648 work_detect.cpp:120] Succeeded to add det end for frame 180
I1014 15:07:49.178380  8648 work_thread.hpp:81]  [T-Work-Detect_0] Run work: WrokTrack
I1014 15:07:49.178411  8648 work_track.cpp:82] Frame: 180 build input_characts: [0.20625 x 0.494444 from (0.265625, 0.483333)], 0.997596, 0
I1014 15:07:49.178485  8648 work_track.cpp:102] Succeeded to set track lock for frame 180
I1014 15:07:49.178534  8648 work_track.cpp:116] Succeeded to release track lock for frame 180
I1014 15:07:49.178548  8648 work_track.cpp:120] Track results of frame 180: 1 objects input, 1 objects tracked!
I1014 15:07:49.178593  8648 work_track.cpp:148] Frame: 180, track bbox: [132 x 178 from (170.033, 173.165)], gid: 0, lid: 0
I1014 15:07:49.178855  8648 work_thread.hpp:87]  [T-Work-Detect_0] Frame :180 split
I1014 15:07:49.178877  8648 work_thread.hpp:120]  [T-Work-Detect_0] Valid piece: gid = 0
I1014 15:07:49.178897  8648 work_thread.hpp:91]  [T-Work-Detect_0] Push to split queue:recog
I1014 15:07:49.178946  8649 work_thread.hpp:81]  [T-Work-Recog_0] Run work: WorkCapture
I1014 15:07:49.178946  8651 thread_intergrate.hpp:78] [T-Intergrate-intergrate] queue: frame output frame :180
I1014 15:07:49.178987  8651 thread_intergrate.hpp:85] [T-Intergrate-intergrate] queue: compare output face:0
I1014 15:07:49.179006  8651 thread_intergrate.hpp:144] T-Intergrate-intergrate set matched face: 0
I1014 15:07:49.179544  8649 work_thread.hpp:81]  [T-Work-Recog_0] Run work: WorkRecog
I1014 15:07:49.179570  8649 work_recog.hpp:89] Face id: 0 will run recog: bbox [132 x 178 from (170, 174)] quality: 0.46766
I1014 15:07:49.179601  8649 work_recog.hpp:96] Recog pair: [184 x 224 from (144, 136)], [132 x 178 from (26, 38)]
I1014 15:07:49.180505  8651 thread_intergrate.hpp:168] T-Intergrate-intergrate Show face :0, size :640 * 360
I1014 15:07:49.181087  8647 demo_inner.hpp:435] thread [SORT-0]  frame id 180 sorting queue size 0   FPS: 28.5447
I1014 15:07:49.197183  8649 work_thread.hpp:81]  [T-Work-Recog_0] Run work: WorkCompare
I1014 15:07:49.197654  8649 work_compare.cpp:76] Compare face: 0 successed, similarity :0.982529, name : images/ThangLMb.jpg, normal size : 1548 * 1719!
I1014 15:07:49.205798  8645 demo_inner.hpp:177] decode queue size 0
I1014 15:07:49.205915  8648 work_thread.hpp:81]  [T-Work-Detect_0] Run work: WorkDetect
I1014 15:07:49.205950  8648 work_detect.cpp:102] Succeeded to add det start for frame 181
I1014 15:07:49.213379  8648 work_detect.cpp:70] Frame :181 detect result :1 face(s)
I1014 15:07:49.213454  8648 work_detect.cpp:86] Detected bbox: [130 x 176 from (171, 177)]
I1014 15:07:49.213500  8648 work_detect.cpp:120] Succeeded to add det end for frame 181
I1014 15:07:49.213516  8648 work_thread.hpp:81]  [T-Work-Detect_0] Run work: WrokTrack
I1014 15:07:49.213551  8648 work_track.cpp:82] Frame: 181 build input_characts: [0.203125 x 0.488889 from (0.267188, 0.491667)], 0.997488, 0
I1014 15:07:49.213608  8648 work_track.cpp:102] Succeeded to set track lock for frame 181
I1014 15:07:49.213671  8648 work_track.cpp:116] Succeeded to release track lock for frame 181
I1014 15:07:49.213688  8648 work_track.cpp:120] Track results of frame 181: 1 objects input, 1 objects tracked!
I1014 15:07:49.213706  8648 work_track.cpp:148] Frame: 181, track bbox: [130 x 176 from (170.789, 177.631)], gid: 0, lid: 0
I1014 15:07:49.213744  8648 work_thread.hpp:87]  [T-Work-Detect_0] Frame :181 split
I1014 15:07:49.213762  8648 work_thread.hpp:120]  [T-Work-Detect_0] Valid piece: gid = 0
I1014 15:07:49.213788  8648 work_thread.hpp:91]  [T-Work-Detect_0] Push to split queue:recog
