I1014 11:47:25.221792  5289 work_thread.hpp:81]  [T-Work-Recog_1] Run work: WorkRecog
W1014 11:47:25.221817  5288 work_recog.hpp:118] Face id: 2 has low quality : 0.0332469, no need to recog
I1014 11:47:25.221829  5289 work_recog.hpp:89] Face id: 0 will run recog: bbox [147 x 200 from (293, 111)] quality: 0.360972
I1014 11:47:25.221877  5288 work_thread.hpp:81]  [T-Work-Recog_0] Run work: WorkCompare
I1014 11:47:25.221884  5289 work_recog.hpp:96] Recog pair: [208 x 288 from (264, 64)], [147 x 200 from (29, 47)]
I1014 11:47:25.222681  5290 thread_intergrate.hpp:157] T-Intergrate-intergrate Show face :0, size :640 * 360
I1014 11:47:25.223207  5286 demo_inner.hpp:435] thread [SORT-0]  frame id 54 sorting queue size 1   FPS: 29.8423
I1014 11:47:25.239418  5289 work_thread.hpp:81]  [T-Work-Recog_1] Run work: WorkCompare
I1014 11:47:25.239488  5285 demo_inner.hpp:260]  gui queue size 1, state = running
I1014 11:47:25.239526  5289 work_compare.cpp:76] Compare face: 0 successed, similarity :0.983703, name : images/thanglmb.jpg, normal size : 640 * 360!
I1014 11:47:25.249876  5284 demo_inner.hpp:177] decode queue size 0
I1014 11:47:25.249981  5287 work_thread.hpp:81]  [T-Work-Detect_0] Run work: WorkDetect
I1014 11:47:25.250017  5287 work_detect.cpp:102] Succeeded to add det start for frame 55
I1014 11:47:25.256768  5287 work_detect.cpp:70] Frame :55 detect result :1 face(s)
I1014 11:47:25.256819  5287 work_detect.cpp:86] Detected bbox: [152 x 207 from (290, 109)]
I1014 11:47:25.256862  5287 work_detect.cpp:120] Succeeded to add det end for frame 55
I1014 11:47:25.256878  5287 work_thread.hpp:81]  [T-Work-Detect_0] Run work: WrokTrack
I1014 11:47:25.256903  5287 work_track.cpp:82] Frame: 55 build input_characts: [0.2375 x 0.575 from (0.453125, 0.302778)], 0.997596, 0
I1014 11:47:25.256956  5287 work_track.cpp:102] Succeeded to set track lock for frame 55
I1014 11:47:25.257000  5287 work_track.cpp:116] Succeeded to release track lock for frame 55
I1014 11:47:25.257086  5287 work_track.cpp:120] Track results of frame 55: 1 objects input, 2 objects tracked!
I1014 11:47:25.257107  5287 work_track.cpp:148] Frame: 55, track bbox: [152 x 207 from (290.588, 110.362)], gid: 0, lid: 0
I1014 11:47:25.257143  5287 work_track.cpp:148] Frame: 55, track bbox: [48 x 44 from (96.9735, 188.604)], gid: 2, lid: -1
I1014 11:47:25.257174  5287 work_thread.hpp:88]  [T-Work-Detect_0] Frame :55 split
I1014 11:47:25.257191  5287 work_thread.hpp:120]  [T-Work-Detect_0] Valid piece: gid = 0
I1014 11:47:25.257210  5287 work_thread.hpp:92]  [T-Work-Detect_0] Push to split queue:recog
I1014 11:47:25.257257  5289 work_thread.hpp:81]  [T-Work-Recog_1] Run work: WorkCapture
I1014 11:47:25.257261  5290 thread_intergrate.hpp:78] [T-Intergrate-intergrate] queue: frame output frame :55
I1014 11:47:25.257302  5290 thread_intergrate.hpp:85] [T-Intergrate-intergrate] queue: compare output face:0
I1014 11:47:25.257321  5290 thread_intergrate.hpp:137] T-Intergrate-intergrate set matched face: 0
I1014 11:47:25.257841  5289 work_thread.hpp:81]  [T-Work-Recog_1] Run work: WorkRecog
I1014 11:47:25.257864  5289 work_recog.hpp:89] Face id: 0 will run recog: bbox [152 x 207 from (290, 109)] quality: 0.466468
I1014 11:47:25.257892  5289 work_recog.hpp:96] Recog pair: [216 x 296 from (256, 64)], [152 x 207 from (34, 45)]
I1014 11:47:25.258499  5290 thread_intergrate.hpp:157] T-Intergrate-intergrate Show face :0, size :640 * 360
I1014 11:47:25.259043  5286 demo_inner.hpp:435] thread [SORT-0]  frame id 55 sorting queue size 0   FPS: 29.8013
I1014 11:47:25.275403  5289 work_thread.hpp:81]  [T-Work-Recog_1] Run work: WorkCompare
I1014 11:47:25.275511  5289 work_compare.cpp:76] Compare face: 0 successed, similarity :0.987305, name : images/thanglmb.jpg, normal size : 640 * 360!
I1014 11:47:25.280382  5284 demo_inner.hpp:177] decode queue size 0
I1014 11:47:25.280478  5287 work_thread.hpp:81]  [T-Work-Detect_0] Run work: WorkDetect
I1014 11:47:25.280511  5287 work_detect.cpp:102] Succeeded to add det start for frame 56
I1014 11:47:25.287096  5287 work_detect.cpp:70] Frame :56 detect result :2 face(s)
I1014 11:47:25.287130  5287 work_detect.cpp:86] Detected bbox: [152 x 202 from (292, 128)]
I1014 11:47:25.287163  5287 work_detect.cpp:86] Detected bbox: [28 x 32 from (175, 82)]
I1014 11:47:25.287192  5287 work_detect.cpp:120] Succeeded to add det end for frame 56
I1014 11:47:25.287209  5287 work_thread.hpp:81]  [T-Work-Detect_0] Run work: WrokTrack
I1014 11:47:25.287231  5287 work_track.cpp:82] Frame: 56 build input_characts: [0.2375 x 0.561111 from (0.45625, 0.355556)], 0.999622, 0
I1014 11:47:25.287283  5287 work_track.cpp:82] Frame: 56 build input_characts: [0.04375 x 0.0888889 from (0.273438, 0.227778)], 0.947697, 1
I1014 11:47:25.287319  5287 work_track.cpp:102] Succeeded to set track lock for frame 56
I1014 11:47:25.287369  5287 work_track.cpp:116] Succeeded to release track lock for frame 56
I1014 11:47:25.287384  5287 work_track.cpp:120] Track results of frame 56: 2 objects input, 1 objects tracked!
I1014 11:47:25.287401  5287 work_track.cpp:148] Frame: 56, track bbox: [152 x 202 from (291.277, 120.468)], gid: 0, lid: 0
I1014 11:47:25.287436  5287 work_track.cpp:162] Frame: 56 lid: 1 not tracked, will set invalid
I1014 11:47:25.287452  5287 work_thread.hpp:88]  [T-Work-Detect_0] Frame :56 split
I1014 11:47:25.287469  5287 work_thread.hpp:120]  [T-Work-Detect_0] Valid piece: gid = 0
I1014 11:47:25.287487  5287 work_thread.hpp:124]  [T-Work-Detect_0] Invalid piece: lid = 1, drop it
I1014 11:47:25.287503  5287 work_thread.hpp:92]  [T-Work-Detect_0] Push to split queue:recog
I1014 11:47:25.287549  5288 work_thread.hpp:81]  [T-Work-Recog_0] Run work: WorkCapture
I1014 11:47:25.287851  5290 thread_intergrate.hpp:78] [T-Intergrate-intergrate] queue: frame output frame :56
I1014 11:47:25.287878  5290 thread_intergrate.hpp:85] [T-Intergrate-intergrate] queue: compare output face:0
I1014 11:47:25.287897  5290 thread_intergrate.hpp:137] T-Intergrate-intergrate set matched face: 0
I1014 11:47:25.288107  5288 work_thread.hpp:81]  [T-Work-Recog_0] Run work: WorkRecog
I1014 11:47:25.288130  5288 work_recog.hpp:89] Face id: 0 will run recog: bbox [152 x 202 from (292, 128)] quality: 0.438707
I1014 11:47:25.288180  5288 work_recog.hpp:96] Recog pair: [224 x 272 from (256, 88)], [152 x 202 from (36, 40)]
I1014 11:47:25.289209  5290 thread_intergrate.hpp:157] T-Intergrate-intergrate Show face :0, size :640 * 360
I1014 11:47:25.289800  5286 demo_inner.hpp:435] thread [SORT-0]  frame id 56 sorting queue size 1   FPS: 29.8426
I1014 11:47:25.305675  5288 work_thread.hpp:81]  [T-Work-Recog_0] Run work: WorkCompare
I1014 11:47:25.305773  5288 work_compare.cpp:76] Compare face: 0 successed, similarity :0.976574, name : images/thanglmb.jpg, normal size : 640 * 360!
I1014 11:47:25.311509  5285 demo_inner.hpp:260]  gui queue size 1, state = running
I1014 11:47:25.315944  5284 demo_inner.hpp:177] decode queue size 0
I1014 11:47:25.316040  5287 work_thread.hpp:81]  [T-Work-Detect_0] Run work: WorkDetect
I1014 11:47:25.316074  5287 work_detect.cpp:102] Succeeded to add det start for frame 57
I1014 11:47:25.322715  5287 work_detect.cpp:70] Frame :57 detect result :2 face(s)
I1014 11:47:25.322762  5287 work_detect.cpp:86] Detected bbox: [156 x 204 from (288, 127)]
I1014 11:47:25.322794  5287 work_detect.cpp:86] Detected bbox: [27 x 34 from (174, 80)]
I1014 11:47:25.322826  5287 work_detect.cpp:120] Succeeded to add det end for frame 57
I1014 11:47:25.322842  5287 work_thread.hpp:81]  [T-Work-Detect_0] Run work: WrokTrack
I1014 11:47:25.322866  5287 work_track.cpp:82] Frame: 57 build input_characts: [0.24375 x 0.566667 from (0.45, 0.352778)], 0.999622, 0
I1014 11:47:25.322918  5287 work_track.cpp:82] Frame: 57 build input_characts: [0.0421875 x 0.0944444 from (0.271875, 0.222222)], 0.909375, 1
I1014 11:47:25.322954  5287 work_track.cpp:102] Succeeded to set track lock for frame 57
I1014 11:47:25.323004  5287 work_track.cpp:116] Succeeded to release track lock for frame 57
I1014 11:47:25.323019  5287 work_track.cpp:120] Track results of frame 57: 2 objects input, 1 objects tracked!
I1014 11:47:25.323036  5287 work_track.cpp:148] Frame: 57, track bbox: [156 x 204 from (288.347, 121.401)], gid: 0, lid: 0
I1014 11:47:25.323072  5287 work_track.cpp:162] Frame: 57 lid: 1 not tracked, will set invalid
I1014 11:47:25.323088  5287 work_thread.hpp:88]  [T-Work-Detect_0] Frame :57 split
I1014 11:47:25.323105  5287 work_thread.hpp:120]  [T-Work-Detect_0] Valid piece: gid = 0
I1014 11:47:25.323123  5287 work_thread.hpp:124]  [T-Work-Detect_0] Invalid piece: lid = 1, drop it
I1014 11:47:25.323138  5287 work_thread.hpp:92]  [T-Work-Detect_0] Push to split queue:recog
I1014 11:47:25.323184  5289 work_thread.hpp:81]  [T-Work-Recog_1] Run work: WorkCapture
I1014 11:47:25.323185  5290 thread_intergrate.hpp:78] [T-Intergrate-intergrate] queue: frame output frame :57
I1014 11:47:25.323226  5290 thread_intergrate.hpp:85] [T-Intergrate-intergrate] queue: compare output face:0
I1014 11:47:25.323246  5290 thread_intergrate.hpp:137] T-Intergrate-intergrate set matched face: 0
I1014 11:47:25.323777  5289 work_thread.hpp:81]  [T-Work-Recog_1] Run work: WorkRecog
I1014 11:47:25.323801  5289 work_recog.hpp:89] Face id: 0 will run recog: bbox [156 x 204 from (288, 127)] quality: 0.444516
I1014 11:47:25.323829  5289 work_recog.hpp:96] Recog pair: [224 x 280 from (256, 80)], [156 x 204 from (32, 47)]
I1014 11:47:25.324441  5290 thread_intergrate.hpp:157] T-Intergrate-intergrate Show face :0, size :640 * 360
I1014 11:47:25.325024  5286 demo_inner.hpp:435] thread [SORT-0]  frame id 57 sorting queue size 0   FPS: 29.819
I1014 11:47:25.341334  5289 work_thread.hpp:81]  [T-Work-Recog_1] Run work: WorkCompare
I1014 11:47:25.341444  5289 work_compare.cpp:76] Compare face: 0 successed, similarity :0.977379, name : images/thanglmb.jpg, normal size : 640 * 360!
I1014 11:47:25.346354  5284 demo_inner.hpp:177] decode queue size 0
I1014 11:47:25.346442  5287 work_thread.hpp:81]  [T-Work-Detect_0] Run work: WorkDetect
I1014 11:47:25.346474  5287 work_detect.cpp:102] Succeeded to add det start for frame 58
I1014 11:47:25.353225  5287 work_detect.cpp:70] Frame :58 detect result :2 face(s)
I1014 11:47:25.353266  5287 work_detect.cpp:86] Detected bbox: [153 x 201 from (291, 128)]
I1014 11:47:25.353297  5287 work_detect.cpp:86] Detected bbox: [28 x 33 from (173, 80)]
I1014 11:47:25.353328  5287 work_detect.cpp:120] Succeeded to add det end for frame 58
I1014 11:47:25.353344  5287 work_thread.hpp:81]  [T-Work-Detect_0] Run work: WrokTrack
I1014 11:47:25.353368  5287 work_track.cpp:82] Frame: 58 build input_characts: [0.239063 x 0.558333 from (0.454688, 0.355556)], 0.999622, 0
I1014 11:47:25.353418  5287 work_track.cpp:82] Frame: 58 build input_characts: [0.04375 x 0.0916667 from (0.270312, 0.222222)], 0.936627, 1
I1014 11:47:25.353456  5287 work_track.cpp:102] Succeeded to set track lock for frame 58
I1014 11:47:25.353500  5287 work_track.cpp:116] Succeeded to release track lock for frame 58
I1014 11:47:25.353514  5287 work_track.cpp:120] Track results of frame 58: 2 objects input, 2 objects tracked!
I1014 11:47:25.353533  5287 work_track.cpp:148] Frame: 58, track bbox: [153 x 201 from (290.379, 127.699)], gid: 0, lid: 0
I1014 11:47:25.353566  5287 work_track.cpp:148] Frame: 58, track bbox: [28 x 33 from (172.833, 79.9165)], gid: 3, lid: 1
I1014 11:47:25.353598  5287 work_thread.hpp:88]  [T-Work-Detect_0] Frame :58 split
I1014 11:47:25.353616  5287 work_thread.hpp:120]  [T-Work-Detect_0] Valid piece: gid = 0
I1014 11:47:25.353634  5287 work_thread.hpp:120]  [T-Work-Detect_0] Valid piece: gid = 3
I1014 11:47:25.353652  5287 work_thread.hpp:92]  [T-Work-Detect_0] Push to split queue:recog
I1014 11:47:25.353704  5288 work_thread.hpp:81]  [T-Work-Recog_0] Run work: WorkCapture
I1014 11:47:25.353981  5287 work_thread.hpp:92]  [T-Work-Detect_0] Push to split queue:recog
I1014 11:47:25.354017  5289 work_thread.hpp:81]  [T-Work-Recog_1] Run work: WorkCapture
I1014 11:47:25.354025  5290 thread_intergrate.hpp:78] [T-Intergrate-intergrate] queue: frame output frame :58
I1014 11:47:25.354053  5290 thread_intergrate.hpp:85] [T-Intergrate-intergrate] queue: compare output face:0
I1014 11:47:25.354071  5290 thread_intergrate.hpp:137] T-Intergrate-intergrate set matched face: 0
I1014 11:47:25.354261  5288 work_thread.hpp:81]  [T-Work-Recog_0] Run work: WorkRecog
I1014 11:47:25.354284  5288 work_recog.hpp:89] Face id: 0 will run recog: bbox [153 x 201 from (291, 128)] quality: 0.455418
I1014 11:47:25.354315  5288 work_recog.hpp:96] Recog pair: [224 x 272 from (256, 88)], [153 x 201 from (35, 40)]
I1014 11:47:25.354490  5289 work_thread.hpp:81]  [T-Work-Recog_1] Run work: WorkRecog
W1014 11:47:25.354511  5289 work_recog.hpp:118] Face id: 3 has low quality : 0.0370162, no need to recog
I1014 11:47:25.354586  5289 work_thread.hpp:81]  [T-Work-Recog_1] Run work: WorkCompare
I1014 11:47:25.355275  5290 thread_intergrate.hpp:157] T-Intergrate-intergrate Show face :0, size :640 * 360
I1014 11:47:25.355870  5286 demo_inner.hpp:435] thread [SORT-0]  frame id 58 sorting queue size 1   FPS: 29.8586
I1014 11:47:25.371814  5288 work_thread.hpp:81]  [T-Work-Recog_0] Run work: WorkCompare
I1014 11:47:25.371910  5288 work_compare.cpp:76] Compare face: 0 successed, similarity :0.983816, name : images/thanglmb.jpg, normal size : 640 * 360!
I1014 11:47:25.381837  5284 demo_inner.hpp:177] decode queue size 0
I1014 11:47:25.381950  5287 work_thread.hpp:81]  [T-Work-Detect_0] Run work: WorkDetect
I1014 11:47:25.381985  5287 work_detect.cpp:102] Succeeded to add det start for frame 59
I1014 11:47:25.388761  5287 work_detect.cpp:70] Frame :59 detect result :2 face(s)
I1014 11:47:25.388806  5287 work_detect.cpp:86] Detected bbox: [151 x 199 from (292, 129)]
I1014 11:47:25.388839  5287 work_detect.cpp:86] Detected bbox: [27 x 34 from (172, 80)]
I1014 11:47:25.388870  5287 work_detect.cpp:120] Succeeded to add det end for frame 59
I1014 11:47:25.388885  5287 work_thread.hpp:81]  [T-Work-Detect_0] Run work: WrokTrack
I1014 11:47:25.388909  5287 work_track.cpp:82] Frame: 59 build input_characts: [0.235938 x 0.552778 from (0.45625, 0.358333)], 0.997596, 0
I1014 11:47:25.389036  5287 work_track.cpp:82] Frame: 59 build input_characts: [0.0421875 x 0.0944444 from (0.26875, 0.222222)], 0.968742, 1
I1014 11:47:25.389075  5287 work_track.cpp:102] Succeeded to set track lock for frame 59
I1014 11:47:25.389119  5287 work_track.cpp:116] Succeeded to release track lock for frame 59
I1014 11:47:25.389133  5287 work_track.cpp:120] Track results of frame 59: 2 objects input, 2 objects tracked!
I1014 11:47:25.389153  5287 work_track.cpp:148] Frame: 59, track bbox: [151 x 199 from (291.97, 133.244)], gid: 0, lid: 0
I1014 11:47:25.389185  5287 work_track.cpp:148] Frame: 59, track bbox: [27 x 34 from (172.102, 79.5978)], gid: 3, lid: 1
I1014 11:47:25.389219  5287 work_thread.hpp:88]  [T-Work-Detect_0] Frame :59 split
I1014 11:47:25.389235  5287 work_thread.hpp:120]  [T-Work-Detect_0] Valid piece: gid = 0
I1014 11:47:25.389253  5287 work_thread.hpp:120]  [T-Work-Detect_0] Valid piece: gid = 3
I1014 11:47:25.389271  5287 work_thread.hpp:92]  [T-Work-Detect_0] Push to split queue:recog
I1014 11:47:25.389941  5288 work_thread.hpp:81]  [T-Work-Recog_0] Run work: WorkCapture
I1014 11:47:25.390225  5287 work_thread.hpp:92]  [T-Work-Detect_0] Push to split queue:recog
I1014 11:47:25.390264  5289 work_thread.hpp:81]  [T-Work-Recog_1] Run work: WorkCapture
I1014 11:47:25.390270  5290 thread_intergrate.hpp:78] [T-Intergrate-intergrate] queue: frame output frame :59
I1014 11:47:25.390298  5290 thread_intergrate.hpp:85] [T-Intergrate-intergrate] queue: compare output face:0
I1014 11:47:25.390316  5290 thread_intergrate.hpp:137] T-Intergrate-intergrate set matched face: 0
I1014 11:47:25.390523  5288 work_thread.hpp:81]  [T-Work-Recog_0] Run work: WorkRecog
I1014 11:47:25.390547  5288 work_recog.hpp:89] Face id: 0 will run recog: bbox [151 x 199 from (292, 129)] quality: 0.459847
I1014 11:47:25.390578  5288 work_recog.hpp:96] Recog pair: [224 x 272 from (256, 88)], [151 x 199 from (36, 41)]
I1014 11:47:25.390756  5289 work_thread.hpp:81]  [T-Work-Recog_1] Run work: WorkRecog
W1014 11:47:25.390779  5289 work_recog.hpp:118] Face id: 3 has low quality : 0.0612796, no need to recog
I1014 11:47:25.390843  5289 work_thread.hpp:81]  [T-Work-Recog_1] Run work: WorkCompare
I1014 11:47:25.391532  5290 thread_intergrate.hpp:157] T-Intergrate-intergrate Show face :0, size :640 * 360
I1014 11:47:25.392087  5286 demo_inner.hpp:435] thread [SORT-0]  frame id 59 sorting queue size 2   FPS: 29.8201
I1014 11:47:25.408108  5288 work_thread.hpp:81]  [T-Work-Recog_0] Run work: WorkCompare
I1014 11:47:25.408231  5288 work_compare.cpp:76] Compare face: 0 successed, similarity :0.970574, name : images/thanglmb.jpg, normal size : 640 * 360!
I1014 11:47:25.411968  5285 demo_inner.hpp:260]  gui queue size 2, state = running
I1014 11:47:25.412184  5284 demo_inner.hpp:177] decode queue size 0
I1014 11:47:25.412266  5287 work_thread.hpp:81]  [T-Work-Detect_0] Run work: WorkDetect
I1014 11:47:25.412300  5287 work_detect.cpp:102] Succeeded to add det start for frame 60
I1014 11:47:25.418951  5287 work_detect.cpp:70] Frame :60 detect result :2 face(s)
I1014 11:47:25.419000  5287 work_detect.cpp:86] Detected bbox: [150 x 206 from (294, 109)]
I1014 11:47:25.419034  5287 work_detect.cpp:86] Detected bbox: [28 x 34 from (172, 79)]
I1014 11:47:25.419065  5287 work_detect.cpp:120] Succeeded to add det end for frame 60
I1014 11:47:25.419081  5287 work_thread.hpp:81]  [T-Work-Detect_0] Run work: WrokTrack
I1014 11:47:25.419106  5287 work_track.cpp:82] Frame: 60 build input_characts: [0.234375 x 0.572222 from (0.459375, 0.302778)], 0.997596, 0
I1014 11:47:25.419158  5287 work_track.cpp:82] Frame: 60 build input_characts: [0.04375 x 0.0944444 from (0.26875, 0.219444)], 0.938558, 1
I1014 11:47:25.419194  5287 work_track.cpp:102] Succeeded to set track lock for frame 60
I1014 11:47:25.419239  5287 work_track.cpp:116] Succeeded to release track lock for frame 60
I1014 11:47:25.419253  5287 work_track.cpp:120] Track results of frame 60: 2 objects input, 2 objects tracked!
I1014 11:47:25.419271  5287 work_track.cpp:148] Frame: 60, track bbox: [150 x 206 from (293.415, 119.927)], gid: 0, lid: 0
I1014 11:47:25.419378  5287 work_track.cpp:148] Frame: 60, track bbox: [28 x 34 from (171.404, 79.1005)], gid: 3, lid: 1
I1014 11:47:25.419414  5287 work_thread.hpp:88]  [T-Work-Detect_0] Frame :60 split
I1014 11:47:25.419432  5287 work_thread.hpp:120]  [T-Work-Detect_0] Valid piece: gid = 0
I1014 11:47:25.419450  5287 work_thread.hpp:120]  [T-Work-Detect_0] Valid piece: gid = 3
I1014 11:47:25.419467  5287 work_thread.hpp:92]  [T-Work-Detect_0] Push to split queue:recog
I1014 11:47:25.419493  5287 work_thread.hpp:92]  [T-Work-Detect_0] Push to split queue:recog
I1014 11:47:25.419512  5289 work_thread.hpp:81]  [T-Work-Recog_1] Run work: WorkCapture
I1014 11:47:25.419534  5288 work_thread.hpp:81]  [T-Work-Recog_0] Run work: WorkCapture
I1014 11:47:25.419735  5290 thread_intergrate.hpp:78] [T-Intergrate-intergrate] queue: frame output frame :60
I1014 11:47:25.419764  5290 thread_intergrate.hpp:85] [T-Intergrate-intergrate] queue: compare output face:0
I1014 11:47:25.419783  5290 thread_intergrate.hpp:137] T-Intergrate-intergrate set matched face: 0
I1014 11:47:25.420043  5288 work_thread.hpp:81]  [T-Work-Recog_0] Run work: WorkRecog
W1014 11:47:25.420066  5288 work_recog.hpp:118] Face id: 3 has low quality : 0.0504589, no need to recog
I1014 11:47:25.420101  5289 work_thread.hpp:81]  [T-Work-Recog_1] Run work: WorkRecog
I1014 11:47:25.420120  5288 work_thread.hpp:81]  [T-Work-Recog_0] Run work: WorkCompare
I1014 11:47:25.420123  5289 work_recog.hpp:89] Face id: 0 will run recog: bbox [150 x 206 from (294, 109)] quality: 0.415793
I1014 11:47:25.420152  5289 work_recog.hpp:96] Recog pair: [216 x 296 from (264, 64)], [150 x 206 from (30, 45)]
I1014 11:47:25.421015  5290 thread_intergrate.hpp:157] T-Intergrate-intergrate Show face :0, size :640 * 360
I1014 11:47:25.421614  5286 demo_inner.hpp:435] thread [SORT-0]  frame id 60 sorting queue size 0   FPS: 29.8886
I1014 11:47:25.437649  5289 work_thread.hpp:81]  [T-Work-Recog_1] Run work: WorkCompare
I1014 11:47:25.437744  5289 work_compare.cpp:76] Compare face: 0 successed, similarity :0.989448, name : images/thanglmb.jpg, normal size : 640 * 360!
I1014 11:47:25.447921  5284 demo_inner.hpp:177] decode queue size 0
I1014 11:47:25.448016  5287 work_thread.hpp:81]  [T-Work-Detect_0] Run work: WorkDetect
I1014 11:47:25.448051  5287 work_detect.cpp:102] Succeeded to add det start for frame 61
I1014 11:47:25.454828  5287 work_detect.cpp:70] Frame :61 detect result :1 face(s)
I1014 11:47:25.454876  5287 work_detect.cpp:86] Detected bbox: [173 x 214 from (292, 103)]
I1014 11:47:25.454921  5287 work_detect.cpp:120] Succeeded to add det end for frame 61
I1014 11:47:25.454936  5287 work_thread.hpp:81]  [T-Work-Detect_0] Run work: WrokTrack
I1014 11:47:25.454962  5287 work_track.cpp:82] Frame: 61 build input_characts: [0.270312 x 0.594444 from (0.45625, 0.286111)], 0.997358, 0
I1014 11:47:25.455016  5287 work_track.cpp:102] Succeeded to set track lock for frame 61
I1014 11:47:25.455060  5287 work_track.cpp:116] Succeeded to release track lock for frame 61
I1014 11:47:25.455075  5287 work_track.cpp:120] Track results of frame 61: 1 objects input, 2 objects tracked!
I1014 11:47:25.455092  5287 work_track.cpp:148] Frame: 61, track bbox: [173 x 214 from (287.31, 105.422)], gid: 0, lid: 0
I1014 11:47:25.455127  5287 work_track.cpp:148] Frame: 61, track bbox: [28 x 34 from (170.604, 78.7005)], gid: 3, lid: -1
I1014 11:47:25.455159  5287 work_thread.hpp:88]  [T-Work-Detect_0] Frame :61 split
I1014 11:47:25.455178  5287 work_thread.hpp:120]  [T-Work-Detect_0] Valid piece: gid = 0
I1014 11:47:25.455195  5287 work_thread.hpp:92]  [T-Work-Detect_0] Push to split queue:recog
I1014 11:47:25.455240  5289 work_thread.hpp:81]  [T-Work-Recog_1] Run work: WorkCapture
I1014 11:47:25.455241  5290 thread_intergrate.hpp:78] [T-Intergrate-intergrate] queue: frame output frame :61
I1014 11:47:25.455281  5290 thread_intergrate.hpp:85] [T-Intergrate-intergrate] queue: compare output face:0
I1014 11:47:25.455301  5290 thread_intergrate.hpp:137] T-Intergrate-intergrate set matched face: 0
I1014 11:47:25.455811  5289 work_thread.hpp:81]  [T-Work-Recog_1] Run work: WorkRecog
I1014 11:47:25.455834  5289 work_recog.hpp:89] Face id: 0 will run recog: bbox [173 x 214 from (292, 103)] quality: 0.415891
I1014 11:47:25.455863  5289 work_recog.hpp:96] Recog pair: [248 x 304 from (256, 56)], [173 x 214 from (36, 47)]
I1014 11:47:25.456568  5290 thread_intergrate.hpp:157] T-Intergrate-intergrate Show face :0, size :640 * 360
I1014 11:47:25.457111  5286 demo_inner.hpp:435] thread [SORT-0]  frame id 61 sorting queue size 1   FPS: 29.8507
I1014 11:47:25.473345  5289 work_thread.hpp:81]  [T-Work-Recog_1] Run work: WorkCompare
I1014 11:47:25.473449  5289 work_compare.cpp:76] Compare face: 0 successed, similarity :0.993544, name : images/thanglmb.jpg, normal size : 640 * 360!
I1014 11:47:25.479317  5285 demo_inner.hpp:260]  gui queue size 1, state = running
I1014 11:47:25.483852  5284 demo_inner.hpp:177] decode queue size 0
I1014 11:47:25.483945  5287 work_thread.hpp:81]  [T-Work-Detect_0] Run work: WorkDetect
I1014 11:47:25.483978  5287 work_detect.cpp:102] Succeeded to add det start for frame 62
I1014 11:47:25.490574  5287 work_detect.cpp:70] Frame :62 detect result :2 face(s)
I1014 11:47:25.490638  5287 work_detect.cpp:86] Detected bbox: [149 x 204 from (295, 109)]
I1014 11:47:25.490671  5287 work_detect.cpp:86] Detected bbox: [27 x 34 from (170, 79)]
I1014 11:47:25.490702  5287 work_detect.cpp:120] Succeeded to add det end for frame 62
I1014 11:47:25.490718  5287 work_thread.hpp:81]  [T-Work-Detect_0] Run work: WrokTrack
I1014 11:47:25.490741  5287 work_track.cpp:82] Frame: 62 build input_characts: [0.232812 x 0.566667 from (0.460938, 0.302778)], 0.997596, 0
I1014 11:47:25.490793  5287 work_track.cpp:82] Frame: 62 build input_characts: [0.0421875 x 0.0944444 from (0.265625, 0.219444)], 0.909375, 1
I1014 11:47:25.490828  5287 work_track.cpp:102] Succeeded to set track lock for frame 62
I1014 11:47:25.490872  5287 work_track.cpp:116] Succeeded to release track lock for frame 62
I1014 11:47:25.490887  5287 work_track.cpp:120] Track results of frame 62: 2 objects input, 2 objects tracked!
I1014 11:47:25.490906  5287 work_track.cpp:148] Frame: 62, track bbox: [149 x 204 from (298.89, 106.278)], gid: 0, lid: 0
I1014 11:47:25.490939  5287 work_track.cpp:148] Frame: 62, track bbox: [27 x 34 from (170.11, 78.7502)], gid: 3, lid: 1
I1014 11:47:25.490972  5287 work_thread.hpp:88]  [T-Work-Detect_0] Frame :62 split
I1014 11:47:25.490990  5287 work_thread.hpp:120]  [T-Work-Detect_0] Valid piece: gid = 0
I1014 11:47:25.491008  5287 work_thread.hpp:120]  [T-Work-Detect_0] Valid piece: gid = 3
I1014 11:47:25.491025  5287 work_thread.hpp:92]  [T-Work-Detect_0] Push to split queue:recog
I1014 11:47:25.491050  5287 work_thread.hpp:92]  [T-Work-Detect_0] Push to split queue:recog
I1014 11:47:25.491071  5289 work_thread.hpp:81]  [T-Work-Recog_1] Run work: WorkCapture
I1014 11:47:25.491091  5288 work_thread.hpp:81]  [T-Work-Recog_0] Run work: WorkCapture
I1014 11:47:25.491286  5290 thread_intergrate.hpp:78] [T-Intergrate-intergrate] queue: frame output frame :62
I1014 11:47:25.491315  5290 thread_intergrate.hpp:85] [T-Intergrate-intergrate] queue: compare output face:0
I1014 11:47:25.491334  5290 thread_intergrate.hpp:137] T-Intergrate-intergrate set matched face: 0
I1014 11:47:25.491590  5288 work_thread.hpp:81]  [T-Work-Recog_0] Run work: WorkRecog
W1014 11:47:25.491611  5288 work_recog.hpp:118] Face id: 3 has low quality : 0.02384, no need to recog
I1014 11:47:25.491648  5289 work_thread.hpp:81]  [T-Work-Recog_1] Run work: WorkRecog
I1014 11:47:25.491693  5288 work_thread.hpp:81]  [T-Work-Recog_0] Run work: WorkCompare
I1014 11:47:25.491699  5289 work_recog.hpp:89] Face id: 0 will run recog: bbox [149 x 204 from (295, 109)] quality: 0.347524
I1014 11:47:25.491727  5289 work_recog.hpp:96] Recog pair: [216 x 296 from (264, 64)], [149 x 204 from (31, 45)]
I1014 11:47:25.492565  5290 thread_intergrate.hpp:157] T-Intergrate-intergrate Show face :0, size :640 * 360
I1014 11:47:25.493129  5286 demo_inner.hpp:435] thread [SORT-0]  frame id 62 sorting queue size 0   FPS: 29.9252
I1014 11:47:25.509361  5289 work_thread.hpp:81]  [T-Work-Recog_1] Run work: WorkCompare
I1014 11:47:25.509470  5289 work_compare.cpp:76] Compare face: 0 successed, similarity :0.981172, name : images/thanglmb.jpg, normal size : 640 * 360!
I1014 11:47:25.514324  5284 demo_inner.hpp:177] decode queue size 0
I1014 11:47:25.514416  5287 work_thread.hpp:81]  [T-Work-Detect_0] Run work: WorkDetect
I1014 11:47:25.514451  5287 work_detect.cpp:102] Succeeded to add det start for frame 63
I1014 11:47:25.521140  5287 work_detect.cpp:70] Frame :63 detect result :2 face(s)
I1014 11:47:25.521179  5287 work_detect.cpp:86] Detected bbox: [153 x 198 from (291, 129)]
I1014 11:47:25.521210  5287 work_detect.cpp:86] Detected bbox: [27 x 33 from (169, 79)]
I1014 11:47:25.521241  5287 work_detect.cpp:120] Succeeded to add det end for frame 63
I1014 11:47:25.521256  5287 work_thread.hpp:81]  [T-Work-Detect_0] Run work: WrokTrack
I1014 11:47:25.521281  5287 work_track.cpp:82] Frame: 63 build input_characts: [0.239063 x 0.55 from (0.454688, 0.358333)], 0.997328, 0
I1014 11:47:25.521332  5287 work_track.cpp:82] Frame: 63 build input_characts: [0.0421875 x 0.0916667 from (0.264062, 0.219444)], 0.905415, 1
I1014 11:47:25.521368  5287 work_track.cpp:102] Succeeded to set track lock for frame 63
I1014 11:47:25.521411  5287 work_track.cpp:116] Succeeded to release track lock for frame 63
I1014 11:47:25.521426  5287 work_track.cpp:120] Track results of frame 63: 2 objects input, 2 objects tracked!
I1014 11:47:25.521445  5287 work_track.cpp:148] Frame: 63, track bbox: [153 x 198 from (294.527, 116.595)], gid: 0, lid: 0
I1014 11:47:25.521477  5287 work_track.cpp:148] Frame: 63, track bbox: [27 x 33 from (169.217, 79.1041)], gid: 3, lid: 1
I1014 11:47:25.521509  5287 work_thread.hpp:88]  [T-Work-Detect_0] Frame :63 split
I1014 11:47:25.521528  5287 work_thread.hpp:120]  [T-Work-Detect_0] Valid piece: gid = 0
I1014 11:47:25.521545  5287 work_thread.hpp:120]  [T-Work-Detect_0] Valid piece: gid = 3
I1014 11:47:25.521562  5287 work_thread.hpp:92]  [T-Work-Detect_0] Push to split queue:recog
I1014 11:47:25.521613  5288 work_thread.hpp:81]  [T-Work-Recog_0] Run work: WorkCapture
I1014 11:47:25.521890  5287 work_thread.hpp:92]  [T-Work-Detect_0] Push to split queue:recog
I1014 11:47:25.521926  5289 work_thread.hpp:81]  [T-Work-Recog_1] Run work: WorkCapture
I1014 11:47:25.521934  5290 thread_intergrate.hpp:78] [T-Intergrate-intergrate] queue: frame output frame :63
I1014 11:47:25.521962  5290 thread_intergrate.hpp:85] [T-Intergrate-intergrate] queue: compare output face:0
I1014 11:47:25.521981  5290 thread_intergrate.hpp:137] T-Intergrate-intergrate set matched face: 0
I1014 11:47:25.522178  5288 work_thread.hpp:81]  [T-Work-Recog_0] Run work: WorkRecog
I1014 11:47:25.522203  5288 work_recog.hpp:89] Face id: 0 will run recog: bbox [153 x 198 from (291, 129)] quality: 0.470157
I1014 11:47:25.522233  5288 work_recog.hpp:96] Recog pair: [224 x 272 from (256, 88)], [153 x 198 from (35, 41)]
I1014 11:47:25.522464  5289 work_thread.hpp:81]  [T-Work-Recog_1] Run work: WorkRecog
W1014 11:47:25.522485  5289 work_recog.hpp:118] Face id: 3 has low quality : 0.0212758, no need to recog
I1014 11:47:25.522563  5289 work_thread.hpp:81]  [T-Work-Recog_1] Run work: WorkCompare
I1014 11:47:25.523191  5290 thread_intergrate.hpp:157] T-Intergrate-intergrate Show face :0, size :640 * 360
I1014 11:47:25.523756  5286 demo_inner.hpp:435] thread [SORT-0]  frame id 63 sorting queue size 1   FPS: 29.9103
I1014 11:47:25.539736  5288 work_thread.hpp:81]  [T-Work-Recog_0] Run work: WorkCompare
I1014 11:47:25.539834  5288 work_compare.cpp:76] Compare face: 0 successed, similarity :0.980305, name : images/thanglmb.jpg, normal size : 640 * 360!
I1014 11:47:25.549840  5284 demo_inner.hpp:177] decode queue size 0
I1014 11:47:25.549968  5287 work_thread.hpp:81]  [T-Work-Detect_0] Run work: WorkDetect
I1014 11:47:25.550001  5287 work_detect.cpp:102] Succeeded to add det start for frame 64
I1014 11:47:25.556697  5287 work_detect.cpp:70] Frame :64 detect result :1 face(s)
I1014 11:47:25.556814  5287 work_detect.cpp:86] Detected bbox: [166 x 207 from (295, 106)]
I1014 11:47:25.556861  5287 work_detect.cpp:120] Succeeded to add det end for frame 64
I1014 11:47:25.556877  5287 work_thread.hpp:81]  [T-Work-Detect_0] Run work: WrokTrack
I1014 11:47:25.556901  5287 work_track.cpp:82] Frame: 64 build input_characts: [0.259375 x 0.575 from (0.460938, 0.294444)], 0.997596, 0
I1014 11:47:25.556957  5287 work_track.cpp:102] Succeeded to set track lock for frame 64
I1014 11:47:25.557000  5287 work_track.cpp:116] Succeeded to release track lock for frame 64
I1014 11:47:25.557015  5287 work_track.cpp:120] Track results of frame 64: 1 objects input, 2 objects tracked!
I1014 11:47:25.557034  5287 work_track.cpp:148] Frame: 64, track bbox: [166 x 207 from (291.473, 109.721)], gid: 0, lid: 0
I1014 11:47:25.557068  5287 work_track.cpp:148] Frame: 64, track bbox: [27 x 33 from (168.391, 78.8742)], gid: 3, lid: -1
I1014 11:47:25.557101  5287 work_thread.hpp:88]  [T-Work-Detect_0] Frame :64 split
I1014 11:47:25.557118  5287 work_thread.hpp:120]  [T-Work-Detect_0] Valid piece: gid = 0
I1014 11:47:25.557137  5287 work_thread.hpp:92]  [T-Work-Detect_0] Push to split queue:recog
I1014 11:47:25.557186  5288 work_thread.hpp:81]  [T-Work-Recog_0] Run work: WorkCapture
I1014 11:47:25.557495  5290 thread_intergrate.hpp:78] [T-Intergrate-intergrate] queue: frame output frame :64
I1014 11:47:25.557524  5290 thread_intergrate.hpp:85] [T-Intergrate-intergrate] queue: compare output face:0
I1014 11:47:25.557543  5290 thread_intergrate.hpp:137] T-Intergrate-intergrate set matched face: 0
I1014 11:47:25.557780  5288 work_thread.hpp:81]  [T-Work-Recog_0] Run work: WorkRecog
I1014 11:47:25.557806  5288 work_recog.hpp:89] Face id: 0 will run recog: bbox [166 x 207 from (295, 106)] quality: 0.361004
I1014 11:47:25.557834  5288 work_recog.hpp:96] Recog pair: [240 x 296 from (256, 64)], [166 x 207 from (39, 42)]
I1014 11:47:25.558723  5290 thread_intergrate.hpp:157] T-Intergrate-intergrate Show face :0, size :640 * 360
I1014 11:47:25.559298  5286 demo_inner.hpp:435] thread [SORT-0]  frame id 64 sorting queue size 2   FPS: 29.9252
I1014 11:47:25.574515  5285 demo_inner.hpp:260]  gui queue size 2, state = running
I1014 11:47:25.575640  5288 work_thread.hpp:81]  [T-Work-Recog_0] Run work: WorkCompare
I1014 11:47:25.575740  5288 work_compare.cpp:76] Compare face: 0 successed, similarity :0.988468, name : images/thanglmb.jpg, normal size : 640 * 360!
I1014 11:47:25.580140  5284 demo_inner.hpp:177] decode queue size 0
I1014 11:47:25.580262  5287 work_thread.hpp:81]  [T-Work-Detect_0] Run work: WorkDetect
I1014 11:47:25.580296  5287 work_detect.cpp:102] Succeeded to add det start for frame 65
I1014 11:47:25.587121  5287 work_detect.cpp:70] Frame :65 detect result :2 face(s)
I1014 11:47:25.587172  5287 work_detect.cpp:86] Detected bbox: [147 x 204 from (296, 109)]
I1014 11:47:25.587203  5287 work_detect.cpp:86] Detected bbox: [27 x 32 from (168, 80)]
I1014 11:47:25.587235  5287 work_detect.cpp:120] Succeeded to add det end for frame 65
I1014 11:47:25.587251  5287 work_thread.hpp:81]  [T-Work-Detect_0] Run work: WrokTrack
I1014 11:47:25.587275  5287 work_track.cpp:82] Frame: 65 build input_characts: [0.229687 x 0.566667 from (0.4625, 0.302778)], 0.997596, 0
I1014 11:47:25.587327  5287 work_track.cpp:82] Frame: 65 build input_characts: [0.0421875 x 0.0888889 from (0.2625, 0.222222)], 0.968742, 1
I1014 11:47:25.587363  5287 work_track.cpp:102] Succeeded to set track lock for frame 65
I1014 11:47:25.587405  5287 work_track.cpp:116] Succeeded to release track lock for frame 65
I1014 11:47:25.587419  5287 work_track.cpp:120] Track results of frame 65: 2 objects input, 2 objects tracked!
I1014 11:47:25.587437  5287 work_track.cpp:148] Frame: 65, track bbox: [147 x 204 from (298.453, 112.33)], gid: 0, lid: 0
I1014 11:47:25.587471  5287 work_track.cpp:148] Frame: 65, track bbox: [27 x 32 from (167.77, 79.6537)], gid: 3, lid: 1
I1014 11:47:25.587502  5287 work_thread.hpp:88]  [T-Work-Detect_0] Frame :65 split
I1014 11:47:25.587592  5287 work_thread.hpp:120]  [T-Work-Detect_0] Valid piece: gid = 0
I1014 11:47:25.587612  5287 work_thread.hpp:120]  [T-Work-Detect_0] Valid piece: gid = 3
I1014 11:47:25.587630  5287 work_thread.hpp:92]  [T-Work-Detect_0] Push to split queue:recog
I1014 11:47:25.587656  5287 work_thread.hpp:92]  [T-Work-Detect_0] Push to split queue:recog
I1014 11:47:25.587671  5289 work_thread.hpp:81]  [T-Work-Recog_1] Run work: WorkCapture
I1014 11:47:25.587697  5288 work_thread.hpp:81]  [T-Work-Recog_0] Run work: WorkCapture
I1014 11:47:25.587899  5290 thread_intergrate.hpp:78] [T-Intergrate-intergrate] queue: frame output frame :65
I1014 11:47:25.587929  5290 thread_intergrate.hpp:85] [T-Intergrate-intergrate] queue: compare output face:0
I1014 11:47:25.587949  5290 thread_intergrate.hpp:137] T-Intergrate-intergrate set matched face: 0
I1014 11:47:25.588213  5288 work_thread.hpp:81]  [T-Work-Recog_0] Run work: WorkRecog
W1014 11:47:25.588235  5288 work_recog.hpp:118] Face id: 3 has low quality : 0.0370162, no need to recog
I1014 11:47:25.588254  5289 work_thread.hpp:81]  [T-Work-Recog_1] Run work: WorkRecog
I1014 11:47:25.588292  5288 work_thread.hpp:81]  [T-Work-Recog_0] Run work: WorkCompare
I1014 11:47:25.588299  5289 work_recog.hpp:89] Face id: 0 will run recog: bbox [147 x 204 from (296, 109)] quality: 0.361004
I1014 11:47:25.588327  5289 work_recog.hpp:96] Recog pair: [208 x 296 from (264, 64)], [147 x 204 from (32, 45)]
I1014 11:47:25.589195  5290 thread_intergrate.hpp:157] T-Intergrate-intergrate Show face :0, size :640 * 360
I1014 11:47:25.589769  5286 demo_inner.hpp:435] thread [SORT-0]  frame id 65 sorting queue size 0   FPS: 29.9252
I1014 11:47:25.605811  5289 work_thread.hpp:81]  [T-Work-Recog_1] Run work: WorkCompare
I1014 11:47:25.605909  5289 work_compare.cpp:76] Compare face: 0 successed, similarity :0.989102, name : images/thanglmb.jpg, normal size : 640 * 360!
I1014 11:47:25.615772  5284 demo_inner.hpp:177] decode queue size 0
I1014 11:47:25.615878  5287 work_thread.hpp:81]  [T-Work-Detect_0] Run work: WorkDetect
I1014 11:47:25.615912  5287 work_detect.cpp:102] Succeeded to add det start for frame 66
I1014 11:47:25.619536  5285 demo_inner.hpp:260]  gui queue size 0, state = running
I1014 11:47:25.622799  5287 work_detect.cpp:70] Frame :66 detect result :3 face(s)
I1014 11:47:25.622853  5287 work_detect.cpp:86] Detected bbox: [160 x 206 from (288, 123)]
I1014 11:47:25.622885  5287 work_detect.cpp:86] Detected bbox: [26 x 31 from (167, 81)]
I1014 11:47:25.622907  5287 work_detect.cpp:86] Detected bbox: [48 x 45 from (98, 188)]
I1014 11:47:25.622938  5287 work_detect.cpp:120] Succeeded to add det end for frame 66
I1014 11:47:25.622954  5287 work_thread.hpp:81]  [T-Work-Detect_0] Run work: WrokTrack
I1014 11:47:25.622978  5287 work_track.cpp:82] Frame: 66 build input_characts: [0.25 x 0.572222 from (0.45, 0.341667)], 1.00019, 0
I1014 11:47:25.623030  5287 work_track.cpp:82] Frame: 66 build input_characts: [0.040625 x 0.0861111 from (0.260938, 0.225)], 0.981359, 1
I1014 11:47:25.623064  5287 work_track.cpp:82] Frame: 66 build input_characts: [0.075 x 0.125 from (0.153125, 0.522222)], 0.906173, 2
I1014 11:47:25.623102  5287 work_track.cpp:102] Succeeded to set track lock for frame 66
I1014 11:47:25.623152  5287 work_track.cpp:116] Succeeded to release track lock for frame 66
I1014 11:47:25.623167  5287 work_track.cpp:120] Track results of frame 66: 3 objects input, 2 objects tracked!
I1014 11:47:25.623185  5287 work_track.cpp:148] Frame: 66, track bbox: [160 x 206 from (288.853, 117.293)], gid: 0, lid: 0
I1014 11:47:25.623217  5287 work_track.cpp:148] Frame: 66, track bbox: [26 x 31 from (167.27, 80.4801)], gid: 3, lid: 1
I1014 11:47:25.623250  5287 work_track.cpp:162] Frame: 66 lid: 2 not tracked, will set invalid
I1014 11:47:25.623265  5287 work_thread.hpp:88]  [T-Work-Detect_0] Frame :66 split
I1014 11:47:25.623282  5287 work_thread.hpp:120]  [T-Work-Detect_0] Valid piece: gid = 0
I1014 11:47:25.623299  5287 work_thread.hpp:120]  [T-Work-Detect_0] Valid piece: gid = 3
I1014 11:47:25.623317  5287 work_thread.hpp:124]  [T-Work-Detect_0] Invalid piece: lid = 2, drop it
I1014 11:47:25.623407  5287 work_thread.hpp:92]  [T-Work-Detect_0] Push to split queue:recog
I1014 11:47:25.623435  5287 work_thread.hpp:92]  [T-Work-Detect_0] Push to split queue:recog
I1014 11:47:25.623450  5289 work_thread.hpp:81]  [T-Work-Recog_1] Run work: WorkCapture
I1014 11:47:25.623482  5288 work_thread.hpp:81]  [T-Work-Recog_0] Run work: WorkCapture
I1014 11:47:25.623678  5290 thread_intergrate.hpp:78] [T-Intergrate-intergrate] queue: frame output frame :66
I1014 11:47:25.623708  5290 thread_intergrate.hpp:85] [T-Intergrate-intergrate] queue: compare output face:0
I1014 11:47:25.623726  5290 thread_intergrate.hpp:137] T-Intergrate-intergrate set matched face: 0
I1014 11:47:25.623997  5288 work_thread.hpp:81]  [T-Work-Recog_0] Run work: WorkRecog
W1014 11:47:25.624020  5288 work_recog.hpp:118] Face id: 3 has low quality : 0.041132, no need to recog
I1014 11:47:25.624052  5289 work_thread.hpp:81]  [T-Work-Recog_1] Run work: WorkRecog
I1014 11:47:25.624073  5288 work_thread.hpp:81]  [T-Work-Recog_0] Run work: WorkCompare
I1014 11:47:25.624074  5289 work_recog.hpp:89] Face id: 0 will run recog: bbox [160 x 206 from (288, 123)] quality: 0.469332
I1014 11:47:25.624117  5289 work_recog.hpp:96] Recog pair: [224 x 280 from (256, 80)], [160 x 206 from (32, 43)]
I1014 11:47:25.624963  5290 thread_intergrate.hpp:157] T-Intergrate-intergrate Show face :0, size :640 * 360
I1014 11:47:25.625531  5286 demo_inner.hpp:435] thread [SORT-0]  frame id 66 sorting queue size 0   FPS: 29.9252
I1014 11:47:25.641675  5289 work_thread.hpp:81]  [T-Work-Recog_1] Run work: WorkCompare
I1014 11:47:25.641783  5289 work_compare.cpp:76] Compare face: 0 successed, similarity :0.988595, name : images/thanglmb.jpg, normal size : 640 * 360!
I1014 11:47:25.646358  5284 demo_inner.hpp:177] decode queue size 0
I1014 11:47:25.646440  5287 work_thread.hpp:81]  [T-Work-Detect_0] Run work: WorkDetect
I1014 11:47:25.646471  5287 work_detect.cpp:102] Succeeded to add det start for frame 67
I1014 11:47:25.653132  5287 work_detect.cpp:70] Frame :67 detect result :2 face(s)
I1014 11:47:25.653179  5287 work_detect.cpp:86] Detected bbox: [149 x 195 from (294, 132)]
I1014 11:47:25.653213  5287 work_detect.cpp:86] Detected bbox: [26 x 31 from (166, 81)]
I1014 11:47:25.653244  5287 work_detect.cpp:120] Succeeded to add det end for frame 67
I1014 11:47:25.653260  5287 work_thread.hpp:81]  [T-Work-Detect_0] Run work: WrokTrack
I1014 11:47:25.653283  5287 work_track.cpp:82] Frame: 67 build input_characts: [0.232812 x 0.541667 from (0.459375, 0.366667)], 0.997596, 0
I1014 11:47:25.653334  5287 work_track.cpp:82] Frame: 67 build input_characts: [0.040625 x 0.0861111 from (0.259375, 0.225)], 0.981359, 1
I1014 11:47:25.653370  5287 work_track.cpp:102] Succeeded to set track lock for frame 67
I1014 11:47:25.653419  5287 work_track.cpp:116] Succeeded to release track lock for frame 67
I1014 11:47:25.653434  5287 work_track.cpp:120] Track results of frame 67: 2 objects input, 2 objects tracked!
I1014 11:47:25.653452  5287 work_track.cpp:148] Frame: 67, track bbox: [149 x 195 from (294.812, 127.94)], gid: 0, lid: 0
I1014 11:47:25.653486  5287 work_track.cpp:148] Frame: 67, track bbox: [26 x 31 from (166.09, 80.8637)], gid: 3, lid: 1
I1014 11:47:25.653518  5287 work_thread.hpp:88]  [T-Work-Detect_0] Frame :67 split
I1014 11:47:25.653537  5287 work_thread.hpp:120]  [T-Work-Detect_0] Valid piece: gid = 0
I1014 11:47:25.653554  5287 work_thread.hpp:120]  [T-Work-Detect_0] Valid piece: gid = 3
I1014 11:47:25.653571  5287 work_thread.hpp:92]  [T-Work-Detect_0] Push to split queue:recog
I1014 11:47:25.653627  5288 work_thread.hpp:81]  [T-Work-Recog_0] Run work: WorkCapture
I1014 11:47:25.653913  5287 work_thread.hpp:92]  [T-Work-Detect_0] Push to split queue:recog
I1014 11:47:25.653950  5289 work_thread.hpp:81]  [T-Work-Recog_1] Run work: WorkCapture
I1014 11:47:25.653959  5290 thread_intergrate.hpp:78] [T-Intergrate-intergrate] queue: frame output frame :67
I1014 11:47:25.653986  5290 thread_intergrate.hpp:85] [T-Intergrate-intergrate] queue: compare output face:0
I1014 11:47:25.654119  5290 thread_intergrate.hpp:137] T-Intergrate-intergrate set matched face: 0
I1014 11:47:25.654204  5288 work_thread.hpp:81]  [T-Work-Recog_0] Run work: WorkRecog
I1014 11:47:25.654227  5288 work_recog.hpp:89] Face id: 0 will run recog: bbox [149 x 195 from (294, 132)] quality: 0.423834
I1014 11:47:25.654258  5288 work_recog.hpp:96] Recog pair: [208 x 272 from (264, 88)], [149 x 195 from (30, 44)]
I1014 11:47:25.654469  5289 work_thread.hpp:81]  [T-Work-Recog_1] Run work: WorkRecog
W1014 11:47:25.654489  5289 work_recog.hpp:118] Face id: 3 has low quality : 0.0370152, no need to recog
I1014 11:47:25.654542  5289 work_thread.hpp:81]  [T-Work-Recog_1] Run work: WorkCompare
I1014 11:47:25.655334  5290 thread_intergrate.hpp:157] T-Intergrate-intergrate Show face :0, size :640 * 360
I1014 11:47:25.655855  5286 demo_inner.hpp:435] thread [SORT-0]  frame id 67 sorting queue size 1   FPS: 29.9401
I1014 11:47:25.672075  5288 work_thread.hpp:81]  [T-Work-Recog_0] Run work: WorkCompare
I1014 11:47:25.672204  5288 work_compare.cpp:76] Compare face: 0 successed, similarity :0.978382, name : images/thanglmb.jpg, normal size : 640 * 360!
I1014 11:47:25.681797  5284 demo_inner.hpp:177] decode queue size 0
I1014 11:47:25.681901  5287 work_thread.hpp:81]  [T-Work-Detect_0] Run work: WorkDetect
I1014 11:47:25.681934  5287 work_detect.cpp:102] Succeeded to add det start for frame 68
I1014 11:47:25.688678  5287 work_detect.cpp:70] Frame :68 detect result :2 face(s)
I1014 11:47:25.688724  5287 work_detect.cpp:86] Detected bbox: [159 x 204 from (288, 124)]
I1014 11:47:25.688755  5287 work_detect.cpp:86] Detected bbox: [26 x 31 from (164, 82)]
I1014 11:47:25.688786  5287 work_detect.cpp:120] Succeeded to add det end for frame 68
I1014 11:47:25.688802  5287 work_thread.hpp:81]  [T-Work-Detect_0] Run work: WrokTrack
I1014 11:47:25.688827  5287 work_track.cpp:82] Frame: 68 build input_characts: [0.248437 x 0.566667 from (0.45, 0.344444)], 0.999622, 0
I1014 11:47:25.688877  5287 work_track.cpp:82] Frame: 68 build input_characts: [0.040625 x 0.0861111 from (0.25625, 0.227778)], 0.951921, 1
I1014 11:47:25.688912  5287 work_track.cpp:102] Succeeded to set track lock for frame 68
I1014 11:47:25.688962  5287 work_track.cpp:116] Succeeded to release track lock for frame 68
I1014 11:47:25.688977  5287 work_track.cpp:120] Track results of frame 68: 2 objects input, 2 objects tracked!
I1014 11:47:25.688997  5287 work_track.cpp:148] Frame: 68, track bbox: [159 x 204 from (288.199, 124.3)], gid: 0, lid: 0
I1014 11:47:25.689030  5287 work_track.cpp:148] Frame: 68, track bbox: [26 x 31 from (164.725, 81.5373)], gid: 3, lid: 1
I1014 11:47:25.689062  5287 work_thread.hpp:88]  [T-Work-Detect_0] Frame :68 split
I1014 11:47:25.689080  5287 work_thread.hpp:120]  [T-Work-Detect_0] Valid piece: gid = 0
I1014 11:47:25.689098  5287 work_thread.hpp:120]  [T-Work-Detect_0] Valid piece: gid = 3
I1014 11:47:25.689116  5287 work_thread.hpp:92]  [T-Work-Detect_0] Push to split queue:recog
I1014 11:47:25.689163  5288 work_thread.hpp:81]  [T-Work-Recog_0] Run work: WorkCapture
I1014 11:47:25.689442  5287 work_thread.hpp:92]  [T-Work-Detect_0] Push to split queue:recog
I1014 11:47:25.689478  5289 work_thread.hpp:81]  [T-Work-Recog_1] Run work: WorkCapture
I1014 11:47:25.689483  5290 thread_intergrate.hpp:78] [T-Intergrate-intergrate] queue: frame output frame :68
I1014 11:47:25.689510  5290 thread_intergrate.hpp:85] [T-Intergrate-intergrate] queue: compare output face:0
I1014 11:47:25.689528  5290 thread_intergrate.hpp:137] T-Intergrate-intergrate set matched face: 0
I1014 11:47:25.689782  5288 work_thread.hpp:81]  [T-Work-Recog_0] Run work: WorkRecog
I1014 11:47:25.689806  5288 work_recog.hpp:89] Face id: 0 will run recog: bbox [159 x 204 from (288, 124)] quality: 0.477221
I1014 11:47:25.689836  5288 work_recog.hpp:96] Recog pair: [224 x 280 from (256, 80)], [159 x 204 from (32, 44)]
I1014 11:47:25.689923  5289 work_thread.hpp:81]  [T-Work-Recog_1] Run work: WorkRecog
W1014 11:47:25.689944  5289 work_recog.hpp:118] Face id: 3 has low quality : 0.0871728, no need to recog
I1014 11:47:25.690062  5289 work_thread.hpp:81]  [T-Work-Recog_1] Run work: WorkCompare
I1014 11:47:25.690745  5290 thread_intergrate.hpp:157] T-Intergrate-intergrate Show face :0, size :640 * 360
I1014 11:47:25.691316  5286 demo_inner.hpp:435] thread [SORT-0]  frame id 68 sorting queue size 2   FPS: 29.9252
I1014 11:47:25.702771  5285 demo_inner.hpp:260]  gui queue size 2, state = running
I1014 11:47:25.707964  5288 work_thread.hpp:81]  [T-Work-Recog_0] Run work: WorkCompare
I1014 11:47:25.708081  5288 work_compare.cpp:76] Compare face: 0 successed, similarity :0.972502, name : images/thanglmb.jpg, normal size : 640 * 360!
I1014 11:47:25.717737  5284 demo_inner.hpp:177] decode queue size 0
I1014 11:47:25.717839  5287 work_thread.hpp:81]  [T-Work-Detect_0] Run work: WorkDetect
I1014 11:47:25.717872  5287 work_detect.cpp:102] Succeeded to add det start for frame 69
I1014 11:47:25.724614  5287 work_detect.cpp:70] Frame :69 detect result :2 face(s)
I1014 11:47:25.724660  5287 work_detect.cpp:86] Detected bbox: [148 x 202 from (293, 111)]
I1014 11:47:25.724694  5287 work_detect.cpp:86] Detected bbox: [26 x 31 from (161, 83)]
I1014 11:47:25.724723  5287 work_detect.cpp:120] Succeeded to add det end for frame 69
I1014 11:47:25.724740  5287 work_thread.hpp:81]  [T-Work-Detect_0] Run work: WrokTrack
I1014 11:47:25.724764  5287 work_track.cpp:82] Frame: 69 build input_characts: [0.23125 x 0.561111 from (0.457812, 0.308333)], 0.997596, 0
I1014 11:47:25.724817  5287 work_track.cpp:82] Frame: 69 build input_characts: [0.040625 x 0.0861111 from (0.251563, 0.230556)], 0.972213, 1
I1014 11:47:25.724853  5287 work_track.cpp:102] Succeeded to set track lock for frame 69
I1014 11:47:25.724896  5287 work_track.cpp:116] Succeeded to release track lock for frame 69
I1014 11:47:25.724910  5287 work_track.cpp:120] Track results of frame 69: 2 objects input, 2 objects tracked!
I1014 11:47:25.724930  5287 work_track.cpp:148] Frame: 69, track bbox: [148 x 202 from (291.461, 122.339)], gid: 0, lid: 0
I1014 11:47:25.724962  5287 work_track.cpp:148] Frame: 69, track bbox: [26 x 31 from (162.345, 82.5067)], gid: 3, lid: 1
I1014 11:47:25.724995  5287 work_thread.hpp:88]  [T-Work-Detect_0] Frame :69 split
I1014 11:47:25.725013  5287 work_thread.hpp:120]  [T-Work-Detect_0] Valid piece: gid = 0
I1014 11:47:25.725030  5287 work_thread.hpp:120]  [T-Work-Detect_0] Valid piece: gid = 3
I1014 11:47:25.725047  5287 work_thread.hpp:92]  [T-Work-Detect_0] Push to split queue:recog
I1014 11:47:25.725458  5288 work_thread.hpp:81]  [T-Work-Recog_0] Run work: WorkCapture
I1014 11:47:25.726003  5288 work_thread.hpp:81]  [T-Work-Recog_0] Run work: WorkRecog
I1014 11:47:25.726027  5288 work_recog.hpp:89] Face id: 0 will run recog: bbox [148 x 202 from (293, 111)] quality: 0.385422
I1014 11:47:25.726053  5288 work_recog.hpp:96] Recog pair: [208 x 296 from (264, 64)], [148 x 202 from (29, 47)]
