I1014 10:40:48.402279  4113 thread_intergrate.hpp:134] T-Intergrate-intergrate set matched face: 2
I1014 10:40:48.402287  4111 work_thread.hpp:81]  [T-Work-Recog_0] Run work: WorkCapture
I1014 10:40:48.402436  4109 demo_inner.hpp:435] thread [SORT-0]  frame id 109 sorting queue size 1   FPS: 24.0821
I1014 10:40:48.402798  4111 work_thread.hpp:81]  [T-Work-Recog_0] Run work: WorkRecog
I1014 10:40:48.402809  4109 demo_inner.hpp:435] thread [SORT-0]  frame id 110 sorting queue size 2   FPS: 24.3805
W1014 10:40:48.402822  4111 work_recog.hpp:118] Face id: 3 has low quality : 0.0093338, no need to recog
I1014 10:40:48.402946  4111 work_thread.hpp:81]  [T-Work-Recog_0] Run work: WorkCompare
I1014 10:40:48.402967  4108 demo_inner.hpp:260]  gui queue size 2, state = running
I1014 10:40:48.403175  4109 demo_inner.hpp:435] thread [SORT-0]  frame id 111 sorting queue size 0   FPS: 24.7264
I1014 10:40:48.403571  4109 demo_inner.hpp:435] thread [SORT-0]  frame id 112 sorting queue size 1   FPS: 25.0205
I1014 10:40:48.403867  4113 thread_intergrate.hpp:154] T-Intergrate-intergrate Show face :2, size :640 * 360
I1014 10:40:48.403939  4109 demo_inner.hpp:435] thread [SORT-0]  frame id 113 sorting queue size 2   FPS: 25.3955
I1014 10:40:48.404047  4113 thread_intergrate.hpp:78] [T-Intergrate-intergrate] queue: frame output frame :116
I1014 10:40:48.404239  4113 thread_intergrate.hpp:85] [T-Intergrate-intergrate] queue: compare output face:2
I1014 10:40:48.404266  4113 thread_intergrate.hpp:134] T-Intergrate-intergrate set matched face: 2
I1014 10:40:48.404307  4109 demo_inner.hpp:435] thread [SORT-0]  frame id 114 sorting queue size 3   FPS: 25.7167
I1014 10:40:48.404626  4109 demo_inner.hpp:435] thread [SORT-0]  frame id 115 sorting queue size 4   FPS: 26.1018
I1014 10:40:48.404781  4110 work_thread.hpp:81]  [T-Work-Detect_0] Run work: WorkDetect
I1014 10:40:48.404815  4110 work_detect.cpp:102] Succeeded to add det start for frame 124
I1014 10:40:48.405727  4113 thread_intergrate.hpp:154] T-Intergrate-intergrate Show face :2, size :640 * 360
I1014 10:40:48.405948  4113 thread_intergrate.hpp:78] [T-Intergrate-intergrate] queue: frame output frame :117
I1014 10:40:48.405975  4113 thread_intergrate.hpp:85] [T-Intergrate-intergrate] queue: compare output face:2
I1014 10:40:48.405993  4113 thread_intergrate.hpp:134] T-Intergrate-intergrate set matched face: 2
I1014 10:40:48.406318  4109 demo_inner.hpp:435] thread [SORT-0]  frame id 116 sorting queue size 5   FPS: 26.4872
I1014 10:40:48.406848  4108 demo_inner.hpp:260]  gui queue size 5, state = running
I1014 10:40:48.407394  4113 thread_intergrate.hpp:154] T-Intergrate-intergrate Show face :2, size :640 * 360
I1014 10:40:48.407590  4113 thread_intergrate.hpp:78] [T-Intergrate-intergrate] queue: frame output frame :118
I1014 10:40:48.407616  4113 thread_intergrate.hpp:85] [T-Intergrate-intergrate] queue: compare output face:2
I1014 10:40:48.407721  4113 thread_intergrate.hpp:134] T-Intergrate-intergrate set matched face: 2
I1014 10:40:48.407984  4109 demo_inner.hpp:435] thread [SORT-0]  frame id 117 sorting queue size 0   FPS: 26.825
I1014 10:40:48.409101  4113 thread_intergrate.hpp:154] T-Intergrate-intergrate Show face :2, size :640 * 360
I1014 10:40:48.409337  4113 thread_intergrate.hpp:78] [T-Intergrate-intergrate] queue: frame output frame :119
I1014 10:40:48.409371  4113 thread_intergrate.hpp:85] [T-Intergrate-intergrate] queue: compare output face:2
I1014 10:40:48.409391  4113 thread_intergrate.hpp:134] T-Intergrate-intergrate set matched face: 2
I1014 10:40:48.409657  4109 demo_inner.hpp:435] thread [SORT-0]  frame id 118 sorting queue size 1   FPS: 27.2321
I1014 10:40:48.411095  4108 demo_inner.hpp:260]  gui queue size 1, state = running
I1014 10:40:48.411098  4113 thread_intergrate.hpp:154] T-Intergrate-intergrate Show face :2, size :640 * 360
I1014 10:40:48.411928  4113 thread_intergrate.hpp:78] [T-Intergrate-intergrate] queue: frame output frame :120
I1014 10:40:48.411953  4113 thread_intergrate.hpp:85] [T-Intergrate-intergrate] queue: compare output face:2
I1014 10:40:48.411972  4113 thread_intergrate.hpp:134] T-Intergrate-intergrate set matched face: 2
I1014 10:40:48.412293  4109 demo_inner.hpp:435] thread [SORT-0]  frame id 119 sorting queue size 0   FPS: 27.5769
I1014 10:40:48.413331  4110 work_detect.cpp:70] Frame :124 detect result :2 face(s)
I1014 10:40:48.413370  4110 work_detect.cpp:86] Detected bbox: [169 x 211 from (203, 135)]
I1014 10:40:48.413405  4110 work_detect.cpp:86] Detected bbox: [31 x 57 from (447, 182)]
I1014 10:40:48.413439  4110 work_detect.cpp:120] Succeeded to add det end for frame 124
I1014 10:40:48.413457  4110 work_thread.hpp:81]  [T-Work-Detect_0] Run work: WrokTrack
I1014 10:40:48.413486  4110 work_track.cpp:82] Frame: 124 build input_characts: [0.264062 x 0.586111 from (0.317187, 0.375)], 1.00019, 0
I1014 10:40:48.413542  4110 work_track.cpp:82] Frame: 124 build input_characts: [0.0484375 x 0.158333 from (0.698438, 0.505556)], 0.943585, 1
I1014 10:40:48.413580  4110 work_track.cpp:102] Succeeded to set track lock for frame 124
I1014 10:40:48.413631  4110 work_track.cpp:116] Succeeded to release track lock for frame 124
I1014 10:40:48.413599  4113 thread_intergrate.hpp:154] T-Intergrate-intergrate Show face :2, size :640 * 360
I1014 10:40:48.413647  4110 work_track.cpp:120] Track results of frame 124: 2 objects input, 2 objects tracked!
I1014 10:40:48.413666  4110 work_track.cpp:148] Frame: 124, track bbox: [169 x 211 from (200.31, 133.659)], gid: 2, lid: 0
I1014 10:40:48.413703  4110 work_track.cpp:148] Frame: 124, track bbox: [31 x 57 from (446.651, 181.197)], gid: 3, lid: 1
I1014 10:40:48.413736  4110 work_thread.hpp:88]  [T-Work-Detect_0] Frame :124 split
I1014 10:40:48.413758  4110 work_thread.hpp:120]  [T-Work-Detect_0] Valid piece: gid = 2
I1014 10:40:48.413775  4110 work_thread.hpp:120]  [T-Work-Detect_0] Valid piece: gid = 3
I1014 10:40:48.413810  4113 thread_intergrate.hpp:78] [T-Intergrate-intergrate] queue: frame output frame :121
I1014 10:40:48.413834  4113 thread_intergrate.hpp:85] [T-Intergrate-intergrate] queue: compare output face:2
I1014 10:40:48.413880  4113 thread_intergrate.hpp:134] T-Intergrate-intergrate set matched face: 2
I1014 10:40:48.414165  4109 demo_inner.hpp:435] thread [SORT-0]  frame id 120 sorting queue size 1   FPS: 28.0073
I1014 10:40:48.414227  4110 work_thread.hpp:92]  [T-Work-Detect_0] Push to split queue:recog
I1014 10:40:48.414258  4110 work_thread.hpp:92]  [T-Work-Detect_0] Push to split queue:recog
I1014 10:40:48.414316  4111 work_thread.hpp:81]  [T-Work-Recog_0] Run work: WorkCapture
I1014 10:40:48.414331  4112 work_thread.hpp:81]  [T-Work-Recog_1] Run work: WorkCapture
I1014 10:40:48.415064  4112 work_thread.hpp:81]  [T-Work-Recog_1] Run work: WorkRecog
I1014 10:40:48.415064  4111 work_thread.hpp:81]  [T-Work-Recog_0] Run work: WorkRecog
I1014 10:40:48.415118  4111 work_recog.hpp:89] Face id: 2 will run recog: bbox [169 x 211 from (203, 135)] quality: 0.455604
W1014 10:40:48.415115  4112 work_recog.hpp:118] Face id: 3 has low quality : 0.0105269, no need to recog
I1014 10:40:48.415242  4111 work_recog.hpp:96] Recog pair: [240 x 272 from (168, 88)], [169 x 211 from (35, 47)]
I1014 10:40:48.415295  4108 demo_inner.hpp:260]  gui queue size 1, state = running
I1014 10:40:48.415328  4112 work_thread.hpp:81]  [T-Work-Recog_1] Run work: WorkCompare
I1014 10:40:48.415413  4113 thread_intergrate.hpp:154] T-Intergrate-intergrate Show face :2, size :640 * 360
I1014 10:40:48.415627  4113 thread_intergrate.hpp:78] [T-Intergrate-intergrate] queue: frame output frame :122
I1014 10:40:48.415652  4113 thread_intergrate.hpp:85] [T-Intergrate-intergrate] queue: compare output face:2
I1014 10:40:48.415669  4113 thread_intergrate.hpp:134] T-Intergrate-intergrate set matched face: 2
I1014 10:40:48.415966  4109 demo_inner.hpp:435] thread [SORT-0]  frame id 121 sorting queue size 0   FPS: 28.3721
I1014 10:40:48.417539  4113 thread_intergrate.hpp:154] T-Intergrate-intergrate Show face :2, size :640 * 360
I1014 10:40:48.417778  4113 thread_intergrate.hpp:78] [T-Intergrate-intergrate] queue: frame output frame :123
I1014 10:40:48.417802  4113 thread_intergrate.hpp:85] [T-Intergrate-intergrate] queue: compare output face:2
I1014 10:40:48.417830  4113 thread_intergrate.hpp:134] T-Intergrate-intergrate set matched face: 2
I1014 10:40:48.418164  4109 demo_inner.hpp:435] thread [SORT-0]  frame id 122 sorting queue size 1   FPS: 28.828
I1014 10:40:48.419621  4113 thread_intergrate.hpp:154] T-Intergrate-intergrate Show face :2, size :640 * 360
I1014 10:40:48.419944  4113 thread_intergrate.hpp:78] [T-Intergrate-intergrate] queue: frame output frame :124
I1014 10:40:48.419973  4113 thread_intergrate.hpp:85] [T-Intergrate-intergrate] queue: compare output face:2
I1014 10:40:48.419994  4113 thread_intergrate.hpp:134] T-Intergrate-intergrate set matched face: 2
I1014 10:40:48.420399  4109 demo_inner.hpp:435] thread [SORT-0]  frame id 123 sorting queue size 2   FPS: 29.2847
I1014 10:40:48.421589  4113 thread_intergrate.hpp:154] T-Intergrate-intergrate Show face :2, size :640 * 360
I1014 10:40:48.421686  4108 demo_inner.hpp:260]  gui queue size 2, state = running
I1014 10:40:48.422364  4109 demo_inner.hpp:435] thread [SORT-0]  frame id 124 sorting queue size 0   FPS: 29.6982
I1014 10:40:48.426060  4108 demo_inner.hpp:260]  gui queue size 0, state = running
I1014 10:40:48.426789  4107 demo_inner.hpp:177] decode queue size 0
I1014 10:40:48.426971  4110 work_thread.hpp:81]  [T-Work-Detect_0] Run work: WorkDetect
I1014 10:40:48.427006  4110 work_detect.cpp:102] Succeeded to add det start for frame 125
I1014 10:40:48.434397  4110 work_detect.cpp:70] Frame :125 detect result :2 face(s)
I1014 10:40:48.434476  4110 work_detect.cpp:86] Detected bbox: [161 x 218 from (200, 128)]
I1014 10:40:48.434518  4110 work_detect.cpp:86] Detected bbox: [30 x 57 from (447, 182)]
I1014 10:40:48.434556  4110 work_detect.cpp:120] Succeeded to add det end for frame 125
I1014 10:40:48.434572  4110 work_thread.hpp:81]  [T-Work-Detect_0] Run work: WrokTrack
I1014 10:40:48.434603  4110 work_track.cpp:82] Frame: 125 build input_characts: [0.251563 x 0.605556 from (0.3125, 0.355556)], 1.00019, 0
I1014 10:40:48.434672  4110 work_track.cpp:82] Frame: 125 build input_characts: [0.046875 x 0.158333 from (0.698438, 0.505556)], 0.95411, 1
I1014 10:40:48.434711  4110 work_track.cpp:102] Succeeded to set track lock for frame 125
I1014 10:40:48.434765  4110 work_track.cpp:116] Succeeded to release track lock for frame 125
I1014 10:40:48.434780  4110 work_track.cpp:120] Track results of frame 125: 2 objects input, 2 objects tracked!
I1014 10:40:48.434798  4110 work_track.cpp:148] Frame: 125, track bbox: [161 x 218 from (203.213, 129.804)], gid: 2, lid: 0
I1014 10:40:48.434834  4110 work_track.cpp:148] Frame: 125, track bbox: [30 x 57 from (447.15, 182.027)], gid: 3, lid: 1
I1014 10:40:48.434850  4111 work_thread.hpp:81]  [T-Work-Recog_0] Run work: WorkCompare
I1014 10:40:48.434865  4110 work_thread.hpp:88]  [T-Work-Detect_0] Frame :125 split
I1014 10:40:48.434962  4110 work_thread.hpp:120]  [T-Work-Detect_0] Valid piece: gid = 2
I1014 10:40:48.434981  4110 work_thread.hpp:120]  [T-Work-Detect_0] Valid piece: gid = 3
I1014 10:40:48.434998  4111 work_compare.cpp:76] Compare face: 2 successed, similarity :0.971179, name : images/thanglmb.jpg, normal size : 640 * 360!
I1014 10:40:48.434999  4110 work_thread.hpp:92]  [T-Work-Detect_0] Push to split queue:recog
I1014 10:40:48.435045  4110 work_thread.hpp:92]  [T-Work-Detect_0] Push to split queue:recog
I1014 10:40:48.435050  4111 work_thread.hpp:81]  [T-Work-Recog_0] Run work: WorkCapture
I1014 10:40:48.435091  4113 thread_intergrate.hpp:78] [T-Intergrate-intergrate] queue: frame output frame :125
I1014 10:40:48.435096  4112 work_thread.hpp:81]  [T-Work-Recog_1] Run work: WorkCapture
I1014 10:40:48.435123  4113 thread_intergrate.hpp:85] [T-Intergrate-intergrate] queue: compare output face:2
I1014 10:40:48.435235  4113 thread_intergrate.hpp:134] T-Intergrate-intergrate set matched face: 2
I1014 10:40:48.435719  4112 work_thread.hpp:81]  [T-Work-Recog_1] Run work: WorkRecog
I1014 10:40:48.435720  4111 work_thread.hpp:81]  [T-Work-Recog_0] Run work: WorkRecog
W1014 10:40:48.435745  4112 work_recog.hpp:118] Face id: 3 has low quality : 0.00827311, no need to recog
I1014 10:40:48.435755  4111 work_recog.hpp:89] Face id: 2 will run recog: bbox [161 x 218 from (200, 128)] quality: 0.471766
I1014 10:40:48.435856  4112 work_thread.hpp:81]  [T-Work-Recog_1] Run work: WorkCompare
I1014 10:40:48.435861  4111 work_recog.hpp:96] Recog pair: [232 x 280 from (168, 80)], [161 x 218 from (32, 48)]
I1014 10:40:48.436658  4113 thread_intergrate.hpp:154] T-Intergrate-intergrate Show face :2, size :640 * 360
I1014 10:40:48.437178  4109 demo_inner.hpp:435] thread [SORT-0]  frame id 125 sorting queue size 0   FPS: 30.0049
I1014 10:40:48.442540  4108 demo_inner.hpp:260]  gui queue size 0, state = running
I1014 10:40:48.453644  4111 work_thread.hpp:81]  [T-Work-Recog_0] Run work: WorkCompare
I1014 10:40:48.453752  4111 work_compare.cpp:76] Compare face: 2 successed, similarity :0.963291, name : images/thanglmb.jpg, normal size : 640 * 360!
I1014 10:40:48.462260  4107 demo_inner.hpp:177] decode queue size 0
I1014 10:40:48.462373  4110 work_thread.hpp:81]  [T-Work-Detect_0] Run work: WorkDetect
I1014 10:40:48.462410  4110 work_detect.cpp:102] Succeeded to add det start for frame 126
I1014 10:40:48.469074  4110 work_detect.cpp:70] Frame :126 detect result :2 face(s)
I1014 10:40:48.469117  4110 work_detect.cpp:86] Detected bbox: [166 x 207 from (205, 136)]
I1014 10:40:48.469151  4110 work_detect.cpp:86] Detected bbox: [30 x 55 from (447, 182)]
I1014 10:40:48.469180  4110 work_detect.cpp:120] Succeeded to add det end for frame 126
I1014 10:40:48.469197  4110 work_thread.hpp:81]  [T-Work-Detect_0] Run work: WrokTrack
I1014 10:40:48.469220  4110 work_track.cpp:82] Frame: 126 build input_characts: [0.259375 x 0.575 from (0.320312, 0.377778)], 1.00019, 0
I1014 10:40:48.469272  4110 work_track.cpp:82] Frame: 126 build input_characts: [0.046875 x 0.152778 from (0.698438, 0.505556)], 0.95411, 1
I1014 10:40:48.469308  4110 work_track.cpp:102] Succeeded to set track lock for frame 126
I1014 10:40:48.469352  4110 work_track.cpp:116] Succeeded to release track lock for frame 126
I1014 10:40:48.469367  4110 work_track.cpp:120] Track results of frame 126: 2 objects input, 2 objects tracked!
I1014 10:40:48.469385  4110 work_track.cpp:148] Frame: 126, track bbox: [166 x 207 from (204.118, 135.916)], gid: 2, lid: 0
I1014 10:40:48.469419  4110 work_track.cpp:148] Frame: 126, track bbox: [30 x 55 from (447.151, 182.773)], gid: 3, lid: 1
I1014 10:40:48.469451  4110 work_thread.hpp:88]  [T-Work-Detect_0] Frame :126 split
I1014 10:40:48.469468  4110 work_thread.hpp:120]  [T-Work-Detect_0] Valid piece: gid = 2
I1014 10:40:48.469486  4110 work_thread.hpp:120]  [T-Work-Detect_0] Valid piece: gid = 3
I1014 10:40:48.469503  4110 work_thread.hpp:92]  [T-Work-Detect_0] Push to split queue:recog
I1014 10:40:48.469612  4110 work_thread.hpp:92]  [T-Work-Detect_0] Push to split queue:recog
I1014 10:40:48.469630  4111 work_thread.hpp:81]  [T-Work-Recog_0] Run work: WorkCapture
I1014 10:40:48.469655  4112 work_thread.hpp:81]  [T-Work-Recog_1] Run work: WorkCapture
I1014 10:40:48.469894  4113 thread_intergrate.hpp:78] [T-Intergrate-intergrate] queue: frame output frame :126
I1014 10:40:48.469923  4113 thread_intergrate.hpp:85] [T-Intergrate-intergrate] queue: compare output face:2
I1014 10:40:48.469943  4113 thread_intergrate.hpp:134] T-Intergrate-intergrate set matched face: 2
I1014 10:40:48.470224  4112 work_thread.hpp:81]  [T-Work-Recog_1] Run work: WorkRecog
W1014 10:40:48.470247  4112 work_recog.hpp:118] Face id: 3 has low quality : 0.0105249, no need to recog
I1014 10:40:48.470257  4111 work_thread.hpp:81]  [T-Work-Recog_0] Run work: WorkRecog
I1014 10:40:48.470358  4112 work_thread.hpp:81]  [T-Work-Recog_1] Run work: WorkCompare
I1014 10:40:48.470366  4111 work_recog.hpp:89] Face id: 2 will run recog: bbox [166 x 207 from (205, 136)] quality: 0.438472
I1014 10:40:48.470394  4111 work_recog.hpp:96] Recog pair: [240 x 272 from (168, 88)], [166 x 207 from (37, 48)]
I1014 10:40:48.471460  4113 thread_intergrate.hpp:154] T-Intergrate-intergrate Show face :2, size :640 * 360
I1014 10:40:48.472043  4109 demo_inner.hpp:435] thread [SORT-0]  frame id 126 sorting queue size 0   FPS: 29.9313
I1014 10:40:48.472120  4108 demo_inner.hpp:260]  gui queue size 0, state = running
I1014 10:40:48.488189  4111 work_thread.hpp:81]  [T-Work-Recog_0] Run work: WorkCompare
I1014 10:40:48.488296  4111 work_compare.cpp:76] Compare face: 2 successed, similarity :0.966375, name : images/thanglmb.jpg, normal size : 640 * 360!
I1014 10:40:48.492317  4107 demo_inner.hpp:177] decode queue size 0
I1014 10:40:48.492414  4110 work_thread.hpp:81]  [T-Work-Detect_0] Run work: WorkDetect
I1014 10:40:48.492449  4110 work_detect.cpp:102] Succeeded to add det start for frame 127
I1014 10:40:48.499032  4110 work_detect.cpp:70] Frame :127 detect result :2 face(s)
I1014 10:40:48.499075  4110 work_detect.cpp:86] Detected bbox: [166 x 224 from (198, 126)]
I1014 10:40:48.499107  4110 work_detect.cpp:86] Detected bbox: [31 x 57 from (447, 182)]
I1014 10:40:48.499137  4110 work_detect.cpp:120] Succeeded to add det end for frame 127
I1014 10:40:48.499153  4110 work_thread.hpp:81]  [T-Work-Detect_0] Run work: WrokTrack
I1014 10:40:48.499177  4110 work_track.cpp:82] Frame: 127 build input_characts: [0.259375 x 0.622222 from (0.309375, 0.35)], 1.00019, 0
I1014 10:40:48.499229  4110 work_track.cpp:82] Frame: 127 build input_characts: [0.0484375 x 0.158333 from (0.698438, 0.505556)], 0.962122, 1
I1014 10:40:48.499264  4110 work_track.cpp:102] Succeeded to set track lock for frame 127
I1014 10:40:48.499307  4110 work_track.cpp:116] Succeeded to release track lock for frame 127
I1014 10:40:48.499322  4110 work_track.cpp:120] Track results of frame 127: 2 objects input, 2 objects tracked!
I1014 10:40:48.499339  4110 work_track.cpp:148] Frame: 127, track bbox: [166 x 224 from (201.23, 126.58)], gid: 2, lid: 0
I1014 10:40:48.499373  4110 work_track.cpp:148] Frame: 127, track bbox: [31 x 57 from (446.907, 181.889)], gid: 3, lid: 1
I1014 10:40:48.499406  4110 work_thread.hpp:88]  [T-Work-Detect_0] Frame :127 split
I1014 10:40:48.499424  4110 work_thread.hpp:120]  [T-Work-Detect_0] Valid piece: gid = 2
I1014 10:40:48.499441  4110 work_thread.hpp:120]  [T-Work-Detect_0] Valid piece: gid = 3
I1014 10:40:48.499459  4110 work_thread.hpp:92]  [T-Work-Detect_0] Push to split queue:recog
I1014 10:40:48.499507  4112 work_thread.hpp:81]  [T-Work-Recog_1] Run work: WorkCapture
I1014 10:40:48.499789  4110 work_thread.hpp:92]  [T-Work-Detect_0] Push to split queue:recog
I1014 10:40:48.499828  4111 work_thread.hpp:81]  [T-Work-Recog_0] Run work: WorkCapture
I1014 10:40:48.499840  4113 thread_intergrate.hpp:78] [T-Intergrate-intergrate] queue: frame output frame :127
I1014 10:40:48.499898  4113 thread_intergrate.hpp:85] [T-Intergrate-intergrate] queue: compare output face:2
I1014 10:40:48.499919  4113 thread_intergrate.hpp:134] T-Intergrate-intergrate set matched face: 2
I1014 10:40:48.500078  4112 work_thread.hpp:81]  [T-Work-Recog_1] Run work: WorkRecog
I1014 10:40:48.500102  4112 work_recog.hpp:89] Face id: 2 will run recog: bbox [166 x 224 from (198, 126)] quality: 0.478306
I1014 10:40:48.500130  4112 work_recog.hpp:96] Recog pair: [240 x 280 from (160, 80)], [166 x 224 from (38, 46)]
I1014 10:40:48.500315  4111 work_thread.hpp:81]  [T-Work-Recog_0] Run work: WorkRecog
W1014 10:40:48.500336  4111 work_recog.hpp:118] Face id: 3 has low quality : 0.0133588, no need to recog
I1014 10:40:48.500592  4111 work_thread.hpp:81]  [T-Work-Recog_0] Run work: WorkCompare
I1014 10:40:48.501729  4113 thread_intergrate.hpp:154] T-Intergrate-intergrate Show face :2, size :640 * 360
I1014 10:40:48.502341  4109 demo_inner.hpp:435] thread [SORT-0]  frame id 127 sorting queue size 0   FPS: 30.0197
I1014 10:40:48.502405  4108 demo_inner.hpp:260]  gui queue size 0, state = running
I1014 10:40:48.518050  4112 work_thread.hpp:81]  [T-Work-Recog_1] Run work: WorkCompare
I1014 10:40:48.518157  4112 work_compare.cpp:76] Compare face: 2 successed, similarity :0.97178, name : images/thanglmb.jpg, normal size : 640 * 360!
I1014 10:40:48.527647  4107 demo_inner.hpp:177] decode queue size 0
I1014 10:40:48.527768  4110 work_thread.hpp:81]  [T-Work-Detect_0] Run work: WorkDetect
I1014 10:40:48.527806  4110 work_detect.cpp:102] Succeeded to add det start for frame 128
I1014 10:40:48.534610  4110 work_detect.cpp:70] Frame :128 detect result :2 face(s)
I1014 10:40:48.534656  4110 work_detect.cpp:86] Detected bbox: [172 x 211 from (205, 149)]
I1014 10:40:48.534688  4110 work_detect.cpp:86] Detected bbox: [29 x 55 from (448, 183)]
I1014 10:40:48.534719  4110 work_detect.cpp:120] Succeeded to add det end for frame 128
I1014 10:40:48.534735  4110 work_thread.hpp:81]  [T-Work-Detect_0] Run work: WrokTrack
I1014 10:40:48.534759  4110 work_track.cpp:82] Frame: 128 build input_characts: [0.26875 x 0.586111 from (0.320312, 0.413889)], 0.999622, 0
I1014 10:40:48.534811  4110 work_track.cpp:82] Frame: 128 build input_characts: [0.0453125 x 0.152778 from (0.7, 0.508333)], 0.967082, 1
I1014 10:40:48.534848  4110 work_track.cpp:102] Succeeded to set track lock for frame 128
I1014 10:40:48.534893  4110 work_track.cpp:116] Succeeded to release track lock for frame 128
I1014 10:40:48.534907  4110 work_track.cpp:120] Track results of frame 128: 2 objects input, 2 objects tracked!
I1014 10:40:48.534925  4110 work_track.cpp:148] Frame: 128, track bbox: [172 x 211 from (200.295, 140.899)], gid: 2, lid: 0
I1014 10:40:48.534958  4110 work_track.cpp:148] Frame: 128, track bbox: [29 x 55 from (447.929, 183.058)], gid: 3, lid: 1
I1014 10:40:48.534991  4110 work_thread.hpp:88]  [T-Work-Detect_0] Frame :128 split
I1014 10:40:48.535009  4110 work_thread.hpp:120]  [T-Work-Detect_0] Valid piece: gid = 2
I1014 10:40:48.535027  4110 work_thread.hpp:120]  [T-Work-Detect_0] Valid piece: gid = 3
I1014 10:40:48.535044  4110 work_thread.hpp:92]  [T-Work-Detect_0] Push to split queue:recog
I1014 10:40:48.535094  4112 work_thread.hpp:81]  [T-Work-Recog_1] Run work: WorkCapture
I1014 10:40:48.535369  4110 work_thread.hpp:92]  [T-Work-Detect_0] Push to split queue:recog
I1014 10:40:48.535409  4111 work_thread.hpp:81]  [T-Work-Recog_0] Run work: WorkCapture
I1014 10:40:48.535419  4113 thread_intergrate.hpp:78] [T-Intergrate-intergrate] queue: frame output frame :128
I1014 10:40:48.535455  4113 thread_intergrate.hpp:85] [T-Intergrate-intergrate] queue: compare output face:2
I1014 10:40:48.535475  4113 thread_intergrate.hpp:134] T-Intergrate-intergrate set matched face: 2
I1014 10:40:48.535653  4112 work_thread.hpp:81]  [T-Work-Recog_1] Run work: WorkRecog
I1014 10:40:48.535677  4112 work_recog.hpp:89] Face id: 2 will run recog: bbox [172 x 211 from (205, 149)] quality: 0.385181
I1014 10:40:48.535707  4112 work_recog.hpp:96] Recog pair: [248 x 256 from (168, 104)], [172 x 211 from (37, 45)]
I1014 10:40:48.535883  4111 work_thread.hpp:81]  [T-Work-Recog_0] Run work: WorkRecog
W1014 10:40:48.535984  4111 work_recog.hpp:118] Face id: 3 has low quality : 0.0118613, no need to recog
I1014 10:40:48.536056  4111 work_thread.hpp:81]  [T-Work-Recog_0] Run work: WorkCompare
I1014 10:40:48.537114  4113 thread_intergrate.hpp:154] T-Intergrate-intergrate Show face :2, size :640 * 360
I1014 10:40:48.537690  4109 demo_inner.hpp:435] thread [SORT-0]  frame id 128 sorting queue size 0   FPS: 29.9754
I1014 10:40:48.537756  4108 demo_inner.hpp:260]  gui queue size 0, state = running
I1014 10:40:48.553416  4112 work_thread.hpp:81]  [T-Work-Recog_1] Run work: WorkCompare
I1014 10:40:48.553525  4112 work_compare.cpp:76] Compare face: 2 successed, similarity :0.931869, name : images/thanglmb.jpg, normal size : 640 * 360!
I1014 10:40:48.563562  4107 demo_inner.hpp:177] decode queue size 0
I1014 10:40:48.563686  4110 work_thread.hpp:81]  [T-Work-Detect_0] Run work: WorkDetect
I1014 10:40:48.563722  4110 work_detect.cpp:102] Succeeded to add det start for frame 129
I1014 10:40:48.570364  4110 work_detect.cpp:70] Frame :129 detect result :2 face(s)
I1014 10:40:48.570410  4110 work_detect.cpp:86] Detected bbox: [170 x 215 from (204, 133)]
I1014 10:40:48.570443  4110 work_detect.cpp:86] Detected bbox: [28 x 53 from (448, 185)]
I1014 10:40:48.570474  4110 work_detect.cpp:120] Succeeded to add det end for frame 129
I1014 10:40:48.570490  4110 work_thread.hpp:81]  [T-Work-Detect_0] Run work: WrokTrack
I1014 10:40:48.570515  4110 work_track.cpp:82] Frame: 129 build input_characts: [0.265625 x 0.597222 from (0.31875, 0.369444)], 1.00019, 0
I1014 10:40:48.570567  4110 work_track.cpp:82] Frame: 129 build input_characts: [0.04375 x 0.147222 from (0.7, 0.513889)], 0.968742, 1
I1014 10:40:48.570603  4110 work_track.cpp:102] Succeeded to set track lock for frame 129
I1014 10:40:48.570648  4110 work_track.cpp:116] Succeeded to release track lock for frame 129
I1014 10:40:48.570663  4110 work_track.cpp:120] Track results of frame 129: 2 objects input, 2 objects tracked!
I1014 10:40:48.570681  4110 work_track.cpp:148] Frame: 129, track bbox: [170 x 215 from (203.435, 137.801)], gid: 2, lid: 0
I1014 10:40:48.570714  4110 work_track.cpp:148] Frame: 129, track bbox: [28 x 53 from (448.222, 184.434)], gid: 3, lid: 1
I1014 10:40:48.570747  4110 work_thread.hpp:88]  [T-Work-Detect_0] Frame :129 split
I1014 10:40:48.570765  4110 work_thread.hpp:120]  [T-Work-Detect_0] Valid piece: gid = 2
I1014 10:40:48.570782  4110 work_thread.hpp:120]  [T-Work-Detect_0] Valid piece: gid = 3
I1014 10:40:48.570799  4110 work_thread.hpp:92]  [T-Work-Detect_0] Push to split queue:recog
I1014 10:40:48.570824  4110 work_thread.hpp:92]  [T-Work-Detect_0] Push to split queue:recog
I1014 10:40:48.570842  4112 work_thread.hpp:81]  [T-Work-Recog_1] Run work: WorkCapture
I1014 10:40:48.570859  4111 work_thread.hpp:81]  [T-Work-Recog_0] Run work: WorkCapture
I1014 10:40:48.570878  4113 thread_intergrate.hpp:78] [T-Intergrate-intergrate] queue: frame output frame :129
I1014 10:40:48.570904  4113 thread_intergrate.hpp:85] [T-Intergrate-intergrate] queue: compare output face:2
I1014 10:40:48.570922  4113 thread_intergrate.hpp:134] T-Intergrate-intergrate set matched face: 2
I1014 10:40:48.571429  4111 work_thread.hpp:81]  [T-Work-Recog_0] Run work: WorkRecog
I1014 10:40:48.571449  4112 work_thread.hpp:81]  [T-Work-Recog_1] Run work: WorkRecog
W1014 10:40:48.571455  4111 work_recog.hpp:118] Face id: 3 has low quality : 0.00827311, no need to recog
I1014 10:40:48.571472  4112 work_recog.hpp:89] Face id: 2 will run recog: bbox [170 x 215 from (204, 133)] quality: 0.456042
I1014 10:40:48.571558  4111 work_thread.hpp:81]  [T-Work-Recog_0] Run work: WorkCompare
I1014 10:40:48.571565  4112 work_recog.hpp:96] Recog pair: [240 x 272 from (168, 88)], [170 x 215 from (36, 45)]
I1014 10:40:48.572135  4113 thread_intergrate.hpp:154] T-Intergrate-intergrate Show face :2, size :640 * 360
I1014 10:40:48.572715  4109 demo_inner.hpp:435] thread [SORT-0]  frame id 129 sorting queue size 0   FPS: 29.9166
I1014 10:40:48.572789  4108 demo_inner.hpp:260]  gui queue size 0, state = running
I1014 10:40:48.589380  4112 work_thread.hpp:81]  [T-Work-Recog_1] Run work: WorkCompare
I1014 10:40:48.589565  4112 work_compare.cpp:76] Compare face: 2 successed, similarity :0.953079, name : images/thanglmb.jpg, normal size : 640 * 360!
I1014 10:40:48.594302  4107 demo_inner.hpp:177] decode queue size 0
I1014 10:40:48.594389  4110 work_thread.hpp:81]  [T-Work-Detect_0] Run work: WorkDetect
I1014 10:40:48.594422  4110 work_detect.cpp:102] Succeeded to add det start for frame 130
I1014 10:40:48.601157  4110 work_detect.cpp:70] Frame :130 detect result :2 face(s)
W1014 10:40:48.601203  4110 work_detect.cpp:83] Invalid bbox: [170 x 210 from (206, 151)]
I1014 10:40:48.601312  4110 work_detect.cpp:86] Detected bbox: [27 x 53 from (448, 183)]
I1014 10:40:48.601356  4110 work_detect.cpp:120] Succeeded to add det end for frame 130
I1014 10:40:48.601372  4110 work_thread.hpp:81]  [T-Work-Detect_0] Run work: WrokTrack
I1014 10:40:48.601397  4110 work_track.cpp:82] Frame: 130 build input_characts: [0.0421875 x 0.147222 from (0.7, 0.508333)], 0.968742, 0
I1014 10:40:48.601454  4110 work_track.cpp:102] Succeeded to set track lock for frame 130
I1014 10:40:48.601496  4110 work_track.cpp:116] Succeeded to release track lock for frame 130
I1014 10:40:48.601511  4110 work_track.cpp:120] Track results of frame 130: 1 objects input, 2 objects tracked!
I1014 10:40:48.601528  4110 work_track.cpp:148] Frame: 130, track bbox: [170 x 215 from (204.347, 139.257)], gid: 2, lid: -1
I1014 10:40:48.601562  4110 work_track.cpp:148] Frame: 130, track bbox: [27 x 53 from (448.42, 183.911)], gid: 3, lid: 0
I1014 10:40:48.601594  4110 work_thread.hpp:88]  [T-Work-Detect_0] Frame :130 split
I1014 10:40:48.601611  4110 work_thread.hpp:120]  [T-Work-Detect_0] Valid piece: gid = 3
I1014 10:40:48.601629  4110 work_thread.hpp:92]  [T-Work-Detect_0] Push to split queue:recog
I1014 10:40:48.601673  4111 work_thread.hpp:81]  [T-Work-Recog_0] Run work: WorkCapture
I1014 10:40:48.601687  4113 thread_intergrate.hpp:78] [T-Intergrate-intergrate] queue: frame output frame :130
I1014 10:40:48.601713  4113 thread_intergrate.hpp:85] [T-Intergrate-intergrate] queue: compare output face:2
I1014 10:40:48.601732  4113 thread_intergrate.hpp:134] T-Intergrate-intergrate set matched face: 2
I1014 10:40:48.602176  4111 work_thread.hpp:81]  [T-Work-Recog_0] Run work: WorkRecog
W1014 10:40:48.602198  4111 work_recog.hpp:118] Face id: 3 has low quality : 0.0168954, no need to recog
I1014 10:40:48.602264  4111 work_thread.hpp:81]  [T-Work-Recog_0] Run work: WorkCompare
I1014 10:40:48.602882  4113 thread_intergrate.hpp:154] T-Intergrate-intergrate Show face :2, size :640 * 360
I1014 10:40:48.603440  4109 demo_inner.hpp:435] thread [SORT-0]  frame id 130 sorting queue size 0   FPS: 29.9902
I1014 10:40:48.603502  4108 demo_inner.hpp:260]  gui queue size 0, state = running
I1014 10:40:48.629617  4107 demo_inner.hpp:177] decode queue size 0
I1014 10:40:48.629721  4110 work_thread.hpp:81]  [T-Work-Detect_0] Run work: WorkDetect
I1014 10:40:48.629756  4110 work_detect.cpp:102] Succeeded to add det start for frame 131
I1014 10:40:48.636538  4110 work_detect.cpp:70] Frame :131 detect result :2 face(s)
I1014 10:40:48.636586  4110 work_detect.cpp:86] Detected bbox: [168 x 214 from (206, 133)]
I1014 10:40:48.636618  4110 work_detect.cpp:86] Detected bbox: [28 x 54 from (448, 184)]
I1014 10:40:48.636649  4110 work_detect.cpp:120] Succeeded to add det end for frame 131
I1014 10:40:48.636665  4110 work_thread.hpp:81]  [T-Work-Detect_0] Run work: WrokTrack
I1014 10:40:48.636690  4110 work_track.cpp:82] Frame: 131 build input_characts: [0.2625 x 0.594444 from (0.321875, 0.369444)], 1.00019, 0
I1014 10:40:48.636744  4110 work_track.cpp:82] Frame: 131 build input_characts: [0.04375 x 0.15 from (0.7, 0.511111)], 0.968742, 1
I1014 10:40:48.636780  4110 work_track.cpp:102] Succeeded to set track lock for frame 131
I1014 10:40:48.636823  4110 work_track.cpp:116] Succeeded to release track lock for frame 131
I1014 10:40:48.636837  4110 work_track.cpp:120] Track results of frame 131: 2 objects input, 2 objects tracked!
I1014 10:40:48.636929  4110 work_track.cpp:148] Frame: 131, track bbox: [168 x 214 from (207.386, 136.812)], gid: 2, lid: 0
I1014 10:40:48.636965  4110 work_track.cpp:148] Frame: 131, track bbox: [28 x 54 from (447.829, 183.81)], gid: 3, lid: 1
I1014 10:40:48.636998  4110 work_thread.hpp:88]  [T-Work-Detect_0] Frame :131 split
I1014 10:40:48.637017  4110 work_thread.hpp:120]  [T-Work-Detect_0] Valid piece: gid = 2
I1014 10:40:48.637034  4110 work_thread.hpp:120]  [T-Work-Detect_0] Valid piece: gid = 3
I1014 10:40:48.637050  4110 work_thread.hpp:92]  [T-Work-Detect_0] Push to split queue:recog
I1014 10:40:48.637076  4110 work_thread.hpp:92]  [T-Work-Detect_0] Push to split queue:recog
I1014 10:40:48.637092  4112 work_thread.hpp:81]  [T-Work-Recog_1] Run work: WorkCapture
I1014 10:40:48.637110  4111 work_thread.hpp:81]  [T-Work-Recog_0] Run work: WorkCapture
I1014 10:40:48.637123  4113 thread_intergrate.hpp:78] [T-Intergrate-intergrate] queue: frame output frame :131
I1014 10:40:48.637630  4111 work_thread.hpp:81]  [T-Work-Recog_0] Run work: WorkRecog
W1014 10:40:48.637652  4111 work_recog.hpp:118] Face id: 3 has low quality : 0.0133556, no need to recog
I1014 10:40:48.637658  4112 work_thread.hpp:81]  [T-Work-Recog_1] Run work: WorkRecog
I1014 10:40:48.637753  4111 work_thread.hpp:81]  [T-Work-Recog_0] Run work: WorkCompare
I1014 10:40:48.637758  4112 work_recog.hpp:89] Face id: 2 will run recog: bbox [168 x 214 from (206, 133)] quality: 0.445188
I1014 10:40:48.637786  4112 work_recog.hpp:96] Recog pair: [240 x 272 from (168, 88)], [168 x 214 from (38, 45)]
I1014 10:40:48.638274  4113 thread_intergrate.hpp:154] T-Intergrate-intergrate Show face :2, size :640 * 360
I1014 10:40:48.638835  4109 demo_inner.hpp:435] thread [SORT-0]  frame id 131 sorting queue size 0   FPS: 29.9166
I1014 10:40:48.638906  4108 demo_inner.hpp:260]  gui queue size 0, state = running
I1014 10:40:48.655583  4112 work_thread.hpp:81]  [T-Work-Recog_1] Run work: WorkCompare
I1014 10:40:48.655690  4112 work_compare.cpp:76] Compare face: 2 successed, similarity :0.975629, name : images/thanglmb.jpg, normal size : 640 * 360!
I1014 10:40:48.660228  4107 demo_inner.hpp:177] decode queue size 0
I1014 10:40:48.660315  4110 work_thread.hpp:81]  [T-Work-Detect_0] Run work: WorkDetect
I1014 10:40:48.660351  4110 work_detect.cpp:102] Succeeded to add det start for frame 132
I1014 10:40:48.667001  4110 work_detect.cpp:70] Frame :132 detect result :2 face(s)
I1014 10:40:48.667043  4110 work_detect.cpp:86] Detected bbox: [170 x 217 from (205, 132)]
I1014 10:40:48.667078  4110 work_detect.cpp:86] Detected bbox: [28 x 53 from (448, 185)]
I1014 10:40:48.667109  4110 work_detect.cpp:120] Succeeded to add det end for frame 132
I1014 10:40:48.667124  4110 work_thread.hpp:81]  [T-Work-Detect_0] Run work: WrokTrack
I1014 10:40:48.667148  4110 work_track.cpp:82] Frame: 132 build input_characts: [0.265625 x 0.602778 from (0.320312, 0.366667)], 1.00019, 0
I1014 10:40:48.667201  4110 work_track.cpp:82] Frame: 132 build input_characts: [0.04375 x 0.147222 from (0.7, 0.513889)], 0.969403, 1
I1014 10:40:48.667237  4110 work_track.cpp:102] Succeeded to set track lock for frame 132
I1014 10:40:48.667280  4110 work_track.cpp:116] Succeeded to release track lock for frame 132
I1014 10:40:48.667294  4110 work_track.cpp:120] Track results of frame 132: 2 objects input, 2 objects tracked!
I1014 10:40:48.667312  4110 work_track.cpp:148] Frame: 132, track bbox: [170 x 217 from (205.651, 133.035)], gid: 2, lid: 0
I1014 10:40:48.667346  4110 work_track.cpp:148] Frame: 132, track bbox: [28 x 53 from (447.767, 184.582)], gid: 3, lid: 1
I1014 10:40:48.667378  4110 work_thread.hpp:88]  [T-Work-Detect_0] Frame :132 split
I1014 10:40:48.667395  4110 work_thread.hpp:120]  [T-Work-Detect_0] Valid piece: gid = 2
I1014 10:40:48.667413  4110 work_thread.hpp:120]  [T-Work-Detect_0] Valid piece: gid = 3
I1014 10:40:48.667429  4110 work_thread.hpp:92]  [T-Work-Detect_0] Push to split queue:recog
I1014 10:40:48.667455  4110 work_thread.hpp:92]  [T-Work-Detect_0] Push to split queue:recog
I1014 10:40:48.667470  4111 work_thread.hpp:81]  [T-Work-Recog_0] Run work: WorkCapture
I1014 10:40:48.667490  4112 work_thread.hpp:81]  [T-Work-Recog_1] Run work: WorkCapture
I1014 10:40:48.667507  4113 thread_intergrate.hpp:78] [T-Intergrate-intergrate] queue: frame output frame :132
I1014 10:40:48.667601  4113 thread_intergrate.hpp:85] [T-Intergrate-intergrate] queue: compare output face:2
I1014 10:40:48.667623  4113 thread_intergrate.hpp:134] T-Intergrate-intergrate set matched face: 2
I1014 10:40:48.668144  4112 work_thread.hpp:81]  [T-Work-Recog_1] Run work: WorkRecog
I1014 10:40:48.668184  4111 work_thread.hpp:81]  [T-Work-Recog_0] Run work: WorkRecog
W1014 10:40:48.668187  4112 work_recog.hpp:118] Face id: 3 has low quality : 0.0118608, no need to recog
I1014 10:40:48.668212  4111 work_recog.hpp:89] Face id: 2 will run recog: bbox [170 x 217 from (205, 132)] quality: 0.468177
I1014 10:40:48.668315  4112 work_thread.hpp:81]  [T-Work-Recog_1] Run work: WorkCompare
I1014 10:40:48.668321  4111 work_recog.hpp:96] Recog pair: [248 x 272 from (168, 88)], [170 x 217 from (37, 44)]
I1014 10:40:48.668848  4113 thread_intergrate.hpp:154] T-Intergrate-intergrate Show face :2, size :640 * 360
I1014 10:40:48.669417  4109 demo_inner.hpp:435] thread [SORT-0]  frame id 132 sorting queue size 0   FPS: 29.9902
I1014 10:40:48.669490  4108 demo_inner.hpp:260]  gui queue size 0, state = running
I1014 10:40:48.686111  4111 work_thread.hpp:81]  [T-Work-Recog_0] Run work: WorkCompare
I1014 10:40:48.686219  4111 work_compare.cpp:76] Compare face: 2 successed, similarity :0.957535, name : images/thanglmb.jpg, normal size : 640 * 360!
I1014 10:40:48.695683  4107 demo_inner.hpp:177] decode queue size 0
I1014 10:40:48.695783  4110 work_thread.hpp:81]  [T-Work-Detect_0] Run work: WorkDetect
I1014 10:40:48.695818  4110 work_detect.cpp:102] Succeeded to add det start for frame 133
I1014 10:40:48.702522  4110 work_detect.cpp:70] Frame :133 detect result :2 face(s)
I1014 10:40:48.702566  4110 work_detect.cpp:86] Detected bbox: [166 x 215 from (208, 132)]
I1014 10:40:48.702598  4110 work_detect.cpp:86] Detected bbox: [26 x 51 from (448, 185)]
I1014 10:40:48.702628  4110 work_detect.cpp:120] Succeeded to add det end for frame 133
I1014 10:40:48.702644  4110 work_thread.hpp:81]  [T-Work-Detect_0] Run work: WrokTrack
I1014 10:40:48.702668  4110 work_track.cpp:82] Frame: 133 build input_characts: [0.259375 x 0.597222 from (0.325, 0.366667)], 1.00035, 0
I1014 10:40:48.702721  4110 work_track.cpp:82] Frame: 133 build input_characts: [0.040625 x 0.141667 from (0.7, 0.513889)], 0.947697, 1
I1014 10:40:48.702756  4110 work_track.cpp:102] Succeeded to set track lock for frame 133
I1014 10:40:48.702801  4110 work_track.cpp:116] Succeeded to release track lock for frame 133
I1014 10:40:48.702816  4110 work_track.cpp:120] Track results of frame 133: 2 objects input, 2 objects tracked!
I1014 10:40:48.702833  4110 work_track.cpp:148] Frame: 133, track bbox: [166 x 215 from (208.749, 132.095)], gid: 2, lid: 0
I1014 10:40:48.702865  4110 work_track.cpp:148] Frame: 133, track bbox: [26 x 51 from (448.362, 185.364)], gid: 3, lid: 1
I1014 10:40:48.702898  4110 work_thread.hpp:88]  [T-Work-Detect_0] Frame :133 split
I1014 10:40:48.702916  4110 work_thread.hpp:120]  [T-Work-Detect_0] Valid piece: gid = 2
I1014 10:40:48.702934  4110 work_thread.hpp:120]  [T-Work-Detect_0] Valid piece: gid = 3
I1014 10:40:48.702950  4110 work_thread.hpp:92]  [T-Work-Detect_0] Push to split queue:recog
I1014 10:40:48.702975  4110 work_thread.hpp:92]  [T-Work-Detect_0] Push to split queue:recog
I1014 10:40:48.702993  4111 work_thread.hpp:81]  [T-Work-Recog_0] Run work: WorkCapture
I1014 10:40:48.703011  4112 work_thread.hpp:81]  [T-Work-Recog_1] Run work: WorkCapture
I1014 10:40:48.703022  4113 thread_intergrate.hpp:78] [T-Intergrate-intergrate] queue: frame output frame :133
I1014 10:40:48.703049  4113 thread_intergrate.hpp:85] [T-Intergrate-intergrate] queue: compare output face:2
I1014 10:40:48.703068  4113 thread_intergrate.hpp:134] T-Intergrate-intergrate set matched face: 2
I1014 10:40:48.703572  4112 work_thread.hpp:81]  [T-Work-Recog_1] Run work: WorkRecog
I1014 10:40:48.703605  4111 work_thread.hpp:81]  [T-Work-Recog_0] Run work: WorkRecog
W1014 10:40:48.703675  4112 work_recog.hpp:118] Face id: 3 has low quality : 0.0118594, no need to recog
I1014 10:40:48.703685  4111 work_recog.hpp:89] Face id: 2 will run recog: bbox [166 x 215 from (208, 132)] quality: 0.455418
I1014 10:40:48.703757  4112 work_thread.hpp:81]  [T-Work-Recog_1] Run work: WorkCompare
I1014 10:40:48.703763  4111 work_recog.hpp:96] Recog pair: [240 x 272 from (168, 88)], [166 x 215 from (40, 44)]
I1014 10:40:48.704293  4113 thread_intergrate.hpp:154] T-Intergrate-intergrate Show face :2, size :640 * 360
I1014 10:40:48.704861  4109 demo_inner.hpp:435] thread [SORT-0]  frame id 133 sorting queue size 0   FPS: 29.9166
I1014 10:40:48.721413  4111 work_thread.hpp:81]  [T-Work-Recog_0] Run work: WorkCompare
I1014 10:40:48.721520  4111 work_compare.cpp:76] Compare face: 2 successed, similarity :0.961627, name : images/thanglmb.jpg, normal size : 640 * 360!
I1014 10:40:48.726369  4107 demo_inner.hpp:177] decode queue size 0
I1014 10:40:48.726486  4110 work_thread.hpp:81]  [T-Work-Detect_0] Run work: WorkDetect
I1014 10:40:48.726523  4110 work_detect.cpp:102] Succeeded to add det start for frame 134
I1014 10:40:48.733369  4110 work_detect.cpp:70] Frame :134 detect result :2 face(s)
I1014 10:40:48.733414  4110 work_detect.cpp:86] Detected bbox: [166 x 214 from (208, 135)]
I1014 10:40:48.733448  4110 work_detect.cpp:86] Detected bbox: [26 x 49 from (448, 186)]
I1014 10:40:48.733479  4110 work_detect.cpp:120] Succeeded to add det end for frame 134
I1014 10:40:48.733494  4110 work_thread.hpp:81]  [T-Work-Detect_0] Run work: WrokTrack
I1014 10:40:48.733518  4110 work_track.cpp:82] Frame: 134 build input_characts: [0.259375 x 0.594444 from (0.325, 0.375)], 0.999622, 0
I1014 10:40:48.733572  4110 work_track.cpp:82] Frame: 134 build input_characts: [0.040625 x 0.136111 from (0.7, 0.516667)], 0.968742, 1
I1014 10:40:48.733608  4110 work_track.cpp:102] Succeeded to set track lock for frame 134
I1014 10:40:48.733652  4110 work_track.cpp:116] Succeeded to release track lock for frame 134
I1014 10:40:48.733666  4110 work_track.cpp:120] Track results of frame 134: 2 objects input, 2 objects tracked!
I1014 10:40:48.733685  4110 work_track.cpp:148] Frame: 134, track bbox: [166 x 214 from (207.73, 131.434)], gid: 2, lid: 0
I1014 10:40:48.733719  4110 work_track.cpp:148] Frame: 134, track bbox: [26 x 49 from (448.119, 186.156)], gid: 3, lid: 1
I1014 10:40:48.733752  4110 work_thread.hpp:88]  [T-Work-Detect_0] Frame :134 split
I1014 10:40:48.733769  4110 work_thread.hpp:120]  [T-Work-Detect_0] Valid piece: gid = 2
I1014 10:40:48.733788  4110 work_thread.hpp:120]  [T-Work-Detect_0] Valid piece: gid = 3
I1014 10:40:48.733804  4110 work_thread.hpp:92]  [T-Work-Detect_0] Push to split queue:recog
I1014 10:40:48.733831  4110 work_thread.hpp:92]  [T-Work-Detect_0] Push to split queue:recog
I1014 10:40:48.733850  4112 work_thread.hpp:81]  [T-Work-Recog_1] Run work: WorkCapture
I1014 10:40:48.733871  4111 work_thread.hpp:81]  [T-Work-Recog_0] Run work: WorkCapture
I1014 10:40:48.734083  4113 thread_intergrate.hpp:78] [T-Intergrate-intergrate] queue: frame output frame :134
I1014 10:40:48.734112  4113 thread_intergrate.hpp:85] [T-Intergrate-intergrate] queue: compare output face:2
I1014 10:40:48.734131  4113 thread_intergrate.hpp:134] T-Intergrate-intergrate set matched face: 2
I1014 10:40:48.734536  4112 work_thread.hpp:81]  [T-Work-Recog_1] Run work: WorkRecog
I1014 10:40:48.734560  4112 work_recog.hpp:89] Face id: 2 will run recog: bbox [166 x 214 from (208, 135)] quality: 0.455914
I1014 10:40:48.734591  4112 work_recog.hpp:96] Recog pair: [240 x 272 from (168, 88)], [166 x 214 from (40, 47)]
I1014 10:40:48.734683  4111 work_thread.hpp:81]  [T-Work-Recog_0] Run work: WorkRecog
W1014 10:40:48.734706  4111 work_recog.hpp:118] Face id: 3 has low quality : 0.0150286, no need to recog
I1014 10:40:48.735345  4113 thread_intergrate.hpp:154] T-Intergrate-intergrate Show face :2, size :640 * 360
I1014 10:40:48.735450  4111 work_thread.hpp:81]  [T-Work-Recog_0] Run work: WorkCompare
I1014 10:40:48.736088  4109 demo_inner.hpp:435] thread [SORT-0]  frame id 134 sorting queue size 1   FPS: 29.9902
I1014 10:40:48.751986  4112 work_thread.hpp:81]  [T-Work-Recog_1] Run work: WorkCompare
I1014 10:40:48.752081  4112 work_compare.cpp:76] Compare face: 2 successed, similarity :0.917093, name : images/thanglmb.jpg, normal size : 640 * 360!
I1014 10:40:48.762055  4107 demo_inner.hpp:177] decode queue size 0
I1014 10:40:48.762177  4110 work_thread.hpp:81]  [T-Work-Detect_0] Run work: WorkDetect
I1014 10:40:48.762217  4110 work_detect.cpp:102] Succeeded to add det start for frame 135
I1014 10:40:48.769134  4110 work_detect.cpp:70] Frame :135 detect result :2 face(s)
I1014 10:40:48.769181  4110 work_detect.cpp:86] Detected bbox: [163 x 214 from (212, 134)]
I1014 10:40:48.769213  4110 work_detect.cpp:86] Detected bbox: [25 x 48 from (448, 186)]
I1014 10:40:48.769244  4110 work_detect.cpp:120] Succeeded to add det end for frame 135
I1014 10:40:48.769260  4110 work_thread.hpp:81]  [T-Work-Detect_0] Run work: WrokTrack
I1014 10:40:48.769285  4110 work_track.cpp:82] Frame: 135 build input_characts: [0.254687 x 0.594444 from (0.33125, 0.372222)], 0.997488, 0
I1014 10:40:48.769338  4110 work_track.cpp:82] Frame: 135 build input_characts: [0.0390625 x 0.133333 from (0.7, 0.516667)], 0.951921, 1
I1014 10:40:48.769374  4110 work_track.cpp:102] Succeeded to set track lock for frame 135
I1014 10:40:48.769418  4110 work_track.cpp:116] Succeeded to release track lock for frame 135
I1014 10:40:48.769433  4110 work_track.cpp:120] Track results of frame 135: 2 objects input, 2 objects tracked!
I1014 10:40:48.769450  4110 work_track.cpp:148] Frame: 135, track bbox: [163 x 214 from (210.962, 134.021)], gid: 2, lid: 0
I1014 10:40:48.769484  4110 work_track.cpp:148] Frame: 135, track bbox: [25 x 48 from (448.199, 186.504)], gid: 3, lid: 1
I1014 10:40:48.769515  4110 work_thread.hpp:88]  [T-Work-Detect_0] Frame :135 split
I1014 10:40:48.769533  4110 work_thread.hpp:120]  [T-Work-Detect_0] Valid piece: gid = 2
I1014 10:40:48.769551  4110 work_thread.hpp:120]  [T-Work-Detect_0] Valid piece: gid = 3
I1014 10:40:48.769567  4110 work_thread.hpp:92]  [T-Work-Detect_0] Push to split queue:recog
I1014 10:40:48.769593  4110 work_thread.hpp:92]  [T-Work-Detect_0] Push to split queue:recog
I1014 10:40:48.769608  4112 work_thread.hpp:81]  [T-Work-Recog_1] Run work: WorkCapture
I1014 10:40:48.769632  4111 work_thread.hpp:81]  [T-Work-Recog_0] Run work: WorkCapture
I1014 10:40:48.769838  4113 thread_intergrate.hpp:78] [T-Intergrate-intergrate] queue: frame output frame :135
I1014 10:40:48.769865  4113 thread_intergrate.hpp:85] [T-Intergrate-intergrate] queue: compare output face:2
I1014 10:40:48.769882  4113 thread_intergrate.hpp:134] T-Intergrate-intergrate set matched face: 2
I1014 10:40:48.770154  4111 work_thread.hpp:81]  [T-Work-Recog_0] Run work: WorkRecog
W1014 10:40:48.770176  4111 work_recog.hpp:118] Face id: 3 has low quality : 0.0105253, no need to recog
I1014 10:40:48.770196  4112 work_thread.hpp:81]  [T-Work-Recog_1] Run work: WorkRecog
I1014 10:40:48.770311  4111 work_thread.hpp:81]  [T-Work-Recog_0] Run work: WorkCompare
I1014 10:40:48.770318  4112 work_recog.hpp:89] Face id: 2 will run recog: bbox [163 x 214 from (212, 134)] quality: 0.444967
I1014 10:40:48.770347  4112 work_recog.hpp:96] Recog pair: [232 x 272 from (176, 88)], [163 x 214 from (36, 46)]
I1014 10:40:48.771097  4113 thread_intergrate.hpp:154] T-Intergrate-intergrate Show face :2, size :640 * 360
I1014 10:40:48.771651  4109 demo_inner.hpp:435] thread [SORT-0]  frame id 135 sorting queue size 2   FPS: 29.9166
I1014 10:40:48.787832  4112 work_thread.hpp:81]  [T-Work-Recog_1] Run work: WorkCompare
I1014 10:40:48.787935  4112 work_compare.cpp:76] Compare face: 2 successed, similarity :0.955938, name : images/thanglmb.jpg, normal size : 640 * 360!
I1014 10:40:48.797966  4107 demo_inner.hpp:177] decode queue size 0
I1014 10:40:48.798130  4110 work_thread.hpp:81]  [T-Work-Detect_0] Run work: WorkDetect
I1014 10:40:48.798257  4110 work_detect.cpp:102] Succeeded to add det start for frame 136
I1014 10:40:48.805127  4110 work_detect.cpp:70] Frame :136 detect result :2 face(s)
I1014 10:40:48.805172  4110 work_detect.cpp:86] Detected bbox: [165 x 214 from (209, 132)]
I1014 10:40:48.805204  4110 work_detect.cpp:86] Detected bbox: [25 x 49 from (448, 186)]
I1014 10:40:48.805235  4110 work_detect.cpp:120] Succeeded to add det end for frame 136
I1014 10:40:48.805251  4110 work_thread.hpp:81]  [T-Work-Detect_0] Run work: WrokTrack
I1014 10:40:48.805276  4110 work_track.cpp:82] Frame: 136 build input_characts: [0.257812 x 0.594444 from (0.326562, 0.366667)], 1.00035, 0
I1014 10:40:48.805327  4110 work_track.cpp:82] Frame: 136 build input_characts: [0.0390625 x 0.136111 from (0.7, 0.516667)], 0.95411, 1
I1014 10:40:48.805364  4110 work_track.cpp:102] Succeeded to set track lock for frame 136
I1014 10:40:48.805408  4110 work_track.cpp:116] Succeeded to release track lock for frame 136
I1014 10:40:48.805423  4110 work_track.cpp:120] Track results of frame 136: 2 objects input, 2 objects tracked!
I1014 10:40:48.805444  4110 work_track.cpp:148] Frame: 136, track bbox: [165 x 214 from (209.951, 133.273)], gid: 2, lid: 0
I1014 10:40:48.805477  4110 work_track.cpp:148] Frame: 136, track bbox: [25 x 49 from (447.825, 185.685)], gid: 3, lid: 1
I1014 10:40:48.805510  4110 work_thread.hpp:88]  [T-Work-Detect_0] Frame :136 split
I1014 10:40:48.805528  4110 work_thread.hpp:120]  [T-Work-Detect_0] Valid piece: gid = 2
I1014 10:40:48.805546  4110 work_thread.hpp:120]  [T-Work-Detect_0] Valid piece: gid = 3
I1014 10:40:48.805563  4110 work_thread.hpp:92]  [T-Work-Detect_0] Push to split queue:recog
I1014 10:40:48.805590  4110 work_thread.hpp:92]  [T-Work-Detect_0] Push to split queue:recog
I1014 10:40:48.805608  4112 work_thread.hpp:81]  [T-Work-Recog_1] Run work: WorkCapture
I1014 10:40:48.805627  4113 thread_intergrate.hpp:78] [T-Intergrate-intergrate] queue: frame output frame :136
I1014 10:40:48.805652  4111 work_thread.hpp:81]  [T-Work-Recog_0] Run work: WorkCapture
