I1014 12:06:14.049703  5660 thread_intergrate.hpp:78] [T-Intergrate-intergrate] queue: frame output frame :112
I1014 12:06:14.049749  5660 thread_intergrate.hpp:85] [T-Intergrate-intergrate] queue: compare output face:0
I1014 12:06:14.049769  5660 thread_intergrate.hpp:137] T-Intergrate-intergrate set matched face: 0
I1014 12:06:14.050356  5659 work_thread.hpp:81]  [T-Work-Recog_1] Run work: WorkRecog
I1014 12:06:14.050384  5659 work_recog.hpp:89] Face id: 0 will run recog: bbox [148 x 193 from (289, 95)] quality: 0.475987
I1014 12:06:14.050415  5659 work_recog.hpp:96] Recog pair: [216 x 272 from (256, 56)], [148 x 193 from (33, 39)]
I1014 12:06:14.050971  5660 thread_intergrate.hpp:157] T-Intergrate-intergrate Show face :0, size :640 * 360
I1014 12:06:14.051735  5656 demo_inner.hpp:435] thread [SORT-0]  frame id 112 sorting queue size 0   FPS: 29.902
I1014 12:06:14.068053  5659 work_thread.hpp:81]  [T-Work-Recog_1] Run work: WorkCompare
I1014 12:06:14.068184  5659 work_compare.cpp:76] Compare face: 0 successed, similarity :0.967198, name : images/thanglmb.jpg, normal size : 640 * 360!
I1014 12:06:14.071570  5654 demo_inner.hpp:177] decode queue size 0
I1014 12:06:14.071667  5657 work_thread.hpp:81]  [T-Work-Detect_0] Run work: WorkDetect
I1014 12:06:14.071700  5657 work_detect.cpp:102] Succeeded to add det start for frame 113
I1014 12:06:14.072773  5655 demo_inner.hpp:260]  gui queue size 0, state = running
I1014 12:06:14.078379  5657 work_detect.cpp:70] Frame :113 detect result :1 face(s)
I1014 12:06:14.078435  5657 work_detect.cpp:86] Detected bbox: [145 x 190 from (291, 96)]
I1014 12:06:14.078480  5657 work_detect.cpp:120] Succeeded to add det end for frame 113
I1014 12:06:14.078496  5657 work_thread.hpp:81]  [T-Work-Detect_0] Run work: WrokTrack
I1014 12:06:14.078521  5657 work_track.cpp:82] Frame: 113 build input_characts: [0.226562 x 0.527778 from (0.454688, 0.266667)], 1.00019, 0
I1014 12:06:14.078578  5657 work_track.cpp:102] Succeeded to set track lock for frame 113
I1014 12:06:14.078619  5657 work_track.cpp:116] Succeeded to release track lock for frame 113
I1014 12:06:14.078634  5657 work_track.cpp:120] Track results of frame 113: 1 objects input, 1 objects tracked!
I1014 12:06:14.078652  5657 work_track.cpp:148] Frame: 113, track bbox: [145 x 190 from (290.348, 97.0753)], gid: 0, lid: 0
I1014 12:06:14.078687  5657 work_thread.hpp:88]  [T-Work-Detect_0] Frame :113 split
I1014 12:06:14.078706  5657 work_thread.hpp:120]  [T-Work-Detect_0] Valid piece: gid = 0
I1014 12:06:14.078723  5657 work_thread.hpp:92]  [T-Work-Detect_0] Push to split queue:recog
I1014 12:06:14.078768  5658 work_thread.hpp:81]  [T-Work-Recog_0] Run work: WorkCapture
I1014 12:06:14.078780  5660 thread_intergrate.hpp:78] [T-Intergrate-intergrate] queue: frame output frame :113
I1014 12:06:14.078810  5660 thread_intergrate.hpp:85] [T-Intergrate-intergrate] queue: compare output face:0
I1014 12:06:14.078830  5660 thread_intergrate.hpp:137] T-Intergrate-intergrate set matched face: 0
I1014 12:06:14.079349  5658 work_thread.hpp:81]  [T-Work-Recog_0] Run work: WorkRecog
I1014 12:06:14.079375  5658 work_recog.hpp:89] Face id: 0 will run recog: bbox [145 x 190 from (291, 96)] quality: 0.47445
I1014 12:06:14.079403  5658 work_recog.hpp:96] Recog pair: [216 x 272 from (256, 56)], [145 x 190 from (35, 40)]
I1014 12:06:14.079999  5660 thread_intergrate.hpp:157] T-Intergrate-intergrate Show face :0, size :640 * 360
I1014 12:06:14.080588  5656 demo_inner.hpp:435] thread [SORT-0]  frame id 113 sorting queue size 0   FPS: 30.0049
I1014 12:06:14.096740  5658 work_thread.hpp:81]  [T-Work-Recog_0] Run work: WorkCompare
I1014 12:06:14.096843  5658 work_compare.cpp:76] Compare face: 0 successed, similarity :0.960434, name : images/thanglmb.jpg, normal size : 640 * 360!
I1014 12:06:14.107385  5654 demo_inner.hpp:177] decode queue size 0
I1014 12:06:14.107491  5657 work_thread.hpp:81]  [T-Work-Detect_0] Run work: WorkDetect
I1014 12:06:14.107527  5657 work_detect.cpp:102] Succeeded to add det start for frame 114
I1014 12:06:14.114192  5657 work_detect.cpp:70] Frame :114 detect result :2 face(s)
I1014 12:06:14.114233  5657 work_detect.cpp:86] Detected bbox: [147 x 192 from (290, 95)]
I1014 12:06:14.114266  5657 work_detect.cpp:86] Detected bbox: [55 x 52 from (112, 192)]
I1014 12:06:14.114297  5657 work_detect.cpp:120] Succeeded to add det end for frame 114
I1014 12:06:14.114313  5657 work_thread.hpp:81]  [T-Work-Detect_0] Run work: WrokTrack
I1014 12:06:14.114337  5657 work_track.cpp:82] Frame: 114 build input_characts: [0.229687 x 0.533333 from (0.453125, 0.263889)], 1.00019, 0
I1014 12:06:14.114392  5657 work_track.cpp:82] Frame: 114 build input_characts: [0.0859375 x 0.144444 from (0.175, 0.533333)], 0.915779, 1
I1014 12:06:14.114428  5657 work_track.cpp:102] Succeeded to set track lock for frame 114
I1014 12:06:14.114473  5657 work_track.cpp:116] Succeeded to release track lock for frame 114
I1014 12:06:14.114488  5657 work_track.cpp:120] Track results of frame 114: 2 objects input, 1 objects tracked!
I1014 12:06:14.114506  5657 work_track.cpp:148] Frame: 114, track bbox: [147 x 192 from (289.7, 96.0867)], gid: 0, lid: 0
I1014 12:06:14.114542  5657 work_track.cpp:162] Frame: 114 lid: 1 not tracked, will set invalid
I1014 12:06:14.114557  5657 work_thread.hpp:88]  [T-Work-Detect_0] Frame :114 split
I1014 12:06:14.114574  5657 work_thread.hpp:120]  [T-Work-Detect_0] Valid piece: gid = 0
I1014 12:06:14.114591  5657 work_thread.hpp:124]  [T-Work-Detect_0] Invalid piece: lid = 1, drop it
I1014 12:06:14.114606  5657 work_thread.hpp:92]  [T-Work-Detect_0] Push to split queue:recog
I1014 12:06:14.114917  5658 work_thread.hpp:81]  [T-Work-Recog_0] Run work: WorkCapture
I1014 12:06:14.115470  5658 work_thread.hpp:81]  [T-Work-Recog_0] Run work: WorkRecog
I1014 12:06:14.115494  5658 work_recog.hpp:89] Face id: 0 will run recog: bbox [147 x 192 from (290, 95)] quality: 0.47737
I1014 12:06:14.115521  5658 work_recog.hpp:96] Recog pair: [216 x 272 from (256, 56)], [147 x 192 from (34, 39)]
I1014 12:06:14.116288  5660 thread_intergrate.hpp:78] [T-Intergrate-intergrate] queue: frame output frame :114
I1014 12:06:14.116317  5660 thread_intergrate.hpp:85] [T-Intergrate-intergrate] queue: compare output face:0
I1014 12:06:14.116334  5660 thread_intergrate.hpp:137] T-Intergrate-intergrate set matched face: 0
I1014 12:06:14.117561  5660 thread_intergrate.hpp:157] T-Intergrate-intergrate Show face :0, size :640 * 360
I1014 12:06:14.118240  5656 demo_inner.hpp:435] thread [SORT-0]  frame id 114 sorting queue size 1   FPS: 29.8873
I1014 12:06:14.132936  5658 work_thread.hpp:81]  [T-Work-Recog_0] Run work: WorkCompare
I1014 12:06:14.133020  5658 work_compare.cpp:76] Compare face: 0 successed, similarity :0.973518, name : images/thanglmb.jpg, normal size : 640 * 360!
I1014 12:06:14.143365  5654 demo_inner.hpp:177] decode queue size 0
I1014 12:06:14.143465  5657 work_thread.hpp:81]  [T-Work-Detect_0] Run work: WorkDetect
I1014 12:06:14.143501  5657 work_detect.cpp:102] Succeeded to add det start for frame 115
I1014 12:06:14.150137  5657 work_detect.cpp:70] Frame :115 detect result :1 face(s)
I1014 12:06:14.150178  5657 work_detect.cpp:86] Detected bbox: [130 x 171 from (297, 116)]
I1014 12:06:14.150220  5657 work_detect.cpp:120] Succeeded to add det end for frame 115
I1014 12:06:14.150236  5657 work_thread.hpp:81]  [T-Work-Detect_0] Run work: WrokTrack
I1014 12:06:14.150261  5657 work_track.cpp:82] Frame: 115 build input_characts: [0.203125 x 0.475 from (0.464063, 0.322222)], 0.999622, 0
I1014 12:06:14.150315  5657 work_track.cpp:102] Succeeded to set track lock for frame 115
I1014 12:06:14.150430  5657 work_track.cpp:116] Succeeded to release track lock for frame 115
I1014 12:06:14.150446  5657 work_track.cpp:120] Track results of frame 115: 1 objects input, 1 objects tracked!
I1014 12:06:14.150465  5657 work_track.cpp:148] Frame: 115, track bbox: [130 x 171 from (297.79, 110.574)], gid: 0, lid: 0
I1014 12:06:14.150501  5657 work_thread.hpp:88]  [T-Work-Detect_0] Frame :115 split
I1014 12:06:14.150521  5657 work_thread.hpp:120]  [T-Work-Detect_0] Valid piece: gid = 0
I1014 12:06:14.150538  5657 work_thread.hpp:92]  [T-Work-Detect_0] Push to split queue:recog
I1014 12:06:14.150573  5658 work_thread.hpp:81]  [T-Work-Recog_0] Run work: WorkCapture
I1014 12:06:14.150591  5660 thread_intergrate.hpp:78] [T-Intergrate-intergrate] queue: frame output frame :115
I1014 12:06:14.150616  5660 thread_intergrate.hpp:85] [T-Intergrate-intergrate] queue: compare output face:0
I1014 12:06:14.150635  5660 thread_intergrate.hpp:137] T-Intergrate-intergrate set matched face: 0
I1014 12:06:14.151144  5658 work_thread.hpp:81]  [T-Work-Recog_0] Run work: WorkRecog
I1014 12:06:14.151168  5658 work_recog.hpp:89] Face id: 0 will run recog: bbox [130 x 171 from (297, 116)] quality: 0.468736
I1014 12:06:14.151196  5658 work_recog.hpp:96] Recog pair: [192 x 248 from (264, 80)], [130 x 171 from (33, 36)]
I1014 12:06:14.151805  5660 thread_intergrate.hpp:157] T-Intergrate-intergrate Show face :0, size :640 * 360
I1014 12:06:14.152632  5656 demo_inner.hpp:435] thread [SORT-0]  frame id 115 sorting queue size 2   FPS: 29.902
I1014 12:06:14.156204  5655 demo_inner.hpp:260]  gui queue size 2, state = running
I1014 12:06:14.168787  5658 work_thread.hpp:81]  [T-Work-Recog_0] Run work: WorkCompare
I1014 12:06:14.168897  5658 work_compare.cpp:76] Compare face: 0 successed, similarity :0.971486, name : images/thanglmb.jpg, normal size : 640 * 360!
I1014 12:06:14.173521  5654 demo_inner.hpp:177] decode queue size 0
I1014 12:06:14.173620  5657 work_thread.hpp:81]  [T-Work-Detect_0] Run work: WorkDetect
I1014 12:06:14.173657  5657 work_detect.cpp:102] Succeeded to add det start for frame 116
I1014 12:06:14.180266  5657 work_detect.cpp:70] Frame :116 detect result :1 face(s)
I1014 12:06:14.180305  5657 work_detect.cpp:86] Detected bbox: [133 x 177 from (296, 114)]
I1014 12:06:14.180347  5657 work_detect.cpp:120] Succeeded to add det end for frame 116
I1014 12:06:14.180363  5657 work_thread.hpp:81]  [T-Work-Detect_0] Run work: WrokTrack
I1014 12:06:14.180387  5657 work_track.cpp:82] Frame: 116 build input_characts: [0.207813 x 0.491667 from (0.4625, 0.316667)], 1.00019, 0
I1014 12:06:14.180444  5657 work_track.cpp:102] Succeeded to set track lock for frame 116
I1014 12:06:14.180488  5657 work_track.cpp:116] Succeeded to release track lock for frame 116
I1014 12:06:14.180503  5657 work_track.cpp:120] Track results of frame 116: 1 objects input, 1 objects tracked!
I1014 12:06:14.180521  5657 work_track.cpp:148] Frame: 116, track bbox: [133 x 177 from (296.331, 110.592)], gid: 0, lid: 0
I1014 12:06:14.180557  5657 work_thread.hpp:88]  [T-Work-Detect_0] Frame :116 split
I1014 12:06:14.180574  5657 work_thread.hpp:120]  [T-Work-Detect_0] Valid piece: gid = 0
I1014 12:06:14.180593  5657 work_thread.hpp:92]  [T-Work-Detect_0] Push to split queue:recog
I1014 12:06:14.180634  5658 work_thread.hpp:81]  [T-Work-Recog_0] Run work: WorkCapture
I1014 12:06:14.180650  5660 thread_intergrate.hpp:78] [T-Intergrate-intergrate] queue: frame output frame :116
I1014 12:06:14.180675  5660 thread_intergrate.hpp:85] [T-Intergrate-intergrate] queue: compare output face:0
I1014 12:06:14.180693  5660 thread_intergrate.hpp:137] T-Intergrate-intergrate set matched face: 0
I1014 12:06:14.181196  5658 work_thread.hpp:81]  [T-Work-Recog_0] Run work: WorkRecog
I1014 12:06:14.181222  5658 work_recog.hpp:89] Face id: 0 will run recog: bbox [133 x 177 from (296, 114)] quality: 0.451511
I1014 12:06:14.181252  5658 work_recog.hpp:96] Recog pair: [192 x 256 from (264, 72)], [133 x 177 from (32, 42)]
I1014 12:06:14.181864  5660 thread_intergrate.hpp:157] T-Intergrate-intergrate Show face :0, size :640 * 360
I1014 12:06:14.182592  5656 demo_inner.hpp:435] thread [SORT-0]  frame id 116 sorting queue size 0   FPS: 29.9902
I1014 12:06:14.198560  5658 work_thread.hpp:81]  [T-Work-Recog_0] Run work: WorkCompare
I1014 12:06:14.198668  5658 work_compare.cpp:76] Compare face: 0 successed, similarity :0.957433, name : images/thanglmb.jpg, normal size : 640 * 360!
I1014 12:06:14.209338  5654 demo_inner.hpp:177] decode queue size 0
I1014 12:06:14.209436  5657 work_thread.hpp:81]  [T-Work-Detect_0] Run work: WorkDetect
I1014 12:06:14.209473  5657 work_detect.cpp:102] Succeeded to add det start for frame 117
I1014 12:06:14.216087  5657 work_detect.cpp:70] Frame :117 detect result :1 face(s)
I1014 12:06:14.216131  5657 work_detect.cpp:86] Detected bbox: [130 x 177 from (296, 114)]
I1014 12:06:14.216187  5657 work_detect.cpp:120] Succeeded to add det end for frame 117
I1014 12:06:14.216205  5657 work_thread.hpp:81]  [T-Work-Detect_0] Run work: WrokTrack
I1014 12:06:14.216230  5657 work_track.cpp:82] Frame: 117 build input_characts: [0.203125 x 0.491667 from (0.4625, 0.316667)], 1.00019, 0
I1014 12:06:14.216285  5657 work_track.cpp:102] Succeeded to set track lock for frame 117
I1014 12:06:14.216325  5657 work_track.cpp:116] Succeeded to release track lock for frame 117
I1014 12:06:14.216341  5657 work_track.cpp:120] Track results of frame 117: 1 objects input, 1 objects tracked!
I1014 12:06:14.216358  5657 work_track.cpp:148] Frame: 117, track bbox: [130 x 177 from (296.57, 115.286)], gid: 0, lid: 0
I1014 12:06:14.216395  5657 work_thread.hpp:88]  [T-Work-Detect_0] Frame :117 split
I1014 12:06:14.216413  5657 work_thread.hpp:120]  [T-Work-Detect_0] Valid piece: gid = 0
I1014 12:06:14.216431  5657 work_thread.hpp:92]  [T-Work-Detect_0] Push to split queue:recog
I1014 12:06:14.216486  5658 work_thread.hpp:81]  [T-Work-Recog_0] Run work: WorkCapture
I1014 12:06:14.216783  5660 thread_intergrate.hpp:78] [T-Intergrate-intergrate] queue: frame output frame :117
I1014 12:06:14.216811  5660 thread_intergrate.hpp:85] [T-Intergrate-intergrate] queue: compare output face:0
I1014 12:06:14.216831  5660 thread_intergrate.hpp:137] T-Intergrate-intergrate set matched face: 0
I1014 12:06:14.217036  5658 work_thread.hpp:81]  [T-Work-Recog_0] Run work: WorkRecog
I1014 12:06:14.217059  5658 work_recog.hpp:89] Face id: 0 will run recog: bbox [130 x 177 from (296, 114)] quality: 0.465943
I1014 12:06:14.217087  5658 work_recog.hpp:96] Recog pair: [192 x 256 from (264, 72)], [130 x 177 from (32, 42)]
I1014 12:06:14.218004  5660 thread_intergrate.hpp:157] T-Intergrate-intergrate Show face :0, size :640 * 360
I1014 12:06:14.218744  5656 demo_inner.hpp:435] thread [SORT-0]  frame id 117 sorting queue size 1   FPS: 29.9166
I1014 12:06:14.234896  5658 work_thread.hpp:81]  [T-Work-Recog_0] Run work: WorkCompare
I1014 12:06:14.235007  5658 work_compare.cpp:76] Compare face: 0 successed, similarity :0.976833, name : images/thanglmb.jpg, normal size : 640 * 360!
I1014 12:06:14.239540  5654 demo_inner.hpp:177] decode queue size 0
I1014 12:06:14.239647  5657 work_thread.hpp:81]  [T-Work-Detect_0] Run work: WorkDetect
I1014 12:06:14.239684  5657 work_detect.cpp:102] Succeeded to add det start for frame 118
I1014 12:06:14.246366  5657 work_detect.cpp:70] Frame :118 detect result :1 face(s)
I1014 12:06:14.246412  5657 work_detect.cpp:86] Detected bbox: [133 x 180 from (296, 112)]
I1014 12:06:14.246455  5657 work_detect.cpp:120] Succeeded to add det end for frame 118
I1014 12:06:14.246471  5657 work_thread.hpp:81]  [T-Work-Detect_0] Run work: WrokTrack
I1014 12:06:14.246495  5657 work_track.cpp:82] Frame: 118 build input_characts: [0.207813 x 0.5 from (0.4625, 0.311111)], 1.00019, 0
I1014 12:06:14.246551  5657 work_track.cpp:102] Succeeded to set track lock for frame 118
I1014 12:06:14.246590  5657 work_track.cpp:116] Succeeded to release track lock for frame 118
I1014 12:06:14.246606  5657 work_track.cpp:120] Track results of frame 118: 1 objects input, 1 objects tracked!
I1014 12:06:14.246624  5657 work_track.cpp:148] Frame: 118, track bbox: [133 x 180 from (295.165, 114.857)], gid: 0, lid: 0
I1014 12:06:14.246733  5657 work_thread.hpp:88]  [T-Work-Detect_0] Frame :118 split
I1014 12:06:14.246752  5657 work_thread.hpp:120]  [T-Work-Detect_0] Valid piece: gid = 0
I1014 12:06:14.246771  5657 work_thread.hpp:92]  [T-Work-Detect_0] Push to split queue:recog
I1014 12:06:14.246816  5659 work_thread.hpp:81]  [T-Work-Recog_1] Run work: WorkCapture
I1014 12:06:14.246817  5660 thread_intergrate.hpp:78] [T-Intergrate-intergrate] queue: frame output frame :118
I1014 12:06:14.246857  5660 thread_intergrate.hpp:85] [T-Intergrate-intergrate] queue: compare output face:0
I1014 12:06:14.246877  5660 thread_intergrate.hpp:137] T-Intergrate-intergrate set matched face: 0
I1014 12:06:14.247423  5659 work_thread.hpp:81]  [T-Work-Recog_1] Run work: WorkRecog
I1014 12:06:14.247447  5659 work_recog.hpp:89] Face id: 0 will run recog: bbox [133 x 180 from (296, 112)] quality: 0.467576
I1014 12:06:14.247478  5659 work_recog.hpp:96] Recog pair: [192 x 256 from (264, 72)], [133 x 180 from (32, 40)]
I1014 12:06:14.248049  5660 thread_intergrate.hpp:157] T-Intergrate-intergrate Show face :0, size :640 * 360
I1014 12:06:14.248685  5656 demo_inner.hpp:435] thread [SORT-0]  frame id 118 sorting queue size 2   FPS: 29.9902
I1014 12:06:14.256641  5655 demo_inner.hpp:260]  gui queue size 2, state = running
I1014 12:06:14.265063  5659 work_thread.hpp:81]  [T-Work-Recog_1] Run work: WorkCompare
I1014 12:06:14.265169  5659 work_compare.cpp:76] Compare face: 0 successed, similarity :0.96136, name : images/thanglmb.jpg, normal size : 640 * 360!
I1014 12:06:14.275375  5654 demo_inner.hpp:177] decode queue size 0
I1014 12:06:14.275465  5657 work_thread.hpp:81]  [T-Work-Detect_0] Run work: WorkDetect
I1014 12:06:14.275498  5657 work_detect.cpp:102] Succeeded to add det start for frame 119
I1014 12:06:14.282177  5657 work_detect.cpp:70] Frame :119 detect result :1 face(s)
I1014 12:06:14.282219  5657 work_detect.cpp:86] Detected bbox: [132 x 178 from (297, 112)]
I1014 12:06:14.282263  5657 work_detect.cpp:120] Succeeded to add det end for frame 119
I1014 12:06:14.282279  5657 work_thread.hpp:81]  [T-Work-Detect_0] Run work: WrokTrack
I1014 12:06:14.282303  5657 work_track.cpp:82] Frame: 119 build input_characts: [0.20625 x 0.494444 from (0.464063, 0.311111)], 0.999622, 0
I1014 12:06:14.282359  5657 work_track.cpp:102] Succeeded to set track lock for frame 119
I1014 12:06:14.282399  5657 work_track.cpp:116] Succeeded to release track lock for frame 119
I1014 12:06:14.282414  5657 work_track.cpp:120] Track results of frame 119: 1 objects input, 1 objects tracked!
I1014 12:06:14.282433  5657 work_track.cpp:148] Frame: 119, track bbox: [132 x 178 from (296.268, 114.753)], gid: 0, lid: 0
I1014 12:06:14.282470  5657 work_thread.hpp:88]  [T-Work-Detect_0] Frame :119 split
I1014 12:06:14.282488  5657 work_thread.hpp:120]  [T-Work-Detect_0] Valid piece: gid = 0
I1014 12:06:14.282506  5657 work_thread.hpp:92]  [T-Work-Detect_0] Push to split queue:recog
I1014 12:06:14.282552  5659 work_thread.hpp:81]  [T-Work-Recog_1] Run work: WorkCapture
I1014 12:06:14.282557  5660 thread_intergrate.hpp:78] [T-Intergrate-intergrate] queue: frame output frame :119
I1014 12:06:14.282588  5660 thread_intergrate.hpp:85] [T-Intergrate-intergrate] queue: compare output face:0
I1014 12:06:14.282606  5660 thread_intergrate.hpp:137] T-Intergrate-intergrate set matched face: 0
I1014 12:06:14.283111  5659 work_thread.hpp:81]  [T-Work-Recog_1] Run work: WorkRecog
I1014 12:06:14.283136  5659 work_recog.hpp:89] Face id: 0 will run recog: bbox [132 x 178 from (297, 112)] quality: 0.465942
I1014 12:06:14.283165  5659 work_recog.hpp:96] Recog pair: [192 x 256 from (264, 72)], [132 x 178 from (33, 40)]
I1014 12:06:14.283777  5660 thread_intergrate.hpp:157] T-Intergrate-intergrate Show face :0, size :640 * 360
I1014 12:06:14.284637  5656 demo_inner.hpp:435] thread [SORT-0]  frame id 119 sorting queue size 0   FPS: 29.946
I1014 12:06:14.300628  5659 work_thread.hpp:81]  [T-Work-Recog_1] Run work: WorkCompare
I1014 12:06:14.300738  5659 work_compare.cpp:76] Compare face: 0 successed, similarity :0.963822, name : images/thanglmb.jpg, normal size : 640 * 360!
I1014 12:06:14.306082  5654 demo_inner.hpp:177] decode queue size 0
I1014 12:06:14.306180  5657 work_thread.hpp:81]  [T-Work-Detect_0] Run work: WorkDetect
I1014 12:06:14.306212  5657 work_detect.cpp:102] Succeeded to add det start for frame 120
I1014 12:06:14.312856  5657 work_detect.cpp:70] Frame :120 detect result :2 face(s)
I1014 12:06:14.312903  5657 work_detect.cpp:86] Detected bbox: [133 x 179 from (297, 112)]
I1014 12:06:14.312937  5657 work_detect.cpp:86] Detected bbox: [53 x 51 from (113, 191)]
I1014 12:06:14.312966  5657 work_detect.cpp:120] Succeeded to add det end for frame 120
I1014 12:06:14.312983  5657 work_thread.hpp:81]  [T-Work-Detect_0] Run work: WrokTrack
I1014 12:06:14.313007  5657 work_track.cpp:82] Frame: 120 build input_characts: [0.207813 x 0.497222 from (0.464063, 0.311111)], 1.00019, 0
I1014 12:06:14.313060  5657 work_track.cpp:82] Frame: 120 build input_characts: [0.0828125 x 0.141667 from (0.176563, 0.530556)], 0.901423, 1
I1014 12:06:14.313097  5657 work_track.cpp:102] Succeeded to set track lock for frame 120
I1014 12:06:14.313143  5657 work_track.cpp:116] Succeeded to release track lock for frame 120
I1014 12:06:14.313158  5657 work_track.cpp:120] Track results of frame 120: 2 objects input, 1 objects tracked!
I1014 12:06:14.313175  5657 work_track.cpp:148] Frame: 120, track bbox: [133 x 179 from (296.678, 111.99)], gid: 0, lid: 0
I1014 12:06:14.313210  5657 work_track.cpp:162] Frame: 120 lid: 1 not tracked, will set invalid
I1014 12:06:14.313226  5657 work_thread.hpp:88]  [T-Work-Detect_0] Frame :120 split
I1014 12:06:14.313243  5657 work_thread.hpp:120]  [T-Work-Detect_0] Valid piece: gid = 0
I1014 12:06:14.313261  5657 work_thread.hpp:124]  [T-Work-Detect_0] Invalid piece: lid = 1, drop it
I1014 12:06:14.313277  5657 work_thread.hpp:92]  [T-Work-Detect_0] Push to split queue:recog
I1014 12:06:14.313331  5658 work_thread.hpp:81]  [T-Work-Recog_0] Run work: WorkCapture
I1014 12:06:14.313640  5660 thread_intergrate.hpp:78] [T-Intergrate-intergrate] queue: frame output frame :120
I1014 12:06:14.313669  5660 thread_intergrate.hpp:85] [T-Intergrate-intergrate] queue: compare output face:0
I1014 12:06:14.313688  5660 thread_intergrate.hpp:137] T-Intergrate-intergrate set matched face: 0
I1014 12:06:14.313879  5658 work_thread.hpp:81]  [T-Work-Recog_0] Run work: WorkRecog
I1014 12:06:14.313902  5658 work_recog.hpp:89] Face id: 0 will run recog: bbox [133 x 179 from (297, 112)] quality: 0.461541
I1014 12:06:14.313930  5658 work_recog.hpp:96] Recog pair: [192 x 256 from (264, 72)], [133 x 179 from (33, 40)]
I1014 12:06:14.314873  5660 thread_intergrate.hpp:157] T-Intergrate-intergrate Show face :0, size :640 * 360
I1014 12:06:14.315519  5656 demo_inner.hpp:435] thread [SORT-0]  frame id 120 sorting queue size 1   FPS: 30.0197
I1014 12:06:14.323920  5655 demo_inner.hpp:260]  gui queue size 1, state = running
I1014 12:06:14.331423  5658 work_thread.hpp:81]  [T-Work-Recog_0] Run work: WorkCompare
I1014 12:06:14.331533  5658 work_compare.cpp:76] Compare face: 0 successed, similarity :0.959804, name : images/thanglmb.jpg, normal size : 640 * 360!
I1014 12:06:14.341354  5654 demo_inner.hpp:177] decode queue size 0
I1014 12:06:14.341455  5657 work_thread.hpp:81]  [T-Work-Detect_0] Run work: WorkDetect
I1014 12:06:14.341491  5657 work_detect.cpp:102] Succeeded to add det start for frame 121
I1014 12:06:14.348114  5657 work_detect.cpp:70] Frame :121 detect result :2 face(s)
I1014 12:06:14.348171  5657 work_detect.cpp:86] Detected bbox: [133 x 179 from (299, 111)]
I1014 12:06:14.348206  5657 work_detect.cpp:86] Detected bbox: [56 x 49 from (111, 192)]
I1014 12:06:14.348237  5657 work_detect.cpp:120] Succeeded to add det end for frame 121
I1014 12:06:14.348253  5657 work_thread.hpp:81]  [T-Work-Detect_0] Run work: WrokTrack
I1014 12:06:14.348278  5657 work_track.cpp:82] Frame: 121 build input_characts: [0.207813 x 0.497222 from (0.467187, 0.308333)], 0.997596, 0
I1014 12:06:14.348330  5657 work_track.cpp:82] Frame: 121 build input_characts: [0.0875 x 0.136111 from (0.173438, 0.533333)], 0.908423, 1
I1014 12:06:14.348436  5657 work_track.cpp:102] Succeeded to set track lock for frame 121
I1014 12:06:14.348484  5657 work_track.cpp:116] Succeeded to release track lock for frame 121
I1014 12:06:14.348500  5657 work_track.cpp:120] Track results of frame 121: 2 objects input, 1 objects tracked!
I1014 12:06:14.348517  5657 work_track.cpp:148] Frame: 121, track bbox: [133 x 179 from (298.149, 111.189)], gid: 0, lid: 0
I1014 12:06:14.348552  5657 work_track.cpp:162] Frame: 121 lid: 1 not tracked, will set invalid
I1014 12:06:14.348568  5657 work_thread.hpp:88]  [T-Work-Detect_0] Frame :121 split
I1014 12:06:14.348585  5657 work_thread.hpp:120]  [T-Work-Detect_0] Valid piece: gid = 0
I1014 12:06:14.348603  5657 work_thread.hpp:124]  [T-Work-Detect_0] Invalid piece: lid = 1, drop it
I1014 12:06:14.348618  5657 work_thread.hpp:92]  [T-Work-Detect_0] Push to split queue:recog
I1014 12:06:14.348664  5659 work_thread.hpp:81]  [T-Work-Recog_1] Run work: WorkCapture
I1014 12:06:14.348671  5660 thread_intergrate.hpp:78] [T-Intergrate-intergrate] queue: frame output frame :121
I1014 12:06:14.348696  5660 thread_intergrate.hpp:85] [T-Intergrate-intergrate] queue: compare output face:0
I1014 12:06:14.348716  5660 thread_intergrate.hpp:137] T-Intergrate-intergrate set matched face: 0
I1014 12:06:14.349236  5659 work_thread.hpp:81]  [T-Work-Recog_1] Run work: WorkRecog
I1014 12:06:14.349262  5659 work_recog.hpp:89] Face id: 0 will run recog: bbox [133 x 179 from (299, 111)] quality: 0.459299
I1014 12:06:14.349290  5659 work_recog.hpp:96] Recog pair: [192 x 256 from (272, 72)], [133 x 179 from (27, 39)]
I1014 12:06:14.349885  5660 thread_intergrate.hpp:157] T-Intergrate-intergrate Show face :0, size :640 * 360
I1014 12:06:14.350697  5656 demo_inner.hpp:435] thread [SORT-0]  frame id 121 sorting queue size 0   FPS: 29.946
I1014 12:06:14.366744  5659 work_thread.hpp:81]  [T-Work-Recog_1] Run work: WorkCompare
I1014 12:06:14.366852  5659 work_compare.cpp:76] Compare face: 0 successed, similarity :0.971538, name : images/thanglmb.jpg, normal size : 640 * 360!
I1014 12:06:14.378106  5654 demo_inner.hpp:177] decode queue size 0
I1014 12:06:14.378216  5657 work_thread.hpp:81]  [T-Work-Detect_0] Run work: WorkDetect
I1014 12:06:14.378250  5657 work_detect.cpp:102] Succeeded to add det start for frame 122
I1014 12:06:14.384845  5657 work_detect.cpp:70] Frame :122 detect result :1 face(s)
I1014 12:06:14.384908  5657 work_detect.cpp:86] Detected bbox: [131 x 176 from (300, 116)]
I1014 12:06:14.384958  5657 work_detect.cpp:120] Succeeded to add det end for frame 122
I1014 12:06:14.384974  5657 work_thread.hpp:81]  [T-Work-Detect_0] Run work: WrokTrack
I1014 12:06:14.385000  5657 work_track.cpp:82] Frame: 122 build input_characts: [0.204688 x 0.488889 from (0.46875, 0.322222)], 0.999622, 0
I1014 12:06:14.385061  5657 work_track.cpp:102] Succeeded to set track lock for frame 122
I1014 12:06:14.385108  5657 work_track.cpp:116] Succeeded to release track lock for frame 122
I1014 12:06:14.385123  5657 work_track.cpp:120] Track results of frame 122: 1 objects input, 1 objects tracked!
I1014 12:06:14.385143  5657 work_track.cpp:148] Frame: 122, track bbox: [131 x 176 from (300.281, 114.177)], gid: 0, lid: 0
I1014 12:06:14.385179  5657 work_thread.hpp:88]  [T-Work-Detect_0] Frame :122 split
I1014 12:06:14.385197  5657 work_thread.hpp:120]  [T-Work-Detect_0] Valid piece: gid = 0
I1014 12:06:14.385216  5657 work_thread.hpp:92]  [T-Work-Detect_0] Push to split queue:recog
I1014 12:06:14.385282  5659 work_thread.hpp:81]  [T-Work-Recog_1] Run work: WorkCapture
I1014 12:06:14.385291  5660 thread_intergrate.hpp:78] [T-Intergrate-intergrate] queue: frame output frame :122
I1014 12:06:14.385316  5660 thread_intergrate.hpp:85] [T-Intergrate-intergrate] queue: compare output face:0
I1014 12:06:14.385335  5660 thread_intergrate.hpp:137] T-Intergrate-intergrate set matched face: 0
I1014 12:06:14.385855  5659 work_thread.hpp:81]  [T-Work-Recog_1] Run work: WorkRecog
I1014 12:06:14.385884  5659 work_recog.hpp:89] Face id: 0 will run recog: bbox [131 x 176 from (300, 116)] quality: 0.464692
I1014 12:06:14.385993  5659 work_recog.hpp:96] Recog pair: [192 x 248 from (272, 80)], [131 x 176 from (28, 36)]
I1014 12:06:14.386502  5660 thread_intergrate.hpp:157] T-Intergrate-intergrate Show face :0, size :640 * 360
I1014 12:06:14.387115  5656 demo_inner.hpp:435] thread [SORT-0]  frame id 122 sorting queue size 1   FPS: 29.902
I1014 12:06:14.403586  5659 work_thread.hpp:81]  [T-Work-Recog_1] Run work: WorkCompare
I1014 12:06:14.403698  5659 work_compare.cpp:76] Compare face: 0 successed, similarity :0.978124, name : images/thanglmb.jpg, normal size : 640 * 360!
I1014 12:06:14.407804  5654 demo_inner.hpp:177] decode queue size 0
I1014 12:06:14.407893  5657 work_thread.hpp:81]  [T-Work-Detect_0] Run work: WorkDetect
I1014 12:06:14.407930  5657 work_detect.cpp:102] Succeeded to add det start for frame 123
I1014 12:06:14.414559  5657 work_detect.cpp:70] Frame :123 detect result :1 face(s)
I1014 12:06:14.414603  5657 work_detect.cpp:86] Detected bbox: [123 x 167 from (307, 119)]
I1014 12:06:14.414645  5657 work_detect.cpp:120] Succeeded to add det end for frame 123
I1014 12:06:14.414662  5657 work_thread.hpp:81]  [T-Work-Detect_0] Run work: WrokTrack
I1014 12:06:14.414686  5657 work_track.cpp:82] Frame: 123 build input_characts: [0.192188 x 0.463889 from (0.479688, 0.330556)], 0.997596, 0
I1014 12:06:14.414742  5657 work_track.cpp:102] Succeeded to set track lock for frame 123
I1014 12:06:14.414788  5657 work_track.cpp:116] Succeeded to release track lock for frame 123
I1014 12:06:14.414803  5657 work_track.cpp:120] Track results of frame 123: 1 objects input, 1 objects tracked!
I1014 12:06:14.414820  5657 work_track.cpp:148] Frame: 123, track bbox: [123 x 167 from (306.066, 119.173)], gid: 0, lid: 0
I1014 12:06:14.414856  5657 work_thread.hpp:88]  [T-Work-Detect_0] Frame :123 split
I1014 12:06:14.414875  5657 work_thread.hpp:120]  [T-Work-Detect_0] Valid piece: gid = 0
I1014 12:06:14.414891  5657 work_thread.hpp:92]  [T-Work-Detect_0] Push to split queue:recog
I1014 12:06:14.414937  5658 work_thread.hpp:81]  [T-Work-Recog_0] Run work: WorkCapture
I1014 12:06:14.415246  5660 thread_intergrate.hpp:78] [T-Intergrate-intergrate] queue: frame output frame :123
I1014 12:06:14.415272  5660 thread_intergrate.hpp:85] [T-Intergrate-intergrate] queue: compare output face:0
I1014 12:06:14.415292  5660 thread_intergrate.hpp:137] T-Intergrate-intergrate set matched face: 0
I1014 12:06:14.416276  5658 work_thread.hpp:81]  [T-Work-Recog_0] Run work: WorkRecog
I1014 12:06:14.416303  5658 work_recog.hpp:89] Face id: 0 will run recog: bbox [123 x 167 from (307, 119)] quality: 0.464413
I1014 12:06:14.416337  5658 work_recog.hpp:96] Recog pair: [176 x 240 from (280, 80)], [123 x 167 from (27, 39)]
I1014 12:06:14.416481  5660 thread_intergrate.hpp:157] T-Intergrate-intergrate Show face :0, size :640 * 360
I1014 12:06:14.417188  5656 demo_inner.hpp:435] thread [SORT-0]  frame id 123 sorting queue size 2   FPS: 29.9902
I1014 12:06:14.418372  5655 demo_inner.hpp:260]  gui queue size 2, state = running
I1014 12:06:14.433661  5658 work_thread.hpp:81]  [T-Work-Recog_0] Run work: WorkCompare
I1014 12:06:14.433774  5658 work_compare.cpp:76] Compare face: 0 successed, similarity :0.985416, name : images/thanglmb.jpg, normal size : 640 * 360!
I1014 12:06:14.443336  5654 demo_inner.hpp:177] decode queue size 0
I1014 12:06:14.443452  5657 work_thread.hpp:81]  [T-Work-Detect_0] Run work: WorkDetect
I1014 12:06:14.443490  5657 work_detect.cpp:102] Succeeded to add det start for frame 124
I1014 12:06:14.450129  5657 work_detect.cpp:70] Frame :124 detect result :1 face(s)
I1014 12:06:14.450173  5657 work_detect.cpp:86] Detected bbox: [150 x 192 from (293, 96)]
I1014 12:06:14.450217  5657 work_detect.cpp:120] Succeeded to add det end for frame 124
I1014 12:06:14.450234  5657 work_thread.hpp:81]  [T-Work-Detect_0] Run work: WrokTrack
I1014 12:06:14.450258  5657 work_track.cpp:82] Frame: 124 build input_characts: [0.234375 x 0.533333 from (0.457812, 0.266667)], 0.997596, 0
I1014 12:06:14.450387  5657 work_track.cpp:102] Succeeded to set track lock for frame 124
I1014 12:06:14.450429  5657 work_track.cpp:116] Succeeded to release track lock for frame 124
I1014 12:06:14.450445  5657 work_track.cpp:120] Track results of frame 124: 1 objects input, 1 objects tracked!
I1014 12:06:14.450464  5657 work_track.cpp:148] Frame: 124, track bbox: [150 x 192 from (293.529, 101.518)], gid: 0, lid: 0
I1014 12:06:14.450500  5657 work_thread.hpp:88]  [T-Work-Detect_0] Frame :124 split
I1014 12:06:14.450518  5657 work_thread.hpp:120]  [T-Work-Detect_0] Valid piece: gid = 0
I1014 12:06:14.450536  5657 work_thread.hpp:92]  [T-Work-Detect_0] Push to split queue:recog
I1014 12:06:14.450578  5658 work_thread.hpp:81]  [T-Work-Recog_0] Run work: WorkCapture
I1014 12:06:14.450590  5660 thread_intergrate.hpp:78] [T-Intergrate-intergrate] queue: frame output frame :124
I1014 12:06:14.450615  5660 thread_intergrate.hpp:85] [T-Intergrate-intergrate] queue: compare output face:0
I1014 12:06:14.450634  5660 thread_intergrate.hpp:137] T-Intergrate-intergrate set matched face: 0
I1014 12:06:14.451143  5658 work_thread.hpp:81]  [T-Work-Recog_0] Run work: WorkRecog
I1014 12:06:14.451169  5658 work_recog.hpp:89] Face id: 0 will run recog: bbox [150 x 192 from (293, 96)] quality: 0.468736
I1014 12:06:14.451196  5658 work_recog.hpp:96] Recog pair: [224 x 272 from (256, 56)], [150 x 192 from (37, 40)]
I1014 12:06:14.451802  5660 thread_intergrate.hpp:157] T-Intergrate-intergrate Show face :0, size :640 * 360
I1014 12:06:14.452611  5656 demo_inner.hpp:435] thread [SORT-0]  frame id 124 sorting queue size 0   FPS: 29.9166
I1014 12:06:14.468796  5658 work_thread.hpp:81]  [T-Work-Recog_0] Run work: WorkCompare
I1014 12:06:14.468919  5658 work_compare.cpp:76] Compare face: 0 successed, similarity :0.961897, name : images/thanglmb.jpg, normal size : 640 * 360!
I1014 12:06:14.473984  5654 demo_inner.hpp:177] decode queue size 0
I1014 12:06:14.474078  5657 work_thread.hpp:81]  [T-Work-Detect_0] Run work: WorkDetect
I1014 12:06:14.474115  5657 work_detect.cpp:102] Succeeded to add det start for frame 125
I1014 12:06:14.480758  5657 work_detect.cpp:70] Frame :125 detect result :1 face(s)
I1014 12:06:14.480803  5657 work_detect.cpp:86] Detected bbox: [153 x 199 from (301, 105)]
I1014 12:06:14.480845  5657 work_detect.cpp:120] Succeeded to add det end for frame 125
I1014 12:06:14.480862  5657 work_thread.hpp:81]  [T-Work-Detect_0] Run work: WrokTrack
I1014 12:06:14.480885  5657 work_track.cpp:82] Frame: 125 build input_characts: [0.239063 x 0.552778 from (0.470313, 0.291667)], 1.00019, 0
I1014 12:06:14.480940  5657 work_track.cpp:102] Succeeded to set track lock for frame 125
I1014 12:06:14.480981  5657 work_track.cpp:116] Succeeded to release track lock for frame 125
I1014 12:06:14.480996  5657 work_track.cpp:120] Track results of frame 125: 1 objects input, 1 objects tracked!
I1014 12:06:14.481014  5657 work_track.cpp:148] Frame: 125, track bbox: [153 x 199 from (297.299, 100.478)], gid: 0, lid: 0
I1014 12:06:14.481050  5657 work_thread.hpp:88]  [T-Work-Detect_0] Frame :125 split
I1014 12:06:14.481067  5657 work_thread.hpp:120]  [T-Work-Detect_0] Valid piece: gid = 0
I1014 12:06:14.481086  5657 work_thread.hpp:92]  [T-Work-Detect_0] Push to split queue:recog
I1014 12:06:14.481130  5659 work_thread.hpp:81]  [T-Work-Recog_1] Run work: WorkCapture
I1014 12:06:14.481142  5660 thread_intergrate.hpp:78] [T-Intergrate-intergrate] queue: frame output frame :125
I1014 12:06:14.481168  5660 thread_intergrate.hpp:85] [T-Intergrate-intergrate] queue: compare output face:0
I1014 12:06:14.481185  5660 thread_intergrate.hpp:137] T-Intergrate-intergrate set matched face: 0
I1014 12:06:14.481693  5659 work_thread.hpp:81]  [T-Work-Recog_1] Run work: WorkRecog
I1014 12:06:14.481719  5659 work_recog.hpp:89] Face id: 0 will run recog: bbox [153 x 199 from (301, 105)] quality: 0.434051
I1014 12:06:14.481748  5659 work_recog.hpp:96] Recog pair: [224 x 280 from (264, 64)], [153 x 199 from (37, 41)]
I1014 12:06:14.482358  5660 thread_intergrate.hpp:157] T-Intergrate-intergrate Show face :0, size :640 * 360
I1014 12:06:14.483057  5656 demo_inner.hpp:435] thread [SORT-0]  frame id 125 sorting queue size 1   FPS: 29.9902
I1014 12:06:14.485718  5655 demo_inner.hpp:260]  gui queue size 1, state = running
I1014 12:06:14.499343  5659 work_thread.hpp:81]  [T-Work-Recog_1] Run work: WorkCompare
I1014 12:06:14.499455  5659 work_compare.cpp:76] Compare face: 0 successed, similarity :0.958969, name : images/thanglmb.jpg, normal size : 640 * 360!
I1014 12:06:14.509385  5654 demo_inner.hpp:177] decode queue size 0
I1014 12:06:14.509485  5657 work_thread.hpp:81]  [T-Work-Detect_0] Run work: WorkDetect
I1014 12:06:14.509522  5657 work_detect.cpp:102] Succeeded to add det start for frame 126
I1014 12:06:14.516181  5657 work_detect.cpp:70] Frame :126 detect result :2 face(s)
I1014 12:06:14.516227  5657 work_detect.cpp:86] Detected bbox: [156 x 200 from (299, 105)]
I1014 12:06:14.516259  5657 work_detect.cpp:86] Detected bbox: [55 x 51 from (112, 191)]
I1014 12:06:14.516290  5657 work_detect.cpp:120] Succeeded to add det end for frame 126
I1014 12:06:14.516306  5657 work_thread.hpp:81]  [T-Work-Detect_0] Run work: WrokTrack
I1014 12:06:14.516331  5657 work_track.cpp:82] Frame: 126 build input_characts: [0.24375 x 0.555556 from (0.467187, 0.291667)], 0.997328, 0
I1014 12:06:14.516383  5657 work_track.cpp:82] Frame: 126 build input_characts: [0.0859375 x 0.141667 from (0.175, 0.530556)], 0.905415, 1
I1014 12:06:14.516419  5657 work_track.cpp:102] Succeeded to set track lock for frame 126
I1014 12:06:14.516465  5657 work_track.cpp:116] Succeeded to release track lock for frame 126
I1014 12:06:14.516480  5657 work_track.cpp:120] Track results of frame 126: 2 objects input, 1 objects tracked!
I1014 12:06:14.516497  5657 work_track.cpp:148] Frame: 126, track bbox: [156 x 200 from (298.932, 102.365)], gid: 0, lid: 0
I1014 12:06:14.516532  5657 work_track.cpp:162] Frame: 126 lid: 1 not tracked, will set invalid
I1014 12:06:14.516548  5657 work_thread.hpp:88]  [T-Work-Detect_0] Frame :126 split
I1014 12:06:14.516566  5657 work_thread.hpp:120]  [T-Work-Detect_0] Valid piece: gid = 0
I1014 12:06:14.516583  5657 work_thread.hpp:124]  [T-Work-Detect_0] Invalid piece: lid = 1, drop it
I1014 12:06:14.516599  5657 work_thread.hpp:92]  [T-Work-Detect_0] Push to split queue:recog
I1014 12:06:14.516644  5658 work_thread.hpp:81]  [T-Work-Recog_0] Run work: WorkCapture
I1014 12:06:14.516652  5660 thread_intergrate.hpp:78] [T-Intergrate-intergrate] queue: frame output frame :126
I1014 12:06:14.516678  5660 thread_intergrate.hpp:85] [T-Intergrate-intergrate] queue: compare output face:0
I1014 12:06:14.516696  5660 thread_intergrate.hpp:137] T-Intergrate-intergrate set matched face: 0
I1014 12:06:14.517210  5658 work_thread.hpp:81]  [T-Work-Recog_0] Run work: WorkRecog
I1014 12:06:14.517235  5658 work_recog.hpp:89] Face id: 0 will run recog: bbox [156 x 200 from (299, 105)] quality: 0.417498
I1014 12:06:14.517264  5658 work_recog.hpp:96] Recog pair: [224 x 288 from (264, 64)], [156 x 200 from (35, 41)]
I1014 12:06:14.517863  5660 thread_intergrate.hpp:157] T-Intergrate-intergrate Show face :0, size :640 * 360
I1014 12:06:14.518573  5656 demo_inner.hpp:435] thread [SORT-0]  frame id 126 sorting queue size 0   FPS: 29.9166
I1014 12:06:14.534919  5658 work_thread.hpp:81]  [T-Work-Recog_0] Run work: WorkCompare
I1014 12:06:14.535029  5658 work_compare.cpp:76] Compare face: 0 successed, similarity :0.971675, name : images/thanglmb.jpg, normal size : 640 * 360!
I1014 12:06:14.539875  5654 demo_inner.hpp:177] decode queue size 0
I1014 12:06:14.539964  5657 work_thread.hpp:81]  [T-Work-Detect_0] Run work: WorkDetect
I1014 12:06:14.540001  5657 work_detect.cpp:102] Succeeded to add det start for frame 127
I1014 12:06:14.546595  5657 work_detect.cpp:70] Frame :127 detect result :1 face(s)
I1014 12:06:14.546644  5657 work_detect.cpp:86] Detected bbox: [130 x 176 from (306, 116)]
I1014 12:06:14.546686  5657 work_detect.cpp:120] Succeeded to add det end for frame 127
I1014 12:06:14.546703  5657 work_thread.hpp:81]  [T-Work-Detect_0] Run work: WrokTrack
I1014 12:06:14.546802  5657 work_track.cpp:82] Frame: 127 build input_characts: [0.203125 x 0.488889 from (0.478125, 0.322222)], 0.997596, 0
I1014 12:06:14.546860  5657 work_track.cpp:102] Succeeded to set track lock for frame 127
I1014 12:06:14.546903  5657 work_track.cpp:116] Succeeded to release track lock for frame 127
I1014 12:06:14.546917  5657 work_track.cpp:120] Track results of frame 127: 1 objects input, 1 objects tracked!
I1014 12:06:14.546936  5657 work_track.cpp:148] Frame: 127, track bbox: [130 x 176 from (310.724, 115.443)], gid: 0, lid: 0
I1014 12:06:14.546972  5657 work_thread.hpp:88]  [T-Work-Detect_0] Frame :127 split
I1014 12:06:14.546990  5657 work_thread.hpp:120]  [T-Work-Detect_0] Valid piece: gid = 0
I1014 12:06:14.547008  5657 work_thread.hpp:92]  [T-Work-Detect_0] Push to split queue:recog
I1014 12:06:14.547063  5659 work_thread.hpp:81]  [T-Work-Recog_1] Run work: WorkCapture
I1014 12:06:14.547066  5660 thread_intergrate.hpp:78] [T-Intergrate-intergrate] queue: frame output frame :127
I1014 12:06:14.547102  5660 thread_intergrate.hpp:85] [T-Intergrate-intergrate] queue: compare output face:0
I1014 12:06:14.547121  5660 thread_intergrate.hpp:137] T-Intergrate-intergrate set matched face: 0
I1014 12:06:14.547713  5659 work_thread.hpp:81]  [T-Work-Recog_1] Run work: WorkRecog
I1014 12:06:14.547737  5659 work_recog.hpp:89] Face id: 0 will run recog: bbox [130 x 176 from (306, 116)] quality: 0.472738
I1014 12:06:14.547768  5659 work_recog.hpp:96] Recog pair: [184 x 248 from (280, 80)], [130 x 176 from (26, 36)]
I1014 12:06:14.548312  5660 thread_intergrate.hpp:157] T-Intergrate-intergrate Show face :0, size :640 * 360
I1014 12:06:14.548954  5656 demo_inner.hpp:435] thread [SORT-0]  frame id 127 sorting queue size 1   FPS: 29.9902
I1014 12:06:14.557819  5655 demo_inner.hpp:260]  gui queue size 1, state = running
I1014 12:06:14.565677  5659 work_thread.hpp:81]  [T-Work-Recog_1] Run work: WorkCompare
I1014 12:06:14.565793  5659 work_compare.cpp:76] Compare face: 0 successed, similarity :0.980854, name : images/thanglmb.jpg, normal size : 640 * 360!
I1014 12:06:14.575316  5654 demo_inner.hpp:177] decode queue size 0
I1014 12:06:14.575462  5657 work_thread.hpp:81]  [T-Work-Detect_0] Run work: WorkDetect
I1014 12:06:14.575497  5657 work_detect.cpp:102] Succeeded to add det start for frame 128
I1014 12:06:14.582227  5657 work_detect.cpp:70] Frame :128 detect result :1 face(s)
I1014 12:06:14.582273  5657 work_detect.cpp:86] Detected bbox: [157 x 196 from (291, 120)]
I1014 12:06:14.582317  5657 work_detect.cpp:120] Succeeded to add det end for frame 128
I1014 12:06:14.582334  5657 work_thread.hpp:81]  [T-Work-Detect_0] Run work: WrokTrack
I1014 12:06:14.582357  5657 work_track.cpp:82] Frame: 128 build input_characts: [0.245312 x 0.544444 from (0.454688, 0.333333)], 0.997488, 0
I1014 12:06:14.582417  5657 work_track.cpp:102] Succeeded to set track lock for frame 128
I1014 12:06:14.582461  5657 work_track.cpp:116] Succeeded to release track lock for frame 128
I1014 12:06:14.582476  5657 work_track.cpp:120] Track results of frame 128: 1 objects input, 1 objects tracked!
I1014 12:06:14.582495  5657 work_track.cpp:148] Frame: 128, track bbox: [157 x 196 from (294.361, 114.418)], gid: 0, lid: 0
I1014 12:06:14.582532  5657 work_thread.hpp:88]  [T-Work-Detect_0] Frame :128 split
I1014 12:06:14.582551  5657 work_thread.hpp:120]  [T-Work-Detect_0] Valid piece: gid = 0
I1014 12:06:14.582568  5657 work_thread.hpp:92]  [T-Work-Detect_0] Push to split queue:recog
I1014 12:06:14.582620  5658 work_thread.hpp:81]  [T-Work-Recog_0] Run work: WorkCapture
I1014 12:06:14.582926  5660 thread_intergrate.hpp:78] [T-Intergrate-intergrate] queue: frame output frame :128
I1014 12:06:14.582952  5660 thread_intergrate.hpp:85] [T-Intergrate-intergrate] queue: compare output face:0
I1014 12:06:14.582973  5660 thread_intergrate.hpp:137] T-Intergrate-intergrate set matched face: 0
I1014 12:06:14.583168  5658 work_thread.hpp:81]  [T-Work-Recog_0] Run work: WorkRecog
I1014 12:06:14.583192  5658 work_recog.hpp:89] Face id: 0 will run recog: bbox [157 x 196 from (291, 120)] quality: 0.459997
I1014 12:06:14.583302  5658 work_recog.hpp:96] Recog pair: [224 x 280 from (256, 80)], [157 x 196 from (35, 40)]
I1014 12:06:14.584149  5660 thread_intergrate.hpp:157] T-Intergrate-intergrate Show face :0, size :640 * 360
I1014 12:06:14.584753  5656 demo_inner.hpp:435] thread [SORT-0]  frame id 128 sorting queue size 0   FPS: 29.9166
I1014 12:06:14.600873  5658 work_thread.hpp:81]  [T-Work-Recog_0] Run work: WorkCompare
I1014 12:06:14.600981  5658 work_compare.cpp:76] Compare face: 0 successed, similarity :0.979594, name : images/thanglmb.jpg, normal size : 640 * 360!
I1014 12:06:14.612956  5654 demo_inner.hpp:177] decode queue size 0
I1014 12:06:14.613082  5657 work_thread.hpp:81]  [T-Work-Detect_0] Run work: WorkDetect
I1014 12:06:14.613118  5657 work_detect.cpp:102] Succeeded to add det start for frame 129
I1014 12:06:14.619812  5657 work_detect.cpp:70] Frame :129 detect result :1 face(s)
I1014 12:06:14.619858  5657 work_detect.cpp:86] Detected bbox: [153 x 187 from (303, 129)]
I1014 12:06:14.619900  5657 work_detect.cpp:120] Succeeded to add det end for frame 129
I1014 12:06:14.619917  5657 work_thread.hpp:81]  [T-Work-Detect_0] Run work: WrokTrack
I1014 12:06:14.619941  5657 work_track.cpp:82] Frame: 129 build input_characts: [0.239063 x 0.519444 from (0.473437, 0.358333)], 0.999622, 0
I1014 12:06:14.619998  5657 work_track.cpp:102] Succeeded to set track lock for frame 129
I1014 12:06:14.620038  5657 work_track.cpp:116] Succeeded to release track lock for frame 129
I1014 12:06:14.620234  5657 work_track.cpp:120] Track results of frame 129: 1 objects input, 1 objects tracked!
I1014 12:06:14.620254  5657 work_track.cpp:148] Frame: 129, track bbox: [153 x 187 from (299.221, 127.814)], gid: 0, lid: 0
I1014 12:06:14.620292  5657 work_thread.hpp:88]  [T-Work-Detect_0] Frame :129 split
I1014 12:06:14.620311  5657 work_thread.hpp:120]  [T-Work-Detect_0] Valid piece: gid = 0
I1014 12:06:14.620328  5657 work_thread.hpp:92]  [T-Work-Detect_0] Push to split queue:recog
I1014 12:06:14.620379  5658 work_thread.hpp:81]  [T-Work-Recog_0] Run work: WorkCapture
I1014 12:06:14.620685  5660 thread_intergrate.hpp:78] [T-Intergrate-intergrate] queue: frame output frame :129
I1014 12:06:14.620714  5660 thread_intergrate.hpp:85] [T-Intergrate-intergrate] queue: compare output face:0
I1014 12:06:14.620733  5660 thread_intergrate.hpp:137] T-Intergrate-intergrate set matched face: 0
I1014 12:06:14.620930  5658 work_thread.hpp:81]  [T-Work-Recog_0] Run work: WorkRecog
I1014 12:06:14.620954  5658 work_recog.hpp:89] Face id: 0 will run recog: bbox [153 x 187 from (303, 129)] quality: 0.448255
I1014 12:06:14.620980  5658 work_recog.hpp:96] Recog pair: [216 x 272 from (272, 88)], [153 x 187 from (31, 41)]
I1014 12:06:14.621909  5660 thread_intergrate.hpp:157] T-Intergrate-intergrate Show face :0, size :640 * 360
I1014 12:06:14.622457  5656 demo_inner.hpp:435] thread [SORT-0]  frame id 129 sorting queue size 1   FPS: 29.8727
I1014 12:06:14.637321  5655 demo_inner.hpp:260]  gui queue size 1, state = running
I1014 12:06:14.639101  5658 work_thread.hpp:81]  [T-Work-Recog_0] Run work: WorkCompare
I1014 12:06:14.639219  5658 work_compare.cpp:76] Compare face: 0 successed, similarity :0.958779, name : images/thanglmb.jpg, normal size : 640 * 360!
I1014 12:06:14.644155  5654 demo_inner.hpp:177] decode queue size 0
I1014 12:06:14.644301  5657 work_thread.hpp:81]  [T-Work-Detect_0] Run work: WorkDetect
I1014 12:06:14.644336  5657 work_detect.cpp:102] Succeeded to add det start for frame 130
I1014 12:06:14.651088  5657 work_detect.cpp:70] Frame :130 detect result :1 face(s)
I1014 12:06:14.651134  5657 work_detect.cpp:86] Detected bbox: [150 x 184 from (305, 130)]
I1014 12:06:14.651177  5657 work_detect.cpp:120] Succeeded to add det end for frame 130
I1014 12:06:14.651193  5657 work_thread.hpp:81]  [T-Work-Detect_0] Run work: WrokTrack
I1014 12:06:14.651217  5657 work_track.cpp:82] Frame: 130 build input_characts: [0.234375 x 0.511111 from (0.476562, 0.361111)], 0.999622, 0
I1014 12:06:14.651345  5657 work_track.cpp:102] Succeeded to set track lock for frame 130
I1014 12:06:14.651386  5657 work_track.cpp:116] Succeeded to release track lock for frame 130
I1014 12:06:14.651401  5657 work_track.cpp:120] Track results of frame 130: 1 objects input, 1 objects tracked!
I1014 12:06:14.651419  5657 work_track.cpp:148] Frame: 130, track bbox: [150 x 184 from (302.058, 131.602)], gid: 0, lid: 0
I1014 12:06:14.651456  5657 work_thread.hpp:88]  [T-Work-Detect_0] Frame :130 split
I1014 12:06:14.651474  5657 work_thread.hpp:120]  [T-Work-Detect_0] Valid piece: gid = 0
I1014 12:06:14.651491  5657 work_thread.hpp:92]  [T-Work-Detect_0] Push to split queue:recog
I1014 12:06:14.651538  5660 thread_intergrate.hpp:78] [T-Intergrate-intergrate] queue: frame output frame :130
I1014 12:06:14.651542  5659 work_thread.hpp:81]  [T-Work-Recog_1] Run work: WorkCapture
I1014 12:06:14.651566  5660 thread_intergrate.hpp:85] [T-Intergrate-intergrate] queue: compare output face:0
I1014 12:06:14.651584  5660 thread_intergrate.hpp:137] T-Intergrate-intergrate set matched face: 0
I1014 12:06:14.652177  5659 work_thread.hpp:81]  [T-Work-Recog_1] Run work: WorkRecog
I1014 12:06:14.652204  5659 work_recog.hpp:89] Face id: 0 will run recog: bbox [150 x 184 from (305, 130)] quality: 0.435877
