I1014 15:49:18.242673  9551 work_track.cpp:82] Frame: 18 build input_characts: [0.209375 x 0.516667 from (0.392188, 0.433333)], 1.00019, 0
I1014 15:49:18.242728  9551 work_track.cpp:102] Succeeded to set track lock for frame 18
I1014 15:49:18.242787  9551 work_track.cpp:116] Succeeded to release track lock for frame 18
I1014 15:49:18.242803  9551 work_track.cpp:120] Track results of frame 18: 1 objects input, 1 objects tracked!
I1014 15:49:18.242821  9551 work_track.cpp:148] Frame: 18, track bbox: [134 x 186 from (251.277, 152.994)], gid: 0, lid: 0
I1014 15:49:18.242857  9551 work_thread.hpp:87]  [T-Work-Detect_0] Frame :18 split
I1014 15:49:18.242882  9551 work_thread.hpp:120]  [T-Work-Detect_0] Valid piece: gid = 0
I1014 15:49:18.242902  9551 work_thread.hpp:91]  [T-Work-Detect_0] Push to split queue:recog
I1014 15:49:18.242946  9552 work_thread.hpp:81]  [T-Work-Recog_0] Run work: WorkCapture
I1014 15:49:18.242947  9554 thread_intergrate.hpp:78] [T-Intergrate-intergrate] queue: frame output frame :18
I1014 15:49:18.242988  9554 thread_intergrate.hpp:85] [T-Intergrate-intergrate] queue: compare output face:0
I1014 15:49:18.243008  9554 thread_intergrate.hpp:144] T-Intergrate-intergrate set matched face: 0
I1014 15:49:18.243521  9552 work_thread.hpp:81]  [T-Work-Recog_0] Run work: WorkRecog
I1014 15:49:18.243546  9552 work_recog.hpp:89] Face id: 0 will run recog: bbox [134 x 186 from (251, 156)] quality: 0.622345
I1014 15:49:18.243577  9552 work_recog.hpp:96] Recog pair: [192 x 248 from (224, 112)], [134 x 186 from (27, 44)]
I1014 15:49:18.244508  9554 thread_intergrate.hpp:188] T-Intergrate-intergrate Show face :0, size :640 * 360
I1014 15:49:18.245067  9550 demo_inner.hpp:435] thread [SORT-0]  frame id 18 sorting queue size 0   FPS: 29.5139
I1014 15:49:18.245141  9549 demo_inner.hpp:260]  gui queue size 0, state = running
I1014 15:49:18.261394  9552 work_thread.hpp:81]  [T-Work-Recog_0] Run work: WorkCompare
I1014 15:49:18.261864  9552 work_compare.cpp:76] Compare face: 0 successed, similarity :0.995517, name : images/ThangLMb.jpg, normal size : 1548 * 1719!
I1014 15:49:18.265251  9548 demo_inner.hpp:177] decode queue size 0
I1014 15:49:18.265338  9551 work_thread.hpp:81]  [T-Work-Detect_0] Run work: WorkDetect
I1014 15:49:18.265372  9551 work_detect.cpp:102] Succeeded to add det start for frame 19
I1014 15:49:18.272886  9551 work_detect.cpp:70] Frame :19 detect result :1 face(s)
I1014 15:49:18.272958  9551 work_detect.cpp:86] Detected bbox: [134 x 177 from (258, 169)]
I1014 15:49:18.273001  9551 work_detect.cpp:120] Succeeded to add det end for frame 19
I1014 15:49:18.273017  9551 work_thread.hpp:81]  [T-Work-Detect_0] Run work: WrokTrack
I1014 15:49:18.273099  9551 work_track.cpp:82] Frame: 19 build input_characts: [0.209375 x 0.491667 from (0.403125, 0.469444)], 1.00019, 0
I1014 15:49:18.273180  9551 work_track.cpp:102] Succeeded to set track lock for frame 19
I1014 15:49:18.273218  9551 work_track.cpp:116] Succeeded to release track lock for frame 19
I1014 15:49:18.273233  9551 work_track.cpp:120] Track results of frame 19: 1 objects input, 1 objects tracked!
I1014 15:49:18.273252  9551 work_track.cpp:148] Frame: 19, track bbox: [134 x 177 from (253.825, 163.006)], gid: 0, lid: 0
I1014 15:49:18.273295  9551 work_thread.hpp:87]  [T-Work-Detect_0] Frame :19 split
I1014 15:49:18.273314  9551 work_thread.hpp:120]  [T-Work-Detect_0] Valid piece: gid = 0
I1014 15:49:18.273332  9551 work_thread.hpp:91]  [T-Work-Detect_0] Push to split queue:recog
I1014 15:49:18.273476  9553 work_thread.hpp:81]  [T-Work-Recog_1] Run work: WorkCapture
I1014 15:49:18.273936  9554 thread_intergrate.hpp:78] [T-Intergrate-intergrate] queue: frame output frame :19
I1014 15:49:18.273965  9554 thread_intergrate.hpp:85] [T-Intergrate-intergrate] queue: compare output face:0
I1014 15:49:18.273984  9554 thread_intergrate.hpp:144] T-Intergrate-intergrate set matched face: 0
I1014 15:49:18.274210  9553 work_thread.hpp:81]  [T-Work-Recog_1] Run work: WorkRecog
I1014 15:49:18.274235  9553 work_recog.hpp:89] Face id: 0 will run recog: bbox [134 x 177 from (258, 169)] quality: 0.531033
I1014 15:49:18.274273  9553 work_recog.hpp:96] Recog pair: [192 x 232 from (232, 128)], [134 x 177 from (26, 41)]
I1014 15:49:18.275490  9554 thread_intergrate.hpp:188] T-Intergrate-intergrate Show face :0, size :640 * 360
I1014 15:49:18.276089  9550 demo_inner.hpp:435] thread [SORT-0]  frame id 19 sorting queue size 0   FPS: 29.654
I1014 15:49:18.276175  9549 demo_inner.hpp:260]  gui queue size 0, state = running
I1014 15:49:18.292537  9553 work_thread.hpp:81]  [T-Work-Recog_1] Run work: WorkCompare
I1014 15:49:18.293104  9553 work_compare.cpp:76] Compare face: 0 successed, similarity :0.995341, name : images/ThangLMb.jpg, normal size : 1548 * 1719!
I1014 15:49:18.301249  9548 demo_inner.hpp:177] decode queue size 0
I1014 15:49:18.301367  9551 work_thread.hpp:81]  [T-Work-Detect_0] Run work: WorkDetect
I1014 15:49:18.301403  9551 work_detect.cpp:102] Succeeded to add det start for frame 20
I1014 15:49:18.308830  9551 work_detect.cpp:70] Frame :20 detect result :1 face(s)
I1014 15:49:18.308877  9551 work_detect.cpp:86] Detected bbox: [130 x 179 from (253, 158)]
I1014 15:49:18.308920  9551 work_detect.cpp:120] Succeeded to add det end for frame 20
I1014 15:49:18.308936  9551 work_thread.hpp:81]  [T-Work-Detect_0] Run work: WrokTrack
I1014 15:49:18.309096  9551 work_track.cpp:82] Frame: 20 build input_characts: [0.203125 x 0.497222 from (0.395312, 0.438889)], 1.00019, 0
I1014 15:49:18.309154  9551 work_track.cpp:102] Succeeded to set track lock for frame 20
I1014 15:49:18.309212  9551 work_track.cpp:116] Succeeded to release track lock for frame 20
I1014 15:49:18.309228  9551 work_track.cpp:120] Track results of frame 20: 1 objects input, 1 objects tracked!
I1014 15:49:18.309247  9551 work_track.cpp:148] Frame: 20, track bbox: [130 x 179 from (255.605, 162.204)], gid: 0, lid: 0
I1014 15:49:18.309283  9551 work_thread.hpp:87]  [T-Work-Detect_0] Frame :20 split
I1014 15:49:18.309303  9551 work_thread.hpp:120]  [T-Work-Detect_0] Valid piece: gid = 0
I1014 15:49:18.309327  9551 work_thread.hpp:91]  [T-Work-Detect_0] Push to split queue:recog
I1014 15:49:18.309371  9552 work_thread.hpp:81]  [T-Work-Recog_0] Run work: WorkCapture
I1014 15:49:18.309376  9554 thread_intergrate.hpp:78] [T-Intergrate-intergrate] queue: frame output frame :20
I1014 15:49:18.309406  9554 thread_intergrate.hpp:85] [T-Intergrate-intergrate] queue: compare output face:0
I1014 15:49:18.309425  9554 thread_intergrate.hpp:144] T-Intergrate-intergrate set matched face: 0
I1014 15:49:18.310035  9552 work_thread.hpp:81]  [T-Work-Recog_0] Run work: WorkRecog
I1014 15:49:18.310061  9552 work_recog.hpp:89] Face id: 0 will run recog: bbox [130 x 179 from (253, 158)] quality: 0.592256
I1014 15:49:18.310096  9552 work_recog.hpp:96] Recog pair: [192 x 240 from (224, 120)], [130 x 179 from (29, 38)]
I1014 15:49:18.310920  9554 thread_intergrate.hpp:188] T-Intergrate-intergrate Show face :0, size :640 * 360
I1014 15:49:18.311537  9550 demo_inner.hpp:435] thread [SORT-0]  frame id 20 sorting queue size 0   FPS: 29.549
I1014 15:49:18.311616  9549 demo_inner.hpp:260]  gui queue size 0, state = running
I1014 15:49:18.327636  9552 work_thread.hpp:81]  [T-Work-Recog_0] Run work: WorkCompare
I1014 15:49:18.328102  9552 work_compare.cpp:76] Compare face: 0 successed, similarity :0.997287, name : images/ThangLMb.jpg, normal size : 1548 * 1719!
I1014 15:49:18.331194  9548 demo_inner.hpp:177] decode queue size 0
I1014 15:49:18.331279  9551 work_thread.hpp:81]  [T-Work-Detect_0] Run work: WorkDetect
I1014 15:49:18.331416  9551 work_detect.cpp:102] Succeeded to add det start for frame 21
I1014 15:49:18.338989  9551 work_detect.cpp:70] Frame :21 detect result :1 face(s)
I1014 15:49:18.339088  9551 work_detect.cpp:86] Detected bbox: [129 x 170 from (263, 163)]
I1014 15:49:18.339140  9551 work_detect.cpp:120] Succeeded to add det end for frame 21
I1014 15:49:18.339156  9551 work_thread.hpp:81]  [T-Work-Detect_0] Run work: WrokTrack
I1014 15:49:18.339180  9551 work_track.cpp:82] Frame: 21 build input_characts: [0.201562 x 0.472222 from (0.410937, 0.452778)], 1.00019, 0
I1014 15:49:18.339260  9551 work_track.cpp:102] Succeeded to set track lock for frame 21
I1014 15:49:18.339300  9551 work_track.cpp:116] Succeeded to release track lock for frame 21
I1014 15:49:18.339314  9551 work_track.cpp:120] Track results of frame 21: 1 objects input, 1 objects tracked!
I1014 15:49:18.339332  9551 work_track.cpp:148] Frame: 21, track bbox: [129 x 170 from (258.75, 165.136)], gid: 0, lid: 0
I1014 15:49:18.339375  9551 work_thread.hpp:87]  [T-Work-Detect_0] Frame :21 split
I1014 15:49:18.339393  9551 work_thread.hpp:120]  [T-Work-Detect_0] Valid piece: gid = 0
I1014 15:49:18.339412  9551 work_thread.hpp:91]  [T-Work-Detect_0] Push to split queue:recog
I1014 15:49:18.339483  9553 work_thread.hpp:81]  [T-Work-Recog_1] Run work: WorkCapture
I1014 15:49:18.339924  9554 thread_intergrate.hpp:78] [T-Intergrate-intergrate] queue: frame output frame :21
I1014 15:49:18.339953  9554 thread_intergrate.hpp:85] [T-Intergrate-intergrate] queue: compare output face:0
I1014 15:49:18.339973  9554 thread_intergrate.hpp:144] T-Intergrate-intergrate set matched face: 0
I1014 15:49:18.340220  9553 work_thread.hpp:81]  [T-Work-Recog_1] Run work: WorkRecog
I1014 15:49:18.340245  9553 work_recog.hpp:89] Face id: 0 will run recog: bbox [129 x 170 from (263, 163)] quality: 0.44894
I1014 15:49:18.340276  9553 work_recog.hpp:96] Recog pair: [192 x 232 from (232, 128)], [129 x 170 from (31, 35)]
I1014 15:49:18.341506  9554 thread_intergrate.hpp:188] T-Intergrate-intergrate Show face :0, size :640 * 360
I1014 15:49:18.342072  9550 demo_inner.hpp:435] thread [SORT-0]  frame id 21 sorting queue size 0   FPS: 29.7177
I1014 15:49:18.342164  9549 demo_inner.hpp:260]  gui queue size 0, state = running
I1014 15:49:18.358299  9553 work_thread.hpp:81]  [T-Work-Recog_1] Run work: WorkCompare
I1014 15:49:18.358937  9553 work_compare.cpp:76] Compare face: 0 successed, similarity :0.997013, name : images/ThangLMb.jpg, normal size : 1548 * 1719!
I1014 15:49:18.367100  9548 demo_inner.hpp:177] decode queue size 0
I1014 15:49:18.367204  9551 work_thread.hpp:81]  [T-Work-Detect_0] Run work: WorkDetect
I1014 15:49:18.367239  9551 work_detect.cpp:102] Succeeded to add det start for frame 22
I1014 15:49:18.374676  9551 work_detect.cpp:70] Frame :22 detect result :1 face(s)
I1014 15:49:18.374730  9551 work_detect.cpp:86] Detected bbox: [129 x 172 from (262, 162)]
I1014 15:49:18.374780  9551 work_detect.cpp:120] Succeeded to add det end for frame 22
I1014 15:49:18.374799  9551 work_thread.hpp:81]  [T-Work-Detect_0] Run work: WrokTrack
I1014 15:49:18.374824  9551 work_track.cpp:82] Frame: 22 build input_characts: [0.201562 x 0.477778 from (0.409375, 0.45)], 0.999622, 0
I1014 15:49:18.374878  9551 work_track.cpp:102] Succeeded to set track lock for frame 22
I1014 15:49:18.374940  9551 work_track.cpp:116] Succeeded to release track lock for frame 22
I1014 15:49:18.374955  9551 work_track.cpp:120] Track results of frame 22: 1 objects input, 1 objects tracked!
I1014 15:49:18.374974  9551 work_track.cpp:148] Frame: 22, track bbox: [129 x 172 from (262.435, 163.033)], gid: 0, lid: 0
I1014 15:49:18.375011  9551 work_thread.hpp:87]  [T-Work-Detect_0] Frame :22 split
I1014 15:49:18.375088  9551 work_thread.hpp:120]  [T-Work-Detect_0] Valid piece: gid = 0
I1014 15:49:18.375108  9551 work_thread.hpp:91]  [T-Work-Detect_0] Push to split queue:recog
I1014 15:49:18.375180  9554 thread_intergrate.hpp:78] [T-Intergrate-intergrate] queue: frame output frame :22
I1014 15:49:18.375180  9552 work_thread.hpp:81]  [T-Work-Recog_0] Run work: WorkCapture
I1014 15:49:18.375211  9554 thread_intergrate.hpp:85] [T-Intergrate-intergrate] queue: compare output face:0
I1014 15:49:18.375294  9554 thread_intergrate.hpp:144] T-Intergrate-intergrate set matched face: 0
I1014 15:49:18.376037  9552 work_thread.hpp:81]  [T-Work-Recog_0] Run work: WorkRecog
I1014 15:49:18.376066  9552 work_recog.hpp:89] Face id: 0 will run recog: bbox [129 x 172 from (262, 162)] quality: 0.423635
I1014 15:49:18.376101  9552 work_recog.hpp:96] Recog pair: [184 x 232 from (232, 128)], [129 x 172 from (30, 34)]
I1014 15:49:18.376788  9554 thread_intergrate.hpp:188] T-Intergrate-intergrate Show face :0, size :640 * 360
I1014 15:49:18.377316  9550 demo_inner.hpp:435] thread [SORT-0]  frame id 22 sorting queue size 0   FPS: 29.6192
I1014 15:49:18.377416  9549 demo_inner.hpp:260]  gui queue size 0, state = running
I1014 15:49:18.393823  9552 work_thread.hpp:81]  [T-Work-Recog_0] Run work: WorkCompare
I1014 15:49:18.394289  9552 work_compare.cpp:76] Compare face: 0 successed, similarity :0.995794, name : images/ThangLMb.jpg, normal size : 1548 * 1719!
I1014 15:49:18.397265  9548 demo_inner.hpp:177] decode queue size 0
I1014 15:49:18.397354  9551 work_thread.hpp:81]  [T-Work-Detect_0] Run work: WorkDetect
I1014 15:49:18.397388  9551 work_detect.cpp:102] Succeeded to add det start for frame 23
I1014 15:49:18.404894  9551 work_detect.cpp:70] Frame :23 detect result :1 face(s)
I1014 15:49:18.404945  9551 work_detect.cpp:86] Detected bbox: [129 x 178 from (253, 158)]
I1014 15:49:18.404986  9551 work_detect.cpp:120] Succeeded to add det end for frame 23
I1014 15:49:18.405004  9551 work_thread.hpp:81]  [T-Work-Detect_0] Run work: WrokTrack
I1014 15:49:18.405027  9551 work_track.cpp:82] Frame: 23 build input_characts: [0.201562 x 0.494444 from (0.395312, 0.438889)], 1.00019, 0
I1014 15:49:18.405156  9551 work_track.cpp:102] Succeeded to set track lock for frame 23
I1014 15:49:18.405202  9551 work_track.cpp:116] Succeeded to release track lock for frame 23
I1014 15:49:18.405217  9551 work_track.cpp:120] Track results of frame 23: 1 objects input, 1 objects tracked!
I1014 15:49:18.405236  9551 work_track.cpp:148] Frame: 23, track bbox: [129 x 178 from (258.422, 157.773)], gid: 0, lid: 0
I1014 15:49:18.405272  9551 work_thread.hpp:87]  [T-Work-Detect_0] Frame :23 split
I1014 15:49:18.405318  9551 work_thread.hpp:120]  [T-Work-Detect_0] Valid piece: gid = 0
I1014 15:49:18.405339  9551 work_thread.hpp:91]  [T-Work-Detect_0] Push to split queue:recog
I1014 15:49:18.405386  9553 work_thread.hpp:81]  [T-Work-Recog_1] Run work: WorkCapture
I1014 15:49:18.405848  9554 thread_intergrate.hpp:78] [T-Intergrate-intergrate] queue: frame output frame :23
I1014 15:49:18.405877  9554 thread_intergrate.hpp:85] [T-Intergrate-intergrate] queue: compare output face:0
I1014 15:49:18.405897  9554 thread_intergrate.hpp:144] T-Intergrate-intergrate set matched face: 0
I1014 15:49:18.406101  9553 work_thread.hpp:81]  [T-Work-Recog_1] Run work: WorkRecog
I1014 15:49:18.406126  9553 work_recog.hpp:89] Face id: 0 will run recog: bbox [129 x 178 from (253, 158)] quality: 0.56185
I1014 15:49:18.406163  9553 work_recog.hpp:96] Recog pair: [184 x 240 from (224, 120)], [129 x 178 from (29, 38)]
I1014 15:49:18.407411  9554 thread_intergrate.hpp:188] T-Intergrate-intergrate Show face :0, size :640 * 360
I1014 15:49:18.408057  9550 demo_inner.hpp:435] thread [SORT-0]  frame id 23 sorting queue size 0   FPS: 29.77
I1014 15:49:18.408128  9549 demo_inner.hpp:260]  gui queue size 0, state = running
I1014 15:49:18.424336  9553 work_thread.hpp:81]  [T-Work-Recog_1] Run work: WorkCompare
I1014 15:49:18.424870  9553 work_compare.cpp:76] Compare face: 0 successed, similarity :0.997401, name : images/ThangLMb.jpg, normal size : 1548 * 1719!
I1014 15:49:18.433182  9548 demo_inner.hpp:177] decode queue size 0
I1014 15:49:18.433306  9551 work_thread.hpp:81]  [T-Work-Detect_0] Run work: WorkDetect
I1014 15:49:18.433352  9551 work_detect.cpp:102] Succeeded to add det start for frame 24
I1014 15:49:18.440757  9551 work_detect.cpp:70] Frame :24 detect result :1 face(s)
I1014 15:49:18.440886  9551 work_detect.cpp:86] Detected bbox: [137 x 176 from (258, 169)]
I1014 15:49:18.440930  9551 work_detect.cpp:120] Succeeded to add det end for frame 24
I1014 15:49:18.440946  9551 work_thread.hpp:81]  [T-Work-Detect_0] Run work: WrokTrack
I1014 15:49:18.440994  9551 work_track.cpp:82] Frame: 24 build input_characts: [0.214062 x 0.488889 from (0.403125, 0.469444)], 0.999622, 0
I1014 15:49:18.441108  9551 work_track.cpp:102] Succeeded to set track lock for frame 24
I1014 15:49:18.441148  9551 work_track.cpp:116] Succeeded to release track lock for frame 24
I1014 15:49:18.441162  9551 work_track.cpp:120] Track results of frame 24: 1 objects input, 1 objects tracked!
I1014 15:49:18.441179  9551 work_track.cpp:148] Frame: 24, track bbox: [137 x 176 from (255.376, 162.553)], gid: 0, lid: 0
I1014 15:49:18.441239  9551 work_thread.hpp:87]  [T-Work-Detect_0] Frame :24 split
I1014 15:49:18.441258  9551 work_thread.hpp:120]  [T-Work-Detect_0] Valid piece: gid = 0
I1014 15:49:18.441277  9551 work_thread.hpp:91]  [T-Work-Detect_0] Push to split queue:recog
I1014 15:49:18.441325  9552 work_thread.hpp:81]  [T-Work-Recog_0] Run work: WorkCapture
I1014 15:49:18.441326  9554 thread_intergrate.hpp:78] [T-Intergrate-intergrate] queue: frame output frame :24
I1014 15:49:18.441367  9554 thread_intergrate.hpp:85] [T-Intergrate-intergrate] queue: compare output face:0
I1014 15:49:18.441387  9554 thread_intergrate.hpp:144] T-Intergrate-intergrate set matched face: 0
I1014 15:49:18.442044  9552 work_thread.hpp:81]  [T-Work-Recog_0] Run work: WorkRecog
I1014 15:49:18.442070  9552 work_recog.hpp:89] Face id: 0 will run recog: bbox [137 x 176 from (258, 169)] quality: 0.411847
I1014 15:49:18.442104  9552 work_recog.hpp:96] Recog pair: [200 x 232 from (224, 128)], [137 x 176 from (34, 41)]
I1014 15:49:18.442872  9554 thread_intergrate.hpp:188] T-Intergrate-intergrate Show face :0, size :640 * 360
I1014 15:49:18.443374  9550 demo_inner.hpp:435] thread [SORT-0]  frame id 24 sorting queue size 0   FPS: 29.6774
I1014 15:49:18.443455  9549 demo_inner.hpp:260]  gui queue size 0, state = running
I1014 15:49:18.460103  9552 work_thread.hpp:81]  [T-Work-Recog_0] Run work: WorkCompare
I1014 15:49:18.460602  9552 work_compare.cpp:76] Compare face: 0 successed, similarity :0.995773, name : images/ThangLMb.jpg, normal size : 1548 * 1719!
I1014 15:49:18.469038  9548 demo_inner.hpp:177] decode queue size 0
I1014 15:49:18.469169  9551 work_thread.hpp:81]  [T-Work-Detect_0] Run work: WorkDetect
I1014 15:49:18.469208  9551 work_detect.cpp:102] Succeeded to add det start for frame 25
I1014 15:49:18.476733  9551 work_detect.cpp:70] Frame :25 detect result :1 face(s)
I1014 15:49:18.476790  9551 work_detect.cpp:86] Detected bbox: [128 x 172 from (263, 162)]
I1014 15:49:18.476835  9551 work_detect.cpp:120] Succeeded to add det end for frame 25
I1014 15:49:18.476850  9551 work_thread.hpp:81]  [T-Work-Detect_0] Run work: WrokTrack
I1014 15:49:18.476874  9551 work_track.cpp:82] Frame: 25 build input_characts: [0.2 x 0.477778 from (0.410937, 0.45)], 1.00019, 0
I1014 15:49:18.476953  9551 work_track.cpp:102] Succeeded to set track lock for frame 25
I1014 15:49:18.476992  9551 work_track.cpp:116] Succeeded to release track lock for frame 25
I1014 15:49:18.477006  9551 work_track.cpp:120] Track results of frame 25: 1 objects input, 1 objects tracked!
I1014 15:49:18.477082  9551 work_track.cpp:148] Frame: 25, track bbox: [128 x 172 from (262.193, 165.292)], gid: 0, lid: 0
I1014 15:49:18.477120  9551 work_thread.hpp:87]  [T-Work-Detect_0] Frame :25 split
I1014 15:49:18.477138  9551 work_thread.hpp:120]  [T-Work-Detect_0] Valid piece: gid = 0
I1014 15:49:18.477178  9551 work_thread.hpp:91]  [T-Work-Detect_0] Push to split queue:recog
I1014 15:49:18.477222  9552 work_thread.hpp:81]  [T-Work-Recog_0] Run work: WorkCapture
I1014 15:49:18.477226  9554 thread_intergrate.hpp:78] [T-Intergrate-intergrate] queue: frame output frame :25
I1014 15:49:18.477264  9554 thread_intergrate.hpp:85] [T-Intergrate-intergrate] queue: compare output face:0
I1014 15:49:18.477357  9554 thread_intergrate.hpp:144] T-Intergrate-intergrate set matched face: 0
I1014 15:49:18.478018  9552 work_thread.hpp:81]  [T-Work-Recog_0] Run work: WorkRecog
I1014 15:49:18.478044  9552 work_recog.hpp:89] Face id: 0 will run recog: bbox [128 x 172 from (263, 162)] quality: 0.417727
I1014 15:49:18.478078  9552 work_recog.hpp:96] Recog pair: [184 x 232 from (232, 128)], [128 x 172 from (31, 34)]
I1014 15:49:18.478833  9554 thread_intergrate.hpp:188] T-Intergrate-intergrate Show face :0, size :640 * 360
I1014 15:49:18.479431  9550 demo_inner.hpp:435] thread [SORT-0]  frame id 25 sorting queue size 0   FPS: 29.5931
I1014 15:49:18.479509  9549 demo_inner.hpp:260]  gui queue size 0, state = running
I1014 15:49:18.495648  9552 work_thread.hpp:81]  [T-Work-Recog_0] Run work: WorkCompare
I1014 15:49:18.496150  9552 work_compare.cpp:76] Compare face: 0 successed, similarity :0.996416, name : images/ThangLMb.jpg, normal size : 1548 * 1719!
I1014 15:49:18.499176  9548 demo_inner.hpp:177] decode queue size 0
I1014 15:49:18.499258  9551 work_thread.hpp:81]  [T-Work-Detect_0] Run work: WorkDetect
I1014 15:49:18.499315  9551 work_detect.cpp:102] Succeeded to add det start for frame 26
I1014 15:49:18.506376  9551 work_detect.cpp:70] Frame :26 detect result :1 face(s)
I1014 15:49:18.506433  9551 work_detect.cpp:86] Detected bbox: [131 x 182 from (252, 156)]
I1014 15:49:18.506476  9551 work_detect.cpp:120] Succeeded to add det end for frame 26
I1014 15:49:18.506492  9551 work_thread.hpp:81]  [T-Work-Detect_0] Run work: WrokTrack
I1014 15:49:18.506517  9551 work_track.cpp:82] Frame: 26 build input_characts: [0.204688 x 0.505556 from (0.39375, 0.433333)], 0.999622, 0
I1014 15:49:18.506595  9551 work_track.cpp:102] Succeeded to set track lock for frame 26
I1014 15:49:18.506635  9551 work_track.cpp:116] Succeeded to release track lock for frame 26
I1014 15:49:18.506650  9551 work_track.cpp:120] Track results of frame 26: 1 objects input, 1 objects tracked!
I1014 15:49:18.506667  9551 work_track.cpp:148] Frame: 26, track bbox: [131 x 182 from (255.436, 158.516)], gid: 0, lid: 0
I1014 15:49:18.506711  9551 work_thread.hpp:87]  [T-Work-Detect_0] Frame :26 split
I1014 15:49:18.506729  9551 work_thread.hpp:120]  [T-Work-Detect_0] Valid piece: gid = 0
I1014 15:49:18.506747  9551 work_thread.hpp:91]  [T-Work-Detect_0] Push to split queue:recog
I1014 15:49:18.506789  9553 work_thread.hpp:81]  [T-Work-Recog_1] Run work: WorkCapture
I1014 15:49:18.506800  9554 thread_intergrate.hpp:78] [T-Intergrate-intergrate] queue: frame output frame :26
I1014 15:49:18.506829  9554 thread_intergrate.hpp:85] [T-Intergrate-intergrate] queue: compare output face:0
I1014 15:49:18.506850  9554 thread_intergrate.hpp:144] T-Intergrate-intergrate set matched face: 0
I1014 15:49:18.507385  9553 work_thread.hpp:81]  [T-Work-Recog_1] Run work: WorkRecog
I1014 15:49:18.507411  9553 work_recog.hpp:89] Face id: 0 will run recog: bbox [131 x 182 from (252, 156)] quality: 0.561807
I1014 15:49:18.507441  9553 work_recog.hpp:96] Recog pair: [192 x 240 from (224, 120)], [131 x 182 from (28, 36)]
I1014 15:49:18.508354  9554 thread_intergrate.hpp:188] T-Intergrate-intergrate Show face :0, size :640 * 360
I1014 15:49:18.508919  9550 demo_inner.hpp:435] thread [SORT-0]  frame id 26 sorting queue size 0   FPS: 29.7619
I1014 15:49:18.518929  9549 demo_inner.hpp:260]  gui queue size 0, state = running
I1014 15:49:18.525277  9553 work_thread.hpp:81]  [T-Work-Recog_1] Run work: WorkCompare
I1014 15:49:18.525835  9553 work_compare.cpp:76] Compare face: 0 successed, similarity :0.996543, name : images/ThangLMb.jpg, normal size : 1548 * 1719!
I1014 15:49:18.534932  9548 demo_inner.hpp:177] decode queue size 0
I1014 15:49:18.535043  9551 work_thread.hpp:81]  [T-Work-Detect_0] Run work: WorkDetect
I1014 15:49:18.535079  9551 work_detect.cpp:102] Succeeded to add det start for frame 27
I1014 15:49:18.542690  9551 work_detect.cpp:70] Frame :27 detect result :1 face(s)
I1014 15:49:18.542748  9551 work_detect.cpp:86] Detected bbox: [134 x 187 from (251, 154)]
I1014 15:49:18.542958  9551 work_detect.cpp:120] Succeeded to add det end for frame 27
I1014 15:49:18.542984  9551 work_thread.hpp:81]  [T-Work-Detect_0] Run work: WrokTrack
I1014 15:49:18.543009  9551 work_track.cpp:82] Frame: 27 build input_characts: [0.209375 x 0.519444 from (0.392188, 0.427778)], 1.00019, 0
I1014 15:49:18.543138  9551 work_track.cpp:102] Succeeded to set track lock for frame 27
I1014 15:49:18.543177  9551 work_track.cpp:116] Succeeded to release track lock for frame 27
I1014 15:49:18.543192  9551 work_track.cpp:120] Track results of frame 27: 1 objects input, 1 objects tracked!
I1014 15:49:18.543210  9551 work_track.cpp:148] Frame: 27, track bbox: [134 x 187 from (252.173, 154.764)], gid: 0, lid: 0
I1014 15:49:18.543253  9551 work_thread.hpp:87]  [T-Work-Detect_0] Frame :27 split
I1014 15:49:18.543288  9551 work_thread.hpp:120]  [T-Work-Detect_0] Valid piece: gid = 0
I1014 15:49:18.543308  9551 work_thread.hpp:91]  [T-Work-Detect_0] Push to split queue:recog
I1014 15:49:18.543359  9553 work_thread.hpp:81]  [T-Work-Recog_1] Run work: WorkCapture
I1014 15:49:18.543366  9554 thread_intergrate.hpp:78] [T-Intergrate-intergrate] queue: frame output frame :27
I1014 15:49:18.543395  9554 thread_intergrate.hpp:85] [T-Intergrate-intergrate] queue: compare output face:0
I1014 15:49:18.543414  9554 thread_intergrate.hpp:144] T-Intergrate-intergrate set matched face: 0
I1014 15:49:18.544040  9553 work_thread.hpp:81]  [T-Work-Recog_1] Run work: WorkRecog
I1014 15:49:18.544070  9553 work_recog.hpp:89] Face id: 0 will run recog: bbox [134 x 187 from (251, 154)] quality: 0.418044
I1014 15:49:18.544102  9553 work_recog.hpp:96] Recog pair: [192 x 248 from (224, 112)], [134 x 187 from (27, 42)]
I1014 15:49:18.544911  9554 thread_intergrate.hpp:188] T-Intergrate-intergrate Show face :0, size :640 * 360
I1014 15:49:18.545450  9550 demo_inner.hpp:435] thread [SORT-0]  frame id 27 sorting queue size 0   FPS: 29.6465
I1014 15:49:18.561519  9553 work_thread.hpp:81]  [T-Work-Recog_1] Run work: WorkCompare
I1014 15:49:18.561986  9553 work_compare.cpp:76] Compare face: 0 successed, similarity :0.995423, name : images/ThangLMb.jpg, normal size : 1548 * 1719!
I1014 15:49:18.565588  9548 demo_inner.hpp:177] decode queue size 0
I1014 15:49:18.565707  9551 work_thread.hpp:81]  [T-Work-Detect_0] Run work: WorkDetect
I1014 15:49:18.565752  9551 work_detect.cpp:102] Succeeded to add det start for frame 28
I1014 15:49:18.573004  9551 work_detect.cpp:70] Frame :28 detect result :1 face(s)
I1014 15:49:18.573125  9551 work_detect.cpp:86] Detected bbox: [128 x 180 from (252, 158)]
I1014 15:49:18.573170  9551 work_detect.cpp:120] Succeeded to add det end for frame 28
I1014 15:49:18.573187  9551 work_thread.hpp:81]  [T-Work-Detect_0] Run work: WrokTrack
I1014 15:49:18.573212  9551 work_track.cpp:82] Frame: 28 build input_characts: [0.2 x 0.5 from (0.39375, 0.438889)], 1.00019, 0
I1014 15:49:18.573276  9551 work_track.cpp:102] Succeeded to set track lock for frame 28
I1014 15:49:18.573334  9551 work_track.cpp:116] Succeeded to release track lock for frame 28
I1014 15:49:18.573350  9551 work_track.cpp:120] Track results of frame 28: 1 objects input, 1 objects tracked!
I1014 15:49:18.573376  9551 work_track.cpp:148] Frame: 28, track bbox: [128 x 180 from (253.38, 157.331)], gid: 0, lid: 0
I1014 15:49:18.573413  9551 work_thread.hpp:87]  [T-Work-Detect_0] Frame :28 split
I1014 15:49:18.573431  9551 work_thread.hpp:120]  [T-Work-Detect_0] Valid piece: gid = 0
I1014 15:49:18.573449  9551 work_thread.hpp:91]  [T-Work-Detect_0] Push to split queue:recog
I1014 15:49:18.573495  9554 thread_intergrate.hpp:78] [T-Intergrate-intergrate] queue: frame output frame :28
I1014 15:49:18.573495  9552 work_thread.hpp:81]  [T-Work-Recog_0] Run work: WorkCapture
I1014 15:49:18.573524  9554 thread_intergrate.hpp:85] [T-Intergrate-intergrate] queue: compare output face:0
I1014 15:49:18.573544  9554 thread_intergrate.hpp:144] T-Intergrate-intergrate set matched face: 0
I1014 15:49:18.574278  9552 work_thread.hpp:81]  [T-Work-Recog_0] Run work: WorkRecog
I1014 15:49:18.574390  9552 work_recog.hpp:89] Face id: 0 will run recog: bbox [128 x 180 from (252, 158)] quality: 0.561702
I1014 15:49:18.574427  9552 work_recog.hpp:96] Recog pair: [184 x 240 from (224, 120)], [128 x 180 from (28, 38)]
I1014 15:49:18.575021  9554 thread_intergrate.hpp:188] T-Intergrate-intergrate Show face :0, size :640 * 360
I1014 15:49:18.575546  9550 demo_inner.hpp:435] thread [SORT-0]  frame id 28 sorting queue size 1   FPS: 29.7685
I1014 15:49:18.586563  9549 demo_inner.hpp:260]  gui queue size 1, state = running
I1014 15:49:18.592417  9552 work_thread.hpp:81]  [T-Work-Recog_0] Run work: WorkCompare
I1014 15:49:18.592882  9552 work_compare.cpp:76] Compare face: 0 successed, similarity :0.998058, name : images/ThangLMb.jpg, normal size : 1548 * 1719!
I1014 15:49:18.601186  9548 demo_inner.hpp:177] decode queue size 0
I1014 15:49:18.601299  9551 work_thread.hpp:81]  [T-Work-Detect_0] Run work: WorkDetect
I1014 15:49:18.601336  9551 work_detect.cpp:102] Succeeded to add det start for frame 29
I1014 15:49:18.608907  9551 work_detect.cpp:70] Frame :29 detect result :1 face(s)
I1014 15:49:18.608963  9551 work_detect.cpp:86] Detected bbox: [134 x 185 from (252, 157)]
I1014 15:49:18.609021  9551 work_detect.cpp:120] Succeeded to add det end for frame 29
I1014 15:49:18.609097  9551 work_thread.hpp:81]  [T-Work-Detect_0] Run work: WrokTrack
I1014 15:49:18.609122  9551 work_track.cpp:82] Frame: 29 build input_characts: [0.209375 x 0.513889 from (0.39375, 0.436111)], 1.00035, 0
I1014 15:49:18.609185  9551 work_track.cpp:102] Succeeded to set track lock for frame 29
I1014 15:49:18.609225  9551 work_track.cpp:116] Succeeded to release track lock for frame 29
I1014 15:49:18.609239  9551 work_track.cpp:120] Track results of frame 29: 1 objects input, 1 objects tracked!
I1014 15:49:18.609277  9551 work_track.cpp:148] Frame: 29, track bbox: [134 x 185 from (248.662, 154.355)], gid: 0, lid: 0
I1014 15:49:18.609396  9551 work_thread.hpp:87]  [T-Work-Detect_0] Frame :29 split
I1014 15:49:18.609423  9551 work_thread.hpp:120]  [T-Work-Detect_0] Valid piece: gid = 0
I1014 15:49:18.609442  9551 work_thread.hpp:91]  [T-Work-Detect_0] Push to split queue:recog
I1014 15:49:18.609489  9553 work_thread.hpp:81]  [T-Work-Recog_1] Run work: WorkCapture
I1014 15:49:18.609490  9554 thread_intergrate.hpp:78] [T-Intergrate-intergrate] queue: frame output frame :29
I1014 15:49:18.609534  9554 thread_intergrate.hpp:85] [T-Intergrate-intergrate] queue: compare output face:0
I1014 15:49:18.609555  9554 thread_intergrate.hpp:144] T-Intergrate-intergrate set matched face: 0
I1014 15:49:18.610091  9553 work_thread.hpp:81]  [T-Work-Recog_1] Run work: WorkRecog
I1014 15:49:18.610118  9553 work_recog.hpp:89] Face id: 0 will run recog: bbox [134 x 185 from (252, 157)] quality: 0.705684
I1014 15:49:18.610150  9553 work_recog.hpp:96] Recog pair: [192 x 240 from (224, 120)], [134 x 185 from (28, 37)]
I1014 15:49:18.611039  9554 thread_intergrate.hpp:188] T-Intergrate-intergrate Show face :0, size :640 * 360
I1014 15:49:18.611573  9550 demo_inner.hpp:435] thread [SORT-0]  frame id 29 sorting queue size 0   FPS: 29.6925
I1014 15:49:18.627755  9553 work_thread.hpp:81]  [T-Work-Recog_1] Run work: WorkCompare
I1014 15:49:18.628240  9553 work_compare.cpp:76] Compare face: 0 successed, similarity :0.996442, name : images/ThangLMb.jpg, normal size : 1548 * 1719!
I1014 15:49:18.631306  9548 demo_inner.hpp:177] decode queue size 0
I1014 15:49:18.631422  9551 work_thread.hpp:81]  [T-Work-Detect_0] Run work: WorkDetect
I1014 15:49:18.631551  9551 work_detect.cpp:102] Succeeded to add det start for frame 30
I1014 15:49:18.638833  9551 work_detect.cpp:70] Frame :30 detect result :1 face(s)
I1014 15:49:18.638880  9551 work_detect.cpp:86] Detected bbox: [130 x 178 from (260, 161)]
I1014 15:49:18.638938  9551 work_detect.cpp:120] Succeeded to add det end for frame 30
I1014 15:49:18.638963  9551 work_thread.hpp:81]  [T-Work-Detect_0] Run work: WrokTrack
I1014 15:49:18.638988  9551 work_track.cpp:82] Frame: 30 build input_characts: [0.203125 x 0.494444 from (0.40625, 0.447222)], 1.00019, 0
I1014 15:49:18.639194  9551 work_track.cpp:102] Succeeded to set track lock for frame 30
I1014 15:49:18.639233  9551 work_track.cpp:116] Succeeded to release track lock for frame 30
I1014 15:49:18.639248  9551 work_track.cpp:120] Track results of frame 30: 1 objects input, 1 objects tracked!
I1014 15:49:18.639266  9551 work_track.cpp:148] Frame: 30, track bbox: [130 x 178 from (254.873, 160.626)], gid: 0, lid: 0
I1014 15:49:18.639302  9551 work_thread.hpp:87]  [T-Work-Detect_0] Frame :30 split
I1014 15:49:18.639328  9551 work_thread.hpp:120]  [T-Work-Detect_0] Valid piece: gid = 0
I1014 15:49:18.639348  9551 work_thread.hpp:91]  [T-Work-Detect_0] Push to split queue:recog
I1014 15:49:18.639391  9552 work_thread.hpp:81]  [T-Work-Recog_0] Run work: WorkCapture
I1014 15:49:18.639392  9554 thread_intergrate.hpp:78] [T-Intergrate-intergrate] queue: frame output frame :30
I1014 15:49:18.639432  9554 thread_intergrate.hpp:85] [T-Intergrate-intergrate] queue: compare output face:0
I1014 15:49:18.639451  9554 thread_intergrate.hpp:144] T-Intergrate-intergrate set matched face: 0
I1014 15:49:18.640041  9552 work_thread.hpp:81]  [T-Work-Recog_0] Run work: WorkRecog
I1014 15:49:18.640067  9552 work_recog.hpp:89] Face id: 0 will run recog: bbox [130 x 178 from (260, 161)] quality: 0.705638
I1014 15:49:18.640100  9552 work_recog.hpp:96] Recog pair: [184 x 240 from (232, 120)], [130 x 178 from (28, 41)]
I1014 15:49:18.640938  9554 thread_intergrate.hpp:188] T-Intergrate-intergrate Show face :0, size :640 * 360
I1014 15:49:18.641495  9550 demo_inner.hpp:435] thread [SORT-0]  frame id 30 sorting queue size 1   FPS: 29.8047
I1014 15:49:18.657546  9552 work_thread.hpp:81]  [T-Work-Recog_0] Run work: WorkCompare
I1014 15:49:18.658113  9552 work_compare.cpp:76] Compare face: 0 successed, similarity :0.994842, name : images/ThangLMb.jpg, normal size : 1548 * 1719!
I1014 15:49:18.664194  9549 demo_inner.hpp:260]  gui queue size 1, state = running
I1014 15:49:18.667182  9548 demo_inner.hpp:177] decode queue size 0
I1014 15:49:18.667304  9551 work_thread.hpp:81]  [T-Work-Detect_0] Run work: WorkDetect
I1014 15:49:18.667372  9551 work_detect.cpp:102] Succeeded to add det start for frame 31
I1014 15:49:18.674888  9551 work_detect.cpp:70] Frame :31 detect result :1 face(s)
I1014 15:49:18.674930  9551 work_detect.cpp:86] Detected bbox: [131 x 184 from (253, 157)]
I1014 15:49:18.674988  9551 work_detect.cpp:120] Succeeded to add det end for frame 31
I1014 15:49:18.675011  9551 work_thread.hpp:81]  [T-Work-Detect_0] Run work: WrokTrack
I1014 15:49:18.675091  9551 work_track.cpp:82] Frame: 31 build input_characts: [0.204688 x 0.511111 from (0.395312, 0.436111)], 1.00035, 0
I1014 15:49:18.675155  9551 work_track.cpp:102] Succeeded to set track lock for frame 31
I1014 15:49:18.675212  9551 work_track.cpp:116] Succeeded to release track lock for frame 31
I1014 15:49:18.675227  9551 work_track.cpp:120] Track results of frame 31: 1 objects input, 1 objects tracked!
I1014 15:49:18.675253  9551 work_track.cpp:148] Frame: 31, track bbox: [131 x 184 from (255.579, 157.85)], gid: 0, lid: 0
I1014 15:49:18.675290  9551 work_thread.hpp:87]  [T-Work-Detect_0] Frame :31 split
I1014 15:49:18.675308  9551 work_thread.hpp:120]  [T-Work-Detect_0] Valid piece: gid = 0
I1014 15:49:18.675326  9551 work_thread.hpp:91]  [T-Work-Detect_0] Push to split queue:recog
I1014 15:49:18.675370  9552 work_thread.hpp:81]  [T-Work-Recog_0] Run work: WorkCapture
I1014 15:49:18.675372  9554 thread_intergrate.hpp:78] [T-Intergrate-intergrate] queue: frame output frame :31
I1014 15:49:18.675413  9554 thread_intergrate.hpp:85] [T-Intergrate-intergrate] queue: compare output face:0
I1014 15:49:18.675432  9554 thread_intergrate.hpp:144] T-Intergrate-intergrate set matched face: 0
I1014 15:49:18.676057  9552 work_thread.hpp:81]  [T-Work-Recog_0] Run work: WorkRecog
I1014 15:49:18.676084  9552 work_recog.hpp:89] Face id: 0 will run recog: bbox [131 x 184 from (253, 157)] quality: 0.405693
I1014 15:49:18.676117  9552 work_recog.hpp:96] Recog pair: [192 x 240 from (224, 120)], [131 x 184 from (29, 37)]
I1014 15:49:18.676936  9554 thread_intergrate.hpp:188] T-Intergrate-intergrate Show face :0, size :640 * 360
I1014 15:49:18.677459  9550 demo_inner.hpp:435] thread [SORT-0]  frame id 31 sorting queue size 0   FPS: 29.7324
I1014 15:49:18.693531  9552 work_thread.hpp:81]  [T-Work-Recog_0] Run work: WorkCompare
I1014 15:49:18.694061  9552 work_compare.cpp:76] Compare face: 0 successed, similarity :0.99496, name : images/ThangLMb.jpg, normal size : 1548 * 1719!
I1014 15:49:18.702873  9548 demo_inner.hpp:177] decode queue size 0
I1014 15:49:18.702983  9551 work_thread.hpp:81]  [T-Work-Detect_0] Run work: WorkDetect
I1014 15:49:18.703020  9551 work_detect.cpp:102] Succeeded to add det start for frame 32
I1014 15:49:18.710510  9551 work_detect.cpp:70] Frame :32 detect result :1 face(s)
I1014 15:49:18.710583  9551 work_detect.cpp:86] Detected bbox: [134 x 187 from (252, 156)]
I1014 15:49:18.710626  9551 work_detect.cpp:120] Succeeded to add det end for frame 32
I1014 15:49:18.710644  9551 work_thread.hpp:81]  [T-Work-Detect_0] Run work: WrokTrack
I1014 15:49:18.710667  9551 work_track.cpp:82] Frame: 32 build input_characts: [0.209375 x 0.519444 from (0.39375, 0.433333)], 1.00035, 0
I1014 15:49:18.710731  9551 work_track.cpp:102] Succeeded to set track lock for frame 32
I1014 15:49:18.710788  9551 work_track.cpp:116] Succeeded to release track lock for frame 32
I1014 15:49:18.710810  9551 work_track.cpp:120] Track results of frame 32: 1 objects input, 1 objects tracked!
I1014 15:49:18.710829  9551 work_track.cpp:148] Frame: 32, track bbox: [134 x 187 from (253.554, 156.371)], gid: 0, lid: 0
I1014 15:49:18.710865  9551 work_thread.hpp:87]  [T-Work-Detect_0] Frame :32 split
I1014 15:49:18.710882  9551 work_thread.hpp:120]  [T-Work-Detect_0] Valid piece: gid = 0
I1014 15:49:18.710901  9551 work_thread.hpp:91]  [T-Work-Detect_0] Push to split queue:recog
I1014 15:49:18.710952  9552 work_thread.hpp:81]  [T-Work-Recog_0] Run work: WorkCapture
I1014 15:49:18.710955  9554 thread_intergrate.hpp:78] [T-Intergrate-intergrate] queue: frame output frame :32
I1014 15:49:18.710994  9554 thread_intergrate.hpp:85] [T-Intergrate-intergrate] queue: compare output face:0
I1014 15:49:18.711012  9554 thread_intergrate.hpp:144] T-Intergrate-intergrate set matched face: 0
I1014 15:49:18.711530  9552 work_thread.hpp:81]  [T-Work-Recog_0] Run work: WorkRecog
I1014 15:49:18.711556  9552 work_recog.hpp:89] Face id: 0 will run recog: bbox [134 x 187 from (252, 156)] quality: 0.622292
I1014 15:49:18.711587  9552 work_recog.hpp:96] Recog pair: [192 x 248 from (224, 112)], [134 x 187 from (28, 44)]
I1014 15:49:18.712507  9554 thread_intergrate.hpp:188] T-Intergrate-intergrate Show face :0, size :640 * 360
I1014 15:49:18.713073  9550 demo_inner.hpp:435] thread [SORT-0]  frame id 32 sorting queue size 1   FPS: 29.6935
I1014 15:49:18.729194  9552 work_thread.hpp:81]  [T-Work-Recog_0] Run work: WorkCompare
I1014 15:49:18.729692  9552 work_compare.cpp:76] Compare face: 0 successed, similarity :0.996404, name : images/ThangLMb.jpg, normal size : 1548 * 1719!
I1014 15:49:18.733634  9548 demo_inner.hpp:177] decode queue size 0
I1014 15:49:18.733739  9551 work_thread.hpp:81]  [T-Work-Detect_0] Run work: WorkDetect
I1014 15:49:18.733798  9551 work_detect.cpp:102] Succeeded to add det start for frame 33
I1014 15:49:18.741441  9551 work_detect.cpp:70] Frame :33 detect result :1 face(s)
I1014 15:49:18.741489  9551 work_detect.cpp:86] Detected bbox: [132 x 180 from (259, 170)]
I1014 15:49:18.741547  9551 work_detect.cpp:120] Succeeded to add det end for frame 33
I1014 15:49:18.741572  9551 work_thread.hpp:81]  [T-Work-Detect_0] Run work: WrokTrack
I1014 15:49:18.741597  9551 work_track.cpp:82] Frame: 33 build input_characts: [0.20625 x 0.5 from (0.404687, 0.472222)], 0.998877, 0
I1014 15:49:18.741652  9551 work_track.cpp:102] Succeeded to set track lock for frame 33
I1014 15:49:18.741837  9551 work_track.cpp:116] Succeeded to release track lock for frame 33
I1014 15:49:18.741853  9551 work_track.cpp:120] Track results of frame 33: 1 objects input, 1 objects tracked!
I1014 15:49:18.741961  9551 work_track.cpp:148] Frame: 33, track bbox: [132 x 180 from (257.162, 165.207)], gid: 0, lid: 0
I1014 15:49:18.742022  9551 work_thread.hpp:87]  [T-Work-Detect_0] Frame :33 split
I1014 15:49:18.742041  9551 work_thread.hpp:120]  [T-Work-Detect_0] Valid piece: gid = 0
I1014 15:49:18.742069  9551 work_thread.hpp:91]  [T-Work-Detect_0] Push to split queue:recog
I1014 15:49:18.742113  9553 work_thread.hpp:81]  [T-Work-Recog_1] Run work: WorkCapture
I1014 15:49:18.742115  9554 thread_intergrate.hpp:78] [T-Intergrate-intergrate] queue: frame output frame :33
I1014 15:49:18.742161  9554 thread_intergrate.hpp:85] [T-Intergrate-intergrate] queue: compare output face:0
I1014 15:49:18.742179  9554 thread_intergrate.hpp:144] T-Intergrate-intergrate set matched face: 0
I1014 15:49:18.742735  9553 work_thread.hpp:81]  [T-Work-Recog_1] Run work: WorkRecog
I1014 15:49:18.742763  9553 work_recog.hpp:89] Face id: 0 will run recog: bbox [132 x 180 from (259, 170)] quality: 0.530665
I1014 15:49:18.742796  9553 work_recog.hpp:96] Recog pair: [192 x 232 from (232, 128)], [132 x 180 from (27, 42)]
I1014 15:49:18.743674  9554 thread_intergrate.hpp:188] T-Intergrate-intergrate Show face :0, size :640 * 360
I1014 15:49:18.744194  9550 demo_inner.hpp:435] thread [SORT-0]  frame id 33 sorting queue size 2   FPS: 29.7674
I1014 15:49:18.747922  9549 demo_inner.hpp:260]  gui queue size 2, state = running
I1014 15:49:18.760385  9553 work_thread.hpp:81]  [T-Work-Recog_1] Run work: WorkCompare
I1014 15:49:18.760851  9553 work_compare.cpp:76] Compare face: 0 successed, similarity :0.993869, name : images/ThangLMb.jpg, normal size : 1548 * 1719!
I1014 15:49:18.769119  9548 demo_inner.hpp:177] decode queue size 0
I1014 15:49:18.769237  9551 work_thread.hpp:81]  [T-Work-Detect_0] Run work: WorkDetect
I1014 15:49:18.769279  9551 work_detect.cpp:102] Succeeded to add det start for frame 34
I1014 15:49:18.776827  9551 work_detect.cpp:70] Frame :34 detect result :1 face(s)
I1014 15:49:18.776887  9551 work_detect.cpp:86] Detected bbox: [132 x 180 from (252, 159)]
I1014 15:49:18.776931  9551 work_detect.cpp:120] Succeeded to add det end for frame 34
I1014 15:49:18.776947  9551 work_thread.hpp:81]  [T-Work-Detect_0] Run work: WrokTrack
I1014 15:49:18.776989  9551 work_track.cpp:82] Frame: 34 build input_characts: [0.20625 x 0.5 from (0.39375, 0.441667)], 0.999622, 0
I1014 15:49:18.777104  9551 work_track.cpp:102] Succeeded to set track lock for frame 34
I1014 15:49:18.777151  9551 work_track.cpp:116] Succeeded to release track lock for frame 34
I1014 15:49:18.777166  9551 work_track.cpp:120] Track results of frame 34: 1 objects input, 1 objects tracked!
I1014 15:49:18.777184  9551 work_track.cpp:148] Frame: 34, track bbox: [132 x 180 from (254.447, 163.157)], gid: 0, lid: 0
I1014 15:49:18.777236  9551 work_thread.hpp:87]  [T-Work-Detect_0] Frame :34 split
I1014 15:49:18.777262  9551 work_thread.hpp:120]  [T-Work-Detect_0] Valid piece: gid = 0
I1014 15:49:18.777281  9551 work_thread.hpp:91]  [T-Work-Detect_0] Push to split queue:recog
I1014 15:49:18.777336  9552 work_thread.hpp:81]  [T-Work-Recog_0] Run work: WorkCapture
I1014 15:49:18.777338  9554 thread_intergrate.hpp:78] [T-Intergrate-intergrate] queue: frame output frame :34
I1014 15:49:18.777379  9554 thread_intergrate.hpp:85] [T-Intergrate-intergrate] queue: compare output face:0
I1014 15:49:18.777398  9554 thread_intergrate.hpp:144] T-Intergrate-intergrate set matched face: 0
I1014 15:49:18.778049  9552 work_thread.hpp:81]  [T-Work-Recog_0] Run work: WorkRecog
I1014 15:49:18.778075  9552 work_recog.hpp:89] Face id: 0 will run recog: bbox [132 x 180 from (252, 159)] quality: 0.417822
I1014 15:49:18.778108  9552 work_recog.hpp:96] Recog pair: [192 x 240 from (224, 120)], [132 x 180 from (28, 39)]
I1014 15:49:18.778899  9554 thread_intergrate.hpp:188] T-Intergrate-intergrate Show face :0, size :640 * 360
I1014 15:49:18.779398  9550 demo_inner.hpp:435] thread [SORT-0]  frame id 34 sorting queue size 0   FPS: 29.703
I1014 15:49:18.795477  9552 work_thread.hpp:81]  [T-Work-Recog_0] Run work: WorkCompare
I1014 15:49:18.796015  9552 work_compare.cpp:76] Compare face: 0 successed, similarity :0.995457, name : images/ThangLMb.jpg, normal size : 1548 * 1719!
I1014 15:49:18.799154  9548 demo_inner.hpp:177] decode queue size 0
I1014 15:49:18.799257  9551 work_thread.hpp:81]  [T-Work-Detect_0] Run work: WorkDetect
I1014 15:49:18.799301  9551 work_detect.cpp:102] Succeeded to add det start for frame 35
I1014 15:49:18.806691  9551 work_detect.cpp:70] Frame :35 detect result :1 face(s)
I1014 15:49:18.806740  9551 work_detect.cpp:86] Detected bbox: [136 x 192 from (249, 153)]
I1014 15:49:18.806789  9551 work_detect.cpp:120] Succeeded to add det end for frame 35
I1014 15:49:18.806807  9551 work_thread.hpp:81]  [T-Work-Detect_0] Run work: WrokTrack
I1014 15:49:18.806830  9551 work_track.cpp:82] Frame: 35 build input_characts: [0.2125 x 0.533333 from (0.389062, 0.425)], 1.00019, 0
I1014 15:49:18.806911  9551 work_track.cpp:102] Succeeded to set track lock for frame 35
I1014 15:49:18.806951  9551 work_track.cpp:116] Succeeded to release track lock for frame 35
I1014 15:49:18.806965  9551 work_track.cpp:120] Track results of frame 35: 1 objects input, 1 objects tracked!
I1014 15:49:18.806984  9551 work_track.cpp:148] Frame: 35, track bbox: [136 x 192 from (249.864, 155.463)], gid: 0, lid: 0
I1014 15:49:18.807027  9551 work_thread.hpp:87]  [T-Work-Detect_0] Frame :35 split
I1014 15:49:18.807116  9551 work_thread.hpp:120]  [T-Work-Detect_0] Valid piece: gid = 0
I1014 15:49:18.807135  9551 work_thread.hpp:91]  [T-Work-Detect_0] Push to split queue:recog
I1014 15:49:18.807188  9553 work_thread.hpp:81]  [T-Work-Recog_1] Run work: WorkCapture
I1014 15:49:18.807191  9554 thread_intergrate.hpp:78] [T-Intergrate-intergrate] queue: frame output frame :35
I1014 15:49:18.807224  9554 thread_intergrate.hpp:85] [T-Intergrate-intergrate] queue: compare output face:0
I1014 15:49:18.807242  9554 thread_intergrate.hpp:144] T-Intergrate-intergrate set matched face: 0
I1014 15:49:18.808019  9553 work_thread.hpp:81]  [T-Work-Recog_1] Run work: WorkRecog
I1014 15:49:18.808049  9553 work_recog.hpp:89] Face id: 0 will run recog: bbox [136 x 192 from (249, 153)] quality: 0.429564
I1014 15:49:18.808085  9553 work_recog.hpp:96] Recog pair: [200 x 248 from (216, 112)], [136 x 192 from (33, 41)]
I1014 15:49:18.808730  9554 thread_intergrate.hpp:188] T-Intergrate-intergrate Show face :0, size :640 * 360
I1014 15:49:18.809286  9550 demo_inner.hpp:435] thread [SORT-0]  frame id 35 sorting queue size 1   FPS: 29.8246
I1014 15:49:18.825441  9553 work_thread.hpp:81]  [T-Work-Recog_1] Run work: WorkCompare
I1014 15:49:18.825984  9553 work_compare.cpp:76] Compare face: 0 successed, similarity :0.995602, name : images/ThangLMb.jpg, normal size : 1548 * 1719!
I1014 15:49:18.831703  9549 demo_inner.hpp:260]  gui queue size 1, state = running
I1014 15:49:18.835031  9548 demo_inner.hpp:177] decode queue size 0
I1014 15:49:18.835160  9551 work_thread.hpp:81]  [T-Work-Detect_0] Run work: WorkDetect
I1014 15:49:18.835196  9551 work_detect.cpp:102] Succeeded to add det start for frame 36
I1014 15:49:18.842706  9551 work_detect.cpp:70] Frame :36 detect result :1 face(s)
I1014 15:49:18.842759  9551 work_detect.cpp:86] Detected bbox: [134 x 185 from (259, 159)]
I1014 15:49:18.842818  9551 work_detect.cpp:120] Succeeded to add det end for frame 36
I1014 15:49:18.842842  9551 work_thread.hpp:81]  [T-Work-Detect_0] Run work: WrokTrack
I1014 15:49:18.842869  9551 work_track.cpp:82] Frame: 36 build input_characts: [0.209375 x 0.513889 from (0.404687, 0.441667)], 1.00019, 0
I1014 15:49:18.842924  9551 work_track.cpp:102] Succeeded to set track lock for frame 36
I1014 15:49:18.842972  9551 work_track.cpp:116] Succeeded to release track lock for frame 36
I1014 15:49:18.842988  9551 work_track.cpp:120] Track results of frame 36: 1 objects input, 1 objects tracked!
I1014 15:49:18.843005  9551 work_track.cpp:148] Frame: 36, track bbox: [134 x 185 from (255.339, 158.809)], gid: 0, lid: 0
I1014 15:49:18.843114  9551 work_thread.hpp:87]  [T-Work-Detect_0] Frame :36 split
I1014 15:49:18.843210  9551 work_thread.hpp:120]  [T-Work-Detect_0] Valid piece: gid = 0
I1014 15:49:18.843231  9551 work_thread.hpp:91]  [T-Work-Detect_0] Push to split queue:recog
I1014 15:49:18.843277  9553 work_thread.hpp:81]  [T-Work-Recog_1] Run work: WorkCapture
I1014 15:49:18.843279  9554 thread_intergrate.hpp:78] [T-Intergrate-intergrate] queue: frame output frame :36
I1014 15:49:18.843319  9554 thread_intergrate.hpp:85] [T-Intergrate-intergrate] queue: compare output face:0
I1014 15:49:18.843338  9554 thread_intergrate.hpp:144] T-Intergrate-intergrate set matched face: 0
I1014 15:49:18.844041  9553 work_thread.hpp:81]  [T-Work-Recog_1] Run work: WorkRecog
I1014 15:49:18.844069  9553 work_recog.hpp:89] Face id: 0 will run recog: bbox [134 x 185 from (259, 159)] quality: 0.798139
I1014 15:49:18.844103  9553 work_recog.hpp:96] Recog pair: [192 x 240 from (232, 120)], [134 x 185 from (27, 39)]
I1014 15:49:18.844841  9554 thread_intergrate.hpp:188] T-Intergrate-intergrate Show face :0, size :640 * 360
I1014 15:49:18.845392  9550 demo_inner.hpp:435] thread [SORT-0]  frame id 36 sorting queue size 0   FPS: 29.7366
I1014 15:49:18.861485  9553 work_thread.hpp:81]  [T-Work-Recog_1] Run work: WorkCompare
I1014 15:49:18.861948  9553 work_compare.cpp:76] Compare face: 0 successed, similarity :0.996376, name : images/ThangLMb.jpg, normal size : 1548 * 1719!
