Log file created at: 2019/10/14 10:56:38
Running on machine: zcu104
Log line format: [IWEF]mmdd hh:mm:ss.uuuuuu threadid file:line] msg
I1014 10:56:38.106055  4487 feature_lib.cpp:107] Feature lib read name: images/thanglmb.jpg
I1014 10:56:38.107000  4487 feature_lib.cpp:129] Read lib face : images/thanglmb.jpg
I1014 10:56:38.107056  4487 feature_lib.cpp:143] Loading normal image: images/thanglmb.jpg...
I1014 10:56:38.115028  4487 feature_lib.cpp:148] Load normal image: images/thanglmb.jpg done size: 640 * 360
I1014 10:56:38.482982  4487 demo_inner.hpp:126] thread [DedodeThread-0] is starting
I1014 10:56:38.483157  4487 demo_inner.hpp:126] thread [GUIThread] is starting
I1014 10:56:38.483250  4490 demo_inner.hpp:101] thread [DedodeThread-0] is started
I1014 10:56:38.483263  4487 demo_inner.hpp:126] thread [SORT-0] is starting
I1014 10:56:38.483319  4491 demo_inner.hpp:101] thread [GUIThread] is started
I1014 10:56:38.483335  4487 demo_inner.hpp:126] thread [T-Work-Detect_0] is starting
I1014 10:56:38.483392  4492 demo_inner.hpp:101] thread [SORT-0] is started
I1014 10:56:38.483398  4487 demo_inner.hpp:126] thread [T-Work-Recog_0] is starting
I1014 10:56:38.483443  4493 demo_inner.hpp:101] thread [T-Work-Detect_0] is started
I1014 10:56:38.483475  4487 demo_inner.hpp:126] thread [T-Work-Recog_1] is starting
I1014 10:56:38.483530  4494 demo_inner.hpp:101] thread [T-Work-Recog_0] is started
I1014 10:56:38.483551  4487 demo_inner.hpp:126] thread [T-Intergrate-intergrate] is starting
I1014 10:56:38.483572  4495 demo_inner.hpp:101] thread [T-Work-Recog_1] is started
I1014 10:56:38.483613  4487 demo_inner.hpp:137] waiting for [GUIThread] ended
I1014 10:56:38.483641  4496 demo_inner.hpp:101] thread [T-Intergrate-intergrate] is started
I1014 10:56:39.184796  4490 demo_inner.hpp:177] decode queue size 0
I1014 10:56:39.184978  4493 work_thread.hpp:81]  [T-Work-Detect_0] Run work: WorkDetect
I1014 10:56:39.185039  4493 work_detect.cpp:102] Succeeded to add det start for frame 1
I1014 10:56:39.192358  4493 work_detect.cpp:70] Frame :1 detect result :1 face(s)
I1014 10:56:39.192399  4493 work_detect.cpp:86] Detected bbox: [188 x 228 from (325, 126)]
I1014 10:56:39.192443  4493 work_detect.cpp:120] Succeeded to add det end for frame 1
I1014 10:56:39.192461  4493 work_thread.hpp:81]  [T-Work-Detect_0] Run work: WrokTrack
I1014 10:56:39.192484  4493 work_track.cpp:82] Frame: 1 build input_characts: [0.29375 x 0.633333 from (0.507812, 0.35)], 1.00035, 0
I1014 10:56:39.192574  4493 work_track.cpp:102] Succeeded to set track lock for frame 1
I1014 10:56:39.192663  4493 work_track.cpp:116] Succeeded to release track lock for frame 1
I1014 10:56:39.192679  4493 work_track.cpp:120] Track results of frame 1: 1 objects input, 0 objects tracked!
I1014 10:56:39.192698  4493 work_track.cpp:162] Frame: 1 lid: 0 not tracked, will set invalid
I1014 10:56:39.192713  4493 work_thread.hpp:88]  [T-Work-Detect_0] Frame :1 split
I1014 10:56:39.192730  4493 work_thread.hpp:124]  [T-Work-Detect_0] Invalid piece: lid = 0, drop it
I1014 10:56:39.192777  4496 thread_intergrate.hpp:78] [T-Intergrate-intergrate] queue: frame output frame :1
I1014 10:56:39.193898  4492 demo_inner.hpp:435] thread [SORT-0]  frame id 1 sorting queue size 0   FPS: -1
I1014 10:56:39.193969  4491 demo_inner.hpp:260]  gui queue size 0, state = running
I1014 10:56:39.232596  4490 demo_inner.hpp:177] decode queue size 0
I1014 10:56:39.232700  4493 work_thread.hpp:81]  [T-Work-Detect_0] Run work: WorkDetect
I1014 10:56:39.232736  4493 work_detect.cpp:102] Succeeded to add det start for frame 2
I1014 10:56:39.239728  4493 work_detect.cpp:70] Frame :2 detect result :1 face(s)
W1014 10:56:39.239787  4493 work_detect.cpp:83] Invalid bbox: [204 x 245 from (306, 118)]
I1014 10:56:39.240103  4493 work_detect.cpp:120] Succeeded to add det end for frame 2
I1014 10:56:39.240121  4493 work_thread.hpp:81]  [T-Work-Detect_0] Run work: WrokTrack
I1014 10:56:39.240149  4493 work_track.cpp:102] Succeeded to set track lock for frame 2
I1014 10:56:39.240222  4493 work_track.cpp:116] Succeeded to release track lock for frame 2
I1014 10:56:39.240237  4493 work_track.cpp:120] Track results of frame 2: 0 objects input, 0 objects tracked!
I1014 10:56:39.240257  4493 work_thread.hpp:88]  [T-Work-Detect_0] Frame :2 split
I1014 10:56:39.240308  4496 thread_intergrate.hpp:78] [T-Intergrate-intergrate] queue: frame output frame :2
I1014 10:56:39.241871  4492 demo_inner.hpp:435] thread [SORT-0]  frame id 2 sorting queue size 0   FPS: 21.2766
I1014 10:56:39.241957  4491 demo_inner.hpp:260]  gui queue size 0, state = running
I1014 10:56:39.286196  4490 demo_inner.hpp:177] decode queue size 0
I1014 10:56:39.286315  4493 work_thread.hpp:81]  [T-Work-Detect_0] Run work: WorkDetect
I1014 10:56:39.286351  4493 work_detect.cpp:102] Succeeded to add det start for frame 3
I1014 10:56:39.293376  4493 work_detect.cpp:70] Frame :3 detect result :1 face(s)
I1014 10:56:39.293412  4493 work_detect.cpp:86] Detected bbox: [192 x 230 from (324, 124)]
I1014 10:56:39.293453  4493 work_detect.cpp:120] Succeeded to add det end for frame 3
I1014 10:56:39.293469  4493 work_thread.hpp:81]  [T-Work-Detect_0] Run work: WrokTrack
I1014 10:56:39.293493  4493 work_track.cpp:82] Frame: 3 build input_characts: [0.3 x 0.638889 from (0.50625, 0.344444)], 1.00035, 0
I1014 10:56:39.293550  4493 work_track.cpp:102] Succeeded to set track lock for frame 3
I1014 10:56:39.293613  4493 work_track.cpp:116] Succeeded to release track lock for frame 3
I1014 10:56:39.293628  4493 work_track.cpp:120] Track results of frame 3: 1 objects input, 0 objects tracked!
I1014 10:56:39.293645  4493 work_track.cpp:162] Frame: 3 lid: 0 not tracked, will set invalid
I1014 10:56:39.293661  4493 work_thread.hpp:88]  [T-Work-Detect_0] Frame :3 split
I1014 10:56:39.293678  4493 work_thread.hpp:124]  [T-Work-Detect_0] Invalid piece: lid = 0, drop it
I1014 10:56:39.293720  4496 thread_intergrate.hpp:78] [T-Intergrate-intergrate] queue: frame output frame :3
I1014 10:56:39.295213  4492 demo_inner.hpp:435] thread [SORT-0]  frame id 3 sorting queue size 0   FPS: 20
I1014 10:56:39.295286  4491 demo_inner.hpp:260]  gui queue size 0, state = running
I1014 10:56:39.334350  4490 demo_inner.hpp:177] decode queue size 0
I1014 10:56:39.334462  4493 work_thread.hpp:81]  [T-Work-Detect_0] Run work: WorkDetect
I1014 10:56:39.334498  4493 work_detect.cpp:102] Succeeded to add det start for frame 4
I1014 10:56:39.341287  4493 work_detect.cpp:70] Frame :4 detect result :1 face(s)
I1014 10:56:39.341315  4493 work_detect.cpp:86] Detected bbox: [192 x 229 from (326, 131)]
I1014 10:56:39.341354  4493 work_detect.cpp:120] Succeeded to add det end for frame 4
I1014 10:56:39.341370  4493 work_thread.hpp:81]  [T-Work-Detect_0] Run work: WrokTrack
I1014 10:56:39.341393  4493 work_track.cpp:82] Frame: 4 build input_characts: [0.3 x 0.636111 from (0.509375, 0.363889)], 1.00019, 0
I1014 10:56:39.341450  4493 work_track.cpp:102] Succeeded to set track lock for frame 4
I1014 10:56:39.341488  4493 work_track.cpp:116] Succeeded to release track lock for frame 4
I1014 10:56:39.341502  4493 work_track.cpp:120] Track results of frame 4: 1 objects input, 0 objects tracked!
I1014 10:56:39.341521  4493 work_track.cpp:162] Frame: 4 lid: 0 not tracked, will set invalid
I1014 10:56:39.341536  4493 work_thread.hpp:88]  [T-Work-Detect_0] Frame :4 split
I1014 10:56:39.341552  4493 work_thread.hpp:124]  [T-Work-Detect_0] Invalid piece: lid = 0, drop it
I1014 10:56:39.341594  4496 thread_intergrate.hpp:78] [T-Intergrate-intergrate] queue: frame output frame :4
I1014 10:56:39.343080  4492 demo_inner.hpp:435] thread [SORT-0]  frame id 4 sorting queue size 0   FPS: 20.2703
I1014 10:56:39.343152  4491 demo_inner.hpp:260]  gui queue size 0, state = running
I1014 10:56:39.382334  4490 demo_inner.hpp:177] decode queue size 0
I1014 10:56:39.382441  4493 work_thread.hpp:81]  [T-Work-Detect_0] Run work: WorkDetect
I1014 10:56:39.382475  4493 work_detect.cpp:102] Succeeded to add det start for frame 5
I1014 10:56:39.389336  4493 work_detect.cpp:70] Frame :5 detect result :1 face(s)
I1014 10:56:39.389369  4493 work_detect.cpp:86] Detected bbox: [190 x 229 from (325, 126)]
I1014 10:56:39.389410  4493 work_detect.cpp:120] Succeeded to add det end for frame 5
I1014 10:56:39.389427  4493 work_thread.hpp:81]  [T-Work-Detect_0] Run work: WrokTrack
I1014 10:56:39.389451  4493 work_track.cpp:82] Frame: 5 build input_characts: [0.296875 x 0.636111 from (0.507812, 0.35)], 1.00035, 0
I1014 10:56:39.389586  4493 work_track.cpp:102] Succeeded to set track lock for frame 5
I1014 10:56:39.389645  4493 work_track.cpp:116] Succeeded to release track lock for frame 5
I1014 10:56:39.389660  4493 work_track.cpp:120] Track results of frame 5: 1 objects input, 1 objects tracked!
I1014 10:56:39.389678  4493 work_track.cpp:148] Frame: 5, track bbox: [190 x 229 from (326.008, 127.801)], gid: 0, lid: 0
I1014 10:56:39.389714  4493 work_thread.hpp:88]  [T-Work-Detect_0] Frame :5 split
I1014 10:56:39.389732  4493 work_thread.hpp:120]  [T-Work-Detect_0] Valid piece: gid = 0
I1014 10:56:39.389750  4493 work_thread.hpp:92]  [T-Work-Detect_0] Push to split queue:recog
I1014 10:56:39.389787  4495 work_thread.hpp:81]  [T-Work-Recog_1] Run work: WorkCapture
I1014 10:56:39.389798  4496 thread_intergrate.hpp:78] [T-Intergrate-intergrate] queue: frame output frame :5
I1014 10:56:39.391331  4492 demo_inner.hpp:435] thread [SORT-0]  frame id 5 sorting queue size 0   FPS: 20.3046
I1014 10:56:39.391396  4491 demo_inner.hpp:260]  gui queue size 0, state = running
I1014 10:56:39.391546  4495 work_thread.hpp:81]  [T-Work-Recog_1] Run work: WorkRecog
I1014 10:56:39.391572  4495 work_recog.hpp:89] Face id: 0 will run recog: bbox [190 x 229 from (325, 126)] quality: 0.396521
I1014 10:56:39.391608  4495 work_recog.hpp:96] Recog pair: [280 x 280 from (280, 80)], [190 x 229 from (45, 46)]
I1014 10:56:39.409551  4495 work_thread.hpp:81]  [T-Work-Recog_1] Run work: WorkCompare
I1014 10:56:39.409684  4495 work_compare.cpp:76] Compare face: 0 successed, similarity :0.934206, name : images/thanglmb.jpg, normal size : 640 * 360!
I1014 10:56:39.436331  4490 demo_inner.hpp:177] decode queue size 0
I1014 10:56:39.436451  4493 work_thread.hpp:81]  [T-Work-Detect_0] Run work: WorkDetect
I1014 10:56:39.436488  4493 work_detect.cpp:102] Succeeded to add det start for frame 6
I1014 10:56:39.443210  4493 work_detect.cpp:70] Frame :6 detect result :1 face(s)
W1014 10:56:39.443238  4493 work_detect.cpp:83] Invalid bbox: [187 x 216 from (331, 152)]
I1014 10:56:39.443311  4493 work_detect.cpp:120] Succeeded to add det end for frame 6
I1014 10:56:39.443328  4493 work_thread.hpp:81]  [T-Work-Detect_0] Run work: WrokTrack
I1014 10:56:39.443356  4493 work_track.cpp:102] Succeeded to set track lock for frame 6
I1014 10:56:39.443388  4493 work_track.cpp:116] Succeeded to release track lock for frame 6
I1014 10:56:39.443403  4493 work_track.cpp:120] Track results of frame 6: 0 objects input, 1 objects tracked!
I1014 10:56:39.443421  4493 work_track.cpp:148] Frame: 6, track bbox: [190 x 229 from (326.437, 128.401)], gid: 0, lid: -1
I1014 10:56:39.443472  4493 work_thread.hpp:88]  [T-Work-Detect_0] Frame :6 split
I1014 10:56:39.443531  4496 thread_intergrate.hpp:78] [T-Intergrate-intergrate] queue: frame output frame :6
I1014 10:56:39.443554  4496 thread_intergrate.hpp:85] [T-Intergrate-intergrate] queue: compare output face:0
I1014 10:56:39.443572  4496 thread_intergrate.hpp:137] T-Intergrate-intergrate set matched face: 0
I1014 10:56:39.444821  4496 thread_intergrate.hpp:157] T-Intergrate-intergrate Show face :0, size :640 * 360
I1014 10:56:39.445341  4492 demo_inner.hpp:435] thread [SORT-0]  frame id 6 sorting queue size 0   FPS: 19.9203
I1014 10:56:39.445410  4491 demo_inner.hpp:260]  gui queue size 0, state = running
I1014 10:56:39.484510  4490 demo_inner.hpp:177] decode queue size 0
I1014 10:56:39.484637  4493 work_thread.hpp:81]  [T-Work-Detect_0] Run work: WorkDetect
I1014 10:56:39.484674  4493 work_detect.cpp:102] Succeeded to add det start for frame 7
I1014 10:56:39.491510  4493 work_detect.cpp:70] Frame :7 detect result :1 face(s)
W1014 10:56:39.491545  4493 work_detect.cpp:83] Invalid bbox: [204 x 248 from (306, 116)]
I1014 10:56:39.491621  4493 work_detect.cpp:120] Succeeded to add det end for frame 7
I1014 10:56:39.491637  4493 work_thread.hpp:81]  [T-Work-Detect_0] Run work: WrokTrack
I1014 10:56:39.491664  4493 work_track.cpp:102] Succeeded to set track lock for frame 7
I1014 10:56:39.491741  4493 work_track.cpp:116] Succeeded to release track lock for frame 7
I1014 10:56:39.491757  4493 work_track.cpp:120] Track results of frame 7: 0 objects input, 0 objects tracked!
I1014 10:56:39.491777  4493 work_thread.hpp:88]  [T-Work-Detect_0] Frame :7 split
I1014 10:56:39.491824  4496 thread_intergrate.hpp:78] [T-Intergrate-intergrate] queue: frame output frame :7
I1014 10:56:39.492910  4496 thread_intergrate.hpp:157] T-Intergrate-intergrate Show face :0, size :640 * 360
I1014 10:56:39.493523  4492 demo_inner.hpp:435] thread [SORT-0]  frame id 7 sorting queue size 0   FPS: 20.0669
I1014 10:56:39.493593  4491 demo_inner.hpp:260]  gui queue size 0, state = running
I1014 10:56:39.532605  4490 demo_inner.hpp:177] decode queue size 0
I1014 10:56:39.532719  4493 work_thread.hpp:81]  [T-Work-Detect_0] Run work: WorkDetect
I1014 10:56:39.532757  4493 work_detect.cpp:102] Succeeded to add det start for frame 8
I1014 10:56:39.539508  4493 work_detect.cpp:70] Frame :8 detect result :1 face(s)
W1014 10:56:39.539546  4493 work_detect.cpp:83] Invalid bbox: [185 x 215 from (331, 152)]
I1014 10:56:39.539618  4493 work_detect.cpp:120] Succeeded to add det end for frame 8
I1014 10:56:39.539634  4493 work_thread.hpp:81]  [T-Work-Detect_0] Run work: WrokTrack
I1014 10:56:39.539662  4493 work_track.cpp:102] Succeeded to set track lock for frame 8
I1014 10:56:39.539710  4493 work_track.cpp:116] Succeeded to release track lock for frame 8
I1014 10:56:39.539726  4493 work_track.cpp:120] Track results of frame 8: 0 objects input, 0 objects tracked!
I1014 10:56:39.539744  4493 work_thread.hpp:88]  [T-Work-Detect_0] Frame :8 split
I1014 10:56:39.539800  4496 thread_intergrate.hpp:78] [T-Intergrate-intergrate] queue: frame output frame :8
I1014 10:56:39.540886  4496 thread_intergrate.hpp:157] T-Intergrate-intergrate Show face :0, size :640 * 360
I1014 10:56:39.541340  4492 demo_inner.hpp:435] thread [SORT-0]  frame id 8 sorting queue size 0   FPS: 20.1729
I1014 10:56:39.541411  4491 demo_inner.hpp:260]  gui queue size 0, state = running
I1014 10:56:39.586009  4490 demo_inner.hpp:177] decode queue size 0
I1014 10:56:39.586113  4493 work_thread.hpp:81]  [T-Work-Detect_0] Run work: WorkDetect
I1014 10:56:39.586150  4493 work_detect.cpp:102] Succeeded to add det start for frame 9
I1014 10:56:39.592922  4493 work_detect.cpp:70] Frame :9 detect result :1 face(s)
W1014 10:56:39.592962  4493 work_detect.cpp:83] Invalid bbox: [203 x 241 from (304, 120)]
I1014 10:56:39.593035  4493 work_detect.cpp:120] Succeeded to add det end for frame 9
I1014 10:56:39.593052  4493 work_thread.hpp:81]  [T-Work-Detect_0] Run work: WrokTrack
I1014 10:56:39.593080  4493 work_track.cpp:102] Succeeded to set track lock for frame 9
I1014 10:56:39.593107  4493 work_track.cpp:116] Succeeded to release track lock for frame 9
I1014 10:56:39.593122  4493 work_track.cpp:120] Track results of frame 9: 0 objects input, 0 objects tracked!
I1014 10:56:39.593139  4493 work_thread.hpp:88]  [T-Work-Detect_0] Frame :9 split
I1014 10:56:39.593186  4496 thread_intergrate.hpp:78] [T-Intergrate-intergrate] queue: frame output frame :9
I1014 10:56:39.594272  4496 thread_intergrate.hpp:157] T-Intergrate-intergrate Show face :0, size :640 * 360
I1014 10:56:39.594815  4492 demo_inner.hpp:435] thread [SORT-0]  frame id 9 sorting queue size 0   FPS: 20
I1014 10:56:39.594884  4491 demo_inner.hpp:260]  gui queue size 0, state = running
I1014 10:56:39.634135  4490 demo_inner.hpp:177] decode queue size 0
I1014 10:56:39.634229  4493 work_thread.hpp:81]  [T-Work-Detect_0] Run work: WorkDetect
I1014 10:56:39.634266  4493 work_detect.cpp:102] Succeeded to add det start for frame 10
I1014 10:56:39.641130  4493 work_detect.cpp:70] Frame :10 detect result :1 face(s)
W1014 10:56:39.641170  4493 work_detect.cpp:83] Invalid bbox: [201 x 241 from (308, 122)]
I1014 10:56:39.641244  4493 work_detect.cpp:120] Succeeded to add det end for frame 10
I1014 10:56:39.641261  4493 work_thread.hpp:81]  [T-Work-Detect_0] Run work: WrokTrack
I1014 10:56:39.641288  4493 work_track.cpp:102] Succeeded to set track lock for frame 10
I1014 10:56:39.641360  4493 work_track.cpp:116] Succeeded to release track lock for frame 10
I1014 10:56:39.641376  4493 work_track.cpp:120] Track results of frame 10: 0 objects input, 0 objects tracked!
I1014 10:56:39.641396  4493 work_thread.hpp:88]  [T-Work-Detect_0] Frame :10 split
I1014 10:56:39.641444  4496 thread_intergrate.hpp:78] [T-Intergrate-intergrate] queue: frame output frame :10
I1014 10:56:39.642530  4496 thread_intergrate.hpp:157] T-Intergrate-intergrate Show face :0, size :640 * 360
I1014 10:56:39.643119  4492 demo_inner.hpp:435] thread [SORT-0]  frame id 10 sorting queue size 0   FPS: 20.0893
I1014 10:56:39.643189  4491 demo_inner.hpp:260]  gui queue size 0, state = running
I1014 10:56:39.682319  4490 demo_inner.hpp:177] decode queue size 0
I1014 10:56:39.682417  4493 work_thread.hpp:81]  [T-Work-Detect_0] Run work: WorkDetect
I1014 10:56:39.682452  4493 work_detect.cpp:102] Succeeded to add det start for frame 11
I1014 10:56:39.689930  4493 work_detect.cpp:70] Frame :11 detect result :1 face(s)
I1014 10:56:39.689997  4493 work_detect.cpp:86] Detected bbox: [201 x 240 from (308, 120)]
I1014 10:56:39.690045  4493 work_detect.cpp:120] Succeeded to add det end for frame 11
I1014 10:56:39.690063  4493 work_thread.hpp:81]  [T-Work-Detect_0] Run work: WrokTrack
I1014 10:56:39.690089  4493 work_track.cpp:82] Frame: 11 build input_characts: [0.314063 x 0.666667 from (0.48125, 0.333333)], 1.00035, 0
I1014 10:56:39.690150  4493 work_track.cpp:102] Succeeded to set track lock for frame 11
I1014 10:56:39.690187  4493 work_track.cpp:116] Succeeded to release track lock for frame 11
I1014 10:56:39.690202  4493 work_track.cpp:120] Track results of frame 11: 1 objects input, 0 objects tracked!
I1014 10:56:39.690220  4493 work_track.cpp:162] Frame: 11 lid: 0 not tracked, will set invalid
I1014 10:56:39.690235  4493 work_thread.hpp:88]  [T-Work-Detect_0] Frame :11 split
I1014 10:56:39.690254  4493 work_thread.hpp:124]  [T-Work-Detect_0] Invalid piece: lid = 0, drop it
I1014 10:56:39.690338  4496 thread_intergrate.hpp:78] [T-Intergrate-intergrate] queue: frame output frame :11
I1014 10:56:39.691448  4496 thread_intergrate.hpp:157] T-Intergrate-intergrate Show face :0, size :640 * 360
I1014 10:56:39.692008  4492 demo_inner.hpp:435] thread [SORT-0]  frame id 11 sorting queue size 0   FPS: 20.1207
I1014 10:56:39.692150  4491 demo_inner.hpp:260]  gui queue size 0, state = running
I1014 10:56:39.736526  4490 demo_inner.hpp:177] decode queue size 0
I1014 10:56:39.736667  4493 work_thread.hpp:81]  [T-Work-Detect_0] Run work: WorkDetect
I1014 10:56:39.736706  4493 work_detect.cpp:102] Succeeded to add det start for frame 12
I1014 10:56:39.744086  4493 work_detect.cpp:70] Frame :12 detect result :1 face(s)
W1014 10:56:39.744187  4493 work_detect.cpp:83] Invalid bbox: [204 x 245 from (306, 118)]
I1014 10:56:39.744269  4493 work_detect.cpp:120] Succeeded to add det end for frame 12
I1014 10:56:39.744287  4493 work_thread.hpp:81]  [T-Work-Detect_0] Run work: WrokTrack
I1014 10:56:39.744315  4493 work_track.cpp:102] Succeeded to set track lock for frame 12
I1014 10:56:39.744347  4493 work_track.cpp:116] Succeeded to release track lock for frame 12
I1014 10:56:39.744361  4493 work_track.cpp:120] Track results of frame 12: 0 objects input, 0 objects tracked!
I1014 10:56:39.744380  4493 work_thread.hpp:88]  [T-Work-Detect_0] Frame :12 split
I1014 10:56:39.744453  4496 thread_intergrate.hpp:78] [T-Intergrate-intergrate] queue: frame output frame :12
I1014 10:56:39.745543  4496 thread_intergrate.hpp:157] T-Intergrate-intergrate Show face :0, size :640 * 360
I1014 10:56:39.746052  4492 demo_inner.hpp:435] thread [SORT-0]  frame id 12 sorting queue size 0   FPS: 19.9637
I1014 10:56:39.746127  4491 demo_inner.hpp:260]  gui queue size 0, state = running
I1014 10:56:39.784016  4490 demo_inner.hpp:177] decode queue size 0
I1014 10:56:39.784114  4493 work_thread.hpp:81]  [T-Work-Detect_0] Run work: WorkDetect
I1014 10:56:39.784149  4493 work_detect.cpp:102] Succeeded to add det start for frame 13
I1014 10:56:39.790973  4493 work_detect.cpp:70] Frame :13 detect result :1 face(s)
W1014 10:56:39.791091  4493 work_detect.cpp:83] Invalid bbox: [188 x 220 from (330, 150)]
I1014 10:56:39.791138  4493 work_detect.cpp:120] Succeeded to add det end for frame 13
I1014 10:56:39.791155  4493 work_thread.hpp:81]  [T-Work-Detect_0] Run work: WrokTrack
I1014 10:56:39.791182  4493 work_track.cpp:102] Succeeded to set track lock for frame 13
I1014 10:56:39.791218  4493 work_track.cpp:116] Succeeded to release track lock for frame 13
I1014 10:56:39.791231  4493 work_track.cpp:120] Track results of frame 13: 0 objects input, 0 objects tracked!
I1014 10:56:39.791250  4493 work_thread.hpp:88]  [T-Work-Detect_0] Frame :13 split
I1014 10:56:39.791301  4496 thread_intergrate.hpp:78] [T-Intergrate-intergrate] queue: frame output frame :13
I1014 10:56:39.792388  4496 thread_intergrate.hpp:157] T-Intergrate-intergrate Show face :0, size :640 * 360
I1014 10:56:39.793020  4492 demo_inner.hpp:435] thread [SORT-0]  frame id 13 sorting queue size 0   FPS: 20.0669
I1014 10:56:39.793089  4491 demo_inner.hpp:260]  gui queue size 0, state = running
I1014 10:56:39.831986  4490 demo_inner.hpp:177] decode queue size 0
I1014 10:56:39.832087  4493 work_thread.hpp:81]  [T-Work-Detect_0] Run work: WorkDetect
I1014 10:56:39.832121  4493 work_detect.cpp:102] Succeeded to add det start for frame 14
I1014 10:56:39.838896  4493 work_detect.cpp:70] Frame :14 detect result :1 face(s)
W1014 10:56:39.838937  4493 work_detect.cpp:83] Invalid bbox: [206 x 245 from (305, 118)]
I1014 10:56:39.839010  4493 work_detect.cpp:120] Succeeded to add det end for frame 14
I1014 10:56:39.839027  4493 work_thread.hpp:81]  [T-Work-Detect_0] Run work: WrokTrack
I1014 10:56:39.839056  4493 work_track.cpp:102] Succeeded to set track lock for frame 14
I1014 10:56:39.839082  4493 work_track.cpp:116] Succeeded to release track lock for frame 14
I1014 10:56:39.839097  4493 work_track.cpp:120] Track results of frame 14: 0 objects input, 0 objects tracked!
I1014 10:56:39.839114  4493 work_thread.hpp:88]  [T-Work-Detect_0] Frame :14 split
I1014 10:56:39.839169  4496 thread_intergrate.hpp:78] [T-Intergrate-intergrate] queue: frame output frame :14
I1014 10:56:39.840257  4496 thread_intergrate.hpp:157] T-Intergrate-intergrate Show face :0, size :640 * 360
I1014 10:56:39.840768  4492 demo_inner.hpp:435] thread [SORT-0]  frame id 14 sorting queue size 0   FPS: 20.1238
I1014 10:56:39.840839  4491 demo_inner.hpp:260]  gui queue size 0, state = running
I1014 10:56:39.885923  4490 demo_inner.hpp:177] decode queue size 0
I1014 10:56:39.886030  4493 work_thread.hpp:81]  [T-Work-Detect_0] Run work: WorkDetect
I1014 10:56:39.886067  4493 work_detect.cpp:102] Succeeded to add det start for frame 15
I1014 10:56:39.892855  4493 work_detect.cpp:70] Frame :15 detect result :2 face(s)
W1014 10:56:39.892897  4493 work_detect.cpp:83] Invalid bbox: [193 x 224 from (327, 148)]
I1014 10:56:39.892957  4493 work_detect.cpp:86] Detected bbox: [106 x 119 from (364, 227)]
I1014 10:56:39.893002  4493 work_detect.cpp:120] Succeeded to add det end for frame 15
I1014 10:56:39.893018  4493 work_thread.hpp:81]  [T-Work-Detect_0] Run work: WrokTrack
I1014 10:56:39.893043  4493 work_track.cpp:82] Frame: 15 build input_characts: [0.165625 x 0.330556 from (0.56875, 0.630556)], 0.906173, 0
I1014 10:56:39.893098  4493 work_track.cpp:102] Succeeded to set track lock for frame 15
I1014 10:56:39.893132  4493 work_track.cpp:116] Succeeded to release track lock for frame 15
I1014 10:56:39.893147  4493 work_track.cpp:120] Track results of frame 15: 1 objects input, 0 objects tracked!
I1014 10:56:39.893164  4493 work_track.cpp:162] Frame: 15 lid: 1 not tracked, will set invalid
I1014 10:56:39.893180  4493 work_thread.hpp:88]  [T-Work-Detect_0] Frame :15 split
I1014 10:56:39.893198  4493 work_thread.hpp:124]  [T-Work-Detect_0] Invalid piece: lid = 1, drop it
I1014 10:56:39.893242  4496 thread_intergrate.hpp:78] [T-Intergrate-intergrate] queue: frame output frame :15
I1014 10:56:39.894330  4496 thread_intergrate.hpp:157] T-Intergrate-intergrate Show face :0, size :640 * 360
I1014 10:56:39.894923  4492 demo_inner.hpp:435] thread [SORT-0]  frame id 15 sorting queue size 0   FPS: 20
I1014 10:56:39.894989  4491 demo_inner.hpp:260]  gui queue size 0, state = running
I1014 10:56:39.933950  4490 demo_inner.hpp:177] decode queue size 0
I1014 10:56:39.934056  4493 work_thread.hpp:81]  [T-Work-Detect_0] Run work: WorkDetect
I1014 10:56:39.934092  4493 work_detect.cpp:102] Succeeded to add det start for frame 16
I1014 10:56:39.940915  4493 work_detect.cpp:70] Frame :16 detect result :1 face(s)
I1014 10:56:39.940956  4493 work_detect.cpp:86] Detected bbox: [193 x 231 from (323, 124)]
I1014 10:56:39.940999  4493 work_detect.cpp:120] Succeeded to add det end for frame 16
I1014 10:56:39.941015  4493 work_thread.hpp:81]  [T-Work-Detect_0] Run work: WrokTrack
I1014 10:56:39.941040  4493 work_track.cpp:82] Frame: 16 build input_characts: [0.301562 x 0.641667 from (0.504687, 0.344444)], 1.00035, 0
I1014 10:56:39.941097  4493 work_track.cpp:102] Succeeded to set track lock for frame 16
I1014 10:56:39.941136  4493 work_track.cpp:116] Succeeded to release track lock for frame 16
I1014 10:56:39.941150  4493 work_track.cpp:120] Track results of frame 16: 1 objects input, 0 objects tracked!
I1014 10:56:39.941169  4493 work_track.cpp:162] Frame: 16 lid: 0 not tracked, will set invalid
I1014 10:56:39.941184  4493 work_thread.hpp:88]  [T-Work-Detect_0] Frame :16 split
I1014 10:56:39.941200  4493 work_thread.hpp:124]  [T-Work-Detect_0] Invalid piece: lid = 0, drop it
I1014 10:56:39.941251  4496 thread_intergrate.hpp:78] [T-Intergrate-intergrate] queue: frame output frame :16
I1014 10:56:39.942338  4496 thread_intergrate.hpp:157] T-Intergrate-intergrate Show face :0, size :640 * 360
I1014 10:56:39.942836  4492 demo_inner.hpp:435] thread [SORT-0]  frame id 16 sorting queue size 0   FPS: 20.0535
I1014 10:56:39.942905  4491 demo_inner.hpp:260]  gui queue size 0, state = running
I1014 10:56:39.982059  4490 demo_inner.hpp:177] decode queue size 0
I1014 10:56:39.982157  4493 work_thread.hpp:81]  [T-Work-Detect_0] Run work: WorkDetect
I1014 10:56:39.982193  4493 work_detect.cpp:102] Succeeded to add det start for frame 17
I1014 10:56:39.989142  4493 work_detect.cpp:70] Frame :17 detect result :1 face(s)
W1014 10:56:39.989192  4493 work_detect.cpp:83] Invalid bbox: [204 x 239 from (298, 140)]
I1014 10:56:39.989264  4493 work_detect.cpp:120] Succeeded to add det end for frame 17
I1014 10:56:39.989281  4493 work_thread.hpp:81]  [T-Work-Detect_0] Run work: WrokTrack
I1014 10:56:39.989310  4493 work_track.cpp:102] Succeeded to set track lock for frame 17
I1014 10:56:39.989346  4493 work_track.cpp:116] Succeeded to release track lock for frame 17
I1014 10:56:39.989361  4493 work_track.cpp:120] Track results of frame 17: 0 objects input, 0 objects tracked!
I1014 10:56:39.989378  4493 work_thread.hpp:88]  [T-Work-Detect_0] Frame :17 split
I1014 10:56:39.989432  4496 thread_intergrate.hpp:78] [T-Intergrate-intergrate] queue: frame output frame :17
I1014 10:56:39.990520  4496 thread_intergrate.hpp:157] T-Intergrate-intergrate Show face :0, size :640 * 360
I1014 10:56:39.991037  4492 demo_inner.hpp:435] thread [SORT-0]  frame id 17 sorting queue size 0   FPS: 20.1005
I1014 10:56:39.991108  4491 demo_inner.hpp:260]  gui queue size 0, state = running
I1014 10:56:40.035882  4490 demo_inner.hpp:177] decode queue size 0
I1014 10:56:40.035985  4493 work_thread.hpp:81]  [T-Work-Detect_0] Run work: WorkDetect
I1014 10:56:40.036021  4493 work_detect.cpp:102] Succeeded to add det start for frame 18
I1014 10:56:40.042758  4493 work_detect.cpp:70] Frame :18 detect result :1 face(s)
I1014 10:56:40.042800  4493 work_detect.cpp:86] Detected bbox: [191 x 230 from (323, 124)]
I1014 10:56:40.042843  4493 work_detect.cpp:120] Succeeded to add det end for frame 18
I1014 10:56:40.042860  4493 work_thread.hpp:81]  [T-Work-Detect_0] Run work: WrokTrack
I1014 10:56:40.042884  4493 work_track.cpp:82] Frame: 18 build input_characts: [0.298438 x 0.638889 from (0.504687, 0.344444)], 1.00035, 0
I1014 10:56:40.042940  4493 work_track.cpp:102] Succeeded to set track lock for frame 18
I1014 10:56:40.043053  4493 work_track.cpp:116] Succeeded to release track lock for frame 18
I1014 10:56:40.043069  4493 work_track.cpp:120] Track results of frame 18: 1 objects input, 0 objects tracked!
I1014 10:56:40.043087  4493 work_track.cpp:162] Frame: 18 lid: 0 not tracked, will set invalid
I1014 10:56:40.043102  4493 work_thread.hpp:88]  [T-Work-Detect_0] Frame :18 split
I1014 10:56:40.043120  4493 work_thread.hpp:124]  [T-Work-Detect_0] Invalid piece: lid = 0, drop it
I1014 10:56:40.043166  4496 thread_intergrate.hpp:78] [T-Intergrate-intergrate] queue: frame output frame :18
I1014 10:56:40.044253  4496 thread_intergrate.hpp:157] T-Intergrate-intergrate Show face :0, size :640 * 360
I1014 10:56:40.044795  4492 demo_inner.hpp:435] thread [SORT-0]  frame id 18 sorting queue size 0   FPS: 20
I1014 10:56:40.044862  4491 demo_inner.hpp:260]  gui queue size 0, state = running
I1014 10:56:40.083884  4490 demo_inner.hpp:177] decode queue size 0
I1014 10:56:40.083984  4493 work_thread.hpp:81]  [T-Work-Detect_0] Run work: WorkDetect
I1014 10:56:40.084019  4493 work_detect.cpp:102] Succeeded to add det start for frame 19
I1014 10:56:40.090883  4493 work_detect.cpp:70] Frame :19 detect result :1 face(s)
I1014 10:56:40.090925  4493 work_detect.cpp:86] Detected bbox: [198 x 238 from (319, 120)]
I1014 10:56:40.090967  4493 work_detect.cpp:120] Succeeded to add det end for frame 19
I1014 10:56:40.090984  4493 work_thread.hpp:81]  [T-Work-Detect_0] Run work: WrokTrack
I1014 10:56:40.091009  4493 work_track.cpp:82] Frame: 19 build input_characts: [0.309375 x 0.661111 from (0.498437, 0.333333)], 1.00035, 0
I1014 10:56:40.091066  4493 work_track.cpp:102] Succeeded to set track lock for frame 19
I1014 10:56:40.091105  4493 work_track.cpp:116] Succeeded to release track lock for frame 19
I1014 10:56:40.091120  4493 work_track.cpp:120] Track results of frame 19: 1 objects input, 0 objects tracked!
I1014 10:56:40.091137  4493 work_track.cpp:162] Frame: 19 lid: 0 not tracked, will set invalid
I1014 10:56:40.091153  4493 work_thread.hpp:88]  [T-Work-Detect_0] Frame :19 split
I1014 10:56:40.091171  4493 work_thread.hpp:124]  [T-Work-Detect_0] Invalid piece: lid = 0, drop it
I1014 10:56:40.091218  4496 thread_intergrate.hpp:78] [T-Intergrate-intergrate] queue: frame output frame :19
I1014 10:56:40.092306  4496 thread_intergrate.hpp:157] T-Intergrate-intergrate Show face :0, size :640 * 360
I1014 10:56:40.092778  4492 demo_inner.hpp:435] thread [SORT-0]  frame id 19 sorting queue size 0   FPS: 20.0445
I1014 10:56:40.092844  4491 demo_inner.hpp:260]  gui queue size 0, state = running
I1014 10:56:40.131984  4490 demo_inner.hpp:177] decode queue size 0
I1014 10:56:40.132089  4493 work_thread.hpp:81]  [T-Work-Detect_0] Run work: WorkDetect
I1014 10:56:40.132125  4493 work_detect.cpp:102] Succeeded to add det start for frame 20
I1014 10:56:40.138973  4493 work_detect.cpp:70] Frame :20 detect result :2 face(s)
I1014 10:56:40.139012  4493 work_detect.cpp:86] Detected bbox: [196 x 237 from (319, 118)]
I1014 10:56:40.139045  4493 work_detect.cpp:86] Detected bbox: [94 x 105 from (369, 233)]
I1014 10:56:40.139076  4493 work_detect.cpp:120] Succeeded to add det end for frame 20
I1014 10:56:40.139092  4493 work_thread.hpp:81]  [T-Work-Detect_0] Run work: WrokTrack
I1014 10:56:40.139117  4493 work_track.cpp:82] Frame: 20 build input_characts: [0.30625 x 0.658333 from (0.498437, 0.327778)], 1.00019, 0
I1014 10:56:40.139169  4493 work_track.cpp:82] Frame: 20 build input_characts: [0.146875 x 0.291667 from (0.576563, 0.647222)], 0.92342, 1
I1014 10:56:40.139209  4493 work_track.cpp:102] Succeeded to set track lock for frame 20
I1014 10:56:40.139252  4493 work_track.cpp:116] Succeeded to release track lock for frame 20
I1014 10:56:40.139267  4493 work_track.cpp:120] Track results of frame 20: 2 objects input, 1 objects tracked!
I1014 10:56:40.139286  4493 work_track.cpp:148] Frame: 20, track bbox: [196 x 237 from (319.204, 118.898)], gid: 2, lid: 0
I1014 10:56:40.139320  4493 work_track.cpp:162] Frame: 20 lid: 1 not tracked, will set invalid
I1014 10:56:40.139406  4493 work_thread.hpp:88]  [T-Work-Detect_0] Frame :20 split
I1014 10:56:40.139425  4493 work_thread.hpp:120]  [T-Work-Detect_0] Valid piece: gid = 2
I1014 10:56:40.139444  4493 work_thread.hpp:124]  [T-Work-Detect_0] Invalid piece: lid = 1, drop it
I1014 10:56:40.139459  4493 work_thread.hpp:92]  [T-Work-Detect_0] Push to split queue:recog
I1014 10:56:40.139503  4495 work_thread.hpp:81]  [T-Work-Recog_1] Run work: WorkCapture
I1014 10:56:40.140033  4496 thread_intergrate.hpp:78] [T-Intergrate-intergrate] queue: frame output frame :20
I1014 10:56:40.140053  4495 work_thread.hpp:81]  [T-Work-Recog_1] Run work: WorkRecog
I1014 10:56:40.140079  4495 work_recog.hpp:89] Face id: 2 will run recog: bbox [196 x 237 from (319, 118)] quality: 0.333247
I1014 10:56:40.140107  4495 work_recog.hpp:96] Recog pair: [280 x 296 from (280, 64)], [196 x 237 from (39, 54)]
I1014 10:56:40.141173  4496 thread_intergrate.hpp:157] T-Intergrate-intergrate Show face :0, size :640 * 360
I1014 10:56:40.141759  4492 demo_inner.hpp:435] thread [SORT-0]  frame id 20 sorting queue size 0   FPS: 20.0634
I1014 10:56:40.141840  4491 demo_inner.hpp:260]  gui queue size 0, state = running
I1014 10:56:40.157850  4495 work_thread.hpp:81]  [T-Work-Recog_1] Run work: WorkCompare
I1014 10:56:40.157959  4495 work_compare.cpp:76] Compare face: 2 successed, similarity :0.976445, name : images/thanglmb.jpg, normal size : 640 * 360!
I1014 10:56:40.185817  4490 demo_inner.hpp:177] decode queue size 0
I1014 10:56:40.185926  4493 work_thread.hpp:81]  [T-Work-Detect_0] Run work: WorkDetect
I1014 10:56:40.185964  4493 work_detect.cpp:102] Succeeded to add det start for frame 21
I1014 10:56:40.192872  4493 work_detect.cpp:70] Frame :21 detect result :1 face(s)
I1014 10:56:40.192916  4493 work_detect.cpp:86] Detected bbox: [193 x 241 from (307, 119)]
I1014 10:56:40.192960  4493 work_detect.cpp:120] Succeeded to add det end for frame 21
I1014 10:56:40.192977  4493 work_thread.hpp:81]  [T-Work-Detect_0] Run work: WrokTrack
I1014 10:56:40.193001  4493 work_track.cpp:82] Frame: 21 build input_characts: [0.301562 x 0.669444 from (0.479688, 0.330556)], 1.00019, 0
I1014 10:56:40.193058  4493 work_track.cpp:102] Succeeded to set track lock for frame 21
I1014 10:56:40.193104  4493 work_track.cpp:116] Succeeded to release track lock for frame 21
I1014 10:56:40.193118  4493 work_track.cpp:120] Track results of frame 21: 1 objects input, 1 objects tracked!
I1014 10:56:40.193136  4493 work_track.cpp:148] Frame: 21, track bbox: [193 x 241 from (313.197, 117.709)], gid: 2, lid: 0
I1014 10:56:40.193173  4493 work_thread.hpp:88]  [T-Work-Detect_0] Frame :21 split
I1014 10:56:40.193190  4493 work_thread.hpp:120]  [T-Work-Detect_0] Valid piece: gid = 2
I1014 10:56:40.193208  4493 work_thread.hpp:92]  [T-Work-Detect_0] Push to split queue:recog
I1014 10:56:40.193253  4494 work_thread.hpp:81]  [T-Work-Recog_0] Run work: WorkCapture
I1014 10:56:40.193260  4496 thread_intergrate.hpp:78] [T-Intergrate-intergrate] queue: frame output frame :21
I1014 10:56:40.193285  4496 thread_intergrate.hpp:85] [T-Intergrate-intergrate] queue: compare output face:2
I1014 10:56:40.193302  4496 thread_intergrate.hpp:137] T-Intergrate-intergrate set matched face: 2
I1014 10:56:40.193856  4494 work_thread.hpp:81]  [T-Work-Recog_0] Run work: WorkRecog
I1014 10:56:40.193882  4494 work_recog.hpp:89] Face id: 2 will run recog: bbox [193 x 241 from (307, 119)] quality: 0.463142
I1014 10:56:40.193913  4494 work_recog.hpp:96] Recog pair: [280 x 296 from (264, 64)], [193 x 241 from (43, 55)]
I1014 10:56:40.194494  4496 thread_intergrate.hpp:157] T-Intergrate-intergrate Show face :2, size :640 * 360
I1014 10:56:40.195027  4492 demo_inner.hpp:435] thread [SORT-0]  frame id 21 sorting queue size 0   FPS: 20
I1014 10:56:40.195101  4491 demo_inner.hpp:260]  gui queue size 0, state = running
I1014 10:56:40.211956  4494 work_thread.hpp:81]  [T-Work-Recog_0] Run work: WorkCompare
I1014 10:56:40.212071  4494 work_compare.cpp:76] Compare face: 2 successed, similarity :0.967234, name : images/thanglmb.jpg, normal size : 640 * 360!
I1014 10:56:40.233850  4490 demo_inner.hpp:177] decode queue size 0
I1014 10:56:40.233958  4493 work_thread.hpp:81]  [T-Work-Detect_0] Run work: WorkDetect
I1014 10:56:40.233995  4493 work_detect.cpp:102] Succeeded to add det start for frame 22
I1014 10:56:40.240924  4493 work_detect.cpp:70] Frame :22 detect result :1 face(s)
I1014 10:56:40.240975  4493 work_detect.cpp:86] Detected bbox: [188 x 233 from (305, 124)]
I1014 10:56:40.241019  4493 work_detect.cpp:120] Succeeded to add det end for frame 22
I1014 10:56:40.241035  4493 work_thread.hpp:81]  [T-Work-Detect_0] Run work: WrokTrack
I1014 10:56:40.241061  4493 work_track.cpp:82] Frame: 22 build input_characts: [0.29375 x 0.647222 from (0.476562, 0.344444)], 1.00035, 0
I1014 10:56:40.241117  4493 work_track.cpp:102] Succeeded to set track lock for frame 22
I1014 10:56:40.241163  4493 work_track.cpp:116] Succeeded to release track lock for frame 22
I1014 10:56:40.241176  4493 work_track.cpp:120] Track results of frame 22: 1 objects input, 1 objects tracked!
I1014 10:56:40.241194  4493 work_track.cpp:148] Frame: 22, track bbox: [188 x 233 from (309.309, 122.67)], gid: 2, lid: 0
I1014 10:56:40.241232  4493 work_thread.hpp:88]  [T-Work-Detect_0] Frame :22 split
I1014 10:56:40.241250  4493 work_thread.hpp:120]  [T-Work-Detect_0] Valid piece: gid = 2
I1014 10:56:40.241268  4493 work_thread.hpp:92]  [T-Work-Detect_0] Push to split queue:recog
I1014 10:56:40.241308  4494 work_thread.hpp:81]  [T-Work-Recog_0] Run work: WorkCapture
I1014 10:56:40.241323  4496 thread_intergrate.hpp:78] [T-Intergrate-intergrate] queue: frame output frame :22
I1014 10:56:40.241348  4496 thread_intergrate.hpp:85] [T-Intergrate-intergrate] queue: compare output face:2
I1014 10:56:40.241366  4496 thread_intergrate.hpp:137] T-Intergrate-intergrate set matched face: 2
I1014 10:56:40.241871  4494 work_thread.hpp:81]  [T-Work-Recog_0] Run work: WorkRecog
I1014 10:56:40.241895  4494 work_recog.hpp:89] Face id: 2 will run recog: bbox [188 x 233 from (305, 124)] quality: 0.43145
I1014 10:56:40.241925  4494 work_recog.hpp:96] Recog pair: [272 x 288 from (264, 72)], [188 x 233 from (41, 52)]
I1014 10:56:40.242533  4496 thread_intergrate.hpp:157] T-Intergrate-intergrate Show face :2, size :640 * 360
I1014 10:56:40.243088  4492 demo_inner.hpp:435] thread [SORT-0]  frame id 22 sorting queue size 0   FPS: 20.0382
I1014 10:56:40.243175  4491 demo_inner.hpp:260]  gui queue size 0, state = running
I1014 10:56:40.259963  4494 work_thread.hpp:81]  [T-Work-Recog_0] Run work: WorkCompare
I1014 10:56:40.260072  4494 work_compare.cpp:76] Compare face: 2 successed, similarity :0.981821, name : images/thanglmb.jpg, normal size : 640 * 360!
I1014 10:56:40.281890  4490 demo_inner.hpp:177] decode queue size 0
I1014 10:56:40.281994  4493 work_thread.hpp:81]  [T-Work-Detect_0] Run work: WorkDetect
I1014 10:56:40.282032  4493 work_detect.cpp:102] Succeeded to add det start for frame 23
I1014 10:56:40.288926  4493 work_detect.cpp:70] Frame :23 detect result :1 face(s)
I1014 10:56:40.288977  4493 work_detect.cpp:86] Detected bbox: [171 x 220 from (312, 124)]
I1014 10:56:40.289021  4493 work_detect.cpp:120] Succeeded to add det end for frame 23
I1014 10:56:40.289038  4493 work_thread.hpp:81]  [T-Work-Detect_0] Run work: WrokTrack
I1014 10:56:40.289063  4493 work_track.cpp:82] Frame: 23 build input_characts: [0.267188 x 0.611111 from (0.4875, 0.344444)], 1.00019, 0
I1014 10:56:40.289119  4493 work_track.cpp:102] Succeeded to set track lock for frame 23
I1014 10:56:40.289157  4493 work_track.cpp:116] Succeeded to release track lock for frame 23
I1014 10:56:40.289172  4493 work_track.cpp:120] Track results of frame 23: 1 objects input, 1 objects tracked!
I1014 10:56:40.289191  4493 work_track.cpp:148] Frame: 23, track bbox: [171 x 220 from (310.884, 126.835)], gid: 2, lid: 0
I1014 10:56:40.289227  4493 work_thread.hpp:88]  [T-Work-Detect_0] Frame :23 split
I1014 10:56:40.289244  4493 work_thread.hpp:120]  [T-Work-Detect_0] Valid piece: gid = 2
I1014 10:56:40.289263  4493 work_thread.hpp:92]  [T-Work-Detect_0] Push to split queue:recog
I1014 10:56:40.289371  4494 work_thread.hpp:81]  [T-Work-Recog_0] Run work: WorkCapture
I1014 10:56:40.289387  4496 thread_intergrate.hpp:78] [T-Intergrate-intergrate] queue: frame output frame :23
I1014 10:56:40.289412  4496 thread_intergrate.hpp:85] [T-Intergrate-intergrate] queue: compare output face:2
I1014 10:56:40.289430  4496 thread_intergrate.hpp:137] T-Intergrate-intergrate set matched face: 2
I1014 10:56:40.289981  4494 work_thread.hpp:81]  [T-Work-Recog_0] Run work: WorkRecog
I1014 10:56:40.290004  4494 work_recog.hpp:89] Face id: 2 will run recog: bbox [171 x 220 from (312, 124)] quality: 0.333233
I1014 10:56:40.290033  4494 work_recog.hpp:96] Recog pair: [248 x 280 from (272, 80)], [171 x 220 from (40, 44)]
I1014 10:56:40.290597  4496 thread_intergrate.hpp:157] T-Intergrate-intergrate Show face :2, size :640 * 360
I1014 10:56:40.291111  4492 demo_inner.hpp:435] thread [SORT-0]  frame id 23 sorting queue size 0   FPS: 20.073
I1014 10:56:40.291188  4491 demo_inner.hpp:260]  gui queue size 0, state = running
I1014 10:56:40.308071  4494 work_thread.hpp:81]  [T-Work-Recog_0] Run work: WorkCompare
I1014 10:56:40.308195  4494 work_compare.cpp:76] Compare face: 2 successed, similarity :0.985657, name : images/thanglmb.jpg, normal size : 640 * 360!
I1014 10:56:40.335780  4490 demo_inner.hpp:177] decode queue size 0
I1014 10:56:40.335901  4493 work_thread.hpp:81]  [T-Work-Detect_0] Run work: WorkDetect
I1014 10:56:40.335937  4493 work_detect.cpp:102] Succeeded to add det start for frame 24
I1014 10:56:40.342869  4493 work_detect.cpp:70] Frame :24 detect result :1 face(s)
I1014 10:56:40.342914  4493 work_detect.cpp:86] Detected bbox: [172 x 220 from (309, 130)]
I1014 10:56:40.342957  4493 work_detect.cpp:120] Succeeded to add det end for frame 24
I1014 10:56:40.342973  4493 work_thread.hpp:81]  [T-Work-Detect_0] Run work: WrokTrack
I1014 10:56:40.342998  4493 work_track.cpp:82] Frame: 24 build input_characts: [0.26875 x 0.611111 from (0.482812, 0.361111)], 1.00035, 0
I1014 10:56:40.343055  4493 work_track.cpp:102] Succeeded to set track lock for frame 24
I1014 10:56:40.343096  4493 work_track.cpp:116] Succeeded to release track lock for frame 24
I1014 10:56:40.343111  4493 work_track.cpp:120] Track results of frame 24: 1 objects input, 1 objects tracked!
I1014 10:56:40.343128  4493 work_track.cpp:148] Frame: 24, track bbox: [172 x 220 from (306.286, 128.144)], gid: 2, lid: 0
I1014 10:56:40.343165  4493 work_thread.hpp:88]  [T-Work-Detect_0] Frame :24 split
I1014 10:56:40.343184  4493 work_thread.hpp:120]  [T-Work-Detect_0] Valid piece: gid = 2
I1014 10:56:40.343202  4493 work_thread.hpp:92]  [T-Work-Detect_0] Push to split queue:recog
I1014 10:56:40.343246  4496 thread_intergrate.hpp:78] [T-Intergrate-intergrate] queue: frame output frame :24
I1014 10:56:40.343246  4494 work_thread.hpp:81]  [T-Work-Recog_0] Run work: WorkCapture
I1014 10:56:40.343274  4496 thread_intergrate.hpp:85] [T-Intergrate-intergrate] queue: compare output face:2
I1014 10:56:40.343293  4496 thread_intergrate.hpp:137] T-Intergrate-intergrate set matched face: 2
I1014 10:56:40.343833  4494 work_thread.hpp:81]  [T-Work-Recog_0] Run work: WorkRecog
I1014 10:56:40.343859  4494 work_recog.hpp:89] Face id: 2 will run recog: bbox [172 x 220 from (309, 130)] quality: 0.318185
I1014 10:56:40.343890  4494 work_recog.hpp:96] Recog pair: [248 x 280 from (272, 80)], [172 x 220 from (37, 50)]
I1014 10:56:40.344487  4496 thread_intergrate.hpp:157] T-Intergrate-intergrate Show face :2, size :640 * 360
I1014 10:56:40.345022  4492 demo_inner.hpp:435] thread [SORT-0]  frame id 24 sorting queue size 0   FPS: 20
I1014 10:56:40.345100  4491 demo_inner.hpp:260]  gui queue size 0, state = running
I1014 10:56:40.361903  4494 work_thread.hpp:81]  [T-Work-Recog_0] Run work: WorkCompare
I1014 10:56:40.362015  4494 work_compare.cpp:76] Compare face: 2 successed, similarity :0.977055, name : images/thanglmb.jpg, normal size : 640 * 360!
I1014 10:56:40.383921  4490 demo_inner.hpp:177] decode queue size 0
I1014 10:56:40.384019  4493 work_thread.hpp:81]  [T-Work-Detect_0] Run work: WorkDetect
I1014 10:56:40.384137  4493 work_detect.cpp:102] Succeeded to add det start for frame 25
I1014 10:56:40.390966  4493 work_detect.cpp:70] Frame :25 detect result :1 face(s)
I1014 10:56:40.391006  4493 work_detect.cpp:86] Detected bbox: [171 x 215 from (303, 131)]
I1014 10:56:40.391048  4493 work_detect.cpp:120] Succeeded to add det end for frame 25
I1014 10:56:40.391064  4493 work_thread.hpp:81]  [T-Work-Detect_0] Run work: WrokTrack
I1014 10:56:40.391089  4493 work_track.cpp:82] Frame: 25 build input_characts: [0.267188 x 0.597222 from (0.473437, 0.363889)], 1.00035, 0
I1014 10:56:40.391145  4493 work_track.cpp:102] Succeeded to set track lock for frame 25
I1014 10:56:40.391185  4493 work_track.cpp:116] Succeeded to release track lock for frame 25
I1014 10:56:40.391199  4493 work_track.cpp:120] Track results of frame 25: 1 objects input, 1 objects tracked!
I1014 10:56:40.391216  4493 work_track.cpp:148] Frame: 25, track bbox: [171 x 215 from (302.475, 131.023)], gid: 2, lid: 0
I1014 10:56:40.391252  4493 work_thread.hpp:88]  [T-Work-Detect_0] Frame :25 split
I1014 10:56:40.391270  4493 work_thread.hpp:120]  [T-Work-Detect_0] Valid piece: gid = 2
I1014 10:56:40.391288  4493 work_thread.hpp:92]  [T-Work-Detect_0] Push to split queue:recog
I1014 10:56:40.391330  4494 work_thread.hpp:81]  [T-Work-Recog_0] Run work: WorkCapture
I1014 10:56:40.391340  4496 thread_intergrate.hpp:78] [T-Intergrate-intergrate] queue: frame output frame :25
I1014 10:56:40.391369  4496 thread_intergrate.hpp:85] [T-Intergrate-intergrate] queue: compare output face:2
I1014 10:56:40.391389  4496 thread_intergrate.hpp:137] T-Intergrate-intergrate set matched face: 2
I1014 10:56:40.391891  4494 work_thread.hpp:81]  [T-Work-Recog_0] Run work: WorkRecog
I1014 10:56:40.391916  4494 work_recog.hpp:89] Face id: 2 will run recog: bbox [171 x 215 from (303, 131)] quality: 0.347514
I1014 10:56:40.391945  4494 work_recog.hpp:96] Recog pair: [248 x 272 from (264, 88)], [171 x 215 from (39, 43)]
I1014 10:56:40.392580  4496 thread_intergrate.hpp:157] T-Intergrate-intergrate Show face :2, size :640 * 360
I1014 10:56:40.393112  4492 demo_inner.hpp:435] thread [SORT-0]  frame id 25 sorting queue size 0   FPS: 20.0334
I1014 10:56:40.393187  4491 demo_inner.hpp:260]  gui queue size 0, state = running
I1014 10:56:40.409931  4494 work_thread.hpp:81]  [T-Work-Recog_0] Run work: WorkCompare
I1014 10:56:40.410039  4494 work_compare.cpp:76] Compare face: 2 successed, similarity :0.980481, name : images/thanglmb.jpg, normal size : 640 * 360!
I1014 10:56:40.431957  4490 demo_inner.hpp:177] decode queue size 0
I1014 10:56:40.432054  4493 work_thread.hpp:81]  [T-Work-Detect_0] Run work: WorkDetect
I1014 10:56:40.432092  4493 work_detect.cpp:102] Succeeded to add det start for frame 26
I1014 10:56:40.438937  4493 work_detect.cpp:70] Frame :26 detect result :1 face(s)
I1014 10:56:40.438982  4493 work_detect.cpp:86] Detected bbox: [193 x 241 from (278, 115)]
I1014 10:56:40.439023  4493 work_detect.cpp:120] Succeeded to add det end for frame 26
I1014 10:56:40.439040  4493 work_thread.hpp:81]  [T-Work-Detect_0] Run work: WrokTrack
I1014 10:56:40.439065  4493 work_track.cpp:82] Frame: 26 build input_characts: [0.301562 x 0.669444 from (0.434375, 0.319444)], 0.999622, 0
I1014 10:56:40.439121  4493 work_track.cpp:102] Succeeded to set track lock for frame 26
I1014 10:56:40.439162  4493 work_track.cpp:116] Succeeded to release track lock for frame 26
I1014 10:56:40.439175  4493 work_track.cpp:120] Track results of frame 26: 1 objects input, 1 objects tracked!
I1014 10:56:40.439193  4493 work_track.cpp:148] Frame: 26, track bbox: [193 x 241 from (283.71, 116.075)], gid: 2, lid: 0
I1014 10:56:40.439230  4493 work_thread.hpp:88]  [T-Work-Detect_0] Frame :26 split
I1014 10:56:40.439249  4493 work_thread.hpp:120]  [T-Work-Detect_0] Valid piece: gid = 2
I1014 10:56:40.439265  4493 work_thread.hpp:92]  [T-Work-Detect_0] Push to split queue:recog
I1014 10:56:40.439321  4495 work_thread.hpp:81]  [T-Work-Recog_1] Run work: WorkCapture
I1014 10:56:40.439321  4496 thread_intergrate.hpp:78] [T-Intergrate-intergrate] queue: frame output frame :26
I1014 10:56:40.439440  4496 thread_intergrate.hpp:85] [T-Intergrate-intergrate] queue: compare output face:2
I1014 10:56:40.439460  4496 thread_intergrate.hpp:137] T-Intergrate-intergrate set matched face: 2
I1014 10:56:40.439889  4495 work_thread.hpp:81]  [T-Work-Recog_1] Run work: WorkRecog
I1014 10:56:40.439914  4495 work_recog.hpp:89] Face id: 2 will run recog: bbox [193 x 241 from (278, 115)] quality: 0.473113
