I1014 12:06:15.884304  5657 work_detect.cpp:86] Detected bbox: [154 x 195 from (286, 124)]
I1014 12:06:15.884346  5657 work_detect.cpp:120] Succeeded to add det end for frame 164
I1014 12:06:15.884361  5657 work_thread.hpp:81]  [T-Work-Detect_0] Run work: WrokTrack
I1014 12:06:15.884385  5657 work_track.cpp:82] Frame: 164 build input_characts: [0.240625 x 0.541667 from (0.446875, 0.344444)], 1.00019, 0
I1014 12:06:15.884439  5657 work_track.cpp:102] Succeeded to set track lock for frame 164
I1014 12:06:15.884480  5657 work_track.cpp:116] Succeeded to release track lock for frame 164
I1014 12:06:15.884495  5657 work_track.cpp:120] Track results of frame 164: 1 objects input, 1 objects tracked!
I1014 12:06:15.884513  5657 work_track.cpp:148] Frame: 164, track bbox: [154 x 195 from (285.391, 130.112)], gid: 0, lid: 0
I1014 12:06:15.884549  5657 work_thread.hpp:88]  [T-Work-Detect_0] Frame :164 split
I1014 12:06:15.884567  5657 work_thread.hpp:120]  [T-Work-Detect_0] Valid piece: gid = 0
I1014 12:06:15.884585  5657 work_thread.hpp:92]  [T-Work-Detect_0] Push to split queue:recog
I1014 12:06:15.884627  5659 work_thread.hpp:81]  [T-Work-Recog_1] Run work: WorkCapture
I1014 12:06:15.884637  5660 thread_intergrate.hpp:78] [T-Intergrate-intergrate] queue: frame output frame :164
I1014 12:06:15.884667  5660 thread_intergrate.hpp:85] [T-Intergrate-intergrate] queue: compare output face:0
I1014 12:06:15.884763  5660 thread_intergrate.hpp:137] T-Intergrate-intergrate set matched face: 0
I1014 12:06:15.885291  5659 work_thread.hpp:81]  [T-Work-Recog_1] Run work: WorkRecog
I1014 12:06:15.885372  5659 work_recog.hpp:89] Face id: 0 will run recog: bbox [154 x 195 from (286, 124)] quality: 0.463142
I1014 12:06:15.885411  5659 work_recog.hpp:96] Recog pair: [216 x 280 from (256, 80)], [154 x 195 from (30, 44)]
I1014 12:06:15.885931  5660 thread_intergrate.hpp:157] T-Intergrate-intergrate Show face :0, size :640 * 360
I1014 12:06:15.886595  5656 demo_inner.hpp:435] thread [SORT-0]  frame id 164 sorting queue size 0   FPS: 28.5714
I1014 12:06:15.886673  5655 demo_inner.hpp:260]  gui queue size 0, state = running
I1014 12:06:15.903681  5659 work_thread.hpp:81]  [T-Work-Recog_1] Run work: WorkCompare
I1014 12:06:15.903796  5659 work_compare.cpp:76] Compare face: 0 successed, similarity :0.915539, name : images/thanglmb.jpg, normal size : 640 * 360!
I1014 12:06:15.913281  5654 demo_inner.hpp:177] decode queue size 0
I1014 12:06:15.913383  5657 work_thread.hpp:81]  [T-Work-Detect_0] Run work: WorkDetect
I1014 12:06:15.913414  5657 work_detect.cpp:102] Succeeded to add det start for frame 165
I1014 12:06:15.920017  5657 work_detect.cpp:70] Frame :165 detect result :2 face(s)
I1014 12:06:15.920058  5657 work_detect.cpp:86] Detected bbox: [155 x 194 from (286, 124)]
I1014 12:06:15.920091  5657 work_detect.cpp:86] Detected bbox: [53 x 50 from (112, 191)]
I1014 12:06:15.920122  5657 work_detect.cpp:120] Succeeded to add det end for frame 165
I1014 12:06:15.920138  5657 work_thread.hpp:81]  [T-Work-Detect_0] Run work: WrokTrack
I1014 12:06:15.920179  5657 work_track.cpp:82] Frame: 165 build input_characts: [0.242188 x 0.538889 from (0.446875, 0.344444)], 1.00019, 0
I1014 12:06:15.920233  5657 work_track.cpp:82] Frame: 165 build input_characts: [0.0828125 x 0.138889 from (0.175, 0.530556)], 0.932491, 1
I1014 12:06:15.920270  5657 work_track.cpp:102] Succeeded to set track lock for frame 165
I1014 12:06:15.920315  5657 work_track.cpp:116] Succeeded to release track lock for frame 165
I1014 12:06:15.920330  5657 work_track.cpp:120] Track results of frame 165: 2 objects input, 1 objects tracked!
I1014 12:06:15.920347  5657 work_track.cpp:148] Frame: 165, track bbox: [155 x 194 from (285.408, 125.485)], gid: 0, lid: 0
I1014 12:06:15.920382  5657 work_track.cpp:162] Frame: 165 lid: 1 not tracked, will set invalid
I1014 12:06:15.920398  5657 work_thread.hpp:88]  [T-Work-Detect_0] Frame :165 split
I1014 12:06:15.920415  5657 work_thread.hpp:120]  [T-Work-Detect_0] Valid piece: gid = 0
I1014 12:06:15.920434  5657 work_thread.hpp:124]  [T-Work-Detect_0] Invalid piece: lid = 1, drop it
I1014 12:06:15.920449  5657 work_thread.hpp:92]  [T-Work-Detect_0] Push to split queue:recog
I1014 12:06:15.920496  5659 work_thread.hpp:81]  [T-Work-Recog_1] Run work: WorkCapture
I1014 12:06:15.920497  5660 thread_intergrate.hpp:78] [T-Intergrate-intergrate] queue: frame output frame :165
I1014 12:06:15.920542  5660 thread_intergrate.hpp:85] [T-Intergrate-intergrate] queue: compare output face:0
I1014 12:06:15.920562  5660 thread_intergrate.hpp:137] T-Intergrate-intergrate set matched face: 0
I1014 12:06:15.921124  5659 work_thread.hpp:81]  [T-Work-Recog_1] Run work: WorkRecog
I1014 12:06:15.921149  5659 work_recog.hpp:89] Face id: 0 will run recog: bbox [155 x 194 from (286, 124)] quality: 0.463142
I1014 12:06:15.921177  5659 work_recog.hpp:96] Recog pair: [224 x 280 from (248, 80)], [155 x 194 from (38, 44)]
I1014 12:06:15.921733  5660 thread_intergrate.hpp:157] T-Intergrate-intergrate Show face :0, size :640 * 360
I1014 12:06:15.922423  5656 demo_inner.hpp:435] thread [SORT-0]  frame id 165 sorting queue size 0   FPS: 28.5047
I1014 12:06:15.922495  5655 demo_inner.hpp:260]  gui queue size 0, state = running
I1014 12:06:15.939744  5659 work_thread.hpp:81]  [T-Work-Recog_1] Run work: WorkCompare
I1014 12:06:15.939863  5659 work_compare.cpp:76] Compare face: 0 successed, similarity :0.927865, name : images/thanglmb.jpg, normal size : 640 * 360!
I1014 12:06:15.943498  5654 demo_inner.hpp:177] decode queue size 0
I1014 12:06:15.943593  5657 work_thread.hpp:81]  [T-Work-Detect_0] Run work: WorkDetect
I1014 12:06:15.943627  5657 work_detect.cpp:102] Succeeded to add det start for frame 166
I1014 12:06:15.950356  5657 work_detect.cpp:70] Frame :166 detect result :2 face(s)
I1014 12:06:15.950398  5657 work_detect.cpp:86] Detected bbox: [158 x 196 from (285, 124)]
I1014 12:06:15.950431  5657 work_detect.cpp:86] Detected bbox: [58 x 59 from (112, 191)]
I1014 12:06:15.950462  5657 work_detect.cpp:120] Succeeded to add det end for frame 166
I1014 12:06:15.950479  5657 work_thread.hpp:81]  [T-Work-Detect_0] Run work: WrokTrack
I1014 12:06:15.950502  5657 work_track.cpp:82] Frame: 166 build input_characts: [0.246875 x 0.544444 from (0.445312, 0.344444)], 0.999622, 0
I1014 12:06:15.950554  5657 work_track.cpp:82] Frame: 166 build input_characts: [0.090625 x 0.163889 from (0.175, 0.530556)], 0.938558, 1
I1014 12:06:15.950590  5657 work_track.cpp:102] Succeeded to set track lock for frame 166
I1014 12:06:15.950635  5657 work_track.cpp:116] Succeeded to release track lock for frame 166
I1014 12:06:15.950651  5657 work_track.cpp:120] Track results of frame 166: 2 objects input, 1 objects tracked!
I1014 12:06:15.950670  5657 work_track.cpp:148] Frame: 166, track bbox: [158 x 196 from (284.83, 121.68)], gid: 0, lid: 0
I1014 12:06:15.950706  5657 work_track.cpp:162] Frame: 166 lid: 1 not tracked, will set invalid
I1014 12:06:15.950721  5657 work_thread.hpp:88]  [T-Work-Detect_0] Frame :166 split
I1014 12:06:15.950738  5657 work_thread.hpp:120]  [T-Work-Detect_0] Valid piece: gid = 0
I1014 12:06:15.950757  5657 work_thread.hpp:124]  [T-Work-Detect_0] Invalid piece: lid = 1, drop it
I1014 12:06:15.950772  5657 work_thread.hpp:92]  [T-Work-Detect_0] Push to split queue:recog
I1014 12:06:15.950819  5658 work_thread.hpp:81]  [T-Work-Recog_0] Run work: WorkCapture
I1014 12:06:15.951124  5660 thread_intergrate.hpp:78] [T-Intergrate-intergrate] queue: frame output frame :166
I1014 12:06:15.951153  5660 thread_intergrate.hpp:85] [T-Intergrate-intergrate] queue: compare output face:0
I1014 12:06:15.951171  5660 thread_intergrate.hpp:137] T-Intergrate-intergrate set matched face: 0
I1014 12:06:15.951413  5658 work_thread.hpp:81]  [T-Work-Recog_0] Run work: WorkRecog
I1014 12:06:15.951437  5658 work_recog.hpp:89] Face id: 0 will run recog: bbox [158 x 196 from (285, 124)] quality: 0.454059
I1014 12:06:15.951465  5658 work_recog.hpp:96] Recog pair: [232 x 280 from (248, 80)], [158 x 196 from (37, 44)]
I1014 12:06:15.952549  5660 thread_intergrate.hpp:157] T-Intergrate-intergrate Show face :0, size :640 * 360
I1014 12:06:15.953088  5656 demo_inner.hpp:435] thread [SORT-0]  frame id 166 sorting queue size 0   FPS: 28.5714
I1014 12:06:15.953157  5655 demo_inner.hpp:260]  gui queue size 0, state = running
I1014 12:06:15.968989  5658 work_thread.hpp:81]  [T-Work-Recog_0] Run work: WorkCompare
I1014 12:06:15.969097  5658 work_compare.cpp:76] Compare face: 0 successed, similarity :0.862017, name : images/thanglmb.jpg, normal size : 640 * 360!
I1014 12:06:15.979210  5654 demo_inner.hpp:177] decode queue size 0
I1014 12:06:15.979311  5657 work_thread.hpp:81]  [T-Work-Detect_0] Run work: WorkDetect
I1014 12:06:15.979348  5657 work_detect.cpp:102] Succeeded to add det start for frame 167
I1014 12:06:15.985996  5657 work_detect.cpp:70] Frame :167 detect result :2 face(s)
I1014 12:06:15.986037  5657 work_detect.cpp:86] Detected bbox: [146 x 191 from (289, 139)]
I1014 12:06:15.986073  5657 work_detect.cpp:86] Detected bbox: [53 x 52 from (112, 190)]
I1014 12:06:15.986104  5657 work_detect.cpp:120] Succeeded to add det end for frame 167
I1014 12:06:15.986119  5657 work_thread.hpp:81]  [T-Work-Detect_0] Run work: WrokTrack
I1014 12:06:15.986143  5657 work_track.cpp:82] Frame: 167 build input_characts: [0.228125 x 0.530556 from (0.451562, 0.386111)], 1.00019, 0
I1014 12:06:15.986196  5657 work_track.cpp:82] Frame: 167 build input_characts: [0.0828125 x 0.144444 from (0.175, 0.527778)], 0.905415, 1
I1014 12:06:15.986306  5657 work_track.cpp:102] Succeeded to set track lock for frame 167
I1014 12:06:15.986354  5657 work_track.cpp:116] Succeeded to release track lock for frame 167
I1014 12:06:15.986371  5657 work_track.cpp:120] Track results of frame 167: 2 objects input, 2 objects tracked!
I1014 12:06:15.986388  5657 work_track.cpp:148] Frame: 167, track bbox: [146 x 191 from (290.329, 129.715)], gid: 0, lid: 0
I1014 12:06:15.986423  5657 work_track.cpp:148] Frame: 167, track bbox: [53 x 52 from (112.838, 191.49)], gid: 1, lid: 1
I1014 12:06:15.986455  5657 work_thread.hpp:88]  [T-Work-Detect_0] Frame :167 split
I1014 12:06:15.986472  5657 work_thread.hpp:120]  [T-Work-Detect_0] Valid piece: gid = 0
I1014 12:06:15.986491  5657 work_thread.hpp:120]  [T-Work-Detect_0] Valid piece: gid = 1
I1014 12:06:15.986508  5657 work_thread.hpp:92]  [T-Work-Detect_0] Push to split queue:recog
I1014 12:06:15.986558  5658 work_thread.hpp:81]  [T-Work-Recog_0] Run work: WorkCapture
I1014 12:06:15.986840  5657 work_thread.hpp:92]  [T-Work-Detect_0] Push to split queue:recog
I1014 12:06:15.986886  5660 thread_intergrate.hpp:78] [T-Intergrate-intergrate] queue: frame output frame :167
I1014 12:06:15.986886  5659 work_thread.hpp:81]  [T-Work-Recog_1] Run work: WorkCapture
I1014 12:06:15.986917  5660 thread_intergrate.hpp:85] [T-Intergrate-intergrate] queue: compare output face:0
I1014 12:06:15.986937  5660 thread_intergrate.hpp:137] T-Intergrate-intergrate set matched face: 0
I1014 12:06:15.987118  5658 work_thread.hpp:81]  [T-Work-Recog_0] Run work: WorkRecog
I1014 12:06:15.987141  5658 work_recog.hpp:89] Face id: 0 will run recog: bbox [146 x 191 from (289, 139)] quality: 0.469386
I1014 12:06:15.987170  5658 work_recog.hpp:96] Recog pair: [208 x 264 from (256, 96)], [146 x 191 from (33, 43)]
I1014 12:06:15.987460  5659 work_thread.hpp:81]  [T-Work-Recog_1] Run work: WorkRecog
W1014 12:06:15.987515  5659 work_recog.hpp:118] Face id: 1 has low quality : 0.00648959, no need to recog
I1014 12:06:15.987906  5659 work_thread.hpp:81]  [T-Work-Recog_1] Run work: WorkCompare
I1014 12:06:15.988397  5660 thread_intergrate.hpp:157] T-Intergrate-intergrate Show face :0, size :640 * 360
I1014 12:06:15.988940  5656 demo_inner.hpp:435] thread [SORT-0]  frame id 167 sorting queue size 0   FPS: 28.5714
I1014 12:06:15.989039  5655 demo_inner.hpp:260]  gui queue size 0, state = running
I1014 12:06:16.004953  5658 work_thread.hpp:81]  [T-Work-Recog_0] Run work: WorkCompare
I1014 12:06:16.005062  5658 work_compare.cpp:76] Compare face: 0 successed, similarity :0.9495, name : images/thanglmb.jpg, normal size : 640 * 360!
I1014 12:06:16.009531  5654 demo_inner.hpp:177] decode queue size 0
I1014 12:06:16.009619  5657 work_thread.hpp:81]  [T-Work-Detect_0] Run work: WorkDetect
I1014 12:06:16.009652  5657 work_detect.cpp:102] Succeeded to add det start for frame 168
I1014 12:06:16.016234  5657 work_detect.cpp:70] Frame :168 detect result :1 face(s)
I1014 12:06:16.016274  5657 work_detect.cpp:86] Detected bbox: [144 x 193 from (290, 138)]
I1014 12:06:16.016317  5657 work_detect.cpp:120] Succeeded to add det end for frame 168
I1014 12:06:16.016333  5657 work_thread.hpp:81]  [T-Work-Detect_0] Run work: WrokTrack
I1014 12:06:16.016356  5657 work_track.cpp:82] Frame: 168 build input_characts: [0.225 x 0.536111 from (0.453125, 0.383333)], 1.00035, 0
I1014 12:06:16.016412  5657 work_track.cpp:102] Succeeded to set track lock for frame 168
I1014 12:06:16.016456  5657 work_track.cpp:116] Succeeded to release track lock for frame 168
I1014 12:06:16.016471  5657 work_track.cpp:120] Track results of frame 168: 1 objects input, 2 objects tracked!
I1014 12:06:16.016490  5657 work_track.cpp:148] Frame: 168, track bbox: [144 x 193 from (290.667, 134.343)], gid: 0, lid: 0
I1014 12:06:16.016525  5657 work_track.cpp:148] Frame: 168, track bbox: [53 x 52 from (112.838, 191.49)], gid: 1, lid: -1
I1014 12:06:16.016557  5657 work_thread.hpp:88]  [T-Work-Detect_0] Frame :168 split
I1014 12:06:16.016577  5657 work_thread.hpp:120]  [T-Work-Detect_0] Valid piece: gid = 0
I1014 12:06:16.016670  5657 work_thread.hpp:92]  [T-Work-Detect_0] Push to split queue:recog
I1014 12:06:16.016718  5659 work_thread.hpp:81]  [T-Work-Recog_1] Run work: WorkCapture
I1014 12:06:16.016722  5660 thread_intergrate.hpp:78] [T-Intergrate-intergrate] queue: frame output frame :168
I1014 12:06:16.016768  5660 thread_intergrate.hpp:85] [T-Intergrate-intergrate] queue: compare output face:0
I1014 12:06:16.016788  5660 thread_intergrate.hpp:137] T-Intergrate-intergrate set matched face: 0
I1014 12:06:16.017418  5659 work_thread.hpp:81]  [T-Work-Recog_1] Run work: WorkRecog
I1014 12:06:16.017444  5659 work_recog.hpp:89] Face id: 0 will run recog: bbox [144 x 193 from (290, 138)] quality: 0.468255
I1014 12:06:16.017477  5659 work_recog.hpp:96] Recog pair: [208 x 264 from (256, 96)], [144 x 193 from (34, 42)]
I1014 12:06:16.017962  5660 thread_intergrate.hpp:157] T-Intergrate-intergrate Show face :0, size :640 * 360
I1014 12:06:16.018685  5656 demo_inner.hpp:435] thread [SORT-0]  frame id 168 sorting queue size 0   FPS: 28.5848
I1014 12:06:16.018755  5655 demo_inner.hpp:260]  gui queue size 0, state = running
I1014 12:06:16.035786  5659 work_thread.hpp:81]  [T-Work-Recog_1] Run work: WorkCompare
I1014 12:06:16.035900  5659 work_compare.cpp:76] Compare face: 0 successed, similarity :0.906301, name : images/thanglmb.jpg, normal size : 640 * 360!
I1014 12:06:16.045260  5654 demo_inner.hpp:177] decode queue size 0
I1014 12:06:16.045362  5657 work_thread.hpp:81]  [T-Work-Detect_0] Run work: WorkDetect
I1014 12:06:16.045425  5657 work_detect.cpp:102] Succeeded to add det start for frame 169
I1014 12:06:16.052052  5657 work_detect.cpp:70] Frame :169 detect result :1 face(s)
I1014 12:06:16.052098  5657 work_detect.cpp:86] Detected bbox: [155 x 196 from (286, 124)]
I1014 12:06:16.052140  5657 work_detect.cpp:120] Succeeded to add det end for frame 169
I1014 12:06:16.052173  5657 work_thread.hpp:81]  [T-Work-Detect_0] Run work: WrokTrack
I1014 12:06:16.052199  5657 work_track.cpp:82] Frame: 169 build input_characts: [0.242188 x 0.544444 from (0.446875, 0.344444)], 0.999622, 0
I1014 12:06:16.052255  5657 work_track.cpp:102] Succeeded to set track lock for frame 169
I1014 12:06:16.052297  5657 work_track.cpp:116] Succeeded to release track lock for frame 169
I1014 12:06:16.052312  5657 work_track.cpp:120] Track results of frame 169: 1 objects input, 1 objects tracked!
I1014 12:06:16.052330  5657 work_track.cpp:148] Frame: 169, track bbox: [155 x 196 from (285.234, 131.854)], gid: 0, lid: 0
I1014 12:06:16.052367  5657 work_thread.hpp:88]  [T-Work-Detect_0] Frame :169 split
I1014 12:06:16.052386  5657 work_thread.hpp:120]  [T-Work-Detect_0] Valid piece: gid = 0
I1014 12:06:16.052403  5657 work_thread.hpp:92]  [T-Work-Detect_0] Push to split queue:recog
I1014 12:06:16.052454  5658 work_thread.hpp:81]  [T-Work-Recog_0] Run work: WorkCapture
I1014 12:06:16.052757  5660 thread_intergrate.hpp:78] [T-Intergrate-intergrate] queue: frame output frame :169
I1014 12:06:16.052786  5660 thread_intergrate.hpp:85] [T-Intergrate-intergrate] queue: compare output face:0
I1014 12:06:16.052806  5660 thread_intergrate.hpp:137] T-Intergrate-intergrate set matched face: 0
I1014 12:06:16.053011  5658 work_thread.hpp:81]  [T-Work-Recog_0] Run work: WorkRecog
I1014 12:06:16.053035  5658 work_recog.hpp:89] Face id: 0 will run recog: bbox [155 x 196 from (286, 124)] quality: 0.454059
I1014 12:06:16.053063  5658 work_recog.hpp:96] Recog pair: [224 x 280 from (248, 80)], [155 x 196 from (38, 44)]
I1014 12:06:16.053980  5660 thread_intergrate.hpp:157] T-Intergrate-intergrate Show face :0, size :640 * 360
I1014 12:06:16.054711  5656 demo_inner.hpp:435] thread [SORT-0]  frame id 169 sorting queue size 0   FPS: 28.5714
I1014 12:06:16.054792  5655 demo_inner.hpp:260]  gui queue size 0, state = running
I1014 12:06:16.070559  5658 work_thread.hpp:81]  [T-Work-Recog_0] Run work: WorkCompare
I1014 12:06:16.070665  5658 work_compare.cpp:76] Compare face: 0 successed, similarity :0.939531, name : images/thanglmb.jpg, normal size : 640 * 360!
I1014 12:06:16.075578  5654 demo_inner.hpp:177] decode queue size 0
I1014 12:06:16.075670  5657 work_thread.hpp:81]  [T-Work-Detect_0] Run work: WorkDetect
I1014 12:06:16.075706  5657 work_detect.cpp:102] Succeeded to add det start for frame 170
I1014 12:06:16.082274  5657 work_detect.cpp:70] Frame :170 detect result :1 face(s)
I1014 12:06:16.082314  5657 work_detect.cpp:86] Detected bbox: [146 x 191 from (289, 139)]
I1014 12:06:16.082357  5657 work_detect.cpp:120] Succeeded to add det end for frame 170
I1014 12:06:16.082374  5657 work_thread.hpp:81]  [T-Work-Detect_0] Run work: WrokTrack
I1014 12:06:16.082398  5657 work_track.cpp:82] Frame: 170 build input_characts: [0.228125 x 0.530556 from (0.451562, 0.386111)], 0.999622, 0
I1014 12:06:16.082455  5657 work_track.cpp:102] Succeeded to set track lock for frame 170
I1014 12:06:16.082500  5657 work_track.cpp:116] Succeeded to release track lock for frame 170
I1014 12:06:16.082515  5657 work_track.cpp:120] Track results of frame 170: 1 objects input, 1 objects tracked!
I1014 12:06:16.082535  5657 work_track.cpp:148] Frame: 170, track bbox: [146 x 191 from (289.206, 137.351)], gid: 0, lid: 0
I1014 12:06:16.082571  5657 work_thread.hpp:88]  [T-Work-Detect_0] Frame :170 split
I1014 12:06:16.082589  5657 work_thread.hpp:120]  [T-Work-Detect_0] Valid piece: gid = 0
I1014 12:06:16.082607  5657 work_thread.hpp:92]  [T-Work-Detect_0] Push to split queue:recog
I1014 12:06:16.082657  5660 thread_intergrate.hpp:78] [T-Intergrate-intergrate] queue: frame output frame :170
I1014 12:06:16.082671  5659 work_thread.hpp:81]  [T-Work-Recog_1] Run work: WorkCapture
I1014 12:06:16.082687  5660 thread_intergrate.hpp:85] [T-Intergrate-intergrate] queue: compare output face:0
I1014 12:06:16.082707  5660 thread_intergrate.hpp:137] T-Intergrate-intergrate set matched face: 0
I1014 12:06:16.083235  5659 work_thread.hpp:81]  [T-Work-Recog_1] Run work: WorkRecog
I1014 12:06:16.083259  5659 work_recog.hpp:89] Face id: 0 will run recog: bbox [146 x 191 from (289, 139)] quality: 0.473038
I1014 12:06:16.083289  5659 work_recog.hpp:96] Recog pair: [208 x 264 from (256, 96)], [146 x 191 from (33, 43)]
I1014 12:06:16.083881  5660 thread_intergrate.hpp:157] T-Intergrate-intergrate Show face :0, size :640 * 360
I1014 12:06:16.084559  5656 demo_inner.hpp:435] thread [SORT-0]  frame id 170 sorting queue size 0   FPS: 28.6385
I1014 12:06:16.084630  5655 demo_inner.hpp:260]  gui queue size 0, state = running
I1014 12:06:16.100968  5659 work_thread.hpp:81]  [T-Work-Recog_1] Run work: WorkCompare
I1014 12:06:16.101083  5659 work_compare.cpp:76] Compare face: 0 successed, similarity :0.901053, name : images/thanglmb.jpg, normal size : 640 * 360!
I1014 12:06:16.111272  5654 demo_inner.hpp:177] decode queue size 0
I1014 12:06:16.111369  5657 work_thread.hpp:81]  [T-Work-Detect_0] Run work: WorkDetect
I1014 12:06:16.111403  5657 work_detect.cpp:102] Succeeded to add det start for frame 171
I1014 12:06:16.118014  5657 work_detect.cpp:70] Frame :171 detect result :1 face(s)
I1014 12:06:16.118058  5657 work_detect.cpp:86] Detected bbox: [154 x 193 from (287, 124)]
I1014 12:06:16.118104  5657 work_detect.cpp:120] Succeeded to add det end for frame 171
I1014 12:06:16.118120  5657 work_thread.hpp:81]  [T-Work-Detect_0] Run work: WrokTrack
I1014 12:06:16.118144  5657 work_track.cpp:82] Frame: 171 build input_characts: [0.240625 x 0.536111 from (0.448438, 0.344444)], 0.999622, 0
I1014 12:06:16.118201  5657 work_track.cpp:102] Succeeded to set track lock for frame 171
I1014 12:06:16.118242  5657 work_track.cpp:116] Succeeded to release track lock for frame 171
I1014 12:06:16.118257  5657 work_track.cpp:120] Track results of frame 171: 1 objects input, 1 objects tracked!
I1014 12:06:16.118275  5657 work_track.cpp:148] Frame: 171, track bbox: [154 x 193 from (286.044, 130.108)], gid: 0, lid: 0
I1014 12:06:16.118312  5657 work_thread.hpp:88]  [T-Work-Detect_0] Frame :171 split
I1014 12:06:16.118330  5657 work_thread.hpp:120]  [T-Work-Detect_0] Valid piece: gid = 0
I1014 12:06:16.118347  5657 work_thread.hpp:92]  [T-Work-Detect_0] Push to split queue:recog
I1014 12:06:16.118477  5658 work_thread.hpp:81]  [T-Work-Recog_0] Run work: WorkCapture
I1014 12:06:16.118782  5660 thread_intergrate.hpp:78] [T-Intergrate-intergrate] queue: frame output frame :171
I1014 12:06:16.118810  5660 thread_intergrate.hpp:85] [T-Intergrate-intergrate] queue: compare output face:0
I1014 12:06:16.118830  5660 thread_intergrate.hpp:137] T-Intergrate-intergrate set matched face: 0
I1014 12:06:16.119030  5658 work_thread.hpp:81]  [T-Work-Recog_0] Run work: WorkRecog
I1014 12:06:16.119055  5658 work_recog.hpp:89] Face id: 0 will run recog: bbox [154 x 193 from (287, 124)] quality: 0.463142
I1014 12:06:16.119083  5658 work_recog.hpp:96] Recog pair: [216 x 280 from (256, 80)], [154 x 193 from (31, 44)]
I1014 12:06:16.120002  5660 thread_intergrate.hpp:157] T-Intergrate-intergrate Show face :0, size :640 * 360
I1014 12:06:16.120829  5656 demo_inner.hpp:435] thread [SORT-0]  frame id 171 sorting queue size 0   FPS: 28.5848
I1014 12:06:16.120896  5655 demo_inner.hpp:260]  gui queue size 0, state = running
I1014 12:06:16.136600  5658 work_thread.hpp:81]  [T-Work-Recog_0] Run work: WorkCompare
I1014 12:06:16.136709  5658 work_compare.cpp:76] Compare face: 0 successed, similarity :0.862091, name : images/thanglmb.jpg, normal size : 640 * 360!
I1014 12:06:16.147212  5654 demo_inner.hpp:177] decode queue size 0
I1014 12:06:16.147313  5657 work_thread.hpp:81]  [T-Work-Detect_0] Run work: WorkDetect
I1014 12:06:16.147348  5657 work_detect.cpp:102] Succeeded to add det start for frame 172
I1014 12:06:16.153985  5657 work_detect.cpp:70] Frame :172 detect result :1 face(s)
I1014 12:06:16.154031  5657 work_detect.cpp:86] Detected bbox: [146 x 190 from (290, 137)]
I1014 12:06:16.154072  5657 work_detect.cpp:120] Succeeded to add det end for frame 172
I1014 12:06:16.154088  5657 work_thread.hpp:81]  [T-Work-Detect_0] Run work: WrokTrack
I1014 12:06:16.154112  5657 work_track.cpp:82] Frame: 172 build input_characts: [0.228125 x 0.527778 from (0.453125, 0.380556)], 1.00019, 0
I1014 12:06:16.154168  5657 work_track.cpp:102] Succeeded to set track lock for frame 172
I1014 12:06:16.154208  5657 work_track.cpp:116] Succeeded to release track lock for frame 172
I1014 12:06:16.154223  5657 work_track.cpp:120] Track results of frame 172: 1 objects input, 1 objects tracked!
I1014 12:06:16.154242  5657 work_track.cpp:148] Frame: 172, track bbox: [146 x 190 from (290.414, 131.687)], gid: 0, lid: 0
I1014 12:06:16.154278  5657 work_thread.hpp:88]  [T-Work-Detect_0] Frame :172 split
I1014 12:06:16.154296  5657 work_thread.hpp:120]  [T-Work-Detect_0] Valid piece: gid = 0
I1014 12:06:16.154314  5657 work_thread.hpp:92]  [T-Work-Detect_0] Push to split queue:recog
I1014 12:06:16.154363  5658 work_thread.hpp:81]  [T-Work-Recog_0] Run work: WorkCapture
I1014 12:06:16.154664  5660 thread_intergrate.hpp:78] [T-Intergrate-intergrate] queue: frame output frame :172
I1014 12:06:16.154692  5660 thread_intergrate.hpp:85] [T-Intergrate-intergrate] queue: compare output face:0
I1014 12:06:16.154712  5660 thread_intergrate.hpp:137] T-Intergrate-intergrate set matched face: 0
I1014 12:06:16.154924  5658 work_thread.hpp:81]  [T-Work-Recog_0] Run work: WorkRecog
I1014 12:06:16.154947  5658 work_recog.hpp:89] Face id: 0 will run recog: bbox [146 x 190 from (290, 137)] quality: 0.473079
I1014 12:06:16.154975  5658 work_recog.hpp:96] Recog pair: [216 x 264 from (256, 96)], [146 x 190 from (34, 41)]
I1014 12:06:16.155948  5660 thread_intergrate.hpp:157] T-Intergrate-intergrate Show face :0, size :640 * 360
I1014 12:06:16.156852  5656 demo_inner.hpp:435] thread [SORT-0]  frame id 172 sorting queue size 0   FPS: 28.4914
I1014 12:06:16.156924  5655 demo_inner.hpp:260]  gui queue size 0, state = running
I1014 12:06:16.172596  5658 work_thread.hpp:81]  [T-Work-Recog_0] Run work: WorkCompare
I1014 12:06:16.172704  5658 work_compare.cpp:76] Compare face: 0 successed, similarity :0.938781, name : images/thanglmb.jpg, normal size : 640 * 360!
I1014 12:06:16.177513  5654 demo_inner.hpp:177] decode queue size 0
I1014 12:06:16.177675  5657 work_thread.hpp:81]  [T-Work-Detect_0] Run work: WorkDetect
I1014 12:06:16.177708  5657 work_detect.cpp:102] Succeeded to add det start for frame 173
I1014 12:06:16.184299  5657 work_detect.cpp:70] Frame :173 detect result :1 face(s)
I1014 12:06:16.184350  5657 work_detect.cpp:86] Detected bbox: [156 x 196 from (286, 124)]
I1014 12:06:16.184393  5657 work_detect.cpp:120] Succeeded to add det end for frame 173
I1014 12:06:16.184409  5657 work_thread.hpp:81]  [T-Work-Detect_0] Run work: WrokTrack
I1014 12:06:16.184433  5657 work_track.cpp:82] Frame: 173 build input_characts: [0.24375 x 0.544444 from (0.446875, 0.344444)], 1.00019, 0
I1014 12:06:16.184489  5657 work_track.cpp:102] Succeeded to set track lock for frame 173
I1014 12:06:16.184530  5657 work_track.cpp:116] Succeeded to release track lock for frame 173
I1014 12:06:16.184545  5657 work_track.cpp:120] Track results of frame 173: 1 objects input, 1 objects tracked!
I1014 12:06:16.184563  5657 work_track.cpp:148] Frame: 173, track bbox: [156 x 196 from (285.848, 126.297)], gid: 0, lid: 0
I1014 12:06:16.184599  5657 work_thread.hpp:88]  [T-Work-Detect_0] Frame :173 split
I1014 12:06:16.184617  5657 work_thread.hpp:120]  [T-Work-Detect_0] Valid piece: gid = 0
I1014 12:06:16.184635  5657 work_thread.hpp:92]  [T-Work-Detect_0] Push to split queue:recog
I1014 12:06:16.184684  5659 work_thread.hpp:81]  [T-Work-Recog_1] Run work: WorkCapture
I1014 12:06:16.184700  5660 thread_intergrate.hpp:78] [T-Intergrate-intergrate] queue: frame output frame :173
I1014 12:06:16.184725  5660 thread_intergrate.hpp:85] [T-Intergrate-intergrate] queue: compare output face:0
I1014 12:06:16.184743  5660 thread_intergrate.hpp:137] T-Intergrate-intergrate set matched face: 0
I1014 12:06:16.185300  5659 work_thread.hpp:81]  [T-Work-Recog_1] Run work: WorkRecog
I1014 12:06:16.185405  5659 work_recog.hpp:89] Face id: 0 will run recog: bbox [156 x 196 from (286, 124)] quality: 0.454059
I1014 12:06:16.185436  5659 work_recog.hpp:96] Recog pair: [232 x 280 from (248, 80)], [156 x 196 from (38, 44)]
I1014 12:06:16.185917  5660 thread_intergrate.hpp:157] T-Intergrate-intergrate Show face :0, size :640 * 360
I1014 12:06:16.186491  5656 demo_inner.hpp:435] thread [SORT-0]  frame id 173 sorting queue size 0   FPS: 28.5848
I1014 12:06:16.203377  5659 work_thread.hpp:81]  [T-Work-Recog_1] Run work: WorkCompare
I1014 12:06:16.203488  5659 work_compare.cpp:76] Compare face: 0 successed, similarity :0.891283, name : images/thanglmb.jpg, normal size : 640 * 360!
I1014 12:06:16.213234  5654 demo_inner.hpp:177] decode queue size 0
I1014 12:06:16.213335  5657 work_thread.hpp:81]  [T-Work-Detect_0] Run work: WorkDetect
I1014 12:06:16.213371  5657 work_detect.cpp:102] Succeeded to add det start for frame 174
I1014 12:06:16.216869  5655 demo_inner.hpp:260]  gui queue size 0, state = running
I1014 12:06:16.220186  5657 work_detect.cpp:70] Frame :174 detect result :1 face(s)
I1014 12:06:16.220243  5657 work_detect.cpp:86] Detected bbox: [145 x 194 from (289, 136)]
I1014 12:06:16.220288  5657 work_detect.cpp:120] Succeeded to add det end for frame 174
I1014 12:06:16.220305  5657 work_thread.hpp:81]  [T-Work-Detect_0] Run work: WrokTrack
I1014 12:06:16.220329  5657 work_track.cpp:82] Frame: 174 build input_characts: [0.226562 x 0.538889 from (0.451562, 0.377778)], 1.00019, 0
I1014 12:06:16.220386  5657 work_track.cpp:102] Succeeded to set track lock for frame 174
I1014 12:06:16.220427  5657 work_track.cpp:116] Succeeded to release track lock for frame 174
I1014 12:06:16.220441  5657 work_track.cpp:120] Track results of frame 174: 1 objects input, 1 objects tracked!
I1014 12:06:16.220460  5657 work_track.cpp:148] Frame: 174, track bbox: [145 x 194 from (290.151, 132.39)], gid: 0, lid: 0
I1014 12:06:16.220497  5657 work_thread.hpp:88]  [T-Work-Detect_0] Frame :174 split
I1014 12:06:16.220515  5657 work_thread.hpp:120]  [T-Work-Detect_0] Valid piece: gid = 0
I1014 12:06:16.220533  5657 work_thread.hpp:92]  [T-Work-Detect_0] Push to split queue:recog
I1014 12:06:16.220602  5658 work_thread.hpp:81]  [T-Work-Recog_0] Run work: WorkCapture
I1014 12:06:16.220994  5660 thread_intergrate.hpp:78] [T-Intergrate-intergrate] queue: frame output frame :174
I1014 12:06:16.221020  5660 thread_intergrate.hpp:85] [T-Intergrate-intergrate] queue: compare output face:0
I1014 12:06:16.221040  5660 thread_intergrate.hpp:137] T-Intergrate-intergrate set matched face: 0
I1014 12:06:16.222223  5660 thread_intergrate.hpp:157] T-Intergrate-intergrate Show face :0, size :640 * 360
I1014 12:06:16.222775  5656 demo_inner.hpp:435] thread [SORT-0]  frame id 174 sorting queue size 0   FPS: 28.4781
I1014 12:06:16.222856  5658 work_thread.hpp:81]  [T-Work-Recog_0] Run work: WorkRecog
I1014 12:06:16.222879  5658 work_recog.hpp:89] Face id: 0 will run recog: bbox [145 x 194 from (289, 136)] quality: 0.459791
I1014 12:06:16.222906  5658 work_recog.hpp:96] Recog pair: [208 x 264 from (256, 96)], [145 x 194 from (33, 40)]
I1014 12:06:16.240583  5658 work_thread.hpp:81]  [T-Work-Recog_0] Run work: WorkCompare
I1014 12:06:16.240694  5658 work_compare.cpp:76] Compare face: 0 successed, similarity :0.930828, name : images/thanglmb.jpg, normal size : 640 * 360!
I1014 12:06:16.243877  5654 demo_inner.hpp:177] decode queue size 0
I1014 12:06:16.243963  5657 work_thread.hpp:81]  [T-Work-Detect_0] Run work: WorkDetect
I1014 12:06:16.244000  5657 work_detect.cpp:102] Succeeded to add det start for frame 175
I1014 12:06:16.250721  5657 work_detect.cpp:70] Frame :175 detect result :1 face(s)
I1014 12:06:16.250766  5657 work_detect.cpp:86] Detected bbox: [151 x 191 from (288, 124)]
I1014 12:06:16.250810  5657 work_detect.cpp:120] Succeeded to add det end for frame 175
I1014 12:06:16.250828  5657 work_thread.hpp:81]  [T-Work-Detect_0] Run work: WrokTrack
I1014 12:06:16.250852  5657 work_track.cpp:82] Frame: 175 build input_characts: [0.235938 x 0.530556 from (0.45, 0.344444)], 1.00019, 0
I1014 12:06:16.250908  5657 work_track.cpp:102] Succeeded to set track lock for frame 175
I1014 12:06:16.250949  5657 work_track.cpp:116] Succeeded to release track lock for frame 175
I1014 12:06:16.250964  5657 work_track.cpp:120] Track results of frame 175: 1 objects input, 1 objects tracked!
I1014 12:06:16.250982  5657 work_track.cpp:148] Frame: 175, track bbox: [151 x 191 from (287.565, 128.067)], gid: 0, lid: 0
I1014 12:06:16.251019  5657 work_thread.hpp:88]  [T-Work-Detect_0] Frame :175 split
I1014 12:06:16.251036  5657 work_thread.hpp:120]  [T-Work-Detect_0] Valid piece: gid = 0
I1014 12:06:16.251055  5657 work_thread.hpp:92]  [T-Work-Detect_0] Push to split queue:recog
I1014 12:06:16.251104  5660 thread_intergrate.hpp:78] [T-Intergrate-intergrate] queue: frame output frame :175
I1014 12:06:16.251106  5659 work_thread.hpp:81]  [T-Work-Recog_1] Run work: WorkCapture
I1014 12:06:16.251138  5660 thread_intergrate.hpp:85] [T-Intergrate-intergrate] queue: compare output face:0
I1014 12:06:16.251157  5660 thread_intergrate.hpp:137] T-Intergrate-intergrate set matched face: 0
I1014 12:06:16.251924  5659 work_thread.hpp:81]  [T-Work-Recog_1] Run work: WorkRecog
I1014 12:06:16.252071  5659 work_recog.hpp:89] Face id: 0 will run recog: bbox [151 x 191 from (288, 124)] quality: 0.470157
I1014 12:06:16.252104  5659 work_recog.hpp:96] Recog pair: [216 x 280 from (256, 80)], [151 x 191 from (32, 44)]
I1014 12:06:16.252359  5660 thread_intergrate.hpp:157] T-Intergrate-intergrate Show face :0, size :640 * 360
I1014 12:06:16.252933  5656 demo_inner.hpp:435] thread [SORT-0]  frame id 175 sorting queue size 1   FPS: 28.5848
I1014 12:06:16.270030  5659 work_thread.hpp:81]  [T-Work-Recog_1] Run work: WorkCompare
I1014 12:06:16.270179  5659 work_compare.cpp:76] Compare face: 0 successed, similarity :0.930505, name : images/thanglmb.jpg, normal size : 640 * 360!
I1014 12:06:16.279649  5654 demo_inner.hpp:177] decode queue size 0
I1014 12:06:16.279773  5657 work_thread.hpp:81]  [T-Work-Detect_0] Run work: WorkDetect
I1014 12:06:16.279810  5657 work_detect.cpp:102] Succeeded to add det start for frame 176
I1014 12:06:16.286628  5657 work_detect.cpp:70] Frame :176 detect result :1 face(s)
I1014 12:06:16.286759  5657 work_detect.cpp:86] Detected bbox: [144 x 188 from (291, 137)]
I1014 12:06:16.286805  5657 work_detect.cpp:120] Succeeded to add det end for frame 176
I1014 12:06:16.286821  5657 work_thread.hpp:81]  [T-Work-Detect_0] Run work: WrokTrack
I1014 12:06:16.286846  5657 work_track.cpp:82] Frame: 176 build input_characts: [0.225 x 0.522222 from (0.454688, 0.380556)], 0.997596, 0
I1014 12:06:16.286903  5657 work_track.cpp:102] Succeeded to set track lock for frame 176
I1014 12:06:16.286944  5657 work_track.cpp:116] Succeeded to release track lock for frame 176
I1014 12:06:16.286959  5657 work_track.cpp:120] Track results of frame 176: 1 objects input, 1 objects tracked!
I1014 12:06:16.286976  5657 work_track.cpp:148] Frame: 176, track bbox: [144 x 188 from (290.745, 134.183)], gid: 0, lid: 0
I1014 12:06:16.287014  5657 work_thread.hpp:88]  [T-Work-Detect_0] Frame :176 split
I1014 12:06:16.287031  5657 work_thread.hpp:120]  [T-Work-Detect_0] Valid piece: gid = 0
I1014 12:06:16.287050  5657 work_thread.hpp:92]  [T-Work-Detect_0] Push to split queue:recog
I1014 12:06:16.287102  5660 thread_intergrate.hpp:78] [T-Intergrate-intergrate] queue: frame output frame :176
I1014 12:06:16.287117  5659 work_thread.hpp:81]  [T-Work-Recog_1] Run work: WorkCapture
I1014 12:06:16.287132  5660 thread_intergrate.hpp:85] [T-Intergrate-intergrate] queue: compare output face:0
I1014 12:06:16.287150  5660 thread_intergrate.hpp:137] T-Intergrate-intergrate set matched face: 0
I1014 12:06:16.287883  5659 work_thread.hpp:81]  [T-Work-Recog_1] Run work: WorkRecog
I1014 12:06:16.287909  5659 work_recog.hpp:89] Face id: 0 will run recog: bbox [144 x 188 from (291, 137)] quality: 0.473868
I1014 12:06:16.287937  5659 work_recog.hpp:96] Recog pair: [208 x 264 from (256, 96)], [144 x 188 from (35, 41)]
I1014 12:06:16.288359  5660 thread_intergrate.hpp:157] T-Intergrate-intergrate Show face :0, size :640 * 360
I1014 12:06:16.288959  5656 demo_inner.hpp:435] thread [SORT-0]  frame id 176 sorting queue size 2   FPS: 28.5581
I1014 12:06:16.300673  5655 demo_inner.hpp:260]  gui queue size 2, state = running
I1014 12:06:16.306565  5659 work_thread.hpp:81]  [T-Work-Recog_1] Run work: WorkCompare
I1014 12:06:16.306704  5659 work_compare.cpp:76] Compare face: 0 successed, similarity :0.92498, name : images/thanglmb.jpg, normal size : 640 * 360!
I1014 12:06:16.309695  5654 demo_inner.hpp:177] decode queue size 0
I1014 12:06:16.309769  5657 work_thread.hpp:81]  [T-Work-Detect_0] Run work: WorkDetect
I1014 12:06:16.309805  5657 work_detect.cpp:102] Succeeded to add det start for frame 177
I1014 12:06:16.316560  5657 work_detect.cpp:70] Frame :177 detect result :1 face(s)
I1014 12:06:16.316599  5657 work_detect.cpp:86] Detected bbox: [154 x 193 from (286, 126)]
I1014 12:06:16.316643  5657 work_detect.cpp:120] Succeeded to add det end for frame 177
I1014 12:06:16.316659  5657 work_thread.hpp:81]  [T-Work-Detect_0] Run work: WrokTrack
I1014 12:06:16.316684  5657 work_track.cpp:82] Frame: 177 build input_characts: [0.240625 x 0.536111 from (0.446875, 0.35)], 1.00019, 0
I1014 12:06:16.316741  5657 work_track.cpp:102] Succeeded to set track lock for frame 177
I1014 12:06:16.316782  5657 work_track.cpp:116] Succeeded to release track lock for frame 177
I1014 12:06:16.316797  5657 work_track.cpp:120] Track results of frame 177: 1 objects input, 1 objects tracked!
I1014 12:06:16.316817  5657 work_track.cpp:148] Frame: 177, track bbox: [154 x 193 from (285.914, 127.758)], gid: 0, lid: 0
I1014 12:06:16.316853  5657 work_thread.hpp:88]  [T-Work-Detect_0] Frame :177 split
I1014 12:06:16.316870  5657 work_thread.hpp:120]  [T-Work-Detect_0] Valid piece: gid = 0
I1014 12:06:16.316890  5657 work_thread.hpp:92]  [T-Work-Detect_0] Push to split queue:recog
I1014 12:06:16.316936  5658 work_thread.hpp:81]  [T-Work-Recog_0] Run work: WorkCapture
I1014 12:06:16.316953  5660 thread_intergrate.hpp:78] [T-Intergrate-intergrate] queue: frame output frame :177
I1014 12:06:16.316979  5660 thread_intergrate.hpp:85] [T-Intergrate-intergrate] queue: compare output face:0
I1014 12:06:16.316996  5660 thread_intergrate.hpp:137] T-Intergrate-intergrate set matched face: 0
I1014 12:06:16.317533  5658 work_thread.hpp:81]  [T-Work-Recog_0] Run work: WorkRecog
I1014 12:06:16.317559  5658 work_recog.hpp:89] Face id: 0 will run recog: bbox [154 x 193 from (286, 126)] quality: 0.454971
I1014 12:06:16.317590  5658 work_recog.hpp:96] Recog pair: [216 x 272 from (256, 88)], [154 x 193 from (30, 38)]
I1014 12:06:16.318668  5660 thread_intergrate.hpp:157] T-Intergrate-intergrate Show face :0, size :640 * 360
I1014 12:06:16.319281  5656 demo_inner.hpp:435] thread [SORT-0]  frame id 177 sorting queue size 0   FPS: 28.5581
I1014 12:06:16.335043  5658 work_thread.hpp:81]  [T-Work-Recog_0] Run work: WorkCompare
I1014 12:06:16.335152  5658 work_compare.cpp:76] Compare face: 0 successed, similarity :0.936338, name : images/thanglmb.jpg, normal size : 640 * 360!
I1014 12:06:16.345299  5654 demo_inner.hpp:177] decode queue size 0
I1014 12:06:16.345400  5657 work_thread.hpp:81]  [T-Work-Detect_0] Run work: WorkDetect
I1014 12:06:16.345438  5657 work_detect.cpp:102] Succeeded to add det start for frame 178
I1014 12:06:16.352057  5657 work_detect.cpp:70] Frame :178 detect result :2 face(s)
I1014 12:06:16.352103  5657 work_detect.cpp:86] Detected bbox: [146 x 188 from (289, 138)]
I1014 12:06:16.352136  5657 work_detect.cpp:86] Detected bbox: [54 x 47 from (112, 190)]
I1014 12:06:16.352182  5657 work_detect.cpp:120] Succeeded to add det end for frame 178
I1014 12:06:16.352200  5657 work_thread.hpp:81]  [T-Work-Detect_0] Run work: WrokTrack
I1014 12:06:16.352224  5657 work_track.cpp:82] Frame: 178 build input_characts: [0.228125 x 0.522222 from (0.451562, 0.383333)], 0.997596, 0
I1014 12:06:16.352277  5657 work_track.cpp:82] Frame: 178 build input_characts: [0.084375 x 0.130556 from (0.175, 0.527778)], 0.923714, 1
I1014 12:06:16.352313  5657 work_track.cpp:102] Succeeded to set track lock for frame 178
I1014 12:06:16.352357  5657 work_track.cpp:116] Succeeded to release track lock for frame 178
I1014 12:06:16.352372  5657 work_track.cpp:120] Track results of frame 178: 2 objects input, 1 objects tracked!
I1014 12:06:16.352391  5657 work_track.cpp:148] Frame: 178, track bbox: [146 x 188 from (289.411, 134.809)], gid: 0, lid: 0
I1014 12:06:16.352424  5657 work_track.cpp:162] Frame: 178 lid: 1 not tracked, will set invalid
I1014 12:06:16.352440  5657 work_thread.hpp:88]  [T-Work-Detect_0] Frame :178 split
I1014 12:06:16.352458  5657 work_thread.hpp:120]  [T-Work-Detect_0] Valid piece: gid = 0
I1014 12:06:16.352475  5657 work_thread.hpp:124]  [T-Work-Detect_0] Invalid piece: lid = 1, drop it
I1014 12:06:16.352490  5657 work_thread.hpp:92]  [T-Work-Detect_0] Push to split queue:recog
I1014 12:06:16.352535  5658 work_thread.hpp:81]  [T-Work-Recog_0] Run work: WorkCapture
I1014 12:06:16.352543  5660 thread_intergrate.hpp:78] [T-Intergrate-intergrate] queue: frame output frame :178
I1014 12:06:16.352568  5660 thread_intergrate.hpp:85] [T-Intergrate-intergrate] queue: compare output face:0
I1014 12:06:16.352587  5660 thread_intergrate.hpp:137] T-Intergrate-intergrate set matched face: 0
I1014 12:06:16.353101  5658 work_thread.hpp:81]  [T-Work-Recog_0] Run work: WorkRecog
I1014 12:06:16.353127  5658 work_recog.hpp:89] Face id: 0 will run recog: bbox [146 x 188 from (289, 138)] quality: 0.470838
I1014 12:06:16.353158  5658 work_recog.hpp:96] Recog pair: [208 x 264 from (256, 96)], [146 x 188 from (33, 42)]
I1014 12:06:16.353757  5660 thread_intergrate.hpp:157] T-Intergrate-intergrate Show face :0, size :640 * 360
I1014 12:06:16.354485  5656 demo_inner.hpp:435] thread [SORT-0]  frame id 178 sorting queue size 1   FPS: 28.5714
I1014 12:06:16.362196  5655 demo_inner.hpp:260]  gui queue size 1, state = running
I1014 12:06:16.370609  5658 work_thread.hpp:81]  [T-Work-Recog_0] Run work: WorkCompare
I1014 12:06:16.370716  5658 work_compare.cpp:76] Compare face: 0 successed, similarity :0.932589, name : images/thanglmb.jpg, normal size : 640 * 360!
I1014 12:06:16.381206  5654 demo_inner.hpp:177] decode queue size 0
I1014 12:06:16.381305  5657 work_thread.hpp:81]  [T-Work-Detect_0] Run work: WorkDetect
I1014 12:06:16.381423  5657 work_detect.cpp:102] Succeeded to add det start for frame 179
I1014 12:06:16.388044  5657 work_detect.cpp:70] Frame :179 detect result :1 face(s)
I1014 12:06:16.388085  5657 work_detect.cpp:86] Detected bbox: [147 x 191 from (289, 136)]
I1014 12:06:16.388128  5657 work_detect.cpp:120] Succeeded to add det end for frame 179
I1014 12:06:16.388144  5657 work_thread.hpp:81]  [T-Work-Detect_0] Run work: WrokTrack
I1014 12:06:16.388182  5657 work_track.cpp:82] Frame: 179 build input_characts: [0.229687 x 0.530556 from (0.451562, 0.377778)], 0.999622, 0
I1014 12:06:16.388240  5657 work_track.cpp:102] Succeeded to set track lock for frame 179
I1014 12:06:16.388283  5657 work_track.cpp:116] Succeeded to release track lock for frame 179
I1014 12:06:16.388298  5657 work_track.cpp:120] Track results of frame 179: 1 objects input, 1 objects tracked!
I1014 12:06:16.388314  5657 work_track.cpp:148] Frame: 179, track bbox: [147 x 191 from (289.141, 134.286)], gid: 0, lid: 0
I1014 12:06:16.388352  5657 work_thread.hpp:88]  [T-Work-Detect_0] Frame :179 split
I1014 12:06:16.388370  5657 work_thread.hpp:120]  [T-Work-Detect_0] Valid piece: gid = 0
I1014 12:06:16.388388  5657 work_thread.hpp:92]  [T-Work-Detect_0] Push to split queue:recog
I1014 12:06:16.388437  5658 work_thread.hpp:81]  [T-Work-Recog_0] Run work: WorkCapture
I1014 12:06:16.388743  5660 thread_intergrate.hpp:78] [T-Intergrate-intergrate] queue: frame output frame :179
I1014 12:06:16.388770  5660 thread_intergrate.hpp:85] [T-Intergrate-intergrate] queue: compare output face:0
I1014 12:06:16.388788  5660 thread_intergrate.hpp:137] T-Intergrate-intergrate set matched face: 0
I1014 12:06:16.389963  5660 thread_intergrate.hpp:157] T-Intergrate-intergrate Show face :0, size :640 * 360
I1014 12:06:16.390144  5658 work_thread.hpp:81]  [T-Work-Recog_0] Run work: WorkRecog
I1014 12:06:16.390168  5658 work_recog.hpp:89] Face id: 0 will run recog: bbox [147 x 191 from (289, 136)] quality: 0.47445
I1014 12:06:16.390202  5658 work_recog.hpp:96] Recog pair: [216 x 264 from (256, 96)], [147 x 191 from (33, 40)]
I1014 12:06:16.390621  5656 demo_inner.hpp:435] thread [SORT-0]  frame id 179 sorting queue size 0   FPS: 28.4781
I1014 12:06:16.407908  5658 work_thread.hpp:81]  [T-Work-Recog_0] Run work: WorkCompare
I1014 12:06:16.408022  5658 work_compare.cpp:76] Compare face: 0 successed, similarity :0.901462, name : images/thanglmb.jpg, normal size : 640 * 360!
I1014 12:06:16.411484  5654 demo_inner.hpp:177] decode queue size 0
I1014 12:06:16.411556  5657 work_thread.hpp:81]  [T-Work-Detect_0] Run work: WorkDetect
I1014 12:06:16.411586  5657 work_detect.cpp:102] Succeeded to add det start for frame 180
I1014 12:06:16.418128  5657 work_detect.cpp:70] Frame :180 detect result :1 face(s)
I1014 12:06:16.418203  5657 work_detect.cpp:86] Detected bbox: [143 x 186 from (290, 140)]
I1014 12:06:16.418247  5657 work_detect.cpp:120] Succeeded to add det end for frame 180
I1014 12:06:16.418263  5657 work_thread.hpp:81]  [T-Work-Detect_0] Run work: WrokTrack
I1014 12:06:16.418287  5657 work_track.cpp:82] Frame: 180 build input_characts: [0.223438 x 0.516667 from (0.453125, 0.388889)], 0.999622, 0
I1014 12:06:16.418342  5657 work_track.cpp:102] Succeeded to set track lock for frame 180
I1014 12:06:16.418388  5657 work_track.cpp:116] Succeeded to release track lock for frame 180
I1014 12:06:16.418404  5657 work_track.cpp:120] Track results of frame 180: 1 objects input, 1 objects tracked!
I1014 12:06:16.418422  5657 work_track.cpp:148] Frame: 180, track bbox: [143 x 186 from (290.209, 140.789)], gid: 0, lid: 0
I1014 12:06:16.418458  5657 work_thread.hpp:88]  [T-Work-Detect_0] Frame :180 split
I1014 12:06:16.418476  5657 work_thread.hpp:120]  [T-Work-Detect_0] Valid piece: gid = 0
I1014 12:06:16.418494  5657 work_thread.hpp:92]  [T-Work-Detect_0] Push to split queue:recog
I1014 12:06:16.418550  5659 work_thread.hpp:81]  [T-Work-Recog_1] Run work: WorkCapture
I1014 12:06:16.418550  5660 thread_intergrate.hpp:78] [T-Intergrate-intergrate] queue: frame output frame :180
I1014 12:06:16.418663  5660 thread_intergrate.hpp:85] [T-Intergrate-intergrate] queue: compare output face:0
I1014 12:06:16.418684  5660 thread_intergrate.hpp:137] T-Intergrate-intergrate set matched face: 0
I1014 12:06:16.419159  5659 work_thread.hpp:81]  [T-Work-Recog_1] Run work: WorkRecog
I1014 12:06:16.419183  5659 work_recog.hpp:89] Face id: 0 will run recog: bbox [143 x 186 from (290, 140)] quality: 0.473079
I1014 12:06:16.419214  5659 work_recog.hpp:96] Recog pair: [208 x 264 from (256, 96)], [143 x 186 from (34, 44)]
I1014 12:06:16.419844  5660 thread_intergrate.hpp:157] T-Intergrate-intergrate Show face :0, size :640 * 360
I1014 12:06:16.420528  5656 demo_inner.hpp:435] thread [SORT-0]  frame id 180 sorting queue size 1   FPS: 28.5714
I1014 12:06:16.437507  5659 work_thread.hpp:81]  [T-Work-Recog_1] Run work: WorkCompare
I1014 12:06:16.437619  5659 work_compare.cpp:76] Compare face: 0 successed, similarity :0.928689, name : images/thanglmb.jpg, normal size : 640 * 360!
I1014 12:06:16.447221  5654 demo_inner.hpp:177] decode queue size 0
I1014 12:06:16.447326  5657 work_thread.hpp:81]  [T-Work-Detect_0] Run work: WorkDetect
I1014 12:06:16.447362  5657 work_detect.cpp:102] Succeeded to add det start for frame 181
I1014 12:06:16.454035  5657 work_detect.cpp:70] Frame :181 detect result :1 face(s)
I1014 12:06:16.454082  5657 work_detect.cpp:86] Detected bbox: [145 x 188 from (290, 137)]
I1014 12:06:16.454124  5657 work_detect.cpp:120] Succeeded to add det end for frame 181
I1014 12:06:16.454141  5657 work_thread.hpp:81]  [T-Work-Detect_0] Run work: WrokTrack
I1014 12:06:16.454165  5657 work_track.cpp:82] Frame: 181 build input_characts: [0.226562 x 0.522222 from (0.453125, 0.380556)], 0.997596, 0
I1014 12:06:16.454221  5657 work_track.cpp:102] Succeeded to set track lock for frame 181
I1014 12:06:16.454260  5657 work_track.cpp:116] Succeeded to release track lock for frame 181
I1014 12:06:16.454275  5657 work_track.cpp:120] Track results of frame 181: 1 objects input, 1 objects tracked!
I1014 12:06:16.454293  5657 work_track.cpp:148] Frame: 181, track bbox: [145 x 188 from (289.474, 138.36)], gid: 0, lid: 0
I1014 12:06:16.454330  5657 work_thread.hpp:88]  [T-Work-Detect_0] Frame :181 split
I1014 12:06:16.454349  5657 work_thread.hpp:120]  [T-Work-Detect_0] Valid piece: gid = 0
I1014 12:06:16.454366  5657 work_thread.hpp:92]  [T-Work-Detect_0] Push to split queue:recog
I1014 12:06:16.454412  5659 work_thread.hpp:81]  [T-Work-Recog_1] Run work: WorkCapture
I1014 12:06:16.454419  5660 thread_intergrate.hpp:78] [T-Intergrate-intergrate] queue: frame output frame :181
I1014 12:06:16.454445  5660 thread_intergrate.hpp:85] [T-Intergrate-intergrate] queue: compare output face:0
I1014 12:06:16.454463  5660 thread_intergrate.hpp:137] T-Intergrate-intergrate set matched face: 0
I1014 12:06:16.455024  5659 work_thread.hpp:81]  [T-Work-Recog_1] Run work: WorkRecog
I1014 12:06:16.455122  5659 work_recog.hpp:89] Face id: 0 will run recog: bbox [145 x 188 from (290, 137)] quality: 0.472738
I1014 12:06:16.455153  5659 work_recog.hpp:96] Recog pair: [208 x 264 from (256, 96)], [145 x 188 from (34, 41)]
I1014 12:06:16.455631  5660 thread_intergrate.hpp:157] T-Intergrate-intergrate Show face :0, size :640 * 360
I1014 12:06:16.456333  5656 demo_inner.hpp:435] thread [SORT-0]  frame id 181 sorting queue size 2   FPS: 28.5047
I1014 12:06:16.462481  5655 demo_inner.hpp:260]  gui queue size 2, state = running
I1014 12:06:16.473100  5659 work_thread.hpp:81]  [T-Work-Recog_1] Run work: WorkCompare
