I1014 16:40:21.760730 10247 work_thread.hpp:120]  [T-Work-Detect_0] Valid piece: gid = 0
I1014 16:40:21.760747 10247 work_thread.hpp:91]  [T-Work-Detect_0] Push to split queue:recog
I1014 16:40:21.760818 10248 work_thread.hpp:81]  [T-Work-Recog_0] Run work: WorkCapture
I1014 16:40:21.761432 10248 work_thread.hpp:81]  [T-Work-Recog_0] Run work: WorkRecog
I1014 16:40:21.761464 10248 work_recog.hpp:89] Face id: 0 will run recog: bbox [137 x 193 from (213, 76)] quality: 0.465943
I1014 16:40:21.761500 10248 work_recog.hpp:96] Recog pair: [200 x 280 from (184, 32)], [137 x 193 from (29, 44)]
I1014 16:40:21.761592 10250 thread_intergrate.hpp:224] T-Intergrate-intergrate Show face :0, size :640 * 360
I1014 16:40:21.762255 10246 demo_inner.hpp:435] thread [SORT-0]  frame id 47 sorting queue size 0   FPS: 14.2857
I1014 16:40:21.762320 10250 thread_intergrate.hpp:83] [T-Intergrate-intergrate] queue: frame output frame :48
I1014 16:40:21.762346 10250 thread_intergrate.hpp:90] [T-Intergrate-intergrate] queue: compare output face:0
I1014 16:40:21.762373 10250 thread_intergrate.hpp:149] T-Intergrate-intergrate set matched face: 0
I1014 16:40:21.766788 10245 demo_inner.hpp:260]  gui queue size 0, state = running
I1014 16:40:21.771288 10244 demo_inner.hpp:177] decode queue size 0
I1014 16:40:21.771422 10247 work_thread.hpp:81]  [T-Work-Detect_0] Run work: WorkDetect
I1014 16:40:21.771461 10247 work_detect.cpp:102] Succeeded to add det start for frame 55
I1014 16:40:21.775933 10250 thread_intergrate.hpp:224] T-Intergrate-intergrate Show face :0, size :640 * 360
I1014 16:40:21.776680 10246 demo_inner.hpp:435] thread [SORT-0]  frame id 48 sorting queue size 0   FPS: 15.3453
I1014 16:40:21.776787 10245 demo_inner.hpp:260]  gui queue size 0, state = running
I1014 16:40:21.776788 10250 thread_intergrate.hpp:83] [T-Intergrate-intergrate] queue: frame output frame :49
I1014 16:40:21.776861 10250 thread_intergrate.hpp:90] [T-Intergrate-intergrate] queue: compare output face:0
I1014 16:40:21.776881 10250 thread_intergrate.hpp:149] T-Intergrate-intergrate set matched face: 0
I1014 16:40:21.778722 10247 work_detect.cpp:70] Frame :55 detect result :1 face(s)
I1014 16:40:21.778810 10247 work_detect.cpp:86] Detected bbox: [145 x 196 from (217, 72)]
I1014 16:40:21.778883 10247 work_detect.cpp:120] Succeeded to add det end for frame 55
I1014 16:40:21.778903 10247 work_thread.hpp:81]  [T-Work-Detect_0] Run work: WrokTrack
I1014 16:40:21.778940 10247 work_track.cpp:82] Frame: 55 build input_characts: [0.226562 x 0.544444 from (0.339063, 0.2)], 1.00019, 0
I1014 16:40:21.779021 10247 work_track.cpp:102] Succeeded to set track lock for frame 55
I1014 16:40:21.779088 10247 work_track.cpp:116] Succeeded to release track lock for frame 55
I1014 16:40:21.779104 10247 work_track.cpp:120] Track results of frame 55: 1 objects input, 1 objects tracked!
I1014 16:40:21.779126 10247 work_track.cpp:148] Frame: 55, track bbox: [145 x 196 from (213.628, 72.7249)], gid: 0, lid: 0
I1014 16:40:21.779166 10247 work_thread.hpp:87]  [T-Work-Detect_0] Frame :55 split
I1014 16:40:21.779186 10247 work_thread.hpp:120]  [T-Work-Detect_0] Valid piece: gid = 0
I1014 16:40:21.779206 10247 work_thread.hpp:91]  [T-Work-Detect_0] Push to split queue:recog
I1014 16:40:21.779711 10249 work_thread.hpp:81]  [T-Work-Recog_1] Run work: WorkCapture
I1014 16:40:21.780599 10249 work_thread.hpp:81]  [T-Work-Recog_1] Run work: WorkRecog
I1014 16:40:21.780634 10249 work_recog.hpp:89] Face id: 0 will run recog: bbox [145 x 196 from (217, 72)] quality: 0.478277
I1014 16:40:21.780685 10249 work_recog.hpp:96] Recog pair: [208 x 280 from (184, 32)], [145 x 196 from (33, 40)]
I1014 16:40:21.781513 10248 work_thread.hpp:81]  [T-Work-Recog_0] Run work: WorkCompare
I1014 16:40:21.781958 10248 work_compare.cpp:76] Compare face: 0 successed, similarity :0.997674, name : images/ThangLMb.jpg, normal size : 1548 * 1719!
I1014 16:40:21.784906 10250 thread_intergrate.hpp:224] T-Intergrate-intergrate Show face :0, size :640 * 360
I1014 16:40:21.785588 10246 demo_inner.hpp:435] thread [SORT-0]  frame id 49 sorting queue size 0   FPS: 15.7841
I1014 16:40:21.785661 10245 demo_inner.hpp:260]  gui queue size 0, state = running
I1014 16:40:21.785666 10250 thread_intergrate.hpp:83] [T-Intergrate-intergrate] queue: frame output frame :50
I1014 16:40:21.785697 10250 thread_intergrate.hpp:90] [T-Intergrate-intergrate] queue: compare output face:0
I1014 16:40:21.785717 10250 thread_intergrate.hpp:149] T-Intergrate-intergrate set matched face: 0
I1014 16:40:21.798418 10249 work_thread.hpp:81]  [T-Work-Recog_1] Run work: WorkCompare
I1014 16:40:21.798882 10249 work_compare.cpp:76] Compare face: 0 successed, similarity :0.997284, name : images/ThangLMb.jpg, normal size : 1548 * 1719!
I1014 16:40:21.801601 10244 demo_inner.hpp:177] decode queue size 0
I1014 16:40:21.801679 10247 work_thread.hpp:81]  [T-Work-Detect_0] Run work: WorkDetect
I1014 16:40:21.801709 10247 work_detect.cpp:102] Succeeded to add det start for frame 56
I1014 16:40:21.808295 10247 work_detect.cpp:70] Frame :56 detect result :1 face(s)
I1014 16:40:21.808333 10247 work_detect.cpp:86] Detected bbox: [146 x 198 from (217, 71)]
I1014 16:40:21.808450 10247 work_detect.cpp:120] Succeeded to add det end for frame 56
I1014 16:40:21.808467 10247 work_thread.hpp:81]  [T-Work-Detect_0] Run work: WrokTrack
I1014 16:40:21.808491 10247 work_track.cpp:82] Frame: 56 build input_characts: [0.228125 x 0.55 from (0.339063, 0.197222)], 1.00019, 0
I1014 16:40:21.808545 10247 work_track.cpp:102] Succeeded to set track lock for frame 56
I1014 16:40:21.808585 10247 work_track.cpp:116] Succeeded to release track lock for frame 56
I1014 16:40:21.808600 10247 work_track.cpp:120] Track results of frame 56: 1 objects input, 1 objects tracked!
I1014 16:40:21.808617 10247 work_track.cpp:148] Frame: 56, track bbox: [146 x 198 from (214.671, 71.4851)], gid: 0, lid: 0
I1014 16:40:21.808652 10247 work_thread.hpp:87]  [T-Work-Detect_0] Frame :56 split
I1014 16:40:21.808670 10247 work_thread.hpp:120]  [T-Work-Detect_0] Valid piece: gid = 0
I1014 16:40:21.808687 10247 work_thread.hpp:91]  [T-Work-Detect_0] Push to split queue:recog
I1014 16:40:21.808738 10249 work_thread.hpp:81]  [T-Work-Recog_1] Run work: WorkCapture
I1014 16:40:21.809433 10249 work_thread.hpp:81]  [T-Work-Recog_1] Run work: WorkRecog
I1014 16:40:21.809455 10249 work_recog.hpp:89] Face id: 0 will run recog: bbox [146 x 198 from (217, 71)] quality: 0.468255
I1014 16:40:21.809482 10249 work_recog.hpp:96] Recog pair: [208 x 280 from (184, 32)], [146 x 198 from (33, 39)]
I1014 16:40:21.826823 10249 work_thread.hpp:81]  [T-Work-Recog_1] Run work: WorkCompare
I1014 16:40:21.827368 10249 work_compare.cpp:76] Compare face: 0 successed, similarity :0.997524, name : images/ThangLMb.jpg, normal size : 1548 * 1719!
I1014 16:40:21.836668 10244 demo_inner.hpp:177] decode queue size 0
I1014 16:40:21.836760 10247 work_thread.hpp:81]  [T-Work-Detect_0] Run work: WorkDetect
I1014 16:40:21.836791 10247 work_detect.cpp:102] Succeeded to add det start for frame 57
I1014 16:40:21.843389 10247 work_detect.cpp:70] Frame :57 detect result :1 face(s)
I1014 16:40:21.843426 10247 work_detect.cpp:86] Detected bbox: [147 x 201 from (216, 70)]
I1014 16:40:21.843468 10247 work_detect.cpp:120] Succeeded to add det end for frame 57
I1014 16:40:21.843484 10247 work_thread.hpp:81]  [T-Work-Detect_0] Run work: WrokTrack
I1014 16:40:21.843508 10247 work_track.cpp:82] Frame: 57 build input_characts: [0.229687 x 0.558333 from (0.3375, 0.194444)], 1.00019, 0
I1014 16:40:21.843560 10247 work_track.cpp:102] Succeeded to set track lock for frame 57
I1014 16:40:21.843600 10247 work_track.cpp:116] Succeeded to release track lock for frame 57
I1014 16:40:21.843614 10247 work_track.cpp:120] Track results of frame 57: 1 objects input, 1 objects tracked!
I1014 16:40:21.843632 10247 work_track.cpp:148] Frame: 57, track bbox: [147 x 201 from (215.438, 70.196)], gid: 0, lid: 0
I1014 16:40:21.843668 10247 work_thread.hpp:87]  [T-Work-Detect_0] Frame :57 split
I1014 16:40:21.843685 10247 work_thread.hpp:120]  [T-Work-Detect_0] Valid piece: gid = 0
I1014 16:40:21.843703 10247 work_thread.hpp:91]  [T-Work-Detect_0] Push to split queue:recog
I1014 16:40:21.843744 10249 work_thread.hpp:81]  [T-Work-Recog_1] Run work: WorkCapture
I1014 16:40:21.844286 10249 work_thread.hpp:81]  [T-Work-Recog_1] Run work: WorkRecog
I1014 16:40:21.844310 10249 work_recog.hpp:89] Face id: 0 will run recog: bbox [147 x 201 from (216, 70)] quality: 0.463942
I1014 16:40:21.844336 10249 work_recog.hpp:96] Recog pair: [208 x 288 from (184, 24)], [147 x 201 from (32, 46)]
I1014 16:40:21.861706 10249 work_thread.hpp:81]  [T-Work-Recog_1] Run work: WorkCompare
I1014 16:40:21.862162 10249 work_compare.cpp:76] Compare face: 0 successed, similarity :0.997272, name : images/ThangLMb.jpg, normal size : 1548 * 1719!
I1014 16:40:21.872553 10244 demo_inner.hpp:177] decode queue size 0
I1014 16:40:21.872640 10247 work_thread.hpp:81]  [T-Work-Detect_0] Run work: WorkDetect
I1014 16:40:21.872673 10247 work_detect.cpp:102] Succeeded to add det start for frame 58
I1014 16:40:21.879189 10247 work_detect.cpp:70] Frame :58 detect result :1 face(s)
I1014 16:40:21.879236 10247 work_detect.cpp:86] Detected bbox: [135 x 192 from (215, 75)]
I1014 16:40:21.879350 10247 work_detect.cpp:120] Succeeded to add det end for frame 58
I1014 16:40:21.879369 10247 work_thread.hpp:81]  [T-Work-Detect_0] Run work: WrokTrack
I1014 16:40:21.879392 10247 work_track.cpp:82] Frame: 58 build input_characts: [0.210938 x 0.533333 from (0.335938, 0.208333)], 0.999622, 0
I1014 16:40:21.879446 10247 work_track.cpp:102] Succeeded to set track lock for frame 58
I1014 16:40:21.879485 10247 work_track.cpp:116] Succeeded to release track lock for frame 58
I1014 16:40:21.879499 10247 work_track.cpp:120] Track results of frame 58: 1 objects input, 1 objects tracked!
I1014 16:40:21.879516 10247 work_track.cpp:148] Frame: 58, track bbox: [135 x 192 from (218.848, 74.2201)], gid: 0, lid: 0
I1014 16:40:21.879552 10247 work_thread.hpp:87]  [T-Work-Detect_0] Frame :58 split
I1014 16:40:21.879570 10247 work_thread.hpp:120]  [T-Work-Detect_0] Valid piece: gid = 0
I1014 16:40:21.879587 10247 work_thread.hpp:91]  [T-Work-Detect_0] Push to split queue:recog
I1014 16:40:21.879639 10249 work_thread.hpp:81]  [T-Work-Recog_1] Run work: WorkCapture
I1014 16:40:21.880194 10249 work_thread.hpp:81]  [T-Work-Recog_1] Run work: WorkRecog
I1014 16:40:21.880216 10249 work_recog.hpp:89] Face id: 0 will run recog: bbox [135 x 192 from (215, 75)] quality: 0.463942
I1014 16:40:21.880244 10249 work_recog.hpp:96] Recog pair: [200 x 280 from (184, 32)], [135 x 192 from (31, 43)]
I1014 16:40:21.897686 10249 work_thread.hpp:81]  [T-Work-Recog_1] Run work: WorkCompare
I1014 16:40:21.898144 10249 work_compare.cpp:76] Compare face: 0 successed, similarity :0.997024, name : images/ThangLMb.jpg, normal size : 1548 * 1719!
I1014 16:40:21.903313 10244 demo_inner.hpp:177] decode queue size 0
I1014 16:40:21.903390 10247 work_thread.hpp:81]  [T-Work-Detect_0] Run work: WorkDetect
I1014 16:40:21.903422 10247 work_detect.cpp:102] Succeeded to add det start for frame 59
I1014 16:40:21.908284 10249 work_thread.hpp:102]  [T-Work-Recog_1] Try to push queue compare again 8 vs 8
I1014 16:40:21.910013 10247 work_detect.cpp:70] Frame :59 detect result :1 face(s)
I1014 16:40:21.910034 10247 work_detect.cpp:86] Detected bbox: [145 x 198 from (217, 74)]
I1014 16:40:21.910077 10247 work_detect.cpp:120] Succeeded to add det end for frame 59
I1014 16:40:21.910092 10247 work_thread.hpp:81]  [T-Work-Detect_0] Run work: WrokTrack
I1014 16:40:21.910112 10247 work_track.cpp:82] Frame: 59 build input_characts: [0.226562 x 0.55 from (0.339063, 0.205556)], 0.999622, 0
I1014 16:40:21.910166 10247 work_track.cpp:102] Succeeded to set track lock for frame 59
I1014 16:40:21.910205 10247 work_track.cpp:116] Succeeded to release track lock for frame 59
I1014 16:40:21.910219 10247 work_track.cpp:120] Track results of frame 59: 1 objects input, 1 objects tracked!
I1014 16:40:21.910238 10247 work_track.cpp:148] Frame: 59, track bbox: [145 x 198 from (215.912, 72.6017)], gid: 0, lid: 0
I1014 16:40:21.910272 10247 work_thread.hpp:87]  [T-Work-Detect_0] Frame :59 split
I1014 16:40:21.910290 10247 work_thread.hpp:120]  [T-Work-Detect_0] Valid piece: gid = 0
I1014 16:40:21.910306 10247 work_thread.hpp:91]  [T-Work-Detect_0] Push to split queue:recog
I1014 16:40:21.910353 10248 work_thread.hpp:81]  [T-Work-Recog_0] Run work: WorkCapture
I1014 16:40:21.910895 10248 work_thread.hpp:81]  [T-Work-Recog_0] Run work: WorkRecog
I1014 16:40:21.910919 10248 work_recog.hpp:89] Face id: 0 will run recog: bbox [145 x 198 from (217, 74)] quality: 0.46848
I1014 16:40:21.910948 10248 work_recog.hpp:96] Recog pair: [208 x 280 from (184, 32)], [145 x 198 from (33, 42)]
I1014 16:40:21.918424 10249 work_thread.hpp:102]  [T-Work-Recog_1] Try to push queue compare again 8 vs 8
I1014 16:40:21.920410 10247 work_thread.hpp:102]  [T-Work-Detect_0] Try to push queue frame again 8 vs 8
I1014 16:40:21.928299 10248 work_thread.hpp:81]  [T-Work-Recog_0] Run work: WorkCompare
I1014 16:40:21.928557 10249 work_thread.hpp:102]  [T-Work-Recog_1] Try to push queue compare again 8 vs 8
I1014 16:40:21.928725 10248 work_compare.cpp:76] Compare face: 0 successed, similarity :0.996537, name : images/ThangLMb.jpg, normal size : 1548 * 1719!
I1014 16:40:21.930513 10247 work_thread.hpp:102]  [T-Work-Detect_0] Try to push queue frame again 8 vs 8
I1014 16:40:21.938527 10244 demo_inner.hpp:177] decode queue size 0
I1014 16:40:21.938657 10249 work_thread.hpp:102]  [T-Work-Recog_1] Try to push queue compare again 8 vs 8
I1014 16:40:21.938920 10248 work_thread.hpp:102]  [T-Work-Recog_0] Try to push queue compare again 8 vs 8
I1014 16:40:21.940614 10247 work_thread.hpp:102]  [T-Work-Detect_0] Try to push queue frame again 8 vs 8
I1014 16:40:21.948748 10249 work_thread.hpp:102]  [T-Work-Recog_1] Try to push queue compare again 8 vs 8
I1014 16:40:21.949002 10248 work_thread.hpp:102]  [T-Work-Recog_0] Try to push queue compare again 8 vs 8
I1014 16:40:21.950703 10247 work_thread.hpp:102]  [T-Work-Detect_0] Try to push queue frame again 8 vs 8
I1014 16:40:21.958851 10249 work_thread.hpp:102]  [T-Work-Recog_1] Try to push queue compare again 8 vs 8
I1014 16:40:21.959084 10248 work_thread.hpp:102]  [T-Work-Recog_0] Try to push queue compare again 8 vs 8
I1014 16:40:21.960800 10247 work_thread.hpp:102]  [T-Work-Detect_0] Try to push queue frame again 8 vs 8
I1014 16:40:21.968464 10244 demo_inner.hpp:177] decode queue size 1
I1014 16:40:21.968972 10249 work_thread.hpp:102]  [T-Work-Recog_1] Try to push queue compare again 8 vs 8
I1014 16:40:21.969166 10248 work_thread.hpp:102]  [T-Work-Recog_0] Try to push queue compare again 8 vs 8
I1014 16:40:21.970899 10247 work_thread.hpp:102]  [T-Work-Detect_0] Try to push queue frame again 8 vs 8
I1014 16:40:21.979063 10249 work_thread.hpp:102]  [T-Work-Recog_1] Try to push queue compare again 8 vs 8
I1014 16:40:21.979245 10248 work_thread.hpp:102]  [T-Work-Recog_0] Try to push queue compare again 8 vs 8
I1014 16:40:21.980988 10247 work_thread.hpp:102]  [T-Work-Detect_0] Try to push queue frame again 8 vs 8
I1014 16:40:21.989145 10249 work_thread.hpp:102]  [T-Work-Recog_1] Try to push queue compare again 8 vs 8
I1014 16:40:21.989325 10248 work_thread.hpp:102]  [T-Work-Recog_0] Try to push queue compare again 8 vs 8
I1014 16:40:21.991075 10247 work_thread.hpp:102]  [T-Work-Detect_0] Try to push queue frame again 8 vs 8
I1014 16:40:21.999243 10249 work_thread.hpp:102]  [T-Work-Recog_1] Try to push queue compare again 8 vs 8
I1014 16:40:21.999404 10248 work_thread.hpp:102]  [T-Work-Recog_0] Try to push queue compare again 8 vs 8
I1014 16:40:22.001163 10247 work_thread.hpp:102]  [T-Work-Detect_0] Try to push queue frame again 8 vs 8
I1014 16:40:22.004603 10244 demo_inner.hpp:177] decode queue size 1
I1014 16:40:22.009356 10249 work_thread.hpp:102]  [T-Work-Recog_1] Try to push queue compare again 8 vs 8
I1014 16:40:22.009487 10248 work_thread.hpp:102]  [T-Work-Recog_0] Try to push queue compare again 8 vs 8
I1014 16:40:22.011255 10247 work_thread.hpp:102]  [T-Work-Detect_0] Try to push queue frame again 8 vs 8
I1014 16:40:22.019445 10249 work_thread.hpp:102]  [T-Work-Recog_1] Try to push queue compare again 8 vs 8
I1014 16:40:22.019567 10248 work_thread.hpp:102]  [T-Work-Recog_0] Try to push queue compare again 8 vs 8
I1014 16:40:22.021342 10247 work_thread.hpp:102]  [T-Work-Detect_0] Try to push queue frame again 8 vs 8
I1014 16:40:22.029544 10249 work_thread.hpp:102]  [T-Work-Recog_1] Try to push queue compare again 8 vs 8
I1014 16:40:22.029647 10248 work_thread.hpp:102]  [T-Work-Recog_0] Try to push queue compare again 8 vs 8
I1014 16:40:22.031431 10247 work_thread.hpp:102]  [T-Work-Detect_0] Try to push queue frame again 8 vs 8
I1014 16:40:22.034595 10244 demo_inner.hpp:177] decode queue size 1
I1014 16:40:22.039660 10249 work_thread.hpp:102]  [T-Work-Recog_1] Try to push queue compare again 8 vs 8
I1014 16:40:22.039729 10248 work_thread.hpp:102]  [T-Work-Recog_0] Try to push queue compare again 8 vs 8
I1014 16:40:22.041520 10247 work_thread.hpp:102]  [T-Work-Detect_0] Try to push queue frame again 8 vs 8
I1014 16:40:22.049748 10249 work_thread.hpp:102]  [T-Work-Recog_1] Try to push queue compare again 8 vs 8
I1014 16:40:22.049809 10248 work_thread.hpp:102]  [T-Work-Recog_0] Try to push queue compare again 8 vs 8
I1014 16:40:22.051609 10247 work_thread.hpp:102]  [T-Work-Detect_0] Try to push queue frame again 8 vs 8
I1014 16:40:22.059834 10249 work_thread.hpp:102]  [T-Work-Recog_1] Try to push queue compare again 8 vs 8
I1014 16:40:22.059958 10248 work_thread.hpp:102]  [T-Work-Recog_0] Try to push queue compare again 8 vs 8
I1014 16:40:22.061700 10247 work_thread.hpp:102]  [T-Work-Detect_0] Try to push queue frame again 8 vs 8
I1014 16:40:22.069928 10249 work_thread.hpp:102]  [T-Work-Recog_1] Try to push queue compare again 8 vs 8
I1014 16:40:22.070040 10248 work_thread.hpp:102]  [T-Work-Recog_0] Try to push queue compare again 8 vs 8
I1014 16:40:22.070554 10244 demo_inner.hpp:177] decode queue size 1
I1014 16:40:22.071794 10247 work_thread.hpp:102]  [T-Work-Detect_0] Try to push queue frame again 8 vs 8
I1014 16:40:22.080029 10249 work_thread.hpp:102]  [T-Work-Recog_1] Try to push queue compare again 8 vs 8
I1014 16:40:22.080121 10248 work_thread.hpp:102]  [T-Work-Recog_0] Try to push queue compare again 8 vs 8
I1014 16:40:22.081881 10247 work_thread.hpp:102]  [T-Work-Detect_0] Try to push queue frame again 8 vs 8
I1014 16:40:22.090111 10249 work_thread.hpp:102]  [T-Work-Recog_1] Try to push queue compare again 8 vs 8
I1014 16:40:22.090200 10248 work_thread.hpp:102]  [T-Work-Recog_0] Try to push queue compare again 8 vs 8
I1014 16:40:22.091969 10247 work_thread.hpp:102]  [T-Work-Detect_0] Try to push queue frame again 8 vs 8
I1014 16:40:22.100183 10249 work_thread.hpp:102]  [T-Work-Recog_1] Try to push queue compare again 8 vs 8
I1014 16:40:22.100281 10248 work_thread.hpp:102]  [T-Work-Recog_0] Try to push queue compare again 8 vs 8
I1014 16:40:22.100571 10244 demo_inner.hpp:177] decode queue size 1
I1014 16:40:22.102057 10247 work_thread.hpp:102]  [T-Work-Detect_0] Try to push queue frame again 8 vs 8
I1014 16:40:22.110275 10249 work_thread.hpp:102]  [T-Work-Recog_1] Try to push queue compare again 8 vs 8
I1014 16:40:22.110360 10248 work_thread.hpp:102]  [T-Work-Recog_0] Try to push queue compare again 8 vs 8
I1014 16:40:22.112141 10247 work_thread.hpp:102]  [T-Work-Detect_0] Try to push queue frame again 8 vs 8
I1014 16:40:22.120357 10249 work_thread.hpp:102]  [T-Work-Recog_1] Try to push queue compare again 8 vs 8
I1014 16:40:22.120440 10248 work_thread.hpp:102]  [T-Work-Recog_0] Try to push queue compare again 8 vs 8
I1014 16:40:22.122237 10247 work_thread.hpp:102]  [T-Work-Detect_0] Try to push queue frame again 8 vs 8
I1014 16:40:22.130446 10249 work_thread.hpp:102]  [T-Work-Recog_1] Try to push queue compare again 8 vs 8
I1014 16:40:22.130518 10248 work_thread.hpp:102]  [T-Work-Recog_0] Try to push queue compare again 8 vs 8
I1014 16:40:22.132323 10247 work_thread.hpp:102]  [T-Work-Detect_0] Try to push queue frame again 8 vs 8
I1014 16:40:22.136519 10244 demo_inner.hpp:177] decode queue size 1
I1014 16:40:22.140544 10249 work_thread.hpp:102]  [T-Work-Recog_1] Try to push queue compare again 8 vs 8
I1014 16:40:22.140599 10248 work_thread.hpp:102]  [T-Work-Recog_0] Try to push queue compare again 8 vs 8
I1014 16:40:22.142406 10247 work_thread.hpp:102]  [T-Work-Detect_0] Try to push queue frame again 8 vs 8
I1014 16:40:22.150629 10249 work_thread.hpp:102]  [T-Work-Recog_1] Try to push queue compare again 8 vs 8
I1014 16:40:22.150677 10248 work_thread.hpp:102]  [T-Work-Recog_0] Try to push queue compare again 8 vs 8
I1014 16:40:22.152489 10247 work_thread.hpp:102]  [T-Work-Detect_0] Try to push queue frame again 8 vs 8
I1014 16:40:22.154387 10250 thread_intergrate.hpp:224] T-Intergrate-intergrate Show face :0, size :640 * 360
I1014 16:40:22.154896 10246 demo_inner.hpp:435] thread [SORT-0]  frame id 50 sorting queue size 0   FPS: 13.7104
I1014 16:40:22.154964 10245 demo_inner.hpp:260]  gui queue size 0, state = running
I1014 16:40:22.154970 10250 thread_intergrate.hpp:83] [T-Intergrate-intergrate] queue: frame output frame :51
I1014 16:40:22.154994 10247 work_thread.hpp:81]  [T-Work-Detect_0] Run work: WorkDetect
I1014 16:40:22.154996 10250 thread_intergrate.hpp:90] [T-Intergrate-intergrate] queue: compare output face:0
I1014 16:40:22.155035 10247 work_detect.cpp:102] Succeeded to add det start for frame 60
I1014 16:40:22.155138 10250 thread_intergrate.hpp:149] T-Intergrate-intergrate set matched face: 0
I1014 16:40:22.157510 10250 thread_intergrate.hpp:224] T-Intergrate-intergrate Show face :0, size :640 * 360
I1014 16:40:22.159178 10250 thread_intergrate.hpp:83] [T-Intergrate-intergrate] queue: frame output frame :52
I1014 16:40:22.159281 10250 thread_intergrate.hpp:90] [T-Intergrate-intergrate] queue: compare output face:0
I1014 16:40:22.159301 10250 thread_intergrate.hpp:149] T-Intergrate-intergrate set matched face: 0
I1014 16:40:22.159641 10246 demo_inner.hpp:435] thread [SORT-0]  frame id 51 sorting queue size 0   FPS: 13.6986
I1014 16:40:22.159737 10245 demo_inner.hpp:260]  gui queue size 0, state = running
I1014 16:40:22.162025 10247 work_detect.cpp:70] Frame :60 detect result :1 face(s)
I1014 16:40:22.162088 10247 work_detect.cpp:86] Detected bbox: [148 x 204 from (215, 68)]
I1014 16:40:22.162143 10247 work_detect.cpp:120] Succeeded to add det end for frame 60
I1014 16:40:22.162160 10247 work_thread.hpp:81]  [T-Work-Detect_0] Run work: WrokTrack
I1014 16:40:22.162187 10247 work_track.cpp:82] Frame: 60 build input_characts: [0.23125 x 0.566667 from (0.335938, 0.188889)], 1.00019, 0
I1014 16:40:22.162250 10247 work_track.cpp:102] Succeeded to set track lock for frame 60
I1014 16:40:22.162297 10247 work_track.cpp:116] Succeeded to release track lock for frame 60
I1014 16:40:22.162310 10247 work_track.cpp:120] Track results of frame 60: 1 objects input, 1 objects tracked!
I1014 16:40:22.162329 10247 work_track.cpp:148] Frame: 60, track bbox: [148 x 204 from (213.551, 69.4347)], gid: 0, lid: 0
I1014 16:40:22.162367 10247 work_thread.hpp:87]  [T-Work-Detect_0] Frame :60 split
I1014 16:40:22.162386 10247 work_thread.hpp:120]  [T-Work-Detect_0] Valid piece: gid = 0
I1014 16:40:22.162405 10247 work_thread.hpp:91]  [T-Work-Detect_0] Push to split queue:recog
I1014 16:40:22.162480 10249 work_thread.hpp:81]  [T-Work-Recog_1] Run work: WorkCapture
I1014 16:40:22.163115 10249 work_thread.hpp:81]  [T-Work-Recog_1] Run work: WorkRecog
I1014 16:40:22.163146 10249 work_recog.hpp:89] Face id: 0 will run recog: bbox [148 x 204 from (215, 68)] quality: 0.464692
I1014 16:40:22.163280 10249 work_recog.hpp:96] Recog pair: [208 x 288 from (184, 24)], [148 x 204 from (31, 44)]
I1014 16:40:22.173612 10244 demo_inner.hpp:177] decode queue size 0
I1014 16:40:22.173730 10247 work_thread.hpp:81]  [T-Work-Detect_0] Run work: WorkDetect
I1014 16:40:22.173765 10247 work_detect.cpp:102] Succeeded to add det start for frame 61
I1014 16:40:22.180801 10247 work_detect.cpp:70] Frame :61 detect result :1 face(s)
I1014 16:40:22.180860 10247 work_detect.cpp:86] Detected bbox: [147 x 203 from (216, 70)]
I1014 16:40:22.180914 10247 work_detect.cpp:120] Succeeded to add det end for frame 61
I1014 16:40:22.180932 10247 work_thread.hpp:81]  [T-Work-Detect_0] Run work: WrokTrack
I1014 16:40:22.180958 10247 work_track.cpp:82] Frame: 61 build input_characts: [0.229687 x 0.563889 from (0.3375, 0.194444)], 1.00019, 0
I1014 16:40:22.181022 10247 work_track.cpp:102] Succeeded to set track lock for frame 61
I1014 16:40:22.181072 10247 work_track.cpp:116] Succeeded to release track lock for frame 61
I1014 16:40:22.181087 10247 work_track.cpp:120] Track results of frame 61: 1 objects input, 1 objects tracked!
I1014 16:40:22.181105 10247 work_track.cpp:148] Frame: 61, track bbox: [147 x 203 from (215.053, 70.0809)], gid: 0, lid: 0
I1014 16:40:22.181144 10247 work_thread.hpp:87]  [T-Work-Detect_0] Frame :61 split
I1014 16:40:22.181162 10247 work_thread.hpp:120]  [T-Work-Detect_0] Valid piece: gid = 0
I1014 16:40:22.181182 10247 work_thread.hpp:91]  [T-Work-Detect_0] Push to split queue:recog
I1014 16:40:22.181236 10248 work_thread.hpp:81]  [T-Work-Recog_0] Run work: WorkCapture
I1014 16:40:22.181593 10249 work_thread.hpp:81]  [T-Work-Recog_1] Run work: WorkCompare
I1014 16:40:22.181843 10248 work_thread.hpp:81]  [T-Work-Recog_0] Run work: WorkRecog
I1014 16:40:22.181939 10248 work_recog.hpp:89] Face id: 0 will run recog: bbox [147 x 203 from (216, 70)] quality: 0.471801
I1014 16:40:22.181968 10248 work_recog.hpp:96] Recog pair: [208 x 296 from (184, 24)], [147 x 203 from (32, 46)]
I1014 16:40:22.182018 10249 work_compare.cpp:76] Compare face: 0 successed, similarity :0.99645, name : images/ThangLMb.jpg, normal size : 1548 * 1719!
I1014 16:40:22.191308 10247 work_thread.hpp:102]  [T-Work-Detect_0] Try to push queue frame again 8 vs 8
I1014 16:40:22.192118 10249 work_thread.hpp:102]  [T-Work-Recog_1] Try to push queue compare again 8 vs 8
I1014 16:40:22.199436 10248 work_thread.hpp:81]  [T-Work-Recog_0] Run work: WorkCompare
I1014 16:40:22.199882 10248 work_compare.cpp:76] Compare face: 0 successed, similarity :0.997382, name : images/ThangLMb.jpg, normal size : 1548 * 1719!
I1014 16:40:22.201431 10247 work_thread.hpp:102]  [T-Work-Detect_0] Try to push queue frame again 8 vs 8
I1014 16:40:22.202210 10249 work_thread.hpp:102]  [T-Work-Recog_1] Try to push queue compare again 8 vs 8
I1014 16:40:22.203344 10244 demo_inner.hpp:177] decode queue size 0
I1014 16:40:22.210006 10248 work_thread.hpp:102]  [T-Work-Recog_0] Try to push queue compare again 8 vs 8
I1014 16:40:22.211514 10247 work_thread.hpp:102]  [T-Work-Detect_0] Try to push queue frame again 8 vs 8
I1014 16:40:22.212294 10249 work_thread.hpp:102]  [T-Work-Recog_1] Try to push queue compare again 8 vs 8
I1014 16:40:22.220091 10248 work_thread.hpp:102]  [T-Work-Recog_0] Try to push queue compare again 8 vs 8
I1014 16:40:22.221596 10247 work_thread.hpp:102]  [T-Work-Detect_0] Try to push queue frame again 8 vs 8
I1014 16:40:22.222376 10249 work_thread.hpp:102]  [T-Work-Recog_1] Try to push queue compare again 8 vs 8
I1014 16:40:22.230190 10248 work_thread.hpp:102]  [T-Work-Recog_0] Try to push queue compare again 8 vs 8
I1014 16:40:22.231678 10247 work_thread.hpp:102]  [T-Work-Detect_0] Try to push queue frame again 8 vs 8
I1014 16:40:22.232460 10249 work_thread.hpp:102]  [T-Work-Recog_1] Try to push queue compare again 8 vs 8
I1014 16:40:22.238500 10244 demo_inner.hpp:177] decode queue size 1
I1014 16:40:22.240298 10248 work_thread.hpp:102]  [T-Work-Recog_0] Try to push queue compare again 8 vs 8
I1014 16:40:22.241758 10247 work_thread.hpp:102]  [T-Work-Detect_0] Try to push queue frame again 8 vs 8
I1014 16:40:22.242542 10249 work_thread.hpp:102]  [T-Work-Recog_1] Try to push queue compare again 8 vs 8
I1014 16:40:22.250382 10248 work_thread.hpp:102]  [T-Work-Recog_0] Try to push queue compare again 8 vs 8
I1014 16:40:22.251839 10247 work_thread.hpp:102]  [T-Work-Detect_0] Try to push queue frame again 8 vs 8
I1014 16:40:22.252624 10249 work_thread.hpp:102]  [T-Work-Recog_1] Try to push queue compare again 8 vs 8
I1014 16:40:22.260469 10248 work_thread.hpp:102]  [T-Work-Recog_0] Try to push queue compare again 8 vs 8
I1014 16:40:22.261919 10247 work_thread.hpp:102]  [T-Work-Detect_0] Try to push queue frame again 8 vs 8
I1014 16:40:22.262703 10249 work_thread.hpp:102]  [T-Work-Recog_1] Try to push queue compare again 8 vs 8
I1014 16:40:22.268527 10244 demo_inner.hpp:177] decode queue size 1
I1014 16:40:22.270568 10248 work_thread.hpp:102]  [T-Work-Recog_0] Try to push queue compare again 8 vs 8
I1014 16:40:22.272001 10247 work_thread.hpp:102]  [T-Work-Detect_0] Try to push queue frame again 8 vs 8
I1014 16:40:22.272785 10249 work_thread.hpp:102]  [T-Work-Recog_1] Try to push queue compare again 8 vs 8
I1014 16:40:22.280652 10248 work_thread.hpp:102]  [T-Work-Recog_0] Try to push queue compare again 8 vs 8
I1014 16:40:22.282079 10247 work_thread.hpp:102]  [T-Work-Detect_0] Try to push queue frame again 8 vs 8
I1014 16:40:22.282866 10249 work_thread.hpp:102]  [T-Work-Recog_1] Try to push queue compare again 8 vs 8
I1014 16:40:22.290731 10248 work_thread.hpp:102]  [T-Work-Recog_0] Try to push queue compare again 8 vs 8
I1014 16:40:22.292248 10247 work_thread.hpp:102]  [T-Work-Detect_0] Try to push queue frame again 8 vs 8
I1014 16:40:22.292945 10249 work_thread.hpp:102]  [T-Work-Recog_1] Try to push queue compare again 8 vs 8
I1014 16:40:22.300820 10248 work_thread.hpp:102]  [T-Work-Recog_0] Try to push queue compare again 8 vs 8
I1014 16:40:22.302331 10247 work_thread.hpp:102]  [T-Work-Detect_0] Try to push queue frame again 8 vs 8
I1014 16:40:22.303105 10249 work_thread.hpp:102]  [T-Work-Recog_1] Try to push queue compare again 8 vs 8
I1014 16:40:22.304489 10244 demo_inner.hpp:177] decode queue size 1
I1014 16:40:22.310923 10248 work_thread.hpp:102]  [T-Work-Recog_0] Try to push queue compare again 8 vs 8
I1014 16:40:22.312413 10247 work_thread.hpp:102]  [T-Work-Detect_0] Try to push queue frame again 8 vs 8
I1014 16:40:22.313189 10249 work_thread.hpp:102]  [T-Work-Recog_1] Try to push queue compare again 8 vs 8
I1014 16:40:22.315740 10250 thread_intergrate.hpp:224] T-Intergrate-intergrate Show face :0, size :640 * 360
I1014 16:40:22.315908 10250 thread_intergrate.hpp:83] [T-Intergrate-intergrate] queue: frame output frame :53
I1014 16:40:22.315930 10247 work_thread.hpp:81]  [T-Work-Detect_0] Run work: WorkDetect
I1014 16:40:22.315933 10250 thread_intergrate.hpp:90] [T-Intergrate-intergrate] queue: compare output face:0
I1014 16:40:22.315954 10250 thread_intergrate.hpp:149] T-Intergrate-intergrate set matched face: 0
I1014 16:40:22.315958 10247 work_detect.cpp:102] Succeeded to add det start for frame 62
I1014 16:40:22.316320 10246 demo_inner.hpp:435] thread [SORT-0]  frame id 52 sorting queue size 0   FPS: 12.8721
I1014 16:40:22.316406 10245 demo_inner.hpp:260]  gui queue size 0, state = running
I1014 16:40:22.318109 10250 thread_intergrate.hpp:224] T-Intergrate-intergrate Show face :0, size :640 * 360
I1014 16:40:22.318331 10250 thread_intergrate.hpp:83] [T-Intergrate-intergrate] queue: frame output frame :54
I1014 16:40:22.318436 10250 thread_intergrate.hpp:90] [T-Intergrate-intergrate] queue: compare output face:0
I1014 16:40:22.318456 10250 thread_intergrate.hpp:149] T-Intergrate-intergrate set matched face: 0
I1014 16:40:22.318715 10246 demo_inner.hpp:435] thread [SORT-0]  frame id 53 sorting queue size 0   FPS: 14.1844
I1014 16:40:22.320621 10245 demo_inner.hpp:260]  gui queue size 0, state = running
I1014 16:40:22.322788 10247 work_detect.cpp:70] Frame :62 detect result :1 face(s)
I1014 16:40:22.322850 10247 work_detect.cpp:86] Detected bbox: [147 x 202 from (216, 70)]
I1014 16:40:22.322901 10247 work_detect.cpp:120] Succeeded to add det end for frame 62
I1014 16:40:22.322917 10247 work_thread.hpp:81]  [T-Work-Detect_0] Run work: WrokTrack
I1014 16:40:22.322944 10247 work_track.cpp:82] Frame: 62 build input_characts: [0.229687 x 0.561111 from (0.3375, 0.194444)], 1.00008, 0
I1014 16:40:22.323009 10247 work_track.cpp:102] Succeeded to set track lock for frame 62
I1014 16:40:22.323060 10247 work_track.cpp:116] Succeeded to release track lock for frame 62
I1014 16:40:22.323076 10247 work_track.cpp:120] Track results of frame 62: 1 objects input, 1 objects tracked!
I1014 16:40:22.323096 10247 work_track.cpp:148] Frame: 62, track bbox: [147 x 202 from (216.218, 70.2452)], gid: 0, lid: 0
I1014 16:40:22.323113 10250 thread_intergrate.hpp:224] T-Intergrate-intergrate Show face :0, size :640 * 360
I1014 16:40:22.323135 10247 work_thread.hpp:87]  [T-Work-Detect_0] Frame :62 split
I1014 16:40:22.323154 10247 work_thread.hpp:120]  [T-Work-Detect_0] Valid piece: gid = 0
I1014 16:40:22.323175 10247 work_thread.hpp:91]  [T-Work-Detect_0] Push to split queue:recog
I1014 16:40:22.323257 10248 work_thread.hpp:81]  [T-Work-Recog_0] Run work: WorkCapture
I1014 16:40:22.323290 10250 thread_intergrate.hpp:83] [T-Intergrate-intergrate] queue: frame output frame :55
I1014 16:40:22.323313 10250 thread_intergrate.hpp:90] [T-Intergrate-intergrate] queue: compare output face:0
I1014 16:40:22.323330 10250 thread_intergrate.hpp:149] T-Intergrate-intergrate set matched face: 0
I1014 16:40:22.323735 10246 demo_inner.hpp:435] thread [SORT-0]  frame id 54 sorting queue size 0   FPS: 14.1656
I1014 16:40:22.324113 10248 work_thread.hpp:81]  [T-Work-Recog_0] Run work: WorkRecog
I1014 16:40:22.324142 10248 work_recog.hpp:89] Face id: 0 will run recog: bbox [147 x 202 from (216, 70)] quality: 0.467541
I1014 16:40:22.324277 10248 work_recog.hpp:96] Recog pair: [208 x 288 from (184, 24)], [147 x 202 from (32, 46)]
I1014 16:40:22.326372 10245 demo_inner.hpp:260]  gui queue size 0, state = running
I1014 16:40:22.336798 10244 demo_inner.hpp:177] decode queue size 0
I1014 16:40:22.336910 10247 work_thread.hpp:81]  [T-Work-Detect_0] Run work: WorkDetect
I1014 16:40:22.336951 10247 work_detect.cpp:102] Succeeded to add det start for frame 63
I1014 16:40:22.343125 10248 work_thread.hpp:81]  [T-Work-Recog_0] Run work: WorkCompare
I1014 16:40:22.343575 10248 work_compare.cpp:76] Compare face: 0 successed, similarity :0.997655, name : images/ThangLMb.jpg, normal size : 1548 * 1719!
I1014 16:40:22.343900 10247 work_detect.cpp:70] Frame :63 detect result :1 face(s)
I1014 16:40:22.343924 10247 work_detect.cpp:86] Detected bbox: [150 x 208 from (215, 70)]
I1014 16:40:22.343962 10247 work_detect.cpp:120] Succeeded to add det end for frame 63
I1014 16:40:22.343978 10247 work_thread.hpp:81]  [T-Work-Detect_0] Run work: WrokTrack
I1014 16:40:22.343997 10247 work_track.cpp:82] Frame: 63 build input_characts: [0.234375 x 0.577778 from (0.335938, 0.194444)], 1.00019, 0
I1014 16:40:22.344036 10247 work_track.cpp:102] Succeeded to set track lock for frame 63
I1014 16:40:22.344076 10247 work_track.cpp:116] Succeeded to release track lock for frame 63
I1014 16:40:22.344090 10247 work_track.cpp:120] Track results of frame 63: 1 objects input, 1 objects tracked!
I1014 16:40:22.344107 10247 work_track.cpp:148] Frame: 63, track bbox: [150 x 208 from (216.048, 68.5031)], gid: 0, lid: 0
I1014 16:40:22.344143 10247 work_thread.hpp:87]  [T-Work-Detect_0] Frame :63 split
I1014 16:40:22.344177 10247 work_thread.hpp:120]  [T-Work-Detect_0] Valid piece: gid = 0
I1014 16:40:22.344197 10247 work_thread.hpp:91]  [T-Work-Detect_0] Push to split queue:recog
I1014 16:40:22.344265 10249 work_thread.hpp:81]  [T-Work-Recog_1] Run work: WorkCapture
I1014 16:40:22.344815 10249 work_thread.hpp:81]  [T-Work-Recog_1] Run work: WorkRecog
I1014 16:40:22.344837 10249 work_recog.hpp:89] Face id: 0 will run recog: bbox [150 x 208 from (215, 70)] quality: 0.468255
I1014 16:40:22.344866 10249 work_recog.hpp:96] Recog pair: [216 x 296 from (184, 24)], [150 x 208 from (31, 46)]
I1014 16:40:22.362505 10249 work_thread.hpp:81]  [T-Work-Recog_1] Run work: WorkCompare
I1014 16:40:22.362959 10249 work_compare.cpp:76] Compare face: 0 successed, similarity :0.996054, name : images/ThangLMb.jpg, normal size : 1548 * 1719!
I1014 16:40:22.370863 10244 demo_inner.hpp:177] decode queue size 0
I1014 16:40:22.370954 10247 work_thread.hpp:81]  [T-Work-Detect_0] Run work: WorkDetect
I1014 16:40:22.370985 10247 work_detect.cpp:102] Succeeded to add det start for frame 64
I1014 16:40:22.373085 10249 work_thread.hpp:102]  [T-Work-Recog_1] Try to push queue compare again 8 vs 8
I1014 16:40:22.377604 10247 work_detect.cpp:70] Frame :64 detect result :1 face(s)
I1014 16:40:22.377625 10247 work_detect.cpp:86] Detected bbox: [146 x 199 from (216, 74)]
I1014 16:40:22.377668 10247 work_detect.cpp:120] Succeeded to add det end for frame 64
I1014 16:40:22.377684 10247 work_thread.hpp:81]  [T-Work-Detect_0] Run work: WrokTrack
I1014 16:40:22.377704 10247 work_track.cpp:82] Frame: 64 build input_characts: [0.228125 x 0.552778 from (0.3375, 0.205556)], 1.00019, 0
I1014 16:40:22.377756 10247 work_track.cpp:102] Succeeded to set track lock for frame 64
I1014 16:40:22.377795 10247 work_track.cpp:116] Succeeded to release track lock for frame 64
I1014 16:40:22.377810 10247 work_track.cpp:120] Track results of frame 64: 1 objects input, 1 objects tracked!
I1014 16:40:22.377828 10247 work_track.cpp:148] Frame: 64, track bbox: [146 x 199 from (216.462, 73.6714)], gid: 0, lid: 0
I1014 16:40:22.377864 10247 work_thread.hpp:87]  [T-Work-Detect_0] Frame :64 split
I1014 16:40:22.377883 10247 work_thread.hpp:120]  [T-Work-Detect_0] Valid piece: gid = 0
I1014 16:40:22.377902 10247 work_thread.hpp:91]  [T-Work-Detect_0] Push to split queue:recog
I1014 16:40:22.377939 10248 work_thread.hpp:81]  [T-Work-Recog_0] Run work: WorkCapture
I1014 16:40:22.378587 10248 work_thread.hpp:81]  [T-Work-Recog_0] Run work: WorkRecog
I1014 16:40:22.378609 10248 work_recog.hpp:89] Face id: 0 will run recog: bbox [146 x 199 from (216, 74)] quality: 0.469898
I1014 16:40:22.378638 10248 work_recog.hpp:96] Recog pair: [208 x 280 from (184, 32)], [146 x 199 from (32, 42)]
I1014 16:40:22.383198 10249 work_thread.hpp:102]  [T-Work-Recog_1] Try to push queue compare again 8 vs 8
I1014 16:40:22.387990 10247 work_thread.hpp:102]  [T-Work-Detect_0] Try to push queue frame again 8 vs 8
I1014 16:40:22.393291 10249 work_thread.hpp:102]  [T-Work-Recog_1] Try to push queue compare again 8 vs 8
I1014 16:40:22.395957 10248 work_thread.hpp:81]  [T-Work-Recog_0] Run work: WorkCompare
I1014 16:40:22.396395 10248 work_compare.cpp:76] Compare face: 0 successed, similarity :0.997062, name : images/ThangLMb.jpg, normal size : 1548 * 1719!
I1014 16:40:22.398082 10247 work_thread.hpp:102]  [T-Work-Detect_0] Try to push queue frame again 8 vs 8
I1014 16:40:22.403379 10249 work_thread.hpp:102]  [T-Work-Recog_1] Try to push queue compare again 8 vs 8
I1014 16:40:22.406365 10244 demo_inner.hpp:177] decode queue size 0
I1014 16:40:22.406514 10248 work_thread.hpp:102]  [T-Work-Recog_0] Try to push queue compare again 8 vs 8
I1014 16:40:22.408171 10247 work_thread.hpp:102]  [T-Work-Detect_0] Try to push queue frame again 8 vs 8
I1014 16:40:22.413465 10249 work_thread.hpp:102]  [T-Work-Recog_1] Try to push queue compare again 8 vs 8
I1014 16:40:22.416599 10248 work_thread.hpp:102]  [T-Work-Recog_0] Try to push queue compare again 8 vs 8
I1014 16:40:22.418251 10247 work_thread.hpp:102]  [T-Work-Detect_0] Try to push queue frame again 8 vs 8
I1014 16:40:22.423547 10249 work_thread.hpp:102]  [T-Work-Recog_1] Try to push queue compare again 8 vs 8
I1014 16:40:22.426681 10248 work_thread.hpp:102]  [T-Work-Recog_0] Try to push queue compare again 8 vs 8
I1014 16:40:22.428340 10247 work_thread.hpp:102]  [T-Work-Detect_0] Try to push queue frame again 8 vs 8
I1014 16:40:22.433632 10249 work_thread.hpp:102]  [T-Work-Recog_1] Try to push queue compare again 8 vs 8
I1014 16:40:22.436460 10244 demo_inner.hpp:177] decode queue size 1
I1014 16:40:22.436772 10248 work_thread.hpp:102]  [T-Work-Recog_0] Try to push queue compare again 8 vs 8
I1014 16:40:22.438436 10247 work_thread.hpp:102]  [T-Work-Detect_0] Try to push queue frame again 8 vs 8
I1014 16:40:22.443715 10249 work_thread.hpp:102]  [T-Work-Recog_1] Try to push queue compare again 8 vs 8
I1014 16:40:22.446856 10248 work_thread.hpp:102]  [T-Work-Recog_0] Try to push queue compare again 8 vs 8
I1014 16:40:22.448523 10247 work_thread.hpp:102]  [T-Work-Detect_0] Try to push queue frame again 8 vs 8
I1014 16:40:22.453796 10249 work_thread.hpp:102]  [T-Work-Recog_1] Try to push queue compare again 8 vs 8
I1014 16:40:22.456936 10248 work_thread.hpp:102]  [T-Work-Recog_0] Try to push queue compare again 8 vs 8
I1014 16:40:22.458608 10247 work_thread.hpp:102]  [T-Work-Detect_0] Try to push queue frame again 8 vs 8
I1014 16:40:22.463886 10249 work_thread.hpp:102]  [T-Work-Recog_1] Try to push queue compare again 8 vs 8
I1014 16:40:22.467025 10248 work_thread.hpp:102]  [T-Work-Recog_0] Try to push queue compare again 8 vs 8
I1014 16:40:22.468696 10247 work_thread.hpp:102]  [T-Work-Detect_0] Try to push queue frame again 8 vs 8
I1014 16:40:22.472424 10244 demo_inner.hpp:177] decode queue size 1
I1014 16:40:22.473980 10249 work_thread.hpp:102]  [T-Work-Recog_1] Try to push queue compare again 8 vs 8
I1014 16:40:22.477118 10248 work_thread.hpp:102]  [T-Work-Recog_0] Try to push queue compare again 8 vs 8
I1014 16:40:22.478782 10247 work_thread.hpp:102]  [T-Work-Detect_0] Try to push queue frame again 8 vs 8
I1014 16:40:22.484062 10249 work_thread.hpp:102]  [T-Work-Recog_1] Try to push queue compare again 8 vs 8
I1014 16:40:22.487200 10248 work_thread.hpp:102]  [T-Work-Recog_0] Try to push queue compare again 8 vs 8
I1014 16:40:22.488867 10247 work_thread.hpp:102]  [T-Work-Detect_0] Try to push queue frame again 8 vs 8
I1014 16:40:22.494150 10249 work_thread.hpp:102]  [T-Work-Recog_1] Try to push queue compare again 8 vs 8
I1014 16:40:22.497285 10248 work_thread.hpp:102]  [T-Work-Recog_0] Try to push queue compare again 8 vs 8
I1014 16:40:22.499022 10247 work_thread.hpp:102]  [T-Work-Detect_0] Try to push queue frame again 8 vs 8
I1014 16:40:22.502521 10244 demo_inner.hpp:177] decode queue size 1
I1014 16:40:22.504243 10249 work_thread.hpp:102]  [T-Work-Recog_1] Try to push queue compare again 8 vs 8
I1014 16:40:22.507375 10248 work_thread.hpp:102]  [T-Work-Recog_0] Try to push queue compare again 8 vs 8
I1014 16:40:22.509109 10247 work_thread.hpp:102]  [T-Work-Detect_0] Try to push queue frame again 8 vs 8
I1014 16:40:22.514325 10249 work_thread.hpp:102]  [T-Work-Recog_1] Try to push queue compare again 8 vs 8
I1014 16:40:22.517458 10248 work_thread.hpp:102]  [T-Work-Recog_0] Try to push queue compare again 8 vs 8
I1014 16:40:22.519191 10247 work_thread.hpp:102]  [T-Work-Detect_0] Try to push queue frame again 8 vs 8
I1014 16:40:22.524406 10249 work_thread.hpp:102]  [T-Work-Recog_1] Try to push queue compare again 8 vs 8
I1014 16:40:22.527537 10248 work_thread.hpp:102]  [T-Work-Recog_0] Try to push queue compare again 8 vs 8
I1014 16:40:22.529274 10247 work_thread.hpp:102]  [T-Work-Detect_0] Try to push queue frame again 8 vs 8
I1014 16:40:22.534490 10249 work_thread.hpp:102]  [T-Work-Recog_1] Try to push queue compare again 8 vs 8
I1014 16:40:22.537623 10248 work_thread.hpp:102]  [T-Work-Recog_0] Try to push queue compare again 8 vs 8
I1014 16:40:22.538446 10244 demo_inner.hpp:177] decode queue size 1
I1014 16:40:22.539361 10247 work_thread.hpp:102]  [T-Work-Detect_0] Try to push queue frame again 8 vs 8
I1014 16:40:22.544575 10249 work_thread.hpp:102]  [T-Work-Recog_1] Try to push queue compare again 8 vs 8
I1014 16:40:22.547711 10248 work_thread.hpp:102]  [T-Work-Recog_0] Try to push queue compare again 8 vs 8
I1014 16:40:22.549444 10247 work_thread.hpp:102]  [T-Work-Detect_0] Try to push queue frame again 8 vs 8
I1014 16:40:22.554656 10249 work_thread.hpp:102]  [T-Work-Recog_1] Try to push queue compare again 8 vs 8
I1014 16:40:22.555991 10250 thread_intergrate.hpp:224] T-Intergrate-intergrate Show face :0, size :640 * 360
I1014 16:40:22.556172 10250 thread_intergrate.hpp:83] [T-Intergrate-intergrate] queue: frame output frame :56
I1014 16:40:22.556200 10250 thread_intergrate.hpp:90] [T-Intergrate-intergrate] queue: compare output face:0
I1014 16:40:22.556200 10247 work_thread.hpp:81]  [T-Work-Detect_0] Run work: WorkDetect
I1014 16:40:22.556221 10250 thread_intergrate.hpp:149] T-Intergrate-intergrate set matched face: 0
I1014 16:40:22.556242 10247 work_detect.cpp:102] Succeeded to add det start for frame 65
I1014 16:40:22.556445 10246 demo_inner.hpp:435] thread [SORT-0]  frame id 55 sorting queue size 0   FPS: 13.7221
I1014 16:40:22.557824 10245 demo_inner.hpp:260]  gui queue size 0, state = running
I1014 16:40:22.559142 10250 thread_intergrate.hpp:224] T-Intergrate-intergrate Show face :0, size :640 * 360
I1014 16:40:22.559370 10250 thread_intergrate.hpp:83] [T-Intergrate-intergrate] queue: frame output frame :57
I1014 16:40:22.559398 10250 thread_intergrate.hpp:90] [T-Intergrate-intergrate] queue: compare output face:0
I1014 16:40:22.559417 10250 thread_intergrate.hpp:149] T-Intergrate-intergrate set matched face: 0
I1014 16:40:22.559674 10246 demo_inner.hpp:435] thread [SORT-0]  frame id 56 sorting queue size 0   FPS: 13.7162
I1014 16:40:22.562541 10245 demo_inner.hpp:260]  gui queue size 0, state = running
I1014 16:40:22.563223 10247 work_detect.cpp:70] Frame :65 detect result :1 face(s)
I1014 16:40:22.563259 10247 work_detect.cpp:86] Detected bbox: [146 x 203 from (216, 67)]
I1014 16:40:22.563304 10247 work_detect.cpp:120] Succeeded to add det end for frame 65
I1014 16:40:22.563320 10247 work_thread.hpp:81]  [T-Work-Detect_0] Run work: WrokTrack
I1014 16:40:22.563344 10247 work_track.cpp:82] Frame: 65 build input_characts: [0.228125 x 0.563889 from (0.3375, 0.186111)], 1.00019, 0
I1014 16:40:22.563397 10247 work_track.cpp:102] Succeeded to set track lock for frame 65
I1014 16:40:22.563519 10247 work_track.cpp:116] Succeeded to release track lock for frame 65
I1014 16:40:22.563535 10247 work_track.cpp:120] Track results of frame 65: 1 objects input, 1 objects tracked!
I1014 16:40:22.563553 10247 work_track.cpp:148] Frame: 65, track bbox: [146 x 203 from (216.277, 70.0296)], gid: 0, lid: 0
I1014 16:40:22.563591 10247 work_thread.hpp:87]  [T-Work-Detect_0] Frame :65 split
I1014 16:40:22.563609 10247 work_thread.hpp:120]  [T-Work-Detect_0] Valid piece: gid = 0
I1014 16:40:22.563627 10247 work_thread.hpp:91]  [T-Work-Detect_0] Push to split queue:recog
I1014 16:40:22.563706 10248 work_thread.hpp:81]  [T-Work-Recog_0] Run work: WorkCapture
I1014 16:40:22.564332 10248 work_thread.hpp:81]  [T-Work-Recog_0] Run work: WorkRecog
I1014 16:40:22.564360 10248 work_recog.hpp:89] Face id: 0 will run recog: bbox [146 x 203 from (216, 67)] quality: 0.468039
I1014 16:40:22.564394 10248 work_recog.hpp:96] Recog pair: [208 x 288 from (184, 24)], [146 x 203 from (32, 43)]
I1014 16:40:22.569768 10250 thread_intergrate.hpp:224] T-Intergrate-intergrate Show face :0, size :640 * 360
I1014 16:40:22.569990 10250 thread_intergrate.hpp:83] [T-Intergrate-intergrate] queue: frame output frame :58
I1014 16:40:22.570016 10250 thread_intergrate.hpp:90] [T-Intergrate-intergrate] queue: compare output face:0
I1014 16:40:22.570036 10250 thread_intergrate.hpp:149] T-Intergrate-intergrate set matched face: 0
I1014 16:40:22.570394 10246 demo_inner.hpp:435] thread [SORT-0]  frame id 57 sorting queue size 0   FPS: 14.6453
I1014 16:40:22.570606 10245 demo_inner.hpp:260]  gui queue size 0, state = running
I1014 16:40:22.571885 10244 demo_inner.hpp:177] decode queue size 0
I1014 16:40:22.572027 10247 work_thread.hpp:81]  [T-Work-Detect_0] Run work: WorkDetect
I1014 16:40:22.572064 10247 work_detect.cpp:102] Succeeded to add det start for frame 66
I1014 16:40:22.579083 10247 work_detect.cpp:70] Frame :66 detect result :1 face(s)
I1014 16:40:22.579159 10247 work_detect.cpp:86] Detected bbox: [149 x 206 from (215, 66)]
I1014 16:40:22.579218 10247 work_detect.cpp:120] Succeeded to add det end for frame 66
I1014 16:40:22.579236 10247 work_thread.hpp:81]  [T-Work-Detect_0] Run work: WrokTrack
I1014 16:40:22.579264 10247 work_track.cpp:82] Frame: 66 build input_characts: [0.232812 x 0.572222 from (0.335938, 0.183333)], 1.00019, 0
I1014 16:40:22.579331 10247 work_track.cpp:102] Succeeded to set track lock for frame 66
I1014 16:40:22.579380 10247 work_track.cpp:116] Succeeded to release track lock for frame 66
I1014 16:40:22.579394 10247 work_track.cpp:120] Track results of frame 66: 1 objects input, 1 objects tracked!
I1014 16:40:22.579412 10247 work_track.cpp:148] Frame: 66, track bbox: [149 x 206 from (214.749, 66.7935)], gid: 0, lid: 0
I1014 16:40:22.579452 10247 work_thread.hpp:87]  [T-Work-Detect_0] Frame :66 split
I1014 16:40:22.579469 10247 work_thread.hpp:120]  [T-Work-Detect_0] Valid piece: gid = 0
I1014 16:40:22.579488 10247 work_thread.hpp:91]  [T-Work-Detect_0] Push to split queue:recog
I1014 16:40:22.579562 10249 work_thread.hpp:81]  [T-Work-Recog_1] Run work: WorkCapture
I1014 16:40:22.580291 10249 work_thread.hpp:81]  [T-Work-Recog_1] Run work: WorkRecog
I1014 16:40:22.580317 10249 work_recog.hpp:89] Face id: 0 will run recog: bbox [149 x 206 from (215, 66)] quality: 0.459052
I1014 16:40:22.580349 10249 work_recog.hpp:96] Recog pair: [216 x 296 from (184, 24)], [149 x 206 from (31, 42)]
I1014 16:40:22.583196 10248 work_thread.hpp:81]  [T-Work-Recog_0] Run work: WorkCompare
I1014 16:40:22.583628 10248 work_compare.cpp:76] Compare face: 0 successed, similarity :0.99792, name : images/ThangLMb.jpg, normal size : 1548 * 1719!
I1014 16:40:22.598716 10249 work_thread.hpp:81]  [T-Work-Recog_1] Run work: WorkCompare
