Log file created at: 2019/10/14 15:47:16
Running on machine: zcu104
Log line format: [IWEF]mmdd hh:mm:ss.uuuuuu threadid file:line] msg
I1014 15:47:16.624214  9480 feature_lib.cpp:109] Feature lib read name: images/HaDM.jpg
I1014 15:47:16.625142  9480 feature_lib.cpp:131] Read lib face : images/HaDM.jpg
I1014 15:47:16.625171  9480 feature_lib.cpp:109] Feature lib read name: images/HaiHV.jpg
I1014 15:47:16.625574  9480 feature_lib.cpp:131] Read lib face : images/HaiHV.jpg
I1014 15:47:16.625593  9480 feature_lib.cpp:109] Feature lib read name: images/SonNNe.jpg
I1014 15:47:16.625985  9480 feature_lib.cpp:131] Read lib face : images/SonNNe.jpg
I1014 15:47:16.626004  9480 feature_lib.cpp:109] Feature lib read name: images/TungDM.jpg
I1014 15:47:16.626390  9480 feature_lib.cpp:131] Read lib face : images/TungDM.jpg
I1014 15:47:16.626410  9480 feature_lib.cpp:109] Feature lib read name: images/HungVTc.png
I1014 15:47:16.626811  9480 feature_lib.cpp:131] Read lib face : images/HungVTc.png
I1014 15:47:16.626842  9480 feature_lib.cpp:109] Feature lib read name: images/DangVHb.jpg
I1014 15:47:16.627229  9480 feature_lib.cpp:131] Read lib face : images/DangVHb.jpg
I1014 15:47:16.627249  9480 feature_lib.cpp:109] Feature lib read name: images/hungndn.jpg
I1014 15:47:16.627633  9480 feature_lib.cpp:131] Read lib face : images/hungndn.jpg
I1014 15:47:16.627652  9480 feature_lib.cpp:109] Feature lib read name: images/HieuPV.jpg
I1014 15:47:16.628036  9480 feature_lib.cpp:131] Read lib face : images/HieuPV.jpg
I1014 15:47:16.628055  9480 feature_lib.cpp:109] Feature lib read name: images/HuyNQz.png
I1014 15:47:16.628507  9480 feature_lib.cpp:131] Read lib face : images/HuyNQz.png
I1014 15:47:16.628547  9480 feature_lib.cpp:109] Feature lib read name: images/VuongNQb.png
I1014 15:47:16.628934  9480 feature_lib.cpp:131] Read lib face : images/VuongNQb.png
I1014 15:47:16.628962  9480 feature_lib.cpp:109] Feature lib read name: images/ThangLMb.jpg
I1014 15:47:16.629350  9480 feature_lib.cpp:131] Read lib face : images/ThangLMb.jpg
I1014 15:47:16.629369  9480 feature_lib.cpp:109] Feature lib read name: images/truongnxd.png
I1014 15:47:16.629757  9480 feature_lib.cpp:131] Read lib face : images/truongnxd.png
I1014 15:47:16.629777  9480 feature_lib.cpp:109] Feature lib read name: images/ThaoDQ.jpg
I1014 15:47:16.630167  9480 feature_lib.cpp:131] Read lib face : images/ThaoDQ.jpg
I1014 15:47:16.630215  9480 feature_lib.cpp:147] Loading normal image: images/HaDM.jpg...
I1014 15:47:16.660897  9480 feature_lib.cpp:158] Load normal image: images/HaDM.jpg done size: 838 * 1100
I1014 15:47:16.660964  9480 feature_lib.cpp:147] Loading normal image: images/HaiHV.jpg...
I1014 15:47:16.718303  9480 feature_lib.cpp:158] Load normal image: images/HaiHV.jpg done size: 1203 * 1541
I1014 15:47:16.718364  9480 feature_lib.cpp:147] Loading normal image: images/SonNNe.jpg...
I1014 15:47:16.793192  9480 feature_lib.cpp:158] Load normal image: images/SonNNe.jpg done size: 1429 * 1719
I1014 15:47:16.793252  9480 feature_lib.cpp:147] Loading normal image: images/TungDM.jpg...
I1014 15:47:16.852195  9480 feature_lib.cpp:158] Load normal image: images/TungDM.jpg done size: 1340 * 1462
I1014 15:47:16.852257  9480 feature_lib.cpp:147] Loading normal image: images/HungVTc.png...
I1014 15:47:16.860354  9480 feature_lib.cpp:158] Load normal image: images/HungVTc.png done size: 263 * 317
I1014 15:47:16.860383  9480 feature_lib.cpp:147] Loading normal image: images/DangVHb.jpg...
I1014 15:47:16.925829  9480 feature_lib.cpp:158] Load normal image: images/DangVHb.jpg done size: 1469 * 1456
I1014 15:47:16.925890  9480 feature_lib.cpp:147] Loading normal image: images/hungndn.jpg...
I1014 15:47:17.023479  9480 feature_lib.cpp:158] Load normal image: images/hungndn.jpg done size: 1636 * 1930
I1014 15:47:17.023540  9480 feature_lib.cpp:147] Loading normal image: images/HieuPV.jpg...
I1014 15:47:17.102282  9480 feature_lib.cpp:158] Load normal image: images/HieuPV.jpg done size: 1527 * 1719
I1014 15:47:17.102341  9480 feature_lib.cpp:147] Loading normal image: images/HuyNQz.png...
I1014 15:47:17.128636  9480 feature_lib.cpp:158] Load normal image: images/HuyNQz.png done size: 493 * 639
I1014 15:47:17.128693  9480 feature_lib.cpp:147] Loading normal image: images/VuongNQb.png...
I1014 15:47:17.143522  9480 feature_lib.cpp:158] Load normal image: images/VuongNQb.png done size: 351 * 514
I1014 15:47:17.143635  9480 feature_lib.cpp:147] Loading normal image: images/ThangLMb.jpg...
I1014 15:47:17.221932  9480 feature_lib.cpp:158] Load normal image: images/ThangLMb.jpg done size: 1548 * 1719
I1014 15:47:17.221992  9480 feature_lib.cpp:147] Loading normal image: images/truongnxd.png...
I1014 15:47:17.275086  9480 feature_lib.cpp:158] Load normal image: images/truongnxd.png done size: 906 * 964
I1014 15:47:17.275147  9480 feature_lib.cpp:147] Loading normal image: images/ThaoDQ.jpg...
I1014 15:47:17.347462  9480 feature_lib.cpp:158] Load normal image: images/ThaoDQ.jpg done size: 1425 * 1719
I1014 15:47:17.715543  9480 demo_inner.hpp:126] thread [DedodeThread-0] is starting
I1014 15:47:17.715726  9480 demo_inner.hpp:126] thread [GUIThread] is starting
I1014 15:47:17.715821  9483 demo_inner.hpp:101] thread [DedodeThread-0] is started
I1014 15:47:17.715831  9480 demo_inner.hpp:126] thread [SORT-0] is starting
I1014 15:47:17.715883  9484 demo_inner.hpp:101] thread [GUIThread] is started
I1014 15:47:17.715898  9480 demo_inner.hpp:126] thread [T-Work-Detect_0] is starting
I1014 15:47:17.715956  9485 demo_inner.hpp:101] thread [SORT-0] is started
I1014 15:47:17.715961  9480 demo_inner.hpp:126] thread [T-Work-Recog_0] is starting
I1014 15:47:17.715994  9486 demo_inner.hpp:101] thread [T-Work-Detect_0] is started
I1014 15:47:17.716027  9480 demo_inner.hpp:126] thread [T-Work-Recog_1] is starting
I1014 15:47:17.716078  9487 demo_inner.hpp:101] thread [T-Work-Recog_0] is started
I1014 15:47:17.716095  9480 demo_inner.hpp:126] thread [T-Intergrate-intergrate] is starting
I1014 15:47:17.716117  9488 demo_inner.hpp:101] thread [T-Work-Recog_1] is started
I1014 15:47:17.716181  9480 demo_inner.hpp:137] waiting for [GUIThread] ended
I1014 15:47:17.716209  9489 demo_inner.hpp:101] thread [T-Intergrate-intergrate] is started
I1014 15:47:18.418241  9483 demo_inner.hpp:177] decode queue size 0
I1014 15:47:18.418407  9486 work_thread.hpp:81]  [T-Work-Detect_0] Run work: WorkDetect
I1014 15:47:18.418473  9486 work_detect.cpp:102] Succeeded to add det start for frame 1
I1014 15:47:18.425498  9486 work_detect.cpp:70] Frame :1 detect result :1 face(s)
W1014 15:47:18.425537  9486 work_detect.cpp:83] Invalid bbox: [139 x 149 from (272, 241)]
I1014 15:47:18.425863  9486 work_detect.cpp:120] Succeeded to add det end for frame 1
I1014 15:47:18.425880  9486 work_thread.hpp:81]  [T-Work-Detect_0] Run work: WrokTrack
I1014 15:47:18.425911  9486 work_track.cpp:102] Succeeded to set track lock for frame 1
I1014 15:47:18.425961  9486 work_track.cpp:116] Succeeded to release track lock for frame 1
I1014 15:47:18.425976  9486 work_track.cpp:120] Track results of frame 1: 0 objects input, 0 objects tracked!
I1014 15:47:18.425993  9486 work_thread.hpp:87]  [T-Work-Detect_0] Frame :1 split
I1014 15:47:18.426035  9489 thread_intergrate.hpp:78] [T-Intergrate-intergrate] queue: frame output frame :1
I1014 15:47:18.427157  9485 demo_inner.hpp:435] thread [SORT-0]  frame id 1 sorting queue size 0   FPS: -1
I1014 15:47:18.427258  9484 demo_inner.hpp:260]  gui queue size 0, state = running
I1014 15:47:18.461771  9483 demo_inner.hpp:177] decode queue size 0
I1014 15:47:18.461882  9486 work_thread.hpp:81]  [T-Work-Detect_0] Run work: WorkDetect
I1014 15:47:18.461917  9486 work_detect.cpp:102] Succeeded to add det start for frame 2
I1014 15:47:18.468458  9486 work_detect.cpp:70] Frame :2 detect result :1 face(s)
W1014 15:47:18.468509  9486 work_detect.cpp:83] Invalid bbox: [139 x 144 from (271, 245)]
I1014 15:47:18.468583  9486 work_detect.cpp:120] Succeeded to add det end for frame 2
I1014 15:47:18.468601  9486 work_thread.hpp:81]  [T-Work-Detect_0] Run work: WrokTrack
I1014 15:47:18.468629  9486 work_track.cpp:102] Succeeded to set track lock for frame 2
I1014 15:47:18.468657  9486 work_track.cpp:116] Succeeded to release track lock for frame 2
I1014 15:47:18.468669  9486 work_track.cpp:120] Track results of frame 2: 0 objects input, 0 objects tracked!
I1014 15:47:18.468688  9486 work_thread.hpp:87]  [T-Work-Detect_0] Frame :2 split
I1014 15:47:18.468802  9489 thread_intergrate.hpp:78] [T-Intergrate-intergrate] queue: frame output frame :2
I1014 15:47:18.470475  9485 demo_inner.hpp:435] thread [SORT-0]  frame id 2 sorting queue size 0   FPS: 23.8095
I1014 15:47:18.471235  9484 demo_inner.hpp:260]  gui queue size 0, state = running
I1014 15:47:18.489810  9483 demo_inner.hpp:177] decode queue size 0
I1014 15:47:18.489918  9486 work_thread.hpp:81]  [T-Work-Detect_0] Run work: WorkDetect
I1014 15:47:18.489955  9486 work_detect.cpp:102] Succeeded to add det start for frame 3
I1014 15:47:18.496513  9486 work_detect.cpp:70] Frame :3 detect result :1 face(s)
W1014 15:47:18.496554  9486 work_detect.cpp:83] Invalid bbox: [136 x 146 from (273, 244)]
I1014 15:47:18.496626  9486 work_detect.cpp:120] Succeeded to add det end for frame 3
I1014 15:47:18.496644  9486 work_thread.hpp:81]  [T-Work-Detect_0] Run work: WrokTrack
I1014 15:47:18.496670  9486 work_track.cpp:102] Succeeded to set track lock for frame 3
I1014 15:47:18.496695  9486 work_track.cpp:116] Succeeded to release track lock for frame 3
I1014 15:47:18.496709  9486 work_track.cpp:120] Track results of frame 3: 0 objects input, 0 objects tracked!
I1014 15:47:18.496727  9486 work_thread.hpp:87]  [T-Work-Detect_0] Frame :3 split
I1014 15:47:18.496778  9489 thread_intergrate.hpp:78] [T-Intergrate-intergrate] queue: frame output frame :3
I1014 15:47:18.498255  9485 demo_inner.hpp:435] thread [SORT-0]  frame id 3 sorting queue size 0   FPS: 28.5714
I1014 15:47:18.498317  9484 demo_inner.hpp:260]  gui queue size 0, state = running
I1014 15:47:18.525671  9483 demo_inner.hpp:177] decode queue size 0
I1014 15:47:18.525801  9486 work_thread.hpp:81]  [T-Work-Detect_0] Run work: WorkDetect
I1014 15:47:18.525836  9486 work_detect.cpp:102] Succeeded to add det start for frame 4
I1014 15:47:18.532379  9486 work_detect.cpp:70] Frame :4 detect result :1 face(s)
W1014 15:47:18.532418  9486 work_detect.cpp:83] Invalid bbox: [136 x 144 from (274, 246)]
I1014 15:47:18.532490  9486 work_detect.cpp:120] Succeeded to add det end for frame 4
I1014 15:47:18.532507  9486 work_thread.hpp:81]  [T-Work-Detect_0] Run work: WrokTrack
I1014 15:47:18.532532  9486 work_track.cpp:102] Succeeded to set track lock for frame 4
I1014 15:47:18.532559  9486 work_track.cpp:116] Succeeded to release track lock for frame 4
I1014 15:47:18.532572  9486 work_track.cpp:120] Track results of frame 4: 0 objects input, 0 objects tracked!
I1014 15:47:18.532590  9486 work_thread.hpp:87]  [T-Work-Detect_0] Frame :4 split
I1014 15:47:18.532635  9489 thread_intergrate.hpp:78] [T-Intergrate-intergrate] queue: frame output frame :4
I1014 15:47:18.534193  9485 demo_inner.hpp:435] thread [SORT-0]  frame id 4 sorting queue size 0   FPS: 28.3019
I1014 15:47:18.534288  9484 demo_inner.hpp:260]  gui queue size 0, state = running
I1014 15:47:18.555687  9483 demo_inner.hpp:177] decode queue size 0
I1014 15:47:18.555791  9486 work_thread.hpp:81]  [T-Work-Detect_0] Run work: WorkDetect
I1014 15:47:18.555826  9486 work_detect.cpp:102] Succeeded to add det start for frame 5
I1014 15:47:18.562328  9486 work_detect.cpp:70] Frame :5 detect result :1 face(s)
W1014 15:47:18.562358  9486 work_detect.cpp:83] Invalid bbox: [137 x 146 from (273, 246)]
I1014 15:47:18.562433  9486 work_detect.cpp:120] Succeeded to add det end for frame 5
I1014 15:47:18.562449  9486 work_thread.hpp:81]  [T-Work-Detect_0] Run work: WrokTrack
I1014 15:47:18.562475  9486 work_track.cpp:102] Succeeded to set track lock for frame 5
I1014 15:47:18.562502  9486 work_track.cpp:116] Succeeded to release track lock for frame 5
I1014 15:47:18.562515  9486 work_track.cpp:120] Track results of frame 5: 0 objects input, 0 objects tracked!
I1014 15:47:18.562535  9486 work_thread.hpp:87]  [T-Work-Detect_0] Frame :5 split
I1014 15:47:18.562580  9489 thread_intergrate.hpp:78] [T-Intergrate-intergrate] queue: frame output frame :5
I1014 15:47:18.563999  9485 demo_inner.hpp:435] thread [SORT-0]  frame id 5 sorting queue size 0   FPS: 29.4118
I1014 15:47:18.564067  9484 demo_inner.hpp:260]  gui queue size 0, state = running
I1014 15:47:18.591815  9483 demo_inner.hpp:177] decode queue size 0
I1014 15:47:18.591928  9486 work_thread.hpp:81]  [T-Work-Detect_0] Run work: WorkDetect
I1014 15:47:18.591966  9486 work_detect.cpp:102] Succeeded to add det start for frame 6
I1014 15:47:18.598551  9486 work_detect.cpp:70] Frame :6 detect result :1 face(s)
W1014 15:47:18.598582  9486 work_detect.cpp:83] Invalid bbox: [137 x 147 from (273, 245)]
I1014 15:47:18.598655  9486 work_detect.cpp:120] Succeeded to add det end for frame 6
I1014 15:47:18.598671  9486 work_thread.hpp:81]  [T-Work-Detect_0] Run work: WrokTrack
I1014 15:47:18.598697  9486 work_track.cpp:102] Succeeded to set track lock for frame 6
I1014 15:47:18.598723  9486 work_track.cpp:116] Succeeded to release track lock for frame 6
I1014 15:47:18.598737  9486 work_track.cpp:120] Track results of frame 6: 0 objects input, 0 objects tracked!
I1014 15:47:18.598757  9486 work_thread.hpp:87]  [T-Work-Detect_0] Frame :6 split
I1014 15:47:18.598846  9489 thread_intergrate.hpp:78] [T-Intergrate-intergrate] queue: frame output frame :6
I1014 15:47:18.600399  9485 demo_inner.hpp:435] thread [SORT-0]  frame id 6 sorting queue size 0   FPS: 29.0698
I1014 15:47:18.600484  9484 demo_inner.hpp:260]  gui queue size 0, state = running
I1014 15:47:18.622016  9483 demo_inner.hpp:177] decode queue size 0
I1014 15:47:18.622128  9486 work_thread.hpp:81]  [T-Work-Detect_0] Run work: WorkDetect
I1014 15:47:18.622169  9486 work_detect.cpp:102] Succeeded to add det start for frame 7
I1014 15:47:18.628686  9486 work_detect.cpp:70] Frame :7 detect result :1 face(s)
W1014 15:47:18.628726  9486 work_detect.cpp:83] Invalid bbox: [139 x 148 from (272, 245)]
I1014 15:47:18.628798  9486 work_detect.cpp:120] Succeeded to add det end for frame 7
I1014 15:47:18.628815  9486 work_thread.hpp:81]  [T-Work-Detect_0] Run work: WrokTrack
I1014 15:47:18.628844  9486 work_track.cpp:102] Succeeded to set track lock for frame 7
I1014 15:47:18.628870  9486 work_track.cpp:116] Succeeded to release track lock for frame 7
I1014 15:47:18.628883  9486 work_track.cpp:120] Track results of frame 7: 0 objects input, 0 objects tracked!
I1014 15:47:18.628902  9486 work_thread.hpp:87]  [T-Work-Detect_0] Frame :7 split
I1014 15:47:18.628957  9489 thread_intergrate.hpp:78] [T-Intergrate-intergrate] queue: frame output frame :7
I1014 15:47:18.630416  9485 demo_inner.hpp:435] thread [SORT-0]  frame id 7 sorting queue size 0   FPS: 29.703
I1014 15:47:18.630496  9484 demo_inner.hpp:260]  gui queue size 0, state = running
I1014 15:47:18.658450  9483 demo_inner.hpp:177] decode queue size 0
I1014 15:47:18.658609  9486 work_thread.hpp:81]  [T-Work-Detect_0] Run work: WorkDetect
I1014 15:47:18.658648  9486 work_detect.cpp:102] Succeeded to add det start for frame 8
I1014 15:47:18.665195  9486 work_detect.cpp:70] Frame :8 detect result :1 face(s)
W1014 15:47:18.665231  9486 work_detect.cpp:83] Invalid bbox: [138 x 144 from (271, 247)]
I1014 15:47:18.665303  9486 work_detect.cpp:120] Succeeded to add det end for frame 8
I1014 15:47:18.665320  9486 work_thread.hpp:81]  [T-Work-Detect_0] Run work: WrokTrack
I1014 15:47:18.665346  9486 work_track.cpp:102] Succeeded to set track lock for frame 8
I1014 15:47:18.665374  9486 work_track.cpp:116] Succeeded to release track lock for frame 8
I1014 15:47:18.665386  9486 work_track.cpp:120] Track results of frame 8: 0 objects input, 0 objects tracked!
I1014 15:47:18.665405  9486 work_thread.hpp:87]  [T-Work-Detect_0] Frame :8 split
I1014 15:47:18.665450  9489 thread_intergrate.hpp:78] [T-Intergrate-intergrate] queue: frame output frame :8
I1014 15:47:18.666954  9485 demo_inner.hpp:435] thread [SORT-0]  frame id 8 sorting queue size 0   FPS: 29.2887
I1014 15:47:18.667034  9484 demo_inner.hpp:260]  gui queue size 0, state = running
I1014 15:47:18.693462  9483 demo_inner.hpp:177] decode queue size 0
I1014 15:47:18.693560  9486 work_thread.hpp:81]  [T-Work-Detect_0] Run work: WorkDetect
I1014 15:47:18.693595  9486 work_detect.cpp:102] Succeeded to add det start for frame 9
I1014 15:47:18.700690  9486 work_detect.cpp:70] Frame :9 detect result :1 face(s)
W1014 15:47:18.700753  9486 work_detect.cpp:83] Invalid bbox: [138 x 147 from (271, 244)]
I1014 15:47:18.700852  9486 work_detect.cpp:120] Succeeded to add det end for frame 9
I1014 15:47:18.700871  9486 work_thread.hpp:81]  [T-Work-Detect_0] Run work: WrokTrack
I1014 15:47:18.700901  9486 work_track.cpp:102] Succeeded to set track lock for frame 9
I1014 15:47:18.700928  9486 work_track.cpp:116] Succeeded to release track lock for frame 9
I1014 15:47:18.700942  9486 work_track.cpp:120] Track results of frame 9: 0 objects input, 0 objects tracked!
I1014 15:47:18.700960  9486 work_thread.hpp:87]  [T-Work-Detect_0] Frame :9 split
I1014 15:47:18.701041  9489 thread_intergrate.hpp:78] [T-Intergrate-intergrate] queue: frame output frame :9
I1014 15:47:18.702574  9485 demo_inner.hpp:435] thread [SORT-0]  frame id 9 sorting queue size 0   FPS: 29.0909
I1014 15:47:18.702658  9484 demo_inner.hpp:260]  gui queue size 0, state = running
I1014 15:47:18.724197  9483 demo_inner.hpp:177] decode queue size 0
I1014 15:47:18.724335  9486 work_thread.hpp:81]  [T-Work-Detect_0] Run work: WorkDetect
I1014 15:47:18.724373  9486 work_detect.cpp:102] Succeeded to add det start for frame 10
I1014 15:47:18.731422  9486 work_detect.cpp:70] Frame :10 detect result :1 face(s)
W1014 15:47:18.731482  9486 work_detect.cpp:83] Invalid bbox: [139 x 144 from (271, 247)]
I1014 15:47:18.731596  9486 work_detect.cpp:120] Succeeded to add det end for frame 10
I1014 15:47:18.731613  9486 work_thread.hpp:81]  [T-Work-Detect_0] Run work: WrokTrack
I1014 15:47:18.731643  9486 work_track.cpp:102] Succeeded to set track lock for frame 10
I1014 15:47:18.731673  9486 work_track.cpp:116] Succeeded to release track lock for frame 10
I1014 15:47:18.731688  9486 work_track.cpp:120] Track results of frame 10: 0 objects input, 0 objects tracked!
I1014 15:47:18.731706  9486 work_thread.hpp:87]  [T-Work-Detect_0] Frame :10 split
I1014 15:47:18.731789  9489 thread_intergrate.hpp:78] [T-Intergrate-intergrate] queue: frame output frame :10
I1014 15:47:18.733388  9485 demo_inner.hpp:435] thread [SORT-0]  frame id 10 sorting queue size 0   FPS: 29.5082
I1014 15:47:18.733634  9484 demo_inner.hpp:260]  gui queue size 0, state = running
I1014 15:47:18.760046  9483 demo_inner.hpp:177] decode queue size 0
I1014 15:47:18.760212  9486 work_thread.hpp:81]  [T-Work-Detect_0] Run work: WorkDetect
I1014 15:47:18.760251  9486 work_detect.cpp:102] Succeeded to add det start for frame 11
I1014 15:47:18.767163  9486 work_detect.cpp:70] Frame :11 detect result :1 face(s)
W1014 15:47:18.767221  9486 work_detect.cpp:83] Invalid bbox: [139 x 149 from (271, 243)]
I1014 15:47:18.767328  9486 work_detect.cpp:120] Succeeded to add det end for frame 11
I1014 15:47:18.767346  9486 work_thread.hpp:81]  [T-Work-Detect_0] Run work: WrokTrack
I1014 15:47:18.767382  9486 work_track.cpp:102] Succeeded to set track lock for frame 11
I1014 15:47:18.767419  9486 work_track.cpp:116] Succeeded to release track lock for frame 11
I1014 15:47:18.767433  9486 work_track.cpp:120] Track results of frame 11: 0 objects input, 0 objects tracked!
I1014 15:47:18.767453  9486 work_thread.hpp:87]  [T-Work-Detect_0] Frame :11 split
I1014 15:47:18.767575  9489 thread_intergrate.hpp:78] [T-Intergrate-intergrate] queue: frame output frame :11
I1014 15:47:18.769124  9485 demo_inner.hpp:435] thread [SORT-0]  frame id 11 sorting queue size 0   FPS: 29.3255
I1014 15:47:18.769341  9484 demo_inner.hpp:260]  gui queue size 0, state = running
I1014 15:47:18.789492  9483 demo_inner.hpp:177] decode queue size 0
I1014 15:47:18.789590  9486 work_thread.hpp:81]  [T-Work-Detect_0] Run work: WorkDetect
I1014 15:47:18.789623  9486 work_detect.cpp:102] Succeeded to add det start for frame 12
I1014 15:47:18.796083  9486 work_detect.cpp:70] Frame :12 detect result :1 face(s)
W1014 15:47:18.796121  9486 work_detect.cpp:83] Invalid bbox: [138 x 148 from (273, 243)]
I1014 15:47:18.796205  9486 work_detect.cpp:120] Succeeded to add det end for frame 12
I1014 15:47:18.796222  9486 work_thread.hpp:81]  [T-Work-Detect_0] Run work: WrokTrack
I1014 15:47:18.796298  9486 work_track.cpp:102] Succeeded to set track lock for frame 12
I1014 15:47:18.796326  9486 work_track.cpp:116] Succeeded to release track lock for frame 12
I1014 15:47:18.796340  9486 work_track.cpp:120] Track results of frame 12: 0 objects input, 0 objects tracked!
I1014 15:47:18.796358  9486 work_thread.hpp:87]  [T-Work-Detect_0] Frame :12 split
I1014 15:47:18.796411  9489 thread_intergrate.hpp:78] [T-Intergrate-intergrate] queue: frame output frame :12
I1014 15:47:18.797889  9485 demo_inner.hpp:435] thread [SORT-0]  frame id 12 sorting queue size 0   FPS: 29.7297
I1014 15:47:18.797978  9484 demo_inner.hpp:260]  gui queue size 0, state = running
I1014 15:47:18.825408  9483 demo_inner.hpp:177] decode queue size 0
I1014 15:47:18.825507  9486 work_thread.hpp:81]  [T-Work-Detect_0] Run work: WorkDetect
I1014 15:47:18.825542  9486 work_detect.cpp:102] Succeeded to add det start for frame 13
I1014 15:47:18.831980  9486 work_detect.cpp:70] Frame :13 detect result :1 face(s)
W1014 15:47:18.832026  9486 work_detect.cpp:83] Invalid bbox: [137 x 145 from (273, 245)]
I1014 15:47:18.832098  9486 work_detect.cpp:120] Succeeded to add det end for frame 13
I1014 15:47:18.832115  9486 work_thread.hpp:81]  [T-Work-Detect_0] Run work: WrokTrack
I1014 15:47:18.832141  9486 work_track.cpp:102] Succeeded to set track lock for frame 13
I1014 15:47:18.832193  9486 work_track.cpp:116] Succeeded to release track lock for frame 13
I1014 15:47:18.832208  9486 work_track.cpp:120] Track results of frame 13: 0 objects input, 0 objects tracked!
I1014 15:47:18.832226  9486 work_thread.hpp:87]  [T-Work-Detect_0] Frame :13 split
I1014 15:47:18.832273  9489 thread_intergrate.hpp:78] [T-Intergrate-intergrate] queue: frame output frame :13
I1014 15:47:18.833835  9485 demo_inner.hpp:435] thread [SORT-0]  frame id 13 sorting queue size 0   FPS: 29.5567
I1014 15:47:18.833925  9484 demo_inner.hpp:260]  gui queue size 0, state = running
I1014 15:47:18.855693  9483 demo_inner.hpp:177] decode queue size 0
I1014 15:47:18.855795  9486 work_thread.hpp:81]  [T-Work-Detect_0] Run work: WorkDetect
I1014 15:47:18.855834  9486 work_detect.cpp:102] Succeeded to add det start for frame 14
I1014 15:47:18.862342  9486 work_detect.cpp:70] Frame :14 detect result :1 face(s)
W1014 15:47:18.862385  9486 work_detect.cpp:83] Invalid bbox: [139 x 148 from (272, 244)]
I1014 15:47:18.862459  9486 work_detect.cpp:120] Succeeded to add det end for frame 14
I1014 15:47:18.862476  9486 work_thread.hpp:81]  [T-Work-Detect_0] Run work: WrokTrack
I1014 15:47:18.862504  9486 work_track.cpp:102] Succeeded to set track lock for frame 14
I1014 15:47:18.862529  9486 work_track.cpp:116] Succeeded to release track lock for frame 14
I1014 15:47:18.862543  9486 work_track.cpp:120] Track results of frame 14: 0 objects input, 0 objects tracked!
I1014 15:47:18.862562  9486 work_thread.hpp:87]  [T-Work-Detect_0] Frame :14 split
I1014 15:47:18.862617  9489 thread_intergrate.hpp:78] [T-Intergrate-intergrate] queue: frame output frame :14
I1014 15:47:18.864121  9485 demo_inner.hpp:435] thread [SORT-0]  frame id 14 sorting queue size 0   FPS: 29.8165
I1014 15:47:18.864223  9484 demo_inner.hpp:260]  gui queue size 0, state = running
I1014 15:47:18.891449  9483 demo_inner.hpp:177] decode queue size 0
I1014 15:47:18.891554  9486 work_thread.hpp:81]  [T-Work-Detect_0] Run work: WorkDetect
I1014 15:47:18.891592  9486 work_detect.cpp:102] Succeeded to add det start for frame 15
I1014 15:47:18.898111  9486 work_detect.cpp:70] Frame :15 detect result :1 face(s)
W1014 15:47:18.898152  9486 work_detect.cpp:83] Invalid bbox: [138 x 146 from (272, 246)]
I1014 15:47:18.898226  9486 work_detect.cpp:120] Succeeded to add det end for frame 15
I1014 15:47:18.898242  9486 work_thread.hpp:81]  [T-Work-Detect_0] Run work: WrokTrack
I1014 15:47:18.898270  9486 work_track.cpp:102] Succeeded to set track lock for frame 15
I1014 15:47:18.898298  9486 work_track.cpp:116] Succeeded to release track lock for frame 15
I1014 15:47:18.898311  9486 work_track.cpp:120] Track results of frame 15: 0 objects input, 0 objects tracked!
I1014 15:47:18.898376  9486 work_thread.hpp:87]  [T-Work-Detect_0] Frame :15 split
I1014 15:47:18.898423  9489 thread_intergrate.hpp:78] [T-Intergrate-intergrate] queue: frame output frame :15
I1014 15:47:18.899926  9485 demo_inner.hpp:435] thread [SORT-0]  frame id 15 sorting queue size 0   FPS: 29.661
I1014 15:47:18.899996  9484 demo_inner.hpp:260]  gui queue size 0, state = running
I1014 15:47:18.927422  9483 demo_inner.hpp:177] decode queue size 0
I1014 15:47:18.927528  9486 work_thread.hpp:81]  [T-Work-Detect_0] Run work: WorkDetect
I1014 15:47:18.927567  9486 work_detect.cpp:102] Succeeded to add det start for frame 16
I1014 15:47:18.934259  9486 work_detect.cpp:70] Frame :16 detect result :1 face(s)
W1014 15:47:18.934310  9486 work_detect.cpp:83] Invalid bbox: [141 x 150 from (269, 243)]
I1014 15:47:18.934382  9486 work_detect.cpp:120] Succeeded to add det end for frame 16
I1014 15:47:18.934399  9486 work_thread.hpp:81]  [T-Work-Detect_0] Run work: WrokTrack
I1014 15:47:18.934427  9486 work_track.cpp:102] Succeeded to set track lock for frame 16
I1014 15:47:18.934453  9486 work_track.cpp:116] Succeeded to release track lock for frame 16
I1014 15:47:18.934468  9486 work_track.cpp:120] Track results of frame 16: 0 objects input, 0 objects tracked!
I1014 15:47:18.934485  9486 work_thread.hpp:87]  [T-Work-Detect_0] Frame :16 split
I1014 15:47:18.934541  9489 thread_intergrate.hpp:78] [T-Intergrate-intergrate] queue: frame output frame :16
I1014 15:47:18.936036  9485 demo_inner.hpp:435] thread [SORT-0]  frame id 16 sorting queue size 0   FPS: 29.5276
I1014 15:47:18.936107  9484 demo_inner.hpp:260]  gui queue size 0, state = running
I1014 15:47:18.957499  9483 demo_inner.hpp:177] decode queue size 0
I1014 15:47:18.957600  9486 work_thread.hpp:81]  [T-Work-Detect_0] Run work: WorkDetect
I1014 15:47:18.957639  9486 work_detect.cpp:102] Succeeded to add det start for frame 17
I1014 15:47:18.964148  9486 work_detect.cpp:70] Frame :17 detect result :1 face(s)
W1014 15:47:18.964205  9486 work_detect.cpp:83] Invalid bbox: [138 x 148 from (272, 244)]
I1014 15:47:18.964282  9486 work_detect.cpp:120] Succeeded to add det end for frame 17
I1014 15:47:18.964298  9486 work_thread.hpp:81]  [T-Work-Detect_0] Run work: WrokTrack
I1014 15:47:18.964326  9486 work_track.cpp:102] Succeeded to set track lock for frame 17
I1014 15:47:18.964352  9486 work_track.cpp:116] Succeeded to release track lock for frame 17
I1014 15:47:18.964365  9486 work_track.cpp:120] Track results of frame 17: 0 objects input, 0 objects tracked!
I1014 15:47:18.964385  9486 work_thread.hpp:87]  [T-Work-Detect_0] Frame :17 split
I1014 15:47:18.964445  9489 thread_intergrate.hpp:78] [T-Intergrate-intergrate] queue: frame output frame :17
I1014 15:47:18.965870  9485 demo_inner.hpp:435] thread [SORT-0]  frame id 17 sorting queue size 0   FPS: 29.7398
I1014 15:47:18.965939  9484 demo_inner.hpp:260]  gui queue size 0, state = running
I1014 15:47:18.993450  9483 demo_inner.hpp:177] decode queue size 0
I1014 15:47:18.993559  9486 work_thread.hpp:81]  [T-Work-Detect_0] Run work: WorkDetect
I1014 15:47:18.993597  9486 work_detect.cpp:102] Succeeded to add det start for frame 18
I1014 15:47:19.000180  9486 work_detect.cpp:70] Frame :18 detect result :1 face(s)
W1014 15:47:19.000219  9486 work_detect.cpp:83] Invalid bbox: [138 x 145 from (272, 246)]
I1014 15:47:19.000291  9486 work_detect.cpp:120] Succeeded to add det end for frame 18
I1014 15:47:19.000308  9486 work_thread.hpp:81]  [T-Work-Detect_0] Run work: WrokTrack
I1014 15:47:19.000335  9486 work_track.cpp:102] Succeeded to set track lock for frame 18
I1014 15:47:19.000361  9486 work_track.cpp:116] Succeeded to release track lock for frame 18
I1014 15:47:19.000376  9486 work_track.cpp:120] Track results of frame 18: 0 objects input, 0 objects tracked!
I1014 15:47:19.000394  9486 work_thread.hpp:87]  [T-Work-Detect_0] Frame :18 split
I1014 15:47:19.000440  9489 thread_intergrate.hpp:78] [T-Intergrate-intergrate] queue: frame output frame :18
I1014 15:47:19.001953  9485 demo_inner.hpp:435] thread [SORT-0]  frame id 18 sorting queue size 0   FPS: 29.6167
I1014 15:47:19.002022  9484 demo_inner.hpp:260]  gui queue size 0, state = running
I1014 15:47:19.023699  9483 demo_inner.hpp:177] decode queue size 0
I1014 15:47:19.023799  9486 work_thread.hpp:81]  [T-Work-Detect_0] Run work: WorkDetect
I1014 15:47:19.023838  9486 work_detect.cpp:102] Succeeded to add det start for frame 19
I1014 15:47:19.030395  9486 work_detect.cpp:70] Frame :19 detect result :1 face(s)
W1014 15:47:19.030436  9486 work_detect.cpp:83] Invalid bbox: [137 x 153 from (272, 241)]
I1014 15:47:19.030510  9486 work_detect.cpp:120] Succeeded to add det end for frame 19
I1014 15:47:19.030527  9486 work_thread.hpp:81]  [T-Work-Detect_0] Run work: WrokTrack
I1014 15:47:19.030555  9486 work_track.cpp:102] Succeeded to set track lock for frame 19
I1014 15:47:19.030580  9486 work_track.cpp:116] Succeeded to release track lock for frame 19
I1014 15:47:19.030594  9486 work_track.cpp:120] Track results of frame 19: 0 objects input, 0 objects tracked!
I1014 15:47:19.030613  9486 work_thread.hpp:87]  [T-Work-Detect_0] Frame :19 split
I1014 15:47:19.030664  9489 thread_intergrate.hpp:78] [T-Intergrate-intergrate] queue: frame output frame :19
I1014 15:47:19.032191  9485 demo_inner.hpp:435] thread [SORT-0]  frame id 19 sorting queue size 0   FPS: 29.8013
I1014 15:47:19.032260  9484 demo_inner.hpp:260]  gui queue size 0, state = running
I1014 15:47:19.059516  9483 demo_inner.hpp:177] decode queue size 0
I1014 15:47:19.059628  9486 work_thread.hpp:81]  [T-Work-Detect_0] Run work: WorkDetect
I1014 15:47:19.059665  9486 work_detect.cpp:102] Succeeded to add det start for frame 20
I1014 15:47:19.066167  9486 work_detect.cpp:70] Frame :20 detect result :1 face(s)
W1014 15:47:19.066212  9486 work_detect.cpp:83] Invalid bbox: [139 x 146 from (271, 245)]
I1014 15:47:19.066287  9486 work_detect.cpp:120] Succeeded to add det end for frame 20
I1014 15:47:19.066303  9486 work_thread.hpp:81]  [T-Work-Detect_0] Run work: WrokTrack
I1014 15:47:19.066330  9486 work_track.cpp:102] Succeeded to set track lock for frame 20
I1014 15:47:19.066357  9486 work_track.cpp:116] Succeeded to release track lock for frame 20
I1014 15:47:19.066370  9486 work_track.cpp:120] Track results of frame 20: 0 objects input, 0 objects tracked!
I1014 15:47:19.066390  9486 work_thread.hpp:87]  [T-Work-Detect_0] Frame :20 split
I1014 15:47:19.066437  9489 thread_intergrate.hpp:78] [T-Intergrate-intergrate] queue: frame output frame :20
I1014 15:47:19.067963  9485 demo_inner.hpp:435] thread [SORT-0]  frame id 20 sorting queue size 0   FPS: 29.6875
I1014 15:47:19.068037  9484 demo_inner.hpp:260]  gui queue size 0, state = running
I1014 15:47:19.089609  9483 demo_inner.hpp:177] decode queue size 0
I1014 15:47:19.089712  9486 work_thread.hpp:81]  [T-Work-Detect_0] Run work: WorkDetect
I1014 15:47:19.089749  9486 work_detect.cpp:102] Succeeded to add det start for frame 21
I1014 15:47:19.096350  9486 work_detect.cpp:70] Frame :21 detect result :1 face(s)
W1014 15:47:19.096390  9486 work_detect.cpp:83] Invalid bbox: [138 x 146 from (271, 245)]
I1014 15:47:19.096462  9486 work_detect.cpp:120] Succeeded to add det end for frame 21
I1014 15:47:19.096479  9486 work_thread.hpp:81]  [T-Work-Detect_0] Run work: WrokTrack
I1014 15:47:19.096506  9486 work_track.cpp:102] Succeeded to set track lock for frame 21
I1014 15:47:19.096534  9486 work_track.cpp:116] Succeeded to release track lock for frame 21
I1014 15:47:19.096547  9486 work_track.cpp:120] Track results of frame 21: 0 objects input, 0 objects tracked!
I1014 15:47:19.096566  9486 work_thread.hpp:87]  [T-Work-Detect_0] Frame :21 split
I1014 15:47:19.096616  9489 thread_intergrate.hpp:78] [T-Intergrate-intergrate] queue: frame output frame :21
I1014 15:47:19.098129  9485 demo_inner.hpp:435] thread [SORT-0]  frame id 21 sorting queue size 0   FPS: 29.8507
I1014 15:47:19.098198  9484 demo_inner.hpp:260]  gui queue size 0, state = running
I1014 15:47:19.125542  9483 demo_inner.hpp:177] decode queue size 0
I1014 15:47:19.125650  9486 work_thread.hpp:81]  [T-Work-Detect_0] Run work: WorkDetect
I1014 15:47:19.125761  9486 work_detect.cpp:102] Succeeded to add det start for frame 22
I1014 15:47:19.132319  9486 work_detect.cpp:70] Frame :22 detect result :1 face(s)
W1014 15:47:19.132359  9486 work_detect.cpp:83] Invalid bbox: [138 x 146 from (271, 245)]
I1014 15:47:19.132426  9486 work_detect.cpp:120] Succeeded to add det end for frame 22
I1014 15:47:19.132443  9486 work_thread.hpp:81]  [T-Work-Detect_0] Run work: WrokTrack
I1014 15:47:19.132470  9486 work_track.cpp:102] Succeeded to set track lock for frame 22
I1014 15:47:19.132495  9486 work_track.cpp:116] Succeeded to release track lock for frame 22
I1014 15:47:19.132510  9486 work_track.cpp:120] Track results of frame 22: 0 objects input, 0 objects tracked!
I1014 15:47:19.132529  9486 work_thread.hpp:87]  [T-Work-Detect_0] Frame :22 split
I1014 15:47:19.132576  9489 thread_intergrate.hpp:78] [T-Intergrate-intergrate] queue: frame output frame :22
I1014 15:47:19.134025  9485 demo_inner.hpp:435] thread [SORT-0]  frame id 22 sorting queue size 0   FPS: 29.745
I1014 15:47:19.134095  9484 demo_inner.hpp:260]  gui queue size 0, state = running
I1014 15:47:19.155697  9483 demo_inner.hpp:177] decode queue size 0
I1014 15:47:19.155800  9486 work_thread.hpp:81]  [T-Work-Detect_0] Run work: WorkDetect
I1014 15:47:19.155838  9486 work_detect.cpp:102] Succeeded to add det start for frame 23
I1014 15:47:19.162376  9486 work_detect.cpp:70] Frame :23 detect result :1 face(s)
W1014 15:47:19.162422  9486 work_detect.cpp:83] Invalid bbox: [138 x 147 from (270, 244)]
I1014 15:47:19.162497  9486 work_detect.cpp:120] Succeeded to add det end for frame 23
I1014 15:47:19.162513  9486 work_thread.hpp:81]  [T-Work-Detect_0] Run work: WrokTrack
I1014 15:47:19.162540  9486 work_track.cpp:102] Succeeded to set track lock for frame 23
I1014 15:47:19.162566  9486 work_track.cpp:116] Succeeded to release track lock for frame 23
I1014 15:47:19.162580  9486 work_track.cpp:120] Track results of frame 23: 0 objects input, 0 objects tracked!
I1014 15:47:19.162598  9486 work_thread.hpp:87]  [T-Work-Detect_0] Frame :23 split
I1014 15:47:19.162647  9489 thread_intergrate.hpp:78] [T-Intergrate-intergrate] queue: frame output frame :23
I1014 15:47:19.164149  9485 demo_inner.hpp:435] thread [SORT-0]  frame id 23 sorting queue size 0   FPS: 29.8913
I1014 15:47:19.164238  9484 demo_inner.hpp:260]  gui queue size 0, state = running
I1014 15:47:19.191653  9483 demo_inner.hpp:177] decode queue size 0
I1014 15:47:19.191762  9486 work_thread.hpp:81]  [T-Work-Detect_0] Run work: WorkDetect
I1014 15:47:19.191802  9486 work_detect.cpp:102] Succeeded to add det start for frame 24
I1014 15:47:19.198284  9486 work_detect.cpp:70] Frame :24 detect result :1 face(s)
W1014 15:47:19.198323  9486 work_detect.cpp:83] Invalid bbox: [135 x 151 from (273, 241)]
I1014 15:47:19.198400  9486 work_detect.cpp:120] Succeeded to add det end for frame 24
I1014 15:47:19.198415  9486 work_thread.hpp:81]  [T-Work-Detect_0] Run work: WrokTrack
I1014 15:47:19.198442  9486 work_track.cpp:102] Succeeded to set track lock for frame 24
I1014 15:47:19.198469  9486 work_track.cpp:116] Succeeded to release track lock for frame 24
I1014 15:47:19.198483  9486 work_track.cpp:120] Track results of frame 24: 0 objects input, 0 objects tracked!
I1014 15:47:19.198501  9486 work_thread.hpp:87]  [T-Work-Detect_0] Frame :24 split
I1014 15:47:19.198546  9489 thread_intergrate.hpp:78] [T-Intergrate-intergrate] queue: frame output frame :24
I1014 15:47:19.200011  9485 demo_inner.hpp:435] thread [SORT-0]  frame id 24 sorting queue size 0   FPS: 29.7927
I1014 15:47:19.200084  9484 demo_inner.hpp:260]  gui queue size 0, state = running
I1014 15:47:19.227635  9483 demo_inner.hpp:177] decode queue size 0
I1014 15:47:19.227746  9486 work_thread.hpp:81]  [T-Work-Detect_0] Run work: WorkDetect
I1014 15:47:19.227785  9486 work_detect.cpp:102] Succeeded to add det start for frame 25
I1014 15:47:19.234340  9486 work_detect.cpp:70] Frame :25 detect result :1 face(s)
W1014 15:47:19.234386  9486 work_detect.cpp:83] Invalid bbox: [137 x 152 from (271, 241)]
I1014 15:47:19.234503  9486 work_detect.cpp:120] Succeeded to add det end for frame 25
I1014 15:47:19.234522  9486 work_thread.hpp:81]  [T-Work-Detect_0] Run work: WrokTrack
I1014 15:47:19.234549  9486 work_track.cpp:102] Succeeded to set track lock for frame 25
I1014 15:47:19.234576  9486 work_track.cpp:116] Succeeded to release track lock for frame 25
I1014 15:47:19.234589  9486 work_track.cpp:120] Track results of frame 25: 0 objects input, 0 objects tracked!
I1014 15:47:19.234607  9486 work_thread.hpp:87]  [T-Work-Detect_0] Frame :25 split
I1014 15:47:19.234655  9489 thread_intergrate.hpp:78] [T-Intergrate-intergrate] queue: frame output frame :25
I1014 15:47:19.236110  9485 demo_inner.hpp:435] thread [SORT-0]  frame id 25 sorting queue size 0   FPS: 29.703
I1014 15:47:19.238857  9484 demo_inner.hpp:260]  gui queue size 0, state = running
I1014 15:47:19.257721  9483 demo_inner.hpp:177] decode queue size 0
I1014 15:47:19.257825  9486 work_thread.hpp:81]  [T-Work-Detect_0] Run work: WorkDetect
I1014 15:47:19.257863  9486 work_detect.cpp:102] Succeeded to add det start for frame 26
I1014 15:47:19.264398  9486 work_detect.cpp:70] Frame :26 detect result :1 face(s)
W1014 15:47:19.264441  9486 work_detect.cpp:83] Invalid bbox: [138 x 160 from (270, 237)]
I1014 15:47:19.264515  9486 work_detect.cpp:120] Succeeded to add det end for frame 26
I1014 15:47:19.264533  9486 work_thread.hpp:81]  [T-Work-Detect_0] Run work: WrokTrack
I1014 15:47:19.264560  9486 work_track.cpp:102] Succeeded to set track lock for frame 26
I1014 15:47:19.264586  9486 work_track.cpp:116] Succeeded to release track lock for frame 26
I1014 15:47:19.264601  9486 work_track.cpp:120] Track results of frame 26: 0 objects input, 0 objects tracked!
I1014 15:47:19.264619  9486 work_thread.hpp:87]  [T-Work-Detect_0] Frame :26 split
I1014 15:47:19.264672  9489 thread_intergrate.hpp:78] [T-Intergrate-intergrate] queue: frame output frame :26
I1014 15:47:19.266207  9485 demo_inner.hpp:435] thread [SORT-0]  frame id 26 sorting queue size 0   FPS: 29.8329
I1014 15:47:19.294087  9483 demo_inner.hpp:177] decode queue size 0
I1014 15:47:19.294210  9486 work_thread.hpp:81]  [T-Work-Detect_0] Run work: WorkDetect
I1014 15:47:19.294247  9486 work_detect.cpp:102] Succeeded to add det start for frame 27
I1014 15:47:19.300762  9486 work_detect.cpp:70] Frame :27 detect result :1 face(s)
W1014 15:47:19.300807  9486 work_detect.cpp:83] Invalid bbox: [138 x 153 from (270, 240)]
I1014 15:47:19.300881  9486 work_detect.cpp:120] Succeeded to add det end for frame 27
I1014 15:47:19.300899  9486 work_thread.hpp:81]  [T-Work-Detect_0] Run work: WrokTrack
I1014 15:47:19.300925  9486 work_track.cpp:102] Succeeded to set track lock for frame 27
I1014 15:47:19.300952  9486 work_track.cpp:116] Succeeded to release track lock for frame 27
I1014 15:47:19.300966  9486 work_track.cpp:120] Track results of frame 27: 0 objects input, 0 objects tracked!
I1014 15:47:19.300985  9486 work_thread.hpp:87]  [T-Work-Detect_0] Frame :27 split
I1014 15:47:19.301033  9489 thread_intergrate.hpp:78] [T-Intergrate-intergrate] queue: frame output frame :27
I1014 15:47:19.302472  9485 demo_inner.hpp:435] thread [SORT-0]  frame id 27 sorting queue size 1   FPS: 29.7143
I1014 15:47:19.306316  9484 demo_inner.hpp:260]  gui queue size 1, state = running
I1014 15:47:19.323710  9483 demo_inner.hpp:177] decode queue size 0
I1014 15:47:19.323822  9486 work_thread.hpp:81]  [T-Work-Detect_0] Run work: WorkDetect
I1014 15:47:19.323860  9486 work_detect.cpp:102] Succeeded to add det start for frame 28
I1014 15:47:19.330437  9486 work_detect.cpp:70] Frame :28 detect result :1 face(s)
W1014 15:47:19.330482  9486 work_detect.cpp:83] Invalid bbox: [134 x 156 from (271, 239)]
I1014 15:47:19.330554  9486 work_detect.cpp:120] Succeeded to add det end for frame 28
I1014 15:47:19.330570  9486 work_thread.hpp:81]  [T-Work-Detect_0] Run work: WrokTrack
I1014 15:47:19.330597  9486 work_track.cpp:102] Succeeded to set track lock for frame 28
I1014 15:47:19.330626  9486 work_track.cpp:116] Succeeded to release track lock for frame 28
I1014 15:47:19.330687  9486 work_track.cpp:120] Track results of frame 28: 0 objects input, 0 objects tracked!
I1014 15:47:19.330708  9486 work_thread.hpp:87]  [T-Work-Detect_0] Frame :28 split
I1014 15:47:19.330756  9489 thread_intergrate.hpp:78] [T-Intergrate-intergrate] queue: frame output frame :28
I1014 15:47:19.332296  9485 demo_inner.hpp:435] thread [SORT-0]  frame id 28 sorting queue size 0   FPS: 29.8673
I1014 15:47:19.359642  9483 demo_inner.hpp:177] decode queue size 0
I1014 15:47:19.359746  9486 work_thread.hpp:81]  [T-Work-Detect_0] Run work: WorkDetect
I1014 15:47:19.359782  9486 work_detect.cpp:102] Succeeded to add det start for frame 29
I1014 15:47:19.366449  9486 work_detect.cpp:70] Frame :29 detect result :1 face(s)
W1014 15:47:19.366497  9486 work_detect.cpp:83] Invalid bbox: [137 x 158 from (269, 236)]
I1014 15:47:19.366569  9486 work_detect.cpp:120] Succeeded to add det end for frame 29
I1014 15:47:19.366587  9486 work_thread.hpp:81]  [T-Work-Detect_0] Run work: WrokTrack
I1014 15:47:19.366616  9486 work_track.cpp:102] Succeeded to set track lock for frame 29
I1014 15:47:19.366641  9486 work_track.cpp:116] Succeeded to release track lock for frame 29
I1014 15:47:19.366655  9486 work_track.cpp:120] Track results of frame 29: 0 objects input, 0 objects tracked!
I1014 15:47:19.366673  9486 work_thread.hpp:87]  [T-Work-Detect_0] Frame :29 split
I1014 15:47:19.366720  9489 thread_intergrate.hpp:78] [T-Intergrate-intergrate] queue: frame output frame :29
I1014 15:47:19.368244  9485 demo_inner.hpp:435] thread [SORT-0]  frame id 29 sorting queue size 1   FPS: 29.7872
I1014 15:47:19.384235  9484 demo_inner.hpp:260]  gui queue size 1, state = running
I1014 15:47:19.389848  9483 demo_inner.hpp:177] decode queue size 0
I1014 15:47:19.389946  9486 work_thread.hpp:81]  [T-Work-Detect_0] Run work: WorkDetect
I1014 15:47:19.389984  9486 work_detect.cpp:102] Succeeded to add det start for frame 30
I1014 15:47:19.398100  9486 work_detect.cpp:70] Frame :30 detect result :1 face(s)
W1014 15:47:19.398159  9486 work_detect.cpp:83] Invalid bbox: [135 x 154 from (270, 239)]
I1014 15:47:19.398237  9486 work_detect.cpp:120] Succeeded to add det end for frame 30
I1014 15:47:19.398254  9486 work_thread.hpp:81]  [T-Work-Detect_0] Run work: WrokTrack
I1014 15:47:19.398283  9486 work_track.cpp:102] Succeeded to set track lock for frame 30
I1014 15:47:19.398308  9486 work_track.cpp:116] Succeeded to release track lock for frame 30
I1014 15:47:19.398322  9486 work_track.cpp:120] Track results of frame 30: 0 objects input, 0 objects tracked!
I1014 15:47:19.398341  9486 work_thread.hpp:87]  [T-Work-Detect_0] Frame :30 split
I1014 15:47:19.398382  9489 thread_intergrate.hpp:78] [T-Intergrate-intergrate] queue: frame output frame :30
I1014 15:47:19.399930  9485 demo_inner.hpp:435] thread [SORT-0]  frame id 30 sorting queue size 0   FPS: 29.8354
I1014 15:47:19.425789  9483 demo_inner.hpp:177] decode queue size 0
I1014 15:47:19.425894  9486 work_thread.hpp:81]  [T-Work-Detect_0] Run work: WorkDetect
I1014 15:47:19.425928  9486 work_detect.cpp:102] Succeeded to add det start for frame 31
I1014 15:47:19.432417  9486 work_detect.cpp:70] Frame :31 detect result :1 face(s)
W1014 15:47:19.432457  9486 work_detect.cpp:83] Invalid bbox: [138 x 160 from (269, 236)]
I1014 15:47:19.432530  9486 work_detect.cpp:120] Succeeded to add det end for frame 31
I1014 15:47:19.432548  9486 work_thread.hpp:81]  [T-Work-Detect_0] Run work: WrokTrack
I1014 15:47:19.432574  9486 work_track.cpp:102] Succeeded to set track lock for frame 31
I1014 15:47:19.432601  9486 work_track.cpp:116] Succeeded to release track lock for frame 31
I1014 15:47:19.432615  9486 work_track.cpp:120] Track results of frame 31: 0 objects input, 0 objects tracked!
I1014 15:47:19.432634  9486 work_thread.hpp:87]  [T-Work-Detect_0] Frame :31 split
I1014 15:47:19.432675  9489 thread_intergrate.hpp:78] [T-Intergrate-intergrate] queue: frame output frame :31
I1014 15:47:19.434146  9485 demo_inner.hpp:435] thread [SORT-0]  frame id 31 sorting queue size 1   FPS: 29.8211
I1014 15:47:19.462137  9483 demo_inner.hpp:177] decode queue size 0
I1014 15:47:19.462273  9486 work_thread.hpp:81]  [T-Work-Detect_0] Run work: WorkDetect
I1014 15:47:19.462316  9486 work_detect.cpp:102] Succeeded to add det start for frame 32
I1014 15:47:19.468022  9484 demo_inner.hpp:260]  gui queue size 1, state = running
I1014 15:47:19.468807  9486 work_detect.cpp:70] Frame :32 detect result :1 face(s)
W1014 15:47:19.468839  9486 work_detect.cpp:83] Invalid bbox: [134 x 155 from (272, 237)]
I1014 15:47:19.468919  9486 work_detect.cpp:120] Succeeded to add det end for frame 32
I1014 15:47:19.468935  9486 work_thread.hpp:81]  [T-Work-Detect_0] Run work: WrokTrack
I1014 15:47:19.468962  9486 work_track.cpp:102] Succeeded to set track lock for frame 32
I1014 15:47:19.468989  9486 work_track.cpp:116] Succeeded to release track lock for frame 32
I1014 15:47:19.469003  9486 work_track.cpp:120] Track results of frame 32: 0 objects input, 0 objects tracked!
I1014 15:47:19.469022  9486 work_thread.hpp:87]  [T-Work-Detect_0] Frame :32 split
I1014 15:47:19.469102  9489 thread_intergrate.hpp:78] [T-Intergrate-intergrate] queue: frame output frame :32
I1014 15:47:19.470890  9485 demo_inner.hpp:435] thread [SORT-0]  frame id 32 sorting queue size 0   FPS: 29.722
I1014 15:47:19.491784  9483 demo_inner.hpp:177] decode queue size 0
I1014 15:47:19.491886  9486 work_thread.hpp:81]  [T-Work-Detect_0] Run work: WorkDetect
I1014 15:47:19.491924  9486 work_detect.cpp:102] Succeeded to add det start for frame 33
I1014 15:47:19.498466  9486 work_detect.cpp:70] Frame :33 detect result :1 face(s)
W1014 15:47:19.498512  9486 work_detect.cpp:83] Invalid bbox: [136 x 163 from (270, 233)]
I1014 15:47:19.498584  9486 work_detect.cpp:120] Succeeded to add det end for frame 33
I1014 15:47:19.498601  9486 work_thread.hpp:81]  [T-Work-Detect_0] Run work: WrokTrack
I1014 15:47:19.498628  9486 work_track.cpp:102] Succeeded to set track lock for frame 33
I1014 15:47:19.498656  9486 work_track.cpp:116] Succeeded to release track lock for frame 33
I1014 15:47:19.498669  9486 work_track.cpp:120] Track results of frame 33: 0 objects input, 0 objects tracked!
I1014 15:47:19.498688  9486 work_thread.hpp:87]  [T-Work-Detect_0] Frame :33 split
I1014 15:47:19.498749  9489 thread_intergrate.hpp:78] [T-Intergrate-intergrate] queue: frame output frame :33
I1014 15:47:19.500281  9485 demo_inner.hpp:435] thread [SORT-0]  frame id 33 sorting queue size 1   FPS: 29.8507
I1014 15:47:19.527717  9483 demo_inner.hpp:177] decode queue size 0
I1014 15:47:19.527832  9486 work_thread.hpp:81]  [T-Work-Detect_0] Run work: WorkDetect
I1014 15:47:19.527868  9486 work_detect.cpp:102] Succeeded to add det start for frame 34
I1014 15:47:19.534394  9486 work_detect.cpp:70] Frame :34 detect result :1 face(s)
W1014 15:47:19.534440  9486 work_detect.cpp:83] Invalid bbox: [135 x 157 from (271, 237)]
I1014 15:47:19.534514  9486 work_detect.cpp:120] Succeeded to add det end for frame 34
I1014 15:47:19.534531  9486 work_thread.hpp:81]  [T-Work-Detect_0] Run work: WrokTrack
I1014 15:47:19.534559  9486 work_track.cpp:102] Succeeded to set track lock for frame 34
I1014 15:47:19.534585  9486 work_track.cpp:116] Succeeded to release track lock for frame 34
I1014 15:47:19.534598  9486 work_track.cpp:120] Track results of frame 34: 0 objects input, 0 objects tracked!
I1014 15:47:19.534617  9486 work_thread.hpp:87]  [T-Work-Detect_0] Frame :34 split
I1014 15:47:19.534663  9489 thread_intergrate.hpp:78] [T-Intergrate-intergrate] queue: frame output frame :34
I1014 15:47:19.536181  9485 demo_inner.hpp:435] thread [SORT-0]  frame id 34 sorting queue size 2   FPS: 29.7834
I1014 15:47:19.551509  9484 demo_inner.hpp:260]  gui queue size 2, state = running
I1014 15:47:19.558032  9483 demo_inner.hpp:177] decode queue size 0
I1014 15:47:19.558135  9486 work_thread.hpp:81]  [T-Work-Detect_0] Run work: WorkDetect
I1014 15:47:19.558172  9486 work_detect.cpp:102] Succeeded to add det start for frame 35
I1014 15:47:19.564702  9486 work_detect.cpp:70] Frame :35 detect result :1 face(s)
W1014 15:47:19.564819  9486 work_detect.cpp:83] Invalid bbox: [135 x 160 from (271, 236)]
I1014 15:47:19.564867  9486 work_detect.cpp:120] Succeeded to add det end for frame 35
I1014 15:47:19.564884  9486 work_thread.hpp:81]  [T-Work-Detect_0] Run work: WrokTrack
I1014 15:47:19.564910  9486 work_track.cpp:102] Succeeded to set track lock for frame 35
I1014 15:47:19.564937  9486 work_track.cpp:116] Succeeded to release track lock for frame 35
I1014 15:47:19.564951  9486 work_track.cpp:120] Track results of frame 35: 0 objects input, 0 objects tracked!
