I1014 10:37:13.115097  3984 work_thread.hpp:88]  [T-Work-Detect_0] Frame :95 split
I1014 10:37:13.115115  3984 work_thread.hpp:120]  [T-Work-Detect_0] Valid piece: gid = 0
I1014 10:37:13.115133  3984 work_thread.hpp:92]  [T-Work-Detect_0] Push to split queue:recog
I1014 10:37:13.115186  3986 work_thread.hpp:81]  [T-Work-Recog_1] Run work: WorkCapture
I1014 10:37:13.115566  3987 thread_intergrate.hpp:78] [T-Intergrate-intergrate] queue: frame output frame :95
I1014 10:37:13.115593  3987 thread_intergrate.hpp:85] [T-Intergrate-intergrate] queue: compare output face:0
I1014 10:37:13.115612  3987 thread_intergrate.hpp:134] T-Intergrate-intergrate set matched face: 0
I1014 10:37:13.115811  3986 work_thread.hpp:81]  [T-Work-Recog_1] Run work: WorkRecog
I1014 10:37:13.115834  3986 work_recog.hpp:89] Face id: 0 will run recog: bbox [165 x 212 from (243, 130)] quality: 0.46401
I1014 10:37:13.115862  3986 work_recog.hpp:96] Recog pair: [240 x 272 from (208, 88)], [165 x 212 from (35, 42)]
I1014 10:37:13.116828  3987 thread_intergrate.hpp:154] T-Intergrate-intergrate Show face :0, size :640 * 360
I1014 10:37:13.117367  3983 demo_inner.hpp:435] thread [SORT-0]  frame id 95 sorting queue size 8   FPS: 29.9754
I1014 10:37:13.133682  3986 work_thread.hpp:81]  [T-Work-Recog_1] Run work: WorkCompare
I1014 10:37:13.133786  3986 work_compare.cpp:76] Compare face: 0 successed, similarity :0.962541, name : images/thanglmb.jpg, normal size : 640 * 360!
I1014 10:37:13.144007  3981 demo_inner.hpp:177] decode queue size 0
I1014 10:37:13.144122  3984 work_thread.hpp:81]  [T-Work-Detect_0] Run work: WorkDetect
I1014 10:37:13.144181  3984 work_detect.cpp:102] Succeeded to add det start for frame 96
I1014 10:37:13.151019  3984 work_detect.cpp:70] Frame :96 detect result :1 face(s)
I1014 10:37:13.151064  3984 work_detect.cpp:86] Detected bbox: [165 x 215 from (243, 128)]
I1014 10:37:13.151108  3984 work_detect.cpp:120] Succeeded to add det end for frame 96
I1014 10:37:13.151124  3984 work_thread.hpp:81]  [T-Work-Detect_0] Run work: WrokTrack
I1014 10:37:13.151149  3984 work_track.cpp:82] Frame: 96 build input_characts: [0.257812 x 0.597222 from (0.379687, 0.355556)], 1.00019, 0
I1014 10:37:13.151202  3984 work_track.cpp:102] Succeeded to set track lock for frame 96
I1014 10:37:13.151242  3984 work_track.cpp:116] Succeeded to release track lock for frame 96
I1014 10:37:13.151257  3984 work_track.cpp:120] Track results of frame 96: 1 objects input, 1 objects tracked!
I1014 10:37:13.151273  3984 work_track.cpp:148] Frame: 96, track bbox: [165 x 215 from (243.126, 128.565)], gid: 0, lid: 0
I1014 10:37:13.151309  3984 work_thread.hpp:88]  [T-Work-Detect_0] Frame :96 split
I1014 10:37:13.151327  3984 work_thread.hpp:120]  [T-Work-Detect_0] Valid piece: gid = 0
I1014 10:37:13.151345  3984 work_thread.hpp:92]  [T-Work-Detect_0] Push to split queue:recog
I1014 10:37:13.151397  3986 work_thread.hpp:81]  [T-Work-Recog_1] Run work: WorkCapture
I1014 10:37:13.151696  3987 thread_intergrate.hpp:78] [T-Intergrate-intergrate] queue: frame output frame :96
I1014 10:37:13.151724  3987 thread_intergrate.hpp:85] [T-Intergrate-intergrate] queue: compare output face:0
I1014 10:37:13.151743  3987 thread_intergrate.hpp:134] T-Intergrate-intergrate set matched face: 0
I1014 10:37:13.151944  3986 work_thread.hpp:81]  [T-Work-Recog_1] Run work: WorkRecog
I1014 10:37:13.151968  3986 work_recog.hpp:89] Face id: 0 will run recog: bbox [165 x 215 from (243, 128)] quality: 0.467477
I1014 10:37:13.151995  3986 work_recog.hpp:96] Recog pair: [240 x 280 from (208, 80)], [165 x 215 from (35, 48)]
I1014 10:37:13.152937  3987 thread_intergrate.hpp:154] T-Intergrate-intergrate Show face :0, size :640 * 360
I1014 10:37:13.153507  3983 demo_inner.hpp:435] thread [SORT-0]  frame id 96 sorting queue size 9   FPS: 29.902
I1014 10:37:13.169580  3986 work_thread.hpp:81]  [T-Work-Recog_1] Run work: WorkCompare
I1014 10:37:13.169688  3986 work_compare.cpp:76] Compare face: 0 successed, similarity :0.967688, name : images/thanglmb.jpg, normal size : 640 * 360!
I1014 10:37:13.174036  3981 demo_inner.hpp:177] decode queue size 0
I1014 10:37:13.174154  3984 work_thread.hpp:81]  [T-Work-Detect_0] Run work: WorkDetect
I1014 10:37:13.174190  3984 work_detect.cpp:102] Succeeded to add det start for frame 97
I1014 10:37:13.181032  3984 work_detect.cpp:70] Frame :97 detect result :1 face(s)
I1014 10:37:13.181072  3984 work_detect.cpp:86] Detected bbox: [161 x 207 from (245, 133)]
I1014 10:37:13.181197  3984 work_detect.cpp:120] Succeeded to add det end for frame 97
I1014 10:37:13.181216  3984 work_thread.hpp:81]  [T-Work-Detect_0] Run work: WrokTrack
I1014 10:37:13.181239  3984 work_track.cpp:82] Frame: 97 build input_characts: [0.251563 x 0.575 from (0.382812, 0.369444)], 1.00019, 0
I1014 10:37:13.181294  3984 work_track.cpp:102] Succeeded to set track lock for frame 97
I1014 10:37:13.181334  3984 work_track.cpp:116] Succeeded to release track lock for frame 97
I1014 10:37:13.181349  3984 work_track.cpp:120] Track results of frame 97: 1 objects input, 1 objects tracked!
I1014 10:37:13.181366  3984 work_track.cpp:148] Frame: 97, track bbox: [161 x 207 from (245.277, 131.991)], gid: 0, lid: 0
I1014 10:37:13.181402  3984 work_thread.hpp:88]  [T-Work-Detect_0] Frame :97 split
I1014 10:37:13.181421  3984 work_thread.hpp:120]  [T-Work-Detect_0] Valid piece: gid = 0
I1014 10:37:13.181438  3984 work_thread.hpp:92]  [T-Work-Detect_0] Push to split queue:recog
I1014 10:37:13.181478  3985 work_thread.hpp:81]  [T-Work-Recog_0] Run work: WorkCapture
I1014 10:37:13.181489  3987 thread_intergrate.hpp:78] [T-Intergrate-intergrate] queue: frame output frame :97
I1014 10:37:13.181517  3987 thread_intergrate.hpp:85] [T-Intergrate-intergrate] queue: compare output face:0
I1014 10:37:13.181536  3987 thread_intergrate.hpp:134] T-Intergrate-intergrate set matched face: 0
I1014 10:37:13.182041  3985 work_thread.hpp:81]  [T-Work-Recog_0] Run work: WorkRecog
I1014 10:37:13.182065  3985 work_recog.hpp:89] Face id: 0 will run recog: bbox [161 x 207 from (245, 133)] quality: 0.455604
I1014 10:37:13.182093  3985 work_recog.hpp:96] Recog pair: [232 x 272 from (208, 88)], [161 x 207 from (37, 45)]
I1014 10:37:13.182716  3987 thread_intergrate.hpp:154] T-Intergrate-intergrate Show face :0, size :640 * 360
I1014 10:37:13.183275  3983 demo_inner.hpp:435] thread [SORT-0]  frame id 97 sorting queue size 10   FPS: 29.9902
I1014 10:37:13.199774  3985 work_thread.hpp:81]  [T-Work-Recog_0] Run work: WorkCompare
I1014 10:37:13.199880  3985 work_compare.cpp:76] Compare face: 0 successed, similarity :0.961086, name : images/thanglmb.jpg, normal size : 640 * 360!
I1014 10:37:13.209965  3981 demo_inner.hpp:177] decode queue size 0
I1014 10:37:13.210074  3984 work_thread.hpp:81]  [T-Work-Detect_0] Run work: WorkDetect
I1014 10:37:13.210139  3984 work_detect.cpp:102] Succeeded to add det start for frame 98
I1014 10:37:13.216953  3984 work_detect.cpp:70] Frame :98 detect result :1 face(s)
I1014 10:37:13.216997  3984 work_detect.cpp:86] Detected bbox: [163 x 212 from (242, 129)]
I1014 10:37:13.217039  3984 work_detect.cpp:120] Succeeded to add det end for frame 98
I1014 10:37:13.217056  3984 work_thread.hpp:81]  [T-Work-Detect_0] Run work: WrokTrack
I1014 10:37:13.217079  3984 work_track.cpp:82] Frame: 98 build input_characts: [0.254687 x 0.588889 from (0.378125, 0.358333)], 1.00019, 0
I1014 10:37:13.217133  3984 work_track.cpp:102] Succeeded to set track lock for frame 98
I1014 10:37:13.217173  3984 work_track.cpp:116] Succeeded to release track lock for frame 98
I1014 10:37:13.217187  3984 work_track.cpp:120] Track results of frame 98: 1 objects input, 1 objects tracked!
I1014 10:37:13.217206  3984 work_track.cpp:148] Frame: 98, track bbox: [163 x 212 from (243.124, 129.365)], gid: 0, lid: 0
I1014 10:37:13.217242  3984 work_thread.hpp:88]  [T-Work-Detect_0] Frame :98 split
I1014 10:37:13.217259  3984 work_thread.hpp:120]  [T-Work-Detect_0] Valid piece: gid = 0
I1014 10:37:13.217278  3984 work_thread.hpp:92]  [T-Work-Detect_0] Push to split queue:recog
I1014 10:37:13.217319  3985 work_thread.hpp:81]  [T-Work-Recog_0] Run work: WorkCapture
I1014 10:37:13.217327  3987 thread_intergrate.hpp:78] [T-Intergrate-intergrate] queue: frame output frame :98
I1014 10:37:13.217356  3987 thread_intergrate.hpp:85] [T-Intergrate-intergrate] queue: compare output face:0
I1014 10:37:13.217375  3987 thread_intergrate.hpp:134] T-Intergrate-intergrate set matched face: 0
I1014 10:37:13.217875  3985 work_thread.hpp:81]  [T-Work-Recog_0] Run work: WorkRecog
I1014 10:37:13.217974  3985 work_recog.hpp:89] Face id: 0 will run recog: bbox [163 x 212 from (242, 129)] quality: 0.454971
I1014 10:37:13.218004  3985 work_recog.hpp:96] Recog pair: [232 x 280 from (208, 80)], [163 x 212 from (34, 49)]
I1014 10:37:13.218550  3987 thread_intergrate.hpp:154] T-Intergrate-intergrate Show face :0, size :640 * 360
I1014 10:37:13.235775  3985 work_thread.hpp:81]  [T-Work-Recog_0] Run work: WorkCompare
I1014 10:37:13.235883  3985 work_compare.cpp:76] Compare face: 0 successed, similarity :0.956683, name : images/thanglmb.jpg, normal size : 640 * 360!
I1014 10:37:13.245970  3981 demo_inner.hpp:177] decode queue size 0
I1014 10:37:13.246074  3984 work_thread.hpp:81]  [T-Work-Detect_0] Run work: WorkDetect
I1014 10:37:13.246110  3984 work_detect.cpp:102] Succeeded to add det start for frame 99
I1014 10:37:13.252966  3984 work_detect.cpp:70] Frame :99 detect result :1 face(s)
I1014 10:37:13.253010  3984 work_detect.cpp:86] Detected bbox: [162 x 214 from (245, 132)]
I1014 10:37:13.253051  3984 work_detect.cpp:120] Succeeded to add det end for frame 99
I1014 10:37:13.253067  3984 work_thread.hpp:81]  [T-Work-Detect_0] Run work: WrokTrack
I1014 10:37:13.253091  3984 work_track.cpp:82] Frame: 99 build input_characts: [0.253125 x 0.594444 from (0.382812, 0.366667)], 1.00019, 0
I1014 10:37:13.253146  3984 work_track.cpp:102] Succeeded to set track lock for frame 99
I1014 10:37:13.253185  3984 work_track.cpp:116] Succeeded to release track lock for frame 99
I1014 10:37:13.253199  3984 work_track.cpp:120] Track results of frame 99: 1 objects input, 1 objects tracked!
I1014 10:37:13.253217  3984 work_track.cpp:148] Frame: 99, track bbox: [162 x 214 from (244.122, 130.282)], gid: 0, lid: 0
I1014 10:37:13.253254  3984 work_thread.hpp:88]  [T-Work-Detect_0] Frame :99 split
I1014 10:37:13.253273  3984 work_thread.hpp:120]  [T-Work-Detect_0] Valid piece: gid = 0
I1014 10:37:13.253290  3984 work_thread.hpp:92]  [T-Work-Detect_0] Push to split queue:recog
I1014 10:37:13.253327  3985 work_thread.hpp:81]  [T-Work-Recog_0] Run work: WorkCapture
I1014 10:37:13.253340  3987 thread_intergrate.hpp:78] [T-Intergrate-intergrate] queue: frame output frame :99
I1014 10:37:13.253371  3987 thread_intergrate.hpp:85] [T-Intergrate-intergrate] queue: compare output face:0
I1014 10:37:13.253389  3987 thread_intergrate.hpp:134] T-Intergrate-intergrate set matched face: 0
I1014 10:37:13.253886  3985 work_thread.hpp:81]  [T-Work-Recog_0] Run work: WorkRecog
I1014 10:37:13.253911  3985 work_recog.hpp:89] Face id: 0 will run recog: bbox [162 x 214 from (245, 132)] quality: 0.450585
I1014 10:37:13.253938  3985 work_recog.hpp:96] Recog pair: [232 x 272 from (208, 88)], [162 x 214 from (37, 44)]
I1014 10:37:13.254556  3987 thread_intergrate.hpp:154] T-Intergrate-intergrate Show face :0, size :640 * 360
I1014 10:37:13.271448  3985 work_thread.hpp:81]  [T-Work-Recog_0] Run work: WorkCompare
I1014 10:37:13.271564  3985 work_compare.cpp:76] Compare face: 0 successed, similarity :0.970896, name : images/thanglmb.jpg, normal size : 640 * 360!
I1014 10:37:13.276011  3981 demo_inner.hpp:177] decode queue size 0
I1014 10:37:13.276131  3984 work_thread.hpp:81]  [T-Work-Detect_0] Run work: WorkDetect
I1014 10:37:13.276206  3984 work_detect.cpp:102] Succeeded to add det start for frame 100
I1014 10:37:13.282968  3984 work_detect.cpp:70] Frame :100 detect result :1 face(s)
I1014 10:37:13.283006  3984 work_detect.cpp:86] Detected bbox: [163 x 210 from (244, 134)]
I1014 10:37:13.283047  3984 work_detect.cpp:120] Succeeded to add det end for frame 100
I1014 10:37:13.283063  3984 work_thread.hpp:81]  [T-Work-Detect_0] Run work: WrokTrack
I1014 10:37:13.283087  3984 work_track.cpp:82] Frame: 100 build input_characts: [0.254687 x 0.583333 from (0.38125, 0.372222)], 1.00019, 0
I1014 10:37:13.283141  3984 work_track.cpp:102] Succeeded to set track lock for frame 100
I1014 10:37:13.283180  3984 work_track.cpp:116] Succeeded to release track lock for frame 100
I1014 10:37:13.283195  3984 work_track.cpp:120] Track results of frame 100: 1 objects input, 1 objects tracked!
I1014 10:37:13.283298  3984 work_track.cpp:148] Frame: 100, track bbox: [163 x 210 from (243.788, 133.559)], gid: 0, lid: 0
I1014 10:37:13.283337  3984 work_thread.hpp:88]  [T-Work-Detect_0] Frame :100 split
I1014 10:37:13.283355  3984 work_thread.hpp:120]  [T-Work-Detect_0] Valid piece: gid = 0
I1014 10:37:13.283375  3984 work_thread.hpp:92]  [T-Work-Detect_0] Push to split queue:recog
I1014 10:37:13.283421  3986 work_thread.hpp:81]  [T-Work-Recog_1] Run work: WorkCapture
I1014 10:37:13.283725  3987 thread_intergrate.hpp:78] [T-Intergrate-intergrate] queue: frame output frame :100
I1014 10:37:13.283752  3987 thread_intergrate.hpp:85] [T-Intergrate-intergrate] queue: compare output face:0
I1014 10:37:13.283771  3987 thread_intergrate.hpp:134] T-Intergrate-intergrate set matched face: 0
I1014 10:37:13.283968  3986 work_thread.hpp:81]  [T-Work-Recog_1] Run work: WorkRecog
I1014 10:37:13.283990  3986 work_recog.hpp:89] Face id: 0 will run recog: bbox [163 x 210 from (244, 134)] quality: 0.444967
I1014 10:37:13.284018  3986 work_recog.hpp:96] Recog pair: [232 x 272 from (208, 88)], [163 x 210 from (36, 46)]
I1014 10:37:13.284971  3987 thread_intergrate.hpp:154] T-Intergrate-intergrate Show face :0, size :640 * 360
I1014 10:37:13.302000  3986 work_thread.hpp:81]  [T-Work-Recog_1] Run work: WorkCompare
I1014 10:37:13.302110  3986 work_compare.cpp:76] Compare face: 0 successed, similarity :0.963379, name : images/thanglmb.jpg, normal size : 640 * 360!
I1014 10:37:13.312144  3981 demo_inner.hpp:177] decode queue size 0
I1014 10:37:13.312278  3984 work_thread.hpp:81]  [T-Work-Detect_0] Run work: WorkDetect
I1014 10:37:13.312314  3984 work_detect.cpp:102] Succeeded to add det start for frame 101
I1014 10:37:13.319079  3984 work_detect.cpp:70] Frame :101 detect result :1 face(s)
I1014 10:37:13.319118  3984 work_detect.cpp:86] Detected bbox: [163 x 212 from (246, 129)]
I1014 10:37:13.319160  3984 work_detect.cpp:120] Succeeded to add det end for frame 101
I1014 10:37:13.319177  3984 work_thread.hpp:81]  [T-Work-Detect_0] Run work: WrokTrack
I1014 10:37:13.319201  3984 work_track.cpp:82] Frame: 101 build input_characts: [0.254687 x 0.588889 from (0.384375, 0.358333)], 1.00019, 0
I1014 10:37:13.319257  3984 work_track.cpp:102] Succeeded to set track lock for frame 101
I1014 10:37:13.319296  3984 work_track.cpp:116] Succeeded to release track lock for frame 101
I1014 10:37:13.319311  3984 work_track.cpp:120] Track results of frame 101: 1 objects input, 1 objects tracked!
I1014 10:37:13.319329  3984 work_track.cpp:148] Frame: 101, track bbox: [163 x 212 from (245.004, 131.342)], gid: 0, lid: 0
I1014 10:37:13.319365  3984 work_thread.hpp:88]  [T-Work-Detect_0] Frame :101 split
I1014 10:37:13.319382  3984 work_thread.hpp:120]  [T-Work-Detect_0] Valid piece: gid = 0
I1014 10:37:13.319401  3984 work_thread.hpp:92]  [T-Work-Detect_0] Push to split queue:recog
I1014 10:37:13.319440  3985 work_thread.hpp:81]  [T-Work-Recog_0] Run work: WorkCapture
I1014 10:37:13.319445  3987 thread_intergrate.hpp:78] [T-Intergrate-intergrate] queue: frame output frame :101
I1014 10:37:13.319474  3987 thread_intergrate.hpp:85] [T-Intergrate-intergrate] queue: compare output face:0
I1014 10:37:13.319494  3987 thread_intergrate.hpp:134] T-Intergrate-intergrate set matched face: 0
I1014 10:37:13.320042  3985 work_thread.hpp:81]  [T-Work-Recog_0] Run work: WorkRecog
I1014 10:37:13.320068  3985 work_recog.hpp:89] Face id: 0 will run recog: bbox [163 x 212 from (246, 129)] quality: 0.464236
I1014 10:37:13.320101  3985 work_recog.hpp:96] Recog pair: [240 x 280 from (208, 80)], [163 x 212 from (38, 49)]
I1014 10:37:13.320703  3987 thread_intergrate.hpp:154] T-Intergrate-intergrate Show face :0, size :640 * 360
I1014 10:37:13.337653  3985 work_thread.hpp:81]  [T-Work-Recog_0] Run work: WorkCompare
I1014 10:37:13.337764  3985 work_compare.cpp:76] Compare face: 0 successed, similarity :0.977594, name : images/thanglmb.jpg, normal size : 640 * 360!
I1014 10:37:13.342085  3981 demo_inner.hpp:177] decode queue size 0
I1014 10:37:13.342305  3984 work_thread.hpp:81]  [T-Work-Detect_0] Run work: WorkDetect
I1014 10:37:13.342420  3984 work_detect.cpp:102] Succeeded to add det start for frame 102
I1014 10:37:13.349241  3984 work_detect.cpp:70] Frame :102 detect result :1 face(s)
I1014 10:37:13.349284  3984 work_detect.cpp:86] Detected bbox: [159 x 214 from (247, 130)]
I1014 10:37:13.349326  3984 work_detect.cpp:120] Succeeded to add det end for frame 102
I1014 10:37:13.349344  3984 work_thread.hpp:81]  [T-Work-Detect_0] Run work: WrokTrack
I1014 10:37:13.349366  3984 work_track.cpp:82] Frame: 102 build input_characts: [0.248437 x 0.594444 from (0.385938, 0.361111)], 1.00019, 0
I1014 10:37:13.349421  3984 work_track.cpp:102] Succeeded to set track lock for frame 102
I1014 10:37:13.349460  3984 work_track.cpp:116] Succeeded to release track lock for frame 102
I1014 10:37:13.349474  3984 work_track.cpp:120] Track results of frame 102: 1 objects input, 1 objects tracked!
I1014 10:37:13.349493  3984 work_track.cpp:148] Frame: 102, track bbox: [159 x 214 from (247.447, 130.105)], gid: 0, lid: 0
I1014 10:37:13.349529  3984 work_thread.hpp:88]  [T-Work-Detect_0] Frame :102 split
I1014 10:37:13.349547  3984 work_thread.hpp:120]  [T-Work-Detect_0] Valid piece: gid = 0
I1014 10:37:13.349565  3984 work_thread.hpp:92]  [T-Work-Detect_0] Push to split queue:recog
I1014 10:37:13.349609  3987 thread_intergrate.hpp:78] [T-Intergrate-intergrate] queue: frame output frame :102
I1014 10:37:13.349627  3986 work_thread.hpp:81]  [T-Work-Recog_1] Run work: WorkCapture
I1014 10:37:13.349635  3987 thread_intergrate.hpp:85] [T-Intergrate-intergrate] queue: compare output face:0
I1014 10:37:13.349654  3987 thread_intergrate.hpp:134] T-Intergrate-intergrate set matched face: 0
I1014 10:37:13.350227  3986 work_thread.hpp:81]  [T-Work-Recog_1] Run work: WorkRecog
I1014 10:37:13.350252  3986 work_recog.hpp:89] Face id: 0 will run recog: bbox [159 x 214 from (247, 130)] quality: 0.476425
I1014 10:37:13.350281  3986 work_recog.hpp:96] Recog pair: [224 x 272 from (216, 88)], [159 x 214 from (31, 42)]
I1014 10:37:13.350823  3987 thread_intergrate.hpp:154] T-Intergrate-intergrate Show face :0, size :640 * 360
I1014 10:37:13.368645  3986 work_thread.hpp:81]  [T-Work-Recog_1] Run work: WorkCompare
I1014 10:37:13.368762  3986 work_compare.cpp:76] Compare face: 0 successed, similarity :0.963488, name : images/thanglmb.jpg, normal size : 640 * 360!
I1014 10:37:13.378443  3981 demo_inner.hpp:177] decode queue size 0
I1014 10:37:13.378553  3984 work_thread.hpp:81]  [T-Work-Detect_0] Run work: WorkDetect
I1014 10:37:13.378590  3984 work_detect.cpp:102] Succeeded to add det start for frame 103
I1014 10:37:13.385284  3984 work_detect.cpp:70] Frame :103 detect result :1 face(s)
I1014 10:37:13.385336  3984 work_detect.cpp:86] Detected bbox: [159 x 212 from (249, 129)]
I1014 10:37:13.385378  3984 work_detect.cpp:120] Succeeded to add det end for frame 103
I1014 10:37:13.385396  3984 work_thread.hpp:81]  [T-Work-Detect_0] Run work: WrokTrack
I1014 10:37:13.385421  3984 work_track.cpp:82] Frame: 103 build input_characts: [0.248437 x 0.588889 from (0.389062, 0.358333)], 1.00019, 0
I1014 10:37:13.385476  3984 work_track.cpp:102] Succeeded to set track lock for frame 103
I1014 10:37:13.385515  3984 work_track.cpp:116] Succeeded to release track lock for frame 103
I1014 10:37:13.385529  3984 work_track.cpp:120] Track results of frame 103: 1 objects input, 1 objects tracked!
I1014 10:37:13.385547  3984 work_track.cpp:148] Frame: 103, track bbox: [159 x 212 from (248.797, 129.965)], gid: 0, lid: 0
I1014 10:37:13.385583  3984 work_thread.hpp:88]  [T-Work-Detect_0] Frame :103 split
I1014 10:37:13.385601  3984 work_thread.hpp:120]  [T-Work-Detect_0] Valid piece: gid = 0
I1014 10:37:13.385620  3984 work_thread.hpp:92]  [T-Work-Detect_0] Push to split queue:recog
I1014 10:37:13.385675  3987 thread_intergrate.hpp:78] [T-Intergrate-intergrate] queue: frame output frame :103
I1014 10:37:13.385720  3987 thread_intergrate.hpp:85] [T-Intergrate-intergrate] queue: compare output face:0
I1014 10:37:13.385740  3987 thread_intergrate.hpp:134] T-Intergrate-intergrate set matched face: 0
I1014 10:37:13.385679  3985 work_thread.hpp:81]  [T-Work-Recog_0] Run work: WorkCapture
I1014 10:37:13.386500  3985 work_thread.hpp:81]  [T-Work-Recog_0] Run work: WorkRecog
I1014 10:37:13.386524  3985 work_recog.hpp:89] Face id: 0 will run recog: bbox [159 x 212 from (249, 129)] quality: 0.450585
I1014 10:37:13.386554  3985 work_recog.hpp:96] Recog pair: [224 x 280 from (216, 80)], [159 x 212 from (33, 49)]
I1014 10:37:13.387001  3987 thread_intergrate.hpp:154] T-Intergrate-intergrate Show face :0, size :640 * 360
I1014 10:37:13.397217  3987 thread_intergrate.hpp:94] T-Intergrate-intergrate Try push queue sorting again 5 vs 5
I1014 10:37:13.404036  3985 work_thread.hpp:81]  [T-Work-Recog_0] Run work: WorkCompare
I1014 10:37:13.404134  3985 work_compare.cpp:76] Compare face: 0 successed, similarity :0.965928, name : images/thanglmb.jpg, normal size : 640 * 360!
I1014 10:37:13.405766  3981 demo_inner.hpp:177] decode queue size 0
I1014 10:37:13.405844  3984 work_thread.hpp:81]  [T-Work-Detect_0] Run work: WorkDetect
I1014 10:37:13.405875  3984 work_detect.cpp:102] Succeeded to add det start for frame 104
I1014 10:37:13.407357  3987 thread_intergrate.hpp:94] T-Intergrate-intergrate Try push queue sorting again 5 vs 5
I1014 10:37:13.412490  3984 work_detect.cpp:70] Frame :104 detect result :1 face(s)
I1014 10:37:13.412516  3984 work_detect.cpp:86] Detected bbox: [158 x 204 from (248, 134)]
I1014 10:37:13.412559  3984 work_detect.cpp:120] Succeeded to add det end for frame 104
I1014 10:37:13.412575  3984 work_thread.hpp:81]  [T-Work-Detect_0] Run work: WrokTrack
I1014 10:37:13.412597  3984 work_track.cpp:82] Frame: 104 build input_characts: [0.246875 x 0.566667 from (0.3875, 0.372222)], 1.00019, 0
I1014 10:37:13.412652  3984 work_track.cpp:102] Succeeded to set track lock for frame 104
I1014 10:37:13.412691  3984 work_track.cpp:116] Succeeded to release track lock for frame 104
I1014 10:37:13.412706  3984 work_track.cpp:120] Track results of frame 104: 1 objects input, 1 objects tracked!
I1014 10:37:13.412724  3984 work_track.cpp:148] Frame: 104, track bbox: [158 x 204 from (248.782, 133.066)], gid: 0, lid: 0
I1014 10:37:13.412760  3984 work_thread.hpp:88]  [T-Work-Detect_0] Frame :104 split
I1014 10:37:13.412778  3984 work_thread.hpp:120]  [T-Work-Detect_0] Valid piece: gid = 0
I1014 10:37:13.412796  3984 work_thread.hpp:92]  [T-Work-Detect_0] Push to split queue:recog
I1014 10:37:13.412849  3985 work_thread.hpp:81]  [T-Work-Recog_0] Run work: WorkCapture
I1014 10:37:13.413388  3985 work_thread.hpp:81]  [T-Work-Recog_0] Run work: WorkRecog
I1014 10:37:13.413411  3985 work_recog.hpp:89] Face id: 0 will run recog: bbox [158 x 204 from (248, 134)] quality: 0.445188
I1014 10:37:13.413439  3985 work_recog.hpp:96] Recog pair: [224 x 272 from (216, 88)], [158 x 204 from (32, 46)]
I1014 10:37:13.417455  3987 thread_intergrate.hpp:94] T-Intergrate-intergrate Try push queue sorting again 5 vs 5
I1014 10:37:13.427556  3987 thread_intergrate.hpp:94] T-Intergrate-intergrate Try push queue sorting again 5 vs 5
I1014 10:37:13.430863  3985 work_thread.hpp:81]  [T-Work-Recog_0] Run work: WorkCompare
I1014 10:37:13.430938  3985 work_compare.cpp:76] Compare face: 0 successed, similarity :0.958207, name : images/thanglmb.jpg, normal size : 640 * 360!
I1014 10:37:13.437664  3987 thread_intergrate.hpp:94] T-Intergrate-intergrate Try push queue sorting again 5 vs 5
I1014 10:37:13.441447  3981 demo_inner.hpp:177] decode queue size 0
I1014 10:37:13.441543  3984 work_thread.hpp:81]  [T-Work-Detect_0] Run work: WorkDetect
I1014 10:37:13.441581  3984 work_detect.cpp:102] Succeeded to add det start for frame 105
I1014 10:37:13.447788  3987 thread_intergrate.hpp:94] T-Intergrate-intergrate Try push queue sorting again 5 vs 5
I1014 10:37:13.448228  3984 work_detect.cpp:70] Frame :105 detect result :1 face(s)
I1014 10:37:13.448252  3984 work_detect.cpp:86] Detected bbox: [154 x 204 from (251, 132)]
I1014 10:37:13.448294  3984 work_detect.cpp:120] Succeeded to add det end for frame 105
I1014 10:37:13.448312  3984 work_thread.hpp:81]  [T-Work-Detect_0] Run work: WrokTrack
I1014 10:37:13.448405  3984 work_track.cpp:82] Frame: 105 build input_characts: [0.240625 x 0.566667 from (0.392188, 0.366667)], 1.00019, 0
I1014 10:37:13.448462  3984 work_track.cpp:102] Succeeded to set track lock for frame 105
I1014 10:37:13.448501  3984 work_track.cpp:116] Succeeded to release track lock for frame 105
I1014 10:37:13.448515  3984 work_track.cpp:120] Track results of frame 105: 1 objects input, 1 objects tracked!
I1014 10:37:13.448534  3984 work_track.cpp:148] Frame: 105, track bbox: [154 x 204 from (251.112, 132.306)], gid: 0, lid: 0
I1014 10:37:13.448570  3984 work_thread.hpp:88]  [T-Work-Detect_0] Frame :105 split
I1014 10:37:13.448588  3984 work_thread.hpp:120]  [T-Work-Detect_0] Valid piece: gid = 0
I1014 10:37:13.448606  3984 work_thread.hpp:92]  [T-Work-Detect_0] Push to split queue:recog
I1014 10:37:13.448673  3986 work_thread.hpp:81]  [T-Work-Recog_1] Run work: WorkCapture
I1014 10:37:13.449254  3986 work_thread.hpp:81]  [T-Work-Recog_1] Run work: WorkRecog
I1014 10:37:13.449277  3986 work_recog.hpp:89] Face id: 0 will run recog: bbox [154 x 204 from (251, 132)] quality: 0.473113
I1014 10:37:13.449304  3986 work_recog.hpp:96] Recog pair: [224 x 272 from (216, 88)], [154 x 204 from (35, 44)]
I1014 10:37:13.457909  3987 thread_intergrate.hpp:94] T-Intergrate-intergrate Try push queue sorting again 5 vs 5
I1014 10:37:13.467213  3986 work_thread.hpp:81]  [T-Work-Recog_1] Run work: WorkCompare
I1014 10:37:13.467293  3986 work_compare.cpp:76] Compare face: 0 successed, similarity :0.977267, name : images/thanglmb.jpg, normal size : 640 * 360!
I1014 10:37:13.468025  3987 thread_intergrate.hpp:94] T-Intergrate-intergrate Try push queue sorting again 5 vs 5
I1014 10:37:13.477452  3981 demo_inner.hpp:177] decode queue size 0
I1014 10:37:13.477546  3984 work_thread.hpp:81]  [T-Work-Detect_0] Run work: WorkDetect
I1014 10:37:13.477578  3984 work_detect.cpp:102] Succeeded to add det start for frame 106
I1014 10:37:13.478116  3987 thread_intergrate.hpp:94] T-Intergrate-intergrate Try push queue sorting again 5 vs 5
I1014 10:37:13.484154  3984 work_detect.cpp:70] Frame :106 detect result :1 face(s)
I1014 10:37:13.484200  3984 work_detect.cpp:86] Detected bbox: [161 x 210 from (246, 126)]
I1014 10:37:13.484243  3984 work_detect.cpp:120] Succeeded to add det end for frame 106
I1014 10:37:13.484259  3984 work_thread.hpp:81]  [T-Work-Detect_0] Run work: WrokTrack
I1014 10:37:13.484282  3984 work_track.cpp:82] Frame: 106 build input_characts: [0.251563 x 0.583333 from (0.384375, 0.35)], 1.00019, 0
I1014 10:37:13.484338  3984 work_track.cpp:102] Succeeded to set track lock for frame 106
I1014 10:37:13.484377  3984 work_track.cpp:116] Succeeded to release track lock for frame 106
I1014 10:37:13.484392  3984 work_track.cpp:120] Track results of frame 106: 1 objects input, 1 objects tracked!
I1014 10:37:13.484411  3984 work_track.cpp:148] Frame: 106, track bbox: [161 x 210 from (246.713, 127.684)], gid: 0, lid: 0
I1014 10:37:13.484447  3984 work_thread.hpp:88]  [T-Work-Detect_0] Frame :106 split
I1014 10:37:13.484464  3984 work_thread.hpp:120]  [T-Work-Detect_0] Valid piece: gid = 0
I1014 10:37:13.484481  3984 work_thread.hpp:92]  [T-Work-Detect_0] Push to split queue:recog
I1014 10:37:13.484527  3986 work_thread.hpp:81]  [T-Work-Recog_1] Run work: WorkCapture
I1014 10:37:13.485170  3986 work_thread.hpp:81]  [T-Work-Recog_1] Run work: WorkRecog
I1014 10:37:13.485194  3986 work_recog.hpp:89] Face id: 0 will run recog: bbox [161 x 210 from (246, 126)] quality: 0.473868
I1014 10:37:13.485239  3986 work_recog.hpp:96] Recog pair: [232 x 280 from (208, 80)], [161 x 210 from (38, 46)]
I1014 10:37:13.488204  3987 thread_intergrate.hpp:94] T-Intergrate-intergrate Try push queue sorting again 5 vs 5
I1014 10:37:13.498315  3987 thread_intergrate.hpp:94] T-Intergrate-intergrate Try push queue sorting again 5 vs 5
I1014 10:37:13.503283  3986 work_thread.hpp:81]  [T-Work-Recog_1] Run work: WorkCompare
I1014 10:37:13.503374  3986 work_compare.cpp:76] Compare face: 0 successed, similarity :0.970295, name : images/thanglmb.jpg, normal size : 640 * 360!
I1014 10:37:13.507601  3981 demo_inner.hpp:177] decode queue size 0
I1014 10:37:13.507697  3984 work_thread.hpp:81]  [T-Work-Detect_0] Run work: WorkDetect
I1014 10:37:13.507733  3984 work_detect.cpp:102] Succeeded to add det start for frame 107
I1014 10:37:13.508441  3987 thread_intergrate.hpp:94] T-Intergrate-intergrate Try push queue sorting again 5 vs 5
I1014 10:37:13.514356  3984 work_detect.cpp:70] Frame :107 detect result :1 face(s)
I1014 10:37:13.514394  3984 work_detect.cpp:86] Detected bbox: [158 x 211 from (249, 130)]
I1014 10:37:13.514436  3984 work_detect.cpp:120] Succeeded to add det end for frame 107
I1014 10:37:13.514452  3984 work_thread.hpp:81]  [T-Work-Detect_0] Run work: WrokTrack
I1014 10:37:13.514477  3984 work_track.cpp:82] Frame: 107 build input_characts: [0.246875 x 0.586111 from (0.389062, 0.361111)], 1.00019, 0
I1014 10:37:13.514531  3984 work_track.cpp:102] Succeeded to set track lock for frame 107
I1014 10:37:13.514570  3984 work_track.cpp:116] Succeeded to release track lock for frame 107
I1014 10:37:13.514585  3984 work_track.cpp:120] Track results of frame 107: 1 objects input, 1 objects tracked!
I1014 10:37:13.514602  3984 work_track.cpp:148] Frame: 107, track bbox: [158 x 211 from (248.616, 127.733)], gid: 0, lid: 0
I1014 10:37:13.514638  3984 work_thread.hpp:88]  [T-Work-Detect_0] Frame :107 split
I1014 10:37:13.514657  3984 work_thread.hpp:120]  [T-Work-Detect_0] Valid piece: gid = 0
I1014 10:37:13.514674  3984 work_thread.hpp:92]  [T-Work-Detect_0] Push to split queue:recog
I1014 10:37:13.514721  3985 work_thread.hpp:81]  [T-Work-Recog_0] Run work: WorkCapture
I1014 10:37:13.515259  3985 work_thread.hpp:81]  [T-Work-Recog_0] Run work: WorkRecog
I1014 10:37:13.515281  3985 work_recog.hpp:89] Face id: 0 will run recog: bbox [158 x 211 from (249, 130)] quality: 0.450585
I1014 10:37:13.515307  3985 work_recog.hpp:96] Recog pair: [224 x 272 from (216, 88)], [158 x 211 from (33, 42)]
I1014 10:37:13.518548  3987 thread_intergrate.hpp:94] T-Intergrate-intergrate Try push queue sorting again 5 vs 5
I1014 10:37:13.528666  3987 thread_intergrate.hpp:94] T-Intergrate-intergrate Try push queue sorting again 5 vs 5
I1014 10:37:13.532676  3985 work_thread.hpp:81]  [T-Work-Recog_0] Run work: WorkCompare
I1014 10:37:13.532752  3985 work_compare.cpp:76] Compare face: 0 successed, similarity :0.97391, name : images/thanglmb.jpg, normal size : 640 * 360!
I1014 10:37:13.538791  3987 thread_intergrate.hpp:94] T-Intergrate-intergrate Try push queue sorting again 5 vs 5
I1014 10:37:13.543438  3981 demo_inner.hpp:177] decode queue size 0
I1014 10:37:13.543545  3984 work_thread.hpp:81]  [T-Work-Detect_0] Run work: WorkDetect
I1014 10:37:13.543581  3984 work_detect.cpp:102] Succeeded to add det start for frame 108
I1014 10:37:13.548923  3987 thread_intergrate.hpp:94] T-Intergrate-intergrate Try push queue sorting again 5 vs 5
I1014 10:37:13.550215  3984 work_detect.cpp:70] Frame :108 detect result :1 face(s)
I1014 10:37:13.550237  3984 work_detect.cpp:86] Detected bbox: [160 x 206 from (249, 135)]
I1014 10:37:13.550279  3984 work_detect.cpp:120] Succeeded to add det end for frame 108
I1014 10:37:13.550295  3984 work_thread.hpp:81]  [T-Work-Detect_0] Run work: WrokTrack
I1014 10:37:13.550318  3984 work_track.cpp:82] Frame: 108 build input_characts: [0.25 x 0.572222 from (0.389062, 0.375)], 1.00035, 0
I1014 10:37:13.550374  3984 work_track.cpp:102] Succeeded to set track lock for frame 108
I1014 10:37:13.550413  3984 work_track.cpp:116] Succeeded to release track lock for frame 108
I1014 10:37:13.550428  3984 work_track.cpp:120] Track results of frame 108: 1 objects input, 1 objects tracked!
I1014 10:37:13.550446  3984 work_track.cpp:148] Frame: 108, track bbox: [160 x 206 from (248.15, 132.676)], gid: 0, lid: 0
I1014 10:37:13.550482  3984 work_thread.hpp:88]  [T-Work-Detect_0] Frame :108 split
I1014 10:37:13.550500  3984 work_thread.hpp:120]  [T-Work-Detect_0] Valid piece: gid = 0
I1014 10:37:13.550518  3984 work_thread.hpp:92]  [T-Work-Detect_0] Push to split queue:recog
I1014 10:37:13.550643  3985 work_thread.hpp:81]  [T-Work-Recog_0] Run work: WorkCapture
I1014 10:37:13.551184  3985 work_thread.hpp:81]  [T-Work-Recog_0] Run work: WorkRecog
I1014 10:37:13.551206  3985 work_recog.hpp:89] Face id: 0 will run recog: bbox [160 x 206 from (249, 135)] quality: 0.456042
I1014 10:37:13.551234  3985 work_recog.hpp:96] Recog pair: [232 x 272 from (216, 88)], [160 x 206 from (33, 47)]
I1014 10:37:13.559058  3987 thread_intergrate.hpp:94] T-Intergrate-intergrate Try push queue sorting again 5 vs 5
I1014 10:37:13.568672  3985 work_thread.hpp:81]  [T-Work-Recog_0] Run work: WorkCompare
I1014 10:37:13.568774  3985 work_compare.cpp:76] Compare face: 0 successed, similarity :0.970413, name : images/thanglmb.jpg, normal size : 640 * 360!
I1014 10:37:13.569185  3987 thread_intergrate.hpp:94] T-Intergrate-intergrate Try push queue sorting again 5 vs 5
I1014 10:37:13.573683  3981 demo_inner.hpp:177] decode queue size 0
I1014 10:37:13.573796  3984 work_thread.hpp:81]  [T-Work-Detect_0] Run work: WorkDetect
I1014 10:37:13.573829  3984 work_detect.cpp:102] Succeeded to add det start for frame 109
I1014 10:37:13.579293  3987 thread_intergrate.hpp:94] T-Intergrate-intergrate Try push queue sorting again 5 vs 5
I1014 10:37:13.580437  3984 work_detect.cpp:70] Frame :109 detect result :1 face(s)
I1014 10:37:13.580462  3984 work_detect.cpp:86] Detected bbox: [156 x 203 from (251, 137)]
I1014 10:37:13.580510  3984 work_detect.cpp:120] Succeeded to add det end for frame 109
I1014 10:37:13.580528  3984 work_thread.hpp:81]  [T-Work-Detect_0] Run work: WrokTrack
I1014 10:37:13.580550  3984 work_track.cpp:82] Frame: 109 build input_characts: [0.24375 x 0.563889 from (0.392188, 0.380556)], 1.00019, 0
I1014 10:37:13.580606  3984 work_track.cpp:102] Succeeded to set track lock for frame 109
I1014 10:37:13.580646  3984 work_track.cpp:116] Succeeded to release track lock for frame 109
I1014 10:37:13.580660  3984 work_track.cpp:120] Track results of frame 109: 1 objects input, 1 objects tracked!
I1014 10:37:13.580678  3984 work_track.cpp:148] Frame: 109, track bbox: [156 x 203 from (250.98, 136.076)], gid: 0, lid: 0
I1014 10:37:13.580714  3984 work_thread.hpp:88]  [T-Work-Detect_0] Frame :109 split
I1014 10:37:13.580732  3984 work_thread.hpp:120]  [T-Work-Detect_0] Valid piece: gid = 0
I1014 10:37:13.580750  3984 work_thread.hpp:92]  [T-Work-Detect_0] Push to split queue:recog
I1014 10:37:13.580796  3986 work_thread.hpp:81]  [T-Work-Recog_1] Run work: WorkCapture
I1014 10:37:13.581451  3986 work_thread.hpp:81]  [T-Work-Recog_1] Run work: WorkRecog
I1014 10:37:13.581475  3986 work_recog.hpp:89] Face id: 0 will run recog: bbox [156 x 203 from (251, 137)] quality: 0.450585
I1014 10:37:13.581511  3986 work_recog.hpp:96] Recog pair: [224 x 264 from (216, 96)], [156 x 203 from (35, 41)]
I1014 10:37:13.589422  3987 thread_intergrate.hpp:94] T-Intergrate-intergrate Try push queue sorting again 5 vs 5
I1014 10:37:13.599393  3986 work_thread.hpp:81]  [T-Work-Recog_1] Run work: WorkCompare
I1014 10:37:13.599476  3986 work_compare.cpp:76] Compare face: 0 successed, similarity :0.963405, name : images/thanglmb.jpg, normal size : 640 * 360!
I1014 10:37:13.599539  3987 thread_intergrate.hpp:94] T-Intergrate-intergrate Try push queue sorting again 5 vs 5
I1014 10:37:13.609534  3981 demo_inner.hpp:177] decode queue size 0
I1014 10:37:13.609642  3984 work_thread.hpp:81]  [T-Work-Detect_0] Run work: WorkDetect
I1014 10:37:13.609642  3987 thread_intergrate.hpp:94] T-Intergrate-intergrate Try push queue sorting again 5 vs 5
I1014 10:37:13.609678  3984 work_detect.cpp:102] Succeeded to add det start for frame 110
I1014 10:37:13.616299  3984 work_detect.cpp:70] Frame :110 detect result :1 face(s)
I1014 10:37:13.616333  3984 work_detect.cpp:86] Detected bbox: [155 x 204 from (253, 133)]
I1014 10:37:13.616375  3984 work_detect.cpp:120] Succeeded to add det end for frame 110
I1014 10:37:13.616392  3984 work_thread.hpp:81]  [T-Work-Detect_0] Run work: WrokTrack
I1014 10:37:13.616415  3984 work_track.cpp:82] Frame: 110 build input_characts: [0.242188 x 0.566667 from (0.395312, 0.369444)], 1.00019, 0
I1014 10:37:13.616544  3984 work_track.cpp:102] Succeeded to set track lock for frame 110
I1014 10:37:13.616585  3984 work_track.cpp:116] Succeeded to release track lock for frame 110
I1014 10:37:13.616600  3984 work_track.cpp:120] Track results of frame 110: 1 objects input, 1 objects tracked!
I1014 10:37:13.616617  3984 work_track.cpp:148] Frame: 110, track bbox: [155 x 204 from (252.512, 135.477)], gid: 0, lid: 0
I1014 10:37:13.616654  3984 work_thread.hpp:88]  [T-Work-Detect_0] Frame :110 split
I1014 10:37:13.616672  3984 work_thread.hpp:120]  [T-Work-Detect_0] Valid piece: gid = 0
I1014 10:37:13.616690  3984 work_thread.hpp:92]  [T-Work-Detect_0] Push to split queue:recog
I1014 10:37:13.616745  3985 work_thread.hpp:81]  [T-Work-Recog_0] Run work: WorkCapture
I1014 10:37:13.617271  3985 work_thread.hpp:81]  [T-Work-Recog_0] Run work: WorkRecog
I1014 10:37:13.617295  3985 work_recog.hpp:89] Face id: 0 will run recog: bbox [155 x 204 from (253, 133)] quality: 0.456042
I1014 10:37:13.617321  3985 work_recog.hpp:96] Recog pair: [224 x 272 from (216, 88)], [155 x 204 from (37, 45)]
I1014 10:37:13.619753  3987 thread_intergrate.hpp:94] T-Intergrate-intergrate Try push queue sorting again 5 vs 5
I1014 10:37:13.629853  3987 thread_intergrate.hpp:94] T-Intergrate-intergrate Try push queue sorting again 5 vs 5
I1014 10:37:13.634729  3985 work_thread.hpp:81]  [T-Work-Recog_0] Run work: WorkCompare
I1014 10:37:13.634816  3985 work_compare.cpp:76] Compare face: 0 successed, similarity :0.96768, name : images/thanglmb.jpg, normal size : 640 * 360!
I1014 10:37:13.639679  3981 demo_inner.hpp:177] decode queue size 0
I1014 10:37:13.639776  3984 work_thread.hpp:81]  [T-Work-Detect_0] Run work: WorkDetect
I1014 10:37:13.639811  3984 work_detect.cpp:102] Succeeded to add det start for frame 111
I1014 10:37:13.639967  3987 thread_intergrate.hpp:94] T-Intergrate-intergrate Try push queue sorting again 5 vs 5
I1014 10:37:13.646442  3984 work_detect.cpp:70] Frame :111 detect result :1 face(s)
I1014 10:37:13.646477  3984 work_detect.cpp:86] Detected bbox: [156 x 203 from (251, 135)]
I1014 10:37:13.646520  3984 work_detect.cpp:120] Succeeded to add det end for frame 111
I1014 10:37:13.646538  3984 work_thread.hpp:81]  [T-Work-Detect_0] Run work: WrokTrack
I1014 10:37:13.646559  3984 work_track.cpp:82] Frame: 111 build input_characts: [0.24375 x 0.563889 from (0.392188, 0.375)], 1.00019, 0
I1014 10:37:13.646615  3984 work_track.cpp:102] Succeeded to set track lock for frame 111
I1014 10:37:13.646654  3984 work_track.cpp:116] Succeeded to release track lock for frame 111
I1014 10:37:13.646669  3984 work_track.cpp:120] Track results of frame 111: 1 objects input, 1 objects tracked!
I1014 10:37:13.646687  3984 work_track.cpp:148] Frame: 111, track bbox: [156 x 203 from (252.116, 136.146)], gid: 0, lid: 0
I1014 10:37:13.646723  3984 work_thread.hpp:88]  [T-Work-Detect_0] Frame :111 split
I1014 10:37:13.646741  3984 work_thread.hpp:120]  [T-Work-Detect_0] Valid piece: gid = 0
I1014 10:37:13.646759  3984 work_thread.hpp:92]  [T-Work-Detect_0] Push to split queue:recog
I1014 10:37:13.646805  3986 work_thread.hpp:81]  [T-Work-Recog_1] Run work: WorkCapture
I1014 10:37:13.647526  3986 work_thread.hpp:81]  [T-Work-Recog_1] Run work: WorkRecog
I1014 10:37:13.647550  3986 work_recog.hpp:89] Face id: 0 will run recog: bbox [156 x 203 from (251, 135)] quality: 0.450847
I1014 10:37:13.647585  3986 work_recog.hpp:96] Recog pair: [224 x 272 from (216, 88)], [156 x 203 from (35, 47)]
I1014 10:37:13.650066  3987 thread_intergrate.hpp:94] T-Intergrate-intergrate Try push queue sorting again 5 vs 5
I1014 10:37:13.660179  3987 thread_intergrate.hpp:94] T-Intergrate-intergrate Try push queue sorting again 5 vs 5
I1014 10:37:13.665429  3986 work_thread.hpp:81]  [T-Work-Recog_1] Run work: WorkCompare
I1014 10:37:13.665514  3986 work_compare.cpp:76] Compare face: 0 successed, similarity :0.967451, name : images/thanglmb.jpg, normal size : 640 * 360!
I1014 10:37:13.670285  3987 thread_intergrate.hpp:94] T-Intergrate-intergrate Try push queue sorting again 5 vs 5
I1014 10:37:13.675424  3981 demo_inner.hpp:177] decode queue size 0
I1014 10:37:13.675518  3984 work_thread.hpp:81]  [T-Work-Detect_0] Run work: WorkDetect
I1014 10:37:13.675551  3984 work_detect.cpp:102] Succeeded to add det start for frame 112
I1014 10:37:13.675660  3986 work_thread.hpp:103]  [T-Work-Recog_1] Try to push queue compare again 8 vs 8
I1014 10:37:13.680493  3987 thread_intergrate.hpp:94] T-Intergrate-intergrate Try push queue sorting again 5 vs 5
I1014 10:37:13.682260  3984 work_detect.cpp:70] Frame :112 detect result :1 face(s)
I1014 10:37:13.682281  3984 work_detect.cpp:86] Detected bbox: [157 x 212 from (251, 130)]
I1014 10:37:13.682322  3984 work_detect.cpp:120] Succeeded to add det end for frame 112
I1014 10:37:13.682338  3984 work_thread.hpp:81]  [T-Work-Detect_0] Run work: WrokTrack
I1014 10:37:13.682358  3984 work_track.cpp:82] Frame: 112 build input_characts: [0.245312 x 0.588889 from (0.392188, 0.361111)], 1.00019, 0
I1014 10:37:13.682413  3984 work_track.cpp:102] Succeeded to set track lock for frame 112
I1014 10:37:13.682453  3984 work_track.cpp:116] Succeeded to release track lock for frame 112
I1014 10:37:13.682468  3984 work_track.cpp:120] Track results of frame 112: 1 objects input, 1 objects tracked!
I1014 10:37:13.682485  3984 work_track.cpp:148] Frame: 112, track bbox: [157 x 212 from (251.329, 130.205)], gid: 0, lid: 0
I1014 10:37:13.682520  3984 work_thread.hpp:88]  [T-Work-Detect_0] Frame :112 split
I1014 10:37:13.682538  3984 work_thread.hpp:120]  [T-Work-Detect_0] Valid piece: gid = 0
I1014 10:37:13.682556  3984 work_thread.hpp:92]  [T-Work-Detect_0] Push to split queue:recog
I1014 10:37:13.682606  3985 work_thread.hpp:81]  [T-Work-Recog_0] Run work: WorkCapture
I1014 10:37:13.683135  3985 work_thread.hpp:81]  [T-Work-Recog_0] Run work: WorkRecog
I1014 10:37:13.683157  3985 work_recog.hpp:89] Face id: 0 will run recog: bbox [157 x 212 from (251, 130)] quality: 0.471312
I1014 10:37:13.683184  3985 work_recog.hpp:96] Recog pair: [224 x 272 from (216, 88)], [157 x 212 from (35, 42)]
I1014 10:37:13.685788  3986 work_thread.hpp:103]  [T-Work-Recog_1] Try to push queue compare again 8 vs 8
I1014 10:37:13.690615  3987 thread_intergrate.hpp:94] T-Intergrate-intergrate Try push queue sorting again 5 vs 5
I1014 10:37:13.692947  3984 work_thread.hpp:103]  [T-Work-Detect_0] Try to push queue frame again 8 vs 8
I1014 10:37:13.695880  3986 work_thread.hpp:103]  [T-Work-Recog_1] Try to push queue compare again 8 vs 8
I1014 10:37:13.700528  3985 work_thread.hpp:81]  [T-Work-Recog_0] Run work: WorkCompare
I1014 10:37:13.700604  3985 work_compare.cpp:76] Compare face: 0 successed, similarity :0.961101, name : images/thanglmb.jpg, normal size : 640 * 360!
I1014 10:37:13.700713  3987 thread_intergrate.hpp:94] T-Intergrate-intergrate Try push queue sorting again 5 vs 5
I1014 10:37:13.703038  3984 work_thread.hpp:103]  [T-Work-Detect_0] Try to push queue frame again 8 vs 8
I1014 10:37:13.705696  3981 demo_inner.hpp:177] decode queue size 0
I1014 10:37:13.705987  3986 work_thread.hpp:103]  [T-Work-Recog_1] Try to push queue compare again 8 vs 8
I1014 10:37:13.710717  3985 work_thread.hpp:103]  [T-Work-Recog_0] Try to push queue compare again 8 vs 8
I1014 10:37:13.710808  3987 thread_intergrate.hpp:94] T-Intergrate-intergrate Try push queue sorting again 5 vs 5
I1014 10:37:13.713124  3984 work_thread.hpp:103]  [T-Work-Detect_0] Try to push queue frame again 8 vs 8
I1014 10:37:13.716091  3986 work_thread.hpp:103]  [T-Work-Recog_1] Try to push queue compare again 8 vs 8
I1014 10:37:13.720806  3985 work_thread.hpp:103]  [T-Work-Recog_0] Try to push queue compare again 8 vs 8
I1014 10:37:13.720902  3987 thread_intergrate.hpp:94] T-Intergrate-intergrate Try push queue sorting again 5 vs 5
I1014 10:37:13.723204  3984 work_thread.hpp:103]  [T-Work-Detect_0] Try to push queue frame again 8 vs 8
I1014 10:37:13.726188  3986 work_thread.hpp:103]  [T-Work-Recog_1] Try to push queue compare again 8 vs 8
I1014 10:37:13.730896  3985 work_thread.hpp:103]  [T-Work-Recog_0] Try to push queue compare again 8 vs 8
I1014 10:37:13.730991  3987 thread_intergrate.hpp:94] T-Intergrate-intergrate Try push queue sorting again 5 vs 5
I1014 10:37:13.733292  3984 work_thread.hpp:103]  [T-Work-Detect_0] Try to push queue frame again 8 vs 8
I1014 10:37:13.736284  3986 work_thread.hpp:103]  [T-Work-Recog_1] Try to push queue compare again 8 vs 8
I1014 10:37:13.741080  3985 work_thread.hpp:103]  [T-Work-Recog_0] Try to push queue compare again 8 vs 8
I1014 10:37:13.741093  3987 thread_intergrate.hpp:94] T-Intergrate-intergrate Try push queue sorting again 5 vs 5
I1014 10:37:13.741473  3981 demo_inner.hpp:177] decode queue size 1
I1014 10:37:13.743382  3984 work_thread.hpp:103]  [T-Work-Detect_0] Try to push queue frame again 8 vs 8
I1014 10:37:13.746445  3986 work_thread.hpp:103]  [T-Work-Recog_1] Try to push queue compare again 8 vs 8
I1014 10:37:13.751201  3985 work_thread.hpp:103]  [T-Work-Recog_0] Try to push queue compare again 8 vs 8
I1014 10:37:13.751219  3987 thread_intergrate.hpp:94] T-Intergrate-intergrate Try push queue sorting again 5 vs 5
I1014 10:37:13.753465  3984 work_thread.hpp:103]  [T-Work-Detect_0] Try to push queue frame again 8 vs 8
I1014 10:37:13.756546  3986 work_thread.hpp:103]  [T-Work-Recog_1] Try to push queue compare again 8 vs 8
I1014 10:37:13.761281  3985 work_thread.hpp:103]  [T-Work-Recog_0] Try to push queue compare again 8 vs 8
I1014 10:37:13.761307  3987 thread_intergrate.hpp:94] T-Intergrate-intergrate Try push queue sorting again 5 vs 5
I1014 10:37:13.763545  3984 work_thread.hpp:103]  [T-Work-Detect_0] Try to push queue frame again 8 vs 8
I1014 10:37:13.766631  3986 work_thread.hpp:103]  [T-Work-Recog_1] Try to push queue compare again 8 vs 8
I1014 10:37:13.770684  3982 demo_inner.hpp:260]  gui queue size 10, state = running
I1014 10:37:13.771070  3983 demo_inner.hpp:435] thread [SORT-0]  frame id 98 sorting queue size 0   FPS: 23.534
I1014 10:37:13.771378  3985 work_thread.hpp:103]  [T-Work-Recog_0] Try to push queue compare again 8 vs 8
I1014 10:37:13.771486  3983 demo_inner.hpp:435] thread [SORT-0]  frame id 99 sorting queue size 1   FPS: 23.8654
I1014 10:37:13.771771  3983 demo_inner.hpp:435] thread [SORT-0]  frame id 100 sorting queue size 2   FPS: 24.1967
I1014 10:37:13.772100  3983 demo_inner.hpp:435] thread [SORT-0]  frame id 101 sorting queue size 3   FPS: 24.4882
I1014 10:37:13.772424  3982 demo_inner.hpp:260]  gui queue size 3, state = running
I1014 10:37:13.772444  3983 demo_inner.hpp:435] thread [SORT-0]  frame id 102 sorting queue size 0   FPS: 24.8472
I1014 10:37:13.772528  3987 thread_intergrate.hpp:78] [T-Intergrate-intergrate] queue: frame output frame :104
I1014 10:37:13.772552  3984 work_thread.hpp:81]  [T-Work-Detect_0] Run work: WorkDetect
I1014 10:37:13.772559  3987 thread_intergrate.hpp:85] [T-Intergrate-intergrate] queue: compare output face:0
I1014 10:37:13.772578  3987 thread_intergrate.hpp:134] T-Intergrate-intergrate set matched face: 0
I1014 10:37:13.772580  3984 work_detect.cpp:102] Succeeded to add det start for frame 113
I1014 10:37:13.773813  3987 thread_intergrate.hpp:154] T-Intergrate-intergrate Show face :0, size :640 * 360
I1014 10:37:13.773983  3987 thread_intergrate.hpp:78] [T-Intergrate-intergrate] queue: frame output frame :105
I1014 10:37:13.774015  3987 thread_intergrate.hpp:85] [T-Intergrate-intergrate] queue: compare output face:0
I1014 10:37:13.774034  3987 thread_intergrate.hpp:134] T-Intergrate-intergrate set matched face: 0
I1014 10:37:13.774076  3982 demo_inner.hpp:260]  gui queue size 0, state = running
I1014 10:37:13.775233  3987 thread_intergrate.hpp:154] T-Intergrate-intergrate Show face :0, size :640 * 360
I1014 10:37:13.775400  3987 thread_intergrate.hpp:78] [T-Intergrate-intergrate] queue: frame output frame :106
I1014 10:37:13.775424  3987 thread_intergrate.hpp:85] [T-Intergrate-intergrate] queue: compare output face:0
I1014 10:37:13.775441  3987 thread_intergrate.hpp:134] T-Intergrate-intergrate set matched face: 0
I1014 10:37:13.776651  3987 thread_intergrate.hpp:154] T-Intergrate-intergrate Show face :0, size :640 * 360
I1014 10:37:13.776880  3987 thread_intergrate.hpp:78] [T-Intergrate-intergrate] queue: frame output frame :107
I1014 10:37:13.776903  3987 thread_intergrate.hpp:85] [T-Intergrate-intergrate] queue: compare output face:0
I1014 10:37:13.776921  3987 thread_intergrate.hpp:134] T-Intergrate-intergrate set matched face: 0
I1014 10:37:13.777384  3981 demo_inner.hpp:177] decode queue size 0
