I1014 10:27:55.110555  3862 work_thread.hpp:81]  [T-Work-Recog_0] Run work: WorkRecog
I1014 10:27:55.110580  3862 work_recog.hpp:89] Face id: 1 will run recog: bbox [160 x 193 from (224, 0)] quality: 0.465021
I1014 10:27:55.110610  3862 work_recog.hpp:96] Recog pair: [224 x 272 from (192, 0)], [160 x 193 from (32, 0)]
I1014 10:27:55.111527  3864 thread_intergrate.hpp:154] T-Intergrate-intergrate Show face :1, size :640 * 360
I1014 10:27:55.112231  3860 demo_inner.hpp:435] thread [SORT-0]  frame id 99 sorting queue size 1   FPS: 29.9166
I1014 10:27:55.122205  3859 demo_inner.hpp:260]  gui queue size 1, state = running
I1014 10:27:55.128756  3862 work_thread.hpp:81]  [T-Work-Recog_0] Run work: WorkCompare
I1014 10:27:55.128868  3862 work_compare.cpp:76] Compare face: 1 successed, similarity :0.984986, name : images/thanglmb.jpg, normal size : 640 * 360!
I1014 10:27:55.133461  3858 demo_inner.hpp:177] decode queue size 0
I1014 10:27:55.133554  3861 work_thread.hpp:81]  [T-Work-Detect_0] Run work: WorkDetect
I1014 10:27:55.133587  3861 work_detect.cpp:102] Succeeded to add det start for frame 100
I1014 10:27:55.140341  3861 work_detect.cpp:70] Frame :100 detect result :1 face(s)
I1014 10:27:55.140385  3861 work_detect.cpp:86] Detected bbox: [159 x 188 from (224, 4)]
I1014 10:27:55.140429  3861 work_detect.cpp:120] Succeeded to add det end for frame 100
I1014 10:27:55.140445  3861 work_thread.hpp:81]  [T-Work-Detect_0] Run work: WrokTrack
I1014 10:27:55.140470  3861 work_track.cpp:82] Frame: 100 build input_characts: [0.248437 x 0.522222 from (0.35, 0.0111111)], 1.00019, 0
I1014 10:27:55.140525  3861 work_track.cpp:102] Succeeded to set track lock for frame 100
I1014 10:27:55.140565  3861 work_track.cpp:116] Succeeded to release track lock for frame 100
I1014 10:27:55.140580  3861 work_track.cpp:120] Track results of frame 100: 1 objects input, 1 objects tracked!
I1014 10:27:55.140597  3861 work_track.cpp:148] Frame: 100, track bbox: [159 x 188 from (221.533, 2.15106)], gid: 1, lid: 0
I1014 10:27:55.140632  3861 work_thread.hpp:88]  [T-Work-Detect_0] Frame :100 split
I1014 10:27:55.140650  3861 work_thread.hpp:120]  [T-Work-Detect_0] Valid piece: gid = 1
I1014 10:27:55.140668  3861 work_thread.hpp:92]  [T-Work-Detect_0] Push to split queue:recog
I1014 10:27:55.140712  3863 work_thread.hpp:81]  [T-Work-Recog_1] Run work: WorkCapture
I1014 10:27:55.140719  3864 thread_intergrate.hpp:78] [T-Intergrate-intergrate] queue: frame output frame :100
I1014 10:27:55.140746  3864 thread_intergrate.hpp:85] [T-Intergrate-intergrate] queue: compare output face:1
I1014 10:27:55.140765  3864 thread_intergrate.hpp:134] T-Intergrate-intergrate set matched face: 1
I1014 10:27:55.141319  3863 work_thread.hpp:81]  [T-Work-Recog_1] Run work: WorkRecog
I1014 10:27:55.141345  3863 work_recog.hpp:89] Face id: 1 will run recog: bbox [159 x 188 from (224, 4)] quality: 0.449276
I1014 10:27:55.141376  3863 work_recog.hpp:96] Recog pair: [224 x 264 from (192, 0)], [159 x 188 from (32, 4)]
I1014 10:27:55.141930  3864 thread_intergrate.hpp:154] T-Intergrate-intergrate Show face :1, size :640 * 360
I1014 10:27:55.142441  3860 demo_inner.hpp:435] thread [SORT-0]  frame id 100 sorting queue size 0   FPS: 30.0049
I1014 10:27:55.159293  3863 work_thread.hpp:81]  [T-Work-Recog_1] Run work: WorkCompare
I1014 10:27:55.159415  3863 work_compare.cpp:76] Compare face: 1 successed, similarity :0.986099, name : images/thanglmb.jpg, normal size : 640 * 360!
I1014 10:27:55.169018  3858 demo_inner.hpp:177] decode queue size 0
I1014 10:27:55.169128  3861 work_thread.hpp:81]  [T-Work-Detect_0] Run work: WorkDetect
I1014 10:27:55.169167  3861 work_detect.cpp:102] Succeeded to add det start for frame 101
I1014 10:27:55.175982  3861 work_detect.cpp:70] Frame :101 detect result :1 face(s)
I1014 10:27:55.176025  3861 work_detect.cpp:86] Detected bbox: [160 x 190 from (223, 3)]
I1014 10:27:55.176067  3861 work_detect.cpp:120] Succeeded to add det end for frame 101
I1014 10:27:55.176084  3861 work_thread.hpp:81]  [T-Work-Detect_0] Run work: WrokTrack
I1014 10:27:55.176112  3861 work_track.cpp:82] Frame: 101 build input_characts: [0.25 x 0.527778 from (0.348437, 0.00833333)], 0.998681, 0
I1014 10:27:55.176184  3861 work_track.cpp:102] Succeeded to set track lock for frame 101
I1014 10:27:55.176225  3861 work_track.cpp:116] Succeeded to release track lock for frame 101
I1014 10:27:55.176240  3861 work_track.cpp:120] Track results of frame 101: 1 objects input, 1 objects tracked!
I1014 10:27:55.176331  3861 work_track.cpp:148] Frame: 101, track bbox: [160 x 190 from (220.491, 1.32338)], gid: 1, lid: 0
I1014 10:27:55.176368  3861 work_thread.hpp:88]  [T-Work-Detect_0] Frame :101 split
I1014 10:27:55.176386  3861 work_thread.hpp:120]  [T-Work-Detect_0] Valid piece: gid = 1
I1014 10:27:55.176404  3861 work_thread.hpp:92]  [T-Work-Detect_0] Push to split queue:recog
I1014 10:27:55.176456  3862 work_thread.hpp:81]  [T-Work-Recog_0] Run work: WorkCapture
I1014 10:27:55.176757  3864 thread_intergrate.hpp:78] [T-Intergrate-intergrate] queue: frame output frame :101
I1014 10:27:55.176785  3864 thread_intergrate.hpp:85] [T-Intergrate-intergrate] queue: compare output face:1
I1014 10:27:55.176805  3864 thread_intergrate.hpp:134] T-Intergrate-intergrate set matched face: 1
I1014 10:27:55.177016  3862 work_thread.hpp:81]  [T-Work-Recog_0] Run work: WorkRecog
I1014 10:27:55.177040  3862 work_recog.hpp:89] Face id: 1 will run recog: bbox [160 x 190 from (223, 3)] quality: 0.437786
I1014 10:27:55.177068  3862 work_recog.hpp:96] Recog pair: [232 x 272 from (184, 0)], [160 x 190 from (39, 3)]
I1014 10:27:55.177974  3864 thread_intergrate.hpp:154] T-Intergrate-intergrate Show face :1, size :640 * 360
I1014 10:27:55.178540  3860 demo_inner.hpp:435] thread [SORT-0]  frame id 101 sorting queue size 1   FPS: 29.9166
I1014 10:27:55.194775  3862 work_thread.hpp:81]  [T-Work-Recog_0] Run work: WorkCompare
I1014 10:27:55.194883  3862 work_compare.cpp:76] Compare face: 1 successed, similarity :0.988302, name : images/thanglmb.jpg, normal size : 640 * 360!
I1014 10:27:55.199250  3858 demo_inner.hpp:177] decode queue size 0
I1014 10:27:55.199329  3861 work_thread.hpp:81]  [T-Work-Detect_0] Run work: WorkDetect
I1014 10:27:55.199362  3861 work_detect.cpp:102] Succeeded to add det start for frame 102
I1014 10:27:55.201257  3859 demo_inner.hpp:260]  gui queue size 1, state = running
I1014 10:27:55.206282  3861 work_detect.cpp:70] Frame :102 detect result :2 face(s)
I1014 10:27:55.206336  3861 work_detect.cpp:86] Detected bbox: [139 x 169 from (232, 22)]
I1014 10:27:55.206368  3861 work_detect.cpp:86] Detected bbox: [25 x 48 from (439, 107)]
I1014 10:27:55.206398  3861 work_detect.cpp:120] Succeeded to add det end for frame 102
I1014 10:27:55.206415  3861 work_thread.hpp:81]  [T-Work-Detect_0] Run work: WrokTrack
I1014 10:27:55.206439  3861 work_track.cpp:82] Frame: 102 build input_characts: [0.217187 x 0.469444 from (0.3625, 0.0611111)], 0.999622, 0
I1014 10:27:55.206495  3861 work_track.cpp:82] Frame: 102 build input_characts: [0.0390625 x 0.133333 from (0.685938, 0.297222)], 0.920305, 1
I1014 10:27:55.206529  3861 work_track.cpp:102] Succeeded to set track lock for frame 102
I1014 10:27:55.206575  3861 work_track.cpp:116] Succeeded to release track lock for frame 102
I1014 10:27:55.206590  3861 work_track.cpp:120] Track results of frame 102: 2 objects input, 1 objects tracked!
I1014 10:27:55.206609  3861 work_track.cpp:148] Frame: 102, track bbox: [139 x 169 from (231.379, 17.1437)], gid: 1, lid: 0
I1014 10:27:55.206643  3861 work_track.cpp:162] Frame: 102 lid: 1 not tracked, will set invalid
I1014 10:27:55.206658  3861 work_thread.hpp:88]  [T-Work-Detect_0] Frame :102 split
I1014 10:27:55.206676  3861 work_thread.hpp:120]  [T-Work-Detect_0] Valid piece: gid = 1
I1014 10:27:55.206693  3861 work_thread.hpp:124]  [T-Work-Detect_0] Invalid piece: lid = 1, drop it
I1014 10:27:55.206708  3861 work_thread.hpp:92]  [T-Work-Detect_0] Push to split queue:recog
I1014 10:27:55.206758  3863 work_thread.hpp:81]  [T-Work-Recog_1] Run work: WorkCapture
I1014 10:27:55.206759  3864 thread_intergrate.hpp:78] [T-Intergrate-intergrate] queue: frame output frame :102
I1014 10:27:55.206804  3864 thread_intergrate.hpp:85] [T-Intergrate-intergrate] queue: compare output face:1
I1014 10:27:55.206822  3864 thread_intergrate.hpp:134] T-Intergrate-intergrate set matched face: 1
I1014 10:27:55.207587  3863 work_thread.hpp:81]  [T-Work-Recog_1] Run work: WorkRecog
I1014 10:27:55.207630  3863 work_recog.hpp:89] Face id: 1 will run recog: bbox [139 x 169 from (232, 22)] quality: 0.286112
I1014 10:27:55.207990  3863 work_recog.hpp:96] Recog pair: [200 x 240 from (200, 0)], [139 x 169 from (32, 22)]
I1014 10:27:55.208041  3864 thread_intergrate.hpp:154] T-Intergrate-intergrate Show face :1, size :640 * 360
I1014 10:27:55.208586  3860 demo_inner.hpp:435] thread [SORT-0]  frame id 102 sorting queue size 0   FPS: 30.0049
I1014 10:27:55.225675  3863 work_thread.hpp:81]  [T-Work-Recog_1] Run work: WorkCompare
I1014 10:27:55.225850  3863 work_compare.cpp:76] Compare face: 1 successed, similarity :0.977187, name : images/thanglmb.jpg, normal size : 640 * 360!
I1014 10:27:55.235070  3858 demo_inner.hpp:177] decode queue size 0
I1014 10:27:55.235179  3861 work_thread.hpp:81]  [T-Work-Detect_0] Run work: WorkDetect
I1014 10:27:55.235226  3861 work_detect.cpp:102] Succeeded to add det start for frame 103
I1014 10:27:55.241999  3861 work_detect.cpp:70] Frame :103 detect result :2 face(s)
I1014 10:27:55.242046  3861 work_detect.cpp:86] Detected bbox: [142 x 168 from (230, 23)]
I1014 10:27:55.242079  3861 work_detect.cpp:86] Detected bbox: [24 x 47 from (440, 107)]
I1014 10:27:55.242108  3861 work_detect.cpp:120] Succeeded to add det end for frame 103
I1014 10:27:55.242125  3861 work_thread.hpp:81]  [T-Work-Detect_0] Run work: WrokTrack
I1014 10:27:55.242148  3861 work_track.cpp:82] Frame: 103 build input_characts: [0.221875 x 0.466667 from (0.359375, 0.0638889)], 0.999622, 0
I1014 10:27:55.242202  3861 work_track.cpp:82] Frame: 103 build input_characts: [0.0375 x 0.130556 from (0.6875, 0.297222)], 0.909375, 1
I1014 10:27:55.242238  3861 work_track.cpp:102] Succeeded to set track lock for frame 103
I1014 10:27:55.242282  3861 work_track.cpp:116] Succeeded to release track lock for frame 103
I1014 10:27:55.242297  3861 work_track.cpp:120] Track results of frame 103: 2 objects input, 1 objects tracked!
I1014 10:27:55.242314  3861 work_track.cpp:148] Frame: 103, track bbox: [142 x 168 from (229.529, 22.3801)], gid: 1, lid: 0
I1014 10:27:55.242349  3861 work_track.cpp:162] Frame: 103 lid: 1 not tracked, will set invalid
I1014 10:27:55.242365  3861 work_thread.hpp:88]  [T-Work-Detect_0] Frame :103 split
I1014 10:27:55.242383  3861 work_thread.hpp:120]  [T-Work-Detect_0] Valid piece: gid = 1
I1014 10:27:55.242400  3861 work_thread.hpp:124]  [T-Work-Detect_0] Invalid piece: lid = 1, drop it
I1014 10:27:55.242415  3861 work_thread.hpp:92]  [T-Work-Detect_0] Push to split queue:recog
I1014 10:27:55.242460  3864 thread_intergrate.hpp:78] [T-Intergrate-intergrate] queue: frame output frame :103
I1014 10:27:55.242460  3863 work_thread.hpp:81]  [T-Work-Recog_1] Run work: WorkCapture
I1014 10:27:55.242488  3864 thread_intergrate.hpp:85] [T-Intergrate-intergrate] queue: compare output face:1
I1014 10:27:55.242507  3864 thread_intergrate.hpp:134] T-Intergrate-intergrate set matched face: 1
I1014 10:27:55.243175  3863 work_thread.hpp:81]  [T-Work-Recog_1] Run work: WorkRecog
I1014 10:27:55.243201  3863 work_recog.hpp:89] Face id: 1 will run recog: bbox [142 x 168 from (230, 23)] quality: 0.25201
I1014 10:27:55.243232  3863 work_recog.hpp:96] Recog pair: [200 x 240 from (200, 0)], [142 x 168 from (30, 23)]
I1014 10:27:55.243675  3864 thread_intergrate.hpp:154] T-Intergrate-intergrate Show face :1, size :640 * 360
I1014 10:27:55.244207  3860 demo_inner.hpp:435] thread [SORT-0]  frame id 103 sorting queue size 1   FPS: 29.9313
I1014 10:27:55.261310  3863 work_thread.hpp:81]  [T-Work-Recog_1] Run work: WorkCompare
I1014 10:27:55.261430  3863 work_compare.cpp:76] Compare face: 1 successed, similarity :0.939768, name : images/thanglmb.jpg, normal size : 640 * 360!
I1014 10:27:55.265336  3858 demo_inner.hpp:177] decode queue size 0
I1014 10:27:55.265424  3861 work_thread.hpp:81]  [T-Work-Detect_0] Run work: WorkDetect
I1014 10:27:55.265457  3861 work_detect.cpp:102] Succeeded to add det start for frame 104
I1014 10:27:55.272222  3861 work_detect.cpp:70] Frame :104 detect result :1 face(s)
I1014 10:27:55.272274  3861 work_detect.cpp:86] Detected bbox: [148 x 176 from (224, 20)]
I1014 10:27:55.272426  3861 work_detect.cpp:120] Succeeded to add det end for frame 104
I1014 10:27:55.272444  3861 work_thread.hpp:81]  [T-Work-Detect_0] Run work: WrokTrack
I1014 10:27:55.272469  3861 work_track.cpp:82] Frame: 104 build input_characts: [0.23125 x 0.488889 from (0.35, 0.0555556)], 0.999622, 0
I1014 10:27:55.272529  3861 work_track.cpp:102] Succeeded to set track lock for frame 104
I1014 10:27:55.272572  3861 work_track.cpp:116] Succeeded to release track lock for frame 104
I1014 10:27:55.272586  3861 work_track.cpp:120] Track results of frame 104: 1 objects input, 1 objects tracked!
I1014 10:27:55.272604  3861 work_track.cpp:148] Frame: 104, track bbox: [148 x 176 from (225.056, 20.9569)], gid: 1, lid: 0
I1014 10:27:55.272639  3861 work_thread.hpp:88]  [T-Work-Detect_0] Frame :104 split
I1014 10:27:55.272656  3861 work_thread.hpp:120]  [T-Work-Detect_0] Valid piece: gid = 1
I1014 10:27:55.272675  3861 work_thread.hpp:92]  [T-Work-Detect_0] Push to split queue:recog
I1014 10:27:55.272722  3862 work_thread.hpp:81]  [T-Work-Recog_0] Run work: WorkCapture
I1014 10:27:55.272725  3864 thread_intergrate.hpp:78] [T-Intergrate-intergrate] queue: frame output frame :104
I1014 10:27:55.272755  3864 thread_intergrate.hpp:85] [T-Intergrate-intergrate] queue: compare output face:1
I1014 10:27:55.272774  3864 thread_intergrate.hpp:134] T-Intergrate-intergrate set matched face: 1
I1014 10:27:55.273350  3862 work_thread.hpp:81]  [T-Work-Recog_0] Run work: WorkRecog
I1014 10:27:55.273375  3862 work_recog.hpp:89] Face id: 1 will run recog: bbox [148 x 176 from (224, 20)] quality: 0.286096
I1014 10:27:55.273404  3862 work_recog.hpp:96] Recog pair: [216 x 248 from (192, 0)], [148 x 176 from (32, 20)]
I1014 10:27:55.273949  3864 thread_intergrate.hpp:154] T-Intergrate-intergrate Show face :1, size :640 * 360
I1014 10:27:55.274508  3860 demo_inner.hpp:435] thread [SORT-0]  frame id 104 sorting queue size 2   FPS: 30.0197
I1014 10:27:55.283995  3859 demo_inner.hpp:260]  gui queue size 2, state = running
I1014 10:27:55.291573  3862 work_thread.hpp:81]  [T-Work-Recog_0] Run work: WorkCompare
I1014 10:27:55.291786  3862 work_compare.cpp:76] Compare face: 1 successed, similarity :0.970013, name : images/thanglmb.jpg, normal size : 640 * 360!
I1014 10:27:55.301059  3858 demo_inner.hpp:177] decode queue size 0
I1014 10:27:55.301173  3861 work_thread.hpp:81]  [T-Work-Detect_0] Run work: WorkDetect
I1014 10:27:55.301209  3861 work_detect.cpp:102] Succeeded to add det start for frame 105
I1014 10:27:55.307765  3861 work_detect.cpp:70] Frame :105 detect result :1 face(s)
I1014 10:27:55.307807  3861 work_detect.cpp:86] Detected bbox: [145 x 173 from (226, 22)]
I1014 10:27:55.307848  3861 work_detect.cpp:120] Succeeded to add det end for frame 105
I1014 10:27:55.307865  3861 work_thread.hpp:81]  [T-Work-Detect_0] Run work: WrokTrack
I1014 10:27:55.307889  3861 work_track.cpp:82] Frame: 105 build input_characts: [0.226562 x 0.480556 from (0.353125, 0.0611111)], 1.00019, 0
I1014 10:27:55.307946  3861 work_track.cpp:102] Succeeded to set track lock for frame 105
I1014 10:27:55.307991  3861 work_track.cpp:116] Succeeded to release track lock for frame 105
I1014 10:27:55.308007  3861 work_track.cpp:120] Track results of frame 105: 1 objects input, 1 objects tracked!
I1014 10:27:55.308024  3861 work_track.cpp:148] Frame: 105, track bbox: [145 x 173 from (225.547, 23.7484)], gid: 1, lid: 0
I1014 10:27:55.308059  3861 work_thread.hpp:88]  [T-Work-Detect_0] Frame :105 split
I1014 10:27:55.308076  3861 work_thread.hpp:120]  [T-Work-Detect_0] Valid piece: gid = 1
I1014 10:27:55.308094  3861 work_thread.hpp:92]  [T-Work-Detect_0] Push to split queue:recog
I1014 10:27:55.308138  3864 thread_intergrate.hpp:78] [T-Intergrate-intergrate] queue: frame output frame :105
I1014 10:27:55.308151  3862 work_thread.hpp:81]  [T-Work-Recog_0] Run work: WorkCapture
I1014 10:27:55.308181  3864 thread_intergrate.hpp:85] [T-Intergrate-intergrate] queue: compare output face:1
I1014 10:27:55.308199  3864 thread_intergrate.hpp:134] T-Intergrate-intergrate set matched face: 1
I1014 10:27:55.308756  3862 work_thread.hpp:81]  [T-Work-Recog_0] Run work: WorkRecog
I1014 10:27:55.310456  3862 work_recog.hpp:89] Face id: 1 will run recog: bbox [145 x 173 from (226, 22)] quality: 0.302426
I1014 10:27:55.310493  3862 work_recog.hpp:96] Recog pair: [208 x 248 from (192, 0)], [145 x 173 from (34, 22)]
I1014 10:27:55.311478  3864 thread_intergrate.hpp:154] T-Intergrate-intergrate Show face :1, size :640 * 360
I1014 10:27:55.312067  3860 demo_inner.hpp:435] thread [SORT-0]  frame id 105 sorting queue size 0   FPS: 29.902
I1014 10:27:55.328336  3862 work_thread.hpp:81]  [T-Work-Recog_0] Run work: WorkCompare
I1014 10:27:55.328464  3862 work_compare.cpp:76] Compare face: 1 successed, similarity :0.944383, name : images/thanglmb.jpg, normal size : 640 * 360!
I1014 10:27:55.331487  3858 demo_inner.hpp:177] decode queue size 0
I1014 10:27:55.331563  3861 work_thread.hpp:81]  [T-Work-Detect_0] Run work: WorkDetect
I1014 10:27:55.331595  3861 work_detect.cpp:102] Succeeded to add det start for frame 106
I1014 10:27:55.338407  3861 work_detect.cpp:70] Frame :106 detect result :1 face(s)
I1014 10:27:55.338459  3861 work_detect.cpp:86] Detected bbox: [166 x 193 from (218, 2)]
I1014 10:27:55.338502  3861 work_detect.cpp:120] Succeeded to add det end for frame 106
I1014 10:27:55.338518  3861 work_thread.hpp:81]  [T-Work-Detect_0] Run work: WrokTrack
I1014 10:27:55.338542  3861 work_track.cpp:82] Frame: 106 build input_characts: [0.259375 x 0.536111 from (0.340625, 0.00555556)], 1.00019, 0
I1014 10:27:55.338599  3861 work_track.cpp:102] Succeeded to set track lock for frame 106
I1014 10:27:55.338639  3861 work_track.cpp:116] Succeeded to release track lock for frame 106
I1014 10:27:55.338654  3861 work_track.cpp:120] Track results of frame 106: 1 objects input, 1 objects tracked!
I1014 10:27:55.338670  3861 work_track.cpp:148] Frame: 106, track bbox: [166 x 193 from (215.97, 8.59272)], gid: 1, lid: 0
I1014 10:27:55.338704  3861 work_thread.hpp:88]  [T-Work-Detect_0] Frame :106 split
I1014 10:27:55.338723  3861 work_thread.hpp:120]  [T-Work-Detect_0] Valid piece: gid = 1
I1014 10:27:55.338740  3861 work_thread.hpp:92]  [T-Work-Detect_0] Push to split queue:recog
I1014 10:27:55.338786  3864 thread_intergrate.hpp:78] [T-Intergrate-intergrate] queue: frame output frame :106
I1014 10:27:55.338788  3863 work_thread.hpp:81]  [T-Work-Recog_1] Run work: WorkCapture
I1014 10:27:55.338815  3864 thread_intergrate.hpp:85] [T-Intergrate-intergrate] queue: compare output face:1
I1014 10:27:55.338835  3864 thread_intergrate.hpp:134] T-Intergrate-intergrate set matched face: 1
I1014 10:27:55.339495  3863 work_thread.hpp:81]  [T-Work-Recog_1] Run work: WorkRecog
I1014 10:27:55.339521  3863 work_recog.hpp:89] Face id: 1 will run recog: bbox [166 x 193 from (218, 2)] quality: 0.415257
I1014 10:27:55.339552  3863 work_recog.hpp:96] Recog pair: [240 x 272 from (184, 0)], [166 x 193 from (34, 2)]
I1014 10:27:55.340011  3864 thread_intergrate.hpp:154] T-Intergrate-intergrate Show face :1, size :640 * 360
I1014 10:27:55.340534  3860 demo_inner.hpp:435] thread [SORT-0]  frame id 106 sorting queue size 1   FPS: 30.0049
I1014 10:27:55.350936  3859 demo_inner.hpp:260]  gui queue size 1, state = running
I1014 10:27:55.357954  3863 work_thread.hpp:81]  [T-Work-Recog_1] Run work: WorkCompare
I1014 10:27:55.358103  3863 work_compare.cpp:76] Compare face: 1 successed, similarity :0.976929, name : images/thanglmb.jpg, normal size : 640 * 360!
I1014 10:27:55.367036  3858 demo_inner.hpp:177] decode queue size 0
I1014 10:27:55.367157  3861 work_thread.hpp:81]  [T-Work-Detect_0] Run work: WorkDetect
I1014 10:27:55.367193  3861 work_detect.cpp:102] Succeeded to add det start for frame 107
I1014 10:27:55.373775  3861 work_detect.cpp:70] Frame :107 detect result :1 face(s)
I1014 10:27:55.373818  3861 work_detect.cpp:86] Detected bbox: [147 x 180 from (227, 18)]
I1014 10:27:55.373860  3861 work_detect.cpp:120] Succeeded to add det end for frame 107
I1014 10:27:55.373876  3861 work_thread.hpp:81]  [T-Work-Detect_0] Run work: WrokTrack
I1014 10:27:55.373976  3861 work_track.cpp:82] Frame: 107 build input_characts: [0.229687 x 0.5 from (0.354688, 0.05)], 1.00019, 0
I1014 10:27:55.374034  3861 work_track.cpp:102] Succeeded to set track lock for frame 107
I1014 10:27:55.374075  3861 work_track.cpp:116] Succeeded to release track lock for frame 107
I1014 10:27:55.374090  3861 work_track.cpp:120] Track results of frame 107: 1 objects input, 1 objects tracked!
I1014 10:27:55.374107  3861 work_track.cpp:148] Frame: 107, track bbox: [147 x 180 from (226.255, 14.8473)], gid: 1, lid: 0
I1014 10:27:55.374143  3861 work_thread.hpp:88]  [T-Work-Detect_0] Frame :107 split
I1014 10:27:55.374161  3861 work_thread.hpp:120]  [T-Work-Detect_0] Valid piece: gid = 1
I1014 10:27:55.374178  3861 work_thread.hpp:92]  [T-Work-Detect_0] Push to split queue:recog
I1014 10:27:55.374224  3864 thread_intergrate.hpp:78] [T-Intergrate-intergrate] queue: frame output frame :107
I1014 10:27:55.374224  3863 work_thread.hpp:81]  [T-Work-Recog_1] Run work: WorkCapture
I1014 10:27:55.374254  3864 thread_intergrate.hpp:85] [T-Intergrate-intergrate] queue: compare output face:1
I1014 10:27:55.374272  3864 thread_intergrate.hpp:134] T-Intergrate-intergrate set matched face: 1
I1014 10:27:55.374856  3863 work_thread.hpp:81]  [T-Work-Recog_1] Run work: WorkRecog
I1014 10:27:55.374881  3863 work_recog.hpp:89] Face id: 1 will run recog: bbox [147 x 180 from (227, 18)] quality: 0.286112
I1014 10:27:55.374910  3863 work_recog.hpp:96] Recog pair: [216 x 256 from (192, 0)], [147 x 180 from (35, 18)]
I1014 10:27:55.375442  3864 thread_intergrate.hpp:154] T-Intergrate-intergrate Show face :1, size :640 * 360
I1014 10:27:55.375990  3860 demo_inner.hpp:435] thread [SORT-0]  frame id 107 sorting queue size 0   FPS: 29.946
I1014 10:27:55.392840  3863 work_thread.hpp:81]  [T-Work-Recog_1] Run work: WorkCompare
I1014 10:27:55.392951  3863 work_compare.cpp:76] Compare face: 1 successed, similarity :0.946869, name : images/thanglmb.jpg, normal size : 640 * 360!
I1014 10:27:55.402971  3858 demo_inner.hpp:177] decode queue size 0
I1014 10:27:55.403077  3861 work_thread.hpp:81]  [T-Work-Detect_0] Run work: WorkDetect
I1014 10:27:55.403115  3861 work_detect.cpp:102] Succeeded to add det start for frame 108
I1014 10:27:55.409736  3861 work_detect.cpp:70] Frame :108 detect result :1 face(s)
I1014 10:27:55.409780  3861 work_detect.cpp:86] Detected bbox: [171 x 199 from (217, 0)]
I1014 10:27:55.409822  3861 work_detect.cpp:120] Succeeded to add det end for frame 108
I1014 10:27:55.409838  3861 work_thread.hpp:81]  [T-Work-Detect_0] Run work: WrokTrack
I1014 10:27:55.409862  3861 work_track.cpp:82] Frame: 108 build input_characts: [0.267188 x 0.552778 from (0.339063, 0)], 1.00019, 0
I1014 10:27:55.409917  3861 work_track.cpp:102] Succeeded to set track lock for frame 108
I1014 10:27:55.409956  3861 work_track.cpp:116] Succeeded to release track lock for frame 108
I1014 10:27:55.409971  3861 work_track.cpp:120] Track results of frame 108: 1 objects input, 1 objects tracked!
I1014 10:27:55.409988  3861 work_track.cpp:148] Frame: 108, track bbox: [171 x 199 from (216.015, 2.04506)], gid: 1, lid: 0
I1014 10:27:55.410024  3861 work_thread.hpp:88]  [T-Work-Detect_0] Frame :108 split
I1014 10:27:55.410043  3861 work_thread.hpp:120]  [T-Work-Detect_0] Valid piece: gid = 1
I1014 10:27:55.410060  3861 work_thread.hpp:92]  [T-Work-Detect_0] Push to split queue:recog
I1014 10:27:55.410097  3863 work_thread.hpp:81]  [T-Work-Recog_1] Run work: WorkCapture
I1014 10:27:55.410104  3864 thread_intergrate.hpp:78] [T-Intergrate-intergrate] queue: frame output frame :108
I1014 10:27:55.410130  3864 thread_intergrate.hpp:85] [T-Intergrate-intergrate] queue: compare output face:1
I1014 10:27:55.410148  3864 thread_intergrate.hpp:134] T-Intergrate-intergrate set matched face: 1
I1014 10:27:55.410661  3863 work_thread.hpp:81]  [T-Work-Recog_1] Run work: WorkRecog
I1014 10:27:55.410684  3863 work_recog.hpp:89] Face id: 1 will run recog: bbox [171 x 199 from (217, 0)] quality: 0.415257
I1014 10:27:55.410712  3863 work_recog.hpp:96] Recog pair: [248 x 280 from (176, 0)], [171 x 199 from (41, 0)]
I1014 10:27:55.411321  3864 thread_intergrate.hpp:154] T-Intergrate-intergrate Show face :1, size :640 * 360
I1014 10:27:55.411839  3860 demo_inner.hpp:435] thread [SORT-0]  frame id 108 sorting queue size 1   FPS: 29.9313
I1014 10:27:55.428679  3863 work_thread.hpp:81]  [T-Work-Recog_1] Run work: WorkCompare
I1014 10:27:55.428791  3863 work_compare.cpp:76] Compare face: 1 successed, similarity :0.98928, name : images/thanglmb.jpg, normal size : 640 * 360!
I1014 10:27:55.433277  3858 demo_inner.hpp:177] decode queue size 0
I1014 10:27:55.433357  3861 work_thread.hpp:81]  [T-Work-Detect_0] Run work: WorkDetect
I1014 10:27:55.433389  3861 work_detect.cpp:102] Succeeded to add det start for frame 109
I1014 10:27:55.440084  3861 work_detect.cpp:70] Frame :109 detect result :1 face(s)
W1014 10:27:55.440131  3861 work_detect.cpp:83] Invalid bbox: [172 x 199 from (217, -2)]
I1014 10:27:55.440279  3861 work_detect.cpp:120] Succeeded to add det end for frame 109
I1014 10:27:55.440297  3861 work_thread.hpp:81]  [T-Work-Detect_0] Run work: WrokTrack
I1014 10:27:55.440325  3861 work_track.cpp:102] Succeeded to set track lock for frame 109
I1014 10:27:55.440357  3861 work_track.cpp:116] Succeeded to release track lock for frame 109
I1014 10:27:55.440371  3861 work_track.cpp:120] Track results of frame 109: 0 objects input, 1 objects tracked!
I1014 10:27:55.440388  3861 work_track.cpp:148] Frame: 109, track bbox: [171 x 199 from (216.516, 0.693147)], gid: 1, lid: -1
I1014 10:27:55.440441  3861 work_thread.hpp:88]  [T-Work-Detect_0] Frame :109 split
I1014 10:27:55.440490  3864 thread_intergrate.hpp:78] [T-Intergrate-intergrate] queue: frame output frame :109
I1014 10:27:55.440517  3864 thread_intergrate.hpp:85] [T-Intergrate-intergrate] queue: compare output face:1
I1014 10:27:55.440536  3864 thread_intergrate.hpp:134] T-Intergrate-intergrate set matched face: 1
I1014 10:27:55.441669  3864 thread_intergrate.hpp:154] T-Intergrate-intergrate Show face :1, size :640 * 360
I1014 10:27:55.442245  3860 demo_inner.hpp:435] thread [SORT-0]  frame id 109 sorting queue size 2   FPS: 30.0197
I1014 10:27:55.445924  3859 demo_inner.hpp:260]  gui queue size 2, state = running
I1014 10:27:55.469162  3858 demo_inner.hpp:177] decode queue size 0
I1014 10:27:55.469260  3861 work_thread.hpp:81]  [T-Work-Detect_0] Run work: WorkDetect
I1014 10:27:55.469295  3861 work_detect.cpp:102] Succeeded to add det start for frame 110
I1014 10:27:55.476065  3861 work_detect.cpp:70] Frame :110 detect result :1 face(s)
W1014 10:27:55.476105  3861 work_detect.cpp:83] Invalid bbox: [171 x 200 from (216, -2)]
I1014 10:27:55.476223  3861 work_detect.cpp:120] Succeeded to add det end for frame 110
I1014 10:27:55.476243  3861 work_thread.hpp:81]  [T-Work-Detect_0] Run work: WrokTrack
I1014 10:27:55.476269  3861 work_track.cpp:102] Succeeded to set track lock for frame 110
I1014 10:27:55.476300  3861 work_track.cpp:116] Succeeded to release track lock for frame 110
I1014 10:27:55.476315  3861 work_track.cpp:120] Track results of frame 110: 0 objects input, 0 objects tracked!
I1014 10:27:55.476333  3861 work_thread.hpp:88]  [T-Work-Detect_0] Frame :110 split
I1014 10:27:55.476377  3864 thread_intergrate.hpp:78] [T-Intergrate-intergrate] queue: frame output frame :110
I1014 10:27:55.477465  3864 thread_intergrate.hpp:154] T-Intergrate-intergrate Show face :1, size :640 * 360
I1014 10:27:55.478000  3860 demo_inner.hpp:435] thread [SORT-0]  frame id 110 sorting queue size 0   FPS: 29.9313
I1014 10:27:55.496234  3859 demo_inner.hpp:260]  gui queue size 0, state = running
I1014 10:27:55.503175  3858 demo_inner.hpp:177] decode queue size 0
I1014 10:27:55.503276  3861 work_thread.hpp:81]  [T-Work-Detect_0] Run work: WorkDetect
I1014 10:27:55.503311  3861 work_detect.cpp:102] Succeeded to add det start for frame 111
I1014 10:27:55.509954  3861 work_detect.cpp:70] Frame :111 detect result :1 face(s)
I1014 10:27:55.509996  3861 work_detect.cpp:86] Detected bbox: [145 x 185 from (234, 16)]
I1014 10:27:55.510038  3861 work_detect.cpp:120] Succeeded to add det end for frame 111
I1014 10:27:55.510138  3861 work_thread.hpp:81]  [T-Work-Detect_0] Run work: WrokTrack
I1014 10:27:55.510164  3861 work_track.cpp:82] Frame: 111 build input_characts: [0.226562 x 0.513889 from (0.365625, 0.0444444)], 0.999622, 0
I1014 10:27:55.510221  3861 work_track.cpp:102] Succeeded to set track lock for frame 111
I1014 10:27:55.510260  3861 work_track.cpp:116] Succeeded to release track lock for frame 111
I1014 10:27:55.510274  3861 work_track.cpp:120] Track results of frame 111: 1 objects input, 0 objects tracked!
I1014 10:27:55.510291  3861 work_track.cpp:162] Frame: 111 lid: 0 not tracked, will set invalid
I1014 10:27:55.510308  3861 work_thread.hpp:88]  [T-Work-Detect_0] Frame :111 split
I1014 10:27:55.510324  3861 work_thread.hpp:124]  [T-Work-Detect_0] Invalid piece: lid = 0, drop it
I1014 10:27:55.510365  3864 thread_intergrate.hpp:78] [T-Intergrate-intergrate] queue: frame output frame :111
I1014 10:27:55.511454  3864 thread_intergrate.hpp:154] T-Intergrate-intergrate Show face :1, size :640 * 360
I1014 10:27:55.512014  3860 demo_inner.hpp:435] thread [SORT-0]  frame id 111 sorting queue size 0   FPS: 29.9607
I1014 10:27:55.536849  3858 demo_inner.hpp:177] decode queue size 0
I1014 10:27:55.536978  3861 work_thread.hpp:81]  [T-Work-Detect_0] Run work: WorkDetect
I1014 10:27:55.537014  3861 work_detect.cpp:102] Succeeded to add det start for frame 112
I1014 10:27:55.543730  3861 work_detect.cpp:70] Frame :112 detect result :1 face(s)
I1014 10:27:55.543776  3861 work_detect.cpp:86] Detected bbox: [148 x 190 from (233, 16)]
I1014 10:27:55.543970  3861 work_detect.cpp:120] Succeeded to add det end for frame 112
I1014 10:27:55.543988  3861 work_thread.hpp:81]  [T-Work-Detect_0] Run work: WrokTrack
I1014 10:27:55.544014  3861 work_track.cpp:82] Frame: 112 build input_characts: [0.23125 x 0.527778 from (0.364062, 0.0444444)], 1.00019, 0
I1014 10:27:55.544071  3861 work_track.cpp:102] Succeeded to set track lock for frame 112
I1014 10:27:55.544111  3861 work_track.cpp:116] Succeeded to release track lock for frame 112
I1014 10:27:55.544124  3861 work_track.cpp:120] Track results of frame 112: 1 objects input, 0 objects tracked!
I1014 10:27:55.544142  3861 work_track.cpp:162] Frame: 112 lid: 0 not tracked, will set invalid
I1014 10:27:55.544170  3861 work_thread.hpp:88]  [T-Work-Detect_0] Frame :112 split
I1014 10:27:55.544189  3861 work_thread.hpp:124]  [T-Work-Detect_0] Invalid piece: lid = 0, drop it
I1014 10:27:55.544253  3864 thread_intergrate.hpp:78] [T-Intergrate-intergrate] queue: frame output frame :112
I1014 10:27:55.545343  3864 thread_intergrate.hpp:154] T-Intergrate-intergrate Show face :1, size :640 * 360
I1014 10:27:55.545951  3860 demo_inner.hpp:435] thread [SORT-0]  frame id 112 sorting queue size 1   FPS: 29.902
I1014 10:27:55.566896  3858 demo_inner.hpp:177] decode queue size 0
I1014 10:27:55.566992  3861 work_thread.hpp:81]  [T-Work-Detect_0] Run work: WorkDetect
I1014 10:27:55.567025  3861 work_detect.cpp:102] Succeeded to add det start for frame 113
I1014 10:27:55.573724  3861 work_detect.cpp:70] Frame :113 detect result :1 face(s)
I1014 10:27:55.573784  3861 work_detect.cpp:86] Detected bbox: [146 x 187 from (231, 17)]
I1014 10:27:55.574023  3861 work_detect.cpp:120] Succeeded to add det end for frame 113
I1014 10:27:55.574044  3861 work_thread.hpp:81]  [T-Work-Detect_0] Run work: WrokTrack
I1014 10:27:55.574070  3861 work_track.cpp:82] Frame: 113 build input_characts: [0.228125 x 0.519444 from (0.360938, 0.0472222)], 0.999622, 0
I1014 10:27:55.574129  3861 work_track.cpp:102] Succeeded to set track lock for frame 113
I1014 10:27:55.574172  3861 work_track.cpp:116] Succeeded to release track lock for frame 113
I1014 10:27:55.574187  3861 work_track.cpp:120] Track results of frame 113: 1 objects input, 1 objects tracked!
I1014 10:27:55.574204  3861 work_track.cpp:148] Frame: 113, track bbox: [146 x 187 from (233.337, 17.8058)], gid: 1, lid: 0
I1014 10:27:55.574240  3861 work_thread.hpp:88]  [T-Work-Detect_0] Frame :113 split
I1014 10:27:55.574259  3861 work_thread.hpp:120]  [T-Work-Detect_0] Valid piece: gid = 1
I1014 10:27:55.574321  3859 demo_inner.hpp:260]  gui queue size 1, state = running
I1014 10:27:55.574362  3861 work_thread.hpp:92]  [T-Work-Detect_0] Push to split queue:recog
I1014 10:27:55.574416  3863 work_thread.hpp:81]  [T-Work-Recog_1] Run work: WorkCapture
I1014 10:27:55.574422  3864 thread_intergrate.hpp:78] [T-Intergrate-intergrate] queue: frame output frame :113
I1014 10:27:55.575034  3863 work_thread.hpp:81]  [T-Work-Recog_1] Run work: WorkRecog
I1014 10:27:55.575060  3863 work_recog.hpp:89] Face id: 1 will run recog: bbox [146 x 187 from (231, 17)] quality: 0.373464
I1014 10:27:55.575093  3863 work_recog.hpp:96] Recog pair: [208 x 264 from (200, 0)], [146 x 187 from (31, 17)]
I1014 10:27:55.575592  3864 thread_intergrate.hpp:154] T-Intergrate-intergrate Show face :1, size :640 * 360
I1014 10:27:55.576335  3860 demo_inner.hpp:435] thread [SORT-0]  frame id 113 sorting queue size 0   FPS: 29.9902
I1014 10:27:55.593163  3863 work_thread.hpp:81]  [T-Work-Recog_1] Run work: WorkCompare
I1014 10:27:55.593272  3863 work_compare.cpp:76] Compare face: 1 successed, similarity :0.988969, name : images/thanglmb.jpg, normal size : 640 * 360!
I1014 10:27:55.603387  3858 demo_inner.hpp:177] decode queue size 0
I1014 10:27:55.603504  3861 work_thread.hpp:81]  [T-Work-Detect_0] Run work: WorkDetect
I1014 10:27:55.603538  3861 work_detect.cpp:102] Succeeded to add det start for frame 114
I1014 10:27:55.610529  3861 work_detect.cpp:70] Frame :114 detect result :1 face(s)
I1014 10:27:55.610581  3861 work_detect.cpp:86] Detected bbox: [168 x 204 from (232, 15)]
I1014 10:27:55.610623  3861 work_detect.cpp:120] Succeeded to add det end for frame 114
I1014 10:27:55.610641  3861 work_thread.hpp:81]  [T-Work-Detect_0] Run work: WrokTrack
I1014 10:27:55.610666  3861 work_track.cpp:82] Frame: 114 build input_characts: [0.2625 x 0.566667 from (0.3625, 0.0416667)], 0.997488, 0
I1014 10:27:55.610723  3861 work_track.cpp:102] Succeeded to set track lock for frame 114
I1014 10:27:55.610764  3861 work_track.cpp:116] Succeeded to release track lock for frame 114
I1014 10:27:55.610779  3861 work_track.cpp:120] Track results of frame 114: 1 objects input, 1 objects tracked!
I1014 10:27:55.610795  3861 work_track.cpp:148] Frame: 114, track bbox: [168 x 204 from (226.939, 12.0941)], gid: 1, lid: 0
I1014 10:27:55.610831  3861 work_thread.hpp:88]  [T-Work-Detect_0] Frame :114 split
I1014 10:27:55.610849  3861 work_thread.hpp:120]  [T-Work-Detect_0] Valid piece: gid = 1
I1014 10:27:55.610867  3861 work_thread.hpp:92]  [T-Work-Detect_0] Push to split queue:recog
I1014 10:27:55.610913  3863 work_thread.hpp:81]  [T-Work-Recog_1] Run work: WorkCapture
I1014 10:27:55.610915  3864 thread_intergrate.hpp:78] [T-Intergrate-intergrate] queue: frame output frame :114
I1014 10:27:55.610983  3864 thread_intergrate.hpp:85] [T-Intergrate-intergrate] queue: compare output face:1
I1014 10:27:55.611002  3864 thread_intergrate.hpp:134] T-Intergrate-intergrate set matched face: 1
I1014 10:27:55.611493  3863 work_thread.hpp:81]  [T-Work-Recog_1] Run work: WorkRecog
I1014 10:27:55.611516  3863 work_recog.hpp:89] Face id: 1 will run recog: bbox [168 x 204 from (232, 15)] quality: 0.333227
I1014 10:27:55.611546  3863 work_recog.hpp:96] Recog pair: [248 x 288 from (192, 0)], [168 x 204 from (40, 15)]
I1014 10:27:55.612561  3864 thread_intergrate.hpp:154] T-Intergrate-intergrate Show face :1, size :640 * 360
I1014 10:27:55.613224  3860 demo_inner.hpp:435] thread [SORT-0]  frame id 114 sorting queue size 1   FPS: 29.8873
I1014 10:27:55.629263  3863 work_thread.hpp:81]  [T-Work-Recog_1] Run work: WorkCompare
I1014 10:27:55.629371  3863 work_compare.cpp:76] Compare face: 1 successed, similarity :0.987379, name : images/thanglmb.jpg, normal size : 640 * 360!
I1014 10:27:55.639173  3858 demo_inner.hpp:177] decode queue size 0
I1014 10:27:55.639282  3861 work_thread.hpp:81]  [T-Work-Detect_0] Run work: WorkDetect
I1014 10:27:55.639317  3861 work_detect.cpp:102] Succeeded to add det start for frame 115
I1014 10:27:55.646216  3861 work_detect.cpp:70] Frame :115 detect result :1 face(s)
I1014 10:27:55.646376  3861 work_detect.cpp:86] Detected bbox: [157 x 198 from (225, 27)]
I1014 10:27:55.646423  3861 work_detect.cpp:120] Succeeded to add det end for frame 115
I1014 10:27:55.646440  3861 work_thread.hpp:81]  [T-Work-Detect_0] Run work: WrokTrack
I1014 10:27:55.646466  3861 work_track.cpp:82] Frame: 115 build input_characts: [0.245312 x 0.55 from (0.351562, 0.075)], 0.999622, 0
I1014 10:27:55.646522  3861 work_track.cpp:102] Succeeded to set track lock for frame 115
I1014 10:27:55.646562  3861 work_track.cpp:116] Succeeded to release track lock for frame 115
I1014 10:27:55.646576  3861 work_track.cpp:120] Track results of frame 115: 1 objects input, 1 objects tracked!
I1014 10:27:55.646595  3861 work_track.cpp:148] Frame: 115, track bbox: [157 x 198 from (230.209, 22.6111)], gid: 1, lid: 0
I1014 10:27:55.646629  3861 work_thread.hpp:88]  [T-Work-Detect_0] Frame :115 split
I1014 10:27:55.646647  3861 work_thread.hpp:120]  [T-Work-Detect_0] Valid piece: gid = 1
I1014 10:27:55.646665  3861 work_thread.hpp:92]  [T-Work-Detect_0] Push to split queue:recog
I1014 10:27:55.646713  3863 work_thread.hpp:81]  [T-Work-Recog_1] Run work: WorkCapture
I1014 10:27:55.646718  3864 thread_intergrate.hpp:78] [T-Intergrate-intergrate] queue: frame output frame :115
I1014 10:27:55.646757  3864 thread_intergrate.hpp:85] [T-Intergrate-intergrate] queue: compare output face:1
I1014 10:27:55.646777  3864 thread_intergrate.hpp:134] T-Intergrate-intergrate set matched face: 1
I1014 10:27:55.647286  3863 work_thread.hpp:81]  [T-Work-Recog_1] Run work: WorkRecog
I1014 10:27:55.647310  3863 work_recog.hpp:89] Face id: 1 will run recog: bbox [157 x 198 from (225, 27)] quality: 0.414089
I1014 10:27:55.647337  3863 work_recog.hpp:96] Recog pair: [224 x 280 from (192, 0)], [157 x 198 from (33, 27)]
I1014 10:27:55.648216  3864 thread_intergrate.hpp:154] T-Intergrate-intergrate Show face :1, size :640 * 360
I1014 10:27:55.648952  3860 demo_inner.hpp:435] thread [SORT-0]  frame id 115 sorting queue size 2   FPS: 29.902
I1014 10:27:55.652117  3859 demo_inner.hpp:260]  gui queue size 2, state = running
I1014 10:27:55.664896  3863 work_thread.hpp:81]  [T-Work-Recog_1] Run work: WorkCompare
I1014 10:27:55.665006  3863 work_compare.cpp:76] Compare face: 1 successed, similarity :0.965304, name : images/thanglmb.jpg, normal size : 640 * 360!
I1014 10:27:55.669332  3858 demo_inner.hpp:177] decode queue size 0
I1014 10:27:55.669445  3861 work_thread.hpp:81]  [T-Work-Detect_0] Run work: WorkDetect
I1014 10:27:55.669477  3861 work_detect.cpp:102] Succeeded to add det start for frame 116
I1014 10:27:55.676363  3861 work_detect.cpp:70] Frame :116 detect result :1 face(s)
I1014 10:27:55.676409  3861 work_detect.cpp:86] Detected bbox: [148 x 194 from (231, 16)]
I1014 10:27:55.676450  3861 work_detect.cpp:120] Succeeded to add det end for frame 116
I1014 10:27:55.676467  3861 work_thread.hpp:81]  [T-Work-Detect_0] Run work: WrokTrack
I1014 10:27:55.676491  3861 work_track.cpp:82] Frame: 116 build input_characts: [0.23125 x 0.538889 from (0.360938, 0.0444444)], 0.999622, 0
I1014 10:27:55.676549  3861 work_track.cpp:102] Succeeded to set track lock for frame 116
I1014 10:27:55.676589  3861 work_track.cpp:116] Succeeded to release track lock for frame 116
I1014 10:27:55.676604  3861 work_track.cpp:120] Track results of frame 116: 1 objects input, 1 objects tracked!
I1014 10:27:55.676621  3861 work_track.cpp:148] Frame: 116, track bbox: [148 x 194 from (232.558, 22.589)], gid: 1, lid: 0
I1014 10:27:55.676658  3861 work_thread.hpp:88]  [T-Work-Detect_0] Frame :116 split
I1014 10:27:55.676676  3861 work_thread.hpp:120]  [T-Work-Detect_0] Valid piece: gid = 1
I1014 10:27:55.676694  3861 work_thread.hpp:92]  [T-Work-Detect_0] Push to split queue:recog
I1014 10:27:55.676744  3864 thread_intergrate.hpp:78] [T-Intergrate-intergrate] queue: frame output frame :116
I1014 10:27:55.676780  3864 thread_intergrate.hpp:85] [T-Intergrate-intergrate] queue: compare output face:1
I1014 10:27:55.676800  3864 thread_intergrate.hpp:134] T-Intergrate-intergrate set matched face: 1
I1014 10:27:55.678243  3864 thread_intergrate.hpp:154] T-Intergrate-intergrate Show face :1, size :640 * 360
I1014 10:27:55.678980  3860 demo_inner.hpp:435] thread [SORT-0]  frame id 116 sorting queue size 0   FPS: 30.0049
I1014 10:27:55.679039  3862 work_thread.hpp:81]  [T-Work-Recog_0] Run work: WorkCapture
I1014 10:27:55.679656  3862 work_thread.hpp:81]  [T-Work-Recog_0] Run work: WorkRecog
I1014 10:27:55.679680  3862 work_recog.hpp:89] Face id: 1 will run recog: bbox [148 x 194 from (231, 16)] quality: 0.360877
I1014 10:27:55.679716  3862 work_recog.hpp:96] Recog pair: [208 x 272 from (200, 0)], [148 x 194 from (31, 16)]
I1014 10:27:55.697729  3862 work_thread.hpp:81]  [T-Work-Recog_0] Run work: WorkCompare
I1014 10:27:55.697863  3862 work_compare.cpp:76] Compare face: 1 successed, similarity :0.973997, name : images/thanglmb.jpg, normal size : 640 * 360!
I1014 10:27:55.705879  3858 demo_inner.hpp:177] decode queue size 0
I1014 10:27:55.705986  3861 work_thread.hpp:81]  [T-Work-Detect_0] Run work: WorkDetect
I1014 10:27:55.706022  3861 work_detect.cpp:102] Succeeded to add det start for frame 117
I1014 10:27:55.712787  3861 work_detect.cpp:70] Frame :117 detect result :1 face(s)
I1014 10:27:55.712833  3861 work_detect.cpp:86] Detected bbox: [164 x 210 from (223, 22)]
I1014 10:27:55.712874  3861 work_detect.cpp:120] Succeeded to add det end for frame 117
I1014 10:27:55.712890  3861 work_thread.hpp:81]  [T-Work-Detect_0] Run work: WrokTrack
I1014 10:27:55.712915  3861 work_track.cpp:82] Frame: 117 build input_characts: [0.25625 x 0.583333 from (0.348437, 0.0611111)], 1.00019, 0
I1014 10:27:55.712976  3861 work_track.cpp:102] Succeeded to set track lock for frame 117
I1014 10:27:55.713021  3861 work_track.cpp:116] Succeeded to release track lock for frame 117
I1014 10:27:55.713035  3861 work_track.cpp:120] Track results of frame 117: 1 objects input, 1 objects tracked!
I1014 10:27:55.713052  3861 work_track.cpp:148] Frame: 117, track bbox: [164 x 210 from (223.338, 19.2619)], gid: 1, lid: 0
I1014 10:27:55.713088  3861 work_thread.hpp:88]  [T-Work-Detect_0] Frame :117 split
I1014 10:27:55.713106  3861 work_thread.hpp:120]  [T-Work-Detect_0] Valid piece: gid = 1
I1014 10:27:55.713124  3861 work_thread.hpp:92]  [T-Work-Detect_0] Push to split queue:recog
I1014 10:27:55.713173  3863 work_thread.hpp:81]  [T-Work-Recog_1] Run work: WorkCapture
I1014 10:27:55.713174  3864 thread_intergrate.hpp:78] [T-Intergrate-intergrate] queue: frame output frame :117
I1014 10:27:55.713232  3864 thread_intergrate.hpp:85] [T-Intergrate-intergrate] queue: compare output face:1
I1014 10:27:55.713251  3864 thread_intergrate.hpp:134] T-Intergrate-intergrate set matched face: 1
I1014 10:27:55.713749  3863 work_thread.hpp:81]  [T-Work-Recog_1] Run work: WorkRecog
I1014 10:27:55.713774  3863 work_recog.hpp:89] Face id: 1 will run recog: bbox [164 x 210 from (223, 22)] quality: 0.430999
I1014 10:27:55.713804  3863 work_recog.hpp:96] Recog pair: [240 x 296 from (184, 0)], [164 x 210 from (39, 22)]
I1014 10:27:55.714709  3864 thread_intergrate.hpp:154] T-Intergrate-intergrate Show face :1, size :640 * 360
I1014 10:27:55.715358  3860 demo_inner.hpp:435] thread [SORT-0]  frame id 117 sorting queue size 1   FPS: 29.8873
I1014 10:27:55.730473  3859 demo_inner.hpp:260]  gui queue size 1, state = running
I1014 10:27:55.731783  3863 work_thread.hpp:81]  [T-Work-Recog_1] Run work: WorkCompare
I1014 10:27:55.731884  3863 work_compare.cpp:76] Compare face: 1 successed, similarity :0.986956, name : images/thanglmb.jpg, normal size : 640 * 360!
I1014 10:27:55.736022  3858 demo_inner.hpp:177] decode queue size 0
I1014 10:27:55.736142  3861 work_thread.hpp:81]  [T-Work-Detect_0] Run work: WorkDetect
I1014 10:27:55.736203  3861 work_detect.cpp:102] Succeeded to add det start for frame 118
I1014 10:27:55.743296  3861 work_detect.cpp:70] Frame :118 detect result :1 face(s)
I1014 10:27:55.743350  3861 work_detect.cpp:86] Detected bbox: [165 x 211 from (224, 21)]
I1014 10:27:55.743391  3861 work_detect.cpp:120] Succeeded to add det end for frame 118
I1014 10:27:55.743480  3861 work_thread.hpp:81]  [T-Work-Detect_0] Run work: WrokTrack
I1014 10:27:55.743508  3861 work_track.cpp:82] Frame: 118 build input_characts: [0.257812 x 0.586111 from (0.35, 0.0583333)], 0.999622, 0
I1014 10:27:55.743566  3861 work_track.cpp:102] Succeeded to set track lock for frame 118
I1014 10:27:55.743605  3861 work_track.cpp:116] Succeeded to release track lock for frame 118
I1014 10:27:55.743619  3861 work_track.cpp:120] Track results of frame 118: 1 objects input, 1 objects tracked!
I1014 10:27:55.743636  3861 work_track.cpp:148] Frame: 118, track bbox: [165 x 211 from (222.822, 21.4067)], gid: 1, lid: 0
I1014 10:27:55.743672  3861 work_thread.hpp:88]  [T-Work-Detect_0] Frame :118 split
I1014 10:27:55.743690  3861 work_thread.hpp:120]  [T-Work-Detect_0] Valid piece: gid = 1
I1014 10:27:55.743708  3861 work_thread.hpp:92]  [T-Work-Detect_0] Push to split queue:recog
I1014 10:27:55.743759  3864 thread_intergrate.hpp:78] [T-Intergrate-intergrate] queue: frame output frame :118
I1014 10:27:55.743788  3864 thread_intergrate.hpp:85] [T-Intergrate-intergrate] queue: compare output face:1
I1014 10:27:55.743806  3864 thread_intergrate.hpp:134] T-Intergrate-intergrate set matched face: 1
I1014 10:27:55.744982  3862 work_thread.hpp:81]  [T-Work-Recog_0] Run work: WorkCapture
I1014 10:27:55.745334  3864 thread_intergrate.hpp:154] T-Intergrate-intergrate Show face :1, size :640 * 360
I1014 10:27:55.745543  3862 work_thread.hpp:81]  [T-Work-Recog_0] Run work: WorkRecog
I1014 10:27:55.745566  3862 work_recog.hpp:89] Face id: 1 will run recog: bbox [165 x 211 from (224, 21)] quality: 0.448165
I1014 10:27:55.745596  3862 work_recog.hpp:96] Recog pair: [240 x 296 from (184, 0)], [165 x 211 from (40, 21)]
I1014 10:27:55.746009  3860 demo_inner.hpp:435] thread [SORT-0]  frame id 118 sorting queue size 0   FPS: 29.9902
I1014 10:27:55.763263  3862 work_thread.hpp:81]  [T-Work-Recog_0] Run work: WorkCompare
I1014 10:27:55.763375  3862 work_compare.cpp:76] Compare face: 1 successed, similarity :0.977387, name : images/thanglmb.jpg, normal size : 640 * 360!
I1014 10:27:55.771353  3858 demo_inner.hpp:177] decode queue size 0
I1014 10:27:55.771466  3861 work_thread.hpp:81]  [T-Work-Detect_0] Run work: WorkDetect
I1014 10:27:55.771502  3861 work_detect.cpp:102] Succeeded to add det start for frame 119
I1014 10:27:55.778522  3861 work_detect.cpp:70] Frame :119 detect result :1 face(s)
I1014 10:27:55.778574  3861 work_detect.cpp:86] Detected bbox: [167 x 209 from (233, 12)]
I1014 10:27:55.778616  3861 work_detect.cpp:120] Succeeded to add det end for frame 119
I1014 10:27:55.778632  3861 work_thread.hpp:81]  [T-Work-Detect_0] Run work: WrokTrack
I1014 10:27:55.778658  3861 work_track.cpp:82] Frame: 119 build input_characts: [0.260938 x 0.580556 from (0.364062, 0.0333333)], 0.999622, 0
I1014 10:27:55.778715  3861 work_track.cpp:102] Succeeded to set track lock for frame 119
I1014 10:27:55.778754  3861 work_track.cpp:116] Succeeded to release track lock for frame 119
I1014 10:27:55.778769  3861 work_track.cpp:120] Track results of frame 119: 1 objects input, 1 objects tracked!
I1014 10:27:55.778787  3861 work_track.cpp:148] Frame: 119, track bbox: [167 x 209 from (226.088, 17.4268)], gid: 1, lid: 0
I1014 10:27:55.778821  3861 work_thread.hpp:88]  [T-Work-Detect_0] Frame :119 split
I1014 10:27:55.778839  3861 work_thread.hpp:120]  [T-Work-Detect_0] Valid piece: gid = 1
I1014 10:27:55.778857  3861 work_thread.hpp:92]  [T-Work-Detect_0] Push to split queue:recog
I1014 10:27:55.778903  3863 work_thread.hpp:81]  [T-Work-Recog_1] Run work: WorkCapture
I1014 10:27:55.778932  3864 thread_intergrate.hpp:78] [T-Intergrate-intergrate] queue: frame output frame :119
I1014 10:27:55.778961  3864 thread_intergrate.hpp:85] [T-Intergrate-intergrate] queue: compare output face:1
I1014 10:27:55.778980  3864 thread_intergrate.hpp:134] T-Intergrate-intergrate set matched face: 1
I1014 10:27:55.779470  3863 work_thread.hpp:81]  [T-Work-Recog_1] Run work: WorkRecog
I1014 10:27:55.779495  3863 work_recog.hpp:89] Face id: 1 will run recog: bbox [167 x 209 from (233, 12)] quality: 0.431567
I1014 10:27:55.779604  3863 work_recog.hpp:96] Recog pair: [240 x 296 from (200, 0)], [167 x 209 from (33, 12)]
I1014 10:27:55.780522  3864 thread_intergrate.hpp:154] T-Intergrate-intergrate Show face :1, size :640 * 360
I1014 10:27:55.781181  3860 demo_inner.hpp:435] thread [SORT-0]  frame id 119 sorting queue size 1   FPS: 29.9166
