I1014 15:47:22.740702  9489 thread_intergrate.hpp:85] [T-Intergrate-intergrate] queue: compare output face:1
I1014 15:47:22.740720  9489 thread_intergrate.hpp:144] T-Intergrate-intergrate set matched face: 1
I1014 15:47:22.740933  9488 work_thread.hpp:81]  [T-Work-Recog_1] Run work: WorkRecog
I1014 15:47:22.740957  9488 work_recog.hpp:89] Face id: 1 will run recog: bbox [177 x 223 from (267, 132)] quality: 0.432125
I1014 15:47:22.741063  9488 work_recog.hpp:96] Recog pair: [248 x 272 from (232, 88)], [177 x 223 from (35, 44)]
I1014 15:47:22.742223  9489 thread_intergrate.hpp:188] T-Intergrate-intergrate Show face :1, size :640 * 360
I1014 15:47:22.742843  9485 demo_inner.hpp:435] thread [SORT-0]  frame id 130 sorting queue size 1   FPS: 30.0049
I1014 15:47:22.758755  9488 work_thread.hpp:81]  [T-Work-Recog_1] Run work: WorkCompare
I1014 15:47:22.759212  9488 work_compare.cpp:76] Compare face: 1 successed, similarity :0.996061, name : images/ThangLMb.jpg, normal size : 1548 * 1719!
I1014 15:47:22.768890  9483 demo_inner.hpp:177] decode queue size 0
I1014 15:47:22.768998  9486 work_thread.hpp:81]  [T-Work-Detect_0] Run work: WorkDetect
I1014 15:47:22.769033  9486 work_detect.cpp:102] Succeeded to add det start for frame 131
I1014 15:47:22.775874  9486 work_detect.cpp:70] Frame :131 detect result :1 face(s)
I1014 15:47:22.775915  9486 work_detect.cpp:86] Detected bbox: [173 x 225 from (261, 131)]
I1014 15:47:22.775957  9486 work_detect.cpp:120] Succeeded to add det end for frame 131
I1014 15:47:22.775974  9486 work_thread.hpp:81]  [T-Work-Detect_0] Run work: WrokTrack
I1014 15:47:22.775997  9486 work_track.cpp:82] Frame: 131 build input_characts: [0.270312 x 0.625 from (0.407813, 0.363889)], 1.00035, 0
I1014 15:47:22.776052  9486 work_track.cpp:102] Succeeded to set track lock for frame 131
I1014 15:47:22.776091  9486 work_track.cpp:116] Succeeded to release track lock for frame 131
I1014 15:47:22.776106  9486 work_track.cpp:120] Track results of frame 131: 1 objects input, 1 objects tracked!
I1014 15:47:22.776124  9486 work_track.cpp:148] Frame: 131, track bbox: [173 x 225 from (265.576, 131.069)], gid: 1, lid: 0
I1014 15:47:22.776177  9486 work_thread.hpp:87]  [T-Work-Detect_0] Frame :131 split
I1014 15:47:22.776196  9486 work_thread.hpp:120]  [T-Work-Detect_0] Valid piece: gid = 1
I1014 15:47:22.776214  9486 work_thread.hpp:91]  [T-Work-Detect_0] Push to split queue:recog
I1014 15:47:22.776264  9488 work_thread.hpp:81]  [T-Work-Recog_1] Run work: WorkCapture
I1014 15:47:22.776561  9489 thread_intergrate.hpp:78] [T-Intergrate-intergrate] queue: frame output frame :131
I1014 15:47:22.776587  9489 thread_intergrate.hpp:85] [T-Intergrate-intergrate] queue: compare output face:1
I1014 15:47:22.776605  9489 thread_intergrate.hpp:144] T-Intergrate-intergrate set matched face: 1
I1014 15:47:22.776818  9488 work_thread.hpp:81]  [T-Work-Recog_1] Run work: WorkRecog
I1014 15:47:22.776842  9488 work_recog.hpp:89] Face id: 1 will run recog: bbox [173 x 225 from (261, 131)] quality: 0.438707
I1014 15:47:22.776872  9488 work_recog.hpp:96] Recog pair: [248 x 280 from (224, 80)], [173 x 225 from (37, 51)]
I1014 15:47:22.778131  9489 thread_intergrate.hpp:188] T-Intergrate-intergrate Show face :1, size :640 * 360
I1014 15:47:22.778823  9485 demo_inner.hpp:435] thread [SORT-0]  frame id 131 sorting queue size 2   FPS: 29.9166
I1014 15:47:22.794473  9488 work_thread.hpp:81]  [T-Work-Recog_1] Run work: WorkCompare
I1014 15:47:22.794941  9488 work_compare.cpp:76] Compare face: 1 successed, similarity :0.994641, name : images/ThangLMb.jpg, normal size : 1548 * 1719!
I1014 15:47:22.799082  9483 demo_inner.hpp:177] decode queue size 0
I1014 15:47:22.799170  9486 work_thread.hpp:81]  [T-Work-Detect_0] Run work: WorkDetect
I1014 15:47:22.799201  9486 work_detect.cpp:102] Succeeded to add det start for frame 132
I1014 15:47:22.806074  9486 work_detect.cpp:70] Frame :132 detect result :1 face(s)
I1014 15:47:22.806120  9486 work_detect.cpp:86] Detected bbox: [180 x 230 from (265, 126)]
I1014 15:47:22.806164  9486 work_detect.cpp:120] Succeeded to add det end for frame 132
I1014 15:47:22.806180  9486 work_thread.hpp:81]  [T-Work-Detect_0] Run work: WrokTrack
I1014 15:47:22.806203  9486 work_track.cpp:82] Frame: 132 build input_characts: [0.28125 x 0.638889 from (0.414062, 0.35)], 1.00035, 0
I1014 15:47:22.806258  9486 work_track.cpp:102] Succeeded to set track lock for frame 132
I1014 15:47:22.806298  9486 work_track.cpp:116] Succeeded to release track lock for frame 132
I1014 15:47:22.806385  9486 work_track.cpp:120] Track results of frame 132: 1 objects input, 1 objects tracked!
I1014 15:47:22.806406  9486 work_track.cpp:148] Frame: 132, track bbox: [180 x 230 from (261.981, 126.93)], gid: 1, lid: 0
I1014 15:47:22.806443  9486 work_thread.hpp:87]  [T-Work-Detect_0] Frame :132 split
I1014 15:47:22.806460  9486 work_thread.hpp:120]  [T-Work-Detect_0] Valid piece: gid = 1
I1014 15:47:22.806478  9486 work_thread.hpp:91]  [T-Work-Detect_0] Push to split queue:recog
I1014 15:47:22.806530  9487 work_thread.hpp:81]  [T-Work-Recog_0] Run work: WorkCapture
I1014 15:47:22.806839  9489 thread_intergrate.hpp:78] [T-Intergrate-intergrate] queue: frame output frame :132
I1014 15:47:22.806865  9489 thread_intergrate.hpp:85] [T-Intergrate-intergrate] queue: compare output face:1
I1014 15:47:22.806883  9489 thread_intergrate.hpp:144] T-Intergrate-intergrate set matched face: 1
I1014 15:47:22.807097  9487 work_thread.hpp:81]  [T-Work-Recog_0] Run work: WorkRecog
I1014 15:47:22.807122  9487 work_recog.hpp:89] Face id: 1 will run recog: bbox [180 x 230 from (265, 126)] quality: 0.416004
I1014 15:47:22.807150  9487 work_recog.hpp:96] Recog pair: [264 x 280 from (224, 80)], [180 x 230 from (41, 46)]
I1014 15:47:22.808436  9489 thread_intergrate.hpp:188] T-Intergrate-intergrate Show face :1, size :640 * 360
I1014 15:47:22.809047  9485 demo_inner.hpp:435] thread [SORT-0]  frame id 132 sorting queue size 3   FPS: 30.0049
I1014 15:47:22.824707  9487 work_thread.hpp:81]  [T-Work-Recog_0] Run work: WorkCompare
I1014 15:47:22.825163  9487 work_compare.cpp:76] Compare face: 1 successed, similarity :0.99549, name : images/ThangLMb.jpg, normal size : 1548 * 1719!
I1014 15:47:22.835256  9483 demo_inner.hpp:177] decode queue size 0
I1014 15:47:22.835371  9486 work_thread.hpp:81]  [T-Work-Detect_0] Run work: WorkDetect
I1014 15:47:22.835407  9486 work_detect.cpp:102] Succeeded to add det start for frame 133
I1014 15:47:22.842205  9486 work_detect.cpp:70] Frame :133 detect result :1 face(s)
I1014 15:47:22.842248  9486 work_detect.cpp:86] Detected bbox: [173 x 218 from (267, 136)]
I1014 15:47:22.842291  9486 work_detect.cpp:120] Succeeded to add det end for frame 133
I1014 15:47:22.842308  9486 work_thread.hpp:81]  [T-Work-Detect_0] Run work: WrokTrack
I1014 15:47:22.842331  9486 work_track.cpp:82] Frame: 133 build input_characts: [0.270312 x 0.605556 from (0.417188, 0.377778)], 1.00019, 0
I1014 15:47:22.842386  9486 work_track.cpp:102] Succeeded to set track lock for frame 133
I1014 15:47:22.842425  9486 work_track.cpp:116] Succeeded to release track lock for frame 133
I1014 15:47:22.842440  9486 work_track.cpp:120] Track results of frame 133: 1 objects input, 1 objects tracked!
I1014 15:47:22.842459  9486 work_track.cpp:148] Frame: 133, track bbox: [173 x 218 from (267.442, 134.263)], gid: 1, lid: 0
I1014 15:47:22.842495  9486 work_thread.hpp:87]  [T-Work-Detect_0] Frame :133 split
I1014 15:47:22.842514  9486 work_thread.hpp:120]  [T-Work-Detect_0] Valid piece: gid = 1
I1014 15:47:22.842531  9486 work_thread.hpp:91]  [T-Work-Detect_0] Push to split queue:recog
I1014 15:47:22.842584  9488 work_thread.hpp:81]  [T-Work-Recog_1] Run work: WorkCapture
I1014 15:47:22.842880  9489 thread_intergrate.hpp:78] [T-Intergrate-intergrate] queue: frame output frame :133
I1014 15:47:22.842905  9489 thread_intergrate.hpp:85] [T-Intergrate-intergrate] queue: compare output face:1
I1014 15:47:22.842924  9489 thread_intergrate.hpp:144] T-Intergrate-intergrate set matched face: 1
I1014 15:47:22.843145  9488 work_thread.hpp:81]  [T-Work-Recog_1] Run work: WorkRecog
I1014 15:47:22.843169  9488 work_recog.hpp:89] Face id: 1 will run recog: bbox [173 x 218 from (267, 136)] quality: 0.396533
I1014 15:47:22.843199  9488 work_recog.hpp:96] Recog pair: [248 x 272 from (232, 88)], [173 x 218 from (35, 48)]
I1014 15:47:22.844460  9489 thread_intergrate.hpp:188] T-Intergrate-intergrate Show face :1, size :640 * 360
I1014 15:47:22.845129  9485 demo_inner.hpp:435] thread [SORT-0]  frame id 133 sorting queue size 4   FPS: 29.902
I1014 15:47:22.860954  9488 work_thread.hpp:81]  [T-Work-Recog_1] Run work: WorkCompare
I1014 15:47:22.861418  9488 work_compare.cpp:76] Compare face: 1 successed, similarity :0.996527, name : images/ThangLMb.jpg, normal size : 1548 * 1719!
I1014 15:47:22.865654  9483 demo_inner.hpp:177] decode queue size 0
I1014 15:47:22.865777  9486 work_thread.hpp:81]  [T-Work-Detect_0] Run work: WorkDetect
I1014 15:47:22.865813  9486 work_detect.cpp:102] Succeeded to add det start for frame 134
I1014 15:47:22.872690  9486 work_detect.cpp:70] Frame :134 detect result :1 face(s)
W1014 15:47:22.872741  9486 work_detect.cpp:83] Invalid bbox: [169 x 218 from (260, 153)]
I1014 15:47:22.872896  9486 work_detect.cpp:120] Succeeded to add det end for frame 134
I1014 15:47:22.872915  9486 work_thread.hpp:81]  [T-Work-Detect_0] Run work: WrokTrack
I1014 15:47:22.872943  9486 work_track.cpp:102] Succeeded to set track lock for frame 134
I1014 15:47:22.872975  9486 work_track.cpp:116] Succeeded to release track lock for frame 134
I1014 15:47:22.872989  9486 work_track.cpp:120] Track results of frame 134: 0 objects input, 1 objects tracked!
I1014 15:47:22.873008  9486 work_track.cpp:148] Frame: 134, track bbox: [173 x 218 from (268.056, 134.235)], gid: 1, lid: -1
I1014 15:47:22.873062  9486 work_thread.hpp:87]  [T-Work-Detect_0] Frame :134 split
I1014 15:47:22.873116  9489 thread_intergrate.hpp:78] [T-Intergrate-intergrate] queue: frame output frame :134
I1014 15:47:22.873142  9489 thread_intergrate.hpp:85] [T-Intergrate-intergrate] queue: compare output face:1
I1014 15:47:22.873162  9489 thread_intergrate.hpp:144] T-Intergrate-intergrate set matched face: 1
I1014 15:47:22.874600  9489 thread_intergrate.hpp:188] T-Intergrate-intergrate Show face :1, size :640 * 360
I1014 15:47:22.875252  9485 demo_inner.hpp:435] thread [SORT-0]  frame id 134 sorting queue size 5   FPS: 29.9902
I1014 15:47:22.901311  9483 demo_inner.hpp:177] decode queue size 0
I1014 15:47:22.901435  9486 work_thread.hpp:81]  [T-Work-Detect_0] Run work: WorkDetect
I1014 15:47:22.901471  9486 work_detect.cpp:102] Succeeded to add det start for frame 135
I1014 15:47:22.908349  9486 work_detect.cpp:70] Frame :135 detect result :1 face(s)
I1014 15:47:22.908390  9486 work_detect.cpp:86] Detected bbox: [176 x 224 from (264, 129)]
I1014 15:47:22.908434  9486 work_detect.cpp:120] Succeeded to add det end for frame 135
I1014 15:47:22.908450  9486 work_thread.hpp:81]  [T-Work-Detect_0] Run work: WrokTrack
I1014 15:47:22.908474  9486 work_track.cpp:82] Frame: 135 build input_characts: [0.275 x 0.622222 from (0.4125, 0.358333)], 1.00035, 0
I1014 15:47:22.908529  9486 work_track.cpp:102] Succeeded to set track lock for frame 135
I1014 15:47:22.908569  9486 work_track.cpp:116] Succeeded to release track lock for frame 135
I1014 15:47:22.908584  9486 work_track.cpp:120] Track results of frame 135: 1 objects input, 1 objects tracked!
I1014 15:47:22.908602  9486 work_track.cpp:148] Frame: 135, track bbox: [176 x 224 from (263.744, 129.996)], gid: 1, lid: 0
I1014 15:47:22.908639  9486 work_thread.hpp:87]  [T-Work-Detect_0] Frame :135 split
I1014 15:47:22.908656  9486 work_thread.hpp:120]  [T-Work-Detect_0] Valid piece: gid = 1
I1014 15:47:22.908674  9486 work_thread.hpp:91]  [T-Work-Detect_0] Push to split queue:recog
I1014 15:47:22.908725  9488 work_thread.hpp:81]  [T-Work-Recog_1] Run work: WorkCapture
I1014 15:47:22.909023  9489 thread_intergrate.hpp:78] [T-Intergrate-intergrate] queue: frame output frame :135
I1014 15:47:22.909265  9488 work_thread.hpp:81]  [T-Work-Recog_1] Run work: WorkRecog
I1014 15:47:22.909287  9488 work_recog.hpp:89] Face id: 1 will run recog: bbox [176 x 224 from (264, 129)] quality: 0.42447
I1014 15:47:22.909314  9488 work_recog.hpp:96] Recog pair: [256 x 280 from (224, 80)], [176 x 224 from (40, 49)]
I1014 15:47:22.910154  9489 thread_intergrate.hpp:188] T-Intergrate-intergrate Show face :1, size :640 * 360
I1014 15:47:22.910847  9485 demo_inner.hpp:435] thread [SORT-0]  frame id 135 sorting queue size 6   FPS: 29.9166
I1014 15:47:22.926950  9488 work_thread.hpp:81]  [T-Work-Recog_1] Run work: WorkCompare
I1014 15:47:22.927549  9488 work_compare.cpp:76] Compare face: 1 successed, similarity :0.996356, name : images/ThangLMb.jpg, normal size : 1548 * 1719!
I1014 15:47:22.937232  9483 demo_inner.hpp:177] decode queue size 0
I1014 15:47:22.937350  9486 work_thread.hpp:81]  [T-Work-Detect_0] Run work: WorkDetect
I1014 15:47:22.937386  9486 work_detect.cpp:102] Succeeded to add det start for frame 136
I1014 15:47:22.944223  9486 work_detect.cpp:70] Frame :136 detect result :1 face(s)
W1014 15:47:22.944268  9486 work_detect.cpp:83] Invalid bbox: [175 x 222 from (256, 152)]
I1014 15:47:22.944388  9486 work_detect.cpp:120] Succeeded to add det end for frame 136
I1014 15:47:22.944406  9486 work_thread.hpp:81]  [T-Work-Detect_0] Run work: WrokTrack
I1014 15:47:22.944433  9486 work_track.cpp:102] Succeeded to set track lock for frame 136
I1014 15:47:22.944466  9486 work_track.cpp:116] Succeeded to release track lock for frame 136
I1014 15:47:22.944480  9486 work_track.cpp:120] Track results of frame 136: 0 objects input, 1 objects tracked!
I1014 15:47:22.944499  9486 work_track.cpp:148] Frame: 136, track bbox: [176 x 224 from (263.294, 129.746)], gid: 1, lid: -1
I1014 15:47:22.944551  9486 work_thread.hpp:87]  [T-Work-Detect_0] Frame :136 split
I1014 15:47:22.944595  9489 thread_intergrate.hpp:78] [T-Intergrate-intergrate] queue: frame output frame :136
I1014 15:47:22.944622  9489 thread_intergrate.hpp:85] [T-Intergrate-intergrate] queue: compare output face:1
I1014 15:47:22.944640  9489 thread_intergrate.hpp:144] T-Intergrate-intergrate set matched face: 1
I1014 15:47:22.946105  9489 thread_intergrate.hpp:188] T-Intergrate-intergrate Show face :1, size :640 * 360
I1014 15:47:22.946693  9485 demo_inner.hpp:435] thread [SORT-0]  frame id 136 sorting queue size 7   FPS: 29.9313
I1014 15:47:22.967262  9483 demo_inner.hpp:177] decode queue size 0
I1014 15:47:22.967365  9486 work_thread.hpp:81]  [T-Work-Detect_0] Run work: WorkDetect
I1014 15:47:22.967402  9486 work_detect.cpp:102] Succeeded to add det start for frame 137
I1014 15:47:22.974319  9486 work_detect.cpp:70] Frame :137 detect result :1 face(s)
I1014 15:47:22.974368  9486 work_detect.cpp:86] Detected bbox: [180 x 223 from (261, 130)]
I1014 15:47:22.974413  9486 work_detect.cpp:120] Succeeded to add det end for frame 137
I1014 15:47:22.974429  9486 work_thread.hpp:81]  [T-Work-Detect_0] Run work: WrokTrack
I1014 15:47:22.974453  9486 work_track.cpp:82] Frame: 137 build input_characts: [0.28125 x 0.619444 from (0.407813, 0.361111)], 1.00035, 0
I1014 15:47:22.974509  9486 work_track.cpp:102] Succeeded to set track lock for frame 137
I1014 15:47:22.974550  9486 work_track.cpp:116] Succeeded to release track lock for frame 137
I1014 15:47:22.974565  9486 work_track.cpp:120] Track results of frame 137: 1 objects input, 1 objects tracked!
I1014 15:47:22.974583  9486 work_track.cpp:148] Frame: 137, track bbox: [180 x 223 from (261.415, 129.845)], gid: 1, lid: 0
I1014 15:47:22.974619  9486 work_thread.hpp:87]  [T-Work-Detect_0] Frame :137 split
I1014 15:47:22.974637  9486 work_thread.hpp:120]  [T-Work-Detect_0] Valid piece: gid = 1
I1014 15:47:22.974655  9486 work_thread.hpp:91]  [T-Work-Detect_0] Push to split queue:recog
I1014 15:47:22.974715  9489 thread_intergrate.hpp:78] [T-Intergrate-intergrate] queue: frame output frame :137
I1014 15:47:22.974716  9487 work_thread.hpp:81]  [T-Work-Recog_0] Run work: WorkCapture
I1014 15:47:22.975373  9487 work_thread.hpp:81]  [T-Work-Recog_0] Run work: WorkRecog
I1014 15:47:22.975397  9487 work_recog.hpp:89] Face id: 1 will run recog: bbox [180 x 223 from (261, 130)] quality: 0.432297
I1014 15:47:22.975549  9487 work_recog.hpp:96] Recog pair: [256 x 280 from (224, 80)], [180 x 223 from (37, 50)]
I1014 15:47:22.975852  9489 thread_intergrate.hpp:188] T-Intergrate-intergrate Show face :1, size :640 * 360
I1014 15:47:22.976438  9485 demo_inner.hpp:435] thread [SORT-0]  frame id 137 sorting queue size 8   FPS: 30.0197
I1014 15:47:22.993337  9487 work_thread.hpp:81]  [T-Work-Recog_0] Run work: WorkCompare
I1014 15:47:22.994066  9487 work_compare.cpp:76] Compare face: 1 successed, similarity :0.995476, name : images/ThangLMb.jpg, normal size : 1548 * 1719!
I1014 15:47:23.003271  9483 demo_inner.hpp:177] decode queue size 0
I1014 15:47:23.003407  9486 work_thread.hpp:81]  [T-Work-Detect_0] Run work: WorkDetect
I1014 15:47:23.003445  9486 work_detect.cpp:102] Succeeded to add det start for frame 138
I1014 15:47:23.010241  9486 work_detect.cpp:70] Frame :138 detect result :1 face(s)
I1014 15:47:23.010289  9486 work_detect.cpp:86] Detected bbox: [177 x 224 from (249, 131)]
I1014 15:47:23.010332  9486 work_detect.cpp:120] Succeeded to add det end for frame 138
I1014 15:47:23.010349  9486 work_thread.hpp:81]  [T-Work-Detect_0] Run work: WrokTrack
I1014 15:47:23.010372  9486 work_track.cpp:82] Frame: 138 build input_characts: [0.276563 x 0.622222 from (0.389062, 0.363889)], 0.99799, 0
I1014 15:47:23.010427  9486 work_track.cpp:102] Succeeded to set track lock for frame 138
I1014 15:47:23.010468  9486 work_track.cpp:116] Succeeded to release track lock for frame 138
I1014 15:47:23.010483  9486 work_track.cpp:120] Track results of frame 138: 1 objects input, 1 objects tracked!
I1014 15:47:23.010501  9486 work_track.cpp:148] Frame: 138, track bbox: [177 x 224 from (256.275, 130.029)], gid: 1, lid: 0
I1014 15:47:23.010537  9486 work_thread.hpp:87]  [T-Work-Detect_0] Frame :138 split
I1014 15:47:23.010555  9486 work_thread.hpp:120]  [T-Work-Detect_0] Valid piece: gid = 1
I1014 15:47:23.010573  9486 work_thread.hpp:91]  [T-Work-Detect_0] Push to split queue:recog
I1014 15:47:23.010618  9487 work_thread.hpp:81]  [T-Work-Recog_0] Run work: WorkCapture
I1014 15:47:23.010619  9489 thread_intergrate.hpp:78] [T-Intergrate-intergrate] queue: frame output frame :138
I1014 15:47:23.010666  9489 thread_intergrate.hpp:85] [T-Intergrate-intergrate] queue: compare output face:1
I1014 15:47:23.010685  9489 thread_intergrate.hpp:144] T-Intergrate-intergrate set matched face: 1
I1014 15:47:23.011334  9487 work_thread.hpp:81]  [T-Work-Recog_0] Run work: WorkRecog
I1014 15:47:23.011373  9487 work_recog.hpp:89] Face id: 1 will run recog: bbox [177 x 224 from (249, 131)] quality: 0.445494
I1014 15:47:23.011420  9487 work_recog.hpp:96] Recog pair: [256 x 280 from (208, 80)], [177 x 224 from (41, 51)]
I1014 15:47:23.012197  9489 thread_intergrate.hpp:188] T-Intergrate-intergrate Show face :1, size :640 * 360
I1014 15:47:23.012781  9485 demo_inner.hpp:435] thread [SORT-0]  frame id 138 sorting queue size 9   FPS: 29.946
I1014 15:47:23.029587  9487 work_thread.hpp:81]  [T-Work-Recog_0] Run work: WorkCompare
I1014 15:47:23.030105  9487 work_compare.cpp:76] Compare face: 1 successed, similarity :0.997726, name : images/ThangLMb.jpg, normal size : 1548 * 1719!
I1014 15:47:23.033504  9483 demo_inner.hpp:177] decode queue size 0
I1014 15:47:23.033612  9486 work_thread.hpp:81]  [T-Work-Detect_0] Run work: WorkDetect
I1014 15:47:23.033646  9486 work_detect.cpp:102] Succeeded to add det start for frame 139
I1014 15:47:23.040495  9486 work_detect.cpp:70] Frame :139 detect result :1 face(s)
I1014 15:47:23.040549  9486 work_detect.cpp:86] Detected bbox: [176 x 222 from (250, 133)]
I1014 15:47:23.040592  9486 work_detect.cpp:120] Succeeded to add det end for frame 139
I1014 15:47:23.040608  9486 work_thread.hpp:81]  [T-Work-Detect_0] Run work: WrokTrack
I1014 15:47:23.040633  9486 work_track.cpp:82] Frame: 139 build input_characts: [0.275 x 0.616667 from (0.390625, 0.369444)], 0.999622, 0
I1014 15:47:23.040688  9486 work_track.cpp:102] Succeeded to set track lock for frame 139
I1014 15:47:23.040729  9486 work_track.cpp:116] Succeeded to release track lock for frame 139
I1014 15:47:23.040743  9486 work_track.cpp:120] Track results of frame 139: 1 objects input, 1 objects tracked!
I1014 15:47:23.040761  9486 work_track.cpp:148] Frame: 139, track bbox: [176 x 222 from (251.615, 131.975)], gid: 1, lid: 0
I1014 15:47:23.040797  9486 work_thread.hpp:87]  [T-Work-Detect_0] Frame :139 split
I1014 15:47:23.040815  9486 work_thread.hpp:120]  [T-Work-Detect_0] Valid piece: gid = 1
I1014 15:47:23.040908  9486 work_thread.hpp:91]  [T-Work-Detect_0] Push to split queue:recog
I1014 15:47:23.040961  9488 work_thread.hpp:81]  [T-Work-Recog_1] Run work: WorkCapture
I1014 15:47:23.041270  9489 thread_intergrate.hpp:78] [T-Intergrate-intergrate] queue: frame output frame :139
I1014 15:47:23.041294  9489 thread_intergrate.hpp:85] [T-Intergrate-intergrate] queue: compare output face:1
I1014 15:47:23.041313  9489 thread_intergrate.hpp:144] T-Intergrate-intergrate set matched face: 1
I1014 15:47:23.041759  9488 work_thread.hpp:81]  [T-Work-Recog_1] Run work: WorkRecog
I1014 15:47:23.041785  9488 work_recog.hpp:89] Face id: 1 will run recog: bbox [176 x 222 from (250, 133)] quality: 0.424386
I1014 15:47:23.041818  9488 work_recog.hpp:96] Recog pair: [256 x 272 from (208, 88)], [176 x 222 from (42, 45)]
I1014 15:47:23.042806  9489 thread_intergrate.hpp:188] T-Intergrate-intergrate Show face :1, size :640 * 360
I1014 15:47:23.043433  9485 demo_inner.hpp:435] thread [SORT-0]  frame id 139 sorting queue size 10   FPS: 30.0197
I1014 15:47:23.059247  9488 work_thread.hpp:81]  [T-Work-Recog_1] Run work: WorkCompare
I1014 15:47:23.059793  9488 work_compare.cpp:76] Compare face: 1 successed, similarity :0.994636, name : images/ThangLMb.jpg, normal size : 1548 * 1719!
I1014 15:47:23.069249  9483 demo_inner.hpp:177] decode queue size 0
I1014 15:47:23.069375  9486 work_thread.hpp:81]  [T-Work-Detect_0] Run work: WorkDetect
I1014 15:47:23.069411  9486 work_detect.cpp:102] Succeeded to add det start for frame 140
I1014 15:47:23.076320  9486 work_detect.cpp:70] Frame :140 detect result :1 face(s)
W1014 15:47:23.076366  9486 work_detect.cpp:83] Invalid bbox: [173 x 217 from (250, 153)]
I1014 15:47:23.076494  9486 work_detect.cpp:120] Succeeded to add det end for frame 140
I1014 15:47:23.076512  9486 work_thread.hpp:81]  [T-Work-Detect_0] Run work: WrokTrack
I1014 15:47:23.076540  9486 work_track.cpp:102] Succeeded to set track lock for frame 140
I1014 15:47:23.076573  9486 work_track.cpp:116] Succeeded to release track lock for frame 140
I1014 15:47:23.076588  9486 work_track.cpp:120] Track results of frame 140: 0 objects input, 1 objects tracked!
I1014 15:47:23.076606  9486 work_track.cpp:148] Frame: 140, track bbox: [176 x 222 from (249.154, 132.093)], gid: 1, lid: -1
I1014 15:47:23.076658  9486 work_thread.hpp:87]  [T-Work-Detect_0] Frame :140 split
I1014 15:47:23.076704  9489 thread_intergrate.hpp:78] [T-Intergrate-intergrate] queue: frame output frame :140
I1014 15:47:23.076730  9489 thread_intergrate.hpp:85] [T-Intergrate-intergrate] queue: compare output face:1
I1014 15:47:23.076748  9489 thread_intergrate.hpp:144] T-Intergrate-intergrate set matched face: 1
I1014 15:47:23.078181  9489 thread_intergrate.hpp:188] T-Intergrate-intergrate Show face :1, size :640 * 360
I1014 15:47:23.099274  9483 demo_inner.hpp:177] decode queue size 0
I1014 15:47:23.099385  9486 work_thread.hpp:81]  [T-Work-Detect_0] Run work: WorkDetect
I1014 15:47:23.099419  9486 work_detect.cpp:102] Succeeded to add det start for frame 141
I1014 15:47:23.106254  9486 work_detect.cpp:70] Frame :141 detect result :1 face(s)
I1014 15:47:23.106300  9486 work_detect.cpp:86] Detected bbox: [185 x 230 from (241, 130)]
I1014 15:47:23.106343  9486 work_detect.cpp:120] Succeeded to add det end for frame 141
I1014 15:47:23.106359  9486 work_thread.hpp:81]  [T-Work-Detect_0] Run work: WrokTrack
I1014 15:47:23.106384  9486 work_track.cpp:82] Frame: 141 build input_characts: [0.289062 x 0.638889 from (0.376563, 0.361111)], 1.00019, 0
I1014 15:47:23.106437  9486 work_track.cpp:102] Succeeded to set track lock for frame 141
I1014 15:47:23.106477  9486 work_track.cpp:116] Succeeded to release track lock for frame 141
I1014 15:47:23.106492  9486 work_track.cpp:120] Track results of frame 141: 1 objects input, 1 objects tracked!
I1014 15:47:23.106511  9486 work_track.cpp:148] Frame: 141, track bbox: [185 x 230 from (240.983, 128.793)], gid: 1, lid: 0
I1014 15:47:23.106547  9486 work_thread.hpp:87]  [T-Work-Detect_0] Frame :141 split
I1014 15:47:23.106565  9486 work_thread.hpp:120]  [T-Work-Detect_0] Valid piece: gid = 1
I1014 15:47:23.106658  9486 work_thread.hpp:91]  [T-Work-Detect_0] Push to split queue:recog
I1014 15:47:23.106719  9488 work_thread.hpp:81]  [T-Work-Recog_1] Run work: WorkCapture
I1014 15:47:23.107025  9489 thread_intergrate.hpp:78] [T-Intergrate-intergrate] queue: frame output frame :141
I1014 15:47:23.107261  9488 work_thread.hpp:81]  [T-Work-Recog_1] Run work: WorkRecog
I1014 15:47:23.107285  9488 work_recog.hpp:89] Face id: 1 will run recog: bbox [185 x 230 from (241, 130)] quality: 0.461181
I1014 15:47:23.107312  9488 work_recog.hpp:96] Recog pair: [264 x 280 from (200, 80)], [185 x 230 from (41, 50)]
I1014 15:47:23.108176  9489 thread_intergrate.hpp:188] T-Intergrate-intergrate Show face :1, size :640 * 360
I1014 15:47:23.124886  9488 work_thread.hpp:81]  [T-Work-Recog_1] Run work: WorkCompare
I1014 15:47:23.125350  9488 work_compare.cpp:76] Compare face: 1 successed, similarity :0.994797, name : images/ThangLMb.jpg, normal size : 1548 * 1719!
I1014 15:47:23.135270  9483 demo_inner.hpp:177] decode queue size 0
I1014 15:47:23.135401  9486 work_thread.hpp:81]  [T-Work-Detect_0] Run work: WorkDetect
I1014 15:47:23.135440  9486 work_detect.cpp:102] Succeeded to add det start for frame 142
I1014 15:47:23.142313  9486 work_detect.cpp:70] Frame :142 detect result :1 face(s)
I1014 15:47:23.142354  9486 work_detect.cpp:86] Detected bbox: [178 x 219 from (243, 135)]
I1014 15:47:23.142395  9486 work_detect.cpp:120] Succeeded to add det end for frame 142
I1014 15:47:23.142411  9486 work_thread.hpp:81]  [T-Work-Detect_0] Run work: WrokTrack
I1014 15:47:23.142436  9486 work_track.cpp:82] Frame: 142 build input_characts: [0.278125 x 0.608333 from (0.379687, 0.375)], 1.00019, 0
I1014 15:47:23.142489  9486 work_track.cpp:102] Succeeded to set track lock for frame 142
I1014 15:47:23.142529  9486 work_track.cpp:116] Succeeded to release track lock for frame 142
I1014 15:47:23.142542  9486 work_track.cpp:120] Track results of frame 142: 1 objects input, 1 objects tracked!
I1014 15:47:23.142560  9486 work_track.cpp:148] Frame: 142, track bbox: [178 x 219 from (241.35, 135.647)], gid: 1, lid: 0
I1014 15:47:23.142596  9486 work_thread.hpp:87]  [T-Work-Detect_0] Frame :142 split
I1014 15:47:23.142613  9486 work_thread.hpp:120]  [T-Work-Detect_0] Valid piece: gid = 1
I1014 15:47:23.142632  9486 work_thread.hpp:91]  [T-Work-Detect_0] Push to split queue:recog
I1014 15:47:23.142680  9488 work_thread.hpp:81]  [T-Work-Recog_1] Run work: WorkCapture
I1014 15:47:23.142974  9489 thread_intergrate.hpp:78] [T-Intergrate-intergrate] queue: frame output frame :142
I1014 15:47:23.143002  9489 thread_intergrate.hpp:85] [T-Intergrate-intergrate] queue: compare output face:1
I1014 15:47:23.143021  9489 thread_intergrate.hpp:144] T-Intergrate-intergrate set matched face: 1
I1014 15:47:23.143241  9488 work_thread.hpp:81]  [T-Work-Recog_1] Run work: WorkRecog
I1014 15:47:23.143266  9488 work_recog.hpp:89] Face id: 1 will run recog: bbox [178 x 219 from (243, 135)] quality: 0.465029
I1014 15:47:23.143296  9488 work_recog.hpp:96] Recog pair: [248 x 272 from (208, 88)], [178 x 219 from (35, 47)]
I1014 15:47:23.144557  9489 thread_intergrate.hpp:188] T-Intergrate-intergrate Show face :1, size :640 * 360
I1014 15:47:23.160960  9488 work_thread.hpp:81]  [T-Work-Recog_1] Run work: WorkCompare
I1014 15:47:23.161427  9488 work_compare.cpp:76] Compare face: 1 successed, similarity :0.994045, name : images/ThangLMb.jpg, normal size : 1548 * 1719!
I1014 15:47:23.165541  9483 demo_inner.hpp:177] decode queue size 0
I1014 15:47:23.165650  9486 work_thread.hpp:81]  [T-Work-Detect_0] Run work: WorkDetect
I1014 15:47:23.165688  9486 work_detect.cpp:102] Succeeded to add det start for frame 143
I1014 15:47:23.172528  9486 work_detect.cpp:70] Frame :143 detect result :1 face(s)
W1014 15:47:23.172577  9486 work_detect.cpp:83] Invalid bbox: [167 x 208 from (249, 157)]
I1014 15:47:23.172700  9486 work_detect.cpp:120] Succeeded to add det end for frame 143
I1014 15:47:23.172719  9486 work_thread.hpp:81]  [T-Work-Detect_0] Run work: WrokTrack
I1014 15:47:23.172793  9486 work_track.cpp:102] Succeeded to set track lock for frame 143
I1014 15:47:23.172829  9486 work_track.cpp:116] Succeeded to release track lock for frame 143
I1014 15:47:23.172843  9486 work_track.cpp:120] Track results of frame 143: 0 objects input, 1 objects tracked!
I1014 15:47:23.172861  9486 work_track.cpp:148] Frame: 143, track bbox: [178 x 219 from (238.255, 136.241)], gid: 1, lid: -1
I1014 15:47:23.172914  9486 work_thread.hpp:87]  [T-Work-Detect_0] Frame :143 split
I1014 15:47:23.172960  9489 thread_intergrate.hpp:78] [T-Intergrate-intergrate] queue: frame output frame :143
I1014 15:47:23.172987  9489 thread_intergrate.hpp:85] [T-Intergrate-intergrate] queue: compare output face:1
I1014 15:47:23.173005  9489 thread_intergrate.hpp:144] T-Intergrate-intergrate set matched face: 1
I1014 15:47:23.174451  9489 thread_intergrate.hpp:188] T-Intergrate-intergrate Show face :1, size :640 * 360
I1014 15:47:23.201242  9483 demo_inner.hpp:177] decode queue size 0
I1014 15:47:23.201364  9486 work_thread.hpp:81]  [T-Work-Detect_0] Run work: WorkDetect
I1014 15:47:23.201400  9486 work_detect.cpp:102] Succeeded to add det start for frame 144
I1014 15:47:23.208299  9486 work_detect.cpp:70] Frame :144 detect result :1 face(s)
W1014 15:47:23.208351  9486 work_detect.cpp:83] Invalid bbox: [171 x 209 from (248, 156)]
I1014 15:47:23.208470  9486 work_detect.cpp:120] Succeeded to add det end for frame 144
I1014 15:47:23.208487  9486 work_thread.hpp:81]  [T-Work-Detect_0] Run work: WrokTrack
I1014 15:47:23.208515  9486 work_track.cpp:102] Succeeded to set track lock for frame 144
I1014 15:47:23.208546  9486 work_track.cpp:116] Succeeded to release track lock for frame 144
I1014 15:47:23.208560  9486 work_track.cpp:120] Track results of frame 144: 0 objects input, 0 objects tracked!
I1014 15:47:23.208578  9486 work_thread.hpp:87]  [T-Work-Detect_0] Frame :144 split
I1014 15:47:23.208622  9489 thread_intergrate.hpp:78] [T-Intergrate-intergrate] queue: frame output frame :144
I1014 15:47:23.209710  9489 thread_intergrate.hpp:188] T-Intergrate-intergrate Show face :1, size :640 * 360
I1014 15:47:23.237206  9483 demo_inner.hpp:177] decode queue size 0
I1014 15:47:23.237323  9486 work_thread.hpp:81]  [T-Work-Detect_0] Run work: WorkDetect
I1014 15:47:23.237360  9486 work_detect.cpp:102] Succeeded to add det start for frame 145
I1014 15:47:23.244148  9486 work_detect.cpp:70] Frame :145 detect result :1 face(s)
I1014 15:47:23.244213  9486 work_detect.cpp:86] Detected bbox: [183 x 220 from (238, 134)]
I1014 15:47:23.244257  9486 work_detect.cpp:120] Succeeded to add det end for frame 145
I1014 15:47:23.244273  9486 work_thread.hpp:81]  [T-Work-Detect_0] Run work: WrokTrack
I1014 15:47:23.244297  9486 work_track.cpp:82] Frame: 145 build input_characts: [0.285937 x 0.611111 from (0.371875, 0.372222)], 0.997596, 0
I1014 15:47:23.244352  9486 work_track.cpp:102] Succeeded to set track lock for frame 145
I1014 15:47:23.244391  9486 work_track.cpp:116] Succeeded to release track lock for frame 145
I1014 15:47:23.244405  9486 work_track.cpp:120] Track results of frame 145: 1 objects input, 0 objects tracked!
I1014 15:47:23.244423  9486 work_track.cpp:162] Frame: 145 lid: 0 not tracked, will set invalid
I1014 15:47:23.244438  9486 work_thread.hpp:87]  [T-Work-Detect_0] Frame :145 split
I1014 15:47:23.244454  9486 work_thread.hpp:126]  [T-Work-Detect_0] Invalid piece: lid = 0, drop it
I1014 15:47:23.244495  9489 thread_intergrate.hpp:78] [T-Intergrate-intergrate] queue: frame output frame :145
I1014 15:47:23.245582  9489 thread_intergrate.hpp:188] T-Intergrate-intergrate Show face :1, size :640 * 360
I1014 15:47:23.255792  9489 thread_intergrate.hpp:95] T-Intergrate-intergrate Try push queue sorting again 5 vs 5
I1014 15:47:23.265905  9489 thread_intergrate.hpp:95] T-Intergrate-intergrate Try push queue sorting again 5 vs 5
I1014 15:47:23.267418  9483 demo_inner.hpp:177] decode queue size 0
I1014 15:47:23.267527  9486 work_thread.hpp:81]  [T-Work-Detect_0] Run work: WorkDetect
I1014 15:47:23.267566  9486 work_detect.cpp:102] Succeeded to add det start for frame 146
I1014 15:47:23.274451  9486 work_detect.cpp:70] Frame :146 detect result :1 face(s)
W1014 15:47:23.274497  9486 work_detect.cpp:83] Invalid bbox: [175 x 204 from (244, 160)]
I1014 15:47:23.274617  9486 work_detect.cpp:120] Succeeded to add det end for frame 146
I1014 15:47:23.274634  9486 work_thread.hpp:81]  [T-Work-Detect_0] Run work: WrokTrack
I1014 15:47:23.274662  9486 work_track.cpp:102] Succeeded to set track lock for frame 146
I1014 15:47:23.274693  9486 work_track.cpp:116] Succeeded to release track lock for frame 146
I1014 15:47:23.274706  9486 work_track.cpp:120] Track results of frame 146: 0 objects input, 0 objects tracked!
I1014 15:47:23.274724  9486 work_thread.hpp:87]  [T-Work-Detect_0] Frame :146 split
I1014 15:47:23.276041  9489 thread_intergrate.hpp:95] T-Intergrate-intergrate Try push queue sorting again 5 vs 5
I1014 15:47:23.286135  9489 thread_intergrate.hpp:95] T-Intergrate-intergrate Try push queue sorting again 5 vs 5
I1014 15:47:23.296252  9489 thread_intergrate.hpp:95] T-Intergrate-intergrate Try push queue sorting again 5 vs 5
I1014 15:47:23.303288  9483 demo_inner.hpp:177] decode queue size 0
I1014 15:47:23.303405  9486 work_thread.hpp:81]  [T-Work-Detect_0] Run work: WorkDetect
I1014 15:47:23.303442  9486 work_detect.cpp:102] Succeeded to add det start for frame 147
I1014 15:47:23.306399  9489 thread_intergrate.hpp:95] T-Intergrate-intergrate Try push queue sorting again 5 vs 5
I1014 15:47:23.310305  9486 work_detect.cpp:70] Frame :147 detect result :1 face(s)
W1014 15:47:23.310331  9486 work_detect.cpp:83] Invalid bbox: [175 x 204 from (243, 160)]
I1014 15:47:23.310451  9486 work_detect.cpp:120] Succeeded to add det end for frame 147
I1014 15:47:23.310468  9486 work_thread.hpp:81]  [T-Work-Detect_0] Run work: WrokTrack
I1014 15:47:23.310494  9486 work_track.cpp:102] Succeeded to set track lock for frame 147
I1014 15:47:23.310528  9486 work_track.cpp:116] Succeeded to release track lock for frame 147
I1014 15:47:23.310544  9486 work_track.cpp:120] Track results of frame 147: 0 objects input, 0 objects tracked!
I1014 15:47:23.310562  9486 work_thread.hpp:87]  [T-Work-Detect_0] Frame :147 split
I1014 15:47:23.316514  9489 thread_intergrate.hpp:95] T-Intergrate-intergrate Try push queue sorting again 5 vs 5
I1014 15:47:23.326618  9489 thread_intergrate.hpp:95] T-Intergrate-intergrate Try push queue sorting again 5 vs 5
I1014 15:47:23.333392  9483 demo_inner.hpp:177] decode queue size 0
I1014 15:47:23.333506  9486 work_thread.hpp:81]  [T-Work-Detect_0] Run work: WorkDetect
I1014 15:47:23.333541  9486 work_detect.cpp:102] Succeeded to add det start for frame 148
I1014 15:47:23.336755  9489 thread_intergrate.hpp:95] T-Intergrate-intergrate Try push queue sorting again 5 vs 5
I1014 15:47:23.340423  9486 work_detect.cpp:70] Frame :148 detect result :1 face(s)
W1014 15:47:23.340447  9486 work_detect.cpp:83] Invalid bbox: [171 x 206 from (242, 158)]
I1014 15:47:23.340543  9486 work_detect.cpp:120] Succeeded to add det end for frame 148
I1014 15:47:23.340560  9486 work_thread.hpp:81]  [T-Work-Detect_0] Run work: WrokTrack
I1014 15:47:23.340585  9486 work_track.cpp:102] Succeeded to set track lock for frame 148
I1014 15:47:23.340611  9486 work_track.cpp:116] Succeeded to release track lock for frame 148
I1014 15:47:23.340626  9486 work_track.cpp:120] Track results of frame 148: 0 objects input, 0 objects tracked!
I1014 15:47:23.340644  9486 work_thread.hpp:87]  [T-Work-Detect_0] Frame :148 split
I1014 15:47:23.346868  9489 thread_intergrate.hpp:95] T-Intergrate-intergrate Try push queue sorting again 5 vs 5
I1014 15:47:23.356954  9489 thread_intergrate.hpp:95] T-Intergrate-intergrate Try push queue sorting again 5 vs 5
I1014 15:47:23.367063  9489 thread_intergrate.hpp:95] T-Intergrate-intergrate Try push queue sorting again 5 vs 5
I1014 15:47:23.369279  9483 demo_inner.hpp:177] decode queue size 0
I1014 15:47:23.369396  9486 work_thread.hpp:81]  [T-Work-Detect_0] Run work: WorkDetect
I1014 15:47:23.369436  9486 work_detect.cpp:102] Succeeded to add det start for frame 149
I1014 15:47:23.376330  9486 work_detect.cpp:70] Frame :149 detect result :1 face(s)
W1014 15:47:23.376382  9486 work_detect.cpp:83] Invalid bbox: [173 x 206 from (243, 160)]
I1014 15:47:23.376504  9486 work_detect.cpp:120] Succeeded to add det end for frame 149
I1014 15:47:23.376523  9486 work_thread.hpp:81]  [T-Work-Detect_0] Run work: WrokTrack
I1014 15:47:23.376549  9486 work_track.cpp:102] Succeeded to set track lock for frame 149
I1014 15:47:23.376576  9486 work_track.cpp:116] Succeeded to release track lock for frame 149
I1014 15:47:23.376590  9486 work_track.cpp:120] Track results of frame 149: 0 objects input, 0 objects tracked!
I1014 15:47:23.376608  9486 work_thread.hpp:87]  [T-Work-Detect_0] Frame :149 split
I1014 15:47:23.377197  9489 thread_intergrate.hpp:95] T-Intergrate-intergrate Try push queue sorting again 5 vs 5
I1014 15:47:23.387287  9489 thread_intergrate.hpp:95] T-Intergrate-intergrate Try push queue sorting again 5 vs 5
I1014 15:47:23.397397  9489 thread_intergrate.hpp:95] T-Intergrate-intergrate Try push queue sorting again 5 vs 5
I1014 15:47:23.399392  9483 demo_inner.hpp:177] decode queue size 0
I1014 15:47:23.399505  9486 work_thread.hpp:81]  [T-Work-Detect_0] Run work: WorkDetect
I1014 15:47:23.399543  9486 work_detect.cpp:102] Succeeded to add det start for frame 150
I1014 15:47:23.406388  9486 work_detect.cpp:70] Frame :150 detect result :1 face(s)
W1014 15:47:23.406433  9486 work_detect.cpp:83] Invalid bbox: [177 x 214 from (243, 157)]
I1014 15:47:23.406551  9486 work_detect.cpp:120] Succeeded to add det end for frame 150
I1014 15:47:23.406569  9486 work_thread.hpp:81]  [T-Work-Detect_0] Run work: WrokTrack
I1014 15:47:23.406596  9486 work_track.cpp:102] Succeeded to set track lock for frame 150
I1014 15:47:23.406623  9486 work_track.cpp:116] Succeeded to release track lock for frame 150
I1014 15:47:23.406637  9486 work_track.cpp:120] Track results of frame 150: 0 objects input, 0 objects tracked!
I1014 15:47:23.406656  9486 work_thread.hpp:87]  [T-Work-Detect_0] Frame :150 split
I1014 15:47:23.407532  9489 thread_intergrate.hpp:95] T-Intergrate-intergrate Try push queue sorting again 5 vs 5
I1014 15:47:23.417624  9489 thread_intergrate.hpp:95] T-Intergrate-intergrate Try push queue sorting again 5 vs 5
I1014 15:47:23.427734  9489 thread_intergrate.hpp:95] T-Intergrate-intergrate Try push queue sorting again 5 vs 5
I1014 15:47:23.435371  9483 demo_inner.hpp:177] decode queue size 0
I1014 15:47:23.435483  9486 work_thread.hpp:81]  [T-Work-Detect_0] Run work: WorkDetect
I1014 15:47:23.435520  9486 work_detect.cpp:102] Succeeded to add det start for frame 151
I1014 15:47:23.437870  9489 thread_intergrate.hpp:95] T-Intergrate-intergrate Try push queue sorting again 5 vs 5
I1014 15:47:23.442342  9486 work_detect.cpp:70] Frame :151 detect result :1 face(s)
W1014 15:47:23.442368  9486 work_detect.cpp:83] Invalid bbox: [169 x 204 from (245, 162)]
I1014 15:47:23.442487  9486 work_detect.cpp:120] Succeeded to add det end for frame 151
I1014 15:47:23.442507  9486 work_thread.hpp:81]  [T-Work-Detect_0] Run work: WrokTrack
I1014 15:47:23.442530  9486 work_track.cpp:102] Succeeded to set track lock for frame 151
I1014 15:47:23.442557  9486 work_track.cpp:116] Succeeded to release track lock for frame 151
I1014 15:47:23.442571  9486 work_track.cpp:120] Track results of frame 151: 0 objects input, 0 objects tracked!
I1014 15:47:23.442589  9486 work_thread.hpp:87]  [T-Work-Detect_0] Frame :151 split
I1014 15:47:23.447975  9489 thread_intergrate.hpp:95] T-Intergrate-intergrate Try push queue sorting again 5 vs 5
I1014 15:47:23.458073  9489 thread_intergrate.hpp:95] T-Intergrate-intergrate Try push queue sorting again 5 vs 5
I1014 15:47:23.468199  9489 thread_intergrate.hpp:95] T-Intergrate-intergrate Try push queue sorting again 5 vs 5
I1014 15:47:23.471206  9483 demo_inner.hpp:177] decode queue size 0
I1014 15:47:23.471338  9486 work_thread.hpp:81]  [T-Work-Detect_0] Run work: WorkDetect
I1014 15:47:23.471374  9486 work_detect.cpp:102] Succeeded to add det start for frame 152
I1014 15:47:23.478366  9486 work_detect.cpp:70] Frame :152 detect result :1 face(s)
I1014 15:47:23.478343  9489 thread_intergrate.hpp:95] T-Intergrate-intergrate Try push queue sorting again 5 vs 5
W1014 15:47:23.478400  9486 work_detect.cpp:83] Invalid bbox: [171 x 207 from (245, 160)]
I1014 15:47:23.478497  9486 work_detect.cpp:120] Succeeded to add det end for frame 152
I1014 15:47:23.478514  9486 work_thread.hpp:81]  [T-Work-Detect_0] Run work: WrokTrack
I1014 15:47:23.478538  9486 work_track.cpp:102] Succeeded to set track lock for frame 152
I1014 15:47:23.478564  9486 work_track.cpp:116] Succeeded to release track lock for frame 152
I1014 15:47:23.478577  9486 work_track.cpp:120] Track results of frame 152: 0 objects input, 0 objects tracked!
I1014 15:47:23.478595  9486 work_thread.hpp:87]  [T-Work-Detect_0] Frame :152 split
I1014 15:47:23.488471  9489 thread_intergrate.hpp:95] T-Intergrate-intergrate Try push queue sorting again 5 vs 5
I1014 15:47:23.498587  9489 thread_intergrate.hpp:95] T-Intergrate-intergrate Try push queue sorting again 5 vs 5
I1014 15:47:23.501333  9483 demo_inner.hpp:177] decode queue size 0
I1014 15:47:23.501438  9486 work_thread.hpp:81]  [T-Work-Detect_0] Run work: WorkDetect
I1014 15:47:23.501474  9486 work_detect.cpp:102] Succeeded to add det start for frame 153
I1014 15:47:23.508291  9486 work_detect.cpp:70] Frame :153 detect result :1 face(s)
W1014 15:47:23.508329  9486 work_detect.cpp:83] Invalid bbox: [173 x 204 from (244, 163)]
I1014 15:47:23.508455  9486 work_detect.cpp:120] Succeeded to add det end for frame 153
I1014 15:47:23.508472  9486 work_thread.hpp:81]  [T-Work-Detect_0] Run work: WrokTrack
I1014 15:47:23.508499  9486 work_track.cpp:102] Succeeded to set track lock for frame 153
I1014 15:47:23.508525  9486 work_track.cpp:116] Succeeded to release track lock for frame 153
I1014 15:47:23.508539  9486 work_track.cpp:120] Track results of frame 153: 0 objects input, 0 objects tracked!
I1014 15:47:23.508558  9486 work_thread.hpp:87]  [T-Work-Detect_0] Frame :153 split
I1014 15:47:23.508721  9489 thread_intergrate.hpp:95] T-Intergrate-intergrate Try push queue sorting again 5 vs 5
I1014 15:47:23.518810  9489 thread_intergrate.hpp:95] T-Intergrate-intergrate Try push queue sorting again 5 vs 5
I1014 15:47:23.528904  9489 thread_intergrate.hpp:95] T-Intergrate-intergrate Try push queue sorting again 5 vs 5
I1014 15:47:23.537225  9483 demo_inner.hpp:177] decode queue size 0
I1014 15:47:23.537333  9486 work_thread.hpp:81]  [T-Work-Detect_0] Run work: WorkDetect
I1014 15:47:23.537370  9486 work_detect.cpp:102] Succeeded to add det start for frame 154
I1014 15:47:23.539024  9489 thread_intergrate.hpp:95] T-Intergrate-intergrate Try push queue sorting again 5 vs 5
I1014 15:47:23.544217  9486 work_detect.cpp:70] Frame :154 detect result :1 face(s)
W1014 15:47:23.544242  9486 work_detect.cpp:83] Invalid bbox: [172 x 206 from (245, 161)]
I1014 15:47:23.544358  9486 work_detect.cpp:120] Succeeded to add det end for frame 154
I1014 15:47:23.544376  9486 work_thread.hpp:81]  [T-Work-Detect_0] Run work: WrokTrack
I1014 15:47:23.544399  9486 work_track.cpp:102] Succeeded to set track lock for frame 154
I1014 15:47:23.544426  9486 work_track.cpp:116] Succeeded to release track lock for frame 154
I1014 15:47:23.544440  9486 work_track.cpp:120] Track results of frame 154: 0 objects input, 0 objects tracked!
I1014 15:47:23.544458  9486 work_thread.hpp:87]  [T-Work-Detect_0] Frame :154 split
I1014 15:47:23.549118  9489 thread_intergrate.hpp:95] T-Intergrate-intergrate Try push queue sorting again 5 vs 5
I1014 15:47:23.554540  9486 work_thread.hpp:102]  [T-Work-Detect_0] Try to push queue frame again 8 vs 8
I1014 15:47:23.559216  9489 thread_intergrate.hpp:95] T-Intergrate-intergrate Try push queue sorting again 5 vs 5
I1014 15:47:23.564630  9486 work_thread.hpp:102]  [T-Work-Detect_0] Try to push queue frame again 8 vs 8
I1014 15:47:23.567356  9483 demo_inner.hpp:177] decode queue size 0
I1014 15:47:23.569334  9489 thread_intergrate.hpp:95] T-Intergrate-intergrate Try push queue sorting again 5 vs 5
I1014 15:47:23.574723  9486 work_thread.hpp:102]  [T-Work-Detect_0] Try to push queue frame again 8 vs 8
I1014 15:47:23.579506  9489 thread_intergrate.hpp:95] T-Intergrate-intergrate Try push queue sorting again 5 vs 5
I1014 15:47:23.584807  9486 work_thread.hpp:102]  [T-Work-Detect_0] Try to push queue frame again 8 vs 8
I1014 15:47:23.589591  9489 thread_intergrate.hpp:95] T-Intergrate-intergrate Try push queue sorting again 5 vs 5
I1014 15:47:23.594890  9486 work_thread.hpp:102]  [T-Work-Detect_0] Try to push queue frame again 8 vs 8
I1014 15:47:23.599678  9489 thread_intergrate.hpp:95] T-Intergrate-intergrate Try push queue sorting again 5 vs 5
I1014 15:47:23.603149  9483 demo_inner.hpp:177] decode queue size 1
I1014 15:47:23.604984  9486 work_thread.hpp:102]  [T-Work-Detect_0] Try to push queue frame again 8 vs 8
I1014 15:47:23.609778  9489 thread_intergrate.hpp:95] T-Intergrate-intergrate Try push queue sorting again 5 vs 5
I1014 15:47:23.615078  9486 work_thread.hpp:102]  [T-Work-Detect_0] Try to push queue frame again 8 vs 8
I1014 15:47:23.619865  9489 thread_intergrate.hpp:95] T-Intergrate-intergrate Try push queue sorting again 5 vs 5
I1014 15:47:23.625164  9486 work_thread.hpp:102]  [T-Work-Detect_0] Try to push queue frame again 8 vs 8
I1014 15:47:23.629952  9489 thread_intergrate.hpp:95] T-Intergrate-intergrate Try push queue sorting again 5 vs 5
I1014 15:47:23.632925  9483 demo_inner.hpp:177] decode queue size 1
I1014 15:47:23.635252  9486 work_thread.hpp:102]  [T-Work-Detect_0] Try to push queue frame again 8 vs 8
I1014 15:47:23.640046  9489 thread_intergrate.hpp:95] T-Intergrate-intergrate Try push queue sorting again 5 vs 5
I1014 15:47:23.645337  9486 work_thread.hpp:102]  [T-Work-Detect_0] Try to push queue frame again 8 vs 8
I1014 15:47:23.650131  9489 thread_intergrate.hpp:95] T-Intergrate-intergrate Try push queue sorting again 5 vs 5
I1014 15:47:23.655419  9486 work_thread.hpp:102]  [T-Work-Detect_0] Try to push queue frame again 8 vs 8
I1014 15:47:23.660198  9489 thread_intergrate.hpp:95] T-Intergrate-intergrate Try push queue sorting again 5 vs 5
I1014 15:47:23.665503  9486 work_thread.hpp:102]  [T-Work-Detect_0] Try to push queue frame again 8 vs 8
I1014 15:47:23.668785  9483 demo_inner.hpp:177] decode queue size 1
I1014 15:47:23.670300  9489 thread_intergrate.hpp:95] T-Intergrate-intergrate Try push queue sorting again 5 vs 5
I1014 15:47:23.675460  9484 demo_inner.hpp:260]  gui queue size 10, state = running
I1014 15:47:23.675591  9486 work_thread.hpp:102]  [T-Work-Detect_0] Try to push queue frame again 8 vs 8
I1014 15:47:23.675665  9489 thread_intergrate.hpp:78] [T-Intergrate-intergrate] queue: frame output frame :146
I1014 15:47:23.675714  9486 work_thread.hpp:81]  [T-Work-Detect_0] Run work: WorkDetect
I1014 15:47:23.675746  9486 work_detect.cpp:102] Succeeded to add det start for frame 155
I1014 15:47:23.675839  9485 demo_inner.hpp:435] thread [SORT-0]  frame id 140 sorting queue size 0   FPS: 23.1499
I1014 15:47:23.676208  9485 demo_inner.hpp:435] thread [SORT-0]  frame id 141 sorting queue size 1   FPS: 23.4615
I1014 15:47:23.676507  9485 demo_inner.hpp:435] thread [SORT-0]  frame id 142 sorting queue size 2   FPS: 23.7354
I1014 15:47:23.676771  9489 thread_intergrate.hpp:188] T-Intergrate-intergrate Show face :1, size :640 * 360
I1014 15:47:23.676808  9485 demo_inner.hpp:435] thread [SORT-0]  frame id 143 sorting queue size 3   FPS: 24.0821
I1014 15:47:23.676935  9489 thread_intergrate.hpp:78] [T-Intergrate-intergrate] queue: frame output frame :147
I1014 15:47:23.677119  9485 demo_inner.hpp:435] thread [SORT-0]  frame id 144 sorting queue size 4   FPS: 24.361
I1014 15:47:23.677409  9485 demo_inner.hpp:435] thread [SORT-0]  frame id 145 sorting queue size 5   FPS: 24.7164
I1014 15:47:23.677762  9485 demo_inner.hpp:435] thread [SORT-0]  frame id 146 sorting queue size 6   FPS: 25.0719
I1014 15:47:23.678030  9489 thread_intergrate.hpp:188] T-Intergrate-intergrate Show face :1, size :640 * 360
I1014 15:47:23.678185  9489 thread_intergrate.hpp:78] [T-Intergrate-intergrate] queue: frame output frame :148
I1014 15:47:23.678524  9485 demo_inner.hpp:435] thread [SORT-0]  frame id 147 sorting queue size 7   FPS: 25.3955
I1014 15:47:23.679401  9489 thread_intergrate.hpp:188] T-Intergrate-intergrate Show face :1, size :640 * 360
I1014 15:47:23.679494  9484 demo_inner.hpp:260]  gui queue size 7, state = running
I1014 15:47:23.679620  9489 thread_intergrate.hpp:78] [T-Intergrate-intergrate] queue: frame output frame :149
