I1014 15:01:24.184093  8473 work_recog.hpp:89] Face id: 5 will run recog: bbox [168 x 204 from (239, 152)] quality: 0.385181
I1014 15:01:24.184154  8473 work_recog.hpp:96] Recog pair: [240 x 248 from (200, 112)], [168 x 204 from (39, 40)]
I1014 15:01:24.184181  8474 work_thread.hpp:81]  [T-Work-Recog_1] Run work: WorkRecog
W1014 15:01:24.184204  8474 work_recog.hpp:118] Face id: 7 has low quality : 0.0332435, no need to recog
I1014 15:01:24.184298  8474 work_thread.hpp:81]  [T-Work-Recog_1] Run work: WorkCompare
I1014 15:01:24.185179  8475 thread_intergrate.hpp:168] T-Intergrate-intergrate Show face :5, size :640 * 360
I1014 15:01:24.185994  8471 demo_inner.hpp:435] thread [SORT-0]  frame id 175 sorting queue size 0   FPS: 28.5578
I1014 15:01:24.202373  8473 work_thread.hpp:81]  [T-Work-Recog_0] Run work: WorkCompare
I1014 15:01:24.202911  8473 work_compare.cpp:76] Compare face: 5 successed, similarity :0.993133, name : images/ThangLMb.jpg, normal size : 1548 * 1719!
I1014 15:01:24.211323  8469 demo_inner.hpp:177] decode queue size 0
I1014 15:01:24.211441  8472 work_thread.hpp:81]  [T-Work-Detect_0] Run work: WorkDetect
I1014 15:01:24.211478  8472 work_detect.cpp:102] Succeeded to add det start for frame 176
I1014 15:01:24.218394  8472 work_detect.cpp:70] Frame :176 detect result :2 face(s)
I1014 15:01:24.218446  8472 work_detect.cpp:86] Detected bbox: [167 x 204 from (240, 152)]
I1014 15:01:24.218478  8472 work_detect.cpp:86] Detected bbox: [55 x 60 from (95, 204)]
I1014 15:01:24.218511  8472 work_detect.cpp:120] Succeeded to add det end for frame 176
I1014 15:01:24.218528  8472 work_thread.hpp:81]  [T-Work-Detect_0] Run work: WrokTrack
I1014 15:01:24.218554  8472 work_track.cpp:82] Frame: 176 build input_characts: [0.260938 x 0.566667 from (0.375, 0.422222)], 0.999622, 0
I1014 15:01:24.218606  8472 work_track.cpp:82] Frame: 176 build input_characts: [0.0859375 x 0.166667 from (0.148438, 0.566667)], 0.968742, 1
I1014 15:01:24.218641  8472 work_track.cpp:102] Succeeded to set track lock for frame 176
I1014 15:01:24.218684  8472 work_track.cpp:116] Succeeded to release track lock for frame 176
I1014 15:01:24.218787  8472 work_track.cpp:120] Track results of frame 176: 2 objects input, 2 objects tracked!
I1014 15:01:24.218808  8472 work_track.cpp:148] Frame: 176, track bbox: [167 x 204 from (241, 150.849)], gid: 5, lid: 0
I1014 15:01:24.218844  8472 work_track.cpp:148] Frame: 176, track bbox: [55 x 60 from (94.923, 204.226)], gid: 7, lid: 1
I1014 15:01:24.218876  8472 work_thread.hpp:87]  [T-Work-Detect_0] Frame :176 split
I1014 15:01:24.218894  8472 work_thread.hpp:120]  [T-Work-Detect_0] Valid piece: gid = 5
I1014 15:01:24.218911  8472 work_thread.hpp:120]  [T-Work-Detect_0] Valid piece: gid = 7
I1014 15:01:24.218930  8472 work_thread.hpp:91]  [T-Work-Detect_0] Push to split queue:recog
I1014 15:01:24.218956  8472 work_thread.hpp:91]  [T-Work-Detect_0] Push to split queue:recog
I1014 15:01:24.219002  8474 work_thread.hpp:81]  [T-Work-Recog_1] Run work: WorkCapture
I1014 15:01:24.219010  8473 work_thread.hpp:81]  [T-Work-Recog_0] Run work: WorkCapture
I1014 15:01:24.219305  8475 thread_intergrate.hpp:78] [T-Intergrate-intergrate] queue: frame output frame :176
I1014 15:01:24.219332  8475 thread_intergrate.hpp:85] [T-Intergrate-intergrate] queue: compare output face:5
I1014 15:01:24.219352  8475 thread_intergrate.hpp:144] T-Intergrate-intergrate set matched face: 5
I1014 15:01:24.219683  8474 work_thread.hpp:81]  [T-Work-Recog_1] Run work: WorkRecog
I1014 15:01:24.219708  8474 work_recog.hpp:89] Face id: 5 will run recog: bbox [167 x 204 from (240, 152)] quality: 0.396213
I1014 15:01:24.219738  8474 work_recog.hpp:96] Recog pair: [240 x 248 from (200, 112)], [167 x 204 from (40, 40)]
I1014 15:01:24.219727  8473 work_thread.hpp:81]  [T-Work-Recog_0] Run work: WorkRecog
W1014 15:01:24.219878  8473 work_recog.hpp:118] Face id: 7 has low quality : 0.0370139, no need to recog
I1014 15:01:24.220098  8473 work_thread.hpp:81]  [T-Work-Recog_0] Run work: WorkCompare
I1014 15:01:24.220950  8475 thread_intergrate.hpp:168] T-Intergrate-intergrate Show face :5, size :640 * 360
I1014 15:01:24.221668  8471 demo_inner.hpp:435] thread [SORT-0]  frame id 176 sorting queue size 1   FPS: 28.49
I1014 15:01:24.237675  8474 work_thread.hpp:81]  [T-Work-Recog_1] Run work: WorkCompare
I1014 15:01:24.238144  8474 work_compare.cpp:76] Compare face: 5 successed, similarity :0.990795, name : images/ThangLMb.jpg, normal size : 1548 * 1719!
I1014 15:01:24.241832  8469 demo_inner.hpp:177] decode queue size 0
I1014 15:01:24.241931  8472 work_thread.hpp:81]  [T-Work-Detect_0] Run work: WorkDetect
I1014 15:01:24.241968  8472 work_detect.cpp:102] Succeeded to add det start for frame 177
I1014 15:01:24.248764  8472 work_detect.cpp:70] Frame :177 detect result :2 face(s)
I1014 15:01:24.248811  8472 work_detect.cpp:86] Detected bbox: [164 x 216 from (241, 129)]
I1014 15:01:24.248843  8472 work_detect.cpp:86] Detected bbox: [53 x 56 from (95, 206)]
I1014 15:01:24.248875  8472 work_detect.cpp:120] Succeeded to add det end for frame 177
I1014 15:01:24.248890  8472 work_thread.hpp:81]  [T-Work-Detect_0] Run work: WrokTrack
I1014 15:01:24.248914  8472 work_track.cpp:82] Frame: 177 build input_characts: [0.25625 x 0.6 from (0.376563, 0.358333)], 1.00019, 0
I1014 15:01:24.248967  8472 work_track.cpp:82] Frame: 177 build input_characts: [0.0828125 x 0.155556 from (0.148438, 0.572222)], 0.932491, 1
I1014 15:01:24.249003  8472 work_track.cpp:102] Succeeded to set track lock for frame 177
I1014 15:01:24.249048  8472 work_track.cpp:116] Succeeded to release track lock for frame 177
I1014 15:01:24.249063  8472 work_track.cpp:120] Track results of frame 177: 2 objects input, 2 objects tracked!
I1014 15:01:24.249081  8472 work_track.cpp:148] Frame: 177, track bbox: [164 x 216 from (243.396, 139.372)], gid: 5, lid: 0
I1014 15:01:24.249115  8472 work_track.cpp:148] Frame: 177, track bbox: [53 x 56 from (95.5636, 206.128)], gid: 7, lid: 1
I1014 15:01:24.249148  8472 work_thread.hpp:87]  [T-Work-Detect_0] Frame :177 split
I1014 15:01:24.249166  8472 work_thread.hpp:120]  [T-Work-Detect_0] Valid piece: gid = 5
I1014 15:01:24.249183  8472 work_thread.hpp:120]  [T-Work-Detect_0] Valid piece: gid = 7
I1014 15:01:24.249275  8472 work_thread.hpp:91]  [T-Work-Detect_0] Push to split queue:recog
I1014 15:01:24.249303  8472 work_thread.hpp:91]  [T-Work-Detect_0] Push to split queue:recog
I1014 15:01:24.249325  8473 work_thread.hpp:81]  [T-Work-Recog_0] Run work: WorkCapture
I1014 15:01:24.249342  8474 work_thread.hpp:81]  [T-Work-Recog_1] Run work: WorkCapture
I1014 15:01:24.249593  8475 thread_intergrate.hpp:78] [T-Intergrate-intergrate] queue: frame output frame :177
I1014 15:01:24.249621  8475 thread_intergrate.hpp:85] [T-Intergrate-intergrate] queue: compare output face:5
I1014 15:01:24.249640  8475 thread_intergrate.hpp:144] T-Intergrate-intergrate set matched face: 5
I1014 15:01:24.250056  8473 work_thread.hpp:81]  [T-Work-Recog_0] Run work: WorkRecog
I1014 15:01:24.250080  8473 work_recog.hpp:89] Face id: 5 will run recog: bbox [164 x 216 from (241, 129)] quality: 0.46401
I1014 15:01:24.250113  8473 work_recog.hpp:96] Recog pair: [232 x 280 from (208, 80)], [164 x 216 from (33, 49)]
I1014 15:01:24.250149  8474 work_thread.hpp:81]  [T-Work-Recog_1] Run work: WorkRecog
W1014 15:01:24.250171  8474 work_recog.hpp:118] Face id: 7 has low quality : 0.0298027, no need to recog
I1014 15:01:24.250263  8474 work_thread.hpp:81]  [T-Work-Recog_1] Run work: WorkCompare
I1014 15:01:24.251179  8475 thread_intergrate.hpp:168] T-Intergrate-intergrate Show face :5, size :640 * 360
I1014 15:01:24.251811  8471 demo_inner.hpp:435] thread [SORT-0]  frame id 177 sorting queue size 2   FPS: 28.5578
I1014 15:01:24.268116  8473 work_thread.hpp:81]  [T-Work-Recog_0] Run work: WorkCompare
I1014 15:01:24.268623  8473 work_compare.cpp:76] Compare face: 5 successed, similarity :0.994966, name : images/ThangLMb.jpg, normal size : 1548 * 1719!
I1014 15:01:24.270416  8470 demo_inner.hpp:260]  gui queue size 2, state = running
I1014 15:01:24.277333  8469 demo_inner.hpp:177] decode queue size 0
I1014 15:01:24.277442  8472 work_thread.hpp:81]  [T-Work-Detect_0] Run work: WorkDetect
I1014 15:01:24.277477  8472 work_detect.cpp:102] Succeeded to add det start for frame 178
I1014 15:01:24.284379  8472 work_detect.cpp:70] Frame :178 detect result :2 face(s)
I1014 15:01:24.284421  8472 work_detect.cpp:86] Detected bbox: [161 x 208 from (241, 134)]
I1014 15:01:24.284454  8472 work_detect.cpp:86] Detected bbox: [54 x 60 from (95, 204)]
I1014 15:01:24.284485  8472 work_detect.cpp:120] Succeeded to add det end for frame 178
I1014 15:01:24.284502  8472 work_thread.hpp:81]  [T-Work-Detect_0] Run work: WrokTrack
I1014 15:01:24.284525  8472 work_track.cpp:82] Frame: 178 build input_characts: [0.251563 x 0.577778 from (0.376563, 0.372222)], 1.00019, 0
I1014 15:01:24.284577  8472 work_track.cpp:82] Frame: 178 build input_characts: [0.084375 x 0.166667 from (0.148438, 0.566667)], 0.959643, 1
I1014 15:01:24.284613  8472 work_track.cpp:102] Succeeded to set track lock for frame 178
I1014 15:01:24.284658  8472 work_track.cpp:116] Succeeded to release track lock for frame 178
I1014 15:01:24.284673  8472 work_track.cpp:120] Track results of frame 178: 2 objects input, 2 objects tracked!
I1014 15:01:24.284691  8472 work_track.cpp:148] Frame: 178, track bbox: [161 x 208 from (243.827, 138.441)], gid: 5, lid: 0
I1014 15:01:24.284725  8472 work_track.cpp:148] Frame: 178, track bbox: [54 x 60 from (94.7549, 204.082)], gid: 7, lid: 1
I1014 15:01:24.284757  8472 work_thread.hpp:87]  [T-Work-Detect_0] Frame :178 split
I1014 15:01:24.284775  8472 work_thread.hpp:120]  [T-Work-Detect_0] Valid piece: gid = 5
I1014 15:01:24.284793  8472 work_thread.hpp:120]  [T-Work-Detect_0] Valid piece: gid = 7
I1014 15:01:24.284811  8472 work_thread.hpp:91]  [T-Work-Detect_0] Push to split queue:recog
I1014 15:01:24.284835  8472 work_thread.hpp:91]  [T-Work-Detect_0] Push to split queue:recog
I1014 15:01:24.284888  8473 work_thread.hpp:81]  [T-Work-Recog_0] Run work: WorkCapture
I1014 15:01:24.284898  8474 work_thread.hpp:81]  [T-Work-Recog_1] Run work: WorkCapture
I1014 15:01:24.284893  8475 thread_intergrate.hpp:78] [T-Intergrate-intergrate] queue: frame output frame :178
I1014 15:01:24.285025  8475 thread_intergrate.hpp:85] [T-Intergrate-intergrate] queue: compare output face:5
I1014 15:01:24.285046  8475 thread_intergrate.hpp:144] T-Intergrate-intergrate set matched face: 5
I1014 15:01:24.285444  8474 work_thread.hpp:81]  [T-Work-Recog_1] Run work: WorkRecog
W1014 15:01:24.285466  8474 work_recog.hpp:118] Face id: 7 has low quality : 0.0411317, no need to recog
I1014 15:01:24.285684  8473 work_thread.hpp:81]  [T-Work-Recog_0] Run work: WorkRecog
I1014 15:01:24.286578  8475 thread_intergrate.hpp:168] T-Intergrate-intergrate Show face :5, size :640 * 360
I1014 15:01:24.286635  8474 work_thread.hpp:81]  [T-Work-Recog_1] Run work: WorkCompare
I1014 15:01:24.286643  8473 work_recog.hpp:89] Face id: 5 will run recog: bbox [161 x 208 from (241, 134)] quality: 0.450585
I1014 15:01:24.286703  8473 work_recog.hpp:96] Recog pair: [232 x 272 from (208, 88)], [161 x 208 from (33, 46)]
I1014 15:01:24.287957  8471 demo_inner.hpp:435] thread [SORT-0]  frame id 178 sorting queue size 0   FPS: 28.4765
I1014 15:01:24.288043  8470 demo_inner.hpp:260]  gui queue size 0, state = running
I1014 15:01:24.304796  8473 work_thread.hpp:81]  [T-Work-Recog_0] Run work: WorkCompare
I1014 15:01:24.305310  8473 work_compare.cpp:76] Compare face: 5 successed, similarity :0.994648, name : images/ThangLMb.jpg, normal size : 1548 * 1719!
I1014 15:01:24.313369  8469 demo_inner.hpp:177] decode queue size 0
I1014 15:01:24.313472  8472 work_thread.hpp:81]  [T-Work-Detect_0] Run work: WorkDetect
I1014 15:01:24.313508  8472 work_detect.cpp:102] Succeeded to add det start for frame 179
I1014 15:01:24.320354  8472 work_detect.cpp:70] Frame :179 detect result :2 face(s)
I1014 15:01:24.320405  8472 work_detect.cpp:86] Detected bbox: [167 x 220 from (239, 124)]
I1014 15:01:24.320441  8472 work_detect.cpp:86] Detected bbox: [52 x 53 from (95, 208)]
I1014 15:01:24.320472  8472 work_detect.cpp:120] Succeeded to add det end for frame 179
I1014 15:01:24.320488  8472 work_thread.hpp:81]  [T-Work-Detect_0] Run work: WrokTrack
I1014 15:01:24.320513  8472 work_track.cpp:82] Frame: 179 build input_characts: [0.260938 x 0.611111 from (0.373437, 0.344444)], 1.00019, 0
I1014 15:01:24.320565  8472 work_track.cpp:82] Frame: 179 build input_characts: [0.08125 x 0.147222 from (0.148438, 0.577778)], 0.923714, 1
I1014 15:01:24.320601  8472 work_track.cpp:102] Succeeded to set track lock for frame 179
I1014 15:01:24.320644  8472 work_track.cpp:116] Succeeded to release track lock for frame 179
I1014 15:01:24.320659  8472 work_track.cpp:120] Track results of frame 179: 2 objects input, 2 objects tracked!
I1014 15:01:24.320677  8472 work_track.cpp:148] Frame: 179, track bbox: [167 x 220 from (239.089, 125.951)], gid: 5, lid: 0
I1014 15:01:24.320711  8472 work_track.cpp:148] Frame: 179, track bbox: [52 x 53 from (95.3712, 207.63)], gid: 7, lid: 1
I1014 15:01:24.320744  8472 work_thread.hpp:87]  [T-Work-Detect_0] Frame :179 split
I1014 15:01:24.320761  8472 work_thread.hpp:120]  [T-Work-Detect_0] Valid piece: gid = 5
I1014 15:01:24.320778  8472 work_thread.hpp:120]  [T-Work-Detect_0] Valid piece: gid = 7
I1014 15:01:24.320796  8472 work_thread.hpp:91]  [T-Work-Detect_0] Push to split queue:recog
I1014 15:01:24.320822  8472 work_thread.hpp:91]  [T-Work-Detect_0] Push to split queue:recog
I1014 15:01:24.320842  8473 work_thread.hpp:81]  [T-Work-Recog_0] Run work: WorkCapture
I1014 15:01:24.320864  8474 work_thread.hpp:81]  [T-Work-Recog_1] Run work: WorkCapture
I1014 15:01:24.321103  8475 thread_intergrate.hpp:78] [T-Intergrate-intergrate] queue: frame output frame :179
I1014 15:01:24.321132  8475 thread_intergrate.hpp:85] [T-Intergrate-intergrate] queue: compare output face:5
I1014 15:01:24.321151  8475 thread_intergrate.hpp:144] T-Intergrate-intergrate set matched face: 5
I1014 15:01:24.321389  8474 work_thread.hpp:81]  [T-Work-Recog_1] Run work: WorkRecog
W1014 15:01:24.321414  8474 work_recog.hpp:118] Face id: 7 has low quality : 0.0332435, no need to recog
I1014 15:01:24.321533  8473 work_thread.hpp:81]  [T-Work-Recog_0] Run work: WorkRecog
I1014 15:01:24.321543  8474 work_thread.hpp:81]  [T-Work-Recog_1] Run work: WorkCompare
I1014 15:01:24.321610  8473 work_recog.hpp:89] Face id: 5 will run recog: bbox [167 x 220 from (239, 124)] quality: 0.474052
I1014 15:01:24.321640  8473 work_recog.hpp:96] Recog pair: [240 x 280 from (200, 80)], [167 x 220 from (39, 44)]
I1014 15:01:24.322693  8475 thread_intergrate.hpp:168] T-Intergrate-intergrate Show face :5, size :640 * 360
I1014 15:01:24.323285  8471 demo_inner.hpp:435] thread [SORT-0]  frame id 179 sorting queue size 0   FPS: 28.49
I1014 15:01:24.340127  8473 work_thread.hpp:81]  [T-Work-Recog_0] Run work: WorkCompare
I1014 15:01:24.340677  8473 work_compare.cpp:76] Compare face: 5 successed, similarity :0.994769, name : images/ThangLMb.jpg, normal size : 1548 * 1719!
I1014 15:01:24.343395  8469 demo_inner.hpp:177] decode queue size 0
I1014 15:01:24.343490  8472 work_thread.hpp:81]  [T-Work-Detect_0] Run work: WorkDetect
I1014 15:01:24.343525  8472 work_detect.cpp:102] Succeeded to add det start for frame 180
I1014 15:01:24.350368  8472 work_detect.cpp:70] Frame :180 detect result :2 face(s)
I1014 15:01:24.350409  8472 work_detect.cpp:86] Detected bbox: [158 x 207 from (244, 132)]
I1014 15:01:24.350442  8472 work_detect.cpp:86] Detected bbox: [56 x 60 from (95, 204)]
I1014 15:01:24.350474  8472 work_detect.cpp:120] Succeeded to add det end for frame 180
I1014 15:01:24.350491  8472 work_thread.hpp:81]  [T-Work-Detect_0] Run work: WrokTrack
I1014 15:01:24.350514  8472 work_track.cpp:82] Frame: 180 build input_characts: [0.246875 x 0.575 from (0.38125, 0.366667)], 1.00019, 0
I1014 15:01:24.350566  8472 work_track.cpp:82] Frame: 180 build input_characts: [0.0875 x 0.166667 from (0.148438, 0.566667)], 0.959737, 1
I1014 15:01:24.350602  8472 work_track.cpp:102] Succeeded to set track lock for frame 180
I1014 15:01:24.350666  8472 work_track.cpp:116] Succeeded to release track lock for frame 180
I1014 15:01:24.350682  8472 work_track.cpp:120] Track results of frame 180: 2 objects input, 2 objects tracked!
I1014 15:01:24.350699  8472 work_track.cpp:148] Frame: 180, track bbox: [158 x 207 from (243.432, 127.785)], gid: 5, lid: 0
I1014 15:01:24.350733  8472 work_track.cpp:148] Frame: 180, track bbox: [56 x 60 from (93.9731, 204.084)], gid: 7, lid: 1
I1014 15:01:24.350766  8472 work_thread.hpp:87]  [T-Work-Detect_0] Frame :180 split
I1014 15:01:24.350783  8472 work_thread.hpp:120]  [T-Work-Detect_0] Valid piece: gid = 5
I1014 15:01:24.350801  8472 work_thread.hpp:120]  [T-Work-Detect_0] Valid piece: gid = 7
I1014 15:01:24.350818  8472 work_thread.hpp:91]  [T-Work-Detect_0] Push to split queue:recog
I1014 15:01:24.350850  8472 work_thread.hpp:91]  [T-Work-Detect_0] Push to split queue:recog
I1014 15:01:24.350879  8473 work_thread.hpp:81]  [T-Work-Recog_0] Run work: WorkCapture
I1014 15:01:24.351490  8474 work_thread.hpp:81]  [T-Work-Recog_1] Run work: WorkCapture
I1014 15:01:24.351569  8473 work_thread.hpp:81]  [T-Work-Recog_0] Run work: WorkRecog
I1014 15:01:24.351595  8473 work_recog.hpp:89] Face id: 5 will run recog: bbox [158 x 207 from (244, 132)] quality: 0.463755
I1014 15:01:24.351627  8473 work_recog.hpp:96] Recog pair: [232 x 272 from (208, 88)], [158 x 207 from (36, 44)]
I1014 15:01:24.351642  8470 demo_inner.hpp:260]  gui queue size 0, state = running
I1014 15:01:24.352231  8474 work_thread.hpp:81]  [T-Work-Recog_1] Run work: WorkRecog
W1014 15:01:24.352262  8474 work_recog.hpp:118] Face id: 7 has low quality : 0.0298017, no need to recog
I1014 15:01:24.352434  8474 work_thread.hpp:81]  [T-Work-Recog_1] Run work: WorkCompare
I1014 15:01:24.352394  8475 thread_intergrate.hpp:78] [T-Intergrate-intergrate] queue: frame output frame :180
I1014 15:01:24.352470  8475 thread_intergrate.hpp:85] [T-Intergrate-intergrate] queue: compare output face:5
I1014 15:01:24.352489  8475 thread_intergrate.hpp:144] T-Intergrate-intergrate set matched face: 5
I1014 15:01:24.354245  8475 thread_intergrate.hpp:168] T-Intergrate-intergrate Show face :5, size :640 * 360
I1014 15:01:24.354890  8471 demo_inner.hpp:435] thread [SORT-0]  frame id 180 sorting queue size 0   FPS: 28.463
I1014 15:01:24.370941  8473 work_thread.hpp:81]  [T-Work-Recog_0] Run work: WorkCompare
I1014 15:01:24.371464  8473 work_compare.cpp:76] Compare face: 5 successed, similarity :0.990512, name : images/ThangLMb.jpg, normal size : 1548 * 1719!
I1014 15:01:24.379463  8469 demo_inner.hpp:177] decode queue size 0
I1014 15:01:24.379577  8472 work_thread.hpp:81]  [T-Work-Detect_0] Run work: WorkDetect
I1014 15:01:24.379614  8472 work_detect.cpp:102] Succeeded to add det start for frame 181
I1014 15:01:24.387188  8472 work_detect.cpp:70] Frame :181 detect result :1 face(s)
I1014 15:01:24.387265  8472 work_detect.cpp:86] Detected bbox: [156 x 207 from (246, 128)]
I1014 15:01:24.387315  8472 work_detect.cpp:120] Succeeded to add det end for frame 181
I1014 15:01:24.387332  8472 work_thread.hpp:81]  [T-Work-Detect_0] Run work: WrokTrack
I1014 15:01:24.387360  8472 work_track.cpp:82] Frame: 181 build input_characts: [0.24375 x 0.575 from (0.384375, 0.355556)], 1.00019, 0
I1014 15:01:24.387451  8472 work_track.cpp:102] Succeeded to set track lock for frame 181
I1014 15:01:24.387504  8472 work_track.cpp:116] Succeeded to release track lock for frame 181
I1014 15:01:24.387519  8472 work_track.cpp:120] Track results of frame 181: 1 objects input, 2 objects tracked!
I1014 15:01:24.387537  8472 work_track.cpp:148] Frame: 181, track bbox: [156 x 207 from (245.168, 126.213)], gid: 5, lid: 0
I1014 15:01:24.387573  8472 work_track.cpp:148] Frame: 181, track bbox: [56 x 60 from (93.93, 204.056)], gid: 7, lid: -1
I1014 15:01:24.387605  8472 work_thread.hpp:87]  [T-Work-Detect_0] Frame :181 split
I1014 15:01:24.387647  8472 work_thread.hpp:120]  [T-Work-Detect_0] Valid piece: gid = 5
I1014 15:01:24.387668  8472 work_thread.hpp:91]  [T-Work-Detect_0] Push to split queue:recog
I1014 15:01:24.387720  8474 work_thread.hpp:81]  [T-Work-Recog_1] Run work: WorkCapture
I1014 15:01:24.387738  8475 thread_intergrate.hpp:78] [T-Intergrate-intergrate] queue: frame output frame :181
I1014 15:01:24.387915  8475 thread_intergrate.hpp:85] [T-Intergrate-intergrate] queue: compare output face:5
I1014 15:01:24.387934  8475 thread_intergrate.hpp:144] T-Intergrate-intergrate set matched face: 5
I1014 15:01:24.388527  8474 work_thread.hpp:81]  [T-Work-Recog_1] Run work: WorkRecog
I1014 15:01:24.388553  8474 work_recog.hpp:89] Face id: 5 will run recog: bbox [156 x 207 from (246, 128)] quality: 0.478462
I1014 15:01:24.388587  8474 work_recog.hpp:96] Recog pair: [232 x 280 from (208, 80)], [156 x 207 from (38, 48)]
I1014 15:01:24.389729  8475 thread_intergrate.hpp:168] T-Intergrate-intergrate Show face :5, size :640 * 360
I1014 15:01:24.390295  8471 demo_inner.hpp:435] thread [SORT-0]  frame id 181 sorting queue size 1   FPS: 28.4765
I1014 15:01:24.406216  8474 work_thread.hpp:81]  [T-Work-Recog_1] Run work: WorkCompare
I1014 15:01:24.406682  8474 work_compare.cpp:76] Compare face: 5 successed, similarity :0.994443, name : images/ThangLMb.jpg, normal size : 1548 * 1719!
I1014 15:01:24.409459  8469 demo_inner.hpp:177] decode queue size 0
I1014 15:01:24.409560  8472 work_thread.hpp:81]  [T-Work-Detect_0] Run work: WorkDetect
I1014 15:01:24.409595  8472 work_detect.cpp:102] Succeeded to add det start for frame 182
I1014 15:01:24.417338  8472 work_detect.cpp:70] Frame :182 detect result :2 face(s)
I1014 15:01:24.417388  8472 work_detect.cpp:86] Detected bbox: [148 x 199 from (252, 133)]
I1014 15:01:24.417446  8472 work_detect.cpp:86] Detected bbox: [52 x 55 from (96, 208)]
I1014 15:01:24.417479  8472 work_detect.cpp:120] Succeeded to add det end for frame 182
I1014 15:01:24.417495  8472 work_thread.hpp:81]  [T-Work-Detect_0] Run work: WrokTrack
I1014 15:01:24.417520  8472 work_track.cpp:82] Frame: 182 build input_characts: [0.23125 x 0.552778 from (0.39375, 0.369444)], 1.00019, 0
I1014 15:01:24.417580  8472 work_track.cpp:82] Frame: 182 build input_characts: [0.08125 x 0.152778 from (0.15, 0.577778)], 0.955078, 1
I1014 15:01:24.417616  8472 work_track.cpp:102] Succeeded to set track lock for frame 182
I1014 15:01:24.417686  8472 work_track.cpp:116] Succeeded to release track lock for frame 182
I1014 15:01:24.417912  8472 work_track.cpp:120] Track results of frame 182: 2 objects input, 2 objects tracked!
I1014 15:01:24.417933  8472 work_track.cpp:148] Frame: 182, track bbox: [148 x 199 from (250.979, 132.371)], gid: 5, lid: 0
I1014 15:01:24.417968  8472 work_track.cpp:148] Frame: 182, track bbox: [52 x 55 from (96.0706, 207.564)], gid: 7, lid: 1
I1014 15:01:24.418000  8472 work_thread.hpp:87]  [T-Work-Detect_0] Frame :182 split
I1014 15:01:24.418018  8472 work_thread.hpp:120]  [T-Work-Detect_0] Valid piece: gid = 5
I1014 15:01:24.418046  8472 work_thread.hpp:120]  [T-Work-Detect_0] Valid piece: gid = 7
I1014 15:01:24.418064  8472 work_thread.hpp:91]  [T-Work-Detect_0] Push to split queue:recog
I1014 15:01:24.418114  8473 work_thread.hpp:81]  [T-Work-Recog_0] Run work: WorkCapture
I1014 15:01:24.418531  8472 work_thread.hpp:91]  [T-Work-Detect_0] Push to split queue:recog
I1014 15:01:24.418573  8474 work_thread.hpp:81]  [T-Work-Recog_1] Run work: WorkCapture
I1014 15:01:24.418586  8475 thread_intergrate.hpp:78] [T-Intergrate-intergrate] queue: frame output frame :182
I1014 15:01:24.418612  8475 thread_intergrate.hpp:85] [T-Intergrate-intergrate] queue: compare output face:5
I1014 15:01:24.418630  8475 thread_intergrate.hpp:144] T-Intergrate-intergrate set matched face: 5
I1014 15:01:24.419076  8474 work_thread.hpp:81]  [T-Work-Recog_1] Run work: WorkRecog
W1014 15:01:24.419100  8474 work_recog.hpp:118] Face id: 7 has low quality : 0.0332427, no need to recog
I1014 15:01:24.419214  8473 work_thread.hpp:81]  [T-Work-Recog_0] Run work: WorkRecog
I1014 15:01:24.420430  8474 work_thread.hpp:81]  [T-Work-Recog_1] Run work: WorkCompare
I1014 15:01:24.420449  8473 work_recog.hpp:89] Face id: 5 will run recog: bbox [148 x 199 from (252, 133)] quality: 0.470805
I1014 15:01:24.420483  8473 work_recog.hpp:96] Recog pair: [216 x 272 from (216, 88)], [148 x 199 from (36, 45)]
I1014 15:01:24.421394  8470 demo_inner.hpp:260]  gui queue size 1, state = running
I1014 15:01:24.420339  8475 thread_intergrate.hpp:168] T-Intergrate-intergrate Show face :5, size :640 * 360
I1014 15:01:24.422121  8471 demo_inner.hpp:435] thread [SORT-0]  frame id 182 sorting queue size 0   FPS: 28.5307
I1014 15:01:24.423547  8470 demo_inner.hpp:260]  gui queue size 0, state = running
I1014 15:01:24.439355  8473 work_thread.hpp:81]  [T-Work-Recog_0] Run work: WorkCompare
I1014 15:01:24.439870  8473 work_compare.cpp:76] Compare face: 5 successed, similarity :0.996491, name : images/ThangLMb.jpg, normal size : 1548 * 1719!
I1014 15:01:24.445596  8469 demo_inner.hpp:177] decode queue size 0
I1014 15:01:24.445708  8472 work_thread.hpp:81]  [T-Work-Detect_0] Run work: WorkDetect
I1014 15:01:24.445770  8472 work_detect.cpp:102] Succeeded to add det start for frame 183
I1014 15:01:24.453323  8472 work_detect.cpp:70] Frame :183 detect result :2 face(s)
I1014 15:01:24.453398  8472 work_detect.cpp:86] Detected bbox: [155 x 211 from (241, 127)]
I1014 15:01:24.453433  8472 work_detect.cpp:86] Detected bbox: [54 x 55 from (95, 208)]
I1014 15:01:24.453465  8472 work_detect.cpp:120] Succeeded to add det end for frame 183
I1014 15:01:24.453481  8472 work_thread.hpp:81]  [T-Work-Detect_0] Run work: WrokTrack
I1014 15:01:24.453516  8472 work_track.cpp:82] Frame: 183 build input_characts: [0.242188 x 0.586111 from (0.376563, 0.352778)], 1.00019, 0
I1014 15:01:24.453568  8472 work_track.cpp:82] Frame: 183 build input_characts: [0.084375 x 0.152778 from (0.148438, 0.577778)], 0.936627, 1
I1014 15:01:24.453624  8472 work_track.cpp:102] Succeeded to set track lock for frame 183
I1014 15:01:24.453685  8472 work_track.cpp:116] Succeeded to release track lock for frame 183
I1014 15:01:24.453701  8472 work_track.cpp:120] Track results of frame 183: 2 objects input, 2 objects tracked!
I1014 15:01:24.453719  8472 work_track.cpp:148] Frame: 183, track bbox: [155 x 211 from (244.832, 125.94)], gid: 5, lid: 0
I1014 15:01:24.453929  8472 work_track.cpp:148] Frame: 183, track bbox: [54 x 55 from (95.2035, 207.982)], gid: 7, lid: 1
I1014 15:01:24.454047  8472 work_thread.hpp:87]  [T-Work-Detect_0] Frame :183 split
I1014 15:01:24.454069  8472 work_thread.hpp:120]  [T-Work-Detect_0] Valid piece: gid = 5
I1014 15:01:24.454088  8472 work_thread.hpp:120]  [T-Work-Detect_0] Valid piece: gid = 7
I1014 15:01:24.454131  8472 work_thread.hpp:91]  [T-Work-Detect_0] Push to split queue:recog
I1014 15:01:24.454190  8473 work_thread.hpp:81]  [T-Work-Recog_0] Run work: WorkCapture
I1014 15:01:24.454545  8472 work_thread.hpp:91]  [T-Work-Detect_0] Push to split queue:recog
I1014 15:01:24.454594  8474 work_thread.hpp:81]  [T-Work-Recog_1] Run work: WorkCapture
I1014 15:01:24.454608  8475 thread_intergrate.hpp:78] [T-Intergrate-intergrate] queue: frame output frame :183
I1014 15:01:24.454636  8475 thread_intergrate.hpp:85] [T-Intergrate-intergrate] queue: compare output face:5
I1014 15:01:24.454655  8475 thread_intergrate.hpp:144] T-Intergrate-intergrate set matched face: 5
I1014 15:01:24.455102  8474 work_thread.hpp:81]  [T-Work-Recog_1] Run work: WorkRecog
W1014 15:01:24.455126  8474 work_recog.hpp:118] Face id: 7 has low quality : 0.0370139, no need to recog
I1014 15:01:24.456492  8474 work_thread.hpp:81]  [T-Work-Recog_1] Run work: WorkCompare
I1014 15:01:24.455269  8473 work_thread.hpp:81]  [T-Work-Recog_0] Run work: WorkRecog
I1014 15:01:24.456403  8475 thread_intergrate.hpp:168] T-Intergrate-intergrate Show face :5, size :640 * 360
I1014 15:01:24.456532  8473 work_recog.hpp:89] Face id: 5 will run recog: bbox [155 x 211 from (241, 127)] quality: 0.479682
I1014 15:01:24.456568  8473 work_recog.hpp:96] Recog pair: [224 x 280 from (208, 80)], [155 x 211 from (33, 47)]
I1014 15:01:24.457154  8471 demo_inner.hpp:435] thread [SORT-0]  frame id 183 sorting queue size 0   FPS: 28.463
I1014 15:01:24.474001  8473 work_thread.hpp:81]  [T-Work-Recog_0] Run work: WorkCompare
I1014 15:01:24.474467  8473 work_compare.cpp:76] Compare face: 5 successed, similarity :0.997039, name : images/ThangLMb.jpg, normal size : 1548 * 1719!
I1014 15:01:24.475659  8469 demo_inner.hpp:177] decode queue size 0
I1014 15:01:24.475734  8472 work_thread.hpp:81]  [T-Work-Detect_0] Run work: WorkDetect
I1014 15:01:24.475764  8472 work_detect.cpp:102] Succeeded to add det start for frame 184
I1014 15:01:24.482558  8472 work_detect.cpp:70] Frame :184 detect result :1 face(s)
I1014 15:01:24.482604  8472 work_detect.cpp:86] Detected bbox: [150 x 201 from (252, 131)]
I1014 15:01:24.482647  8472 work_detect.cpp:120] Succeeded to add det end for frame 184
I1014 15:01:24.482663  8472 work_thread.hpp:81]  [T-Work-Detect_0] Run work: WrokTrack
I1014 15:01:24.482687  8472 work_track.cpp:82] Frame: 184 build input_characts: [0.234375 x 0.558333 from (0.39375, 0.363889)], 1.00019, 0
I1014 15:01:24.482743  8472 work_track.cpp:102] Succeeded to set track lock for frame 184
I1014 15:01:24.482785  8472 work_track.cpp:116] Succeeded to release track lock for frame 184
I1014 15:01:24.482800  8472 work_track.cpp:120] Track results of frame 184: 1 objects input, 2 objects tracked!
I1014 15:01:24.482818  8472 work_track.cpp:148] Frame: 184, track bbox: [150 x 201 from (249.289, 130.96)], gid: 5, lid: 0
I1014 15:01:24.482852  8472 work_track.cpp:148] Frame: 184, track bbox: [54 x 55 from (95.2935, 208.264)], gid: 7, lid: -1
I1014 15:01:24.482884  8472 work_thread.hpp:87]  [T-Work-Detect_0] Frame :184 split
I1014 15:01:24.482903  8472 work_thread.hpp:120]  [T-Work-Detect_0] Valid piece: gid = 5
I1014 15:01:24.482919  8472 work_thread.hpp:91]  [T-Work-Detect_0] Push to split queue:recog
I1014 15:01:24.482971  8473 work_thread.hpp:81]  [T-Work-Recog_0] Run work: WorkCapture
I1014 15:01:24.483280  8475 thread_intergrate.hpp:78] [T-Intergrate-intergrate] queue: frame output frame :184
I1014 15:01:24.483319  8475 thread_intergrate.hpp:85] [T-Intergrate-intergrate] queue: compare output face:5
I1014 15:01:24.483340  8475 thread_intergrate.hpp:144] T-Intergrate-intergrate set matched face: 5
I1014 15:01:24.483530  8473 work_thread.hpp:81]  [T-Work-Recog_0] Run work: WorkRecog
I1014 15:01:24.483552  8473 work_recog.hpp:89] Face id: 5 will run recog: bbox [150 x 201 from (252, 131)] quality: 0.463755
I1014 15:01:24.483661  8473 work_recog.hpp:96] Recog pair: [216 x 272 from (216, 88)], [150 x 201 from (36, 43)]
I1014 15:01:24.485360  8475 thread_intergrate.hpp:168] T-Intergrate-intergrate Show face :5, size :640 * 360
I1014 15:01:24.486037  8471 demo_inner.hpp:435] thread [SORT-0]  frame id 184 sorting queue size 1   FPS: 28.5578
I1014 15:01:24.493896  8470 demo_inner.hpp:260]  gui queue size 1, state = running
I1014 15:01:24.501569  8473 work_thread.hpp:81]  [T-Work-Recog_0] Run work: WorkCompare
I1014 15:01:24.502151  8473 work_compare.cpp:76] Compare face: 5 successed, similarity :0.99783, name : images/ThangLMb.jpg, normal size : 1548 * 1719!
I1014 15:01:24.511236  8469 demo_inner.hpp:177] decode queue size 0
I1014 15:01:24.511337  8472 work_thread.hpp:81]  [T-Work-Detect_0] Run work: WorkDetect
I1014 15:01:24.511371  8472 work_detect.cpp:102] Succeeded to add det start for frame 185
I1014 15:01:24.518227  8472 work_detect.cpp:70] Frame :185 detect result :2 face(s)
I1014 15:01:24.518270  8472 work_detect.cpp:86] Detected bbox: [152 x 202 from (252, 130)]
I1014 15:01:24.518303  8472 work_detect.cpp:86] Detected bbox: [54 x 57 from (95, 208)]
I1014 15:01:24.518333  8472 work_detect.cpp:120] Succeeded to add det end for frame 185
I1014 15:01:24.518349  8472 work_thread.hpp:81]  [T-Work-Detect_0] Run work: WrokTrack
I1014 15:01:24.518373  8472 work_track.cpp:82] Frame: 185 build input_characts: [0.2375 x 0.561111 from (0.39375, 0.361111)], 0.999622, 0
I1014 15:01:24.518426  8472 work_track.cpp:82] Frame: 185 build input_characts: [0.084375 x 0.158333 from (0.148438, 0.577778)], 0.938558, 1
I1014 15:01:24.518461  8472 work_track.cpp:102] Succeeded to set track lock for frame 185
I1014 15:01:24.518505  8472 work_track.cpp:116] Succeeded to release track lock for frame 185
I1014 15:01:24.518520  8472 work_track.cpp:120] Track results of frame 185: 2 objects input, 2 objects tracked!
I1014 15:01:24.518538  8472 work_track.cpp:148] Frame: 185, track bbox: [152 x 202 from (250.312, 129.822)], gid: 5, lid: 0
I1014 15:01:24.518573  8472 work_track.cpp:148] Frame: 185, track bbox: [54 x 57 from (95.1094, 207.878)], gid: 7, lid: 1
I1014 15:01:24.518606  8472 work_thread.hpp:87]  [T-Work-Detect_0] Frame :185 split
I1014 15:01:24.518623  8472 work_thread.hpp:120]  [T-Work-Detect_0] Valid piece: gid = 5
I1014 15:01:24.518641  8472 work_thread.hpp:120]  [T-Work-Detect_0] Valid piece: gid = 7
I1014 15:01:24.518658  8472 work_thread.hpp:91]  [T-Work-Detect_0] Push to split queue:recog
I1014 15:01:24.518704  8473 work_thread.hpp:81]  [T-Work-Recog_0] Run work: WorkCapture
I1014 15:01:24.518985  8472 work_thread.hpp:91]  [T-Work-Detect_0] Push to split queue:recog
I1014 15:01:24.519022  8474 work_thread.hpp:81]  [T-Work-Recog_1] Run work: WorkCapture
I1014 15:01:24.519037  8475 thread_intergrate.hpp:78] [T-Intergrate-intergrate] queue: frame output frame :185
I1014 15:01:24.519066  8475 thread_intergrate.hpp:85] [T-Intergrate-intergrate] queue: compare output face:5
I1014 15:01:24.519086  8475 thread_intergrate.hpp:144] T-Intergrate-intergrate set matched face: 5
I1014 15:01:24.519266  8473 work_thread.hpp:81]  [T-Work-Recog_0] Run work: WorkRecog
I1014 15:01:24.519289  8473 work_recog.hpp:89] Face id: 5 will run recog: bbox [152 x 202 from (252, 130)] quality: 0.467477
I1014 15:01:24.519320  8473 work_recog.hpp:96] Recog pair: [224 x 272 from (216, 88)], [152 x 202 from (36, 42)]
I1014 15:01:24.519526  8474 work_thread.hpp:81]  [T-Work-Recog_1] Run work: WorkRecog
W1014 15:01:24.519549  8474 work_recog.hpp:118] Face id: 7 has low quality : 0.026673, no need to recog
I1014 15:01:24.520051  8474 work_thread.hpp:81]  [T-Work-Recog_1] Run work: WorkCompare
I1014 15:01:24.521107  8475 thread_intergrate.hpp:168] T-Intergrate-intergrate Show face :5, size :640 * 360
I1014 15:01:24.521720  8471 demo_inner.hpp:435] thread [SORT-0]  frame id 185 sorting queue size 0   FPS: 28.4765
I1014 15:01:24.537128  8473 work_thread.hpp:81]  [T-Work-Recog_0] Run work: WorkCompare
I1014 15:01:24.537654  8473 work_compare.cpp:76] Compare face: 5 successed, similarity :0.99774, name : images/ThangLMb.jpg, normal size : 1548 * 1719!
I1014 15:01:24.547221  8469 demo_inner.hpp:177] decode queue size 0
I1014 15:01:24.547324  8472 work_thread.hpp:81]  [T-Work-Detect_0] Run work: WorkDetect
I1014 15:01:24.547359  8472 work_detect.cpp:102] Succeeded to add det start for frame 186
I1014 15:01:24.554219  8472 work_detect.cpp:70] Frame :186 detect result :1 face(s)
I1014 15:01:24.554267  8472 work_detect.cpp:86] Detected bbox: [149 x 202 from (255, 132)]
I1014 15:01:24.554311  8472 work_detect.cpp:120] Succeeded to add det end for frame 186
I1014 15:01:24.554328  8472 work_thread.hpp:81]  [T-Work-Detect_0] Run work: WrokTrack
I1014 15:01:24.554352  8472 work_track.cpp:82] Frame: 186 build input_characts: [0.232812 x 0.561111 from (0.398438, 0.366667)], 1.00019, 0
I1014 15:01:24.554406  8472 work_track.cpp:102] Succeeded to set track lock for frame 186
I1014 15:01:24.554448  8472 work_track.cpp:116] Succeeded to release track lock for frame 186
I1014 15:01:24.554463  8472 work_track.cpp:120] Track results of frame 186: 1 objects input, 2 objects tracked!
I1014 15:01:24.554481  8472 work_track.cpp:148] Frame: 186, track bbox: [149 x 202 from (254.008, 131.148)], gid: 5, lid: 0
I1014 15:01:24.554515  8472 work_track.cpp:148] Frame: 186, track bbox: [54 x 57 from (95.138, 208.237)], gid: 7, lid: -1
I1014 15:01:24.554548  8472 work_thread.hpp:87]  [T-Work-Detect_0] Frame :186 split
I1014 15:01:24.554565  8472 work_thread.hpp:120]  [T-Work-Detect_0] Valid piece: gid = 5
I1014 15:01:24.554584  8472 work_thread.hpp:91]  [T-Work-Detect_0] Push to split queue:recog
I1014 15:01:24.554632  8473 work_thread.hpp:81]  [T-Work-Recog_0] Run work: WorkCapture
I1014 15:01:24.554973  8475 thread_intergrate.hpp:78] [T-Intergrate-intergrate] queue: frame output frame :186
I1014 15:01:24.555007  8475 thread_intergrate.hpp:85] [T-Intergrate-intergrate] queue: compare output face:5
I1014 15:01:24.555078  8475 thread_intergrate.hpp:144] T-Intergrate-intergrate set matched face: 5
I1014 15:01:24.555233  8473 work_thread.hpp:81]  [T-Work-Recog_0] Run work: WorkRecog
I1014 15:01:24.555258  8473 work_recog.hpp:89] Face id: 5 will run recog: bbox [149 x 202 from (255, 132)] quality: 0.473113
I1014 15:01:24.555294  8473 work_recog.hpp:96] Recog pair: [216 x 272 from (224, 88)], [149 x 202 from (31, 44)]
I1014 15:01:24.557281  8475 thread_intergrate.hpp:168] T-Intergrate-intergrate Show face :5, size :640 * 360
I1014 15:01:24.557833  8471 demo_inner.hpp:435] thread [SORT-0]  frame id 186 sorting queue size 1   FPS: 28.4765
I1014 15:01:24.561197  8470 demo_inner.hpp:260]  gui queue size 1, state = running
I1014 15:01:24.573153  8473 work_thread.hpp:81]  [T-Work-Recog_0] Run work: WorkCompare
I1014 15:01:24.573621  8473 work_compare.cpp:76] Compare face: 5 successed, similarity :0.995376, name : images/ThangLMb.jpg, normal size : 1548 * 1719!
I1014 15:01:24.577428  8469 demo_inner.hpp:177] decode queue size 0
I1014 15:01:24.577513  8472 work_thread.hpp:81]  [T-Work-Detect_0] Run work: WorkDetect
I1014 15:01:24.577548  8472 work_detect.cpp:102] Succeeded to add det start for frame 187
I1014 15:01:24.584496  8472 work_detect.cpp:70] Frame :187 detect result :2 face(s)
I1014 15:01:24.584543  8472 work_detect.cpp:86] Detected bbox: [160 x 208 from (248, 110)]
I1014 15:01:24.584576  8472 work_detect.cpp:86] Detected bbox: [51 x 54 from (96, 211)]
I1014 15:01:24.584609  8472 work_detect.cpp:120] Succeeded to add det end for frame 187
I1014 15:01:24.584625  8472 work_thread.hpp:81]  [T-Work-Detect_0] Run work: WrokTrack
I1014 15:01:24.584648  8472 work_track.cpp:82] Frame: 187 build input_characts: [0.25 x 0.577778 from (0.3875, 0.305556)], 0.999622, 0
I1014 15:01:24.584702  8472 work_track.cpp:82] Frame: 187 build input_characts: [0.0796875 x 0.15 from (0.15, 0.586111)], 0.908423, 1
I1014 15:01:24.584736  8472 work_track.cpp:102] Succeeded to set track lock for frame 187
I1014 15:01:24.584780  8472 work_track.cpp:116] Succeeded to release track lock for frame 187
I1014 15:01:24.584869  8472 work_track.cpp:120] Track results of frame 187: 2 objects input, 2 objects tracked!
I1014 15:01:24.584889  8472 work_track.cpp:148] Frame: 187, track bbox: [160 x 208 from (249.309, 118.563)], gid: 5, lid: 0
I1014 15:01:24.584924  8472 work_track.cpp:148] Frame: 187, track bbox: [51 x 54 from (96.3028, 210.655)], gid: 7, lid: 1
I1014 15:01:24.584956  8472 work_thread.hpp:87]  [T-Work-Detect_0] Frame :187 split
I1014 15:01:24.584975  8472 work_thread.hpp:120]  [T-Work-Detect_0] Valid piece: gid = 5
I1014 15:01:24.584991  8472 work_thread.hpp:120]  [T-Work-Detect_0] Valid piece: gid = 7
I1014 15:01:24.585008  8472 work_thread.hpp:91]  [T-Work-Detect_0] Push to split queue:recog
I1014 15:01:24.585034  8472 work_thread.hpp:91]  [T-Work-Detect_0] Push to split queue:recog
I1014 15:01:24.585053  8474 work_thread.hpp:81]  [T-Work-Recog_1] Run work: WorkCapture
I1014 15:01:24.585073  8473 work_thread.hpp:81]  [T-Work-Recog_0] Run work: WorkCapture
I1014 15:01:24.585330  8475 thread_intergrate.hpp:78] [T-Intergrate-intergrate] queue: frame output frame :187
I1014 15:01:24.585358  8475 thread_intergrate.hpp:85] [T-Intergrate-intergrate] queue: compare output face:5
I1014 15:01:24.585377  8475 thread_intergrate.hpp:144] T-Intergrate-intergrate set matched face: 5
I1014 15:01:24.585628  8473 work_thread.hpp:81]  [T-Work-Recog_0] Run work: WorkRecog
W1014 15:01:24.585650  8473 work_recog.hpp:118] Face id: 7 has low quality : 0.00933175, no need to recog
I1014 15:01:24.585654  8474 work_thread.hpp:81]  [T-Work-Recog_1] Run work: WorkRecog
I1014 15:01:24.585737  8473 work_thread.hpp:81]  [T-Work-Recog_0] Run work: WorkCompare
I1014 15:01:24.585745  8474 work_recog.hpp:89] Face id: 5 will run recog: bbox [160 x 208 from (248, 110)] quality: 0.450585
I1014 15:01:24.585775  8474 work_recog.hpp:96] Recog pair: [224 x 296 from (216, 64)], [160 x 208 from (32, 46)]
I1014 15:01:24.587338  8475 thread_intergrate.hpp:168] T-Intergrate-intergrate Show face :5, size :640 * 360
I1014 15:01:24.587920  8471 demo_inner.hpp:435] thread [SORT-0]  frame id 187 sorting queue size 0   FPS: 28.4765
I1014 15:01:24.603704  8474 work_thread.hpp:81]  [T-Work-Recog_1] Run work: WorkCompare
I1014 15:01:24.604199  8474 work_compare.cpp:76] Compare face: 5 successed, similarity :0.995402, name : images/ThangLMb.jpg, normal size : 1548 * 1719!
I1014 15:01:24.613185  8469 demo_inner.hpp:177] decode queue size 0
I1014 15:01:24.613297  8472 work_thread.hpp:81]  [T-Work-Detect_0] Run work: WorkDetect
I1014 15:01:24.613332  8472 work_detect.cpp:102] Succeeded to add det start for frame 188
I1014 15:01:24.620121  8472 work_detect.cpp:70] Frame :188 detect result :2 face(s)
I1014 15:01:24.620188  8472 work_detect.cpp:86] Detected bbox: [144 x 191 from (258, 136)]
I1014 15:01:24.620223  8472 work_detect.cpp:86] Detected bbox: [54 x 54 from (94, 208)]
I1014 15:01:24.620254  8472 work_detect.cpp:120] Succeeded to add det end for frame 188
I1014 15:01:24.620270  8472 work_thread.hpp:81]  [T-Work-Detect_0] Run work: WrokTrack
I1014 15:01:24.620295  8472 work_track.cpp:82] Frame: 188 build input_characts: [0.225 x 0.530556 from (0.403125, 0.377778)], 1.00019, 0
I1014 15:01:24.620347  8472 work_track.cpp:82] Frame: 188 build input_characts: [0.084375 x 0.15 from (0.146875, 0.577778)], 0.959737, 1
I1014 15:01:24.620383  8472 work_track.cpp:102] Succeeded to set track lock for frame 188
I1014 15:01:24.620427  8472 work_track.cpp:116] Succeeded to release track lock for frame 188
I1014 15:01:24.620442  8472 work_track.cpp:120] Track results of frame 188: 2 objects input, 2 objects tracked!
I1014 15:01:24.620460  8472 work_track.cpp:148] Frame: 188, track bbox: [144 x 191 from (259.256, 129.469)], gid: 5, lid: 0
I1014 15:01:24.620494  8472 work_track.cpp:148] Frame: 188, track bbox: [54 x 54 from (94.1447, 209.751)], gid: 7, lid: 1
I1014 15:01:24.620527  8472 work_thread.hpp:87]  [T-Work-Detect_0] Frame :188 split
I1014 15:01:24.620544  8472 work_thread.hpp:120]  [T-Work-Detect_0] Valid piece: gid = 5
I1014 15:01:24.620563  8472 work_thread.hpp:120]  [T-Work-Detect_0] Valid piece: gid = 7
I1014 15:01:24.620656  8472 work_thread.hpp:91]  [T-Work-Detect_0] Push to split queue:recog
I1014 15:01:24.620682  8472 work_thread.hpp:91]  [T-Work-Detect_0] Push to split queue:recog
I1014 15:01:24.620699  8474 work_thread.hpp:81]  [T-Work-Recog_1] Run work: WorkCapture
I1014 15:01:24.620724  8473 work_thread.hpp:81]  [T-Work-Recog_0] Run work: WorkCapture
I1014 15:01:24.620956  8475 thread_intergrate.hpp:78] [T-Intergrate-intergrate] queue: frame output frame :188
I1014 15:01:24.620993  8475 thread_intergrate.hpp:85] [T-Intergrate-intergrate] queue: compare output face:5
I1014 15:01:24.621012  8475 thread_intergrate.hpp:144] T-Intergrate-intergrate set matched face: 5
I1014 15:01:24.621274  8473 work_thread.hpp:81]  [T-Work-Recog_0] Run work: WorkRecog
W1014 15:01:24.621296  8473 work_recog.hpp:118] Face id: 7 has low quality : 0.0370142, no need to recog
I1014 15:01:24.621297  8474 work_thread.hpp:81]  [T-Work-Recog_1] Run work: WorkRecog
I1014 15:01:24.621387  8473 work_thread.hpp:81]  [T-Work-Recog_0] Run work: WorkCompare
I1014 15:01:24.621392  8474 work_recog.hpp:89] Face id: 5 will run recog: bbox [144 x 191 from (258, 136)] quality: 0.438331
I1014 15:01:24.621423  8474 work_recog.hpp:96] Recog pair: [208 x 264 from (224, 96)], [144 x 191 from (34, 40)]
I1014 15:01:24.623371  8475 thread_intergrate.hpp:168] T-Intergrate-intergrate Show face :5, size :640 * 360
I1014 15:01:24.624150  8471 demo_inner.hpp:435] thread [SORT-0]  frame id 188 sorting queue size 1   FPS: 28.463
I1014 15:01:24.639154  8474 work_thread.hpp:81]  [T-Work-Recog_1] Run work: WorkCompare
I1014 15:01:24.639614  8474 work_compare.cpp:76] Compare face: 5 successed, similarity :0.993159, name : images/ThangLMb.jpg, normal size : 1548 * 1719!
I1014 15:01:24.643393  8469 demo_inner.hpp:177] decode queue size 0
I1014 15:01:24.643472  8472 work_thread.hpp:81]  [T-Work-Detect_0] Run work: WorkDetect
I1014 15:01:24.643507  8472 work_detect.cpp:102] Succeeded to add det start for frame 189
I1014 15:01:24.650310  8472 work_detect.cpp:70] Frame :189 detect result :2 face(s)
I1014 15:01:24.650357  8472 work_detect.cpp:86] Detected bbox: [145 x 195 from (258, 135)]
I1014 15:01:24.650390  8472 work_detect.cpp:86] Detected bbox: [54 x 54 from (94, 208)]
I1014 15:01:24.650424  8472 work_detect.cpp:120] Succeeded to add det end for frame 189
I1014 15:01:24.650439  8472 work_thread.hpp:81]  [T-Work-Detect_0] Run work: WrokTrack
I1014 15:01:24.650462  8472 work_track.cpp:82] Frame: 189 build input_characts: [0.226562 x 0.541667 from (0.403125, 0.375)], 1.00019, 0
I1014 15:01:24.650514  8472 work_track.cpp:82] Frame: 189 build input_characts: [0.084375 x 0.15 from (0.146875, 0.577778)], 0.966102, 1
I1014 15:01:24.650550  8472 work_track.cpp:102] Succeeded to set track lock for frame 189
I1014 15:01:24.650594  8472 work_track.cpp:116] Succeeded to release track lock for frame 189
I1014 15:01:24.650609  8472 work_track.cpp:120] Track results of frame 189: 2 objects input, 2 objects tracked!
I1014 15:01:24.650627  8472 work_track.cpp:148] Frame: 189, track bbox: [145 x 195 from (257.9, 130.531)], gid: 5, lid: 0
I1014 15:01:24.650660  8472 work_track.cpp:148] Frame: 189, track bbox: [54 x 54 from (94.0477, 208.897)], gid: 7, lid: 1
I1014 15:01:24.650693  8472 work_thread.hpp:87]  [T-Work-Detect_0] Frame :189 split
I1014 15:01:24.650710  8472 work_thread.hpp:120]  [T-Work-Detect_0] Valid piece: gid = 5
I1014 15:01:24.650728  8472 work_thread.hpp:120]  [T-Work-Detect_0] Valid piece: gid = 7
I1014 15:01:24.650745  8472 work_thread.hpp:91]  [T-Work-Detect_0] Push to split queue:recog
I1014 15:01:24.650797  8473 work_thread.hpp:81]  [T-Work-Recog_0] Run work: WorkCapture
I1014 15:01:24.651078  8472 work_thread.hpp:91]  [T-Work-Detect_0] Push to split queue:recog
I1014 15:01:24.651119  8474 work_thread.hpp:81]  [T-Work-Recog_1] Run work: WorkCapture
I1014 15:01:24.651217  8475 thread_intergrate.hpp:78] [T-Intergrate-intergrate] queue: frame output frame :189
I1014 15:01:24.651255  8475 thread_intergrate.hpp:85] [T-Intergrate-intergrate] queue: compare output face:5
I1014 15:01:24.651365  8473 work_thread.hpp:81]  [T-Work-Recog_0] Run work: WorkRecog
I1014 15:01:24.651408  8475 thread_intergrate.hpp:144] T-Intergrate-intergrate set matched face: 5
I1014 15:01:24.651419  8473 work_recog.hpp:89] Face id: 5 will run recog: bbox [145 x 195 from (258, 135)] quality: 0.466042
I1014 15:01:24.651453  8473 work_recog.hpp:96] Recog pair: [208 x 264 from (224, 96)], [145 x 195 from (34, 39)]
I1014 15:01:24.651610  8474 work_thread.hpp:81]  [T-Work-Recog_1] Run work: WorkRecog
W1014 15:01:24.651633  8474 work_recog.hpp:118] Face id: 7 has low quality : 0.0370145, no need to recog
I1014 15:01:24.651733  8474 work_thread.hpp:81]  [T-Work-Recog_1] Run work: WorkCompare
I1014 15:01:24.653400  8475 thread_intergrate.hpp:168] T-Intergrate-intergrate Show face :5, size :640 * 360
I1014 15:01:24.654011  8471 demo_inner.hpp:435] thread [SORT-0]  frame id 189 sorting queue size 2   FPS: 28.5442
I1014 15:01:24.655246  8470 demo_inner.hpp:260]  gui queue size 2, state = running
I1014 15:01:24.669283  8473 work_thread.hpp:81]  [T-Work-Recog_0] Run work: WorkCompare
I1014 15:01:24.669745  8473 work_compare.cpp:76] Compare face: 5 successed, similarity :0.997168, name : images/ThangLMb.jpg, normal size : 1548 * 1719!
I1014 15:01:24.679179  8469 demo_inner.hpp:177] decode queue size 0
I1014 15:01:24.679284  8472 work_thread.hpp:81]  [T-Work-Detect_0] Run work: WorkDetect
I1014 15:01:24.679318  8472 work_detect.cpp:102] Succeeded to add det start for frame 190
I1014 15:01:24.686228  8472 work_detect.cpp:70] Frame :190 detect result :2 face(s)
I1014 15:01:24.686273  8472 work_detect.cpp:86] Detected bbox: [144 x 193 from (259, 134)]
I1014 15:01:24.686306  8472 work_detect.cpp:86] Detected bbox: [54 x 52 from (95, 210)]
I1014 15:01:24.686339  8472 work_detect.cpp:120] Succeeded to add det end for frame 190
I1014 15:01:24.686355  8472 work_thread.hpp:81]  [T-Work-Detect_0] Run work: WrokTrack
I1014 15:01:24.686379  8472 work_track.cpp:82] Frame: 190 build input_characts: [0.225 x 0.536111 from (0.404687, 0.372222)], 1.00019, 0
I1014 15:01:24.686430  8472 work_track.cpp:82] Frame: 190 build input_characts: [0.084375 x 0.144444 from (0.148438, 0.583333)], 0.959643, 1
I1014 15:01:24.686466  8472 work_track.cpp:102] Succeeded to set track lock for frame 190
I1014 15:01:24.686511  8472 work_track.cpp:116] Succeeded to release track lock for frame 190
I1014 15:01:24.686525  8472 work_track.cpp:120] Track results of frame 190: 2 objects input, 2 objects tracked!
I1014 15:01:24.686543  8472 work_track.cpp:148] Frame: 190, track bbox: [144 x 193 from (258.916, 133.217)], gid: 5, lid: 0
I1014 15:01:24.686578  8472 work_track.cpp:148] Frame: 190, track bbox: [54 x 52 from (94.3184, 209.824)], gid: 7, lid: 1
