I1014 12:07:09.194964  5677 work_thread.hpp:81]  [T-Work-Detect_0] Run work: WrokTrack
I1014 12:07:09.194993  5677 work_track.cpp:102] Succeeded to set track lock for frame 79
I1014 12:07:09.195020  5677 work_track.cpp:116] Succeeded to release track lock for frame 79
I1014 12:07:09.195035  5677 work_track.cpp:120] Track results of frame 79: 0 objects input, 0 objects tracked!
I1014 12:07:09.195055  5677 work_thread.hpp:88]  [T-Work-Detect_0] Frame :79 split
I1014 12:07:09.195128  5680 thread_intergrate.hpp:78] [T-Intergrate-intergrate] queue: frame output frame :79
I1014 12:07:09.206291  5680 thread_intergrate.hpp:95] T-Intergrate-intergrate Try push queue sorting again 5 vs 5
I1014 12:07:09.216414  5680 thread_intergrate.hpp:95] T-Intergrate-intergrate Try push queue sorting again 5 vs 5
I1014 12:07:09.226512  5680 thread_intergrate.hpp:95] T-Intergrate-intergrate Try push queue sorting again 5 vs 5
I1014 12:07:09.235260  5674 demo_inner.hpp:177] decode queue size 0
I1014 12:07:09.235406  5677 work_thread.hpp:81]  [T-Work-Detect_0] Run work: WorkDetect
I1014 12:07:09.235453  5677 work_detect.cpp:102] Succeeded to add det start for frame 80
I1014 12:07:09.236629  5680 thread_intergrate.hpp:95] T-Intergrate-intergrate Try push queue sorting again 5 vs 5
I1014 12:07:09.243109  5677 work_detect.cpp:70] Frame :80 detect result :1 face(s)
W1014 12:07:09.243132  5677 work_detect.cpp:83] Invalid bbox: [186 x 215 from (280, 163)]
I1014 12:07:09.243335  5677 work_detect.cpp:120] Succeeded to add det end for frame 80
I1014 12:07:09.243376  5677 work_thread.hpp:81]  [T-Work-Detect_0] Run work: WrokTrack
I1014 12:07:09.243468  5677 work_track.cpp:102] Succeeded to set track lock for frame 80
I1014 12:07:09.243496  5677 work_track.cpp:116] Succeeded to release track lock for frame 80
I1014 12:07:09.243510  5677 work_track.cpp:120] Track results of frame 80: 0 objects input, 0 objects tracked!
I1014 12:07:09.243530  5677 work_thread.hpp:88]  [T-Work-Detect_0] Frame :80 split
I1014 12:07:09.246762  5680 thread_intergrate.hpp:95] T-Intergrate-intergrate Try push queue sorting again 5 vs 5
I1014 12:07:09.256855  5680 thread_intergrate.hpp:95] T-Intergrate-intergrate Try push queue sorting again 5 vs 5
I1014 12:07:09.266947  5680 thread_intergrate.hpp:95] T-Intergrate-intergrate Try push queue sorting again 5 vs 5
I1014 12:07:09.277047  5680 thread_intergrate.hpp:95] T-Intergrate-intergrate Try push queue sorting again 5 vs 5
I1014 12:07:09.287142  5680 thread_intergrate.hpp:95] T-Intergrate-intergrate Try push queue sorting again 5 vs 5
I1014 12:07:09.289003  5674 demo_inner.hpp:177] decode queue size 0
I1014 12:07:09.289129  5677 work_thread.hpp:81]  [T-Work-Detect_0] Run work: WorkDetect
I1014 12:07:09.289274  5677 work_detect.cpp:102] Succeeded to add det start for frame 81
I1014 12:07:09.296895  5677 work_detect.cpp:70] Frame :81 detect result :1 face(s)
W1014 12:07:09.296931  5677 work_detect.cpp:83] Invalid bbox: [183 x 215 from (282, 162)]
I1014 12:07:09.297049  5677 work_detect.cpp:120] Succeeded to add det end for frame 81
I1014 12:07:09.297075  5677 work_thread.hpp:81]  [T-Work-Detect_0] Run work: WrokTrack
I1014 12:07:09.297102  5677 work_track.cpp:102] Succeeded to set track lock for frame 81
I1014 12:07:09.297147  5677 work_track.cpp:116] Succeeded to release track lock for frame 81
I1014 12:07:09.297163  5677 work_track.cpp:120] Track results of frame 81: 0 objects input, 0 objects tracked!
I1014 12:07:09.297183  5677 work_thread.hpp:88]  [T-Work-Detect_0] Frame :81 split
I1014 12:07:09.297255  5680 thread_intergrate.hpp:95] T-Intergrate-intergrate Try push queue sorting again 5 vs 5
I1014 12:07:09.307341  5680 thread_intergrate.hpp:95] T-Intergrate-intergrate Try push queue sorting again 5 vs 5
I1014 12:07:09.317440  5680 thread_intergrate.hpp:95] T-Intergrate-intergrate Try push queue sorting again 5 vs 5
I1014 12:07:09.325803  5680 thread_intergrate.hpp:78] [T-Intergrate-intergrate] queue: frame output frame :80
I1014 12:07:09.326210  5676 demo_inner.hpp:435] thread [SORT-0]  frame id 74 sorting queue size 10   FPS: 16.8863
I1014 12:07:09.326274  5675 demo_inner.hpp:260]  gui queue size 10, state = running
I1014 12:07:09.326944  5680 thread_intergrate.hpp:78] [T-Intergrate-intergrate] queue: frame output frame :81
I1014 12:07:09.327284  5676 demo_inner.hpp:435] thread [SORT-0]  frame id 75 sorting queue size 1   FPS: 17.2197
I1014 12:07:09.327853  5676 demo_inner.hpp:435] thread [SORT-0]  frame id 76 sorting queue size 2   FPS: 17.5664
I1014 12:07:09.328387  5676 demo_inner.hpp:435] thread [SORT-0]  frame id 77 sorting queue size 3   FPS: 17.9825
I1014 12:07:09.328637  5675 demo_inner.hpp:260]  gui queue size 3, state = running
I1014 12:07:09.328850  5676 demo_inner.hpp:435] thread [SORT-0]  frame id 78 sorting queue size 0   FPS: 18.361
I1014 12:07:09.329180  5676 demo_inner.hpp:435] thread [SORT-0]  frame id 79 sorting queue size 1   FPS: 18.7643
I1014 12:07:09.329491  5676 demo_inner.hpp:435] thread [SORT-0]  frame id 80 sorting queue size 2   FPS: 19.2308
I1014 12:07:09.329828  5676 demo_inner.hpp:435] thread [SORT-0]  frame id 81 sorting queue size 3   FPS: 19.6737
I1014 12:07:09.330235  5675 demo_inner.hpp:260]  gui queue size 3, state = running
I1014 12:07:09.336737  5674 demo_inner.hpp:177] decode queue size 0
I1014 12:07:09.336820  5677 work_thread.hpp:81]  [T-Work-Detect_0] Run work: WorkDetect
I1014 12:07:09.336854  5677 work_detect.cpp:102] Succeeded to add det start for frame 82
I1014 12:07:09.343528  5677 work_detect.cpp:70] Frame :82 detect result :1 face(s)
W1014 12:07:09.343562  5677 work_detect.cpp:83] Invalid bbox: [187 x 216 from (278, 160)]
I1014 12:07:09.343660  5677 work_detect.cpp:120] Succeeded to add det end for frame 82
I1014 12:07:09.343678  5677 work_thread.hpp:81]  [T-Work-Detect_0] Run work: WrokTrack
I1014 12:07:09.343704  5677 work_track.cpp:102] Succeeded to set track lock for frame 82
I1014 12:07:09.343732  5677 work_track.cpp:116] Succeeded to release track lock for frame 82
I1014 12:07:09.343747  5677 work_track.cpp:120] Track results of frame 82: 0 objects input, 0 objects tracked!
I1014 12:07:09.343766  5677 work_thread.hpp:88]  [T-Work-Detect_0] Frame :82 split
I1014 12:07:09.343807  5680 thread_intergrate.hpp:78] [T-Intergrate-intergrate] queue: frame output frame :82
I1014 12:07:09.345329  5676 demo_inner.hpp:435] thread [SORT-0]  frame id 82 sorting queue size 0   FPS: 19.9902
I1014 12:07:09.347892  5675 demo_inner.hpp:260]  gui queue size 0, state = running
I1014 12:07:09.384980  5674 demo_inner.hpp:177] decode queue size 0
I1014 12:07:09.385093  5677 work_thread.hpp:81]  [T-Work-Detect_0] Run work: WorkDetect
I1014 12:07:09.385133  5677 work_detect.cpp:102] Succeeded to add det start for frame 83
I1014 12:07:09.391831  5677 work_detect.cpp:70] Frame :83 detect result :1 face(s)
W1014 12:07:09.391862  5677 work_detect.cpp:83] Invalid bbox: [187 x 218 from (278, 161)]
I1014 12:07:09.391973  5677 work_detect.cpp:120] Succeeded to add det end for frame 83
I1014 12:07:09.391989  5677 work_thread.hpp:81]  [T-Work-Detect_0] Run work: WrokTrack
I1014 12:07:09.392015  5677 work_track.cpp:102] Succeeded to set track lock for frame 83
I1014 12:07:09.392042  5677 work_track.cpp:116] Succeeded to release track lock for frame 83
I1014 12:07:09.392056  5677 work_track.cpp:120] Track results of frame 83: 0 objects input, 0 objects tracked!
I1014 12:07:09.392076  5677 work_thread.hpp:88]  [T-Work-Detect_0] Frame :83 split
I1014 12:07:09.392117  5680 thread_intergrate.hpp:78] [T-Intergrate-intergrate] queue: frame output frame :83
I1014 12:07:09.393641  5676 demo_inner.hpp:435] thread [SORT-0]  frame id 83 sorting queue size 0   FPS: 20.0391
I1014 12:07:09.393705  5675 demo_inner.hpp:260]  gui queue size 0, state = running
I1014 12:07:09.438948  5674 demo_inner.hpp:177] decode queue size 0
I1014 12:07:09.439079  5677 work_thread.hpp:81]  [T-Work-Detect_0] Run work: WorkDetect
I1014 12:07:09.439118  5677 work_detect.cpp:102] Succeeded to add det start for frame 84
I1014 12:07:09.445775  5677 work_detect.cpp:70] Frame :84 detect result :1 face(s)
W1014 12:07:09.445802  5677 work_detect.cpp:83] Invalid bbox: [189 x 219 from (276, 158)]
I1014 12:07:09.445924  5677 work_detect.cpp:120] Succeeded to add det end for frame 84
I1014 12:07:09.445941  5677 work_thread.hpp:81]  [T-Work-Detect_0] Run work: WrokTrack
I1014 12:07:09.445966  5677 work_track.cpp:102] Succeeded to set track lock for frame 84
I1014 12:07:09.445993  5677 work_track.cpp:116] Succeeded to release track lock for frame 84
I1014 12:07:09.446007  5677 work_track.cpp:120] Track results of frame 84: 0 objects input, 0 objects tracked!
I1014 12:07:09.446027  5677 work_thread.hpp:88]  [T-Work-Detect_0] Frame :84 split
I1014 12:07:09.446067  5680 thread_intergrate.hpp:78] [T-Intergrate-intergrate] queue: frame output frame :84
I1014 12:07:09.447631  5676 demo_inner.hpp:435] thread [SORT-0]  frame id 84 sorting queue size 0   FPS: 19.9805
I1014 12:07:09.447710  5675 demo_inner.hpp:260]  gui queue size 0, state = running
I1014 12:07:09.486609  5674 demo_inner.hpp:177] decode queue size 0
I1014 12:07:09.486706  5677 work_thread.hpp:81]  [T-Work-Detect_0] Run work: WorkDetect
I1014 12:07:09.486743  5677 work_detect.cpp:102] Succeeded to add det start for frame 85
I1014 12:07:09.493438  5677 work_detect.cpp:70] Frame :85 detect result :2 face(s)
W1014 12:07:09.493475  5677 work_detect.cpp:83] Invalid bbox: [181 x 210 from (280, 164)]
I1014 12:07:09.493561  5677 work_detect.cpp:86] Detected bbox: [95 x 115 from (301, 231)]
I1014 12:07:09.493603  5677 work_detect.cpp:120] Succeeded to add det end for frame 85
I1014 12:07:09.493620  5677 work_thread.hpp:81]  [T-Work-Detect_0] Run work: WrokTrack
I1014 12:07:09.493643  5677 work_track.cpp:82] Frame: 85 build input_characts: [0.148438 x 0.319444 from (0.470313, 0.641667)], 0.909375, 0
I1014 12:07:09.493698  5677 work_track.cpp:102] Succeeded to set track lock for frame 85
I1014 12:07:09.493734  5677 work_track.cpp:116] Succeeded to release track lock for frame 85
I1014 12:07:09.493749  5677 work_track.cpp:120] Track results of frame 85: 1 objects input, 0 objects tracked!
I1014 12:07:09.493767  5677 work_track.cpp:162] Frame: 85 lid: 1 not tracked, will set invalid
I1014 12:07:09.493782  5677 work_thread.hpp:88]  [T-Work-Detect_0] Frame :85 split
I1014 12:07:09.493799  5677 work_thread.hpp:124]  [T-Work-Detect_0] Invalid piece: lid = 1, drop it
I1014 12:07:09.493841  5680 thread_intergrate.hpp:78] [T-Intergrate-intergrate] queue: frame output frame :85
I1014 12:07:09.495352  5676 demo_inner.hpp:435] thread [SORT-0]  frame id 85 sorting queue size 0   FPS: 19.9902
I1014 12:07:09.495481  5675 demo_inner.hpp:260]  gui queue size 0, state = running
I1014 12:07:09.534641  5674 demo_inner.hpp:177] decode queue size 0
I1014 12:07:09.534813  5677 work_thread.hpp:81]  [T-Work-Detect_0] Run work: WorkDetect
I1014 12:07:09.534850  5677 work_detect.cpp:102] Succeeded to add det start for frame 86
I1014 12:07:09.541538  5677 work_detect.cpp:70] Frame :86 detect result :1 face(s)
W1014 12:07:09.541573  5677 work_detect.cpp:83] Invalid bbox: [177 x 210 from (280, 162)]
I1014 12:07:09.541687  5677 work_detect.cpp:120] Succeeded to add det end for frame 86
I1014 12:07:09.541705  5677 work_thread.hpp:81]  [T-Work-Detect_0] Run work: WrokTrack
I1014 12:07:09.541730  5677 work_track.cpp:102] Succeeded to set track lock for frame 86
I1014 12:07:09.541761  5677 work_track.cpp:116] Succeeded to release track lock for frame 86
I1014 12:07:09.541775  5677 work_track.cpp:120] Track results of frame 86: 0 objects input, 0 objects tracked!
I1014 12:07:09.541795  5677 work_thread.hpp:88]  [T-Work-Detect_0] Frame :86 split
I1014 12:07:09.541837  5680 thread_intergrate.hpp:78] [T-Intergrate-intergrate] queue: frame output frame :86
I1014 12:07:09.543439  5676 demo_inner.hpp:435] thread [SORT-0]  frame id 86 sorting queue size 0   FPS: 20.0489
I1014 12:07:09.543510  5675 demo_inner.hpp:260]  gui queue size 0, state = running
I1014 12:07:09.588483  5674 demo_inner.hpp:177] decode queue size 0
I1014 12:07:09.588577  5677 work_thread.hpp:81]  [T-Work-Detect_0] Run work: WorkDetect
I1014 12:07:09.588614  5677 work_detect.cpp:102] Succeeded to add det start for frame 87
I1014 12:07:09.595257  5677 work_detect.cpp:70] Frame :87 detect result :1 face(s)
W1014 12:07:09.595289  5677 work_detect.cpp:83] Invalid bbox: [172 x 202 from (282, 165)]
I1014 12:07:09.595388  5677 work_detect.cpp:120] Succeeded to add det end for frame 87
I1014 12:07:09.595405  5677 work_thread.hpp:81]  [T-Work-Detect_0] Run work: WrokTrack
I1014 12:07:09.595432  5677 work_track.cpp:102] Succeeded to set track lock for frame 87
I1014 12:07:09.595466  5677 work_track.cpp:116] Succeeded to release track lock for frame 87
I1014 12:07:09.595480  5677 work_track.cpp:120] Track results of frame 87: 0 objects input, 0 objects tracked!
I1014 12:07:09.595499  5677 work_thread.hpp:88]  [T-Work-Detect_0] Frame :87 split
I1014 12:07:09.595541  5680 thread_intergrate.hpp:78] [T-Intergrate-intergrate] queue: frame output frame :87
I1014 12:07:09.597106  5676 demo_inner.hpp:435] thread [SORT-0]  frame id 87 sorting queue size 0   FPS: 19.9902
I1014 12:07:09.597172  5675 demo_inner.hpp:260]  gui queue size 0, state = running
I1014 12:07:09.636699  5674 demo_inner.hpp:177] decode queue size 0
I1014 12:07:09.636806  5677 work_thread.hpp:81]  [T-Work-Detect_0] Run work: WorkDetect
I1014 12:07:09.636842  5677 work_detect.cpp:102] Succeeded to add det start for frame 88
I1014 12:07:09.643561  5677 work_detect.cpp:70] Frame :88 detect result :1 face(s)
W1014 12:07:09.643597  5677 work_detect.cpp:83] Invalid bbox: [172 x 203 from (278, 165)]
I1014 12:07:09.643697  5677 work_detect.cpp:120] Succeeded to add det end for frame 88
I1014 12:07:09.643713  5677 work_thread.hpp:81]  [T-Work-Detect_0] Run work: WrokTrack
I1014 12:07:09.643740  5677 work_track.cpp:102] Succeeded to set track lock for frame 88
I1014 12:07:09.643767  5677 work_track.cpp:116] Succeeded to release track lock for frame 88
I1014 12:07:09.643781  5677 work_track.cpp:120] Track results of frame 88: 0 objects input, 0 objects tracked!
I1014 12:07:09.643800  5677 work_thread.hpp:88]  [T-Work-Detect_0] Frame :88 split
I1014 12:07:09.643847  5680 thread_intergrate.hpp:78] [T-Intergrate-intergrate] queue: frame output frame :88
I1014 12:07:09.645464  5676 demo_inner.hpp:435] thread [SORT-0]  frame id 88 sorting queue size 0   FPS: 20
I1014 12:07:09.645557  5675 demo_inner.hpp:260]  gui queue size 0, state = running
I1014 12:07:09.684764  5674 demo_inner.hpp:177] decode queue size 0
I1014 12:07:09.684865  5677 work_thread.hpp:81]  [T-Work-Detect_0] Run work: WorkDetect
I1014 12:07:09.684903  5677 work_detect.cpp:102] Succeeded to add det start for frame 89
I1014 12:07:09.691550  5677 work_detect.cpp:70] Frame :89 detect result :1 face(s)
W1014 12:07:09.691584  5677 work_detect.cpp:83] Invalid bbox: [173 x 211 from (277, 158)]
I1014 12:07:09.691727  5677 work_detect.cpp:120] Succeeded to add det end for frame 89
I1014 12:07:09.691745  5677 work_thread.hpp:81]  [T-Work-Detect_0] Run work: WrokTrack
I1014 12:07:09.691772  5677 work_track.cpp:102] Succeeded to set track lock for frame 89
I1014 12:07:09.691799  5677 work_track.cpp:116] Succeeded to release track lock for frame 89
I1014 12:07:09.691814  5677 work_track.cpp:120] Track results of frame 89: 0 objects input, 0 objects tracked!
I1014 12:07:09.691833  5677 work_thread.hpp:88]  [T-Work-Detect_0] Frame :89 split
I1014 12:07:09.691877  5680 thread_intergrate.hpp:78] [T-Intergrate-intergrate] queue: frame output frame :89
I1014 12:07:09.693567  5676 demo_inner.hpp:435] thread [SORT-0]  frame id 89 sorting queue size 0   FPS: 20.0489
I1014 12:07:09.693636  5675 demo_inner.hpp:260]  gui queue size 0, state = running
I1014 12:07:09.738641  5674 demo_inner.hpp:177] decode queue size 0
I1014 12:07:09.738744  5677 work_thread.hpp:81]  [T-Work-Detect_0] Run work: WorkDetect
I1014 12:07:09.738781  5677 work_detect.cpp:102] Succeeded to add det start for frame 90
I1014 12:07:09.745481  5677 work_detect.cpp:70] Frame :90 detect result :1 face(s)
W1014 12:07:09.745520  5677 work_detect.cpp:83] Invalid bbox: [177 x 212 from (272, 157)]
I1014 12:07:09.745740  5677 work_detect.cpp:120] Succeeded to add det end for frame 90
I1014 12:07:09.745759  5677 work_thread.hpp:81]  [T-Work-Detect_0] Run work: WrokTrack
I1014 12:07:09.745786  5677 work_track.cpp:102] Succeeded to set track lock for frame 90
I1014 12:07:09.745813  5677 work_track.cpp:116] Succeeded to release track lock for frame 90
I1014 12:07:09.745827  5677 work_track.cpp:120] Track results of frame 90: 0 objects input, 0 objects tracked!
I1014 12:07:09.745846  5677 work_thread.hpp:88]  [T-Work-Detect_0] Frame :90 split
I1014 12:07:09.745887  5680 thread_intergrate.hpp:78] [T-Intergrate-intergrate] queue: frame output frame :90
I1014 12:07:09.747561  5676 demo_inner.hpp:435] thread [SORT-0]  frame id 90 sorting queue size 0   FPS: 19.9902
I1014 12:07:09.747630  5675 demo_inner.hpp:260]  gui queue size 0, state = running
I1014 12:07:09.786690  5674 demo_inner.hpp:177] decode queue size 0
I1014 12:07:09.786792  5677 work_thread.hpp:81]  [T-Work-Detect_0] Run work: WorkDetect
I1014 12:07:09.786828  5677 work_detect.cpp:102] Succeeded to add det start for frame 91
I1014 12:07:09.793536  5677 work_detect.cpp:70] Frame :91 detect result :1 face(s)
W1014 12:07:09.793578  5677 work_detect.cpp:83] Invalid bbox: [180 x 212 from (266, 157)]
I1014 12:07:09.793716  5677 work_detect.cpp:120] Succeeded to add det end for frame 91
I1014 12:07:09.793735  5677 work_thread.hpp:81]  [T-Work-Detect_0] Run work: WrokTrack
I1014 12:07:09.793761  5677 work_track.cpp:102] Succeeded to set track lock for frame 91
I1014 12:07:09.793788  5677 work_track.cpp:116] Succeeded to release track lock for frame 91
I1014 12:07:09.793802  5677 work_track.cpp:120] Track results of frame 91: 0 objects input, 0 objects tracked!
I1014 12:07:09.793821  5677 work_thread.hpp:88]  [T-Work-Detect_0] Frame :91 split
I1014 12:07:09.793864  5680 thread_intergrate.hpp:78] [T-Intergrate-intergrate] queue: frame output frame :91
I1014 12:07:09.795476  5676 demo_inner.hpp:435] thread [SORT-0]  frame id 91 sorting queue size 0   FPS: 20.0195
I1014 12:07:09.795552  5675 demo_inner.hpp:260]  gui queue size 0, state = running
I1014 12:07:09.834739  5674 demo_inner.hpp:177] decode queue size 0
I1014 12:07:09.834844  5677 work_thread.hpp:81]  [T-Work-Detect_0] Run work: WorkDetect
I1014 12:07:09.834882  5677 work_detect.cpp:102] Succeeded to add det start for frame 92
I1014 12:07:09.841549  5677 work_detect.cpp:70] Frame :92 detect result :1 face(s)
W1014 12:07:09.841586  5677 work_detect.cpp:83] Invalid bbox: [184 x 224 from (248, 150)]
I1014 12:07:09.841683  5677 work_detect.cpp:120] Succeeded to add det end for frame 92
I1014 12:07:09.841701  5677 work_thread.hpp:81]  [T-Work-Detect_0] Run work: WrokTrack
I1014 12:07:09.841727  5677 work_track.cpp:102] Succeeded to set track lock for frame 92
I1014 12:07:09.841797  5677 work_track.cpp:116] Succeeded to release track lock for frame 92
I1014 12:07:09.841814  5677 work_track.cpp:120] Track results of frame 92: 0 objects input, 0 objects tracked!
I1014 12:07:09.841832  5677 work_thread.hpp:88]  [T-Work-Detect_0] Frame :92 split
I1014 12:07:09.841895  5680 thread_intergrate.hpp:78] [T-Intergrate-intergrate] queue: frame output frame :92
I1014 12:07:09.843521  5676 demo_inner.hpp:435] thread [SORT-0]  frame id 92 sorting queue size 0   FPS: 20.0685
I1014 12:07:09.843590  5675 demo_inner.hpp:260]  gui queue size 0, state = running
I1014 12:07:09.888842  5674 demo_inner.hpp:177] decode queue size 0
I1014 12:07:09.888950  5677 work_thread.hpp:81]  [T-Work-Detect_0] Run work: WorkDetect
I1014 12:07:09.888988  5677 work_detect.cpp:102] Succeeded to add det start for frame 93
I1014 12:07:09.895599  5677 work_detect.cpp:70] Frame :93 detect result :1 face(s)
W1014 12:07:09.895640  5677 work_detect.cpp:83] Invalid bbox: [183 x 219 from (262, 151)]
I1014 12:07:09.895740  5677 work_detect.cpp:120] Succeeded to add det end for frame 93
I1014 12:07:09.895757  5677 work_thread.hpp:81]  [T-Work-Detect_0] Run work: WrokTrack
I1014 12:07:09.895786  5677 work_track.cpp:102] Succeeded to set track lock for frame 93
I1014 12:07:09.895812  5677 work_track.cpp:116] Succeeded to release track lock for frame 93
I1014 12:07:09.895826  5677 work_track.cpp:120] Track results of frame 93: 0 objects input, 0 objects tracked!
I1014 12:07:09.895845  5677 work_thread.hpp:88]  [T-Work-Detect_0] Frame :93 split
I1014 12:07:09.895905  5680 thread_intergrate.hpp:78] [T-Intergrate-intergrate] queue: frame output frame :93
I1014 12:07:09.897604  5676 demo_inner.hpp:435] thread [SORT-0]  frame id 93 sorting queue size 0   FPS: 20
I1014 12:07:09.897681  5675 demo_inner.hpp:260]  gui queue size 0, state = running
I1014 12:07:09.936764  5674 demo_inner.hpp:177] decode queue size 0
I1014 12:07:09.936862  5677 work_thread.hpp:81]  [T-Work-Detect_0] Run work: WorkDetect
I1014 12:07:09.936900  5677 work_detect.cpp:102] Succeeded to add det start for frame 94
I1014 12:07:09.943500  5677 work_detect.cpp:70] Frame :94 detect result :1 face(s)
W1014 12:07:09.943538  5677 work_detect.cpp:83] Invalid bbox: [184 x 222 from (260, 149)]
I1014 12:07:09.943636  5677 work_detect.cpp:120] Succeeded to add det end for frame 94
I1014 12:07:09.943655  5677 work_thread.hpp:81]  [T-Work-Detect_0] Run work: WrokTrack
I1014 12:07:09.943683  5677 work_track.cpp:102] Succeeded to set track lock for frame 94
I1014 12:07:09.943711  5677 work_track.cpp:116] Succeeded to release track lock for frame 94
I1014 12:07:09.943724  5677 work_track.cpp:120] Track results of frame 94: 0 objects input, 0 objects tracked!
I1014 12:07:09.943743  5677 work_thread.hpp:88]  [T-Work-Detect_0] Frame :94 split
I1014 12:07:09.943789  5680 thread_intergrate.hpp:78] [T-Intergrate-intergrate] queue: frame output frame :94
I1014 12:07:09.945328  5676 demo_inner.hpp:435] thread [SORT-0]  frame id 94 sorting queue size 0   FPS: 20.0195
I1014 12:07:09.945469  5675 demo_inner.hpp:260]  gui queue size 0, state = running
I1014 12:07:09.984817  5674 demo_inner.hpp:177] decode queue size 0
I1014 12:07:09.984915  5677 work_thread.hpp:81]  [T-Work-Detect_0] Run work: WorkDetect
I1014 12:07:09.984954  5677 work_detect.cpp:102] Succeeded to add det start for frame 95
I1014 12:07:09.991506  5677 work_detect.cpp:70] Frame :95 detect result :1 face(s)
I1014 12:07:09.991547  5677 work_detect.cpp:86] Detected bbox: [180 x 216 from (247, 136)]
I1014 12:07:09.991592  5677 work_detect.cpp:120] Succeeded to add det end for frame 95
I1014 12:07:09.991608  5677 work_thread.hpp:81]  [T-Work-Detect_0] Run work: WrokTrack
I1014 12:07:09.991632  5677 work_track.cpp:82] Frame: 95 build input_characts: [0.28125 x 0.6 from (0.385938, 0.377778)], 1.00019, 0
I1014 12:07:09.991688  5677 work_track.cpp:102] Succeeded to set track lock for frame 95
I1014 12:07:09.991724  5677 work_track.cpp:116] Succeeded to release track lock for frame 95
I1014 12:07:09.991813  5677 work_track.cpp:120] Track results of frame 95: 1 objects input, 0 objects tracked!
I1014 12:07:09.991833  5677 work_track.cpp:162] Frame: 95 lid: 0 not tracked, will set invalid
I1014 12:07:09.991850  5677 work_thread.hpp:88]  [T-Work-Detect_0] Frame :95 split
I1014 12:07:09.991868  5677 work_thread.hpp:124]  [T-Work-Detect_0] Invalid piece: lid = 0, drop it
I1014 12:07:09.991912  5680 thread_intergrate.hpp:78] [T-Intergrate-intergrate] queue: frame output frame :95
I1014 12:07:09.993532  5676 demo_inner.hpp:435] thread [SORT-0]  frame id 95 sorting queue size 0   FPS: 20.0784
I1014 12:07:09.993597  5675 demo_inner.hpp:260]  gui queue size 0, state = running
I1014 12:07:10.038687  5674 demo_inner.hpp:177] decode queue size 0
I1014 12:07:10.038801  5677 work_thread.hpp:81]  [T-Work-Detect_0] Run work: WorkDetect
I1014 12:07:10.038841  5677 work_detect.cpp:102] Succeeded to add det start for frame 96
I1014 12:07:10.045514  5677 work_detect.cpp:70] Frame :96 detect result :1 face(s)
I1014 12:07:10.045559  5677 work_detect.cpp:86] Detected bbox: [177 x 217 from (247, 135)]
I1014 12:07:10.045603  5677 work_detect.cpp:120] Succeeded to add det end for frame 96
I1014 12:07:10.045619  5677 work_thread.hpp:81]  [T-Work-Detect_0] Run work: WrokTrack
I1014 12:07:10.045644  5677 work_track.cpp:82] Frame: 96 build input_characts: [0.276563 x 0.602778 from (0.385938, 0.375)], 0.999622, 0
I1014 12:07:10.045699  5677 work_track.cpp:102] Succeeded to set track lock for frame 96
I1014 12:07:10.045763  5677 work_track.cpp:116] Succeeded to release track lock for frame 96
I1014 12:07:10.045778  5677 work_track.cpp:120] Track results of frame 96: 1 objects input, 0 objects tracked!
I1014 12:07:10.045797  5677 work_track.cpp:162] Frame: 96 lid: 0 not tracked, will set invalid
I1014 12:07:10.045812  5677 work_thread.hpp:88]  [T-Work-Detect_0] Frame :96 split
I1014 12:07:10.045830  5677 work_thread.hpp:124]  [T-Work-Detect_0] Invalid piece: lid = 0, drop it
I1014 12:07:10.045876  5680 thread_intergrate.hpp:78] [T-Intergrate-intergrate] queue: frame output frame :96
I1014 12:07:10.047556  5676 demo_inner.hpp:435] thread [SORT-0]  frame id 96 sorting queue size 0   FPS: 20
I1014 12:07:10.047739  5675 demo_inner.hpp:260]  gui queue size 0, state = running
I1014 12:07:10.086797  5674 demo_inner.hpp:177] decode queue size 0
I1014 12:07:10.086899  5677 work_thread.hpp:81]  [T-Work-Detect_0] Run work: WorkDetect
I1014 12:07:10.086935  5677 work_detect.cpp:102] Succeeded to add det start for frame 97
I1014 12:07:10.093598  5677 work_detect.cpp:70] Frame :97 detect result :1 face(s)
W1014 12:07:10.093637  5677 work_detect.cpp:83] Invalid bbox: [161 x 204 from (252, 157)]
I1014 12:07:10.093739  5677 work_detect.cpp:120] Succeeded to add det end for frame 97
I1014 12:07:10.093756  5677 work_thread.hpp:81]  [T-Work-Detect_0] Run work: WrokTrack
I1014 12:07:10.093785  5677 work_track.cpp:102] Succeeded to set track lock for frame 97
I1014 12:07:10.093816  5677 work_track.cpp:116] Succeeded to release track lock for frame 97
I1014 12:07:10.093829  5677 work_track.cpp:120] Track results of frame 97: 0 objects input, 0 objects tracked!
I1014 12:07:10.093848  5677 work_thread.hpp:88]  [T-Work-Detect_0] Frame :97 split
I1014 12:07:10.093895  5680 thread_intergrate.hpp:78] [T-Intergrate-intergrate] queue: frame output frame :97
I1014 12:07:10.095546  5676 demo_inner.hpp:435] thread [SORT-0]  frame id 97 sorting queue size 0   FPS: 19.9902
I1014 12:07:10.095614  5675 demo_inner.hpp:260]  gui queue size 0, state = running
I1014 12:07:10.134848  5674 demo_inner.hpp:177] decode queue size 0
I1014 12:07:10.134948  5677 work_thread.hpp:81]  [T-Work-Detect_0] Run work: WorkDetect
I1014 12:07:10.134985  5677 work_detect.cpp:102] Succeeded to add det start for frame 98
I1014 12:07:10.141605  5677 work_detect.cpp:70] Frame :98 detect result :1 face(s)
W1014 12:07:10.141651  5677 work_detect.cpp:83] Invalid bbox: [160 x 204 from (255, 158)]
I1014 12:07:10.141757  5677 work_detect.cpp:120] Succeeded to add det end for frame 98
I1014 12:07:10.141773  5677 work_thread.hpp:81]  [T-Work-Detect_0] Run work: WrokTrack
I1014 12:07:10.141845  5677 work_track.cpp:102] Succeeded to set track lock for frame 98
I1014 12:07:10.141882  5677 work_track.cpp:116] Succeeded to release track lock for frame 98
I1014 12:07:10.141896  5677 work_track.cpp:120] Track results of frame 98: 0 objects input, 0 objects tracked!
I1014 12:07:10.141916  5677 work_thread.hpp:88]  [T-Work-Detect_0] Frame :98 split
I1014 12:07:10.141965  5680 thread_intergrate.hpp:78] [T-Intergrate-intergrate] queue: frame output frame :98
I1014 12:07:10.143656  5676 demo_inner.hpp:435] thread [SORT-0]  frame id 98 sorting queue size 0   FPS: 20.0489
I1014 12:07:10.143724  5675 demo_inner.hpp:260]  gui queue size 0, state = running
I1014 12:07:10.188720  5674 demo_inner.hpp:177] decode queue size 0
I1014 12:07:10.188832  5677 work_thread.hpp:81]  [T-Work-Detect_0] Run work: WorkDetect
I1014 12:07:10.188869  5677 work_detect.cpp:102] Succeeded to add det start for frame 99
I1014 12:07:10.195446  5677 work_detect.cpp:70] Frame :99 detect result :1 face(s)
I1014 12:07:10.195482  5677 work_detect.cpp:86] Detected bbox: [182 x 224 from (246, 133)]
I1014 12:07:10.195524  5677 work_detect.cpp:120] Succeeded to add det end for frame 99
I1014 12:07:10.195540  5677 work_thread.hpp:81]  [T-Work-Detect_0] Run work: WrokTrack
I1014 12:07:10.195564  5677 work_track.cpp:82] Frame: 99 build input_characts: [0.284375 x 0.622222 from (0.384375, 0.369444)], 1.00019, 0
I1014 12:07:10.195619  5677 work_track.cpp:102] Succeeded to set track lock for frame 99
I1014 12:07:10.195654  5677 work_track.cpp:116] Succeeded to release track lock for frame 99
I1014 12:07:10.195669  5677 work_track.cpp:120] Track results of frame 99: 1 objects input, 0 objects tracked!
I1014 12:07:10.195688  5677 work_track.cpp:162] Frame: 99 lid: 0 not tracked, will set invalid
I1014 12:07:10.195703  5677 work_thread.hpp:88]  [T-Work-Detect_0] Frame :99 split
I1014 12:07:10.195719  5677 work_thread.hpp:124]  [T-Work-Detect_0] Invalid piece: lid = 0, drop it
I1014 12:07:10.195778  5680 thread_intergrate.hpp:78] [T-Intergrate-intergrate] queue: frame output frame :99
I1014 12:07:10.197365  5676 demo_inner.hpp:435] thread [SORT-0]  frame id 99 sorting queue size 0   FPS: 20
I1014 12:07:10.197487  5675 demo_inner.hpp:260]  gui queue size 0, state = running
I1014 12:07:10.236745  5674 demo_inner.hpp:177] decode queue size 0
I1014 12:07:10.236853  5677 work_thread.hpp:81]  [T-Work-Detect_0] Run work: WorkDetect
I1014 12:07:10.236891  5677 work_detect.cpp:102] Succeeded to add det start for frame 100
I1014 12:07:10.243479  5677 work_detect.cpp:70] Frame :100 detect result :1 face(s)
I1014 12:07:10.243515  5677 work_detect.cpp:86] Detected bbox: [184 x 225 from (245, 133)]
I1014 12:07:10.243557  5677 work_detect.cpp:120] Succeeded to add det end for frame 100
I1014 12:07:10.243573  5677 work_thread.hpp:81]  [T-Work-Detect_0] Run work: WrokTrack
I1014 12:07:10.243597  5677 work_track.cpp:82] Frame: 100 build input_characts: [0.2875 x 0.625 from (0.382812, 0.369444)], 0.999622, 0
I1014 12:07:10.243654  5677 work_track.cpp:102] Succeeded to set track lock for frame 100
I1014 12:07:10.243695  5677 work_track.cpp:116] Succeeded to release track lock for frame 100
I1014 12:07:10.243710  5677 work_track.cpp:120] Track results of frame 100: 1 objects input, 0 objects tracked!
I1014 12:07:10.243727  5677 work_track.cpp:162] Frame: 100 lid: 0 not tracked, will set invalid
I1014 12:07:10.243742  5677 work_thread.hpp:88]  [T-Work-Detect_0] Frame :100 split
I1014 12:07:10.243760  5677 work_thread.hpp:124]  [T-Work-Detect_0] Invalid piece: lid = 0, drop it
I1014 12:07:10.243805  5680 thread_intergrate.hpp:78] [T-Intergrate-intergrate] queue: frame output frame :100
I1014 12:07:10.245364  5676 demo_inner.hpp:435] thread [SORT-0]  frame id 100 sorting queue size 0   FPS: 20
I1014 12:07:10.245503  5675 demo_inner.hpp:260]  gui queue size 0, state = running
I1014 12:07:10.284823  5674 demo_inner.hpp:177] decode queue size 0
I1014 12:07:10.284925  5677 work_thread.hpp:81]  [T-Work-Detect_0] Run work: WorkDetect
I1014 12:07:10.285035  5677 work_detect.cpp:102] Succeeded to add det start for frame 101
I1014 12:07:10.291594  5677 work_detect.cpp:70] Frame :101 detect result :1 face(s)
W1014 12:07:10.291636  5677 work_detect.cpp:83] Invalid bbox: [167 x 207 from (254, 159)]
I1014 12:07:10.291733  5677 work_detect.cpp:120] Succeeded to add det end for frame 101
I1014 12:07:10.291751  5677 work_thread.hpp:81]  [T-Work-Detect_0] Run work: WrokTrack
I1014 12:07:10.291779  5677 work_track.cpp:102] Succeeded to set track lock for frame 101
I1014 12:07:10.291810  5677 work_track.cpp:116] Succeeded to release track lock for frame 101
I1014 12:07:10.291823  5677 work_track.cpp:120] Track results of frame 101: 0 objects input, 0 objects tracked!
I1014 12:07:10.291843  5677 work_thread.hpp:88]  [T-Work-Detect_0] Frame :101 split
I1014 12:07:10.291893  5680 thread_intergrate.hpp:78] [T-Intergrate-intergrate] queue: frame output frame :101
I1014 12:07:10.293558  5676 demo_inner.hpp:435] thread [SORT-0]  frame id 101 sorting queue size 0   FPS: 20.0489
I1014 12:07:10.293632  5675 demo_inner.hpp:260]  gui queue size 0, state = running
I1014 12:07:10.338743  5674 demo_inner.hpp:177] decode queue size 0
I1014 12:07:10.338846  5677 work_thread.hpp:81]  [T-Work-Detect_0] Run work: WorkDetect
I1014 12:07:10.338883  5677 work_detect.cpp:102] Succeeded to add det start for frame 102
I1014 12:07:10.345549  5677 work_detect.cpp:70] Frame :102 detect result :1 face(s)
W1014 12:07:10.345592  5677 work_detect.cpp:83] Invalid bbox: [165 x 206 from (257, 160)]
I1014 12:07:10.345690  5677 work_detect.cpp:120] Succeeded to add det end for frame 102
I1014 12:07:10.345706  5677 work_thread.hpp:81]  [T-Work-Detect_0] Run work: WrokTrack
I1014 12:07:10.345734  5677 work_track.cpp:102] Succeeded to set track lock for frame 102
I1014 12:07:10.345768  5677 work_track.cpp:116] Succeeded to release track lock for frame 102
I1014 12:07:10.345783  5677 work_track.cpp:120] Track results of frame 102: 0 objects input, 0 objects tracked!
I1014 12:07:10.345801  5677 work_thread.hpp:88]  [T-Work-Detect_0] Frame :102 split
I1014 12:07:10.345844  5680 thread_intergrate.hpp:78] [T-Intergrate-intergrate] queue: frame output frame :102
I1014 12:07:10.347488  5676 demo_inner.hpp:435] thread [SORT-0]  frame id 102 sorting queue size 0   FPS: 20.0098
I1014 12:07:10.347555  5675 demo_inner.hpp:260]  gui queue size 0, state = running
I1014 12:07:10.386734  5674 demo_inner.hpp:177] decode queue size 0
I1014 12:07:10.386835  5677 work_thread.hpp:81]  [T-Work-Detect_0] Run work: WorkDetect
I1014 12:07:10.386873  5677 work_detect.cpp:102] Succeeded to add det start for frame 103
I1014 12:07:10.393543  5677 work_detect.cpp:70] Frame :103 detect result :1 face(s)
W1014 12:07:10.393589  5677 work_detect.cpp:83] Invalid bbox: [169 x 212 from (258, 157)]
I1014 12:07:10.393687  5677 work_detect.cpp:120] Succeeded to add det end for frame 103
I1014 12:07:10.393704  5677 work_thread.hpp:81]  [T-Work-Detect_0] Run work: WrokTrack
I1014 12:07:10.393733  5677 work_track.cpp:102] Succeeded to set track lock for frame 103
I1014 12:07:10.393759  5677 work_track.cpp:116] Succeeded to release track lock for frame 103
I1014 12:07:10.393772  5677 work_track.cpp:120] Track results of frame 103: 0 objects input, 0 objects tracked!
I1014 12:07:10.393791  5677 work_thread.hpp:88]  [T-Work-Detect_0] Frame :103 split
I1014 12:07:10.393849  5680 thread_intergrate.hpp:78] [T-Intergrate-intergrate] queue: frame output frame :103
I1014 12:07:10.395499  5676 demo_inner.hpp:435] thread [SORT-0]  frame id 103 sorting queue size 0   FPS: 20
I1014 12:07:10.395566  5675 demo_inner.hpp:260]  gui queue size 0, state = running
I1014 12:07:10.434795  5674 demo_inner.hpp:177] decode queue size 0
I1014 12:07:10.434903  5677 work_thread.hpp:81]  [T-Work-Detect_0] Run work: WorkDetect
I1014 12:07:10.434940  5677 work_detect.cpp:102] Succeeded to add det start for frame 104
I1014 12:07:10.441562  5677 work_detect.cpp:70] Frame :104 detect result :1 face(s)
W1014 12:07:10.441603  5677 work_detect.cpp:83] Invalid bbox: [170 x 212 from (257, 157)]
I1014 12:07:10.441745  5677 work_detect.cpp:120] Succeeded to add det end for frame 104
I1014 12:07:10.441763  5677 work_thread.hpp:81]  [T-Work-Detect_0] Run work: WrokTrack
I1014 12:07:10.441789  5677 work_track.cpp:102] Succeeded to set track lock for frame 104
I1014 12:07:10.441817  5677 work_track.cpp:116] Succeeded to release track lock for frame 104
I1014 12:07:10.441830  5677 work_track.cpp:120] Track results of frame 104: 0 objects input, 0 objects tracked!
I1014 12:07:10.441849  5677 work_thread.hpp:88]  [T-Work-Detect_0] Frame :104 split
I1014 12:07:10.441898  5680 thread_intergrate.hpp:78] [T-Intergrate-intergrate] queue: frame output frame :104
I1014 12:07:10.443576  5676 demo_inner.hpp:435] thread [SORT-0]  frame id 104 sorting queue size 0   FPS: 20.0489
I1014 12:07:10.443645  5675 demo_inner.hpp:260]  gui queue size 0, state = running
I1014 12:07:10.488755  5674 demo_inner.hpp:177] decode queue size 0
I1014 12:07:10.488860  5677 work_thread.hpp:81]  [T-Work-Detect_0] Run work: WorkDetect
I1014 12:07:10.488900  5677 work_detect.cpp:102] Succeeded to add det start for frame 105
I1014 12:07:10.495504  5677 work_detect.cpp:70] Frame :105 detect result :1 face(s)
W1014 12:07:10.495543  5677 work_detect.cpp:83] Invalid bbox: [177 x 216 from (268, 154)]
I1014 12:07:10.495643  5677 work_detect.cpp:120] Succeeded to add det end for frame 105
I1014 12:07:10.495661  5677 work_thread.hpp:81]  [T-Work-Detect_0] Run work: WrokTrack
I1014 12:07:10.495688  5677 work_track.cpp:102] Succeeded to set track lock for frame 105
I1014 12:07:10.495715  5677 work_track.cpp:116] Succeeded to release track lock for frame 105
I1014 12:07:10.495729  5677 work_track.cpp:120] Track results of frame 105: 0 objects input, 0 objects tracked!
I1014 12:07:10.495748  5677 work_thread.hpp:88]  [T-Work-Detect_0] Frame :105 split
I1014 12:07:10.495792  5680 thread_intergrate.hpp:78] [T-Intergrate-intergrate] queue: frame output frame :105
I1014 12:07:10.497362  5676 demo_inner.hpp:435] thread [SORT-0]  frame id 105 sorting queue size 0   FPS: 20
I1014 12:07:10.497491  5675 demo_inner.hpp:260]  gui queue size 0, state = running
I1014 12:07:10.536767  5674 demo_inner.hpp:177] decode queue size 0
I1014 12:07:10.536868  5677 work_thread.hpp:81]  [T-Work-Detect_0] Run work: WorkDetect
I1014 12:07:10.536906  5677 work_detect.cpp:102] Succeeded to add det start for frame 106
I1014 12:07:10.543491  5677 work_detect.cpp:70] Frame :106 detect result :1 face(s)
W1014 12:07:10.543534  5677 work_detect.cpp:83] Invalid bbox: [175 x 212 from (271, 158)]
I1014 12:07:10.543639  5677 work_detect.cpp:120] Succeeded to add det end for frame 106
I1014 12:07:10.543658  5677 work_thread.hpp:81]  [T-Work-Detect_0] Run work: WrokTrack
I1014 12:07:10.543684  5677 work_track.cpp:102] Succeeded to set track lock for frame 106
I1014 12:07:10.543711  5677 work_track.cpp:116] Succeeded to release track lock for frame 106
I1014 12:07:10.543725  5677 work_track.cpp:120] Track results of frame 106: 0 objects input, 0 objects tracked!
I1014 12:07:10.543745  5677 work_thread.hpp:88]  [T-Work-Detect_0] Frame :106 split
I1014 12:07:10.543797  5680 thread_intergrate.hpp:78] [T-Intergrate-intergrate] queue: frame output frame :106
I1014 12:07:10.545367  5676 demo_inner.hpp:435] thread [SORT-0]  frame id 106 sorting queue size 0   FPS: 20
I1014 12:07:10.545509  5675 demo_inner.hpp:260]  gui queue size 0, state = running
I1014 12:07:10.584803  5674 demo_inner.hpp:177] decode queue size 0
I1014 12:07:10.584900  5677 work_thread.hpp:81]  [T-Work-Detect_0] Run work: WorkDetect
I1014 12:07:10.584939  5677 work_detect.cpp:102] Succeeded to add det start for frame 107
I1014 12:07:10.591578  5677 work_detect.cpp:70] Frame :107 detect result :1 face(s)
W1014 12:07:10.591619  5677 work_detect.cpp:83] Invalid bbox: [172 x 208 from (276, 161)]
I1014 12:07:10.591718  5677 work_detect.cpp:120] Succeeded to add det end for frame 107
I1014 12:07:10.591737  5677 work_thread.hpp:81]  [T-Work-Detect_0] Run work: WrokTrack
I1014 12:07:10.591763  5677 work_track.cpp:102] Succeeded to set track lock for frame 107
I1014 12:07:10.591840  5677 work_track.cpp:116] Succeeded to release track lock for frame 107
I1014 12:07:10.591856  5677 work_track.cpp:120] Track results of frame 107: 0 objects input, 0 objects tracked!
I1014 12:07:10.591876  5677 work_thread.hpp:88]  [T-Work-Detect_0] Frame :107 split
I1014 12:07:10.591922  5680 thread_intergrate.hpp:78] [T-Intergrate-intergrate] queue: frame output frame :107
I1014 12:07:10.593605  5676 demo_inner.hpp:435] thread [SORT-0]  frame id 107 sorting queue size 0   FPS: 20.0587
I1014 12:07:10.593673  5675 demo_inner.hpp:260]  gui queue size 0, state = running
I1014 12:07:10.638712  5674 demo_inner.hpp:177] decode queue size 0
I1014 12:07:10.638818  5677 work_thread.hpp:81]  [T-Work-Detect_0] Run work: WorkDetect
I1014 12:07:10.638856  5677 work_detect.cpp:102] Succeeded to add det start for frame 108
I1014 12:07:10.645532  5677 work_detect.cpp:70] Frame :108 detect result :1 face(s)
W1014 12:07:10.645571  5677 work_detect.cpp:83] Invalid bbox: [174 x 207 from (273, 161)]
I1014 12:07:10.645675  5677 work_detect.cpp:120] Succeeded to add det end for frame 108
I1014 12:07:10.645694  5677 work_thread.hpp:81]  [T-Work-Detect_0] Run work: WrokTrack
I1014 12:07:10.645720  5677 work_track.cpp:102] Succeeded to set track lock for frame 108
I1014 12:07:10.645748  5677 work_track.cpp:116] Succeeded to release track lock for frame 108
I1014 12:07:10.645762  5677 work_track.cpp:120] Track results of frame 108: 0 objects input, 0 objects tracked!
I1014 12:07:10.645781  5677 work_thread.hpp:88]  [T-Work-Detect_0] Frame :108 split
I1014 12:07:10.645824  5680 thread_intergrate.hpp:78] [T-Intergrate-intergrate] queue: frame output frame :108
I1014 12:07:10.647476  5676 demo_inner.hpp:435] thread [SORT-0]  frame id 108 sorting queue size 0   FPS: 20
I1014 12:07:10.647545  5675 demo_inner.hpp:260]  gui queue size 0, state = running
I1014 12:07:10.686744  5674 demo_inner.hpp:177] decode queue size 0
I1014 12:07:10.686848  5677 work_thread.hpp:81]  [T-Work-Detect_0] Run work: WorkDetect
I1014 12:07:10.686887  5677 work_detect.cpp:102] Succeeded to add det start for frame 109
I1014 12:07:10.693540  5677 work_detect.cpp:70] Frame :109 detect result :1 face(s)
W1014 12:07:10.693584  5677 work_detect.cpp:83] Invalid bbox: [169 x 204 from (276, 164)]
I1014 12:07:10.693683  5677 work_detect.cpp:120] Succeeded to add det end for frame 109
I1014 12:07:10.693701  5677 work_thread.hpp:81]  [T-Work-Detect_0] Run work: WrokTrack
I1014 12:07:10.693729  5677 work_track.cpp:102] Succeeded to set track lock for frame 109
I1014 12:07:10.693756  5677 work_track.cpp:116] Succeeded to release track lock for frame 109
I1014 12:07:10.693770  5677 work_track.cpp:120] Track results of frame 109: 0 objects input, 0 objects tracked!
I1014 12:07:10.693789  5677 work_thread.hpp:88]  [T-Work-Detect_0] Frame :109 split
I1014 12:07:10.693845  5680 thread_intergrate.hpp:78] [T-Intergrate-intergrate] queue: frame output frame :109
I1014 12:07:10.695483  5676 demo_inner.hpp:435] thread [SORT-0]  frame id 109 sorting queue size 0   FPS: 20
I1014 12:07:10.695550  5675 demo_inner.hpp:260]  gui queue size 0, state = running
I1014 12:07:10.734796  5674 demo_inner.hpp:177] decode queue size 0
I1014 12:07:10.734896  5677 work_thread.hpp:81]  [T-Work-Detect_0] Run work: WorkDetect
I1014 12:07:10.734935  5677 work_detect.cpp:102] Succeeded to add det start for frame 110
I1014 12:07:10.741588  5677 work_detect.cpp:70] Frame :110 detect result :1 face(s)
W1014 12:07:10.741631  5677 work_detect.cpp:83] Invalid bbox: [163 x 201 from (281, 165)]
I1014 12:07:10.741727  5677 work_detect.cpp:120] Succeeded to add det end for frame 110
I1014 12:07:10.741744  5677 work_thread.hpp:81]  [T-Work-Detect_0] Run work: WrokTrack
I1014 12:07:10.741771  5677 work_track.cpp:102] Succeeded to set track lock for frame 110
I1014 12:07:10.741798  5677 work_track.cpp:116] Succeeded to release track lock for frame 110
I1014 12:07:10.741812  5677 work_track.cpp:120] Track results of frame 110: 0 objects input, 0 objects tracked!
I1014 12:07:10.741881  5677 work_thread.hpp:88]  [T-Work-Detect_0] Frame :110 split
I1014 12:07:10.741950  5680 thread_intergrate.hpp:78] [T-Intergrate-intergrate] queue: frame output frame :110
I1014 12:07:10.743594  5676 demo_inner.hpp:435] thread [SORT-0]  frame id 110 sorting queue size 0   FPS: 20.0587
I1014 12:07:10.743660  5675 demo_inner.hpp:260]  gui queue size 0, state = running
I1014 12:07:10.788657  5674 demo_inner.hpp:177] decode queue size 0
I1014 12:07:10.788759  5677 work_thread.hpp:81]  [T-Work-Detect_0] Run work: WorkDetect
I1014 12:07:10.788800  5677 work_detect.cpp:102] Succeeded to add det start for frame 111
I1014 12:07:10.795363  5677 work_detect.cpp:70] Frame :111 detect result :1 face(s)
W1014 12:07:10.795406  5677 work_detect.cpp:83] Invalid bbox: [161 x 198 from (286, 165)]
I1014 12:07:10.795507  5677 work_detect.cpp:120] Succeeded to add det end for frame 111
I1014 12:07:10.795526  5677 work_thread.hpp:81]  [T-Work-Detect_0] Run work: WrokTrack
I1014 12:07:10.795552  5677 work_track.cpp:102] Succeeded to set track lock for frame 111
I1014 12:07:10.795580  5677 work_track.cpp:116] Succeeded to release track lock for frame 111
I1014 12:07:10.795594  5677 work_track.cpp:120] Track results of frame 111: 0 objects input, 0 objects tracked!
I1014 12:07:10.795614  5677 work_thread.hpp:88]  [T-Work-Detect_0] Frame :111 split
I1014 12:07:10.795655  5680 thread_intergrate.hpp:78] [T-Intergrate-intergrate] queue: frame output frame :111
I1014 12:07:10.797274  5676 demo_inner.hpp:435] thread [SORT-0]  frame id 111 sorting queue size 0   FPS: 20
I1014 12:07:10.797363  5675 demo_inner.hpp:260]  gui queue size 0, state = running
I1014 12:07:10.836777  5674 demo_inner.hpp:177] decode queue size 0
I1014 12:07:10.836884  5677 work_thread.hpp:81]  [T-Work-Detect_0] Run work: WorkDetect
I1014 12:07:10.836921  5677 work_detect.cpp:102] Succeeded to add det start for frame 112
I1014 12:07:10.843505  5677 work_detect.cpp:70] Frame :112 detect result :1 face(s)
W1014 12:07:10.843544  5677 work_detect.cpp:83] Invalid bbox: [162 x 202 from (283, 164)]
I1014 12:07:10.843642  5677 work_detect.cpp:120] Succeeded to add det end for frame 112
I1014 12:07:10.843660  5677 work_thread.hpp:81]  [T-Work-Detect_0] Run work: WrokTrack
I1014 12:07:10.843688  5677 work_track.cpp:102] Succeeded to set track lock for frame 112
I1014 12:07:10.843714  5677 work_track.cpp:116] Succeeded to release track lock for frame 112
I1014 12:07:10.843729  5677 work_track.cpp:120] Track results of frame 112: 0 objects input, 0 objects tracked!
I1014 12:07:10.843747  5677 work_thread.hpp:88]  [T-Work-Detect_0] Frame :112 split
I1014 12:07:10.843794  5680 thread_intergrate.hpp:78] [T-Intergrate-intergrate] queue: frame output frame :112
I1014 12:07:10.845525  5676 demo_inner.hpp:435] thread [SORT-0]  frame id 112 sorting queue size 0   FPS: 20
I1014 12:07:10.845615  5675 demo_inner.hpp:260]  gui queue size 0, state = running
I1014 12:07:10.884886  5674 demo_inner.hpp:177] decode queue size 0
I1014 12:07:10.884989  5677 work_thread.hpp:81]  [T-Work-Detect_0] Run work: WorkDetect
I1014 12:07:10.885025  5677 work_detect.cpp:102] Succeeded to add det start for frame 113
I1014 12:07:10.891654  5677 work_detect.cpp:70] Frame :113 detect result :1 face(s)
W1014 12:07:10.891695  5677 work_detect.cpp:83] Invalid bbox: [163 x 204 from (281, 161)]
I1014 12:07:10.891790  5677 work_detect.cpp:120] Succeeded to add det end for frame 113
I1014 12:07:10.891808  5677 work_thread.hpp:81]  [T-Work-Detect_0] Run work: WrokTrack
I1014 12:07:10.891835  5677 work_track.cpp:102] Succeeded to set track lock for frame 113
I1014 12:07:10.891862  5677 work_track.cpp:116] Succeeded to release track lock for frame 113
I1014 12:07:10.891876  5677 work_track.cpp:120] Track results of frame 113: 0 objects input, 0 objects tracked!
I1014 12:07:10.891896  5677 work_thread.hpp:88]  [T-Work-Detect_0] Frame :113 split
I1014 12:07:10.891957  5680 thread_intergrate.hpp:78] [T-Intergrate-intergrate] queue: frame output frame :113
I1014 12:07:10.893596  5676 demo_inner.hpp:435] thread [SORT-0]  frame id 113 sorting queue size 0   FPS: 20.0587
I1014 12:07:10.893738  5675 demo_inner.hpp:260]  gui queue size 0, state = running
I1014 12:07:10.938632  5674 demo_inner.hpp:177] decode queue size 0
I1014 12:07:10.938737  5677 work_thread.hpp:81]  [T-Work-Detect_0] Run work: WorkDetect
I1014 12:07:10.938776  5677 work_detect.cpp:102] Succeeded to add det start for frame 114
I1014 12:07:10.945466  5677 work_detect.cpp:70] Frame :114 detect result :1 face(s)
W1014 12:07:10.945515  5677 work_detect.cpp:83] Invalid bbox: [165 x 203 from (281, 162)]
I1014 12:07:10.945641  5677 work_detect.cpp:120] Succeeded to add det end for frame 114
I1014 12:07:10.945658  5677 work_thread.hpp:81]  [T-Work-Detect_0] Run work: WrokTrack
I1014 12:07:10.945685  5677 work_track.cpp:102] Succeeded to set track lock for frame 114
I1014 12:07:10.945713  5677 work_track.cpp:116] Succeeded to release track lock for frame 114
I1014 12:07:10.945727  5677 work_track.cpp:120] Track results of frame 114: 0 objects input, 0 objects tracked!
I1014 12:07:10.945746  5677 work_thread.hpp:88]  [T-Work-Detect_0] Frame :114 split
I1014 12:07:10.945789  5680 thread_intergrate.hpp:78] [T-Intergrate-intergrate] queue: frame output frame :114
I1014 12:07:10.947448  5676 demo_inner.hpp:435] thread [SORT-0]  frame id 114 sorting queue size 0   FPS: 20
I1014 12:07:10.947513  5675 demo_inner.hpp:260]  gui queue size 0, state = running
I1014 12:07:10.986672  5674 demo_inner.hpp:177] decode queue size 0
I1014 12:07:10.986771  5677 work_thread.hpp:81]  [T-Work-Detect_0] Run work: WorkDetect
I1014 12:07:10.986810  5677 work_detect.cpp:102] Succeeded to add det start for frame 115
I1014 12:07:10.993456  5677 work_detect.cpp:70] Frame :115 detect result :1 face(s)
W1014 12:07:10.993496  5677 work_detect.cpp:83] Invalid bbox: [167 x 203 from (279, 162)]
I1014 12:07:10.993594  5677 work_detect.cpp:120] Succeeded to add det end for frame 115
I1014 12:07:10.993611  5677 work_thread.hpp:81]  [T-Work-Detect_0] Run work: WrokTrack
I1014 12:07:10.993639  5677 work_track.cpp:102] Succeeded to set track lock for frame 115
I1014 12:07:10.993666  5677 work_track.cpp:116] Succeeded to release track lock for frame 115
