I1014 14:18:42.744091  7609 work_thread.hpp:81]  [T-Work-Detect_0] Run work: WorkDetect
I1014 14:18:42.744127  7609 work_detect.cpp:102] Succeeded to add det start for frame 82
I1014 14:18:42.750833  7609 work_detect.cpp:70] Frame :82 detect result :1 face(s)
I1014 14:18:42.750881  7609 work_detect.cpp:86] Detected bbox: [174 x 228 from (265, 129)]
I1014 14:18:42.750926  7609 work_detect.cpp:120] Succeeded to add det end for frame 82
I1014 14:18:42.750941  7609 work_thread.hpp:81]  [T-Work-Detect_0] Run work: WrokTrack
I1014 14:18:42.750964  7609 work_track.cpp:82] Frame: 82 build input_characts: [0.271875 x 0.633333 from (0.414062, 0.358333)], 0.999622, 0
I1014 14:18:42.751021  7609 work_track.cpp:102] Succeeded to set track lock for frame 82
I1014 14:18:42.751062  7609 work_track.cpp:116] Succeeded to release track lock for frame 82
I1014 14:18:42.751076  7609 work_track.cpp:120] Track results of frame 82: 1 objects input, 1 objects tracked!
I1014 14:18:42.751094  7609 work_track.cpp:148] Frame: 82, track bbox: [174 x 228 from (260.408, 128.488)], gid: 0, lid: 0
I1014 14:18:42.751130  7609 work_thread.hpp:87]  [T-Work-Detect_0] Frame :82 split
I1014 14:18:42.751221  7609 work_thread.hpp:119]  [T-Work-Detect_0] Valid piece: gid = 0
I1014 14:18:42.751241  7609 work_thread.hpp:91]  [T-Work-Detect_0] Push to split queue:recog
I1014 14:18:42.751288  7611 work_thread.hpp:81]  [T-Work-Recog_1] Run work: WorkCapture
I1014 14:18:42.751296  7612 thread_intergrate.hpp:78] [T-Intergrate-intergrate] queue: frame output frame :82
I1014 14:18:42.751325  7612 thread_intergrate.hpp:85] [T-Intergrate-intergrate] queue: compare output face:0
I1014 14:18:42.751344  7612 thread_intergrate.hpp:137] T-Intergrate-intergrate set matched face: 0
I1014 14:18:42.751869  7611 work_thread.hpp:81]  [T-Work-Recog_1] Run work: WorkRecog
I1014 14:18:42.751895  7611 work_recog.hpp:89] Face id: 0 will run recog: bbox [174 x 228 from (265, 129)] quality: 0.480215
I1014 14:18:42.751926  7611 work_recog.hpp:96] Recog pair: [256 x 280 from (224, 80)], [174 x 228 from (41, 49)]
I1014 14:18:42.752806  7612 thread_intergrate.hpp:157] T-Intergrate-intergrate Show face :0, size :640 * 360
I1014 14:18:42.753329  7608 demo_inner.hpp:435] thread [SORT-0]  frame id 82 sorting queue size 3   FPS: 19.9611
I1014 14:18:42.769500  7611 work_thread.hpp:81]  [T-Work-Recog_1] Run work: WorkCompare
I1014 14:18:42.769953  7611 work_compare.cpp:76] Compare face: 0 successed, similarity :0.995737, name : images/ThangLMb.jpg, normal size : 1548 * 1719!
I1014 14:18:42.789923  7606 demo_inner.hpp:177] decode queue size 0
I1014 14:18:42.790035  7609 work_thread.hpp:81]  [T-Work-Detect_0] Run work: WorkDetect
I1014 14:18:42.790067  7609 work_detect.cpp:102] Succeeded to add det start for frame 83
I1014 14:18:42.796703  7609 work_detect.cpp:70] Frame :83 detect result :1 face(s)
I1014 14:18:42.796749  7609 work_detect.cpp:86] Detected bbox: [170 x 223 from (267, 131)]
I1014 14:18:42.796793  7609 work_detect.cpp:120] Succeeded to add det end for frame 83
I1014 14:18:42.796810  7609 work_thread.hpp:81]  [T-Work-Detect_0] Run work: WrokTrack
I1014 14:18:42.796833  7609 work_track.cpp:82] Frame: 83 build input_characts: [0.265625 x 0.619444 from (0.417188, 0.363889)], 1.00019, 0
I1014 14:18:42.796887  7609 work_track.cpp:102] Succeeded to set track lock for frame 83
I1014 14:18:42.796927  7609 work_track.cpp:116] Succeeded to release track lock for frame 83
I1014 14:18:42.796941  7609 work_track.cpp:120] Track results of frame 83: 1 objects input, 1 objects tracked!
I1014 14:18:42.796958  7609 work_track.cpp:148] Frame: 83, track bbox: [170 x 223 from (264.203, 130.947)], gid: 0, lid: 0
I1014 14:18:42.796993  7609 work_thread.hpp:87]  [T-Work-Detect_0] Frame :83 split
I1014 14:18:42.797011  7609 work_thread.hpp:119]  [T-Work-Detect_0] Valid piece: gid = 0
I1014 14:18:42.797029  7609 work_thread.hpp:91]  [T-Work-Detect_0] Push to split queue:recog
I1014 14:18:42.797070  7611 work_thread.hpp:81]  [T-Work-Recog_1] Run work: WorkCapture
I1014 14:18:42.797071  7612 thread_intergrate.hpp:78] [T-Intergrate-intergrate] queue: frame output frame :83
I1014 14:18:42.797109  7612 thread_intergrate.hpp:85] [T-Intergrate-intergrate] queue: compare output face:0
I1014 14:18:42.797127  7612 thread_intergrate.hpp:137] T-Intergrate-intergrate set matched face: 0
I1014 14:18:42.797657  7611 work_thread.hpp:81]  [T-Work-Recog_1] Run work: WorkRecog
I1014 14:18:42.797682  7611 work_recog.hpp:89] Face id: 0 will run recog: bbox [170 x 223 from (267, 131)] quality: 0.487079
I1014 14:18:42.797713  7611 work_recog.hpp:96] Recog pair: [240 x 280 from (232, 80)], [170 x 223 from (35, 51)]
I1014 14:18:42.798559  7612 thread_intergrate.hpp:157] T-Intergrate-intergrate Show face :0, size :640 * 360
I1014 14:18:42.799069  7608 demo_inner.hpp:435] thread [SORT-0]  frame id 83 sorting queue size 4   FPS: 20.0391
I1014 14:18:42.815284  7611 work_thread.hpp:81]  [T-Work-Recog_1] Run work: WorkCompare
I1014 14:18:42.815744  7611 work_compare.cpp:76] Compare face: 0 successed, similarity :0.997783, name : images/ThangLMb.jpg, normal size : 1548 * 1719!
I1014 14:18:42.843900  7606 demo_inner.hpp:177] decode queue size 0
I1014 14:18:42.844099  7609 work_thread.hpp:81]  [T-Work-Detect_0] Run work: WorkDetect
I1014 14:18:42.844131  7609 work_detect.cpp:102] Succeeded to add det start for frame 84
I1014 14:18:42.850849  7609 work_detect.cpp:70] Frame :84 detect result :1 face(s)
I1014 14:18:42.850895  7609 work_detect.cpp:86] Detected bbox: [172 x 225 from (265, 130)]
I1014 14:18:42.850939  7609 work_detect.cpp:120] Succeeded to add det end for frame 84
I1014 14:18:42.850955  7609 work_thread.hpp:81]  [T-Work-Detect_0] Run work: WrokTrack
I1014 14:18:42.850978  7609 work_track.cpp:82] Frame: 84 build input_characts: [0.26875 x 0.625 from (0.414062, 0.361111)], 1.00019, 0
I1014 14:18:42.851032  7609 work_track.cpp:102] Succeeded to set track lock for frame 84
I1014 14:18:42.851070  7609 work_track.cpp:116] Succeeded to release track lock for frame 84
I1014 14:18:42.851085  7609 work_track.cpp:120] Track results of frame 84: 1 objects input, 1 objects tracked!
I1014 14:18:42.851102  7609 work_track.cpp:148] Frame: 84, track bbox: [172 x 225 from (264.847, 130.097)], gid: 0, lid: 0
I1014 14:18:42.851138  7609 work_thread.hpp:87]  [T-Work-Detect_0] Frame :84 split
I1014 14:18:42.851155  7609 work_thread.hpp:119]  [T-Work-Detect_0] Valid piece: gid = 0
I1014 14:18:42.851173  7609 work_thread.hpp:91]  [T-Work-Detect_0] Push to split queue:recog
I1014 14:18:42.851219  7612 thread_intergrate.hpp:78] [T-Intergrate-intergrate] queue: frame output frame :84
I1014 14:18:42.851246  7612 thread_intergrate.hpp:85] [T-Intergrate-intergrate] queue: compare output face:0
I1014 14:18:42.851264  7612 thread_intergrate.hpp:137] T-Intergrate-intergrate set matched face: 0
I1014 14:18:42.851282  7610 work_thread.hpp:81]  [T-Work-Recog_0] Run work: WorkCapture
I1014 14:18:42.851954  7610 work_thread.hpp:81]  [T-Work-Recog_0] Run work: WorkRecog
I1014 14:18:42.851980  7610 work_recog.hpp:89] Face id: 0 will run recog: bbox [172 x 225 from (265, 130)] quality: 0.486894
I1014 14:18:42.852010  7610 work_recog.hpp:96] Recog pair: [248 x 280 from (224, 80)], [172 x 225 from (41, 50)]
I1014 14:18:42.852725  7612 thread_intergrate.hpp:157] T-Intergrate-intergrate Show face :0, size :640 * 360
I1014 14:18:42.853261  7608 demo_inner.hpp:435] thread [SORT-0]  frame id 84 sorting queue size 5   FPS: 19.9902
I1014 14:18:42.869781  7610 work_thread.hpp:81]  [T-Work-Recog_0] Run work: WorkCompare
I1014 14:18:42.870237  7610 work_compare.cpp:76] Compare face: 0 successed, similarity :0.995918, name : images/ThangLMb.jpg, normal size : 1548 * 1719!
I1014 14:18:42.891737  7606 demo_inner.hpp:177] decode queue size 0
I1014 14:18:42.891835  7609 work_thread.hpp:81]  [T-Work-Detect_0] Run work: WorkDetect
I1014 14:18:42.891870  7609 work_detect.cpp:102] Succeeded to add det start for frame 85
I1014 14:18:42.898488  7609 work_detect.cpp:70] Frame :85 detect result :1 face(s)
W1014 14:18:42.898538  7609 work_detect.cpp:83] Invalid bbox: [164 x 211 from (262, 154)]
I1014 14:18:42.898613  7609 work_detect.cpp:120] Succeeded to add det end for frame 85
I1014 14:18:42.898631  7609 work_thread.hpp:81]  [T-Work-Detect_0] Run work: WrokTrack
I1014 14:18:42.898658  7609 work_track.cpp:102] Succeeded to set track lock for frame 85
I1014 14:18:42.898692  7609 work_track.cpp:116] Succeeded to release track lock for frame 85
I1014 14:18:42.898706  7609 work_track.cpp:120] Track results of frame 85: 0 objects input, 1 objects tracked!
I1014 14:18:42.898725  7609 work_track.cpp:148] Frame: 85, track bbox: [172 x 225 from (265.505, 130.194)], gid: 0, lid: -1
I1014 14:18:42.898775  7609 work_thread.hpp:87]  [T-Work-Detect_0] Frame :85 split
I1014 14:18:42.898828  7612 thread_intergrate.hpp:78] [T-Intergrate-intergrate] queue: frame output frame :85
I1014 14:18:42.898857  7612 thread_intergrate.hpp:85] [T-Intergrate-intergrate] queue: compare output face:0
I1014 14:18:42.898876  7612 thread_intergrate.hpp:137] T-Intergrate-intergrate set matched face: 0
I1014 14:18:42.900270  7612 thread_intergrate.hpp:157] T-Intergrate-intergrate Show face :0, size :640 * 360
I1014 14:18:42.900830  7608 demo_inner.hpp:435] thread [SORT-0]  frame id 85 sorting queue size 6   FPS: 19.9902
I1014 14:18:42.939800  7606 demo_inner.hpp:177] decode queue size 0
I1014 14:18:42.939910  7609 work_thread.hpp:81]  [T-Work-Detect_0] Run work: WorkDetect
I1014 14:18:42.939947  7609 work_detect.cpp:102] Succeeded to add det start for frame 86
I1014 14:18:42.946588  7609 work_detect.cpp:70] Frame :86 detect result :1 face(s)
W1014 14:18:42.946633  7609 work_detect.cpp:83] Invalid bbox: [164 x 208 from (260, 156)]
I1014 14:18:42.946710  7609 work_detect.cpp:120] Succeeded to add det end for frame 86
I1014 14:18:42.946727  7609 work_thread.hpp:81]  [T-Work-Detect_0] Run work: WrokTrack
I1014 14:18:42.946753  7609 work_track.cpp:102] Succeeded to set track lock for frame 86
I1014 14:18:42.946785  7609 work_track.cpp:116] Succeeded to release track lock for frame 86
I1014 14:18:42.946799  7609 work_track.cpp:120] Track results of frame 86: 0 objects input, 0 objects tracked!
I1014 14:18:42.946818  7609 work_thread.hpp:87]  [T-Work-Detect_0] Frame :86 split
I1014 14:18:42.946866  7612 thread_intergrate.hpp:78] [T-Intergrate-intergrate] queue: frame output frame :86
I1014 14:18:42.947962  7612 thread_intergrate.hpp:157] T-Intergrate-intergrate Show face :0, size :640 * 360
I1014 14:18:42.948566  7608 demo_inner.hpp:435] thread [SORT-0]  frame id 86 sorting queue size 7   FPS: 20.0489
I1014 14:18:42.993664  7606 demo_inner.hpp:177] decode queue size 0
I1014 14:18:42.993782  7609 work_thread.hpp:81]  [T-Work-Detect_0] Run work: WorkDetect
I1014 14:18:42.993815  7609 work_detect.cpp:102] Succeeded to add det start for frame 87
I1014 14:18:43.000459  7609 work_detect.cpp:70] Frame :87 detect result :1 face(s)
I1014 14:18:43.000504  7609 work_detect.cpp:86] Detected bbox: [175 x 225 from (264, 129)]
I1014 14:18:43.000546  7609 work_detect.cpp:120] Succeeded to add det end for frame 87
I1014 14:18:43.000562  7609 work_thread.hpp:81]  [T-Work-Detect_0] Run work: WrokTrack
I1014 14:18:43.000586  7609 work_track.cpp:82] Frame: 87 build input_characts: [0.273438 x 0.625 from (0.4125, 0.358333)], 1.00019, 0
I1014 14:18:43.000640  7609 work_track.cpp:102] Succeeded to set track lock for frame 87
I1014 14:18:43.000679  7609 work_track.cpp:116] Succeeded to release track lock for frame 87
I1014 14:18:43.000694  7609 work_track.cpp:120] Track results of frame 87: 1 objects input, 0 objects tracked!
I1014 14:18:43.000711  7609 work_track.cpp:162] Frame: 87 lid: 0 not tracked, will set invalid
I1014 14:18:43.000726  7609 work_thread.hpp:87]  [T-Work-Detect_0] Frame :87 split
I1014 14:18:43.000743  7609 work_thread.hpp:123]  [T-Work-Detect_0] Invalid piece: lid = 0, drop it
I1014 14:18:43.000788  7612 thread_intergrate.hpp:78] [T-Intergrate-intergrate] queue: frame output frame :87
I1014 14:18:43.001879  7612 thread_intergrate.hpp:157] T-Intergrate-intergrate Show face :0, size :640 * 360
I1014 14:18:43.002420  7608 demo_inner.hpp:435] thread [SORT-0]  frame id 87 sorting queue size 8   FPS: 20
I1014 14:18:43.041873  7606 demo_inner.hpp:177] decode queue size 0
I1014 14:18:43.041981  7609 work_thread.hpp:81]  [T-Work-Detect_0] Run work: WorkDetect
I1014 14:18:43.042016  7609 work_detect.cpp:102] Succeeded to add det start for frame 88
I1014 14:18:43.048691  7609 work_detect.cpp:70] Frame :88 detect result :1 face(s)
W1014 14:18:43.048733  7609 work_detect.cpp:83] Invalid bbox: [165 x 210 from (261, 155)]
I1014 14:18:43.048808  7609 work_detect.cpp:120] Succeeded to add det end for frame 88
I1014 14:18:43.048825  7609 work_thread.hpp:81]  [T-Work-Detect_0] Run work: WrokTrack
I1014 14:18:43.048851  7609 work_track.cpp:102] Succeeded to set track lock for frame 88
I1014 14:18:43.048882  7609 work_track.cpp:116] Succeeded to release track lock for frame 88
I1014 14:18:43.048897  7609 work_track.cpp:120] Track results of frame 88: 0 objects input, 0 objects tracked!
I1014 14:18:43.048915  7609 work_thread.hpp:87]  [T-Work-Detect_0] Frame :88 split
I1014 14:18:43.048964  7612 thread_intergrate.hpp:78] [T-Intergrate-intergrate] queue: frame output frame :88
I1014 14:18:43.050057  7612 thread_intergrate.hpp:157] T-Intergrate-intergrate Show face :0, size :640 * 360
I1014 14:18:43.050667  7608 demo_inner.hpp:435] thread [SORT-0]  frame id 88 sorting queue size 9   FPS: 19.9902
I1014 14:18:43.089913  7606 demo_inner.hpp:177] decode queue size 0
I1014 14:18:43.090014  7609 work_thread.hpp:81]  [T-Work-Detect_0] Run work: WorkDetect
I1014 14:18:43.090050  7609 work_detect.cpp:102] Succeeded to add det start for frame 89
I1014 14:18:43.096714  7609 work_detect.cpp:70] Frame :89 detect result :1 face(s)
I1014 14:18:43.096753  7609 work_detect.cpp:86] Detected bbox: [166 x 229 from (262, 127)]
I1014 14:18:43.096796  7609 work_detect.cpp:120] Succeeded to add det end for frame 89
I1014 14:18:43.096812  7609 work_thread.hpp:81]  [T-Work-Detect_0] Run work: WrokTrack
I1014 14:18:43.096835  7609 work_track.cpp:82] Frame: 89 build input_characts: [0.259375 x 0.636111 from (0.409375, 0.352778)], 1.00019, 0
I1014 14:18:43.096890  7609 work_track.cpp:102] Succeeded to set track lock for frame 89
I1014 14:18:43.096930  7609 work_track.cpp:116] Succeeded to release track lock for frame 89
I1014 14:18:43.096945  7609 work_track.cpp:120] Track results of frame 89: 1 objects input, 0 objects tracked!
I1014 14:18:43.096962  7609 work_track.cpp:162] Frame: 89 lid: 0 not tracked, will set invalid
I1014 14:18:43.096977  7609 work_thread.hpp:87]  [T-Work-Detect_0] Frame :89 split
I1014 14:18:43.096994  7609 work_thread.hpp:123]  [T-Work-Detect_0] Invalid piece: lid = 0, drop it
I1014 14:18:43.097041  7612 thread_intergrate.hpp:78] [T-Intergrate-intergrate] queue: frame output frame :89
I1014 14:18:43.098134  7612 thread_intergrate.hpp:157] T-Intergrate-intergrate Show face :0, size :640 * 360
I1014 14:18:43.098686  7608 demo_inner.hpp:435] thread [SORT-0]  frame id 89 sorting queue size 10   FPS: 20.0587
I1014 14:18:43.143745  7606 demo_inner.hpp:177] decode queue size 0
I1014 14:18:43.143853  7609 work_thread.hpp:81]  [T-Work-Detect_0] Run work: WorkDetect
I1014 14:18:43.143888  7609 work_detect.cpp:102] Succeeded to add det start for frame 90
I1014 14:18:43.150530  7609 work_detect.cpp:70] Frame :90 detect result :1 face(s)
I1014 14:18:43.150579  7609 work_detect.cpp:86] Detected bbox: [161 x 224 from (264, 130)]
I1014 14:18:43.150622  7609 work_detect.cpp:120] Succeeded to add det end for frame 90
I1014 14:18:43.150640  7609 work_thread.hpp:81]  [T-Work-Detect_0] Run work: WrokTrack
I1014 14:18:43.150663  7609 work_track.cpp:82] Frame: 90 build input_characts: [0.251563 x 0.622222 from (0.4125, 0.361111)], 1.00019, 0
I1014 14:18:43.150718  7609 work_track.cpp:102] Succeeded to set track lock for frame 90
I1014 14:18:43.150755  7609 work_track.cpp:116] Succeeded to release track lock for frame 90
I1014 14:18:43.150769  7609 work_track.cpp:120] Track results of frame 90: 1 objects input, 0 objects tracked!
I1014 14:18:43.150786  7609 work_track.cpp:162] Frame: 90 lid: 0 not tracked, will set invalid
I1014 14:18:43.150802  7609 work_thread.hpp:87]  [T-Work-Detect_0] Frame :90 split
I1014 14:18:43.150818  7609 work_thread.hpp:123]  [T-Work-Detect_0] Invalid piece: lid = 0, drop it
I1014 14:18:43.150864  7612 thread_intergrate.hpp:78] [T-Intergrate-intergrate] queue: frame output frame :90
I1014 14:18:43.151957  7612 thread_intergrate.hpp:157] T-Intergrate-intergrate Show face :0, size :640 * 360
I1014 14:18:43.191900  7606 demo_inner.hpp:177] decode queue size 0
I1014 14:18:43.192008  7609 work_thread.hpp:81]  [T-Work-Detect_0] Run work: WorkDetect
I1014 14:18:43.192040  7609 work_detect.cpp:102] Succeeded to add det start for frame 91
I1014 14:18:43.198689  7609 work_detect.cpp:70] Frame :91 detect result :1 face(s)
W1014 14:18:43.198732  7609 work_detect.cpp:83] Invalid bbox: [166 x 212 from (261, 155)]
I1014 14:18:43.198807  7609 work_detect.cpp:120] Succeeded to add det end for frame 91
I1014 14:18:43.198824  7609 work_thread.hpp:81]  [T-Work-Detect_0] Run work: WrokTrack
I1014 14:18:43.198851  7609 work_track.cpp:102] Succeeded to set track lock for frame 91
I1014 14:18:43.198882  7609 work_track.cpp:116] Succeeded to release track lock for frame 91
I1014 14:18:43.198940  7609 work_track.cpp:120] Track results of frame 91: 0 objects input, 0 objects tracked!
I1014 14:18:43.198961  7609 work_thread.hpp:87]  [T-Work-Detect_0] Frame :91 split
I1014 14:18:43.199009  7612 thread_intergrate.hpp:78] [T-Intergrate-intergrate] queue: frame output frame :91
I1014 14:18:43.200103  7612 thread_intergrate.hpp:157] T-Intergrate-intergrate Show face :0, size :640 * 360
I1014 14:18:43.239914  7606 demo_inner.hpp:177] decode queue size 0
I1014 14:18:43.240032  7609 work_thread.hpp:81]  [T-Work-Detect_0] Run work: WorkDetect
I1014 14:18:43.240064  7609 work_detect.cpp:102] Succeeded to add det start for frame 92
I1014 14:18:43.246665  7609 work_detect.cpp:70] Frame :92 detect result :1 face(s)
I1014 14:18:43.246701  7609 work_detect.cpp:86] Detected bbox: [173 x 228 from (266, 129)]
I1014 14:18:43.246742  7609 work_detect.cpp:120] Succeeded to add det end for frame 92
I1014 14:18:43.246758  7609 work_thread.hpp:81]  [T-Work-Detect_0] Run work: WrokTrack
I1014 14:18:43.246781  7609 work_track.cpp:82] Frame: 92 build input_characts: [0.270312 x 0.633333 from (0.415625, 0.358333)], 1.00019, 0
I1014 14:18:43.246835  7609 work_track.cpp:102] Succeeded to set track lock for frame 92
I1014 14:18:43.246875  7609 work_track.cpp:116] Succeeded to release track lock for frame 92
I1014 14:18:43.246888  7609 work_track.cpp:120] Track results of frame 92: 1 objects input, 0 objects tracked!
I1014 14:18:43.246906  7609 work_track.cpp:162] Frame: 92 lid: 0 not tracked, will set invalid
I1014 14:18:43.246922  7609 work_thread.hpp:87]  [T-Work-Detect_0] Frame :92 split
I1014 14:18:43.246938  7609 work_thread.hpp:123]  [T-Work-Detect_0] Invalid piece: lid = 0, drop it
I1014 14:18:43.246984  7612 thread_intergrate.hpp:78] [T-Intergrate-intergrate] queue: frame output frame :92
I1014 14:18:43.248075  7612 thread_intergrate.hpp:157] T-Intergrate-intergrate Show face :0, size :640 * 360
I1014 14:18:43.293807  7606 demo_inner.hpp:177] decode queue size 0
I1014 14:18:43.293920  7609 work_thread.hpp:81]  [T-Work-Detect_0] Run work: WorkDetect
I1014 14:18:43.293951  7609 work_detect.cpp:102] Succeeded to add det start for frame 93
I1014 14:18:43.300566  7609 work_detect.cpp:70] Frame :93 detect result :1 face(s)
I1014 14:18:43.300606  7609 work_detect.cpp:86] Detected bbox: [174 x 229 from (265, 128)]
I1014 14:18:43.300649  7609 work_detect.cpp:120] Succeeded to add det end for frame 93
I1014 14:18:43.300664  7609 work_thread.hpp:81]  [T-Work-Detect_0] Run work: WrokTrack
I1014 14:18:43.300688  7609 work_track.cpp:82] Frame: 93 build input_characts: [0.271875 x 0.636111 from (0.414062, 0.355556)], 1.00035, 0
I1014 14:18:43.300745  7609 work_track.cpp:102] Succeeded to set track lock for frame 93
I1014 14:18:43.300784  7609 work_track.cpp:116] Succeeded to release track lock for frame 93
I1014 14:18:43.300799  7609 work_track.cpp:120] Track results of frame 93: 1 objects input, 0 objects tracked!
I1014 14:18:43.300817  7609 work_track.cpp:162] Frame: 93 lid: 0 not tracked, will set invalid
I1014 14:18:43.300832  7609 work_thread.hpp:87]  [T-Work-Detect_0] Frame :93 split
I1014 14:18:43.300848  7609 work_thread.hpp:123]  [T-Work-Detect_0] Invalid piece: lid = 0, drop it
I1014 14:18:43.300892  7612 thread_intergrate.hpp:78] [T-Intergrate-intergrate] queue: frame output frame :93
I1014 14:18:43.301985  7612 thread_intergrate.hpp:157] T-Intergrate-intergrate Show face :0, size :640 * 360
I1014 14:18:43.341768  7606 demo_inner.hpp:177] decode queue size 0
I1014 14:18:43.341867  7609 work_thread.hpp:81]  [T-Work-Detect_0] Run work: WorkDetect
I1014 14:18:43.341899  7609 work_detect.cpp:102] Succeeded to add det start for frame 94
I1014 14:18:43.348553  7609 work_detect.cpp:70] Frame :94 detect result :1 face(s)
W1014 14:18:43.348592  7609 work_detect.cpp:83] Invalid bbox: [168 x 212 from (260, 153)]
I1014 14:18:43.348665  7609 work_detect.cpp:120] Succeeded to add det end for frame 94
I1014 14:18:43.348682  7609 work_thread.hpp:81]  [T-Work-Detect_0] Run work: WrokTrack
I1014 14:18:43.348709  7609 work_track.cpp:102] Succeeded to set track lock for frame 94
I1014 14:18:43.348785  7609 work_track.cpp:116] Succeeded to release track lock for frame 94
I1014 14:18:43.348800  7609 work_track.cpp:120] Track results of frame 94: 0 objects input, 0 objects tracked!
I1014 14:18:43.348819  7609 work_thread.hpp:87]  [T-Work-Detect_0] Frame :94 split
I1014 14:18:43.348867  7612 thread_intergrate.hpp:78] [T-Intergrate-intergrate] queue: frame output frame :94
I1014 14:18:43.349956  7612 thread_intergrate.hpp:157] T-Intergrate-intergrate Show face :0, size :640 * 360
I1014 14:18:43.389868  7606 demo_inner.hpp:177] decode queue size 0
I1014 14:18:43.389961  7609 work_thread.hpp:81]  [T-Work-Detect_0] Run work: WorkDetect
I1014 14:18:43.389992  7609 work_detect.cpp:102] Succeeded to add det start for frame 95
I1014 14:18:43.396637  7609 work_detect.cpp:70] Frame :95 detect result :1 face(s)
I1014 14:18:43.396670  7609 work_detect.cpp:86] Detected bbox: [167 x 227 from (261, 130)]
I1014 14:18:43.396713  7609 work_detect.cpp:120] Succeeded to add det end for frame 95
I1014 14:18:43.396728  7609 work_thread.hpp:81]  [T-Work-Detect_0] Run work: WrokTrack
I1014 14:18:43.396751  7609 work_track.cpp:82] Frame: 95 build input_characts: [0.260938 x 0.630556 from (0.407813, 0.361111)], 1.00019, 0
I1014 14:18:43.396806  7609 work_track.cpp:102] Succeeded to set track lock for frame 95
I1014 14:18:43.396845  7609 work_track.cpp:116] Succeeded to release track lock for frame 95
I1014 14:18:43.396860  7609 work_track.cpp:120] Track results of frame 95: 1 objects input, 0 objects tracked!
I1014 14:18:43.396878  7609 work_track.cpp:162] Frame: 95 lid: 0 not tracked, will set invalid
I1014 14:18:43.396893  7609 work_thread.hpp:87]  [T-Work-Detect_0] Frame :95 split
I1014 14:18:43.396909  7609 work_thread.hpp:123]  [T-Work-Detect_0] Invalid piece: lid = 0, drop it
I1014 14:18:43.396955  7612 thread_intergrate.hpp:78] [T-Intergrate-intergrate] queue: frame output frame :95
I1014 14:18:43.398046  7612 thread_intergrate.hpp:157] T-Intergrate-intergrate Show face :0, size :640 * 360
I1014 14:18:43.408257  7612 thread_intergrate.hpp:95] T-Intergrate-intergrate Try push queue sorting again 5 vs 5
I1014 14:18:43.418344  7612 thread_intergrate.hpp:95] T-Intergrate-intergrate Try push queue sorting again 5 vs 5
I1014 14:18:43.428432  7612 thread_intergrate.hpp:95] T-Intergrate-intergrate Try push queue sorting again 5 vs 5
I1014 14:18:43.438539  7612 thread_intergrate.hpp:95] T-Intergrate-intergrate Try push queue sorting again 5 vs 5
I1014 14:18:43.443651  7606 demo_inner.hpp:177] decode queue size 0
I1014 14:18:43.443779  7609 work_thread.hpp:81]  [T-Work-Detect_0] Run work: WorkDetect
I1014 14:18:43.443817  7609 work_detect.cpp:102] Succeeded to add det start for frame 96
I1014 14:18:43.448683  7612 thread_intergrate.hpp:95] T-Intergrate-intergrate Try push queue sorting again 5 vs 5
I1014 14:18:43.450526  7609 work_detect.cpp:70] Frame :96 detect result :1 face(s)
I1014 14:18:43.450547  7609 work_detect.cpp:86] Detected bbox: [168 x 224 from (269, 131)]
I1014 14:18:43.450588  7609 work_detect.cpp:120] Succeeded to add det end for frame 96
I1014 14:18:43.450604  7609 work_thread.hpp:81]  [T-Work-Detect_0] Run work: WrokTrack
I1014 14:18:43.450625  7609 work_track.cpp:82] Frame: 96 build input_characts: [0.2625 x 0.622222 from (0.420312, 0.363889)], 1.00019, 0
I1014 14:18:43.450680  7609 work_track.cpp:102] Succeeded to set track lock for frame 96
I1014 14:18:43.450718  7609 work_track.cpp:116] Succeeded to release track lock for frame 96
I1014 14:18:43.450733  7609 work_track.cpp:120] Track results of frame 96: 1 objects input, 0 objects tracked!
I1014 14:18:43.450750  7609 work_track.cpp:162] Frame: 96 lid: 0 not tracked, will set invalid
I1014 14:18:43.450767  7609 work_thread.hpp:87]  [T-Work-Detect_0] Frame :96 split
I1014 14:18:43.450783  7609 work_thread.hpp:123]  [T-Work-Detect_0] Invalid piece: lid = 0, drop it
I1014 14:18:43.458791  7612 thread_intergrate.hpp:95] T-Intergrate-intergrate Try push queue sorting again 5 vs 5
I1014 14:18:43.468953  7612 thread_intergrate.hpp:95] T-Intergrate-intergrate Try push queue sorting again 5 vs 5
I1014 14:18:43.479038  7612 thread_intergrate.hpp:95] T-Intergrate-intergrate Try push queue sorting again 5 vs 5
I1014 14:18:43.489128  7612 thread_intergrate.hpp:95] T-Intergrate-intergrate Try push queue sorting again 5 vs 5
I1014 14:18:43.491684  7606 demo_inner.hpp:177] decode queue size 0
I1014 14:18:43.491786  7609 work_thread.hpp:81]  [T-Work-Detect_0] Run work: WorkDetect
I1014 14:18:43.491817  7609 work_detect.cpp:102] Succeeded to add det start for frame 97
I1014 14:18:43.498530  7609 work_detect.cpp:70] Frame :97 detect result :1 face(s)
I1014 14:18:43.498564  7609 work_detect.cpp:86] Detected bbox: [175 x 230 from (265, 127)]
I1014 14:18:43.498606  7609 work_detect.cpp:120] Succeeded to add det end for frame 97
I1014 14:18:43.498621  7609 work_thread.hpp:81]  [T-Work-Detect_0] Run work: WrokTrack
I1014 14:18:43.498646  7609 work_track.cpp:82] Frame: 97 build input_characts: [0.273438 x 0.638889 from (0.414062, 0.352778)], 1.00019, 0
I1014 14:18:43.498700  7609 work_track.cpp:102] Succeeded to set track lock for frame 97
I1014 14:18:43.498739  7609 work_track.cpp:116] Succeeded to release track lock for frame 97
I1014 14:18:43.498754  7609 work_track.cpp:120] Track results of frame 97: 1 objects input, 1 objects tracked!
I1014 14:18:43.498771  7609 work_track.cpp:148] Frame: 97, track bbox: [175 x 230 from (264.434, 127.814)], gid: 0, lid: 0
I1014 14:18:43.498807  7609 work_thread.hpp:87]  [T-Work-Detect_0] Frame :97 split
I1014 14:18:43.498826  7609 work_thread.hpp:119]  [T-Work-Detect_0] Valid piece: gid = 0
I1014 14:18:43.498843  7609 work_thread.hpp:91]  [T-Work-Detect_0] Push to split queue:recog
I1014 14:18:43.498891  7611 work_thread.hpp:81]  [T-Work-Recog_1] Run work: WorkCapture
I1014 14:18:43.499231  7612 thread_intergrate.hpp:95] T-Intergrate-intergrate Try push queue sorting again 5 vs 5
I1014 14:18:43.499420  7611 work_thread.hpp:81]  [T-Work-Recog_1] Run work: WorkRecog
I1014 14:18:43.499444  7611 work_recog.hpp:89] Face id: 0 will run recog: bbox [175 x 230 from (265, 127)] quality: 0.488209
I1014 14:18:43.499471  7611 work_recog.hpp:96] Recog pair: [256 x 280 from (224, 80)], [175 x 230 from (41, 47)]
I1014 14:18:43.509325  7612 thread_intergrate.hpp:95] T-Intergrate-intergrate Try push queue sorting again 5 vs 5
I1014 14:18:43.516783  7611 work_thread.hpp:81]  [T-Work-Recog_1] Run work: WorkCompare
I1014 14:18:43.517206  7611 work_compare.cpp:76] Compare face: 0 successed, similarity :0.996581, name : images/ThangLMb.jpg, normal size : 1548 * 1719!
I1014 14:18:43.519006  7607 demo_inner.hpp:260]  gui queue size 10, state = running
I1014 14:18:43.519050  7612 thread_intergrate.hpp:78] [T-Intergrate-intergrate] queue: frame output frame :96
I1014 14:18:43.519075  7612 thread_intergrate.hpp:85] [T-Intergrate-intergrate] queue: compare output face:0
I1014 14:18:43.519093  7612 thread_intergrate.hpp:137] T-Intergrate-intergrate set matched face: 0
I1014 14:18:43.519368  7608 demo_inner.hpp:435] thread [SORT-0]  frame id 90 sorting queue size 0   FPS: 16.9632
I1014 14:18:43.519742  7608 demo_inner.hpp:435] thread [SORT-0]  frame id 91 sorting queue size 1   FPS: 17.2996
I1014 14:18:43.520081  7608 demo_inner.hpp:435] thread [SORT-0]  frame id 92 sorting queue size 2   FPS: 17.6953
I1014 14:18:43.520507  7612 thread_intergrate.hpp:157] T-Intergrate-intergrate Show face :0, size :640 * 360
I1014 14:18:43.520524  7608 demo_inner.hpp:435] thread [SORT-0]  frame id 93 sorting queue size 3   FPS: 18.0696
I1014 14:18:43.520658  7612 thread_intergrate.hpp:78] [T-Intergrate-intergrate] queue: frame output frame :97
I1014 14:18:43.520766  7607 demo_inner.hpp:260]  gui queue size 3, state = running
I1014 14:18:43.520850  7608 demo_inner.hpp:435] thread [SORT-0]  frame id 94 sorting queue size 0   FPS: 18.4602
I1014 14:18:43.521150  7608 demo_inner.hpp:435] thread [SORT-0]  frame id 95 sorting queue size 1   FPS: 18.9114
I1014 14:18:43.521522  7608 demo_inner.hpp:435] thread [SORT-0]  frame id 96 sorting queue size 2   FPS: 19.3396
I1014 14:18:43.521795  7612 thread_intergrate.hpp:157] T-Intergrate-intergrate Show face :0, size :640 * 360
I1014 14:18:43.522228  7608 demo_inner.hpp:435] thread [SORT-0]  frame id 97 sorting queue size 3   FPS: 19.7876
I1014 14:18:43.522325  7607 demo_inner.hpp:260]  gui queue size 3, state = running
I1014 14:18:43.539324  7606 demo_inner.hpp:177] decode queue size 0
I1014 14:18:43.539414  7609 work_thread.hpp:81]  [T-Work-Detect_0] Run work: WorkDetect
I1014 14:18:43.539449  7609 work_detect.cpp:102] Succeeded to add det start for frame 98
I1014 14:18:43.546212  7609 work_detect.cpp:70] Frame :98 detect result :1 face(s)
I1014 14:18:43.546243  7609 work_detect.cpp:86] Detected bbox: [160 x 220 from (265, 133)]
I1014 14:18:43.546284  7609 work_detect.cpp:120] Succeeded to add det end for frame 98
I1014 14:18:43.546300  7609 work_thread.hpp:81]  [T-Work-Detect_0] Run work: WrokTrack
I1014 14:18:43.546324  7609 work_track.cpp:82] Frame: 98 build input_characts: [0.25 x 0.611111 from (0.414062, 0.369444)], 0.999622, 0
I1014 14:18:43.546376  7609 work_track.cpp:102] Succeeded to set track lock for frame 98
I1014 14:18:43.546416  7609 work_track.cpp:116] Succeeded to release track lock for frame 98
I1014 14:18:43.546430  7609 work_track.cpp:120] Track results of frame 98: 1 objects input, 1 objects tracked!
I1014 14:18:43.546448  7609 work_track.cpp:148] Frame: 98, track bbox: [160 x 220 from (268.004, 132.744)], gid: 0, lid: 0
I1014 14:18:43.546484  7609 work_thread.hpp:87]  [T-Work-Detect_0] Frame :98 split
I1014 14:18:43.546501  7609 work_thread.hpp:119]  [T-Work-Detect_0] Valid piece: gid = 0
I1014 14:18:43.546519  7609 work_thread.hpp:91]  [T-Work-Detect_0] Push to split queue:recog
I1014 14:18:43.546566  7611 work_thread.hpp:81]  [T-Work-Recog_1] Run work: WorkCapture
I1014 14:18:43.546569  7612 thread_intergrate.hpp:78] [T-Intergrate-intergrate] queue: frame output frame :98
I1014 14:18:43.547081  7611 work_thread.hpp:81]  [T-Work-Recog_1] Run work: WorkRecog
I1014 14:18:43.547104  7611 work_recog.hpp:89] Face id: 0 will run recog: bbox [160 x 220 from (265, 133)] quality: 0.471312
I1014 14:18:43.547132  7611 work_recog.hpp:96] Recog pair: [232 x 272 from (232, 88)], [160 x 220 from (33, 45)]
I1014 14:18:43.547698  7612 thread_intergrate.hpp:157] T-Intergrate-intergrate Show face :0, size :640 * 360
I1014 14:18:43.548224  7608 demo_inner.hpp:435] thread [SORT-0]  frame id 98 sorting queue size 0   FPS: 20.0784
I1014 14:18:43.550570  7607 demo_inner.hpp:260]  gui queue size 0, state = running
I1014 14:18:43.564580  7611 work_thread.hpp:81]  [T-Work-Recog_1] Run work: WorkCompare
I1014 14:18:43.565048  7611 work_compare.cpp:76] Compare face: 0 successed, similarity :0.995395, name : images/ThangLMb.jpg, normal size : 1548 * 1719!
I1014 14:18:43.593622  7606 demo_inner.hpp:177] decode queue size 0
I1014 14:18:43.593742  7609 work_thread.hpp:81]  [T-Work-Detect_0] Run work: WorkDetect
I1014 14:18:43.593780  7609 work_detect.cpp:102] Succeeded to add det start for frame 99
I1014 14:18:43.600536  7609 work_detect.cpp:70] Frame :99 detect result :1 face(s)
I1014 14:18:43.600569  7609 work_detect.cpp:86] Detected bbox: [174 x 225 from (266, 131)]
I1014 14:18:43.600611  7609 work_detect.cpp:120] Succeeded to add det end for frame 99
I1014 14:18:43.600627  7609 work_thread.hpp:81]  [T-Work-Detect_0] Run work: WrokTrack
I1014 14:18:43.600651  7609 work_track.cpp:82] Frame: 99 build input_characts: [0.271875 x 0.625 from (0.415625, 0.363889)], 1.00019, 0
I1014 14:18:43.600703  7609 work_track.cpp:102] Succeeded to set track lock for frame 99
I1014 14:18:43.600744  7609 work_track.cpp:116] Succeeded to release track lock for frame 99
I1014 14:18:43.600759  7609 work_track.cpp:120] Track results of frame 99: 1 objects input, 1 objects tracked!
I1014 14:18:43.600775  7609 work_track.cpp:148] Frame: 99, track bbox: [174 x 225 from (263.109, 130.604)], gid: 0, lid: 0
I1014 14:18:43.600811  7609 work_thread.hpp:87]  [T-Work-Detect_0] Frame :99 split
I1014 14:18:43.600829  7609 work_thread.hpp:119]  [T-Work-Detect_0] Valid piece: gid = 0
I1014 14:18:43.600921  7609 work_thread.hpp:91]  [T-Work-Detect_0] Push to split queue:recog
I1014 14:18:43.600970  7610 work_thread.hpp:81]  [T-Work-Recog_0] Run work: WorkCapture
I1014 14:18:43.601265  7612 thread_intergrate.hpp:78] [T-Intergrate-intergrate] queue: frame output frame :99
I1014 14:18:43.601291  7612 thread_intergrate.hpp:85] [T-Intergrate-intergrate] queue: compare output face:0
I1014 14:18:43.601310  7612 thread_intergrate.hpp:137] T-Intergrate-intergrate set matched face: 0
I1014 14:18:43.602718  7612 thread_intergrate.hpp:157] T-Intergrate-intergrate Show face :0, size :640 * 360
I1014 14:18:43.602916  7610 work_thread.hpp:81]  [T-Work-Recog_0] Run work: WorkRecog
I1014 14:18:43.602941  7610 work_recog.hpp:89] Face id: 0 will run recog: bbox [174 x 225 from (266, 131)] quality: 0.485595
I1014 14:18:43.602972  7610 work_recog.hpp:96] Recog pair: [248 x 280 from (232, 80)], [174 x 225 from (34, 51)]
I1014 14:18:43.603261  7608 demo_inner.hpp:435] thread [SORT-0]  frame id 99 sorting queue size 0   FPS: 19.9902
I1014 14:18:43.603328  7607 demo_inner.hpp:260]  gui queue size 0, state = running
I1014 14:18:43.620820  7610 work_thread.hpp:81]  [T-Work-Recog_0] Run work: WorkCompare
I1014 14:18:43.621284  7610 work_compare.cpp:76] Compare face: 0 successed, similarity :0.992445, name : images/ThangLMb.jpg, normal size : 1548 * 1719!
I1014 14:18:43.641811  7606 demo_inner.hpp:177] decode queue size 0
I1014 14:18:43.641927  7609 work_thread.hpp:81]  [T-Work-Detect_0] Run work: WorkDetect
I1014 14:18:43.641963  7609 work_detect.cpp:102] Succeeded to add det start for frame 100
I1014 14:18:43.648651  7609 work_detect.cpp:70] Frame :100 detect result :1 face(s)
I1014 14:18:43.648682  7609 work_detect.cpp:86] Detected bbox: [175 x 228 from (265, 129)]
I1014 14:18:43.648723  7609 work_detect.cpp:120] Succeeded to add det end for frame 100
I1014 14:18:43.648741  7609 work_thread.hpp:81]  [T-Work-Detect_0] Run work: WrokTrack
I1014 14:18:43.648762  7609 work_track.cpp:82] Frame: 100 build input_characts: [0.273438 x 0.633333 from (0.414062, 0.358333)], 1.00019, 0
I1014 14:18:43.648816  7609 work_track.cpp:102] Succeeded to set track lock for frame 100
I1014 14:18:43.648856  7609 work_track.cpp:116] Succeeded to release track lock for frame 100
I1014 14:18:43.648871  7609 work_track.cpp:120] Track results of frame 100: 1 objects input, 1 objects tracked!
I1014 14:18:43.648888  7609 work_track.cpp:148] Frame: 100, track bbox: [175 x 228 from (264.948, 129.027)], gid: 0, lid: 0
I1014 14:18:43.648924  7609 work_thread.hpp:87]  [T-Work-Detect_0] Frame :100 split
I1014 14:18:43.648941  7609 work_thread.hpp:119]  [T-Work-Detect_0] Valid piece: gid = 0
I1014 14:18:43.648959  7609 work_thread.hpp:91]  [T-Work-Detect_0] Push to split queue:recog
I1014 14:18:43.649003  7610 work_thread.hpp:81]  [T-Work-Recog_0] Run work: WorkCapture
I1014 14:18:43.649021  7612 thread_intergrate.hpp:78] [T-Intergrate-intergrate] queue: frame output frame :100
I1014 14:18:43.649045  7612 thread_intergrate.hpp:85] [T-Intergrate-intergrate] queue: compare output face:0
I1014 14:18:43.649063  7612 thread_intergrate.hpp:137] T-Intergrate-intergrate set matched face: 0
I1014 14:18:43.649564  7610 work_thread.hpp:81]  [T-Work-Recog_0] Run work: WorkRecog
I1014 14:18:43.649588  7610 work_recog.hpp:89] Face id: 0 will run recog: bbox [175 x 228 from (265, 129)] quality: 0.486182
I1014 14:18:43.649617  7610 work_recog.hpp:96] Recog pair: [256 x 280 from (224, 80)], [175 x 228 from (41, 49)]
I1014 14:18:43.650485  7612 thread_intergrate.hpp:157] T-Intergrate-intergrate Show face :0, size :640 * 360
I1014 14:18:43.651058  7608 demo_inner.hpp:435] thread [SORT-0]  frame id 100 sorting queue size 0   FPS: 19.9902
I1014 14:18:43.651149  7607 demo_inner.hpp:260]  gui queue size 0, state = running
I1014 14:18:43.667266  7610 work_thread.hpp:81]  [T-Work-Recog_0] Run work: WorkCompare
I1014 14:18:43.667728  7610 work_compare.cpp:76] Compare face: 0 successed, similarity :0.995614, name : images/ThangLMb.jpg, normal size : 1548 * 1719!
I1014 14:18:43.689501  7606 demo_inner.hpp:177] decode queue size 0
I1014 14:18:43.689591  7609 work_thread.hpp:81]  [T-Work-Detect_0] Run work: WorkDetect
I1014 14:18:43.689625  7609 work_detect.cpp:102] Succeeded to add det start for frame 101
I1014 14:18:43.696349  7609 work_detect.cpp:70] Frame :101 detect result :1 face(s)
I1014 14:18:43.696396  7609 work_detect.cpp:86] Detected bbox: [176 x 225 from (264, 130)]
I1014 14:18:43.696439  7609 work_detect.cpp:120] Succeeded to add det end for frame 101
I1014 14:18:43.696455  7609 work_thread.hpp:81]  [T-Work-Detect_0] Run work: WrokTrack
I1014 14:18:43.696480  7609 work_track.cpp:82] Frame: 101 build input_characts: [0.275 x 0.625 from (0.4125, 0.361111)], 1.00019, 0
I1014 14:18:43.696535  7609 work_track.cpp:102] Succeeded to set track lock for frame 101
I1014 14:18:43.696574  7609 work_track.cpp:116] Succeeded to release track lock for frame 101
I1014 14:18:43.696589  7609 work_track.cpp:120] Track results of frame 101: 1 objects input, 1 objects tracked!
I1014 14:18:43.696606  7609 work_track.cpp:148] Frame: 101, track bbox: [176 x 225 from (263.554, 130.423)], gid: 0, lid: 0
I1014 14:18:43.696642  7609 work_thread.hpp:87]  [T-Work-Detect_0] Frame :101 split
I1014 14:18:43.696660  7609 work_thread.hpp:119]  [T-Work-Detect_0] Valid piece: gid = 0
I1014 14:18:43.696678  7609 work_thread.hpp:91]  [T-Work-Detect_0] Push to split queue:recog
I1014 14:18:43.696722  7610 work_thread.hpp:81]  [T-Work-Recog_0] Run work: WorkCapture
I1014 14:18:43.696732  7612 thread_intergrate.hpp:78] [T-Intergrate-intergrate] queue: frame output frame :101
I1014 14:18:43.696756  7612 thread_intergrate.hpp:85] [T-Intergrate-intergrate] queue: compare output face:0
I1014 14:18:43.696774  7612 thread_intergrate.hpp:137] T-Intergrate-intergrate set matched face: 0
I1014 14:18:43.697331  7610 work_thread.hpp:81]  [T-Work-Recog_0] Run work: WorkRecog
I1014 14:18:43.697360  7610 work_recog.hpp:89] Face id: 0 will run recog: bbox [176 x 225 from (264, 130)] quality: 0.482198
I1014 14:18:43.697391  7610 work_recog.hpp:96] Recog pair: [256 x 280 from (224, 80)], [176 x 225 from (40, 50)]
I1014 14:18:43.698189  7612 thread_intergrate.hpp:157] T-Intergrate-intergrate Show face :0, size :640 * 360
I1014 14:18:43.698760  7608 demo_inner.hpp:435] thread [SORT-0]  frame id 101 sorting queue size 0   FPS: 20.0587
I1014 14:18:43.698863  7607 demo_inner.hpp:260]  gui queue size 0, state = running
I1014 14:18:43.715087  7610 work_thread.hpp:81]  [T-Work-Recog_0] Run work: WorkCompare
I1014 14:18:43.715551  7610 work_compare.cpp:76] Compare face: 0 successed, similarity :0.991645, name : images/ThangLMb.jpg, normal size : 1548 * 1719!
I1014 14:18:43.743299  7606 demo_inner.hpp:177] decode queue size 0
I1014 14:18:43.743396  7609 work_thread.hpp:81]  [T-Work-Detect_0] Run work: WorkDetect
I1014 14:18:43.743432  7609 work_detect.cpp:102] Succeeded to add det start for frame 102
I1014 14:18:43.750043  7609 work_detect.cpp:70] Frame :102 detect result :1 face(s)
I1014 14:18:43.750082  7609 work_detect.cpp:86] Detected bbox: [171 x 223 from (267, 131)]
I1014 14:18:43.750124  7609 work_detect.cpp:120] Succeeded to add det end for frame 102
I1014 14:18:43.750140  7609 work_thread.hpp:81]  [T-Work-Detect_0] Run work: WrokTrack
I1014 14:18:43.750164  7609 work_track.cpp:82] Frame: 102 build input_characts: [0.267188 x 0.619444 from (0.417188, 0.363889)], 1.00019, 0
I1014 14:18:43.750219  7609 work_track.cpp:102] Succeeded to set track lock for frame 102
I1014 14:18:43.750260  7609 work_track.cpp:116] Succeeded to release track lock for frame 102
I1014 14:18:43.750275  7609 work_track.cpp:120] Track results of frame 102: 1 objects input, 1 objects tracked!
I1014 14:18:43.750293  7609 work_track.cpp:148] Frame: 102, track bbox: [171 x 223 from (267.222, 131.277)], gid: 0, lid: 0
I1014 14:18:43.750329  7609 work_thread.hpp:87]  [T-Work-Detect_0] Frame :102 split
I1014 14:18:43.750345  7609 work_thread.hpp:119]  [T-Work-Detect_0] Valid piece: gid = 0
I1014 14:18:43.750363  7609 work_thread.hpp:91]  [T-Work-Detect_0] Push to split queue:recog
I1014 14:18:43.750476  7610 work_thread.hpp:81]  [T-Work-Recog_0] Run work: WorkCapture
I1014 14:18:43.750488  7612 thread_intergrate.hpp:78] [T-Intergrate-intergrate] queue: frame output frame :102
I1014 14:18:43.750514  7612 thread_intergrate.hpp:85] [T-Intergrate-intergrate] queue: compare output face:0
I1014 14:18:43.750531  7612 thread_intergrate.hpp:137] T-Intergrate-intergrate set matched face: 0
I1014 14:18:43.751044  7610 work_thread.hpp:81]  [T-Work-Recog_0] Run work: WorkRecog
I1014 14:18:43.751070  7610 work_recog.hpp:89] Face id: 0 will run recog: bbox [171 x 223 from (267, 131)] quality: 0.469084
I1014 14:18:43.751098  7610 work_recog.hpp:96] Recog pair: [240 x 280 from (232, 80)], [171 x 223 from (35, 51)]
I1014 14:18:43.751942  7612 thread_intergrate.hpp:157] T-Intergrate-intergrate Show face :0, size :640 * 360
I1014 14:18:43.752533  7608 demo_inner.hpp:435] thread [SORT-0]  frame id 102 sorting queue size 0   FPS: 20
I1014 14:18:43.752617  7607 demo_inner.hpp:260]  gui queue size 0, state = running
I1014 14:18:43.768760  7610 work_thread.hpp:81]  [T-Work-Recog_0] Run work: WorkCompare
I1014 14:18:43.769227  7610 work_compare.cpp:76] Compare face: 0 successed, similarity :0.996348, name : images/ThangLMb.jpg, normal size : 1548 * 1719!
I1014 14:18:43.791375  7606 demo_inner.hpp:177] decode queue size 0
I1014 14:18:43.791472  7609 work_thread.hpp:81]  [T-Work-Detect_0] Run work: WorkDetect
I1014 14:18:43.791507  7609 work_detect.cpp:102] Succeeded to add det start for frame 103
I1014 14:18:43.798229  7609 work_detect.cpp:70] Frame :103 detect result :1 face(s)
I1014 14:18:43.798274  7609 work_detect.cpp:86] Detected bbox: [172 x 224 from (265, 132)]
I1014 14:18:43.798316  7609 work_detect.cpp:120] Succeeded to add det end for frame 103
I1014 14:18:43.798333  7609 work_thread.hpp:81]  [T-Work-Detect_0] Run work: WrokTrack
I1014 14:18:43.798358  7609 work_track.cpp:82] Frame: 103 build input_characts: [0.26875 x 0.622222 from (0.414062, 0.366667)], 1.00035, 0
I1014 14:18:43.798413  7609 work_track.cpp:102] Succeeded to set track lock for frame 103
I1014 14:18:43.798452  7609 work_track.cpp:116] Succeeded to release track lock for frame 103
I1014 14:18:43.798466  7609 work_track.cpp:120] Track results of frame 103: 1 objects input, 1 objects tracked!
I1014 14:18:43.798485  7609 work_track.cpp:148] Frame: 103, track bbox: [172 x 224 from (267.014, 131.185)], gid: 0, lid: 0
I1014 14:18:43.798521  7609 work_thread.hpp:87]  [T-Work-Detect_0] Frame :103 split
I1014 14:18:43.798538  7609 work_thread.hpp:119]  [T-Work-Detect_0] Valid piece: gid = 0
I1014 14:18:43.798557  7609 work_thread.hpp:91]  [T-Work-Detect_0] Push to split queue:recog
I1014 14:18:43.798601  7610 work_thread.hpp:81]  [T-Work-Recog_0] Run work: WorkCapture
I1014 14:18:43.798609  7612 thread_intergrate.hpp:78] [T-Intergrate-intergrate] queue: frame output frame :103
I1014 14:18:43.798635  7612 thread_intergrate.hpp:85] [T-Intergrate-intergrate] queue: compare output face:0
I1014 14:18:43.798652  7612 thread_intergrate.hpp:137] T-Intergrate-intergrate set matched face: 0
I1014 14:18:43.799163  7610 work_thread.hpp:81]  [T-Work-Recog_0] Run work: WorkRecog
I1014 14:18:43.799188  7610 work_recog.hpp:89] Face id: 0 will run recog: bbox [172 x 224 from (265, 132)] quality: 0.487186
I1014 14:18:43.799217  7610 work_recog.hpp:96] Recog pair: [248 x 272 from (224, 88)], [172 x 224 from (41, 44)]
I1014 14:18:43.800062  7612 thread_intergrate.hpp:157] T-Intergrate-intergrate Show face :0, size :640 * 360
I1014 14:18:43.800647  7608 demo_inner.hpp:435] thread [SORT-0]  frame id 103 sorting queue size 0   FPS: 20
I1014 14:18:43.800738  7607 demo_inner.hpp:260]  gui queue size 0, state = running
I1014 14:18:43.816884  7610 work_thread.hpp:81]  [T-Work-Recog_0] Run work: WorkCompare
I1014 14:18:43.817348  7610 work_compare.cpp:76] Compare face: 0 successed, similarity :0.995038, name : images/ThangLMb.jpg, normal size : 1548 * 1719!
I1014 14:18:43.839435  7606 demo_inner.hpp:177] decode queue size 0
I1014 14:18:43.839536  7609 work_thread.hpp:81]  [T-Work-Detect_0] Run work: WorkDetect
I1014 14:18:43.839653  7609 work_detect.cpp:102] Succeeded to add det start for frame 104
I1014 14:18:43.846320  7609 work_detect.cpp:70] Frame :104 detect result :1 face(s)
I1014 14:18:43.846371  7609 work_detect.cpp:86] Detected bbox: [172 x 219 from (266, 134)]
I1014 14:18:43.846415  7609 work_detect.cpp:120] Succeeded to add det end for frame 104
I1014 14:18:43.846432  7609 work_thread.hpp:81]  [T-Work-Detect_0] Run work: WrokTrack
I1014 14:18:43.846457  7609 work_track.cpp:82] Frame: 104 build input_characts: [0.26875 x 0.608333 from (0.415625, 0.372222)], 1.00035, 0
I1014 14:18:43.846509  7609 work_track.cpp:102] Succeeded to set track lock for frame 104
I1014 14:18:43.846549  7609 work_track.cpp:116] Succeeded to release track lock for frame 104
I1014 14:18:43.846563  7609 work_track.cpp:120] Track results of frame 104: 1 objects input, 1 objects tracked!
I1014 14:18:43.846581  7609 work_track.cpp:148] Frame: 104, track bbox: [172 x 219 from (265.534, 133.87)], gid: 0, lid: 0
I1014 14:18:43.846616  7609 work_thread.hpp:87]  [T-Work-Detect_0] Frame :104 split
I1014 14:18:43.846634  7609 work_thread.hpp:119]  [T-Work-Detect_0] Valid piece: gid = 0
I1014 14:18:43.846652  7609 work_thread.hpp:91]  [T-Work-Detect_0] Push to split queue:recog
I1014 14:18:43.846705  7611 work_thread.hpp:81]  [T-Work-Recog_1] Run work: WorkCapture
I1014 14:18:43.846711  7612 thread_intergrate.hpp:78] [T-Intergrate-intergrate] queue: frame output frame :104
I1014 14:18:43.846735  7612 thread_intergrate.hpp:85] [T-Intergrate-intergrate] queue: compare output face:0
I1014 14:18:43.846755  7612 thread_intergrate.hpp:137] T-Intergrate-intergrate set matched face: 0
I1014 14:18:43.847328  7611 work_thread.hpp:81]  [T-Work-Recog_1] Run work: WorkRecog
I1014 14:18:43.847354  7611 work_recog.hpp:89] Face id: 0 will run recog: bbox [172 x 219 from (266, 134)] quality: 0.460936
I1014 14:18:43.847386  7611 work_recog.hpp:96] Recog pair: [240 x 272 from (232, 88)], [172 x 219 from (34, 46)]
I1014 14:18:43.848199  7612 thread_intergrate.hpp:157] T-Intergrate-intergrate Show face :0, size :640 * 360
I1014 14:18:43.848752  7608 demo_inner.hpp:435] thread [SORT-0]  frame id 104 sorting queue size 0   FPS: 20.0587
I1014 14:18:43.848860  7607 demo_inner.hpp:260]  gui queue size 0, state = running
I1014 14:18:43.865077  7611 work_thread.hpp:81]  [T-Work-Recog_1] Run work: WorkCompare
I1014 14:18:43.865540  7611 work_compare.cpp:76] Compare face: 0 successed, similarity :0.993379, name : images/ThangLMb.jpg, normal size : 1548 * 1719!
I1014 14:18:43.893340  7606 demo_inner.hpp:177] decode queue size 0
I1014 14:18:43.893455  7609 work_thread.hpp:81]  [T-Work-Detect_0] Run work: WorkDetect
I1014 14:18:43.893491  7609 work_detect.cpp:102] Succeeded to add det start for frame 105
I1014 14:18:43.900130  7609 work_detect.cpp:70] Frame :105 detect result :1 face(s)
I1014 14:18:43.900187  7609 work_detect.cpp:86] Detected bbox: [173 x 222 from (266, 134)]
I1014 14:18:43.900229  7609 work_detect.cpp:120] Succeeded to add det end for frame 105
I1014 14:18:43.900246  7609 work_thread.hpp:81]  [T-Work-Detect_0] Run work: WrokTrack
I1014 14:18:43.900271  7609 work_track.cpp:82] Frame: 105 build input_characts: [0.270312 x 0.616667 from (0.415625, 0.372222)], 0.999622, 0
I1014 14:18:43.900326  7609 work_track.cpp:102] Succeeded to set track lock for frame 105
I1014 14:18:43.900365  7609 work_track.cpp:116] Succeeded to release track lock for frame 105
I1014 14:18:43.900380  7609 work_track.cpp:120] Track results of frame 105: 1 objects input, 1 objects tracked!
I1014 14:18:43.900398  7609 work_track.cpp:148] Frame: 105, track bbox: [173 x 222 from (265.493, 133.449)], gid: 0, lid: 0
