I1014 14:53:44.140586  8295 work_detect.cpp:102] Succeeded to add det start for frame 251
I1014 14:53:44.146874  8295 work_detect.cpp:70] Frame :251 detect result :0 face(s)
I1014 14:53:44.146924  8295 work_detect.cpp:120] Succeeded to add det end for frame 251
I1014 14:53:44.146941  8295 work_thread.hpp:81]  [T-Work-Detect_0] Run work: WrokTrack
I1014 14:53:44.146967  8295 work_track.cpp:102] Succeeded to set track lock for frame 251
I1014 14:53:44.146993  8295 work_track.cpp:116] Succeeded to release track lock for frame 251
I1014 14:53:44.147007  8295 work_track.cpp:120] Track results of frame 251: 0 objects input, 0 objects tracked!
I1014 14:53:44.147027  8295 work_thread.hpp:87]  [T-Work-Detect_0] Frame :251 split
I1014 14:53:44.147090  8298 thread_intergrate.hpp:78] [T-Intergrate-intergrate] queue: frame output frame :251
I1014 14:53:44.148180  8298 thread_intergrate.hpp:164] T-Intergrate-intergrate Show face :2, size :640 * 360
I1014 14:53:44.148798  8294 demo_inner.hpp:435] thread [SORT-0]  frame id 251 sorting queue size 7   FPS: 16.6667
I1014 14:53:44.200510  8292 demo_inner.hpp:177] decode queue size 0
I1014 14:53:44.200650  8295 work_thread.hpp:81]  [T-Work-Detect_0] Run work: WorkDetect
I1014 14:53:44.200687  8295 work_detect.cpp:102] Succeeded to add det start for frame 252
I1014 14:53:44.206987  8295 work_detect.cpp:70] Frame :252 detect result :0 face(s)
I1014 14:53:44.207036  8295 work_detect.cpp:120] Succeeded to add det end for frame 252
I1014 14:53:44.207052  8295 work_thread.hpp:81]  [T-Work-Detect_0] Run work: WrokTrack
I1014 14:53:44.207079  8295 work_track.cpp:102] Succeeded to set track lock for frame 252
I1014 14:53:44.207106  8295 work_track.cpp:116] Succeeded to release track lock for frame 252
I1014 14:53:44.207120  8295 work_track.cpp:120] Track results of frame 252: 0 objects input, 0 objects tracked!
I1014 14:53:44.207139  8295 work_thread.hpp:87]  [T-Work-Detect_0] Frame :252 split
I1014 14:53:44.207204  8298 thread_intergrate.hpp:78] [T-Intergrate-intergrate] queue: frame output frame :252
I1014 14:53:44.208292  8298 thread_intergrate.hpp:164] T-Intergrate-intergrate Show face :2, size :640 * 360
I1014 14:53:44.208915  8294 demo_inner.hpp:435] thread [SORT-0]  frame id 252 sorting queue size 8   FPS: 16.6667
I1014 14:53:44.260579  8292 demo_inner.hpp:177] decode queue size 0
I1014 14:53:44.260730  8295 work_thread.hpp:81]  [T-Work-Detect_0] Run work: WorkDetect
I1014 14:53:44.260768  8295 work_detect.cpp:102] Succeeded to add det start for frame 253
I1014 14:53:44.267104  8295 work_detect.cpp:70] Frame :253 detect result :0 face(s)
I1014 14:53:44.267151  8295 work_detect.cpp:120] Succeeded to add det end for frame 253
I1014 14:53:44.267168  8295 work_thread.hpp:81]  [T-Work-Detect_0] Run work: WrokTrack
I1014 14:53:44.267195  8295 work_track.cpp:102] Succeeded to set track lock for frame 253
I1014 14:53:44.267221  8295 work_track.cpp:116] Succeeded to release track lock for frame 253
I1014 14:53:44.267235  8295 work_track.cpp:120] Track results of frame 253: 0 objects input, 0 objects tracked!
I1014 14:53:44.267254  8295 work_thread.hpp:87]  [T-Work-Detect_0] Frame :253 split
I1014 14:53:44.267318  8298 thread_intergrate.hpp:78] [T-Intergrate-intergrate] queue: frame output frame :253
I1014 14:53:44.268407  8298 thread_intergrate.hpp:164] T-Intergrate-intergrate Show face :2, size :640 * 360
I1014 14:53:44.269024  8294 demo_inner.hpp:435] thread [SORT-0]  frame id 253 sorting queue size 9   FPS: 16.6667
I1014 14:53:44.320647  8292 demo_inner.hpp:177] decode queue size 0
I1014 14:53:44.320857  8295 work_thread.hpp:81]  [T-Work-Detect_0] Run work: WorkDetect
I1014 14:53:44.320894  8295 work_detect.cpp:102] Succeeded to add det start for frame 254
I1014 14:53:44.327221  8295 work_detect.cpp:70] Frame :254 detect result :0 face(s)
I1014 14:53:44.327289  8295 work_detect.cpp:120] Succeeded to add det end for frame 254
I1014 14:53:44.327306  8295 work_thread.hpp:81]  [T-Work-Detect_0] Run work: WrokTrack
I1014 14:53:44.327334  8295 work_track.cpp:102] Succeeded to set track lock for frame 254
I1014 14:53:44.327360  8295 work_track.cpp:116] Succeeded to release track lock for frame 254
I1014 14:53:44.327375  8295 work_track.cpp:120] Track results of frame 254: 0 objects input, 0 objects tracked!
I1014 14:53:44.327394  8295 work_thread.hpp:87]  [T-Work-Detect_0] Frame :254 split
I1014 14:53:44.327466  8298 thread_intergrate.hpp:78] [T-Intergrate-intergrate] queue: frame output frame :254
I1014 14:53:44.328555  8298 thread_intergrate.hpp:164] T-Intergrate-intergrate Show face :2, size :640 * 360
I1014 14:53:44.329175  8294 demo_inner.hpp:435] thread [SORT-0]  frame id 254 sorting queue size 10   FPS: 16.6667
I1014 14:53:44.380633  8292 demo_inner.hpp:177] decode queue size 0
I1014 14:53:44.380834  8295 work_thread.hpp:81]  [T-Work-Detect_0] Run work: WorkDetect
I1014 14:53:44.380873  8295 work_detect.cpp:102] Succeeded to add det start for frame 255
I1014 14:53:44.387187  8295 work_detect.cpp:70] Frame :255 detect result :0 face(s)
I1014 14:53:44.387236  8295 work_detect.cpp:120] Succeeded to add det end for frame 255
I1014 14:53:44.387253  8295 work_thread.hpp:81]  [T-Work-Detect_0] Run work: WrokTrack
I1014 14:53:44.387279  8295 work_track.cpp:102] Succeeded to set track lock for frame 255
I1014 14:53:44.387305  8295 work_track.cpp:116] Succeeded to release track lock for frame 255
I1014 14:53:44.387320  8295 work_track.cpp:120] Track results of frame 255: 0 objects input, 0 objects tracked!
I1014 14:53:44.387338  8295 work_thread.hpp:87]  [T-Work-Detect_0] Frame :255 split
I1014 14:53:44.387403  8298 thread_intergrate.hpp:78] [T-Intergrate-intergrate] queue: frame output frame :255
I1014 14:53:44.388494  8298 thread_intergrate.hpp:164] T-Intergrate-intergrate Show face :2, size :640 * 360
I1014 14:53:44.440493  8292 demo_inner.hpp:177] decode queue size 0
I1014 14:53:44.440615  8295 work_thread.hpp:81]  [T-Work-Detect_0] Run work: WorkDetect
I1014 14:53:44.440652  8295 work_detect.cpp:102] Succeeded to add det start for frame 256
I1014 14:53:44.447055  8295 work_detect.cpp:70] Frame :256 detect result :0 face(s)
I1014 14:53:44.447108  8295 work_detect.cpp:120] Succeeded to add det end for frame 256
I1014 14:53:44.447125  8295 work_thread.hpp:81]  [T-Work-Detect_0] Run work: WrokTrack
I1014 14:53:44.447227  8295 work_track.cpp:102] Succeeded to set track lock for frame 256
I1014 14:53:44.447255  8295 work_track.cpp:116] Succeeded to release track lock for frame 256
I1014 14:53:44.447269  8295 work_track.cpp:120] Track results of frame 256: 0 objects input, 0 objects tracked!
I1014 14:53:44.447288  8295 work_thread.hpp:87]  [T-Work-Detect_0] Frame :256 split
I1014 14:53:44.447358  8298 thread_intergrate.hpp:78] [T-Intergrate-intergrate] queue: frame output frame :256
I1014 14:53:44.448448  8298 thread_intergrate.hpp:164] T-Intergrate-intergrate Show face :2, size :640 * 360
I1014 14:53:44.500432  8292 demo_inner.hpp:177] decode queue size 0
I1014 14:53:44.500537  8295 work_thread.hpp:81]  [T-Work-Detect_0] Run work: WorkDetect
I1014 14:53:44.500574  8295 work_detect.cpp:102] Succeeded to add det start for frame 257
I1014 14:53:44.506889  8295 work_detect.cpp:70] Frame :257 detect result :0 face(s)
I1014 14:53:44.506937  8295 work_detect.cpp:120] Succeeded to add det end for frame 257
I1014 14:53:44.506953  8295 work_thread.hpp:81]  [T-Work-Detect_0] Run work: WrokTrack
I1014 14:53:44.506979  8295 work_track.cpp:102] Succeeded to set track lock for frame 257
I1014 14:53:44.507005  8295 work_track.cpp:116] Succeeded to release track lock for frame 257
I1014 14:53:44.507019  8295 work_track.cpp:120] Track results of frame 257: 0 objects input, 0 objects tracked!
I1014 14:53:44.507038  8295 work_thread.hpp:87]  [T-Work-Detect_0] Frame :257 split
I1014 14:53:44.507099  8298 thread_intergrate.hpp:78] [T-Intergrate-intergrate] queue: frame output frame :257
I1014 14:53:44.508190  8298 thread_intergrate.hpp:164] T-Intergrate-intergrate Show face :2, size :640 * 360
I1014 14:53:44.560451  8292 demo_inner.hpp:177] decode queue size 0
I1014 14:53:44.560569  8295 work_thread.hpp:81]  [T-Work-Detect_0] Run work: WorkDetect
I1014 14:53:44.560606  8295 work_detect.cpp:102] Succeeded to add det start for frame 258
I1014 14:53:44.566874  8295 work_detect.cpp:70] Frame :258 detect result :0 face(s)
I1014 14:53:44.566915  8295 work_detect.cpp:120] Succeeded to add det end for frame 258
I1014 14:53:44.566931  8295 work_thread.hpp:81]  [T-Work-Detect_0] Run work: WrokTrack
I1014 14:53:44.566956  8295 work_track.cpp:102] Succeeded to set track lock for frame 258
I1014 14:53:44.566983  8295 work_track.cpp:116] Succeeded to release track lock for frame 258
I1014 14:53:44.566998  8295 work_track.cpp:120] Track results of frame 258: 0 objects input, 0 objects tracked!
I1014 14:53:44.567015  8295 work_thread.hpp:87]  [T-Work-Detect_0] Frame :258 split
I1014 14:53:44.567075  8298 thread_intergrate.hpp:78] [T-Intergrate-intergrate] queue: frame output frame :258
I1014 14:53:44.568186  8298 thread_intergrate.hpp:164] T-Intergrate-intergrate Show face :2, size :640 * 360
I1014 14:53:44.620245  8292 demo_inner.hpp:177] decode queue size 0
I1014 14:53:44.620393  8295 work_thread.hpp:81]  [T-Work-Detect_0] Run work: WorkDetect
I1014 14:53:44.620430  8295 work_detect.cpp:102] Succeeded to add det start for frame 259
I1014 14:53:44.626801  8295 work_detect.cpp:70] Frame :259 detect result :0 face(s)
I1014 14:53:44.626844  8295 work_detect.cpp:120] Succeeded to add det end for frame 259
I1014 14:53:44.626859  8295 work_thread.hpp:81]  [T-Work-Detect_0] Run work: WrokTrack
I1014 14:53:44.626885  8295 work_track.cpp:102] Succeeded to set track lock for frame 259
I1014 14:53:44.626911  8295 work_track.cpp:116] Succeeded to release track lock for frame 259
I1014 14:53:44.626925  8295 work_track.cpp:120] Track results of frame 259: 0 objects input, 0 objects tracked!
I1014 14:53:44.626943  8295 work_thread.hpp:87]  [T-Work-Detect_0] Frame :259 split
I1014 14:53:44.627001  8298 thread_intergrate.hpp:78] [T-Intergrate-intergrate] queue: frame output frame :259
I1014 14:53:44.628088  8298 thread_intergrate.hpp:164] T-Intergrate-intergrate Show face :2, size :640 * 360
I1014 14:53:44.675806  8293 demo_inner.hpp:260]  gui queue size 10, state = running
I1014 14:53:44.676142  8294 demo_inner.hpp:435] thread [SORT-0]  frame id 255 sorting queue size 0   FPS: 14.8458
I1014 14:53:44.676707  8294 demo_inner.hpp:435] thread [SORT-0]  frame id 256 sorting queue size 1   FPS: 15.1869
I1014 14:53:44.676985  8294 demo_inner.hpp:435] thread [SORT-0]  frame id 257 sorting queue size 2   FPS: 15.544
I1014 14:53:44.677388  8294 demo_inner.hpp:435] thread [SORT-0]  frame id 258 sorting queue size 3   FPS: 15.9249
I1014 14:53:44.677718  8294 demo_inner.hpp:435] thread [SORT-0]  frame id 259 sorting queue size 4   FPS: 16.3248
I1014 14:53:44.679170  8292 demo_inner.hpp:177] decode queue size 0
I1014 14:53:44.679275  8295 work_thread.hpp:81]  [T-Work-Detect_0] Run work: WorkDetect
I1014 14:53:44.679314  8295 work_detect.cpp:102] Succeeded to add det start for frame 260
I1014 14:53:44.680603  8293 demo_inner.hpp:260]  gui queue size 4, state = running
I1014 14:53:44.686110  8295 work_detect.cpp:70] Frame :260 detect result :0 face(s)
I1014 14:53:44.686177  8295 work_detect.cpp:120] Succeeded to add det end for frame 260
I1014 14:53:44.686195  8295 work_thread.hpp:81]  [T-Work-Detect_0] Run work: WrokTrack
I1014 14:53:44.686224  8295 work_track.cpp:102] Succeeded to set track lock for frame 260
I1014 14:53:44.686250  8295 work_track.cpp:116] Succeeded to release track lock for frame 260
I1014 14:53:44.686264  8295 work_track.cpp:120] Track results of frame 260: 0 objects input, 0 objects tracked!
I1014 14:53:44.686282  8295 work_thread.hpp:87]  [T-Work-Detect_0] Frame :260 split
I1014 14:53:44.686347  8298 thread_intergrate.hpp:78] [T-Intergrate-intergrate] queue: frame output frame :260
I1014 14:53:44.687438  8298 thread_intergrate.hpp:164] T-Intergrate-intergrate Show face :2, size :640 * 360
I1014 14:53:44.687955  8294 demo_inner.hpp:435] thread [SORT-0]  frame id 260 sorting queue size 0   FPS: 16.6738
I1014 14:53:44.688030  8293 demo_inner.hpp:260]  gui queue size 0, state = running
I1014 14:53:44.739930  8292 demo_inner.hpp:177] decode queue size 0
I1014 14:53:44.740029  8295 work_thread.hpp:81]  [T-Work-Detect_0] Run work: WorkDetect
I1014 14:53:44.740065  8295 work_detect.cpp:102] Succeeded to add det start for frame 261
I1014 14:53:44.746383  8295 work_detect.cpp:70] Frame :261 detect result :0 face(s)
I1014 14:53:44.746438  8295 work_detect.cpp:120] Succeeded to add det end for frame 261
I1014 14:53:44.746454  8295 work_thread.hpp:81]  [T-Work-Detect_0] Run work: WrokTrack
I1014 14:53:44.746480  8295 work_track.cpp:102] Succeeded to set track lock for frame 261
I1014 14:53:44.746507  8295 work_track.cpp:116] Succeeded to release track lock for frame 261
I1014 14:53:44.746521  8295 work_track.cpp:120] Track results of frame 261: 0 objects input, 0 objects tracked!
I1014 14:53:44.746539  8295 work_thread.hpp:87]  [T-Work-Detect_0] Frame :261 split
I1014 14:53:44.746595  8298 thread_intergrate.hpp:78] [T-Intergrate-intergrate] queue: frame output frame :261
I1014 14:53:44.747682  8298 thread_intergrate.hpp:164] T-Intergrate-intergrate Show face :2, size :640 * 360
I1014 14:53:44.748205  8294 demo_inner.hpp:435] thread [SORT-0]  frame id 261 sorting queue size 0   FPS: 16.6738
I1014 14:53:44.748276  8293 demo_inner.hpp:260]  gui queue size 0, state = running
I1014 14:53:44.824007  8292 demo_inner.hpp:177] decode queue size 0
I1014 14:53:44.824220  8295 work_thread.hpp:81]  [T-Work-Detect_0] Run work: WorkDetect
I1014 14:53:44.824256  8295 work_detect.cpp:102] Succeeded to add det start for frame 262
I1014 14:53:44.830657  8295 work_detect.cpp:70] Frame :262 detect result :0 face(s)
I1014 14:53:44.830708  8295 work_detect.cpp:120] Succeeded to add det end for frame 262
I1014 14:53:44.830724  8295 work_thread.hpp:81]  [T-Work-Detect_0] Run work: WrokTrack
I1014 14:53:44.830751  8295 work_track.cpp:102] Succeeded to set track lock for frame 262
I1014 14:53:44.830778  8295 work_track.cpp:116] Succeeded to release track lock for frame 262
I1014 14:53:44.830792  8295 work_track.cpp:120] Track results of frame 262: 0 objects input, 0 objects tracked!
I1014 14:53:44.830811  8295 work_thread.hpp:87]  [T-Work-Detect_0] Frame :262 split
I1014 14:53:44.830860  8298 thread_intergrate.hpp:78] [T-Intergrate-intergrate] queue: frame output frame :262
I1014 14:53:44.832026  8298 thread_intergrate.hpp:164] T-Intergrate-intergrate Show face :2, size :640 * 360
I1014 14:53:44.832518  8294 demo_inner.hpp:435] thread [SORT-0]  frame id 262 sorting queue size 0   FPS: 16.4975
I1014 14:53:44.832587  8293 demo_inner.hpp:260]  gui queue size 0, state = running
I1014 14:53:44.902202  8292 demo_inner.hpp:177] decode queue size 0
I1014 14:53:44.902318  8295 work_thread.hpp:81]  [T-Work-Detect_0] Run work: WorkDetect
I1014 14:53:44.902354  8295 work_detect.cpp:102] Succeeded to add det start for frame 263
I1014 14:53:44.908738  8295 work_detect.cpp:70] Frame :263 detect result :0 face(s)
I1014 14:53:44.908787  8295 work_detect.cpp:120] Succeeded to add det end for frame 263
I1014 14:53:44.908803  8295 work_thread.hpp:81]  [T-Work-Detect_0] Run work: WrokTrack
I1014 14:53:44.908830  8295 work_track.cpp:102] Succeeded to set track lock for frame 263
I1014 14:53:44.908857  8295 work_track.cpp:116] Succeeded to release track lock for frame 263
I1014 14:53:44.908871  8295 work_track.cpp:120] Track results of frame 263: 0 objects input, 0 objects tracked!
I1014 14:53:44.908890  8295 work_thread.hpp:87]  [T-Work-Detect_0] Frame :263 split
I1014 14:53:44.908942  8298 thread_intergrate.hpp:78] [T-Intergrate-intergrate] queue: frame output frame :263
I1014 14:53:44.910030  8298 thread_intergrate.hpp:164] T-Intergrate-intergrate Show face :2, size :640 * 360
I1014 14:53:44.910539  8294 demo_inner.hpp:435] thread [SORT-0]  frame id 263 sorting queue size 0   FPS: 16.3797
I1014 14:53:44.910611  8293 demo_inner.hpp:260]  gui queue size 0, state = running
I1014 14:53:44.980532  8292 demo_inner.hpp:177] decode queue size 0
I1014 14:53:44.980657  8295 work_thread.hpp:81]  [T-Work-Detect_0] Run work: WorkDetect
I1014 14:53:44.980692  8295 work_detect.cpp:102] Succeeded to add det start for frame 264
I1014 14:53:44.987092  8295 work_detect.cpp:70] Frame :264 detect result :0 face(s)
I1014 14:53:44.987143  8295 work_detect.cpp:120] Succeeded to add det end for frame 264
I1014 14:53:44.987159  8295 work_thread.hpp:81]  [T-Work-Detect_0] Run work: WrokTrack
I1014 14:53:44.987186  8295 work_track.cpp:102] Succeeded to set track lock for frame 264
I1014 14:53:44.987212  8295 work_track.cpp:116] Succeeded to release track lock for frame 264
I1014 14:53:44.987226  8295 work_track.cpp:120] Track results of frame 264: 0 objects input, 0 objects tracked!
I1014 14:53:44.987244  8295 work_thread.hpp:87]  [T-Work-Detect_0] Frame :264 split
I1014 14:53:44.987299  8298 thread_intergrate.hpp:78] [T-Intergrate-intergrate] queue: frame output frame :264
I1014 14:53:44.988387  8298 thread_intergrate.hpp:164] T-Intergrate-intergrate Show face :2, size :640 * 360
I1014 14:53:44.988927  8294 demo_inner.hpp:435] thread [SORT-0]  frame id 264 sorting queue size 0   FPS: 16.25
I1014 14:53:44.988999  8293 demo_inner.hpp:260]  gui queue size 0, state = running
I1014 14:53:45.064498  8292 demo_inner.hpp:177] decode queue size 0
I1014 14:53:45.064596  8295 work_thread.hpp:81]  [T-Work-Detect_0] Run work: WorkDetect
I1014 14:53:45.064631  8295 work_detect.cpp:102] Succeeded to add det start for frame 265
I1014 14:53:45.070914  8295 work_detect.cpp:70] Frame :265 detect result :0 face(s)
I1014 14:53:45.070957  8295 work_detect.cpp:120] Succeeded to add det end for frame 265
I1014 14:53:45.070973  8295 work_thread.hpp:81]  [T-Work-Detect_0] Run work: WrokTrack
I1014 14:53:45.070998  8295 work_track.cpp:102] Succeeded to set track lock for frame 265
I1014 14:53:45.071025  8295 work_track.cpp:116] Succeeded to release track lock for frame 265
I1014 14:53:45.071039  8295 work_track.cpp:120] Track results of frame 265: 0 objects input, 0 objects tracked!
I1014 14:53:45.071058  8295 work_thread.hpp:87]  [T-Work-Detect_0] Frame :265 split
I1014 14:53:45.071108  8298 thread_intergrate.hpp:78] [T-Intergrate-intergrate] queue: frame output frame :265
I1014 14:53:45.072197  8298 thread_intergrate.hpp:164] T-Intergrate-intergrate Show face :2, size :640 * 360
I1014 14:53:45.072772  8294 demo_inner.hpp:435] thread [SORT-0]  frame id 265 sorting queue size 0   FPS: 16.1024
I1014 14:53:45.072839  8293 demo_inner.hpp:260]  gui queue size 0, state = running
I1014 14:53:45.142371  8292 demo_inner.hpp:177] decode queue size 0
I1014 14:53:45.142469  8295 work_thread.hpp:81]  [T-Work-Detect_0] Run work: WorkDetect
I1014 14:53:45.142506  8295 work_detect.cpp:102] Succeeded to add det start for frame 266
I1014 14:53:45.148924  8295 work_detect.cpp:70] Frame :266 detect result :0 face(s)
I1014 14:53:45.148977  8295 work_detect.cpp:120] Succeeded to add det end for frame 266
I1014 14:53:45.148993  8295 work_thread.hpp:81]  [T-Work-Detect_0] Run work: WrokTrack
I1014 14:53:45.149019  8295 work_track.cpp:102] Succeeded to set track lock for frame 266
I1014 14:53:45.149046  8295 work_track.cpp:116] Succeeded to release track lock for frame 266
I1014 14:53:45.149060  8295 work_track.cpp:120] Track results of frame 266: 0 objects input, 0 objects tracked!
I1014 14:53:45.149078  8295 work_thread.hpp:87]  [T-Work-Detect_0] Frame :266 split
I1014 14:53:45.149129  8298 thread_intergrate.hpp:78] [T-Intergrate-intergrate] queue: frame output frame :266
I1014 14:53:45.150215  8298 thread_intergrate.hpp:164] T-Intergrate-intergrate Show face :2, size :640 * 360
I1014 14:53:45.150707  8294 demo_inner.hpp:435] thread [SORT-0]  frame id 266 sorting queue size 0   FPS: 15.9705
I1014 14:53:45.150776  8293 demo_inner.hpp:260]  gui queue size 0, state = running
I1014 14:53:45.220270  8292 demo_inner.hpp:177] decode queue size 0
I1014 14:53:45.220389  8295 work_thread.hpp:81]  [T-Work-Detect_0] Run work: WorkDetect
I1014 14:53:45.220425  8295 work_detect.cpp:102] Succeeded to add det start for frame 267
I1014 14:53:45.226858  8295 work_detect.cpp:70] Frame :267 detect result :0 face(s)
I1014 14:53:45.226912  8295 work_detect.cpp:120] Succeeded to add det end for frame 267
I1014 14:53:45.226927  8295 work_thread.hpp:81]  [T-Work-Detect_0] Run work: WrokTrack
I1014 14:53:45.226954  8295 work_track.cpp:102] Succeeded to set track lock for frame 267
I1014 14:53:45.226980  8295 work_track.cpp:116] Succeeded to release track lock for frame 267
I1014 14:53:45.226994  8295 work_track.cpp:120] Track results of frame 267: 0 objects input, 0 objects tracked!
I1014 14:53:45.227012  8295 work_thread.hpp:87]  [T-Work-Detect_0] Frame :267 split
I1014 14:53:45.227063  8298 thread_intergrate.hpp:78] [T-Intergrate-intergrate] queue: frame output frame :267
I1014 14:53:45.228150  8298 thread_intergrate.hpp:164] T-Intergrate-intergrate Show face :2, size :640 * 360
I1014 14:53:45.228734  8294 demo_inner.hpp:435] thread [SORT-0]  frame id 267 sorting queue size 0   FPS: 15.8537
I1014 14:53:45.228804  8293 demo_inner.hpp:260]  gui queue size 0, state = running
I1014 14:53:45.303988  8292 demo_inner.hpp:177] decode queue size 0
I1014 14:53:45.304126  8295 work_thread.hpp:81]  [T-Work-Detect_0] Run work: WorkDetect
I1014 14:53:45.304183  8295 work_detect.cpp:102] Succeeded to add det start for frame 268
I1014 14:53:45.310497  8295 work_detect.cpp:70] Frame :268 detect result :0 face(s)
I1014 14:53:45.310546  8295 work_detect.cpp:120] Succeeded to add det end for frame 268
I1014 14:53:45.310562  8295 work_thread.hpp:81]  [T-Work-Detect_0] Run work: WrokTrack
I1014 14:53:45.310588  8295 work_track.cpp:102] Succeeded to set track lock for frame 268
I1014 14:53:45.310616  8295 work_track.cpp:116] Succeeded to release track lock for frame 268
I1014 14:53:45.310629  8295 work_track.cpp:120] Track results of frame 268: 0 objects input, 0 objects tracked!
I1014 14:53:45.310648  8295 work_thread.hpp:87]  [T-Work-Detect_0] Frame :268 split
I1014 14:53:45.310698  8298 thread_intergrate.hpp:78] [T-Intergrate-intergrate] queue: frame output frame :268
I1014 14:53:45.311784  8298 thread_intergrate.hpp:164] T-Intergrate-intergrate Show face :2, size :640 * 360
I1014 14:53:45.312310  8294 demo_inner.hpp:435] thread [SORT-0]  frame id 268 sorting queue size 0   FPS: 15.7005
I1014 14:53:45.312384  8293 demo_inner.hpp:260]  gui queue size 0, state = running
I1014 14:53:45.382230  8292 demo_inner.hpp:177] decode queue size 0
I1014 14:53:45.382333  8295 work_thread.hpp:81]  [T-Work-Detect_0] Run work: WorkDetect
I1014 14:53:45.382391  8295 work_detect.cpp:102] Succeeded to add det start for frame 269
I1014 14:53:45.388784  8295 work_detect.cpp:70] Frame :269 detect result :0 face(s)
I1014 14:53:45.388833  8295 work_detect.cpp:120] Succeeded to add det end for frame 269
I1014 14:53:45.388849  8295 work_thread.hpp:81]  [T-Work-Detect_0] Run work: WrokTrack
I1014 14:53:45.388875  8295 work_track.cpp:102] Succeeded to set track lock for frame 269
I1014 14:53:45.388902  8295 work_track.cpp:116] Succeeded to release track lock for frame 269
I1014 14:53:45.388916  8295 work_track.cpp:120] Track results of frame 269: 0 objects input, 0 objects tracked!
I1014 14:53:45.388934  8295 work_thread.hpp:87]  [T-Work-Detect_0] Frame :269 split
I1014 14:53:45.388988  8298 thread_intergrate.hpp:78] [T-Intergrate-intergrate] queue: frame output frame :269
I1014 14:53:45.390074  8298 thread_intergrate.hpp:164] T-Intergrate-intergrate Show face :2, size :640 * 360
I1014 14:53:45.390595  8294 demo_inner.hpp:435] thread [SORT-0]  frame id 269 sorting queue size 0   FPS: 15.5875
I1014 14:53:45.390667  8293 demo_inner.hpp:260]  gui queue size 0, state = running
I1014 14:53:45.460413  8292 demo_inner.hpp:177] decode queue size 0
I1014 14:53:45.460518  8295 work_thread.hpp:81]  [T-Work-Detect_0] Run work: WorkDetect
I1014 14:53:45.460554  8295 work_detect.cpp:102] Succeeded to add det start for frame 270
I1014 14:53:45.466922  8295 work_detect.cpp:70] Frame :270 detect result :0 face(s)
I1014 14:53:45.466972  8295 work_detect.cpp:120] Succeeded to add det end for frame 270
I1014 14:53:45.466989  8295 work_thread.hpp:81]  [T-Work-Detect_0] Run work: WrokTrack
I1014 14:53:45.467015  8295 work_track.cpp:102] Succeeded to set track lock for frame 270
I1014 14:53:45.467041  8295 work_track.cpp:116] Succeeded to release track lock for frame 270
I1014 14:53:45.467056  8295 work_track.cpp:120] Track results of frame 270: 0 objects input, 0 objects tracked!
I1014 14:53:45.467073  8295 work_thread.hpp:87]  [T-Work-Detect_0] Frame :270 split
I1014 14:53:45.467124  8298 thread_intergrate.hpp:78] [T-Intergrate-intergrate] queue: frame output frame :270
I1014 14:53:45.468210  8298 thread_intergrate.hpp:164] T-Intergrate-intergrate Show face :2, size :640 * 360
I1014 14:53:45.468670  8294 demo_inner.hpp:435] thread [SORT-0]  frame id 270 sorting queue size 0   FPS: 15.4762
I1014 14:53:45.468739  8293 demo_inner.hpp:260]  gui queue size 0, state = running
I1014 14:53:45.544385  8292 demo_inner.hpp:177] decode queue size 0
I1014 14:53:45.544512  8295 work_thread.hpp:81]  [T-Work-Detect_0] Run work: WorkDetect
I1014 14:53:45.544548  8295 work_detect.cpp:102] Succeeded to add det start for frame 271
I1014 14:53:45.550832  8295 work_detect.cpp:70] Frame :271 detect result :0 face(s)
I1014 14:53:45.550878  8295 work_detect.cpp:120] Succeeded to add det end for frame 271
I1014 14:53:45.550892  8295 work_thread.hpp:81]  [T-Work-Detect_0] Run work: WrokTrack
I1014 14:53:45.550920  8295 work_track.cpp:102] Succeeded to set track lock for frame 271
I1014 14:53:45.550946  8295 work_track.cpp:116] Succeeded to release track lock for frame 271
I1014 14:53:45.550961  8295 work_track.cpp:120] Track results of frame 271: 0 objects input, 0 objects tracked!
I1014 14:53:45.550979  8295 work_thread.hpp:87]  [T-Work-Detect_0] Frame :271 split
I1014 14:53:45.551028  8298 thread_intergrate.hpp:78] [T-Intergrate-intergrate] queue: frame output frame :271
I1014 14:53:45.552114  8298 thread_intergrate.hpp:164] T-Intergrate-intergrate Show face :2, size :640 * 360
I1014 14:53:45.552619  8294 demo_inner.hpp:435] thread [SORT-0]  frame id 271 sorting queue size 0   FPS: 15.3362
I1014 14:53:45.552690  8293 demo_inner.hpp:260]  gui queue size 0, state = running
I1014 14:53:45.622396  8292 demo_inner.hpp:177] decode queue size 0
I1014 14:53:45.622498  8295 work_thread.hpp:81]  [T-Work-Detect_0] Run work: WorkDetect
I1014 14:53:45.622534  8295 work_detect.cpp:102] Succeeded to add det start for frame 272
I1014 14:53:45.629065  8295 work_detect.cpp:70] Frame :272 detect result :0 face(s)
I1014 14:53:45.629115  8295 work_detect.cpp:120] Succeeded to add det end for frame 272
I1014 14:53:45.629132  8295 work_thread.hpp:81]  [T-Work-Detect_0] Run work: WrokTrack
I1014 14:53:45.629158  8295 work_track.cpp:102] Succeeded to set track lock for frame 272
I1014 14:53:45.629184  8295 work_track.cpp:116] Succeeded to release track lock for frame 272
I1014 14:53:45.629199  8295 work_track.cpp:120] Track results of frame 272: 0 objects input, 0 objects tracked!
I1014 14:53:45.629216  8295 work_thread.hpp:87]  [T-Work-Detect_0] Frame :272 split
I1014 14:53:45.629266  8298 thread_intergrate.hpp:78] [T-Intergrate-intergrate] queue: frame output frame :272
I1014 14:53:45.630353  8298 thread_intergrate.hpp:164] T-Intergrate-intergrate Show face :2, size :640 * 360
I1014 14:53:45.630861  8294 demo_inner.hpp:435] thread [SORT-0]  frame id 272 sorting queue size 0   FPS: 15.2225
I1014 14:53:45.630933  8293 demo_inner.hpp:260]  gui queue size 0, state = running
I1014 14:53:45.700055  8292 demo_inner.hpp:177] decode queue size 0
I1014 14:53:45.700243  8295 work_thread.hpp:81]  [T-Work-Detect_0] Run work: WorkDetect
I1014 14:53:45.700279  8295 work_detect.cpp:102] Succeeded to add det start for frame 273
I1014 14:53:45.706684  8295 work_detect.cpp:70] Frame :273 detect result :0 face(s)
I1014 14:53:45.706738  8295 work_detect.cpp:120] Succeeded to add det end for frame 273
I1014 14:53:45.706754  8295 work_thread.hpp:81]  [T-Work-Detect_0] Run work: WrokTrack
I1014 14:53:45.706782  8295 work_track.cpp:102] Succeeded to set track lock for frame 273
I1014 14:53:45.706809  8295 work_track.cpp:116] Succeeded to release track lock for frame 273
I1014 14:53:45.706822  8295 work_track.cpp:120] Track results of frame 273: 0 objects input, 0 objects tracked!
I1014 14:53:45.706841  8295 work_thread.hpp:87]  [T-Work-Detect_0] Frame :273 split
I1014 14:53:45.706895  8298 thread_intergrate.hpp:78] [T-Intergrate-intergrate] queue: frame output frame :273
I1014 14:53:45.707983  8298 thread_intergrate.hpp:164] T-Intergrate-intergrate Show face :2, size :640 * 360
I1014 14:53:45.708475  8294 demo_inner.hpp:435] thread [SORT-0]  frame id 273 sorting queue size 0   FPS: 15.1163
I1014 14:53:45.708544  8293 demo_inner.hpp:260]  gui queue size 0, state = running
I1014 14:53:45.784082  8292 demo_inner.hpp:177] decode queue size 0
I1014 14:53:45.784350  8295 work_thread.hpp:81]  [T-Work-Detect_0] Run work: WorkDetect
I1014 14:53:45.784386  8295 work_detect.cpp:102] Succeeded to add det start for frame 274
I1014 14:53:45.790719  8295 work_detect.cpp:70] Frame :274 detect result :0 face(s)
I1014 14:53:45.790766  8295 work_detect.cpp:120] Succeeded to add det end for frame 274
I1014 14:53:45.790782  8295 work_thread.hpp:81]  [T-Work-Detect_0] Run work: WrokTrack
I1014 14:53:45.790809  8295 work_track.cpp:102] Succeeded to set track lock for frame 274
I1014 14:53:45.790838  8295 work_track.cpp:116] Succeeded to release track lock for frame 274
I1014 14:53:45.790851  8295 work_track.cpp:120] Track results of frame 274: 0 objects input, 0 objects tracked!
I1014 14:53:45.790869  8295 work_thread.hpp:87]  [T-Work-Detect_0] Frame :274 split
I1014 14:53:45.790918  8298 thread_intergrate.hpp:78] [T-Intergrate-intergrate] queue: frame output frame :274
I1014 14:53:45.792006  8298 thread_intergrate.hpp:164] T-Intergrate-intergrate Show face :2, size :640 * 360
I1014 14:53:45.792562  8294 demo_inner.hpp:435] thread [SORT-0]  frame id 274 sorting queue size 0   FPS: 14.977
I1014 14:53:45.792627  8293 demo_inner.hpp:260]  gui queue size 0, state = running
I1014 14:53:45.862257  8292 demo_inner.hpp:177] decode queue size 0
I1014 14:53:45.862359  8295 work_thread.hpp:81]  [T-Work-Detect_0] Run work: WorkDetect
I1014 14:53:45.862394  8295 work_detect.cpp:102] Succeeded to add det start for frame 275
I1014 14:53:45.868825  8295 work_detect.cpp:70] Frame :275 detect result :0 face(s)
I1014 14:53:45.868876  8295 work_detect.cpp:120] Succeeded to add det end for frame 275
I1014 14:53:45.868968  8295 work_thread.hpp:81]  [T-Work-Detect_0] Run work: WrokTrack
I1014 14:53:45.868997  8295 work_track.cpp:102] Succeeded to set track lock for frame 275
I1014 14:53:45.869024  8295 work_track.cpp:116] Succeeded to release track lock for frame 275
I1014 14:53:45.869037  8295 work_track.cpp:120] Track results of frame 275: 0 objects input, 0 objects tracked!
I1014 14:53:45.869056  8295 work_thread.hpp:87]  [T-Work-Detect_0] Frame :275 split
I1014 14:53:45.869114  8298 thread_intergrate.hpp:78] [T-Intergrate-intergrate] queue: frame output frame :275
I1014 14:53:45.870200  8298 thread_intergrate.hpp:164] T-Intergrate-intergrate Show face :2, size :640 * 360
I1014 14:53:45.870632  8294 demo_inner.hpp:435] thread [SORT-0]  frame id 275 sorting queue size 0   FPS: 14.8741
I1014 14:53:45.870700  8293 demo_inner.hpp:260]  gui queue size 0, state = running
I1014 14:53:45.940395  8292 demo_inner.hpp:177] decode queue size 0
I1014 14:53:45.940505  8295 work_thread.hpp:81]  [T-Work-Detect_0] Run work: WorkDetect
I1014 14:53:45.940541  8295 work_detect.cpp:102] Succeeded to add det start for frame 276
I1014 14:53:45.946955  8295 work_detect.cpp:70] Frame :276 detect result :0 face(s)
I1014 14:53:45.947005  8295 work_detect.cpp:120] Succeeded to add det end for frame 276
I1014 14:53:45.947021  8295 work_thread.hpp:81]  [T-Work-Detect_0] Run work: WrokTrack
I1014 14:53:45.947048  8295 work_track.cpp:102] Succeeded to set track lock for frame 276
I1014 14:53:45.947075  8295 work_track.cpp:116] Succeeded to release track lock for frame 276
I1014 14:53:45.947089  8295 work_track.cpp:120] Track results of frame 276: 0 objects input, 0 objects tracked!
I1014 14:53:45.947108  8295 work_thread.hpp:87]  [T-Work-Detect_0] Frame :276 split
I1014 14:53:45.947165  8298 thread_intergrate.hpp:78] [T-Intergrate-intergrate] queue: frame output frame :276
I1014 14:53:45.948253  8298 thread_intergrate.hpp:164] T-Intergrate-intergrate Show face :2, size :640 * 360
I1014 14:53:45.948654  8294 demo_inner.hpp:435] thread [SORT-0]  frame id 276 sorting queue size 0   FPS: 14.7727
I1014 14:53:45.948726  8293 demo_inner.hpp:260]  gui queue size 0, state = running
I1014 14:53:46.024372  8292 demo_inner.hpp:177] decode queue size 0
I1014 14:53:46.024494  8295 work_thread.hpp:81]  [T-Work-Detect_0] Run work: WorkDetect
I1014 14:53:46.024529  8295 work_detect.cpp:102] Succeeded to add det start for frame 277
I1014 14:53:46.030835  8295 work_detect.cpp:70] Frame :277 detect result :0 face(s)
I1014 14:53:46.030881  8295 work_detect.cpp:120] Succeeded to add det end for frame 277
I1014 14:53:46.030897  8295 work_thread.hpp:81]  [T-Work-Detect_0] Run work: WrokTrack
I1014 14:53:46.030925  8295 work_track.cpp:102] Succeeded to set track lock for frame 277
I1014 14:53:46.030951  8295 work_track.cpp:116] Succeeded to release track lock for frame 277
I1014 14:53:46.030966  8295 work_track.cpp:120] Track results of frame 277: 0 objects input, 0 objects tracked!
I1014 14:53:46.030984  8295 work_thread.hpp:87]  [T-Work-Detect_0] Frame :277 split
I1014 14:53:46.031033  8298 thread_intergrate.hpp:78] [T-Intergrate-intergrate] queue: frame output frame :277
I1014 14:53:46.032119  8298 thread_intergrate.hpp:164] T-Intergrate-intergrate Show face :2, size :640 * 360
I1014 14:53:46.032683  8294 demo_inner.hpp:435] thread [SORT-0]  frame id 277 sorting queue size 0   FPS: 14.6396
I1014 14:53:46.032752  8293 demo_inner.hpp:260]  gui queue size 0, state = running
I1014 14:53:46.102257  8292 demo_inner.hpp:177] decode queue size 0
I1014 14:53:46.102349  8295 work_thread.hpp:81]  [T-Work-Detect_0] Run work: WorkDetect
I1014 14:53:46.102385  8295 work_detect.cpp:102] Succeeded to add det start for frame 278
I1014 14:53:46.108855  8295 work_detect.cpp:70] Frame :278 detect result :0 face(s)
I1014 14:53:46.108908  8295 work_detect.cpp:120] Succeeded to add det end for frame 278
I1014 14:53:46.108924  8295 work_thread.hpp:81]  [T-Work-Detect_0] Run work: WrokTrack
I1014 14:53:46.108950  8295 work_track.cpp:102] Succeeded to set track lock for frame 278
I1014 14:53:46.109055  8295 work_track.cpp:116] Succeeded to release track lock for frame 278
I1014 14:53:46.109071  8295 work_track.cpp:120] Track results of frame 278: 0 objects input, 0 objects tracked!
I1014 14:53:46.109089  8295 work_thread.hpp:87]  [T-Work-Detect_0] Frame :278 split
I1014 14:53:46.109149  8298 thread_intergrate.hpp:78] [T-Intergrate-intergrate] queue: frame output frame :278
I1014 14:53:46.110236  8298 thread_intergrate.hpp:164] T-Intergrate-intergrate Show face :2, size :640 * 360
I1014 14:53:46.110692  8294 demo_inner.hpp:435] thread [SORT-0]  frame id 278 sorting queue size 0   FPS: 14.5414
I1014 14:53:46.110760  8293 demo_inner.hpp:260]  gui queue size 0, state = running
I1014 14:53:46.180326  8292 demo_inner.hpp:177] decode queue size 0
I1014 14:53:46.180431  8295 work_thread.hpp:81]  [T-Work-Detect_0] Run work: WorkDetect
I1014 14:53:46.180466  8295 work_detect.cpp:102] Succeeded to add det start for frame 279
I1014 14:53:46.186787  8295 work_detect.cpp:70] Frame :279 detect result :0 face(s)
I1014 14:53:46.186837  8295 work_detect.cpp:120] Succeeded to add det end for frame 279
I1014 14:53:46.186853  8295 work_thread.hpp:81]  [T-Work-Detect_0] Run work: WrokTrack
I1014 14:53:46.186878  8295 work_track.cpp:102] Succeeded to set track lock for frame 279
I1014 14:53:46.186905  8295 work_track.cpp:116] Succeeded to release track lock for frame 279
I1014 14:53:46.186919  8295 work_track.cpp:120] Track results of frame 279: 0 objects input, 0 objects tracked!
I1014 14:53:46.186938  8295 work_thread.hpp:87]  [T-Work-Detect_0] Frame :279 split
I1014 14:53:46.186990  8298 thread_intergrate.hpp:78] [T-Intergrate-intergrate] queue: frame output frame :279
I1014 14:53:46.188076  8298 thread_intergrate.hpp:164] T-Intergrate-intergrate Show face :2, size :640 * 360
I1014 14:53:46.188536  8294 demo_inner.hpp:435] thread [SORT-0]  frame id 279 sorting queue size 0   FPS: 14.4498
I1014 14:53:46.188602  8293 demo_inner.hpp:260]  gui queue size 0, state = running
I1014 14:53:46.264097  8292 demo_inner.hpp:177] decode queue size 0
I1014 14:53:46.264305  8295 work_thread.hpp:81]  [T-Work-Detect_0] Run work: WorkDetect
I1014 14:53:46.264341  8295 work_detect.cpp:102] Succeeded to add det start for frame 280
I1014 14:53:46.270646  8295 work_detect.cpp:70] Frame :280 detect result :0 face(s)
I1014 14:53:46.270695  8295 work_detect.cpp:120] Succeeded to add det end for frame 280
I1014 14:53:46.270711  8295 work_thread.hpp:81]  [T-Work-Detect_0] Run work: WrokTrack
I1014 14:53:46.270738  8295 work_track.cpp:102] Succeeded to set track lock for frame 280
I1014 14:53:46.270766  8295 work_track.cpp:116] Succeeded to release track lock for frame 280
I1014 14:53:46.270779  8295 work_track.cpp:120] Track results of frame 280: 0 objects input, 0 objects tracked!
I1014 14:53:46.270798  8295 work_thread.hpp:87]  [T-Work-Detect_0] Frame :280 split
I1014 14:53:46.270848  8298 thread_intergrate.hpp:78] [T-Intergrate-intergrate] queue: frame output frame :280
I1014 14:53:46.271935  8298 thread_intergrate.hpp:164] T-Intergrate-intergrate Show face :2, size :640 * 360
I1014 14:53:46.272379  8294 demo_inner.hpp:435] thread [SORT-0]  frame id 280 sorting queue size 0   FPS: 14.3172
I1014 14:53:46.272450  8293 demo_inner.hpp:260]  gui queue size 0, state = running
I1014 14:53:46.342368  8292 demo_inner.hpp:177] decode queue size 0
I1014 14:53:46.342474  8295 work_thread.hpp:81]  [T-Work-Detect_0] Run work: WorkDetect
I1014 14:53:46.342510  8295 work_detect.cpp:102] Succeeded to add det start for frame 281
I1014 14:53:46.348996  8295 work_detect.cpp:70] Frame :281 detect result :0 face(s)
I1014 14:53:46.349050  8295 work_detect.cpp:120] Succeeded to add det end for frame 281
I1014 14:53:46.349066  8295 work_thread.hpp:81]  [T-Work-Detect_0] Run work: WrokTrack
I1014 14:53:46.349094  8295 work_track.cpp:102] Succeeded to set track lock for frame 281
I1014 14:53:46.349120  8295 work_track.cpp:116] Succeeded to release track lock for frame 281
I1014 14:53:46.349134  8295 work_track.cpp:120] Track results of frame 281: 0 objects input, 0 objects tracked!
I1014 14:53:46.349226  8295 work_thread.hpp:87]  [T-Work-Detect_0] Frame :281 split
I1014 14:53:46.349287  8298 thread_intergrate.hpp:78] [T-Intergrate-intergrate] queue: frame output frame :281
I1014 14:53:46.350373  8298 thread_intergrate.hpp:164] T-Intergrate-intergrate Show face :2, size :640 * 360
I1014 14:53:46.350852  8294 demo_inner.hpp:435] thread [SORT-0]  frame id 281 sorting queue size 0   FPS: 14.2232
I1014 14:53:46.350919  8293 demo_inner.hpp:260]  gui queue size 0, state = running
I1014 14:53:46.420392  8292 demo_inner.hpp:177] decode queue size 0
I1014 14:53:46.420509  8295 work_thread.hpp:81]  [T-Work-Detect_0] Run work: WorkDetect
I1014 14:53:46.420545  8295 work_detect.cpp:102] Succeeded to add det start for frame 282
I1014 14:53:46.426893  8295 work_detect.cpp:70] Frame :282 detect result :0 face(s)
I1014 14:53:46.426940  8295 work_detect.cpp:120] Succeeded to add det end for frame 282
I1014 14:53:46.426955  8295 work_thread.hpp:81]  [T-Work-Detect_0] Run work: WrokTrack
I1014 14:53:46.426982  8295 work_track.cpp:102] Succeeded to set track lock for frame 282
I1014 14:53:46.427009  8295 work_track.cpp:116] Succeeded to release track lock for frame 282
I1014 14:53:46.427023  8295 work_track.cpp:120] Track results of frame 282: 0 objects input, 0 objects tracked!
I1014 14:53:46.427042  8295 work_thread.hpp:87]  [T-Work-Detect_0] Frame :282 split
I1014 14:53:46.427093  8298 thread_intergrate.hpp:78] [T-Intergrate-intergrate] queue: frame output frame :282
I1014 14:53:46.428182  8298 thread_intergrate.hpp:164] T-Intergrate-intergrate Show face :2, size :640 * 360
I1014 14:53:46.428638  8294 demo_inner.hpp:435] thread [SORT-0]  frame id 282 sorting queue size 0   FPS: 14.1304
I1014 14:53:46.428704  8293 demo_inner.hpp:260]  gui queue size 0, state = running
I1014 14:53:46.504963  8292 demo_inner.hpp:177] decode queue size 0
I1014 14:53:46.505071  8295 work_thread.hpp:81]  [T-Work-Detect_0] Run work: WorkDetect
I1014 14:53:46.505106  8295 work_detect.cpp:102] Succeeded to add det start for frame 283
I1014 14:53:46.511432  8295 work_detect.cpp:70] Frame :283 detect result :0 face(s)
I1014 14:53:46.511471  8295 work_detect.cpp:120] Succeeded to add det end for frame 283
I1014 14:53:46.511487  8295 work_thread.hpp:81]  [T-Work-Detect_0] Run work: WrokTrack
I1014 14:53:46.511512  8295 work_track.cpp:102] Succeeded to set track lock for frame 283
I1014 14:53:46.511538  8295 work_track.cpp:116] Succeeded to release track lock for frame 283
I1014 14:53:46.511551  8295 work_track.cpp:120] Track results of frame 283: 0 objects input, 0 objects tracked!
I1014 14:53:46.511570  8295 work_thread.hpp:87]  [T-Work-Detect_0] Frame :283 split
I1014 14:53:46.511618  8298 thread_intergrate.hpp:78] [T-Intergrate-intergrate] queue: frame output frame :283
I1014 14:53:46.512706  8298 thread_intergrate.hpp:164] T-Intergrate-intergrate Show face :2, size :640 * 360
I1014 14:53:46.513214  8294 demo_inner.hpp:435] thread [SORT-0]  frame id 283 sorting queue size 0   FPS: 14.0086
I1014 14:53:46.513283  8293 demo_inner.hpp:260]  gui queue size 0, state = running
I1014 14:53:46.582242  8292 demo_inner.hpp:177] decode queue size 0
I1014 14:53:46.582340  8295 work_thread.hpp:81]  [T-Work-Detect_0] Run work: WorkDetect
I1014 14:53:46.582376  8295 work_detect.cpp:102] Succeeded to add det start for frame 284
I1014 14:53:46.588867  8295 work_detect.cpp:70] Frame :284 detect result :0 face(s)
I1014 14:53:46.588922  8295 work_detect.cpp:120] Succeeded to add det end for frame 284
I1014 14:53:46.588937  8295 work_thread.hpp:81]  [T-Work-Detect_0] Run work: WrokTrack
I1014 14:53:46.588964  8295 work_track.cpp:102] Succeeded to set track lock for frame 284
I1014 14:53:46.588990  8295 work_track.cpp:116] Succeeded to release track lock for frame 284
I1014 14:53:46.589004  8295 work_track.cpp:120] Track results of frame 284: 0 objects input, 0 objects tracked!
I1014 14:53:46.589022  8295 work_thread.hpp:87]  [T-Work-Detect_0] Frame :284 split
I1014 14:53:46.589072  8298 thread_intergrate.hpp:78] [T-Intergrate-intergrate] queue: frame output frame :284
I1014 14:53:46.590234  8298 thread_intergrate.hpp:164] T-Intergrate-intergrate Show face :2, size :640 * 360
I1014 14:53:46.590776  8294 demo_inner.hpp:435] thread [SORT-0]  frame id 284 sorting queue size 0   FPS: 13.9186
I1014 14:53:46.590847  8293 demo_inner.hpp:260]  gui queue size 0, state = running
I1014 14:53:46.660346  8292 demo_inner.hpp:177] decode queue size 0
I1014 14:53:46.660441  8295 work_thread.hpp:81]  [T-Work-Detect_0] Run work: WorkDetect
I1014 14:53:46.660477  8295 work_detect.cpp:102] Succeeded to add det start for frame 285
I1014 14:53:46.666847  8295 work_detect.cpp:70] Frame :285 detect result :0 face(s)
I1014 14:53:46.666899  8295 work_detect.cpp:120] Succeeded to add det end for frame 285
I1014 14:53:46.666915  8295 work_thread.hpp:81]  [T-Work-Detect_0] Run work: WrokTrack
I1014 14:53:46.666942  8295 work_track.cpp:102] Succeeded to set track lock for frame 285
I1014 14:53:46.666970  8295 work_track.cpp:116] Succeeded to release track lock for frame 285
I1014 14:53:46.666982  8295 work_track.cpp:120] Track results of frame 285: 0 objects input, 0 objects tracked!
I1014 14:53:46.667001  8295 work_thread.hpp:87]  [T-Work-Detect_0] Frame :285 split
I1014 14:53:46.667050  8298 thread_intergrate.hpp:78] [T-Intergrate-intergrate] queue: frame output frame :285
I1014 14:53:46.668138  8298 thread_intergrate.hpp:164] T-Intergrate-intergrate Show face :2, size :640 * 360
I1014 14:53:46.668684  8294 demo_inner.hpp:435] thread [SORT-0]  frame id 285 sorting queue size 0   FPS: 13.8298
I1014 14:53:46.668753  8293 demo_inner.hpp:260]  gui queue size 0, state = running
I1014 14:53:46.744084  8292 demo_inner.hpp:177] decode queue size 0
I1014 14:53:46.744302  8295 work_thread.hpp:81]  [T-Work-Detect_0] Run work: WorkDetect
I1014 14:53:46.744338  8295 work_detect.cpp:102] Succeeded to add det start for frame 286
I1014 14:53:46.750685  8295 work_detect.cpp:70] Frame :286 detect result :0 face(s)
I1014 14:53:46.750735  8295 work_detect.cpp:120] Succeeded to add det end for frame 286
I1014 14:53:46.750752  8295 work_thread.hpp:81]  [T-Work-Detect_0] Run work: WrokTrack
I1014 14:53:46.750779  8295 work_track.cpp:102] Succeeded to set track lock for frame 286
I1014 14:53:46.750807  8295 work_track.cpp:116] Succeeded to release track lock for frame 286
I1014 14:53:46.750820  8295 work_track.cpp:120] Track results of frame 286: 0 objects input, 0 objects tracked!
I1014 14:53:46.750839  8295 work_thread.hpp:87]  [T-Work-Detect_0] Frame :286 split
I1014 14:53:46.750888  8298 thread_intergrate.hpp:78] [T-Intergrate-intergrate] queue: frame output frame :286
I1014 14:53:46.751976  8298 thread_intergrate.hpp:164] T-Intergrate-intergrate Show face :2, size :640 * 360
I1014 14:53:46.752439  8294 demo_inner.hpp:435] thread [SORT-0]  frame id 286 sorting queue size 0   FPS: 13.7179
I1014 14:53:46.752509  8293 demo_inner.hpp:260]  gui queue size 0, state = running
I1014 14:53:46.822310  8292 demo_inner.hpp:177] decode queue size 0
I1014 14:53:46.822417  8295 work_thread.hpp:81]  [T-Work-Detect_0] Run work: WorkDetect
I1014 14:53:46.822453  8295 work_detect.cpp:102] Succeeded to add det start for frame 287
I1014 14:53:46.828945  8295 work_detect.cpp:70] Frame :287 detect result :0 face(s)
I1014 14:53:46.828999  8295 work_detect.cpp:120] Succeeded to add det end for frame 287
I1014 14:53:46.829015  8295 work_thread.hpp:81]  [T-Work-Detect_0] Run work: WrokTrack
I1014 14:53:46.829041  8295 work_track.cpp:102] Succeeded to set track lock for frame 287
I1014 14:53:46.829068  8295 work_track.cpp:116] Succeeded to release track lock for frame 287
I1014 14:53:46.829082  8295 work_track.cpp:120] Track results of frame 287: 0 objects input, 0 objects tracked!
I1014 14:53:46.829100  8295 work_thread.hpp:87]  [T-Work-Detect_0] Frame :287 split
I1014 14:53:46.829152  8298 thread_intergrate.hpp:78] [T-Intergrate-intergrate] queue: frame output frame :287
I1014 14:53:46.830240  8298 thread_intergrate.hpp:164] T-Intergrate-intergrate Show face :2, size :640 * 360
I1014 14:53:46.830778  8294 demo_inner.hpp:435] thread [SORT-0]  frame id 287 sorting queue size 0   FPS: 13.6316
I1014 14:53:46.830916  8293 demo_inner.hpp:260]  gui queue size 0, state = running
I1014 14:53:46.900334  8292 demo_inner.hpp:177] decode queue size 0
I1014 14:53:46.900456  8295 work_thread.hpp:81]  [T-Work-Detect_0] Run work: WorkDetect
I1014 14:53:46.900492  8295 work_detect.cpp:102] Succeeded to add det start for frame 288
I1014 14:53:46.906839  8295 work_detect.cpp:70] Frame :288 detect result :0 face(s)
I1014 14:53:46.906888  8295 work_detect.cpp:120] Succeeded to add det end for frame 288
I1014 14:53:46.906903  8295 work_thread.hpp:81]  [T-Work-Detect_0] Run work: WrokTrack
I1014 14:53:46.906930  8295 work_track.cpp:102] Succeeded to set track lock for frame 288
I1014 14:53:46.906957  8295 work_track.cpp:116] Succeeded to release track lock for frame 288
I1014 14:53:46.906971  8295 work_track.cpp:120] Track results of frame 288: 0 objects input, 0 objects tracked!
I1014 14:53:46.906989  8295 work_thread.hpp:87]  [T-Work-Detect_0] Frame :288 split
I1014 14:53:46.907050  8298 thread_intergrate.hpp:78] [T-Intergrate-intergrate] queue: frame output frame :288
I1014 14:53:46.908136  8298 thread_intergrate.hpp:164] T-Intergrate-intergrate Show face :2, size :640 * 360
I1014 14:53:46.908645  8294 demo_inner.hpp:435] thread [SORT-0]  frame id 288 sorting queue size 0   FPS: 13.5464
I1014 14:53:46.908718  8293 demo_inner.hpp:260]  gui queue size 0, state = running
I1014 14:53:46.984320  8292 demo_inner.hpp:177] decode queue size 0
I1014 14:53:46.984429  8295 work_thread.hpp:81]  [T-Work-Detect_0] Run work: WorkDetect
I1014 14:53:46.984467  8295 work_detect.cpp:102] Succeeded to add det start for frame 289
I1014 14:53:46.990788  8295 work_detect.cpp:70] Frame :289 detect result :0 face(s)
I1014 14:53:46.990835  8295 work_detect.cpp:120] Succeeded to add det end for frame 289
I1014 14:53:46.990852  8295 work_thread.hpp:81]  [T-Work-Detect_0] Run work: WrokTrack
I1014 14:53:46.990878  8295 work_track.cpp:102] Succeeded to set track lock for frame 289
I1014 14:53:46.990905  8295 work_track.cpp:116] Succeeded to release track lock for frame 289
I1014 14:53:46.990918  8295 work_track.cpp:120] Track results of frame 289: 0 objects input, 0 objects tracked!
I1014 14:53:46.990937  8295 work_thread.hpp:87]  [T-Work-Detect_0] Frame :289 split
I1014 14:53:46.990985  8298 thread_intergrate.hpp:78] [T-Intergrate-intergrate] queue: frame output frame :289
I1014 14:53:46.992071  8298 thread_intergrate.hpp:164] T-Intergrate-intergrate Show face :2, size :640 * 360
I1014 14:53:46.992547  8294 demo_inner.hpp:435] thread [SORT-0]  frame id 289 sorting queue size 0   FPS: 13.4344
