Log file created at: 2019/10/14 10:52:16
Running on machine: zcu104
Log line format: [IWEF]mmdd hh:mm:ss.uuuuuu threadid file:line] msg
I1014 10:52:16.410960  4366 feature_lib.cpp:107] Feature lib read name: images/thanglmb.jpg
I1014 10:52:16.411887  4366 feature_lib.cpp:129] Read lib face : images/thanglmb.jpg
I1014 10:52:16.411943  4366 feature_lib.cpp:143] Loading normal image: images/thanglmb.jpg...
I1014 10:52:16.419848  4366 feature_lib.cpp:148] Load normal image: images/thanglmb.jpg done size: 640 * 360
I1014 10:52:16.785785  4366 demo_inner.hpp:126] thread [DedodeThread-0] is starting
I1014 10:52:16.785954  4366 demo_inner.hpp:126] thread [GUIThread] is starting
I1014 10:52:16.786047  4369 demo_inner.hpp:101] thread [DedodeThread-0] is started
I1014 10:52:16.786087  4366 demo_inner.hpp:126] thread [SORT-0] is starting
I1014 10:52:16.786140  4370 demo_inner.hpp:101] thread [GUIThread] is started
I1014 10:52:16.786157  4366 demo_inner.hpp:126] thread [T-Work-Detect_0] is starting
I1014 10:52:16.786214  4371 demo_inner.hpp:101] thread [SORT-0] is started
I1014 10:52:16.786221  4366 demo_inner.hpp:126] thread [T-Work-Recog_0] is starting
I1014 10:52:16.786263  4372 demo_inner.hpp:101] thread [T-Work-Detect_0] is started
I1014 10:52:16.786295  4366 demo_inner.hpp:126] thread [T-Work-Recog_1] is starting
I1014 10:52:16.786347  4373 demo_inner.hpp:101] thread [T-Work-Recog_0] is started
I1014 10:52:16.786365  4366 demo_inner.hpp:126] thread [T-Intergrate-intergrate] is starting
I1014 10:52:16.786403  4374 demo_inner.hpp:101] thread [T-Work-Recog_1] is started
I1014 10:52:16.786440  4366 demo_inner.hpp:137] waiting for [GUIThread] ended
I1014 10:52:16.786468  4375 demo_inner.hpp:101] thread [T-Intergrate-intergrate] is started
I1014 10:52:17.489930  4369 demo_inner.hpp:177] decode queue size 0
I1014 10:52:17.490129  4372 work_thread.hpp:81]  [T-Work-Detect_0] Run work: WorkDetect
I1014 10:52:17.490190  4372 work_detect.cpp:102] Succeeded to add det start for frame 1
I1014 10:52:17.497285  4372 work_detect.cpp:70] Frame :1 detect result :1 face(s)
I1014 10:52:17.497324  4372 work_detect.cpp:86] Detected bbox: [139 x 187 from (196, 166)]
I1014 10:52:17.497370  4372 work_detect.cpp:120] Succeeded to add det end for frame 1
I1014 10:52:17.497386  4372 work_thread.hpp:81]  [T-Work-Detect_0] Run work: WrokTrack
I1014 10:52:17.497409  4372 work_track.cpp:82] Frame: 1 build input_characts: [0.217187 x 0.519444 from (0.30625, 0.461111)], 1.00019, 0
I1014 10:52:17.497498  4372 work_track.cpp:102] Succeeded to set track lock for frame 1
I1014 10:52:17.497586  4372 work_track.cpp:116] Succeeded to release track lock for frame 1
I1014 10:52:17.497602  4372 work_track.cpp:120] Track results of frame 1: 1 objects input, 0 objects tracked!
I1014 10:52:17.497619  4372 work_track.cpp:162] Frame: 1 lid: 0 not tracked, will set invalid
I1014 10:52:17.497634  4372 work_thread.hpp:88]  [T-Work-Detect_0] Frame :1 split
I1014 10:52:17.497651  4372 work_thread.hpp:124]  [T-Work-Detect_0] Invalid piece: lid = 0, drop it
I1014 10:52:17.497701  4375 thread_intergrate.hpp:78] [T-Intergrate-intergrate] queue: frame output frame :1
I1014 10:52:17.498869  4371 demo_inner.hpp:435] thread [SORT-0]  frame id 1 sorting queue size 0   FPS: -1
I1014 10:52:17.498940  4370 demo_inner.hpp:260]  gui queue size 0, state = running
I1014 10:52:17.534122  4369 demo_inner.hpp:177] decode queue size 0
I1014 10:52:17.534231  4372 work_thread.hpp:81]  [T-Work-Detect_0] Run work: WorkDetect
I1014 10:52:17.534268  4372 work_detect.cpp:102] Succeeded to add det start for frame 2
I1014 10:52:17.541330  4372 work_detect.cpp:70] Frame :2 detect result :1 face(s)
I1014 10:52:17.541389  4372 work_detect.cpp:86] Detected bbox: [153 x 199 from (189, 149)]
I1014 10:52:17.541433  4372 work_detect.cpp:120] Succeeded to add det end for frame 2
I1014 10:52:17.541450  4372 work_thread.hpp:81]  [T-Work-Detect_0] Run work: WrokTrack
I1014 10:52:17.541474  4372 work_track.cpp:82] Frame: 2 build input_characts: [0.239063 x 0.552778 from (0.295312, 0.413889)], 1.00019, 0
I1014 10:52:17.541532  4372 work_track.cpp:102] Succeeded to set track lock for frame 2
I1014 10:52:17.541591  4372 work_track.cpp:116] Succeeded to release track lock for frame 2
I1014 10:52:17.541606  4372 work_track.cpp:120] Track results of frame 2: 1 objects input, 0 objects tracked!
I1014 10:52:17.541707  4372 work_track.cpp:162] Frame: 2 lid: 0 not tracked, will set invalid
I1014 10:52:17.541723  4372 work_thread.hpp:88]  [T-Work-Detect_0] Frame :2 split
I1014 10:52:17.541741  4372 work_thread.hpp:124]  [T-Work-Detect_0] Invalid piece: lid = 0, drop it
I1014 10:52:17.541786  4375 thread_intergrate.hpp:78] [T-Intergrate-intergrate] queue: frame output frame :2
I1014 10:52:17.543256  4371 demo_inner.hpp:435] thread [SORT-0]  frame id 2 sorting queue size 0   FPS: 22.7273
I1014 10:52:17.543339  4370 demo_inner.hpp:260]  gui queue size 0, state = running
I1014 10:52:17.562048  4369 demo_inner.hpp:177] decode queue size 0
I1014 10:52:17.562151  4372 work_thread.hpp:81]  [T-Work-Detect_0] Run work: WorkDetect
I1014 10:52:17.562186  4372 work_detect.cpp:102] Succeeded to add det start for frame 3
I1014 10:52:17.568899  4372 work_detect.cpp:70] Frame :3 detect result :1 face(s)
I1014 10:52:17.568943  4372 work_detect.cpp:86] Detected bbox: [153 x 198 from (189, 149)]
I1014 10:52:17.568984  4372 work_detect.cpp:120] Succeeded to add det end for frame 3
I1014 10:52:17.569000  4372 work_thread.hpp:81]  [T-Work-Detect_0] Run work: WrokTrack
I1014 10:52:17.569023  4372 work_track.cpp:82] Frame: 3 build input_characts: [0.239063 x 0.55 from (0.295312, 0.413889)], 1.00019, 0
I1014 10:52:17.569079  4372 work_track.cpp:102] Succeeded to set track lock for frame 3
I1014 10:52:17.569139  4372 work_track.cpp:116] Succeeded to release track lock for frame 3
I1014 10:52:17.569154  4372 work_track.cpp:120] Track results of frame 3: 1 objects input, 1 objects tracked!
I1014 10:52:17.569171  4372 work_track.cpp:148] Frame: 3, track bbox: [153 x 198 from (188.999, 147.236)], gid: 0, lid: 0
I1014 10:52:17.569207  4372 work_thread.hpp:88]  [T-Work-Detect_0] Frame :3 split
I1014 10:52:17.569226  4372 work_thread.hpp:120]  [T-Work-Detect_0] Valid piece: gid = 0
I1014 10:52:17.569242  4372 work_thread.hpp:92]  [T-Work-Detect_0] Push to split queue:recog
I1014 10:52:17.569290  4374 work_thread.hpp:81]  [T-Work-Recog_1] Run work: WorkCapture
I1014 10:52:17.569293  4375 thread_intergrate.hpp:78] [T-Intergrate-intergrate] queue: frame output frame :3
I1014 10:52:17.570938  4371 demo_inner.hpp:435] thread [SORT-0]  frame id 3 sorting queue size 0   FPS: 28.169
I1014 10:52:17.571015  4370 demo_inner.hpp:260]  gui queue size 0, state = running
I1014 10:52:17.571158  4374 work_thread.hpp:81]  [T-Work-Recog_1] Run work: WorkRecog
I1014 10:52:17.571184  4374 work_recog.hpp:89] Face id: 0 will run recog: bbox [153 x 198 from (189, 149)] quality: 0.448165
I1014 10:52:17.571218  4374 work_recog.hpp:96] Recog pair: [224 x 256 from (152, 104)], [153 x 198 from (37, 45)]
I1014 10:52:17.588847  4374 work_thread.hpp:81]  [T-Work-Recog_1] Run work: WorkCompare
I1014 10:52:17.588959  4374 work_compare.cpp:76] Compare face: 0 successed, similarity :0.96103, name : images/thanglmb.jpg, normal size : 640 * 360!
I1014 10:52:17.598006  4369 demo_inner.hpp:177] decode queue size 0
I1014 10:52:17.598135  4372 work_thread.hpp:81]  [T-Work-Detect_0] Run work: WorkDetect
I1014 10:52:17.598171  4372 work_detect.cpp:102] Succeeded to add det start for frame 4
I1014 10:52:17.604907  4372 work_detect.cpp:70] Frame :4 detect result :1 face(s)
I1014 10:52:17.604938  4372 work_detect.cpp:86] Detected bbox: [153 x 203 from (187, 146)]
I1014 10:52:17.604977  4372 work_detect.cpp:120] Succeeded to add det end for frame 4
I1014 10:52:17.604995  4372 work_thread.hpp:81]  [T-Work-Detect_0] Run work: WrokTrack
I1014 10:52:17.605017  4372 work_track.cpp:82] Frame: 4 build input_characts: [0.239063 x 0.563889 from (0.292188, 0.405556)], 1.00019, 0
I1014 10:52:17.605072  4372 work_track.cpp:102] Succeeded to set track lock for frame 4
I1014 10:52:17.605110  4372 work_track.cpp:116] Succeeded to release track lock for frame 4
I1014 10:52:17.605124  4372 work_track.cpp:120] Track results of frame 4: 1 objects input, 1 objects tracked!
I1014 10:52:17.605142  4372 work_track.cpp:148] Frame: 4, track bbox: [153 x 203 from (187.601, 143.9)], gid: 0, lid: 0
I1014 10:52:17.605252  4372 work_thread.hpp:88]  [T-Work-Detect_0] Frame :4 split
I1014 10:52:17.605273  4372 work_thread.hpp:120]  [T-Work-Detect_0] Valid piece: gid = 0
I1014 10:52:17.605290  4372 work_thread.hpp:92]  [T-Work-Detect_0] Push to split queue:recog
I1014 10:52:17.605329  4374 work_thread.hpp:81]  [T-Work-Recog_1] Run work: WorkCapture
I1014 10:52:17.605343  4375 thread_intergrate.hpp:78] [T-Intergrate-intergrate] queue: frame output frame :4
I1014 10:52:17.605368  4375 thread_intergrate.hpp:85] [T-Intergrate-intergrate] queue: compare output face:0
I1014 10:52:17.605386  4375 thread_intergrate.hpp:137] T-Intergrate-intergrate set matched face: 0
I1014 10:52:17.605870  4374 work_thread.hpp:81]  [T-Work-Recog_1] Run work: WorkRecog
I1014 10:52:17.605895  4374 work_recog.hpp:89] Face id: 0 will run recog: bbox [153 x 203 from (187, 146)] quality: 0.460116
I1014 10:52:17.605923  4374 work_recog.hpp:96] Recog pair: [224 x 256 from (152, 104)], [153 x 203 from (35, 42)]
I1014 10:52:17.606632  4375 thread_intergrate.hpp:157] T-Intergrate-intergrate Show face :0, size :640 * 360
I1014 10:52:17.607133  4371 demo_inner.hpp:435] thread [SORT-0]  frame id 4 sorting queue size 0   FPS: 27.7778
I1014 10:52:17.607204  4370 demo_inner.hpp:260]  gui queue size 0, state = running
I1014 10:52:17.623608  4374 work_thread.hpp:81]  [T-Work-Recog_1] Run work: WorkCompare
I1014 10:52:17.623715  4374 work_compare.cpp:76] Compare face: 0 successed, similarity :0.924914, name : images/thanglmb.jpg, normal size : 640 * 360!
I1014 10:52:17.628191  4369 demo_inner.hpp:177] decode queue size 0
I1014 10:52:17.628294  4372 work_thread.hpp:81]  [T-Work-Detect_0] Run work: WorkDetect
I1014 10:52:17.628325  4372 work_detect.cpp:102] Succeeded to add det start for frame 5
I1014 10:52:17.635053  4372 work_detect.cpp:70] Frame :5 detect result :1 face(s)
I1014 10:52:17.635085  4372 work_detect.cpp:86] Detected bbox: [154 x 204 from (189, 148)]
I1014 10:52:17.635124  4372 work_detect.cpp:120] Succeeded to add det end for frame 5
I1014 10:52:17.635139  4372 work_thread.hpp:81]  [T-Work-Detect_0] Run work: WrokTrack
I1014 10:52:17.635162  4372 work_track.cpp:82] Frame: 5 build input_characts: [0.240625 x 0.566667 from (0.295312, 0.411111)], 1.00019, 0
I1014 10:52:17.635217  4372 work_track.cpp:102] Succeeded to set track lock for frame 5
I1014 10:52:17.635257  4372 work_track.cpp:116] Succeeded to release track lock for frame 5
I1014 10:52:17.635272  4372 work_track.cpp:120] Track results of frame 5: 1 objects input, 1 objects tracked!
I1014 10:52:17.635288  4372 work_track.cpp:148] Frame: 5, track bbox: [154 x 204 from (187.999, 144.698)], gid: 0, lid: 0
I1014 10:52:17.635324  4372 work_thread.hpp:88]  [T-Work-Detect_0] Frame :5 split
I1014 10:52:17.635342  4372 work_thread.hpp:120]  [T-Work-Detect_0] Valid piece: gid = 0
I1014 10:52:17.635360  4372 work_thread.hpp:92]  [T-Work-Detect_0] Push to split queue:recog
I1014 10:52:17.635406  4375 thread_intergrate.hpp:78] [T-Intergrate-intergrate] queue: frame output frame :5
I1014 10:52:17.635409  4374 work_thread.hpp:81]  [T-Work-Recog_1] Run work: WorkCapture
I1014 10:52:17.635442  4375 thread_intergrate.hpp:85] [T-Intergrate-intergrate] queue: compare output face:0
I1014 10:52:17.635460  4375 thread_intergrate.hpp:137] T-Intergrate-intergrate set matched face: 0
I1014 10:52:17.635963  4374 work_thread.hpp:81]  [T-Work-Recog_1] Run work: WorkRecog
I1014 10:52:17.635987  4374 work_recog.hpp:89] Face id: 0 will run recog: bbox [154 x 204 from (189, 148)] quality: 0.454059
I1014 10:52:17.636067  4374 work_recog.hpp:96] Recog pair: [224 x 256 from (152, 104)], [154 x 204 from (37, 44)]
I1014 10:52:17.636667  4375 thread_intergrate.hpp:157] T-Intergrate-intergrate Show face :0, size :640 * 360
I1014 10:52:17.637383  4371 demo_inner.hpp:435] thread [SORT-0]  frame id 5 sorting queue size 0   FPS: 28.9855
I1014 10:52:17.637450  4370 demo_inner.hpp:260]  gui queue size 0, state = running
I1014 10:52:17.653651  4374 work_thread.hpp:81]  [T-Work-Recog_1] Run work: WorkCompare
I1014 10:52:17.653743  4374 work_compare.cpp:71] Compare face: 0 failed
I1014 10:52:17.663540  4369 demo_inner.hpp:177] decode queue size 0
I1014 10:52:17.663655  4372 work_thread.hpp:81]  [T-Work-Detect_0] Run work: WorkDetect
I1014 10:52:17.663691  4372 work_detect.cpp:102] Succeeded to add det start for frame 6
I1014 10:52:17.670404  4372 work_detect.cpp:70] Frame :6 detect result :1 face(s)
I1014 10:52:17.670433  4372 work_detect.cpp:86] Detected bbox: [152 x 198 from (188, 147)]
I1014 10:52:17.670472  4372 work_detect.cpp:120] Succeeded to add det end for frame 6
I1014 10:52:17.670487  4372 work_thread.hpp:81]  [T-Work-Detect_0] Run work: WrokTrack
I1014 10:52:17.670512  4372 work_track.cpp:82] Frame: 6 build input_characts: [0.2375 x 0.55 from (0.29375, 0.408333)], 0.997596, 0
I1014 10:52:17.670567  4372 work_track.cpp:102] Succeeded to set track lock for frame 6
I1014 10:52:17.670605  4372 work_track.cpp:116] Succeeded to release track lock for frame 6
I1014 10:52:17.670620  4372 work_track.cpp:120] Track results of frame 6: 1 objects input, 1 objects tracked!
I1014 10:52:17.670637  4372 work_track.cpp:148] Frame: 6, track bbox: [152 x 198 from (188.431, 146.383)], gid: 0, lid: 0
I1014 10:52:17.670673  4372 work_thread.hpp:88]  [T-Work-Detect_0] Frame :6 split
I1014 10:52:17.670691  4372 work_thread.hpp:120]  [T-Work-Detect_0] Valid piece: gid = 0
I1014 10:52:17.670708  4372 work_thread.hpp:92]  [T-Work-Detect_0] Push to split queue:recog
I1014 10:52:17.670748  4373 work_thread.hpp:81]  [T-Work-Recog_0] Run work: WorkCapture
I1014 10:52:17.670753  4375 thread_intergrate.hpp:78] [T-Intergrate-intergrate] queue: frame output frame :6
I1014 10:52:17.671314  4373 work_thread.hpp:81]  [T-Work-Recog_0] Run work: WorkRecog
I1014 10:52:17.671337  4373 work_recog.hpp:89] Face id: 0 will run recog: bbox [152 x 198 from (188, 147)] quality: 0.448165
I1014 10:52:17.671366  4373 work_recog.hpp:96] Recog pair: [224 x 256 from (152, 104)], [152 x 198 from (36, 43)]
I1014 10:52:17.671888  4375 thread_intergrate.hpp:157] T-Intergrate-intergrate Show face :0, size :640 * 360
I1014 10:52:17.672394  4371 demo_inner.hpp:435] thread [SORT-0]  frame id 6 sorting queue size 0   FPS: 28.9017
I1014 10:52:17.672456  4370 demo_inner.hpp:260]  gui queue size 0, state = running
I1014 10:52:17.689043  4373 work_thread.hpp:81]  [T-Work-Recog_0] Run work: WorkCompare
I1014 10:52:17.689155  4373 work_compare.cpp:76] Compare face: 0 successed, similarity :0.904986, name : images/thanglmb.jpg, normal size : 640 * 360!
I1014 10:52:17.694275  4369 demo_inner.hpp:177] decode queue size 0
I1014 10:52:17.694442  4372 work_thread.hpp:81]  [T-Work-Detect_0] Run work: WorkDetect
I1014 10:52:17.694480  4372 work_detect.cpp:102] Succeeded to add det start for frame 7
I1014 10:52:17.701948  4372 work_detect.cpp:70] Frame :7 detect result :2 face(s)
I1014 10:52:17.701993  4372 work_detect.cpp:86] Detected bbox: [159 x 214 from (175, 138)]
I1014 10:52:17.702082  4372 work_detect.cpp:86] Detected bbox: [26 x 44 from (486, 186)]
I1014 10:52:17.702114  4372 work_detect.cpp:120] Succeeded to add det end for frame 7
I1014 10:52:17.702131  4372 work_thread.hpp:81]  [T-Work-Detect_0] Run work: WrokTrack
I1014 10:52:17.702178  4372 work_track.cpp:82] Frame: 7 build input_characts: [0.248437 x 0.594444 from (0.273438, 0.383333)], 0.997596, 0
I1014 10:52:17.702232  4372 work_track.cpp:82] Frame: 7 build input_characts: [0.040625 x 0.122222 from (0.759375, 0.516667)], 0.947697, 1
I1014 10:52:17.702273  4372 work_track.cpp:102] Succeeded to set track lock for frame 7
I1014 10:52:17.702328  4372 work_track.cpp:116] Succeeded to release track lock for frame 7
I1014 10:52:17.702343  4372 work_track.cpp:120] Track results of frame 7: 2 objects input, 1 objects tracked!
I1014 10:52:17.702360  4372 work_track.cpp:148] Frame: 7, track bbox: [159 x 214 from (179.588, 138.997)], gid: 0, lid: 0
I1014 10:52:17.702419  4372 work_track.cpp:162] Frame: 7 lid: 1 not tracked, will set invalid
I1014 10:52:17.702435  4372 work_thread.hpp:88]  [T-Work-Detect_0] Frame :7 split
I1014 10:52:17.702451  4372 work_thread.hpp:120]  [T-Work-Detect_0] Valid piece: gid = 0
I1014 10:52:17.702550  4372 work_thread.hpp:124]  [T-Work-Detect_0] Invalid piece: lid = 1, drop it
I1014 10:52:17.702587  4372 work_thread.hpp:92]  [T-Work-Detect_0] Push to split queue:recog
I1014 10:52:17.702739  4374 work_thread.hpp:81]  [T-Work-Recog_1] Run work: WorkCapture
I1014 10:52:17.703084  4375 thread_intergrate.hpp:78] [T-Intergrate-intergrate] queue: frame output frame :7
I1014 10:52:17.703111  4375 thread_intergrate.hpp:85] [T-Intergrate-intergrate] queue: compare output face:0
I1014 10:52:17.703130  4375 thread_intergrate.hpp:137] T-Intergrate-intergrate set matched face: 0
I1014 10:52:17.703341  4374 work_thread.hpp:81]  [T-Work-Recog_1] Run work: WorkRecog
I1014 10:52:17.703366  4374 work_recog.hpp:89] Face id: 0 will run recog: bbox [159 x 214 from (175, 138)] quality: 0.465286
I1014 10:52:17.703402  4374 work_recog.hpp:96] Recog pair: [224 x 264 from (144, 96)], [159 x 214 from (31, 42)]
I1014 10:52:17.704373  4375 thread_intergrate.hpp:157] T-Intergrate-intergrate Show face :0, size :640 * 360
I1014 10:52:17.704952  4371 demo_inner.hpp:435] thread [SORT-0]  frame id 7 sorting queue size 0   FPS: 29.2683
I1014 10:52:17.705025  4370 demo_inner.hpp:260]  gui queue size 0, state = running
I1014 10:52:17.722369  4374 work_thread.hpp:81]  [T-Work-Recog_1] Run work: WorkCompare
I1014 10:52:17.722492  4374 work_compare.cpp:76] Compare face: 0 successed, similarity :0.89857, name : images/thanglmb.jpg, normal size : 640 * 360!
I1014 10:52:17.730391  4369 demo_inner.hpp:177] decode queue size 0
I1014 10:52:17.730520  4372 work_thread.hpp:81]  [T-Work-Detect_0] Run work: WorkDetect
I1014 10:52:17.730557  4372 work_detect.cpp:102] Succeeded to add det start for frame 8
I1014 10:52:17.738090  4372 work_detect.cpp:70] Frame :8 detect result :1 face(s)
I1014 10:52:17.738138  4372 work_detect.cpp:86] Detected bbox: [153 x 199 from (189, 150)]
I1014 10:52:17.738180  4372 work_detect.cpp:120] Succeeded to add det end for frame 8
I1014 10:52:17.738196  4372 work_thread.hpp:81]  [T-Work-Detect_0] Run work: WrokTrack
I1014 10:52:17.738229  4372 work_track.cpp:82] Frame: 8 build input_characts: [0.239063 x 0.552778 from (0.295312, 0.416667)], 0.997596, 0
I1014 10:52:17.738286  4372 work_track.cpp:102] Succeeded to set track lock for frame 8
I1014 10:52:17.738366  4372 work_track.cpp:116] Succeeded to release track lock for frame 8
I1014 10:52:17.738384  4372 work_track.cpp:120] Track results of frame 8: 1 objects input, 1 objects tracked!
I1014 10:52:17.738401  4372 work_track.cpp:148] Frame: 8, track bbox: [153 x 199 from (184.598, 147.882)], gid: 0, lid: 0
I1014 10:52:17.738438  4372 work_thread.hpp:88]  [T-Work-Detect_0] Frame :8 split
I1014 10:52:17.738463  4372 work_thread.hpp:120]  [T-Work-Detect_0] Valid piece: gid = 0
I1014 10:52:17.738482  4372 work_thread.hpp:92]  [T-Work-Detect_0] Push to split queue:recog
I1014 10:52:17.738528  4375 thread_intergrate.hpp:78] [T-Intergrate-intergrate] queue: frame output frame :8
I1014 10:52:17.738528  4373 work_thread.hpp:81]  [T-Work-Recog_0] Run work: WorkCapture
I1014 10:52:17.738556  4375 thread_intergrate.hpp:85] [T-Intergrate-intergrate] queue: compare output face:0
I1014 10:52:17.738576  4375 thread_intergrate.hpp:137] T-Intergrate-intergrate set matched face: 0
I1014 10:52:17.739101  4373 work_thread.hpp:81]  [T-Work-Recog_0] Run work: WorkRecog
I1014 10:52:17.739126  4373 work_recog.hpp:89] Face id: 0 will run recog: bbox [153 x 199 from (189, 150)] quality: 0.465021
I1014 10:52:17.739154  4373 work_recog.hpp:96] Recog pair: [224 x 256 from (152, 104)], [153 x 199 from (37, 46)]
I1014 10:52:17.739922  4375 thread_intergrate.hpp:157] T-Intergrate-intergrate Show face :0, size :640 * 360
I1014 10:52:17.740470  4371 demo_inner.hpp:435] thread [SORT-0]  frame id 8 sorting queue size 0   FPS: 29.0456
I1014 10:52:17.740556  4370 demo_inner.hpp:260]  gui queue size 0, state = running
I1014 10:52:17.758975  4373 work_thread.hpp:81]  [T-Work-Recog_0] Run work: WorkCompare
I1014 10:52:17.759090  4373 work_compare.cpp:76] Compare face: 0 successed, similarity :0.942663, name : images/thanglmb.jpg, normal size : 640 * 360!
I1014 10:52:17.766597  4369 demo_inner.hpp:177] decode queue size 0
I1014 10:52:17.766738  4372 work_thread.hpp:81]  [T-Work-Detect_0] Run work: WorkDetect
I1014 10:52:17.766785  4372 work_detect.cpp:102] Succeeded to add det start for frame 9
I1014 10:52:17.775005  4372 work_detect.cpp:70] Frame :9 detect result :2 face(s)
I1014 10:52:17.775063  4372 work_detect.cpp:86] Detected bbox: [152 x 199 from (190, 151)]
I1014 10:52:17.775121  4372 work_detect.cpp:86] Detected bbox: [24 x 48 from (492, 184)]
I1014 10:52:17.775156  4372 work_detect.cpp:120] Succeeded to add det end for frame 9
I1014 10:52:17.775172  4372 work_thread.hpp:81]  [T-Work-Detect_0] Run work: WrokTrack
I1014 10:52:17.775197  4372 work_track.cpp:82] Frame: 9 build input_characts: [0.2375 x 0.552778 from (0.296875, 0.419444)], 1.00019, 0
I1014 10:52:17.775260  4372 work_track.cpp:82] Frame: 9 build input_characts: [0.0375 x 0.133333 from (0.76875, 0.511111)], 0.927122, 1
I1014 10:52:17.775296  4372 work_track.cpp:102] Succeeded to set track lock for frame 9
I1014 10:52:17.775341  4372 work_track.cpp:116] Succeeded to release track lock for frame 9
I1014 10:52:17.775382  4372 work_track.cpp:120] Track results of frame 9: 2 objects input, 1 objects tracked!
I1014 10:52:17.775403  4372 work_track.cpp:148] Frame: 9, track bbox: [152 x 199 from (187.355, 149.48)], gid: 0, lid: 0
I1014 10:52:17.775436  4372 work_track.cpp:162] Frame: 9 lid: 1 not tracked, will set invalid
I1014 10:52:17.775452  4372 work_thread.hpp:88]  [T-Work-Detect_0] Frame :9 split
I1014 10:52:17.775470  4372 work_thread.hpp:120]  [T-Work-Detect_0] Valid piece: gid = 0
I1014 10:52:17.775496  4372 work_thread.hpp:124]  [T-Work-Detect_0] Invalid piece: lid = 1, drop it
I1014 10:52:17.775511  4372 work_thread.hpp:92]  [T-Work-Detect_0] Push to split queue:recog
I1014 10:52:17.775563  4375 thread_intergrate.hpp:78] [T-Intergrate-intergrate] queue: frame output frame :9
I1014 10:52:17.775563  4373 work_thread.hpp:81]  [T-Work-Recog_0] Run work: WorkCapture
I1014 10:52:17.775593  4375 thread_intergrate.hpp:85] [T-Intergrate-intergrate] queue: compare output face:0
I1014 10:52:17.775612  4375 thread_intergrate.hpp:137] T-Intergrate-intergrate set matched face: 0
I1014 10:52:17.776193  4373 work_thread.hpp:81]  [T-Work-Recog_0] Run work: WorkRecog
I1014 10:52:17.776218  4373 work_recog.hpp:89] Face id: 0 will run recog: bbox [152 x 199 from (190, 151)] quality: 0.465286
I1014 10:52:17.776247  4373 work_recog.hpp:96] Recog pair: [216 x 248 from (160, 112)], [152 x 199 from (30, 39)]
I1014 10:52:17.776820  4375 thread_intergrate.hpp:157] T-Intergrate-intergrate Show face :0, size :640 * 360
I1014 10:52:17.777338  4371 demo_inner.hpp:435] thread [SORT-0]  frame id 9 sorting queue size 0   FPS: 28.777
I1014 10:52:17.777412  4370 demo_inner.hpp:260]  gui queue size 0, state = running
I1014 10:52:17.796342  4373 work_thread.hpp:81]  [T-Work-Recog_0] Run work: WorkCompare
I1014 10:52:17.796473  4373 work_compare.cpp:76] Compare face: 0 successed, similarity :0.950872, name : images/thanglmb.jpg, normal size : 640 * 360!
I1014 10:52:17.796574  4369 demo_inner.hpp:177] decode queue size 0
I1014 10:52:17.796654  4372 work_thread.hpp:81]  [T-Work-Detect_0] Run work: WorkDetect
I1014 10:52:17.796684  4372 work_detect.cpp:102] Succeeded to add det start for frame 10
I1014 10:52:17.804610  4372 work_detect.cpp:70] Frame :10 detect result :2 face(s)
I1014 10:52:17.804837  4372 work_detect.cpp:86] Detected bbox: [150 x 201 from (190, 148)]
I1014 10:52:17.804875  4372 work_detect.cpp:86] Detected bbox: [24 x 49 from (492, 182)]
I1014 10:52:17.805009  4372 work_detect.cpp:120] Succeeded to add det end for frame 10
I1014 10:52:17.805035  4372 work_thread.hpp:81]  [T-Work-Detect_0] Run work: WrokTrack
I1014 10:52:17.805063  4372 work_track.cpp:82] Frame: 10 build input_characts: [0.234375 x 0.558333 from (0.296875, 0.411111)], 1.00019, 0
I1014 10:52:17.805117  4372 work_track.cpp:82] Frame: 10 build input_characts: [0.0375 x 0.136111 from (0.76875, 0.505556)], 0.938558, 1
I1014 10:52:17.805264  4372 work_track.cpp:102] Succeeded to set track lock for frame 10
I1014 10:52:17.805315  4372 work_track.cpp:116] Succeeded to release track lock for frame 10
I1014 10:52:17.805330  4372 work_track.cpp:120] Track results of frame 10: 2 objects input, 1 objects tracked!
I1014 10:52:17.805347  4372 work_track.cpp:148] Frame: 10, track bbox: [150 x 201 from (189.356, 148.498)], gid: 0, lid: 0
I1014 10:52:17.805390  4372 work_track.cpp:162] Frame: 10 lid: 1 not tracked, will set invalid
I1014 10:52:17.805408  4372 work_thread.hpp:88]  [T-Work-Detect_0] Frame :10 split
I1014 10:52:17.805424  4372 work_thread.hpp:120]  [T-Work-Detect_0] Valid piece: gid = 0
I1014 10:52:17.805441  4372 work_thread.hpp:124]  [T-Work-Detect_0] Invalid piece: lid = 1, drop it
I1014 10:52:17.805456  4372 work_thread.hpp:92]  [T-Work-Detect_0] Push to split queue:recog
I1014 10:52:17.805505  4373 work_thread.hpp:81]  [T-Work-Recog_0] Run work: WorkCapture
I1014 10:52:17.805523  4375 thread_intergrate.hpp:78] [T-Intergrate-intergrate] queue: frame output frame :10
I1014 10:52:17.805552  4375 thread_intergrate.hpp:85] [T-Intergrate-intergrate] queue: compare output face:0
I1014 10:52:17.805572  4375 thread_intergrate.hpp:137] T-Intergrate-intergrate set matched face: 0
I1014 10:52:17.806103  4373 work_thread.hpp:81]  [T-Work-Recog_0] Run work: WorkRecog
I1014 10:52:17.806128  4373 work_recog.hpp:89] Face id: 0 will run recog: bbox [150 x 201 from (190, 148)] quality: 0.461371
I1014 10:52:17.806154  4373 work_recog.hpp:96] Recog pair: [216 x 256 from (160, 104)], [150 x 201 from (30, 44)]
I1014 10:52:17.806751  4375 thread_intergrate.hpp:157] T-Intergrate-intergrate Show face :0, size :640 * 360
I1014 10:52:17.807248  4371 demo_inner.hpp:435] thread [SORT-0]  frame id 10 sorting queue size 0   FPS: 29.2208
I1014 10:52:17.807318  4370 demo_inner.hpp:260]  gui queue size 0, state = running
I1014 10:52:17.826488  4373 work_thread.hpp:81]  [T-Work-Recog_0] Run work: WorkCompare
I1014 10:52:17.826601  4373 work_compare.cpp:76] Compare face: 0 successed, similarity :0.939479, name : images/thanglmb.jpg, normal size : 640 * 360!
I1014 10:52:17.833145  4369 demo_inner.hpp:177] decode queue size 0
I1014 10:52:17.833331  4372 work_thread.hpp:81]  [T-Work-Detect_0] Run work: WorkDetect
I1014 10:52:17.833374  4372 work_detect.cpp:102] Succeeded to add det start for frame 11
I1014 10:52:17.841958  4372 work_detect.cpp:70] Frame :11 detect result :1 face(s)
I1014 10:52:17.842084  4372 work_detect.cpp:86] Detected bbox: [149 x 200 from (191, 148)]
I1014 10:52:17.842151  4372 work_detect.cpp:120] Succeeded to add det end for frame 11
I1014 10:52:17.842180  4372 work_thread.hpp:81]  [T-Work-Detect_0] Run work: WrokTrack
I1014 10:52:17.842217  4372 work_track.cpp:82] Frame: 11 build input_characts: [0.232812 x 0.555556 from (0.298438, 0.411111)], 0.997328, 0
I1014 10:52:17.842334  4372 work_track.cpp:102] Succeeded to set track lock for frame 11
I1014 10:52:17.842394  4372 work_track.cpp:116] Succeeded to release track lock for frame 11
I1014 10:52:17.842411  4372 work_track.cpp:120] Track results of frame 11: 1 objects input, 1 objects tracked!
I1014 10:52:17.842440  4372 work_track.cpp:148] Frame: 11, track bbox: [149 x 200 from (191.735, 149.46)], gid: 0, lid: 0
I1014 10:52:17.842480  4372 work_thread.hpp:88]  [T-Work-Detect_0] Frame :11 split
I1014 10:52:17.842500  4372 work_thread.hpp:120]  [T-Work-Detect_0] Valid piece: gid = 0
I1014 10:52:17.842519  4372 work_thread.hpp:92]  [T-Work-Detect_0] Push to split queue:recog
I1014 10:52:17.842643  4374 work_thread.hpp:81]  [T-Work-Recog_1] Run work: WorkCapture
I1014 10:52:17.843104  4375 thread_intergrate.hpp:78] [T-Intergrate-intergrate] queue: frame output frame :11
I1014 10:52:17.843138  4375 thread_intergrate.hpp:85] [T-Intergrate-intergrate] queue: compare output face:0
I1014 10:52:17.843158  4375 thread_intergrate.hpp:137] T-Intergrate-intergrate set matched face: 0
I1014 10:52:17.843374  4374 work_thread.hpp:81]  [T-Work-Recog_1] Run work: WorkRecog
I1014 10:52:17.843820  4374 work_recog.hpp:89] Face id: 0 will run recog: bbox [149 x 200 from (191, 148)] quality: 0.46078
I1014 10:52:17.843879  4374 work_recog.hpp:96] Recog pair: [216 x 256 from (160, 104)], [149 x 200 from (31, 44)]
I1014 10:52:17.844480  4375 thread_intergrate.hpp:157] T-Intergrate-intergrate Show face :0, size :640 * 360
I1014 10:52:17.845168  4371 demo_inner.hpp:435] thread [SORT-0]  frame id 11 sorting queue size 0   FPS: 28.9855
I1014 10:52:17.845413  4370 demo_inner.hpp:260]  gui queue size 0, state = running
I1014 10:52:17.863389  4369 demo_inner.hpp:177] decode queue size 0
I1014 10:52:17.863684  4372 work_thread.hpp:81]  [T-Work-Detect_0] Run work: WorkDetect
I1014 10:52:17.863776  4372 work_detect.cpp:102] Succeeded to add det start for frame 12
I1014 10:52:17.865752  4374 work_thread.hpp:81]  [T-Work-Recog_1] Run work: WorkCompare
I1014 10:52:17.865924  4374 work_compare.cpp:76] Compare face: 0 successed, similarity :0.920664, name : images/thanglmb.jpg, normal size : 640 * 360!
I1014 10:52:17.873137  4372 work_detect.cpp:70] Frame :12 detect result :1 face(s)
I1014 10:52:17.873360  4372 work_detect.cpp:86] Detected bbox: [139 x 184 from (197, 166)]
I1014 10:52:17.873509  4372 work_detect.cpp:120] Succeeded to add det end for frame 12
I1014 10:52:17.873528  4372 work_thread.hpp:81]  [T-Work-Detect_0] Run work: WrokTrack
I1014 10:52:17.873567  4372 work_track.cpp:82] Frame: 12 build input_characts: [0.217187 x 0.511111 from (0.307813, 0.461111)], 0.999622, 0
I1014 10:52:17.873631  4372 work_track.cpp:102] Succeeded to set track lock for frame 12
I1014 10:52:17.873733  4372 work_track.cpp:116] Succeeded to release track lock for frame 12
I1014 10:52:17.873749  4372 work_track.cpp:120] Track results of frame 12: 1 objects input, 1 objects tracked!
I1014 10:52:17.873769  4372 work_track.cpp:148] Frame: 12, track bbox: [139 x 184 from (198.558, 162.101)], gid: 0, lid: 0
I1014 10:52:17.873819  4372 work_thread.hpp:88]  [T-Work-Detect_0] Frame :12 split
I1014 10:52:17.873839  4372 work_thread.hpp:120]  [T-Work-Detect_0] Valid piece: gid = 0
I1014 10:52:17.873858  4372 work_thread.hpp:92]  [T-Work-Detect_0] Push to split queue:recog
I1014 10:52:17.873984  4374 work_thread.hpp:81]  [T-Work-Recog_1] Run work: WorkCapture
I1014 10:52:17.874429  4375 thread_intergrate.hpp:78] [T-Intergrate-intergrate] queue: frame output frame :12
I1014 10:52:17.874487  4375 thread_intergrate.hpp:85] [T-Intergrate-intergrate] queue: compare output face:0
I1014 10:52:17.874511  4375 thread_intergrate.hpp:137] T-Intergrate-intergrate set matched face: 0
I1014 10:52:17.874804  4374 work_thread.hpp:81]  [T-Work-Recog_1] Run work: WorkRecog
I1014 10:52:17.874832  4374 work_recog.hpp:89] Face id: 0 will run recog: bbox [139 x 184 from (197, 166)] quality: 0.422163
I1014 10:52:17.874886  4374 work_recog.hpp:96] Recog pair: [200 x 232 from (168, 128)], [139 x 184 from (29, 38)]
I1014 10:52:17.875819  4375 thread_intergrate.hpp:157] T-Intergrate-intergrate Show face :0, size :640 * 360
I1014 10:52:17.876477  4371 demo_inner.hpp:435] thread [SORT-0]  frame id 12 sorting queue size 0   FPS: 29.1777
I1014 10:52:17.876718  4370 demo_inner.hpp:260]  gui queue size 0, state = running
I1014 10:52:17.896272  4374 work_thread.hpp:81]  [T-Work-Recog_1] Run work: WorkCompare
I1014 10:52:17.896425  4374 work_compare.cpp:76] Compare face: 0 successed, similarity :0.935387, name : images/thanglmb.jpg, normal size : 640 * 360!
I1014 10:52:17.898983  4369 demo_inner.hpp:177] decode queue size 0
I1014 10:52:17.899200  4372 work_thread.hpp:81]  [T-Work-Detect_0] Run work: WorkDetect
I1014 10:52:17.899240  4372 work_detect.cpp:102] Succeeded to add det start for frame 13
I1014 10:52:17.907089  4372 work_detect.cpp:70] Frame :13 detect result :2 face(s)
I1014 10:52:17.907168  4372 work_detect.cpp:86] Detected bbox: [151 x 204 from (190, 146)]
I1014 10:52:17.907202  4372 work_detect.cpp:86] Detected bbox: [27 x 45 from (496, 186)]
I1014 10:52:17.907234  4372 work_detect.cpp:120] Succeeded to add det end for frame 13
I1014 10:52:17.907250  4372 work_thread.hpp:81]  [T-Work-Detect_0] Run work: WrokTrack
I1014 10:52:17.907358  4372 work_track.cpp:82] Frame: 13 build input_characts: [0.235938 x 0.566667 from (0.296875, 0.405556)], 0.997596, 0
I1014 10:52:17.907438  4372 work_track.cpp:82] Frame: 13 build input_characts: [0.0421875 x 0.125 from (0.775, 0.516667)], 0.901423, 1
I1014 10:52:17.907475  4372 work_track.cpp:102] Succeeded to set track lock for frame 13
I1014 10:52:17.907529  4372 work_track.cpp:116] Succeeded to release track lock for frame 13
I1014 10:52:17.907546  4372 work_track.cpp:120] Track results of frame 13: 2 objects input, 1 objects tracked!
I1014 10:52:17.907563  4372 work_track.cpp:148] Frame: 13, track bbox: [151 x 204 from (190.319, 149.453)], gid: 0, lid: 0
I1014 10:52:17.907598  4372 work_track.cpp:162] Frame: 13 lid: 1 not tracked, will set invalid
I1014 10:52:17.907614  4372 work_thread.hpp:88]  [T-Work-Detect_0] Frame :13 split
I1014 10:52:17.907655  4372 work_thread.hpp:120]  [T-Work-Detect_0] Valid piece: gid = 0
I1014 10:52:17.907673  4372 work_thread.hpp:124]  [T-Work-Detect_0] Invalid piece: lid = 1, drop it
I1014 10:52:17.907688  4372 work_thread.hpp:92]  [T-Work-Detect_0] Push to split queue:recog
I1014 10:52:17.907734  4374 work_thread.hpp:81]  [T-Work-Recog_1] Run work: WorkCapture
I1014 10:52:17.908097  4375 thread_intergrate.hpp:78] [T-Intergrate-intergrate] queue: frame output frame :13
I1014 10:52:17.908125  4375 thread_intergrate.hpp:85] [T-Intergrate-intergrate] queue: compare output face:0
I1014 10:52:17.908144  4375 thread_intergrate.hpp:137] T-Intergrate-intergrate set matched face: 0
I1014 10:52:17.908421  4374 work_thread.hpp:81]  [T-Work-Recog_1] Run work: WorkRecog
I1014 10:52:17.908445  4374 work_recog.hpp:89] Face id: 0 will run recog: bbox [151 x 204 from (190, 146)] quality: 0.465286
I1014 10:52:17.908476  4374 work_recog.hpp:96] Recog pair: [216 x 256 from (160, 104)], [151 x 204 from (30, 42)]
I1014 10:52:17.909361  4375 thread_intergrate.hpp:157] T-Intergrate-intergrate Show face :0, size :640 * 360
I1014 10:52:17.909965  4371 demo_inner.hpp:435] thread [SORT-0]  frame id 13 sorting queue size 0   FPS: 29.2683
I1014 10:52:17.910037  4370 demo_inner.hpp:260]  gui queue size 0, state = running
I1014 10:52:17.926889  4374 work_thread.hpp:81]  [T-Work-Recog_1] Run work: WorkCompare
I1014 10:52:17.927012  4374 work_compare.cpp:76] Compare face: 0 successed, similarity :0.925083, name : images/thanglmb.jpg, normal size : 640 * 360!
I1014 10:52:17.927904  4369 demo_inner.hpp:177] decode queue size 0
I1014 10:52:17.927975  4372 work_thread.hpp:81]  [T-Work-Detect_0] Run work: WorkDetect
I1014 10:52:17.928006  4372 work_detect.cpp:102] Succeeded to add det start for frame 14
I1014 10:52:17.935401  4372 work_detect.cpp:70] Frame :14 detect result :1 face(s)
I1014 10:52:17.935456  4372 work_detect.cpp:86] Detected bbox: [149 x 202 from (192, 147)]
I1014 10:52:17.935499  4372 work_detect.cpp:120] Succeeded to add det end for frame 14
I1014 10:52:17.935515  4372 work_thread.hpp:81]  [T-Work-Detect_0] Run work: WrokTrack
I1014 10:52:17.935562  4372 work_track.cpp:82] Frame: 14 build input_characts: [0.232812 x 0.561111 from (0.3, 0.408333)], 1.00019, 0
I1014 10:52:17.935621  4372 work_track.cpp:102] Succeeded to set track lock for frame 14
I1014 10:52:17.935662  4372 work_track.cpp:116] Succeeded to release track lock for frame 14
I1014 10:52:17.935676  4372 work_track.cpp:120] Track results of frame 14: 1 objects input, 1 objects tracked!
I1014 10:52:17.935701  4372 work_track.cpp:148] Frame: 14, track bbox: [149 x 202 from (191.701, 148.884)], gid: 0, lid: 0
I1014 10:52:17.935739  4372 work_thread.hpp:88]  [T-Work-Detect_0] Frame :14 split
I1014 10:52:17.935776  4372 work_thread.hpp:120]  [T-Work-Detect_0] Valid piece: gid = 0
I1014 10:52:17.935796  4372 work_thread.hpp:92]  [T-Work-Detect_0] Push to split queue:recog
I1014 10:52:17.935858  4374 work_thread.hpp:81]  [T-Work-Recog_1] Run work: WorkCapture
I1014 10:52:17.936276  4375 thread_intergrate.hpp:78] [T-Intergrate-intergrate] queue: frame output frame :14
I1014 10:52:17.936388  4375 thread_intergrate.hpp:85] [T-Intergrate-intergrate] queue: compare output face:0
I1014 10:52:17.936408  4375 thread_intergrate.hpp:137] T-Intergrate-intergrate set matched face: 0
I1014 10:52:17.936525  4374 work_thread.hpp:81]  [T-Work-Recog_1] Run work: WorkRecog
I1014 10:52:17.936556  4374 work_recog.hpp:89] Face id: 0 will run recog: bbox [149 x 202 from (192, 147)] quality: 0.469635
I1014 10:52:17.936586  4374 work_recog.hpp:96] Recog pair: [216 x 256 from (160, 104)], [149 x 202 from (32, 43)]
I1014 10:52:17.937726  4375 thread_intergrate.hpp:157] T-Intergrate-intergrate Show face :0, size :640 * 360
I1014 10:52:17.938263  4371 demo_inner.hpp:435] thread [SORT-0]  frame id 14 sorting queue size 0   FPS: 29.6128
I1014 10:52:17.938362  4370 demo_inner.hpp:260]  gui queue size 0, state = running
I1014 10:52:17.954838  4374 work_thread.hpp:81]  [T-Work-Recog_1] Run work: WorkCompare
I1014 10:52:17.955006  4374 work_compare.cpp:76] Compare face: 0 successed, similarity :0.919015, name : images/thanglmb.jpg, normal size : 640 * 360!
I1014 10:52:17.964033  4369 demo_inner.hpp:177] decode queue size 0
I1014 10:52:17.964184  4372 work_thread.hpp:81]  [T-Work-Detect_0] Run work: WorkDetect
I1014 10:52:17.964220  4372 work_detect.cpp:102] Succeeded to add det start for frame 15
I1014 10:52:17.971801  4372 work_detect.cpp:70] Frame :15 detect result :2 face(s)
I1014 10:52:17.971848  4372 work_detect.cpp:86] Detected bbox: [150 x 200 from (192, 148)]
I1014 10:52:17.971887  4372 work_detect.cpp:86] Detected bbox: [28 x 50 from (499, 184)]
I1014 10:52:17.971918  4372 work_detect.cpp:120] Succeeded to add det end for frame 15
I1014 10:52:17.971935  4372 work_thread.hpp:81]  [T-Work-Detect_0] Run work: WrokTrack
I1014 10:52:17.971983  4372 work_track.cpp:82] Frame: 15 build input_characts: [0.234375 x 0.555556 from (0.3, 0.411111)], 0.999622, 0
I1014 10:52:17.972088  4372 work_track.cpp:82] Frame: 15 build input_characts: [0.04375 x 0.138889 from (0.779688, 0.511111)], 0.901423, 1
I1014 10:52:17.972132  4372 work_track.cpp:102] Succeeded to set track lock for frame 15
I1014 10:52:17.972189  4372 work_track.cpp:116] Succeeded to release track lock for frame 15
I1014 10:52:17.972230  4372 work_track.cpp:120] Track results of frame 15: 2 objects input, 1 objects tracked!
I1014 10:52:17.972251  4372 work_track.cpp:148] Frame: 15, track bbox: [150 x 200 from (191.866, 148.859)], gid: 0, lid: 0
I1014 10:52:17.972286  4372 work_track.cpp:162] Frame: 15 lid: 1 not tracked, will set invalid
I1014 10:52:17.972302  4372 work_thread.hpp:88]  [T-Work-Detect_0] Frame :15 split
I1014 10:52:17.972319  4372 work_thread.hpp:120]  [T-Work-Detect_0] Valid piece: gid = 0
I1014 10:52:17.972337  4372 work_thread.hpp:124]  [T-Work-Detect_0] Invalid piece: lid = 1, drop it
I1014 10:52:17.972358  4372 work_thread.hpp:92]  [T-Work-Detect_0] Push to split queue:recog
I1014 10:52:17.972407  4374 work_thread.hpp:81]  [T-Work-Recog_1] Run work: WorkCapture
I1014 10:52:17.972915  4375 thread_intergrate.hpp:78] [T-Intergrate-intergrate] queue: frame output frame :15
I1014 10:52:17.972942  4375 thread_intergrate.hpp:85] [T-Intergrate-intergrate] queue: compare output face:0
I1014 10:52:17.972961  4375 thread_intergrate.hpp:137] T-Intergrate-intergrate set matched face: 0
I1014 10:52:17.973163  4374 work_thread.hpp:81]  [T-Work-Recog_1] Run work: WorkRecog
I1014 10:52:17.973187  4374 work_recog.hpp:89] Face id: 0 will run recog: bbox [150 x 200 from (192, 148)] quality: 0.467119
I1014 10:52:17.973239  4374 work_recog.hpp:96] Recog pair: [216 x 256 from (160, 104)], [150 x 200 from (32, 44)]
I1014 10:52:17.974139  4375 thread_intergrate.hpp:157] T-Intergrate-intergrate Show face :0, size :640 * 360
I1014 10:52:17.974664  4371 demo_inner.hpp:435] thread [SORT-0]  frame id 15 sorting queue size 0   FPS: 29.4737
I1014 10:52:17.974761  4370 demo_inner.hpp:260]  gui queue size 0, state = running
I1014 10:52:17.991464  4374 work_thread.hpp:81]  [T-Work-Recog_1] Run work: WorkCompare
I1014 10:52:17.991583  4374 work_compare.cpp:76] Compare face: 0 successed, similarity :0.913828, name : images/thanglmb.jpg, normal size : 640 * 360!
I1014 10:52:17.994215  4369 demo_inner.hpp:177] decode queue size 0
I1014 10:52:17.994299  4372 work_thread.hpp:81]  [T-Work-Detect_0] Run work: WorkDetect
I1014 10:52:17.994331  4372 work_detect.cpp:102] Succeeded to add det start for frame 16
I1014 10:52:18.001708  4372 work_detect.cpp:70] Frame :16 detect result :2 face(s)
I1014 10:52:18.001780  4372 work_detect.cpp:86] Detected bbox: [138 x 182 from (197, 166)]
I1014 10:52:18.001839  4372 work_detect.cpp:86] Detected bbox: [26 x 49 from (503, 183)]
I1014 10:52:18.001873  4372 work_detect.cpp:120] Succeeded to add det end for frame 16
I1014 10:52:18.001897  4372 work_thread.hpp:81]  [T-Work-Detect_0] Run work: WrokTrack
I1014 10:52:18.001924  4372 work_track.cpp:82] Frame: 16 build input_characts: [0.215625 x 0.505556 from (0.307813, 0.461111)], 0.997596, 0
I1014 10:52:18.001976  4372 work_track.cpp:82] Frame: 16 build input_characts: [0.040625 x 0.136111 from (0.785937, 0.508333)], 0.923714, 1
I1014 10:52:18.002084  4372 work_track.cpp:102] Succeeded to set track lock for frame 16
I1014 10:52:18.002137  4372 work_track.cpp:116] Succeeded to release track lock for frame 16
I1014 10:52:18.002152  4372 work_track.cpp:120] Track results of frame 16: 2 objects input, 1 objects tracked!
I1014 10:52:18.002171  4372 work_track.cpp:148] Frame: 16, track bbox: [138 x 182 from (197.521, 161.233)], gid: 0, lid: 0
I1014 10:52:18.002205  4372 work_track.cpp:162] Frame: 16 lid: 1 not tracked, will set invalid
I1014 10:52:18.002221  4372 work_thread.hpp:88]  [T-Work-Detect_0] Frame :16 split
I1014 10:52:18.002259  4372 work_thread.hpp:120]  [T-Work-Detect_0] Valid piece: gid = 0
I1014 10:52:18.002279  4372 work_thread.hpp:124]  [T-Work-Detect_0] Invalid piece: lid = 1, drop it
I1014 10:52:18.002295  4372 work_thread.hpp:92]  [T-Work-Detect_0] Push to split queue:recog
I1014 10:52:18.002336  4373 work_thread.hpp:81]  [T-Work-Recog_0] Run work: WorkCapture
I1014 10:52:18.002341  4375 thread_intergrate.hpp:78] [T-Intergrate-intergrate] queue: frame output frame :16
I1014 10:52:18.002382  4375 thread_intergrate.hpp:85] [T-Intergrate-intergrate] queue: compare output face:0
I1014 10:52:18.002400  4375 thread_intergrate.hpp:137] T-Intergrate-intergrate set matched face: 0
I1014 10:52:18.002909  4373 work_thread.hpp:81]  [T-Work-Recog_0] Run work: WorkRecog
I1014 10:52:18.002934  4373 work_recog.hpp:89] Face id: 0 will run recog: bbox [138 x 182 from (197, 166)] quality: 0.435877
I1014 10:52:18.002962  4373 work_recog.hpp:96] Recog pair: [200 x 232 from (168, 128)], [138 x 182 from (29, 38)]
I1014 10:52:18.003751  4375 thread_intergrate.hpp:157] T-Intergrate-intergrate Show face :0, size :640 * 360
I1014 10:52:18.004289  4371 demo_inner.hpp:435] thread [SORT-0]  frame id 16 sorting queue size 0   FPS: 29.703
I1014 10:52:18.004370  4370 demo_inner.hpp:260]  gui queue size 0, state = running
I1014 10:52:18.020668  4373 work_thread.hpp:81]  [T-Work-Recog_0] Run work: WorkCompare
I1014 10:52:18.020782  4373 work_compare.cpp:76] Compare face: 0 successed, similarity :0.84575, name : images/thanglmb.jpg, normal size : 640 * 360!
I1014 10:52:18.029943  4369 demo_inner.hpp:177] decode queue size 0
I1014 10:52:18.030061  4372 work_thread.hpp:81]  [T-Work-Detect_0] Run work: WorkDetect
I1014 10:52:18.030097  4372 work_detect.cpp:102] Succeeded to add det start for frame 17
I1014 10:52:18.037633  4372 work_detect.cpp:70] Frame :17 detect result :1 face(s)
I1014 10:52:18.037703  4372 work_detect.cpp:86] Detected bbox: [141 x 190 from (198, 162)]
I1014 10:52:18.037747  4372 work_detect.cpp:120] Succeeded to add det end for frame 17
I1014 10:52:18.037765  4372 work_thread.hpp:81]  [T-Work-Detect_0] Run work: WrokTrack
I1014 10:52:18.037789  4372 work_track.cpp:82] Frame: 17 build input_characts: [0.220313 x 0.527778 from (0.309375, 0.45)], 1.00019, 0
I1014 10:52:18.037853  4372 work_track.cpp:102] Succeeded to set track lock for frame 17
I1014 10:52:18.037894  4372 work_track.cpp:116] Succeeded to release track lock for frame 17
I1014 10:52:18.038070  4372 work_track.cpp:120] Track results of frame 17: 1 objects input, 1 objects tracked!
I1014 10:52:18.038091  4372 work_track.cpp:148] Frame: 17, track bbox: [141 x 190 from (197.017, 159.24)], gid: 0, lid: 0
I1014 10:52:18.038130  4372 work_thread.hpp:88]  [T-Work-Detect_0] Frame :17 split
I1014 10:52:18.038147  4372 work_thread.hpp:120]  [T-Work-Detect_0] Valid piece: gid = 0
I1014 10:52:18.038187  4372 work_thread.hpp:92]  [T-Work-Detect_0] Push to split queue:recog
I1014 10:52:18.038233  4373 work_thread.hpp:81]  [T-Work-Recog_0] Run work: WorkCapture
I1014 10:52:18.038235  4375 thread_intergrate.hpp:78] [T-Intergrate-intergrate] queue: frame output frame :17
I1014 10:52:18.038273  4375 thread_intergrate.hpp:85] [T-Intergrate-intergrate] queue: compare output face:0
I1014 10:52:18.038292  4375 thread_intergrate.hpp:137] T-Intergrate-intergrate set matched face: 0
I1014 10:52:18.038823  4373 work_thread.hpp:81]  [T-Work-Recog_0] Run work: WorkRecog
I1014 10:52:18.038848  4373 work_recog.hpp:89] Face id: 0 will run recog: bbox [141 x 190 from (198, 162)] quality: 0.419495
I1014 10:52:18.038877  4373 work_recog.hpp:96] Recog pair: [200 x 240 from (168, 120)], [141 x 190 from (30, 42)]
I1014 10:52:18.039608  4375 thread_intergrate.hpp:157] T-Intergrate-intergrate Show face :0, size :640 * 360
I1014 10:52:18.040230  4371 demo_inner.hpp:435] thread [SORT-0]  frame id 17 sorting queue size 0   FPS: 29.6296
I1014 10:52:18.040302  4370 demo_inner.hpp:260]  gui queue size 0, state = running
I1014 10:52:18.056506  4373 work_thread.hpp:81]  [T-Work-Recog_0] Run work: WorkCompare
I1014 10:52:18.056617  4373 work_compare.cpp:76] Compare face: 0 successed, similarity :0.896351, name : images/thanglmb.jpg, normal size : 640 * 360!
I1014 10:52:18.065825  4369 demo_inner.hpp:177] decode queue size 0
I1014 10:52:18.065958  4372 work_thread.hpp:81]  [T-Work-Detect_0] Run work: WorkDetect
I1014 10:52:18.065994  4372 work_detect.cpp:102] Succeeded to add det start for frame 18
I1014 10:52:18.072677  4372 work_detect.cpp:70] Frame :18 detect result :1 face(s)
I1014 10:52:18.072722  4372 work_detect.cpp:86] Detected bbox: [145 x 192 from (197, 153)]
I1014 10:52:18.072764  4372 work_detect.cpp:120] Succeeded to add det end for frame 18
I1014 10:52:18.072780  4372 work_thread.hpp:81]  [T-Work-Detect_0] Run work: WrokTrack
I1014 10:52:18.072804  4372 work_track.cpp:82] Frame: 18 build input_characts: [0.226562 x 0.533333 from (0.307813, 0.425)], 1.00035, 0
I1014 10:52:18.072860  4372 work_track.cpp:102] Succeeded to set track lock for frame 18
I1014 10:52:18.072907  4372 work_track.cpp:116] Succeeded to release track lock for frame 18
I1014 10:52:18.072922  4372 work_track.cpp:120] Track results of frame 18: 1 objects input, 1 objects tracked!
I1014 10:52:18.072940  4372 work_track.cpp:148] Frame: 18, track bbox: [145 x 192 from (196.46, 158.096)], gid: 0, lid: 0
I1014 10:52:18.072978  4372 work_thread.hpp:88]  [T-Work-Detect_0] Frame :18 split
I1014 10:52:18.072995  4372 work_thread.hpp:120]  [T-Work-Detect_0] Valid piece: gid = 0
I1014 10:52:18.073014  4372 work_thread.hpp:92]  [T-Work-Detect_0] Push to split queue:recog
I1014 10:52:18.073060  4373 work_thread.hpp:81]  [T-Work-Recog_0] Run work: WorkCapture
I1014 10:52:18.073356  4375 thread_intergrate.hpp:78] [T-Intergrate-intergrate] queue: frame output frame :18
I1014 10:52:18.073385  4375 thread_intergrate.hpp:85] [T-Intergrate-intergrate] queue: compare output face:0
I1014 10:52:18.073403  4375 thread_intergrate.hpp:137] T-Intergrate-intergrate set matched face: 0
I1014 10:52:18.073602  4373 work_thread.hpp:81]  [T-Work-Recog_0] Run work: WorkRecog
I1014 10:52:18.073624  4373 work_recog.hpp:89] Face id: 0 will run recog: bbox [145 x 192 from (197, 153)] quality: 0.460116
I1014 10:52:18.073652  4373 work_recog.hpp:96] Recog pair: [208 x 248 from (168, 112)], [145 x 192 from (29, 41)]
I1014 10:52:18.074574  4375 thread_intergrate.hpp:157] T-Intergrate-intergrate Show face :0, size :640 * 360
I1014 10:52:18.075323  4371 demo_inner.hpp:435] thread [SORT-0]  frame id 18 sorting queue size 0   FPS: 29.5652
I1014 10:52:18.075506  4370 demo_inner.hpp:260]  gui queue size 0, state = running
I1014 10:52:18.091140  4373 work_thread.hpp:81]  [T-Work-Recog_0] Run work: WorkCompare
I1014 10:52:18.091250  4373 work_compare.cpp:76] Compare face: 0 successed, similarity :0.916, name : images/thanglmb.jpg, normal size : 640 * 360!
I1014 10:52:18.096498  4369 demo_inner.hpp:177] decode queue size 0
I1014 10:52:18.096591  4372 work_thread.hpp:81]  [T-Work-Detect_0] Run work: WorkDetect
