I1014 10:48:34.252246  4284 work_detect.cpp:70] Frame :202 detect result :1 face(s)
I1014 10:48:34.252296  4284 work_detect.cpp:86] Detected bbox: [140 x 190 from (253, 112)]
I1014 10:48:34.252339  4284 work_detect.cpp:120] Succeeded to add det end for frame 202
I1014 10:48:34.252357  4284 work_thread.hpp:81]  [T-Work-Detect_0] Run work: WrokTrack
I1014 10:48:34.252382  4284 work_track.cpp:82] Frame: 202 build input_characts: [0.21875 x 0.527778 from (0.395312, 0.311111)], 0.999622, 0
I1014 10:48:34.252437  4284 work_track.cpp:102] Succeeded to set track lock for frame 202
I1014 10:48:34.252478  4284 work_track.cpp:116] Succeeded to release track lock for frame 202
I1014 10:48:34.252492  4284 work_track.cpp:120] Track results of frame 202: 1 objects input, 1 objects tracked!
I1014 10:48:34.252511  4284 work_track.cpp:148] Frame: 202, track bbox: [140 x 190 from (253.234, 112.986)], gid: 0, lid: 0
I1014 10:48:34.252547  4284 work_thread.hpp:88]  [T-Work-Detect_0] Frame :202 split
I1014 10:48:34.252564  4284 work_thread.hpp:120]  [T-Work-Detect_0] Valid piece: gid = 0
I1014 10:48:34.252581  4284 work_thread.hpp:92]  [T-Work-Detect_0] Push to split queue:recog
I1014 10:48:34.252635  4287 thread_intergrate.hpp:78] [T-Intergrate-intergrate] queue: frame output frame :202
I1014 10:48:34.252635  4285 work_thread.hpp:81]  [T-Work-Recog_0] Run work: WorkCapture
I1014 10:48:34.252665  4287 thread_intergrate.hpp:85] [T-Intergrate-intergrate] queue: compare output face:0
I1014 10:48:34.252759  4287 thread_intergrate.hpp:136] T-Intergrate-intergrate set matched face: 0
I1014 10:48:34.253257  4285 work_thread.hpp:81]  [T-Work-Recog_0] Run work: WorkRecog
I1014 10:48:34.253283  4285 work_recog.hpp:89] Face id: 0 will run recog: bbox [140 x 190 from (253, 112)] quality: 0.471876
I1014 10:48:34.253336  4285 work_recog.hpp:96] Recog pair: [200 x 272 from (224, 72)], [140 x 190 from (29, 40)]
I1014 10:48:34.253931  4287 thread_intergrate.hpp:156] T-Intergrate-intergrate Show face :0, size :640 * 360
I1014 10:48:34.254456  4283 demo_inner.hpp:435] thread [SORT-0]  frame id 202 sorting queue size 0   FPS: 20.0327
I1014 10:48:34.254524  4282 demo_inner.hpp:260]  gui queue size 0, state = running
I1014 10:48:34.271826  4285 work_thread.hpp:81]  [T-Work-Recog_0] Run work: WorkCompare
I1014 10:48:34.271940  4285 work_compare.cpp:76] Compare face: 0 successed, similarity :0.985937, name : images/thanglmb.jpg, normal size : 640 * 360!
I1014 10:48:34.293586  4281 demo_inner.hpp:177] decode queue size 0
I1014 10:48:34.293694  4284 work_thread.hpp:81]  [T-Work-Detect_0] Run work: WorkDetect
I1014 10:48:34.293730  4284 work_detect.cpp:102] Succeeded to add det start for frame 203
I1014 10:48:34.300506  4284 work_detect.cpp:70] Frame :203 detect result :1 face(s)
I1014 10:48:34.300555  4284 work_detect.cpp:86] Detected bbox: [141 x 193 from (253, 112)]
I1014 10:48:34.300598  4284 work_detect.cpp:120] Succeeded to add det end for frame 203
I1014 10:48:34.300614  4284 work_thread.hpp:81]  [T-Work-Detect_0] Run work: WrokTrack
I1014 10:48:34.300639  4284 work_track.cpp:82] Frame: 203 build input_characts: [0.220313 x 0.536111 from (0.395312, 0.311111)], 1.00019, 0
I1014 10:48:34.300696  4284 work_track.cpp:102] Succeeded to set track lock for frame 203
I1014 10:48:34.300736  4284 work_track.cpp:116] Succeeded to release track lock for frame 203
I1014 10:48:34.300750  4284 work_track.cpp:120] Track results of frame 203: 1 objects input, 1 objects tracked!
I1014 10:48:34.300768  4284 work_track.cpp:148] Frame: 203, track bbox: [141 x 193 from (252.922, 111.598)], gid: 0, lid: 0
I1014 10:48:34.300804  4284 work_thread.hpp:88]  [T-Work-Detect_0] Frame :203 split
I1014 10:48:34.300822  4284 work_thread.hpp:120]  [T-Work-Detect_0] Valid piece: gid = 0
I1014 10:48:34.300840  4284 work_thread.hpp:92]  [T-Work-Detect_0] Push to split queue:recog
I1014 10:48:34.300892  4285 work_thread.hpp:81]  [T-Work-Recog_0] Run work: WorkCapture
I1014 10:48:34.300896  4287 thread_intergrate.hpp:78] [T-Intergrate-intergrate] queue: frame output frame :203
I1014 10:48:34.300925  4287 thread_intergrate.hpp:85] [T-Intergrate-intergrate] queue: compare output face:0
I1014 10:48:34.300945  4287 thread_intergrate.hpp:136] T-Intergrate-intergrate set matched face: 0
I1014 10:48:34.301658  4285 work_thread.hpp:81]  [T-Work-Recog_0] Run work: WorkRecog
I1014 10:48:34.301692  4285 work_recog.hpp:89] Face id: 0 will run recog: bbox [141 x 193 from (253, 112)] quality: 0.471876
I1014 10:48:34.301723  4285 work_recog.hpp:96] Recog pair: [200 x 272 from (224, 72)], [141 x 193 from (29, 40)]
I1014 10:48:34.302114  4287 thread_intergrate.hpp:156] T-Intergrate-intergrate Show face :0, size :640 * 360
I1014 10:48:34.302635  4283 demo_inner.hpp:435] thread [SORT-0]  frame id 203 sorting queue size 0   FPS: 20.0327
I1014 10:48:34.302707  4282 demo_inner.hpp:260]  gui queue size 0, state = running
I1014 10:48:34.319898  4285 work_thread.hpp:81]  [T-Work-Recog_0] Run work: WorkCompare
I1014 10:48:34.320004  4285 work_compare.cpp:76] Compare face: 0 successed, similarity :0.981064, name : images/thanglmb.jpg, normal size : 640 * 360!
I1014 10:48:34.347473  4281 demo_inner.hpp:177] decode queue size 0
I1014 10:48:34.347573  4284 work_thread.hpp:81]  [T-Work-Detect_0] Run work: WorkDetect
I1014 10:48:34.347605  4284 work_detect.cpp:102] Succeeded to add det start for frame 204
I1014 10:48:34.354218  4284 work_detect.cpp:70] Frame :204 detect result :1 face(s)
I1014 10:48:34.354262  4284 work_detect.cpp:86] Detected bbox: [142 x 193 from (251, 110)]
I1014 10:48:34.354413  4284 work_detect.cpp:120] Succeeded to add det end for frame 204
I1014 10:48:34.354432  4284 work_thread.hpp:81]  [T-Work-Detect_0] Run work: WrokTrack
I1014 10:48:34.354459  4284 work_track.cpp:82] Frame: 204 build input_characts: [0.221875 x 0.536111 from (0.392188, 0.305556)], 1.00019, 0
I1014 10:48:34.354516  4284 work_track.cpp:102] Succeeded to set track lock for frame 204
I1014 10:48:34.354557  4284 work_track.cpp:116] Succeeded to release track lock for frame 204
I1014 10:48:34.354571  4284 work_track.cpp:120] Track results of frame 204: 1 objects input, 1 objects tracked!
I1014 10:48:34.354588  4284 work_track.cpp:148] Frame: 204, track bbox: [142 x 193 from (251.713, 110.736)], gid: 0, lid: 0
I1014 10:48:34.354625  4284 work_thread.hpp:88]  [T-Work-Detect_0] Frame :204 split
I1014 10:48:34.354642  4284 work_thread.hpp:120]  [T-Work-Detect_0] Valid piece: gid = 0
I1014 10:48:34.354660  4284 work_thread.hpp:92]  [T-Work-Detect_0] Push to split queue:recog
I1014 10:48:34.354708  4287 thread_intergrate.hpp:78] [T-Intergrate-intergrate] queue: frame output frame :204
I1014 10:48:34.354725  4286 work_thread.hpp:81]  [T-Work-Recog_1] Run work: WorkCapture
I1014 10:48:34.354737  4287 thread_intergrate.hpp:85] [T-Intergrate-intergrate] queue: compare output face:0
I1014 10:48:34.354755  4287 thread_intergrate.hpp:136] T-Intergrate-intergrate set matched face: 0
I1014 10:48:34.355340  4286 work_thread.hpp:81]  [T-Work-Recog_1] Run work: WorkRecog
I1014 10:48:34.355365  4286 work_recog.hpp:89] Face id: 0 will run recog: bbox [142 x 193 from (251, 110)] quality: 0.469883
I1014 10:48:34.355394  4286 work_recog.hpp:96] Recog pair: [208 x 272 from (216, 72)], [142 x 193 from (35, 38)]
I1014 10:48:34.355924  4287 thread_intergrate.hpp:156] T-Intergrate-intergrate Show face :0, size :640 * 360
I1014 10:48:34.356570  4283 demo_inner.hpp:435] thread [SORT-0]  frame id 204 sorting queue size 0   FPS: 19.9837
I1014 10:48:34.373520  4286 work_thread.hpp:81]  [T-Work-Recog_1] Run work: WorkCompare
I1014 10:48:34.373703  4286 work_compare.cpp:76] Compare face: 0 successed, similarity :0.97277, name : images/thanglmb.jpg, normal size : 640 * 360!
I1014 10:48:34.395488  4281 demo_inner.hpp:177] decode queue size 0
I1014 10:48:34.395581  4284 work_thread.hpp:81]  [T-Work-Detect_0] Run work: WorkDetect
I1014 10:48:34.395613  4284 work_detect.cpp:102] Succeeded to add det start for frame 205
I1014 10:48:34.402216  4284 work_detect.cpp:70] Frame :205 detect result :1 face(s)
I1014 10:48:34.402261  4284 work_detect.cpp:86] Detected bbox: [140 x 196 from (252, 109)]
I1014 10:48:34.402303  4284 work_detect.cpp:120] Succeeded to add det end for frame 205
I1014 10:48:34.402319  4284 work_thread.hpp:81]  [T-Work-Detect_0] Run work: WrokTrack
I1014 10:48:34.402343  4284 work_track.cpp:82] Frame: 205 build input_characts: [0.21875 x 0.544444 from (0.39375, 0.302778)], 1.00019, 0
I1014 10:48:34.402398  4284 work_track.cpp:102] Succeeded to set track lock for frame 205
I1014 10:48:34.402438  4284 work_track.cpp:116] Succeeded to release track lock for frame 205
I1014 10:48:34.402452  4284 work_track.cpp:120] Track results of frame 205: 1 objects input, 1 objects tracked!
I1014 10:48:34.402470  4284 work_track.cpp:148] Frame: 205, track bbox: [140 x 196 from (252.168, 108.771)], gid: 0, lid: 0
I1014 10:48:34.402505  4284 work_thread.hpp:88]  [T-Work-Detect_0] Frame :205 split
I1014 10:48:34.402523  4284 work_thread.hpp:120]  [T-Work-Detect_0] Valid piece: gid = 0
I1014 10:48:34.402541  4284 work_thread.hpp:92]  [T-Work-Detect_0] Push to split queue:recog
I1014 10:48:34.402586  4287 thread_intergrate.hpp:78] [T-Intergrate-intergrate] queue: frame output frame :205
I1014 10:48:34.402607  4286 work_thread.hpp:81]  [T-Work-Recog_1] Run work: WorkCapture
I1014 10:48:34.402613  4287 thread_intergrate.hpp:85] [T-Intergrate-intergrate] queue: compare output face:0
I1014 10:48:34.402632  4287 thread_intergrate.hpp:136] T-Intergrate-intergrate set matched face: 0
I1014 10:48:34.403193  4286 work_thread.hpp:81]  [T-Work-Recog_1] Run work: WorkRecog
I1014 10:48:34.403295  4286 work_recog.hpp:89] Face id: 0 will run recog: bbox [140 x 196 from (252, 109)] quality: 0.473097
I1014 10:48:34.403348  4286 work_recog.hpp:96] Recog pair: [200 x 280 from (224, 64)], [140 x 196 from (28, 45)]
I1014 10:48:34.403805  4287 thread_intergrate.hpp:156] T-Intergrate-intergrate Show face :0, size :640 * 360
I1014 10:48:34.404399  4283 demo_inner.hpp:435] thread [SORT-0]  frame id 205 sorting queue size 1   FPS: 20.0409
I1014 10:48:34.421242  4286 work_thread.hpp:81]  [T-Work-Recog_1] Run work: WorkCompare
I1014 10:48:34.421361  4286 work_compare.cpp:76] Compare face: 0 successed, similarity :0.990033, name : images/thanglmb.jpg, normal size : 640 * 360!
I1014 10:48:34.443917  4281 demo_inner.hpp:177] decode queue size 0
I1014 10:48:34.444023  4284 work_thread.hpp:81]  [T-Work-Detect_0] Run work: WorkDetect
I1014 10:48:34.444056  4284 work_detect.cpp:102] Succeeded to add det start for frame 206
I1014 10:48:34.450629  4284 work_detect.cpp:70] Frame :206 detect result :1 face(s)
I1014 10:48:34.450672  4284 work_detect.cpp:86] Detected bbox: [142 x 192 from (252, 112)]
I1014 10:48:34.450714  4284 work_detect.cpp:120] Succeeded to add det end for frame 206
I1014 10:48:34.450731  4284 work_thread.hpp:81]  [T-Work-Detect_0] Run work: WrokTrack
I1014 10:48:34.450754  4284 work_track.cpp:82] Frame: 206 build input_characts: [0.221875 x 0.533333 from (0.39375, 0.311111)], 0.999622, 0
I1014 10:48:34.450809  4284 work_track.cpp:102] Succeeded to set track lock for frame 206
I1014 10:48:34.450847  4284 work_track.cpp:116] Succeeded to release track lock for frame 206
I1014 10:48:34.450862  4284 work_track.cpp:120] Track results of frame 206: 1 objects input, 1 objects tracked!
I1014 10:48:34.450881  4284 work_track.cpp:148] Frame: 206, track bbox: [142 x 192 from (251.539, 111.377)], gid: 0, lid: 0
I1014 10:48:34.450917  4284 work_thread.hpp:88]  [T-Work-Detect_0] Frame :206 split
I1014 10:48:34.450934  4284 work_thread.hpp:120]  [T-Work-Detect_0] Valid piece: gid = 0
I1014 10:48:34.450953  4284 work_thread.hpp:92]  [T-Work-Detect_0] Push to split queue:recog
I1014 10:48:34.451006  4287 thread_intergrate.hpp:78] [T-Intergrate-intergrate] queue: frame output frame :206
I1014 10:48:34.451009  4285 work_thread.hpp:81]  [T-Work-Recog_0] Run work: WorkCapture
I1014 10:48:34.451037  4287 thread_intergrate.hpp:85] [T-Intergrate-intergrate] queue: compare output face:0
I1014 10:48:34.451056  4287 thread_intergrate.hpp:136] T-Intergrate-intergrate set matched face: 0
I1014 10:48:34.451706  4285 work_thread.hpp:81]  [T-Work-Recog_0] Run work: WorkRecog
I1014 10:48:34.451731  4285 work_recog.hpp:89] Face id: 0 will run recog: bbox [142 x 192 from (252, 112)] quality: 0.468736
I1014 10:48:34.451761  4285 work_recog.hpp:96] Recog pair: [200 x 272 from (224, 72)], [142 x 192 from (28, 40)]
I1014 10:48:34.452247  4287 thread_intergrate.hpp:156] T-Intergrate-intergrate Show face :0, size :640 * 360
I1014 10:48:34.452755  4283 demo_inner.hpp:435] thread [SORT-0]  frame id 206 sorting queue size 2   FPS: 20.0327
I1014 10:48:34.469671  4285 work_thread.hpp:81]  [T-Work-Recog_0] Run work: WorkCompare
I1014 10:48:34.469797  4285 work_compare.cpp:76] Compare face: 0 successed, similarity :0.983975, name : images/thanglmb.jpg, normal size : 640 * 360!
I1014 10:48:34.497880  4281 demo_inner.hpp:177] decode queue size 0
I1014 10:48:34.497995  4284 work_thread.hpp:81]  [T-Work-Detect_0] Run work: WorkDetect
I1014 10:48:34.498028  4284 work_detect.cpp:102] Succeeded to add det start for frame 207
I1014 10:48:34.504676  4284 work_detect.cpp:70] Frame :207 detect result :1 face(s)
I1014 10:48:34.504721  4284 work_detect.cpp:86] Detected bbox: [143 x 194 from (252, 112)]
I1014 10:48:34.504763  4284 work_detect.cpp:120] Succeeded to add det end for frame 207
I1014 10:48:34.504779  4284 work_thread.hpp:81]  [T-Work-Detect_0] Run work: WrokTrack
I1014 10:48:34.504804  4284 work_track.cpp:82] Frame: 207 build input_characts: [0.223438 x 0.538889 from (0.39375, 0.311111)], 1.00019, 0
I1014 10:48:34.504935  4284 work_track.cpp:102] Succeeded to set track lock for frame 207
I1014 10:48:34.504976  4284 work_track.cpp:116] Succeeded to release track lock for frame 207
I1014 10:48:34.504992  4284 work_track.cpp:120] Track results of frame 207: 1 objects input, 1 objects tracked!
I1014 10:48:34.505009  4284 work_track.cpp:148] Frame: 207, track bbox: [143 x 194 from (251.431, 111.313)], gid: 0, lid: 0
I1014 10:48:34.505045  4284 work_thread.hpp:88]  [T-Work-Detect_0] Frame :207 split
I1014 10:48:34.505064  4284 work_thread.hpp:120]  [T-Work-Detect_0] Valid piece: gid = 0
I1014 10:48:34.505081  4284 work_thread.hpp:92]  [T-Work-Detect_0] Push to split queue:recog
I1014 10:48:34.505125  4285 work_thread.hpp:81]  [T-Work-Recog_0] Run work: WorkCapture
I1014 10:48:34.505126  4287 thread_intergrate.hpp:78] [T-Intergrate-intergrate] queue: frame output frame :207
I1014 10:48:34.505167  4287 thread_intergrate.hpp:85] [T-Intergrate-intergrate] queue: compare output face:0
I1014 10:48:34.505185  4287 thread_intergrate.hpp:136] T-Intergrate-intergrate set matched face: 0
I1014 10:48:34.505744  4285 work_thread.hpp:81]  [T-Work-Recog_0] Run work: WorkRecog
I1014 10:48:34.505770  4285 work_recog.hpp:89] Face id: 0 will run recog: bbox [143 x 194 from (252, 112)] quality: 0.469898
I1014 10:48:34.505816  4285 work_recog.hpp:96] Recog pair: [200 x 272 from (224, 72)], [143 x 194 from (28, 40)]
I1014 10:48:34.506363  4287 thread_intergrate.hpp:156] T-Intergrate-intergrate Show face :0, size :640 * 360
I1014 10:48:34.506983  4283 demo_inner.hpp:435] thread [SORT-0]  frame id 207 sorting queue size 3   FPS: 19.9837
I1014 10:48:34.523751  4285 work_thread.hpp:81]  [T-Work-Recog_0] Run work: WorkCompare
I1014 10:48:34.523857  4285 work_compare.cpp:76] Compare face: 0 successed, similarity :0.977878, name : images/thanglmb.jpg, normal size : 640 * 360!
I1014 10:48:34.546059  4281 demo_inner.hpp:177] decode queue size 0
I1014 10:48:34.546180  4284 work_thread.hpp:81]  [T-Work-Detect_0] Run work: WorkDetect
I1014 10:48:34.546214  4284 work_detect.cpp:102] Succeeded to add det start for frame 208
I1014 10:48:34.552789  4284 work_detect.cpp:70] Frame :208 detect result :1 face(s)
I1014 10:48:34.552839  4284 work_detect.cpp:86] Detected bbox: [140 x 192 from (254, 112)]
I1014 10:48:34.552881  4284 work_detect.cpp:120] Succeeded to add det end for frame 208
I1014 10:48:34.552898  4284 work_thread.hpp:81]  [T-Work-Detect_0] Run work: WrokTrack
I1014 10:48:34.552922  4284 work_track.cpp:82] Frame: 208 build input_characts: [0.21875 x 0.533333 from (0.396875, 0.311111)], 1.00019, 0
I1014 10:48:34.552981  4284 work_track.cpp:102] Succeeded to set track lock for frame 208
I1014 10:48:34.553023  4284 work_track.cpp:116] Succeeded to release track lock for frame 208
I1014 10:48:34.553038  4284 work_track.cpp:120] Track results of frame 208: 1 objects input, 1 objects tracked!
I1014 10:48:34.553056  4284 work_track.cpp:148] Frame: 208, track bbox: [140 x 192 from (253.584, 112.265)], gid: 0, lid: 0
I1014 10:48:34.553094  4284 work_thread.hpp:88]  [T-Work-Detect_0] Frame :208 split
I1014 10:48:34.553112  4284 work_thread.hpp:120]  [T-Work-Detect_0] Valid piece: gid = 0
I1014 10:48:34.553131  4284 work_thread.hpp:92]  [T-Work-Detect_0] Push to split queue:recog
I1014 10:48:34.553180  4287 thread_intergrate.hpp:78] [T-Intergrate-intergrate] queue: frame output frame :208
I1014 10:48:34.553184  4285 work_thread.hpp:81]  [T-Work-Recog_0] Run work: WorkCapture
I1014 10:48:34.553210  4287 thread_intergrate.hpp:85] [T-Intergrate-intergrate] queue: compare output face:0
I1014 10:48:34.553228  4287 thread_intergrate.hpp:136] T-Intergrate-intergrate set matched face: 0
I1014 10:48:34.553807  4285 work_thread.hpp:81]  [T-Work-Recog_0] Run work: WorkRecog
I1014 10:48:34.553833  4285 work_recog.hpp:89] Face id: 0 will run recog: bbox [140 x 192 from (254, 112)] quality: 0.473079
I1014 10:48:34.553861  4285 work_recog.hpp:96] Recog pair: [200 x 272 from (224, 72)], [140 x 192 from (30, 40)]
I1014 10:48:34.554396  4287 thread_intergrate.hpp:156] T-Intergrate-intergrate Show face :0, size :640 * 360
I1014 10:48:34.554993  4283 demo_inner.hpp:435] thread [SORT-0]  frame id 208 sorting queue size 4   FPS: 20.0327
I1014 10:48:34.571786  4285 work_thread.hpp:81]  [T-Work-Recog_0] Run work: WorkCompare
I1014 10:48:34.571890  4285 work_compare.cpp:76] Compare face: 0 successed, similarity :0.973841, name : images/thanglmb.jpg, normal size : 640 * 360!
I1014 10:48:34.594005  4281 demo_inner.hpp:177] decode queue size 0
I1014 10:48:34.594117  4284 work_thread.hpp:81]  [T-Work-Detect_0] Run work: WorkDetect
I1014 10:48:34.594151  4284 work_detect.cpp:102] Succeeded to add det start for frame 209
I1014 10:48:34.600714  4284 work_detect.cpp:70] Frame :209 detect result :1 face(s)
I1014 10:48:34.600757  4284 work_detect.cpp:86] Detected bbox: [142 x 192 from (253, 112)]
I1014 10:48:34.600800  4284 work_detect.cpp:120] Succeeded to add det end for frame 209
I1014 10:48:34.600816  4284 work_thread.hpp:81]  [T-Work-Detect_0] Run work: WrokTrack
I1014 10:48:34.600841  4284 work_track.cpp:82] Frame: 209 build input_characts: [0.221875 x 0.533333 from (0.395312, 0.311111)], 1.00019, 0
I1014 10:48:34.600895  4284 work_track.cpp:102] Succeeded to set track lock for frame 209
I1014 10:48:34.600934  4284 work_track.cpp:116] Succeeded to release track lock for frame 209
I1014 10:48:34.600950  4284 work_track.cpp:120] Track results of frame 209: 1 objects input, 1 objects tracked!
I1014 10:48:34.600967  4284 work_track.cpp:148] Frame: 209, track bbox: [142 x 192 from (253.302, 112.57)], gid: 0, lid: 0
I1014 10:48:34.601003  4284 work_thread.hpp:88]  [T-Work-Detect_0] Frame :209 split
I1014 10:48:34.601022  4284 work_thread.hpp:120]  [T-Work-Detect_0] Valid piece: gid = 0
I1014 10:48:34.601039  4284 work_thread.hpp:92]  [T-Work-Detect_0] Push to split queue:recog
I1014 10:48:34.601090  4287 thread_intergrate.hpp:78] [T-Intergrate-intergrate] queue: frame output frame :209
I1014 10:48:34.601091  4285 work_thread.hpp:81]  [T-Work-Recog_0] Run work: WorkCapture
I1014 10:48:34.601119  4287 thread_intergrate.hpp:85] [T-Intergrate-intergrate] queue: compare output face:0
I1014 10:48:34.601138  4287 thread_intergrate.hpp:136] T-Intergrate-intergrate set matched face: 0
I1014 10:48:34.601720  4285 work_thread.hpp:81]  [T-Work-Recog_0] Run work: WorkRecog
I1014 10:48:34.601747  4285 work_recog.hpp:89] Face id: 0 will run recog: bbox [142 x 192 from (253, 112)] quality: 0.47445
I1014 10:48:34.601863  4285 work_recog.hpp:96] Recog pair: [200 x 272 from (224, 72)], [142 x 192 from (29, 40)]
I1014 10:48:34.602311  4287 thread_intergrate.hpp:156] T-Intergrate-intergrate Show face :0, size :640 * 360
I1014 10:48:34.602823  4283 demo_inner.hpp:435] thread [SORT-0]  frame id 209 sorting queue size 5   FPS: 20.0327
I1014 10:48:34.619748  4285 work_thread.hpp:81]  [T-Work-Recog_0] Run work: WorkCompare
I1014 10:48:34.619848  4285 work_compare.cpp:76] Compare face: 0 successed, similarity :0.984379, name : images/thanglmb.jpg, normal size : 640 * 360!
I1014 10:48:34.647948  4281 demo_inner.hpp:177] decode queue size 0
I1014 10:48:34.648058  4284 work_thread.hpp:81]  [T-Work-Detect_0] Run work: WorkDetect
I1014 10:48:34.648092  4284 work_detect.cpp:102] Succeeded to add det start for frame 210
I1014 10:48:34.654604  4284 work_detect.cpp:70] Frame :210 detect result :1 face(s)
I1014 10:48:34.654644  4284 work_detect.cpp:86] Detected bbox: [144 x 193 from (252, 112)]
I1014 10:48:34.654686  4284 work_detect.cpp:120] Succeeded to add det end for frame 210
I1014 10:48:34.654702  4284 work_thread.hpp:81]  [T-Work-Detect_0] Run work: WrokTrack
I1014 10:48:34.654726  4284 work_track.cpp:82] Frame: 210 build input_characts: [0.225 x 0.536111 from (0.39375, 0.311111)], 1.00019, 0
I1014 10:48:34.654778  4284 work_track.cpp:102] Succeeded to set track lock for frame 210
I1014 10:48:34.654819  4284 work_track.cpp:116] Succeeded to release track lock for frame 210
I1014 10:48:34.654834  4284 work_track.cpp:120] Track results of frame 210: 1 objects input, 1 objects tracked!
I1014 10:48:34.654852  4284 work_track.cpp:148] Frame: 210, track bbox: [144 x 193 from (252.391, 112.034)], gid: 0, lid: 0
I1014 10:48:34.654964  4284 work_thread.hpp:88]  [T-Work-Detect_0] Frame :210 split
I1014 10:48:34.654985  4284 work_thread.hpp:120]  [T-Work-Detect_0] Valid piece: gid = 0
I1014 10:48:34.655004  4284 work_thread.hpp:92]  [T-Work-Detect_0] Push to split queue:recog
I1014 10:48:34.655048  4285 work_thread.hpp:81]  [T-Work-Recog_0] Run work: WorkCapture
I1014 10:48:34.655050  4287 thread_intergrate.hpp:78] [T-Intergrate-intergrate] queue: frame output frame :210
I1014 10:48:34.655097  4287 thread_intergrate.hpp:85] [T-Intergrate-intergrate] queue: compare output face:0
I1014 10:48:34.655117  4287 thread_intergrate.hpp:136] T-Intergrate-intergrate set matched face: 0
I1014 10:48:34.655710  4285 work_thread.hpp:81]  [T-Work-Recog_0] Run work: WorkRecog
I1014 10:48:34.655736  4285 work_recog.hpp:89] Face id: 0 will run recog: bbox [144 x 193 from (252, 112)] quality: 0.474621
I1014 10:48:34.655768  4285 work_recog.hpp:96] Recog pair: [200 x 272 from (224, 72)], [144 x 193 from (28, 40)]
I1014 10:48:34.656317  4287 thread_intergrate.hpp:156] T-Intergrate-intergrate Show face :0, size :640 * 360
I1014 10:48:34.656920  4283 demo_inner.hpp:435] thread [SORT-0]  frame id 210 sorting queue size 6   FPS: 19.9837
I1014 10:48:34.673732  4285 work_thread.hpp:81]  [T-Work-Recog_0] Run work: WorkCompare
I1014 10:48:34.673836  4285 work_compare.cpp:76] Compare face: 0 successed, similarity :0.97238, name : images/thanglmb.jpg, normal size : 640 * 360!
I1014 10:48:34.697207  4281 demo_inner.hpp:177] decode queue size 0
I1014 10:48:34.697326  4284 work_thread.hpp:81]  [T-Work-Detect_0] Run work: WorkDetect
I1014 10:48:34.697360  4284 work_detect.cpp:102] Succeeded to add det start for frame 211
I1014 10:48:34.703876  4284 work_detect.cpp:70] Frame :211 detect result :1 face(s)
I1014 10:48:34.703908  4284 work_detect.cpp:86] Detected bbox: [140 x 191 from (254, 112)]
I1014 10:48:34.703949  4284 work_detect.cpp:120] Succeeded to add det end for frame 211
I1014 10:48:34.703965  4284 work_thread.hpp:81]  [T-Work-Detect_0] Run work: WrokTrack
I1014 10:48:34.703989  4284 work_track.cpp:82] Frame: 211 build input_characts: [0.21875 x 0.530556 from (0.396875, 0.311111)], 1.00019, 0
I1014 10:48:34.704043  4284 work_track.cpp:102] Succeeded to set track lock for frame 211
I1014 10:48:34.704082  4284 work_track.cpp:116] Succeeded to release track lock for frame 211
I1014 10:48:34.704097  4284 work_track.cpp:120] Track results of frame 211: 1 objects input, 1 objects tracked!
I1014 10:48:34.704114  4284 work_track.cpp:148] Frame: 211, track bbox: [140 x 191 from (254.213, 112.404)], gid: 0, lid: 0
I1014 10:48:34.704150  4284 work_thread.hpp:88]  [T-Work-Detect_0] Frame :211 split
I1014 10:48:34.704188  4284 work_thread.hpp:120]  [T-Work-Detect_0] Valid piece: gid = 0
I1014 10:48:34.704207  4284 work_thread.hpp:92]  [T-Work-Detect_0] Push to split queue:recog
I1014 10:48:34.704285  4286 work_thread.hpp:81]  [T-Work-Recog_1] Run work: WorkCapture
I1014 10:48:34.704308  4287 thread_intergrate.hpp:78] [T-Intergrate-intergrate] queue: frame output frame :211
I1014 10:48:34.704334  4287 thread_intergrate.hpp:85] [T-Intergrate-intergrate] queue: compare output face:0
I1014 10:48:34.704351  4287 thread_intergrate.hpp:136] T-Intergrate-intergrate set matched face: 0
I1014 10:48:34.704852  4286 work_thread.hpp:81]  [T-Work-Recog_1] Run work: WorkRecog
I1014 10:48:34.704876  4286 work_recog.hpp:89] Face id: 0 will run recog: bbox [140 x 191 from (254, 112)] quality: 0.474621
I1014 10:48:34.704907  4286 work_recog.hpp:96] Recog pair: [200 x 272 from (224, 72)], [140 x 191 from (30, 40)]
I1014 10:48:34.705521  4287 thread_intergrate.hpp:156] T-Intergrate-intergrate Show face :0, size :640 * 360
I1014 10:48:34.706030  4283 demo_inner.hpp:435] thread [SORT-0]  frame id 211 sorting queue size 7   FPS: 20.0245
I1014 10:48:34.722497  4286 work_thread.hpp:81]  [T-Work-Recog_1] Run work: WorkCompare
I1014 10:48:34.722587  4286 work_compare.cpp:76] Compare face: 0 successed, similarity :0.977468, name : images/thanglmb.jpg, normal size : 640 * 360!
I1014 10:48:34.746032  4281 demo_inner.hpp:177] decode queue size 0
I1014 10:48:34.746147  4284 work_thread.hpp:81]  [T-Work-Detect_0] Run work: WorkDetect
I1014 10:48:34.746186  4284 work_detect.cpp:102] Succeeded to add det start for frame 212
I1014 10:48:34.752765  4284 work_detect.cpp:70] Frame :212 detect result :1 face(s)
I1014 10:48:34.752799  4284 work_detect.cpp:86] Detected bbox: [143 x 193 from (253, 112)]
I1014 10:48:34.752840  4284 work_detect.cpp:120] Succeeded to add det end for frame 212
I1014 10:48:34.752856  4284 work_thread.hpp:81]  [T-Work-Detect_0] Run work: WrokTrack
I1014 10:48:34.752880  4284 work_track.cpp:82] Frame: 212 build input_characts: [0.223438 x 0.536111 from (0.395312, 0.311111)], 1.00019, 0
I1014 10:48:34.752936  4284 work_track.cpp:102] Succeeded to set track lock for frame 212
I1014 10:48:34.752976  4284 work_track.cpp:116] Succeeded to release track lock for frame 212
I1014 10:48:34.752990  4284 work_track.cpp:120] Track results of frame 212: 1 objects input, 1 objects tracked!
I1014 10:48:34.753008  4284 work_track.cpp:148] Frame: 212, track bbox: [143 x 193 from (252.848, 111.54)], gid: 0, lid: 0
I1014 10:48:34.753044  4284 work_thread.hpp:88]  [T-Work-Detect_0] Frame :212 split
I1014 10:48:34.753062  4284 work_thread.hpp:120]  [T-Work-Detect_0] Valid piece: gid = 0
I1014 10:48:34.753079  4284 work_thread.hpp:92]  [T-Work-Detect_0] Push to split queue:recog
I1014 10:48:34.753135  4287 thread_intergrate.hpp:78] [T-Intergrate-intergrate] queue: frame output frame :212
I1014 10:48:34.753147  4285 work_thread.hpp:81]  [T-Work-Recog_0] Run work: WorkCapture
I1014 10:48:34.753160  4287 thread_intergrate.hpp:85] [T-Intergrate-intergrate] queue: compare output face:0
I1014 10:48:34.753178  4287 thread_intergrate.hpp:136] T-Intergrate-intergrate set matched face: 0
I1014 10:48:34.753762  4285 work_thread.hpp:81]  [T-Work-Recog_0] Run work: WorkRecog
I1014 10:48:34.753787  4285 work_recog.hpp:89] Face id: 0 will run recog: bbox [143 x 193 from (253, 112)] quality: 0.471403
I1014 10:48:34.753818  4285 work_recog.hpp:96] Recog pair: [200 x 272 from (224, 72)], [143 x 193 from (29, 40)]
I1014 10:48:34.754343  4287 thread_intergrate.hpp:156] T-Intergrate-intergrate Show face :0, size :640 * 360
I1014 10:48:34.754843  4283 demo_inner.hpp:435] thread [SORT-0]  frame id 212 sorting queue size 8   FPS: 20.0163
I1014 10:48:34.771529  4285 work_thread.hpp:81]  [T-Work-Recog_0] Run work: WorkCompare
I1014 10:48:34.771636  4285 work_compare.cpp:76] Compare face: 0 successed, similarity :0.975251, name : images/thanglmb.jpg, normal size : 640 * 360!
I1014 10:48:34.799790  4281 demo_inner.hpp:177] decode queue size 0
I1014 10:48:34.799922  4284 work_thread.hpp:81]  [T-Work-Detect_0] Run work: WorkDetect
I1014 10:48:34.799962  4284 work_detect.cpp:102] Succeeded to add det start for frame 213
I1014 10:48:34.806591  4284 work_detect.cpp:70] Frame :213 detect result :1 face(s)
I1014 10:48:34.806625  4284 work_detect.cpp:86] Detected bbox: [142 x 193 from (253, 112)]
I1014 10:48:34.806666  4284 work_detect.cpp:120] Succeeded to add det end for frame 213
I1014 10:48:34.806682  4284 work_thread.hpp:81]  [T-Work-Detect_0] Run work: WrokTrack
I1014 10:48:34.806705  4284 work_track.cpp:82] Frame: 213 build input_characts: [0.221875 x 0.536111 from (0.395312, 0.311111)], 1.00019, 0
I1014 10:48:34.806758  4284 work_track.cpp:102] Succeeded to set track lock for frame 213
I1014 10:48:34.806799  4284 work_track.cpp:116] Succeeded to release track lock for frame 213
I1014 10:48:34.806814  4284 work_track.cpp:120] Track results of frame 213: 1 objects input, 1 objects tracked!
I1014 10:48:34.806831  4284 work_track.cpp:148] Frame: 213, track bbox: [142 x 193 from (253.216, 111.899)], gid: 0, lid: 0
I1014 10:48:34.806867  4284 work_thread.hpp:88]  [T-Work-Detect_0] Frame :213 split
I1014 10:48:34.806885  4284 work_thread.hpp:120]  [T-Work-Detect_0] Valid piece: gid = 0
I1014 10:48:34.806902  4284 work_thread.hpp:92]  [T-Work-Detect_0] Push to split queue:recog
I1014 10:48:34.807018  4287 thread_intergrate.hpp:78] [T-Intergrate-intergrate] queue: frame output frame :213
I1014 10:48:34.807022  4285 work_thread.hpp:81]  [T-Work-Recog_0] Run work: WorkCapture
I1014 10:48:34.807044  4287 thread_intergrate.hpp:85] [T-Intergrate-intergrate] queue: compare output face:0
I1014 10:48:34.807062  4287 thread_intergrate.hpp:136] T-Intergrate-intergrate set matched face: 0
I1014 10:48:34.807615  4285 work_thread.hpp:81]  [T-Work-Recog_0] Run work: WorkRecog
I1014 10:48:34.807646  4285 work_recog.hpp:89] Face id: 0 will run recog: bbox [142 x 193 from (253, 112)] quality: 0.473868
I1014 10:48:34.807677  4285 work_recog.hpp:96] Recog pair: [200 x 272 from (224, 72)], [142 x 193 from (29, 40)]
I1014 10:48:34.808243  4287 thread_intergrate.hpp:156] T-Intergrate-intergrate Show face :0, size :640 * 360
I1014 10:48:34.808748  4283 demo_inner.hpp:435] thread [SORT-0]  frame id 213 sorting queue size 9   FPS: 19.9674
I1014 10:48:34.825376  4285 work_thread.hpp:81]  [T-Work-Recog_0] Run work: WorkCompare
I1014 10:48:34.825450  4285 work_compare.cpp:76] Compare face: 0 successed, similarity :0.980947, name : images/thanglmb.jpg, normal size : 640 * 360!
I1014 10:48:34.847753  4281 demo_inner.hpp:177] decode queue size 0
I1014 10:48:34.847860  4284 work_thread.hpp:81]  [T-Work-Detect_0] Run work: WorkDetect
I1014 10:48:34.847898  4284 work_detect.cpp:102] Succeeded to add det start for frame 214
I1014 10:48:34.853430  4282 demo_inner.hpp:260]  gui queue size 9, state = running
I1014 10:48:34.854671  4284 work_detect.cpp:70] Frame :214 detect result :1 face(s)
I1014 10:48:34.854715  4284 work_detect.cpp:86] Detected bbox: [141 x 192 from (253, 112)]
I1014 10:48:34.854763  4284 work_detect.cpp:120] Succeeded to add det end for frame 214
I1014 10:48:34.854779  4284 work_thread.hpp:81]  [T-Work-Detect_0] Run work: WrokTrack
I1014 10:48:34.854805  4284 work_track.cpp:82] Frame: 214 build input_characts: [0.220313 x 0.533333 from (0.395312, 0.311111)], 1.00019, 0
I1014 10:48:34.854864  4284 work_track.cpp:102] Succeeded to set track lock for frame 214
I1014 10:48:34.854907  4284 work_track.cpp:116] Succeeded to release track lock for frame 214
I1014 10:48:34.854923  4284 work_track.cpp:120] Track results of frame 214: 1 objects input, 1 objects tracked!
I1014 10:48:34.854941  4284 work_track.cpp:148] Frame: 214, track bbox: [141 x 192 from (253.384, 112.23)], gid: 0, lid: 0
I1014 10:48:34.854979  4284 work_thread.hpp:88]  [T-Work-Detect_0] Frame :214 split
I1014 10:48:34.854996  4284 work_thread.hpp:120]  [T-Work-Detect_0] Valid piece: gid = 0
I1014 10:48:34.855015  4284 work_thread.hpp:92]  [T-Work-Detect_0] Push to split queue:recog
I1014 10:48:34.855080  4287 thread_intergrate.hpp:78] [T-Intergrate-intergrate] queue: frame output frame :214
I1014 10:48:34.855091  4285 work_thread.hpp:81]  [T-Work-Recog_0] Run work: WorkCapture
I1014 10:48:34.855109  4287 thread_intergrate.hpp:85] [T-Intergrate-intergrate] queue: compare output face:0
I1014 10:48:34.855127  4287 thread_intergrate.hpp:136] T-Intergrate-intergrate set matched face: 0
I1014 10:48:34.855746  4285 work_thread.hpp:81]  [T-Work-Recog_0] Run work: WorkRecog
I1014 10:48:34.855772  4285 work_recog.hpp:89] Face id: 0 will run recog: bbox [141 x 192 from (253, 112)] quality: 0.463142
I1014 10:48:34.855803  4285 work_recog.hpp:96] Recog pair: [200 x 272 from (224, 72)], [141 x 192 from (29, 40)]
I1014 10:48:34.856391  4287 thread_intergrate.hpp:156] T-Intergrate-intergrate Show face :0, size :640 * 360
I1014 10:48:34.857023  4283 demo_inner.hpp:435] thread [SORT-0]  frame id 214 sorting queue size 0   FPS: 20.0163
I1014 10:48:34.857712  4282 demo_inner.hpp:260]  gui queue size 0, state = running
I1014 10:48:34.874059  4285 work_thread.hpp:81]  [T-Work-Recog_0] Run work: WorkCompare
I1014 10:48:34.874192  4285 work_compare.cpp:76] Compare face: 0 successed, similarity :0.989075, name : images/thanglmb.jpg, normal size : 640 * 360!
I1014 10:48:34.895330  4281 demo_inner.hpp:177] decode queue size 0
I1014 10:48:34.895453  4284 work_thread.hpp:81]  [T-Work-Detect_0] Run work: WorkDetect
I1014 10:48:34.895570  4284 work_detect.cpp:102] Succeeded to add det start for frame 215
I1014 10:48:34.902160  4284 work_detect.cpp:70] Frame :215 detect result :1 face(s)
I1014 10:48:34.902205  4284 work_detect.cpp:86] Detected bbox: [140 x 190 from (253, 112)]
I1014 10:48:34.902247  4284 work_detect.cpp:120] Succeeded to add det end for frame 215
I1014 10:48:34.902264  4284 work_thread.hpp:81]  [T-Work-Detect_0] Run work: WrokTrack
I1014 10:48:34.902289  4284 work_track.cpp:82] Frame: 215 build input_characts: [0.21875 x 0.527778 from (0.395312, 0.311111)], 1.00019, 0
I1014 10:48:34.902344  4284 work_track.cpp:102] Succeeded to set track lock for frame 215
I1014 10:48:34.902384  4284 work_track.cpp:116] Succeeded to release track lock for frame 215
I1014 10:48:34.902398  4284 work_track.cpp:120] Track results of frame 215: 1 objects input, 1 objects tracked!
I1014 10:48:34.902416  4284 work_track.cpp:148] Frame: 215, track bbox: [140 x 190 from (253.314, 112.56)], gid: 0, lid: 0
I1014 10:48:34.902451  4284 work_thread.hpp:88]  [T-Work-Detect_0] Frame :215 split
I1014 10:48:34.902469  4284 work_thread.hpp:120]  [T-Work-Detect_0] Valid piece: gid = 0
I1014 10:48:34.902487  4284 work_thread.hpp:92]  [T-Work-Detect_0] Push to split queue:recog
I1014 10:48:34.902542  4286 work_thread.hpp:81]  [T-Work-Recog_1] Run work: WorkCapture
I1014 10:48:34.902844  4287 thread_intergrate.hpp:78] [T-Intergrate-intergrate] queue: frame output frame :215
I1014 10:48:34.902873  4287 thread_intergrate.hpp:85] [T-Intergrate-intergrate] queue: compare output face:0
I1014 10:48:34.902891  4287 thread_intergrate.hpp:136] T-Intergrate-intergrate set matched face: 0
I1014 10:48:34.903087  4286 work_thread.hpp:81]  [T-Work-Recog_1] Run work: WorkRecog
I1014 10:48:34.903110  4286 work_recog.hpp:89] Face id: 0 will run recog: bbox [140 x 190 from (253, 112)] quality: 0.424089
I1014 10:48:34.903138  4286 work_recog.hpp:96] Recog pair: [200 x 272 from (224, 72)], [140 x 190 from (29, 40)]
I1014 10:48:34.904064  4287 thread_intergrate.hpp:156] T-Intergrate-intergrate Show face :0, size :640 * 360
I1014 10:48:34.904659  4283 demo_inner.hpp:435] thread [SORT-0]  frame id 215 sorting queue size 0   FPS: 20.0163
I1014 10:48:34.904728  4282 demo_inner.hpp:260]  gui queue size 0, state = running
I1014 10:48:34.920629  4286 work_thread.hpp:81]  [T-Work-Recog_1] Run work: WorkCompare
I1014 10:48:34.920729  4286 work_compare.cpp:76] Compare face: 0 successed, similarity :0.986304, name : images/thanglmb.jpg, normal size : 640 * 360!
I1014 10:48:34.949152  4281 demo_inner.hpp:177] decode queue size 0
I1014 10:48:34.949260  4284 work_thread.hpp:81]  [T-Work-Detect_0] Run work: WorkDetect
I1014 10:48:34.949296  4284 work_detect.cpp:102] Succeeded to add det start for frame 216
I1014 10:48:34.955914  4284 work_detect.cpp:70] Frame :216 detect result :1 face(s)
I1014 10:48:34.955950  4284 work_detect.cpp:86] Detected bbox: [142 x 188 from (254, 115)]
I1014 10:48:34.955989  4284 work_detect.cpp:120] Succeeded to add det end for frame 216
I1014 10:48:34.956005  4284 work_thread.hpp:81]  [T-Work-Detect_0] Run work: WrokTrack
I1014 10:48:34.956029  4284 work_track.cpp:82] Frame: 216 build input_characts: [0.221875 x 0.522222 from (0.396875, 0.319444)], 1.00019, 0
I1014 10:48:34.956086  4284 work_track.cpp:102] Succeeded to set track lock for frame 216
I1014 10:48:34.956125  4284 work_track.cpp:116] Succeeded to release track lock for frame 216
I1014 10:48:34.956140  4284 work_track.cpp:120] Track results of frame 216: 1 objects input, 1 objects tracked!
I1014 10:48:34.956180  4284 work_track.cpp:148] Frame: 216, track bbox: [142 x 188 from (252.981, 114.266)], gid: 0, lid: 0
I1014 10:48:34.956219  4284 work_thread.hpp:88]  [T-Work-Detect_0] Frame :216 split
I1014 10:48:34.956238  4284 work_thread.hpp:120]  [T-Work-Detect_0] Valid piece: gid = 0
I1014 10:48:34.956255  4284 work_thread.hpp:92]  [T-Work-Detect_0] Push to split queue:recog
I1014 10:48:34.956298  4286 work_thread.hpp:81]  [T-Work-Recog_1] Run work: WorkCapture
I1014 10:48:34.956588  4287 thread_intergrate.hpp:78] [T-Intergrate-intergrate] queue: frame output frame :216
I1014 10:48:34.956701  4287 thread_intergrate.hpp:85] [T-Intergrate-intergrate] queue: compare output face:0
I1014 10:48:34.956722  4287 thread_intergrate.hpp:136] T-Intergrate-intergrate set matched face: 0
I1014 10:48:34.956835  4286 work_thread.hpp:81]  [T-Work-Recog_1] Run work: WorkRecog
I1014 10:48:34.956859  4286 work_recog.hpp:89] Face id: 0 will run recog: bbox [142 x 188 from (254, 115)] quality: 0.415704
I1014 10:48:34.956887  4286 work_recog.hpp:96] Recog pair: [200 x 272 from (224, 72)], [142 x 188 from (30, 43)]
I1014 10:48:34.957888  4287 thread_intergrate.hpp:156] T-Intergrate-intergrate Show face :0, size :640 * 360
I1014 10:48:34.958453  4283 demo_inner.hpp:435] thread [SORT-0]  frame id 216 sorting queue size 0   FPS: 19.9755
I1014 10:48:34.958531  4282 demo_inner.hpp:260]  gui queue size 0, state = running
I1014 10:48:34.974591  4286 work_thread.hpp:81]  [T-Work-Recog_1] Run work: WorkCompare
I1014 10:48:34.974704  4286 work_compare.cpp:76] Compare face: 0 successed, similarity :0.980119, name : images/thanglmb.jpg, normal size : 640 * 360!
I1014 10:48:34.997296  4281 demo_inner.hpp:177] decode queue size 0
I1014 10:48:34.997433  4284 work_thread.hpp:81]  [T-Work-Detect_0] Run work: WorkDetect
I1014 10:48:34.997470  4284 work_detect.cpp:102] Succeeded to add det start for frame 217
I1014 10:48:35.003988  4284 work_detect.cpp:70] Frame :217 detect result :1 face(s)
I1014 10:48:35.004024  4284 work_detect.cpp:86] Detected bbox: [140 x 188 from (254, 116)]
I1014 10:48:35.004065  4284 work_detect.cpp:120] Succeeded to add det end for frame 217
I1014 10:48:35.004082  4284 work_thread.hpp:81]  [T-Work-Detect_0] Run work: WrokTrack
I1014 10:48:35.004106  4284 work_track.cpp:82] Frame: 217 build input_characts: [0.21875 x 0.522222 from (0.396875, 0.322222)], 1.00019, 0
I1014 10:48:35.004181  4284 work_track.cpp:102] Succeeded to set track lock for frame 217
I1014 10:48:35.004226  4284 work_track.cpp:116] Succeeded to release track lock for frame 217
I1014 10:48:35.004241  4284 work_track.cpp:120] Track results of frame 217: 1 objects input, 1 objects tracked!
I1014 10:48:35.004261  4284 work_track.cpp:148] Frame: 217, track bbox: [140 x 188 from (254.011, 115.075)], gid: 0, lid: 0
I1014 10:48:35.004297  4284 work_thread.hpp:88]  [T-Work-Detect_0] Frame :217 split
I1014 10:48:35.004314  4284 work_thread.hpp:120]  [T-Work-Detect_0] Valid piece: gid = 0
I1014 10:48:35.004333  4284 work_thread.hpp:92]  [T-Work-Detect_0] Push to split queue:recog
I1014 10:48:35.004384  4286 work_thread.hpp:81]  [T-Work-Recog_1] Run work: WorkCapture
I1014 10:48:35.004684  4287 thread_intergrate.hpp:78] [T-Intergrate-intergrate] queue: frame output frame :217
I1014 10:48:35.004712  4287 thread_intergrate.hpp:85] [T-Intergrate-intergrate] queue: compare output face:0
I1014 10:48:35.004731  4287 thread_intergrate.hpp:136] T-Intergrate-intergrate set matched face: 0
I1014 10:48:35.004928  4286 work_thread.hpp:81]  [T-Work-Recog_1] Run work: WorkRecog
I1014 10:48:35.004951  4286 work_recog.hpp:89] Face id: 0 will run recog: bbox [140 x 188 from (254, 116)] quality: 0.469332
I1014 10:48:35.004981  4286 work_recog.hpp:96] Recog pair: [200 x 272 from (224, 72)], [140 x 188 from (30, 44)]
I1014 10:48:35.005903  4287 thread_intergrate.hpp:156] T-Intergrate-intergrate Show face :0, size :640 * 360
I1014 10:48:35.006472  4283 demo_inner.hpp:435] thread [SORT-0]  frame id 217 sorting queue size 0   FPS: 20.0245
I1014 10:48:35.006552  4282 demo_inner.hpp:260]  gui queue size 0, state = running
I1014 10:48:35.022573  4286 work_thread.hpp:81]  [T-Work-Recog_1] Run work: WorkCompare
I1014 10:48:35.022687  4286 work_compare.cpp:76] Compare face: 0 successed, similarity :0.979452, name : images/thanglmb.jpg, normal size : 640 * 360!
I1014 10:48:35.045346  4281 demo_inner.hpp:177] decode queue size 0
I1014 10:48:35.045449  4284 work_thread.hpp:81]  [T-Work-Detect_0] Run work: WorkDetect
I1014 10:48:35.045486  4284 work_detect.cpp:102] Succeeded to add det start for frame 218
I1014 10:48:35.052155  4284 work_detect.cpp:70] Frame :218 detect result :1 face(s)
I1014 10:48:35.052213  4284 work_detect.cpp:86] Detected bbox: [142 x 192 from (253, 112)]
I1014 10:48:35.052256  4284 work_detect.cpp:120] Succeeded to add det end for frame 218
I1014 10:48:35.052273  4284 work_thread.hpp:81]  [T-Work-Detect_0] Run work: WrokTrack
I1014 10:48:35.052297  4284 work_track.cpp:82] Frame: 218 build input_characts: [0.221875 x 0.533333 from (0.395312, 0.311111)], 1.00019, 0
I1014 10:48:35.052352  4284 work_track.cpp:102] Succeeded to set track lock for frame 218
I1014 10:48:35.052393  4284 work_track.cpp:116] Succeeded to release track lock for frame 218
I1014 10:48:35.052407  4284 work_track.cpp:120] Track results of frame 218: 1 objects input, 1 objects tracked!
I1014 10:48:35.052425  4284 work_track.cpp:148] Frame: 218, track bbox: [142 x 192 from (253.177, 112.821)], gid: 0, lid: 0
I1014 10:48:35.052461  4284 work_thread.hpp:88]  [T-Work-Detect_0] Frame :218 split
I1014 10:48:35.052479  4284 work_thread.hpp:120]  [T-Work-Detect_0] Valid piece: gid = 0
I1014 10:48:35.052497  4284 work_thread.hpp:92]  [T-Work-Detect_0] Push to split queue:recog
I1014 10:48:35.052549  4286 work_thread.hpp:81]  [T-Work-Recog_1] Run work: WorkCapture
I1014 10:48:35.052850  4287 thread_intergrate.hpp:78] [T-Intergrate-intergrate] queue: frame output frame :218
I1014 10:48:35.052877  4287 thread_intergrate.hpp:85] [T-Intergrate-intergrate] queue: compare output face:0
I1014 10:48:35.052896  4287 thread_intergrate.hpp:136] T-Intergrate-intergrate set matched face: 0
I1014 10:48:35.053090  4286 work_thread.hpp:81]  [T-Work-Recog_1] Run work: WorkRecog
I1014 10:48:35.053113  4286 work_recog.hpp:89] Face id: 0 will run recog: bbox [142 x 192 from (253, 112)] quality: 0.438707
I1014 10:48:35.053141  4286 work_recog.hpp:96] Recog pair: [200 x 272 from (224, 72)], [142 x 192 from (29, 40)]
I1014 10:48:35.054075  4287 thread_intergrate.hpp:156] T-Intergrate-intergrate Show face :0, size :640 * 360
I1014 10:48:35.054647  4283 demo_inner.hpp:435] thread [SORT-0]  frame id 218 sorting queue size 0   FPS: 20.0163
I1014 10:48:35.054720  4282 demo_inner.hpp:260]  gui queue size 0, state = running
I1014 10:48:35.070819  4286 work_thread.hpp:81]  [T-Work-Recog_1] Run work: WorkCompare
I1014 10:48:35.070933  4286 work_compare.cpp:76] Compare face: 0 successed, similarity :0.98259, name : images/thanglmb.jpg, normal size : 640 * 360!
I1014 10:48:35.099227  4281 demo_inner.hpp:177] decode queue size 0
I1014 10:48:35.099359  4284 work_thread.hpp:81]  [T-Work-Detect_0] Run work: WorkDetect
I1014 10:48:35.099396  4284 work_detect.cpp:102] Succeeded to add det start for frame 219
I1014 10:48:35.106097  4284 work_detect.cpp:70] Frame :219 detect result :1 face(s)
I1014 10:48:35.106144  4284 work_detect.cpp:86] Detected bbox: [143 x 190 from (256, 128)]
I1014 10:48:35.106189  4284 work_detect.cpp:120] Succeeded to add det end for frame 219
I1014 10:48:35.106206  4284 work_thread.hpp:81]  [T-Work-Detect_0] Run work: WrokTrack
I1014 10:48:35.106231  4284 work_track.cpp:82] Frame: 219 build input_characts: [0.223438 x 0.527778 from (0.4, 0.355556)], 1.00019, 0
I1014 10:48:35.106288  4284 work_track.cpp:102] Succeeded to set track lock for frame 219
I1014 10:48:35.106328  4284 work_track.cpp:116] Succeeded to release track lock for frame 219
I1014 10:48:35.106343  4284 work_track.cpp:120] Track results of frame 219: 1 objects input, 1 objects tracked!
I1014 10:48:35.106360  4284 work_track.cpp:148] Frame: 219, track bbox: [143 x 190 from (254.582, 121.449)], gid: 0, lid: 0
I1014 10:48:35.106397  4284 work_thread.hpp:88]  [T-Work-Detect_0] Frame :219 split
I1014 10:48:35.106415  4284 work_thread.hpp:120]  [T-Work-Detect_0] Valid piece: gid = 0
I1014 10:48:35.106432  4284 work_thread.hpp:92]  [T-Work-Detect_0] Push to split queue:recog
I1014 10:48:35.106478  4286 work_thread.hpp:81]  [T-Work-Recog_1] Run work: WorkCapture
I1014 10:48:35.106771  4287 thread_intergrate.hpp:78] [T-Intergrate-intergrate] queue: frame output frame :219
I1014 10:48:35.106798  4287 thread_intergrate.hpp:85] [T-Intergrate-intergrate] queue: compare output face:0
I1014 10:48:35.106915  4287 thread_intergrate.hpp:136] T-Intergrate-intergrate set matched face: 0
I1014 10:48:35.107026  4286 work_thread.hpp:81]  [T-Work-Recog_1] Run work: WorkRecog
I1014 10:48:35.107051  4286 work_recog.hpp:89] Face id: 0 will run recog: bbox [143 x 190 from (256, 128)] quality: 0.415444
I1014 10:48:35.107080  4286 work_recog.hpp:96] Recog pair: [208 x 272 from (224, 88)], [143 x 190 from (32, 40)]
I1014 10:48:35.108074  4287 thread_intergrate.hpp:156] T-Intergrate-intergrate Show face :0, size :640 * 360
I1014 10:48:35.108685  4283 demo_inner.hpp:435] thread [SORT-0]  frame id 219 sorting queue size 0   FPS: 19.9674
I1014 10:48:35.108759  4282 demo_inner.hpp:260]  gui queue size 0, state = running
I1014 10:48:35.124583  4286 work_thread.hpp:81]  [T-Work-Recog_1] Run work: WorkCompare
I1014 10:48:35.124693  4286 work_compare.cpp:76] Compare face: 0 successed, similarity :0.976747, name : images/thanglmb.jpg, normal size : 640 * 360!
I1014 10:48:35.147328  4281 demo_inner.hpp:177] decode queue size 0
I1014 10:48:35.147644  4284 work_thread.hpp:81]  [T-Work-Detect_0] Run work: WorkDetect
I1014 10:48:35.147681  4284 work_detect.cpp:102] Succeeded to add det start for frame 220
I1014 10:48:35.154290  4284 work_detect.cpp:70] Frame :220 detect result :1 face(s)
I1014 10:48:35.154335  4284 work_detect.cpp:86] Detected bbox: [137 x 184 from (256, 116)]
I1014 10:48:35.154377  4284 work_detect.cpp:120] Succeeded to add det end for frame 220
I1014 10:48:35.154394  4284 work_thread.hpp:81]  [T-Work-Detect_0] Run work: WrokTrack
I1014 10:48:35.154418  4284 work_track.cpp:82] Frame: 220 build input_characts: [0.214062 x 0.511111 from (0.4, 0.322222)], 1.00019, 0
I1014 10:48:35.154474  4284 work_track.cpp:102] Succeeded to set track lock for frame 220
I1014 10:48:35.154517  4284 work_track.cpp:116] Succeeded to release track lock for frame 220
I1014 10:48:35.154533  4284 work_track.cpp:120] Track results of frame 220: 1 objects input, 1 objects tracked!
I1014 10:48:35.154551  4284 work_track.cpp:148] Frame: 220, track bbox: [137 x 184 from (257.239, 122.037)], gid: 0, lid: 0
I1014 10:48:35.154587  4284 work_thread.hpp:88]  [T-Work-Detect_0] Frame :220 split
I1014 10:48:35.154605  4284 work_thread.hpp:120]  [T-Work-Detect_0] Valid piece: gid = 0
I1014 10:48:35.154623  4284 work_thread.hpp:92]  [T-Work-Detect_0] Push to split queue:recog
I1014 10:48:35.154937  4286 work_thread.hpp:81]  [T-Work-Recog_1] Run work: WorkCapture
I1014 10:48:35.155234  4287 thread_intergrate.hpp:78] [T-Intergrate-intergrate] queue: frame output frame :220
I1014 10:48:35.155261  4287 thread_intergrate.hpp:85] [T-Intergrate-intergrate] queue: compare output face:0
I1014 10:48:35.155278  4287 thread_intergrate.hpp:136] T-Intergrate-intergrate set matched face: 0
I1014 10:48:35.155481  4286 work_thread.hpp:81]  [T-Work-Recog_1] Run work: WorkRecog
I1014 10:48:35.155504  4286 work_recog.hpp:89] Face id: 0 will run recog: bbox [137 x 184 from (256, 116)] quality: 0.396341
I1014 10:48:35.155532  4286 work_recog.hpp:96] Recog pair: [200 x 256 from (224, 80)], [137 x 184 from (32, 36)]
I1014 10:48:35.156474  4287 thread_intergrate.hpp:156] T-Intergrate-intergrate Show face :0, size :640 * 360
I1014 10:48:35.157042  4283 demo_inner.hpp:435] thread [SORT-0]  frame id 220 sorting queue size 0   FPS: 20.0163
