I1014 12:21:01.602780  5956 demo_inner.hpp:435] thread [SORT-0]  frame id 34 sorting queue size 0   FPS: 29.7297
I1014 12:21:01.623946  5954 demo_inner.hpp:177] decode queue size 0
I1014 12:21:01.624053  5957 work_thread.hpp:81]  [T-Work-Detect_0] Run work: WorkDetect
I1014 12:21:01.624090  5957 work_detect.cpp:102] Succeeded to add det start for frame 35
I1014 12:21:01.630793  5957 work_detect.cpp:70] Frame :35 detect result :1 face(s)
I1014 12:21:01.631000  5957 work_detect.cpp:86] Detected bbox: [149 x 173 from (183, 187)]
I1014 12:21:01.631047  5957 work_detect.cpp:120] Succeeded to add det end for frame 35
I1014 12:21:01.631063  5957 work_thread.hpp:81]  [T-Work-Detect_0] Run work: WrokTrack
I1014 12:21:01.631088  5957 work_track.cpp:82] Frame: 35 build input_characts: [0.232812 x 0.480556 from (0.285937, 0.519444)], 0.997596, 0
I1014 12:21:01.631144  5957 work_track.cpp:102] Succeeded to set track lock for frame 35
I1014 12:21:01.631208  5957 work_track.cpp:116] Succeeded to release track lock for frame 35
I1014 12:21:01.631223  5957 work_track.cpp:120] Track results of frame 35: 1 objects input, 0 objects tracked!
I1014 12:21:01.631242  5957 work_track.cpp:162] Frame: 35 lid: 0 not tracked, will set invalid
I1014 12:21:01.631258  5957 work_thread.hpp:88]  [T-Work-Detect_0] Frame :35 split
I1014 12:21:01.631274  5957 work_thread.hpp:124]  [T-Work-Detect_0] Invalid piece: lid = 0, drop it
I1014 12:21:01.631320  5960 thread_intergrate.hpp:78] [T-Intergrate-intergrate] queue: frame output frame :35
I1014 12:21:01.632859  5956 demo_inner.hpp:435] thread [SORT-0]  frame id 35 sorting queue size 1   FPS: 29.8246
I1014 12:21:01.652786  5955 demo_inner.hpp:260]  gui queue size 1, state = running
I1014 12:21:01.659976  5954 demo_inner.hpp:177] decode queue size 0
I1014 12:21:01.660099  5957 work_thread.hpp:81]  [T-Work-Detect_0] Run work: WorkDetect
I1014 12:21:01.660137  5957 work_detect.cpp:102] Succeeded to add det start for frame 36
I1014 12:21:01.667027  5957 work_detect.cpp:70] Frame :36 detect result :1 face(s)
W1014 12:21:01.667078  5957 work_detect.cpp:83] Invalid bbox: [149 x 180 from (186, 194)]
I1014 12:21:01.667151  5957 work_detect.cpp:120] Succeeded to add det end for frame 36
I1014 12:21:01.667168  5957 work_thread.hpp:81]  [T-Work-Detect_0] Run work: WrokTrack
I1014 12:21:01.667196  5957 work_track.cpp:102] Succeeded to set track lock for frame 36
I1014 12:21:01.667227  5957 work_track.cpp:116] Succeeded to release track lock for frame 36
I1014 12:21:01.667241  5957 work_track.cpp:120] Track results of frame 36: 0 objects input, 0 objects tracked!
I1014 12:21:01.667260  5957 work_thread.hpp:88]  [T-Work-Detect_0] Frame :36 split
I1014 12:21:01.667315  5960 thread_intergrate.hpp:78] [T-Intergrate-intergrate] queue: frame output frame :36
I1014 12:21:01.668828  5956 demo_inner.hpp:435] thread [SORT-0]  frame id 36 sorting queue size 0   FPS: 29.7619
I1014 12:21:01.690068  5954 demo_inner.hpp:177] decode queue size 0
I1014 12:21:01.690228  5957 work_thread.hpp:81]  [T-Work-Detect_0] Run work: WorkDetect
I1014 12:21:01.690265  5957 work_detect.cpp:102] Succeeded to add det start for frame 37
I1014 12:21:01.697126  5957 work_detect.cpp:70] Frame :37 detect result :1 face(s)
W1014 12:21:01.697183  5957 work_detect.cpp:83] Invalid bbox: [150 x 186 from (185, 192)]
I1014 12:21:01.697257  5957 work_detect.cpp:120] Succeeded to add det end for frame 37
I1014 12:21:01.697274  5957 work_thread.hpp:81]  [T-Work-Detect_0] Run work: WrokTrack
I1014 12:21:01.697302  5957 work_track.cpp:102] Succeeded to set track lock for frame 37
I1014 12:21:01.697382  5957 work_track.cpp:116] Succeeded to release track lock for frame 37
I1014 12:21:01.697398  5957 work_track.cpp:120] Track results of frame 37: 0 objects input, 0 objects tracked!
I1014 12:21:01.697418  5957 work_thread.hpp:88]  [T-Work-Detect_0] Frame :37 split
I1014 12:21:01.697470  5960 thread_intergrate.hpp:78] [T-Intergrate-intergrate] queue: frame output frame :37
I1014 12:21:01.698979  5956 demo_inner.hpp:435] thread [SORT-0]  frame id 37 sorting queue size 1   FPS: 29.8507
I1014 12:21:01.725888  5954 demo_inner.hpp:177] decode queue size 0
I1014 12:21:01.726013  5957 work_thread.hpp:81]  [T-Work-Detect_0] Run work: WorkDetect
I1014 12:21:01.726050  5957 work_detect.cpp:102] Succeeded to add det start for frame 38
I1014 12:21:01.732797  5957 work_detect.cpp:70] Frame :38 detect result :1 face(s)
I1014 12:21:01.732847  5957 work_detect.cpp:86] Detected bbox: [146 x 171 from (185, 187)]
I1014 12:21:01.733043  5957 work_detect.cpp:120] Succeeded to add det end for frame 38
I1014 12:21:01.733062  5957 work_thread.hpp:81]  [T-Work-Detect_0] Run work: WrokTrack
I1014 12:21:01.733085  5957 work_track.cpp:82] Frame: 38 build input_characts: [0.228125 x 0.475 from (0.289062, 0.519444)], 0.997488, 0
I1014 12:21:01.733141  5957 work_track.cpp:102] Succeeded to set track lock for frame 38
I1014 12:21:01.733176  5957 work_track.cpp:116] Succeeded to release track lock for frame 38
I1014 12:21:01.733191  5957 work_track.cpp:120] Track results of frame 38: 1 objects input, 0 objects tracked!
I1014 12:21:01.733208  5957 work_track.cpp:162] Frame: 38 lid: 0 not tracked, will set invalid
I1014 12:21:01.733224  5957 work_thread.hpp:88]  [T-Work-Detect_0] Frame :38 split
I1014 12:21:01.733242  5957 work_thread.hpp:124]  [T-Work-Detect_0] Invalid piece: lid = 0, drop it
I1014 12:21:01.733283  5960 thread_intergrate.hpp:78] [T-Intergrate-intergrate] queue: frame output frame :38
I1014 12:21:01.734778  5956 demo_inner.hpp:435] thread [SORT-0]  frame id 38 sorting queue size 2   FPS: 29.7907
I1014 12:21:01.754231  5955 demo_inner.hpp:260]  gui queue size 2, state = running
I1014 12:21:01.762100  5954 demo_inner.hpp:177] decode queue size 0
I1014 12:21:01.762290  5957 work_thread.hpp:81]  [T-Work-Detect_0] Run work: WorkDetect
I1014 12:21:01.762327  5957 work_detect.cpp:102] Succeeded to add det start for frame 39
I1014 12:21:01.769289  5957 work_detect.cpp:70] Frame :39 detect result :1 face(s)
I1014 12:21:01.769338  5957 work_detect.cpp:86] Detected bbox: [148 x 172 from (183, 186)]
I1014 12:21:01.769381  5957 work_detect.cpp:120] Succeeded to add det end for frame 39
I1014 12:21:01.769397  5957 work_thread.hpp:81]  [T-Work-Detect_0] Run work: WrokTrack
I1014 12:21:01.769423  5957 work_track.cpp:82] Frame: 39 build input_characts: [0.23125 x 0.477778 from (0.285937, 0.516667)], 0.997488, 0
I1014 12:21:01.769479  5957 work_track.cpp:102] Succeeded to set track lock for frame 39
I1014 12:21:01.769517  5957 work_track.cpp:116] Succeeded to release track lock for frame 39
I1014 12:21:01.769532  5957 work_track.cpp:120] Track results of frame 39: 1 objects input, 0 objects tracked!
I1014 12:21:01.769551  5957 work_track.cpp:162] Frame: 39 lid: 0 not tracked, will set invalid
I1014 12:21:01.769567  5957 work_thread.hpp:88]  [T-Work-Detect_0] Frame :39 split
I1014 12:21:01.769583  5957 work_thread.hpp:124]  [T-Work-Detect_0] Invalid piece: lid = 0, drop it
I1014 12:21:01.769626  5960 thread_intergrate.hpp:78] [T-Intergrate-intergrate] queue: frame output frame :39
I1014 12:21:01.771157  5956 demo_inner.hpp:435] thread [SORT-0]  frame id 39 sorting queue size 0   FPS: 29.734
I1014 12:21:01.792239  5954 demo_inner.hpp:177] decode queue size 0
I1014 12:21:01.792354  5957 work_thread.hpp:81]  [T-Work-Detect_0] Run work: WorkDetect
I1014 12:21:01.792390  5957 work_detect.cpp:102] Succeeded to add det start for frame 40
I1014 12:21:01.799309  5957 work_detect.cpp:70] Frame :40 detect result :1 face(s)
W1014 12:21:01.799360  5957 work_detect.cpp:83] Invalid bbox: [152 x 177 from (183, 184)]
I1014 12:21:01.799476  5957 work_detect.cpp:120] Succeeded to add det end for frame 40
I1014 12:21:01.799494  5957 work_thread.hpp:81]  [T-Work-Detect_0] Run work: WrokTrack
I1014 12:21:01.799522  5957 work_track.cpp:102] Succeeded to set track lock for frame 40
I1014 12:21:01.799553  5957 work_track.cpp:116] Succeeded to release track lock for frame 40
I1014 12:21:01.799567  5957 work_track.cpp:120] Track results of frame 40: 0 objects input, 0 objects tracked!
I1014 12:21:01.799587  5957 work_thread.hpp:88]  [T-Work-Detect_0] Frame :40 split
I1014 12:21:01.799633  5960 thread_intergrate.hpp:78] [T-Intergrate-intergrate] queue: frame output frame :40
I1014 12:21:01.801132  5956 demo_inner.hpp:435] thread [SORT-0]  frame id 40 sorting queue size 1   FPS: 29.8165
I1014 12:21:01.821045  5955 demo_inner.hpp:260]  gui queue size 1, state = running
I1014 12:21:01.828044  5954 demo_inner.hpp:177] decode queue size 0
I1014 12:21:01.828267  5957 work_thread.hpp:81]  [T-Work-Detect_0] Run work: WorkDetect
I1014 12:21:01.828303  5957 work_detect.cpp:102] Succeeded to add det start for frame 41
I1014 12:21:01.835091  5957 work_detect.cpp:70] Frame :41 detect result :1 face(s)
I1014 12:21:01.835137  5957 work_detect.cpp:86] Detected bbox: [145 x 173 from (186, 186)]
I1014 12:21:01.835181  5957 work_detect.cpp:120] Succeeded to add det end for frame 41
I1014 12:21:01.835224  5957 work_thread.hpp:81]  [T-Work-Detect_0] Run work: WrokTrack
I1014 12:21:01.835250  5957 work_track.cpp:82] Frame: 41 build input_characts: [0.226562 x 0.480556 from (0.290625, 0.516667)], 0.996, 0
I1014 12:21:01.835305  5957 work_track.cpp:102] Succeeded to set track lock for frame 41
I1014 12:21:01.835346  5957 work_track.cpp:116] Succeeded to release track lock for frame 41
I1014 12:21:01.835361  5957 work_track.cpp:120] Track results of frame 41: 1 objects input, 0 objects tracked!
I1014 12:21:01.835379  5957 work_track.cpp:162] Frame: 41 lid: 0 not tracked, will set invalid
I1014 12:21:01.835395  5957 work_thread.hpp:88]  [T-Work-Detect_0] Frame :41 split
I1014 12:21:01.835412  5957 work_thread.hpp:124]  [T-Work-Detect_0] Invalid piece: lid = 0, drop it
I1014 12:21:01.835454  5960 thread_intergrate.hpp:78] [T-Intergrate-intergrate] queue: frame output frame :41
I1014 12:21:01.836977  5956 demo_inner.hpp:435] thread [SORT-0]  frame id 41 sorting queue size 0   FPS: 29.7619
I1014 12:21:01.858062  5954 demo_inner.hpp:177] decode queue size 0
I1014 12:21:01.858232  5957 work_thread.hpp:81]  [T-Work-Detect_0] Run work: WorkDetect
I1014 12:21:01.858268  5957 work_detect.cpp:102] Succeeded to add det start for frame 42
I1014 12:21:01.865121  5957 work_detect.cpp:70] Frame :42 detect result :1 face(s)
W1014 12:21:01.865171  5957 work_detect.cpp:83] Invalid bbox: [148 x 187 from (187, 192)]
I1014 12:21:01.865244  5957 work_detect.cpp:120] Succeeded to add det end for frame 42
I1014 12:21:01.865262  5957 work_thread.hpp:81]  [T-Work-Detect_0] Run work: WrokTrack
I1014 12:21:01.865289  5957 work_track.cpp:102] Succeeded to set track lock for frame 42
I1014 12:21:01.865320  5957 work_track.cpp:116] Succeeded to release track lock for frame 42
I1014 12:21:01.865334  5957 work_track.cpp:120] Track results of frame 42: 0 objects input, 0 objects tracked!
I1014 12:21:01.865353  5957 work_thread.hpp:88]  [T-Work-Detect_0] Frame :42 split
I1014 12:21:01.865406  5960 thread_intergrate.hpp:78] [T-Intergrate-intergrate] queue: frame output frame :42
I1014 12:21:01.867008  5956 demo_inner.hpp:435] thread [SORT-0]  frame id 42 sorting queue size 1   FPS: 29.8399
I1014 12:21:01.887419  5955 demo_inner.hpp:260]  gui queue size 1, state = running
I1014 12:21:01.894037  5954 demo_inner.hpp:177] decode queue size 0
I1014 12:21:01.894232  5957 work_thread.hpp:81]  [T-Work-Detect_0] Run work: WorkDetect
I1014 12:21:01.894270  5957 work_detect.cpp:102] Succeeded to add det start for frame 43
I1014 12:21:01.901206  5957 work_detect.cpp:70] Frame :43 detect result :1 face(s)
I1014 12:21:01.901257  5957 work_detect.cpp:86] Detected bbox: [146 x 170 from (186, 188)]
I1014 12:21:01.901377  5957 work_detect.cpp:120] Succeeded to add det end for frame 43
I1014 12:21:01.901396  5957 work_thread.hpp:81]  [T-Work-Detect_0] Run work: WrokTrack
I1014 12:21:01.901420  5957 work_track.cpp:82] Frame: 43 build input_characts: [0.228125 x 0.472222 from (0.290625, 0.522222)], 0.997596, 0
I1014 12:21:01.901475  5957 work_track.cpp:102] Succeeded to set track lock for frame 43
I1014 12:21:01.901513  5957 work_track.cpp:116] Succeeded to release track lock for frame 43
I1014 12:21:01.901528  5957 work_track.cpp:120] Track results of frame 43: 1 objects input, 0 objects tracked!
I1014 12:21:01.901546  5957 work_track.cpp:162] Frame: 43 lid: 0 not tracked, will set invalid
I1014 12:21:01.901561  5957 work_thread.hpp:88]  [T-Work-Detect_0] Frame :43 split
I1014 12:21:01.901578  5957 work_thread.hpp:124]  [T-Work-Detect_0] Invalid piece: lid = 0, drop it
I1014 12:21:01.901621  5960 thread_intergrate.hpp:78] [T-Intergrate-intergrate] queue: frame output frame :43
I1014 12:21:01.903095  5956 demo_inner.hpp:435] thread [SORT-0]  frame id 43 sorting queue size 0   FPS: 29.7872
I1014 12:21:01.923910  5954 demo_inner.hpp:177] decode queue size 0
I1014 12:21:01.924034  5957 work_thread.hpp:81]  [T-Work-Detect_0] Run work: WorkDetect
I1014 12:21:01.924072  5957 work_detect.cpp:102] Succeeded to add det start for frame 44
I1014 12:21:01.930800  5957 work_detect.cpp:70] Frame :44 detect result :1 face(s)
W1014 12:21:01.931252  5957 work_detect.cpp:83] Invalid bbox: [150 x 186 from (186, 191)]
I1014 12:21:01.931329  5957 work_detect.cpp:120] Succeeded to add det end for frame 44
I1014 12:21:01.931346  5957 work_thread.hpp:81]  [T-Work-Detect_0] Run work: WrokTrack
I1014 12:21:01.931375  5957 work_track.cpp:102] Succeeded to set track lock for frame 44
I1014 12:21:01.931407  5957 work_track.cpp:116] Succeeded to release track lock for frame 44
I1014 12:21:01.931421  5957 work_track.cpp:120] Track results of frame 44: 0 objects input, 0 objects tracked!
I1014 12:21:01.931440  5957 work_thread.hpp:88]  [T-Work-Detect_0] Frame :44 split
I1014 12:21:01.931488  5960 thread_intergrate.hpp:78] [T-Intergrate-intergrate] queue: frame output frame :44
I1014 12:21:01.932961  5956 demo_inner.hpp:435] thread [SORT-0]  frame id 44 sorting queue size 1   FPS: 29.8611
I1014 12:21:01.959954  5955 demo_inner.hpp:260]  gui queue size 1, state = running
I1014 12:21:01.960311  5954 demo_inner.hpp:177] decode queue size 0
I1014 12:21:01.960422  5957 work_thread.hpp:81]  [T-Work-Detect_0] Run work: WorkDetect
I1014 12:21:01.960460  5957 work_detect.cpp:102] Succeeded to add det start for frame 45
I1014 12:21:01.967339  5957 work_detect.cpp:70] Frame :45 detect result :1 face(s)
I1014 12:21:01.967393  5957 work_detect.cpp:86] Detected bbox: [145 x 172 from (186, 187)]
I1014 12:21:01.967437  5957 work_detect.cpp:120] Succeeded to add det end for frame 45
I1014 12:21:01.967453  5957 work_thread.hpp:81]  [T-Work-Detect_0] Run work: WrokTrack
I1014 12:21:01.967478  5957 work_track.cpp:82] Frame: 45 build input_characts: [0.226562 x 0.477778 from (0.290625, 0.519444)], 0.997488, 0
I1014 12:21:01.967535  5957 work_track.cpp:102] Succeeded to set track lock for frame 45
I1014 12:21:01.967576  5957 work_track.cpp:116] Succeeded to release track lock for frame 45
I1014 12:21:01.967591  5957 work_track.cpp:120] Track results of frame 45: 1 objects input, 0 objects tracked!
I1014 12:21:01.967608  5957 work_track.cpp:162] Frame: 45 lid: 0 not tracked, will set invalid
I1014 12:21:01.967624  5957 work_thread.hpp:88]  [T-Work-Detect_0] Frame :45 split
I1014 12:21:01.967641  5957 work_thread.hpp:124]  [T-Work-Detect_0] Invalid piece: lid = 0, drop it
I1014 12:21:01.967684  5960 thread_intergrate.hpp:78] [T-Intergrate-intergrate] queue: frame output frame :45
I1014 12:21:01.969209  5956 demo_inner.hpp:435] thread [SORT-0]  frame id 45 sorting queue size 0   FPS: 29.8103
I1014 12:21:01.995834  5954 demo_inner.hpp:177] decode queue size 0
I1014 12:21:01.995944  5957 work_thread.hpp:81]  [T-Work-Detect_0] Run work: WorkDetect
I1014 12:21:01.995980  5957 work_detect.cpp:102] Succeeded to add det start for frame 46
I1014 12:21:02.002753  5957 work_detect.cpp:70] Frame :46 detect result :1 face(s)
I1014 12:21:02.002805  5957 work_detect.cpp:86] Detected bbox: [146 x 171 from (185, 188)]
I1014 12:21:02.002992  5957 work_detect.cpp:120] Succeeded to add det end for frame 46
I1014 12:21:02.003010  5957 work_thread.hpp:81]  [T-Work-Detect_0] Run work: WrokTrack
I1014 12:21:02.003036  5957 work_track.cpp:82] Frame: 46 build input_characts: [0.228125 x 0.475 from (0.289062, 0.522222)], 0.99731, 0
I1014 12:21:02.003091  5957 work_track.cpp:102] Succeeded to set track lock for frame 46
I1014 12:21:02.003129  5957 work_track.cpp:116] Succeeded to release track lock for frame 46
I1014 12:21:02.003144  5957 work_track.cpp:120] Track results of frame 46: 1 objects input, 0 objects tracked!
I1014 12:21:02.003161  5957 work_track.cpp:162] Frame: 46 lid: 0 not tracked, will set invalid
I1014 12:21:02.003176  5957 work_thread.hpp:88]  [T-Work-Detect_0] Frame :46 split
I1014 12:21:02.003195  5957 work_thread.hpp:124]  [T-Work-Detect_0] Invalid piece: lid = 0, drop it
I1014 12:21:02.003235  5960 thread_intergrate.hpp:78] [T-Intergrate-intergrate] queue: frame output frame :46
I1014 12:21:02.004806  5956 demo_inner.hpp:435] thread [SORT-0]  frame id 46 sorting queue size 1   FPS: 29.7619
I1014 12:21:02.026537  5954 demo_inner.hpp:177] decode queue size 0
I1014 12:21:02.026672  5957 work_thread.hpp:81]  [T-Work-Detect_0] Run work: WorkDetect
I1014 12:21:02.026712  5957 work_detect.cpp:102] Succeeded to add det start for frame 47
I1014 12:21:02.033545  5957 work_detect.cpp:70] Frame :47 detect result :1 face(s)
I1014 12:21:02.033596  5957 work_detect.cpp:86] Detected bbox: [148 x 170 from (185, 188)]
I1014 12:21:02.033638  5957 work_detect.cpp:120] Succeeded to add det end for frame 47
I1014 12:21:02.033655  5957 work_thread.hpp:81]  [T-Work-Detect_0] Run work: WrokTrack
I1014 12:21:02.033679  5957 work_track.cpp:82] Frame: 47 build input_characts: [0.23125 x 0.472222 from (0.289062, 0.522222)], 0.997596, 0
I1014 12:21:02.033733  5957 work_track.cpp:102] Succeeded to set track lock for frame 47
I1014 12:21:02.033793  5957 work_track.cpp:116] Succeeded to release track lock for frame 47
I1014 12:21:02.033808  5957 work_track.cpp:120] Track results of frame 47: 1 objects input, 1 objects tracked!
I1014 12:21:02.033826  5957 work_track.cpp:148] Frame: 47, track bbox: [148 x 170 from (184.849, 188.351)], gid: 0, lid: 0
I1014 12:21:02.033864  5957 work_thread.hpp:88]  [T-Work-Detect_0] Frame :47 split
I1014 12:21:02.033882  5957 work_thread.hpp:120]  [T-Work-Detect_0] Valid piece: gid = 0
I1014 12:21:02.033901  5957 work_thread.hpp:92]  [T-Work-Detect_0] Push to split queue:recog
I1014 12:21:02.033951  5959 work_thread.hpp:81]  [T-Work-Recog_1] Run work: WorkCapture
I1014 12:21:02.034646  5960 thread_intergrate.hpp:78] [T-Intergrate-intergrate] queue: frame output frame :47
I1014 12:21:02.035375  5959 work_thread.hpp:81]  [T-Work-Recog_1] Run work: WorkRecog
I1014 12:21:02.035403  5959 work_recog.hpp:89] Face id: 0 will run recog: bbox [148 x 170 from (185, 188)] quality: 0.424089
I1014 12:21:02.035439  5959 work_recog.hpp:96] Recog pair: [216 x 208 from (152, 152)], [148 x 170 from (33, 36)]
I1014 12:21:02.036248  5956 demo_inner.hpp:435] thread [SORT-0]  frame id 47 sorting queue size 2   FPS: 29.8121
I1014 12:21:02.053433  5959 work_thread.hpp:81]  [T-Work-Recog_1] Run work: WorkCompare
I1014 12:21:02.053915  5959 work_compare.cpp:76] Compare face: 0 successed, similarity :0.985315, name : images/ThangLMb.jpg, normal size : 1548 * 1719!
I1014 12:21:02.054682  5955 demo_inner.hpp:260]  gui queue size 2, state = running
I1014 12:21:02.062618  5954 demo_inner.hpp:177] decode queue size 0
I1014 12:21:02.062870  5957 work_thread.hpp:81]  [T-Work-Detect_0] Run work: WorkDetect
I1014 12:21:02.062907  5957 work_detect.cpp:102] Succeeded to add det start for frame 48
I1014 12:21:02.070214  5957 work_detect.cpp:70] Frame :48 detect result :1 face(s)
I1014 12:21:02.070273  5957 work_detect.cpp:86] Detected bbox: [145 x 173 from (186, 185)]
I1014 12:21:02.070413  5957 work_detect.cpp:120] Succeeded to add det end for frame 48
I1014 12:21:02.070432  5957 work_thread.hpp:81]  [T-Work-Detect_0] Run work: WrokTrack
I1014 12:21:02.070457  5957 work_track.cpp:82] Frame: 48 build input_characts: [0.226562 x 0.480556 from (0.290625, 0.513889)], 0.997328, 0
I1014 12:21:02.070621  5957 work_track.cpp:102] Succeeded to set track lock for frame 48
I1014 12:21:02.070662  5957 work_track.cpp:116] Succeeded to release track lock for frame 48
I1014 12:21:02.070677  5957 work_track.cpp:120] Track results of frame 48: 1 objects input, 1 objects tracked!
I1014 12:21:02.070695  5957 work_track.cpp:148] Frame: 48, track bbox: [145 x 173 from (186.036, 186.076)], gid: 0, lid: 0
I1014 12:21:02.070739  5957 work_thread.hpp:88]  [T-Work-Detect_0] Frame :48 split
I1014 12:21:02.070758  5957 work_thread.hpp:120]  [T-Work-Detect_0] Valid piece: gid = 0
I1014 12:21:02.070777  5957 work_thread.hpp:92]  [T-Work-Detect_0] Push to split queue:recog
I1014 12:21:02.070825  5958 work_thread.hpp:81]  [T-Work-Recog_0] Run work: WorkCapture
I1014 12:21:02.071247  5960 thread_intergrate.hpp:78] [T-Intergrate-intergrate] queue: frame output frame :48
I1014 12:21:02.071276  5960 thread_intergrate.hpp:85] [T-Intergrate-intergrate] queue: compare output face:0
I1014 12:21:02.071297  5960 thread_intergrate.hpp:137] T-Intergrate-intergrate set matched face: 0
I1014 12:21:02.073051  5958 work_thread.hpp:81]  [T-Work-Recog_0] Run work: WorkRecog
I1014 12:21:02.073097  5958 work_recog.hpp:89] Face id: 0 will run recog: bbox [145 x 173 from (186, 185)] quality: 0.396341
I1014 12:21:02.073141  5958 work_recog.hpp:96] Recog pair: [208 x 216 from (152, 144)], [145 x 173 from (34, 41)]
I1014 12:21:02.073213  5960 thread_intergrate.hpp:157] T-Intergrate-intergrate Show face :0, size :640 * 360
I1014 12:21:02.073757  5956 demo_inner.hpp:435] thread [SORT-0]  frame id 48 sorting queue size 0   FPS: 29.728
I1014 12:21:02.090570  5954 demo_inner.hpp:177] decode queue size 0
I1014 12:21:02.090737  5957 work_thread.hpp:81]  [T-Work-Detect_0] Run work: WorkDetect
I1014 12:21:02.090795  5957 work_detect.cpp:102] Succeeded to add det start for frame 49
I1014 12:21:02.091174  5958 work_thread.hpp:81]  [T-Work-Recog_0] Run work: WorkCompare
I1014 12:21:02.091598  5958 work_compare.cpp:76] Compare face: 0 successed, similarity :0.983131, name : images/ThangLMb.jpg, normal size : 1548 * 1719!
I1014 12:21:02.098235  5957 work_detect.cpp:70] Frame :49 detect result :1 face(s)
I1014 12:21:02.098279  5957 work_detect.cpp:86] Detected bbox: [144 x 168 from (187, 188)]
I1014 12:21:02.098331  5957 work_detect.cpp:120] Succeeded to add det end for frame 49
I1014 12:21:02.098347  5957 work_thread.hpp:81]  [T-Work-Detect_0] Run work: WrokTrack
I1014 12:21:02.098371  5957 work_track.cpp:82] Frame: 49 build input_characts: [0.225 x 0.466667 from (0.292188, 0.522222)], 0.997328, 0
I1014 12:21:02.098448  5957 work_track.cpp:102] Succeeded to set track lock for frame 49
I1014 12:21:02.098489  5957 work_track.cpp:116] Succeeded to release track lock for frame 49
I1014 12:21:02.098505  5957 work_track.cpp:120] Track results of frame 49: 1 objects input, 1 objects tracked!
I1014 12:21:02.098522  5957 work_track.cpp:148] Frame: 49, track bbox: [144 x 168 from (186.68, 188.055)], gid: 0, lid: 0
I1014 12:21:02.098567  5957 work_thread.hpp:88]  [T-Work-Detect_0] Frame :49 split
I1014 12:21:02.098585  5957 work_thread.hpp:120]  [T-Work-Detect_0] Valid piece: gid = 0
I1014 12:21:02.098604  5957 work_thread.hpp:92]  [T-Work-Detect_0] Push to split queue:recog
I1014 12:21:02.098646  5958 work_thread.hpp:81]  [T-Work-Recog_0] Run work: WorkCapture
I1014 12:21:02.098654  5960 thread_intergrate.hpp:78] [T-Intergrate-intergrate] queue: frame output frame :49
I1014 12:21:02.098700  5960 thread_intergrate.hpp:85] [T-Intergrate-intergrate] queue: compare output face:0
I1014 12:21:02.098717  5960 thread_intergrate.hpp:137] T-Intergrate-intergrate set matched face: 0
I1014 12:21:02.099396  5958 work_thread.hpp:81]  [T-Work-Recog_0] Run work: WorkRecog
I1014 12:21:02.099506  5958 work_recog.hpp:89] Face id: 0 will run recog: bbox [144 x 168 from (187, 188)] quality: 0.415521
I1014 12:21:02.099543  5958 work_recog.hpp:96] Recog pair: [208 x 208 from (152, 152)], [144 x 168 from (35, 36)]
I1014 12:21:02.100767  5960 thread_intergrate.hpp:157] T-Intergrate-intergrate Show face :0, size :640 * 360
I1014 12:21:02.101372  5956 demo_inner.hpp:435] thread [SORT-0]  frame id 49 sorting queue size 1   FPS: 29.8322
I1014 12:21:02.117110  5958 work_thread.hpp:81]  [T-Work-Recog_0] Run work: WorkCompare
I1014 12:21:02.117578  5958 work_compare.cpp:76] Compare face: 0 successed, similarity :0.987733, name : images/ThangLMb.jpg, normal size : 1548 * 1719!
I1014 12:21:02.126819  5954 demo_inner.hpp:177] decode queue size 0
I1014 12:21:02.126931  5957 work_thread.hpp:81]  [T-Work-Detect_0] Run work: WorkDetect
I1014 12:21:02.126969  5957 work_detect.cpp:102] Succeeded to add det start for frame 50
I1014 12:21:02.127491  5955 demo_inner.hpp:260]  gui queue size 1, state = running
I1014 12:21:02.134373  5957 work_detect.cpp:70] Frame :50 detect result :1 face(s)
I1014 12:21:02.134430  5957 work_detect.cpp:86] Detected bbox: [146 x 165 from (186, 190)]
I1014 12:21:02.134474  5957 work_detect.cpp:120] Succeeded to add det end for frame 50
I1014 12:21:02.134491  5957 work_thread.hpp:81]  [T-Work-Detect_0] Run work: WrokTrack
I1014 12:21:02.134517  5957 work_track.cpp:82] Frame: 50 build input_characts: [0.228125 x 0.458333 from (0.290625, 0.527778)], 0.99731, 0
I1014 12:21:02.134608  5957 work_track.cpp:102] Succeeded to set track lock for frame 50
I1014 12:21:02.134649  5957 work_track.cpp:116] Succeeded to release track lock for frame 50
I1014 12:21:02.134665  5957 work_track.cpp:120] Track results of frame 50: 1 objects input, 1 objects tracked!
I1014 12:21:02.134682  5957 work_track.cpp:148] Frame: 50, track bbox: [146 x 165 from (186.023, 189.478)], gid: 0, lid: 0
I1014 12:21:02.134719  5957 work_thread.hpp:88]  [T-Work-Detect_0] Frame :50 split
I1014 12:21:02.134737  5957 work_thread.hpp:120]  [T-Work-Detect_0] Valid piece: gid = 0
I1014 12:21:02.134755  5957 work_thread.hpp:92]  [T-Work-Detect_0] Push to split queue:recog
I1014 12:21:02.134804  5958 work_thread.hpp:81]  [T-Work-Recog_0] Run work: WorkCapture
I1014 12:21:02.135263  5960 thread_intergrate.hpp:78] [T-Intergrate-intergrate] queue: frame output frame :50
I1014 12:21:02.135293  5960 thread_intergrate.hpp:85] [T-Intergrate-intergrate] queue: compare output face:0
I1014 12:21:02.135313  5960 thread_intergrate.hpp:137] T-Intergrate-intergrate set matched face: 0
I1014 12:21:02.135529  5958 work_thread.hpp:81]  [T-Work-Recog_0] Run work: WorkRecog
I1014 12:21:02.135555  5958 work_recog.hpp:89] Face id: 0 will run recog: bbox [146 x 165 from (186, 190)] quality: 0.41565
I1014 12:21:02.135582  5958 work_recog.hpp:96] Recog pair: [216 x 208 from (152, 152)], [146 x 165 from (34, 38)]
I1014 12:21:02.137153  5960 thread_intergrate.hpp:157] T-Intergrate-intergrate Show face :0, size :640 * 360
I1014 12:21:02.137737  5956 demo_inner.hpp:435] thread [SORT-0]  frame id 50 sorting queue size 0   FPS: 29.7872
I1014 12:21:02.153121  5958 work_thread.hpp:81]  [T-Work-Recog_0] Run work: WorkCompare
I1014 12:21:02.153589  5958 work_compare.cpp:76] Compare face: 0 successed, similarity :0.987317, name : images/ThangLMb.jpg, normal size : 1548 * 1719!
I1014 12:21:02.156937  5954 demo_inner.hpp:177] decode queue size 0
I1014 12:21:02.157024  5957 work_thread.hpp:81]  [T-Work-Detect_0] Run work: WorkDetect
I1014 12:21:02.157058  5957 work_detect.cpp:102] Succeeded to add det start for frame 51
I1014 12:21:02.163815  5957 work_detect.cpp:70] Frame :51 detect result :1 face(s)
W1014 12:21:02.163866  5957 work_detect.cpp:83] Invalid bbox: [150 x 184 from (185, 193)]
I1014 12:21:02.163939  5957 work_detect.cpp:120] Succeeded to add det end for frame 51
I1014 12:21:02.163956  5957 work_thread.hpp:81]  [T-Work-Detect_0] Run work: WrokTrack
I1014 12:21:02.163985  5957 work_track.cpp:102] Succeeded to set track lock for frame 51
I1014 12:21:02.164062  5957 work_track.cpp:116] Succeeded to release track lock for frame 51
I1014 12:21:02.164078  5957 work_track.cpp:120] Track results of frame 51: 0 objects input, 1 objects tracked!
I1014 12:21:02.164096  5957 work_track.cpp:148] Frame: 51, track bbox: [146 x 165 from (186.166, 189.235)], gid: 0, lid: -1
I1014 12:21:02.164151  5957 work_thread.hpp:88]  [T-Work-Detect_0] Frame :51 split
I1014 12:21:02.164225  5960 thread_intergrate.hpp:78] [T-Intergrate-intergrate] queue: frame output frame :51
I1014 12:21:02.164276  5960 thread_intergrate.hpp:85] [T-Intergrate-intergrate] queue: compare output face:0
I1014 12:21:02.164296  5960 thread_intergrate.hpp:137] T-Intergrate-intergrate set matched face: 0
I1014 12:21:02.166154  5960 thread_intergrate.hpp:157] T-Intergrate-intergrate Show face :0, size :640 * 360
I1014 12:21:02.166826  5956 demo_inner.hpp:435] thread [SORT-0]  frame id 51 sorting queue size 1   FPS: 29.8686
I1014 12:21:02.191944  5954 demo_inner.hpp:177] decode queue size 0
I1014 12:21:02.192064  5957 work_thread.hpp:81]  [T-Work-Detect_0] Run work: WorkDetect
I1014 12:21:02.192101  5957 work_detect.cpp:102] Succeeded to add det start for frame 52
I1014 12:21:02.198757  5957 work_detect.cpp:70] Frame :52 detect result :1 face(s)
W1014 12:21:02.198802  5957 work_detect.cpp:83] Invalid bbox: [150 x 178 from (185, 196)]
I1014 12:21:02.198876  5957 work_detect.cpp:120] Succeeded to add det end for frame 52
I1014 12:21:02.198894  5957 work_thread.hpp:81]  [T-Work-Detect_0] Run work: WrokTrack
I1014 12:21:02.198920  5957 work_track.cpp:102] Succeeded to set track lock for frame 52
I1014 12:21:02.198953  5957 work_track.cpp:116] Succeeded to release track lock for frame 52
I1014 12:21:02.198967  5957 work_track.cpp:120] Track results of frame 52: 0 objects input, 0 objects tracked!
I1014 12:21:02.198987  5957 work_thread.hpp:88]  [T-Work-Detect_0] Frame :52 split
I1014 12:21:02.199031  5960 thread_intergrate.hpp:78] [T-Intergrate-intergrate] queue: frame output frame :52
I1014 12:21:02.200207  5960 thread_intergrate.hpp:157] T-Intergrate-intergrate Show face :0, size :640 * 360
I1014 12:21:02.200834  5956 demo_inner.hpp:435] thread [SORT-0]  frame id 52 sorting queue size 2   FPS: 29.8595
I1014 12:21:02.211102  5955 demo_inner.hpp:260]  gui queue size 2, state = running
I1014 12:21:02.222477  5954 demo_inner.hpp:177] decode queue size 0
I1014 12:21:02.222589  5957 work_thread.hpp:81]  [T-Work-Detect_0] Run work: WorkDetect
I1014 12:21:02.222625  5957 work_detect.cpp:102] Succeeded to add det start for frame 53
I1014 12:21:02.229357  5957 work_detect.cpp:70] Frame :53 detect result :1 face(s)
W1014 12:21:02.229404  5957 work_detect.cpp:83] Invalid bbox: [152 x 185 from (184, 193)]
I1014 12:21:02.229477  5957 work_detect.cpp:120] Succeeded to add det end for frame 53
I1014 12:21:02.229496  5957 work_thread.hpp:81]  [T-Work-Detect_0] Run work: WrokTrack
I1014 12:21:02.229522  5957 work_track.cpp:102] Succeeded to set track lock for frame 53
I1014 12:21:02.229557  5957 work_track.cpp:116] Succeeded to release track lock for frame 53
I1014 12:21:02.229571  5957 work_track.cpp:120] Track results of frame 53: 0 objects input, 0 objects tracked!
I1014 12:21:02.229590  5957 work_thread.hpp:88]  [T-Work-Detect_0] Frame :53 split
I1014 12:21:02.229641  5960 thread_intergrate.hpp:78] [T-Intergrate-intergrate] queue: frame output frame :53
I1014 12:21:02.230732  5960 thread_intergrate.hpp:157] T-Intergrate-intergrate Show face :0, size :640 * 360
I1014 12:21:02.231469  5956 demo_inner.hpp:435] thread [SORT-0]  frame id 53 sorting queue size 0   FPS: 29.9022
I1014 12:21:02.258195  5954 demo_inner.hpp:177] decode queue size 0
I1014 12:21:02.258306  5957 work_thread.hpp:81]  [T-Work-Detect_0] Run work: WorkDetect
I1014 12:21:02.258343  5957 work_detect.cpp:102] Succeeded to add det start for frame 54
I1014 12:21:02.265111  5957 work_detect.cpp:70] Frame :54 detect result :1 face(s)
I1014 12:21:02.265162  5957 work_detect.cpp:86] Detected bbox: [148 x 167 from (185, 190)]
I1014 12:21:02.265233  5957 work_detect.cpp:120] Succeeded to add det end for frame 54
I1014 12:21:02.265326  5957 work_thread.hpp:81]  [T-Work-Detect_0] Run work: WrokTrack
I1014 12:21:02.265354  5957 work_track.cpp:82] Frame: 54 build input_characts: [0.23125 x 0.463889 from (0.289062, 0.527778)], 0.997596, 0
I1014 12:21:02.265409  5957 work_track.cpp:102] Succeeded to set track lock for frame 54
I1014 12:21:02.265445  5957 work_track.cpp:116] Succeeded to release track lock for frame 54
I1014 12:21:02.265460  5957 work_track.cpp:120] Track results of frame 54: 1 objects input, 0 objects tracked!
I1014 12:21:02.265476  5957 work_track.cpp:162] Frame: 54 lid: 0 not tracked, will set invalid
I1014 12:21:02.265492  5957 work_thread.hpp:88]  [T-Work-Detect_0] Frame :54 split
I1014 12:21:02.265509  5957 work_thread.hpp:124]  [T-Work-Detect_0] Invalid piece: lid = 0, drop it
I1014 12:21:02.265553  5960 thread_intergrate.hpp:78] [T-Intergrate-intergrate] queue: frame output frame :54
I1014 12:21:02.266647  5960 thread_intergrate.hpp:157] T-Intergrate-intergrate Show face :0, size :640 * 360
I1014 12:21:02.267359  5956 demo_inner.hpp:435] thread [SORT-0]  frame id 54 sorting queue size 1   FPS: 29.8592
I1014 12:21:02.278060  5955 demo_inner.hpp:260]  gui queue size 1, state = running
I1014 12:21:02.293901  5954 demo_inner.hpp:177] decode queue size 0
I1014 12:21:02.294018  5957 work_thread.hpp:81]  [T-Work-Detect_0] Run work: WorkDetect
I1014 12:21:02.294054  5957 work_detect.cpp:102] Succeeded to add det start for frame 55
I1014 12:21:02.300654  5957 work_detect.cpp:70] Frame :55 detect result :1 face(s)
I1014 12:21:02.300700  5957 work_detect.cpp:86] Detected bbox: [150 x 174 from (183, 185)]
I1014 12:21:02.300743  5957 work_detect.cpp:120] Succeeded to add det end for frame 55
I1014 12:21:02.300760  5957 work_thread.hpp:81]  [T-Work-Detect_0] Run work: WrokTrack
I1014 12:21:02.300784  5957 work_track.cpp:82] Frame: 55 build input_characts: [0.234375 x 0.483333 from (0.285937, 0.513889)], 0.997596, 0
I1014 12:21:02.300840  5957 work_track.cpp:102] Succeeded to set track lock for frame 55
I1014 12:21:02.300880  5957 work_track.cpp:116] Succeeded to release track lock for frame 55
I1014 12:21:02.300894  5957 work_track.cpp:120] Track results of frame 55: 1 objects input, 0 objects tracked!
I1014 12:21:02.300912  5957 work_track.cpp:162] Frame: 55 lid: 0 not tracked, will set invalid
I1014 12:21:02.300928  5957 work_thread.hpp:88]  [T-Work-Detect_0] Frame :55 split
I1014 12:21:02.300945  5957 work_thread.hpp:124]  [T-Work-Detect_0] Invalid piece: lid = 0, drop it
I1014 12:21:02.300990  5960 thread_intergrate.hpp:78] [T-Intergrate-intergrate] queue: frame output frame :55
I1014 12:21:02.302081  5960 thread_intergrate.hpp:157] T-Intergrate-intergrate Show face :0, size :640 * 360
I1014 12:21:02.302700  5956 demo_inner.hpp:435] thread [SORT-0]  frame id 55 sorting queue size 0   FPS: 29.8343
I1014 12:21:02.324375  5954 demo_inner.hpp:177] decode queue size 0
I1014 12:21:02.324486  5957 work_thread.hpp:81]  [T-Work-Detect_0] Run work: WorkDetect
I1014 12:21:02.324522  5957 work_detect.cpp:102] Succeeded to add det start for frame 56
I1014 12:21:02.331275  5957 work_detect.cpp:70] Frame :56 detect result :1 face(s)
I1014 12:21:02.331320  5957 work_detect.cpp:86] Detected bbox: [150 x 179 from (182, 180)]
I1014 12:21:02.331362  5957 work_detect.cpp:120] Succeeded to add det end for frame 56
I1014 12:21:02.331379  5957 work_thread.hpp:81]  [T-Work-Detect_0] Run work: WrokTrack
I1014 12:21:02.331404  5957 work_track.cpp:82] Frame: 56 build input_characts: [0.234375 x 0.497222 from (0.284375, 0.5)], 0.997488, 0
I1014 12:21:02.331461  5957 work_track.cpp:102] Succeeded to set track lock for frame 56
I1014 12:21:02.331502  5957 work_track.cpp:116] Succeeded to release track lock for frame 56
I1014 12:21:02.331517  5957 work_track.cpp:120] Track results of frame 56: 1 objects input, 1 objects tracked!
I1014 12:21:02.331535  5957 work_track.cpp:148] Frame: 56, track bbox: [150 x 179 from (181.989, 180.156)], gid: 1, lid: 0
I1014 12:21:02.331571  5957 work_thread.hpp:88]  [T-Work-Detect_0] Frame :56 split
I1014 12:21:02.331661  5957 work_thread.hpp:120]  [T-Work-Detect_0] Valid piece: gid = 1
I1014 12:21:02.331682  5957 work_thread.hpp:92]  [T-Work-Detect_0] Push to split queue:recog
I1014 12:21:02.331730  5958 work_thread.hpp:81]  [T-Work-Recog_0] Run work: WorkCapture
I1014 12:21:02.332031  5960 thread_intergrate.hpp:78] [T-Intergrate-intergrate] queue: frame output frame :56
I1014 12:21:02.332270  5958 work_thread.hpp:81]  [T-Work-Recog_0] Run work: WorkRecog
I1014 12:21:02.332294  5958 work_recog.hpp:89] Face id: 1 will run recog: bbox [150 x 179 from (182, 180)] quality: 0.385422
I1014 12:21:02.332322  5958 work_recog.hpp:96] Recog pair: [216 x 216 from (152, 144)], [150 x 179 from (30, 36)]
I1014 12:21:02.333164  5960 thread_intergrate.hpp:157] T-Intergrate-intergrate Show face :0, size :640 * 360
I1014 12:21:02.333765  5956 demo_inner.hpp:435] thread [SORT-0]  frame id 56 sorting queue size 1   FPS: 29.8751
I1014 12:21:02.349942  5958 work_thread.hpp:81]  [T-Work-Recog_0] Run work: WorkCompare
I1014 12:21:02.350404  5958 work_compare.cpp:76] Compare face: 1 successed, similarity :0.973155, name : images/ThangLMb.jpg, normal size : 1548 * 1719!
I1014 12:21:02.351045  5955 demo_inner.hpp:260]  gui queue size 1, state = running
I1014 12:21:02.361392  5954 demo_inner.hpp:177] decode queue size 0
I1014 12:21:02.361500  5957 work_thread.hpp:81]  [T-Work-Detect_0] Run work: WorkDetect
I1014 12:21:02.361534  5957 work_detect.cpp:102] Succeeded to add det start for frame 57
I1014 12:21:02.368345  5957 work_detect.cpp:70] Frame :57 detect result :1 face(s)
I1014 12:21:02.368399  5957 work_detect.cpp:86] Detected bbox: [146 x 168 from (185, 186)]
I1014 12:21:02.368443  5957 work_detect.cpp:120] Succeeded to add det end for frame 57
I1014 12:21:02.368458  5957 work_thread.hpp:81]  [T-Work-Detect_0] Run work: WrokTrack
I1014 12:21:02.368484  5957 work_track.cpp:82] Frame: 57 build input_characts: [0.228125 x 0.466667 from (0.289062, 0.516667)], 0.997488, 0
I1014 12:21:02.368541  5957 work_track.cpp:102] Succeeded to set track lock for frame 57
I1014 12:21:02.368580  5957 work_track.cpp:116] Succeeded to release track lock for frame 57
I1014 12:21:02.368595  5957 work_track.cpp:120] Track results of frame 57: 1 objects input, 1 objects tracked!
I1014 12:21:02.368613  5957 work_track.cpp:148] Frame: 57, track bbox: [146 x 168 from (184.401, 185.3)], gid: 1, lid: 0
I1014 12:21:02.368650  5957 work_thread.hpp:88]  [T-Work-Detect_0] Frame :57 split
I1014 12:21:02.368669  5957 work_thread.hpp:120]  [T-Work-Detect_0] Valid piece: gid = 1
I1014 12:21:02.368686  5957 work_thread.hpp:92]  [T-Work-Detect_0] Push to split queue:recog
I1014 12:21:02.368736  5958 work_thread.hpp:81]  [T-Work-Recog_0] Run work: WorkCapture
I1014 12:21:02.369184  5960 thread_intergrate.hpp:78] [T-Intergrate-intergrate] queue: frame output frame :57
I1014 12:21:02.369212  5960 thread_intergrate.hpp:85] [T-Intergrate-intergrate] queue: compare output face:1
I1014 12:21:02.369253  5960 thread_intergrate.hpp:137] T-Intergrate-intergrate set matched face: 1
I1014 12:21:02.369436  5958 work_thread.hpp:81]  [T-Work-Recog_0] Run work: WorkRecog
I1014 12:21:02.369459  5958 work_recog.hpp:89] Face id: 1 will run recog: bbox [146 x 168 from (185, 186)] quality: 0.43145
I1014 12:21:02.369487  5958 work_recog.hpp:96] Recog pair: [208 x 208 from (152, 152)], [146 x 168 from (33, 34)]
I1014 12:21:02.371158  5960 thread_intergrate.hpp:157] T-Intergrate-intergrate Show face :1, size :640 * 360
I1014 12:21:02.371814  5956 demo_inner.hpp:435] thread [SORT-0]  frame id 57 sorting queue size 0   FPS: 29.8031
I1014 12:21:02.387110  5958 work_thread.hpp:81]  [T-Work-Recog_0] Run work: WorkCompare
I1014 12:21:02.387576  5958 work_compare.cpp:76] Compare face: 1 successed, similarity :0.979835, name : images/ThangLMb.jpg, normal size : 1548 * 1719!
I1014 12:21:02.392390  5954 demo_inner.hpp:177] decode queue size 0
I1014 12:21:02.392477  5957 work_thread.hpp:81]  [T-Work-Detect_0] Run work: WorkDetect
I1014 12:21:02.392511  5957 work_detect.cpp:102] Succeeded to add det start for frame 58
I1014 12:21:02.399329  5957 work_detect.cpp:70] Frame :58 detect result :1 face(s)
I1014 12:21:02.399379  5957 work_detect.cpp:86] Detected bbox: [145 x 173 from (186, 183)]
I1014 12:21:02.399423  5957 work_detect.cpp:120] Succeeded to add det end for frame 58
I1014 12:21:02.399439  5957 work_thread.hpp:81]  [T-Work-Detect_0] Run work: WrokTrack
I1014 12:21:02.399463  5957 work_track.cpp:82] Frame: 58 build input_characts: [0.226562 x 0.480556 from (0.290625, 0.508333)], 0.997328, 0
I1014 12:21:02.399519  5957 work_track.cpp:102] Succeeded to set track lock for frame 58
I1014 12:21:02.399560  5957 work_track.cpp:116] Succeeded to release track lock for frame 58
I1014 12:21:02.399575  5957 work_track.cpp:120] Track results of frame 58: 1 objects input, 1 objects tracked!
I1014 12:21:02.399593  5957 work_track.cpp:148] Frame: 58, track bbox: [145 x 173 from (185.406, 182.404)], gid: 1, lid: 0
I1014 12:21:02.399631  5957 work_thread.hpp:88]  [T-Work-Detect_0] Frame :58 split
I1014 12:21:02.399648  5957 work_thread.hpp:120]  [T-Work-Detect_0] Valid piece: gid = 1
I1014 12:21:02.399667  5957 work_thread.hpp:92]  [T-Work-Detect_0] Push to split queue:recog
I1014 12:21:02.399710  5958 work_thread.hpp:81]  [T-Work-Recog_0] Run work: WorkCapture
I1014 12:21:02.400009  5960 thread_intergrate.hpp:78] [T-Intergrate-intergrate] queue: frame output frame :58
I1014 12:21:02.400038  5960 thread_intergrate.hpp:85] [T-Intergrate-intergrate] queue: compare output face:1
I1014 12:21:02.400058  5960 thread_intergrate.hpp:137] T-Intergrate-intergrate set matched face: 1
I1014 12:21:02.400255  5958 work_thread.hpp:81]  [T-Work-Recog_0] Run work: WorkRecog
I1014 12:21:02.400279  5958 work_recog.hpp:89] Face id: 1 will run recog: bbox [145 x 173 from (186, 183)] quality: 0.444967
I1014 12:21:02.400307  5958 work_recog.hpp:96] Recog pair: [208 x 216 from (152, 144)], [145 x 173 from (34, 39)]
I1014 12:21:02.401594  5960 thread_intergrate.hpp:157] T-Intergrate-intergrate Show face :1, size :640 * 360
I1014 12:21:02.402236  5956 demo_inner.hpp:435] thread [SORT-0]  frame id 58 sorting queue size 1   FPS: 29.8586
I1014 12:21:02.418032  5958 work_thread.hpp:81]  [T-Work-Recog_0] Run work: WorkCompare
I1014 12:21:02.418496  5958 work_compare.cpp:76] Compare face: 1 successed, similarity :0.978244, name : images/ThangLMb.jpg, normal size : 1548 * 1719!
I1014 12:21:02.428395  5954 demo_inner.hpp:177] decode queue size 0
I1014 12:21:02.428519  5957 work_thread.hpp:81]  [T-Work-Detect_0] Run work: WorkDetect
I1014 12:21:02.428556  5957 work_detect.cpp:102] Succeeded to add det start for frame 59
I1014 12:21:02.435509  5957 work_detect.cpp:70] Frame :59 detect result :1 face(s)
I1014 12:21:02.435561  5957 work_detect.cpp:86] Detected bbox: [143 x 180 from (192, 179)]
I1014 12:21:02.435606  5957 work_detect.cpp:120] Succeeded to add det end for frame 59
I1014 12:21:02.435622  5957 work_thread.hpp:81]  [T-Work-Detect_0] Run work: WrokTrack
I1014 12:21:02.435648  5957 work_track.cpp:82] Frame: 59 build input_characts: [0.223438 x 0.5 from (0.3, 0.497222)], 0.997596, 0
I1014 12:21:02.435703  5957 work_track.cpp:102] Succeeded to set track lock for frame 59
I1014 12:21:02.435742  5957 work_track.cpp:116] Succeeded to release track lock for frame 59
I1014 12:21:02.435757  5957 work_track.cpp:120] Track results of frame 59: 1 objects input, 1 objects tracked!
I1014 12:21:02.435775  5957 work_track.cpp:148] Frame: 59, track bbox: [143 x 180 from (189.288, 178.482)], gid: 1, lid: 0
I1014 12:21:02.435811  5957 work_thread.hpp:88]  [T-Work-Detect_0] Frame :59 split
I1014 12:21:02.435828  5957 work_thread.hpp:120]  [T-Work-Detect_0] Valid piece: gid = 1
I1014 12:21:02.435847  5957 work_thread.hpp:92]  [T-Work-Detect_0] Push to split queue:recog
I1014 12:21:02.435895  5960 thread_intergrate.hpp:78] [T-Intergrate-intergrate] queue: frame output frame :59
I1014 12:21:02.435897  5959 work_thread.hpp:81]  [T-Work-Recog_1] Run work: WorkCapture
I1014 12:21:02.435925  5960 thread_intergrate.hpp:85] [T-Intergrate-intergrate] queue: compare output face:1
I1014 12:21:02.436026  5960 thread_intergrate.hpp:137] T-Intergrate-intergrate set matched face: 1
I1014 12:21:02.436569  5959 work_thread.hpp:81]  [T-Work-Recog_1] Run work: WorkRecog
I1014 12:21:02.436597  5959 work_recog.hpp:89] Face id: 1 will run recog: bbox [143 x 180 from (192, 179)] quality: 0.444325
I1014 12:21:02.436630  5959 work_recog.hpp:96] Recog pair: [208 x 224 from (160, 136)], [143 x 180 from (32, 43)]
I1014 12:21:02.437466  5960 thread_intergrate.hpp:157] T-Intergrate-intergrate Show face :1, size :640 * 360
I1014 12:21:02.438011  5956 demo_inner.hpp:435] thread [SORT-0]  frame id 59 sorting queue size 2   FPS: 29.8201
I1014 12:21:02.450861  5955 demo_inner.hpp:260]  gui queue size 2, state = running
I1014 12:21:02.455639  5959 work_thread.hpp:81]  [T-Work-Recog_1] Run work: WorkCompare
I1014 12:21:02.456194  5959 work_compare.cpp:76] Compare face: 1 successed, similarity :0.975399, name : images/ThangLMb.jpg, normal size : 1548 * 1719!
I1014 12:21:02.458703  5954 demo_inner.hpp:177] decode queue size 0
I1014 12:21:02.458820  5957 work_thread.hpp:81]  [T-Work-Detect_0] Run work: WorkDetect
I1014 12:21:02.458855  5957 work_detect.cpp:102] Succeeded to add det start for frame 60
I1014 12:21:02.465490  5957 work_detect.cpp:70] Frame :60 detect result :1 face(s)
I1014 12:21:02.465538  5957 work_detect.cpp:86] Detected bbox: [144 x 179 from (192, 179)]
I1014 12:21:02.465582  5957 work_detect.cpp:120] Succeeded to add det end for frame 60
I1014 12:21:02.465600  5957 work_thread.hpp:81]  [T-Work-Detect_0] Run work: WrokTrack
I1014 12:21:02.465623  5957 work_track.cpp:82] Frame: 60 build input_characts: [0.225 x 0.497222 from (0.3, 0.497222)], 0.997596, 0
I1014 12:21:02.465678  5957 work_track.cpp:102] Succeeded to set track lock for frame 60
I1014 12:21:02.465719  5957 work_track.cpp:116] Succeeded to release track lock for frame 60
I1014 12:21:02.465734  5957 work_track.cpp:120] Track results of frame 60: 1 objects input, 1 objects tracked!
I1014 12:21:02.465752  5957 work_track.cpp:148] Frame: 60, track bbox: [144 x 179 from (191.404, 178.859)], gid: 1, lid: 0
I1014 12:21:02.465790  5957 work_thread.hpp:88]  [T-Work-Detect_0] Frame :60 split
I1014 12:21:02.465807  5957 work_thread.hpp:120]  [T-Work-Detect_0] Valid piece: gid = 1
I1014 12:21:02.465826  5957 work_thread.hpp:92]  [T-Work-Detect_0] Push to split queue:recog
I1014 12:21:02.465876  5959 work_thread.hpp:81]  [T-Work-Recog_1] Run work: WorkCapture
I1014 12:21:02.465878  5960 thread_intergrate.hpp:78] [T-Intergrate-intergrate] queue: frame output frame :60
I1014 12:21:02.465919  5960 thread_intergrate.hpp:85] [T-Intergrate-intergrate] queue: compare output face:1
I1014 12:21:02.465939  5960 thread_intergrate.hpp:137] T-Intergrate-intergrate set matched face: 1
I1014 12:21:02.466565  5959 work_thread.hpp:81]  [T-Work-Recog_1] Run work: WorkRecog
I1014 12:21:02.466594  5959 work_recog.hpp:89] Face id: 1 will run recog: bbox [144 x 179 from (192, 179)] quality: 0.47159
I1014 12:21:02.466627  5959 work_recog.hpp:96] Recog pair: [208 x 216 from (160, 144)], [144 x 179 from (32, 35)]
I1014 12:21:02.467366  5960 thread_intergrate.hpp:157] T-Intergrate-intergrate Show face :1, size :640 * 360
I1014 12:21:02.467840  5956 demo_inner.hpp:435] thread [SORT-0]  frame id 60 sorting queue size 0   FPS: 29.8734
I1014 12:21:02.484887  5959 work_thread.hpp:81]  [T-Work-Recog_1] Run work: WorkCompare
I1014 12:21:02.485410  5959 work_compare.cpp:76] Compare face: 1 successed, similarity :0.945103, name : images/ThangLMb.jpg, normal size : 1548 * 1719!
I1014 12:21:02.495314  5954 demo_inner.hpp:177] decode queue size 0
I1014 12:21:02.495447  5957 work_thread.hpp:81]  [T-Work-Detect_0] Run work: WorkDetect
I1014 12:21:02.495484  5957 work_detect.cpp:102] Succeeded to add det start for frame 61
I1014 12:21:02.502068  5957 work_detect.cpp:70] Frame :61 detect result :1 face(s)
I1014 12:21:02.502116  5957 work_detect.cpp:86] Detected bbox: [140 x 178 from (198, 180)]
I1014 12:21:02.502159  5957 work_detect.cpp:120] Succeeded to add det end for frame 61
I1014 12:21:02.502249  5957 work_thread.hpp:81]  [T-Work-Detect_0] Run work: WrokTrack
I1014 12:21:02.502276  5957 work_track.cpp:82] Frame: 61 build input_characts: [0.21875 x 0.494444 from (0.309375, 0.5)], 0.997596, 0
I1014 12:21:02.502331  5957 work_track.cpp:102] Succeeded to set track lock for frame 61
I1014 12:21:02.502372  5957 work_track.cpp:116] Succeeded to release track lock for frame 61
I1014 12:21:02.502387  5957 work_track.cpp:120] Track results of frame 61: 1 objects input, 1 objects tracked!
I1014 12:21:02.502405  5957 work_track.cpp:148] Frame: 61, track bbox: [140 x 178 from (197.072, 179.709)], gid: 1, lid: 0
I1014 12:21:02.502441  5957 work_thread.hpp:88]  [T-Work-Detect_0] Frame :61 split
I1014 12:21:02.502460  5957 work_thread.hpp:120]  [T-Work-Detect_0] Valid piece: gid = 1
I1014 12:21:02.502477  5957 work_thread.hpp:92]  [T-Work-Detect_0] Push to split queue:recog
I1014 12:21:02.502523  5960 thread_intergrate.hpp:78] [T-Intergrate-intergrate] queue: frame output frame :61
I1014 12:21:02.502524  5959 work_thread.hpp:81]  [T-Work-Recog_1] Run work: WorkCapture
I1014 12:21:02.502553  5960 thread_intergrate.hpp:85] [T-Intergrate-intergrate] queue: compare output face:1
I1014 12:21:02.502573  5960 thread_intergrate.hpp:137] T-Intergrate-intergrate set matched face: 1
I1014 12:21:02.503160  5959 work_thread.hpp:81]  [T-Work-Recog_1] Run work: WorkRecog
