I1014 15:47:22.000751  9483 demo_inner.hpp:177] decode queue size 0
I1014 15:47:22.000856  9486 work_thread.hpp:81]  [T-Work-Detect_0] Run work: WorkDetect
I1014 15:47:22.000892  9486 work_detect.cpp:102] Succeeded to add det start for frame 108
I1014 15:47:22.007596  9486 work_detect.cpp:70] Frame :108 detect result :1 face(s)
I1014 15:47:22.007642  9486 work_detect.cpp:86] Detected bbox: [185 x 236 from (286, 124)]
I1014 15:47:22.007688  9486 work_detect.cpp:120] Succeeded to add det end for frame 108
I1014 15:47:22.007705  9486 work_thread.hpp:81]  [T-Work-Detect_0] Run work: WrokTrack
I1014 15:47:22.007730  9486 work_track.cpp:82] Frame: 108 build input_characts: [0.289062 x 0.655556 from (0.446875, 0.344444)], 1.00019, 0
I1014 15:47:22.007784  9486 work_track.cpp:102] Succeeded to set track lock for frame 108
I1014 15:47:22.007825  9486 work_track.cpp:116] Succeeded to release track lock for frame 108
I1014 15:47:22.007840  9486 work_track.cpp:120] Track results of frame 108: 1 objects input, 1 objects tracked!
I1014 15:47:22.007858  9486 work_track.cpp:148] Frame: 108, track bbox: [185 x 236 from (292.066, 123.13)], gid: 0, lid: 0
I1014 15:47:22.007968  9486 work_thread.hpp:87]  [T-Work-Detect_0] Frame :108 split
I1014 15:47:22.007988  9486 work_thread.hpp:120]  [T-Work-Detect_0] Valid piece: gid = 0
I1014 15:47:22.008006  9486 work_thread.hpp:91]  [T-Work-Detect_0] Push to split queue:recog
I1014 15:47:22.008054  9488 work_thread.hpp:81]  [T-Work-Recog_1] Run work: WorkCapture
I1014 15:47:22.008054  9489 thread_intergrate.hpp:78] [T-Intergrate-intergrate] queue: frame output frame :108
I1014 15:47:22.008092  9489 thread_intergrate.hpp:85] [T-Intergrate-intergrate] queue: compare output face:0
I1014 15:47:22.008111  9489 thread_intergrate.hpp:144] T-Intergrate-intergrate set matched face: 0
I1014 15:47:22.008651  9488 work_thread.hpp:81]  [T-Work-Recog_1] Run work: WorkRecog
I1014 15:47:22.008674  9488 work_recog.hpp:89] Face id: 0 will run recog: bbox [185 x 236 from (286, 124)] quality: 0.474702
I1014 15:47:22.008705  9488 work_recog.hpp:96] Recog pair: [264 x 288 from (248, 72)], [185 x 236 from (38, 52)]
I1014 15:47:22.009613  9489 thread_intergrate.hpp:188] T-Intergrate-intergrate Show face :0, size :640 * 360
I1014 15:47:22.010263  9485 demo_inner.hpp:435] thread [SORT-0]  frame id 108 sorting queue size 0   FPS: 29.9252
I1014 15:47:22.026193  9488 work_thread.hpp:81]  [T-Work-Recog_1] Run work: WorkCompare
I1014 15:47:22.026656  9488 work_compare.cpp:76] Compare face: 0 successed, similarity :0.994531, name : images/ThangLMb.jpg, normal size : 1548 * 1719!
I1014 15:47:22.031133  9483 demo_inner.hpp:177] decode queue size 0
I1014 15:47:22.031234  9486 work_thread.hpp:81]  [T-Work-Detect_0] Run work: WorkDetect
I1014 15:47:22.031268  9486 work_detect.cpp:102] Succeeded to add det start for frame 109
I1014 15:47:22.038050  9486 work_detect.cpp:70] Frame :109 detect result :1 face(s)
I1014 15:47:22.038091  9486 work_detect.cpp:86] Detected bbox: [183 x 225 from (297, 128)]
I1014 15:47:22.038134  9486 work_detect.cpp:120] Succeeded to add det end for frame 109
I1014 15:47:22.038151  9486 work_thread.hpp:81]  [T-Work-Detect_0] Run work: WrokTrack
I1014 15:47:22.038177  9486 work_track.cpp:82] Frame: 109 build input_characts: [0.285937 x 0.625 from (0.464063, 0.355556)], 1.00019, 0
I1014 15:47:22.038229  9486 work_track.cpp:102] Succeeded to set track lock for frame 109
I1014 15:47:22.038288  9486 work_track.cpp:116] Succeeded to release track lock for frame 109
I1014 15:47:22.038305  9486 work_track.cpp:120] Track results of frame 109: 1 objects input, 1 objects tracked!
I1014 15:47:22.038322  9486 work_track.cpp:148] Frame: 109, track bbox: [183 x 225 from (295.707, 128.665)], gid: 0, lid: 0
I1014 15:47:22.038357  9486 work_thread.hpp:87]  [T-Work-Detect_0] Frame :109 split
I1014 15:47:22.038375  9486 work_thread.hpp:120]  [T-Work-Detect_0] Valid piece: gid = 0
I1014 15:47:22.038393  9486 work_thread.hpp:91]  [T-Work-Detect_0] Push to split queue:recog
I1014 15:47:22.038439  9487 work_thread.hpp:81]  [T-Work-Recog_0] Run work: WorkCapture
I1014 15:47:22.038444  9489 thread_intergrate.hpp:78] [T-Intergrate-intergrate] queue: frame output frame :109
I1014 15:47:22.038471  9489 thread_intergrate.hpp:85] [T-Intergrate-intergrate] queue: compare output face:0
I1014 15:47:22.038491  9489 thread_intergrate.hpp:144] T-Intergrate-intergrate set matched face: 0
I1014 15:47:22.039016  9487 work_thread.hpp:81]  [T-Work-Recog_0] Run work: WorkRecog
I1014 15:47:22.039041  9487 work_recog.hpp:89] Face id: 0 will run recog: bbox [183 x 225 from (297, 128)] quality: 0.451212
I1014 15:47:22.039072  9487 work_recog.hpp:96] Recog pair: [264 x 280 from (256, 80)], [183 x 225 from (41, 48)]
I1014 15:47:22.039963  9489 thread_intergrate.hpp:188] T-Intergrate-intergrate Show face :0, size :640 * 360
I1014 15:47:22.040632  9485 demo_inner.hpp:435] thread [SORT-0]  frame id 109 sorting queue size 1   FPS: 29.9252
I1014 15:47:22.056800  9487 work_thread.hpp:81]  [T-Work-Recog_0] Run work: WorkCompare
I1014 15:47:22.057265  9487 work_compare.cpp:76] Compare face: 0 successed, similarity :0.994344, name : images/ThangLMb.jpg, normal size : 1548 * 1719!
I1014 15:47:22.066740  9483 demo_inner.hpp:177] decode queue size 0
I1014 15:47:22.066926  9486 work_thread.hpp:81]  [T-Work-Detect_0] Run work: WorkDetect
I1014 15:47:22.066962  9486 work_detect.cpp:102] Succeeded to add det start for frame 110
I1014 15:47:22.073701  9486 work_detect.cpp:70] Frame :110 detect result :1 face(s)
I1014 15:47:22.073746  9486 work_detect.cpp:86] Detected bbox: [178 x 222 from (299, 129)]
I1014 15:47:22.073789  9486 work_detect.cpp:120] Succeeded to add det end for frame 110
I1014 15:47:22.073807  9486 work_thread.hpp:81]  [T-Work-Detect_0] Run work: WrokTrack
I1014 15:47:22.073830  9486 work_track.cpp:82] Frame: 110 build input_characts: [0.278125 x 0.616667 from (0.467187, 0.358333)], 1.00035, 0
I1014 15:47:22.073884  9486 work_track.cpp:102] Succeeded to set track lock for frame 110
I1014 15:47:22.073922  9486 work_track.cpp:116] Succeeded to release track lock for frame 110
I1014 15:47:22.073937  9486 work_track.cpp:120] Track results of frame 110: 1 objects input, 1 objects tracked!
I1014 15:47:22.073956  9486 work_track.cpp:148] Frame: 110, track bbox: [178 x 222 from (296.832, 129.58)], gid: 0, lid: 0
I1014 15:47:22.073990  9486 work_thread.hpp:87]  [T-Work-Detect_0] Frame :110 split
I1014 15:47:22.074008  9486 work_thread.hpp:120]  [T-Work-Detect_0] Valid piece: gid = 0
I1014 15:47:22.074025  9486 work_thread.hpp:91]  [T-Work-Detect_0] Push to split queue:recog
I1014 15:47:22.074069  9487 work_thread.hpp:81]  [T-Work-Recog_0] Run work: WorkCapture
I1014 15:47:22.074070  9489 thread_intergrate.hpp:78] [T-Intergrate-intergrate] queue: frame output frame :110
I1014 15:47:22.074108  9489 thread_intergrate.hpp:85] [T-Intergrate-intergrate] queue: compare output face:0
I1014 15:47:22.074128  9489 thread_intergrate.hpp:144] T-Intergrate-intergrate set matched face: 0
I1014 15:47:22.074652  9487 work_thread.hpp:81]  [T-Work-Recog_0] Run work: WorkRecog
I1014 15:47:22.074678  9487 work_recog.hpp:89] Face id: 0 will run recog: bbox [178 x 222 from (299, 129)] quality: 0.43927
I1014 15:47:22.074709  9487 work_recog.hpp:96] Recog pair: [248 x 280 from (264, 80)], [178 x 222 from (35, 49)]
I1014 15:47:22.075615  9489 thread_intergrate.hpp:188] T-Intergrate-intergrate Show face :0, size :640 * 360
I1014 15:47:22.076429  9485 demo_inner.hpp:435] thread [SORT-0]  frame id 110 sorting queue size 2   FPS: 29.9551
I1014 15:47:22.080132  9484 demo_inner.hpp:260]  gui queue size 2, state = running
I1014 15:47:22.092418  9487 work_thread.hpp:81]  [T-Work-Recog_0] Run work: WorkCompare
I1014 15:47:22.092886  9487 work_compare.cpp:76] Compare face: 0 successed, similarity :0.99403, name : images/ThangLMb.jpg, normal size : 1548 * 1719!
I1014 15:47:22.097095  9483 demo_inner.hpp:177] decode queue size 0
I1014 15:47:22.097185  9486 work_thread.hpp:81]  [T-Work-Detect_0] Run work: WorkDetect
I1014 15:47:22.097223  9486 work_detect.cpp:102] Succeeded to add det start for frame 111
I1014 15:47:22.104002  9486 work_detect.cpp:70] Frame :111 detect result :1 face(s)
I1014 15:47:22.104043  9486 work_detect.cpp:86] Detected bbox: [180 x 233 from (287, 126)]
I1014 15:47:22.104086  9486 work_detect.cpp:120] Succeeded to add det end for frame 111
I1014 15:47:22.104102  9486 work_thread.hpp:81]  [T-Work-Detect_0] Run work: WrokTrack
I1014 15:47:22.104126  9486 work_track.cpp:82] Frame: 111 build input_characts: [0.28125 x 0.647222 from (0.448438, 0.35)], 1.00019, 0
I1014 15:47:22.104207  9486 work_track.cpp:102] Succeeded to set track lock for frame 111
I1014 15:47:22.104248  9486 work_track.cpp:116] Succeeded to release track lock for frame 111
I1014 15:47:22.104262  9486 work_track.cpp:120] Track results of frame 111: 1 objects input, 1 objects tracked!
I1014 15:47:22.104280  9486 work_track.cpp:148] Frame: 111, track bbox: [180 x 233 from (291.18, 124.939)], gid: 0, lid: 0
I1014 15:47:22.104317  9486 work_thread.hpp:87]  [T-Work-Detect_0] Frame :111 split
I1014 15:47:22.104334  9486 work_thread.hpp:120]  [T-Work-Detect_0] Valid piece: gid = 0
I1014 15:47:22.104352  9486 work_thread.hpp:91]  [T-Work-Detect_0] Push to split queue:recog
I1014 15:47:22.104400  9488 work_thread.hpp:81]  [T-Work-Recog_1] Run work: WorkCapture
I1014 15:47:22.104404  9489 thread_intergrate.hpp:78] [T-Intergrate-intergrate] queue: frame output frame :111
I1014 15:47:22.104508  9489 thread_intergrate.hpp:85] [T-Intergrate-intergrate] queue: compare output face:0
I1014 15:47:22.104527  9489 thread_intergrate.hpp:144] T-Intergrate-intergrate set matched face: 0
I1014 15:47:22.105069  9488 work_thread.hpp:81]  [T-Work-Recog_1] Run work: WorkRecog
I1014 15:47:22.105096  9488 work_recog.hpp:89] Face id: 0 will run recog: bbox [180 x 233 from (287, 126)] quality: 0.456042
I1014 15:47:22.105127  9488 work_recog.hpp:96] Recog pair: [256 x 280 from (248, 80)], [180 x 233 from (39, 46)]
I1014 15:47:22.106004  9489 thread_intergrate.hpp:188] T-Intergrate-intergrate Show face :0, size :640 * 360
I1014 15:47:22.106632  9485 demo_inner.hpp:435] thread [SORT-0]  frame id 111 sorting queue size 0   FPS: 29.9252
I1014 15:47:22.122952  9488 work_thread.hpp:81]  [T-Work-Recog_1] Run work: WorkCompare
I1014 15:47:22.123420  9488 work_compare.cpp:76] Compare face: 0 successed, similarity :0.994936, name : images/ThangLMb.jpg, normal size : 1548 * 1719!
I1014 15:47:22.125284  9484 demo_inner.hpp:260]  gui queue size 0, state = running
I1014 15:47:22.132907  9483 demo_inner.hpp:177] decode queue size 0
I1014 15:47:22.133033  9486 work_thread.hpp:81]  [T-Work-Detect_0] Run work: WorkDetect
I1014 15:47:22.133070  9486 work_detect.cpp:102] Succeeded to add det start for frame 112
I1014 15:47:22.139739  9486 work_detect.cpp:70] Frame :112 detect result :1 face(s)
W1014 15:47:22.139778  9486 work_detect.cpp:83] Invalid bbox: [183 x 219 from (296, 149)]
I1014 15:47:22.139914  9486 work_detect.cpp:120] Succeeded to add det end for frame 112
I1014 15:47:22.139931  9486 work_thread.hpp:81]  [T-Work-Detect_0] Run work: WrokTrack
I1014 15:47:22.139958  9486 work_track.cpp:102] Succeeded to set track lock for frame 112
I1014 15:47:22.139991  9486 work_track.cpp:116] Succeeded to release track lock for frame 112
I1014 15:47:22.140005  9486 work_track.cpp:120] Track results of frame 112: 0 objects input, 1 objects tracked!
I1014 15:47:22.140023  9486 work_track.cpp:148] Frame: 112, track bbox: [180 x 233 from (289.586, 125.116)], gid: 0, lid: -1
I1014 15:47:22.140075  9486 work_thread.hpp:87]  [T-Work-Detect_0] Frame :112 split
I1014 15:47:22.140118  9489 thread_intergrate.hpp:78] [T-Intergrate-intergrate] queue: frame output frame :112
I1014 15:47:22.140146  9489 thread_intergrate.hpp:85] [T-Intergrate-intergrate] queue: compare output face:0
I1014 15:47:22.140175  9489 thread_intergrate.hpp:144] T-Intergrate-intergrate set matched face: 0
I1014 15:47:22.141603  9489 thread_intergrate.hpp:188] T-Intergrate-intergrate Show face :0, size :640 * 360
I1014 15:47:22.142168  9485 demo_inner.hpp:435] thread [SORT-0]  frame id 112 sorting queue size 0   FPS: 29.9401
I1014 15:47:22.162928  9483 demo_inner.hpp:177] decode queue size 0
I1014 15:47:22.163020  9486 work_thread.hpp:81]  [T-Work-Detect_0] Run work: WorkDetect
I1014 15:47:22.163054  9486 work_detect.cpp:102] Succeeded to add det start for frame 113
I1014 15:47:22.169747  9486 work_detect.cpp:70] Frame :113 detect result :2 face(s)
I1014 15:47:22.169791  9486 work_detect.cpp:86] Detected bbox: [176 x 228 from (284, 132)]
I1014 15:47:22.169824  9486 work_detect.cpp:86] Detected bbox: [93 x 108 from (338, 232)]
I1014 15:47:22.169855  9486 work_detect.cpp:120] Succeeded to add det end for frame 113
I1014 15:47:22.169872  9486 work_thread.hpp:81]  [T-Work-Detect_0] Run work: WrokTrack
I1014 15:47:22.169895  9486 work_track.cpp:82] Frame: 113 build input_characts: [0.275 x 0.633333 from (0.44375, 0.366667)], 1.00035, 0
I1014 15:47:22.169947  9486 work_track.cpp:82] Frame: 113 build input_characts: [0.145313 x 0.3 from (0.528125, 0.644444)], 0.909375, 1
I1014 15:47:22.169986  9486 work_track.cpp:102] Succeeded to set track lock for frame 113
I1014 15:47:22.170034  9486 work_track.cpp:116] Succeeded to release track lock for frame 113
I1014 15:47:22.170049  9486 work_track.cpp:120] Track results of frame 113: 2 objects input, 1 objects tracked!
I1014 15:47:22.170141  9486 work_track.cpp:148] Frame: 113, track bbox: [176 x 228 from (286.097, 130.655)], gid: 0, lid: 0
I1014 15:47:22.170178  9486 work_track.cpp:162] Frame: 113 lid: 1 not tracked, will set invalid
I1014 15:47:22.170194  9486 work_thread.hpp:87]  [T-Work-Detect_0] Frame :113 split
I1014 15:47:22.170210  9486 work_thread.hpp:120]  [T-Work-Detect_0] Valid piece: gid = 0
I1014 15:47:22.170228  9486 work_thread.hpp:126]  [T-Work-Detect_0] Invalid piece: lid = 1, drop it
I1014 15:47:22.170243  9486 work_thread.hpp:91]  [T-Work-Detect_0] Push to split queue:recog
I1014 15:47:22.170295  9487 work_thread.hpp:81]  [T-Work-Recog_0] Run work: WorkCapture
I1014 15:47:22.170300  9489 thread_intergrate.hpp:78] [T-Intergrate-intergrate] queue: frame output frame :113
I1014 15:47:22.170886  9487 work_thread.hpp:81]  [T-Work-Recog_0] Run work: WorkRecog
I1014 15:47:22.170910  9487 work_recog.hpp:89] Face id: 0 will run recog: bbox [176 x 228 from (284, 132)] quality: 0.450049
I1014 15:47:22.170938  9487 work_recog.hpp:96] Recog pair: [248 x 280 from (248, 80)], [176 x 228 from (36, 52)]
I1014 15:47:22.171434  9489 thread_intergrate.hpp:188] T-Intergrate-intergrate Show face :0, size :640 * 360
I1014 15:47:22.171968  9485 demo_inner.hpp:435] thread [SORT-0]  frame id 113 sorting queue size 1   FPS: 29.9401
I1014 15:47:22.188539  9487 work_thread.hpp:81]  [T-Work-Recog_0] Run work: WorkCompare
I1014 15:47:22.188994  9487 work_compare.cpp:76] Compare face: 0 successed, similarity :0.996477, name : images/ThangLMb.jpg, normal size : 1548 * 1719!
I1014 15:47:22.198882  9483 demo_inner.hpp:177] decode queue size 0
I1014 15:47:22.198982  9486 work_thread.hpp:81]  [T-Work-Detect_0] Run work: WorkDetect
I1014 15:47:22.199014  9486 work_detect.cpp:102] Succeeded to add det start for frame 114
I1014 15:47:22.205809  9486 work_detect.cpp:70] Frame :114 detect result :1 face(s)
I1014 15:47:22.205859  9486 work_detect.cpp:86] Detected bbox: [176 x 225 from (283, 133)]
I1014 15:47:22.205904  9486 work_detect.cpp:120] Succeeded to add det end for frame 114
I1014 15:47:22.205920  9486 work_thread.hpp:81]  [T-Work-Detect_0] Run work: WrokTrack
I1014 15:47:22.205945  9486 work_track.cpp:82] Frame: 114 build input_characts: [0.275 x 0.625 from (0.442187, 0.369444)], 0.999622, 0
I1014 15:47:22.205998  9486 work_track.cpp:102] Succeeded to set track lock for frame 114
I1014 15:47:22.206041  9486 work_track.cpp:116] Succeeded to release track lock for frame 114
I1014 15:47:22.206055  9486 work_track.cpp:120] Track results of frame 114: 1 objects input, 1 objects tracked!
I1014 15:47:22.206074  9486 work_track.cpp:148] Frame: 114, track bbox: [176 x 225 from (283.593, 133.122)], gid: 0, lid: 0
I1014 15:47:22.206110  9486 work_thread.hpp:87]  [T-Work-Detect_0] Frame :114 split
I1014 15:47:22.206127  9486 work_thread.hpp:120]  [T-Work-Detect_0] Valid piece: gid = 0
I1014 15:47:22.206144  9486 work_thread.hpp:91]  [T-Work-Detect_0] Push to split queue:recog
I1014 15:47:22.206189  9487 work_thread.hpp:81]  [T-Work-Recog_0] Run work: WorkCapture
I1014 15:47:22.206190  9489 thread_intergrate.hpp:78] [T-Intergrate-intergrate] queue: frame output frame :114
I1014 15:47:22.206228  9489 thread_intergrate.hpp:85] [T-Intergrate-intergrate] queue: compare output face:0
I1014 15:47:22.206248  9489 thread_intergrate.hpp:144] T-Intergrate-intergrate set matched face: 0
I1014 15:47:22.206779  9487 work_thread.hpp:81]  [T-Work-Recog_0] Run work: WorkRecog
I1014 15:47:22.206804  9487 work_recog.hpp:89] Face id: 0 will run recog: bbox [176 x 225 from (283, 133)] quality: 0.463755
I1014 15:47:22.206835  9487 work_recog.hpp:96] Recog pair: [248 x 272 from (248, 88)], [176 x 225 from (35, 45)]
I1014 15:47:22.207727  9489 thread_intergrate.hpp:188] T-Intergrate-intergrate Show face :0, size :640 * 360
I1014 15:47:22.208343  9485 demo_inner.hpp:435] thread [SORT-0]  frame id 114 sorting queue size 2   FPS: 29.9401
I1014 15:47:22.208906  9484 demo_inner.hpp:260]  gui queue size 2, state = running
I1014 15:47:22.224540  9487 work_thread.hpp:81]  [T-Work-Recog_0] Run work: WorkCompare
I1014 15:47:22.225003  9487 work_compare.cpp:76] Compare face: 0 successed, similarity :0.994694, name : images/ThangLMb.jpg, normal size : 1548 * 1719!
I1014 15:47:22.234705  9483 demo_inner.hpp:177] decode queue size 0
I1014 15:47:22.234810  9486 work_thread.hpp:81]  [T-Work-Detect_0] Run work: WorkDetect
I1014 15:47:22.234848  9486 work_detect.cpp:102] Succeeded to add det start for frame 115
I1014 15:47:22.241596  9486 work_detect.cpp:70] Frame :115 detect result :1 face(s)
W1014 15:47:22.241638  9486 work_detect.cpp:83] Invalid bbox: [180 x 215 from (295, 152)]
I1014 15:47:22.241739  9486 work_detect.cpp:120] Succeeded to add det end for frame 115
I1014 15:47:22.241757  9486 work_thread.hpp:81]  [T-Work-Detect_0] Run work: WrokTrack
I1014 15:47:22.241784  9486 work_track.cpp:102] Succeeded to set track lock for frame 115
I1014 15:47:22.241837  9486 work_track.cpp:116] Succeeded to release track lock for frame 115
I1014 15:47:22.241852  9486 work_track.cpp:120] Track results of frame 115: 0 objects input, 1 objects tracked!
I1014 15:47:22.241869  9486 work_track.cpp:148] Frame: 115, track bbox: [176 x 225 from (281.2, 134.029)], gid: 0, lid: -1
I1014 15:47:22.241922  9486 work_thread.hpp:87]  [T-Work-Detect_0] Frame :115 split
I1014 15:47:22.241968  9489 thread_intergrate.hpp:78] [T-Intergrate-intergrate] queue: frame output frame :115
I1014 15:47:22.241997  9489 thread_intergrate.hpp:85] [T-Intergrate-intergrate] queue: compare output face:0
I1014 15:47:22.242015  9489 thread_intergrate.hpp:144] T-Intergrate-intergrate set matched face: 0
I1014 15:47:22.243475  9489 thread_intergrate.hpp:188] T-Intergrate-intergrate Show face :0, size :640 * 360
I1014 15:47:22.244072  9485 demo_inner.hpp:435] thread [SORT-0]  frame id 115 sorting queue size 0   FPS: 29.9401
I1014 15:47:22.264844  9483 demo_inner.hpp:177] decode queue size 0
I1014 15:47:22.264950  9486 work_thread.hpp:81]  [T-Work-Detect_0] Run work: WorkDetect
I1014 15:47:22.264984  9486 work_detect.cpp:102] Succeeded to add det start for frame 116
I1014 15:47:22.271764  9486 work_detect.cpp:70] Frame :116 detect result :1 face(s)
W1014 15:47:22.271813  9486 work_detect.cpp:83] Invalid bbox: [177 x 222 from (281, 150)]
I1014 15:47:22.271910  9486 work_detect.cpp:120] Succeeded to add det end for frame 116
I1014 15:47:22.271926  9486 work_thread.hpp:81]  [T-Work-Detect_0] Run work: WrokTrack
I1014 15:47:22.271955  9486 work_track.cpp:102] Succeeded to set track lock for frame 116
I1014 15:47:22.271986  9486 work_track.cpp:116] Succeeded to release track lock for frame 116
I1014 15:47:22.271999  9486 work_track.cpp:120] Track results of frame 116: 0 objects input, 0 objects tracked!
I1014 15:47:22.272017  9486 work_thread.hpp:87]  [T-Work-Detect_0] Frame :116 split
I1014 15:47:22.272075  9489 thread_intergrate.hpp:78] [T-Intergrate-intergrate] queue: frame output frame :116
I1014 15:47:22.273167  9489 thread_intergrate.hpp:188] T-Intergrate-intergrate Show face :0, size :640 * 360
I1014 15:47:22.273908  9485 demo_inner.hpp:435] thread [SORT-0]  frame id 116 sorting queue size 1   FPS: 29.9401
I1014 15:47:22.300815  9483 demo_inner.hpp:177] decode queue size 0
I1014 15:47:22.300920  9486 work_thread.hpp:81]  [T-Work-Detect_0] Run work: WorkDetect
I1014 15:47:22.300956  9486 work_detect.cpp:102] Succeeded to add det start for frame 117
I1014 15:47:22.307592  9486 work_detect.cpp:70] Frame :117 detect result :1 face(s)
W1014 15:47:22.307631  9486 work_detect.cpp:83] Invalid bbox: [175 x 218 from (277, 151)]
I1014 15:47:22.307727  9486 work_detect.cpp:120] Succeeded to add det end for frame 117
I1014 15:47:22.307744  9486 work_thread.hpp:81]  [T-Work-Detect_0] Run work: WrokTrack
I1014 15:47:22.307771  9486 work_track.cpp:102] Succeeded to set track lock for frame 117
I1014 15:47:22.307806  9486 work_track.cpp:116] Succeeded to release track lock for frame 117
I1014 15:47:22.307819  9486 work_track.cpp:120] Track results of frame 117: 0 objects input, 0 objects tracked!
I1014 15:47:22.307838  9486 work_thread.hpp:87]  [T-Work-Detect_0] Frame :117 split
I1014 15:47:22.307925  9489 thread_intergrate.hpp:78] [T-Intergrate-intergrate] queue: frame output frame :117
I1014 15:47:22.309015  9489 thread_intergrate.hpp:188] T-Intergrate-intergrate Show face :0, size :640 * 360
I1014 15:47:22.309262  9484 demo_inner.hpp:260]  gui queue size 1, state = running
I1014 15:47:22.309763  9485 demo_inner.hpp:435] thread [SORT-0]  frame id 117 sorting queue size 0   FPS: 29.9401
I1014 15:47:22.330811  9483 demo_inner.hpp:177] decode queue size 0
I1014 15:47:22.330911  9486 work_thread.hpp:81]  [T-Work-Detect_0] Run work: WorkDetect
I1014 15:47:22.330950  9486 work_detect.cpp:102] Succeeded to add det start for frame 118
I1014 15:47:22.338117  9486 work_detect.cpp:70] Frame :118 detect result :1 face(s)
I1014 15:47:22.338167  9486 work_detect.cpp:86] Detected bbox: [180 x 222 from (274, 133)]
I1014 15:47:22.338213  9486 work_detect.cpp:120] Succeeded to add det end for frame 118
I1014 15:47:22.338229  9486 work_thread.hpp:81]  [T-Work-Detect_0] Run work: WrokTrack
I1014 15:47:22.338253  9486 work_track.cpp:82] Frame: 118 build input_characts: [0.28125 x 0.616667 from (0.428125, 0.369444)], 1.00035, 0
I1014 15:47:22.338308  9486 work_track.cpp:102] Succeeded to set track lock for frame 118
I1014 15:47:22.338343  9486 work_track.cpp:116] Succeeded to release track lock for frame 118
I1014 15:47:22.338357  9486 work_track.cpp:120] Track results of frame 118: 1 objects input, 0 objects tracked!
I1014 15:47:22.338376  9486 work_track.cpp:162] Frame: 118 lid: 0 not tracked, will set invalid
I1014 15:47:22.338390  9486 work_thread.hpp:87]  [T-Work-Detect_0] Frame :118 split
I1014 15:47:22.338407  9486 work_thread.hpp:126]  [T-Work-Detect_0] Invalid piece: lid = 0, drop it
I1014 15:47:22.338461  9489 thread_intergrate.hpp:78] [T-Intergrate-intergrate] queue: frame output frame :118
I1014 15:47:22.339550  9489 thread_intergrate.hpp:188] T-Intergrate-intergrate Show face :0, size :640 * 360
I1014 15:47:22.340332  9485 demo_inner.hpp:435] thread [SORT-0]  frame id 118 sorting queue size 1   FPS: 29.9401
I1014 15:47:22.366797  9483 demo_inner.hpp:177] decode queue size 0
I1014 15:47:22.366886  9486 work_thread.hpp:81]  [T-Work-Detect_0] Run work: WorkDetect
I1014 15:47:22.366919  9486 work_detect.cpp:102] Succeeded to add det start for frame 119
I1014 15:47:22.373641  9486 work_detect.cpp:70] Frame :119 detect result :1 face(s)
W1014 15:47:22.373680  9486 work_detect.cpp:83] Invalid bbox: [171 x 211 from (282, 156)]
I1014 15:47:22.373780  9486 work_detect.cpp:120] Succeeded to add det end for frame 119
I1014 15:47:22.373798  9486 work_thread.hpp:81]  [T-Work-Detect_0] Run work: WrokTrack
I1014 15:47:22.373824  9486 work_track.cpp:102] Succeeded to set track lock for frame 119
I1014 15:47:22.373854  9486 work_track.cpp:116] Succeeded to release track lock for frame 119
I1014 15:47:22.373868  9486 work_track.cpp:120] Track results of frame 119: 0 objects input, 0 objects tracked!
I1014 15:47:22.373888  9486 work_thread.hpp:87]  [T-Work-Detect_0] Frame :119 split
I1014 15:47:22.373930  9489 thread_intergrate.hpp:78] [T-Intergrate-intergrate] queue: frame output frame :119
I1014 15:47:22.375018  9489 thread_intergrate.hpp:188] T-Intergrate-intergrate Show face :0, size :640 * 360
I1014 15:47:22.375727  9485 demo_inner.hpp:435] thread [SORT-0]  frame id 119 sorting queue size 2   FPS: 29.9551
I1014 15:47:22.376505  9484 demo_inner.hpp:260]  gui queue size 2, state = running
I1014 15:47:22.397050  9483 demo_inner.hpp:177] decode queue size 0
I1014 15:47:22.397159  9486 work_thread.hpp:81]  [T-Work-Detect_0] Run work: WorkDetect
I1014 15:47:22.397197  9486 work_detect.cpp:102] Succeeded to add det start for frame 120
I1014 15:47:22.403812  9486 work_detect.cpp:70] Frame :120 detect result :1 face(s)
I1014 15:47:22.403848  9486 work_detect.cpp:86] Detected bbox: [184 x 220 from (274, 136)]
I1014 15:47:22.403893  9486 work_detect.cpp:120] Succeeded to add det end for frame 120
I1014 15:47:22.403909  9486 work_thread.hpp:81]  [T-Work-Detect_0] Run work: WrokTrack
I1014 15:47:22.404011  9486 work_track.cpp:82] Frame: 120 build input_characts: [0.2875 x 0.611111 from (0.428125, 0.377778)], 1.00035, 0
I1014 15:47:22.404320  9486 work_track.cpp:102] Succeeded to set track lock for frame 120
I1014 15:47:22.404362  9486 work_track.cpp:116] Succeeded to release track lock for frame 120
I1014 15:47:22.404377  9486 work_track.cpp:120] Track results of frame 120: 1 objects input, 0 objects tracked!
I1014 15:47:22.404395  9486 work_track.cpp:162] Frame: 120 lid: 0 not tracked, will set invalid
I1014 15:47:22.404412  9486 work_thread.hpp:87]  [T-Work-Detect_0] Frame :120 split
I1014 15:47:22.404430  9486 work_thread.hpp:126]  [T-Work-Detect_0] Invalid piece: lid = 0, drop it
I1014 15:47:22.404485  9489 thread_intergrate.hpp:78] [T-Intergrate-intergrate] queue: frame output frame :120
I1014 15:47:22.405575  9489 thread_intergrate.hpp:188] T-Intergrate-intergrate Show face :0, size :640 * 360
I1014 15:47:22.406175  9485 demo_inner.hpp:435] thread [SORT-0]  frame id 120 sorting queue size 0   FPS: 29.9551
I1014 15:47:22.432788  9483 demo_inner.hpp:177] decode queue size 0
I1014 15:47:22.432894  9486 work_thread.hpp:81]  [T-Work-Detect_0] Run work: WorkDetect
I1014 15:47:22.432929  9486 work_detect.cpp:102] Succeeded to add det start for frame 121
I1014 15:47:22.439591  9486 work_detect.cpp:70] Frame :121 detect result :1 face(s)
I1014 15:47:22.439635  9486 work_detect.cpp:86] Detected bbox: [180 x 218 from (271, 134)]
I1014 15:47:22.439678  9486 work_detect.cpp:120] Succeeded to add det end for frame 121
I1014 15:47:22.439694  9486 work_thread.hpp:81]  [T-Work-Detect_0] Run work: WrokTrack
I1014 15:47:22.439718  9486 work_track.cpp:82] Frame: 121 build input_characts: [0.28125 x 0.605556 from (0.423438, 0.372222)], 1.00035, 0
I1014 15:47:22.439772  9486 work_track.cpp:102] Succeeded to set track lock for frame 121
I1014 15:47:22.439812  9486 work_track.cpp:116] Succeeded to release track lock for frame 121
I1014 15:47:22.439826  9486 work_track.cpp:120] Track results of frame 121: 1 objects input, 0 objects tracked!
I1014 15:47:22.439844  9486 work_track.cpp:162] Frame: 121 lid: 0 not tracked, will set invalid
I1014 15:47:22.439859  9486 work_thread.hpp:87]  [T-Work-Detect_0] Frame :121 split
I1014 15:47:22.439877  9486 work_thread.hpp:126]  [T-Work-Detect_0] Invalid piece: lid = 0, drop it
I1014 15:47:22.439916  9489 thread_intergrate.hpp:78] [T-Intergrate-intergrate] queue: frame output frame :121
I1014 15:47:22.441005  9489 thread_intergrate.hpp:188] T-Intergrate-intergrate Show face :0, size :640 * 360
I1014 15:47:22.441785  9485 demo_inner.hpp:435] thread [SORT-0]  frame id 121 sorting queue size 1   FPS: 30
I1014 15:47:22.468724  9483 demo_inner.hpp:177] decode queue size 0
I1014 15:47:22.468822  9486 work_thread.hpp:81]  [T-Work-Detect_0] Run work: WorkDetect
I1014 15:47:22.468858  9486 work_detect.cpp:102] Succeeded to add det start for frame 122
I1014 15:47:22.471215  9484 demo_inner.hpp:260]  gui queue size 1, state = running
I1014 15:47:22.476485  9486 work_detect.cpp:70] Frame :122 detect result :1 face(s)
I1014 15:47:22.476541  9486 work_detect.cpp:86] Detected bbox: [186 x 232 from (255, 126)]
I1014 15:47:22.476585  9486 work_detect.cpp:120] Succeeded to add det end for frame 122
I1014 15:47:22.476601  9486 work_thread.hpp:81]  [T-Work-Detect_0] Run work: WrokTrack
I1014 15:47:22.476627  9486 work_track.cpp:82] Frame: 122 build input_characts: [0.290625 x 0.644444 from (0.398438, 0.35)], 1.00019, 0
I1014 15:47:22.476683  9486 work_track.cpp:102] Succeeded to set track lock for frame 122
I1014 15:47:22.476722  9486 work_track.cpp:116] Succeeded to release track lock for frame 122
I1014 15:47:22.476737  9486 work_track.cpp:120] Track results of frame 122: 1 objects input, 1 objects tracked!
I1014 15:47:22.476754  9486 work_track.cpp:148] Frame: 122, track bbox: [186 x 232 from (260.607, 126.799)], gid: 1, lid: 0
I1014 15:47:22.476790  9486 work_thread.hpp:87]  [T-Work-Detect_0] Frame :122 split
I1014 15:47:22.476809  9486 work_thread.hpp:120]  [T-Work-Detect_0] Valid piece: gid = 1
I1014 15:47:22.477464  9486 work_thread.hpp:91]  [T-Work-Detect_0] Push to split queue:recog
I1014 15:47:22.477516  9488 work_thread.hpp:81]  [T-Work-Recog_1] Run work: WorkCapture
I1014 15:47:22.478093  9488 work_thread.hpp:81]  [T-Work-Recog_1] Run work: WorkRecog
I1014 15:47:22.478117  9488 work_recog.hpp:89] Face id: 1 will run recog: bbox [186 x 232 from (255, 126)] quality: 0.48278
I1014 15:47:22.478147  9488 work_recog.hpp:96] Recog pair: [264 x 280 from (216, 80)], [186 x 232 from (39, 46)]
I1014 15:47:22.479441  9489 thread_intergrate.hpp:78] [T-Intergrate-intergrate] queue: frame output frame :122
I1014 15:47:22.480574  9489 thread_intergrate.hpp:188] T-Intergrate-intergrate Show face :0, size :640 * 360
I1014 15:47:22.481189  9485 demo_inner.hpp:435] thread [SORT-0]  frame id 122 sorting queue size 0   FPS: 29.902
I1014 15:47:22.495635  9488 work_thread.hpp:81]  [T-Work-Recog_1] Run work: WorkCompare
I1014 15:47:22.496099  9488 work_compare.cpp:76] Compare face: 1 successed, similarity :0.995724, name : images/ThangLMb.jpg, normal size : 1548 * 1719!
I1014 15:47:22.499027  9483 demo_inner.hpp:177] decode queue size 0
I1014 15:47:22.499114  9486 work_thread.hpp:81]  [T-Work-Detect_0] Run work: WorkDetect
I1014 15:47:22.499148  9486 work_detect.cpp:102] Succeeded to add det start for frame 123
I1014 15:47:22.505988  9486 work_detect.cpp:70] Frame :123 detect result :1 face(s)
I1014 15:47:22.506028  9486 work_detect.cpp:86] Detected bbox: [185 x 232 from (255, 127)]
I1014 15:47:22.506072  9486 work_detect.cpp:120] Succeeded to add det end for frame 123
I1014 15:47:22.506086  9486 work_thread.hpp:81]  [T-Work-Detect_0] Run work: WrokTrack
I1014 15:47:22.506110  9486 work_track.cpp:82] Frame: 123 build input_characts: [0.289062 x 0.644444 from (0.398438, 0.352778)], 1.00035, 0
I1014 15:47:22.506165  9486 work_track.cpp:102] Succeeded to set track lock for frame 123
I1014 15:47:22.506206  9486 work_track.cpp:116] Succeeded to release track lock for frame 123
I1014 15:47:22.506220  9486 work_track.cpp:120] Track results of frame 123: 1 objects input, 1 objects tracked!
I1014 15:47:22.506271  9486 work_track.cpp:148] Frame: 123, track bbox: [185 x 232 from (256.224, 126.648)], gid: 1, lid: 0
I1014 15:47:22.506307  9486 work_thread.hpp:87]  [T-Work-Detect_0] Frame :123 split
I1014 15:47:22.506325  9486 work_thread.hpp:120]  [T-Work-Detect_0] Valid piece: gid = 1
I1014 15:47:22.506343  9486 work_thread.hpp:91]  [T-Work-Detect_0] Push to split queue:recog
I1014 15:47:22.506393  9487 work_thread.hpp:81]  [T-Work-Recog_0] Run work: WorkCapture
I1014 15:47:22.506688  9489 thread_intergrate.hpp:78] [T-Intergrate-intergrate] queue: frame output frame :123
I1014 15:47:22.506714  9489 thread_intergrate.hpp:85] [T-Intergrate-intergrate] queue: compare output face:1
I1014 15:47:22.506732  9489 thread_intergrate.hpp:144] T-Intergrate-intergrate set matched face: 1
I1014 15:47:22.506958  9487 work_thread.hpp:81]  [T-Work-Recog_0] Run work: WorkRecog
I1014 15:47:22.506981  9487 work_recog.hpp:89] Face id: 1 will run recog: bbox [185 x 232 from (255, 127)] quality: 0.479325
I1014 15:47:22.507009  9487 work_recog.hpp:96] Recog pair: [264 x 280 from (216, 80)], [185 x 232 from (39, 47)]
I1014 15:47:22.508267  9489 thread_intergrate.hpp:188] T-Intergrate-intergrate Show face :1, size :640 * 360
I1014 15:47:22.508950  9485 demo_inner.hpp:435] thread [SORT-0]  frame id 123 sorting queue size 1   FPS: 30.0197
I1014 15:47:22.524659  9487 work_thread.hpp:81]  [T-Work-Recog_0] Run work: WorkCompare
I1014 15:47:22.525118  9487 work_compare.cpp:76] Compare face: 1 successed, similarity :0.996125, name : images/ThangLMb.jpg, normal size : 1548 * 1719!
I1014 15:47:22.534816  9483 demo_inner.hpp:177] decode queue size 0
I1014 15:47:22.534927  9486 work_thread.hpp:81]  [T-Work-Detect_0] Run work: WorkDetect
I1014 15:47:22.534962  9486 work_detect.cpp:102] Succeeded to add det start for frame 124
I1014 15:47:22.538614  9484 demo_inner.hpp:260]  gui queue size 1, state = running
I1014 15:47:22.542194  9486 work_detect.cpp:70] Frame :124 detect result :1 face(s)
W1014 15:47:22.542320  9486 work_detect.cpp:83] Invalid bbox: [177 x 212 from (271, 155)]
I1014 15:47:22.542421  9486 work_detect.cpp:120] Succeeded to add det end for frame 124
I1014 15:47:22.542438  9486 work_thread.hpp:81]  [T-Work-Detect_0] Run work: WrokTrack
I1014 15:47:22.542467  9486 work_track.cpp:102] Succeeded to set track lock for frame 124
I1014 15:47:22.542500  9486 work_track.cpp:116] Succeeded to release track lock for frame 124
I1014 15:47:22.542515  9486 work_track.cpp:120] Track results of frame 124: 0 objects input, 1 objects tracked!
I1014 15:47:22.542533  9486 work_track.cpp:148] Frame: 124, track bbox: [185 x 232 from (252.325, 126.215)], gid: 1, lid: -1
I1014 15:47:22.542582  9486 work_thread.hpp:87]  [T-Work-Detect_0] Frame :124 split
I1014 15:47:22.542635  9489 thread_intergrate.hpp:78] [T-Intergrate-intergrate] queue: frame output frame :124
I1014 15:47:22.542661  9489 thread_intergrate.hpp:85] [T-Intergrate-intergrate] queue: compare output face:1
I1014 15:47:22.542680  9489 thread_intergrate.hpp:144] T-Intergrate-intergrate set matched face: 1
I1014 15:47:22.544139  9489 thread_intergrate.hpp:188] T-Intergrate-intergrate Show face :1, size :640 * 360
I1014 15:47:22.544838  9485 demo_inner.hpp:435] thread [SORT-0]  frame id 124 sorting queue size 0   FPS: 29.9166
I1014 15:47:22.564882  9483 demo_inner.hpp:177] decode queue size 0
I1014 15:47:22.564977  9486 work_thread.hpp:81]  [T-Work-Detect_0] Run work: WorkDetect
I1014 15:47:22.565013  9486 work_detect.cpp:102] Succeeded to add det start for frame 125
I1014 15:47:22.571889  9486 work_detect.cpp:70] Frame :125 detect result :1 face(s)
I1014 15:47:22.571933  9486 work_detect.cpp:86] Detected bbox: [186 x 233 from (255, 127)]
I1014 15:47:22.571975  9486 work_detect.cpp:120] Succeeded to add det end for frame 125
I1014 15:47:22.571992  9486 work_thread.hpp:81]  [T-Work-Detect_0] Run work: WrokTrack
I1014 15:47:22.572016  9486 work_track.cpp:82] Frame: 125 build input_characts: [0.290625 x 0.647222 from (0.398438, 0.352778)], 1.00019, 0
I1014 15:47:22.572070  9486 work_track.cpp:102] Succeeded to set track lock for frame 125
I1014 15:47:22.572110  9486 work_track.cpp:116] Succeeded to release track lock for frame 125
I1014 15:47:22.572124  9486 work_track.cpp:120] Track results of frame 125: 1 objects input, 1 objects tracked!
I1014 15:47:22.572142  9486 work_track.cpp:148] Frame: 125, track bbox: [186 x 233 from (252.04, 126.281)], gid: 1, lid: 0
I1014 15:47:22.572204  9486 work_thread.hpp:87]  [T-Work-Detect_0] Frame :125 split
I1014 15:47:22.572222  9486 work_thread.hpp:120]  [T-Work-Detect_0] Valid piece: gid = 1
I1014 15:47:22.572242  9486 work_thread.hpp:91]  [T-Work-Detect_0] Push to split queue:recog
I1014 15:47:22.572296  9487 work_thread.hpp:81]  [T-Work-Recog_0] Run work: WorkCapture
I1014 15:47:22.572603  9489 thread_intergrate.hpp:78] [T-Intergrate-intergrate] queue: frame output frame :125
I1014 15:47:22.572882  9487 work_thread.hpp:81]  [T-Work-Recog_0] Run work: WorkRecog
I1014 15:47:22.572906  9487 work_recog.hpp:89] Face id: 1 will run recog: bbox [186 x 233 from (255, 127)] quality: 0.468997
I1014 15:47:22.572933  9487 work_recog.hpp:96] Recog pair: [264 x 280 from (216, 80)], [186 x 233 from (39, 47)]
I1014 15:47:22.573735  9489 thread_intergrate.hpp:188] T-Intergrate-intergrate Show face :1, size :640 * 360
I1014 15:47:22.574436  9485 demo_inner.hpp:435] thread [SORT-0]  frame id 125 sorting queue size 1   FPS: 30.0197
I1014 15:47:22.590452  9487 work_thread.hpp:81]  [T-Work-Recog_0] Run work: WorkCompare
I1014 15:47:22.590914  9487 work_compare.cpp:76] Compare face: 1 successed, similarity :0.99622, name : images/ThangLMb.jpg, normal size : 1548 * 1719!
I1014 15:47:22.600847  9483 demo_inner.hpp:177] decode queue size 0
I1014 15:47:22.600955  9486 work_thread.hpp:81]  [T-Work-Detect_0] Run work: WorkDetect
I1014 15:47:22.600991  9486 work_detect.cpp:102] Succeeded to add det start for frame 126
I1014 15:47:22.607908  9486 work_detect.cpp:70] Frame :126 detect result :1 face(s)
I1014 15:47:22.607959  9486 work_detect.cpp:86] Detected bbox: [184 x 231 from (255, 127)]
I1014 15:47:22.608074  9486 work_detect.cpp:120] Succeeded to add det end for frame 126
I1014 15:47:22.608093  9486 work_thread.hpp:81]  [T-Work-Detect_0] Run work: WrokTrack
I1014 15:47:22.608117  9486 work_track.cpp:82] Frame: 126 build input_characts: [0.2875 x 0.641667 from (0.398438, 0.352778)], 1.00035, 0
I1014 15:47:22.608196  9486 work_track.cpp:102] Succeeded to set track lock for frame 126
I1014 15:47:22.608235  9486 work_track.cpp:116] Succeeded to release track lock for frame 126
I1014 15:47:22.608249  9486 work_track.cpp:120] Track results of frame 126: 1 objects input, 1 objects tracked!
I1014 15:47:22.608268  9486 work_track.cpp:148] Frame: 126, track bbox: [184 x 231 from (251.701, 126.867)], gid: 1, lid: 0
I1014 15:47:22.608304  9486 work_thread.hpp:87]  [T-Work-Detect_0] Frame :126 split
I1014 15:47:22.608320  9486 work_thread.hpp:120]  [T-Work-Detect_0] Valid piece: gid = 1
I1014 15:47:22.608338  9486 work_thread.hpp:91]  [T-Work-Detect_0] Push to split queue:recog
I1014 15:47:22.608387  9487 work_thread.hpp:81]  [T-Work-Recog_0] Run work: WorkCapture
I1014 15:47:22.608690  9489 thread_intergrate.hpp:78] [T-Intergrate-intergrate] queue: frame output frame :126
I1014 15:47:22.608716  9489 thread_intergrate.hpp:85] [T-Intergrate-intergrate] queue: compare output face:1
I1014 15:47:22.608733  9489 thread_intergrate.hpp:144] T-Intergrate-intergrate set matched face: 1
I1014 15:47:22.608959  9487 work_thread.hpp:81]  [T-Work-Recog_0] Run work: WorkRecog
I1014 15:47:22.608984  9487 work_recog.hpp:89] Face id: 1 will run recog: bbox [184 x 231 from (255, 127)] quality: 0.472264
I1014 15:47:22.609012  9487 work_recog.hpp:96] Recog pair: [264 x 280 from (216, 80)], [184 x 231 from (39, 47)]
I1014 15:47:22.610245  9489 thread_intergrate.hpp:188] T-Intergrate-intergrate Show face :1, size :640 * 360
I1014 15:47:22.610910  9485 demo_inner.hpp:435] thread [SORT-0]  frame id 126 sorting queue size 2   FPS: 29.9166
I1014 15:47:22.611492  9484 demo_inner.hpp:260]  gui queue size 2, state = running
I1014 15:47:22.626761  9487 work_thread.hpp:81]  [T-Work-Recog_0] Run work: WorkCompare
I1014 15:47:22.627233  9487 work_compare.cpp:76] Compare face: 1 successed, similarity :0.995368, name : images/ThangLMb.jpg, normal size : 1548 * 1719!
I1014 15:47:22.631110  9483 demo_inner.hpp:177] decode queue size 0
I1014 15:47:22.631193  9486 work_thread.hpp:81]  [T-Work-Detect_0] Run work: WorkDetect
I1014 15:47:22.631227  9486 work_detect.cpp:102] Succeeded to add det start for frame 127
I1014 15:47:22.638123  9486 work_detect.cpp:70] Frame :127 detect result :1 face(s)
I1014 15:47:22.638171  9486 work_detect.cpp:86] Detected bbox: [184 x 227 from (267, 131)]
I1014 15:47:22.638214  9486 work_detect.cpp:120] Succeeded to add det end for frame 127
I1014 15:47:22.638231  9486 work_thread.hpp:81]  [T-Work-Detect_0] Run work: WrokTrack
I1014 15:47:22.638254  9486 work_track.cpp:82] Frame: 127 build input_characts: [0.2875 x 0.630556 from (0.417188, 0.363889)], 0.999622, 0
I1014 15:47:22.638309  9486 work_track.cpp:102] Succeeded to set track lock for frame 127
I1014 15:47:22.638347  9486 work_track.cpp:116] Succeeded to release track lock for frame 127
I1014 15:47:22.638362  9486 work_track.cpp:120] Track results of frame 127: 1 objects input, 1 objects tracked!
I1014 15:47:22.638381  9486 work_track.cpp:148] Frame: 127, track bbox: [184 x 227 from (258.944, 130.227)], gid: 1, lid: 0
I1014 15:47:22.638417  9486 work_thread.hpp:87]  [T-Work-Detect_0] Frame :127 split
I1014 15:47:22.638434  9486 work_thread.hpp:120]  [T-Work-Detect_0] Valid piece: gid = 1
I1014 15:47:22.638453  9486 work_thread.hpp:91]  [T-Work-Detect_0] Push to split queue:recog
I1014 15:47:22.638500  9487 work_thread.hpp:81]  [T-Work-Recog_0] Run work: WorkCapture
I1014 15:47:22.638811  9489 thread_intergrate.hpp:78] [T-Intergrate-intergrate] queue: frame output frame :127
I1014 15:47:22.638837  9489 thread_intergrate.hpp:85] [T-Intergrate-intergrate] queue: compare output face:1
I1014 15:47:22.638856  9489 thread_intergrate.hpp:144] T-Intergrate-intergrate set matched face: 1
I1014 15:47:22.639060  9487 work_thread.hpp:81]  [T-Work-Recog_0] Run work: WorkRecog
I1014 15:47:22.639082  9487 work_recog.hpp:89] Face id: 1 will run recog: bbox [184 x 227 from (267, 131)] quality: 0.432197
I1014 15:47:22.639111  9487 work_recog.hpp:96] Recog pair: [264 x 280 from (224, 80)], [184 x 227 from (43, 51)]
I1014 15:47:22.640519  9489 thread_intergrate.hpp:188] T-Intergrate-intergrate Show face :1, size :640 * 360
I1014 15:47:22.641222  9485 demo_inner.hpp:435] thread [SORT-0]  frame id 127 sorting queue size 0   FPS: 29.9902
I1014 15:47:22.656833  9487 work_thread.hpp:81]  [T-Work-Recog_0] Run work: WorkCompare
I1014 15:47:22.657297  9487 work_compare.cpp:76] Compare face: 1 successed, similarity :0.994334, name : images/ThangLMb.jpg, normal size : 1548 * 1719!
I1014 15:47:22.666862  9483 demo_inner.hpp:177] decode queue size 0
I1014 15:47:22.666975  9486 work_thread.hpp:81]  [T-Work-Detect_0] Run work: WorkDetect
I1014 15:47:22.667011  9486 work_detect.cpp:102] Succeeded to add det start for frame 128
I1014 15:47:22.673936  9486 work_detect.cpp:70] Frame :128 detect result :1 face(s)
I1014 15:47:22.673980  9486 work_detect.cpp:86] Detected bbox: [180 x 232 from (257, 128)]
I1014 15:47:22.674024  9486 work_detect.cpp:120] Succeeded to add det end for frame 128
I1014 15:47:22.674041  9486 work_thread.hpp:81]  [T-Work-Detect_0] Run work: WrokTrack
I1014 15:47:22.674064  9486 work_track.cpp:82] Frame: 128 build input_characts: [0.28125 x 0.644444 from (0.401563, 0.355556)], 1.00019, 0
I1014 15:47:22.674118  9486 work_track.cpp:102] Succeeded to set track lock for frame 128
I1014 15:47:22.674157  9486 work_track.cpp:116] Succeeded to release track lock for frame 128
I1014 15:47:22.674171  9486 work_track.cpp:120] Track results of frame 128: 1 objects input, 1 objects tracked!
I1014 15:47:22.674190  9486 work_track.cpp:148] Frame: 128, track bbox: [180 x 231.88 from (261.275, 128.12)], gid: 1, lid: 0
I1014 15:47:22.674226  9486 work_thread.hpp:87]  [T-Work-Detect_0] Frame :128 split
I1014 15:47:22.674243  9486 work_thread.hpp:120]  [T-Work-Detect_0] Valid piece: gid = 1
I1014 15:47:22.674262  9486 work_thread.hpp:91]  [T-Work-Detect_0] Push to split queue:recog
I1014 15:47:22.674311  9487 work_thread.hpp:81]  [T-Work-Recog_0] Run work: WorkCapture
I1014 15:47:22.674612  9489 thread_intergrate.hpp:78] [T-Intergrate-intergrate] queue: frame output frame :128
I1014 15:47:22.674638  9489 thread_intergrate.hpp:85] [T-Intergrate-intergrate] queue: compare output face:1
I1014 15:47:22.674655  9489 thread_intergrate.hpp:144] T-Intergrate-intergrate set matched face: 1
I1014 15:47:22.674901  9487 work_thread.hpp:81]  [T-Work-Recog_0] Run work: WorkRecog
I1014 15:47:22.674924  9487 work_recog.hpp:89] Face id: 1 will run recog: bbox [180 x 232 from (257, 128)] quality: 0.464612
I1014 15:47:22.674954  9487 work_recog.hpp:96] Recog pair: [264 x 280 from (216, 80)], [180 x 232 from (41, 48)]
I1014 15:47:22.676137  9489 thread_intergrate.hpp:188] T-Intergrate-intergrate Show face :1, size :640 * 360
I1014 15:47:22.676827  9485 demo_inner.hpp:435] thread [SORT-0]  frame id 128 sorting queue size 1   FPS: 29.9166
I1014 15:47:22.689008  9484 demo_inner.hpp:260]  gui queue size 1, state = running
I1014 15:47:22.693341  9487 work_thread.hpp:81]  [T-Work-Recog_0] Run work: WorkCompare
I1014 15:47:22.693887  9487 work_compare.cpp:76] Compare face: 1 successed, similarity :0.994573, name : images/ThangLMb.jpg, normal size : 1548 * 1719!
I1014 15:47:22.702834  9483 demo_inner.hpp:177] decode queue size 0
I1014 15:47:22.702944  9486 work_thread.hpp:81]  [T-Work-Detect_0] Run work: WorkDetect
I1014 15:47:22.702980  9486 work_detect.cpp:102] Succeeded to add det start for frame 129
I1014 15:47:22.709892  9486 work_detect.cpp:70] Frame :129 detect result :1 face(s)
I1014 15:47:22.709931  9486 work_detect.cpp:86] Detected bbox: [176 x 220 from (268, 133)]
I1014 15:47:22.709975  9486 work_detect.cpp:120] Succeeded to add det end for frame 129
I1014 15:47:22.709990  9486 work_thread.hpp:81]  [T-Work-Detect_0] Run work: WrokTrack
I1014 15:47:22.710086  9486 work_track.cpp:82] Frame: 129 build input_characts: [0.275 x 0.611111 from (0.41875, 0.369444)], 1.00019, 0
I1014 15:47:22.710142  9486 work_track.cpp:102] Succeeded to set track lock for frame 129
I1014 15:47:22.710182  9486 work_track.cpp:116] Succeeded to release track lock for frame 129
I1014 15:47:22.710197  9486 work_track.cpp:120] Track results of frame 129: 1 objects input, 1 objects tracked!
I1014 15:47:22.710216  9486 work_track.cpp:148] Frame: 129, track bbox: [176 x 220 from (266.06, 133.665)], gid: 1, lid: 0
I1014 15:47:22.710250  9486 work_thread.hpp:87]  [T-Work-Detect_0] Frame :129 split
I1014 15:47:22.710268  9486 work_thread.hpp:120]  [T-Work-Detect_0] Valid piece: gid = 1
I1014 15:47:22.710285  9486 work_thread.hpp:91]  [T-Work-Detect_0] Push to split queue:recog
I1014 15:47:22.710332  9487 work_thread.hpp:81]  [T-Work-Recog_0] Run work: WorkCapture
I1014 15:47:22.710630  9489 thread_intergrate.hpp:78] [T-Intergrate-intergrate] queue: frame output frame :129
I1014 15:47:22.710656  9489 thread_intergrate.hpp:85] [T-Intergrate-intergrate] queue: compare output face:1
I1014 15:47:22.710675  9489 thread_intergrate.hpp:144] T-Intergrate-intergrate set matched face: 1
I1014 15:47:22.710913  9487 work_thread.hpp:81]  [T-Work-Recog_0] Run work: WorkRecog
I1014 15:47:22.710937  9487 work_recog.hpp:89] Face id: 1 will run recog: bbox [176 x 220 from (268, 133)] quality: 0.439146
I1014 15:47:22.710966  9487 work_recog.hpp:96] Recog pair: [248 x 272 from (232, 88)], [176 x 220 from (36, 45)]
I1014 15:47:22.712219  9489 thread_intergrate.hpp:188] T-Intergrate-intergrate Show face :1, size :640 * 360
I1014 15:47:22.713028  9485 demo_inner.hpp:435] thread [SORT-0]  frame id 129 sorting queue size 0   FPS: 29.9166
I1014 15:47:22.728664  9487 work_thread.hpp:81]  [T-Work-Recog_0] Run work: WorkCompare
I1014 15:47:22.729128  9487 work_compare.cpp:76] Compare face: 1 successed, similarity :0.996053, name : images/ThangLMb.jpg, normal size : 1548 * 1719!
I1014 15:47:22.733049  9483 demo_inner.hpp:177] decode queue size 0
I1014 15:47:22.733124  9486 work_thread.hpp:81]  [T-Work-Detect_0] Run work: WorkDetect
I1014 15:47:22.733156  9486 work_detect.cpp:102] Succeeded to add det start for frame 130
I1014 15:47:22.739967  9486 work_detect.cpp:70] Frame :130 detect result :1 face(s)
I1014 15:47:22.740017  9486 work_detect.cpp:86] Detected bbox: [177 x 223 from (267, 132)]
I1014 15:47:22.740062  9486 work_detect.cpp:120] Succeeded to add det end for frame 130
I1014 15:47:22.740078  9486 work_thread.hpp:81]  [T-Work-Detect_0] Run work: WrokTrack
I1014 15:47:22.740103  9486 work_track.cpp:82] Frame: 130 build input_characts: [0.276563 x 0.619444 from (0.417188, 0.366667)], 1.00019, 0
I1014 15:47:22.740177  9486 work_track.cpp:102] Succeeded to set track lock for frame 130
I1014 15:47:22.740219  9486 work_track.cpp:116] Succeeded to release track lock for frame 130
I1014 15:47:22.740234  9486 work_track.cpp:120] Track results of frame 130: 1 objects input, 1 objects tracked!
I1014 15:47:22.740252  9486 work_track.cpp:148] Frame: 130, track bbox: [177 x 223 from (267.336, 132.07)], gid: 1, lid: 0
I1014 15:47:22.740289  9486 work_thread.hpp:87]  [T-Work-Detect_0] Frame :130 split
I1014 15:47:22.740308  9486 work_thread.hpp:120]  [T-Work-Detect_0] Valid piece: gid = 1
I1014 15:47:22.740325  9486 work_thread.hpp:91]  [T-Work-Detect_0] Push to split queue:recog
I1014 15:47:22.740373  9488 work_thread.hpp:81]  [T-Work-Recog_1] Run work: WorkCapture
I1014 15:47:22.740677  9489 thread_intergrate.hpp:78] [T-Intergrate-intergrate] queue: frame output frame :130
