I1014 12:15:22.809803  5860 work_thread.hpp:81]  [T-Work-Detect_0] Run work: WorkDetect
I1014 12:15:22.809837  5860 work_detect.cpp:102] Succeeded to add det start for frame 39
I1014 12:15:22.816467  5860 work_detect.cpp:70] Frame :39 detect result :1 face(s)
W1014 12:15:22.816514  5860 work_detect.cpp:83] Invalid bbox: [132 x 147 from (271, 232)]
I1014 12:15:22.816587  5860 work_detect.cpp:120] Succeeded to add det end for frame 39
I1014 12:15:22.816606  5860 work_thread.hpp:81]  [T-Work-Detect_0] Run work: WrokTrack
I1014 12:15:22.816632  5860 work_track.cpp:102] Succeeded to set track lock for frame 39
I1014 12:15:22.816659  5860 work_track.cpp:116] Succeeded to release track lock for frame 39
I1014 12:15:22.816673  5860 work_track.cpp:120] Track results of frame 39: 0 objects input, 0 objects tracked!
I1014 12:15:22.816692  5860 work_thread.hpp:88]  [T-Work-Detect_0] Frame :39 split
I1014 12:15:22.816740  5863 thread_intergrate.hpp:78] [T-Intergrate-intergrate] queue: frame output frame :39
I1014 12:15:22.818174  5859 demo_inner.hpp:435] thread [SORT-0]  frame id 39 sorting queue size 1   FPS: 29.7572
I1014 12:15:22.839795  5857 demo_inner.hpp:177] decode queue size 0
I1014 12:15:22.839898  5860 work_thread.hpp:81]  [T-Work-Detect_0] Run work: WorkDetect
I1014 12:15:22.839933  5860 work_detect.cpp:102] Succeeded to add det start for frame 40
I1014 12:15:22.846441  5860 work_detect.cpp:70] Frame :40 detect result :1 face(s)
W1014 12:15:22.846490  5860 work_detect.cpp:83] Invalid bbox: [130 x 144 from (271, 237)]
I1014 12:15:22.846567  5860 work_detect.cpp:120] Succeeded to add det end for frame 40
I1014 12:15:22.846585  5860 work_thread.hpp:81]  [T-Work-Detect_0] Run work: WrokTrack
I1014 12:15:22.846614  5860 work_track.cpp:102] Succeeded to set track lock for frame 40
I1014 12:15:22.846642  5860 work_track.cpp:116] Succeeded to release track lock for frame 40
I1014 12:15:22.846655  5860 work_track.cpp:120] Track results of frame 40: 0 objects input, 0 objects tracked!
I1014 12:15:22.846674  5860 work_thread.hpp:88]  [T-Work-Detect_0] Frame :40 split
I1014 12:15:22.846725  5863 thread_intergrate.hpp:78] [T-Intergrate-intergrate] queue: frame output frame :40
I1014 12:15:22.848259  5859 demo_inner.hpp:435] thread [SORT-0]  frame id 40 sorting queue size 2   FPS: 29.8393
I1014 12:15:22.874807  5858 demo_inner.hpp:260]  gui queue size 2, state = running
I1014 12:15:22.875788  5857 demo_inner.hpp:177] decode queue size 0
I1014 12:15:22.875892  5860 work_thread.hpp:81]  [T-Work-Detect_0] Run work: WorkDetect
I1014 12:15:22.875926  5860 work_detect.cpp:102] Succeeded to add det start for frame 41
I1014 12:15:22.882562  5860 work_detect.cpp:70] Frame :41 detect result :1 face(s)
W1014 12:15:22.882616  5860 work_detect.cpp:83] Invalid bbox: [132 x 149 from (272, 230)]
I1014 12:15:22.882689  5860 work_detect.cpp:120] Succeeded to add det end for frame 41
I1014 12:15:22.882707  5860 work_thread.hpp:81]  [T-Work-Detect_0] Run work: WrokTrack
I1014 12:15:22.882735  5860 work_track.cpp:102] Succeeded to set track lock for frame 41
I1014 12:15:22.882761  5860 work_track.cpp:116] Succeeded to release track lock for frame 41
I1014 12:15:22.882776  5860 work_track.cpp:120] Track results of frame 41: 0 objects input, 0 objects tracked!
I1014 12:15:22.882794  5860 work_thread.hpp:88]  [T-Work-Detect_0] Frame :41 split
I1014 12:15:22.882849  5863 thread_intergrate.hpp:78] [T-Intergrate-intergrate] queue: frame output frame :41
I1014 12:15:22.884385  5859 demo_inner.hpp:435] thread [SORT-0]  frame id 41 sorting queue size 0   FPS: 29.7841
I1014 12:15:22.905789  5857 demo_inner.hpp:177] decode queue size 0
I1014 12:15:22.905884  5860 work_thread.hpp:81]  [T-Work-Detect_0] Run work: WorkDetect
I1014 12:15:22.905920  5860 work_detect.cpp:102] Succeeded to add det start for frame 42
I1014 12:15:22.912407  5860 work_detect.cpp:70] Frame :42 detect result :1 face(s)
W1014 12:15:22.912448  5860 work_detect.cpp:83] Invalid bbox: [130 x 147 from (273, 231)]
I1014 12:15:22.912523  5860 work_detect.cpp:120] Succeeded to add det end for frame 42
I1014 12:15:22.912539  5860 work_thread.hpp:81]  [T-Work-Detect_0] Run work: WrokTrack
I1014 12:15:22.912565  5860 work_track.cpp:102] Succeeded to set track lock for frame 42
I1014 12:15:22.912592  5860 work_track.cpp:116] Succeeded to release track lock for frame 42
I1014 12:15:22.912606  5860 work_track.cpp:120] Track results of frame 42: 0 objects input, 0 objects tracked!
I1014 12:15:22.912626  5860 work_thread.hpp:88]  [T-Work-Detect_0] Frame :42 split
I1014 12:15:22.912686  5863 thread_intergrate.hpp:78] [T-Intergrate-intergrate] queue: frame output frame :42
I1014 12:15:22.914220  5859 demo_inner.hpp:435] thread [SORT-0]  frame id 42 sorting queue size 1   FPS: 29.8616
I1014 12:15:22.941732  5857 demo_inner.hpp:177] decode queue size 0
I1014 12:15:22.941840  5860 work_thread.hpp:81]  [T-Work-Detect_0] Run work: WorkDetect
I1014 12:15:22.941875  5860 work_detect.cpp:102] Succeeded to add det start for frame 43
I1014 12:15:22.947172  5858 demo_inner.hpp:260]  gui queue size 1, state = running
I1014 12:15:22.948508  5860 work_detect.cpp:70] Frame :43 detect result :1 face(s)
W1014 12:15:22.948556  5860 work_detect.cpp:83] Invalid bbox: [133 x 150 from (272, 229)]
I1014 12:15:22.948643  5860 work_detect.cpp:120] Succeeded to add det end for frame 43
I1014 12:15:22.948660  5860 work_thread.hpp:81]  [T-Work-Detect_0] Run work: WrokTrack
I1014 12:15:22.948689  5860 work_track.cpp:102] Succeeded to set track lock for frame 43
I1014 12:15:22.948719  5860 work_track.cpp:116] Succeeded to release track lock for frame 43
I1014 12:15:22.948734  5860 work_track.cpp:120] Track results of frame 43: 0 objects input, 0 objects tracked!
I1014 12:15:22.948752  5860 work_thread.hpp:88]  [T-Work-Detect_0] Frame :43 split
I1014 12:15:22.948829  5863 thread_intergrate.hpp:78] [T-Intergrate-intergrate] queue: frame output frame :43
I1014 12:15:22.950390  5859 demo_inner.hpp:435] thread [SORT-0]  frame id 43 sorting queue size 0   FPS: 29.8084
I1014 12:15:22.971801  5857 demo_inner.hpp:177] decode queue size 0
I1014 12:15:22.971911  5860 work_thread.hpp:81]  [T-Work-Detect_0] Run work: WorkDetect
I1014 12:15:22.971948  5860 work_detect.cpp:102] Succeeded to add det start for frame 44
I1014 12:15:22.978543  5860 work_detect.cpp:70] Frame :44 detect result :1 face(s)
W1014 12:15:22.978587  5860 work_detect.cpp:83] Invalid bbox: [131 x 143 from (273, 232)]
I1014 12:15:22.978850  5860 work_detect.cpp:120] Succeeded to add det end for frame 44
I1014 12:15:22.978868  5860 work_thread.hpp:81]  [T-Work-Detect_0] Run work: WrokTrack
I1014 12:15:22.978896  5860 work_track.cpp:102] Succeeded to set track lock for frame 44
I1014 12:15:22.978925  5860 work_track.cpp:116] Succeeded to release track lock for frame 44
I1014 12:15:22.978940  5860 work_track.cpp:120] Track results of frame 44: 0 objects input, 0 objects tracked!
I1014 12:15:22.978957  5860 work_thread.hpp:88]  [T-Work-Detect_0] Frame :44 split
I1014 12:15:22.979010  5863 thread_intergrate.hpp:78] [T-Intergrate-intergrate] queue: frame output frame :44
I1014 12:15:22.980593  5859 demo_inner.hpp:435] thread [SORT-0]  frame id 44 sorting queue size 1   FPS: 29.8819
I1014 12:15:23.007781  5857 demo_inner.hpp:177] decode queue size 0
I1014 12:15:23.007887  5860 work_thread.hpp:81]  [T-Work-Detect_0] Run work: WorkDetect
I1014 12:15:23.007922  5860 work_detect.cpp:102] Succeeded to add det start for frame 45
I1014 12:15:23.014444  5860 work_detect.cpp:70] Frame :45 detect result :1 face(s)
I1014 12:15:23.014484  5858 demo_inner.hpp:260]  gui queue size 1, state = running
W1014 12:15:23.014497  5860 work_detect.cpp:83] Invalid bbox: [131 x 145 from (271, 230)]
I1014 12:15:23.014724  5860 work_detect.cpp:120] Succeeded to add det end for frame 45
I1014 12:15:23.014742  5860 work_thread.hpp:81]  [T-Work-Detect_0] Run work: WrokTrack
I1014 12:15:23.014770  5860 work_track.cpp:102] Succeeded to set track lock for frame 45
I1014 12:15:23.014802  5860 work_track.cpp:116] Succeeded to release track lock for frame 45
I1014 12:15:23.014817  5860 work_track.cpp:120] Track results of frame 45: 0 objects input, 0 objects tracked!
I1014 12:15:23.014837  5860 work_thread.hpp:88]  [T-Work-Detect_0] Frame :45 split
I1014 12:15:23.014896  5863 thread_intergrate.hpp:78] [T-Intergrate-intergrate] queue: frame output frame :45
I1014 12:15:23.016456  5859 demo_inner.hpp:435] thread [SORT-0]  frame id 45 sorting queue size 0   FPS: 29.8305
I1014 12:15:23.043697  5857 demo_inner.hpp:177] decode queue size 0
I1014 12:15:23.043805  5860 work_thread.hpp:81]  [T-Work-Detect_0] Run work: WorkDetect
I1014 12:15:23.043840  5860 work_detect.cpp:102] Succeeded to add det start for frame 46
I1014 12:15:23.050544  5860 work_detect.cpp:70] Frame :46 detect result :1 face(s)
W1014 12:15:23.050595  5860 work_detect.cpp:83] Invalid bbox: [129 x 143 from (272, 232)]
I1014 12:15:23.050690  5860 work_detect.cpp:120] Succeeded to add det end for frame 46
I1014 12:15:23.050707  5860 work_thread.hpp:81]  [T-Work-Detect_0] Run work: WrokTrack
I1014 12:15:23.050734  5860 work_track.cpp:102] Succeeded to set track lock for frame 46
I1014 12:15:23.050761  5860 work_track.cpp:116] Succeeded to release track lock for frame 46
I1014 12:15:23.050776  5860 work_track.cpp:120] Track results of frame 46: 0 objects input, 0 objects tracked!
I1014 12:15:23.050794  5860 work_thread.hpp:88]  [T-Work-Detect_0] Frame :46 split
I1014 12:15:23.050845  5863 thread_intergrate.hpp:78] [T-Intergrate-intergrate] queue: frame output frame :46
I1014 12:15:23.052367  5859 demo_inner.hpp:435] thread [SORT-0]  frame id 46 sorting queue size 1   FPS: 29.7816
I1014 12:15:23.073796  5857 demo_inner.hpp:177] decode queue size 0
I1014 12:15:23.073894  5860 work_thread.hpp:81]  [T-Work-Detect_0] Run work: WorkDetect
I1014 12:15:23.073928  5860 work_detect.cpp:102] Succeeded to add det start for frame 47
I1014 12:15:23.080559  5860 work_detect.cpp:70] Frame :47 detect result :1 face(s)
W1014 12:15:23.080603  5860 work_detect.cpp:83] Invalid bbox: [133 x 149 from (272, 229)]
I1014 12:15:23.080703  5860 work_detect.cpp:120] Succeeded to add det end for frame 47
I1014 12:15:23.080721  5860 work_thread.hpp:81]  [T-Work-Detect_0] Run work: WrokTrack
I1014 12:15:23.080747  5860 work_track.cpp:102] Succeeded to set track lock for frame 47
I1014 12:15:23.080775  5860 work_track.cpp:116] Succeeded to release track lock for frame 47
I1014 12:15:23.080788  5860 work_track.cpp:120] Track results of frame 47: 0 objects input, 0 objects tracked!
I1014 12:15:23.080808  5860 work_thread.hpp:88]  [T-Work-Detect_0] Frame :47 split
I1014 12:15:23.080859  5863 thread_intergrate.hpp:78] [T-Intergrate-intergrate] queue: frame output frame :47
I1014 12:15:23.082372  5859 demo_inner.hpp:435] thread [SORT-0]  frame id 47 sorting queue size 2   FPS: 29.8507
I1014 12:15:23.109742  5857 demo_inner.hpp:177] decode queue size 0
I1014 12:15:23.109855  5860 work_thread.hpp:81]  [T-Work-Detect_0] Run work: WorkDetect
I1014 12:15:23.109889  5860 work_detect.cpp:102] Succeeded to add det start for frame 48
I1014 12:15:23.114914  5858 demo_inner.hpp:260]  gui queue size 2, state = running
I1014 12:15:23.116726  5860 work_detect.cpp:70] Frame :48 detect result :1 face(s)
W1014 12:15:23.116782  5860 work_detect.cpp:83] Invalid bbox: [133 x 150 from (271, 228)]
I1014 12:15:23.116901  5860 work_detect.cpp:120] Succeeded to add det end for frame 48
I1014 12:15:23.116920  5860 work_thread.hpp:81]  [T-Work-Detect_0] Run work: WrokTrack
I1014 12:15:23.116951  5860 work_track.cpp:102] Succeeded to set track lock for frame 48
I1014 12:15:23.116982  5860 work_track.cpp:116] Succeeded to release track lock for frame 48
I1014 12:15:23.117050  5860 work_track.cpp:120] Track results of frame 48: 0 objects input, 0 objects tracked!
I1014 12:15:23.117070  5860 work_thread.hpp:88]  [T-Work-Detect_0] Frame :48 split
I1014 12:15:23.117131  5863 thread_intergrate.hpp:78] [T-Intergrate-intergrate] queue: frame output frame :48
I1014 12:15:23.118657  5859 demo_inner.hpp:435] thread [SORT-0]  frame id 48 sorting queue size 0   FPS: 29.8034
I1014 12:15:23.139828  5857 demo_inner.hpp:177] decode queue size 0
I1014 12:15:23.139928  5860 work_thread.hpp:81]  [T-Work-Detect_0] Run work: WorkDetect
I1014 12:15:23.139962  5860 work_detect.cpp:102] Succeeded to add det start for frame 49
I1014 12:15:23.146490  5860 work_detect.cpp:70] Frame :49 detect result :1 face(s)
W1014 12:15:23.146531  5860 work_detect.cpp:83] Invalid bbox: [130 x 147 from (273, 229)]
I1014 12:15:23.146628  5860 work_detect.cpp:120] Succeeded to add det end for frame 49
I1014 12:15:23.146646  5860 work_thread.hpp:81]  [T-Work-Detect_0] Run work: WrokTrack
I1014 12:15:23.146672  5860 work_track.cpp:102] Succeeded to set track lock for frame 49
I1014 12:15:23.146699  5860 work_track.cpp:116] Succeeded to release track lock for frame 49
I1014 12:15:23.146713  5860 work_track.cpp:120] Track results of frame 49: 0 objects input, 0 objects tracked!
I1014 12:15:23.146731  5860 work_thread.hpp:88]  [T-Work-Detect_0] Frame :49 split
I1014 12:15:23.146781  5863 thread_intergrate.hpp:78] [T-Intergrate-intergrate] queue: frame output frame :49
I1014 12:15:23.148346  5859 demo_inner.hpp:435] thread [SORT-0]  frame id 49 sorting queue size 1   FPS: 29.8693
I1014 12:15:23.159688  5858 demo_inner.hpp:260]  gui queue size 1, state = running
I1014 12:15:23.175830  5857 demo_inner.hpp:177] decode queue size 0
I1014 12:15:23.175937  5860 work_thread.hpp:81]  [T-Work-Detect_0] Run work: WorkDetect
I1014 12:15:23.175973  5860 work_detect.cpp:102] Succeeded to add det start for frame 50
I1014 12:15:23.182559  5860 work_detect.cpp:70] Frame :50 detect result :1 face(s)
W1014 12:15:23.182605  5860 work_detect.cpp:83] Invalid bbox: [129 x 148 from (274, 228)]
I1014 12:15:23.182703  5860 work_detect.cpp:120] Succeeded to add det end for frame 50
I1014 12:15:23.182720  5860 work_thread.hpp:81]  [T-Work-Detect_0] Run work: WrokTrack
I1014 12:15:23.182746  5860 work_track.cpp:102] Succeeded to set track lock for frame 50
I1014 12:15:23.182773  5860 work_track.cpp:116] Succeeded to release track lock for frame 50
I1014 12:15:23.182787  5860 work_track.cpp:120] Track results of frame 50: 0 objects input, 0 objects tracked!
I1014 12:15:23.182806  5860 work_thread.hpp:88]  [T-Work-Detect_0] Frame :50 split
I1014 12:15:23.182857  5863 thread_intergrate.hpp:78] [T-Intergrate-intergrate] queue: frame output frame :50
I1014 12:15:23.184370  5859 demo_inner.hpp:435] thread [SORT-0]  frame id 50 sorting queue size 0   FPS: 29.8235
I1014 12:15:23.205801  5857 demo_inner.hpp:177] decode queue size 0
I1014 12:15:23.205902  5860 work_thread.hpp:81]  [T-Work-Detect_0] Run work: WorkDetect
I1014 12:15:23.205937  5860 work_detect.cpp:102] Succeeded to add det start for frame 51
I1014 12:15:23.212564  5860 work_detect.cpp:70] Frame :51 detect result :1 face(s)
W1014 12:15:23.212610  5860 work_detect.cpp:83] Invalid bbox: [128 x 145 from (274, 230)]
I1014 12:15:23.212705  5860 work_detect.cpp:120] Succeeded to add det end for frame 51
I1014 12:15:23.212723  5860 work_thread.hpp:81]  [T-Work-Detect_0] Run work: WrokTrack
I1014 12:15:23.212749  5860 work_track.cpp:102] Succeeded to set track lock for frame 51
I1014 12:15:23.212777  5860 work_track.cpp:116] Succeeded to release track lock for frame 51
I1014 12:15:23.212791  5860 work_track.cpp:120] Track results of frame 51: 0 objects input, 0 objects tracked!
I1014 12:15:23.212810  5860 work_thread.hpp:88]  [T-Work-Detect_0] Frame :51 split
I1014 12:15:23.212863  5863 thread_intergrate.hpp:78] [T-Intergrate-intergrate] queue: frame output frame :51
I1014 12:15:23.214401  5859 demo_inner.hpp:435] thread [SORT-0]  frame id 51 sorting queue size 1   FPS: 29.8864
I1014 12:15:23.237774  5858 demo_inner.hpp:260]  gui queue size 1, state = running
I1014 12:15:23.241907  5857 demo_inner.hpp:177] decode queue size 0
I1014 12:15:23.242027  5860 work_thread.hpp:81]  [T-Work-Detect_0] Run work: WorkDetect
I1014 12:15:23.242060  5860 work_detect.cpp:102] Succeeded to add det start for frame 52
I1014 12:15:23.248723  5860 work_detect.cpp:70] Frame :52 detect result :1 face(s)
W1014 12:15:23.248770  5860 work_detect.cpp:83] Invalid bbox: [132 x 148 from (272, 229)]
I1014 12:15:23.248868  5860 work_detect.cpp:120] Succeeded to add det end for frame 52
I1014 12:15:23.248885  5860 work_thread.hpp:81]  [T-Work-Detect_0] Run work: WrokTrack
I1014 12:15:23.248911  5860 work_track.cpp:102] Succeeded to set track lock for frame 52
I1014 12:15:23.248939  5860 work_track.cpp:116] Succeeded to release track lock for frame 52
I1014 12:15:23.248952  5860 work_track.cpp:120] Track results of frame 52: 0 objects input, 0 objects tracked!
I1014 12:15:23.248970  5860 work_thread.hpp:88]  [T-Work-Detect_0] Frame :52 split
I1014 12:15:23.249018  5863 thread_intergrate.hpp:78] [T-Intergrate-intergrate] queue: frame output frame :52
I1014 12:15:23.250483  5859 demo_inner.hpp:435] thread [SORT-0]  frame id 52 sorting queue size 0   FPS: 29.842
I1014 12:15:23.271837  5857 demo_inner.hpp:177] decode queue size 0
I1014 12:15:23.271941  5860 work_thread.hpp:81]  [T-Work-Detect_0] Run work: WorkDetect
I1014 12:15:23.271978  5860 work_detect.cpp:102] Succeeded to add det start for frame 53
I1014 12:15:23.278534  5860 work_detect.cpp:70] Frame :53 detect result :1 face(s)
W1014 12:15:23.278575  5860 work_detect.cpp:83] Invalid bbox: [127 x 144 from (272, 229)]
I1014 12:15:23.278671  5860 work_detect.cpp:120] Succeeded to add det end for frame 53
I1014 12:15:23.278688  5860 work_thread.hpp:81]  [T-Work-Detect_0] Run work: WrokTrack
I1014 12:15:23.278715  5860 work_track.cpp:102] Succeeded to set track lock for frame 53
I1014 12:15:23.278743  5860 work_track.cpp:116] Succeeded to release track lock for frame 53
I1014 12:15:23.278756  5860 work_track.cpp:120] Track results of frame 53: 0 objects input, 0 objects tracked!
I1014 12:15:23.278774  5860 work_thread.hpp:88]  [T-Work-Detect_0] Frame :53 split
I1014 12:15:23.278825  5863 thread_intergrate.hpp:78] [T-Intergrate-intergrate] queue: frame output frame :53
I1014 12:15:23.280330  5859 demo_inner.hpp:435] thread [SORT-0]  frame id 53 sorting queue size 1   FPS: 29.9022
I1014 12:15:23.307798  5857 demo_inner.hpp:177] decode queue size 0
I1014 12:15:23.307900  5860 work_thread.hpp:81]  [T-Work-Detect_0] Run work: WorkDetect
I1014 12:15:23.307934  5860 work_detect.cpp:102] Succeeded to add det start for frame 54
I1014 12:15:23.314544  5860 work_detect.cpp:70] Frame :54 detect result :1 face(s)
W1014 12:15:23.314587  5860 work_detect.cpp:83] Invalid bbox: [130 x 148 from (272, 230)]
I1014 12:15:23.314683  5860 work_detect.cpp:120] Succeeded to add det end for frame 54
I1014 12:15:23.314700  5860 work_thread.hpp:81]  [T-Work-Detect_0] Run work: WrokTrack
I1014 12:15:23.314726  5860 work_track.cpp:102] Succeeded to set track lock for frame 54
I1014 12:15:23.314754  5860 work_track.cpp:116] Succeeded to release track lock for frame 54
I1014 12:15:23.314767  5860 work_track.cpp:120] Track results of frame 54: 0 objects input, 0 objects tracked!
I1014 12:15:23.314785  5860 work_thread.hpp:88]  [T-Work-Detect_0] Frame :54 split
I1014 12:15:23.314833  5863 thread_intergrate.hpp:78] [T-Intergrate-intergrate] queue: frame output frame :54
I1014 12:15:23.316383  5859 demo_inner.hpp:435] thread [SORT-0]  frame id 54 sorting queue size 2   FPS: 29.8592
I1014 12:15:23.332722  5858 demo_inner.hpp:260]  gui queue size 2, state = running
I1014 12:15:23.343899  5857 demo_inner.hpp:177] decode queue size 0
I1014 12:15:23.344008  5860 work_thread.hpp:81]  [T-Work-Detect_0] Run work: WorkDetect
I1014 12:15:23.344043  5860 work_detect.cpp:102] Succeeded to add det start for frame 55
I1014 12:15:23.350708  5860 work_detect.cpp:70] Frame :55 detect result :1 face(s)
W1014 12:15:23.350829  5860 work_detect.cpp:83] Invalid bbox: [132 x 154 from (269, 224)]
I1014 12:15:23.350901  5860 work_detect.cpp:120] Succeeded to add det end for frame 55
I1014 12:15:23.350919  5860 work_thread.hpp:81]  [T-Work-Detect_0] Run work: WrokTrack
I1014 12:15:23.350944  5860 work_track.cpp:102] Succeeded to set track lock for frame 55
I1014 12:15:23.350971  5860 work_track.cpp:116] Succeeded to release track lock for frame 55
I1014 12:15:23.350986  5860 work_track.cpp:120] Track results of frame 55: 0 objects input, 0 objects tracked!
I1014 12:15:23.351003  5860 work_thread.hpp:88]  [T-Work-Detect_0] Frame :55 split
I1014 12:15:23.351052  5863 thread_intergrate.hpp:78] [T-Intergrate-intergrate] queue: frame output frame :55
I1014 12:15:23.352557  5859 demo_inner.hpp:435] thread [SORT-0]  frame id 55 sorting queue size 0   FPS: 29.8178
I1014 12:15:23.373829  5857 demo_inner.hpp:177] decode queue size 0
I1014 12:15:23.373934  5860 work_thread.hpp:81]  [T-Work-Detect_0] Run work: WorkDetect
I1014 12:15:23.373967  5860 work_detect.cpp:102] Succeeded to add det start for frame 56
I1014 12:15:23.380558  5860 work_detect.cpp:70] Frame :56 detect result :1 face(s)
W1014 12:15:23.380600  5860 work_detect.cpp:83] Invalid bbox: [130 x 156 from (271, 224)]
I1014 12:15:23.380698  5860 work_detect.cpp:120] Succeeded to add det end for frame 56
I1014 12:15:23.380717  5860 work_thread.hpp:81]  [T-Work-Detect_0] Run work: WrokTrack
I1014 12:15:23.380741  5860 work_track.cpp:102] Succeeded to set track lock for frame 56
I1014 12:15:23.380769  5860 work_track.cpp:116] Succeeded to release track lock for frame 56
I1014 12:15:23.380784  5860 work_track.cpp:120] Track results of frame 56: 0 objects input, 0 objects tracked!
I1014 12:15:23.380801  5860 work_thread.hpp:88]  [T-Work-Detect_0] Frame :56 split
I1014 12:15:23.380851  5863 thread_intergrate.hpp:78] [T-Intergrate-intergrate] queue: frame output frame :56
I1014 12:15:23.382390  5859 demo_inner.hpp:435] thread [SORT-0]  frame id 56 sorting queue size 1   FPS: 29.8751
I1014 12:15:23.404942  5858 demo_inner.hpp:260]  gui queue size 1, state = running
I1014 12:15:23.409768  5857 demo_inner.hpp:177] decode queue size 0
I1014 12:15:23.409873  5860 work_thread.hpp:81]  [T-Work-Detect_0] Run work: WorkDetect
I1014 12:15:23.409907  5860 work_detect.cpp:102] Succeeded to add det start for frame 57
I1014 12:15:23.416404  5860 work_detect.cpp:70] Frame :57 detect result :1 face(s)
W1014 12:15:23.416441  5860 work_detect.cpp:83] Invalid bbox: [130 x 152 from (272, 227)]
I1014 12:15:23.416538  5860 work_detect.cpp:120] Succeeded to add det end for frame 57
I1014 12:15:23.416554  5860 work_thread.hpp:81]  [T-Work-Detect_0] Run work: WrokTrack
I1014 12:15:23.416580  5860 work_track.cpp:102] Succeeded to set track lock for frame 57
I1014 12:15:23.416607  5860 work_track.cpp:116] Succeeded to release track lock for frame 57
I1014 12:15:23.416621  5860 work_track.cpp:120] Track results of frame 57: 0 objects input, 0 objects tracked!
I1014 12:15:23.416640  5860 work_thread.hpp:88]  [T-Work-Detect_0] Frame :57 split
I1014 12:15:23.416688  5863 thread_intergrate.hpp:78] [T-Intergrate-intergrate] queue: frame output frame :57
I1014 12:15:23.418192  5859 demo_inner.hpp:435] thread [SORT-0]  frame id 57 sorting queue size 0   FPS: 29.8348
I1014 12:15:23.439806  5857 demo_inner.hpp:177] decode queue size 0
I1014 12:15:23.439908  5860 work_thread.hpp:81]  [T-Work-Detect_0] Run work: WorkDetect
I1014 12:15:23.439942  5860 work_detect.cpp:102] Succeeded to add det start for frame 58
I1014 12:15:23.446434  5860 work_detect.cpp:70] Frame :58 detect result :1 face(s)
W1014 12:15:23.446478  5860 work_detect.cpp:83] Invalid bbox: [131 x 156 from (270, 225)]
I1014 12:15:23.446574  5860 work_detect.cpp:120] Succeeded to add det end for frame 58
I1014 12:15:23.446591  5860 work_thread.hpp:81]  [T-Work-Detect_0] Run work: WrokTrack
I1014 12:15:23.446619  5860 work_track.cpp:102] Succeeded to set track lock for frame 58
I1014 12:15:23.446646  5860 work_track.cpp:116] Succeeded to release track lock for frame 58
I1014 12:15:23.446705  5860 work_track.cpp:120] Track results of frame 58: 0 objects input, 0 objects tracked!
I1014 12:15:23.446727  5860 work_thread.hpp:88]  [T-Work-Detect_0] Frame :58 split
I1014 12:15:23.446789  5863 thread_intergrate.hpp:78] [T-Intergrate-intergrate] queue: frame output frame :58
I1014 12:15:23.448384  5859 demo_inner.hpp:435] thread [SORT-0]  frame id 58 sorting queue size 1   FPS: 29.8899
I1014 12:15:23.475697  5857 demo_inner.hpp:177] decode queue size 0
I1014 12:15:23.475801  5860 work_thread.hpp:81]  [T-Work-Detect_0] Run work: WorkDetect
I1014 12:15:23.475836  5860 work_detect.cpp:102] Succeeded to add det start for frame 59
I1014 12:15:23.482393  5860 work_detect.cpp:70] Frame :59 detect result :1 face(s)
W1014 12:15:23.482442  5860 work_detect.cpp:83] Invalid bbox: [130 x 154 from (270, 225)]
I1014 12:15:23.482544  5860 work_detect.cpp:120] Succeeded to add det end for frame 59
I1014 12:15:23.482563  5860 work_thread.hpp:81]  [T-Work-Detect_0] Run work: WrokTrack
I1014 12:15:23.482589  5860 work_track.cpp:102] Succeeded to set track lock for frame 59
I1014 12:15:23.482616  5860 work_track.cpp:116] Succeeded to release track lock for frame 59
I1014 12:15:23.482630  5860 work_track.cpp:120] Track results of frame 59: 0 objects input, 0 objects tracked!
I1014 12:15:23.482648  5860 work_thread.hpp:88]  [T-Work-Detect_0] Frame :59 split
I1014 12:15:23.482697  5863 thread_intergrate.hpp:78] [T-Intergrate-intergrate] queue: frame output frame :59
I1014 12:15:23.484220  5859 demo_inner.hpp:435] thread [SORT-0]  frame id 59 sorting queue size 2   FPS: 29.8507
I1014 12:15:23.506400  5857 demo_inner.hpp:177] decode queue size 0
I1014 12:15:23.506369  5858 demo_inner.hpp:260]  gui queue size 2, state = running
I1014 12:15:23.506485  5860 work_thread.hpp:81]  [T-Work-Detect_0] Run work: WorkDetect
I1014 12:15:23.506520  5860 work_detect.cpp:102] Succeeded to add det start for frame 60
I1014 12:15:23.513147  5860 work_detect.cpp:70] Frame :60 detect result :1 face(s)
W1014 12:15:23.513200  5860 work_detect.cpp:83] Invalid bbox: [129 x 149 from (269, 227)]
I1014 12:15:23.513325  5860 work_detect.cpp:120] Succeeded to add det end for frame 60
I1014 12:15:23.513342  5860 work_thread.hpp:81]  [T-Work-Detect_0] Run work: WrokTrack
I1014 12:15:23.513370  5860 work_track.cpp:102] Succeeded to set track lock for frame 60
I1014 12:15:23.513397  5860 work_track.cpp:116] Succeeded to release track lock for frame 60
I1014 12:15:23.513411  5860 work_track.cpp:120] Track results of frame 60: 0 objects input, 0 objects tracked!
I1014 12:15:23.513430  5860 work_thread.hpp:88]  [T-Work-Detect_0] Frame :60 split
I1014 12:15:23.513489  5863 thread_intergrate.hpp:78] [T-Intergrate-intergrate] queue: frame output frame :60
I1014 12:15:23.514992  5859 demo_inner.hpp:435] thread [SORT-0]  frame id 60 sorting queue size 0   FPS: 29.9037
I1014 12:15:23.541772  5857 demo_inner.hpp:177] decode queue size 0
I1014 12:15:23.541874  5860 work_thread.hpp:81]  [T-Work-Detect_0] Run work: WorkDetect
I1014 12:15:23.541908  5860 work_detect.cpp:102] Succeeded to add det start for frame 61
I1014 12:15:23.548560  5860 work_detect.cpp:70] Frame :61 detect result :1 face(s)
W1014 12:15:23.548611  5860 work_detect.cpp:83] Invalid bbox: [130 x 151 from (268, 225)]
I1014 12:15:23.548707  5860 work_detect.cpp:120] Succeeded to add det end for frame 61
I1014 12:15:23.548724  5860 work_thread.hpp:81]  [T-Work-Detect_0] Run work: WrokTrack
I1014 12:15:23.548751  5860 work_track.cpp:102] Succeeded to set track lock for frame 61
I1014 12:15:23.548779  5860 work_track.cpp:116] Succeeded to release track lock for frame 61
I1014 12:15:23.548792  5860 work_track.cpp:120] Track results of frame 61: 0 objects input, 0 objects tracked!
I1014 12:15:23.548811  5860 work_thread.hpp:88]  [T-Work-Detect_0] Frame :61 split
I1014 12:15:23.548861  5863 thread_intergrate.hpp:78] [T-Intergrate-intergrate] queue: frame output frame :61
I1014 12:15:23.550400  5859 demo_inner.hpp:435] thread [SORT-0]  frame id 61 sorting queue size 1   FPS: 29.8656
I1014 12:15:23.572618  5858 demo_inner.hpp:260]  gui queue size 1, state = running
I1014 12:15:23.577885  5857 demo_inner.hpp:177] decode queue size 0
I1014 12:15:23.578022  5860 work_thread.hpp:81]  [T-Work-Detect_0] Run work: WorkDetect
I1014 12:15:23.578061  5860 work_detect.cpp:102] Succeeded to add det start for frame 62
I1014 12:15:23.584748  5860 work_detect.cpp:70] Frame :62 detect result :1 face(s)
W1014 12:15:23.584790  5860 work_detect.cpp:83] Invalid bbox: [130 x 152 from (267, 227)]
I1014 12:15:23.585160  5860 work_detect.cpp:120] Succeeded to add det end for frame 62
I1014 12:15:23.585178  5860 work_thread.hpp:81]  [T-Work-Detect_0] Run work: WrokTrack
I1014 12:15:23.585206  5860 work_track.cpp:102] Succeeded to set track lock for frame 62
I1014 12:15:23.585233  5860 work_track.cpp:116] Succeeded to release track lock for frame 62
I1014 12:15:23.585247  5860 work_track.cpp:120] Track results of frame 62: 0 objects input, 0 objects tracked!
I1014 12:15:23.585265  5860 work_thread.hpp:88]  [T-Work-Detect_0] Frame :62 split
I1014 12:15:23.585314  5863 thread_intergrate.hpp:78] [T-Intergrate-intergrate] queue: frame output frame :62
I1014 12:15:23.586786  5859 demo_inner.hpp:435] thread [SORT-0]  frame id 62 sorting queue size 0   FPS: 29.9401
I1014 12:15:23.607775  5857 demo_inner.hpp:177] decode queue size 0
I1014 12:15:23.607879  5860 work_thread.hpp:81]  [T-Work-Detect_0] Run work: WorkDetect
I1014 12:15:23.607919  5860 work_detect.cpp:102] Succeeded to add det start for frame 63
I1014 12:15:23.614542  5860 work_detect.cpp:70] Frame :63 detect result :1 face(s)
W1014 12:15:23.614591  5860 work_detect.cpp:83] Invalid bbox: [128 x 145 from (268, 229)]
I1014 12:15:23.614687  5860 work_detect.cpp:120] Succeeded to add det end for frame 63
I1014 12:15:23.614706  5860 work_thread.hpp:81]  [T-Work-Detect_0] Run work: WrokTrack
I1014 12:15:23.614734  5860 work_track.cpp:102] Succeeded to set track lock for frame 63
I1014 12:15:23.614761  5860 work_track.cpp:116] Succeeded to release track lock for frame 63
I1014 12:15:23.614775  5860 work_track.cpp:120] Track results of frame 63: 0 objects input, 0 objects tracked!
I1014 12:15:23.614794  5860 work_thread.hpp:88]  [T-Work-Detect_0] Frame :63 split
I1014 12:15:23.614850  5863 thread_intergrate.hpp:78] [T-Intergrate-intergrate] queue: frame output frame :63
I1014 12:15:23.616336  5859 demo_inner.hpp:435] thread [SORT-0]  frame id 63 sorting queue size 1   FPS: 29.9401
I1014 12:15:23.639564  5858 demo_inner.hpp:260]  gui queue size 1, state = running
I1014 12:15:23.643810  5857 demo_inner.hpp:177] decode queue size 0
I1014 12:15:23.643925  5860 work_thread.hpp:81]  [T-Work-Detect_0] Run work: WorkDetect
I1014 12:15:23.643960  5860 work_detect.cpp:102] Succeeded to add det start for frame 64
I1014 12:15:23.650557  5860 work_detect.cpp:70] Frame :64 detect result :1 face(s)
W1014 12:15:23.650602  5860 work_detect.cpp:83] Invalid bbox: [128 x 150 from (268, 224)]
I1014 12:15:23.650699  5860 work_detect.cpp:120] Succeeded to add det end for frame 64
I1014 12:15:23.650717  5860 work_thread.hpp:81]  [T-Work-Detect_0] Run work: WrokTrack
I1014 12:15:23.650743  5860 work_track.cpp:102] Succeeded to set track lock for frame 64
I1014 12:15:23.650770  5860 work_track.cpp:116] Succeeded to release track lock for frame 64
I1014 12:15:23.650784  5860 work_track.cpp:120] Track results of frame 64: 0 objects input, 0 objects tracked!
I1014 12:15:23.650802  5860 work_thread.hpp:88]  [T-Work-Detect_0] Frame :64 split
I1014 12:15:23.650854  5863 thread_intergrate.hpp:78] [T-Intergrate-intergrate] queue: frame output frame :64
I1014 12:15:23.652344  5859 demo_inner.hpp:435] thread [SORT-0]  frame id 64 sorting queue size 0   FPS: 29.9401
I1014 12:15:23.673950  5857 demo_inner.hpp:177] decode queue size 0
I1014 12:15:23.674057  5860 work_thread.hpp:81]  [T-Work-Detect_0] Run work: WorkDetect
I1014 12:15:23.674093  5860 work_detect.cpp:102] Succeeded to add det start for frame 65
I1014 12:15:23.680757  5860 work_detect.cpp:70] Frame :65 detect result :1 face(s)
W1014 12:15:23.680804  5860 work_detect.cpp:83] Invalid bbox: [128 x 148 from (267, 228)]
I1014 12:15:23.680940  5860 work_detect.cpp:120] Succeeded to add det end for frame 65
I1014 12:15:23.680958  5860 work_thread.hpp:81]  [T-Work-Detect_0] Run work: WrokTrack
I1014 12:15:23.680986  5860 work_track.cpp:102] Succeeded to set track lock for frame 65
I1014 12:15:23.681013  5860 work_track.cpp:116] Succeeded to release track lock for frame 65
I1014 12:15:23.681027  5860 work_track.cpp:120] Track results of frame 65: 0 objects input, 0 objects tracked!
I1014 12:15:23.681046  5860 work_thread.hpp:88]  [T-Work-Detect_0] Frame :65 split
I1014 12:15:23.681097  5863 thread_intergrate.hpp:78] [T-Intergrate-intergrate] queue: frame output frame :65
I1014 12:15:23.682566  5859 demo_inner.hpp:435] thread [SORT-0]  frame id 65 sorting queue size 1   FPS: 29.9401
I1014 12:15:23.709748  5857 demo_inner.hpp:177] decode queue size 0
I1014 12:15:23.709852  5860 work_thread.hpp:81]  [T-Work-Detect_0] Run work: WorkDetect
I1014 12:15:23.709887  5860 work_detect.cpp:102] Succeeded to add det start for frame 66
I1014 12:15:23.716560  5860 work_detect.cpp:70] Frame :66 detect result :1 face(s)
W1014 12:15:23.716605  5860 work_detect.cpp:83] Invalid bbox: [131 x 155 from (267, 223)]
I1014 12:15:23.716704  5860 work_detect.cpp:120] Succeeded to add det end for frame 66
I1014 12:15:23.716722  5860 work_thread.hpp:81]  [T-Work-Detect_0] Run work: WrokTrack
I1014 12:15:23.716747  5860 work_track.cpp:102] Succeeded to set track lock for frame 66
I1014 12:15:23.716775  5860 work_track.cpp:116] Succeeded to release track lock for frame 66
I1014 12:15:23.716789  5860 work_track.cpp:120] Track results of frame 66: 0 objects input, 0 objects tracked!
I1014 12:15:23.716807  5860 work_thread.hpp:88]  [T-Work-Detect_0] Frame :66 split
I1014 12:15:23.716856  5863 thread_intergrate.hpp:78] [T-Intergrate-intergrate] queue: frame output frame :66
I1014 12:15:23.717659  5858 demo_inner.hpp:260]  gui queue size 1, state = running
I1014 12:15:23.718367  5859 demo_inner.hpp:435] thread [SORT-0]  frame id 66 sorting queue size 0   FPS: 29.9401
I1014 12:15:23.739862  5857 demo_inner.hpp:177] decode queue size 0
I1014 12:15:23.739964  5860 work_thread.hpp:81]  [T-Work-Detect_0] Run work: WorkDetect
I1014 12:15:23.740000  5860 work_detect.cpp:102] Succeeded to add det start for frame 67
I1014 12:15:23.746551  5860 work_detect.cpp:70] Frame :67 detect result :1 face(s)
W1014 12:15:23.746593  5860 work_detect.cpp:83] Invalid bbox: [132 x 152 from (267, 225)]
I1014 12:15:23.746690  5860 work_detect.cpp:120] Succeeded to add det end for frame 67
I1014 12:15:23.746708  5860 work_thread.hpp:81]  [T-Work-Detect_0] Run work: WrokTrack
I1014 12:15:23.746735  5860 work_track.cpp:102] Succeeded to set track lock for frame 67
I1014 12:15:23.746763  5860 work_track.cpp:116] Succeeded to release track lock for frame 67
I1014 12:15:23.746776  5860 work_track.cpp:120] Track results of frame 67: 0 objects input, 0 objects tracked!
I1014 12:15:23.746795  5860 work_thread.hpp:88]  [T-Work-Detect_0] Frame :67 split
I1014 12:15:23.746851  5863 thread_intergrate.hpp:78] [T-Intergrate-intergrate] queue: frame output frame :67
I1014 12:15:23.748381  5859 demo_inner.hpp:435] thread [SORT-0]  frame id 67 sorting queue size 1   FPS: 29.9551
I1014 12:15:23.775768  5857 demo_inner.hpp:177] decode queue size 0
I1014 12:15:23.775882  5860 work_thread.hpp:81]  [T-Work-Detect_0] Run work: WorkDetect
I1014 12:15:23.775918  5860 work_detect.cpp:102] Succeeded to add det start for frame 68
I1014 12:15:23.782533  5860 work_detect.cpp:70] Frame :68 detect result :1 face(s)
W1014 12:15:23.782577  5860 work_detect.cpp:83] Invalid bbox: [127 x 146 from (269, 230)]
I1014 12:15:23.782675  5860 work_detect.cpp:120] Succeeded to add det end for frame 68
I1014 12:15:23.782692  5860 work_thread.hpp:81]  [T-Work-Detect_0] Run work: WrokTrack
I1014 12:15:23.782719  5860 work_track.cpp:102] Succeeded to set track lock for frame 68
I1014 12:15:23.782747  5860 work_track.cpp:116] Succeeded to release track lock for frame 68
I1014 12:15:23.782760  5860 work_track.cpp:120] Track results of frame 68: 0 objects input, 0 objects tracked!
I1014 12:15:23.782824  5860 work_thread.hpp:88]  [T-Work-Detect_0] Frame :68 split
I1014 12:15:23.782874  5863 thread_intergrate.hpp:78] [T-Intergrate-intergrate] queue: frame output frame :68
I1014 12:15:23.784394  5859 demo_inner.hpp:435] thread [SORT-0]  frame id 68 sorting queue size 2   FPS: 29.97
I1014 12:15:23.801059  5858 demo_inner.hpp:260]  gui queue size 2, state = running
I1014 12:15:23.811856  5857 demo_inner.hpp:177] decode queue size 0
I1014 12:15:23.811961  5860 work_thread.hpp:81]  [T-Work-Detect_0] Run work: WorkDetect
I1014 12:15:23.811996  5860 work_detect.cpp:102] Succeeded to add det start for frame 69
I1014 12:15:23.818534  5860 work_detect.cpp:70] Frame :69 detect result :1 face(s)
W1014 12:15:23.818579  5860 work_detect.cpp:83] Invalid bbox: [130 x 148 from (267, 227)]
I1014 12:15:23.818677  5860 work_detect.cpp:120] Succeeded to add det end for frame 69
I1014 12:15:23.818696  5860 work_thread.hpp:81]  [T-Work-Detect_0] Run work: WrokTrack
I1014 12:15:23.818722  5860 work_track.cpp:102] Succeeded to set track lock for frame 69
I1014 12:15:23.818749  5860 work_track.cpp:116] Succeeded to release track lock for frame 69
I1014 12:15:23.818763  5860 work_track.cpp:120] Track results of frame 69: 0 objects input, 0 objects tracked!
I1014 12:15:23.818783  5860 work_thread.hpp:88]  [T-Work-Detect_0] Frame :69 split
I1014 12:15:23.818831  5863 thread_intergrate.hpp:78] [T-Intergrate-intergrate] queue: frame output frame :69
I1014 12:15:23.820348  5859 demo_inner.hpp:435] thread [SORT-0]  frame id 69 sorting queue size 0   FPS: 29.97
I1014 12:15:23.841856  5857 demo_inner.hpp:177] decode queue size 0
I1014 12:15:23.841958  5860 work_thread.hpp:81]  [T-Work-Detect_0] Run work: WorkDetect
I1014 12:15:23.841991  5860 work_detect.cpp:102] Succeeded to add det start for frame 70
I1014 12:15:23.848567  5860 work_detect.cpp:70] Frame :70 detect result :1 face(s)
W1014 12:15:23.848605  5860 work_detect.cpp:83] Invalid bbox: [130 x 149 from (268, 228)]
I1014 12:15:23.848702  5860 work_detect.cpp:120] Succeeded to add det end for frame 70
I1014 12:15:23.848721  5860 work_thread.hpp:81]  [T-Work-Detect_0] Run work: WrokTrack
I1014 12:15:23.848747  5860 work_track.cpp:102] Succeeded to set track lock for frame 70
I1014 12:15:23.848773  5860 work_track.cpp:116] Succeeded to release track lock for frame 70
I1014 12:15:23.848786  5860 work_track.cpp:120] Track results of frame 70: 0 objects input, 0 objects tracked!
I1014 12:15:23.848804  5860 work_thread.hpp:88]  [T-Work-Detect_0] Frame :70 split
I1014 12:15:23.848865  5863 thread_intergrate.hpp:78] [T-Intergrate-intergrate] queue: frame output frame :70
I1014 12:15:23.850379  5859 demo_inner.hpp:435] thread [SORT-0]  frame id 70 sorting queue size 1   FPS: 29.9551
I1014 12:15:23.877724  5857 demo_inner.hpp:177] decode queue size 0
I1014 12:15:23.877831  5860 work_thread.hpp:81]  [T-Work-Detect_0] Run work: WorkDetect
I1014 12:15:23.877866  5860 work_detect.cpp:102] Succeeded to add det start for frame 71
I1014 12:15:23.879398  5858 demo_inner.hpp:260]  gui queue size 1, state = running
I1014 12:15:23.884567  5860 work_detect.cpp:70] Frame :71 detect result :1 face(s)
W1014 12:15:23.884620  5860 work_detect.cpp:83] Invalid bbox: [131 x 152 from (267, 225)]
I1014 12:15:23.884727  5860 work_detect.cpp:120] Succeeded to add det end for frame 71
I1014 12:15:23.884745  5860 work_thread.hpp:81]  [T-Work-Detect_0] Run work: WrokTrack
I1014 12:15:23.884773  5860 work_track.cpp:102] Succeeded to set track lock for frame 71
I1014 12:15:23.884800  5860 work_track.cpp:116] Succeeded to release track lock for frame 71
I1014 12:15:23.884814  5860 work_track.cpp:120] Track results of frame 71: 0 objects input, 0 objects tracked!
I1014 12:15:23.884832  5860 work_thread.hpp:88]  [T-Work-Detect_0] Frame :71 split
I1014 12:15:23.884887  5863 thread_intergrate.hpp:78] [T-Intergrate-intergrate] queue: frame output frame :71
I1014 12:15:23.886399  5859 demo_inner.hpp:435] thread [SORT-0]  frame id 71 sorting queue size 0   FPS: 30
I1014 12:15:23.908066  5857 demo_inner.hpp:177] decode queue size 0
I1014 12:15:23.908192  5860 work_thread.hpp:81]  [T-Work-Detect_0] Run work: WorkDetect
I1014 12:15:23.908228  5860 work_detect.cpp:102] Succeeded to add det start for frame 72
I1014 12:15:23.914713  5860 work_detect.cpp:70] Frame :72 detect result :1 face(s)
W1014 12:15:23.914755  5860 work_detect.cpp:83] Invalid bbox: [130 x 154 from (268, 227)]
I1014 12:15:23.914852  5860 work_detect.cpp:120] Succeeded to add det end for frame 72
I1014 12:15:23.914870  5860 work_thread.hpp:81]  [T-Work-Detect_0] Run work: WrokTrack
I1014 12:15:23.914896  5860 work_track.cpp:102] Succeeded to set track lock for frame 72
I1014 12:15:23.914924  5860 work_track.cpp:116] Succeeded to release track lock for frame 72
I1014 12:15:23.914938  5860 work_track.cpp:120] Track results of frame 72: 0 objects input, 0 objects tracked!
I1014 12:15:23.914958  5860 work_thread.hpp:88]  [T-Work-Detect_0] Frame :72 split
I1014 12:15:23.915007  5863 thread_intergrate.hpp:78] [T-Intergrate-intergrate] queue: frame output frame :72
I1014 12:15:23.916502  5859 demo_inner.hpp:435] thread [SORT-0]  frame id 72 sorting queue size 1   FPS: 30.0345
I1014 12:15:23.943742  5857 demo_inner.hpp:177] decode queue size 0
I1014 12:15:23.943848  5860 work_thread.hpp:81]  [T-Work-Detect_0] Run work: WorkDetect
I1014 12:15:23.943881  5860 work_detect.cpp:102] Succeeded to add det start for frame 73
I1014 12:15:23.950456  5860 work_detect.cpp:70] Frame :73 detect result :1 face(s)
W1014 12:15:23.950501  5860 work_detect.cpp:83] Invalid bbox: [129 x 148 from (267, 227)]
I1014 12:15:23.950598  5860 work_detect.cpp:120] Succeeded to add det end for frame 73
I1014 12:15:23.950614  5860 work_thread.hpp:81]  [T-Work-Detect_0] Run work: WrokTrack
I1014 12:15:23.950641  5860 work_track.cpp:102] Succeeded to set track lock for frame 73
I1014 12:15:23.950667  5860 work_track.cpp:116] Succeeded to release track lock for frame 73
I1014 12:15:23.950681  5860 work_track.cpp:120] Track results of frame 73: 0 objects input, 0 objects tracked!
I1014 12:15:23.950700  5860 work_thread.hpp:88]  [T-Work-Detect_0] Frame :73 split
I1014 12:15:23.950747  5863 thread_intergrate.hpp:78] [T-Intergrate-intergrate] queue: frame output frame :73
I1014 12:15:23.952271  5859 demo_inner.hpp:435] thread [SORT-0]  frame id 73 sorting queue size 2   FPS: 29.9607
I1014 12:15:23.962904  5858 demo_inner.hpp:260]  gui queue size 2, state = running
I1014 12:15:23.974153  5857 demo_inner.hpp:177] decode queue size 0
I1014 12:15:23.974264  5860 work_thread.hpp:81]  [T-Work-Detect_0] Run work: WorkDetect
I1014 12:15:23.974299  5860 work_detect.cpp:102] Succeeded to add det start for frame 74
I1014 12:15:23.980836  5860 work_detect.cpp:70] Frame :74 detect result :1 face(s)
W1014 12:15:23.980873  5860 work_detect.cpp:83] Invalid bbox: [130 x 151 from (266, 225)]
I1014 12:15:23.980971  5860 work_detect.cpp:120] Succeeded to add det end for frame 74
I1014 12:15:23.980988  5860 work_thread.hpp:81]  [T-Work-Detect_0] Run work: WrokTrack
I1014 12:15:23.981014  5860 work_track.cpp:102] Succeeded to set track lock for frame 74
I1014 12:15:23.981041  5860 work_track.cpp:116] Succeeded to release track lock for frame 74
I1014 12:15:23.981055  5860 work_track.cpp:120] Track results of frame 74: 0 objects input, 0 objects tracked!
I1014 12:15:23.981074  5860 work_thread.hpp:88]  [T-Work-Detect_0] Frame :74 split
I1014 12:15:23.981132  5863 thread_intergrate.hpp:78] [T-Intergrate-intergrate] queue: frame output frame :74
I1014 12:15:23.982626  5859 demo_inner.hpp:435] thread [SORT-0]  frame id 74 sorting queue size 0   FPS: 30.0049
I1014 12:15:24.009778  5857 demo_inner.hpp:177] decode queue size 0
I1014 12:15:24.009889  5860 work_thread.hpp:81]  [T-Work-Detect_0] Run work: WorkDetect
I1014 12:15:24.009923  5860 work_detect.cpp:102] Succeeded to add det start for frame 75
I1014 12:15:24.016552  5860 work_detect.cpp:70] Frame :75 detect result :1 face(s)
W1014 12:15:24.016594  5860 work_detect.cpp:83] Invalid bbox: [129 x 145 from (267, 230)]
I1014 12:15:24.016732  5860 work_detect.cpp:120] Succeeded to add det end for frame 75
I1014 12:15:24.016750  5860 work_thread.hpp:81]  [T-Work-Detect_0] Run work: WrokTrack
I1014 12:15:24.016778  5860 work_track.cpp:102] Succeeded to set track lock for frame 75
I1014 12:15:24.016806  5860 work_track.cpp:116] Succeeded to release track lock for frame 75
I1014 12:15:24.016819  5860 work_track.cpp:120] Track results of frame 75: 0 objects input, 0 objects tracked!
I1014 12:15:24.016839  5860 work_thread.hpp:88]  [T-Work-Detect_0] Frame :75 split
I1014 12:15:24.017388  5863 thread_intergrate.hpp:78] [T-Intergrate-intergrate] queue: frame output frame :75
I1014 12:15:24.018921  5859 demo_inner.hpp:435] thread [SORT-0]  frame id 75 sorting queue size 1   FPS: 29.9166
I1014 12:15:24.035260  5858 demo_inner.hpp:260]  gui queue size 1, state = running
I1014 12:15:24.045805  5857 demo_inner.hpp:177] decode queue size 0
I1014 12:15:24.045920  5860 work_thread.hpp:81]  [T-Work-Detect_0] Run work: WorkDetect
I1014 12:15:24.045958  5860 work_detect.cpp:102] Succeeded to add det start for frame 76
I1014 12:15:24.052593  5860 work_detect.cpp:70] Frame :76 detect result :1 face(s)
W1014 12:15:24.052639  5860 work_detect.cpp:83] Invalid bbox: [130 x 149 from (266, 225)]
I1014 12:15:24.052738  5860 work_detect.cpp:120] Succeeded to add det end for frame 76
I1014 12:15:24.052757  5860 work_thread.hpp:81]  [T-Work-Detect_0] Run work: WrokTrack
I1014 12:15:24.052783  5860 work_track.cpp:102] Succeeded to set track lock for frame 76
I1014 12:15:24.052810  5860 work_track.cpp:116] Succeeded to release track lock for frame 76
I1014 12:15:24.052825  5860 work_track.cpp:120] Track results of frame 76: 0 objects input, 0 objects tracked!
I1014 12:15:24.052844  5860 work_thread.hpp:88]  [T-Work-Detect_0] Frame :76 split
I1014 12:15:24.052892  5863 thread_intergrate.hpp:78] [T-Intergrate-intergrate] queue: frame output frame :76
I1014 12:15:24.054391  5859 demo_inner.hpp:435] thread [SORT-0]  frame id 76 sorting queue size 0   FPS: 29.9313
I1014 12:15:24.075829  5857 demo_inner.hpp:177] decode queue size 0
I1014 12:15:24.075934  5860 work_thread.hpp:81]  [T-Work-Detect_0] Run work: WorkDetect
I1014 12:15:24.075971  5860 work_detect.cpp:102] Succeeded to add det start for frame 77
I1014 12:15:24.082556  5860 work_detect.cpp:70] Frame :77 detect result :1 face(s)
W1014 12:15:24.082595  5860 work_detect.cpp:83] Invalid bbox: [129 x 150 from (268, 225)]
I1014 12:15:24.082695  5860 work_detect.cpp:120] Succeeded to add det end for frame 77
I1014 12:15:24.082711  5860 work_thread.hpp:81]  [T-Work-Detect_0] Run work: WrokTrack
I1014 12:15:24.082739  5860 work_track.cpp:102] Succeeded to set track lock for frame 77
I1014 12:15:24.082767  5860 work_track.cpp:116] Succeeded to release track lock for frame 77
I1014 12:15:24.082782  5860 work_track.cpp:120] Track results of frame 77: 0 objects input, 0 objects tracked!
I1014 12:15:24.082799  5860 work_thread.hpp:88]  [T-Work-Detect_0] Frame :77 split
I1014 12:15:24.082860  5863 thread_intergrate.hpp:78] [T-Intergrate-intergrate] queue: frame output frame :77
I1014 12:15:24.084370  5859 demo_inner.hpp:435] thread [SORT-0]  frame id 77 sorting queue size 1   FPS: 30.0049
I1014 12:15:24.102694  5858 demo_inner.hpp:260]  gui queue size 1, state = running
I1014 12:15:24.111879  5857 demo_inner.hpp:177] decode queue size 0
I1014 12:15:24.111992  5860 work_thread.hpp:81]  [T-Work-Detect_0] Run work: WorkDetect
I1014 12:15:24.112030  5860 work_detect.cpp:102] Succeeded to add det start for frame 78
I1014 12:15:24.118608  5860 work_detect.cpp:70] Frame :78 detect result :1 face(s)
W1014 12:15:24.118652  5860 work_detect.cpp:83] Invalid bbox: [128 x 150 from (269, 227)]
I1014 12:15:24.118747  5860 work_detect.cpp:120] Succeeded to add det end for frame 78
I1014 12:15:24.118764  5860 work_thread.hpp:81]  [T-Work-Detect_0] Run work: WrokTrack
I1014 12:15:24.118791  5860 work_track.cpp:102] Succeeded to set track lock for frame 78
I1014 12:15:24.118818  5860 work_track.cpp:116] Succeeded to release track lock for frame 78
I1014 12:15:24.118832  5860 work_track.cpp:120] Track results of frame 78: 0 objects input, 0 objects tracked!
I1014 12:15:24.118896  5860 work_thread.hpp:88]  [T-Work-Detect_0] Frame :78 split
I1014 12:15:24.118944  5863 thread_intergrate.hpp:78] [T-Intergrate-intergrate] queue: frame output frame :78
I1014 12:15:24.120496  5859 demo_inner.hpp:435] thread [SORT-0]  frame id 78 sorting queue size 0   FPS: 29.9166
I1014 12:15:24.141824  5857 demo_inner.hpp:177] decode queue size 0
I1014 12:15:24.141930  5860 work_thread.hpp:81]  [T-Work-Detect_0] Run work: WorkDetect
I1014 12:15:24.141966  5860 work_detect.cpp:102] Succeeded to add det start for frame 79
I1014 12:15:24.148577  5860 work_detect.cpp:70] Frame :79 detect result :1 face(s)
W1014 12:15:24.148618  5860 work_detect.cpp:83] Invalid bbox: [130 x 149 from (267, 225)]
I1014 12:15:24.148718  5860 work_detect.cpp:120] Succeeded to add det end for frame 79
I1014 12:15:24.148736  5860 work_thread.hpp:81]  [T-Work-Detect_0] Run work: WrokTrack
I1014 12:15:24.148762  5860 work_track.cpp:102] Succeeded to set track lock for frame 79
I1014 12:15:24.148790  5860 work_track.cpp:116] Succeeded to release track lock for frame 79
I1014 12:15:24.148804  5860 work_track.cpp:120] Track results of frame 79: 0 objects input, 0 objects tracked!
I1014 12:15:24.148823  5860 work_thread.hpp:88]  [T-Work-Detect_0] Frame :79 split
